[0.007s][info][gc,init] Initializing The Z Garbage Collector
[0.008s][info][gc,init] Version: 17.0.12+7-adhoc..jdk17u (release)
[0.008s][info][gc,init] NUMA Support: Disabled
[0.008s][info][gc,init] CPUs: 6 total, 6 available
[0.008s][info][gc,init] Memory: 15591M
[0.008s][info][gc,init] Large Page Support: Disabled
[0.008s][info][gc,init] GC Workers: 2 (dynamic)
[0.008s][info][gc,init] Address Space Type: Contiguous/Unrestricted/Complete
[0.008s][info][gc,init] Address Space Size: 131072M x 3 = 393216M
[0.008s][info][gc,init] Min Capacity: 8192M
[0.008s][info][gc,init] Initial Capacity: 8192M
[0.008s][info][gc,init] Max Capacity: 8192M
[0.008s][info][gc,init] Medium Page Size: 32M
[0.008s][info][gc,init] Pre-touch: Disabled
[0.008s][info][gc,init] Uncommit: Implicitly Disabled (-Xms equals -Xmx)
[0.299s][info][gc,init] Runtime Workers: 4
[0.299s][info][gc     ] Using The Z Garbage Collector
[0.308s][info][gc,metaspace] CDS archive(s) mapped at: [0x000001a080000000-0x000001a080bc0000-0x000001a080bc0000), size 12320768, SharedBaseAddress: 0x000001a080000000, ArchiveRelocationMode: 1.
[0.308s][info][gc,metaspace] Compressed class space mapped at: 0x000001a081000000-0x000001a0c1000000, reserved size: 1073741824
[0.308s][info][gc,metaspace] Narrow klass base: 0x000001a080000000, Narrow klass shift: 0, Narrow klass range: 0x100000000
[3.833s][info][gc,start    ] GC(0) Garbage Collection (Warmup)
[3.833s][info][gc,task     ] GC(0) Using 2 workers
[3.834s][info][gc,phases   ] GC(0) Pause Mark Start 0.010ms
[3.849s][info][gc,phases   ] GC(0) Concurrent Mark 15.511ms
[3.850s][info][gc,phases   ] GC(0) Pause Mark End 0.025ms
[3.850s][info][gc,phases   ] GC(0) Concurrent Mark Free 0.001ms
[3.852s][info][gc,phases   ] GC(0) Concurrent Process Non-Strong References 1.799ms
[3.852s][info][gc,phases   ] GC(0) Concurrent Reset Relocation Set 0.007ms
[3.859s][info][gc,phases   ] GC(0) Concurrent Select Relocation Set 7.234ms
[3.859s][info][gc,phases   ] GC(0) Pause Relocate Start 0.024ms
[3.865s][info][gc,phases   ] GC(0) Concurrent Relocate 5.630ms
[3.865s][info][gc,load     ] GC(0) Load: 0.00/0.00/0.00
[3.865s][info][gc,mmu      ] GC(0) MMU: 2ms/98.8%, 5ms/99.5%, 10ms/99.5%, 20ms/99.8%, 50ms/99.9%, 100ms/99.9%
[3.865s][info][gc,marking  ] GC(0) Mark: 2 stripe(s), 2 proactive flush(es), 1 terminate flush(es), 0 completion(s), 0 continuation(s) 
[3.865s][info][gc,marking  ] GC(0) Mark Stack Usage: 32M
[3.865s][info][gc,nmethod  ] GC(0) NMethods: 1818 registered, 0 unregistered
[3.865s][info][gc,metaspace] GC(0) Metaspace: 14M used, 14M committed, 1088M reserved
[3.865s][info][gc,ref      ] GC(0) Soft: 263 encountered, 0 discovered, 0 enqueued
[3.865s][info][gc,ref      ] GC(0) Weak: 818 encountered, 615 discovered, 186 enqueued
[3.865s][info][gc,ref      ] GC(0) Final: 0 encountered, 0 discovered, 0 enqueued
[3.865s][info][gc,ref      ] GC(0) Phantom: 465 encountered, 412 discovered, 194 enqueued
[3.865s][info][gc,reloc    ] GC(0) Small Pages: 464 / 928M, Empty: 834M, Relocated: 8M, In-Place: 0
[3.865s][info][gc,reloc    ] GC(0) Medium Pages: 1 / 32M, Empty: 0M, Relocated: 0M, In-Place: 0
[3.865s][info][gc,reloc    ] GC(0) Large Pages: 0 / 0M, Empty: 0M, Relocated: 0M, In-Place: 0
[3.865s][info][gc,reloc    ] GC(0) Forwarding Usage: 2M
[3.865s][info][gc,heap     ] GC(0) Min Capacity: 8192M(100%)
[3.865s][info][gc,heap     ] GC(0) Max Capacity: 8192M(100%)
[3.865s][info][gc,heap     ] GC(0) Soft Max Capacity: 8192M(100%)
[3.865s][info][gc,heap     ] GC(0)                Mark Start          Mark End        Relocate Start      Relocate End           High               Low         
[3.865s][info][gc,heap     ] GC(0)  Capacity:     8192M (100%)       8192M (100%)       8192M (100%)       8192M (100%)       8192M (100%)       8192M (100%)   
[3.865s][info][gc,heap     ] GC(0)      Free:     7232M (88%)        7210M (88%)        8030M (98%)        8092M (99%)        8096M (99%)        7206M (88%)    
[3.865s][info][gc,heap     ] GC(0)      Used:      960M (12%)         982M (12%)         162M (2%)          100M (1%)          986M (12%)          96M (1%)     
[3.865s][info][gc,heap     ] GC(0)      Live:         -                14M (0%)           14M (0%)           14M (0%)             -                  -          
[3.865s][info][gc,heap     ] GC(0) Allocated:         -                22M (0%)           36M (0%)           53M (1%)             -                  -          
[3.865s][info][gc,heap     ] GC(0)   Garbage:         -               945M (12%)         111M (1%)           31M (0%)             -                  -          
[3.865s][info][gc,heap     ] GC(0) Reclaimed:         -                  -               834M (10%)         913M (11%)            -                  -          
[3.865s][info][gc          ] GC(0) Garbage Collection (Warmup) 960M(12%)->100M(1%)
[4.525s][info][gc,start    ] GC(1) Garbage Collection (Warmup)
[4.525s][info][gc,task     ] GC(1) Using 2 workers
[4.525s][info][gc,phases   ] GC(1) Pause Mark Start 0.010ms
[4.541s][info][gc,phases   ] GC(1) Concurrent Mark 15.473ms
[4.541s][info][gc,phases   ] GC(1) Pause Mark End 0.015ms
[4.541s][info][gc,phases   ] GC(1) Concurrent Mark Free 0.001ms
[4.543s][info][gc,phases   ] GC(1) Concurrent Process Non-Strong References 2.339ms
[4.543s][info][gc,phases   ] GC(1) Concurrent Reset Relocation Set 0.003ms
[4.546s][info][gc,phases   ] GC(1) Concurrent Select Relocation Set 2.131ms
[4.546s][info][gc,phases   ] GC(1) Pause Relocate Start 0.009ms
[4.548s][info][gc,phases   ] GC(1) Concurrent Relocate 2.251ms
[4.548s][info][gc,load     ] GC(1) Load: 0.00/0.00/0.00
[4.548s][info][gc,mmu      ] GC(1) MMU: 2ms/98.8%, 5ms/99.5%, 10ms/99.5%, 20ms/99.8%, 50ms/99.9%, 100ms/99.9%
[4.548s][info][gc,marking  ] GC(1) Mark: 2 stripe(s), 2 proactive flush(es), 1 terminate flush(es), 0 completion(s), 0 continuation(s) 
[4.548s][info][gc,marking  ] GC(1) Mark Stack Usage: 32M
[4.548s][info][gc,nmethod  ] GC(1) NMethods: 1827 registered, 0 unregistered
[4.548s][info][gc,metaspace] GC(1) Metaspace: 14M used, 14M committed, 1088M reserved
[4.548s][info][gc,ref      ] GC(1) Soft: 263 encountered, 0 discovered, 0 enqueued
[4.548s][info][gc,ref      ] GC(1) Weak: 632 encountered, 12 discovered, 0 enqueued
[4.548s][info][gc,ref      ] GC(1) Final: 0 encountered, 0 discovered, 0 enqueued
[4.548s][info][gc,ref      ] GC(1) Phantom: 271 encountered, 194 discovered, 0 enqueued
[4.548s][info][gc,reloc    ] GC(1) Small Pages: 860 / 1720M, Empty: 1700M, Relocated: 3M, In-Place: 0
[4.548s][info][gc,reloc    ] GC(1) Medium Pages: 1 / 32M, Empty: 0M, Relocated: 0M, In-Place: 0
[4.548s][info][gc,reloc    ] GC(1) Large Pages: 0 / 0M, Empty: 0M, Relocated: 0M, In-Place: 0
[4.548s][info][gc,reloc    ] GC(1) Forwarding Usage: 1M
[4.548s][info][gc,heap     ] GC(1) Min Capacity: 8192M(100%)
[4.548s][info][gc,heap     ] GC(1) Max Capacity: 8192M(100%)
[4.548s][info][gc,heap     ] GC(1) Soft Max Capacity: 8192M(100%)
[4.548s][info][gc,heap     ] GC(1)                Mark Start          Mark End        Relocate Start      Relocate End           High               Low         
[4.548s][info][gc,heap     ] GC(1)  Capacity:     8192M (100%)       8192M (100%)       8192M (100%)       8192M (100%)       8192M (100%)       8192M (100%)   
[4.548s][info][gc,heap     ] GC(1)      Free:     6440M (79%)        6414M (78%)        8106M (99%)        8106M (99%)        8106M (99%)        6410M (78%)    
[4.548s][info][gc,heap     ] GC(1)      Used:     1752M (21%)        1778M (22%)          86M (1%)           86M (1%)         1782M (22%)          86M (1%)     
[4.548s][info][gc,heap     ] GC(1)      Live:         -                14M (0%)           14M (0%)           14M (0%)             -                  -          
[4.548s][info][gc,heap     ] GC(1) Allocated:         -                26M (0%)           34M (0%)           41M (1%)             -                  -          
[4.548s][info][gc,heap     ] GC(1)   Garbage:         -              1737M (21%)          37M (0%)           29M (0%)             -                  -          
[4.548s][info][gc,heap     ] GC(1) Reclaimed:         -                  -              1700M (21%)        1707M (21%)            -                  -          
[4.549s][info][gc          ] GC(1) Garbage Collection (Warmup) 1752M(21%)->86M(1%)
[5.530s][info][gc,start    ] GC(2) Garbage Collection (Warmup)
[5.530s][info][gc,task     ] GC(2) Using 2 workers
[5.530s][info][gc,phases   ] GC(2) Pause Mark Start 0.012ms
[5.546s][info][gc,phases   ] GC(2) Concurrent Mark 15.576ms
[5.546s][info][gc,phases   ] GC(2) Pause Mark End 0.020ms
[5.546s][info][gc,phases   ] GC(2) Concurrent Mark Free 0.002ms
[5.549s][info][gc,phases   ] GC(2) Concurrent Process Non-Strong References 2.041ms
[5.549s][info][gc,phases   ] GC(2) Concurrent Reset Relocation Set 0.001ms
[5.551s][info][gc,phases   ] GC(2) Concurrent Select Relocation Set 2.039ms
[5.551s][info][gc,phases   ] GC(2) Pause Relocate Start 0.008ms
[5.552s][info][gc,phases   ] GC(2) Concurrent Relocate 1.348ms
[5.552s][info][gc,load     ] GC(2) Load: 0.00/0.00/0.00
[5.552s][info][gc,mmu      ] GC(2) MMU: 2ms/98.8%, 5ms/99.4%, 10ms/99.5%, 20ms/99.8%, 50ms/99.9%, 100ms/99.9%
[5.552s][info][gc,marking  ] GC(2) Mark: 2 stripe(s), 2 proactive flush(es), 1 terminate flush(es), 0 completion(s), 0 continuation(s) 
[5.552s][info][gc,marking  ] GC(2) Mark Stack Usage: 32M
[5.552s][info][gc,nmethod  ] GC(2) NMethods: 1833 registered, 0 unregistered
[5.552s][info][gc,metaspace] GC(2) Metaspace: 14M used, 14M committed, 1088M reserved
[5.552s][info][gc,ref      ] GC(2) Soft: 263 encountered, 0 discovered, 0 enqueued
[5.552s][info][gc,ref      ] GC(2) Weak: 632 encountered, 16 discovered, 0 enqueued
[5.552s][info][gc,ref      ] GC(2) Final: 0 encountered, 0 discovered, 0 enqueued
[5.552s][info][gc,ref      ] GC(2) Phantom: 319 encountered, 165 discovered, 0 enqueued
[5.552s][info][gc,reloc    ] GC(2) Small Pages: 1255 / 2510M, Empty: 2444M, Relocated: 1M, In-Place: 0
[5.552s][info][gc,reloc    ] GC(2) Medium Pages: 1 / 32M, Empty: 0M, Relocated: 0M, In-Place: 0
[5.552s][info][gc,reloc    ] GC(2) Large Pages: 0 / 0M, Empty: 0M, Relocated: 0M, In-Place: 0
[5.552s][info][gc,reloc    ] GC(2) Forwarding Usage: 0M
[5.552s][info][gc,heap     ] GC(2) Min Capacity: 8192M(100%)
[5.552s][info][gc,heap     ] GC(2) Max Capacity: 8192M(100%)
[5.552s][info][gc,heap     ] GC(2) Soft Max Capacity: 8192M(100%)
[5.552s][info][gc,heap     ] GC(2)                Mark Start          Mark End        Relocate Start      Relocate End           High               Low         
[5.552s][info][gc,heap     ] GC(2)  Capacity:     8192M (100%)       8192M (100%)       8192M (100%)       8192M (100%)       8192M (100%)       8192M (100%)   
[5.552s][info][gc,heap     ] GC(2)      Free:     5650M (69%)        5628M (69%)        8066M (98%)        8114M (99%)        8116M (99%)        5626M (69%)    
[5.552s][info][gc,heap     ] GC(2)      Used:     2542M (31%)        2564M (31%)         126M (2%)           78M (1%)         2566M (31%)          76M (1%)     
[5.552s][info][gc,heap     ] GC(2)      Live:         -                14M (0%)           14M (0%)           14M (0%)             -                  -          
[5.552s][info][gc,heap     ] GC(2) Allocated:         -                22M (0%)           28M (0%)           31M (0%)             -                  -          
[5.552s][info][gc,heap     ] GC(2)   Garbage:         -              2527M (31%)          83M (1%)           31M (0%)             -                  -          
[5.552s][info][gc,heap     ] GC(2) Reclaimed:         -                  -              2444M (30%)        2495M (30%)            -                  -          
[5.552s][info][gc          ] GC(2) Garbage Collection (Warmup) 2542M(31%)->78M(1%)
[7.133s][info][gc,start    ] GC(3) Garbage Collection (Proactive)
[7.134s][info][gc,task     ] GC(3) Using 2 workers
[7.134s][info][gc,phases   ] GC(3) Pause Mark Start 0.008ms
[7.150s][info][gc,phases   ] GC(3) Concurrent Mark 15.769ms
[7.150s][info][gc,phases   ] GC(3) Pause Mark End 0.017ms
[7.150s][info][gc,phases   ] GC(3) Concurrent Mark Free 0.002ms
[7.152s][info][gc,phases   ] GC(3) Concurrent Process Non-Strong References 2.479ms
[7.152s][info][gc,phases   ] GC(3) Concurrent Reset Relocation Set 0.002ms
[7.155s][info][gc,phases   ] GC(3) Concurrent Select Relocation Set 2.432ms
[7.155s][info][gc,phases   ] GC(3) Pause Relocate Start 0.009ms
[7.157s][info][gc,phases   ] GC(3) Concurrent Relocate 2.000ms
[7.157s][info][gc,load     ] GC(3) Load: 0.00/0.00/0.00
[7.157s][info][gc,mmu      ] GC(3) MMU: 2ms/98.8%, 5ms/99.4%, 10ms/99.5%, 20ms/99.8%, 50ms/99.9%, 100ms/99.9%
[7.157s][info][gc,marking  ] GC(3) Mark: 2 stripe(s), 3 proactive flush(es), 1 terminate flush(es), 0 completion(s), 0 continuation(s) 
[7.157s][info][gc,marking  ] GC(3) Mark Stack Usage: 32M
[7.157s][info][gc,nmethod  ] GC(3) NMethods: 1848 registered, 0 unregistered
[7.157s][info][gc,metaspace] GC(3) Metaspace: 14M used, 14M committed, 1088M reserved
[7.157s][info][gc,ref      ] GC(3) Soft: 263 encountered, 0 discovered, 0 enqueued
[7.157s][info][gc,ref      ] GC(3) Weak: 632 encountered, 12 discovered, 0 enqueued
[7.157s][info][gc,ref      ] GC(3) Final: 0 encountered, 0 discovered, 0 enqueued
[7.157s][info][gc,ref      ] GC(3) Phantom: 483 encountered, 340 discovered, 0 enqueued
[7.157s][info][gc,reloc    ] GC(3) Small Pages: 1827 / 3654M, Empty: 3472M, Relocated: 1M, In-Place: 0
[7.157s][info][gc,reloc    ] GC(3) Medium Pages: 1 / 32M, Empty: 0M, Relocated: 0M, In-Place: 0
[7.157s][info][gc,reloc    ] GC(3) Large Pages: 0 / 0M, Empty: 0M, Relocated: 0M, In-Place: 0
[7.157s][info][gc,reloc    ] GC(3) Forwarding Usage: 0M
[7.157s][info][gc,heap     ] GC(3) Min Capacity: 8192M(100%)
[7.157s][info][gc,heap     ] GC(3) Max Capacity: 8192M(100%)
[7.157s][info][gc,heap     ] GC(3) Soft Max Capacity: 8192M(100%)
[7.157s][info][gc,heap     ] GC(3)                Mark Start          Mark End        Relocate Start      Relocate End           High               Low         
[7.157s][info][gc,heap     ] GC(3)  Capacity:     8192M (100%)       8192M (100%)       8192M (100%)       8192M (100%)       8192M (100%)       8192M (100%)   
[7.157s][info][gc,heap     ] GC(3)      Free:     4506M (55%)        4480M (55%)        7944M (97%)        8106M (99%)        8110M (99%)        4476M (55%)    
[7.157s][info][gc,heap     ] GC(3)      Used:     3686M (45%)        3712M (45%)         248M (3%)           86M (1%)         3716M (45%)          82M (1%)     
[7.157s][info][gc,heap     ] GC(3)      Live:         -                14M (0%)           14M (0%)           14M (0%)             -                  -          
[7.157s][info][gc,heap     ] GC(3) Allocated:         -                26M (0%)           34M (0%)           39M (0%)             -                  -          
[7.157s][info][gc,heap     ] GC(3)   Garbage:         -              3671M (45%)         199M (2%)           31M (0%)             -                  -          
[7.158s][info][gc,heap     ] GC(3) Reclaimed:         -                  -              3472M (42%)        3639M (44%)            -                  -          
[7.158s][info][gc          ] GC(3) Garbage Collection (Proactive) 3686M(45%)->86M(1%)
[7.823s][info][gc,start    ] GC(4) Garbage Collection (Metadata GC Threshold)
[7.823s][info][gc,task     ] GC(4) Using 2 workers
[7.840s][info][gc,phases   ] GC(4) Pause Mark Start 0.018ms
[7.856s][info][gc,phases   ] GC(4) Concurrent Mark 15.429ms
[7.856s][info][gc,phases   ] GC(4) Pause Mark End 0.013ms
[7.856s][info][gc,phases   ] GC(4) Concurrent Mark Free 0.001ms
[7.859s][info][gc,phases   ] GC(4) Concurrent Process Non-Strong References 2.530ms
[7.859s][info][gc,phases   ] GC(4) Concurrent Reset Relocation Set 0.005ms
[7.861s][info][gc,phases   ] GC(4) Concurrent Select Relocation Set 1.899ms
[7.861s][info][gc,phases   ] GC(4) Pause Relocate Start 0.006ms
[7.864s][info][gc,phases   ] GC(4) Concurrent Relocate 3.665ms
[7.864s][info][gc,load     ] GC(4) Load: 0.00/0.00/0.00
[7.864s][info][gc,mmu      ] GC(4) MMU: 2ms/98.8%, 5ms/99.4%, 10ms/99.5%, 20ms/99.8%, 50ms/99.9%, 100ms/99.9%
[7.864s][info][gc,marking  ] GC(4) Mark: 2 stripe(s), 2 proactive flush(es), 1 terminate flush(es), 0 completion(s), 0 continuation(s) 
[7.865s][info][gc,marking  ] GC(4) Mark Stack Usage: 32M
[7.865s][info][gc,nmethod  ] GC(4) NMethods: 2376 registered, 0 unregistered
[7.865s][info][gc,metaspace] GC(4) Metaspace: 23M used, 24M committed, 1088M reserved
[7.865s][info][gc,ref      ] GC(4) Soft: 634 encountered, 0 discovered, 0 enqueued
[7.865s][info][gc,ref      ] GC(4) Weak: 1234 encountered, 434 discovered, 149 enqueued
[7.865s][info][gc,ref      ] GC(4) Final: 2 encountered, 1 discovered, 0 enqueued
[7.865s][info][gc,ref      ] GC(4) Phantom: 806 encountered, 746 discovered, 211 enqueued
[7.865s][info][gc,reloc    ] GC(4) Small Pages: 136 / 272M, Empty: 222M, Relocated: 2M, In-Place: 0
[7.865s][info][gc,reloc    ] GC(4) Medium Pages: 2 / 64M, Empty: 0M, Relocated: 7M, In-Place: 0
[7.865s][info][gc,reloc    ] GC(4) Large Pages: 0 / 0M, Empty: 0M, Relocated: 0M, In-Place: 0
[7.865s][info][gc,reloc    ] GC(4) Forwarding Usage: 0M
[7.865s][info][gc,heap     ] GC(4) Min Capacity: 8192M(100%)
[7.865s][info][gc,heap     ] GC(4) Max Capacity: 8192M(100%)
[7.865s][info][gc,heap     ] GC(4) Soft Max Capacity: 8192M(100%)
[7.865s][info][gc,heap     ] GC(4)                Mark Start          Mark End        Relocate Start      Relocate End           High               Low         
[7.865s][info][gc,heap     ] GC(4)  Capacity:     8192M (100%)       8192M (100%)       8192M (100%)       8192M (100%)       8192M (100%)       8192M (100%)   
[7.865s][info][gc,heap     ] GC(4)      Free:     7856M (96%)        7852M (96%)        8074M (99%)        8138M (99%)        8138M (99%)        7852M (96%)    
[7.865s][info][gc,heap     ] GC(4)      Used:      336M (4%)          340M (4%)          118M (1%)           54M (1%)          340M (4%)           54M (1%)     
[7.865s][info][gc,heap     ] GC(4)      Live:         -                21M (0%)           21M (0%)           21M (0%)             -                  -          
[7.865s][info][gc,heap     ] GC(4) Allocated:         -                 4M (0%)            4M (0%)            5M (0%)             -                  -          
[7.865s][info][gc,heap     ] GC(4)   Garbage:         -               314M (4%)           92M (1%)           26M (0%)             -                  -          
[7.865s][info][gc,heap     ] GC(4) Reclaimed:         -                  -               222M (3%)          287M (4%)             -                  -          
[7.865s][info][gc          ] GC(4) Garbage Collection (Metadata GC Threshold) 336M(4%)->54M(1%)
[10.325s][info][gc,stats    ] === Garbage Collection Statistics =======================================================================================================================
[10.325s][info][gc,stats    ]                                                              Last 10s              Last 10m              Last 10h                Total
[10.325s][info][gc,stats    ]                                                              Avg / Max             Avg / Max             Avg / Max             Avg / Max
[10.325s][info][gc,stats    ]   Collector: Garbage Collection Cycle                     28.320 / 41.045       28.320 / 41.045       28.320 / 41.045       28.320 / 41.045      ms
[10.325s][info][gc,stats    ]  Contention: Mark Segment Reset Contention                     0 / 1                 0 / 1                 0 / 1                 0 / 1           ops/s
[10.325s][info][gc,stats    ]  Contention: Mark SeqNum Reset Contention                      0 / 1                 0 / 1                 0 / 1                 0 / 1           ops/s
[10.325s][info][gc,stats    ]    Critical: Allocation Stall                                  0 / 0                 0 / 0                 0 / 0                 0 / 0           ops/s
[10.325s][info][gc,stats    ]    Critical: Allocation Stall                              0.000 / 0.000         0.000 / 0.000         0.000 / 0.000         0.000 / 0.000       ms
[10.325s][info][gc,stats    ]    Critical: GC Locker Stall                                   0 / 0                 0 / 0                 0 / 0                 0 / 0           ops/s
[10.325s][info][gc,stats    ]    Critical: GC Locker Stall                               0.000 / 0.000         0.000 / 0.000         0.000 / 0.000         0.000 / 0.000       ms
[10.325s][info][gc,stats    ]    Critical: Relocation Stall                                  0 / 0                 0 / 0                 0 / 0                 0 / 0           ops/s
[10.325s][info][gc,stats    ]    Critical: Relocation Stall                              0.000 / 0.000         0.000 / 0.000         0.000 / 0.000         0.000 / 0.000       ms
[10.325s][info][gc,stats    ]      Memory: Allocation Rate                                1030 / 2548           1030 / 2548           1030 / 2548           1030 / 2548        MB/s
[10.325s][info][gc,stats    ]      Memory: Out Of Memory                                     0 / 0                 0 / 0                 0 / 0                 0 / 0           ops/s
[10.325s][info][gc,stats    ]      Memory: Page Cache Flush                                  0 / 0                 0 / 0                 0 / 0                 0 / 0           MB/s
[10.325s][info][gc,stats    ]      Memory: Page Cache Hit L1                               312 / 1095            312 / 1095            312 / 1095            312 / 1095        ops/s
[10.325s][info][gc,stats    ]      Memory: Page Cache Hit L2                                 0 / 0                 0 / 0                 0 / 0                 0 / 0           ops/s
[10.325s][info][gc,stats    ]      Memory: Page Cache Hit L3                               187 / 635             187 / 635             187 / 635             187 / 635         ops/s
[10.325s][info][gc,stats    ]      Memory: Page Cache Miss                                   0 / 1                 0 / 1                 0 / 1                 0 / 1           ops/s
[10.325s][info][gc,stats    ]      Memory: Uncommit                                          0 / 0                 0 / 0                 0 / 0                 0 / 0           MB/s
[10.325s][info][gc,stats    ]      Memory: Undo Object Allocation Failed                     0 / 0                 0 / 0                 0 / 0                 0 / 0           ops/s
[10.325s][info][gc,stats    ]      Memory: Undo Object Allocation Succeeded                  0 / 0                 0 / 0                 0 / 0                 0 / 0           ops/s
[10.325s][info][gc,stats    ]      Memory: Undo Page Allocation                              0 / 0                 0 / 0                 0 / 0                 0 / 0           ops/s
[10.325s][info][gc,stats    ]       Phase: Concurrent Mark                              15.552 / 15.769       15.552 / 15.769       15.552 / 15.769       15.552 / 15.769      ms
[10.325s][info][gc,stats    ]       Phase: Concurrent Mark Continue                      0.000 / 0.000         0.000 / 0.000         0.000 / 0.000         0.000 / 0.000       ms
[10.325s][info][gc,stats    ]       Phase: Concurrent Mark Free                          0.001 / 0.002         0.001 / 0.002         0.001 / 0.002         0.001 / 0.002       ms
[10.325s][info][gc,stats    ]       Phase: Concurrent Process Non-Strong References      2.237 / 2.530         2.237 / 2.530         2.237 / 2.530         2.237 / 2.530       ms
[10.325s][info][gc,stats    ]       Phase: Concurrent Relocate                           2.979 / 5.630         2.979 / 5.630         2.979 / 5.630         2.979 / 5.630       ms
[10.325s][info][gc,stats    ]       Phase: Concurrent Reset Relocation Set               0.004 / 0.007         0.004 / 0.007         0.004 / 0.007         0.004 / 0.007       ms
[10.325s][info][gc,stats    ]       Phase: Concurrent Select Relocation Set              3.147 / 7.234         3.147 / 7.234         3.147 / 7.234         3.147 / 7.234       ms
[10.325s][info][gc,stats    ]       Phase: Pause Mark End                                0.018 / 0.025         0.018 / 0.025         0.018 / 0.025         0.018 / 0.025       ms
[10.325s][info][gc,stats    ]       Phase: Pause Mark Start                              0.012 / 0.018         0.012 / 0.018         0.012 / 0.018         0.012 / 0.018       ms
[10.325s][info][gc,stats    ]       Phase: Pause Relocate Start                          0.011 / 0.024         0.011 / 0.024         0.011 / 0.024         0.011 / 0.024       ms
[10.325s][info][gc,stats    ]    Subphase: Concurrent Classes Purge                      0.113 / 0.123         0.113 / 0.123         0.113 / 0.123         0.113 / 0.123       ms
[10.325s][info][gc,stats    ]    Subphase: Concurrent Classes Unlink                     1.527 / 1.917         1.527 / 1.917         1.527 / 1.917         1.527 / 1.917       ms
[10.325s][info][gc,stats    ]    Subphase: Concurrent Mark                              12.647 / 15.035       12.647 / 15.035       12.647 / 15.035       12.647 / 15.035      ms
[10.325s][info][gc,stats    ]    Subphase: Concurrent Mark Try Flush                     0.092 / 0.240         0.092 / 0.240         0.092 / 0.240         0.092 / 0.240       ms
[10.325s][info][gc,stats    ]    Subphase: Concurrent Mark Try Terminate                 1.976 / 8.027         1.976 / 8.027         1.976 / 8.027         1.976 / 8.027       ms
[10.325s][info][gc,stats    ]    Subphase: Concurrent References Enqueue                 0.002 / 0.006         0.002 / 0.006         0.002 / 0.006         0.002 / 0.006       ms
[10.325s][info][gc,stats    ]    Subphase: Concurrent References Process                 0.142 / 0.184         0.142 / 0.184         0.142 / 0.184         0.142 / 0.184       ms
[10.325s][info][gc,stats    ]    Subphase: Concurrent Roots ClassLoaderDataGraph         0.173 / 0.537         0.173 / 0.537         0.173 / 0.537         0.173 / 0.537       ms
[10.325s][info][gc,stats    ]    Subphase: Concurrent Roots CodeCache                    0.000 / 0.000         0.000 / 0.000         0.000 / 0.000         0.000 / 0.000       ms
[10.325s][info][gc,stats    ]    Subphase: Concurrent Roots JavaThreads                  0.395 / 1.258         0.395 / 1.258         0.395 / 1.258         0.395 / 1.258       ms
[10.325s][info][gc,stats    ]    Subphase: Concurrent Roots OopStorageSet                0.046 / 0.124         0.046 / 0.124         0.046 / 0.124         0.046 / 0.124       ms
[10.325s][info][gc,stats    ]    Subphase: Concurrent Weak Roots OopStorageSet           0.281 / 0.452         0.281 / 0.452         0.281 / 0.452         0.281 / 0.452       ms
[10.325s][info][gc,stats    ]    Subphase: Pause Mark Try Complete                       0.000 / 0.000         0.000 / 0.000         0.000 / 0.000         0.000 / 0.000       ms
[10.326s][info][gc,stats    ]      System: Java Threads                                     12 / 13               12 / 13               12 / 13               12 / 13          threads
[10.326s][info][gc,stats    ] =========================================================================================================================================================
[11.032s][info][gc,start    ] GC(5) Garbage Collection (Proactive)
[11.032s][info][gc,task     ] GC(5) Using 2 workers
[11.032s][info][gc,phases   ] GC(5) Pause Mark Start 0.012ms
[11.110s][info][gc,phases   ] GC(5) Concurrent Mark 77.438ms
[11.110s][info][gc,phases   ] GC(5) Pause Mark End 0.351ms
[11.125s][info][gc,phases   ] GC(5) Concurrent Mark Continue 14.943ms
[11.126s][info][gc,phases   ] GC(5) Pause Mark End 0.318ms
[11.141s][info][gc,phases   ] GC(5) Concurrent Mark Continue 15.120ms
[11.142s][info][gc,phases   ] GC(5) Pause Mark End 0.320ms
[11.157s][info][gc,phases   ] GC(5) Concurrent Mark Continue 14.978ms
[11.157s][info][gc,phases   ] GC(5) Pause Mark End 0.292ms
[11.173s][info][gc,phases   ] GC(5) Concurrent Mark Continue 15.380ms
[11.173s][info][gc,phases   ] GC(5) Pause Mark End 0.383ms
[11.188s][info][gc,phases   ] GC(5) Concurrent Mark Continue 14.948ms
[11.189s][info][gc,phases   ] GC(5) Pause Mark End 0.340ms
[11.204s][info][gc,phases   ] GC(5) Concurrent Mark Continue 15.068ms
[11.204s][info][gc,phases   ] GC(5) Pause Mark End 0.390ms
[11.219s][info][gc,phases   ] GC(5) Concurrent Mark Continue 14.956ms
[11.220s][info][gc,phases   ] GC(5) Pause Mark End 0.335ms
[11.235s][info][gc,phases   ] GC(5) Concurrent Mark Continue 15.152ms
[11.236s][info][gc,phases   ] GC(5) Pause Mark End 0.341ms
[11.251s][info][gc,phases   ] GC(5) Concurrent Mark Continue 15.024ms
[11.251s][info][gc,phases   ] GC(5) Pause Mark End 0.356ms
[11.267s][info][gc,phases   ] GC(5) Concurrent Mark Continue 15.358ms
[11.267s][info][gc,phases   ] GC(5) Pause Mark End 0.329ms
[11.282s][info][gc,phases   ] GC(5) Concurrent Mark Continue 15.065ms
[11.283s][info][gc,phases   ] GC(5) Pause Mark End 0.341ms
[11.298s][info][gc,phases   ] GC(5) Concurrent Mark Continue 15.080ms
[11.299s][info][gc,phases   ] GC(5) Pause Mark End 0.344ms
[11.313s][info][gc,phases   ] GC(5) Concurrent Mark Continue 14.735ms
[11.314s][info][gc,phases   ] GC(5) Pause Mark End 0.380ms
[11.329s][info][gc,phases   ] GC(5) Concurrent Mark Continue 14.602ms
[11.329s][info][gc,phases   ] GC(5) Pause Mark End 0.368ms
[11.345s][info][gc,phases   ] GC(5) Concurrent Mark Continue 15.316ms
[11.346s][info][gc,phases   ] GC(5) Pause Mark End 0.259ms
[11.346s][info][gc,phases   ] GC(5) Concurrent Mark Free 0.001ms
[11.351s][info][gc,phases   ] GC(5) Concurrent Process Non-Strong References 5.247ms
[11.351s][info][gc,phases   ] GC(5) Concurrent Reset Relocation Set 0.004ms
[11.358s][info][gc,phases   ] GC(5) Concurrent Select Relocation Set 6.539ms
[11.376s][info][gc,phases   ] GC(5) Pause Relocate Start 0.017ms
[11.411s][info][gc,phases   ] GC(5) Concurrent Relocate 34.759ms
[11.411s][info][gc,load     ] GC(5) Load: 0.00/0.00/0.00
[11.411s][info][gc,mmu      ] GC(5) MMU: 2ms/80.5%, 5ms/92.2%, 10ms/96.1%, 20ms/96.3%, 50ms/97.1%, 100ms/97.5%
[11.411s][info][gc,marking  ] GC(5) Mark: 2 stripe(s), 94 proactive flush(es), 33 terminate flush(es), 16 completion(s), 15 continuation(s) 
[11.411s][info][gc,marking  ] GC(5) Mark Stack Usage: 32M
[11.411s][info][gc,nmethod  ] GC(5) NMethods: 4037 registered, 937 unregistered
[11.411s][info][gc,metaspace] GC(5) Metaspace: 33M used, 33M committed, 1088M reserved
[11.411s][info][gc,ref      ] GC(5) Soft: 4011 encountered, 0 discovered, 0 enqueued
[11.411s][info][gc,ref      ] GC(5) Weak: 21521 encountered, 19142 discovered, 348 enqueued
[11.411s][info][gc,ref      ] GC(5) Final: 9 encountered, 3 discovered, 2 enqueued
[11.411s][info][gc,ref      ] GC(5) Phantom: 850 encountered, 759 discovered, 234 enqueued
[11.411s][info][gc,reloc    ] GC(5) Small Pages: 632 / 1264M, Empty: 352M, Relocated: 57M, In-Place: 0
[11.411s][info][gc,reloc    ] GC(5) Medium Pages: 11 / 352M, Empty: 256M, Relocated: 14M, In-Place: 0
[11.411s][info][gc,reloc    ] GC(5) Large Pages: 46 / 276M, Empty: 270M, Relocated: 0M, In-Place: 0
[11.411s][info][gc,reloc    ] GC(5) Forwarding Usage: 18M
[11.411s][info][gc,heap     ] GC(5) Min Capacity: 8192M(100%)
[11.411s][info][gc,heap     ] GC(5) Max Capacity: 8192M(100%)
[11.411s][info][gc,heap     ] GC(5) Soft Max Capacity: 8192M(100%)
[11.411s][info][gc,heap     ] GC(5)                Mark Start          Mark End        Relocate Start      Relocate End           High               Low         
[11.411s][info][gc,heap     ] GC(5)  Capacity:     8192M (100%)       8192M (100%)       8192M (100%)       8192M (100%)       8192M (100%)       8192M (100%)   
[11.411s][info][gc,heap     ] GC(5)      Free:     6300M (77%)        6058M (74%)        6930M (85%)        7814M (95%)        7814M (95%)        6056M (74%)    
[11.411s][info][gc,heap     ] GC(5)      Used:     1892M (23%)        2134M (26%)        1262M (15%)         378M (5%)         2136M (26%)         378M (5%)     
[11.411s][info][gc,heap     ] GC(5)      Live:         -                87M (1%)           87M (1%)           87M (1%)             -                  -          
[11.411s][info][gc,heap     ] GC(5) Allocated:         -               242M (3%)          248M (3%)          269M (3%)             -                  -          
[11.412s][info][gc,heap     ] GC(5)   Garbage:         -              1804M (22%)         926M (11%)          21M (0%)             -                  -          
[11.412s][info][gc,heap     ] GC(5) Reclaimed:         -                  -               878M (11%)        1783M (22%)            -                  -          
[11.412s][info][gc          ] GC(5) Garbage Collection (Proactive) 1892M(23%)->378M(5%)
[11.738s][info][gc,start    ] GC(6) Garbage Collection (System.gc())
[11.738s][info][gc,task     ] GC(6) Using 2 workers
[11.738s][info][gc,phases   ] GC(6) Pause Mark Start 0.007ms
[11.784s][info][gc,phases   ] GC(6) Concurrent Mark 45.648ms
[11.784s][info][gc,phases   ] GC(6) Pause Mark End 0.015ms
[11.784s][info][gc,phases   ] GC(6) Concurrent Mark Free 0.001ms
[11.790s][info][gc,phases   ] GC(6) Concurrent Process Non-Strong References 5.354ms
[11.790s][info][gc,phases   ] GC(6) Concurrent Reset Relocation Set 0.034ms
[11.793s][info][gc,phases   ] GC(6) Concurrent Select Relocation Set 3.052ms
[11.793s][info][gc,phases   ] GC(6) Pause Relocate Start 0.010ms
[11.804s][info][gc,phases   ] GC(6) Concurrent Relocate 11.117ms
[11.804s][info][gc,load     ] GC(6) Load: 0.00/0.00/0.00
[11.804s][info][gc,mmu      ] GC(6) MMU: 2ms/80.5%, 5ms/92.2%, 10ms/96.1%, 20ms/96.3%, 50ms/97.1%, 100ms/97.5%
[11.804s][info][gc,marking  ] GC(6) Mark: 2 stripe(s), 1 proactive flush(es), 1 terminate flush(es), 0 completion(s), 0 continuation(s) 
[11.804s][info][gc,marking  ] GC(6) Mark Stack Usage: 32M
[11.804s][info][gc,nmethod  ] GC(6) NMethods: 4057 registered, 937 unregistered
[11.804s][info][gc,metaspace] GC(6) Metaspace: 33M used, 33M committed, 1088M reserved
[11.804s][info][gc,ref      ] GC(6) Soft: 4013 encountered, 0 discovered, 0 enqueued
[11.804s][info][gc,ref      ] GC(6) Weak: 22151 encountered, 20712 discovered, 20449 enqueued
[11.804s][info][gc,ref      ] GC(6) Final: 7 encountered, 0 discovered, 0 enqueued
[11.804s][info][gc,ref      ] GC(6) Phantom: 617 encountered, 539 discovered, 1 enqueued
[11.804s][info][gc,reloc    ] GC(6) Small Pages: 207 / 414M, Empty: 70M, Relocated: 17M, In-Place: 0
[11.804s][info][gc,reloc    ] GC(6) Medium Pages: 6 / 192M, Empty: 96M, Relocated: 13M, In-Place: 0
[11.804s][info][gc,reloc    ] GC(6) Large Pages: 22 / 132M, Empty: 132M, Relocated: 0M, In-Place: 0
[11.804s][info][gc,reloc    ] GC(6) Forwarding Usage: 5M
[11.804s][info][gc,heap     ] GC(6) Min Capacity: 8192M(100%)
[11.804s][info][gc,heap     ] GC(6) Max Capacity: 8192M(100%)
[11.804s][info][gc,heap     ] GC(6) Soft Max Capacity: 8192M(100%)
[11.804s][info][gc,heap     ] GC(6)                Mark Start          Mark End        Relocate Start      Relocate End           High               Low         
[11.805s][info][gc,heap     ] GC(6)  Capacity:     8192M (100%)       8192M (100%)       8192M (100%)       8192M (100%)       8192M (100%)       8192M (100%)   
[11.805s][info][gc,heap     ] GC(6)      Free:     7454M (91%)        7454M (91%)        7752M (95%)        8126M (99%)        8126M (99%)        7454M (91%)    
[11.805s][info][gc,heap     ] GC(6)      Used:      738M (9%)          738M (9%)          440M (5%)           66M (1%)          738M (9%)           66M (1%)     
[11.805s][info][gc,heap     ] GC(6)      Live:         -                40M (0%)           40M (0%)           40M (0%)             -                  -          
[11.805s][info][gc,heap     ] GC(6) Allocated:         -                 0M (0%)            0M (0%)            5M (0%)             -                  -          
[11.805s][info][gc,heap     ] GC(6)   Garbage:         -               697M (9%)          399M (5%)           19M (0%)             -                  -          
[11.805s][info][gc,heap     ] GC(6) Reclaimed:         -                  -               298M (4%)          677M (8%)             -                  -          
[11.805s][info][gc          ] GC(6) Garbage Collection (System.gc()) 738M(9%)->66M(1%)
[12.328s][info][gc,start    ] GC(7) Garbage Collection (Allocation Rate)
[12.328s][info][gc,task     ] GC(7) Using 2 workers
[12.328s][info][gc,phases   ] GC(7) Pause Mark Start 0.007ms
[12.422s][info][gc,phases   ] GC(7) Concurrent Mark 93.839ms
[12.423s][info][gc,phases   ] GC(7) Pause Mark End 0.017ms
[12.438s][info][gc,phases   ] GC(7) Concurrent Mark Free 0.003ms
[12.449s][info][gc,phases   ] GC(7) Concurrent Process Non-Strong References 10.300ms
[12.449s][info][gc,phases   ] GC(7) Concurrent Reset Relocation Set 0.016ms
[12.453s][info][gc,phases   ] GC(7) Concurrent Select Relocation Set 3.914ms
[12.453s][info][gc,phases   ] GC(7) Pause Relocate Start 0.010ms
[12.454s][info][gc,phases   ] GC(7) Concurrent Relocate 1.282ms
[12.454s][info][gc,load     ] GC(7) Load: 0.00/0.00/0.00
[12.454s][info][gc,mmu      ] GC(7) MMU: 2ms/80.5%, 5ms/92.2%, 10ms/96.1%, 20ms/96.3%, 50ms/97.1%, 100ms/97.5%
[12.454s][info][gc,marking  ] GC(7) Mark: 2 stripe(s), 2 proactive flush(es), 1 terminate flush(es), 0 completion(s), 0 continuation(s) 
[12.454s][info][gc,marking  ] GC(7) Mark Stack Usage: 32M
[12.454s][info][gc,nmethod  ] GC(7) NMethods: 4138 registered, 937 unregistered
[12.454s][info][gc,metaspace] GC(7) Metaspace: 33M used, 33M committed, 1088M reserved
[12.454s][info][gc,ref      ] GC(7) Soft: 4013 encountered, 0 discovered, 0 enqueued
[12.454s][info][gc,ref      ] GC(7) Weak: 1722 encountered, 1120 discovered, 0 enqueued
[12.454s][info][gc,ref      ] GC(7) Final: 7 encountered, 2 discovered, 0 enqueued
[12.454s][info][gc,ref      ] GC(7) Phantom: 616 encountered, 546 discovered, 0 enqueued
[12.454s][info][gc,reloc    ] GC(7) Small Pages: 1597 / 3194M, Empty: 3146M, Relocated: 1M, In-Place: 0
[12.454s][info][gc,reloc    ] GC(7) Medium Pages: 1 / 32M, Empty: 0M, Relocated: 0M, In-Place: 0
[12.454s][info][gc,reloc    ] GC(7) Large Pages: 0 / 0M, Empty: 0M, Relocated: 0M, In-Place: 0
[12.454s][info][gc,reloc    ] GC(7) Forwarding Usage: 0M
[12.454s][info][gc,heap     ] GC(7) Min Capacity: 8192M(100%)
[12.454s][info][gc,heap     ] GC(7) Max Capacity: 8192M(100%)
[12.454s][info][gc,heap     ] GC(7) Soft Max Capacity: 8192M(100%)
[12.454s][info][gc,heap     ] GC(7)                Mark Start          Mark End        Relocate Start      Relocate End           High               Low         
[12.454s][info][gc,heap     ] GC(7)  Capacity:     8192M (100%)       8192M (100%)       8192M (100%)       8192M (100%)       8192M (100%)       8192M (100%)   
[12.454s][info][gc,heap     ] GC(7)      Free:     4966M (61%)        4532M (55%)        7534M (92%)        7546M (92%)        7550M (92%)        4408M (54%)    
[12.454s][info][gc,heap     ] GC(7)      Used:     3226M (39%)        3660M (45%)         658M (8%)          646M (8%)         3784M (46%)         642M (8%)     
[12.454s][info][gc,heap     ] GC(7)      Live:         -                40M (0%)           40M (0%)           40M (0%)             -                  -          
[12.454s][info][gc,heap     ] GC(7) Allocated:         -               434M (5%)          578M (7%)          583M (7%)             -                  -          
[12.454s][info][gc,heap     ] GC(7)   Garbage:         -              3185M (39%)          39M (0%)           21M (0%)             -                  -          
[12.454s][info][gc,heap     ] GC(7) Reclaimed:         -                  -              3146M (38%)        3163M (39%)            -                  -          
[12.454s][info][gc          ] GC(7) Garbage Collection (Allocation Rate) 3226M(39%)->646M(8%)
[12.626s][info][gc,start    ] GC(8) Garbage Collection (Allocation Rate)
[12.626s][info][gc,task     ] GC(8) Using 2 workers
[12.627s][info][gc,phases   ] GC(8) Pause Mark Start 0.007ms
[12.658s][info][gc,phases   ] GC(8) Concurrent Mark 30.969ms
[12.658s][info][gc,phases   ] GC(8) Pause Mark End 0.017ms
[12.658s][info][gc,phases   ] GC(8) Concurrent Mark Free 0.001ms
[12.662s][info][gc,phases   ] GC(8) Concurrent Process Non-Strong References 3.807ms
[12.662s][info][gc,phases   ] GC(8) Concurrent Reset Relocation Set 0.002ms
[12.664s][info][gc,phases   ] GC(8) Concurrent Select Relocation Set 2.112ms
[12.664s][info][gc,phases   ] GC(8) Pause Relocate Start 0.012ms
[12.664s][info][gc,phases   ] GC(8) Concurrent Relocate 0.088ms
[12.664s][info][gc,load     ] GC(8) Load: 0.00/0.00/0.00
[12.664s][info][gc,mmu      ] GC(8) MMU: 2ms/80.5%, 5ms/92.2%, 10ms/96.1%, 20ms/96.3%, 50ms/97.1%, 100ms/97.5%
[12.664s][info][gc,marking  ] GC(8) Mark: 2 stripe(s), 2 proactive flush(es), 1 terminate flush(es), 0 completion(s), 0 continuation(s) 
[12.664s][info][gc,marking  ] GC(8) Mark Stack Usage: 32M
[12.664s][info][gc,nmethod  ] GC(8) NMethods: 4138 registered, 937 unregistered
[12.664s][info][gc,metaspace] GC(8) Metaspace: 33M used, 33M committed, 1088M reserved
[12.664s][info][gc,ref      ] GC(8) Soft: 4013 encountered, 0 discovered, 0 enqueued
[12.664s][info][gc,ref      ] GC(8) Weak: 1713 encountered, 153 discovered, 0 enqueued
[12.664s][info][gc,ref      ] GC(8) Final: 7 encountered, 3 discovered, 0 enqueued
[12.664s][info][gc,ref      ] GC(8) Phantom: 616 encountered, 548 discovered, 0 enqueued
[12.664s][info][gc,reloc    ] GC(8) Small Pages: 866 / 1732M, Empty: 1686M, Relocated: 0M, In-Place: 0
[12.664s][info][gc,reloc    ] GC(8) Medium Pages: 1 / 32M, Empty: 0M, Relocated: 0M, In-Place: 0
[12.664s][info][gc,reloc    ] GC(8) Large Pages: 0 / 0M, Empty: 0M, Relocated: 0M, In-Place: 0
[12.664s][info][gc,reloc    ] GC(8) Forwarding Usage: 0M
[12.664s][info][gc,heap     ] GC(8) Min Capacity: 8192M(100%)
[12.664s][info][gc,heap     ] GC(8) Max Capacity: 8192M(100%)
[12.664s][info][gc,heap     ] GC(8) Soft Max Capacity: 8192M(100%)
[12.664s][info][gc,heap     ] GC(8)                Mark Start          Mark End        Relocate Start      Relocate End           High               Low         
[12.664s][info][gc,heap     ] GC(8)  Capacity:     8192M (100%)       8192M (100%)       8192M (100%)       8192M (100%)       8192M (100%)       8192M (100%)   
[12.664s][info][gc,heap     ] GC(8)      Free:     6428M (78%)        6330M (77%)        7998M (98%)        8014M (98%)        8014M (98%)        6320M (77%)    
[12.664s][info][gc,heap     ] GC(8)      Used:     1764M (22%)        1862M (23%)         194M (2%)          178M (2%)         1872M (23%)         178M (2%)     
[12.664s][info][gc,heap     ] GC(8)      Live:         -                40M (0%)           40M (0%)           40M (0%)             -                  -          
[12.664s][info][gc,heap     ] GC(8) Allocated:         -                98M (1%)          116M (1%)          115M (1%)             -                  -          
[12.664s][info][gc,heap     ] GC(8)   Garbage:         -              1723M (21%)          37M (0%)           21M (0%)             -                  -          
[12.664s][info][gc,heap     ] GC(8) Reclaimed:         -                  -              1686M (21%)        1701M (21%)            -                  -          
[12.664s][info][gc          ] GC(8) Garbage Collection (Allocation Rate) 1764M(22%)->178M(2%)
[13.724s][info][gc,start    ] GC(9) Garbage Collection (Allocation Rate)
[13.724s][info][gc,task     ] GC(9) Using 1 workers
[13.724s][info][gc,phases   ] GC(9) Pause Mark Start 0.006ms
[13.782s][info][gc,phases   ] GC(9) Concurrent Mark 57.267ms
[13.782s][info][gc,phases   ] GC(9) Pause Mark End 0.012ms
[13.782s][info][gc,phases   ] GC(9) Concurrent Mark Free 0.001ms
[13.792s][info][gc,phases   ] GC(9) Concurrent Process Non-Strong References 10.058ms
[13.792s][info][gc,phases   ] GC(9) Concurrent Reset Relocation Set 0.002ms
[13.796s][info][gc,phases   ] GC(9) Concurrent Select Relocation Set 3.618ms
[13.796s][info][gc,phases   ] GC(9) Pause Relocate Start 0.008ms
[13.796s][info][gc,phases   ] GC(9) Concurrent Relocate 0.083ms
[13.796s][info][gc,load     ] GC(9) Load: 0.00/0.00/0.00
[13.796s][info][gc,mmu      ] GC(9) MMU: 2ms/80.5%, 5ms/92.2%, 10ms/96.1%, 20ms/96.3%, 50ms/97.1%, 100ms/97.5%
[13.796s][info][gc,marking  ] GC(9) Mark: 1 stripe(s), 2 proactive flush(es), 1 terminate flush(es), 0 completion(s), 0 continuation(s) 
[13.796s][info][gc,marking  ] GC(9) Mark Stack Usage: 32M
[13.796s][info][gc,nmethod  ] GC(9) NMethods: 4249 registered, 942 unregistered
[13.796s][info][gc,metaspace] GC(9) Metaspace: 33M used, 33M committed, 1088M reserved
[13.796s][info][gc,ref      ] GC(9) Soft: 4013 encountered, 0 discovered, 0 enqueued
[13.796s][info][gc,ref      ] GC(9) Weak: 1722 encountered, 1270 discovered, 0 enqueued
[13.796s][info][gc,ref      ] GC(9) Final: 7 encountered, 7 discovered, 0 enqueued
[13.796s][info][gc,ref      ] GC(9) Phantom: 616 encountered, 598 discovered, 0 enqueued
[13.796s][info][gc,reloc    ] GC(9) Small Pages: 2249 / 4498M, Empty: 4436M, Relocated: 0M, In-Place: 0
[13.796s][info][gc,reloc    ] GC(9) Medium Pages: 1 / 32M, Empty: 0M, Relocated: 0M, In-Place: 0
[13.796s][info][gc,reloc    ] GC(9) Large Pages: 0 / 0M, Empty: 0M, Relocated: 0M, In-Place: 0
[13.796s][info][gc,reloc    ] GC(9) Forwarding Usage: 0M
[13.796s][info][gc,heap     ] GC(9) Min Capacity: 8192M(100%)
[13.796s][info][gc,heap     ] GC(9) Max Capacity: 8192M(100%)
[13.796s][info][gc,heap     ] GC(9) Soft Max Capacity: 8192M(100%)
[13.796s][info][gc,heap     ] GC(9)                Mark Start          Mark End        Relocate Start      Relocate End           High               Low         
[13.796s][info][gc,heap     ] GC(9)  Capacity:     8192M (100%)       8192M (100%)       8192M (100%)       8192M (100%)       8192M (100%)       8192M (100%)   
[13.796s][info][gc,heap     ] GC(9)      Free:     3662M (45%)        3494M (43%)        7890M (96%)        7922M (97%)        7922M (97%)        3466M (42%)    
[13.796s][info][gc,heap     ] GC(9)      Used:     4530M (55%)        4698M (57%)         302M (4%)          270M (3%)         4726M (58%)         270M (3%)     
[13.796s][info][gc,heap     ] GC(9)      Live:         -                40M (0%)           40M (0%)           40M (0%)             -                  -          
[13.796s][info][gc,heap     ] GC(9) Allocated:         -               168M (2%)          208M (3%)          207M (3%)             -                  -          
[13.796s][info][gc,heap     ] GC(9)   Garbage:         -              4489M (55%)          53M (1%)           21M (0%)             -                  -          
[13.796s][info][gc,heap     ] GC(9) Reclaimed:         -                  -              4436M (54%)        4467M (55%)            -                  -          
[13.796s][info][gc          ] GC(9) Garbage Collection (Allocation Rate) 4530M(55%)->270M(3%)
[15.721s][info][gc,start    ] GC(10) Garbage Collection (Allocation Rate)
[15.721s][info][gc,task     ] GC(10) Using 1 workers
[15.721s][info][gc,phases   ] GC(10) Pause Mark Start 0.010ms
[15.897s][info][gc,phases   ] GC(10) Concurrent Mark 175.471ms
[15.897s][info][gc,phases   ] GC(10) Pause Mark End 0.015ms
[15.897s][info][gc,phases   ] GC(10) Concurrent Mark Free 0.001ms
[15.922s][info][gc,phases   ] GC(10) Concurrent Process Non-Strong References 25.070ms
[15.922s][info][gc,phases   ] GC(10) Concurrent Reset Relocation Set 0.001ms
[15.931s][info][gc,phases   ] GC(10) Concurrent Select Relocation Set 8.915ms
[15.931s][info][gc,phases   ] GC(10) Pause Relocate Start 0.011ms
[16.008s][info][gc,phases   ] GC(10) Concurrent Relocate 76.380ms
[16.008s][info][gc,load     ] GC(10) Load: 0.00/0.00/0.00
[16.008s][info][gc,mmu      ] GC(10) MMU: 2ms/80.5%, 5ms/92.2%, 10ms/96.1%, 20ms/96.3%, 50ms/97.1%, 100ms/97.5%
[16.008s][info][gc,marking  ] GC(10) Mark: 1 stripe(s), 2 proactive flush(es), 1 terminate flush(es), 0 completion(s), 0 continuation(s) 
[16.008s][info][gc,marking  ] GC(10) Mark Stack Usage: 32M
[16.008s][info][gc,nmethod  ] GC(10) NMethods: 4622 registered, 942 unregistered
[16.008s][info][gc,metaspace] GC(10) Metaspace: 33M used, 33M committed, 1088M reserved
[16.008s][info][gc,ref      ] GC(10) Soft: 4015 encountered, 0 discovered, 0 enqueued
[16.008s][info][gc,ref      ] GC(10) Weak: 4148 encountered, 3701 discovered, 2349 enqueued
[16.008s][info][gc,ref      ] GC(10) Final: 7 encountered, 7 discovered, 0 enqueued
[16.008s][info][gc,ref      ] GC(10) Phantom: 716 encountered, 594 discovered, 0 enqueued
[16.008s][info][gc,reloc    ] GC(10) Small Pages: 2710 / 5420M, Empty: 4926M, Relocated: 82M, In-Place: 0
[16.008s][info][gc,reloc    ] GC(10) Medium Pages: 2 / 64M, Empty: 32M, Relocated: 0M, In-Place: 0
[16.008s][info][gc,reloc    ] GC(10) Large Pages: 1 / 6M, Empty: 6M, Relocated: 0M, In-Place: 0
[16.008s][info][gc,reloc    ] GC(10) Forwarding Usage: 24M
[16.008s][info][gc,heap     ] GC(10) Min Capacity: 8192M(100%)
[16.008s][info][gc,heap     ] GC(10) Max Capacity: 8192M(100%)
[16.008s][info][gc,heap     ] GC(10) Soft Max Capacity: 8192M(100%)
[16.008s][info][gc,heap     ] GC(10)                Mark Start          Mark End        Relocate Start      Relocate End           High               Low         
[16.008s][info][gc,heap     ] GC(10)  Capacity:     8192M (100%)       8192M (100%)       8192M (100%)       8192M (100%)       8192M (100%)       8192M (100%)   
[16.008s][info][gc,heap     ] GC(10)      Free:     2702M (33%)        2558M (31%)        7504M (92%)        7848M (96%)        7848M (96%)        2542M (31%)    
[16.008s][info][gc,heap     ] GC(10)      Used:     5490M (67%)        5634M (69%)         688M (8%)          344M (4%)         5650M (69%)         344M (4%)     
[16.008s][info][gc,heap     ] GC(10)      Live:         -               114M (1%)          114M (1%)          114M (1%)             -                  -          
[16.008s][info][gc,heap     ] GC(10) Allocated:         -               144M (2%)          162M (2%)          206M (3%)             -                  -          
[16.008s][info][gc,heap     ] GC(10)   Garbage:         -              5375M (66%)         411M (5%)           22M (0%)             -                  -          
[16.008s][info][gc,heap     ] GC(10) Reclaimed:         -                  -              4964M (61%)        5352M (65%)            -                  -          
[16.008s][info][gc          ] GC(10) Garbage Collection (Allocation Rate) 5490M(67%)->344M(4%)
[18.665s][info][gc,start    ] GC(11) Garbage Collection (System.gc())
[18.665s][info][gc,task     ] GC(11) Using 2 workers
[18.665s][info][gc,phases   ] GC(11) Pause Mark Start 0.009ms
[18.808s][info][gc,phases   ] GC(11) Concurrent Mark 142.745ms
[18.808s][info][gc,phases   ] GC(11) Pause Mark End 0.013ms
[18.808s][info][gc,phases   ] GC(11) Concurrent Mark Free 0.001ms
[18.814s][info][gc,phases   ] GC(11) Concurrent Process Non-Strong References 5.800ms
[18.814s][info][gc,phases   ] GC(11) Concurrent Reset Relocation Set 0.021ms
[18.818s][info][gc,phases   ] GC(11) Concurrent Select Relocation Set 3.500ms
[18.818s][info][gc,phases   ] GC(11) Pause Relocate Start 0.007ms
[18.825s][info][gc,phases   ] GC(11) Concurrent Relocate 7.331ms
[18.825s][info][gc,load     ] GC(11) Load: 0.00/0.00/0.00
[18.825s][info][gc,mmu      ] GC(11) MMU: 2ms/80.5%, 5ms/92.2%, 10ms/96.1%, 20ms/96.3%, 50ms/97.1%, 100ms/97.5%
[18.825s][info][gc,marking  ] GC(11) Mark: 2 stripe(s), 4 proactive flush(es), 1 terminate flush(es), 0 completion(s), 0 continuation(s) 
[18.825s][info][gc,marking  ] GC(11) Mark Stack Usage: 32M
[18.825s][info][gc,nmethod  ] GC(11) NMethods: 4702 registered, 942 unregistered
[18.825s][info][gc,metaspace] GC(11) Metaspace: 33M used, 33M committed, 1088M reserved
[18.825s][info][gc,ref      ] GC(11) Soft: 4016 encountered, 0 discovered, 0 enqueued
[18.825s][info][gc,ref      ] GC(11) Weak: 24049 encountered, 22383 discovered, 22335 enqueued
[18.825s][info][gc,ref      ] GC(11) Final: 7 encountered, 4 discovered, 0 enqueued
[18.825s][info][gc,ref      ] GC(11) Phantom: 717 encountered, 630 discovered, 3 enqueued
[18.825s][info][gc,reloc    ] GC(11) Small Pages: 638 / 1276M, Empty: 144M, Relocated: 11M, In-Place: 0
[18.825s][info][gc,reloc    ] GC(11) Medium Pages: 18 / 576M, Empty: 544M, Relocated: 0M, In-Place: 0
[18.825s][info][gc,reloc    ] GC(11) Large Pages: 156 / 1086M, Empty: 1086M, Relocated: 0M, In-Place: 0
[18.825s][info][gc,reloc    ] GC(11) Forwarding Usage: 3M
[18.825s][info][gc,heap     ] GC(11) Min Capacity: 8192M(100%)
[18.826s][info][gc,heap     ] GC(11) Max Capacity: 8192M(100%)
[18.826s][info][gc,heap     ] GC(11) Soft Max Capacity: 8192M(100%)
[18.826s][info][gc,heap     ] GC(11)                Mark Start          Mark End        Relocate Start      Relocate End           High               Low         
[18.826s][info][gc,heap     ] GC(11)  Capacity:     8192M (100%)       8192M (100%)       8192M (100%)       8192M (100%)       8192M (100%)       8192M (100%)   
[18.826s][info][gc,heap     ] GC(11)      Free:     5254M (64%)        5254M (64%)        7028M (86%)        8052M (98%)        8052M (98%)        5254M (64%)    
[18.826s][info][gc,heap     ] GC(11)      Used:     2938M (36%)        2938M (36%)        1164M (14%)         140M (2%)         2938M (36%)         140M (2%)     
[18.826s][info][gc,heap     ] GC(11)      Live:         -               113M (1%)          113M (1%)          113M (1%)             -                  -          
[18.826s][info][gc,heap     ] GC(11) Allocated:         -                 0M (0%)            0M (0%)            1M (0%)             -                  -          
[18.826s][info][gc,heap     ] GC(11)   Garbage:         -              2824M (34%)        1050M (13%)          24M (0%)             -                  -          
[18.826s][info][gc,heap     ] GC(11) Reclaimed:         -                  -              1774M (22%)        2799M (34%)            -                  -          
[18.826s][info][gc          ] GC(11) Garbage Collection (System.gc()) 2938M(36%)->140M(2%)
[19.327s][info][gc,start    ] GC(12) Garbage Collection (Allocation Rate)
[19.327s][info][gc,task     ] GC(12) Using 2 workers
[19.327s][info][gc,phases   ] GC(12) Pause Mark Start 0.007ms
[19.484s][info][gc,phases   ] GC(12) Concurrent Mark 141.501ms
[19.485s][info][gc,phases   ] GC(12) Pause Mark End 0.018ms
[19.516s][info][gc,phases   ] GC(12) Concurrent Mark Free 0.003ms
[19.532s][info][gc,phases   ] GC(12) Concurrent Process Non-Strong References 15.750ms
[19.532s][info][gc,phases   ] GC(12) Concurrent Reset Relocation Set 0.034ms
[19.535s][info][gc,phases   ] GC(12) Concurrent Select Relocation Set 3.001ms
[19.535s][info][gc,phases   ] GC(12) Pause Relocate Start 0.019ms
[19.564s][info][gc,phases   ] GC(12) Concurrent Relocate 1.163ms
[19.564s][info][gc,load     ] GC(12) Load: 0.00/0.00/0.00
[19.564s][info][gc,mmu      ] GC(12) MMU: 2ms/80.5%, 5ms/92.2%, 10ms/96.1%, 20ms/96.3%, 50ms/97.1%, 100ms/97.5%
[19.564s][info][gc,marking  ] GC(12) Mark: 2 stripe(s), 2 proactive flush(es), 1 terminate flush(es), 0 completion(s), 0 continuation(s) 
[19.564s][info][gc,marking  ] GC(12) Mark Stack Usage: 32M
[19.564s][info][gc,nmethod  ] GC(12) NMethods: 4714 registered, 942 unregistered
[19.564s][info][gc,metaspace] GC(12) Metaspace: 33M used, 33M committed, 1088M reserved
[19.564s][info][gc,ref      ] GC(12) Soft: 4016 encountered, 0 discovered, 0 enqueued
[19.564s][info][gc,ref      ] GC(12) Weak: 1732 encountered, 78 discovered, 0 enqueued
[19.564s][info][gc,ref      ] GC(12) Final: 7 encountered, 2 discovered, 0 enqueued
[19.564s][info][gc,ref      ] GC(12) Phantom: 714 encountered, 627 discovered, 0 enqueued
[19.564s][info][gc,reloc    ] GC(12) Small Pages: 1875 / 3750M, Empty: 3622M, Relocated: 1M, In-Place: 0
[19.564s][info][gc,reloc    ] GC(12) Medium Pages: 1 / 32M, Empty: 0M, Relocated: 0M, In-Place: 0
[19.564s][info][gc,reloc    ] GC(12) Large Pages: 0 / 0M, Empty: 0M, Relocated: 0M, In-Place: 0
[19.564s][info][gc,reloc    ] GC(12) Forwarding Usage: 0M
[19.564s][info][gc,heap     ] GC(12) Min Capacity: 8192M(100%)
[19.564s][info][gc,heap     ] GC(12) Max Capacity: 8192M(100%)
[19.564s][info][gc,heap     ] GC(12) Soft Max Capacity: 8192M(100%)
[19.564s][info][gc,heap     ] GC(12)                Mark Start          Mark End        Relocate Start      Relocate End           High               Low         
[19.564s][info][gc,heap     ] GC(12)  Capacity:     8192M (100%)       8192M (100%)       8192M (100%)       8192M (100%)       8192M (100%)       8192M (100%)   
[19.564s][info][gc,heap     ] GC(12)      Free:     4410M (54%)        3716M (45%)        7086M (86%)        6908M (84%)        7088M (87%)        3478M (42%)    
[19.564s][info][gc,heap     ] GC(12)      Used:     3782M (46%)        4476M (55%)        1106M (14%)        1284M (16%)        4714M (58%)        1104M (13%)    
[19.564s][info][gc,heap     ] GC(12)      Live:         -               113M (1%)          113M (1%)          113M (1%)             -                  -          
[19.564s][info][gc,heap     ] GC(12) Allocated:         -               694M (8%)          946M (12%)        1145M (14%)            -                  -          
[19.564s][info][gc,heap     ] GC(12)   Garbage:         -              3668M (45%)          46M (1%)           24M (0%)             -                  -          
[19.564s][info][gc,heap     ] GC(12) Reclaimed:         -                  -              3622M (44%)        3643M (44%)            -                  -          
[19.564s][info][gc          ] GC(12) Garbage Collection (Allocation Rate) 3782M(46%)->1284M(16%)
[19.625s][info][gc,start    ] GC(13) Garbage Collection (Allocation Rate)
[19.626s][info][gc,task     ] GC(13) Using 2 workers
[19.626s][info][gc,phases   ] GC(13) Pause Mark Start 0.006ms
[19.688s][info][gc,phases   ] GC(13) Concurrent Mark 62.520ms
[19.689s][info][gc,phases   ] GC(13) Pause Mark End 0.019ms
[19.689s][info][gc,phases   ] GC(13) Concurrent Mark Free 0.001ms
[19.694s][info][gc,phases   ] GC(13) Concurrent Process Non-Strong References 5.398ms
[19.694s][info][gc,phases   ] GC(13) Concurrent Reset Relocation Set 0.003ms
[19.697s][info][gc,phases   ] GC(13) Concurrent Select Relocation Set 3.242ms
[19.698s][info][gc,phases   ] GC(13) Pause Relocate Start 0.009ms
[19.698s][info][gc,phases   ] GC(13) Concurrent Relocate 0.626ms
[19.698s][info][gc,load     ] GC(13) Load: 0.00/0.00/0.00
[19.698s][info][gc,mmu      ] GC(13) MMU: 2ms/80.5%, 5ms/92.2%, 10ms/96.1%, 20ms/96.3%, 50ms/97.1%, 100ms/97.5%
[19.698s][info][gc,marking  ] GC(13) Mark: 2 stripe(s), 2 proactive flush(es), 1 terminate flush(es), 0 completion(s), 0 continuation(s) 
[19.698s][info][gc,marking  ] GC(13) Mark Stack Usage: 32M
[19.698s][info][gc,nmethod  ] GC(13) NMethods: 4725 registered, 942 unregistered
[19.698s][info][gc,metaspace] GC(13) Metaspace: 33M used, 33M committed, 1088M reserved
[19.698s][info][gc,ref      ] GC(13) Soft: 4016 encountered, 0 discovered, 0 enqueued
[19.698s][info][gc,ref      ] GC(13) Weak: 1732 encountered, 1352 discovered, 0 enqueued
[19.698s][info][gc,ref      ] GC(13) Final: 7 encountered, 4 discovered, 0 enqueued
[19.698s][info][gc,ref      ] GC(13) Phantom: 714 encountered, 591 discovered, 0 enqueued
[19.698s][info][gc,reloc    ] GC(13) Small Pages: 795 / 1590M, Empty: 1454M, Relocated: 1M, In-Place: 0
[19.698s][info][gc,reloc    ] GC(13) Medium Pages: 1 / 32M, Empty: 0M, Relocated: 0M, In-Place: 0
[19.698s][info][gc,reloc    ] GC(13) Large Pages: 0 / 0M, Empty: 0M, Relocated: 0M, In-Place: 0
[19.698s][info][gc,reloc    ] GC(13) Forwarding Usage: 0M
[19.698s][info][gc,heap     ] GC(13) Min Capacity: 8192M(100%)
[19.698s][info][gc,heap     ] GC(13) Max Capacity: 8192M(100%)
[19.698s][info][gc,heap     ] GC(13) Soft Max Capacity: 8192M(100%)
[19.698s][info][gc,heap     ] GC(13)                Mark Start          Mark End        Relocate Start      Relocate End           High               Low         
[19.698s][info][gc,heap     ] GC(13)  Capacity:     8192M (100%)       8192M (100%)       8192M (100%)       8192M (100%)       8192M (100%)       8192M (100%)   
[19.698s][info][gc,heap     ] GC(13)      Free:     6570M (80%)        6368M (78%)        7788M (95%)        7818M (95%)        7818M (95%)        6346M (77%)    
[19.698s][info][gc,heap     ] GC(13)      Used:     1622M (20%)        1824M (22%)         404M (5%)          374M (5%)         1846M (23%)         374M (5%)     
[19.699s][info][gc,heap     ] GC(13)      Live:         -               113M (1%)          113M (1%)          113M (1%)             -                  -          
[19.699s][info][gc,heap     ] GC(13) Allocated:         -               202M (2%)          236M (3%)          235M (3%)             -                  -          
[19.699s][info][gc,heap     ] GC(13)   Garbage:         -              1508M (18%)          54M (1%)           24M (0%)             -                  -          
[19.699s][info][gc,heap     ] GC(13) Reclaimed:         -                  -              1454M (18%)        1483M (18%)            -                  -          
[19.699s][info][gc          ] GC(13) Garbage Collection (Allocation Rate) 1622M(20%)->374M(5%)
[19.829s][info][gc,start    ] GC(14) Garbage Collection (Allocation Rate)
[19.829s][info][gc,task     ] GC(14) Using 2 workers
[19.830s][info][gc,phases   ] GC(14) Pause Mark Start 0.010ms
[19.908s][info][gc,phases   ] GC(14) Concurrent Mark 78.121ms
[19.908s][info][gc,phases   ] GC(14) Pause Mark End 0.017ms
[19.908s][info][gc,phases   ] GC(14) Concurrent Mark Free 0.002ms
[19.914s][info][gc,phases   ] GC(14) Concurrent Process Non-Strong References 5.326ms
[19.914s][info][gc,phases   ] GC(14) Concurrent Reset Relocation Set 0.002ms
[19.917s][info][gc,phases   ] GC(14) Concurrent Select Relocation Set 3.043ms
[19.917s][info][gc,phases   ] GC(14) Pause Relocate Start 0.007ms
[19.918s][info][gc,phases   ] GC(14) Concurrent Relocate 0.765ms
[19.918s][info][gc,load     ] GC(14) Load: 0.00/0.00/0.00
[19.918s][info][gc,mmu      ] GC(14) MMU: 2ms/80.5%, 5ms/92.2%, 10ms/96.1%, 20ms/96.3%, 50ms/97.1%, 100ms/97.5%
[19.918s][info][gc,marking  ] GC(14) Mark: 2 stripe(s), 2 proactive flush(es), 1 terminate flush(es), 0 completion(s), 0 continuation(s) 
[19.918s][info][gc,marking  ] GC(14) Mark Stack Usage: 32M
[19.918s][info][gc,nmethod  ] GC(14) NMethods: 4353 registered, 1321 unregistered
[19.918s][info][gc,metaspace] GC(14) Metaspace: 33M used, 33M committed, 1088M reserved
[19.918s][info][gc,ref      ] GC(14) Soft: 4016 encountered, 0 discovered, 0 enqueued
[19.918s][info][gc,ref      ] GC(14) Weak: 1732 encountered, 53 discovered, 0 enqueued
[19.918s][info][gc,ref      ] GC(14) Final: 7 encountered, 4 discovered, 0 enqueued
[19.918s][info][gc,ref      ] GC(14) Phantom: 714 encountered, 573 discovered, 0 enqueued
[19.918s][info][gc,reloc    ] GC(14) Small Pages: 532 / 1064M, Empty: 932M, Relocated: 1M, In-Place: 0
[19.918s][info][gc,reloc    ] GC(14) Medium Pages: 1 / 32M, Empty: 0M, Relocated: 0M, In-Place: 0
[19.918s][info][gc,reloc    ] GC(14) Large Pages: 0 / 0M, Empty: 0M, Relocated: 0M, In-Place: 0
[19.918s][info][gc,reloc    ] GC(14) Forwarding Usage: 0M
[19.918s][info][gc,heap     ] GC(14) Min Capacity: 8192M(100%)
[19.918s][info][gc,heap     ] GC(14) Max Capacity: 8192M(100%)
[19.918s][info][gc,heap     ] GC(14) Soft Max Capacity: 8192M(100%)
[19.918s][info][gc,heap     ] GC(14)                Mark Start          Mark End        Relocate Start      Relocate End           High               Low         
[19.918s][info][gc,heap     ] GC(14)  Capacity:     8192M (100%)       8192M (100%)       8192M (100%)       8192M (100%)       8192M (100%)       8192M (100%)   
[19.918s][info][gc,heap     ] GC(14)      Free:     7096M (87%)        6666M (81%)        7554M (92%)        7574M (92%)        7574M (92%)        6634M (81%)    
[19.918s][info][gc,heap     ] GC(14)      Used:     1096M (13%)        1526M (19%)         638M (8%)          618M (8%)         1558M (19%)         618M (8%)     
[19.918s][info][gc,heap     ] GC(14)      Live:         -               113M (1%)          113M (1%)          113M (1%)             -                  -          
[19.918s][info][gc,heap     ] GC(14) Allocated:         -               430M (5%)          474M (6%)          479M (6%)             -                  -          
[19.918s][info][gc,heap     ] GC(14)   Garbage:         -               982M (12%)          50M (1%)           24M (0%)             -                  -          
[19.918s][info][gc,heap     ] GC(14) Reclaimed:         -                  -               932M (11%)         957M (12%)            -                  -          
[19.918s][info][gc          ] GC(14) Garbage Collection (Allocation Rate) 1096M(13%)->618M(8%)
[20.331s][info][gc,stats    ] === Garbage Collection Statistics =======================================================================================================================
[20.332s][info][gc,stats    ]                                                              Last 10s              Last 10m              Last 10h                Total
[20.332s][info][gc,stats    ]                                                              Avg / Max             Avg / Max             Avg / Max             Avg / Max
[20.332s][info][gc,stats    ]   Collector: Garbage Collection Cycle                    152.671 / 379.439     111.220 / 379.439     111.220 / 379.439     111.220 / 379.439     ms
[20.332s][info][gc,stats    ]  Contention: Mark Segment Reset Contention                     3 / 26                1 / 26                1 / 26                1 / 26          ops/s
[20.332s][info][gc,stats    ]  Contention: Mark SeqNum Reset Contention                      0 / 0                 0 / 1                 0 / 1                 0 / 1           ops/s
[20.332s][info][gc,stats    ]    Critical: Allocation Stall                                  0 / 0                 0 / 0                 0 / 0                 0 / 0           ops/s
[20.332s][info][gc,stats    ]    Critical: Allocation Stall                              0.000 / 0.000         0.000 / 0.000         0.000 / 0.000         0.000 / 0.000       ms
[20.332s][info][gc,stats    ]    Critical: GC Locker Stall                                   0 / 0                 0 / 0                 0 / 0                 0 / 0           ops/s
[20.332s][info][gc,stats    ]    Critical: GC Locker Stall                               0.000 / 0.000         0.000 / 0.000         0.000 / 0.000         0.000 / 0.000       ms
[20.332s][info][gc,stats    ]    Critical: Relocation Stall                                  0 / 0                 0 / 0                 0 / 0                 0 / 0           ops/s
[20.332s][info][gc,stats    ]    Critical: Relocation Stall                              0.000 / 0.000         0.000 / 0.000         0.000 / 0.000         0.000 / 0.000       ms
[20.332s][info][gc,stats    ]      Memory: Allocation Rate                                2774 / 5272           1902 / 5272           1902 / 5272           1902 / 5272        MB/s
[20.332s][info][gc,stats    ]      Memory: Out Of Memory                                     0 / 0                 0 / 0                 0 / 0                 0 / 0           ops/s
[20.332s][info][gc,stats    ]      Memory: Page Cache Flush                                  0 / 0                 0 / 0                 0 / 0                 0 / 0           MB/s
[20.332s][info][gc,stats    ]      Memory: Page Cache Hit L1                              1203 / 2642            758 / 2642            758 / 2642            758 / 2642        ops/s
[20.332s][info][gc,stats    ]      Memory: Page Cache Hit L2                                 0 / 0                 0 / 0                 0 / 0                 0 / 0           ops/s
[20.332s][info][gc,stats    ]      Memory: Page Cache Hit L3                               105 / 428             146 / 635             146 / 635             146 / 635         ops/s
[20.332s][info][gc,stats    ]      Memory: Page Cache Miss                                   0 / 0                 0 / 1                 0 / 1                 0 / 1           ops/s
[20.332s][info][gc,stats    ]      Memory: Uncommit                                          0 / 0                 0 / 0                 0 / 0                 0 / 0           MB/s
[20.332s][info][gc,stats    ]      Memory: Undo Object Allocation Failed                     0 / 0                 0 / 0                 0 / 0                 0 / 0           ops/s
[20.332s][info][gc,stats    ]      Memory: Undo Object Allocation Succeeded                  0 / 3                 0 / 3                 0 / 3                 0 / 3           ops/s
[20.332s][info][gc,stats    ]      Memory: Undo Page Allocation                              0 / 3                 0 / 3                 0 / 3                 0 / 3           ops/s
[20.332s][info][gc,stats    ]       Phase: Concurrent Mark                              90.552 / 175.471      65.552 / 175.471      65.552 / 175.471      65.552 / 175.471     ms
[20.332s][info][gc,stats    ]       Phase: Concurrent Mark Continue                     15.048 / 15.380       15.048 / 15.380       15.048 / 15.380       15.048 / 15.380      ms
[20.332s][info][gc,stats    ]       Phase: Concurrent Mark Free                          0.001 / 0.003         0.001 / 0.003         0.001 / 0.003         0.001 / 0.003       ms
[20.332s][info][gc,stats    ]       Phase: Concurrent Process Non-Strong References      9.211 / 25.070        6.886 / 25.070        6.886 / 25.070        6.886 / 25.070      ms
[20.332s][info][gc,stats    ]       Phase: Concurrent Relocate                          13.359 / 76.380        9.899 / 76.380        9.899 / 76.380        9.899 / 76.380      ms
[20.332s][info][gc,stats    ]       Phase: Concurrent Reset Relocation Set               0.012 / 0.034         0.009 / 0.034         0.009 / 0.034         0.009 / 0.034       ms
[20.332s][info][gc,stats    ]       Phase: Concurrent Select Relocation Set              4.094 / 8.915         3.778 / 8.915         3.778 / 8.915         3.778 / 8.915       ms
[20.332s][info][gc,stats    ]       Phase: Pause Mark End                                0.224 / 0.390         0.189 / 0.390         0.189 / 0.390         0.189 / 0.390       ms
[20.332s][info][gc,stats    ]       Phase: Pause Mark Start                              0.008 / 0.012         0.009 / 0.018         0.009 / 0.018         0.009 / 0.018       ms
[20.332s][info][gc,stats    ]       Phase: Pause Relocate Start                          0.011 / 0.019         0.011 / 0.024         0.011 / 0.024         0.011 / 0.024       ms
[20.332s][info][gc,stats    ]    Subphase: Concurrent Classes Purge                      0.217 / 0.316         0.183 / 0.316         0.183 / 0.316         0.183 / 0.316       ms
[20.332s][info][gc,stats    ]    Subphase: Concurrent Classes Unlink                     6.376 / 23.760        4.760 / 23.760        4.760 / 23.760        4.760 / 23.760      ms
[20.332s][info][gc,stats    ]    Subphase: Concurrent Mark                              36.732 / 174.386      32.579 / 174.386      32.579 / 174.386      32.579 / 174.386     ms
[20.332s][info][gc,stats    ]    Subphase: Concurrent Mark Try Flush                     0.587 / 15.690        0.541 / 15.690        0.541 / 15.690        0.541 / 15.690      ms
[20.332s][info][gc,stats    ]    Subphase: Concurrent Mark Try Terminate                 4.323 / 15.968        4.022 / 15.968        4.022 / 15.968        4.022 / 15.968      ms
[20.332s][info][gc,stats    ]    Subphase: Concurrent References Enqueue                 0.003 / 0.008         0.003 / 0.008         0.003 / 0.008         0.003 / 0.008       ms
[20.332s][info][gc,stats    ]    Subphase: Concurrent References Process                 0.597 / 1.738         0.446 / 1.738         0.446 / 1.738         0.446 / 1.738       ms
[20.332s][info][gc,stats    ]    Subphase: Concurrent Roots ClassLoaderDataGraph         0.127 / 0.452         0.144 / 0.537         0.144 / 0.537         0.144 / 0.537       ms
[20.332s][info][gc,stats    ]    Subphase: Concurrent Roots CodeCache                    0.000 / 0.000         0.000 / 0.000         0.000 / 0.000         0.000 / 0.000       ms
[20.332s][info][gc,stats    ]    Subphase: Concurrent Roots JavaThreads                  0.364 / 0.817         0.375 / 1.258         0.375 / 1.258         0.375 / 1.258       ms
[20.332s][info][gc,stats    ]    Subphase: Concurrent Roots OopStorageSet                0.031 / 0.060         0.036 / 0.124         0.036 / 0.124         0.036 / 0.124       ms
[20.332s][info][gc,stats    ]    Subphase: Concurrent Weak Roots OopStorageSet           0.430 / 1.123         0.377 / 1.123         0.377 / 1.123         0.377 / 1.123       ms
[20.332s][info][gc,stats    ]    Subphase: Pause Mark Try Complete                       0.227 / 0.301         0.227 / 0.301         0.227 / 0.301         0.227 / 0.301       ms
[20.332s][info][gc,stats    ]      System: Java Threads                                     17 / 22               16 / 22               16 / 22               16 / 22          threads
[20.332s][info][gc,stats    ] =========================================================================================================================================================
[20.724s][info][gc,start    ] GC(15) Garbage Collection (Allocation Rate)
[20.724s][info][gc,task     ] GC(15) Using 1 workers
[20.724s][info][gc,phases   ] GC(15) Pause Mark Start 0.007ms
[20.856s][info][gc,phases   ] GC(15) Concurrent Mark 131.701ms
[20.856s][info][gc,phases   ] GC(15) Pause Mark End 0.012ms
[20.856s][info][gc,phases   ] GC(15) Concurrent Mark Free 0.001ms
[20.865s][info][gc,phases   ] GC(15) Concurrent Process Non-Strong References 8.758ms
[20.865s][info][gc,phases   ] GC(15) Concurrent Reset Relocation Set 0.003ms
[20.868s][info][gc,phases   ] GC(15) Concurrent Select Relocation Set 2.964ms
[20.868s][info][gc,phases   ] GC(15) Pause Relocate Start 0.008ms
[20.869s][info][gc,phases   ] GC(15) Concurrent Relocate 0.758ms
[20.869s][info][gc,load     ] GC(15) Load: 0.00/0.00/0.00
[20.869s][info][gc,mmu      ] GC(15) MMU: 2ms/80.5%, 5ms/92.2%, 10ms/96.1%, 20ms/96.3%, 50ms/97.1%, 100ms/97.5%
[20.869s][info][gc,marking  ] GC(15) Mark: 1 stripe(s), 2 proactive flush(es), 1 terminate flush(es), 0 completion(s), 0 continuation(s) 
[20.869s][info][gc,marking  ] GC(15) Mark Stack Usage: 32M
[20.869s][info][gc,nmethod  ] GC(15) NMethods: 4078 registered, 1598 unregistered
[20.869s][info][gc,metaspace] GC(15) Metaspace: 33M used, 33M committed, 1088M reserved
[20.869s][info][gc,ref      ] GC(15) Soft: 4016 encountered, 0 discovered, 0 enqueued
[20.869s][info][gc,ref      ] GC(15) Weak: 1732 encountered, 1284 discovered, 0 enqueued
[20.869s][info][gc,ref      ] GC(15) Final: 7 encountered, 7 discovered, 0 enqueued
[20.869s][info][gc,ref      ] GC(15) Phantom: 714 encountered, 665 discovered, 0 enqueued
[20.869s][info][gc,reloc    ] GC(15) Small Pages: 2603 / 5206M, Empty: 5078M, Relocated: 1M, In-Place: 0
[20.869s][info][gc,reloc    ] GC(15) Medium Pages: 1 / 32M, Empty: 0M, Relocated: 0M, In-Place: 0
[20.869s][info][gc,reloc    ] GC(15) Large Pages: 0 / 0M, Empty: 0M, Relocated: 0M, In-Place: 0
[20.869s][info][gc,reloc    ] GC(15) Forwarding Usage: 0M
[20.869s][info][gc,heap     ] GC(15) Min Capacity: 8192M(100%)
[20.869s][info][gc,heap     ] GC(15) Max Capacity: 8192M(100%)
[20.869s][info][gc,heap     ] GC(15) Soft Max Capacity: 8192M(100%)
[20.869s][info][gc,heap     ] GC(15)                Mark Start          Mark End        Relocate Start      Relocate End           High               Low         
[20.869s][info][gc,heap     ] GC(15)  Capacity:     8192M (100%)       8192M (100%)       8192M (100%)       8192M (100%)       8192M (100%)       8192M (100%)   
[20.869s][info][gc,heap     ] GC(15)      Free:     2954M (36%)        2356M (29%)        7390M (90%)        7412M (90%)        7412M (90%)        2322M (28%)    
[20.869s][info][gc,heap     ] GC(15)      Used:     5238M (64%)        5836M (71%)         802M (10%)         780M (10%)        5870M (72%)         780M (10%)    
[20.869s][info][gc,heap     ] GC(15)      Live:         -               113M (1%)          113M (1%)          113M (1%)             -                  -          
[20.869s][info][gc,heap     ] GC(15) Allocated:         -               598M (7%)          642M (8%)          643M (8%)             -                  -          
[20.869s][info][gc,heap     ] GC(15)   Garbage:         -              5124M (63%)          46M (1%)           22M (0%)             -                  -          
[20.869s][info][gc,heap     ] GC(15) Reclaimed:         -                  -              5078M (62%)        5101M (62%)            -                  -          
[20.869s][info][gc          ] GC(15) Garbage Collection (Allocation Rate) 5238M(64%)->780M(10%)
[22.122s][info][gc,start    ] GC(16) Garbage Collection (Allocation Rate)
[22.122s][info][gc,task     ] GC(16) Using 1 workers
[22.122s][info][gc,phases   ] GC(16) Pause Mark Start 0.007ms
[22.273s][info][gc,phases   ] GC(16) Concurrent Mark 151.261ms
[22.273s][info][gc,phases   ] GC(16) Pause Mark End 0.067ms
[22.273s][info][gc,phases   ] GC(16) Concurrent Mark Free 0.001ms
[22.283s][info][gc,phases   ] GC(16) Concurrent Process Non-Strong References 9.174ms
[22.283s][info][gc,phases   ] GC(16) Concurrent Reset Relocation Set 0.002ms
[22.288s][info][gc,phases   ] GC(16) Concurrent Select Relocation Set 5.815ms
[22.289s][info][gc,phases   ] GC(16) Pause Relocate Start 0.010ms
[22.326s][info][gc,phases   ] GC(16) Concurrent Relocate 37.501ms
[22.326s][info][gc,load     ] GC(16) Load: 0.00/0.00/0.00
[22.326s][info][gc,mmu      ] GC(16) MMU: 2ms/80.5%, 5ms/92.2%, 10ms/96.1%, 20ms/96.3%, 50ms/97.1%, 100ms/97.5%
[22.326s][info][gc,marking  ] GC(16) Mark: 1 stripe(s), 10 proactive flush(es), 3 terminate flush(es), 1 completion(s), 0 continuation(s) 
[22.326s][info][gc,marking  ] GC(16) Mark Stack Usage: 32M
[22.326s][info][gc,nmethod  ] GC(16) NMethods: 4231 registered, 0 unregistered
[22.326s][info][gc,metaspace] GC(16) Metaspace: 33M used, 33M committed, 1088M reserved
[22.326s][info][gc,ref      ] GC(16) Soft: 4016 encountered, 0 discovered, 0 enqueued
[22.326s][info][gc,ref      ] GC(16) Weak: 23552 encountered, 20563 discovered, 7598 enqueued
[22.326s][info][gc,ref      ] GC(16) Final: 7 encountered, 7 discovered, 0 enqueued
[22.326s][info][gc,ref      ] GC(16) Phantom: 720 encountered, 671 discovered, 0 enqueued
[22.326s][info][gc,reloc    ] GC(16) Small Pages: 1995 / 3990M, Empty: 3630M, Relocated: 41M, In-Place: 0
[22.326s][info][gc,reloc    ] GC(16) Medium Pages: 4 / 128M, Empty: 64M, Relocated: 16M, In-Place: 0
[22.327s][info][gc,reloc    ] GC(16) Large Pages: 22 / 148M, Empty: 134M, Relocated: 0M, In-Place: 0
[22.327s][info][gc,reloc    ] GC(16) Forwarding Usage: 12M
[22.327s][info][gc,heap     ] GC(16) Min Capacity: 8192M(100%)
[22.327s][info][gc,heap     ] GC(16) Max Capacity: 8192M(100%)
[22.327s][info][gc,heap     ] GC(16) Soft Max Capacity: 8192M(100%)
[22.327s][info][gc,heap     ] GC(16)                Mark Start          Mark End        Relocate Start      Relocate End           High               Low         
[22.327s][info][gc,heap     ] GC(16)  Capacity:     8192M (100%)       8192M (100%)       8192M (100%)       8192M (100%)       8192M (100%)       8192M (100%)   
[22.327s][info][gc,heap     ] GC(16)      Free:     3926M (48%)        3798M (46%)        7612M (93%)        7808M (95%)        7842M (96%)        3794M (46%)    
[22.327s][info][gc,heap     ] GC(16)      Used:     4266M (52%)        4394M (54%)         580M (7%)          384M (5%)         4398M (54%)         350M (4%)     
[22.327s][info][gc,heap     ] GC(16)      Live:         -               157M (2%)          157M (2%)          157M (2%)             -                  -          
[22.327s][info][gc,heap     ] GC(16) Allocated:         -               128M (2%)          142M (2%)          206M (3%)             -                  -          
[22.327s][info][gc,heap     ] GC(16)   Garbage:         -              4108M (50%)         280M (3%)           19M (0%)             -                  -          
[22.327s][info][gc,heap     ] GC(16) Reclaimed:         -                  -              3828M (47%)        4088M (50%)            -                  -          
[22.327s][info][gc          ] GC(16) Garbage Collection (Allocation Rate) 4266M(52%)->384M(5%)
[26.181s][info][gc,start    ] GC(17) Garbage Collection (System.gc())
[26.181s][info][gc,task     ] GC(17) Using 2 workers
[26.181s][info][gc,phases   ] GC(17) Pause Mark Start 0.007ms
[26.260s][info][gc,phases   ] GC(17) Concurrent Mark 78.733ms
[26.260s][info][gc,phases   ] GC(17) Pause Mark End 0.021ms
[26.260s][info][gc,phases   ] GC(17) Concurrent Mark Free 0.001ms
[26.267s][info][gc,phases   ] GC(17) Concurrent Process Non-Strong References 6.400ms
[26.267s][info][gc,phases   ] GC(17) Concurrent Reset Relocation Set 0.013ms
[26.269s][info][gc,phases   ] GC(17) Concurrent Select Relocation Set 2.492ms
[26.269s][info][gc,phases   ] GC(17) Pause Relocate Start 0.009ms
[26.278s][info][gc,phases   ] GC(17) Concurrent Relocate 8.778ms
[26.278s][info][gc,load     ] GC(17) Load: 0.00/0.00/0.00
[26.278s][info][gc,mmu      ] GC(17) MMU: 2ms/80.5%, 5ms/92.2%, 10ms/96.1%, 20ms/96.3%, 50ms/97.1%, 100ms/97.5%
[26.278s][info][gc,marking  ] GC(17) Mark: 2 stripe(s), 1 proactive flush(es), 1 terminate flush(es), 0 completion(s), 0 continuation(s) 
[26.278s][info][gc,marking  ] GC(17) Mark Stack Usage: 32M
[26.278s][info][gc,nmethod  ] GC(17) NMethods: 4290 registered, 0 unregistered
[26.278s][info][gc,metaspace] GC(17) Metaspace: 33M used, 33M committed, 1088M reserved
[26.278s][info][gc,ref      ] GC(17) Soft: 4016 encountered, 0 discovered, 0 enqueued
[26.278s][info][gc,ref      ] GC(17) Weak: 23505 encountered, 21843 discovered, 21791 enqueued
[26.278s][info][gc,ref      ] GC(17) Final: 7 encountered, 4 discovered, 0 enqueued
[26.278s][info][gc,ref      ] GC(17) Phantom: 714 encountered, 639 discovered, 0 enqueued
[26.278s][info][gc,reloc    ] GC(17) Small Pages: 974 / 1948M, Empty: 1226M, Relocated: 13M, In-Place: 0
[26.278s][info][gc,reloc    ] GC(17) Medium Pages: 29 / 928M, Empty: 864M, Relocated: 16M, In-Place: 0
[26.278s][info][gc,reloc    ] GC(17) Large Pages: 269 / 1878M, Empty: 1878M, Relocated: 0M, In-Place: 0
[26.278s][info][gc,reloc    ] GC(17) Forwarding Usage: 4M
[26.279s][info][gc,heap     ] GC(17) Min Capacity: 8192M(100%)
[26.279s][info][gc,heap     ] GC(17) Max Capacity: 8192M(100%)
[26.279s][info][gc,heap     ] GC(17) Soft Max Capacity: 8192M(100%)
[26.279s][info][gc,heap     ] GC(17)                Mark Start          Mark End        Relocate Start      Relocate End           High               Low         
[26.279s][info][gc,heap     ] GC(17)  Capacity:     8192M (100%)       8192M (100%)       8192M (100%)       8192M (100%)       8192M (100%)       8192M (100%)   
[26.279s][info][gc,heap     ] GC(17)      Free:     3438M (42%)        3438M (42%)        7406M (90%)        8056M (98%)        8056M (98%)        3438M (42%)    
[26.279s][info][gc,heap     ] GC(17)      Used:     4754M (58%)        4754M (58%)         786M (10%)         136M (2%)         4754M (58%)         136M (2%)     
[26.279s][info][gc,heap     ] GC(17)      Live:         -               116M (1%)          116M (1%)          116M (1%)             -                  -          
[26.279s][info][gc,heap     ] GC(17) Allocated:         -                 0M (0%)            0M (0%)            0M (0%)             -                  -          
[26.279s][info][gc,heap     ] GC(17)   Garbage:         -              4637M (57%)         669M (8%)           19M (0%)             -                  -          
[26.279s][info][gc,heap     ] GC(17) Reclaimed:         -                  -              3968M (48%)        4618M (56%)            -                  -          
[26.279s][info][gc          ] GC(17) Garbage Collection (System.gc()) 4754M(58%)->136M(2%)
[26.935s][info][gc,start    ] GC(18) Garbage Collection (Allocation Rate)
[26.935s][info][gc,task     ] GC(18) Using 2 workers
[26.936s][info][gc,phases   ] GC(18) Pause Mark Start 0.007ms
[27.014s][info][gc,phases   ] GC(18) Concurrent Mark 75.045ms
[27.014s][info][gc,phases   ] GC(18) Pause Mark End 0.016ms
[27.014s][info][gc,phases   ] GC(18) Concurrent Mark Free 0.000ms
[27.019s][info][gc,phases   ] GC(18) Concurrent Process Non-Strong References 5.161ms
[27.019s][info][gc,phases   ] GC(18) Concurrent Reset Relocation Set 0.034ms
[27.023s][info][gc,phases   ] GC(18) Concurrent Select Relocation Set 3.390ms
[27.023s][info][gc,phases   ] GC(18) Pause Relocate Start 0.013ms
[27.025s][info][gc,phases   ] GC(18) Concurrent Relocate 2.124ms
[27.025s][info][gc,load     ] GC(18) Load: 0.00/0.00/0.00
[27.025s][info][gc,mmu      ] GC(18) MMU: 2ms/80.5%, 5ms/92.2%, 10ms/96.1%, 20ms/96.3%, 50ms/97.1%, 100ms/97.5%
[27.025s][info][gc,marking  ] GC(18) Mark: 2 stripe(s), 1 proactive flush(es), 1 terminate flush(es), 0 completion(s), 0 continuation(s) 
[27.025s][info][gc,marking  ] GC(18) Mark Stack Usage: 32M
[27.025s][info][gc,nmethod  ] GC(18) NMethods: 4294 registered, 0 unregistered
[27.025s][info][gc,metaspace] GC(18) Metaspace: 33M used, 33M committed, 1088M reserved
[27.025s][info][gc,ref      ] GC(18) Soft: 4016 encountered, 0 discovered, 0 enqueued
[27.025s][info][gc,ref      ] GC(18) Weak: 1729 encountered, 77 discovered, 0 enqueued
[27.025s][info][gc,ref      ] GC(18) Final: 7 encountered, 2 discovered, 0 enqueued
[27.025s][info][gc,ref      ] GC(18) Phantom: 714 encountered, 620 discovered, 0 enqueued
[27.025s][info][gc,reloc    ] GC(18) Small Pages: 2454 / 4908M, Empty: 4780M, Relocated: 3M, In-Place: 0
[27.025s][info][gc,reloc    ] GC(18) Medium Pages: 1 / 32M, Empty: 0M, Relocated: 0M, In-Place: 0
[27.025s][info][gc,reloc    ] GC(18) Large Pages: 0 / 0M, Empty: 0M, Relocated: 0M, In-Place: 0
[27.025s][info][gc,reloc    ] GC(18) Forwarding Usage: 1M
[27.025s][info][gc,heap     ] GC(18) Min Capacity: 8192M(100%)
[27.025s][info][gc,heap     ] GC(18) Max Capacity: 8192M(100%)
[27.025s][info][gc,heap     ] GC(18) Soft Max Capacity: 8192M(100%)
[27.025s][info][gc,heap     ] GC(18)                Mark Start          Mark End        Relocate Start      Relocate End           High               Low         
[27.025s][info][gc,heap     ] GC(18)  Capacity:     8192M (100%)       8192M (100%)       8192M (100%)       8192M (100%)       8192M (100%)       8192M (100%)   
[27.025s][info][gc,heap     ] GC(18)      Free:     3252M (40%)        2898M (35%)        7640M (93%)        7650M (93%)        7658M (93%)        2872M (35%)    
[27.025s][info][gc,heap     ] GC(18)      Used:     4940M (60%)        5294M (65%)         552M (7%)          542M (7%)         5320M (65%)         534M (7%)     
[27.025s][info][gc,heap     ] GC(18)      Live:         -               116M (1%)          116M (1%)          116M (1%)             -                  -          
[27.025s][info][gc,heap     ] GC(18) Allocated:         -               354M (4%)          392M (5%)          405M (5%)             -                  -          
[27.025s][info][gc,heap     ] GC(18)   Garbage:         -              4823M (59%)          43M (1%)           19M (0%)             -                  -          
[27.025s][info][gc,heap     ] GC(18) Reclaimed:         -                  -              4780M (58%)        4803M (59%)            -                  -          
[27.025s][info][gc          ] GC(18) Garbage Collection (Allocation Rate) 4940M(60%)->542M(7%)
[27.923s][info][gc,start    ] GC(19) Garbage Collection (Allocation Rate)
[27.924s][info][gc,task     ] GC(19) Using 1 workers
[27.924s][info][gc,phases   ] GC(19) Pause Mark Start 0.008ms
[28.054s][info][gc,phases   ] GC(19) Concurrent Mark 129.783ms
[28.054s][info][gc,phases   ] GC(19) Pause Mark End 0.011ms
[28.054s][info][gc,phases   ] GC(19) Concurrent Mark Free 0.001ms
[28.063s][info][gc,phases   ] GC(19) Concurrent Process Non-Strong References 9.323ms
[28.063s][info][gc,phases   ] GC(19) Concurrent Reset Relocation Set 0.002ms
[28.066s][info][gc,phases   ] GC(19) Concurrent Select Relocation Set 3.042ms
[28.066s][info][gc,phases   ] GC(19) Pause Relocate Start 0.008ms
[28.067s][info][gc,phases   ] GC(19) Concurrent Relocate 0.927ms
[28.067s][info][gc,load     ] GC(19) Load: 0.00/0.00/0.00
[28.067s][info][gc,mmu      ] GC(19) MMU: 2ms/80.5%, 5ms/92.2%, 10ms/96.1%, 20ms/96.3%, 50ms/97.1%, 100ms/97.5%
[28.067s][info][gc,marking  ] GC(19) Mark: 1 stripe(s), 2 proactive flush(es), 1 terminate flush(es), 0 completion(s), 0 continuation(s) 
[28.068s][info][gc,marking  ] GC(19) Mark Stack Usage: 32M
[28.068s][info][gc,nmethod  ] GC(19) NMethods: 4294 registered, 0 unregistered
[28.068s][info][gc,metaspace] GC(19) Metaspace: 33M used, 33M committed, 1088M reserved
[28.068s][info][gc,ref      ] GC(19) Soft: 4016 encountered, 0 discovered, 0 enqueued
[28.068s][info][gc,ref      ] GC(19) Weak: 1732 encountered, 1284 discovered, 0 enqueued
[28.068s][info][gc,ref      ] GC(19) Final: 7 encountered, 7 discovered, 0 enqueued
[28.068s][info][gc,ref      ] GC(19) Phantom: 714 encountered, 665 discovered, 0 enqueued
[28.068s][info][gc,reloc    ] GC(19) Small Pages: 2797 / 5594M, Empty: 5454M, Relocated: 1M, In-Place: 0
[28.068s][info][gc,reloc    ] GC(19) Medium Pages: 1 / 32M, Empty: 0M, Relocated: 0M, In-Place: 0
[28.068s][info][gc,reloc    ] GC(19) Large Pages: 0 / 0M, Empty: 0M, Relocated: 0M, In-Place: 0
[28.068s][info][gc,reloc    ] GC(19) Forwarding Usage: 0M
[28.068s][info][gc,heap     ] GC(19) Min Capacity: 8192M(100%)
[28.068s][info][gc,heap     ] GC(19) Max Capacity: 8192M(100%)
[28.068s][info][gc,heap     ] GC(19) Soft Max Capacity: 8192M(100%)
[28.068s][info][gc,heap     ] GC(19)                Mark Start          Mark End        Relocate Start      Relocate End           High               Low         
[28.068s][info][gc,heap     ] GC(19)  Capacity:     8192M (100%)       8192M (100%)       8192M (100%)       8192M (100%)       8192M (100%)       8192M (100%)   
[28.068s][info][gc,heap     ] GC(19)      Free:     2566M (31%)        2056M (25%)        7460M (91%)        7492M (91%)        7494M (91%)        2016M (25%)    
[28.068s][info][gc,heap     ] GC(19)      Used:     5626M (69%)        6136M (75%)         732M (9%)          700M (9%)         6176M (75%)         698M (9%)     
[28.068s][info][gc,heap     ] GC(19)      Live:         -               116M (1%)          116M (1%)          116M (1%)             -                  -          
[28.068s][info][gc,heap     ] GC(19) Allocated:         -               510M (6%)          560M (7%)          565M (7%)             -                  -          
[28.068s][info][gc,heap     ] GC(19)   Garbage:         -              5509M (67%)          55M (1%)           17M (0%)             -                  -          
[28.068s][info][gc,heap     ] GC(19) Reclaimed:         -                  -              5454M (67%)        5491M (67%)            -                  -          
[28.068s][info][gc          ] GC(19) Garbage Collection (Allocation Rate) 5626M(69%)->700M(9%)
[29.422s][info][gc,start    ] GC(20) Garbage Collection (Allocation Rate)
[29.422s][info][gc,task     ] GC(20) Using 1 workers
[29.422s][info][gc,phases   ] GC(20) Pause Mark Start 0.013ms
[29.565s][info][gc,phases   ] GC(20) Concurrent Mark 143.123ms
[29.565s][info][gc,phases   ] GC(20) Pause Mark End 0.016ms
[29.565s][info][gc,phases   ] GC(20) Concurrent Mark Free 0.001ms
[29.574s][info][gc,phases   ] GC(20) Concurrent Process Non-Strong References 8.345ms
[29.574s][info][gc,phases   ] GC(20) Concurrent Reset Relocation Set 0.002ms
[29.580s][info][gc,phases   ] GC(20) Concurrent Select Relocation Set 5.874ms
[29.580s][info][gc,phases   ] GC(20) Pause Relocate Start 0.010ms
[29.624s][info][gc,phases   ] GC(20) Concurrent Relocate 44.324ms
[29.624s][info][gc,load     ] GC(20) Load: 0.00/0.00/0.00
[29.624s][info][gc,mmu      ] GC(20) MMU: 2ms/80.5%, 5ms/92.2%, 10ms/96.1%, 20ms/96.3%, 50ms/97.1%, 100ms/97.5%
[29.624s][info][gc,marking  ] GC(20) Mark: 1 stripe(s), 2 proactive flush(es), 1 terminate flush(es), 0 completion(s), 0 continuation(s) 
[29.624s][info][gc,marking  ] GC(20) Mark Stack Usage: 32M
[29.624s][info][gc,nmethod  ] GC(20) NMethods: 4305 registered, 0 unregistered
[29.624s][info][gc,metaspace] GC(20) Metaspace: 33M used, 33M committed, 1088M reserved
[29.624s][info][gc,ref      ] GC(20) Soft: 4016 encountered, 0 discovered, 0 enqueued
[29.624s][info][gc,ref      ] GC(20) Weak: 20051 encountered, 18228 discovered, 3169 enqueued
[29.624s][info][gc,ref      ] GC(20) Final: 7 encountered, 7 discovered, 0 enqueued
[29.624s][info][gc,ref      ] GC(20) Phantom: 720 encountered, 671 discovered, 0 enqueued
[29.624s][info][gc,reloc    ] GC(20) Small Pages: 2459 / 4918M, Empty: 4484M, Relocated: 48M, In-Place: 0
[29.624s][info][gc,reloc    ] GC(20) Medium Pages: 5 / 160M, Empty: 96M, Relocated: 16M, In-Place: 0
[29.624s][info][gc,reloc    ] GC(20) Large Pages: 32 / 220M, Empty: 220M, Relocated: 0M, In-Place: 0
[29.624s][info][gc,reloc    ] GC(20) Forwarding Usage: 14M
[29.624s][info][gc,heap     ] GC(20) Min Capacity: 8192M(100%)
[29.624s][info][gc,heap     ] GC(20) Max Capacity: 8192M(100%)
[29.624s][info][gc,heap     ] GC(20) Soft Max Capacity: 8192M(100%)
[29.624s][info][gc,heap     ] GC(20)                Mark Start          Mark End        Relocate Start      Relocate End           High               Low         
[29.624s][info][gc,heap     ] GC(20)  Capacity:     8192M (100%)       8192M (100%)       8192M (100%)       8192M (100%)       8192M (100%)       8192M (100%)   
[29.624s][info][gc,heap     ] GC(20)      Free:     2894M (35%)        2730M (33%)        7518M (92%)        7774M (95%)        7778M (95%)        2720M (33%)    
[29.624s][info][gc,heap     ] GC(20)      Used:     5298M (65%)        5462M (67%)         674M (8%)          418M (5%)         5472M (67%)         414M (5%)     
[29.624s][info][gc,heap     ] GC(20)      Live:         -               154M (2%)          154M (2%)          154M (2%)             -                  -          
[29.625s][info][gc,heap     ] GC(20) Allocated:         -               164M (2%)          176M (2%)          242M (3%)             -                  -          
[29.625s][info][gc,heap     ] GC(20)   Garbage:         -              5143M (63%)         343M (4%)           21M (0%)             -                  -          
[29.625s][info][gc,heap     ] GC(20) Reclaimed:         -                  -              4800M (59%)        5122M (63%)            -                  -          
[29.625s][info][gc          ] GC(20) Garbage Collection (Allocation Rate) 5298M(65%)->418M(5%)
[30.322s][info][gc,stats    ] === Garbage Collection Statistics =======================================================================================================================
[30.322s][info][gc,stats    ]                                                              Last 10s              Last 10m              Last 10h                Total
[30.322s][info][gc,stats    ]                                                              Avg / Max             Avg / Max             Avg / Max             Avg / Max
[30.322s][info][gc,stats    ]   Collector: Garbage Collection Cycle                    147.302 / 204.658     121.529 / 379.439     121.529 / 379.439     121.529 / 379.439     ms
[30.322s][info][gc,stats    ]  Contention: Mark Segment Reset Contention                     0 / 0                 1 / 26                1 / 26                1 / 26          ops/s
[30.322s][info][gc,stats    ]  Contention: Mark SeqNum Reset Contention                      0 / 0                 0 / 1                 0 / 1                 0 / 1           ops/s
[30.322s][info][gc,stats    ]    Critical: Allocation Stall                                  0 / 0                 0 / 0                 0 / 0                 0 / 0           ops/s
[30.322s][info][gc,stats    ]    Critical: Allocation Stall                              0.000 / 0.000         0.000 / 0.000         0.000 / 0.000         0.000 / 0.000       ms
[30.322s][info][gc,stats    ]    Critical: GC Locker Stall                                   0 / 0                 0 / 0                 0 / 0                 0 / 0           ops/s
[30.322s][info][gc,stats    ]    Critical: GC Locker Stall                               0.000 / 0.000         0.000 / 0.000         0.000 / 0.000         0.000 / 0.000       ms
[30.322s][info][gc,stats    ]    Critical: Relocation Stall                                  0 / 0                 0 / 0                 0 / 0                 0 / 0           ops/s
[30.322s][info][gc,stats    ]    Critical: Relocation Stall                              0.000 / 0.000         0.000 / 0.000         0.000 / 0.000         0.000 / 0.000       ms
[30.322s][info][gc,stats    ]      Memory: Allocation Rate                                2756 / 6636           2187 / 6636           2187 / 6636           2187 / 6636        MB/s
[30.322s][info][gc,stats    ]      Memory: Out Of Memory                                     0 / 0                 0 / 0                 0 / 0                 0 / 0           ops/s
[30.322s][info][gc,stats    ]      Memory: Page Cache Flush                                 45 / 456              15 / 456              15 / 456              15 / 456         MB/s
[30.322s][info][gc,stats    ]      Memory: Page Cache Hit L1                              1169 / 3321            895 / 3321            895 / 3321            895 / 3321        ops/s
[30.322s][info][gc,stats    ]      Memory: Page Cache Hit L2                                 0 / 0                 0 / 0                 0 / 0                 0 / 0           ops/s
[30.322s][info][gc,stats    ]      Memory: Page Cache Hit L3                                51 / 271             114 / 635             114 / 635             114 / 635         ops/s
[30.322s][info][gc,stats    ]      Memory: Page Cache Miss                                   4 / 48                1 / 48                1 / 48                1 / 48          ops/s
[30.322s][info][gc,stats    ]      Memory: Uncommit                                          0 / 0                 0 / 0                 0 / 0                 0 / 0           MB/s
[30.322s][info][gc,stats    ]      Memory: Undo Object Allocation Failed                     0 / 0                 0 / 0                 0 / 0                 0 / 0           ops/s
[30.322s][info][gc,stats    ]      Memory: Undo Object Allocation Succeeded                  0 / 5                 0 / 5                 0 / 5                 0 / 5           ops/s
[30.322s][info][gc,stats    ]      Memory: Undo Page Allocation                              0 / 2                 0 / 3                 0 / 3                 0 / 3           ops/s
[30.322s][info][gc,stats    ]       Phase: Concurrent Mark                             118.274 / 151.261      80.615 / 175.471      80.615 / 175.471      80.615 / 175.471     ms
[30.322s][info][gc,stats    ]       Phase: Concurrent Mark Continue                      0.000 / 0.000        15.048 / 15.380       15.048 / 15.380       15.048 / 15.380      ms
[30.322s][info][gc,stats    ]       Phase: Concurrent Mark Free                          0.001 / 0.001         0.001 / 0.003         0.001 / 0.003         0.001 / 0.003       ms
[30.322s][info][gc,stats    ]       Phase: Concurrent Process Non-Strong References      7.860 / 9.323         7.165 / 25.070        7.165 / 25.070        7.165 / 25.070      ms
[30.322s][info][gc,stats    ]       Phase: Concurrent Relocate                          15.735 / 44.324       11.567 / 76.380       11.567 / 76.380       11.567 / 76.380      ms
[30.322s][info][gc,stats    ]       Phase: Concurrent Reset Relocation Set               0.009 / 0.034         0.009 / 0.034         0.009 / 0.034         0.009 / 0.034       ms
[30.322s][info][gc,stats    ]       Phase: Concurrent Select Relocation Set              3.929 / 5.874         3.821 / 8.915         3.821 / 8.915         3.821 / 8.915       ms
[30.322s][info][gc,stats    ]       Phase: Pause Mark End                                0.024 / 0.067         0.162 / 0.390         0.162 / 0.390         0.162 / 0.390       ms
[30.322s][info][gc,stats    ]       Phase: Pause Mark Start                              0.008 / 0.013         0.009 / 0.018         0.009 / 0.018         0.009 / 0.018       ms
[30.322s][info][gc,stats    ]       Phase: Pause Relocate Start                          0.010 / 0.013         0.011 / 0.024         0.011 / 0.024         0.011 / 0.024       ms
[30.322s][info][gc,stats    ]    Subphase: Concurrent Classes Purge                      0.257 / 0.350         0.204 / 0.350         0.204 / 0.350         0.204 / 0.350       ms
[30.322s][info][gc,stats    ]    Subphase: Concurrent Classes Unlink                     5.897 / 8.257         5.085 / 23.760        5.085 / 23.760        5.085 / 23.760      ms
[30.322s][info][gc,stats    ]    Subphase: Concurrent Mark                             103.979 / 149.896      41.234 / 174.386      41.234 / 174.386      41.234 / 174.386     ms
[30.322s][info][gc,stats    ]    Subphase: Concurrent Mark Try Flush                     0.074 / 0.327         0.479 / 15.690        0.479 / 15.690        0.479 / 15.690      ms
[30.322s][info][gc,stats    ]    Subphase: Concurrent Mark Try Terminate                 1.849 / 14.681        3.746 / 15.968        3.746 / 15.968        3.746 / 15.968      ms
[30.322s][info][gc,stats    ]    Subphase: Concurrent References Enqueue                 0.003 / 0.007         0.003 / 0.008         0.003 / 0.008         0.003 / 0.008       ms
[30.322s][info][gc,stats    ]    Subphase: Concurrent References Process                 1.151 / 2.457         0.647 / 2.457         0.647 / 2.457         0.647 / 2.457       ms
[30.322s][info][gc,stats    ]    Subphase: Concurrent Roots ClassLoaderDataGraph         0.145 / 0.273         0.144 / 0.537         0.144 / 0.537         0.144 / 0.537       ms
[30.322s][info][gc,stats    ]    Subphase: Concurrent Roots CodeCache                    0.000 / 0.000         0.000 / 0.000         0.000 / 0.000         0.000 / 0.000       ms
[30.322s][info][gc,stats    ]    Subphase: Concurrent Roots JavaThreads                  0.484 / 0.960         0.399 / 1.258         0.399 / 1.258         0.399 / 1.258       ms
[30.322s][info][gc,stats    ]    Subphase: Concurrent Roots OopStorageSet                0.036 / 0.046         0.036 / 0.124         0.036 / 0.124         0.036 / 0.124       ms
[30.322s][info][gc,stats    ]    Subphase: Concurrent Weak Roots OopStorageSet           0.383 / 0.459         0.378 / 1.123         0.378 / 1.123         0.378 / 1.123       ms
[30.322s][info][gc,stats    ]    Subphase: Pause Mark Try Complete                       0.021 / 0.021         0.220 / 0.301         0.220 / 0.301         0.220 / 0.301       ms
[30.322s][info][gc,stats    ]      System: Java Threads                                     20 / 22               17 / 22               17 / 22               17 / 22          threads
[30.322s][info][gc,stats    ] =========================================================================================================================================================
[33.145s][info][gc,start    ] GC(21) Garbage Collection (System.gc())
[33.145s][info][gc,task     ] GC(21) Using 2 workers
[33.145s][info][gc,phases   ] GC(21) Pause Mark Start 0.016ms
[33.224s][info][gc,phases   ] GC(21) Concurrent Mark 78.234ms
[33.224s][info][gc,phases   ] GC(21) Pause Mark End 0.021ms
[33.224s][info][gc,phases   ] GC(21) Concurrent Mark Free 0.002ms
[33.229s][info][gc,phases   ] GC(21) Concurrent Process Non-Strong References 5.146ms
[33.229s][info][gc,phases   ] GC(21) Concurrent Reset Relocation Set 0.015ms
[33.232s][info][gc,phases   ] GC(21) Concurrent Select Relocation Set 2.385ms
[33.232s][info][gc,phases   ] GC(21) Pause Relocate Start 0.009ms
[33.242s][info][gc,phases   ] GC(21) Concurrent Relocate 9.706ms
[33.242s][info][gc,load     ] GC(21) Load: 0.00/0.00/0.00
[33.242s][info][gc,mmu      ] GC(21) MMU: 2ms/80.5%, 5ms/92.2%, 10ms/96.1%, 20ms/96.3%, 50ms/97.1%, 100ms/97.5%
[33.242s][info][gc,marking  ] GC(21) Mark: 2 stripe(s), 1 proactive flush(es), 1 terminate flush(es), 0 completion(s), 0 continuation(s) 
[33.242s][info][gc,marking  ] GC(21) Mark Stack Usage: 32M
[33.242s][info][gc,nmethod  ] GC(21) NMethods: 4346 registered, 0 unregistered
[33.242s][info][gc,metaspace] GC(21) Metaspace: 33M used, 33M committed, 1088M reserved
[33.242s][info][gc,ref      ] GC(21) Soft: 4016 encountered, 0 discovered, 0 enqueued
[33.242s][info][gc,ref      ] GC(21) Weak: 24796 encountered, 23145 discovered, 23084 enqueued
[33.242s][info][gc,ref      ] GC(21) Final: 7 encountered, 1 discovered, 0 enqueued
[33.242s][info][gc,ref      ] GC(21) Phantom: 714 encountered, 462 discovered, 0 enqueued
[33.242s][info][gc,reloc    ] GC(21) Small Pages: 961 / 1922M, Empty: 1216M, Relocated: 15M, In-Place: 0
[33.242s][info][gc,reloc    ] GC(21) Medium Pages: 29 / 928M, Empty: 832M, Relocated: 16M, In-Place: 0
[33.242s][info][gc,reloc    ] GC(21) Large Pages: 262 / 1822M, Empty: 1822M, Relocated: 0M, In-Place: 0
[33.242s][info][gc,reloc    ] GC(21) Forwarding Usage: 5M
[33.242s][info][gc,heap     ] GC(21) Min Capacity: 8192M(100%)
[33.242s][info][gc,heap     ] GC(21) Max Capacity: 8192M(100%)
[33.242s][info][gc,heap     ] GC(21) Soft Max Capacity: 8192M(100%)
[33.242s][info][gc,heap     ] GC(21)                Mark Start          Mark End        Relocate Start      Relocate End           High               Low         
[33.242s][info][gc,heap     ] GC(21)  Capacity:     8192M (100%)       8192M (100%)       8192M (100%)       8192M (100%)       8192M (100%)       8192M (100%)   
[33.242s][info][gc,heap     ] GC(21)      Free:     3520M (43%)        3520M (43%)        7390M (90%)        8044M (98%)        8044M (98%)        3520M (43%)    
[33.242s][info][gc,heap     ] GC(21)      Used:     4672M (57%)        4672M (57%)         802M (10%)         148M (2%)         4672M (57%)         148M (2%)     
[33.242s][info][gc,heap     ] GC(21)      Live:         -               125M (2%)          125M (2%)          125M (2%)             -                  -          
[33.242s][info][gc,heap     ] GC(21) Allocated:         -                 0M (0%)            0M (0%)            1M (0%)             -                  -          
[33.242s][info][gc,heap     ] GC(21)   Garbage:         -              4546M (55%)         676M (8%)           20M (0%)             -                  -          
[33.242s][info][gc,heap     ] GC(21) Reclaimed:         -                  -              3870M (47%)        4525M (55%)            -                  -          
[33.242s][info][gc          ] GC(21) Garbage Collection (System.gc()) 4672M(57%)->148M(2%)
[33.930s][info][gc,start    ] GC(22) Garbage Collection (Allocation Rate)
[33.930s][info][gc,task     ] GC(22) Using 2 workers
[33.931s][info][gc,phases   ] GC(22) Pause Mark Start 0.008ms
[34.024s][info][gc,phases   ] GC(22) Concurrent Mark 93.780ms
[34.025s][info][gc,phases   ] GC(22) Pause Mark End 0.013ms
[34.025s][info][gc,phases   ] GC(22) Concurrent Mark Free 0.001ms
[34.029s][info][gc,phases   ] GC(22) Concurrent Process Non-Strong References 4.624ms
[34.029s][info][gc,phases   ] GC(22) Concurrent Reset Relocation Set 0.023ms
[34.033s][info][gc,phases   ] GC(22) Concurrent Select Relocation Set 3.260ms
[34.033s][info][gc,phases   ] GC(22) Pause Relocate Start 0.011ms
[34.034s][info][gc,phases   ] GC(22) Concurrent Relocate 1.046ms
[34.034s][info][gc,load     ] GC(22) Load: 0.00/0.00/0.00
[34.034s][info][gc,mmu      ] GC(22) MMU: 2ms/80.5%, 5ms/92.2%, 10ms/96.1%, 20ms/96.3%, 50ms/97.1%, 100ms/97.5%
[34.034s][info][gc,marking  ] GC(22) Mark: 2 stripe(s), 2 proactive flush(es), 1 terminate flush(es), 0 completion(s), 0 continuation(s) 
[34.034s][info][gc,marking  ] GC(22) Mark Stack Usage: 32M
[34.034s][info][gc,nmethod  ] GC(22) NMethods: 4348 registered, 0 unregistered
[34.034s][info][gc,metaspace] GC(22) Metaspace: 33M used, 33M committed, 1088M reserved
[34.034s][info][gc,ref      ] GC(22) Soft: 4016 encountered, 0 discovered, 0 enqueued
[34.034s][info][gc,ref      ] GC(22) Weak: 1721 encountered, 48 discovered, 0 enqueued
[34.034s][info][gc,ref      ] GC(22) Final: 7 encountered, 3 discovered, 0 enqueued
[34.034s][info][gc,ref      ] GC(22) Phantom: 714 encountered, 650 discovered, 0 enqueued
[34.034s][info][gc,reloc    ] GC(22) Small Pages: 2574 / 5148M, Empty: 5014M, Relocated: 1M, In-Place: 0
[34.034s][info][gc,reloc    ] GC(22) Medium Pages: 1 / 32M, Empty: 0M, Relocated: 0M, In-Place: 0
[34.034s][info][gc,reloc    ] GC(22) Large Pages: 0 / 0M, Empty: 0M, Relocated: 0M, In-Place: 0
[34.034s][info][gc,reloc    ] GC(22) Forwarding Usage: 0M
[34.034s][info][gc,heap     ] GC(22) Min Capacity: 8192M(100%)
[34.034s][info][gc,heap     ] GC(22) Max Capacity: 8192M(100%)
[34.034s][info][gc,heap     ] GC(22) Soft Max Capacity: 8192M(100%)
[34.034s][info][gc,heap     ] GC(22)                Mark Start          Mark End        Relocate Start      Relocate End           High               Low         
[34.034s][info][gc,heap     ] GC(22)  Capacity:     8192M (100%)       8192M (100%)       8192M (100%)       8192M (100%)       8192M (100%)       8192M (100%)   
[34.034s][info][gc,heap     ] GC(22)      Free:     3012M (37%)        2586M (32%)        7570M (92%)        7582M (93%)        7586M (93%)        2568M (31%)    
[34.034s][info][gc,heap     ] GC(22)      Used:     5180M (63%)        5606M (68%)         622M (8%)          610M (7%)         5624M (69%)         606M (7%)     
[34.034s][info][gc,heap     ] GC(22)      Live:         -               125M (2%)          125M (2%)          125M (2%)             -                  -          
[34.034s][info][gc,heap     ] GC(22) Allocated:         -               426M (5%)          456M (6%)          463M (6%)             -                  -          
[34.034s][info][gc,heap     ] GC(22)   Garbage:         -              5054M (62%)          40M (0%)           20M (0%)             -                  -          
[34.034s][info][gc,heap     ] GC(22) Reclaimed:         -                  -              5014M (61%)        5033M (61%)            -                  -          
[34.034s][info][gc          ] GC(22) Garbage Collection (Allocation Rate) 5180M(63%)->610M(7%)
[34.934s][info][gc,start    ] GC(23) Garbage Collection (Allocation Rate)
[34.934s][info][gc,task     ] GC(23) Using 1 workers
[34.934s][info][gc,phases   ] GC(23) Pause Mark Start 0.006ms
[35.068s][info][gc,phases   ] GC(23) Concurrent Mark 134.657ms
[35.069s][info][gc,phases   ] GC(23) Pause Mark End 0.010ms
[35.069s][info][gc,phases   ] GC(23) Concurrent Mark Free 0.001ms
[35.079s][info][gc,phases   ] GC(23) Concurrent Process Non-Strong References 10.084ms
[35.079s][info][gc,phases   ] GC(23) Concurrent Reset Relocation Set 0.002ms
[35.082s][info][gc,phases   ] GC(23) Concurrent Select Relocation Set 2.752ms
[35.082s][info][gc,phases   ] GC(23) Pause Relocate Start 0.009ms
[35.083s][info][gc,phases   ] GC(23) Concurrent Relocate 1.514ms
[35.083s][info][gc,load     ] GC(23) Load: 0.00/0.00/0.00
[35.083s][info][gc,mmu      ] GC(23) MMU: 2ms/80.5%, 5ms/92.2%, 10ms/96.1%, 20ms/96.3%, 50ms/97.1%, 100ms/97.5%
[35.083s][info][gc,marking  ] GC(23) Mark: 1 stripe(s), 2 proactive flush(es), 1 terminate flush(es), 0 completion(s), 0 continuation(s) 
[35.083s][info][gc,marking  ] GC(23) Mark Stack Usage: 32M
[35.083s][info][gc,nmethod  ] GC(23) NMethods: 4350 registered, 0 unregistered
[35.083s][info][gc,metaspace] GC(23) Metaspace: 33M used, 33M committed, 1088M reserved
[35.083s][info][gc,ref      ] GC(23) Soft: 4016 encountered, 0 discovered, 0 enqueued
[35.083s][info][gc,ref      ] GC(23) Weak: 1730 encountered, 1283 discovered, 0 enqueued
[35.083s][info][gc,ref      ] GC(23) Final: 7 encountered, 7 discovered, 0 enqueued
[35.083s][info][gc,ref      ] GC(23) Phantom: 714 encountered, 665 discovered, 0 enqueued
[35.083s][info][gc,reloc    ] GC(23) Small Pages: 2833 / 5666M, Empty: 5530M, Relocated: 1M, In-Place: 0
[35.083s][info][gc,reloc    ] GC(23) Medium Pages: 1 / 32M, Empty: 0M, Relocated: 0M, In-Place: 0
[35.083s][info][gc,reloc    ] GC(23) Large Pages: 0 / 0M, Empty: 0M, Relocated: 0M, In-Place: 0
[35.083s][info][gc,reloc    ] GC(23) Forwarding Usage: 0M
[35.083s][info][gc,heap     ] GC(23) Min Capacity: 8192M(100%)
[35.083s][info][gc,heap     ] GC(23) Max Capacity: 8192M(100%)
[35.083s][info][gc,heap     ] GC(23) Soft Max Capacity: 8192M(100%)
[35.083s][info][gc,heap     ] GC(23)                Mark Start          Mark End        Relocate Start      Relocate End           High               Low         
[35.083s][info][gc,heap     ] GC(23)  Capacity:     8192M (100%)       8192M (100%)       8192M (100%)       8192M (100%)       8192M (100%)       8192M (100%)   
[35.083s][info][gc,heap     ] GC(23)      Free:     2494M (30%)        1966M (24%)        7446M (91%)        7462M (91%)        7468M (91%)        1928M (24%)    
[35.083s][info][gc,heap     ] GC(23)      Used:     5698M (70%)        6226M (76%)         746M (9%)          730M (9%)         6264M (76%)         724M (9%)     
[35.083s][info][gc,heap     ] GC(23)      Live:         -               125M (2%)          125M (2%)          125M (2%)             -                  -          
[35.083s][info][gc,heap     ] GC(23) Allocated:         -               528M (6%)          578M (7%)          585M (7%)             -                  -          
[35.084s][info][gc,heap     ] GC(23)   Garbage:         -              5572M (68%)          42M (1%)           18M (0%)             -                  -          
[35.084s][info][gc,heap     ] GC(23) Reclaimed:         -                  -              5530M (68%)        5553M (68%)            -                  -          
[35.084s][info][gc          ] GC(23) Garbage Collection (Allocation Rate) 5698M(70%)->730M(9%)
[36.420s][info][gc,start    ] GC(24) Garbage Collection (Allocation Rate)
[36.420s][info][gc,task     ] GC(24) Using 1 workers
[36.420s][info][gc,phases   ] GC(24) Pause Mark Start 0.006ms
[36.569s][info][gc,phases   ] GC(24) Concurrent Mark 148.109ms
[36.569s][info][gc,phases   ] GC(24) Pause Mark End 0.057ms
[36.569s][info][gc,phases   ] GC(24) Concurrent Mark Free 0.001ms
[36.578s][info][gc,phases   ] GC(24) Concurrent Process Non-Strong References 9.559ms
[36.579s][info][gc,phases   ] GC(24) Concurrent Reset Relocation Set 0.002ms
[36.584s][info][gc,phases   ] GC(24) Concurrent Select Relocation Set 5.761ms
[36.585s][info][gc,phases   ] GC(24) Pause Relocate Start 0.013ms
[36.616s][info][gc,phases   ] GC(24) Concurrent Relocate 31.200ms
[36.616s][info][gc,load     ] GC(24) Load: 0.00/0.00/0.00
[36.616s][info][gc,mmu      ] GC(24) MMU: 2ms/80.5%, 5ms/92.2%, 10ms/96.1%, 20ms/96.3%, 50ms/97.1%, 100ms/97.5%
[36.616s][info][gc,marking  ] GC(24) Mark: 1 stripe(s), 3 proactive flush(es), 1 terminate flush(es), 1 completion(s), 0 continuation(s) 
[36.616s][info][gc,marking  ] GC(24) Mark Stack Usage: 32M
[36.616s][info][gc,nmethod  ] GC(24) NMethods: 4357 registered, 0 unregistered
[36.616s][info][gc,metaspace] GC(24) Metaspace: 33M used, 33M committed, 1088M reserved
[36.616s][info][gc,ref      ] GC(24) Soft: 4016 encountered, 0 discovered, 0 enqueued
[36.616s][info][gc,ref      ] GC(24) Weak: 20030 encountered, 18342 discovered, 6296 enqueued
[36.616s][info][gc,ref      ] GC(24) Final: 7 encountered, 7 discovered, 0 enqueued
[36.616s][info][gc,ref      ] GC(24) Phantom: 720 encountered, 665 discovered, 0 enqueued
[36.616s][info][gc,reloc    ] GC(24) Small Pages: 2327 / 4654M, Empty: 4238M, Relocated: 36M, In-Place: 0
[36.616s][info][gc,reloc    ] GC(24) Medium Pages: 5 / 160M, Empty: 96M, Relocated: 16M, In-Place: 0
[36.616s][info][gc,reloc    ] GC(24) Large Pages: 38 / 262M, Empty: 248M, Relocated: 0M, In-Place: 0
[36.616s][info][gc,reloc    ] GC(24) Forwarding Usage: 11M
[36.616s][info][gc,heap     ] GC(24) Min Capacity: 8192M(100%)
[36.616s][info][gc,heap     ] GC(24) Max Capacity: 8192M(100%)
[36.616s][info][gc,heap     ] GC(24) Soft Max Capacity: 8192M(100%)
[36.616s][info][gc,heap     ] GC(24)                Mark Start          Mark End        Relocate Start      Relocate End           High               Low         
[36.616s][info][gc,heap     ] GC(24)  Capacity:     8192M (100%)       8192M (100%)       8192M (100%)       8192M (100%)       8192M (100%)       8192M (100%)   
[36.616s][info][gc,heap     ] GC(24)      Free:     3116M (38%)        2982M (36%)        7544M (92%)        7844M (96%)        7844M (96%)        2970M (36%)    
[36.616s][info][gc,heap     ] GC(24)      Used:     5076M (62%)        5210M (64%)         648M (8%)          348M (4%)         5222M (64%)         348M (4%)     
[36.616s][info][gc,heap     ] GC(24)      Live:         -               163M (2%)          163M (2%)          163M (2%)             -                  -          
[36.616s][info][gc,heap     ] GC(24) Allocated:         -               134M (2%)          154M (2%)          164M (2%)             -                  -          
[36.616s][info][gc,heap     ] GC(24)   Garbage:         -              4912M (60%)         330M (4%)           19M (0%)             -                  -          
[36.616s][info][gc,heap     ] GC(24) Reclaimed:         -                  -              4582M (56%)        4892M (60%)            -                  -          
[36.617s][info][gc          ] GC(24) Garbage Collection (Allocation Rate) 5076M(62%)->348M(4%)
[40.187s][info][gc,start    ] GC(25) Garbage Collection (System.gc())
[40.187s][info][gc,task     ] GC(25) Using 2 workers
[40.187s][info][gc,phases   ] GC(25) Pause Mark Start 0.009ms
[40.248s][info][gc,phases   ] GC(25) Concurrent Mark 60.813ms
[40.248s][info][gc,phases   ] GC(25) Pause Mark End 0.023ms
[40.248s][info][gc,phases   ] GC(25) Concurrent Mark Free 0.003ms
[40.254s][info][gc,phases   ] GC(25) Concurrent Process Non-Strong References 5.553ms
[40.254s][info][gc,phases   ] GC(25) Concurrent Reset Relocation Set 0.014ms
[40.257s][info][gc,phases   ] GC(25) Concurrent Select Relocation Set 2.606ms
[40.257s][info][gc,phases   ] GC(25) Pause Relocate Start 0.011ms
[40.265s][info][gc,phases   ] GC(25) Concurrent Relocate 8.454ms
[40.265s][info][gc,load     ] GC(25) Load: 0.00/0.00/0.00
[40.265s][info][gc,mmu      ] GC(25) MMU: 2ms/80.5%, 5ms/92.2%, 10ms/96.1%, 20ms/96.3%, 50ms/97.1%, 100ms/97.5%
[40.265s][info][gc,marking  ] GC(25) Mark: 2 stripe(s), 1 proactive flush(es), 1 terminate flush(es), 0 completion(s), 0 continuation(s) 
[40.265s][info][gc,marking  ] GC(25) Mark Stack Usage: 32M
[40.265s][info][gc,nmethod  ] GC(25) NMethods: 4382 registered, 0 unregistered
[40.265s][info][gc,metaspace] GC(25) Metaspace: 33M used, 33M committed, 1088M reserved
[40.266s][info][gc,ref      ] GC(25) Soft: 4016 encountered, 0 discovered, 0 enqueued
[40.266s][info][gc,ref      ] GC(25) Weak: 24427 encountered, 23343 discovered, 22713 enqueued
[40.266s][info][gc,ref      ] GC(25) Final: 7 encountered, 2 discovered, 0 enqueued
[40.266s][info][gc,ref      ] GC(25) Phantom: 714 encountered, 642 discovered, 0 enqueued
[40.266s][info][gc,reloc    ] GC(25) Small Pages: 959 / 1918M, Empty: 1178M, Relocated: 13M, In-Place: 0
[40.266s][info][gc,reloc    ] GC(25) Medium Pages: 28 / 896M, Empty: 832M, Relocated: 15M, In-Place: 0
[40.266s][info][gc,reloc    ] GC(25) Large Pages: 264 / 1844M, Empty: 1844M, Relocated: 0M, In-Place: 0
[40.266s][info][gc,reloc    ] GC(25) Forwarding Usage: 4M
[40.266s][info][gc,heap     ] GC(25) Min Capacity: 8192M(100%)
[40.266s][info][gc,heap     ] GC(25) Max Capacity: 8192M(100%)
[40.266s][info][gc,heap     ] GC(25) Soft Max Capacity: 8192M(100%)
[40.266s][info][gc,heap     ] GC(25)                Mark Start          Mark End        Relocate Start      Relocate End           High               Low         
[40.266s][info][gc,heap     ] GC(25)  Capacity:     8192M (100%)       8192M (100%)       8192M (100%)       8192M (100%)       8192M (100%)       8192M (100%)   
[40.266s][info][gc,heap     ] GC(25)      Free:     3534M (43%)        3534M (43%)        7388M (90%)        8044M (98%)        8044M (98%)        3534M (43%)    
[40.266s][info][gc,heap     ] GC(25)      Used:     4658M (57%)        4658M (57%)         804M (10%)         148M (2%)         4658M (57%)         148M (2%)     
[40.266s][info][gc,heap     ] GC(25)      Live:         -               124M (2%)          124M (2%)          124M (2%)             -                  -          
[40.266s][info][gc,heap     ] GC(25) Allocated:         -                 0M (0%)            0M (0%)            1M (0%)             -                  -          
[40.266s][info][gc,heap     ] GC(25)   Garbage:         -              4533M (55%)         679M (8%)           21M (0%)             -                  -          
[40.266s][info][gc,heap     ] GC(25) Reclaimed:         -                  -              3854M (47%)        4511M (55%)            -                  -          
[40.266s][info][gc          ] GC(25) Garbage Collection (System.gc()) 4658M(57%)->148M(2%)
[40.327s][info][gc,stats    ] === Garbage Collection Statistics =======================================================================================================================
[40.327s][info][gc,stats    ]                                                              Last 10s              Last 10m              Last 10h                Total
[40.327s][info][gc,stats    ]                                                              Avg / Max             Avg / Max             Avg / Max             Avg / Max
[40.327s][info][gc,stats    ]   Collector: Garbage Collection Cycle                    124.846 / 195.969     122.167 / 379.439     122.167 / 379.439     122.167 / 379.439     ms
[40.327s][info][gc,stats    ]  Contention: Mark Segment Reset Contention                     0 / 1                 0 / 26                0 / 26                0 / 26          ops/s
[40.327s][info][gc,stats    ]  Contention: Mark SeqNum Reset Contention                      0 / 0                 0 / 1                 0 / 1                 0 / 1           ops/s
[40.327s][info][gc,stats    ]    Critical: Allocation Stall                                  0 / 0                 0 / 0                 0 / 0                 0 / 0           ops/s
[40.327s][info][gc,stats    ]    Critical: Allocation Stall                              0.000 / 0.000         0.000 / 0.000         0.000 / 0.000         0.000 / 0.000       ms
[40.327s][info][gc,stats    ]    Critical: GC Locker Stall                                   0 / 0                 0 / 0                 0 / 0                 0 / 0           ops/s
[40.327s][info][gc,stats    ]    Critical: GC Locker Stall                               0.000 / 0.000         0.000 / 0.000         0.000 / 0.000         0.000 / 0.000       ms
[40.327s][info][gc,stats    ]    Critical: Relocation Stall                                  0 / 0                 0 / 0                 0 / 0                 0 / 0           ops/s
[40.327s][info][gc,stats    ]    Critical: Relocation Stall                              0.000 / 0.000         0.000 / 0.000         0.000 / 0.000         0.000 / 0.000       ms
[40.327s][info][gc,stats    ]      Memory: Allocation Rate                                2378 / 6478           2234 / 6636           2234 / 6636           2234 / 6636        MB/s
[40.327s][info][gc,stats    ]      Memory: Out Of Memory                                     0 / 0                 0 / 0                 0 / 0                 0 / 0           ops/s
[40.327s][info][gc,stats    ]      Memory: Page Cache Flush                                154 / 538              50 / 538              50 / 538              50 / 538         MB/s
[40.327s][info][gc,stats    ]      Memory: Page Cache Hit L1                               940 / 3187            906 / 3321            906 / 3321            906 / 3321        ops/s
[40.327s][info][gc,stats    ]      Memory: Page Cache Hit L2                                 0 / 0                 0 / 0                 0 / 0                 0 / 0           ops/s
[40.327s][info][gc,stats    ]      Memory: Page Cache Hit L3                                34 / 228              94 / 635              94 / 635              94 / 635         ops/s
[40.327s][info][gc,stats    ]      Memory: Page Cache Miss                                  16 / 56                5 / 56                5 / 56                5 / 56          ops/s
[40.327s][info][gc,stats    ]      Memory: Uncommit                                          0 / 0                 0 / 0                 0 / 0                 0 / 0           MB/s
[40.327s][info][gc,stats    ]      Memory: Undo Object Allocation Failed                     0 / 0                 0 / 0                 0 / 0                 0 / 0           ops/s
[40.327s][info][gc,stats    ]      Memory: Undo Object Allocation Succeeded                  0 / 0                 0 / 5                 0 / 5                 0 / 5           ops/s
[40.327s][info][gc,stats    ]      Memory: Undo Page Allocation                              0 / 1                 0 / 3                 0 / 3                 0 / 3           ops/s
[40.327s][info][gc,stats    ]       Phase: Concurrent Mark                             103.118 / 148.109      84.943 / 175.471      84.943 / 175.471      84.943 / 175.471     ms
[40.327s][info][gc,stats    ]       Phase: Concurrent Mark Continue                      0.000 / 0.000        15.048 / 15.380       15.048 / 15.380       15.048 / 15.380      ms
[40.327s][info][gc,stats    ]       Phase: Concurrent Mark Free                          0.001 / 0.003         0.001 / 0.003         0.001 / 0.003         0.001 / 0.003       ms
[40.327s][info][gc,stats    ]       Phase: Concurrent Process Non-Strong References      6.993 / 10.084        7.132 / 25.070        7.132 / 25.070        7.132 / 25.070      ms
[40.327s][info][gc,stats    ]       Phase: Concurrent Relocate                          10.384 / 31.200       11.339 / 76.380       11.339 / 76.380       11.339 / 76.380      ms
[40.327s][info][gc,stats    ]       Phase: Concurrent Reset Relocation Set               0.011 / 0.023         0.009 / 0.034         0.009 / 0.034         0.009 / 0.034       ms
[40.327s][info][gc,stats    ]       Phase: Concurrent Select Relocation Set              3.353 / 5.761         3.731 / 8.915         3.731 / 8.915         3.731 / 8.915       ms
[40.327s][info][gc,stats    ]       Phase: Pause Mark End                                0.025 / 0.057         0.145 / 0.390         0.145 / 0.390         0.145 / 0.390       ms
[40.327s][info][gc,stats    ]       Phase: Pause Mark Start                              0.009 / 0.016         0.009 / 0.018         0.009 / 0.018         0.009 / 0.018       ms
[40.327s][info][gc,stats    ]       Phase: Pause Relocate Start                          0.011 / 0.013         0.011 / 0.024         0.011 / 0.024         0.011 / 0.024       ms
[40.328s][info][gc,stats    ]    Subphase: Concurrent Classes Purge                      0.259 / 0.437         0.214 / 0.437         0.214 / 0.437         0.214 / 0.437       ms
[40.328s][info][gc,stats    ]    Subphase: Concurrent Classes Unlink                     5.073 / 8.837         5.082 / 23.760        5.082 / 23.760        5.082 / 23.760      ms
[40.328s][info][gc,stats    ]    Subphase: Concurrent Mark                              88.783 / 146.986      46.374 / 174.386      46.374 / 174.386      46.374 / 174.386     ms
[40.328s][info][gc,stats    ]    Subphase: Concurrent Mark Try Flush                     0.090 / 0.411         0.454 / 15.690        0.454 / 15.690        0.454 / 15.690      ms
[40.328s][info][gc,stats    ]    Subphase: Concurrent Mark Try Terminate                 2.782 / 14.415        3.655 / 15.968        3.655 / 15.968        3.655 / 15.968      ms
[40.328s][info][gc,stats    ]    Subphase: Concurrent References Enqueue                 0.004 / 0.007         0.003 / 0.008         0.003 / 0.008         0.003 / 0.008       ms
[40.328s][info][gc,stats    ]    Subphase: Concurrent References Process                 1.144 / 2.005         0.743 / 2.457         0.743 / 2.457         0.743 / 2.457       ms
[40.328s][info][gc,stats    ]    Subphase: Concurrent Roots ClassLoaderDataGraph         0.093 / 0.163         0.135 / 0.537         0.135 / 0.537         0.135 / 0.537       ms
[40.328s][info][gc,stats    ]    Subphase: Concurrent Roots CodeCache                    0.000 / 0.000         0.000 / 0.000         0.000 / 0.000         0.000 / 0.000       ms
[40.328s][info][gc,stats    ]    Subphase: Concurrent Roots JavaThreads                  0.368 / 0.816         0.394 / 1.258         0.394 / 1.258         0.394 / 1.258       ms
[40.328s][info][gc,stats    ]    Subphase: Concurrent Roots OopStorageSet                0.025 / 0.037         0.034 / 0.124         0.034 / 0.124         0.034 / 0.124       ms
[40.328s][info][gc,stats    ]    Subphase: Concurrent Weak Roots OopStorageSet           0.304 / 0.579         0.365 / 1.123         0.365 / 1.123         0.365 / 1.123       ms
[40.328s][info][gc,stats    ]    Subphase: Pause Mark Try Complete                       0.009 / 0.009         0.214 / 0.301         0.214 / 0.301         0.214 / 0.301       ms
[40.328s][info][gc,stats    ]      System: Java Threads                                     18 / 21               17 / 22               17 / 22               17 / 22          threads
[40.328s][info][gc,stats    ] =========================================================================================================================================================
[40.923s][info][gc,start    ] GC(26) Garbage Collection (Allocation Rate)
[40.924s][info][gc,task     ] GC(26) Using 2 workers
[40.924s][info][gc,phases   ] GC(26) Pause Mark Start 0.008ms
[41.017s][info][gc,phases   ] GC(26) Concurrent Mark 78.447ms
[41.018s][info][gc,phases   ] GC(26) Pause Mark End 0.019ms
[41.018s][info][gc,phases   ] GC(26) Concurrent Mark Free 0.001ms
[41.022s][info][gc,phases   ] GC(26) Concurrent Process Non-Strong References 4.522ms
[41.022s][info][gc,phases   ] GC(26) Concurrent Reset Relocation Set 0.023ms
[41.025s][info][gc,phases   ] GC(26) Concurrent Select Relocation Set 2.999ms
[41.025s][info][gc,phases   ] GC(26) Pause Relocate Start 0.010ms
[41.028s][info][gc,phases   ] GC(26) Concurrent Relocate 2.594ms
[41.028s][info][gc,load     ] GC(26) Load: 0.00/0.00/0.00
[41.028s][info][gc,mmu      ] GC(26) MMU: 2ms/80.5%, 5ms/92.2%, 10ms/96.1%, 20ms/96.3%, 50ms/97.1%, 100ms/97.5%
[41.028s][info][gc,marking  ] GC(26) Mark: 2 stripe(s), 1 proactive flush(es), 1 terminate flush(es), 0 completion(s), 0 continuation(s) 
[41.028s][info][gc,marking  ] GC(26) Mark Stack Usage: 32M
[41.028s][info][gc,nmethod  ] GC(26) NMethods: 4384 registered, 0 unregistered
[41.028s][info][gc,metaspace] GC(26) Metaspace: 33M used, 33M committed, 1088M reserved
[41.028s][info][gc,ref      ] GC(26) Soft: 4016 encountered, 0 discovered, 0 enqueued
[41.028s][info][gc,ref      ] GC(26) Weak: 1732 encountered, 56 discovered, 0 enqueued
[41.028s][info][gc,ref      ] GC(26) Final: 7 encountered, 2 discovered, 0 enqueued
[41.028s][info][gc,ref      ] GC(26) Phantom: 714 encountered, 632 discovered, 0 enqueued
[41.028s][info][gc,reloc    ] GC(26) Small Pages: 2467 / 4934M, Empty: 4796M, Relocated: 3M, In-Place: 0
[41.028s][info][gc,reloc    ] GC(26) Medium Pages: 1 / 32M, Empty: 0M, Relocated: 0M, In-Place: 0
[41.028s][info][gc,reloc    ] GC(26) Large Pages: 0 / 0M, Empty: 0M, Relocated: 0M, In-Place: 0
[41.028s][info][gc,reloc    ] GC(26) Forwarding Usage: 1M
[41.028s][info][gc,heap     ] GC(26) Min Capacity: 8192M(100%)
[41.028s][info][gc,heap     ] GC(26) Max Capacity: 8192M(100%)
[41.028s][info][gc,heap     ] GC(26) Soft Max Capacity: 8192M(100%)
[41.028s][info][gc,heap     ] GC(26)                Mark Start          Mark End        Relocate Start      Relocate End           High               Low         
[41.028s][info][gc,heap     ] GC(26)  Capacity:     8192M (100%)       8192M (100%)       8192M (100%)       8192M (100%)       8192M (100%)       8192M (100%)   
[41.028s][info][gc,heap     ] GC(26)      Free:     3226M (39%)        2830M (35%)        7598M (93%)        7610M (93%)        7618M (93%)        2810M (34%)    
[41.028s][info][gc,heap     ] GC(26)      Used:     4966M (61%)        5362M (65%)         594M (7%)          582M (7%)         5382M (66%)         574M (7%)     
[41.028s][info][gc,heap     ] GC(26)      Live:         -               124M (2%)          124M (2%)          124M (2%)             -                  -          
[41.028s][info][gc,heap     ] GC(26) Allocated:         -               396M (5%)          424M (5%)          435M (5%)             -                  -          
[41.028s][info][gc,heap     ] GC(26)   Garbage:         -              4841M (59%)          45M (1%)           21M (0%)             -                  -          
[41.028s][info][gc,heap     ] GC(26) Reclaimed:         -                  -              4796M (59%)        4819M (59%)            -                  -          
[41.028s][info][gc          ] GC(26) Garbage Collection (Allocation Rate) 4966M(61%)->582M(7%)
[41.926s][info][gc,start    ] GC(27) Garbage Collection (Allocation Rate)
[41.926s][info][gc,task     ] GC(27) Using 1 workers
[41.927s][info][gc,phases   ] GC(27) Pause Mark Start 0.005ms
[42.059s][info][gc,phases   ] GC(27) Concurrent Mark 131.579ms
[42.059s][info][gc,phases   ] GC(27) Pause Mark End 0.012ms
[42.059s][info][gc,phases   ] GC(27) Concurrent Mark Free 0.001ms
[42.069s][info][gc,phases   ] GC(27) Concurrent Process Non-Strong References 10.280ms
[42.069s][info][gc,phases   ] GC(27) Concurrent Reset Relocation Set 0.003ms
[42.073s][info][gc,phases   ] GC(27) Concurrent Select Relocation Set 3.797ms
[42.073s][info][gc,phases   ] GC(27) Pause Relocate Start 0.023ms
[42.075s][info][gc,phases   ] GC(27) Concurrent Relocate 1.439ms
[42.075s][info][gc,load     ] GC(27) Load: 0.00/0.00/0.00
[42.075s][info][gc,mmu      ] GC(27) MMU: 2ms/80.5%, 5ms/92.2%, 10ms/96.1%, 20ms/96.3%, 50ms/97.1%, 100ms/97.5%
[42.075s][info][gc,marking  ] GC(27) Mark: 1 stripe(s), 2 proactive flush(es), 1 terminate flush(es), 0 completion(s), 0 continuation(s) 
[42.075s][info][gc,marking  ] GC(27) Mark Stack Usage: 32M
[42.075s][info][gc,nmethod  ] GC(27) NMethods: 4384 registered, 0 unregistered
[42.075s][info][gc,metaspace] GC(27) Metaspace: 33M used, 33M committed, 1088M reserved
[42.075s][info][gc,ref      ] GC(27) Soft: 4016 encountered, 0 discovered, 0 enqueued
[42.075s][info][gc,ref      ] GC(27) Weak: 1732 encountered, 1284 discovered, 0 enqueued
[42.075s][info][gc,ref      ] GC(27) Final: 7 encountered, 7 discovered, 0 enqueued
[42.075s][info][gc,ref      ] GC(27) Phantom: 714 encountered, 665 discovered, 0 enqueued
[42.075s][info][gc,reloc    ] GC(27) Small Pages: 2797 / 5594M, Empty: 5450M, Relocated: 1M, In-Place: 0
[42.075s][info][gc,reloc    ] GC(27) Medium Pages: 1 / 32M, Empty: 0M, Relocated: 0M, In-Place: 0
[42.075s][info][gc,reloc    ] GC(27) Large Pages: 0 / 0M, Empty: 0M, Relocated: 0M, In-Place: 0
[42.075s][info][gc,reloc    ] GC(27) Forwarding Usage: 0M
[42.075s][info][gc,heap     ] GC(27) Min Capacity: 8192M(100%)
[42.075s][info][gc,heap     ] GC(27) Max Capacity: 8192M(100%)
[42.075s][info][gc,heap     ] GC(27) Soft Max Capacity: 8192M(100%)
[42.075s][info][gc,heap     ] GC(27)                Mark Start          Mark End        Relocate Start      Relocate End           High               Low         
[42.075s][info][gc,heap     ] GC(27)  Capacity:     8192M (100%)       8192M (100%)       8192M (100%)       8192M (100%)       8192M (100%)       8192M (100%)   
[42.075s][info][gc,heap     ] GC(27)      Free:     2566M (31%)        2062M (25%)        7456M (91%)        7482M (91%)        7486M (91%)        2022M (25%)    
[42.075s][info][gc,heap     ] GC(27)      Used:     5626M (69%)        6130M (75%)         736M (9%)          710M (9%)         6170M (75%)         706M (9%)     
[42.075s][info][gc,heap     ] GC(27)      Live:         -               124M (2%)          124M (2%)          124M (2%)             -                  -          
[42.075s][info][gc,heap     ] GC(27) Allocated:         -               504M (6%)          560M (7%)          565M (7%)             -                  -          
[42.075s][info][gc,heap     ] GC(27)   Garbage:         -              5501M (67%)          51M (1%)           19M (0%)             -                  -          
[42.075s][info][gc,heap     ] GC(27) Reclaimed:         -                  -              5450M (67%)        5481M (67%)            -                  -          
[42.075s][info][gc          ] GC(27) Garbage Collection (Allocation Rate) 5626M(69%)->710M(9%)
[43.529s][info][gc,start    ] GC(28) Garbage Collection (Allocation Rate)
[43.529s][info][gc,task     ] GC(28) Using 1 workers
[43.529s][info][gc,phases   ] GC(28) Pause Mark Start 0.008ms
[43.683s][info][gc,phases   ] GC(28) Concurrent Mark 153.908ms
[43.683s][info][gc,phases   ] GC(28) Pause Mark End 0.073ms
[43.683s][info][gc,phases   ] GC(28) Concurrent Mark Free 0.001ms
[43.692s][info][gc,phases   ] GC(28) Concurrent Process Non-Strong References 8.569ms
[43.692s][info][gc,phases   ] GC(28) Concurrent Reset Relocation Set 0.002ms
[43.698s][info][gc,phases   ] GC(28) Concurrent Select Relocation Set 5.892ms
[43.698s][info][gc,phases   ] GC(28) Pause Relocate Start 0.017ms
[43.730s][info][gc,phases   ] GC(28) Concurrent Relocate 32.024ms
[43.730s][info][gc,load     ] GC(28) Load: 0.00/0.00/0.00
[43.730s][info][gc,mmu      ] GC(28) MMU: 2ms/80.5%, 5ms/92.2%, 10ms/96.1%, 20ms/96.3%, 50ms/97.1%, 100ms/97.5%
[43.730s][info][gc,marking  ] GC(28) Mark: 1 stripe(s), 6 proactive flush(es), 3 terminate flush(es), 1 completion(s), 0 continuation(s) 
[43.730s][info][gc,marking  ] GC(28) Mark Stack Usage: 32M
[43.730s][info][gc,nmethod  ] GC(28) NMethods: 4389 registered, 0 unregistered
[43.730s][info][gc,metaspace] GC(28) Metaspace: 33M used, 33M committed, 1088M reserved
[43.730s][info][gc,ref      ] GC(28) Soft: 4016 encountered, 0 discovered, 0 enqueued
[43.730s][info][gc,ref      ] GC(28) Weak: 20879 encountered, 17475 discovered, 5099 enqueued
[43.730s][info][gc,ref      ] GC(28) Final: 7 encountered, 7 discovered, 0 enqueued
[43.730s][info][gc,ref      ] GC(28) Phantom: 720 encountered, 671 discovered, 0 enqueued
[43.730s][info][gc,reloc    ] GC(28) Small Pages: 2477 / 4954M, Empty: 4520M, Relocated: 36M, In-Place: 0
[43.731s][info][gc,reloc    ] GC(28) Medium Pages: 6 / 192M, Empty: 160M, Relocated: 0M, In-Place: 0
[43.731s][info][gc,reloc    ] GC(28) Large Pages: 42 / 292M, Empty: 292M, Relocated: 0M, In-Place: 0
[43.731s][info][gc,reloc    ] GC(28) Forwarding Usage: 10M
[43.731s][info][gc,heap     ] GC(28) Min Capacity: 8192M(100%)
[43.731s][info][gc,heap     ] GC(28) Max Capacity: 8192M(100%)
[43.731s][info][gc,heap     ] GC(28) Soft Max Capacity: 8192M(100%)
[43.731s][info][gc,heap     ] GC(28)                Mark Start          Mark End        Relocate Start      Relocate End           High               Low         
[43.731s][info][gc,heap     ] GC(28)  Capacity:     8192M (100%)       8192M (100%)       8192M (100%)       8192M (100%)       8192M (100%)       8192M (100%)   
[43.731s][info][gc,heap     ] GC(28)      Free:     2754M (34%)        2606M (32%)        7564M (92%)        7800M (95%)        7830M (96%)        2600M (32%)    
[43.731s][info][gc,heap     ] GC(28)      Used:     5438M (66%)        5586M (68%)         628M (8%)          392M (5%)         5592M (68%)         362M (4%)     
[43.731s][info][gc,heap     ] GC(28)      Live:         -               149M (2%)          149M (2%)          149M (2%)             -                  -          
[43.731s][info][gc,heap     ] GC(28) Allocated:         -               148M (2%)          162M (2%)          221M (3%)             -                  -          
[43.731s][info][gc,heap     ] GC(28)   Garbage:         -              5288M (65%)         316M (4%)           21M (0%)             -                  -          
[43.731s][info][gc,heap     ] GC(28) Reclaimed:         -                  -              4972M (61%)        5267M (64%)            -                  -          
[43.731s][info][gc          ] GC(28) Garbage Collection (Allocation Rate) 5438M(66%)->392M(5%)
[46.651s][info][gc,start    ] GC(29) Garbage Collection (System.gc())
[46.651s][info][gc,task     ] GC(29) Using 2 workers
[46.651s][info][gc,phases   ] GC(29) Pause Mark Start 0.007ms
[46.709s][info][gc,phases   ] GC(29) Concurrent Mark 58.647ms
[46.710s][info][gc,phases   ] GC(29) Pause Mark End 0.021ms
[46.710s][info][gc,phases   ] GC(29) Concurrent Mark Free 0.002ms
[46.716s][info][gc,phases   ] GC(29) Concurrent Process Non-Strong References 5.815ms
[46.716s][info][gc,phases   ] GC(29) Concurrent Reset Relocation Set 0.013ms
[46.718s][info][gc,phases   ] GC(29) Concurrent Select Relocation Set 2.477ms
[46.718s][info][gc,phases   ] GC(29) Pause Relocate Start 0.010ms
[46.725s][info][gc,phases   ] GC(29) Concurrent Relocate 6.971ms
[46.725s][info][gc,load     ] GC(29) Load: 0.00/0.00/0.00
[46.725s][info][gc,mmu      ] GC(29) MMU: 2ms/80.5%, 5ms/92.2%, 10ms/96.1%, 20ms/96.3%, 50ms/97.1%, 100ms/97.5%
[46.725s][info][gc,marking  ] GC(29) Mark: 2 stripe(s), 1 proactive flush(es), 1 terminate flush(es), 0 completion(s), 0 continuation(s) 
[46.726s][info][gc,marking  ] GC(29) Mark Stack Usage: 32M
[46.726s][info][gc,nmethod  ] GC(29) NMethods: 4393 registered, 0 unregistered
[46.726s][info][gc,metaspace] GC(29) Metaspace: 33M used, 33M committed, 1088M reserved
[46.726s][info][gc,ref      ] GC(29) Soft: 4016 encountered, 0 discovered, 0 enqueued
[46.726s][info][gc,ref      ] GC(29) Weak: 24627 encountered, 23980 discovered, 22913 enqueued
[46.726s][info][gc,ref      ] GC(29) Final: 7 encountered, 5 discovered, 0 enqueued
[46.726s][info][gc,ref      ] GC(29) Phantom: 714 encountered, 642 discovered, 0 enqueued
[46.726s][info][gc,reloc    ] GC(29) Small Pages: 867 / 1734M, Empty: 1068M, Relocated: 10M, In-Place: 0
[46.726s][info][gc,reloc    ] GC(29) Medium Pages: 24 / 768M, Empty: 704M, Relocated: 14M, In-Place: 0
[46.726s][info][gc,reloc    ] GC(29) Large Pages: 216 / 1502M, Empty: 1502M, Relocated: 0M, In-Place: 0
[46.726s][info][gc,reloc    ] GC(29) Forwarding Usage: 3M
[46.726s][info][gc,heap     ] GC(29) Min Capacity: 8192M(100%)
[46.726s][info][gc,heap     ] GC(29) Max Capacity: 8192M(100%)
[46.726s][info][gc,heap     ] GC(29) Soft Max Capacity: 8192M(100%)
[46.726s][info][gc,heap     ] GC(29)                Mark Start          Mark End        Relocate Start      Relocate End           High               Low         
[46.726s][info][gc,heap     ] GC(29)  Capacity:     8192M (100%)       8192M (100%)       8192M (100%)       8192M (100%)       8192M (100%)       8192M (100%)   
[46.726s][info][gc,heap     ] GC(29)      Free:     4188M (51%)        4188M (51%)        7462M (91%)        8046M (98%)        8046M (98%)        4188M (51%)    
[46.726s][info][gc,heap     ] GC(29)      Used:     4004M (49%)        4004M (49%)         730M (9%)          146M (2%)         4004M (49%)         146M (2%)     
[46.726s][info][gc,heap     ] GC(29)      Live:         -               123M (2%)          123M (2%)          123M (2%)             -                  -          
[46.726s][info][gc,heap     ] GC(29) Allocated:         -                 0M (0%)            0M (0%)            0M (0%)             -                  -          
[46.726s][info][gc,heap     ] GC(29)   Garbage:         -              3880M (47%)         606M (7%)           22M (0%)             -                  -          
[46.726s][info][gc,heap     ] GC(29) Reclaimed:         -                  -              3274M (40%)        3858M (47%)            -                  -          
[46.726s][info][gc          ] GC(29) Garbage Collection (System.gc()) 4004M(49%)->146M(2%)
[47.432s][info][gc,start    ] GC(30) Garbage Collection (Allocation Rate)
[47.432s][info][gc,task     ] GC(30) Using 2 workers
[47.432s][info][gc,phases   ] GC(30) Pause Mark Start 0.006ms
[47.526s][info][gc,phases   ] GC(30) Concurrent Mark 93.770ms
[47.527s][info][gc,phases   ] GC(30) Pause Mark End 0.015ms
[47.527s][info][gc,phases   ] GC(30) Concurrent Mark Free 0.001ms
[47.533s][info][gc,phases   ] GC(30) Concurrent Process Non-Strong References 5.850ms
[47.533s][info][gc,phases   ] GC(30) Concurrent Reset Relocation Set 0.049ms
[47.537s][info][gc,phases   ] GC(30) Concurrent Select Relocation Set 4.142ms
[47.537s][info][gc,phases   ] GC(30) Pause Relocate Start 0.009ms
[47.538s][info][gc,phases   ] GC(30) Concurrent Relocate 0.598ms
[47.538s][info][gc,load     ] GC(30) Load: 0.00/0.00/0.00
[47.538s][info][gc,mmu      ] GC(30) MMU: 2ms/80.5%, 5ms/92.2%, 10ms/96.1%, 20ms/96.3%, 50ms/97.1%, 100ms/97.5%
[47.538s][info][gc,marking  ] GC(30) Mark: 2 stripe(s), 2 proactive flush(es), 1 terminate flush(es), 0 completion(s), 0 continuation(s) 
[47.538s][info][gc,marking  ] GC(30) Mark Stack Usage: 32M
[47.538s][info][gc,nmethod  ] GC(30) NMethods: 4395 registered, 0 unregistered
[47.538s][info][gc,metaspace] GC(30) Metaspace: 33M used, 33M committed, 1088M reserved
[47.538s][info][gc,ref      ] GC(30) Soft: 4016 encountered, 0 discovered, 0 enqueued
[47.538s][info][gc,ref      ] GC(30) Weak: 1732 encountered, 1102 discovered, 0 enqueued
[47.538s][info][gc,ref      ] GC(30) Final: 7 encountered, 7 discovered, 0 enqueued
[47.538s][info][gc,ref      ] GC(30) Phantom: 714 encountered, 584 discovered, 0 enqueued
[47.538s][info][gc,reloc    ] GC(30) Small Pages: 2619 / 5238M, Empty: 5094M, Relocated: 1M, In-Place: 0
[47.538s][info][gc,reloc    ] GC(30) Medium Pages: 1 / 32M, Empty: 0M, Relocated: 0M, In-Place: 0
[47.538s][info][gc,reloc    ] GC(30) Large Pages: 0 / 0M, Empty: 0M, Relocated: 0M, In-Place: 0
[47.538s][info][gc,reloc    ] GC(30) Forwarding Usage: 0M
[47.538s][info][gc,heap     ] GC(30) Min Capacity: 8192M(100%)
[47.538s][info][gc,heap     ] GC(30) Max Capacity: 8192M(100%)
[47.538s][info][gc,heap     ] GC(30) Soft Max Capacity: 8192M(100%)
[47.538s][info][gc,heap     ] GC(30)                Mark Start          Mark End        Relocate Start      Relocate End           High               Low         
[47.538s][info][gc,heap     ] GC(30)  Capacity:     8192M (100%)       8192M (100%)       8192M (100%)       8192M (100%)       8192M (100%)       8192M (100%)   
[47.538s][info][gc,heap     ] GC(30)      Free:     2922M (36%)        2484M (30%)        7526M (92%)        7546M (92%)        7548M (92%)        2446M (30%)    
[47.538s][info][gc,heap     ] GC(30)      Used:     5270M (64%)        5708M (70%)         666M (8%)          646M (8%)         5746M (70%)         644M (8%)     
[47.538s][info][gc,heap     ] GC(30)      Live:         -               124M (2%)          124M (2%)          124M (2%)             -                  -          
[47.538s][info][gc,heap     ] GC(30) Allocated:         -               438M (5%)          490M (6%)          497M (6%)             -                  -          
[47.538s][info][gc,heap     ] GC(30)   Garbage:         -              5145M (63%)          51M (1%)           23M (0%)             -                  -          
[47.538s][info][gc,heap     ] GC(30) Reclaimed:         -                  -              5094M (62%)        5121M (63%)            -                  -          
[47.538s][info][gc          ] GC(30) Garbage Collection (Allocation Rate) 5270M(64%)->646M(8%)
[48.437s][info][gc,start    ] GC(31) Garbage Collection (Allocation Rate)
[48.437s][info][gc,task     ] GC(31) Using 1 workers
[48.437s][info][gc,phases   ] GC(31) Pause Mark Start 0.008ms
[48.565s][info][gc,phases   ] GC(31) Concurrent Mark 128.160ms
[48.565s][info][gc,phases   ] GC(31) Pause Mark End 0.011ms
[48.565s][info][gc,phases   ] GC(31) Concurrent Mark Free 0.001ms
[48.575s][info][gc,phases   ] GC(31) Concurrent Process Non-Strong References 9.685ms
[48.575s][info][gc,phases   ] GC(31) Concurrent Reset Relocation Set 0.003ms
[48.578s][info][gc,phases   ] GC(31) Concurrent Select Relocation Set 3.039ms
[48.578s][info][gc,phases   ] GC(31) Pause Relocate Start 0.007ms
[48.579s][info][gc,phases   ] GC(31) Concurrent Relocate 0.606ms
[48.579s][info][gc,load     ] GC(31) Load: 0.00/0.00/0.00
[48.579s][info][gc,mmu      ] GC(31) MMU: 2ms/80.5%, 5ms/92.2%, 10ms/96.1%, 20ms/96.3%, 50ms/97.1%, 100ms/97.5%
[48.579s][info][gc,marking  ] GC(31) Mark: 1 stripe(s), 2 proactive flush(es), 1 terminate flush(es), 0 completion(s), 0 continuation(s) 
[48.579s][info][gc,marking  ] GC(31) Mark Stack Usage: 32M
[48.579s][info][gc,nmethod  ] GC(31) NMethods: 4395 registered, 0 unregistered
[48.579s][info][gc,metaspace] GC(31) Metaspace: 33M used, 33M committed, 1088M reserved
[48.579s][info][gc,ref      ] GC(31) Soft: 4016 encountered, 0 discovered, 0 enqueued
[48.579s][info][gc,ref      ] GC(31) Weak: 1732 encountered, 1284 discovered, 0 enqueued
[48.579s][info][gc,ref      ] GC(31) Final: 7 encountered, 7 discovered, 0 enqueued
[48.579s][info][gc,ref      ] GC(31) Phantom: 714 encountered, 665 discovered, 0 enqueued
[48.579s][info][gc,reloc    ] GC(31) Small Pages: 2847 / 5694M, Empty: 5554M, Relocated: 1M, In-Place: 0
[48.579s][info][gc,reloc    ] GC(31) Medium Pages: 1 / 32M, Empty: 0M, Relocated: 0M, In-Place: 0
[48.579s][info][gc,reloc    ] GC(31) Large Pages: 0 / 0M, Empty: 0M, Relocated: 0M, In-Place: 0
[48.579s][info][gc,reloc    ] GC(31) Forwarding Usage: 0M
[48.579s][info][gc,heap     ] GC(31) Min Capacity: 8192M(100%)
[48.579s][info][gc,heap     ] GC(31) Max Capacity: 8192M(100%)
[48.579s][info][gc,heap     ] GC(31) Soft Max Capacity: 8192M(100%)
[48.579s][info][gc,heap     ] GC(31)                Mark Start          Mark End        Relocate Start      Relocate End           High               Low         
[48.579s][info][gc,heap     ] GC(31)  Capacity:     8192M (100%)       8192M (100%)       8192M (100%)       8192M (100%)       8192M (100%)       8192M (100%)   
[48.579s][info][gc,heap     ] GC(31)      Free:     2466M (30%)        1938M (24%)        7438M (91%)        7462M (91%)        7462M (91%)        1900M (23%)    
[48.579s][info][gc,heap     ] GC(31)      Used:     5726M (70%)        6254M (76%)         754M (9%)          730M (9%)         6292M (77%)         730M (9%)     
[48.579s][info][gc,heap     ] GC(31)      Live:         -               124M (2%)          124M (2%)          124M (2%)             -                  -          
[48.579s][info][gc,heap     ] GC(31) Allocated:         -               528M (6%)          582M (7%)          583M (7%)             -                  -          
[48.579s][info][gc,heap     ] GC(31)   Garbage:         -              5601M (68%)          47M (1%)           21M (0%)             -                  -          
[48.579s][info][gc,heap     ] GC(31) Reclaimed:         -                  -              5554M (68%)        5579M (68%)            -                  -          
[48.579s][info][gc          ] GC(31) Garbage Collection (Allocation Rate) 5726M(70%)->730M(9%)
[49.926s][info][gc,start    ] GC(32) Garbage Collection (Allocation Rate)
[49.926s][info][gc,task     ] GC(32) Using 1 workers
[49.926s][info][gc,phases   ] GC(32) Pause Mark Start 0.009ms
[50.080s][info][gc,phases   ] GC(32) Concurrent Mark 153.082ms
[50.080s][info][gc,phases   ] GC(32) Pause Mark End 0.122ms
[50.080s][info][gc,phases   ] GC(32) Concurrent Mark Free 0.001ms
[50.090s][info][gc,phases   ] GC(32) Concurrent Process Non-Strong References 9.747ms
[50.090s][info][gc,phases   ] GC(32) Concurrent Reset Relocation Set 0.002ms
[50.096s][info][gc,phases   ] GC(32) Concurrent Select Relocation Set 5.830ms
[50.096s][info][gc,phases   ] GC(32) Pause Relocate Start 0.017ms
[50.131s][info][gc,phases   ] GC(32) Concurrent Relocate 34.544ms
[50.131s][info][gc,load     ] GC(32) Load: 0.00/0.00/0.00
[50.131s][info][gc,mmu      ] GC(32) MMU: 2ms/80.5%, 5ms/92.2%, 10ms/96.1%, 20ms/96.3%, 50ms/97.1%, 100ms/97.5%
[50.131s][info][gc,marking  ] GC(32) Mark: 1 stripe(s), 4 proactive flush(es), 1 terminate flush(es), 1 completion(s), 0 continuation(s) 
[50.131s][info][gc,marking  ] GC(32) Mark Stack Usage: 32M
[50.131s][info][gc,nmethod  ] GC(32) NMethods: 4407 registered, 0 unregistered
[50.131s][info][gc,metaspace] GC(32) Metaspace: 33M used, 33M committed, 1088M reserved
[50.131s][info][gc,ref      ] GC(32) Soft: 4016 encountered, 0 discovered, 0 enqueued
[50.131s][info][gc,ref      ] GC(32) Weak: 21724 encountered, 18574 discovered, 4138 enqueued
[50.131s][info][gc,ref      ] GC(32) Final: 7 encountered, 7 discovered, 0 enqueued
[50.131s][info][gc,ref      ] GC(32) Phantom: 720 encountered, 671 discovered, 0 enqueued
[50.131s][info][gc,reloc    ] GC(32) Small Pages: 2279 / 4558M, Empty: 4122M, Relocated: 40M, In-Place: 0
[50.131s][info][gc,reloc    ] GC(32) Medium Pages: 6 / 192M, Empty: 160M, Relocated: 0M, In-Place: 0
[50.131s][info][gc,reloc    ] GC(32) Large Pages: 40 / 276M, Empty: 276M, Relocated: 0M, In-Place: 0
[50.131s][info][gc,reloc    ] GC(32) Forwarding Usage: 12M
[50.131s][info][gc,heap     ] GC(32) Min Capacity: 8192M(100%)
[50.131s][info][gc,heap     ] GC(32) Max Capacity: 8192M(100%)
[50.131s][info][gc,heap     ] GC(32) Soft Max Capacity: 8192M(100%)
[50.131s][info][gc,heap     ] GC(32)                Mark Start          Mark End        Relocate Start      Relocate End           High               Low         
[50.131s][info][gc,heap     ] GC(32)  Capacity:     8192M (100%)       8192M (100%)       8192M (100%)       8192M (100%)       8192M (100%)       8192M (100%)   
[50.131s][info][gc,heap     ] GC(32)      Free:     3166M (39%)        3020M (37%)        7532M (92%)        7798M (95%)        7802M (95%)        2974M (36%)    
[50.131s][info][gc,heap     ] GC(32)      Used:     5026M (61%)        5172M (63%)         660M (8%)          394M (5%)         5218M (64%)         390M (5%)     
[50.131s][info][gc,heap     ] GC(32)      Live:         -               151M (2%)          151M (2%)          151M (2%)             -                  -          
[50.131s][info][gc,heap     ] GC(32) Allocated:         -               146M (2%)          192M (2%)          220M (3%)             -                  -          
[50.131s][info][gc,heap     ] GC(32)   Garbage:         -              4874M (60%)         316M (4%)           21M (0%)             -                  -          
[50.131s][info][gc,heap     ] GC(32) Reclaimed:         -                  -              4558M (56%)        4852M (59%)            -                  -          
[50.131s][info][gc          ] GC(32) Garbage Collection (Allocation Rate) 5026M(61%)->394M(5%)
[50.335s][info][gc,stats    ] === Garbage Collection Statistics =======================================================================================================================
[50.335s][info][gc,stats    ]                                                              Last 10s              Last 10m              Last 10h                Total
[50.335s][info][gc,stats    ]                                                              Avg / Max             Avg / Max             Avg / Max             Avg / Max
[50.335s][info][gc,stats    ]   Collector: Garbage Collection Cycle                    140.265 / 204.316     126.006 / 379.439     126.006 / 379.439     126.006 / 379.439     ms
[50.335s][info][gc,stats    ]  Contention: Mark Segment Reset Contention                     0 / 0                 0 / 26                0 / 26                0 / 26          ops/s
[50.335s][info][gc,stats    ]  Contention: Mark SeqNum Reset Contention                      0 / 0                 0 / 1                 0 / 1                 0 / 1           ops/s
[50.335s][info][gc,stats    ]    Critical: Allocation Stall                                  0 / 0                 0 / 0                 0 / 0                 0 / 0           ops/s
[50.335s][info][gc,stats    ]    Critical: Allocation Stall                              0.000 / 0.000         0.000 / 0.000         0.000 / 0.000         0.000 / 0.000       ms
[50.335s][info][gc,stats    ]    Critical: GC Locker Stall                                   0 / 0                 0 / 0                 0 / 0                 0 / 0           ops/s
[50.335s][info][gc,stats    ]    Critical: GC Locker Stall                               0.000 / 0.000         0.000 / 0.000         0.000 / 0.000         0.000 / 0.000       ms
[50.335s][info][gc,stats    ]    Critical: Relocation Stall                                  0 / 0                 0 / 0                 0 / 0                 0 / 0           ops/s
[50.335s][info][gc,stats    ]    Critical: Relocation Stall                              0.000 / 0.000         0.000 / 0.000         0.000 / 0.000         0.000 / 0.000       ms
[50.335s][info][gc,stats    ]      Memory: Allocation Rate                                3508 / 6514           2489 / 6636           2489 / 6636           2489 / 6636        MB/s
[50.335s][info][gc,stats    ]      Memory: Out Of Memory                                     0 / 0                 0 / 0                 0 / 0                 0 / 0           ops/s
[50.335s][info][gc,stats    ]      Memory: Page Cache Flush                                 24 / 186              45 / 538              45 / 538              45 / 538         MB/s
[50.335s][info][gc,stats    ]      Memory: Page Cache Hit L1                              1583 / 3260           1041 / 3321           1041 / 3321           1041 / 3321        ops/s
[50.335s][info][gc,stats    ]      Memory: Page Cache Hit L2                                 0 / 0                 0 / 0                 0 / 0                 0 / 0           ops/s
[50.336s][info][gc,stats    ]      Memory: Page Cache Hit L3                                39 / 246              83 / 635              83 / 635              83 / 635         ops/s
[50.336s][info][gc,stats    ]      Memory: Page Cache Miss                                   2 / 20                4 / 56                4 / 56                4 / 56          ops/s
[50.336s][info][gc,stats    ]      Memory: Uncommit                                          0 / 0                 0 / 0                 0 / 0                 0 / 0           MB/s
[50.336s][info][gc,stats    ]      Memory: Undo Object Allocation Failed                     0 / 0                 0 / 0                 0 / 0                 0 / 0           ops/s
[50.336s][info][gc,stats    ]      Memory: Undo Object Allocation Succeeded                  0 / 3                 0 / 5                 0 / 5                 0 / 5           ops/s
[50.336s][info][gc,stats    ]      Memory: Undo Page Allocation                              0 / 5                 0 / 5                 0 / 5                 0 / 5           ops/s
[50.336s][info][gc,stats    ]       Phase: Concurrent Mark                             113.942 / 153.908      91.094 / 175.471      91.094 / 175.471      91.094 / 175.471     ms
[50.336s][info][gc,stats    ]       Phase: Concurrent Mark Continue                      0.000 / 0.000        15.048 / 15.380       15.048 / 15.380       15.048 / 15.380      ms
[50.336s][info][gc,stats    ]       Phase: Concurrent Mark Free                          0.001 / 0.002         0.001 / 0.003         0.001 / 0.003         0.001 / 0.003       ms
[50.336s][info][gc,stats    ]       Phase: Concurrent Process Non-Strong References      7.781 / 10.280        7.269 / 25.070        7.269 / 25.070        7.269 / 25.070      ms
[50.336s][info][gc,stats    ]       Phase: Concurrent Relocate                          11.254 / 34.544       11.321 / 76.380       11.321 / 76.380       11.321 / 76.380      ms
[50.336s][info][gc,stats    ]       Phase: Concurrent Reset Relocation Set               0.013 / 0.049         0.010 / 0.049         0.010 / 0.049         0.010 / 0.049       ms
[50.336s][info][gc,stats    ]       Phase: Concurrent Select Relocation Set              4.025 / 5.892         3.794 / 8.915         3.794 / 8.915         3.794 / 8.915       ms
[50.336s][info][gc,stats    ]       Phase: Pause Mark End                                0.039 / 0.122         0.130 / 0.390         0.130 / 0.390         0.130 / 0.390       ms
[50.336s][info][gc,stats    ]       Phase: Pause Mark Start                              0.007 / 0.009         0.009 / 0.018         0.009 / 0.018         0.009 / 0.018       ms
[50.336s][info][gc,stats    ]       Phase: Pause Relocate Start                          0.013 / 0.023         0.011 / 0.024         0.011 / 0.024         0.011 / 0.024       ms
[50.336s][info][gc,stats    ]    Subphase: Concurrent Classes Purge                      0.249 / 0.310         0.222 / 0.437         0.222 / 0.437         0.222 / 0.437       ms
[50.336s][info][gc,stats    ]    Subphase: Concurrent Classes Unlink                     6.069 / 8.765         5.292 / 23.760        5.292 / 23.760        5.292 / 23.760      ms
[50.336s][info][gc,stats    ]    Subphase: Concurrent Mark                              98.952 / 152.902      52.634 / 174.386      52.634 / 174.386      52.634 / 174.386     ms
[50.336s][info][gc,stats    ]    Subphase: Concurrent Mark Try Flush                     0.062 / 0.304         0.409 / 15.690        0.409 / 15.690        0.409 / 15.690      ms
[50.336s][info][gc,stats    ]    Subphase: Concurrent Mark Try Terminate                 2.558 / 15.608        3.513 / 15.968        3.513 / 15.968        3.513 / 15.968      ms
[50.336s][info][gc,stats    ]    Subphase: Concurrent References Enqueue                 0.003 / 0.008         0.003 / 0.008         0.003 / 0.008         0.003 / 0.008       ms
[50.336s][info][gc,stats    ]    Subphase: Concurrent References Process                 0.927 / 2.188         0.782 / 2.457         0.782 / 2.457         0.782 / 2.457       ms
[50.336s][info][gc,stats    ]    Subphase: Concurrent Roots ClassLoaderDataGraph         0.116 / 0.212         0.131 / 0.537         0.131 / 0.537         0.131 / 0.537       ms
[50.336s][info][gc,stats    ]    Subphase: Concurrent Roots CodeCache                    0.000 / 0.000         0.000 / 0.000         0.000 / 0.000         0.000 / 0.000       ms
[50.336s][info][gc,stats    ]    Subphase: Concurrent Roots JavaThreads                  0.350 / 0.594         0.385 / 1.258         0.385 / 1.258         0.385 / 1.258       ms
[50.336s][info][gc,stats    ]    Subphase: Concurrent Roots OopStorageSet                0.030 / 0.047         0.034 / 0.124         0.034 / 0.124         0.034 / 0.124       ms
[50.336s][info][gc,stats    ]    Subphase: Concurrent Weak Roots OopStorageSet           0.339 / 0.756         0.360 / 1.123         0.360 / 1.123         0.360 / 1.123       ms
[50.336s][info][gc,stats    ]    Subphase: Pause Mark Try Complete                       0.052 / 0.073         0.205 / 0.301         0.205 / 0.301         0.205 / 0.301       ms
[50.336s][info][gc,stats    ]      System: Java Threads                                     20 / 21               17 / 22               17 / 22               17 / 22          threads
[50.336s][info][gc,stats    ] =========================================================================================================================================================
[53.735s][info][gc,start    ] GC(33) Garbage Collection (System.gc())
[53.735s][info][gc,task     ] GC(33) Using 2 workers
[53.735s][info][gc,phases   ] GC(33) Pause Mark Start 0.008ms
[53.805s][info][gc,phases   ] GC(33) Concurrent Mark 70.342ms
[53.805s][info][gc,phases   ] GC(33) Pause Mark End 0.021ms
[53.805s][info][gc,phases   ] GC(33) Concurrent Mark Free 0.002ms
[53.813s][info][gc,phases   ] GC(33) Concurrent Process Non-Strong References 7.955ms
[53.813s][info][gc,phases   ] GC(33) Concurrent Reset Relocation Set 0.013ms
[53.816s][info][gc,phases   ] GC(33) Concurrent Select Relocation Set 2.818ms
[53.816s][info][gc,phases   ] GC(33) Pause Relocate Start 0.008ms
[53.824s][info][gc,phases   ] GC(33) Concurrent Relocate 7.804ms
[53.824s][info][gc,load     ] GC(33) Load: 0.00/0.00/0.00
[53.824s][info][gc,mmu      ] GC(33) MMU: 2ms/80.5%, 5ms/92.2%, 10ms/96.1%, 20ms/96.3%, 50ms/97.1%, 100ms/97.5%
[53.824s][info][gc,marking  ] GC(33) Mark: 2 stripe(s), 4 proactive flush(es), 1 terminate flush(es), 0 completion(s), 0 continuation(s) 
[53.824s][info][gc,marking  ] GC(33) Mark Stack Usage: 32M
[53.824s][info][gc,nmethod  ] GC(33) NMethods: 4426 registered, 0 unregistered
[53.824s][info][gc,metaspace] GC(33) Metaspace: 33M used, 33M committed, 1088M reserved
[53.824s][info][gc,ref      ] GC(33) Soft: 4016 encountered, 0 discovered, 0 enqueued
[53.824s][info][gc,ref      ] GC(33) Weak: 24437 encountered, 23444 discovered, 22723 enqueued
[53.824s][info][gc,ref      ] GC(33) Final: 7 encountered, 7 discovered, 0 enqueued
[53.824s][info][gc,ref      ] GC(33) Phantom: 714 encountered, 642 discovered, 0 enqueued
[53.824s][info][gc,reloc    ] GC(33) Small Pages: 977 / 1954M, Empty: 1186M, Relocated: 11M, In-Place: 0
[53.824s][info][gc,reloc    ] GC(33) Medium Pages: 30 / 960M, Empty: 928M, Relocated: 0M, In-Place: 0
[53.824s][info][gc,reloc    ] GC(33) Large Pages: 264 / 1826M, Empty: 1826M, Relocated: 0M, In-Place: 0
[53.824s][info][gc,reloc    ] GC(33) Forwarding Usage: 3M
[53.824s][info][gc,heap     ] GC(33) Min Capacity: 8192M(100%)
[53.824s][info][gc,heap     ] GC(33) Max Capacity: 8192M(100%)
[53.824s][info][gc,heap     ] GC(33) Soft Max Capacity: 8192M(100%)
[53.824s][info][gc,heap     ] GC(33)                Mark Start          Mark End        Relocate Start      Relocate End           High               Low         
[53.824s][info][gc,heap     ] GC(33)  Capacity:     8192M (100%)       8192M (100%)       8192M (100%)       8192M (100%)       8192M (100%)       8192M (100%)   
[53.824s][info][gc,heap     ] GC(33)      Free:     3452M (42%)        3452M (42%)        7392M (90%)        8046M (98%)        8046M (98%)        3452M (42%)    
[53.824s][info][gc,heap     ] GC(33)      Used:     4740M (58%)        4740M (58%)         800M (10%)         146M (2%)         4740M (58%)         146M (2%)     
[53.824s][info][gc,heap     ] GC(33)      Live:         -               123M (2%)          123M (2%)          123M (2%)             -                  -          
[53.824s][info][gc,heap     ] GC(33) Allocated:         -                 0M (0%)            0M (0%)            0M (0%)             -                  -          
[53.824s][info][gc,heap     ] GC(33)   Garbage:         -              4616M (56%)         676M (8%)           22M (0%)             -                  -          
[53.824s][info][gc,heap     ] GC(33) Reclaimed:         -                  -              3940M (48%)        4594M (56%)            -                  -          
[53.824s][info][gc          ] GC(33) Garbage Collection (System.gc()) 4740M(58%)->146M(2%)
[54.526s][info][gc,start    ] GC(34) Garbage Collection (Allocation Rate)
[54.526s][info][gc,task     ] GC(34) Using 2 workers
[54.527s][info][gc,phases   ] GC(34) Pause Mark Start 0.007ms
[54.605s][info][gc,phases   ] GC(34) Concurrent Mark 78.349ms
[54.605s][info][gc,phases   ] GC(34) Pause Mark End 0.014ms
[54.605s][info][gc,phases   ] GC(34) Concurrent Mark Free 0.001ms
[54.610s][info][gc,phases   ] GC(34) Concurrent Process Non-Strong References 4.412ms
[54.610s][info][gc,phases   ] GC(34) Concurrent Reset Relocation Set 0.028ms
[54.612s][info][gc,phases   ] GC(34) Concurrent Select Relocation Set 2.676ms
[54.613s][info][gc,phases   ] GC(34) Pause Relocate Start 0.008ms
[54.613s][info][gc,phases   ] GC(34) Concurrent Relocate 0.247ms
[54.613s][info][gc,load     ] GC(34) Load: 0.00/0.00/0.00
[54.613s][info][gc,mmu      ] GC(34) MMU: 2ms/80.5%, 5ms/92.2%, 10ms/96.1%, 20ms/96.3%, 50ms/97.1%, 100ms/97.5%
[54.613s][info][gc,marking  ] GC(34) Mark: 2 stripe(s), 2 proactive flush(es), 1 terminate flush(es), 0 completion(s), 0 continuation(s) 
[54.613s][info][gc,marking  ] GC(34) Mark Stack Usage: 32M
[54.613s][info][gc,nmethod  ] GC(34) NMethods: 4435 registered, 0 unregistered
[54.613s][info][gc,metaspace] GC(34) Metaspace: 33M used, 33M committed, 1088M reserved
[54.613s][info][gc,ref      ] GC(34) Soft: 4016 encountered, 0 discovered, 0 enqueued
[54.613s][info][gc,ref      ] GC(34) Weak: 1714 encountered, 63 discovered, 0 enqueued
[54.613s][info][gc,ref      ] GC(34) Final: 7 encountered, 4 discovered, 0 enqueued
[54.613s][info][gc,ref      ] GC(34) Phantom: 714 encountered, 647 discovered, 0 enqueued
[54.613s][info][gc,reloc    ] GC(34) Small Pages: 2602 / 5204M, Empty: 5080M, Relocated: 0M, In-Place: 0
[54.613s][info][gc,reloc    ] GC(34) Medium Pages: 1 / 32M, Empty: 0M, Relocated: 0M, In-Place: 0
[54.613s][info][gc,reloc    ] GC(34) Large Pages: 0 / 0M, Empty: 0M, Relocated: 0M, In-Place: 0
[54.613s][info][gc,reloc    ] GC(34) Forwarding Usage: 0M
[54.613s][info][gc,heap     ] GC(34) Min Capacity: 8192M(100%)
[54.613s][info][gc,heap     ] GC(34) Max Capacity: 8192M(100%)
[54.613s][info][gc,heap     ] GC(34) Soft Max Capacity: 8192M(100%)
[54.613s][info][gc,heap     ] GC(34)                Mark Start          Mark End        Relocate Start      Relocate End           High               Low         
[54.613s][info][gc,heap     ] GC(34)  Capacity:     8192M (100%)       8192M (100%)       8192M (100%)       8192M (100%)       8192M (100%)       8192M (100%)   
[54.613s][info][gc,heap     ] GC(34)      Free:     2956M (36%)        2678M (33%)        7736M (94%)        7744M (95%)        7744M (95%)        2664M (33%)    
[54.613s][info][gc,heap     ] GC(34)      Used:     5236M (64%)        5514M (67%)         456M (6%)          448M (5%)         5528M (67%)         448M (5%)     
[54.613s][info][gc,heap     ] GC(34)      Live:         -               123M (2%)          123M (2%)          123M (2%)             -                  -          
[54.613s][info][gc,heap     ] GC(34) Allocated:         -               278M (3%)          300M (4%)          300M (4%)             -                  -          
[54.613s][info][gc,heap     ] GC(34)   Garbage:         -              5112M (62%)          32M (0%)           24M (0%)             -                  -          
[54.613s][info][gc,heap     ] GC(34) Reclaimed:         -                  -              5080M (62%)        5088M (62%)            -                  -          
[54.613s][info][gc          ] GC(34) Garbage Collection (Allocation Rate) 5236M(64%)->448M(5%)
[55.625s][info][gc,start    ] GC(35) Garbage Collection (Allocation Rate)
[55.625s][info][gc,task     ] GC(35) Using 1 workers
[55.625s][info][gc,phases   ] GC(35) Pause Mark Start 0.009ms
[55.754s][info][gc,phases   ] GC(35) Concurrent Mark 129.143ms
[55.754s][info][gc,phases   ] GC(35) Pause Mark End 0.013ms
[55.754s][info][gc,phases   ] GC(35) Concurrent Mark Free 0.001ms
[55.764s][info][gc,phases   ] GC(35) Concurrent Process Non-Strong References 9.979ms
[55.765s][info][gc,phases   ] GC(35) Concurrent Reset Relocation Set 0.003ms
[55.768s][info][gc,phases   ] GC(35) Concurrent Select Relocation Set 3.385ms
[55.768s][info][gc,phases   ] GC(35) Pause Relocate Start 0.008ms
[55.768s][info][gc,phases   ] GC(35) Concurrent Relocate 0.275ms
[55.768s][info][gc,load     ] GC(35) Load: 0.00/0.00/0.00
[55.769s][info][gc,mmu      ] GC(35) MMU: 2ms/80.5%, 5ms/92.2%, 10ms/96.1%, 20ms/96.3%, 50ms/97.1%, 100ms/97.5%
[55.769s][info][gc,marking  ] GC(35) Mark: 1 stripe(s), 2 proactive flush(es), 1 terminate flush(es), 0 completion(s), 0 continuation(s) 
[55.769s][info][gc,marking  ] GC(35) Mark Stack Usage: 32M
[55.769s][info][gc,nmethod  ] GC(35) NMethods: 4435 registered, 0 unregistered
[55.769s][info][gc,metaspace] GC(35) Metaspace: 33M used, 33M committed, 1088M reserved
[55.769s][info][gc,ref      ] GC(35) Soft: 4016 encountered, 0 discovered, 0 enqueued
[55.769s][info][gc,ref      ] GC(35) Weak: 1732 encountered, 1284 discovered, 0 enqueued
[55.769s][info][gc,ref      ] GC(35) Final: 7 encountered, 7 discovered, 0 enqueued
[55.769s][info][gc,ref      ] GC(35) Phantom: 714 encountered, 665 discovered, 0 enqueued
[55.769s][info][gc,reloc    ] GC(35) Small Pages: 2998 / 5996M, Empty: 5858M, Relocated: 0M, In-Place: 0
[55.769s][info][gc,reloc    ] GC(35) Medium Pages: 1 / 32M, Empty: 0M, Relocated: 0M, In-Place: 0
[55.769s][info][gc,reloc    ] GC(35) Large Pages: 0 / 0M, Empty: 0M, Relocated: 0M, In-Place: 0
[55.769s][info][gc,reloc    ] GC(35) Forwarding Usage: 0M
[55.769s][info][gc,heap     ] GC(35) Min Capacity: 8192M(100%)
[55.769s][info][gc,heap     ] GC(35) Max Capacity: 8192M(100%)
[55.769s][info][gc,heap     ] GC(35) Soft Max Capacity: 8192M(100%)
[55.769s][info][gc,heap     ] GC(35)                Mark Start          Mark End        Relocate Start      Relocate End           High               Low         
[55.769s][info][gc,heap     ] GC(35)  Capacity:     8192M (100%)       8192M (100%)       8192M (100%)       8192M (100%)       8192M (100%)       8192M (100%)   
[55.769s][info][gc,heap     ] GC(35)      Free:     2164M (26%)        1672M (20%)        7478M (91%)        7502M (92%)        7502M (92%)        1634M (20%)    
[55.769s][info][gc,heap     ] GC(35)      Used:     6028M (74%)        6520M (80%)         714M (9%)          690M (8%)         6558M (80%)         690M (8%)     
[55.769s][info][gc,heap     ] GC(35)      Live:         -               123M (2%)          123M (2%)          123M (2%)             -                  -          
[55.769s][info][gc,heap     ] GC(35) Allocated:         -               492M (6%)          544M (7%)          543M (7%)             -                  -          
[55.769s][info][gc,heap     ] GC(35)   Garbage:         -              5904M (72%)          46M (1%)           22M (0%)             -                  -          
[55.769s][info][gc,heap     ] GC(35) Reclaimed:         -                  -              5858M (72%)        5881M (72%)            -                  -          
[55.769s][info][gc          ] GC(35) Garbage Collection (Allocation Rate) 6028M(74%)->690M(8%)
[59.622s][info][gc,start    ] GC(36) Garbage Collection (Allocation Rate)
[59.622s][info][gc,task     ] GC(36) Using 1 workers
[59.622s][info][gc,phases   ] GC(36) Pause Mark Start 0.011ms
[59.778s][info][gc,phases   ] GC(36) Concurrent Mark 155.396ms
[59.778s][info][gc,phases   ] GC(36) Pause Mark End 0.057ms
[59.778s][info][gc,phases   ] GC(36) Concurrent Mark Free 0.001ms
[59.788s][info][gc,phases   ] GC(36) Concurrent Process Non-Strong References 9.925ms
[59.788s][info][gc,phases   ] GC(36) Concurrent Reset Relocation Set 0.003ms
[59.794s][info][gc,phases   ] GC(36) Concurrent Select Relocation Set 5.994ms
[59.794s][info][gc,phases   ] GC(36) Pause Relocate Start 0.015ms
[59.834s][info][gc,phases   ] GC(36) Concurrent Relocate 39.761ms
[59.834s][info][gc,load     ] GC(36) Load: 0.00/0.00/0.00
[59.834s][info][gc,mmu      ] GC(36) MMU: 2ms/80.5%, 5ms/92.2%, 10ms/96.1%, 20ms/96.3%, 50ms/97.1%, 100ms/97.5%
[59.834s][info][gc,marking  ] GC(36) Mark: 1 stripe(s), 7 proactive flush(es), 3 terminate flush(es), 1 completion(s), 0 continuation(s) 
[59.834s][info][gc,marking  ] GC(36) Mark Stack Usage: 32M
[59.834s][info][gc,nmethod  ] GC(36) NMethods: 4449 registered, 0 unregistered
[59.834s][info][gc,metaspace] GC(36) Metaspace: 33M used, 33M committed, 1088M reserved
[59.834s][info][gc,ref      ] GC(36) Soft: 4016 encountered, 0 discovered, 0 enqueued
[59.834s][info][gc,ref      ] GC(36) Weak: 22145 encountered, 19941 discovered, 6636 enqueued
[59.834s][info][gc,ref      ] GC(36) Final: 7 encountered, 7 discovered, 0 enqueued
[59.834s][info][gc,ref      ] GC(36) Phantom: 720 encountered, 671 discovered, 0 enqueued
[59.834s][info][gc,reloc    ] GC(36) Small Pages: 2762 / 5524M, Empty: 4702M, Relocated: 40M, In-Place: 0
[59.834s][info][gc,reloc    ] GC(36) Medium Pages: 24 / 768M, Empty: 672M, Relocated: 14M, In-Place: 0
[59.834s][info][gc,reloc    ] GC(36) Large Pages: 211 / 1466M, Empty: 1466M, Relocated: 0M, In-Place: 0
[59.834s][info][gc,reloc    ] GC(36) Forwarding Usage: 12M
[59.834s][info][gc,heap     ] GC(36) Min Capacity: 8192M(100%)
[59.834s][info][gc,heap     ] GC(36) Max Capacity: 8192M(100%)
[59.834s][info][gc,heap     ] GC(36) Soft Max Capacity: 8192M(100%)
[59.834s][info][gc,heap     ] GC(36)                Mark Start          Mark End        Relocate Start      Relocate End           High               Low         
[59.834s][info][gc,heap     ] GC(36)  Capacity:     8192M (100%)       8192M (100%)       8192M (100%)       8192M (100%)       8192M (100%)       8192M (100%)   
[59.834s][info][gc,heap     ] GC(36)      Free:      434M (5%)          282M (3%)         7110M (87%)        7818M (95%)        7824M (96%)         272M (3%)     
[59.834s][info][gc,heap     ] GC(36)      Used:     7758M (95%)        7910M (97%)        1082M (13%)         374M (5%)         7920M (97%)         368M (4%)     
[59.834s][info][gc,heap     ] GC(36)      Live:         -               155M (2%)          155M (2%)          155M (2%)             -                  -          
[59.834s][info][gc,heap     ] GC(36) Allocated:         -               152M (2%)          164M (2%)          195M (2%)             -                  -          
[59.834s][info][gc,heap     ] GC(36)   Garbage:         -              7602M (93%)         762M (9%)           23M (0%)             -                  -          
[59.834s][info][gc,heap     ] GC(36) Reclaimed:         -                  -              6840M (83%)        7579M (93%)            -                  -          
[59.834s][info][gc          ] GC(36) Garbage Collection (Allocation Rate) 7758M(95%)->374M(5%)
[60.116s][info][gc,start    ] GC(37) Garbage Collection (System.gc())
[60.116s][info][gc,task     ] GC(37) Using 2 workers
[60.116s][info][gc,phases   ] GC(37) Pause Mark Start 0.005ms
[60.182s][info][gc,phases   ] GC(37) Concurrent Mark 65.497ms
[60.182s][info][gc,phases   ] GC(37) Pause Mark End 0.022ms
[60.182s][info][gc,phases   ] GC(37) Concurrent Mark Free 0.002ms
[60.189s][info][gc,phases   ] GC(37) Concurrent Process Non-Strong References 7.397ms
[60.189s][info][gc,phases   ] GC(37) Concurrent Reset Relocation Set 0.026ms
[60.192s][info][gc,phases   ] GC(37) Concurrent Select Relocation Set 2.128ms
[60.192s][info][gc,phases   ] GC(37) Pause Relocate Start 0.010ms
[60.198s][info][gc,phases   ] GC(37) Concurrent Relocate 6.470ms
[60.198s][info][gc,load     ] GC(37) Load: 0.00/0.00/0.00
[60.198s][info][gc,mmu      ] GC(37) MMU: 2ms/80.5%, 5ms/92.2%, 10ms/96.1%, 20ms/96.3%, 50ms/97.1%, 100ms/97.5%
[60.198s][info][gc,marking  ] GC(37) Mark: 2 stripe(s), 2 proactive flush(es), 1 terminate flush(es), 0 completion(s), 0 continuation(s) 
[60.198s][info][gc,marking  ] GC(37) Mark Stack Usage: 32M
[60.198s][info][gc,nmethod  ] GC(37) NMethods: 4455 registered, 0 unregistered
[60.198s][info][gc,metaspace] GC(37) Metaspace: 33M used, 33M committed, 1088M reserved
[60.198s][info][gc,ref      ] GC(37) Soft: 4016 encountered, 0 discovered, 0 enqueued
[60.198s][info][gc,ref      ] GC(37) Weak: 22602 encountered, 20926 discovered, 20887 enqueued
[60.198s][info][gc,ref      ] GC(37) Final: 7 encountered, 7 discovered, 0 enqueued
[60.198s][info][gc,ref      ] GC(37) Phantom: 714 encountered, 637 discovered, 0 enqueued
[60.198s][info][gc,reloc    ] GC(37) Small Pages: 203 / 406M, Empty: 52M, Relocated: 10M, In-Place: 0
[60.198s][info][gc,reloc    ] GC(37) Medium Pages: 5 / 160M, Empty: 96M, Relocated: 16M, In-Place: 0
[60.198s][info][gc,reloc    ] GC(37) Large Pages: 27 / 184M, Empty: 184M, Relocated: 0M, In-Place: 0
[60.198s][info][gc,reloc    ] GC(37) Forwarding Usage: 2M
[60.198s][info][gc,heap     ] GC(37) Min Capacity: 8192M(100%)
[60.198s][info][gc,heap     ] GC(37) Max Capacity: 8192M(100%)
[60.198s][info][gc,heap     ] GC(37) Soft Max Capacity: 8192M(100%)
[60.198s][info][gc,heap     ] GC(37)                Mark Start          Mark End        Relocate Start      Relocate End           High               Low         
[60.198s][info][gc,heap     ] GC(37)  Capacity:     8192M (100%)       8192M (100%)       8192M (100%)       8192M (100%)       8192M (100%)       8192M (100%)   
[60.198s][info][gc,heap     ] GC(37)      Free:     7442M (91%)        7442M (91%)        7774M (95%)        8046M (98%)        8046M (98%)        7442M (91%)    
[60.198s][info][gc,heap     ] GC(37)      Used:      750M (9%)          750M (9%)          418M (5%)          146M (2%)          750M (9%)          146M (2%)     
[60.198s][info][gc,heap     ] GC(37)      Live:         -               126M (2%)          126M (2%)          126M (2%)             -                  -          
[60.198s][info][gc,heap     ] GC(37) Allocated:         -                 0M (0%)            0M (0%)            0M (0%)             -                  -          
[60.198s][info][gc,heap     ] GC(37)   Garbage:         -               623M (8%)          291M (4%)           19M (0%)             -                  -          
[60.198s][info][gc,heap     ] GC(37) Reclaimed:         -                  -               332M (4%)          604M (7%)             -                  -          
[60.198s][info][gc          ] GC(37) Garbage Collection (System.gc()) 750M(9%)->146M(2%)
[60.323s][info][gc,stats    ] === Garbage Collection Statistics =======================================================================================================================
[60.323s][info][gc,stats    ]                                                              Last 10s              Last 10m              Last 10h                Total
[60.323s][info][gc,stats    ]                                                              Avg / Max             Avg / Max             Avg / Max             Avg / Max
[60.323s][info][gc,stats    ]   Collector: Garbage Collection Cycle                    122.924 / 212.246     125.601 / 379.439     125.601 / 379.439     125.601 / 379.439     ms
[60.323s][info][gc,stats    ]  Contention: Mark Segment Reset Contention                     1 / 13                0 / 26                0 / 26                0 / 26          ops/s
[60.323s][info][gc,stats    ]  Contention: Mark SeqNum Reset Contention                      0 / 1                 0 / 1                 0 / 1                 0 / 1           ops/s
[60.323s][info][gc,stats    ]    Critical: Allocation Stall                                  0 / 0                 0 / 0                 0 / 0                 0 / 0           ops/s
[60.323s][info][gc,stats    ]    Critical: Allocation Stall                              0.000 / 0.000         0.000 / 0.000         0.000 / 0.000         0.000 / 0.000       ms
[60.323s][info][gc,stats    ]    Critical: GC Locker Stall                                   0 / 0                 0 / 0                 0 / 0                 0 / 0           ops/s
[60.323s][info][gc,stats    ]    Critical: GC Locker Stall                               0.000 / 0.000         0.000 / 0.000         0.000 / 0.000         0.000 / 0.000       ms
[60.323s][info][gc,stats    ]    Critical: Relocation Stall                                  0 / 0                 0 / 0                 0 / 0                 0 / 0           ops/s
[60.323s][info][gc,stats    ]    Critical: Relocation Stall                              0.000 / 0.000         0.000 / 0.000         0.000 / 0.000         0.000 / 0.000       ms
[60.323s][info][gc,stats    ]      Memory: Allocation Rate                                2413 / 5790           2476 / 6636           2476 / 6636           2476 / 6636        MB/s
[60.323s][info][gc,stats    ]      Memory: Out Of Memory                                     0 / 0                 0 / 0                 0 / 0                 0 / 0           ops/s
[60.323s][info][gc,stats    ]      Memory: Page Cache Flush                                156 / 608              63 / 608              63 / 608              63 / 608         MB/s
[60.323s][info][gc,stats    ]      Memory: Page Cache Hit L1                               951 / 2865           1026 / 3321           1026 / 3321           1026 / 3321        ops/s
[60.323s][info][gc,stats    ]      Memory: Page Cache Hit L2                                 0 / 0                 0 / 0                 0 / 0                 0 / 0           ops/s
[60.323s][info][gc,stats    ]      Memory: Page Cache Hit L3                                45 / 366              77 / 635              77 / 635              77 / 635         ops/s
[60.323s][info][gc,stats    ]      Memory: Page Cache Miss                                  16 / 66                6 / 66                6 / 66                6 / 66          ops/s
[60.323s][info][gc,stats    ]      Memory: Uncommit                                          0 / 0                 0 / 0                 0 / 0                 0 / 0           MB/s
[60.323s][info][gc,stats    ]      Memory: Undo Object Allocation Failed                     0 / 1                 0 / 1                 0 / 1                 0 / 1           ops/s
[60.323s][info][gc,stats    ]      Memory: Undo Object Allocation Succeeded                  0 / 3                 0 / 5                 0 / 5                 0 / 5           ops/s
[60.323s][info][gc,stats    ]      Memory: Undo Page Allocation                              0 / 0                 0 / 5                 0 / 5                 0 / 5           ops/s
[60.323s][info][gc,stats    ]       Phase: Concurrent Mark                              99.745 / 155.396      92.233 / 175.471      92.233 / 175.471      92.233 / 175.471     ms
[60.323s][info][gc,stats    ]       Phase: Concurrent Mark Continue                      0.000 / 0.000        15.048 / 15.380       15.048 / 15.380       15.048 / 15.380      ms
[60.323s][info][gc,stats    ]       Phase: Concurrent Mark Free                          0.001 / 0.002         0.001 / 0.003         0.001 / 0.003         0.001 / 0.003       ms
[60.323s][info][gc,stats    ]       Phase: Concurrent Process Non-Strong References      7.933 / 9.979         7.357 / 25.070        7.357 / 25.070        7.357 / 25.070      ms
[60.323s][info][gc,stats    ]       Phase: Concurrent Relocate                          10.912 / 39.761       11.267 / 76.380       11.267 / 76.380       11.267 / 76.380      ms
[60.323s][info][gc,stats    ]       Phase: Concurrent Reset Relocation Set               0.014 / 0.028         0.011 / 0.049         0.011 / 0.049         0.011 / 0.049       ms
[60.323s][info][gc,stats    ]       Phase: Concurrent Select Relocation Set              3.400 / 5.994         3.742 / 8.915         3.742 / 8.915         3.742 / 8.915       ms
[60.323s][info][gc,stats    ]       Phase: Pause Mark End                                0.025 / 0.057         0.120 / 0.390         0.120 / 0.390         0.120 / 0.390       ms
[60.323s][info][gc,stats    ]       Phase: Pause Mark Start                              0.008 / 0.011         0.009 / 0.018         0.009 / 0.018         0.009 / 0.018       ms
[60.323s][info][gc,stats    ]       Phase: Pause Relocate Start                          0.010 / 0.015         0.011 / 0.024         0.011 / 0.024         0.011 / 0.024       ms
[60.323s][info][gc,stats    ]    Subphase: Concurrent Classes Purge                      0.224 / 0.312         0.222 / 0.437         0.222 / 0.437         0.222 / 0.437       ms
[60.323s][info][gc,stats    ]    Subphase: Concurrent Classes Unlink                     5.468 / 8.814         5.315 / 23.760        5.315 / 23.760        5.315 / 23.760      ms
[60.323s][info][gc,stats    ]    Subphase: Concurrent Mark                              83.346 / 154.035      55.304 / 174.386      55.304 / 174.386      55.304 / 174.386     ms
[60.323s][info][gc,stats    ]    Subphase: Concurrent Mark Try Flush                     0.083 / 0.324         0.379 / 15.690        0.379 / 15.690        0.379 / 15.690      ms
[60.323s][info][gc,stats    ]    Subphase: Concurrent Mark Try Terminate                 3.385 / 16.519        3.502 / 16.519        3.502 / 16.519        3.502 / 16.519      ms
[60.323s][info][gc,stats    ]    Subphase: Concurrent References Enqueue                 0.004 / 0.007         0.003 / 0.008         0.003 / 0.008         0.003 / 0.008       ms
[60.323s][info][gc,stats    ]    Subphase: Concurrent References Process                 1.747 / 3.217         0.909 / 3.217         0.909 / 3.217         0.909 / 3.217       ms
[60.323s][info][gc,stats    ]    Subphase: Concurrent Roots ClassLoaderDataGraph         0.104 / 0.202         0.128 / 0.537         0.128 / 0.537         0.128 / 0.537       ms
[60.323s][info][gc,stats    ]    Subphase: Concurrent Roots CodeCache                    0.000 / 0.000         0.000 / 0.000         0.000 / 0.000         0.000 / 0.000       ms
[60.323s][info][gc,stats    ]    Subphase: Concurrent Roots JavaThreads                  0.373 / 0.924         0.384 / 1.258         0.384 / 1.258         0.384 / 1.258       ms
[60.323s][info][gc,stats    ]    Subphase: Concurrent Roots OopStorageSet                0.025 / 0.035         0.032 / 0.124         0.032 / 0.124         0.032 / 0.124       ms
[60.323s][info][gc,stats    ]    Subphase: Concurrent Weak Roots OopStorageSet           0.320 / 0.449         0.355 / 1.123         0.355 / 1.123         0.355 / 1.123       ms
[60.323s][info][gc,stats    ]    Subphase: Pause Mark Try Complete                       0.009 / 0.009         0.200 / 0.301         0.200 / 0.301         0.200 / 0.301       ms
[60.323s][info][gc,stats    ]      System: Java Threads                                     18 / 21               17 / 22               17 / 22               17 / 22          threads
[60.323s][info][gc,stats    ] =========================================================================================================================================================
[60.935s][info][gc,start    ] GC(38) Garbage Collection (Allocation Rate)
[60.935s][info][gc,task     ] GC(38) Using 2 workers
[60.935s][info][gc,phases   ] GC(38) Pause Mark Start 0.016ms
[61.014s][info][gc,phases   ] GC(38) Concurrent Mark 78.186ms
[61.014s][info][gc,phases   ] GC(38) Pause Mark End 0.015ms
[61.014s][info][gc,phases   ] GC(38) Concurrent Mark Free 0.001ms
[61.019s][info][gc,phases   ] GC(38) Concurrent Process Non-Strong References 4.634ms
[61.019s][info][gc,phases   ] GC(38) Concurrent Reset Relocation Set 0.011ms
[61.022s][info][gc,phases   ] GC(38) Concurrent Select Relocation Set 3.143ms
[61.022s][info][gc,phases   ] GC(38) Pause Relocate Start 0.013ms
[61.022s][info][gc,phases   ] GC(38) Concurrent Relocate 0.299ms
[61.022s][info][gc,load     ] GC(38) Load: 0.00/0.00/0.00
[61.022s][info][gc,mmu      ] GC(38) MMU: 2ms/80.5%, 5ms/92.2%, 10ms/96.1%, 20ms/96.3%, 50ms/97.1%, 100ms/97.5%
[61.022s][info][gc,marking  ] GC(38) Mark: 2 stripe(s), 3 proactive flush(es), 1 terminate flush(es), 0 completion(s), 0 continuation(s) 
[61.022s][info][gc,marking  ] GC(38) Mark Stack Usage: 32M
[61.022s][info][gc,nmethod  ] GC(38) NMethods: 4457 registered, 0 unregistered
[61.022s][info][gc,metaspace] GC(38) Metaspace: 33M used, 33M committed, 1088M reserved
[61.022s][info][gc,ref      ] GC(38) Soft: 4016 encountered, 0 discovered, 0 enqueued
[61.022s][info][gc,ref      ] GC(38) Weak: 1733 encountered, 49 discovered, 0 enqueued
[61.022s][info][gc,ref      ] GC(38) Final: 7 encountered, 3 discovered, 0 enqueued
[61.022s][info][gc,ref      ] GC(38) Phantom: 714 encountered, 554 discovered, 0 enqueued
[61.022s][info][gc,reloc    ] GC(38) Small Pages: 2678 / 5356M, Empty: 5212M, Relocated: 0M, In-Place: 0
[61.022s][info][gc,reloc    ] GC(38) Medium Pages: 1 / 32M, Empty: 0M, Relocated: 0M, In-Place: 0
[61.022s][info][gc,reloc    ] GC(38) Large Pages: 0 / 0M, Empty: 0M, Relocated: 0M, In-Place: 0
[61.022s][info][gc,reloc    ] GC(38) Forwarding Usage: 0M
[61.022s][info][gc,heap     ] GC(38) Min Capacity: 8192M(100%)
[61.022s][info][gc,heap     ] GC(38) Max Capacity: 8192M(100%)
[61.022s][info][gc,heap     ] GC(38) Soft Max Capacity: 8192M(100%)
[61.022s][info][gc,heap     ] GC(38)                Mark Start          Mark End        Relocate Start      Relocate End           High               Low         
[61.022s][info][gc,heap     ] GC(38)  Capacity:     8192M (100%)       8192M (100%)       8192M (100%)       8192M (100%)       8192M (100%)       8192M (100%)   
[61.022s][info][gc,heap     ] GC(38)      Free:     2804M (34%)        2506M (31%)        7690M (94%)        7718M (94%)        7718M (94%)        2490M (30%)    
[61.022s][info][gc,heap     ] GC(38)      Used:     5388M (66%)        5686M (69%)         502M (6%)          474M (6%)         5702M (70%)         474M (6%)     
[61.022s][info][gc,heap     ] GC(38)      Live:         -               126M (2%)          126M (2%)          126M (2%)             -                  -          
[61.022s][info][gc,heap     ] GC(38) Allocated:         -               298M (4%)          326M (4%)          325M (4%)             -                  -          
[61.022s][info][gc,heap     ] GC(38)   Garbage:         -              5261M (64%)          49M (1%)           21M (0%)             -                  -          
[61.022s][info][gc,heap     ] GC(38) Reclaimed:         -                  -              5212M (64%)        5239M (64%)            -                  -          
[61.022s][info][gc          ] GC(38) Garbage Collection (Allocation Rate) 5388M(66%)->474M(6%)
[62.033s][info][gc,start    ] GC(39) Garbage Collection (Allocation Rate)
[62.034s][info][gc,task     ] GC(39) Using 1 workers
[62.034s][info][gc,phases   ] GC(39) Pause Mark Start 0.007ms
[62.159s][info][gc,phases   ] GC(39) Concurrent Mark 125.201ms
[62.159s][info][gc,phases   ] GC(39) Pause Mark End 0.010ms
[62.159s][info][gc,phases   ] GC(39) Concurrent Mark Free 0.001ms
[62.169s][info][gc,phases   ] GC(39) Concurrent Process Non-Strong References 9.852ms
[62.169s][info][gc,phases   ] GC(39) Concurrent Reset Relocation Set 0.003ms
[62.172s][info][gc,phases   ] GC(39) Concurrent Select Relocation Set 3.175ms
[62.172s][info][gc,phases   ] GC(39) Pause Relocate Start 0.008ms
[62.173s][info][gc,phases   ] GC(39) Concurrent Relocate 0.311ms
[62.173s][info][gc,load     ] GC(39) Load: 0.00/0.00/0.00
[62.173s][info][gc,mmu      ] GC(39) MMU: 2ms/80.5%, 5ms/92.2%, 10ms/96.1%, 20ms/96.3%, 50ms/97.1%, 100ms/97.5%
[62.173s][info][gc,marking  ] GC(39) Mark: 1 stripe(s), 2 proactive flush(es), 1 terminate flush(es), 0 completion(s), 0 continuation(s) 
[62.173s][info][gc,marking  ] GC(39) Mark Stack Usage: 32M
[62.173s][info][gc,nmethod  ] GC(39) NMethods: 4457 registered, 0 unregistered
[62.173s][info][gc,metaspace] GC(39) Metaspace: 33M used, 33M committed, 1088M reserved
[62.173s][info][gc,ref      ] GC(39) Soft: 4016 encountered, 0 discovered, 0 enqueued
[62.173s][info][gc,ref      ] GC(39) Weak: 1733 encountered, 1284 discovered, 0 enqueued
[62.173s][info][gc,ref      ] GC(39) Final: 7 encountered, 7 discovered, 0 enqueued
[62.173s][info][gc,ref      ] GC(39) Phantom: 714 encountered, 665 discovered, 0 enqueued
[62.173s][info][gc,reloc    ] GC(39) Small Pages: 3067 / 6134M, Empty: 5994M, Relocated: 0M, In-Place: 0
[62.173s][info][gc,reloc    ] GC(39) Medium Pages: 1 / 32M, Empty: 0M, Relocated: 0M, In-Place: 0
[62.173s][info][gc,reloc    ] GC(39) Large Pages: 0 / 0M, Empty: 0M, Relocated: 0M, In-Place: 0
[62.173s][info][gc,reloc    ] GC(39) Forwarding Usage: 0M
[62.173s][info][gc,heap     ] GC(39) Min Capacity: 8192M(100%)
[62.173s][info][gc,heap     ] GC(39) Max Capacity: 8192M(100%)
[62.173s][info][gc,heap     ] GC(39) Soft Max Capacity: 8192M(100%)
[62.173s][info][gc,heap     ] GC(39)                Mark Start          Mark End        Relocate Start      Relocate End           High               Low         
[62.173s][info][gc,heap     ] GC(39)  Capacity:     8192M (100%)       8192M (100%)       8192M (100%)       8192M (100%)       8192M (100%)       8192M (100%)   
[62.173s][info][gc,heap     ] GC(39)      Free:     2026M (25%)        1546M (19%)        7490M (91%)        7516M (92%)        7516M (92%)        1506M (18%)    
[62.173s][info][gc,heap     ] GC(39)      Used:     6166M (75%)        6646M (81%)         702M (9%)          676M (8%)         6686M (82%)         676M (8%)     
[62.173s][info][gc,heap     ] GC(39)      Live:         -               126M (2%)          126M (2%)          126M (2%)             -                  -          
[62.173s][info][gc,heap     ] GC(39) Allocated:         -               480M (6%)          530M (6%)          529M (6%)             -                  -          
[62.173s][info][gc,heap     ] GC(39)   Garbage:         -              6039M (74%)          45M (1%)           19M (0%)             -                  -          
[62.173s][info][gc,heap     ] GC(39) Reclaimed:         -                  -              5994M (73%)        6019M (73%)            -                  -          
[62.173s][info][gc          ] GC(39) Garbage Collection (Allocation Rate) 6166M(75%)->676M(8%)
[66.438s][info][gc,start    ] GC(40) Garbage Collection (Allocation Rate)
[66.438s][info][gc,task     ] GC(40) Using 1 workers
[66.438s][info][gc,phases   ] GC(40) Pause Mark Start 0.012ms
[66.629s][info][gc,phases   ] GC(40) Concurrent Mark 190.432ms
[66.629s][info][gc,phases   ] GC(40) Pause Mark End 0.105ms
[66.629s][info][gc,phases   ] GC(40) Concurrent Mark Free 0.001ms
[66.639s][info][gc,phases   ] GC(40) Concurrent Process Non-Strong References 9.714ms
[66.639s][info][gc,phases   ] GC(40) Concurrent Reset Relocation Set 0.002ms
[66.645s][info][gc,phases   ] GC(40) Concurrent Select Relocation Set 6.277ms
[66.645s][info][gc,phases   ] GC(40) Pause Relocate Start 0.011ms
[66.694s][info][gc,phases   ] GC(40) Concurrent Relocate 49.074ms
[66.694s][info][gc,load     ] GC(40) Load: 0.00/0.00/0.00
[66.694s][info][gc,mmu      ] GC(40) MMU: 2ms/80.5%, 5ms/92.2%, 10ms/96.1%, 20ms/96.3%, 50ms/97.1%, 100ms/97.5%
[66.694s][info][gc,marking  ] GC(40) Mark: 1 stripe(s), 2 proactive flush(es), 1 terminate flush(es), 1 completion(s), 0 continuation(s) 
[66.694s][info][gc,marking  ] GC(40) Mark Stack Usage: 32M
[66.694s][info][gc,nmethod  ] GC(40) NMethods: 4480 registered, 0 unregistered
[66.694s][info][gc,metaspace] GC(40) Metaspace: 33M used, 33M committed, 1088M reserved
[66.694s][info][gc,ref      ] GC(40) Soft: 4016 encountered, 0 discovered, 0 enqueued
[66.694s][info][gc,ref      ] GC(40) Weak: 22891 encountered, 20186 discovered, 2126 enqueued
[66.694s][info][gc,ref      ] GC(40) Final: 7 encountered, 7 discovered, 0 enqueued
[66.694s][info][gc,ref      ] GC(40) Phantom: 718 encountered, 668 discovered, 0 enqueued
[66.694s][info][gc,reloc    ] GC(40) Small Pages: 2684 / 5368M, Empty: 4524M, Relocated: 50M, In-Place: 0
[66.694s][info][gc,reloc    ] GC(40) Medium Pages: 26 / 832M, Empty: 768M, Relocated: 16M, In-Place: 0
[66.695s][info][gc,reloc    ] GC(40) Large Pages: 236 / 1644M, Empty: 1636M, Relocated: 0M, In-Place: 0
[66.695s][info][gc,reloc    ] GC(40) Forwarding Usage: 16M
[66.695s][info][gc,heap     ] GC(40) Min Capacity: 8192M(100%)
[66.695s][info][gc,heap     ] GC(40) Max Capacity: 8192M(100%)
[66.695s][info][gc,heap     ] GC(40) Soft Max Capacity: 8192M(100%)
[66.695s][info][gc,heap     ] GC(40)                Mark Start          Mark End        Relocate Start      Relocate End           High               Low         
[66.695s][info][gc,heap     ] GC(40)  Capacity:     8192M (100%)       8192M (100%)       8192M (100%)       8192M (100%)       8192M (100%)       8192M (100%)   
[66.695s][info][gc,heap     ] GC(40)      Free:      348M (4%)          138M (2%)         7060M (86%)        7740M (94%)        7746M (95%)         136M (2%)     
[66.695s][info][gc,heap     ] GC(40)      Used:     7844M (96%)        8054M (98%)        1132M (14%)         452M (6%)         8056M (98%)         446M (5%)     
[66.695s][info][gc,heap     ] GC(40)      Live:         -               171M (2%)          171M (2%)          171M (2%)             -                  -          
[66.695s][info][gc,heap     ] GC(40) Allocated:         -               210M (3%)          216M (3%)          262M (3%)             -                  -          
[66.695s][info][gc,heap     ] GC(40)   Garbage:         -              7672M (94%)         744M (9%)           17M (0%)             -                  -          
[66.695s][info][gc,heap     ] GC(40) Reclaimed:         -                  -              6928M (85%)        7654M (93%)            -                  -          
[66.695s][info][gc          ] GC(40) Garbage Collection (Allocation Rate) 7844M(96%)->452M(6%)
[66.744s][info][gc,start    ] GC(41) Garbage Collection (System.gc())
[66.744s][info][gc,task     ] GC(41) Using 2 workers
[66.744s][info][gc,phases   ] GC(41) Pause Mark Start 0.006ms
[66.809s][info][gc,phases   ] GC(41) Concurrent Mark 64.559ms
[66.809s][info][gc,phases   ] GC(41) Pause Mark End 0.025ms
[66.809s][info][gc,phases   ] GC(41) Concurrent Mark Free 0.002ms
[66.817s][info][gc,phases   ] GC(41) Concurrent Process Non-Strong References 7.538ms
[66.817s][info][gc,phases   ] GC(41) Concurrent Reset Relocation Set 0.019ms
[66.819s][info][gc,phases   ] GC(41) Concurrent Select Relocation Set 2.452ms
[66.820s][info][gc,phases   ] GC(41) Pause Relocate Start 0.009ms
[66.826s][info][gc,phases   ] GC(41) Concurrent Relocate 6.282ms
[66.826s][info][gc,load     ] GC(41) Load: 0.00/0.00/0.00
[66.826s][info][gc,mmu      ] GC(41) MMU: 2ms/80.5%, 5ms/92.2%, 10ms/96.1%, 20ms/96.3%, 50ms/97.1%, 100ms/97.5%
[66.826s][info][gc,marking  ] GC(41) Mark: 2 stripe(s), 1 proactive flush(es), 1 terminate flush(es), 0 completion(s), 0 continuation(s) 
[66.826s][info][gc,marking  ] GC(41) Mark Stack Usage: 32M
[66.826s][info][gc,nmethod  ] GC(41) NMethods: 4480 registered, 0 unregistered
[66.826s][info][gc,metaspace] GC(41) Metaspace: 33M used, 33M committed, 1088M reserved
[66.826s][info][gc,ref      ] GC(41) Soft: 4016 encountered, 0 discovered, 0 enqueued
[66.826s][info][gc,ref      ] GC(41) Weak: 22373 encountered, 21776 discovered, 20658 enqueued
[66.826s][info][gc,ref      ] GC(41) Final: 7 encountered, 7 discovered, 0 enqueued
[66.826s][info][gc,ref      ] GC(41) Phantom: 714 encountered, 646 discovered, 0 enqueued
[66.826s][info][gc,reloc    ] GC(41) Small Pages: 140 / 280M, Empty: 20M, Relocated: 11M, In-Place: 0
[66.826s][info][gc,reloc    ] GC(41) Medium Pages: 3 / 96M, Empty: 64M, Relocated: 0M, In-Place: 0
[66.826s][info][gc,reloc    ] GC(41) Large Pages: 18 / 124M, Empty: 124M, Relocated: 0M, In-Place: 0
[66.826s][info][gc,reloc    ] GC(41) Forwarding Usage: 3M
[66.826s][info][gc,heap     ] GC(41) Min Capacity: 8192M(100%)
[66.826s][info][gc,heap     ] GC(41) Max Capacity: 8192M(100%)
[66.826s][info][gc,heap     ] GC(41) Soft Max Capacity: 8192M(100%)
[66.826s][info][gc,heap     ] GC(41)                Mark Start          Mark End        Relocate Start      Relocate End           High               Low         
[66.826s][info][gc,heap     ] GC(41)  Capacity:     8192M (100%)       8192M (100%)       8192M (100%)       8192M (100%)       8192M (100%)       8192M (100%)   
[66.826s][info][gc,heap     ] GC(41)      Free:     7692M (94%)        7692M (94%)        7900M (96%)        8046M (98%)        8046M (98%)        7692M (94%)    
[66.826s][info][gc,heap     ] GC(41)      Used:      500M (6%)          500M (6%)          292M (4%)          146M (2%)          500M (6%)          146M (2%)     
[66.826s][info][gc,heap     ] GC(41)      Live:         -               123M (2%)          123M (2%)          123M (2%)             -                  -          
[66.826s][info][gc,heap     ] GC(41) Allocated:         -                 0M (0%)            0M (0%)            0M (0%)             -                  -          
[66.826s][info][gc,heap     ] GC(41)   Garbage:         -               376M (5%)          168M (2%)           22M (0%)             -                  -          
[66.826s][info][gc,heap     ] GC(41) Reclaimed:         -                  -               208M (3%)          354M (4%)             -                  -          
[66.826s][info][gc          ] GC(41) Garbage Collection (System.gc()) 500M(6%)->146M(2%)
[67.421s][info][gc,start    ] GC(42) Garbage Collection (Allocation Rate)
[67.421s][info][gc,task     ] GC(42) Using 2 workers
[67.421s][info][gc,phases   ] GC(42) Pause Mark Start 0.013ms
[67.531s][info][gc,phases   ] GC(42) Concurrent Mark 94.136ms
[67.531s][info][gc,phases   ] GC(42) Pause Mark End 0.016ms
[67.535s][info][gc,phases   ] GC(42) Concurrent Mark Free 0.003ms
[67.540s][info][gc,phases   ] GC(42) Concurrent Process Non-Strong References 4.536ms
[67.540s][info][gc,phases   ] GC(42) Concurrent Reset Relocation Set 0.008ms
[67.543s][info][gc,phases   ] GC(42) Concurrent Select Relocation Set 2.964ms
[67.543s][info][gc,phases   ] GC(42) Pause Relocate Start 0.015ms
[67.543s][info][gc,phases   ] GC(42) Concurrent Relocate 0.130ms
[67.543s][info][gc,load     ] GC(42) Load: 0.00/0.00/0.00
[67.543s][info][gc,mmu      ] GC(42) MMU: 2ms/80.5%, 5ms/92.2%, 10ms/96.1%, 20ms/96.3%, 50ms/97.1%, 100ms/97.5%
[67.543s][info][gc,marking  ] GC(42) Mark: 2 stripe(s), 2 proactive flush(es), 1 terminate flush(es), 0 completion(s), 0 continuation(s) 
[67.543s][info][gc,marking  ] GC(42) Mark Stack Usage: 32M
[67.543s][info][gc,nmethod  ] GC(42) NMethods: 4484 registered, 0 unregistered
[67.543s][info][gc,metaspace] GC(42) Metaspace: 33M used, 33M committed, 1088M reserved
[67.543s][info][gc,ref      ] GC(42) Soft: 4016 encountered, 0 discovered, 0 enqueued
[67.543s][info][gc,ref      ] GC(42) Weak: 1733 encountered, 50 discovered, 0 enqueued
[67.543s][info][gc,ref      ] GC(42) Final: 7 encountered, 5 discovered, 0 enqueued
[67.543s][info][gc,ref      ] GC(42) Phantom: 714 encountered, 651 discovered, 0 enqueued
[67.544s][info][gc,reloc    ] GC(42) Small Pages: 2246 / 4492M, Empty: 4354M, Relocated: 0M, In-Place: 0
[67.544s][info][gc,reloc    ] GC(42) Medium Pages: 1 / 32M, Empty: 0M, Relocated: 0M, In-Place: 0
[67.544s][info][gc,reloc    ] GC(42) Large Pages: 0 / 0M, Empty: 0M, Relocated: 0M, In-Place: 0
[67.544s][info][gc,reloc    ] GC(42) Forwarding Usage: 0M
[67.544s][info][gc,heap     ] GC(42) Min Capacity: 8192M(100%)
[67.544s][info][gc,heap     ] GC(42) Max Capacity: 8192M(100%)
[67.544s][info][gc,heap     ] GC(42) Soft Max Capacity: 8192M(100%)
[67.544s][info][gc,heap     ] GC(42)                Mark Start          Mark End        Relocate Start      Relocate End           High               Low         
[67.544s][info][gc,heap     ] GC(42)  Capacity:     8192M (100%)       8192M (100%)       8192M (100%)       8192M (100%)       8192M (100%)       8192M (100%)   
[67.544s][info][gc,heap     ] GC(42)      Free:     3668M (45%)        3164M (39%)        7470M (91%)        7492M (91%)        7492M (91%)        3132M (38%)    
[67.544s][info][gc,heap     ] GC(42)      Used:     4524M (55%)        5028M (61%)         722M (9%)          700M (9%)         5060M (62%)         700M (9%)     
[67.544s][info][gc,heap     ] GC(42)      Live:         -               123M (2%)          123M (2%)          123M (2%)             -                  -          
[67.544s][info][gc,heap     ] GC(42) Allocated:         -               504M (6%)          552M (7%)          551M (7%)             -                  -          
[67.544s][info][gc,heap     ] GC(42)   Garbage:         -              4400M (54%)          46M (1%)           24M (0%)             -                  -          
[67.544s][info][gc,heap     ] GC(42) Reclaimed:         -                  -              4354M (53%)        4375M (53%)            -                  -          
[67.544s][info][gc          ] GC(42) Garbage Collection (Allocation Rate) 4524M(55%)->700M(9%)
[68.221s][info][gc,start    ] GC(43) Garbage Collection (Allocation Rate)
[68.221s][info][gc,task     ] GC(43) Using 1 workers
[68.222s][info][gc,phases   ] GC(43) Pause Mark Start 0.007ms
[68.363s][info][gc,phases   ] GC(43) Concurrent Mark 140.868ms
[68.363s][info][gc,phases   ] GC(43) Pause Mark End 0.010ms
[68.363s][info][gc,phases   ] GC(43) Concurrent Mark Free 0.001ms
[68.374s][info][gc,phases   ] GC(43) Concurrent Process Non-Strong References 11.538ms
[68.374s][info][gc,phases   ] GC(43) Concurrent Reset Relocation Set 0.003ms
[68.378s][info][gc,phases   ] GC(43) Concurrent Select Relocation Set 3.070ms
[68.378s][info][gc,phases   ] GC(43) Pause Relocate Start 0.008ms
[68.378s][info][gc,phases   ] GC(43) Concurrent Relocate 0.315ms
[68.378s][info][gc,load     ] GC(43) Load: 0.00/0.00/0.00
[68.378s][info][gc,mmu      ] GC(43) MMU: 2ms/80.5%, 5ms/92.2%, 10ms/96.1%, 20ms/96.3%, 50ms/97.1%, 100ms/97.5%
[68.378s][info][gc,marking  ] GC(43) Mark: 1 stripe(s), 2 proactive flush(es), 1 terminate flush(es), 0 completion(s), 0 continuation(s) 
[68.378s][info][gc,marking  ] GC(43) Mark Stack Usage: 32M
[68.378s][info][gc,nmethod  ] GC(43) NMethods: 4484 registered, 0 unregistered
[68.378s][info][gc,metaspace] GC(43) Metaspace: 33M used, 33M committed, 1088M reserved
[68.378s][info][gc,ref      ] GC(43) Soft: 4016 encountered, 0 discovered, 0 enqueued
[68.378s][info][gc,ref      ] GC(43) Weak: 1733 encountered, 1284 discovered, 0 enqueued
[68.378s][info][gc,ref      ] GC(43) Final: 7 encountered, 7 discovered, 0 enqueued
[68.378s][info][gc,ref      ] GC(43) Phantom: 714 encountered, 665 discovered, 0 enqueued
[68.378s][info][gc,reloc    ] GC(43) Small Pages: 2194 / 4388M, Empty: 4248M, Relocated: 0M, In-Place: 0
[68.378s][info][gc,reloc    ] GC(43) Medium Pages: 1 / 32M, Empty: 0M, Relocated: 0M, In-Place: 0
[68.378s][info][gc,reloc    ] GC(43) Large Pages: 0 / 0M, Empty: 0M, Relocated: 0M, In-Place: 0
[68.378s][info][gc,reloc    ] GC(43) Forwarding Usage: 0M
[68.378s][info][gc,heap     ] GC(43) Min Capacity: 8192M(100%)
[68.378s][info][gc,heap     ] GC(43) Max Capacity: 8192M(100%)
[68.378s][info][gc,heap     ] GC(43) Soft Max Capacity: 8192M(100%)
[68.378s][info][gc,heap     ] GC(43)                Mark Start          Mark End        Relocate Start      Relocate End           High               Low         
[68.378s][info][gc,heap     ] GC(43)  Capacity:     8192M (100%)       8192M (100%)       8192M (100%)       8192M (100%)       8192M (100%)       8192M (100%)   
[68.378s][info][gc,heap     ] GC(43)      Free:     3772M (46%)        3050M (37%)        7218M (88%)        7242M (88%)        7242M (88%)        2986M (36%)    
[68.378s][info][gc,heap     ] GC(43)      Used:     4420M (54%)        5142M (63%)         974M (12%)         950M (12%)        5206M (64%)         950M (12%)    
[68.378s][info][gc,heap     ] GC(43)      Live:         -               123M (2%)          123M (2%)          123M (2%)             -                  -          
[68.378s][info][gc,heap     ] GC(43) Allocated:         -               722M (9%)          802M (10%)         803M (10%)            -                  -          
[68.378s][info][gc,heap     ] GC(43)   Garbage:         -              4296M (52%)          48M (1%)           22M (0%)             -                  -          
[68.378s][info][gc,heap     ] GC(43) Reclaimed:         -                  -              4248M (52%)        4273M (52%)            -                  -          
[68.378s][info][gc          ] GC(43) Garbage Collection (Allocation Rate) 4420M(54%)->950M(12%)
[69.320s][info][gc,start    ] GC(44) Garbage Collection (Allocation Rate)
[69.320s][info][gc,task     ] GC(44) Using 1 workers
[69.320s][info][gc,phases   ] GC(44) Pause Mark Start 0.012ms
[69.438s][info][gc,phases   ] GC(44) Concurrent Mark 117.458ms
[69.438s][info][gc,phases   ] GC(44) Pause Mark End 0.024ms
[69.445s][info][gc,phases   ] GC(44) Concurrent Mark Free 0.004ms
[69.453s][info][gc,phases   ] GC(44) Concurrent Process Non-Strong References 7.945ms
[69.453s][info][gc,phases   ] GC(44) Concurrent Reset Relocation Set 0.002ms
[69.456s][info][gc,phases   ] GC(44) Concurrent Select Relocation Set 2.794ms
[69.456s][info][gc,phases   ] GC(44) Pause Relocate Start 0.015ms
[69.456s][info][gc,phases   ] GC(44) Concurrent Relocate 0.210ms
[69.456s][info][gc,load     ] GC(44) Load: 0.00/0.00/0.00
[69.456s][info][gc,mmu      ] GC(44) MMU: 2ms/80.5%, 5ms/92.2%, 10ms/96.1%, 20ms/96.3%, 50ms/97.1%, 100ms/97.5%
[69.456s][info][gc,marking  ] GC(44) Mark: 1 stripe(s), 2 proactive flush(es), 1 terminate flush(es), 0 completion(s), 0 continuation(s) 
[69.456s][info][gc,marking  ] GC(44) Mark Stack Usage: 32M
[69.456s][info][gc,nmethod  ] GC(44) NMethods: 4484 registered, 0 unregistered
[69.456s][info][gc,metaspace] GC(44) Metaspace: 33M used, 33M committed, 1088M reserved
[69.456s][info][gc,ref      ] GC(44) Soft: 4016 encountered, 0 discovered, 0 enqueued
[69.456s][info][gc,ref      ] GC(44) Weak: 1751 encountered, 1297 discovered, 6 enqueued
[69.456s][info][gc,ref      ] GC(44) Final: 7 encountered, 7 discovered, 0 enqueued
[69.456s][info][gc,ref      ] GC(44) Phantom: 714 encountered, 665 discovered, 0 enqueued
[69.456s][info][gc,reloc    ] GC(44) Small Pages: 3025 / 6050M, Empty: 5896M, Relocated: 0M, In-Place: 0
[69.456s][info][gc,reloc    ] GC(44) Medium Pages: 1 / 32M, Empty: 0M, Relocated: 0M, In-Place: 0
[69.456s][info][gc,reloc    ] GC(44) Large Pages: 0 / 0M, Empty: 0M, Relocated: 0M, In-Place: 0
[69.456s][info][gc,reloc    ] GC(44) Forwarding Usage: 0M
[69.456s][info][gc,heap     ] GC(44) Min Capacity: 8192M(100%)
[69.456s][info][gc,heap     ] GC(44) Max Capacity: 8192M(100%)
[69.456s][info][gc,heap     ] GC(44) Soft Max Capacity: 8192M(100%)
[69.456s][info][gc,heap     ] GC(44)                Mark Start          Mark End        Relocate Start      Relocate End           High               Low         
[69.456s][info][gc,heap     ] GC(44)  Capacity:     8192M (100%)       8192M (100%)       8192M (100%)       8192M (100%)       8192M (100%)       8192M (100%)   
[69.457s][info][gc,heap     ] GC(44)      Free:     2110M (26%)        1894M (23%)        7768M (95%)        7806M (95%)        7806M (95%)        1876M (23%)    
[69.457s][info][gc,heap     ] GC(44)      Used:     6082M (74%)        6298M (77%)         424M (5%)          386M (5%)         6316M (77%)         386M (5%)     
[69.457s][info][gc,heap     ] GC(44)      Live:         -               123M (2%)          123M (2%)          123M (2%)             -                  -          
[69.457s][info][gc,heap     ] GC(44) Allocated:         -               216M (3%)          238M (3%)          239M (3%)             -                  -          
[69.457s][info][gc,heap     ] GC(44)   Garbage:         -              5958M (73%)          62M (1%)           22M (0%)             -                  -          
[69.457s][info][gc,heap     ] GC(44) Reclaimed:         -                  -              5896M (72%)        5935M (72%)            -                  -          
[69.457s][info][gc          ] GC(44) Garbage Collection (Allocation Rate) 6082M(74%)->386M(5%)
[70.330s][info][gc,stats    ] === Garbage Collection Statistics =======================================================================================================================
[70.330s][info][gc,stats    ]                                                              Last 10s              Last 10m              Last 10h                Total
[70.330s][info][gc,stats    ]                                                              Avg / Max             Avg / Max             Avg / Max             Avg / Max
[70.330s][info][gc,stats    ]   Collector: Garbage Collection Cycle                    140.015 / 256.644     127.843 / 379.439     127.843 / 379.439     127.843 / 379.439     ms
[70.330s][info][gc,stats    ]  Contention: Mark Segment Reset Contention                     0 / 1                 0 / 26                0 / 26                0 / 26          ops/s
[70.330s][info][gc,stats    ]  Contention: Mark SeqNum Reset Contention                      0 / 0                 0 / 1                 0 / 1                 0 / 1           ops/s
[70.330s][info][gc,stats    ]    Critical: Allocation Stall                                  0 / 0                 0 / 0                 0 / 0                 0 / 0           ops/s
[70.330s][info][gc,stats    ]    Critical: Allocation Stall                              0.000 / 0.000         0.000 / 0.000         0.000 / 0.000         0.000 / 0.000       ms
[70.330s][info][gc,stats    ]    Critical: GC Locker Stall                                   0 / 0                 0 / 0                 0 / 0                 0 / 0           ops/s
[70.330s][info][gc,stats    ]    Critical: GC Locker Stall                               0.000 / 0.000         0.000 / 0.000         0.000 / 0.000         0.000 / 0.000       ms
[70.330s][info][gc,stats    ]    Critical: Relocation Stall                                  0 / 0                 0 / 0                 0 / 0                 0 / 0           ops/s
[70.330s][info][gc,stats    ]    Critical: Relocation Stall                              0.000 / 0.000         0.000 / 0.000         0.000 / 0.000         0.000 / 0.000       ms
[70.330s][info][gc,stats    ]      Memory: Allocation Rate                                3417 / 6396           2611 / 6636           2611 / 6636           2611 / 6636        MB/s
[70.330s][info][gc,stats    ]      Memory: Out Of Memory                                     0 / 0                 0 / 0                 0 / 0                 0 / 0           ops/s
[70.330s][info][gc,stats    ]      Memory: Page Cache Flush                                111 / 630              70 / 630              70 / 630              70 / 630         MB/s
[70.330s][info][gc,stats    ]      Memory: Page Cache Hit L1                              1519 / 3200           1097 / 3321           1097 / 3321           1097 / 3321        ops/s
[70.330s][info][gc,stats    ]      Memory: Page Cache Hit L2                                 0 / 0                 0 / 0                 0 / 0                 0 / 0           ops/s
[70.330s][info][gc,stats    ]      Memory: Page Cache Hit L3                                56 / 280              74 / 635              74 / 635              74 / 635         ops/s
[70.330s][info][gc,stats    ]      Memory: Page Cache Miss                                  11 / 69                7 / 69                7 / 69                7 / 69          ops/s
[70.330s][info][gc,stats    ]      Memory: Uncommit                                          0 / 0                 0 / 0                 0 / 0                 0 / 0           MB/s
[70.330s][info][gc,stats    ]      Memory: Undo Object Allocation Failed                     0 / 0                 0 / 1                 0 / 1                 0 / 1           ops/s
[70.330s][info][gc,stats    ]      Memory: Undo Object Allocation Succeeded                  0 / 3                 0 / 5                 0 / 5                 0 / 5           ops/s
[70.330s][info][gc,stats    ]      Memory: Undo Page Allocation                              0 / 4                 0 / 5                 0 / 5                 0 / 5           ops/s
[70.330s][info][gc,stats    ]       Phase: Concurrent Mark                             115.834 / 190.432      95.904 / 190.432      95.904 / 190.432      95.904 / 190.432     ms
[70.330s][info][gc,stats    ]       Phase: Concurrent Mark Continue                      0.000 / 0.000        15.048 / 15.380       15.048 / 15.380       15.048 / 15.380      ms
[70.330s][info][gc,stats    ]       Phase: Concurrent Mark Free                          0.002 / 0.004         0.001 / 0.004         0.001 / 0.004         0.001 / 0.004       ms
[70.330s][info][gc,stats    ]       Phase: Concurrent Process Non-Strong References      7.965 / 11.538        7.451 / 25.070        7.451 / 25.070        7.451 / 25.070      ms
[70.330s][info][gc,stats    ]       Phase: Concurrent Relocate                           8.089 / 49.074       10.773 / 76.380       10.773 / 76.380       10.773 / 76.380      ms
[70.330s][info][gc,stats    ]       Phase: Concurrent Reset Relocation Set               0.007 / 0.019         0.010 / 0.049         0.010 / 0.049         0.010 / 0.049       ms
[70.330s][info][gc,stats    ]       Phase: Concurrent Select Relocation Set              3.411 / 6.277         3.690 / 8.915         3.690 / 8.915         3.690 / 8.915       ms
[70.331s][info][gc,stats    ]       Phase: Pause Mark End                                0.029 / 0.105         0.109 / 0.390         0.109 / 0.390         0.109 / 0.390       ms
[70.331s][info][gc,stats    ]       Phase: Pause Mark Start                              0.010 / 0.016         0.009 / 0.018         0.009 / 0.018         0.009 / 0.018       ms
[70.331s][info][gc,stats    ]       Phase: Pause Relocate Start                          0.011 / 0.015         0.011 / 0.024         0.011 / 0.024         0.011 / 0.024       ms
[70.331s][info][gc,stats    ]    Subphase: Concurrent Classes Purge                      0.230 / 0.374         0.223 / 0.437         0.223 / 0.437         0.223 / 0.437       ms
[70.331s][info][gc,stats    ]    Subphase: Concurrent Classes Unlink                     6.231 / 10.218        5.457 / 23.760        5.457 / 23.760        5.457 / 23.760      ms
[70.331s][info][gc,stats    ]    Subphase: Concurrent Mark                             100.750 / 189.582      59.760 / 189.582      59.760 / 189.582      59.760 / 189.582     ms
[70.331s][info][gc,stats    ]    Subphase: Concurrent Mark Try Flush                     2.146 / 17.156        0.510 / 17.156        0.510 / 17.156        0.510 / 17.156      ms
[70.331s][info][gc,stats    ]    Subphase: Concurrent Mark Try Terminate                 3.808 / 15.570        3.530 / 16.519        3.530 / 16.519        3.530 / 16.519      ms
[70.331s][info][gc,stats    ]    Subphase: Concurrent References Enqueue                 0.002 / 0.005         0.003 / 0.008         0.003 / 0.008         0.003 / 0.008       ms
[70.331s][info][gc,stats    ]    Subphase: Concurrent References Process                 0.870 / 2.615         0.903 / 3.217         0.903 / 3.217         0.903 / 3.217       ms
[70.331s][info][gc,stats    ]    Subphase: Concurrent Roots ClassLoaderDataGraph         0.116 / 0.218         0.126 / 0.537         0.126 / 0.537         0.126 / 0.537       ms
[70.331s][info][gc,stats    ]    Subphase: Concurrent Roots CodeCache                    0.000 / 0.000         0.000 / 0.000         0.000 / 0.000         0.000 / 0.000       ms
[70.331s][info][gc,stats    ]    Subphase: Concurrent Roots JavaThreads                  0.354 / 0.546         0.380 / 1.258         0.380 / 1.258         0.380 / 1.258       ms
[70.331s][info][gc,stats    ]    Subphase: Concurrent Roots OopStorageSet                0.035 / 0.053         0.033 / 0.124         0.033 / 0.124         0.033 / 0.124       ms
[70.331s][info][gc,stats    ]    Subphase: Concurrent Weak Roots OopStorageSet           0.318 / 0.446         0.350 / 1.123         0.350 / 1.123         0.350 / 1.123       ms
[70.331s][info][gc,stats    ]    Subphase: Pause Mark Try Complete                       0.058 / 0.058         0.196 / 0.301         0.196 / 0.301         0.196 / 0.301       ms
[70.331s][info][gc,stats    ]      System: Java Threads                                     19 / 21               18 / 22               18 / 22               18 / 22          threads
[70.331s][info][gc,stats    ] =========================================================================================================================================================
[74.176s][info][gc,start    ] GC(45) Garbage Collection (System.gc())
[74.176s][info][gc,task     ] GC(45) Using 2 workers
[74.176s][info][gc,phases   ] GC(45) Pause Mark Start 0.009ms
[74.243s][info][gc,phases   ] GC(45) Concurrent Mark 67.111ms
[74.243s][info][gc,phases   ] GC(45) Pause Mark End 0.024ms
[74.244s][info][gc,phases   ] GC(45) Concurrent Mark Free 0.001ms
[74.249s][info][gc,phases   ] GC(45) Concurrent Process Non-Strong References 5.561ms
[74.249s][info][gc,phases   ] GC(45) Concurrent Reset Relocation Set 0.002ms
[74.252s][info][gc,phases   ] GC(45) Concurrent Select Relocation Set 2.771ms
[74.252s][info][gc,phases   ] GC(45) Pause Relocate Start 0.009ms
[74.260s][info][gc,phases   ] GC(45) Concurrent Relocate 7.908ms
[74.260s][info][gc,load     ] GC(45) Load: 0.00/0.00/0.00
[74.260s][info][gc,mmu      ] GC(45) MMU: 2ms/80.5%, 5ms/92.2%, 10ms/96.1%, 20ms/96.3%, 50ms/97.1%, 100ms/97.5%
[74.260s][info][gc,marking  ] GC(45) Mark: 2 stripe(s), 1 proactive flush(es), 1 terminate flush(es), 0 completion(s), 0 continuation(s) 
[74.260s][info][gc,marking  ] GC(45) Mark Stack Usage: 32M
[74.260s][info][gc,nmethod  ] GC(45) NMethods: 4506 registered, 0 unregistered
[74.260s][info][gc,metaspace] GC(45) Metaspace: 33M used, 33M committed, 1088M reserved
[74.260s][info][gc,ref      ] GC(45) Soft: 4016 encountered, 0 discovered, 0 enqueued
[74.260s][info][gc,ref      ] GC(45) Weak: 23821 encountered, 22160 discovered, 22107 enqueued
[74.260s][info][gc,ref      ] GC(45) Final: 7 encountered, 5 discovered, 0 enqueued
[74.260s][info][gc,ref      ] GC(45) Phantom: 714 encountered, 627 discovered, 0 enqueued
[74.260s][info][gc,reloc    ] GC(45) Small Pages: 1265 / 2530M, Empty: 1742M, Relocated: 11M, In-Place: 0
[74.260s][info][gc,reloc    ] GC(45) Medium Pages: 34 / 1088M, Empty: 1024M, Relocated: 16M, In-Place: 0
[74.260s][info][gc,reloc    ] GC(45) Large Pages: 313 / 2182M, Empty: 2182M, Relocated: 0M, In-Place: 0
[74.260s][info][gc,reloc    ] GC(45) Forwarding Usage: 3M
[74.260s][info][gc,heap     ] GC(45) Min Capacity: 8192M(100%)
[74.260s][info][gc,heap     ] GC(45) Max Capacity: 8192M(100%)
[74.260s][info][gc,heap     ] GC(45) Soft Max Capacity: 8192M(100%)
[74.261s][info][gc,heap     ] GC(45)                Mark Start          Mark End        Relocate Start      Relocate End           High               Low         
[74.261s][info][gc,heap     ] GC(45)  Capacity:     8192M (100%)       8192M (100%)       8192M (100%)       8192M (100%)       8192M (100%)       8192M (100%)   
[74.261s][info][gc,heap     ] GC(45)      Free:     2392M (29%)        2392M (29%)        7340M (90%)        8046M (98%)        8046M (98%)        2392M (29%)    
[74.261s][info][gc,heap     ] GC(45)      Used:     5800M (71%)        5800M (71%)         852M (10%)         146M (2%)         5800M (71%)         146M (2%)     
[74.261s][info][gc,heap     ] GC(45)      Live:         -               126M (2%)          126M (2%)          126M (2%)             -                  -          
[74.261s][info][gc,heap     ] GC(45) Allocated:         -                 0M (0%)            0M (0%)            0M (0%)             -                  -          
[74.261s][info][gc,heap     ] GC(45)   Garbage:         -              5673M (69%)         725M (9%)           19M (0%)             -                  -          
[74.261s][info][gc,heap     ] GC(45) Reclaimed:         -                  -              4948M (60%)        5654M (69%)            -                  -          
[74.261s][info][gc          ] GC(45) Garbage Collection (System.gc()) 5800M(71%)->146M(2%)
[74.934s][info][gc,start    ] GC(46) Garbage Collection (Allocation Rate)
[74.934s][info][gc,task     ] GC(46) Using 2 workers
[74.935s][info][gc,phases   ] GC(46) Pause Mark Start 0.011ms
[74.997s][info][gc,phases   ] GC(46) Concurrent Mark 62.413ms
[74.997s][info][gc,phases   ] GC(46) Pause Mark End 0.014ms
[74.997s][info][gc,phases   ] GC(46) Concurrent Mark Free 0.001ms
[75.002s][info][gc,phases   ] GC(46) Concurrent Process Non-Strong References 4.256ms
[75.002s][info][gc,phases   ] GC(46) Concurrent Reset Relocation Set 0.021ms
[75.005s][info][gc,phases   ] GC(46) Concurrent Select Relocation Set 2.969ms
[75.005s][info][gc,phases   ] GC(46) Pause Relocate Start 0.008ms
[75.005s][info][gc,phases   ] GC(46) Concurrent Relocate 0.212ms
[75.005s][info][gc,load     ] GC(46) Load: 0.00/0.00/0.00
[75.005s][info][gc,mmu      ] GC(46) MMU: 2ms/80.5%, 5ms/92.2%, 10ms/96.1%, 20ms/96.3%, 50ms/97.1%, 100ms/97.5%
[75.005s][info][gc,marking  ] GC(46) Mark: 2 stripe(s), 2 proactive flush(es), 1 terminate flush(es), 0 completion(s), 0 continuation(s) 
[75.005s][info][gc,marking  ] GC(46) Mark Stack Usage: 32M
[75.005s][info][gc,nmethod  ] GC(46) NMethods: 4509 registered, 0 unregistered
[75.005s][info][gc,metaspace] GC(46) Metaspace: 33M used, 33M committed, 1088M reserved
[75.005s][info][gc,ref      ] GC(46) Soft: 4016 encountered, 0 discovered, 0 enqueued
[75.005s][info][gc,ref      ] GC(46) Weak: 1732 encountered, 29 discovered, 0 enqueued
[75.005s][info][gc,ref      ] GC(46) Final: 7 encountered, 7 discovered, 0 enqueued
[75.005s][info][gc,ref      ] GC(46) Phantom: 714 encountered, 646 discovered, 0 enqueued
[75.005s][info][gc,reloc    ] GC(46) Small Pages: 2518 / 5036M, Empty: 4898M, Relocated: 0M, In-Place: 0
[75.005s][info][gc,reloc    ] GC(46) Medium Pages: 1 / 32M, Empty: 0M, Relocated: 0M, In-Place: 0
[75.005s][info][gc,reloc    ] GC(46) Large Pages: 0 / 0M, Empty: 0M, Relocated: 0M, In-Place: 0
[75.005s][info][gc,reloc    ] GC(46) Forwarding Usage: 0M
[75.005s][info][gc,heap     ] GC(46) Min Capacity: 8192M(100%)
[75.005s][info][gc,heap     ] GC(46) Max Capacity: 8192M(100%)
[75.005s][info][gc,heap     ] GC(46) Soft Max Capacity: 8192M(100%)
[75.005s][info][gc,heap     ] GC(46)                Mark Start          Mark End        Relocate Start      Relocate End           High               Low         
[75.005s][info][gc,heap     ] GC(46)  Capacity:     8192M (100%)       8192M (100%)       8192M (100%)       8192M (100%)       8192M (100%)       8192M (100%)   
[75.005s][info][gc,heap     ] GC(46)      Free:     3124M (38%)        2954M (36%)        7836M (96%)        7858M (96%)        7858M (96%)        2952M (36%)    
[75.005s][info][gc,heap     ] GC(46)      Used:     5068M (62%)        5238M (64%)         356M (4%)          334M (4%)         5240M (64%)         334M (4%)     
[75.005s][info][gc,heap     ] GC(46)      Live:         -               126M (2%)          126M (2%)          126M (2%)             -                  -          
[75.005s][info][gc,heap     ] GC(46) Allocated:         -               170M (2%)          186M (2%)          186M (2%)             -                  -          
[75.005s][info][gc,heap     ] GC(46)   Garbage:         -              4941M (60%)          43M (1%)           21M (0%)             -                  -          
[75.005s][info][gc,heap     ] GC(46) Reclaimed:         -                  -              4898M (60%)        4920M (60%)            -                  -          
[75.005s][info][gc          ] GC(46) Garbage Collection (Allocation Rate) 5068M(62%)->334M(4%)
[76.133s][info][gc,start    ] GC(47) Garbage Collection (Allocation Rate)
[76.133s][info][gc,task     ] GC(47) Using 1 workers
[76.133s][info][gc,phases   ] GC(47) Pause Mark Start 0.007ms
[76.265s][info][gc,phases   ] GC(47) Concurrent Mark 131.927ms
[76.266s][info][gc,phases   ] GC(47) Pause Mark End 0.014ms
[76.266s][info][gc,phases   ] GC(47) Concurrent Mark Free 0.001ms
[76.276s][info][gc,phases   ] GC(47) Concurrent Process Non-Strong References 10.261ms
[76.276s][info][gc,phases   ] GC(47) Concurrent Reset Relocation Set 0.002ms
[76.279s][info][gc,phases   ] GC(47) Concurrent Select Relocation Set 3.113ms
[76.279s][info][gc,phases   ] GC(47) Pause Relocate Start 0.010ms
[76.280s][info][gc,phases   ] GC(47) Concurrent Relocate 0.247ms
[76.280s][info][gc,load     ] GC(47) Load: 0.00/0.00/0.00
[76.280s][info][gc,mmu      ] GC(47) MMU: 2ms/80.5%, 5ms/92.2%, 10ms/96.1%, 20ms/96.3%, 50ms/97.1%, 100ms/97.5%
[76.280s][info][gc,marking  ] GC(47) Mark: 1 stripe(s), 2 proactive flush(es), 1 terminate flush(es), 0 completion(s), 0 continuation(s) 
[76.280s][info][gc,marking  ] GC(47) Mark Stack Usage: 32M
[76.280s][info][gc,nmethod  ] GC(47) NMethods: 4509 registered, 0 unregistered
[76.280s][info][gc,metaspace] GC(47) Metaspace: 33M used, 33M committed, 1088M reserved
[76.280s][info][gc,ref      ] GC(47) Soft: 4016 encountered, 0 discovered, 0 enqueued
[76.280s][info][gc,ref      ] GC(47) Weak: 1732 encountered, 1284 discovered, 0 enqueued
[76.280s][info][gc,ref      ] GC(47) Final: 7 encountered, 7 discovered, 0 enqueued
[76.280s][info][gc,ref      ] GC(47) Phantom: 714 encountered, 665 discovered, 0 enqueued
[76.280s][info][gc,reloc    ] GC(47) Small Pages: 3153 / 6306M, Empty: 6166M, Relocated: 0M, In-Place: 0
[76.280s][info][gc,reloc    ] GC(47) Medium Pages: 1 / 32M, Empty: 0M, Relocated: 0M, In-Place: 0
[76.280s][info][gc,reloc    ] GC(47) Large Pages: 0 / 0M, Empty: 0M, Relocated: 0M, In-Place: 0
[76.280s][info][gc,reloc    ] GC(47) Forwarding Usage: 0M
[76.280s][info][gc,heap     ] GC(47) Min Capacity: 8192M(100%)
[76.280s][info][gc,heap     ] GC(47) Max Capacity: 8192M(100%)
[76.280s][info][gc,heap     ] GC(47) Soft Max Capacity: 8192M(100%)
[76.280s][info][gc,heap     ] GC(47)                Mark Start          Mark End        Relocate Start      Relocate End           High               Low         
[76.280s][info][gc,heap     ] GC(47)  Capacity:     8192M (100%)       8192M (100%)       8192M (100%)       8192M (100%)       8192M (100%)       8192M (100%)   
[76.280s][info][gc,heap     ] GC(47)      Free:     1854M (23%)        1336M (16%)        7448M (91%)        7474M (91%)        7474M (91%)        1296M (16%)    
[76.280s][info][gc,heap     ] GC(47)      Used:     6338M (77%)        6856M (84%)         744M (9%)          718M (9%)         6896M (84%)         718M (9%)     
[76.280s][info][gc,heap     ] GC(47)      Live:         -               126M (2%)          126M (2%)          126M (2%)             -                  -          
[76.280s][info][gc,heap     ] GC(47) Allocated:         -               518M (6%)          572M (7%)          571M (7%)             -                  -          
[76.280s][info][gc,heap     ] GC(47)   Garbage:         -              6211M (76%)          45M (1%)           19M (0%)             -                  -          
[76.280s][info][gc,heap     ] GC(47) Reclaimed:         -                  -              6166M (75%)        6191M (76%)            -                  -          
[76.280s][info][gc          ] GC(47) Garbage Collection (Allocation Rate) 6338M(77%)->718M(9%)
[80.321s][info][gc,stats    ] === Garbage Collection Statistics =======================================================================================================================
[80.321s][info][gc,stats    ]                                                              Last 10s              Last 10m              Last 10h                Total
[80.321s][info][gc,stats    ]                                                              Avg / Max             Avg / Max             Avg / Max             Avg / Max
[80.321s][info][gc,stats    ]   Collector: Garbage Collection Cycle                    100.555 / 146.533     126.138 / 379.439     126.138 / 379.439     126.138 / 379.439     ms
[80.321s][info][gc,stats    ]  Contention: Mark Segment Reset Contention                     0 / 1                 0 / 26                0 / 26                0 / 26          ops/s
[80.322s][info][gc,stats    ]  Contention: Mark SeqNum Reset Contention                      0 / 0                 0 / 1                 0 / 1                 0 / 1           ops/s
[80.322s][info][gc,stats    ]    Critical: Allocation Stall                                  0 / 0                 0 / 0                 0 / 0                 0 / 0           ops/s
[80.322s][info][gc,stats    ]    Critical: Allocation Stall                              0.000 / 0.000         0.000 / 0.000         0.000 / 0.000         0.000 / 0.000       ms
[80.322s][info][gc,stats    ]    Critical: GC Locker Stall                                   0 / 0                 0 / 0                 0 / 0                 0 / 0           ops/s
[80.322s][info][gc,stats    ]    Critical: GC Locker Stall                               0.000 / 0.000         0.000 / 0.000         0.000 / 0.000         0.000 / 0.000       ms
[80.322s][info][gc,stats    ]    Critical: Relocation Stall                                  0 / 0                 0 / 0                 0 / 0                 0 / 0           ops/s
[80.322s][info][gc,stats    ]    Critical: Relocation Stall                              0.000 / 0.000         0.000 / 0.000         0.000 / 0.000         0.000 / 0.000       ms
[80.322s][info][gc,stats    ]      Memory: Allocation Rate                                2307 / 6460           2573 / 6636           2573 / 6636           2573 / 6636        MB/s
[80.322s][info][gc,stats    ]      Memory: Out Of Memory                                     0 / 0                 0 / 0                 0 / 0                 0 / 0           ops/s
[80.322s][info][gc,stats    ]      Memory: Page Cache Flush                                239 / 626              91 / 630              91 / 630              91 / 630         MB/s
[80.322s][info][gc,stats    ]      Memory: Page Cache Hit L1                               856 / 3129           1067 / 3321           1067 / 3321           1067 / 3321        ops/s
[80.322s][info][gc,stats    ]      Memory: Page Cache Hit L2                                 0 / 0                 0 / 0                 0 / 0                 0 / 0           ops/s
[80.322s][info][gc,stats    ]      Memory: Page Cache Hit L3                                80 / 590              75 / 635              75 / 635              75 / 635         ops/s
[80.322s][info][gc,stats    ]      Memory: Page Cache Miss                                  25 / 68                9 / 69                9 / 69                9 / 69          ops/s
[80.322s][info][gc,stats    ]      Memory: Uncommit                                          0 / 0                 0 / 0                 0 / 0                 0 / 0           MB/s
[80.322s][info][gc,stats    ]      Memory: Undo Object Allocation Failed                     0 / 0                 0 / 1                 0 / 1                 0 / 1           ops/s
[80.322s][info][gc,stats    ]      Memory: Undo Object Allocation Succeeded                  0 / 0                 0 / 5                 0 / 5                 0 / 5           ops/s
[80.322s][info][gc,stats    ]      Memory: Undo Page Allocation                              0 / 5                 0 / 5                 0 / 5                 0 / 5           ops/s
[80.322s][info][gc,stats    ]       Phase: Concurrent Mark                              87.150 / 131.927      95.357 / 190.432      95.357 / 190.432      95.357 / 190.432     ms
[80.322s][info][gc,stats    ]       Phase: Concurrent Mark Continue                      0.000 / 0.000        15.048 / 15.380       15.048 / 15.380       15.048 / 15.380      ms
[80.322s][info][gc,stats    ]       Phase: Concurrent Mark Free                          0.001 / 0.001         0.001 / 0.004         0.001 / 0.004         0.001 / 0.004       ms
[80.322s][info][gc,stats    ]       Phase: Concurrent Process Non-Strong References      6.693 / 10.261        7.404 / 25.070        7.404 / 25.070        7.404 / 25.070      ms
[80.322s][info][gc,stats    ]       Phase: Concurrent Relocate                           2.789 / 7.908        10.274 / 76.380       10.274 / 76.380       10.274 / 76.380      ms
[80.322s][info][gc,stats    ]       Phase: Concurrent Reset Relocation Set               0.008 / 0.021         0.010 / 0.049         0.010 / 0.049         0.010 / 0.049       ms
[80.322s][info][gc,stats    ]       Phase: Concurrent Select Relocation Set              2.951 / 3.113         3.644 / 8.915         3.644 / 8.915         3.644 / 8.915       ms
[80.322s][info][gc,stats    ]       Phase: Pause Mark End                                0.017 / 0.024         0.105 / 0.390         0.105 / 0.390         0.105 / 0.390       ms
[80.322s][info][gc,stats    ]       Phase: Pause Mark Start                              0.009 / 0.011         0.009 / 0.018         0.009 / 0.018         0.009 / 0.018       ms
[80.322s][info][gc,stats    ]       Phase: Pause Relocate Start                          0.009 / 0.010         0.011 / 0.024         0.011 / 0.024         0.011 / 0.024       ms
[80.322s][info][gc,stats    ]    Subphase: Concurrent Classes Purge                      0.216 / 0.312         0.223 / 0.437         0.223 / 0.437         0.223 / 0.437       ms
[80.322s][info][gc,stats    ]    Subphase: Concurrent Classes Unlink                     5.303 / 9.184         5.448 / 23.760        5.448 / 23.760        5.448 / 23.760      ms
[80.322s][info][gc,stats    ]    Subphase: Concurrent Mark                              75.093 / 131.170      60.476 / 189.582      60.476 / 189.582      60.476 / 189.582     ms
[80.322s][info][gc,stats    ]    Subphase: Concurrent Mark Try Flush                     0.095 / 0.305         0.499 / 17.156        0.499 / 17.156        0.499 / 17.156      ms
[80.322s][info][gc,stats    ]    Subphase: Concurrent Mark Try Terminate                 1.685 / 7.774         3.461 / 16.519        3.461 / 16.519        3.461 / 16.519      ms
[80.322s][info][gc,stats    ]    Subphase: Concurrent References Enqueue                 0.003 / 0.008         0.003 / 0.008         0.003 / 0.008         0.003 / 0.008       ms
[80.322s][info][gc,stats    ]    Subphase: Concurrent References Process                 0.702 / 1.703         0.890 / 3.217         0.890 / 3.217         0.890 / 3.217       ms
[80.322s][info][gc,stats    ]    Subphase: Concurrent Roots ClassLoaderDataGraph         0.088 / 0.168         0.124 / 0.537         0.124 / 0.537         0.124 / 0.537       ms
[80.322s][info][gc,stats    ]    Subphase: Concurrent Roots CodeCache                    0.000 / 0.000         0.000 / 0.000         0.000 / 0.000         0.000 / 0.000       ms
[80.322s][info][gc,stats    ]    Subphase: Concurrent Roots JavaThreads                  0.296 / 0.481         0.374 / 1.258         0.374 / 1.258         0.374 / 1.258       ms
[80.322s][info][gc,stats    ]    Subphase: Concurrent Roots OopStorageSet                0.029 / 0.051         0.032 / 0.124         0.032 / 0.124         0.032 / 0.124       ms
[80.322s][info][gc,stats    ]    Subphase: Concurrent Weak Roots OopStorageSet           0.324 / 0.454         0.348 / 1.123         0.348 / 1.123         0.348 / 1.123       ms
[80.322s][info][gc,stats    ]    Subphase: Pause Mark Try Complete                       0.000 / 0.000         0.196 / 0.301         0.196 / 0.301         0.196 / 0.301       ms
[80.322s][info][gc,stats    ]      System: Java Threads                                     18 / 21               18 / 22               18 / 22               18 / 22          threads
[80.322s][info][gc,stats    ] =========================================================================================================================================================
[80.521s][info][gc,start    ] GC(48) Garbage Collection (Allocation Rate)
[80.521s][info][gc,task     ] GC(48) Using 1 workers
[80.522s][info][gc,phases   ] GC(48) Pause Mark Start 0.008ms
[80.698s][info][gc,phases   ] GC(48) Concurrent Mark 176.540ms
[80.698s][info][gc,phases   ] GC(48) Pause Mark End 0.009ms
[80.698s][info][gc,phases   ] GC(48) Concurrent Mark Free 0.001ms
[80.707s][info][gc,phases   ] GC(48) Concurrent Process Non-Strong References 9.041ms
[80.707s][info][gc,phases   ] GC(48) Concurrent Reset Relocation Set 0.003ms
[80.714s][info][gc,phases   ] GC(48) Concurrent Select Relocation Set 6.509ms
[80.714s][info][gc,phases   ] GC(48) Pause Relocate Start 0.013ms
[80.748s][info][gc,phases   ] GC(48) Concurrent Relocate 33.313ms
[80.748s][info][gc,load     ] GC(48) Load: 0.00/0.00/0.00
[80.748s][info][gc,mmu      ] GC(48) MMU: 2ms/80.5%, 5ms/92.2%, 10ms/96.1%, 20ms/96.3%, 50ms/97.1%, 100ms/97.5%
[80.748s][info][gc,marking  ] GC(48) Mark: 1 stripe(s), 2 proactive flush(es), 1 terminate flush(es), 0 completion(s), 0 continuation(s) 
[80.748s][info][gc,marking  ] GC(48) Mark Stack Usage: 32M
[80.748s][info][gc,nmethod  ] GC(48) NMethods: 4524 registered, 0 unregistered
[80.748s][info][gc,metaspace] GC(48) Metaspace: 33M used, 33M committed, 1088M reserved
[80.748s][info][gc,ref      ] GC(48) Soft: 4016 encountered, 0 discovered, 0 enqueued
[80.748s][info][gc,ref      ] GC(48) Weak: 23272 encountered, 21253 discovered, 5095 enqueued
[80.748s][info][gc,ref      ] GC(48) Final: 7 encountered, 7 discovered, 0 enqueued
[80.748s][info][gc,ref      ] GC(48) Phantom: 718 encountered, 669 discovered, 0 enqueued
[80.748s][info][gc,reloc    ] GC(48) Small Pages: 2734 / 5468M, Empty: 4696M, Relocated: 38M, In-Place: 0
[80.748s][info][gc,reloc    ] GC(48) Medium Pages: 25 / 800M, Empty: 768M, Relocated: 0M, In-Place: 0
[80.748s][info][gc,reloc    ] GC(48) Large Pages: 228 / 1592M, Empty: 1592M, Relocated: 0M, In-Place: 0
[80.748s][info][gc,reloc    ] GC(48) Forwarding Usage: 11M
[80.748s][info][gc,heap     ] GC(48) Min Capacity: 8192M(100%)
[80.748s][info][gc,heap     ] GC(48) Max Capacity: 8192M(100%)
[80.748s][info][gc,heap     ] GC(48) Soft Max Capacity: 8192M(100%)
[80.748s][info][gc,heap     ] GC(48)                Mark Start          Mark End        Relocate Start      Relocate End           High               Low         
[80.748s][info][gc,heap     ] GC(48)  Capacity:     8192M (100%)       8192M (100%)       8192M (100%)       8192M (100%)       8192M (100%)       8192M (100%)   
[80.748s][info][gc,heap     ] GC(48)      Free:      332M (4%)          172M (2%)         7212M (88%)        7820M (95%)        7822M (95%)         166M (2%)     
[80.748s][info][gc,heap     ] GC(48)      Used:     7860M (96%)        8020M (98%)         980M (12%)         372M (5%)         8026M (98%)         370M (5%)     
[80.748s][info][gc,heap     ] GC(48)      Live:         -               151M (2%)          151M (2%)          151M (2%)             -                  -          
[80.748s][info][gc,heap     ] GC(48) Allocated:         -               160M (2%)          176M (2%)          196M (2%)             -                  -          
[80.748s][info][gc,heap     ] GC(48)   Garbage:         -              7708M (94%)         652M (8%)           23M (0%)             -                  -          
[80.748s][info][gc,heap     ] GC(48) Reclaimed:         -                  -              7056M (86%)        7684M (94%)            -                  -          
[80.748s][info][gc          ] GC(48) Garbage Collection (Allocation Rate) 7860M(96%)->372M(5%)
[80.854s][info][gc,start    ] GC(49) Garbage Collection (System.gc())
[80.854s][info][gc,task     ] GC(49) Using 2 workers
[80.854s][info][gc,phases   ] GC(49) Pause Mark Start 0.007ms
[80.915s][info][gc,phases   ] GC(49) Concurrent Mark 60.244ms
[80.915s][info][gc,phases   ] GC(49) Pause Mark End 0.018ms
[80.915s][info][gc,phases   ] GC(49) Concurrent Mark Free 0.001ms
[80.920s][info][gc,phases   ] GC(49) Concurrent Process Non-Strong References 5.349ms
[80.920s][info][gc,phases   ] GC(49) Concurrent Reset Relocation Set 0.022ms
[80.923s][info][gc,phases   ] GC(49) Concurrent Select Relocation Set 2.254ms
[80.923s][info][gc,phases   ] GC(49) Pause Relocate Start 0.010ms
[80.930s][info][gc,phases   ] GC(49) Concurrent Relocate 7.001ms
[80.930s][info][gc,load     ] GC(49) Load: 0.00/0.00/0.00
[80.930s][info][gc,mmu      ] GC(49) MMU: 2ms/80.5%, 5ms/92.2%, 10ms/96.1%, 20ms/96.3%, 50ms/97.1%, 100ms/97.5%
[80.930s][info][gc,marking  ] GC(49) Mark: 2 stripe(s), 1 proactive flush(es), 1 terminate flush(es), 0 completion(s), 0 continuation(s) 
[80.930s][info][gc,marking  ] GC(49) Mark Stack Usage: 32M
[80.930s][info][gc,nmethod  ] GC(49) NMethods: 4524 registered, 0 unregistered
[80.930s][info][gc,metaspace] GC(49) Metaspace: 33M used, 33M committed, 1088M reserved
[80.930s][info][gc,ref      ] GC(49) Soft: 4016 encountered, 0 discovered, 0 enqueued
[80.930s][info][gc,ref      ] GC(49) Weak: 22063 encountered, 20398 discovered, 20348 enqueued
[80.930s][info][gc,ref      ] GC(49) Final: 7 encountered, 7 discovered, 0 enqueued
[80.930s][info][gc,ref      ] GC(49) Phantom: 714 encountered, 440 discovered, 0 enqueued
[80.930s][info][gc,reloc    ] GC(49) Small Pages: 152 / 304M, Empty: 16M, Relocated: 11M, In-Place: 0
[80.930s][info][gc,reloc    ] GC(49) Medium Pages: 4 / 128M, Empty: 64M, Relocated: 15M, In-Place: 0
[80.930s][info][gc,reloc    ] GC(49) Large Pages: 17 / 116M, Empty: 116M, Relocated: 0M, In-Place: 0
[80.930s][info][gc,reloc    ] GC(49) Forwarding Usage: 3M
[80.930s][info][gc,heap     ] GC(49) Min Capacity: 8192M(100%)
[80.930s][info][gc,heap     ] GC(49) Max Capacity: 8192M(100%)
[80.930s][info][gc,heap     ] GC(49) Soft Max Capacity: 8192M(100%)
[80.930s][info][gc,heap     ] GC(49)                Mark Start          Mark End        Relocate Start      Relocate End           High               Low         
[80.930s][info][gc,heap     ] GC(49)  Capacity:     8192M (100%)       8192M (100%)       8192M (100%)       8192M (100%)       8192M (100%)       8192M (100%)   
[80.930s][info][gc,heap     ] GC(49)      Free:     7644M (93%)        7644M (93%)        7840M (96%)        8046M (98%)        8046M (98%)        7644M (93%)    
[80.930s][info][gc,heap     ] GC(49)      Used:      548M (7%)          548M (7%)          352M (4%)          146M (2%)          548M (7%)          146M (2%)     
[80.930s][info][gc,heap     ] GC(49)      Live:         -               125M (2%)          125M (2%)          125M (2%)             -                  -          
[80.930s][info][gc,heap     ] GC(49) Allocated:         -                 0M (0%)            0M (0%)            0M (0%)             -                  -          
[80.930s][info][gc,heap     ] GC(49)   Garbage:         -               422M (5%)          226M (3%)           20M (0%)             -                  -          
[80.930s][info][gc,heap     ] GC(49) Reclaimed:         -                  -               196M (2%)          402M (5%)             -                  -          
[80.930s][info][gc          ] GC(49) Garbage Collection (System.gc()) 548M(7%)->146M(2%)
[81.621s][info][gc,start    ] GC(50) Garbage Collection (Allocation Rate)
[81.621s][info][gc,task     ] GC(50) Using 2 workers
[81.622s][info][gc,phases   ] GC(50) Pause Mark Start 0.010ms
[81.700s][info][gc,phases   ] GC(50) Concurrent Mark 78.257ms
[81.700s][info][gc,phases   ] GC(50) Pause Mark End 0.015ms
[81.700s][info][gc,phases   ] GC(50) Concurrent Mark Free 0.001ms
[81.706s][info][gc,phases   ] GC(50) Concurrent Process Non-Strong References 5.145ms
[81.706s][info][gc,phases   ] GC(50) Concurrent Reset Relocation Set 0.010ms
[81.709s][info][gc,phases   ] GC(50) Concurrent Select Relocation Set 3.783ms
[81.710s][info][gc,phases   ] GC(50) Pause Relocate Start 0.008ms
[81.710s][info][gc,phases   ] GC(50) Concurrent Relocate 0.416ms
[81.710s][info][gc,load     ] GC(50) Load: 0.00/0.00/0.00
[81.710s][info][gc,mmu      ] GC(50) MMU: 2ms/80.5%, 5ms/92.2%, 10ms/96.1%, 20ms/96.3%, 50ms/97.1%, 100ms/97.5%
[81.710s][info][gc,marking  ] GC(50) Mark: 2 stripe(s), 2 proactive flush(es), 1 terminate flush(es), 0 completion(s), 0 continuation(s) 
[81.710s][info][gc,marking  ] GC(50) Mark Stack Usage: 32M
[81.710s][info][gc,nmethod  ] GC(50) NMethods: 4527 registered, 0 unregistered
[81.710s][info][gc,metaspace] GC(50) Metaspace: 33M used, 33M committed, 1088M reserved
[81.710s][info][gc,ref      ] GC(50) Soft: 4016 encountered, 0 discovered, 0 enqueued
[81.710s][info][gc,ref      ] GC(50) Weak: 1718 encountered, 56 discovered, 0 enqueued
[81.710s][info][gc,ref      ] GC(50) Final: 7 encountered, 5 discovered, 0 enqueued
[81.710s][info][gc,ref      ] GC(50) Phantom: 714 encountered, 652 discovered, 0 enqueued
[81.710s][info][gc,reloc    ] GC(50) Small Pages: 2592 / 5184M, Empty: 5058M, Relocated: 0M, In-Place: 0
[81.710s][info][gc,reloc    ] GC(50) Medium Pages: 1 / 32M, Empty: 0M, Relocated: 0M, In-Place: 0
[81.710s][info][gc,reloc    ] GC(50) Large Pages: 0 / 0M, Empty: 0M, Relocated: 0M, In-Place: 0
[81.710s][info][gc,reloc    ] GC(50) Forwarding Usage: 0M
[81.710s][info][gc,heap     ] GC(50) Min Capacity: 8192M(100%)
[81.710s][info][gc,heap     ] GC(50) Max Capacity: 8192M(100%)
[81.710s][info][gc,heap     ] GC(50) Soft Max Capacity: 8192M(100%)
[81.710s][info][gc,heap     ] GC(50)                Mark Start          Mark End        Relocate Start      Relocate End           High               Low         
[81.710s][info][gc,heap     ] GC(50)  Capacity:     8192M (100%)       8192M (100%)       8192M (100%)       8192M (100%)       8192M (100%)       8192M (100%)   
[81.710s][info][gc,heap     ] GC(50)      Free:     2976M (36%)        2698M (33%)        7722M (94%)        7730M (94%)        7730M (94%)        2680M (33%)    
[81.710s][info][gc,heap     ] GC(50)      Used:     5216M (64%)        5494M (67%)         470M (6%)          462M (6%)         5512M (67%)         462M (6%)     
[81.710s][info][gc,heap     ] GC(50)      Live:         -               125M (2%)          125M (2%)          125M (2%)             -                  -          
[81.710s][info][gc,heap     ] GC(50) Allocated:         -               278M (3%)          312M (4%)          314M (4%)             -                  -          
[81.710s][info][gc,heap     ] GC(50)   Garbage:         -              5090M (62%)          32M (0%)           22M (0%)             -                  -          
[81.710s][info][gc,heap     ] GC(50) Reclaimed:         -                  -              5058M (62%)        5068M (62%)            -                  -          
[81.710s][info][gc          ] GC(50) Garbage Collection (Allocation Rate) 5216M(64%)->462M(6%)
[82.626s][info][gc,start    ] GC(51) Garbage Collection (Allocation Rate)
[82.626s][info][gc,task     ] GC(51) Using 1 workers
[82.626s][info][gc,phases   ] GC(51) Pause Mark Start 0.008ms
[82.755s][info][gc,phases   ] GC(51) Concurrent Mark 129.247ms
[82.756s][info][gc,phases   ] GC(51) Pause Mark End 0.010ms
[82.756s][info][gc,phases   ] GC(51) Concurrent Mark Free 0.001ms
[82.766s][info][gc,phases   ] GC(51) Concurrent Process Non-Strong References 10.009ms
[82.766s][info][gc,phases   ] GC(51) Concurrent Reset Relocation Set 0.002ms
[82.769s][info][gc,phases   ] GC(51) Concurrent Select Relocation Set 3.232ms
[82.769s][info][gc,phases   ] GC(51) Pause Relocate Start 0.007ms
[82.770s][info][gc,phases   ] GC(51) Concurrent Relocate 0.423ms
[82.770s][info][gc,load     ] GC(51) Load: 0.00/0.00/0.00
[82.770s][info][gc,mmu      ] GC(51) MMU: 2ms/80.5%, 5ms/92.2%, 10ms/96.1%, 20ms/96.3%, 50ms/97.1%, 100ms/97.5%
[82.770s][info][gc,marking  ] GC(51) Mark: 1 stripe(s), 2 proactive flush(es), 1 terminate flush(es), 0 completion(s), 0 continuation(s) 
[82.770s][info][gc,marking  ] GC(51) Mark Stack Usage: 32M
[82.770s][info][gc,nmethod  ] GC(51) NMethods: 4527 registered, 0 unregistered
[82.770s][info][gc,metaspace] GC(51) Metaspace: 33M used, 33M committed, 1088M reserved
[82.770s][info][gc,ref      ] GC(51) Soft: 4016 encountered, 0 discovered, 0 enqueued
[82.770s][info][gc,ref      ] GC(51) Weak: 1733 encountered, 1284 discovered, 0 enqueued
[82.770s][info][gc,ref      ] GC(51) Final: 7 encountered, 7 discovered, 0 enqueued
[82.770s][info][gc,ref      ] GC(51) Phantom: 714 encountered, 665 discovered, 0 enqueued
[82.770s][info][gc,reloc    ] GC(51) Small Pages: 2820 / 5640M, Empty: 5502M, Relocated: 0M, In-Place: 0
[82.770s][info][gc,reloc    ] GC(51) Medium Pages: 1 / 32M, Empty: 0M, Relocated: 0M, In-Place: 0
[82.770s][info][gc,reloc    ] GC(51) Large Pages: 0 / 0M, Empty: 0M, Relocated: 0M, In-Place: 0
[82.770s][info][gc,reloc    ] GC(51) Forwarding Usage: 0M
[82.770s][info][gc,heap     ] GC(51) Min Capacity: 8192M(100%)
[82.770s][info][gc,heap     ] GC(51) Max Capacity: 8192M(100%)
[82.770s][info][gc,heap     ] GC(51) Soft Max Capacity: 8192M(100%)
[82.770s][info][gc,heap     ] GC(51)                Mark Start          Mark End        Relocate Start      Relocate End           High               Low         
[82.770s][info][gc,heap     ] GC(51)  Capacity:     8192M (100%)       8192M (100%)       8192M (100%)       8192M (100%)       8192M (100%)       8192M (100%)   
[82.770s][info][gc,heap     ] GC(51)      Free:     2520M (31%)        1988M (24%)        7438M (91%)        7456M (91%)        7456M (91%)        1946M (24%)    
[82.770s][info][gc,heap     ] GC(51)      Used:     5672M (69%)        6204M (76%)         754M (9%)          736M (9%)         6246M (76%)         736M (9%)     
[82.770s][info][gc,heap     ] GC(51)      Live:         -               125M (2%)          125M (2%)          125M (2%)             -                  -          
[82.770s][info][gc,heap     ] GC(51) Allocated:         -               532M (6%)          584M (7%)          589M (7%)             -                  -          
[82.770s][info][gc,heap     ] GC(51)   Garbage:         -              5546M (68%)          44M (1%)           20M (0%)             -                  -          
[82.770s][info][gc,heap     ] GC(51) Reclaimed:         -                  -              5502M (67%)        5525M (67%)            -                  -          
[82.770s][info][gc          ] GC(51) Garbage Collection (Allocation Rate) 5672M(69%)->736M(9%)
[84.226s][info][gc,start    ] GC(52) Garbage Collection (Allocation Rate)
[84.226s][info][gc,task     ] GC(52) Using 1 workers
[84.226s][info][gc,phases   ] GC(52) Pause Mark Start 0.009ms
[84.377s][info][gc,phases   ] GC(52) Concurrent Mark 150.624ms
[84.377s][info][gc,phases   ] GC(52) Pause Mark End 0.084ms
[84.377s][info][gc,phases   ] GC(52) Concurrent Mark Free 0.001ms
[84.386s][info][gc,phases   ] GC(52) Concurrent Process Non-Strong References 8.793ms
[84.386s][info][gc,phases   ] GC(52) Concurrent Reset Relocation Set 0.002ms
[84.392s][info][gc,phases   ] GC(52) Concurrent Select Relocation Set 6.091ms
[84.392s][info][gc,phases   ] GC(52) Pause Relocate Start 0.010ms
[84.424s][info][gc,phases   ] GC(52) Concurrent Relocate 31.636ms
[84.424s][info][gc,load     ] GC(52) Load: 0.00/0.00/0.00
[84.424s][info][gc,mmu      ] GC(52) MMU: 2ms/80.5%, 5ms/92.2%, 10ms/96.1%, 20ms/96.3%, 50ms/97.1%, 100ms/97.5%
[84.424s][info][gc,marking  ] GC(52) Mark: 1 stripe(s), 3 proactive flush(es), 1 terminate flush(es), 1 completion(s), 0 continuation(s) 
[84.424s][info][gc,marking  ] GC(52) Mark Stack Usage: 32M
[84.424s][info][gc,nmethod  ] GC(52) NMethods: 4541 registered, 0 unregistered
[84.424s][info][gc,metaspace] GC(52) Metaspace: 33M used, 33M committed, 1088M reserved
[84.424s][info][gc,ref      ] GC(52) Soft: 4016 encountered, 0 discovered, 0 enqueued
[84.424s][info][gc,ref      ] GC(52) Weak: 21688 encountered, 18711 discovered, 5353 enqueued
[84.424s][info][gc,ref      ] GC(52) Final: 7 encountered, 7 discovered, 0 enqueued
[84.424s][info][gc,ref      ] GC(52) Phantom: 720 encountered, 671 discovered, 0 enqueued
[84.424s][info][gc,reloc    ] GC(52) Small Pages: 2349 / 4698M, Empty: 4240M, Relocated: 36M, In-Place: 0
[84.424s][info][gc,reloc    ] GC(52) Medium Pages: 7 / 224M, Empty: 192M, Relocated: 0M, In-Place: 0
[84.424s][info][gc,reloc    ] GC(52) Large Pages: 50 / 348M, Empty: 348M, Relocated: 0M, In-Place: 0
[84.424s][info][gc,reloc    ] GC(52) Forwarding Usage: 11M
[84.424s][info][gc,heap     ] GC(52) Min Capacity: 8192M(100%)
[84.424s][info][gc,heap     ] GC(52) Max Capacity: 8192M(100%)
[84.424s][info][gc,heap     ] GC(52) Soft Max Capacity: 8192M(100%)
[84.424s][info][gc,heap     ] GC(52)                Mark Start          Mark End        Relocate Start      Relocate End           High               Low         
[84.424s][info][gc,heap     ] GC(52)  Capacity:     8192M (100%)       8192M (100%)       8192M (100%)       8192M (100%)       8192M (100%)       8192M (100%)   
[84.424s][info][gc,heap     ] GC(52)      Free:     2922M (36%)        2776M (34%)        7546M (92%)        7804M (95%)        7834M (96%)        2770M (34%)    
[84.424s][info][gc,heap     ] GC(52)      Used:     5270M (64%)        5416M (66%)         646M (8%)          388M (5%)         5422M (66%)         358M (4%)     
[84.424s][info][gc,heap     ] GC(52)      Live:         -               149M (2%)          149M (2%)          149M (2%)             -                  -          
[84.424s][info][gc,heap     ] GC(52) Allocated:         -               146M (2%)          156M (2%)          217M (3%)             -                  -          
[84.424s][info][gc,heap     ] GC(52)   Garbage:         -              5120M (63%)         340M (4%)           21M (0%)             -                  -          
[84.424s][info][gc,heap     ] GC(52) Reclaimed:         -                  -              4780M (58%)        5099M (62%)            -                  -          
[84.424s][info][gc          ] GC(52) Garbage Collection (Allocation Rate) 5270M(64%)->388M(5%)
[87.061s][info][gc,start    ] GC(53) Garbage Collection (System.gc())
[87.061s][info][gc,task     ] GC(53) Using 2 workers
[87.061s][info][gc,phases   ] GC(53) Pause Mark Start 0.004ms
[87.139s][info][gc,phases   ] GC(53) Concurrent Mark 78.348ms
[87.139s][info][gc,phases   ] GC(53) Pause Mark End 0.021ms
[87.139s][info][gc,phases   ] GC(53) Concurrent Mark Free 0.001ms
[87.146s][info][gc,phases   ] GC(53) Concurrent Process Non-Strong References 6.849ms
[87.146s][info][gc,phases   ] GC(53) Concurrent Reset Relocation Set 0.016ms
[87.149s][info][gc,phases   ] GC(53) Concurrent Select Relocation Set 2.300ms
[87.149s][info][gc,phases   ] GC(53) Pause Relocate Start 0.010ms
[87.156s][info][gc,phases   ] GC(53) Concurrent Relocate 6.755ms
[87.156s][info][gc,load     ] GC(53) Load: 0.00/0.00/0.00
[87.156s][info][gc,mmu      ] GC(53) MMU: 2ms/80.5%, 5ms/92.2%, 10ms/96.1%, 20ms/96.3%, 50ms/97.1%, 100ms/97.5%
[87.156s][info][gc,marking  ] GC(53) Mark: 2 stripe(s), 2 proactive flush(es), 1 terminate flush(es), 0 completion(s), 0 continuation(s) 
[87.156s][info][gc,marking  ] GC(53) Mark Stack Usage: 32M
[87.156s][info][gc,nmethod  ] GC(53) NMethods: 4553 registered, 0 unregistered
[87.156s][info][gc,metaspace] GC(53) Metaspace: 33M used, 33M committed, 1088M reserved
[87.156s][info][gc,ref      ] GC(53) Soft: 4016 encountered, 0 discovered, 0 enqueued
[87.156s][info][gc,ref      ] GC(53) Weak: 22006 encountered, 21365 discovered, 20292 enqueued
[87.156s][info][gc,ref      ] GC(53) Final: 7 encountered, 3 discovered, 0 enqueued
[87.156s][info][gc,ref      ] GC(53) Phantom: 714 encountered, 646 discovered, 0 enqueued
[87.156s][info][gc,reloc    ] GC(53) Small Pages: 811 / 1622M, Empty: 948M, Relocated: 10M, In-Place: 0
[87.156s][info][gc,reloc    ] GC(53) Medium Pages: 22 / 704M, Empty: 640M, Relocated: 16M, In-Place: 0
[87.156s][info][gc,reloc    ] GC(53) Large Pages: 199 / 1386M, Empty: 1386M, Relocated: 0M, In-Place: 0
[87.156s][info][gc,reloc    ] GC(53) Forwarding Usage: 3M
[87.156s][info][gc,heap     ] GC(53) Min Capacity: 8192M(100%)
[87.156s][info][gc,heap     ] GC(53) Max Capacity: 8192M(100%)
[87.156s][info][gc,heap     ] GC(53) Soft Max Capacity: 8192M(100%)
[87.156s][info][gc,heap     ] GC(53)                Mark Start          Mark End        Relocate Start      Relocate End           High               Low         
[87.156s][info][gc,heap     ] GC(53)  Capacity:     8192M (100%)       8192M (100%)       8192M (100%)       8192M (100%)       8192M (100%)       8192M (100%)   
[87.156s][info][gc,heap     ] GC(53)      Free:     4480M (55%)        4480M (55%)        7454M (91%)        8046M (98%)        8046M (98%)        4480M (55%)    
[87.156s][info][gc,heap     ] GC(53)      Used:     3712M (45%)        3712M (45%)         738M (9%)          146M (2%)         3712M (45%)         146M (2%)     
[87.156s][info][gc,heap     ] GC(53)      Live:         -               126M (2%)          126M (2%)          126M (2%)             -                  -          
[87.156s][info][gc,heap     ] GC(53) Allocated:         -                 0M (0%)            0M (0%)            0M (0%)             -                  -          
[87.156s][info][gc,heap     ] GC(53)   Garbage:         -              3585M (44%)         611M (7%)           19M (0%)             -                  -          
[87.156s][info][gc,heap     ] GC(53) Reclaimed:         -                  -              2974M (36%)        3566M (44%)            -                  -          
[87.156s][info][gc          ] GC(53) Garbage Collection (System.gc()) 3712M(45%)->146M(2%)
[87.830s][info][gc,start    ] GC(54) Garbage Collection (Allocation Rate)
[87.830s][info][gc,task     ] GC(54) Using 2 workers
[87.830s][info][gc,phases   ] GC(54) Pause Mark Start 0.010ms
[87.892s][info][gc,phases   ] GC(54) Concurrent Mark 62.423ms
[87.892s][info][gc,phases   ] GC(54) Pause Mark End 0.016ms
[87.893s][info][gc,phases   ] GC(54) Concurrent Mark Free 0.001ms
[87.897s][info][gc,phases   ] GC(54) Concurrent Process Non-Strong References 4.859ms
[87.898s][info][gc,phases   ] GC(54) Concurrent Reset Relocation Set 0.021ms
[87.900s][info][gc,phases   ] GC(54) Concurrent Select Relocation Set 2.935ms
[87.901s][info][gc,phases   ] GC(54) Pause Relocate Start 0.009ms
[87.901s][info][gc,phases   ] GC(54) Concurrent Relocate 0.654ms
[87.901s][info][gc,load     ] GC(54) Load: 0.00/0.00/0.00
[87.901s][info][gc,mmu      ] GC(54) MMU: 2ms/80.5%, 5ms/92.2%, 10ms/96.1%, 20ms/96.3%, 50ms/97.1%, 100ms/97.5%
[87.901s][info][gc,marking  ] GC(54) Mark: 2 stripe(s), 1 proactive flush(es), 1 terminate flush(es), 0 completion(s), 0 continuation(s) 
[87.901s][info][gc,marking  ] GC(54) Mark Stack Usage: 32M
[87.902s][info][gc,nmethod  ] GC(54) NMethods: 4554 registered, 0 unregistered
[87.902s][info][gc,metaspace] GC(54) Metaspace: 33M used, 33M committed, 1088M reserved
[87.902s][info][gc,ref      ] GC(54) Soft: 4016 encountered, 0 discovered, 0 enqueued
[87.902s][info][gc,ref      ] GC(54) Weak: 1732 encountered, 33 discovered, 0 enqueued
[87.902s][info][gc,ref      ] GC(54) Final: 7 encountered, 7 discovered, 0 enqueued
[87.902s][info][gc,ref      ] GC(54) Phantom: 714 encountered, 648 discovered, 0 enqueued
[87.902s][info][gc,reloc    ] GC(54) Small Pages: 2527 / 5054M, Empty: 4916M, Relocated: 1M, In-Place: 0
[87.902s][info][gc,reloc    ] GC(54) Medium Pages: 1 / 32M, Empty: 0M, Relocated: 0M, In-Place: 0
[87.902s][info][gc,reloc    ] GC(54) Large Pages: 0 / 0M, Empty: 0M, Relocated: 0M, In-Place: 0
[87.902s][info][gc,reloc    ] GC(54) Forwarding Usage: 0M
[87.902s][info][gc,heap     ] GC(54) Min Capacity: 8192M(100%)
[87.902s][info][gc,heap     ] GC(54) Max Capacity: 8192M(100%)
[87.902s][info][gc,heap     ] GC(54) Soft Max Capacity: 8192M(100%)
[87.902s][info][gc,heap     ] GC(54)                Mark Start          Mark End        Relocate Start      Relocate End           High               Low         
[87.902s][info][gc,heap     ] GC(54)  Capacity:     8192M (100%)       8192M (100%)       8192M (100%)       8192M (100%)       8192M (100%)       8192M (100%)   
[87.902s][info][gc,heap     ] GC(54)      Free:     3106M (38%)        2910M (36%)        7800M (95%)        7816M (95%)        7820M (95%)        2894M (35%)    
[87.902s][info][gc,heap     ] GC(54)      Used:     5086M (62%)        5282M (64%)         392M (5%)          376M (5%)         5298M (65%)         372M (5%)     
[87.902s][info][gc,heap     ] GC(54)      Live:         -               126M (2%)          126M (2%)          126M (2%)             -                  -          
[87.902s][info][gc,heap     ] GC(54) Allocated:         -               196M (2%)          222M (3%)          228M (3%)             -                  -          
[87.902s][info][gc,heap     ] GC(54)   Garbage:         -              4959M (61%)          43M (1%)           21M (0%)             -                  -          
[87.902s][info][gc,heap     ] GC(54) Reclaimed:         -                  -              4916M (60%)        4938M (60%)            -                  -          
[87.902s][info][gc          ] GC(54) Garbage Collection (Allocation Rate) 5086M(62%)->376M(5%)
[88.834s][info][gc,start    ] GC(55) Garbage Collection (Allocation Rate)
[88.834s][info][gc,task     ] GC(55) Using 1 workers
[88.834s][info][gc,phases   ] GC(55) Pause Mark Start 0.008ms
[88.975s][info][gc,phases   ] GC(55) Concurrent Mark 140.309ms
[88.975s][info][gc,phases   ] GC(55) Pause Mark End 0.010ms
[88.975s][info][gc,phases   ] GC(55) Concurrent Mark Free 0.001ms
[88.985s][info][gc,phases   ] GC(55) Concurrent Process Non-Strong References 9.775ms
[88.985s][info][gc,phases   ] GC(55) Concurrent Reset Relocation Set 0.002ms
[88.987s][info][gc,phases   ] GC(55) Concurrent Select Relocation Set 2.605ms
[88.988s][info][gc,phases   ] GC(55) Pause Relocate Start 0.008ms
[88.988s][info][gc,phases   ] GC(55) Concurrent Relocate 0.811ms
[88.989s][info][gc,load     ] GC(55) Load: 0.00/0.00/0.00
[88.989s][info][gc,mmu      ] GC(55) MMU: 2ms/80.5%, 5ms/92.2%, 10ms/96.1%, 20ms/96.3%, 50ms/97.1%, 100ms/97.5%
[88.989s][info][gc,marking  ] GC(55) Mark: 1 stripe(s), 2 proactive flush(es), 1 terminate flush(es), 0 completion(s), 0 continuation(s) 
[88.989s][info][gc,marking  ] GC(55) Mark Stack Usage: 32M
[88.989s][info][gc,nmethod  ] GC(55) NMethods: 4554 registered, 0 unregistered
[88.989s][info][gc,metaspace] GC(55) Metaspace: 33M used, 33M committed, 1088M reserved
[88.989s][info][gc,ref      ] GC(55) Soft: 4016 encountered, 0 discovered, 0 enqueued
[88.989s][info][gc,ref      ] GC(55) Weak: 1732 encountered, 1284 discovered, 0 enqueued
[88.989s][info][gc,ref      ] GC(55) Final: 7 encountered, 7 discovered, 0 enqueued
[88.989s][info][gc,ref      ] GC(55) Phantom: 714 encountered, 665 discovered, 0 enqueued
[88.989s][info][gc,reloc    ] GC(55) Small Pages: 2820 / 5640M, Empty: 5498M, Relocated: 1M, In-Place: 0
[88.989s][info][gc,reloc    ] GC(55) Medium Pages: 1 / 32M, Empty: 0M, Relocated: 0M, In-Place: 0
[88.989s][info][gc,reloc    ] GC(55) Large Pages: 0 / 0M, Empty: 0M, Relocated: 0M, In-Place: 0
[88.989s][info][gc,reloc    ] GC(55) Forwarding Usage: 0M
[88.989s][info][gc,heap     ] GC(55) Min Capacity: 8192M(100%)
[88.989s][info][gc,heap     ] GC(55) Max Capacity: 8192M(100%)
[88.989s][info][gc,heap     ] GC(55) Soft Max Capacity: 8192M(100%)
[88.989s][info][gc,heap     ] GC(55)                Mark Start          Mark End        Relocate Start      Relocate End           High               Low         
[88.989s][info][gc,heap     ] GC(55)  Capacity:     8192M (100%)       8192M (100%)       8192M (100%)       8192M (100%)       8192M (100%)       8192M (100%)   
[88.989s][info][gc,heap     ] GC(55)      Free:     2520M (31%)        1838M (22%)        7296M (89%)        7316M (89%)        7320M (89%)        1804M (22%)    
[88.989s][info][gc,heap     ] GC(55)      Used:     5672M (69%)        6354M (78%)         896M (11%)         876M (11%)        6388M (78%)         872M (11%)    
[88.989s][info][gc,heap     ] GC(55)      Live:         -               126M (2%)          126M (2%)          126M (2%)             -                  -          
[88.989s][info][gc,heap     ] GC(55) Allocated:         -               682M (8%)          722M (9%)          729M (9%)             -                  -          
[88.989s][info][gc,heap     ] GC(55)   Garbage:         -              5545M (68%)          47M (1%)           19M (0%)             -                  -          
[88.989s][info][gc,heap     ] GC(55) Reclaimed:         -                  -              5498M (67%)        5525M (67%)            -                  -          
[88.989s][info][gc          ] GC(55) Garbage Collection (Allocation Rate) 5672M(69%)->876M(11%)
[90.327s][info][gc,stats    ] === Garbage Collection Statistics =======================================================================================================================
[90.327s][info][gc,stats    ]                                                              Last 10s              Last 10m              Last 10h                Total
[90.327s][info][gc,stats    ]                                                              Avg / Max             Avg / Max             Avg / Max             Avg / Max
[90.327s][info][gc,stats    ]   Collector: Garbage Collection Cycle                    131.737 / 226.204     126.937 / 379.439     126.937 / 379.439     126.937 / 379.439     ms
[90.327s][info][gc,stats    ]  Contention: Mark Segment Reset Contention                     0 / 1                 0 / 26                0 / 26                0 / 26          ops/s
[90.327s][info][gc,stats    ]  Contention: Mark SeqNum Reset Contention                      0 / 0                 0 / 1                 0 / 1                 0 / 1           ops/s
[90.327s][info][gc,stats    ]    Critical: Allocation Stall                                  0 / 0                 0 / 0                 0 / 0                 0 / 0           ops/s
[90.327s][info][gc,stats    ]    Critical: Allocation Stall                              0.000 / 0.000         0.000 / 0.000         0.000 / 0.000         0.000 / 0.000       ms
[90.327s][info][gc,stats    ]    Critical: GC Locker Stall                                   0 / 0                 0 / 0                 0 / 0                 0 / 0           ops/s
[90.327s][info][gc,stats    ]    Critical: GC Locker Stall                               0.000 / 0.000         0.000 / 0.000         0.000 / 0.000         0.000 / 0.000       ms
[90.327s][info][gc,stats    ]    Critical: Relocation Stall                                  0 / 0                 0 / 0                 0 / 0                 0 / 0           ops/s
[90.327s][info][gc,stats    ]    Critical: Relocation Stall                              0.000 / 0.000         0.000 / 0.000         0.000 / 0.000         0.000 / 0.000       ms
[90.327s][info][gc,stats    ]      Memory: Allocation Rate                                3540 / 6356           2680 / 6636           2680 / 6636           2680 / 6636        MB/s
[90.327s][info][gc,stats    ]      Memory: Out Of Memory                                     0 / 0                 0 / 0                 0 / 0                 0 / 0           ops/s
[90.327s][info][gc,stats    ]      Memory: Page Cache Flush                                 37 / 234              85 / 630              85 / 630              85 / 630         MB/s
[90.327s][info][gc,stats    ]      Memory: Page Cache Hit L1                              1610 / 3180           1127 / 3321           1127 / 3321           1127 / 3321        ops/s
[90.327s][info][gc,stats    ]      Memory: Page Cache Hit L2                                 0 / 0                 0 / 0                 0 / 0                 0 / 0           ops/s
[90.327s][info][gc,stats    ]      Memory: Page Cache Hit L3                                29 / 180              70 / 635              70 / 635              70 / 635         ops/s
[90.327s][info][gc,stats    ]      Memory: Page Cache Miss                                   3 / 23                9 / 69                9 / 69                9 / 69          ops/s
[90.327s][info][gc,stats    ]      Memory: Uncommit                                          0 / 0                 0 / 0                 0 / 0                 0 / 0           MB/s
[90.327s][info][gc,stats    ]      Memory: Undo Object Allocation Failed                     0 / 0                 0 / 1                 0 / 1                 0 / 1           ops/s
[90.327s][info][gc,stats    ]      Memory: Undo Object Allocation Succeeded                  0 / 1                 0 / 5                 0 / 5                 0 / 5           ops/s
[90.327s][info][gc,stats    ]      Memory: Undo Page Allocation                              1 / 8                 0 / 8                 0 / 8                 0 / 8           ops/s
[90.327s][info][gc,stats    ]       Phase: Concurrent Mark                             109.499 / 176.540      97.377 / 190.432      97.377 / 190.432      97.377 / 190.432     ms
[90.327s][info][gc,stats    ]       Phase: Concurrent Mark Continue                      0.000 / 0.000        15.048 / 15.380       15.048 / 15.380       15.048 / 15.380      ms
[90.327s][info][gc,stats    ]       Phase: Concurrent Mark Free                          0.001 / 0.001         0.001 / 0.004         0.001 / 0.004         0.001 / 0.004       ms
[90.327s][info][gc,stats    ]       Phase: Concurrent Process Non-Strong References      7.477 / 10.009        7.415 / 25.070        7.415 / 25.070        7.415 / 25.070      ms
[90.327s][info][gc,stats    ]       Phase: Concurrent Relocate                          10.126 / 33.313       10.253 / 76.380       10.253 / 76.380       10.253 / 76.380      ms
[90.327s][info][gc,stats    ]       Phase: Concurrent Reset Relocation Set               0.010 / 0.022         0.010 / 0.049         0.010 / 0.049         0.010 / 0.049       ms
[90.327s][info][gc,stats    ]       Phase: Concurrent Select Relocation Set              3.714 / 6.509         3.654 / 8.915         3.654 / 8.915         3.654 / 8.915       ms
[90.327s][info][gc,stats    ]       Phase: Pause Mark End                                0.023 / 0.084         0.096 / 0.390         0.096 / 0.390         0.096 / 0.390       ms
[90.327s][info][gc,stats    ]       Phase: Pause Mark Start                              0.008 / 0.010         0.009 / 0.018         0.009 / 0.018         0.009 / 0.018       ms
[90.327s][info][gc,stats    ]       Phase: Pause Relocate Start                          0.009 / 0.013         0.011 / 0.024         0.011 / 0.024         0.011 / 0.024       ms
[90.327s][info][gc,stats    ]    Subphase: Concurrent Classes Purge                      0.248 / 0.362         0.226 / 0.437         0.226 / 0.437         0.226 / 0.437       ms
[90.327s][info][gc,stats    ]    Subphase: Concurrent Classes Unlink                     5.711 / 8.821         5.485 / 23.760        5.485 / 23.760        5.485 / 23.760      ms
[90.327s][info][gc,stats    ]    Subphase: Concurrent Mark                              92.653 / 175.759      63.721 / 189.582      63.721 / 189.582      63.721 / 189.582     ms
[90.327s][info][gc,stats    ]    Subphase: Concurrent Mark Try Flush                     0.083 / 0.380         0.468 / 17.156        0.468 / 17.156        0.468 / 17.156      ms
[90.327s][info][gc,stats    ]    Subphase: Concurrent Mark Try Terminate                 1.895 / 15.788        3.315 / 16.519        3.315 / 16.519        3.315 / 16.519      ms
[90.327s][info][gc,stats    ]    Subphase: Concurrent References Enqueue                 0.003 / 0.008         0.003 / 0.008         0.003 / 0.008         0.003 / 0.008       ms
[90.327s][info][gc,stats    ]    Subphase: Concurrent References Process                 1.060 / 2.409         0.914 / 3.217         0.914 / 3.217         0.914 / 3.217       ms
[90.327s][info][gc,stats    ]    Subphase: Concurrent Roots ClassLoaderDataGraph         0.101 / 0.233         0.120 / 0.537         0.120 / 0.537         0.120 / 0.537       ms
[90.327s][info][gc,stats    ]    Subphase: Concurrent Roots CodeCache                    0.000 / 0.000         0.000 / 0.000         0.000 / 0.000         0.000 / 0.000       ms
[90.327s][info][gc,stats    ]    Subphase: Concurrent Roots JavaThreads                  0.403 / 0.836         0.378 / 1.258         0.378 / 1.258         0.378 / 1.258       ms
[90.327s][info][gc,stats    ]    Subphase: Concurrent Roots OopStorageSet                0.033 / 0.056         0.032 / 0.124         0.032 / 0.124         0.032 / 0.124       ms
[90.327s][info][gc,stats    ]    Subphase: Concurrent Weak Roots OopStorageSet           0.293 / 0.427         0.340 / 1.123         0.340 / 1.123         0.340 / 1.123       ms
[90.327s][info][gc,stats    ]    Subphase: Pause Mark Try Complete                       0.027 / 0.027         0.192 / 0.301         0.192 / 0.301         0.192 / 0.301       ms
[90.327s][info][gc,stats    ]      System: Java Threads                                     19 / 21               18 / 22               18 / 22               18 / 22          threads
[90.327s][info][gc,stats    ] =========================================================================================================================================================
[90.428s][info][gc,start    ] GC(56) Garbage Collection (Allocation Rate)
[90.428s][info][gc,task     ] GC(56) Using 1 workers
[90.428s][info][gc,phases   ] GC(56) Pause Mark Start 0.005ms
[90.575s][info][gc,phases   ] GC(56) Concurrent Mark 146.869ms
[90.576s][info][gc,phases   ] GC(56) Pause Mark End 0.013ms
[90.576s][info][gc,phases   ] GC(56) Concurrent Mark Free 0.001ms
[90.587s][info][gc,phases   ] GC(56) Concurrent Process Non-Strong References 11.014ms
[90.587s][info][gc,phases   ] GC(56) Concurrent Reset Relocation Set 0.001ms
[90.592s][info][gc,phases   ] GC(56) Concurrent Select Relocation Set 5.237ms
[90.592s][info][gc,phases   ] GC(56) Pause Relocate Start 0.012ms
[90.630s][info][gc,phases   ] GC(56) Concurrent Relocate 37.315ms
[90.630s][info][gc,load     ] GC(56) Load: 0.00/0.00/0.00
[90.630s][info][gc,mmu      ] GC(56) MMU: 2ms/80.5%, 5ms/92.2%, 10ms/96.1%, 20ms/96.3%, 50ms/97.1%, 100ms/97.5%
[90.630s][info][gc,marking  ] GC(56) Mark: 1 stripe(s), 3 proactive flush(es), 1 terminate flush(es), 0 completion(s), 0 continuation(s) 
[90.630s][info][gc,marking  ] GC(56) Mark Stack Usage: 32M
[90.630s][info][gc,nmethod  ] GC(56) NMethods: 4556 registered, 0 unregistered
[90.630s][info][gc,metaspace] GC(56) Metaspace: 33M used, 33M committed, 1088M reserved
[90.630s][info][gc,ref      ] GC(56) Soft: 4016 encountered, 0 discovered, 0 enqueued
[90.630s][info][gc,ref      ] GC(56) Weak: 21417 encountered, 18033 discovered, 1355 enqueued
[90.630s][info][gc,ref      ] GC(56) Final: 7 encountered, 7 discovered, 0 enqueued
[90.630s][info][gc,ref      ] GC(56) Phantom: 720 encountered, 671 discovered, 0 enqueued
[90.630s][info][gc,reloc    ] GC(56) Small Pages: 2414 / 4828M, Empty: 4374M, Relocated: 41M, In-Place: 0
[90.630s][info][gc,reloc    ] GC(56) Medium Pages: 6 / 192M, Empty: 160M, Relocated: 0M, In-Place: 0
[90.630s][info][gc,reloc    ] GC(56) Large Pages: 46 / 318M, Empty: 318M, Relocated: 0M, In-Place: 0
[90.630s][info][gc,reloc    ] GC(56) Forwarding Usage: 13M
[90.630s][info][gc,heap     ] GC(56) Min Capacity: 8192M(100%)
[90.630s][info][gc,heap     ] GC(56) Max Capacity: 8192M(100%)
[90.630s][info][gc,heap     ] GC(56) Soft Max Capacity: 8192M(100%)
[90.630s][info][gc,heap     ] GC(56)                Mark Start          Mark End        Relocate Start      Relocate End           High               Low         
[90.630s][info][gc,heap     ] GC(56)  Capacity:     8192M (100%)       8192M (100%)       8192M (100%)       8192M (100%)       8192M (100%)       8192M (100%)   
[90.630s][info][gc,heap     ] GC(56)      Free:     2854M (35%)        2678M (33%)        7522M (92%)        7776M (95%)        7780M (95%)        2678M (33%)    
[90.630s][info][gc,heap     ] GC(56)      Used:     5338M (65%)        5514M (67%)         670M (8%)          416M (5%)         5514M (67%)         412M (5%)     
[90.630s][info][gc,heap     ] GC(56)      Live:         -               153M (2%)          153M (2%)          153M (2%)             -                  -          
[90.630s][info][gc,heap     ] GC(56) Allocated:         -               176M (2%)          184M (2%)          240M (3%)             -                  -          
[90.630s][info][gc,heap     ] GC(56)   Garbage:         -              5184M (63%)         332M (4%)           21M (0%)             -                  -          
[90.630s][info][gc,heap     ] GC(56) Reclaimed:         -                  -              4852M (59%)        5162M (63%)            -                  -          
[90.630s][info][gc          ] GC(56) Garbage Collection (Allocation Rate) 5338M(65%)->416M(5%)
[93.253s][info][gc,start    ] GC(57) Garbage Collection (System.gc())
[93.253s][info][gc,task     ] GC(57) Using 2 workers
[93.253s][info][gc,phases   ] GC(57) Pause Mark Start 0.006ms
[93.318s][info][gc,phases   ] GC(57) Concurrent Mark 65.233ms
[93.318s][info][gc,phases   ] GC(57) Pause Mark End 0.016ms
[93.318s][info][gc,phases   ] GC(57) Concurrent Mark Free 0.001ms
[93.324s][info][gc,phases   ] GC(57) Concurrent Process Non-Strong References 5.374ms
[93.324s][info][gc,phases   ] GC(57) Concurrent Reset Relocation Set 0.010ms
[93.326s][info][gc,phases   ] GC(57) Concurrent Select Relocation Set 2.431ms
[93.326s][info][gc,phases   ] GC(57) Pause Relocate Start 0.010ms
[93.335s][info][gc,phases   ] GC(57) Concurrent Relocate 8.518ms
[93.335s][info][gc,load     ] GC(57) Load: 0.00/0.00/0.00
[93.335s][info][gc,mmu      ] GC(57) MMU: 2ms/80.5%, 5ms/92.2%, 10ms/96.1%, 20ms/96.3%, 50ms/97.1%, 100ms/97.5%
[93.335s][info][gc,marking  ] GC(57) Mark: 2 stripe(s), 1 proactive flush(es), 1 terminate flush(es), 0 completion(s), 0 continuation(s) 
[93.335s][info][gc,marking  ] GC(57) Mark Stack Usage: 32M
[93.335s][info][gc,nmethod  ] GC(57) NMethods: 4561 registered, 0 unregistered
[93.335s][info][gc,metaspace] GC(57) Metaspace: 33M used, 33M committed, 1088M reserved
[93.335s][info][gc,ref      ] GC(57) Soft: 4016 encountered, 0 discovered, 0 enqueued
[93.335s][info][gc,ref      ] GC(57) Weak: 24426 encountered, 23821 discovered, 22713 enqueued
[93.335s][info][gc,ref      ] GC(57) Final: 7 encountered, 7 discovered, 0 enqueued
[93.335s][info][gc,ref      ] GC(57) Phantom: 714 encountered, 652 discovered, 0 enqueued
[93.335s][info][gc,reloc    ] GC(57) Small Pages: 811 / 1622M, Empty: 966M, Relocated: 12M, In-Place: 0
[93.335s][info][gc,reloc    ] GC(57) Medium Pages: 22 / 704M, Empty: 640M, Relocated: 16M, In-Place: 0
[93.335s][info][gc,reloc    ] GC(57) Large Pages: 195 / 1356M, Empty: 1356M, Relocated: 0M, In-Place: 0
[93.335s][info][gc,reloc    ] GC(57) Forwarding Usage: 3M
[93.335s][info][gc,heap     ] GC(57) Min Capacity: 8192M(100%)
[93.335s][info][gc,heap     ] GC(57) Max Capacity: 8192M(100%)
[93.335s][info][gc,heap     ] GC(57) Soft Max Capacity: 8192M(100%)
[93.335s][info][gc,heap     ] GC(57)                Mark Start          Mark End        Relocate Start      Relocate End           High               Low         
[93.335s][info][gc,heap     ] GC(57)  Capacity:     8192M (100%)       8192M (100%)       8192M (100%)       8192M (100%)       8192M (100%)       8192M (100%)   
[93.335s][info][gc,heap     ] GC(57)      Free:     4510M (55%)        4510M (55%)        7472M (91%)        8042M (98%)        8042M (98%)        4510M (55%)    
[93.335s][info][gc,heap     ] GC(57)      Used:     3682M (45%)        3682M (45%)         720M (9%)          150M (2%)         3682M (45%)         150M (2%)     
[93.335s][info][gc,heap     ] GC(57)      Live:         -               126M (2%)          126M (2%)          126M (2%)             -                  -          
[93.335s][info][gc,heap     ] GC(57) Allocated:         -                 0M (0%)            0M (0%)            1M (0%)             -                  -          
[93.335s][info][gc,heap     ] GC(57)   Garbage:         -              3555M (43%)         593M (7%)           21M (0%)             -                  -          
[93.335s][info][gc,heap     ] GC(57) Reclaimed:         -                  -              2962M (36%)        3533M (43%)            -                  -          
[93.335s][info][gc          ] GC(57) Garbage Collection (System.gc()) 3682M(45%)->150M(2%)
[94.025s][info][gc,start    ] GC(58) Garbage Collection (Allocation Rate)
[94.025s][info][gc,task     ] GC(58) Using 2 workers
[94.025s][info][gc,phases   ] GC(58) Pause Mark Start 0.008ms
[94.105s][info][gc,phases   ] GC(58) Concurrent Mark 79.250ms
[94.105s][info][gc,phases   ] GC(58) Pause Mark End 0.012ms
[94.105s][info][gc,phases   ] GC(58) Concurrent Mark Free 0.001ms
[94.110s][info][gc,phases   ] GC(58) Concurrent Process Non-Strong References 5.018ms
[94.110s][info][gc,phases   ] GC(58) Concurrent Reset Relocation Set 0.022ms
[94.113s][info][gc,phases   ] GC(58) Concurrent Select Relocation Set 3.019ms
[94.113s][info][gc,phases   ] GC(58) Pause Relocate Start 0.008ms
[94.114s][info][gc,phases   ] GC(58) Concurrent Relocate 0.103ms
[94.114s][info][gc,load     ] GC(58) Load: 0.00/0.00/0.00
[94.114s][info][gc,mmu      ] GC(58) MMU: 2ms/80.5%, 5ms/92.2%, 10ms/96.1%, 20ms/96.3%, 50ms/97.1%, 100ms/97.5%
[94.114s][info][gc,marking  ] GC(58) Mark: 2 stripe(s), 2 proactive flush(es), 1 terminate flush(es), 0 completion(s), 0 continuation(s) 
[94.114s][info][gc,marking  ] GC(58) Mark Stack Usage: 32M
[94.114s][info][gc,nmethod  ] GC(58) NMethods: 4562 registered, 0 unregistered
[94.114s][info][gc,metaspace] GC(58) Metaspace: 33M used, 33M committed, 1088M reserved
[94.114s][info][gc,ref      ] GC(58) Soft: 4016 encountered, 0 discovered, 0 enqueued
[94.114s][info][gc,ref      ] GC(58) Weak: 1722 encountered, 52 discovered, 0 enqueued
[94.114s][info][gc,ref      ] GC(58) Final: 7 encountered, 6 discovered, 0 enqueued
[94.114s][info][gc,ref      ] GC(58) Phantom: 714 encountered, 620 discovered, 0 enqueued
[94.114s][info][gc,reloc    ] GC(58) Small Pages: 2577 / 5154M, Empty: 5020M, Relocated: 0M, In-Place: 0
[94.114s][info][gc,reloc    ] GC(58) Medium Pages: 1 / 32M, Empty: 0M, Relocated: 0M, In-Place: 0
[94.114s][info][gc,reloc    ] GC(58) Large Pages: 0 / 0M, Empty: 0M, Relocated: 0M, In-Place: 0
[94.114s][info][gc,reloc    ] GC(58) Forwarding Usage: 0M
[94.114s][info][gc,heap     ] GC(58) Min Capacity: 8192M(100%)
[94.114s][info][gc,heap     ] GC(58) Max Capacity: 8192M(100%)
[94.114s][info][gc,heap     ] GC(58) Soft Max Capacity: 8192M(100%)
[94.114s][info][gc,heap     ] GC(58)                Mark Start          Mark End        Relocate Start      Relocate End           High               Low         
[94.114s][info][gc,heap     ] GC(58)  Capacity:     8192M (100%)       8192M (100%)       8192M (100%)       8192M (100%)       8192M (100%)       8192M (100%)   
[94.114s][info][gc,heap     ] GC(58)      Free:     3006M (37%)        2686M (33%)        7676M (94%)        7694M (94%)        7694M (94%)        2668M (33%)    
[94.114s][info][gc,heap     ] GC(58)      Used:     5186M (63%)        5506M (67%)         516M (6%)          498M (6%)         5524M (67%)         498M (6%)     
[94.114s][info][gc,heap     ] GC(58)      Live:         -               126M (2%)          126M (2%)          126M (2%)             -                  -          
[94.114s][info][gc,heap     ] GC(58) Allocated:         -               320M (4%)          350M (4%)          349M (4%)             -                  -          
[94.114s][info][gc,heap     ] GC(58)   Garbage:         -              5059M (62%)          39M (0%)           21M (0%)             -                  -          
[94.114s][info][gc,heap     ] GC(58) Reclaimed:         -                  -              5020M (61%)        5037M (61%)            -                  -          
[94.114s][info][gc          ] GC(58) Garbage Collection (Allocation Rate) 5186M(63%)->498M(6%)
[95.127s][info][gc,start    ] GC(59) Garbage Collection (Allocation Rate)
[95.127s][info][gc,task     ] GC(59) Using 1 workers
[95.127s][info][gc,phases   ] GC(59) Pause Mark Start 0.007ms
[95.246s][info][gc,phases   ] GC(59) Concurrent Mark 118.972ms
[95.246s][info][gc,phases   ] GC(59) Pause Mark End 0.013ms
[95.246s][info][gc,phases   ] GC(59) Concurrent Mark Free 0.001ms
[95.256s][info][gc,phases   ] GC(59) Concurrent Process Non-Strong References 9.730ms
[95.256s][info][gc,phases   ] GC(59) Concurrent Reset Relocation Set 0.002ms
[95.259s][info][gc,phases   ] GC(59) Concurrent Select Relocation Set 3.078ms
[95.259s][info][gc,phases   ] GC(59) Pause Relocate Start 0.009ms
[95.259s][info][gc,phases   ] GC(59) Concurrent Relocate 0.195ms
[95.259s][info][gc,load     ] GC(59) Load: 0.00/0.00/0.00
[95.259s][info][gc,mmu      ] GC(59) MMU: 2ms/80.5%, 5ms/92.2%, 10ms/96.1%, 20ms/96.3%, 50ms/97.1%, 100ms/97.5%
[95.259s][info][gc,marking  ] GC(59) Mark: 1 stripe(s), 2 proactive flush(es), 1 terminate flush(es), 0 completion(s), 0 continuation(s) 
[95.259s][info][gc,marking  ] GC(59) Mark Stack Usage: 32M
[95.259s][info][gc,nmethod  ] GC(59) NMethods: 4562 registered, 0 unregistered
[95.259s][info][gc,metaspace] GC(59) Metaspace: 33M used, 33M committed, 1088M reserved
[95.259s][info][gc,ref      ] GC(59) Soft: 4016 encountered, 0 discovered, 0 enqueued
[95.259s][info][gc,ref      ] GC(59) Weak: 1731 encountered, 1283 discovered, 0 enqueued
[95.259s][info][gc,ref      ] GC(59) Final: 7 encountered, 7 discovered, 0 enqueued
[95.259s][info][gc,ref      ] GC(59) Phantom: 714 encountered, 665 discovered, 0 enqueued
[95.259s][info][gc,reloc    ] GC(59) Small Pages: 3125 / 6250M, Empty: 6110M, Relocated: 0M, In-Place: 0
[95.259s][info][gc,reloc    ] GC(59) Medium Pages: 1 / 32M, Empty: 0M, Relocated: 0M, In-Place: 0
[95.259s][info][gc,reloc    ] GC(59) Large Pages: 0 / 0M, Empty: 0M, Relocated: 0M, In-Place: 0
[95.259s][info][gc,reloc    ] GC(59) Forwarding Usage: 0M
[95.259s][info][gc,heap     ] GC(59) Min Capacity: 8192M(100%)
[95.259s][info][gc,heap     ] GC(59) Max Capacity: 8192M(100%)
[95.259s][info][gc,heap     ] GC(59) Soft Max Capacity: 8192M(100%)
[95.259s][info][gc,heap     ] GC(59)                Mark Start          Mark End        Relocate Start      Relocate End           High               Low         
[95.259s][info][gc,heap     ] GC(59)  Capacity:     8192M (100%)       8192M (100%)       8192M (100%)       8192M (100%)       8192M (100%)       8192M (100%)   
[95.259s][info][gc,heap     ] GC(59)      Free:     1910M (23%)        1500M (18%)        7562M (92%)        7584M (93%)        7584M (93%)        1464M (18%)    
[95.259s][info][gc,heap     ] GC(59)      Used:     6282M (77%)        6692M (82%)         630M (8%)          608M (7%)         6728M (82%)         608M (7%)     
[95.259s][info][gc,heap     ] GC(59)      Live:         -               126M (2%)          126M (2%)          126M (2%)             -                  -          
[95.259s][info][gc,heap     ] GC(59) Allocated:         -               410M (5%)          458M (6%)          461M (6%)             -                  -          
[95.259s][info][gc,heap     ] GC(59)   Garbage:         -              6155M (75%)          45M (1%)           19M (0%)             -                  -          
[95.260s][info][gc,heap     ] GC(59) Reclaimed:         -                  -              6110M (75%)        6135M (75%)            -                  -          
[95.260s][info][gc          ] GC(59) Garbage Collection (Allocation Rate) 6282M(77%)->608M(7%)
[99.321s][info][gc,start    ] GC(60) Garbage Collection (High Usage)
[99.321s][info][gc,task     ] GC(60) Using 2 workers
[99.321s][info][gc,phases   ] GC(60) Pause Mark Start 0.006ms
[99.410s][info][gc,phases   ] GC(60) Concurrent Mark 88.773ms
[99.410s][info][gc,phases   ] GC(60) Pause Mark End 0.146ms
[99.410s][info][gc,phases   ] GC(60) Concurrent Mark Free 0.000ms
[99.416s][info][gc,phases   ] GC(60) Concurrent Process Non-Strong References 6.160ms
[99.417s][info][gc,phases   ] GC(60) Concurrent Reset Relocation Set 0.003ms
[99.422s][info][gc,phases   ] GC(60) Concurrent Select Relocation Set 5.574ms
[99.422s][info][gc,phases   ] GC(60) Pause Relocate Start 0.011ms
[99.446s][info][gc,phases   ] GC(60) Concurrent Relocate 23.170ms
[99.446s][info][gc,load     ] GC(60) Load: 0.00/0.00/0.00
[99.446s][info][gc,mmu      ] GC(60) MMU: 2ms/80.5%, 5ms/92.2%, 10ms/96.1%, 20ms/96.3%, 50ms/97.1%, 100ms/97.5%
[99.446s][info][gc,marking  ] GC(60) Mark: 2 stripe(s), 7 proactive flush(es), 1 terminate flush(es), 1 completion(s), 0 continuation(s) 
[99.446s][info][gc,marking  ] GC(60) Mark Stack Usage: 32M
[99.446s][info][gc,nmethod  ] GC(60) NMethods: 4565 registered, 0 unregistered
[99.446s][info][gc,metaspace] GC(60) Metaspace: 33M used, 33M committed, 1088M reserved
[99.446s][info][gc,ref      ] GC(60) Soft: 4016 encountered, 0 discovered, 0 enqueued
[99.446s][info][gc,ref      ] GC(60) Weak: 20823 encountered, 18830 discovered, 10114 enqueued
[99.446s][info][gc,ref      ] GC(60) Final: 7 encountered, 0 discovered, 0 enqueued
[99.446s][info][gc,ref      ] GC(60) Phantom: 720 encountered, 655 discovered, 0 enqueued
[99.446s][info][gc,reloc    ] GC(60) Small Pages: 2682 / 5364M, Empty: 4580M, Relocated: 34M, In-Place: 0
[99.446s][info][gc,reloc    ] GC(60) Medium Pages: 25 / 800M, Empty: 704M, Relocated: 16M, In-Place: 0
[99.446s][info][gc,reloc    ] GC(60) Large Pages: 227 / 1592M, Empty: 1592M, Relocated: 0M, In-Place: 0
[99.446s][info][gc,reloc    ] GC(60) Forwarding Usage: 10M
[99.446s][info][gc,heap     ] GC(60) Min Capacity: 8192M(100%)
[99.446s][info][gc,heap     ] GC(60) Max Capacity: 8192M(100%)
[99.446s][info][gc,heap     ] GC(60) Soft Max Capacity: 8192M(100%)
[99.446s][info][gc,heap     ] GC(60)                Mark Start          Mark End        Relocate Start      Relocate End           High               Low         
[99.446s][info][gc,heap     ] GC(60)  Capacity:     8192M (100%)       8192M (100%)       8192M (100%)       8192M (100%)       8192M (100%)       8192M (100%)   
[99.446s][info][gc,heap     ] GC(60)      Free:      436M (5%)          314M (4%)         7190M (88%)        7882M (96%)        7882M (96%)         314M (4%)     
[99.446s][info][gc,heap     ] GC(60)      Used:     7756M (95%)        7878M (96%)        1002M (12%)         310M (4%)         7878M (96%)         310M (4%)     
[99.446s][info][gc,heap     ] GC(60)      Live:         -               151M (2%)          151M (2%)          151M (2%)             -                  -          
[99.446s][info][gc,heap     ] GC(60) Allocated:         -               122M (1%)          122M (1%)          134M (2%)             -                  -          
[99.446s][info][gc,heap     ] GC(60)   Garbage:         -              7604M (93%)         728M (9%)           23M (0%)             -                  -          
[99.446s][info][gc,heap     ] GC(60) Reclaimed:         -                  -              6876M (84%)        7580M (93%)            -                  -          
[99.446s][info][gc          ] GC(60) Garbage Collection (High Usage) 7756M(95%)->310M(4%)
[100.024s][info][gc,start    ] GC(61) Garbage Collection (System.gc())
[100.024s][info][gc,task     ] GC(61) Using 2 workers
[100.024s][info][gc,phases   ] GC(61) Pause Mark Start 0.005ms
[100.095s][info][gc,phases   ] GC(61) Concurrent Mark 71.239ms
[100.095s][info][gc,phases   ] GC(61) Pause Mark End 0.022ms
[100.096s][info][gc,phases   ] GC(61) Concurrent Mark Free 0.002ms
[100.103s][info][gc,phases   ] GC(61) Concurrent Process Non-Strong References 7.156ms
[100.103s][info][gc,phases   ] GC(61) Concurrent Reset Relocation Set 0.026ms
[100.105s][info][gc,phases   ] GC(61) Concurrent Select Relocation Set 2.093ms
[100.105s][info][gc,phases   ] GC(61) Pause Relocate Start 0.010ms
[100.111s][info][gc,phases   ] GC(61) Concurrent Relocate 6.229ms
[100.111s][info][gc,load     ] GC(61) Load: 0.00/0.00/0.00
[100.111s][info][gc,mmu      ] GC(61) MMU: 2ms/80.5%, 5ms/92.2%, 10ms/96.1%, 20ms/96.3%, 50ms/97.1%, 100ms/97.5%
[100.111s][info][gc,marking  ] GC(61) Mark: 2 stripe(s), 1 proactive flush(es), 1 terminate flush(es), 0 completion(s), 0 continuation(s) 
[100.111s][info][gc,marking  ] GC(61) Mark Stack Usage: 32M
[100.111s][info][gc,nmethod  ] GC(61) NMethods: 4570 registered, 0 unregistered
[100.111s][info][gc,metaspace] GC(61) Metaspace: 33M used, 33M committed, 1088M reserved
[100.111s][info][gc,ref      ] GC(61) Soft: 4016 encountered, 0 discovered, 0 enqueued
[100.111s][info][gc,ref      ] GC(61) Weak: 23785 encountered, 22985 discovered, 22072 enqueued
[100.112s][info][gc,ref      ] GC(61) Final: 7 encountered, 7 discovered, 0 enqueued
[100.112s][info][gc,ref      ] GC(61) Phantom: 714 encountered, 653 discovered, 0 enqueued
[100.112s][info][gc,reloc    ] GC(61) Small Pages: 259 / 518M, Empty: 96M, Relocated: 8M, In-Place: 0
[100.112s][info][gc,reloc    ] GC(61) Medium Pages: 6 / 192M, Empty: 128M, Relocated: 15M, In-Place: 0
[100.112s][info][gc,reloc    ] GC(61) Large Pages: 47 / 328M, Empty: 328M, Relocated: 0M, In-Place: 0
[100.112s][info][gc,reloc    ] GC(61) Forwarding Usage: 2M
[100.112s][info][gc,heap     ] GC(61) Min Capacity: 8192M(100%)
[100.112s][info][gc,heap     ] GC(61) Max Capacity: 8192M(100%)
[100.112s][info][gc,heap     ] GC(61) Soft Max Capacity: 8192M(100%)
[100.112s][info][gc,heap     ] GC(61)                Mark Start          Mark End        Relocate Start      Relocate End           High               Low         
[100.112s][info][gc,heap     ] GC(61)  Capacity:     8192M (100%)       8192M (100%)       8192M (100%)       8192M (100%)       8192M (100%)       8192M (100%)   
[100.112s][info][gc,heap     ] GC(61)      Free:     7154M (87%)        7154M (87%)        7706M (94%)        8044M (98%)        8044M (98%)        7154M (87%)    
[100.112s][info][gc,heap     ] GC(61)      Used:     1038M (13%)        1038M (13%)         486M (6%)          148M (2%)         1038M (13%)         148M (2%)     
[100.112s][info][gc,heap     ] GC(61)      Live:         -               125M (2%)          125M (2%)          125M (2%)             -                  -          
[100.112s][info][gc,heap     ] GC(61) Allocated:         -                 0M (0%)            0M (0%)            0M (0%)             -                  -          
[100.112s][info][gc,heap     ] GC(61)   Garbage:         -               912M (11%)         360M (4%)           22M (0%)             -                  -          
[100.112s][info][gc,heap     ] GC(61) Reclaimed:         -                  -               552M (7%)          890M (11%)            -                  -          
[100.112s][info][gc          ] GC(61) Garbage Collection (System.gc()) 1038M(13%)->148M(2%)
[100.331s][info][gc,stats    ] === Garbage Collection Statistics =======================================================================================================================
[100.331s][info][gc,stats    ]                                                              Last 10s              Last 10m              Last 10h                Total
[100.331s][info][gc,stats    ]                                                              Avg / Max             Avg / Max             Avg / Max             Avg / Max
[100.331s][info][gc,stats    ]   Collector: Garbage Collection Cycle                    119.582 / 201.303     126.225 / 379.439     126.225 / 379.439     126.225 / 379.439     ms
[100.331s][info][gc,stats    ]  Contention: Mark Segment Reset Contention                     0 / 6                 0 / 26                0 / 26                0 / 26          ops/s
[100.331s][info][gc,stats    ]  Contention: Mark SeqNum Reset Contention                      0 / 1                 0 / 1                 0 / 1                 0 / 1           ops/s
[100.331s][info][gc,stats    ]    Critical: Allocation Stall                                  0 / 0                 0 / 0                 0 / 0                 0 / 0           ops/s
[100.331s][info][gc,stats    ]    Critical: Allocation Stall                              0.000 / 0.000         0.000 / 0.000         0.000 / 0.000         0.000 / 0.000       ms
[100.331s][info][gc,stats    ]    Critical: GC Locker Stall                                   0 / 0                 0 / 0                 0 / 0                 0 / 0           ops/s
[100.331s][info][gc,stats    ]    Critical: GC Locker Stall                               0.000 / 0.000         0.000 / 0.000         0.000 / 0.000         0.000 / 0.000       ms
[100.331s][info][gc,stats    ]    Critical: Relocation Stall                                  0 / 0                 0 / 0                 0 / 0                 0 / 0           ops/s
[100.331s][info][gc,stats    ]    Critical: Relocation Stall                              0.000 / 0.000         0.000 / 0.000         0.000 / 0.000         0.000 / 0.000       ms
[100.331s][info][gc,stats    ]      Memory: Allocation Rate                                2488 / 6594           2661 / 6636           2661 / 6636           2661 / 6636        MB/s
[100.331s][info][gc,stats    ]      Memory: Out Of Memory                                     0 / 0                 0 / 0                 0 / 0                 0 / 0           ops/s
[100.331s][info][gc,stats    ]      Memory: Page Cache Flush                                123 / 610              89 / 630              89 / 630              89 / 630         MB/s
[100.331s][info][gc,stats    ]      Memory: Page Cache Hit L1                              1018 / 3301           1116 / 3321           1116 / 3321           1116 / 3321        ops/s
[100.331s][info][gc,stats    ]      Memory: Page Cache Hit L2                                 0 / 0                 0 / 0                 0 / 0                 0 / 0           ops/s
[100.331s][info][gc,stats    ]      Memory: Page Cache Hit L3                                23 / 203              65 / 635              65 / 635              65 / 635         ops/s
[100.331s][info][gc,stats    ]      Memory: Page Cache Miss                                  13 / 65                9 / 69                9 / 69                9 / 69          ops/s
[100.331s][info][gc,stats    ]      Memory: Uncommit                                          0 / 0                 0 / 0                 0 / 0                 0 / 0           MB/s
[100.331s][info][gc,stats    ]      Memory: Undo Object Allocation Failed                     0 / 1                 0 / 1                 0 / 1                 0 / 1           ops/s
[100.331s][info][gc,stats    ]      Memory: Undo Object Allocation Succeeded                  9 / 94                1 / 94                1 / 94                1 / 94          ops/s
[100.331s][info][gc,stats    ]      Memory: Undo Page Allocation                              0 / 3                 0 / 8                 0 / 8                 0 / 8           ops/s
[100.331s][info][gc,stats    ]       Phase: Concurrent Mark                              95.056 / 146.869      97.153 / 190.432      97.153 / 190.432      97.153 / 190.432     ms
[100.331s][info][gc,stats    ]       Phase: Concurrent Mark Continue                      0.000 / 0.000        15.048 / 15.380       15.048 / 15.380       15.048 / 15.380      ms
[100.331s][info][gc,stats    ]       Phase: Concurrent Mark Free                          0.001 / 0.002         0.001 / 0.004         0.001 / 0.004         0.001 / 0.004       ms
[100.331s][info][gc,stats    ]       Phase: Concurrent Process Non-Strong References      7.409 / 11.014        7.414 / 25.070        7.414 / 25.070        7.414 / 25.070      ms
[100.331s][info][gc,stats    ]       Phase: Concurrent Relocate                          12.588 / 37.315       10.479 / 76.380       10.479 / 76.380       10.479 / 76.380      ms
[100.331s][info][gc,stats    ]       Phase: Concurrent Reset Relocation Set               0.011 / 0.026         0.010 / 0.049         0.010 / 0.049         0.010 / 0.049       ms
[100.331s][info][gc,stats    ]       Phase: Concurrent Select Relocation Set              3.572 / 5.574         3.646 / 8.915         3.646 / 8.915         3.646 / 8.915       ms
[100.331s][info][gc,stats    ]       Phase: Pause Mark End                                0.037 / 0.146         0.091 / 0.390         0.091 / 0.390         0.091 / 0.390       ms
[100.331s][info][gc,stats    ]       Phase: Pause Mark Start                              0.006 / 0.008         0.008 / 0.018         0.008 / 0.018         0.008 / 0.018       ms
[100.331s][info][gc,stats    ]       Phase: Pause Relocate Start                          0.010 / 0.012         0.011 / 0.024         0.011 / 0.024         0.011 / 0.024       ms
[100.331s][info][gc,stats    ]    Subphase: Concurrent Classes Purge                      0.206 / 0.325         0.225 / 0.437         0.225 / 0.437         0.225 / 0.437       ms
[100.332s][info][gc,stats    ]    Subphase: Concurrent Classes Unlink                     5.269 / 8.656         5.465 / 23.760        5.465 / 23.760        5.465 / 23.760      ms
[100.332s][info][gc,stats    ]    Subphase: Concurrent Mark                              83.166 / 145.737      65.228 / 189.582      65.228 / 189.582      65.228 / 189.582     ms
[100.332s][info][gc,stats    ]    Subphase: Concurrent Mark Try Flush                     0.067 / 0.195         0.442 / 17.156        0.442 / 17.156        0.442 / 17.156      ms
[100.332s][info][gc,stats    ]    Subphase: Concurrent Mark Try Terminate                 2.669 / 15.801        3.273 / 16.519        3.273 / 16.519        3.273 / 16.519      ms
[100.332s][info][gc,stats    ]    Subphase: Concurrent References Enqueue                 0.003 / 0.008         0.003 / 0.008         0.003 / 0.008         0.003 / 0.008       ms
[100.332s][info][gc,stats    ]    Subphase: Concurrent References Process                 1.487 / 2.652         0.970 / 3.217         0.970 / 3.217         0.970 / 3.217       ms
[100.332s][info][gc,stats    ]    Subphase: Concurrent Roots ClassLoaderDataGraph         0.092 / 0.251         0.118 / 0.537         0.118 / 0.537         0.118 / 0.537       ms
[100.332s][info][gc,stats    ]    Subphase: Concurrent Roots CodeCache                    0.000 / 0.000         0.000 / 0.000         0.000 / 0.000         0.000 / 0.000       ms
[100.332s][info][gc,stats    ]    Subphase: Concurrent Roots JavaThreads                  0.301 / 0.666         0.370 / 1.258         0.370 / 1.258         0.370 / 1.258       ms
[100.332s][info][gc,stats    ]    Subphase: Concurrent Roots OopStorageSet                0.024 / 0.052         0.032 / 0.124         0.032 / 0.124         0.032 / 0.124       ms
[100.332s][info][gc,stats    ]    Subphase: Concurrent Weak Roots OopStorageSet           0.260 / 0.380         0.332 / 1.123         0.332 / 1.123         0.332 / 1.123       ms
[100.332s][info][gc,stats    ]    Subphase: Pause Mark Try Complete                       0.068 / 0.084         0.186 / 0.301         0.186 / 0.301         0.186 / 0.301       ms
[100.332s][info][gc,stats    ]      System: Java Threads                                     18 / 21               18 / 22               18 / 22               18 / 22          threads
[100.332s][info][gc,stats    ] =========================================================================================================================================================
[100.724s][info][gc,start    ] GC(62) Garbage Collection (Allocation Rate)
[100.724s][info][gc,task     ] GC(62) Using 2 workers
[100.724s][info][gc,phases   ] GC(62) Pause Mark Start 0.014ms
[100.834s][info][gc,phases   ] GC(62) Concurrent Mark 109.261ms
[100.834s][info][gc,phases   ] GC(62) Pause Mark End 0.015ms
[100.834s][info][gc,phases   ] GC(62) Concurrent Mark Free 0.001ms
[100.839s][info][gc,phases   ] GC(62) Concurrent Process Non-Strong References 4.613ms
[100.839s][info][gc,phases   ] GC(62) Concurrent Reset Relocation Set 0.009ms
[100.841s][info][gc,phases   ] GC(62) Concurrent Select Relocation Set 1.831ms
[100.841s][info][gc,phases   ] GC(62) Pause Relocate Start 0.009ms
[100.841s][info][gc,phases   ] GC(62) Concurrent Relocate 0.240ms
[100.841s][info][gc,load     ] GC(62) Load: 0.00/0.00/0.00
[100.841s][info][gc,mmu      ] GC(62) MMU: 2ms/80.5%, 5ms/92.2%, 10ms/96.1%, 20ms/96.3%, 50ms/97.1%, 100ms/97.5%
[100.841s][info][gc,marking  ] GC(62) Mark: 2 stripe(s), 3 proactive flush(es), 1 terminate flush(es), 0 completion(s), 0 continuation(s) 
[100.841s][info][gc,marking  ] GC(62) Mark Stack Usage: 32M
[100.841s][info][gc,nmethod  ] GC(62) NMethods: 4573 registered, 0 unregistered
[100.841s][info][gc,metaspace] GC(62) Metaspace: 33M used, 33M committed, 1088M reserved
[100.841s][info][gc,ref      ] GC(62) Soft: 4016 encountered, 0 discovered, 0 enqueued
[100.841s][info][gc,ref      ] GC(62) Weak: 1731 encountered, 45 discovered, 0 enqueued
[100.841s][info][gc,ref      ] GC(62) Final: 7 encountered, 6 discovered, 0 enqueued
[100.841s][info][gc,ref      ] GC(62) Phantom: 714 encountered, 631 discovered, 0 enqueued
[100.841s][info][gc,reloc    ] GC(62) Small Pages: 2313 / 4626M, Empty: 4486M, Relocated: 0M, In-Place: 0
[100.841s][info][gc,reloc    ] GC(62) Medium Pages: 1 / 32M, Empty: 0M, Relocated: 0M, In-Place: 0
[100.841s][info][gc,reloc    ] GC(62) Large Pages: 0 / 0M, Empty: 0M, Relocated: 0M, In-Place: 0
[100.841s][info][gc,reloc    ] GC(62) Forwarding Usage: 0M
[100.841s][info][gc,heap     ] GC(62) Min Capacity: 8192M(100%)
[100.841s][info][gc,heap     ] GC(62) Max Capacity: 8192M(100%)
[100.841s][info][gc,heap     ] GC(62) Soft Max Capacity: 8192M(100%)
[100.841s][info][gc,heap     ] GC(62)                Mark Start          Mark End        Relocate Start      Relocate End           High               Low         
[100.841s][info][gc,heap     ] GC(62)  Capacity:     8192M (100%)       8192M (100%)       8192M (100%)       8192M (100%)       8192M (100%)       8192M (100%)   
[100.841s][info][gc,heap     ] GC(62)      Free:     3534M (43%)        2982M (36%)        7454M (91%)        7478M (91%)        7478M (91%)        2972M (36%)    
[100.841s][info][gc,heap     ] GC(62)      Used:     4658M (57%)        5210M (64%)         738M (9%)          714M (9%)         5220M (64%)         714M (9%)     
[100.841s][info][gc,heap     ] GC(62)      Live:         -               125M (2%)          125M (2%)          125M (2%)             -                  -          
[100.841s][info][gc,heap     ] GC(62) Allocated:         -               552M (7%)          566M (7%)          565M (7%)             -                  -          
[100.841s][info][gc,heap     ] GC(62)   Garbage:         -              4532M (55%)          46M (1%)           22M (0%)             -                  -          
[100.841s][info][gc,heap     ] GC(62) Reclaimed:         -                  -              4486M (55%)        4509M (55%)            -                  -          
[100.841s][info][gc          ] GC(62) Garbage Collection (Allocation Rate) 4658M(57%)->714M(9%)
[101.524s][info][gc,start    ] GC(63) Garbage Collection (Allocation Rate)
[101.524s][info][gc,task     ] GC(63) Using 1 workers
[101.524s][info][gc,phases   ] GC(63) Pause Mark Start 0.008ms
[101.659s][info][gc,phases   ] GC(63) Concurrent Mark 134.394ms
[101.659s][info][gc,phases   ] GC(63) Pause Mark End 0.010ms
[101.659s][info][gc,phases   ] GC(63) Concurrent Mark Free 0.000ms
[101.670s][info][gc,phases   ] GC(63) Concurrent Process Non-Strong References 11.035ms
[101.670s][info][gc,phases   ] GC(63) Concurrent Reset Relocation Set 0.003ms
[101.673s][info][gc,phases   ] GC(63) Concurrent Select Relocation Set 2.826ms
[101.673s][info][gc,phases   ] GC(63) Pause Relocate Start 0.008ms
[101.674s][info][gc,phases   ] GC(63) Concurrent Relocate 0.422ms
[101.674s][info][gc,load     ] GC(63) Load: 0.00/0.00/0.00
[101.674s][info][gc,mmu      ] GC(63) MMU: 2ms/80.5%, 5ms/92.2%, 10ms/96.1%, 20ms/96.3%, 50ms/97.1%, 100ms/97.5%
[101.674s][info][gc,marking  ] GC(63) Mark: 1 stripe(s), 2 proactive flush(es), 1 terminate flush(es), 0 completion(s), 0 continuation(s) 
[101.674s][info][gc,marking  ] GC(63) Mark Stack Usage: 32M
[101.674s][info][gc,nmethod  ] GC(63) NMethods: 4573 registered, 0 unregistered
[101.674s][info][gc,metaspace] GC(63) Metaspace: 33M used, 33M committed, 1088M reserved
[101.674s][info][gc,ref      ] GC(63) Soft: 4016 encountered, 0 discovered, 0 enqueued
[101.674s][info][gc,ref      ] GC(63) Weak: 1731 encountered, 1283 discovered, 0 enqueued
[101.674s][info][gc,ref      ] GC(63) Final: 7 encountered, 7 discovered, 0 enqueued
[101.674s][info][gc,ref      ] GC(63) Phantom: 714 encountered, 665 discovered, 0 enqueued
[101.674s][info][gc,reloc    ] GC(63) Small Pages: 2238 / 4476M, Empty: 4332M, Relocated: 0M, In-Place: 0
[101.674s][info][gc,reloc    ] GC(63) Medium Pages: 1 / 32M, Empty: 0M, Relocated: 0M, In-Place: 0
[101.674s][info][gc,reloc    ] GC(63) Large Pages: 0 / 0M, Empty: 0M, Relocated: 0M, In-Place: 0
[101.674s][info][gc,reloc    ] GC(63) Forwarding Usage: 0M
[101.674s][info][gc,heap     ] GC(63) Min Capacity: 8192M(100%)
[101.674s][info][gc,heap     ] GC(63) Max Capacity: 8192M(100%)
[101.674s][info][gc,heap     ] GC(63) Soft Max Capacity: 8192M(100%)
[101.674s][info][gc,heap     ] GC(63)                Mark Start          Mark End        Relocate Start      Relocate End           High               Low         
[101.674s][info][gc,heap     ] GC(63)  Capacity:     8192M (100%)       8192M (100%)       8192M (100%)       8192M (100%)       8192M (100%)       8192M (100%)   
[101.674s][info][gc,heap     ] GC(63)      Free:     3684M (45%)        3078M (38%)        7340M (90%)        7368M (90%)        7368M (90%)        3020M (37%)    
[101.674s][info][gc,heap     ] GC(63)      Used:     4508M (55%)        5114M (62%)         852M (10%)         824M (10%)        5172M (63%)         824M (10%)    
[101.674s][info][gc,heap     ] GC(63)      Live:         -               125M (2%)          125M (2%)          125M (2%)             -                  -          
[101.674s][info][gc,heap     ] GC(63) Allocated:         -               606M (7%)          676M (8%)          677M (8%)             -                  -          
[101.674s][info][gc,heap     ] GC(63)   Garbage:         -              4382M (54%)          50M (1%)           20M (0%)             -                  -          
[101.674s][info][gc,heap     ] GC(63) Reclaimed:         -                  -              4332M (53%)        4361M (53%)            -                  -          
[101.674s][info][gc          ] GC(63) Garbage Collection (Allocation Rate) 4508M(55%)->824M(10%)
[102.623s][info][gc,start    ] GC(64) Garbage Collection (Allocation Rate)
[102.623s][info][gc,task     ] GC(64) Using 1 workers
[102.623s][info][gc,phases   ] GC(64) Pause Mark Start 0.013ms
[102.717s][info][gc,phases   ] GC(64) Concurrent Mark 90.146ms
[102.718s][info][gc,phases   ] GC(64) Pause Mark End 0.022ms
[102.718s][info][gc,phases   ] GC(64) Concurrent Mark Free 0.000ms
[102.726s][info][gc,phases   ] GC(64) Concurrent Process Non-Strong References 7.875ms
[102.726s][info][gc,phases   ] GC(64) Concurrent Reset Relocation Set 0.002ms
[102.728s][info][gc,phases   ] GC(64) Concurrent Select Relocation Set 2.129ms
[102.728s][info][gc,phases   ] GC(64) Pause Relocate Start 0.010ms
[102.729s][info][gc,phases   ] GC(64) Concurrent Relocate 0.640ms
[102.729s][info][gc,load     ] GC(64) Load: 0.00/0.00/0.00
[102.729s][info][gc,mmu      ] GC(64) MMU: 2ms/80.5%, 5ms/92.2%, 10ms/96.1%, 20ms/96.3%, 50ms/97.1%, 100ms/97.5%
[102.729s][info][gc,marking  ] GC(64) Mark: 1 stripe(s), 2 proactive flush(es), 1 terminate flush(es), 0 completion(s), 0 continuation(s) 
[102.729s][info][gc,marking  ] GC(64) Mark Stack Usage: 32M
[102.729s][info][gc,nmethod  ] GC(64) NMethods: 4573 registered, 0 unregistered
[102.729s][info][gc,metaspace] GC(64) Metaspace: 33M used, 33M committed, 1088M reserved
[102.729s][info][gc,ref      ] GC(64) Soft: 4016 encountered, 0 discovered, 0 enqueued
[102.729s][info][gc,ref      ] GC(64) Weak: 1749 encountered, 1296 discovered, 6 enqueued
[102.729s][info][gc,ref      ] GC(64) Final: 7 encountered, 7 discovered, 0 enqueued
[102.729s][info][gc,ref      ] GC(64) Phantom: 714 encountered, 665 discovered, 0 enqueued
[102.729s][info][gc,reloc    ] GC(64) Small Pages: 2985 / 5970M, Empty: 5812M, Relocated: 0M, In-Place: 0
[102.729s][info][gc,reloc    ] GC(64) Medium Pages: 1 / 32M, Empty: 0M, Relocated: 0M, In-Place: 0
[102.729s][info][gc,reloc    ] GC(64) Large Pages: 0 / 0M, Empty: 0M, Relocated: 0M, In-Place: 0
[102.729s][info][gc,reloc    ] GC(64) Forwarding Usage: 0M
[102.729s][info][gc,heap     ] GC(64) Min Capacity: 8192M(100%)
[102.729s][info][gc,heap     ] GC(64) Max Capacity: 8192M(100%)
[102.729s][info][gc,heap     ] GC(64) Soft Max Capacity: 8192M(100%)
[102.729s][info][gc,heap     ] GC(64)                Mark Start          Mark End        Relocate Start      Relocate End           High               Low         
[102.729s][info][gc,heap     ] GC(64)  Capacity:     8192M (100%)       8192M (100%)       8192M (100%)       8192M (100%)       8192M (100%)       8192M (100%)   
[102.729s][info][gc,heap     ] GC(64)      Free:     2190M (27%)        2090M (26%)        7882M (96%)        7926M (97%)        7926M (97%)        2074M (25%)    
[102.729s][info][gc,heap     ] GC(64)      Used:     6002M (73%)        6102M (74%)         310M (4%)          266M (3%)         6118M (75%)         266M (3%)     
[102.729s][info][gc,heap     ] GC(64)      Live:         -               125M (2%)          125M (2%)          125M (2%)             -                  -          
[102.729s][info][gc,heap     ] GC(64) Allocated:         -               100M (1%)          120M (1%)          119M (1%)             -                  -          
[102.729s][info][gc,heap     ] GC(64)   Garbage:         -              5876M (72%)          64M (1%)           20M (0%)             -                  -          
[102.729s][info][gc,heap     ] GC(64) Reclaimed:         -                  -              5812M (71%)        5855M (71%)            -                  -          
[102.729s][info][gc          ] GC(64) Garbage Collection (Allocation Rate) 6002M(73%)->266M(3%)
[106.977s][info][gc,start    ] GC(65) Garbage Collection (System.gc())
[106.977s][info][gc,task     ] GC(65) Using 2 workers
[106.977s][info][gc,phases   ] GC(65) Pause Mark Start 0.007ms
[107.049s][info][gc,phases   ] GC(65) Concurrent Mark 72.303ms
[107.049s][info][gc,phases   ] GC(65) Pause Mark End 0.024ms
[107.049s][info][gc,phases   ] GC(65) Concurrent Mark Free 0.002ms
[107.055s][info][gc,phases   ] GC(65) Concurrent Process Non-Strong References 5.627ms
[107.055s][info][gc,phases   ] GC(65) Concurrent Reset Relocation Set 0.002ms
[107.058s][info][gc,phases   ] GC(65) Concurrent Select Relocation Set 2.616ms
[107.058s][info][gc,phases   ] GC(65) Pause Relocate Start 0.009ms
[107.063s][info][gc,phases   ] GC(65) Concurrent Relocate 5.257ms
[107.063s][info][gc,load     ] GC(65) Load: 0.00/0.00/0.00
[107.063s][info][gc,mmu      ] GC(65) MMU: 2ms/80.5%, 5ms/92.2%, 10ms/96.1%, 20ms/96.3%, 50ms/97.1%, 100ms/97.5%
[107.063s][info][gc,marking  ] GC(65) Mark: 2 stripe(s), 1 proactive flush(es), 1 terminate flush(es), 0 completion(s), 0 continuation(s) 
[107.063s][info][gc,marking  ] GC(65) Mark Stack Usage: 32M
[107.063s][info][gc,nmethod  ] GC(65) NMethods: 4581 registered, 0 unregistered
[107.063s][info][gc,metaspace] GC(65) Metaspace: 33M used, 33M committed, 1088M reserved
[107.063s][info][gc,ref      ] GC(65) Soft: 4016 encountered, 0 discovered, 0 enqueued
[107.063s][info][gc,ref      ] GC(65) Weak: 25141 encountered, 24526 discovered, 23427 enqueued
[107.063s][info][gc,ref      ] GC(65) Final: 7 encountered, 5 discovered, 0 enqueued
[107.063s][info][gc,ref      ] GC(65) Phantom: 714 encountered, 650 discovered, 0 enqueued
[107.064s][info][gc,reloc    ] GC(65) Small Pages: 1124 / 2248M, Empty: 1482M, Relocated: 9M, In-Place: 0
[107.064s][info][gc,reloc    ] GC(65) Medium Pages: 32 / 1024M, Empty: 992M, Relocated: 0M, In-Place: 0
[107.064s][info][gc,reloc    ] GC(65) Large Pages: 286 / 1990M, Empty: 1990M, Relocated: 0M, In-Place: 0
[107.064s][info][gc,reloc    ] GC(65) Forwarding Usage: 2M
[107.064s][info][gc,heap     ] GC(65) Min Capacity: 8192M(100%)
[107.064s][info][gc,heap     ] GC(65) Max Capacity: 8192M(100%)
[107.064s][info][gc,heap     ] GC(65) Soft Max Capacity: 8192M(100%)
[107.064s][info][gc,heap     ] GC(65)                Mark Start          Mark End        Relocate Start      Relocate End           High               Low         
[107.064s][info][gc,heap     ] GC(65)  Capacity:     8192M (100%)       8192M (100%)       8192M (100%)       8192M (100%)       8192M (100%)       8192M (100%)   
[107.064s][info][gc,heap     ] GC(65)      Free:     2930M (36%)        2930M (36%)        7394M (90%)        8044M (98%)        8044M (98%)        2930M (36%)    
[107.064s][info][gc,heap     ] GC(65)      Used:     5262M (64%)        5262M (64%)         798M (10%)         148M (2%)         5262M (64%)         148M (2%)     
[107.064s][info][gc,heap     ] GC(65)      Live:         -               123M (2%)          123M (2%)          123M (2%)             -                  -          
[107.064s][info][gc,heap     ] GC(65) Allocated:         -                 0M (0%)            0M (0%)            0M (0%)             -                  -          
[107.064s][info][gc,heap     ] GC(65)   Garbage:         -              5138M (63%)         674M (8%)           24M (0%)             -                  -          
[107.064s][info][gc,heap     ] GC(65) Reclaimed:         -                  -              4464M (54%)        5114M (62%)            -                  -          
[107.064s][info][gc          ] GC(65) Garbage Collection (System.gc()) 5262M(64%)->148M(2%)
[107.724s][info][gc,start    ] GC(66) Garbage Collection (Allocation Rate)
[107.724s][info][gc,task     ] GC(66) Using 2 workers
[107.724s][info][gc,phases   ] GC(66) Pause Mark Start 0.010ms
[107.818s][info][gc,phases   ] GC(66) Concurrent Mark 68.518ms
[107.818s][info][gc,phases   ] GC(66) Pause Mark End 0.013ms
[107.818s][info][gc,phases   ] GC(66) Concurrent Mark Free 0.001ms
[107.823s][info][gc,phases   ] GC(66) Concurrent Process Non-Strong References 4.953ms
[107.823s][info][gc,phases   ] GC(66) Concurrent Reset Relocation Set 0.026ms
[107.827s][info][gc,phases   ] GC(66) Concurrent Select Relocation Set 3.227ms
[107.827s][info][gc,phases   ] GC(66) Pause Relocate Start 0.009ms
[107.827s][info][gc,phases   ] GC(66) Concurrent Relocate 0.694ms
[107.828s][info][gc,load     ] GC(66) Load: 0.00/0.00/0.00
[107.828s][info][gc,mmu      ] GC(66) MMU: 2ms/80.5%, 5ms/92.2%, 10ms/96.1%, 20ms/96.3%, 50ms/97.1%, 100ms/97.5%
[107.828s][info][gc,marking  ] GC(66) Mark: 2 stripe(s), 3 proactive flush(es), 1 terminate flush(es), 0 completion(s), 0 continuation(s) 
[107.828s][info][gc,marking  ] GC(66) Mark Stack Usage: 32M
[107.828s][info][gc,nmethod  ] GC(66) NMethods: 4585 registered, 0 unregistered
[107.828s][info][gc,metaspace] GC(66) Metaspace: 33M used, 33M committed, 1088M reserved
[107.828s][info][gc,ref      ] GC(66) Soft: 4016 encountered, 0 discovered, 0 enqueued
[107.828s][info][gc,ref      ] GC(66) Weak: 1717 encountered, 48 discovered, 0 enqueued
[107.828s][info][gc,ref      ] GC(66) Final: 7 encountered, 3 discovered, 0 enqueued
[107.828s][info][gc,ref      ] GC(66) Phantom: 714 encountered, 649 discovered, 0 enqueued
[107.828s][info][gc,reloc    ] GC(66) Small Pages: 2489 / 4978M, Empty: 4838M, Relocated: 1M, In-Place: 0
[107.828s][info][gc,reloc    ] GC(66) Medium Pages: 1 / 32M, Empty: 0M, Relocated: 0M, In-Place: 0
[107.828s][info][gc,reloc    ] GC(66) Large Pages: 0 / 0M, Empty: 0M, Relocated: 0M, In-Place: 0
[107.828s][info][gc,reloc    ] GC(66) Forwarding Usage: 0M
[107.828s][info][gc,heap     ] GC(66) Min Capacity: 8192M(100%)
[107.828s][info][gc,heap     ] GC(66) Max Capacity: 8192M(100%)
[107.828s][info][gc,heap     ] GC(66) Soft Max Capacity: 8192M(100%)
[107.828s][info][gc,heap     ] GC(66)                Mark Start          Mark End        Relocate Start      Relocate End           High               Low         
[107.828s][info][gc,heap     ] GC(66)  Capacity:     8192M (100%)       8192M (100%)       8192M (100%)       8192M (100%)       8192M (100%)       8192M (100%)   
[107.828s][info][gc,heap     ] GC(66)      Free:     3182M (39%)        2826M (34%)        7634M (93%)        7654M (93%)        7656M (93%)        2808M (34%)    
[107.828s][info][gc,heap     ] GC(66)      Used:     5010M (61%)        5366M (66%)         558M (7%)          538M (7%)         5384M (66%)         536M (7%)     
[107.828s][info][gc,heap     ] GC(66)      Live:         -               123M (2%)          123M (2%)          123M (2%)             -                  -          
[107.828s][info][gc,heap     ] GC(66) Allocated:         -               356M (4%)          386M (5%)          390M (5%)             -                  -          
[107.828s][info][gc,heap     ] GC(66)   Garbage:         -              4886M (60%)          48M (1%)           24M (0%)             -                  -          
[107.828s][info][gc,heap     ] GC(66) Reclaimed:         -                  -              4838M (59%)        4862M (59%)            -                  -          
[107.828s][info][gc          ] GC(66) Garbage Collection (Allocation Rate) 5010M(61%)->538M(7%)
[108.729s][info][gc,start    ] GC(67) Garbage Collection (Allocation Rate)
[108.729s][info][gc,task     ] GC(67) Using 1 workers
[108.729s][info][gc,phases   ] GC(67) Pause Mark Start 0.007ms
[108.850s][info][gc,phases   ] GC(67) Concurrent Mark 121.045ms
[108.850s][info][gc,phases   ] GC(67) Pause Mark End 0.014ms
[108.850s][info][gc,phases   ] GC(67) Concurrent Mark Free 0.001ms
[108.860s][info][gc,phases   ] GC(67) Concurrent Process Non-Strong References 9.399ms
[108.860s][info][gc,phases   ] GC(67) Concurrent Reset Relocation Set 0.002ms
[108.863s][info][gc,phases   ] GC(67) Concurrent Select Relocation Set 2.713ms
[108.863s][info][gc,phases   ] GC(67) Pause Relocate Start 0.008ms
[108.864s][info][gc,phases   ] GC(67) Concurrent Relocate 1.029ms
[108.864s][info][gc,load     ] GC(67) Load: 0.00/0.00/0.00
[108.864s][info][gc,mmu      ] GC(67) MMU: 2ms/80.5%, 5ms/92.2%, 10ms/96.1%, 20ms/96.3%, 50ms/97.1%, 100ms/97.5%
[108.864s][info][gc,marking  ] GC(67) Mark: 1 stripe(s), 2 proactive flush(es), 1 terminate flush(es), 0 completion(s), 0 continuation(s) 
[108.864s][info][gc,marking  ] GC(67) Mark Stack Usage: 32M
[108.864s][info][gc,nmethod  ] GC(67) NMethods: 4585 registered, 0 unregistered
[108.864s][info][gc,metaspace] GC(67) Metaspace: 33M used, 33M committed, 1088M reserved
[108.864s][info][gc,ref      ] GC(67) Soft: 4016 encountered, 0 discovered, 0 enqueued
[108.864s][info][gc,ref      ] GC(67) Weak: 1732 encountered, 1284 discovered, 0 enqueued
[108.864s][info][gc,ref      ] GC(67) Final: 7 encountered, 7 discovered, 0 enqueued
[108.864s][info][gc,ref      ] GC(67) Phantom: 714 encountered, 665 discovered, 0 enqueued
[108.864s][info][gc,reloc    ] GC(67) Small Pages: 2789 / 5578M, Empty: 5438M, Relocated: 1M, In-Place: 0
[108.864s][info][gc,reloc    ] GC(67) Medium Pages: 1 / 32M, Empty: 0M, Relocated: 0M, In-Place: 0
[108.864s][info][gc,reloc    ] GC(67) Large Pages: 0 / 0M, Empty: 0M, Relocated: 0M, In-Place: 0
[108.864s][info][gc,reloc    ] GC(67) Forwarding Usage: 0M
[108.864s][info][gc,heap     ] GC(67) Min Capacity: 8192M(100%)
[108.864s][info][gc,heap     ] GC(67) Max Capacity: 8192M(100%)
[108.864s][info][gc,heap     ] GC(67) Soft Max Capacity: 8192M(100%)
[108.864s][info][gc,heap     ] GC(67)                Mark Start          Mark End        Relocate Start      Relocate End           High               Low         
[108.864s][info][gc,heap     ] GC(67)  Capacity:     8192M (100%)       8192M (100%)       8192M (100%)       8192M (100%)       8192M (100%)       8192M (100%)   
[108.864s][info][gc,heap     ] GC(67)      Free:     2582M (32%)        2164M (26%)        7564M (92%)        7584M (93%)        7584M (93%)        2134M (26%)    
[108.864s][info][gc,heap     ] GC(67)      Used:     5610M (68%)        6028M (74%)         628M (8%)          608M (7%)         6058M (74%)         608M (7%)     
[108.864s][info][gc,heap     ] GC(67)      Live:         -               123M (2%)          123M (2%)          123M (2%)             -                  -          
[108.864s][info][gc,heap     ] GC(67) Allocated:         -               418M (5%)          456M (6%)          461M (6%)             -                  -          
[108.864s][info][gc,heap     ] GC(67)   Garbage:         -              5486M (67%)          48M (1%)           22M (0%)             -                  -          
[108.864s][info][gc,heap     ] GC(67) Reclaimed:         -                  -              5438M (66%)        5463M (67%)            -                  -          
[108.864s][info][gc          ] GC(67) Garbage Collection (Allocation Rate) 5610M(68%)->608M(7%)
[110.221s][info][gc,start    ] GC(68) Garbage Collection (Allocation Rate)
[110.221s][info][gc,task     ] GC(68) Using 1 workers
[110.221s][info][gc,phases   ] GC(68) Pause Mark Start 0.009ms
[110.323s][info][gc,stats    ] === Garbage Collection Statistics =======================================================================================================================
[110.323s][info][gc,stats    ]                                                              Last 10s              Last 10m              Last 10h                Total
[110.323s][info][gc,stats    ]                                                              Avg / Max             Avg / Max             Avg / Max             Avg / Max
[110.323s][info][gc,stats    ]   Collector: Garbage Collection Cycle                    116.308 / 149.658     125.350 / 379.439     125.350 / 379.439     125.350 / 379.439     ms
[110.323s][info][gc,stats    ]  Contention: Mark Segment Reset Contention                     0 / 0                 0 / 26                0 / 26                0 / 26          ops/s
[110.323s][info][gc,stats    ]  Contention: Mark SeqNum Reset Contention                      0 / 0                 0 / 1                 0 / 1                 0 / 1           ops/s
[110.323s][info][gc,stats    ]    Critical: Allocation Stall                                  0 / 0                 0 / 0                 0 / 0                 0 / 0           ops/s
[110.323s][info][gc,stats    ]    Critical: Allocation Stall                              0.000 / 0.000         0.000 / 0.000         0.000 / 0.000         0.000 / 0.000       ms
[110.323s][info][gc,stats    ]    Critical: GC Locker Stall                                   0 / 0                 0 / 0                 0 / 0                 0 / 0           ops/s
[110.323s][info][gc,stats    ]    Critical: GC Locker Stall                               0.000 / 0.000         0.000 / 0.000         0.000 / 0.000         0.000 / 0.000       ms
[110.323s][info][gc,stats    ]    Critical: Relocation Stall                                  0 / 0                 0 / 0                 0 / 0                 0 / 0           ops/s
[110.323s][info][gc,stats    ]    Critical: Relocation Stall                              0.000 / 0.000         0.000 / 0.000         0.000 / 0.000         0.000 / 0.000       ms
[110.323s][info][gc,stats    ]      Memory: Allocation Rate                                3389 / 6188           2727 / 6636           2727 / 6636           2727 / 6636        MB/s
[110.323s][info][gc,stats    ]      Memory: Out Of Memory                                     0 / 0                 0 / 0                 0 / 0                 0 / 0           ops/s
[110.323s][info][gc,stats    ]      Memory: Page Cache Flush                                 93 / 496              89 / 630              89 / 630              89 / 630         MB/s
[110.323s][info][gc,stats    ]      Memory: Page Cache Hit L1                              1505 / 3057           1151 / 3321           1151 / 3321           1151 / 3321        ops/s
[110.323s][info][gc,stats    ]      Memory: Page Cache Hit L2                                 0 / 0                 0 / 0                 0 / 0                 0 / 0           ops/s
[110.323s][info][gc,stats    ]      Memory: Page Cache Hit L3                                45 / 242              63 / 635              63 / 635              63 / 635         ops/s
[110.323s][info][gc,stats    ]      Memory: Page Cache Miss                                   9 / 53                9 / 69                9 / 69                9 / 69          ops/s
[110.323s][info][gc,stats    ]      Memory: Uncommit                                          0 / 0                 0 / 0                 0 / 0                 0 / 0           MB/s
[110.323s][info][gc,stats    ]      Memory: Undo Object Allocation Failed                     0 / 0                 0 / 1                 0 / 1                 0 / 1           ops/s
[110.323s][info][gc,stats    ]      Memory: Undo Object Allocation Succeeded                  0 / 0                 1 / 94                1 / 94                1 / 94          ops/s
[110.323s][info][gc,stats    ]      Memory: Undo Page Allocation                              0 / 5                 0 / 8                 0 / 8                 0 / 8           ops/s
[110.323s][info][gc,stats    ]       Phase: Concurrent Mark                              99.278 / 134.394      97.340 / 190.432      97.340 / 190.432      97.340 / 190.432     ms
[110.323s][info][gc,stats    ]       Phase: Concurrent Mark Continue                      0.000 / 0.000        15.048 / 15.380       15.048 / 15.380       15.048 / 15.380      ms
[110.323s][info][gc,stats    ]       Phase: Concurrent Mark Free                          0.001 / 0.002         0.001 / 0.004         0.001 / 0.004         0.001 / 0.004       ms
[110.323s][info][gc,stats    ]       Phase: Concurrent Process Non-Strong References      7.250 / 11.035        7.399 / 25.070        7.399 / 25.070        7.399 / 25.070      ms
[110.323s][info][gc,stats    ]       Phase: Concurrent Relocate                           1.381 / 5.257         9.676 / 76.380        9.676 / 76.380        9.676 / 76.380      ms
[110.323s][info][gc,stats    ]       Phase: Concurrent Reset Relocation Set               0.007 / 0.026         0.010 / 0.049         0.010 / 0.049         0.010 / 0.049       ms
[110.323s][info][gc,stats    ]       Phase: Concurrent Select Relocation Set              2.557 / 3.227         3.550 / 8.915         3.550 / 8.915         3.550 / 8.915       ms
[110.323s][info][gc,stats    ]       Phase: Pause Mark End                                0.016 / 0.024         0.086 / 0.390         0.086 / 0.390         0.086 / 0.390       ms
[110.323s][info][gc,stats    ]       Phase: Pause Mark Start                              0.010 / 0.014         0.009 / 0.018         0.009 / 0.018         0.009 / 0.018       ms
[110.323s][info][gc,stats    ]       Phase: Pause Relocate Start                          0.009 / 0.010         0.010 / 0.024         0.010 / 0.024         0.010 / 0.024       ms
[110.323s][info][gc,stats    ]    Subphase: Concurrent Classes Purge                      0.248 / 0.336         0.227 / 0.437         0.227 / 0.437         0.227 / 0.437       ms
[110.323s][info][gc,stats    ]    Subphase: Concurrent Classes Unlink                     6.053 / 9.815         5.516 / 23.760        5.516 / 23.760        5.516 / 23.760      ms
[110.323s][info][gc,stats    ]    Subphase: Concurrent Mark                              89.141 / 133.629      66.788 / 189.582      66.788 / 189.582      66.788 / 189.582     ms
[110.323s][info][gc,stats    ]    Subphase: Concurrent Mark Try Flush                     3.431 / 30.486        0.602 / 30.486        0.602 / 30.486        0.602 / 30.486      ms
[110.323s][info][gc,stats    ]    Subphase: Concurrent Mark Try Terminate                 3.416 / 15.374        3.282 / 16.519        3.282 / 16.519        3.282 / 16.519      ms
[110.323s][info][gc,stats    ]    Subphase: Concurrent References Enqueue                 0.002 / 0.007         0.003 / 0.008         0.003 / 0.008         0.003 / 0.008       ms
[110.323s][info][gc,stats    ]    Subphase: Concurrent References Process                 0.485 / 1.917         0.927 / 3.217         0.927 / 3.217         0.927 / 3.217       ms
[110.324s][info][gc,stats    ]    Subphase: Concurrent Roots ClassLoaderDataGraph         0.106 / 0.199         0.117 / 0.537         0.117 / 0.537         0.117 / 0.537       ms
[110.324s][info][gc,stats    ]    Subphase: Concurrent Roots CodeCache                    0.000 / 0.000         0.000 / 0.000         0.000 / 0.000         0.000 / 0.000       ms
[110.324s][info][gc,stats    ]    Subphase: Concurrent Roots JavaThreads                  0.358 / 0.817         0.369 / 1.258         0.369 / 1.258         0.369 / 1.258       ms
[110.324s][info][gc,stats    ]    Subphase: Concurrent Roots OopStorageSet                0.029 / 0.043         0.031 / 0.124         0.031 / 0.124         0.031 / 0.124       ms
[110.324s][info][gc,stats    ]    Subphase: Concurrent Weak Roots OopStorageSet           0.307 / 0.480         0.330 / 1.123         0.330 / 1.123         0.330 / 1.123       ms
[110.324s][info][gc,stats    ]    Subphase: Pause Mark Try Complete                       0.000 / 0.000         0.186 / 0.301         0.186 / 0.301         0.186 / 0.301       ms
[110.324s][info][gc,stats    ]      System: Java Threads                                     19 / 21               18 / 22               18 / 22               18 / 22          threads
[110.324s][info][gc,stats    ] =========================================================================================================================================================
[110.366s][info][gc,phases   ] GC(68) Concurrent Mark 144.436ms
[110.366s][info][gc,phases   ] GC(68) Pause Mark End 0.012ms
[110.366s][info][gc,phases   ] GC(68) Concurrent Mark Free 0.001ms
[110.375s][info][gc,phases   ] GC(68) Concurrent Process Non-Strong References 9.155ms
[110.375s][info][gc,phases   ] GC(68) Concurrent Reset Relocation Set 0.002ms
[110.381s][info][gc,phases   ] GC(68) Concurrent Select Relocation Set 5.977ms
[110.381s][info][gc,phases   ] GC(68) Pause Relocate Start 0.014ms
[110.418s][info][gc,phases   ] GC(68) Concurrent Relocate 36.338ms
[110.418s][info][gc,load     ] GC(68) Load: 0.00/0.00/0.00
[110.418s][info][gc,mmu      ] GC(68) MMU: 2ms/80.5%, 5ms/92.2%, 10ms/96.1%, 20ms/96.3%, 50ms/97.1%, 100ms/97.5%
[110.418s][info][gc,marking  ] GC(68) Mark: 1 stripe(s), 2 proactive flush(es), 1 terminate flush(es), 0 completion(s), 0 continuation(s) 
[110.418s][info][gc,marking  ] GC(68) Mark Stack Usage: 32M
[110.418s][info][gc,nmethod  ] GC(68) NMethods: 4589 registered, 0 unregistered
[110.418s][info][gc,metaspace] GC(68) Metaspace: 33M used, 33M committed, 1088M reserved
[110.418s][info][gc,ref      ] GC(68) Soft: 4016 encountered, 0 discovered, 0 enqueued
[110.418s][info][gc,ref      ] GC(68) Weak: 21214 encountered, 15778 discovered, 260 enqueued
[110.418s][info][gc,ref      ] GC(68) Final: 7 encountered, 7 discovered, 0 enqueued
[110.418s][info][gc,ref      ] GC(68) Phantom: 720 encountered, 671 discovered, 0 enqueued
[110.418s][info][gc,reloc    ] GC(68) Small Pages: 2448 / 4896M, Empty: 4494M, Relocated: 41M, In-Place: 0
[110.418s][info][gc,reloc    ] GC(68) Medium Pages: 5 / 160M, Empty: 128M, Relocated: 0M, In-Place: 0
[110.418s][info][gc,reloc    ] GC(68) Large Pages: 36 / 250M, Empty: 250M, Relocated: 0M, In-Place: 0
[110.418s][info][gc,reloc    ] GC(68) Forwarding Usage: 12M
[110.418s][info][gc,heap     ] GC(68) Min Capacity: 8192M(100%)
[110.418s][info][gc,heap     ] GC(68) Max Capacity: 8192M(100%)
[110.418s][info][gc,heap     ] GC(68) Soft Max Capacity: 8192M(100%)
[110.418s][info][gc,heap     ] GC(68)                Mark Start          Mark End        Relocate Start      Relocate End           High               Low         
[110.418s][info][gc,heap     ] GC(68)  Capacity:     8192M (100%)       8192M (100%)       8192M (100%)       8192M (100%)       8192M (100%)       8192M (100%)   
[110.418s][info][gc,heap     ] GC(68)      Free:     2886M (35%)        2674M (33%)        7536M (92%)        7764M (95%)        7764M (95%)        2668M (33%)    
[110.418s][info][gc,heap     ] GC(68)      Used:     5306M (65%)        5518M (67%)         656M (8%)          428M (5%)         5524M (67%)         428M (5%)     
[110.418s][info][gc,heap     ] GC(68)      Live:         -               154M (2%)          154M (2%)          154M (2%)             -                  -          
[110.418s][info][gc,heap     ] GC(68) Allocated:         -               212M (3%)          222M (3%)          250M (3%)             -                  -          
[110.418s][info][gc,heap     ] GC(68)   Garbage:         -              5151M (63%)         279M (3%)           22M (0%)             -                  -          
[110.418s][info][gc,heap     ] GC(68) Reclaimed:         -                  -              4872M (59%)        5128M (63%)            -                  -          
[110.418s][info][gc          ] GC(68) Garbage Collection (Allocation Rate) 5306M(65%)->428M(5%)
[113.584s][info][gc,start    ] GC(69) Garbage Collection (System.gc())
[113.585s][info][gc,task     ] GC(69) Using 2 workers
[113.585s][info][gc,phases   ] GC(69) Pause Mark Start 0.007ms
[113.647s][info][gc,phases   ] GC(69) Concurrent Mark 62.534ms
[113.647s][info][gc,phases   ] GC(69) Pause Mark End 0.025ms
[113.647s][info][gc,phases   ] GC(69) Concurrent Mark Free 0.002ms
[113.653s][info][gc,phases   ] GC(69) Concurrent Process Non-Strong References 5.582ms
[113.653s][info][gc,phases   ] GC(69) Concurrent Reset Relocation Set 0.015ms
[113.656s][info][gc,phases   ] GC(69) Concurrent Select Relocation Set 2.291ms
[113.656s][info][gc,phases   ] GC(69) Pause Relocate Start 0.009ms
[113.663s][info][gc,phases   ] GC(69) Concurrent Relocate 7.185ms
[113.663s][info][gc,load     ] GC(69) Load: 0.00/0.00/0.00
[113.663s][info][gc,mmu      ] GC(69) MMU: 2ms/80.5%, 5ms/92.2%, 10ms/96.1%, 20ms/96.3%, 50ms/97.1%, 100ms/97.5%
[113.663s][info][gc,marking  ] GC(69) Mark: 2 stripe(s), 2 proactive flush(es), 1 terminate flush(es), 0 completion(s), 0 continuation(s) 
[113.663s][info][gc,marking  ] GC(69) Mark Stack Usage: 32M
[113.663s][info][gc,nmethod  ] GC(69) NMethods: 4601 registered, 0 unregistered
[113.663s][info][gc,metaspace] GC(69) Metaspace: 33M used, 33M committed, 1088M reserved
[113.663s][info][gc,ref      ] GC(69) Soft: 4016 encountered, 0 discovered, 0 enqueued
[113.663s][info][gc,ref      ] GC(69) Weak: 23895 encountered, 22219 discovered, 22182 enqueued
[113.663s][info][gc,ref      ] GC(69) Final: 7 encountered, 2 discovered, 0 enqueued
[113.663s][info][gc,ref      ] GC(69) Phantom: 714 encountered, 656 discovered, 0 enqueued
[113.663s][info][gc,reloc    ] GC(69) Small Pages: 888 / 1776M, Empty: 1066M, Relocated: 10M, In-Place: 0
[113.663s][info][gc,reloc    ] GC(69) Medium Pages: 27 / 864M, Empty: 800M, Relocated: 16M, In-Place: 0
[113.663s][info][gc,reloc    ] GC(69) Large Pages: 242 / 1684M, Empty: 1684M, Relocated: 0M, In-Place: 0
[113.663s][info][gc,reloc    ] GC(69) Forwarding Usage: 3M
[113.663s][info][gc,heap     ] GC(69) Min Capacity: 8192M(100%)
[113.663s][info][gc,heap     ] GC(69) Max Capacity: 8192M(100%)
[113.663s][info][gc,heap     ] GC(69) Soft Max Capacity: 8192M(100%)
[113.663s][info][gc,heap     ] GC(69)                Mark Start          Mark End        Relocate Start      Relocate End           High               Low         
[113.663s][info][gc,heap     ] GC(69)  Capacity:     8192M (100%)       8192M (100%)       8192M (100%)       8192M (100%)       8192M (100%)       8192M (100%)   
[113.663s][info][gc,heap     ] GC(69)      Free:     3868M (47%)        3868M (47%)        7418M (91%)        8046M (98%)        8046M (98%)        3868M (47%)    
[113.663s][info][gc,heap     ] GC(69)      Used:     4324M (53%)        4324M (53%)         774M (9%)          146M (2%)         4324M (53%)         146M (2%)     
[113.663s][info][gc,heap     ] GC(69)      Live:         -               126M (2%)          126M (2%)          126M (2%)             -                  -          
[113.663s][info][gc,heap     ] GC(69) Allocated:         -                 0M (0%)            0M (0%)            0M (0%)             -                  -          
[113.663s][info][gc,heap     ] GC(69)   Garbage:         -              4197M (51%)         647M (8%)           19M (0%)             -                  -          
[113.663s][info][gc,heap     ] GC(69) Reclaimed:         -                  -              3550M (43%)        4178M (51%)            -                  -          
[113.663s][info][gc          ] GC(69) Garbage Collection (System.gc()) 4324M(53%)->146M(2%)
[114.323s][info][gc,start    ] GC(70) Garbage Collection (Allocation Rate)
[114.323s][info][gc,task     ] GC(70) Using 2 workers
[114.323s][info][gc,phases   ] GC(70) Pause Mark Start 0.009ms
[114.417s][info][gc,phases   ] GC(70) Concurrent Mark 77.894ms
[114.417s][info][gc,phases   ] GC(70) Pause Mark End 0.014ms
[114.417s][info][gc,phases   ] GC(70) Concurrent Mark Free 0.001ms
[114.422s][info][gc,phases   ] GC(70) Concurrent Process Non-Strong References 5.273ms
[114.422s][info][gc,phases   ] GC(70) Concurrent Reset Relocation Set 0.030ms
[114.426s][info][gc,phases   ] GC(70) Concurrent Select Relocation Set 3.470ms
[114.426s][info][gc,phases   ] GC(70) Pause Relocate Start 0.009ms
[114.427s][info][gc,phases   ] GC(70) Concurrent Relocate 0.558ms
[114.427s][info][gc,load     ] GC(70) Load: 0.00/0.00/0.00
[114.427s][info][gc,mmu      ] GC(70) MMU: 2ms/80.5%, 5ms/92.2%, 10ms/96.1%, 20ms/96.3%, 50ms/97.1%, 100ms/97.5%
[114.427s][info][gc,marking  ] GC(70) Mark: 2 stripe(s), 2 proactive flush(es), 1 terminate flush(es), 0 completion(s), 0 continuation(s) 
[114.427s][info][gc,marking  ] GC(70) Mark Stack Usage: 32M
[114.427s][info][gc,nmethod  ] GC(70) NMethods: 4603 registered, 0 unregistered
[114.427s][info][gc,metaspace] GC(70) Metaspace: 33M used, 33M committed, 1088M reserved
[114.427s][info][gc,ref      ] GC(70) Soft: 4016 encountered, 0 discovered, 0 enqueued
[114.427s][info][gc,ref      ] GC(70) Weak: 1731 encountered, 51 discovered, 0 enqueued
[114.427s][info][gc,ref      ] GC(70) Final: 7 encountered, 5 discovered, 0 enqueued
[114.427s][info][gc,ref      ] GC(70) Phantom: 714 encountered, 639 discovered, 0 enqueued
[114.427s][info][gc,reloc    ] GC(70) Small Pages: 2427 / 4854M, Empty: 4716M, Relocated: 1M, In-Place: 0
[114.427s][info][gc,reloc    ] GC(70) Medium Pages: 1 / 32M, Empty: 0M, Relocated: 0M, In-Place: 0
[114.427s][info][gc,reloc    ] GC(70) Large Pages: 0 / 0M, Empty: 0M, Relocated: 0M, In-Place: 0
[114.427s][info][gc,reloc    ] GC(70) Forwarding Usage: 0M
[114.427s][info][gc,heap     ] GC(70) Min Capacity: 8192M(100%)
[114.427s][info][gc,heap     ] GC(70) Max Capacity: 8192M(100%)
[114.427s][info][gc,heap     ] GC(70) Soft Max Capacity: 8192M(100%)
[114.427s][info][gc,heap     ] GC(70)                Mark Start          Mark End        Relocate Start      Relocate End           High               Low         
[114.427s][info][gc,heap     ] GC(70)  Capacity:     8192M (100%)       8192M (100%)       8192M (100%)       8192M (100%)       8192M (100%)       8192M (100%)   
[114.427s][info][gc,heap     ] GC(70)      Free:     3306M (40%)        2888M (35%)        7562M (92%)        7584M (93%)        7584M (93%)        2864M (35%)    
[114.427s][info][gc,heap     ] GC(70)      Used:     4886M (60%)        5304M (65%)         630M (8%)          608M (7%)         5328M (65%)         608M (7%)     
[114.427s][info][gc,heap     ] GC(70)      Live:         -               126M (2%)          126M (2%)          126M (2%)             -                  -          
[114.427s][info][gc,heap     ] GC(70) Allocated:         -               418M (5%)          460M (6%)          460M (6%)             -                  -          
[114.427s][info][gc,heap     ] GC(70)   Garbage:         -              4759M (58%)          43M (1%)           21M (0%)             -                  -          
[114.427s][info][gc,heap     ] GC(70) Reclaimed:         -                  -              4716M (58%)        4738M (58%)            -                  -          
[114.427s][info][gc          ] GC(70) Garbage Collection (Allocation Rate) 4886M(60%)->608M(7%)
[115.326s][info][gc,start    ] GC(71) Garbage Collection (Allocation Rate)
[115.327s][info][gc,task     ] GC(71) Using 1 workers
[115.327s][info][gc,phases   ] GC(71) Pause Mark Start 0.006ms
[115.451s][info][gc,phases   ] GC(71) Concurrent Mark 124.578ms
[115.451s][info][gc,phases   ] GC(71) Pause Mark End 0.010ms
[115.452s][info][gc,phases   ] GC(71) Concurrent Mark Free 0.000ms
[115.461s][info][gc,phases   ] GC(71) Concurrent Process Non-Strong References 9.641ms
[115.461s][info][gc,phases   ] GC(71) Concurrent Reset Relocation Set 0.002ms
[115.465s][info][gc,phases   ] GC(71) Concurrent Select Relocation Set 3.237ms
[115.465s][info][gc,phases   ] GC(71) Pause Relocate Start 0.009ms
[115.465s][info][gc,phases   ] GC(71) Concurrent Relocate 0.693ms
[115.466s][info][gc,load     ] GC(71) Load: 0.00/0.00/0.00
[115.466s][info][gc,mmu      ] GC(71) MMU: 2ms/80.5%, 5ms/92.2%, 10ms/96.1%, 20ms/96.3%, 50ms/97.1%, 100ms/97.5%
[115.466s][info][gc,marking  ] GC(71) Mark: 1 stripe(s), 2 proactive flush(es), 1 terminate flush(es), 0 completion(s), 0 continuation(s) 
[115.466s][info][gc,marking  ] GC(71) Mark Stack Usage: 32M
[115.466s][info][gc,nmethod  ] GC(71) NMethods: 4603 registered, 0 unregistered
[115.466s][info][gc,metaspace] GC(71) Metaspace: 33M used, 33M committed, 1088M reserved
[115.466s][info][gc,ref      ] GC(71) Soft: 4016 encountered, 0 discovered, 0 enqueued
[115.466s][info][gc,ref      ] GC(71) Weak: 1731 encountered, 1283 discovered, 0 enqueued
[115.466s][info][gc,ref      ] GC(71) Final: 7 encountered, 7 discovered, 0 enqueued
[115.466s][info][gc,ref      ] GC(71) Phantom: 714 encountered, 665 discovered, 0 enqueued
[115.466s][info][gc,reloc    ] GC(71) Small Pages: 2809 / 5618M, Empty: 5474M, Relocated: 1M, In-Place: 0
[115.466s][info][gc,reloc    ] GC(71) Medium Pages: 1 / 32M, Empty: 0M, Relocated: 0M, In-Place: 0
[115.466s][info][gc,reloc    ] GC(71) Large Pages: 0 / 0M, Empty: 0M, Relocated: 0M, In-Place: 0
[115.466s][info][gc,reloc    ] GC(71) Forwarding Usage: 0M
[115.466s][info][gc,heap     ] GC(71) Min Capacity: 8192M(100%)
[115.466s][info][gc,heap     ] GC(71) Max Capacity: 8192M(100%)
[115.466s][info][gc,heap     ] GC(71) Soft Max Capacity: 8192M(100%)
[115.466s][info][gc,heap     ] GC(71)                Mark Start          Mark End        Relocate Start      Relocate End           High               Low         
[115.466s][info][gc,heap     ] GC(71)  Capacity:     8192M (100%)       8192M (100%)       8192M (100%)       8192M (100%)       8192M (100%)       8192M (100%)   
[115.466s][info][gc,heap     ] GC(71)      Free:     2542M (31%)        2060M (25%)        7490M (91%)        7516M (92%)        7516M (92%)        2028M (25%)    
[115.466s][info][gc,heap     ] GC(71)      Used:     5650M (69%)        6132M (75%)         702M (9%)          676M (8%)         6164M (75%)         676M (8%)     
[115.466s][info][gc,heap     ] GC(71)      Live:         -               126M (2%)          126M (2%)          126M (2%)             -                  -          
[115.466s][info][gc,heap     ] GC(71) Allocated:         -               482M (6%)          526M (6%)          529M (6%)             -                  -          
[115.466s][info][gc,heap     ] GC(71)   Garbage:         -              5523M (67%)          49M (1%)           19M (0%)             -                  -          
[115.466s][info][gc,heap     ] GC(71) Reclaimed:         -                  -              5474M (67%)        5503M (67%)            -                  -          
[115.466s][info][gc          ] GC(71) Garbage Collection (Allocation Rate) 5650M(69%)->676M(8%)
[116.820s][info][gc,start    ] GC(72) Garbage Collection (Allocation Rate)
[116.820s][info][gc,task     ] GC(72) Using 1 workers
[116.820s][info][gc,phases   ] GC(72) Pause Mark Start 0.006ms
[116.955s][info][gc,phases   ] GC(72) Concurrent Mark 135.019ms
[116.955s][info][gc,phases   ] GC(72) Pause Mark End 0.154ms
[116.956s][info][gc,phases   ] GC(72) Concurrent Mark Free 0.001ms
[116.965s][info][gc,phases   ] GC(72) Concurrent Process Non-Strong References 9.176ms
[116.965s][info][gc,phases   ] GC(72) Concurrent Reset Relocation Set 0.003ms
[116.971s][info][gc,phases   ] GC(72) Concurrent Select Relocation Set 5.685ms
[116.971s][info][gc,phases   ] GC(72) Pause Relocate Start 0.009ms
[117.004s][info][gc,phases   ] GC(72) Concurrent Relocate 33.139ms
[117.004s][info][gc,load     ] GC(72) Load: 0.00/0.00/0.00
[117.004s][info][gc,mmu      ] GC(72) MMU: 2ms/80.5%, 5ms/92.2%, 10ms/96.1%, 20ms/96.3%, 50ms/97.1%, 100ms/97.5%
[117.004s][info][gc,marking  ] GC(72) Mark: 1 stripe(s), 10 proactive flush(es), 3 terminate flush(es), 1 completion(s), 0 continuation(s) 
[117.004s][info][gc,marking  ] GC(72) Mark Stack Usage: 32M
[117.004s][info][gc,nmethod  ] GC(72) NMethods: 4603 registered, 0 unregistered
[117.004s][info][gc,metaspace] GC(72) Metaspace: 33M used, 33M committed, 1088M reserved
[117.004s][info][gc,ref      ] GC(72) Soft: 4016 encountered, 0 discovered, 0 enqueued
[117.004s][info][gc,ref      ] GC(72) Weak: 20648 encountered, 16804 discovered, 3958 enqueued
[117.004s][info][gc,ref      ] GC(72) Final: 7 encountered, 7 discovered, 0 enqueued
[117.004s][info][gc,ref      ] GC(72) Phantom: 720 encountered, 671 discovered, 0 enqueued
[117.004s][info][gc,reloc    ] GC(72) Small Pages: 2490 / 4980M, Empty: 4570M, Relocated: 36M, In-Place: 0
[117.004s][info][gc,reloc    ] GC(72) Medium Pages: 5 / 160M, Empty: 128M, Relocated: 0M, In-Place: 0
[117.004s][info][gc,reloc    ] GC(72) Large Pages: 35 / 242M, Empty: 242M, Relocated: 0M, In-Place: 0
[117.004s][info][gc,reloc    ] GC(72) Forwarding Usage: 12M
[117.004s][info][gc,heap     ] GC(72) Min Capacity: 8192M(100%)
[117.004s][info][gc,heap     ] GC(72) Max Capacity: 8192M(100%)
[117.004s][info][gc,heap     ] GC(72) Soft Max Capacity: 8192M(100%)
[117.004s][info][gc,heap     ] GC(72)                Mark Start          Mark End        Relocate Start      Relocate End           High               Low         
[117.004s][info][gc,heap     ] GC(72)  Capacity:     8192M (100%)       8192M (100%)       8192M (100%)       8192M (100%)       8192M (100%)       8192M (100%)   
[117.004s][info][gc,heap     ] GC(72)      Free:     2810M (34%)        2646M (32%)        7574M (92%)        7780M (95%)        7792M (95%)        2638M (32%)    
[117.004s][info][gc,heap     ] GC(72)      Used:     5382M (66%)        5546M (68%)         618M (8%)          412M (5%)         5554M (68%)         400M (5%)     
[117.004s][info][gc,heap     ] GC(72)      Live:         -               151M (2%)          151M (2%)          151M (2%)             -                  -          
[117.004s][info][gc,heap     ] GC(72) Allocated:         -               164M (2%)          176M (2%)          236M (3%)             -                  -          
[117.004s][info][gc,heap     ] GC(72)   Garbage:         -              5230M (64%)         290M (4%)           23M (0%)             -                  -          
[117.004s][info][gc,heap     ] GC(72) Reclaimed:         -                  -              4940M (60%)        5206M (64%)            -                  -          
[117.004s][info][gc          ] GC(72) Garbage Collection (Allocation Rate) 5382M(66%)->412M(5%)
[120.332s][info][gc,stats    ] === Garbage Collection Statistics =======================================================================================================================
[120.332s][info][gc,stats    ]                                                              Last 10s              Last 10m              Last 10h                Total
[120.332s][info][gc,stats    ]                                                              Avg / Max             Avg / Max             Avg / Max             Avg / Max
[120.332s][info][gc,stats    ]   Collector: Garbage Collection Cycle                    140.493 / 196.927     126.388 / 379.439     126.388 / 379.439     126.388 / 379.439     ms
[120.332s][info][gc,stats    ]  Contention: Mark Segment Reset Contention                     0 / 1                 0 / 26                0 / 26                0 / 26          ops/s
[120.332s][info][gc,stats    ]  Contention: Mark SeqNum Reset Contention                      0 / 0                 0 / 1                 0 / 1                 0 / 1           ops/s
[120.332s][info][gc,stats    ]    Critical: Allocation Stall                                  0 / 0                 0 / 0                 0 / 0                 0 / 0           ops/s
[120.332s][info][gc,stats    ]    Critical: Allocation Stall                              0.000 / 0.000         0.000 / 0.000         0.000 / 0.000         0.000 / 0.000       ms
[120.332s][info][gc,stats    ]    Critical: GC Locker Stall                                   0 / 0                 0 / 0                 0 / 0                 0 / 0           ops/s
[120.332s][info][gc,stats    ]    Critical: GC Locker Stall                               0.000 / 0.000         0.000 / 0.000         0.000 / 0.000         0.000 / 0.000       ms
[120.332s][info][gc,stats    ]    Critical: Relocation Stall                                  0 / 0                 0 / 0                 0 / 0                 0 / 0           ops/s
[120.332s][info][gc,stats    ]    Critical: Relocation Stall                              0.000 / 0.000         0.000 / 0.000         0.000 / 0.000         0.000 / 0.000       ms
[120.332s][info][gc,stats    ]      Memory: Allocation Rate                                2381 / 5502           2698 / 6636           2698 / 6636           2698 / 6636        MB/s
[120.332s][info][gc,stats    ]      Memory: Out Of Memory                                     0 / 0                 0 / 0                 0 / 0                 0 / 0           ops/s
[120.332s][info][gc,stats    ]      Memory: Page Cache Flush                                108 / 664              91 / 664              91 / 664              91 / 664         MB/s
[120.332s][info][gc,stats    ]      Memory: Page Cache Hit L1                               946 / 2753           1134 / 3321           1134 / 3321           1134 / 3321        ops/s
[120.332s][info][gc,stats    ]      Memory: Page Cache Hit L2                                 0 / 0                 0 / 0                 0 / 0                 0 / 0           ops/s
[120.332s][info][gc,stats    ]      Memory: Page Cache Hit L3                                23 / 175              60 / 635              60 / 635              60 / 635         ops/s
[120.332s][info][gc,stats    ]      Memory: Page Cache Miss                                  11 / 70                9 / 70                9 / 70                9 / 70          ops/s
[120.332s][info][gc,stats    ]      Memory: Uncommit                                          0 / 0                 0 / 0                 0 / 0                 0 / 0           MB/s
[120.332s][info][gc,stats    ]      Memory: Undo Object Allocation Failed                     0 / 0                 0 / 1                 0 / 1                 0 / 1           ops/s
[120.332s][info][gc,stats    ]      Memory: Undo Object Allocation Succeeded                  0 / 2                 1 / 94                1 / 94                1 / 94          ops/s
[120.332s][info][gc,stats    ]      Memory: Undo Page Allocation                              0 / 0                 0 / 8                 0 / 8                 0 / 8           ops/s
[120.332s][info][gc,stats    ]       Phase: Concurrent Mark                             108.892 / 144.436      98.131 / 190.432      98.131 / 190.432      98.131 / 190.432     ms
[120.332s][info][gc,stats    ]       Phase: Concurrent Mark Continue                      0.000 / 0.000        15.048 / 15.380       15.048 / 15.380       15.048 / 15.380      ms
[120.332s][info][gc,stats    ]       Phase: Concurrent Mark Free                          0.001 / 0.002         0.001 / 0.004         0.001 / 0.004         0.001 / 0.004       ms
[120.332s][info][gc,stats    ]       Phase: Concurrent Process Non-Strong References      7.765 / 9.641         7.425 / 25.070        7.425 / 25.070        7.425 / 25.070      ms
[120.332s][info][gc,stats    ]       Phase: Concurrent Relocate                          15.582 / 36.338       10.080 / 76.380       10.080 / 76.380       10.080 / 76.380      ms
[120.332s][info][gc,stats    ]       Phase: Concurrent Reset Relocation Set               0.010 / 0.030         0.010 / 0.049         0.010 / 0.049         0.010 / 0.049       ms
[120.332s][info][gc,stats    ]       Phase: Concurrent Select Relocation Set              4.132 / 5.977         3.590 / 8.915         3.590 / 8.915         3.590 / 8.915       ms
[120.332s][info][gc,stats    ]       Phase: Pause Mark End                                0.043 / 0.154         0.083 / 0.390         0.083 / 0.390         0.083 / 0.390       ms
[120.332s][info][gc,stats    ]       Phase: Pause Mark Start                              0.007 / 0.009         0.009 / 0.018         0.009 / 0.018         0.009 / 0.018       ms
[120.332s][info][gc,stats    ]       Phase: Pause Relocate Start                          0.010 / 0.014         0.010 / 0.024         0.010 / 0.024         0.010 / 0.024       ms
[120.332s][info][gc,stats    ]    Subphase: Concurrent Classes Purge                      0.253 / 0.326         0.228 / 0.437         0.228 / 0.437         0.228 / 0.437       ms
[120.332s][info][gc,stats    ]    Subphase: Concurrent Classes Unlink                     5.865 / 8.513         5.540 / 23.760        5.540 / 23.760        5.540 / 23.760      ms
[120.332s][info][gc,stats    ]    Subphase: Concurrent Mark                              94.923 / 143.184      68.146 / 189.582      68.146 / 189.582      68.146 / 189.582     ms
[120.332s][info][gc,stats    ]    Subphase: Concurrent Mark Try Flush                     0.074 / 0.374         0.567 / 30.486        0.567 / 30.486        0.567 / 30.486      ms
[120.332s][info][gc,stats    ]    Subphase: Concurrent Mark Try Terminate                 1.834 / 13.185        3.200 / 16.519        3.200 / 16.519        3.200 / 16.519      ms
[120.332s][info][gc,stats    ]    Subphase: Concurrent References Enqueue                 0.004 / 0.007         0.003 / 0.008         0.003 / 0.008         0.003 / 0.008       ms
[120.333s][info][gc,stats    ]    Subphase: Concurrent References Process                 1.193 / 1.941         0.945 / 3.217         0.945 / 3.217         0.945 / 3.217       ms
[120.333s][info][gc,stats    ]    Subphase: Concurrent Roots ClassLoaderDataGraph         0.091 / 0.152         0.115 / 0.537         0.115 / 0.537         0.115 / 0.537       ms
[120.333s][info][gc,stats    ]    Subphase: Concurrent Roots CodeCache                    0.000 / 0.000         0.000 / 0.000         0.000 / 0.000         0.000 / 0.000       ms
[120.333s][info][gc,stats    ]    Subphase: Concurrent Roots JavaThreads                  0.307 / 0.478         0.366 / 1.258         0.366 / 1.258         0.366 / 1.258       ms
[120.333s][info][gc,stats    ]    Subphase: Concurrent Roots OopStorageSet                0.029 / 0.044         0.031 / 0.124         0.031 / 0.124         0.031 / 0.124       ms
[120.333s][info][gc,stats    ]    Subphase: Concurrent Weak Roots OopStorageSet           0.281 / 0.428         0.327 / 1.123         0.327 / 1.123         0.327 / 1.123       ms
[120.333s][info][gc,stats    ]    Subphase: Pause Mark Try Complete                       0.073 / 0.073         0.183 / 0.301         0.183 / 0.301         0.183 / 0.301       ms
[120.333s][info][gc,stats    ]      System: Java Threads                                     19 / 21               18 / 22               18 / 22               18 / 22          threads
[120.333s][info][gc,stats    ] =========================================================================================================================================================
[120.820s][info][gc,start    ] GC(73) Garbage Collection (System.gc())
[120.820s][info][gc,task     ] GC(73) Using 2 workers
[120.820s][info][gc,phases   ] GC(73) Pause Mark Start 0.009ms
[120.877s][info][gc,phases   ] GC(73) Concurrent Mark 56.069ms
[120.877s][info][gc,phases   ] GC(73) Pause Mark End 0.030ms
[120.877s][info][gc,phases   ] GC(73) Concurrent Mark Free 0.002ms
[120.883s][info][gc,phases   ] GC(73) Concurrent Process Non-Strong References 5.660ms
[120.883s][info][gc,phases   ] GC(73) Concurrent Reset Relocation Set 0.013ms
[120.885s][info][gc,phases   ] GC(73) Concurrent Select Relocation Set 2.510ms
[120.885s][info][gc,phases   ] GC(73) Pause Relocate Start 0.010ms
[120.893s][info][gc,phases   ] GC(73) Concurrent Relocate 7.880ms
[120.893s][info][gc,load     ] GC(73) Load: 0.00/0.00/0.00
[120.893s][info][gc,mmu      ] GC(73) MMU: 2ms/80.5%, 5ms/92.2%, 10ms/96.1%, 20ms/96.3%, 50ms/97.1%, 100ms/97.5%
[120.893s][info][gc,marking  ] GC(73) Mark: 2 stripe(s), 2 proactive flush(es), 1 terminate flush(es), 0 completion(s), 0 continuation(s) 
[120.893s][info][gc,marking  ] GC(73) Mark Stack Usage: 32M
[120.893s][info][gc,nmethod  ] GC(73) NMethods: 4616 registered, 0 unregistered
[120.893s][info][gc,metaspace] GC(73) Metaspace: 33M used, 33M committed, 1088M reserved
[120.893s][info][gc,ref      ] GC(73) Soft: 4016 encountered, 0 discovered, 0 enqueued
[120.893s][info][gc,ref      ] GC(73) Weak: 24380 encountered, 22698 discovered, 22666 enqueued
[120.893s][info][gc,ref      ] GC(73) Final: 7 encountered, 3 discovered, 0 enqueued
[120.893s][info][gc,ref      ] GC(73) Phantom: 714 encountered, 644 discovered, 0 enqueued
[120.893s][info][gc,reloc    ] GC(73) Small Pages: 1015 / 2030M, Empty: 1276M, Relocated: 12M, In-Place: 0
[120.893s][info][gc,reloc    ] GC(73) Medium Pages: 31 / 992M, Empty: 928M, Relocated: 16M, In-Place: 0
[120.893s][info][gc,reloc    ] GC(73) Large Pages: 286 / 1992M, Empty: 1992M, Relocated: 0M, In-Place: 0
[120.893s][info][gc,reloc    ] GC(73) Forwarding Usage: 3M
[120.893s][info][gc,heap     ] GC(73) Min Capacity: 8192M(100%)
[120.893s][info][gc,heap     ] GC(73) Max Capacity: 8192M(100%)
[120.893s][info][gc,heap     ] GC(73) Soft Max Capacity: 8192M(100%)
[120.893s][info][gc,heap     ] GC(73)                Mark Start          Mark End        Relocate Start      Relocate End           High               Low         
[120.893s][info][gc,heap     ] GC(73)  Capacity:     8192M (100%)       8192M (100%)       8192M (100%)       8192M (100%)       8192M (100%)       8192M (100%)   
[120.893s][info][gc,heap     ] GC(73)      Free:     3178M (39%)        3178M (39%)        7374M (90%)        8046M (98%)        8046M (98%)        3178M (39%)    
[120.893s][info][gc,heap     ] GC(73)      Used:     5014M (61%)        5014M (61%)         818M (10%)         146M (2%)         5014M (61%)         146M (2%)     
[120.893s][info][gc,heap     ] GC(73)      Live:         -               126M (2%)          126M (2%)          126M (2%)             -                  -          
[120.894s][info][gc,heap     ] GC(73) Allocated:         -                 0M (0%)            0M (0%)            0M (0%)             -                  -          
[120.894s][info][gc,heap     ] GC(73)   Garbage:         -              4887M (60%)         691M (8%)           19M (0%)             -                  -          
[120.894s][info][gc,heap     ] GC(73) Reclaimed:         -                  -              4196M (51%)        4868M (59%)            -                  -          
[120.894s][info][gc          ] GC(73) Garbage Collection (System.gc()) 5014M(61%)->146M(2%)
[121.630s][info][gc,start    ] GC(74) Garbage Collection (Allocation Rate)
[121.630s][info][gc,task     ] GC(74) Using 2 workers
[121.630s][info][gc,phases   ] GC(74) Pause Mark Start 0.008ms
[121.709s][info][gc,phases   ] GC(74) Concurrent Mark 78.230ms
[121.709s][info][gc,phases   ] GC(74) Pause Mark End 0.013ms
[121.709s][info][gc,phases   ] GC(74) Concurrent Mark Free 0.001ms
[121.714s][info][gc,phases   ] GC(74) Concurrent Process Non-Strong References 4.619ms
[121.714s][info][gc,phases   ] GC(74) Concurrent Reset Relocation Set 0.021ms
[121.717s][info][gc,phases   ] GC(74) Concurrent Select Relocation Set 3.165ms
[121.717s][info][gc,phases   ] GC(74) Pause Relocate Start 0.007ms
[121.717s][info][gc,phases   ] GC(74) Concurrent Relocate 0.205ms
[121.717s][info][gc,load     ] GC(74) Load: 0.00/0.00/0.00
[121.717s][info][gc,mmu      ] GC(74) MMU: 2ms/80.5%, 5ms/92.2%, 10ms/96.1%, 20ms/96.3%, 50ms/97.1%, 100ms/97.5%
[121.717s][info][gc,marking  ] GC(74) Mark: 2 stripe(s), 2 proactive flush(es), 1 terminate flush(es), 0 completion(s), 0 continuation(s) 
[121.717s][info][gc,marking  ] GC(74) Mark Stack Usage: 32M
[121.717s][info][gc,nmethod  ] GC(74) NMethods: 4617 registered, 0 unregistered
[121.717s][info][gc,metaspace] GC(74) Metaspace: 33M used, 33M committed, 1088M reserved
[121.717s][info][gc,ref      ] GC(74) Soft: 4016 encountered, 0 discovered, 0 enqueued
[121.718s][info][gc,ref      ] GC(74) Weak: 1732 encountered, 34 discovered, 0 enqueued
[121.718s][info][gc,ref      ] GC(74) Final: 7 encountered, 3 discovered, 0 enqueued
[121.718s][info][gc,ref      ] GC(74) Phantom: 714 encountered, 556 discovered, 0 enqueued
[121.718s][info][gc,reloc    ] GC(74) Small Pages: 2679 / 5358M, Empty: 5216M, Relocated: 0M, In-Place: 0
[121.718s][info][gc,reloc    ] GC(74) Medium Pages: 1 / 32M, Empty: 0M, Relocated: 0M, In-Place: 0
[121.718s][info][gc,reloc    ] GC(74) Large Pages: 0 / 0M, Empty: 0M, Relocated: 0M, In-Place: 0
[121.718s][info][gc,reloc    ] GC(74) Forwarding Usage: 0M
[121.718s][info][gc,heap     ] GC(74) Min Capacity: 8192M(100%)
[121.718s][info][gc,heap     ] GC(74) Max Capacity: 8192M(100%)
[121.718s][info][gc,heap     ] GC(74) Soft Max Capacity: 8192M(100%)
[121.718s][info][gc,heap     ] GC(74)                Mark Start          Mark End        Relocate Start      Relocate End           High               Low         
[121.718s][info][gc,heap     ] GC(74)  Capacity:     8192M (100%)       8192M (100%)       8192M (100%)       8192M (100%)       8192M (100%)       8192M (100%)   
[121.718s][info][gc,heap     ] GC(74)      Free:     2802M (34%)        2532M (31%)        7718M (94%)        7744M (95%)        7744M (95%)        2518M (31%)    
[121.718s][info][gc,heap     ] GC(74)      Used:     5390M (66%)        5660M (69%)         474M (6%)          448M (5%)         5674M (69%)         448M (5%)     
[121.718s][info][gc,heap     ] GC(74)      Live:         -               126M (2%)          126M (2%)          126M (2%)             -                  -          
[121.718s][info][gc,heap     ] GC(74) Allocated:         -               270M (3%)          300M (4%)          299M (4%)             -                  -          
[121.718s][info][gc,heap     ] GC(74)   Garbage:         -              5263M (64%)          47M (1%)           21M (0%)             -                  -          
[121.718s][info][gc,heap     ] GC(74) Reclaimed:         -                  -              5216M (64%)        5241M (64%)            -                  -          
[121.718s][info][gc          ] GC(74) Garbage Collection (Allocation Rate) 5390M(66%)->448M(5%)
[122.728s][info][gc,start    ] GC(75) Garbage Collection (Allocation Rate)
[122.728s][info][gc,task     ] GC(75) Using 1 workers
[122.728s][info][gc,phases   ] GC(75) Pause Mark Start 0.009ms
[122.839s][info][gc,phases   ] GC(75) Concurrent Mark 110.960ms
[122.840s][info][gc,phases   ] GC(75) Pause Mark End 0.012ms
[122.840s][info][gc,phases   ] GC(75) Concurrent Mark Free 0.001ms
[122.850s][info][gc,phases   ] GC(75) Concurrent Process Non-Strong References 9.907ms
[122.850s][info][gc,phases   ] GC(75) Concurrent Reset Relocation Set 0.002ms
[122.852s][info][gc,phases   ] GC(75) Concurrent Select Relocation Set 2.746ms
[122.852s][info][gc,phases   ] GC(75) Pause Relocate Start 0.008ms
[122.853s][info][gc,phases   ] GC(75) Concurrent Relocate 0.210ms
[122.853s][info][gc,load     ] GC(75) Load: 0.00/0.00/0.00
[122.853s][info][gc,mmu      ] GC(75) MMU: 2ms/80.5%, 5ms/92.2%, 10ms/96.1%, 20ms/96.3%, 50ms/97.1%, 100ms/97.5%
[122.853s][info][gc,marking  ] GC(75) Mark: 1 stripe(s), 2 proactive flush(es), 1 terminate flush(es), 0 completion(s), 0 continuation(s) 
[122.853s][info][gc,marking  ] GC(75) Mark Stack Usage: 32M
[122.853s][info][gc,nmethod  ] GC(75) NMethods: 4617 registered, 0 unregistered
[122.853s][info][gc,metaspace] GC(75) Metaspace: 33M used, 33M committed, 1088M reserved
[122.853s][info][gc,ref      ] GC(75) Soft: 4016 encountered, 0 discovered, 0 enqueued
[122.853s][info][gc,ref      ] GC(75) Weak: 1732 encountered, 1284 discovered, 0 enqueued
[122.853s][info][gc,ref      ] GC(75) Final: 7 encountered, 7 discovered, 0 enqueued
[122.853s][info][gc,ref      ] GC(75) Phantom: 714 encountered, 665 discovered, 0 enqueued
[122.853s][info][gc,reloc    ] GC(75) Small Pages: 3012 / 6024M, Empty: 5886M, Relocated: 0M, In-Place: 0
[122.853s][info][gc,reloc    ] GC(75) Medium Pages: 1 / 32M, Empty: 0M, Relocated: 0M, In-Place: 0
[122.853s][info][gc,reloc    ] GC(75) Large Pages: 0 / 0M, Empty: 0M, Relocated: 0M, In-Place: 0
[122.853s][info][gc,reloc    ] GC(75) Forwarding Usage: 0M
[122.853s][info][gc,heap     ] GC(75) Min Capacity: 8192M(100%)
[122.853s][info][gc,heap     ] GC(75) Max Capacity: 8192M(100%)
[122.853s][info][gc,heap     ] GC(75) Soft Max Capacity: 8192M(100%)
[122.853s][info][gc,heap     ] GC(75)                Mark Start          Mark End        Relocate Start      Relocate End           High               Low         
[122.853s][info][gc,heap     ] GC(75)  Capacity:     8192M (100%)       8192M (100%)       8192M (100%)       8192M (100%)       8192M (100%)       8192M (100%)   
[122.853s][info][gc,heap     ] GC(75)      Free:     2136M (26%)        1836M (22%)        7678M (94%)        7702M (94%)        7702M (94%)        1800M (22%)    
[122.853s][info][gc,heap     ] GC(75)      Used:     6056M (74%)        6356M (78%)         514M (6%)          490M (6%)         6392M (78%)         490M (6%)     
[122.853s][info][gc,heap     ] GC(75)      Live:         -               126M (2%)          126M (2%)          126M (2%)             -                  -          
[122.853s][info][gc,heap     ] GC(75) Allocated:         -               300M (4%)          344M (4%)          343M (4%)             -                  -          
[122.853s][info][gc,heap     ] GC(75)   Garbage:         -              5929M (72%)          43M (1%)           19M (0%)             -                  -          
[122.853s][info][gc,heap     ] GC(75) Reclaimed:         -                  -              5886M (72%)        5909M (72%)            -                  -          
[122.853s][info][gc          ] GC(75) Garbage Collection (Allocation Rate) 6056M(74%)->490M(6%)
[126.834s][info][gc,start    ] GC(76) Garbage Collection (Allocation Rate)
[126.834s][info][gc,task     ] GC(76) Using 1 workers
[126.834s][info][gc,phases   ] GC(76) Pause Mark Start 0.021ms
[126.991s][info][gc,phases   ] GC(76) Concurrent Mark 156.692ms
[126.991s][info][gc,phases   ] GC(76) Pause Mark End 0.105ms
[126.991s][info][gc,phases   ] GC(76) Concurrent Mark Free 0.001ms
[127.002s][info][gc,phases   ] GC(76) Concurrent Process Non-Strong References 10.738ms
[127.002s][info][gc,phases   ] GC(76) Concurrent Reset Relocation Set 0.002ms
[127.008s][info][gc,phases   ] GC(76) Concurrent Select Relocation Set 5.950ms
[127.008s][info][gc,phases   ] GC(76) Pause Relocate Start 0.012ms
[127.045s][info][gc,phases   ] GC(76) Concurrent Relocate 36.607ms
[127.045s][info][gc,load     ] GC(76) Load: 0.00/0.00/0.00
[127.045s][info][gc,mmu      ] GC(76) MMU: 2ms/80.5%, 5ms/92.2%, 10ms/96.1%, 20ms/96.3%, 50ms/97.1%, 100ms/97.5%
[127.045s][info][gc,marking  ] GC(76) Mark: 1 stripe(s), 4 proactive flush(es), 1 terminate flush(es), 1 completion(s), 0 continuation(s) 
[127.045s][info][gc,marking  ] GC(76) Mark Stack Usage: 32M
[127.045s][info][gc,nmethod  ] GC(76) NMethods: 4621 registered, 0 unregistered
[127.045s][info][gc,metaspace] GC(76) Metaspace: 33M used, 33M committed, 1088M reserved
[127.045s][info][gc,ref      ] GC(76) Soft: 4016 encountered, 0 discovered, 0 enqueued
[127.045s][info][gc,ref      ] GC(76) Weak: 24231 encountered, 20305 discovered, 5070 enqueued
[127.045s][info][gc,ref      ] GC(76) Final: 7 encountered, 7 discovered, 0 enqueued
[127.045s][info][gc,ref      ] GC(76) Phantom: 720 encountered, 671 discovered, 0 enqueued
[127.045s][info][gc,reloc    ] GC(76) Small Pages: 2689 / 5378M, Empty: 4590M, Relocated: 41M, In-Place: 0
[127.045s][info][gc,reloc    ] GC(76) Medium Pages: 25 / 800M, Empty: 768M, Relocated: 0M, In-Place: 0
[127.045s][info][gc,reloc    ] GC(76) Large Pages: 229 / 1594M, Empty: 1594M, Relocated: 0M, In-Place: 0
[127.045s][info][gc,reloc    ] GC(76) Forwarding Usage: 12M
[127.045s][info][gc,heap     ] GC(76) Min Capacity: 8192M(100%)
[127.045s][info][gc,heap     ] GC(76) Max Capacity: 8192M(100%)
[127.045s][info][gc,heap     ] GC(76) Soft Max Capacity: 8192M(100%)
[127.045s][info][gc,heap     ] GC(76)                Mark Start          Mark End        Relocate Start      Relocate End           High               Low         
[127.045s][info][gc,heap     ] GC(76)  Capacity:     8192M (100%)       8192M (100%)       8192M (100%)       8192M (100%)       8192M (100%)       8192M (100%)   
[127.045s][info][gc,heap     ] GC(76)      Free:      420M (5%)          274M (3%)         7214M (88%)        7804M (95%)        7806M (95%)         266M (3%)     
[127.045s][info][gc,heap     ] GC(76)      Used:     7772M (95%)        7918M (97%)         978M (12%)         388M (5%)         7926M (97%)         386M (5%)     
[127.045s][info][gc,heap     ] GC(76)      Live:         -               153M (2%)          153M (2%)          153M (2%)             -                  -          
[127.046s][info][gc,heap     ] GC(76) Allocated:         -               146M (2%)          158M (2%)          212M (3%)             -                  -          
[127.046s][info][gc,heap     ] GC(76)   Garbage:         -              7618M (93%)         666M (8%)           22M (0%)             -                  -          
[127.046s][info][gc,heap     ] GC(76) Reclaimed:         -                  -              6952M (85%)        7596M (93%)            -                  -          
[127.046s][info][gc          ] GC(76) Garbage Collection (Allocation Rate) 7772M(95%)->388M(5%)
[127.520s][info][gc,start    ] GC(77) Garbage Collection (System.gc())
[127.520s][info][gc,task     ] GC(77) Using 2 workers
[127.520s][info][gc,phases   ] GC(77) Pause Mark Start 0.007ms
[127.583s][info][gc,phases   ] GC(77) Concurrent Mark 63.171ms
[127.583s][info][gc,phases   ] GC(77) Pause Mark End 0.026ms
[127.583s][info][gc,phases   ] GC(77) Concurrent Mark Free 0.001ms
[127.590s][info][gc,phases   ] GC(77) Concurrent Process Non-Strong References 6.336ms
[127.590s][info][gc,phases   ] GC(77) Concurrent Reset Relocation Set 0.024ms
[127.592s][info][gc,phases   ] GC(77) Concurrent Select Relocation Set 2.249ms
[127.592s][info][gc,phases   ] GC(77) Pause Relocate Start 0.009ms
[127.599s][info][gc,phases   ] GC(77) Concurrent Relocate 6.848ms
[127.599s][info][gc,load     ] GC(77) Load: 0.00/0.00/0.00
[127.599s][info][gc,mmu      ] GC(77) MMU: 2ms/80.5%, 5ms/92.2%, 10ms/96.1%, 20ms/96.3%, 50ms/97.1%, 100ms/97.5%
[127.599s][info][gc,marking  ] GC(77) Mark: 2 stripe(s), 2 proactive flush(es), 1 terminate flush(es), 0 completion(s), 0 continuation(s) 
[127.599s][info][gc,marking  ] GC(77) Mark Stack Usage: 32M
[127.599s][info][gc,nmethod  ] GC(77) NMethods: 4624 registered, 0 unregistered
[127.599s][info][gc,metaspace] GC(77) Metaspace: 33M used, 33M committed, 1088M reserved
[127.599s][info][gc,ref      ] GC(77) Soft: 4016 encountered, 0 discovered, 0 enqueued
[127.599s][info][gc,ref      ] GC(77) Weak: 23523 encountered, 22796 discovered, 21809 enqueued
[127.599s][info][gc,ref      ] GC(77) Final: 7 encountered, 7 discovered, 0 enqueued
[127.600s][info][gc,ref      ] GC(77) Phantom: 714 encountered, 641 discovered, 0 enqueued
[127.600s][info][gc,reloc    ] GC(77) Small Pages: 251 / 502M, Empty: 76M, Relocated: 10M, In-Place: 0
[127.600s][info][gc,reloc    ] GC(77) Medium Pages: 6 / 192M, Empty: 128M, Relocated: 14M, In-Place: 0
[127.600s][info][gc,reloc    ] GC(77) Large Pages: 43 / 296M, Empty: 296M, Relocated: 0M, In-Place: 0
[127.600s][info][gc,reloc    ] GC(77) Forwarding Usage: 3M
[127.600s][info][gc,heap     ] GC(77) Min Capacity: 8192M(100%)
[127.600s][info][gc,heap     ] GC(77) Max Capacity: 8192M(100%)
[127.600s][info][gc,heap     ] GC(77) Soft Max Capacity: 8192M(100%)
[127.600s][info][gc,heap     ] GC(77)                Mark Start          Mark End        Relocate Start      Relocate End           High               Low         
[127.600s][info][gc,heap     ] GC(77)  Capacity:     8192M (100%)       8192M (100%)       8192M (100%)       8192M (100%)       8192M (100%)       8192M (100%)   
[127.600s][info][gc,heap     ] GC(77)      Free:     7202M (88%)        7202M (88%)        7702M (94%)        8046M (98%)        8046M (98%)        7202M (88%)    
[127.600s][info][gc,heap     ] GC(77)      Used:      990M (12%)         990M (12%)         490M (6%)          146M (2%)          990M (12%)         146M (2%)     
[127.600s][info][gc,heap     ] GC(77)      Live:         -               124M (2%)          124M (2%)          124M (2%)             -                  -          
[127.600s][info][gc,heap     ] GC(77) Allocated:         -                 0M (0%)            0M (0%)            0M (0%)             -                  -          
[127.600s][info][gc,heap     ] GC(77)   Garbage:         -               865M (11%)         365M (4%)           21M (0%)             -                  -          
[127.600s][info][gc,heap     ] GC(77) Reclaimed:         -                  -               500M (6%)          844M (10%)            -                  -          
[127.600s][info][gc          ] GC(77) Garbage Collection (System.gc()) 990M(12%)->146M(2%)
[128.321s][info][gc,start    ] GC(78) Garbage Collection (Allocation Rate)
[128.321s][info][gc,task     ] GC(78) Using 2 workers
[128.321s][info][gc,phases   ] GC(78) Pause Mark Start 0.007ms
[128.399s][info][gc,phases   ] GC(78) Concurrent Mark 78.199ms
[128.400s][info][gc,phases   ] GC(78) Pause Mark End 0.016ms
[128.400s][info][gc,phases   ] GC(78) Concurrent Mark Free 0.002ms
[128.405s][info][gc,phases   ] GC(78) Concurrent Process Non-Strong References 5.010ms
[128.405s][info][gc,phases   ] GC(78) Concurrent Reset Relocation Set 0.018ms
[128.408s][info][gc,phases   ] GC(78) Concurrent Select Relocation Set 3.232ms
[128.408s][info][gc,phases   ] GC(78) Pause Relocate Start 0.008ms
[128.409s][info][gc,phases   ] GC(78) Concurrent Relocate 0.490ms
[128.409s][info][gc,load     ] GC(78) Load: 0.00/0.00/0.00
[128.409s][info][gc,mmu      ] GC(78) MMU: 2ms/80.5%, 5ms/92.2%, 10ms/96.1%, 20ms/96.3%, 50ms/97.1%, 100ms/97.5%
[128.409s][info][gc,marking  ] GC(78) Mark: 2 stripe(s), 2 proactive flush(es), 1 terminate flush(es), 0 completion(s), 0 continuation(s) 
[128.409s][info][gc,marking  ] GC(78) Mark Stack Usage: 32M
[128.409s][info][gc,nmethod  ] GC(78) NMethods: 4629 registered, 0 unregistered
[128.409s][info][gc,metaspace] GC(78) Metaspace: 33M used, 33M committed, 1088M reserved
[128.409s][info][gc,ref      ] GC(78) Soft: 4016 encountered, 0 discovered, 0 enqueued
[128.409s][info][gc,ref      ] GC(78) Weak: 1732 encountered, 55 discovered, 0 enqueued
[128.409s][info][gc,ref      ] GC(78) Final: 7 encountered, 7 discovered, 0 enqueued
[128.409s][info][gc,ref      ] GC(78) Phantom: 714 encountered, 604 discovered, 0 enqueued
[128.409s][info][gc,reloc    ] GC(78) Small Pages: 2617 / 5234M, Empty: 5086M, Relocated: 0M, In-Place: 0
[128.409s][info][gc,reloc    ] GC(78) Medium Pages: 1 / 32M, Empty: 0M, Relocated: 0M, In-Place: 0
[128.409s][info][gc,reloc    ] GC(78) Large Pages: 0 / 0M, Empty: 0M, Relocated: 0M, In-Place: 0
[128.409s][info][gc,reloc    ] GC(78) Forwarding Usage: 0M
[128.409s][info][gc,heap     ] GC(78) Min Capacity: 8192M(100%)
[128.409s][info][gc,heap     ] GC(78) Max Capacity: 8192M(100%)
[128.409s][info][gc,heap     ] GC(78) Soft Max Capacity: 8192M(100%)
[128.409s][info][gc,heap     ] GC(78)                Mark Start          Mark End        Relocate Start      Relocate End           High               Low         
[128.409s][info][gc,heap     ] GC(78)  Capacity:     8192M (100%)       8192M (100%)       8192M (100%)       8192M (100%)       8192M (100%)       8192M (100%)   
[128.409s][info][gc,heap     ] GC(78)      Free:     2926M (36%)        2582M (32%)        7630M (93%)        7660M (94%)        7660M (94%)        2560M (31%)    
[128.409s][info][gc,heap     ] GC(78)      Used:     5266M (64%)        5610M (68%)         562M (7%)          532M (6%)         5632M (69%)         532M (6%)     
[128.409s][info][gc,heap     ] GC(78)      Live:         -               124M (2%)          124M (2%)          124M (2%)             -                  -          
[128.409s][info][gc,heap     ] GC(78) Allocated:         -               344M (4%)          382M (5%)          383M (5%)             -                  -          
[128.409s][info][gc,heap     ] GC(78)   Garbage:         -              5141M (63%)          55M (1%)           23M (0%)             -                  -          
[128.409s][info][gc,heap     ] GC(78) Reclaimed:         -                  -              5086M (62%)        5117M (62%)            -                  -          
[128.409s][info][gc          ] GC(78) Garbage Collection (Allocation Rate) 5266M(64%)->532M(6%)
[129.434s][info][gc,start    ] GC(79) Garbage Collection (Allocation Rate)
[129.434s][info][gc,task     ] GC(79) Using 1 workers
[129.434s][info][gc,phases   ] GC(79) Pause Mark Start 0.007ms
[129.560s][info][gc,phases   ] GC(79) Concurrent Mark 125.382ms
[129.560s][info][gc,phases   ] GC(79) Pause Mark End 0.011ms
[129.560s][info][gc,phases   ] GC(79) Concurrent Mark Free 0.001ms
[129.591s][info][gc,phases   ] GC(79) Concurrent Process Non-Strong References 31.000ms
[129.591s][info][gc,phases   ] GC(79) Concurrent Reset Relocation Set 0.002ms
[129.594s][info][gc,phases   ] GC(79) Concurrent Select Relocation Set 2.603ms
[129.594s][info][gc,phases   ] GC(79) Pause Relocate Start 0.007ms
[129.595s][info][gc,phases   ] GC(79) Concurrent Relocate 0.554ms
[129.595s][info][gc,load     ] GC(79) Load: 0.00/0.00/0.00
[129.595s][info][gc,mmu      ] GC(79) MMU: 2ms/80.5%, 5ms/92.2%, 10ms/96.1%, 20ms/96.3%, 50ms/97.1%, 100ms/97.5%
[129.595s][info][gc,marking  ] GC(79) Mark: 1 stripe(s), 2 proactive flush(es), 1 terminate flush(es), 0 completion(s), 0 continuation(s) 
[129.595s][info][gc,marking  ] GC(79) Mark Stack Usage: 32M
[129.595s][info][gc,nmethod  ] GC(79) NMethods: 4629 registered, 0 unregistered
[129.595s][info][gc,metaspace] GC(79) Metaspace: 33M used, 33M committed, 1088M reserved
[129.595s][info][gc,ref      ] GC(79) Soft: 4016 encountered, 0 discovered, 0 enqueued
[129.595s][info][gc,ref      ] GC(79) Weak: 1732 encountered, 1284 discovered, 0 enqueued
[129.595s][info][gc,ref      ] GC(79) Final: 7 encountered, 7 discovered, 0 enqueued
[129.595s][info][gc,ref      ] GC(79) Phantom: 714 encountered, 665 discovered, 0 enqueued
[129.595s][info][gc,reloc    ] GC(79) Small Pages: 3108 / 6216M, Empty: 6076M, Relocated: 0M, In-Place: 0
[129.595s][info][gc,reloc    ] GC(79) Medium Pages: 1 / 32M, Empty: 0M, Relocated: 0M, In-Place: 0
[129.595s][info][gc,reloc    ] GC(79) Large Pages: 0 / 0M, Empty: 0M, Relocated: 0M, In-Place: 0
[129.595s][info][gc,reloc    ] GC(79) Forwarding Usage: 0M
[129.595s][info][gc,heap     ] GC(79) Min Capacity: 8192M(100%)
[129.595s][info][gc,heap     ] GC(79) Max Capacity: 8192M(100%)
[129.595s][info][gc,heap     ] GC(79) Soft Max Capacity: 8192M(100%)
[129.595s][info][gc,heap     ] GC(79)                Mark Start          Mark End        Relocate Start      Relocate End           High               Low         
[129.595s][info][gc,heap     ] GC(79)  Capacity:     8192M (100%)       8192M (100%)       8192M (100%)       8192M (100%)       8192M (100%)       8192M (100%)   
[129.595s][info][gc,heap     ] GC(79)      Free:     1944M (24%)        1566M (19%)        7610M (93%)        7632M (93%)        7632M (93%)        1546M (19%)    
[129.595s][info][gc,heap     ] GC(79)      Used:     6248M (76%)        6626M (81%)         582M (7%)          560M (7%)         6646M (81%)         560M (7%)     
[129.595s][info][gc,heap     ] GC(79)      Live:         -               124M (2%)          124M (2%)          124M (2%)             -                  -          
[129.595s][info][gc,heap     ] GC(79) Allocated:         -               378M (5%)          410M (5%)          413M (5%)             -                  -          
[129.595s][info][gc,heap     ] GC(79)   Garbage:         -              6123M (75%)          47M (1%)           21M (0%)             -                  -          
[129.595s][info][gc,heap     ] GC(79) Reclaimed:         -                  -              6076M (74%)        6101M (74%)            -                  -          
[129.595s][info][gc          ] GC(79) Garbage Collection (Allocation Rate) 6248M(76%)->560M(7%)
[130.324s][info][gc,stats    ] === Garbage Collection Statistics =======================================================================================================================
[130.324s][info][gc,stats    ]                                                              Last 10s              Last 10m              Last 10h                Total
[130.324s][info][gc,stats    ]                                                              Avg / Max             Avg / Max             Avg / Max             Avg / Max
[130.324s][info][gc,stats    ]   Collector: Garbage Collection Cycle                    117.673 / 211.052     125.625 / 379.439     125.625 / 379.439     125.625 / 379.439     ms
[130.324s][info][gc,stats    ]  Contention: Mark Segment Reset Contention                     0 / 2                 0 / 26                0 / 26                0 / 26          ops/s
[130.324s][info][gc,stats    ]  Contention: Mark SeqNum Reset Contention                      0 / 0                 0 / 1                 0 / 1                 0 / 1           ops/s
[130.324s][info][gc,stats    ]    Critical: Allocation Stall                                  0 / 0                 0 / 0                 0 / 0                 0 / 0           ops/s
[130.324s][info][gc,stats    ]    Critical: Allocation Stall                              0.000 / 0.000         0.000 / 0.000         0.000 / 0.000         0.000 / 0.000       ms
[130.324s][info][gc,stats    ]    Critical: GC Locker Stall                                   0 / 0                 0 / 0                 0 / 0                 0 / 0           ops/s
[130.324s][info][gc,stats    ]    Critical: GC Locker Stall                               0.000 / 0.000         0.000 / 0.000         0.000 / 0.000         0.000 / 0.000       ms
[130.324s][info][gc,stats    ]    Critical: Relocation Stall                                  0 / 0                 0 / 0                 0 / 0                 0 / 0           ops/s
[130.324s][info][gc,stats    ]    Critical: Relocation Stall                              0.000 / 0.000         0.000 / 0.000         0.000 / 0.000         0.000 / 0.000       ms
[130.324s][info][gc,stats    ]      Memory: Allocation Rate                                3499 / 5814           2760 / 6636           2760 / 6636           2760 / 6636        MB/s
[130.324s][info][gc,stats    ]      Memory: Out Of Memory                                     0 / 0                 0 / 0                 0 / 0                 0 / 0           ops/s
[130.324s][info][gc,stats    ]      Memory: Page Cache Flush                                100 / 420              91 / 664              91 / 664              91 / 664         MB/s
[130.324s][info][gc,stats    ]      Memory: Page Cache Hit L1                              1542 / 2754           1166 / 3321           1166 / 3321           1166 / 3321        ops/s
[130.324s][info][gc,stats    ]      Memory: Page Cache Hit L2                                 0 / 0                 0 / 0                 0 / 0                 0 / 0           ops/s
[130.324s][info][gc,stats    ]      Memory: Page Cache Hit L3                                78 / 328              61 / 635              61 / 635              61 / 635         ops/s
[130.324s][info][gc,stats    ]      Memory: Page Cache Miss                                  10 / 46                9 / 70                9 / 70                9 / 70          ops/s
[130.324s][info][gc,stats    ]      Memory: Uncommit                                          0 / 0                 0 / 0                 0 / 0                 0 / 0           MB/s
[130.324s][info][gc,stats    ]      Memory: Undo Object Allocation Failed                     0 / 0                 0 / 1                 0 / 1                 0 / 1           ops/s
[130.324s][info][gc,stats    ]      Memory: Undo Object Allocation Succeeded                  0 / 3                 0 / 94                0 / 94                0 / 94          ops/s
[130.324s][info][gc,stats    ]      Memory: Undo Page Allocation                              1 / 6                 0 / 8                 0 / 8                 0 / 8           ops/s
[130.324s][info][gc,stats    ]       Phase: Concurrent Mark                              95.529 / 156.692      97.904 / 190.432      97.904 / 190.432      97.904 / 190.432     ms
[130.324s][info][gc,stats    ]       Phase: Concurrent Mark Continue                      0.000 / 0.000        15.048 / 15.380       15.048 / 15.380       15.048 / 15.380      ms
[130.324s][info][gc,stats    ]       Phase: Concurrent Mark Free                          0.001 / 0.002         0.001 / 0.004         0.001 / 0.004         0.001 / 0.004       ms
[130.324s][info][gc,stats    ]       Phase: Concurrent Process Non-Strong References     10.467 / 31.000        7.691 / 31.000        7.691 / 31.000        7.691 / 31.000      ms
[130.324s][info][gc,stats    ]       Phase: Concurrent Relocate                           7.542 / 36.607        9.858 / 76.380        9.858 / 76.380        9.858 / 76.380      ms
[130.324s][info][gc,stats    ]       Phase: Concurrent Reset Relocation Set               0.012 / 0.024         0.010 / 0.049         0.010 / 0.049         0.010 / 0.049       ms
[130.324s][info][gc,stats    ]       Phase: Concurrent Select Relocation Set              3.208 / 5.950         3.556 / 8.915         3.556 / 8.915         3.556 / 8.915       ms
[130.324s][info][gc,stats    ]       Phase: Pause Mark End                                0.030 / 0.105         0.079 / 0.390         0.079 / 0.390         0.079 / 0.390       ms
[130.324s][info][gc,stats    ]       Phase: Pause Mark Start                              0.010 / 0.021         0.009 / 0.021         0.009 / 0.021         0.009 / 0.021       ms
[130.324s][info][gc,stats    ]       Phase: Pause Relocate Start                          0.009 / 0.012         0.010 / 0.024         0.010 / 0.024         0.010 / 0.024       ms
[130.324s][info][gc,stats    ]    Subphase: Concurrent Classes Purge                      0.251 / 0.354         0.230 / 0.437         0.230 / 0.437         0.230 / 0.437       ms
[130.324s][info][gc,stats    ]    Subphase: Concurrent Classes Unlink                     5.789 / 8.800         5.562 / 23.760        5.562 / 23.760        5.562 / 23.760      ms
[130.324s][info][gc,stats    ]    Subphase: Concurrent Mark                              82.738 / 155.900      69.175 / 189.582      69.175 / 189.582      69.175 / 189.582     ms
[130.324s][info][gc,stats    ]    Subphase: Concurrent Mark Try Flush                     0.594 / 12.170        0.569 / 30.486        0.569 / 30.486        0.569 / 30.486      ms
[130.324s][info][gc,stats    ]    Subphase: Concurrent Mark Try Terminate                 1.816 / 9.923         3.113 / 16.519        3.113 / 16.519        3.113 / 16.519      ms
[130.324s][info][gc,stats    ]    Subphase: Concurrent References Enqueue                 0.003 / 0.008         0.003 / 0.008         0.003 / 0.008         0.003 / 0.008       ms
[130.324s][info][gc,stats    ]    Subphase: Concurrent References Process                 0.944 / 2.441         0.945 / 3.217         0.945 / 3.217         0.945 / 3.217       ms
[130.324s][info][gc,stats    ]    Subphase: Concurrent Roots ClassLoaderDataGraph         0.091 / 0.165         0.113 / 0.537         0.113 / 0.537         0.113 / 0.537       ms
[130.324s][info][gc,stats    ]    Subphase: Concurrent Roots CodeCache                    0.000 / 0.000         0.000 / 0.000         0.000 / 0.000         0.000 / 0.000       ms
[130.324s][info][gc,stats    ]    Subphase: Concurrent Roots JavaThreads                  0.300 / 0.478         0.360 / 1.258         0.360 / 1.258         0.360 / 1.258       ms
[130.324s][info][gc,stats    ]    Subphase: Concurrent Roots OopStorageSet                0.029 / 0.050         0.031 / 0.124         0.031 / 0.124         0.031 / 0.124       ms
[130.324s][info][gc,stats    ]    Subphase: Concurrent Weak Roots OopStorageSet           0.251 / 0.370         0.321 / 1.123         0.321 / 1.123         0.321 / 1.123       ms
[130.324s][info][gc,stats    ]    Subphase: Pause Mark Try Complete                       0.049 / 0.049         0.180 / 0.301         0.180 / 0.301         0.180 / 0.301       ms
[130.324s][info][gc,stats    ]      System: Java Threads                                     19 / 21               18 / 22               18 / 22               18 / 22          threads
[130.324s][info][gc,stats    ] =========================================================================================================================================================
[133.727s][info][gc,start    ] GC(80) Garbage Collection (Allocation Rate)
[133.727s][info][gc,task     ] GC(80) Using 1 workers
[133.727s][info][gc,phases   ] GC(80) Pause Mark Start 0.011ms
[133.878s][info][gc,phases   ] GC(80) Concurrent Mark 150.915ms
[133.878s][info][gc,phases   ] GC(80) Pause Mark End 0.017ms
[133.878s][info][gc,phases   ] GC(80) Concurrent Mark Free 0.001ms
[133.889s][info][gc,phases   ] GC(80) Concurrent Process Non-Strong References 10.450ms
[133.889s][info][gc,phases   ] GC(80) Concurrent Reset Relocation Set 0.002ms
[133.894s][info][gc,phases   ] GC(80) Concurrent Select Relocation Set 5.172ms
[133.894s][info][gc,phases   ] GC(80) Pause Relocate Start 0.011ms
[133.929s][info][gc,phases   ] GC(80) Concurrent Relocate 35.081ms
[133.929s][info][gc,load     ] GC(80) Load: 0.00/0.00/0.00
[133.929s][info][gc,mmu      ] GC(80) MMU: 2ms/80.5%, 5ms/92.2%, 10ms/96.1%, 20ms/96.3%, 50ms/97.1%, 100ms/97.5%
[133.929s][info][gc,marking  ] GC(80) Mark: 1 stripe(s), 2 proactive flush(es), 1 terminate flush(es), 0 completion(s), 0 continuation(s) 
[133.929s][info][gc,marking  ] GC(80) Mark Stack Usage: 32M
[133.929s][info][gc,nmethod  ] GC(80) NMethods: 4630 registered, 0 unregistered
[133.929s][info][gc,metaspace] GC(80) Metaspace: 33M used, 33M committed, 1088M reserved
[133.929s][info][gc,ref      ] GC(80) Soft: 4016 encountered, 0 discovered, 0 enqueued
[133.929s][info][gc,ref      ] GC(80) Weak: 20193 encountered, 16899 discovered, 4934 enqueued
[133.929s][info][gc,ref      ] GC(80) Final: 7 encountered, 7 discovered, 0 enqueued
[133.929s][info][gc,ref      ] GC(80) Phantom: 720 encountered, 671 discovered, 0 enqueued
[133.929s][info][gc,reloc    ] GC(80) Small Pages: 2665 / 5330M, Empty: 4554M, Relocated: 36M, In-Place: 0
[133.929s][info][gc,reloc    ] GC(80) Medium Pages: 25 / 800M, Empty: 768M, Relocated: 0M, In-Place: 0
[133.929s][info][gc,reloc    ] GC(80) Large Pages: 235 / 1642M, Empty: 1642M, Relocated: 0M, In-Place: 0
[133.929s][info][gc,reloc    ] GC(80) Forwarding Usage: 11M
[133.929s][info][gc,heap     ] GC(80) Min Capacity: 8192M(100%)
[133.930s][info][gc,heap     ] GC(80) Max Capacity: 8192M(100%)
[133.930s][info][gc,heap     ] GC(80) Soft Max Capacity: 8192M(100%)
[133.930s][info][gc,heap     ] GC(80)                Mark Start          Mark End        Relocate Start      Relocate End           High               Low         
[133.930s][info][gc,heap     ] GC(80)  Capacity:     8192M (100%)       8192M (100%)       8192M (100%)       8192M (100%)       8192M (100%)       8192M (100%)   
[133.930s][info][gc,heap     ] GC(80)      Free:      420M (5%)          260M (3%)         7222M (88%)        7794M (95%)        7826M (96%)         260M (3%)     
[133.930s][info][gc,heap     ] GC(80)      Used:     7772M (95%)        7932M (97%)         970M (12%)         398M (5%)         7932M (97%)         366M (4%)     
[133.930s][info][gc,heap     ] GC(80)      Live:         -               149M (2%)          149M (2%)          149M (2%)             -                  -          
[133.930s][info][gc,heap     ] GC(80) Allocated:         -               160M (2%)          162M (2%)          226M (3%)             -                  -          
[133.930s][info][gc,heap     ] GC(80)   Garbage:         -              7622M (93%)         658M (8%)           21M (0%)             -                  -          
[133.930s][info][gc,heap     ] GC(80) Reclaimed:         -                  -              6964M (85%)        7600M (93%)            -                  -          
[133.930s][info][gc          ] GC(80) Garbage Collection (Allocation Rate) 7772M(95%)->398M(5%)
[134.715s][info][gc,start    ] GC(81) Garbage Collection (System.gc())
[134.715s][info][gc,task     ] GC(81) Using 2 workers
[134.715s][info][gc,phases   ] GC(81) Pause Mark Start 0.007ms
[134.782s][info][gc,phases   ] GC(81) Concurrent Mark 67.084ms
[134.782s][info][gc,phases   ] GC(81) Pause Mark End 0.022ms
[134.782s][info][gc,phases   ] GC(81) Concurrent Mark Free 0.001ms
[134.788s][info][gc,phases   ] GC(81) Concurrent Process Non-Strong References 5.802ms
[134.788s][info][gc,phases   ] GC(81) Concurrent Reset Relocation Set 0.024ms
[134.790s][info][gc,phases   ] GC(81) Concurrent Select Relocation Set 2.145ms
[134.790s][info][gc,phases   ] GC(81) Pause Relocate Start 0.010ms
[134.797s][info][gc,phases   ] GC(81) Concurrent Relocate 6.920ms
[134.798s][info][gc,load     ] GC(81) Load: 0.00/0.00/0.00
[134.798s][info][gc,mmu      ] GC(81) MMU: 2ms/80.5%, 5ms/92.2%, 10ms/96.1%, 20ms/96.3%, 50ms/97.1%, 100ms/97.5%
[134.798s][info][gc,marking  ] GC(81) Mark: 2 stripe(s), 1 proactive flush(es), 1 terminate flush(es), 0 completion(s), 0 continuation(s) 
[134.798s][info][gc,marking  ] GC(81) Mark Stack Usage: 32M
[134.798s][info][gc,nmethod  ] GC(81) NMethods: 4637 registered, 0 unregistered
[134.798s][info][gc,metaspace] GC(81) Metaspace: 33M used, 33M committed, 1088M reserved
[134.798s][info][gc,ref      ] GC(81) Soft: 4016 encountered, 0 discovered, 0 enqueued
[134.798s][info][gc,ref      ] GC(81) Weak: 23707 encountered, 22890 discovered, 21993 enqueued
[134.798s][info][gc,ref      ] GC(81) Final: 7 encountered, 7 discovered, 0 enqueued
[134.798s][info][gc,ref      ] GC(81) Phantom: 714 encountered, 649 discovered, 0 enqueued
[134.798s][info][gc,reloc    ] GC(81) Small Pages: 322 / 644M, Empty: 160M, Relocated: 9M, In-Place: 0
[134.798s][info][gc,reloc    ] GC(81) Medium Pages: 8 / 256M, Empty: 192M, Relocated: 16M, In-Place: 0
[134.798s][info][gc,reloc    ] GC(81) Large Pages: 64 / 444M, Empty: 444M, Relocated: 0M, In-Place: 0
[134.798s][info][gc,reloc    ] GC(81) Forwarding Usage: 2M
[134.798s][info][gc,heap     ] GC(81) Min Capacity: 8192M(100%)
[134.798s][info][gc,heap     ] GC(81) Max Capacity: 8192M(100%)
[134.798s][info][gc,heap     ] GC(81) Soft Max Capacity: 8192M(100%)
[134.798s][info][gc,heap     ] GC(81)                Mark Start          Mark End        Relocate Start      Relocate End           High               Low         
[134.798s][info][gc,heap     ] GC(81)  Capacity:     8192M (100%)       8192M (100%)       8192M (100%)       8192M (100%)       8192M (100%)       8192M (100%)   
[134.798s][info][gc,heap     ] GC(81)      Free:     6848M (84%)        6848M (84%)        7644M (93%)        8046M (98%)        8046M (98%)        6848M (84%)    
[134.798s][info][gc,heap     ] GC(81)      Used:     1344M (16%)        1344M (16%)         548M (7%)          146M (2%)         1344M (16%)         146M (2%)     
[134.798s][info][gc,heap     ] GC(81)      Live:         -               126M (2%)          126M (2%)          126M (2%)             -                  -          
[134.798s][info][gc,heap     ] GC(81) Allocated:         -                 0M (0%)            0M (0%)            0M (0%)             -                  -          
[134.798s][info][gc,heap     ] GC(81)   Garbage:         -              1217M (15%)         421M (5%)           19M (0%)             -                  -          
[134.798s][info][gc,heap     ] GC(81) Reclaimed:         -                  -               796M (10%)        1198M (15%)            -                  -          
[134.798s][info][gc          ] GC(81) Garbage Collection (System.gc()) 1344M(16%)->146M(2%)
[135.426s][info][gc,start    ] GC(82) Garbage Collection (Allocation Rate)
[135.426s][info][gc,task     ] GC(82) Using 2 workers
[135.426s][info][gc,phases   ] GC(82) Pause Mark Start 0.011ms
[135.520s][info][gc,phases   ] GC(82) Concurrent Mark 78.477ms
[135.520s][info][gc,phases   ] GC(82) Pause Mark End 0.018ms
[135.520s][info][gc,phases   ] GC(82) Concurrent Mark Free 0.001ms
[135.525s][info][gc,phases   ] GC(82) Concurrent Process Non-Strong References 4.570ms
[135.525s][info][gc,phases   ] GC(82) Concurrent Reset Relocation Set 0.015ms
[135.528s][info][gc,phases   ] GC(82) Concurrent Select Relocation Set 2.650ms
[135.528s][info][gc,phases   ] GC(82) Pause Relocate Start 0.010ms
[135.528s][info][gc,phases   ] GC(82) Concurrent Relocate 0.426ms
[135.528s][info][gc,load     ] GC(82) Load: 0.00/0.00/0.00
[135.528s][info][gc,mmu      ] GC(82) MMU: 2ms/80.5%, 5ms/92.2%, 10ms/96.1%, 20ms/96.3%, 50ms/97.1%, 100ms/97.5%
[135.528s][info][gc,marking  ] GC(82) Mark: 2 stripe(s), 2 proactive flush(es), 1 terminate flush(es), 0 completion(s), 0 continuation(s) 
[135.528s][info][gc,marking  ] GC(82) Mark Stack Usage: 32M
[135.528s][info][gc,nmethod  ] GC(82) NMethods: 4640 registered, 0 unregistered
[135.528s][info][gc,metaspace] GC(82) Metaspace: 33M used, 33M committed, 1088M reserved
[135.528s][info][gc,ref      ] GC(82) Soft: 4016 encountered, 0 discovered, 0 enqueued
[135.528s][info][gc,ref      ] GC(82) Weak: 1732 encountered, 64 discovered, 0 enqueued
[135.528s][info][gc,ref      ] GC(82) Final: 7 encountered, 7 discovered, 0 enqueued
[135.528s][info][gc,ref      ] GC(82) Phantom: 714 encountered, 646 discovered, 0 enqueued
[135.528s][info][gc,reloc    ] GC(82) Small Pages: 2353 / 4706M, Empty: 4568M, Relocated: 0M, In-Place: 0
[135.528s][info][gc,reloc    ] GC(82) Medium Pages: 1 / 32M, Empty: 0M, Relocated: 0M, In-Place: 0
[135.528s][info][gc,reloc    ] GC(82) Large Pages: 0 / 0M, Empty: 0M, Relocated: 0M, In-Place: 0
[135.528s][info][gc,reloc    ] GC(82) Forwarding Usage: 0M
[135.528s][info][gc,heap     ] GC(82) Min Capacity: 8192M(100%)
[135.528s][info][gc,heap     ] GC(82) Max Capacity: 8192M(100%)
[135.528s][info][gc,heap     ] GC(82) Soft Max Capacity: 8192M(100%)
[135.528s][info][gc,heap     ] GC(82)                Mark Start          Mark End        Relocate Start      Relocate End           High               Low         
[135.528s][info][gc,heap     ] GC(82)  Capacity:     8192M (100%)       8192M (100%)       8192M (100%)       8192M (100%)       8192M (100%)       8192M (100%)   
[135.528s][info][gc,heap     ] GC(82)      Free:     3454M (42%)        2974M (36%)        7526M (92%)        7546M (92%)        7546M (92%)        2962M (36%)    
[135.528s][info][gc,heap     ] GC(82)      Used:     4738M (58%)        5218M (64%)         666M (8%)          646M (8%)         5230M (64%)         646M (8%)     
[135.528s][info][gc,heap     ] GC(82)      Live:         -               126M (2%)          126M (2%)          126M (2%)             -                  -          
[135.529s][info][gc,heap     ] GC(82) Allocated:         -               480M (6%)          496M (6%)          497M (6%)             -                  -          
[135.529s][info][gc,heap     ] GC(82)   Garbage:         -              4611M (56%)          43M (1%)           21M (0%)             -                  -          
[135.529s][info][gc,heap     ] GC(82) Reclaimed:         -                  -              4568M (56%)        4589M (56%)            -                  -          
[135.529s][info][gc          ] GC(82) Garbage Collection (Allocation Rate) 4738M(58%)->646M(8%)
[136.431s][info][gc,start    ] GC(83) Garbage Collection (Allocation Rate)
[136.431s][info][gc,task     ] GC(83) Using 1 workers
[136.431s][info][gc,phases   ] GC(83) Pause Mark Start 0.009ms
[136.547s][info][gc,phases   ] GC(83) Concurrent Mark 116.368ms
[136.548s][info][gc,phases   ] GC(83) Pause Mark End 0.010ms
[136.548s][info][gc,phases   ] GC(83) Concurrent Mark Free 0.001ms
[136.572s][info][gc,phases   ] GC(83) Concurrent Process Non-Strong References 24.840ms
[136.572s][info][gc,phases   ] GC(83) Concurrent Reset Relocation Set 0.001ms
[136.575s][info][gc,phases   ] GC(83) Concurrent Select Relocation Set 2.768ms
[136.575s][info][gc,phases   ] GC(83) Pause Relocate Start 0.007ms
[136.576s][info][gc,phases   ] GC(83) Concurrent Relocate 0.383ms
[136.576s][info][gc,load     ] GC(83) Load: 0.00/0.00/0.00
[136.576s][info][gc,mmu      ] GC(83) MMU: 2ms/80.5%, 5ms/92.2%, 10ms/96.1%, 20ms/96.3%, 50ms/97.1%, 100ms/97.5%
[136.576s][info][gc,marking  ] GC(83) Mark: 1 stripe(s), 2 proactive flush(es), 1 terminate flush(es), 0 completion(s), 0 continuation(s) 
[136.576s][info][gc,marking  ] GC(83) Mark Stack Usage: 32M
[136.576s][info][gc,nmethod  ] GC(83) NMethods: 4640 registered, 0 unregistered
[136.576s][info][gc,metaspace] GC(83) Metaspace: 33M used, 33M committed, 1088M reserved
[136.576s][info][gc,ref      ] GC(83) Soft: 4016 encountered, 0 discovered, 0 enqueued
[136.576s][info][gc,ref      ] GC(83) Weak: 1732 encountered, 1284 discovered, 0 enqueued
[136.576s][info][gc,ref      ] GC(83) Final: 7 encountered, 7 discovered, 0 enqueued
[136.576s][info][gc,ref      ] GC(83) Phantom: 714 encountered, 665 discovered, 0 enqueued
[136.576s][info][gc,reloc    ] GC(83) Small Pages: 2859 / 5718M, Empty: 5576M, Relocated: 0M, In-Place: 0
[136.576s][info][gc,reloc    ] GC(83) Medium Pages: 1 / 32M, Empty: 0M, Relocated: 0M, In-Place: 0
[136.576s][info][gc,reloc    ] GC(83) Large Pages: 0 / 0M, Empty: 0M, Relocated: 0M, In-Place: 0
[136.576s][info][gc,reloc    ] GC(83) Forwarding Usage: 0M
[136.576s][info][gc,heap     ] GC(83) Min Capacity: 8192M(100%)
[136.576s][info][gc,heap     ] GC(83) Max Capacity: 8192M(100%)
[136.576s][info][gc,heap     ] GC(83) Soft Max Capacity: 8192M(100%)
[136.576s][info][gc,heap     ] GC(83)                Mark Start          Mark End        Relocate Start      Relocate End           High               Low         
[136.576s][info][gc,heap     ] GC(83)  Capacity:     8192M (100%)       8192M (100%)       8192M (100%)       8192M (100%)       8192M (100%)       8192M (100%)   
[136.576s][info][gc,heap     ] GC(83)      Free:     2442M (30%)        2048M (25%)        7550M (92%)        7578M (93%)        7578M (93%)        1988M (24%)    
[136.576s][info][gc,heap     ] GC(83)      Used:     5750M (70%)        6144M (75%)         642M (8%)          614M (7%)         6204M (76%)         614M (7%)     
[136.576s][info][gc,heap     ] GC(83)      Live:         -               126M (2%)          126M (2%)          126M (2%)             -                  -          
[136.576s][info][gc,heap     ] GC(83) Allocated:         -               394M (5%)          468M (6%)          467M (6%)             -                  -          
[136.576s][info][gc,heap     ] GC(83)   Garbage:         -              5623M (69%)          47M (1%)           19M (0%)             -                  -          
[136.576s][info][gc,heap     ] GC(83) Reclaimed:         -                  -              5576M (68%)        5603M (68%)            -                  -          
[136.576s][info][gc          ] GC(83) Garbage Collection (Allocation Rate) 5750M(70%)->614M(7%)
[137.925s][info][gc,start    ] GC(84) Garbage Collection (Allocation Rate)
[137.925s][info][gc,task     ] GC(84) Using 1 workers
[137.925s][info][gc,phases   ] GC(84) Pause Mark Start 0.009ms
[138.065s][info][gc,phases   ] GC(84) Concurrent Mark 140.107ms
[138.065s][info][gc,phases   ] GC(84) Pause Mark End 0.014ms
[138.065s][info][gc,phases   ] GC(84) Concurrent Mark Free 0.000ms
[138.077s][info][gc,phases   ] GC(84) Concurrent Process Non-Strong References 11.371ms
[138.077s][info][gc,phases   ] GC(84) Concurrent Reset Relocation Set 0.001ms
[138.083s][info][gc,phases   ] GC(84) Concurrent Select Relocation Set 5.998ms
[138.083s][info][gc,phases   ] GC(84) Pause Relocate Start 0.022ms
[138.121s][info][gc,phases   ] GC(84) Concurrent Relocate 37.710ms
[138.121s][info][gc,load     ] GC(84) Load: 0.00/0.00/0.00
[138.121s][info][gc,mmu      ] GC(84) MMU: 2ms/80.5%, 5ms/92.2%, 10ms/96.1%, 20ms/96.3%, 50ms/97.1%, 100ms/97.5%
[138.121s][info][gc,marking  ] GC(84) Mark: 1 stripe(s), 3 proactive flush(es), 1 terminate flush(es), 0 completion(s), 0 continuation(s) 
[138.121s][info][gc,marking  ] GC(84) Mark Stack Usage: 32M
[138.121s][info][gc,nmethod  ] GC(84) NMethods: 4643 registered, 0 unregistered
[138.121s][info][gc,metaspace] GC(84) Metaspace: 33M used, 33M committed, 1088M reserved
[138.121s][info][gc,ref      ] GC(84) Soft: 4016 encountered, 0 discovered, 0 enqueued
[138.121s][info][gc,ref      ] GC(84) Weak: 21917 encountered, 17547 discovered, 1200 enqueued
[138.121s][info][gc,ref      ] GC(84) Final: 7 encountered, 7 discovered, 0 enqueued
[138.121s][info][gc,ref      ] GC(84) Phantom: 720 encountered, 671 discovered, 0 enqueued
[138.121s][info][gc,reloc    ] GC(84) Small Pages: 2504 / 5008M, Empty: 4624M, Relocated: 40M, In-Place: 0
[138.121s][info][gc,reloc    ] GC(84) Medium Pages: 5 / 160M, Empty: 128M, Relocated: 0M, In-Place: 0
[138.121s][info][gc,reloc    ] GC(84) Large Pages: 33 / 230M, Empty: 230M, Relocated: 0M, In-Place: 0
[138.121s][info][gc,reloc    ] GC(84) Forwarding Usage: 12M
[138.121s][info][gc,heap     ] GC(84) Min Capacity: 8192M(100%)
[138.121s][info][gc,heap     ] GC(84) Max Capacity: 8192M(100%)
[138.121s][info][gc,heap     ] GC(84) Soft Max Capacity: 8192M(100%)
[138.121s][info][gc,heap     ] GC(84)                Mark Start          Mark End        Relocate Start      Relocate End           High               Low         
[138.121s][info][gc,heap     ] GC(84)  Capacity:     8192M (100%)       8192M (100%)       8192M (100%)       8192M (100%)       8192M (100%)       8192M (100%)   
[138.121s][info][gc,heap     ] GC(84)      Free:     2794M (34%)        2624M (32%)        7562M (92%)        7770M (95%)        7772M (95%)        2620M (32%)    
[138.121s][info][gc,heap     ] GC(84)      Used:     5398M (66%)        5568M (68%)         630M (8%)          422M (5%)         5572M (68%)         420M (5%)     
[138.121s][info][gc,heap     ] GC(84)      Live:         -               154M (2%)          154M (2%)          154M (2%)             -                  -          
[138.121s][info][gc,heap     ] GC(84) Allocated:         -               170M (2%)          214M (3%)          244M (3%)             -                  -          
[138.121s][info][gc,heap     ] GC(84)   Garbage:         -              5243M (64%)         261M (3%)           22M (0%)             -                  -          
[138.121s][info][gc,heap     ] GC(84) Reclaimed:         -                  -              4982M (61%)        5220M (64%)            -                  -          
[138.121s][info][gc          ] GC(84) Garbage Collection (Allocation Rate) 5398M(66%)->422M(5%)
[140.329s][info][gc,stats    ] === Garbage Collection Statistics =======================================================================================================================
[140.329s][info][gc,stats    ]                                                              Last 10s              Last 10m              Last 10h                Total
[140.329s][info][gc,stats    ]                                                              Avg / Max             Avg / Max             Avg / Max             Avg / Max
[140.329s][info][gc,stats    ]   Collector: Garbage Collection Cycle                    145.826 / 202.585     126.813 / 379.439     126.813 / 379.439     126.813 / 379.439     ms
[140.329s][info][gc,stats    ]  Contention: Mark Segment Reset Contention                     0 / 1                 0 / 26                0 / 26                0 / 26          ops/s
[140.330s][info][gc,stats    ]  Contention: Mark SeqNum Reset Contention                      0 / 0                 0 / 1                 0 / 1                 0 / 1           ops/s
[140.330s][info][gc,stats    ]    Critical: Allocation Stall                                  0 / 0                 0 / 0                 0 / 0                 0 / 0           ops/s
[140.330s][info][gc,stats    ]    Critical: Allocation Stall                              0.000 / 0.000         0.000 / 0.000         0.000 / 0.000         0.000 / 0.000       ms
[140.330s][info][gc,stats    ]    Critical: GC Locker Stall                                   0 / 0                 0 / 0                 0 / 0                 0 / 0           ops/s
[140.330s][info][gc,stats    ]    Critical: GC Locker Stall                               0.000 / 0.000         0.000 / 0.000         0.000 / 0.000         0.000 / 0.000       ms
[140.330s][info][gc,stats    ]    Critical: Relocation Stall                                  0 / 0                 0 / 0                 0 / 0                 0 / 0           ops/s
[140.330s][info][gc,stats    ]    Critical: Relocation Stall                              0.000 / 0.000         0.000 / 0.000         0.000 / 0.000         0.000 / 0.000       ms
[140.330s][info][gc,stats    ]      Memory: Allocation Rate                                2365 / 5690           2732 / 6636           2732 / 6636           2732 / 6636        MB/s
[140.330s][info][gc,stats    ]      Memory: Out Of Memory                                     0 / 0                 0 / 0                 0 / 0                 0 / 0           ops/s
[140.330s][info][gc,stats    ]      Memory: Page Cache Flush                                 99 / 620              92 / 664              92 / 664              92 / 664         MB/s
[140.330s][info][gc,stats    ]      Memory: Page Cache Hit L1                               945 / 2847           1150 / 3321           1150 / 3321           1150 / 3321        ops/s
[140.330s][info][gc,stats    ]      Memory: Page Cache Hit L2                                 0 / 0                 0 / 0                 0 / 0                 0 / 0           ops/s
[140.330s][info][gc,stats    ]      Memory: Page Cache Hit L3                                23 / 183              58 / 635              58 / 635              58 / 635         ops/s
[140.330s][info][gc,stats    ]      Memory: Page Cache Miss                                  10 / 67                9 / 70                9 / 70                9 / 70          ops/s
[140.330s][info][gc,stats    ]      Memory: Uncommit                                          0 / 0                 0 / 0                 0 / 0                 0 / 0           MB/s
[140.330s][info][gc,stats    ]      Memory: Undo Object Allocation Failed                     0 / 0                 0 / 1                 0 / 1                 0 / 1           ops/s
[140.330s][info][gc,stats    ]      Memory: Undo Object Allocation Succeeded                  0 / 2                 0 / 94                0 / 94                0 / 94          ops/s
[140.330s][info][gc,stats    ]      Memory: Undo Page Allocation                              0 / 1                 0 / 8                 0 / 8                 0 / 8           ops/s
[140.330s][info][gc,stats    ]       Phase: Concurrent Mark                             110.590 / 150.915      98.650 / 190.432      98.650 / 190.432      98.650 / 190.432     ms
[140.330s][info][gc,stats    ]       Phase: Concurrent Mark Continue                      0.000 / 0.000        15.048 / 15.380       15.048 / 15.380       15.048 / 15.380      ms
[140.330s][info][gc,stats    ]       Phase: Concurrent Mark Free                          0.001 / 0.001         0.001 / 0.004         0.001 / 0.004         0.001 / 0.004       ms
[140.330s][info][gc,stats    ]       Phase: Concurrent Process Non-Strong References     11.406 / 24.840        7.909 / 31.000        7.909 / 31.000        7.909 / 31.000      ms
[140.330s][info][gc,stats    ]       Phase: Concurrent Relocate                          16.104 / 37.710       10.226 / 76.380       10.226 / 76.380       10.226 / 76.380      ms
[140.330s][info][gc,stats    ]       Phase: Concurrent Reset Relocation Set               0.009 / 0.024         0.010 / 0.049         0.010 / 0.049         0.010 / 0.049       ms
[140.330s][info][gc,stats    ]       Phase: Concurrent Select Relocation Set              3.746 / 5.998         3.568 / 8.915         3.568 / 8.915         3.568 / 8.915       ms
[140.330s][info][gc,stats    ]       Phase: Pause Mark End                                0.016 / 0.022         0.076 / 0.390         0.076 / 0.390         0.076 / 0.390       ms
[140.330s][info][gc,stats    ]       Phase: Pause Mark Start                              0.009 / 0.011         0.009 / 0.021         0.009 / 0.021         0.009 / 0.021       ms
[140.330s][info][gc,stats    ]       Phase: Pause Relocate Start                          0.012 / 0.022         0.010 / 0.024         0.010 / 0.024         0.010 / 0.024       ms
[140.330s][info][gc,stats    ]    Subphase: Concurrent Classes Purge                      0.269 / 0.382         0.233 / 0.437         0.233 / 0.437         0.233 / 0.437       ms
[140.330s][info][gc,stats    ]    Subphase: Concurrent Classes Unlink                     6.215 / 8.561         5.600 / 23.760        5.600 / 23.760        5.600 / 23.760      ms
[140.330s][info][gc,stats    ]    Subphase: Concurrent Mark                              97.242 / 150.202      70.380 / 189.582      70.380 / 189.582      70.380 / 189.582     ms
[140.330s][info][gc,stats    ]    Subphase: Concurrent Mark Try Flush                     0.080 / 0.178         0.551 / 30.486        0.551 / 30.486        0.551 / 30.486      ms
[140.330s][info][gc,stats    ]    Subphase: Concurrent Mark Try Terminate                 3.119 / 15.671        3.113 / 16.519        3.113 / 16.519        3.113 / 16.519      ms
[140.330s][info][gc,stats    ]    Subphase: Concurrent References Enqueue                 0.004 / 0.008         0.003 / 0.008         0.003 / 0.008         0.003 / 0.008       ms
[140.330s][info][gc,stats    ]    Subphase: Concurrent References Process                 1.390 / 2.389         0.971 / 3.217         0.971 / 3.217         0.971 / 3.217       ms
[140.330s][info][gc,stats    ]    Subphase: Concurrent Roots ClassLoaderDataGraph         0.111 / 0.196         0.113 / 0.537         0.113 / 0.537         0.113 / 0.537       ms
[140.330s][info][gc,stats    ]    Subphase: Concurrent Roots CodeCache                    0.000 / 0.000         0.000 / 0.000         0.000 / 0.000         0.000 / 0.000       ms
[140.330s][info][gc,stats    ]    Subphase: Concurrent Roots JavaThreads                  0.379 / 0.616         0.361 / 1.258         0.361 / 1.258         0.361 / 1.258       ms
[140.330s][info][gc,stats    ]    Subphase: Concurrent Roots OopStorageSet                0.030 / 0.045         0.031 / 0.124         0.031 / 0.124         0.031 / 0.124       ms
[140.330s][info][gc,stats    ]    Subphase: Concurrent Weak Roots OopStorageSet           0.303 / 0.501         0.320 / 1.123         0.320 / 1.123         0.320 / 1.123       ms
[140.330s][info][gc,stats    ]    Subphase: Pause Mark Try Complete                       0.000 / 0.000         0.180 / 0.301         0.180 / 0.301         0.180 / 0.301       ms
[140.330s][info][gc,stats    ]      System: Java Threads                                     19 / 21               18 / 22               18 / 22               18 / 22          threads
[140.330s][info][gc,stats    ] =========================================================================================================================================================
[141.808s][info][gc,start    ] GC(85) Garbage Collection (System.gc())
[141.808s][info][gc,task     ] GC(85) Using 2 workers
[141.808s][info][gc,phases   ] GC(85) Pause Mark Start 0.005ms
[141.875s][info][gc,phases   ] GC(85) Concurrent Mark 67.406ms
[141.876s][info][gc,phases   ] GC(85) Pause Mark End 0.026ms
[141.876s][info][gc,phases   ] GC(85) Concurrent Mark Free 0.001ms
[141.883s][info][gc,phases   ] GC(85) Concurrent Process Non-Strong References 6.829ms
[141.883s][info][gc,phases   ] GC(85) Concurrent Reset Relocation Set 0.012ms
[141.885s][info][gc,phases   ] GC(85) Concurrent Select Relocation Set 2.443ms
[141.885s][info][gc,phases   ] GC(85) Pause Relocate Start 0.007ms
[141.892s][info][gc,phases   ] GC(85) Concurrent Relocate 7.096ms
[141.892s][info][gc,load     ] GC(85) Load: 0.00/0.00/0.00
[141.892s][info][gc,mmu      ] GC(85) MMU: 2ms/80.5%, 5ms/92.2%, 10ms/96.1%, 20ms/96.3%, 50ms/97.1%, 100ms/97.5%
[141.892s][info][gc,marking  ] GC(85) Mark: 2 stripe(s), 2 proactive flush(es), 1 terminate flush(es), 0 completion(s), 0 continuation(s) 
[141.892s][info][gc,marking  ] GC(85) Mark Stack Usage: 32M
[141.892s][info][gc,nmethod  ] GC(85) NMethods: 4647 registered, 0 unregistered
[141.892s][info][gc,metaspace] GC(85) Metaspace: 33M used, 33M committed, 1088M reserved
[141.892s][info][gc,ref      ] GC(85) Soft: 4016 encountered, 0 discovered, 0 enqueued
[141.892s][info][gc,ref      ] GC(85) Weak: 23568 encountered, 22922 discovered, 21855 enqueued
[141.892s][info][gc,ref      ] GC(85) Final: 7 encountered, 5 discovered, 0 enqueued
[141.892s][info][gc,ref      ] GC(85) Phantom: 714 encountered, 647 discovered, 0 enqueued
[141.892s][info][gc,reloc    ] GC(85) Small Pages: 999 / 1998M, Empty: 1258M, Relocated: 9M, In-Place: 0
[141.892s][info][gc,reloc    ] GC(85) Medium Pages: 30 / 960M, Empty: 896M, Relocated: 15M, In-Place: 0
[141.893s][info][gc,reloc    ] GC(85) Large Pages: 274 / 1910M, Empty: 1910M, Relocated: 0M, In-Place: 0
[141.893s][info][gc,reloc    ] GC(85) Forwarding Usage: 3M
[141.893s][info][gc,heap     ] GC(85) Min Capacity: 8192M(100%)
[141.893s][info][gc,heap     ] GC(85) Max Capacity: 8192M(100%)
[141.893s][info][gc,heap     ] GC(85) Soft Max Capacity: 8192M(100%)
[141.893s][info][gc,heap     ] GC(85)                Mark Start          Mark End        Relocate Start      Relocate End           High               Low         
[141.893s][info][gc,heap     ] GC(85)  Capacity:     8192M (100%)       8192M (100%)       8192M (100%)       8192M (100%)       8192M (100%)       8192M (100%)   
[141.893s][info][gc,heap     ] GC(85)      Free:     3324M (41%)        3324M (41%)        7388M (90%)        8046M (98%)        8046M (98%)        3324M (41%)    
[141.893s][info][gc,heap     ] GC(85)      Used:     4868M (59%)        4868M (59%)         804M (10%)         146M (2%)         4868M (59%)         146M (2%)     
[141.893s][info][gc,heap     ] GC(85)      Live:         -               125M (2%)          125M (2%)          125M (2%)             -                  -          
[141.893s][info][gc,heap     ] GC(85) Allocated:         -                 0M (0%)            0M (0%)            0M (0%)             -                  -          
[141.893s][info][gc,heap     ] GC(85)   Garbage:         -              4742M (58%)         678M (8%)           20M (0%)             -                  -          
[141.893s][info][gc,heap     ] GC(85) Reclaimed:         -                  -              4064M (50%)        4722M (58%)            -                  -          
[141.893s][info][gc          ] GC(85) Garbage Collection (System.gc()) 4868M(59%)->146M(2%)
[142.535s][info][gc,start    ] GC(86) Garbage Collection (Allocation Rate)
[142.536s][info][gc,task     ] GC(86) Using 2 workers
[142.536s][info][gc,phases   ] GC(86) Pause Mark Start 0.013ms
[142.630s][info][gc,phases   ] GC(86) Concurrent Mark 89.870ms
[142.630s][info][gc,phases   ] GC(86) Pause Mark End 0.013ms
[142.630s][info][gc,phases   ] GC(86) Concurrent Mark Free 0.001ms
[142.634s][info][gc,phases   ] GC(86) Concurrent Process Non-Strong References 4.325ms
[142.634s][info][gc,phases   ] GC(86) Concurrent Reset Relocation Set 0.016ms
[142.637s][info][gc,phases   ] GC(86) Concurrent Select Relocation Set 2.333ms
[142.637s][info][gc,phases   ] GC(86) Pause Relocate Start 0.017ms
[142.637s][info][gc,phases   ] GC(86) Concurrent Relocate 0.522ms
[142.637s][info][gc,load     ] GC(86) Load: 0.00/0.00/0.00
[142.637s][info][gc,mmu      ] GC(86) MMU: 2ms/80.5%, 5ms/92.2%, 10ms/96.1%, 20ms/96.3%, 50ms/97.1%, 100ms/97.5%
[142.637s][info][gc,marking  ] GC(86) Mark: 2 stripe(s), 2 proactive flush(es), 1 terminate flush(es), 0 completion(s), 0 continuation(s) 
[142.637s][info][gc,marking  ] GC(86) Mark Stack Usage: 32M
[142.637s][info][gc,nmethod  ] GC(86) NMethods: 4647 registered, 0 unregistered
[142.637s][info][gc,metaspace] GC(86) Metaspace: 33M used, 33M committed, 1088M reserved
[142.637s][info][gc,ref      ] GC(86) Soft: 4016 encountered, 0 discovered, 0 enqueued
[142.637s][info][gc,ref      ] GC(86) Weak: 1731 encountered, 913 discovered, 0 enqueued
[142.637s][info][gc,ref      ] GC(86) Final: 7 encountered, 4 discovered, 0 enqueued
[142.637s][info][gc,ref      ] GC(86) Phantom: 714 encountered, 645 discovered, 0 enqueued
[142.637s][info][gc,reloc    ] GC(86) Small Pages: 2412 / 4824M, Empty: 4686M, Relocated: 0M, In-Place: 0
[142.637s][info][gc,reloc    ] GC(86) Medium Pages: 1 / 32M, Empty: 0M, Relocated: 0M, In-Place: 0
[142.637s][info][gc,reloc    ] GC(86) Large Pages: 0 / 0M, Empty: 0M, Relocated: 0M, In-Place: 0
[142.637s][info][gc,reloc    ] GC(86) Forwarding Usage: 0M
[142.637s][info][gc,heap     ] GC(86) Min Capacity: 8192M(100%)
[142.637s][info][gc,heap     ] GC(86) Max Capacity: 8192M(100%)
[142.637s][info][gc,heap     ] GC(86) Soft Max Capacity: 8192M(100%)
[142.637s][info][gc,heap     ] GC(86)                Mark Start          Mark End        Relocate Start      Relocate End           High               Low         
[142.637s][info][gc,heap     ] GC(86)  Capacity:     8192M (100%)       8192M (100%)       8192M (100%)       8192M (100%)       8192M (100%)       8192M (100%)   
[142.637s][info][gc,heap     ] GC(86)      Free:     3336M (41%)        2964M (36%)        7644M (93%)        7664M (94%)        7664M (94%)        2960M (36%)    
[142.637s][info][gc,heap     ] GC(86)      Used:     4856M (59%)        5228M (64%)         548M (7%)          528M (6%)         5232M (64%)         528M (6%)     
[142.637s][info][gc,heap     ] GC(86)      Live:         -               125M (2%)          125M (2%)          125M (2%)             -                  -          
[142.637s][info][gc,heap     ] GC(86) Allocated:         -               372M (5%)          378M (5%)          379M (5%)             -                  -          
[142.637s][info][gc,heap     ] GC(86)   Garbage:         -              4730M (58%)          44M (1%)           22M (0%)             -                  -          
[142.637s][info][gc,heap     ] GC(86) Reclaimed:         -                  -              4686M (57%)        4707M (57%)            -                  -          
[142.637s][info][gc          ] GC(86) Garbage Collection (Allocation Rate) 4856M(59%)->528M(6%)
[143.536s][info][gc,start    ] GC(87) Garbage Collection (Allocation Rate)
[143.536s][info][gc,task     ] GC(87) Using 1 workers
[143.536s][info][gc,phases   ] GC(87) Pause Mark Start 0.007ms
[143.653s][info][gc,phases   ] GC(87) Concurrent Mark 116.866ms
[143.653s][info][gc,phases   ] GC(87) Pause Mark End 0.012ms
[143.653s][info][gc,phases   ] GC(87) Concurrent Mark Free 0.001ms
[143.662s][info][gc,phases   ] GC(87) Concurrent Process Non-Strong References 9.327ms
[143.663s][info][gc,phases   ] GC(87) Concurrent Reset Relocation Set 0.002ms
[143.665s][info][gc,phases   ] GC(87) Concurrent Select Relocation Set 2.572ms
[143.665s][info][gc,phases   ] GC(87) Pause Relocate Start 0.014ms
[143.666s][info][gc,phases   ] GC(87) Concurrent Relocate 0.543ms
[143.666s][info][gc,load     ] GC(87) Load: 0.00/0.00/0.00
[143.666s][info][gc,mmu      ] GC(87) MMU: 2ms/80.5%, 5ms/92.2%, 10ms/96.1%, 20ms/96.3%, 50ms/97.1%, 100ms/97.5%
[143.666s][info][gc,marking  ] GC(87) Mark: 1 stripe(s), 2 proactive flush(es), 1 terminate flush(es), 0 completion(s), 0 continuation(s) 
[143.666s][info][gc,marking  ] GC(87) Mark Stack Usage: 32M
[143.666s][info][gc,nmethod  ] GC(87) NMethods: 4647 registered, 0 unregistered
[143.666s][info][gc,metaspace] GC(87) Metaspace: 33M used, 33M committed, 1088M reserved
[143.666s][info][gc,ref      ] GC(87) Soft: 4016 encountered, 0 discovered, 0 enqueued
[143.666s][info][gc,ref      ] GC(87) Weak: 1731 encountered, 1283 discovered, 0 enqueued
[143.666s][info][gc,ref      ] GC(87) Final: 7 encountered, 7 discovered, 0 enqueued
[143.666s][info][gc,ref      ] GC(87) Phantom: 714 encountered, 665 discovered, 0 enqueued
[143.666s][info][gc,reloc    ] GC(87) Small Pages: 2764 / 5528M, Empty: 5386M, Relocated: 0M, In-Place: 0
[143.666s][info][gc,reloc    ] GC(87) Medium Pages: 1 / 32M, Empty: 0M, Relocated: 0M, In-Place: 0
[143.666s][info][gc,reloc    ] GC(87) Large Pages: 0 / 0M, Empty: 0M, Relocated: 0M, In-Place: 0
[143.666s][info][gc,reloc    ] GC(87) Forwarding Usage: 0M
[143.666s][info][gc,heap     ] GC(87) Min Capacity: 8192M(100%)
[143.666s][info][gc,heap     ] GC(87) Max Capacity: 8192M(100%)
[143.666s][info][gc,heap     ] GC(87) Soft Max Capacity: 8192M(100%)
[143.666s][info][gc,heap     ] GC(87)                Mark Start          Mark End        Relocate Start      Relocate End           High               Low         
[143.666s][info][gc,heap     ] GC(87)  Capacity:     8192M (100%)       8192M (100%)       8192M (100%)       8192M (100%)       8192M (100%)       8192M (100%)   
[143.666s][info][gc,heap     ] GC(87)      Free:     2632M (32%)        2230M (27%)        7580M (93%)        7604M (93%)        7604M (93%)        2202M (27%)    
[143.666s][info][gc,heap     ] GC(87)      Used:     5560M (68%)        5962M (73%)         612M (7%)          588M (7%)         5990M (73%)         588M (7%)     
[143.666s][info][gc,heap     ] GC(87)      Live:         -               125M (2%)          125M (2%)          125M (2%)             -                  -          
[143.666s][info][gc,heap     ] GC(87) Allocated:         -               402M (5%)          438M (5%)          441M (5%)             -                  -          
[143.666s][info][gc,heap     ] GC(87)   Garbage:         -              5434M (66%)          48M (1%)           20M (0%)             -                  -          
[143.666s][info][gc,heap     ] GC(87) Reclaimed:         -                  -              5386M (66%)        5413M (66%)            -                  -          
[143.666s][info][gc          ] GC(87) Garbage Collection (Allocation Rate) 5560M(68%)->588M(7%)
[145.021s][info][gc,start    ] GC(88) Garbage Collection (Allocation Rate)
[145.021s][info][gc,task     ] GC(88) Using 1 workers
[145.021s][info][gc,phases   ] GC(88) Pause Mark Start 0.012ms
[145.160s][info][gc,phases   ] GC(88) Concurrent Mark 138.535ms
[145.160s][info][gc,phases   ] GC(88) Pause Mark End 0.013ms
[145.160s][info][gc,phases   ] GC(88) Concurrent Mark Free 0.001ms
[145.170s][info][gc,phases   ] GC(88) Concurrent Process Non-Strong References 10.062ms
[145.170s][info][gc,phases   ] GC(88) Concurrent Reset Relocation Set 0.002ms
[145.175s][info][gc,phases   ] GC(88) Concurrent Select Relocation Set 5.181ms
[145.175s][info][gc,phases   ] GC(88) Pause Relocate Start 0.007ms
[145.210s][info][gc,phases   ] GC(88) Concurrent Relocate 34.231ms
[145.210s][info][gc,load     ] GC(88) Load: 0.00/0.00/0.00
[145.210s][info][gc,mmu      ] GC(88) MMU: 2ms/80.5%, 5ms/92.2%, 10ms/96.1%, 20ms/96.3%, 50ms/97.1%, 100ms/97.5%
[145.210s][info][gc,marking  ] GC(88) Mark: 1 stripe(s), 3 proactive flush(es), 1 terminate flush(es), 0 completion(s), 0 continuation(s) 
[145.210s][info][gc,marking  ] GC(88) Mark Stack Usage: 32M
[145.210s][info][gc,nmethod  ] GC(88) NMethods: 4650 registered, 0 unregistered
[145.210s][info][gc,metaspace] GC(88) Metaspace: 33M used, 33M committed, 1088M reserved
[145.210s][info][gc,ref      ] GC(88) Soft: 4016 encountered, 0 discovered, 0 enqueued
[145.210s][info][gc,ref      ] GC(88) Weak: 21606 encountered, 16480 discovered, 549 enqueued
[145.210s][info][gc,ref      ] GC(88) Final: 7 encountered, 7 discovered, 0 enqueued
[145.210s][info][gc,ref      ] GC(88) Phantom: 720 encountered, 671 discovered, 0 enqueued
[145.210s][info][gc,reloc    ] GC(88) Small Pages: 2535 / 5070M, Empty: 4698M, Relocated: 40M, In-Place: 0
[145.210s][info][gc,reloc    ] GC(88) Medium Pages: 5 / 160M, Empty: 128M, Relocated: 0M, In-Place: 0
[145.210s][info][gc,reloc    ] GC(88) Large Pages: 31 / 216M, Empty: 216M, Relocated: 0M, In-Place: 0
[145.210s][info][gc,reloc    ] GC(88) Forwarding Usage: 12M
[145.210s][info][gc,heap     ] GC(88) Min Capacity: 8192M(100%)
[145.210s][info][gc,heap     ] GC(88) Max Capacity: 8192M(100%)
[145.210s][info][gc,heap     ] GC(88) Soft Max Capacity: 8192M(100%)
[145.210s][info][gc,heap     ] GC(88)                Mark Start          Mark End        Relocate Start      Relocate End           High               Low         
[145.210s][info][gc,heap     ] GC(88)  Capacity:     8192M (100%)       8192M (100%)       8192M (100%)       8192M (100%)       8192M (100%)       8192M (100%)   
[145.210s][info][gc,heap     ] GC(88)      Free:     2746M (34%)        2540M (31%)        7574M (92%)        7774M (95%)        7774M (95%)        2534M (31%)    
[145.210s][info][gc,heap     ] GC(88)      Used:     5446M (66%)        5652M (69%)         618M (8%)          418M (5%)         5658M (69%)         418M (5%)     
[145.210s][info][gc,heap     ] GC(88)      Live:         -               153M (2%)          153M (2%)          153M (2%)             -                  -          
[145.210s][info][gc,heap     ] GC(88) Allocated:         -               206M (3%)          214M (3%)          242M (3%)             -                  -          
[145.210s][info][gc,heap     ] GC(88)   Garbage:         -              5292M (65%)         250M (3%)           22M (0%)             -                  -          
[145.210s][info][gc,heap     ] GC(88) Reclaimed:         -                  -              5042M (62%)        5270M (64%)            -                  -          
[145.210s][info][gc          ] GC(88) Garbage Collection (Allocation Rate) 5446M(66%)->418M(5%)
[148.295s][info][gc,start    ] GC(89) Garbage Collection (System.gc())
[148.295s][info][gc,task     ] GC(89) Using 2 workers
[148.295s][info][gc,phases   ] GC(89) Pause Mark Start 0.007ms
[148.356s][info][gc,phases   ] GC(89) Concurrent Mark 61.052ms
[148.356s][info][gc,phases   ] GC(89) Pause Mark End 0.024ms
[148.356s][info][gc,phases   ] GC(89) Concurrent Mark Free 0.002ms
[148.363s][info][gc,phases   ] GC(89) Concurrent Process Non-Strong References 6.690ms
[148.363s][info][gc,phases   ] GC(89) Concurrent Reset Relocation Set 0.012ms
[148.366s][info][gc,phases   ] GC(89) Concurrent Select Relocation Set 2.399ms
[148.366s][info][gc,phases   ] GC(89) Pause Relocate Start 0.010ms
[148.372s][info][gc,phases   ] GC(89) Concurrent Relocate 6.635ms
[148.372s][info][gc,load     ] GC(89) Load: 0.00/0.00/0.00
[148.373s][info][gc,mmu      ] GC(89) MMU: 2ms/80.5%, 5ms/92.2%, 10ms/96.1%, 20ms/96.3%, 50ms/97.1%, 100ms/97.5%
[148.373s][info][gc,marking  ] GC(89) Mark: 2 stripe(s), 1 proactive flush(es), 1 terminate flush(es), 0 completion(s), 0 continuation(s) 
[148.373s][info][gc,marking  ] GC(89) Mark Stack Usage: 32M
[148.373s][info][gc,nmethod  ] GC(89) NMethods: 4655 registered, 0 unregistered
[148.373s][info][gc,metaspace] GC(89) Metaspace: 33M used, 33M committed, 1088M reserved
[148.373s][info][gc,ref      ] GC(89) Soft: 4016 encountered, 0 discovered, 0 enqueued
[148.373s][info][gc,ref      ] GC(89) Weak: 23906 encountered, 23392 discovered, 22193 enqueued
[148.373s][info][gc,ref      ] GC(89) Final: 7 encountered, 5 discovered, 0 enqueued
[148.373s][info][gc,ref      ] GC(89) Phantom: 714 encountered, 636 discovered, 0 enqueued
[148.373s][info][gc,reloc    ] GC(89) Small Pages: 895 / 1790M, Empty: 1048M, Relocated: 10M, In-Place: 0
[148.373s][info][gc,reloc    ] GC(89) Medium Pages: 27 / 864M, Empty: 800M, Relocated: 16M, In-Place: 0
[148.373s][info][gc,reloc    ] GC(89) Large Pages: 236 / 1634M, Empty: 1634M, Relocated: 0M, In-Place: 0
[148.373s][info][gc,reloc    ] GC(89) Forwarding Usage: 2M
[148.373s][info][gc,heap     ] GC(89) Min Capacity: 8192M(100%)
[148.373s][info][gc,heap     ] GC(89) Max Capacity: 8192M(100%)
[148.373s][info][gc,heap     ] GC(89) Soft Max Capacity: 8192M(100%)
[148.373s][info][gc,heap     ] GC(89)                Mark Start          Mark End        Relocate Start      Relocate End           High               Low         
[148.373s][info][gc,heap     ] GC(89)  Capacity:     8192M (100%)       8192M (100%)       8192M (100%)       8192M (100%)       8192M (100%)       8192M (100%)   
[148.373s][info][gc,heap     ] GC(89)      Free:     3904M (48%)        3904M (48%)        7386M (90%)        8046M (98%)        8046M (98%)        3904M (48%)    
[148.373s][info][gc,heap     ] GC(89)      Used:     4288M (52%)        4288M (52%)         806M (10%)         146M (2%)         4288M (52%)         146M (2%)     
[148.373s][info][gc,heap     ] GC(89)      Live:         -               126M (2%)          126M (2%)          126M (2%)             -                  -          
[148.373s][info][gc,heap     ] GC(89) Allocated:         -                 0M (0%)            0M (0%)            0M (0%)             -                  -          
[148.373s][info][gc,heap     ] GC(89)   Garbage:         -              4161M (51%)         679M (8%)           19M (0%)             -                  -          
[148.373s][info][gc,heap     ] GC(89) Reclaimed:         -                  -              3482M (43%)        4142M (51%)            -                  -          
[148.373s][info][gc          ] GC(89) Garbage Collection (System.gc()) 4288M(52%)->146M(2%)
[149.031s][info][gc,start    ] GC(90) Garbage Collection (Allocation Rate)
[149.031s][info][gc,task     ] GC(90) Using 2 workers
[149.032s][info][gc,phases   ] GC(90) Pause Mark Start 0.012ms
[149.094s][info][gc,phases   ] GC(90) Concurrent Mark 57.608ms
[149.094s][info][gc,phases   ] GC(90) Pause Mark End 0.018ms
[149.094s][info][gc,phases   ] GC(90) Concurrent Mark Free 0.001ms
[149.099s][info][gc,phases   ] GC(90) Concurrent Process Non-Strong References 4.304ms
[149.099s][info][gc,phases   ] GC(90) Concurrent Reset Relocation Set 0.019ms
[149.101s][info][gc,phases   ] GC(90) Concurrent Select Relocation Set 2.261ms
[149.101s][info][gc,phases   ] GC(90) Pause Relocate Start 0.012ms
[149.101s][info][gc,phases   ] GC(90) Concurrent Relocate 0.347ms
[149.101s][info][gc,load     ] GC(90) Load: 0.00/0.00/0.00
[149.101s][info][gc,mmu      ] GC(90) MMU: 2ms/80.5%, 5ms/92.2%, 10ms/96.1%, 20ms/96.3%, 50ms/97.1%, 100ms/97.5%
[149.101s][info][gc,marking  ] GC(90) Mark: 2 stripe(s), 2 proactive flush(es), 1 terminate flush(es), 0 completion(s), 0 continuation(s) 
[149.101s][info][gc,marking  ] GC(90) Mark Stack Usage: 32M
[149.101s][info][gc,nmethod  ] GC(90) NMethods: 4658 registered, 0 unregistered
[149.101s][info][gc,metaspace] GC(90) Metaspace: 33M used, 33M committed, 1088M reserved
[149.101s][info][gc,ref      ] GC(90) Soft: 4016 encountered, 0 discovered, 0 enqueued
[149.101s][info][gc,ref      ] GC(90) Weak: 1731 encountered, 78 discovered, 0 enqueued
[149.101s][info][gc,ref      ] GC(90) Final: 7 encountered, 7 discovered, 0 enqueued
[149.101s][info][gc,ref      ] GC(90) Phantom: 714 encountered, 653 discovered, 0 enqueued
[149.101s][info][gc,reloc    ] GC(90) Small Pages: 2470 / 4940M, Empty: 4802M, Relocated: 0M, In-Place: 0
[149.101s][info][gc,reloc    ] GC(90) Medium Pages: 1 / 32M, Empty: 0M, Relocated: 0M, In-Place: 0
[149.101s][info][gc,reloc    ] GC(90) Large Pages: 0 / 0M, Empty: 0M, Relocated: 0M, In-Place: 0
[149.101s][info][gc,reloc    ] GC(90) Forwarding Usage: 0M
[149.101s][info][gc,heap     ] GC(90) Min Capacity: 8192M(100%)
[149.101s][info][gc,heap     ] GC(90) Max Capacity: 8192M(100%)
[149.101s][info][gc,heap     ] GC(90) Soft Max Capacity: 8192M(100%)
[149.101s][info][gc,heap     ] GC(90)                Mark Start          Mark End        Relocate Start      Relocate End           High               Low         
[149.101s][info][gc,heap     ] GC(90)  Capacity:     8192M (100%)       8192M (100%)       8192M (100%)       8192M (100%)       8192M (100%)       8192M (100%)   
[149.101s][info][gc,heap     ] GC(90)      Free:     3220M (39%)        2988M (36%)        7772M (95%)        7790M (95%)        7790M (95%)        2974M (36%)    
[149.101s][info][gc,heap     ] GC(90)      Used:     4972M (61%)        5204M (64%)         420M (5%)          402M (5%)         5218M (64%)         402M (5%)     
[149.102s][info][gc,heap     ] GC(90)      Live:         -               126M (2%)          126M (2%)          126M (2%)             -                  -          
[149.102s][info][gc,heap     ] GC(90) Allocated:         -               232M (3%)          250M (3%)          253M (3%)             -                  -          
[149.102s][info][gc,heap     ] GC(90)   Garbage:         -              4845M (59%)          43M (1%)           21M (0%)             -                  -          
[149.102s][info][gc,heap     ] GC(90) Reclaimed:         -                  -              4802M (59%)        4823M (59%)            -                  -          
[149.102s][info][gc          ] GC(90) Garbage Collection (Allocation Rate) 4972M(61%)->402M(5%)
[150.130s][info][gc,start    ] GC(91) Garbage Collection (Allocation Rate)
[150.130s][info][gc,task     ] GC(91) Using 1 workers
[150.130s][info][gc,phases   ] GC(91) Pause Mark Start 0.007ms
[150.241s][info][gc,phases   ] GC(91) Concurrent Mark 110.998ms
[150.242s][info][gc,phases   ] GC(91) Pause Mark End 0.010ms
[150.242s][info][gc,phases   ] GC(91) Concurrent Mark Free 0.001ms
[150.252s][info][gc,phases   ] GC(91) Concurrent Process Non-Strong References 10.266ms
[150.252s][info][gc,phases   ] GC(91) Concurrent Reset Relocation Set 0.002ms
[150.255s][info][gc,phases   ] GC(91) Concurrent Select Relocation Set 2.929ms
[150.255s][info][gc,phases   ] GC(91) Pause Relocate Start 0.008ms
[150.256s][info][gc,phases   ] GC(91) Concurrent Relocate 0.505ms
[150.256s][info][gc,load     ] GC(91) Load: 0.00/0.00/0.00
[150.256s][info][gc,mmu      ] GC(91) MMU: 2ms/80.5%, 5ms/92.2%, 10ms/96.1%, 20ms/96.3%, 50ms/97.1%, 100ms/97.5%
[150.256s][info][gc,marking  ] GC(91) Mark: 1 stripe(s), 2 proactive flush(es), 1 terminate flush(es), 0 completion(s), 0 continuation(s) 
[150.256s][info][gc,marking  ] GC(91) Mark Stack Usage: 32M
[150.256s][info][gc,nmethod  ] GC(91) NMethods: 4658 registered, 0 unregistered
[150.256s][info][gc,metaspace] GC(91) Metaspace: 33M used, 33M committed, 1088M reserved
[150.256s][info][gc,ref      ] GC(91) Soft: 4016 encountered, 0 discovered, 0 enqueued
[150.256s][info][gc,ref      ] GC(91) Weak: 1731 encountered, 1283 discovered, 0 enqueued
[150.256s][info][gc,ref      ] GC(91) Final: 7 encountered, 7 discovered, 0 enqueued
[150.256s][info][gc,ref      ] GC(91) Phantom: 714 encountered, 665 discovered, 0 enqueued
[150.256s][info][gc,reloc    ] GC(91) Small Pages: 3058 / 6116M, Empty: 5976M, Relocated: 0M, In-Place: 0
[150.256s][info][gc,reloc    ] GC(91) Medium Pages: 1 / 32M, Empty: 0M, Relocated: 0M, In-Place: 0
[150.256s][info][gc,reloc    ] GC(91) Large Pages: 0 / 0M, Empty: 0M, Relocated: 0M, In-Place: 0
[150.256s][info][gc,reloc    ] GC(91) Forwarding Usage: 0M
[150.256s][info][gc,heap     ] GC(91) Min Capacity: 8192M(100%)
[150.256s][info][gc,heap     ] GC(91) Max Capacity: 8192M(100%)
[150.256s][info][gc,heap     ] GC(91) Soft Max Capacity: 8192M(100%)
[150.256s][info][gc,heap     ] GC(91)                Mark Start          Mark End        Relocate Start      Relocate End           High               Low         
[150.256s][info][gc,heap     ] GC(91)  Capacity:     8192M (100%)       8192M (100%)       8192M (100%)       8192M (100%)       8192M (100%)       8192M (100%)   
[150.256s][info][gc,heap     ] GC(91)      Free:     2044M (25%)        1776M (22%)        7698M (94%)        7722M (94%)        7722M (94%)        1732M (21%)    
[150.256s][info][gc,heap     ] GC(91)      Used:     6148M (75%)        6416M (78%)         494M (6%)          470M (6%)         6460M (79%)         470M (6%)     
[150.256s][info][gc,heap     ] GC(91)      Live:         -               126M (2%)          126M (2%)          126M (2%)             -                  -          
[150.256s][info][gc,heap     ] GC(91) Allocated:         -               268M (3%)          322M (4%)          323M (4%)             -                  -          
[150.256s][info][gc,heap     ] GC(91)   Garbage:         -              6021M (74%)          45M (1%)           19M (0%)             -                  -          
[150.256s][info][gc,heap     ] GC(91) Reclaimed:         -                  -              5976M (73%)        6001M (73%)            -                  -          
[150.256s][info][gc          ] GC(91) Garbage Collection (Allocation Rate) 6148M(75%)->470M(6%)
[150.334s][info][gc,stats    ] === Garbage Collection Statistics =======================================================================================================================
[150.334s][info][gc,stats    ]                                                              Last 10s              Last 10m              Last 10h                Total
[150.334s][info][gc,stats    ]                                                              Avg / Max             Avg / Max             Avg / Max             Avg / Max
[150.334s][info][gc,stats    ]   Collector: Garbage Collection Cycle                    111.305 / 188.995     125.633 / 379.439     125.633 / 379.439     125.633 / 379.439     ms
[150.334s][info][gc,stats    ]  Contention: Mark Segment Reset Contention                     0 / 1                 0 / 26                0 / 26                0 / 26          ops/s
[150.334s][info][gc,stats    ]  Contention: Mark SeqNum Reset Contention                      0 / 0                 0 / 1                 0 / 1                 0 / 1           ops/s
[150.334s][info][gc,stats    ]    Critical: Allocation Stall                                  0 / 0                 0 / 0                 0 / 0                 0 / 0           ops/s
[150.334s][info][gc,stats    ]    Critical: Allocation Stall                              0.000 / 0.000         0.000 / 0.000         0.000 / 0.000         0.000 / 0.000       ms
[150.334s][info][gc,stats    ]    Critical: GC Locker Stall                                   0 / 0                 0 / 0                 0 / 0                 0 / 0           ops/s
[150.334s][info][gc,stats    ]    Critical: GC Locker Stall                               0.000 / 0.000         0.000 / 0.000         0.000 / 0.000         0.000 / 0.000       ms
[150.334s][info][gc,stats    ]    Critical: Relocation Stall                                  0 / 0                 0 / 0                 0 / 0                 0 / 0           ops/s
[150.334s][info][gc,stats    ]    Critical: Relocation Stall                              0.000 / 0.000         0.000 / 0.000         0.000 / 0.000         0.000 / 0.000       ms
[150.334s][info][gc,stats    ]      Memory: Allocation Rate                                3277 / 6320           2768 / 6636           2768 / 6636           2768 / 6636        MB/s
[150.334s][info][gc,stats    ]      Memory: Out Of Memory                                     0 / 0                 0 / 0                 0 / 0                 0 / 0           ops/s
[150.334s][info][gc,stats    ]      Memory: Page Cache Flush                                117 / 546              94 / 664              94 / 664              94 / 664         MB/s
[150.334s][info][gc,stats    ]      Memory: Page Cache Hit L1                              1428 / 3169           1168 / 3321           1168 / 3321           1168 / 3321        ops/s
[150.334s][info][gc,stats    ]      Memory: Page Cache Hit L2                                 0 / 0                 0 / 0                 0 / 0                 0 / 0           ops/s
[150.334s][info][gc,stats    ]      Memory: Page Cache Hit L3                                52 / 263              58 / 635              58 / 635              58 / 635         ops/s
[150.334s][info][gc,stats    ]      Memory: Page Cache Miss                                  12 / 60                9 / 70                9 / 70                9 / 70          ops/s
[150.334s][info][gc,stats    ]      Memory: Uncommit                                          0 / 0                 0 / 0                 0 / 0                 0 / 0           MB/s
[150.334s][info][gc,stats    ]      Memory: Undo Object Allocation Failed                     0 / 0                 0 / 1                 0 / 1                 0 / 1           ops/s
[150.334s][info][gc,stats    ]      Memory: Undo Object Allocation Succeeded                  0 / 2                 0 / 94                0 / 94                0 / 94          ops/s
[150.334s][info][gc,stats    ]      Memory: Undo Page Allocation                              0 / 1                 0 / 8                 0 / 8                 0 / 8           ops/s
[150.334s][info][gc,stats    ]       Phase: Concurrent Mark                              91.762 / 138.535      98.126 / 190.432      98.126 / 190.432      98.126 / 190.432     ms
[150.334s][info][gc,stats    ]       Phase: Concurrent Mark Continue                      0.000 / 0.000        15.048 / 15.380       15.048 / 15.380       15.048 / 15.380      ms
[150.334s][info][gc,stats    ]       Phase: Concurrent Mark Free                          0.001 / 0.002         0.001 / 0.004         0.001 / 0.004         0.001 / 0.004       ms
[150.334s][info][gc,stats    ]       Phase: Concurrent Process Non-Strong References      7.400 / 10.266        7.871 / 31.000        7.871 / 31.000        7.871 / 31.000      ms
[150.334s][info][gc,stats    ]       Phase: Concurrent Relocate                           7.125 / 34.231        9.990 / 76.380        9.990 / 76.380        9.990 / 76.380      ms
[150.334s][info][gc,stats    ]       Phase: Concurrent Reset Relocation Set               0.009 / 0.019         0.010 / 0.049         0.010 / 0.049         0.010 / 0.049       ms
[150.334s][info][gc,stats    ]       Phase: Concurrent Select Relocation Set              2.874 / 5.181         3.515 / 8.915         3.515 / 8.915         3.515 / 8.915       ms
[150.334s][info][gc,stats    ]       Phase: Pause Mark End                                0.016 / 0.026         0.072 / 0.390         0.072 / 0.390         0.072 / 0.390       ms
[150.334s][info][gc,stats    ]       Phase: Pause Mark Start                              0.009 / 0.013         0.009 / 0.021         0.009 / 0.021         0.009 / 0.021       ms
[150.334s][info][gc,stats    ]       Phase: Pause Relocate Start                          0.011 / 0.017         0.010 / 0.024         0.010 / 0.024         0.010 / 0.024       ms
[150.334s][info][gc,stats    ]    Subphase: Concurrent Classes Purge                      0.234 / 0.331         0.233 / 0.437         0.233 / 0.437         0.233 / 0.437       ms
[150.334s][info][gc,stats    ]    Subphase: Concurrent Classes Unlink                     5.622 / 9.208         5.602 / 23.760        5.602 / 23.760        5.602 / 23.760      ms
[150.334s][info][gc,stats    ]    Subphase: Concurrent Mark                              78.721 / 137.327      70.908 / 189.582      70.908 / 189.582      70.908 / 189.582     ms
[150.334s][info][gc,stats    ]    Subphase: Concurrent Mark Try Flush                     0.137 / 0.860         0.531 / 30.486        0.531 / 30.486        0.531 / 30.486      ms
[150.334s][info][gc,stats    ]    Subphase: Concurrent Mark Try Terminate                 3.883 / 16.439        3.159 / 16.519        3.159 / 16.519        3.159 / 16.519      ms
[150.334s][info][gc,stats    ]    Subphase: Concurrent References Enqueue                 0.003 / 0.007         0.003 / 0.008         0.003 / 0.008         0.003 / 0.008       ms
[150.334s][info][gc,stats    ]    Subphase: Concurrent References Process                 1.077 / 2.440         0.979 / 3.217         0.979 / 3.217         0.979 / 3.217       ms
[150.334s][info][gc,stats    ]    Subphase: Concurrent Roots ClassLoaderDataGraph         0.101 / 0.236         0.112 / 0.537         0.112 / 0.537         0.112 / 0.537       ms
[150.334s][info][gc,stats    ]    Subphase: Concurrent Roots CodeCache                    0.000 / 0.000         0.000 / 0.000         0.000 / 0.000         0.000 / 0.000       ms
[150.334s][info][gc,stats    ]    Subphase: Concurrent Roots JavaThreads                  0.336 / 0.794         0.359 / 1.258         0.359 / 1.258         0.359 / 1.258       ms
[150.334s][info][gc,stats    ]    Subphase: Concurrent Roots OopStorageSet                0.026 / 0.044         0.030 / 0.124         0.030 / 0.124         0.030 / 0.124       ms
[150.334s][info][gc,stats    ]    Subphase: Concurrent Weak Roots OopStorageSet           0.287 / 0.380         0.317 / 1.123         0.317 / 1.123         0.317 / 1.123       ms
[150.334s][info][gc,stats    ]    Subphase: Pause Mark Try Complete                       0.000 / 0.000         0.180 / 0.301         0.180 / 0.301         0.180 / 0.301       ms
[150.334s][info][gc,stats    ]      System: Java Threads                                     18 / 21               18 / 22               18 / 22               18 / 22          threads
[150.334s][info][gc,stats    ] =========================================================================================================================================================
[154.321s][info][gc,start    ] GC(92) Garbage Collection (Allocation Rate)
[154.321s][info][gc,task     ] GC(92) Using 1 workers
[154.322s][info][gc,phases   ] GC(92) Pause Mark Start 0.005ms
[154.505s][info][gc,phases   ] GC(92) Concurrent Mark 183.506ms
[154.505s][info][gc,phases   ] GC(92) Pause Mark End 0.065ms
[154.505s][info][gc,phases   ] GC(92) Concurrent Mark Free 0.001ms
[154.519s][info][gc,phases   ] GC(92) Concurrent Process Non-Strong References 13.829ms
[154.519s][info][gc,phases   ] GC(92) Concurrent Reset Relocation Set 0.002ms
[154.525s][info][gc,phases   ] GC(92) Concurrent Select Relocation Set 5.807ms
[154.525s][info][gc,phases   ] GC(92) Pause Relocate Start 0.014ms
[154.562s][info][gc,phases   ] GC(92) Concurrent Relocate 36.716ms
[154.562s][info][gc,load     ] GC(92) Load: 0.00/0.00/0.00
[154.562s][info][gc,mmu      ] GC(92) MMU: 2ms/80.5%, 5ms/92.2%, 10ms/96.1%, 20ms/96.3%, 50ms/97.1%, 100ms/97.5%
[154.562s][info][gc,marking  ] GC(92) Mark: 1 stripe(s), 3 proactive flush(es), 1 terminate flush(es), 1 completion(s), 0 continuation(s) 
[154.562s][info][gc,marking  ] GC(92) Mark Stack Usage: 32M
[154.562s][info][gc,nmethod  ] GC(92) NMethods: 4664 registered, 0 unregistered
[154.562s][info][gc,metaspace] GC(92) Metaspace: 33M used, 33M committed, 1088M reserved
[154.562s][info][gc,ref      ] GC(92) Soft: 4016 encountered, 0 discovered, 0 enqueued
[154.562s][info][gc,ref      ] GC(92) Weak: 21108 encountered, 17976 discovered, 3824 enqueued
[154.562s][info][gc,ref      ] GC(92) Final: 7 encountered, 7 discovered, 0 enqueued
[154.562s][info][gc,ref      ] GC(92) Phantom: 720 encountered, 671 discovered, 0 enqueued
[154.562s][info][gc,reloc    ] GC(92) Small Pages: 2790 / 5580M, Empty: 4834M, Relocated: 41M, In-Place: 0
[154.562s][info][gc,reloc    ] GC(92) Medium Pages: 23 / 736M, Empty: 704M, Relocated: 0M, In-Place: 0
[154.562s][info][gc,reloc    ] GC(92) Large Pages: 214 / 1494M, Empty: 1494M, Relocated: 0M, In-Place: 0
[154.563s][info][gc,reloc    ] GC(92) Forwarding Usage: 12M
[154.563s][info][gc,heap     ] GC(92) Min Capacity: 8192M(100%)
[154.563s][info][gc,heap     ] GC(92) Max Capacity: 8192M(100%)
[154.563s][info][gc,heap     ] GC(92) Soft Max Capacity: 8192M(100%)
[154.563s][info][gc,heap     ] GC(92)                Mark Start          Mark End        Relocate Start      Relocate End           High               Low         
[154.563s][info][gc,heap     ] GC(92)  Capacity:     8192M (100%)       8192M (100%)       8192M (100%)       8192M (100%)       8192M (100%)       8192M (100%)   
[154.563s][info][gc,heap     ] GC(92)      Free:      382M (5%)          220M (3%)         7238M (88%)        7778M (95%)        7810M (95%)         214M (3%)     
[154.563s][info][gc,heap     ] GC(92)      Used:     7810M (95%)        7972M (97%)         954M (12%)         414M (5%)         7978M (97%)         382M (5%)     
[154.563s][info][gc,heap     ] GC(92)      Live:         -               154M (2%)          154M (2%)          154M (2%)             -                  -          
[154.563s][info][gc,heap     ] GC(92) Allocated:         -               162M (2%)          176M (2%)          237M (3%)             -                  -          
[154.563s][info][gc,heap     ] GC(92)   Garbage:         -              7655M (93%)         623M (8%)           22M (0%)             -                  -          
[154.563s][info][gc,heap     ] GC(92) Reclaimed:         -                  -              7032M (86%)        7633M (93%)            -                  -          
[154.563s][info][gc          ] GC(92) Garbage Collection (Allocation Rate) 7810M(95%)->414M(5%)
[155.457s][info][gc,start    ] GC(93) Garbage Collection (System.gc())
[155.457s][info][gc,task     ] GC(93) Using 2 workers
[155.458s][info][gc,phases   ] GC(93) Pause Mark Start 0.007ms
[155.538s][info][gc,phases   ] GC(93) Concurrent Mark 80.090ms
[155.538s][info][gc,phases   ] GC(93) Pause Mark End 0.021ms
[155.538s][info][gc,phases   ] GC(93) Concurrent Mark Free 0.002ms
[155.545s][info][gc,phases   ] GC(93) Concurrent Process Non-Strong References 7.369ms
[155.546s][info][gc,phases   ] GC(93) Concurrent Reset Relocation Set 0.020ms
[155.548s][info][gc,phases   ] GC(93) Concurrent Select Relocation Set 2.106ms
[155.548s][info][gc,phases   ] GC(93) Pause Relocate Start 0.014ms
[155.555s][info][gc,phases   ] GC(93) Concurrent Relocate 6.908ms
[155.555s][info][gc,load     ] GC(93) Load: 0.00/0.00/0.00
[155.555s][info][gc,mmu      ] GC(93) MMU: 2ms/80.5%, 5ms/92.2%, 10ms/96.1%, 20ms/96.3%, 50ms/97.1%, 100ms/97.5%
[155.555s][info][gc,marking  ] GC(93) Mark: 2 stripe(s), 2 proactive flush(es), 1 terminate flush(es), 0 completion(s), 0 continuation(s) 
[155.555s][info][gc,marking  ] GC(93) Mark Stack Usage: 32M
[155.555s][info][gc,nmethod  ] GC(93) NMethods: 4670 registered, 0 unregistered
[155.555s][info][gc,metaspace] GC(93) Metaspace: 33M used, 33M committed, 1088M reserved
[155.555s][info][gc,ref      ] GC(93) Soft: 4016 encountered, 0 discovered, 0 enqueued
[155.555s][info][gc,ref      ] GC(93) Weak: 24154 encountered, 22878 discovered, 22440 enqueued
[155.555s][info][gc,ref      ] GC(93) Final: 7 encountered, 5 discovered, 0 enqueued
[155.555s][info][gc,ref      ] GC(93) Phantom: 714 encountered, 645 discovered, 0 enqueued
[155.555s][info][gc,reloc    ] GC(93) Small Pages: 354 / 708M, Empty: 214M, Relocated: 10M, In-Place: 0
[155.555s][info][gc,reloc    ] GC(93) Medium Pages: 9 / 288M, Empty: 224M, Relocated: 16M, In-Place: 0
[155.555s][info][gc,reloc    ] GC(93) Large Pages: 73 / 508M, Empty: 508M, Relocated: 0M, In-Place: 0
[155.555s][info][gc,reloc    ] GC(93) Forwarding Usage: 3M
[155.555s][info][gc,heap     ] GC(93) Min Capacity: 8192M(100%)
[155.555s][info][gc,heap     ] GC(93) Max Capacity: 8192M(100%)
[155.555s][info][gc,heap     ] GC(93) Soft Max Capacity: 8192M(100%)
[155.555s][info][gc,heap     ] GC(93)                Mark Start          Mark End        Relocate Start      Relocate End           High               Low         
[155.555s][info][gc,heap     ] GC(93)  Capacity:     8192M (100%)       8192M (100%)       8192M (100%)       8192M (100%)       8192M (100%)       8192M (100%)   
[155.555s][info][gc,heap     ] GC(93)      Free:     6688M (82%)        6688M (82%)        7634M (93%)        8044M (98%)        8044M (98%)        6688M (82%)    
[155.555s][info][gc,heap     ] GC(93)      Used:     1504M (18%)        1504M (18%)         558M (7%)          148M (2%)         1504M (18%)         148M (2%)     
[155.555s][info][gc,heap     ] GC(93)      Live:         -               126M (2%)          126M (2%)          126M (2%)             -                  -          
[155.555s][info][gc,heap     ] GC(93) Allocated:         -                 0M (0%)            0M (0%)            1M (0%)             -                  -          
[155.555s][info][gc,heap     ] GC(93)   Garbage:         -              1377M (17%)         431M (5%)           19M (0%)             -                  -          
[155.555s][info][gc,heap     ] GC(93) Reclaimed:         -                  -               946M (12%)        1357M (17%)            -                  -          
[155.555s][info][gc          ] GC(93) Garbage Collection (System.gc()) 1504M(18%)->148M(2%)
[156.229s][info][gc,start    ] GC(94) Garbage Collection (Allocation Rate)
[156.229s][info][gc,task     ] GC(94) Using 2 workers
[156.229s][info][gc,phases   ] GC(94) Pause Mark Start 0.009ms
[156.323s][info][gc,phases   ] GC(94) Concurrent Mark 82.669ms
[156.323s][info][gc,phases   ] GC(94) Pause Mark End 0.018ms
[156.323s][info][gc,phases   ] GC(94) Concurrent Mark Free 0.001ms
[156.328s][info][gc,phases   ] GC(94) Concurrent Process Non-Strong References 5.292ms
[156.328s][info][gc,phases   ] GC(94) Concurrent Reset Relocation Set 0.018ms
[156.332s][info][gc,phases   ] GC(94) Concurrent Select Relocation Set 3.065ms
[156.332s][info][gc,phases   ] GC(94) Pause Relocate Start 0.009ms
[156.332s][info][gc,phases   ] GC(94) Concurrent Relocate 0.556ms
[156.332s][info][gc,load     ] GC(94) Load: 0.00/0.00/0.00
[156.332s][info][gc,mmu      ] GC(94) MMU: 2ms/80.5%, 5ms/92.2%, 10ms/96.1%, 20ms/96.3%, 50ms/97.1%, 100ms/97.5%
[156.332s][info][gc,marking  ] GC(94) Mark: 2 stripe(s), 2 proactive flush(es), 1 terminate flush(es), 0 completion(s), 0 continuation(s) 
[156.332s][info][gc,marking  ] GC(94) Mark Stack Usage: 32M
[156.332s][info][gc,nmethod  ] GC(94) NMethods: 4671 registered, 0 unregistered
[156.332s][info][gc,metaspace] GC(94) Metaspace: 33M used, 33M committed, 1088M reserved
[156.332s][info][gc,ref      ] GC(94) Soft: 4016 encountered, 0 discovered, 0 enqueued
[156.332s][info][gc,ref      ] GC(94) Weak: 1720 encountered, 46 discovered, 0 enqueued
[156.332s][info][gc,ref      ] GC(94) Final: 7 encountered, 7 discovered, 0 enqueued
[156.332s][info][gc,ref      ] GC(94) Phantom: 714 encountered, 617 discovered, 0 enqueued
[156.332s][info][gc,reloc    ] GC(94) Small Pages: 2525 / 5050M, Empty: 4912M, Relocated: 1M, In-Place: 0
[156.332s][info][gc,reloc    ] GC(94) Medium Pages: 1 / 32M, Empty: 0M, Relocated: 0M, In-Place: 0
[156.332s][info][gc,reloc    ] GC(94) Large Pages: 0 / 0M, Empty: 0M, Relocated: 0M, In-Place: 0
[156.332s][info][gc,reloc    ] GC(94) Forwarding Usage: 0M
[156.333s][info][gc,heap     ] GC(94) Min Capacity: 8192M(100%)
[156.333s][info][gc,heap     ] GC(94) Max Capacity: 8192M(100%)
[156.333s][info][gc,heap     ] GC(94) Soft Max Capacity: 8192M(100%)
[156.333s][info][gc,heap     ] GC(94)                Mark Start          Mark End        Relocate Start      Relocate End           High               Low         
[156.333s][info][gc,heap     ] GC(94)  Capacity:     8192M (100%)       8192M (100%)       8192M (100%)       8192M (100%)       8192M (100%)       8192M (100%)   
[156.333s][info][gc,heap     ] GC(94)      Free:     3110M (38%)        2680M (33%)        7560M (92%)        7578M (93%)        7578M (93%)        2658M (32%)    
[156.333s][info][gc,heap     ] GC(94)      Used:     5082M (62%)        5512M (67%)         632M (8%)          614M (7%)         5534M (68%)         614M (7%)     
[156.333s][info][gc,heap     ] GC(94)      Live:         -               126M (2%)          126M (2%)          126M (2%)             -                  -          
[156.333s][info][gc,heap     ] GC(94) Allocated:         -               430M (5%)          462M (6%)          465M (6%)             -                  -          
[156.333s][info][gc,heap     ] GC(94)   Garbage:         -              4955M (60%)          43M (1%)           21M (0%)             -                  -          
[156.333s][info][gc,heap     ] GC(94) Reclaimed:         -                  -              4912M (60%)        4933M (60%)            -                  -          
[156.333s][info][gc          ] GC(94) Garbage Collection (Allocation Rate) 5082M(62%)->614M(7%)
[157.233s][info][gc,start    ] GC(95) Garbage Collection (Allocation Rate)
[157.233s][info][gc,task     ] GC(95) Using 1 workers
[157.233s][info][gc,phases   ] GC(95) Pause Mark Start 0.007ms
[157.361s][info][gc,phases   ] GC(95) Concurrent Mark 128.196ms
[157.361s][info][gc,phases   ] GC(95) Pause Mark End 0.010ms
[157.361s][info][gc,phases   ] GC(95) Concurrent Mark Free 0.001ms
[157.372s][info][gc,phases   ] GC(95) Concurrent Process Non-Strong References 10.268ms
[157.372s][info][gc,phases   ] GC(95) Concurrent Reset Relocation Set 0.002ms
[157.375s][info][gc,phases   ] GC(95) Concurrent Select Relocation Set 3.385ms
[157.375s][info][gc,phases   ] GC(95) Pause Relocate Start 0.009ms
[157.376s][info][gc,phases   ] GC(95) Concurrent Relocate 0.553ms
[157.376s][info][gc,load     ] GC(95) Load: 0.00/0.00/0.00
[157.376s][info][gc,mmu      ] GC(95) MMU: 2ms/80.5%, 5ms/92.2%, 10ms/96.1%, 20ms/96.3%, 50ms/97.1%, 100ms/97.5%
[157.376s][info][gc,marking  ] GC(95) Mark: 1 stripe(s), 2 proactive flush(es), 1 terminate flush(es), 0 completion(s), 0 continuation(s) 
[157.376s][info][gc,marking  ] GC(95) Mark Stack Usage: 32M
[157.376s][info][gc,nmethod  ] GC(95) NMethods: 4671 registered, 0 unregistered
[157.376s][info][gc,metaspace] GC(95) Metaspace: 33M used, 33M committed, 1088M reserved
[157.376s][info][gc,ref      ] GC(95) Soft: 4016 encountered, 0 discovered, 0 enqueued
[157.376s][info][gc,ref      ] GC(95) Weak: 1732 encountered, 1284 discovered, 0 enqueued
[157.376s][info][gc,ref      ] GC(95) Final: 7 encountered, 7 discovered, 0 enqueued
[157.376s][info][gc,ref      ] GC(95) Phantom: 714 encountered, 665 discovered, 0 enqueued
[157.376s][info][gc,reloc    ] GC(95) Small Pages: 2835 / 5670M, Empty: 5530M, Relocated: 1M, In-Place: 0
[157.376s][info][gc,reloc    ] GC(95) Medium Pages: 1 / 32M, Empty: 0M, Relocated: 0M, In-Place: 0
[157.376s][info][gc,reloc    ] GC(95) Large Pages: 0 / 0M, Empty: 0M, Relocated: 0M, In-Place: 0
[157.376s][info][gc,reloc    ] GC(95) Forwarding Usage: 0M
[157.376s][info][gc,heap     ] GC(95) Min Capacity: 8192M(100%)
[157.376s][info][gc,heap     ] GC(95) Max Capacity: 8192M(100%)
[157.376s][info][gc,heap     ] GC(95) Soft Max Capacity: 8192M(100%)
[157.376s][info][gc,heap     ] GC(95)                Mark Start          Mark End        Relocate Start      Relocate End           High               Low         
[157.376s][info][gc,heap     ] GC(95)  Capacity:     8192M (100%)       8192M (100%)       8192M (100%)       8192M (100%)       8192M (100%)       8192M (100%)   
[157.376s][info][gc,heap     ] GC(95)      Free:     2490M (30%)        2064M (25%)        7540M (92%)        7564M (92%)        7564M (92%)        2024M (25%)    
[157.376s][info][gc,heap     ] GC(95)      Used:     5702M (70%)        6128M (75%)         652M (8%)          628M (8%)         6168M (75%)         628M (8%)     
[157.376s][info][gc,heap     ] GC(95)      Live:         -               126M (2%)          126M (2%)          126M (2%)             -                  -          
[157.376s][info][gc,heap     ] GC(95) Allocated:         -               426M (5%)          480M (6%)          481M (6%)             -                  -          
[157.376s][info][gc,heap     ] GC(95)   Garbage:         -              5575M (68%)          45M (1%)           19M (0%)             -                  -          
[157.376s][info][gc,heap     ] GC(95) Reclaimed:         -                  -              5530M (68%)        5555M (68%)            -                  -          
[157.376s][info][gc          ] GC(95) Garbage Collection (Allocation Rate) 5702M(70%)->628M(8%)
[158.721s][info][gc,start    ] GC(96) Garbage Collection (Allocation Rate)
[158.721s][info][gc,task     ] GC(96) Using 1 workers
[158.722s][info][gc,phases   ] GC(96) Pause Mark Start 0.008ms
[158.851s][info][gc,phases   ] GC(96) Concurrent Mark 129.715ms
[158.852s][info][gc,phases   ] GC(96) Pause Mark End 0.013ms
[158.852s][info][gc,phases   ] GC(96) Concurrent Mark Free 0.001ms
[158.861s][info][gc,phases   ] GC(96) Concurrent Process Non-Strong References 9.029ms
[158.861s][info][gc,phases   ] GC(96) Concurrent Reset Relocation Set 0.002ms
[158.872s][info][gc,phases   ] GC(96) Concurrent Select Relocation Set 10.958ms
[158.872s][info][gc,phases   ] GC(96) Pause Relocate Start 0.015ms
[158.904s][info][gc,phases   ] GC(96) Concurrent Relocate 32.461ms
[158.905s][info][gc,load     ] GC(96) Load: 0.00/0.00/0.00
[158.905s][info][gc,mmu      ] GC(96) MMU: 2ms/80.5%, 5ms/92.2%, 10ms/96.1%, 20ms/96.3%, 50ms/97.1%, 100ms/97.5%
[158.905s][info][gc,marking  ] GC(96) Mark: 1 stripe(s), 2 proactive flush(es), 1 terminate flush(es), 0 completion(s), 0 continuation(s) 
[158.905s][info][gc,marking  ] GC(96) Mark Stack Usage: 32M
[158.905s][info][gc,nmethod  ] GC(96) NMethods: 4680 registered, 0 unregistered
[158.905s][info][gc,metaspace] GC(96) Metaspace: 33M used, 33M committed, 1088M reserved
[158.905s][info][gc,ref      ] GC(96) Soft: 4016 encountered, 0 discovered, 0 enqueued
[158.905s][info][gc,ref      ] GC(96) Weak: 21053 encountered, 17577 discovered, 4577 enqueued
[158.905s][info][gc,ref      ] GC(96) Final: 7 encountered, 7 discovered, 0 enqueued
[158.905s][info][gc,ref      ] GC(96) Phantom: 720 encountered, 671 discovered, 0 enqueued
[158.905s][info][gc,reloc    ] GC(96) Small Pages: 2362 / 4724M, Empty: 4324M, Relocated: 36M, In-Place: 0
[158.905s][info][gc,reloc    ] GC(96) Medium Pages: 5 / 160M, Empty: 128M, Relocated: 0M, In-Place: 0
[158.905s][info][gc,reloc    ] GC(96) Large Pages: 35 / 240M, Empty: 240M, Relocated: 0M, In-Place: 0
[158.905s][info][gc,reloc    ] GC(96) Forwarding Usage: 11M
[158.905s][info][gc,heap     ] GC(96) Min Capacity: 8192M(100%)
[158.905s][info][gc,heap     ] GC(96) Max Capacity: 8192M(100%)
[158.905s][info][gc,heap     ] GC(96) Soft Max Capacity: 8192M(100%)
[158.905s][info][gc,heap     ] GC(96)                Mark Start          Mark End        Relocate Start      Relocate End           High               Low         
[158.905s][info][gc,heap     ] GC(96)  Capacity:     8192M (100%)       8192M (100%)       8192M (100%)       8192M (100%)       8192M (100%)       8192M (100%)   
[158.905s][info][gc,heap     ] GC(96)      Free:     3068M (37%)        2922M (36%)        7586M (93%)        7790M (95%)        7824M (96%)        2914M (36%)    
[158.905s][info][gc,heap     ] GC(96)      Used:     5124M (63%)        5270M (64%)         606M (7%)          402M (5%)         5278M (64%)         368M (4%)     
[158.905s][info][gc,heap     ] GC(96)      Live:         -               149M (2%)          149M (2%)          149M (2%)             -                  -          
[158.905s][info][gc,heap     ] GC(96) Allocated:         -               146M (2%)          174M (2%)          230M (3%)             -                  -          
[158.905s][info][gc,heap     ] GC(96)   Garbage:         -              4974M (61%)         282M (3%)           21M (0%)             -                  -          
[158.905s][info][gc,heap     ] GC(96) Reclaimed:         -                  -              4692M (57%)        4952M (60%)            -                  -          
[158.905s][info][gc          ] GC(96) Garbage Collection (Allocation Rate) 5124M(63%)->402M(5%)
[160.321s][info][gc,stats    ] === Garbage Collection Statistics =======================================================================================================================
[160.321s][info][gc,stats    ]                                                              Last 10s              Last 10m              Last 10h                Total
[160.321s][info][gc,stats    ]                                                              Avg / Max             Avg / Max             Avg / Max             Avg / Max
[160.321s][info][gc,stats    ]   Collector: Garbage Collection Cycle                    153.694 / 240.853     127.080 / 379.439     127.080 / 379.439     127.080 / 379.439     ms
[160.321s][info][gc,stats    ]  Contention: Mark Segment Reset Contention                     0 / 0                 0 / 26                0 / 26                0 / 26          ops/s
[160.321s][info][gc,stats    ]  Contention: Mark SeqNum Reset Contention                      0 / 0                 0 / 1                 0 / 1                 0 / 1           ops/s
[160.321s][info][gc,stats    ]    Critical: Allocation Stall                                  0 / 0                 0 / 0                 0 / 0                 0 / 0           ops/s
[160.321s][info][gc,stats    ]    Critical: Allocation Stall                              0.000 / 0.000         0.000 / 0.000         0.000 / 0.000         0.000 / 0.000       ms
[160.321s][info][gc,stats    ]    Critical: GC Locker Stall                                   0 / 0                 0 / 0                 0 / 0                 0 / 0           ops/s
[160.321s][info][gc,stats    ]    Critical: GC Locker Stall                               0.000 / 0.000         0.000 / 0.000         0.000 / 0.000         0.000 / 0.000       ms
[160.321s][info][gc,stats    ]    Critical: Relocation Stall                                  0 / 0                 0 / 0                 0 / 0                 0 / 0           ops/s
[160.321s][info][gc,stats    ]    Critical: Relocation Stall                              0.000 / 0.000         0.000 / 0.000         0.000 / 0.000         0.000 / 0.000       ms
[160.321s][info][gc,stats    ]      Memory: Allocation Rate                                2567 / 5532           2756 / 6636           2756 / 6636           2756 / 6636        MB/s
[160.321s][info][gc,stats    ]      Memory: Out Of Memory                                     0 / 0                 0 / 0                 0 / 0                 0 / 0           ops/s
[160.321s][info][gc,stats    ]      Memory: Page Cache Flush                                 57 / 490              91 / 664              91 / 664              91 / 664         MB/s
[160.321s][info][gc,stats    ]      Memory: Page Cache Hit L1                              1092 / 2741           1164 / 3321           1164 / 3321           1164 / 3321        ops/s
[160.321s][info][gc,stats    ]      Memory: Page Cache Hit L2                                 0 / 0                 0 / 0                 0 / 0                 0 / 0           ops/s
[160.321s][info][gc,stats    ]      Memory: Page Cache Hit L3                                12 / 66               55 / 635              55 / 635              55 / 635         ops/s
[160.321s][info][gc,stats    ]      Memory: Page Cache Miss                                   6 / 52                9 / 70                9 / 70                9 / 70          ops/s
[160.321s][info][gc,stats    ]      Memory: Uncommit                                          0 / 0                 0 / 0                 0 / 0                 0 / 0           MB/s
[160.321s][info][gc,stats    ]      Memory: Undo Object Allocation Failed                     0 / 0                 0 / 1                 0 / 1                 0 / 1           ops/s
[160.321s][info][gc,stats    ]      Memory: Undo Object Allocation Succeeded                  0 / 0                 0 / 94                0 / 94                0 / 94          ops/s
[160.321s][info][gc,stats    ]      Memory: Undo Page Allocation                              0 / 2                 0 / 8                 0 / 8                 0 / 8           ops/s
[160.321s][info][gc,stats    ]       Phase: Concurrent Mark                             120.835 / 183.506      99.296 / 190.432      99.296 / 190.432      99.296 / 190.432     ms
[160.321s][info][gc,stats    ]       Phase: Concurrent Mark Continue                      0.000 / 0.000        15.048 / 15.380       15.048 / 15.380       15.048 / 15.380      ms
[160.321s][info][gc,stats    ]       Phase: Concurrent Mark Free                          0.001 / 0.002         0.001 / 0.004         0.001 / 0.004         0.001 / 0.004       ms
[160.321s][info][gc,stats    ]       Phase: Concurrent Process Non-Strong References      9.157 / 13.829        7.937 / 31.000        7.937 / 31.000        7.937 / 31.000      ms
[160.321s][info][gc,stats    ]       Phase: Concurrent Relocate                          15.439 / 36.716       10.271 / 76.380       10.271 / 76.380       10.271 / 76.380      ms
[160.321s][info][gc,stats    ]       Phase: Concurrent Reset Relocation Set               0.009 / 0.020         0.010 / 0.049         0.010 / 0.049         0.010 / 0.049       ms
[160.321s][info][gc,stats    ]       Phase: Concurrent Select Relocation Set              5.064 / 10.958        3.595 / 10.958        3.595 / 10.958        3.595 / 10.958      ms
[160.322s][info][gc,stats    ]       Phase: Pause Mark End                                0.025 / 0.065         0.070 / 0.390         0.070 / 0.390         0.070 / 0.390       ms
[160.322s][info][gc,stats    ]       Phase: Pause Mark Start                              0.007 / 0.009         0.009 / 0.021         0.009 / 0.021         0.009 / 0.021       ms
[160.322s][info][gc,stats    ]       Phase: Pause Relocate Start                          0.012 / 0.015         0.010 / 0.024         0.010 / 0.024         0.010 / 0.024       ms
[160.322s][info][gc,stats    ]    Subphase: Concurrent Classes Purge                      0.266 / 0.366         0.234 / 0.437         0.234 / 0.437         0.234 / 0.437       ms
[160.322s][info][gc,stats    ]    Subphase: Concurrent Classes Unlink                     6.056 / 8.995         5.626 / 23.760        5.626 / 23.760        5.626 / 23.760      ms
[160.322s][info][gc,stats    ]    Subphase: Concurrent Mark                             104.900 / 182.778      72.222 / 189.582      72.222 / 189.582      72.222 / 189.582     ms
[160.322s][info][gc,stats    ]    Subphase: Concurrent Mark Try Flush                     0.111 / 0.687         0.517 / 30.486        0.517 / 30.486        0.517 / 30.486      ms
[160.322s][info][gc,stats    ]    Subphase: Concurrent Mark Try Terminate                 2.796 / 16.155        3.145 / 16.519        3.145 / 16.519        3.145 / 16.519      ms
[160.322s][info][gc,stats    ]    Subphase: Concurrent References Enqueue                 0.004 / 0.007         0.003 / 0.008         0.003 / 0.008         0.003 / 0.008       ms
[160.322s][info][gc,stats    ]    Subphase: Concurrent References Process                 1.360 / 2.838         0.999 / 3.217         0.999 / 3.217         0.999 / 3.217       ms
[160.322s][info][gc,stats    ]    Subphase: Concurrent Roots ClassLoaderDataGraph         0.119 / 0.185         0.112 / 0.537         0.112 / 0.537         0.112 / 0.537       ms
[160.322s][info][gc,stats    ]    Subphase: Concurrent Roots CodeCache                    0.000 / 0.000         0.000 / 0.000         0.000 / 0.000         0.000 / 0.000       ms
[160.322s][info][gc,stats    ]    Subphase: Concurrent Roots JavaThreads                  0.349 / 0.522         0.359 / 1.258         0.359 / 1.258         0.359 / 1.258       ms
[160.322s][info][gc,stats    ]    Subphase: Concurrent Roots OopStorageSet                0.039 / 0.085         0.031 / 0.124         0.031 / 0.124         0.031 / 0.124       ms
[160.322s][info][gc,stats    ]    Subphase: Concurrent Weak Roots OopStorageSet           0.341 / 0.438         0.318 / 1.123         0.318 / 1.123         0.318 / 1.123       ms
[160.322s][info][gc,stats    ]    Subphase: Pause Mark Try Complete                       0.006 / 0.006         0.176 / 0.301         0.176 / 0.301         0.176 / 0.301       ms
[160.322s][info][gc,stats    ]      System: Java Threads                                     19 / 21               18 / 22               18 / 22               18 / 22          threads
[160.322s][info][gc,stats    ] =========================================================================================================================================================
[162.296s][info][gc,start    ] GC(97) Garbage Collection (System.gc())
[162.296s][info][gc,task     ] GC(97) Using 2 workers
[162.296s][info][gc,phases   ] GC(97) Pause Mark Start 0.007ms
[162.350s][info][gc,phases   ] GC(97) Concurrent Mark 53.821ms
[162.350s][info][gc,phases   ] GC(97) Pause Mark End 0.018ms
[162.350s][info][gc,phases   ] GC(97) Concurrent Mark Free 0.001ms
[162.356s][info][gc,phases   ] GC(97) Concurrent Process Non-Strong References 5.505ms
[162.356s][info][gc,phases   ] GC(97) Concurrent Reset Relocation Set 0.011ms
[162.358s][info][gc,phases   ] GC(97) Concurrent Select Relocation Set 2.412ms
[162.359s][info][gc,phases   ] GC(97) Pause Relocate Start 0.012ms
[162.366s][info][gc,phases   ] GC(97) Concurrent Relocate 7.647ms
[162.366s][info][gc,load     ] GC(97) Load: 0.00/0.00/0.00
[162.366s][info][gc,mmu      ] GC(97) MMU: 2ms/80.5%, 5ms/92.2%, 10ms/96.1%, 20ms/96.3%, 50ms/97.1%, 100ms/97.5%
[162.366s][info][gc,marking  ] GC(97) Mark: 2 stripe(s), 1 proactive flush(es), 1 terminate flush(es), 0 completion(s), 0 continuation(s) 
[162.366s][info][gc,marking  ] GC(97) Mark Stack Usage: 32M
[162.366s][info][gc,nmethod  ] GC(97) NMethods: 4684 registered, 0 unregistered
[162.366s][info][gc,metaspace] GC(97) Metaspace: 33M used, 33M committed, 1088M reserved
[162.366s][info][gc,ref      ] GC(97) Soft: 4016 encountered, 0 discovered, 0 enqueued
[162.366s][info][gc,ref      ] GC(97) Weak: 24261 encountered, 22605 discovered, 22548 enqueued
[162.366s][info][gc,ref      ] GC(97) Final: 7 encountered, 7 discovered, 0 enqueued
[162.366s][info][gc,ref      ] GC(97) Phantom: 714 encountered, 615 discovered, 0 enqueued
[162.366s][info][gc,reloc    ] GC(97) Small Pages: 917 / 1834M, Empty: 1104M, Relocated: 10M, In-Place: 0
[162.366s][info][gc,reloc    ] GC(97) Medium Pages: 27 / 864M, Empty: 800M, Relocated: 15M, In-Place: 0
[162.366s][info][gc,reloc    ] GC(97) Large Pages: 246 / 1716M, Empty: 1716M, Relocated: 0M, In-Place: 0
[162.366s][info][gc,reloc    ] GC(97) Forwarding Usage: 3M
[162.366s][info][gc,heap     ] GC(97) Min Capacity: 8192M(100%)
[162.366s][info][gc,heap     ] GC(97) Max Capacity: 8192M(100%)
[162.366s][info][gc,heap     ] GC(97) Soft Max Capacity: 8192M(100%)
[162.366s][info][gc,heap     ] GC(97)                Mark Start          Mark End        Relocate Start      Relocate End           High               Low         
[162.366s][info][gc,heap     ] GC(97)  Capacity:     8192M (100%)       8192M (100%)       8192M (100%)       8192M (100%)       8192M (100%)       8192M (100%)   
[162.366s][info][gc,heap     ] GC(97)      Free:     3778M (46%)        3778M (46%)        7398M (90%)        8046M (98%)        8046M (98%)        3778M (46%)    
[162.366s][info][gc,heap     ] GC(97)      Used:     4414M (54%)        4414M (54%)         794M (10%)         146M (2%)         4414M (54%)         146M (2%)     
[162.366s][info][gc,heap     ] GC(97)      Live:         -               125M (2%)          125M (2%)          125M (2%)             -                  -          
[162.366s][info][gc,heap     ] GC(97) Allocated:         -                 0M (0%)            0M (0%)            0M (0%)             -                  -          
[162.366s][info][gc,heap     ] GC(97)   Garbage:         -              4288M (52%)         668M (8%)           20M (0%)             -                  -          
[162.366s][info][gc,heap     ] GC(97) Reclaimed:         -                  -              3620M (44%)        4268M (52%)            -                  -          
[162.366s][info][gc          ] GC(97) Garbage Collection (System.gc()) 4414M(54%)->146M(2%)
[163.027s][info][gc,start    ] GC(98) Garbage Collection (Allocation Rate)
[163.027s][info][gc,task     ] GC(98) Using 2 workers
[163.027s][info][gc,phases   ] GC(98) Pause Mark Start 0.012ms
[163.121s][info][gc,phases   ] GC(98) Concurrent Mark 93.321ms
[163.121s][info][gc,phases   ] GC(98) Pause Mark End 0.013ms
[163.121s][info][gc,phases   ] GC(98) Concurrent Mark Free 0.001ms
[163.126s][info][gc,phases   ] GC(98) Concurrent Process Non-Strong References 5.331ms
[163.126s][info][gc,phases   ] GC(98) Concurrent Reset Relocation Set 0.027ms
[163.129s][info][gc,phases   ] GC(98) Concurrent Select Relocation Set 3.102ms
[163.130s][info][gc,phases   ] GC(98) Pause Relocate Start 0.008ms
[163.130s][info][gc,phases   ] GC(98) Concurrent Relocate 0.633ms
[163.130s][info][gc,load     ] GC(98) Load: 0.00/0.00/0.00
[163.130s][info][gc,mmu      ] GC(98) MMU: 2ms/80.5%, 5ms/92.2%, 10ms/96.1%, 20ms/96.3%, 50ms/97.1%, 100ms/97.5%
[163.130s][info][gc,marking  ] GC(98) Mark: 2 stripe(s), 1 proactive flush(es), 1 terminate flush(es), 0 completion(s), 0 continuation(s) 
[163.130s][info][gc,marking  ] GC(98) Mark Stack Usage: 32M
[163.130s][info][gc,nmethod  ] GC(98) NMethods: 4684 registered, 0 unregistered
[163.130s][info][gc,metaspace] GC(98) Metaspace: 33M used, 33M committed, 1088M reserved
[163.130s][info][gc,ref      ] GC(98) Soft: 4016 encountered, 0 discovered, 0 enqueued
[163.130s][info][gc,ref      ] GC(98) Weak: 1731 encountered, 56 discovered, 0 enqueued
[163.130s][info][gc,ref      ] GC(98) Final: 7 encountered, 5 discovered, 0 enqueued
[163.130s][info][gc,ref      ] GC(98) Phantom: 714 encountered, 654 discovered, 0 enqueued
[163.130s][info][gc,reloc    ] GC(98) Small Pages: 2473 / 4946M, Empty: 4808M, Relocated: 0M, In-Place: 0
[163.130s][info][gc,reloc    ] GC(98) Medium Pages: 1 / 32M, Empty: 0M, Relocated: 0M, In-Place: 0
[163.130s][info][gc,reloc    ] GC(98) Large Pages: 0 / 0M, Empty: 0M, Relocated: 0M, In-Place: 0
[163.130s][info][gc,reloc    ] GC(98) Forwarding Usage: 0M
[163.130s][info][gc,heap     ] GC(98) Min Capacity: 8192M(100%)
[163.130s][info][gc,heap     ] GC(98) Max Capacity: 8192M(100%)
[163.130s][info][gc,heap     ] GC(98) Soft Max Capacity: 8192M(100%)
[163.130s][info][gc,heap     ] GC(98)                Mark Start          Mark End        Relocate Start      Relocate End           High               Low         
[163.130s][info][gc,heap     ] GC(98)  Capacity:     8192M (100%)       8192M (100%)       8192M (100%)       8192M (100%)       8192M (100%)       8192M (100%)   
[163.130s][info][gc,heap     ] GC(98)      Free:     3214M (39%)        2756M (34%)        7524M (92%)        7546M (92%)        7546M (92%)        2730M (33%)    
[163.130s][info][gc,heap     ] GC(98)      Used:     4978M (61%)        5436M (66%)         668M (8%)          646M (8%)         5462M (67%)         646M (8%)     
[163.130s][info][gc,heap     ] GC(98)      Live:         -               125M (2%)          125M (2%)          125M (2%)             -                  -          
[163.130s][info][gc,heap     ] GC(98) Allocated:         -               458M (6%)          498M (6%)          498M (6%)             -                  -          
[163.130s][info][gc,heap     ] GC(98)   Garbage:         -              4852M (59%)          44M (1%)           22M (0%)             -                  -          
[163.130s][info][gc,heap     ] GC(98) Reclaimed:         -                  -              4808M (59%)        4830M (59%)            -                  -          
[163.130s][info][gc          ] GC(98) Garbage Collection (Allocation Rate) 4978M(61%)->646M(8%)
[163.733s][info][gc,start    ] GC(99) Garbage Collection (Allocation Rate)
[163.733s][info][gc,task     ] GC(99) Using 1 workers
[163.733s][info][gc,phases   ] GC(99) Pause Mark Start 0.011ms
[163.871s][info][gc,phases   ] GC(99) Concurrent Mark 137.562ms
[163.871s][info][gc,phases   ] GC(99) Pause Mark End 0.012ms
[163.871s][info][gc,phases   ] GC(99) Concurrent Mark Free 0.001ms
[163.882s][info][gc,phases   ] GC(99) Concurrent Process Non-Strong References 10.782ms
[163.882s][info][gc,phases   ] GC(99) Concurrent Reset Relocation Set 0.003ms
[163.885s][info][gc,phases   ] GC(99) Concurrent Select Relocation Set 2.782ms
[163.885s][info][gc,phases   ] GC(99) Pause Relocate Start 0.008ms
[163.885s][info][gc,phases   ] GC(99) Concurrent Relocate 0.522ms
[163.885s][info][gc,load     ] GC(99) Load: 0.00/0.00/0.00
[163.885s][info][gc,mmu      ] GC(99) MMU: 2ms/80.5%, 5ms/92.2%, 10ms/96.1%, 20ms/96.3%, 50ms/97.1%, 100ms/97.5%
[163.885s][info][gc,marking  ] GC(99) Mark: 1 stripe(s), 2 proactive flush(es), 1 terminate flush(es), 0 completion(s), 0 continuation(s) 
[163.885s][info][gc,marking  ] GC(99) Mark Stack Usage: 32M
[163.885s][info][gc,nmethod  ] GC(99) NMethods: 4684 registered, 0 unregistered
[163.885s][info][gc,metaspace] GC(99) Metaspace: 33M used, 33M committed, 1088M reserved
[163.885s][info][gc,ref      ] GC(99) Soft: 4016 encountered, 0 discovered, 0 enqueued
[163.885s][info][gc,ref      ] GC(99) Weak: 1731 encountered, 1283 discovered, 0 enqueued
[163.885s][info][gc,ref      ] GC(99) Final: 7 encountered, 7 discovered, 0 enqueued
[163.885s][info][gc,ref      ] GC(99) Phantom: 714 encountered, 665 discovered, 0 enqueued
[163.885s][info][gc,reloc    ] GC(99) Small Pages: 2009 / 4018M, Empty: 3876M, Relocated: 0M, In-Place: 0
[163.885s][info][gc,reloc    ] GC(99) Medium Pages: 1 / 32M, Empty: 0M, Relocated: 0M, In-Place: 0
[163.885s][info][gc,reloc    ] GC(99) Large Pages: 0 / 0M, Empty: 0M, Relocated: 0M, In-Place: 0
[163.885s][info][gc,reloc    ] GC(99) Forwarding Usage: 0M
[163.885s][info][gc,heap     ] GC(99) Min Capacity: 8192M(100%)
[163.885s][info][gc,heap     ] GC(99) Max Capacity: 8192M(100%)
[163.885s][info][gc,heap     ] GC(99) Soft Max Capacity: 8192M(100%)
[163.885s][info][gc,heap     ] GC(99)                Mark Start          Mark End        Relocate Start      Relocate End           High               Low         
[163.886s][info][gc,heap     ] GC(99)  Capacity:     8192M (100%)       8192M (100%)       8192M (100%)       8192M (100%)       8192M (100%)       8192M (100%)   
[163.886s][info][gc,heap     ] GC(99)      Free:     4142M (51%)        3484M (43%)        7302M (89%)        7326M (89%)        7326M (89%)        3436M (42%)    
[163.886s][info][gc,heap     ] GC(99)      Used:     4050M (49%)        4708M (57%)         890M (11%)         866M (11%)        4756M (58%)         866M (11%)    
[163.886s][info][gc,heap     ] GC(99)      Live:         -               125M (2%)          125M (2%)          125M (2%)             -                  -          
[163.886s][info][gc,heap     ] GC(99) Allocated:         -               658M (8%)          716M (9%)          719M (9%)             -                  -          
[163.886s][info][gc,heap     ] GC(99)   Garbage:         -              3924M (48%)          48M (1%)           20M (0%)             -                  -          
[163.886s][info][gc,heap     ] GC(99) Reclaimed:         -                  -              3876M (47%)        3903M (48%)            -                  -          
[163.886s][info][gc          ] GC(99) Garbage Collection (Allocation Rate) 4050M(49%)->866M(11%)
[164.922s][info][gc,start    ] GC(100) Garbage Collection (Allocation Rate)
[164.922s][info][gc,task     ] GC(100) Using 1 workers
[164.922s][info][gc,phases   ] GC(100) Pause Mark Start 0.007ms
[165.027s][info][gc,phases   ] GC(100) Concurrent Mark 105.529ms
[165.028s][info][gc,phases   ] GC(100) Pause Mark End 0.013ms
[165.028s][info][gc,phases   ] GC(100) Concurrent Mark Free 0.001ms
[165.036s][info][gc,phases   ] GC(100) Concurrent Process Non-Strong References 8.330ms
[165.036s][info][gc,phases   ] GC(100) Concurrent Reset Relocation Set 0.002ms
[165.038s][info][gc,phases   ] GC(100) Concurrent Select Relocation Set 2.360ms
[165.038s][info][gc,phases   ] GC(100) Pause Relocate Start 0.008ms
[165.039s][info][gc,phases   ] GC(100) Concurrent Relocate 0.486ms
[165.039s][info][gc,load     ] GC(100) Load: 0.00/0.00/0.00
[165.039s][info][gc,mmu      ] GC(100) MMU: 2ms/80.5%, 5ms/92.2%, 10ms/96.1%, 20ms/96.3%, 50ms/97.1%, 100ms/97.5%
[165.039s][info][gc,marking  ] GC(100) Mark: 1 stripe(s), 2 proactive flush(es), 1 terminate flush(es), 0 completion(s), 0 continuation(s) 
[165.039s][info][gc,marking  ] GC(100) Mark Stack Usage: 32M
[165.039s][info][gc,nmethod  ] GC(100) NMethods: 4685 registered, 0 unregistered
[165.039s][info][gc,metaspace] GC(100) Metaspace: 33M used, 33M committed, 1088M reserved
[165.039s][info][gc,ref      ] GC(100) Soft: 4016 encountered, 0 discovered, 0 enqueued
[165.039s][info][gc,ref      ] GC(100) Weak: 1743 encountered, 1295 discovered, 12 enqueued
[165.039s][info][gc,ref      ] GC(100) Final: 7 encountered, 7 discovered, 0 enqueued
[165.039s][info][gc,ref      ] GC(100) Phantom: 714 encountered, 665 discovered, 0 enqueued
[165.039s][info][gc,reloc    ] GC(100) Small Pages: 3112 / 6224M, Empty: 6066M, Relocated: 0M, In-Place: 0
[165.039s][info][gc,reloc    ] GC(100) Medium Pages: 1 / 32M, Empty: 0M, Relocated: 0M, In-Place: 0
[165.039s][info][gc,reloc    ] GC(100) Large Pages: 0 / 0M, Empty: 0M, Relocated: 0M, In-Place: 0
[165.039s][info][gc,reloc    ] GC(100) Forwarding Usage: 0M
[165.039s][info][gc,heap     ] GC(100) Min Capacity: 8192M(100%)
[165.039s][info][gc,heap     ] GC(100) Max Capacity: 8192M(100%)
[165.039s][info][gc,heap     ] GC(100) Soft Max Capacity: 8192M(100%)
[165.039s][info][gc,heap     ] GC(100)                Mark Start          Mark End        Relocate Start      Relocate End           High               Low         
[165.039s][info][gc,heap     ] GC(100)  Capacity:     8192M (100%)       8192M (100%)       8192M (100%)       8192M (100%)       8192M (100%)       8192M (100%)   
[165.039s][info][gc,heap     ] GC(100)      Free:     1936M (24%)        1924M (23%)        7990M (98%)        8034M (98%)        8034M (98%)        1924M (23%)    
[165.039s][info][gc,heap     ] GC(100)      Used:     6256M (76%)        6268M (77%)         202M (2%)          158M (2%)         6268M (77%)         158M (2%)     
[165.039s][info][gc,heap     ] GC(100)      Live:         -               125M (2%)          125M (2%)          125M (2%)             -                  -          
[165.039s][info][gc,heap     ] GC(100) Allocated:         -                12M (0%)           12M (0%)           11M (0%)             -                  -          
[165.039s][info][gc,heap     ] GC(100)   Garbage:         -              6130M (75%)          64M (1%)           20M (0%)             -                  -          
[165.039s][info][gc,heap     ] GC(100) Reclaimed:         -                  -              6066M (74%)        6109M (75%)            -                  -          
[165.039s][info][gc          ] GC(100) Garbage Collection (Allocation Rate) 6256M(76%)->158M(2%)
[169.455s][info][gc,start    ] GC(101) Garbage Collection (System.gc())
[169.455s][info][gc,task     ] GC(101) Using 2 workers
[169.456s][info][gc,phases   ] GC(101) Pause Mark Start 0.005ms
[169.523s][info][gc,phases   ] GC(101) Concurrent Mark 67.748ms
[169.524s][info][gc,phases   ] GC(101) Pause Mark End 0.023ms
[169.524s][info][gc,phases   ] GC(101) Concurrent Mark Free 0.002ms
[169.531s][info][gc,phases   ] GC(101) Concurrent Process Non-Strong References 6.853ms
[169.531s][info][gc,phases   ] GC(101) Concurrent Reset Relocation Set 0.002ms
[169.533s][info][gc,phases   ] GC(101) Concurrent Select Relocation Set 2.512ms
[169.533s][info][gc,phases   ] GC(101) Pause Relocate Start 0.010ms
[169.540s][info][gc,phases   ] GC(101) Concurrent Relocate 6.658ms
[169.540s][info][gc,load     ] GC(101) Load: 0.00/0.00/0.00
[169.540s][info][gc,mmu      ] GC(101) MMU: 2ms/80.5%, 5ms/92.2%, 10ms/96.1%, 20ms/96.3%, 50ms/97.1%, 100ms/97.5%
[169.540s][info][gc,marking  ] GC(101) Mark: 2 stripe(s), 1 proactive flush(es), 1 terminate flush(es), 0 completion(s), 0 continuation(s) 
[169.540s][info][gc,marking  ] GC(101) Mark Stack Usage: 32M
[169.540s][info][gc,nmethod  ] GC(101) NMethods: 4686 registered, 0 unregistered
[169.540s][info][gc,metaspace] GC(101) Metaspace: 33M used, 33M committed, 1088M reserved
[169.540s][info][gc,ref      ] GC(101) Soft: 4016 encountered, 0 discovered, 0 enqueued
[169.540s][info][gc,ref      ] GC(101) Weak: 22826 encountered, 21148 discovered, 21112 enqueued
[169.540s][info][gc,ref      ] GC(101) Final: 7 encountered, 7 discovered, 0 enqueued
[169.540s][info][gc,ref      ] GC(101) Phantom: 714 encountered, 654 discovered, 0 enqueued
[169.540s][info][gc,reloc    ] GC(101) Small Pages: 1102 / 2204M, Empty: 1428M, Relocated: 9M, In-Place: 0
[169.540s][info][gc,reloc    ] GC(101) Medium Pages: 32 / 1024M, Empty: 960M, Relocated: 15M, In-Place: 0
[169.540s][info][gc,reloc    ] GC(101) Large Pages: 300 / 2092M, Empty: 2092M, Relocated: 0M, In-Place: 0
[169.540s][info][gc,reloc    ] GC(101) Forwarding Usage: 2M
[169.540s][info][gc,heap     ] GC(101) Min Capacity: 8192M(100%)
[169.540s][info][gc,heap     ] GC(101) Max Capacity: 8192M(100%)
[169.540s][info][gc,heap     ] GC(101) Soft Max Capacity: 8192M(100%)
[169.540s][info][gc,heap     ] GC(101)                Mark Start          Mark End        Relocate Start      Relocate End           High               Low         
[169.540s][info][gc,heap     ] GC(101)  Capacity:     8192M (100%)       8192M (100%)       8192M (100%)       8192M (100%)       8192M (100%)       8192M (100%)   
[169.540s][info][gc,heap     ] GC(101)      Free:     2872M (35%)        2872M (35%)        7352M (90%)        8046M (98%)        8046M (98%)        2872M (35%)    
[169.540s][info][gc,heap     ] GC(101)      Used:     5320M (65%)        5320M (65%)         840M (10%)         146M (2%)         5320M (65%)         146M (2%)     
[169.540s][info][gc,heap     ] GC(101)      Live:         -               124M (2%)          124M (2%)          124M (2%)             -                  -          
[169.540s][info][gc,heap     ] GC(101) Allocated:         -                 0M (0%)            0M (0%)            0M (0%)             -                  -          
[169.540s][info][gc,heap     ] GC(101)   Garbage:         -              5195M (63%)         715M (9%)           21M (0%)             -                  -          
[169.540s][info][gc,heap     ] GC(101) Reclaimed:         -                  -              4480M (55%)        5174M (63%)            -                  -          
[169.540s][info][gc          ] GC(101) Garbage Collection (System.gc()) 5320M(65%)->146M(2%)
[170.230s][info][gc,start    ] GC(102) Garbage Collection (Allocation Rate)
[170.230s][info][gc,task     ] GC(102) Using 2 workers
[170.230s][info][gc,phases   ] GC(102) Pause Mark Start 0.011ms
[170.292s][info][gc,phases   ] GC(102) Concurrent Mark 62.132ms
[170.293s][info][gc,phases   ] GC(102) Pause Mark End 0.014ms
[170.293s][info][gc,phases   ] GC(102) Concurrent Mark Free 0.001ms
[170.298s][info][gc,phases   ] GC(102) Concurrent Process Non-Strong References 4.959ms
[170.298s][info][gc,phases   ] GC(102) Concurrent Reset Relocation Set 0.023ms
[170.302s][info][gc,phases   ] GC(102) Concurrent Select Relocation Set 3.821ms
[170.302s][info][gc,phases   ] GC(102) Pause Relocate Start 0.010ms
[170.303s][info][gc,phases   ] GC(102) Concurrent Relocate 1.125ms
[170.303s][info][gc,load     ] GC(102) Load: 0.00/0.00/0.00
[170.303s][info][gc,mmu      ] GC(102) MMU: 2ms/80.5%, 5ms/92.2%, 10ms/96.1%, 20ms/96.3%, 50ms/97.1%, 100ms/97.5%
[170.303s][info][gc,marking  ] GC(102) Mark: 2 stripe(s), 2 proactive flush(es), 1 terminate flush(es), 0 completion(s), 0 continuation(s) 
[170.303s][info][gc,marking  ] GC(102) Mark Stack Usage: 32M
[170.303s][info][gc,nmethod  ] GC(102) NMethods: 4687 registered, 0 unregistered
[170.303s][info][gc,metaspace] GC(102) Metaspace: 33M used, 33M committed, 1088M reserved
[170.303s][info][gc,ref      ] GC(102) Soft: 4016 encountered, 0 discovered, 0 enqueued
[170.303s][info][gc,ref      ] GC(102) Weak: 1732 encountered, 49 discovered, 0 enqueued
[170.303s][info][gc,ref      ] GC(102) Final: 7 encountered, 5 discovered, 0 enqueued
[170.303s][info][gc,ref      ] GC(102) Phantom: 714 encountered, 651 discovered, 0 enqueued
[170.303s][info][gc,reloc    ] GC(102) Small Pages: 2542 / 5084M, Empty: 4948M, Relocated: 1M, In-Place: 0
[170.303s][info][gc,reloc    ] GC(102) Medium Pages: 1 / 32M, Empty: 0M, Relocated: 0M, In-Place: 0
[170.303s][info][gc,reloc    ] GC(102) Large Pages: 0 / 0M, Empty: 0M, Relocated: 0M, In-Place: 0
[170.303s][info][gc,reloc    ] GC(102) Forwarding Usage: 0M
[170.303s][info][gc,heap     ] GC(102) Min Capacity: 8192M(100%)
[170.303s][info][gc,heap     ] GC(102) Max Capacity: 8192M(100%)
[170.303s][info][gc,heap     ] GC(102) Soft Max Capacity: 8192M(100%)
[170.303s][info][gc,heap     ] GC(102)                Mark Start          Mark End        Relocate Start      Relocate End           High               Low         
[170.303s][info][gc,heap     ] GC(102)  Capacity:     8192M (100%)       8192M (100%)       8192M (100%)       8192M (100%)       8192M (100%)       8192M (100%)   
[170.303s][info][gc,heap     ] GC(102)      Free:     3076M (38%)        2866M (35%)        7782M (95%)        7796M (95%)        7800M (95%)        2848M (35%)    
[170.303s][info][gc,heap     ] GC(102)      Used:     5116M (62%)        5326M (65%)         410M (5%)          396M (5%)         5344M (65%)         392M (5%)     
[170.303s][info][gc,heap     ] GC(102)      Live:         -               124M (2%)          124M (2%)          124M (2%)             -                  -          
[170.303s][info][gc,heap     ] GC(102) Allocated:         -               210M (3%)          242M (3%)          250M (3%)             -                  -          
[170.303s][info][gc,heap     ] GC(102)   Garbage:         -              4991M (61%)          43M (1%)           21M (0%)             -                  -          
[170.303s][info][gc,heap     ] GC(102) Reclaimed:         -                  -              4948M (60%)        4970M (61%)            -                  -          
[170.303s][info][gc          ] GC(102) Garbage Collection (Allocation Rate) 5116M(62%)->396M(5%)
[170.324s][info][gc,stats    ] === Garbage Collection Statistics =======================================================================================================================
[170.324s][info][gc,stats    ]                                                              Last 10s              Last 10m              Last 10h                Total
[170.324s][info][gc,stats    ]                                                              Avg / Max             Avg / Max             Avg / Max             Avg / Max
[170.324s][info][gc,stats    ]   Collector: Garbage Collection Cycle                    100.226 / 152.574     125.516 / 379.439     125.516 / 379.439     125.516 / 379.439     ms
[170.324s][info][gc,stats    ]  Contention: Mark Segment Reset Contention                     0 / 4                 0 / 26                0 / 26                0 / 26          ops/s
[170.324s][info][gc,stats    ]  Contention: Mark SeqNum Reset Contention                      0 / 1                 0 / 1                 0 / 1                 0 / 1           ops/s
[170.324s][info][gc,stats    ]    Critical: Allocation Stall                                  0 / 0                 0 / 0                 0 / 0                 0 / 0           ops/s
[170.324s][info][gc,stats    ]    Critical: Allocation Stall                              0.000 / 0.000         0.000 / 0.000         0.000 / 0.000         0.000 / 0.000       ms
[170.324s][info][gc,stats    ]    Critical: GC Locker Stall                                   0 / 0                 0 / 0                 0 / 0                 0 / 0           ops/s
[170.324s][info][gc,stats    ]    Critical: GC Locker Stall                               0.000 / 0.000         0.000 / 0.000         0.000 / 0.000         0.000 / 0.000       ms
[170.324s][info][gc,stats    ]    Critical: Relocation Stall                                  0 / 0                 0 / 0                 0 / 0                 0 / 0           ops/s
[170.324s][info][gc,stats    ]    Critical: Relocation Stall                              0.000 / 0.000         0.000 / 0.000         0.000 / 0.000         0.000 / 0.000       ms
[170.324s][info][gc,stats    ]      Memory: Allocation Rate                                2763 / 6422           2756 / 6636           2756 / 6636           2756 / 6636        MB/s
[170.324s][info][gc,stats    ]      Memory: Out Of Memory                                     0 / 0                 0 / 0                 0 / 0                 0 / 0           ops/s
[170.324s][info][gc,stats    ]      Memory: Page Cache Flush                                173 / 582              96 / 664              96 / 664              96 / 664         MB/s
[170.324s][info][gc,stats    ]      Memory: Page Cache Hit L1                              1156 / 3220           1163 / 3321           1163 / 3321           1163 / 3321        ops/s
[170.324s][info][gc,stats    ]      Memory: Page Cache Hit L2                                 0 / 0                 0 / 0                 0 / 0                 0 / 0           ops/s
[170.324s][info][gc,stats    ]      Memory: Page Cache Hit L3                                34 / 224              54 / 635              54 / 635              54 / 635         ops/s
[170.324s][info][gc,stats    ]      Memory: Page Cache Miss                                  18 / 62               10 / 70               10 / 70               10 / 70          ops/s
[170.324s][info][gc,stats    ]      Memory: Uncommit                                          0 / 0                 0 / 0                 0 / 0                 0 / 0           MB/s
[170.324s][info][gc,stats    ]      Memory: Undo Object Allocation Failed                     0 / 0                 0 / 1                 0 / 1                 0 / 1           ops/s
[170.324s][info][gc,stats    ]      Memory: Undo Object Allocation Succeeded                  0 / 0                 0 / 94                0 / 94                0 / 94          ops/s
[170.324s][info][gc,stats    ]      Memory: Undo Page Allocation                              0 / 2                 0 / 8                 0 / 8                 0 / 8           ops/s
[170.324s][info][gc,stats    ]       Phase: Concurrent Mark                              86.686 / 137.562      98.562 / 190.432      98.562 / 190.432      98.562 / 190.432     ms
[170.324s][info][gc,stats    ]       Phase: Concurrent Mark Continue                      0.000 / 0.000        15.048 / 15.380       15.048 / 15.380       15.048 / 15.380      ms
[170.324s][info][gc,stats    ]       Phase: Concurrent Mark Free                          0.001 / 0.002         0.001 / 0.004         0.001 / 0.004         0.001 / 0.004       ms
[170.324s][info][gc,stats    ]       Phase: Concurrent Process Non-Strong References      6.960 / 10.782        7.880 / 31.000        7.880 / 31.000        7.880 / 31.000      ms
[170.324s][info][gc,stats    ]       Phase: Concurrent Relocate                           2.845 / 7.647         9.838 / 76.380        9.838 / 76.380        9.838 / 76.380      ms
[170.324s][info][gc,stats    ]       Phase: Concurrent Reset Relocation Set               0.011 / 0.027         0.010 / 0.049         0.010 / 0.049         0.010 / 0.049       ms
[170.324s][info][gc,stats    ]       Phase: Concurrent Select Relocation Set              2.831 / 3.821         3.550 / 10.958        3.550 / 10.958        3.550 / 10.958      ms
[170.324s][info][gc,stats    ]       Phase: Pause Mark End                                0.015 / 0.023         0.067 / 0.390         0.067 / 0.390         0.067 / 0.390       ms
[170.324s][info][gc,stats    ]       Phase: Pause Mark Start                              0.009 / 0.012         0.009 / 0.021         0.009 / 0.021         0.009 / 0.021       ms
[170.324s][info][gc,stats    ]       Phase: Pause Relocate Start                          0.009 / 0.012         0.010 / 0.024         0.010 / 0.024         0.010 / 0.024       ms
[170.324s][info][gc,stats    ]    Subphase: Concurrent Classes Purge                      0.232 / 0.377         0.234 / 0.437         0.234 / 0.437         0.234 / 0.437       ms
[170.324s][info][gc,stats    ]    Subphase: Concurrent Classes Unlink                     5.493 / 9.546         5.618 / 23.760        5.618 / 23.760        5.618 / 23.760      ms
[170.325s][info][gc,stats    ]    Subphase: Concurrent Mark                              75.022 / 136.758      72.369 / 189.582      72.369 / 189.582      72.369 / 189.582     ms
[170.325s][info][gc,stats    ]    Subphase: Concurrent Mark Try Flush                     0.065 / 0.135         0.502 / 30.486        0.502 / 30.486        0.502 / 30.486      ms
[170.325s][info][gc,stats    ]    Subphase: Concurrent Mark Try Terminate                 3.470 / 16.837        3.161 / 16.837        3.161 / 16.837        3.161 / 16.837      ms
[170.325s][info][gc,stats    ]    Subphase: Concurrent References Enqueue                 0.003 / 0.007         0.003 / 0.008         0.003 / 0.008         0.003 / 0.008       ms
[170.325s][info][gc,stats    ]    Subphase: Concurrent References Process                 0.794 / 2.523         0.987 / 3.217         0.987 / 3.217         0.987 / 3.217       ms
[170.325s][info][gc,stats    ]    Subphase: Concurrent Roots ClassLoaderDataGraph         0.094 / 0.207         0.111 / 0.537         0.111 / 0.537         0.111 / 0.537       ms
[170.325s][info][gc,stats    ]    Subphase: Concurrent Roots CodeCache                    0.000 / 0.000         0.000 / 0.000         0.000 / 0.000         0.000 / 0.000       ms
[170.325s][info][gc,stats    ]    Subphase: Concurrent Roots JavaThreads                  0.282 / 0.475         0.354 / 1.258         0.354 / 1.258         0.354 / 1.258       ms
[170.325s][info][gc,stats    ]    Subphase: Concurrent Roots OopStorageSet                0.026 / 0.045         0.031 / 0.124         0.031 / 0.124         0.031 / 0.124       ms
[170.325s][info][gc,stats    ]    Subphase: Concurrent Weak Roots OopStorageSet           0.288 / 0.438         0.316 / 1.123         0.316 / 1.123         0.316 / 1.123       ms
[170.325s][info][gc,stats    ]    Subphase: Pause Mark Try Complete                       0.000 / 0.000         0.176 / 0.301         0.176 / 0.301         0.176 / 0.301       ms
[170.325s][info][gc,stats    ]      System: Java Threads                                     18 / 21               18 / 22               18 / 22               18 / 22          threads
[170.325s][info][gc,stats    ] =========================================================================================================================================================
[171.328s][info][gc,start    ] GC(103) Garbage Collection (Allocation Rate)
[171.328s][info][gc,task     ] GC(103) Using 1 workers
[171.328s][info][gc,phases   ] GC(103) Pause Mark Start 0.007ms
[171.441s][info][gc,phases   ] GC(103) Concurrent Mark 113.396ms
[171.441s][info][gc,phases   ] GC(103) Pause Mark End 0.013ms
[171.442s][info][gc,phases   ] GC(103) Concurrent Mark Free 0.001ms
[171.470s][info][gc,phases   ] GC(103) Concurrent Process Non-Strong References 27.972ms
[171.470s][info][gc,phases   ] GC(103) Concurrent Reset Relocation Set 0.003ms
[171.472s][info][gc,phases   ] GC(103) Concurrent Select Relocation Set 2.622ms
[171.472s][info][gc,phases   ] GC(103) Pause Relocate Start 0.008ms
[171.474s][info][gc,phases   ] GC(103) Concurrent Relocate 1.237ms
[171.474s][info][gc,load     ] GC(103) Load: 0.00/0.00/0.00
[171.474s][info][gc,mmu      ] GC(103) MMU: 2ms/80.5%, 5ms/92.2%, 10ms/96.1%, 20ms/96.3%, 50ms/97.1%, 100ms/97.5%
[171.474s][info][gc,marking  ] GC(103) Mark: 1 stripe(s), 2 proactive flush(es), 1 terminate flush(es), 0 completion(s), 0 continuation(s) 
[171.474s][info][gc,marking  ] GC(103) Mark Stack Usage: 32M
[171.474s][info][gc,nmethod  ] GC(103) NMethods: 4687 registered, 0 unregistered
[171.474s][info][gc,metaspace] GC(103) Metaspace: 33M used, 33M committed, 1088M reserved
[171.474s][info][gc,ref      ] GC(103) Soft: 4016 encountered, 0 discovered, 0 enqueued
[171.474s][info][gc,ref      ] GC(103) Weak: 1732 encountered, 1284 discovered, 0 enqueued
[171.474s][info][gc,ref      ] GC(103) Final: 7 encountered, 7 discovered, 0 enqueued
[171.474s][info][gc,ref      ] GC(103) Phantom: 714 encountered, 665 discovered, 0 enqueued
[171.474s][info][gc,reloc    ] GC(103) Small Pages: 2989 / 5978M, Empty: 5842M, Relocated: 1M, In-Place: 0
[171.474s][info][gc,reloc    ] GC(103) Medium Pages: 1 / 32M, Empty: 0M, Relocated: 0M, In-Place: 0
[171.474s][info][gc,reloc    ] GC(103) Large Pages: 0 / 0M, Empty: 0M, Relocated: 0M, In-Place: 0
[171.474s][info][gc,reloc    ] GC(103) Forwarding Usage: 0M
[171.474s][info][gc,heap     ] GC(103) Min Capacity: 8192M(100%)
[171.474s][info][gc,heap     ] GC(103) Max Capacity: 8192M(100%)
[171.474s][info][gc,heap     ] GC(103) Soft Max Capacity: 8192M(100%)
[171.474s][info][gc,heap     ] GC(103)                Mark Start          Mark End        Relocate Start      Relocate End           High               Low         
[171.474s][info][gc,heap     ] GC(103)  Capacity:     8192M (100%)       8192M (100%)       8192M (100%)       8192M (100%)       8192M (100%)       8192M (100%)   
[171.474s][info][gc,heap     ] GC(103)      Free:     2182M (27%)        1830M (22%)        7572M (92%)        7590M (93%)        7594M (93%)        1738M (21%)    
[171.474s][info][gc,heap     ] GC(103)      Used:     6010M (73%)        6362M (78%)         620M (8%)          602M (7%)         6454M (79%)         598M (7%)     
[171.474s][info][gc,heap     ] GC(103)      Live:         -               124M (2%)          124M (2%)          124M (2%)             -                  -          
[171.474s][info][gc,heap     ] GC(103) Allocated:         -               352M (4%)          452M (6%)          458M (6%)             -                  -          
[171.474s][info][gc,heap     ] GC(103)   Garbage:         -              5885M (72%)          43M (1%)           19M (0%)             -                  -          
[171.474s][info][gc,heap     ] GC(103) Reclaimed:         -                  -              5842M (71%)        5866M (72%)            -                  -          
[171.474s][info][gc          ] GC(103) Garbage Collection (Allocation Rate) 6010M(73%)->602M(7%)
[175.225s][info][gc,start    ] GC(104) Garbage Collection (Allocation Rate)
[175.225s][info][gc,task     ] GC(104) Using 1 workers
[175.226s][info][gc,phases   ] GC(104) Pause Mark Start 0.005ms
[175.390s][info][gc,phases   ] GC(104) Concurrent Mark 164.422ms
[175.390s][info][gc,phases   ] GC(104) Pause Mark End 0.008ms
[175.390s][info][gc,phases   ] GC(104) Concurrent Mark Free 0.001ms
[175.401s][info][gc,phases   ] GC(104) Concurrent Process Non-Strong References 10.492ms
[175.401s][info][gc,phases   ] GC(104) Concurrent Reset Relocation Set 0.002ms
[175.408s][info][gc,phases   ] GC(104) Concurrent Select Relocation Set 6.942ms
[175.408s][info][gc,phases   ] GC(104) Pause Relocate Start 0.012ms
[175.443s][info][gc,phases   ] GC(104) Concurrent Relocate 34.602ms
[175.443s][info][gc,load     ] GC(104) Load: 0.00/0.00/0.00
[175.443s][info][gc,mmu      ] GC(104) MMU: 2ms/80.5%, 5ms/92.2%, 10ms/96.1%, 20ms/96.3%, 50ms/97.1%, 100ms/97.5%
[175.443s][info][gc,marking  ] GC(104) Mark: 1 stripe(s), 9 proactive flush(es), 1 terminate flush(es), 0 completion(s), 0 continuation(s) 
[175.443s][info][gc,marking  ] GC(104) Mark Stack Usage: 32M
[175.443s][info][gc,nmethod  ] GC(104) NMethods: 4687 registered, 0 unregistered
[175.443s][info][gc,metaspace] GC(104) Metaspace: 33M used, 33M committed, 1088M reserved
[175.443s][info][gc,ref      ] GC(104) Soft: 4016 encountered, 0 discovered, 0 enqueued
[175.443s][info][gc,ref      ] GC(104) Weak: 22087 encountered, 17713 discovered, 1415 enqueued
[175.443s][info][gc,ref      ] GC(104) Final: 7 encountered, 7 discovered, 0 enqueued
[175.443s][info][gc,ref      ] GC(104) Phantom: 720 encountered, 671 discovered, 0 enqueued
[175.443s][info][gc,reloc    ] GC(104) Small Pages: 2770 / 5540M, Empty: 4794M, Relocated: 41M, In-Place: 0
[175.443s][info][gc,reloc    ] GC(104) Medium Pages: 23 / 736M, Empty: 704M, Relocated: 0M, In-Place: 0
[175.443s][info][gc,reloc    ] GC(104) Large Pages: 214 / 1496M, Empty: 1496M, Relocated: 0M, In-Place: 0
[175.443s][info][gc,reloc    ] GC(104) Forwarding Usage: 13M
[175.443s][info][gc,heap     ] GC(104) Min Capacity: 8192M(100%)
[175.443s][info][gc,heap     ] GC(104) Max Capacity: 8192M(100%)
[175.443s][info][gc,heap     ] GC(104) Soft Max Capacity: 8192M(100%)
[175.443s][info][gc,heap     ] GC(104)                Mark Start          Mark End        Relocate Start      Relocate End           High               Low         
[175.443s][info][gc,heap     ] GC(104)  Capacity:     8192M (100%)       8192M (100%)       8192M (100%)       8192M (100%)       8192M (100%)       8192M (100%)   
[175.443s][info][gc,heap     ] GC(104)      Free:      420M (5%)          256M (3%)         7230M (88%)        7780M (95%)        7806M (95%)         236M (3%)     
[175.443s][info][gc,heap     ] GC(104)      Used:     7772M (95%)        7936M (97%)         962M (12%)         412M (5%)         7956M (97%)         386M (5%)     
[175.443s][info][gc,heap     ] GC(104)      Live:         -               154M (2%)          154M (2%)          154M (2%)             -                  -          
[175.443s][info][gc,heap     ] GC(104) Allocated:         -               164M (2%)          184M (2%)          235M (3%)             -                  -          
[175.443s][info][gc,heap     ] GC(104)   Garbage:         -              7617M (93%)         623M (8%)           22M (0%)             -                  -          
[175.443s][info][gc,heap     ] GC(104) Reclaimed:         -                  -              6994M (85%)        7595M (93%)            -                  -          
[175.443s][info][gc          ] GC(104) Garbage Collection (Allocation Rate) 7772M(95%)->412M(5%)
[176.736s][info][gc,start    ] GC(105) Garbage Collection (System.gc())
[176.736s][info][gc,task     ] GC(105) Using 2 workers
[176.736s][info][gc,phases   ] GC(105) Pause Mark Start 0.005ms
[176.799s][info][gc,phases   ] GC(105) Concurrent Mark 63.312ms
[176.799s][info][gc,phases   ] GC(105) Pause Mark End 0.024ms
[176.800s][info][gc,phases   ] GC(105) Concurrent Mark Free 0.002ms
[176.805s][info][gc,phases   ] GC(105) Concurrent Process Non-Strong References 5.693ms
[176.805s][info][gc,phases   ] GC(105) Concurrent Reset Relocation Set 0.025ms
[176.808s][info][gc,phases   ] GC(105) Concurrent Select Relocation Set 2.310ms
[176.808s][info][gc,phases   ] GC(105) Pause Relocate Start 0.010ms
[176.815s][info][gc,phases   ] GC(105) Concurrent Relocate 7.007ms
[176.815s][info][gc,load     ] GC(105) Load: 0.00/0.00/0.00
[176.815s][info][gc,mmu      ] GC(105) MMU: 2ms/80.5%, 5ms/92.2%, 10ms/96.1%, 20ms/96.3%, 50ms/97.1%, 100ms/97.5%
[176.815s][info][gc,marking  ] GC(105) Mark: 2 stripe(s), 1 proactive flush(es), 1 terminate flush(es), 0 completion(s), 0 continuation(s) 
[176.815s][info][gc,marking  ] GC(105) Mark Stack Usage: 32M
[176.815s][info][gc,nmethod  ] GC(105) NMethods: 4687 registered, 0 unregistered
[176.815s][info][gc,metaspace] GC(105) Metaspace: 33M used, 33M committed, 1088M reserved
[176.815s][info][gc,ref      ] GC(105) Soft: 4016 encountered, 0 discovered, 0 enqueued
[176.815s][info][gc,ref      ] GC(105) Weak: 23506 encountered, 22113 discovered, 21792 enqueued
[176.815s][info][gc,ref      ] GC(105) Final: 7 encountered, 5 discovered, 0 enqueued
[176.815s][info][gc,ref      ] GC(105) Phantom: 714 encountered, 639 discovered, 0 enqueued
[176.815s][info][gc,reloc    ] GC(105) Small Pages: 444 / 888M, Empty: 366M, Relocated: 10M, In-Place: 0
[176.815s][info][gc,reloc    ] GC(105) Medium Pages: 12 / 384M, Empty: 320M, Relocated: 14M, In-Place: 0
[176.815s][info][gc,reloc    ] GC(105) Large Pages: 104 / 722M, Empty: 722M, Relocated: 0M, In-Place: 0
[176.815s][info][gc,reloc    ] GC(105) Forwarding Usage: 3M
[176.815s][info][gc,heap     ] GC(105) Min Capacity: 8192M(100%)
[176.815s][info][gc,heap     ] GC(105) Max Capacity: 8192M(100%)
[176.815s][info][gc,heap     ] GC(105) Soft Max Capacity: 8192M(100%)
[176.815s][info][gc,heap     ] GC(105)                Mark Start          Mark End        Relocate Start      Relocate End           High               Low         
[176.815s][info][gc,heap     ] GC(105)  Capacity:     8192M (100%)       8192M (100%)       8192M (100%)       8192M (100%)       8192M (100%)       8192M (100%)   
[176.815s][info][gc,heap     ] GC(105)      Free:     6198M (76%)        6198M (76%)        7606M (93%)        8046M (98%)        8046M (98%)        6198M (76%)    
[176.815s][info][gc,heap     ] GC(105)      Used:     1994M (24%)        1994M (24%)         586M (7%)          146M (2%)         1994M (24%)         146M (2%)     
[176.816s][info][gc,heap     ] GC(105)      Live:         -               124M (2%)          124M (2%)          124M (2%)             -                  -          
[176.816s][info][gc,heap     ] GC(105) Allocated:         -                 0M (0%)            0M (0%)            0M (0%)             -                  -          
[176.816s][info][gc,heap     ] GC(105)   Garbage:         -              1869M (23%)         461M (6%)           21M (0%)             -                  -          
[176.816s][info][gc,heap     ] GC(105) Reclaimed:         -                  -              1408M (17%)        1848M (23%)            -                  -          
[176.816s][info][gc          ] GC(105) Garbage Collection (System.gc()) 1994M(24%)->146M(2%)
[177.521s][info][gc,start    ] GC(106) Garbage Collection (Allocation Rate)
[177.521s][info][gc,task     ] GC(106) Using 2 workers
[177.521s][info][gc,phases   ] GC(106) Pause Mark Start 0.005ms
[177.599s][info][gc,phases   ] GC(106) Concurrent Mark 78.366ms
[177.599s][info][gc,phases   ] GC(106) Pause Mark End 0.013ms
[177.599s][info][gc,phases   ] GC(106) Concurrent Mark Free 0.001ms
[177.605s][info][gc,phases   ] GC(106) Concurrent Process Non-Strong References 5.176ms
[177.605s][info][gc,phases   ] GC(106) Concurrent Reset Relocation Set 0.019ms
[177.609s][info][gc,phases   ] GC(106) Concurrent Select Relocation Set 3.950ms
[177.609s][info][gc,phases   ] GC(106) Pause Relocate Start 0.008ms
[177.610s][info][gc,phases   ] GC(106) Concurrent Relocate 0.648ms
[177.610s][info][gc,load     ] GC(106) Load: 0.00/0.00/0.00
[177.610s][info][gc,mmu      ] GC(106) MMU: 2ms/80.5%, 5ms/92.2%, 10ms/96.1%, 20ms/96.3%, 50ms/97.1%, 100ms/97.5%
[177.610s][info][gc,marking  ] GC(106) Mark: 2 stripe(s), 2 proactive flush(es), 1 terminate flush(es), 0 completion(s), 0 continuation(s) 
[177.610s][info][gc,marking  ] GC(106) Mark Stack Usage: 32M
[177.610s][info][gc,nmethod  ] GC(106) NMethods: 4687 registered, 0 unregistered
[177.610s][info][gc,metaspace] GC(106) Metaspace: 33M used, 33M committed, 1088M reserved
[177.610s][info][gc,ref      ] GC(106) Soft: 4016 encountered, 0 discovered, 0 enqueued
[177.610s][info][gc,ref      ] GC(106) Weak: 1732 encountered, 54 discovered, 0 enqueued
[177.610s][info][gc,ref      ] GC(106) Final: 7 encountered, 7 discovered, 0 enqueued
[177.610s][info][gc,ref      ] GC(106) Phantom: 714 encountered, 548 discovered, 0 enqueued
[177.610s][info][gc,reloc    ] GC(106) Small Pages: 2608 / 5216M, Empty: 5076M, Relocated: 1M, In-Place: 0
[177.610s][info][gc,reloc    ] GC(106) Medium Pages: 1 / 32M, Empty: 0M, Relocated: 0M, In-Place: 0
[177.610s][info][gc,reloc    ] GC(106) Large Pages: 0 / 0M, Empty: 0M, Relocated: 0M, In-Place: 0
[177.610s][info][gc,reloc    ] GC(106) Forwarding Usage: 0M
[177.610s][info][gc,heap     ] GC(106) Min Capacity: 8192M(100%)
[177.610s][info][gc,heap     ] GC(106) Max Capacity: 8192M(100%)
[177.610s][info][gc,heap     ] GC(106) Soft Max Capacity: 8192M(100%)
[177.610s][info][gc,heap     ] GC(106)                Mark Start          Mark End        Relocate Start      Relocate End           High               Low         
[177.610s][info][gc,heap     ] GC(106)  Capacity:     8192M (100%)       8192M (100%)       8192M (100%)       8192M (100%)       8192M (100%)       8192M (100%)   
[177.610s][info][gc,heap     ] GC(106)      Free:     2944M (36%)        2624M (32%)        7662M (94%)        7680M (94%)        7684M (94%)        2602M (32%)    
[177.610s][info][gc,heap     ] GC(106)      Used:     5248M (64%)        5568M (68%)         530M (6%)          512M (6%)         5590M (68%)         508M (6%)     
[177.610s][info][gc,heap     ] GC(106)      Live:         -               124M (2%)          124M (2%)          124M (2%)             -                  -          
[177.610s][info][gc,heap     ] GC(106) Allocated:         -               320M (4%)          358M (4%)          363M (4%)             -                  -          
[177.610s][info][gc,heap     ] GC(106)   Garbage:         -              5123M (63%)          47M (1%)           23M (0%)             -                  -          
[177.610s][info][gc,heap     ] GC(106) Reclaimed:         -                  -              5076M (62%)        5099M (62%)            -                  -          
[177.610s][info][gc          ] GC(106) Garbage Collection (Allocation Rate) 5248M(64%)->512M(6%)
[178.525s][info][gc,start    ] GC(107) Garbage Collection (Allocation Rate)
[178.525s][info][gc,task     ] GC(107) Using 1 workers
[178.525s][info][gc,phases   ] GC(107) Pause Mark Start 0.006ms
[178.647s][info][gc,phases   ] GC(107) Concurrent Mark 120.909ms
[178.647s][info][gc,phases   ] GC(107) Pause Mark End 0.015ms
[178.647s][info][gc,phases   ] GC(107) Concurrent Mark Free 0.000ms
[178.657s][info][gc,phases   ] GC(107) Concurrent Process Non-Strong References 10.251ms
[178.657s][info][gc,phases   ] GC(107) Concurrent Reset Relocation Set 0.002ms
[178.659s][info][gc,phases   ] GC(107) Concurrent Select Relocation Set 1.692ms
[178.667s][info][gc,phases   ] GC(107) Pause Relocate Start 0.037ms
[178.668s][info][gc,phases   ] GC(107) Concurrent Relocate 1.116ms
[178.668s][info][gc,load     ] GC(107) Load: 0.00/0.00/0.00
[178.668s][info][gc,mmu      ] GC(107) MMU: 2ms/80.5%, 5ms/92.2%, 10ms/96.1%, 20ms/96.3%, 50ms/97.1%, 100ms/97.5%
[178.668s][info][gc,marking  ] GC(107) Mark: 1 stripe(s), 2 proactive flush(es), 1 terminate flush(es), 0 completion(s), 0 continuation(s) 
[178.668s][info][gc,marking  ] GC(107) Mark Stack Usage: 32M
[178.668s][info][gc,nmethod  ] GC(107) NMethods: 4687 registered, 0 unregistered
[178.668s][info][gc,metaspace] GC(107) Metaspace: 33M used, 33M committed, 1088M reserved
[178.668s][info][gc,ref      ] GC(107) Soft: 4016 encountered, 0 discovered, 0 enqueued
[178.668s][info][gc,ref      ] GC(107) Weak: 1732 encountered, 1284 discovered, 0 enqueued
[178.668s][info][gc,ref      ] GC(107) Final: 7 encountered, 7 discovered, 0 enqueued
[178.668s][info][gc,ref      ] GC(107) Phantom: 714 encountered, 665 discovered, 0 enqueued
[178.668s][info][gc,reloc    ] GC(107) Small Pages: 2818 / 5636M, Empty: 5498M, Relocated: 1M, In-Place: 0
[178.668s][info][gc,reloc    ] GC(107) Medium Pages: 1 / 32M, Empty: 0M, Relocated: 0M, In-Place: 0
[178.668s][info][gc,reloc    ] GC(107) Large Pages: 0 / 0M, Empty: 0M, Relocated: 0M, In-Place: 0
[178.668s][info][gc,reloc    ] GC(107) Forwarding Usage: 0M
[178.668s][info][gc,heap     ] GC(107) Min Capacity: 8192M(100%)
[178.668s][info][gc,heap     ] GC(107) Max Capacity: 8192M(100%)
[178.668s][info][gc,heap     ] GC(107) Soft Max Capacity: 8192M(100%)
[178.668s][info][gc,heap     ] GC(107)                Mark Start          Mark End        Relocate Start      Relocate End           High               Low         
[178.668s][info][gc,heap     ] GC(107)  Capacity:     8192M (100%)       8192M (100%)       8192M (100%)       8192M (100%)       8192M (100%)       8192M (100%)   
[178.668s][info][gc,heap     ] GC(107)      Free:     2524M (31%)        2070M (25%)        7534M (92%)        7556M (92%)        7556M (92%)        2036M (25%)    
[178.668s][info][gc,heap     ] GC(107)      Used:     5668M (69%)        6122M (75%)         658M (8%)          636M (8%)         6156M (75%)         636M (8%)     
[178.668s][info][gc,heap     ] GC(107)      Live:         -               124M (2%)          124M (2%)          124M (2%)             -                  -          
[178.668s][info][gc,heap     ] GC(107) Allocated:         -               454M (6%)          488M (6%)          489M (6%)             -                  -          
[178.668s][info][gc,heap     ] GC(107)   Garbage:         -              5543M (68%)          45M (1%)           21M (0%)             -                  -          
[178.668s][info][gc,heap     ] GC(107) Reclaimed:         -                  -              5498M (67%)        5521M (67%)            -                  -          
[178.668s][info][gc          ] GC(107) Garbage Collection (Allocation Rate) 5668M(69%)->636M(8%)
[180.121s][info][gc,start    ] GC(108) Garbage Collection (Allocation Rate)
[180.121s][info][gc,task     ] GC(108) Using 1 workers
[180.121s][info][gc,phases   ] GC(108) Pause Mark Start 0.009ms
[180.243s][info][gc,phases   ] GC(108) Concurrent Mark 121.491ms
[180.243s][info][gc,phases   ] GC(108) Pause Mark End 0.012ms
[180.243s][info][gc,phases   ] GC(108) Concurrent Mark Free 0.001ms
[180.253s][info][gc,phases   ] GC(108) Concurrent Process Non-Strong References 10.424ms
[180.254s][info][gc,phases   ] GC(108) Concurrent Reset Relocation Set 0.002ms
[180.259s][info][gc,phases   ] GC(108) Concurrent Select Relocation Set 5.734ms
[180.259s][info][gc,phases   ] GC(108) Pause Relocate Start 0.013ms
[180.294s][info][gc,phases   ] GC(108) Concurrent Relocate 34.362ms
[180.294s][info][gc,load     ] GC(108) Load: 0.00/0.00/0.00
[180.294s][info][gc,mmu      ] GC(108) MMU: 2ms/80.5%, 5ms/92.2%, 10ms/96.1%, 20ms/96.3%, 50ms/97.1%, 100ms/97.5%
[180.294s][info][gc,marking  ] GC(108) Mark: 1 stripe(s), 3 proactive flush(es), 1 terminate flush(es), 0 completion(s), 0 continuation(s) 
[180.294s][info][gc,marking  ] GC(108) Mark Stack Usage: 32M
[180.294s][info][gc,nmethod  ] GC(108) NMethods: 4687 registered, 0 unregistered
[180.294s][info][gc,metaspace] GC(108) Metaspace: 33M used, 33M committed, 1088M reserved
[180.294s][info][gc,ref      ] GC(108) Soft: 4016 encountered, 0 discovered, 0 enqueued
[180.294s][info][gc,ref      ] GC(108) Weak: 20365 encountered, 18134 discovered, 5204 enqueued
[180.294s][info][gc,ref      ] GC(108) Final: 7 encountered, 0 discovered, 0 enqueued
[180.294s][info][gc,ref      ] GC(108) Phantom: 720 encountered, 595 discovered, 0 enqueued
[180.294s][info][gc,reloc    ] GC(108) Small Pages: 2326 / 4652M, Empty: 4204M, Relocated: 36M, In-Place: 0
[180.294s][info][gc,reloc    ] GC(108) Medium Pages: 6 / 192M, Empty: 128M, Relocated: 16M, In-Place: 0
[180.294s][info][gc,reloc    ] GC(108) Large Pages: 44 / 306M, Empty: 306M, Relocated: 0M, In-Place: 0
[180.294s][info][gc,reloc    ] GC(108) Forwarding Usage: 10M
[180.294s][info][gc,heap     ] GC(108) Min Capacity: 8192M(100%)
[180.294s][info][gc,heap     ] GC(108) Max Capacity: 8192M(100%)
[180.294s][info][gc,heap     ] GC(108) Soft Max Capacity: 8192M(100%)
[180.294s][info][gc,heap     ] GC(108)                Mark Start          Mark End        Relocate Start      Relocate End           High               Low         
[180.294s][info][gc,heap     ] GC(108)  Capacity:     8192M (100%)       8192M (100%)       8192M (100%)       8192M (100%)       8192M (100%)       8192M (100%)   
[180.294s][info][gc,heap     ] GC(108)      Free:     3042M (37%)        2894M (35%)        7520M (92%)        7834M (96%)        7834M (96%)        2884M (35%)    
[180.294s][info][gc,heap     ] GC(108)      Used:     5150M (63%)        5298M (65%)         672M (8%)          358M (4%)         5308M (65%)         358M (4%)     
[180.294s][info][gc,heap     ] GC(108)      Live:         -               152M (2%)          152M (2%)          152M (2%)             -                  -          
[180.294s][info][gc,heap     ] GC(108) Allocated:         -               148M (2%)          160M (2%)          184M (2%)             -                  -          
[180.294s][info][gc,heap     ] GC(108)   Garbage:         -              4997M (61%)         359M (4%)           20M (0%)             -                  -          
[180.294s][info][gc,heap     ] GC(108) Reclaimed:         -                  -              4638M (57%)        4976M (61%)            -                  -          
[180.294s][info][gc          ] GC(108) Garbage Collection (Allocation Rate) 5150M(63%)->358M(4%)
[180.323s][info][gc,stats    ] === Garbage Collection Statistics =======================================================================================================================
[180.323s][info][gc,stats    ]                                                              Last 10s              Last 10m              Last 10h                Total
[180.323s][info][gc,stats    ]                                                              Avg / Max             Avg / Max             Avg / Max             Avg / Max
[180.323s][info][gc,stats    ]   Collector: Garbage Collection Cycle                    141.293 / 217.254     126.384 / 379.439     126.384 / 379.439     126.384 / 379.439     ms
[180.323s][info][gc,stats    ]  Contention: Mark Segment Reset Contention                     0 / 3                 0 / 26                0 / 26                0 / 26          ops/s
[180.323s][info][gc,stats    ]  Contention: Mark SeqNum Reset Contention                      0 / 0                 0 / 1                 0 / 1                 0 / 1           ops/s
[180.323s][info][gc,stats    ]    Critical: Allocation Stall                                  0 / 0                 0 / 0                 0 / 0                 0 / 0           ops/s
[180.323s][info][gc,stats    ]    Critical: Allocation Stall                              0.000 / 0.000         0.000 / 0.000         0.000 / 0.000         0.000 / 0.000       ms
[180.323s][info][gc,stats    ]    Critical: GC Locker Stall                                   0 / 0                 0 / 0                 0 / 0                 0 / 0           ops/s
[180.323s][info][gc,stats    ]    Critical: GC Locker Stall                               0.000 / 0.000         0.000 / 0.000         0.000 / 0.000         0.000 / 0.000       ms
[180.323s][info][gc,stats    ]    Critical: Relocation Stall                                  0 / 0                 0 / 0                 0 / 0                 0 / 0           ops/s
[180.323s][info][gc,stats    ]    Critical: Relocation Stall                              0.000 / 0.000         0.000 / 0.000         0.000 / 0.000         0.000 / 0.000       ms
[180.323s][info][gc,stats    ]      Memory: Allocation Rate                                3082 / 5722           2774 / 6636           2774 / 6636           2774 / 6636        MB/s
[180.323s][info][gc,stats    ]      Memory: Out Of Memory                                     0 / 0                 0 / 0                 0 / 0                 0 / 0           ops/s
[180.323s][info][gc,stats    ]      Memory: Page Cache Flush                                 61 / 582              94 / 664              94 / 664              94 / 664         MB/s
[180.323s][info][gc,stats    ]      Memory: Page Cache Hit L1                              1331 / 2863           1172 / 3321           1172 / 3321           1172 / 3321        ops/s
[180.323s][info][gc,stats    ]      Memory: Page Cache Hit L2                                 0 / 0                 0 / 0                 0 / 0                 0 / 0           ops/s
[180.323s][info][gc,stats    ]      Memory: Page Cache Hit L3                                54 / 239              54 / 635              54 / 635              54 / 635         ops/s
[180.323s][info][gc,stats    ]      Memory: Page Cache Miss                                   6 / 62               10 / 70               10 / 70               10 / 70          ops/s
[180.323s][info][gc,stats    ]      Memory: Uncommit                                          0 / 0                 0 / 0                 0 / 0                 0 / 0           MB/s
[180.323s][info][gc,stats    ]      Memory: Undo Object Allocation Failed                     0 / 0                 0 / 1                 0 / 1                 0 / 1           ops/s
[180.323s][info][gc,stats    ]      Memory: Undo Object Allocation Succeeded                  0 / 2                 0 / 94                0 / 94                0 / 94          ops/s
[180.323s][info][gc,stats    ]      Memory: Undo Page Allocation                              0 / 2                 0 / 8                 0 / 8                 0 / 8           ops/s
[180.323s][info][gc,stats    ]       Phase: Concurrent Mark                             110.316 / 164.422      99.209 / 190.432      99.209 / 190.432      99.209 / 190.432     ms
[180.323s][info][gc,stats    ]       Phase: Concurrent Mark Continue                      0.000 / 0.000        15.048 / 15.380       15.048 / 15.380       15.048 / 15.380      ms
[180.323s][info][gc,stats    ]       Phase: Concurrent Mark Free                          0.001 / 0.002         0.001 / 0.004         0.001 / 0.004         0.001 / 0.004       ms
[180.323s][info][gc,stats    ]       Phase: Concurrent Process Non-Strong References     11.668 / 27.972        8.089 / 31.000        8.089 / 31.000        8.089 / 31.000      ms
[180.323s][info][gc,stats    ]       Phase: Concurrent Relocate                          13.162 / 34.602       10.021 / 76.380       10.021 / 76.380       10.021 / 76.380      ms
[180.323s][info][gc,stats    ]       Phase: Concurrent Reset Relocation Set               0.009 / 0.025         0.010 / 0.049         0.010 / 0.049         0.010 / 0.049       ms
[180.323s][info][gc,stats    ]       Phase: Concurrent Select Relocation Set              3.875 / 6.942         3.568 / 10.958        3.568 / 10.958        3.568 / 10.958      ms
[180.323s][info][gc,stats    ]       Phase: Pause Mark End                                0.014 / 0.024         0.065 / 0.390         0.065 / 0.390         0.065 / 0.390       ms
[180.323s][info][gc,stats    ]       Phase: Pause Mark Start                              0.006 / 0.009         0.008 / 0.021         0.008 / 0.021         0.008 / 0.021       ms
[180.323s][info][gc,stats    ]       Phase: Pause Relocate Start                          0.015 / 0.037         0.011 / 0.037         0.011 / 0.037         0.011 / 0.037       ms
[180.323s][info][gc,stats    ]    Subphase: Concurrent Classes Purge                      0.287 / 0.392         0.237 / 0.437         0.237 / 0.437         0.237 / 0.437       ms
[180.323s][info][gc,stats    ]    Subphase: Concurrent Classes Unlink                     6.811 / 9.203         5.684 / 23.760        5.684 / 23.760        5.684 / 23.760      ms
[180.323s][info][gc,stats    ]    Subphase: Concurrent Mark                              97.689 / 163.692      73.387 / 189.582      73.387 / 189.582      73.387 / 189.582     ms
[180.323s][info][gc,stats    ]    Subphase: Concurrent Mark Try Flush                     0.094 / 0.540         0.482 / 30.486        0.482 / 30.486        0.482 / 30.486      ms
[180.323s][info][gc,stats    ]    Subphase: Concurrent Mark Try Terminate                 1.968 / 15.533        3.117 / 16.837        3.117 / 16.837        3.117 / 16.837      ms
[180.323s][info][gc,stats    ]    Subphase: Concurrent References Enqueue                 0.004 / 0.008         0.003 / 0.008         0.003 / 0.008         0.003 / 0.008       ms
[180.323s][info][gc,stats    ]    Subphase: Concurrent References Process                 1.123 / 2.232         0.994 / 3.217         0.994 / 3.217         0.994 / 3.217       ms
[180.323s][info][gc,stats    ]    Subphase: Concurrent Roots ClassLoaderDataGraph         0.114 / 0.185         0.111 / 0.537         0.111 / 0.537         0.111 / 0.537       ms
[180.323s][info][gc,stats    ]    Subphase: Concurrent Roots CodeCache                    0.000 / 0.000         0.000 / 0.000         0.000 / 0.000         0.000 / 0.000       ms
[180.323s][info][gc,stats    ]    Subphase: Concurrent Roots JavaThreads                  0.402 / 0.594         0.356 / 1.258         0.356 / 1.258         0.356 / 1.258       ms
[180.323s][info][gc,stats    ]    Subphase: Concurrent Roots OopStorageSet                0.034 / 0.050         0.031 / 0.124         0.031 / 0.124         0.031 / 0.124       ms
[180.323s][info][gc,stats    ]    Subphase: Concurrent Weak Roots OopStorageSet           0.301 / 0.419         0.316 / 1.123         0.316 / 1.123         0.316 / 1.123       ms
[180.323s][info][gc,stats    ]    Subphase: Pause Mark Try Complete                       0.000 / 0.000         0.176 / 0.301         0.176 / 0.301         0.176 / 0.301       ms
[180.323s][info][gc,stats    ]      System: Java Threads                                     20 / 21               18 / 22               18 / 22               18 / 22          threads
[180.323s][info][gc,stats    ] =========================================================================================================================================================
[183.100s][info][gc,start    ] GC(109) Garbage Collection (System.gc())
[183.100s][info][gc,task     ] GC(109) Using 2 workers
[183.100s][info][gc,phases   ] GC(109) Pause Mark Start 0.007ms
[183.173s][info][gc,phases   ] GC(109) Concurrent Mark 72.335ms
[183.173s][info][gc,phases   ] GC(109) Pause Mark End 0.016ms
[183.173s][info][gc,phases   ] GC(109) Concurrent Mark Free 0.001ms
[183.179s][info][gc,phases   ] GC(109) Concurrent Process Non-Strong References 6.129ms
[183.179s][info][gc,phases   ] GC(109) Concurrent Reset Relocation Set 0.037ms
[183.181s][info][gc,phases   ] GC(109) Concurrent Select Relocation Set 2.438ms
[183.182s][info][gc,phases   ] GC(109) Pause Relocate Start 0.010ms
[183.188s][info][gc,phases   ] GC(109) Concurrent Relocate 6.716ms
[183.188s][info][gc,load     ] GC(109) Load: 0.00/0.00/0.00
[183.188s][info][gc,mmu      ] GC(109) MMU: 2ms/80.5%, 5ms/92.2%, 10ms/96.1%, 20ms/96.3%, 50ms/97.1%, 100ms/97.5%
[183.189s][info][gc,marking  ] GC(109) Mark: 2 stripe(s), 1 proactive flush(es), 1 terminate flush(es), 0 completion(s), 0 continuation(s) 
[183.189s][info][gc,marking  ] GC(109) Mark Stack Usage: 32M
[183.189s][info][gc,nmethod  ] GC(109) NMethods: 4695 registered, 0 unregistered
[183.189s][info][gc,metaspace] GC(109) Metaspace: 33M used, 33M committed, 1088M reserved
[183.189s][info][gc,ref      ] GC(109) Soft: 4016 encountered, 0 discovered, 0 enqueued
[183.189s][info][gc,ref      ] GC(109) Weak: 24717 encountered, 23453 discovered, 23004 enqueued
[183.189s][info][gc,ref      ] GC(109) Final: 7 encountered, 5 discovered, 0 enqueued
[183.189s][info][gc,ref      ] GC(109) Phantom: 714 encountered, 653 discovered, 0 enqueued
[183.189s][info][gc,reloc    ] GC(109) Small Pages: 827 / 1654M, Empty: 946M, Relocated: 10M, In-Place: 0
[183.189s][info][gc,reloc    ] GC(109) Medium Pages: 23 / 736M, Empty: 640M, Relocated: 15M, In-Place: 0
[183.189s][info][gc,reloc    ] GC(109) Large Pages: 210 / 1460M, Empty: 1460M, Relocated: 0M, In-Place: 0
[183.189s][info][gc,reloc    ] GC(109) Forwarding Usage: 3M
[183.189s][info][gc,heap     ] GC(109) Min Capacity: 8192M(100%)
[183.189s][info][gc,heap     ] GC(109) Max Capacity: 8192M(100%)
[183.189s][info][gc,heap     ] GC(109) Soft Max Capacity: 8192M(100%)
[183.189s][info][gc,heap     ] GC(109)                Mark Start          Mark End        Relocate Start      Relocate End           High               Low         
[183.189s][info][gc,heap     ] GC(109)  Capacity:     8192M (100%)       8192M (100%)       8192M (100%)       8192M (100%)       8192M (100%)       8192M (100%)   
[183.189s][info][gc,heap     ] GC(109)      Free:     4342M (53%)        4342M (53%)        7388M (90%)        8046M (98%)        8046M (98%)        4342M (53%)    
[183.189s][info][gc,heap     ] GC(109)      Used:     3850M (47%)        3850M (47%)         804M (10%)         146M (2%)         3850M (47%)         146M (2%)     
[183.189s][info][gc,heap     ] GC(109)      Live:         -               125M (2%)          125M (2%)          125M (2%)             -                  -          
[183.189s][info][gc,heap     ] GC(109) Allocated:         -                 0M (0%)            0M (0%)            0M (0%)             -                  -          
[183.189s][info][gc,heap     ] GC(109)   Garbage:         -              3724M (45%)         678M (8%)           20M (0%)             -                  -          
[183.189s][info][gc,heap     ] GC(109) Reclaimed:         -                  -              3046M (37%)        3704M (45%)            -                  -          
[183.189s][info][gc          ] GC(109) Garbage Collection (System.gc()) 3850M(47%)->146M(2%)
[183.926s][info][gc,start    ] GC(110) Garbage Collection (Allocation Rate)
[183.926s][info][gc,task     ] GC(110) Using 2 workers
[183.927s][info][gc,phases   ] GC(110) Pause Mark Start 0.008ms
[184.005s][info][gc,phases   ] GC(110) Concurrent Mark 78.229ms
[184.005s][info][gc,phases   ] GC(110) Pause Mark End 0.016ms
[184.005s][info][gc,phases   ] GC(110) Concurrent Mark Free 0.001ms
[184.011s][info][gc,phases   ] GC(110) Concurrent Process Non-Strong References 6.170ms
[184.011s][info][gc,phases   ] GC(110) Concurrent Reset Relocation Set 0.031ms
[184.015s][info][gc,phases   ] GC(110) Concurrent Select Relocation Set 3.365ms
[184.015s][info][gc,phases   ] GC(110) Pause Relocate Start 0.008ms
[184.015s][info][gc,phases   ] GC(110) Concurrent Relocate 0.452ms
[184.015s][info][gc,load     ] GC(110) Load: 0.00/0.00/0.00
[184.015s][info][gc,mmu      ] GC(110) MMU: 2ms/80.5%, 5ms/92.2%, 10ms/96.1%, 20ms/96.3%, 50ms/97.1%, 100ms/97.5%
[184.015s][info][gc,marking  ] GC(110) Mark: 2 stripe(s), 2 proactive flush(es), 1 terminate flush(es), 0 completion(s), 0 continuation(s) 
[184.015s][info][gc,marking  ] GC(110) Mark Stack Usage: 32M
[184.015s][info][gc,nmethod  ] GC(110) NMethods: 4698 registered, 0 unregistered
[184.016s][info][gc,metaspace] GC(110) Metaspace: 33M used, 33M committed, 1088M reserved
[184.016s][info][gc,ref      ] GC(110) Soft: 4016 encountered, 0 discovered, 0 enqueued
[184.016s][info][gc,ref      ] GC(110) Weak: 1731 encountered, 45 discovered, 0 enqueued
[184.016s][info][gc,ref      ] GC(110) Final: 7 encountered, 5 discovered, 0 enqueued
[184.016s][info][gc,ref      ] GC(110) Phantom: 714 encountered, 593 discovered, 0 enqueued
[184.016s][info][gc,reloc    ] GC(110) Small Pages: 2708 / 5416M, Empty: 5270M, Relocated: 0M, In-Place: 0
[184.016s][info][gc,reloc    ] GC(110) Medium Pages: 1 / 32M, Empty: 0M, Relocated: 0M, In-Place: 0
[184.016s][info][gc,reloc    ] GC(110) Large Pages: 0 / 0M, Empty: 0M, Relocated: 0M, In-Place: 0
[184.016s][info][gc,reloc    ] GC(110) Forwarding Usage: 0M
[184.016s][info][gc,heap     ] GC(110) Min Capacity: 8192M(100%)
[184.016s][info][gc,heap     ] GC(110) Max Capacity: 8192M(100%)
[184.016s][info][gc,heap     ] GC(110) Soft Max Capacity: 8192M(100%)
[184.016s][info][gc,heap     ] GC(110)                Mark Start          Mark End        Relocate Start      Relocate End           High               Low         
[184.016s][info][gc,heap     ] GC(110)  Capacity:     8192M (100%)       8192M (100%)       8192M (100%)       8192M (100%)       8192M (100%)       8192M (100%)   
[184.016s][info][gc,heap     ] GC(110)      Free:     2744M (33%)        2374M (29%)        7594M (93%)        7620M (93%)        7620M (93%)        2342M (29%)    
[184.016s][info][gc,heap     ] GC(110)      Used:     5448M (67%)        5818M (71%)         598M (7%)          572M (7%)         5850M (71%)         572M (7%)     
[184.016s][info][gc,heap     ] GC(110)      Live:         -               125M (2%)          125M (2%)          125M (2%)             -                  -          
[184.016s][info][gc,heap     ] GC(110) Allocated:         -               370M (5%)          420M (5%)          423M (5%)             -                  -          
[184.016s][info][gc,heap     ] GC(110)   Garbage:         -              5322M (65%)          52M (1%)           22M (0%)             -                  -          
[184.016s][info][gc,heap     ] GC(110) Reclaimed:         -                  -              5270M (64%)        5299M (65%)            -                  -          
[184.016s][info][gc          ] GC(110) Garbage Collection (Allocation Rate) 5448M(67%)->572M(7%)
[185.025s][info][gc,start    ] GC(111) Garbage Collection (Allocation Rate)
[185.025s][info][gc,task     ] GC(111) Using 1 workers
[185.025s][info][gc,phases   ] GC(111) Pause Mark Start 0.007ms
[185.136s][info][gc,phases   ] GC(111) Concurrent Mark 110.122ms
[185.136s][info][gc,phases   ] GC(111) Pause Mark End 0.011ms
[185.136s][info][gc,phases   ] GC(111) Concurrent Mark Free 0.001ms
[185.151s][info][gc,phases   ] GC(111) Concurrent Process Non-Strong References 15.750ms
[185.152s][info][gc,phases   ] GC(111) Concurrent Reset Relocation Set 0.002ms
[185.155s][info][gc,phases   ] GC(111) Concurrent Select Relocation Set 2.961ms
[185.155s][info][gc,phases   ] GC(111) Pause Relocate Start 0.008ms
[185.155s][info][gc,phases   ] GC(111) Concurrent Relocate 0.386ms
[185.155s][info][gc,load     ] GC(111) Load: 0.00/0.00/0.00
[185.155s][info][gc,mmu      ] GC(111) MMU: 2ms/80.5%, 5ms/92.2%, 10ms/96.1%, 20ms/96.3%, 50ms/97.1%, 100ms/97.5%
[185.155s][info][gc,marking  ] GC(111) Mark: 1 stripe(s), 2 proactive flush(es), 1 terminate flush(es), 0 completion(s), 0 continuation(s) 
[185.155s][info][gc,marking  ] GC(111) Mark Stack Usage: 32M
[185.155s][info][gc,nmethod  ] GC(111) NMethods: 4698 registered, 0 unregistered
[185.155s][info][gc,metaspace] GC(111) Metaspace: 33M used, 33M committed, 1088M reserved
[185.155s][info][gc,ref      ] GC(111) Soft: 4016 encountered, 0 discovered, 0 enqueued
[185.155s][info][gc,ref      ] GC(111) Weak: 1731 encountered, 1284 discovered, 0 enqueued
[185.155s][info][gc,ref      ] GC(111) Final: 7 encountered, 7 discovered, 0 enqueued
[185.155s][info][gc,ref      ] GC(111) Phantom: 714 encountered, 665 discovered, 0 enqueued
[185.155s][info][gc,reloc    ] GC(111) Small Pages: 3098 / 6196M, Empty: 6060M, Relocated: 0M, In-Place: 0
[185.155s][info][gc,reloc    ] GC(111) Medium Pages: 1 / 32M, Empty: 0M, Relocated: 0M, In-Place: 0
[185.155s][info][gc,reloc    ] GC(111) Large Pages: 0 / 0M, Empty: 0M, Relocated: 0M, In-Place: 0
[185.155s][info][gc,reloc    ] GC(111) Forwarding Usage: 0M
[185.155s][info][gc,heap     ] GC(111) Min Capacity: 8192M(100%)
[185.155s][info][gc,heap     ] GC(111) Max Capacity: 8192M(100%)
[185.155s][info][gc,heap     ] GC(111) Soft Max Capacity: 8192M(100%)
[185.155s][info][gc,heap     ] GC(111)                Mark Start          Mark End        Relocate Start      Relocate End           High               Low         
[185.155s][info][gc,heap     ] GC(111)  Capacity:     8192M (100%)       8192M (100%)       8192M (100%)       8192M (100%)       8192M (100%)       8192M (100%)   
[185.155s][info][gc,heap     ] GC(111)      Free:     1964M (24%)        1644M (20%)        7658M (93%)        7680M (94%)        7680M (94%)        1610M (20%)    
[185.155s][info][gc,heap     ] GC(111)      Used:     6228M (76%)        6548M (80%)         534M (7%)          512M (6%)         6582M (80%)         512M (6%)     
[185.155s][info][gc,heap     ] GC(111)      Live:         -               125M (2%)          125M (2%)          125M (2%)             -                  -          
[185.155s][info][gc,heap     ] GC(111) Allocated:         -               320M (4%)          366M (4%)          365M (4%)             -                  -          
[185.155s][info][gc,heap     ] GC(111)   Garbage:         -              6102M (74%)          42M (1%)           20M (0%)             -                  -          
[185.155s][info][gc,heap     ] GC(111) Reclaimed:         -                  -              6060M (74%)        6081M (74%)            -                  -          
[185.155s][info][gc          ] GC(111) Garbage Collection (Allocation Rate) 6228M(76%)->512M(6%)
[189.952s][info][gc,start    ] GC(112) Garbage Collection (System.gc())
[189.952s][info][gc,task     ] GC(112) Using 2 workers
[189.952s][info][gc,phases   ] GC(112) Pause Mark Start 0.006ms
[190.022s][info][gc,phases   ] GC(112) Concurrent Mark 69.915ms
[190.022s][info][gc,phases   ] GC(112) Pause Mark End 0.024ms
[190.022s][info][gc,phases   ] GC(112) Concurrent Mark Free 0.002ms
[190.028s][info][gc,phases   ] GC(112) Concurrent Process Non-Strong References 6.097ms
[190.028s][info][gc,phases   ] GC(112) Concurrent Reset Relocation Set 0.002ms
[190.031s][info][gc,phases   ] GC(112) Concurrent Select Relocation Set 2.805ms
[190.031s][info][gc,phases   ] GC(112) Pause Relocate Start 0.010ms
[190.038s][info][gc,phases   ] GC(112) Concurrent Relocate 6.966ms
[190.038s][info][gc,load     ] GC(112) Load: 0.00/0.00/0.00
[190.038s][info][gc,mmu      ] GC(112) MMU: 2ms/80.5%, 5ms/92.2%, 10ms/96.1%, 20ms/96.3%, 50ms/97.1%, 100ms/97.5%
[190.038s][info][gc,marking  ] GC(112) Mark: 2 stripe(s), 1 proactive flush(es), 1 terminate flush(es), 0 completion(s), 0 continuation(s) 
[190.039s][info][gc,marking  ] GC(112) Mark Stack Usage: 32M
[190.039s][info][gc,nmethod  ] GC(112) NMethods: 4700 registered, 0 unregistered
[190.039s][info][gc,metaspace] GC(112) Metaspace: 33M used, 33M committed, 1088M reserved
[190.039s][info][gc,ref      ] GC(112) Soft: 4016 encountered, 0 discovered, 0 enqueued
[190.039s][info][gc,ref      ] GC(112) Weak: 23610 encountered, 21958 discovered, 21896 enqueued
[190.039s][info][gc,ref      ] GC(112) Final: 7 encountered, 7 discovered, 0 enqueued
[190.039s][info][gc,ref      ] GC(112) Phantom: 714 encountered, 654 discovered, 0 enqueued
[190.039s][info][gc,reloc    ] GC(112) Small Pages: 2650 / 5300M, Empty: 4600M, Relocated: 10M, In-Place: 0
[190.039s][info][gc,reloc    ] GC(112) Medium Pages: 25 / 800M, Empty: 736M, Relocated: 15M, In-Place: 0
[190.039s][info][gc,reloc    ] GC(112) Large Pages: 235 / 1648M, Empty: 1648M, Relocated: 0M, In-Place: 0
[190.039s][info][gc,reloc    ] GC(112) Forwarding Usage: 3M
[190.039s][info][gc,heap     ] GC(112) Min Capacity: 8192M(100%)
[190.039s][info][gc,heap     ] GC(112) Max Capacity: 8192M(100%)
[190.039s][info][gc,heap     ] GC(112) Soft Max Capacity: 8192M(100%)
[190.039s][info][gc,heap     ] GC(112)                Mark Start          Mark End        Relocate Start      Relocate End           High               Low         
[190.039s][info][gc,heap     ] GC(112)  Capacity:     8192M (100%)       8192M (100%)       8192M (100%)       8192M (100%)       8192M (100%)       8192M (100%)   
[190.039s][info][gc,heap     ] GC(112)      Free:      444M (5%)          444M (5%)         7428M (91%)        8046M (98%)        8046M (98%)         444M (5%)     
[190.039s][info][gc,heap     ] GC(112)      Used:     7748M (95%)        7748M (95%)         764M (9%)          146M (2%)         7748M (95%)         146M (2%)     
[190.039s][info][gc,heap     ] GC(112)      Live:         -               125M (2%)          125M (2%)          125M (2%)             -                  -          
[190.039s][info][gc,heap     ] GC(112) Allocated:         -                 0M (0%)            0M (0%)            0M (0%)             -                  -          
[190.039s][info][gc,heap     ] GC(112)   Garbage:         -              7622M (93%)         638M (8%)           20M (0%)             -                  -          
[190.039s][info][gc,heap     ] GC(112) Reclaimed:         -                  -              6984M (85%)        7602M (93%)            -                  -          
[190.039s][info][gc          ] GC(112) Garbage Collection (System.gc()) 7748M(95%)->146M(2%)
[190.336s][info][gc,stats    ] === Garbage Collection Statistics =======================================================================================================================
[190.336s][info][gc,stats    ]                                                              Last 10s              Last 10m              Last 10h                Total
[190.336s][info][gc,stats    ]                                                              Avg / Max             Avg / Max             Avg / Max             Avg / Max
[190.336s][info][gc,stats    ]   Collector: Garbage Collection Cycle                     98.599 / 130.003     125.400 / 379.439     125.400 / 379.439     125.400 / 379.439     ms
[190.336s][info][gc,stats    ]  Contention: Mark Segment Reset Contention                     0 / 1                 0 / 26                0 / 26                0 / 26          ops/s
[190.336s][info][gc,stats    ]  Contention: Mark SeqNum Reset Contention                      0 / 0                 0 / 1                 0 / 1                 0 / 1           ops/s
[190.336s][info][gc,stats    ]    Critical: Allocation Stall                                  0 / 0                 0 / 0                 0 / 0                 0 / 0           ops/s
[190.336s][info][gc,stats    ]    Critical: Allocation Stall                              0.000 / 0.000         0.000 / 0.000         0.000 / 0.000         0.000 / 0.000       ms
[190.336s][info][gc,stats    ]    Critical: GC Locker Stall                                   0 / 0                 0 / 0                 0 / 0                 0 / 0           ops/s
[190.336s][info][gc,stats    ]    Critical: GC Locker Stall                               0.000 / 0.000         0.000 / 0.000         0.000 / 0.000         0.000 / 0.000       ms
[190.336s][info][gc,stats    ]    Critical: Relocation Stall                                  0 / 0                 0 / 0                 0 / 0                 0 / 0           ops/s
[190.336s][info][gc,stats    ]    Critical: Relocation Stall                              0.000 / 0.000         0.000 / 0.000         0.000 / 0.000         0.000 / 0.000       ms
[190.336s][info][gc,stats    ]      Memory: Allocation Rate                                2460 / 6488           2758 / 6636           2758 / 6636           2758 / 6636        MB/s
[190.336s][info][gc,stats    ]      Memory: Out Of Memory                                     0 / 0                 0 / 0                 0 / 0                 0 / 0           ops/s
[190.336s][info][gc,stats    ]      Memory: Page Cache Flush                                 96 / 466              94 / 664              94 / 664              94 / 664         MB/s
[190.336s][info][gc,stats    ]      Memory: Page Cache Hit L1                              1025 / 3246           1165 / 3321           1165 / 3321           1165 / 3321        ops/s
[190.336s][info][gc,stats    ]      Memory: Page Cache Hit L2                                 0 / 0                 0 / 0                 0 / 0                 0 / 0           ops/s
[190.336s][info][gc,stats    ]      Memory: Page Cache Hit L3                                23 / 198              52 / 635              52 / 635              52 / 635         ops/s
[190.336s][info][gc,stats    ]      Memory: Page Cache Miss                                  10 / 48               10 / 70               10 / 70               10 / 70          ops/s
[190.336s][info][gc,stats    ]      Memory: Uncommit                                          0 / 0                 0 / 0                 0 / 0                 0 / 0           MB/s
[190.336s][info][gc,stats    ]      Memory: Undo Object Allocation Failed                     0 / 0                 0 / 1                 0 / 1                 0 / 1           ops/s
[190.336s][info][gc,stats    ]      Memory: Undo Object Allocation Succeeded                  0 / 1                 0 / 94                0 / 94                0 / 94          ops/s
[190.337s][info][gc,stats    ]      Memory: Undo Page Allocation                              0 / 2                 0 / 8                 0 / 8                 0 / 8           ops/s
[190.337s][info][gc,stats    ]       Phase: Concurrent Mark                              82.650 / 110.122      98.623 / 190.432      98.623 / 190.432      98.623 / 190.432     ms
[190.337s][info][gc,stats    ]       Phase: Concurrent Mark Continue                      0.000 / 0.000        15.048 / 15.380       15.048 / 15.380       15.048 / 15.380      ms
[190.337s][info][gc,stats    ]       Phase: Concurrent Mark Free                          0.001 / 0.002         0.001 / 0.004         0.001 / 0.004         0.001 / 0.004       ms
[190.337s][info][gc,stats    ]       Phase: Concurrent Process Non-Strong References      8.537 / 15.750        8.104 / 31.000        8.104 / 31.000        8.104 / 31.000      ms
[190.337s][info][gc,stats    ]       Phase: Concurrent Relocate                           3.630 / 6.966         9.795 / 76.380        9.795 / 76.380        9.795 / 76.380      ms
[190.337s][info][gc,stats    ]       Phase: Concurrent Reset Relocation Set               0.018 / 0.037         0.010 / 0.049         0.010 / 0.049         0.010 / 0.049       ms
[190.337s][info][gc,stats    ]       Phase: Concurrent Select Relocation Set              2.892 / 3.365         3.544 / 10.958        3.544 / 10.958        3.544 / 10.958      ms
[190.337s][info][gc,stats    ]       Phase: Pause Mark End                                0.017 / 0.024         0.063 / 0.390         0.063 / 0.390         0.063 / 0.390       ms
[190.337s][info][gc,stats    ]       Phase: Pause Mark Start                              0.007 / 0.008         0.008 / 0.021         0.008 / 0.021         0.008 / 0.021       ms
[190.337s][info][gc,stats    ]       Phase: Pause Relocate Start                          0.009 / 0.010         0.011 / 0.037         0.011 / 0.037         0.011 / 0.037       ms
[190.337s][info][gc,stats    ]    Subphase: Concurrent Classes Purge                      0.297 / 0.574         0.239 / 0.574         0.239 / 0.574         0.239 / 0.574       ms
[190.337s][info][gc,stats    ]    Subphase: Concurrent Classes Unlink                     5.031 / 7.781         5.660 / 23.760        5.660 / 23.760        5.660 / 23.760      ms
[190.337s][info][gc,stats    ]    Subphase: Concurrent Mark                              73.919 / 109.361      73.405 / 189.582      73.405 / 189.582      73.405 / 189.582     ms
[190.337s][info][gc,stats    ]    Subphase: Concurrent Mark Try Flush                     0.127 / 0.488         0.475 / 30.486        0.475 / 30.486        0.475 / 30.486      ms
[190.337s][info][gc,stats    ]    Subphase: Concurrent Mark Try Terminate                 4.011 / 15.556        3.144 / 16.837        3.144 / 16.837        3.144 / 16.837      ms
[190.337s][info][gc,stats    ]    Subphase: Concurrent References Enqueue                 0.004 / 0.008         0.003 / 0.008         0.003 / 0.008         0.003 / 0.008       ms
[190.337s][info][gc,stats    ]    Subphase: Concurrent References Process                 1.109 / 2.063         0.999 / 3.217         0.999 / 3.217         0.999 / 3.217       ms
[190.337s][info][gc,stats    ]    Subphase: Concurrent Roots ClassLoaderDataGraph         0.086 / 0.196         0.110 / 0.537         0.110 / 0.537         0.110 / 0.537       ms
[190.337s][info][gc,stats    ]    Subphase: Concurrent Roots CodeCache                    0.000 / 0.000         0.000 / 0.000         0.000 / 0.000         0.000 / 0.000       ms
[190.337s][info][gc,stats    ]    Subphase: Concurrent Roots JavaThreads                  0.282 / 0.477         0.353 / 1.258         0.353 / 1.258         0.353 / 1.258       ms
[190.337s][info][gc,stats    ]    Subphase: Concurrent Roots OopStorageSet                0.028 / 0.063         0.031 / 0.124         0.031 / 0.124         0.031 / 0.124       ms
[190.337s][info][gc,stats    ]    Subphase: Concurrent Weak Roots OopStorageSet           0.243 / 0.414         0.313 / 1.123         0.313 / 1.123         0.313 / 1.123       ms
[190.337s][info][gc,stats    ]    Subphase: Pause Mark Try Complete                       0.000 / 0.000         0.176 / 0.301         0.176 / 0.301         0.176 / 0.301       ms
[190.337s][info][gc,stats    ]      System: Java Threads                                     18 / 21               18 / 22               18 / 22               18 / 22          threads
[190.337s][info][gc,stats    ] =========================================================================================================================================================
[190.729s][info][gc,start    ] GC(113) Garbage Collection (Allocation Rate)
[190.729s][info][gc,task     ] GC(113) Using 2 workers
[190.729s][info][gc,phases   ] GC(113) Pause Mark Start 0.013ms
[190.807s][info][gc,phases   ] GC(113) Concurrent Mark 78.291ms
[190.808s][info][gc,phases   ] GC(113) Pause Mark End 0.018ms
[190.808s][info][gc,phases   ] GC(113) Concurrent Mark Free 0.001ms
[190.813s][info][gc,phases   ] GC(113) Concurrent Process Non-Strong References 5.393ms
[190.813s][info][gc,phases   ] GC(113) Concurrent Reset Relocation Set 0.022ms
[190.817s][info][gc,phases   ] GC(113) Concurrent Select Relocation Set 3.343ms
[190.817s][info][gc,phases   ] GC(113) Pause Relocate Start 0.009ms
[190.818s][info][gc,phases   ] GC(113) Concurrent Relocate 0.797ms
[190.818s][info][gc,load     ] GC(113) Load: 0.00/0.00/0.00
[190.818s][info][gc,mmu      ] GC(113) MMU: 2ms/80.5%, 5ms/92.2%, 10ms/96.1%, 20ms/96.3%, 50ms/97.1%, 100ms/97.5%
[190.818s][info][gc,marking  ] GC(113) Mark: 2 stripe(s), 3 proactive flush(es), 1 terminate flush(es), 0 completion(s), 0 continuation(s) 
[190.818s][info][gc,marking  ] GC(113) Mark Stack Usage: 32M
[190.818s][info][gc,nmethod  ] GC(113) NMethods: 4700 registered, 0 unregistered
[190.818s][info][gc,metaspace] GC(113) Metaspace: 33M used, 33M committed, 1088M reserved
[190.818s][info][gc,ref      ] GC(113) Soft: 4016 encountered, 0 discovered, 0 enqueued
[190.818s][info][gc,ref      ] GC(113) Weak: 1714 encountered, 53 discovered, 0 enqueued
[190.818s][info][gc,ref      ] GC(113) Final: 7 encountered, 5 discovered, 0 enqueued
[190.818s][info][gc,ref      ] GC(113) Phantom: 714 encountered, 606 discovered, 0 enqueued
[190.818s][info][gc,reloc    ] GC(113) Small Pages: 2600 / 5200M, Empty: 5074M, Relocated: 1M, In-Place: 0
[190.818s][info][gc,reloc    ] GC(113) Medium Pages: 1 / 32M, Empty: 0M, Relocated: 0M, In-Place: 0
[190.818s][info][gc,reloc    ] GC(113) Large Pages: 0 / 0M, Empty: 0M, Relocated: 0M, In-Place: 0
[190.818s][info][gc,reloc    ] GC(113) Forwarding Usage: 0M
[190.818s][info][gc,heap     ] GC(113) Min Capacity: 8192M(100%)
[190.818s][info][gc,heap     ] GC(113) Max Capacity: 8192M(100%)
[190.818s][info][gc,heap     ] GC(113) Soft Max Capacity: 8192M(100%)
[190.818s][info][gc,heap     ] GC(113)                Mark Start          Mark End        Relocate Start      Relocate End           High               Low         
[190.818s][info][gc,heap     ] GC(113)  Capacity:     8192M (100%)       8192M (100%)       8192M (100%)       8192M (100%)       8192M (100%)       8192M (100%)   
[190.818s][info][gc,heap     ] GC(113)      Free:     2960M (36%)        2604M (32%)        7640M (93%)        7648M (93%)        7650M (93%)        2580M (31%)    
[190.818s][info][gc,heap     ] GC(113)      Used:     5232M (64%)        5588M (68%)         552M (7%)          544M (7%)         5612M (69%)         542M (7%)     
[190.818s][info][gc,heap     ] GC(113)      Live:         -               125M (2%)          125M (2%)          125M (2%)             -                  -          
[190.818s][info][gc,heap     ] GC(113) Allocated:         -               356M (4%)          394M (5%)          396M (5%)             -                  -          
[190.818s][info][gc,heap     ] GC(113)   Garbage:         -              5106M (62%)          32M (0%)           22M (0%)             -                  -          
[190.818s][info][gc,heap     ] GC(113) Reclaimed:         -                  -              5074M (62%)        5084M (62%)            -                  -          
[190.818s][info][gc          ] GC(113) Garbage Collection (Allocation Rate) 5232M(64%)->544M(7%)
[191.829s][info][gc,start    ] GC(114) Garbage Collection (Allocation Rate)
[191.829s][info][gc,task     ] GC(114) Using 1 workers
[191.829s][info][gc,phases   ] GC(114) Pause Mark Start 0.006ms
[191.955s][info][gc,phases   ] GC(114) Concurrent Mark 125.430ms
[191.955s][info][gc,phases   ] GC(114) Pause Mark End 0.012ms
[191.955s][info][gc,phases   ] GC(114) Concurrent Mark Free 0.001ms
[191.971s][info][gc,phases   ] GC(114) Concurrent Process Non-Strong References 15.952ms
[191.971s][info][gc,phases   ] GC(114) Concurrent Reset Relocation Set 0.001ms
[191.974s][info][gc,phases   ] GC(114) Concurrent Select Relocation Set 2.978ms
[191.974s][info][gc,phases   ] GC(114) Pause Relocate Start 0.012ms
[191.975s][info][gc,phases   ] GC(114) Concurrent Relocate 0.596ms
[191.975s][info][gc,load     ] GC(114) Load: 0.00/0.00/0.00
[191.975s][info][gc,mmu      ] GC(114) MMU: 2ms/80.5%, 5ms/92.2%, 10ms/96.1%, 20ms/96.3%, 50ms/97.1%, 100ms/97.5%
[191.975s][info][gc,marking  ] GC(114) Mark: 1 stripe(s), 2 proactive flush(es), 1 terminate flush(es), 0 completion(s), 0 continuation(s) 
[191.975s][info][gc,marking  ] GC(114) Mark Stack Usage: 32M
[191.975s][info][gc,nmethod  ] GC(114) NMethods: 4700 registered, 0 unregistered
[191.975s][info][gc,metaspace] GC(114) Metaspace: 33M used, 33M committed, 1088M reserved
[191.975s][info][gc,ref      ] GC(114) Soft: 4016 encountered, 0 discovered, 0 enqueued
[191.975s][info][gc,ref      ] GC(114) Weak: 1732 encountered, 1284 discovered, 0 enqueued
[191.975s][info][gc,ref      ] GC(114) Final: 7 encountered, 7 discovered, 0 enqueued
[191.975s][info][gc,ref      ] GC(114) Phantom: 714 encountered, 665 discovered, 0 enqueued
[191.975s][info][gc,reloc    ] GC(114) Small Pages: 3105 / 6210M, Empty: 6074M, Relocated: 1M, In-Place: 0
[191.975s][info][gc,reloc    ] GC(114) Medium Pages: 1 / 32M, Empty: 0M, Relocated: 0M, In-Place: 0
[191.975s][info][gc,reloc    ] GC(114) Large Pages: 0 / 0M, Empty: 0M, Relocated: 0M, In-Place: 0
[191.975s][info][gc,reloc    ] GC(114) Forwarding Usage: 0M
[191.975s][info][gc,heap     ] GC(114) Min Capacity: 8192M(100%)
[191.975s][info][gc,heap     ] GC(114) Max Capacity: 8192M(100%)
[191.975s][info][gc,heap     ] GC(114) Soft Max Capacity: 8192M(100%)
[191.975s][info][gc,heap     ] GC(114)                Mark Start          Mark End        Relocate Start      Relocate End           High               Low         
[191.975s][info][gc,heap     ] GC(114)  Capacity:     8192M (100%)       8192M (100%)       8192M (100%)       8192M (100%)       8192M (100%)       8192M (100%)   
[191.975s][info][gc,heap     ] GC(114)      Free:     1950M (24%)        1558M (19%)        7592M (93%)        7614M (93%)        7614M (93%)        1528M (19%)    
[191.975s][info][gc,heap     ] GC(114)      Used:     6242M (76%)        6634M (81%)         600M (7%)          578M (7%)         6664M (81%)         578M (7%)     
[191.975s][info][gc,heap     ] GC(114)      Live:         -               125M (2%)          125M (2%)          125M (2%)             -                  -          
[191.975s][info][gc,heap     ] GC(114) Allocated:         -               392M (5%)          432M (5%)          431M (5%)             -                  -          
[191.975s][info][gc,heap     ] GC(114)   Garbage:         -              6116M (75%)          42M (1%)           20M (0%)             -                  -          
[191.975s][info][gc,heap     ] GC(114) Reclaimed:         -                  -              6074M (74%)        6095M (74%)            -                  -          
[191.975s][info][gc          ] GC(114) Garbage Collection (Allocation Rate) 6242M(76%)->578M(7%)
[196.221s][info][gc,start    ] GC(115) Garbage Collection (High Usage)
[196.221s][info][gc,task     ] GC(115) Using 2 workers
[196.221s][info][gc,phases   ] GC(115) Pause Mark Start 0.005ms
[196.310s][info][gc,phases   ] GC(115) Concurrent Mark 88.352ms
[196.310s][info][gc,phases   ] GC(115) Pause Mark End 0.313ms
[196.326s][info][gc,phases   ] GC(115) Concurrent Mark Continue 15.344ms
[196.326s][info][gc,phases   ] GC(115) Pause Mark End 0.281ms
[196.341s][info][gc,phases   ] GC(115) Concurrent Mark Continue 14.632ms
[196.341s][info][gc,phases   ] GC(115) Pause Mark End 0.330ms
[196.357s][info][gc,phases   ] GC(115) Concurrent Mark Continue 15.524ms
[196.357s][info][gc,phases   ] GC(115) Pause Mark End 0.344ms
[196.372s][info][gc,phases   ] GC(115) Concurrent Mark Continue 14.544ms
[196.372s][info][gc,phases   ] GC(115) Pause Mark End 0.294ms
[196.408s][info][gc,phases   ] GC(115) Concurrent Mark Continue 35.578ms
[196.408s][info][gc,phases   ] GC(115) Pause Mark End 0.302ms
[196.410s][info][gc,phases   ] GC(115) Concurrent Mark Continue 1.515ms
[196.410s][info][gc,phases   ] GC(115) Pause Mark End 0.011ms
[196.410s][info][gc,phases   ] GC(115) Concurrent Mark Free 0.001ms
[196.416s][info][gc,phases   ] GC(115) Concurrent Process Non-Strong References 5.506ms
[196.416s][info][gc,phases   ] GC(115) Concurrent Reset Relocation Set 0.002ms
[196.423s][info][gc,phases   ] GC(115) Concurrent Select Relocation Set 7.433ms
[196.423s][info][gc,phases   ] GC(115) Pause Relocate Start 0.013ms
[196.449s][info][gc,phases   ] GC(115) Concurrent Relocate 25.457ms
[196.449s][info][gc,load     ] GC(115) Load: 0.00/0.00/0.00
[196.449s][info][gc,mmu      ] GC(115) MMU: 2ms/80.5%, 5ms/92.2%, 10ms/96.1%, 20ms/96.3%, 50ms/97.1%, 100ms/97.5%
[196.449s][info][gc,marking  ] GC(115) Mark: 2 stripe(s), 31 proactive flush(es), 13 terminate flush(es), 6 completion(s), 6 continuation(s) 
[196.449s][info][gc,marking  ] GC(115) Mark Stack Usage: 32M
[196.449s][info][gc,nmethod  ] GC(115) NMethods: 4702 registered, 0 unregistered
[196.449s][info][gc,metaspace] GC(115) Metaspace: 33M used, 33M committed, 1088M reserved
[196.449s][info][gc,ref      ] GC(115) Soft: 4016 encountered, 0 discovered, 0 enqueued
[196.449s][info][gc,ref      ] GC(115) Weak: 21038 encountered, 18724 discovered, 1431 enqueued
[196.449s][info][gc,ref      ] GC(115) Final: 7 encountered, 5 discovered, 0 enqueued
[196.449s][info][gc,ref      ] GC(115) Phantom: 719 encountered, 645 discovered, 0 enqueued
[196.449s][info][gc,reloc    ] GC(115) Small Pages: 2671 / 5342M, Empty: 4588M, Relocated: 37M, In-Place: 0
[196.449s][info][gc,reloc    ] GC(115) Medium Pages: 25 / 800M, Empty: 736M, Relocated: 14M, In-Place: 0
[196.449s][info][gc,reloc    ] GC(115) Large Pages: 231 / 1618M, Empty: 1618M, Relocated: 0M, In-Place: 0
[196.449s][info][gc,reloc    ] GC(115) Forwarding Usage: 11M
[196.449s][info][gc,heap     ] GC(115) Min Capacity: 8192M(100%)
[196.449s][info][gc,heap     ] GC(115) Max Capacity: 8192M(100%)
[196.449s][info][gc,heap     ] GC(115) Soft Max Capacity: 8192M(100%)
[196.449s][info][gc,heap     ] GC(115)                Mark Start          Mark End        Relocate Start      Relocate End           High               Low         
[196.449s][info][gc,heap     ] GC(115)  Capacity:     8192M (100%)       8192M (100%)       8192M (100%)       8192M (100%)       8192M (100%)       8192M (100%)   
[196.449s][info][gc,heap     ] GC(115)      Free:      432M (5%)          258M (3%)         7154M (87%)        7782M (95%)        7782M (95%)         224M (3%)     
[196.449s][info][gc,heap     ] GC(115)      Used:     7760M (95%)        7934M (97%)        1038M (13%)         410M (5%)         7968M (97%)         410M (5%)     
[196.449s][info][gc,heap     ] GC(115)      Live:         -               152M (2%)          152M (2%)          152M (2%)             -                  -          
[196.449s][info][gc,heap     ] GC(115) Allocated:         -               174M (2%)          220M (3%)          234M (3%)             -                  -          
[196.449s][info][gc,heap     ] GC(115)   Garbage:         -              7607M (93%)         665M (8%)           22M (0%)             -                  -          
[196.449s][info][gc,heap     ] GC(115) Reclaimed:         -                  -              6942M (85%)        7584M (93%)            -                  -          
[196.449s][info][gc          ] GC(115) Garbage Collection (High Usage) 7760M(95%)->410M(5%)
[196.733s][info][gc,start    ] GC(116) Garbage Collection (System.gc())
[196.733s][info][gc,task     ] GC(116) Using 2 workers
[196.733s][info][gc,phases   ] GC(116) Pause Mark Start 0.006ms
[196.792s][info][gc,phases   ] GC(116) Concurrent Mark 58.600ms
[196.792s][info][gc,phases   ] GC(116) Pause Mark End 0.021ms
[196.792s][info][gc,phases   ] GC(116) Concurrent Mark Free 0.002ms
[196.798s][info][gc,phases   ] GC(116) Concurrent Process Non-Strong References 5.906ms
[196.798s][info][gc,phases   ] GC(116) Concurrent Reset Relocation Set 0.022ms
[196.800s][info][gc,phases   ] GC(116) Concurrent Select Relocation Set 2.332ms
[196.800s][info][gc,phases   ] GC(116) Pause Relocate Start 0.011ms
[196.807s][info][gc,phases   ] GC(116) Concurrent Relocate 6.348ms
[196.807s][info][gc,load     ] GC(116) Load: 0.00/0.00/0.00
[196.807s][info][gc,mmu      ] GC(116) MMU: 2ms/80.5%, 5ms/92.2%, 10ms/96.1%, 20ms/96.3%, 50ms/97.1%, 100ms/97.5%
[196.807s][info][gc,marking  ] GC(116) Mark: 2 stripe(s), 1 proactive flush(es), 1 terminate flush(es), 0 completion(s), 0 continuation(s) 
[196.807s][info][gc,marking  ] GC(116) Mark Stack Usage: 32M
[196.807s][info][gc,nmethod  ] GC(116) NMethods: 4702 registered, 0 unregistered
[196.807s][info][gc,metaspace] GC(116) Metaspace: 33M used, 33M committed, 1088M reserved
[196.807s][info][gc,ref      ] GC(116) Soft: 4016 encountered, 0 discovered, 0 enqueued
[196.807s][info][gc,ref      ] GC(116) Weak: 23905 encountered, 23256 discovered, 22191 enqueued
[196.807s][info][gc,ref      ] GC(116) Final: 7 encountered, 5 discovered, 0 enqueued
[196.807s][info][gc,ref      ] GC(116) Phantom: 714 encountered, 648 discovered, 0 enqueued
[196.807s][info][gc,reloc    ] GC(116) Small Pages: 202 / 404M, Empty: 40M, Relocated: 10M, In-Place: 0
[196.807s][info][gc,reloc    ] GC(116) Medium Pages: 5 / 160M, Empty: 96M, Relocated: 15M, In-Place: 0
[196.807s][info][gc,reloc    ] GC(116) Large Pages: 32 / 226M, Empty: 226M, Relocated: 0M, In-Place: 0
[196.807s][info][gc,reloc    ] GC(116) Forwarding Usage: 3M
[196.807s][info][gc,heap     ] GC(116) Min Capacity: 8192M(100%)
[196.807s][info][gc,heap     ] GC(116) Max Capacity: 8192M(100%)
[196.807s][info][gc,heap     ] GC(116) Soft Max Capacity: 8192M(100%)
[196.807s][info][gc,heap     ] GC(116)                Mark Start          Mark End        Relocate Start      Relocate End           High               Low         
[196.807s][info][gc,heap     ] GC(116)  Capacity:     8192M (100%)       8192M (100%)       8192M (100%)       8192M (100%)       8192M (100%)       8192M (100%)   
[196.807s][info][gc,heap     ] GC(116)      Free:     7402M (90%)        7402M (90%)        7764M (95%)        8046M (98%)        8046M (98%)        7402M (90%)    
[196.807s][info][gc,heap     ] GC(116)      Used:      790M (10%)         790M (10%)         428M (5%)          146M (2%)          790M (10%)         146M (2%)     
[196.807s][info][gc,heap     ] GC(116)      Live:         -               125M (2%)          125M (2%)          125M (2%)             -                  -          
[196.807s][info][gc,heap     ] GC(116) Allocated:         -                 0M (0%)            0M (0%)            0M (0%)             -                  -          
[196.807s][info][gc,heap     ] GC(116)   Garbage:         -               664M (8%)          302M (4%)           20M (0%)             -                  -          
[196.807s][info][gc,heap     ] GC(116) Reclaimed:         -                  -               362M (4%)          644M (8%)             -                  -          
[196.807s][info][gc          ] GC(116) Garbage Collection (System.gc()) 790M(10%)->146M(2%)
[197.325s][info][gc,start    ] GC(117) Garbage Collection (Allocation Rate)
[197.325s][info][gc,task     ] GC(117) Using 2 workers
[197.325s][info][gc,phases   ] GC(117) Pause Mark Start 0.010ms
[197.466s][info][gc,phases   ] GC(117) Concurrent Mark 125.363ms
[197.466s][info][gc,phases   ] GC(117) Pause Mark End 0.017ms
[197.482s][info][gc,phases   ] GC(117) Concurrent Mark Free 0.003ms
[197.492s][info][gc,phases   ] GC(117) Concurrent Process Non-Strong References 9.290ms
[197.492s][info][gc,phases   ] GC(117) Concurrent Reset Relocation Set 0.014ms
[197.495s][info][gc,phases   ] GC(117) Concurrent Select Relocation Set 3.124ms
[197.495s][info][gc,phases   ] GC(117) Pause Relocate Start 0.015ms
[197.496s][info][gc,phases   ] GC(117) Concurrent Relocate 0.425ms
[197.496s][info][gc,load     ] GC(117) Load: 0.00/0.00/0.00
[197.496s][info][gc,mmu      ] GC(117) MMU: 2ms/80.5%, 5ms/92.2%, 10ms/96.1%, 20ms/96.3%, 50ms/97.1%, 100ms/97.5%
[197.496s][info][gc,marking  ] GC(117) Mark: 2 stripe(s), 2 proactive flush(es), 1 terminate flush(es), 0 completion(s), 0 continuation(s) 
[197.496s][info][gc,marking  ] GC(117) Mark Stack Usage: 32M
[197.496s][info][gc,nmethod  ] GC(117) NMethods: 4702 registered, 0 unregistered
[197.496s][info][gc,metaspace] GC(117) Metaspace: 33M used, 33M committed, 1088M reserved
[197.496s][info][gc,ref      ] GC(117) Soft: 4016 encountered, 0 discovered, 0 enqueued
[197.496s][info][gc,ref      ] GC(117) Weak: 1732 encountered, 57 discovered, 0 enqueued
[197.496s][info][gc,ref      ] GC(117) Final: 7 encountered, 7 discovered, 0 enqueued
[197.496s][info][gc,ref      ] GC(117) Phantom: 714 encountered, 644 discovered, 0 enqueued
[197.496s][info][gc,reloc    ] GC(117) Small Pages: 1958 / 3916M, Empty: 3780M, Relocated: 0M, In-Place: 0
[197.496s][info][gc,reloc    ] GC(117) Medium Pages: 1 / 32M, Empty: 0M, Relocated: 0M, In-Place: 0
[197.496s][info][gc,reloc    ] GC(117) Large Pages: 0 / 0M, Empty: 0M, Relocated: 0M, In-Place: 0
[197.496s][info][gc,reloc    ] GC(117) Forwarding Usage: 0M
[197.496s][info][gc,heap     ] GC(117) Min Capacity: 8192M(100%)
[197.496s][info][gc,heap     ] GC(117) Max Capacity: 8192M(100%)
[197.496s][info][gc,heap     ] GC(117) Soft Max Capacity: 8192M(100%)
[197.496s][info][gc,heap     ] GC(117)                Mark Start          Mark End        Relocate Start      Relocate End           High               Low         
[197.496s][info][gc,heap     ] GC(117)  Capacity:     8192M (100%)       8192M (100%)       8192M (100%)       8192M (100%)       8192M (100%)       8192M (100%)   
[197.496s][info][gc,heap     ] GC(117)      Free:     4244M (52%)        3394M (41%)        7022M (86%)        7040M (86%)        7040M (86%)        3258M (40%)    
[197.496s][info][gc,heap     ] GC(117)      Used:     3948M (48%)        4798M (59%)        1170M (14%)        1152M (14%)        4934M (60%)        1152M (14%)    
[197.496s][info][gc,heap     ] GC(117)      Live:         -               125M (2%)          125M (2%)          125M (2%)             -                  -          
[197.496s][info][gc,heap     ] GC(117) Allocated:         -               850M (10%)        1002M (12%)        1003M (12%)            -                  -          
[197.496s][info][gc,heap     ] GC(117)   Garbage:         -              3822M (47%)          42M (1%)           22M (0%)             -                  -          
[197.496s][info][gc,heap     ] GC(117) Reclaimed:         -                  -              3780M (46%)        3799M (46%)            -                  -          
[197.496s][info][gc          ] GC(117) Garbage Collection (Allocation Rate) 3948M(48%)->1152M(14%)
[197.529s][info][gc,start    ] GC(118) Garbage Collection (Allocation Rate)
[197.529s][info][gc,task     ] GC(118) Using 2 workers
[197.529s][info][gc,phases   ] GC(118) Pause Mark Start 0.008ms
[197.592s][info][gc,phases   ] GC(118) Concurrent Mark 62.637ms
[197.592s][info][gc,phases   ] GC(118) Pause Mark End 0.030ms
[197.592s][info][gc,phases   ] GC(118) Concurrent Mark Free 0.002ms
[197.598s][info][gc,phases   ] GC(118) Concurrent Process Non-Strong References 5.910ms
[197.598s][info][gc,phases   ] GC(118) Concurrent Reset Relocation Set 0.004ms
[197.602s][info][gc,phases   ] GC(118) Concurrent Select Relocation Set 3.106ms
[197.602s][info][gc,phases   ] GC(118) Pause Relocate Start 0.010ms
[197.602s][info][gc,phases   ] GC(118) Concurrent Relocate 0.550ms
[197.602s][info][gc,load     ] GC(118) Load: 0.00/0.00/0.00
[197.602s][info][gc,mmu      ] GC(118) MMU: 2ms/80.5%, 5ms/92.2%, 10ms/96.1%, 20ms/96.3%, 50ms/97.1%, 100ms/97.5%
[197.602s][info][gc,marking  ] GC(118) Mark: 2 stripe(s), 1 proactive flush(es), 1 terminate flush(es), 0 completion(s), 0 continuation(s) 
[197.602s][info][gc,marking  ] GC(118) Mark Stack Usage: 32M
[197.602s][info][gc,nmethod  ] GC(118) NMethods: 4702 registered, 0 unregistered
[197.602s][info][gc,metaspace] GC(118) Metaspace: 33M used, 33M committed, 1088M reserved
[197.602s][info][gc,ref      ] GC(118) Soft: 4016 encountered, 0 discovered, 0 enqueued
[197.602s][info][gc,ref      ] GC(118) Weak: 1723 encountered, 1032 discovered, 0 enqueued
[197.602s][info][gc,ref      ] GC(118) Final: 7 encountered, 7 discovered, 0 enqueued
[197.602s][info][gc,ref      ] GC(118) Phantom: 714 encountered, 639 discovered, 0 enqueued
[197.602s][info][gc,reloc    ] GC(118) Small Pages: 658 / 1316M, Empty: 1184M, Relocated: 0M, In-Place: 0
[197.602s][info][gc,reloc    ] GC(118) Medium Pages: 1 / 32M, Empty: 0M, Relocated: 0M, In-Place: 0
[197.602s][info][gc,reloc    ] GC(118) Large Pages: 0 / 0M, Empty: 0M, Relocated: 0M, In-Place: 0
[197.602s][info][gc,reloc    ] GC(118) Forwarding Usage: 0M
[197.602s][info][gc,heap     ] GC(118) Min Capacity: 8192M(100%)
[197.602s][info][gc,heap     ] GC(118) Max Capacity: 8192M(100%)
[197.602s][info][gc,heap     ] GC(118) Soft Max Capacity: 8192M(100%)
[197.603s][info][gc,heap     ] GC(118)                Mark Start          Mark End        Relocate Start      Relocate End           High               Low         
[197.603s][info][gc,heap     ] GC(118)  Capacity:     8192M (100%)       8192M (100%)       8192M (100%)       8192M (100%)       8192M (100%)       8192M (100%)   
[197.603s][info][gc,heap     ] GC(118)      Free:     6844M (84%)        6600M (81%)        7734M (94%)        7748M (95%)        7748M (95%)        6564M (80%)    
[197.603s][info][gc,heap     ] GC(118)      Used:     1348M (16%)        1592M (19%)         458M (6%)          444M (5%)         1628M (20%)         444M (5%)     
[197.603s][info][gc,heap     ] GC(118)      Live:         -               125M (2%)          125M (2%)          125M (2%)             -                  -          
[197.603s][info][gc,heap     ] GC(118) Allocated:         -               244M (3%)          294M (4%)          296M (4%)             -                  -          
[197.603s][info][gc,heap     ] GC(118)   Garbage:         -              1222M (15%)          38M (0%)           22M (0%)             -                  -          
[197.603s][info][gc,heap     ] GC(118) Reclaimed:         -                  -              1184M (14%)        1200M (15%)            -                  -          
[197.603s][info][gc          ] GC(118) Garbage Collection (Allocation Rate) 1348M(16%)->444M(5%)
[198.329s][info][gc,start    ] GC(119) Garbage Collection (Allocation Rate)
[198.329s][info][gc,task     ] GC(119) Using 1 workers
[198.330s][info][gc,phases   ] GC(119) Pause Mark Start 0.011ms
[198.468s][info][gc,phases   ] GC(119) Concurrent Mark 138.178ms
[198.468s][info][gc,phases   ] GC(119) Pause Mark End 0.010ms
[198.468s][info][gc,phases   ] GC(119) Concurrent Mark Free 0.000ms
[198.479s][info][gc,phases   ] GC(119) Concurrent Process Non-Strong References 10.709ms
[198.479s][info][gc,phases   ] GC(119) Concurrent Reset Relocation Set 0.001ms
[198.482s][info][gc,phases   ] GC(119) Concurrent Select Relocation Set 3.439ms
[198.482s][info][gc,phases   ] GC(119) Pause Relocate Start 0.007ms
[198.483s][info][gc,phases   ] GC(119) Concurrent Relocate 0.504ms
[198.483s][info][gc,load     ] GC(119) Load: 0.00/0.00/0.00
[198.483s][info][gc,mmu      ] GC(119) MMU: 2ms/80.5%, 5ms/92.2%, 10ms/96.1%, 20ms/96.3%, 50ms/97.1%, 100ms/97.5%
[198.483s][info][gc,marking  ] GC(119) Mark: 1 stripe(s), 2 proactive flush(es), 1 terminate flush(es), 0 completion(s), 0 continuation(s) 
[198.483s][info][gc,marking  ] GC(119) Mark Stack Usage: 32M
[198.483s][info][gc,nmethod  ] GC(119) NMethods: 4702 registered, 0 unregistered
[198.483s][info][gc,metaspace] GC(119) Metaspace: 33M used, 33M committed, 1088M reserved
[198.483s][info][gc,ref      ] GC(119) Soft: 4016 encountered, 0 discovered, 0 enqueued
[198.483s][info][gc,ref      ] GC(119) Weak: 1732 encountered, 1284 discovered, 0 enqueued
[198.483s][info][gc,ref      ] GC(119) Final: 7 encountered, 7 discovered, 0 enqueued
[198.483s][info][gc,ref      ] GC(119) Phantom: 714 encountered, 665 discovered, 0 enqueued
[198.483s][info][gc,reloc    ] GC(119) Small Pages: 2249 / 4498M, Empty: 4358M, Relocated: 1M, In-Place: 0
[198.483s][info][gc,reloc    ] GC(119) Medium Pages: 1 / 32M, Empty: 0M, Relocated: 0M, In-Place: 0
[198.483s][info][gc,reloc    ] GC(119) Large Pages: 0 / 0M, Empty: 0M, Relocated: 0M, In-Place: 0
[198.483s][info][gc,reloc    ] GC(119) Forwarding Usage: 0M
[198.483s][info][gc,heap     ] GC(119) Min Capacity: 8192M(100%)
[198.483s][info][gc,heap     ] GC(119) Max Capacity: 8192M(100%)
[198.483s][info][gc,heap     ] GC(119) Soft Max Capacity: 8192M(100%)
[198.483s][info][gc,heap     ] GC(119)                Mark Start          Mark End        Relocate Start      Relocate End           High               Low         
[198.483s][info][gc,heap     ] GC(119)  Capacity:     8192M (100%)       8192M (100%)       8192M (100%)       8192M (100%)       8192M (100%)       8192M (100%)   
[198.483s][info][gc,heap     ] GC(119)      Free:     3662M (45%)        2976M (36%)        7270M (89%)        7296M (89%)        7296M (89%)        2928M (36%)    
[198.483s][info][gc,heap     ] GC(119)      Used:     4530M (55%)        5216M (64%)         922M (11%)         896M (11%)        5264M (64%)         896M (11%)    
[198.483s][info][gc,heap     ] GC(119)      Live:         -               125M (2%)          125M (2%)          125M (2%)             -                  -          
[198.483s][info][gc,heap     ] GC(119) Allocated:         -               686M (8%)          750M (9%)          749M (9%)             -                  -          
[198.483s][info][gc,heap     ] GC(119)   Garbage:         -              4404M (54%)          46M (1%)           20M (0%)             -                  -          
[198.483s][info][gc,heap     ] GC(119) Reclaimed:         -                  -              4358M (53%)        4383M (54%)            -                  -          
[198.483s][info][gc          ] GC(119) Garbage Collection (Allocation Rate) 4530M(55%)->896M(11%)
[199.421s][info][gc,start    ] GC(120) Garbage Collection (Allocation Rate)
[199.421s][info][gc,task     ] GC(120) Using 1 workers
[199.421s][info][gc,phases   ] GC(120) Pause Mark Start 0.006ms
[199.519s][info][gc,phases   ] GC(120) Concurrent Mark 97.322ms
[199.519s][info][gc,phases   ] GC(120) Pause Mark End 0.013ms
[199.519s][info][gc,phases   ] GC(120) Concurrent Mark Free 0.001ms
[199.527s][info][gc,phases   ] GC(120) Concurrent Process Non-Strong References 7.543ms
[199.527s][info][gc,phases   ] GC(120) Concurrent Reset Relocation Set 0.001ms
[199.529s][info][gc,phases   ] GC(120) Concurrent Select Relocation Set 2.012ms
[199.529s][info][gc,phases   ] GC(120) Pause Relocate Start 0.007ms
[199.530s][info][gc,phases   ] GC(120) Concurrent Relocate 0.425ms
[199.530s][info][gc,load     ] GC(120) Load: 0.00/0.00/0.00
[199.530s][info][gc,mmu      ] GC(120) MMU: 2ms/80.5%, 5ms/92.2%, 10ms/96.1%, 20ms/96.3%, 50ms/97.1%, 100ms/97.5%
[199.530s][info][gc,marking  ] GC(120) Mark: 1 stripe(s), 2 proactive flush(es), 1 terminate flush(es), 0 completion(s), 0 continuation(s) 
[199.530s][info][gc,marking  ] GC(120) Mark Stack Usage: 32M
[199.530s][info][gc,nmethod  ] GC(120) NMethods: 4705 registered, 0 unregistered
[199.530s][info][gc,metaspace] GC(120) Metaspace: 33M used, 33M committed, 1088M reserved
[199.530s][info][gc,ref      ] GC(120) Soft: 4016 encountered, 0 discovered, 0 enqueued
[199.530s][info][gc,ref      ] GC(120) Weak: 1744 encountered, 1296 discovered, 12 enqueued
[199.530s][info][gc,ref      ] GC(120) Final: 7 encountered, 7 discovered, 0 enqueued
[199.530s][info][gc,ref      ] GC(120) Phantom: 714 encountered, 665 discovered, 0 enqueued
[199.530s][info][gc,reloc    ] GC(120) Small Pages: 2789 / 5578M, Empty: 5422M, Relocated: 1M, In-Place: 0
[199.530s][info][gc,reloc    ] GC(120) Medium Pages: 1 / 32M, Empty: 0M, Relocated: 0M, In-Place: 0
[199.530s][info][gc,reloc    ] GC(120) Large Pages: 0 / 0M, Empty: 0M, Relocated: 0M, In-Place: 0
[199.530s][info][gc,reloc    ] GC(120) Forwarding Usage: 0M
[199.530s][info][gc,heap     ] GC(120) Min Capacity: 8192M(100%)
[199.530s][info][gc,heap     ] GC(120) Max Capacity: 8192M(100%)
[199.530s][info][gc,heap     ] GC(120) Soft Max Capacity: 8192M(100%)
[199.530s][info][gc,heap     ] GC(120)                Mark Start          Mark End        Relocate Start      Relocate End           High               Low         
[199.530s][info][gc,heap     ] GC(120)  Capacity:     8192M (100%)       8192M (100%)       8192M (100%)       8192M (100%)       8192M (100%)       8192M (100%)   
[199.530s][info][gc,heap     ] GC(120)      Free:     2582M (32%)        2506M (31%)        7926M (97%)        7966M (97%)        7966M (97%)        2504M (31%)    
[199.530s][info][gc,heap     ] GC(120)      Used:     5610M (68%)        5686M (69%)         266M (3%)          226M (3%)         5688M (69%)         226M (3%)     
[199.530s][info][gc,heap     ] GC(120)      Live:         -               125M (2%)          125M (2%)          125M (2%)             -                  -          
[199.530s][info][gc,heap     ] GC(120) Allocated:         -                76M (1%)           78M (1%)           79M (1%)             -                  -          
[199.530s][info][gc,heap     ] GC(120)   Garbage:         -              5484M (67%)          62M (1%)           20M (0%)             -                  -          
[199.530s][info][gc,heap     ] GC(120) Reclaimed:         -                  -              5422M (66%)        5463M (67%)            -                  -          
[199.530s][info][gc          ] GC(120) Garbage Collection (Allocation Rate) 5610M(68%)->226M(3%)
[200.324s][info][gc,stats    ] === Garbage Collection Statistics =======================================================================================================================
[200.324s][info][gc,stats    ]                                                              Last 10s              Last 10m              Last 10h                Total
[200.324s][info][gc,stats    ]                                                              Avg / Max             Avg / Max             Avg / Max             Avg / Max
[200.324s][info][gc,stats    ]   Collector: Garbage Collection Cycle                    130.318 / 227.607     125.726 / 379.439     125.726 / 379.439     125.726 / 379.439     ms
[200.324s][info][gc,stats    ]  Contention: Mark Segment Reset Contention                     0 / 1                 0 / 26                0 / 26                0 / 26          ops/s
[200.324s][info][gc,stats    ]  Contention: Mark SeqNum Reset Contention                      0 / 0                 0 / 1                 0 / 1                 0 / 1           ops/s
[200.324s][info][gc,stats    ]    Critical: Allocation Stall                                  0 / 0                 0 / 0                 0 / 0                 0 / 0           ops/s
[200.324s][info][gc,stats    ]    Critical: Allocation Stall                              0.000 / 0.000         0.000 / 0.000         0.000 / 0.000         0.000 / 0.000       ms
[200.324s][info][gc,stats    ]    Critical: GC Locker Stall                                   0 / 0                 0 / 0                 0 / 0                 0 / 0           ops/s
[200.324s][info][gc,stats    ]    Critical: GC Locker Stall                               0.000 / 0.000         0.000 / 0.000         0.000 / 0.000         0.000 / 0.000       ms
[200.324s][info][gc,stats    ]    Critical: Relocation Stall                                  0 / 0                 0 / 0                 0 / 0                 0 / 0           ops/s
[200.324s][info][gc,stats    ]    Critical: Relocation Stall                              0.000 / 0.000         0.000 / 0.000         0.000 / 0.000         0.000 / 0.000       ms
[200.324s][info][gc,stats    ]      Memory: Allocation Rate                                3309 / 6204           2785 / 6636           2785 / 6636           2785 / 6636        MB/s
[200.324s][info][gc,stats    ]      Memory: Out Of Memory                                     0 / 0                 0 / 0                 0 / 0                 0 / 0           ops/s
[200.324s][info][gc,stats    ]      Memory: Page Cache Flush                                103 / 618              95 / 664              95 / 664              95 / 664         MB/s
[200.324s][info][gc,stats    ]      Memory: Page Cache Hit L1                              1482 / 3104           1181 / 3321           1181 / 3321           1181 / 3321        ops/s
[200.324s][info][gc,stats    ]      Memory: Page Cache Hit L2                                 0 / 0                 0 / 0                 0 / 0                 0 / 0           ops/s
[200.324s][info][gc,stats    ]      Memory: Page Cache Hit L3                                35 / 319              51 / 635              51 / 635              51 / 635         ops/s
[200.324s][info][gc,stats    ]      Memory: Page Cache Miss                                  10 / 66               10 / 70               10 / 70               10 / 70          ops/s
[200.324s][info][gc,stats    ]      Memory: Uncommit                                          0 / 0                 0 / 0                 0 / 0                 0 / 0           MB/s
[200.324s][info][gc,stats    ]      Memory: Undo Object Allocation Failed                     0 / 0                 0 / 1                 0 / 1                 0 / 1           ops/s
[200.324s][info][gc,stats    ]      Memory: Undo Object Allocation Succeeded                  0 / 0                 0 / 94                0 / 94                0 / 94          ops/s
[200.324s][info][gc,stats    ]      Memory: Undo Page Allocation                              1 / 4                 0 / 8                 0 / 8                 0 / 8           ops/s
[200.324s][info][gc,stats    ]       Phase: Concurrent Mark                              96.772 / 138.178      98.500 / 190.432      98.500 / 190.432      98.500 / 190.432     ms
[200.324s][info][gc,stats    ]       Phase: Concurrent Mark Continue                     16.189 / 35.578       15.374 / 35.578       15.374 / 35.578       15.374 / 35.578      ms
[200.324s][info][gc,stats    ]       Phase: Concurrent Mark Free                          0.001 / 0.003         0.001 / 0.004         0.001 / 0.004         0.001 / 0.004       ms
[200.324s][info][gc,stats    ]       Phase: Concurrent Process Non-Strong References      8.276 / 15.952        8.116 / 31.000        8.116 / 31.000        8.116 / 31.000      ms
[200.324s][info][gc,stats    ]       Phase: Concurrent Relocate                           4.388 / 25.457        9.437 / 76.380        9.437 / 76.380        9.437 / 76.380      ms
[200.324s][info][gc,stats    ]       Phase: Concurrent Reset Relocation Set               0.008 / 0.022         0.010 / 0.049         0.010 / 0.049         0.010 / 0.049       ms
[200.324s][info][gc,stats    ]       Phase: Concurrent Select Relocation Set              3.471 / 7.433         3.539 / 10.958        3.539 / 10.958        3.539 / 10.958      ms
[200.324s][info][gc,stats    ]       Phase: Pause Mark End                                0.142 / 0.344         0.071 / 0.390         0.071 / 0.390         0.071 / 0.390       ms
[200.324s][info][gc,stats    ]       Phase: Pause Mark Start                              0.008 / 0.013         0.008 / 0.021         0.008 / 0.021         0.008 / 0.021       ms
[200.324s][info][gc,stats    ]       Phase: Pause Relocate Start                          0.010 / 0.015         0.010 / 0.037         0.010 / 0.037         0.010 / 0.037       ms
[200.324s][info][gc,stats    ]    Subphase: Concurrent Classes Purge                      0.252 / 0.458         0.240 / 0.574         0.240 / 0.574         0.240 / 0.574       ms
[200.324s][info][gc,stats    ]    Subphase: Concurrent Classes Unlink                     5.548 / 9.566         5.653 / 23.760        5.653 / 23.760        5.653 / 23.760      ms
[200.324s][info][gc,stats    ]    Subphase: Concurrent Mark                              50.348 / 137.392      70.909 / 189.582      70.909 / 189.582      70.909 / 189.582     ms
[200.324s][info][gc,stats    ]    Subphase: Concurrent Mark Try Flush                     1.110 / 25.168        0.546 / 30.486        0.546 / 30.486        0.546 / 30.486      ms
[200.324s][info][gc,stats    ]    Subphase: Concurrent Mark Try Terminate                 3.950 / 15.607        3.237 / 16.837        3.237 / 16.837        3.237 / 16.837      ms
[200.324s][info][gc,stats    ]    Subphase: Concurrent References Enqueue                 0.003 / 0.008         0.003 / 0.008         0.003 / 0.008         0.003 / 0.008       ms
[200.324s][info][gc,stats    ]    Subphase: Concurrent References Process                 0.509 / 1.706         0.966 / 3.217         0.966 / 3.217         0.966 / 3.217       ms
[200.324s][info][gc,stats    ]    Subphase: Concurrent Roots ClassLoaderDataGraph         0.091 / 0.255         0.109 / 0.537         0.109 / 0.537         0.109 / 0.537       ms
[200.324s][info][gc,stats    ]    Subphase: Concurrent Roots CodeCache                    0.000 / 0.000         0.000 / 0.000         0.000 / 0.000         0.000 / 0.000       ms
[200.324s][info][gc,stats    ]    Subphase: Concurrent Roots JavaThreads                  0.408 / 0.602         0.357 / 1.258         0.357 / 1.258         0.357 / 1.258       ms
[200.324s][info][gc,stats    ]    Subphase: Concurrent Roots OopStorageSet                0.026 / 0.046         0.030 / 0.124         0.030 / 0.124         0.030 / 0.124       ms
[200.324s][info][gc,stats    ]    Subphase: Concurrent Weak Roots OopStorageSet           0.273 / 0.426         0.310 / 1.123         0.310 / 1.123         0.310 / 1.123       ms
[200.324s][info][gc,stats    ]    Subphase: Pause Mark Try Complete                       0.242 / 0.275         0.190 / 0.301         0.190 / 0.301         0.190 / 0.301       ms
[200.325s][info][gc,stats    ]      System: Java Threads                                     19 / 21               18 / 22               18 / 22               18 / 22          threads
[200.325s][info][gc,stats    ] =========================================================================================================================================================
[202.726s][info][gc,start    ] GC(121) Garbage Collection (System.gc())
[202.726s][info][gc,task     ] GC(121) Using 2 workers
[202.726s][info][gc,phases   ] GC(121) Pause Mark Start 0.007ms
[202.794s][info][gc,phases   ] GC(121) Concurrent Mark 67.474ms
[202.794s][info][gc,phases   ] GC(121) Pause Mark End 0.022ms
[202.794s][info][gc,phases   ] GC(121) Concurrent Mark Free 0.002ms
[202.801s][info][gc,phases   ] GC(121) Concurrent Process Non-Strong References 6.482ms
[202.801s][info][gc,phases   ] GC(121) Concurrent Reset Relocation Set 0.002ms
[202.803s][info][gc,phases   ] GC(121) Concurrent Select Relocation Set 2.672ms
[202.803s][info][gc,phases   ] GC(121) Pause Relocate Start 0.010ms
[202.811s][info][gc,phases   ] GC(121) Concurrent Relocate 7.165ms
[202.811s][info][gc,load     ] GC(121) Load: 0.00/0.00/0.00
[202.811s][info][gc,mmu      ] GC(121) MMU: 2ms/80.5%, 5ms/92.2%, 10ms/96.1%, 20ms/96.3%, 50ms/97.1%, 100ms/97.5%
[202.811s][info][gc,marking  ] GC(121) Mark: 2 stripe(s), 1 proactive flush(es), 1 terminate flush(es), 0 completion(s), 0 continuation(s) 
[202.811s][info][gc,marking  ] GC(121) Mark Stack Usage: 32M
[202.811s][info][gc,nmethod  ] GC(121) NMethods: 4706 registered, 0 unregistered
[202.811s][info][gc,metaspace] GC(121) Metaspace: 33M used, 33M committed, 1088M reserved
[202.811s][info][gc,ref      ] GC(121) Soft: 4016 encountered, 0 discovered, 0 enqueued
[202.811s][info][gc,ref      ] GC(121) Weak: 24288 encountered, 22944 discovered, 22574 enqueued
[202.811s][info][gc,ref      ] GC(121) Final: 7 encountered, 5 discovered, 0 enqueued
[202.811s][info][gc,ref      ] GC(121) Phantom: 714 encountered, 630 discovered, 0 enqueued
[202.811s][info][gc,reloc    ] GC(121) Small Pages: 940 / 1880M, Empty: 1186M, Relocated: 10M, In-Place: 0
[202.811s][info][gc,reloc    ] GC(121) Medium Pages: 26 / 832M, Empty: 768M, Relocated: 16M, In-Place: 0
[202.811s][info][gc,reloc    ] GC(121) Large Pages: 229 / 1588M, Empty: 1588M, Relocated: 0M, In-Place: 0
[202.811s][info][gc,reloc    ] GC(121) Forwarding Usage: 3M
[202.811s][info][gc,heap     ] GC(121) Min Capacity: 8192M(100%)
[202.811s][info][gc,heap     ] GC(121) Max Capacity: 8192M(100%)
[202.811s][info][gc,heap     ] GC(121) Soft Max Capacity: 8192M(100%)
[202.811s][info][gc,heap     ] GC(121)                Mark Start          Mark End        Relocate Start      Relocate End           High               Low         
[202.811s][info][gc,heap     ] GC(121)  Capacity:     8192M (100%)       8192M (100%)       8192M (100%)       8192M (100%)       8192M (100%)       8192M (100%)   
[202.811s][info][gc,heap     ] GC(121)      Free:     3892M (48%)        3892M (48%)        7434M (91%)        8046M (98%)        8046M (98%)        3892M (48%)    
[202.811s][info][gc,heap     ] GC(121)      Used:     4300M (52%)        4300M (52%)         758M (9%)          146M (2%)         4300M (52%)         146M (2%)     
[202.811s][info][gc,heap     ] GC(121)      Live:         -               126M (2%)          126M (2%)          126M (2%)             -                  -          
[202.811s][info][gc,heap     ] GC(121) Allocated:         -                 0M (0%)            0M (0%)            0M (0%)             -                  -          
[202.811s][info][gc,heap     ] GC(121)   Garbage:         -              4173M (51%)         631M (8%)           19M (0%)             -                  -          
[202.811s][info][gc,heap     ] GC(121) Reclaimed:         -                  -              3542M (43%)        4154M (51%)            -                  -          
[202.811s][info][gc          ] GC(121) Garbage Collection (System.gc()) 4300M(52%)->146M(2%)
[203.532s][info][gc,start    ] GC(122) Garbage Collection (Allocation Rate)
[203.532s][info][gc,task     ] GC(122) Using 2 workers
[203.532s][info][gc,phases   ] GC(122) Pause Mark Start 0.008ms
[203.626s][info][gc,phases   ] GC(122) Concurrent Mark 93.839ms
[203.626s][info][gc,phases   ] GC(122) Pause Mark End 0.013ms
[203.626s][info][gc,phases   ] GC(122) Concurrent Mark Free 0.001ms
[203.631s][info][gc,phases   ] GC(122) Concurrent Process Non-Strong References 4.613ms
[203.631s][info][gc,phases   ] GC(122) Concurrent Reset Relocation Set 0.020ms
[203.634s][info][gc,phases   ] GC(122) Concurrent Select Relocation Set 2.992ms
[203.634s][info][gc,phases   ] GC(122) Pause Relocate Start 0.008ms
[203.635s][info][gc,phases   ] GC(122) Concurrent Relocate 0.423ms
[203.635s][info][gc,load     ] GC(122) Load: 0.00/0.00/0.00
[203.635s][info][gc,mmu      ] GC(122) MMU: 2ms/80.5%, 5ms/92.2%, 10ms/96.1%, 20ms/96.3%, 50ms/97.1%, 100ms/97.5%
[203.635s][info][gc,marking  ] GC(122) Mark: 2 stripe(s), 2 proactive flush(es), 1 terminate flush(es), 0 completion(s), 0 continuation(s) 
[203.635s][info][gc,marking  ] GC(122) Mark Stack Usage: 32M
[203.635s][info][gc,nmethod  ] GC(122) NMethods: 4709 registered, 0 unregistered
[203.635s][info][gc,metaspace] GC(122) Metaspace: 33M used, 33M committed, 1088M reserved
[203.635s][info][gc,ref      ] GC(122) Soft: 4016 encountered, 0 discovered, 0 enqueued
[203.635s][info][gc,ref      ] GC(122) Weak: 1732 encountered, 85 discovered, 0 enqueued
[203.635s][info][gc,ref      ] GC(122) Final: 7 encountered, 7 discovered, 0 enqueued
[203.635s][info][gc,ref      ] GC(122) Phantom: 714 encountered, 605 discovered, 0 enqueued
[203.635s][info][gc,reloc    ] GC(122) Small Pages: 2651 / 5302M, Empty: 5162M, Relocated: 0M, In-Place: 0
[203.635s][info][gc,reloc    ] GC(122) Medium Pages: 1 / 32M, Empty: 0M, Relocated: 0M, In-Place: 0
[203.635s][info][gc,reloc    ] GC(122) Large Pages: 0 / 0M, Empty: 0M, Relocated: 0M, In-Place: 0
[203.635s][info][gc,reloc    ] GC(122) Forwarding Usage: 0M
[203.635s][info][gc,heap     ] GC(122) Min Capacity: 8192M(100%)
[203.635s][info][gc,heap     ] GC(122) Max Capacity: 8192M(100%)
[203.635s][info][gc,heap     ] GC(122) Soft Max Capacity: 8192M(100%)
[203.635s][info][gc,heap     ] GC(122)                Mark Start          Mark End        Relocate Start      Relocate End           High               Low         
[203.635s][info][gc,heap     ] GC(122)  Capacity:     8192M (100%)       8192M (100%)       8192M (100%)       8192M (100%)       8192M (100%)       8192M (100%)   
[203.635s][info][gc,heap     ] GC(122)      Free:     2858M (35%)        2404M (29%)        7538M (92%)        7558M (92%)        7558M (92%)        2386M (29%)    
[203.635s][info][gc,heap     ] GC(122)      Used:     5334M (65%)        5788M (71%)         654M (8%)          634M (8%)         5806M (71%)         634M (8%)     
[203.635s][info][gc,heap     ] GC(122)      Live:         -               126M (2%)          126M (2%)          126M (2%)             -                  -          
[203.635s][info][gc,heap     ] GC(122) Allocated:         -               454M (6%)          482M (6%)          485M (6%)             -                  -          
[203.635s][info][gc,heap     ] GC(122)   Garbage:         -              5207M (64%)          45M (1%)           21M (0%)             -                  -          
[203.635s][info][gc,heap     ] GC(122) Reclaimed:         -                  -              5162M (63%)        5185M (63%)            -                  -          
[203.635s][info][gc          ] GC(122) Garbage Collection (Allocation Rate) 5334M(65%)->634M(8%)
[204.521s][info][gc,start    ] GC(123) Garbage Collection (Allocation Rate)
[204.521s][info][gc,task     ] GC(123) Using 1 workers
[204.521s][info][gc,phases   ] GC(123) Pause Mark Start 0.007ms
[204.644s][info][gc,phases   ] GC(123) Concurrent Mark 123.476ms
[204.644s][info][gc,phases   ] GC(123) Pause Mark End 0.010ms
[204.645s][info][gc,phases   ] GC(123) Concurrent Mark Free 0.001ms
[204.654s][info][gc,phases   ] GC(123) Concurrent Process Non-Strong References 9.813ms
[204.654s][info][gc,phases   ] GC(123) Concurrent Reset Relocation Set 0.002ms
[204.657s][info][gc,phases   ] GC(123) Concurrent Select Relocation Set 2.748ms
[204.657s][info][gc,phases   ] GC(123) Pause Relocate Start 0.008ms
[204.658s][info][gc,phases   ] GC(123) Concurrent Relocate 0.517ms
[204.658s][info][gc,load     ] GC(123) Load: 0.00/0.00/0.00
[204.658s][info][gc,mmu      ] GC(123) MMU: 2ms/80.5%, 5ms/92.2%, 10ms/96.1%, 20ms/96.3%, 50ms/97.1%, 100ms/97.5%
[204.658s][info][gc,marking  ] GC(123) Mark: 1 stripe(s), 2 proactive flush(es), 1 terminate flush(es), 0 completion(s), 0 continuation(s) 
[204.658s][info][gc,marking  ] GC(123) Mark Stack Usage: 32M
[204.658s][info][gc,nmethod  ] GC(123) NMethods: 4709 registered, 0 unregistered
[204.658s][info][gc,metaspace] GC(123) Metaspace: 33M used, 33M committed, 1088M reserved
[204.658s][info][gc,ref      ] GC(123) Soft: 4016 encountered, 0 discovered, 0 enqueued
[204.658s][info][gc,ref      ] GC(123) Weak: 1732 encountered, 1284 discovered, 0 enqueued
[204.658s][info][gc,ref      ] GC(123) Final: 7 encountered, 7 discovered, 0 enqueued
[204.658s][info][gc,ref      ] GC(123) Phantom: 714 encountered, 665 discovered, 0 enqueued
[204.658s][info][gc,reloc    ] GC(123) Small Pages: 2790 / 5580M, Empty: 5442M, Relocated: 0M, In-Place: 0
[204.658s][info][gc,reloc    ] GC(123) Medium Pages: 1 / 32M, Empty: 0M, Relocated: 0M, In-Place: 0
[204.658s][info][gc,reloc    ] GC(123) Large Pages: 0 / 0M, Empty: 0M, Relocated: 0M, In-Place: 0
[204.658s][info][gc,reloc    ] GC(123) Forwarding Usage: 0M
[204.658s][info][gc,heap     ] GC(123) Min Capacity: 8192M(100%)
[204.658s][info][gc,heap     ] GC(123) Max Capacity: 8192M(100%)
[204.658s][info][gc,heap     ] GC(123) Soft Max Capacity: 8192M(100%)
[204.658s][info][gc,heap     ] GC(123)                Mark Start          Mark End        Relocate Start      Relocate End           High               Low         
[204.658s][info][gc,heap     ] GC(123)  Capacity:     8192M (100%)       8192M (100%)       8192M (100%)       8192M (100%)       8192M (100%)       8192M (100%)   
[204.658s][info][gc,heap     ] GC(123)      Free:     2580M (31%)        2080M (25%)        7482M (91%)        7498M (92%)        7500M (92%)        2050M (25%)    
[204.658s][info][gc,heap     ] GC(123)      Used:     5612M (69%)        6112M (75%)         710M (9%)          694M (8%)         6142M (75%)         692M (8%)     
[204.658s][info][gc,heap     ] GC(123)      Live:         -               126M (2%)          126M (2%)          126M (2%)             -                  -          
[204.658s][info][gc,heap     ] GC(123) Allocated:         -               500M (6%)          540M (7%)          547M (7%)             -                  -          
[204.658s][info][gc,heap     ] GC(123)   Garbage:         -              5485M (67%)          43M (1%)           19M (0%)             -                  -          
[204.658s][info][gc,heap     ] GC(123) Reclaimed:         -                  -              5442M (66%)        5465M (67%)            -                  -          
[204.658s][info][gc          ] GC(123) Garbage Collection (Allocation Rate) 5612M(69%)->694M(8%)
[206.026s][info][gc,start    ] GC(124) Garbage Collection (Allocation Rate)
[206.026s][info][gc,task     ] GC(124) Using 1 workers
[206.026s][info][gc,phases   ] GC(124) Pause Mark Start 0.009ms
[206.157s][info][gc,phases   ] GC(124) Concurrent Mark 131.620ms
[206.158s][info][gc,phases   ] GC(124) Pause Mark End 0.092ms
[206.158s][info][gc,phases   ] GC(124) Concurrent Mark Free 0.001ms
[206.169s][info][gc,phases   ] GC(124) Concurrent Process Non-Strong References 11.069ms
[206.169s][info][gc,phases   ] GC(124) Concurrent Reset Relocation Set 0.002ms
[206.175s][info][gc,phases   ] GC(124) Concurrent Select Relocation Set 5.701ms
[206.175s][info][gc,phases   ] GC(124) Pause Relocate Start 0.015ms
[206.207s][info][gc,phases   ] GC(124) Concurrent Relocate 31.927ms
[206.207s][info][gc,load     ] GC(124) Load: 0.00/0.00/0.00
[206.207s][info][gc,mmu      ] GC(124) MMU: 2ms/80.5%, 5ms/92.2%, 10ms/96.1%, 20ms/96.3%, 50ms/97.1%, 100ms/97.5%
[206.207s][info][gc,marking  ] GC(124) Mark: 1 stripe(s), 3 proactive flush(es), 1 terminate flush(es), 1 completion(s), 0 continuation(s) 
[206.207s][info][gc,marking  ] GC(124) Mark Stack Usage: 32M
[206.207s][info][gc,nmethod  ] GC(124) NMethods: 4709 registered, 0 unregistered
[206.207s][info][gc,metaspace] GC(124) Metaspace: 33M used, 33M committed, 1088M reserved
[206.207s][info][gc,ref      ] GC(124) Soft: 4016 encountered, 0 discovered, 0 enqueued
[206.207s][info][gc,ref      ] GC(124) Weak: 21774 encountered, 18453 discovered, 4460 enqueued
[206.207s][info][gc,ref      ] GC(124) Final: 7 encountered, 7 discovered, 0 enqueued
[206.207s][info][gc,ref      ] GC(124) Phantom: 720 encountered, 671 discovered, 0 enqueued
[206.207s][info][gc,reloc    ] GC(124) Small Pages: 2298 / 4596M, Empty: 4160M, Relocated: 38M, In-Place: 0
[206.207s][info][gc,reloc    ] GC(124) Medium Pages: 5 / 160M, Empty: 128M, Relocated: 0M, In-Place: 0
[206.207s][info][gc,reloc    ] GC(124) Large Pages: 39 / 270M, Empty: 270M, Relocated: 0M, In-Place: 0
[206.207s][info][gc,reloc    ] GC(124) Forwarding Usage: 11M
[206.207s][info][gc,heap     ] GC(124) Min Capacity: 8192M(100%)
[206.207s][info][gc,heap     ] GC(124) Max Capacity: 8192M(100%)
[206.207s][info][gc,heap     ] GC(124) Soft Max Capacity: 8192M(100%)
[206.207s][info][gc,heap     ] GC(124)                Mark Start          Mark End        Relocate Start      Relocate End           High               Low         
[206.207s][info][gc,heap     ] GC(124)  Capacity:     8192M (100%)       8192M (100%)       8192M (100%)       8192M (100%)       8192M (100%)       8192M (100%)   
[206.207s][info][gc,heap     ] GC(124)      Free:     3166M (39%)        3022M (37%)        7562M (92%)        7796M (95%)        7830M (96%)        3006M (37%)    
[206.207s][info][gc,heap     ] GC(124)      Used:     5026M (61%)        5170M (63%)         630M (8%)          396M (5%)         5186M (63%)         362M (4%)     
[206.207s][info][gc,heap     ] GC(124)      Live:         -               152M (2%)          152M (2%)          152M (2%)             -                  -          
[206.207s][info][gc,heap     ] GC(124) Allocated:         -               144M (2%)          162M (2%)          221M (3%)             -                  -          
[206.207s][info][gc,heap     ] GC(124)   Garbage:         -              4873M (59%)         315M (4%)           22M (0%)             -                  -          
[206.207s][info][gc,heap     ] GC(124) Reclaimed:         -                  -              4558M (56%)        4851M (59%)            -                  -          
[206.207s][info][gc          ] GC(124) Garbage Collection (Allocation Rate) 5026M(61%)->396M(5%)
[209.215s][info][gc,start    ] GC(125) Garbage Collection (System.gc())
[209.215s][info][gc,task     ] GC(125) Using 2 workers
[209.215s][info][gc,phases   ] GC(125) Pause Mark Start 0.007ms
[209.268s][info][gc,phases   ] GC(125) Concurrent Mark 52.730ms
[209.268s][info][gc,phases   ] GC(125) Pause Mark End 0.012ms
[209.268s][info][gc,phases   ] GC(125) Concurrent Mark Free 0.001ms
[209.274s][info][gc,phases   ] GC(125) Concurrent Process Non-Strong References 6.363ms
[209.274s][info][gc,phases   ] GC(125) Concurrent Reset Relocation Set 0.015ms
[209.277s][info][gc,phases   ] GC(125) Concurrent Select Relocation Set 2.346ms
[209.277s][info][gc,phases   ] GC(125) Pause Relocate Start 0.010ms
[209.284s][info][gc,phases   ] GC(125) Concurrent Relocate 7.163ms
[209.284s][info][gc,load     ] GC(125) Load: 0.00/0.00/0.00
[209.284s][info][gc,mmu      ] GC(125) MMU: 2ms/80.5%, 5ms/92.2%, 10ms/96.1%, 20ms/96.3%, 50ms/97.1%, 100ms/97.5%
[209.284s][info][gc,marking  ] GC(125) Mark: 2 stripe(s), 1 proactive flush(es), 1 terminate flush(es), 0 completion(s), 0 continuation(s) 
[209.284s][info][gc,marking  ] GC(125) Mark Stack Usage: 32M
[209.284s][info][gc,nmethod  ] GC(125) NMethods: 4710 registered, 0 unregistered
[209.284s][info][gc,metaspace] GC(125) Metaspace: 33M used, 33M committed, 1088M reserved
[209.284s][info][gc,ref      ] GC(125) Soft: 4016 encountered, 0 discovered, 0 enqueued
[209.284s][info][gc,ref      ] GC(125) Weak: 24949 encountered, 23304 discovered, 23236 enqueued
[209.284s][info][gc,ref      ] GC(125) Final: 7 encountered, 7 discovered, 0 enqueued
[209.284s][info][gc,ref      ] GC(125) Phantom: 714 encountered, 622 discovered, 0 enqueued
[209.284s][info][gc,reloc    ] GC(125) Small Pages: 855 / 1710M, Empty: 1036M, Relocated: 10M, In-Place: 0
[209.284s][info][gc,reloc    ] GC(125) Medium Pages: 25 / 800M, Empty: 736M, Relocated: 15M, In-Place: 0
[209.284s][info][gc,reloc    ] GC(125) Large Pages: 222 / 1550M, Empty: 1550M, Relocated: 0M, In-Place: 0
[209.284s][info][gc,reloc    ] GC(125) Forwarding Usage: 3M
[209.284s][info][gc,heap     ] GC(125) Min Capacity: 8192M(100%)
[209.284s][info][gc,heap     ] GC(125) Max Capacity: 8192M(100%)
[209.285s][info][gc,heap     ] GC(125) Soft Max Capacity: 8192M(100%)
[209.285s][info][gc,heap     ] GC(125)                Mark Start          Mark End        Relocate Start      Relocate End           High               Low         
[209.285s][info][gc,heap     ] GC(125)  Capacity:     8192M (100%)       8192M (100%)       8192M (100%)       8192M (100%)       8192M (100%)       8192M (100%)   
[209.285s][info][gc,heap     ] GC(125)      Free:     4132M (50%)        4132M (50%)        7454M (91%)        8046M (98%)        8046M (98%)        4132M (50%)    
[209.285s][info][gc,heap     ] GC(125)      Used:     4060M (50%)        4060M (50%)         738M (9%)          146M (2%)         4060M (50%)         146M (2%)     
[209.285s][info][gc,heap     ] GC(125)      Live:         -               125M (2%)          125M (2%)          125M (2%)             -                  -          
[209.285s][info][gc,heap     ] GC(125) Allocated:         -                 0M (0%)            0M (0%)            0M (0%)             -                  -          
[209.285s][info][gc,heap     ] GC(125)   Garbage:         -              3934M (48%)         612M (7%)           20M (0%)             -                  -          
[209.285s][info][gc,heap     ] GC(125) Reclaimed:         -                  -              3322M (41%)        3914M (48%)            -                  -          
[209.285s][info][gc          ] GC(125) Garbage Collection (System.gc()) 4060M(50%)->146M(2%)
[210.023s][info][gc,start    ] GC(126) Garbage Collection (Allocation Rate)
[210.023s][info][gc,task     ] GC(126) Using 2 workers
[210.023s][info][gc,phases   ] GC(126) Pause Mark Start 0.007ms
[210.117s][info][gc,phases   ] GC(126) Concurrent Mark 93.799ms
[210.118s][info][gc,phases   ] GC(126) Pause Mark End 0.014ms
[210.118s][info][gc,phases   ] GC(126) Concurrent Mark Free 0.001ms
[210.123s][info][gc,phases   ] GC(126) Concurrent Process Non-Strong References 5.016ms
[210.123s][info][gc,phases   ] GC(126) Concurrent Reset Relocation Set 0.020ms
[210.126s][info][gc,phases   ] GC(126) Concurrent Select Relocation Set 3.324ms
[210.126s][info][gc,phases   ] GC(126) Pause Relocate Start 0.007ms
[210.127s][info][gc,phases   ] GC(126) Concurrent Relocate 0.697ms
[210.127s][info][gc,load     ] GC(126) Load: 0.00/0.00/0.00
[210.127s][info][gc,mmu      ] GC(126) MMU: 2ms/80.5%, 5ms/92.2%, 10ms/96.1%, 20ms/96.3%, 50ms/97.1%, 100ms/97.5%
[210.127s][info][gc,marking  ] GC(126) Mark: 2 stripe(s), 2 proactive flush(es), 1 terminate flush(es), 0 completion(s), 0 continuation(s) 
[210.127s][info][gc,marking  ] GC(126) Mark Stack Usage: 32M
[210.127s][info][gc,nmethod  ] GC(126) NMethods: 4710 registered, 0 unregistered
[210.127s][info][gc,metaspace] GC(126) Metaspace: 33M used, 33M committed, 1088M reserved
[210.127s][info][gc,ref      ] GC(126) Soft: 4016 encountered, 0 discovered, 0 enqueued
[210.127s][info][gc,ref      ] GC(126) Weak: 1731 encountered, 53 discovered, 0 enqueued
[210.127s][info][gc,ref      ] GC(126) Final: 7 encountered, 7 discovered, 0 enqueued
[210.127s][info][gc,ref      ] GC(126) Phantom: 714 encountered, 556 discovered, 0 enqueued
[210.127s][info][gc,reloc    ] GC(126) Small Pages: 2721 / 5442M, Empty: 5300M, Relocated: 0M, In-Place: 0
[210.127s][info][gc,reloc    ] GC(126) Medium Pages: 1 / 32M, Empty: 0M, Relocated: 0M, In-Place: 0
[210.127s][info][gc,reloc    ] GC(126) Large Pages: 0 / 0M, Empty: 0M, Relocated: 0M, In-Place: 0
[210.127s][info][gc,reloc    ] GC(126) Forwarding Usage: 0M
[210.127s][info][gc,heap     ] GC(126) Min Capacity: 8192M(100%)
[210.127s][info][gc,heap     ] GC(126) Max Capacity: 8192M(100%)
[210.127s][info][gc,heap     ] GC(126) Soft Max Capacity: 8192M(100%)
[210.127s][info][gc,heap     ] GC(126)                Mark Start          Mark End        Relocate Start      Relocate End           High               Low         
[210.127s][info][gc,heap     ] GC(126)  Capacity:     8192M (100%)       8192M (100%)       8192M (100%)       8192M (100%)       8192M (100%)       8192M (100%)   
[210.127s][info][gc,heap     ] GC(126)      Free:     2718M (33%)        2242M (27%)        7508M (92%)        7530M (92%)        7532M (92%)        2224M (27%)    
[210.127s][info][gc,heap     ] GC(126)      Used:     5474M (67%)        5950M (73%)         684M (8%)          662M (8%)         5968M (73%)         660M (8%)     
[210.127s][info][gc,heap     ] GC(126)      Live:         -               125M (2%)          125M (2%)          125M (2%)             -                  -          
[210.127s][info][gc,heap     ] GC(126) Allocated:         -               476M (6%)          510M (6%)          513M (6%)             -                  -          
[210.127s][info][gc,heap     ] GC(126)   Garbage:         -              5348M (65%)          48M (1%)           22M (0%)             -                  -          
[210.127s][info][gc,heap     ] GC(126) Reclaimed:         -                  -              5300M (65%)        5325M (65%)            -                  -          
[210.127s][info][gc          ] GC(126) Garbage Collection (Allocation Rate) 5474M(67%)->662M(8%)
[210.321s][info][gc,stats    ] === Garbage Collection Statistics =======================================================================================================================
[210.321s][info][gc,stats    ]                                                              Last 10s              Last 10m              Last 10h                Total
[210.321s][info][gc,stats    ]                                                              Avg / Max             Avg / Max             Avg / Max             Avg / Max
[210.321s][info][gc,stats    ]   Collector: Garbage Collection Cycle                    113.256 / 181.466     125.137 / 379.439     125.137 / 379.439     125.137 / 379.439     ms
[210.321s][info][gc,stats    ]  Contention: Mark Segment Reset Contention                     0 / 1                 0 / 26                0 / 26                0 / 26          ops/s
[210.321s][info][gc,stats    ]  Contention: Mark SeqNum Reset Contention                      0 / 0                 0 / 1                 0 / 1                 0 / 1           ops/s
[210.321s][info][gc,stats    ]    Critical: Allocation Stall                                  0 / 0                 0 / 0                 0 / 0                 0 / 0           ops/s
[210.321s][info][gc,stats    ]    Critical: Allocation Stall                              0.000 / 0.000         0.000 / 0.000         0.000 / 0.000         0.000 / 0.000       ms
[210.321s][info][gc,stats    ]    Critical: GC Locker Stall                                   0 / 0                 0 / 0                 0 / 0                 0 / 0           ops/s
[210.321s][info][gc,stats    ]    Critical: GC Locker Stall                               0.000 / 0.000         0.000 / 0.000         0.000 / 0.000         0.000 / 0.000       ms
[210.321s][info][gc,stats    ]    Critical: Relocation Stall                                  0 / 0                 0 / 0                 0 / 0                 0 / 0           ops/s
[210.321s][info][gc,stats    ]    Critical: Relocation Stall                              0.000 / 0.000         0.000 / 0.000         0.000 / 0.000         0.000 / 0.000       ms
[210.321s][info][gc,stats    ]      Memory: Allocation Rate                                2947 / 6594           2793 / 6636           2793 / 6636           2793 / 6636        MB/s
[210.321s][info][gc,stats    ]      Memory: Out Of Memory                                     0 / 0                 0 / 0                 0 / 0                 0 / 0           ops/s
[210.321s][info][gc,stats    ]      Memory: Page Cache Flush                                 29 / 290              92 / 664              92 / 664              92 / 664         MB/s
[210.322s][info][gc,stats    ]      Memory: Page Cache Hit L1                              1273 / 3265           1185 / 3321           1185 / 3321           1185 / 3321        ops/s
[210.322s][info][gc,stats    ]      Memory: Page Cache Hit L2                                 0 / 0                 0 / 0                 0 / 0                 0 / 0           ops/s
[210.322s][info][gc,stats    ]      Memory: Page Cache Hit L3                                22 / 121              50 / 635              50 / 635              50 / 635         ops/s
[210.322s][info][gc,stats    ]      Memory: Page Cache Miss                                   3 / 31                9 / 70                9 / 70                9 / 70          ops/s
[210.322s][info][gc,stats    ]      Memory: Uncommit                                          0 / 0                 0 / 0                 0 / 0                 0 / 0           MB/s
[210.322s][info][gc,stats    ]      Memory: Undo Object Allocation Failed                     0 / 0                 0 / 1                 0 / 1                 0 / 1           ops/s
[210.322s][info][gc,stats    ]      Memory: Undo Object Allocation Succeeded                  0 / 0                 0 / 94                0 / 94                0 / 94          ops/s
[210.322s][info][gc,stats    ]      Memory: Undo Page Allocation                              0 / 0                 0 / 8                 0 / 8                 0 / 8           ops/s
[210.322s][info][gc,stats    ]       Phase: Concurrent Mark                              93.823 / 131.620      98.279 / 190.432      98.279 / 190.432      98.279 / 190.432     ms
[210.322s][info][gc,stats    ]       Phase: Concurrent Mark Continue                      0.000 / 0.000        15.374 / 35.578       15.374 / 35.578       15.374 / 35.578      ms
[210.322s][info][gc,stats    ]       Phase: Concurrent Mark Free                          0.001 / 0.002         0.001 / 0.004         0.001 / 0.004         0.001 / 0.004       ms
[210.322s][info][gc,stats    ]       Phase: Concurrent Process Non-Strong References      7.226 / 11.069        8.074 / 31.000        8.074 / 31.000        8.074 / 31.000      ms
[210.322s][info][gc,stats    ]       Phase: Concurrent Relocate                           7.982 / 31.927        9.369 / 76.380        9.369 / 76.380        9.369 / 76.380      ms
[210.322s][info][gc,stats    ]       Phase: Concurrent Reset Relocation Set               0.010 / 0.020         0.010 / 0.049         0.010 / 0.049         0.010 / 0.049       ms
[210.322s][info][gc,stats    ]       Phase: Concurrent Select Relocation Set              3.297 / 5.701         3.528 / 10.958        3.528 / 10.958        3.528 / 10.958      ms
[210.322s][info][gc,stats    ]       Phase: Pause Mark End                                0.027 / 0.092         0.069 / 0.390         0.069 / 0.390         0.069 / 0.390       ms
[210.322s][info][gc,stats    ]       Phase: Pause Mark Start                              0.007 / 0.009         0.008 / 0.021         0.008 / 0.021         0.008 / 0.021       ms
[210.322s][info][gc,stats    ]       Phase: Pause Relocate Start                          0.010 / 0.015         0.010 / 0.037         0.010 / 0.037         0.010 / 0.037       ms
[210.322s][info][gc,stats    ]    Subphase: Concurrent Classes Purge                      0.220 / 0.321         0.239 / 0.574         0.239 / 0.574         0.239 / 0.574       ms
[210.322s][info][gc,stats    ]    Subphase: Concurrent Classes Unlink                     5.353 / 8.715         5.639 / 23.760        5.639 / 23.760        5.639 / 23.760      ms
[210.322s][info][gc,stats    ]    Subphase: Concurrent Mark                              81.836 / 130.466      71.363 / 189.582      71.363 / 189.582      71.363 / 189.582     ms
[210.322s][info][gc,stats    ]    Subphase: Concurrent Mark Try Flush                     0.086 / 0.153         0.533 / 30.486        0.533 / 30.486        0.533 / 30.486      ms
[210.322s][info][gc,stats    ]    Subphase: Concurrent Mark Try Terminate                 3.340 / 16.639        3.240 / 16.837        3.240 / 16.837        3.240 / 16.837      ms
[210.322s][info][gc,stats    ]    Subphase: Concurrent References Enqueue                 0.004 / 0.008         0.003 / 0.008         0.003 / 0.008         0.003 / 0.008       ms
[210.322s][info][gc,stats    ]    Subphase: Concurrent References Process                 1.187 / 2.465         0.977 / 3.217         0.977 / 3.217         0.977 / 3.217       ms
[210.322s][info][gc,stats    ]    Subphase: Concurrent Roots ClassLoaderDataGraph         0.101 / 0.251         0.109 / 0.537         0.109 / 0.537         0.109 / 0.537       ms
[210.322s][info][gc,stats    ]    Subphase: Concurrent Roots CodeCache                    0.000 / 0.000         0.000 / 0.000         0.000 / 0.000         0.000 / 0.000       ms
[210.322s][info][gc,stats    ]    Subphase: Concurrent Roots JavaThreads                  0.316 / 0.739         0.355 / 1.258         0.355 / 1.258         0.355 / 1.258       ms
[210.322s][info][gc,stats    ]    Subphase: Concurrent Roots OopStorageSet                0.030 / 0.057         0.030 / 0.124         0.030 / 0.124         0.030 / 0.124       ms
[210.322s][info][gc,stats    ]    Subphase: Concurrent Weak Roots OopStorageSet           0.265 / 0.399         0.308 / 1.123         0.308 / 1.123         0.308 / 1.123       ms
[210.322s][info][gc,stats    ]    Subphase: Pause Mark Try Complete                       0.042 / 0.042         0.188 / 0.301         0.188 / 0.301         0.188 / 0.301       ms
[210.322s][info][gc,stats    ]      System: Java Threads                                     19 / 21               18 / 22               18 / 22               18 / 22          threads
[210.322s][info][gc,stats    ] =========================================================================================================================================================
[211.028s][info][gc,start    ] GC(127) Garbage Collection (Allocation Rate)
[211.028s][info][gc,task     ] GC(127) Using 1 workers
[211.028s][info][gc,phases   ] GC(127) Pause Mark Start 0.006ms
[211.169s][info][gc,phases   ] GC(127) Concurrent Mark 140.803ms
[211.169s][info][gc,phases   ] GC(127) Pause Mark End 0.011ms
[211.169s][info][gc,phases   ] GC(127) Concurrent Mark Free 0.001ms
[211.185s][info][gc,phases   ] GC(127) Concurrent Process Non-Strong References 15.610ms
[211.185s][info][gc,phases   ] GC(127) Concurrent Reset Relocation Set 0.003ms
[211.187s][info][gc,phases   ] GC(127) Concurrent Select Relocation Set 2.688ms
[211.188s][info][gc,phases   ] GC(127) Pause Relocate Start 0.007ms
[211.188s][info][gc,phases   ] GC(127) Concurrent Relocate 0.649ms
[211.188s][info][gc,load     ] GC(127) Load: 0.00/0.00/0.00
[211.188s][info][gc,mmu      ] GC(127) MMU: 2ms/80.5%, 5ms/92.2%, 10ms/96.1%, 20ms/96.3%, 50ms/97.1%, 100ms/97.5%
[211.188s][info][gc,marking  ] GC(127) Mark: 1 stripe(s), 2 proactive flush(es), 1 terminate flush(es), 0 completion(s), 0 continuation(s) 
[211.188s][info][gc,marking  ] GC(127) Mark Stack Usage: 32M
[211.188s][info][gc,nmethod  ] GC(127) NMethods: 4710 registered, 0 unregistered
[211.188s][info][gc,metaspace] GC(127) Metaspace: 33M used, 33M committed, 1088M reserved
[211.188s][info][gc,ref      ] GC(127) Soft: 4016 encountered, 0 discovered, 0 enqueued
[211.188s][info][gc,ref      ] GC(127) Weak: 1731 encountered, 1283 discovered, 0 enqueued
[211.188s][info][gc,ref      ] GC(127) Final: 7 encountered, 7 discovered, 0 enqueued
[211.188s][info][gc,ref      ] GC(127) Phantom: 714 encountered, 665 discovered, 0 enqueued
[211.188s][info][gc,reloc    ] GC(127) Small Pages: 2839 / 5678M, Empty: 5540M, Relocated: 0M, In-Place: 0
[211.188s][info][gc,reloc    ] GC(127) Medium Pages: 1 / 32M, Empty: 0M, Relocated: 0M, In-Place: 0
[211.188s][info][gc,reloc    ] GC(127) Large Pages: 0 / 0M, Empty: 0M, Relocated: 0M, In-Place: 0
[211.188s][info][gc,reloc    ] GC(127) Forwarding Usage: 0M
[211.188s][info][gc,heap     ] GC(127) Min Capacity: 8192M(100%)
[211.188s][info][gc,heap     ] GC(127) Max Capacity: 8192M(100%)
[211.188s][info][gc,heap     ] GC(127) Soft Max Capacity: 8192M(100%)
[211.188s][info][gc,heap     ] GC(127)                Mark Start          Mark End        Relocate Start      Relocate End           High               Low         
[211.188s][info][gc,heap     ] GC(127)  Capacity:     8192M (100%)       8192M (100%)       8192M (100%)       8192M (100%)       8192M (100%)       8192M (100%)   
[211.188s][info][gc,heap     ] GC(127)      Free:     2482M (30%)        1878M (23%)        7384M (90%)        7402M (90%)        7404M (90%)        1854M (23%)    
[211.188s][info][gc,heap     ] GC(127)      Used:     5710M (70%)        6314M (77%)         808M (10%)         790M (10%)        6338M (77%)         788M (10%)    
[211.188s][info][gc,heap     ] GC(127)      Live:         -               125M (2%)          125M (2%)          125M (2%)             -                  -          
[211.188s][info][gc,heap     ] GC(127) Allocated:         -               604M (7%)          638M (8%)          643M (8%)             -                  -          
[211.188s][info][gc,heap     ] GC(127)   Garbage:         -              5584M (68%)          44M (1%)           20M (0%)             -                  -          
[211.188s][info][gc,heap     ] GC(127) Reclaimed:         -                  -              5540M (68%)        5563M (68%)            -                  -          
[211.188s][info][gc          ] GC(127) Garbage Collection (Allocation Rate) 5710M(70%)->790M(10%)
[212.621s][info][gc,start    ] GC(128) Garbage Collection (Allocation Rate)
[212.621s][info][gc,task     ] GC(128) Using 1 workers
[212.621s][info][gc,phases   ] GC(128) Pause Mark Start 0.010ms
[212.775s][info][gc,phases   ] GC(128) Concurrent Mark 153.255ms
[212.775s][info][gc,phases   ] GC(128) Pause Mark End 0.058ms
[212.775s][info][gc,phases   ] GC(128) Concurrent Mark Free 0.001ms
[212.785s][info][gc,phases   ] GC(128) Concurrent Process Non-Strong References 10.624ms
[212.785s][info][gc,phases   ] GC(128) Concurrent Reset Relocation Set 0.001ms
[212.791s][info][gc,phases   ] GC(128) Concurrent Select Relocation Set 5.899ms
[212.792s][info][gc,phases   ] GC(128) Pause Relocate Start 0.011ms
[212.825s][info][gc,phases   ] GC(128) Concurrent Relocate 32.697ms
[212.825s][info][gc,load     ] GC(128) Load: 0.00/0.00/0.00
[212.825s][info][gc,mmu      ] GC(128) MMU: 2ms/80.5%, 5ms/92.2%, 10ms/96.1%, 20ms/96.3%, 50ms/97.1%, 100ms/97.5%
[212.825s][info][gc,marking  ] GC(128) Mark: 1 stripe(s), 6 proactive flush(es), 3 terminate flush(es), 1 completion(s), 0 continuation(s) 
[212.825s][info][gc,marking  ] GC(128) Mark Stack Usage: 32M
[212.825s][info][gc,nmethod  ] GC(128) NMethods: 4712 registered, 0 unregistered
[212.825s][info][gc,metaspace] GC(128) Metaspace: 33M used, 33M committed, 1088M reserved
[212.825s][info][gc,ref      ] GC(128) Soft: 4016 encountered, 0 discovered, 0 enqueued
[212.825s][info][gc,ref      ] GC(128) Weak: 21082 encountered, 17923 discovered, 5489 enqueued
[212.825s][info][gc,ref      ] GC(128) Final: 7 encountered, 7 discovered, 0 enqueued
[212.825s][info][gc,ref      ] GC(128) Phantom: 720 encountered, 671 discovered, 0 enqueued
[212.825s][info][gc,reloc    ] GC(128) Small Pages: 2198 / 4396M, Empty: 3944M, Relocated: 35M, In-Place: 0
[212.825s][info][gc,reloc    ] GC(128) Medium Pages: 7 / 224M, Empty: 192M, Relocated: 0M, In-Place: 0
[212.825s][info][gc,reloc    ] GC(128) Large Pages: 52 / 362M, Empty: 362M, Relocated: 0M, In-Place: 0
[212.825s][info][gc,reloc    ] GC(128) Forwarding Usage: 10M
[212.825s][info][gc,heap     ] GC(128) Min Capacity: 8192M(100%)
[212.825s][info][gc,heap     ] GC(128) Max Capacity: 8192M(100%)
[212.825s][info][gc,heap     ] GC(128) Soft Max Capacity: 8192M(100%)
[212.825s][info][gc,heap     ] GC(128)                Mark Start          Mark End        Relocate Start      Relocate End           High               Low         
[212.825s][info][gc,heap     ] GC(128)  Capacity:     8192M (100%)       8192M (100%)       8192M (100%)       8192M (100%)       8192M (100%)       8192M (100%)   
[212.825s][info][gc,heap     ] GC(128)      Free:     3210M (39%)        3070M (37%)        7546M (92%)        7798M (95%)        7832M (96%)        3056M (37%)    
[212.825s][info][gc,heap     ] GC(128)      Used:     4982M (61%)        5122M (63%)         646M (8%)          394M (5%)         5136M (63%)         360M (4%)     
[212.825s][info][gc,heap     ] GC(128)      Live:         -               149M (2%)          149M (2%)          149M (2%)             -                  -          
[212.825s][info][gc,heap     ] GC(128) Allocated:         -               140M (2%)          162M (2%)          221M (3%)             -                  -          
[212.825s][info][gc,heap     ] GC(128)   Garbage:         -              4832M (59%)         334M (4%)           22M (0%)             -                  -          
[212.825s][info][gc,heap     ] GC(128) Reclaimed:         -                  -              4498M (55%)        4809M (59%)            -                  -          
[212.825s][info][gc          ] GC(128) Garbage Collection (Allocation Rate) 4982M(61%)->394M(5%)
[215.536s][info][gc,start    ] GC(129) Garbage Collection (System.gc())
[215.536s][info][gc,task     ] GC(129) Using 2 workers
[215.536s][info][gc,phases   ] GC(129) Pause Mark Start 0.007ms
[215.605s][info][gc,phases   ] GC(129) Concurrent Mark 69.354ms
[215.605s][info][gc,phases   ] GC(129) Pause Mark End 0.022ms
[215.606s][info][gc,phases   ] GC(129) Concurrent Mark Free 0.002ms
[215.613s][info][gc,phases   ] GC(129) Concurrent Process Non-Strong References 7.063ms
[215.613s][info][gc,phases   ] GC(129) Concurrent Reset Relocation Set 0.015ms
[215.615s][info][gc,phases   ] GC(129) Concurrent Select Relocation Set 2.249ms
[215.615s][info][gc,phases   ] GC(129) Pause Relocate Start 0.010ms
[215.622s][info][gc,phases   ] GC(129) Concurrent Relocate 6.590ms
[215.622s][info][gc,load     ] GC(129) Load: 0.00/0.00/0.00
[215.622s][info][gc,mmu      ] GC(129) MMU: 2ms/80.5%, 5ms/92.2%, 10ms/96.1%, 20ms/96.3%, 50ms/97.1%, 100ms/97.5%
[215.622s][info][gc,marking  ] GC(129) Mark: 2 stripe(s), 3 proactive flush(es), 1 terminate flush(es), 0 completion(s), 0 continuation(s) 
[215.622s][info][gc,marking  ] GC(129) Mark Stack Usage: 32M
[215.622s][info][gc,nmethod  ] GC(129) NMethods: 4714 registered, 0 unregistered
[215.622s][info][gc,metaspace] GC(129) Metaspace: 33M used, 33M committed, 1088M reserved
[215.622s][info][gc,ref      ] GC(129) Soft: 4016 encountered, 0 discovered, 0 enqueued
[215.622s][info][gc,ref      ] GC(129) Weak: 22633 encountered, 21999 discovered, 20919 enqueued
[215.622s][info][gc,ref      ] GC(129) Final: 7 encountered, 5 discovered, 0 enqueued
[215.622s][info][gc,ref      ] GC(129) Phantom: 714 encountered, 652 discovered, 0 enqueued
[215.622s][info][gc,reloc    ] GC(129) Small Pages: 798 / 1596M, Empty: 906M, Relocated: 10M, In-Place: 0
[215.622s][info][gc,reloc    ] GC(129) Medium Pages: 22 / 704M, Empty: 640M, Relocated: 15M, In-Place: 0
[215.622s][info][gc,reloc    ] GC(129) Large Pages: 203 / 1416M, Empty: 1416M, Relocated: 0M, In-Place: 0
[215.622s][info][gc,reloc    ] GC(129) Forwarding Usage: 3M
[215.622s][info][gc,heap     ] GC(129) Min Capacity: 8192M(100%)
[215.622s][info][gc,heap     ] GC(129) Max Capacity: 8192M(100%)
[215.622s][info][gc,heap     ] GC(129) Soft Max Capacity: 8192M(100%)
[215.622s][info][gc,heap     ] GC(129)                Mark Start          Mark End        Relocate Start      Relocate End           High               Low         
[215.622s][info][gc,heap     ] GC(129)  Capacity:     8192M (100%)       8192M (100%)       8192M (100%)       8192M (100%)       8192M (100%)       8192M (100%)   
[215.622s][info][gc,heap     ] GC(129)      Free:     4476M (55%)        4476M (55%)        7438M (91%)        8046M (98%)        8046M (98%)        4476M (55%)    
[215.622s][info][gc,heap     ] GC(129)      Used:     3716M (45%)        3716M (45%)         754M (9%)          146M (2%)         3716M (45%)         146M (2%)     
[215.622s][info][gc,heap     ] GC(129)      Live:         -               125M (2%)          125M (2%)          125M (2%)             -                  -          
[215.622s][info][gc,heap     ] GC(129) Allocated:         -                 0M (0%)            0M (0%)            0M (0%)             -                  -          
[215.622s][info][gc,heap     ] GC(129)   Garbage:         -              3590M (44%)         628M (8%)           20M (0%)             -                  -          
[215.622s][info][gc,heap     ] GC(129) Reclaimed:         -                  -              2962M (36%)        3570M (44%)            -                  -          
[215.622s][info][gc          ] GC(129) Garbage Collection (System.gc()) 3716M(45%)->146M(2%)
[216.328s][info][gc,start    ] GC(130) Garbage Collection (Allocation Rate)
[216.328s][info][gc,task     ] GC(130) Using 2 workers
[216.328s][info][gc,phases   ] GC(130) Pause Mark Start 0.013ms
[216.406s][info][gc,phases   ] GC(130) Concurrent Mark 78.268ms
[216.407s][info][gc,phases   ] GC(130) Pause Mark End 0.017ms
[216.407s][info][gc,phases   ] GC(130) Concurrent Mark Free 0.001ms
[216.413s][info][gc,phases   ] GC(130) Concurrent Process Non-Strong References 6.243ms
[216.413s][info][gc,phases   ] GC(130) Concurrent Reset Relocation Set 0.032ms
[216.417s][info][gc,phases   ] GC(130) Concurrent Select Relocation Set 3.566ms
[216.417s][info][gc,phases   ] GC(130) Pause Relocate Start 0.008ms
[216.417s][info][gc,phases   ] GC(130) Concurrent Relocate 0.241ms
[216.417s][info][gc,load     ] GC(130) Load: 0.00/0.00/0.00
[216.417s][info][gc,mmu      ] GC(130) MMU: 2ms/80.5%, 5ms/92.2%, 10ms/96.1%, 20ms/96.3%, 50ms/97.1%, 100ms/97.5%
[216.417s][info][gc,marking  ] GC(130) Mark: 2 stripe(s), 1 proactive flush(es), 1 terminate flush(es), 0 completion(s), 0 continuation(s) 
[216.417s][info][gc,marking  ] GC(130) Mark Stack Usage: 32M
[216.417s][info][gc,nmethod  ] GC(130) NMethods: 4715 registered, 0 unregistered
[216.417s][info][gc,metaspace] GC(130) Metaspace: 33M used, 33M committed, 1088M reserved
[216.417s][info][gc,ref      ] GC(130) Soft: 4016 encountered, 0 discovered, 0 enqueued
[216.417s][info][gc,ref      ] GC(130) Weak: 1717 encountered, 36 discovered, 0 enqueued
[216.417s][info][gc,ref      ] GC(130) Final: 7 encountered, 5 discovered, 0 enqueued
[216.417s][info][gc,ref      ] GC(130) Phantom: 714 encountered, 632 discovered, 0 enqueued
[216.417s][info][gc,reloc    ] GC(130) Small Pages: 2583 / 5166M, Empty: 5042M, Relocated: 0M, In-Place: 0
[216.417s][info][gc,reloc    ] GC(130) Medium Pages: 1 / 32M, Empty: 0M, Relocated: 0M, In-Place: 0
[216.417s][info][gc,reloc    ] GC(130) Large Pages: 0 / 0M, Empty: 0M, Relocated: 0M, In-Place: 0
[216.417s][info][gc,reloc    ] GC(130) Forwarding Usage: 0M
[216.417s][info][gc,heap     ] GC(130) Min Capacity: 8192M(100%)
[216.417s][info][gc,heap     ] GC(130) Max Capacity: 8192M(100%)
[216.417s][info][gc,heap     ] GC(130) Soft Max Capacity: 8192M(100%)
[216.417s][info][gc,heap     ] GC(130)                Mark Start          Mark End        Relocate Start      Relocate End           High               Low         
[216.417s][info][gc,heap     ] GC(130)  Capacity:     8192M (100%)       8192M (100%)       8192M (100%)       8192M (100%)       8192M (100%)       8192M (100%)   
[216.417s][info][gc,heap     ] GC(130)      Free:     2994M (37%)        2606M (32%)        7588M (93%)        7596M (93%)        7596M (93%)        2566M (31%)    
[216.417s][info][gc,heap     ] GC(130)      Used:     5198M (63%)        5586M (68%)         604M (7%)          596M (7%)         5626M (69%)         596M (7%)     
[216.417s][info][gc,heap     ] GC(130)      Live:         -               125M (2%)          125M (2%)          125M (2%)             -                  -          
[216.417s][info][gc,heap     ] GC(130) Allocated:         -               388M (5%)          448M (5%)          448M (5%)             -                  -          
[216.417s][info][gc,heap     ] GC(130)   Garbage:         -              5072M (62%)          30M (0%)           22M (0%)             -                  -          
[216.417s][info][gc,heap     ] GC(130) Reclaimed:         -                  -              5042M (62%)        5050M (62%)            -                  -          
[216.417s][info][gc          ] GC(130) Garbage Collection (Allocation Rate) 5198M(63%)->596M(7%)
[217.426s][info][gc,start    ] GC(131) Garbage Collection (Allocation Rate)
[217.426s][info][gc,task     ] GC(131) Using 1 workers
[217.426s][info][gc,phases   ] GC(131) Pause Mark Start 0.005ms
[217.551s][info][gc,phases   ] GC(131) Concurrent Mark 124.545ms
[217.551s][info][gc,phases   ] GC(131) Pause Mark End 0.010ms
[217.551s][info][gc,phases   ] GC(131) Concurrent Mark Free 0.001ms
[217.561s][info][gc,phases   ] GC(131) Concurrent Process Non-Strong References 10.202ms
[217.561s][info][gc,phases   ] GC(131) Concurrent Reset Relocation Set 0.001ms
[217.564s][info][gc,phases   ] GC(131) Concurrent Select Relocation Set 3.131ms
[217.564s][info][gc,phases   ] GC(131) Pause Relocate Start 0.008ms
[217.565s][info][gc,phases   ] GC(131) Concurrent Relocate 0.285ms
[217.565s][info][gc,load     ] GC(131) Load: 0.00/0.00/0.00
[217.565s][info][gc,mmu      ] GC(131) MMU: 2ms/80.5%, 5ms/92.2%, 10ms/96.1%, 20ms/96.3%, 50ms/97.1%, 100ms/97.5%
[217.565s][info][gc,marking  ] GC(131) Mark: 1 stripe(s), 2 proactive flush(es), 1 terminate flush(es), 0 completion(s), 0 continuation(s) 
[217.565s][info][gc,marking  ] GC(131) Mark Stack Usage: 32M
[217.565s][info][gc,nmethod  ] GC(131) NMethods: 4715 registered, 0 unregistered
[217.565s][info][gc,metaspace] GC(131) Metaspace: 33M used, 33M committed, 1088M reserved
[217.565s][info][gc,ref      ] GC(131) Soft: 4016 encountered, 0 discovered, 0 enqueued
[217.565s][info][gc,ref      ] GC(131) Weak: 1732 encountered, 1284 discovered, 0 enqueued
[217.565s][info][gc,ref      ] GC(131) Final: 7 encountered, 7 discovered, 0 enqueued
[217.565s][info][gc,ref      ] GC(131) Phantom: 714 encountered, 665 discovered, 0 enqueued
[217.565s][info][gc,reloc    ] GC(131) Small Pages: 3137 / 6274M, Empty: 6136M, Relocated: 0M, In-Place: 0
[217.565s][info][gc,reloc    ] GC(131) Medium Pages: 1 / 32M, Empty: 0M, Relocated: 0M, In-Place: 0
[217.565s][info][gc,reloc    ] GC(131) Large Pages: 0 / 0M, Empty: 0M, Relocated: 0M, In-Place: 0
[217.565s][info][gc,reloc    ] GC(131) Forwarding Usage: 0M
[217.565s][info][gc,heap     ] GC(131) Min Capacity: 8192M(100%)
[217.565s][info][gc,heap     ] GC(131) Max Capacity: 8192M(100%)
[217.565s][info][gc,heap     ] GC(131) Soft Max Capacity: 8192M(100%)
[217.565s][info][gc,heap     ] GC(131)                Mark Start          Mark End        Relocate Start      Relocate End           High               Low         
[217.565s][info][gc,heap     ] GC(131)  Capacity:     8192M (100%)       8192M (100%)       8192M (100%)       8192M (100%)       8192M (100%)       8192M (100%)   
[217.565s][info][gc,heap     ] GC(131)      Free:     1886M (23%)        1388M (17%)        7474M (91%)        7496M (92%)        7496M (92%)        1352M (17%)    
[217.565s][info][gc,heap     ] GC(131)      Used:     6306M (77%)        6804M (83%)         718M (9%)          696M (8%)         6840M (83%)         696M (8%)     
[217.565s][info][gc,heap     ] GC(131)      Live:         -               125M (2%)          125M (2%)          125M (2%)             -                  -          
[217.565s][info][gc,heap     ] GC(131) Allocated:         -               498M (6%)          548M (7%)          549M (7%)             -                  -          
[217.565s][info][gc,heap     ] GC(131)   Garbage:         -              6180M (75%)          44M (1%)           20M (0%)             -                  -          
[217.565s][info][gc,heap     ] GC(131) Reclaimed:         -                  -              6136M (75%)        6159M (75%)            -                  -          
[217.565s][info][gc          ] GC(131) Garbage Collection (Allocation Rate) 6306M(77%)->696M(8%)
[220.323s][info][gc,stats    ] === Garbage Collection Statistics =======================================================================================================================
[220.323s][info][gc,stats    ]                                                              Last 10s              Last 10m              Last 10h                Total
[220.323s][info][gc,stats    ]                                                              Avg / Max             Avg / Max             Avg / Max             Avg / Max
[220.324s][info][gc,stats    ]   Collector: Garbage Collection Cycle                    135.788 / 203.876     125.540 / 379.439     125.540 / 379.439     125.540 / 379.439     ms
[220.324s][info][gc,stats    ]  Contention: Mark Segment Reset Contention                     0 / 1                 0 / 26                0 / 26                0 / 26          ops/s
[220.324s][info][gc,stats    ]  Contention: Mark SeqNum Reset Contention                      0 / 0                 0 / 1                 0 / 1                 0 / 1           ops/s
[220.324s][info][gc,stats    ]    Critical: Allocation Stall                                  0 / 0                 0 / 0                 0 / 0                 0 / 0           ops/s
[220.324s][info][gc,stats    ]    Critical: Allocation Stall                              0.000 / 0.000         0.000 / 0.000         0.000 / 0.000         0.000 / 0.000       ms
[220.324s][info][gc,stats    ]    Critical: GC Locker Stall                                   0 / 0                 0 / 0                 0 / 0                 0 / 0           ops/s
[220.324s][info][gc,stats    ]    Critical: GC Locker Stall                               0.000 / 0.000         0.000 / 0.000         0.000 / 0.000         0.000 / 0.000       ms
[220.324s][info][gc,stats    ]    Critical: Relocation Stall                                  0 / 0                 0 / 0                 0 / 0                 0 / 0           ops/s
[220.324s][info][gc,stats    ]    Critical: Relocation Stall                              0.000 / 0.000         0.000 / 0.000         0.000 / 0.000         0.000 / 0.000       ms
[220.324s][info][gc,stats    ]      Memory: Allocation Rate                                2973 / 5656           2801 / 6636           2801 / 6636           2801 / 6636        MB/s
[220.324s][info][gc,stats    ]      Memory: Out Of Memory                                     0 / 0                 0 / 0                 0 / 0                 0 / 0           ops/s
[220.324s][info][gc,stats    ]      Memory: Page Cache Flush                                 48 / 224              90 / 664              90 / 664              90 / 664         MB/s
[220.324s][info][gc,stats    ]      Memory: Page Cache Hit L1                              1275 / 2830           1189 / 3321           1189 / 3321           1189 / 3321        ops/s
[220.324s][info][gc,stats    ]      Memory: Page Cache Hit L2                                 0 / 0                 0 / 0                 0 / 0                 0 / 0           ops/s
[220.324s][info][gc,stats    ]      Memory: Page Cache Hit L3                                44 / 264              50 / 635              50 / 635              50 / 635         ops/s
[220.324s][info][gc,stats    ]      Memory: Page Cache Miss                                   5 / 25                9 / 70                9 / 70                9 / 70          ops/s
[220.324s][info][gc,stats    ]      Memory: Uncommit                                          0 / 0                 0 / 0                 0 / 0                 0 / 0           MB/s
[220.324s][info][gc,stats    ]      Memory: Undo Object Allocation Failed                     0 / 0                 0 / 1                 0 / 1                 0 / 1           ops/s
[220.324s][info][gc,stats    ]      Memory: Undo Object Allocation Succeeded                  0 / 0                 0 / 94                0 / 94                0 / 94          ops/s
[220.324s][info][gc,stats    ]      Memory: Undo Page Allocation                              0 / 1                 0 / 8                 0 / 8                 0 / 8           ops/s
[220.324s][info][gc,stats    ]       Phase: Concurrent Mark                             113.245 / 153.255      98.846 / 190.432      98.846 / 190.432      98.846 / 190.432     ms
[220.324s][info][gc,stats    ]       Phase: Concurrent Mark Continue                      0.000 / 0.000        15.374 / 35.578       15.374 / 35.578       15.374 / 35.578      ms
[220.324s][info][gc,stats    ]       Phase: Concurrent Mark Free                          0.001 / 0.002         0.001 / 0.004         0.001 / 0.004         0.001 / 0.004       ms
[220.324s][info][gc,stats    ]       Phase: Concurrent Process Non-Strong References      9.948 / 15.610        8.145 / 31.000        8.145 / 31.000        8.145 / 31.000      ms
[220.324s][info][gc,stats    ]       Phase: Concurrent Relocate                           8.093 / 32.697        9.320 / 76.380        9.320 / 76.380        9.320 / 76.380      ms
[220.324s][info][gc,stats    ]       Phase: Concurrent Reset Relocation Set               0.010 / 0.032         0.010 / 0.049         0.010 / 0.049         0.010 / 0.049       ms
[220.324s][info][gc,stats    ]       Phase: Concurrent Select Relocation Set              3.507 / 5.899         3.527 / 10.958        3.527 / 10.958        3.527 / 10.958      ms
[220.324s][info][gc,stats    ]       Phase: Pause Mark End                                0.024 / 0.058         0.068 / 0.390         0.068 / 0.390         0.068 / 0.390       ms
[220.324s][info][gc,stats    ]       Phase: Pause Mark Start                              0.008 / 0.013         0.008 / 0.021         0.008 / 0.021         0.008 / 0.021       ms
[220.324s][info][gc,stats    ]       Phase: Pause Relocate Start                          0.009 / 0.011         0.010 / 0.037         0.010 / 0.037         0.010 / 0.037       ms
[220.324s][info][gc,stats    ]    Subphase: Concurrent Classes Purge                      0.296 / 0.372         0.241 / 0.574         0.241 / 0.574         0.241 / 0.574       ms
[220.324s][info][gc,stats    ]    Subphase: Concurrent Classes Unlink                     6.790 / 8.991         5.682 / 23.760        5.682 / 23.760        5.682 / 23.760      ms
[220.324s][info][gc,stats    ]    Subphase: Concurrent Mark                              97.955 / 152.511      72.114 / 189.582      72.114 / 189.582      72.114 / 189.582     ms
[220.324s][info][gc,stats    ]    Subphase: Concurrent Mark Try Flush                     0.591 / 10.662        0.535 / 30.486        0.535 / 30.486        0.535 / 30.486      ms
[220.324s][info][gc,stats    ]    Subphase: Concurrent Mark Try Terminate                 2.379 / 15.853        3.213 / 16.837        3.213 / 16.837        3.213 / 16.837      ms
[220.324s][info][gc,stats    ]    Subphase: Concurrent References Enqueue                 0.003 / 0.007         0.003 / 0.008         0.003 / 0.008         0.003 / 0.008       ms
[220.324s][info][gc,stats    ]    Subphase: Concurrent References Process                 1.050 / 2.781         0.979 / 3.217         0.979 / 3.217         0.979 / 3.217       ms
[220.324s][info][gc,stats    ]    Subphase: Concurrent Roots ClassLoaderDataGraph         0.120 / 0.261         0.109 / 0.537         0.109 / 0.537         0.109 / 0.537       ms
[220.324s][info][gc,stats    ]    Subphase: Concurrent Roots CodeCache                    0.000 / 0.000         0.000 / 0.000         0.000 / 0.000         0.000 / 0.000       ms
[220.324s][info][gc,stats    ]    Subphase: Concurrent Roots JavaThreads                  0.428 / 0.583         0.358 / 1.258         0.358 / 1.258         0.358 / 1.258       ms
[220.324s][info][gc,stats    ]    Subphase: Concurrent Roots OopStorageSet                0.031 / 0.048         0.030 / 0.124         0.030 / 0.124         0.030 / 0.124       ms
[220.324s][info][gc,stats    ]    Subphase: Concurrent Weak Roots OopStorageSet           0.331 / 0.491         0.308 / 1.123         0.308 / 1.123         0.308 / 1.123       ms
[220.324s][info][gc,stats    ]    Subphase: Pause Mark Try Complete                       0.027 / 0.027         0.185 / 0.301         0.185 / 0.301         0.185 / 0.301       ms
[220.324s][info][gc,stats    ]      System: Java Threads                                     19 / 21               18 / 22               18 / 22               18 / 22          threads
[220.324s][info][gc,stats    ] =========================================================================================================================================================
[221.927s][info][gc,start    ] GC(132) Garbage Collection (Allocation Rate)
[221.927s][info][gc,task     ] GC(132) Using 1 workers
[221.927s][info][gc,phases   ] GC(132) Pause Mark Start 0.005ms
[222.065s][info][gc,phases   ] GC(132) Concurrent Mark 137.351ms
[222.065s][info][gc,phases   ] GC(132) Pause Mark End 0.010ms
[222.065s][info][gc,phases   ] GC(132) Concurrent Mark Free 0.001ms
[222.076s][info][gc,phases   ] GC(132) Concurrent Process Non-Strong References 10.188ms
[222.076s][info][gc,phases   ] GC(132) Concurrent Reset Relocation Set 0.002ms
[222.081s][info][gc,phases   ] GC(132) Concurrent Select Relocation Set 4.983ms
[222.081s][info][gc,phases   ] GC(132) Pause Relocate Start 0.010ms
[222.115s][info][gc,phases   ] GC(132) Concurrent Relocate 34.513ms
[222.115s][info][gc,load     ] GC(132) Load: 0.00/0.00/0.00
[222.115s][info][gc,mmu      ] GC(132) MMU: 2ms/80.5%, 5ms/92.2%, 10ms/96.1%, 20ms/96.3%, 50ms/97.1%, 100ms/97.5%
[222.115s][info][gc,marking  ] GC(132) Mark: 1 stripe(s), 2 proactive flush(es), 1 terminate flush(es), 0 completion(s), 0 continuation(s) 
[222.115s][info][gc,marking  ] GC(132) Mark Stack Usage: 32M
[222.115s][info][gc,nmethod  ] GC(132) NMethods: 4718 registered, 0 unregistered
[222.116s][info][gc,metaspace] GC(132) Metaspace: 33M used, 33M committed, 1088M reserved
[222.116s][info][gc,ref      ] GC(132) Soft: 4016 encountered, 0 discovered, 0 enqueued
[222.116s][info][gc,ref      ] GC(132) Weak: 21962 encountered, 19008 discovered, 5485 enqueued
[222.116s][info][gc,ref      ] GC(132) Final: 7 encountered, 7 discovered, 0 enqueued
[222.116s][info][gc,ref      ] GC(132) Phantom: 720 encountered, 671 discovered, 0 enqueued
[222.116s][info][gc,reloc    ] GC(132) Small Pages: 2669 / 5338M, Empty: 4562M, Relocated: 36M, In-Place: 0
[222.116s][info][gc,reloc    ] GC(132) Medium Pages: 26 / 832M, Empty: 800M, Relocated: 0M, In-Place: 0
[222.116s][info][gc,reloc    ] GC(132) Large Pages: 240 / 1670M, Empty: 1670M, Relocated: 0M, In-Place: 0
[222.116s][info][gc,reloc    ] GC(132) Forwarding Usage: 11M
[222.116s][info][gc,heap     ] GC(132) Min Capacity: 8192M(100%)
[222.116s][info][gc,heap     ] GC(132) Max Capacity: 8192M(100%)
[222.116s][info][gc,heap     ] GC(132) Soft Max Capacity: 8192M(100%)
[222.116s][info][gc,heap     ] GC(132)                Mark Start          Mark End        Relocate Start      Relocate End           High               Low         
[222.116s][info][gc,heap     ] GC(132)  Capacity:     8192M (100%)       8192M (100%)       8192M (100%)       8192M (100%)       8192M (100%)       8192M (100%)   
[222.116s][info][gc,heap     ] GC(132)      Free:      352M (4%)          202M (2%)         7222M (88%)        7798M (95%)        7828M (96%)         194M (2%)     
[222.116s][info][gc,heap     ] GC(132)      Used:     7840M (96%)        7990M (98%)         970M (12%)         394M (5%)         7998M (98%)         364M (4%)     
[222.116s][info][gc,heap     ] GC(132)      Live:         -               150M (2%)          150M (2%)          150M (2%)             -                  -          
[222.116s][info][gc,heap     ] GC(132) Allocated:         -               150M (2%)          162M (2%)          220M (3%)             -                  -          
[222.116s][info][gc,heap     ] GC(132)   Garbage:         -              7689M (94%)         657M (8%)           22M (0%)             -                  -          
[222.116s][info][gc,heap     ] GC(132) Reclaimed:         -                  -              7032M (86%)        7666M (94%)            -                  -          
[222.116s][info][gc          ] GC(132) Garbage Collection (Allocation Rate) 7840M(96%)->394M(5%)
[222.495s][info][gc,start    ] GC(133) Garbage Collection (System.gc())
[222.495s][info][gc,task     ] GC(133) Using 2 workers
[222.496s][info][gc,phases   ] GC(133) Pause Mark Start 0.005ms
[222.550s][info][gc,phases   ] GC(133) Concurrent Mark 54.185ms
[222.550s][info][gc,phases   ] GC(133) Pause Mark End 0.022ms
[222.550s][info][gc,phases   ] GC(133) Concurrent Mark Free 0.002ms
[222.556s][info][gc,phases   ] GC(133) Concurrent Process Non-Strong References 5.727ms
[222.556s][info][gc,phases   ] GC(133) Concurrent Reset Relocation Set 0.023ms
[222.558s][info][gc,phases   ] GC(133) Concurrent Select Relocation Set 2.362ms
[222.558s][info][gc,phases   ] GC(133) Pause Relocate Start 0.010ms
[222.564s][info][gc,phases   ] GC(133) Concurrent Relocate 5.423ms
[222.564s][info][gc,load     ] GC(133) Load: 0.00/0.00/0.00
[222.564s][info][gc,mmu      ] GC(133) MMU: 2ms/80.5%, 5ms/92.2%, 10ms/96.1%, 20ms/96.3%, 50ms/97.1%, 100ms/97.5%
[222.564s][info][gc,marking  ] GC(133) Mark: 2 stripe(s), 1 proactive flush(es), 1 terminate flush(es), 0 completion(s), 0 continuation(s) 
[222.564s][info][gc,marking  ] GC(133) Mark Stack Usage: 32M
[222.564s][info][gc,nmethod  ] GC(133) NMethods: 4719 registered, 0 unregistered
[222.564s][info][gc,metaspace] GC(133) Metaspace: 33M used, 33M committed, 1088M reserved
[222.564s][info][gc,ref      ] GC(133) Soft: 4016 encountered, 0 discovered, 0 enqueued
[222.564s][info][gc,ref      ] GC(133) Weak: 24380 encountered, 23788 discovered, 22665 enqueued
[222.564s][info][gc,ref      ] GC(133) Final: 7 encountered, 7 discovered, 0 enqueued
[222.564s][info][gc,ref      ] GC(133) Phantom: 714 encountered, 651 discovered, 0 enqueued
[222.564s][info][gc,reloc    ] GC(133) Small Pages: 235 / 470M, Empty: 62M, Relocated: 10M, In-Place: 0
[222.564s][info][gc,reloc    ] GC(133) Medium Pages: 5 / 160M, Empty: 128M, Relocated: 0M, In-Place: 0
[222.564s][info][gc,reloc    ] GC(133) Large Pages: 34 / 234M, Empty: 234M, Relocated: 0M, In-Place: 0
[222.564s][info][gc,reloc    ] GC(133) Forwarding Usage: 3M
[222.564s][info][gc,heap     ] GC(133) Min Capacity: 8192M(100%)
[222.564s][info][gc,heap     ] GC(133) Max Capacity: 8192M(100%)
[222.564s][info][gc,heap     ] GC(133) Soft Max Capacity: 8192M(100%)
[222.564s][info][gc,heap     ] GC(133)                Mark Start          Mark End        Relocate Start      Relocate End           High               Low         
[222.564s][info][gc,heap     ] GC(133)  Capacity:     8192M (100%)       8192M (100%)       8192M (100%)       8192M (100%)       8192M (100%)       8192M (100%)   
[222.564s][info][gc,heap     ] GC(133)      Free:     7328M (89%)        7328M (89%)        7752M (95%)        8046M (98%)        8046M (98%)        7328M (89%)    
[222.564s][info][gc,heap     ] GC(133)      Used:      864M (11%)         864M (11%)         440M (5%)          146M (2%)          864M (11%)         146M (2%)     
[222.564s][info][gc,heap     ] GC(133)      Live:         -               123M (2%)          123M (2%)          123M (2%)             -                  -          
[222.564s][info][gc,heap     ] GC(133) Allocated:         -                 0M (0%)            0M (0%)            0M (0%)             -                  -          
[222.564s][info][gc,heap     ] GC(133)   Garbage:         -               740M (9%)          316M (4%)           22M (0%)             -                  -          
[222.564s][info][gc,heap     ] GC(133) Reclaimed:         -                  -               424M (5%)          718M (9%)             -                  -          
[222.564s][info][gc          ] GC(133) Garbage Collection (System.gc()) 864M(11%)->146M(2%)
[223.225s][info][gc,start    ] GC(134) Garbage Collection (Allocation Rate)
[223.225s][info][gc,task     ] GC(134) Using 2 workers
[223.225s][info][gc,phases   ] GC(134) Pause Mark Start 0.009ms
[223.335s][info][gc,phases   ] GC(134) Concurrent Mark 75.955ms
[223.335s][info][gc,phases   ] GC(134) Pause Mark End 0.012ms
[223.335s][info][gc,phases   ] GC(134) Concurrent Mark Free 0.001ms
[223.341s][info][gc,phases   ] GC(134) Concurrent Process Non-Strong References 5.594ms
[223.341s][info][gc,phases   ] GC(134) Concurrent Reset Relocation Set 0.017ms
[223.344s][info][gc,phases   ] GC(134) Concurrent Select Relocation Set 3.427ms
[223.344s][info][gc,phases   ] GC(134) Pause Relocate Start 0.008ms
[223.345s][info][gc,phases   ] GC(134) Concurrent Relocate 0.537ms
[223.345s][info][gc,load     ] GC(134) Load: 0.00/0.00/0.00
[223.345s][info][gc,mmu      ] GC(134) MMU: 2ms/80.5%, 5ms/92.2%, 10ms/96.1%, 20ms/96.3%, 50ms/97.1%, 100ms/97.5%
[223.345s][info][gc,marking  ] GC(134) Mark: 2 stripe(s), 1 proactive flush(es), 1 terminate flush(es), 0 completion(s), 0 continuation(s) 
[223.345s][info][gc,marking  ] GC(134) Mark Stack Usage: 32M
[223.345s][info][gc,nmethod  ] GC(134) NMethods: 4719 registered, 0 unregistered
[223.345s][info][gc,metaspace] GC(134) Metaspace: 33M used, 33M committed, 1088M reserved
[223.345s][info][gc,ref      ] GC(134) Soft: 4016 encountered, 0 discovered, 0 enqueued
[223.345s][info][gc,ref      ] GC(134) Weak: 1730 encountered, 41 discovered, 0 enqueued
[223.345s][info][gc,ref      ] GC(134) Final: 7 encountered, 7 discovered, 0 enqueued
[223.345s][info][gc,ref      ] GC(134) Phantom: 714 encountered, 664 discovered, 0 enqueued
[223.345s][info][gc,reloc    ] GC(134) Small Pages: 2472 / 4944M, Empty: 4806M, Relocated: 0M, In-Place: 0
[223.345s][info][gc,reloc    ] GC(134) Medium Pages: 1 / 32M, Empty: 0M, Relocated: 0M, In-Place: 0
[223.345s][info][gc,reloc    ] GC(134) Large Pages: 0 / 0M, Empty: 0M, Relocated: 0M, In-Place: 0
[223.345s][info][gc,reloc    ] GC(134) Forwarding Usage: 0M
[223.345s][info][gc,heap     ] GC(134) Min Capacity: 8192M(100%)
[223.345s][info][gc,heap     ] GC(134) Max Capacity: 8192M(100%)
[223.345s][info][gc,heap     ] GC(134) Soft Max Capacity: 8192M(100%)
[223.345s][info][gc,heap     ] GC(134)                Mark Start          Mark End        Relocate Start      Relocate End           High               Low         
[223.345s][info][gc,heap     ] GC(134)  Capacity:     8192M (100%)       8192M (100%)       8192M (100%)       8192M (100%)       8192M (100%)       8192M (100%)   
[223.345s][info][gc,heap     ] GC(134)      Free:     3216M (39%)        2796M (34%)        7556M (92%)        7578M (93%)        7578M (93%)        2768M (34%)    
[223.345s][info][gc,heap     ] GC(134)      Used:     4976M (61%)        5396M (66%)         636M (8%)          614M (7%)         5424M (66%)         614M (7%)     
[223.345s][info][gc,heap     ] GC(134)      Live:         -               123M (2%)          123M (2%)          123M (2%)             -                  -          
[223.345s][info][gc,heap     ] GC(134) Allocated:         -               420M (5%)          466M (6%)          466M (6%)             -                  -          
[223.345s][info][gc,heap     ] GC(134)   Garbage:         -              4852M (59%)          46M (1%)           24M (0%)             -                  -          
[223.345s][info][gc,heap     ] GC(134) Reclaimed:         -                  -              4806M (59%)        4828M (59%)            -                  -          
[223.345s][info][gc          ] GC(134) Garbage Collection (Allocation Rate) 4976M(61%)->614M(7%)
[224.229s][info][gc,start    ] GC(135) Garbage Collection (Allocation Rate)
[224.229s][info][gc,task     ] GC(135) Using 1 workers
[224.229s][info][gc,phases   ] GC(135) Pause Mark Start 0.007ms
[224.352s][info][gc,phases   ] GC(135) Concurrent Mark 123.517ms
[224.352s][info][gc,phases   ] GC(135) Pause Mark End 0.010ms
[224.353s][info][gc,phases   ] GC(135) Concurrent Mark Free 0.001ms
[224.366s][info][gc,phases   ] GC(135) Concurrent Process Non-Strong References 13.490ms
[224.366s][info][gc,phases   ] GC(135) Concurrent Reset Relocation Set 0.002ms
[224.369s][info][gc,phases   ] GC(135) Concurrent Select Relocation Set 2.826ms
[224.369s][info][gc,phases   ] GC(135) Pause Relocate Start 0.007ms
[224.370s][info][gc,phases   ] GC(135) Concurrent Relocate 0.758ms
[224.370s][info][gc,load     ] GC(135) Load: 0.00/0.00/0.00
[224.370s][info][gc,mmu      ] GC(135) MMU: 2ms/80.5%, 5ms/92.2%, 10ms/96.1%, 20ms/96.3%, 50ms/97.1%, 100ms/97.5%
[224.370s][info][gc,marking  ] GC(135) Mark: 1 stripe(s), 2 proactive flush(es), 1 terminate flush(es), 0 completion(s), 0 continuation(s) 
[224.370s][info][gc,marking  ] GC(135) Mark Stack Usage: 32M
[224.370s][info][gc,nmethod  ] GC(135) NMethods: 4719 registered, 0 unregistered
[224.370s][info][gc,metaspace] GC(135) Metaspace: 33M used, 33M committed, 1088M reserved
[224.370s][info][gc,ref      ] GC(135) Soft: 4016 encountered, 0 discovered, 0 enqueued
[224.370s][info][gc,ref      ] GC(135) Weak: 1733 encountered, 1284 discovered, 0 enqueued
[224.370s][info][gc,ref      ] GC(135) Final: 7 encountered, 7 discovered, 0 enqueued
[224.370s][info][gc,ref      ] GC(135) Phantom: 714 encountered, 665 discovered, 0 enqueued
[224.370s][info][gc,reloc    ] GC(135) Small Pages: 2792 / 5584M, Empty: 5444M, Relocated: 0M, In-Place: 0
[224.370s][info][gc,reloc    ] GC(135) Medium Pages: 1 / 32M, Empty: 0M, Relocated: 0M, In-Place: 0
[224.370s][info][gc,reloc    ] GC(135) Large Pages: 0 / 0M, Empty: 0M, Relocated: 0M, In-Place: 0
[224.370s][info][gc,reloc    ] GC(135) Forwarding Usage: 0M
[224.370s][info][gc,heap     ] GC(135) Min Capacity: 8192M(100%)
[224.370s][info][gc,heap     ] GC(135) Max Capacity: 8192M(100%)
[224.370s][info][gc,heap     ] GC(135) Soft Max Capacity: 8192M(100%)
[224.370s][info][gc,heap     ] GC(135)                Mark Start          Mark End        Relocate Start      Relocate End           High               Low         
[224.370s][info][gc,heap     ] GC(135)  Capacity:     8192M (100%)       8192M (100%)       8192M (100%)       8192M (100%)       8192M (100%)       8192M (100%)   
[224.370s][info][gc,heap     ] GC(135)      Free:     2576M (31%)        2104M (26%)        7508M (92%)        7530M (92%)        7530M (92%)        2078M (25%)    
[224.370s][info][gc,heap     ] GC(135)      Used:     5616M (69%)        6088M (74%)         684M (8%)          662M (8%)         6114M (75%)         662M (8%)     
[224.370s][info][gc,heap     ] GC(135)      Live:         -               123M (2%)          123M (2%)          123M (2%)             -                  -          
[224.370s][info][gc,heap     ] GC(135) Allocated:         -               472M (6%)          512M (6%)          515M (6%)             -                  -          
[224.370s][info][gc,heap     ] GC(135)   Garbage:         -              5492M (67%)          48M (1%)           22M (0%)             -                  -          
[224.370s][info][gc,heap     ] GC(135) Reclaimed:         -                  -              5444M (66%)        5469M (67%)            -                  -          
[224.370s][info][gc          ] GC(135) Garbage Collection (Allocation Rate) 5616M(69%)->662M(8%)
[225.721s][info][gc,start    ] GC(136) Garbage Collection (Allocation Rate)
[225.721s][info][gc,task     ] GC(136) Using 1 workers
[225.721s][info][gc,phases   ] GC(136) Pause Mark Start 0.005ms
[225.854s][info][gc,phases   ] GC(136) Concurrent Mark 132.878ms
[225.854s][info][gc,phases   ] GC(136) Pause Mark End 0.010ms
[225.854s][info][gc,phases   ] GC(136) Concurrent Mark Free 0.001ms
[225.863s][info][gc,phases   ] GC(136) Concurrent Process Non-Strong References 9.065ms
[225.863s][info][gc,phases   ] GC(136) Concurrent Reset Relocation Set 0.002ms
[225.869s][info][gc,phases   ] GC(136) Concurrent Select Relocation Set 5.767ms
[225.869s][info][gc,phases   ] GC(136) Pause Relocate Start 0.017ms
[225.903s][info][gc,phases   ] GC(136) Concurrent Relocate 33.865ms
[225.903s][info][gc,load     ] GC(136) Load: 0.00/0.00/0.00
[225.903s][info][gc,mmu      ] GC(136) MMU: 2ms/80.5%, 5ms/92.2%, 10ms/96.1%, 20ms/96.3%, 50ms/97.1%, 100ms/97.5%
[225.903s][info][gc,marking  ] GC(136) Mark: 1 stripe(s), 2 proactive flush(es), 1 terminate flush(es), 0 completion(s), 0 continuation(s) 
[225.903s][info][gc,marking  ] GC(136) Mark Stack Usage: 32M
[225.903s][info][gc,nmethod  ] GC(136) NMethods: 4727 registered, 0 unregistered
[225.903s][info][gc,metaspace] GC(136) Metaspace: 33M used, 33M committed, 1088M reserved
[225.903s][info][gc,ref      ] GC(136) Soft: 4016 encountered, 0 discovered, 0 enqueued
[225.903s][info][gc,ref      ] GC(136) Weak: 21753 encountered, 17083 discovered, 5697 enqueued
[225.903s][info][gc,ref      ] GC(136) Final: 7 encountered, 7 discovered, 0 enqueued
[225.903s][info][gc,ref      ] GC(136) Phantom: 720 encountered, 671 discovered, 0 enqueued
[225.903s][info][gc,reloc    ] GC(136) Small Pages: 2459 / 4918M, Empty: 4520M, Relocated: 38M, In-Place: 0
[225.903s][info][gc,reloc    ] GC(136) Medium Pages: 5 / 160M, Empty: 128M, Relocated: 0M, In-Place: 0
[225.903s][info][gc,reloc    ] GC(136) Large Pages: 33 / 230M, Empty: 230M, Relocated: 0M, In-Place: 0
[225.903s][info][gc,reloc    ] GC(136) Forwarding Usage: 12M
[225.903s][info][gc,heap     ] GC(136) Min Capacity: 8192M(100%)
[225.903s][info][gc,heap     ] GC(136) Max Capacity: 8192M(100%)
[225.903s][info][gc,heap     ] GC(136) Soft Max Capacity: 8192M(100%)
[225.903s][info][gc,heap     ] GC(136)                Mark Start          Mark End        Relocate Start      Relocate End           High               Low         
[225.903s][info][gc,heap     ] GC(136)  Capacity:     8192M (100%)       8192M (100%)       8192M (100%)       8192M (100%)       8192M (100%)       8192M (100%)   
[225.904s][info][gc,heap     ] GC(136)      Free:     2884M (35%)        2728M (33%)        7562M (92%)        7792M (95%)        7792M (95%)        2720M (33%)    
[225.904s][info][gc,heap     ] GC(136)      Used:     5308M (65%)        5464M (67%)         630M (8%)          400M (5%)         5472M (67%)         400M (5%)     
[225.904s][info][gc,heap     ] GC(136)      Live:         -               152M (2%)          152M (2%)          152M (2%)             -                  -          
[225.904s][info][gc,heap     ] GC(136) Allocated:         -               156M (2%)          200M (2%)          224M (3%)             -                  -          
[225.904s][info][gc,heap     ] GC(136)   Garbage:         -              5155M (63%)         277M (3%)           22M (0%)             -                  -          
[225.904s][info][gc,heap     ] GC(136) Reclaimed:         -                  -              4878M (60%)        5132M (63%)            -                  -          
[225.904s][info][gc          ] GC(136) Garbage Collection (Allocation Rate) 5308M(65%)->400M(5%)
[229.085s][info][gc,start    ] GC(137) Garbage Collection (System.gc())
[229.085s][info][gc,task     ] GC(137) Using 2 workers
[229.085s][info][gc,phases   ] GC(137) Pause Mark Start 0.005ms
[229.144s][info][gc,phases   ] GC(137) Concurrent Mark 58.457ms
[229.144s][info][gc,phases   ] GC(137) Pause Mark End 0.010ms
[229.144s][info][gc,phases   ] GC(137) Concurrent Mark Free 0.001ms
[229.150s][info][gc,phases   ] GC(137) Concurrent Process Non-Strong References 5.787ms
[229.150s][info][gc,phases   ] GC(137) Concurrent Reset Relocation Set 0.014ms
[229.152s][info][gc,phases   ] GC(137) Concurrent Select Relocation Set 2.367ms
[229.152s][info][gc,phases   ] GC(137) Pause Relocate Start 0.010ms
[229.158s][info][gc,phases   ] GC(137) Concurrent Relocate 5.702ms
[229.158s][info][gc,load     ] GC(137) Load: 0.00/0.00/0.00
[229.158s][info][gc,mmu      ] GC(137) MMU: 2ms/80.5%, 5ms/92.2%, 10ms/96.1%, 20ms/96.3%, 50ms/97.1%, 100ms/97.5%
[229.158s][info][gc,marking  ] GC(137) Mark: 2 stripe(s), 1 proactive flush(es), 1 terminate flush(es), 0 completion(s), 0 continuation(s) 
[229.158s][info][gc,marking  ] GC(137) Mark Stack Usage: 32M
[229.158s][info][gc,nmethod  ] GC(137) NMethods: 4733 registered, 0 unregistered
[229.158s][info][gc,metaspace] GC(137) Metaspace: 33M used, 33M committed, 1088M reserved
[229.158s][info][gc,ref      ] GC(137) Soft: 4016 encountered, 0 discovered, 0 enqueued
[229.158s][info][gc,ref      ] GC(137) Weak: 25032 encountered, 24215 discovered, 23318 enqueued
[229.158s][info][gc,ref      ] GC(137) Final: 7 encountered, 6 discovered, 0 enqueued
[229.159s][info][gc,ref      ] GC(137) Phantom: 714 encountered, 434 discovered, 0 enqueued
[229.159s][info][gc,reloc    ] GC(137) Small Pages: 883 / 1766M, Empty: 1066M, Relocated: 9M, In-Place: 0
[229.159s][info][gc,reloc    ] GC(137) Medium Pages: 26 / 832M, Empty: 800M, Relocated: 0M, In-Place: 0
[229.159s][info][gc,reloc    ] GC(137) Large Pages: 236 / 1642M, Empty: 1642M, Relocated: 0M, In-Place: 0
[229.159s][info][gc,reloc    ] GC(137) Forwarding Usage: 3M
[229.159s][info][gc,heap     ] GC(137) Min Capacity: 8192M(100%)
[229.159s][info][gc,heap     ] GC(137) Max Capacity: 8192M(100%)
[229.159s][info][gc,heap     ] GC(137) Soft Max Capacity: 8192M(100%)
[229.159s][info][gc,heap     ] GC(137)                Mark Start          Mark End        Relocate Start      Relocate End           High               Low         
[229.159s][info][gc,heap     ] GC(137)  Capacity:     8192M (100%)       8192M (100%)       8192M (100%)       8192M (100%)       8192M (100%)       8192M (100%)   
[229.159s][info][gc,heap     ] GC(137)      Free:     3952M (48%)        3952M (48%)        7460M (91%)        8044M (98%)        8044M (98%)        3952M (48%)    
[229.159s][info][gc,heap     ] GC(137)      Used:     4240M (52%)        4240M (52%)         732M (9%)          148M (2%)         4240M (52%)         148M (2%)     
[229.159s][info][gc,heap     ] GC(137)      Live:         -               123M (2%)          123M (2%)          123M (2%)             -                  -          
[229.159s][info][gc,heap     ] GC(137) Allocated:         -                 0M (0%)            0M (0%)            0M (0%)             -                  -          
[229.159s][info][gc,heap     ] GC(137)   Garbage:         -              4116M (50%)         608M (7%)           24M (0%)             -                  -          
[229.159s][info][gc,heap     ] GC(137) Reclaimed:         -                  -              3508M (43%)        4092M (50%)            -                  -          
[229.159s][info][gc          ] GC(137) Garbage Collection (System.gc()) 4240M(52%)->148M(2%)
[229.836s][info][gc,start    ] GC(138) Garbage Collection (Allocation Rate)
[229.836s][info][gc,task     ] GC(138) Using 2 workers
[229.836s][info][gc,phases   ] GC(138) Pause Mark Start 0.012ms
[229.929s][info][gc,phases   ] GC(138) Concurrent Mark 87.623ms
[229.929s][info][gc,phases   ] GC(138) Pause Mark End 0.014ms
[229.929s][info][gc,phases   ] GC(138) Concurrent Mark Free 0.001ms
[229.935s][info][gc,phases   ] GC(138) Concurrent Process Non-Strong References 5.832ms
[229.935s][info][gc,phases   ] GC(138) Concurrent Reset Relocation Set 0.027ms
[229.939s][info][gc,phases   ] GC(138) Concurrent Select Relocation Set 3.545ms
[229.939s][info][gc,phases   ] GC(138) Pause Relocate Start 0.011ms
[229.939s][info][gc,phases   ] GC(138) Concurrent Relocate 0.564ms
[229.939s][info][gc,load     ] GC(138) Load: 0.00/0.00/0.00
[229.939s][info][gc,mmu      ] GC(138) MMU: 2ms/80.5%, 5ms/92.2%, 10ms/96.1%, 20ms/96.3%, 50ms/97.1%, 100ms/97.5%
[229.939s][info][gc,marking  ] GC(138) Mark: 2 stripe(s), 1 proactive flush(es), 1 terminate flush(es), 0 completion(s), 0 continuation(s) 
[229.939s][info][gc,marking  ] GC(138) Mark Stack Usage: 32M
[229.939s][info][gc,nmethod  ] GC(138) NMethods: 4733 registered, 0 unregistered
[229.939s][info][gc,metaspace] GC(138) Metaspace: 33M used, 33M committed, 1088M reserved
[229.939s][info][gc,ref      ] GC(138) Soft: 4016 encountered, 0 discovered, 0 enqueued
[229.939s][info][gc,ref      ] GC(138) Weak: 1729 encountered, 51 discovered, 0 enqueued
[229.939s][info][gc,ref      ] GC(138) Final: 7 encountered, 5 discovered, 0 enqueued
[229.939s][info][gc,ref      ] GC(138) Phantom: 714 encountered, 645 discovered, 0 enqueued
[229.939s][info][gc,reloc    ] GC(138) Small Pages: 2527 / 5054M, Empty: 4914M, Relocated: 1M, In-Place: 0
[229.939s][info][gc,reloc    ] GC(138) Medium Pages: 1 / 32M, Empty: 0M, Relocated: 0M, In-Place: 0
[229.939s][info][gc,reloc    ] GC(138) Large Pages: 0 / 0M, Empty: 0M, Relocated: 0M, In-Place: 0
[229.939s][info][gc,reloc    ] GC(138) Forwarding Usage: 0M
[229.939s][info][gc,heap     ] GC(138) Min Capacity: 8192M(100%)
[229.939s][info][gc,heap     ] GC(138) Max Capacity: 8192M(100%)
[229.939s][info][gc,heap     ] GC(138) Soft Max Capacity: 8192M(100%)
[229.939s][info][gc,heap     ] GC(138)                Mark Start          Mark End        Relocate Start      Relocate End           High               Low         
[229.939s][info][gc,heap     ] GC(138)  Capacity:     8192M (100%)       8192M (100%)       8192M (100%)       8192M (100%)       8192M (100%)       8192M (100%)   
[229.940s][info][gc,heap     ] GC(138)      Free:     3106M (38%)        2626M (32%)        7492M (91%)        7512M (92%)        7512M (92%)        2592M (32%)    
[229.940s][info][gc,heap     ] GC(138)      Used:     5086M (62%)        5566M (68%)         700M (9%)          680M (8%)         5600M (68%)         680M (8%)     
[229.940s][info][gc,heap     ] GC(138)      Live:         -               123M (2%)          123M (2%)          123M (2%)             -                  -          
[229.940s][info][gc,heap     ] GC(138) Allocated:         -               480M (6%)          528M (6%)          532M (6%)             -                  -          
[229.940s][info][gc,heap     ] GC(138)   Garbage:         -              4962M (61%)          48M (1%)           24M (0%)             -                  -          
[229.940s][info][gc,heap     ] GC(138) Reclaimed:         -                  -              4914M (60%)        4938M (60%)            -                  -          
[229.940s][info][gc          ] GC(138) Garbage Collection (Allocation Rate) 5086M(62%)->680M(8%)
[230.336s][info][gc,stats    ] === Garbage Collection Statistics =======================================================================================================================
[230.336s][info][gc,stats    ]                                                              Last 10s              Last 10m              Last 10h                Total
[230.336s][info][gc,stats    ]                                                              Avg / Max             Avg / Max             Avg / Max             Avg / Max
[230.336s][info][gc,stats    ]   Collector: Garbage Collection Cycle                    125.403 / 188.512     125.533 / 379.439     125.533 / 379.439     125.533 / 379.439     ms
[230.336s][info][gc,stats    ]  Contention: Mark Segment Reset Contention                     0 / 2                 0 / 26                0 / 26                0 / 26          ops/s
[230.336s][info][gc,stats    ]  Contention: Mark SeqNum Reset Contention                      0 / 0                 0 / 1                 0 / 1                 0 / 1           ops/s
[230.336s][info][gc,stats    ]    Critical: Allocation Stall                                  0 / 0                 0 / 0                 0 / 0                 0 / 0           ops/s
[230.336s][info][gc,stats    ]    Critical: Allocation Stall                              0.000 / 0.000         0.000 / 0.000         0.000 / 0.000         0.000 / 0.000       ms
[230.336s][info][gc,stats    ]    Critical: GC Locker Stall                                   0 / 0                 0 / 0                 0 / 0                 0 / 0           ops/s
[230.336s][info][gc,stats    ]    Critical: GC Locker Stall                               0.000 / 0.000         0.000 / 0.000         0.000 / 0.000         0.000 / 0.000       ms
[230.336s][info][gc,stats    ]    Critical: Relocation Stall                                  0 / 0                 0 / 0                 0 / 0                 0 / 0           ops/s
[230.336s][info][gc,stats    ]    Critical: Relocation Stall                              0.000 / 0.000         0.000 / 0.000         0.000 / 0.000         0.000 / 0.000       ms
[230.336s][info][gc,stats    ]      Memory: Allocation Rate                                2944 / 6466           2807 / 6636           2807 / 6636           2807 / 6636        MB/s
[230.337s][info][gc,stats    ]      Memory: Out Of Memory                                     0 / 0                 0 / 0                 0 / 0                 0 / 0           ops/s
[230.337s][info][gc,stats    ]      Memory: Page Cache Flush                                139 / 562              92 / 664              92 / 664              92 / 664         MB/s
[230.337s][info][gc,stats    ]      Memory: Page Cache Hit L1                              1283 / 3235           1193 / 3321           1193 / 3321           1193 / 3321        ops/s
[230.337s][info][gc,stats    ]      Memory: Page Cache Hit L2                                 0 / 0                 0 / 0                 0 / 0                 0 / 0           ops/s
[230.337s][info][gc,stats    ]      Memory: Page Cache Hit L3                                19 / 143              48 / 635              48 / 635              48 / 635         ops/s
[230.337s][info][gc,stats    ]      Memory: Page Cache Miss                                  15 / 59                9 / 70                9 / 70                9 / 70          ops/s
[230.337s][info][gc,stats    ]      Memory: Uncommit                                          0 / 0                 0 / 0                 0 / 0                 0 / 0           MB/s
[230.337s][info][gc,stats    ]      Memory: Undo Object Allocation Failed                     0 / 0                 0 / 1                 0 / 1                 0 / 1           ops/s
[230.337s][info][gc,stats    ]      Memory: Undo Object Allocation Succeeded                  0 / 3                 0 / 94                0 / 94                0 / 94          ops/s
[230.337s][info][gc,stats    ]      Memory: Undo Page Allocation                              0 / 1                 0 / 8                 0 / 8                 0 / 8           ops/s
[230.337s][info][gc,stats    ]       Phase: Concurrent Mark                              95.709 / 137.351      98.688 / 190.432      98.688 / 190.432      98.688 / 190.432     ms
[230.337s][info][gc,stats    ]       Phase: Concurrent Mark Continue                      0.000 / 0.000        15.374 / 35.578       15.374 / 35.578       15.374 / 35.578      ms
[230.337s][info][gc,stats    ]       Phase: Concurrent Mark Free                          0.001 / 0.002         0.001 / 0.004         0.001 / 0.004         0.001 / 0.004       ms
[230.337s][info][gc,stats    ]       Phase: Concurrent Process Non-Strong References      7.955 / 13.490        8.135 / 31.000        8.135 / 31.000        8.135 / 31.000      ms
[230.337s][info][gc,stats    ]       Phase: Concurrent Relocate                          11.623 / 34.513        9.436 / 76.380        9.436 / 76.380        9.436 / 76.380      ms
[230.337s][info][gc,stats    ]       Phase: Concurrent Reset Relocation Set               0.012 / 0.027         0.010 / 0.049         0.010 / 0.049         0.010 / 0.049       ms
[230.337s][info][gc,stats    ]       Phase: Concurrent Select Relocation Set              3.611 / 5.767         3.531 / 10.958        3.531 / 10.958        3.531 / 10.958      ms
[230.337s][info][gc,stats    ]       Phase: Pause Mark End                                0.013 / 0.022         0.065 / 0.390         0.065 / 0.390         0.065 / 0.390       ms
[230.337s][info][gc,stats    ]       Phase: Pause Mark Start                              0.007 / 0.012         0.008 / 0.021         0.008 / 0.021         0.008 / 0.021       ms
[230.337s][info][gc,stats    ]       Phase: Pause Relocate Start                          0.010 / 0.017         0.010 / 0.037         0.010 / 0.037         0.010 / 0.037       ms
[230.337s][info][gc,stats    ]    Subphase: Concurrent Classes Purge                      0.242 / 0.392         0.241 / 0.574         0.241 / 0.574         0.241 / 0.574       ms
[230.337s][info][gc,stats    ]    Subphase: Concurrent Classes Unlink                     5.500 / 8.087         5.673 / 23.760        5.673 / 23.760        5.673 / 23.760      ms
[230.337s][info][gc,stats    ]    Subphase: Concurrent Mark                              82.387 / 136.057      72.550 / 189.582      72.550 / 189.582      72.550 / 189.582     ms
[230.337s][info][gc,stats    ]    Subphase: Concurrent Mark Try Flush                     0.120 / 0.607         0.523 / 30.486        0.523 / 30.486        0.523 / 30.486      ms
[230.337s][info][gc,stats    ]    Subphase: Concurrent Mark Try Terminate                 3.048 / 16.793        3.207 / 16.837        3.207 / 16.837        3.207 / 16.837      ms
[230.337s][info][gc,stats    ]    Subphase: Concurrent References Enqueue                 0.004 / 0.008         0.003 / 0.008         0.003 / 0.008         0.003 / 0.008       ms
[230.337s][info][gc,stats    ]    Subphase: Concurrent References Process                 1.133 / 1.950         0.987 / 3.217         0.987 / 3.217         0.987 / 3.217       ms
[230.337s][info][gc,stats    ]    Subphase: Concurrent Roots ClassLoaderDataGraph         0.102 / 0.241         0.109 / 0.537         0.109 / 0.537         0.109 / 0.537       ms
[230.337s][info][gc,stats    ]    Subphase: Concurrent Roots CodeCache                    0.000 / 0.000         0.000 / 0.000         0.000 / 0.000         0.000 / 0.000       ms
[230.337s][info][gc,stats    ]    Subphase: Concurrent Roots JavaThreads                  0.352 / 0.838         0.357 / 1.258         0.357 / 1.258         0.357 / 1.258       ms
[230.337s][info][gc,stats    ]    Subphase: Concurrent Roots OopStorageSet                0.029 / 0.065         0.030 / 0.124         0.030 / 0.124         0.030 / 0.124       ms
[230.337s][info][gc,stats    ]    Subphase: Concurrent Weak Roots OopStorageSet           0.267 / 0.391         0.306 / 1.123         0.306 / 1.123         0.306 / 1.123       ms
[230.337s][info][gc,stats    ]    Subphase: Pause Mark Try Complete                       0.000 / 0.000         0.185 / 0.301         0.185 / 0.301         0.185 / 0.301       ms
[230.337s][info][gc,stats    ]      System: Java Threads                                     19 / 21               18 / 22               18 / 22               18 / 22          threads
[230.337s][info][gc,stats    ] =========================================================================================================================================================
[230.634s][info][gc,start    ] GC(139) Garbage Collection (Allocation Rate)
[230.635s][info][gc,task     ] GC(139) Using 1 workers
[230.635s][info][gc,phases   ] GC(139) Pause Mark Start 0.007ms
[230.788s][info][gc,phases   ] GC(139) Concurrent Mark 152.894ms
[230.788s][info][gc,phases   ] GC(139) Pause Mark End 0.011ms
[230.788s][info][gc,phases   ] GC(139) Concurrent Mark Free 0.001ms
[230.800s][info][gc,phases   ] GC(139) Concurrent Process Non-Strong References 12.502ms
[230.800s][info][gc,phases   ] GC(139) Concurrent Reset Relocation Set 0.003ms
[230.804s][info][gc,phases   ] GC(139) Concurrent Select Relocation Set 3.190ms
[230.804s][info][gc,phases   ] GC(139) Pause Relocate Start 0.008ms
[230.805s][info][gc,phases   ] GC(139) Concurrent Relocate 0.822ms
[230.805s][info][gc,load     ] GC(139) Load: 0.00/0.00/0.00
[230.805s][info][gc,mmu      ] GC(139) MMU: 2ms/80.5%, 5ms/92.2%, 10ms/96.1%, 20ms/96.3%, 50ms/97.1%, 100ms/97.5%
[230.805s][info][gc,marking  ] GC(139) Mark: 1 stripe(s), 2 proactive flush(es), 1 terminate flush(es), 0 completion(s), 0 continuation(s) 
[230.805s][info][gc,marking  ] GC(139) Mark Stack Usage: 32M
[230.805s][info][gc,nmethod  ] GC(139) NMethods: 4733 registered, 0 unregistered
[230.805s][info][gc,metaspace] GC(139) Metaspace: 33M used, 33M committed, 1088M reserved
[230.805s][info][gc,ref      ] GC(139) Soft: 4016 encountered, 0 discovered, 0 enqueued
[230.805s][info][gc,ref      ] GC(139) Weak: 1732 encountered, 1284 discovered, 0 enqueued
[230.805s][info][gc,ref      ] GC(139) Final: 7 encountered, 7 discovered, 0 enqueued
[230.805s][info][gc,ref      ] GC(139) Phantom: 714 encountered, 665 discovered, 0 enqueued
[230.805s][info][gc,reloc    ] GC(139) Small Pages: 2289 / 4578M, Empty: 4438M, Relocated: 1M, In-Place: 0
[230.805s][info][gc,reloc    ] GC(139) Medium Pages: 1 / 32M, Empty: 0M, Relocated: 0M, In-Place: 0
[230.805s][info][gc,reloc    ] GC(139) Large Pages: 0 / 0M, Empty: 0M, Relocated: 0M, In-Place: 0
[230.805s][info][gc,reloc    ] GC(139) Forwarding Usage: 0M
[230.805s][info][gc,heap     ] GC(139) Min Capacity: 8192M(100%)
[230.805s][info][gc,heap     ] GC(139) Max Capacity: 8192M(100%)
[230.805s][info][gc,heap     ] GC(139) Soft Max Capacity: 8192M(100%)
[230.805s][info][gc,heap     ] GC(139)                Mark Start          Mark End        Relocate Start      Relocate End           High               Low         
[230.805s][info][gc,heap     ] GC(139)  Capacity:     8192M (100%)       8192M (100%)       8192M (100%)       8192M (100%)       8192M (100%)       8192M (100%)   
[230.805s][info][gc,heap     ] GC(139)      Free:     3582M (44%)        2694M (33%)        7046M (86%)        7066M (86%)        7066M (86%)        2620M (32%)    
[230.805s][info][gc,heap     ] GC(139)      Used:     4610M (56%)        5498M (67%)        1146M (14%)        1126M (14%)        5572M (68%)        1126M (14%)    
[230.805s][info][gc,heap     ] GC(139)      Live:         -               123M (2%)          123M (2%)          123M (2%)             -                  -          
[230.805s][info][gc,heap     ] GC(139) Allocated:         -               888M (11%)         974M (12%)         979M (12%)            -                  -          
[230.805s][info][gc,heap     ] GC(139)   Garbage:         -              4486M (55%)          48M (1%)           22M (0%)             -                  -          
[230.805s][info][gc,heap     ] GC(139) Reclaimed:         -                  -              4438M (54%)        4463M (54%)            -                  -          
[230.805s][info][gc          ] GC(139) Garbage Collection (Allocation Rate) 4610M(56%)->1126M(14%)
[231.921s][info][gc,start    ] GC(140) Garbage Collection (Allocation Rate)
[231.921s][info][gc,task     ] GC(140) Using 1 workers
[231.921s][info][gc,phases   ] GC(140) Pause Mark Start 0.008ms
[232.059s][info][gc,phases   ] GC(140) Concurrent Mark 137.638ms
[232.059s][info][gc,phases   ] GC(140) Pause Mark End 0.064ms
[232.059s][info][gc,phases   ] GC(140) Concurrent Mark Free 0.001ms
[232.069s][info][gc,phases   ] GC(140) Concurrent Process Non-Strong References 10.487ms
[232.069s][info][gc,phases   ] GC(140) Concurrent Reset Relocation Set 0.002ms
[232.076s][info][gc,phases   ] GC(140) Concurrent Select Relocation Set 6.433ms
[232.076s][info][gc,phases   ] GC(140) Pause Relocate Start 0.013ms
[232.111s][info][gc,phases   ] GC(140) Concurrent Relocate 35.134ms
[232.111s][info][gc,load     ] GC(140) Load: 0.00/0.00/0.00
[232.111s][info][gc,mmu      ] GC(140) MMU: 2ms/80.5%, 5ms/92.2%, 10ms/96.1%, 20ms/96.3%, 50ms/97.1%, 100ms/97.5%
[232.111s][info][gc,marking  ] GC(140) Mark: 1 stripe(s), 6 proactive flush(es), 3 terminate flush(es), 1 completion(s), 0 continuation(s) 
[232.111s][info][gc,marking  ] GC(140) Mark Stack Usage: 32M
[232.111s][info][gc,nmethod  ] GC(140) NMethods: 4742 registered, 0 unregistered
[232.111s][info][gc,metaspace] GC(140) Metaspace: 33M used, 33M committed, 1088M reserved
[232.111s][info][gc,ref      ] GC(140) Soft: 4016 encountered, 0 discovered, 0 enqueued
[232.111s][info][gc,ref      ] GC(140) Weak: 21714 encountered, 19467 discovered, 5079 enqueued
[232.111s][info][gc,ref      ] GC(140) Final: 7 encountered, 7 discovered, 0 enqueued
[232.111s][info][gc,ref      ] GC(140) Phantom: 720 encountered, 671 discovered, 0 enqueued
[232.111s][info][gc,reloc    ] GC(140) Small Pages: 2836 / 5672M, Empty: 5414M, Relocated: 39M, In-Place: 0
[232.111s][info][gc,reloc    ] GC(140) Medium Pages: 3 / 96M, Empty: 32M, Relocated: 14M, In-Place: 0
[232.111s][info][gc,reloc    ] GC(140) Large Pages: 12 / 82M, Empty: 82M, Relocated: 0M, In-Place: 0
[232.111s][info][gc,reloc    ] GC(140) Forwarding Usage: 12M
[232.111s][info][gc,heap     ] GC(140) Min Capacity: 8192M(100%)
[232.111s][info][gc,heap     ] GC(140) Max Capacity: 8192M(100%)
[232.111s][info][gc,heap     ] GC(140) Soft Max Capacity: 8192M(100%)
[232.111s][info][gc,heap     ] GC(140)                Mark Start          Mark End        Relocate Start      Relocate End           High               Low         
[232.111s][info][gc,heap     ] GC(140)  Capacity:     8192M (100%)       8192M (100%)       8192M (100%)       8192M (100%)       8192M (100%)       8192M (100%)   
[232.111s][info][gc,heap     ] GC(140)      Free:     2342M (29%)        2198M (27%)        7714M (94%)        7808M (95%)        7816M (95%)        2188M (27%)    
[232.111s][info][gc,heap     ] GC(140)      Used:     5850M (71%)        5994M (73%)         478M (6%)          384M (5%)         6004M (73%)         376M (5%)     
[232.111s][info][gc,heap     ] GC(140)      Live:         -               153M (2%)          153M (2%)          153M (2%)             -                  -          
[232.111s][info][gc,heap     ] GC(140) Allocated:         -               144M (2%)          156M (2%)          208M (3%)             -                  -          
[232.111s][info][gc,heap     ] GC(140)   Garbage:         -              5696M (70%)         168M (2%)           21M (0%)             -                  -          
[232.111s][info][gc,heap     ] GC(140) Reclaimed:         -                  -              5528M (67%)        5674M (69%)            -                  -          
[232.111s][info][gc          ] GC(140) Garbage Collection (Allocation Rate) 5850M(71%)->384M(5%)
[235.483s][info][gc,start    ] GC(141) Garbage Collection (System.gc())
[235.483s][info][gc,task     ] GC(141) Using 2 workers
[235.483s][info][gc,phases   ] GC(141) Pause Mark Start 0.007ms
[235.533s][info][gc,phases   ] GC(141) Concurrent Mark 49.684ms
[235.533s][info][gc,phases   ] GC(141) Pause Mark End 0.022ms
[235.534s][info][gc,phases   ] GC(141) Concurrent Mark Free 0.002ms
[235.540s][info][gc,phases   ] GC(141) Concurrent Process Non-Strong References 6.215ms
[235.540s][info][gc,phases   ] GC(141) Concurrent Reset Relocation Set 0.009ms
[235.542s][info][gc,phases   ] GC(141) Concurrent Select Relocation Set 2.470ms
[235.543s][info][gc,phases   ] GC(141) Pause Relocate Start 0.010ms
[235.550s][info][gc,phases   ] GC(141) Concurrent Relocate 7.140ms
[235.550s][info][gc,load     ] GC(141) Load: 0.00/0.00/0.00
[235.550s][info][gc,mmu      ] GC(141) MMU: 2ms/80.5%, 5ms/92.2%, 10ms/96.1%, 20ms/96.3%, 50ms/97.1%, 100ms/97.5%
[235.550s][info][gc,marking  ] GC(141) Mark: 2 stripe(s), 1 proactive flush(es), 1 terminate flush(es), 0 completion(s), 0 continuation(s) 
[235.550s][info][gc,marking  ] GC(141) Mark Stack Usage: 32M
[235.550s][info][gc,nmethod  ] GC(141) NMethods: 4742 registered, 0 unregistered
[235.550s][info][gc,metaspace] GC(141) Metaspace: 33M used, 33M committed, 1088M reserved
[235.550s][info][gc,ref      ] GC(141) Soft: 4016 encountered, 0 discovered, 0 enqueued
[235.550s][info][gc,ref      ] GC(141) Weak: 24072 encountered, 22423 discovered, 22358 enqueued
[235.550s][info][gc,ref      ] GC(141) Final: 7 encountered, 7 discovered, 0 enqueued
[235.550s][info][gc,ref      ] GC(141) Phantom: 714 encountered, 641 discovered, 0 enqueued
[235.550s][info][gc,reloc    ] GC(141) Small Pages: 938 / 1876M, Empty: 1208M, Relocated: 10M, In-Place: 0
[235.550s][info][gc,reloc    ] GC(141) Medium Pages: 26 / 832M, Empty: 768M, Relocated: 16M, In-Place: 0
[235.550s][info][gc,reloc    ] GC(141) Large Pages: 237 / 1648M, Empty: 1648M, Relocated: 0M, In-Place: 0
[235.550s][info][gc,reloc    ] GC(141) Forwarding Usage: 3M
[235.550s][info][gc,heap     ] GC(141) Min Capacity: 8192M(100%)
[235.550s][info][gc,heap     ] GC(141) Max Capacity: 8192M(100%)
[235.550s][info][gc,heap     ] GC(141) Soft Max Capacity: 8192M(100%)
[235.550s][info][gc,heap     ] GC(141)                Mark Start          Mark End        Relocate Start      Relocate End           High               Low         
[235.550s][info][gc,heap     ] GC(141)  Capacity:     8192M (100%)       8192M (100%)       8192M (100%)       8192M (100%)       8192M (100%)       8192M (100%)   
[235.550s][info][gc,heap     ] GC(141)      Free:     3836M (47%)        3836M (47%)        7460M (91%)        8046M (98%)        8046M (98%)        3836M (47%)    
[235.550s][info][gc,heap     ] GC(141)      Used:     4356M (53%)        4356M (53%)         732M (9%)          146M (2%)         4356M (53%)         146M (2%)     
[235.550s][info][gc,heap     ] GC(141)      Live:         -               126M (2%)          126M (2%)          126M (2%)             -                  -          
[235.550s][info][gc,heap     ] GC(141) Allocated:         -                 0M (0%)            0M (0%)            0M (0%)             -                  -          
[235.550s][info][gc,heap     ] GC(141)   Garbage:         -              4229M (52%)         605M (7%)           19M (0%)             -                  -          
[235.550s][info][gc,heap     ] GC(141) Reclaimed:         -                  -              3624M (44%)        4210M (51%)            -                  -          
[235.550s][info][gc          ] GC(141) Garbage Collection (System.gc()) 4356M(53%)->146M(2%)
[236.224s][info][gc,start    ] GC(142) Garbage Collection (Allocation Rate)
[236.224s][info][gc,task     ] GC(142) Using 2 workers
[236.224s][info][gc,phases   ] GC(142) Pause Mark Start 0.009ms
[236.318s][info][gc,phases   ] GC(142) Concurrent Mark 80.100ms
[236.318s][info][gc,phases   ] GC(142) Pause Mark End 0.012ms
[236.319s][info][gc,phases   ] GC(142) Concurrent Mark Free 0.000ms
[236.324s][info][gc,phases   ] GC(142) Concurrent Process Non-Strong References 5.151ms
[236.324s][info][gc,phases   ] GC(142) Concurrent Reset Relocation Set 0.023ms
[236.328s][info][gc,phases   ] GC(142) Concurrent Select Relocation Set 3.950ms
[236.328s][info][gc,phases   ] GC(142) Pause Relocate Start 0.008ms
[236.329s][info][gc,phases   ] GC(142) Concurrent Relocate 0.702ms
[236.329s][info][gc,load     ] GC(142) Load: 0.00/0.00/0.00
[236.329s][info][gc,mmu      ] GC(142) MMU: 2ms/80.5%, 5ms/92.2%, 10ms/96.1%, 20ms/96.3%, 50ms/97.1%, 100ms/97.5%
[236.329s][info][gc,marking  ] GC(142) Mark: 2 stripe(s), 1 proactive flush(es), 1 terminate flush(es), 0 completion(s), 0 continuation(s) 
[236.329s][info][gc,marking  ] GC(142) Mark Stack Usage: 32M
[236.329s][info][gc,nmethod  ] GC(142) NMethods: 4742 registered, 0 unregistered
[236.329s][info][gc,metaspace] GC(142) Metaspace: 33M used, 33M committed, 1088M reserved
[236.329s][info][gc,ref      ] GC(142) Soft: 4016 encountered, 0 discovered, 0 enqueued
[236.329s][info][gc,ref      ] GC(142) Weak: 1726 encountered, 68 discovered, 0 enqueued
[236.329s][info][gc,ref      ] GC(142) Final: 7 encountered, 7 discovered, 0 enqueued
[236.329s][info][gc,ref      ] GC(142) Phantom: 714 encountered, 650 discovered, 0 enqueued
[236.329s][info][gc,reloc    ] GC(142) Small Pages: 2517 / 5034M, Empty: 4896M, Relocated: 1M, In-Place: 0
[236.329s][info][gc,reloc    ] GC(142) Medium Pages: 1 / 32M, Empty: 0M, Relocated: 0M, In-Place: 0
[236.329s][info][gc,reloc    ] GC(142) Large Pages: 0 / 0M, Empty: 0M, Relocated: 0M, In-Place: 0
[236.329s][info][gc,reloc    ] GC(142) Forwarding Usage: 0M
[236.329s][info][gc,heap     ] GC(142) Min Capacity: 8192M(100%)
[236.329s][info][gc,heap     ] GC(142) Max Capacity: 8192M(100%)
[236.329s][info][gc,heap     ] GC(142) Soft Max Capacity: 8192M(100%)
[236.329s][info][gc,heap     ] GC(142)                Mark Start          Mark End        Relocate Start      Relocate End           High               Low         
[236.329s][info][gc,heap     ] GC(142)  Capacity:     8192M (100%)       8192M (100%)       8192M (100%)       8192M (100%)       8192M (100%)       8192M (100%)   
[236.329s][info][gc,heap     ] GC(142)      Free:     3126M (38%)        2714M (33%)        7570M (92%)        7590M (93%)        7590M (93%)        2696M (33%)    
[236.329s][info][gc,heap     ] GC(142)      Used:     5066M (62%)        5478M (67%)         622M (8%)          602M (7%)         5496M (67%)         602M (7%)     
[236.329s][info][gc,heap     ] GC(142)      Live:         -               126M (2%)          126M (2%)          126M (2%)             -                  -          
[236.329s][info][gc,heap     ] GC(142) Allocated:         -               412M (5%)          452M (6%)          454M (6%)             -                  -          
[236.329s][info][gc,heap     ] GC(142)   Garbage:         -              4939M (60%)          43M (1%)           21M (0%)             -                  -          
[236.329s][info][gc,heap     ] GC(142) Reclaimed:         -                  -              4896M (60%)        4918M (60%)            -                  -          
[236.329s][info][gc          ] GC(142) Garbage Collection (Allocation Rate) 5066M(62%)->602M(7%)
[237.223s][info][gc,start    ] GC(143) Garbage Collection (Allocation Rate)
[237.223s][info][gc,task     ] GC(143) Using 1 workers
[237.223s][info][gc,phases   ] GC(143) Pause Mark Start 0.008ms
[237.346s][info][gc,phases   ] GC(143) Concurrent Mark 122.681ms
[237.346s][info][gc,phases   ] GC(143) Pause Mark End 0.010ms
[237.346s][info][gc,phases   ] GC(143) Concurrent Mark Free 0.001ms
[237.368s][info][gc,phases   ] GC(143) Concurrent Process Non-Strong References 22.182ms
[237.368s][info][gc,phases   ] GC(143) Concurrent Reset Relocation Set 0.003ms
[237.372s][info][gc,phases   ] GC(143) Concurrent Select Relocation Set 3.078ms
[237.372s][info][gc,phases   ] GC(143) Pause Relocate Start 0.008ms
[237.372s][info][gc,phases   ] GC(143) Concurrent Relocate 0.582ms
[237.372s][info][gc,load     ] GC(143) Load: 0.00/0.00/0.00
[237.372s][info][gc,mmu      ] GC(143) MMU: 2ms/80.5%, 5ms/92.2%, 10ms/96.1%, 20ms/96.3%, 50ms/97.1%, 100ms/97.5%
[237.372s][info][gc,marking  ] GC(143) Mark: 1 stripe(s), 2 proactive flush(es), 1 terminate flush(es), 0 completion(s), 0 continuation(s) 
[237.372s][info][gc,marking  ] GC(143) Mark Stack Usage: 32M
[237.372s][info][gc,nmethod  ] GC(143) NMethods: 4742 registered, 0 unregistered
[237.372s][info][gc,metaspace] GC(143) Metaspace: 33M used, 33M committed, 1088M reserved
[237.372s][info][gc,ref      ] GC(143) Soft: 4016 encountered, 0 discovered, 0 enqueued
[237.372s][info][gc,ref      ] GC(143) Weak: 1732 encountered, 1284 discovered, 0 enqueued
[237.372s][info][gc,ref      ] GC(143) Final: 7 encountered, 7 discovered, 0 enqueued
[237.372s][info][gc,ref      ] GC(143) Phantom: 714 encountered, 665 discovered, 0 enqueued
[237.372s][info][gc,reloc    ] GC(143) Small Pages: 2804 / 5608M, Empty: 5468M, Relocated: 1M, In-Place: 0
[237.372s][info][gc,reloc    ] GC(143) Medium Pages: 1 / 32M, Empty: 0M, Relocated: 0M, In-Place: 0
[237.372s][info][gc,reloc    ] GC(143) Large Pages: 0 / 0M, Empty: 0M, Relocated: 0M, In-Place: 0
[237.372s][info][gc,reloc    ] GC(143) Forwarding Usage: 0M
[237.372s][info][gc,heap     ] GC(143) Min Capacity: 8192M(100%)
[237.372s][info][gc,heap     ] GC(143) Max Capacity: 8192M(100%)
[237.372s][info][gc,heap     ] GC(143) Soft Max Capacity: 8192M(100%)
[237.372s][info][gc,heap     ] GC(143)                Mark Start          Mark End        Relocate Start      Relocate End           High               Low         
[237.372s][info][gc,heap     ] GC(143)  Capacity:     8192M (100%)       8192M (100%)       8192M (100%)       8192M (100%)       8192M (100%)       8192M (100%)   
[237.372s][info][gc,heap     ] GC(143)      Free:     2552M (31%)        2080M (25%)        7490M (91%)        7514M (92%)        7514M (92%)        2030M (25%)    
[237.372s][info][gc,heap     ] GC(143)      Used:     5640M (69%)        6112M (75%)         702M (9%)          678M (8%)         6162M (75%)         678M (8%)     
[237.373s][info][gc,heap     ] GC(143)      Live:         -               126M (2%)          126M (2%)          126M (2%)             -                  -          
[237.373s][info][gc,heap     ] GC(143) Allocated:         -               472M (6%)          530M (6%)          531M (6%)             -                  -          
[237.373s][info][gc,heap     ] GC(143)   Garbage:         -              5513M (67%)          45M (1%)           19M (0%)             -                  -          
[237.373s][info][gc,heap     ] GC(143) Reclaimed:         -                  -              5468M (67%)        5493M (67%)            -                  -          
[237.373s][info][gc          ] GC(143) Garbage Collection (Allocation Rate) 5640M(69%)->678M(8%)
[238.726s][info][gc,start    ] GC(144) Garbage Collection (Allocation Rate)
[238.726s][info][gc,task     ] GC(144) Using 1 workers
[238.726s][info][gc,phases   ] GC(144) Pause Mark Start 0.013ms
[238.846s][info][gc,phases   ] GC(144) Concurrent Mark 119.243ms
[238.846s][info][gc,phases   ] GC(144) Pause Mark End 0.020ms
[238.846s][info][gc,phases   ] GC(144) Concurrent Mark Free 0.002ms
[238.857s][info][gc,phases   ] GC(144) Concurrent Process Non-Strong References 10.553ms
[238.857s][info][gc,phases   ] GC(144) Concurrent Reset Relocation Set 0.002ms
[238.863s][info][gc,phases   ] GC(144) Concurrent Select Relocation Set 6.360ms
[238.863s][info][gc,phases   ] GC(144) Pause Relocate Start 0.011ms
[238.894s][info][gc,phases   ] GC(144) Concurrent Relocate 30.125ms
[238.894s][info][gc,load     ] GC(144) Load: 0.00/0.00/0.00
[238.894s][info][gc,mmu      ] GC(144) MMU: 2ms/80.5%, 5ms/92.2%, 10ms/96.1%, 20ms/96.3%, 50ms/97.1%, 100ms/97.5%
[238.894s][info][gc,marking  ] GC(144) Mark: 1 stripe(s), 2 proactive flush(es), 1 terminate flush(es), 0 completion(s), 0 continuation(s) 
[238.894s][info][gc,marking  ] GC(144) Mark Stack Usage: 32M
[238.894s][info][gc,nmethod  ] GC(144) NMethods: 4742 registered, 0 unregistered
[238.894s][info][gc,metaspace] GC(144) Metaspace: 33M used, 33M committed, 1088M reserved
[238.894s][info][gc,ref      ] GC(144) Soft: 4016 encountered, 0 discovered, 0 enqueued
[238.894s][info][gc,ref      ] GC(144) Weak: 20198 encountered, 16839 discovered, 8735 enqueued
[238.894s][info][gc,ref      ] GC(144) Final: 7 encountered, 7 discovered, 0 enqueued
[238.894s][info][gc,ref      ] GC(144) Phantom: 720 encountered, 671 discovered, 0 enqueued
[238.894s][info][gc,reloc    ] GC(144) Small Pages: 2402 / 4804M, Empty: 4402M, Relocated: 32M, In-Place: 0
[238.894s][info][gc,reloc    ] GC(144) Medium Pages: 5 / 160M, Empty: 96M, Relocated: 14M, In-Place: 0
[238.894s][info][gc,reloc    ] GC(144) Large Pages: 36 / 250M, Empty: 250M, Relocated: 0M, In-Place: 0
[238.894s][info][gc,reloc    ] GC(144) Forwarding Usage: 10M
[238.894s][info][gc,heap     ] GC(144) Min Capacity: 8192M(100%)
[238.894s][info][gc,heap     ] GC(144) Max Capacity: 8192M(100%)
[238.894s][info][gc,heap     ] GC(144) Soft Max Capacity: 8192M(100%)
[238.894s][info][gc,heap     ] GC(144)                Mark Start          Mark End        Relocate Start      Relocate End           High               Low         
[238.894s][info][gc,heap     ] GC(144)  Capacity:     8192M (100%)       8192M (100%)       8192M (100%)       8192M (100%)       8192M (100%)       8192M (100%)   
[238.894s][info][gc,heap     ] GC(144)      Free:     2978M (36%)        2868M (35%)        7592M (93%)        7870M (96%)        7872M (96%)        2852M (35%)    
[238.894s][info][gc,heap     ] GC(144)      Used:     5214M (64%)        5324M (65%)         600M (7%)          322M (4%)         5340M (65%)         320M (4%)     
[238.894s][info][gc,heap     ] GC(144)      Live:         -               147M (2%)          147M (2%)          147M (2%)             -                  -          
[238.894s][info][gc,heap     ] GC(144) Allocated:         -               110M (1%)          134M (2%)          154M (2%)             -                  -          
[238.894s][info][gc,heap     ] GC(144)   Garbage:         -              5066M (62%)         318M (4%)           19M (0%)             -                  -          
[238.894s][info][gc,heap     ] GC(144) Reclaimed:         -                  -              4748M (58%)        5046M (62%)            -                  -          
[238.894s][info][gc          ] GC(144) Garbage Collection (Allocation Rate) 5214M(64%)->322M(4%)
[240.323s][info][gc,stats    ] === Garbage Collection Statistics =======================================================================================================================
[240.324s][info][gc,stats    ]                                                              Last 10s              Last 10m              Last 10h                Total
[240.324s][info][gc,stats    ]                                                              Avg / Max             Avg / Max             Avg / Max             Avg / Max
[240.324s][info][gc,stats    ]   Collector: Garbage Collection Cycle                    141.466 / 190.531     126.192 / 379.439     126.192 / 379.439     126.192 / 379.439     ms
[240.324s][info][gc,stats    ]  Contention: Mark Segment Reset Contention                     0 / 2                 0 / 26                0 / 26                0 / 26          ops/s
[240.324s][info][gc,stats    ]  Contention: Mark SeqNum Reset Contention                      0 / 2                 0 / 2                 0 / 2                 0 / 2           ops/s
[240.324s][info][gc,stats    ]    Critical: Allocation Stall                                  0 / 0                 0 / 0                 0 / 0                 0 / 0           ops/s
[240.324s][info][gc,stats    ]    Critical: Allocation Stall                              0.000 / 0.000         0.000 / 0.000         0.000 / 0.000         0.000 / 0.000       ms
[240.324s][info][gc,stats    ]    Critical: GC Locker Stall                                   0 / 0                 0 / 0                 0 / 0                 0 / 0           ops/s
[240.324s][info][gc,stats    ]    Critical: GC Locker Stall                               0.000 / 0.000         0.000 / 0.000         0.000 / 0.000         0.000 / 0.000       ms
[240.324s][info][gc,stats    ]    Critical: Relocation Stall                                  0 / 0                 0 / 0                 0 / 0                 0 / 0           ops/s
[240.324s][info][gc,stats    ]    Critical: Relocation Stall                              0.000 / 0.000         0.000 / 0.000         0.000 / 0.000         0.000 / 0.000       ms
[240.324s][info][gc,stats    ]      Memory: Allocation Rate                                2804 / 5668           2807 / 6636           2807 / 6636           2807 / 6636        MB/s
[240.324s][info][gc,stats    ]      Memory: Out Of Memory                                     0 / 0                 0 / 0                 0 / 0                 0 / 0           ops/s
[240.324s][info][gc,stats    ]      Memory: Page Cache Flush                                  2 / 28               88 / 664              88 / 664              88 / 664         MB/s
[240.324s][info][gc,stats    ]      Memory: Page Cache Hit L1                              1251 / 2835           1195 / 3321           1195 / 3321           1195 / 3321        ops/s
[240.324s][info][gc,stats    ]      Memory: Page Cache Hit L2                                 0 / 0                 0 / 0                 0 / 0                 0 / 0           ops/s
[240.324s][info][gc,stats    ]      Memory: Page Cache Hit L3                                15 / 101              47 / 635              47 / 635              47 / 635         ops/s
[240.324s][info][gc,stats    ]      Memory: Page Cache Miss                                   0 / 4                 9 / 70                9 / 70                9 / 70          ops/s
[240.324s][info][gc,stats    ]      Memory: Uncommit                                          0 / 0                 0 / 0                 0 / 0                 0 / 0           MB/s
[240.324s][info][gc,stats    ]      Memory: Undo Object Allocation Failed                     0 / 0                 0 / 1                 0 / 1                 0 / 1           ops/s
[240.324s][info][gc,stats    ]      Memory: Undo Object Allocation Succeeded                  0 / 1                 0 / 94                0 / 94                0 / 94          ops/s
[240.324s][info][gc,stats    ]      Memory: Undo Page Allocation                              0 / 2                 0 / 8                 0 / 8                 0 / 8           ops/s
[240.324s][info][gc,stats    ]       Phase: Concurrent Mark                             110.373 / 152.894      99.172 / 190.432      99.172 / 190.432      99.172 / 190.432     ms
[240.324s][info][gc,stats    ]       Phase: Concurrent Mark Continue                      0.000 / 0.000        15.374 / 35.578       15.374 / 35.578       15.374 / 35.578      ms
[240.324s][info][gc,stats    ]       Phase: Concurrent Mark Free                          0.001 / 0.002         0.001 / 0.004         0.001 / 0.004         0.001 / 0.004       ms
[240.324s][info][gc,stats    ]       Phase: Concurrent Process Non-Strong References     11.181 / 22.182        8.261 / 31.000        8.261 / 31.000        8.261 / 31.000      ms
[240.324s][info][gc,stats    ]       Phase: Concurrent Relocate                          12.417 / 35.134        9.560 / 76.380        9.560 / 76.380        9.560 / 76.380      ms
[240.324s][info][gc,stats    ]       Phase: Concurrent Reset Relocation Set               0.007 / 0.023         0.010 / 0.049         0.010 / 0.049         0.010 / 0.049       ms
[240.324s][info][gc,stats    ]       Phase: Concurrent Select Relocation Set              4.247 / 6.433         3.561 / 10.958        3.561 / 10.958        3.561 / 10.958      ms
[240.324s][info][gc,stats    ]       Phase: Pause Mark End                                0.023 / 0.064         0.064 / 0.390         0.064 / 0.390         0.064 / 0.390       ms
[240.324s][info][gc,stats    ]       Phase: Pause Mark Start                              0.009 / 0.013         0.008 / 0.021         0.008 / 0.021         0.008 / 0.021       ms
[240.324s][info][gc,stats    ]       Phase: Pause Relocate Start                          0.010 / 0.013         0.010 / 0.037         0.010 / 0.037         0.010 / 0.037       ms
[240.324s][info][gc,stats    ]    Subphase: Concurrent Classes Purge                      0.315 / 0.469         0.244 / 0.574         0.244 / 0.574         0.244 / 0.574       ms
[240.341s][info][gc,stats    ]    Subphase: Concurrent Classes Unlink                     6.984 / 11.085        5.728 / 23.760        5.728 / 23.760        5.728 / 23.760      ms
[240.341s][info][gc,stats    ]    Subphase: Concurrent Mark                              96.741 / 152.063      73.275 / 189.582      73.275 / 189.582      73.275 / 189.582     ms
[240.342s][info][gc,stats    ]    Subphase: Concurrent Mark Try Flush                     0.080 / 0.329         0.508 / 30.486        0.508 / 30.486        0.508 / 30.486      ms
[240.342s][info][gc,stats    ]    Subphase: Concurrent Mark Try Terminate                 1.648 / 15.021        3.155 / 16.837        3.155 / 16.837        3.155 / 16.837      ms
[240.342s][info][gc,stats    ]    Subphase: Concurrent References Enqueue                 0.003 / 0.006         0.003 / 0.008         0.003 / 0.008         0.003 / 0.008       ms
[240.342s][info][gc,stats    ]    Subphase: Concurrent References Process                 0.997 / 1.817         0.988 / 3.217         0.988 / 3.217         0.988 / 3.217       ms
[240.342s][info][gc,stats    ]    Subphase: Concurrent Roots ClassLoaderDataGraph         0.137 / 0.212         0.110 / 0.537         0.110 / 0.537         0.110 / 0.537       ms
[240.360s][info][gc,stats    ]    Subphase: Concurrent Roots CodeCache                    0.000 / 0.000         0.000 / 0.000         0.000 / 0.000         0.000 / 0.000       ms
[240.360s][info][gc,stats    ]    Subphase: Concurrent Roots JavaThreads                  0.453 / 0.741         0.361 / 1.258         0.361 / 1.258         0.361 / 1.258       ms
[240.360s][info][gc,stats    ]    Subphase: Concurrent Roots OopStorageSet                0.032 / 0.044         0.030 / 0.124         0.030 / 0.124         0.030 / 0.124       ms
[240.360s][info][gc,stats    ]    Subphase: Concurrent Weak Roots OopStorageSet           0.358 / 0.658         0.308 / 1.123         0.308 / 1.123         0.308 / 1.123       ms
[240.360s][info][gc,stats    ]    Subphase: Pause Mark Try Complete                       0.032 / 0.032         0.182 / 0.301         0.182 / 0.301         0.182 / 0.301       ms
[240.360s][info][gc,stats    ]      System: Java Threads                                     20 / 21               18 / 22               18 / 22               18 / 22          threads
[240.360s][info][gc,stats    ] =========================================================================================================================================================
[245.324s][info][gc,start    ] GC(145) Garbage Collection (Proactive)
[245.325s][info][gc,task     ] GC(145) Using 2 workers
[245.325s][info][gc,phases   ] GC(145) Pause Mark Start 0.022ms
[245.413s][info][gc,phases   ] GC(145) Concurrent Mark 73.684ms
[245.415s][info][gc,phases   ] GC(145) Pause Mark End 0.153ms
[245.415s][info][gc,phases   ] GC(145) Concurrent Mark Free 0.001ms
[245.438s][info][gc,phases   ] GC(145) Concurrent Process Non-Strong References 5.039ms
[245.438s][info][gc,phases   ] GC(145) Concurrent Reset Relocation Set 0.019ms
[245.442s][info][gc,phases   ] GC(145) Concurrent Select Relocation Set 3.196ms
[245.452s][info][gc,phases   ] GC(145) Pause Relocate Start 0.012ms
[245.468s][info][gc,phases   ] GC(145) Concurrent Relocate 15.793ms
[245.468s][info][gc,load     ] GC(145) Load: 0.00/0.00/0.00
[245.468s][info][gc,mmu      ] GC(145) MMU: 2ms/80.5%, 5ms/92.2%, 10ms/96.1%, 20ms/96.3%, 50ms/97.1%, 100ms/97.5%
[245.468s][info][gc,marking  ] GC(145) Mark: 2 stripe(s), 3 proactive flush(es), 1 terminate flush(es), 1 completion(s), 0 continuation(s) 
[245.468s][info][gc,marking  ] GC(145) Mark Stack Usage: 32M
[245.468s][info][gc,nmethod  ] GC(145) NMethods: 4742 registered, 0 unregistered
[245.468s][info][gc,metaspace] GC(145) Metaspace: 33M used, 33M committed, 1088M reserved
[245.468s][info][gc,ref      ] GC(145) Soft: 4016 encountered, 0 discovered, 0 enqueued
[245.468s][info][gc,ref      ] GC(145) Weak: 21914 encountered, 18534 discovered, 14593 enqueued
[245.468s][info][gc,ref      ] GC(145) Final: 7 encountered, 4 discovered, 0 enqueued
[245.468s][info][gc,ref      ] GC(145) Phantom: 720 encountered, 647 discovered, 0 enqueued
[245.468s][info][gc,reloc    ] GC(145) Small Pages: 783 / 1566M, Empty: 836M, Relocated: 27M, In-Place: 0
[245.468s][info][gc,reloc    ] GC(145) Medium Pages: 24 / 768M, Empty: 704M, Relocated: 16M, In-Place: 0
[245.468s][info][gc,reloc    ] GC(145) Large Pages: 219 / 1524M, Empty: 1516M, Relocated: 0M, In-Place: 0
[245.468s][info][gc,reloc    ] GC(145) Forwarding Usage: 8M
[245.468s][info][gc,heap     ] GC(145) Min Capacity: 8192M(100%)
[245.468s][info][gc,heap     ] GC(145) Max Capacity: 8192M(100%)
[245.468s][info][gc,heap     ] GC(145) Soft Max Capacity: 8192M(100%)
[245.468s][info][gc,heap     ] GC(145)                Mark Start          Mark End        Relocate Start      Relocate End           High               Low         
[245.468s][info][gc,heap     ] GC(145)  Capacity:     8192M (100%)       8192M (100%)       8192M (100%)       8192M (100%)       8192M (100%)       8192M (100%)   
[245.468s][info][gc,heap     ] GC(145)      Free:     4334M (53%)        4266M (52%)        7312M (89%)        7936M (97%)        7936M (97%)        4266M (52%)    
[245.468s][info][gc,heap     ] GC(145)      Used:     3858M (47%)        3926M (48%)         880M (11%)         256M (3%)         3926M (48%)         256M (3%)     
[245.468s][info][gc,heap     ] GC(145)      Live:         -               151M (2%)          151M (2%)          151M (2%)             -                  -          
[245.468s][info][gc,heap     ] GC(145) Allocated:         -                68M (1%)           78M (1%)           84M (1%)             -                  -          
[245.468s][info][gc,heap     ] GC(145)   Garbage:         -              3706M (45%)         650M (8%)           19M (0%)             -                  -          
[245.468s][info][gc,heap     ] GC(145) Reclaimed:         -                  -              3056M (37%)        3686M (45%)            -                  -          
[245.468s][info][gc          ] GC(145) Garbage Collection (Proactive) 3858M(47%)->256M(3%)
[247.294s][info][gc,start    ] GC(146) Garbage Collection (System.gc())
[247.294s][info][gc,task     ] GC(146) Using 2 workers
[247.294s][info][gc,phases   ] GC(146) Pause Mark Start 0.006ms
[247.380s][info][gc,phases   ] GC(146) Concurrent Mark 84.979ms
[247.380s][info][gc,phases   ] GC(146) Pause Mark End 0.027ms
[247.380s][info][gc,phases   ] GC(146) Concurrent Mark Free 0.002ms
[247.386s][info][gc,phases   ] GC(146) Concurrent Process Non-Strong References 5.586ms
[247.386s][info][gc,phases   ] GC(146) Concurrent Reset Relocation Set 0.022ms
[247.388s][info][gc,phases   ] GC(146) Concurrent Select Relocation Set 2.174ms
[247.388s][info][gc,phases   ] GC(146) Pause Relocate Start 0.011ms
[247.394s][info][gc,phases   ] GC(146) Concurrent Relocate 5.704ms
[247.394s][info][gc,load     ] GC(146) Load: 0.00/0.00/0.00
[247.394s][info][gc,mmu      ] GC(146) MMU: 2ms/80.5%, 5ms/92.2%, 10ms/96.1%, 20ms/96.3%, 50ms/97.1%, 100ms/97.5%
[247.394s][info][gc,marking  ] GC(146) Mark: 2 stripe(s), 4 proactive flush(es), 1 terminate flush(es), 0 completion(s), 0 continuation(s) 
[247.394s][info][gc,marking  ] GC(146) Mark Stack Usage: 32M
[247.394s][info][gc,nmethod  ] GC(146) NMethods: 4745 registered, 0 unregistered
[247.394s][info][gc,metaspace] GC(146) Metaspace: 33M used, 33M committed, 1088M reserved
[247.394s][info][gc,ref      ] GC(146) Soft: 4016 encountered, 0 discovered, 0 enqueued
[247.394s][info][gc,ref      ] GC(146) Weak: 25870 encountered, 25148 discovered, 24157 enqueued
[247.394s][info][gc,ref      ] GC(146) Final: 7 encountered, 6 discovered, 0 enqueued
[247.394s][info][gc,ref      ] GC(146) Phantom: 714 encountered, 652 discovered, 0 enqueued
[247.394s][info][gc,reloc    ] GC(146) Small Pages: 225 / 450M, Empty: 44M, Relocated: 10M, In-Place: 0
[247.394s][info][gc,reloc    ] GC(146) Medium Pages: 5 / 160M, Empty: 128M, Relocated: 0M, In-Place: 0
[247.394s][info][gc,reloc    ] GC(146) Large Pages: 36 / 250M, Empty: 250M, Relocated: 0M, In-Place: 0
[247.394s][info][gc,reloc    ] GC(146) Forwarding Usage: 3M
[247.394s][info][gc,heap     ] GC(146) Min Capacity: 8192M(100%)
[247.394s][info][gc,heap     ] GC(146) Max Capacity: 8192M(100%)
[247.394s][info][gc,heap     ] GC(146) Soft Max Capacity: 8192M(100%)
[247.394s][info][gc,heap     ] GC(146)                Mark Start          Mark End        Relocate Start      Relocate End           High               Low         
[247.394s][info][gc,heap     ] GC(146)  Capacity:     8192M (100%)       8192M (100%)       8192M (100%)       8192M (100%)       8192M (100%)       8192M (100%)   
[247.394s][info][gc,heap     ] GC(146)      Free:     7332M (90%)        7332M (90%)        7754M (95%)        8046M (98%)        8046M (98%)        7332M (90%)    
[247.394s][info][gc,heap     ] GC(146)      Used:      860M (10%)         860M (10%)         438M (5%)          146M (2%)          860M (10%)         146M (2%)     
[247.394s][info][gc,heap     ] GC(146)      Live:         -               123M (2%)          123M (2%)          123M (2%)             -                  -          
[247.394s][info][gc,heap     ] GC(146) Allocated:         -                 0M (0%)            0M (0%)            0M (0%)             -                  -          
[247.394s][info][gc,heap     ] GC(146)   Garbage:         -               736M (9%)          314M (4%)           22M (0%)             -                  -          
[247.394s][info][gc,heap     ] GC(146) Reclaimed:         -                  -               422M (5%)          714M (9%)             -                  -          
[247.394s][info][gc          ] GC(146) Garbage Collection (System.gc()) 860M(10%)->146M(2%)
[247.928s][info][gc,start    ] GC(147) Garbage Collection (Allocation Rate)
[247.928s][info][gc,task     ] GC(147) Using 2 workers
[247.929s][info][gc,phases   ] GC(147) Pause Mark Start 0.013ms
[248.070s][info][gc,phases   ] GC(147) Concurrent Mark 135.189ms
[248.070s][info][gc,phases   ] GC(147) Pause Mark End 0.016ms
[248.071s][info][gc,phases   ] GC(147) Concurrent Mark Free 0.001ms
[248.077s][info][gc,phases   ] GC(147) Concurrent Process Non-Strong References 6.363ms
[248.077s][info][gc,phases   ] GC(147) Concurrent Reset Relocation Set 0.014ms
[248.080s][info][gc,phases   ] GC(147) Concurrent Select Relocation Set 3.031ms
[248.080s][info][gc,phases   ] GC(147) Pause Relocate Start 0.015ms
[248.081s][info][gc,phases   ] GC(147) Concurrent Relocate 0.367ms
[248.081s][info][gc,load     ] GC(147) Load: 0.00/0.00/0.00
[248.081s][info][gc,mmu      ] GC(147) MMU: 2ms/80.5%, 5ms/92.2%, 10ms/96.1%, 20ms/96.3%, 50ms/97.1%, 100ms/97.5%
[248.081s][info][gc,marking  ] GC(147) Mark: 2 stripe(s), 2 proactive flush(es), 1 terminate flush(es), 0 completion(s), 0 continuation(s) 
[248.081s][info][gc,marking  ] GC(147) Mark Stack Usage: 32M
[248.081s][info][gc,nmethod  ] GC(147) NMethods: 4745 registered, 0 unregistered
[248.081s][info][gc,metaspace] GC(147) Metaspace: 33M used, 33M committed, 1088M reserved
[248.081s][info][gc,ref      ] GC(147) Soft: 4016 encountered, 0 discovered, 0 enqueued
[248.081s][info][gc,ref      ] GC(147) Weak: 1731 encountered, 80 discovered, 0 enqueued
[248.081s][info][gc,ref      ] GC(147) Final: 7 encountered, 6 discovered, 0 enqueued
[248.081s][info][gc,ref      ] GC(147) Phantom: 714 encountered, 649 discovered, 0 enqueued
[248.081s][info][gc,reloc    ] GC(147) Small Pages: 2034 / 4068M, Empty: 3930M, Relocated: 0M, In-Place: 0
[248.081s][info][gc,reloc    ] GC(147) Medium Pages: 1 / 32M, Empty: 0M, Relocated: 0M, In-Place: 0
[248.081s][info][gc,reloc    ] GC(147) Large Pages: 0 / 0M, Empty: 0M, Relocated: 0M, In-Place: 0
[248.081s][info][gc,reloc    ] GC(147) Forwarding Usage: 0M
[248.081s][info][gc,heap     ] GC(147) Min Capacity: 8192M(100%)
[248.081s][info][gc,heap     ] GC(147) Max Capacity: 8192M(100%)
[248.081s][info][gc,heap     ] GC(147) Soft Max Capacity: 8192M(100%)
[248.081s][info][gc,heap     ] GC(147)                Mark Start          Mark End        Relocate Start      Relocate End           High               Low         
[248.081s][info][gc,heap     ] GC(147)  Capacity:     8192M (100%)       8192M (100%)       8192M (100%)       8192M (100%)       8192M (100%)       8192M (100%)   
[248.081s][info][gc,heap     ] GC(147)      Free:     4092M (50%)        3240M (40%)        7116M (87%)        7136M (87%)        7136M (87%)        3202M (39%)    
[248.081s][info][gc,heap     ] GC(147)      Used:     4100M (50%)        4952M (60%)        1076M (13%)        1056M (13%)        4990M (61%)        1056M (13%)    
[248.081s][info][gc,heap     ] GC(147)      Live:         -               123M (2%)          123M (2%)          123M (2%)             -                  -          
[248.081s][info][gc,heap     ] GC(147) Allocated:         -               852M (10%)         906M (11%)         907M (11%)            -                  -          
[248.081s][info][gc,heap     ] GC(147)   Garbage:         -              3976M (49%)          46M (1%)           24M (0%)             -                  -          
[248.081s][info][gc,heap     ] GC(147) Reclaimed:         -                  -              3930M (48%)        3951M (48%)            -                  -          
[248.081s][info][gc          ] GC(147) Garbage Collection (Allocation Rate) 4100M(50%)->1056M(13%)
[248.227s][info][gc,start    ] GC(148) Garbage Collection (Allocation Rate)
[248.227s][info][gc,task     ] GC(148) Using 2 workers
[248.227s][info][gc,phases   ] GC(148) Pause Mark Start 0.009ms
[248.305s][info][gc,phases   ] GC(148) Concurrent Mark 78.138ms
[248.305s][info][gc,phases   ] GC(148) Pause Mark End 0.015ms
[248.305s][info][gc,phases   ] GC(148) Concurrent Mark Free 0.001ms
[248.311s][info][gc,phases   ] GC(148) Concurrent Process Non-Strong References 5.177ms
[248.311s][info][gc,phases   ] GC(148) Concurrent Reset Relocation Set 0.002ms
[248.314s][info][gc,phases   ] GC(148) Concurrent Select Relocation Set 3.541ms
[248.314s][info][gc,phases   ] GC(148) Pause Relocate Start 0.007ms
[248.315s][info][gc,phases   ] GC(148) Concurrent Relocate 0.404ms
[248.315s][info][gc,load     ] GC(148) Load: 0.00/0.00/0.00
[248.315s][info][gc,mmu      ] GC(148) MMU: 2ms/80.5%, 5ms/92.2%, 10ms/96.1%, 20ms/96.3%, 50ms/97.1%, 100ms/97.5%
[248.315s][info][gc,marking  ] GC(148) Mark: 2 stripe(s), 2 proactive flush(es), 1 terminate flush(es), 0 completion(s), 0 continuation(s) 
[248.315s][info][gc,marking  ] GC(148) Mark Stack Usage: 32M
[248.315s][info][gc,nmethod  ] GC(148) NMethods: 4745 registered, 0 unregistered
[248.315s][info][gc,metaspace] GC(148) Metaspace: 33M used, 33M committed, 1088M reserved
[248.315s][info][gc,ref      ] GC(148) Soft: 4016 encountered, 0 discovered, 0 enqueued
[248.315s][info][gc,ref      ] GC(148) Weak: 1731 encountered, 52 discovered, 0 enqueued
[248.315s][info][gc,ref      ] GC(148) Final: 7 encountered, 7 discovered, 0 enqueued
[248.315s][info][gc,ref      ] GC(148) Phantom: 714 encountered, 593 discovered, 0 enqueued
[248.315s][info][gc,reloc    ] GC(148) Small Pages: 885 / 1770M, Empty: 1626M, Relocated: 0M, In-Place: 0
[248.315s][info][gc,reloc    ] GC(148) Medium Pages: 1 / 32M, Empty: 0M, Relocated: 0M, In-Place: 0
[248.315s][info][gc,reloc    ] GC(148) Large Pages: 0 / 0M, Empty: 0M, Relocated: 0M, In-Place: 0
[248.315s][info][gc,reloc    ] GC(148) Forwarding Usage: 0M
[248.315s][info][gc,heap     ] GC(148) Min Capacity: 8192M(100%)
[248.315s][info][gc,heap     ] GC(148) Max Capacity: 8192M(100%)
[248.315s][info][gc,heap     ] GC(148) Soft Max Capacity: 8192M(100%)
[248.315s][info][gc,heap     ] GC(148)                Mark Start          Mark End        Relocate Start      Relocate End           High               Low         
[248.315s][info][gc,heap     ] GC(148)  Capacity:     8192M (100%)       8192M (100%)       8192M (100%)       8192M (100%)       8192M (100%)       8192M (100%)   
[248.315s][info][gc,heap     ] GC(148)      Free:     6390M (78%)        6060M (74%)        7646M (93%)        7672M (94%)        7672M (94%)        6038M (74%)    
[248.315s][info][gc,heap     ] GC(148)      Used:     1802M (22%)        2132M (26%)         546M (7%)          520M (6%)         2154M (26%)         520M (6%)     
[248.315s][info][gc,heap     ] GC(148)      Live:         -               123M (2%)          123M (2%)          123M (2%)             -                  -          
[248.315s][info][gc,heap     ] GC(148) Allocated:         -               330M (4%)          370M (5%)          371M (5%)             -                  -          
[248.315s][info][gc,heap     ] GC(148)   Garbage:         -              1678M (20%)          52M (1%)           24M (0%)             -                  -          
[248.315s][info][gc,heap     ] GC(148) Reclaimed:         -                  -              1626M (20%)        1653M (20%)            -                  -          
[248.315s][info][gc          ] GC(148) Garbage Collection (Allocation Rate) 1802M(22%)->520M(6%)
[249.121s][info][gc,start    ] GC(149) Garbage Collection (Allocation Rate)
[249.121s][info][gc,task     ] GC(149) Using 1 workers
[249.121s][info][gc,phases   ] GC(149) Pause Mark Start 0.006ms
[249.272s][info][gc,phases   ] GC(149) Concurrent Mark 150.666ms
[249.272s][info][gc,phases   ] GC(149) Pause Mark End 0.009ms
[249.272s][info][gc,phases   ] GC(149) Concurrent Mark Free 0.001ms
[249.282s][info][gc,phases   ] GC(149) Concurrent Process Non-Strong References 10.460ms
[249.283s][info][gc,phases   ] GC(149) Concurrent Reset Relocation Set 0.003ms
[249.285s][info][gc,phases   ] GC(149) Concurrent Select Relocation Set 2.763ms
[249.285s][info][gc,phases   ] GC(149) Pause Relocate Start 0.008ms
[249.286s][info][gc,phases   ] GC(149) Concurrent Relocate 0.440ms
[249.286s][info][gc,load     ] GC(149) Load: 0.00/0.00/0.00
[249.286s][info][gc,mmu      ] GC(149) MMU: 2ms/80.5%, 5ms/92.2%, 10ms/96.1%, 20ms/96.3%, 50ms/97.1%, 100ms/97.5%
[249.286s][info][gc,marking  ] GC(149) Mark: 1 stripe(s), 2 proactive flush(es), 1 terminate flush(es), 0 completion(s), 0 continuation(s) 
[249.286s][info][gc,marking  ] GC(149) Mark Stack Usage: 32M
[249.286s][info][gc,nmethod  ] GC(149) NMethods: 4745 registered, 0 unregistered
[249.286s][info][gc,metaspace] GC(149) Metaspace: 33M used, 33M committed, 1088M reserved
[249.286s][info][gc,ref      ] GC(149) Soft: 4016 encountered, 0 discovered, 0 enqueued
[249.286s][info][gc,ref      ] GC(149) Weak: 1731 encountered, 1283 discovered, 0 enqueued
[249.286s][info][gc,ref      ] GC(149) Final: 7 encountered, 7 discovered, 0 enqueued
[249.286s][info][gc,ref      ] GC(149) Phantom: 714 encountered, 665 discovered, 0 enqueued
[249.286s][info][gc,reloc    ] GC(149) Small Pages: 2516 / 5032M, Empty: 4896M, Relocated: 0M, In-Place: 0
[249.286s][info][gc,reloc    ] GC(149) Medium Pages: 1 / 32M, Empty: 0M, Relocated: 0M, In-Place: 0
[249.286s][info][gc,reloc    ] GC(149) Large Pages: 0 / 0M, Empty: 0M, Relocated: 0M, In-Place: 0
[249.286s][info][gc,reloc    ] GC(149) Forwarding Usage: 0M
[249.286s][info][gc,heap     ] GC(149) Min Capacity: 8192M(100%)
[249.286s][info][gc,heap     ] GC(149) Max Capacity: 8192M(100%)
[249.286s][info][gc,heap     ] GC(149) Soft Max Capacity: 8192M(100%)
[249.286s][info][gc,heap     ] GC(149)                Mark Start          Mark End        Relocate Start      Relocate End           High               Low         
[249.286s][info][gc,heap     ] GC(149)  Capacity:     8192M (100%)       8192M (100%)       8192M (100%)       8192M (100%)       8192M (100%)       8192M (100%)   
[249.286s][info][gc,heap     ] GC(149)      Free:     3128M (38%)        2270M (28%)        7116M (87%)        7134M (87%)        7134M (87%)        2230M (27%)    
[249.286s][info][gc,heap     ] GC(149)      Used:     5064M (62%)        5922M (72%)        1076M (13%)        1058M (13%)        5962M (73%)        1058M (13%)    
[249.286s][info][gc,heap     ] GC(149)      Live:         -               123M (2%)          123M (2%)          123M (2%)             -                  -          
[249.286s][info][gc,heap     ] GC(149) Allocated:         -               858M (10%)         908M (11%)         911M (11%)            -                  -          
[249.286s][info][gc,heap     ] GC(149)   Garbage:         -              4940M (60%)          44M (1%)           22M (0%)             -                  -          
[249.286s][info][gc,heap     ] GC(149) Reclaimed:         -                  -              4896M (60%)        4917M (60%)            -                  -          
[249.286s][info][gc          ] GC(149) Garbage Collection (Allocation Rate) 5064M(62%)->1058M(13%)
[250.325s][info][gc,stats    ] === Garbage Collection Statistics =======================================================================================================================
[250.325s][info][gc,stats    ]                                                              Last 10s              Last 10m              Last 10h                Total
[250.325s][info][gc,stats    ]                                                              Avg / Max             Avg / Max             Avg / Max             Avg / Max
[250.325s][info][gc,stats    ]   Collector: Garbage Collection Cycle                    129.740 / 165.069     126.311 / 379.439     126.311 / 379.439     126.311 / 379.439     ms
[250.325s][info][gc,stats    ]  Contention: Mark Segment Reset Contention                    11 / 115               0 / 115               0 / 115               0 / 115         ops/s
[250.325s][info][gc,stats    ]  Contention: Mark SeqNum Reset Contention                      0 / 0                 0 / 2                 0 / 2                 0 / 2           ops/s
[250.325s][info][gc,stats    ]    Critical: Allocation Stall                                  0 / 0                 0 / 0                 0 / 0                 0 / 0           ops/s
[250.325s][info][gc,stats    ]    Critical: Allocation Stall                              0.000 / 0.000         0.000 / 0.000         0.000 / 0.000         0.000 / 0.000       ms
[250.325s][info][gc,stats    ]    Critical: GC Locker Stall                                   0 / 0                 0 / 0                 0 / 0                 0 / 0           ops/s
[250.325s][info][gc,stats    ]    Critical: GC Locker Stall                               0.000 / 0.000         0.000 / 0.000         0.000 / 0.000         0.000 / 0.000       ms
[250.325s][info][gc,stats    ]    Critical: Relocation Stall                                  0 / 0                 0 / 0                 0 / 0                 0 / 0           ops/s
[250.325s][info][gc,stats    ]    Critical: Relocation Stall                              0.000 / 0.000         0.000 / 0.000         0.000 / 0.000         0.000 / 0.000       ms
[250.325s][info][gc,stats    ]      Memory: Allocation Rate                                1846 / 6020           2769 / 6636           2769 / 6636           2769 / 6636        MB/s
[250.325s][info][gc,stats    ]      Memory: Out Of Memory                                     0 / 0                 0 / 0                 0 / 0                 0 / 0           ops/s
[250.325s][info][gc,stats    ]      Memory: Page Cache Flush                                 29 / 248              86 / 664              86 / 664              86 / 664         MB/s
[250.325s][info][gc,stats    ]      Memory: Page Cache Hit L1                               834 / 3020           1181 / 3321           1181 / 3321           1181 / 3321        ops/s
[250.325s][info][gc,stats    ]      Memory: Page Cache Hit L2                                 0 / 0                 0 / 0                 0 / 0                 0 / 0           ops/s
[250.325s][info][gc,stats    ]      Memory: Page Cache Hit L3                                 4 / 27               45 / 635              45 / 635              45 / 635         ops/s
[250.325s][info][gc,stats    ]      Memory: Page Cache Miss                                   3 / 28                9 / 70                9 / 70                9 / 70          ops/s
[250.325s][info][gc,stats    ]      Memory: Uncommit                                          0 / 0                 0 / 0                 0 / 0                 0 / 0           MB/s
[250.325s][info][gc,stats    ]      Memory: Undo Object Allocation Failed                     0 / 0                 0 / 1                 0 / 1                 0 / 1           ops/s
[250.325s][info][gc,stats    ]      Memory: Undo Object Allocation Succeeded                  0 / 4                 0 / 94                0 / 94                0 / 94          ops/s
[250.325s][info][gc,stats    ]      Memory: Undo Page Allocation                              0 / 5                 0 / 8                 0 / 8                 0 / 8           ops/s
[250.326s][info][gc,stats    ]       Phase: Concurrent Mark                             104.531 / 150.666      99.350 / 190.432      99.350 / 190.432      99.350 / 190.432     ms
[250.326s][info][gc,stats    ]       Phase: Concurrent Mark Continue                      0.000 / 0.000        15.374 / 35.578       15.374 / 35.578       15.374 / 35.578      ms
[250.326s][info][gc,stats    ]       Phase: Concurrent Mark Free                          0.001 / 0.002         0.001 / 0.004         0.001 / 0.004         0.001 / 0.004       ms
[250.326s][info][gc,stats    ]       Phase: Concurrent Process Non-Strong References      6.525 / 10.460        8.203 / 31.000        8.203 / 31.000        8.203 / 31.000      ms
[250.326s][info][gc,stats    ]       Phase: Concurrent Relocate                           4.541 / 15.793        9.392 / 76.380        9.392 / 76.380        9.392 / 76.380      ms
[250.326s][info][gc,stats    ]       Phase: Concurrent Reset Relocation Set               0.012 / 0.022         0.010 / 0.049         0.010 / 0.049         0.010 / 0.049       ms
[250.326s][info][gc,stats    ]       Phase: Concurrent Select Relocation Set              2.941 / 3.541         3.540 / 10.958        3.540 / 10.958        3.540 / 10.958      ms
[250.326s][info][gc,stats    ]       Phase: Pause Mark End                                0.044 / 0.153         0.063 / 0.390         0.063 / 0.390         0.063 / 0.390       ms
[250.326s][info][gc,stats    ]       Phase: Pause Mark Start                              0.011 / 0.022         0.008 / 0.022         0.008 / 0.022         0.008 / 0.022       ms
[250.326s][info][gc,stats    ]       Phase: Pause Relocate Start                          0.011 / 0.015         0.010 / 0.037         0.010 / 0.037         0.010 / 0.037       ms
[250.326s][info][gc,stats    ]    Subphase: Concurrent Classes Purge                      0.229 / 0.341         0.244 / 0.574         0.244 / 0.574         0.244 / 0.574       ms
[250.326s][info][gc,stats    ]    Subphase: Concurrent Classes Unlink                     5.129 / 9.273         5.707 / 23.760        5.707 / 23.760        5.707 / 23.760      ms
[250.326s][info][gc,stats    ]    Subphase: Concurrent Mark                              94.244 / 149.776      73.958 / 189.582      73.958 / 189.582      73.958 / 189.582     ms
[250.326s][info][gc,stats    ]    Subphase: Concurrent Mark Try Flush                     2.613 / 15.618        0.565 / 30.486        0.565 / 30.486        0.565 / 30.486      ms
[250.326s][info][gc,stats    ]    Subphase: Concurrent Mark Try Terminate                 7.052 / 16.232        3.301 / 16.837        3.301 / 16.837        3.301 / 16.837      ms
[250.326s][info][gc,stats    ]    Subphase: Concurrent References Enqueue                 0.003 / 0.008         0.003 / 0.008         0.003 / 0.008         0.003 / 0.008       ms
[250.326s][info][gc,stats    ]    Subphase: Concurrent References Process                 0.652 / 1.669         0.976 / 3.217         0.976 / 3.217         0.976 / 3.217       ms
[250.326s][info][gc,stats    ]    Subphase: Concurrent Roots ClassLoaderDataGraph         0.120 / 0.395         0.110 / 0.537         0.110 / 0.537         0.110 / 0.537       ms
[250.326s][info][gc,stats    ]    Subphase: Concurrent Roots CodeCache                    0.000 / 0.000         0.000 / 0.000         0.000 / 0.000         0.000 / 0.000       ms
[250.326s][info][gc,stats    ]    Subphase: Concurrent Roots JavaThreads                  0.352 / 0.706         0.360 / 1.258         0.360 / 1.258         0.360 / 1.258       ms
[250.326s][info][gc,stats    ]    Subphase: Concurrent Roots OopStorageSet                0.041 / 0.079         0.031 / 0.124         0.031 / 0.124         0.031 / 0.124       ms
[250.326s][info][gc,stats    ]    Subphase: Concurrent Weak Roots OopStorageSet           0.260 / 0.452         0.306 / 1.123         0.306 / 1.123         0.306 / 1.123       ms
[250.326s][info][gc,stats    ]    Subphase: Pause Mark Try Complete                       0.099 / 0.119         0.179 / 0.301         0.179 / 0.301         0.179 / 0.301       ms
[250.326s][info][gc,stats    ]      System: Java Threads                                     19 / 21               18 / 22               18 / 22               18 / 22          threads
[250.326s][info][gc,stats    ] =========================================================================================================================================================
[250.422s][info][gc,start    ] GC(150) Garbage Collection (Allocation Rate)
[250.422s][info][gc,task     ] GC(150) Using 1 workers
[250.423s][info][gc,phases   ] GC(150) Pause Mark Start 0.008ms
[250.568s][info][gc,phases   ] GC(150) Concurrent Mark 144.893ms
[250.568s][info][gc,phases   ] GC(150) Pause Mark End 0.091ms
[250.568s][info][gc,phases   ] GC(150) Concurrent Mark Free 0.000ms
[250.578s][info][gc,phases   ] GC(150) Concurrent Process Non-Strong References 10.294ms
[250.578s][info][gc,phases   ] GC(150) Concurrent Reset Relocation Set 0.001ms
[250.584s][info][gc,phases   ] GC(150) Concurrent Select Relocation Set 5.834ms
[250.584s][info][gc,phases   ] GC(150) Pause Relocate Start 0.021ms
[250.625s][info][gc,phases   ] GC(150) Concurrent Relocate 40.198ms
[250.625s][info][gc,load     ] GC(150) Load: 0.00/0.00/0.00
[250.625s][info][gc,mmu      ] GC(150) MMU: 2ms/80.5%, 5ms/92.2%, 10ms/96.1%, 20ms/96.3%, 50ms/97.1%, 100ms/97.5%
[250.625s][info][gc,marking  ] GC(150) Mark: 1 stripe(s), 2 proactive flush(es), 3 terminate flush(es), 1 completion(s), 0 continuation(s) 
[250.625s][info][gc,marking  ] GC(150) Mark Stack Usage: 32M
[250.625s][info][gc,nmethod  ] GC(150) NMethods: 4746 registered, 0 unregistered
[250.625s][info][gc,metaspace] GC(150) Metaspace: 33M used, 33M committed, 1088M reserved
[250.625s][info][gc,ref      ] GC(150) Soft: 4016 encountered, 0 discovered, 0 enqueued
[250.625s][info][gc,ref      ] GC(150) Weak: 23902 encountered, 20189 discovered, 4342 enqueued
[250.625s][info][gc,ref      ] GC(150) Final: 7 encountered, 7 discovered, 0 enqueued
[250.625s][info][gc,ref      ] GC(150) Phantom: 720 encountered, 671 discovered, 0 enqueued
[250.625s][info][gc,reloc    ] GC(150) Small Pages: 2288 / 4576M, Empty: 4294M, Relocated: 43M, In-Place: 0
[250.625s][info][gc,reloc    ] GC(150) Medium Pages: 3 / 96M, Empty: 32M, Relocated: 16M, In-Place: 0
[250.625s][info][gc,reloc    ] GC(150) Large Pages: 15 / 104M, Empty: 104M, Relocated: 0M, In-Place: 0
[250.625s][info][gc,reloc    ] GC(150) Forwarding Usage: 13M
[250.625s][info][gc,heap     ] GC(150) Min Capacity: 8192M(100%)
[250.625s][info][gc,heap     ] GC(150) Max Capacity: 8192M(100%)
[250.625s][info][gc,heap     ] GC(150) Soft Max Capacity: 8192M(100%)
[250.625s][info][gc,heap     ] GC(150)                Mark Start          Mark End        Relocate Start      Relocate End           High               Low         
[250.625s][info][gc,heap     ] GC(150)  Capacity:     8192M (100%)       8192M (100%)       8192M (100%)       8192M (100%)       8192M (100%)       8192M (100%)   
[250.625s][info][gc,heap     ] GC(150)      Free:     3416M (42%)        3260M (40%)        7682M (94%)        7774M (95%)        7800M (95%)        3258M (40%)    
[250.625s][info][gc,heap     ] GC(150)      Used:     4776M (58%)        4932M (60%)         510M (6%)          418M (5%)         4934M (60%)         392M (5%)     
[250.625s][info][gc,heap     ] GC(150)      Live:         -               160M (2%)          160M (2%)          160M (2%)             -                  -          
[250.625s][info][gc,heap     ] GC(150) Allocated:         -               156M (2%)          164M (2%)          236M (3%)             -                  -          
[250.625s][info][gc,heap     ] GC(150)   Garbage:         -              4615M (56%)         185M (2%)           20M (0%)             -                  -          
[250.625s][info][gc,heap     ] GC(150) Reclaimed:         -                  -              4430M (54%)        4594M (56%)            -                  -          
[250.625s][info][gc          ] GC(150) Garbage Collection (Allocation Rate) 4776M(58%)->418M(5%)
[255.751s][info][gc,start    ] GC(151) Garbage Collection (System.gc())
[255.751s][info][gc,task     ] GC(151) Using 2 workers
[255.751s][info][gc,phases   ] GC(151) Pause Mark Start 0.005ms
[255.817s][info][gc,phases   ] GC(151) Concurrent Mark 65.916ms
[255.817s][info][gc,phases   ] GC(151) Pause Mark End 0.022ms
[255.817s][info][gc,phases   ] GC(151) Concurrent Mark Free 0.002ms
[255.825s][info][gc,phases   ] GC(151) Concurrent Process Non-Strong References 7.691ms
[255.825s][info][gc,phases   ] GC(151) Concurrent Reset Relocation Set 0.010ms
[255.827s][info][gc,phases   ] GC(151) Concurrent Select Relocation Set 2.331ms
[255.828s][info][gc,phases   ] GC(151) Pause Relocate Start 0.010ms
[255.836s][info][gc,phases   ] GC(151) Concurrent Relocate 8.069ms
[255.836s][info][gc,load     ] GC(151) Load: 0.00/0.00/0.00
[255.836s][info][gc,mmu      ] GC(151) MMU: 2ms/80.5%, 5ms/92.2%, 10ms/96.1%, 20ms/96.3%, 50ms/97.1%, 100ms/97.5%
[255.836s][info][gc,marking  ] GC(151) Mark: 2 stripe(s), 2 proactive flush(es), 1 terminate flush(es), 0 completion(s), 0 continuation(s) 
[255.836s][info][gc,marking  ] GC(151) Mark Stack Usage: 32M
[255.836s][info][gc,nmethod  ] GC(151) NMethods: 4747 registered, 0 unregistered
[255.836s][info][gc,metaspace] GC(151) Metaspace: 33M used, 33M committed, 1088M reserved
[255.836s][info][gc,ref      ] GC(151) Soft: 4016 encountered, 0 discovered, 0 enqueued
[255.836s][info][gc,ref      ] GC(151) Weak: 24273 encountered, 22619 discovered, 22559 enqueued
[255.836s][info][gc,ref      ] GC(151) Final: 7 encountered, 7 discovered, 0 enqueued
[255.836s][info][gc,ref      ] GC(151) Phantom: 714 encountered, 641 discovered, 0 enqueued
[255.836s][info][gc,reloc    ] GC(151) Small Pages: 867 / 1734M, Empty: 1014M, Relocated: 10M, In-Place: 0
[255.836s][info][gc,reloc    ] GC(151) Medium Pages: 23 / 736M, Empty: 640M, Relocated: 16M, In-Place: 0
[255.836s][info][gc,reloc    ] GC(151) Large Pages: 208 / 1452M, Empty: 1452M, Relocated: 0M, In-Place: 0
[255.836s][info][gc,reloc    ] GC(151) Forwarding Usage: 3M
[255.836s][info][gc,heap     ] GC(151) Min Capacity: 8192M(100%)
[255.836s][info][gc,heap     ] GC(151) Max Capacity: 8192M(100%)
[255.836s][info][gc,heap     ] GC(151) Soft Max Capacity: 8192M(100%)
[255.836s][info][gc,heap     ] GC(151)                Mark Start          Mark End        Relocate Start      Relocate End           High               Low         
[255.836s][info][gc,heap     ] GC(151)  Capacity:     8192M (100%)       8192M (100%)       8192M (100%)       8192M (100%)       8192M (100%)       8192M (100%)   
[255.836s][info][gc,heap     ] GC(151)      Free:     4270M (52%)        4270M (52%)        7376M (90%)        8046M (98%)        8046M (98%)        4270M (52%)    
[255.836s][info][gc,heap     ] GC(151)      Used:     3922M (48%)        3922M (48%)         816M (10%)         146M (2%)         3922M (48%)         146M (2%)     
[255.836s][info][gc,heap     ] GC(151)      Live:         -               126M (2%)          126M (2%)          126M (2%)             -                  -          
[255.836s][info][gc,heap     ] GC(151) Allocated:         -                 0M (0%)            0M (0%)            0M (0%)             -                  -          
[255.836s][info][gc,heap     ] GC(151)   Garbage:         -              3795M (46%)         689M (8%)           19M (0%)             -                  -          
[255.836s][info][gc,heap     ] GC(151) Reclaimed:         -                  -              3106M (38%)        3776M (46%)            -                  -          
[255.836s][info][gc          ] GC(151) Garbage Collection (System.gc()) 3922M(48%)->146M(2%)
[256.523s][info][gc,start    ] GC(152) Garbage Collection (Allocation Rate)
[256.523s][info][gc,task     ] GC(152) Using 2 workers
[256.523s][info][gc,phases   ] GC(152) Pause Mark Start 0.008ms
[256.601s][info][gc,phases   ] GC(152) Concurrent Mark 78.184ms
[256.602s][info][gc,phases   ] GC(152) Pause Mark End 0.013ms
[256.602s][info][gc,phases   ] GC(152) Concurrent Mark Free 0.001ms
[256.607s][info][gc,phases   ] GC(152) Concurrent Process Non-Strong References 5.377ms
[256.607s][info][gc,phases   ] GC(152) Concurrent Reset Relocation Set 0.024ms
[256.610s][info][gc,phases   ] GC(152) Concurrent Select Relocation Set 3.282ms
[256.611s][info][gc,phases   ] GC(152) Pause Relocate Start 0.009ms
[256.611s][info][gc,phases   ] GC(152) Concurrent Relocate 0.403ms
[256.611s][info][gc,load     ] GC(152) Load: 0.00/0.00/0.00
[256.611s][info][gc,mmu      ] GC(152) MMU: 2ms/80.5%, 5ms/92.2%, 10ms/96.1%, 20ms/96.3%, 50ms/97.1%, 100ms/97.5%
[256.611s][info][gc,marking  ] GC(152) Mark: 2 stripe(s), 2 proactive flush(es), 1 terminate flush(es), 0 completion(s), 0 continuation(s) 
[256.611s][info][gc,marking  ] GC(152) Mark Stack Usage: 32M
[256.611s][info][gc,nmethod  ] GC(152) NMethods: 4747 registered, 0 unregistered
[256.611s][info][gc,metaspace] GC(152) Metaspace: 33M used, 33M committed, 1088M reserved
[256.611s][info][gc,ref      ] GC(152) Soft: 4016 encountered, 0 discovered, 0 enqueued
[256.611s][info][gc,ref      ] GC(152) Weak: 1729 encountered, 84 discovered, 0 enqueued
[256.611s][info][gc,ref      ] GC(152) Final: 7 encountered, 7 discovered, 0 enqueued
[256.611s][info][gc,ref      ] GC(152) Phantom: 714 encountered, 652 discovered, 0 enqueued
[256.611s][info][gc,reloc    ] GC(152) Small Pages: 2563 / 5126M, Empty: 4992M, Relocated: 0M, In-Place: 0
[256.611s][info][gc,reloc    ] GC(152) Medium Pages: 1 / 32M, Empty: 0M, Relocated: 0M, In-Place: 0
[256.611s][info][gc,reloc    ] GC(152) Large Pages: 0 / 0M, Empty: 0M, Relocated: 0M, In-Place: 0
[256.611s][info][gc,reloc    ] GC(152) Forwarding Usage: 0M
[256.611s][info][gc,heap     ] GC(152) Min Capacity: 8192M(100%)
[256.611s][info][gc,heap     ] GC(152) Max Capacity: 8192M(100%)
[256.611s][info][gc,heap     ] GC(152) Soft Max Capacity: 8192M(100%)
[256.611s][info][gc,heap     ] GC(152)                Mark Start          Mark End        Relocate Start      Relocate End           High               Low         
[256.611s][info][gc,heap     ] GC(152)  Capacity:     8192M (100%)       8192M (100%)       8192M (100%)       8192M (100%)       8192M (100%)       8192M (100%)   
[256.611s][info][gc,heap     ] GC(152)      Free:     3034M (37%)        2652M (32%)        7602M (93%)        7620M (93%)        7620M (93%)        2624M (32%)    
[256.611s][info][gc,heap     ] GC(152)      Used:     5158M (63%)        5540M (68%)         590M (7%)          572M (7%)         5568M (68%)         572M (7%)     
[256.611s][info][gc,heap     ] GC(152)      Live:         -               126M (2%)          126M (2%)          126M (2%)             -                  -          
[256.611s][info][gc,heap     ] GC(152) Allocated:         -               382M (5%)          424M (5%)          424M (5%)             -                  -          
[256.611s][info][gc,heap     ] GC(152)   Garbage:         -              5031M (61%)          39M (0%)           21M (0%)             -                  -          
[256.611s][info][gc,heap     ] GC(152) Reclaimed:         -                  -              4992M (61%)        5010M (61%)            -                  -          
[256.611s][info][gc          ] GC(152) Garbage Collection (Allocation Rate) 5158M(63%)->572M(7%)
[257.621s][info][gc,start    ] GC(153) Garbage Collection (Allocation Rate)
[257.621s][info][gc,task     ] GC(153) Using 1 workers
[257.621s][info][gc,phases   ] GC(153) Pause Mark Start 0.006ms
[257.726s][info][gc,phases   ] GC(153) Concurrent Mark 104.751ms
[257.726s][info][gc,phases   ] GC(153) Pause Mark End 0.015ms
[257.727s][info][gc,phases   ] GC(153) Concurrent Mark Free 0.001ms
[257.736s][info][gc,phases   ] GC(153) Concurrent Process Non-Strong References 9.863ms
[257.737s][info][gc,phases   ] GC(153) Concurrent Reset Relocation Set 0.002ms
[257.739s][info][gc,phases   ] GC(153) Concurrent Select Relocation Set 2.933ms
[257.740s][info][gc,phases   ] GC(153) Pause Relocate Start 0.011ms
[257.740s][info][gc,phases   ] GC(153) Concurrent Relocate 0.416ms
[257.740s][info][gc,load     ] GC(153) Load: 0.00/0.00/0.00
[257.740s][info][gc,mmu      ] GC(153) MMU: 2ms/80.5%, 5ms/92.2%, 10ms/96.1%, 20ms/96.3%, 50ms/97.1%, 100ms/97.5%
[257.740s][info][gc,marking  ] GC(153) Mark: 1 stripe(s), 2 proactive flush(es), 1 terminate flush(es), 0 completion(s), 0 continuation(s) 
[257.740s][info][gc,marking  ] GC(153) Mark Stack Usage: 32M
[257.740s][info][gc,nmethod  ] GC(153) NMethods: 4747 registered, 0 unregistered
[257.740s][info][gc,metaspace] GC(153) Metaspace: 33M used, 33M committed, 1088M reserved
[257.740s][info][gc,ref      ] GC(153) Soft: 4016 encountered, 0 discovered, 0 enqueued
[257.740s][info][gc,ref      ] GC(153) Weak: 1732 encountered, 1284 discovered, 0 enqueued
[257.740s][info][gc,ref      ] GC(153) Final: 7 encountered, 7 discovered, 0 enqueued
[257.740s][info][gc,ref      ] GC(153) Phantom: 714 encountered, 665 discovered, 0 enqueued
[257.740s][info][gc,reloc    ] GC(153) Small Pages: 3095 / 6190M, Empty: 6042M, Relocated: 0M, In-Place: 0
[257.740s][info][gc,reloc    ] GC(153) Medium Pages: 1 / 32M, Empty: 0M, Relocated: 0M, In-Place: 0
[257.740s][info][gc,reloc    ] GC(153) Large Pages: 0 / 0M, Empty: 0M, Relocated: 0M, In-Place: 0
[257.740s][info][gc,reloc    ] GC(153) Forwarding Usage: 0M
[257.740s][info][gc,heap     ] GC(153) Min Capacity: 8192M(100%)
[257.740s][info][gc,heap     ] GC(153) Max Capacity: 8192M(100%)
[257.740s][info][gc,heap     ] GC(153) Soft Max Capacity: 8192M(100%)
[257.740s][info][gc,heap     ] GC(153)                Mark Start          Mark End        Relocate Start      Relocate End           High               Low         
[257.740s][info][gc,heap     ] GC(153)  Capacity:     8192M (100%)       8192M (100%)       8192M (100%)       8192M (100%)       8192M (100%)       8192M (100%)   
[257.740s][info][gc,heap     ] GC(153)      Free:     1970M (24%)        1702M (21%)        7702M (94%)        7734M (94%)        7734M (94%)        1668M (20%)    
[257.740s][info][gc,heap     ] GC(153)      Used:     6222M (76%)        6490M (79%)         490M (6%)          458M (6%)         6524M (80%)         458M (6%)     
[257.740s][info][gc,heap     ] GC(153)      Live:         -               126M (2%)          126M (2%)          126M (2%)             -                  -          
[257.740s][info][gc,heap     ] GC(153) Allocated:         -               268M (3%)          310M (4%)          311M (4%)             -                  -          
[257.740s][info][gc,heap     ] GC(153)   Garbage:         -              6095M (74%)          53M (1%)           19M (0%)             -                  -          
[257.740s][info][gc,heap     ] GC(153) Reclaimed:         -                  -              6042M (74%)        6075M (74%)            -                  -          
[257.740s][info][gc          ] GC(153) Garbage Collection (Allocation Rate) 6222M(76%)->458M(6%)
[260.321s][info][gc,stats    ] === Garbage Collection Statistics =======================================================================================================================
[260.322s][info][gc,stats    ]                                                              Last 10s              Last 10m              Last 10h                Total
[260.322s][info][gc,stats    ]                                                              Avg / Max             Avg / Max             Avg / Max             Avg / Max
[260.322s][info][gc,stats    ]   Collector: Garbage Collection Cycle                    123.584 / 202.213     126.240 / 379.439     126.240 / 379.439     126.240 / 379.439     ms
[260.322s][info][gc,stats    ]  Contention: Mark Segment Reset Contention                     0 / 0                 0 / 115               0 / 115               0 / 115         ops/s
[260.322s][info][gc,stats    ]  Contention: Mark SeqNum Reset Contention                      0 / 0                 0 / 2                 0 / 2                 0 / 2           ops/s
[260.322s][info][gc,stats    ]    Critical: Allocation Stall                                  0 / 0                 0 / 0                 0 / 0                 0 / 0           ops/s
[260.322s][info][gc,stats    ]    Critical: Allocation Stall                              0.000 / 0.000         0.000 / 0.000         0.000 / 0.000         0.000 / 0.000       ms
[260.322s][info][gc,stats    ]    Critical: GC Locker Stall                                   0 / 0                 0 / 0                 0 / 0                 0 / 0           ops/s
[260.322s][info][gc,stats    ]    Critical: GC Locker Stall                               0.000 / 0.000         0.000 / 0.000         0.000 / 0.000         0.000 / 0.000       ms
[260.322s][info][gc,stats    ]    Critical: Relocation Stall                                  0 / 0                 0 / 0                 0 / 0                 0 / 0           ops/s
[260.322s][info][gc,stats    ]    Critical: Relocation Stall                              0.000 / 0.000         0.000 / 0.000         0.000 / 0.000         0.000 / 0.000       ms
[260.322s][info][gc,stats    ]      Memory: Allocation Rate                                2099 / 5846           2743 / 6636           2743 / 6636           2743 / 6636        MB/s
[260.322s][info][gc,stats    ]      Memory: Out Of Memory                                     0 / 0                 0 / 0                 0 / 0                 0 / 0           ops/s
[260.322s][info][gc,stats    ]      Memory: Page Cache Flush                                  0 / 0                82 / 664              82 / 664              82 / 664         MB/s
[260.322s][info][gc,stats    ]      Memory: Page Cache Hit L1                               891 / 2925           1170 / 3321           1170 / 3321           1170 / 3321        ops/s
[260.322s][info][gc,stats    ]      Memory: Page Cache Hit L2                                 0 / 0                 0 / 0                 0 / 0                 0 / 0           ops/s
[260.322s][info][gc,stats    ]      Memory: Page Cache Hit L3                                20 / 202              44 / 635              44 / 635              44 / 635         ops/s
[260.322s][info][gc,stats    ]      Memory: Page Cache Miss                                   0 / 0                 8 / 70                8 / 70                8 / 70          ops/s
[260.322s][info][gc,stats    ]      Memory: Uncommit                                          0 / 0                 0 / 0                 0 / 0                 0 / 0           MB/s
[260.322s][info][gc,stats    ]      Memory: Undo Object Allocation Failed                     0 / 0                 0 / 1                 0 / 1                 0 / 1           ops/s
[260.322s][info][gc,stats    ]      Memory: Undo Object Allocation Succeeded                  0 / 1                 0 / 94                0 / 94                0 / 94          ops/s
[260.322s][info][gc,stats    ]      Memory: Undo Page Allocation                              0 / 3                 0 / 8                 0 / 8                 0 / 8           ops/s
[260.322s][info][gc,stats    ]       Phase: Concurrent Mark                              98.436 / 144.893      99.327 / 190.432      99.327 / 190.432      99.327 / 190.432     ms
[260.322s][info][gc,stats    ]       Phase: Concurrent Mark Continue                      0.000 / 0.000        15.374 / 35.578       15.374 / 35.578       15.374 / 35.578      ms
[260.322s][info][gc,stats    ]       Phase: Concurrent Mark Free                          0.001 / 0.002         0.001 / 0.004         0.001 / 0.004         0.001 / 0.004       ms
[260.322s][info][gc,stats    ]       Phase: Concurrent Process Non-Strong References      8.306 / 10.294        8.206 / 31.000        8.206 / 31.000        8.206 / 31.000      ms
[260.322s][info][gc,stats    ]       Phase: Concurrent Relocate                          12.271 / 40.198        9.467 / 76.380        9.467 / 76.380        9.467 / 76.380      ms
[260.322s][info][gc,stats    ]       Phase: Concurrent Reset Relocation Set               0.009 / 0.024         0.010 / 0.049         0.010 / 0.049         0.010 / 0.049       ms
[260.322s][info][gc,stats    ]       Phase: Concurrent Select Relocation Set              3.595 / 5.834         3.542 / 10.958        3.542 / 10.958        3.542 / 10.958      ms
[260.322s][info][gc,stats    ]       Phase: Pause Mark End                                0.035 / 0.091         0.063 / 0.390         0.063 / 0.390         0.063 / 0.390       ms
[260.322s][info][gc,stats    ]       Phase: Pause Mark Start                              0.007 / 0.008         0.008 / 0.022         0.008 / 0.022         0.008 / 0.022       ms
[260.322s][info][gc,stats    ]       Phase: Pause Relocate Start                          0.013 / 0.021         0.010 / 0.037         0.010 / 0.037         0.010 / 0.037       ms
[260.322s][info][gc,stats    ]    Subphase: Concurrent Classes Purge                      0.249 / 0.366         0.244 / 0.574         0.244 / 0.574         0.244 / 0.574       ms
[260.322s][info][gc,stats    ]    Subphase: Concurrent Classes Unlink                     6.193 / 8.792         5.720 / 23.760        5.720 / 23.760        5.720 / 23.760      ms
[260.322s][info][gc,stats    ]    Subphase: Concurrent Mark                              85.632 / 144.138      74.207 / 189.582      74.207 / 189.582      74.207 / 189.582     ms
[260.322s][info][gc,stats    ]    Subphase: Concurrent Mark Try Flush                     0.105 / 0.381         0.556 / 30.486        0.556 / 30.486        0.556 / 30.486      ms
[260.322s][info][gc,stats    ]    Subphase: Concurrent Mark Try Terminate                 2.224 / 16.737        3.276 / 16.837        3.276 / 16.837        3.276 / 16.837      ms
[260.322s][info][gc,stats    ]    Subphase: Concurrent References Enqueue                 0.003 / 0.007         0.003 / 0.008         0.003 / 0.008         0.003 / 0.008       ms
[260.322s][info][gc,stats    ]    Subphase: Concurrent References Process                 1.310 / 2.802         0.985 / 3.217         0.985 / 3.217         0.985 / 3.217       ms
[260.322s][info][gc,stats    ]    Subphase: Concurrent Roots ClassLoaderDataGraph         0.099 / 0.201         0.110 / 0.537         0.110 / 0.537         0.110 / 0.537       ms
[260.322s][info][gc,stats    ]    Subphase: Concurrent Roots CodeCache                    0.000 / 0.000         0.000 / 0.000         0.000 / 0.000         0.000 / 0.000       ms
[260.322s][info][gc,stats    ]    Subphase: Concurrent Roots JavaThreads                  0.333 / 0.453         0.360 / 1.258         0.360 / 1.258         0.360 / 1.258       ms
[260.322s][info][gc,stats    ]    Subphase: Concurrent Roots OopStorageSet                0.026 / 0.039         0.031 / 0.124         0.031 / 0.124         0.031 / 0.124       ms
[260.322s][info][gc,stats    ]    Subphase: Concurrent Weak Roots OopStorageSet           0.344 / 0.689         0.307 / 1.123         0.307 / 1.123         0.307 / 1.123       ms
[260.322s][info][gc,stats    ]    Subphase: Pause Mark Try Complete                       0.026 / 0.026         0.177 / 0.301         0.177 / 0.301         0.177 / 0.301       ms
[260.322s][info][gc,stats    ]      System: Java Threads                                     19 / 21               18 / 22               18 / 22               18 / 22          threads
[260.322s][info][gc,stats    ] =========================================================================================================================================================
[262.829s][info][gc,start    ] GC(154) Garbage Collection (High Usage)
[262.829s][info][gc,task     ] GC(154) Using 2 workers
[262.829s][info][gc,phases   ] GC(154) Pause Mark Start 0.020ms
[262.903s][info][gc,phases   ] GC(154) Concurrent Mark 63.188ms
[262.904s][info][gc,phases   ] GC(154) Pause Mark End 0.222ms
[262.904s][info][gc,phases   ] GC(154) Concurrent Mark Free 0.001ms
[262.910s][info][gc,phases   ] GC(154) Concurrent Process Non-Strong References 5.459ms
[262.910s][info][gc,phases   ] GC(154) Concurrent Reset Relocation Set 0.003ms
[262.923s][info][gc,phases   ] GC(154) Concurrent Select Relocation Set 13.402ms
[262.923s][info][gc,phases   ] GC(154) Pause Relocate Start 0.008ms
[262.943s][info][gc,phases   ] GC(154) Concurrent Relocate 19.768ms
[262.943s][info][gc,load     ] GC(154) Load: 0.00/0.00/0.00
[262.943s][info][gc,mmu      ] GC(154) MMU: 2ms/80.5%, 5ms/92.2%, 10ms/96.1%, 20ms/96.3%, 50ms/97.1%, 100ms/97.5%
[262.943s][info][gc,marking  ] GC(154) Mark: 2 stripe(s), 2 proactive flush(es), 1 terminate flush(es), 1 completion(s), 0 continuation(s) 
[262.943s][info][gc,marking  ] GC(154) Mark Stack Usage: 32M
[262.943s][info][gc,nmethod  ] GC(154) NMethods: 4749 registered, 0 unregistered
[262.943s][info][gc,metaspace] GC(154) Metaspace: 33M used, 33M committed, 1088M reserved
[262.943s][info][gc,ref      ] GC(154) Soft: 4016 encountered, 0 discovered, 0 enqueued
[262.943s][info][gc,ref      ] GC(154) Weak: 20912 encountered, 17629 discovered, 12723 enqueued
[262.943s][info][gc,ref      ] GC(154) Final: 7 encountered, 5 discovered, 0 enqueued
[262.943s][info][gc,ref      ] GC(154) Phantom: 719 encountered, 648 discovered, 0 enqueued
[262.943s][info][gc,reloc    ] GC(154) Small Pages: 2723 / 5446M, Empty: 4720M, Relocated: 29M, In-Place: 0
[262.943s][info][gc,reloc    ] GC(154) Medium Pages: 25 / 800M, Empty: 736M, Relocated: 16M, In-Place: 0
[262.943s][info][gc,reloc    ] GC(154) Large Pages: 221 / 1534M, Empty: 1526M, Relocated: 0M, In-Place: 0
[262.943s][info][gc,reloc    ] GC(154) Forwarding Usage: 9M
[262.943s][info][gc,heap     ] GC(154) Min Capacity: 8192M(100%)
[262.943s][info][gc,heap     ] GC(154) Max Capacity: 8192M(100%)
[262.943s][info][gc,heap     ] GC(154) Soft Max Capacity: 8192M(100%)
[262.943s][info][gc,heap     ] GC(154)                Mark Start          Mark End        Relocate Start      Relocate End           High               Low         
[262.943s][info][gc,heap     ] GC(154)  Capacity:     8192M (100%)       8192M (100%)       8192M (100%)       8192M (100%)       8192M (100%)       8192M (100%)   
[262.943s][info][gc,heap     ] GC(154)      Free:      412M (5%)          340M (4%)         7312M (89%)        7914M (97%)        7914M (97%)         340M (4%)     
[262.943s][info][gc,heap     ] GC(154)      Used:     7780M (95%)        7852M (96%)         880M (11%)         278M (3%)         7852M (96%)         278M (3%)     
[262.943s][info][gc,heap     ] GC(154)      Live:         -               153M (2%)          153M (2%)          153M (2%)             -                  -          
[262.944s][info][gc,heap     ] GC(154) Allocated:         -                72M (1%)           82M (1%)          100M (1%)             -                  -          
[262.944s][info][gc,heap     ] GC(154)   Garbage:         -              7626M (93%)         644M (8%)           23M (0%)             -                  -          
[262.944s][info][gc,heap     ] GC(154) Reclaimed:         -                  -              6982M (85%)        7602M (93%)            -                  -          
[262.944s][info][gc          ] GC(154) Garbage Collection (High Usage) 7780M(95%)->278M(3%)
[263.434s][info][gc,start    ] GC(155) Garbage Collection (System.gc())
[263.434s][info][gc,task     ] GC(155) Using 2 workers
[263.434s][info][gc,phases   ] GC(155) Pause Mark Start 0.005ms
[263.494s][info][gc,phases   ] GC(155) Concurrent Mark 59.447ms
[263.494s][info][gc,phases   ] GC(155) Pause Mark End 0.023ms
[263.494s][info][gc,phases   ] GC(155) Concurrent Mark Free 0.002ms
[263.501s][info][gc,phases   ] GC(155) Concurrent Process Non-Strong References 7.256ms
[263.501s][info][gc,phases   ] GC(155) Concurrent Reset Relocation Set 0.023ms
[263.504s][info][gc,phases   ] GC(155) Concurrent Select Relocation Set 2.191ms
[263.504s][info][gc,phases   ] GC(155) Pause Relocate Start 0.010ms
[263.510s][info][gc,phases   ] GC(155) Concurrent Relocate 6.427ms
[263.510s][info][gc,load     ] GC(155) Load: 0.00/0.00/0.00
[263.510s][info][gc,mmu      ] GC(155) MMU: 2ms/80.5%, 5ms/92.2%, 10ms/96.1%, 20ms/96.3%, 50ms/97.1%, 100ms/97.5%
[263.510s][info][gc,marking  ] GC(155) Mark: 2 stripe(s), 1 proactive flush(es), 1 terminate flush(es), 0 completion(s), 0 continuation(s) 
[263.510s][info][gc,marking  ] GC(155) Mark Stack Usage: 32M
[263.510s][info][gc,nmethod  ] GC(155) NMethods: 4750 registered, 0 unregistered
[263.510s][info][gc,metaspace] GC(155) Metaspace: 33M used, 33M committed, 1088M reserved
[263.510s][info][gc,ref      ] GC(155) Soft: 4016 encountered, 0 discovered, 0 enqueued
[263.510s][info][gc,ref      ] GC(155) Weak: 23908 encountered, 22255 discovered, 22194 enqueued
[263.510s][info][gc,ref      ] GC(155) Final: 7 encountered, 7 discovered, 0 enqueued
[263.510s][info][gc,ref      ] GC(155) Phantom: 714 encountered, 619 discovered, 0 enqueued
[263.510s][info][gc,reloc    ] GC(155) Small Pages: 206 / 412M, Empty: 36M, Relocated: 10M, In-Place: 0
[263.510s][info][gc,reloc    ] GC(155) Medium Pages: 5 / 160M, Empty: 96M, Relocated: 15M, In-Place: 0
[263.510s][info][gc,reloc    ] GC(155) Large Pages: 32 / 222M, Empty: 222M, Relocated: 0M, In-Place: 0
[263.510s][info][gc,reloc    ] GC(155) Forwarding Usage: 3M
[263.510s][info][gc,heap     ] GC(155) Min Capacity: 8192M(100%)
[263.510s][info][gc,heap     ] GC(155) Max Capacity: 8192M(100%)
[263.510s][info][gc,heap     ] GC(155) Soft Max Capacity: 8192M(100%)
[263.510s][info][gc,heap     ] GC(155)                Mark Start          Mark End        Relocate Start      Relocate End           High               Low         
[263.510s][info][gc,heap     ] GC(155)  Capacity:     8192M (100%)       8192M (100%)       8192M (100%)       8192M (100%)       8192M (100%)       8192M (100%)   
[263.510s][info][gc,heap     ] GC(155)      Free:     7398M (90%)        7398M (90%)        7752M (95%)        8046M (98%)        8046M (98%)        7398M (90%)    
[263.510s][info][gc,heap     ] GC(155)      Used:      794M (10%)         794M (10%)         440M (5%)          146M (2%)          794M (10%)         146M (2%)     
[263.510s][info][gc,heap     ] GC(155)      Live:         -               125M (2%)          125M (2%)          125M (2%)             -                  -          
[263.510s][info][gc,heap     ] GC(155) Allocated:         -                 0M (0%)            0M (0%)            0M (0%)             -                  -          
[263.510s][info][gc,heap     ] GC(155)   Garbage:         -               668M (8%)          314M (4%)           20M (0%)             -                  -          
[263.510s][info][gc,heap     ] GC(155) Reclaimed:         -                  -               354M (4%)          648M (8%)             -                  -          
[263.510s][info][gc          ] GC(155) Garbage Collection (System.gc()) 794M(10%)->146M(2%)
[264.122s][info][gc,start    ] GC(156) Garbage Collection (Allocation Rate)
[264.122s][info][gc,task     ] GC(156) Using 2 workers
[264.122s][info][gc,phases   ] GC(156) Pause Mark Start 0.006ms
[264.216s][info][gc,phases   ] GC(156) Concurrent Mark 78.454ms
[264.216s][info][gc,phases   ] GC(156) Pause Mark End 0.014ms
[264.216s][info][gc,phases   ] GC(156) Concurrent Mark Free 0.001ms
[264.221s][info][gc,phases   ] GC(156) Concurrent Process Non-Strong References 4.753ms
[264.221s][info][gc,phases   ] GC(156) Concurrent Reset Relocation Set 0.011ms
[264.224s][info][gc,phases   ] GC(156) Concurrent Select Relocation Set 3.288ms
[264.225s][info][gc,phases   ] GC(156) Pause Relocate Start 0.012ms
[264.225s][info][gc,phases   ] GC(156) Concurrent Relocate 0.532ms
[264.225s][info][gc,load     ] GC(156) Load: 0.00/0.00/0.00
[264.225s][info][gc,mmu      ] GC(156) MMU: 2ms/80.5%, 5ms/92.2%, 10ms/96.1%, 20ms/96.3%, 50ms/97.1%, 100ms/97.5%
[264.225s][info][gc,marking  ] GC(156) Mark: 2 stripe(s), 2 proactive flush(es), 1 terminate flush(es), 0 completion(s), 0 continuation(s) 
[264.225s][info][gc,marking  ] GC(156) Mark Stack Usage: 32M
[264.225s][info][gc,nmethod  ] GC(156) NMethods: 4752 registered, 0 unregistered
[264.225s][info][gc,metaspace] GC(156) Metaspace: 33M used, 33M committed, 1088M reserved
[264.225s][info][gc,ref      ] GC(156) Soft: 4016 encountered, 0 discovered, 0 enqueued
[264.225s][info][gc,ref      ] GC(156) Weak: 1732 encountered, 63 discovered, 0 enqueued
[264.225s][info][gc,ref      ] GC(156) Final: 7 encountered, 7 discovered, 0 enqueued
[264.225s][info][gc,ref      ] GC(156) Phantom: 714 encountered, 689 discovered, 0 enqueued
[264.225s][info][gc,reloc    ] GC(156) Small Pages: 2303 / 4606M, Empty: 4468M, Relocated: 0M, In-Place: 0
[264.225s][info][gc,reloc    ] GC(156) Medium Pages: 1 / 32M, Empty: 0M, Relocated: 0M, In-Place: 0
[264.225s][info][gc,reloc    ] GC(156) Large Pages: 0 / 0M, Empty: 0M, Relocated: 0M, In-Place: 0
[264.225s][info][gc,reloc    ] GC(156) Forwarding Usage: 0M
[264.225s][info][gc,heap     ] GC(156) Min Capacity: 8192M(100%)
[264.225s][info][gc,heap     ] GC(156) Max Capacity: 8192M(100%)
[264.225s][info][gc,heap     ] GC(156) Soft Max Capacity: 8192M(100%)
[264.225s][info][gc,heap     ] GC(156)                Mark Start          Mark End        Relocate Start      Relocate End           High               Low         
[264.225s][info][gc,heap     ] GC(156)  Capacity:     8192M (100%)       8192M (100%)       8192M (100%)       8192M (100%)       8192M (100%)       8192M (100%)   
[264.225s][info][gc,heap     ] GC(156)      Free:     3554M (43%)        3004M (37%)        7456M (91%)        7478M (91%)        7478M (91%)        2992M (37%)    
[264.225s][info][gc,heap     ] GC(156)      Used:     4638M (57%)        5188M (63%)         736M (9%)          714M (9%)         5200M (63%)         714M (9%)     
[264.225s][info][gc,heap     ] GC(156)      Live:         -               125M (2%)          125M (2%)          125M (2%)             -                  -          
[264.225s][info][gc,heap     ] GC(156) Allocated:         -               550M (7%)          566M (7%)          565M (7%)             -                  -          
[264.225s][info][gc,heap     ] GC(156)   Garbage:         -              4512M (55%)          44M (1%)           22M (0%)             -                  -          
[264.225s][info][gc,heap     ] GC(156) Reclaimed:         -                  -              4468M (55%)        4489M (55%)            -                  -          
[264.225s][info][gc          ] GC(156) Garbage Collection (Allocation Rate) 4638M(57%)->714M(9%)
[265.031s][info][gc,start    ] GC(157) Garbage Collection (Allocation Rate)
[265.032s][info][gc,task     ] GC(157) Using 1 workers
[265.032s][info][gc,phases   ] GC(157) Pause Mark Start 0.008ms
[265.173s][info][gc,phases   ] GC(157) Concurrent Mark 141.195ms
[265.173s][info][gc,phases   ] GC(157) Pause Mark End 0.012ms
[265.173s][info][gc,phases   ] GC(157) Concurrent Mark Free 0.001ms
[265.184s][info][gc,phases   ] GC(157) Concurrent Process Non-Strong References 10.740ms
[265.184s][info][gc,phases   ] GC(157) Concurrent Reset Relocation Set 0.003ms
[265.187s][info][gc,phases   ] GC(157) Concurrent Select Relocation Set 2.788ms
[265.187s][info][gc,phases   ] GC(157) Pause Relocate Start 0.007ms
[265.188s][info][gc,phases   ] GC(157) Concurrent Relocate 0.630ms
[265.188s][info][gc,load     ] GC(157) Load: 0.00/0.00/0.00
[265.188s][info][gc,mmu      ] GC(157) MMU: 2ms/80.5%, 5ms/92.2%, 10ms/96.1%, 20ms/96.3%, 50ms/97.1%, 100ms/97.5%
[265.188s][info][gc,marking  ] GC(157) Mark: 1 stripe(s), 2 proactive flush(es), 1 terminate flush(es), 0 completion(s), 0 continuation(s) 
[265.188s][info][gc,marking  ] GC(157) Mark Stack Usage: 32M
[265.188s][info][gc,nmethod  ] GC(157) NMethods: 4752 registered, 0 unregistered
[265.188s][info][gc,metaspace] GC(157) Metaspace: 33M used, 33M committed, 1088M reserved
[265.188s][info][gc,ref      ] GC(157) Soft: 4016 encountered, 0 discovered, 0 enqueued
[265.188s][info][gc,ref      ] GC(157) Weak: 1732 encountered, 1284 discovered, 0 enqueued
[265.188s][info][gc,ref      ] GC(157) Final: 7 encountered, 7 discovered, 0 enqueued
[265.188s][info][gc,ref      ] GC(157) Phantom: 714 encountered, 665 discovered, 0 enqueued
[265.188s][info][gc,reloc    ] GC(157) Small Pages: 2593 / 5186M, Empty: 5046M, Relocated: 0M, In-Place: 0
[265.188s][info][gc,reloc    ] GC(157) Medium Pages: 1 / 32M, Empty: 0M, Relocated: 0M, In-Place: 0
[265.188s][info][gc,reloc    ] GC(157) Large Pages: 0 / 0M, Empty: 0M, Relocated: 0M, In-Place: 0
[265.188s][info][gc,reloc    ] GC(157) Forwarding Usage: 0M
[265.188s][info][gc,heap     ] GC(157) Min Capacity: 8192M(100%)
[265.188s][info][gc,heap     ] GC(157) Max Capacity: 8192M(100%)
[265.188s][info][gc,heap     ] GC(157) Soft Max Capacity: 8192M(100%)
[265.188s][info][gc,heap     ] GC(157)                Mark Start          Mark End        Relocate Start      Relocate End           High               Low         
[265.188s][info][gc,heap     ] GC(157)  Capacity:     8192M (100%)       8192M (100%)       8192M (100%)       8192M (100%)       8192M (100%)       8192M (100%)   
[265.188s][info][gc,heap     ] GC(157)      Free:     2974M (36%)        2244M (27%)        7240M (88%)        7260M (89%)        7262M (89%)        2206M (27%)    
[265.188s][info][gc,heap     ] GC(157)      Used:     5218M (64%)        5948M (73%)         952M (12%)         932M (11%)        5986M (73%)         930M (11%)    
[265.188s][info][gc,heap     ] GC(157)      Live:         -               125M (2%)          125M (2%)          125M (2%)             -                  -          
[265.188s][info][gc,heap     ] GC(157) Allocated:         -               730M (9%)          780M (10%)         785M (10%)            -                  -          
[265.188s][info][gc,heap     ] GC(157)   Garbage:         -              5092M (62%)          46M (1%)           20M (0%)             -                  -          
[265.188s][info][gc,heap     ] GC(157) Reclaimed:         -                  -              5046M (62%)        5071M (62%)            -                  -          
[265.188s][info][gc          ] GC(157) Garbage Collection (Allocation Rate) 5218M(64%)->932M(11%)
[266.322s][info][gc,start    ] GC(158) Garbage Collection (Allocation Rate)
[266.322s][info][gc,task     ] GC(158) Using 1 workers
[266.323s][info][gc,phases   ] GC(158) Pause Mark Start 0.011ms
[266.450s][info][gc,phases   ] GC(158) Concurrent Mark 127.484ms
[266.450s][info][gc,phases   ] GC(158) Pause Mark End 0.010ms
[266.450s][info][gc,phases   ] GC(158) Concurrent Mark Free 0.001ms
[266.460s][info][gc,phases   ] GC(158) Concurrent Process Non-Strong References 9.256ms
[266.460s][info][gc,phases   ] GC(158) Concurrent Reset Relocation Set 0.002ms
[266.466s][info][gc,phases   ] GC(158) Concurrent Select Relocation Set 6.064ms
[266.466s][info][gc,phases   ] GC(158) Pause Relocate Start 0.017ms
[266.497s][info][gc,phases   ] GC(158) Concurrent Relocate 30.373ms
[266.497s][info][gc,load     ] GC(158) Load: 0.00/0.00/0.00
[266.497s][info][gc,mmu      ] GC(158) MMU: 2ms/80.5%, 5ms/92.2%, 10ms/96.1%, 20ms/96.3%, 50ms/97.1%, 100ms/97.5%
[266.497s][info][gc,marking  ] GC(158) Mark: 1 stripe(s), 2 proactive flush(es), 2 terminate flush(es), 0 completion(s), 0 continuation(s) 
[266.497s][info][gc,marking  ] GC(158) Mark Stack Usage: 32M
[266.497s][info][gc,nmethod  ] GC(158) NMethods: 4754 registered, 0 unregistered
[266.497s][info][gc,metaspace] GC(158) Metaspace: 33M used, 33M committed, 1088M reserved
[266.497s][info][gc,ref      ] GC(158) Soft: 4016 encountered, 0 discovered, 0 enqueued
[266.497s][info][gc,ref      ] GC(158) Weak: 22582 encountered, 18551 discovered, 3387 enqueued
[266.497s][info][gc,ref      ] GC(158) Final: 7 encountered, 7 discovered, 0 enqueued
[266.497s][info][gc,ref      ] GC(158) Phantom: 720 encountered, 671 discovered, 0 enqueued
[266.497s][info][gc,reloc    ] GC(158) Small Pages: 2753 / 5506M, Empty: 5256M, Relocated: 38M, In-Place: 0
[266.497s][info][gc,reloc    ] GC(158) Medium Pages: 3 / 96M, Empty: 64M, Relocated: 0M, In-Place: 0
[266.497s][info][gc,reloc    ] GC(158) Large Pages: 12 / 82M, Empty: 82M, Relocated: 0M, In-Place: 0
[266.497s][info][gc,reloc    ] GC(158) Forwarding Usage: 11M
[266.497s][info][gc,heap     ] GC(158) Min Capacity: 8192M(100%)
[266.497s][info][gc,heap     ] GC(158) Max Capacity: 8192M(100%)
[266.497s][info][gc,heap     ] GC(158) Soft Max Capacity: 8192M(100%)
[266.497s][info][gc,heap     ] GC(158)                Mark Start          Mark End        Relocate Start      Relocate End           High               Low         
[266.497s][info][gc,heap     ] GC(158)  Capacity:     8192M (100%)       8192M (100%)       8192M (100%)       8192M (100%)       8192M (100%)       8192M (100%)   
[266.497s][info][gc,heap     ] GC(158)      Free:     2508M (31%)        2352M (29%)        7744M (95%)        7826M (96%)        7826M (96%)        2348M (29%)    
[266.497s][info][gc,heap     ] GC(158)      Used:     5684M (69%)        5840M (71%)         448M (5%)          366M (4%)         5844M (71%)         366M (4%)     
[266.497s][info][gc,heap     ] GC(158)      Live:         -               152M (2%)          152M (2%)          152M (2%)             -                  -          
[266.497s][info][gc,heap     ] GC(158) Allocated:         -               156M (2%)          166M (2%)          190M (2%)             -                  -          
[266.497s][info][gc,heap     ] GC(158)   Garbage:         -              5531M (68%)         129M (2%)           22M (0%)             -                  -          
[266.497s][info][gc,heap     ] GC(158) Reclaimed:         -                  -              5402M (66%)        5508M (67%)            -                  -          
[266.497s][info][gc          ] GC(158) Garbage Collection (Allocation Rate) 5684M(69%)->366M(4%)
[269.870s][info][gc,start    ] GC(159) Garbage Collection (System.gc())
[269.870s][info][gc,task     ] GC(159) Using 2 workers
[269.870s][info][gc,phases   ] GC(159) Pause Mark Start 0.005ms
[269.927s][info][gc,phases   ] GC(159) Concurrent Mark 56.569ms
[269.927s][info][gc,phases   ] GC(159) Pause Mark End 0.016ms
[269.927s][info][gc,phases   ] GC(159) Concurrent Mark Free 0.002ms
[269.932s][info][gc,phases   ] GC(159) Concurrent Process Non-Strong References 5.382ms
[269.932s][info][gc,phases   ] GC(159) Concurrent Reset Relocation Set 0.009ms
[269.935s][info][gc,phases   ] GC(159) Concurrent Select Relocation Set 2.423ms
[269.935s][info][gc,phases   ] GC(159) Pause Relocate Start 0.010ms
[269.942s][info][gc,phases   ] GC(159) Concurrent Relocate 7.271ms
[269.942s][info][gc,load     ] GC(159) Load: 0.00/0.00/0.00
[269.942s][info][gc,mmu      ] GC(159) MMU: 2ms/80.5%, 5ms/92.2%, 10ms/96.1%, 20ms/96.3%, 50ms/97.1%, 100ms/97.5%
[269.942s][info][gc,marking  ] GC(159) Mark: 2 stripe(s), 1 proactive flush(es), 1 terminate flush(es), 0 completion(s), 0 continuation(s) 
[269.942s][info][gc,marking  ] GC(159) Mark Stack Usage: 32M
[269.942s][info][gc,nmethod  ] GC(159) NMethods: 4761 registered, 0 unregistered
[269.942s][info][gc,metaspace] GC(159) Metaspace: 33M used, 33M committed, 1088M reserved
[269.942s][info][gc,ref      ] GC(159) Soft: 4016 encountered, 0 discovered, 0 enqueued
[269.942s][info][gc,ref      ] GC(159) Weak: 22620 encountered, 20951 discovered, 20906 enqueued
[269.942s][info][gc,ref      ] GC(159) Final: 7 encountered, 5 discovered, 0 enqueued
[269.942s][info][gc,ref      ] GC(159) Phantom: 714 encountered, 651 discovered, 0 enqueued
[269.942s][info][gc,reloc    ] GC(159) Small Pages: 945 / 1890M, Empty: 1214M, Relocated: 9M, In-Place: 0
[269.942s][info][gc,reloc    ] GC(159) Medium Pages: 28 / 896M, Empty: 832M, Relocated: 15M, In-Place: 0
[269.942s][info][gc,reloc    ] GC(159) Large Pages: 255 / 1778M, Empty: 1778M, Relocated: 0M, In-Place: 0
[269.942s][info][gc,reloc    ] GC(159) Forwarding Usage: 3M
[269.942s][info][gc,heap     ] GC(159) Min Capacity: 8192M(100%)
[269.942s][info][gc,heap     ] GC(159) Max Capacity: 8192M(100%)
[269.942s][info][gc,heap     ] GC(159) Soft Max Capacity: 8192M(100%)
[269.942s][info][gc,heap     ] GC(159)                Mark Start          Mark End        Relocate Start      Relocate End           High               Low         
[269.942s][info][gc,heap     ] GC(159)  Capacity:     8192M (100%)       8192M (100%)       8192M (100%)       8192M (100%)       8192M (100%)       8192M (100%)   
[269.942s][info][gc,heap     ] GC(159)      Free:     3628M (44%)        3628M (44%)        7452M (91%)        8046M (98%)        8046M (98%)        3628M (44%)    
[269.942s][info][gc,heap     ] GC(159)      Used:     4564M (56%)        4564M (56%)         740M (9%)          146M (2%)         4564M (56%)         146M (2%)     
[269.942s][info][gc,heap     ] GC(159)      Live:         -               124M (2%)          124M (2%)          124M (2%)             -                  -          
[269.942s][info][gc,heap     ] GC(159) Allocated:         -                 0M (0%)            0M (0%)            0M (0%)             -                  -          
[269.942s][info][gc,heap     ] GC(159)   Garbage:         -              4439M (54%)         615M (8%)           21M (0%)             -                  -          
[269.942s][info][gc,heap     ] GC(159) Reclaimed:         -                  -              3824M (47%)        4418M (54%)            -                  -          
[269.943s][info][gc          ] GC(159) Garbage Collection (System.gc()) 4564M(56%)->146M(2%)
[270.335s][info][gc,stats    ] === Garbage Collection Statistics =======================================================================================================================
[270.335s][info][gc,stats    ]                                                              Last 10s              Last 10m              Last 10h                Total
[270.335s][info][gc,stats    ]                                                              Avg / Max             Avg / Max             Avg / Max             Avg / Max
[270.335s][info][gc,stats    ]   Collector: Garbage Collection Cycle                    116.173 / 174.272     125.862 / 379.439     125.862 / 379.439     125.862 / 379.439     ms
[270.335s][info][gc,stats    ]  Contention: Mark Segment Reset Contention                     0 / 3                 0 / 115               0 / 115               0 / 115         ops/s
[270.335s][info][gc,stats    ]  Contention: Mark SeqNum Reset Contention                      0 / 0                 0 / 2                 0 / 2                 0 / 2           ops/s
[270.335s][info][gc,stats    ]    Critical: Allocation Stall                                  0 / 0                 0 / 0                 0 / 0                 0 / 0           ops/s
[270.335s][info][gc,stats    ]    Critical: Allocation Stall                              0.000 / 0.000         0.000 / 0.000         0.000 / 0.000         0.000 / 0.000       ms
[270.335s][info][gc,stats    ]    Critical: GC Locker Stall                                   0 / 0                 0 / 0                 0 / 0                 0 / 0           ops/s
[270.335s][info][gc,stats    ]    Critical: GC Locker Stall                               0.000 / 0.000         0.000 / 0.000         0.000 / 0.000         0.000 / 0.000       ms
[270.335s][info][gc,stats    ]    Critical: Relocation Stall                                  0 / 0                 0 / 0                 0 / 0                 0 / 0           ops/s
[270.335s][info][gc,stats    ]    Critical: Relocation Stall                              0.000 / 0.000         0.000 / 0.000         0.000 / 0.000         0.000 / 0.000       ms
[270.335s][info][gc,stats    ]      Memory: Allocation Rate                                2456 / 5606           2732 / 6636           2732 / 6636           2732 / 6636        MB/s
[270.335s][info][gc,stats    ]      Memory: Out Of Memory                                     0 / 0                 0 / 0                 0 / 0                 0 / 0           ops/s
[270.335s][info][gc,stats    ]      Memory: Page Cache Flush                                115 / 342              83 / 664              83 / 664              83 / 664         MB/s
[270.335s][info][gc,stats    ]      Memory: Page Cache Hit L1                              1051 / 2793           1165 / 3321           1165 / 3321           1165 / 3321        ops/s
[270.335s][info][gc,stats    ]      Memory: Page Cache Hit L2                                 0 / 0                 0 / 0                 0 / 0                 0 / 0           ops/s
[270.335s][info][gc,stats    ]      Memory: Page Cache Hit L3                                 8 / 50               43 / 635              43 / 635              43 / 635         ops/s
[270.335s][info][gc,stats    ]      Memory: Page Cache Miss                                  11 / 35                8 / 70                8 / 70                8 / 70          ops/s
[270.335s][info][gc,stats    ]      Memory: Uncommit                                          0 / 0                 0 / 0                 0 / 0                 0 / 0           MB/s
[270.335s][info][gc,stats    ]      Memory: Undo Object Allocation Failed                     0 / 2                 0 / 2                 0 / 2                 0 / 2           ops/s
[270.335s][info][gc,stats    ]      Memory: Undo Object Allocation Succeeded                  0 / 5                 0 / 94                0 / 94                0 / 94          ops/s
[270.335s][info][gc,stats    ]      Memory: Undo Page Allocation                              0 / 0                 0 / 8                 0 / 8                 0 / 8           ops/s
[270.335s][info][gc,stats    ]       Phase: Concurrent Mark                              87.722 / 141.195      98.891 / 190.432      98.891 / 190.432      98.891 / 190.432     ms
[270.335s][info][gc,stats    ]       Phase: Concurrent Mark Continue                      0.000 / 0.000        15.374 / 35.578       15.374 / 35.578       15.374 / 35.578      ms
[270.335s][info][gc,stats    ]       Phase: Concurrent Mark Free                          0.001 / 0.002         0.001 / 0.004         0.001 / 0.004         0.001 / 0.004       ms
[270.335s][info][gc,stats    ]       Phase: Concurrent Process Non-Strong References      7.141 / 10.740        8.166 / 31.000        8.166 / 31.000        8.166 / 31.000      ms
[270.335s][info][gc,stats    ]       Phase: Concurrent Relocate                          10.833 / 30.373        9.518 / 76.380        9.518 / 76.380        9.518 / 76.380      ms
[270.335s][info][gc,stats    ]       Phase: Concurrent Reset Relocation Set               0.008 / 0.023         0.010 / 0.049         0.010 / 0.049         0.010 / 0.049       ms
[270.335s][info][gc,stats    ]       Phase: Concurrent Select Relocation Set              5.026 / 13.402        3.597 / 13.402        3.597 / 13.402        3.597 / 13.402      ms
[270.335s][info][gc,stats    ]       Phase: Pause Mark End                                0.050 / 0.222         0.062 / 0.390         0.062 / 0.390         0.062 / 0.390       ms
[270.335s][info][gc,stats    ]       Phase: Pause Mark Start                              0.009 / 0.020         0.008 / 0.022         0.008 / 0.022         0.008 / 0.022       ms
[270.335s][info][gc,stats    ]       Phase: Pause Relocate Start                          0.011 / 0.017         0.010 / 0.037         0.010 / 0.037         0.010 / 0.037       ms
[270.335s][info][gc,stats    ]    Subphase: Concurrent Classes Purge                      0.234 / 0.415         0.244 / 0.574         0.244 / 0.574         0.244 / 0.574       ms
[270.335s][info][gc,stats    ]    Subphase: Concurrent Classes Unlink                     5.125 / 9.487         5.698 / 23.760        5.698 / 23.760        5.698 / 23.760      ms
[270.335s][info][gc,stats    ]    Subphase: Concurrent Mark                              74.348 / 140.371      74.212 / 189.582      74.212 / 189.582      74.212 / 189.582     ms
[270.335s][info][gc,stats    ]    Subphase: Concurrent Mark Try Flush                     0.143 / 0.719         0.546 / 30.486        0.546 / 30.486        0.546 / 30.486      ms
[270.335s][info][gc,stats    ]    Subphase: Concurrent Mark Try Terminate                 2.787 / 14.585        3.260 / 16.837        3.260 / 16.837        3.260 / 16.837      ms
[270.335s][info][gc,stats    ]    Subphase: Concurrent References Enqueue                 0.004 / 0.007         0.003 / 0.008         0.003 / 0.008         0.003 / 0.008       ms
[270.335s][info][gc,stats    ]    Subphase: Concurrent References Process                 1.289 / 2.816         0.996 / 3.217         0.996 / 3.217         0.996 / 3.217       ms
[270.335s][info][gc,stats    ]    Subphase: Concurrent Roots ClassLoaderDataGraph         0.116 / 0.287         0.110 / 0.537         0.110 / 0.537         0.110 / 0.537       ms
[270.335s][info][gc,stats    ]    Subphase: Concurrent Roots CodeCache                    0.000 / 0.000         0.000 / 0.000         0.000 / 0.000         0.000 / 0.000       ms
[270.335s][info][gc,stats    ]    Subphase: Concurrent Roots JavaThreads                  0.418 / 0.800         0.362 / 1.258         0.362 / 1.258         0.362 / 1.258       ms
[270.335s][info][gc,stats    ]    Subphase: Concurrent Roots OopStorageSet                0.030 / 0.049         0.031 / 0.124         0.031 / 0.124         0.031 / 0.124       ms
[270.335s][info][gc,stats    ]    Subphase: Concurrent Weak Roots OopStorageSet           0.289 / 0.407         0.307 / 1.123         0.307 / 1.123         0.307 / 1.123       ms
[270.335s][info][gc,stats    ]    Subphase: Pause Mark Try Complete                       0.102 / 0.110         0.175 / 0.301         0.175 / 0.301         0.175 / 0.301       ms
[270.335s][info][gc,stats    ]      System: Java Threads                                     18 / 21               18 / 22               18 / 22               18 / 22          threads
[270.335s][info][gc,stats    ] =========================================================================================================================================================
[270.633s][info][gc,start    ] GC(160) Garbage Collection (Allocation Rate)
[270.633s][info][gc,task     ] GC(160) Using 2 workers
[270.633s][info][gc,phases   ] GC(160) Pause Mark Start 0.006ms
[270.712s][info][gc,phases   ] GC(160) Concurrent Mark 78.286ms
[270.712s][info][gc,phases   ] GC(160) Pause Mark End 0.021ms
[270.712s][info][gc,phases   ] GC(160) Concurrent Mark Free 0.002ms
[270.717s][info][gc,phases   ] GC(160) Concurrent Process Non-Strong References 4.986ms
[270.717s][info][gc,phases   ] GC(160) Concurrent Reset Relocation Set 0.024ms
[270.720s][info][gc,phases   ] GC(160) Concurrent Select Relocation Set 3.318ms
[270.720s][info][gc,phases   ] GC(160) Pause Relocate Start 0.010ms
[270.721s][info][gc,phases   ] GC(160) Concurrent Relocate 0.264ms
[270.721s][info][gc,load     ] GC(160) Load: 0.00/0.00/0.00
[270.721s][info][gc,mmu      ] GC(160) MMU: 2ms/80.5%, 5ms/92.2%, 10ms/96.1%, 20ms/96.3%, 50ms/97.1%, 100ms/97.5%
[270.721s][info][gc,marking  ] GC(160) Mark: 2 stripe(s), 2 proactive flush(es), 1 terminate flush(es), 0 completion(s), 0 continuation(s) 
[270.721s][info][gc,marking  ] GC(160) Mark Stack Usage: 32M
[270.721s][info][gc,nmethod  ] GC(160) NMethods: 4762 registered, 0 unregistered
[270.721s][info][gc,metaspace] GC(160) Metaspace: 33M used, 33M committed, 1088M reserved
[270.721s][info][gc,ref      ] GC(160) Soft: 4016 encountered, 0 discovered, 0 enqueued
[270.721s][info][gc,ref      ] GC(160) Weak: 1717 encountered, 77 discovered, 0 enqueued
[270.721s][info][gc,ref      ] GC(160) Final: 7 encountered, 6 discovered, 0 enqueued
[270.721s][info][gc,ref      ] GC(160) Phantom: 714 encountered, 644 discovered, 0 enqueued
[270.721s][info][gc,reloc    ] GC(160) Small Pages: 2588 / 5176M, Empty: 5052M, Relocated: 0M, In-Place: 0
[270.721s][info][gc,reloc    ] GC(160) Medium Pages: 1 / 32M, Empty: 0M, Relocated: 0M, In-Place: 0
[270.721s][info][gc,reloc    ] GC(160) Large Pages: 0 / 0M, Empty: 0M, Relocated: 0M, In-Place: 0
[270.721s][info][gc,reloc    ] GC(160) Forwarding Usage: 0M
[270.721s][info][gc,heap     ] GC(160) Min Capacity: 8192M(100%)
[270.721s][info][gc,heap     ] GC(160) Max Capacity: 8192M(100%)
[270.721s][info][gc,heap     ] GC(160) Soft Max Capacity: 8192M(100%)
[270.721s][info][gc,heap     ] GC(160)                Mark Start          Mark End        Relocate Start      Relocate End           High               Low         
[270.721s][info][gc,heap     ] GC(160)  Capacity:     8192M (100%)       8192M (100%)       8192M (100%)       8192M (100%)       8192M (100%)       8192M (100%)   
[270.721s][info][gc,heap     ] GC(160)      Free:     2984M (36%)        2706M (33%)        7724M (94%)        7732M (94%)        7732M (94%)        2688M (33%)    
[270.721s][info][gc,heap     ] GC(160)      Used:     5208M (64%)        5486M (67%)         468M (6%)          460M (6%)         5504M (67%)         460M (6%)     
[270.721s][info][gc,heap     ] GC(160)      Live:         -               124M (2%)          124M (2%)          124M (2%)             -                  -          
[270.721s][info][gc,heap     ] GC(160) Allocated:         -               278M (3%)          312M (4%)          312M (4%)             -                  -          
[270.721s][info][gc,heap     ] GC(160)   Garbage:         -              5083M (62%)          31M (0%)           23M (0%)             -                  -          
[270.721s][info][gc,heap     ] GC(160) Reclaimed:         -                  -              5052M (62%)        5060M (62%)            -                  -          
[270.721s][info][gc          ] GC(160) Garbage Collection (Allocation Rate) 5208M(64%)->460M(6%)
[271.731s][info][gc,start    ] GC(161) Garbage Collection (Allocation Rate)
[271.731s][info][gc,task     ] GC(161) Using 1 workers
[271.731s][info][gc,phases   ] GC(161) Pause Mark Start 0.005ms
[271.840s][info][gc,phases   ] GC(161) Concurrent Mark 108.915ms
[271.840s][info][gc,phases   ] GC(161) Pause Mark End 0.012ms
[271.840s][info][gc,phases   ] GC(161) Concurrent Mark Free 0.001ms
[271.857s][info][gc,phases   ] GC(161) Concurrent Process Non-Strong References 16.476ms
[271.857s][info][gc,phases   ] GC(161) Concurrent Reset Relocation Set 0.002ms
[271.861s][info][gc,phases   ] GC(161) Concurrent Select Relocation Set 3.640ms
[271.861s][info][gc,phases   ] GC(161) Pause Relocate Start 0.009ms
[271.861s][info][gc,phases   ] GC(161) Concurrent Relocate 0.310ms
[271.861s][info][gc,load     ] GC(161) Load: 0.00/0.00/0.00
[271.861s][info][gc,mmu      ] GC(161) MMU: 2ms/80.5%, 5ms/92.2%, 10ms/96.1%, 20ms/96.3%, 50ms/97.1%, 100ms/97.5%
[271.861s][info][gc,marking  ] GC(161) Mark: 1 stripe(s), 2 proactive flush(es), 1 terminate flush(es), 0 completion(s), 0 continuation(s) 
[271.861s][info][gc,marking  ] GC(161) Mark Stack Usage: 32M
[271.861s][info][gc,nmethod  ] GC(161) NMethods: 4762 registered, 0 unregistered
[271.861s][info][gc,metaspace] GC(161) Metaspace: 33M used, 33M committed, 1088M reserved
[271.861s][info][gc,ref      ] GC(161) Soft: 4016 encountered, 0 discovered, 0 enqueued
[271.861s][info][gc,ref      ] GC(161) Weak: 1732 encountered, 1284 discovered, 0 enqueued
[271.861s][info][gc,ref      ] GC(161) Final: 7 encountered, 7 discovered, 0 enqueued
[271.861s][info][gc,ref      ] GC(161) Phantom: 714 encountered, 665 discovered, 0 enqueued
[271.861s][info][gc,reloc    ] GC(161) Small Pages: 3019 / 6038M, Empty: 5892M, Relocated: 0M, In-Place: 0
[271.861s][info][gc,reloc    ] GC(161) Medium Pages: 1 / 32M, Empty: 0M, Relocated: 0M, In-Place: 0
[271.861s][info][gc,reloc    ] GC(161) Large Pages: 0 / 0M, Empty: 0M, Relocated: 0M, In-Place: 0
[271.861s][info][gc,reloc    ] GC(161) Forwarding Usage: 0M
[271.861s][info][gc,heap     ] GC(161) Min Capacity: 8192M(100%)
[271.861s][info][gc,heap     ] GC(161) Max Capacity: 8192M(100%)
[271.861s][info][gc,heap     ] GC(161) Soft Max Capacity: 8192M(100%)
[271.861s][info][gc,heap     ] GC(161)                Mark Start          Mark End        Relocate Start      Relocate End           High               Low         
[271.861s][info][gc,heap     ] GC(161)  Capacity:     8192M (100%)       8192M (100%)       8192M (100%)       8192M (100%)       8192M (100%)       8192M (100%)   
[271.861s][info][gc,heap     ] GC(161)      Free:     2122M (26%)        1788M (22%)        7640M (93%)        7670M (94%)        7670M (94%)        1764M (22%)    
[271.861s][info][gc,heap     ] GC(161)      Used:     6070M (74%)        6404M (78%)         552M (7%)          522M (6%)         6428M (78%)         522M (6%)     
[271.861s][info][gc,heap     ] GC(161)      Live:         -               124M (2%)          124M (2%)          124M (2%)             -                  -          
[271.861s][info][gc,heap     ] GC(161) Allocated:         -               334M (4%)          374M (5%)          375M (5%)             -                  -          
[271.861s][info][gc,heap     ] GC(161)   Garbage:         -              5945M (73%)          53M (1%)           21M (0%)             -                  -          
[271.861s][info][gc,heap     ] GC(161) Reclaimed:         -                  -              5892M (72%)        5923M (72%)            -                  -          
[271.861s][info][gc          ] GC(161) Garbage Collection (Allocation Rate) 6070M(74%)->522M(6%)
[275.730s][info][gc,start    ] GC(162) Garbage Collection (Allocation Rate)
[275.730s][info][gc,task     ] GC(162) Using 1 workers
[275.730s][info][gc,phases   ] GC(162) Pause Mark Start 0.008ms
[275.891s][info][gc,phases   ] GC(162) Concurrent Mark 161.016ms
[275.891s][info][gc,phases   ] GC(162) Pause Mark End 0.133ms
[275.891s][info][gc,phases   ] GC(162) Concurrent Mark Free 0.001ms
[275.903s][info][gc,phases   ] GC(162) Concurrent Process Non-Strong References 11.028ms
[275.903s][info][gc,phases   ] GC(162) Concurrent Reset Relocation Set 0.002ms
[275.909s][info][gc,phases   ] GC(162) Concurrent Select Relocation Set 5.988ms
[275.909s][info][gc,phases   ] GC(162) Pause Relocate Start 0.010ms
[275.942s][info][gc,phases   ] GC(162) Concurrent Relocate 33.138ms
[275.942s][info][gc,load     ] GC(162) Load: 0.00/0.00/0.00
[275.942s][info][gc,mmu      ] GC(162) MMU: 2ms/80.5%, 5ms/92.2%, 10ms/96.1%, 20ms/96.3%, 50ms/97.1%, 100ms/97.5%
[275.942s][info][gc,marking  ] GC(162) Mark: 1 stripe(s), 10 proactive flush(es), 1 terminate flush(es), 1 completion(s), 0 continuation(s) 
[275.942s][info][gc,marking  ] GC(162) Mark Stack Usage: 32M
[275.942s][info][gc,nmethod  ] GC(162) NMethods: 4764 registered, 0 unregistered
[275.942s][info][gc,metaspace] GC(162) Metaspace: 33M used, 33M committed, 1088M reserved
[275.942s][info][gc,ref      ] GC(162) Soft: 4016 encountered, 0 discovered, 0 enqueued
[275.942s][info][gc,ref      ] GC(162) Weak: 20470 encountered, 17880 discovered, 4878 enqueued
[275.942s][info][gc,ref      ] GC(162) Final: 7 encountered, 7 discovered, 0 enqueued
[275.942s][info][gc,ref      ] GC(162) Phantom: 720 encountered, 671 discovered, 0 enqueued
[275.942s][info][gc,reloc    ] GC(162) Small Pages: 2732 / 5464M, Empty: 4688M, Relocated: 38M, In-Place: 0
[275.942s][info][gc,reloc    ] GC(162) Medium Pages: 24 / 768M, Empty: 736M, Relocated: 0M, In-Place: 0
[275.942s][info][gc,reloc    ] GC(162) Large Pages: 221 / 1542M, Empty: 1542M, Relocated: 0M, In-Place: 0
[275.942s][info][gc,reloc    ] GC(162) Forwarding Usage: 11M
[275.942s][info][gc,heap     ] GC(162) Min Capacity: 8192M(100%)
[275.942s][info][gc,heap     ] GC(162) Max Capacity: 8192M(100%)
[275.942s][info][gc,heap     ] GC(162) Soft Max Capacity: 8192M(100%)
[275.942s][info][gc,heap     ] GC(162)                Mark Start          Mark End        Relocate Start      Relocate End           High               Low         
[275.942s][info][gc,heap     ] GC(162)  Capacity:     8192M (100%)       8192M (100%)       8192M (100%)       8192M (100%)       8192M (100%)       8192M (100%)   
[275.942s][info][gc,heap     ] GC(162)      Free:      418M (5%)          252M (3%)         7196M (88%)        7776M (95%)        7808M (95%)         240M (3%)     
[275.942s][info][gc,heap     ] GC(162)      Used:     7774M (95%)        7940M (97%)         996M (12%)         416M (5%)         7952M (97%)         384M (5%)     
[275.942s][info][gc,heap     ] GC(162)      Live:         -               151M (2%)          151M (2%)          151M (2%)             -                  -          
[275.942s][info][gc,heap     ] GC(162) Allocated:         -               166M (2%)          188M (2%)          243M (3%)             -                  -          
[275.942s][info][gc,heap     ] GC(162)   Garbage:         -              7622M (93%)         656M (8%)           21M (0%)             -                  -          
[275.942s][info][gc,heap     ] GC(162) Reclaimed:         -                  -              6966M (85%)        7601M (93%)            -                  -          
[275.942s][info][gc          ] GC(162) Garbage Collection (Allocation Rate) 7774M(95%)->416M(5%)
[276.780s][info][gc,start    ] GC(163) Garbage Collection (System.gc())
[276.780s][info][gc,task     ] GC(163) Using 2 workers
[276.780s][info][gc,phases   ] GC(163) Pause Mark Start 0.005ms
[276.847s][info][gc,phases   ] GC(163) Concurrent Mark 66.742ms
[276.847s][info][gc,phases   ] GC(163) Pause Mark End 0.016ms
[276.847s][info][gc,phases   ] GC(163) Concurrent Mark Free 0.002ms
[276.852s][info][gc,phases   ] GC(163) Concurrent Process Non-Strong References 5.451ms
[276.852s][info][gc,phases   ] GC(163) Concurrent Reset Relocation Set 0.023ms
[276.855s][info][gc,phases   ] GC(163) Concurrent Select Relocation Set 2.268ms
[276.855s][info][gc,phases   ] GC(163) Pause Relocate Start 0.010ms
[276.861s][info][gc,phases   ] GC(163) Concurrent Relocate 6.377ms
[276.861s][info][gc,load     ] GC(163) Load: 0.00/0.00/0.00
[276.861s][info][gc,mmu      ] GC(163) MMU: 2ms/80.5%, 5ms/92.2%, 10ms/96.1%, 20ms/96.3%, 50ms/97.1%, 100ms/97.5%
[276.861s][info][gc,marking  ] GC(163) Mark: 2 stripe(s), 1 proactive flush(es), 1 terminate flush(es), 0 completion(s), 0 continuation(s) 
[276.861s][info][gc,marking  ] GC(163) Mark Stack Usage: 32M
[276.862s][info][gc,nmethod  ] GC(163) NMethods: 4765 registered, 0 unregistered
[276.862s][info][gc,metaspace] GC(163) Metaspace: 33M used, 33M committed, 1088M reserved
[276.862s][info][gc,ref      ] GC(163) Soft: 4016 encountered, 0 discovered, 0 enqueued
[276.862s][info][gc,ref      ] GC(163) Weak: 23899 encountered, 22516 discovered, 22186 enqueued
[276.862s][info][gc,ref      ] GC(163) Final: 7 encountered, 5 discovered, 0 enqueued
[276.862s][info][gc,ref      ] GC(163) Phantom: 714 encountered, 649 discovered, 0 enqueued
[276.862s][info][gc,reloc    ] GC(163) Small Pages: 339 / 678M, Empty: 200M, Relocated: 9M, In-Place: 0
[276.862s][info][gc,reloc    ] GC(163) Medium Pages: 9 / 288M, Empty: 224M, Relocated: 14M, In-Place: 0
[276.862s][info][gc,reloc    ] GC(163) Large Pages: 66 / 456M, Empty: 456M, Relocated: 0M, In-Place: 0
[276.862s][info][gc,reloc    ] GC(163) Forwarding Usage: 2M
[276.862s][info][gc,heap     ] GC(163) Min Capacity: 8192M(100%)
[276.862s][info][gc,heap     ] GC(163) Max Capacity: 8192M(100%)
[276.862s][info][gc,heap     ] GC(163) Soft Max Capacity: 8192M(100%)
[276.862s][info][gc,heap     ] GC(163)                Mark Start          Mark End        Relocate Start      Relocate End           High               Low         
[276.862s][info][gc,heap     ] GC(163)  Capacity:     8192M (100%)       8192M (100%)       8192M (100%)       8192M (100%)       8192M (100%)       8192M (100%)   
[276.862s][info][gc,heap     ] GC(163)      Free:     6770M (83%)        6770M (83%)        7650M (93%)        8046M (98%)        8046M (98%)        6770M (83%)    
[276.862s][info][gc,heap     ] GC(163)      Used:     1422M (17%)        1422M (17%)         542M (7%)          146M (2%)         1422M (17%)         146M (2%)     
[276.862s][info][gc,heap     ] GC(163)      Live:         -               123M (2%)          123M (2%)          123M (2%)             -                  -          
[276.862s][info][gc,heap     ] GC(163) Allocated:         -                 0M (0%)            0M (0%)            0M (0%)             -                  -          
[276.862s][info][gc,heap     ] GC(163)   Garbage:         -              1298M (16%)         418M (5%)           22M (0%)             -                  -          
[276.862s][info][gc,heap     ] GC(163) Reclaimed:         -                  -               880M (11%)        1276M (16%)            -                  -          
[276.862s][info][gc          ] GC(163) Garbage Collection (System.gc()) 1422M(17%)->146M(2%)
[277.522s][info][gc,start    ] GC(164) Garbage Collection (Allocation Rate)
[277.522s][info][gc,task     ] GC(164) Using 2 workers
[277.522s][info][gc,phases   ] GC(164) Pause Mark Start 0.010ms
[277.632s][info][gc,phases   ] GC(164) Concurrent Mark 94.114ms
[277.632s][info][gc,phases   ] GC(164) Pause Mark End 0.013ms
[277.632s][info][gc,phases   ] GC(164) Concurrent Mark Free 0.001ms
[277.637s][info][gc,phases   ] GC(164) Concurrent Process Non-Strong References 5.168ms
[277.637s][info][gc,phases   ] GC(164) Concurrent Reset Relocation Set 0.022ms
[277.641s][info][gc,phases   ] GC(164) Concurrent Select Relocation Set 3.852ms
[277.641s][info][gc,phases   ] GC(164) Pause Relocate Start 0.008ms
[277.642s][info][gc,phases   ] GC(164) Concurrent Relocate 0.395ms
[277.642s][info][gc,load     ] GC(164) Load: 0.00/0.00/0.00
[277.642s][info][gc,mmu      ] GC(164) MMU: 2ms/80.5%, 5ms/92.2%, 10ms/96.1%, 20ms/96.3%, 50ms/97.1%, 100ms/97.5%
[277.642s][info][gc,marking  ] GC(164) Mark: 2 stripe(s), 2 proactive flush(es), 1 terminate flush(es), 0 completion(s), 0 continuation(s) 
[277.642s][info][gc,marking  ] GC(164) Mark Stack Usage: 32M
[277.642s][info][gc,nmethod  ] GC(164) NMethods: 4766 registered, 0 unregistered
[277.642s][info][gc,metaspace] GC(164) Metaspace: 33M used, 33M committed, 1088M reserved
[277.642s][info][gc,ref      ] GC(164) Soft: 4016 encountered, 0 discovered, 0 enqueued
[277.642s][info][gc,ref      ] GC(164) Weak: 1728 encountered, 59 discovered, 0 enqueued
[277.642s][info][gc,ref      ] GC(164) Final: 7 encountered, 7 discovered, 0 enqueued
[277.642s][info][gc,ref      ] GC(164) Phantom: 714 encountered, 617 discovered, 0 enqueued
[277.642s][info][gc,reloc    ] GC(164) Small Pages: 2491 / 4982M, Empty: 4844M, Relocated: 0M, In-Place: 0
[277.642s][info][gc,reloc    ] GC(164) Medium Pages: 1 / 32M, Empty: 0M, Relocated: 0M, In-Place: 0
[277.642s][info][gc,reloc    ] GC(164) Large Pages: 0 / 0M, Empty: 0M, Relocated: 0M, In-Place: 0
[277.642s][info][gc,reloc    ] GC(164) Forwarding Usage: 0M
[277.642s][info][gc,heap     ] GC(164) Min Capacity: 8192M(100%)
[277.642s][info][gc,heap     ] GC(164) Max Capacity: 8192M(100%)
[277.642s][info][gc,heap     ] GC(164) Soft Max Capacity: 8192M(100%)
[277.642s][info][gc,heap     ] GC(164)                Mark Start          Mark End        Relocate Start      Relocate End           High               Low         
[277.642s][info][gc,heap     ] GC(164)  Capacity:     8192M (100%)       8192M (100%)       8192M (100%)       8192M (100%)       8192M (100%)       8192M (100%)   
[277.642s][info][gc,heap     ] GC(164)      Free:     3178M (39%)        2698M (33%)        7506M (92%)        7526M (92%)        7526M (92%)        2678M (33%)    
[277.642s][info][gc,heap     ] GC(164)      Used:     5014M (61%)        5494M (67%)         686M (8%)          666M (8%)         5514M (67%)         666M (8%)     
[277.642s][info][gc,heap     ] GC(164)      Live:         -               123M (2%)          123M (2%)          123M (2%)             -                  -          
[277.642s][info][gc,heap     ] GC(164) Allocated:         -               480M (6%)          516M (6%)          518M (6%)             -                  -          
[277.642s][info][gc,heap     ] GC(164)   Garbage:         -              4890M (60%)          46M (1%)           24M (0%)             -                  -          
[277.642s][info][gc,heap     ] GC(164) Reclaimed:         -                  -              4844M (59%)        4866M (59%)            -                  -          
[277.642s][info][gc          ] GC(164) Garbage Collection (Allocation Rate) 5014M(61%)->666M(8%)
[278.227s][info][gc,start    ] GC(165) Garbage Collection (Allocation Rate)
[278.228s][info][gc,task     ] GC(165) Using 1 workers
[278.228s][info][gc,phases   ] GC(165) Pause Mark Start 0.008ms
[278.375s][info][gc,phases   ] GC(165) Concurrent Mark 147.150ms
[278.375s][info][gc,phases   ] GC(165) Pause Mark End 0.021ms
[278.375s][info][gc,phases   ] GC(165) Concurrent Mark Free 0.001ms
[278.388s][info][gc,phases   ] GC(165) Concurrent Process Non-Strong References 12.348ms
[278.388s][info][gc,phases   ] GC(165) Concurrent Reset Relocation Set 0.003ms
[278.391s][info][gc,phases   ] GC(165) Concurrent Select Relocation Set 3.215ms
[278.391s][info][gc,phases   ] GC(165) Pause Relocate Start 0.013ms
[278.392s][info][gc,phases   ] GC(165) Concurrent Relocate 0.377ms
[278.392s][info][gc,load     ] GC(165) Load: 0.00/0.00/0.00
[278.392s][info][gc,mmu      ] GC(165) MMU: 2ms/80.5%, 5ms/92.2%, 10ms/96.1%, 20ms/96.3%, 50ms/97.1%, 100ms/97.5%
[278.392s][info][gc,marking  ] GC(165) Mark: 1 stripe(s), 2 proactive flush(es), 1 terminate flush(es), 0 completion(s), 0 continuation(s) 
[278.392s][info][gc,marking  ] GC(165) Mark Stack Usage: 32M
[278.392s][info][gc,nmethod  ] GC(165) NMethods: 4766 registered, 0 unregistered
[278.392s][info][gc,metaspace] GC(165) Metaspace: 33M used, 33M committed, 1088M reserved
[278.392s][info][gc,ref      ] GC(165) Soft: 4016 encountered, 0 discovered, 0 enqueued
[278.392s][info][gc,ref      ] GC(165) Weak: 1731 encountered, 1283 discovered, 0 enqueued
[278.392s][info][gc,ref      ] GC(165) Final: 7 encountered, 7 discovered, 0 enqueued
[278.392s][info][gc,ref      ] GC(165) Phantom: 714 encountered, 665 discovered, 0 enqueued
[278.392s][info][gc,reloc    ] GC(165) Small Pages: 1986 / 3972M, Empty: 3830M, Relocated: 0M, In-Place: 0
[278.392s][info][gc,reloc    ] GC(165) Medium Pages: 1 / 32M, Empty: 0M, Relocated: 0M, In-Place: 0
[278.392s][info][gc,reloc    ] GC(165) Large Pages: 0 / 0M, Empty: 0M, Relocated: 0M, In-Place: 0
[278.392s][info][gc,reloc    ] GC(165) Forwarding Usage: 0M
[278.392s][info][gc,heap     ] GC(165) Min Capacity: 8192M(100%)
[278.392s][info][gc,heap     ] GC(165) Max Capacity: 8192M(100%)
[278.392s][info][gc,heap     ] GC(165) Soft Max Capacity: 8192M(100%)
[278.392s][info][gc,heap     ] GC(165)                Mark Start          Mark End        Relocate Start      Relocate End           High               Low         
[278.392s][info][gc,heap     ] GC(165)  Capacity:     8192M (100%)       8192M (100%)       8192M (100%)       8192M (100%)       8192M (100%)       8192M (100%)   
[278.392s][info][gc,heap     ] GC(165)      Free:     4188M (51%)        3344M (41%)        7086M (86%)        7114M (87%)        7114M (87%)        3276M (40%)    
[278.392s][info][gc,heap     ] GC(165)      Used:     4004M (49%)        4848M (59%)        1106M (14%)        1078M (13%)        4916M (60%)        1078M (13%)    
[278.392s][info][gc,heap     ] GC(165)      Live:         -               123M (2%)          123M (2%)          123M (2%)             -                  -          
[278.392s][info][gc,heap     ] GC(165) Allocated:         -               844M (10%)         932M (11%)         931M (11%)            -                  -          
[278.392s][info][gc,heap     ] GC(165)   Garbage:         -              3880M (47%)          50M (1%)           22M (0%)             -                  -          
[278.392s][info][gc,heap     ] GC(165) Reclaimed:         -                  -              3830M (47%)        3857M (47%)            -                  -          
[278.392s][info][gc          ] GC(165) Garbage Collection (Allocation Rate) 4004M(49%)->1078M(13%)
[279.332s][info][gc,start    ] GC(166) Garbage Collection (Allocation Rate)
[279.332s][info][gc,task     ] GC(166) Using 1 workers
[279.332s][info][gc,phases   ] GC(166) Pause Mark Start 0.009ms
[279.443s][info][gc,phases   ] GC(166) Concurrent Mark 109.981ms
[279.444s][info][gc,phases   ] GC(166) Pause Mark End 0.016ms
[279.444s][info][gc,phases   ] GC(166) Concurrent Mark Free 0.001ms
[279.458s][info][gc,phases   ] GC(166) Concurrent Process Non-Strong References 13.285ms
[279.458s][info][gc,phases   ] GC(166) Concurrent Reset Relocation Set 0.001ms
[279.460s][info][gc,phases   ] GC(166) Concurrent Select Relocation Set 2.544ms
[279.461s][info][gc,phases   ] GC(166) Pause Relocate Start 0.017ms
[279.465s][info][gc,phases   ] GC(166) Concurrent Relocate 0.568ms
[279.465s][info][gc,load     ] GC(166) Load: 0.00/0.00/0.00
[279.465s][info][gc,mmu      ] GC(166) MMU: 2ms/80.5%, 5ms/92.2%, 10ms/96.1%, 20ms/96.3%, 50ms/97.1%, 100ms/97.5%
[279.465s][info][gc,marking  ] GC(166) Mark: 1 stripe(s), 2 proactive flush(es), 1 terminate flush(es), 0 completion(s), 0 continuation(s) 
[279.465s][info][gc,marking  ] GC(166) Mark Stack Usage: 32M
[279.465s][info][gc,nmethod  ] GC(166) NMethods: 4767 registered, 0 unregistered
[279.465s][info][gc,metaspace] GC(166) Metaspace: 33M used, 33M committed, 1088M reserved
[279.465s][info][gc,ref      ] GC(166) Soft: 4016 encountered, 0 discovered, 0 enqueued
[279.465s][info][gc,ref      ] GC(166) Weak: 1749 encountered, 1296 discovered, 6 enqueued
[279.465s][info][gc,ref      ] GC(166) Final: 7 encountered, 7 discovered, 0 enqueued
[279.465s][info][gc,ref      ] GC(166) Phantom: 714 encountered, 665 discovered, 0 enqueued
[279.465s][info][gc,reloc    ] GC(166) Small Pages: 3050 / 6100M, Empty: 5938M, Relocated: 0M, In-Place: 0
[279.465s][info][gc,reloc    ] GC(166) Medium Pages: 1 / 32M, Empty: 0M, Relocated: 0M, In-Place: 0
[279.465s][info][gc,reloc    ] GC(166) Large Pages: 0 / 0M, Empty: 0M, Relocated: 0M, In-Place: 0
[279.465s][info][gc,reloc    ] GC(166) Forwarding Usage: 0M
[279.465s][info][gc,heap     ] GC(166) Min Capacity: 8192M(100%)
[279.465s][info][gc,heap     ] GC(166) Max Capacity: 8192M(100%)
[279.465s][info][gc,heap     ] GC(166) Soft Max Capacity: 8192M(100%)
[279.465s][info][gc,heap     ] GC(166)                Mark Start          Mark End        Relocate Start      Relocate End           High               Low         
[279.465s][info][gc,heap     ] GC(166)  Capacity:     8192M (100%)       8192M (100%)       8192M (100%)       8192M (100%)       8192M (100%)       8192M (100%)   
[279.465s][info][gc,heap     ] GC(166)      Free:     2060M (25%)        1970M (24%)        7902M (96%)        7932M (97%)        7932M (97%)        1966M (24%)    
[279.465s][info][gc,heap     ] GC(166)      Used:     6132M (75%)        6222M (76%)         290M (4%)          260M (3%)         6226M (76%)         260M (3%)     
[279.465s][info][gc,heap     ] GC(166)      Live:         -               124M (2%)          124M (2%)          124M (2%)             -                  -          
[279.465s][info][gc,heap     ] GC(166) Allocated:         -                90M (1%)           96M (1%)          113M (1%)             -                  -          
[279.465s][info][gc,heap     ] GC(166)   Garbage:         -              6007M (73%)          69M (1%)           22M (0%)             -                  -          
[279.465s][info][gc,heap     ] GC(166) Reclaimed:         -                  -              5938M (72%)        5985M (73%)            -                  -          
[279.465s][info][gc          ] GC(166) Garbage Collection (Allocation Rate) 6132M(75%)->260M(3%)
[280.340s][info][gc,stats    ] === Garbage Collection Statistics =======================================================================================================================
[280.340s][info][gc,stats    ]                                                              Last 10s              Last 10m              Last 10h                Total
[280.340s][info][gc,stats    ]                                                              Avg / Max             Avg / Max             Avg / Max             Avg / Max
[280.340s][info][gc,stats    ]   Collector: Garbage Collection Cycle                    132.604 / 212.199     126.145 / 379.439     126.145 / 379.439     126.145 / 379.439     ms
[280.340s][info][gc,stats    ]  Contention: Mark Segment Reset Contention                     2 / 26                0 / 115               0 / 115               0 / 115         ops/s
[280.340s][info][gc,stats    ]  Contention: Mark SeqNum Reset Contention                      0 / 0                 0 / 2                 0 / 2                 0 / 2           ops/s
[280.340s][info][gc,stats    ]    Critical: Allocation Stall                                  0 / 0                 0 / 0                 0 / 0                 0 / 0           ops/s
[280.340s][info][gc,stats    ]    Critical: Allocation Stall                              0.000 / 0.000         0.000 / 0.000         0.000 / 0.000         0.000 / 0.000       ms
[280.340s][info][gc,stats    ]    Critical: GC Locker Stall                                   0 / 0                 0 / 0                 0 / 0                 0 / 0           ops/s
[280.340s][info][gc,stats    ]    Critical: GC Locker Stall                               0.000 / 0.000         0.000 / 0.000         0.000 / 0.000         0.000 / 0.000       ms
[280.340s][info][gc,stats    ]    Critical: Relocation Stall                                  0 / 0                 0 / 0                 0 / 0                 0 / 0           ops/s
[280.340s][info][gc,stats    ]    Critical: Relocation Stall                              0.000 / 0.000         0.000 / 0.000         0.000 / 0.000         0.000 / 0.000       ms
[280.340s][info][gc,stats    ]      Memory: Allocation Rate                                3266 / 5892           2751 / 6636           2751 / 6636           2751 / 6636        MB/s
[280.340s][info][gc,stats    ]      Memory: Out Of Memory                                     0 / 0                 0 / 0                 0 / 0                 0 / 0           ops/s
[280.340s][info][gc,stats    ]      Memory: Page Cache Flush                                 63 / 334              83 / 664              83 / 664              83 / 664         MB/s
[280.340s][info][gc,stats    ]      Memory: Page Cache Hit L1                              1443 / 2948           1175 / 3321           1175 / 3321           1175 / 3321        ops/s
[280.340s][info][gc,stats    ]      Memory: Page Cache Hit L2                                 0 / 0                 0 / 0                 0 / 0                 0 / 0           ops/s
[280.340s][info][gc,stats    ]      Memory: Page Cache Hit L3                                49 / 315              43 / 635              43 / 635              43 / 635         ops/s
[280.340s][info][gc,stats    ]      Memory: Page Cache Miss                                   7 / 37                8 / 70                8 / 70                8 / 70          ops/s
[280.340s][info][gc,stats    ]      Memory: Uncommit                                          0 / 0                 0 / 0                 0 / 0                 0 / 0           MB/s
[280.340s][info][gc,stats    ]      Memory: Undo Object Allocation Failed                     0 / 0                 0 / 2                 0 / 2                 0 / 2           ops/s
[280.340s][info][gc,stats    ]      Memory: Undo Object Allocation Succeeded                  0 / 0                 0 / 94                0 / 94                0 / 94          ops/s
[280.340s][info][gc,stats    ]      Memory: Undo Page Allocation                              0 / 1                 0 / 8                 0 / 8                 0 / 8           ops/s
[280.340s][info][gc,stats    ]       Phase: Concurrent Mark                             109.457 / 161.016      99.334 / 190.432      99.334 / 190.432      99.334 / 190.432     ms
[280.340s][info][gc,stats    ]       Phase: Concurrent Mark Continue                      0.000 / 0.000        15.374 / 35.578       15.374 / 35.578       15.374 / 35.578      ms
[280.340s][info][gc,stats    ]       Phase: Concurrent Mark Free                          0.001 / 0.002         0.001 / 0.004         0.001 / 0.004         0.001 / 0.004       ms
[280.340s][info][gc,stats    ]       Phase: Concurrent Process Non-Strong References      9.820 / 16.476        8.235 / 31.000        8.235 / 31.000        8.235 / 31.000      ms
[280.340s][info][gc,stats    ]       Phase: Concurrent Relocate                           5.918 / 33.138        9.367 / 76.380        9.367 / 76.380        9.367 / 76.380      ms
[280.340s][info][gc,stats    ]       Phase: Concurrent Reset Relocation Set               0.011 / 0.024         0.010 / 0.049         0.010 / 0.049         0.010 / 0.049       ms
[280.340s][info][gc,stats    ]       Phase: Concurrent Select Relocation Set              3.546 / 5.988         3.595 / 13.402        3.595 / 13.402        3.595 / 13.402      ms
[280.340s][info][gc,stats    ]       Phase: Pause Mark End                                0.033 / 0.133         0.061 / 0.390         0.061 / 0.390         0.061 / 0.390       ms
[280.340s][info][gc,stats    ]       Phase: Pause Mark Start                              0.007 / 0.010         0.008 / 0.022         0.008 / 0.022         0.008 / 0.022       ms
[280.340s][info][gc,stats    ]       Phase: Pause Relocate Start                          0.011 / 0.017         0.010 / 0.037         0.010 / 0.037         0.010 / 0.037       ms
[280.340s][info][gc,stats    ]    Subphase: Concurrent Classes Purge                      0.309 / 0.490         0.246 / 0.574         0.246 / 0.574         0.246 / 0.574       ms
[280.340s][info][gc,stats    ]    Subphase: Concurrent Classes Unlink                     6.335 / 10.940        5.725 / 23.760        5.725 / 23.760        5.725 / 23.760      ms
[280.340s][info][gc,stats    ]    Subphase: Concurrent Mark                              95.818 / 160.037      74.927 / 189.582      74.927 / 189.582      74.927 / 189.582     ms
[280.340s][info][gc,stats    ]    Subphase: Concurrent Mark Try Flush                     1.626 / 24.440        0.588 / 30.486        0.588 / 30.486        0.588 / 30.486      ms
[280.340s][info][gc,stats    ]    Subphase: Concurrent Mark Try Terminate                 3.395 / 16.669        3.264 / 16.837        3.264 / 16.837        3.264 / 16.837      ms
[280.340s][info][gc,stats    ]    Subphase: Concurrent References Enqueue                 0.002 / 0.007         0.003 / 0.008         0.003 / 0.008         0.003 / 0.008       ms
[280.340s][info][gc,stats    ]    Subphase: Concurrent References Process                 0.647 / 1.799         0.982 / 3.217         0.982 / 3.217         0.982 / 3.217       ms
[280.340s][info][gc,stats    ]    Subphase: Concurrent Roots ClassLoaderDataGraph         0.109 / 0.201         0.110 / 0.537         0.110 / 0.537         0.110 / 0.537       ms
[280.340s][info][gc,stats    ]    Subphase: Concurrent Roots CodeCache                    0.000 / 0.000         0.000 / 0.000         0.000 / 0.000         0.000 / 0.000       ms
[280.340s][info][gc,stats    ]    Subphase: Concurrent Roots JavaThreads                  0.345 / 0.631         0.361 / 1.258         0.361 / 1.258         0.361 / 1.258       ms
[280.340s][info][gc,stats    ]    Subphase: Concurrent Roots OopStorageSet                0.029 / 0.049         0.031 / 0.124         0.031 / 0.124         0.031 / 0.124       ms
[280.340s][info][gc,stats    ]    Subphase: Concurrent Weak Roots OopStorageSet           0.300 / 0.465         0.306 / 1.123         0.306 / 1.123         0.306 / 1.123       ms
[280.340s][info][gc,stats    ]    Subphase: Pause Mark Try Complete                       0.078 / 0.078         0.173 / 0.301         0.173 / 0.301         0.173 / 0.301       ms
[280.340s][info][gc,stats    ]      System: Java Threads                                     19 / 21               18 / 22               18 / 22               18 / 22          threads
[280.340s][info][gc,stats    ] =========================================================================================================================================================
[284.283s][info][gc,start    ] GC(167) Garbage Collection (System.gc())
[284.283s][info][gc,task     ] GC(167) Using 2 workers
[284.283s][info][gc,phases   ] GC(167) Pause Mark Start 0.006ms
[284.340s][info][gc,phases   ] GC(167) Concurrent Mark 57.033ms
[284.340s][info][gc,phases   ] GC(167) Pause Mark End 0.017ms
[284.340s][info][gc,phases   ] GC(167) Concurrent Mark Free 0.002ms
[284.346s][info][gc,phases   ] GC(167) Concurrent Process Non-Strong References 5.603ms
[284.346s][info][gc,phases   ] GC(167) Concurrent Reset Relocation Set 0.003ms
[284.349s][info][gc,phases   ] GC(167) Concurrent Select Relocation Set 2.635ms
[284.349s][info][gc,phases   ] GC(167) Pause Relocate Start 0.010ms
[284.355s][info][gc,phases   ] GC(167) Concurrent Relocate 6.052ms
[284.355s][info][gc,load     ] GC(167) Load: 0.00/0.00/0.00
[284.355s][info][gc,mmu      ] GC(167) MMU: 2ms/80.5%, 5ms/92.2%, 10ms/96.1%, 20ms/96.3%, 50ms/97.1%, 100ms/97.5%
[284.355s][info][gc,marking  ] GC(167) Mark: 2 stripe(s), 2 proactive flush(es), 1 terminate flush(es), 0 completion(s), 0 continuation(s) 
[284.355s][info][gc,marking  ] GC(167) Mark Stack Usage: 32M
[284.355s][info][gc,nmethod  ] GC(167) NMethods: 4776 registered, 0 unregistered
[284.355s][info][gc,metaspace] GC(167) Metaspace: 33M used, 33M committed, 1088M reserved
[284.355s][info][gc,ref      ] GC(167) Soft: 4016 encountered, 0 discovered, 0 enqueued
[284.355s][info][gc,ref      ] GC(167) Weak: 24669 encountered, 23012 discovered, 22955 enqueued
[284.355s][info][gc,ref      ] GC(167) Final: 7 encountered, 5 discovered, 0 enqueued
[284.355s][info][gc,ref      ] GC(167) Phantom: 714 encountered, 645 discovered, 0 enqueued
[284.355s][info][gc,reloc    ] GC(167) Small Pages: 1143 / 2286M, Empty: 1484M, Relocated: 10M, In-Place: 0
[284.355s][info][gc,reloc    ] GC(167) Medium Pages: 31 / 992M, Empty: 960M, Relocated: 0M, In-Place: 0
[284.355s][info][gc,reloc    ] GC(167) Large Pages: 287 / 1996M, Empty: 1996M, Relocated: 0M, In-Place: 0
[284.355s][info][gc,reloc    ] GC(167) Forwarding Usage: 3M
[284.355s][info][gc,heap     ] GC(167) Min Capacity: 8192M(100%)
[284.355s][info][gc,heap     ] GC(167) Max Capacity: 8192M(100%)
[284.355s][info][gc,heap     ] GC(167) Soft Max Capacity: 8192M(100%)
[284.355s][info][gc,heap     ] GC(167)                Mark Start          Mark End        Relocate Start      Relocate End           High               Low         
[284.355s][info][gc,heap     ] GC(167)  Capacity:     8192M (100%)       8192M (100%)       8192M (100%)       8192M (100%)       8192M (100%)       8192M (100%)   
[284.355s][info][gc,heap     ] GC(167)      Free:     2918M (36%)        2918M (36%)        7358M (90%)        8046M (98%)        8046M (98%)        2918M (36%)    
[284.355s][info][gc,heap     ] GC(167)      Used:     5274M (64%)        5274M (64%)         834M (10%)         146M (2%)         5274M (64%)         146M (2%)     
[284.356s][info][gc,heap     ] GC(167)      Live:         -               123M (2%)          123M (2%)          123M (2%)             -                  -          
[284.356s][info][gc,heap     ] GC(167) Allocated:         -                 0M (0%)            0M (0%)            0M (0%)             -                  -          
[284.356s][info][gc,heap     ] GC(167)   Garbage:         -              5150M (63%)         710M (9%)           22M (0%)             -                  -          
[284.356s][info][gc,heap     ] GC(167) Reclaimed:         -                  -              4440M (54%)        5128M (63%)            -                  -          
[284.356s][info][gc          ] GC(167) Garbage Collection (System.gc()) 5274M(64%)->146M(2%)
[285.031s][info][gc,start    ] GC(168) Garbage Collection (Allocation Rate)
[285.031s][info][gc,task     ] GC(168) Using 2 workers
[285.031s][info][gc,phases   ] GC(168) Pause Mark Start 0.013ms
[285.109s][info][gc,phases   ] GC(168) Concurrent Mark 75.686ms
[285.109s][info][gc,phases   ] GC(168) Pause Mark End 0.018ms
[285.109s][info][gc,phases   ] GC(168) Concurrent Mark Free 0.001ms
[285.115s][info][gc,phases   ] GC(168) Concurrent Process Non-Strong References 5.167ms
[285.115s][info][gc,phases   ] GC(168) Concurrent Reset Relocation Set 0.033ms
[285.118s][info][gc,phases   ] GC(168) Concurrent Select Relocation Set 3.457ms
[285.118s][info][gc,phases   ] GC(168) Pause Relocate Start 0.008ms
[285.119s][info][gc,phases   ] GC(168) Concurrent Relocate 0.280ms
[285.119s][info][gc,load     ] GC(168) Load: 0.00/0.00/0.00
[285.119s][info][gc,mmu      ] GC(168) MMU: 2ms/80.5%, 5ms/92.2%, 10ms/96.1%, 20ms/96.3%, 50ms/97.1%, 100ms/97.5%
[285.119s][info][gc,marking  ] GC(168) Mark: 2 stripe(s), 2 proactive flush(es), 1 terminate flush(es), 0 completion(s), 0 continuation(s) 
[285.119s][info][gc,marking  ] GC(168) Mark Stack Usage: 32M
[285.119s][info][gc,nmethod  ] GC(168) NMethods: 4779 registered, 0 unregistered
[285.119s][info][gc,metaspace] GC(168) Metaspace: 33M used, 33M committed, 1088M reserved
[285.119s][info][gc,ref      ] GC(168) Soft: 4016 encountered, 0 discovered, 0 enqueued
[285.119s][info][gc,ref      ] GC(168) Weak: 1717 encountered, 58 discovered, 0 enqueued
[285.119s][info][gc,ref      ] GC(168) Final: 7 encountered, 5 discovered, 0 enqueued
[285.119s][info][gc,ref      ] GC(168) Phantom: 714 encountered, 643 discovered, 0 enqueued
[285.119s][info][gc,reloc    ] GC(168) Small Pages: 2566 / 5132M, Empty: 4994M, Relocated: 0M, In-Place: 0
[285.119s][info][gc,reloc    ] GC(168) Medium Pages: 1 / 32M, Empty: 0M, Relocated: 0M, In-Place: 0
[285.119s][info][gc,reloc    ] GC(168) Large Pages: 0 / 0M, Empty: 0M, Relocated: 0M, In-Place: 0
[285.119s][info][gc,reloc    ] GC(168) Forwarding Usage: 0M
[285.119s][info][gc,heap     ] GC(168) Min Capacity: 8192M(100%)
[285.119s][info][gc,heap     ] GC(168) Max Capacity: 8192M(100%)
[285.119s][info][gc,heap     ] GC(168) Soft Max Capacity: 8192M(100%)
[285.119s][info][gc,heap     ] GC(168)                Mark Start          Mark End        Relocate Start      Relocate End           High               Low         
[285.119s][info][gc,heap     ] GC(168)  Capacity:     8192M (100%)       8192M (100%)       8192M (100%)       8192M (100%)       8192M (100%)       8192M (100%)   
[285.119s][info][gc,heap     ] GC(168)      Free:     3028M (37%)        2754M (34%)        7710M (94%)        7732M (94%)        7732M (94%)        2730M (33%)    
[285.119s][info][gc,heap     ] GC(168)      Used:     5164M (63%)        5438M (66%)         482M (6%)          460M (6%)         5462M (67%)         460M (6%)     
[285.119s][info][gc,heap     ] GC(168)      Live:         -               123M (2%)          123M (2%)          123M (2%)             -                  -          
[285.119s][info][gc,heap     ] GC(168) Allocated:         -               274M (3%)          312M (4%)          312M (4%)             -                  -          
[285.119s][info][gc,heap     ] GC(168)   Garbage:         -              5040M (62%)          46M (1%)           24M (0%)             -                  -          
[285.119s][info][gc,heap     ] GC(168) Reclaimed:         -                  -              4994M (61%)        5016M (61%)            -                  -          
[285.119s][info][gc          ] GC(168) Garbage Collection (Allocation Rate) 5164M(63%)->460M(6%)
[286.129s][info][gc,start    ] GC(169) Garbage Collection (Allocation Rate)
[286.129s][info][gc,task     ] GC(169) Using 1 workers
[286.130s][info][gc,phases   ] GC(169) Pause Mark Start 0.007ms
[286.254s][info][gc,phases   ] GC(169) Concurrent Mark 124.329ms
[286.254s][info][gc,phases   ] GC(169) Pause Mark End 0.010ms
[286.255s][info][gc,phases   ] GC(169) Concurrent Mark Free 0.000ms
[286.265s][info][gc,phases   ] GC(169) Concurrent Process Non-Strong References 10.072ms
[286.265s][info][gc,phases   ] GC(169) Concurrent Reset Relocation Set 0.003ms
[286.268s][info][gc,phases   ] GC(169) Concurrent Select Relocation Set 3.034ms
[286.268s][info][gc,phases   ] GC(169) Pause Relocate Start 0.008ms
[286.268s][info][gc,phases   ] GC(169) Concurrent Relocate 0.321ms
[286.268s][info][gc,load     ] GC(169) Load: 0.00/0.00/0.00
[286.268s][info][gc,mmu      ] GC(169) MMU: 2ms/80.5%, 5ms/92.2%, 10ms/96.1%, 20ms/96.3%, 50ms/97.1%, 100ms/97.5%
[286.268s][info][gc,marking  ] GC(169) Mark: 1 stripe(s), 2 proactive flush(es), 1 terminate flush(es), 0 completion(s), 0 continuation(s) 
[286.268s][info][gc,marking  ] GC(169) Mark Stack Usage: 32M
[286.268s][info][gc,nmethod  ] GC(169) NMethods: 4779 registered, 0 unregistered
[286.268s][info][gc,metaspace] GC(169) Metaspace: 33M used, 33M committed, 1088M reserved
[286.268s][info][gc,ref      ] GC(169) Soft: 4016 encountered, 0 discovered, 0 enqueued
[286.268s][info][gc,ref      ] GC(169) Weak: 1732 encountered, 1284 discovered, 0 enqueued
[286.268s][info][gc,ref      ] GC(169) Final: 7 encountered, 7 discovered, 0 enqueued
[286.268s][info][gc,ref      ] GC(169) Phantom: 714 encountered, 665 discovered, 0 enqueued
[286.268s][info][gc,reloc    ] GC(169) Small Pages: 3001 / 6002M, Empty: 5862M, Relocated: 0M, In-Place: 0
[286.268s][info][gc,reloc    ] GC(169) Medium Pages: 1 / 32M, Empty: 0M, Relocated: 0M, In-Place: 0
[286.268s][info][gc,reloc    ] GC(169) Large Pages: 0 / 0M, Empty: 0M, Relocated: 0M, In-Place: 0
[286.268s][info][gc,reloc    ] GC(169) Forwarding Usage: 0M
[286.268s][info][gc,heap     ] GC(169) Min Capacity: 8192M(100%)
[286.268s][info][gc,heap     ] GC(169) Max Capacity: 8192M(100%)
[286.268s][info][gc,heap     ] GC(169) Soft Max Capacity: 8192M(100%)
[286.268s][info][gc,heap     ] GC(169)                Mark Start          Mark End        Relocate Start      Relocate End           High               Low         
[286.268s][info][gc,heap     ] GC(169)  Capacity:     8192M (100%)       8192M (100%)       8192M (100%)       8192M (100%)       8192M (100%)       8192M (100%)   
[286.268s][info][gc,heap     ] GC(169)      Free:     2158M (26%)        1676M (20%)        7484M (91%)        7510M (92%)        7510M (92%)        1640M (20%)    
[286.268s][info][gc,heap     ] GC(169)      Used:     6034M (74%)        6516M (80%)         708M (9%)          682M (8%)         6552M (80%)         682M (8%)     
[286.268s][info][gc,heap     ] GC(169)      Live:         -               123M (2%)          123M (2%)          123M (2%)             -                  -          
[286.268s][info][gc,heap     ] GC(169) Allocated:         -               482M (6%)          536M (7%)          535M (7%)             -                  -          
[286.268s][info][gc,heap     ] GC(169)   Garbage:         -              5910M (72%)          48M (1%)           22M (0%)             -                  -          
[286.268s][info][gc,heap     ] GC(169) Reclaimed:         -                  -              5862M (72%)        5887M (72%)            -                  -          
[286.268s][info][gc          ] GC(169) Garbage Collection (Allocation Rate) 6034M(74%)->682M(8%)
[290.121s][info][gc,start    ] GC(170) Garbage Collection (Allocation Rate)
[290.121s][info][gc,task     ] GC(170) Using 1 workers
[290.121s][info][gc,phases   ] GC(170) Pause Mark Start 0.006ms
[290.290s][info][gc,phases   ] GC(170) Concurrent Mark 168.087ms
[290.290s][info][gc,phases   ] GC(170) Pause Mark End 0.039ms
[290.290s][info][gc,phases   ] GC(170) Concurrent Mark Free 0.001ms
[290.301s][info][gc,phases   ] GC(170) Concurrent Process Non-Strong References 10.874ms
[290.301s][info][gc,phases   ] GC(170) Concurrent Reset Relocation Set 0.002ms
[290.307s][info][gc,phases   ] GC(170) Concurrent Select Relocation Set 5.906ms
[290.307s][info][gc,phases   ] GC(170) Pause Relocate Start 0.015ms
[290.321s][info][gc,stats    ] === Garbage Collection Statistics =======================================================================================================================
[290.321s][info][gc,stats    ]                                                              Last 10s              Last 10m              Last 10h                Total
[290.321s][info][gc,stats    ]                                                              Avg / Max             Avg / Max             Avg / Max             Avg / Max
[290.321s][info][gc,stats    ]   Collector: Garbage Collection Cycle                     99.580 / 138.921     125.676 / 379.439     125.676 / 379.439     125.676 / 379.439     ms
[290.321s][info][gc,stats    ]  Contention: Mark Segment Reset Contention                     0 / 2                 0 / 115               0 / 115               0 / 115         ops/s
[290.321s][info][gc,stats    ]  Contention: Mark SeqNum Reset Contention                      0 / 0                 0 / 2                 0 / 2                 0 / 2           ops/s
[290.321s][info][gc,stats    ]    Critical: Allocation Stall                                  0 / 0                 0 / 0                 0 / 0                 0 / 0           ops/s
[290.321s][info][gc,stats    ]    Critical: Allocation Stall                              0.000 / 0.000         0.000 / 0.000         0.000 / 0.000         0.000 / 0.000       ms
[290.321s][info][gc,stats    ]    Critical: GC Locker Stall                                   0 / 0                 0 / 0                 0 / 0                 0 / 0           ops/s
[290.321s][info][gc,stats    ]    Critical: GC Locker Stall                               0.000 / 0.000         0.000 / 0.000         0.000 / 0.000         0.000 / 0.000       ms
[290.321s][info][gc,stats    ]    Critical: Relocation Stall                                  0 / 0                 0 / 0                 0 / 0                 0 / 0           ops/s
[290.321s][info][gc,stats    ]    Critical: Relocation Stall                              0.000 / 0.000         0.000 / 0.000         0.000 / 0.000         0.000 / 0.000       ms
[290.321s][info][gc,stats    ]      Memory: Allocation Rate                                2292 / 6510           2736 / 6636           2736 / 6636           2736 / 6636        MB/s
[290.321s][info][gc,stats    ]      Memory: Out Of Memory                                     0 / 0                 0 / 0                 0 / 0                 0 / 0           ops/s
[290.321s][info][gc,stats    ]      Memory: Page Cache Flush                                176 / 576              86 / 664              86 / 664              86 / 664         MB/s
[290.321s][info][gc,stats    ]      Memory: Page Cache Hit L1                               884 / 3183           1165 / 3321           1165 / 3321           1165 / 3321        ops/s
[290.321s][info][gc,stats    ]      Memory: Page Cache Hit L2                                 0 / 0                 0 / 0                 0 / 0                 0 / 0           ops/s
[290.321s][info][gc,stats    ]      Memory: Page Cache Hit L3                                54 / 390              44 / 635              44 / 635              44 / 635         ops/s
[290.321s][info][gc,stats    ]      Memory: Page Cache Miss                                  18 / 61                9 / 70                9 / 70                9 / 70          ops/s
[290.321s][info][gc,stats    ]      Memory: Uncommit                                          0 / 0                 0 / 0                 0 / 0                 0 / 0           MB/s
[290.321s][info][gc,stats    ]      Memory: Undo Object Allocation Failed                     0 / 0                 0 / 2                 0 / 2                 0 / 2           ops/s
[290.321s][info][gc,stats    ]      Memory: Undo Object Allocation Succeeded                  0 / 0                 0 / 94                0 / 94                0 / 94          ops/s
[290.321s][info][gc,stats    ]      Memory: Undo Page Allocation                              0 / 2                 0 / 8                 0 / 8                 0 / 8           ops/s
[290.321s][info][gc,stats    ]       Phase: Concurrent Mark                             106.284 / 168.087      99.497 / 190.432      99.497 / 190.432      99.497 / 190.432     ms
[290.321s][info][gc,stats    ]       Phase: Concurrent Mark Continue                      0.000 / 0.000        15.374 / 35.578       15.374 / 35.578       15.374 / 35.578      ms
[290.321s][info][gc,stats    ]       Phase: Concurrent Mark Free                          0.001 / 0.002         0.001 / 0.004         0.001 / 0.004         0.001 / 0.004       ms
[290.321s][info][gc,stats    ]       Phase: Concurrent Process Non-Strong References      7.929 / 10.874        8.228 / 31.000        8.228 / 31.000        8.228 / 31.000      ms
[290.321s][info][gc,stats    ]       Phase: Concurrent Relocate                           2.218 / 6.052         9.241 / 76.380        9.241 / 76.380        9.241 / 76.380      ms
[290.321s][info][gc,stats    ]       Phase: Concurrent Reset Relocation Set               0.010 / 0.033         0.010 / 0.049         0.010 / 0.049         0.010 / 0.049       ms
[290.321s][info][gc,stats    ]       Phase: Concurrent Select Relocation Set              3.758 / 5.906         3.599 / 13.402        3.599 / 13.402        3.599 / 13.402      ms
[290.321s][info][gc,stats    ]       Phase: Pause Mark End                                0.021 / 0.039         0.060 / 0.390         0.060 / 0.390         0.060 / 0.390       ms
[290.321s][info][gc,stats    ]       Phase: Pause Mark Start                              0.008 / 0.013         0.008 / 0.022         0.008 / 0.022         0.008 / 0.022       ms
[290.321s][info][gc,stats    ]       Phase: Pause Relocate Start                          0.010 / 0.015         0.010 / 0.037         0.010 / 0.037         0.010 / 0.037       ms
[290.321s][info][gc,stats    ]    Subphase: Concurrent Classes Purge                      0.248 / 0.335         0.246 / 0.574         0.246 / 0.574         0.246 / 0.574       ms
[290.321s][info][gc,stats    ]    Subphase: Concurrent Classes Unlink                     6.206 / 8.985         5.736 / 23.760        5.736 / 23.760        5.736 / 23.760      ms
[290.321s][info][gc,stats    ]    Subphase: Concurrent Mark                              89.064 / 167.283      75.202 / 189.582      75.202 / 189.582      75.202 / 189.582     ms
[290.321s][info][gc,stats    ]    Subphase: Concurrent Mark Try Flush                     0.071 / 0.145         0.579 / 30.486        0.579 / 30.486        0.579 / 30.486      ms
[290.321s][info][gc,stats    ]    Subphase: Concurrent Mark Try Terminate                 1.983 / 11.236        3.242 / 16.837        3.242 / 16.837        3.242 / 16.837      ms
[290.321s][info][gc,stats    ]    Subphase: Concurrent References Enqueue                 0.004 / 0.007         0.003 / 0.008         0.003 / 0.008         0.003 / 0.008       ms
[290.321s][info][gc,stats    ]    Subphase: Concurrent References Process                 1.011 / 2.035         0.982 / 3.217         0.982 / 3.217         0.982 / 3.217       ms
[290.321s][info][gc,stats    ]    Subphase: Concurrent Roots ClassLoaderDataGraph         0.098 / 0.169         0.110 / 0.537         0.110 / 0.537         0.110 / 0.537       ms
[290.321s][info][gc,stats    ]    Subphase: Concurrent Roots CodeCache                    0.000 / 0.000         0.000 / 0.000         0.000 / 0.000         0.000 / 0.000       ms
[290.321s][info][gc,stats    ]    Subphase: Concurrent Roots JavaThreads                  0.312 / 0.480         0.360 / 1.258         0.360 / 1.258         0.360 / 1.258       ms
[290.321s][info][gc,stats    ]    Subphase: Concurrent Roots OopStorageSet                0.026 / 0.047         0.030 / 0.124         0.030 / 0.124         0.030 / 0.124       ms
[290.321s][info][gc,stats    ]    Subphase: Concurrent Weak Roots OopStorageSet           0.268 / 0.389         0.305 / 1.123         0.305 / 1.123         0.305 / 1.123       ms
[290.321s][info][gc,stats    ]    Subphase: Pause Mark Try Complete                       0.003 / 0.003         0.171 / 0.301         0.171 / 0.301         0.171 / 0.301       ms
[290.321s][info][gc,stats    ]      System: Java Threads                                     19 / 21               18 / 22               18 / 22               18 / 22          threads
[290.321s][info][gc,stats    ] =========================================================================================================================================================
[290.345s][info][gc,phases   ] GC(170) Concurrent Relocate 37.804ms
[290.345s][info][gc,load     ] GC(170) Load: 0.00/0.00/0.00
[290.345s][info][gc,mmu      ] GC(170) MMU: 2ms/80.5%, 5ms/92.2%, 10ms/96.1%, 20ms/96.3%, 50ms/97.1%, 100ms/97.5%
[290.345s][info][gc,marking  ] GC(170) Mark: 1 stripe(s), 3 proactive flush(es), 1 terminate flush(es), 1 completion(s), 0 continuation(s) 
[290.345s][info][gc,marking  ] GC(170) Mark Stack Usage: 32M
[290.345s][info][gc,nmethod  ] GC(170) NMethods: 4782 registered, 0 unregistered
[290.345s][info][gc,metaspace] GC(170) Metaspace: 33M used, 33M committed, 1088M reserved
[290.345s][info][gc,ref      ] GC(170) Soft: 4016 encountered, 0 discovered, 0 enqueued
[290.345s][info][gc,ref      ] GC(170) Weak: 20811 encountered, 18941 discovered, 6748 enqueued
[290.345s][info][gc,ref      ] GC(170) Final: 7 encountered, 7 discovered, 0 enqueued
[290.345s][info][gc,ref      ] GC(170) Phantom: 720 encountered, 671 discovered, 0 enqueued
[290.345s][info][gc,reloc    ] GC(170) Small Pages: 2746 / 5492M, Empty: 4758M, Relocated: 36M, In-Place: 0
[290.345s][info][gc,reloc    ] GC(170) Medium Pages: 24 / 768M, Empty: 704M, Relocated: 14M, In-Place: 0
[290.345s][info][gc,reloc    ] GC(170) Large Pages: 219 / 1528M, Empty: 1528M, Relocated: 0M, In-Place: 0
[290.345s][info][gc,reloc    ] GC(170) Forwarding Usage: 11M
[290.345s][info][gc,heap     ] GC(170) Min Capacity: 8192M(100%)
[290.345s][info][gc,heap     ] GC(170) Max Capacity: 8192M(100%)
[290.345s][info][gc,heap     ] GC(170) Soft Max Capacity: 8192M(100%)
[290.345s][info][gc,heap     ] GC(170)                Mark Start          Mark End        Relocate Start      Relocate End           High               Low         
[290.345s][info][gc,heap     ] GC(170)  Capacity:     8192M (100%)       8192M (100%)       8192M (100%)       8192M (100%)       8192M (100%)       8192M (100%)   
[290.345s][info][gc,heap     ] GC(170)      Free:      404M (5%)          254M (3%)         7224M (88%)        7828M (96%)        7828M (96%)         242M (3%)     
[290.345s][info][gc,heap     ] GC(170)      Used:     7788M (95%)        7938M (97%)         968M (12%)         364M (4%)         7950M (97%)         364M (4%)     
[290.345s][info][gc,heap     ] GC(170)      Live:         -               151M (2%)          151M (2%)          151M (2%)             -                  -          
[290.345s][info][gc,heap     ] GC(170) Allocated:         -               150M (2%)          170M (2%)          191M (2%)             -                  -          
[290.345s][info][gc,heap     ] GC(170)   Garbage:         -              7636M (93%)         646M (8%)           21M (0%)             -                  -          
[290.345s][info][gc,heap     ] GC(170) Reclaimed:         -                  -              6990M (85%)        7615M (93%)            -                  -          
[290.345s][info][gc          ] GC(170) Garbage Collection (Allocation Rate) 7788M(95%)->364M(4%)
[291.212s][info][gc,start    ] GC(171) Garbage Collection (System.gc())
[291.212s][info][gc,task     ] GC(171) Using 2 workers
[291.212s][info][gc,phases   ] GC(171) Pause Mark Start 0.007ms
[291.279s][info][gc,phases   ] GC(171) Concurrent Mark 66.719ms
[291.279s][info][gc,phases   ] GC(171) Pause Mark End 0.023ms
[291.279s][info][gc,phases   ] GC(171) Concurrent Mark Free 0.002ms
[291.287s][info][gc,phases   ] GC(171) Concurrent Process Non-Strong References 7.613ms
[291.287s][info][gc,phases   ] GC(171) Concurrent Reset Relocation Set 0.022ms
[291.289s][info][gc,phases   ] GC(171) Concurrent Select Relocation Set 2.143ms
[291.289s][info][gc,phases   ] GC(171) Pause Relocate Start 0.010ms
[291.296s][info][gc,phases   ] GC(171) Concurrent Relocate 6.613ms
[291.296s][info][gc,load     ] GC(171) Load: 0.00/0.00/0.00
[291.296s][info][gc,mmu      ] GC(171) MMU: 2ms/80.5%, 5ms/92.2%, 10ms/96.1%, 20ms/96.3%, 50ms/97.1%, 100ms/97.5%
[291.296s][info][gc,marking  ] GC(171) Mark: 2 stripe(s), 1 proactive flush(es), 1 terminate flush(es), 0 completion(s), 0 continuation(s) 
[291.296s][info][gc,marking  ] GC(171) Mark Stack Usage: 32M
[291.296s][info][gc,nmethod  ] GC(171) NMethods: 4784 registered, 0 unregistered
[291.296s][info][gc,metaspace] GC(171) Metaspace: 33M used, 33M committed, 1088M reserved
[291.296s][info][gc,ref      ] GC(171) Soft: 4016 encountered, 0 discovered, 0 enqueued
[291.296s][info][gc,ref      ] GC(171) Weak: 22474 encountered, 21786 discovered, 20760 enqueued
[291.296s][info][gc,ref      ] GC(171) Final: 7 encountered, 7 discovered, 0 enqueued
[291.296s][info][gc,ref      ] GC(171) Phantom: 714 encountered, 652 discovered, 0 enqueued
[291.296s][info][gc,reloc    ] GC(171) Small Pages: 361 / 722M, Empty: 228M, Relocated: 10M, In-Place: 0
[291.296s][info][gc,reloc    ] GC(171) Medium Pages: 9 / 288M, Empty: 224M, Relocated: 16M, In-Place: 0
[291.296s][info][gc,reloc    ] GC(171) Large Pages: 68 / 470M, Empty: 470M, Relocated: 0M, In-Place: 0
[291.296s][info][gc,reloc    ] GC(171) Forwarding Usage: 2M
[291.296s][info][gc,heap     ] GC(171) Min Capacity: 8192M(100%)
[291.296s][info][gc,heap     ] GC(171) Max Capacity: 8192M(100%)
[291.296s][info][gc,heap     ] GC(171) Soft Max Capacity: 8192M(100%)
[291.296s][info][gc,heap     ] GC(171)                Mark Start          Mark End        Relocate Start      Relocate End           High               Low         
[291.296s][info][gc,heap     ] GC(171)  Capacity:     8192M (100%)       8192M (100%)       8192M (100%)       8192M (100%)       8192M (100%)       8192M (100%)   
[291.296s][info][gc,heap     ] GC(171)      Free:     6712M (82%)        6712M (82%)        7634M (93%)        8046M (98%)        8046M (98%)        6712M (82%)    
[291.296s][info][gc,heap     ] GC(171)      Used:     1480M (18%)        1480M (18%)         558M (7%)          146M (2%)         1480M (18%)         146M (2%)     
[291.296s][info][gc,heap     ] GC(171)      Live:         -               126M (2%)          126M (2%)          126M (2%)             -                  -          
[291.296s][info][gc,heap     ] GC(171) Allocated:         -                 0M (0%)            0M (0%)            0M (0%)             -                  -          
[291.296s][info][gc,heap     ] GC(171)   Garbage:         -              1353M (17%)         431M (5%)           19M (0%)             -                  -          
[291.296s][info][gc,heap     ] GC(171) Reclaimed:         -                  -               922M (11%)        1334M (16%)            -                  -          
[291.296s][info][gc          ] GC(171) Garbage Collection (System.gc()) 1480M(18%)->146M(2%)
[291.922s][info][gc,start    ] GC(172) Garbage Collection (Allocation Rate)
[291.922s][info][gc,task     ] GC(172) Using 2 workers
[291.922s][info][gc,phases   ] GC(172) Pause Mark Start 0.011ms
[292.016s][info][gc,phases   ] GC(172) Concurrent Mark 62.424ms
[292.017s][info][gc,phases   ] GC(172) Pause Mark End 0.013ms
[292.017s][info][gc,phases   ] GC(172) Concurrent Mark Free 0.001ms
[292.021s][info][gc,phases   ] GC(172) Concurrent Process Non-Strong References 4.656ms
[292.021s][info][gc,phases   ] GC(172) Concurrent Reset Relocation Set 0.015ms
[292.024s][info][gc,phases   ] GC(172) Concurrent Select Relocation Set 2.646ms
[292.024s][info][gc,phases   ] GC(172) Pause Relocate Start 0.011ms
[292.025s][info][gc,phases   ] GC(172) Concurrent Relocate 0.447ms
[292.025s][info][gc,load     ] GC(172) Load: 0.00/0.00/0.00
[292.025s][info][gc,mmu      ] GC(172) MMU: 2ms/80.5%, 5ms/92.2%, 10ms/96.1%, 20ms/96.3%, 50ms/97.1%, 100ms/97.5%
[292.025s][info][gc,marking  ] GC(172) Mark: 2 stripe(s), 2 proactive flush(es), 1 terminate flush(es), 0 completion(s), 0 continuation(s) 
[292.025s][info][gc,marking  ] GC(172) Mark Stack Usage: 32M
[292.025s][info][gc,nmethod  ] GC(172) NMethods: 4784 registered, 0 unregistered
[292.025s][info][gc,metaspace] GC(172) Metaspace: 33M used, 33M committed, 1088M reserved
[292.025s][info][gc,ref      ] GC(172) Soft: 4016 encountered, 0 discovered, 0 enqueued
[292.025s][info][gc,ref      ] GC(172) Weak: 1732 encountered, 54 discovered, 0 enqueued
[292.025s][info][gc,ref      ] GC(172) Final: 7 encountered, 7 discovered, 0 enqueued
[292.025s][info][gc,ref      ] GC(172) Phantom: 714 encountered, 646 discovered, 0 enqueued
[292.025s][info][gc,reloc    ] GC(172) Small Pages: 2365 / 4730M, Empty: 4592M, Relocated: 0M, In-Place: 0
[292.025s][info][gc,reloc    ] GC(172) Medium Pages: 1 / 32M, Empty: 0M, Relocated: 0M, In-Place: 0
[292.025s][info][gc,reloc    ] GC(172) Large Pages: 0 / 0M, Empty: 0M, Relocated: 0M, In-Place: 0
[292.025s][info][gc,reloc    ] GC(172) Forwarding Usage: 0M
[292.025s][info][gc,heap     ] GC(172) Min Capacity: 8192M(100%)
[292.025s][info][gc,heap     ] GC(172) Max Capacity: 8192M(100%)
[292.025s][info][gc,heap     ] GC(172) Soft Max Capacity: 8192M(100%)
[292.025s][info][gc,heap     ] GC(172)                Mark Start          Mark End        Relocate Start      Relocate End           High               Low         
[292.025s][info][gc,heap     ] GC(172)  Capacity:     8192M (100%)       8192M (100%)       8192M (100%)       8192M (100%)       8192M (100%)       8192M (100%)   
[292.025s][info][gc,heap     ] GC(172)      Free:     3430M (42%)        2970M (36%)        7550M (92%)        7572M (92%)        7572M (92%)        2964M (36%)    
[292.025s][info][gc,heap     ] GC(172)      Used:     4762M (58%)        5222M (64%)         642M (8%)          620M (8%)         5228M (64%)         620M (8%)     
[292.025s][info][gc,heap     ] GC(172)      Live:         -               126M (2%)          126M (2%)          126M (2%)             -                  -          
[292.025s][info][gc,heap     ] GC(172) Allocated:         -               460M (6%)          472M (6%)          471M (6%)             -                  -          
[292.025s][info][gc,heap     ] GC(172)   Garbage:         -              4635M (57%)          43M (1%)           21M (0%)             -                  -          
[292.025s][info][gc,heap     ] GC(172) Reclaimed:         -                  -              4592M (56%)        4613M (56%)            -                  -          
[292.025s][info][gc          ] GC(172) Garbage Collection (Allocation Rate) 4762M(58%)->620M(8%)
[292.729s][info][gc,start    ] GC(173) Garbage Collection (Allocation Rate)
[292.729s][info][gc,task     ] GC(173) Using 1 workers
[292.729s][info][gc,phases   ] GC(173) Pause Mark Start 0.008ms
[292.869s][info][gc,phases   ] GC(173) Concurrent Mark 139.644ms
[292.869s][info][gc,phases   ] GC(173) Pause Mark End 0.010ms
[292.869s][info][gc,phases   ] GC(173) Concurrent Mark Free 0.000ms
[292.882s][info][gc,phases   ] GC(173) Concurrent Process Non-Strong References 12.553ms
[292.882s][info][gc,phases   ] GC(173) Concurrent Reset Relocation Set 0.004ms
[292.885s][info][gc,phases   ] GC(173) Concurrent Select Relocation Set 3.379ms
[292.885s][info][gc,phases   ] GC(173) Pause Relocate Start 0.009ms
[292.886s][info][gc,phases   ] GC(173) Concurrent Relocate 0.348ms
[292.886s][info][gc,load     ] GC(173) Load: 0.00/0.00/0.00
[292.886s][info][gc,mmu      ] GC(173) MMU: 2ms/80.5%, 5ms/92.2%, 10ms/96.1%, 20ms/96.3%, 50ms/97.1%, 100ms/97.5%
[292.886s][info][gc,marking  ] GC(173) Mark: 1 stripe(s), 2 proactive flush(es), 1 terminate flush(es), 0 completion(s), 0 continuation(s) 
[292.886s][info][gc,marking  ] GC(173) Mark Stack Usage: 32M
[292.886s][info][gc,nmethod  ] GC(173) NMethods: 4784 registered, 0 unregistered
[292.886s][info][gc,metaspace] GC(173) Metaspace: 33M used, 33M committed, 1088M reserved
[292.886s][info][gc,ref      ] GC(173) Soft: 4016 encountered, 0 discovered, 0 enqueued
[292.886s][info][gc,ref      ] GC(173) Weak: 1732 encountered, 1284 discovered, 0 enqueued
[292.886s][info][gc,ref      ] GC(173) Final: 7 encountered, 7 discovered, 0 enqueued
[292.886s][info][gc,ref      ] GC(173) Phantom: 714 encountered, 665 discovered, 0 enqueued
[292.886s][info][gc,reloc    ] GC(173) Small Pages: 2253 / 4506M, Empty: 4364M, Relocated: 0M, In-Place: 0
[292.886s][info][gc,reloc    ] GC(173) Medium Pages: 1 / 32M, Empty: 0M, Relocated: 0M, In-Place: 0
[292.886s][info][gc,reloc    ] GC(173) Large Pages: 0 / 0M, Empty: 0M, Relocated: 0M, In-Place: 0
[292.886s][info][gc,reloc    ] GC(173) Forwarding Usage: 0M
[292.886s][info][gc,heap     ] GC(173) Min Capacity: 8192M(100%)
[292.886s][info][gc,heap     ] GC(173) Max Capacity: 8192M(100%)
[292.886s][info][gc,heap     ] GC(173) Soft Max Capacity: 8192M(100%)
[292.886s][info][gc,heap     ] GC(173)                Mark Start          Mark End        Relocate Start      Relocate End           High               Low         
[292.886s][info][gc,heap     ] GC(173)  Capacity:     8192M (100%)       8192M (100%)       8192M (100%)       8192M (100%)       8192M (100%)       8192M (100%)   
[292.886s][info][gc,heap     ] GC(173)      Free:     3654M (45%)        2930M (36%)        7200M (88%)        7228M (88%)        7228M (88%)        2856M (35%)    
[292.886s][info][gc,heap     ] GC(173)      Used:     4538M (55%)        5262M (64%)         992M (12%)         964M (12%)        5336M (65%)         964M (12%)    
[292.886s][info][gc,heap     ] GC(173)      Live:         -               126M (2%)          126M (2%)          126M (2%)             -                  -          
[292.886s][info][gc,heap     ] GC(173) Allocated:         -               724M (9%)          818M (10%)         817M (10%)            -                  -          
[292.886s][info][gc,heap     ] GC(173)   Garbage:         -              4411M (54%)          47M (1%)           19M (0%)             -                  -          
[292.886s][info][gc,heap     ] GC(173) Reclaimed:         -                  -              4364M (53%)        4391M (54%)            -                  -          
[292.886s][info][gc          ] GC(173) Garbage Collection (Allocation Rate) 4538M(55%)->964M(12%)
[293.921s][info][gc,start    ] GC(174) Garbage Collection (Allocation Rate)
[293.921s][info][gc,task     ] GC(174) Using 1 workers
[293.921s][info][gc,phases   ] GC(174) Pause Mark Start 0.007ms
[294.016s][info][gc,phases   ] GC(174) Concurrent Mark 94.848ms
[294.016s][info][gc,phases   ] GC(174) Pause Mark End 0.011ms
[294.016s][info][gc,phases   ] GC(174) Concurrent Mark Free 0.001ms
[294.025s][info][gc,phases   ] GC(174) Concurrent Process Non-Strong References 8.671ms
[294.025s][info][gc,phases   ] GC(174) Concurrent Reset Relocation Set 0.002ms
[294.027s][info][gc,phases   ] GC(174) Concurrent Select Relocation Set 2.240ms
[294.027s][info][gc,phases   ] GC(174) Pause Relocate Start 0.010ms
[294.028s][info][gc,phases   ] GC(174) Concurrent Relocate 0.612ms
[294.028s][info][gc,load     ] GC(174) Load: 0.00/0.00/0.00
[294.028s][info][gc,mmu      ] GC(174) MMU: 2ms/80.5%, 5ms/92.2%, 10ms/96.1%, 20ms/96.3%, 50ms/97.1%, 100ms/97.5%
[294.028s][info][gc,marking  ] GC(174) Mark: 1 stripe(s), 2 proactive flush(es), 1 terminate flush(es), 0 completion(s), 0 continuation(s) 
[294.028s][info][gc,marking  ] GC(174) Mark Stack Usage: 32M
[294.028s][info][gc,nmethod  ] GC(174) NMethods: 4784 registered, 0 unregistered
[294.028s][info][gc,metaspace] GC(174) Metaspace: 33M used, 33M committed, 1088M reserved
[294.028s][info][gc,ref      ] GC(174) Soft: 4016 encountered, 0 discovered, 0 enqueued
[294.028s][info][gc,ref      ] GC(174) Weak: 1732 encountered, 1297 discovered, 12 enqueued
[294.028s][info][gc,ref      ] GC(174) Final: 7 encountered, 7 discovered, 0 enqueued
[294.028s][info][gc,ref      ] GC(174) Phantom: 714 encountered, 665 discovered, 0 enqueued
[294.028s][info][gc,reloc    ] GC(174) Small Pages: 2981 / 5962M, Empty: 5798M, Relocated: 0M, In-Place: 0
[294.028s][info][gc,reloc    ] GC(174) Medium Pages: 1 / 32M, Empty: 0M, Relocated: 0M, In-Place: 0
[294.028s][info][gc,reloc    ] GC(174) Large Pages: 0 / 0M, Empty: 0M, Relocated: 0M, In-Place: 0
[294.028s][info][gc,reloc    ] GC(174) Forwarding Usage: 0M
[294.028s][info][gc,heap     ] GC(174) Min Capacity: 8192M(100%)
[294.028s][info][gc,heap     ] GC(174) Max Capacity: 8192M(100%)
[294.028s][info][gc,heap     ] GC(174) Soft Max Capacity: 8192M(100%)
[294.028s][info][gc,heap     ] GC(174)                Mark Start          Mark End        Relocate Start      Relocate End           High               Low         
[294.028s][info][gc,heap     ] GC(174)  Capacity:     8192M (100%)       8192M (100%)       8192M (100%)       8192M (100%)       8192M (100%)       8192M (100%)   
[294.028s][info][gc,heap     ] GC(174)      Free:     2198M (27%)        2104M (26%)        7882M (96%)        7932M (97%)        7932M (97%)        2092M (26%)    
[294.028s][info][gc,heap     ] GC(174)      Used:     5994M (73%)        6088M (74%)         310M (4%)          260M (3%)         6100M (74%)         260M (3%)     
[294.028s][info][gc,heap     ] GC(174)      Live:         -               126M (2%)          126M (2%)          126M (2%)             -                  -          
[294.028s][info][gc,heap     ] GC(174) Allocated:         -                94M (1%)          114M (1%)          114M (1%)             -                  -          
[294.028s][info][gc,heap     ] GC(174)   Garbage:         -              5867M (72%)          69M (1%)           19M (0%)             -                  -          
[294.028s][info][gc,heap     ] GC(174) Reclaimed:         -                  -              5798M (71%)        5848M (71%)            -                  -          
[294.028s][info][gc          ] GC(174) Garbage Collection (Allocation Rate) 5994M(73%)->260M(3%)
[298.049s][info][gc,start    ] GC(175) Garbage Collection (System.gc())
[298.049s][info][gc,task     ] GC(175) Using 2 workers
[298.049s][info][gc,phases   ] GC(175) Pause Mark Start 0.005ms
[298.103s][info][gc,phases   ] GC(175) Concurrent Mark 53.547ms
[298.103s][info][gc,phases   ] GC(175) Pause Mark End 0.014ms
[298.103s][info][gc,phases   ] GC(175) Concurrent Mark Free 0.001ms
[298.108s][info][gc,phases   ] GC(175) Concurrent Process Non-Strong References 5.289ms
[298.108s][info][gc,phases   ] GC(175) Concurrent Reset Relocation Set 0.002ms
[298.111s][info][gc,phases   ] GC(175) Concurrent Select Relocation Set 2.756ms
[298.111s][info][gc,phases   ] GC(175) Pause Relocate Start 0.010ms
[298.118s][info][gc,phases   ] GC(175) Concurrent Relocate 6.624ms
[298.118s][info][gc,load     ] GC(175) Load: 0.00/0.00/0.00
[298.118s][info][gc,mmu      ] GC(175) MMU: 2ms/80.5%, 5ms/92.2%, 10ms/96.1%, 20ms/96.3%, 50ms/97.1%, 100ms/97.5%
[298.118s][info][gc,marking  ] GC(175) Mark: 2 stripe(s), 1 proactive flush(es), 1 terminate flush(es), 0 completion(s), 0 continuation(s) 
[298.118s][info][gc,marking  ] GC(175) Mark Stack Usage: 32M
[298.118s][info][gc,nmethod  ] GC(175) NMethods: 4784 registered, 0 unregistered
[298.118s][info][gc,metaspace] GC(175) Metaspace: 33M used, 33M committed, 1088M reserved
[298.118s][info][gc,ref      ] GC(175) Soft: 4016 encountered, 0 discovered, 0 enqueued
[298.118s][info][gc,ref      ] GC(175) Weak: 23256 encountered, 21597 discovered, 21541 enqueued
[298.118s][info][gc,ref      ] GC(175) Final: 7 encountered, 6 discovered, 0 enqueued
[298.118s][info][gc,ref      ] GC(175) Phantom: 714 encountered, 615 discovered, 0 enqueued
[298.118s][info][gc,reloc    ] GC(175) Small Pages: 1048 / 2096M, Empty: 1304M, Relocated: 10M, In-Place: 0
[298.118s][info][gc,reloc    ] GC(175) Medium Pages: 31 / 992M, Empty: 928M, Relocated: 16M, In-Place: 0
[298.118s][info][gc,reloc    ] GC(175) Large Pages: 281 / 1952M, Empty: 1952M, Relocated: 0M, In-Place: 0
[298.118s][info][gc,reloc    ] GC(175) Forwarding Usage: 3M
[298.118s][info][gc,heap     ] GC(175) Min Capacity: 8192M(100%)
[298.118s][info][gc,heap     ] GC(175) Max Capacity: 8192M(100%)
[298.118s][info][gc,heap     ] GC(175) Soft Max Capacity: 8192M(100%)
[298.118s][info][gc,heap     ] GC(175)                Mark Start          Mark End        Relocate Start      Relocate End           High               Low         
[298.118s][info][gc,heap     ] GC(175)  Capacity:     8192M (100%)       8192M (100%)       8192M (100%)       8192M (100%)       8192M (100%)       8192M (100%)   
[298.118s][info][gc,heap     ] GC(175)      Free:     3152M (38%)        3152M (38%)        7336M (90%)        8046M (98%)        8046M (98%)        3152M (38%)    
[298.118s][info][gc,heap     ] GC(175)      Used:     5040M (62%)        5040M (62%)         856M (10%)         146M (2%)         5040M (62%)         146M (2%)     
[298.118s][info][gc,heap     ] GC(175)      Live:         -               126M (2%)          126M (2%)          126M (2%)             -                  -          
[298.118s][info][gc,heap     ] GC(175) Allocated:         -                 0M (0%)            0M (0%)            0M (0%)             -                  -          
[298.118s][info][gc,heap     ] GC(175)   Garbage:         -              4913M (60%)         729M (9%)           19M (0%)             -                  -          
[298.118s][info][gc,heap     ] GC(175) Reclaimed:         -                  -              4184M (51%)        4894M (60%)            -                  -          
[298.118s][info][gc          ] GC(175) Garbage Collection (System.gc()) 5040M(62%)->146M(2%)
[298.826s][info][gc,start    ] GC(176) Garbage Collection (Allocation Rate)
[298.826s][info][gc,task     ] GC(176) Using 2 workers
[298.826s][info][gc,phases   ] GC(176) Pause Mark Start 0.008ms
[298.920s][info][gc,phases   ] GC(176) Concurrent Mark 93.791ms
[298.920s][info][gc,phases   ] GC(176) Pause Mark End 0.015ms
[298.920s][info][gc,phases   ] GC(176) Concurrent Mark Free 0.001ms
[298.925s][info][gc,phases   ] GC(176) Concurrent Process Non-Strong References 4.754ms
[298.925s][info][gc,phases   ] GC(176) Concurrent Reset Relocation Set 0.022ms
[298.928s][info][gc,phases   ] GC(176) Concurrent Select Relocation Set 2.757ms
[298.928s][info][gc,phases   ] GC(176) Pause Relocate Start 0.007ms
[298.928s][info][gc,phases   ] GC(176) Concurrent Relocate 0.455ms
[298.928s][info][gc,load     ] GC(176) Load: 0.00/0.00/0.00
[298.928s][info][gc,mmu      ] GC(176) MMU: 2ms/80.5%, 5ms/92.2%, 10ms/96.1%, 20ms/96.3%, 50ms/97.1%, 100ms/97.5%
[298.928s][info][gc,marking  ] GC(176) Mark: 2 stripe(s), 4 proactive flush(es), 1 terminate flush(es), 0 completion(s), 0 continuation(s) 
[298.928s][info][gc,marking  ] GC(176) Mark Stack Usage: 32M
[298.928s][info][gc,nmethod  ] GC(176) NMethods: 4784 registered, 0 unregistered
[298.928s][info][gc,metaspace] GC(176) Metaspace: 33M used, 33M committed, 1088M reserved
[298.928s][info][gc,ref      ] GC(176) Soft: 4016 encountered, 0 discovered, 0 enqueued
[298.928s][info][gc,ref      ] GC(176) Weak: 1733 encountered, 49 discovered, 0 enqueued
[298.928s][info][gc,ref      ] GC(176) Final: 7 encountered, 7 discovered, 0 enqueued
[298.928s][info][gc,ref      ] GC(176) Phantom: 714 encountered, 640 discovered, 0 enqueued
[298.928s][info][gc,reloc    ] GC(176) Small Pages: 2643 / 5286M, Empty: 5140M, Relocated: 0M, In-Place: 0
[298.928s][info][gc,reloc    ] GC(176) Medium Pages: 1 / 32M, Empty: 0M, Relocated: 0M, In-Place: 0
[298.928s][info][gc,reloc    ] GC(176) Large Pages: 0 / 0M, Empty: 0M, Relocated: 0M, In-Place: 0
[298.928s][info][gc,reloc    ] GC(176) Forwarding Usage: 0M
[298.928s][info][gc,heap     ] GC(176) Min Capacity: 8192M(100%)
[298.928s][info][gc,heap     ] GC(176) Max Capacity: 8192M(100%)
[298.928s][info][gc,heap     ] GC(176) Soft Max Capacity: 8192M(100%)
[298.928s][info][gc,heap     ] GC(176)                Mark Start          Mark End        Relocate Start      Relocate End           High               Low         
[298.928s][info][gc,heap     ] GC(176)  Capacity:     8192M (100%)       8192M (100%)       8192M (100%)       8192M (100%)       8192M (100%)       8192M (100%)   
[298.928s][info][gc,heap     ] GC(176)      Free:     2874M (35%)        2548M (31%)        7666M (94%)        7692M (94%)        7692M (94%)        2534M (31%)    
[298.928s][info][gc,heap     ] GC(176)      Used:     5318M (65%)        5644M (69%)         526M (6%)          500M (6%)         5658M (69%)         500M (6%)     
[298.928s][info][gc,heap     ] GC(176)      Live:         -               126M (2%)          126M (2%)          126M (2%)             -                  -          
[298.928s][info][gc,heap     ] GC(176) Allocated:         -               326M (4%)          348M (4%)          351M (4%)             -                  -          
[298.928s][info][gc,heap     ] GC(176)   Garbage:         -              5191M (63%)          51M (1%)           21M (0%)             -                  -          
[298.928s][info][gc,heap     ] GC(176) Reclaimed:         -                  -              5140M (63%)        5169M (63%)            -                  -          
[298.928s][info][gc          ] GC(176) Garbage Collection (Allocation Rate) 5318M(65%)->500M(6%)
[299.830s][info][gc,start    ] GC(177) Garbage Collection (Allocation Rate)
[299.830s][info][gc,task     ] GC(177) Using 1 workers
[299.830s][info][gc,phases   ] GC(177) Pause Mark Start 0.010ms
[299.942s][info][gc,phases   ] GC(177) Concurrent Mark 111.560ms
[299.942s][info][gc,phases   ] GC(177) Pause Mark End 0.011ms
[299.942s][info][gc,phases   ] GC(177) Concurrent Mark Free 0.001ms
[299.971s][info][gc,phases   ] GC(177) Concurrent Process Non-Strong References 28.821ms
[299.971s][info][gc,phases   ] GC(177) Concurrent Reset Relocation Set 0.003ms
[299.974s][info][gc,phases   ] GC(177) Concurrent Select Relocation Set 2.737ms
[299.974s][info][gc,phases   ] GC(177) Pause Relocate Start 0.014ms
[299.975s][info][gc,phases   ] GC(177) Concurrent Relocate 0.867ms
[299.975s][info][gc,load     ] GC(177) Load: 0.00/0.00/0.00
[299.975s][info][gc,mmu      ] GC(177) MMU: 2ms/80.5%, 5ms/92.2%, 10ms/96.1%, 20ms/96.3%, 50ms/97.1%, 100ms/97.5%
[299.975s][info][gc,marking  ] GC(177) Mark: 1 stripe(s), 2 proactive flush(es), 1 terminate flush(es), 0 completion(s), 0 continuation(s) 
[299.975s][info][gc,marking  ] GC(177) Mark Stack Usage: 32M
[299.975s][info][gc,nmethod  ] GC(177) NMethods: 4784 registered, 0 unregistered
[299.975s][info][gc,metaspace] GC(177) Metaspace: 33M used, 33M committed, 1088M reserved
[299.975s][info][gc,ref      ] GC(177) Soft: 4016 encountered, 0 discovered, 0 enqueued
[299.975s][info][gc,ref      ] GC(177) Weak: 1733 encountered, 1284 discovered, 0 enqueued
[299.975s][info][gc,ref      ] GC(177) Final: 7 encountered, 7 discovered, 0 enqueued
[299.975s][info][gc,ref      ] GC(177) Phantom: 714 encountered, 665 discovered, 0 enqueued
[299.975s][info][gc,reloc    ] GC(177) Small Pages: 2787 / 5574M, Empty: 5434M, Relocated: 0M, In-Place: 0
[299.975s][info][gc,reloc    ] GC(177) Medium Pages: 1 / 32M, Empty: 0M, Relocated: 0M, In-Place: 0
[299.975s][info][gc,reloc    ] GC(177) Large Pages: 0 / 0M, Empty: 0M, Relocated: 0M, In-Place: 0
[299.975s][info][gc,reloc    ] GC(177) Forwarding Usage: 0M
[299.975s][info][gc,heap     ] GC(177) Min Capacity: 8192M(100%)
[299.975s][info][gc,heap     ] GC(177) Max Capacity: 8192M(100%)
[299.975s][info][gc,heap     ] GC(177) Soft Max Capacity: 8192M(100%)
[299.975s][info][gc,heap     ] GC(177)                Mark Start          Mark End        Relocate Start      Relocate End           High               Low         
[299.975s][info][gc,heap     ] GC(177)  Capacity:     8192M (100%)       8192M (100%)       8192M (100%)       8192M (100%)       8192M (100%)       8192M (100%)   
[299.975s][info][gc,heap     ] GC(177)      Free:     2586M (32%)        2252M (27%)        7622M (93%)        7644M (93%)        7644M (93%)        2198M (27%)    
[299.975s][info][gc,heap     ] GC(177)      Used:     5606M (68%)        5940M (73%)         570M (7%)          548M (7%)         5994M (73%)         548M (7%)     
[299.975s][info][gc,heap     ] GC(177)      Live:         -               126M (2%)          126M (2%)          126M (2%)             -                  -          
[299.975s][info][gc,heap     ] GC(177) Allocated:         -               334M (4%)          398M (5%)          401M (5%)             -                  -          
[299.975s][info][gc,heap     ] GC(177)   Garbage:         -              5479M (67%)          45M (1%)           19M (0%)             -                  -          
[299.975s][info][gc,heap     ] GC(177) Reclaimed:         -                  -              5434M (66%)        5459M (67%)            -                  -          
[299.975s][info][gc          ] GC(177) Garbage Collection (Allocation Rate) 5606M(68%)->548M(7%)
[300.331s][info][gc,stats    ] === Garbage Collection Statistics =======================================================================================================================
[300.331s][info][gc,stats    ]                                                              Last 10s              Last 10m              Last 10h                Total
[300.331s][info][gc,stats    ]                                                              Avg / Max             Avg / Max             Avg / Max             Avg / Max
[300.331s][info][gc,stats    ]   Collector: Garbage Collection Cycle                    123.793 / 223.498     125.591 / 379.439     125.591 / 379.439     125.591 / 379.439     ms
[300.331s][info][gc,stats    ]  Contention: Mark Segment Reset Contention                     0 / 2                 0 / 115               0 / 115               0 / 115         ops/s
[300.331s][info][gc,stats    ]  Contention: Mark SeqNum Reset Contention                      0 / 0                 0 / 2                 0 / 2                 0 / 2           ops/s
[300.331s][info][gc,stats    ]    Critical: Allocation Stall                                  0 / 0                 0 / 0                 0 / 0                 0 / 0           ops/s
[300.331s][info][gc,stats    ]    Critical: Allocation Stall                              0.000 / 0.000         0.000 / 0.000         0.000 / 0.000         0.000 / 0.000       ms
[300.331s][info][gc,stats    ]    Critical: GC Locker Stall                                   0 / 0                 0 / 0                 0 / 0                 0 / 0           ops/s
[300.331s][info][gc,stats    ]    Critical: GC Locker Stall                               0.000 / 0.000         0.000 / 0.000         0.000 / 0.000         0.000 / 0.000       ms
[300.331s][info][gc,stats    ]    Critical: Relocation Stall                                  0 / 0                 0 / 0                 0 / 0                 0 / 0           ops/s
[300.331s][info][gc,stats    ]    Critical: Relocation Stall                              0.000 / 0.000         0.000 / 0.000         0.000 / 0.000         0.000 / 0.000       ms
[300.331s][info][gc,stats    ]      Memory: Allocation Rate                                3370 / 6552           2757 / 6636           2757 / 6636           2757 / 6636        MB/s
[300.332s][info][gc,stats    ]      Memory: Out Of Memory                                     0 / 0                 0 / 0                 0 / 0                 0 / 0           ops/s
[300.332s][info][gc,stats    ]      Memory: Page Cache Flush                                 77 / 428              86 / 664              86 / 664              86 / 664         MB/s
[300.332s][info][gc,stats    ]      Memory: Page Cache Hit L1                              1507 / 3278           1177 / 3321           1177 / 3321           1177 / 3321        ops/s
[300.332s][info][gc,stats    ]      Memory: Page Cache Hit L2                                 0 / 0                 0 / 0                 0 / 0                 0 / 0           ops/s
[300.332s][info][gc,stats    ]      Memory: Page Cache Hit L3                                33 / 134              43 / 635              43 / 635              43 / 635         ops/s
[300.332s][info][gc,stats    ]      Memory: Page Cache Miss                                   8 / 44                9 / 70                9 / 70                9 / 70          ops/s
[300.332s][info][gc,stats    ]      Memory: Uncommit                                          0 / 0                 0 / 0                 0 / 0                 0 / 0           MB/s
[300.332s][info][gc,stats    ]      Memory: Undo Object Allocation Failed                     0 / 0                 0 / 2                 0 / 2                 0 / 2           ops/s
[300.332s][info][gc,stats    ]      Memory: Undo Object Allocation Succeeded                  0 / 1                 0 / 94                0 / 94                0 / 94          ops/s
[300.332s][info][gc,stats    ]      Memory: Undo Page Allocation                              0 / 4                 0 / 8                 0 / 8                 0 / 8           ops/s
[300.332s][info][gc,stats    ]       Phase: Concurrent Mark                              88.933 / 139.644      99.081 / 190.432      99.081 / 190.432      99.081 / 190.432     ms
[300.332s][info][gc,stats    ]       Phase: Concurrent Mark Continue                      0.000 / 0.000        15.374 / 35.578       15.374 / 35.578       15.374 / 35.578      ms
[300.332s][info][gc,stats    ]       Phase: Concurrent Mark Free                          0.001 / 0.002         0.001 / 0.004         0.001 / 0.004         0.001 / 0.004       ms
[300.332s][info][gc,stats    ]       Phase: Concurrent Process Non-Strong References     10.337 / 28.821        8.311 / 31.000        8.311 / 31.000        8.311 / 31.000      ms
[300.332s][info][gc,stats    ]       Phase: Concurrent Relocate                           6.721 / 37.804        9.128 / 76.380        9.128 / 76.380        9.128 / 76.380      ms
[300.332s][info][gc,stats    ]       Phase: Concurrent Reset Relocation Set               0.010 / 0.022         0.010 / 0.049         0.010 / 0.049         0.010 / 0.049       ms
[300.332s][info][gc,stats    ]       Phase: Concurrent Select Relocation Set              2.665 / 3.379         3.562 / 13.402        3.562 / 13.402        3.562 / 13.402      ms
[300.332s][info][gc,stats    ]       Phase: Pause Mark End                                0.014 / 0.023         0.059 / 0.390         0.059 / 0.390         0.059 / 0.390       ms
[300.332s][info][gc,stats    ]       Phase: Pause Mark Start                              0.008 / 0.011         0.008 / 0.022         0.008 / 0.022         0.008 / 0.022       ms
[300.332s][info][gc,stats    ]       Phase: Pause Relocate Start                          0.010 / 0.014         0.010 / 0.037         0.010 / 0.037         0.010 / 0.037       ms
[300.332s][info][gc,stats    ]    Subphase: Concurrent Classes Purge                      0.263 / 0.420         0.247 / 0.574         0.247 / 0.574         0.247 / 0.574       ms
[300.332s][info][gc,stats    ]    Subphase: Concurrent Classes Unlink                     6.087 / 11.152        5.750 / 23.760        5.750 / 23.760        5.750 / 23.760      ms
[300.332s][info][gc,stats    ]    Subphase: Concurrent Mark                              77.872 / 138.732      75.294 / 189.582      75.294 / 189.582      75.294 / 189.582     ms
[300.332s][info][gc,stats    ]    Subphase: Concurrent Mark Try Flush                     0.078 / 0.354         0.565 / 30.486        0.565 / 30.486        0.565 / 30.486      ms
[300.332s][info][gc,stats    ]    Subphase: Concurrent Mark Try Terminate                 3.470 / 16.722        3.250 / 16.837        3.250 / 16.837        3.250 / 16.837      ms
[300.332s][info][gc,stats    ]    Subphase: Concurrent References Enqueue                 0.003 / 0.007         0.003 / 0.008         0.003 / 0.008         0.003 / 0.008       ms
[300.332s][info][gc,stats    ]    Subphase: Concurrent References Process                 0.763 / 2.971         0.974 / 3.217         0.974 / 3.217         0.974 / 3.217       ms
[300.332s][info][gc,stats    ]    Subphase: Concurrent Roots ClassLoaderDataGraph         0.097 / 0.181         0.109 / 0.537         0.109 / 0.537         0.109 / 0.537       ms
[300.332s][info][gc,stats    ]    Subphase: Concurrent Roots CodeCache                    0.000 / 0.000         0.000 / 0.000         0.000 / 0.000         0.000 / 0.000       ms
[300.332s][info][gc,stats    ]    Subphase: Concurrent Roots JavaThreads                  0.331 / 0.546         0.359 / 1.258         0.359 / 1.258         0.359 / 1.258       ms
[300.332s][info][gc,stats    ]    Subphase: Concurrent Roots OopStorageSet                0.029 / 0.069         0.030 / 0.124         0.030 / 0.124         0.030 / 0.124       ms
[300.332s][info][gc,stats    ]    Subphase: Concurrent Weak Roots OopStorageSet           0.321 / 0.496         0.306 / 1.123         0.306 / 1.123         0.306 / 1.123       ms
[300.332s][info][gc,stats    ]    Subphase: Pause Mark Try Complete                       0.000 / 0.000         0.171 / 0.301         0.171 / 0.301         0.171 / 0.301       ms
[300.332s][info][gc,stats    ]      System: Java Threads                                     18 / 21               18 / 22               18 / 22               18 / 22          threads
[300.332s][info][gc,stats    ] =========================================================================================================================================================
[301.421s][info][gc,start    ] GC(178) Garbage Collection (Allocation Rate)
[301.421s][info][gc,task     ] GC(178) Using 1 workers
[301.421s][info][gc,phases   ] GC(178) Pause Mark Start 0.005ms
[301.550s][info][gc,phases   ] GC(178) Concurrent Mark 128.881ms
[301.550s][info][gc,phases   ] GC(178) Pause Mark End 0.054ms
[301.550s][info][gc,phases   ] GC(178) Concurrent Mark Free 0.001ms
[301.561s][info][gc,phases   ] GC(178) Concurrent Process Non-Strong References 10.506ms
[301.561s][info][gc,phases   ] GC(178) Concurrent Reset Relocation Set 0.001ms
[301.567s][info][gc,phases   ] GC(178) Concurrent Select Relocation Set 5.590ms
[301.568s][info][gc,phases   ] GC(178) Pause Relocate Start 0.014ms
[301.600s][info][gc,phases   ] GC(178) Concurrent Relocate 32.702ms
[301.600s][info][gc,load     ] GC(178) Load: 0.00/0.00/0.00
[301.601s][info][gc,mmu      ] GC(178) MMU: 2ms/80.5%, 5ms/92.2%, 10ms/96.1%, 20ms/96.3%, 50ms/97.1%, 100ms/97.5%
[301.601s][info][gc,marking  ] GC(178) Mark: 1 stripe(s), 8 proactive flush(es), 3 terminate flush(es), 1 completion(s), 0 continuation(s) 
[301.601s][info][gc,marking  ] GC(178) Mark Stack Usage: 32M
[301.601s][info][gc,nmethod  ] GC(178) NMethods: 4784 registered, 0 unregistered
[301.601s][info][gc,metaspace] GC(178) Metaspace: 33M used, 33M committed, 1088M reserved
[301.601s][info][gc,ref      ] GC(178) Soft: 4016 encountered, 0 discovered, 0 enqueued
[301.601s][info][gc,ref      ] GC(178) Weak: 21685 encountered, 18724 discovered, 5825 enqueued
[301.601s][info][gc,ref      ] GC(178) Final: 7 encountered, 7 discovered, 0 enqueued
[301.601s][info][gc,ref      ] GC(178) Phantom: 720 encountered, 671 discovered, 0 enqueued
[301.601s][info][gc,reloc    ] GC(178) Small Pages: 2309 / 4618M, Empty: 4186M, Relocated: 36M, In-Place: 0
[301.601s][info][gc,reloc    ] GC(178) Medium Pages: 6 / 192M, Empty: 160M, Relocated: 0M, In-Place: 0
[301.601s][info][gc,reloc    ] GC(178) Large Pages: 41 / 282M, Empty: 282M, Relocated: 0M, In-Place: 0
[301.601s][info][gc,reloc    ] GC(178) Forwarding Usage: 11M
[301.601s][info][gc,heap     ] GC(178) Min Capacity: 8192M(100%)
[301.601s][info][gc,heap     ] GC(178) Max Capacity: 8192M(100%)
[301.601s][info][gc,heap     ] GC(178) Soft Max Capacity: 8192M(100%)
[301.601s][info][gc,heap     ] GC(178)                Mark Start          Mark End        Relocate Start      Relocate End           High               Low         
[301.601s][info][gc,heap     ] GC(178)  Capacity:     8192M (100%)       8192M (100%)       8192M (100%)       8192M (100%)       8192M (100%)       8192M (100%)   
[301.601s][info][gc,heap     ] GC(178)      Free:     3100M (38%)        2956M (36%)        7560M (92%)        7790M (95%)        7824M (96%)        2940M (36%)    
[301.601s][info][gc,heap     ] GC(178)      Used:     5092M (62%)        5236M (64%)         632M (8%)          402M (5%)         5252M (64%)         368M (4%)     
[301.601s][info][gc,heap     ] GC(178)      Live:         -               150M (2%)          150M (2%)          150M (2%)             -                  -          
[301.601s][info][gc,heap     ] GC(178) Allocated:         -               144M (2%)          168M (2%)          229M (3%)             -                  -          
[301.601s][info][gc,heap     ] GC(178)   Garbage:         -              4941M (60%)         313M (4%)           22M (0%)             -                  -          
[301.601s][info][gc,heap     ] GC(178) Reclaimed:         -                  -              4628M (56%)        4919M (60%)            -                  -          
[301.601s][info][gc          ] GC(178) Garbage Collection (Allocation Rate) 5092M(62%)->402M(5%)
[304.130s][info][gc,start    ] GC(179) Garbage Collection (System.gc())
[304.130s][info][gc,task     ] GC(179) Using 2 workers
[304.130s][info][gc,phases   ] GC(179) Pause Mark Start 0.005ms
[304.180s][info][gc,phases   ] GC(179) Concurrent Mark 49.971ms
[304.181s][info][gc,phases   ] GC(179) Pause Mark End 0.018ms
[304.181s][info][gc,phases   ] GC(179) Concurrent Mark Free 0.002ms
[304.187s][info][gc,phases   ] GC(179) Concurrent Process Non-Strong References 6.089ms
[304.187s][info][gc,phases   ] GC(179) Concurrent Reset Relocation Set 0.014ms
[304.189s][info][gc,phases   ] GC(179) Concurrent Select Relocation Set 2.228ms
[304.189s][info][gc,phases   ] GC(179) Pause Relocate Start 0.010ms
[304.196s][info][gc,phases   ] GC(179) Concurrent Relocate 6.862ms
[304.196s][info][gc,load     ] GC(179) Load: 0.00/0.00/0.00
[304.196s][info][gc,mmu      ] GC(179) MMU: 2ms/80.5%, 5ms/92.2%, 10ms/96.1%, 20ms/96.3%, 50ms/97.1%, 100ms/97.5%
[304.196s][info][gc,marking  ] GC(179) Mark: 2 stripe(s), 1 proactive flush(es), 1 terminate flush(es), 0 completion(s), 0 continuation(s) 
[304.196s][info][gc,marking  ] GC(179) Mark Stack Usage: 32M
[304.196s][info][gc,nmethod  ] GC(179) NMethods: 4781 registered, 3 unregistered
[304.196s][info][gc,metaspace] GC(179) Metaspace: 33M used, 33M committed, 1088M reserved
[304.196s][info][gc,ref      ] GC(179) Soft: 4016 encountered, 0 discovered, 0 enqueued
[304.196s][info][gc,ref      ] GC(179) Weak: 24822 encountered, 23162 discovered, 23110 enqueued
[304.196s][info][gc,ref      ] GC(179) Final: 7 encountered, 6 discovered, 0 enqueued
[304.196s][info][gc,ref      ] GC(179) Phantom: 714 encountered, 617 discovered, 0 enqueued
[304.196s][info][gc,reloc    ] GC(179) Small Pages: 800 / 1600M, Empty: 900M, Relocated: 10M, In-Place: 0
[304.196s][info][gc,reloc    ] GC(179) Medium Pages: 22 / 704M, Empty: 640M, Relocated: 14M, In-Place: 0
[304.196s][info][gc,reloc    ] GC(179) Large Pages: 190 / 1318M, Empty: 1318M, Relocated: 0M, In-Place: 0
[304.196s][info][gc,reloc    ] GC(179) Forwarding Usage: 3M
[304.196s][info][gc,heap     ] GC(179) Min Capacity: 8192M(100%)
[304.197s][info][gc,heap     ] GC(179) Max Capacity: 8192M(100%)
[304.197s][info][gc,heap     ] GC(179) Soft Max Capacity: 8192M(100%)
[304.197s][info][gc,heap     ] GC(179)                Mark Start          Mark End        Relocate Start      Relocate End           High               Low         
[304.197s][info][gc,heap     ] GC(179)  Capacity:     8192M (100%)       8192M (100%)       8192M (100%)       8192M (100%)       8192M (100%)       8192M (100%)   
[304.197s][info][gc,heap     ] GC(179)      Free:     4570M (56%)        4570M (56%)        7428M (91%)        8046M (98%)        8046M (98%)        4570M (56%)    
[304.197s][info][gc,heap     ] GC(179)      Used:     3622M (44%)        3622M (44%)         764M (9%)          146M (2%)         3622M (44%)         146M (2%)     
[304.197s][info][gc,heap     ] GC(179)      Live:         -               124M (2%)          124M (2%)          124M (2%)             -                  -          
[304.197s][info][gc,heap     ] GC(179) Allocated:         -                 0M (0%)            0M (0%)            0M (0%)             -                  -          
[304.197s][info][gc,heap     ] GC(179)   Garbage:         -              3497M (43%)         639M (8%)           21M (0%)             -                  -          
[304.197s][info][gc,heap     ] GC(179) Reclaimed:         -                  -              2858M (35%)        3476M (42%)            -                  -          
[304.197s][info][gc          ] GC(179) Garbage Collection (System.gc()) 3622M(44%)->146M(2%)
[304.934s][info][gc,start    ] GC(180) Garbage Collection (Allocation Rate)
[304.934s][info][gc,task     ] GC(180) Using 2 workers
[304.934s][info][gc,phases   ] GC(180) Pause Mark Start 0.010ms
[305.028s][info][gc,phases   ] GC(180) Concurrent Mark 93.762ms
[305.028s][info][gc,phases   ] GC(180) Pause Mark End 0.015ms
[305.028s][info][gc,phases   ] GC(180) Concurrent Mark Free 0.001ms
[305.034s][info][gc,phases   ] GC(180) Concurrent Process Non-Strong References 6.157ms
[305.034s][info][gc,phases   ] GC(180) Concurrent Reset Relocation Set 0.025ms
[305.038s][info][gc,phases   ] GC(180) Concurrent Select Relocation Set 3.417ms
[305.038s][info][gc,phases   ] GC(180) Pause Relocate Start 0.008ms
[305.038s][info][gc,phases   ] GC(180) Concurrent Relocate 0.459ms
[305.038s][info][gc,load     ] GC(180) Load: 0.00/0.00/0.00
[305.038s][info][gc,mmu      ] GC(180) MMU: 2ms/80.5%, 5ms/92.2%, 10ms/96.1%, 20ms/96.3%, 50ms/97.1%, 100ms/97.5%
[305.038s][info][gc,marking  ] GC(180) Mark: 2 stripe(s), 2 proactive flush(es), 1 terminate flush(es), 0 completion(s), 0 continuation(s) 
[305.038s][info][gc,marking  ] GC(180) Mark Stack Usage: 32M
[305.038s][info][gc,nmethod  ] GC(180) NMethods: 4786 registered, 3 unregistered
[305.038s][info][gc,metaspace] GC(180) Metaspace: 33M used, 33M committed, 1088M reserved
[305.038s][info][gc,ref      ] GC(180) Soft: 4016 encountered, 0 discovered, 0 enqueued
[305.038s][info][gc,ref      ] GC(180) Weak: 1730 encountered, 50 discovered, 0 enqueued
[305.038s][info][gc,ref      ] GC(180) Final: 7 encountered, 6 discovered, 0 enqueued
[305.038s][info][gc,ref      ] GC(180) Phantom: 714 encountered, 602 discovered, 0 enqueued
[305.038s][info][gc,reloc    ] GC(180) Small Pages: 2713 / 5426M, Empty: 5282M, Relocated: 0M, In-Place: 0
[305.038s][info][gc,reloc    ] GC(180) Medium Pages: 1 / 32M, Empty: 0M, Relocated: 0M, In-Place: 0
[305.038s][info][gc,reloc    ] GC(180) Large Pages: 0 / 0M, Empty: 0M, Relocated: 0M, In-Place: 0
[305.038s][info][gc,reloc    ] GC(180) Forwarding Usage: 0M
[305.038s][info][gc,heap     ] GC(180) Min Capacity: 8192M(100%)
[305.038s][info][gc,heap     ] GC(180) Max Capacity: 8192M(100%)
[305.039s][info][gc,heap     ] GC(180) Soft Max Capacity: 8192M(100%)
[305.039s][info][gc,heap     ] GC(180)                Mark Start          Mark End        Relocate Start      Relocate End           High               Low         
[305.039s][info][gc,heap     ] GC(180)  Capacity:     8192M (100%)       8192M (100%)       8192M (100%)       8192M (100%)       8192M (100%)       8192M (100%)   
[305.039s][info][gc,heap     ] GC(180)      Free:     2734M (33%)        2232M (27%)        7462M (91%)        7486M (91%)        7486M (91%)        2194M (27%)    
[305.039s][info][gc,heap     ] GC(180)      Used:     5458M (67%)        5960M (73%)         730M (9%)          706M (9%)         5998M (73%)         706M (9%)     
[305.039s][info][gc,heap     ] GC(180)      Live:         -               124M (2%)          124M (2%)          124M (2%)             -                  -          
[305.039s][info][gc,heap     ] GC(180) Allocated:         -               502M (6%)          554M (7%)          557M (7%)             -                  -          
[305.039s][info][gc,heap     ] GC(180)   Garbage:         -              5333M (65%)          51M (1%)           23M (0%)             -                  -          
[305.039s][info][gc,heap     ] GC(180) Reclaimed:         -                  -              5282M (64%)        5309M (65%)            -                  -          
[305.039s][info][gc          ] GC(180) Garbage Collection (Allocation Rate) 5458M(67%)->706M(9%)
[305.828s][info][gc,start    ] GC(181) Garbage Collection (Allocation Rate)
[305.828s][info][gc,task     ] GC(181) Using 1 workers
[305.828s][info][gc,phases   ] GC(181) Pause Mark Start 0.007ms
[305.978s][info][gc,phases   ] GC(181) Concurrent Mark 149.341ms
[305.978s][info][gc,phases   ] GC(181) Pause Mark End 0.011ms
[305.978s][info][gc,phases   ] GC(181) Concurrent Mark Free 0.001ms
[305.988s][info][gc,phases   ] GC(181) Concurrent Process Non-Strong References 10.621ms
[305.989s][info][gc,phases   ] GC(181) Concurrent Reset Relocation Set 0.002ms
[305.991s][info][gc,phases   ] GC(181) Concurrent Select Relocation Set 2.931ms
[305.992s][info][gc,phases   ] GC(181) Pause Relocate Start 0.007ms
[305.992s][info][gc,phases   ] GC(181) Concurrent Relocate 0.495ms
[305.992s][info][gc,load     ] GC(181) Load: 0.00/0.00/0.00
[305.992s][info][gc,mmu      ] GC(181) MMU: 2ms/80.5%, 5ms/92.2%, 10ms/96.1%, 20ms/96.3%, 50ms/97.1%, 100ms/97.5%
[305.992s][info][gc,marking  ] GC(181) Mark: 1 stripe(s), 2 proactive flush(es), 1 terminate flush(es), 0 completion(s), 0 continuation(s) 
[305.992s][info][gc,marking  ] GC(181) Mark Stack Usage: 32M
[305.992s][info][gc,nmethod  ] GC(181) NMethods: 4786 registered, 3 unregistered
[305.992s][info][gc,metaspace] GC(181) Metaspace: 33M used, 33M committed, 1088M reserved
[305.992s][info][gc,ref      ] GC(181) Soft: 4016 encountered, 0 discovered, 0 enqueued
[305.992s][info][gc,ref      ] GC(181) Weak: 1730 encountered, 1283 discovered, 0 enqueued
[305.992s][info][gc,ref      ] GC(181) Final: 7 encountered, 7 discovered, 0 enqueued
[305.992s][info][gc,ref      ] GC(181) Phantom: 714 encountered, 665 discovered, 0 enqueued
[305.992s][info][gc,reloc    ] GC(181) Small Pages: 2571 / 5142M, Empty: 5010M, Relocated: 0M, In-Place: 0
[305.992s][info][gc,reloc    ] GC(181) Medium Pages: 1 / 32M, Empty: 0M, Relocated: 0M, In-Place: 0
[305.992s][info][gc,reloc    ] GC(181) Large Pages: 0 / 0M, Empty: 0M, Relocated: 0M, In-Place: 0
[305.992s][info][gc,reloc    ] GC(181) Forwarding Usage: 0M
[305.992s][info][gc,heap     ] GC(181) Min Capacity: 8192M(100%)
[305.992s][info][gc,heap     ] GC(181) Max Capacity: 8192M(100%)
[305.992s][info][gc,heap     ] GC(181) Soft Max Capacity: 8192M(100%)
[305.992s][info][gc,heap     ] GC(181)                Mark Start          Mark End        Relocate Start      Relocate End           High               Low         
[305.992s][info][gc,heap     ] GC(181)  Capacity:     8192M (100%)       8192M (100%)       8192M (100%)       8192M (100%)       8192M (100%)       8192M (100%)   
[305.992s][info][gc,heap     ] GC(181)      Free:     3018M (37%)        2172M (27%)        7128M (87%)        7142M (87%)        7142M (87%)        2134M (26%)    
[305.992s][info][gc,heap     ] GC(181)      Used:     5174M (63%)        6020M (73%)        1064M (13%)        1050M (13%)        6058M (74%)        1050M (13%)    
[305.992s][info][gc,heap     ] GC(181)      Live:         -               124M (2%)          124M (2%)          124M (2%)             -                  -          
[305.992s][info][gc,heap     ] GC(181) Allocated:         -               846M (10%)         900M (11%)         903M (11%)            -                  -          
[305.992s][info][gc,heap     ] GC(181)   Garbage:         -              5049M (62%)          39M (0%)           21M (0%)             -                  -          
[305.992s][info][gc,heap     ] GC(181) Reclaimed:         -                  -              5010M (61%)        5027M (61%)            -                  -          
[305.992s][info][gc          ] GC(181) Garbage Collection (Allocation Rate) 5174M(63%)->1050M(13%)
[307.125s][info][gc,start    ] GC(182) Garbage Collection (Allocation Rate)
[307.125s][info][gc,task     ] GC(182) Using 1 workers
[307.126s][info][gc,phases   ] GC(182) Pause Mark Start 0.006ms
[307.258s][info][gc,phases   ] GC(182) Concurrent Mark 132.142ms
[307.258s][info][gc,phases   ] GC(182) Pause Mark End 0.094ms
[307.258s][info][gc,phases   ] GC(182) Concurrent Mark Free 0.001ms
[307.268s][info][gc,phases   ] GC(182) Concurrent Process Non-Strong References 10.324ms
[307.268s][info][gc,phases   ] GC(182) Concurrent Reset Relocation Set 0.002ms
[307.275s][info][gc,phases   ] GC(182) Concurrent Select Relocation Set 6.204ms
[307.275s][info][gc,phases   ] GC(182) Pause Relocate Start 0.010ms
[307.307s][info][gc,phases   ] GC(182) Concurrent Relocate 32.364ms
[307.307s][info][gc,load     ] GC(182) Load: 0.00/0.00/0.00
[307.307s][info][gc,mmu      ] GC(182) MMU: 2ms/80.5%, 5ms/92.2%, 10ms/96.1%, 20ms/96.3%, 50ms/97.1%, 100ms/97.5%
[307.307s][info][gc,marking  ] GC(182) Mark: 1 stripe(s), 10 proactive flush(es), 3 terminate flush(es), 1 completion(s), 0 continuation(s) 
[307.307s][info][gc,marking  ] GC(182) Mark Stack Usage: 32M
[307.307s][info][gc,nmethod  ] GC(182) NMethods: 4791 registered, 3 unregistered
[307.307s][info][gc,metaspace] GC(182) Metaspace: 33M used, 33M committed, 1088M reserved
[307.307s][info][gc,ref      ] GC(182) Soft: 4016 encountered, 0 discovered, 0 enqueued
[307.307s][info][gc,ref      ] GC(182) Weak: 21890 encountered, 18642 discovered, 4498 enqueued
[307.307s][info][gc,ref      ] GC(182) Final: 7 encountered, 7 discovered, 0 enqueued
[307.307s][info][gc,ref      ] GC(182) Phantom: 720 encountered, 671 discovered, 0 enqueued
[307.307s][info][gc,reloc    ] GC(182) Small Pages: 2407 / 4814M, Empty: 4486M, Relocated: 38M, In-Place: 0
[307.307s][info][gc,reloc    ] GC(182) Medium Pages: 4 / 128M, Empty: 96M, Relocated: 0M, In-Place: 0
[307.307s][info][gc,reloc    ] GC(182) Large Pages: 26 / 180M, Empty: 180M, Relocated: 0M, In-Place: 0
[307.307s][info][gc,reloc    ] GC(182) Forwarding Usage: 11M
[307.307s][info][gc,heap     ] GC(182) Min Capacity: 8192M(100%)
[307.307s][info][gc,heap     ] GC(182) Max Capacity: 8192M(100%)
[307.307s][info][gc,heap     ] GC(182) Soft Max Capacity: 8192M(100%)
[307.307s][info][gc,heap     ] GC(182)                Mark Start          Mark End        Relocate Start      Relocate End           High               Low         
[307.307s][info][gc,heap     ] GC(182)  Capacity:     8192M (100%)       8192M (100%)       8192M (100%)       8192M (100%)       8192M (100%)       8192M (100%)   
[307.307s][info][gc,heap     ] GC(182)      Free:     3070M (37%)        2928M (36%)        7680M (94%)        7808M (95%)        7816M (95%)        2920M (36%)    
[307.307s][info][gc,heap     ] GC(182)      Used:     5122M (63%)        5264M (64%)         512M (6%)          384M (5%)         5272M (64%)         376M (5%)     
[307.307s][info][gc,heap     ] GC(182)      Live:         -               151M (2%)          151M (2%)          151M (2%)             -                  -          
[307.307s][info][gc,heap     ] GC(182) Allocated:         -               142M (2%)          152M (2%)          210M (3%)             -                  -          
[307.307s][info][gc,heap     ] GC(182)   Garbage:         -              4970M (61%)         208M (3%)           21M (0%)             -                  -          
[307.307s][info][gc,heap     ] GC(182) Reclaimed:         -                  -              4762M (58%)        4948M (60%)            -                  -          
[307.307s][info][gc          ] GC(182) Garbage Collection (Allocation Rate) 5122M(63%)->384M(5%)
[310.327s][info][gc,stats    ] === Garbage Collection Statistics =======================================================================================================================
[310.328s][info][gc,stats    ]                                                              Last 10s              Last 10m              Last 10h                Total
[310.328s][info][gc,stats    ]                                                              Avg / Max             Avg / Max             Avg / Max             Avg / Max
[310.328s][info][gc,stats    ]   Collector: Garbage Collection Cycle                    139.290 / 181.871     125.966 / 379.439     125.966 / 379.439     125.966 / 379.439     ms
[310.328s][info][gc,stats    ]  Contention: Mark Segment Reset Contention                     1 / 14                0 / 115               0 / 115               0 / 115         ops/s
[310.328s][info][gc,stats    ]  Contention: Mark SeqNum Reset Contention                      0 / 0                 0 / 2                 0 / 2                 0 / 2           ops/s
[310.328s][info][gc,stats    ]    Critical: Allocation Stall                                  0 / 0                 0 / 0                 0 / 0                 0 / 0           ops/s
[310.328s][info][gc,stats    ]    Critical: Allocation Stall                              0.000 / 0.000         0.000 / 0.000         0.000 / 0.000         0.000 / 0.000       ms
[310.328s][info][gc,stats    ]    Critical: GC Locker Stall                                   0 / 0                 0 / 0                 0 / 0                 0 / 0           ops/s
[310.328s][info][gc,stats    ]    Critical: GC Locker Stall                               0.000 / 0.000         0.000 / 0.000         0.000 / 0.000         0.000 / 0.000       ms
[310.328s][info][gc,stats    ]    Critical: Relocation Stall                                  0 / 0                 0 / 0                 0 / 0                 0 / 0           ops/s
[310.328s][info][gc,stats    ]    Critical: Relocation Stall                              0.000 / 0.000         0.000 / 0.000         0.000 / 0.000         0.000 / 0.000       ms
[310.328s][info][gc,stats    ]      Memory: Allocation Rate                                2547 / 6588           2750 / 6636           2750 / 6636           2750 / 6636        MB/s
[310.328s][info][gc,stats    ]      Memory: Out Of Memory                                     0 / 0                 0 / 0                 0 / 0                 0 / 0           ops/s
[310.328s][info][gc,stats    ]      Memory: Page Cache Flush                                 19 / 192              83 / 664              83 / 664              83 / 664         MB/s
[310.328s][info][gc,stats    ]      Memory: Page Cache Hit L1                              1073 / 3295           1173 / 3321           1173 / 3321           1173 / 3321        ops/s
[310.328s][info][gc,stats    ]      Memory: Page Cache Hit L2                                 0 / 0                 0 / 0                 0 / 0                 0 / 0           ops/s
[310.328s][info][gc,stats    ]      Memory: Page Cache Hit L3                                 5 / 21               42 / 635              42 / 635              42 / 635         ops/s
[310.328s][info][gc,stats    ]      Memory: Page Cache Miss                                   2 / 21                8 / 70                8 / 70                8 / 70          ops/s
[310.328s][info][gc,stats    ]      Memory: Uncommit                                          0 / 0                 0 / 0                 0 / 0                 0 / 0           MB/s
[310.328s][info][gc,stats    ]      Memory: Undo Object Allocation Failed                     0 / 0                 0 / 2                 0 / 2                 0 / 2           ops/s
[310.328s][info][gc,stats    ]      Memory: Undo Object Allocation Succeeded                  0 / 1                 0 / 94                0 / 94                0 / 94          ops/s
[310.328s][info][gc,stats    ]      Memory: Undo Page Allocation                              0 / 2                 0 / 8                 0 / 8                 0 / 8           ops/s
[310.328s][info][gc,stats    ]       Phase: Concurrent Mark                             110.819 / 149.341      99.402 / 190.432      99.402 / 190.432      99.402 / 190.432     ms
[310.328s][info][gc,stats    ]       Phase: Concurrent Mark Continue                      0.000 / 0.000        15.374 / 35.578       15.374 / 35.578       15.374 / 35.578      ms
[310.328s][info][gc,stats    ]       Phase: Concurrent Mark Free                          0.001 / 0.002         0.001 / 0.004         0.001 / 0.004         0.001 / 0.004       ms
[310.328s][info][gc,stats    ]       Phase: Concurrent Process Non-Strong References      8.739 / 10.621        8.323 / 31.000        8.323 / 31.000        8.323 / 31.000      ms
[310.328s][info][gc,stats    ]       Phase: Concurrent Relocate                          14.576 / 32.702        9.277 / 76.380        9.277 / 76.380        9.277 / 76.380      ms
[310.328s][info][gc,stats    ]       Phase: Concurrent Reset Relocation Set               0.009 / 0.025         0.010 / 0.049         0.010 / 0.049         0.010 / 0.049       ms
[310.328s][info][gc,stats    ]       Phase: Concurrent Select Relocation Set              4.074 / 6.204         3.576 / 13.402        3.576 / 13.402        3.576 / 13.402      ms
[310.328s][info][gc,stats    ]       Phase: Pause Mark End                                0.038 / 0.094         0.058 / 0.390         0.058 / 0.390         0.058 / 0.390       ms
[310.328s][info][gc,stats    ]       Phase: Pause Mark Start                              0.006 / 0.010         0.008 / 0.022         0.008 / 0.022         0.008 / 0.022       ms
[310.328s][info][gc,stats    ]       Phase: Pause Relocate Start                          0.010 / 0.014         0.010 / 0.037         0.010 / 0.037         0.010 / 0.037       ms
[310.328s][info][gc,stats    ]    Subphase: Concurrent Classes Purge                      0.265 / 0.337         0.247 / 0.574         0.247 / 0.574         0.247 / 0.574       ms
[310.328s][info][gc,stats    ]    Subphase: Concurrent Classes Unlink                     6.842 / 9.515         5.779 / 23.760        5.779 / 23.760        5.779 / 23.760      ms
[310.328s][info][gc,stats    ]    Subphase: Concurrent Mark                              96.484 / 148.514      75.749 / 189.582      75.749 / 189.582      75.749 / 189.582     ms
[310.328s][info][gc,stats    ]    Subphase: Concurrent Mark Try Flush                     0.085 / 0.624         0.545 / 30.486        0.545 / 30.486        0.545 / 30.486      ms
[310.328s][info][gc,stats    ]    Subphase: Concurrent Mark Try Terminate                 1.178 / 14.167        3.194 / 16.837        3.194 / 16.837        3.194 / 16.837      ms
[310.328s][info][gc,stats    ]    Subphase: Concurrent References Enqueue                 0.004 / 0.007         0.003 / 0.008         0.003 / 0.008         0.003 / 0.008       ms
[310.328s][info][gc,stats    ]    Subphase: Concurrent References Process                 1.172 / 1.908         0.979 / 3.217         0.979 / 3.217         0.979 / 3.217       ms
[310.328s][info][gc,stats    ]    Subphase: Concurrent Roots ClassLoaderDataGraph         0.111 / 0.187         0.109 / 0.537         0.109 / 0.537         0.109 / 0.537       ms
[310.328s][info][gc,stats    ]    Subphase: Concurrent Roots CodeCache                    0.000 / 0.000         0.000 / 0.000         0.000 / 0.000         0.000 / 0.000       ms
[310.328s][info][gc,stats    ]    Subphase: Concurrent Roots JavaThreads                  0.391 / 0.734         0.360 / 1.258         0.360 / 1.258         0.360 / 1.258       ms
[310.328s][info][gc,stats    ]    Subphase: Concurrent Roots OopStorageSet                0.034 / 0.045         0.030 / 0.124         0.030 / 0.124         0.030 / 0.124       ms
[310.328s][info][gc,stats    ]    Subphase: Concurrent Weak Roots OopStorageSet           0.292 / 0.391         0.306 / 1.123         0.306 / 1.123         0.306 / 1.123       ms
[310.328s][info][gc,stats    ]    Subphase: Pause Mark Try Complete                       0.025 / 0.033         0.166 / 0.301         0.166 / 0.301         0.166 / 0.301       ms
[310.328s][info][gc,stats    ]      System: Java Threads                                     19 / 21               18 / 22               18 / 22               18 / 22          threads
[310.328s][info][gc,stats    ] =========================================================================================================================================================
[310.336s][info][gc,start    ] GC(183) Garbage Collection (System.gc())
[310.336s][info][gc,task     ] GC(183) Using 2 workers
[310.336s][info][gc,phases   ] GC(183) Pause Mark Start 0.007ms
[310.390s][info][gc,phases   ] GC(183) Concurrent Mark 54.238ms
[310.391s][info][gc,phases   ] GC(183) Pause Mark End 0.023ms
[310.391s][info][gc,phases   ] GC(183) Concurrent Mark Free 0.002ms
[310.397s][info][gc,phases   ] GC(183) Concurrent Process Non-Strong References 6.622ms
[310.397s][info][gc,phases   ] GC(183) Concurrent Reset Relocation Set 0.011ms
[310.400s][info][gc,phases   ] GC(183) Concurrent Select Relocation Set 2.410ms
[310.400s][info][gc,phases   ] GC(183) Pause Relocate Start 0.010ms
[310.407s][info][gc,phases   ] GC(183) Concurrent Relocate 6.924ms
[310.407s][info][gc,load     ] GC(183) Load: 0.00/0.00/0.00
[310.407s][info][gc,mmu      ] GC(183) MMU: 2ms/80.5%, 5ms/92.2%, 10ms/96.1%, 20ms/96.3%, 50ms/97.1%, 100ms/97.5%
[310.407s][info][gc,marking  ] GC(183) Mark: 2 stripe(s), 3 proactive flush(es), 1 terminate flush(es), 0 completion(s), 0 continuation(s) 
[310.407s][info][gc,marking  ] GC(183) Mark Stack Usage: 32M
[310.407s][info][gc,nmethod  ] GC(183) NMethods: 4795 registered, 3 unregistered
[310.407s][info][gc,metaspace] GC(183) Metaspace: 33M used, 33M committed, 1088M reserved
[310.407s][info][gc,ref      ] GC(183) Soft: 4016 encountered, 0 discovered, 0 enqueued
[310.407s][info][gc,ref      ] GC(183) Weak: 24055 encountered, 22539 discovered, 22341 enqueued
[310.407s][info][gc,ref      ] GC(183) Final: 7 encountered, 7 discovered, 0 enqueued
[310.407s][info][gc,ref      ] GC(183) Phantom: 714 encountered, 653 discovered, 0 enqueued
[310.407s][info][gc,reloc    ] GC(183) Small Pages: 896 / 1792M, Empty: 1094M, Relocated: 10M, In-Place: 0
[310.407s][info][gc,reloc    ] GC(183) Medium Pages: 25 / 800M, Empty: 736M, Relocated: 15M, In-Place: 0
[310.407s][info][gc,reloc    ] GC(183) Large Pages: 221 / 1530M, Empty: 1530M, Relocated: 0M, In-Place: 0
[310.407s][info][gc,reloc    ] GC(183) Forwarding Usage: 3M
[310.407s][info][gc,heap     ] GC(183) Min Capacity: 8192M(100%)
[310.407s][info][gc,heap     ] GC(183) Max Capacity: 8192M(100%)
[310.407s][info][gc,heap     ] GC(183) Soft Max Capacity: 8192M(100%)
[310.407s][info][gc,heap     ] GC(183)                Mark Start          Mark End        Relocate Start      Relocate End           High               Low         
[310.407s][info][gc,heap     ] GC(183)  Capacity:     8192M (100%)       8192M (100%)       8192M (100%)       8192M (100%)       8192M (100%)       8192M (100%)   
[310.407s][info][gc,heap     ] GC(183)      Free:     4070M (50%)        4070M (50%)        7430M (91%)        8046M (98%)        8046M (98%)        4070M (50%)    
[310.407s][info][gc,heap     ] GC(183)      Used:     4122M (50%)        4122M (50%)         762M (9%)          146M (2%)         4122M (50%)         146M (2%)     
[310.407s][info][gc,heap     ] GC(183)      Live:         -               125M (2%)          125M (2%)          125M (2%)             -                  -          
[310.407s][info][gc,heap     ] GC(183) Allocated:         -                 0M (0%)            0M (0%)            0M (0%)             -                  -          
[310.407s][info][gc,heap     ] GC(183)   Garbage:         -              3996M (49%)         636M (8%)           20M (0%)             -                  -          
[310.407s][info][gc,heap     ] GC(183) Reclaimed:         -                  -              3360M (41%)        3976M (49%)            -                  -          
[310.407s][info][gc          ] GC(183) Garbage Collection (System.gc()) 4122M(50%)->146M(2%)
[311.128s][info][gc,start    ] GC(184) Garbage Collection (Allocation Rate)
[311.128s][info][gc,task     ] GC(184) Using 2 workers
[311.128s][info][gc,phases   ] GC(184) Pause Mark Start 0.007ms
[311.222s][info][gc,phases   ] GC(184) Concurrent Mark 93.900ms
[311.222s][info][gc,phases   ] GC(184) Pause Mark End 0.015ms
[311.222s][info][gc,phases   ] GC(184) Concurrent Mark Free 0.002ms
[311.227s][info][gc,phases   ] GC(184) Concurrent Process Non-Strong References 5.021ms
[311.227s][info][gc,phases   ] GC(184) Concurrent Reset Relocation Set 0.024ms
[311.230s][info][gc,phases   ] GC(184) Concurrent Select Relocation Set 3.119ms
[311.230s][info][gc,phases   ] GC(184) Pause Relocate Start 0.008ms
[311.231s][info][gc,phases   ] GC(184) Concurrent Relocate 0.164ms
[311.231s][info][gc,load     ] GC(184) Load: 0.00/0.00/0.00
[311.231s][info][gc,mmu      ] GC(184) MMU: 2ms/80.5%, 5ms/92.2%, 10ms/96.1%, 20ms/96.3%, 50ms/97.1%, 100ms/97.5%
[311.231s][info][gc,marking  ] GC(184) Mark: 2 stripe(s), 2 proactive flush(es), 1 terminate flush(es), 0 completion(s), 0 continuation(s) 
[311.231s][info][gc,marking  ] GC(184) Mark Stack Usage: 32M
[311.231s][info][gc,nmethod  ] GC(184) NMethods: 4796 registered, 3 unregistered
[311.231s][info][gc,metaspace] GC(184) Metaspace: 33M used, 33M committed, 1088M reserved
[311.231s][info][gc,ref      ] GC(184) Soft: 4016 encountered, 0 discovered, 0 enqueued
[311.231s][info][gc,ref      ] GC(184) Weak: 1732 encountered, 84 discovered, 0 enqueued
[311.231s][info][gc,ref      ] GC(184) Final: 7 encountered, 7 discovered, 0 enqueued
[311.231s][info][gc,ref      ] GC(184) Phantom: 714 encountered, 604 discovered, 0 enqueued
[311.231s][info][gc,reloc    ] GC(184) Small Pages: 2677 / 5354M, Empty: 5214M, Relocated: 0M, In-Place: 0
[311.231s][info][gc,reloc    ] GC(184) Medium Pages: 1 / 32M, Empty: 0M, Relocated: 0M, In-Place: 0
[311.231s][info][gc,reloc    ] GC(184) Large Pages: 0 / 0M, Empty: 0M, Relocated: 0M, In-Place: 0
[311.231s][info][gc,reloc    ] GC(184) Forwarding Usage: 0M
[311.231s][info][gc,heap     ] GC(184) Min Capacity: 8192M(100%)
[311.231s][info][gc,heap     ] GC(184) Max Capacity: 8192M(100%)
[311.231s][info][gc,heap     ] GC(184) Soft Max Capacity: 8192M(100%)
[311.231s][info][gc,heap     ] GC(184)                Mark Start          Mark End        Relocate Start      Relocate End           High               Low         
[311.231s][info][gc,heap     ] GC(184)  Capacity:     8192M (100%)       8192M (100%)       8192M (100%)       8192M (100%)       8192M (100%)       8192M (100%)   
[311.231s][info][gc,heap     ] GC(184)      Free:     2806M (34%)        2286M (28%)        7472M (91%)        7492M (91%)        7492M (91%)        2270M (28%)    
[311.231s][info][gc,heap     ] GC(184)      Used:     5386M (66%)        5906M (72%)         720M (9%)          700M (9%)         5922M (72%)         700M (9%)     
[311.231s][info][gc,heap     ] GC(184)      Live:         -               125M (2%)          125M (2%)          125M (2%)             -                  -          
[311.231s][info][gc,heap     ] GC(184) Allocated:         -               520M (6%)          548M (7%)          551M (7%)             -                  -          
[311.231s][info][gc,heap     ] GC(184)   Garbage:         -              5260M (64%)          46M (1%)           22M (0%)             -                  -          
[311.231s][info][gc,heap     ] GC(184) Reclaimed:         -                  -              5214M (64%)        5237M (64%)            -                  -          
[311.231s][info][gc          ] GC(184) Garbage Collection (Allocation Rate) 5386M(66%)->700M(9%)
[312.132s][info][gc,start    ] GC(185) Garbage Collection (Allocation Rate)
[312.132s][info][gc,task     ] GC(185) Using 1 workers
[312.132s][info][gc,phases   ] GC(185) Pause Mark Start 0.014ms
[312.262s][info][gc,phases   ] GC(185) Concurrent Mark 129.705ms
[312.262s][info][gc,phases   ] GC(185) Pause Mark End 0.009ms
[312.262s][info][gc,phases   ] GC(185) Concurrent Mark Free 0.001ms
[312.272s][info][gc,phases   ] GC(185) Concurrent Process Non-Strong References 10.050ms
[312.272s][info][gc,phases   ] GC(185) Concurrent Reset Relocation Set 0.002ms
[312.275s][info][gc,phases   ] GC(185) Concurrent Select Relocation Set 2.355ms
[312.275s][info][gc,phases   ] GC(185) Pause Relocate Start 0.010ms
[312.275s][info][gc,phases   ] GC(185) Concurrent Relocate 0.274ms
[312.275s][info][gc,load     ] GC(185) Load: 0.00/0.00/0.00
[312.275s][info][gc,mmu      ] GC(185) MMU: 2ms/80.5%, 5ms/92.2%, 10ms/96.1%, 20ms/96.3%, 50ms/97.1%, 100ms/97.5%
[312.275s][info][gc,marking  ] GC(185) Mark: 1 stripe(s), 2 proactive flush(es), 1 terminate flush(es), 0 completion(s), 0 continuation(s) 
[312.275s][info][gc,marking  ] GC(185) Mark Stack Usage: 32M
[312.275s][info][gc,nmethod  ] GC(185) NMethods: 4796 registered, 3 unregistered
[312.275s][info][gc,metaspace] GC(185) Metaspace: 33M used, 33M committed, 1088M reserved
[312.275s][info][gc,ref      ] GC(185) Soft: 4016 encountered, 0 discovered, 0 enqueued
[312.275s][info][gc,ref      ] GC(185) Weak: 1732 encountered, 1284 discovered, 0 enqueued
[312.275s][info][gc,ref      ] GC(185) Final: 7 encountered, 7 discovered, 0 enqueued
[312.275s][info][gc,ref      ] GC(185) Phantom: 714 encountered, 665 discovered, 0 enqueued
[312.275s][info][gc,reloc    ] GC(185) Small Pages: 2862 / 5724M, Empty: 5586M, Relocated: 0M, In-Place: 0
[312.275s][info][gc,reloc    ] GC(185) Medium Pages: 1 / 32M, Empty: 0M, Relocated: 0M, In-Place: 0
[312.275s][info][gc,reloc    ] GC(185) Large Pages: 0 / 0M, Empty: 0M, Relocated: 0M, In-Place: 0
[312.275s][info][gc,reloc    ] GC(185) Forwarding Usage: 0M
[312.275s][info][gc,heap     ] GC(185) Min Capacity: 8192M(100%)
[312.275s][info][gc,heap     ] GC(185) Max Capacity: 8192M(100%)
[312.275s][info][gc,heap     ] GC(185) Soft Max Capacity: 8192M(100%)
[312.275s][info][gc,heap     ] GC(185)                Mark Start          Mark End        Relocate Start      Relocate End           High               Low         
[312.275s][info][gc,heap     ] GC(185)  Capacity:     8192M (100%)       8192M (100%)       8192M (100%)       8192M (100%)       8192M (100%)       8192M (100%)   
[312.275s][info][gc,heap     ] GC(185)      Free:     2436M (30%)        1876M (23%)        7422M (91%)        7446M (91%)        7446M (91%)        1842M (22%)    
[312.275s][info][gc,heap     ] GC(185)      Used:     5756M (70%)        6316M (77%)         770M (9%)          746M (9%)         6350M (78%)         746M (9%)     
[312.275s][info][gc,heap     ] GC(185)      Live:         -               125M (2%)          125M (2%)          125M (2%)             -                  -          
[312.275s][info][gc,heap     ] GC(185) Allocated:         -               560M (7%)          600M (7%)          599M (7%)             -                  -          
[312.275s][info][gc,heap     ] GC(185)   Garbage:         -              5630M (69%)          44M (1%)           20M (0%)             -                  -          
[312.275s][info][gc,heap     ] GC(185) Reclaimed:         -                  -              5586M (68%)        5609M (68%)            -                  -          
[312.275s][info][gc          ] GC(185) Garbage Collection (Allocation Rate) 5756M(70%)->746M(9%)
[313.621s][info][gc,start    ] GC(186) Garbage Collection (Allocation Rate)
[313.621s][info][gc,task     ] GC(186) Using 1 workers
[313.621s][info][gc,phases   ] GC(186) Pause Mark Start 0.009ms
[313.748s][info][gc,phases   ] GC(186) Concurrent Mark 127.129ms
[313.748s][info][gc,phases   ] GC(186) Pause Mark End 0.064ms
[313.748s][info][gc,phases   ] GC(186) Concurrent Mark Free 0.001ms
[313.757s][info][gc,phases   ] GC(186) Concurrent Process Non-Strong References 9.201ms
[313.758s][info][gc,phases   ] GC(186) Concurrent Reset Relocation Set 0.001ms
[313.764s][info][gc,phases   ] GC(186) Concurrent Select Relocation Set 5.971ms
[313.764s][info][gc,phases   ] GC(186) Pause Relocate Start 0.012ms
[313.799s][info][gc,phases   ] GC(186) Concurrent Relocate 35.559ms
[313.799s][info][gc,load     ] GC(186) Load: 0.00/0.00/0.00
[313.799s][info][gc,mmu      ] GC(186) MMU: 2ms/80.5%, 5ms/92.2%, 10ms/96.1%, 20ms/96.3%, 50ms/97.1%, 100ms/97.5%
[313.799s][info][gc,marking  ] GC(186) Mark: 1 stripe(s), 5 proactive flush(es), 1 terminate flush(es), 1 completion(s), 0 continuation(s) 
[313.799s][info][gc,marking  ] GC(186) Mark Stack Usage: 32M
[313.799s][info][gc,nmethod  ] GC(186) NMethods: 4799 registered, 3 unregistered
[313.799s][info][gc,metaspace] GC(186) Metaspace: 33M used, 33M committed, 1088M reserved
[313.799s][info][gc,ref      ] GC(186) Soft: 4016 encountered, 0 discovered, 0 enqueued
[313.799s][info][gc,ref      ] GC(186) Weak: 22215 encountered, 17835 discovered, 5002 enqueued
[313.799s][info][gc,ref      ] GC(186) Final: 7 encountered, 0 discovered, 0 enqueued
[313.799s][info][gc,ref      ] GC(186) Phantom: 720 encountered, 701 discovered, 0 enqueued
[313.799s][info][gc,reloc    ] GC(186) Small Pages: 2214 / 4428M, Empty: 3984M, Relocated: 37M, In-Place: 0
[313.800s][info][gc,reloc    ] GC(186) Medium Pages: 6 / 192M, Empty: 128M, Relocated: 16M, In-Place: 0
[313.800s][info][gc,reloc    ] GC(186) Large Pages: 42 / 292M, Empty: 286M, Relocated: 0M, In-Place: 0
[313.800s][info][gc,reloc    ] GC(186) Forwarding Usage: 11M
[313.800s][info][gc,heap     ] GC(186) Min Capacity: 8192M(100%)
[313.800s][info][gc,heap     ] GC(186) Max Capacity: 8192M(100%)
[313.800s][info][gc,heap     ] GC(186) Soft Max Capacity: 8192M(100%)
[313.800s][info][gc,heap     ] GC(186)                Mark Start          Mark End        Relocate Start      Relocate End           High               Low         
[313.800s][info][gc,heap     ] GC(186)  Capacity:     8192M (100%)       8192M (100%)       8192M (100%)       8192M (100%)       8192M (100%)       8192M (100%)   
[313.800s][info][gc,heap     ] GC(186)      Free:     3280M (40%)        3126M (38%)        7514M (92%)        7782M (95%)        7808M (95%)        3120M (38%)    
[313.800s][info][gc,heap     ] GC(186)      Used:     4912M (60%)        5066M (62%)         678M (8%)          410M (5%)         5072M (62%)         384M (5%)     
[313.800s][info][gc,heap     ] GC(186)      Live:         -               160M (2%)          160M (2%)          160M (2%)             -                  -          
[313.800s][info][gc,heap     ] GC(186) Allocated:         -               154M (2%)          164M (2%)          226M (3%)             -                  -          
[313.800s][info][gc,heap     ] GC(186)   Garbage:         -              4751M (58%)         353M (4%)           22M (0%)             -                  -          
[313.800s][info][gc,heap     ] GC(186) Reclaimed:         -                  -              4398M (54%)        4728M (58%)            -                  -          
[313.800s][info][gc          ] GC(186) Garbage Collection (Allocation Rate) 4912M(60%)->410M(5%)
[317.819s][info][gc,start    ] GC(187) Garbage Collection (System.gc())
[317.819s][info][gc,task     ] GC(187) Using 2 workers
[317.819s][info][gc,phases   ] GC(187) Pause Mark Start 0.005ms
[317.885s][info][gc,phases   ] GC(187) Concurrent Mark 65.668ms
[317.885s][info][gc,phases   ] GC(187) Pause Mark End 0.021ms
[317.886s][info][gc,phases   ] GC(187) Concurrent Mark Free 0.002ms
[317.893s][info][gc,phases   ] GC(187) Concurrent Process Non-Strong References 7.092ms
[317.893s][info][gc,phases   ] GC(187) Concurrent Reset Relocation Set 0.031ms
[317.895s][info][gc,phases   ] GC(187) Concurrent Select Relocation Set 2.604ms
[317.896s][info][gc,phases   ] GC(187) Pause Relocate Start 0.010ms
[317.903s][info][gc,phases   ] GC(187) Concurrent Relocate 7.034ms
[317.903s][info][gc,load     ] GC(187) Load: 0.00/0.00/0.00
[317.903s][info][gc,mmu      ] GC(187) MMU: 2ms/80.5%, 5ms/92.2%, 10ms/96.1%, 20ms/96.3%, 50ms/97.1%, 100ms/97.5%
[317.903s][info][gc,marking  ] GC(187) Mark: 2 stripe(s), 1 proactive flush(es), 1 terminate flush(es), 0 completion(s), 0 continuation(s) 
[317.903s][info][gc,marking  ] GC(187) Mark Stack Usage: 32M
[317.903s][info][gc,nmethod  ] GC(187) NMethods: 4799 registered, 3 unregistered
[317.903s][info][gc,metaspace] GC(187) Metaspace: 33M used, 33M committed, 1088M reserved
[317.903s][info][gc,ref      ] GC(187) Soft: 4016 encountered, 0 discovered, 0 enqueued
[317.903s][info][gc,ref      ] GC(187) Weak: 22332 encountered, 21707 discovered, 20618 enqueued
[317.903s][info][gc,ref      ] GC(187) Final: 7 encountered, 7 discovered, 0 enqueued
[317.903s][info][gc,ref      ] GC(187) Phantom: 714 encountered, 648 discovered, 0 enqueued
[317.903s][info][gc,reloc    ] GC(187) Small Pages: 965 / 1930M, Empty: 1164M, Relocated: 10M, In-Place: 0
[317.903s][info][gc,reloc    ] GC(187) Medium Pages: 31 / 992M, Empty: 896M, Relocated: 16M, In-Place: 0
[317.903s][info][gc,reloc    ] GC(187) Large Pages: 281 / 1956M, Empty: 1956M, Relocated: 0M, In-Place: 0
[317.903s][info][gc,reloc    ] GC(187) Forwarding Usage: 2M
[317.903s][info][gc,heap     ] GC(187) Min Capacity: 8192M(100%)
[317.903s][info][gc,heap     ] GC(187) Max Capacity: 8192M(100%)
[317.903s][info][gc,heap     ] GC(187) Soft Max Capacity: 8192M(100%)
[317.903s][info][gc,heap     ] GC(187)                Mark Start          Mark End        Relocate Start      Relocate End           High               Low         
[317.903s][info][gc,heap     ] GC(187)  Capacity:     8192M (100%)       8192M (100%)       8192M (100%)       8192M (100%)       8192M (100%)       8192M (100%)   
[317.903s][info][gc,heap     ] GC(187)      Free:     3314M (40%)        3314M (40%)        7330M (89%)        8046M (98%)        8046M (98%)        3314M (40%)    
[317.903s][info][gc,heap     ] GC(187)      Used:     4878M (60%)        4878M (60%)         862M (11%)         146M (2%)         4878M (60%)         146M (2%)     
[317.903s][info][gc,heap     ] GC(187)      Live:         -               126M (2%)          126M (2%)          126M (2%)             -                  -          
[317.903s][info][gc,heap     ] GC(187) Allocated:         -                 0M (0%)            0M (0%)            0M (0%)             -                  -          
[317.903s][info][gc,heap     ] GC(187)   Garbage:         -              4751M (58%)         735M (9%)           19M (0%)             -                  -          
[317.903s][info][gc,heap     ] GC(187) Reclaimed:         -                  -              4016M (49%)        4732M (58%)            -                  -          
[317.903s][info][gc          ] GC(187) Garbage Collection (System.gc()) 4878M(60%)->146M(2%)
[318.623s][info][gc,start    ] GC(188) Garbage Collection (Allocation Rate)
[318.624s][info][gc,task     ] GC(188) Using 2 workers
[318.624s][info][gc,phases   ] GC(188) Pause Mark Start 0.008ms
[318.702s][info][gc,phases   ] GC(188) Concurrent Mark 78.241ms
[318.702s][info][gc,phases   ] GC(188) Pause Mark End 0.016ms
[318.702s][info][gc,phases   ] GC(188) Concurrent Mark Free 0.001ms
[318.708s][info][gc,phases   ] GC(188) Concurrent Process Non-Strong References 5.439ms
[318.708s][info][gc,phases   ] GC(188) Concurrent Reset Relocation Set 0.028ms
[318.711s][info][gc,phases   ] GC(188) Concurrent Select Relocation Set 3.291ms
[318.711s][info][gc,phases   ] GC(188) Pause Relocate Start 0.008ms
[318.712s][info][gc,phases   ] GC(188) Concurrent Relocate 0.406ms
[318.712s][info][gc,load     ] GC(188) Load: 0.00/0.00/0.00
[318.712s][info][gc,mmu      ] GC(188) MMU: 2ms/80.5%, 5ms/92.2%, 10ms/96.1%, 20ms/96.3%, 50ms/97.1%, 100ms/97.5%
[318.712s][info][gc,marking  ] GC(188) Mark: 2 stripe(s), 2 proactive flush(es), 1 terminate flush(es), 0 completion(s), 0 continuation(s) 
[318.712s][info][gc,marking  ] GC(188) Mark Stack Usage: 32M
[318.712s][info][gc,nmethod  ] GC(188) NMethods: 4799 registered, 3 unregistered
[318.712s][info][gc,metaspace] GC(188) Metaspace: 33M used, 33M committed, 1088M reserved
[318.712s][info][gc,ref      ] GC(188) Soft: 4016 encountered, 0 discovered, 0 enqueued
[318.712s][info][gc,ref      ] GC(188) Weak: 1732 encountered, 73 discovered, 0 enqueued
[318.712s][info][gc,ref      ] GC(188) Final: 7 encountered, 6 discovered, 0 enqueued
[318.712s][info][gc,ref      ] GC(188) Phantom: 714 encountered, 600 discovered, 0 enqueued
[318.712s][info][gc,reloc    ] GC(188) Small Pages: 2660 / 5320M, Empty: 5172M, Relocated: 0M, In-Place: 0
[318.712s][info][gc,reloc    ] GC(188) Medium Pages: 1 / 32M, Empty: 0M, Relocated: 0M, In-Place: 0
[318.712s][info][gc,reloc    ] GC(188) Large Pages: 0 / 0M, Empty: 0M, Relocated: 0M, In-Place: 0
[318.712s][info][gc,reloc    ] GC(188) Forwarding Usage: 0M
[318.712s][info][gc,heap     ] GC(188) Min Capacity: 8192M(100%)
[318.712s][info][gc,heap     ] GC(188) Max Capacity: 8192M(100%)
[318.712s][info][gc,heap     ] GC(188) Soft Max Capacity: 8192M(100%)
[318.712s][info][gc,heap     ] GC(188)                Mark Start          Mark End        Relocate Start      Relocate End           High               Low         
[318.712s][info][gc,heap     ] GC(188)  Capacity:     8192M (100%)       8192M (100%)       8192M (100%)       8192M (100%)       8192M (100%)       8192M (100%)   
[318.712s][info][gc,heap     ] GC(188)      Free:     2840M (35%)        2560M (31%)        7692M (94%)        7722M (94%)        7722M (94%)        2534M (31%)    
[318.712s][info][gc,heap     ] GC(188)      Used:     5352M (65%)        5632M (69%)         500M (6%)          470M (6%)         5658M (69%)         470M (6%)     
[318.712s][info][gc,heap     ] GC(188)      Live:         -               126M (2%)          126M (2%)          126M (2%)             -                  -          
[318.712s][info][gc,heap     ] GC(188) Allocated:         -               280M (3%)          320M (4%)          321M (4%)             -                  -          
[318.712s][info][gc,heap     ] GC(188)   Garbage:         -              5225M (64%)          53M (1%)           21M (0%)             -                  -          
[318.712s][info][gc,heap     ] GC(188) Reclaimed:         -                  -              5172M (63%)        5203M (64%)            -                  -          
[318.712s][info][gc          ] GC(188) Garbage Collection (Allocation Rate) 5352M(65%)->470M(6%)
[319.722s][info][gc,start    ] GC(189) Garbage Collection (Allocation Rate)
[319.722s][info][gc,task     ] GC(189) Using 1 workers
[319.722s][info][gc,phases   ] GC(189) Pause Mark Start 0.007ms
[319.834s][info][gc,phases   ] GC(189) Concurrent Mark 112.530ms
[319.834s][info][gc,phases   ] GC(189) Pause Mark End 0.012ms
[319.835s][info][gc,phases   ] GC(189) Concurrent Mark Free 0.001ms
[319.843s][info][gc,phases   ] GC(189) Concurrent Process Non-Strong References 8.406ms
[319.843s][info][gc,phases   ] GC(189) Concurrent Reset Relocation Set 0.003ms
[319.846s][info][gc,phases   ] GC(189) Concurrent Select Relocation Set 3.386ms
[319.847s][info][gc,phases   ] GC(189) Pause Relocate Start 0.009ms
[319.847s][info][gc,phases   ] GC(189) Concurrent Relocate 0.609ms
[319.847s][info][gc,load     ] GC(189) Load: 0.00/0.00/0.00
[319.847s][info][gc,mmu      ] GC(189) MMU: 2ms/80.5%, 5ms/92.2%, 10ms/96.1%, 20ms/96.3%, 50ms/97.1%, 100ms/97.5%
[319.847s][info][gc,marking  ] GC(189) Mark: 1 stripe(s), 2 proactive flush(es), 1 terminate flush(es), 0 completion(s), 0 continuation(s) 
[319.847s][info][gc,marking  ] GC(189) Mark Stack Usage: 32M
[319.847s][info][gc,nmethod  ] GC(189) NMethods: 4799 registered, 3 unregistered
[319.847s][info][gc,metaspace] GC(189) Metaspace: 33M used, 33M committed, 1088M reserved
[319.847s][info][gc,ref      ] GC(189) Soft: 4016 encountered, 0 discovered, 0 enqueued
[319.847s][info][gc,ref      ] GC(189) Weak: 1732 encountered, 1284 discovered, 0 enqueued
[319.847s][info][gc,ref      ] GC(189) Final: 7 encountered, 7 discovered, 0 enqueued
[319.847s][info][gc,ref      ] GC(189) Phantom: 714 encountered, 665 discovered, 0 enqueued
[319.847s][info][gc,reloc    ] GC(189) Small Pages: 3026 / 6052M, Empty: 5910M, Relocated: 0M, In-Place: 0
[319.847s][info][gc,reloc    ] GC(189) Medium Pages: 1 / 32M, Empty: 0M, Relocated: 0M, In-Place: 0
[319.847s][info][gc,reloc    ] GC(189) Large Pages: 0 / 0M, Empty: 0M, Relocated: 0M, In-Place: 0
[319.847s][info][gc,reloc    ] GC(189) Forwarding Usage: 0M
[319.847s][info][gc,heap     ] GC(189) Min Capacity: 8192M(100%)
[319.847s][info][gc,heap     ] GC(189) Max Capacity: 8192M(100%)
[319.847s][info][gc,heap     ] GC(189) Soft Max Capacity: 8192M(100%)
[319.847s][info][gc,heap     ] GC(189)                Mark Start          Mark End        Relocate Start      Relocate End           High               Low         
[319.847s][info][gc,heap     ] GC(189)  Capacity:     8192M (100%)       8192M (100%)       8192M (100%)       8192M (100%)       8192M (100%)       8192M (100%)   
[319.848s][info][gc,heap     ] GC(189)      Free:     2108M (26%)        1750M (21%)        7638M (93%)        7666M (94%)        7666M (94%)        1744M (21%)    
[319.848s][info][gc,heap     ] GC(189)      Used:     6084M (74%)        6442M (79%)         554M (7%)          526M (6%)         6448M (79%)         526M (6%)     
[319.848s][info][gc,heap     ] GC(189)      Live:         -               126M (2%)          126M (2%)          126M (2%)             -                  -          
[319.848s][info][gc,heap     ] GC(189) Allocated:         -               358M (4%)          380M (5%)          379M (5%)             -                  -          
[319.848s][info][gc,heap     ] GC(189)   Garbage:         -              5957M (73%)          47M (1%)           19M (0%)             -                  -          
[319.848s][info][gc,heap     ] GC(189) Reclaimed:         -                  -              5910M (72%)        5937M (72%)            -                  -          
[319.848s][info][gc          ] GC(189) Garbage Collection (Allocation Rate) 6084M(74%)->526M(6%)
[320.333s][info][gc,stats    ] === Garbage Collection Statistics =======================================================================================================================
[320.334s][info][gc,stats    ]                                                              Last 10s              Last 10m              Last 10h                Total
[320.334s][info][gc,stats    ]                                                              Avg / Max             Avg / Max             Avg / Max             Avg / Max
[320.334s][info][gc,stats    ]   Collector: Garbage Collection Cycle                    113.371 / 178.752     125.502 / 379.439     125.502 / 379.439     125.502 / 379.439     ms
[320.334s][info][gc,stats    ]  Contention: Mark Segment Reset Contention                     0 / 1                 0 / 115               0 / 115               0 / 115         ops/s
[320.334s][info][gc,stats    ]  Contention: Mark SeqNum Reset Contention                      0 / 0                 0 / 2                 0 / 2                 0 / 2           ops/s
[320.334s][info][gc,stats    ]    Critical: Allocation Stall                                  0 / 0                 0 / 0                 0 / 0                 0 / 0           ops/s
[320.334s][info][gc,stats    ]    Critical: Allocation Stall                              0.000 / 0.000         0.000 / 0.000         0.000 / 0.000         0.000 / 0.000       ms
[320.334s][info][gc,stats    ]    Critical: GC Locker Stall                                   0 / 0                 0 / 0                 0 / 0                 0 / 0           ops/s
[320.334s][info][gc,stats    ]    Critical: GC Locker Stall                               0.000 / 0.000         0.000 / 0.000         0.000 / 0.000         0.000 / 0.000       ms
[320.334s][info][gc,stats    ]    Critical: Relocation Stall                                  0 / 0                 0 / 0                 0 / 0                 0 / 0           ops/s
[320.334s][info][gc,stats    ]    Critical: Relocation Stall                              0.000 / 0.000         0.000 / 0.000         0.000 / 0.000         0.000 / 0.000       ms
[320.334s][info][gc,stats    ]      Memory: Allocation Rate                                3456 / 6338           2772 / 6636           2772 / 6636           2772 / 6636        MB/s
[320.334s][info][gc,stats    ]      Memory: Out Of Memory                                     0 / 0                 0 / 0                 0 / 0                 0 / 0           ops/s
[320.334s][info][gc,stats    ]      Memory: Page Cache Flush                                109 / 624              84 / 664              84 / 664              84 / 664         MB/s
[320.334s][info][gc,stats    ]      Memory: Page Cache Hit L1                              1528 / 3168           1184 / 3321           1184 / 3321           1184 / 3321        ops/s
[320.334s][info][gc,stats    ]      Memory: Page Cache Hit L2                                 0 / 0                 0 / 0                 0 / 0                 0 / 0           ops/s
[320.334s][info][gc,stats    ]      Memory: Page Cache Hit L3                                60 / 283              42 / 635              42 / 635              42 / 635         ops/s
[320.334s][info][gc,stats    ]      Memory: Page Cache Miss                                  11 / 68                9 / 70                9 / 70                9 / 70          ops/s
[320.334s][info][gc,stats    ]      Memory: Uncommit                                          0 / 0                 0 / 0                 0 / 0                 0 / 0           MB/s
[320.334s][info][gc,stats    ]      Memory: Undo Object Allocation Failed                     0 / 1                 0 / 2                 0 / 2                 0 / 2           ops/s
[320.334s][info][gc,stats    ]      Memory: Undo Object Allocation Succeeded                  0 / 2                 0 / 94                0 / 94                0 / 94          ops/s
[320.334s][info][gc,stats    ]      Memory: Undo Page Allocation                              0 / 5                 0 / 8                 0 / 8                 0 / 8           ops/s
[320.334s][info][gc,stats    ]       Phase: Concurrent Mark                              94.487 / 129.705      99.221 / 190.432      99.221 / 190.432      99.221 / 190.432     ms
[320.334s][info][gc,stats    ]       Phase: Concurrent Mark Continue                      0.000 / 0.000        15.374 / 35.578       15.374 / 35.578       15.374 / 35.578      ms
[320.334s][info][gc,stats    ]       Phase: Concurrent Mark Free                          0.001 / 0.002         0.001 / 0.004         0.001 / 0.004         0.001 / 0.004       ms
[320.334s][info][gc,stats    ]       Phase: Concurrent Process Non-Strong References      7.404 / 10.050        8.289 / 31.000        8.289 / 31.000        8.289 / 31.000      ms
[320.334s][info][gc,stats    ]       Phase: Concurrent Relocate                           7.281 / 35.559        9.203 / 76.380        9.203 / 76.380        9.203 / 76.380      ms
[320.334s][info][gc,stats    ]       Phase: Concurrent Reset Relocation Set               0.014 / 0.031         0.010 / 0.049         0.010 / 0.049         0.010 / 0.049       ms
[320.334s][info][gc,stats    ]       Phase: Concurrent Select Relocation Set              3.305 / 5.971         3.566 / 13.402        3.566 / 13.402        3.566 / 13.402      ms
[320.334s][info][gc,stats    ]       Phase: Pause Mark End                                0.023 / 0.064         0.057 / 0.390         0.057 / 0.390         0.057 / 0.390       ms
[320.334s][info][gc,stats    ]       Phase: Pause Mark Start                              0.008 / 0.014         0.008 / 0.022         0.008 / 0.022         0.008 / 0.022       ms
[320.334s][info][gc,stats    ]       Phase: Pause Relocate Start                          0.009 / 0.012         0.010 / 0.037         0.010 / 0.037         0.010 / 0.037       ms
[320.334s][info][gc,stats    ]    Subphase: Concurrent Classes Purge                      0.232 / 0.346         0.247 / 0.574         0.247 / 0.574         0.247 / 0.574       ms
[320.334s][info][gc,stats    ]    Subphase: Concurrent Classes Unlink                     5.627 / 8.983         5.774 / 23.760        5.774 / 23.760        5.774 / 23.760      ms
[320.334s][info][gc,stats    ]    Subphase: Concurrent Mark                              82.264 / 128.685      75.962 / 189.582      75.962 / 189.582      75.962 / 189.582     ms
[320.334s][info][gc,stats    ]    Subphase: Concurrent Mark Try Flush                     0.060 / 0.171         0.531 / 30.486        0.531 / 30.486        0.531 / 30.486      ms
[320.334s][info][gc,stats    ]    Subphase: Concurrent Mark Try Terminate                 3.197 / 16.098        3.194 / 16.837        3.194 / 16.837        3.194 / 16.837      ms
[320.334s][info][gc,stats    ]    Subphase: Concurrent References Enqueue                 0.003 / 0.007         0.003 / 0.008         0.003 / 0.008         0.003 / 0.008       ms
[320.334s][info][gc,stats    ]    Subphase: Concurrent References Process                 1.053 / 2.639         0.982 / 3.217         0.982 / 3.217         0.982 / 3.217       ms
[320.334s][info][gc,stats    ]    Subphase: Concurrent Roots ClassLoaderDataGraph         0.102 / 0.193         0.109 / 0.537         0.109 / 0.537         0.109 / 0.537       ms
[320.334s][info][gc,stats    ]    Subphase: Concurrent Roots CodeCache                    0.000 / 0.000         0.000 / 0.000         0.000 / 0.000         0.000 / 0.000       ms
[320.334s][info][gc,stats    ]    Subphase: Concurrent Roots JavaThreads                  0.360 / 0.701         0.360 / 1.258         0.360 / 1.258         0.360 / 1.258       ms
[320.334s][info][gc,stats    ]    Subphase: Concurrent Roots OopStorageSet                0.032 / 0.057         0.031 / 0.124         0.031 / 0.124         0.031 / 0.124       ms
[320.334s][info][gc,stats    ]    Subphase: Concurrent Weak Roots OopStorageSet           0.274 / 0.405         0.304 / 1.123         0.304 / 1.123         0.304 / 1.123       ms
[320.334s][info][gc,stats    ]    Subphase: Pause Mark Try Complete                       0.005 / 0.005         0.164 / 0.301         0.164 / 0.301         0.164 / 0.301       ms
[320.334s][info][gc,stats    ]      System: Java Threads                                     19 / 21               18 / 22               18 / 22               18 / 22          threads
[320.334s][info][gc,stats    ] =========================================================================================================================================================
[323.822s][info][gc,start    ] GC(190) Garbage Collection (Allocation Rate)
[323.822s][info][gc,task     ] GC(190) Using 1 workers
[323.822s][info][gc,phases   ] GC(190) Pause Mark Start 0.010ms
[323.952s][info][gc,phases   ] GC(190) Concurrent Mark 129.698ms
[323.952s][info][gc,phases   ] GC(190) Pause Mark End 0.063ms
[323.952s][info][gc,phases   ] GC(190) Concurrent Mark Free 0.001ms
[323.962s][info][gc,phases   ] GC(190) Concurrent Process Non-Strong References 9.828ms
[323.962s][info][gc,phases   ] GC(190) Concurrent Reset Relocation Set 0.002ms
[323.967s][info][gc,phases   ] GC(190) Concurrent Select Relocation Set 5.030ms
[323.967s][info][gc,phases   ] GC(190) Pause Relocate Start 0.023ms
[324.001s][info][gc,phases   ] GC(190) Concurrent Relocate 34.066ms
[324.001s][info][gc,load     ] GC(190) Load: 0.00/0.00/0.00
[324.001s][info][gc,mmu      ] GC(190) MMU: 2ms/80.5%, 5ms/92.2%, 10ms/96.1%, 20ms/96.3%, 50ms/97.1%, 100ms/97.5%
[324.001s][info][gc,marking  ] GC(190) Mark: 1 stripe(s), 9 proactive flush(es), 1 terminate flush(es), 1 completion(s), 0 continuation(s) 
[324.001s][info][gc,marking  ] GC(190) Mark Stack Usage: 32M
[324.001s][info][gc,nmethod  ] GC(190) NMethods: 4799 registered, 3 unregistered
[324.001s][info][gc,metaspace] GC(190) Metaspace: 33M used, 33M committed, 1088M reserved
[324.001s][info][gc,ref      ] GC(190) Soft: 4016 encountered, 0 discovered, 0 enqueued
[324.001s][info][gc,ref      ] GC(190) Weak: 23043 encountered, 20055 discovered, 11124 enqueued
[324.001s][info][gc,ref      ] GC(190) Final: 7 encountered, 7 discovered, 0 enqueued
[324.001s][info][gc,ref      ] GC(190) Phantom: 719 encountered, 670 discovered, 0 enqueued
[324.001s][info][gc,reloc    ] GC(190) Small Pages: 2701 / 5402M, Empty: 4660M, Relocated: 33M, In-Place: 0
[324.001s][info][gc,reloc    ] GC(190) Medium Pages: 24 / 768M, Empty: 736M, Relocated: 0M, In-Place: 0
[324.001s][info][gc,reloc    ] GC(190) Large Pages: 224 / 1564M, Empty: 1564M, Relocated: 0M, In-Place: 0
[324.001s][info][gc,reloc    ] GC(190) Forwarding Usage: 10M
[324.001s][info][gc,heap     ] GC(190) Min Capacity: 8192M(100%)
[324.001s][info][gc,heap     ] GC(190) Max Capacity: 8192M(100%)
[324.001s][info][gc,heap     ] GC(190) Soft Max Capacity: 8192M(100%)
[324.001s][info][gc,heap     ] GC(190)                Mark Start          Mark End        Relocate Start      Relocate End           High               Low         
[324.002s][info][gc,heap     ] GC(190)  Capacity:     8192M (100%)       8192M (100%)       8192M (100%)       8192M (100%)       8192M (100%)       8192M (100%)   
[324.002s][info][gc,heap     ] GC(190)      Free:      458M (6%)          326M (4%)         7276M (89%)        7854M (96%)        7854M (96%)         318M (4%)     
[324.002s][info][gc,heap     ] GC(190)      Used:     7734M (94%)        7866M (96%)         916M (11%)         338M (4%)         7874M (96%)         338M (4%)     
[324.002s][info][gc,heap     ] GC(190)      Live:         -               147M (2%)          147M (2%)          147M (2%)             -                  -          
[324.002s][info][gc,heap     ] GC(190) Allocated:         -               132M (2%)          142M (2%)          168M (2%)             -                  -          
[324.002s][info][gc,heap     ] GC(190)   Garbage:         -              7586M (93%)         626M (8%)           22M (0%)             -                  -          
[324.002s][info][gc,heap     ] GC(190) Reclaimed:         -                  -              6960M (85%)        7564M (92%)            -                  -          
[324.002s][info][gc          ] GC(190) Garbage Collection (Allocation Rate) 7734M(94%)->338M(4%)
[324.249s][info][gc,start    ] GC(191) Garbage Collection (System.gc())
[324.249s][info][gc,task     ] GC(191) Using 2 workers
[324.249s][info][gc,phases   ] GC(191) Pause Mark Start 0.007ms
[324.337s][info][gc,phases   ] GC(191) Concurrent Mark 87.877ms
[324.337s][info][gc,phases   ] GC(191) Pause Mark End 0.023ms
[324.337s][info][gc,phases   ] GC(191) Concurrent Mark Free 0.002ms
[324.343s][info][gc,phases   ] GC(191) Concurrent Process Non-Strong References 5.683ms
[324.343s][info][gc,phases   ] GC(191) Concurrent Reset Relocation Set 0.021ms
[324.345s][info][gc,phases   ] GC(191) Concurrent Select Relocation Set 2.050ms
[324.345s][info][gc,phases   ] GC(191) Pause Relocate Start 0.013ms
[324.351s][info][gc,phases   ] GC(191) Concurrent Relocate 5.246ms
[324.351s][info][gc,load     ] GC(191) Load: 0.00/0.00/0.00
[324.351s][info][gc,mmu      ] GC(191) MMU: 2ms/80.5%, 5ms/92.2%, 10ms/96.1%, 20ms/96.3%, 50ms/97.1%, 100ms/97.5%
[324.351s][info][gc,marking  ] GC(191) Mark: 2 stripe(s), 1 proactive flush(es), 1 terminate flush(es), 0 completion(s), 0 continuation(s) 
[324.351s][info][gc,marking  ] GC(191) Mark Stack Usage: 32M
[324.351s][info][gc,nmethod  ] GC(191) NMethods: 4799 registered, 3 unregistered
[324.351s][info][gc,metaspace] GC(191) Metaspace: 33M used, 33M committed, 1088M reserved
[324.351s][info][gc,ref      ] GC(191) Soft: 4016 encountered, 0 discovered, 0 enqueued
[324.351s][info][gc,ref      ] GC(191) Weak: 24270 encountered, 22601 discovered, 22556 enqueued
[324.351s][info][gc,ref      ] GC(191) Final: 7 encountered, 7 discovered, 0 enqueued
[324.351s][info][gc,ref      ] GC(191) Phantom: 714 encountered, 644 discovered, 0 enqueued
[324.351s][info][gc,reloc    ] GC(191) Small Pages: 185 / 370M, Empty: 34M, Relocated: 10M, In-Place: 0
[324.351s][info][gc,reloc    ] GC(191) Medium Pages: 4 / 128M, Empty: 96M, Relocated: 0M, In-Place: 0
[324.351s][info][gc,reloc    ] GC(191) Large Pages: 26 / 180M, Empty: 180M, Relocated: 0M, In-Place: 0
[324.351s][info][gc,reloc    ] GC(191) Forwarding Usage: 3M
[324.351s][info][gc,heap     ] GC(191) Min Capacity: 8192M(100%)
[324.351s][info][gc,heap     ] GC(191) Max Capacity: 8192M(100%)
[324.351s][info][gc,heap     ] GC(191) Soft Max Capacity: 8192M(100%)
[324.351s][info][gc,heap     ] GC(191)                Mark Start          Mark End        Relocate Start      Relocate End           High               Low         
[324.351s][info][gc,heap     ] GC(191)  Capacity:     8192M (100%)       8192M (100%)       8192M (100%)       8192M (100%)       8192M (100%)       8192M (100%)   
[324.351s][info][gc,heap     ] GC(191)      Free:     7514M (92%)        7514M (92%)        7824M (96%)        8044M (98%)        8044M (98%)        7514M (92%)    
[324.351s][info][gc,heap     ] GC(191)      Used:      678M (8%)          678M (8%)          368M (4%)          148M (2%)          678M (8%)          148M (2%)     
[324.351s][info][gc,heap     ] GC(191)      Live:         -               123M (2%)          123M (2%)          123M (2%)             -                  -          
[324.351s][info][gc,heap     ] GC(191) Allocated:         -                 0M (0%)            0M (0%)            1M (0%)             -                  -          
[324.351s][info][gc,heap     ] GC(191)   Garbage:         -               554M (7%)          244M (3%)           22M (0%)             -                  -          
[324.351s][info][gc,heap     ] GC(191) Reclaimed:         -                  -               310M (4%)          531M (6%)             -                  -          
[324.351s][info][gc          ] GC(191) Garbage Collection (System.gc()) 678M(8%)->148M(2%)
[325.028s][info][gc,start    ] GC(192) Garbage Collection (Allocation Rate)
[325.028s][info][gc,task     ] GC(192) Using 2 workers
[325.028s][info][gc,phases   ] GC(192) Pause Mark Start 0.010ms
[325.101s][info][gc,phases   ] GC(192) Concurrent Mark 71.370ms
[325.101s][info][gc,phases   ] GC(192) Pause Mark End 0.014ms
[325.101s][info][gc,phases   ] GC(192) Concurrent Mark Free 0.001ms
[325.106s][info][gc,phases   ] GC(192) Concurrent Process Non-Strong References 5.361ms
[325.106s][info][gc,phases   ] GC(192) Concurrent Reset Relocation Set 0.013ms
[325.110s][info][gc,phases   ] GC(192) Concurrent Select Relocation Set 3.347ms
[325.110s][info][gc,phases   ] GC(192) Pause Relocate Start 0.008ms
[325.110s][info][gc,phases   ] GC(192) Concurrent Relocate 0.139ms
[325.110s][info][gc,load     ] GC(192) Load: 0.00/0.00/0.00
[325.110s][info][gc,mmu      ] GC(192) MMU: 2ms/80.5%, 5ms/92.2%, 10ms/96.1%, 20ms/96.3%, 50ms/97.1%, 100ms/97.5%
[325.110s][info][gc,marking  ] GC(192) Mark: 2 stripe(s), 2 proactive flush(es), 1 terminate flush(es), 0 completion(s), 0 continuation(s) 
[325.110s][info][gc,marking  ] GC(192) Mark Stack Usage: 32M
[325.110s][info][gc,nmethod  ] GC(192) NMethods: 4799 registered, 3 unregistered
[325.110s][info][gc,metaspace] GC(192) Metaspace: 33M used, 33M committed, 1088M reserved
[325.110s][info][gc,ref      ] GC(192) Soft: 4016 encountered, 0 discovered, 0 enqueued
[325.110s][info][gc,ref      ] GC(192) Weak: 1729 encountered, 43 discovered, 0 enqueued
[325.110s][info][gc,ref      ] GC(192) Final: 7 encountered, 5 discovered, 0 enqueued
[325.110s][info][gc,ref      ] GC(192) Phantom: 714 encountered, 641 discovered, 0 enqueued
[325.110s][info][gc,reloc    ] GC(192) Small Pages: 2564 / 5128M, Empty: 4996M, Relocated: 0M, In-Place: 0
[325.110s][info][gc,reloc    ] GC(192) Medium Pages: 1 / 32M, Empty: 0M, Relocated: 0M, In-Place: 0
[325.110s][info][gc,reloc    ] GC(192) Large Pages: 0 / 0M, Empty: 0M, Relocated: 0M, In-Place: 0
[325.110s][info][gc,reloc    ] GC(192) Forwarding Usage: 0M
[325.110s][info][gc,heap     ] GC(192) Min Capacity: 8192M(100%)
[325.110s][info][gc,heap     ] GC(192) Max Capacity: 8192M(100%)
[325.110s][info][gc,heap     ] GC(192) Soft Max Capacity: 8192M(100%)
[325.110s][info][gc,heap     ] GC(192)                Mark Start          Mark End        Relocate Start      Relocate End           High               Low         
[325.110s][info][gc,heap     ] GC(192)  Capacity:     8192M (100%)       8192M (100%)       8192M (100%)       8192M (100%)       8192M (100%)       8192M (100%)   
[325.110s][info][gc,heap     ] GC(192)      Free:     3032M (37%)        2790M (34%)        7750M (95%)        7764M (95%)        7764M (95%)        2768M (34%)    
[325.110s][info][gc,heap     ] GC(192)      Used:     5160M (63%)        5402M (66%)         442M (5%)          428M (5%)         5424M (66%)         428M (5%)     
[325.110s][info][gc,heap     ] GC(192)      Live:         -               123M (2%)          123M (2%)          123M (2%)             -                  -          
[325.110s][info][gc,heap     ] GC(192) Allocated:         -               242M (3%)          278M (3%)          279M (3%)             -                  -          
[325.110s][info][gc,heap     ] GC(192)   Garbage:         -              5036M (61%)          40M (0%)           24M (0%)             -                  -          
[325.110s][info][gc,heap     ] GC(192) Reclaimed:         -                  -              4996M (61%)        5011M (61%)            -                  -          
[325.110s][info][gc          ] GC(192) Garbage Collection (Allocation Rate) 5160M(63%)->428M(5%)
[326.026s][info][gc,start    ] GC(193) Garbage Collection (Allocation Rate)
[326.026s][info][gc,task     ] GC(193) Using 1 workers
[326.027s][info][gc,phases   ] GC(193) Pause Mark Start 0.007ms
[326.167s][info][gc,phases   ] GC(193) Concurrent Mark 140.734ms
[326.168s][info][gc,phases   ] GC(193) Pause Mark End 0.015ms
[326.168s][info][gc,phases   ] GC(193) Concurrent Mark Free 0.001ms
[326.178s][info][gc,phases   ] GC(193) Concurrent Process Non-Strong References 10.202ms
[326.178s][info][gc,phases   ] GC(193) Concurrent Reset Relocation Set 0.001ms
[326.181s][info][gc,phases   ] GC(193) Concurrent Select Relocation Set 2.840ms
[326.181s][info][gc,phases   ] GC(193) Pause Relocate Start 0.008ms
[326.181s][info][gc,phases   ] GC(193) Concurrent Relocate 0.230ms
[326.181s][info][gc,load     ] GC(193) Load: 0.00/0.00/0.00
[326.181s][info][gc,mmu      ] GC(193) MMU: 2ms/80.5%, 5ms/92.2%, 10ms/96.1%, 20ms/96.3%, 50ms/97.1%, 100ms/97.5%
[326.181s][info][gc,marking  ] GC(193) Mark: 1 stripe(s), 2 proactive flush(es), 1 terminate flush(es), 0 completion(s), 0 continuation(s) 
[326.181s][info][gc,marking  ] GC(193) Mark Stack Usage: 32M
[326.181s][info][gc,nmethod  ] GC(193) NMethods: 4799 registered, 3 unregistered
[326.181s][info][gc,metaspace] GC(193) Metaspace: 33M used, 33M committed, 1088M reserved
[326.181s][info][gc,ref      ] GC(193) Soft: 4016 encountered, 0 discovered, 0 enqueued
[326.181s][info][gc,ref      ] GC(193) Weak: 1732 encountered, 1284 discovered, 0 enqueued
[326.181s][info][gc,ref      ] GC(193) Final: 7 encountered, 7 discovered, 0 enqueued
[326.181s][info][gc,ref      ] GC(193) Phantom: 714 encountered, 665 discovered, 0 enqueued
[326.181s][info][gc,reloc    ] GC(193) Small Pages: 2829 / 5658M, Empty: 5514M, Relocated: 0M, In-Place: 0
[326.181s][info][gc,reloc    ] GC(193) Medium Pages: 1 / 32M, Empty: 0M, Relocated: 0M, In-Place: 0
[326.181s][info][gc,reloc    ] GC(193) Large Pages: 0 / 0M, Empty: 0M, Relocated: 0M, In-Place: 0
[326.181s][info][gc,reloc    ] GC(193) Forwarding Usage: 0M
[326.181s][info][gc,heap     ] GC(193) Min Capacity: 8192M(100%)
[326.181s][info][gc,heap     ] GC(193) Max Capacity: 8192M(100%)
[326.181s][info][gc,heap     ] GC(193) Soft Max Capacity: 8192M(100%)
[326.181s][info][gc,heap     ] GC(193)                Mark Start          Mark End        Relocate Start      Relocate End           High               Low         
[326.181s][info][gc,heap     ] GC(193)  Capacity:     8192M (100%)       8192M (100%)       8192M (100%)       8192M (100%)       8192M (100%)       8192M (100%)   
[326.181s][info][gc,heap     ] GC(193)      Free:     2502M (31%)        2056M (25%)        7526M (92%)        7556M (92%)        7556M (92%)        2022M (25%)    
[326.181s][info][gc,heap     ] GC(193)      Used:     5690M (69%)        6136M (75%)         666M (8%)          636M (8%)         6170M (75%)         636M (8%)     
[326.181s][info][gc,heap     ] GC(193)      Live:         -               123M (2%)          123M (2%)          123M (2%)             -                  -          
[326.181s][info][gc,heap     ] GC(193) Allocated:         -               446M (5%)          490M (6%)          489M (6%)             -                  -          
[326.181s][info][gc,heap     ] GC(193)   Garbage:         -              5566M (68%)          52M (1%)           22M (0%)             -                  -          
[326.181s][info][gc,heap     ] GC(193) Reclaimed:         -                  -              5514M (67%)        5543M (68%)            -                  -          
[326.181s][info][gc          ] GC(193) Garbage Collection (Allocation Rate) 5690M(69%)->636M(8%)
[327.723s][info][gc,start    ] GC(194) Garbage Collection (Allocation Rate)
[327.723s][info][gc,task     ] GC(194) Using 1 workers
[327.723s][info][gc,phases   ] GC(194) Pause Mark Start 0.010ms
[327.860s][info][gc,phases   ] GC(194) Concurrent Mark 136.365ms
[327.860s][info][gc,phases   ] GC(194) Pause Mark End 0.095ms
[327.860s][info][gc,phases   ] GC(194) Concurrent Mark Free 0.001ms
[327.871s][info][gc,phases   ] GC(194) Concurrent Process Non-Strong References 10.931ms
[327.871s][info][gc,phases   ] GC(194) Concurrent Reset Relocation Set 0.004ms
[327.877s][info][gc,phases   ] GC(194) Concurrent Select Relocation Set 5.820ms
[327.877s][info][gc,phases   ] GC(194) Pause Relocate Start 0.012ms
[327.915s][info][gc,phases   ] GC(194) Concurrent Relocate 37.257ms
[327.915s][info][gc,load     ] GC(194) Load: 0.00/0.00/0.00
[327.915s][info][gc,mmu      ] GC(194) MMU: 2ms/80.5%, 5ms/92.2%, 10ms/96.1%, 20ms/96.3%, 50ms/97.1%, 100ms/97.5%
[327.915s][info][gc,marking  ] GC(194) Mark: 1 stripe(s), 10 proactive flush(es), 3 terminate flush(es), 1 completion(s), 0 continuation(s) 
[327.915s][info][gc,marking  ] GC(194) Mark Stack Usage: 32M
[327.915s][info][gc,nmethod  ] GC(194) NMethods: 4804 registered, 3 unregistered
[327.915s][info][gc,metaspace] GC(194) Metaspace: 33M used, 33M committed, 1088M reserved
[327.915s][info][gc,ref      ] GC(194) Soft: 4016 encountered, 0 discovered, 0 enqueued
[327.915s][info][gc,ref      ] GC(194) Weak: 22218 encountered, 18851 discovered, 3444 enqueued
[327.915s][info][gc,ref      ] GC(194) Final: 7 encountered, 7 discovered, 0 enqueued
[327.915s][info][gc,ref      ] GC(194) Phantom: 720 encountered, 671 discovered, 0 enqueued
[327.915s][info][gc,reloc    ] GC(194) Small Pages: 2394 / 4788M, Empty: 4300M, Relocated: 38M, In-Place: 0
[327.915s][info][gc,reloc    ] GC(194) Medium Pages: 7 / 224M, Empty: 160M, Relocated: 16M, In-Place: 0
[327.915s][info][gc,reloc    ] GC(194) Large Pages: 51 / 356M, Empty: 348M, Relocated: 0M, In-Place: 0
[327.915s][info][gc,reloc    ] GC(194) Forwarding Usage: 12M
[327.915s][info][gc,heap     ] GC(194) Min Capacity: 8192M(100%)
[327.915s][info][gc,heap     ] GC(194) Max Capacity: 8192M(100%)
[327.915s][info][gc,heap     ] GC(194) Soft Max Capacity: 8192M(100%)
[327.915s][info][gc,heap     ] GC(194)                Mark Start          Mark End        Relocate Start      Relocate End           High               Low         
[327.915s][info][gc,heap     ] GC(194)  Capacity:     8192M (100%)       8192M (100%)       8192M (100%)       8192M (100%)       8192M (100%)       8192M (100%)   
[327.915s][info][gc,heap     ] GC(194)      Free:     2824M (34%)        2672M (33%)        7462M (91%)        7776M (95%)        7794M (95%)        2654M (32%)    
[327.915s][info][gc,heap     ] GC(194)      Used:     5368M (66%)        5520M (67%)         730M (9%)          416M (5%)         5538M (68%)         398M (5%)     
[327.915s][info][gc,heap     ] GC(194)      Live:         -               164M (2%)          164M (2%)          164M (2%)             -                  -          
[327.915s][info][gc,heap     ] GC(194) Allocated:         -               152M (2%)          170M (2%)          229M (3%)             -                  -          
[327.915s][info][gc,heap     ] GC(194)   Garbage:         -              5203M (64%)         395M (5%)           21M (0%)             -                  -          
[327.915s][info][gc,heap     ] GC(194) Reclaimed:         -                  -              4808M (59%)        5181M (63%)            -                  -          
[327.915s][info][gc          ] GC(194) Garbage Collection (Allocation Rate) 5368M(66%)->416M(5%)
[330.086s][info][gc,start    ] GC(195) Garbage Collection (System.gc())
[330.086s][info][gc,task     ] GC(195) Using 2 workers
[330.087s][info][gc,phases   ] GC(195) Pause Mark Start 0.006ms
[330.143s][info][gc,phases   ] GC(195) Concurrent Mark 55.998ms
[330.143s][info][gc,phases   ] GC(195) Pause Mark End 0.022ms
[330.143s][info][gc,phases   ] GC(195) Concurrent Mark Free 0.002ms
[330.149s][info][gc,phases   ] GC(195) Concurrent Process Non-Strong References 5.638ms
[330.149s][info][gc,phases   ] GC(195) Concurrent Reset Relocation Set 0.017ms
[330.151s][info][gc,phases   ] GC(195) Concurrent Select Relocation Set 2.500ms
[330.151s][info][gc,phases   ] GC(195) Pause Relocate Start 0.010ms
[330.158s][info][gc,phases   ] GC(195) Concurrent Relocate 7.120ms
[330.159s][info][gc,load     ] GC(195) Load: 0.00/0.00/0.00
[330.159s][info][gc,mmu      ] GC(195) MMU: 2ms/80.5%, 5ms/92.2%, 10ms/96.1%, 20ms/96.3%, 50ms/97.1%, 100ms/97.5%
[330.159s][info][gc,marking  ] GC(195) Mark: 2 stripe(s), 1 proactive flush(es), 1 terminate flush(es), 0 completion(s), 0 continuation(s) 
[330.159s][info][gc,marking  ] GC(195) Mark Stack Usage: 32M
[330.159s][info][gc,nmethod  ] GC(195) NMethods: 4804 registered, 3 unregistered
[330.159s][info][gc,metaspace] GC(195) Metaspace: 33M used, 33M committed, 1088M reserved
[330.159s][info][gc,ref      ] GC(195) Soft: 4016 encountered, 0 discovered, 0 enqueued
[330.159s][info][gc,ref      ] GC(195) Weak: 23387 encountered, 21724 discovered, 21672 enqueued
[330.159s][info][gc,ref      ] GC(195) Final: 7 encountered, 7 discovered, 0 enqueued
[330.159s][info][gc,ref      ] GC(195) Phantom: 714 encountered, 618 discovered, 0 enqueued
[330.159s][info][gc,reloc    ] GC(195) Small Pages: 730 / 1460M, Empty: 806M, Relocated: 10M, In-Place: 0
[330.159s][info][gc,reloc    ] GC(195) Medium Pages: 19 / 608M, Empty: 512M, Relocated: 15M, In-Place: 0
[330.159s][info][gc,reloc    ] GC(195) Large Pages: 159 / 1102M, Empty: 1102M, Relocated: 0M, In-Place: 0
[330.159s][info][gc,reloc    ] GC(195) Forwarding Usage: 3M
[330.159s][info][gc,heap     ] GC(195) Min Capacity: 8192M(100%)
[330.159s][info][gc,heap     ] GC(195) Max Capacity: 8192M(100%)
[330.159s][info][gc,heap     ] GC(195) Soft Max Capacity: 8192M(100%)
[330.159s][info][gc,heap     ] GC(195)                Mark Start          Mark End        Relocate Start      Relocate End           High               Low         
[330.159s][info][gc,heap     ] GC(195)  Capacity:     8192M (100%)       8192M (100%)       8192M (100%)       8192M (100%)       8192M (100%)       8192M (100%)   
[330.159s][info][gc,heap     ] GC(195)      Free:     5022M (61%)        5022M (61%)        7442M (91%)        8046M (98%)        8046M (98%)        5022M (61%)    
[330.159s][info][gc,heap     ] GC(195)      Used:     3170M (39%)        3170M (39%)         750M (9%)          146M (2%)         3170M (39%)         146M (2%)     
[330.159s][info][gc,heap     ] GC(195)      Live:         -               125M (2%)          125M (2%)          125M (2%)             -                  -          
[330.159s][info][gc,heap     ] GC(195) Allocated:         -                 0M (0%)            0M (0%)            0M (0%)             -                  -          
[330.159s][info][gc,heap     ] GC(195)   Garbage:         -              3044M (37%)         624M (8%)           20M (0%)             -                  -          
[330.159s][info][gc,heap     ] GC(195) Reclaimed:         -                  -              2420M (30%)        3024M (37%)            -                  -          
[330.159s][info][gc          ] GC(195) Garbage Collection (System.gc()) 3170M(39%)->146M(2%)
[330.331s][info][gc,stats    ] === Garbage Collection Statistics =======================================================================================================================
[330.331s][info][gc,stats    ]                                                              Last 10s              Last 10m              Last 10h                Total
[330.331s][info][gc,stats    ]                                                              Avg / Max             Avg / Max             Avg / Max             Avg / Max
[330.331s][info][gc,stats    ]   Collector: Garbage Collection Cycle                    130.346 / 191.466     125.650 / 379.439     125.650 / 379.439     125.650 / 379.439     ms
[330.331s][info][gc,stats    ]  Contention: Mark Segment Reset Contention                     0 / 1                 0 / 115               0 / 115               0 / 115         ops/s
[330.331s][info][gc,stats    ]  Contention: Mark SeqNum Reset Contention                      0 / 0                 0 / 2                 0 / 2                 0 / 2           ops/s
[330.331s][info][gc,stats    ]    Critical: Allocation Stall                                  0 / 0                 0 / 0                 0 / 0                 0 / 0           ops/s
[330.331s][info][gc,stats    ]    Critical: Allocation Stall                              0.000 / 0.000         0.000 / 0.000         0.000 / 0.000         0.000 / 0.000       ms
[330.331s][info][gc,stats    ]    Critical: GC Locker Stall                                   0 / 0                 0 / 0                 0 / 0                 0 / 0           ops/s
[330.331s][info][gc,stats    ]    Critical: GC Locker Stall                               0.000 / 0.000         0.000 / 0.000         0.000 / 0.000         0.000 / 0.000       ms
[330.331s][info][gc,stats    ]    Critical: Relocation Stall                                  0 / 0                 0 / 0                 0 / 0                 0 / 0           ops/s
[330.331s][info][gc,stats    ]    Critical: Relocation Stall                              0.000 / 0.000         0.000 / 0.000         0.000 / 0.000         0.000 / 0.000       ms
[330.331s][info][gc,stats    ]      Memory: Allocation Rate                                2500 / 6500           2764 / 6636           2764 / 6636           2764 / 6636        MB/s
[330.331s][info][gc,stats    ]      Memory: Out Of Memory                                     0 / 0                 0 / 0                 0 / 0                 0 / 0           ops/s
[330.331s][info][gc,stats    ]      Memory: Page Cache Flush                                 67 / 364              84 / 664              84 / 664              84 / 664         MB/s
[330.331s][info][gc,stats    ]      Memory: Page Cache Hit L1                              1041 / 3258           1180 / 3321           1180 / 3321           1180 / 3321        ops/s
[330.331s][info][gc,stats    ]      Memory: Page Cache Hit L2                                 0 / 0                 0 / 0                 0 / 0                 0 / 0           ops/s
[330.331s][info][gc,stats    ]      Memory: Page Cache Hit L3                                17 / 127              42 / 635              42 / 635              42 / 635         ops/s
[330.331s][info][gc,stats    ]      Memory: Page Cache Miss                                   7 / 38                8 / 70                8 / 70                8 / 70          ops/s
[330.331s][info][gc,stats    ]      Memory: Uncommit                                          0 / 0                 0 / 0                 0 / 0                 0 / 0           MB/s
[330.331s][info][gc,stats    ]      Memory: Undo Object Allocation Failed                     0 / 0                 0 / 2                 0 / 2                 0 / 2           ops/s
[330.331s][info][gc,stats    ]      Memory: Undo Object Allocation Succeeded                  0 / 2                 0 / 94                0 / 94                0 / 94          ops/s
[330.331s][info][gc,stats    ]      Memory: Undo Page Allocation                              0 / 3                 0 / 8                 0 / 8                 0 / 8           ops/s
[330.331s][info][gc,stats    ]       Phase: Concurrent Mark                             103.674 / 140.734      99.357 / 190.432      99.357 / 190.432      99.357 / 190.432     ms
[330.331s][info][gc,stats    ]       Phase: Concurrent Mark Continue                      0.000 / 0.000        15.374 / 35.578       15.374 / 35.578       15.374 / 35.578      ms
[330.331s][info][gc,stats    ]       Phase: Concurrent Mark Free                          0.001 / 0.002         0.001 / 0.004         0.001 / 0.004         0.001 / 0.004       ms
[330.331s][info][gc,stats    ]       Phase: Concurrent Process Non-Strong References      7.940 / 10.931        8.278 / 31.000        8.278 / 31.000        8.278 / 31.000      ms
[330.331s][info][gc,stats    ]       Phase: Concurrent Relocate                          14.009 / 37.257        9.351 / 76.380        9.351 / 76.380        9.351 / 76.380      ms
[330.331s][info][gc,stats    ]       Phase: Concurrent Reset Relocation Set               0.009 / 0.021         0.010 / 0.049         0.010 / 0.049         0.010 / 0.049       ms
[330.331s][info][gc,stats    ]       Phase: Concurrent Select Relocation Set              3.598 / 5.820         3.567 / 13.402        3.567 / 13.402        3.567 / 13.402      ms
[330.331s][info][gc,stats    ]       Phase: Pause Mark End                                0.039 / 0.095         0.056 / 0.390         0.056 / 0.390         0.056 / 0.390       ms
[330.331s][info][gc,stats    ]       Phase: Pause Mark Start                              0.008 / 0.010         0.008 / 0.022         0.008 / 0.022         0.008 / 0.022       ms
[330.331s][info][gc,stats    ]       Phase: Pause Relocate Start                          0.012 / 0.023         0.010 / 0.037         0.010 / 0.037         0.010 / 0.037       ms
[330.331s][info][gc,stats    ]    Subphase: Concurrent Classes Purge                      0.279 / 0.466         0.248 / 0.574         0.248 / 0.574         0.248 / 0.574       ms
[330.331s][info][gc,stats    ]    Subphase: Concurrent Classes Unlink                     5.701 / 8.943         5.772 / 23.760        5.772 / 23.760        5.772 / 23.760      ms
[330.331s][info][gc,stats    ]    Subphase: Concurrent Mark                              89.975 / 139.940      76.327 / 189.582      76.327 / 189.582      76.327 / 189.582     ms
[330.331s][info][gc,stats    ]    Subphase: Concurrent Mark Try Flush                     0.819 / 24.565        0.542 / 30.486        0.542 / 30.486        0.542 / 30.486      ms
[330.331s][info][gc,stats    ]    Subphase: Concurrent Mark Try Terminate                 2.823 / 24.568        3.185 / 24.568        3.185 / 24.568        3.185 / 24.568      ms
[330.331s][info][gc,stats    ]    Subphase: Concurrent References Enqueue                 0.005 / 0.007         0.003 / 0.008         0.003 / 0.008         0.003 / 0.008       ms
[330.331s][info][gc,stats    ]    Subphase: Concurrent References Process                 1.450 / 2.628         0.996 / 3.217         0.996 / 3.217         0.996 / 3.217       ms
[330.331s][info][gc,stats    ]    Subphase: Concurrent Roots ClassLoaderDataGraph         0.110 / 0.209         0.109 / 0.537         0.109 / 0.537         0.109 / 0.537       ms
[330.332s][info][gc,stats    ]    Subphase: Concurrent Roots CodeCache                    0.000 / 0.000         0.000 / 0.000         0.000 / 0.000         0.000 / 0.000       ms
[330.332s][info][gc,stats    ]    Subphase: Concurrent Roots JavaThreads                  0.333 / 0.466         0.359 / 1.258         0.359 / 1.258         0.359 / 1.258       ms
[330.332s][info][gc,stats    ]    Subphase: Concurrent Roots OopStorageSet                0.030 / 0.050         0.030 / 0.124         0.030 / 0.124         0.030 / 0.124       ms
[330.332s][info][gc,stats    ]    Subphase: Concurrent Weak Roots OopStorageSet           0.272 / 0.465         0.304 / 1.123         0.304 / 1.123         0.304 / 1.123       ms
[330.332s][info][gc,stats    ]    Subphase: Pause Mark Try Complete                       0.030 / 0.053         0.160 / 0.301         0.160 / 0.301         0.160 / 0.301       ms
[330.332s][info][gc,stats    ]      System: Java Threads                                     18 / 21               18 / 22               18 / 22               18 / 22          threads
[330.332s][info][gc,stats    ] =========================================================================================================================================================
[330.834s][info][gc,start    ] GC(196) Garbage Collection (Allocation Rate)
[330.834s][info][gc,task     ] GC(196) Using 2 workers
[330.834s][info][gc,phases   ] GC(196) Pause Mark Start 0.010ms
[330.916s][info][gc,phases   ] GC(196) Concurrent Mark 80.783ms
[330.916s][info][gc,phases   ] GC(196) Pause Mark End 0.014ms
[330.916s][info][gc,phases   ] GC(196) Concurrent Mark Free 0.001ms
[330.922s][info][gc,phases   ] GC(196) Concurrent Process Non-Strong References 6.378ms
[330.922s][info][gc,phases   ] GC(196) Concurrent Reset Relocation Set 0.031ms
[330.926s][info][gc,phases   ] GC(196) Concurrent Select Relocation Set 3.225ms
[330.926s][info][gc,phases   ] GC(196) Pause Relocate Start 0.007ms
[330.926s][info][gc,phases   ] GC(196) Concurrent Relocate 0.299ms
[330.926s][info][gc,load     ] GC(196) Load: 0.00/0.00/0.00
[330.926s][info][gc,mmu      ] GC(196) MMU: 2ms/80.5%, 5ms/92.2%, 10ms/96.1%, 20ms/96.3%, 50ms/97.1%, 100ms/97.5%
[330.926s][info][gc,marking  ] GC(196) Mark: 2 stripe(s), 2 proactive flush(es), 1 terminate flush(es), 0 completion(s), 0 continuation(s) 
[330.926s][info][gc,marking  ] GC(196) Mark Stack Usage: 32M
[330.926s][info][gc,nmethod  ] GC(196) NMethods: 4805 registered, 3 unregistered
[330.926s][info][gc,metaspace] GC(196) Metaspace: 33M used, 33M committed, 1088M reserved
[330.926s][info][gc,ref      ] GC(196) Soft: 4016 encountered, 0 discovered, 0 enqueued
[330.926s][info][gc,ref      ] GC(196) Weak: 1727 encountered, 851 discovered, 0 enqueued
[330.926s][info][gc,ref      ] GC(196) Final: 7 encountered, 5 discovered, 0 enqueued
[330.926s][info][gc,ref      ] GC(196) Phantom: 714 encountered, 652 discovered, 0 enqueued
[330.926s][info][gc,reloc    ] GC(196) Small Pages: 2538 / 5076M, Empty: 4938M, Relocated: 0M, In-Place: 0
[330.926s][info][gc,reloc    ] GC(196) Medium Pages: 1 / 32M, Empty: 0M, Relocated: 0M, In-Place: 0
[330.926s][info][gc,reloc    ] GC(196) Large Pages: 0 / 0M, Empty: 0M, Relocated: 0M, In-Place: 0
[330.926s][info][gc,reloc    ] GC(196) Forwarding Usage: 0M
[330.926s][info][gc,heap     ] GC(196) Min Capacity: 8192M(100%)
[330.926s][info][gc,heap     ] GC(196) Max Capacity: 8192M(100%)
[330.926s][info][gc,heap     ] GC(196) Soft Max Capacity: 8192M(100%)
[330.926s][info][gc,heap     ] GC(196)                Mark Start          Mark End        Relocate Start      Relocate End           High               Low         
[330.926s][info][gc,heap     ] GC(196)  Capacity:     8192M (100%)       8192M (100%)       8192M (100%)       8192M (100%)       8192M (100%)       8192M (100%)   
[330.926s][info][gc,heap     ] GC(196)      Free:     3084M (38%)        2692M (33%)        7582M (93%)        7602M (93%)        7602M (93%)        2662M (32%)    
[330.926s][info][gc,heap     ] GC(196)      Used:     5108M (62%)        5500M (67%)         610M (7%)          590M (7%)         5530M (68%)         590M (7%)     
[330.926s][info][gc,heap     ] GC(196)      Live:         -               125M (2%)          125M (2%)          125M (2%)             -                  -          
[330.926s][info][gc,heap     ] GC(196) Allocated:         -               392M (5%)          440M (5%)          442M (5%)             -                  -          
[330.926s][info][gc,heap     ] GC(196)   Garbage:         -              4982M (61%)          44M (1%)           22M (0%)             -                  -          
[330.926s][info][gc,heap     ] GC(196) Reclaimed:         -                  -              4938M (60%)        4960M (61%)            -                  -          
[330.926s][info][gc          ] GC(196) Garbage Collection (Allocation Rate) 5108M(62%)->590M(7%)
[331.825s][info][gc,start    ] GC(197) Garbage Collection (Allocation Rate)
[331.825s][info][gc,task     ] GC(197) Using 1 workers
[331.825s][info][gc,phases   ] GC(197) Pause Mark Start 0.008ms
[331.963s][info][gc,phases   ] GC(197) Concurrent Mark 138.058ms
[331.963s][info][gc,phases   ] GC(197) Pause Mark End 0.011ms
[331.964s][info][gc,phases   ] GC(197) Concurrent Mark Free 0.001ms
[331.974s][info][gc,phases   ] GC(197) Concurrent Process Non-Strong References 10.881ms
[331.974s][info][gc,phases   ] GC(197) Concurrent Reset Relocation Set 0.002ms
[331.978s][info][gc,phases   ] GC(197) Concurrent Select Relocation Set 3.031ms
[331.978s][info][gc,phases   ] GC(197) Pause Relocate Start 0.010ms
[331.978s][info][gc,phases   ] GC(197) Concurrent Relocate 0.456ms
[331.978s][info][gc,load     ] GC(197) Load: 0.00/0.00/0.00
[331.978s][info][gc,mmu      ] GC(197) MMU: 2ms/80.5%, 5ms/92.2%, 10ms/96.1%, 20ms/96.3%, 50ms/97.1%, 100ms/97.5%
[331.978s][info][gc,marking  ] GC(197) Mark: 1 stripe(s), 2 proactive flush(es), 1 terminate flush(es), 0 completion(s), 0 continuation(s) 
[331.978s][info][gc,marking  ] GC(197) Mark Stack Usage: 32M
[331.978s][info][gc,nmethod  ] GC(197) NMethods: 4805 registered, 3 unregistered
[331.978s][info][gc,metaspace] GC(197) Metaspace: 33M used, 33M committed, 1088M reserved
[331.978s][info][gc,ref      ] GC(197) Soft: 4016 encountered, 0 discovered, 0 enqueued
[331.978s][info][gc,ref      ] GC(197) Weak: 1733 encountered, 1284 discovered, 0 enqueued
[331.978s][info][gc,ref      ] GC(197) Final: 7 encountered, 7 discovered, 0 enqueued
[331.978s][info][gc,ref      ] GC(197) Phantom: 714 encountered, 665 discovered, 0 enqueued
[331.978s][info][gc,reloc    ] GC(197) Small Pages: 2839 / 5678M, Empty: 5536M, Relocated: 0M, In-Place: 0
[331.978s][info][gc,reloc    ] GC(197) Medium Pages: 1 / 32M, Empty: 0M, Relocated: 0M, In-Place: 0
[331.978s][info][gc,reloc    ] GC(197) Large Pages: 0 / 0M, Empty: 0M, Relocated: 0M, In-Place: 0
[331.978s][info][gc,reloc    ] GC(197) Forwarding Usage: 0M
[331.978s][info][gc,heap     ] GC(197) Min Capacity: 8192M(100%)
[331.978s][info][gc,heap     ] GC(197) Max Capacity: 8192M(100%)
[331.978s][info][gc,heap     ] GC(197) Soft Max Capacity: 8192M(100%)
[331.978s][info][gc,heap     ] GC(197)                Mark Start          Mark End        Relocate Start      Relocate End           High               Low         
[331.978s][info][gc,heap     ] GC(197)  Capacity:     8192M (100%)       8192M (100%)       8192M (100%)       8192M (100%)       8192M (100%)       8192M (100%)   
[331.978s][info][gc,heap     ] GC(197)      Free:     2482M (30%)        1800M (22%)        7272M (89%)        7300M (89%)        7300M (89%)        1752M (21%)    
[331.978s][info][gc,heap     ] GC(197)      Used:     5710M (70%)        6392M (78%)         920M (11%)         892M (11%)        6440M (79%)         892M (11%)    
[331.978s][info][gc,heap     ] GC(197)      Live:         -               125M (2%)          125M (2%)          125M (2%)             -                  -          
[331.978s][info][gc,heap     ] GC(197) Allocated:         -               682M (8%)          746M (9%)          745M (9%)             -                  -          
[331.978s][info][gc,heap     ] GC(197)   Garbage:         -              5584M (68%)          48M (1%)           20M (0%)             -                  -          
[331.978s][info][gc,heap     ] GC(197) Reclaimed:         -                  -              5536M (68%)        5563M (68%)            -                  -          
[331.978s][info][gc          ] GC(197) Garbage Collection (Allocation Rate) 5710M(70%)->892M(11%)
[333.322s][info][gc,start    ] GC(198) Garbage Collection (Allocation Rate)
[333.322s][info][gc,task     ] GC(198) Using 1 workers
[333.323s][info][gc,phases   ] GC(198) Pause Mark Start 0.009ms
[333.460s][info][gc,phases   ] GC(198) Concurrent Mark 136.938ms
[333.460s][info][gc,phases   ] GC(198) Pause Mark End 0.087ms
[333.460s][info][gc,phases   ] GC(198) Concurrent Mark Free 0.001ms
[333.471s][info][gc,phases   ] GC(198) Concurrent Process Non-Strong References 11.001ms
[333.471s][info][gc,phases   ] GC(198) Concurrent Reset Relocation Set 0.002ms
[333.477s][info][gc,phases   ] GC(198) Concurrent Select Relocation Set 5.641ms
[333.477s][info][gc,phases   ] GC(198) Pause Relocate Start 0.013ms
[333.511s][info][gc,phases   ] GC(198) Concurrent Relocate 33.805ms
[333.511s][info][gc,load     ] GC(198) Load: 0.00/0.00/0.00
[333.511s][info][gc,mmu      ] GC(198) MMU: 2ms/80.5%, 5ms/92.2%, 10ms/96.1%, 20ms/96.3%, 50ms/97.1%, 100ms/97.5%
[333.511s][info][gc,marking  ] GC(198) Mark: 1 stripe(s), 3 proactive flush(es), 3 terminate flush(es), 1 completion(s), 0 continuation(s) 
[333.511s][info][gc,marking  ] GC(198) Mark Stack Usage: 32M
[333.511s][info][gc,nmethod  ] GC(198) NMethods: 4805 registered, 3 unregistered
[333.511s][info][gc,metaspace] GC(198) Metaspace: 33M used, 33M committed, 1088M reserved
[333.511s][info][gc,ref      ] GC(198) Soft: 4016 encountered, 0 discovered, 0 enqueued
[333.511s][info][gc,ref      ] GC(198) Weak: 21973 encountered, 18262 discovered, 2347 enqueued
[333.511s][info][gc,ref      ] GC(198) Final: 7 encountered, 7 discovered, 0 enqueued
[333.511s][info][gc,ref      ] GC(198) Phantom: 720 encountered, 671 discovered, 0 enqueued
[333.511s][info][gc,reloc    ] GC(198) Small Pages: 2367 / 4734M, Empty: 4304M, Relocated: 39M, In-Place: 0
[333.511s][info][gc,reloc    ] GC(198) Medium Pages: 6 / 192M, Empty: 160M, Relocated: 0M, In-Place: 0
[333.511s][info][gc,reloc    ] GC(198) Large Pages: 42 / 290M, Empty: 290M, Relocated: 0M, In-Place: 0
[333.511s][info][gc,reloc    ] GC(198) Forwarding Usage: 12M
[333.511s][info][gc,heap     ] GC(198) Min Capacity: 8192M(100%)
[333.511s][info][gc,heap     ] GC(198) Max Capacity: 8192M(100%)
[333.511s][info][gc,heap     ] GC(198) Soft Max Capacity: 8192M(100%)
[333.511s][info][gc,heap     ] GC(198)                Mark Start          Mark End        Relocate Start      Relocate End           High               Low         
[333.511s][info][gc,heap     ] GC(198)  Capacity:     8192M (100%)       8192M (100%)       8192M (100%)       8192M (100%)       8192M (100%)       8192M (100%)   
[333.511s][info][gc,heap     ] GC(198)      Free:     2976M (36%)        2812M (34%)        7550M (92%)        7778M (95%)        7780M (95%)        2804M (34%)    
[333.511s][info][gc,heap     ] GC(198)      Used:     5216M (64%)        5380M (66%)         642M (8%)          414M (5%)         5388M (66%)         412M (5%)     
[333.511s][info][gc,heap     ] GC(198)      Live:         -               153M (2%)          153M (2%)          153M (2%)             -                  -          
[333.511s][info][gc,heap     ] GC(198) Allocated:         -               164M (2%)          180M (2%)          236M (3%)             -                  -          
[333.511s][info][gc,heap     ] GC(198)   Garbage:         -              5062M (62%)         308M (4%)           23M (0%)             -                  -          
[333.511s][info][gc,heap     ] GC(198) Reclaimed:         -                  -              4754M (58%)        5038M (62%)            -                  -          
[333.511s][info][gc          ] GC(198) Garbage Collection (Allocation Rate) 5216M(64%)->414M(5%)
[336.838s][info][gc,start    ] GC(199) Garbage Collection (System.gc())
[336.838s][info][gc,task     ] GC(199) Using 2 workers
[336.838s][info][gc,phases   ] GC(199) Pause Mark Start 0.009ms
[336.902s][info][gc,phases   ] GC(199) Concurrent Mark 63.857ms
[336.902s][info][gc,phases   ] GC(199) Pause Mark End 0.022ms
[336.902s][info][gc,phases   ] GC(199) Concurrent Mark Free 0.002ms
[336.909s][info][gc,phases   ] GC(199) Concurrent Process Non-Strong References 6.566ms
[336.909s][info][gc,phases   ] GC(199) Concurrent Reset Relocation Set 0.012ms
[336.911s][info][gc,phases   ] GC(199) Concurrent Select Relocation Set 2.313ms
[336.911s][info][gc,phases   ] GC(199) Pause Relocate Start 0.010ms
[336.918s][info][gc,phases   ] GC(199) Concurrent Relocate 6.479ms
[336.918s][info][gc,load     ] GC(199) Load: 0.00/0.00/0.00
[336.918s][info][gc,mmu      ] GC(199) MMU: 2ms/80.5%, 5ms/92.2%, 10ms/96.1%, 20ms/96.3%, 50ms/97.1%, 100ms/97.5%
[336.918s][info][gc,marking  ] GC(199) Mark: 2 stripe(s), 2 proactive flush(es), 1 terminate flush(es), 0 completion(s), 0 continuation(s) 
[336.918s][info][gc,marking  ] GC(199) Mark Stack Usage: 32M
[336.918s][info][gc,nmethod  ] GC(199) NMethods: 4805 registered, 3 unregistered
[336.918s][info][gc,metaspace] GC(199) Metaspace: 33M used, 33M committed, 1088M reserved
[336.918s][info][gc,ref      ] GC(199) Soft: 4016 encountered, 0 discovered, 0 enqueued
[336.918s][info][gc,ref      ] GC(199) Weak: 23629 encountered, 23022 discovered, 21915 enqueued
[336.918s][info][gc,ref      ] GC(199) Final: 7 encountered, 7 discovered, 0 enqueued
[336.918s][info][gc,ref      ] GC(199) Phantom: 714 encountered, 653 discovered, 0 enqueued
[336.918s][info][gc,reloc    ] GC(199) Small Pages: 906 / 1812M, Empty: 1094M, Relocated: 10M, In-Place: 0
[336.918s][info][gc,reloc    ] GC(199) Medium Pages: 27 / 864M, Empty: 800M, Relocated: 16M, In-Place: 0
[336.918s][info][gc,reloc    ] GC(199) Large Pages: 239 / 1658M, Empty: 1658M, Relocated: 0M, In-Place: 0
[336.918s][info][gc,reloc    ] GC(199) Forwarding Usage: 2M
[336.918s][info][gc,heap     ] GC(199) Min Capacity: 8192M(100%)
[336.918s][info][gc,heap     ] GC(199) Max Capacity: 8192M(100%)
[336.918s][info][gc,heap     ] GC(199) Soft Max Capacity: 8192M(100%)
[336.918s][info][gc,heap     ] GC(199)                Mark Start          Mark End        Relocate Start      Relocate End           High               Low         
[336.918s][info][gc,heap     ] GC(199)  Capacity:     8192M (100%)       8192M (100%)       8192M (100%)       8192M (100%)       8192M (100%)       8192M (100%)   
[336.918s][info][gc,heap     ] GC(199)      Free:     3858M (47%)        3858M (47%)        7410M (90%)        8046M (98%)        8046M (98%)        3858M (47%)    
[336.918s][info][gc,heap     ] GC(199)      Used:     4334M (53%)        4334M (53%)         782M (10%)         146M (2%)         4334M (53%)         146M (2%)     
[336.918s][info][gc,heap     ] GC(199)      Live:         -               126M (2%)          126M (2%)          126M (2%)             -                  -          
[336.918s][info][gc,heap     ] GC(199) Allocated:         -                 0M (0%)            0M (0%)            0M (0%)             -                  -          
[336.919s][info][gc,heap     ] GC(199)   Garbage:         -              4207M (51%)         655M (8%)           19M (0%)             -                  -          
[336.919s][info][gc,heap     ] GC(199) Reclaimed:         -                  -              3552M (43%)        4188M (51%)            -                  -          
[336.919s][info][gc          ] GC(199) Garbage Collection (System.gc()) 4334M(53%)->146M(2%)
[337.625s][info][gc,start    ] GC(200) Garbage Collection (Allocation Rate)
[337.625s][info][gc,task     ] GC(200) Using 2 workers
[337.625s][info][gc,phases   ] GC(200) Pause Mark Start 0.012ms
[337.703s][info][gc,phases   ] GC(200) Concurrent Mark 77.653ms
[337.703s][info][gc,phases   ] GC(200) Pause Mark End 0.013ms
[337.703s][info][gc,phases   ] GC(200) Concurrent Mark Free 0.001ms
[337.709s][info][gc,phases   ] GC(200) Concurrent Process Non-Strong References 6.135ms
[337.709s][info][gc,phases   ] GC(200) Concurrent Reset Relocation Set 0.028ms
[337.714s][info][gc,phases   ] GC(200) Concurrent Select Relocation Set 4.002ms
[337.714s][info][gc,phases   ] GC(200) Pause Relocate Start 0.008ms
[337.714s][info][gc,phases   ] GC(200) Concurrent Relocate 0.425ms
[337.714s][info][gc,load     ] GC(200) Load: 0.00/0.00/0.00
[337.714s][info][gc,mmu      ] GC(200) MMU: 2ms/80.5%, 5ms/92.2%, 10ms/96.1%, 20ms/96.3%, 50ms/97.1%, 100ms/97.5%
[337.714s][info][gc,marking  ] GC(200) Mark: 2 stripe(s), 2 proactive flush(es), 1 terminate flush(es), 0 completion(s), 0 continuation(s) 
[337.714s][info][gc,marking  ] GC(200) Mark Stack Usage: 32M
[337.714s][info][gc,nmethod  ] GC(200) NMethods: 4805 registered, 3 unregistered
[337.714s][info][gc,metaspace] GC(200) Metaspace: 33M used, 33M committed, 1088M reserved
[337.714s][info][gc,ref      ] GC(200) Soft: 4016 encountered, 0 discovered, 0 enqueued
[337.714s][info][gc,ref      ] GC(200) Weak: 1732 encountered, 65 discovered, 0 enqueued
[337.714s][info][gc,ref      ] GC(200) Final: 7 encountered, 7 discovered, 0 enqueued
[337.714s][info][gc,ref      ] GC(200) Phantom: 714 encountered, 522 discovered, 0 enqueued
[337.714s][info][gc,reloc    ] GC(200) Small Pages: 2614 / 5228M, Empty: 5084M, Relocated: 0M, In-Place: 0
[337.714s][info][gc,reloc    ] GC(200) Medium Pages: 1 / 32M, Empty: 0M, Relocated: 0M, In-Place: 0
[337.714s][info][gc,reloc    ] GC(200) Large Pages: 0 / 0M, Empty: 0M, Relocated: 0M, In-Place: 0
[337.714s][info][gc,reloc    ] GC(200) Forwarding Usage: 0M
[337.714s][info][gc,heap     ] GC(200) Min Capacity: 8192M(100%)
[337.714s][info][gc,heap     ] GC(200) Max Capacity: 8192M(100%)
[337.714s][info][gc,heap     ] GC(200) Soft Max Capacity: 8192M(100%)
[337.714s][info][gc,heap     ] GC(200)                Mark Start          Mark End        Relocate Start      Relocate End           High               Low         
[337.714s][info][gc,heap     ] GC(200)  Capacity:     8192M (100%)       8192M (100%)       8192M (100%)       8192M (100%)       8192M (100%)       8192M (100%)   
[337.714s][info][gc,heap     ] GC(200)      Free:     2932M (36%)        2554M (31%)        7582M (93%)        7606M (93%)        7606M (93%)        2518M (31%)    
[337.714s][info][gc,heap     ] GC(200)      Used:     5260M (64%)        5638M (69%)         610M (7%)          586M (7%)         5674M (69%)         586M (7%)     
[337.714s][info][gc,heap     ] GC(200)      Live:         -               126M (2%)          126M (2%)          126M (2%)             -                  -          
[337.714s][info][gc,heap     ] GC(200) Allocated:         -               378M (5%)          434M (5%)          437M (5%)             -                  -          
[337.714s][info][gc,heap     ] GC(200)   Garbage:         -              5133M (63%)          49M (1%)           21M (0%)             -                  -          
[337.714s][info][gc,heap     ] GC(200) Reclaimed:         -                  -              5084M (62%)        5111M (62%)            -                  -          
[337.714s][info][gc          ] GC(200) Garbage Collection (Allocation Rate) 5260M(64%)->586M(7%)
[338.731s][info][gc,start    ] GC(201) Garbage Collection (Allocation Rate)
[338.731s][info][gc,task     ] GC(201) Using 1 workers
[338.731s][info][gc,phases   ] GC(201) Pause Mark Start 0.007ms
[338.856s][info][gc,phases   ] GC(201) Concurrent Mark 125.547ms
[338.856s][info][gc,phases   ] GC(201) Pause Mark End 0.011ms
[338.857s][info][gc,phases   ] GC(201) Concurrent Mark Free 0.000ms
[338.867s][info][gc,phases   ] GC(201) Concurrent Process Non-Strong References 10.830ms
[338.867s][info][gc,phases   ] GC(201) Concurrent Reset Relocation Set 0.002ms
[338.870s][info][gc,phases   ] GC(201) Concurrent Select Relocation Set 2.996ms
[338.871s][info][gc,phases   ] GC(201) Pause Relocate Start 0.008ms
[338.871s][info][gc,phases   ] GC(201) Concurrent Relocate 0.435ms
[338.871s][info][gc,load     ] GC(201) Load: 0.00/0.00/0.00
[338.871s][info][gc,mmu      ] GC(201) MMU: 2ms/80.5%, 5ms/92.2%, 10ms/96.1%, 20ms/96.3%, 50ms/97.1%, 100ms/97.5%
[338.871s][info][gc,marking  ] GC(201) Mark: 1 stripe(s), 2 proactive flush(es), 1 terminate flush(es), 0 completion(s), 0 continuation(s) 
[338.871s][info][gc,marking  ] GC(201) Mark Stack Usage: 32M
[338.871s][info][gc,nmethod  ] GC(201) NMethods: 4805 registered, 3 unregistered
[338.871s][info][gc,metaspace] GC(201) Metaspace: 33M used, 33M committed, 1088M reserved
[338.871s][info][gc,ref      ] GC(201) Soft: 4016 encountered, 0 discovered, 0 enqueued
[338.871s][info][gc,ref      ] GC(201) Weak: 1732 encountered, 1284 discovered, 0 enqueued
[338.871s][info][gc,ref      ] GC(201) Final: 7 encountered, 7 discovered, 0 enqueued
[338.871s][info][gc,ref      ] GC(201) Phantom: 714 encountered, 665 discovered, 0 enqueued
[338.871s][info][gc,reloc    ] GC(201) Small Pages: 3105 / 6210M, Empty: 6072M, Relocated: 0M, In-Place: 0
[338.871s][info][gc,reloc    ] GC(201) Medium Pages: 1 / 32M, Empty: 0M, Relocated: 0M, In-Place: 0
[338.871s][info][gc,reloc    ] GC(201) Large Pages: 0 / 0M, Empty: 0M, Relocated: 0M, In-Place: 0
[338.871s][info][gc,reloc    ] GC(201) Forwarding Usage: 0M
[338.871s][info][gc,heap     ] GC(201) Min Capacity: 8192M(100%)
[338.871s][info][gc,heap     ] GC(201) Max Capacity: 8192M(100%)
[338.871s][info][gc,heap     ] GC(201) Soft Max Capacity: 8192M(100%)
[338.871s][info][gc,heap     ] GC(201)                Mark Start          Mark End        Relocate Start      Relocate End           High               Low         
[338.871s][info][gc,heap     ] GC(201)  Capacity:     8192M (100%)       8192M (100%)       8192M (100%)       8192M (100%)       8192M (100%)       8192M (100%)   
[338.871s][info][gc,heap     ] GC(201)      Free:     1950M (24%)        1464M (18%)        7478M (91%)        7502M (92%)        7502M (92%)        1420M (17%)    
[338.871s][info][gc,heap     ] GC(201)      Used:     6242M (76%)        6728M (82%)         714M (9%)          690M (8%)         6772M (83%)         690M (8%)     
[338.871s][info][gc,heap     ] GC(201)      Live:         -               126M (2%)          126M (2%)          126M (2%)             -                  -          
[338.871s][info][gc,heap     ] GC(201) Allocated:         -               486M (6%)          544M (7%)          543M (7%)             -                  -          
[338.871s][info][gc,heap     ] GC(201)   Garbage:         -              6115M (75%)          43M (1%)           19M (0%)             -                  -          
[338.871s][info][gc,heap     ] GC(201) Reclaimed:         -                  -              6072M (74%)        6095M (74%)            -                  -          
[338.871s][info][gc          ] GC(201) Garbage Collection (Allocation Rate) 6242M(76%)->690M(8%)
[340.327s][info][gc,stats    ] === Garbage Collection Statistics =======================================================================================================================
[340.327s][info][gc,stats    ]                                                              Last 10s              Last 10m              Last 10h                Total
[340.327s][info][gc,stats    ]                                                              Avg / Max             Avg / Max             Avg / Max             Avg / Max
[340.327s][info][gc,stats    ]   Collector: Garbage Collection Cycle                    124.044 / 188.321     125.602 / 379.439     125.602 / 379.439     125.602 / 379.439     ms
[340.327s][info][gc,stats    ]  Contention: Mark Segment Reset Contention                     0 / 0                 0 / 115               0 / 115               0 / 115         ops/s
[340.327s][info][gc,stats    ]  Contention: Mark SeqNum Reset Contention                      0 / 0                 0 / 2                 0 / 2                 0 / 2           ops/s
[340.327s][info][gc,stats    ]    Critical: Allocation Stall                                  0 / 0                 0 / 0                 0 / 0                 0 / 0           ops/s
[340.327s][info][gc,stats    ]    Critical: Allocation Stall                              0.000 / 0.000         0.000 / 0.000         0.000 / 0.000         0.000 / 0.000       ms
[340.327s][info][gc,stats    ]    Critical: GC Locker Stall                                   0 / 0                 0 / 0                 0 / 0                 0 / 0           ops/s
[340.327s][info][gc,stats    ]    Critical: GC Locker Stall                               0.000 / 0.000         0.000 / 0.000         0.000 / 0.000         0.000 / 0.000       ms
[340.327s][info][gc,stats    ]    Critical: Relocation Stall                                  0 / 0                 0 / 0                 0 / 0                 0 / 0           ops/s
[340.327s][info][gc,stats    ]    Critical: Relocation Stall                              0.000 / 0.000         0.000 / 0.000         0.000 / 0.000         0.000 / 0.000       ms
[340.327s][info][gc,stats    ]      Memory: Allocation Rate                                3435 / 6408           2783 / 6636           2783 / 6636           2783 / 6636        MB/s
[340.327s][info][gc,stats    ]      Memory: Out Of Memory                                     0 / 0                 0 / 0                 0 / 0                 0 / 0           ops/s
[340.327s][info][gc,stats    ]      Memory: Page Cache Flush                                 76 / 486              84 / 664              84 / 664              84 / 664         MB/s
[340.327s][info][gc,stats    ]      Memory: Page Cache Hit L1                              1523 / 3206           1190 / 3321           1190 / 3321           1190 / 3321        ops/s
[340.327s][info][gc,stats    ]      Memory: Page Cache Hit L2                                 0 / 0                 0 / 0                 0 / 0                 0 / 0           ops/s
[340.327s][info][gc,stats    ]      Memory: Page Cache Hit L3                                50 / 382              42 / 635              42 / 635              42 / 635         ops/s
[340.327s][info][gc,stats    ]      Memory: Page Cache Miss                                   8 / 52                8 / 70                8 / 70                8 / 70          ops/s
[340.327s][info][gc,stats    ]      Memory: Uncommit                                          0 / 0                 0 / 0                 0 / 0                 0 / 0           MB/s
[340.327s][info][gc,stats    ]      Memory: Undo Object Allocation Failed                     0 / 0                 0 / 2                 0 / 2                 0 / 2           ops/s
[340.327s][info][gc,stats    ]      Memory: Undo Object Allocation Succeeded                  0 / 1                 0 / 94                0 / 94                0 / 94          ops/s
[340.327s][info][gc,stats    ]      Memory: Undo Page Allocation                              0 / 4                 0 / 8                 0 / 8                 0 / 8           ops/s
[340.327s][info][gc,stats    ]       Phase: Concurrent Mark                             103.806 / 138.058      99.489 / 190.432      99.489 / 190.432      99.489 / 190.432     ms
[340.327s][info][gc,stats    ]       Phase: Concurrent Mark Continue                      0.000 / 0.000        15.374 / 35.578       15.374 / 35.578       15.374 / 35.578      ms
[340.327s][info][gc,stats    ]       Phase: Concurrent Mark Free                          0.001 / 0.002         0.001 / 0.004         0.001 / 0.004         0.001 / 0.004       ms
[340.327s][info][gc,stats    ]       Phase: Concurrent Process Non-Strong References      8.632 / 11.001        8.289 / 31.000        8.289 / 31.000        8.289 / 31.000      ms
[340.327s][info][gc,stats    ]       Phase: Concurrent Relocate                           6.983 / 33.805        9.280 / 76.380        9.280 / 76.380        9.280 / 76.380      ms
[340.327s][info][gc,stats    ]       Phase: Concurrent Reset Relocation Set               0.013 / 0.031         0.010 / 0.049         0.010 / 0.049         0.010 / 0.049       ms
[340.327s][info][gc,stats    ]       Phase: Concurrent Select Relocation Set              3.535 / 5.641         3.566 / 13.402        3.566 / 13.402        3.566 / 13.402      ms
[340.327s][info][gc,stats    ]       Phase: Pause Mark End                                0.026 / 0.087         0.056 / 0.390         0.056 / 0.390         0.056 / 0.390       ms
[340.327s][info][gc,stats    ]       Phase: Pause Mark Start                              0.009 / 0.012         0.008 / 0.022         0.008 / 0.022         0.008 / 0.022       ms
[340.327s][info][gc,stats    ]       Phase: Pause Relocate Start                          0.009 / 0.013         0.010 / 0.037         0.010 / 0.037         0.010 / 0.037       ms
[340.327s][info][gc,stats    ]    Subphase: Concurrent Classes Purge                      0.296 / 0.374         0.249 / 0.574         0.249 / 0.574         0.249 / 0.574       ms
[340.327s][info][gc,stats    ]    Subphase: Concurrent Classes Unlink                     7.001 / 9.728         5.808 / 23.760        5.808 / 23.760        5.808 / 23.760      ms
[340.327s][info][gc,stats    ]    Subphase: Concurrent Mark                              90.237 / 137.301      76.679 / 189.582      76.679 / 189.582      76.679 / 189.582     ms
[340.327s][info][gc,stats    ]    Subphase: Concurrent Mark Try Flush                     0.067 / 0.396         0.531 / 30.486        0.531 / 30.486        0.531 / 30.486      ms
[340.327s][info][gc,stats    ]    Subphase: Concurrent Mark Try Terminate                 2.067 / 15.233        3.156 / 24.568        3.156 / 24.568        3.156 / 24.568      ms
[340.327s][info][gc,stats    ]    Subphase: Concurrent References Enqueue                 0.003 / 0.008         0.003 / 0.008         0.003 / 0.008         0.003 / 0.008       ms
[340.327s][info][gc,stats    ]    Subphase: Concurrent References Process                 0.838 / 2.357         0.991 / 3.217         0.991 / 3.217         0.991 / 3.217       ms
[340.327s][info][gc,stats    ]    Subphase: Concurrent Roots ClassLoaderDataGraph         0.115 / 0.260         0.109 / 0.537         0.109 / 0.537         0.109 / 0.537       ms
[340.327s][info][gc,stats    ]    Subphase: Concurrent Roots CodeCache                    0.000 / 0.000         0.000 / 0.000         0.000 / 0.000         0.000 / 0.000       ms
[340.327s][info][gc,stats    ]    Subphase: Concurrent Roots JavaThreads                  0.369 / 0.742         0.359 / 1.258         0.359 / 1.258         0.359 / 1.258       ms
[340.327s][info][gc,stats    ]    Subphase: Concurrent Roots OopStorageSet                0.034 / 0.056         0.031 / 0.124         0.031 / 0.124         0.031 / 0.124       ms
[340.327s][info][gc,stats    ]    Subphase: Concurrent Weak Roots OopStorageSet           0.298 / 0.454         0.303 / 1.123         0.303 / 1.123         0.303 / 1.123       ms
[340.327s][info][gc,stats    ]    Subphase: Pause Mark Try Complete                       0.051 / 0.051         0.159 / 0.301         0.159 / 0.301         0.159 / 0.301       ms
[340.327s][info][gc,stats    ]      System: Java Threads                                     20 / 21               19 / 22               19 / 22               19 / 22          threads
[340.327s][info][gc,stats    ] =========================================================================================================================================================
[343.022s][info][gc,start    ] GC(202) Garbage Collection (High Usage)
[343.022s][info][gc,task     ] GC(202) Using 2 workers
[343.022s][info][gc,phases   ] GC(202) Pause Mark Start 0.013ms
[343.092s][info][gc,phases   ] GC(202) Concurrent Mark 68.881ms
[343.092s][info][gc,phases   ] GC(202) Pause Mark End 0.016ms
[343.092s][info][gc,phases   ] GC(202) Concurrent Mark Free 0.001ms
[343.098s][info][gc,phases   ] GC(202) Concurrent Process Non-Strong References 6.424ms
[343.098s][info][gc,phases   ] GC(202) Concurrent Reset Relocation Set 0.001ms
[343.104s][info][gc,phases   ] GC(202) Concurrent Select Relocation Set 5.327ms
[343.104s][info][gc,phases   ] GC(202) Pause Relocate Start 0.011ms
[343.123s][info][gc,phases   ] GC(202) Concurrent Relocate 17.790ms
[343.123s][info][gc,load     ] GC(202) Load: 0.00/0.00/0.00
[343.123s][info][gc,mmu      ] GC(202) MMU: 2ms/80.5%, 5ms/92.2%, 10ms/96.1%, 20ms/96.3%, 50ms/97.1%, 100ms/97.5%
[343.123s][info][gc,marking  ] GC(202) Mark: 2 stripe(s), 3 proactive flush(es), 1 terminate flush(es), 0 completion(s), 0 continuation(s) 
[343.123s][info][gc,marking  ] GC(202) Mark Stack Usage: 32M
[343.123s][info][gc,nmethod  ] GC(202) NMethods: 4806 registered, 3 unregistered
[343.123s][info][gc,metaspace] GC(202) Metaspace: 33M used, 33M committed, 1088M reserved
[343.123s][info][gc,ref      ] GC(202) Soft: 4016 encountered, 0 discovered, 0 enqueued
[343.123s][info][gc,ref      ] GC(202) Weak: 21067 encountered, 19484 discovered, 12135 enqueued
[343.123s][info][gc,ref      ] GC(202) Final: 7 encountered, 2 discovered, 0 enqueued
[343.123s][info][gc,ref      ] GC(202) Phantom: 720 encountered, 637 discovered, 0 enqueued
[343.123s][info][gc,reloc    ] GC(202) Small Pages: 2665 / 5330M, Empty: 4548M, Relocated: 29M, In-Place: 0
[343.123s][info][gc,reloc    ] GC(202) Medium Pages: 25 / 800M, Empty: 768M, Relocated: 0M, In-Place: 0
[343.123s][info][gc,reloc    ] GC(202) Large Pages: 234 / 1630M, Empty: 1630M, Relocated: 0M, In-Place: 0
[343.123s][info][gc,reloc    ] GC(202) Forwarding Usage: 9M
[343.123s][info][gc,heap     ] GC(202) Min Capacity: 8192M(100%)
[343.123s][info][gc,heap     ] GC(202) Max Capacity: 8192M(100%)
[343.123s][info][gc,heap     ] GC(202) Soft Max Capacity: 8192M(100%)
[343.123s][info][gc,heap     ] GC(202)                Mark Start          Mark End        Relocate Start      Relocate End           High               Low         
[343.123s][info][gc,heap     ] GC(202)  Capacity:     8192M (100%)       8192M (100%)       8192M (100%)       8192M (100%)       8192M (100%)       8192M (100%)   
[343.123s][info][gc,heap     ] GC(202)      Free:      432M (5%)          338M (4%)         7278M (89%)        7918M (97%)        7918M (97%)         338M (4%)     
[343.123s][info][gc,heap     ] GC(202)      Used:     7760M (95%)        7854M (96%)         914M (11%)         274M (3%)         7854M (96%)         274M (3%)     
[343.123s][info][gc,heap     ] GC(202)      Live:         -               142M (2%)          142M (2%)          142M (2%)             -                  -          
[343.123s][info][gc,heap     ] GC(202) Allocated:         -                94M (1%)          100M (1%)          109M (1%)             -                  -          
[343.123s][info][gc,heap     ] GC(202)   Garbage:         -              7617M (93%)         671M (8%)           22M (0%)             -                  -          
[343.123s][info][gc,heap     ] GC(202) Reclaimed:         -                  -              6946M (85%)        7595M (93%)            -                  -          
[343.123s][info][gc          ] GC(202) Garbage Collection (High Usage) 7760M(95%)->274M(3%)
[343.863s][info][gc,start    ] GC(203) Garbage Collection (System.gc())
[343.863s][info][gc,task     ] GC(203) Using 2 workers
[343.863s][info][gc,phases   ] GC(203) Pause Mark Start 0.007ms
[343.918s][info][gc,phases   ] GC(203) Concurrent Mark 54.357ms
[343.918s][info][gc,phases   ] GC(203) Pause Mark End 0.020ms
[343.918s][info][gc,phases   ] GC(203) Concurrent Mark Free 0.001ms
[343.924s][info][gc,phases   ] GC(203) Concurrent Process Non-Strong References 6.172ms
[343.924s][info][gc,phases   ] GC(203) Concurrent Reset Relocation Set 0.029ms
[343.927s][info][gc,phases   ] GC(203) Concurrent Select Relocation Set 2.243ms
[343.927s][info][gc,phases   ] GC(203) Pause Relocate Start 0.013ms
[343.934s][info][gc,phases   ] GC(203) Concurrent Relocate 6.770ms
[343.934s][info][gc,load     ] GC(203) Load: 0.00/0.00/0.00
[343.934s][info][gc,mmu      ] GC(203) MMU: 2ms/80.5%, 5ms/92.2%, 10ms/96.1%, 20ms/96.3%, 50ms/97.1%, 100ms/97.5%
[343.934s][info][gc,marking  ] GC(203) Mark: 2 stripe(s), 2 proactive flush(es), 1 terminate flush(es), 0 completion(s), 0 continuation(s) 
[343.934s][info][gc,marking  ] GC(203) Mark Stack Usage: 32M
[343.934s][info][gc,nmethod  ] GC(203) NMethods: 4806 registered, 3 unregistered
[343.934s][info][gc,metaspace] GC(203) Metaspace: 33M used, 33M committed, 1088M reserved
[343.934s][info][gc,ref      ] GC(203) Soft: 4016 encountered, 0 discovered, 0 enqueued
[343.934s][info][gc,ref      ] GC(203) Weak: 25365 encountered, 23703 discovered, 23652 enqueued
[343.934s][info][gc,ref      ] GC(203) Final: 7 encountered, 5 discovered, 0 enqueued
[343.934s][info][gc,ref      ] GC(203) Phantom: 714 encountered, 607 discovered, 0 enqueued
[343.934s][info][gc,reloc    ] GC(203) Small Pages: 284 / 568M, Empty: 142M, Relocated: 10M, In-Place: 0
[343.934s][info][gc,reloc    ] GC(203) Medium Pages: 8 / 256M, Empty: 192M, Relocated: 16M, In-Place: 0
[343.934s][info][gc,reloc    ] GC(203) Large Pages: 53 / 364M, Empty: 364M, Relocated: 0M, In-Place: 0
[343.934s][info][gc,reloc    ] GC(203) Forwarding Usage: 3M
[343.934s][info][gc,heap     ] GC(203) Min Capacity: 8192M(100%)
[343.934s][info][gc,heap     ] GC(203) Max Capacity: 8192M(100%)
[343.934s][info][gc,heap     ] GC(203) Soft Max Capacity: 8192M(100%)
[343.934s][info][gc,heap     ] GC(203)                Mark Start          Mark End        Relocate Start      Relocate End           High               Low         
[343.934s][info][gc,heap     ] GC(203)  Capacity:     8192M (100%)       8192M (100%)       8192M (100%)       8192M (100%)       8192M (100%)       8192M (100%)   
[343.934s][info][gc,heap     ] GC(203)      Free:     7004M (85%)        7004M (85%)        7702M (94%)        8044M (98%)        8044M (98%)        7004M (85%)    
[343.934s][info][gc,heap     ] GC(203)      Used:     1188M (15%)        1188M (15%)         490M (6%)          148M (2%)         1188M (15%)         148M (2%)     
[343.934s][info][gc,heap     ] GC(203)      Live:         -               126M (2%)          126M (2%)          126M (2%)             -                  -          
[343.934s][info][gc,heap     ] GC(203) Allocated:         -                 0M (0%)            0M (0%)            1M (0%)             -                  -          
[343.934s][info][gc,heap     ] GC(203)   Garbage:         -              1061M (13%)         363M (4%)           19M (0%)             -                  -          
[343.934s][info][gc,heap     ] GC(203) Reclaimed:         -                  -               698M (9%)         1041M (13%)            -                  -          
[343.934s][info][gc          ] GC(203) Garbage Collection (System.gc()) 1188M(15%)->148M(2%)
[344.624s][info][gc,start    ] GC(204) Garbage Collection (Allocation Rate)
[344.624s][info][gc,task     ] GC(204) Using 2 workers
[344.624s][info][gc,phases   ] GC(204) Pause Mark Start 0.011ms
[344.687s][info][gc,phases   ] GC(204) Concurrent Mark 60.389ms
[344.687s][info][gc,phases   ] GC(204) Pause Mark End 0.015ms
[344.687s][info][gc,phases   ] GC(204) Concurrent Mark Free 0.001ms
[344.693s][info][gc,phases   ] GC(204) Concurrent Process Non-Strong References 6.005ms
[344.693s][info][gc,phases   ] GC(204) Concurrent Reset Relocation Set 0.025ms
[344.696s][info][gc,phases   ] GC(204) Concurrent Select Relocation Set 3.316ms
[344.697s][info][gc,phases   ] GC(204) Pause Relocate Start 0.008ms
[344.697s][info][gc,phases   ] GC(204) Concurrent Relocate 0.375ms
[344.697s][info][gc,load     ] GC(204) Load: 0.00/0.00/0.00
[344.697s][info][gc,mmu      ] GC(204) MMU: 2ms/80.5%, 5ms/92.2%, 10ms/96.1%, 20ms/96.3%, 50ms/97.1%, 100ms/97.5%
[344.697s][info][gc,marking  ] GC(204) Mark: 2 stripe(s), 2 proactive flush(es), 1 terminate flush(es), 0 completion(s), 0 continuation(s) 
[344.697s][info][gc,marking  ] GC(204) Mark Stack Usage: 32M
[344.697s][info][gc,nmethod  ] GC(204) NMethods: 4806 registered, 3 unregistered
[344.697s][info][gc,metaspace] GC(204) Metaspace: 33M used, 33M committed, 1088M reserved
[344.697s][info][gc,ref      ] GC(204) Soft: 4016 encountered, 0 discovered, 0 enqueued
[344.697s][info][gc,ref      ] GC(204) Weak: 1716 encountered, 54 discovered, 0 enqueued
[344.697s][info][gc,ref      ] GC(204) Final: 7 encountered, 5 discovered, 0 enqueued
[344.697s][info][gc,ref      ] GC(204) Phantom: 714 encountered, 653 discovered, 0 enqueued
[344.697s][info][gc,reloc    ] GC(204) Small Pages: 2572 / 5144M, Empty: 5006M, Relocated: 0M, In-Place: 0
[344.697s][info][gc,reloc    ] GC(204) Medium Pages: 1 / 32M, Empty: 0M, Relocated: 0M, In-Place: 0
[344.697s][info][gc,reloc    ] GC(204) Large Pages: 0 / 0M, Empty: 0M, Relocated: 0M, In-Place: 0
[344.697s][info][gc,reloc    ] GC(204) Forwarding Usage: 0M
[344.697s][info][gc,heap     ] GC(204) Min Capacity: 8192M(100%)
[344.697s][info][gc,heap     ] GC(204) Max Capacity: 8192M(100%)
[344.697s][info][gc,heap     ] GC(204) Soft Max Capacity: 8192M(100%)
[344.697s][info][gc,heap     ] GC(204)                Mark Start          Mark End        Relocate Start      Relocate End           High               Low         
[344.697s][info][gc,heap     ] GC(204)  Capacity:     8192M (100%)       8192M (100%)       8192M (100%)       8192M (100%)       8192M (100%)       8192M (100%)   
[344.697s][info][gc,heap     ] GC(204)      Free:     3016M (37%)        2794M (34%)        7748M (95%)        7768M (95%)        7768M (95%)        2756M (34%)    
[344.697s][info][gc,heap     ] GC(204)      Used:     5176M (63%)        5398M (66%)         444M (5%)          424M (5%)         5436M (66%)         424M (5%)     
[344.697s][info][gc,heap     ] GC(204)      Live:         -               126M (2%)          126M (2%)          126M (2%)             -                  -          
[344.697s][info][gc,heap     ] GC(204) Allocated:         -               222M (3%)          274M (3%)          275M (3%)             -                  -          
[344.697s][info][gc,heap     ] GC(204)   Garbage:         -              5049M (62%)          43M (1%)           21M (0%)             -                  -          
[344.697s][info][gc,heap     ] GC(204) Reclaimed:         -                  -              5006M (61%)        5027M (61%)            -                  -          
[344.697s][info][gc          ] GC(204) Garbage Collection (Allocation Rate) 5176M(63%)->424M(5%)
[345.723s][info][gc,start    ] GC(205) Garbage Collection (Allocation Rate)
[345.723s][info][gc,task     ] GC(205) Using 1 workers
[345.723s][info][gc,phases   ] GC(205) Pause Mark Start 0.007ms
[345.848s][info][gc,phases   ] GC(205) Concurrent Mark 124.992ms
[345.849s][info][gc,phases   ] GC(205) Pause Mark End 0.011ms
[345.849s][info][gc,phases   ] GC(205) Concurrent Mark Free 0.001ms
[345.859s][info][gc,phases   ] GC(205) Concurrent Process Non-Strong References 10.010ms
[345.859s][info][gc,phases   ] GC(205) Concurrent Reset Relocation Set 0.002ms
[345.861s][info][gc,phases   ] GC(205) Concurrent Select Relocation Set 2.715ms
[345.862s][info][gc,phases   ] GC(205) Pause Relocate Start 0.008ms
[345.862s][info][gc,phases   ] GC(205) Concurrent Relocate 0.459ms
[345.862s][info][gc,load     ] GC(205) Load: 0.00/0.00/0.00
[345.862s][info][gc,mmu      ] GC(205) MMU: 2ms/80.5%, 5ms/92.2%, 10ms/96.1%, 20ms/96.3%, 50ms/97.1%, 100ms/97.5%
[345.862s][info][gc,marking  ] GC(205) Mark: 1 stripe(s), 2 proactive flush(es), 1 terminate flush(es), 0 completion(s), 0 continuation(s) 
[345.862s][info][gc,marking  ] GC(205) Mark Stack Usage: 32M
[345.862s][info][gc,nmethod  ] GC(205) NMethods: 4806 registered, 3 unregistered
[345.862s][info][gc,metaspace] GC(205) Metaspace: 33M used, 33M committed, 1088M reserved
[345.862s][info][gc,ref      ] GC(205) Soft: 4016 encountered, 0 discovered, 0 enqueued
[345.862s][info][gc,ref      ] GC(205) Weak: 1731 encountered, 1283 discovered, 0 enqueued
[345.862s][info][gc,ref      ] GC(205) Final: 7 encountered, 7 discovered, 0 enqueued
[345.862s][info][gc,ref      ] GC(205) Phantom: 714 encountered, 665 discovered, 0 enqueued
[345.862s][info][gc,reloc    ] GC(205) Small Pages: 3047 / 6094M, Empty: 5952M, Relocated: 0M, In-Place: 0
[345.862s][info][gc,reloc    ] GC(205) Medium Pages: 1 / 32M, Empty: 0M, Relocated: 0M, In-Place: 0
[345.862s][info][gc,reloc    ] GC(205) Large Pages: 0 / 0M, Empty: 0M, Relocated: 0M, In-Place: 0
[345.862s][info][gc,reloc    ] GC(205) Forwarding Usage: 0M
[345.862s][info][gc,heap     ] GC(205) Min Capacity: 8192M(100%)
[345.862s][info][gc,heap     ] GC(205) Max Capacity: 8192M(100%)
[345.862s][info][gc,heap     ] GC(205) Soft Max Capacity: 8192M(100%)
[345.862s][info][gc,heap     ] GC(205)                Mark Start          Mark End        Relocate Start      Relocate End           High               Low         
[345.862s][info][gc,heap     ] GC(205)  Capacity:     8192M (100%)       8192M (100%)       8192M (100%)       8192M (100%)       8192M (100%)       8192M (100%)   
[345.862s][info][gc,heap     ] GC(205)      Free:     2066M (25%)        1786M (22%)        7696M (94%)        7722M (94%)        7722M (94%)        1754M (21%)    
[345.862s][info][gc,heap     ] GC(205)      Used:     6126M (75%)        6406M (78%)         496M (6%)          470M (6%)         6438M (79%)         470M (6%)     
[345.862s][info][gc,heap     ] GC(205)      Live:         -               126M (2%)          126M (2%)          126M (2%)             -                  -          
[345.862s][info][gc,heap     ] GC(205) Allocated:         -               280M (3%)          322M (4%)          323M (4%)             -                  -          
[345.862s][info][gc,heap     ] GC(205)   Garbage:         -              5999M (73%)          47M (1%)           19M (0%)             -                  -          
[345.862s][info][gc,heap     ] GC(205) Reclaimed:         -                  -              5952M (73%)        5979M (73%)            -                  -          
[345.862s][info][gc          ] GC(205) Garbage Collection (Allocation Rate) 6126M(75%)->470M(6%)
[350.122s][info][gc,start    ] GC(206) Garbage Collection (Allocation Rate)
[350.122s][info][gc,task     ] GC(206) Using 1 workers
[350.122s][info][gc,phases   ] GC(206) Pause Mark Start 0.017ms
[350.289s][info][gc,phases   ] GC(206) Concurrent Mark 167.143ms
[350.289s][info][gc,phases   ] GC(206) Pause Mark End 0.010ms
[350.289s][info][gc,phases   ] GC(206) Concurrent Mark Free 0.001ms
[350.300s][info][gc,phases   ] GC(206) Concurrent Process Non-Strong References 10.676ms
[350.300s][info][gc,phases   ] GC(206) Concurrent Reset Relocation Set 0.001ms
[350.305s][info][gc,phases   ] GC(206) Concurrent Select Relocation Set 4.964ms
[350.305s][info][gc,phases   ] GC(206) Pause Relocate Start 0.013ms
[350.335s][info][gc,stats    ] === Garbage Collection Statistics =======================================================================================================================
[350.335s][info][gc,stats    ]                                                              Last 10s              Last 10m              Last 10h                Total
[350.335s][info][gc,stats    ]                                                              Avg / Max             Avg / Max             Avg / Max             Avg / Max
[350.335s][info][gc,stats    ]   Collector: Garbage Collection Cycle                     95.731 / 139.304     125.022 / 379.439     125.022 / 379.439     125.022 / 379.439     ms
[350.335s][info][gc,stats    ]  Contention: Mark Segment Reset Contention                     0 / 3                 0 / 115               0 / 115               0 / 115         ops/s
[350.335s][info][gc,stats    ]  Contention: Mark SeqNum Reset Contention                      0 / 1                 0 / 2                 0 / 2                 0 / 2           ops/s
[350.335s][info][gc,stats    ]    Critical: Allocation Stall                                  0 / 0                 0 / 0                 0 / 0                 0 / 0           ops/s
[350.335s][info][gc,stats    ]    Critical: Allocation Stall                              0.000 / 0.000         0.000 / 0.000         0.000 / 0.000         0.000 / 0.000       ms
[350.335s][info][gc,stats    ]    Critical: GC Locker Stall                                   0 / 0                 0 / 0                 0 / 0                 0 / 0           ops/s
[350.335s][info][gc,stats    ]    Critical: GC Locker Stall                               0.000 / 0.000         0.000 / 0.000         0.000 / 0.000         0.000 / 0.000       ms
[350.335s][info][gc,stats    ]    Critical: Relocation Stall                                  0 / 0                 0 / 0                 0 / 0                 0 / 0           ops/s
[350.335s][info][gc,stats    ]    Critical: Relocation Stall                              0.000 / 0.000         0.000 / 0.000         0.000 / 0.000         0.000 / 0.000       ms
[350.335s][info][gc,stats    ]      Memory: Allocation Rate                                2277 / 6086           2769 / 6636           2769 / 6636           2769 / 6636        MB/s
[350.335s][info][gc,stats    ]      Memory: Out Of Memory                                     0 / 0                 0 / 0                 0 / 0                 0 / 0           ops/s
[350.335s][info][gc,stats    ]      Memory: Page Cache Flush                                171 / 584              86 / 664              86 / 664              86 / 664         MB/s
[350.335s][info][gc,stats    ]      Memory: Page Cache Hit L1                               904 / 3045           1182 / 3321           1182 / 3321           1182 / 3321        ops/s
[350.335s][info][gc,stats    ]      Memory: Page Cache Hit L2                                 0 / 0                 0 / 0                 0 / 0                 0 / 0           ops/s
[350.335s][info][gc,stats    ]      Memory: Page Cache Hit L3                                32 / 253              42 / 635              42 / 635              42 / 635         ops/s
[350.335s][info][gc,stats    ]      Memory: Page Cache Miss                                  18 / 62                9 / 70                9 / 70                9 / 70          ops/s
[350.335s][info][gc,stats    ]      Memory: Uncommit                                          0 / 0                 0 / 0                 0 / 0                 0 / 0           MB/s
[350.335s][info][gc,stats    ]      Memory: Undo Object Allocation Failed                     0 / 0                 0 / 2                 0 / 2                 0 / 2           ops/s
[350.335s][info][gc,stats    ]      Memory: Undo Object Allocation Succeeded                  1 / 13                0 / 94                0 / 94                0 / 94          ops/s
[350.335s][info][gc,stats    ]      Memory: Undo Page Allocation                              0 / 1                 0 / 8                 0 / 8                 0 / 8           ops/s
[350.335s][info][gc,stats    ]       Phase: Concurrent Mark                              95.152 / 167.143      99.385 / 190.432      99.385 / 190.432      99.385 / 190.432     ms
[350.335s][info][gc,stats    ]       Phase: Concurrent Mark Continue                      0.000 / 0.000        15.374 / 35.578       15.374 / 35.578       15.374 / 35.578      ms
[350.335s][info][gc,stats    ]       Phase: Concurrent Mark Free                          0.001 / 0.001         0.001 / 0.004         0.001 / 0.004         0.001 / 0.004       ms
[350.335s][info][gc,stats    ]       Phase: Concurrent Process Non-Strong References      7.857 / 10.676        8.278 / 31.000        8.278 / 31.000        8.278 / 31.000      ms
[350.335s][info][gc,stats    ]       Phase: Concurrent Relocate                           6.348 / 17.790        9.223 / 76.380        9.223 / 76.380        9.223 / 76.380      ms
[350.335s][info][gc,stats    ]       Phase: Concurrent Reset Relocation Set               0.012 / 0.029         0.010 / 0.049         0.010 / 0.049         0.010 / 0.049       ms
[350.335s][info][gc,stats    ]       Phase: Concurrent Select Relocation Set              3.713 / 5.327         3.570 / 13.402        3.570 / 13.402        3.570 / 13.402      ms
[350.335s][info][gc,stats    ]       Phase: Pause Mark End                                0.014 / 0.020         0.055 / 0.390         0.055 / 0.390         0.055 / 0.390       ms
[350.335s][info][gc,stats    ]       Phase: Pause Mark Start                              0.011 / 0.017         0.008 / 0.022         0.008 / 0.022         0.008 / 0.022       ms
[350.335s][info][gc,stats    ]       Phase: Pause Relocate Start                          0.010 / 0.013         0.010 / 0.037         0.010 / 0.037         0.010 / 0.037       ms
[350.335s][info][gc,stats    ]    Subphase: Concurrent Classes Purge                      0.296 / 0.525         0.251 / 0.574         0.251 / 0.574         0.251 / 0.574       ms
[350.335s][info][gc,stats    ]    Subphase: Concurrent Classes Unlink                     5.721 / 8.904         5.806 / 23.760        5.806 / 23.760        5.806 / 23.760      ms
[350.335s][info][gc,stats    ]    Subphase: Concurrent Mark                              80.730 / 166.346      76.769 / 189.582      76.769 / 189.582      76.769 / 189.582     ms
[350.335s][info][gc,stats    ]    Subphase: Concurrent Mark Try Flush                     0.678 / 8.694         0.533 / 30.486        0.533 / 30.486        0.533 / 30.486      ms
[350.335s][info][gc,stats    ]    Subphase: Concurrent Mark Try Terminate                 1.285 / 7.056         3.118 / 24.568        3.118 / 24.568        3.118 / 24.568      ms
[350.335s][info][gc,stats    ]    Subphase: Concurrent References Enqueue                 0.004 / 0.007         0.003 / 0.008         0.003 / 0.008         0.003 / 0.008       ms
[350.335s][info][gc,stats    ]    Subphase: Concurrent References Process                 1.127 / 2.122         0.995 / 3.217         0.995 / 3.217         0.995 / 3.217       ms
[350.335s][info][gc,stats    ]    Subphase: Concurrent Roots ClassLoaderDataGraph         0.083 / 0.144         0.109 / 0.537         0.109 / 0.537         0.109 / 0.537       ms
[350.335s][info][gc,stats    ]    Subphase: Concurrent Roots CodeCache                    0.000 / 0.000         0.000 / 0.000         0.000 / 0.000         0.000 / 0.000       ms
[350.335s][info][gc,stats    ]    Subphase: Concurrent Roots JavaThreads                  0.291 / 0.531         0.358 / 1.258         0.358 / 1.258         0.358 / 1.258       ms
[350.335s][info][gc,stats    ]    Subphase: Concurrent Roots OopStorageSet                0.024 / 0.034         0.030 / 0.124         0.030 / 0.124         0.030 / 0.124       ms
[350.335s][info][gc,stats    ]    Subphase: Concurrent Weak Roots OopStorageSet           0.345 / 0.698         0.304 / 1.123         0.304 / 1.123         0.304 / 1.123       ms
[350.335s][info][gc,stats    ]    Subphase: Pause Mark Try Complete                       0.000 / 0.000         0.159 / 0.301         0.159 / 0.301         0.159 / 0.301       ms
[350.335s][info][gc,stats    ]      System: Java Threads                                     19 / 21               19 / 22               19 / 22               19 / 22          threads
[350.335s][info][gc,stats    ] =========================================================================================================================================================
[350.342s][info][gc,phases   ] GC(206) Concurrent Relocate 36.582ms
[350.342s][info][gc,load     ] GC(206) Load: 0.00/0.00/0.00
[350.342s][info][gc,mmu      ] GC(206) MMU: 2ms/80.5%, 5ms/92.2%, 10ms/96.1%, 20ms/96.3%, 50ms/97.1%, 100ms/97.5%
[350.342s][info][gc,marking  ] GC(206) Mark: 1 stripe(s), 3 proactive flush(es), 1 terminate flush(es), 0 completion(s), 0 continuation(s) 
[350.342s][info][gc,marking  ] GC(206) Mark Stack Usage: 32M
[350.342s][info][gc,nmethod  ] GC(206) NMethods: 4806 registered, 3 unregistered
[350.342s][info][gc,metaspace] GC(206) Metaspace: 33M used, 33M committed, 1088M reserved
[350.342s][info][gc,ref      ] GC(206) Soft: 4016 encountered, 0 discovered, 0 enqueued
[350.342s][info][gc,ref      ] GC(206) Weak: 22104 encountered, 19955 discovered, 8987 enqueued
[350.342s][info][gc,ref      ] GC(206) Final: 7 encountered, 7 discovered, 0 enqueued
[350.342s][info][gc,ref      ] GC(206) Phantom: 720 encountered, 671 discovered, 0 enqueued
[350.342s][info][gc,reloc    ] GC(206) Small Pages: 2706 / 5412M, Empty: 4682M, Relocated: 38M, In-Place: 0
[350.342s][info][gc,reloc    ] GC(206) Medium Pages: 24 / 768M, Empty: 704M, Relocated: 16M, In-Place: 0
[350.342s][info][gc,reloc    ] GC(206) Large Pages: 220 / 1532M, Empty: 1526M, Relocated: 0M, In-Place: 0
[350.342s][info][gc,reloc    ] GC(206) Forwarding Usage: 11M
[350.342s][info][gc,heap     ] GC(206) Min Capacity: 8192M(100%)
[350.342s][info][gc,heap     ] GC(206) Max Capacity: 8192M(100%)
[350.342s][info][gc,heap     ] GC(206) Soft Max Capacity: 8192M(100%)
[350.342s][info][gc,heap     ] GC(206)                Mark Start          Mark End        Relocate Start      Relocate End           High               Low         
[350.342s][info][gc,heap     ] GC(206)  Capacity:     8192M (100%)       8192M (100%)       8192M (100%)       8192M (100%)       8192M (100%)       8192M (100%)   
[350.342s][info][gc,heap     ] GC(206)      Free:      480M (6%)          352M (4%)         7254M (89%)        7850M (96%)        7850M (96%)         346M (4%)     
[350.342s][info][gc,heap     ] GC(206)      Used:     7712M (94%)        7840M (96%)         938M (11%)         342M (4%)         7846M (96%)         342M (4%)     
[350.342s][info][gc,heap     ] GC(206)      Live:         -               160M (2%)          160M (2%)          160M (2%)             -                  -          
[350.342s][info][gc,heap     ] GC(206) Allocated:         -               128M (2%)          138M (2%)          163M (2%)             -                  -          
[350.342s][info][gc,heap     ] GC(206)   Garbage:         -              7551M (92%)         639M (8%)           18M (0%)             -                  -          
[350.342s][info][gc,heap     ] GC(206) Reclaimed:         -                  -              6912M (84%)        7533M (92%)            -                  -          
[350.342s][info][gc          ] GC(206) Garbage Collection (Allocation Rate) 7712M(94%)->342M(4%)
[350.781s][info][gc,start    ] GC(207) Garbage Collection (System.gc())
[350.781s][info][gc,task     ] GC(207) Using 2 workers
[350.781s][info][gc,phases   ] GC(207) Pause Mark Start 0.005ms
[350.850s][info][gc,phases   ] GC(207) Concurrent Mark 69.094ms
[350.851s][info][gc,phases   ] GC(207) Pause Mark End 0.021ms
[350.851s][info][gc,phases   ] GC(207) Concurrent Mark Free 0.002ms
[350.857s][info][gc,phases   ] GC(207) Concurrent Process Non-Strong References 6.151ms
[350.857s][info][gc,phases   ] GC(207) Concurrent Reset Relocation Set 0.023ms
[350.859s][info][gc,phases   ] GC(207) Concurrent Select Relocation Set 2.253ms
[350.859s][info][gc,phases   ] GC(207) Pause Relocate Start 0.010ms
[350.865s][info][gc,phases   ] GC(207) Concurrent Relocate 5.336ms
[350.865s][info][gc,load     ] GC(207) Load: 0.00/0.00/0.00
[350.865s][info][gc,mmu      ] GC(207) MMU: 2ms/80.5%, 5ms/92.2%, 10ms/96.1%, 20ms/96.3%, 50ms/97.1%, 100ms/97.5%
[350.865s][info][gc,marking  ] GC(207) Mark: 2 stripe(s), 3 proactive flush(es), 1 terminate flush(es), 0 completion(s), 0 continuation(s) 
[350.865s][info][gc,marking  ] GC(207) Mark Stack Usage: 32M
[350.865s][info][gc,nmethod  ] GC(207) NMethods: 4806 registered, 3 unregistered
[350.865s][info][gc,metaspace] GC(207) Metaspace: 33M used, 33M committed, 1088M reserved
[350.865s][info][gc,ref      ] GC(207) Soft: 4016 encountered, 0 discovered, 0 enqueued
[350.865s][info][gc,ref      ] GC(207) Weak: 23657 encountered, 22913 discovered, 21942 enqueued
[350.865s][info][gc,ref      ] GC(207) Final: 7 encountered, 7 discovered, 0 enqueued
[350.865s][info][gc,ref      ] GC(207) Phantom: 714 encountered, 652 discovered, 0 enqueued
[350.865s][info][gc,reloc    ] GC(207) Small Pages: 237 / 474M, Empty: 64M, Relocated: 10M, In-Place: 0
[350.865s][info][gc,reloc    ] GC(207) Medium Pages: 6 / 192M, Empty: 160M, Relocated: 0M, In-Place: 0
[350.865s][info][gc,reloc    ] GC(207) Large Pages: 37 / 252M, Empty: 252M, Relocated: 0M, In-Place: 0
[350.865s][info][gc,reloc    ] GC(207) Forwarding Usage: 3M
[350.865s][info][gc,heap     ] GC(207) Min Capacity: 8192M(100%)
[350.865s][info][gc,heap     ] GC(207) Max Capacity: 8192M(100%)
[350.865s][info][gc,heap     ] GC(207) Soft Max Capacity: 8192M(100%)
[350.865s][info][gc,heap     ] GC(207)                Mark Start          Mark End        Relocate Start      Relocate End           High               Low         
[350.865s][info][gc,heap     ] GC(207)  Capacity:     8192M (100%)       8192M (100%)       8192M (100%)       8192M (100%)       8192M (100%)       8192M (100%)   
[350.865s][info][gc,heap     ] GC(207)      Free:     7274M (89%)        7274M (89%)        7750M (95%)        8046M (98%)        8046M (98%)        7274M (89%)    
[350.865s][info][gc,heap     ] GC(207)      Used:      918M (11%)         918M (11%)         442M (5%)          146M (2%)          918M (11%)         146M (2%)     
[350.865s][info][gc,heap     ] GC(207)      Live:         -               123M (2%)          123M (2%)          123M (2%)             -                  -          
[350.865s][info][gc,heap     ] GC(207) Allocated:         -                 0M (0%)            0M (0%)            0M (0%)             -                  -          
[350.865s][info][gc,heap     ] GC(207)   Garbage:         -               794M (10%)         318M (4%)           22M (0%)             -                  -          
[350.865s][info][gc,heap     ] GC(207) Reclaimed:         -                  -               476M (6%)          772M (9%)             -                  -          
[350.865s][info][gc          ] GC(207) Garbage Collection (System.gc()) 918M(11%)->146M(2%)
[351.526s][info][gc,start    ] GC(208) Garbage Collection (Allocation Rate)
[351.526s][info][gc,task     ] GC(208) Using 2 workers
[351.526s][info][gc,phases   ] GC(208) Pause Mark Start 0.009ms
[351.604s][info][gc,phases   ] GC(208) Concurrent Mark 64.206ms
[351.605s][info][gc,phases   ] GC(208) Pause Mark End 0.008ms
[351.605s][info][gc,phases   ] GC(208) Concurrent Mark Free 0.002ms
[351.610s][info][gc,phases   ] GC(208) Concurrent Process Non-Strong References 5.490ms
[351.610s][info][gc,phases   ] GC(208) Concurrent Reset Relocation Set 0.013ms
[351.613s][info][gc,phases   ] GC(208) Concurrent Select Relocation Set 3.188ms
[351.614s][info][gc,phases   ] GC(208) Pause Relocate Start 0.009ms
[351.614s][info][gc,phases   ] GC(208) Concurrent Relocate 0.591ms
[351.614s][info][gc,load     ] GC(208) Load: 0.00/0.00/0.00
[351.614s][info][gc,mmu      ] GC(208) MMU: 2ms/80.5%, 5ms/92.2%, 10ms/96.1%, 20ms/96.3%, 50ms/97.1%, 100ms/97.5%
[351.614s][info][gc,marking  ] GC(208) Mark: 2 stripe(s), 2 proactive flush(es), 1 terminate flush(es), 0 completion(s), 0 continuation(s) 
[351.614s][info][gc,marking  ] GC(208) Mark Stack Usage: 32M
[351.614s][info][gc,nmethod  ] GC(208) NMethods: 4806 registered, 3 unregistered
[351.614s][info][gc,metaspace] GC(208) Metaspace: 33M used, 33M committed, 1088M reserved
[351.614s][info][gc,ref      ] GC(208) Soft: 4016 encountered, 0 discovered, 0 enqueued
[351.614s][info][gc,ref      ] GC(208) Weak: 1730 encountered, 60 discovered, 0 enqueued
[351.614s][info][gc,ref      ] GC(208) Final: 7 encountered, 7 discovered, 0 enqueued
[351.614s][info][gc,ref      ] GC(208) Phantom: 714 encountered, 662 discovered, 0 enqueued
[351.614s][info][gc,reloc    ] GC(208) Small Pages: 2430 / 4860M, Empty: 4724M, Relocated: 0M, In-Place: 0
[351.614s][info][gc,reloc    ] GC(208) Medium Pages: 1 / 32M, Empty: 0M, Relocated: 0M, In-Place: 0
[351.614s][info][gc,reloc    ] GC(208) Large Pages: 0 / 0M, Empty: 0M, Relocated: 0M, In-Place: 0
[351.614s][info][gc,reloc    ] GC(208) Forwarding Usage: 0M
[351.614s][info][gc,heap     ] GC(208) Min Capacity: 8192M(100%)
[351.614s][info][gc,heap     ] GC(208) Max Capacity: 8192M(100%)
[351.614s][info][gc,heap     ] GC(208) Soft Max Capacity: 8192M(100%)
[351.614s][info][gc,heap     ] GC(208)                Mark Start          Mark End        Relocate Start      Relocate End           High               Low         
[351.614s][info][gc,heap     ] GC(208)  Capacity:     8192M (100%)       8192M (100%)       8192M (100%)       8192M (100%)       8192M (100%)       8192M (100%)   
[351.614s][info][gc,heap     ] GC(208)      Free:     3300M (40%)        2954M (36%)        7638M (93%)        7658M (93%)        7658M (93%)        2930M (36%)    
[351.614s][info][gc,heap     ] GC(208)      Used:     4892M (60%)        5238M (64%)         554M (7%)          534M (7%)         5262M (64%)         534M (7%)     
[351.614s][info][gc,heap     ] GC(208)      Live:         -               123M (2%)          123M (2%)          123M (2%)             -                  -          
[351.614s][info][gc,heap     ] GC(208) Allocated:         -               346M (4%)          386M (5%)          386M (5%)             -                  -          
[351.614s][info][gc,heap     ] GC(208)   Garbage:         -              4768M (58%)          44M (1%)           24M (0%)             -                  -          
[351.614s][info][gc,heap     ] GC(208) Reclaimed:         -                  -              4724M (58%)        4744M (58%)            -                  -          
[351.614s][info][gc          ] GC(208) Garbage Collection (Allocation Rate) 4892M(60%)->534M(7%)
[352.530s][info][gc,start    ] GC(209) Garbage Collection (Allocation Rate)
[352.530s][info][gc,task     ] GC(209) Using 1 workers
[352.530s][info][gc,phases   ] GC(209) Pause Mark Start 0.008ms
[352.653s][info][gc,phases   ] GC(209) Concurrent Mark 123.070ms
[352.653s][info][gc,phases   ] GC(209) Pause Mark End 0.011ms
[352.654s][info][gc,phases   ] GC(209) Concurrent Mark Free 0.001ms
[352.663s][info][gc,phases   ] GC(209) Concurrent Process Non-Strong References 9.841ms
[352.663s][info][gc,phases   ] GC(209) Concurrent Reset Relocation Set 0.002ms
[352.668s][info][gc,phases   ] GC(209) Concurrent Select Relocation Set 4.049ms
[352.668s][info][gc,phases   ] GC(209) Pause Relocate Start 0.012ms
[352.669s][info][gc,phases   ] GC(209) Concurrent Relocate 0.749ms
[352.669s][info][gc,load     ] GC(209) Load: 0.00/0.00/0.00
[352.669s][info][gc,mmu      ] GC(209) MMU: 2ms/80.5%, 5ms/92.2%, 10ms/96.1%, 20ms/96.3%, 50ms/97.1%, 100ms/97.5%
[352.669s][info][gc,marking  ] GC(209) Mark: 1 stripe(s), 2 proactive flush(es), 1 terminate flush(es), 0 completion(s), 0 continuation(s) 
[352.669s][info][gc,marking  ] GC(209) Mark Stack Usage: 32M
[352.669s][info][gc,nmethod  ] GC(209) NMethods: 4806 registered, 3 unregistered
[352.669s][info][gc,metaspace] GC(209) Metaspace: 33M used, 33M committed, 1088M reserved
[352.669s][info][gc,ref      ] GC(209) Soft: 4016 encountered, 0 discovered, 0 enqueued
[352.669s][info][gc,ref      ] GC(209) Weak: 1733 encountered, 1284 discovered, 0 enqueued
[352.669s][info][gc,ref      ] GC(209) Final: 7 encountered, 7 discovered, 0 enqueued
[352.669s][info][gc,ref      ] GC(209) Phantom: 714 encountered, 665 discovered, 0 enqueued
[352.669s][info][gc,reloc    ] GC(209) Small Pages: 2835 / 5670M, Empty: 5526M, Relocated: 0M, In-Place: 0
[352.669s][info][gc,reloc    ] GC(209) Medium Pages: 1 / 32M, Empty: 0M, Relocated: 0M, In-Place: 0
[352.669s][info][gc,reloc    ] GC(209) Large Pages: 0 / 0M, Empty: 0M, Relocated: 0M, In-Place: 0
[352.669s][info][gc,reloc    ] GC(209) Forwarding Usage: 0M
[352.669s][info][gc,heap     ] GC(209) Min Capacity: 8192M(100%)
[352.669s][info][gc,heap     ] GC(209) Max Capacity: 8192M(100%)
[352.669s][info][gc,heap     ] GC(209) Soft Max Capacity: 8192M(100%)
[352.669s][info][gc,heap     ] GC(209)                Mark Start          Mark End        Relocate Start      Relocate End           High               Low         
[352.669s][info][gc,heap     ] GC(209)  Capacity:     8192M (100%)       8192M (100%)       8192M (100%)       8192M (100%)       8192M (100%)       8192M (100%)   
[352.669s][info][gc,heap     ] GC(209)      Free:     2490M (30%)        2018M (25%)        7494M (91%)        7520M (92%)        7520M (92%)        1984M (24%)    
[352.669s][info][gc,heap     ] GC(209)      Used:     5702M (70%)        6174M (75%)         698M (9%)          672M (8%)         6208M (76%)         672M (8%)     
[352.669s][info][gc,heap     ] GC(209)      Live:         -               123M (2%)          123M (2%)          123M (2%)             -                  -          
[352.669s][info][gc,heap     ] GC(209) Allocated:         -               472M (6%)          522M (6%)          525M (6%)             -                  -          
[352.669s][info][gc,heap     ] GC(209)   Garbage:         -              5578M (68%)          52M (1%)           22M (0%)             -                  -          
[352.669s][info][gc,heap     ] GC(209) Reclaimed:         -                  -              5526M (67%)        5555M (68%)            -                  -          
[352.669s][info][gc          ] GC(209) Garbage Collection (Allocation Rate) 5702M(70%)->672M(8%)
[354.120s][info][gc,start    ] GC(210) Garbage Collection (Allocation Rate)
[354.120s][info][gc,task     ] GC(210) Using 1 workers
[354.121s][info][gc,phases   ] GC(210) Pause Mark Start 0.005ms
[354.253s][info][gc,phases   ] GC(210) Concurrent Mark 132.021ms
[354.253s][info][gc,phases   ] GC(210) Pause Mark End 0.050ms
[354.253s][info][gc,phases   ] GC(210) Concurrent Mark Free 0.001ms
[354.262s][info][gc,phases   ] GC(210) Concurrent Process Non-Strong References 9.515ms
[354.262s][info][gc,phases   ] GC(210) Concurrent Reset Relocation Set 0.002ms
[354.269s][info][gc,phases   ] GC(210) Concurrent Select Relocation Set 6.836ms
[354.269s][info][gc,phases   ] GC(210) Pause Relocate Start 0.012ms
[354.300s][info][gc,phases   ] GC(210) Concurrent Relocate 30.175ms
[354.300s][info][gc,load     ] GC(210) Load: 0.00/0.00/0.00
[354.300s][info][gc,mmu      ] GC(210) MMU: 2ms/80.5%, 5ms/92.2%, 10ms/96.1%, 20ms/96.3%, 50ms/97.1%, 100ms/97.5%
[354.300s][info][gc,marking  ] GC(210) Mark: 1 stripe(s), 6 proactive flush(es), 2 terminate flush(es), 1 completion(s), 0 continuation(s) 
[354.300s][info][gc,marking  ] GC(210) Mark Stack Usage: 32M
[354.300s][info][gc,nmethod  ] GC(210) NMethods: 4806 registered, 3 unregistered
[354.300s][info][gc,metaspace] GC(210) Metaspace: 33M used, 33M committed, 1088M reserved
[354.300s][info][gc,ref      ] GC(210) Soft: 4016 encountered, 0 discovered, 0 enqueued
[354.300s][info][gc,ref      ] GC(210) Weak: 21169 encountered, 17739 discovered, 5414 enqueued
[354.300s][info][gc,ref      ] GC(210) Final: 7 encountered, 7 discovered, 0 enqueued
[354.300s][info][gc,ref      ] GC(210) Phantom: 720 encountered, 671 discovered, 0 enqueued
[354.300s][info][gc,reloc    ] GC(210) Small Pages: 2480 / 4960M, Empty: 4520M, Relocated: 36M, In-Place: 0
[354.300s][info][gc,reloc    ] GC(210) Medium Pages: 6 / 192M, Empty: 160M, Relocated: 0M, In-Place: 0
[354.300s][info][gc,reloc    ] GC(210) Large Pages: 44 / 306M, Empty: 306M, Relocated: 0M, In-Place: 0
[354.300s][info][gc,reloc    ] GC(210) Forwarding Usage: 10M
[354.300s][info][gc,heap     ] GC(210) Min Capacity: 8192M(100%)
[354.300s][info][gc,heap     ] GC(210) Max Capacity: 8192M(100%)
[354.300s][info][gc,heap     ] GC(210) Soft Max Capacity: 8192M(100%)
[354.300s][info][gc,heap     ] GC(210)                Mark Start          Mark End        Relocate Start      Relocate End           High               Low         
[354.300s][info][gc,heap     ] GC(210)  Capacity:     8192M (100%)       8192M (100%)       8192M (100%)       8192M (100%)       8192M (100%)       8192M (100%)   
[354.300s][info][gc,heap     ] GC(210)      Free:     2734M (33%)        2590M (32%)        7560M (92%)        7804M (95%)        7834M (96%)        2582M (32%)    
[354.300s][info][gc,heap     ] GC(210)      Used:     5458M (67%)        5602M (68%)         632M (8%)          388M (5%)         5610M (68%)         358M (4%)     
[354.300s][info][gc,heap     ] GC(210)      Live:         -               150M (2%)          150M (2%)          150M (2%)             -                  -          
[354.300s][info][gc,heap     ] GC(210) Allocated:         -               144M (2%)          160M (2%)          214M (3%)             -                  -          
[354.300s][info][gc,heap     ] GC(210)   Garbage:         -              5307M (65%)         321M (4%)           22M (0%)             -                  -          
[354.300s][info][gc,heap     ] GC(210) Reclaimed:         -                  -              4986M (61%)        5284M (65%)            -                  -          
[354.300s][info][gc          ] GC(210) Garbage Collection (Allocation Rate) 5458M(67%)->388M(5%)
[357.388s][info][gc,start    ] GC(211) Garbage Collection (System.gc())
[357.388s][info][gc,task     ] GC(211) Using 2 workers
[357.388s][info][gc,phases   ] GC(211) Pause Mark Start 0.007ms
[357.443s][info][gc,phases   ] GC(211) Concurrent Mark 55.163ms
[357.443s][info][gc,phases   ] GC(211) Pause Mark End 0.022ms
[357.443s][info][gc,phases   ] GC(211) Concurrent Mark Free 0.001ms
[357.450s][info][gc,phases   ] GC(211) Concurrent Process Non-Strong References 6.554ms
[357.450s][info][gc,phases   ] GC(211) Concurrent Reset Relocation Set 0.015ms
[357.452s][info][gc,phases   ] GC(211) Concurrent Select Relocation Set 2.206ms
[357.452s][info][gc,phases   ] GC(211) Pause Relocate Start 0.010ms
[357.459s][info][gc,phases   ] GC(211) Concurrent Relocate 6.596ms
[357.459s][info][gc,load     ] GC(211) Load: 0.00/0.00/0.00
[357.459s][info][gc,mmu      ] GC(211) MMU: 2ms/80.5%, 5ms/92.2%, 10ms/96.1%, 20ms/96.3%, 50ms/97.1%, 100ms/97.5%
[357.459s][info][gc,marking  ] GC(211) Mark: 2 stripe(s), 1 proactive flush(es), 1 terminate flush(es), 0 completion(s), 0 continuation(s) 
[357.459s][info][gc,marking  ] GC(211) Mark Stack Usage: 32M
[357.459s][info][gc,nmethod  ] GC(211) NMethods: 4807 registered, 3 unregistered
[357.459s][info][gc,metaspace] GC(211) Metaspace: 33M used, 33M committed, 1088M reserved
[357.459s][info][gc,ref      ] GC(211) Soft: 4016 encountered, 0 discovered, 0 enqueued
[357.459s][info][gc,ref      ] GC(211) Weak: 24057 encountered, 23440 discovered, 22342 enqueued
[357.459s][info][gc,ref      ] GC(211) Final: 7 encountered, 5 discovered, 0 enqueued
[357.459s][info][gc,ref      ] GC(211) Phantom: 714 encountered, 646 discovered, 0 enqueued
[357.459s][info][gc,reloc    ] GC(211) Small Pages: 873 / 1746M, Empty: 1052M, Relocated: 10M, In-Place: 0
[357.459s][info][gc,reloc    ] GC(211) Medium Pages: 25 / 800M, Empty: 736M, Relocated: 16M, In-Place: 0
[357.459s][info][gc,reloc    ] GC(211) Large Pages: 225 / 1562M, Empty: 1562M, Relocated: 0M, In-Place: 0
[357.459s][info][gc,reloc    ] GC(211) Forwarding Usage: 3M
[357.459s][info][gc,heap     ] GC(211) Min Capacity: 8192M(100%)
[357.459s][info][gc,heap     ] GC(211) Max Capacity: 8192M(100%)
[357.459s][info][gc,heap     ] GC(211) Soft Max Capacity: 8192M(100%)
[357.459s][info][gc,heap     ] GC(211)                Mark Start          Mark End        Relocate Start      Relocate End           High               Low         
[357.460s][info][gc,heap     ] GC(211)  Capacity:     8192M (100%)       8192M (100%)       8192M (100%)       8192M (100%)       8192M (100%)       8192M (100%)   
[357.460s][info][gc,heap     ] GC(211)      Free:     4084M (50%)        4084M (50%)        7434M (91%)        8046M (98%)        8046M (98%)        4084M (50%)    
[357.460s][info][gc,heap     ] GC(211)      Used:     4108M (50%)        4108M (50%)         758M (9%)          146M (2%)         4108M (50%)         146M (2%)     
[357.460s][info][gc,heap     ] GC(211)      Live:         -               126M (2%)          126M (2%)          126M (2%)             -                  -          
[357.460s][info][gc,heap     ] GC(211) Allocated:         -                 0M (0%)            0M (0%)            0M (0%)             -                  -          
[357.460s][info][gc,heap     ] GC(211)   Garbage:         -              3981M (49%)         631M (8%)           19M (0%)             -                  -          
[357.460s][info][gc,heap     ] GC(211) Reclaimed:         -                  -              3350M (41%)        3962M (48%)            -                  -          
[357.460s][info][gc          ] GC(211) Garbage Collection (System.gc()) 4108M(50%)->146M(2%)
[358.134s][info][gc,start    ] GC(212) Garbage Collection (Allocation Rate)
[358.134s][info][gc,task     ] GC(212) Using 2 workers
[358.134s][info][gc,phases   ] GC(212) Pause Mark Start 0.007ms
[358.213s][info][gc,phases   ] GC(212) Concurrent Mark 75.177ms
[358.213s][info][gc,phases   ] GC(212) Pause Mark End 0.015ms
[358.213s][info][gc,phases   ] GC(212) Concurrent Mark Free 0.001ms
[358.218s][info][gc,phases   ] GC(212) Concurrent Process Non-Strong References 5.558ms
[358.219s][info][gc,phases   ] GC(212) Concurrent Reset Relocation Set 0.021ms
[358.222s][info][gc,phases   ] GC(212) Concurrent Select Relocation Set 3.526ms
[358.222s][info][gc,phases   ] GC(212) Pause Relocate Start 0.012ms
[358.223s][info][gc,phases   ] GC(212) Concurrent Relocate 0.553ms
[358.223s][info][gc,load     ] GC(212) Load: 0.00/0.00/0.00
[358.223s][info][gc,mmu      ] GC(212) MMU: 2ms/80.5%, 5ms/92.2%, 10ms/96.1%, 20ms/96.3%, 50ms/97.1%, 100ms/97.5%
[358.223s][info][gc,marking  ] GC(212) Mark: 2 stripe(s), 2 proactive flush(es), 1 terminate flush(es), 0 completion(s), 0 continuation(s) 
[358.223s][info][gc,marking  ] GC(212) Mark Stack Usage: 32M
[358.223s][info][gc,nmethod  ] GC(212) NMethods: 4807 registered, 3 unregistered
[358.223s][info][gc,metaspace] GC(212) Metaspace: 33M used, 33M committed, 1088M reserved
[358.223s][info][gc,ref      ] GC(212) Soft: 4016 encountered, 0 discovered, 0 enqueued
[358.223s][info][gc,ref      ] GC(212) Weak: 1733 encountered, 32 discovered, 0 enqueued
[358.223s][info][gc,ref      ] GC(212) Final: 7 encountered, 4 discovered, 0 enqueued
[358.223s][info][gc,ref      ] GC(212) Phantom: 714 encountered, 649 discovered, 0 enqueued
[358.223s][info][gc,reloc    ] GC(212) Small Pages: 2508 / 5016M, Empty: 4878M, Relocated: 1M, In-Place: 0
[358.223s][info][gc,reloc    ] GC(212) Medium Pages: 1 / 32M, Empty: 0M, Relocated: 0M, In-Place: 0
[358.223s][info][gc,reloc    ] GC(212) Large Pages: 0 / 0M, Empty: 0M, Relocated: 0M, In-Place: 0
[358.223s][info][gc,reloc    ] GC(212) Forwarding Usage: 0M
[358.223s][info][gc,heap     ] GC(212) Min Capacity: 8192M(100%)
[358.223s][info][gc,heap     ] GC(212) Max Capacity: 8192M(100%)
[358.223s][info][gc,heap     ] GC(212) Soft Max Capacity: 8192M(100%)
[358.223s][info][gc,heap     ] GC(212)                Mark Start          Mark End        Relocate Start      Relocate End           High               Low         
[358.223s][info][gc,heap     ] GC(212)  Capacity:     8192M (100%)       8192M (100%)       8192M (100%)       8192M (100%)       8192M (100%)       8192M (100%)   
[358.223s][info][gc,heap     ] GC(212)      Free:     3144M (38%)        2780M (34%)        7612M (93%)        7634M (93%)        7634M (93%)        2750M (34%)    
[358.223s][info][gc,heap     ] GC(212)      Used:     5048M (62%)        5412M (66%)         580M (7%)          558M (7%)         5442M (66%)         558M (7%)     
[358.223s][info][gc,heap     ] GC(212)      Live:         -               126M (2%)          126M (2%)          126M (2%)             -                  -          
[358.223s][info][gc,heap     ] GC(212) Allocated:         -               364M (4%)          410M (5%)          410M (5%)             -                  -          
[358.223s][info][gc,heap     ] GC(212)   Garbage:         -              4921M (60%)          43M (1%)           21M (0%)             -                  -          
[358.223s][info][gc,heap     ] GC(212) Reclaimed:         -                  -              4878M (60%)        4900M (60%)            -                  -          
[358.223s][info][gc          ] GC(212) Garbage Collection (Allocation Rate) 5048M(62%)->558M(7%)
[359.230s][info][gc,start    ] GC(213) Garbage Collection (Allocation Rate)
[359.230s][info][gc,task     ] GC(213) Using 1 workers
[359.230s][info][gc,phases   ] GC(213) Pause Mark Start 0.011ms
[359.354s][info][gc,phases   ] GC(213) Concurrent Mark 123.449ms
[359.354s][info][gc,phases   ] GC(213) Pause Mark End 0.011ms
[359.354s][info][gc,phases   ] GC(213) Concurrent Mark Free 0.000ms
[359.364s][info][gc,phases   ] GC(213) Concurrent Process Non-Strong References 9.925ms
[359.364s][info][gc,phases   ] GC(213) Concurrent Reset Relocation Set 0.002ms
[359.367s][info][gc,phases   ] GC(213) Concurrent Select Relocation Set 3.325ms
[359.367s][info][gc,phases   ] GC(213) Pause Relocate Start 0.008ms
[359.368s][info][gc,phases   ] GC(213) Concurrent Relocate 0.580ms
[359.368s][info][gc,load     ] GC(213) Load: 0.00/0.00/0.00
[359.368s][info][gc,mmu      ] GC(213) MMU: 2ms/80.5%, 5ms/92.2%, 10ms/96.1%, 20ms/96.3%, 50ms/97.1%, 100ms/97.5%
[359.368s][info][gc,marking  ] GC(213) Mark: 1 stripe(s), 2 proactive flush(es), 1 terminate flush(es), 0 completion(s), 0 continuation(s) 
[359.368s][info][gc,marking  ] GC(213) Mark Stack Usage: 32M
[359.368s][info][gc,nmethod  ] GC(213) NMethods: 4807 registered, 3 unregistered
[359.368s][info][gc,metaspace] GC(213) Metaspace: 33M used, 33M committed, 1088M reserved
[359.368s][info][gc,ref      ] GC(213) Soft: 4016 encountered, 0 discovered, 0 enqueued
[359.368s][info][gc,ref      ] GC(213) Weak: 1733 encountered, 1284 discovered, 0 enqueued
[359.368s][info][gc,ref      ] GC(213) Final: 7 encountered, 7 discovered, 0 enqueued
[359.368s][info][gc,ref      ] GC(213) Phantom: 714 encountered, 665 discovered, 0 enqueued
[359.368s][info][gc,reloc    ] GC(213) Small Pages: 3109 / 6218M, Empty: 6076M, Relocated: 1M, In-Place: 0
[359.368s][info][gc,reloc    ] GC(213) Medium Pages: 1 / 32M, Empty: 0M, Relocated: 0M, In-Place: 0
[359.368s][info][gc,reloc    ] GC(213) Large Pages: 0 / 0M, Empty: 0M, Relocated: 0M, In-Place: 0
[359.368s][info][gc,reloc    ] GC(213) Forwarding Usage: 0M
[359.368s][info][gc,heap     ] GC(213) Min Capacity: 8192M(100%)
[359.368s][info][gc,heap     ] GC(213) Max Capacity: 8192M(100%)
[359.368s][info][gc,heap     ] GC(213) Soft Max Capacity: 8192M(100%)
[359.368s][info][gc,heap     ] GC(213)                Mark Start          Mark End        Relocate Start      Relocate End           High               Low         
[359.368s][info][gc,heap     ] GC(213)  Capacity:     8192M (100%)       8192M (100%)       8192M (100%)       8192M (100%)       8192M (100%)       8192M (100%)   
[359.368s][info][gc,heap     ] GC(213)      Free:     1942M (24%)        1466M (18%)        7494M (91%)        7518M (92%)        7518M (92%)        1436M (18%)    
[359.368s][info][gc,heap     ] GC(213)      Used:     6250M (76%)        6726M (82%)         698M (9%)          674M (8%)         6756M (82%)         674M (8%)     
[359.368s][info][gc,heap     ] GC(213)      Live:         -               126M (2%)          126M (2%)          126M (2%)             -                  -          
[359.368s][info][gc,heap     ] GC(213) Allocated:         -               476M (6%)          524M (6%)          527M (6%)             -                  -          
[359.368s][info][gc,heap     ] GC(213)   Garbage:         -              6123M (75%)          47M (1%)           19M (0%)             -                  -          
[359.368s][info][gc,heap     ] GC(213) Reclaimed:         -                  -              6076M (74%)        6103M (75%)            -                  -          
[359.368s][info][gc          ] GC(213) Garbage Collection (Allocation Rate) 6250M(76%)->674M(8%)
[360.323s][info][gc,stats    ] === Garbage Collection Statistics =======================================================================================================================
[360.323s][info][gc,stats    ]                                                              Last 10s              Last 10m              Last 10h                Total
[360.323s][info][gc,stats    ]                                                              Avg / Max             Avg / Max             Avg / Max             Avg / Max
[360.323s][info][gc,stats    ]   Collector: Garbage Collection Cycle                    126.119 / 220.125     125.063 / 379.439     125.063 / 379.439     125.063 / 379.439     ms
[360.323s][info][gc,stats    ]  Contention: Mark Segment Reset Contention                     0 / 6                 0 / 115               0 / 115               0 / 115         ops/s
[360.323s][info][gc,stats    ]  Contention: Mark SeqNum Reset Contention                      0 / 0                 0 / 2                 0 / 2                 0 / 2           ops/s
[360.323s][info][gc,stats    ]    Critical: Allocation Stall                                  0 / 0                 0 / 0                 0 / 0                 0 / 0           ops/s
[360.323s][info][gc,stats    ]    Critical: Allocation Stall                              0.000 / 0.000         0.000 / 0.000         0.000 / 0.000         0.000 / 0.000       ms
[360.323s][info][gc,stats    ]    Critical: GC Locker Stall                                   0 / 0                 0 / 0                 0 / 0                 0 / 0           ops/s
[360.323s][info][gc,stats    ]    Critical: GC Locker Stall                               0.000 / 0.000         0.000 / 0.000         0.000 / 0.000         0.000 / 0.000       ms
[360.323s][info][gc,stats    ]    Critical: Relocation Stall                                  0 / 0                 0 / 0                 0 / 0                 0 / 0           ops/s
[360.323s][info][gc,stats    ]    Critical: Relocation Stall                              0.000 / 0.000         0.000 / 0.000         0.000 / 0.000         0.000 / 0.000       ms
[360.323s][info][gc,stats    ]      Memory: Allocation Rate                                3528 / 5894           2790 / 6636           2790 / 6636           2790 / 6636        MB/s
[360.323s][info][gc,stats    ]      Memory: Out Of Memory                                     0 / 0                 0 / 0                 0 / 0                 0 / 0           ops/s
[360.323s][info][gc,stats    ]      Memory: Page Cache Flush                                 36 / 356              85 / 664              85 / 664              85 / 664         MB/s
[360.323s][info][gc,stats    ]      Memory: Page Cache Hit L1                              1588 / 2953           1193 / 3321           1193 / 3321           1193 / 3321        ops/s
[360.323s][info][gc,stats    ]      Memory: Page Cache Hit L2                                 0 / 0                 0 / 0                 0 / 0                 0 / 0           ops/s
[360.323s][info][gc,stats    ]      Memory: Page Cache Hit L3                                46 / 269              42 / 635              42 / 635              42 / 635         ops/s
[360.323s][info][gc,stats    ]      Memory: Page Cache Miss                                   3 / 37                9 / 70                9 / 70                9 / 70          ops/s
[360.323s][info][gc,stats    ]      Memory: Uncommit                                          0 / 0                 0 / 0                 0 / 0                 0 / 0           MB/s
[360.323s][info][gc,stats    ]      Memory: Undo Object Allocation Failed                     0 / 0                 0 / 2                 0 / 2                 0 / 2           ops/s
[360.323s][info][gc,stats    ]      Memory: Undo Object Allocation Succeeded                  0 / 0                 0 / 94                0 / 94                0 / 94          ops/s
[360.323s][info][gc,stats    ]      Memory: Undo Page Allocation                              0 / 5                 0 / 8                 0 / 8                 0 / 8           ops/s
[360.323s][info][gc,stats    ]       Phase: Concurrent Mark                              91.740 / 132.021      99.135 / 190.432      99.135 / 190.432      99.135 / 190.432     ms
[360.323s][info][gc,stats    ]       Phase: Concurrent Mark Continue                      0.000 / 0.000        15.374 / 35.578       15.374 / 35.578       15.374 / 35.578      ms
[360.323s][info][gc,stats    ]       Phase: Concurrent Mark Free                          0.001 / 0.002         0.001 / 0.004         0.001 / 0.004         0.001 / 0.004       ms
[360.323s][info][gc,stats    ]       Phase: Concurrent Process Non-Strong References      7.576 / 9.925         8.256 / 31.000        8.256 / 31.000        8.256 / 31.000      ms
[360.323s][info][gc,stats    ]       Phase: Concurrent Relocate                          10.145 / 36.582        9.258 / 76.380        9.258 / 76.380        9.258 / 76.380      ms
[360.323s][info][gc,stats    ]       Phase: Concurrent Reset Relocation Set               0.011 / 0.023         0.010 / 0.049         0.010 / 0.049         0.010 / 0.049       ms
[360.323s][info][gc,stats    ]       Phase: Concurrent Select Relocation Set              3.626 / 6.836         3.572 / 13.402        3.572 / 13.402        3.572 / 13.402      ms
[360.324s][info][gc,stats    ]       Phase: Pause Mark End                                0.020 / 0.050         0.054 / 0.390         0.054 / 0.390         0.054 / 0.390       ms
[360.324s][info][gc,stats    ]       Phase: Pause Mark Start                              0.007 / 0.011         0.008 / 0.022         0.008 / 0.022         0.008 / 0.022       ms
[360.324s][info][gc,stats    ]       Phase: Pause Relocate Start                          0.010 / 0.012         0.010 / 0.037         0.010 / 0.037         0.010 / 0.037       ms
[360.324s][info][gc,stats    ]    Subphase: Concurrent Classes Purge                      0.239 / 0.329         0.250 / 0.574         0.250 / 0.574         0.250 / 0.574       ms
[360.324s][info][gc,stats    ]    Subphase: Concurrent Classes Unlink                     5.861 / 8.829         5.808 / 23.760        5.808 / 23.760        5.808 / 23.760      ms
[360.324s][info][gc,stats    ]    Subphase: Concurrent Mark                              79.289 / 131.334      76.843 / 189.582      76.843 / 189.582      76.843 / 189.582     ms
[360.324s][info][gc,stats    ]    Subphase: Concurrent Mark Try Flush                     0.089 / 0.606         0.521 / 30.486        0.521 / 30.486        0.521 / 30.486      ms
[360.324s][info][gc,stats    ]    Subphase: Concurrent Mark Try Terminate                 1.983 / 11.657        3.087 / 24.568        3.087 / 24.568        3.087 / 24.568      ms
[360.324s][info][gc,stats    ]    Subphase: Concurrent References Enqueue                 0.003 / 0.008         0.003 / 0.008         0.003 / 0.008         0.003 / 0.008       ms
[360.324s][info][gc,stats    ]    Subphase: Concurrent References Process                 0.964 / 2.386         0.994 / 3.217         0.994 / 3.217         0.994 / 3.217       ms
[360.324s][info][gc,stats    ]    Subphase: Concurrent Roots ClassLoaderDataGraph         0.096 / 0.169         0.108 / 0.537         0.108 / 0.537         0.108 / 0.537       ms
[360.324s][info][gc,stats    ]    Subphase: Concurrent Roots CodeCache                    0.000 / 0.000         0.000 / 0.000         0.000 / 0.000         0.000 / 0.000       ms
[360.324s][info][gc,stats    ]    Subphase: Concurrent Roots JavaThreads                  0.355 / 0.539         0.358 / 1.258         0.358 / 1.258         0.358 / 1.258       ms
[360.324s][info][gc,stats    ]    Subphase: Concurrent Roots OopStorageSet                0.029 / 0.045         0.030 / 0.124         0.030 / 0.124         0.030 / 0.124       ms
[360.324s][info][gc,stats    ]    Subphase: Concurrent Weak Roots OopStorageSet           0.322 / 0.687         0.305 / 1.123         0.305 / 1.123         0.305 / 1.123       ms
[360.324s][info][gc,stats    ]    Subphase: Pause Mark Try Complete                       0.003 / 0.003         0.157 / 0.301         0.157 / 0.301         0.157 / 0.301       ms
[360.324s][info][gc,stats    ]      System: Java Threads                                     19 / 21               19 / 22               19 / 22               19 / 22          threads
[360.324s][info][gc,stats    ] =========================================================================================================================================================
[363.436s][info][gc,start    ] GC(214) Garbage Collection (Allocation Rate)
[363.436s][info][gc,task     ] GC(214) Using 1 workers
[363.436s][info][gc,phases   ] GC(214) Pause Mark Start 0.013ms
[363.568s][info][gc,phases   ] GC(214) Concurrent Mark 131.788ms
[363.568s][info][gc,phases   ] GC(214) Pause Mark End 0.081ms
[363.568s][info][gc,phases   ] GC(214) Concurrent Mark Free 0.001ms
[363.578s][info][gc,phases   ] GC(214) Concurrent Process Non-Strong References 9.535ms
[363.578s][info][gc,phases   ] GC(214) Concurrent Reset Relocation Set 0.002ms
[363.584s][info][gc,phases   ] GC(214) Concurrent Select Relocation Set 6.301ms
[363.584s][info][gc,phases   ] GC(214) Pause Relocate Start 0.019ms
[363.620s][info][gc,phases   ] GC(214) Concurrent Relocate 35.746ms
[363.620s][info][gc,load     ] GC(214) Load: 0.00/0.00/0.00
[363.620s][info][gc,mmu      ] GC(214) MMU: 2ms/80.5%, 5ms/92.2%, 10ms/96.1%, 20ms/96.3%, 50ms/97.1%, 100ms/97.5%
[363.620s][info][gc,marking  ] GC(214) Mark: 1 stripe(s), 10 proactive flush(es), 3 terminate flush(es), 1 completion(s), 0 continuation(s) 
[363.620s][info][gc,marking  ] GC(214) Mark Stack Usage: 32M
[363.620s][info][gc,nmethod  ] GC(214) NMethods: 4809 registered, 3 unregistered
[363.620s][info][gc,metaspace] GC(214) Metaspace: 33M used, 33M committed, 1088M reserved
[363.620s][info][gc,ref      ] GC(214) Soft: 4016 encountered, 0 discovered, 0 enqueued
[363.620s][info][gc,ref      ] GC(214) Weak: 20392 encountered, 17881 discovered, 7902 enqueued
[363.620s][info][gc,ref      ] GC(214) Final: 7 encountered, 7 discovered, 0 enqueued
[363.620s][info][gc,ref      ] GC(214) Phantom: 720 encountered, 671 discovered, 0 enqueued
[363.620s][info][gc,reloc    ] GC(214) Small Pages: 2731 / 5462M, Empty: 4686M, Relocated: 36M, In-Place: 0
[363.620s][info][gc,reloc    ] GC(214) Medium Pages: 25 / 800M, Empty: 736M, Relocated: 15M, In-Place: 0
[363.620s][info][gc,reloc    ] GC(214) Large Pages: 230 / 1606M, Empty: 1606M, Relocated: 0M, In-Place: 0
[363.620s][info][gc,reloc    ] GC(214) Forwarding Usage: 11M
[363.620s][info][gc,heap     ] GC(214) Min Capacity: 8192M(100%)
[363.620s][info][gc,heap     ] GC(214) Max Capacity: 8192M(100%)
[363.620s][info][gc,heap     ] GC(214) Soft Max Capacity: 8192M(100%)
[363.620s][info][gc,heap     ] GC(214)                Mark Start          Mark End        Relocate Start      Relocate End           High               Low         
[363.620s][info][gc,heap     ] GC(214)  Capacity:     8192M (100%)       8192M (100%)       8192M (100%)       8192M (100%)       8192M (100%)       8192M (100%)   
[363.620s][info][gc,heap     ] GC(214)      Free:      324M (4%)          192M (2%)         7206M (88%)        7808M (95%)        7844M (96%)         182M (2%)     
[363.620s][info][gc,heap     ] GC(214)      Used:     7868M (96%)        8000M (98%)         986M (12%)         384M (5%)         8010M (98%)         348M (4%)     
[363.620s][info][gc,heap     ] GC(214)      Live:         -               151M (2%)          151M (2%)          151M (2%)             -                  -          
[363.620s][info][gc,heap     ] GC(214) Allocated:         -               132M (2%)          146M (2%)          212M (3%)             -                  -          
[363.620s][info][gc,heap     ] GC(214)   Garbage:         -              7716M (94%)         688M (8%)           19M (0%)             -                  -          
[363.620s][info][gc,heap     ] GC(214) Reclaimed:         -                  -              7028M (86%)        7696M (94%)            -                  -          
[363.620s][info][gc          ] GC(214) Garbage Collection (Allocation Rate) 7868M(96%)->384M(5%)
[364.918s][info][gc,start    ] GC(215) Garbage Collection (System.gc())
[364.918s][info][gc,task     ] GC(215) Using 2 workers
[364.918s][info][gc,phases   ] GC(215) Pause Mark Start 0.013ms
[364.973s][info][gc,phases   ] GC(215) Concurrent Mark 54.727ms
[364.973s][info][gc,phases   ] GC(215) Pause Mark End 0.020ms
[364.974s][info][gc,phases   ] GC(215) Concurrent Mark Free 0.001ms
[364.979s][info][gc,phases   ] GC(215) Concurrent Process Non-Strong References 5.687ms
[364.979s][info][gc,phases   ] GC(215) Concurrent Reset Relocation Set 0.024ms
[364.982s][info][gc,phases   ] GC(215) Concurrent Select Relocation Set 2.373ms
[364.982s][info][gc,phases   ] GC(215) Pause Relocate Start 0.010ms
[364.988s][info][gc,phases   ] GC(215) Concurrent Relocate 6.475ms
[364.988s][info][gc,load     ] GC(215) Load: 0.00/0.00/0.00
[364.989s][info][gc,mmu      ] GC(215) MMU: 2ms/80.5%, 5ms/92.2%, 10ms/96.1%, 20ms/96.3%, 50ms/97.1%, 100ms/97.5%
[364.989s][info][gc,marking  ] GC(215) Mark: 2 stripe(s), 2 proactive flush(es), 1 terminate flush(es), 0 completion(s), 0 continuation(s) 
[364.989s][info][gc,marking  ] GC(215) Mark Stack Usage: 32M
[364.989s][info][gc,nmethod  ] GC(215) NMethods: 4809 registered, 3 unregistered
[364.989s][info][gc,metaspace] GC(215) Metaspace: 33M used, 33M committed, 1088M reserved
[364.989s][info][gc,ref      ] GC(215) Soft: 4016 encountered, 0 discovered, 0 enqueued
[364.989s][info][gc,ref      ] GC(215) Weak: 23208 encountered, 21549 discovered, 21494 enqueued
[364.989s][info][gc,ref      ] GC(215) Final: 7 encountered, 6 discovered, 0 enqueued
[364.989s][info][gc,ref      ] GC(215) Phantom: 714 encountered, 611 discovered, 0 enqueued
[364.989s][info][gc,reloc    ] GC(215) Small Pages: 390 / 780M, Empty: 278M, Relocated: 10M, In-Place: 0
[364.989s][info][gc,reloc    ] GC(215) Medium Pages: 12 / 384M, Empty: 320M, Relocated: 15M, In-Place: 0
[364.989s][info][gc,reloc    ] GC(215) Large Pages: 96 / 666M, Empty: 666M, Relocated: 0M, In-Place: 0
[364.989s][info][gc,reloc    ] GC(215) Forwarding Usage: 2M
[364.989s][info][gc,heap     ] GC(215) Min Capacity: 8192M(100%)
[364.989s][info][gc,heap     ] GC(215) Max Capacity: 8192M(100%)
[364.989s][info][gc,heap     ] GC(215) Soft Max Capacity: 8192M(100%)
[364.989s][info][gc,heap     ] GC(215)                Mark Start          Mark End        Relocate Start      Relocate End           High               Low         
[364.989s][info][gc,heap     ] GC(215)  Capacity:     8192M (100%)       8192M (100%)       8192M (100%)       8192M (100%)       8192M (100%)       8192M (100%)   
[364.989s][info][gc,heap     ] GC(215)      Free:     6362M (78%)        6362M (78%)        7626M (93%)        8046M (98%)        8046M (98%)        6362M (78%)    
[364.989s][info][gc,heap     ] GC(215)      Used:     1830M (22%)        1830M (22%)         566M (7%)          146M (2%)         1830M (22%)         146M (2%)     
[364.989s][info][gc,heap     ] GC(215)      Live:         -               125M (2%)          125M (2%)          125M (2%)             -                  -          
[364.989s][info][gc,heap     ] GC(215) Allocated:         -                 0M (0%)            0M (0%)            0M (0%)             -                  -          
[364.989s][info][gc,heap     ] GC(215)   Garbage:         -              1704M (21%)         440M (5%)           20M (0%)             -                  -          
[364.989s][info][gc,heap     ] GC(215) Reclaimed:         -                  -              1264M (15%)        1684M (21%)            -                  -          
[364.989s][info][gc          ] GC(215) Garbage Collection (System.gc()) 1830M(22%)->146M(2%)
[365.726s][info][gc,start    ] GC(216) Garbage Collection (Allocation Rate)
[365.727s][info][gc,task     ] GC(216) Using 2 workers
[365.727s][info][gc,phases   ] GC(216) Pause Mark Start 0.009ms
[365.809s][info][gc,phases   ] GC(216) Concurrent Mark 82.501ms
[365.809s][info][gc,phases   ] GC(216) Pause Mark End 0.015ms
[365.809s][info][gc,phases   ] GC(216) Concurrent Mark Free 0.001ms
[365.815s][info][gc,phases   ] GC(216) Concurrent Process Non-Strong References 5.353ms
[365.815s][info][gc,phases   ] GC(216) Concurrent Reset Relocation Set 0.016ms
[365.818s][info][gc,phases   ] GC(216) Concurrent Select Relocation Set 3.010ms
[365.818s][info][gc,phases   ] GC(216) Pause Relocate Start 0.008ms
[365.818s][info][gc,phases   ] GC(216) Concurrent Relocate 0.317ms
[365.818s][info][gc,load     ] GC(216) Load: 0.00/0.00/0.00
[365.818s][info][gc,mmu      ] GC(216) MMU: 2ms/80.5%, 5ms/92.2%, 10ms/96.1%, 20ms/96.3%, 50ms/97.1%, 100ms/97.5%
[365.818s][info][gc,marking  ] GC(216) Mark: 2 stripe(s), 2 proactive flush(es), 1 terminate flush(es), 0 completion(s), 0 continuation(s) 
[365.818s][info][gc,marking  ] GC(216) Mark Stack Usage: 32M
[365.818s][info][gc,nmethod  ] GC(216) NMethods: 4809 registered, 3 unregistered
[365.818s][info][gc,metaspace] GC(216) Metaspace: 33M used, 33M committed, 1088M reserved
[365.818s][info][gc,ref      ] GC(216) Soft: 4016 encountered, 0 discovered, 0 enqueued
[365.818s][info][gc,ref      ] GC(216) Weak: 1732 encountered, 66 discovered, 0 enqueued
[365.818s][info][gc,ref      ] GC(216) Final: 7 encountered, 7 discovered, 0 enqueued
[365.818s][info][gc,ref      ] GC(216) Phantom: 714 encountered, 572 discovered, 0 enqueued
[365.819s][info][gc,reloc    ] GC(216) Small Pages: 2697 / 5394M, Empty: 5248M, Relocated: 0M, In-Place: 0
[365.819s][info][gc,reloc    ] GC(216) Medium Pages: 1 / 32M, Empty: 0M, Relocated: 0M, In-Place: 0
[365.819s][info][gc,reloc    ] GC(216) Large Pages: 0 / 0M, Empty: 0M, Relocated: 0M, In-Place: 0
[365.819s][info][gc,reloc    ] GC(216) Forwarding Usage: 0M
[365.819s][info][gc,heap     ] GC(216) Min Capacity: 8192M(100%)
[365.819s][info][gc,heap     ] GC(216) Max Capacity: 8192M(100%)
[365.819s][info][gc,heap     ] GC(216) Soft Max Capacity: 8192M(100%)
[365.819s][info][gc,heap     ] GC(216)                Mark Start          Mark End        Relocate Start      Relocate End           High               Low         
[365.819s][info][gc,heap     ] GC(216)  Capacity:     8192M (100%)       8192M (100%)       8192M (100%)       8192M (100%)       8192M (100%)       8192M (100%)   
[365.819s][info][gc,heap     ] GC(216)      Free:     2766M (34%)        2400M (29%)        7618M (93%)        7648M (93%)        7648M (93%)        2380M (29%)    
[365.819s][info][gc,heap     ] GC(216)      Used:     5426M (66%)        5792M (71%)         574M (7%)          544M (7%)         5812M (71%)         544M (7%)     
[365.819s][info][gc,heap     ] GC(216)      Live:         -               125M (2%)          125M (2%)          125M (2%)             -                  -          
[365.819s][info][gc,heap     ] GC(216) Allocated:         -               366M (4%)          396M (5%)          395M (5%)             -                  -          
[365.819s][info][gc,heap     ] GC(216)   Garbage:         -              5300M (65%)          52M (1%)           22M (0%)             -                  -          
[365.819s][info][gc,heap     ] GC(216) Reclaimed:         -                  -              5248M (64%)        5277M (64%)            -                  -          
[365.819s][info][gc          ] GC(216) Garbage Collection (Allocation Rate) 5426M(66%)->544M(7%)
[366.735s][info][gc,start    ] GC(217) Garbage Collection (Allocation Rate)
[366.735s][info][gc,task     ] GC(217) Using 1 workers
[366.735s][info][gc,phases   ] GC(217) Pause Mark Start 0.007ms
[366.849s][info][gc,phases   ] GC(217) Concurrent Mark 114.087ms
[366.849s][info][gc,phases   ] GC(217) Pause Mark End 0.010ms
[366.849s][info][gc,phases   ] GC(217) Concurrent Mark Free 0.001ms
[366.859s][info][gc,phases   ] GC(217) Concurrent Process Non-Strong References 9.964ms
[366.859s][info][gc,phases   ] GC(217) Concurrent Reset Relocation Set 0.002ms
[366.863s][info][gc,phases   ] GC(217) Concurrent Select Relocation Set 3.013ms
[366.863s][info][gc,phases   ] GC(217) Pause Relocate Start 0.008ms
[366.863s][info][gc,phases   ] GC(217) Concurrent Relocate 0.308ms
[366.863s][info][gc,load     ] GC(217) Load: 0.00/0.00/0.00
[366.863s][info][gc,mmu      ] GC(217) MMU: 2ms/80.5%, 5ms/92.2%, 10ms/96.1%, 20ms/96.3%, 50ms/97.1%, 100ms/97.5%
[366.863s][info][gc,marking  ] GC(217) Mark: 1 stripe(s), 2 proactive flush(es), 1 terminate flush(es), 0 completion(s), 0 continuation(s) 
[366.863s][info][gc,marking  ] GC(217) Mark Stack Usage: 32M
[366.863s][info][gc,nmethod  ] GC(217) NMethods: 4809 registered, 3 unregistered
[366.863s][info][gc,metaspace] GC(217) Metaspace: 33M used, 33M committed, 1088M reserved
[366.863s][info][gc,ref      ] GC(217) Soft: 4016 encountered, 0 discovered, 0 enqueued
[366.863s][info][gc,ref      ] GC(217) Weak: 1732 encountered, 1284 discovered, 0 enqueued
[366.863s][info][gc,ref      ] GC(217) Final: 7 encountered, 7 discovered, 0 enqueued
[366.863s][info][gc,ref      ] GC(217) Phantom: 714 encountered, 665 discovered, 0 enqueued
[366.863s][info][gc,reloc    ] GC(217) Small Pages: 2845 / 5690M, Empty: 5554M, Relocated: 0M, In-Place: 0
[366.863s][info][gc,reloc    ] GC(217) Medium Pages: 1 / 32M, Empty: 0M, Relocated: 0M, In-Place: 0
[366.863s][info][gc,reloc    ] GC(217) Large Pages: 0 / 0M, Empty: 0M, Relocated: 0M, In-Place: 0
[366.863s][info][gc,reloc    ] GC(217) Forwarding Usage: 0M
[366.863s][info][gc,heap     ] GC(217) Min Capacity: 8192M(100%)
[366.863s][info][gc,heap     ] GC(217) Max Capacity: 8192M(100%)
[366.863s][info][gc,heap     ] GC(217) Soft Max Capacity: 8192M(100%)
[366.863s][info][gc,heap     ] GC(217)                Mark Start          Mark End        Relocate Start      Relocate End           High               Low         
[366.863s][info][gc,heap     ] GC(217)  Capacity:     8192M (100%)       8192M (100%)       8192M (100%)       8192M (100%)       8192M (100%)       8192M (100%)   
[366.863s][info][gc,heap     ] GC(217)      Free:     2470M (30%)        2074M (25%)        7582M (93%)        7604M (93%)        7604M (93%)        2044M (25%)    
[366.863s][info][gc,heap     ] GC(217)      Used:     5722M (70%)        6118M (75%)         610M (7%)          588M (7%)         6148M (75%)         588M (7%)     
[366.863s][info][gc,heap     ] GC(217)      Live:         -               125M (2%)          125M (2%)          125M (2%)             -                  -          
[366.863s][info][gc,heap     ] GC(217) Allocated:         -               396M (5%)          442M (5%)          441M (5%)             -                  -          
[366.863s][info][gc,heap     ] GC(217)   Garbage:         -              5596M (68%)          42M (1%)           20M (0%)             -                  -          
[366.863s][info][gc,heap     ] GC(217) Reclaimed:         -                  -              5554M (68%)        5575M (68%)            -                  -          
[366.863s][info][gc          ] GC(217) Garbage Collection (Allocation Rate) 5722M(70%)->588M(7%)
[370.321s][info][gc,stats    ] === Garbage Collection Statistics =======================================================================================================================
[370.321s][info][gc,stats    ]                                                              Last 10s              Last 10m              Last 10h                Total
[370.321s][info][gc,stats    ]                                                              Avg / Max             Avg / Max             Avg / Max             Avg / Max
[370.321s][info][gc,stats    ]   Collector: Garbage Collection Cycle                    118.690 / 184.270     124.946 / 379.439     124.946 / 379.439     124.946 / 379.439     ms
[370.321s][info][gc,stats    ]  Contention: Mark Segment Reset Contention                     0 / 1                 0 / 115               0 / 115               0 / 115         ops/s
[370.321s][info][gc,stats    ]  Contention: Mark SeqNum Reset Contention                      0 / 0                 0 / 2                 0 / 2                 0 / 2           ops/s
[370.321s][info][gc,stats    ]    Critical: Allocation Stall                                  0 / 0                 0 / 0                 0 / 0                 0 / 0           ops/s
[370.321s][info][gc,stats    ]    Critical: Allocation Stall                              0.000 / 0.000         0.000 / 0.000         0.000 / 0.000         0.000 / 0.000       ms
[370.321s][info][gc,stats    ]    Critical: GC Locker Stall                                   0 / 0                 0 / 0                 0 / 0                 0 / 0           ops/s
[370.321s][info][gc,stats    ]    Critical: GC Locker Stall                               0.000 / 0.000         0.000 / 0.000         0.000 / 0.000         0.000 / 0.000       ms
[370.321s][info][gc,stats    ]    Critical: Relocation Stall                                  0 / 0                 0 / 0                 0 / 0                 0 / 0           ops/s
[370.321s][info][gc,stats    ]    Critical: Relocation Stall                              0.000 / 0.000         0.000 / 0.000         0.000 / 0.000         0.000 / 0.000       ms
[370.321s][info][gc,stats    ]      Memory: Allocation Rate                                2354 / 6032           2778 / 6636           2778 / 6636           2778 / 6636        MB/s
[370.321s][info][gc,stats    ]      Memory: Out Of Memory                                     0 / 0                 0 / 0                 0 / 0                 0 / 0           ops/s
[370.321s][info][gc,stats    ]      Memory: Page Cache Flush                                114 / 626              85 / 664              85 / 664              85 / 664         MB/s
[370.321s][info][gc,stats    ]      Memory: Page Cache Hit L1                               936 / 2989           1186 / 3321           1186 / 3321           1186 / 3321        ops/s
[370.321s][info][gc,stats    ]      Memory: Page Cache Hit L2                                 0 / 0                 0 / 0                 0 / 0                 0 / 0           ops/s
[370.321s][info][gc,stats    ]      Memory: Page Cache Hit L3                                20 / 122              41 / 635              41 / 635              41 / 635         ops/s
[370.321s][info][gc,stats    ]      Memory: Page Cache Miss                                  12 / 68                9 / 70                9 / 70                9 / 70          ops/s
[370.321s][info][gc,stats    ]      Memory: Uncommit                                          0 / 0                 0 / 0                 0 / 0                 0 / 0           MB/s
[370.321s][info][gc,stats    ]      Memory: Undo Object Allocation Failed                     0 / 0                 0 / 2                 0 / 2                 0 / 2           ops/s
[370.321s][info][gc,stats    ]      Memory: Undo Object Allocation Succeeded                  2 / 21                0 / 94                0 / 94                0 / 94          ops/s
[370.322s][info][gc,stats    ]      Memory: Undo Page Allocation                              0 / 0                 0 / 8                 0 / 8                 0 / 8           ops/s
[370.322s][info][gc,stats    ]       Phase: Concurrent Mark                              95.776 / 131.788      99.073 / 190.432      99.073 / 190.432      99.073 / 190.432     ms
[370.322s][info][gc,stats    ]       Phase: Concurrent Mark Continue                      0.000 / 0.000        15.374 / 35.578       15.374 / 35.578       15.374 / 35.578      ms
[370.322s][info][gc,stats    ]       Phase: Concurrent Mark Free                          0.001 / 0.001         0.001 / 0.004         0.001 / 0.004         0.001 / 0.004       ms
[370.322s][info][gc,stats    ]       Phase: Concurrent Process Non-Strong References      7.635 / 9.964         8.244 / 31.000        8.244 / 31.000        8.244 / 31.000      ms
[370.322s][info][gc,stats    ]       Phase: Concurrent Relocate                          10.712 / 35.746        9.284 / 76.380        9.284 / 76.380        9.284 / 76.380      ms
[370.322s][info][gc,stats    ]       Phase: Concurrent Reset Relocation Set               0.011 / 0.024         0.010 / 0.049         0.010 / 0.049         0.010 / 0.049       ms
[370.322s][info][gc,stats    ]       Phase: Concurrent Select Relocation Set              3.674 / 6.301         3.573 / 13.402        3.573 / 13.402        3.573 / 13.402      ms
[370.322s][info][gc,stats    ]       Phase: Pause Mark End                                0.031 / 0.081         0.053 / 0.390         0.053 / 0.390         0.053 / 0.390       ms
[370.322s][info][gc,stats    ]       Phase: Pause Mark Start                              0.010 / 0.013         0.008 / 0.022         0.008 / 0.022         0.008 / 0.022       ms
[370.322s][info][gc,stats    ]       Phase: Pause Relocate Start                          0.011 / 0.019         0.010 / 0.037         0.010 / 0.037         0.010 / 0.037       ms
[370.322s][info][gc,stats    ]    Subphase: Concurrent Classes Purge                      0.239 / 0.336         0.250 / 0.574         0.250 / 0.574         0.250 / 0.574       ms
[370.322s][info][gc,stats    ]    Subphase: Concurrent Classes Unlink                     6.013 / 8.899         5.811 / 23.760        5.811 / 23.760        5.811 / 23.760      ms
[370.322s][info][gc,stats    ]    Subphase: Concurrent Mark                              83.077 / 130.693      76.941 / 189.582      76.941 / 189.582      76.941 / 189.582     ms
[370.322s][info][gc,stats    ]    Subphase: Concurrent Mark Try Flush                     0.065 / 0.159         0.510 / 30.486        0.510 / 30.486        0.510 / 30.486      ms
[370.322s][info][gc,stats    ]    Subphase: Concurrent Mark Try Terminate                 1.516 / 11.245        3.061 / 24.568        3.061 / 24.568        3.061 / 24.568      ms
[370.322s][info][gc,stats    ]    Subphase: Concurrent References Enqueue                 0.003 / 0.007         0.003 / 0.008         0.003 / 0.008         0.003 / 0.008       ms
[370.322s][info][gc,stats    ]    Subphase: Concurrent References Process                 0.919 / 1.703         0.992 / 3.217         0.992 / 3.217         0.992 / 3.217       ms
[370.322s][info][gc,stats    ]    Subphase: Concurrent Roots ClassLoaderDataGraph         0.136 / 0.237         0.109 / 0.537         0.109 / 0.537         0.109 / 0.537       ms
[370.322s][info][gc,stats    ]    Subphase: Concurrent Roots CodeCache                    0.000 / 0.000         0.000 / 0.000         0.000 / 0.000         0.000 / 0.000       ms
[370.322s][info][gc,stats    ]    Subphase: Concurrent Roots JavaThreads                  0.436 / 0.704         0.359 / 1.258         0.359 / 1.258         0.359 / 1.258       ms
[370.322s][info][gc,stats    ]    Subphase: Concurrent Roots OopStorageSet                0.042 / 0.067         0.031 / 0.124         0.031 / 0.124         0.031 / 0.124       ms
[370.322s][info][gc,stats    ]    Subphase: Concurrent Weak Roots OopStorageSet           0.294 / 0.366         0.305 / 1.123         0.305 / 1.123         0.305 / 1.123       ms
[370.322s][info][gc,stats    ]    Subphase: Pause Mark Try Complete                       0.025 / 0.025         0.155 / 0.301         0.155 / 0.301         0.155 / 0.301       ms
[370.322s][info][gc,stats    ]      System: Java Threads                                     19 / 21               19 / 22               19 / 22               19 / 22          threads
[370.322s][info][gc,stats    ] =========================================================================================================================================================
[370.521s][info][gc,start    ] GC(218) Garbage Collection (Allocation Rate)
[370.521s][info][gc,task     ] GC(218) Using 1 workers
[370.521s][info][gc,phases   ] GC(218) Pause Mark Start 0.013ms
[370.661s][info][gc,phases   ] GC(218) Concurrent Mark 139.609ms
[370.661s][info][gc,phases   ] GC(218) Pause Mark End 0.093ms
[370.661s][info][gc,phases   ] GC(218) Concurrent Mark Free 0.001ms
[370.671s][info][gc,phases   ] GC(218) Concurrent Process Non-Strong References 10.392ms
[370.671s][info][gc,phases   ] GC(218) Concurrent Reset Relocation Set 0.002ms
[370.678s][info][gc,phases   ] GC(218) Concurrent Select Relocation Set 6.488ms
[370.678s][info][gc,phases   ] GC(218) Pause Relocate Start 0.012ms
[370.717s][info][gc,phases   ] GC(218) Concurrent Relocate 38.340ms
[370.717s][info][gc,load     ] GC(218) Load: 0.00/0.00/0.00
[370.717s][info][gc,mmu      ] GC(218) MMU: 2ms/80.5%, 5ms/92.2%, 10ms/96.1%, 20ms/96.3%, 50ms/97.1%, 100ms/97.5%
[370.717s][info][gc,marking  ] GC(218) Mark: 1 stripe(s), 4 proactive flush(es), 1 terminate flush(es), 1 completion(s), 0 continuation(s) 
[370.717s][info][gc,marking  ] GC(218) Mark Stack Usage: 32M
[370.717s][info][gc,nmethod  ] GC(218) NMethods: 4809 registered, 3 unregistered
[370.717s][info][gc,metaspace] GC(218) Metaspace: 33M used, 33M committed, 1088M reserved
[370.717s][info][gc,ref      ] GC(218) Soft: 4016 encountered, 0 discovered, 0 enqueued
[370.717s][info][gc,ref      ] GC(218) Weak: 21670 encountered, 19211 discovered, 3739 enqueued
[370.717s][info][gc,ref      ] GC(218) Final: 7 encountered, 7 discovered, 0 enqueued
[370.717s][info][gc,ref      ] GC(218) Phantom: 720 encountered, 671 discovered, 0 enqueued
[370.717s][info][gc,reloc    ] GC(218) Small Pages: 2758 / 5516M, Empty: 4784M, Relocated: 41M, In-Place: 0
[370.717s][info][gc,reloc    ] GC(218) Medium Pages: 24 / 768M, Empty: 704M, Relocated: 16M, In-Place: 0
[370.717s][info][gc,reloc    ] GC(218) Large Pages: 216 / 1504M, Empty: 1504M, Relocated: 0M, In-Place: 0
[370.717s][info][gc,reloc    ] GC(218) Forwarding Usage: 12M
[370.717s][info][gc,heap     ] GC(218) Min Capacity: 8192M(100%)
[370.717s][info][gc,heap     ] GC(218) Max Capacity: 8192M(100%)
[370.717s][info][gc,heap     ] GC(218) Soft Max Capacity: 8192M(100%)
[370.717s][info][gc,heap     ] GC(218)                Mark Start          Mark End        Relocate Start      Relocate End           High               Low         
[370.717s][info][gc,heap     ] GC(218)  Capacity:     8192M (100%)       8192M (100%)       8192M (100%)       8192M (100%)       8192M (100%)       8192M (100%)   
[370.717s][info][gc,heap     ] GC(218)      Free:      404M (5%)          256M (3%)         7228M (88%)        7784M (95%)        7800M (95%)         236M (3%)     
[370.717s][info][gc,heap     ] GC(218)      Used:     7788M (95%)        7936M (97%)         964M (12%)         408M (5%)         7956M (97%)         392M (5%)     
[370.717s][info][gc,heap     ] GC(218)      Live:         -               158M (2%)          158M (2%)          158M (2%)             -                  -          
[370.717s][info][gc,heap     ] GC(218) Allocated:         -               148M (2%)          168M (2%)          230M (3%)             -                  -          
[370.717s][info][gc,heap     ] GC(218)   Garbage:         -              7629M (93%)         637M (8%)           18M (0%)             -                  -          
[370.717s][info][gc,heap     ] GC(218) Reclaimed:         -                  -              6992M (85%)        7610M (93%)            -                  -          
[370.717s][info][gc          ] GC(218) Garbage Collection (Allocation Rate) 7788M(95%)->408M(5%)
[371.888s][info][gc,start    ] GC(219) Garbage Collection (System.gc())
[371.888s][info][gc,task     ] GC(219) Using 2 workers
[371.888s][info][gc,phases   ] GC(219) Pause Mark Start 0.007ms
[371.953s][info][gc,phases   ] GC(219) Concurrent Mark 64.599ms
[371.953s][info][gc,phases   ] GC(219) Pause Mark End 0.024ms
[371.953s][info][gc,phases   ] GC(219) Concurrent Mark Free 0.003ms
[371.959s][info][gc,phases   ] GC(219) Concurrent Process Non-Strong References 6.010ms
[371.960s][info][gc,phases   ] GC(219) Concurrent Reset Relocation Set 0.021ms
[371.962s][info][gc,phases   ] GC(219) Concurrent Select Relocation Set 2.178ms
[371.962s][info][gc,phases   ] GC(219) Pause Relocate Start 0.010ms
[371.969s][info][gc,phases   ] GC(219) Concurrent Relocate 7.117ms
[371.969s][info][gc,load     ] GC(219) Load: 0.00/0.00/0.00
[371.969s][info][gc,mmu      ] GC(219) MMU: 2ms/80.5%, 5ms/92.2%, 10ms/96.1%, 20ms/96.3%, 50ms/97.1%, 100ms/97.5%
[371.969s][info][gc,marking  ] GC(219) Mark: 2 stripe(s), 1 proactive flush(es), 1 terminate flush(es), 0 completion(s), 0 continuation(s) 
[371.969s][info][gc,marking  ] GC(219) Mark Stack Usage: 32M
[371.969s][info][gc,nmethod  ] GC(219) NMethods: 4809 registered, 3 unregistered
[371.969s][info][gc,metaspace] GC(219) Metaspace: 33M used, 33M committed, 1088M reserved
[371.969s][info][gc,ref      ] GC(219) Soft: 4016 encountered, 0 discovered, 0 enqueued
[371.969s][info][gc,ref      ] GC(219) Weak: 23629 encountered, 22992 discovered, 21915 enqueued
[371.969s][info][gc,ref      ] GC(219) Final: 7 encountered, 4 discovered, 0 enqueued
[371.969s][info][gc,ref      ] GC(219) Phantom: 714 encountered, 650 discovered, 0 enqueued
[371.969s][info][gc,reloc    ] GC(219) Small Pages: 427 / 854M, Empty: 332M, Relocated: 10M, In-Place: 0
[371.969s][info][gc,reloc    ] GC(219) Medium Pages: 12 / 384M, Empty: 320M, Relocated: 16M, In-Place: 0
[371.969s][info][gc,reloc    ] GC(219) Large Pages: 97 / 672M, Empty: 672M, Relocated: 0M, In-Place: 0
[371.969s][info][gc,reloc    ] GC(219) Forwarding Usage: 3M
[371.969s][info][gc,heap     ] GC(219) Min Capacity: 8192M(100%)
[371.969s][info][gc,heap     ] GC(219) Max Capacity: 8192M(100%)
[371.969s][info][gc,heap     ] GC(219) Soft Max Capacity: 8192M(100%)
[371.969s][info][gc,heap     ] GC(219)                Mark Start          Mark End        Relocate Start      Relocate End           High               Low         
[371.969s][info][gc,heap     ] GC(219)  Capacity:     8192M (100%)       8192M (100%)       8192M (100%)       8192M (100%)       8192M (100%)       8192M (100%)   
[371.969s][info][gc,heap     ] GC(219)      Free:     6282M (77%)        6282M (77%)        7606M (93%)        8046M (98%)        8046M (98%)        6282M (77%)    
[371.970s][info][gc,heap     ] GC(219)      Used:     1910M (23%)        1910M (23%)         586M (7%)          146M (2%)         1910M (23%)         146M (2%)     
[371.970s][info][gc,heap     ] GC(219)      Live:         -               126M (2%)          126M (2%)          126M (2%)             -                  -          
[371.970s][info][gc,heap     ] GC(219) Allocated:         -                 0M (0%)            0M (0%)            0M (0%)             -                  -          
[371.970s][info][gc,heap     ] GC(219)   Garbage:         -              1783M (22%)         459M (6%)           19M (0%)             -                  -          
[371.970s][info][gc,heap     ] GC(219) Reclaimed:         -                  -              1324M (16%)        1764M (22%)            -                  -          
[371.970s][info][gc          ] GC(219) Garbage Collection (System.gc()) 1910M(23%)->146M(2%)
[372.722s][info][gc,start    ] GC(220) Garbage Collection (Allocation Rate)
[372.722s][info][gc,task     ] GC(220) Using 2 workers
[372.723s][info][gc,phases   ] GC(220) Pause Mark Start 0.008ms
[372.801s][info][gc,phases   ] GC(220) Concurrent Mark 78.245ms
[372.801s][info][gc,phases   ] GC(220) Pause Mark End 0.015ms
[372.801s][info][gc,phases   ] GC(220) Concurrent Mark Free 0.001ms
[372.807s][info][gc,phases   ] GC(220) Concurrent Process Non-Strong References 5.551ms
[372.807s][info][gc,phases   ] GC(220) Concurrent Reset Relocation Set 0.018ms
[372.810s][info][gc,phases   ] GC(220) Concurrent Select Relocation Set 3.490ms
[372.810s][info][gc,phases   ] GC(220) Pause Relocate Start 0.008ms
[372.811s][info][gc,phases   ] GC(220) Concurrent Relocate 0.642ms
[372.811s][info][gc,load     ] GC(220) Load: 0.00/0.00/0.00
[372.811s][info][gc,mmu      ] GC(220) MMU: 2ms/80.5%, 5ms/92.2%, 10ms/96.1%, 20ms/96.3%, 50ms/97.1%, 100ms/97.5%
[372.811s][info][gc,marking  ] GC(220) Mark: 2 stripe(s), 2 proactive flush(es), 1 terminate flush(es), 0 completion(s), 0 continuation(s) 
[372.811s][info][gc,marking  ] GC(220) Mark Stack Usage: 32M
[372.811s][info][gc,nmethod  ] GC(220) NMethods: 4810 registered, 3 unregistered
[372.811s][info][gc,metaspace] GC(220) Metaspace: 33M used, 33M committed, 1088M reserved
[372.811s][info][gc,ref      ] GC(220) Soft: 4016 encountered, 0 discovered, 0 enqueued
[372.811s][info][gc,ref      ] GC(220) Weak: 1732 encountered, 44 discovered, 0 enqueued
[372.811s][info][gc,ref      ] GC(220) Final: 7 encountered, 7 discovered, 0 enqueued
[372.811s][info][gc,ref      ] GC(220) Phantom: 714 encountered, 574 discovered, 0 enqueued
[372.811s][info][gc,reloc    ] GC(220) Small Pages: 2742 / 5484M, Empty: 5336M, Relocated: 0M, In-Place: 0
[372.811s][info][gc,reloc    ] GC(220) Medium Pages: 1 / 32M, Empty: 0M, Relocated: 0M, In-Place: 0
[372.811s][info][gc,reloc    ] GC(220) Large Pages: 0 / 0M, Empty: 0M, Relocated: 0M, In-Place: 0
[372.811s][info][gc,reloc    ] GC(220) Forwarding Usage: 0M
[372.811s][info][gc,heap     ] GC(220) Min Capacity: 8192M(100%)
[372.811s][info][gc,heap     ] GC(220) Max Capacity: 8192M(100%)
[372.811s][info][gc,heap     ] GC(220) Soft Max Capacity: 8192M(100%)
[372.811s][info][gc,heap     ] GC(220)                Mark Start          Mark End        Relocate Start      Relocate End           High               Low         
[372.811s][info][gc,heap     ] GC(220)  Capacity:     8192M (100%)       8192M (100%)       8192M (100%)       8192M (100%)       8192M (100%)       8192M (100%)   
[372.811s][info][gc,heap     ] GC(220)      Free:     2676M (33%)        2368M (29%)        7666M (94%)        7694M (94%)        7694M (94%)        2346M (29%)    
[372.811s][info][gc,heap     ] GC(220)      Used:     5516M (67%)        5824M (71%)         526M (6%)          498M (6%)         5846M (71%)         498M (6%)     
[372.811s][info][gc,heap     ] GC(220)      Live:         -               126M (2%)          126M (2%)          126M (2%)             -                  -          
[372.811s][info][gc,heap     ] GC(220) Allocated:         -               308M (4%)          346M (4%)          349M (4%)             -                  -          
[372.811s][info][gc,heap     ] GC(220)   Garbage:         -              5389M (66%)          53M (1%)           21M (0%)             -                  -          
[372.811s][info][gc,heap     ] GC(220) Reclaimed:         -                  -              5336M (65%)        5367M (66%)            -                  -          
[372.811s][info][gc          ] GC(220) Garbage Collection (Allocation Rate) 5516M(67%)->498M(6%)
[373.821s][info][gc,start    ] GC(221) Garbage Collection (Allocation Rate)
[373.821s][info][gc,task     ] GC(221) Using 1 workers
[373.821s][info][gc,phases   ] GC(221) Pause Mark Start 0.005ms
[373.934s][info][gc,phases   ] GC(221) Concurrent Mark 113.114ms
[373.934s][info][gc,phases   ] GC(221) Pause Mark End 0.012ms
[373.934s][info][gc,phases   ] GC(221) Concurrent Mark Free 0.001ms
[373.944s][info][gc,phases   ] GC(221) Concurrent Process Non-Strong References 9.495ms
[373.944s][info][gc,phases   ] GC(221) Concurrent Reset Relocation Set 0.002ms
[373.947s][info][gc,phases   ] GC(221) Concurrent Select Relocation Set 2.657ms
[373.947s][info][gc,phases   ] GC(221) Pause Relocate Start 0.007ms
[373.947s][info][gc,phases   ] GC(221) Concurrent Relocate 0.416ms
[373.947s][info][gc,load     ] GC(221) Load: 0.00/0.00/0.00
[373.947s][info][gc,mmu      ] GC(221) MMU: 2ms/80.5%, 5ms/92.2%, 10ms/96.1%, 20ms/96.3%, 50ms/97.1%, 100ms/97.5%
[373.947s][info][gc,marking  ] GC(221) Mark: 1 stripe(s), 2 proactive flush(es), 1 terminate flush(es), 0 completion(s), 0 continuation(s) 
[373.947s][info][gc,marking  ] GC(221) Mark Stack Usage: 32M
[373.947s][info][gc,nmethod  ] GC(221) NMethods: 4810 registered, 3 unregistered
[373.947s][info][gc,metaspace] GC(221) Metaspace: 33M used, 33M committed, 1088M reserved
[373.947s][info][gc,ref      ] GC(221) Soft: 4016 encountered, 0 discovered, 0 enqueued
[373.947s][info][gc,ref      ] GC(221) Weak: 1732 encountered, 1284 discovered, 0 enqueued
[373.947s][info][gc,ref      ] GC(221) Final: 7 encountered, 7 discovered, 0 enqueued
[373.947s][info][gc,ref      ] GC(221) Phantom: 714 encountered, 665 discovered, 0 enqueued
[373.947s][info][gc,reloc    ] GC(221) Small Pages: 3053 / 6106M, Empty: 5970M, Relocated: 0M, In-Place: 0
[373.947s][info][gc,reloc    ] GC(221) Medium Pages: 1 / 32M, Empty: 0M, Relocated: 0M, In-Place: 0
[373.947s][info][gc,reloc    ] GC(221) Large Pages: 0 / 0M, Empty: 0M, Relocated: 0M, In-Place: 0
[373.947s][info][gc,reloc    ] GC(221) Forwarding Usage: 0M
[373.947s][info][gc,heap     ] GC(221) Min Capacity: 8192M(100%)
[373.947s][info][gc,heap     ] GC(221) Max Capacity: 8192M(100%)
[373.947s][info][gc,heap     ] GC(221) Soft Max Capacity: 8192M(100%)
[373.947s][info][gc,heap     ] GC(221)                Mark Start          Mark End        Relocate Start      Relocate End           High               Low         
[373.947s][info][gc,heap     ] GC(221)  Capacity:     8192M (100%)       8192M (100%)       8192M (100%)       8192M (100%)       8192M (100%)       8192M (100%)   
[373.947s][info][gc,heap     ] GC(221)      Free:     2054M (25%)        1690M (21%)        7630M (93%)        7650M (93%)        7650M (93%)        1670M (20%)    
[373.947s][info][gc,heap     ] GC(221)      Used:     6138M (75%)        6502M (79%)         562M (7%)          542M (7%)         6522M (80%)         542M (7%)     
[373.947s][info][gc,heap     ] GC(221)      Live:         -               126M (2%)          126M (2%)          126M (2%)             -                  -          
[373.947s][info][gc,heap     ] GC(221) Allocated:         -               364M (4%)          394M (5%)          395M (5%)             -                  -          
[373.947s][info][gc,heap     ] GC(221)   Garbage:         -              6011M (73%)          41M (1%)           19M (0%)             -                  -          
[373.947s][info][gc,heap     ] GC(221) Reclaimed:         -                  -              5970M (73%)        5991M (73%)            -                  -          
[373.947s][info][gc          ] GC(221) Garbage Collection (Allocation Rate) 6138M(75%)->542M(7%)
[378.121s][info][gc,start    ] GC(222) Garbage Collection (High Usage)
[378.121s][info][gc,task     ] GC(222) Using 2 workers
[378.122s][info][gc,phases   ] GC(222) Pause Mark Start 0.010ms
[378.192s][info][gc,phases   ] GC(222) Concurrent Mark 70.068ms
[378.192s][info][gc,phases   ] GC(222) Pause Mark End 0.098ms
[378.193s][info][gc,phases   ] GC(222) Concurrent Mark Free 0.001ms
[378.198s][info][gc,phases   ] GC(222) Concurrent Process Non-Strong References 5.562ms
[378.198s][info][gc,phases   ] GC(222) Concurrent Reset Relocation Set 0.001ms
[378.204s][info][gc,phases   ] GC(222) Concurrent Select Relocation Set 6.130ms
[378.204s][info][gc,phases   ] GC(222) Pause Relocate Start 0.011ms
[378.226s][info][gc,phases   ] GC(222) Concurrent Relocate 21.840ms
[378.226s][info][gc,load     ] GC(222) Load: 0.00/0.00/0.00
[378.226s][info][gc,mmu      ] GC(222) MMU: 2ms/80.5%, 5ms/92.2%, 10ms/96.1%, 20ms/96.3%, 50ms/97.1%, 100ms/97.5%
[378.226s][info][gc,marking  ] GC(222) Mark: 2 stripe(s), 3 proactive flush(es), 1 terminate flush(es), 1 completion(s), 0 continuation(s) 
[378.226s][info][gc,marking  ] GC(222) Mark Stack Usage: 32M
[378.226s][info][gc,nmethod  ] GC(222) NMethods: 4813 registered, 3 unregistered
[378.226s][info][gc,metaspace] GC(222) Metaspace: 33M used, 33M committed, 1088M reserved
[378.226s][info][gc,ref      ] GC(222) Soft: 4016 encountered, 0 discovered, 0 enqueued
[378.226s][info][gc,ref      ] GC(222) Weak: 22044 encountered, 19483 discovered, 12449 enqueued
[378.227s][info][gc,ref      ] GC(222) Final: 7 encountered, 2 discovered, 0 enqueued
[378.227s][info][gc,ref      ] GC(222) Phantom: 718 encountered, 633 discovered, 0 enqueued
[378.227s][info][gc,reloc    ] GC(222) Small Pages: 2654 / 5308M, Empty: 4498M, Relocated: 34M, In-Place: 0
[378.227s][info][gc,reloc    ] GC(222) Medium Pages: 25 / 800M, Empty: 736M, Relocated: 16M, In-Place: 0
[378.227s][info][gc,reloc    ] GC(222) Large Pages: 236 / 1646M, Empty: 1640M, Relocated: 0M, In-Place: 0
[378.227s][info][gc,reloc    ] GC(222) Forwarding Usage: 10M
[378.227s][info][gc,heap     ] GC(222) Min Capacity: 8192M(100%)
[378.227s][info][gc,heap     ] GC(222) Max Capacity: 8192M(100%)
[378.227s][info][gc,heap     ] GC(222) Soft Max Capacity: 8192M(100%)
[378.227s][info][gc,heap     ] GC(222)                Mark Start          Mark End        Relocate Start      Relocate End           High               Low         
[378.227s][info][gc,heap     ] GC(222)  Capacity:     8192M (100%)       8192M (100%)       8192M (100%)       8192M (100%)       8192M (100%)       8192M (100%)   
[378.227s][info][gc,heap     ] GC(222)      Free:      438M (5%)          342M (4%)         7208M (88%)        7894M (96%)        7894M (96%)         338M (4%)     
[378.227s][info][gc,heap     ] GC(222)      Used:     7754M (95%)        7850M (96%)         984M (12%)         298M (4%)         7854M (96%)         298M (4%)     
[378.227s][info][gc,heap     ] GC(222)      Live:         -               156M (2%)          156M (2%)          156M (2%)             -                  -          
[378.227s][info][gc,heap     ] GC(222) Allocated:         -                96M (1%)          104M (1%)          120M (1%)             -                  -          
[378.227s][info][gc,heap     ] GC(222)   Garbage:         -              7597M (93%)         723M (9%)           20M (0%)             -                  -          
[378.227s][info][gc,heap     ] GC(222) Reclaimed:         -                  -              6874M (84%)        7576M (92%)            -                  -          
[378.227s][info][gc          ] GC(222) Garbage Collection (High Usage) 7754M(95%)->298M(4%)
[378.451s][info][gc,start    ] GC(223) Garbage Collection (System.gc())
[378.451s][info][gc,task     ] GC(223) Using 2 workers
[378.451s][info][gc,phases   ] GC(223) Pause Mark Start 0.008ms
[378.511s][info][gc,phases   ] GC(223) Concurrent Mark 59.711ms
[378.511s][info][gc,phases   ] GC(223) Pause Mark End 0.023ms
[378.511s][info][gc,phases   ] GC(223) Concurrent Mark Free 0.002ms
[378.518s][info][gc,phases   ] GC(223) Concurrent Process Non-Strong References 6.418ms
[378.518s][info][gc,phases   ] GC(223) Concurrent Reset Relocation Set 0.026ms
[378.520s][info][gc,phases   ] GC(223) Concurrent Select Relocation Set 2.041ms
[378.520s][info][gc,phases   ] GC(223) Pause Relocate Start 0.010ms
[378.527s][info][gc,phases   ] GC(223) Concurrent Relocate 6.195ms
[378.527s][info][gc,load     ] GC(223) Load: 0.00/0.00/0.00
[378.527s][info][gc,mmu      ] GC(223) MMU: 2ms/80.5%, 5ms/92.2%, 10ms/96.1%, 20ms/96.3%, 50ms/97.1%, 100ms/97.5%
[378.527s][info][gc,marking  ] GC(223) Mark: 2 stripe(s), 2 proactive flush(es), 1 terminate flush(es), 0 completion(s), 0 continuation(s) 
[378.527s][info][gc,marking  ] GC(223) Mark Stack Usage: 32M
[378.527s][info][gc,nmethod  ] GC(223) NMethods: 4814 registered, 3 unregistered
[378.527s][info][gc,metaspace] GC(223) Metaspace: 33M used, 33M committed, 1088M reserved
[378.527s][info][gc,ref      ] GC(223) Soft: 4016 encountered, 0 discovered, 0 enqueued
[378.527s][info][gc,ref      ] GC(223) Weak: 23986 encountered, 23346 discovered, 22272 enqueued
[378.527s][info][gc,ref      ] GC(223) Final: 7 encountered, 7 discovered, 0 enqueued
[378.527s][info][gc,ref      ] GC(223) Phantom: 714 encountered, 641 discovered, 0 enqueued
[378.527s][info][gc,reloc    ] GC(223) Small Pages: 168 / 336M, Empty: 0M, Relocated: 10M, In-Place: 0
[378.527s][info][gc,reloc    ] GC(223) Medium Pages: 4 / 128M, Empty: 64M, Relocated: 15M, In-Place: 0
[378.527s][info][gc,reloc    ] GC(223) Large Pages: 20 / 138M, Empty: 138M, Relocated: 0M, In-Place: 0
[378.527s][info][gc,reloc    ] GC(223) Forwarding Usage: 3M
[378.527s][info][gc,heap     ] GC(223) Min Capacity: 8192M(100%)
[378.527s][info][gc,heap     ] GC(223) Max Capacity: 8192M(100%)
[378.527s][info][gc,heap     ] GC(223) Soft Max Capacity: 8192M(100%)
[378.527s][info][gc,heap     ] GC(223)                Mark Start          Mark End        Relocate Start      Relocate End           High               Low         
[378.527s][info][gc,heap     ] GC(223)  Capacity:     8192M (100%)       8192M (100%)       8192M (100%)       8192M (100%)       8192M (100%)       8192M (100%)   
[378.527s][info][gc,heap     ] GC(223)      Free:     7590M (93%)        7590M (93%)        7792M (95%)        8046M (98%)        8046M (98%)        7590M (93%)    
[378.527s][info][gc,heap     ] GC(223)      Used:      602M (7%)          602M (7%)          400M (5%)          146M (2%)          602M (7%)          146M (2%)     
[378.527s][info][gc,heap     ] GC(223)      Live:         -               125M (2%)          125M (2%)          125M (2%)             -                  -          
[378.527s][info][gc,heap     ] GC(223) Allocated:         -                 0M (0%)            0M (0%)            0M (0%)             -                  -          
[378.527s][info][gc,heap     ] GC(223)   Garbage:         -               476M (6%)          274M (3%)           20M (0%)             -                  -          
[378.527s][info][gc,heap     ] GC(223) Reclaimed:         -                  -               202M (2%)          456M (6%)             -                  -          
[378.527s][info][gc          ] GC(223) Garbage Collection (System.gc()) 602M(7%)->146M(2%)
[379.233s][info][gc,start    ] GC(224) Garbage Collection (Allocation Rate)
[379.233s][info][gc,task     ] GC(224) Using 2 workers
[379.234s][info][gc,phases   ] GC(224) Pause Mark Start 0.005ms
[379.312s][info][gc,phases   ] GC(224) Concurrent Mark 78.207ms
[379.312s][info][gc,phases   ] GC(224) Pause Mark End 0.016ms
[379.312s][info][gc,phases   ] GC(224) Concurrent Mark Free 0.002ms
[379.318s][info][gc,phases   ] GC(224) Concurrent Process Non-Strong References 6.058ms
[379.318s][info][gc,phases   ] GC(224) Concurrent Reset Relocation Set 0.013ms
[379.322s][info][gc,phases   ] GC(224) Concurrent Select Relocation Set 3.788ms
[379.322s][info][gc,phases   ] GC(224) Pause Relocate Start 0.008ms
[379.323s][info][gc,phases   ] GC(224) Concurrent Relocate 0.686ms
[379.323s][info][gc,load     ] GC(224) Load: 0.00/0.00/0.00
[379.323s][info][gc,mmu      ] GC(224) MMU: 2ms/80.5%, 5ms/92.2%, 10ms/96.1%, 20ms/96.3%, 50ms/97.1%, 100ms/97.5%
[379.323s][info][gc,marking  ] GC(224) Mark: 2 stripe(s), 2 proactive flush(es), 1 terminate flush(es), 0 completion(s), 0 continuation(s) 
[379.323s][info][gc,marking  ] GC(224) Mark Stack Usage: 32M
[379.323s][info][gc,nmethod  ] GC(224) NMethods: 4814 registered, 3 unregistered
[379.323s][info][gc,metaspace] GC(224) Metaspace: 33M used, 33M committed, 1088M reserved
[379.323s][info][gc,ref      ] GC(224) Soft: 4016 encountered, 0 discovered, 0 enqueued
[379.323s][info][gc,ref      ] GC(224) Weak: 1720 encountered, 964 discovered, 0 enqueued
[379.323s][info][gc,ref      ] GC(224) Final: 7 encountered, 6 discovered, 0 enqueued
[379.323s][info][gc,ref      ] GC(224) Phantom: 714 encountered, 625 discovered, 0 enqueued
[379.323s][info][gc,reloc    ] GC(224) Small Pages: 2603 / 5206M, Empty: 5086M, Relocated: 1M, In-Place: 0
[379.323s][info][gc,reloc    ] GC(224) Medium Pages: 1 / 32M, Empty: 0M, Relocated: 0M, In-Place: 0
[379.323s][info][gc,reloc    ] GC(224) Large Pages: 0 / 0M, Empty: 0M, Relocated: 0M, In-Place: 0
[379.323s][info][gc,reloc    ] GC(224) Forwarding Usage: 0M
[379.323s][info][gc,heap     ] GC(224) Min Capacity: 8192M(100%)
[379.323s][info][gc,heap     ] GC(224) Max Capacity: 8192M(100%)
[379.323s][info][gc,heap     ] GC(224) Soft Max Capacity: 8192M(100%)
[379.323s][info][gc,heap     ] GC(224)                Mark Start          Mark End        Relocate Start      Relocate End           High               Low         
[379.323s][info][gc,heap     ] GC(224)  Capacity:     8192M (100%)       8192M (100%)       8192M (100%)       8192M (100%)       8192M (100%)       8192M (100%)   
[379.323s][info][gc,heap     ] GC(224)      Free:     2954M (36%)        2568M (31%)        7600M (93%)        7602M (93%)        7602M (93%)        2534M (31%)    
[379.323s][info][gc,heap     ] GC(224)      Used:     5238M (64%)        5624M (69%)         592M (7%)          590M (7%)         5658M (69%)         590M (7%)     
[379.323s][info][gc,heap     ] GC(224)      Live:         -               125M (2%)          125M (2%)          125M (2%)             -                  -          
[379.323s][info][gc,heap     ] GC(224) Allocated:         -               386M (5%)          440M (5%)          441M (5%)             -                  -          
[379.323s][info][gc,heap     ] GC(224)   Garbage:         -              5112M (62%)          26M (0%)           22M (0%)             -                  -          
[379.323s][info][gc,heap     ] GC(224) Reclaimed:         -                  -              5086M (62%)        5089M (62%)            -                  -          
[379.323s][info][gc          ] GC(224) Garbage Collection (Allocation Rate) 5238M(64%)->590M(7%)
[380.332s][info][gc,stats    ] === Garbage Collection Statistics =======================================================================================================================
[380.332s][info][gc,start    ] GC(225) Garbage Collection (Allocation Rate)
[380.332s][info][gc,stats    ]                                                              Last 10s              Last 10m              Last 10h                Total
[380.332s][info][gc,task     ] GC(225) Using 1 workers
[380.332s][info][gc,stats    ]                                                              Avg / Max             Avg / Max             Avg / Max             Avg / Max
[380.332s][info][gc,stats    ]   Collector: Garbage Collection Cycle                    108.922 / 195.954     124.448 / 379.439     124.448 / 379.439     124.448 / 379.439     ms
[380.332s][info][gc,stats    ]  Contention: Mark Segment Reset Contention                     0 / 4                 0 / 115               0 / 115               0 / 115         ops/s
[380.332s][info][gc,stats    ]  Contention: Mark SeqNum Reset Contention                      0 / 0                 0 / 2                 0 / 2                 0 / 2           ops/s
[380.333s][info][gc,stats    ]    Critical: Allocation Stall                                  0 / 0                 0 / 0                 0 / 0                 0 / 0           ops/s
[380.333s][info][gc,stats    ]    Critical: Allocation Stall                              0.000 / 0.000         0.000 / 0.000         0.000 / 0.000         0.000 / 0.000       ms
[380.333s][info][gc,stats    ]    Critical: GC Locker Stall                                   0 / 0                 0 / 0                 0 / 0                 0 / 0           ops/s
[380.333s][info][gc,stats    ]    Critical: GC Locker Stall                               0.000 / 0.000         0.000 / 0.000         0.000 / 0.000         0.000 / 0.000       ms
[380.333s][info][gc,stats    ]    Critical: Relocation Stall                                  0 / 0                 0 / 0                 0 / 0                 0 / 0           ops/s
[380.333s][info][gc,stats    ]    Critical: Relocation Stall                              0.000 / 0.000         0.000 / 0.000         0.000 / 0.000         0.000 / 0.000       ms
[380.333s][info][gc,phases   ] GC(225) Pause Mark Start 0.007ms
[380.333s][info][gc,stats    ]      Memory: Allocation Rate                                3248 / 6040           2791 / 6636           2791 / 6636           2791 / 6636        MB/s
[380.333s][info][gc,stats    ]      Memory: Out Of Memory                                     0 / 0                 0 / 0                 0 / 0                 0 / 0           ops/s
[380.333s][info][gc,stats    ]      Memory: Page Cache Flush                                105 / 486              86 / 664              86 / 664              86 / 664         MB/s
[380.333s][info][gc,stats    ]      Memory: Page Cache Hit L1                              1426 / 3022           1193 / 3321           1193 / 3321           1193 / 3321        ops/s
[380.333s][info][gc,stats    ]      Memory: Page Cache Hit L2                                 0 / 0                 0 / 0                 0 / 0                 0 / 0           ops/s
[380.333s][info][gc,stats    ]      Memory: Page Cache Hit L3                                44 / 239              41 / 635              41 / 635              41 / 635         ops/s
[380.333s][info][gc,stats    ]      Memory: Page Cache Miss                                  11 / 52                9 / 70                9 / 70                9 / 70          ops/s
[380.333s][info][gc,stats    ]      Memory: Uncommit                                          0 / 0                 0 / 0                 0 / 0                 0 / 0           MB/s
[380.333s][info][gc,stats    ]      Memory: Undo Object Allocation Failed                     0 / 0                 0 / 2                 0 / 2                 0 / 2           ops/s
[380.333s][info][gc,stats    ]      Memory: Undo Object Allocation Succeeded                  0 / 6                 0 / 94                0 / 94                0 / 94          ops/s
[380.333s][info][gc,stats    ]      Memory: Undo Page Allocation                              0 / 5                 0 / 8                 0 / 8                 0 / 8           ops/s
[380.333s][info][gc,stats    ]       Phase: Concurrent Mark                              86.222 / 139.609      98.673 / 190.432      98.673 / 190.432      98.673 / 190.432     ms
[380.333s][info][gc,stats    ]       Phase: Concurrent Mark Continue                      0.000 / 0.000        15.374 / 35.578       15.374 / 35.578       15.374 / 35.578      ms
[380.333s][info][gc,stats    ]       Phase: Concurrent Mark Free                          0.001 / 0.003         0.001 / 0.004         0.001 / 0.004         0.001 / 0.004       ms
[380.333s][info][gc,stats    ]       Phase: Concurrent Process Non-Strong References      7.069 / 10.392        8.207 / 31.000        8.207 / 31.000        8.207 / 31.000      ms
[380.333s][info][gc,stats    ]       Phase: Concurrent Relocate                          10.748 / 38.340        9.330 / 76.380        9.330 / 76.380        9.330 / 76.380      ms
[380.333s][info][gc,stats    ]       Phase: Concurrent Reset Relocation Set               0.012 / 0.026         0.010 / 0.049         0.010 / 0.049         0.010 / 0.049       ms
[380.333s][info][gc,stats    ]       Phase: Concurrent Select Relocation Set              3.825 / 6.488         3.581 / 13.402        3.581 / 13.402        3.581 / 13.402      ms
[380.333s][info][gc,stats    ]       Phase: Pause Mark End                                0.040 / 0.098         0.053 / 0.390         0.053 / 0.390         0.053 / 0.390       ms
[380.333s][info][gc,stats    ]       Phase: Pause Mark Start                              0.008 / 0.013         0.008 / 0.022         0.008 / 0.022         0.008 / 0.022       ms
[380.333s][info][gc,stats    ]       Phase: Pause Relocate Start                          0.009 / 0.012         0.010 / 0.037         0.010 / 0.037         0.010 / 0.037       ms
[380.333s][info][gc,stats    ]    Subphase: Concurrent Classes Purge                      0.235 / 0.325         0.249 / 0.574         0.249 / 0.574         0.249 / 0.574       ms
[380.333s][info][gc,stats    ]    Subphase: Concurrent Classes Unlink                     5.212 / 7.926         5.793 / 23.760        5.793 / 23.760        5.793 / 23.760      ms
[380.333s][info][gc,stats    ]    Subphase: Concurrent Mark                              75.986 / 138.568      76.912 / 189.582      76.912 / 189.582      76.912 / 189.582     ms
[380.333s][info][gc,stats    ]    Subphase: Concurrent Mark Try Flush                     0.078 / 0.351         0.500 / 30.486        0.500 / 30.486        0.500 / 30.486      ms
[380.333s][info][gc,stats    ]    Subphase: Concurrent Mark Try Terminate                 2.092 / 12.604        3.030 / 24.568        3.030 / 24.568        3.030 / 24.568      ms
[380.333s][info][gc,stats    ]    Subphase: Concurrent References Enqueue                 0.004 / 0.007         0.003 / 0.008         0.003 / 0.008         0.003 / 0.008       ms
[380.333s][info][gc,stats    ]    Subphase: Concurrent References Process                 1.110 / 2.008         0.996 / 3.217         0.996 / 3.217         0.996 / 3.217       ms
[380.333s][info][gc,stats    ]    Subphase: Concurrent Roots ClassLoaderDataGraph         0.096 / 0.204         0.108 / 0.537         0.108 / 0.537         0.108 / 0.537       ms
[380.333s][info][gc,stats    ]    Subphase: Concurrent Roots CodeCache                    0.000 / 0.000         0.000 / 0.000         0.000 / 0.000         0.000 / 0.000       ms
[380.333s][info][gc,stats    ]    Subphase: Concurrent Roots JavaThreads                  0.338 / 0.625         0.358 / 1.258         0.358 / 1.258         0.358 / 1.258       ms
[380.333s][info][gc,stats    ]    Subphase: Concurrent Roots OopStorageSet                0.026 / 0.042         0.030 / 0.124         0.030 / 0.124         0.030 / 0.124       ms
[380.333s][info][gc,stats    ]    Subphase: Concurrent Weak Roots OopStorageSet           0.254 / 0.390         0.303 / 1.123         0.303 / 1.123         0.303 / 1.123       ms
[380.333s][info][gc,stats    ]    Subphase: Pause Mark Try Complete                       0.034 / 0.044         0.150 / 0.301         0.150 / 0.301         0.150 / 0.301       ms
[380.333s][info][gc,stats    ]      System: Java Threads                                     18 / 21               19 / 22               19 / 22               19 / 22          threads
[380.333s][info][gc,stats    ] =========================================================================================================================================================
[380.473s][info][gc,phases   ] GC(225) Concurrent Mark 140.716ms
[380.474s][info][gc,phases   ] GC(225) Pause Mark End 0.015ms
[380.474s][info][gc,phases   ] GC(225) Concurrent Mark Free 0.001ms
[380.484s][info][gc,phases   ] GC(225) Concurrent Process Non-Strong References 10.833ms
[380.484s][info][gc,phases   ] GC(225) Concurrent Reset Relocation Set 0.001ms
[380.488s][info][gc,phases   ] GC(225) Concurrent Select Relocation Set 3.455ms
[380.488s][info][gc,phases   ] GC(225) Pause Relocate Start 0.010ms
[380.489s][info][gc,phases   ] GC(225) Concurrent Relocate 0.673ms
[380.489s][info][gc,load     ] GC(225) Load: 0.00/0.00/0.00
[380.489s][info][gc,mmu      ] GC(225) MMU: 2ms/80.5%, 5ms/92.2%, 10ms/96.1%, 20ms/96.3%, 50ms/97.1%, 100ms/97.5%
[380.489s][info][gc,marking  ] GC(225) Mark: 1 stripe(s), 2 proactive flush(es), 1 terminate flush(es), 0 completion(s), 0 continuation(s) 
[380.489s][info][gc,marking  ] GC(225) Mark Stack Usage: 32M
[380.489s][info][gc,nmethod  ] GC(225) NMethods: 4814 registered, 3 unregistered
[380.489s][info][gc,metaspace] GC(225) Metaspace: 33M used, 33M committed, 1088M reserved
[380.489s][info][gc,ref      ] GC(225) Soft: 4016 encountered, 0 discovered, 0 enqueued
[380.489s][info][gc,ref      ] GC(225) Weak: 1732 encountered, 1284 discovered, 0 enqueued
[380.489s][info][gc,ref      ] GC(225) Final: 7 encountered, 7 discovered, 0 enqueued
[380.489s][info][gc,ref      ] GC(225) Phantom: 714 encountered, 665 discovered, 0 enqueued
[380.489s][info][gc,reloc    ] GC(225) Small Pages: 3083 / 6166M, Empty: 6020M, Relocated: 1M, In-Place: 0
[380.489s][info][gc,reloc    ] GC(225) Medium Pages: 1 / 32M, Empty: 0M, Relocated: 0M, In-Place: 0
[380.489s][info][gc,reloc    ] GC(225) Large Pages: 0 / 0M, Empty: 0M, Relocated: 0M, In-Place: 0
[380.489s][info][gc,reloc    ] GC(225) Forwarding Usage: 0M
[380.489s][info][gc,heap     ] GC(225) Min Capacity: 8192M(100%)
[380.489s][info][gc,heap     ] GC(225) Max Capacity: 8192M(100%)
[380.489s][info][gc,heap     ] GC(225) Soft Max Capacity: 8192M(100%)
[380.489s][info][gc,heap     ] GC(225)                Mark Start          Mark End        Relocate Start      Relocate End           High               Low         
[380.489s][info][gc,heap     ] GC(225)  Capacity:     8192M (100%)       8192M (100%)       8192M (100%)       8192M (100%)       8192M (100%)       8192M (100%)   
[380.489s][info][gc,heap     ] GC(225)      Free:     1994M (24%)        1556M (19%)        7518M (92%)        7550M (92%)        7550M (92%)        1516M (19%)    
[380.489s][info][gc,heap     ] GC(225)      Used:     6198M (76%)        6636M (81%)         674M (8%)          642M (8%)         6676M (81%)         642M (8%)     
[380.489s][info][gc,heap     ] GC(225)      Live:         -               125M (2%)          125M (2%)          125M (2%)             -                  -          
[380.489s][info][gc,heap     ] GC(225) Allocated:         -               438M (5%)          496M (6%)          495M (6%)             -                  -          
[380.489s][info][gc,heap     ] GC(225)   Garbage:         -              6072M (74%)          52M (1%)           20M (0%)             -                  -          
[380.489s][info][gc,heap     ] GC(225) Reclaimed:         -                  -              6020M (73%)        6051M (74%)            -                  -          
[380.489s][info][gc          ] GC(225) Garbage Collection (Allocation Rate) 6198M(76%)->642M(8%)
[384.630s][info][gc,start    ] GC(226) Garbage Collection (Allocation Rate)
[384.630s][info][gc,task     ] GC(226) Using 1 workers
[384.631s][info][gc,phases   ] GC(226) Pause Mark Start 0.012ms
[384.769s][info][gc,phases   ] GC(226) Concurrent Mark 138.553ms
[384.770s][info][gc,phases   ] GC(226) Pause Mark End 0.011ms
[384.770s][info][gc,phases   ] GC(226) Concurrent Mark Free 0.001ms
[384.780s][info][gc,phases   ] GC(226) Concurrent Process Non-Strong References 10.091ms
[384.780s][info][gc,phases   ] GC(226) Concurrent Reset Relocation Set 0.002ms
[384.785s][info][gc,phases   ] GC(226) Concurrent Select Relocation Set 5.671ms
[384.786s][info][gc,phases   ] GC(226) Pause Relocate Start 0.012ms
[384.831s][info][gc,phases   ] GC(226) Concurrent Relocate 45.585ms
[384.831s][info][gc,load     ] GC(226) Load: 0.00/0.00/0.00
[384.831s][info][gc,mmu      ] GC(226) MMU: 2ms/80.5%, 5ms/92.2%, 10ms/96.1%, 20ms/96.3%, 50ms/97.1%, 100ms/97.5%
[384.831s][info][gc,marking  ] GC(226) Mark: 1 stripe(s), 3 proactive flush(es), 1 terminate flush(es), 0 completion(s), 0 continuation(s) 
[384.831s][info][gc,marking  ] GC(226) Mark Stack Usage: 32M
[384.831s][info][gc,nmethod  ] GC(226) NMethods: 4815 registered, 3 unregistered
[384.831s][info][gc,metaspace] GC(226) Metaspace: 33M used, 33M committed, 1088M reserved
[384.831s][info][gc,ref      ] GC(226) Soft: 4016 encountered, 0 discovered, 0 enqueued
[384.831s][info][gc,ref      ] GC(226) Weak: 20675 encountered, 19247 discovered, 1405 enqueued
[384.831s][info][gc,ref      ] GC(226) Final: 7 encountered, 7 discovered, 0 enqueued
[384.831s][info][gc,ref      ] GC(226) Phantom: 718 encountered, 669 discovered, 0 enqueued
[384.831s][info][gc,reloc    ] GC(226) Small Pages: 2752 / 5504M, Empty: 4694M, Relocated: 40M, In-Place: 0
[384.831s][info][gc,reloc    ] GC(226) Medium Pages: 25 / 800M, Empty: 736M, Relocated: 16M, In-Place: 0
[384.831s][info][gc,reloc    ] GC(226) Large Pages: 223 / 1550M, Empty: 1542M, Relocated: 0M, In-Place: 0
[384.831s][info][gc,reloc    ] GC(226) Forwarding Usage: 12M
[384.831s][info][gc,heap     ] GC(226) Min Capacity: 8192M(100%)
[384.831s][info][gc,heap     ] GC(226) Max Capacity: 8192M(100%)
[384.831s][info][gc,heap     ] GC(226) Soft Max Capacity: 8192M(100%)
[384.831s][info][gc,heap     ] GC(226)                Mark Start          Mark End        Relocate Start      Relocate End           High               Low         
[384.831s][info][gc,heap     ] GC(226)  Capacity:     8192M (100%)       8192M (100%)       8192M (100%)       8192M (100%)       8192M (100%)       8192M (100%)   
[384.831s][info][gc,heap     ] GC(226)      Free:      338M (4%)          194M (2%)         7152M (87%)        7778M (95%)        7812M (95%)         184M (2%)     
[384.831s][info][gc,heap     ] GC(226)      Used:     7854M (96%)        7998M (98%)        1040M (13%)         414M (5%)         8008M (98%)         380M (5%)     
[384.831s][info][gc,heap     ] GC(226)      Live:         -               165M (2%)          165M (2%)          165M (2%)             -                  -          
[384.831s][info][gc,heap     ] GC(226) Allocated:         -               144M (2%)          158M (2%)          228M (3%)             -                  -          
[384.831s][info][gc,heap     ] GC(226)   Garbage:         -              7688M (94%)         716M (9%)           19M (0%)             -                  -          
[384.831s][info][gc,heap     ] GC(226) Reclaimed:         -                  -              6972M (85%)        7668M (94%)            -                  -          
[384.831s][info][gc          ] GC(226) Garbage Collection (Allocation Rate) 7854M(96%)->414M(5%)
[384.865s][info][gc,start    ] GC(227) Garbage Collection (System.gc())
[384.865s][info][gc,task     ] GC(227) Using 2 workers
[384.865s][info][gc,phases   ] GC(227) Pause Mark Start 0.005ms
[384.945s][info][gc,phases   ] GC(227) Concurrent Mark 79.779ms
[384.945s][info][gc,phases   ] GC(227) Pause Mark End 0.019ms
[384.945s][info][gc,phases   ] GC(227) Concurrent Mark Free 0.001ms
[384.951s][info][gc,phases   ] GC(227) Concurrent Process Non-Strong References 5.679ms
[384.951s][info][gc,phases   ] GC(227) Concurrent Reset Relocation Set 0.018ms
[384.953s][info][gc,phases   ] GC(227) Concurrent Select Relocation Set 2.217ms
[384.953s][info][gc,phases   ] GC(227) Pause Relocate Start 0.009ms
[384.962s][info][gc,phases   ] GC(227) Concurrent Relocate 8.385ms
[384.962s][info][gc,load     ] GC(227) Load: 0.00/0.00/0.00
[384.962s][info][gc,mmu      ] GC(227) MMU: 2ms/80.5%, 5ms/92.2%, 10ms/96.1%, 20ms/96.3%, 50ms/97.1%, 100ms/97.5%
[384.962s][info][gc,marking  ] GC(227) Mark: 2 stripe(s), 1 proactive flush(es), 1 terminate flush(es), 0 completion(s), 0 continuation(s) 
[384.962s][info][gc,marking  ] GC(227) Mark Stack Usage: 32M
[384.962s][info][gc,nmethod  ] GC(227) NMethods: 4815 registered, 3 unregistered
[384.962s][info][gc,metaspace] GC(227) Metaspace: 33M used, 33M committed, 1088M reserved
[384.962s][info][gc,ref      ] GC(227) Soft: 4016 encountered, 0 discovered, 0 enqueued
[384.962s][info][gc,ref      ] GC(227) Weak: 21774 encountered, 20118 discovered, 20059 enqueued
[384.962s][info][gc,ref      ] GC(227) Final: 7 encountered, 7 discovered, 0 enqueued
[384.962s][info][gc,ref      ] GC(227) Phantom: 714 encountered, 652 discovered, 0 enqueued
[384.962s][info][gc,reloc    ] GC(227) Small Pages: 132 / 264M, Empty: 0M, Relocated: 10M, In-Place: 0
[384.962s][info][gc,reloc    ] GC(227) Medium Pages: 3 / 96M, Empty: 32M, Relocated: 14M, In-Place: 0
[384.962s][info][gc,reloc    ] GC(227) Large Pages: 12 / 82M, Empty: 82M, Relocated: 0M, In-Place: 0
[384.962s][info][gc,reloc    ] GC(227) Forwarding Usage: 2M
[384.962s][info][gc,heap     ] GC(227) Min Capacity: 8192M(100%)
[384.962s][info][gc,heap     ] GC(227) Max Capacity: 8192M(100%)
[384.962s][info][gc,heap     ] GC(227) Soft Max Capacity: 8192M(100%)
[384.962s][info][gc,heap     ] GC(227)                Mark Start          Mark End        Relocate Start      Relocate End           High               Low         
[384.962s][info][gc,heap     ] GC(227)  Capacity:     8192M (100%)       8192M (100%)       8192M (100%)       8192M (100%)       8192M (100%)       8192M (100%)   
[384.962s][info][gc,heap     ] GC(227)      Free:     7750M (95%)        7750M (95%)        7864M (96%)        8046M (98%)        8046M (98%)        7750M (95%)    
[384.962s][info][gc,heap     ] GC(227)      Used:      442M (5%)          442M (5%)          328M (4%)          146M (2%)          442M (5%)          146M (2%)     
[384.962s][info][gc,heap     ] GC(227)      Live:         -               124M (2%)          124M (2%)          124M (2%)             -                  -          
[384.962s][info][gc,heap     ] GC(227) Allocated:         -                 0M (0%)            0M (0%)            0M (0%)             -                  -          
[384.962s][info][gc,heap     ] GC(227)   Garbage:         -               317M (4%)          203M (2%)           21M (0%)             -                  -          
[384.962s][info][gc,heap     ] GC(227) Reclaimed:         -                  -               114M (1%)          296M (4%)             -                  -          
[384.962s][info][gc          ] GC(227) Garbage Collection (System.gc()) 442M(5%)->146M(2%)
[385.636s][info][gc,start    ] GC(228) Garbage Collection (Allocation Rate)
[385.636s][info][gc,task     ] GC(228) Using 2 workers
[385.636s][info][gc,phases   ] GC(228) Pause Mark Start 0.009ms
[385.699s][info][gc,phases   ] GC(228) Concurrent Mark 59.900ms
[385.699s][info][gc,phases   ] GC(228) Pause Mark End 0.014ms
[385.699s][info][gc,phases   ] GC(228) Concurrent Mark Free 0.001ms
[385.704s][info][gc,phases   ] GC(228) Concurrent Process Non-Strong References 4.840ms
[385.704s][info][gc,phases   ] GC(228) Concurrent Reset Relocation Set 0.007ms
[385.707s][info][gc,phases   ] GC(228) Concurrent Select Relocation Set 3.319ms
[385.707s][info][gc,phases   ] GC(228) Pause Relocate Start 0.008ms
[385.708s][info][gc,phases   ] GC(228) Concurrent Relocate 0.514ms
[385.708s][info][gc,load     ] GC(228) Load: 0.00/0.00/0.00
[385.708s][info][gc,mmu      ] GC(228) MMU: 2ms/80.5%, 5ms/92.2%, 10ms/96.1%, 20ms/96.3%, 50ms/97.1%, 100ms/97.5%
[385.708s][info][gc,marking  ] GC(228) Mark: 2 stripe(s), 2 proactive flush(es), 1 terminate flush(es), 0 completion(s), 0 continuation(s) 
[385.708s][info][gc,marking  ] GC(228) Mark Stack Usage: 32M
[385.708s][info][gc,nmethod  ] GC(228) NMethods: 4817 registered, 3 unregistered
[385.708s][info][gc,metaspace] GC(228) Metaspace: 33M used, 33M committed, 1088M reserved
[385.708s][info][gc,ref      ] GC(228) Soft: 4016 encountered, 0 discovered, 0 enqueued
[385.708s][info][gc,ref      ] GC(228) Weak: 1733 encountered, 59 discovered, 0 enqueued
[385.708s][info][gc,ref      ] GC(228) Final: 7 encountered, 5 discovered, 0 enqueued
[385.708s][info][gc,ref      ] GC(228) Phantom: 714 encountered, 644 discovered, 0 enqueued
[385.708s][info][gc,reloc    ] GC(228) Small Pages: 2515 / 5030M, Empty: 4892M, Relocated: 0M, In-Place: 0
[385.708s][info][gc,reloc    ] GC(228) Medium Pages: 1 / 32M, Empty: 0M, Relocated: 0M, In-Place: 0
[385.708s][info][gc,reloc    ] GC(228) Large Pages: 0 / 0M, Empty: 0M, Relocated: 0M, In-Place: 0
[385.708s][info][gc,reloc    ] GC(228) Forwarding Usage: 0M
[385.708s][info][gc,heap     ] GC(228) Min Capacity: 8192M(100%)
[385.708s][info][gc,heap     ] GC(228) Max Capacity: 8192M(100%)
[385.708s][info][gc,heap     ] GC(228) Soft Max Capacity: 8192M(100%)
[385.708s][info][gc,heap     ] GC(228)                Mark Start          Mark End        Relocate Start      Relocate End           High               Low         
[385.708s][info][gc,heap     ] GC(228)  Capacity:     8192M (100%)       8192M (100%)       8192M (100%)       8192M (100%)       8192M (100%)       8192M (100%)   
[385.708s][info][gc,heap     ] GC(228)      Free:     3130M (38%)        2956M (36%)        7814M (95%)        7836M (96%)        7836M (96%)        2942M (36%)    
[385.708s][info][gc,heap     ] GC(228)      Used:     5062M (62%)        5236M (64%)         378M (5%)          356M (4%)         5250M (64%)         356M (4%)     
[385.708s][info][gc,heap     ] GC(228)      Live:         -               124M (2%)          124M (2%)          124M (2%)             -                  -          
[385.708s][info][gc,heap     ] GC(228) Allocated:         -               174M (2%)          208M (3%)          208M (3%)             -                  -          
[385.708s][info][gc,heap     ] GC(228)   Garbage:         -              4937M (60%)          45M (1%)           23M (0%)             -                  -          
[385.708s][info][gc,heap     ] GC(228) Reclaimed:         -                  -              4892M (60%)        4914M (60%)            -                  -          
[385.708s][info][gc          ] GC(228) Garbage Collection (Allocation Rate) 5062M(62%)->356M(4%)
[386.625s][info][gc,start    ] GC(229) Garbage Collection (Allocation Rate)
[386.625s][info][gc,task     ] GC(229) Using 1 workers
[386.625s][info][gc,phases   ] GC(229) Pause Mark Start 0.007ms
[386.752s][info][gc,phases   ] GC(229) Concurrent Mark 127.117ms
[386.752s][info][gc,phases   ] GC(229) Pause Mark End 0.011ms
[386.752s][info][gc,phases   ] GC(229) Concurrent Mark Free 0.000ms
[386.763s][info][gc,phases   ] GC(229) Concurrent Process Non-Strong References 10.512ms
[386.763s][info][gc,phases   ] GC(229) Concurrent Reset Relocation Set 0.003ms
[386.766s][info][gc,phases   ] GC(229) Concurrent Select Relocation Set 2.975ms
[386.766s][info][gc,phases   ] GC(229) Pause Relocate Start 0.010ms
[386.767s][info][gc,phases   ] GC(229) Concurrent Relocate 0.651ms
[386.767s][info][gc,load     ] GC(229) Load: 0.00/0.00/0.00
[386.767s][info][gc,mmu      ] GC(229) MMU: 2ms/80.5%, 5ms/92.2%, 10ms/96.1%, 20ms/96.3%, 50ms/97.1%, 100ms/97.5%
[386.767s][info][gc,marking  ] GC(229) Mark: 1 stripe(s), 2 proactive flush(es), 1 terminate flush(es), 0 completion(s), 0 continuation(s) 
[386.767s][info][gc,marking  ] GC(229) Mark Stack Usage: 32M
[386.767s][info][gc,nmethod  ] GC(229) NMethods: 4817 registered, 3 unregistered
[386.767s][info][gc,metaspace] GC(229) Metaspace: 33M used, 33M committed, 1088M reserved
[386.767s][info][gc,ref      ] GC(229) Soft: 4016 encountered, 0 discovered, 0 enqueued
[386.767s][info][gc,ref      ] GC(229) Weak: 1733 encountered, 1284 discovered, 0 enqueued
[386.767s][info][gc,ref      ] GC(229) Final: 7 encountered, 7 discovered, 0 enqueued
[386.767s][info][gc,ref      ] GC(229) Phantom: 714 encountered, 665 discovered, 0 enqueued
[386.767s][info][gc,reloc    ] GC(229) Small Pages: 2762 / 5524M, Empty: 5378M, Relocated: 0M, In-Place: 0
[386.767s][info][gc,reloc    ] GC(229) Medium Pages: 1 / 32M, Empty: 0M, Relocated: 0M, In-Place: 0
[386.767s][info][gc,reloc    ] GC(229) Large Pages: 0 / 0M, Empty: 0M, Relocated: 0M, In-Place: 0
[386.767s][info][gc,reloc    ] GC(229) Forwarding Usage: 0M
[386.767s][info][gc,heap     ] GC(229) Min Capacity: 8192M(100%)
[386.767s][info][gc,heap     ] GC(229) Max Capacity: 8192M(100%)
[386.767s][info][gc,heap     ] GC(229) Soft Max Capacity: 8192M(100%)
[386.767s][info][gc,heap     ] GC(229)                Mark Start          Mark End        Relocate Start      Relocate End           High               Low         
[386.767s][info][gc,heap     ] GC(229)  Capacity:     8192M (100%)       8192M (100%)       8192M (100%)       8192M (100%)       8192M (100%)       8192M (100%)   
[386.767s][info][gc,heap     ] GC(229)      Free:     2636M (32%)        2110M (26%)        7436M (91%)        7464M (91%)        7464M (91%)        2070M (25%)    
[386.767s][info][gc,heap     ] GC(229)      Used:     5556M (68%)        6082M (74%)         756M (9%)          728M (9%)         6122M (75%)         728M (9%)     
[386.767s][info][gc,heap     ] GC(229)      Live:         -               124M (2%)          124M (2%)          124M (2%)             -                  -          
[386.767s][info][gc,heap     ] GC(229) Allocated:         -               526M (6%)          578M (7%)          581M (7%)             -                  -          
[386.767s][info][gc,heap     ] GC(229)   Garbage:         -              5431M (66%)          53M (1%)           21M (0%)             -                  -          
[386.767s][info][gc,heap     ] GC(229) Reclaimed:         -                  -              5378M (66%)        5409M (66%)            -                  -          
[386.767s][info][gc          ] GC(229) Garbage Collection (Allocation Rate) 5556M(68%)->728M(9%)
[388.222s][info][gc,start    ] GC(230) Garbage Collection (Allocation Rate)
[388.222s][info][gc,task     ] GC(230) Using 1 workers
[388.222s][info][gc,phases   ] GC(230) Pause Mark Start 0.011ms
[388.358s][info][gc,phases   ] GC(230) Concurrent Mark 135.969ms
[388.358s][info][gc,phases   ] GC(230) Pause Mark End 0.086ms
[388.358s][info][gc,phases   ] GC(230) Concurrent Mark Free 0.000ms
[388.370s][info][gc,phases   ] GC(230) Concurrent Process Non-Strong References 11.274ms
[388.370s][info][gc,phases   ] GC(230) Concurrent Reset Relocation Set 0.003ms
[388.375s][info][gc,phases   ] GC(230) Concurrent Select Relocation Set 5.681ms
[388.375s][info][gc,phases   ] GC(230) Pause Relocate Start 0.014ms
[388.411s][info][gc,phases   ] GC(230) Concurrent Relocate 35.605ms
[388.411s][info][gc,load     ] GC(230) Load: 0.00/0.00/0.00
[388.411s][info][gc,mmu      ] GC(230) MMU: 2ms/80.5%, 5ms/92.2%, 10ms/96.1%, 20ms/96.3%, 50ms/97.1%, 100ms/97.5%
[388.411s][info][gc,marking  ] GC(230) Mark: 1 stripe(s), 7 proactive flush(es), 1 terminate flush(es), 1 completion(s), 0 continuation(s) 
[388.411s][info][gc,marking  ] GC(230) Mark Stack Usage: 32M
[388.411s][info][gc,nmethod  ] GC(230) NMethods: 4819 registered, 3 unregistered
[388.411s][info][gc,metaspace] GC(230) Metaspace: 33M used, 33M committed, 1088M reserved
[388.411s][info][gc,ref      ] GC(230) Soft: 4016 encountered, 0 discovered, 0 enqueued
[388.411s][info][gc,ref      ] GC(230) Weak: 21640 encountered, 17517 discovered, 2076 enqueued
[388.411s][info][gc,ref      ] GC(230) Final: 7 encountered, 7 discovered, 0 enqueued
[388.411s][info][gc,ref      ] GC(230) Phantom: 720 encountered, 671 discovered, 0 enqueued
[388.411s][info][gc,reloc    ] GC(230) Small Pages: 2478 / 4956M, Empty: 4508M, Relocated: 40M, In-Place: 0
[388.411s][info][gc,reloc    ] GC(230) Medium Pages: 6 / 192M, Empty: 160M, Relocated: 0M, In-Place: 0
[388.411s][info][gc,reloc    ] GC(230) Large Pages: 43 / 298M, Empty: 298M, Relocated: 0M, In-Place: 0
[388.411s][info][gc,reloc    ] GC(230) Forwarding Usage: 12M
[388.411s][info][gc,heap     ] GC(230) Min Capacity: 8192M(100%)
[388.411s][info][gc,heap     ] GC(230) Max Capacity: 8192M(100%)
[388.411s][info][gc,heap     ] GC(230) Soft Max Capacity: 8192M(100%)
[388.411s][info][gc,heap     ] GC(230)                Mark Start          Mark End        Relocate Start      Relocate End           High               Low         
[388.411s][info][gc,heap     ] GC(230)  Capacity:     8192M (100%)       8192M (100%)       8192M (100%)       8192M (100%)       8192M (100%)       8192M (100%)   
[388.411s][info][gc,heap     ] GC(230)      Free:     2746M (34%)        2592M (32%)        7538M (92%)        7778M (95%)        7784M (95%)        2576M (31%)    
[388.411s][info][gc,heap     ] GC(230)      Used:     5446M (66%)        5600M (68%)         654M (8%)          414M (5%)         5616M (69%)         408M (5%)     
[388.411s][info][gc,heap     ] GC(230)      Live:         -               154M (2%)          154M (2%)          154M (2%)             -                  -          
[388.411s][info][gc,heap     ] GC(230) Allocated:         -               154M (2%)          174M (2%)          236M (3%)             -                  -          
[388.411s][info][gc,heap     ] GC(230)   Garbage:         -              5291M (65%)         325M (4%)           23M (0%)             -                  -          
[388.411s][info][gc,heap     ] GC(230) Reclaimed:         -                  -              4966M (61%)        5268M (64%)            -                  -          
[388.411s][info][gc          ] GC(230) Garbage Collection (Allocation Rate) 5446M(66%)->414M(5%)
[390.320s][info][gc,stats    ] === Garbage Collection Statistics =======================================================================================================================
[390.320s][info][gc,stats    ]                                                              Last 10s              Last 10m              Last 10h                Total
[390.320s][info][gc,stats    ]                                                              Avg / Max             Avg / Max             Avg / Max             Avg / Max
[390.320s][info][gc,stats    ]   Collector: Garbage Collection Cycle                    143.091 / 201.465     124.932 / 379.439     124.932 / 379.439     124.932 / 379.439     ms
[390.320s][info][gc,stats    ]  Contention: Mark Segment Reset Contention                     0 / 0                 0 / 115               0 / 115               0 / 115         ops/s
[390.320s][info][gc,stats    ]  Contention: Mark SeqNum Reset Contention                      0 / 0                 0 / 2                 0 / 2                 0 / 2           ops/s
[390.320s][info][gc,stats    ]    Critical: Allocation Stall                                  0 / 0                 0 / 0                 0 / 0                 0 / 0           ops/s
[390.320s][info][gc,stats    ]    Critical: Allocation Stall                              0.000 / 0.000         0.000 / 0.000         0.000 / 0.000         0.000 / 0.000       ms
[390.320s][info][gc,stats    ]    Critical: GC Locker Stall                                   0 / 0                 0 / 0                 0 / 0                 0 / 0           ops/s
[390.321s][info][gc,stats    ]    Critical: GC Locker Stall                               0.000 / 0.000         0.000 / 0.000         0.000 / 0.000         0.000 / 0.000       ms
[390.321s][info][gc,stats    ]    Critical: Relocation Stall                                  0 / 0                 0 / 0                 0 / 0                 0 / 0           ops/s
[390.321s][info][gc,stats    ]    Critical: Relocation Stall                              0.000 / 0.000         0.000 / 0.000         0.000 / 0.000         0.000 / 0.000       ms
[390.321s][info][gc,stats    ]      Memory: Allocation Rate                                2622 / 6028           2786 / 6636           2786 / 6636           2786 / 6636        MB/s
[390.321s][info][gc,stats    ]      Memory: Out Of Memory                                     0 / 0                 0 / 0                 0 / 0                 0 / 0           ops/s
[390.321s][info][gc,stats    ]      Memory: Page Cache Flush                                 91 / 590              86 / 664              86 / 664              86 / 664         MB/s
[390.321s][info][gc,stats    ]      Memory: Page Cache Hit L1                              1097 / 3016           1190 / 3321           1190 / 3321           1190 / 3321        ops/s
[390.321s][info][gc,stats    ]      Memory: Page Cache Hit L2                                 0 / 0                 0 / 0                 0 / 0                 0 / 0           ops/s
[390.321s][info][gc,stats    ]      Memory: Page Cache Hit L3                                32 / 173              41 / 635              41 / 635              41 / 635         ops/s
[390.321s][info][gc,stats    ]      Memory: Page Cache Miss                                   9 / 63                9 / 70                9 / 70                9 / 70          ops/s
[390.321s][info][gc,stats    ]      Memory: Uncommit                                          0 / 0                 0 / 0                 0 / 0                 0 / 0           MB/s
[390.321s][info][gc,stats    ]      Memory: Undo Object Allocation Failed                     0 / 0                 0 / 2                 0 / 2                 0 / 2           ops/s
[390.321s][info][gc,stats    ]      Memory: Undo Object Allocation Succeeded                  0 / 1                 0 / 94                0 / 94                0 / 94          ops/s
[390.321s][info][gc,stats    ]      Memory: Undo Page Allocation                              0 / 1                 0 / 8                 0 / 8                 0 / 8           ops/s
[390.321s][info][gc,stats    ]       Phase: Concurrent Mark                             113.672 / 140.716      99.063 / 190.432      99.063 / 190.432      99.063 / 190.432     ms
[390.321s][info][gc,stats    ]       Phase: Concurrent Mark Continue                      0.000 / 0.000        15.374 / 35.578       15.374 / 35.578       15.374 / 35.578      ms
[390.321s][info][gc,stats    ]       Phase: Concurrent Mark Free                          0.001 / 0.001         0.001 / 0.004         0.001 / 0.004         0.001 / 0.004       ms
[390.321s][info][gc,stats    ]       Phase: Concurrent Process Non-Strong References      8.871 / 11.274        8.225 / 31.000        8.225 / 31.000        8.225 / 31.000      ms
[390.321s][info][gc,stats    ]       Phase: Concurrent Relocate                          15.236 / 45.585        9.483 / 76.380        9.483 / 76.380        9.483 / 76.380      ms
[390.321s][info][gc,stats    ]       Phase: Concurrent Reset Relocation Set               0.005 / 0.018         0.010 / 0.049         0.010 / 0.049         0.010 / 0.049       ms
[390.321s][info][gc,stats    ]       Phase: Concurrent Select Relocation Set              3.886 / 5.681         3.589 / 13.402        3.589 / 13.402        3.589 / 13.402      ms
[390.321s][info][gc,stats    ]       Phase: Pause Mark End                                0.026 / 0.086         0.052 / 0.390         0.052 / 0.390         0.052 / 0.390       ms
[390.321s][info][gc,stats    ]       Phase: Pause Mark Start                              0.008 / 0.012         0.008 / 0.022         0.008 / 0.022         0.008 / 0.022       ms
[390.321s][info][gc,stats    ]       Phase: Pause Relocate Start                          0.011 / 0.014         0.010 / 0.037         0.010 / 0.037         0.010 / 0.037       ms
[390.321s][info][gc,stats    ]    Subphase: Concurrent Classes Purge                      0.285 / 0.429         0.250 / 0.574         0.250 / 0.574         0.250 / 0.574       ms
[390.321s][info][gc,stats    ]    Subphase: Concurrent Classes Unlink                     7.096 / 9.618         5.827 / 23.760        5.827 / 23.760        5.827 / 23.760      ms
[390.321s][info][gc,stats    ]    Subphase: Concurrent Mark                              99.780 / 139.954      77.369 / 189.582      77.369 / 189.582      77.369 / 189.582     ms
[390.321s][info][gc,stats    ]    Subphase: Concurrent Mark Try Flush                     1.381 / 15.516        0.520 / 30.486        0.520 / 30.486        0.520 / 30.486      ms
[390.321s][info][gc,stats    ]    Subphase: Concurrent Mark Try Terminate                 1.728 / 14.010        3.005 / 24.568        3.005 / 24.568        3.005 / 24.568      ms
[390.321s][info][gc,stats    ]    Subphase: Concurrent References Enqueue                 0.003 / 0.008         0.003 / 0.008         0.003 / 0.008         0.003 / 0.008       ms
[390.321s][info][gc,stats    ]    Subphase: Concurrent References Process                 1.002 / 1.938         0.996 / 3.217         0.996 / 3.217         0.996 / 3.217       ms
[390.321s][info][gc,stats    ]    Subphase: Concurrent Roots ClassLoaderDataGraph         0.103 / 0.159         0.108 / 0.537         0.108 / 0.537         0.108 / 0.537       ms
[390.321s][info][gc,stats    ]    Subphase: Concurrent Roots CodeCache                    0.000 / 0.000         0.000 / 0.000         0.000 / 0.000         0.000 / 0.000       ms
[390.321s][info][gc,stats    ]    Subphase: Concurrent Roots JavaThreads                  0.349 / 0.503         0.358 / 1.258         0.358 / 1.258         0.358 / 1.258       ms
[390.321s][info][gc,stats    ]    Subphase: Concurrent Roots OopStorageSet                0.031 / 0.049         0.030 / 0.124         0.030 / 0.124         0.030 / 0.124       ms
[390.321s][info][gc,stats    ]    Subphase: Concurrent Weak Roots OopStorageSet           0.347 / 0.432         0.304 / 1.123         0.304 / 1.123         0.304 / 1.123       ms
[390.321s][info][gc,stats    ]    Subphase: Pause Mark Try Complete                       0.050 / 0.050         0.149 / 0.301         0.149 / 0.301         0.149 / 0.301       ms
[390.321s][info][gc,stats    ]      System: Java Threads                                     19 / 21               19 / 22               19 / 22               19 / 22          threads
[390.321s][info][gc,stats    ] =========================================================================================================================================================
[391.484s][info][gc,start    ] GC(231) Garbage Collection (System.gc())
[391.484s][info][gc,task     ] GC(231) Using 2 workers
[391.484s][info][gc,phases   ] GC(231) Pause Mark Start 0.008ms
[391.533s][info][gc,phases   ] GC(231) Concurrent Mark 48.894ms
[391.533s][info][gc,phases   ] GC(231) Pause Mark End 0.014ms
[391.533s][info][gc,phases   ] GC(231) Concurrent Mark Free 0.001ms
[391.540s][info][gc,phases   ] GC(231) Concurrent Process Non-Strong References 6.631ms
[391.540s][info][gc,phases   ] GC(231) Concurrent Reset Relocation Set 0.014ms
[391.543s][info][gc,phases   ] GC(231) Concurrent Select Relocation Set 2.367ms
[391.543s][info][gc,phases   ] GC(231) Pause Relocate Start 0.010ms
[391.550s][info][gc,phases   ] GC(231) Concurrent Relocate 7.093ms
[391.550s][info][gc,load     ] GC(231) Load: 0.00/0.00/0.00
[391.550s][info][gc,mmu      ] GC(231) MMU: 2ms/80.5%, 5ms/92.2%, 10ms/96.1%, 20ms/96.3%, 50ms/97.1%, 100ms/97.5%
[391.550s][info][gc,marking  ] GC(231) Mark: 2 stripe(s), 1 proactive flush(es), 1 terminate flush(es), 0 completion(s), 0 continuation(s) 
[391.550s][info][gc,marking  ] GC(231) Mark Stack Usage: 32M
[391.550s][info][gc,nmethod  ] GC(231) NMethods: 4820 registered, 3 unregistered
[391.550s][info][gc,metaspace] GC(231) Metaspace: 33M used, 33M committed, 1088M reserved
[391.550s][info][gc,ref      ] GC(231) Soft: 4016 encountered, 0 discovered, 0 enqueued
[391.550s][info][gc,ref      ] GC(231) Weak: 24751 encountered, 23097 discovered, 23037 enqueued
[391.550s][info][gc,ref      ] GC(231) Final: 7 encountered, 7 discovered, 0 enqueued
[391.550s][info][gc,ref      ] GC(231) Phantom: 714 encountered, 645 discovered, 0 enqueued
[391.550s][info][gc,reloc    ] GC(231) Small Pages: 881 / 1762M, Empty: 1036M, Relocated: 10M, In-Place: 0
[391.550s][info][gc,reloc    ] GC(231) Medium Pages: 25 / 800M, Empty: 736M, Relocated: 15M, In-Place: 0
[391.550s][info][gc,reloc    ] GC(231) Large Pages: 230 / 1602M, Empty: 1602M, Relocated: 0M, In-Place: 0
[391.550s][info][gc,reloc    ] GC(231) Forwarding Usage: 3M
[391.550s][info][gc,heap     ] GC(231) Min Capacity: 8192M(100%)
[391.550s][info][gc,heap     ] GC(231) Max Capacity: 8192M(100%)
[391.550s][info][gc,heap     ] GC(231) Soft Max Capacity: 8192M(100%)
[391.550s][info][gc,heap     ] GC(231)                Mark Start          Mark End        Relocate Start      Relocate End           High               Low         
[391.550s][info][gc,heap     ] GC(231)  Capacity:     8192M (100%)       8192M (100%)       8192M (100%)       8192M (100%)       8192M (100%)       8192M (100%)   
[391.550s][info][gc,heap     ] GC(231)      Free:     4028M (49%)        4028M (49%)        7402M (90%)        8046M (98%)        8046M (98%)        4028M (49%)    
[391.550s][info][gc,heap     ] GC(231)      Used:     4164M (51%)        4164M (51%)         790M (10%)         146M (2%)         4164M (51%)         146M (2%)     
[391.550s][info][gc,heap     ] GC(231)      Live:         -               125M (2%)          125M (2%)          125M (2%)             -                  -          
[391.550s][info][gc,heap     ] GC(231) Allocated:         -                 0M (0%)            0M (0%)            0M (0%)             -                  -          
[391.550s][info][gc,heap     ] GC(231)   Garbage:         -              4038M (49%)         664M (8%)           20M (0%)             -                  -          
[391.550s][info][gc,heap     ] GC(231) Reclaimed:         -                  -              3374M (41%)        4018M (49%)            -                  -          
[391.550s][info][gc          ] GC(231) Garbage Collection (System.gc()) 4164M(51%)->146M(2%)
[392.225s][info][gc,start    ] GC(232) Garbage Collection (Allocation Rate)
[392.225s][info][gc,task     ] GC(232) Using 2 workers
[392.225s][info][gc,phases   ] GC(232) Pause Mark Start 0.014ms
[392.319s][info][gc,phases   ] GC(232) Concurrent Mark 75.523ms
[392.319s][info][gc,phases   ] GC(232) Pause Mark End 0.014ms
[392.319s][info][gc,phases   ] GC(232) Concurrent Mark Free 0.002ms
[392.326s][info][gc,phases   ] GC(232) Concurrent Process Non-Strong References 6.048ms
[392.326s][info][gc,phases   ] GC(232) Concurrent Reset Relocation Set 0.036ms
[392.329s][info][gc,phases   ] GC(232) Concurrent Select Relocation Set 3.419ms
[392.329s][info][gc,phases   ] GC(232) Pause Relocate Start 0.007ms
[392.330s][info][gc,phases   ] GC(232) Concurrent Relocate 0.349ms
[392.330s][info][gc,load     ] GC(232) Load: 0.00/0.00/0.00
[392.330s][info][gc,mmu      ] GC(232) MMU: 2ms/80.5%, 5ms/92.2%, 10ms/96.1%, 20ms/96.3%, 50ms/97.1%, 100ms/97.5%
[392.330s][info][gc,marking  ] GC(232) Mark: 2 stripe(s), 2 proactive flush(es), 1 terminate flush(es), 0 completion(s), 0 continuation(s) 
[392.330s][info][gc,marking  ] GC(232) Mark Stack Usage: 32M
[392.330s][info][gc,nmethod  ] GC(232) NMethods: 4824 registered, 3 unregistered
[392.330s][info][gc,metaspace] GC(232) Metaspace: 33M used, 33M committed, 1088M reserved
[392.330s][info][gc,ref      ] GC(232) Soft: 4016 encountered, 0 discovered, 0 enqueued
[392.330s][info][gc,ref      ] GC(232) Weak: 1732 encountered, 71 discovered, 0 enqueued
[392.330s][info][gc,ref      ] GC(232) Final: 7 encountered, 5 discovered, 0 enqueued
[392.330s][info][gc,ref      ] GC(232) Phantom: 714 encountered, 647 discovered, 0 enqueued
[392.330s][info][gc,reloc    ] GC(232) Small Pages: 2483 / 4966M, Empty: 4828M, Relocated: 0M, In-Place: 0
[392.330s][info][gc,reloc    ] GC(232) Medium Pages: 1 / 32M, Empty: 0M, Relocated: 0M, In-Place: 0
[392.330s][info][gc,reloc    ] GC(232) Large Pages: 0 / 0M, Empty: 0M, Relocated: 0M, In-Place: 0
[392.330s][info][gc,reloc    ] GC(232) Forwarding Usage: 0M
[392.330s][info][gc,heap     ] GC(232) Min Capacity: 8192M(100%)
[392.330s][info][gc,heap     ] GC(232) Max Capacity: 8192M(100%)
[392.330s][info][gc,heap     ] GC(232) Soft Max Capacity: 8192M(100%)
[392.330s][info][gc,heap     ] GC(232)                Mark Start          Mark End        Relocate Start      Relocate End           High               Low         
[392.330s][info][gc,heap     ] GC(232)  Capacity:     8192M (100%)       8192M (100%)       8192M (100%)       8192M (100%)       8192M (100%)       8192M (100%)   
[392.330s][info][gc,heap     ] GC(232)      Free:     3194M (39%)        2734M (33%)        7508M (92%)        7528M (92%)        7528M (92%)        2698M (33%)    
[392.330s][info][gc,heap     ] GC(232)      Used:     4998M (61%)        5458M (67%)         684M (8%)          664M (8%)         5494M (67%)         664M (8%)     
[392.330s][info][gc,heap     ] GC(232)      Live:         -               125M (2%)          125M (2%)          125M (2%)             -                  -          
[392.330s][info][gc,heap     ] GC(232) Allocated:         -               460M (6%)          514M (6%)          515M (6%)             -                  -          
[392.330s][info][gc,heap     ] GC(232)   Garbage:         -              4872M (59%)          44M (1%)           22M (0%)             -                  -          
[392.330s][info][gc,heap     ] GC(232) Reclaimed:         -                  -              4828M (59%)        4849M (59%)            -                  -          
[392.330s][info][gc          ] GC(232) Garbage Collection (Allocation Rate) 4998M(61%)->664M(8%)
[393.229s][info][gc,start    ] GC(233) Garbage Collection (Allocation Rate)
[393.229s][info][gc,task     ] GC(233) Using 1 workers
[393.229s][info][gc,phases   ] GC(233) Pause Mark Start 0.007ms
[393.348s][info][gc,phases   ] GC(233) Concurrent Mark 118.869ms
[393.348s][info][gc,phases   ] GC(233) Pause Mark End 0.010ms
[393.348s][info][gc,phases   ] GC(233) Concurrent Mark Free 0.001ms
[393.358s][info][gc,phases   ] GC(233) Concurrent Process Non-Strong References 10.239ms
[393.358s][info][gc,phases   ] GC(233) Concurrent Reset Relocation Set 0.002ms
[393.360s][info][gc,phases   ] GC(233) Concurrent Select Relocation Set 1.951ms
[393.370s][info][gc,phases   ] GC(233) Pause Relocate Start 0.046ms
[393.371s][info][gc,phases   ] GC(233) Concurrent Relocate 0.989ms
[393.371s][info][gc,load     ] GC(233) Load: 0.00/0.00/0.00
[393.371s][info][gc,mmu      ] GC(233) MMU: 2ms/80.5%, 5ms/92.2%, 10ms/96.1%, 20ms/96.3%, 50ms/97.1%, 100ms/97.5%
[393.371s][info][gc,marking  ] GC(233) Mark: 1 stripe(s), 2 proactive flush(es), 1 terminate flush(es), 0 completion(s), 0 continuation(s) 
[393.371s][info][gc,marking  ] GC(233) Mark Stack Usage: 32M
[393.371s][info][gc,nmethod  ] GC(233) NMethods: 4824 registered, 3 unregistered
[393.371s][info][gc,metaspace] GC(233) Metaspace: 33M used, 33M committed, 1088M reserved
[393.371s][info][gc,ref      ] GC(233) Soft: 4016 encountered, 0 discovered, 0 enqueued
[393.371s][info][gc,ref      ] GC(233) Weak: 1732 encountered, 1284 discovered, 0 enqueued
[393.371s][info][gc,ref      ] GC(233) Final: 7 encountered, 7 discovered, 0 enqueued
[393.371s][info][gc,ref      ] GC(233) Phantom: 714 encountered, 665 discovered, 0 enqueued
[393.371s][info][gc,reloc    ] GC(233) Small Pages: 2850 / 5700M, Empty: 5548M, Relocated: 0M, In-Place: 0
[393.371s][info][gc,reloc    ] GC(233) Medium Pages: 1 / 32M, Empty: 0M, Relocated: 0M, In-Place: 0
[393.371s][info][gc,reloc    ] GC(233) Large Pages: 0 / 0M, Empty: 0M, Relocated: 0M, In-Place: 0
[393.371s][info][gc,reloc    ] GC(233) Forwarding Usage: 0M
[393.371s][info][gc,heap     ] GC(233) Min Capacity: 8192M(100%)
[393.371s][info][gc,heap     ] GC(233) Max Capacity: 8192M(100%)
[393.371s][info][gc,heap     ] GC(233) Soft Max Capacity: 8192M(100%)
[393.371s][info][gc,heap     ] GC(233)                Mark Start          Mark End        Relocate Start      Relocate End           High               Low         
[393.371s][info][gc,heap     ] GC(233)  Capacity:     8192M (100%)       8192M (100%)       8192M (100%)       8192M (100%)       8192M (100%)       8192M (100%)   
[393.371s][info][gc,heap     ] GC(233)      Free:     2460M (30%)        2028M (25%)        7544M (92%)        7576M (92%)        7578M (93%)        1996M (24%)    
[393.371s][info][gc,heap     ] GC(233)      Used:     5732M (70%)        6164M (75%)         648M (8%)          616M (8%)         6196M (76%)         614M (7%)     
[393.371s][info][gc,heap     ] GC(233)      Live:         -               125M (2%)          125M (2%)          125M (2%)             -                  -          
[393.371s][info][gc,heap     ] GC(233) Allocated:         -               432M (5%)          464M (6%)          469M (6%)             -                  -          
[393.371s][info][gc,heap     ] GC(233)   Garbage:         -              5606M (68%)          58M (1%)           20M (0%)             -                  -          
[393.371s][info][gc,heap     ] GC(233) Reclaimed:         -                  -              5548M (68%)        5585M (68%)            -                  -          
[393.371s][info][gc          ] GC(233) Garbage Collection (Allocation Rate) 5732M(70%)->616M(8%)
[394.829s][info][gc,start    ] GC(234) Garbage Collection (Allocation Rate)
[394.829s][info][gc,task     ] GC(234) Using 1 workers
[394.829s][info][gc,phases   ] GC(234) Pause Mark Start 0.007ms
[394.946s][info][gc,phases   ] GC(234) Concurrent Mark 117.009ms
[394.946s][info][gc,phases   ] GC(234) Pause Mark End 0.041ms
[394.946s][info][gc,phases   ] GC(234) Concurrent Mark Free 0.001ms
[394.957s][info][gc,phases   ] GC(234) Concurrent Process Non-Strong References 10.440ms
[394.957s][info][gc,phases   ] GC(234) Concurrent Reset Relocation Set 0.002ms
[394.963s][info][gc,phases   ] GC(234) Concurrent Select Relocation Set 5.714ms
[394.963s][info][gc,phases   ] GC(234) Pause Relocate Start 0.013ms
[394.995s][info][gc,phases   ] GC(234) Concurrent Relocate 32.477ms
[394.995s][info][gc,load     ] GC(234) Load: 0.00/0.00/0.00
[394.995s][info][gc,mmu      ] GC(234) MMU: 2ms/80.5%, 5ms/92.2%, 10ms/96.1%, 20ms/96.3%, 50ms/97.1%, 100ms/97.5%
[394.995s][info][gc,marking  ] GC(234) Mark: 1 stripe(s), 8 proactive flush(es), 1 terminate flush(es), 1 completion(s), 0 continuation(s) 
[394.995s][info][gc,marking  ] GC(234) Mark Stack Usage: 32M
[394.995s][info][gc,nmethod  ] GC(234) NMethods: 4824 registered, 3 unregistered
[394.995s][info][gc,metaspace] GC(234) Metaspace: 33M used, 33M committed, 1088M reserved
[394.995s][info][gc,ref      ] GC(234) Soft: 4016 encountered, 0 discovered, 0 enqueued
[394.995s][info][gc,ref      ] GC(234) Weak: 20732 encountered, 16391 discovered, 6041 enqueued
[394.995s][info][gc,ref      ] GC(234) Final: 7 encountered, 0 discovered, 0 enqueued
[394.995s][info][gc,ref      ] GC(234) Phantom: 720 encountered, 701 discovered, 0 enqueued
[394.995s][info][gc,reloc    ] GC(234) Small Pages: 2417 / 4834M, Empty: 4394M, Relocated: 36M, In-Place: 0
[394.995s][info][gc,reloc    ] GC(234) Medium Pages: 6 / 192M, Empty: 128M, Relocated: 16M, In-Place: 0
[394.996s][info][gc,reloc    ] GC(234) Large Pages: 42 / 288M, Empty: 282M, Relocated: 0M, In-Place: 0
[394.996s][info][gc,reloc    ] GC(234) Forwarding Usage: 11M
[394.996s][info][gc,heap     ] GC(234) Min Capacity: 8192M(100%)
[394.996s][info][gc,heap     ] GC(234) Max Capacity: 8192M(100%)
[394.996s][info][gc,heap     ] GC(234) Soft Max Capacity: 8192M(100%)
[394.996s][info][gc,heap     ] GC(234)                Mark Start          Mark End        Relocate Start      Relocate End           High               Low         
[394.996s][info][gc,heap     ] GC(234)  Capacity:     8192M (100%)       8192M (100%)       8192M (100%)       8192M (100%)       8192M (100%)       8192M (100%)   
[394.996s][info][gc,heap     ] GC(234)      Free:     2878M (35%)        2740M (33%)        7522M (92%)        7840M (96%)        7840M (96%)        2726M (33%)    
[394.996s][info][gc,heap     ] GC(234)      Used:     5314M (65%)        5452M (67%)         670M (8%)          352M (4%)         5466M (67%)         352M (4%)     
[394.996s][info][gc,heap     ] GC(234)      Live:         -               159M (2%)          159M (2%)          159M (2%)             -                  -          
[394.996s][info][gc,heap     ] GC(234) Allocated:         -               138M (2%)          160M (2%)          173M (2%)             -                  -          
[394.996s][info][gc,heap     ] GC(234)   Garbage:         -              5154M (63%)         350M (4%)           19M (0%)             -                  -          
[394.996s][info][gc,heap     ] GC(234) Reclaimed:         -                  -              4804M (59%)        5135M (63%)            -                  -          
[394.996s][info][gc          ] GC(234) Garbage Collection (Allocation Rate) 5314M(65%)->352M(4%)
[398.868s][info][gc,start    ] GC(235) Garbage Collection (System.gc())
[398.868s][info][gc,task     ] GC(235) Using 2 workers
[398.868s][info][gc,phases   ] GC(235) Pause Mark Start 0.006ms
[398.943s][info][gc,phases   ] GC(235) Concurrent Mark 75.351ms
[398.944s][info][gc,phases   ] GC(235) Pause Mark End 0.015ms
[398.944s][info][gc,phases   ] GC(235) Concurrent Mark Free 0.001ms
[398.949s][info][gc,phases   ] GC(235) Concurrent Process Non-Strong References 5.285ms
[398.949s][info][gc,phases   ] GC(235) Concurrent Reset Relocation Set 0.013ms
[398.952s][info][gc,phases   ] GC(235) Concurrent Select Relocation Set 2.697ms
[398.952s][info][gc,phases   ] GC(235) Pause Relocate Start 0.010ms
[398.959s][info][gc,phases   ] GC(235) Concurrent Relocate 7.094ms
[398.959s][info][gc,load     ] GC(235) Load: 0.00/0.00/0.00
[398.959s][info][gc,mmu      ] GC(235) MMU: 2ms/80.5%, 5ms/92.2%, 10ms/96.1%, 20ms/96.3%, 50ms/97.1%, 100ms/97.5%
[398.959s][info][gc,marking  ] GC(235) Mark: 2 stripe(s), 2 proactive flush(es), 1 terminate flush(es), 0 completion(s), 0 continuation(s) 
[398.959s][info][gc,marking  ] GC(235) Mark Stack Usage: 32M
[398.959s][info][gc,nmethod  ] GC(235) NMethods: 4824 registered, 3 unregistered
[398.959s][info][gc,metaspace] GC(235) Metaspace: 33M used, 33M committed, 1088M reserved
[398.959s][info][gc,ref      ] GC(235) Soft: 4016 encountered, 0 discovered, 0 enqueued
[398.959s][info][gc,ref      ] GC(235) Weak: 24776 encountered, 23115 discovered, 23062 enqueued
[398.959s][info][gc,ref      ] GC(235) Final: 7 encountered, 7 discovered, 0 enqueued
[398.959s][info][gc,ref      ] GC(235) Phantom: 714 encountered, 618 discovered, 0 enqueued
[398.959s][info][gc,reloc    ] GC(235) Small Pages: 991 / 1982M, Empty: 1220M, Relocated: 10M, In-Place: 0
[398.959s][info][gc,reloc    ] GC(235) Medium Pages: 30 / 960M, Empty: 896M, Relocated: 14M, In-Place: 0
[398.959s][info][gc,reloc    ] GC(235) Large Pages: 278 / 1936M, Empty: 1936M, Relocated: 0M, In-Place: 0
[398.959s][info][gc,reloc    ] GC(235) Forwarding Usage: 3M
[398.959s][info][gc,heap     ] GC(235) Min Capacity: 8192M(100%)
[398.959s][info][gc,heap     ] GC(235) Max Capacity: 8192M(100%)
[398.959s][info][gc,heap     ] GC(235) Soft Max Capacity: 8192M(100%)
[398.959s][info][gc,heap     ] GC(235)                Mark Start          Mark End        Relocate Start      Relocate End           High               Low         
[398.959s][info][gc,heap     ] GC(235)  Capacity:     8192M (100%)       8192M (100%)       8192M (100%)       8192M (100%)       8192M (100%)       8192M (100%)   
[398.959s][info][gc,heap     ] GC(235)      Free:     3314M (40%)        3314M (40%)        7366M (90%)        8046M (98%)        8046M (98%)        3314M (40%)    
[398.959s][info][gc,heap     ] GC(235)      Used:     4878M (60%)        4878M (60%)         826M (10%)         146M (2%)         4878M (60%)         146M (2%)     
[398.959s][info][gc,heap     ] GC(235)      Live:         -               124M (2%)          124M (2%)          124M (2%)             -                  -          
[398.959s][info][gc,heap     ] GC(235) Allocated:         -                 0M (0%)            0M (0%)            0M (0%)             -                  -          
[398.959s][info][gc,heap     ] GC(235)   Garbage:         -              4753M (58%)         701M (9%)           21M (0%)             -                  -          
[398.959s][info][gc,heap     ] GC(235) Reclaimed:         -                  -              4052M (49%)        4732M (58%)            -                  -          
[398.959s][info][gc          ] GC(235) Garbage Collection (System.gc()) 4878M(60%)->146M(2%)
[399.635s][info][gc,start    ] GC(236) Garbage Collection (Allocation Rate)
[399.635s][info][gc,task     ] GC(236) Using 2 workers
[399.635s][info][gc,phases   ] GC(236) Pause Mark Start 0.011ms
[399.729s][info][gc,phases   ] GC(236) Concurrent Mark 70.257ms
[399.729s][info][gc,phases   ] GC(236) Pause Mark End 0.015ms
[399.729s][info][gc,phases   ] GC(236) Concurrent Mark Free 0.002ms
[399.734s][info][gc,phases   ] GC(236) Concurrent Process Non-Strong References 5.016ms
[399.734s][info][gc,phases   ] GC(236) Concurrent Reset Relocation Set 0.027ms
[399.738s][info][gc,phases   ] GC(236) Concurrent Select Relocation Set 3.435ms
[399.738s][info][gc,phases   ] GC(236) Pause Relocate Start 0.008ms
[399.738s][info][gc,phases   ] GC(236) Concurrent Relocate 0.433ms
[399.738s][info][gc,load     ] GC(236) Load: 0.00/0.00/0.00
[399.738s][info][gc,mmu      ] GC(236) MMU: 2ms/80.5%, 5ms/92.2%, 10ms/96.1%, 20ms/96.3%, 50ms/97.1%, 100ms/97.5%
[399.738s][info][gc,marking  ] GC(236) Mark: 2 stripe(s), 2 proactive flush(es), 1 terminate flush(es), 0 completion(s), 0 continuation(s) 
[399.738s][info][gc,marking  ] GC(236) Mark Stack Usage: 32M
[399.739s][info][gc,nmethod  ] GC(236) NMethods: 4824 registered, 3 unregistered
[399.739s][info][gc,metaspace] GC(236) Metaspace: 33M used, 33M committed, 1088M reserved
[399.739s][info][gc,ref      ] GC(236) Soft: 4016 encountered, 0 discovered, 0 enqueued
[399.739s][info][gc,ref      ] GC(236) Weak: 1720 encountered, 48 discovered, 0 enqueued
[399.739s][info][gc,ref      ] GC(236) Final: 7 encountered, 5 discovered, 0 enqueued
[399.739s][info][gc,ref      ] GC(236) Phantom: 714 encountered, 618 discovered, 0 enqueued
[399.739s][info][gc,reloc    ] GC(236) Small Pages: 2481 / 4962M, Empty: 4824M, Relocated: 0M, In-Place: 0
[399.739s][info][gc,reloc    ] GC(236) Medium Pages: 1 / 32M, Empty: 0M, Relocated: 0M, In-Place: 0
[399.739s][info][gc,reloc    ] GC(236) Large Pages: 0 / 0M, Empty: 0M, Relocated: 0M, In-Place: 0
[399.739s][info][gc,reloc    ] GC(236) Forwarding Usage: 0M
[399.739s][info][gc,heap     ] GC(236) Min Capacity: 8192M(100%)
[399.739s][info][gc,heap     ] GC(236) Max Capacity: 8192M(100%)
[399.739s][info][gc,heap     ] GC(236) Soft Max Capacity: 8192M(100%)
[399.739s][info][gc,heap     ] GC(236)                Mark Start          Mark End        Relocate Start      Relocate End           High               Low         
[399.739s][info][gc,heap     ] GC(236)  Capacity:     8192M (100%)       8192M (100%)       8192M (100%)       8192M (100%)       8192M (100%)       8192M (100%)   
[399.739s][info][gc,heap     ] GC(236)      Free:     3198M (39%)        2740M (33%)        7528M (92%)        7550M (92%)        7550M (92%)        2722M (33%)    
[399.739s][info][gc,heap     ] GC(236)      Used:     4994M (61%)        5452M (67%)         664M (8%)          642M (8%)         5470M (67%)         642M (8%)     
[399.739s][info][gc,heap     ] GC(236)      Live:         -               124M (2%)          124M (2%)          124M (2%)             -                  -          
[399.739s][info][gc,heap     ] GC(236) Allocated:         -               458M (6%)          494M (6%)          494M (6%)             -                  -          
[399.739s][info][gc,heap     ] GC(236)   Garbage:         -              4869M (59%)          45M (1%)           23M (0%)             -                  -          
[399.739s][info][gc,heap     ] GC(236) Reclaimed:         -                  -              4824M (59%)        4846M (59%)            -                  -          
[399.739s][info][gc          ] GC(236) Garbage Collection (Allocation Rate) 4994M(61%)->642M(8%)
[400.326s][info][gc,stats    ] === Garbage Collection Statistics =======================================================================================================================
[400.326s][info][gc,stats    ]                                                              Last 10s              Last 10m              Last 10h                Total
[400.326s][info][gc,stats    ]                                                              Avg / Max             Avg / Max             Avg / Max             Avg / Max
[400.326s][info][gc,stats    ]   Collector: Garbage Collection Cycle                    112.298 / 166.548     124.612 / 379.439     124.612 / 379.439     124.612 / 379.439     ms
[400.326s][info][gc,stats    ]  Contention: Mark Segment Reset Contention                     0 / 3                 0 / 115               0 / 115               0 / 115         ops/s
[400.326s][info][gc,stats    ]  Contention: Mark SeqNum Reset Contention                      0 / 1                 0 / 2                 0 / 2                 0 / 2           ops/s
[400.326s][info][gc,stats    ]    Critical: Allocation Stall                                  0 / 0                 0 / 0                 0 / 0                 0 / 0           ops/s
[400.326s][info][gc,stats    ]    Critical: Allocation Stall                              0.000 / 0.000         0.000 / 0.000         0.000 / 0.000         0.000 / 0.000       ms
[400.326s][info][gc,stats    ]    Critical: GC Locker Stall                                   0 / 0                 0 / 0                 0 / 0                 0 / 0           ops/s
[400.326s][info][gc,stats    ]    Critical: GC Locker Stall                               0.000 / 0.000         0.000 / 0.000         0.000 / 0.000         0.000 / 0.000       ms
[400.326s][info][gc,stats    ]    Critical: Relocation Stall                                  0 / 0                 0 / 0                 0 / 0                 0 / 0           ops/s
[400.326s][info][gc,stats    ]    Critical: Relocation Stall                              0.000 / 0.000         0.000 / 0.000         0.000 / 0.000         0.000 / 0.000       ms
[400.326s][info][gc,stats    ]      Memory: Allocation Rate                                3030 / 5942           2792 / 6636           2792 / 6636           2792 / 6636        MB/s
[400.326s][info][gc,stats    ]      Memory: Out Of Memory                                     0 / 0                 0 / 0                 0 / 0                 0 / 0           ops/s
[400.326s][info][gc,stats    ]      Memory: Page Cache Flush                                119 / 604              87 / 664              87 / 664              87 / 664         MB/s
[400.326s][info][gc,stats    ]      Memory: Page Cache Hit L1                              1324 / 2923           1194 / 3321           1194 / 3321           1194 / 3321        ops/s
[400.326s][info][gc,stats    ]      Memory: Page Cache Hit L2                                 0 / 0                 0 / 0                 0 / 0                 0 / 0           ops/s
[400.326s][info][gc,stats    ]      Memory: Page Cache Hit L3                                21 / 97               41 / 635              41 / 635              41 / 635         ops/s
[400.326s][info][gc,stats    ]      Memory: Page Cache Miss                                  12 / 65                9 / 70                9 / 70                9 / 70          ops/s
[400.326s][info][gc,stats    ]      Memory: Uncommit                                          0 / 0                 0 / 0                 0 / 0                 0 / 0           MB/s
[400.326s][info][gc,stats    ]      Memory: Undo Object Allocation Failed                     0 / 0                 0 / 2                 0 / 2                 0 / 2           ops/s
[400.326s][info][gc,stats    ]      Memory: Undo Object Allocation Succeeded                  0 / 0                 0 / 94                0 / 94                0 / 94          ops/s
[400.326s][info][gc,stats    ]      Memory: Undo Page Allocation                              0 / 5                 0 / 8                 0 / 8                 0 / 8           ops/s
[400.326s][info][gc,stats    ]       Phase: Concurrent Mark                              84.318 / 118.869      98.689 / 190.432      98.689 / 190.432      98.689 / 190.432     ms
[400.326s][info][gc,stats    ]       Phase: Concurrent Mark Continue                      0.000 / 0.000        15.374 / 35.578       15.374 / 35.578       15.374 / 35.578      ms
[400.326s][info][gc,stats    ]       Phase: Concurrent Mark Free                          0.001 / 0.002         0.001 / 0.004         0.001 / 0.004         0.001 / 0.004       ms
[400.326s][info][gc,stats    ]       Phase: Concurrent Process Non-Strong References      7.276 / 10.440        8.201 / 31.000        8.201 / 31.000        8.201 / 31.000      ms
[400.326s][info][gc,stats    ]       Phase: Concurrent Relocate                           8.072 / 32.477        9.448 / 76.380        9.448 / 76.380        9.448 / 76.380      ms
[400.326s][info][gc,stats    ]       Phase: Concurrent Reset Relocation Set               0.015 / 0.036         0.010 / 0.049         0.010 / 0.049         0.010 / 0.049       ms
[400.326s][info][gc,stats    ]       Phase: Concurrent Select Relocation Set              3.264 / 5.714         3.581 / 13.402        3.581 / 13.402        3.581 / 13.402      ms
[400.326s][info][gc,stats    ]       Phase: Pause Mark End                                0.018 / 0.041         0.051 / 0.390         0.051 / 0.390         0.051 / 0.390       ms
[400.326s][info][gc,stats    ]       Phase: Pause Mark Start                              0.009 / 0.014         0.008 / 0.022         0.008 / 0.022         0.008 / 0.022       ms
[400.326s][info][gc,stats    ]       Phase: Pause Relocate Start                          0.016 / 0.046         0.011 / 0.046         0.011 / 0.046         0.011 / 0.046       ms
[400.326s][info][gc,stats    ]    Subphase: Concurrent Classes Purge                      0.219 / 0.327         0.250 / 0.574         0.250 / 0.574         0.250 / 0.574       ms
[400.326s][info][gc,stats    ]    Subphase: Concurrent Classes Unlink                     5.647 / 9.127         5.822 / 23.760        5.822 / 23.760        5.822 / 23.760      ms
[400.326s][info][gc,stats    ]    Subphase: Concurrent Mark                              75.022 / 118.025      77.312 / 189.582      77.312 / 189.582      77.312 / 189.582     ms
[400.326s][info][gc,stats    ]    Subphase: Concurrent Mark Try Flush                     0.061 / 0.160         0.510 / 30.486        0.510 / 30.486        0.510 / 30.486      ms
[400.326s][info][gc,stats    ]    Subphase: Concurrent Mark Try Terminate                 2.887 / 15.643        3.002 / 24.568        3.002 / 24.568        3.002 / 24.568      ms
[400.326s][info][gc,stats    ]    Subphase: Concurrent References Enqueue                 0.004 / 0.007         0.003 / 0.008         0.003 / 0.008         0.003 / 0.008       ms
[400.326s][info][gc,stats    ]    Subphase: Concurrent References Process                 0.980 / 2.266         0.996 / 3.217         0.996 / 3.217         0.996 / 3.217       ms
[400.326s][info][gc,stats    ]    Subphase: Concurrent Roots ClassLoaderDataGraph         0.109 / 0.251         0.108 / 0.537         0.108 / 0.537         0.108 / 0.537       ms
[400.326s][info][gc,stats    ]    Subphase: Concurrent Roots CodeCache                    0.000 / 0.000         0.000 / 0.000         0.000 / 0.000         0.000 / 0.000       ms
[400.326s][info][gc,stats    ]    Subphase: Concurrent Roots JavaThreads                  0.340 / 0.780         0.358 / 1.258         0.358 / 1.258         0.358 / 1.258       ms
[400.326s][info][gc,stats    ]    Subphase: Concurrent Roots OopStorageSet                0.029 / 0.051         0.030 / 0.124         0.030 / 0.124         0.030 / 0.124       ms
[400.326s][info][gc,stats    ]    Subphase: Concurrent Weak Roots OopStorageSet           0.264 / 0.418         0.303 / 1.123         0.303 / 1.123         0.303 / 1.123       ms
[400.326s][info][gc,stats    ]    Subphase: Pause Mark Try Complete                       0.009 / 0.009         0.147 / 0.301         0.147 / 0.301         0.147 / 0.301       ms
[400.326s][info][gc,stats    ]      System: Java Threads                                     19 / 21               19 / 22               19 / 22               19 / 22          threads
[400.326s][info][gc,stats    ] =========================================================================================================================================================
[400.624s][info][gc,start    ] GC(237) Garbage Collection (Allocation Rate)
[400.624s][info][gc,task     ] GC(237) Using 1 workers
[400.624s][info][gc,phases   ] GC(237) Pause Mark Start 0.006ms
[400.744s][info][gc,phases   ] GC(237) Concurrent Mark 120.354ms
[400.745s][info][gc,phases   ] GC(237) Pause Mark End 0.009ms
[400.745s][info][gc,phases   ] GC(237) Concurrent Mark Free 0.000ms
[400.765s][info][gc,phases   ] GC(237) Concurrent Process Non-Strong References 20.615ms
[400.765s][info][gc,phases   ] GC(237) Concurrent Reset Relocation Set 0.002ms
[400.768s][info][gc,phases   ] GC(237) Concurrent Select Relocation Set 3.187ms
[400.769s][info][gc,phases   ] GC(237) Pause Relocate Start 0.007ms
[400.769s][info][gc,phases   ] GC(237) Concurrent Relocate 0.531ms
[400.769s][info][gc,load     ] GC(237) Load: 0.00/0.00/0.00
[400.769s][info][gc,mmu      ] GC(237) MMU: 2ms/80.5%, 5ms/92.2%, 10ms/96.1%, 20ms/96.3%, 50ms/97.1%, 100ms/97.5%
[400.769s][info][gc,marking  ] GC(237) Mark: 1 stripe(s), 2 proactive flush(es), 1 terminate flush(es), 0 completion(s), 0 continuation(s) 
[400.769s][info][gc,marking  ] GC(237) Mark Stack Usage: 32M
[400.769s][info][gc,nmethod  ] GC(237) NMethods: 4824 registered, 3 unregistered
[400.769s][info][gc,metaspace] GC(237) Metaspace: 33M used, 33M committed, 1088M reserved
[400.769s][info][gc,ref      ] GC(237) Soft: 4016 encountered, 0 discovered, 0 enqueued
[400.769s][info][gc,ref      ] GC(237) Weak: 1732 encountered, 1284 discovered, 0 enqueued
[400.769s][info][gc,ref      ] GC(237) Final: 7 encountered, 7 discovered, 0 enqueued
[400.769s][info][gc,ref      ] GC(237) Phantom: 714 encountered, 665 discovered, 0 enqueued
[400.769s][info][gc,reloc    ] GC(237) Small Pages: 2804 / 5608M, Empty: 5464M, Relocated: 0M, In-Place: 0
[400.769s][info][gc,reloc    ] GC(237) Medium Pages: 1 / 32M, Empty: 0M, Relocated: 0M, In-Place: 0
[400.769s][info][gc,reloc    ] GC(237) Large Pages: 0 / 0M, Empty: 0M, Relocated: 0M, In-Place: 0
[400.769s][info][gc,reloc    ] GC(237) Forwarding Usage: 0M
[400.769s][info][gc,heap     ] GC(237) Min Capacity: 8192M(100%)
[400.769s][info][gc,heap     ] GC(237) Max Capacity: 8192M(100%)
[400.769s][info][gc,heap     ] GC(237) Soft Max Capacity: 8192M(100%)
[400.769s][info][gc,heap     ] GC(237)                Mark Start          Mark End        Relocate Start      Relocate End           High               Low         
[400.769s][info][gc,heap     ] GC(237)  Capacity:     8192M (100%)       8192M (100%)       8192M (100%)       8192M (100%)       8192M (100%)       8192M (100%)   
[400.769s][info][gc,heap     ] GC(237)      Free:     2552M (31%)        2124M (26%)        7536M (92%)        7564M (92%)        7564M (92%)        2086M (25%)    
[400.769s][info][gc,heap     ] GC(237)      Used:     5640M (69%)        6068M (74%)         656M (8%)          628M (8%)         6106M (75%)         628M (8%)     
[400.769s][info][gc,heap     ] GC(237)      Live:         -               124M (2%)          124M (2%)          124M (2%)             -                  -          
[400.769s][info][gc,heap     ] GC(237) Allocated:         -               428M (5%)          480M (6%)          481M (6%)             -                  -          
[400.769s][info][gc,heap     ] GC(237)   Garbage:         -              5515M (67%)          51M (1%)           21M (0%)             -                  -          
[400.769s][info][gc,heap     ] GC(237) Reclaimed:         -                  -              5464M (67%)        5493M (67%)            -                  -          
[400.769s][info][gc          ] GC(237) Garbage Collection (Allocation Rate) 5640M(69%)->628M(8%)
[402.224s][info][gc,start    ] GC(238) Garbage Collection (Allocation Rate)
[402.224s][info][gc,task     ] GC(238) Using 1 workers
[402.224s][info][gc,phases   ] GC(238) Pause Mark Start 0.007ms
[402.356s][info][gc,phases   ] GC(238) Concurrent Mark 131.439ms
[402.356s][info][gc,phases   ] GC(238) Pause Mark End 0.011ms
[402.356s][info][gc,phases   ] GC(238) Concurrent Mark Free 0.001ms
[402.367s][info][gc,phases   ] GC(238) Concurrent Process Non-Strong References 11.071ms
[402.367s][info][gc,phases   ] GC(238) Concurrent Reset Relocation Set 0.002ms
[402.372s][info][gc,phases   ] GC(238) Concurrent Select Relocation Set 5.092ms
[402.372s][info][gc,phases   ] GC(238) Pause Relocate Start 0.011ms
[402.404s][info][gc,phases   ] GC(238) Concurrent Relocate 31.454ms
[402.404s][info][gc,load     ] GC(238) Load: 0.00/0.00/0.00
[402.404s][info][gc,mmu      ] GC(238) MMU: 2ms/80.5%, 5ms/92.2%, 10ms/96.1%, 20ms/96.3%, 50ms/97.1%, 100ms/97.5%
[402.404s][info][gc,marking  ] GC(238) Mark: 1 stripe(s), 4 proactive flush(es), 1 terminate flush(es), 0 completion(s), 0 continuation(s) 
[402.404s][info][gc,marking  ] GC(238) Mark Stack Usage: 32M
[402.404s][info][gc,nmethod  ] GC(238) NMethods: 4825 registered, 3 unregistered
[402.404s][info][gc,metaspace] GC(238) Metaspace: 33M used, 33M committed, 1088M reserved
[402.404s][info][gc,ref      ] GC(238) Soft: 4016 encountered, 0 discovered, 0 enqueued
[402.404s][info][gc,ref      ] GC(238) Weak: 20658 encountered, 17592 discovered, 2580 enqueued
[402.404s][info][gc,ref      ] GC(238) Final: 7 encountered, 7 discovered, 0 enqueued
[402.404s][info][gc,ref      ] GC(238) Phantom: 720 encountered, 671 discovered, 0 enqueued
[402.404s][info][gc,reloc    ] GC(238) Small Pages: 2463 / 4926M, Empty: 4478M, Relocated: 36M, In-Place: 0
[402.404s][info][gc,reloc    ] GC(238) Medium Pages: 6 / 192M, Empty: 160M, Relocated: 0M, In-Place: 0
[402.404s][info][gc,reloc    ] GC(238) Large Pages: 42 / 290M, Empty: 290M, Relocated: 0M, In-Place: 0
[402.404s][info][gc,reloc    ] GC(238) Forwarding Usage: 11M
[402.404s][info][gc,heap     ] GC(238) Min Capacity: 8192M(100%)
[402.404s][info][gc,heap     ] GC(238) Max Capacity: 8192M(100%)
[402.404s][info][gc,heap     ] GC(238) Soft Max Capacity: 8192M(100%)
[402.404s][info][gc,heap     ] GC(238)                Mark Start          Mark End        Relocate Start      Relocate End           High               Low         
[402.404s][info][gc,heap     ] GC(238)  Capacity:     8192M (100%)       8192M (100%)       8192M (100%)       8192M (100%)       8192M (100%)       8192M (100%)   
[402.404s][info][gc,heap     ] GC(238)      Free:     2784M (34%)        2622M (32%)        7536M (92%)        7780M (95%)        7808M (95%)        2614M (32%)    
[402.404s][info][gc,heap     ] GC(238)      Used:     5408M (66%)        5570M (68%)         656M (8%)          412M (5%)         5578M (68%)         384M (5%)     
[402.404s][info][gc,heap     ] GC(238)      Live:         -               151M (2%)          151M (2%)          151M (2%)             -                  -          
[402.404s][info][gc,heap     ] GC(238) Allocated:         -               162M (2%)          176M (2%)          237M (3%)             -                  -          
[402.404s][info][gc,heap     ] GC(238)   Garbage:         -              5256M (64%)         328M (4%)           23M (0%)             -                  -          
[402.404s][info][gc,heap     ] GC(238) Reclaimed:         -                  -              4928M (60%)        5233M (64%)            -                  -          
[402.404s][info][gc          ] GC(238) Garbage Collection (Allocation Rate) 5408M(66%)->412M(5%)
[405.266s][info][gc,start    ] GC(239) Garbage Collection (System.gc())
[405.266s][info][gc,task     ] GC(239) Using 2 workers
[405.266s][info][gc,phases   ] GC(239) Pause Mark Start 0.007ms
[405.328s][info][gc,phases   ] GC(239) Concurrent Mark 61.512ms
[405.328s][info][gc,phases   ] GC(239) Pause Mark End 0.023ms
[405.328s][info][gc,phases   ] GC(239) Concurrent Mark Free 0.002ms
[405.335s][info][gc,phases   ] GC(239) Concurrent Process Non-Strong References 6.254ms
[405.335s][info][gc,phases   ] GC(239) Concurrent Reset Relocation Set 0.014ms
[405.337s][info][gc,phases   ] GC(239) Concurrent Select Relocation Set 2.350ms
[405.337s][info][gc,phases   ] GC(239) Pause Relocate Start 0.010ms
[405.345s][info][gc,phases   ] GC(239) Concurrent Relocate 7.403ms
[405.345s][info][gc,load     ] GC(239) Load: 0.00/0.00/0.00
[405.345s][info][gc,mmu      ] GC(239) MMU: 2ms/80.5%, 5ms/92.2%, 10ms/96.1%, 20ms/96.3%, 50ms/97.1%, 100ms/97.5%
[405.345s][info][gc,marking  ] GC(239) Mark: 2 stripe(s), 1 proactive flush(es), 1 terminate flush(es), 0 completion(s), 0 continuation(s) 
[405.345s][info][gc,marking  ] GC(239) Mark Stack Usage: 32M
[405.345s][info][gc,nmethod  ] GC(239) NMethods: 4825 registered, 3 unregistered
[405.345s][info][gc,metaspace] GC(239) Metaspace: 33M used, 33M committed, 1088M reserved
[405.345s][info][gc,ref      ] GC(239) Soft: 4016 encountered, 0 discovered, 0 enqueued
[405.345s][info][gc,ref      ] GC(239) Weak: 23854 encountered, 23285 discovered, 22138 enqueued
[405.345s][info][gc,ref      ] GC(239) Final: 7 encountered, 7 discovered, 0 enqueued
[405.345s][info][gc,ref      ] GC(239) Phantom: 714 encountered, 641 discovered, 0 enqueued
[405.345s][info][gc,reloc    ] GC(239) Small Pages: 857 / 1714M, Empty: 1056M, Relocated: 10M, In-Place: 0
[405.345s][info][gc,reloc    ] GC(239) Medium Pages: 24 / 768M, Empty: 704M, Relocated: 16M, In-Place: 0
[405.345s][info][gc,reloc    ] GC(239) Large Pages: 215 / 1498M, Empty: 1498M, Relocated: 0M, In-Place: 0
[405.345s][info][gc,reloc    ] GC(239) Forwarding Usage: 3M
[405.345s][info][gc,heap     ] GC(239) Min Capacity: 8192M(100%)
[405.345s][info][gc,heap     ] GC(239) Max Capacity: 8192M(100%)
[405.345s][info][gc,heap     ] GC(239) Soft Max Capacity: 8192M(100%)
[405.345s][info][gc,heap     ] GC(239)                Mark Start          Mark End        Relocate Start      Relocate End           High               Low         
[405.345s][info][gc,heap     ] GC(239)  Capacity:     8192M (100%)       8192M (100%)       8192M (100%)       8192M (100%)       8192M (100%)       8192M (100%)   
[405.345s][info][gc,heap     ] GC(239)      Free:     4212M (51%)        4212M (51%)        7470M (91%)        8046M (98%)        8046M (98%)        4212M (51%)    
[405.345s][info][gc,heap     ] GC(239)      Used:     3980M (49%)        3980M (49%)         722M (9%)          146M (2%)         3980M (49%)         146M (2%)     
[405.345s][info][gc,heap     ] GC(239)      Live:         -               126M (2%)          126M (2%)          126M (2%)             -                  -          
[405.345s][info][gc,heap     ] GC(239) Allocated:         -                 0M (0%)            0M (0%)            0M (0%)             -                  -          
[405.345s][info][gc,heap     ] GC(239)   Garbage:         -              3853M (47%)         595M (7%)           19M (0%)             -                  -          
[405.345s][info][gc,heap     ] GC(239) Reclaimed:         -                  -              3258M (40%)        3834M (47%)            -                  -          
[405.345s][info][gc          ] GC(239) Garbage Collection (System.gc()) 3980M(49%)->146M(2%)
[406.036s][info][gc,start    ] GC(240) Garbage Collection (Allocation Rate)
[406.036s][info][gc,task     ] GC(240) Using 2 workers
[406.036s][info][gc,phases   ] GC(240) Pause Mark Start 0.007ms
[406.130s][info][gc,phases   ] GC(240) Concurrent Mark 93.821ms
[406.130s][info][gc,phases   ] GC(240) Pause Mark End 0.014ms
[406.130s][info][gc,phases   ] GC(240) Concurrent Mark Free 0.001ms
[406.135s][info][gc,phases   ] GC(240) Concurrent Process Non-Strong References 5.340ms
[406.135s][info][gc,phases   ] GC(240) Concurrent Reset Relocation Set 0.022ms
[406.139s][info][gc,phases   ] GC(240) Concurrent Select Relocation Set 3.430ms
[406.139s][info][gc,phases   ] GC(240) Pause Relocate Start 0.009ms
[406.139s][info][gc,phases   ] GC(240) Concurrent Relocate 0.419ms
[406.140s][info][gc,load     ] GC(240) Load: 0.00/0.00/0.00
[406.140s][info][gc,mmu      ] GC(240) MMU: 2ms/80.5%, 5ms/92.2%, 10ms/96.1%, 20ms/96.3%, 50ms/97.1%, 100ms/97.5%
[406.140s][info][gc,marking  ] GC(240) Mark: 2 stripe(s), 3 proactive flush(es), 1 terminate flush(es), 0 completion(s), 0 continuation(s) 
[406.140s][info][gc,marking  ] GC(240) Mark Stack Usage: 32M
[406.140s][info][gc,nmethod  ] GC(240) NMethods: 4827 registered, 3 unregistered
[406.140s][info][gc,metaspace] GC(240) Metaspace: 33M used, 33M committed, 1088M reserved
[406.140s][info][gc,ref      ] GC(240) Soft: 4016 encountered, 0 discovered, 0 enqueued
[406.140s][info][gc,ref      ] GC(240) Weak: 1716 encountered, 49 discovered, 0 enqueued
[406.140s][info][gc,ref      ] GC(240) Final: 7 encountered, 7 discovered, 0 enqueued
[406.140s][info][gc,ref      ] GC(240) Phantom: 714 encountered, 479 discovered, 0 enqueued
[406.140s][info][gc,reloc    ] GC(240) Small Pages: 2578 / 5156M, Empty: 5022M, Relocated: 0M, In-Place: 0
[406.140s][info][gc,reloc    ] GC(240) Medium Pages: 1 / 32M, Empty: 0M, Relocated: 0M, In-Place: 0
[406.140s][info][gc,reloc    ] GC(240) Large Pages: 0 / 0M, Empty: 0M, Relocated: 0M, In-Place: 0
[406.140s][info][gc,reloc    ] GC(240) Forwarding Usage: 0M
[406.140s][info][gc,heap     ] GC(240) Min Capacity: 8192M(100%)
[406.140s][info][gc,heap     ] GC(240) Max Capacity: 8192M(100%)
[406.140s][info][gc,heap     ] GC(240) Soft Max Capacity: 8192M(100%)
[406.140s][info][gc,heap     ] GC(240)                Mark Start          Mark End        Relocate Start      Relocate End           High               Low         
[406.140s][info][gc,heap     ] GC(240)  Capacity:     8192M (100%)       8192M (100%)       8192M (100%)       8192M (100%)       8192M (100%)       8192M (100%)   
[406.140s][info][gc,heap     ] GC(240)      Free:     3004M (37%)        2556M (31%)        7544M (92%)        7558M (92%)        7558M (92%)        2534M (31%)    
[406.140s][info][gc,heap     ] GC(240)      Used:     5188M (63%)        5636M (69%)         648M (8%)          634M (8%)         5658M (69%)         634M (8%)     
[406.140s][info][gc,heap     ] GC(240)      Live:         -               126M (2%)          126M (2%)          126M (2%)             -                  -          
[406.140s][info][gc,heap     ] GC(240) Allocated:         -               448M (5%)          482M (6%)          485M (6%)             -                  -          
[406.140s][info][gc,heap     ] GC(240)   Garbage:         -              5061M (62%)          39M (0%)           21M (0%)             -                  -          
[406.140s][info][gc,heap     ] GC(240) Reclaimed:         -                  -              5022M (61%)        5039M (62%)            -                  -          
[406.140s][info][gc          ] GC(240) Garbage Collection (Allocation Rate) 5188M(63%)->634M(8%)
[407.025s][info][gc,start    ] GC(241) Garbage Collection (Allocation Rate)
[407.025s][info][gc,task     ] GC(241) Using 1 workers
[407.025s][info][gc,phases   ] GC(241) Pause Mark Start 0.007ms
[407.160s][info][gc,phases   ] GC(241) Concurrent Mark 134.710ms
[407.160s][info][gc,phases   ] GC(241) Pause Mark End 0.010ms
[407.160s][info][gc,phases   ] GC(241) Concurrent Mark Free 0.001ms
[407.171s][info][gc,phases   ] GC(241) Concurrent Process Non-Strong References 11.061ms
[407.171s][info][gc,phases   ] GC(241) Concurrent Reset Relocation Set 0.002ms
[407.174s][info][gc,phases   ] GC(241) Concurrent Select Relocation Set 2.925ms
[407.174s][info][gc,phases   ] GC(241) Pause Relocate Start 0.011ms
[407.175s][info][gc,phases   ] GC(241) Concurrent Relocate 0.500ms
[407.175s][info][gc,load     ] GC(241) Load: 0.00/0.00/0.00
[407.175s][info][gc,mmu      ] GC(241) MMU: 2ms/80.5%, 5ms/92.2%, 10ms/96.1%, 20ms/96.3%, 50ms/97.1%, 100ms/97.5%
[407.175s][info][gc,marking  ] GC(241) Mark: 1 stripe(s), 2 proactive flush(es), 1 terminate flush(es), 0 completion(s), 0 continuation(s) 
[407.175s][info][gc,marking  ] GC(241) Mark Stack Usage: 32M
[407.175s][info][gc,nmethod  ] GC(241) NMethods: 4827 registered, 3 unregistered
[407.175s][info][gc,metaspace] GC(241) Metaspace: 33M used, 33M committed, 1088M reserved
[407.175s][info][gc,ref      ] GC(241) Soft: 4016 encountered, 0 discovered, 0 enqueued
[407.175s][info][gc,ref      ] GC(241) Weak: 1734 encountered, 1285 discovered, 0 enqueued
[407.175s][info][gc,ref      ] GC(241) Final: 7 encountered, 7 discovered, 0 enqueued
[407.175s][info][gc,ref      ] GC(241) Phantom: 714 encountered, 665 discovered, 0 enqueued
[407.175s][info][gc,reloc    ] GC(241) Small Pages: 2820 / 5640M, Empty: 5500M, Relocated: 0M, In-Place: 0
[407.175s][info][gc,reloc    ] GC(241) Medium Pages: 1 / 32M, Empty: 0M, Relocated: 0M, In-Place: 0
[407.175s][info][gc,reloc    ] GC(241) Large Pages: 0 / 0M, Empty: 0M, Relocated: 0M, In-Place: 0
[407.175s][info][gc,reloc    ] GC(241) Forwarding Usage: 0M
[407.175s][info][gc,heap     ] GC(241) Min Capacity: 8192M(100%)
[407.175s][info][gc,heap     ] GC(241) Max Capacity: 8192M(100%)
[407.175s][info][gc,heap     ] GC(241) Soft Max Capacity: 8192M(100%)
[407.175s][info][gc,heap     ] GC(241)                Mark Start          Mark End        Relocate Start      Relocate End           High               Low         
[407.175s][info][gc,heap     ] GC(241)  Capacity:     8192M (100%)       8192M (100%)       8192M (100%)       8192M (100%)       8192M (100%)       8192M (100%)   
[407.175s][info][gc,heap     ] GC(241)      Free:     2520M (31%)        1886M (23%)        7336M (90%)        7358M (90%)        7358M (90%)        1840M (22%)    
[407.175s][info][gc,heap     ] GC(241)      Used:     5672M (69%)        6306M (77%)         856M (10%)         834M (10%)        6352M (78%)         834M (10%)    
[407.175s][info][gc,heap     ] GC(241)      Live:         -               126M (2%)          126M (2%)          126M (2%)             -                  -          
[407.175s][info][gc,heap     ] GC(241) Allocated:         -               634M (8%)          684M (8%)          687M (8%)             -                  -          
[407.175s][info][gc,heap     ] GC(241)   Garbage:         -              5545M (68%)          45M (1%)           19M (0%)             -                  -          
[407.175s][info][gc,heap     ] GC(241) Reclaimed:         -                  -              5500M (67%)        5525M (67%)            -                  -          
[407.175s][info][gc          ] GC(241) Garbage Collection (Allocation Rate) 5672M(69%)->834M(10%)
[408.422s][info][gc,start    ] GC(242) Garbage Collection (Allocation Rate)
[408.422s][info][gc,task     ] GC(242) Using 1 workers
[408.422s][info][gc,phases   ] GC(242) Pause Mark Start 0.010ms
[408.547s][info][gc,phases   ] GC(242) Concurrent Mark 124.838ms
[408.548s][info][gc,phases   ] GC(242) Pause Mark End 0.108ms
[408.548s][info][gc,phases   ] GC(242) Concurrent Mark Free 0.001ms
[408.558s][info][gc,phases   ] GC(242) Concurrent Process Non-Strong References 10.636ms
[408.558s][info][gc,phases   ] GC(242) Concurrent Reset Relocation Set 0.002ms
[408.563s][info][gc,phases   ] GC(242) Concurrent Select Relocation Set 4.835ms
[408.563s][info][gc,phases   ] GC(242) Pause Relocate Start 0.013ms
[408.594s][info][gc,phases   ] GC(242) Concurrent Relocate 30.975ms
[408.594s][info][gc,load     ] GC(242) Load: 0.00/0.00/0.00
[408.594s][info][gc,mmu      ] GC(242) MMU: 2ms/80.5%, 5ms/92.2%, 10ms/96.1%, 20ms/96.3%, 50ms/97.1%, 100ms/97.5%
[408.595s][info][gc,marking  ] GC(242) Mark: 1 stripe(s), 10 proactive flush(es), 3 terminate flush(es), 1 completion(s), 0 continuation(s) 
[408.595s][info][gc,marking  ] GC(242) Mark Stack Usage: 32M
[408.595s][info][gc,nmethod  ] GC(242) NMethods: 4827 registered, 3 unregistered
[408.595s][info][gc,metaspace] GC(242) Metaspace: 33M used, 33M committed, 1088M reserved
[408.595s][info][gc,ref      ] GC(242) Soft: 4016 encountered, 0 discovered, 0 enqueued
[408.595s][info][gc,ref      ] GC(242) Weak: 20374 encountered, 16725 discovered, 6267 enqueued
[408.595s][info][gc,ref      ] GC(242) Final: 7 encountered, 7 discovered, 0 enqueued
[408.595s][info][gc,ref      ] GC(242) Phantom: 720 encountered, 671 discovered, 0 enqueued
[408.595s][info][gc,reloc    ] GC(242) Small Pages: 2319 / 4638M, Empty: 4244M, Relocated: 34M, In-Place: 0
[408.595s][info][gc,reloc    ] GC(242) Medium Pages: 5 / 160M, Empty: 128M, Relocated: 0M, In-Place: 0
[408.595s][info][gc,reloc    ] GC(242) Large Pages: 34 / 238M, Empty: 238M, Relocated: 0M, In-Place: 0
[408.595s][info][gc,reloc    ] GC(242) Forwarding Usage: 10M
[408.595s][info][gc,heap     ] GC(242) Min Capacity: 8192M(100%)
[408.595s][info][gc,heap     ] GC(242) Max Capacity: 8192M(100%)
[408.595s][info][gc,heap     ] GC(242) Soft Max Capacity: 8192M(100%)
[408.595s][info][gc,heap     ] GC(242)                Mark Start          Mark End        Relocate Start      Relocate End           High               Low         
[408.595s][info][gc,heap     ] GC(242)  Capacity:     8192M (100%)       8192M (100%)       8192M (100%)       8192M (100%)       8192M (100%)       8192M (100%)   
[408.595s][info][gc,heap     ] GC(242)      Free:     3156M (39%)        3016M (37%)        7614M (93%)        7842M (96%)        7842M (96%)        3004M (37%)    
[408.595s][info][gc,heap     ] GC(242)      Used:     5036M (61%)        5176M (63%)         578M (7%)          350M (4%)         5188M (63%)         350M (4%)     
[408.595s][info][gc,heap     ] GC(242)      Live:         -               148M (2%)          148M (2%)          148M (2%)             -                  -          
[408.595s][info][gc,heap     ] GC(242) Allocated:         -               140M (2%)          152M (2%)          180M (2%)             -                  -          
[408.595s][info][gc,heap     ] GC(242)   Garbage:         -              4887M (60%)         277M (3%)           21M (0%)             -                  -          
[408.595s][info][gc,heap     ] GC(242) Reclaimed:         -                  -              4610M (56%)        4866M (59%)            -                  -          
[408.595s][info][gc          ] GC(242) Garbage Collection (Allocation Rate) 5036M(61%)->350M(4%)
[410.321s][info][gc,stats    ] === Garbage Collection Statistics =======================================================================================================================
[410.321s][info][gc,stats    ]                                                              Last 10s              Last 10m              Last 10h                Total
[410.321s][info][gc,stats    ]                                                              Avg / Max             Avg / Max             Avg / Max             Avg / Max
[410.321s][info][gc,stats    ]   Collector: Garbage Collection Cycle                    138.356 / 180.016     124.951 / 379.439     124.951 / 379.439     124.951 / 379.439     ms
[410.322s][info][gc,stats    ]  Contention: Mark Segment Reset Contention                     0 / 0                 0 / 115               0 / 115               0 / 115         ops/s
[410.322s][info][gc,stats    ]  Contention: Mark SeqNum Reset Contention                      0 / 0                 0 / 2                 0 / 2                 0 / 2           ops/s
[410.322s][info][gc,stats    ]    Critical: Allocation Stall                                  0 / 0                 0 / 0                 0 / 0                 0 / 0           ops/s
[410.322s][info][gc,stats    ]    Critical: Allocation Stall                              0.000 / 0.000         0.000 / 0.000         0.000 / 0.000         0.000 / 0.000       ms
[410.322s][info][gc,stats    ]    Critical: GC Locker Stall                                   0 / 0                 0 / 0                 0 / 0                 0 / 0           ops/s
[410.322s][info][gc,stats    ]    Critical: GC Locker Stall                               0.000 / 0.000         0.000 / 0.000         0.000 / 0.000         0.000 / 0.000       ms
[410.322s][info][gc,stats    ]    Critical: Relocation Stall                                  0 / 0                 0 / 0                 0 / 0                 0 / 0           ops/s
[410.322s][info][gc,stats    ]    Critical: Relocation Stall                              0.000 / 0.000         0.000 / 0.000         0.000 / 0.000         0.000 / 0.000       ms
[410.322s][info][gc,stats    ]      Memory: Allocation Rate                                2865 / 6596           2794 / 6636           2794 / 6636           2794 / 6636        MB/s
[410.322s][info][gc,stats    ]      Memory: Out Of Memory                                     0 / 0                 0 / 0                 0 / 0                 0 / 0           ops/s
[410.322s][info][gc,stats    ]      Memory: Page Cache Flush                                 17 / 174              85 / 664              85 / 664              85 / 664         MB/s
[410.322s][info][gc,stats    ]      Memory: Page Cache Hit L1                              1218 / 3307           1194 / 3321           1194 / 3321           1194 / 3321        ops/s
[410.322s][info][gc,stats    ]      Memory: Page Cache Hit L2                                 0 / 0                 0 / 0                 0 / 0                 0 / 0           ops/s
[410.322s][info][gc,stats    ]      Memory: Page Cache Hit L3                                40 / 228              41 / 635              41 / 635              41 / 635         ops/s
[410.322s][info][gc,stats    ]      Memory: Page Cache Miss                                   1 / 18                9 / 70                9 / 70                9 / 70          ops/s
[410.322s][info][gc,stats    ]      Memory: Uncommit                                          0 / 0                 0 / 0                 0 / 0                 0 / 0           MB/s
[410.322s][info][gc,stats    ]      Memory: Undo Object Allocation Failed                     0 / 0                 0 / 2                 0 / 2                 0 / 2           ops/s
[410.322s][info][gc,stats    ]      Memory: Undo Object Allocation Succeeded                  0 / 4                 0 / 94                0 / 94                0 / 94          ops/s
[410.322s][info][gc,stats    ]      Memory: Undo Page Allocation                              0 / 2                 0 / 8                 0 / 8                 0 / 8           ops/s
[410.322s][info][gc,stats    ]       Phase: Concurrent Mark                             111.112 / 134.710      98.996 / 190.432      98.996 / 190.432      98.996 / 190.432     ms
[410.322s][info][gc,stats    ]       Phase: Concurrent Mark Continue                      0.000 / 0.000        15.374 / 35.578       15.374 / 35.578       15.374 / 35.578      ms
[410.322s][info][gc,stats    ]       Phase: Concurrent Mark Free                          0.001 / 0.002         0.001 / 0.004         0.001 / 0.004         0.001 / 0.004       ms
[410.322s][info][gc,stats    ]       Phase: Concurrent Process Non-Strong References     10.830 / 20.615        8.266 / 31.000        8.266 / 31.000        8.266 / 31.000      ms
[410.322s][info][gc,stats    ]       Phase: Concurrent Relocate                          11.880 / 31.454        9.508 / 76.380        9.508 / 76.380        9.508 / 76.380      ms
[410.322s][info][gc,stats    ]       Phase: Concurrent Reset Relocation Set               0.008 / 0.022         0.010 / 0.049         0.010 / 0.049         0.010 / 0.049       ms
[410.322s][info][gc,stats    ]       Phase: Concurrent Select Relocation Set              3.636 / 5.092         3.582 / 13.402        3.582 / 13.402        3.582 / 13.402      ms
[410.322s][info][gc,stats    ]       Phase: Pause Mark End                                0.029 / 0.108         0.051 / 0.390         0.051 / 0.390         0.051 / 0.390       ms
[410.322s][info][gc,stats    ]       Phase: Pause Mark Start                              0.007 / 0.010         0.008 / 0.022         0.008 / 0.022         0.008 / 0.022       ms
[410.322s][info][gc,stats    ]       Phase: Pause Relocate Start                          0.010 / 0.013         0.011 / 0.046         0.011 / 0.046         0.011 / 0.046       ms
[410.322s][info][gc,stats    ]    Subphase: Concurrent Classes Purge                      0.302 / 0.397         0.251 / 0.574         0.251 / 0.574         0.251 / 0.574       ms
[410.322s][info][gc,stats    ]    Subphase: Concurrent Classes Unlink                     6.872 / 9.895         5.848 / 23.760        5.848 / 23.760        5.848 / 23.760      ms
[410.322s][info][gc,stats    ]    Subphase: Concurrent Mark                              99.336 / 133.864      77.733 / 189.582      77.733 / 189.582      77.733 / 189.582     ms
[410.322s][info][gc,stats    ]    Subphase: Concurrent Mark Try Flush                     0.079 / 0.514         0.497 / 30.486        0.497 / 30.486        0.497 / 30.486      ms
[410.322s][info][gc,stats    ]    Subphase: Concurrent Mark Try Terminate                 2.290 / 15.986        2.987 / 24.568        2.987 / 24.568        2.987 / 24.568      ms
[410.322s][info][gc,stats    ]    Subphase: Concurrent References Enqueue                 0.004 / 0.007         0.003 / 0.008         0.003 / 0.008         0.003 / 0.008       ms
[410.322s][info][gc,stats    ]    Subphase: Concurrent References Process                 1.087 / 2.381         0.998 / 3.217         0.998 / 3.217         0.998 / 3.217       ms
[410.322s][info][gc,stats    ]    Subphase: Concurrent Roots ClassLoaderDataGraph         0.125 / 0.243         0.108 / 0.537         0.108 / 0.537         0.108 / 0.537       ms
[410.322s][info][gc,stats    ]    Subphase: Concurrent Roots CodeCache                    0.000 / 0.000         0.000 / 0.000         0.000 / 0.000         0.000 / 0.000       ms
[410.322s][info][gc,stats    ]    Subphase: Concurrent Roots JavaThreads                  0.423 / 0.798         0.359 / 1.258         0.359 / 1.258         0.359 / 1.258       ms
[410.322s][info][gc,stats    ]    Subphase: Concurrent Roots OopStorageSet                0.030 / 0.056         0.030 / 0.124         0.030 / 0.124         0.030 / 0.124       ms
[410.322s][info][gc,stats    ]    Subphase: Concurrent Weak Roots OopStorageSet           0.302 / 0.423         0.303 / 1.123         0.303 / 1.123         0.303 / 1.123       ms
[410.322s][info][gc,stats    ]    Subphase: Pause Mark Try Complete                       0.064 / 0.064         0.146 / 0.301         0.146 / 0.301         0.146 / 0.301       ms
[410.322s][info][gc,stats    ]      System: Java Threads                                     19 / 21               19 / 22               19 / 22               19 / 22          threads
[410.322s][info][gc,stats    ] =========================================================================================================================================================
[411.474s][info][gc,start    ] GC(243) Garbage Collection (System.gc())
[411.474s][info][gc,task     ] GC(243) Using 2 workers
[411.474s][info][gc,phases   ] GC(243) Pause Mark Start 0.007ms
[411.529s][info][gc,phases   ] GC(243) Concurrent Mark 55.160ms
[411.529s][info][gc,phases   ] GC(243) Pause Mark End 0.022ms
[411.529s][info][gc,phases   ] GC(243) Concurrent Mark Free 0.002ms
[411.535s][info][gc,phases   ] GC(243) Concurrent Process Non-Strong References 5.869ms
[411.535s][info][gc,phases   ] GC(243) Concurrent Reset Relocation Set 0.013ms
[411.537s][info][gc,phases   ] GC(243) Concurrent Select Relocation Set 2.084ms
[411.538s][info][gc,phases   ] GC(243) Pause Relocate Start 0.010ms
[411.545s][info][gc,phases   ] GC(243) Concurrent Relocate 6.898ms
[411.545s][info][gc,load     ] GC(243) Load: 0.00/0.00/0.00
[411.545s][info][gc,mmu      ] GC(243) MMU: 2ms/80.5%, 5ms/92.2%, 10ms/96.1%, 20ms/96.3%, 50ms/97.1%, 100ms/97.5%
[411.545s][info][gc,marking  ] GC(243) Mark: 2 stripe(s), 1 proactive flush(es), 1 terminate flush(es), 0 completion(s), 0 continuation(s) 
[411.545s][info][gc,marking  ] GC(243) Mark Stack Usage: 32M
[411.545s][info][gc,nmethod  ] GC(243) NMethods: 4827 registered, 3 unregistered
[411.545s][info][gc,metaspace] GC(243) Metaspace: 33M used, 33M committed, 1088M reserved
[411.545s][info][gc,ref      ] GC(243) Soft: 4016 encountered, 0 discovered, 0 enqueued
[411.545s][info][gc,ref      ] GC(243) Weak: 23033 encountered, 21783 discovered, 21319 enqueued
[411.545s][info][gc,ref      ] GC(243) Final: 7 encountered, 5 discovered, 0 enqueued
[411.545s][info][gc,ref      ] GC(243) Phantom: 714 encountered, 647 discovered, 0 enqueued
[411.545s][info][gc,reloc    ] GC(243) Small Pages: 856 / 1712M, Empty: 1020M, Relocated: 10M, In-Place: 0
[411.545s][info][gc,reloc    ] GC(243) Medium Pages: 23 / 736M, Empty: 672M, Relocated: 16M, In-Place: 0
[411.545s][info][gc,reloc    ] GC(243) Large Pages: 206 / 1432M, Empty: 1432M, Relocated: 0M, In-Place: 0
[411.545s][info][gc,reloc    ] GC(243) Forwarding Usage: 3M
[411.545s][info][gc,heap     ] GC(243) Min Capacity: 8192M(100%)
[411.545s][info][gc,heap     ] GC(243) Max Capacity: 8192M(100%)
[411.545s][info][gc,heap     ] GC(243) Soft Max Capacity: 8192M(100%)
[411.545s][info][gc,heap     ] GC(243)                Mark Start          Mark End        Relocate Start      Relocate End           High               Low         
[411.545s][info][gc,heap     ] GC(243)  Capacity:     8192M (100%)       8192M (100%)       8192M (100%)       8192M (100%)       8192M (100%)       8192M (100%)   
[411.545s][info][gc,heap     ] GC(243)      Free:     4312M (53%)        4312M (53%)        7436M (91%)        8046M (98%)        8046M (98%)        4312M (53%)    
[411.545s][info][gc,heap     ] GC(243)      Used:     3880M (47%)        3880M (47%)         756M (9%)          146M (2%)         3880M (47%)         146M (2%)     
[411.545s][info][gc,heap     ] GC(243)      Live:         -               126M (2%)          126M (2%)          126M (2%)             -                  -          
[411.545s][info][gc,heap     ] GC(243) Allocated:         -                 0M (0%)            0M (0%)            0M (0%)             -                  -          
[411.545s][info][gc,heap     ] GC(243)   Garbage:         -              3753M (46%)         629M (8%)           19M (0%)             -                  -          
[411.545s][info][gc,heap     ] GC(243) Reclaimed:         -                  -              3124M (38%)        3734M (46%)            -                  -          
[411.545s][info][gc          ] GC(243) Garbage Collection (System.gc()) 3880M(47%)->146M(2%)
[412.235s][info][gc,start    ] GC(244) Garbage Collection (Allocation Rate)
[412.236s][info][gc,task     ] GC(244) Using 2 workers
[412.236s][info][gc,phases   ] GC(244) Pause Mark Start 0.005ms
[412.314s][info][gc,phases   ] GC(244) Concurrent Mark 77.702ms
[412.314s][info][gc,phases   ] GC(244) Pause Mark End 0.014ms
[412.314s][info][gc,phases   ] GC(244) Concurrent Mark Free 0.001ms
[412.320s][info][gc,phases   ] GC(244) Concurrent Process Non-Strong References 5.904ms
[412.320s][info][gc,phases   ] GC(244) Concurrent Reset Relocation Set 0.030ms
[412.324s][info][gc,phases   ] GC(244) Concurrent Select Relocation Set 3.804ms
[412.324s][info][gc,phases   ] GC(244) Pause Relocate Start 0.010ms
[412.324s][info][gc,phases   ] GC(244) Concurrent Relocate 0.438ms
[412.324s][info][gc,load     ] GC(244) Load: 0.00/0.00/0.00
[412.324s][info][gc,mmu      ] GC(244) MMU: 2ms/80.5%, 5ms/92.2%, 10ms/96.1%, 20ms/96.3%, 50ms/97.1%, 100ms/97.5%
[412.324s][info][gc,marking  ] GC(244) Mark: 2 stripe(s), 2 proactive flush(es), 1 terminate flush(es), 0 completion(s), 0 continuation(s) 
[412.324s][info][gc,marking  ] GC(244) Mark Stack Usage: 32M
[412.324s][info][gc,nmethod  ] GC(244) NMethods: 4828 registered, 3 unregistered
[412.324s][info][gc,metaspace] GC(244) Metaspace: 33M used, 33M committed, 1088M reserved
[412.324s][info][gc,ref      ] GC(244) Soft: 4016 encountered, 0 discovered, 0 enqueued
[412.324s][info][gc,ref      ] GC(244) Weak: 1723 encountered, 52 discovered, 0 enqueued
[412.324s][info][gc,ref      ] GC(244) Final: 7 encountered, 7 discovered, 0 enqueued
[412.324s][info][gc,ref      ] GC(244) Phantom: 714 encountered, 651 discovered, 0 enqueued
[412.324s][info][gc,reloc    ] GC(244) Small Pages: 2570 / 5140M, Empty: 5010M, Relocated: 0M, In-Place: 0
[412.324s][info][gc,reloc    ] GC(244) Medium Pages: 1 / 32M, Empty: 0M, Relocated: 0M, In-Place: 0
[412.324s][info][gc,reloc    ] GC(244) Large Pages: 0 / 0M, Empty: 0M, Relocated: 0M, In-Place: 0
[412.324s][info][gc,reloc    ] GC(244) Forwarding Usage: 0M
[412.325s][info][gc,heap     ] GC(244) Min Capacity: 8192M(100%)
[412.325s][info][gc,heap     ] GC(244) Max Capacity: 8192M(100%)
[412.325s][info][gc,heap     ] GC(244) Soft Max Capacity: 8192M(100%)
[412.325s][info][gc,heap     ] GC(244)                Mark Start          Mark End        Relocate Start      Relocate End           High               Low         
[412.325s][info][gc,heap     ] GC(244)  Capacity:     8192M (100%)       8192M (100%)       8192M (100%)       8192M (100%)       8192M (100%)       8192M (100%)   
[412.325s][info][gc,heap     ] GC(244)      Free:     3020M (37%)        2648M (32%)        7608M (93%)        7620M (93%)        7620M (93%)        2618M (32%)    
[412.325s][info][gc,heap     ] GC(244)      Used:     5172M (63%)        5544M (68%)         584M (7%)          572M (7%)         5574M (68%)         572M (7%)     
[412.325s][info][gc,heap     ] GC(244)      Live:         -               126M (2%)          126M (2%)          126M (2%)             -                  -          
[412.325s][info][gc,heap     ] GC(244) Allocated:         -               372M (5%)          422M (5%)          424M (5%)             -                  -          
[412.325s][info][gc,heap     ] GC(244)   Garbage:         -              5045M (62%)          35M (0%)           21M (0%)             -                  -          
[412.325s][info][gc,heap     ] GC(244) Reclaimed:         -                  -              5010M (61%)        5024M (61%)            -                  -          
[412.325s][info][gc          ] GC(244) Garbage Collection (Allocation Rate) 5172M(63%)->572M(7%)
[413.334s][info][gc,start    ] GC(245) Garbage Collection (Allocation Rate)
[413.334s][info][gc,task     ] GC(245) Using 1 workers
[413.334s][info][gc,phases   ] GC(245) Pause Mark Start 0.008ms
[413.461s][info][gc,phases   ] GC(245) Concurrent Mark 126.591ms
[413.461s][info][gc,phases   ] GC(245) Pause Mark End 0.011ms
[413.461s][info][gc,phases   ] GC(245) Concurrent Mark Free 0.001ms
[413.472s][info][gc,phases   ] GC(245) Concurrent Process Non-Strong References 10.809ms
[413.472s][info][gc,phases   ] GC(245) Concurrent Reset Relocation Set 0.004ms
[413.476s][info][gc,phases   ] GC(245) Concurrent Select Relocation Set 3.418ms
[413.476s][info][gc,phases   ] GC(245) Pause Relocate Start 0.017ms
[413.476s][info][gc,phases   ] GC(245) Concurrent Relocate 0.505ms
[413.476s][info][gc,load     ] GC(245) Load: 0.00/0.00/0.00
[413.476s][info][gc,mmu      ] GC(245) MMU: 2ms/80.5%, 5ms/92.2%, 10ms/96.1%, 20ms/96.3%, 50ms/97.1%, 100ms/97.5%
[413.476s][info][gc,marking  ] GC(245) Mark: 1 stripe(s), 2 proactive flush(es), 1 terminate flush(es), 0 completion(s), 0 continuation(s) 
[413.476s][info][gc,marking  ] GC(245) Mark Stack Usage: 32M
[413.476s][info][gc,nmethod  ] GC(245) NMethods: 4828 registered, 3 unregistered
[413.476s][info][gc,metaspace] GC(245) Metaspace: 33M used, 33M committed, 1088M reserved
[413.476s][info][gc,ref      ] GC(245) Soft: 4016 encountered, 0 discovered, 0 enqueued
[413.476s][info][gc,ref      ] GC(245) Weak: 1732 encountered, 1284 discovered, 0 enqueued
[413.476s][info][gc,ref      ] GC(245) Final: 7 encountered, 7 discovered, 0 enqueued
[413.476s][info][gc,ref      ] GC(245) Phantom: 714 encountered, 665 discovered, 0 enqueued
[413.476s][info][gc,reloc    ] GC(245) Small Pages: 3145 / 6290M, Empty: 6146M, Relocated: 0M, In-Place: 0
[413.476s][info][gc,reloc    ] GC(245) Medium Pages: 1 / 32M, Empty: 0M, Relocated: 0M, In-Place: 0
[413.476s][info][gc,reloc    ] GC(245) Large Pages: 0 / 0M, Empty: 0M, Relocated: 0M, In-Place: 0
[413.476s][info][gc,reloc    ] GC(245) Forwarding Usage: 0M
[413.476s][info][gc,heap     ] GC(245) Min Capacity: 8192M(100%)
[413.476s][info][gc,heap     ] GC(245) Max Capacity: 8192M(100%)
[413.476s][info][gc,heap     ] GC(245) Soft Max Capacity: 8192M(100%)
[413.477s][info][gc,heap     ] GC(245)                Mark Start          Mark End        Relocate Start      Relocate End           High               Low         
[413.477s][info][gc,heap     ] GC(245)  Capacity:     8192M (100%)       8192M (100%)       8192M (100%)       8192M (100%)       8192M (100%)       8192M (100%)   
[413.477s][info][gc,heap     ] GC(245)      Free:     1870M (23%)        1364M (17%)        7452M (91%)        7474M (91%)        7476M (91%)        1320M (16%)    
[413.477s][info][gc,heap     ] GC(245)      Used:     6322M (77%)        6828M (83%)         740M (9%)          718M (9%)         6872M (84%)         716M (9%)     
[413.477s][info][gc,heap     ] GC(245)      Live:         -               126M (2%)          126M (2%)          126M (2%)             -                  -          
[413.477s][info][gc,heap     ] GC(245) Allocated:         -               506M (6%)          564M (7%)          571M (7%)             -                  -          
[413.477s][info][gc,heap     ] GC(245)   Garbage:         -              6195M (76%)          49M (1%)           19M (0%)             -                  -          
[413.477s][info][gc,heap     ] GC(245) Reclaimed:         -                  -              6146M (75%)        6175M (75%)            -                  -          
[413.477s][info][gc          ] GC(245) Garbage Collection (Allocation Rate) 6322M(77%)->718M(9%)
[417.589s][info][gc,start    ] GC(246) Garbage Collection (System.gc())
[417.589s][info][gc,task     ] GC(246) Using 2 workers
[417.590s][info][gc,phases   ] GC(246) Pause Mark Start 0.006ms
[417.646s][info][gc,phases   ] GC(246) Concurrent Mark 56.577ms
[417.646s][info][gc,phases   ] GC(246) Pause Mark End 0.024ms
[417.647s][info][gc,phases   ] GC(246) Concurrent Mark Free 0.002ms
[417.653s][info][gc,phases   ] GC(246) Concurrent Process Non-Strong References 6.289ms
[417.653s][info][gc,phases   ] GC(246) Concurrent Reset Relocation Set 0.003ms
[417.656s][info][gc,phases   ] GC(246) Concurrent Select Relocation Set 3.295ms
[417.656s][info][gc,phases   ] GC(246) Pause Relocate Start 0.009ms
[417.662s][info][gc,phases   ] GC(246) Concurrent Relocate 5.590ms
[417.662s][info][gc,load     ] GC(246) Load: 0.00/0.00/0.00
[417.662s][info][gc,mmu      ] GC(246) MMU: 2ms/80.5%, 5ms/92.2%, 10ms/96.1%, 20ms/96.3%, 50ms/97.1%, 100ms/97.5%
[417.662s][info][gc,marking  ] GC(246) Mark: 2 stripe(s), 1 proactive flush(es), 1 terminate flush(es), 0 completion(s), 0 continuation(s) 
[417.662s][info][gc,marking  ] GC(246) Mark Stack Usage: 32M
[417.662s][info][gc,nmethod  ] GC(246) NMethods: 4828 registered, 3 unregistered
[417.662s][info][gc,metaspace] GC(246) Metaspace: 33M used, 33M committed, 1088M reserved
[417.662s][info][gc,ref      ] GC(246) Soft: 4016 encountered, 0 discovered, 0 enqueued
[417.662s][info][gc,ref      ] GC(246) Weak: 24143 encountered, 22784 discovered, 22429 enqueued
[417.662s][info][gc,ref      ] GC(246) Final: 7 encountered, 5 discovered, 0 enqueued
[417.662s][info][gc,ref      ] GC(246) Phantom: 714 encountered, 641 discovered, 0 enqueued
[417.662s][info][gc,reloc    ] GC(246) Small Pages: 2717 / 5434M, Empty: 4750M, Relocated: 10M, In-Place: 0
[417.662s][info][gc,reloc    ] GC(246) Medium Pages: 24 / 768M, Empty: 736M, Relocated: 0M, In-Place: 0
[417.662s][info][gc,reloc    ] GC(246) Large Pages: 223 / 1558M, Empty: 1558M, Relocated: 0M, In-Place: 0
[417.662s][info][gc,reloc    ] GC(246) Forwarding Usage: 3M
[417.662s][info][gc,heap     ] GC(246) Min Capacity: 8192M(100%)
[417.662s][info][gc,heap     ] GC(246) Max Capacity: 8192M(100%)
[417.662s][info][gc,heap     ] GC(246) Soft Max Capacity: 8192M(100%)
[417.662s][info][gc,heap     ] GC(246)                Mark Start          Mark End        Relocate Start      Relocate End           High               Low         
[417.662s][info][gc,heap     ] GC(246)  Capacity:     8192M (100%)       8192M (100%)       8192M (100%)       8192M (100%)       8192M (100%)       8192M (100%)   
[417.662s][info][gc,heap     ] GC(246)      Free:      432M (5%)          432M (5%)         7476M (91%)        8046M (98%)        8046M (98%)         432M (5%)     
[417.662s][info][gc,heap     ] GC(246)      Used:     7760M (95%)        7760M (95%)         716M (9%)          146M (2%)         7760M (95%)         146M (2%)     
[417.663s][info][gc,heap     ] GC(246)      Live:         -               123M (2%)          123M (2%)          123M (2%)             -                  -          
[417.663s][info][gc,heap     ] GC(246) Allocated:         -                 0M (0%)            0M (0%)            0M (0%)             -                  -          
[417.663s][info][gc,heap     ] GC(246)   Garbage:         -              7636M (93%)         592M (7%)           22M (0%)             -                  -          
[417.663s][info][gc,heap     ] GC(246) Reclaimed:         -                  -              7044M (86%)        7614M (93%)            -                  -          
[417.663s][info][gc          ] GC(246) Garbage Collection (System.gc()) 7760M(95%)->146M(2%)
[418.431s][info][gc,start    ] GC(247) Garbage Collection (Allocation Rate)
[418.431s][info][gc,task     ] GC(247) Using 2 workers
[418.431s][info][gc,phases   ] GC(247) Pause Mark Start 0.008ms
[418.494s][info][gc,phases   ] GC(247) Concurrent Mark 62.453ms
[418.494s][info][gc,phases   ] GC(247) Pause Mark End 0.019ms
[418.494s][info][gc,phases   ] GC(247) Concurrent Mark Free 0.000ms
[418.499s][info][gc,phases   ] GC(247) Concurrent Process Non-Strong References 5.265ms
[418.499s][info][gc,phases   ] GC(247) Concurrent Reset Relocation Set 0.023ms
[418.503s][info][gc,phases   ] GC(247) Concurrent Select Relocation Set 4.002ms
[418.503s][info][gc,phases   ] GC(247) Pause Relocate Start 0.008ms
[418.504s][info][gc,phases   ] GC(247) Concurrent Relocate 0.511ms
[418.504s][info][gc,load     ] GC(247) Load: 0.00/0.00/0.00
[418.504s][info][gc,mmu      ] GC(247) MMU: 2ms/80.5%, 5ms/92.2%, 10ms/96.1%, 20ms/96.3%, 50ms/97.1%, 100ms/97.5%
[418.504s][info][gc,marking  ] GC(247) Mark: 2 stripe(s), 2 proactive flush(es), 1 terminate flush(es), 0 completion(s), 0 continuation(s) 
[418.504s][info][gc,marking  ] GC(247) Mark Stack Usage: 32M
[418.504s][info][gc,nmethod  ] GC(247) NMethods: 4828 registered, 3 unregistered
[418.504s][info][gc,metaspace] GC(247) Metaspace: 33M used, 33M committed, 1088M reserved
[418.504s][info][gc,ref      ] GC(247) Soft: 4016 encountered, 0 discovered, 0 enqueued
[418.504s][info][gc,ref      ] GC(247) Weak: 1732 encountered, 77 discovered, 0 enqueued
[418.504s][info][gc,ref      ] GC(247) Final: 7 encountered, 7 discovered, 0 enqueued
[418.504s][info][gc,ref      ] GC(247) Phantom: 714 encountered, 556 discovered, 0 enqueued
[418.504s][info][gc,reloc    ] GC(247) Small Pages: 2779 / 5558M, Empty: 5420M, Relocated: 1M, In-Place: 0
[418.504s][info][gc,reloc    ] GC(247) Medium Pages: 1 / 32M, Empty: 0M, Relocated: 0M, In-Place: 0
[418.504s][info][gc,reloc    ] GC(247) Large Pages: 0 / 0M, Empty: 0M, Relocated: 0M, In-Place: 0
[418.504s][info][gc,reloc    ] GC(247) Forwarding Usage: 0M
[418.504s][info][gc,heap     ] GC(247) Min Capacity: 8192M(100%)
[418.504s][info][gc,heap     ] GC(247) Max Capacity: 8192M(100%)
[418.504s][info][gc,heap     ] GC(247) Soft Max Capacity: 8192M(100%)
[418.504s][info][gc,heap     ] GC(247)                Mark Start          Mark End        Relocate Start      Relocate End           High               Low         
[418.504s][info][gc,heap     ] GC(247)  Capacity:     8192M (100%)       8192M (100%)       8192M (100%)       8192M (100%)       8192M (100%)       8192M (100%)   
[418.504s][info][gc,heap     ] GC(247)      Free:     2602M (32%)        2414M (29%)        7796M (95%)        7814M (95%)        7814M (95%)        2394M (29%)    
[418.504s][info][gc,heap     ] GC(247)      Used:     5590M (68%)        5778M (71%)         396M (5%)          378M (5%)         5798M (71%)         378M (5%)     
[418.504s][info][gc,heap     ] GC(247)      Live:         -               123M (2%)          123M (2%)          123M (2%)             -                  -          
[418.504s][info][gc,heap     ] GC(247) Allocated:         -               188M (2%)          226M (3%)          229M (3%)             -                  -          
[418.504s][info][gc,heap     ] GC(247)   Garbage:         -              5466M (67%)          46M (1%)           24M (0%)             -                  -          
[418.504s][info][gc,heap     ] GC(247) Reclaimed:         -                  -              5420M (66%)        5441M (66%)            -                  -          
[418.504s][info][gc          ] GC(247) Garbage Collection (Allocation Rate) 5590M(68%)->378M(5%)
[419.623s][info][gc,start    ] GC(248) Garbage Collection (Allocation Rate)
[419.623s][info][gc,task     ] GC(248) Using 1 workers
[419.624s][info][gc,phases   ] GC(248) Pause Mark Start 0.007ms
[419.735s][info][gc,phases   ] GC(248) Concurrent Mark 111.739ms
[419.735s][info][gc,phases   ] GC(248) Pause Mark End 0.012ms
[419.736s][info][gc,phases   ] GC(248) Concurrent Mark Free 0.001ms
[419.746s][info][gc,phases   ] GC(248) Concurrent Process Non-Strong References 10.330ms
[419.746s][info][gc,phases   ] GC(248) Concurrent Reset Relocation Set 0.002ms
[419.749s][info][gc,phases   ] GC(248) Concurrent Select Relocation Set 2.691ms
[419.749s][info][gc,phases   ] GC(248) Pause Relocate Start 0.008ms
[419.750s][info][gc,phases   ] GC(248) Concurrent Relocate 0.707ms
[419.750s][info][gc,load     ] GC(248) Load: 0.00/0.00/0.00
[419.750s][info][gc,mmu      ] GC(248) MMU: 2ms/80.5%, 5ms/92.2%, 10ms/96.1%, 20ms/96.3%, 50ms/97.1%, 100ms/97.5%
[419.750s][info][gc,marking  ] GC(248) Mark: 1 stripe(s), 2 proactive flush(es), 1 terminate flush(es), 0 completion(s), 0 continuation(s) 
[419.750s][info][gc,marking  ] GC(248) Mark Stack Usage: 32M
[419.750s][info][gc,nmethod  ] GC(248) NMethods: 4828 registered, 3 unregistered
[419.750s][info][gc,metaspace] GC(248) Metaspace: 33M used, 33M committed, 1088M reserved
[419.750s][info][gc,ref      ] GC(248) Soft: 4016 encountered, 0 discovered, 0 enqueued
[419.750s][info][gc,ref      ] GC(248) Weak: 1732 encountered, 1284 discovered, 0 enqueued
[419.750s][info][gc,ref      ] GC(248) Final: 7 encountered, 7 discovered, 0 enqueued
[419.750s][info][gc,ref      ] GC(248) Phantom: 714 encountered, 665 discovered, 0 enqueued
[419.750s][info][gc,reloc    ] GC(248) Small Pages: 3271 / 6542M, Empty: 6408M, Relocated: 1M, In-Place: 0
[419.750s][info][gc,reloc    ] GC(248) Medium Pages: 1 / 32M, Empty: 0M, Relocated: 0M, In-Place: 0
[419.750s][info][gc,reloc    ] GC(248) Large Pages: 0 / 0M, Empty: 0M, Relocated: 0M, In-Place: 0
[419.750s][info][gc,reloc    ] GC(248) Forwarding Usage: 0M
[419.750s][info][gc,heap     ] GC(248) Min Capacity: 8192M(100%)
[419.750s][info][gc,heap     ] GC(248) Max Capacity: 8192M(100%)
[419.750s][info][gc,heap     ] GC(248) Soft Max Capacity: 8192M(100%)
[419.750s][info][gc,heap     ] GC(248)                Mark Start          Mark End        Relocate Start      Relocate End           High               Low         
[419.750s][info][gc,heap     ] GC(248)  Capacity:     8192M (100%)       8192M (100%)       8192M (100%)       8192M (100%)       8192M (100%)       8192M (100%)   
[419.750s][info][gc,heap     ] GC(248)      Free:     1618M (20%)        1274M (16%)        7638M (93%)        7656M (93%)        7656M (93%)        1240M (15%)    
[419.750s][info][gc,heap     ] GC(248)      Used:     6574M (80%)        6918M (84%)         554M (7%)          536M (7%)         6952M (85%)         536M (7%)     
[419.750s][info][gc,heap     ] GC(248)      Live:         -               123M (2%)          123M (2%)          123M (2%)             -                  -          
[419.750s][info][gc,heap     ] GC(248) Allocated:         -               344M (4%)          388M (5%)          389M (5%)             -                  -          
[419.750s][info][gc,heap     ] GC(248)   Garbage:         -              6450M (79%)          42M (1%)           22M (0%)             -                  -          
[419.750s][info][gc,heap     ] GC(248) Reclaimed:         -                  -              6408M (78%)        6427M (78%)            -                  -          
[419.750s][info][gc          ] GC(248) Garbage Collection (Allocation Rate) 6574M(80%)->536M(7%)
[420.321s][info][gc,stats    ] === Garbage Collection Statistics =======================================================================================================================
[420.321s][info][gc,stats    ]                                                              Last 10s              Last 10m              Last 10h                Total
[420.321s][info][gc,stats    ]                                                              Avg / Max             Avg / Max             Avg / Max             Avg / Max
[420.321s][info][gc,stats    ]   Collector: Garbage Collection Cycle                     95.698 / 142.236     124.247 / 379.439     124.247 / 379.439     124.247 / 379.439     ms
[420.321s][info][gc,stats    ]  Contention: Mark Segment Reset Contention                     1 / 11                0 / 115               0 / 115               0 / 115         ops/s
[420.321s][info][gc,stats    ]  Contention: Mark SeqNum Reset Contention                      0 / 0                 0 / 2                 0 / 2                 0 / 2           ops/s
[420.321s][info][gc,stats    ]    Critical: Allocation Stall                                  0 / 0                 0 / 0                 0 / 0                 0 / 0           ops/s
[420.321s][info][gc,stats    ]    Critical: Allocation Stall                              0.000 / 0.000         0.000 / 0.000         0.000 / 0.000         0.000 / 0.000       ms
[420.321s][info][gc,stats    ]    Critical: GC Locker Stall                                   0 / 0                 0 / 0                 0 / 0                 0 / 0           ops/s
[420.321s][info][gc,stats    ]    Critical: GC Locker Stall                               0.000 / 0.000         0.000 / 0.000         0.000 / 0.000         0.000 / 0.000       ms
[420.321s][info][gc,stats    ]    Critical: Relocation Stall                                  0 / 0                 0 / 0                 0 / 0                 0 / 0           ops/s
[420.321s][info][gc,stats    ]    Critical: Relocation Stall                              0.000 / 0.000         0.000 / 0.000         0.000 / 0.000         0.000 / 0.000       ms
[420.321s][info][gc,stats    ]      Memory: Allocation Rate                                3497 / 5722           2811 / 6636           2811 / 6636           2811 / 6636        MB/s
[420.321s][info][gc,stats    ]      Memory: Out Of Memory                                     0 / 0                 0 / 0                 0 / 0                 0 / 0           ops/s
[420.321s][info][gc,stats    ]      Memory: Page Cache Flush                                130 / 636              86 / 664              86 / 664              86 / 664         MB/s
[420.321s][info][gc,stats    ]      Memory: Page Cache Hit L1                              1546 / 2788           1203 / 3321           1203 / 3321           1203 / 3321        ops/s
[420.321s][info][gc,stats    ]      Memory: Page Cache Hit L2                                 0 / 0                 0 / 0                 0 / 0                 0 / 0           ops/s
[420.321s][info][gc,stats    ]      Memory: Page Cache Hit L3                                72 / 379              41 / 635              41 / 635              41 / 635         ops/s
[420.321s][info][gc,stats    ]      Memory: Page Cache Miss                                  14 / 66                9 / 70                9 / 70                9 / 70          ops/s
[420.321s][info][gc,stats    ]      Memory: Uncommit                                          0 / 0                 0 / 0                 0 / 0                 0 / 0           MB/s
[420.321s][info][gc,stats    ]      Memory: Undo Object Allocation Failed                     0 / 0                 0 / 2                 0 / 2                 0 / 2           ops/s
[420.321s][info][gc,stats    ]      Memory: Undo Object Allocation Succeeded                  0 / 1                 0 / 94                0 / 94                0 / 94          ops/s
[420.321s][info][gc,stats    ]      Memory: Undo Page Allocation                              1 / 8                 0 / 8                 0 / 8                 0 / 8           ops/s
[420.321s][info][gc,stats    ]       Phase: Concurrent Mark                              81.704 / 126.591      98.580 / 190.432      98.580 / 190.432      98.580 / 190.432     ms
[420.321s][info][gc,stats    ]       Phase: Concurrent Mark Continue                      0.000 / 0.000        15.374 / 35.578       15.374 / 35.578       15.374 / 35.578      ms
[420.321s][info][gc,stats    ]       Phase: Concurrent Mark Free                          0.001 / 0.002         0.001 / 0.004         0.001 / 0.004         0.001 / 0.004       ms
[420.321s][info][gc,stats    ]       Phase: Concurrent Process Non-Strong References      7.411 / 10.809        8.245 / 31.000        8.245 / 31.000        8.245 / 31.000      ms
[420.321s][info][gc,stats    ]       Phase: Concurrent Relocate                           2.442 / 6.898         9.337 / 76.380        9.337 / 76.380        9.337 / 76.380      ms
[420.321s][info][gc,stats    ]       Phase: Concurrent Reset Relocation Set               0.012 / 0.030         0.010 / 0.049         0.010 / 0.049         0.010 / 0.049       ms
[420.321s][info][gc,stats    ]       Phase: Concurrent Select Relocation Set              3.216 / 4.002         3.573 / 13.402        3.573 / 13.402        3.573 / 13.402      ms
[420.321s][info][gc,stats    ]       Phase: Pause Mark End                                0.017 / 0.024         0.050 / 0.390         0.050 / 0.390         0.050 / 0.390       ms
[420.321s][info][gc,stats    ]       Phase: Pause Mark Start                              0.007 / 0.008         0.008 / 0.022         0.008 / 0.022         0.008 / 0.022       ms
[420.321s][info][gc,stats    ]       Phase: Pause Relocate Start                          0.010 / 0.017         0.010 / 0.046         0.010 / 0.046         0.010 / 0.046       ms
[420.321s][info][gc,stats    ]    Subphase: Concurrent Classes Purge                      0.258 / 0.370         0.251 / 0.574         0.251 / 0.574         0.251 / 0.574       ms
[420.321s][info][gc,stats    ]    Subphase: Concurrent Classes Unlink                     5.911 / 9.668         5.850 / 23.760        5.850 / 23.760        5.850 / 23.760      ms
[420.321s][info][gc,stats    ]    Subphase: Concurrent Mark                              71.759 / 125.817      77.594 / 189.582      77.594 / 189.582      77.594 / 189.582     ms
[420.321s][info][gc,stats    ]    Subphase: Concurrent Mark Try Flush                     0.083 / 0.180         0.491 / 30.486        0.491 / 30.486        0.491 / 30.486      ms
[420.321s][info][gc,stats    ]    Subphase: Concurrent Mark Try Terminate                 1.960 / 13.536        2.966 / 24.568        2.966 / 24.568        2.966 / 24.568      ms
[420.321s][info][gc,stats    ]    Subphase: Concurrent References Enqueue                 0.003 / 0.008         0.003 / 0.008         0.003 / 0.008         0.003 / 0.008       ms
[420.321s][info][gc,stats    ]    Subphase: Concurrent References Process                 0.797 / 2.019         0.993 / 3.217         0.993 / 3.217         0.993 / 3.217       ms
[420.321s][info][gc,stats    ]    Subphase: Concurrent Roots ClassLoaderDataGraph         0.085 / 0.152         0.108 / 0.537         0.108 / 0.537         0.108 / 0.537       ms
[420.321s][info][gc,stats    ]    Subphase: Concurrent Roots CodeCache                    0.000 / 0.000         0.000 / 0.000         0.000 / 0.000         0.000 / 0.000       ms
[420.321s][info][gc,stats    ]    Subphase: Concurrent Roots JavaThreads                  0.324 / 0.486         0.358 / 1.258         0.358 / 1.258         0.358 / 1.258       ms
[420.321s][info][gc,stats    ]    Subphase: Concurrent Roots OopStorageSet                0.026 / 0.057         0.030 / 0.124         0.030 / 0.124         0.030 / 0.124       ms
[420.321s][info][gc,stats    ]    Subphase: Concurrent Weak Roots OopStorageSet           0.259 / 0.403         0.302 / 1.123         0.302 / 1.123         0.302 / 1.123       ms
[420.321s][info][gc,stats    ]    Subphase: Pause Mark Try Complete                       0.000 / 0.000         0.146 / 0.301         0.146 / 0.301         0.146 / 0.301       ms
[420.321s][info][gc,stats    ]      System: Java Threads                                     18 / 21               19 / 22               19 / 22               19 / 22          threads
[420.321s][info][gc,stats    ] =========================================================================================================================================================
[423.820s][info][gc,start    ] GC(249) Garbage Collection (Proactive)
[423.820s][info][gc,task     ] GC(249) Using 2 workers
[423.820s][info][gc,phases   ] GC(249) Pause Mark Start 0.006ms
[423.890s][info][gc,phases   ] GC(249) Concurrent Mark 69.795ms
[423.890s][info][gc,phases   ] GC(249) Pause Mark End 0.013ms
[423.890s][info][gc,phases   ] GC(249) Concurrent Mark Free 0.001ms
[423.896s][info][gc,phases   ] GC(249) Concurrent Process Non-Strong References 5.721ms
[423.896s][info][gc,phases   ] GC(249) Concurrent Reset Relocation Set 0.002ms
[423.901s][info][gc,phases   ] GC(249) Concurrent Select Relocation Set 4.512ms
[423.901s][info][gc,phases   ] GC(249) Pause Relocate Start 0.011ms
[423.920s][info][gc,phases   ] GC(249) Concurrent Relocate 19.558ms
[423.921s][info][gc,load     ] GC(249) Load: 0.00/0.00/0.00
[423.921s][info][gc,mmu      ] GC(249) MMU: 2ms/80.5%, 5ms/92.2%, 10ms/96.1%, 20ms/96.3%, 50ms/97.1%, 100ms/97.5%
[423.921s][info][gc,marking  ] GC(249) Mark: 2 stripe(s), 3 proactive flush(es), 2 terminate flush(es), 0 completion(s), 0 continuation(s) 
[423.921s][info][gc,marking  ] GC(249) Mark Stack Usage: 32M
[423.921s][info][gc,nmethod  ] GC(249) NMethods: 4828 registered, 3 unregistered
[423.921s][info][gc,metaspace] GC(249) Metaspace: 33M used, 33M committed, 1088M reserved
[423.921s][info][gc,ref      ] GC(249) Soft: 4016 encountered, 0 discovered, 0 enqueued
[423.921s][info][gc,ref      ] GC(249) Weak: 19830 encountered, 17903 discovered, 11765 enqueued
[423.921s][info][gc,ref      ] GC(249) Final: 7 encountered, 2 discovered, 0 enqueued
[423.921s][info][gc,ref      ] GC(249) Phantom: 718 encountered, 634 discovered, 0 enqueued
[423.921s][info][gc,reloc    ] GC(249) Small Pages: 2337 / 4674M, Empty: 3912M, Relocated: 28M, In-Place: 0
[423.921s][info][gc,reloc    ] GC(249) Medium Pages: 25 / 800M, Empty: 768M, Relocated: 0M, In-Place: 0
[423.921s][info][gc,reloc    ] GC(249) Large Pages: 227 / 1588M, Empty: 1588M, Relocated: 0M, In-Place: 0
[423.921s][info][gc,reloc    ] GC(249) Forwarding Usage: 8M
[423.921s][info][gc,heap     ] GC(249) Min Capacity: 8192M(100%)
[423.921s][info][gc,heap     ] GC(249) Max Capacity: 8192M(100%)
[423.921s][info][gc,heap     ] GC(249) Soft Max Capacity: 8192M(100%)
[423.921s][info][gc,heap     ] GC(249)                Mark Start          Mark End        Relocate Start      Relocate End           High               Low         
[423.921s][info][gc,heap     ] GC(249)  Capacity:     8192M (100%)       8192M (100%)       8192M (100%)       8192M (100%)       8192M (100%)       8192M (100%)   
[423.921s][info][gc,heap     ] GC(249)      Free:     1130M (14%)        1034M (13%)        7290M (89%)        7894M (96%)        7894M (96%)        1026M (13%)    
[423.921s][info][gc,heap     ] GC(249)      Used:     7062M (86%)        7158M (87%)         902M (11%)         298M (4%)         7166M (87%)         298M (4%)     
[423.921s][info][gc,heap     ] GC(249)      Live:         -               143M (2%)          143M (2%)          143M (2%)             -                  -          
[423.921s][info][gc,heap     ] GC(249) Allocated:         -                96M (1%)          108M (1%)          131M (2%)             -                  -          
[423.921s][info][gc,heap     ] GC(249)   Garbage:         -              6918M (84%)         650M (8%)           23M (0%)             -                  -          
[423.921s][info][gc,heap     ] GC(249) Reclaimed:         -                  -              6268M (77%)        6895M (84%)            -                  -          
[423.921s][info][gc          ] GC(249) Garbage Collection (Proactive) 7062M(86%)->298M(4%)
[424.334s][info][gc,start    ] GC(250) Garbage Collection (System.gc())
[424.334s][info][gc,task     ] GC(250) Using 2 workers
[424.334s][info][gc,phases   ] GC(250) Pause Mark Start 0.005ms
[424.400s][info][gc,phases   ] GC(250) Concurrent Mark 65.754ms
[424.400s][info][gc,phases   ] GC(250) Pause Mark End 0.053ms
[424.400s][info][gc,phases   ] GC(250) Concurrent Mark Free 0.002ms
[424.407s][info][gc,phases   ] GC(250) Concurrent Process Non-Strong References 6.947ms
[424.407s][info][gc,phases   ] GC(250) Concurrent Reset Relocation Set 0.022ms
[424.409s][info][gc,phases   ] GC(250) Concurrent Select Relocation Set 1.958ms
[424.409s][info][gc,phases   ] GC(250) Pause Relocate Start 0.010ms
[424.416s][info][gc,phases   ] GC(250) Concurrent Relocate 6.554ms
[424.416s][info][gc,load     ] GC(250) Load: 0.00/0.00/0.00
[424.416s][info][gc,mmu      ] GC(250) MMU: 2ms/80.5%, 5ms/92.2%, 10ms/96.1%, 20ms/96.3%, 50ms/97.1%, 100ms/97.5%
[424.416s][info][gc,marking  ] GC(250) Mark: 2 stripe(s), 1 proactive flush(es), 1 terminate flush(es), 0 completion(s), 0 continuation(s) 
[424.416s][info][gc,marking  ] GC(250) Mark Stack Usage: 32M
[424.416s][info][gc,nmethod  ] GC(250) NMethods: 4828 registered, 3 unregistered
[424.416s][info][gc,metaspace] GC(250) Metaspace: 33M used, 33M committed, 1088M reserved
[424.416s][info][gc,ref      ] GC(250) Soft: 4016 encountered, 0 discovered, 0 enqueued
[424.416s][info][gc,ref      ] GC(250) Weak: 24353 encountered, 23218 discovered, 22640 enqueued
[424.416s][info][gc,ref      ] GC(250) Final: 7 encountered, 5 discovered, 0 enqueued
[424.416s][info][gc,ref      ] GC(250) Phantom: 714 encountered, 651 discovered, 0 enqueued
[424.416s][info][gc,reloc    ] GC(250) Small Pages: 216 / 432M, Empty: 56M, Relocated: 10M, In-Place: 0
[424.416s][info][gc,reloc    ] GC(250) Medium Pages: 5 / 160M, Empty: 96M, Relocated: 15M, In-Place: 0
[424.416s][info][gc,reloc    ] GC(250) Large Pages: 34 / 236M, Empty: 236M, Relocated: 0M, In-Place: 0
[424.416s][info][gc,reloc    ] GC(250) Forwarding Usage: 3M
[424.416s][info][gc,heap     ] GC(250) Min Capacity: 8192M(100%)
[424.416s][info][gc,heap     ] GC(250) Max Capacity: 8192M(100%)
[424.416s][info][gc,heap     ] GC(250) Soft Max Capacity: 8192M(100%)
[424.416s][info][gc,heap     ] GC(250)                Mark Start          Mark End        Relocate Start      Relocate End           High               Low         
[424.416s][info][gc,heap     ] GC(250)  Capacity:     8192M (100%)       8192M (100%)       8192M (100%)       8192M (100%)       8192M (100%)       8192M (100%)   
[424.416s][info][gc,heap     ] GC(250)      Free:     7364M (90%)        7364M (90%)        7752M (95%)        8046M (98%)        8046M (98%)        7364M (90%)    
[424.416s][info][gc,heap     ] GC(250)      Used:      828M (10%)         828M (10%)         440M (5%)          146M (2%)          828M (10%)         146M (2%)     
[424.416s][info][gc,heap     ] GC(250)      Live:         -               125M (2%)          125M (2%)          125M (2%)             -                  -          
[424.416s][info][gc,heap     ] GC(250) Allocated:         -                 0M (0%)            0M (0%)            0M (0%)             -                  -          
[424.416s][info][gc,heap     ] GC(250)   Garbage:         -               702M (9%)          314M (4%)           20M (0%)             -                  -          
[424.416s][info][gc,heap     ] GC(250) Reclaimed:         -                  -               388M (5%)          682M (8%)             -                  -          
[424.417s][info][gc          ] GC(250) Garbage Collection (System.gc()) 828M(10%)->146M(2%)
[425.122s][info][gc,start    ] GC(251) Garbage Collection (Allocation Rate)
[425.122s][info][gc,task     ] GC(251) Using 2 workers
[425.122s][info][gc,phases   ] GC(251) Pause Mark Start 0.007ms
[425.216s][info][gc,phases   ] GC(251) Concurrent Mark 93.832ms
[425.216s][info][gc,phases   ] GC(251) Pause Mark End 0.017ms
[425.216s][info][gc,phases   ] GC(251) Concurrent Mark Free 0.002ms
[425.222s][info][gc,phases   ] GC(251) Concurrent Process Non-Strong References 5.977ms
[425.222s][info][gc,phases   ] GC(251) Concurrent Reset Relocation Set 0.013ms
[425.226s][info][gc,phases   ] GC(251) Concurrent Select Relocation Set 3.344ms
[425.226s][info][gc,phases   ] GC(251) Pause Relocate Start 0.012ms
[425.227s][info][gc,phases   ] GC(251) Concurrent Relocate 0.463ms
[425.227s][info][gc,load     ] GC(251) Load: 0.00/0.00/0.00
[425.227s][info][gc,mmu      ] GC(251) MMU: 2ms/80.5%, 5ms/92.2%, 10ms/96.1%, 20ms/96.3%, 50ms/97.1%, 100ms/97.5%
[425.227s][info][gc,marking  ] GC(251) Mark: 2 stripe(s), 3 proactive flush(es), 1 terminate flush(es), 0 completion(s), 0 continuation(s) 
[425.227s][info][gc,marking  ] GC(251) Mark Stack Usage: 32M
[425.227s][info][gc,nmethod  ] GC(251) NMethods: 4833 registered, 3 unregistered
[425.227s][info][gc,metaspace] GC(251) Metaspace: 33M used, 33M committed, 1088M reserved
[425.227s][info][gc,ref      ] GC(251) Soft: 4016 encountered, 0 discovered, 0 enqueued
[425.227s][info][gc,ref      ] GC(251) Weak: 1731 encountered, 48 discovered, 0 enqueued
[425.227s][info][gc,ref      ] GC(251) Final: 7 encountered, 7 discovered, 0 enqueued
[425.227s][info][gc,ref      ] GC(251) Phantom: 714 encountered, 651 discovered, 0 enqueued
[425.227s][info][gc,reloc    ] GC(251) Small Pages: 2637 / 5274M, Empty: 5130M, Relocated: 0M, In-Place: 0
[425.227s][info][gc,reloc    ] GC(251) Medium Pages: 1 / 32M, Empty: 0M, Relocated: 0M, In-Place: 0
[425.227s][info][gc,reloc    ] GC(251) Large Pages: 0 / 0M, Empty: 0M, Relocated: 0M, In-Place: 0
[425.227s][info][gc,reloc    ] GC(251) Forwarding Usage: 0M
[425.227s][info][gc,heap     ] GC(251) Min Capacity: 8192M(100%)
[425.227s][info][gc,heap     ] GC(251) Max Capacity: 8192M(100%)
[425.227s][info][gc,heap     ] GC(251) Soft Max Capacity: 8192M(100%)
[425.227s][info][gc,heap     ] GC(251)                Mark Start          Mark End        Relocate Start      Relocate End           High               Low         
[425.227s][info][gc,heap     ] GC(251)  Capacity:     8192M (100%)       8192M (100%)       8192M (100%)       8192M (100%)       8192M (100%)       8192M (100%)   
[425.227s][info][gc,heap     ] GC(251)      Free:     2886M (35%)        2452M (30%)        7540M (92%)        7564M (92%)        7566M (92%)        2426M (30%)    
[425.227s][info][gc,heap     ] GC(251)      Used:     5306M (65%)        5740M (70%)         652M (8%)          628M (8%)         5766M (70%)         626M (8%)     
[425.227s][info][gc,heap     ] GC(251)      Live:         -               125M (2%)          125M (2%)          125M (2%)             -                  -          
[425.227s][info][gc,heap     ] GC(251) Allocated:         -               434M (5%)          476M (6%)          479M (6%)             -                  -          
[425.227s][info][gc,heap     ] GC(251)   Garbage:         -              5180M (63%)          50M (1%)           22M (0%)             -                  -          
[425.227s][info][gc,heap     ] GC(251) Reclaimed:         -                  -              5130M (63%)        5157M (63%)            -                  -          
[425.227s][info][gc          ] GC(251) Garbage Collection (Allocation Rate) 5306M(65%)->628M(8%)
[426.126s][info][gc,start    ] GC(252) Garbage Collection (Allocation Rate)
[426.127s][info][gc,task     ] GC(252) Using 1 workers
[426.127s][info][gc,phases   ] GC(252) Pause Mark Start 0.008ms
[426.252s][info][gc,phases   ] GC(252) Concurrent Mark 125.342ms
[426.252s][info][gc,phases   ] GC(252) Pause Mark End 0.012ms
[426.252s][info][gc,phases   ] GC(252) Concurrent Mark Free 0.001ms
[426.268s][info][gc,phases   ] GC(252) Concurrent Process Non-Strong References 16.047ms
[426.268s][info][gc,phases   ] GC(252) Concurrent Reset Relocation Set 0.002ms
[426.271s][info][gc,phases   ] GC(252) Concurrent Select Relocation Set 2.732ms
[426.271s][info][gc,phases   ] GC(252) Pause Relocate Start 0.009ms
[426.272s][info][gc,phases   ] GC(252) Concurrent Relocate 0.323ms
[426.272s][info][gc,load     ] GC(252) Load: 0.00/0.00/0.00
[426.272s][info][gc,mmu      ] GC(252) MMU: 2ms/80.5%, 5ms/92.2%, 10ms/96.1%, 20ms/96.3%, 50ms/97.1%, 100ms/97.5%
[426.272s][info][gc,marking  ] GC(252) Mark: 1 stripe(s), 2 proactive flush(es), 1 terminate flush(es), 0 completion(s), 0 continuation(s) 
[426.272s][info][gc,marking  ] GC(252) Mark Stack Usage: 32M
[426.272s][info][gc,nmethod  ] GC(252) NMethods: 4833 registered, 3 unregistered
[426.272s][info][gc,metaspace] GC(252) Metaspace: 33M used, 33M committed, 1088M reserved
[426.272s][info][gc,ref      ] GC(252) Soft: 4016 encountered, 0 discovered, 0 enqueued
[426.272s][info][gc,ref      ] GC(252) Weak: 1731 encountered, 1283 discovered, 0 enqueued
[426.272s][info][gc,ref      ] GC(252) Final: 7 encountered, 7 discovered, 0 enqueued
[426.272s][info][gc,ref      ] GC(252) Phantom: 714 encountered, 665 discovered, 0 enqueued
[426.272s][info][gc,reloc    ] GC(252) Small Pages: 2861 / 5722M, Empty: 5590M, Relocated: 0M, In-Place: 0
[426.272s][info][gc,reloc    ] GC(252) Medium Pages: 1 / 32M, Empty: 0M, Relocated: 0M, In-Place: 0
[426.272s][info][gc,reloc    ] GC(252) Large Pages: 0 / 0M, Empty: 0M, Relocated: 0M, In-Place: 0
[426.272s][info][gc,reloc    ] GC(252) Forwarding Usage: 0M
[426.272s][info][gc,heap     ] GC(252) Min Capacity: 8192M(100%)
[426.272s][info][gc,heap     ] GC(252) Max Capacity: 8192M(100%)
[426.272s][info][gc,heap     ] GC(252) Soft Max Capacity: 8192M(100%)
[426.272s][info][gc,heap     ] GC(252)                Mark Start          Mark End        Relocate Start      Relocate End           High               Low         
[426.272s][info][gc,heap     ] GC(252)  Capacity:     8192M (100%)       8192M (100%)       8192M (100%)       8192M (100%)       8192M (100%)       8192M (100%)   
[426.272s][info][gc,heap     ] GC(252)      Free:     2438M (30%)        2036M (25%)        7570M (92%)        7586M (93%)        7586M (93%)        1990M (24%)    
[426.272s][info][gc,heap     ] GC(252)      Used:     5754M (70%)        6156M (75%)         622M (8%)          606M (7%)         6202M (76%)         606M (7%)     
[426.272s][info][gc,heap     ] GC(252)      Live:         -               125M (2%)          125M (2%)          125M (2%)             -                  -          
[426.272s][info][gc,heap     ] GC(252) Allocated:         -               402M (5%)          458M (6%)          459M (6%)             -                  -          
[426.272s][info][gc,heap     ] GC(252)   Garbage:         -              5628M (69%)          38M (0%)           20M (0%)             -                  -          
[426.272s][info][gc,heap     ] GC(252) Reclaimed:         -                  -              5590M (68%)        5607M (68%)            -                  -          
[426.272s][info][gc          ] GC(252) Garbage Collection (Allocation Rate) 5754M(70%)->606M(7%)
[427.621s][info][gc,start    ] GC(253) Garbage Collection (Allocation Rate)
[427.621s][info][gc,task     ] GC(253) Using 1 workers
[427.621s][info][gc,phases   ] GC(253) Pause Mark Start 0.008ms
[427.752s][info][gc,phases   ] GC(253) Concurrent Mark 131.332ms
[427.753s][info][gc,phases   ] GC(253) Pause Mark End 0.013ms
[427.753s][info][gc,phases   ] GC(253) Concurrent Mark Free 0.001ms
[427.763s][info][gc,phases   ] GC(253) Concurrent Process Non-Strong References 10.304ms
[427.763s][info][gc,phases   ] GC(253) Concurrent Reset Relocation Set 0.002ms
[427.769s][info][gc,phases   ] GC(253) Concurrent Select Relocation Set 5.506ms
[427.769s][info][gc,phases   ] GC(253) Pause Relocate Start 0.026ms
[427.802s][info][gc,phases   ] GC(253) Concurrent Relocate 33.266ms
[427.802s][info][gc,load     ] GC(253) Load: 0.00/0.00/0.00
[427.802s][info][gc,mmu      ] GC(253) MMU: 2ms/80.5%, 5ms/92.2%, 10ms/96.1%, 20ms/96.3%, 50ms/97.1%, 100ms/97.5%
[427.802s][info][gc,marking  ] GC(253) Mark: 1 stripe(s), 2 proactive flush(es), 1 terminate flush(es), 0 completion(s), 0 continuation(s) 
[427.802s][info][gc,marking  ] GC(253) Mark Stack Usage: 32M
[427.802s][info][gc,nmethod  ] GC(253) NMethods: 4837 registered, 3 unregistered
[427.802s][info][gc,metaspace] GC(253) Metaspace: 33M used, 33M committed, 1088M reserved
[427.802s][info][gc,ref      ] GC(253) Soft: 4016 encountered, 0 discovered, 0 enqueued
[427.802s][info][gc,ref      ] GC(253) Weak: 20134 encountered, 17662 discovered, 3578 enqueued
[427.802s][info][gc,ref      ] GC(253) Final: 7 encountered, 7 discovered, 0 enqueued
[427.802s][info][gc,ref      ] GC(253) Phantom: 720 encountered, 671 discovered, 0 enqueued
[427.802s][info][gc,reloc    ] GC(253) Small Pages: 2246 / 4492M, Empty: 4068M, Relocated: 36M, In-Place: 0
[427.802s][info][gc,reloc    ] GC(253) Medium Pages: 6 / 192M, Empty: 128M, Relocated: 15M, In-Place: 0
[427.802s][info][gc,reloc    ] GC(253) Large Pages: 42 / 292M, Empty: 292M, Relocated: 0M, In-Place: 0
[427.802s][info][gc,reloc    ] GC(253) Forwarding Usage: 11M
[427.802s][info][gc,heap     ] GC(253) Min Capacity: 8192M(100%)
[427.802s][info][gc,heap     ] GC(253) Max Capacity: 8192M(100%)
[427.802s][info][gc,heap     ] GC(253) Soft Max Capacity: 8192M(100%)
[427.802s][info][gc,heap     ] GC(253)                Mark Start          Mark End        Relocate Start      Relocate End           High               Low         
[427.802s][info][gc,heap     ] GC(253)  Capacity:     8192M (100%)       8192M (100%)       8192M (100%)       8192M (100%)       8192M (100%)       8192M (100%)   
[427.802s][info][gc,heap     ] GC(253)      Free:     3216M (39%)        3058M (37%)        7544M (92%)        7804M (95%)        7816M (95%)        3058M (37%)    
[427.802s][info][gc,heap     ] GC(253)      Used:     4976M (61%)        5134M (63%)         648M (8%)          388M (5%)         5134M (63%)         376M (5%)     
[427.802s][info][gc,heap     ] GC(253)      Live:         -               151M (2%)          151M (2%)          151M (2%)             -                  -          
[427.803s][info][gc,heap     ] GC(253) Allocated:         -               158M (2%)          160M (2%)          214M (3%)             -                  -          
[427.803s][info][gc,heap     ] GC(253)   Garbage:         -              4824M (59%)         336M (4%)           21M (0%)             -                  -          
[427.803s][info][gc,heap     ] GC(253) Reclaimed:         -                  -              4488M (55%)        4802M (59%)            -                  -          
[427.803s][info][gc          ] GC(253) Garbage Collection (Allocation Rate) 4976M(61%)->388M(5%)
[430.321s][info][gc,stats    ] === Garbage Collection Statistics =======================================================================================================================
[430.322s][info][gc,stats    ]                                                              Last 10s              Last 10m              Last 10h                Total
[430.322s][info][gc,stats    ]                                                              Avg / Max             Avg / Max             Avg / Max             Avg / Max
[430.322s][info][gc,stats    ]   Collector: Garbage Collection Cycle                    122.720 / 181.209     124.217 / 379.439     124.217 / 379.439     124.217 / 379.439     ms
[430.322s][info][gc,stats    ]  Contention: Mark Segment Reset Contention                     0 / 1                 0 / 115               0 / 115               0 / 115         ops/s
[430.322s][info][gc,stats    ]  Contention: Mark SeqNum Reset Contention                      0 / 0                 0 / 2                 0 / 2                 0 / 2           ops/s
[430.322s][info][gc,stats    ]    Critical: Allocation Stall                                  0 / 0                 0 / 0                 0 / 0                 0 / 0           ops/s
[430.322s][info][gc,stats    ]    Critical: Allocation Stall                              0.000 / 0.000         0.000 / 0.000         0.000 / 0.000         0.000 / 0.000       ms
[430.322s][info][gc,stats    ]    Critical: GC Locker Stall                                   0 / 0                 0 / 0                 0 / 0                 0 / 0           ops/s
[430.322s][info][gc,stats    ]    Critical: GC Locker Stall                               0.000 / 0.000         0.000 / 0.000         0.000 / 0.000         0.000 / 0.000       ms
[430.322s][info][gc,stats    ]    Critical: Relocation Stall                                  0 / 0                 0 / 0                 0 / 0                 0 / 0           ops/s
[430.322s][info][gc,stats    ]    Critical: Relocation Stall                              0.000 / 0.000         0.000 / 0.000         0.000 / 0.000         0.000 / 0.000       ms
[430.322s][info][gc,stats    ]      Memory: Allocation Rate                                2356 / 6196           2800 / 6636           2800 / 6636           2800 / 6636        MB/s
[430.322s][info][gc,stats    ]      Memory: Out Of Memory                                     0 / 0                 0 / 0                 0 / 0                 0 / 0           ops/s
[430.322s][info][gc,stats    ]      Memory: Page Cache Flush                                122 / 672              87 / 672              87 / 672              87 / 672         MB/s
[430.322s][info][gc,stats    ]      Memory: Page Cache Hit L1                               945 / 3107           1197 / 3321           1197 / 3321           1197 / 3321        ops/s
[430.322s][info][gc,stats    ]      Memory: Page Cache Hit L2                                 0 / 0                 0 / 0                 0 / 0                 0 / 0           ops/s
[430.322s][info][gc,stats    ]      Memory: Page Cache Hit L3                                21 / 154              41 / 635              41 / 635              41 / 635         ops/s
[430.322s][info][gc,stats    ]      Memory: Page Cache Miss                                  12 / 71                9 / 71                9 / 71                9 / 71          ops/s
[430.322s][info][gc,stats    ]      Memory: Uncommit                                          0 / 0                 0 / 0                 0 / 0                 0 / 0           MB/s
[430.322s][info][gc,stats    ]      Memory: Undo Object Allocation Failed                     0 / 0                 0 / 2                 0 / 2                 0 / 2           ops/s
[430.322s][info][gc,stats    ]      Memory: Undo Object Allocation Succeeded                  4 / 41                0 / 94                0 / 94                0 / 94          ops/s
[430.322s][info][gc,stats    ]      Memory: Undo Page Allocation                              0 / 2                 0 / 8                 0 / 8                 0 / 8           ops/s
[430.322s][info][gc,stats    ]       Phase: Concurrent Mark                              97.211 / 131.332      98.553 / 190.432      98.553 / 190.432      98.553 / 190.432     ms
[430.322s][info][gc,stats    ]       Phase: Concurrent Mark Continue                      0.000 / 0.000        15.374 / 35.578       15.374 / 35.578       15.374 / 35.578      ms
[430.322s][info][gc,stats    ]       Phase: Concurrent Mark Free                          0.001 / 0.002         0.001 / 0.004         0.001 / 0.004         0.001 / 0.004       ms
[430.322s][info][gc,stats    ]       Phase: Concurrent Process Non-Strong References      8.999 / 16.047        8.260 / 31.000        8.260 / 31.000        8.260 / 31.000      ms
[430.322s][info][gc,stats    ]       Phase: Concurrent Relocate                          12.033 / 33.266        9.390 / 76.380        9.390 / 76.380        9.390 / 76.380      ms
[430.322s][info][gc,stats    ]       Phase: Concurrent Reset Relocation Set               0.008 / 0.022         0.010 / 0.049         0.010 / 0.049         0.010 / 0.049       ms
[430.322s][info][gc,stats    ]       Phase: Concurrent Select Relocation Set              3.610 / 5.506         3.574 / 13.402        3.574 / 13.402        3.574 / 13.402      ms
[430.322s][info][gc,stats    ]       Phase: Pause Mark End                                0.022 / 0.053         0.050 / 0.390         0.050 / 0.390         0.050 / 0.390       ms
[430.322s][info][gc,stats    ]       Phase: Pause Mark Start                              0.007 / 0.008         0.008 / 0.022         0.008 / 0.022         0.008 / 0.022       ms
[430.322s][info][gc,stats    ]       Phase: Pause Relocate Start                          0.013 / 0.026         0.011 / 0.046         0.011 / 0.046         0.011 / 0.046       ms
[430.322s][info][gc,stats    ]    Subphase: Concurrent Classes Purge                      0.262 / 0.452         0.251 / 0.574         0.251 / 0.574         0.251 / 0.574       ms
[430.322s][info][gc,stats    ]    Subphase: Concurrent Classes Unlink                     5.831 / 9.203         5.849 / 23.760        5.849 / 23.760        5.849 / 23.760      ms
[430.322s][info][gc,stats    ]    Subphase: Concurrent Mark                              84.724 / 130.619      77.725 / 189.582      77.725 / 189.582      77.725 / 189.582     ms
[430.322s][info][gc,stats    ]    Subphase: Concurrent Mark Try Flush                     0.620 / 9.329         0.493 / 30.486        0.493 / 30.486        0.493 / 30.486      ms
[430.322s][info][gc,stats    ]    Subphase: Concurrent Mark Try Terminate                 3.712 / 15.566        2.981 / 24.568        2.981 / 24.568        2.981 / 24.568      ms
[430.322s][info][gc,stats    ]    Subphase: Concurrent References Enqueue                 0.004 / 0.008         0.003 / 0.008         0.003 / 0.008         0.003 / 0.008       ms
[430.322s][info][gc,stats    ]    Subphase: Concurrent References Process                 1.343 / 2.638         1.000 / 3.217         1.000 / 3.217         1.000 / 3.217       ms
[430.322s][info][gc,stats    ]    Subphase: Concurrent Roots ClassLoaderDataGraph         0.103 / 0.197         0.108 / 0.537         0.108 / 0.537         0.108 / 0.537       ms
[430.322s][info][gc,stats    ]    Subphase: Concurrent Roots CodeCache                    0.000 / 0.000         0.000 / 0.000         0.000 / 0.000         0.000 / 0.000       ms
[430.322s][info][gc,stats    ]    Subphase: Concurrent Roots JavaThreads                  0.392 / 0.565         0.359 / 1.258         0.359 / 1.258         0.359 / 1.258       ms
[430.322s][info][gc,stats    ]    Subphase: Concurrent Roots OopStorageSet                0.029 / 0.061         0.030 / 0.124         0.030 / 0.124         0.030 / 0.124       ms
[430.322s][info][gc,stats    ]    Subphase: Concurrent Weak Roots OopStorageSet           0.275 / 0.395         0.301 / 1.123         0.301 / 1.123         0.301 / 1.123       ms
[430.322s][info][gc,stats    ]    Subphase: Pause Mark Try Complete                       0.000 / 0.000         0.146 / 0.301         0.146 / 0.301         0.146 / 0.301       ms
[430.322s][info][gc,stats    ]      System: Java Threads                                     19 / 21               19 / 22               19 / 22               19 / 22          threads
[430.322s][info][gc,stats    ] =========================================================================================================================================================
[430.600s][info][gc,start    ] GC(254) Garbage Collection (System.gc())
[430.600s][info][gc,task     ] GC(254) Using 2 workers
[430.600s][info][gc,phases   ] GC(254) Pause Mark Start 0.008ms
[430.673s][info][gc,phases   ] GC(254) Concurrent Mark 72.835ms
[430.673s][info][gc,phases   ] GC(254) Pause Mark End 0.026ms
[430.673s][info][gc,phases   ] GC(254) Concurrent Mark Free 0.001ms
[430.680s][info][gc,phases   ] GC(254) Concurrent Process Non-Strong References 6.295ms
[430.680s][info][gc,phases   ] GC(254) Concurrent Reset Relocation Set 0.012ms
[430.682s][info][gc,phases   ] GC(254) Concurrent Select Relocation Set 2.246ms
[430.682s][info][gc,phases   ] GC(254) Pause Relocate Start 0.010ms
[430.689s][info][gc,phases   ] GC(254) Concurrent Relocate 7.151ms
[430.690s][info][gc,load     ] GC(254) Load: 0.00/0.00/0.00
[430.690s][info][gc,mmu      ] GC(254) MMU: 2ms/80.5%, 5ms/92.2%, 10ms/96.1%, 20ms/96.3%, 50ms/97.1%, 100ms/97.5%
[430.690s][info][gc,marking  ] GC(254) Mark: 2 stripe(s), 1 proactive flush(es), 1 terminate flush(es), 0 completion(s), 0 continuation(s) 
[430.690s][info][gc,marking  ] GC(254) Mark Stack Usage: 32M
[430.690s][info][gc,nmethod  ] GC(254) NMethods: 4842 registered, 3 unregistered
[430.690s][info][gc,metaspace] GC(254) Metaspace: 33M used, 33M committed, 1088M reserved
[430.690s][info][gc,ref      ] GC(254) Soft: 4016 encountered, 0 discovered, 0 enqueued
[430.690s][info][gc,ref      ] GC(254) Weak: 22115 encountered, 21409 discovered, 20400 enqueued
[430.690s][info][gc,ref      ] GC(254) Final: 7 encountered, 5 discovered, 0 enqueued
[430.690s][info][gc,ref      ] GC(254) Phantom: 714 encountered, 640 discovered, 0 enqueued
[430.690s][info][gc,reloc    ] GC(254) Small Pages: 825 / 1650M, Empty: 1006M, Relocated: 10M, In-Place: 0
[430.690s][info][gc,reloc    ] GC(254) Medium Pages: 23 / 736M, Empty: 640M, Relocated: 16M, In-Place: 0
[430.690s][info][gc,reloc    ] GC(254) Large Pages: 208 / 1450M, Empty: 1450M, Relocated: 0M, In-Place: 0
[430.690s][info][gc,reloc    ] GC(254) Forwarding Usage: 3M
[430.690s][info][gc,heap     ] GC(254) Min Capacity: 8192M(100%)
[430.690s][info][gc,heap     ] GC(254) Max Capacity: 8192M(100%)
[430.690s][info][gc,heap     ] GC(254) Soft Max Capacity: 8192M(100%)
[430.690s][info][gc,heap     ] GC(254)                Mark Start          Mark End        Relocate Start      Relocate End           High               Low         
[430.690s][info][gc,heap     ] GC(254)  Capacity:     8192M (100%)       8192M (100%)       8192M (100%)       8192M (100%)       8192M (100%)       8192M (100%)   
[430.690s][info][gc,heap     ] GC(254)      Free:     4356M (53%)        4356M (53%)        7452M (91%)        8046M (98%)        8046M (98%)        4356M (53%)    
[430.690s][info][gc,heap     ] GC(254)      Used:     3836M (47%)        3836M (47%)         740M (9%)          146M (2%)         3836M (47%)         146M (2%)     
[430.690s][info][gc,heap     ] GC(254)      Live:         -               126M (2%)          126M (2%)          126M (2%)             -                  -          
[430.690s][info][gc,heap     ] GC(254) Allocated:         -                 0M (0%)            0M (0%)            0M (0%)             -                  -          
[430.690s][info][gc,heap     ] GC(254)   Garbage:         -              3709M (45%)         613M (7%)           19M (0%)             -                  -          
[430.690s][info][gc,heap     ] GC(254) Reclaimed:         -                  -              3096M (38%)        3690M (45%)            -                  -          
[430.690s][info][gc          ] GC(254) Garbage Collection (System.gc()) 3836M(47%)->146M(2%)
[431.427s][info][gc,start    ] GC(255) Garbage Collection (Allocation Rate)
[431.427s][info][gc,task     ] GC(255) Using 2 workers
[431.427s][info][gc,phases   ] GC(255) Pause Mark Start 0.008ms
[431.522s][info][gc,phases   ] GC(255) Concurrent Mark 93.941ms
[431.522s][info][gc,phases   ] GC(255) Pause Mark End 0.015ms
[431.522s][info][gc,phases   ] GC(255) Concurrent Mark Free 0.000ms
[431.527s][info][gc,phases   ] GC(255) Concurrent Process Non-Strong References 5.303ms
[431.527s][info][gc,phases   ] GC(255) Concurrent Reset Relocation Set 0.028ms
[431.531s][info][gc,phases   ] GC(255) Concurrent Select Relocation Set 3.321ms
[431.531s][info][gc,phases   ] GC(255) Pause Relocate Start 0.008ms
[431.531s][info][gc,phases   ] GC(255) Concurrent Relocate 0.383ms
[431.531s][info][gc,load     ] GC(255) Load: 0.00/0.00/0.00
[431.531s][info][gc,mmu      ] GC(255) MMU: 2ms/80.5%, 5ms/92.2%, 10ms/96.1%, 20ms/96.3%, 50ms/97.1%, 100ms/97.5%
[431.531s][info][gc,marking  ] GC(255) Mark: 2 stripe(s), 2 proactive flush(es), 1 terminate flush(es), 0 completion(s), 0 continuation(s) 
[431.531s][info][gc,marking  ] GC(255) Mark Stack Usage: 32M
[431.531s][info][gc,nmethod  ] GC(255) NMethods: 4842 registered, 3 unregistered
[431.531s][info][gc,metaspace] GC(255) Metaspace: 33M used, 33M committed, 1088M reserved
[431.531s][info][gc,ref      ] GC(255) Soft: 4016 encountered, 0 discovered, 0 enqueued
[431.531s][info][gc,ref      ] GC(255) Weak: 1733 encountered, 70 discovered, 0 enqueued
[431.531s][info][gc,ref      ] GC(255) Final: 7 encountered, 6 discovered, 0 enqueued
[431.531s][info][gc,ref      ] GC(255) Phantom: 714 encountered, 573 discovered, 0 enqueued
[431.531s][info][gc,reloc    ] GC(255) Small Pages: 2677 / 5354M, Empty: 5214M, Relocated: 0M, In-Place: 0
[431.531s][info][gc,reloc    ] GC(255) Medium Pages: 1 / 32M, Empty: 0M, Relocated: 0M, In-Place: 0
[431.531s][info][gc,reloc    ] GC(255) Large Pages: 0 / 0M, Empty: 0M, Relocated: 0M, In-Place: 0
[431.531s][info][gc,reloc    ] GC(255) Forwarding Usage: 0M
[431.531s][info][gc,heap     ] GC(255) Min Capacity: 8192M(100%)
[431.531s][info][gc,heap     ] GC(255) Max Capacity: 8192M(100%)
[431.531s][info][gc,heap     ] GC(255) Soft Max Capacity: 8192M(100%)
[431.531s][info][gc,heap     ] GC(255)                Mark Start          Mark End        Relocate Start      Relocate End           High               Low         
[431.531s][info][gc,heap     ] GC(255)  Capacity:     8192M (100%)       8192M (100%)       8192M (100%)       8192M (100%)       8192M (100%)       8192M (100%)   
[431.531s][info][gc,heap     ] GC(255)      Free:     2806M (34%)        2290M (28%)        7468M (91%)        7490M (91%)        7490M (91%)        2268M (28%)    
[431.531s][info][gc,heap     ] GC(255)      Used:     5386M (66%)        5902M (72%)         724M (9%)          702M (9%)         5924M (72%)         702M (9%)     
[431.531s][info][gc,heap     ] GC(255)      Live:         -               126M (2%)          126M (2%)          126M (2%)             -                  -          
[431.531s][info][gc,heap     ] GC(255) Allocated:         -               516M (6%)          552M (7%)          553M (7%)             -                  -          
[431.531s][info][gc,heap     ] GC(255)   Garbage:         -              5259M (64%)          45M (1%)           21M (0%)             -                  -          
[431.531s][info][gc,heap     ] GC(255) Reclaimed:         -                  -              5214M (64%)        5237M (64%)            -                  -          
[431.531s][info][gc          ] GC(255) Garbage Collection (Allocation Rate) 5386M(66%)->702M(9%)
[432.432s][info][gc,start    ] GC(256) Garbage Collection (Allocation Rate)
[432.432s][info][gc,task     ] GC(256) Using 1 workers
[432.432s][info][gc,phases   ] GC(256) Pause Mark Start 0.008ms
[432.574s][info][gc,phases   ] GC(256) Concurrent Mark 141.301ms
[432.574s][info][gc,phases   ] GC(256) Pause Mark End 0.011ms
[432.574s][info][gc,phases   ] GC(256) Concurrent Mark Free 0.000ms
[432.602s][info][gc,phases   ] GC(256) Concurrent Process Non-Strong References 27.873ms
[432.602s][info][gc,phases   ] GC(256) Concurrent Reset Relocation Set 0.002ms
[432.605s][info][gc,phases   ] GC(256) Concurrent Select Relocation Set 2.833ms
[432.605s][info][gc,phases   ] GC(256) Pause Relocate Start 0.008ms
[432.605s][info][gc,phases   ] GC(256) Concurrent Relocate 0.367ms
[432.605s][info][gc,load     ] GC(256) Load: 0.00/0.00/0.00
[432.605s][info][gc,mmu      ] GC(256) MMU: 2ms/80.5%, 5ms/92.2%, 10ms/96.1%, 20ms/96.3%, 50ms/97.1%, 100ms/97.5%
[432.605s][info][gc,marking  ] GC(256) Mark: 1 stripe(s), 2 proactive flush(es), 1 terminate flush(es), 0 completion(s), 0 continuation(s) 
[432.605s][info][gc,marking  ] GC(256) Mark Stack Usage: 32M
[432.605s][info][gc,nmethod  ] GC(256) NMethods: 4842 registered, 3 unregistered
[432.605s][info][gc,metaspace] GC(256) Metaspace: 33M used, 33M committed, 1088M reserved
[432.605s][info][gc,ref      ] GC(256) Soft: 4016 encountered, 0 discovered, 0 enqueued
[432.605s][info][gc,ref      ] GC(256) Weak: 1733 encountered, 1284 discovered, 0 enqueued
[432.605s][info][gc,ref      ] GC(256) Final: 7 encountered, 7 discovered, 0 enqueued
[432.605s][info][gc,ref      ] GC(256) Phantom: 714 encountered, 665 discovered, 0 enqueued
[432.606s][info][gc,reloc    ] GC(256) Small Pages: 2893 / 5786M, Empty: 5648M, Relocated: 0M, In-Place: 0
[432.606s][info][gc,reloc    ] GC(256) Medium Pages: 1 / 32M, Empty: 0M, Relocated: 0M, In-Place: 0
[432.606s][info][gc,reloc    ] GC(256) Large Pages: 0 / 0M, Empty: 0M, Relocated: 0M, In-Place: 0
[432.606s][info][gc,reloc    ] GC(256) Forwarding Usage: 0M
[432.606s][info][gc,heap     ] GC(256) Min Capacity: 8192M(100%)
[432.606s][info][gc,heap     ] GC(256) Max Capacity: 8192M(100%)
[432.606s][info][gc,heap     ] GC(256) Soft Max Capacity: 8192M(100%)
[432.606s][info][gc,heap     ] GC(256)                Mark Start          Mark End        Relocate Start      Relocate End           High               Low         
[432.606s][info][gc,heap     ] GC(256)  Capacity:     8192M (100%)       8192M (100%)       8192M (100%)       8192M (100%)       8192M (100%)       8192M (100%)   
[432.606s][info][gc,heap     ] GC(256)      Free:     2374M (29%)        1816M (22%)        7388M (90%)        7406M (90%)        7408M (90%)        1750M (21%)    
[432.606s][info][gc,heap     ] GC(256)      Used:     5818M (71%)        6376M (78%)         804M (10%)         786M (10%)        6442M (79%)         784M (10%)    
[432.606s][info][gc,heap     ] GC(256)      Live:         -               126M (2%)          126M (2%)          126M (2%)             -                  -          
[432.606s][info][gc,heap     ] GC(256) Allocated:         -               558M (7%)          634M (8%)          639M (8%)             -                  -          
[432.606s][info][gc,heap     ] GC(256)   Garbage:         -              5691M (69%)          43M (1%)           19M (0%)             -                  -          
[432.606s][info][gc,heap     ] GC(256) Reclaimed:         -                  -              5648M (69%)        5671M (69%)            -                  -          
[432.606s][info][gc          ] GC(256) Garbage Collection (Allocation Rate) 5818M(71%)->786M(10%)
[433.923s][info][gc,start    ] GC(257) Garbage Collection (Allocation Rate)
[433.923s][info][gc,task     ] GC(257) Using 1 workers
[433.923s][info][gc,phases   ] GC(257) Pause Mark Start 0.009ms
[434.060s][info][gc,phases   ] GC(257) Concurrent Mark 137.283ms
[434.060s][info][gc,phases   ] GC(257) Pause Mark End 0.011ms
[434.061s][info][gc,phases   ] GC(257) Concurrent Mark Free 0.001ms
[434.072s][info][gc,phases   ] GC(257) Concurrent Process Non-Strong References 11.309ms
[434.072s][info][gc,phases   ] GC(257) Concurrent Reset Relocation Set 0.001ms
[434.077s][info][gc,phases   ] GC(257) Concurrent Select Relocation Set 4.968ms
[434.077s][info][gc,phases   ] GC(257) Pause Relocate Start 0.014ms
[434.114s][info][gc,phases   ] GC(257) Concurrent Relocate 36.988ms
[434.114s][info][gc,load     ] GC(257) Load: 0.00/0.00/0.00
[434.114s][info][gc,mmu      ] GC(257) MMU: 2ms/80.5%, 5ms/92.2%, 10ms/96.1%, 20ms/96.3%, 50ms/97.1%, 100ms/97.5%
[434.114s][info][gc,marking  ] GC(257) Mark: 1 stripe(s), 5 proactive flush(es), 1 terminate flush(es), 0 completion(s), 0 continuation(s) 
[434.114s][info][gc,marking  ] GC(257) Mark Stack Usage: 32M
[434.114s][info][gc,nmethod  ] GC(257) NMethods: 4842 registered, 3 unregistered
[434.114s][info][gc,metaspace] GC(257) Metaspace: 33M used, 33M committed, 1088M reserved
[434.114s][info][gc,ref      ] GC(257) Soft: 4016 encountered, 0 discovered, 0 enqueued
[434.114s][info][gc,ref      ] GC(257) Weak: 21155 encountered, 17812 discovered, 4196 enqueued
[434.114s][info][gc,ref      ] GC(257) Final: 7 encountered, 7 discovered, 0 enqueued
[434.114s][info][gc,ref      ] GC(257) Phantom: 720 encountered, 671 discovered, 0 enqueued
[434.114s][info][gc,reloc    ] GC(257) Small Pages: 2179 / 4358M, Empty: 3908M, Relocated: 39M, In-Place: 0
[434.114s][info][gc,reloc    ] GC(257) Medium Pages: 6 / 192M, Empty: 128M, Relocated: 15M, In-Place: 0
[434.114s][info][gc,reloc    ] GC(257) Large Pages: 42 / 292M, Empty: 292M, Relocated: 0M, In-Place: 0
[434.114s][info][gc,reloc    ] GC(257) Forwarding Usage: 12M
[434.114s][info][gc,heap     ] GC(257) Min Capacity: 8192M(100%)
[434.114s][info][gc,heap     ] GC(257) Max Capacity: 8192M(100%)
[434.114s][info][gc,heap     ] GC(257) Soft Max Capacity: 8192M(100%)
[434.114s][info][gc,heap     ] GC(257)                Mark Start          Mark End        Relocate Start      Relocate End           High               Low         
[434.114s][info][gc,heap     ] GC(257)  Capacity:     8192M (100%)       8192M (100%)       8192M (100%)       8192M (100%)       8192M (100%)       8192M (100%)   
[434.114s][info][gc,heap     ] GC(257)      Free:     3350M (41%)        3190M (39%)        7512M (92%)        7786M (95%)        7800M (95%)        3188M (39%)    
[434.115s][info][gc,heap     ] GC(257)      Used:     4842M (59%)        5002M (61%)         680M (8%)          406M (5%)         5004M (61%)         392M (5%)     
[434.115s][info][gc,heap     ] GC(257)      Live:         -               155M (2%)          155M (2%)          155M (2%)             -                  -          
[434.115s][info][gc,heap     ] GC(257) Allocated:         -               160M (2%)          166M (2%)          226M (3%)             -                  -          
[434.115s][info][gc,heap     ] GC(257)   Garbage:         -              4686M (57%)         358M (4%)           23M (0%)             -                  -          
[434.115s][info][gc,heap     ] GC(257) Reclaimed:         -                  -              4328M (53%)        4662M (57%)            -                  -          
[434.115s][info][gc          ] GC(257) Garbage Collection (Allocation Rate) 4842M(59%)->406M(5%)
[437.331s][info][gc,start    ] GC(258) Garbage Collection (System.gc())
[437.331s][info][gc,task     ] GC(258) Using 2 workers
[437.331s][info][gc,phases   ] GC(258) Pause Mark Start 0.006ms
[437.424s][info][gc,phases   ] GC(258) Concurrent Mark 93.249ms
[437.424s][info][gc,phases   ] GC(258) Pause Mark End 0.022ms
[437.425s][info][gc,phases   ] GC(258) Concurrent Mark Free 0.002ms
[437.431s][info][gc,phases   ] GC(258) Concurrent Process Non-Strong References 6.067ms
[437.431s][info][gc,phases   ] GC(258) Concurrent Reset Relocation Set 0.015ms
[437.433s][info][gc,phases   ] GC(258) Concurrent Select Relocation Set 2.532ms
[437.433s][info][gc,phases   ] GC(258) Pause Relocate Start 0.010ms
[437.440s][info][gc,phases   ] GC(258) Concurrent Relocate 6.784ms
[437.440s][info][gc,load     ] GC(258) Load: 0.00/0.00/0.00
[437.440s][info][gc,mmu      ] GC(258) MMU: 2ms/80.5%, 5ms/92.2%, 10ms/96.1%, 20ms/96.3%, 50ms/97.1%, 100ms/97.5%
[437.440s][info][gc,marking  ] GC(258) Mark: 2 stripe(s), 1 proactive flush(es), 1 terminate flush(es), 0 completion(s), 0 continuation(s) 
[437.440s][info][gc,marking  ] GC(258) Mark Stack Usage: 32M
[437.440s][info][gc,nmethod  ] GC(258) NMethods: 4842 registered, 3 unregistered
[437.440s][info][gc,metaspace] GC(258) Metaspace: 33M used, 33M committed, 1088M reserved
[437.440s][info][gc,ref      ] GC(258) Soft: 4016 encountered, 0 discovered, 0 enqueued
[437.440s][info][gc,ref      ] GC(258) Weak: 24010 encountered, 23346 discovered, 22296 enqueued
[437.441s][info][gc,ref      ] GC(258) Final: 7 encountered, 5 discovered, 0 enqueued
[437.441s][info][gc,ref      ] GC(258) Phantom: 714 encountered, 648 discovered, 0 enqueued
[437.441s][info][gc,reloc    ] GC(258) Small Pages: 869 / 1738M, Empty: 1078M, Relocated: 10M, In-Place: 0
[437.441s][info][gc,reloc    ] GC(258) Medium Pages: 26 / 832M, Empty: 736M, Relocated: 14M, In-Place: 0
[437.441s][info][gc,reloc    ] GC(258) Large Pages: 236 / 1638M, Empty: 1638M, Relocated: 0M, In-Place: 0
[437.441s][info][gc,reloc    ] GC(258) Forwarding Usage: 3M
[437.441s][info][gc,heap     ] GC(258) Min Capacity: 8192M(100%)
[437.441s][info][gc,heap     ] GC(258) Max Capacity: 8192M(100%)
[437.441s][info][gc,heap     ] GC(258) Soft Max Capacity: 8192M(100%)
[437.441s][info][gc,heap     ] GC(258)                Mark Start          Mark End        Relocate Start      Relocate End           High               Low         
[437.441s][info][gc,heap     ] GC(258)  Capacity:     8192M (100%)       8192M (100%)       8192M (100%)       8192M (100%)       8192M (100%)       8192M (100%)   
[437.441s][info][gc,heap     ] GC(258)      Free:     3984M (49%)        3984M (49%)        7436M (91%)        8046M (98%)        8046M (98%)        3984M (49%)    
[437.441s][info][gc,heap     ] GC(258)      Used:     4208M (51%)        4208M (51%)         756M (9%)          146M (2%)         4208M (51%)         146M (2%)     
[437.441s][info][gc,heap     ] GC(258)      Live:         -               124M (2%)          124M (2%)          124M (2%)             -                  -          
[437.441s][info][gc,heap     ] GC(258) Allocated:         -                 0M (0%)            0M (0%)            0M (0%)             -                  -          
[437.441s][info][gc,heap     ] GC(258)   Garbage:         -              4083M (50%)         631M (8%)           21M (0%)             -                  -          
[437.441s][info][gc,heap     ] GC(258) Reclaimed:         -                  -              3452M (42%)        4062M (50%)            -                  -          
[437.441s][info][gc          ] GC(258) Garbage Collection (System.gc()) 4208M(51%)->146M(2%)
[438.130s][info][gc,start    ] GC(259) Garbage Collection (Allocation Rate)
[438.130s][info][gc,task     ] GC(259) Using 2 workers
[438.130s][info][gc,phases   ] GC(259) Pause Mark Start 0.006ms
[438.224s][info][gc,phases   ] GC(259) Concurrent Mark 93.850ms
[438.224s][info][gc,phases   ] GC(259) Pause Mark End 0.016ms
[438.224s][info][gc,phases   ] GC(259) Concurrent Mark Free 0.001ms
[438.230s][info][gc,phases   ] GC(259) Concurrent Process Non-Strong References 5.463ms
[438.230s][info][gc,phases   ] GC(259) Concurrent Reset Relocation Set 0.025ms
[438.234s][info][gc,phases   ] GC(259) Concurrent Select Relocation Set 4.020ms
[438.234s][info][gc,phases   ] GC(259) Pause Relocate Start 0.010ms
[438.235s][info][gc,phases   ] GC(259) Concurrent Relocate 0.471ms
[438.235s][info][gc,load     ] GC(259) Load: 0.00/0.00/0.00
[438.235s][info][gc,mmu      ] GC(259) MMU: 2ms/80.5%, 5ms/92.2%, 10ms/96.1%, 20ms/96.3%, 50ms/97.1%, 100ms/97.5%
[438.235s][info][gc,marking  ] GC(259) Mark: 2 stripe(s), 2 proactive flush(es), 1 terminate flush(es), 0 completion(s), 0 continuation(s) 
[438.235s][info][gc,marking  ] GC(259) Mark Stack Usage: 32M
[438.235s][info][gc,nmethod  ] GC(259) NMethods: 4843 registered, 3 unregistered
[438.235s][info][gc,metaspace] GC(259) Metaspace: 33M used, 33M committed, 1088M reserved
[438.235s][info][gc,ref      ] GC(259) Soft: 4016 encountered, 0 discovered, 0 enqueued
[438.235s][info][gc,ref      ] GC(259) Weak: 1714 encountered, 53 discovered, 0 enqueued
[438.235s][info][gc,ref      ] GC(259) Final: 7 encountered, 7 discovered, 0 enqueued
[438.235s][info][gc,ref      ] GC(259) Phantom: 714 encountered, 615 discovered, 0 enqueued
[438.235s][info][gc,reloc    ] GC(259) Small Pages: 2594 / 5188M, Empty: 5058M, Relocated: 0M, In-Place: 0
[438.235s][info][gc,reloc    ] GC(259) Medium Pages: 1 / 32M, Empty: 0M, Relocated: 0M, In-Place: 0
[438.235s][info][gc,reloc    ] GC(259) Large Pages: 0 / 0M, Empty: 0M, Relocated: 0M, In-Place: 0
[438.235s][info][gc,reloc    ] GC(259) Forwarding Usage: 0M
[438.235s][info][gc,heap     ] GC(259) Min Capacity: 8192M(100%)
[438.235s][info][gc,heap     ] GC(259) Max Capacity: 8192M(100%)
[438.235s][info][gc,heap     ] GC(259) Soft Max Capacity: 8192M(100%)
[438.235s][info][gc,heap     ] GC(259)                Mark Start          Mark End        Relocate Start      Relocate End           High               Low         
[438.235s][info][gc,heap     ] GC(259)  Capacity:     8192M (100%)       8192M (100%)       8192M (100%)       8192M (100%)       8192M (100%)       8192M (100%)   
[438.235s][info][gc,heap     ] GC(259)      Free:     2972M (36%)        2518M (31%)        7538M (92%)        7552M (92%)        7552M (92%)        2496M (30%)    
[438.235s][info][gc,heap     ] GC(259)      Used:     5220M (64%)        5674M (69%)         654M (8%)          640M (8%)         5696M (70%)         640M (8%)     
[438.235s][info][gc,heap     ] GC(259)      Live:         -               124M (2%)          124M (2%)          124M (2%)             -                  -          
[438.235s][info][gc,heap     ] GC(259) Allocated:         -               454M (6%)          492M (6%)          492M (6%)             -                  -          
[438.235s][info][gc,heap     ] GC(259)   Garbage:         -              5095M (62%)          37M (0%)           23M (0%)             -                  -          
[438.235s][info][gc,heap     ] GC(259) Reclaimed:         -                  -              5058M (62%)        5072M (62%)            -                  -          
[438.235s][info][gc          ] GC(259) Garbage Collection (Allocation Rate) 5220M(64%)->640M(8%)
[439.128s][info][gc,start    ] GC(260) Garbage Collection (Allocation Rate)
[439.128s][info][gc,task     ] GC(260) Using 1 workers
[439.128s][info][gc,phases   ] GC(260) Pause Mark Start 0.014ms
[439.269s][info][gc,phases   ] GC(260) Concurrent Mark 140.870ms
[439.269s][info][gc,phases   ] GC(260) Pause Mark End 0.013ms
[439.269s][info][gc,phases   ] GC(260) Concurrent Mark Free 0.001ms
[439.301s][info][gc,phases   ] GC(260) Concurrent Process Non-Strong References 31.706ms
[439.301s][info][gc,phases   ] GC(260) Concurrent Reset Relocation Set 0.002ms
[439.304s][info][gc,phases   ] GC(260) Concurrent Select Relocation Set 3.436ms
[439.304s][info][gc,phases   ] GC(260) Pause Relocate Start 0.009ms
[439.305s][info][gc,phases   ] GC(260) Concurrent Relocate 0.429ms
[439.305s][info][gc,load     ] GC(260) Load: 0.00/0.00/0.00
[439.305s][info][gc,mmu      ] GC(260) MMU: 2ms/80.5%, 5ms/92.2%, 10ms/96.1%, 20ms/96.3%, 50ms/97.1%, 100ms/97.5%
[439.305s][info][gc,marking  ] GC(260) Mark: 1 stripe(s), 2 proactive flush(es), 1 terminate flush(es), 0 completion(s), 0 continuation(s) 
[439.305s][info][gc,marking  ] GC(260) Mark Stack Usage: 32M
[439.305s][info][gc,nmethod  ] GC(260) NMethods: 4843 registered, 3 unregistered
[439.305s][info][gc,metaspace] GC(260) Metaspace: 33M used, 33M committed, 1088M reserved
[439.305s][info][gc,ref      ] GC(260) Soft: 4016 encountered, 0 discovered, 0 enqueued
[439.305s][info][gc,ref      ] GC(260) Weak: 1732 encountered, 1284 discovered, 0 enqueued
[439.305s][info][gc,ref      ] GC(260) Final: 7 encountered, 7 discovered, 0 enqueued
[439.305s][info][gc,ref      ] GC(260) Phantom: 714 encountered, 665 discovered, 0 enqueued
[439.305s][info][gc,reloc    ] GC(260) Small Pages: 2836 / 5672M, Empty: 5534M, Relocated: 0M, In-Place: 0
[439.305s][info][gc,reloc    ] GC(260) Medium Pages: 1 / 32M, Empty: 0M, Relocated: 0M, In-Place: 0
[439.305s][info][gc,reloc    ] GC(260) Large Pages: 0 / 0M, Empty: 0M, Relocated: 0M, In-Place: 0
[439.305s][info][gc,reloc    ] GC(260) Forwarding Usage: 0M
[439.305s][info][gc,heap     ] GC(260) Min Capacity: 8192M(100%)
[439.305s][info][gc,heap     ] GC(260) Max Capacity: 8192M(100%)
[439.305s][info][gc,heap     ] GC(260) Soft Max Capacity: 8192M(100%)
[439.305s][info][gc,heap     ] GC(260)                Mark Start          Mark End        Relocate Start      Relocate End           High               Low         
[439.305s][info][gc,heap     ] GC(260)  Capacity:     8192M (100%)       8192M (100%)       8192M (100%)       8192M (100%)       8192M (100%)       8192M (100%)   
[439.305s][info][gc,heap     ] GC(260)      Free:     2488M (30%)        1996M (24%)        7432M (91%)        7454M (91%)        7454M (91%)        1916M (23%)    
[439.305s][info][gc,heap     ] GC(260)      Used:     5704M (70%)        6196M (76%)         760M (9%)          738M (9%)         6276M (77%)         738M (9%)     
[439.305s][info][gc,heap     ] GC(260)      Live:         -               124M (2%)          124M (2%)          124M (2%)             -                  -          
[439.305s][info][gc,heap     ] GC(260) Allocated:         -               492M (6%)          590M (7%)          591M (7%)             -                  -          
[439.305s][info][gc,heap     ] GC(260)   Garbage:         -              5579M (68%)          45M (1%)           21M (0%)             -                  -          
[439.305s][info][gc,heap     ] GC(260) Reclaimed:         -                  -              5534M (68%)        5557M (68%)            -                  -          
[439.305s][info][gc          ] GC(260) Garbage Collection (Allocation Rate) 5704M(70%)->738M(9%)
[440.326s][info][gc,stats    ] === Garbage Collection Statistics =======================================================================================================================
[440.326s][info][gc,stats    ]                                                              Last 10s              Last 10m              Last 10h                Total
[440.326s][info][gc,stats    ]                                                              Avg / Max             Avg / Max             Avg / Max             Avg / Max
[440.326s][info][gc,stats    ]   Collector: Garbage Collection Cycle                    135.681 / 191.383     124.524 / 379.439     124.524 / 379.439     124.524 / 379.439     ms
[440.326s][info][gc,stats    ]  Contention: Mark Segment Reset Contention                     0 / 2                 0 / 115               0 / 115               0 / 115         ops/s
[440.326s][info][gc,stats    ]  Contention: Mark SeqNum Reset Contention                      0 / 0                 0 / 2                 0 / 2                 0 / 2           ops/s
[440.326s][info][gc,stats    ]    Critical: Allocation Stall                                  0 / 0                 0 / 0                 0 / 0                 0 / 0           ops/s
[440.326s][info][gc,stats    ]    Critical: Allocation Stall                              0.000 / 0.000         0.000 / 0.000         0.000 / 0.000         0.000 / 0.000       ms
[440.326s][info][gc,stats    ]    Critical: GC Locker Stall                                   0 / 0                 0 / 0                 0 / 0                 0 / 0           ops/s
[440.326s][info][gc,stats    ]    Critical: GC Locker Stall                               0.000 / 0.000         0.000 / 0.000         0.000 / 0.000         0.000 / 0.000       ms
[440.326s][info][gc,stats    ]    Critical: Relocation Stall                                  0 / 0                 0 / 0                 0 / 0                 0 / 0           ops/s
[440.326s][info][gc,stats    ]    Critical: Relocation Stall                              0.000 / 0.000         0.000 / 0.000         0.000 / 0.000         0.000 / 0.000       ms
[440.326s][info][gc,stats    ]      Memory: Allocation Rate                                3509 / 6112           2816 / 6636           2816 / 6636           2816 / 6636        MB/s
[440.326s][info][gc,stats    ]      Memory: Out Of Memory                                     0 / 0                 0 / 0                 0 / 0                 0 / 0           ops/s
[440.326s][info][gc,stats    ]      Memory: Page Cache Flush                                 87 / 592              87 / 672              87 / 672              87 / 672         MB/s
[440.326s][info][gc,stats    ]      Memory: Page Cache Hit L1                              1587 / 3065           1205 / 3321           1205 / 3321           1205 / 3321        ops/s
[440.326s][info][gc,stats    ]      Memory: Page Cache Hit L2                                 0 / 0                 0 / 0                 0 / 0                 0 / 0           ops/s
[440.326s][info][gc,stats    ]      Memory: Page Cache Hit L3                                34 / 186              41 / 635              41 / 635              41 / 635         ops/s
[440.326s][info][gc,stats    ]      Memory: Page Cache Miss                                   9 / 64                9 / 71                9 / 71                9 / 71          ops/s
[440.326s][info][gc,stats    ]      Memory: Uncommit                                          0 / 0                 0 / 0                 0 / 0                 0 / 0           MB/s
[440.326s][info][gc,stats    ]      Memory: Undo Object Allocation Failed                     0 / 0                 0 / 2                 0 / 2                 0 / 2           ops/s
[440.326s][info][gc,stats    ]      Memory: Undo Object Allocation Succeeded                  0 / 4                 0 / 94                0 / 94                0 / 94          ops/s
[440.326s][info][gc,stats    ]      Memory: Undo Page Allocation                              0 / 5                 0 / 8                 0 / 8                 0 / 8           ops/s
[440.326s][info][gc,stats    ]       Phase: Concurrent Mark                             110.476 / 141.301      98.872 / 190.432      98.872 / 190.432      98.872 / 190.432     ms
[440.326s][info][gc,stats    ]       Phase: Concurrent Mark Continue                      0.000 / 0.000        15.374 / 35.578       15.374 / 35.578       15.374 / 35.578      ms
[440.326s][info][gc,stats    ]       Phase: Concurrent Mark Free                          0.001 / 0.002         0.001 / 0.004         0.001 / 0.004         0.001 / 0.004       ms
[440.326s][info][gc,stats    ]       Phase: Concurrent Process Non-Strong References     13.431 / 31.706        8.399 / 31.706        8.399 / 31.706        8.399 / 31.706      ms
[440.326s][info][gc,stats    ]       Phase: Concurrent Relocate                           7.510 / 36.988        9.340 / 76.380        9.340 / 76.380        9.340 / 76.380      ms
[440.326s][info][gc,stats    ]       Phase: Concurrent Reset Relocation Set               0.012 / 0.028         0.010 / 0.049         0.010 / 0.049         0.010 / 0.049       ms
[440.326s][info][gc,stats    ]       Phase: Concurrent Select Relocation Set              3.336 / 4.968         3.568 / 13.402        3.568 / 13.402        3.568 / 13.402      ms
[440.326s][info][gc,stats    ]       Phase: Pause Mark End                                0.016 / 0.026         0.049 / 0.390         0.049 / 0.390         0.049 / 0.390       ms
[440.326s][info][gc,stats    ]       Phase: Pause Mark Start                              0.008 / 0.014         0.008 / 0.022         0.008 / 0.022         0.008 / 0.022       ms
[440.326s][info][gc,stats    ]       Phase: Pause Relocate Start                          0.010 / 0.014         0.011 / 0.046         0.011 / 0.046         0.011 / 0.046       ms
[440.326s][info][gc,stats    ]    Subphase: Concurrent Classes Purge                      0.274 / 0.533         0.252 / 0.574         0.252 / 0.574         0.252 / 0.574       ms
[440.326s][info][gc,stats    ]    Subphase: Concurrent Classes Unlink                     5.796 / 8.266         5.848 / 23.760        5.848 / 23.760        5.848 / 23.760      ms
[440.326s][info][gc,stats    ]    Subphase: Concurrent Mark                              97.280 / 140.486      78.206 / 189.582      78.206 / 189.582      78.206 / 189.582     ms
[440.326s][info][gc,stats    ]    Subphase: Concurrent Mark Try Flush                     1.610 / 18.508        0.516 / 30.486        0.516 / 30.486        0.516 / 30.486      ms
[440.326s][info][gc,stats    ]    Subphase: Concurrent Mark Try Terminate                 3.881 / 16.257        3.003 / 24.568        3.003 / 24.568        3.003 / 24.568      ms
[440.326s][info][gc,stats    ]    Subphase: Concurrent References Enqueue                 0.003 / 0.007         0.003 / 0.008         0.003 / 0.008         0.003 / 0.008       ms
[440.326s][info][gc,stats    ]    Subphase: Concurrent References Process                 1.045 / 2.332         1.001 / 3.217         1.001 / 3.217         1.001 / 3.217       ms
[440.326s][info][gc,stats    ]    Subphase: Concurrent Roots ClassLoaderDataGraph         0.103 / 0.201         0.108 / 0.537         0.108 / 0.537         0.108 / 0.537       ms
[440.326s][info][gc,stats    ]    Subphase: Concurrent Roots CodeCache                    0.000 / 0.000         0.000 / 0.000         0.000 / 0.000         0.000 / 0.000       ms
[440.326s][info][gc,stats    ]    Subphase: Concurrent Roots JavaThreads                  0.353 / 0.639         0.359 / 1.258         0.359 / 1.258         0.359 / 1.258       ms
[440.326s][info][gc,stats    ]    Subphase: Concurrent Roots OopStorageSet                0.028 / 0.054         0.030 / 0.124         0.030 / 0.124         0.030 / 0.124       ms
[440.326s][info][gc,stats    ]    Subphase: Concurrent Weak Roots OopStorageSet           0.296 / 0.715         0.301 / 1.123         0.301 / 1.123         0.301 / 1.123       ms
[440.326s][info][gc,stats    ]    Subphase: Pause Mark Try Complete                       0.000 / 0.000         0.146 / 0.301         0.146 / 0.301         0.146 / 0.301       ms
[440.326s][info][gc,stats    ]      System: Java Threads                                     19 / 21               19 / 22               19 / 22               19 / 22          threads
[440.326s][info][gc,stats    ] =========================================================================================================================================================
[440.522s][info][gc,start    ] GC(261) Garbage Collection (Allocation Rate)
[440.522s][info][gc,task     ] GC(261) Using 1 workers
[440.522s][info][gc,phases   ] GC(261) Pause Mark Start 0.014ms
[440.650s][info][gc,phases   ] GC(261) Concurrent Mark 127.676ms
[440.650s][info][gc,phases   ] GC(261) Pause Mark End 0.014ms
[440.650s][info][gc,phases   ] GC(261) Concurrent Mark Free 0.001ms
[440.661s][info][gc,phases   ] GC(261) Concurrent Process Non-Strong References 10.056ms
[440.661s][info][gc,phases   ] GC(261) Concurrent Reset Relocation Set 0.001ms
[440.666s][info][gc,phases   ] GC(261) Concurrent Select Relocation Set 5.800ms
[440.666s][info][gc,phases   ] GC(261) Pause Relocate Start 0.010ms
[440.697s][info][gc,phases   ] GC(261) Concurrent Relocate 30.328ms
[440.697s][info][gc,load     ] GC(261) Load: 0.00/0.00/0.00
[440.697s][info][gc,mmu      ] GC(261) MMU: 2ms/80.5%, 5ms/92.2%, 10ms/96.1%, 20ms/96.3%, 50ms/97.1%, 100ms/97.5%
[440.697s][info][gc,marking  ] GC(261) Mark: 1 stripe(s), 2 proactive flush(es), 1 terminate flush(es), 0 completion(s), 0 continuation(s) 
[440.697s][info][gc,marking  ] GC(261) Mark Stack Usage: 32M
[440.697s][info][gc,nmethod  ] GC(261) NMethods: 4843 registered, 3 unregistered
[440.697s][info][gc,metaspace] GC(261) Metaspace: 33M used, 33M committed, 1088M reserved
[440.697s][info][gc,ref      ] GC(261) Soft: 4016 encountered, 0 discovered, 0 enqueued
[440.697s][info][gc,ref      ] GC(261) Weak: 21499 encountered, 17643 discovered, 4831 enqueued
[440.697s][info][gc,ref      ] GC(261) Final: 7 encountered, 7 discovered, 0 enqueued
[440.697s][info][gc,ref      ] GC(261) Phantom: 720 encountered, 671 discovered, 0 enqueued
[440.697s][info][gc,reloc    ] GC(261) Small Pages: 2279 / 4558M, Empty: 4178M, Relocated: 35M, In-Place: 0
[440.697s][info][gc,reloc    ] GC(261) Medium Pages: 5 / 160M, Empty: 128M, Relocated: 0M, In-Place: 0
[440.697s][info][gc,reloc    ] GC(261) Large Pages: 30 / 208M, Empty: 208M, Relocated: 0M, In-Place: 0
[440.697s][info][gc,reloc    ] GC(261) Forwarding Usage: 11M
[440.697s][info][gc,heap     ] GC(261) Min Capacity: 8192M(100%)
[440.697s][info][gc,heap     ] GC(261) Max Capacity: 8192M(100%)
[440.697s][info][gc,heap     ] GC(261) Soft Max Capacity: 8192M(100%)
[440.697s][info][gc,heap     ] GC(261)                Mark Start          Mark End        Relocate Start      Relocate End           High               Low         
[440.697s][info][gc,heap     ] GC(261)  Capacity:     8192M (100%)       8192M (100%)       8192M (100%)       8192M (100%)       8192M (100%)       8192M (100%)   
[440.697s][info][gc,heap     ] GC(261)      Free:     3266M (40%)        3118M (38%)        7618M (93%)        7832M (96%)        7832M (96%)        3106M (38%)    
[440.697s][info][gc,heap     ] GC(261)      Used:     4926M (60%)        5074M (62%)         574M (7%)          360M (4%)         5086M (62%)         360M (4%)     
[440.697s][info][gc,heap     ] GC(261)      Live:         -               151M (2%)          151M (2%)          151M (2%)             -                  -          
[440.697s][info][gc,heap     ] GC(261) Allocated:         -               148M (2%)          162M (2%)          185M (2%)             -                  -          
[440.697s][info][gc,heap     ] GC(261)   Garbage:         -              4774M (58%)         260M (3%)           23M (0%)             -                  -          
[440.697s][info][gc,heap     ] GC(261) Reclaimed:         -                  -              4514M (55%)        4751M (58%)            -                  -          
[440.697s][info][gc          ] GC(261) Garbage Collection (Allocation Rate) 4926M(60%)->360M(4%)
[444.091s][info][gc,start    ] GC(262) Garbage Collection (System.gc())
[444.091s][info][gc,task     ] GC(262) Using 2 workers
[444.092s][info][gc,phases   ] GC(262) Pause Mark Start 0.006ms
[444.157s][info][gc,phases   ] GC(262) Concurrent Mark 65.575ms
[444.157s][info][gc,phases   ] GC(262) Pause Mark End 0.024ms
[444.158s][info][gc,phases   ] GC(262) Concurrent Mark Free 0.003ms
[444.163s][info][gc,phases   ] GC(262) Concurrent Process Non-Strong References 5.872ms
[444.163s][info][gc,phases   ] GC(262) Concurrent Reset Relocation Set 0.013ms
[444.166s][info][gc,phases   ] GC(262) Concurrent Select Relocation Set 2.198ms
[444.166s][info][gc,phases   ] GC(262) Pause Relocate Start 0.010ms
[444.173s][info][gc,phases   ] GC(262) Concurrent Relocate 7.516ms
[444.173s][info][gc,load     ] GC(262) Load: 0.00/0.00/0.00
[444.174s][info][gc,mmu      ] GC(262) MMU: 2ms/80.5%, 5ms/92.2%, 10ms/96.1%, 20ms/96.3%, 50ms/97.1%, 100ms/97.5%
[444.174s][info][gc,marking  ] GC(262) Mark: 2 stripe(s), 2 proactive flush(es), 1 terminate flush(es), 0 completion(s), 0 continuation(s) 
[444.174s][info][gc,marking  ] GC(262) Mark Stack Usage: 32M
[444.174s][info][gc,nmethod  ] GC(262) NMethods: 4843 registered, 3 unregistered
[444.174s][info][gc,metaspace] GC(262) Metaspace: 33M used, 33M committed, 1088M reserved
[444.174s][info][gc,ref      ] GC(262) Soft: 4016 encountered, 0 discovered, 0 enqueued
[444.174s][info][gc,ref      ] GC(262) Weak: 24300 encountered, 22649 discovered, 22586 enqueued
[444.174s][info][gc,ref      ] GC(262) Final: 7 encountered, 5 discovered, 0 enqueued
[444.174s][info][gc,ref      ] GC(262) Phantom: 714 encountered, 647 discovered, 0 enqueued
[444.174s][info][gc,reloc    ] GC(262) Small Pages: 922 / 1844M, Empty: 1124M, Relocated: 10M, In-Place: 0
[444.174s][info][gc,reloc    ] GC(262) Medium Pages: 27 / 864M, Empty: 800M, Relocated: 16M, In-Place: 0
[444.174s][info][gc,reloc    ] GC(262) Large Pages: 242 / 1682M, Empty: 1682M, Relocated: 0M, In-Place: 0
[444.174s][info][gc,reloc    ] GC(262) Forwarding Usage: 3M
[444.174s][info][gc,heap     ] GC(262) Min Capacity: 8192M(100%)
[444.174s][info][gc,heap     ] GC(262) Max Capacity: 8192M(100%)
[444.174s][info][gc,heap     ] GC(262) Soft Max Capacity: 8192M(100%)
[444.174s][info][gc,heap     ] GC(262)                Mark Start          Mark End        Relocate Start      Relocate End           High               Low         
[444.174s][info][gc,heap     ] GC(262)  Capacity:     8192M (100%)       8192M (100%)       8192M (100%)       8192M (100%)       8192M (100%)       8192M (100%)   
[444.174s][info][gc,heap     ] GC(262)      Free:     3802M (46%)        3802M (46%)        7408M (90%)        8046M (98%)        8046M (98%)        3802M (46%)    
[444.174s][info][gc,heap     ] GC(262)      Used:     4390M (54%)        4390M (54%)         784M (10%)         146M (2%)         4390M (54%)         146M (2%)     
[444.174s][info][gc,heap     ] GC(262)      Live:         -               126M (2%)          126M (2%)          126M (2%)             -                  -          
[444.174s][info][gc,heap     ] GC(262) Allocated:         -                 0M (0%)            0M (0%)            0M (0%)             -                  -          
[444.174s][info][gc,heap     ] GC(262)   Garbage:         -              4263M (52%)         657M (8%)           19M (0%)             -                  -          
[444.174s][info][gc,heap     ] GC(262) Reclaimed:         -                  -              3606M (44%)        4244M (52%)            -                  -          
[444.174s][info][gc          ] GC(262) Garbage Collection (System.gc()) 4390M(54%)->146M(2%)
[444.832s][info][gc,start    ] GC(263) Garbage Collection (Allocation Rate)
[444.832s][info][gc,task     ] GC(263) Using 2 workers
[444.833s][info][gc,phases   ] GC(263) Pause Mark Start 0.007ms
[444.926s][info][gc,phases   ] GC(263) Concurrent Mark 79.625ms
[444.927s][info][gc,phases   ] GC(263) Pause Mark End 0.017ms
[444.927s][info][gc,phases   ] GC(263) Concurrent Mark Free 0.001ms
[444.933s][info][gc,phases   ] GC(263) Concurrent Process Non-Strong References 6.322ms
[444.933s][info][gc,phases   ] GC(263) Concurrent Reset Relocation Set 0.034ms
[444.937s][info][gc,phases   ] GC(263) Concurrent Select Relocation Set 3.359ms
[444.937s][info][gc,phases   ] GC(263) Pause Relocate Start 0.008ms
[444.937s][info][gc,phases   ] GC(263) Concurrent Relocate 0.296ms
[444.937s][info][gc,load     ] GC(263) Load: 0.00/0.00/0.00
[444.937s][info][gc,mmu      ] GC(263) MMU: 2ms/80.5%, 5ms/92.2%, 10ms/96.1%, 20ms/96.3%, 50ms/97.1%, 100ms/97.5%
[444.937s][info][gc,marking  ] GC(263) Mark: 2 stripe(s), 1 proactive flush(es), 1 terminate flush(es), 0 completion(s), 0 continuation(s) 
[444.937s][info][gc,marking  ] GC(263) Mark Stack Usage: 32M
[444.937s][info][gc,nmethod  ] GC(263) NMethods: 4845 registered, 3 unregistered
[444.937s][info][gc,metaspace] GC(263) Metaspace: 33M used, 33M committed, 1088M reserved
[444.937s][info][gc,ref      ] GC(263) Soft: 4016 encountered, 0 discovered, 0 enqueued
[444.937s][info][gc,ref      ] GC(263) Weak: 1732 encountered, 54 discovered, 0 enqueued
[444.937s][info][gc,ref      ] GC(263) Final: 7 encountered, 7 discovered, 0 enqueued
[444.937s][info][gc,ref      ] GC(263) Phantom: 714 encountered, 652 discovered, 0 enqueued
[444.937s][info][gc,reloc    ] GC(263) Small Pages: 2460 / 4920M, Empty: 4784M, Relocated: 0M, In-Place: 0
[444.937s][info][gc,reloc    ] GC(263) Medium Pages: 1 / 32M, Empty: 0M, Relocated: 0M, In-Place: 0
[444.937s][info][gc,reloc    ] GC(263) Large Pages: 0 / 0M, Empty: 0M, Relocated: 0M, In-Place: 0
[444.937s][info][gc,reloc    ] GC(263) Forwarding Usage: 0M
[444.937s][info][gc,heap     ] GC(263) Min Capacity: 8192M(100%)
[444.937s][info][gc,heap     ] GC(263) Max Capacity: 8192M(100%)
[444.937s][info][gc,heap     ] GC(263) Soft Max Capacity: 8192M(100%)
[444.937s][info][gc,heap     ] GC(263)                Mark Start          Mark End        Relocate Start      Relocate End           High               Low         
[444.937s][info][gc,heap     ] GC(263)  Capacity:     8192M (100%)       8192M (100%)       8192M (100%)       8192M (100%)       8192M (100%)       8192M (100%)   
[444.937s][info][gc,heap     ] GC(263)      Free:     3240M (40%)        2714M (33%)        7448M (91%)        7464M (91%)        7466M (91%)        2678M (33%)    
[444.937s][info][gc,heap     ] GC(263)      Used:     4952M (60%)        5478M (67%)         744M (9%)          728M (9%)         5514M (67%)         726M (9%)     
[444.937s][info][gc,heap     ] GC(263)      Live:         -               126M (2%)          126M (2%)          126M (2%)             -                  -          
[444.937s][info][gc,heap     ] GC(263) Allocated:         -               526M (6%)          576M (7%)          580M (7%)             -                  -          
[444.937s][info][gc,heap     ] GC(263)   Garbage:         -              4825M (59%)          41M (1%)           21M (0%)             -                  -          
[444.937s][info][gc,heap     ] GC(263) Reclaimed:         -                  -              4784M (58%)        4804M (59%)            -                  -          
[444.937s][info][gc          ] GC(263) Garbage Collection (Allocation Rate) 4952M(60%)->728M(9%)
[445.821s][info][gc,start    ] GC(264) Garbage Collection (Allocation Rate)
[445.821s][info][gc,task     ] GC(264) Using 1 workers
[445.821s][info][gc,phases   ] GC(264) Pause Mark Start 0.008ms
[445.945s][info][gc,phases   ] GC(264) Concurrent Mark 123.461ms
[445.945s][info][gc,phases   ] GC(264) Pause Mark End 0.010ms
[445.945s][info][gc,phases   ] GC(264) Concurrent Mark Free 0.001ms
[445.956s][info][gc,phases   ] GC(264) Concurrent Process Non-Strong References 10.925ms
[445.956s][info][gc,phases   ] GC(264) Concurrent Reset Relocation Set 0.002ms
[445.960s][info][gc,phases   ] GC(264) Concurrent Select Relocation Set 3.232ms
[445.960s][info][gc,phases   ] GC(264) Pause Relocate Start 0.007ms
[445.960s][info][gc,phases   ] GC(264) Concurrent Relocate 0.283ms
[445.960s][info][gc,load     ] GC(264) Load: 0.00/0.00/0.00
[445.960s][info][gc,mmu      ] GC(264) MMU: 2ms/80.5%, 5ms/92.2%, 10ms/96.1%, 20ms/96.3%, 50ms/97.1%, 100ms/97.5%
[445.960s][info][gc,marking  ] GC(264) Mark: 1 stripe(s), 2 proactive flush(es), 1 terminate flush(es), 0 completion(s), 0 continuation(s) 
[445.960s][info][gc,marking  ] GC(264) Mark Stack Usage: 32M
[445.960s][info][gc,nmethod  ] GC(264) NMethods: 4845 registered, 3 unregistered
[445.960s][info][gc,metaspace] GC(264) Metaspace: 33M used, 33M committed, 1088M reserved
[445.960s][info][gc,ref      ] GC(264) Soft: 4016 encountered, 0 discovered, 0 enqueued
[445.960s][info][gc,ref      ] GC(264) Weak: 1732 encountered, 1284 discovered, 0 enqueued
[445.960s][info][gc,ref      ] GC(264) Final: 7 encountered, 7 discovered, 0 enqueued
[445.960s][info][gc,ref      ] GC(264) Phantom: 714 encountered, 665 discovered, 0 enqueued
[445.960s][info][gc,reloc    ] GC(264) Small Pages: 2847 / 5694M, Empty: 5556M, Relocated: 0M, In-Place: 0
[445.960s][info][gc,reloc    ] GC(264) Medium Pages: 1 / 32M, Empty: 0M, Relocated: 0M, In-Place: 0
[445.960s][info][gc,reloc    ] GC(264) Large Pages: 0 / 0M, Empty: 0M, Relocated: 0M, In-Place: 0
[445.960s][info][gc,reloc    ] GC(264) Forwarding Usage: 0M
[445.960s][info][gc,heap     ] GC(264) Min Capacity: 8192M(100%)
[445.960s][info][gc,heap     ] GC(264) Max Capacity: 8192M(100%)
[445.960s][info][gc,heap     ] GC(264) Soft Max Capacity: 8192M(100%)
[445.960s][info][gc,heap     ] GC(264)                Mark Start          Mark End        Relocate Start      Relocate End           High               Low         
[445.960s][info][gc,heap     ] GC(264)  Capacity:     8192M (100%)       8192M (100%)       8192M (100%)       8192M (100%)       8192M (100%)       8192M (100%)   
[445.960s][info][gc,heap     ] GC(264)      Free:     2466M (30%)        1990M (24%)        7492M (91%)        7514M (92%)        7514M (92%)        1950M (24%)    
[445.960s][info][gc,heap     ] GC(264)      Used:     5726M (70%)        6202M (76%)         700M (9%)          678M (8%)         6242M (76%)         678M (8%)     
[445.960s][info][gc,heap     ] GC(264)      Live:         -               126M (2%)          126M (2%)          126M (2%)             -                  -          
[445.960s][info][gc,heap     ] GC(264) Allocated:         -               476M (6%)          530M (6%)          531M (6%)             -                  -          
[445.960s][info][gc,heap     ] GC(264)   Garbage:         -              5599M (68%)          43M (1%)           19M (0%)             -                  -          
[445.960s][info][gc,heap     ] GC(264) Reclaimed:         -                  -              5556M (68%)        5579M (68%)            -                  -          
[445.960s][info][gc          ] GC(264) Garbage Collection (Allocation Rate) 5726M(70%)->678M(8%)
[447.328s][info][gc,start    ] GC(265) Garbage Collection (Allocation Rate)
[447.328s][info][gc,task     ] GC(265) Using 1 workers
[447.328s][info][gc,phases   ] GC(265) Pause Mark Start 0.012ms
[447.460s][info][gc,phases   ] GC(265) Concurrent Mark 131.318ms
[447.460s][info][gc,phases   ] GC(265) Pause Mark End 0.035ms
[447.460s][info][gc,phases   ] GC(265) Concurrent Mark Free 0.001ms
[447.472s][info][gc,phases   ] GC(265) Concurrent Process Non-Strong References 11.460ms
[447.472s][info][gc,phases   ] GC(265) Concurrent Reset Relocation Set 0.003ms
[447.478s][info][gc,phases   ] GC(265) Concurrent Select Relocation Set 5.960ms
[447.478s][info][gc,phases   ] GC(265) Pause Relocate Start 0.014ms
[447.510s][info][gc,phases   ] GC(265) Concurrent Relocate 32.105ms
[447.510s][info][gc,load     ] GC(265) Load: 0.00/0.00/0.00
[447.510s][info][gc,mmu      ] GC(265) MMU: 2ms/80.5%, 5ms/92.2%, 10ms/96.1%, 20ms/96.3%, 50ms/97.1%, 100ms/97.5%
[447.510s][info][gc,marking  ] GC(265) Mark: 1 stripe(s), 10 proactive flush(es), 3 terminate flush(es), 1 completion(s), 0 continuation(s) 
[447.510s][info][gc,marking  ] GC(265) Mark Stack Usage: 32M
[447.510s][info][gc,nmethod  ] GC(265) NMethods: 4847 registered, 3 unregistered
[447.510s][info][gc,metaspace] GC(265) Metaspace: 33M used, 33M committed, 1088M reserved
[447.510s][info][gc,ref      ] GC(265) Soft: 4016 encountered, 0 discovered, 0 enqueued
[447.510s][info][gc,ref      ] GC(265) Weak: 21161 encountered, 17578 discovered, 3348 enqueued
[447.510s][info][gc,ref      ] GC(265) Final: 7 encountered, 7 discovered, 0 enqueued
[447.510s][info][gc,ref      ] GC(265) Phantom: 720 encountered, 671 discovered, 0 enqueued
[447.510s][info][gc,reloc    ] GC(265) Small Pages: 2425 / 4850M, Empty: 4428M, Relocated: 36M, In-Place: 0
[447.510s][info][gc,reloc    ] GC(265) Medium Pages: 5 / 160M, Empty: 128M, Relocated: 0M, In-Place: 0
[447.510s][info][gc,reloc    ] GC(265) Large Pages: 37 / 256M, Empty: 256M, Relocated: 0M, In-Place: 0
[447.510s][info][gc,reloc    ] GC(265) Forwarding Usage: 11M
[447.510s][info][gc,heap     ] GC(265) Min Capacity: 8192M(100%)
[447.510s][info][gc,heap     ] GC(265) Max Capacity: 8192M(100%)
[447.510s][info][gc,heap     ] GC(265) Soft Max Capacity: 8192M(100%)
[447.510s][info][gc,heap     ] GC(265)                Mark Start          Mark End        Relocate Start      Relocate End           High               Low         
[447.510s][info][gc,heap     ] GC(265)  Capacity:     8192M (100%)       8192M (100%)       8192M (100%)       8192M (100%)       8192M (100%)       8192M (100%)   
[447.511s][info][gc,heap     ] GC(265)      Free:     2926M (36%)        2776M (34%)        7574M (92%)        7792M (95%)        7818M (95%)        2762M (34%)    
[447.511s][info][gc,heap     ] GC(265)      Used:     5266M (64%)        5416M (66%)         618M (8%)          400M (5%)         5430M (66%)         374M (5%)     
[447.511s][info][gc,heap     ] GC(265)      Live:         -               151M (2%)          151M (2%)          151M (2%)             -                  -          
[447.511s][info][gc,heap     ] GC(265) Allocated:         -               150M (2%)          164M (2%)          225M (3%)             -                  -          
[447.511s][info][gc,heap     ] GC(265)   Garbage:         -              5114M (62%)         302M (4%)           22M (0%)             -                  -          
[447.511s][info][gc,heap     ] GC(265) Reclaimed:         -                  -              4812M (59%)        5091M (62%)            -                  -          
[447.511s][info][gc          ] GC(265) Garbage Collection (Allocation Rate) 5266M(64%)->400M(5%)
[450.321s][info][gc,stats    ] === Garbage Collection Statistics =======================================================================================================================
[450.321s][info][gc,stats    ]                                                              Last 10s              Last 10m              Last 10h                Total
[450.321s][info][gc,stats    ]                                                              Avg / Max             Avg / Max             Avg / Max             Avg / Max
[450.321s][info][gc,stats    ]   Collector: Garbage Collection Cycle                    136.447 / 181.923     124.748 / 379.439     124.748 / 379.439     124.748 / 379.439     ms
[450.321s][info][gc,stats    ]  Contention: Mark Segment Reset Contention                     0 / 1                 0 / 115               0 / 115               0 / 115         ops/s
[450.321s][info][gc,stats    ]  Contention: Mark SeqNum Reset Contention                      0 / 0                 0 / 2                 0 / 2                 0 / 2           ops/s
[450.321s][info][gc,stats    ]    Critical: Allocation Stall                                  0 / 0                 0 / 0                 0 / 0                 0 / 0           ops/s
[450.321s][info][gc,stats    ]    Critical: Allocation Stall                              0.000 / 0.000         0.000 / 0.000         0.000 / 0.000         0.000 / 0.000       ms
[450.321s][info][gc,stats    ]    Critical: GC Locker Stall                                   0 / 0                 0 / 0                 0 / 0                 0 / 0           ops/s
[450.321s][info][gc,stats    ]    Critical: GC Locker Stall                               0.000 / 0.000         0.000 / 0.000         0.000 / 0.000         0.000 / 0.000       ms
[450.321s][info][gc,stats    ]    Critical: Relocation Stall                                  0 / 0                 0 / 0                 0 / 0                 0 / 0           ops/s
[450.321s][info][gc,stats    ]    Critical: Relocation Stall                              0.000 / 0.000         0.000 / 0.000         0.000 / 0.000         0.000 / 0.000       ms
[450.321s][info][gc,stats    ]      Memory: Allocation Rate                                2314 / 6532           2805 / 6636           2805 / 6636           2805 / 6636        MB/s
[450.321s][info][gc,stats    ]      Memory: Out Of Memory                                     0 / 0                 0 / 0                 0 / 0                 0 / 0           ops/s
[450.321s][info][gc,stats    ]      Memory: Page Cache Flush                                 63 / 458              87 / 672              87 / 672              87 / 672         MB/s
[450.321s][info][gc,stats    ]      Memory: Page Cache Hit L1                               936 / 3268           1199 / 3321           1199 / 3321           1199 / 3321        ops/s
[450.321s][info][gc,stats    ]      Memory: Page Cache Hit L2                                 0 / 0                 0 / 0                 0 / 0                 0 / 0           ops/s
[450.321s][info][gc,stats    ]      Memory: Page Cache Hit L3                                24 / 201              40 / 635              40 / 635              40 / 635         ops/s
[450.321s][info][gc,stats    ]      Memory: Page Cache Miss                                   6 / 48                9 / 71                9 / 71                9 / 71          ops/s
[450.321s][info][gc,stats    ]      Memory: Uncommit                                          0 / 0                 0 / 0                 0 / 0                 0 / 0           MB/s
[450.321s][info][gc,stats    ]      Memory: Undo Object Allocation Failed                     0 / 0                 0 / 2                 0 / 2                 0 / 2           ops/s
[450.321s][info][gc,stats    ]      Memory: Undo Object Allocation Succeeded                  0 / 1                 0 / 94                0 / 94                0 / 94          ops/s
[450.321s][info][gc,stats    ]      Memory: Undo Page Allocation                              0 / 2                 0 / 8                 0 / 8                 0 / 8           ops/s
[450.321s][info][gc,stats    ]       Phase: Concurrent Mark                             105.531 / 131.318      98.998 / 190.432      98.998 / 190.432      98.998 / 190.432     ms
[450.321s][info][gc,stats    ]       Phase: Concurrent Mark Continue                      0.000 / 0.000        15.374 / 35.578       15.374 / 35.578       15.374 / 35.578      ms
[450.321s][info][gc,stats    ]       Phase: Concurrent Mark Free                          0.001 / 0.003         0.001 / 0.004         0.001 / 0.004         0.001 / 0.004       ms
[450.321s][info][gc,stats    ]       Phase: Concurrent Process Non-Strong References      8.927 / 11.460        8.409 / 31.706        8.409 / 31.706        8.409 / 31.706      ms
[450.321s][info][gc,stats    ]       Phase: Concurrent Relocate                          14.106 / 32.105        9.430 / 76.380        9.430 / 76.380        9.430 / 76.380      ms
[450.321s][info][gc,stats    ]       Phase: Concurrent Reset Relocation Set               0.010 / 0.034         0.010 / 0.049         0.010 / 0.049         0.010 / 0.049       ms
[450.321s][info][gc,stats    ]       Phase: Concurrent Select Relocation Set              4.110 / 5.960         3.578 / 13.402        3.578 / 13.402        3.578 / 13.402      ms
[450.321s][info][gc,stats    ]       Phase: Pause Mark End                                0.020 / 0.035         0.048 / 0.390         0.048 / 0.390         0.048 / 0.390       ms
[450.321s][info][gc,stats    ]       Phase: Pause Mark Start                              0.009 / 0.014         0.008 / 0.022         0.008 / 0.022         0.008 / 0.022       ms
[450.321s][info][gc,stats    ]       Phase: Pause Relocate Start                          0.010 / 0.014         0.011 / 0.046         0.011 / 0.046         0.011 / 0.046       ms
[450.321s][info][gc,stats    ]    Subphase: Concurrent Classes Purge                      0.305 / 0.454         0.253 / 0.574         0.253 / 0.574         0.253 / 0.574       ms
[450.321s][info][gc,stats    ]    Subphase: Concurrent Classes Unlink                     6.814 / 9.751         5.866 / 23.760        5.866 / 23.760        5.866 / 23.760      ms
[450.321s][info][gc,stats    ]    Subphase: Concurrent Mark                              94.249 / 130.559      78.453 / 189.582      78.453 / 189.582      78.453 / 189.582     ms
[450.321s][info][gc,stats    ]    Subphase: Concurrent Mark Try Flush                     0.060 / 0.146         0.506 / 30.486        0.506 / 30.486        0.506 / 30.486      ms
[450.321s][info][gc,stats    ]    Subphase: Concurrent Mark Try Terminate                 0.690 / 6.061         2.963 / 24.568        2.963 / 24.568        2.963 / 24.568      ms
[450.321s][info][gc,stats    ]    Subphase: Concurrent References Enqueue                 0.004 / 0.008         0.003 / 0.008         0.003 / 0.008         0.003 / 0.008       ms
[450.321s][info][gc,stats    ]    Subphase: Concurrent References Process                 1.325 / 2.313         1.007 / 3.217         1.007 / 3.217         1.007 / 3.217       ms
[450.321s][info][gc,stats    ]    Subphase: Concurrent Roots ClassLoaderDataGraph         0.110 / 0.178         0.108 / 0.537         0.108 / 0.537         0.108 / 0.537       ms
[450.321s][info][gc,stats    ]    Subphase: Concurrent Roots CodeCache                    0.000 / 0.000         0.000 / 0.000         0.000 / 0.000         0.000 / 0.000       ms
[450.321s][info][gc,stats    ]    Subphase: Concurrent Roots JavaThreads                  0.346 / 0.452         0.358 / 1.258         0.358 / 1.258         0.358 / 1.258       ms
[450.321s][info][gc,stats    ]    Subphase: Concurrent Roots OopStorageSet                0.029 / 0.043         0.030 / 0.124         0.030 / 0.124         0.030 / 0.124       ms
[450.321s][info][gc,stats    ]    Subphase: Concurrent Weak Roots OopStorageSet           0.292 / 0.410         0.301 / 1.123         0.301 / 1.123         0.301 / 1.123       ms
[450.321s][info][gc,stats    ]    Subphase: Pause Mark Try Complete                       0.002 / 0.002         0.144 / 0.301         0.144 / 0.301         0.144 / 0.301       ms
[450.321s][info][gc,stats    ]      System: Java Threads                                     19 / 21               19 / 22               19 / 22               19 / 22          threads
[450.321s][info][gc,stats    ] =========================================================================================================================================================
[451.274s][info][gc,start    ] GC(266) Garbage Collection (System.gc())
[451.274s][info][gc,task     ] GC(266) Using 2 workers
[451.274s][info][gc,phases   ] GC(266) Pause Mark Start 0.007ms
[451.335s][info][gc,phases   ] GC(266) Concurrent Mark 61.454ms
[451.336s][info][gc,phases   ] GC(266) Pause Mark End 0.013ms
[451.336s][info][gc,phases   ] GC(266) Concurrent Mark Free 0.001ms
[451.341s][info][gc,phases   ] GC(266) Concurrent Process Non-Strong References 5.319ms
[451.341s][info][gc,phases   ] GC(266) Concurrent Reset Relocation Set 0.012ms
[451.343s][info][gc,phases   ] GC(266) Concurrent Select Relocation Set 2.455ms
[451.344s][info][gc,phases   ] GC(266) Pause Relocate Start 0.008ms
[451.351s][info][gc,phases   ] GC(266) Concurrent Relocate 7.661ms
[451.351s][info][gc,load     ] GC(266) Load: 0.00/0.00/0.00
[451.351s][info][gc,mmu      ] GC(266) MMU: 2ms/80.5%, 5ms/92.2%, 10ms/96.1%, 20ms/96.3%, 50ms/97.1%, 100ms/97.5%
[451.351s][info][gc,marking  ] GC(266) Mark: 2 stripe(s), 2 proactive flush(es), 1 terminate flush(es), 0 completion(s), 0 continuation(s) 
[451.351s][info][gc,marking  ] GC(266) Mark Stack Usage: 32M
[451.351s][info][gc,nmethod  ] GC(266) NMethods: 4853 registered, 3 unregistered
[451.351s][info][gc,metaspace] GC(266) Metaspace: 33M used, 33M committed, 1088M reserved
[451.351s][info][gc,ref      ] GC(266) Soft: 4016 encountered, 0 discovered, 0 enqueued
[451.351s][info][gc,ref      ] GC(266) Weak: 24063 encountered, 22404 discovered, 22349 enqueued
[451.351s][info][gc,ref      ] GC(266) Final: 7 encountered, 7 discovered, 0 enqueued
[451.351s][info][gc,ref      ] GC(266) Phantom: 714 encountered, 621 discovered, 0 enqueued
[451.351s][info][gc,reloc    ] GC(266) Small Pages: 919 / 1838M, Empty: 1118M, Relocated: 10M, In-Place: 0
[451.351s][info][gc,reloc    ] GC(266) Medium Pages: 26 / 832M, Empty: 768M, Relocated: 15M, In-Place: 0
[451.351s][info][gc,reloc    ] GC(266) Large Pages: 234 / 1624M, Empty: 1624M, Relocated: 0M, In-Place: 0
[451.351s][info][gc,reloc    ] GC(266) Forwarding Usage: 3M
[451.351s][info][gc,heap     ] GC(266) Min Capacity: 8192M(100%)
[451.351s][info][gc,heap     ] GC(266) Max Capacity: 8192M(100%)
[451.351s][info][gc,heap     ] GC(266) Soft Max Capacity: 8192M(100%)
[451.351s][info][gc,heap     ] GC(266)                Mark Start          Mark End        Relocate Start      Relocate End           High               Low         
[451.351s][info][gc,heap     ] GC(266)  Capacity:     8192M (100%)       8192M (100%)       8192M (100%)       8192M (100%)       8192M (100%)       8192M (100%)   
[451.351s][info][gc,heap     ] GC(266)      Free:     3898M (48%)        3896M (48%)        7406M (90%)        8044M (98%)        8044M (98%)        3896M (48%)    
[451.351s][info][gc,heap     ] GC(266)      Used:     4294M (52%)        4296M (52%)         786M (10%)         148M (2%)         4296M (52%)         148M (2%)     
[451.351s][info][gc,heap     ] GC(266)      Live:         -               125M (2%)          125M (2%)          125M (2%)             -                  -          
[451.351s][info][gc,heap     ] GC(266) Allocated:         -                 2M (0%)            2M (0%)            2M (0%)             -                  -          
[451.351s][info][gc,heap     ] GC(266)   Garbage:         -              4168M (51%)         658M (8%)           20M (0%)             -                  -          
[451.351s][info][gc,heap     ] GC(266) Reclaimed:         -                  -              3510M (43%)        4148M (51%)            -                  -          
[451.351s][info][gc          ] GC(266) Garbage Collection (System.gc()) 4294M(52%)->148M(2%)
[452.026s][info][gc,start    ] GC(267) Garbage Collection (Allocation Rate)
[452.027s][info][gc,task     ] GC(267) Using 2 workers
[452.027s][info][gc,phases   ] GC(267) Pause Mark Start 0.009ms
[452.120s][info][gc,phases   ] GC(267) Concurrent Mark 78.046ms
[452.120s][info][gc,phases   ] GC(267) Pause Mark End 0.023ms
[452.120s][info][gc,phases   ] GC(267) Concurrent Mark Free 0.001ms
[452.127s][info][gc,phases   ] GC(267) Concurrent Process Non-Strong References 6.632ms
[452.127s][info][gc,phases   ] GC(267) Concurrent Reset Relocation Set 0.029ms
[452.131s][info][gc,phases   ] GC(267) Concurrent Select Relocation Set 3.620ms
[452.131s][info][gc,phases   ] GC(267) Pause Relocate Start 0.008ms
[452.131s][info][gc,phases   ] GC(267) Concurrent Relocate 0.307ms
[452.131s][info][gc,load     ] GC(267) Load: 0.00/0.00/0.00
[452.131s][info][gc,mmu      ] GC(267) MMU: 2ms/80.5%, 5ms/92.2%, 10ms/96.1%, 20ms/96.3%, 50ms/97.1%, 100ms/97.5%
[452.131s][info][gc,marking  ] GC(267) Mark: 2 stripe(s), 2 proactive flush(es), 1 terminate flush(es), 0 completion(s), 0 continuation(s) 
[452.132s][info][gc,marking  ] GC(267) Mark Stack Usage: 32M
[452.132s][info][gc,nmethod  ] GC(267) NMethods: 4853 registered, 3 unregistered
[452.132s][info][gc,metaspace] GC(267) Metaspace: 33M used, 33M committed, 1088M reserved
[452.132s][info][gc,ref      ] GC(267) Soft: 4016 encountered, 0 discovered, 0 enqueued
[452.132s][info][gc,ref      ] GC(267) Weak: 1732 encountered, 70 discovered, 0 enqueued
[452.132s][info][gc,ref      ] GC(267) Final: 7 encountered, 6 discovered, 0 enqueued
[452.132s][info][gc,ref      ] GC(267) Phantom: 714 encountered, 633 discovered, 0 enqueued
[452.132s][info][gc,reloc    ] GC(267) Small Pages: 2462 / 4924M, Empty: 4788M, Relocated: 0M, In-Place: 0
[452.132s][info][gc,reloc    ] GC(267) Medium Pages: 1 / 32M, Empty: 0M, Relocated: 0M, In-Place: 0
[452.132s][info][gc,reloc    ] GC(267) Large Pages: 0 / 0M, Empty: 0M, Relocated: 0M, In-Place: 0
[452.132s][info][gc,reloc    ] GC(267) Forwarding Usage: 0M
[452.132s][info][gc,heap     ] GC(267) Min Capacity: 8192M(100%)
[452.132s][info][gc,heap     ] GC(267) Max Capacity: 8192M(100%)
[452.132s][info][gc,heap     ] GC(267) Soft Max Capacity: 8192M(100%)
[452.132s][info][gc,heap     ] GC(267)                Mark Start          Mark End        Relocate Start      Relocate End           High               Low         
[452.132s][info][gc,heap     ] GC(267)  Capacity:     8192M (100%)       8192M (100%)       8192M (100%)       8192M (100%)       8192M (100%)       8192M (100%)   
[452.132s][info][gc,heap     ] GC(267)      Free:     3236M (40%)        2754M (34%)        7488M (91%)        7508M (92%)        7508M (92%)        2718M (33%)    
[452.132s][info][gc,heap     ] GC(267)      Used:     4956M (60%)        5438M (66%)         704M (9%)          684M (8%)         5474M (67%)         684M (8%)     
[452.132s][info][gc,heap     ] GC(267)      Live:         -               125M (2%)          125M (2%)          125M (2%)             -                  -          
[452.132s][info][gc,heap     ] GC(267) Allocated:         -               482M (6%)          536M (7%)          536M (7%)             -                  -          
[452.132s][info][gc,heap     ] GC(267)   Garbage:         -              4830M (59%)          42M (1%)           22M (0%)             -                  -          
[452.132s][info][gc,heap     ] GC(267) Reclaimed:         -                  -              4788M (58%)        4808M (59%)            -                  -          
[452.132s][info][gc          ] GC(267) Garbage Collection (Allocation Rate) 4956M(60%)->684M(8%)
[453.030s][info][gc,start    ] GC(268) Garbage Collection (Allocation Rate)
[453.030s][info][gc,task     ] GC(268) Using 1 workers
[453.030s][info][gc,phases   ] GC(268) Pause Mark Start 0.006ms
[453.154s][info][gc,phases   ] GC(268) Concurrent Mark 123.556ms
[453.154s][info][gc,phases   ] GC(268) Pause Mark End 0.010ms
[453.154s][info][gc,phases   ] GC(268) Concurrent Mark Free 0.001ms
[453.165s][info][gc,phases   ] GC(268) Concurrent Process Non-Strong References 10.998ms
[453.165s][info][gc,phases   ] GC(268) Concurrent Reset Relocation Set 0.002ms
[453.168s][info][gc,phases   ] GC(268) Concurrent Select Relocation Set 3.144ms
[453.169s][info][gc,phases   ] GC(268) Pause Relocate Start 0.008ms
[453.169s][info][gc,phases   ] GC(268) Concurrent Relocate 0.294ms
[453.169s][info][gc,load     ] GC(268) Load: 0.00/0.00/0.00
[453.169s][info][gc,mmu      ] GC(268) MMU: 2ms/80.5%, 5ms/92.2%, 10ms/96.1%, 20ms/96.3%, 50ms/97.1%, 100ms/97.5%
[453.169s][info][gc,marking  ] GC(268) Mark: 1 stripe(s), 2 proactive flush(es), 1 terminate flush(es), 0 completion(s), 0 continuation(s) 
[453.169s][info][gc,marking  ] GC(268) Mark Stack Usage: 32M
[453.169s][info][gc,nmethod  ] GC(268) NMethods: 4853 registered, 3 unregistered
[453.169s][info][gc,metaspace] GC(268) Metaspace: 33M used, 33M committed, 1088M reserved
[453.169s][info][gc,ref      ] GC(268) Soft: 4016 encountered, 0 discovered, 0 enqueued
[453.169s][info][gc,ref      ] GC(268) Weak: 1732 encountered, 1284 discovered, 0 enqueued
[453.169s][info][gc,ref      ] GC(268) Final: 7 encountered, 7 discovered, 0 enqueued
[453.169s][info][gc,ref      ] GC(268) Phantom: 714 encountered, 665 discovered, 0 enqueued
[453.169s][info][gc,reloc    ] GC(268) Small Pages: 2870 / 5740M, Empty: 5600M, Relocated: 0M, In-Place: 0
[453.169s][info][gc,reloc    ] GC(268) Medium Pages: 1 / 32M, Empty: 0M, Relocated: 0M, In-Place: 0
[453.169s][info][gc,reloc    ] GC(268) Large Pages: 0 / 0M, Empty: 0M, Relocated: 0M, In-Place: 0
[453.169s][info][gc,reloc    ] GC(268) Forwarding Usage: 0M
[453.169s][info][gc,heap     ] GC(268) Min Capacity: 8192M(100%)
[453.169s][info][gc,heap     ] GC(268) Max Capacity: 8192M(100%)
[453.169s][info][gc,heap     ] GC(268) Soft Max Capacity: 8192M(100%)
[453.169s][info][gc,heap     ] GC(268)                Mark Start          Mark End        Relocate Start      Relocate End           High               Low         
[453.169s][info][gc,heap     ] GC(268)  Capacity:     8192M (100%)       8192M (100%)       8192M (100%)       8192M (100%)       8192M (100%)       8192M (100%)   
[453.169s][info][gc,heap     ] GC(268)      Free:     2420M (30%)        1934M (24%)        7470M (91%)        7494M (91%)        7494M (91%)        1884M (23%)    
[453.169s][info][gc,heap     ] GC(268)      Used:     5772M (70%)        6258M (76%)         722M (9%)          698M (9%)         6308M (77%)         698M (9%)     
[453.169s][info][gc,heap     ] GC(268)      Live:         -               125M (2%)          125M (2%)          125M (2%)             -                  -          
[453.169s][info][gc,heap     ] GC(268) Allocated:         -               486M (6%)          550M (7%)          551M (7%)             -                  -          
[453.169s][info][gc,heap     ] GC(268)   Garbage:         -              5646M (69%)          46M (1%)           20M (0%)             -                  -          
[453.169s][info][gc,heap     ] GC(268) Reclaimed:         -                  -              5600M (68%)        5625M (69%)            -                  -          
[453.169s][info][gc          ] GC(268) Garbage Collection (Allocation Rate) 5772M(70%)->698M(9%)
[454.521s][info][gc,start    ] GC(269) Garbage Collection (Allocation Rate)
[454.521s][info][gc,task     ] GC(269) Using 1 workers
[454.521s][info][gc,phases   ] GC(269) Pause Mark Start 0.013ms
[454.641s][info][gc,phases   ] GC(269) Concurrent Mark 119.610ms
[454.641s][info][gc,phases   ] GC(269) Pause Mark End 0.018ms
[454.641s][info][gc,phases   ] GC(269) Concurrent Mark Free 0.002ms
[454.651s][info][gc,phases   ] GC(269) Concurrent Process Non-Strong References 9.393ms
[454.651s][info][gc,phases   ] GC(269) Concurrent Reset Relocation Set 0.002ms
[454.656s][info][gc,phases   ] GC(269) Concurrent Select Relocation Set 5.329ms
[454.656s][info][gc,phases   ] GC(269) Pause Relocate Start 0.013ms
[454.690s][info][gc,phases   ] GC(269) Concurrent Relocate 33.263ms
[454.690s][info][gc,load     ] GC(269) Load: 0.00/0.00/0.00
[454.690s][info][gc,mmu      ] GC(269) MMU: 2ms/80.5%, 5ms/92.2%, 10ms/96.1%, 20ms/96.3%, 50ms/97.1%, 100ms/97.5%
[454.690s][info][gc,marking  ] GC(269) Mark: 1 stripe(s), 2 proactive flush(es), 1 terminate flush(es), 0 completion(s), 0 continuation(s) 
[454.690s][info][gc,marking  ] GC(269) Mark Stack Usage: 32M
[454.690s][info][gc,nmethod  ] GC(269) NMethods: 4853 registered, 3 unregistered
[454.690s][info][gc,metaspace] GC(269) Metaspace: 33M used, 33M committed, 1088M reserved
[454.690s][info][gc,ref      ] GC(269) Soft: 4016 encountered, 0 discovered, 0 enqueued
[454.690s][info][gc,ref      ] GC(269) Weak: 19943 encountered, 16194 discovered, 5261 enqueued
[454.690s][info][gc,ref      ] GC(269) Final: 7 encountered, 0 discovered, 0 enqueued
[454.690s][info][gc,ref      ] GC(269) Phantom: 720 encountered, 701 discovered, 0 enqueued
[454.690s][info][gc,reloc    ] GC(269) Small Pages: 2402 / 4804M, Empty: 4384M, Relocated: 34M, In-Place: 0
[454.690s][info][gc,reloc    ] GC(269) Medium Pages: 6 / 192M, Empty: 128M, Relocated: 16M, In-Place: 0
[454.690s][info][gc,reloc    ] GC(269) Large Pages: 38 / 262M, Empty: 254M, Relocated: 0M, In-Place: 0
[454.690s][info][gc,reloc    ] GC(269) Forwarding Usage: 10M
[454.690s][info][gc,heap     ] GC(269) Min Capacity: 8192M(100%)
[454.690s][info][gc,heap     ] GC(269) Max Capacity: 8192M(100%)
[454.690s][info][gc,heap     ] GC(269) Soft Max Capacity: 8192M(100%)
[454.690s][info][gc,heap     ] GC(269)                Mark Start          Mark End        Relocate Start      Relocate End           High               Low         
[454.690s][info][gc,heap     ] GC(269)  Capacity:     8192M (100%)       8192M (100%)       8192M (100%)       8192M (100%)       8192M (100%)       8192M (100%)   
[454.690s][info][gc,heap     ] GC(269)      Free:     2934M (36%)        2790M (34%)        7548M (92%)        7800M (95%)        7800M (95%)        2786M (34%)    
[454.690s][info][gc,heap     ] GC(269)      Used:     5258M (64%)        5402M (66%)         644M (8%)          392M (5%)         5406M (66%)         392M (5%)     
[454.690s][info][gc,heap     ] GC(269)      Live:         -               160M (2%)          160M (2%)          160M (2%)             -                  -          
[454.690s][info][gc,heap     ] GC(269) Allocated:         -               144M (2%)          152M (2%)          210M (3%)             -                  -          
[454.690s][info][gc,heap     ] GC(269)   Garbage:         -              5097M (62%)         331M (4%)           20M (0%)             -                  -          
[454.690s][info][gc,heap     ] GC(269) Reclaimed:         -                  -              4766M (58%)        5076M (62%)            -                  -          
[454.690s][info][gc          ] GC(269) Garbage Collection (Allocation Rate) 5258M(64%)->392M(5%)
[458.214s][info][gc,start    ] GC(270) Garbage Collection (System.gc())
[458.215s][info][gc,task     ] GC(270) Using 2 workers
[458.215s][info][gc,phases   ] GC(270) Pause Mark Start 0.007ms
[458.281s][info][gc,phases   ] GC(270) Concurrent Mark 66.008ms
[458.281s][info][gc,phases   ] GC(270) Pause Mark End 0.024ms
[458.281s][info][gc,phases   ] GC(270) Concurrent Mark Free 0.002ms
[458.288s][info][gc,phases   ] GC(270) Concurrent Process Non-Strong References 7.191ms
[458.288s][info][gc,phases   ] GC(270) Concurrent Reset Relocation Set 0.015ms
[458.291s][info][gc,phases   ] GC(270) Concurrent Select Relocation Set 2.369ms
[458.291s][info][gc,phases   ] GC(270) Pause Relocate Start 0.010ms
[458.298s][info][gc,phases   ] GC(270) Concurrent Relocate 6.657ms
[458.298s][info][gc,load     ] GC(270) Load: 0.00/0.00/0.00
[458.298s][info][gc,mmu      ] GC(270) MMU: 2ms/80.5%, 5ms/92.2%, 10ms/96.1%, 20ms/96.3%, 50ms/97.1%, 100ms/97.5%
[458.298s][info][gc,marking  ] GC(270) Mark: 2 stripe(s), 1 proactive flush(es), 1 terminate flush(es), 0 completion(s), 0 continuation(s) 
[458.298s][info][gc,marking  ] GC(270) Mark Stack Usage: 32M
[458.298s][info][gc,nmethod  ] GC(270) NMethods: 4853 registered, 3 unregistered
[458.298s][info][gc,metaspace] GC(270) Metaspace: 33M used, 33M committed, 1088M reserved
[458.298s][info][gc,ref      ] GC(270) Soft: 4016 encountered, 0 discovered, 0 enqueued
[458.298s][info][gc,ref      ] GC(270) Weak: 25135 encountered, 24363 discovered, 23421 enqueued
[458.298s][info][gc,ref      ] GC(270) Final: 7 encountered, 7 discovered, 0 enqueued
[458.298s][info][gc,ref      ] GC(270) Phantom: 714 encountered, 638 discovered, 0 enqueued
[458.298s][info][gc,reloc    ] GC(270) Small Pages: 948 / 1896M, Empty: 1160M, Relocated: 10M, In-Place: 0
[458.298s][info][gc,reloc    ] GC(270) Medium Pages: 28 / 896M, Empty: 832M, Relocated: 13M, In-Place: 0
[458.298s][info][gc,reloc    ] GC(270) Large Pages: 257 / 1790M, Empty: 1790M, Relocated: 0M, In-Place: 0
[458.298s][info][gc,reloc    ] GC(270) Forwarding Usage: 3M
[458.298s][info][gc,heap     ] GC(270) Min Capacity: 8192M(100%)
[458.298s][info][gc,heap     ] GC(270) Max Capacity: 8192M(100%)
[458.298s][info][gc,heap     ] GC(270) Soft Max Capacity: 8192M(100%)
[458.298s][info][gc,heap     ] GC(270)                Mark Start          Mark End        Relocate Start      Relocate End           High               Low         
[458.298s][info][gc,heap     ] GC(270)  Capacity:     8192M (100%)       8192M (100%)       8192M (100%)       8192M (100%)       8192M (100%)       8192M (100%)   
[458.298s][info][gc,heap     ] GC(270)      Free:     3610M (44%)        3610M (44%)        7392M (90%)        8046M (98%)        8046M (98%)        3610M (44%)    
[458.298s][info][gc,heap     ] GC(270)      Used:     4582M (56%)        4582M (56%)         800M (10%)         146M (2%)         4582M (56%)         146M (2%)     
[458.298s][info][gc,heap     ] GC(270)      Live:         -               123M (2%)          123M (2%)          123M (2%)             -                  -          
[458.298s][info][gc,heap     ] GC(270) Allocated:         -                 0M (0%)            0M (0%)            0M (0%)             -                  -          
[458.298s][info][gc,heap     ] GC(270)   Garbage:         -              4458M (54%)         676M (8%)           22M (0%)             -                  -          
[458.298s][info][gc,heap     ] GC(270) Reclaimed:         -                  -              3782M (46%)        4436M (54%)            -                  -          
[458.298s][info][gc          ] GC(270) Garbage Collection (System.gc()) 4582M(56%)->146M(2%)
[459.034s][info][gc,start    ] GC(271) Garbage Collection (Allocation Rate)
[459.034s][info][gc,task     ] GC(271) Using 2 workers
[459.034s][info][gc,phases   ] GC(271) Pause Mark Start 0.008ms
[459.112s][info][gc,phases   ] GC(271) Concurrent Mark 78.169ms
[459.113s][info][gc,phases   ] GC(271) Pause Mark End 0.010ms
[459.113s][info][gc,phases   ] GC(271) Concurrent Mark Free 0.001ms
[459.118s][info][gc,phases   ] GC(271) Concurrent Process Non-Strong References 5.295ms
[459.118s][info][gc,phases   ] GC(271) Concurrent Reset Relocation Set 0.025ms
[459.121s][info][gc,phases   ] GC(271) Concurrent Select Relocation Set 3.091ms
[459.121s][info][gc,phases   ] GC(271) Pause Relocate Start 0.008ms
[459.122s][info][gc,phases   ] GC(271) Concurrent Relocate 0.557ms
[459.122s][info][gc,load     ] GC(271) Load: 0.00/0.00/0.00
[459.122s][info][gc,mmu      ] GC(271) MMU: 2ms/80.5%, 5ms/92.2%, 10ms/96.1%, 20ms/96.3%, 50ms/97.1%, 100ms/97.5%
[459.122s][info][gc,marking  ] GC(271) Mark: 2 stripe(s), 2 proactive flush(es), 1 terminate flush(es), 0 completion(s), 0 continuation(s) 
[459.122s][info][gc,marking  ] GC(271) Mark Stack Usage: 32M
[459.122s][info][gc,nmethod  ] GC(271) NMethods: 4853 registered, 3 unregistered
[459.122s][info][gc,metaspace] GC(271) Metaspace: 33M used, 33M committed, 1088M reserved
[459.122s][info][gc,ref      ] GC(271) Soft: 4016 encountered, 0 discovered, 0 enqueued
[459.122s][info][gc,ref      ] GC(271) Weak: 1732 encountered, 48 discovered, 0 enqueued
[459.122s][info][gc,ref      ] GC(271) Final: 7 encountered, 5 discovered, 0 enqueued
[459.122s][info][gc,ref      ] GC(271) Phantom: 714 encountered, 540 discovered, 0 enqueued
[459.122s][info][gc,reloc    ] GC(271) Small Pages: 2700 / 5400M, Empty: 5258M, Relocated: 0M, In-Place: 0
[459.122s][info][gc,reloc    ] GC(271) Medium Pages: 1 / 32M, Empty: 0M, Relocated: 0M, In-Place: 0
[459.122s][info][gc,reloc    ] GC(271) Large Pages: 0 / 0M, Empty: 0M, Relocated: 0M, In-Place: 0
[459.122s][info][gc,reloc    ] GC(271) Forwarding Usage: 0M
[459.122s][info][gc,heap     ] GC(271) Min Capacity: 8192M(100%)
[459.122s][info][gc,heap     ] GC(271) Max Capacity: 8192M(100%)
[459.122s][info][gc,heap     ] GC(271) Soft Max Capacity: 8192M(100%)
[459.122s][info][gc,heap     ] GC(271)                Mark Start          Mark End        Relocate Start      Relocate End           High               Low         
[459.122s][info][gc,heap     ] GC(271)  Capacity:     8192M (100%)       8192M (100%)       8192M (100%)       8192M (100%)       8192M (100%)       8192M (100%)   
[459.122s][info][gc,heap     ] GC(271)      Free:     2760M (34%)        2432M (30%)        7660M (94%)        7682M (94%)        7682M (94%)        2412M (29%)    
[459.122s][info][gc,heap     ] GC(271)      Used:     5432M (66%)        5760M (70%)         532M (6%)          510M (6%)         5780M (71%)         510M (6%)     
[459.122s][info][gc,heap     ] GC(271)      Live:         -               123M (2%)          123M (2%)          123M (2%)             -                  -          
[459.122s][info][gc,heap     ] GC(271) Allocated:         -               328M (4%)          358M (4%)          361M (4%)             -                  -          
[459.122s][info][gc,heap     ] GC(271)   Garbage:         -              5308M (65%)          50M (1%)           24M (0%)             -                  -          
[459.122s][info][gc,heap     ] GC(271) Reclaimed:         -                  -              5258M (64%)        5283M (65%)            -                  -          
[459.122s][info][gc          ] GC(271) Garbage Collection (Allocation Rate) 5432M(66%)->510M(6%)
[460.129s][info][gc,start    ] GC(272) Garbage Collection (Allocation Rate)
[460.129s][info][gc,task     ] GC(272) Using 1 workers
[460.129s][info][gc,phases   ] GC(272) Pause Mark Start 0.007ms
[460.236s][info][gc,phases   ] GC(272) Concurrent Mark 107.176ms
[460.236s][info][gc,phases   ] GC(272) Pause Mark End 0.020ms
[460.237s][info][gc,phases   ] GC(272) Concurrent Mark Free 0.001ms
[460.255s][info][gc,phases   ] GC(272) Concurrent Process Non-Strong References 18.018ms
[460.255s][info][gc,phases   ] GC(272) Concurrent Reset Relocation Set 0.003ms
[460.258s][info][gc,phases   ] GC(272) Concurrent Select Relocation Set 3.058ms
[460.258s][info][gc,phases   ] GC(272) Pause Relocate Start 0.008ms
[460.259s][info][gc,phases   ] GC(272) Concurrent Relocate 0.460ms
[460.259s][info][gc,load     ] GC(272) Load: 0.00/0.00/0.00
[460.259s][info][gc,mmu      ] GC(272) MMU: 2ms/80.5%, 5ms/92.2%, 10ms/96.1%, 20ms/96.3%, 50ms/97.1%, 100ms/97.5%
[460.259s][info][gc,marking  ] GC(272) Mark: 1 stripe(s), 2 proactive flush(es), 1 terminate flush(es), 0 completion(s), 0 continuation(s) 
[460.259s][info][gc,marking  ] GC(272) Mark Stack Usage: 32M
[460.259s][info][gc,nmethod  ] GC(272) NMethods: 4853 registered, 3 unregistered
[460.259s][info][gc,metaspace] GC(272) Metaspace: 33M used, 33M committed, 1088M reserved
[460.259s][info][gc,ref      ] GC(272) Soft: 4016 encountered, 0 discovered, 0 enqueued
[460.259s][info][gc,ref      ] GC(272) Weak: 1732 encountered, 1284 discovered, 0 enqueued
[460.259s][info][gc,ref      ] GC(272) Final: 7 encountered, 7 discovered, 0 enqueued
[460.259s][info][gc,ref      ] GC(272) Phantom: 714 encountered, 665 discovered, 0 enqueued
[460.259s][info][gc,reloc    ] GC(272) Small Pages: 3049 / 6098M, Empty: 5962M, Relocated: 0M, In-Place: 0
[460.259s][info][gc,reloc    ] GC(272) Medium Pages: 1 / 32M, Empty: 0M, Relocated: 0M, In-Place: 0
[460.259s][info][gc,reloc    ] GC(272) Large Pages: 0 / 0M, Empty: 0M, Relocated: 0M, In-Place: 0
[460.259s][info][gc,reloc    ] GC(272) Forwarding Usage: 0M
[460.259s][info][gc,heap     ] GC(272) Min Capacity: 8192M(100%)
[460.259s][info][gc,heap     ] GC(272) Max Capacity: 8192M(100%)
[460.259s][info][gc,heap     ] GC(272) Soft Max Capacity: 8192M(100%)
[460.259s][info][gc,heap     ] GC(272)                Mark Start          Mark End        Relocate Start      Relocate End           High               Low         
[460.259s][info][gc,heap     ] GC(272)  Capacity:     8192M (100%)       8192M (100%)       8192M (100%)       8192M (100%)       8192M (100%)       8192M (100%)   
[460.259s][info][gc,heap     ] GC(272)      Free:     2062M (25%)        1778M (22%)        7676M (94%)        7692M (94%)        7692M (94%)        1726M (21%)    
[460.259s][info][gc,heap     ] GC(272)      Used:     6130M (75%)        6414M (78%)         516M (6%)          500M (6%)         6466M (79%)         500M (6%)     
[460.259s][info][gc,heap     ] GC(272)      Live:         -               123M (2%)          123M (2%)          123M (2%)             -                  -          
[460.259s][info][gc,heap     ] GC(272) Allocated:         -               284M (3%)          348M (4%)          353M (4%)             -                  -          
[460.259s][info][gc,heap     ] GC(272)   Garbage:         -              6006M (73%)          44M (1%)           22M (0%)             -                  -          
[460.259s][info][gc,heap     ] GC(272) Reclaimed:         -                  -              5962M (73%)        5983M (73%)            -                  -          
[460.259s][info][gc          ] GC(272) Garbage Collection (Allocation Rate) 6130M(75%)->500M(6%)
[460.333s][info][gc,stats    ] === Garbage Collection Statistics =======================================================================================================================
[460.333s][info][gc,stats    ]                                                              Last 10s              Last 10m              Last 10h                Total
[460.333s][info][gc,stats    ]                                                              Avg / Max             Avg / Max             Avg / Max             Avg / Max
[460.333s][info][gc,stats    ]   Collector: Garbage Collection Cycle                    113.012 / 168.732     124.447 / 379.439     124.447 / 379.439     124.447 / 379.439     ms
[460.333s][info][gc,stats    ]  Contention: Mark Segment Reset Contention                     0 / 1                 0 / 115               0 / 115               0 / 115         ops/s
[460.333s][info][gc,stats    ]  Contention: Mark SeqNum Reset Contention                      0 / 1                 0 / 2                 0 / 2                 0 / 2           ops/s
[460.333s][info][gc,stats    ]    Critical: Allocation Stall                                  0 / 0                 0 / 0                 0 / 0                 0 / 0           ops/s
[460.333s][info][gc,stats    ]    Critical: Allocation Stall                              0.000 / 0.000         0.000 / 0.000         0.000 / 0.000         0.000 / 0.000       ms
[460.333s][info][gc,stats    ]    Critical: GC Locker Stall                                   0 / 0                 0 / 0                 0 / 0                 0 / 0           ops/s
[460.333s][info][gc,stats    ]    Critical: GC Locker Stall                               0.000 / 0.000         0.000 / 0.000         0.000 / 0.000         0.000 / 0.000       ms
[460.333s][info][gc,stats    ]    Critical: Relocation Stall                                  0 / 0                 0 / 0                 0 / 0                 0 / 0           ops/s
[460.333s][info][gc,stats    ]    Critical: Relocation Stall                              0.000 / 0.000         0.000 / 0.000         0.000 / 0.000         0.000 / 0.000       ms
[460.333s][info][gc,stats    ]      Memory: Allocation Rate                                3295 / 6576           2816 / 6636           2816 / 6636           2816 / 6636        MB/s
[460.333s][info][gc,stats    ]      Memory: Out Of Memory                                     0 / 0                 0 / 0                 0 / 0                 0 / 0           ops/s
[460.333s][info][gc,stats    ]      Memory: Page Cache Flush                                128 / 506              87 / 672              87 / 672              87 / 672         MB/s
[460.333s][info][gc,stats    ]      Memory: Page Cache Hit L1                              1440 / 3222           1205 / 3321           1205 / 3321           1205 / 3321        ops/s
[460.333s][info][gc,stats    ]      Memory: Page Cache Hit L2                                 0 / 0                 0 / 0                 0 / 0                 0 / 0           ops/s
[460.333s][info][gc,stats    ]      Memory: Page Cache Hit L3                                55 / 248              41 / 635              41 / 635              41 / 635         ops/s
[460.333s][info][gc,stats    ]      Memory: Page Cache Miss                                  13 / 55                9 / 71                9 / 71                9 / 71          ops/s
[460.333s][info][gc,stats    ]      Memory: Uncommit                                          0 / 0                 0 / 0                 0 / 0                 0 / 0           MB/s
[460.333s][info][gc,stats    ]      Memory: Undo Object Allocation Failed                     0 / 0                 0 / 2                 0 / 2                 0 / 2           ops/s
[460.333s][info][gc,stats    ]      Memory: Undo Object Allocation Succeeded                  0 / 4                 0 / 94                0 / 94                0 / 94          ops/s
[460.333s][info][gc,stats    ]      Memory: Undo Page Allocation                              0 / 3                 0 / 8                 0 / 8                 0 / 8           ops/s
[460.333s][info][gc,stats    ]       Phase: Concurrent Mark                              90.574 / 123.556      98.782 / 190.432      98.782 / 190.432      98.782 / 190.432     ms
[460.333s][info][gc,stats    ]       Phase: Concurrent Mark Continue                      0.000 / 0.000        15.374 / 35.578       15.374 / 35.578       15.374 / 35.578      ms
[460.333s][info][gc,stats    ]       Phase: Concurrent Mark Free                          0.001 / 0.002         0.001 / 0.004         0.001 / 0.004         0.001 / 0.004       ms
[460.333s][info][gc,stats    ]       Phase: Concurrent Process Non-Strong References      8.978 / 18.018        8.423 / 31.706        8.423 / 31.706        8.423 / 31.706      ms
[460.333s][info][gc,stats    ]       Phase: Concurrent Relocate                           7.028 / 33.263        9.368 / 76.380        9.368 / 76.380        9.368 / 76.380      ms
[460.333s][info][gc,stats    ]       Phase: Concurrent Reset Relocation Set               0.012 / 0.029         0.010 / 0.049         0.010 / 0.049         0.010 / 0.049       ms
[460.333s][info][gc,stats    ]       Phase: Concurrent Select Relocation Set              3.295 / 5.329         3.571 / 13.402        3.571 / 13.402        3.571 / 13.402      ms
[460.333s][info][gc,stats    ]       Phase: Pause Mark End                                0.017 / 0.024         0.048 / 0.390         0.048 / 0.390         0.048 / 0.390       ms
[460.333s][info][gc,stats    ]       Phase: Pause Mark Start                              0.008 / 0.013         0.008 / 0.022         0.008 / 0.022         0.008 / 0.022       ms
[460.333s][info][gc,stats    ]       Phase: Pause Relocate Start                          0.009 / 0.013         0.010 / 0.046         0.010 / 0.046         0.010 / 0.046       ms
[460.333s][info][gc,stats    ]    Subphase: Concurrent Classes Purge                      0.274 / 0.472         0.253 / 0.574         0.253 / 0.574         0.253 / 0.574       ms
[460.333s][info][gc,stats    ]    Subphase: Concurrent Classes Unlink                     6.145 / 9.822         5.873 / 23.760        5.873 / 23.760        5.873 / 23.760      ms
[460.333s][info][gc,stats    ]    Subphase: Concurrent Mark                              79.926 / 122.783      78.488 / 189.582      78.488 / 189.582      78.488 / 189.582     ms
[460.333s][info][gc,stats    ]    Subphase: Concurrent Mark Try Flush                     0.061 / 0.213         0.498 / 30.486        0.498 / 30.486        0.498 / 30.486      ms
[460.333s][info][gc,stats    ]    Subphase: Concurrent Mark Try Terminate                 2.116 / 16.066        2.946 / 24.568        2.946 / 24.568        2.946 / 24.568      ms
[460.333s][info][gc,stats    ]    Subphase: Concurrent References Enqueue                 0.002 / 0.007         0.003 / 0.008         0.003 / 0.008         0.003 / 0.008       ms
[460.333s][info][gc,stats    ]    Subphase: Concurrent References Process                 0.950 / 2.510         1.006 / 3.217         1.006 / 3.217         1.006 / 3.217       ms
[460.333s][info][gc,stats    ]    Subphase: Concurrent Roots ClassLoaderDataGraph         0.111 / 0.260         0.108 / 0.537         0.108 / 0.537         0.108 / 0.537       ms
[460.333s][info][gc,stats    ]    Subphase: Concurrent Roots CodeCache                    0.000 / 0.000         0.000 / 0.000         0.000 / 0.000         0.000 / 0.000       ms
[460.333s][info][gc,stats    ]    Subphase: Concurrent Roots JavaThreads                  0.404 / 1.117         0.359 / 1.258         0.359 / 1.258         0.359 / 1.258       ms
[460.333s][info][gc,stats    ]    Subphase: Concurrent Roots OopStorageSet                0.033 / 0.047         0.030 / 0.124         0.030 / 0.124         0.030 / 0.124       ms
[460.333s][info][gc,stats    ]    Subphase: Concurrent Weak Roots OopStorageSet           0.289 / 0.451         0.301 / 1.123         0.301 / 1.123         0.301 / 1.123       ms
[460.333s][info][gc,stats    ]    Subphase: Pause Mark Try Complete                       0.000 / 0.000         0.144 / 0.301         0.144 / 0.301         0.144 / 0.301       ms
[460.333s][info][gc,stats    ]      System: Java Threads                                     19 / 21               19 / 22               19 / 22               19 / 22          threads
[460.333s][info][gc,stats    ] =========================================================================================================================================================
[464.331s][info][gc,start    ] GC(273) Garbage Collection (Allocation Rate)
[464.331s][info][gc,task     ] GC(273) Using 1 workers
[464.331s][info][gc,phases   ] GC(273) Pause Mark Start 0.008ms
[464.469s][info][gc,phases   ] GC(273) Concurrent Mark 138.143ms
[464.469s][info][gc,phases   ] GC(273) Pause Mark End 0.018ms
[464.470s][info][gc,phases   ] GC(273) Concurrent Mark Free 0.001ms
[464.481s][info][gc,phases   ] GC(273) Concurrent Process Non-Strong References 11.518ms
[464.481s][info][gc,phases   ] GC(273) Concurrent Reset Relocation Set 0.002ms
[464.487s][info][gc,phases   ] GC(273) Concurrent Select Relocation Set 5.998ms
[464.495s][info][gc,phases   ] GC(273) Pause Relocate Start 0.019ms
[464.528s][info][gc,phases   ] GC(273) Concurrent Relocate 33.397ms
[464.528s][info][gc,load     ] GC(273) Load: 0.00/0.00/0.00
[464.528s][info][gc,mmu      ] GC(273) MMU: 2ms/80.5%, 5ms/92.2%, 10ms/96.1%, 20ms/96.3%, 50ms/97.1%, 100ms/97.5%
[464.528s][info][gc,marking  ] GC(273) Mark: 1 stripe(s), 2 proactive flush(es), 1 terminate flush(es), 0 completion(s), 0 continuation(s) 
[464.528s][info][gc,marking  ] GC(273) Mark Stack Usage: 32M
[464.528s][info][gc,nmethod  ] GC(273) NMethods: 4853 registered, 3 unregistered
[464.528s][info][gc,metaspace] GC(273) Metaspace: 33M used, 33M committed, 1088M reserved
[464.528s][info][gc,ref      ] GC(273) Soft: 4016 encountered, 0 discovered, 0 enqueued
[464.528s][info][gc,ref      ] GC(273) Weak: 22361 encountered, 17788 discovered, 3254 enqueued
[464.528s][info][gc,ref      ] GC(273) Final: 7 encountered, 7 discovered, 0 enqueued
[464.528s][info][gc,ref      ] GC(273) Phantom: 720 encountered, 671 discovered, 0 enqueued
[464.528s][info][gc,reloc    ] GC(273) Small Pages: 2623 / 5246M, Empty: 4472M, Relocated: 36M, In-Place: 0
[464.528s][info][gc,reloc    ] GC(273) Medium Pages: 26 / 832M, Empty: 800M, Relocated: 0M, In-Place: 0
[464.528s][info][gc,reloc    ] GC(273) Large Pages: 235 / 1638M, Empty: 1638M, Relocated: 0M, In-Place: 0
[464.528s][info][gc,reloc    ] GC(273) Forwarding Usage: 10M
[464.528s][info][gc,heap     ] GC(273) Min Capacity: 8192M(100%)
[464.529s][info][gc,heap     ] GC(273) Max Capacity: 8192M(100%)
[464.529s][info][gc,heap     ] GC(273) Soft Max Capacity: 8192M(100%)
[464.529s][info][gc,heap     ] GC(273)                Mark Start          Mark End        Relocate Start      Relocate End           High               Low         
[464.529s][info][gc,heap     ] GC(273)  Capacity:     8192M (100%)       8192M (100%)       8192M (100%)       8192M (100%)       8192M (100%)       8192M (100%)   
[464.529s][info][gc,heap     ] GC(273)      Free:      476M (6%)          326M (4%)         7186M (88%)        7798M (95%)        7802M (95%)         276M (3%)     
[464.529s][info][gc,heap     ] GC(273)      Used:     7716M (94%)        7866M (96%)        1006M (12%)         394M (5%)         7916M (97%)         390M (5%)     
[464.529s][info][gc,heap     ] GC(273)      Live:         -               151M (2%)          151M (2%)          151M (2%)             -                  -          
[464.529s][info][gc,heap     ] GC(273) Allocated:         -               150M (2%)          200M (2%)          218M (3%)             -                  -          
[464.529s][info][gc,heap     ] GC(273)   Garbage:         -              7564M (92%)         654M (8%)           23M (0%)             -                  -          
[464.529s][info][gc,heap     ] GC(273) Reclaimed:         -                  -              6910M (84%)        7540M (92%)            -                  -          
[464.529s][info][gc          ] GC(273) Garbage Collection (Allocation Rate) 7716M(94%)->394M(5%)
[465.054s][info][gc,start    ] GC(274) Garbage Collection (System.gc())
[465.054s][info][gc,task     ] GC(274) Using 2 workers
[465.054s][info][gc,phases   ] GC(274) Pause Mark Start 0.008ms
[465.110s][info][gc,phases   ] GC(274) Concurrent Mark 56.192ms
[465.110s][info][gc,phases   ] GC(274) Pause Mark End 0.022ms
[465.110s][info][gc,phases   ] GC(274) Concurrent Mark Free 0.002ms
[465.116s][info][gc,phases   ] GC(274) Concurrent Process Non-Strong References 5.676ms
[465.116s][info][gc,phases   ] GC(274) Concurrent Reset Relocation Set 0.024ms
[465.118s][info][gc,phases   ] GC(274) Concurrent Select Relocation Set 2.122ms
[465.118s][info][gc,phases   ] GC(274) Pause Relocate Start 0.010ms
[465.125s][info][gc,phases   ] GC(274) Concurrent Relocate 6.759ms
[465.125s][info][gc,load     ] GC(274) Load: 0.00/0.00/0.00
[465.125s][info][gc,mmu      ] GC(274) MMU: 2ms/80.5%, 5ms/92.2%, 10ms/96.1%, 20ms/96.3%, 50ms/97.1%, 100ms/97.5%
[465.125s][info][gc,marking  ] GC(274) Mark: 2 stripe(s), 4 proactive flush(es), 1 terminate flush(es), 0 completion(s), 0 continuation(s) 
[465.125s][info][gc,marking  ] GC(274) Mark Stack Usage: 32M
[465.125s][info][gc,nmethod  ] GC(274) NMethods: 4854 registered, 3 unregistered
[465.125s][info][gc,metaspace] GC(274) Metaspace: 33M used, 33M committed, 1088M reserved
[465.125s][info][gc,ref      ] GC(274) Soft: 4016 encountered, 0 discovered, 0 enqueued
[465.125s][info][gc,ref      ] GC(274) Weak: 24012 encountered, 22348 discovered, 22298 enqueued
[465.125s][info][gc,ref      ] GC(274) Final: 7 encountered, 7 discovered, 0 enqueued
[465.125s][info][gc,ref      ] GC(274) Phantom: 714 encountered, 645 discovered, 0 enqueued
[465.125s][info][gc,reloc    ] GC(274) Small Pages: 255 / 510M, Empty: 92M, Relocated: 10M, In-Place: 0
[465.125s][info][gc,reloc    ] GC(274) Medium Pages: 7 / 224M, Empty: 160M, Relocated: 15M, In-Place: 0
[465.125s][info][gc,reloc    ] GC(274) Large Pages: 46 / 316M, Empty: 316M, Relocated: 0M, In-Place: 0
[465.125s][info][gc,reloc    ] GC(274) Forwarding Usage: 3M
[465.125s][info][gc,heap     ] GC(274) Min Capacity: 8192M(100%)
[465.125s][info][gc,heap     ] GC(274) Max Capacity: 8192M(100%)
[465.125s][info][gc,heap     ] GC(274) Soft Max Capacity: 8192M(100%)
[465.125s][info][gc,heap     ] GC(274)                Mark Start          Mark End        Relocate Start      Relocate End           High               Low         
[465.125s][info][gc,heap     ] GC(274)  Capacity:     8192M (100%)       8192M (100%)       8192M (100%)       8192M (100%)       8192M (100%)       8192M (100%)   
[465.125s][info][gc,heap     ] GC(274)      Free:     7142M (87%)        7142M (87%)        7710M (94%)        8046M (98%)        8046M (98%)        7142M (87%)    
[465.126s][info][gc,heap     ] GC(274)      Used:     1050M (13%)        1050M (13%)         482M (6%)          146M (2%)         1050M (13%)         146M (2%)     
[465.126s][info][gc,heap     ] GC(274)      Live:         -               125M (2%)          125M (2%)          125M (2%)             -                  -          
[465.126s][info][gc,heap     ] GC(274) Allocated:         -                 0M (0%)            0M (0%)            0M (0%)             -                  -          
[465.126s][info][gc,heap     ] GC(274)   Garbage:         -               924M (11%)         356M (4%)           20M (0%)             -                  -          
[465.126s][info][gc,heap     ] GC(274) Reclaimed:         -                  -               568M (7%)          904M (11%)            -                  -          
[465.126s][info][gc          ] GC(274) Garbage Collection (System.gc()) 1050M(13%)->146M(2%)
[465.832s][info][gc,start    ] GC(275) Garbage Collection (Allocation Rate)
[465.832s][info][gc,task     ] GC(275) Using 2 workers
[465.832s][info][gc,phases   ] GC(275) Pause Mark Start 0.007ms
[465.911s][info][gc,phases   ] GC(275) Concurrent Mark 78.015ms
[465.911s][info][gc,phases   ] GC(275) Pause Mark End 0.019ms
[465.911s][info][gc,phases   ] GC(275) Concurrent Mark Free 0.001ms
[465.916s][info][gc,phases   ] GC(275) Concurrent Process Non-Strong References 5.577ms
[465.917s][info][gc,phases   ] GC(275) Concurrent Reset Relocation Set 0.014ms
[465.920s][info][gc,phases   ] GC(275) Concurrent Select Relocation Set 3.357ms
[465.920s][info][gc,phases   ] GC(275) Pause Relocate Start 0.008ms
[465.921s][info][gc,phases   ] GC(275) Concurrent Relocate 0.474ms
[465.921s][info][gc,load     ] GC(275) Load: 0.00/0.00/0.00
[465.921s][info][gc,mmu      ] GC(275) MMU: 2ms/80.5%, 5ms/92.2%, 10ms/96.1%, 20ms/96.3%, 50ms/97.1%, 100ms/97.5%
[465.921s][info][gc,marking  ] GC(275) Mark: 2 stripe(s), 2 proactive flush(es), 1 terminate flush(es), 0 completion(s), 0 continuation(s) 
[465.921s][info][gc,marking  ] GC(275) Mark Stack Usage: 32M
[465.921s][info][gc,nmethod  ] GC(275) NMethods: 4854 registered, 3 unregistered
[465.921s][info][gc,metaspace] GC(275) Metaspace: 33M used, 33M committed, 1088M reserved
[465.921s][info][gc,ref      ] GC(275) Soft: 4016 encountered, 0 discovered, 0 enqueued
[465.921s][info][gc,ref      ] GC(275) Weak: 1717 encountered, 844 discovered, 0 enqueued
[465.921s][info][gc,ref      ] GC(275) Final: 7 encountered, 7 discovered, 0 enqueued
[465.921s][info][gc,ref      ] GC(275) Phantom: 714 encountered, 652 discovered, 0 enqueued
[465.921s][info][gc,reloc    ] GC(275) Small Pages: 2597 / 5194M, Empty: 5070M, Relocated: 0M, In-Place: 0
[465.921s][info][gc,reloc    ] GC(275) Medium Pages: 1 / 32M, Empty: 0M, Relocated: 0M, In-Place: 0
[465.921s][info][gc,reloc    ] GC(275) Large Pages: 0 / 0M, Empty: 0M, Relocated: 0M, In-Place: 0
[465.921s][info][gc,reloc    ] GC(275) Forwarding Usage: 0M
[465.921s][info][gc,heap     ] GC(275) Min Capacity: 8192M(100%)
[465.921s][info][gc,heap     ] GC(275) Max Capacity: 8192M(100%)
[465.921s][info][gc,heap     ] GC(275) Soft Max Capacity: 8192M(100%)
[465.921s][info][gc,heap     ] GC(275)                Mark Start          Mark End        Relocate Start      Relocate End           High               Low         
[465.921s][info][gc,heap     ] GC(275)  Capacity:     8192M (100%)       8192M (100%)       8192M (100%)       8192M (100%)       8192M (100%)       8192M (100%)   
[465.921s][info][gc,heap     ] GC(275)      Free:     2966M (36%)        2596M (32%)        7624M (93%)        7630M (93%)        7630M (93%)        2572M (31%)    
[465.921s][info][gc,heap     ] GC(275)      Used:     5226M (64%)        5596M (68%)         568M (7%)          562M (7%)         5620M (69%)         562M (7%)     
[465.921s][info][gc,heap     ] GC(275)      Live:         -               125M (2%)          125M (2%)          125M (2%)             -                  -          
[465.921s][info][gc,heap     ] GC(275) Allocated:         -               370M (5%)          412M (5%)          414M (5%)             -                  -          
[465.921s][info][gc,heap     ] GC(275)   Garbage:         -              5100M (62%)          30M (0%)           22M (0%)             -                  -          
[465.921s][info][gc,heap     ] GC(275) Reclaimed:         -                  -              5070M (62%)        5078M (62%)            -                  -          
[465.921s][info][gc          ] GC(275) Garbage Collection (Allocation Rate) 5226M(64%)->562M(7%)
[466.837s][info][gc,start    ] GC(276) Garbage Collection (Allocation Rate)
[466.837s][info][gc,task     ] GC(276) Using 1 workers
[466.837s][info][gc,phases   ] GC(276) Pause Mark Start 0.008ms
[466.962s][info][gc,phases   ] GC(276) Concurrent Mark 124.710ms
[466.962s][info][gc,phases   ] GC(276) Pause Mark End 0.012ms
[466.962s][info][gc,phases   ] GC(276) Concurrent Mark Free 0.001ms
[466.973s][info][gc,phases   ] GC(276) Concurrent Process Non-Strong References 11.039ms
[466.973s][info][gc,phases   ] GC(276) Concurrent Reset Relocation Set 0.002ms
[466.976s][info][gc,phases   ] GC(276) Concurrent Select Relocation Set 3.184ms
[466.976s][info][gc,phases   ] GC(276) Pause Relocate Start 0.011ms
[466.977s][info][gc,phases   ] GC(276) Concurrent Relocate 0.718ms
[466.977s][info][gc,load     ] GC(276) Load: 0.00/0.00/0.00
[466.977s][info][gc,mmu      ] GC(276) MMU: 2ms/80.5%, 5ms/92.2%, 10ms/96.1%, 20ms/96.3%, 50ms/97.1%, 100ms/97.5%
[466.977s][info][gc,marking  ] GC(276) Mark: 1 stripe(s), 2 proactive flush(es), 1 terminate flush(es), 0 completion(s), 0 continuation(s) 
[466.977s][info][gc,marking  ] GC(276) Mark Stack Usage: 32M
[466.977s][info][gc,nmethod  ] GC(276) NMethods: 4854 registered, 3 unregistered
[466.977s][info][gc,metaspace] GC(276) Metaspace: 33M used, 33M committed, 1088M reserved
[466.977s][info][gc,ref      ] GC(276) Soft: 4016 encountered, 0 discovered, 0 enqueued
[466.977s][info][gc,ref      ] GC(276) Weak: 1732 encountered, 1284 discovered, 0 enqueued
[466.977s][info][gc,ref      ] GC(276) Final: 7 encountered, 7 discovered, 0 enqueued
[466.977s][info][gc,ref      ] GC(276) Phantom: 714 encountered, 665 discovered, 0 enqueued
[466.977s][info][gc,reloc    ] GC(276) Small Pages: 2851 / 5702M, Empty: 5566M, Relocated: 0M, In-Place: 0
[466.977s][info][gc,reloc    ] GC(276) Medium Pages: 1 / 32M, Empty: 0M, Relocated: 0M, In-Place: 0
[466.977s][info][gc,reloc    ] GC(276) Large Pages: 0 / 0M, Empty: 0M, Relocated: 0M, In-Place: 0
[466.977s][info][gc,reloc    ] GC(276) Forwarding Usage: 0M
[466.977s][info][gc,heap     ] GC(276) Min Capacity: 8192M(100%)
[466.977s][info][gc,heap     ] GC(276) Max Capacity: 8192M(100%)
[466.977s][info][gc,heap     ] GC(276) Soft Max Capacity: 8192M(100%)
[466.977s][info][gc,heap     ] GC(276)                Mark Start          Mark End        Relocate Start      Relocate End           High               Low         
[466.977s][info][gc,heap     ] GC(276)  Capacity:     8192M (100%)       8192M (100%)       8192M (100%)       8192M (100%)       8192M (100%)       8192M (100%)   
[466.977s][info][gc,heap     ] GC(276)      Free:     2458M (30%)        1986M (24%)        7498M (92%)        7516M (92%)        7518M (92%)        1942M (24%)    
[466.977s][info][gc,heap     ] GC(276)      Used:     5734M (70%)        6206M (76%)         694M (8%)          676M (8%)         6250M (76%)         674M (8%)     
[466.977s][info][gc,heap     ] GC(276)      Live:         -               125M (2%)          125M (2%)          125M (2%)             -                  -          
[466.977s][info][gc,heap     ] GC(276) Allocated:         -               472M (6%)          526M (6%)          529M (6%)             -                  -          
[466.977s][info][gc,heap     ] GC(276)   Garbage:         -              5608M (68%)          42M (1%)           20M (0%)             -                  -          
[466.977s][info][gc,heap     ] GC(276) Reclaimed:         -                  -              5566M (68%)        5587M (68%)            -                  -          
[466.977s][info][gc          ] GC(276) Garbage Collection (Allocation Rate) 5734M(70%)->676M(8%)
[468.521s][info][gc,start    ] GC(277) Garbage Collection (Allocation Rate)
[468.521s][info][gc,task     ] GC(277) Using 1 workers
[468.521s][info][gc,phases   ] GC(277) Pause Mark Start 0.005ms
[468.667s][info][gc,phases   ] GC(277) Concurrent Mark 145.405ms
[468.667s][info][gc,phases   ] GC(277) Pause Mark End 0.011ms
[468.667s][info][gc,phases   ] GC(277) Concurrent Mark Free 0.001ms
[468.677s][info][gc,phases   ] GC(277) Concurrent Process Non-Strong References 9.910ms
[468.677s][info][gc,phases   ] GC(277) Concurrent Reset Relocation Set 0.001ms
[468.683s][info][gc,phases   ] GC(277) Concurrent Select Relocation Set 5.827ms
[468.683s][info][gc,phases   ] GC(277) Pause Relocate Start 0.014ms
[468.725s][info][gc,phases   ] GC(277) Concurrent Relocate 41.282ms
[468.725s][info][gc,load     ] GC(277) Load: 0.00/0.00/0.00
[468.725s][info][gc,mmu      ] GC(277) MMU: 2ms/80.5%, 5ms/92.2%, 10ms/96.1%, 20ms/96.3%, 50ms/97.1%, 100ms/97.5%
[468.725s][info][gc,marking  ] GC(277) Mark: 1 stripe(s), 2 proactive flush(es), 1 terminate flush(es), 0 completion(s), 0 continuation(s) 
[468.725s][info][gc,marking  ] GC(277) Mark Stack Usage: 32M
[468.725s][info][gc,nmethod  ] GC(277) NMethods: 4854 registered, 3 unregistered
[468.725s][info][gc,metaspace] GC(277) Metaspace: 33M used, 33M committed, 1088M reserved
[468.725s][info][gc,ref      ] GC(277) Soft: 4016 encountered, 0 discovered, 0 enqueued
[468.725s][info][gc,ref      ] GC(277) Weak: 24310 encountered, 19886 discovered, 1314 enqueued
[468.725s][info][gc,ref      ] GC(277) Final: 7 encountered, 7 discovered, 0 enqueued
[468.725s][info][gc,ref      ] GC(277) Phantom: 720 encountered, 671 discovered, 0 enqueued
[468.725s][info][gc,reloc    ] GC(277) Small Pages: 2334 / 4668M, Empty: 4170M, Relocated: 41M, In-Place: 0
[468.725s][info][gc,reloc    ] GC(277) Medium Pages: 7 / 224M, Empty: 160M, Relocated: 16M, In-Place: 0
[468.725s][info][gc,reloc    ] GC(277) Large Pages: 55 / 382M, Empty: 374M, Relocated: 0M, In-Place: 0
[468.725s][info][gc,reloc    ] GC(277) Forwarding Usage: 13M
[468.725s][info][gc,heap     ] GC(277) Min Capacity: 8192M(100%)
[468.725s][info][gc,heap     ] GC(277) Max Capacity: 8192M(100%)
[468.725s][info][gc,heap     ] GC(277) Soft Max Capacity: 8192M(100%)
[468.725s][info][gc,heap     ] GC(277)                Mark Start          Mark End        Relocate Start      Relocate End           High               Low         
[468.725s][info][gc,heap     ] GC(277)  Capacity:     8192M (100%)       8192M (100%)       8192M (100%)       8192M (100%)       8192M (100%)       8192M (100%)   
[468.725s][info][gc,heap     ] GC(277)      Free:     2918M (36%)        2756M (34%)        7412M (90%)        7752M (95%)        7758M (95%)        2744M (33%)    
[468.725s][info][gc,heap     ] GC(277)      Used:     5274M (64%)        5436M (66%)         780M (10%)         440M (5%)         5448M (67%)         434M (5%)     
[468.725s][info][gc,heap     ] GC(277)      Live:         -               168M (2%)          168M (2%)          168M (2%)             -                  -          
[468.725s][info][gc,heap     ] GC(277) Allocated:         -               162M (2%)          210M (3%)          247M (3%)             -                  -          
[468.725s][info][gc,heap     ] GC(277)   Garbage:         -              5105M (62%)         401M (5%)           24M (0%)             -                  -          
[468.725s][info][gc,heap     ] GC(277) Reclaimed:         -                  -              4704M (57%)        5081M (62%)            -                  -          
[468.725s][info][gc          ] GC(277) Garbage Collection (Allocation Rate) 5274M(64%)->440M(5%)
[470.323s][info][gc,stats    ] === Garbage Collection Statistics =======================================================================================================================
[470.323s][info][gc,stats    ]                                                              Last 10s              Last 10m              Last 10h                Total
[470.323s][info][gc,stats    ]                                                              Avg / Max             Avg / Max             Avg / Max             Avg / Max
[470.323s][info][gc,stats    ]   Collector: Garbage Collection Cycle                    140.240 / 203.549     124.731 / 379.439     124.731 / 379.439     124.731 / 379.439     ms
[470.323s][info][gc,stats    ]  Contention: Mark Segment Reset Contention                     0 / 2                 0 / 115               0 / 115               0 / 115         ops/s
[470.323s][info][gc,stats    ]  Contention: Mark SeqNum Reset Contention                      0 / 0                 0 / 2                 0 / 2                 0 / 2           ops/s
[470.323s][info][gc,stats    ]    Critical: Allocation Stall                                  0 / 0                 0 / 0                 0 / 0                 0 / 0           ops/s
[470.323s][info][gc,stats    ]    Critical: Allocation Stall                              0.000 / 0.000         0.000 / 0.000         0.000 / 0.000         0.000 / 0.000       ms
[470.323s][info][gc,stats    ]    Critical: GC Locker Stall                                   0 / 0                 0 / 0                 0 / 0                 0 / 0           ops/s
[470.323s][info][gc,stats    ]    Critical: GC Locker Stall                               0.000 / 0.000         0.000 / 0.000         0.000 / 0.000         0.000 / 0.000       ms
[470.323s][info][gc,stats    ]    Critical: Relocation Stall                                  0 / 0                 0 / 0                 0 / 0                 0 / 0           ops/s
[470.323s][info][gc,stats    ]    Critical: Relocation Stall                              0.000 / 0.000         0.000 / 0.000         0.000 / 0.000         0.000 / 0.000       ms
[470.323s][info][gc,stats    ]      Memory: Allocation Rate                                2559 / 6432           2810 / 6636           2810 / 6636           2810 / 6636        MB/s
[470.323s][info][gc,stats    ]      Memory: Out Of Memory                                     0 / 0                 0 / 0                 0 / 0                 0 / 0           ops/s
[470.323s][info][gc,stats    ]      Memory: Page Cache Flush                                 87 / 618              87 / 672              87 / 672              87 / 672         MB/s
[470.323s][info][gc,stats    ]      Memory: Page Cache Hit L1                              1060 / 3218           1202 / 3321           1202 / 3321           1202 / 3321        ops/s
[470.323s][info][gc,stats    ]      Memory: Page Cache Hit L2                                 0 / 0                 0 / 0                 0 / 0                 0 / 0           ops/s
[470.323s][info][gc,stats    ]      Memory: Page Cache Hit L3                                26 / 225              40 / 635              40 / 635              40 / 635         ops/s
[470.323s][info][gc,stats    ]      Memory: Page Cache Miss                                   9 / 67                9 / 71                9 / 71                9 / 71          ops/s
[470.323s][info][gc,stats    ]      Memory: Uncommit                                          0 / 0                 0 / 0                 0 / 0                 0 / 0           MB/s
[470.323s][info][gc,stats    ]      Memory: Undo Object Allocation Failed                     0 / 1                 0 / 2                 0 / 2                 0 / 2           ops/s
[470.323s][info][gc,stats    ]      Memory: Undo Object Allocation Succeeded                  0 / 5                 0 / 94                0 / 94                0 / 94          ops/s
[470.323s][info][gc,stats    ]      Memory: Undo Page Allocation                              0 / 5                 0 / 8                 0 / 8                 0 / 8           ops/s
[470.323s][info][gc,stats    ]       Phase: Concurrent Mark                             108.493 / 145.405      98.956 / 190.432      98.956 / 190.432      98.956 / 190.432     ms
[470.323s][info][gc,stats    ]       Phase: Concurrent Mark Continue                      0.000 / 0.000        15.374 / 35.578       15.374 / 35.578       15.374 / 35.578      ms
[470.323s][info][gc,stats    ]       Phase: Concurrent Mark Free                          0.001 / 0.002         0.001 / 0.004         0.001 / 0.004         0.001 / 0.004       ms
[470.323s][info][gc,stats    ]       Phase: Concurrent Process Non-Strong References      8.744 / 11.518        8.429 / 31.706        8.429 / 31.706        8.429 / 31.706      ms
[470.323s][info][gc,stats    ]       Phase: Concurrent Relocate                          16.526 / 41.282        9.497 / 76.380        9.497 / 76.380        9.497 / 76.380      ms
[470.323s][info][gc,stats    ]       Phase: Concurrent Reset Relocation Set               0.009 / 0.024         0.010 / 0.049         0.010 / 0.049         0.010 / 0.049       ms
[470.323s][info][gc,stats    ]       Phase: Concurrent Select Relocation Set              4.097 / 5.998         3.580 / 13.402        3.580 / 13.402        3.580 / 13.402      ms
[470.323s][info][gc,stats    ]       Phase: Pause Mark End                                0.016 / 0.022         0.047 / 0.390         0.047 / 0.390         0.047 / 0.390       ms
[470.323s][info][gc,stats    ]       Phase: Pause Mark Start                              0.007 / 0.008         0.008 / 0.022         0.008 / 0.022         0.008 / 0.022       ms
[470.324s][info][gc,stats    ]       Phase: Pause Relocate Start                          0.012 / 0.019         0.011 / 0.046         0.011 / 0.046         0.011 / 0.046       ms
[470.324s][info][gc,stats    ]    Subphase: Concurrent Classes Purge                      0.245 / 0.351         0.253 / 0.574         0.253 / 0.574         0.253 / 0.574       ms
[470.324s][info][gc,stats    ]    Subphase: Concurrent Classes Unlink                     6.620 / 9.384         5.886 / 23.760        5.886 / 23.760        5.886 / 23.760      ms
[470.324s][info][gc,stats    ]    Subphase: Concurrent Mark                              94.047 / 144.405      78.719 / 189.582      78.719 / 189.582      78.719 / 189.582     ms
[470.324s][info][gc,stats    ]    Subphase: Concurrent Mark Try Flush                     0.066 / 0.159         0.491 / 30.486        0.491 / 30.486        0.491 / 30.486      ms
[470.324s][info][gc,stats    ]    Subphase: Concurrent Mark Try Terminate                 1.365 / 7.636         2.922 / 24.568        2.922 / 24.568        2.922 / 24.568      ms
[470.324s][info][gc,stats    ]    Subphase: Concurrent References Enqueue                 0.004 / 0.007         0.003 / 0.008         0.003 / 0.008         0.003 / 0.008       ms
[470.324s][info][gc,stats    ]    Subphase: Concurrent References Process                 1.430 / 2.316         1.014 / 3.217         1.014 / 3.217         1.014 / 3.217       ms
[470.324s][info][gc,stats    ]    Subphase: Concurrent Roots ClassLoaderDataGraph         0.123 / 0.240         0.108 / 0.537         0.108 / 0.537         0.108 / 0.537       ms
[470.324s][info][gc,stats    ]    Subphase: Concurrent Roots CodeCache                    0.000 / 0.000         0.000 / 0.000         0.000 / 0.000         0.000 / 0.000       ms
[470.324s][info][gc,stats    ]    Subphase: Concurrent Roots JavaThreads                  0.427 / 0.606         0.361 / 1.258         0.361 / 1.258         0.361 / 1.258       ms
[470.324s][info][gc,stats    ]    Subphase: Concurrent Roots OopStorageSet                0.030 / 0.045         0.030 / 0.124         0.030 / 0.124         0.030 / 0.124       ms
[470.324s][info][gc,stats    ]    Subphase: Concurrent Weak Roots OopStorageSet           0.282 / 0.385         0.300 / 1.123         0.300 / 1.123         0.300 / 1.123       ms
[470.324s][info][gc,stats    ]    Subphase: Pause Mark Try Complete                       0.000 / 0.000         0.144 / 0.301         0.144 / 0.301         0.144 / 0.301       ms
[470.324s][info][gc,stats    ]      System: Java Threads                                     19 / 21               19 / 22               19 / 22               19 / 22          threads
[470.324s][info][gc,stats    ] =========================================================================================================================================================
[471.753s][info][gc,start    ] GC(278) Garbage Collection (System.gc())
[471.753s][info][gc,task     ] GC(278) Using 2 workers
[471.753s][info][gc,phases   ] GC(278) Pause Mark Start 0.007ms
[471.822s][info][gc,phases   ] GC(278) Concurrent Mark 68.498ms
[471.822s][info][gc,phases   ] GC(278) Pause Mark End 0.023ms
[471.822s][info][gc,phases   ] GC(278) Concurrent Mark Free 0.002ms
[471.829s][info][gc,phases   ] GC(278) Concurrent Process Non-Strong References 7.115ms
[471.829s][info][gc,phases   ] GC(278) Concurrent Reset Relocation Set 0.020ms
[471.832s][info][gc,phases   ] GC(278) Concurrent Select Relocation Set 2.579ms
[471.832s][info][gc,phases   ] GC(278) Pause Relocate Start 0.010ms
[471.839s][info][gc,phases   ] GC(278) Concurrent Relocate 6.965ms
[471.839s][info][gc,load     ] GC(278) Load: 0.00/0.00/0.00
[471.839s][info][gc,mmu      ] GC(278) MMU: 2ms/80.5%, 5ms/92.2%, 10ms/96.1%, 20ms/96.3%, 50ms/97.1%, 100ms/97.5%
[471.839s][info][gc,marking  ] GC(278) Mark: 2 stripe(s), 1 proactive flush(es), 1 terminate flush(es), 0 completion(s), 0 continuation(s) 
[471.839s][info][gc,marking  ] GC(278) Mark Stack Usage: 32M
[471.839s][info][gc,nmethod  ] GC(278) NMethods: 4854 registered, 3 unregistered
[471.839s][info][gc,metaspace] GC(278) Metaspace: 33M used, 33M committed, 1088M reserved
[471.839s][info][gc,ref      ] GC(278) Soft: 4016 encountered, 0 discovered, 0 enqueued
[471.839s][info][gc,ref      ] GC(278) Weak: 24872 encountered, 24279 discovered, 23158 enqueued
[471.839s][info][gc,ref      ] GC(278) Final: 7 encountered, 6 discovered, 0 enqueued
[471.839s][info][gc,ref      ] GC(278) Phantom: 714 encountered, 645 discovered, 0 enqueued
[471.839s][info][gc,reloc    ] GC(278) Small Pages: 837 / 1674M, Empty: 1024M, Relocated: 10M, In-Place: 0
[471.839s][info][gc,reloc    ] GC(278) Medium Pages: 24 / 768M, Empty: 672M, Relocated: 16M, In-Place: 0
[471.839s][info][gc,reloc    ] GC(278) Large Pages: 220 / 1536M, Empty: 1536M, Relocated: 0M, In-Place: 0
[471.839s][info][gc,reloc    ] GC(278) Forwarding Usage: 3M
[471.839s][info][gc,heap     ] GC(278) Min Capacity: 8192M(100%)
[471.839s][info][gc,heap     ] GC(278) Max Capacity: 8192M(100%)
[471.839s][info][gc,heap     ] GC(278) Soft Max Capacity: 8192M(100%)
[471.839s][info][gc,heap     ] GC(278)                Mark Start          Mark End        Relocate Start      Relocate End           High               Low         
[471.839s][info][gc,heap     ] GC(278)  Capacity:     8192M (100%)       8192M (100%)       8192M (100%)       8192M (100%)       8192M (100%)       8192M (100%)   
[471.839s][info][gc,heap     ] GC(278)      Free:     4214M (51%)        4214M (51%)        7446M (91%)        8046M (98%)        8046M (98%)        4214M (51%)    
[471.839s][info][gc,heap     ] GC(278)      Used:     3978M (49%)        3978M (49%)         746M (9%)          146M (2%)         3978M (49%)         146M (2%)     
[471.839s][info][gc,heap     ] GC(278)      Live:         -               126M (2%)          126M (2%)          126M (2%)             -                  -          
[471.839s][info][gc,heap     ] GC(278) Allocated:         -                 0M (0%)            0M (0%)            0M (0%)             -                  -          
[471.839s][info][gc,heap     ] GC(278)   Garbage:         -              3851M (47%)         619M (8%)           19M (0%)             -                  -          
[471.839s][info][gc,heap     ] GC(278) Reclaimed:         -                  -              3232M (39%)        3832M (47%)            -                  -          
[471.839s][info][gc          ] GC(278) Garbage Collection (System.gc()) 3978M(49%)->146M(2%)
[472.527s][info][gc,start    ] GC(279) Garbage Collection (Allocation Rate)
[472.528s][info][gc,task     ] GC(279) Using 2 workers
[472.528s][info][gc,phases   ] GC(279) Pause Mark Start 0.009ms
[472.606s][info][gc,phases   ] GC(279) Concurrent Mark 77.038ms
[472.606s][info][gc,phases   ] GC(279) Pause Mark End 0.015ms
[472.606s][info][gc,phases   ] GC(279) Concurrent Mark Free 0.001ms
[472.612s][info][gc,phases   ] GC(279) Concurrent Process Non-Strong References 5.512ms
[472.612s][info][gc,phases   ] GC(279) Concurrent Reset Relocation Set 0.030ms
[472.615s][info][gc,phases   ] GC(279) Concurrent Select Relocation Set 3.466ms
[472.615s][info][gc,phases   ] GC(279) Pause Relocate Start 0.011ms
[472.616s][info][gc,phases   ] GC(279) Concurrent Relocate 0.459ms
[472.616s][info][gc,load     ] GC(279) Load: 0.00/0.00/0.00
[472.616s][info][gc,mmu      ] GC(279) MMU: 2ms/80.5%, 5ms/92.2%, 10ms/96.1%, 20ms/96.3%, 50ms/97.1%, 100ms/97.5%
[472.616s][info][gc,marking  ] GC(279) Mark: 2 stripe(s), 2 proactive flush(es), 1 terminate flush(es), 0 completion(s), 0 continuation(s) 
[472.616s][info][gc,marking  ] GC(279) Mark Stack Usage: 32M
[472.616s][info][gc,nmethod  ] GC(279) NMethods: 4854 registered, 3 unregistered
[472.616s][info][gc,metaspace] GC(279) Metaspace: 33M used, 33M committed, 1088M reserved
[472.616s][info][gc,ref      ] GC(279) Soft: 4016 encountered, 0 discovered, 0 enqueued
[472.616s][info][gc,ref      ] GC(279) Weak: 1720 encountered, 59 discovered, 0 enqueued
[472.616s][info][gc,ref      ] GC(279) Final: 7 encountered, 5 discovered, 0 enqueued
[472.616s][info][gc,ref      ] GC(279) Phantom: 714 encountered, 647 discovered, 0 enqueued
[472.616s][info][gc,reloc    ] GC(279) Small Pages: 2548 / 5096M, Empty: 4960M, Relocated: 0M, In-Place: 0
[472.616s][info][gc,reloc    ] GC(279) Medium Pages: 1 / 32M, Empty: 0M, Relocated: 0M, In-Place: 0
[472.616s][info][gc,reloc    ] GC(279) Large Pages: 0 / 0M, Empty: 0M, Relocated: 0M, In-Place: 0
[472.616s][info][gc,reloc    ] GC(279) Forwarding Usage: 0M
[472.616s][info][gc,heap     ] GC(279) Min Capacity: 8192M(100%)
[472.616s][info][gc,heap     ] GC(279) Max Capacity: 8192M(100%)
[472.616s][info][gc,heap     ] GC(279) Soft Max Capacity: 8192M(100%)
[472.616s][info][gc,heap     ] GC(279)                Mark Start          Mark End        Relocate Start      Relocate End           High               Low         
[472.616s][info][gc,heap     ] GC(279)  Capacity:     8192M (100%)       8192M (100%)       8192M (100%)       8192M (100%)       8192M (100%)       8192M (100%)   
[472.616s][info][gc,heap     ] GC(279)      Free:     3064M (37%)        2678M (33%)        7598M (93%)        7614M (93%)        7616M (93%)        2656M (32%)    
[472.616s][info][gc,heap     ] GC(279)      Used:     5128M (63%)        5514M (67%)         594M (7%)          578M (7%)         5536M (68%)         576M (7%)     
[472.616s][info][gc,heap     ] GC(279)      Live:         -               126M (2%)          126M (2%)          126M (2%)             -                  -          
[472.616s][info][gc,heap     ] GC(279) Allocated:         -               386M (5%)          426M (5%)          430M (5%)             -                  -          
[472.616s][info][gc,heap     ] GC(279)   Garbage:         -              5001M (61%)          41M (1%)           21M (0%)             -                  -          
[472.616s][info][gc,heap     ] GC(279) Reclaimed:         -                  -              4960M (61%)        4980M (61%)            -                  -          
[472.616s][info][gc          ] GC(279) Garbage Collection (Allocation Rate) 5128M(63%)->578M(7%)
[473.626s][info][gc,start    ] GC(280) Garbage Collection (Allocation Rate)
[473.626s][info][gc,task     ] GC(280) Using 1 workers
[473.626s][info][gc,phases   ] GC(280) Pause Mark Start 0.006ms
[473.751s][info][gc,phases   ] GC(280) Concurrent Mark 125.055ms
[473.752s][info][gc,phases   ] GC(280) Pause Mark End 0.012ms
[473.752s][info][gc,phases   ] GC(280) Concurrent Mark Free 0.001ms
[473.762s][info][gc,phases   ] GC(280) Concurrent Process Non-Strong References 10.678ms
[473.762s][info][gc,phases   ] GC(280) Concurrent Reset Relocation Set 0.002ms
[473.766s][info][gc,phases   ] GC(280) Concurrent Select Relocation Set 3.328ms
[473.766s][info][gc,phases   ] GC(280) Pause Relocate Start 0.007ms
[473.766s][info][gc,phases   ] GC(280) Concurrent Relocate 0.481ms
[473.766s][info][gc,load     ] GC(280) Load: 0.00/0.00/0.00
[473.766s][info][gc,mmu      ] GC(280) MMU: 2ms/80.5%, 5ms/92.2%, 10ms/96.1%, 20ms/96.3%, 50ms/97.1%, 100ms/97.5%
[473.766s][info][gc,marking  ] GC(280) Mark: 1 stripe(s), 2 proactive flush(es), 1 terminate flush(es), 0 completion(s), 0 continuation(s) 
[473.767s][info][gc,marking  ] GC(280) Mark Stack Usage: 32M
[473.767s][info][gc,nmethod  ] GC(280) NMethods: 4854 registered, 3 unregistered
[473.767s][info][gc,metaspace] GC(280) Metaspace: 33M used, 33M committed, 1088M reserved
[473.767s][info][gc,ref      ] GC(280) Soft: 4016 encountered, 0 discovered, 0 enqueued
[473.767s][info][gc,ref      ] GC(280) Weak: 1732 encountered, 1284 discovered, 0 enqueued
[473.767s][info][gc,ref      ] GC(280) Final: 7 encountered, 7 discovered, 0 enqueued
[473.767s][info][gc,ref      ] GC(280) Phantom: 714 encountered, 665 discovered, 0 enqueued
[473.767s][info][gc,reloc    ] GC(280) Small Pages: 3094 / 6188M, Empty: 6050M, Relocated: 0M, In-Place: 0
[473.767s][info][gc,reloc    ] GC(280) Medium Pages: 1 / 32M, Empty: 0M, Relocated: 0M, In-Place: 0
[473.767s][info][gc,reloc    ] GC(280) Large Pages: 0 / 0M, Empty: 0M, Relocated: 0M, In-Place: 0
[473.767s][info][gc,reloc    ] GC(280) Forwarding Usage: 0M
[473.767s][info][gc,heap     ] GC(280) Min Capacity: 8192M(100%)
[473.767s][info][gc,heap     ] GC(280) Max Capacity: 8192M(100%)
[473.767s][info][gc,heap     ] GC(280) Soft Max Capacity: 8192M(100%)
[473.767s][info][gc,heap     ] GC(280)                Mark Start          Mark End        Relocate Start      Relocate End           High               Low         
[473.767s][info][gc,heap     ] GC(280)  Capacity:     8192M (100%)       8192M (100%)       8192M (100%)       8192M (100%)       8192M (100%)       8192M (100%)   
[473.767s][info][gc,heap     ] GC(280)      Free:     1972M (24%)        1474M (18%)        7466M (91%)        7486M (91%)        7486M (91%)        1430M (17%)    
[473.767s][info][gc,heap     ] GC(280)      Used:     6220M (76%)        6718M (82%)         726M (9%)          706M (9%)         6762M (83%)         706M (9%)     
[473.767s][info][gc,heap     ] GC(280)      Live:         -               126M (2%)          126M (2%)          126M (2%)             -                  -          
[473.767s][info][gc,heap     ] GC(280) Allocated:         -               498M (6%)          556M (7%)          559M (7%)             -                  -          
[473.767s][info][gc,heap     ] GC(280)   Garbage:         -              6093M (74%)          43M (1%)           19M (0%)             -                  -          
[473.767s][info][gc,heap     ] GC(280) Reclaimed:         -                  -              6050M (74%)        6073M (74%)            -                  -          
[473.767s][info][gc          ] GC(280) Garbage Collection (Allocation Rate) 6220M(76%)->706M(9%)
[477.821s][info][gc,start    ] GC(281) Garbage Collection (High Usage)
[477.821s][info][gc,task     ] GC(281) Using 2 workers
[477.821s][info][gc,phases   ] GC(281) Pause Mark Start 0.008ms
[477.900s][info][gc,phases   ] GC(281) Concurrent Mark 79.030ms
[477.901s][info][gc,phases   ] GC(281) Pause Mark End 0.275ms
[477.916s][info][gc,phases   ] GC(281) Concurrent Mark Continue 15.415ms
[477.916s][info][gc,phases   ] GC(281) Pause Mark End 0.171ms
[477.917s][info][gc,phases   ] GC(281) Concurrent Mark Free 0.001ms
[477.922s][info][gc,phases   ] GC(281) Concurrent Process Non-Strong References 5.569ms
[477.922s][info][gc,phases   ] GC(281) Concurrent Reset Relocation Set 0.002ms
[477.927s][info][gc,phases   ] GC(281) Concurrent Select Relocation Set 4.686ms
[477.927s][info][gc,phases   ] GC(281) Pause Relocate Start 0.008ms
[477.950s][info][gc,phases   ] GC(281) Concurrent Relocate 23.102ms
[477.950s][info][gc,load     ] GC(281) Load: 0.00/0.00/0.00
[477.950s][info][gc,mmu      ] GC(281) MMU: 2ms/80.5%, 5ms/92.2%, 10ms/96.1%, 20ms/96.3%, 50ms/97.1%, 100ms/97.5%
[477.950s][info][gc,marking  ] GC(281) Mark: 2 stripe(s), 9 proactive flush(es), 2 terminate flush(es), 2 completion(s), 1 continuation(s) 
[477.950s][info][gc,marking  ] GC(281) Mark Stack Usage: 32M
[477.950s][info][gc,nmethod  ] GC(281) NMethods: 4855 registered, 3 unregistered
[477.950s][info][gc,metaspace] GC(281) Metaspace: 33M used, 33M committed, 1088M reserved
[477.950s][info][gc,ref      ] GC(281) Soft: 4016 encountered, 0 discovered, 0 enqueued
[477.950s][info][gc,ref      ] GC(281) Weak: 21749 encountered, 20624 discovered, 9341 enqueued
[477.950s][info][gc,ref      ] GC(281) Final: 7 encountered, 2 discovered, 0 enqueued
[477.950s][info][gc,ref      ] GC(281) Phantom: 720 encountered, 657 discovered, 0 enqueued
[477.950s][info][gc,reloc    ] GC(281) Small Pages: 2716 / 5432M, Empty: 4696M, Relocated: 36M, In-Place: 0
[477.950s][info][gc,reloc    ] GC(281) Medium Pages: 25 / 800M, Empty: 768M, Relocated: 0M, In-Place: 0
[477.950s][info][gc,reloc    ] GC(281) Large Pages: 225 / 1566M, Empty: 1566M, Relocated: 0M, In-Place: 0
[477.950s][info][gc,reloc    ] GC(281) Forwarding Usage: 11M
[477.950s][info][gc,heap     ] GC(281) Min Capacity: 8192M(100%)
[477.950s][info][gc,heap     ] GC(281) Max Capacity: 8192M(100%)
[477.950s][info][gc,heap     ] GC(281) Soft Max Capacity: 8192M(100%)
[477.950s][info][gc,heap     ] GC(281)                Mark Start          Mark End        Relocate Start      Relocate End           High               Low         
[477.950s][info][gc,heap     ] GC(281)  Capacity:     8192M (100%)       8192M (100%)       8192M (100%)       8192M (100%)       8192M (100%)       8192M (100%)   
[477.950s][info][gc,heap     ] GC(281)      Free:      394M (5%)          280M (3%)         7300M (89%)        7874M (96%)        7874M (96%)         274M (3%)     
[477.950s][info][gc,heap     ] GC(281)      Used:     7798M (95%)        7912M (97%)         892M (11%)         318M (4%)         7918M (97%)         318M (4%)     
[477.950s][info][gc,heap     ] GC(281)      Live:         -               149M (2%)          149M (2%)          149M (2%)             -                  -          
[477.950s][info][gc,heap     ] GC(281) Allocated:         -               114M (1%)          124M (2%)          146M (2%)             -                  -          
[477.950s][info][gc,heap     ] GC(281)   Garbage:         -              7648M (93%)         618M (8%)           22M (0%)             -                  -          
[477.950s][info][gc,heap     ] GC(281) Reclaimed:         -                  -              7030M (86%)        7626M (93%)            -                  -          
[477.950s][info][gc          ] GC(281) Garbage Collection (High Usage) 7798M(95%)->318M(4%)
[478.797s][info][gc,start    ] GC(282) Garbage Collection (System.gc())
[478.797s][info][gc,task     ] GC(282) Using 2 workers
[478.797s][info][gc,phases   ] GC(282) Pause Mark Start 0.005ms
[478.859s][info][gc,phases   ] GC(282) Concurrent Mark 61.587ms
[478.859s][info][gc,phases   ] GC(282) Pause Mark End 0.025ms
[478.859s][info][gc,phases   ] GC(282) Concurrent Mark Free 0.001ms
[478.865s][info][gc,phases   ] GC(282) Concurrent Process Non-Strong References 6.162ms
[478.866s][info][gc,phases   ] GC(282) Concurrent Reset Relocation Set 0.022ms
[478.868s][info][gc,phases   ] GC(282) Concurrent Select Relocation Set 2.259ms
[478.868s][info][gc,phases   ] GC(282) Pause Relocate Start 0.010ms
[478.875s][info][gc,phases   ] GC(282) Concurrent Relocate 6.477ms
[478.875s][info][gc,load     ] GC(282) Load: 0.00/0.00/0.00
[478.875s][info][gc,mmu      ] GC(282) MMU: 2ms/80.5%, 5ms/92.2%, 10ms/96.1%, 20ms/96.3%, 50ms/97.1%, 100ms/97.5%
[478.875s][info][gc,marking  ] GC(282) Mark: 2 stripe(s), 1 proactive flush(es), 1 terminate flush(es), 0 completion(s), 0 continuation(s) 
[478.875s][info][gc,marking  ] GC(282) Mark Stack Usage: 32M
[478.875s][info][gc,nmethod  ] GC(282) NMethods: 4856 registered, 3 unregistered
[478.875s][info][gc,metaspace] GC(282) Metaspace: 33M used, 33M committed, 1088M reserved
[478.875s][info][gc,ref      ] GC(282) Soft: 4016 encountered, 0 discovered, 0 enqueued
[478.875s][info][gc,ref      ] GC(282) Weak: 23862 encountered, 23147 discovered, 22148 enqueued
[478.875s][info][gc,ref      ] GC(282) Final: 7 encountered, 5 discovered, 0 enqueued
[478.875s][info][gc,ref      ] GC(282) Phantom: 714 encountered, 653 discovered, 0 enqueued
[478.875s][info][gc,reloc    ] GC(282) Small Pages: 332 / 664M, Empty: 192M, Relocated: 10M, In-Place: 0
[478.875s][info][gc,reloc    ] GC(282) Medium Pages: 9 / 288M, Empty: 224M, Relocated: 16M, In-Place: 0
[478.875s][info][gc,reloc    ] GC(282) Large Pages: 71 / 492M, Empty: 492M, Relocated: 0M, In-Place: 0
[478.875s][info][gc,reloc    ] GC(282) Forwarding Usage: 2M
[478.875s][info][gc,heap     ] GC(282) Min Capacity: 8192M(100%)
[478.875s][info][gc,heap     ] GC(282) Max Capacity: 8192M(100%)
[478.875s][info][gc,heap     ] GC(282) Soft Max Capacity: 8192M(100%)
[478.875s][info][gc,heap     ] GC(282)                Mark Start          Mark End        Relocate Start      Relocate End           High               Low         
[478.875s][info][gc,heap     ] GC(282)  Capacity:     8192M (100%)       8192M (100%)       8192M (100%)       8192M (100%)       8192M (100%)       8192M (100%)   
[478.875s][info][gc,heap     ] GC(282)      Free:     6748M (82%)        6748M (82%)        7656M (93%)        8046M (98%)        8046M (98%)        6748M (82%)    
[478.875s][info][gc,heap     ] GC(282)      Used:     1444M (18%)        1444M (18%)         536M (7%)          146M (2%)         1444M (18%)         146M (2%)     
[478.875s][info][gc,heap     ] GC(282)      Live:         -               126M (2%)          126M (2%)          126M (2%)             -                  -          
[478.875s][info][gc,heap     ] GC(282) Allocated:         -                 0M (0%)            0M (0%)            0M (0%)             -                  -          
[478.875s][info][gc,heap     ] GC(282)   Garbage:         -              1317M (16%)         409M (5%)           19M (0%)             -                  -          
[478.875s][info][gc,heap     ] GC(282) Reclaimed:         -                  -               908M (11%)        1298M (16%)            -                  -          
[478.875s][info][gc          ] GC(282) Garbage Collection (System.gc()) 1444M(18%)->146M(2%)
[479.534s][info][gc,start    ] GC(283) Garbage Collection (Allocation Rate)
[479.534s][info][gc,task     ] GC(283) Using 2 workers
[479.534s][info][gc,phases   ] GC(283) Pause Mark Start 0.011ms
[479.612s][info][gc,phases   ] GC(283) Concurrent Mark 62.420ms
[479.612s][info][gc,phases   ] GC(283) Pause Mark End 0.012ms
[479.612s][info][gc,phases   ] GC(283) Concurrent Mark Free 0.000ms
[479.618s][info][gc,phases   ] GC(283) Concurrent Process Non-Strong References 5.537ms
[479.618s][info][gc,phases   ] GC(283) Concurrent Reset Relocation Set 0.018ms
[479.622s][info][gc,phases   ] GC(283) Concurrent Select Relocation Set 3.530ms
[479.622s][info][gc,phases   ] GC(283) Pause Relocate Start 0.009ms
[479.622s][info][gc,phases   ] GC(283) Concurrent Relocate 0.439ms
[479.622s][info][gc,load     ] GC(283) Load: 0.00/0.00/0.00
[479.622s][info][gc,mmu      ] GC(283) MMU: 2ms/80.5%, 5ms/92.2%, 10ms/96.1%, 20ms/96.3%, 50ms/97.1%, 100ms/97.5%
[479.622s][info][gc,marking  ] GC(283) Mark: 2 stripe(s), 2 proactive flush(es), 1 terminate flush(es), 0 completion(s), 0 continuation(s) 
[479.622s][info][gc,marking  ] GC(283) Mark Stack Usage: 32M
[479.622s][info][gc,nmethod  ] GC(283) NMethods: 4856 registered, 3 unregistered
[479.622s][info][gc,metaspace] GC(283) Metaspace: 33M used, 33M committed, 1088M reserved
[479.622s][info][gc,ref      ] GC(283) Soft: 4016 encountered, 0 discovered, 0 enqueued
[479.622s][info][gc,ref      ] GC(283) Weak: 1732 encountered, 61 discovered, 0 enqueued
[479.622s][info][gc,ref      ] GC(283) Final: 7 encountered, 7 discovered, 0 enqueued
[479.622s][info][gc,ref      ] GC(283) Phantom: 714 encountered, 646 discovered, 0 enqueued
[479.622s][info][gc,reloc    ] GC(283) Small Pages: 2472 / 4944M, Empty: 4806M, Relocated: 0M, In-Place: 0
[479.622s][info][gc,reloc    ] GC(283) Medium Pages: 1 / 32M, Empty: 0M, Relocated: 0M, In-Place: 0
[479.622s][info][gc,reloc    ] GC(283) Large Pages: 0 / 0M, Empty: 0M, Relocated: 0M, In-Place: 0
[479.622s][info][gc,reloc    ] GC(283) Forwarding Usage: 0M
[479.622s][info][gc,heap     ] GC(283) Min Capacity: 8192M(100%)
[479.622s][info][gc,heap     ] GC(283) Max Capacity: 8192M(100%)
[479.622s][info][gc,heap     ] GC(283) Soft Max Capacity: 8192M(100%)
[479.622s][info][gc,heap     ] GC(283)                Mark Start          Mark End        Relocate Start      Relocate End           High               Low         
[479.622s][info][gc,heap     ] GC(283)  Capacity:     8192M (100%)       8192M (100%)       8192M (100%)       8192M (100%)       8192M (100%)       8192M (100%)   
[479.622s][info][gc,heap     ] GC(283)      Free:     3216M (39%)        2942M (36%)        7704M (94%)        7726M (94%)        7726M (94%)        2916M (36%)    
[479.622s][info][gc,heap     ] GC(283)      Used:     4976M (61%)        5250M (64%)         488M (6%)          466M (6%)         5276M (64%)         466M (6%)     
[479.622s][info][gc,heap     ] GC(283)      Live:         -               126M (2%)          126M (2%)          126M (2%)             -                  -          
[479.622s][info][gc,heap     ] GC(283) Allocated:         -               274M (3%)          318M (4%)          318M (4%)             -                  -          
[479.622s][info][gc,heap     ] GC(283)   Garbage:         -              4849M (59%)          43M (1%)           21M (0%)             -                  -          
[479.622s][info][gc,heap     ] GC(283) Reclaimed:         -                  -              4806M (59%)        4828M (59%)            -                  -          
[479.622s][info][gc          ] GC(283) Garbage Collection (Allocation Rate) 4976M(61%)->466M(6%)
[480.325s][info][gc,stats    ] === Garbage Collection Statistics =======================================================================================================================
[480.326s][info][gc,stats    ]                                                              Last 10s              Last 10m              Last 10h                Total
[480.326s][info][gc,stats    ]                                                              Avg / Max             Avg / Max             Avg / Max             Avg / Max
[480.326s][info][gc,stats    ]   Collector: Garbage Collection Cycle                    101.716 / 140.379     124.245 / 379.439     124.245 / 379.439     124.245 / 379.439     ms
[480.326s][info][gc,stats    ]  Contention: Mark Segment Reset Contention                     0 / 4                 0 / 115               0 / 115               0 / 115         ops/s
[480.326s][info][gc,stats    ]  Contention: Mark SeqNum Reset Contention                      0 / 0                 0 / 2                 0 / 2                 0 / 2           ops/s
[480.326s][info][gc,stats    ]    Critical: Allocation Stall                                  0 / 0                 0 / 0                 0 / 0                 0 / 0           ops/s
[480.326s][info][gc,stats    ]    Critical: Allocation Stall                              0.000 / 0.000         0.000 / 0.000         0.000 / 0.000         0.000 / 0.000       ms
[480.326s][info][gc,stats    ]    Critical: GC Locker Stall                                   0 / 0                 0 / 0                 0 / 0                 0 / 0           ops/s
[480.326s][info][gc,stats    ]    Critical: GC Locker Stall                               0.000 / 0.000         0.000 / 0.000         0.000 / 0.000         0.000 / 0.000       ms
[480.326s][info][gc,stats    ]    Critical: Relocation Stall                                  0 / 0                 0 / 0                 0 / 0                 0 / 0           ops/s
[480.326s][info][gc,stats    ]    Critical: Relocation Stall                              0.000 / 0.000         0.000 / 0.000         0.000 / 0.000         0.000 / 0.000       ms
[480.326s][info][gc,stats    ]      Memory: Allocation Rate                                3074 / 5872           2816 / 6636           2816 / 6636           2816 / 6636        MB/s
[480.326s][info][gc,stats    ]      Memory: Out Of Memory                                     0 / 0                 0 / 0                 0 / 0                 0 / 0           ops/s
[480.326s][info][gc,stats    ]      Memory: Page Cache Flush                                136 / 618              88 / 672              88 / 672              88 / 672         MB/s
[480.326s][info][gc,stats    ]      Memory: Page Cache Hit L1                              1330 / 2938           1204 / 3321           1204 / 3321           1204 / 3321        ops/s
[480.326s][info][gc,stats    ]      Memory: Page Cache Hit L2                                 0 / 0                 0 / 0                 0 / 0                 0 / 0           ops/s
[480.326s][info][gc,stats    ]      Memory: Page Cache Hit L3                                36 / 304              40 / 635              40 / 635              40 / 635         ops/s
[480.326s][info][gc,stats    ]      Memory: Page Cache Miss                                  14 / 67                9 / 71                9 / 71                9 / 71          ops/s
[480.326s][info][gc,stats    ]      Memory: Uncommit                                          0 / 0                 0 / 0                 0 / 0                 0 / 0           MB/s
[480.326s][info][gc,stats    ]      Memory: Undo Object Allocation Failed                     0 / 0                 0 / 2                 0 / 2                 0 / 2           ops/s
[480.326s][info][gc,stats    ]      Memory: Undo Object Allocation Succeeded                  0 / 2                 0 / 94                0 / 94                0 / 94          ops/s
[480.326s][info][gc,stats    ]      Memory: Undo Page Allocation                              0 / 0                 0 / 8                 0 / 8                 0 / 8           ops/s
[480.326s][info][gc,stats    ]       Phase: Concurrent Mark                              78.938 / 125.055      98.533 / 190.432      98.533 / 190.432      98.533 / 190.432     ms
[480.326s][info][gc,stats    ]       Phase: Concurrent Mark Continue                     15.415 / 15.415       15.376 / 35.578       15.376 / 35.578       15.376 / 35.578      ms
[480.326s][info][gc,stats    ]       Phase: Concurrent Mark Free                          0.001 / 0.002         0.001 / 0.004         0.001 / 0.004         0.001 / 0.004       ms
[480.326s][info][gc,stats    ]       Phase: Concurrent Process Non-Strong References      6.762 / 10.678        8.394 / 31.706        8.394 / 31.706        8.394 / 31.706      ms
[480.326s][info][gc,stats    ]       Phase: Concurrent Relocate                           6.321 / 23.102        9.430 / 76.380        9.430 / 76.380        9.430 / 76.380      ms
[480.326s][info][gc,stats    ]       Phase: Concurrent Reset Relocation Set               0.015 / 0.030         0.010 / 0.049         0.010 / 0.049         0.010 / 0.049       ms
[480.326s][info][gc,stats    ]       Phase: Concurrent Select Relocation Set              3.308 / 4.686         3.575 / 13.402        3.575 / 13.402        3.575 / 13.402      ms
[480.326s][info][gc,stats    ]       Phase: Pause Mark End                                0.076 / 0.275         0.048 / 0.390         0.048 / 0.390         0.048 / 0.390       ms
[480.326s][info][gc,stats    ]       Phase: Pause Mark Start                              0.008 / 0.011         0.008 / 0.022         0.008 / 0.022         0.008 / 0.022       ms
[480.326s][info][gc,stats    ]       Phase: Pause Relocate Start                          0.009 / 0.011         0.010 / 0.046         0.010 / 0.046         0.010 / 0.046       ms
[480.326s][info][gc,stats    ]    Subphase: Concurrent Classes Purge                      0.205 / 0.330         0.252 / 0.574         0.252 / 0.574         0.252 / 0.574       ms
[480.326s][info][gc,stats    ]    Subphase: Concurrent Classes Unlink                     4.967 / 9.532         5.867 / 23.760        5.867 / 23.760        5.867 / 23.760      ms
[480.326s][info][gc,stats    ]    Subphase: Concurrent Mark                              60.460 / 124.255      78.229 / 189.582      78.229 / 189.582      78.229 / 189.582     ms
[480.326s][info][gc,stats    ]    Subphase: Concurrent Mark Try Flush                     0.084 / 0.553         0.483 / 30.486        0.483 / 30.486        0.483 / 30.486      ms
[480.326s][info][gc,stats    ]    Subphase: Concurrent Mark Try Terminate                 3.401 / 15.839        2.933 / 24.568        2.933 / 24.568        2.933 / 24.568      ms
[480.326s][info][gc,stats    ]    Subphase: Concurrent References Enqueue                 0.004 / 0.007         0.003 / 0.008         0.003 / 0.008         0.003 / 0.008       ms
[480.326s][info][gc,stats    ]    Subphase: Concurrent References Process                 1.157 / 2.705         1.017 / 3.217         1.017 / 3.217         1.017 / 3.217       ms
[480.326s][info][gc,stats    ]    Subphase: Concurrent Roots ClassLoaderDataGraph         0.080 / 0.174         0.107 / 0.537         0.107 / 0.537         0.107 / 0.537       ms
[480.326s][info][gc,stats    ]    Subphase: Concurrent Roots CodeCache                    0.000 / 0.000         0.000 / 0.000         0.000 / 0.000         0.000 / 0.000       ms
[480.326s][info][gc,stats    ]    Subphase: Concurrent Roots JavaThreads                  0.289 / 0.495         0.359 / 1.258         0.359 / 1.258         0.359 / 1.258       ms
[480.326s][info][gc,stats    ]    Subphase: Concurrent Roots OopStorageSet                0.026 / 0.051         0.030 / 0.124         0.030 / 0.124         0.030 / 0.124       ms
[480.326s][info][gc,stats    ]    Subphase: Concurrent Weak Roots OopStorageSet           0.260 / 0.415         0.299 / 1.123         0.299 / 1.123         0.299 / 1.123       ms
[480.326s][info][gc,stats    ]    Subphase: Pause Mark Try Complete                       0.153 / 0.218         0.145 / 0.301         0.145 / 0.301         0.145 / 0.301       ms
[480.326s][info][gc,stats    ]      System: Java Threads                                     19 / 21               19 / 22               19 / 22               19 / 22          threads
[480.326s][info][gc,stats    ] =========================================================================================================================================================
[480.530s][info][gc,start    ] GC(284) Garbage Collection (Allocation Rate)
[480.530s][info][gc,task     ] GC(284) Using 1 workers
[480.530s][info][gc,phases   ] GC(284) Pause Mark Start 0.007ms
[480.652s][info][gc,phases   ] GC(284) Concurrent Mark 122.061ms
[480.652s][info][gc,phases   ] GC(284) Pause Mark End 0.012ms
[480.652s][info][gc,phases   ] GC(284) Concurrent Mark Free 0.001ms
[480.662s][info][gc,phases   ] GC(284) Concurrent Process Non-Strong References 10.105ms
[480.662s][info][gc,phases   ] GC(284) Concurrent Reset Relocation Set 0.002ms
[480.665s][info][gc,phases   ] GC(284) Concurrent Select Relocation Set 2.989ms
[480.666s][info][gc,phases   ] GC(284) Pause Relocate Start 0.008ms
[480.666s][info][gc,phases   ] GC(284) Concurrent Relocate 0.429ms
[480.666s][info][gc,load     ] GC(284) Load: 0.00/0.00/0.00
[480.666s][info][gc,mmu      ] GC(284) MMU: 2ms/80.5%, 5ms/92.2%, 10ms/96.1%, 20ms/96.3%, 50ms/97.1%, 100ms/97.5%
[480.666s][info][gc,marking  ] GC(284) Mark: 1 stripe(s), 2 proactive flush(es), 1 terminate flush(es), 0 completion(s), 0 continuation(s) 
[480.666s][info][gc,marking  ] GC(284) Mark Stack Usage: 32M
[480.666s][info][gc,nmethod  ] GC(284) NMethods: 4856 registered, 3 unregistered
[480.666s][info][gc,metaspace] GC(284) Metaspace: 33M used, 33M committed, 1088M reserved
[480.666s][info][gc,ref      ] GC(284) Soft: 4016 encountered, 0 discovered, 0 enqueued
[480.666s][info][gc,ref      ] GC(284) Weak: 1732 encountered, 1284 discovered, 0 enqueued
[480.666s][info][gc,ref      ] GC(284) Final: 7 encountered, 7 discovered, 0 enqueued
[480.666s][info][gc,ref      ] GC(284) Phantom: 714 encountered, 665 discovered, 0 enqueued
[480.666s][info][gc,reloc    ] GC(284) Small Pages: 2770 / 5540M, Empty: 5394M, Relocated: 0M, In-Place: 0
[480.666s][info][gc,reloc    ] GC(284) Medium Pages: 1 / 32M, Empty: 0M, Relocated: 0M, In-Place: 0
[480.666s][info][gc,reloc    ] GC(284) Large Pages: 0 / 0M, Empty: 0M, Relocated: 0M, In-Place: 0
[480.666s][info][gc,reloc    ] GC(284) Forwarding Usage: 0M
[480.666s][info][gc,heap     ] GC(284) Min Capacity: 8192M(100%)
[480.666s][info][gc,heap     ] GC(284) Max Capacity: 8192M(100%)
[480.666s][info][gc,heap     ] GC(284) Soft Max Capacity: 8192M(100%)
[480.666s][info][gc,heap     ] GC(284)                Mark Start          Mark End        Relocate Start      Relocate End           High               Low         
[480.666s][info][gc,heap     ] GC(284)  Capacity:     8192M (100%)       8192M (100%)       8192M (100%)       8192M (100%)       8192M (100%)       8192M (100%)   
[480.666s][info][gc,heap     ] GC(284)      Free:     2620M (32%)        2150M (26%)        7496M (92%)        7528M (92%)        7528M (92%)        2116M (26%)    
[480.666s][info][gc,heap     ] GC(284)      Used:     5572M (68%)        6042M (74%)         696M (8%)          664M (8%)         6076M (74%)         664M (8%)     
[480.666s][info][gc,heap     ] GC(284)      Live:         -               126M (2%)          126M (2%)          126M (2%)             -                  -          
[480.666s][info][gc,heap     ] GC(284) Allocated:         -               470M (6%)          518M (6%)          517M (6%)             -                  -          
[480.666s][info][gc,heap     ] GC(284)   Garbage:         -              5445M (66%)          51M (1%)           19M (0%)             -                  -          
[480.666s][info][gc,heap     ] GC(284) Reclaimed:         -                  -              5394M (66%)        5425M (66%)            -                  -          
[480.666s][info][gc          ] GC(284) Garbage Collection (Allocation Rate) 5572M(68%)->664M(8%)
[482.021s][info][gc,start    ] GC(285) Garbage Collection (Allocation Rate)
[482.021s][info][gc,task     ] GC(285) Using 1 workers
[482.021s][info][gc,phases   ] GC(285) Pause Mark Start 0.009ms
[482.158s][info][gc,phases   ] GC(285) Concurrent Mark 136.964ms
[482.159s][info][gc,phases   ] GC(285) Pause Mark End 0.077ms
[482.159s][info][gc,phases   ] GC(285) Concurrent Mark Free 0.001ms
[482.169s][info][gc,phases   ] GC(285) Concurrent Process Non-Strong References 10.427ms
[482.169s][info][gc,phases   ] GC(285) Concurrent Reset Relocation Set 0.004ms
[482.176s][info][gc,phases   ] GC(285) Concurrent Select Relocation Set 6.891ms
[482.176s][info][gc,phases   ] GC(285) Pause Relocate Start 0.015ms
[482.213s][info][gc,phases   ] GC(285) Concurrent Relocate 36.303ms
[482.213s][info][gc,load     ] GC(285) Load: 0.00/0.00/0.00
[482.213s][info][gc,mmu      ] GC(285) MMU: 2ms/80.5%, 5ms/92.2%, 10ms/96.1%, 20ms/96.3%, 50ms/97.1%, 100ms/97.5%
[482.213s][info][gc,marking  ] GC(285) Mark: 1 stripe(s), 10 proactive flush(es), 1 terminate flush(es), 1 completion(s), 0 continuation(s) 
[482.213s][info][gc,marking  ] GC(285) Mark Stack Usage: 32M
[482.213s][info][gc,nmethod  ] GC(285) NMethods: 4856 registered, 3 unregistered
[482.213s][info][gc,metaspace] GC(285) Metaspace: 33M used, 33M committed, 1088M reserved
[482.213s][info][gc,ref      ] GC(285) Soft: 4016 encountered, 0 discovered, 0 enqueued
[482.213s][info][gc,ref      ] GC(285) Weak: 23130 encountered, 19134 discovered, 3342 enqueued
[482.213s][info][gc,ref      ] GC(285) Final: 7 encountered, 7 discovered, 0 enqueued
[482.213s][info][gc,ref      ] GC(285) Phantom: 720 encountered, 671 discovered, 0 enqueued
[482.213s][info][gc,reloc    ] GC(285) Small Pages: 2473 / 4946M, Empty: 4560M, Relocated: 40M, In-Place: 0
[482.213s][info][gc,reloc    ] GC(285) Medium Pages: 5 / 160M, Empty: 96M, Relocated: 16M, In-Place: 0
[482.213s][info][gc,reloc    ] GC(285) Large Pages: 31 / 214M, Empty: 214M, Relocated: 0M, In-Place: 0
[482.213s][info][gc,reloc    ] GC(285) Forwarding Usage: 12M
[482.213s][info][gc,heap     ] GC(285) Min Capacity: 8192M(100%)
[482.213s][info][gc,heap     ] GC(285) Max Capacity: 8192M(100%)
[482.213s][info][gc,heap     ] GC(285) Soft Max Capacity: 8192M(100%)
[482.213s][info][gc,heap     ] GC(285)                Mark Start          Mark End        Relocate Start      Relocate End           High               Low         
[482.213s][info][gc,heap     ] GC(285)  Capacity:     8192M (100%)       8192M (100%)       8192M (100%)       8192M (100%)       8192M (100%)       8192M (100%)   
[482.213s][info][gc,heap     ] GC(285)      Free:     2872M (35%)        2714M (33%)        7568M (92%)        7778M (95%)        7806M (95%)        2698M (33%)    
[482.213s][info][gc,heap     ] GC(285)      Used:     5320M (65%)        5478M (67%)         624M (8%)          414M (5%)         5494M (67%)         386M (5%)     
[482.213s][info][gc,heap     ] GC(285)      Live:         -               158M (2%)          158M (2%)          158M (2%)             -                  -          
[482.213s][info][gc,heap     ] GC(285) Allocated:         -               158M (2%)          174M (2%)          235M (3%)             -                  -          
[482.213s][info][gc,heap     ] GC(285)   Garbage:         -              5161M (63%)         291M (4%)           20M (0%)             -                  -          
[482.213s][info][gc,heap     ] GC(285) Reclaimed:         -                  -              4870M (59%)        5141M (63%)            -                  -          
[482.213s][info][gc          ] GC(285) Garbage Collection (Allocation Rate) 5320M(65%)->414M(5%)
[484.763s][info][gc,start    ] GC(286) Garbage Collection (System.gc())
[484.763s][info][gc,task     ] GC(286) Using 2 workers
[484.763s][info][gc,phases   ] GC(286) Pause Mark Start 0.005ms
[484.820s][info][gc,phases   ] GC(286) Concurrent Mark 56.157ms
[484.820s][info][gc,phases   ] GC(286) Pause Mark End 0.025ms
[484.820s][info][gc,phases   ] GC(286) Concurrent Mark Free 0.001ms
[484.826s][info][gc,phases   ] GC(286) Concurrent Process Non-Strong References 6.255ms
[484.826s][info][gc,phases   ] GC(286) Concurrent Reset Relocation Set 0.014ms
[484.829s][info][gc,phases   ] GC(286) Concurrent Select Relocation Set 2.249ms
[484.829s][info][gc,phases   ] GC(286) Pause Relocate Start 0.010ms
[484.835s][info][gc,phases   ] GC(286) Concurrent Relocate 6.544ms
[484.835s][info][gc,load     ] GC(286) Load: 0.00/0.00/0.00
[484.835s][info][gc,mmu      ] GC(286) MMU: 2ms/80.5%, 5ms/92.2%, 10ms/96.1%, 20ms/96.3%, 50ms/97.1%, 100ms/97.5%
[484.835s][info][gc,marking  ] GC(286) Mark: 2 stripe(s), 1 proactive flush(es), 1 terminate flush(es), 0 completion(s), 0 continuation(s) 
[484.835s][info][gc,marking  ] GC(286) Mark Stack Usage: 32M
[484.836s][info][gc,nmethod  ] GC(286) NMethods: 4856 registered, 3 unregistered
[484.836s][info][gc,metaspace] GC(286) Metaspace: 33M used, 33M committed, 1088M reserved
[484.836s][info][gc,ref      ] GC(286) Soft: 4016 encountered, 0 discovered, 0 enqueued
[484.836s][info][gc,ref      ] GC(286) Weak: 22518 encountered, 20854 discovered, 20804 enqueued
[484.836s][info][gc,ref      ] GC(286) Final: 7 encountered, 5 discovered, 0 enqueued
[484.836s][info][gc,ref      ] GC(286) Phantom: 714 encountered, 616 discovered, 0 enqueued
[484.836s][info][gc,reloc    ] GC(286) Small Pages: 793 / 1586M, Empty: 908M, Relocated: 9M, In-Place: 0
[484.836s][info][gc,reloc    ] GC(286) Medium Pages: 22 / 704M, Empty: 640M, Relocated: 15M, In-Place: 0
[484.836s][info][gc,reloc    ] GC(286) Large Pages: 200 / 1398M, Empty: 1398M, Relocated: 0M, In-Place: 0
[484.836s][info][gc,reloc    ] GC(286) Forwarding Usage: 3M
[484.836s][info][gc,heap     ] GC(286) Min Capacity: 8192M(100%)
[484.836s][info][gc,heap     ] GC(286) Max Capacity: 8192M(100%)
[484.836s][info][gc,heap     ] GC(286) Soft Max Capacity: 8192M(100%)
[484.836s][info][gc,heap     ] GC(286)                Mark Start          Mark End        Relocate Start      Relocate End           High               Low         
[484.836s][info][gc,heap     ] GC(286)  Capacity:     8192M (100%)       8192M (100%)       8192M (100%)       8192M (100%)       8192M (100%)       8192M (100%)   
[484.836s][info][gc,heap     ] GC(286)      Free:     4504M (55%)        4504M (55%)        7450M (91%)        8046M (98%)        8046M (98%)        4504M (55%)    
[484.836s][info][gc,heap     ] GC(286)      Used:     3688M (45%)        3688M (45%)         742M (9%)          146M (2%)         3688M (45%)         146M (2%)     
[484.836s][info][gc,heap     ] GC(286)      Live:         -               125M (2%)          125M (2%)          125M (2%)             -                  -          
[484.836s][info][gc,heap     ] GC(286) Allocated:         -                 0M (0%)            0M (0%)            0M (0%)             -                  -          
[484.836s][info][gc,heap     ] GC(286)   Garbage:         -              3562M (43%)         616M (8%)           20M (0%)             -                  -          
[484.836s][info][gc,heap     ] GC(286) Reclaimed:         -                  -              2946M (36%)        3542M (43%)            -                  -          
[484.836s][info][gc          ] GC(286) Garbage Collection (System.gc()) 3688M(45%)->146M(2%)
[485.526s][info][gc,start    ] GC(287) Garbage Collection (Allocation Rate)
[485.526s][info][gc,task     ] GC(287) Using 2 workers
[485.526s][info][gc,phases   ] GC(287) Pause Mark Start 0.008ms
[485.605s][info][gc,phases   ] GC(287) Concurrent Mark 78.352ms
[485.605s][info][gc,phases   ] GC(287) Pause Mark End 0.013ms
[485.605s][info][gc,phases   ] GC(287) Concurrent Mark Free 0.001ms
[485.612s][info][gc,phases   ] GC(287) Concurrent Process Non-Strong References 6.482ms
[485.612s][info][gc,phases   ] GC(287) Concurrent Reset Relocation Set 0.026ms
[485.615s][info][gc,phases   ] GC(287) Concurrent Select Relocation Set 3.460ms
[485.615s][info][gc,phases   ] GC(287) Pause Relocate Start 0.008ms
[485.616s][info][gc,phases   ] GC(287) Concurrent Relocate 0.617ms
[485.616s][info][gc,load     ] GC(287) Load: 0.00/0.00/0.00
[485.616s][info][gc,mmu      ] GC(287) MMU: 2ms/80.5%, 5ms/92.2%, 10ms/96.1%, 20ms/96.3%, 50ms/97.1%, 100ms/97.5%
[485.616s][info][gc,marking  ] GC(287) Mark: 2 stripe(s), 2 proactive flush(es), 1 terminate flush(es), 0 completion(s), 0 continuation(s) 
[485.616s][info][gc,marking  ] GC(287) Mark Stack Usage: 32M
[485.616s][info][gc,nmethod  ] GC(287) NMethods: 4856 registered, 3 unregistered
[485.616s][info][gc,metaspace] GC(287) Metaspace: 33M used, 33M committed, 1088M reserved
[485.616s][info][gc,ref      ] GC(287) Soft: 4016 encountered, 0 discovered, 0 enqueued
[485.616s][info][gc,ref      ] GC(287) Weak: 1717 encountered, 954 discovered, 0 enqueued
[485.616s][info][gc,ref      ] GC(287) Final: 7 encountered, 7 discovered, 0 enqueued
[485.616s][info][gc,ref      ] GC(287) Phantom: 714 encountered, 651 discovered, 0 enqueued
[485.616s][info][gc,reloc    ] GC(287) Small Pages: 2590 / 5180M, Empty: 5056M, Relocated: 0M, In-Place: 0
[485.616s][info][gc,reloc    ] GC(287) Medium Pages: 1 / 32M, Empty: 0M, Relocated: 0M, In-Place: 0
[485.616s][info][gc,reloc    ] GC(287) Large Pages: 0 / 0M, Empty: 0M, Relocated: 0M, In-Place: 0
[485.616s][info][gc,reloc    ] GC(287) Forwarding Usage: 0M
[485.616s][info][gc,heap     ] GC(287) Min Capacity: 8192M(100%)
[485.616s][info][gc,heap     ] GC(287) Max Capacity: 8192M(100%)
[485.616s][info][gc,heap     ] GC(287) Soft Max Capacity: 8192M(100%)
[485.616s][info][gc,heap     ] GC(287)                Mark Start          Mark End        Relocate Start      Relocate End           High               Low         
[485.616s][info][gc,heap     ] GC(287)  Capacity:     8192M (100%)       8192M (100%)       8192M (100%)       8192M (100%)       8192M (100%)       8192M (100%)   
[485.616s][info][gc,heap     ] GC(287)      Free:     2980M (36%)        2586M (32%)        7584M (93%)        7592M (93%)        7592M (93%)        2550M (31%)    
[485.616s][info][gc,heap     ] GC(287)      Used:     5212M (64%)        5606M (68%)         608M (7%)          600M (7%)         5642M (69%)         600M (7%)     
[485.616s][info][gc,heap     ] GC(287)      Live:         -               125M (2%)          125M (2%)          125M (2%)             -                  -          
[485.616s][info][gc,heap     ] GC(287) Allocated:         -               394M (5%)          452M (6%)          452M (6%)             -                  -          
[485.616s][info][gc,heap     ] GC(287)   Garbage:         -              5086M (62%)          30M (0%)           22M (0%)             -                  -          
[485.616s][info][gc,heap     ] GC(287) Reclaimed:         -                  -              5056M (62%)        5064M (62%)            -                  -          
[485.616s][info][gc          ] GC(287) Garbage Collection (Allocation Rate) 5212M(64%)->600M(7%)
[486.531s][info][gc,start    ] GC(288) Garbage Collection (Allocation Rate)
[486.531s][info][gc,task     ] GC(288) Using 1 workers
[486.531s][info][gc,phases   ] GC(288) Pause Mark Start 0.009ms
[486.659s][info][gc,phases   ] GC(288) Concurrent Mark 127.501ms
[486.659s][info][gc,phases   ] GC(288) Pause Mark End 0.010ms
[486.659s][info][gc,phases   ] GC(288) Concurrent Mark Free 0.000ms
[486.669s][info][gc,phases   ] GC(288) Concurrent Process Non-Strong References 10.089ms
[486.669s][info][gc,phases   ] GC(288) Concurrent Reset Relocation Set 0.002ms
[486.672s][info][gc,phases   ] GC(288) Concurrent Select Relocation Set 3.195ms
[486.672s][info][gc,phases   ] GC(288) Pause Relocate Start 0.011ms
[486.673s][info][gc,phases   ] GC(288) Concurrent Relocate 0.466ms
[486.673s][info][gc,load     ] GC(288) Load: 0.00/0.00/0.00
[486.673s][info][gc,mmu      ] GC(288) MMU: 2ms/80.5%, 5ms/92.2%, 10ms/96.1%, 20ms/96.3%, 50ms/97.1%, 100ms/97.5%
[486.673s][info][gc,marking  ] GC(288) Mark: 1 stripe(s), 2 proactive flush(es), 1 terminate flush(es), 0 completion(s), 0 continuation(s) 
[486.673s][info][gc,marking  ] GC(288) Mark Stack Usage: 32M
[486.673s][info][gc,nmethod  ] GC(288) NMethods: 4856 registered, 3 unregistered
[486.673s][info][gc,metaspace] GC(288) Metaspace: 33M used, 33M committed, 1088M reserved
[486.673s][info][gc,ref      ] GC(288) Soft: 4016 encountered, 0 discovered, 0 enqueued
[486.673s][info][gc,ref      ] GC(288) Weak: 1732 encountered, 1284 discovered, 0 enqueued
[486.673s][info][gc,ref      ] GC(288) Final: 7 encountered, 7 discovered, 0 enqueued
[486.673s][info][gc,ref      ] GC(288) Phantom: 714 encountered, 665 discovered, 0 enqueued
[486.673s][info][gc,reloc    ] GC(288) Small Pages: 2887 / 5774M, Empty: 5634M, Relocated: 0M, In-Place: 0
[486.673s][info][gc,reloc    ] GC(288) Medium Pages: 1 / 32M, Empty: 0M, Relocated: 0M, In-Place: 0
[486.673s][info][gc,reloc    ] GC(288) Large Pages: 0 / 0M, Empty: 0M, Relocated: 0M, In-Place: 0
[486.673s][info][gc,reloc    ] GC(288) Forwarding Usage: 0M
[486.673s][info][gc,heap     ] GC(288) Min Capacity: 8192M(100%)
[486.673s][info][gc,heap     ] GC(288) Max Capacity: 8192M(100%)
[486.673s][info][gc,heap     ] GC(288) Soft Max Capacity: 8192M(100%)
[486.673s][info][gc,heap     ] GC(288)                Mark Start          Mark End        Relocate Start      Relocate End           High               Low         
[486.673s][info][gc,heap     ] GC(288)  Capacity:     8192M (100%)       8192M (100%)       8192M (100%)       8192M (100%)       8192M (100%)       8192M (100%)   
[486.673s][info][gc,heap     ] GC(288)      Free:     2386M (29%)        1826M (22%)        7412M (90%)        7436M (91%)        7436M (91%)        1792M (22%)    
[486.673s][info][gc,heap     ] GC(288)      Used:     5806M (71%)        6366M (78%)         780M (10%)         756M (9%)         6400M (78%)         756M (9%)     
[486.673s][info][gc,heap     ] GC(288)      Live:         -               125M (2%)          125M (2%)          125M (2%)             -                  -          
[486.673s][info][gc,heap     ] GC(288) Allocated:         -               560M (7%)          608M (7%)          609M (7%)             -                  -          
[486.673s][info][gc,heap     ] GC(288)   Garbage:         -              5680M (69%)          46M (1%)           20M (0%)             -                  -          
[486.673s][info][gc,heap     ] GC(288) Reclaimed:         -                  -              5634M (69%)        5659M (69%)            -                  -          
[486.673s][info][gc          ] GC(288) Garbage Collection (Allocation Rate) 5806M(71%)->756M(9%)
[488.221s][info][gc,start    ] GC(289) Garbage Collection (Allocation Rate)
[488.221s][info][gc,task     ] GC(289) Using 1 workers
[488.221s][info][gc,phases   ] GC(289) Pause Mark Start 0.007ms
[488.363s][info][gc,phases   ] GC(289) Concurrent Mark 141.923ms
[488.364s][info][gc,phases   ] GC(289) Pause Mark End 0.056ms
[488.364s][info][gc,phases   ] GC(289) Concurrent Mark Free 0.001ms
[488.374s][info][gc,phases   ] GC(289) Concurrent Process Non-Strong References 10.788ms
[488.375s][info][gc,phases   ] GC(289) Concurrent Reset Relocation Set 0.002ms
[488.381s][info][gc,phases   ] GC(289) Concurrent Select Relocation Set 6.403ms
[488.382s][info][gc,phases   ] GC(289) Pause Relocate Start 0.015ms
[488.419s][info][gc,phases   ] GC(289) Concurrent Relocate 37.247ms
[488.419s][info][gc,load     ] GC(289) Load: 0.00/0.00/0.00
[488.419s][info][gc,mmu      ] GC(289) MMU: 2ms/80.5%, 5ms/92.2%, 10ms/96.1%, 20ms/96.3%, 50ms/97.1%, 100ms/97.5%
[488.419s][info][gc,marking  ] GC(289) Mark: 1 stripe(s), 4 proactive flush(es), 1 terminate flush(es), 1 completion(s), 0 continuation(s) 
[488.419s][info][gc,marking  ] GC(289) Mark Stack Usage: 32M
[488.419s][info][gc,nmethod  ] GC(289) NMethods: 4856 registered, 3 unregistered
[488.419s][info][gc,metaspace] GC(289) Metaspace: 33M used, 33M committed, 1088M reserved
[488.419s][info][gc,ref      ] GC(289) Soft: 4016 encountered, 0 discovered, 0 enqueued
[488.419s][info][gc,ref      ] GC(289) Weak: 23972 encountered, 18775 discovered, 4768 enqueued
[488.419s][info][gc,ref      ] GC(289) Final: 7 encountered, 7 discovered, 0 enqueued
[488.419s][info][gc,ref      ] GC(289) Phantom: 720 encountered, 671 discovered, 0 enqueued
[488.419s][info][gc,reloc    ] GC(289) Small Pages: 2322 / 4644M, Empty: 4134M, Relocated: 40M, In-Place: 0
[488.419s][info][gc,reloc    ] GC(289) Medium Pages: 7 / 224M, Empty: 160M, Relocated: 16M, In-Place: 0
[488.419s][info][gc,reloc    ] GC(289) Large Pages: 57 / 398M, Empty: 384M, Relocated: 0M, In-Place: 0
[488.419s][info][gc,reloc    ] GC(289) Forwarding Usage: 12M
[488.419s][info][gc,heap     ] GC(289) Min Capacity: 8192M(100%)
[488.419s][info][gc,heap     ] GC(289) Max Capacity: 8192M(100%)
[488.419s][info][gc,heap     ] GC(289) Soft Max Capacity: 8192M(100%)
[488.419s][info][gc,heap     ] GC(289)                Mark Start          Mark End        Relocate Start      Relocate End           High               Low         
[488.419s][info][gc,heap     ] GC(289)  Capacity:     8192M (100%)       8192M (100%)       8192M (100%)       8192M (100%)       8192M (100%)       8192M (100%)   
[488.419s][info][gc,heap     ] GC(289)      Free:     2926M (36%)        2782M (34%)        7442M (91%)        7818M (95%)        7818M (95%)        2764M (34%)    
[488.419s][info][gc,heap     ] GC(289)      Used:     5266M (64%)        5410M (66%)         750M (9%)          374M (5%)         5428M (66%)         374M (5%)     
[488.419s][info][gc,heap     ] GC(289)      Live:         -               172M (2%)          172M (2%)          172M (2%)             -                  -          
[488.419s][info][gc,heap     ] GC(289) Allocated:         -               144M (2%)          162M (2%)          181M (2%)             -                  -          
[488.419s][info][gc,heap     ] GC(289)   Garbage:         -              5093M (62%)         415M (5%)           20M (0%)             -                  -          
[488.419s][info][gc,heap     ] GC(289) Reclaimed:         -                  -              4678M (57%)        5073M (62%)            -                  -          
[488.419s][info][gc          ] GC(289) Garbage Collection (Allocation Rate) 5266M(64%)->374M(5%)
[490.321s][info][gc,stats    ] === Garbage Collection Statistics =======================================================================================================================
[490.321s][info][gc,stats    ]                                                              Last 10s              Last 10m              Last 10h                Total
[490.321s][info][gc,stats    ]                                                              Avg / Max             Avg / Max             Avg / Max             Avg / Max
[490.321s][info][gc,stats    ]   Collector: Garbage Collection Cycle                    138.322 / 197.854     124.536 / 379.439     124.536 / 379.439     124.536 / 379.439     ms
[490.321s][info][gc,stats    ]  Contention: Mark Segment Reset Contention                     0 / 1                 0 / 115               0 / 115               0 / 115         ops/s
[490.321s][info][gc,stats    ]  Contention: Mark SeqNum Reset Contention                      0 / 0                 0 / 2                 0 / 2                 0 / 2           ops/s
[490.321s][info][gc,stats    ]    Critical: Allocation Stall                                  0 / 0                 0 / 0                 0 / 0                 0 / 0           ops/s
[490.321s][info][gc,stats    ]    Critical: Allocation Stall                              0.000 / 0.000         0.000 / 0.000         0.000 / 0.000         0.000 / 0.000       ms
[490.321s][info][gc,stats    ]    Critical: GC Locker Stall                                   0 / 0                 0 / 0                 0 / 0                 0 / 0           ops/s
[490.321s][info][gc,stats    ]    Critical: GC Locker Stall                               0.000 / 0.000         0.000 / 0.000         0.000 / 0.000         0.000 / 0.000       ms
[490.321s][info][gc,stats    ]    Critical: Relocation Stall                                  0 / 0                 0 / 0                 0 / 0                 0 / 0           ops/s
[490.321s][info][gc,stats    ]    Critical: Relocation Stall                              0.000 / 0.000         0.000 / 0.000         0.000 / 0.000         0.000 / 0.000       ms
[490.321s][info][gc,stats    ]      Memory: Allocation Rate                                2830 / 5966           2816 / 6636           2816 / 6636           2816 / 6636        MB/s
[490.321s][info][gc,stats    ]      Memory: Out Of Memory                                     0 / 0                 0 / 0                 0 / 0                 0 / 0           ops/s
[490.321s][info][gc,stats    ]      Memory: Page Cache Flush                                  0 / 0                87 / 672              87 / 672              87 / 672         MB/s
[490.321s][info][gc,stats    ]      Memory: Page Cache Hit L1                              1221 / 2985           1205 / 3321           1205 / 3321           1205 / 3321        ops/s
[490.321s][info][gc,stats    ]      Memory: Page Cache Hit L2                                 0 / 0                 0 / 0                 0 / 0                 0 / 0           ops/s
[490.321s][info][gc,stats    ]      Memory: Page Cache Hit L3                                23 / 117              40 / 635              40 / 635              40 / 635         ops/s
[490.321s][info][gc,stats    ]      Memory: Page Cache Miss                                   0 / 0                 9 / 71                9 / 71                9 / 71          ops/s
[490.321s][info][gc,stats    ]      Memory: Uncommit                                          0 / 0                 0 / 0                 0 / 0                 0 / 0           MB/s
[490.321s][info][gc,stats    ]      Memory: Undo Object Allocation Failed                     0 / 0                 0 / 2                 0 / 2                 0 / 2           ops/s
[490.321s][info][gc,stats    ]      Memory: Undo Object Allocation Succeeded                  0 / 1                 0 / 94                0 / 94                0 / 94          ops/s
[490.321s][info][gc,stats    ]      Memory: Undo Page Allocation                              0 / 1                 0 / 8                 0 / 8                 0 / 8           ops/s
[490.321s][info][gc,stats    ]       Phase: Concurrent Mark                             110.493 / 141.923      98.781 / 190.432      98.781 / 190.432      98.781 / 190.432     ms
[490.321s][info][gc,stats    ]       Phase: Concurrent Mark Continue                      0.000 / 0.000        15.376 / 35.578       15.376 / 35.578       15.376 / 35.578      ms
[490.321s][info][gc,stats    ]       Phase: Concurrent Mark Free                          0.001 / 0.001         0.001 / 0.004         0.001 / 0.004         0.001 / 0.004       ms
[490.321s][info][gc,stats    ]       Phase: Concurrent Process Non-Strong References      9.024 / 10.788        8.407 / 31.706        8.407 / 31.706        8.407 / 31.706      ms
[490.321s][info][gc,stats    ]       Phase: Concurrent Relocate                          13.601 / 37.247        9.516 / 76.380        9.516 / 76.380        9.516 / 76.380      ms
[490.321s][info][gc,stats    ]       Phase: Concurrent Reset Relocation Set               0.008 / 0.026         0.010 / 0.049         0.010 / 0.049         0.010 / 0.049       ms
[490.321s][info][gc,stats    ]       Phase: Concurrent Select Relocation Set              4.198 / 6.891         3.587 / 13.402        3.587 / 13.402        3.587 / 13.402      ms
[490.321s][info][gc,stats    ]       Phase: Pause Mark End                                0.032 / 0.077         0.048 / 0.390         0.048 / 0.390         0.048 / 0.390       ms
[490.321s][info][gc,stats    ]       Phase: Pause Mark Start                              0.008 / 0.009         0.008 / 0.022         0.008 / 0.022         0.008 / 0.022       ms
[490.321s][info][gc,stats    ]       Phase: Pause Relocate Start                          0.011 / 0.015         0.010 / 0.046         0.010 / 0.046         0.010 / 0.046       ms
[490.321s][info][gc,stats    ]    Subphase: Concurrent Classes Purge                      0.287 / 0.351         0.253 / 0.574         0.253 / 0.574         0.253 / 0.574       ms
[490.321s][info][gc,stats    ]    Subphase: Concurrent Classes Unlink                     7.101 / 9.018         5.893 / 23.760        5.893 / 23.760        5.893 / 23.760      ms
[490.321s][info][gc,stats    ]    Subphase: Concurrent Mark                              97.409 / 140.856      78.541 / 189.582      78.541 / 189.582      78.541 / 189.582     ms
[490.321s][info][gc,stats    ]    Subphase: Concurrent Mark Try Flush                     0.052 / 0.133         0.473 / 30.486        0.473 / 30.486        0.473 / 30.486      ms
[490.321s][info][gc,stats    ]    Subphase: Concurrent Mark Try Terminate                 1.117 / 10.416        2.905 / 24.568        2.905 / 24.568        2.905 / 24.568      ms
[490.321s][info][gc,stats    ]    Subphase: Concurrent References Enqueue                 0.003 / 0.007         0.003 / 0.008         0.003 / 0.008         0.003 / 0.008       ms
[490.321s][info][gc,stats    ]    Subphase: Concurrent References Process                 1.157 / 2.220         1.020 / 3.217         1.020 / 3.217         1.020 / 3.217       ms
[490.321s][info][gc,stats    ]    Subphase: Concurrent Roots ClassLoaderDataGraph         0.110 / 0.222         0.107 / 0.537         0.107 / 0.537         0.107 / 0.537       ms
[490.321s][info][gc,stats    ]    Subphase: Concurrent Roots CodeCache                    0.000 / 0.000         0.000 / 0.000         0.000 / 0.000         0.000 / 0.000       ms
[490.321s][info][gc,stats    ]    Subphase: Concurrent Roots JavaThreads                  0.369 / 0.664         0.359 / 1.258         0.359 / 1.258         0.359 / 1.258       ms
[490.321s][info][gc,stats    ]    Subphase: Concurrent Roots OopStorageSet                0.027 / 0.046         0.030 / 0.124         0.030 / 0.124         0.030 / 0.124       ms
[490.321s][info][gc,stats    ]    Subphase: Concurrent Weak Roots OopStorageSet           0.296 / 0.377         0.299 / 1.123         0.299 / 1.123         0.299 / 1.123       ms
[490.321s][info][gc,stats    ]    Subphase: Pause Mark Try Complete                       0.007 / 0.012         0.141 / 0.301         0.141 / 0.301         0.141 / 0.301       ms
[490.321s][info][gc,stats    ]      System: Java Threads                                     19 / 21               19 / 22               19 / 22               19 / 22          threads
[490.321s][info][gc,stats    ] =========================================================================================================================================================
[490.732s][info][gc,start    ] GC(290) Garbage Collection (System.gc())
[490.732s][info][gc,task     ] GC(290) Using 2 workers
[490.732s][info][gc,phases   ] GC(290) Pause Mark Start 0.012ms
[490.787s][info][gc,phases   ] GC(290) Concurrent Mark 54.529ms
[490.787s][info][gc,phases   ] GC(290) Pause Mark End 0.022ms
[490.787s][info][gc,phases   ] GC(290) Concurrent Mark Free 0.002ms
[490.793s][info][gc,phases   ] GC(290) Concurrent Process Non-Strong References 5.974ms
[490.793s][info][gc,phases   ] GC(290) Concurrent Reset Relocation Set 0.017ms
[490.795s][info][gc,phases   ] GC(290) Concurrent Select Relocation Set 2.227ms
[490.796s][info][gc,phases   ] GC(290) Pause Relocate Start 0.010ms
[490.801s][info][gc,phases   ] GC(290) Concurrent Relocate 5.667ms
[490.801s][info][gc,load     ] GC(290) Load: 0.00/0.00/0.00
[490.801s][info][gc,mmu      ] GC(290) MMU: 2ms/80.5%, 5ms/92.2%, 10ms/96.1%, 20ms/96.3%, 50ms/97.1%, 100ms/97.5%
[490.801s][info][gc,marking  ] GC(290) Mark: 2 stripe(s), 2 proactive flush(es), 1 terminate flush(es), 0 completion(s), 0 continuation(s) 
[490.801s][info][gc,marking  ] GC(290) Mark Stack Usage: 32M
[490.801s][info][gc,nmethod  ] GC(290) NMethods: 4856 registered, 3 unregistered
[490.801s][info][gc,metaspace] GC(290) Metaspace: 33M used, 33M committed, 1088M reserved
[490.801s][info][gc,ref      ] GC(290) Soft: 4016 encountered, 0 discovered, 0 enqueued
[490.801s][info][gc,ref      ] GC(290) Weak: 25286 encountered, 24620 discovered, 23572 enqueued
[490.801s][info][gc,ref      ] GC(290) Final: 7 encountered, 5 discovered, 0 enqueued
[490.801s][info][gc,ref      ] GC(290) Phantom: 714 encountered, 633 discovered, 0 enqueued
[490.801s][info][gc,reloc    ] GC(290) Small Pages: 755 / 1510M, Empty: 854M, Relocated: 9M, In-Place: 0
[490.802s][info][gc,reloc    ] GC(290) Medium Pages: 19 / 608M, Empty: 576M, Relocated: 0M, In-Place: 0
[490.802s][info][gc,reloc    ] GC(290) Large Pages: 170 / 1182M, Empty: 1182M, Relocated: 0M, In-Place: 0
[490.802s][info][gc,reloc    ] GC(290) Forwarding Usage: 2M
[490.802s][info][gc,heap     ] GC(290) Min Capacity: 8192M(100%)
[490.802s][info][gc,heap     ] GC(290) Max Capacity: 8192M(100%)
[490.802s][info][gc,heap     ] GC(290) Soft Max Capacity: 8192M(100%)
[490.802s][info][gc,heap     ] GC(290)                Mark Start          Mark End        Relocate Start      Relocate End           High               Low         
[490.802s][info][gc,heap     ] GC(290)  Capacity:     8192M (100%)       8192M (100%)       8192M (100%)       8192M (100%)       8192M (100%)       8192M (100%)   
[490.802s][info][gc,heap     ] GC(290)      Free:     4892M (60%)        4892M (60%)        7504M (92%)        8044M (98%)        8044M (98%)        4892M (60%)    
[490.802s][info][gc,heap     ] GC(290)      Used:     3300M (40%)        3300M (40%)         688M (8%)          148M (2%)         3300M (40%)         148M (2%)     
[490.802s][info][gc,heap     ] GC(290)      Live:         -               123M (2%)          123M (2%)          123M (2%)             -                  -          
[490.802s][info][gc,heap     ] GC(290) Allocated:         -                 0M (0%)            0M (0%)            0M (0%)             -                  -          
[490.802s][info][gc,heap     ] GC(290)   Garbage:         -              3176M (39%)         564M (7%)           24M (0%)             -                  -          
[490.802s][info][gc,heap     ] GC(290) Reclaimed:         -                  -              2612M (32%)        3152M (38%)            -                  -          
[490.802s][info][gc          ] GC(290) Garbage Collection (System.gc()) 3300M(40%)->148M(2%)
[491.524s][info][gc,start    ] GC(291) Garbage Collection (Allocation Rate)
[491.524s][info][gc,task     ] GC(291) Using 2 workers
[491.524s][info][gc,phases   ] GC(291) Pause Mark Start 0.008ms
[491.618s][info][gc,phases   ] GC(291) Concurrent Mark 93.854ms
[491.618s][info][gc,phases   ] GC(291) Pause Mark End 0.013ms
[491.618s][info][gc,phases   ] GC(291) Concurrent Mark Free 0.001ms
[491.625s][info][gc,phases   ] GC(291) Concurrent Process Non-Strong References 6.178ms
[491.625s][info][gc,phases   ] GC(291) Concurrent Reset Relocation Set 0.035ms
[491.628s][info][gc,phases   ] GC(291) Concurrent Select Relocation Set 3.308ms
[491.628s][info][gc,phases   ] GC(291) Pause Relocate Start 0.008ms
[491.629s][info][gc,phases   ] GC(291) Concurrent Relocate 0.763ms
[491.629s][info][gc,load     ] GC(291) Load: 0.00/0.00/0.00
[491.629s][info][gc,mmu      ] GC(291) MMU: 2ms/80.5%, 5ms/92.2%, 10ms/96.1%, 20ms/96.3%, 50ms/97.1%, 100ms/97.5%
[491.629s][info][gc,marking  ] GC(291) Mark: 2 stripe(s), 2 proactive flush(es), 1 terminate flush(es), 0 completion(s), 0 continuation(s) 
[491.629s][info][gc,marking  ] GC(291) Mark Stack Usage: 32M
[491.629s][info][gc,nmethod  ] GC(291) NMethods: 4856 registered, 3 unregistered
[491.629s][info][gc,metaspace] GC(291) Metaspace: 33M used, 33M committed, 1088M reserved
[491.629s][info][gc,ref      ] GC(291) Soft: 4016 encountered, 0 discovered, 0 enqueued
[491.629s][info][gc,ref      ] GC(291) Weak: 1732 encountered, 64 discovered, 0 enqueued
[491.629s][info][gc,ref      ] GC(291) Final: 7 encountered, 6 discovered, 0 enqueued
[491.629s][info][gc,ref      ] GC(291) Phantom: 714 encountered, 637 discovered, 0 enqueued
[491.629s][info][gc,reloc    ] GC(291) Small Pages: 2650 / 5300M, Empty: 5154M, Relocated: 1M, In-Place: 0
[491.629s][info][gc,reloc    ] GC(291) Medium Pages: 1 / 32M, Empty: 0M, Relocated: 0M, In-Place: 0
[491.629s][info][gc,reloc    ] GC(291) Large Pages: 0 / 0M, Empty: 0M, Relocated: 0M, In-Place: 0
[491.629s][info][gc,reloc    ] GC(291) Forwarding Usage: 0M
[491.629s][info][gc,heap     ] GC(291) Min Capacity: 8192M(100%)
[491.629s][info][gc,heap     ] GC(291) Max Capacity: 8192M(100%)
[491.629s][info][gc,heap     ] GC(291) Soft Max Capacity: 8192M(100%)
[491.629s][info][gc,heap     ] GC(291)                Mark Start          Mark End        Relocate Start      Relocate End           High               Low         
[491.629s][info][gc,heap     ] GC(291)  Capacity:     8192M (100%)       8192M (100%)       8192M (100%)       8192M (100%)       8192M (100%)       8192M (100%)   
[491.629s][info][gc,heap     ] GC(291)      Free:     2860M (35%)        2348M (29%)        7452M (91%)        7476M (91%)        7478M (91%)        2314M (28%)    
[491.629s][info][gc,heap     ] GC(291)      Used:     5332M (65%)        5844M (71%)         740M (9%)          716M (9%)         5878M (72%)         714M (9%)     
[491.629s][info][gc,heap     ] GC(291)      Live:         -               123M (2%)          123M (2%)          123M (2%)             -                  -          
[491.629s][info][gc,heap     ] GC(291) Allocated:         -               512M (6%)          562M (7%)          567M (7%)             -                  -          
[491.629s][info][gc,heap     ] GC(291)   Garbage:         -              5208M (64%)          54M (1%)           24M (0%)             -                  -          
[491.629s][info][gc,heap     ] GC(291) Reclaimed:         -                  -              5154M (63%)        5183M (63%)            -                  -          
[491.629s][info][gc          ] GC(291) Garbage Collection (Allocation Rate) 5332M(65%)->716M(9%)
[492.434s][info][gc,start    ] GC(292) Garbage Collection (Allocation Rate)
[492.434s][info][gc,task     ] GC(292) Using 1 workers
[492.435s][info][gc,phases   ] GC(292) Pause Mark Start 0.009ms
[492.588s][info][gc,phases   ] GC(292) Concurrent Mark 153.280ms
[492.588s][info][gc,phases   ] GC(292) Pause Mark End 0.010ms
[492.588s][info][gc,phases   ] GC(292) Concurrent Mark Free 0.001ms
[492.601s][info][gc,phases   ] GC(292) Concurrent Process Non-Strong References 12.694ms
[492.601s][info][gc,phases   ] GC(292) Concurrent Reset Relocation Set 0.003ms
[492.605s][info][gc,phases   ] GC(292) Concurrent Select Relocation Set 3.493ms
[492.605s][info][gc,phases   ] GC(292) Pause Relocate Start 0.008ms
[492.606s][info][gc,phases   ] GC(292) Concurrent Relocate 0.984ms
[492.606s][info][gc,load     ] GC(292) Load: 0.00/0.00/0.00
[492.606s][info][gc,mmu      ] GC(292) MMU: 2ms/80.5%, 5ms/92.2%, 10ms/96.1%, 20ms/96.3%, 50ms/97.1%, 100ms/97.5%
[492.606s][info][gc,marking  ] GC(292) Mark: 1 stripe(s), 2 proactive flush(es), 1 terminate flush(es), 0 completion(s), 0 continuation(s) 
[492.606s][info][gc,marking  ] GC(292) Mark Stack Usage: 32M
[492.606s][info][gc,nmethod  ] GC(292) NMethods: 4856 registered, 3 unregistered
[492.606s][info][gc,metaspace] GC(292) Metaspace: 33M used, 33M committed, 1088M reserved
[492.606s][info][gc,ref      ] GC(292) Soft: 4016 encountered, 0 discovered, 0 enqueued
[492.606s][info][gc,ref      ] GC(292) Weak: 1732 encountered, 1284 discovered, 0 enqueued
[492.606s][info][gc,ref      ] GC(292) Final: 7 encountered, 7 discovered, 0 enqueued
[492.606s][info][gc,ref      ] GC(292) Phantom: 714 encountered, 665 discovered, 0 enqueued
[492.606s][info][gc,reloc    ] GC(292) Small Pages: 2616 / 5232M, Empty: 5090M, Relocated: 1M, In-Place: 0
[492.606s][info][gc,reloc    ] GC(292) Medium Pages: 1 / 32M, Empty: 0M, Relocated: 0M, In-Place: 0
[492.606s][info][gc,reloc    ] GC(292) Large Pages: 0 / 0M, Empty: 0M, Relocated: 0M, In-Place: 0
[492.606s][info][gc,reloc    ] GC(292) Forwarding Usage: 0M
[492.606s][info][gc,heap     ] GC(292) Min Capacity: 8192M(100%)
[492.606s][info][gc,heap     ] GC(292) Max Capacity: 8192M(100%)
[492.606s][info][gc,heap     ] GC(292) Soft Max Capacity: 8192M(100%)
[492.606s][info][gc,heap     ] GC(292)                Mark Start          Mark End        Relocate Start      Relocate End           High               Low         
[492.606s][info][gc,heap     ] GC(292)  Capacity:     8192M (100%)       8192M (100%)       8192M (100%)       8192M (100%)       8192M (100%)       8192M (100%)   
[492.606s][info][gc,heap     ] GC(292)      Free:     2928M (36%)        2036M (25%)        7032M (86%)        7056M (86%)        7056M (86%)        1960M (24%)    
[492.606s][info][gc,heap     ] GC(292)      Used:     5264M (64%)        6156M (75%)        1160M (14%)        1136M (14%)        6232M (76%)        1136M (14%)    
[492.606s][info][gc,heap     ] GC(292)      Live:         -               123M (2%)          123M (2%)          123M (2%)             -                  -          
[492.606s][info][gc,heap     ] GC(292) Allocated:         -               892M (11%)         986M (12%)         989M (12%)            -                  -          
[492.606s][info][gc,heap     ] GC(292)   Garbage:         -              5140M (63%)          50M (1%)           22M (0%)             -                  -          
[492.606s][info][gc,heap     ] GC(292) Reclaimed:         -                  -              5090M (62%)        5117M (62%)            -                  -          
[492.606s][info][gc          ] GC(292) Garbage Collection (Allocation Rate) 5264M(64%)->1136M(14%)
[493.721s][info][gc,start    ] GC(293) Garbage Collection (Allocation Rate)
[493.721s][info][gc,task     ] GC(293) Using 1 workers
[493.721s][info][gc,phases   ] GC(293) Pause Mark Start 0.010ms
[493.859s][info][gc,phases   ] GC(293) Concurrent Mark 137.371ms
[493.859s][info][gc,phases   ] GC(293) Pause Mark End 0.016ms
[493.859s][info][gc,phases   ] GC(293) Concurrent Mark Free 0.000ms
[493.869s][info][gc,phases   ] GC(293) Concurrent Process Non-Strong References 10.376ms
[493.869s][info][gc,phases   ] GC(293) Concurrent Reset Relocation Set 0.002ms
[493.874s][info][gc,phases   ] GC(293) Concurrent Select Relocation Set 4.612ms
[493.874s][info][gc,phases   ] GC(293) Pause Relocate Start 0.014ms
[493.909s][info][gc,phases   ] GC(293) Concurrent Relocate 35.030ms
[493.909s][info][gc,load     ] GC(293) Load: 0.00/0.00/0.00
[493.909s][info][gc,mmu      ] GC(293) MMU: 2ms/80.5%, 5ms/92.2%, 10ms/96.1%, 20ms/96.3%, 50ms/97.1%, 100ms/97.5%
[493.909s][info][gc,marking  ] GC(293) Mark: 1 stripe(s), 2 proactive flush(es), 2 terminate flush(es), 0 completion(s), 0 continuation(s) 
[493.909s][info][gc,marking  ] GC(293) Mark Stack Usage: 32M
[493.909s][info][gc,nmethod  ] GC(293) NMethods: 4856 registered, 3 unregistered
[493.909s][info][gc,metaspace] GC(293) Metaspace: 33M used, 33M committed, 1088M reserved
[493.909s][info][gc,ref      ] GC(293) Soft: 4016 encountered, 0 discovered, 0 enqueued
[493.910s][info][gc,ref      ] GC(293) Weak: 21332 encountered, 19557 discovered, 565 enqueued
[493.910s][info][gc,ref      ] GC(293) Final: 7 encountered, 7 discovered, 0 enqueued
[493.910s][info][gc,ref      ] GC(293) Phantom: 720 encountered, 665 discovered, 0 enqueued
[493.910s][info][gc,reloc    ] GC(293) Small Pages: 2419 / 4838M, Empty: 4504M, Relocated: 38M, In-Place: 0
[493.910s][info][gc,reloc    ] GC(293) Medium Pages: 4 / 128M, Empty: 64M, Relocated: 16M, In-Place: 0
[493.910s][info][gc,reloc    ] GC(293) Large Pages: 24 / 166M, Empty: 152M, Relocated: 0M, In-Place: 0
[493.910s][info][gc,reloc    ] GC(293) Forwarding Usage: 11M
[493.910s][info][gc,heap     ] GC(293) Min Capacity: 8192M(100%)
[493.910s][info][gc,heap     ] GC(293) Max Capacity: 8192M(100%)
[493.910s][info][gc,heap     ] GC(293) Soft Max Capacity: 8192M(100%)
[493.910s][info][gc,heap     ] GC(293)                Mark Start          Mark End        Relocate Start      Relocate End           High               Low         
[493.910s][info][gc,heap     ] GC(293)  Capacity:     8192M (100%)       8192M (100%)       8192M (100%)       8192M (100%)       8192M (100%)       8192M (100%)   
[493.910s][info][gc,heap     ] GC(293)      Free:     3060M (37%)        2908M (35%)        7614M (93%)        7778M (95%)        7778M (95%)        2900M (35%)    
[493.910s][info][gc,heap     ] GC(293)      Used:     5132M (63%)        5284M (65%)         578M (7%)          414M (5%)         5292M (65%)         414M (5%)     
[493.910s][info][gc,heap     ] GC(293)      Live:         -               169M (2%)          169M (2%)          169M (2%)             -                  -          
[493.910s][info][gc,heap     ] GC(293) Allocated:         -               152M (2%)          166M (2%)          220M (3%)             -                  -          
[493.910s][info][gc,heap     ] GC(293)   Garbage:         -              4962M (61%)         242M (3%)           23M (0%)             -                  -          
[493.910s][info][gc,heap     ] GC(293) Reclaimed:         -                  -              4720M (58%)        4938M (60%)            -                  -          
[493.910s][info][gc          ] GC(293) Garbage Collection (Allocation Rate) 5132M(63%)->414M(5%)
[497.664s][info][gc,start    ] GC(294) Garbage Collection (System.gc())
[497.664s][info][gc,task     ] GC(294) Using 2 workers
[497.664s][info][gc,phases   ] GC(294) Pause Mark Start 0.008ms
[497.724s][info][gc,phases   ] GC(294) Concurrent Mark 59.700ms
[497.724s][info][gc,phases   ] GC(294) Pause Mark End 0.012ms
[497.724s][info][gc,phases   ] GC(294) Concurrent Mark Free 0.001ms
[497.730s][info][gc,phases   ] GC(294) Concurrent Process Non-Strong References 5.431ms
[497.730s][info][gc,phases   ] GC(294) Concurrent Reset Relocation Set 0.012ms
[497.732s][info][gc,phases   ] GC(294) Concurrent Select Relocation Set 2.419ms
[497.732s][info][gc,phases   ] GC(294) Pause Relocate Start 0.010ms
[497.739s][info][gc,phases   ] GC(294) Concurrent Relocate 6.930ms
[497.739s][info][gc,load     ] GC(294) Load: 0.00/0.00/0.00
[497.739s][info][gc,mmu      ] GC(294) MMU: 2ms/80.5%, 5ms/92.2%, 10ms/96.1%, 20ms/96.3%, 50ms/97.1%, 100ms/97.5%
[497.740s][info][gc,marking  ] GC(294) Mark: 2 stripe(s), 1 proactive flush(es), 1 terminate flush(es), 0 completion(s), 0 continuation(s) 
[497.740s][info][gc,marking  ] GC(294) Mark Stack Usage: 32M
[497.740s][info][gc,nmethod  ] GC(294) NMethods: 4856 registered, 3 unregistered
[497.740s][info][gc,metaspace] GC(294) Metaspace: 33M used, 33M committed, 1088M reserved
[497.740s][info][gc,ref      ] GC(294) Soft: 4016 encountered, 0 discovered, 0 enqueued
[497.740s][info][gc,ref      ] GC(294) Weak: 24171 encountered, 23538 discovered, 22457 enqueued
[497.740s][info][gc,ref      ] GC(294) Final: 7 encountered, 6 discovered, 0 enqueued
[497.740s][info][gc,ref      ] GC(294) Phantom: 714 encountered, 642 discovered, 0 enqueued
[497.740s][info][gc,reloc    ] GC(294) Small Pages: 988 / 1976M, Empty: 1170M, Relocated: 10M, In-Place: 0
[497.740s][info][gc,reloc    ] GC(294) Medium Pages: 31 / 992M, Empty: 896M, Relocated: 14M, In-Place: 0
[497.740s][info][gc,reloc    ] GC(294) Large Pages: 277 / 1922M, Empty: 1922M, Relocated: 0M, In-Place: 0
[497.740s][info][gc,reloc    ] GC(294) Forwarding Usage: 3M
[497.740s][info][gc,heap     ] GC(294) Min Capacity: 8192M(100%)
[497.740s][info][gc,heap     ] GC(294) Max Capacity: 8192M(100%)
[497.740s][info][gc,heap     ] GC(294) Soft Max Capacity: 8192M(100%)
[497.740s][info][gc,heap     ] GC(294)                Mark Start          Mark End        Relocate Start      Relocate End           High               Low         
[497.740s][info][gc,heap     ] GC(294)  Capacity:     8192M (100%)       8192M (100%)       8192M (100%)       8192M (100%)       8192M (100%)       8192M (100%)   
[497.740s][info][gc,heap     ] GC(294)      Free:     3302M (40%)        3302M (40%)        7290M (89%)        8046M (98%)        8046M (98%)        3302M (40%)    
[497.740s][info][gc,heap     ] GC(294)      Used:     4890M (60%)        4890M (60%)         902M (11%)         146M (2%)         4890M (60%)         146M (2%)     
[497.740s][info][gc,heap     ] GC(294)      Live:         -               124M (2%)          124M (2%)          124M (2%)             -                  -          
[497.740s][info][gc,heap     ] GC(294) Allocated:         -                 0M (0%)            0M (0%)            0M (0%)             -                  -          
[497.740s][info][gc,heap     ] GC(294)   Garbage:         -              4765M (58%)         777M (9%)           21M (0%)             -                  -          
[497.740s][info][gc,heap     ] GC(294) Reclaimed:         -                  -              3988M (49%)        4744M (58%)            -                  -          
[497.740s][info][gc          ] GC(294) Garbage Collection (System.gc()) 4890M(60%)->146M(2%)
[498.432s][info][gc,start    ] GC(295) Garbage Collection (Allocation Rate)
[498.432s][info][gc,task     ] GC(295) Using 2 workers
[498.432s][info][gc,phases   ] GC(295) Pause Mark Start 0.008ms
[498.494s][info][gc,phases   ] GC(295) Concurrent Mark 62.685ms
[498.495s][info][gc,phases   ] GC(295) Pause Mark End 0.014ms
[498.495s][info][gc,phases   ] GC(295) Concurrent Mark Free 0.001ms
[498.500s][info][gc,phases   ] GC(295) Concurrent Process Non-Strong References 5.009ms
[498.500s][info][gc,phases   ] GC(295) Concurrent Reset Relocation Set 0.021ms
[498.503s][info][gc,phases   ] GC(295) Concurrent Select Relocation Set 3.310ms
[498.503s][info][gc,phases   ] GC(295) Pause Relocate Start 0.013ms
[498.504s][info][gc,phases   ] GC(295) Concurrent Relocate 0.542ms
[498.504s][info][gc,load     ] GC(295) Load: 0.00/0.00/0.00
[498.504s][info][gc,mmu      ] GC(295) MMU: 2ms/80.5%, 5ms/92.2%, 10ms/96.1%, 20ms/96.3%, 50ms/97.1%, 100ms/97.5%
[498.504s][info][gc,marking  ] GC(295) Mark: 2 stripe(s), 2 proactive flush(es), 1 terminate flush(es), 0 completion(s), 0 continuation(s) 
[498.504s][info][gc,marking  ] GC(295) Mark Stack Usage: 32M
[498.504s][info][gc,nmethod  ] GC(295) NMethods: 4856 registered, 3 unregistered
[498.504s][info][gc,metaspace] GC(295) Metaspace: 33M used, 33M committed, 1088M reserved
[498.504s][info][gc,ref      ] GC(295) Soft: 4016 encountered, 0 discovered, 0 enqueued
[498.504s][info][gc,ref      ] GC(295) Weak: 1717 encountered, 46 discovered, 0 enqueued
[498.504s][info][gc,ref      ] GC(295) Final: 7 encountered, 5 discovered, 0 enqueued
[498.504s][info][gc,ref      ] GC(295) Phantom: 714 encountered, 639 discovered, 0 enqueued
[498.504s][info][gc,reloc    ] GC(295) Small Pages: 2585 / 5170M, Empty: 5044M, Relocated: 1M, In-Place: 0
[498.504s][info][gc,reloc    ] GC(295) Medium Pages: 1 / 32M, Empty: 0M, Relocated: 0M, In-Place: 0
[498.504s][info][gc,reloc    ] GC(295) Large Pages: 0 / 0M, Empty: 0M, Relocated: 0M, In-Place: 0
[498.504s][info][gc,reloc    ] GC(295) Forwarding Usage: 0M
[498.504s][info][gc,heap     ] GC(295) Min Capacity: 8192M(100%)
[498.504s][info][gc,heap     ] GC(295) Max Capacity: 8192M(100%)
[498.504s][info][gc,heap     ] GC(295) Soft Max Capacity: 8192M(100%)
[498.504s][info][gc,heap     ] GC(295)                Mark Start          Mark End        Relocate Start      Relocate End           High               Low         
[498.504s][info][gc,heap     ] GC(295)  Capacity:     8192M (100%)       8192M (100%)       8192M (100%)       8192M (100%)       8192M (100%)       8192M (100%)   
[498.504s][info][gc,heap     ] GC(295)      Free:     2990M (36%)        2776M (34%)        7788M (95%)        7794M (95%)        7796M (95%)        2760M (34%)    
[498.504s][info][gc,heap     ] GC(295)      Used:     5202M (64%)        5416M (66%)         404M (5%)          398M (5%)         5432M (66%)         396M (5%)     
[498.504s][info][gc,heap     ] GC(295)      Live:         -               124M (2%)          124M (2%)          124M (2%)             -                  -          
[498.504s][info][gc,heap     ] GC(295) Allocated:         -               214M (3%)          246M (3%)          250M (3%)             -                  -          
[498.504s][info][gc,heap     ] GC(295)   Garbage:         -              5077M (62%)          33M (0%)           23M (0%)             -                  -          
[498.504s][info][gc,heap     ] GC(295) Reclaimed:         -                  -              5044M (62%)        5054M (62%)            -                  -          
[498.504s][info][gc          ] GC(295) Garbage Collection (Allocation Rate) 5202M(64%)->398M(5%)
[499.531s][info][gc,start    ] GC(296) Garbage Collection (Allocation Rate)
[499.531s][info][gc,task     ] GC(296) Using 1 workers
[499.532s][info][gc,phases   ] GC(296) Pause Mark Start 0.005ms
[499.657s][info][gc,phases   ] GC(296) Concurrent Mark 125.439ms
[499.657s][info][gc,phases   ] GC(296) Pause Mark End 0.010ms
[499.657s][info][gc,phases   ] GC(296) Concurrent Mark Free 0.001ms
[499.668s][info][gc,phases   ] GC(296) Concurrent Process Non-Strong References 10.720ms
[499.668s][info][gc,phases   ] GC(296) Concurrent Reset Relocation Set 0.002ms
[499.672s][info][gc,phases   ] GC(296) Concurrent Select Relocation Set 3.507ms
[499.688s][info][gc,phases   ] GC(296) Pause Relocate Start 0.025ms
[499.689s][info][gc,phases   ] GC(296) Concurrent Relocate 0.787ms
[499.689s][info][gc,load     ] GC(296) Load: 0.00/0.00/0.00
[499.689s][info][gc,mmu      ] GC(296) MMU: 2ms/80.5%, 5ms/92.2%, 10ms/96.1%, 20ms/96.3%, 50ms/97.1%, 100ms/97.5%
[499.689s][info][gc,marking  ] GC(296) Mark: 1 stripe(s), 2 proactive flush(es), 1 terminate flush(es), 0 completion(s), 0 continuation(s) 
[499.689s][info][gc,marking  ] GC(296) Mark Stack Usage: 32M
[499.689s][info][gc,nmethod  ] GC(296) NMethods: 4856 registered, 3 unregistered
[499.689s][info][gc,metaspace] GC(296) Metaspace: 33M used, 33M committed, 1088M reserved
[499.690s][info][gc,ref      ] GC(296) Soft: 4016 encountered, 0 discovered, 0 enqueued
[499.690s][info][gc,ref      ] GC(296) Weak: 1732 encountered, 1284 discovered, 0 enqueued
[499.690s][info][gc,ref      ] GC(296) Final: 7 encountered, 7 discovered, 0 enqueued
[499.690s][info][gc,ref      ] GC(296) Phantom: 714 encountered, 665 discovered, 0 enqueued
[499.690s][info][gc,reloc    ] GC(296) Small Pages: 3017 / 6034M, Empty: 5894M, Relocated: 1M, In-Place: 0
[499.690s][info][gc,reloc    ] GC(296) Medium Pages: 1 / 32M, Empty: 0M, Relocated: 0M, In-Place: 0
[499.690s][info][gc,reloc    ] GC(296) Large Pages: 0 / 0M, Empty: 0M, Relocated: 0M, In-Place: 0
[499.690s][info][gc,reloc    ] GC(296) Forwarding Usage: 0M
[499.690s][info][gc,heap     ] GC(296) Min Capacity: 8192M(100%)
[499.690s][info][gc,heap     ] GC(296) Max Capacity: 8192M(100%)
[499.690s][info][gc,heap     ] GC(296) Soft Max Capacity: 8192M(100%)
[499.690s][info][gc,heap     ] GC(296)                Mark Start          Mark End        Relocate Start      Relocate End           High               Low         
[499.690s][info][gc,heap     ] GC(296)  Capacity:     8192M (100%)       8192M (100%)       8192M (100%)       8192M (100%)       8192M (100%)       8192M (100%)   
[499.690s][info][gc,heap     ] GC(296)      Free:     2126M (26%)        1718M (21%)        7552M (92%)        7576M (92%)        7576M (92%)        1674M (20%)    
[499.690s][info][gc,heap     ] GC(296)      Used:     6066M (74%)        6474M (79%)         640M (8%)          616M (8%)         6518M (80%)         616M (8%)     
[499.690s][info][gc,heap     ] GC(296)      Live:         -               124M (2%)          124M (2%)          124M (2%)             -                  -          
[499.690s][info][gc,heap     ] GC(296) Allocated:         -               408M (5%)          468M (6%)          469M (6%)             -                  -          
[499.690s][info][gc,heap     ] GC(296)   Garbage:         -              5941M (73%)          47M (1%)           21M (0%)             -                  -          
[499.690s][info][gc,heap     ] GC(296) Reclaimed:         -                  -              5894M (72%)        5919M (72%)            -                  -          
[499.690s][info][gc          ] GC(296) Garbage Collection (Allocation Rate) 6066M(74%)->616M(8%)
[500.331s][info][gc,stats    ] === Garbage Collection Statistics =======================================================================================================================
[500.331s][info][gc,stats    ]                                                              Last 10s              Last 10m              Last 10h                Total
[500.331s][info][gc,stats    ]                                                              Avg / Max             Avg / Max             Avg / Max             Avg / Max
[500.331s][info][gc,stats    ]   Collector: Garbage Collection Cycle                    119.984 / 188.312     124.429 / 379.439     124.429 / 379.439     124.429 / 379.439     ms
[500.331s][info][gc,stats    ]  Contention: Mark Segment Reset Contention                     0 / 1                 0 / 115               0 / 115               0 / 115         ops/s
[500.331s][info][gc,stats    ]  Contention: Mark SeqNum Reset Contention                      0 / 0                 0 / 2                 0 / 2                 0 / 2           ops/s
[500.331s][info][gc,stats    ]    Critical: Allocation Stall                                  0 / 0                 0 / 0                 0 / 0                 0 / 0           ops/s
[500.331s][info][gc,stats    ]    Critical: Allocation Stall                              0.000 / 0.000         0.000 / 0.000         0.000 / 0.000         0.000 / 0.000       ms
[500.331s][info][gc,stats    ]    Critical: GC Locker Stall                                   0 / 0                 0 / 0                 0 / 0                 0 / 0           ops/s
[500.331s][info][gc,stats    ]    Critical: GC Locker Stall                               0.000 / 0.000         0.000 / 0.000         0.000 / 0.000         0.000 / 0.000       ms
[500.331s][info][gc,stats    ]    Critical: Relocation Stall                                  0 / 0                 0 / 0                 0 / 0                 0 / 0           ops/s
[500.331s][info][gc,stats    ]    Critical: Relocation Stall                              0.000 / 0.000         0.000 / 0.000         0.000 / 0.000         0.000 / 0.000       ms
[500.331s][info][gc,stats    ]      Memory: Allocation Rate                                3532 / 5872           2831 / 6636           2831 / 6636           2831 / 6636        MB/s
[500.331s][info][gc,stats    ]      Memory: Out Of Memory                                     0 / 0                 0 / 0                 0 / 0                 0 / 0           ops/s
[500.331s][info][gc,stats    ]      Memory: Page Cache Flush                                110 / 594              87 / 672              87 / 672              87 / 672         MB/s
[500.331s][info][gc,stats    ]      Memory: Page Cache Hit L1                              1579 / 2938           1212 / 3321           1212 / 3321           1212 / 3321        ops/s
[500.331s][info][gc,stats    ]      Memory: Page Cache Hit L2                                 0 / 0                 0 / 0                 0 / 0                 0 / 0           ops/s
[500.331s][info][gc,stats    ]      Memory: Page Cache Hit L3                                44 / 390              40 / 635              40 / 635              40 / 635         ops/s
[500.331s][info][gc,stats    ]      Memory: Page Cache Miss                                  11 / 64                9 / 71                9 / 71                9 / 71          ops/s
[500.331s][info][gc,stats    ]      Memory: Uncommit                                          0 / 0                 0 / 0                 0 / 0                 0 / 0           MB/s
[500.331s][info][gc,stats    ]      Memory: Undo Object Allocation Failed                     0 / 1                 0 / 2                 0 / 2                 0 / 2           ops/s
[500.331s][info][gc,stats    ]      Memory: Undo Object Allocation Succeeded                  0 / 2                 0 / 94                0 / 94                0 / 94          ops/s
[500.331s][info][gc,stats    ]      Memory: Undo Page Allocation                              0 / 1                 0 / 8                 0 / 8                 0 / 8           ops/s
[500.331s][info][gc,stats    ]       Phase: Concurrent Mark                              98.123 / 153.280      98.765 / 190.432      98.765 / 190.432      98.765 / 190.432     ms
[500.331s][info][gc,stats    ]       Phase: Concurrent Mark Continue                      0.000 / 0.000        15.376 / 35.578       15.376 / 35.578       15.376 / 35.578      ms
[500.331s][info][gc,stats    ]       Phase: Concurrent Mark Free                          0.001 / 0.002         0.001 / 0.004         0.001 / 0.004         0.001 / 0.004       ms
[500.331s][info][gc,stats    ]       Phase: Concurrent Process Non-Strong References      8.055 / 12.694        8.399 / 31.706        8.399 / 31.706        8.399 / 31.706      ms
[500.331s][info][gc,stats    ]       Phase: Concurrent Relocate                           7.243 / 35.030        9.462 / 76.380        9.462 / 76.380        9.462 / 76.380      ms
[500.331s][info][gc,stats    ]       Phase: Concurrent Reset Relocation Set               0.013 / 0.035         0.010 / 0.049         0.010 / 0.049         0.010 / 0.049       ms
[500.331s][info][gc,stats    ]       Phase: Concurrent Select Relocation Set              3.268 / 4.612         3.580 / 13.402        3.580 / 13.402        3.580 / 13.402      ms
[500.331s][info][gc,stats    ]       Phase: Pause Mark End                                0.014 / 0.022         0.047 / 0.390         0.047 / 0.390         0.047 / 0.390       ms
[500.331s][info][gc,stats    ]       Phase: Pause Mark Start                              0.008 / 0.012         0.008 / 0.022         0.008 / 0.022         0.008 / 0.022       ms
[500.331s][info][gc,stats    ]       Phase: Pause Relocate Start                          0.013 / 0.025         0.011 / 0.046         0.011 / 0.046         0.011 / 0.046       ms
[500.331s][info][gc,stats    ]    Subphase: Concurrent Classes Purge                      0.254 / 0.440         0.253 / 0.574         0.253 / 0.574         0.253 / 0.574       ms
[500.331s][info][gc,stats    ]    Subphase: Concurrent Classes Unlink                     6.421 / 11.310        5.905 / 23.760        5.905 / 23.760        5.905 / 23.760      ms
[500.331s][info][gc,stats    ]    Subphase: Concurrent Mark                              84.380 / 152.468      78.668 / 189.582      78.668 / 189.582      78.668 / 189.582     ms
[500.331s][info][gc,stats    ]    Subphase: Concurrent Mark Try Flush                     0.462 / 7.811         0.473 / 30.486        0.473 / 30.486        0.473 / 30.486      ms
[500.331s][info][gc,stats    ]    Subphase: Concurrent Mark Try Terminate                 1.365 / 16.188        2.871 / 24.568        2.871 / 24.568        2.871 / 24.568      ms
[500.331s][info][gc,stats    ]    Subphase: Concurrent References Enqueue                 0.003 / 0.007         0.003 / 0.008         0.003 / 0.008         0.003 / 0.008       ms
[500.331s][info][gc,stats    ]    Subphase: Concurrent References Process                 0.868 / 2.024         1.016 / 3.217         1.016 / 3.217         1.016 / 3.217       ms
[500.331s][info][gc,stats    ]    Subphase: Concurrent Roots ClassLoaderDataGraph         0.087 / 0.170         0.107 / 0.537         0.107 / 0.537         0.107 / 0.537       ms
[500.331s][info][gc,stats    ]    Subphase: Concurrent Roots CodeCache                    0.000 / 0.000         0.000 / 0.000         0.000 / 0.000         0.000 / 0.000       ms
[500.331s][info][gc,stats    ]    Subphase: Concurrent Roots JavaThreads                  0.322 / 0.638         0.358 / 1.258         0.358 / 1.258         0.358 / 1.258       ms
[500.331s][info][gc,stats    ]    Subphase: Concurrent Roots OopStorageSet                0.029 / 0.053         0.030 / 0.124         0.030 / 0.124         0.030 / 0.124       ms
[500.331s][info][gc,stats    ]    Subphase: Concurrent Weak Roots OopStorageSet           0.298 / 0.694         0.299 / 1.123         0.299 / 1.123         0.299 / 1.123       ms
[500.331s][info][gc,stats    ]    Subphase: Pause Mark Try Complete                       0.000 / 0.000         0.141 / 0.301         0.141 / 0.301         0.141 / 0.301       ms
[500.331s][info][gc,stats    ]      System: Java Threads                                     19 / 21               19 / 22               19 / 22               19 / 22          threads
[500.331s][info][gc,stats    ] =========================================================================================================================================================
[503.622s][info][gc,start    ] GC(297) Garbage Collection (Allocation Rate)
[503.622s][info][gc,task     ] GC(297) Using 1 workers
[503.622s][info][gc,phases   ] GC(297) Pause Mark Start 0.008ms
[503.836s][info][gc,phases   ] GC(297) Concurrent Mark 213.312ms
[503.836s][info][gc,phases   ] GC(297) Pause Mark End 0.013ms
[503.836s][info][gc,phases   ] GC(297) Concurrent Mark Free 0.001ms
[503.849s][info][gc,phases   ] GC(297) Concurrent Process Non-Strong References 12.713ms
[503.849s][info][gc,phases   ] GC(297) Concurrent Reset Relocation Set 0.002ms
[503.855s][info][gc,phases   ] GC(297) Concurrent Select Relocation Set 5.908ms
[503.855s][info][gc,phases   ] GC(297) Pause Relocate Start 0.012ms
[503.905s][info][gc,phases   ] GC(297) Concurrent Relocate 50.020ms
[503.905s][info][gc,load     ] GC(297) Load: 0.00/0.00/0.00
[503.905s][info][gc,mmu      ] GC(297) MMU: 2ms/80.5%, 5ms/92.2%, 10ms/96.1%, 20ms/96.3%, 50ms/97.1%, 100ms/97.5%
[503.905s][info][gc,marking  ] GC(297) Mark: 1 stripe(s), 3 proactive flush(es), 1 terminate flush(es), 0 completion(s), 0 continuation(s) 
[503.905s][info][gc,marking  ] GC(297) Mark Stack Usage: 32M
[503.905s][info][gc,nmethod  ] GC(297) NMethods: 4856 registered, 3 unregistered
[503.905s][info][gc,metaspace] GC(297) Metaspace: 33M used, 33M committed, 1088M reserved
[503.905s][info][gc,ref      ] GC(297) Soft: 4016 encountered, 0 discovered, 0 enqueued
[503.905s][info][gc,ref      ] GC(297) Weak: 22679 encountered, 21056 discovered, 4230 enqueued
[503.905s][info][gc,ref      ] GC(297) Final: 7 encountered, 7 discovered, 0 enqueued
[503.905s][info][gc,ref      ] GC(297) Phantom: 718 encountered, 669 discovered, 0 enqueued
[503.905s][info][gc,reloc    ] GC(297) Small Pages: 2789 / 5578M, Empty: 4730M, Relocated: 45M, In-Place: 0
[503.905s][info][gc,reloc    ] GC(297) Medium Pages: 23 / 736M, Empty: 672M, Relocated: 16M, In-Place: 0
[503.905s][info][gc,reloc    ] GC(297) Large Pages: 213 / 1484M, Empty: 1478M, Relocated: 0M, In-Place: 0
[503.905s][info][gc,reloc    ] GC(297) Forwarding Usage: 13M
[503.905s][info][gc,heap     ] GC(297) Min Capacity: 8192M(100%)
[503.905s][info][gc,heap     ] GC(297) Max Capacity: 8192M(100%)
[503.905s][info][gc,heap     ] GC(297) Soft Max Capacity: 8192M(100%)
[503.905s][info][gc,heap     ] GC(297)                Mark Start          Mark End        Relocate Start      Relocate End           High               Low         
[503.905s][info][gc,heap     ] GC(297)  Capacity:     8192M (100%)       8192M (100%)       8192M (100%)       8192M (100%)       8192M (100%)       8192M (100%)   
[503.905s][info][gc,heap     ] GC(297)      Free:      394M (5%)          226M (3%)         7092M (87%)        7744M (95%)        7774M (95%)         216M (3%)     
[503.905s][info][gc,heap     ] GC(297)      Used:     7798M (95%)        7966M (97%)        1100M (13%)         448M (5%)         7976M (97%)         418M (5%)     
[503.905s][info][gc,heap     ] GC(297)      Live:         -               168M (2%)          168M (2%)          168M (2%)             -                  -          
[503.905s][info][gc,heap     ] GC(297) Allocated:         -               168M (2%)          182M (2%)          258M (3%)             -                  -          
[503.905s][info][gc,heap     ] GC(297)   Garbage:         -              7629M (93%)         749M (9%)           21M (0%)             -                  -          
[503.905s][info][gc,heap     ] GC(297) Reclaimed:         -                  -              6880M (84%)        7608M (93%)            -                  -          
[503.905s][info][gc          ] GC(297) Garbage Collection (Allocation Rate) 7798M(95%)->448M(5%)
[503.934s][info][gc,start    ] GC(298) Garbage Collection (System.gc())
[503.934s][info][gc,task     ] GC(298) Using 2 workers
[503.935s][info][gc,phases   ] GC(298) Pause Mark Start 0.008ms
[503.997s][info][gc,phases   ] GC(298) Concurrent Mark 62.610ms
[503.997s][info][gc,phases   ] GC(298) Pause Mark End 0.024ms
[503.997s][info][gc,phases   ] GC(298) Concurrent Mark Free 0.002ms
[504.003s][info][gc,phases   ] GC(298) Concurrent Process Non-Strong References 5.959ms
[504.004s][info][gc,phases   ] GC(298) Concurrent Reset Relocation Set 0.021ms
[504.006s][info][gc,phases   ] GC(298) Concurrent Select Relocation Set 2.166ms
[504.006s][info][gc,phases   ] GC(298) Pause Relocate Start 0.010ms
[504.014s][info][gc,phases   ] GC(298) Concurrent Relocate 7.646ms
[504.014s][info][gc,load     ] GC(298) Load: 0.00/0.00/0.00
[504.014s][info][gc,mmu      ] GC(298) MMU: 2ms/80.5%, 5ms/92.2%, 10ms/96.1%, 20ms/96.3%, 50ms/97.1%, 100ms/97.5%
[504.014s][info][gc,marking  ] GC(298) Mark: 2 stripe(s), 1 proactive flush(es), 1 terminate flush(es), 0 completion(s), 0 continuation(s) 
[504.014s][info][gc,marking  ] GC(298) Mark Stack Usage: 32M
[504.014s][info][gc,nmethod  ] GC(298) NMethods: 4856 registered, 3 unregistered
[504.014s][info][gc,metaspace] GC(298) Metaspace: 33M used, 33M committed, 1088M reserved
[504.014s][info][gc,ref      ] GC(298) Soft: 4016 encountered, 0 discovered, 0 enqueued
[504.014s][info][gc,ref      ] GC(298) Weak: 22869 encountered, 21194 discovered, 21155 enqueued
[504.014s][info][gc,ref      ] GC(298) Final: 7 encountered, 7 discovered, 0 enqueued
[504.014s][info][gc,ref      ] GC(298) Phantom: 714 encountered, 654 discovered, 0 enqueued
[504.014s][info][gc,reloc    ] GC(298) Small Pages: 136 / 272M, Empty: 2M, Relocated: 9M, In-Place: 0
[504.014s][info][gc,reloc    ] GC(298) Medium Pages: 3 / 96M, Empty: 32M, Relocated: 14M, In-Place: 0
[504.014s][info][gc,reloc    ] GC(298) Large Pages: 15 / 104M, Empty: 104M, Relocated: 0M, In-Place: 0
[504.014s][info][gc,reloc    ] GC(298) Forwarding Usage: 2M
[504.014s][info][gc,heap     ] GC(298) Min Capacity: 8192M(100%)
[504.014s][info][gc,heap     ] GC(298) Max Capacity: 8192M(100%)
[504.014s][info][gc,heap     ] GC(298) Soft Max Capacity: 8192M(100%)
[504.014s][info][gc,heap     ] GC(298)                Mark Start          Mark End        Relocate Start      Relocate End           High               Low         
[504.014s][info][gc,heap     ] GC(298)  Capacity:     8192M (100%)       8192M (100%)       8192M (100%)       8192M (100%)       8192M (100%)       8192M (100%)   
[504.014s][info][gc,heap     ] GC(298)      Free:     7720M (94%)        7720M (94%)        7858M (96%)        8046M (98%)        8046M (98%)        7720M (94%)    
[504.014s][info][gc,heap     ] GC(298)      Used:      472M (6%)          472M (6%)          334M (4%)          146M (2%)          472M (6%)          146M (2%)     
[504.014s][info][gc,heap     ] GC(298)      Live:         -               124M (2%)          124M (2%)          124M (2%)             -                  -          
[504.014s][info][gc,heap     ] GC(298) Allocated:         -                 0M (0%)            0M (0%)            0M (0%)             -                  -          
[504.014s][info][gc,heap     ] GC(298)   Garbage:         -               347M (4%)          209M (3%)           21M (0%)             -                  -          
[504.014s][info][gc,heap     ] GC(298) Reclaimed:         -                  -               138M (2%)          326M (4%)             -                  -          
[504.014s][info][gc          ] GC(298) Garbage Collection (System.gc()) 472M(6%)->146M(2%)
[504.625s][info][gc,start    ] GC(299) Garbage Collection (Allocation Rate)
[504.625s][info][gc,task     ] GC(299) Using 2 workers
[504.626s][info][gc,phases   ] GC(299) Pause Mark Start 0.011ms
[504.719s][info][gc,phases   ] GC(299) Concurrent Mark 78.508ms
[504.720s][info][gc,phases   ] GC(299) Pause Mark End 0.014ms
[504.720s][info][gc,phases   ] GC(299) Concurrent Mark Free 0.001ms
[504.725s][info][gc,phases   ] GC(299) Concurrent Process Non-Strong References 4.895ms
[504.725s][info][gc,phases   ] GC(299) Concurrent Reset Relocation Set 0.008ms
[504.727s][info][gc,phases   ] GC(299) Concurrent Select Relocation Set 2.606ms
[504.727s][info][gc,phases   ] GC(299) Pause Relocate Start 0.014ms
[504.728s][info][gc,phases   ] GC(299) Concurrent Relocate 0.169ms
[504.728s][info][gc,load     ] GC(299) Load: 0.00/0.00/0.00
[504.728s][info][gc,mmu      ] GC(299) MMU: 2ms/80.5%, 5ms/92.2%, 10ms/96.1%, 20ms/96.3%, 50ms/97.1%, 100ms/97.5%
[504.728s][info][gc,marking  ] GC(299) Mark: 2 stripe(s), 2 proactive flush(es), 1 terminate flush(es), 0 completion(s), 0 continuation(s) 
[504.728s][info][gc,marking  ] GC(299) Mark Stack Usage: 32M
[504.728s][info][gc,nmethod  ] GC(299) NMethods: 4856 registered, 3 unregistered
[504.728s][info][gc,metaspace] GC(299) Metaspace: 33M used, 33M committed, 1088M reserved
[504.728s][info][gc,ref      ] GC(299) Soft: 4016 encountered, 0 discovered, 0 enqueued
[504.728s][info][gc,ref      ] GC(299) Weak: 1732 encountered, 34 discovered, 0 enqueued
[504.728s][info][gc,ref      ] GC(299) Final: 7 encountered, 5 discovered, 0 enqueued
[504.728s][info][gc,ref      ] GC(299) Phantom: 714 encountered, 646 discovered, 0 enqueued
[504.728s][info][gc,reloc    ] GC(299) Small Pages: 2297 / 4594M, Empty: 4458M, Relocated: 0M, In-Place: 0
[504.728s][info][gc,reloc    ] GC(299) Medium Pages: 1 / 32M, Empty: 0M, Relocated: 0M, In-Place: 0
[504.728s][info][gc,reloc    ] GC(299) Large Pages: 0 / 0M, Empty: 0M, Relocated: 0M, In-Place: 0
[504.728s][info][gc,reloc    ] GC(299) Forwarding Usage: 0M
[504.728s][info][gc,heap     ] GC(299) Min Capacity: 8192M(100%)
[504.728s][info][gc,heap     ] GC(299) Max Capacity: 8192M(100%)
[504.728s][info][gc,heap     ] GC(299) Soft Max Capacity: 8192M(100%)
[504.728s][info][gc,heap     ] GC(299)                Mark Start          Mark End        Relocate Start      Relocate End           High               Low         
[504.728s][info][gc,heap     ] GC(299)  Capacity:     8192M (100%)       8192M (100%)       8192M (100%)       8192M (100%)       8192M (100%)       8192M (100%)   
[504.728s][info][gc,heap     ] GC(299)      Free:     3566M (44%)        3050M (37%)        7478M (91%)        7498M (92%)        7498M (92%)        3032M (37%)    
[504.728s][info][gc,heap     ] GC(299)      Used:     4626M (56%)        5142M (63%)         714M (9%)          694M (8%)         5160M (63%)         694M (8%)     
[504.728s][info][gc,heap     ] GC(299)      Live:         -               124M (2%)          124M (2%)          124M (2%)             -                  -          
[504.728s][info][gc,heap     ] GC(299) Allocated:         -               516M (6%)          546M (7%)          545M (7%)             -                  -          
[504.728s][info][gc,heap     ] GC(299)   Garbage:         -              4501M (55%)          43M (1%)           23M (0%)             -                  -          
[504.728s][info][gc,heap     ] GC(299) Reclaimed:         -                  -              4458M (54%)        4477M (55%)            -                  -          
[504.728s][info][gc          ] GC(299) Garbage Collection (Allocation Rate) 4626M(56%)->694M(8%)
[505.425s][info][gc,start    ] GC(300) Garbage Collection (Allocation Rate)
[505.426s][info][gc,task     ] GC(300) Using 1 workers
[505.426s][info][gc,phases   ] GC(300) Pause Mark Start 0.008ms
[505.561s][info][gc,phases   ] GC(300) Concurrent Mark 134.906ms
[505.561s][info][gc,phases   ] GC(300) Pause Mark End 0.011ms
[505.561s][info][gc,phases   ] GC(300) Concurrent Mark Free 0.000ms
[505.572s][info][gc,phases   ] GC(300) Concurrent Process Non-Strong References 11.313ms
[505.572s][info][gc,phases   ] GC(300) Concurrent Reset Relocation Set 0.002ms
[505.575s][info][gc,phases   ] GC(300) Concurrent Select Relocation Set 3.148ms
[505.576s][info][gc,phases   ] GC(300) Pause Relocate Start 0.007ms
[505.576s][info][gc,phases   ] GC(300) Concurrent Relocate 0.235ms
[505.576s][info][gc,load     ] GC(300) Load: 0.00/0.00/0.00
[505.576s][info][gc,mmu      ] GC(300) MMU: 2ms/80.5%, 5ms/92.2%, 10ms/96.1%, 20ms/96.3%, 50ms/97.1%, 100ms/97.5%
[505.576s][info][gc,marking  ] GC(300) Mark: 1 stripe(s), 2 proactive flush(es), 1 terminate flush(es), 0 completion(s), 0 continuation(s) 
[505.576s][info][gc,marking  ] GC(300) Mark Stack Usage: 32M
[505.576s][info][gc,nmethod  ] GC(300) NMethods: 4856 registered, 3 unregistered
[505.576s][info][gc,metaspace] GC(300) Metaspace: 33M used, 33M committed, 1088M reserved
[505.576s][info][gc,ref      ] GC(300) Soft: 4016 encountered, 0 discovered, 0 enqueued
[505.576s][info][gc,ref      ] GC(300) Weak: 1732 encountered, 1284 discovered, 0 enqueued
[505.576s][info][gc,ref      ] GC(300) Final: 7 encountered, 7 discovered, 0 enqueued
[505.576s][info][gc,ref      ] GC(300) Phantom: 714 encountered, 665 discovered, 0 enqueued
[505.576s][info][gc,reloc    ] GC(300) Small Pages: 2265 / 4530M, Empty: 4384M, Relocated: 0M, In-Place: 0
[505.576s][info][gc,reloc    ] GC(300) Medium Pages: 1 / 32M, Empty: 0M, Relocated: 0M, In-Place: 0
[505.576s][info][gc,reloc    ] GC(300) Large Pages: 0 / 0M, Empty: 0M, Relocated: 0M, In-Place: 0
[505.576s][info][gc,reloc    ] GC(300) Forwarding Usage: 0M
[505.576s][info][gc,heap     ] GC(300) Min Capacity: 8192M(100%)
[505.576s][info][gc,heap     ] GC(300) Max Capacity: 8192M(100%)
[505.576s][info][gc,heap     ] GC(300) Soft Max Capacity: 8192M(100%)
[505.576s][info][gc,heap     ] GC(300)                Mark Start          Mark End        Relocate Start      Relocate End           High               Low         
[505.576s][info][gc,heap     ] GC(300)  Capacity:     8192M (100%)       8192M (100%)       8192M (100%)       8192M (100%)       8192M (100%)       8192M (100%)   
[505.576s][info][gc,heap     ] GC(300)      Free:     3630M (44%)        2994M (37%)        7310M (89%)        7342M (90%)        7342M (90%)        2944M (36%)    
[505.576s][info][gc,heap     ] GC(300)      Used:     4562M (56%)        5198M (63%)         882M (11%)         850M (10%)        5248M (64%)         850M (10%)    
[505.576s][info][gc,heap     ] GC(300)      Live:         -               124M (2%)          124M (2%)          124M (2%)             -                  -          
[505.576s][info][gc,heap     ] GC(300) Allocated:         -               636M (8%)          704M (9%)          703M (9%)             -                  -          
[505.576s][info][gc,heap     ] GC(300)   Garbage:         -              4437M (54%)          53M (1%)           21M (0%)             -                  -          
[505.576s][info][gc,heap     ] GC(300) Reclaimed:         -                  -              4384M (54%)        4415M (54%)            -                  -          
[505.576s][info][gc          ] GC(300) Garbage Collection (Allocation Rate) 4562M(56%)->850M(10%)
[506.622s][info][gc,start    ] GC(301) Garbage Collection (Allocation Rate)
[506.622s][info][gc,task     ] GC(301) Using 1 workers
[506.622s][info][gc,phases   ] GC(301) Pause Mark Start 0.005ms
[506.718s][info][gc,phases   ] GC(301) Concurrent Mark 96.224ms
[506.718s][info][gc,phases   ] GC(301) Pause Mark End 0.010ms
[506.718s][info][gc,phases   ] GC(301) Concurrent Mark Free 0.001ms
[506.728s][info][gc,phases   ] GC(301) Concurrent Process Non-Strong References 9.357ms
[506.728s][info][gc,phases   ] GC(301) Concurrent Reset Relocation Set 0.002ms
[506.730s][info][gc,phases   ] GC(301) Concurrent Select Relocation Set 2.463ms
[506.730s][info][gc,phases   ] GC(301) Pause Relocate Start 0.007ms
[506.731s][info][gc,phases   ] GC(301) Concurrent Relocate 0.367ms
[506.731s][info][gc,load     ] GC(301) Load: 0.00/0.00/0.00
[506.731s][info][gc,mmu      ] GC(301) MMU: 2ms/80.5%, 5ms/92.2%, 10ms/96.1%, 20ms/96.3%, 50ms/97.1%, 100ms/97.5%
[506.731s][info][gc,marking  ] GC(301) Mark: 1 stripe(s), 2 proactive flush(es), 1 terminate flush(es), 0 completion(s), 0 continuation(s) 
[506.731s][info][gc,marking  ] GC(301) Mark Stack Usage: 32M
[506.731s][info][gc,nmethod  ] GC(301) NMethods: 4856 registered, 3 unregistered
[506.731s][info][gc,metaspace] GC(301) Metaspace: 33M used, 33M committed, 1088M reserved
[506.731s][info][gc,ref      ] GC(301) Soft: 4016 encountered, 0 discovered, 0 enqueued
[506.731s][info][gc,ref      ] GC(301) Weak: 1744 encountered, 1296 discovered, 12 enqueued
[506.731s][info][gc,ref      ] GC(301) Final: 7 encountered, 7 discovered, 0 enqueued
[506.731s][info][gc,ref      ] GC(301) Phantom: 714 encountered, 665 discovered, 0 enqueued
[506.731s][info][gc,reloc    ] GC(301) Small Pages: 3035 / 6070M, Empty: 5904M, Relocated: 0M, In-Place: 0
[506.731s][info][gc,reloc    ] GC(301) Medium Pages: 1 / 32M, Empty: 0M, Relocated: 0M, In-Place: 0
[506.731s][info][gc,reloc    ] GC(301) Large Pages: 0 / 0M, Empty: 0M, Relocated: 0M, In-Place: 0
[506.731s][info][gc,reloc    ] GC(301) Forwarding Usage: 0M
[506.731s][info][gc,heap     ] GC(301) Min Capacity: 8192M(100%)
[506.731s][info][gc,heap     ] GC(301) Max Capacity: 8192M(100%)
[506.731s][info][gc,heap     ] GC(301) Soft Max Capacity: 8192M(100%)
[506.731s][info][gc,heap     ] GC(301)                Mark Start          Mark End        Relocate Start      Relocate End           High               Low         
[506.731s][info][gc,heap     ] GC(301)  Capacity:     8192M (100%)       8192M (100%)       8192M (100%)       8192M (100%)       8192M (100%)       8192M (100%)   
[506.731s][info][gc,heap     ] GC(301)      Free:     2090M (26%)        2012M (25%)        7910M (97%)        7962M (97%)        7962M (97%)        2006M (24%)    
[506.731s][info][gc,heap     ] GC(301)      Used:     6102M (74%)        6180M (75%)         282M (3%)          230M (3%)         6186M (76%)         230M (3%)     
[506.731s][info][gc,heap     ] GC(301)      Live:         -               124M (2%)          124M (2%)          124M (2%)             -                  -          
[506.731s][info][gc,heap     ] GC(301) Allocated:         -                78M (1%)           84M (1%)           83M (1%)             -                  -          
[506.731s][info][gc,heap     ] GC(301)   Garbage:         -              5977M (73%)          73M (1%)           21M (0%)             -                  -          
[506.731s][info][gc,heap     ] GC(301) Reclaimed:         -                  -              5904M (72%)        5955M (73%)            -                  -          
[506.731s][info][gc          ] GC(301) Garbage Collection (Allocation Rate) 6102M(74%)->230M(3%)
[510.334s][info][gc,stats    ] === Garbage Collection Statistics =======================================================================================================================
[510.334s][info][gc,stats    ]                                                              Last 10s              Last 10m              Last 10h                Total
[510.334s][info][gc,stats    ]                                                              Avg / Max             Avg / Max             Avg / Max             Avg / Max
[510.334s][info][gc,stats    ]   Collector: Garbage Collection Cycle                    144.806 / 283.003     124.766 / 379.439     124.766 / 379.439     124.766 / 379.439     ms
[510.334s][info][gc,stats    ]  Contention: Mark Segment Reset Contention                     0 / 2                 0 / 115               0 / 115               0 / 115         ops/s
[510.334s][info][gc,stats    ]  Contention: Mark SeqNum Reset Contention                      0 / 0                 0 / 2                 0 / 2                 0 / 2           ops/s
[510.334s][info][gc,stats    ]    Critical: Allocation Stall                                  0 / 0                 0 / 0                 0 / 0                 0 / 0           ops/s
[510.334s][info][gc,stats    ]    Critical: Allocation Stall                              0.000 / 0.000         0.000 / 0.000         0.000 / 0.000         0.000 / 0.000       ms
[510.334s][info][gc,stats    ]    Critical: GC Locker Stall                                   0 / 0                 0 / 0                 0 / 0                 0 / 0           ops/s
[510.334s][info][gc,stats    ]    Critical: GC Locker Stall                               0.000 / 0.000         0.000 / 0.000         0.000 / 0.000         0.000 / 0.000       ms
[510.334s][info][gc,stats    ]    Critical: Relocation Stall                                  0 / 0                 0 / 0                 0 / 0                 0 / 0           ops/s
[510.334s][info][gc,stats    ]    Critical: Relocation Stall                              0.000 / 0.000         0.000 / 0.000         0.000 / 0.000         0.000 / 0.000       ms
[510.334s][info][gc,stats    ]      Memory: Allocation Rate                                2336 / 6124           2821 / 6636           2821 / 6636           2821 / 6636        MB/s
[510.334s][info][gc,stats    ]      Memory: Out Of Memory                                     0 / 0                 0 / 0                 0 / 0                 0 / 0           ops/s
[510.334s][info][gc,stats    ]      Memory: Page Cache Flush                                116 / 514              88 / 672              88 / 672              88 / 672         MB/s
[510.334s][info][gc,stats    ]      Memory: Page Cache Hit L1                               951 / 3064           1207 / 3321           1207 / 3321           1207 / 3321        ops/s
[510.334s][info][gc,stats    ]      Memory: Page Cache Hit L2                                 0 / 0                 0 / 0                 0 / 0                 0 / 0           ops/s
[510.334s][info][gc,stats    ]      Memory: Page Cache Hit L3                                13 / 85               39 / 635              39 / 635              39 / 635         ops/s
[510.334s][info][gc,stats    ]      Memory: Page Cache Miss                                  12 / 56                9 / 71                9 / 71                9 / 71          ops/s
[510.334s][info][gc,stats    ]      Memory: Uncommit                                          0 / 0                 0 / 0                 0 / 0                 0 / 0           MB/s
[510.334s][info][gc,stats    ]      Memory: Undo Object Allocation Failed                     0 / 1                 0 / 2                 0 / 2                 0 / 2           ops/s
[510.334s][info][gc,stats    ]      Memory: Undo Object Allocation Succeeded                  0 / 1                 0 / 94                0 / 94                0 / 94          ops/s
[510.334s][info][gc,stats    ]      Memory: Undo Page Allocation                              0 / 5                 0 / 8                 0 / 8                 0 / 8           ops/s
[510.334s][info][gc,stats    ]       Phase: Concurrent Mark                             117.112 / 213.312      99.069 / 213.312      99.069 / 213.312      99.069 / 213.312     ms
[510.334s][info][gc,stats    ]       Phase: Concurrent Mark Continue                      0.000 / 0.000        15.376 / 35.578       15.376 / 35.578       15.376 / 35.578      ms
[510.334s][info][gc,stats    ]       Phase: Concurrent Mark Free                          0.001 / 0.002         0.001 / 0.004         0.001 / 0.004         0.001 / 0.004       ms
[510.334s][info][gc,stats    ]       Phase: Concurrent Process Non-Strong References      8.847 / 12.713        8.406 / 31.706        8.406 / 31.706        8.406 / 31.706      ms
[510.334s][info][gc,stats    ]       Phase: Concurrent Relocate                          11.687 / 50.020        9.499 / 76.380        9.499 / 76.380        9.499 / 76.380      ms
[510.334s][info][gc,stats    ]       Phase: Concurrent Reset Relocation Set               0.007 / 0.021         0.010 / 0.049         0.010 / 0.049         0.010 / 0.049       ms
[510.334s][info][gc,stats    ]       Phase: Concurrent Select Relocation Set              3.258 / 5.908         3.575 / 13.402        3.575 / 13.402        3.575 / 13.402      ms
[510.334s][info][gc,stats    ]       Phase: Pause Mark End                                0.014 / 0.024         0.046 / 0.390         0.046 / 0.390         0.046 / 0.390       ms
[510.334s][info][gc,stats    ]       Phase: Pause Mark Start                              0.008 / 0.011         0.008 / 0.022         0.008 / 0.022         0.008 / 0.022       ms
[510.334s][info][gc,stats    ]       Phase: Pause Relocate Start                          0.010 / 0.014         0.011 / 0.046         0.011 / 0.046         0.011 / 0.046       ms
[510.334s][info][gc,stats    ]    Subphase: Concurrent Classes Purge                      0.278 / 0.436         0.253 / 0.574         0.253 / 0.574         0.253 / 0.574       ms
[510.334s][info][gc,stats    ]    Subphase: Concurrent Classes Unlink                     6.948 / 10.098        5.922 / 23.760        5.922 / 23.760        5.922 / 23.760      ms
[510.334s][info][gc,stats    ]    Subphase: Concurrent Mark                             100.484 / 212.374      78.967 / 212.374      78.967 / 212.374      78.967 / 212.374     ms
[510.334s][info][gc,stats    ]    Subphase: Concurrent Mark Try Flush                     0.068 / 0.145         0.468 / 30.486        0.468 / 30.486        0.468 / 30.486      ms
[510.334s][info][gc,stats    ]    Subphase: Concurrent Mark Try Terminate                 2.679 / 15.182        2.869 / 24.568        2.869 / 24.568        2.869 / 24.568      ms
[510.334s][info][gc,stats    ]    Subphase: Concurrent References Enqueue                 0.003 / 0.006         0.003 / 0.008         0.003 / 0.008         0.003 / 0.008       ms
[510.334s][info][gc,stats    ]    Subphase: Concurrent References Process                 1.175 / 3.167         1.019 / 3.217         1.019 / 3.217         1.019 / 3.217       ms
[510.334s][info][gc,stats    ]    Subphase: Concurrent Roots ClassLoaderDataGraph         0.123 / 0.200         0.107 / 0.537         0.107 / 0.537         0.107 / 0.537       ms
[510.334s][info][gc,stats    ]    Subphase: Concurrent Roots CodeCache                    0.000 / 0.000         0.000 / 0.000         0.000 / 0.000         0.000 / 0.000       ms
[510.334s][info][gc,stats    ]    Subphase: Concurrent Roots JavaThreads                  0.356 / 0.542         0.358 / 1.258         0.358 / 1.258         0.358 / 1.258       ms
[510.334s][info][gc,stats    ]    Subphase: Concurrent Roots OopStorageSet                0.031 / 0.046         0.030 / 0.124         0.030 / 0.124         0.030 / 0.124       ms
[510.334s][info][gc,stats    ]    Subphase: Concurrent Weak Roots OopStorageSet           0.301 / 0.390         0.299 / 1.123         0.299 / 1.123         0.299 / 1.123       ms
[510.334s][info][gc,stats    ]    Subphase: Pause Mark Try Complete                       0.000 / 0.000         0.141 / 0.301         0.141 / 0.301         0.141 / 0.301       ms
[510.334s][info][gc,stats    ]      System: Java Threads                                     18 / 21               19 / 22               19 / 22               19 / 22          threads
[510.334s][info][gc,stats    ] =========================================================================================================================================================
[510.370s][info][gc,start    ] GC(302) Garbage Collection (System.gc())
[510.370s][info][gc,task     ] GC(302) Using 2 workers
[510.370s][info][gc,phases   ] GC(302) Pause Mark Start 0.005ms
[510.438s][info][gc,phases   ] GC(302) Concurrent Mark 68.271ms
[510.438s][info][gc,phases   ] GC(302) Pause Mark End 0.015ms
[510.438s][info][gc,phases   ] GC(302) Concurrent Mark Free 0.002ms
[510.444s][info][gc,phases   ] GC(302) Concurrent Process Non-Strong References 5.474ms
[510.444s][info][gc,phases   ] GC(302) Concurrent Reset Relocation Set 0.002ms
[510.446s][info][gc,phases   ] GC(302) Concurrent Select Relocation Set 2.537ms
[510.447s][info][gc,phases   ] GC(302) Pause Relocate Start 0.009ms
[510.452s][info][gc,phases   ] GC(302) Concurrent Relocate 5.614ms
[510.452s][info][gc,load     ] GC(302) Load: 0.00/0.00/0.00
[510.452s][info][gc,mmu      ] GC(302) MMU: 2ms/80.5%, 5ms/92.2%, 10ms/96.1%, 20ms/96.3%, 50ms/97.1%, 100ms/97.5%
[510.452s][info][gc,marking  ] GC(302) Mark: 2 stripe(s), 1 proactive flush(es), 1 terminate flush(es), 0 completion(s), 0 continuation(s) 
[510.452s][info][gc,marking  ] GC(302) Mark Stack Usage: 32M
[510.452s][info][gc,nmethod  ] GC(302) NMethods: 4856 registered, 3 unregistered
[510.452s][info][gc,metaspace] GC(302) Metaspace: 33M used, 33M committed, 1088M reserved
[510.452s][info][gc,ref      ] GC(302) Soft: 4016 encountered, 0 discovered, 0 enqueued
[510.452s][info][gc,ref      ] GC(302) Weak: 23417 encountered, 22791 discovered, 21704 enqueued
[510.452s][info][gc,ref      ] GC(302) Final: 7 encountered, 7 discovered, 0 enqueued
[510.453s][info][gc,ref      ] GC(302) Phantom: 714 encountered, 652 discovered, 0 enqueued
[510.453s][info][gc,reloc    ] GC(302) Small Pages: 990 / 1980M, Empty: 1190M, Relocated: 9M, In-Place: 0
[510.453s][info][gc,reloc    ] GC(302) Medium Pages: 28 / 896M, Empty: 864M, Relocated: 0M, In-Place: 0
[510.453s][info][gc,reloc    ] GC(302) Large Pages: 250 / 1738M, Empty: 1738M, Relocated: 0M, In-Place: 0
[510.453s][info][gc,reloc    ] GC(302) Forwarding Usage: 3M
[510.453s][info][gc,heap     ] GC(302) Min Capacity: 8192M(100%)
[510.453s][info][gc,heap     ] GC(302) Max Capacity: 8192M(100%)
[510.453s][info][gc,heap     ] GC(302) Soft Max Capacity: 8192M(100%)
[510.453s][info][gc,heap     ] GC(302)                Mark Start          Mark End        Relocate Start      Relocate End           High               Low         
[510.453s][info][gc,heap     ] GC(302)  Capacity:     8192M (100%)       8192M (100%)       8192M (100%)       8192M (100%)       8192M (100%)       8192M (100%)   
[510.453s][info][gc,heap     ] GC(302)      Free:     3578M (44%)        3578M (44%)        7370M (90%)        8044M (98%)        8044M (98%)        3578M (44%)    
[510.453s][info][gc,heap     ] GC(302)      Used:     4614M (56%)        4614M (56%)         822M (10%)         148M (2%)         4614M (56%)         148M (2%)     
[510.453s][info][gc,heap     ] GC(302)      Live:         -               123M (2%)          123M (2%)          123M (2%)             -                  -          
[510.453s][info][gc,heap     ] GC(302) Allocated:         -                 0M (0%)            0M (0%)            0M (0%)             -                  -          
[510.453s][info][gc,heap     ] GC(302)   Garbage:         -              4490M (55%)         698M (9%)           24M (0%)             -                  -          
[510.453s][info][gc,heap     ] GC(302) Reclaimed:         -                  -              3792M (46%)        4466M (55%)            -                  -          
[510.453s][info][gc          ] GC(302) Garbage Collection (System.gc()) 4614M(56%)->148M(2%)
[511.129s][info][gc,start    ] GC(303) Garbage Collection (Allocation Rate)
[511.129s][info][gc,task     ] GC(303) Using 2 workers
[511.130s][info][gc,phases   ] GC(303) Pause Mark Start 0.007ms
[511.208s][info][gc,phases   ] GC(303) Concurrent Mark 73.814ms
[511.208s][info][gc,phases   ] GC(303) Pause Mark End 0.021ms
[511.208s][info][gc,phases   ] GC(303) Concurrent Mark Free 0.001ms
[511.213s][info][gc,phases   ] GC(303) Concurrent Process Non-Strong References 5.032ms
[511.213s][info][gc,phases   ] GC(303) Concurrent Reset Relocation Set 0.030ms
[511.217s][info][gc,phases   ] GC(303) Concurrent Select Relocation Set 3.258ms
[511.217s][info][gc,phases   ] GC(303) Pause Relocate Start 0.012ms
[511.217s][info][gc,phases   ] GC(303) Concurrent Relocate 0.439ms
[511.217s][info][gc,load     ] GC(303) Load: 0.00/0.00/0.00
[511.217s][info][gc,mmu      ] GC(303) MMU: 2ms/80.5%, 5ms/92.2%, 10ms/96.1%, 20ms/96.3%, 50ms/97.1%, 100ms/97.5%
[511.217s][info][gc,marking  ] GC(303) Mark: 2 stripe(s), 2 proactive flush(es), 1 terminate flush(es), 0 completion(s), 0 continuation(s) 
[511.217s][info][gc,marking  ] GC(303) Mark Stack Usage: 32M
[511.217s][info][gc,nmethod  ] GC(303) NMethods: 4856 registered, 3 unregistered
[511.217s][info][gc,metaspace] GC(303) Metaspace: 33M used, 33M committed, 1088M reserved
[511.217s][info][gc,ref      ] GC(303) Soft: 4016 encountered, 0 discovered, 0 enqueued
[511.217s][info][gc,ref      ] GC(303) Weak: 1716 encountered, 36 discovered, 0 enqueued
[511.217s][info][gc,ref      ] GC(303) Final: 7 encountered, 5 discovered, 0 enqueued
[511.217s][info][gc,ref      ] GC(303) Phantom: 714 encountered, 615 discovered, 0 enqueued
[511.217s][info][gc,reloc    ] GC(303) Small Pages: 2572 / 5144M, Empty: 5008M, Relocated: 1M, In-Place: 0
[511.217s][info][gc,reloc    ] GC(303) Medium Pages: 1 / 32M, Empty: 0M, Relocated: 0M, In-Place: 0
[511.217s][info][gc,reloc    ] GC(303) Large Pages: 0 / 0M, Empty: 0M, Relocated: 0M, In-Place: 0
[511.217s][info][gc,reloc    ] GC(303) Forwarding Usage: 0M
[511.217s][info][gc,heap     ] GC(303) Min Capacity: 8192M(100%)
[511.217s][info][gc,heap     ] GC(303) Max Capacity: 8192M(100%)
[511.217s][info][gc,heap     ] GC(303) Soft Max Capacity: 8192M(100%)
[511.217s][info][gc,heap     ] GC(303)                Mark Start          Mark End        Relocate Start      Relocate End           High               Low         
[511.217s][info][gc,heap     ] GC(303)  Capacity:     8192M (100%)       8192M (100%)       8192M (100%)       8192M (100%)       8192M (100%)       8192M (100%)   
[511.217s][info][gc,heap     ] GC(303)      Free:     3016M (37%)        2674M (33%)        7648M (93%)        7664M (94%)        7664M (94%)        2654M (32%)    
[511.217s][info][gc,heap     ] GC(303)      Used:     5176M (63%)        5518M (67%)         544M (7%)          528M (6%)         5538M (68%)         528M (6%)     
[511.217s][info][gc,heap     ] GC(303)      Live:         -               123M (2%)          123M (2%)          123M (2%)             -                  -          
[511.217s][info][gc,heap     ] GC(303) Allocated:         -               342M (4%)          376M (5%)          379M (5%)             -                  -          
[511.217s][info][gc,heap     ] GC(303)   Garbage:         -              5052M (62%)          44M (1%)           24M (0%)             -                  -          
[511.217s][info][gc,heap     ] GC(303) Reclaimed:         -                  -              5008M (61%)        5027M (61%)            -                  -          
[511.217s][info][gc          ] GC(303) Garbage Collection (Allocation Rate) 5176M(63%)->528M(6%)
[512.223s][info][gc,start    ] GC(304) Garbage Collection (Allocation Rate)
[512.223s][info][gc,task     ] GC(304) Using 1 workers
[512.223s][info][gc,phases   ] GC(304) Pause Mark Start 0.010ms
[512.340s][info][gc,phases   ] GC(304) Concurrent Mark 116.730ms
[512.340s][info][gc,phases   ] GC(304) Pause Mark End 0.015ms
[512.340s][info][gc,phases   ] GC(304) Concurrent Mark Free 0.001ms
[512.364s][info][gc,phases   ] GC(304) Concurrent Process Non-Strong References 24.063ms
[512.364s][info][gc,phases   ] GC(304) Concurrent Reset Relocation Set 0.002ms
[512.367s][info][gc,phases   ] GC(304) Concurrent Select Relocation Set 2.998ms
[512.368s][info][gc,phases   ] GC(304) Pause Relocate Start 0.011ms
[512.368s][info][gc,phases   ] GC(304) Concurrent Relocate 0.774ms
[512.368s][info][gc,load     ] GC(304) Load: 0.00/0.00/0.00
[512.368s][info][gc,mmu      ] GC(304) MMU: 2ms/80.5%, 5ms/92.2%, 10ms/96.1%, 20ms/96.3%, 50ms/97.1%, 100ms/97.5%
[512.368s][info][gc,marking  ] GC(304) Mark: 1 stripe(s), 2 proactive flush(es), 1 terminate flush(es), 0 completion(s), 0 continuation(s) 
[512.368s][info][gc,marking  ] GC(304) Mark Stack Usage: 32M
[512.368s][info][gc,nmethod  ] GC(304) NMethods: 4856 registered, 3 unregistered
[512.368s][info][gc,metaspace] GC(304) Metaspace: 33M used, 33M committed, 1088M reserved
[512.368s][info][gc,ref      ] GC(304) Soft: 4016 encountered, 0 discovered, 0 enqueued
[512.368s][info][gc,ref      ] GC(304) Weak: 1731 encountered, 1283 discovered, 0 enqueued
[512.368s][info][gc,ref      ] GC(304) Final: 7 encountered, 7 discovered, 0 enqueued
[512.369s][info][gc,ref      ] GC(304) Phantom: 714 encountered, 665 discovered, 0 enqueued
[512.369s][info][gc,reloc    ] GC(304) Small Pages: 3045 / 6090M, Empty: 5946M, Relocated: 1M, In-Place: 0
[512.369s][info][gc,reloc    ] GC(304) Medium Pages: 1 / 32M, Empty: 0M, Relocated: 0M, In-Place: 0
[512.369s][info][gc,reloc    ] GC(304) Large Pages: 0 / 0M, Empty: 0M, Relocated: 0M, In-Place: 0
[512.369s][info][gc,reloc    ] GC(304) Forwarding Usage: 0M
[512.369s][info][gc,heap     ] GC(304) Min Capacity: 8192M(100%)
[512.369s][info][gc,heap     ] GC(304) Max Capacity: 8192M(100%)
[512.369s][info][gc,heap     ] GC(304) Soft Max Capacity: 8192M(100%)
[512.369s][info][gc,heap     ] GC(304)                Mark Start          Mark End        Relocate Start      Relocate End           High               Low         
[512.369s][info][gc,heap     ] GC(304)  Capacity:     8192M (100%)       8192M (100%)       8192M (100%)       8192M (100%)       8192M (100%)       8192M (100%)   
[512.369s][info][gc,heap     ] GC(304)      Free:     2070M (25%)        1704M (21%)        7574M (92%)        7602M (93%)        7602M (93%)        1644M (20%)    
[512.369s][info][gc,heap     ] GC(304)      Used:     6122M (75%)        6488M (79%)         618M (8%)          590M (7%)         6548M (80%)         590M (7%)     
[512.369s][info][gc,heap     ] GC(304)      Live:         -               123M (2%)          123M (2%)          123M (2%)             -                  -          
[512.369s][info][gc,heap     ] GC(304) Allocated:         -               366M (4%)          442M (5%)          443M (5%)             -                  -          
[512.369s][info][gc,heap     ] GC(304)   Garbage:         -              5998M (73%)          52M (1%)           22M (0%)             -                  -          
[512.369s][info][gc,heap     ] GC(304) Reclaimed:         -                  -              5946M (73%)        5975M (73%)            -                  -          
[512.369s][info][gc          ] GC(304) Garbage Collection (Allocation Rate) 6122M(75%)->590M(7%)
[516.221s][info][gc,start    ] GC(305) Garbage Collection (Allocation Rate)
[516.221s][info][gc,task     ] GC(305) Using 1 workers
[516.221s][info][gc,phases   ] GC(305) Pause Mark Start 0.006ms
[516.379s][info][gc,phases   ] GC(305) Concurrent Mark 158.033ms
[516.380s][info][gc,phases   ] GC(305) Pause Mark End 0.042ms
[516.380s][info][gc,phases   ] GC(305) Concurrent Mark Free 0.001ms
[516.392s][info][gc,phases   ] GC(305) Concurrent Process Non-Strong References 12.580ms
[516.392s][info][gc,phases   ] GC(305) Concurrent Reset Relocation Set 0.002ms
[516.398s][info][gc,phases   ] GC(305) Concurrent Select Relocation Set 5.429ms
[516.398s][info][gc,phases   ] GC(305) Pause Relocate Start 0.016ms
[516.432s][info][gc,phases   ] GC(305) Concurrent Relocate 33.395ms
[516.432s][info][gc,load     ] GC(305) Load: 0.00/0.00/0.00
[516.432s][info][gc,mmu      ] GC(305) MMU: 2ms/80.5%, 5ms/92.2%, 10ms/96.1%, 20ms/96.3%, 50ms/97.1%, 100ms/97.5%
[516.432s][info][gc,marking  ] GC(305) Mark: 1 stripe(s), 9 proactive flush(es), 1 terminate flush(es), 1 completion(s), 0 continuation(s) 
[516.432s][info][gc,marking  ] GC(305) Mark Stack Usage: 32M
[516.432s][info][gc,nmethod  ] GC(305) NMethods: 4856 registered, 3 unregistered
[516.432s][info][gc,metaspace] GC(305) Metaspace: 33M used, 33M committed, 1088M reserved
[516.432s][info][gc,ref      ] GC(305) Soft: 4016 encountered, 0 discovered, 0 enqueued
[516.432s][info][gc,ref      ] GC(305) Weak: 21251 encountered, 18839 discovered, 9137 enqueued
[516.432s][info][gc,ref      ] GC(305) Final: 7 encountered, 0 discovered, 0 enqueued
[516.432s][info][gc,ref      ] GC(305) Phantom: 720 encountered, 701 discovered, 0 enqueued
[516.432s][info][gc,reloc    ] GC(305) Small Pages: 2726 / 5452M, Empty: 4678M, Relocated: 34M, In-Place: 0
[516.432s][info][gc,reloc    ] GC(305) Medium Pages: 24 / 768M, Empty: 704M, Relocated: 18M, In-Place: 0
[516.432s][info][gc,reloc    ] GC(305) Large Pages: 211 / 1472M, Empty: 1472M, Relocated: 0M, In-Place: 0
[516.432s][info][gc,reloc    ] GC(305) Forwarding Usage: 10M
[516.432s][info][gc,heap     ] GC(305) Min Capacity: 8192M(100%)
[516.432s][info][gc,heap     ] GC(305) Max Capacity: 8192M(100%)
[516.432s][info][gc,heap     ] GC(305) Soft Max Capacity: 8192M(100%)
[516.432s][info][gc,heap     ] GC(305)                Mark Start          Mark End        Relocate Start      Relocate End           High               Low         
[516.432s][info][gc,heap     ] GC(305)  Capacity:     8192M (100%)       8192M (100%)       8192M (100%)       8192M (100%)       8192M (100%)       8192M (100%)   
[516.432s][info][gc,heap     ] GC(305)      Free:      500M (6%)          368M (4%)         7212M (88%)        7854M (96%)        7854M (96%)         364M (4%)     
[516.432s][info][gc,heap     ] GC(305)      Used:     7692M (94%)        7824M (96%)         980M (12%)         338M (4%)         7828M (96%)         338M (4%)     
[516.432s][info][gc,heap     ] GC(305)      Live:         -               152M (2%)          152M (2%)          152M (2%)             -                  -          
[516.432s][info][gc,heap     ] GC(305) Allocated:         -               132M (2%)          142M (2%)          168M (2%)             -                  -          
[516.432s][info][gc,heap     ] GC(305)   Garbage:         -              7539M (92%)         685M (8%)           16M (0%)             -                  -          
[516.432s][info][gc,heap     ] GC(305) Reclaimed:         -                  -              6854M (84%)        7522M (92%)            -                  -          
[516.432s][info][gc          ] GC(305) Garbage Collection (Allocation Rate) 7692M(94%)->338M(4%)
[516.926s][info][gc,start    ] GC(306) Garbage Collection (System.gc())
[516.926s][info][gc,task     ] GC(306) Using 2 workers
[516.926s][info][gc,phases   ] GC(306) Pause Mark Start 0.008ms
[517.003s][info][gc,phases   ] GC(306) Concurrent Mark 76.826ms
[517.003s][info][gc,phases   ] GC(306) Pause Mark End 0.023ms
[517.003s][info][gc,phases   ] GC(306) Concurrent Mark Free 0.002ms
[517.011s][info][gc,phases   ] GC(306) Concurrent Process Non-Strong References 7.455ms
[517.011s][info][gc,phases   ] GC(306) Concurrent Reset Relocation Set 0.023ms
[517.013s][info][gc,phases   ] GC(306) Concurrent Select Relocation Set 2.090ms
[517.013s][info][gc,phases   ] GC(306) Pause Relocate Start 0.010ms
[517.020s][info][gc,phases   ] GC(306) Concurrent Relocate 6.567ms
[517.020s][info][gc,load     ] GC(306) Load: 0.00/0.00/0.00
[517.020s][info][gc,mmu      ] GC(306) MMU: 2ms/80.5%, 5ms/92.2%, 10ms/96.1%, 20ms/96.3%, 50ms/97.1%, 100ms/97.5%
[517.020s][info][gc,marking  ] GC(306) Mark: 2 stripe(s), 1 proactive flush(es), 1 terminate flush(es), 0 completion(s), 0 continuation(s) 
[517.020s][info][gc,marking  ] GC(306) Mark Stack Usage: 32M
[517.020s][info][gc,nmethod  ] GC(306) NMethods: 4856 registered, 3 unregistered
[517.020s][info][gc,metaspace] GC(306) Metaspace: 33M used, 33M committed, 1088M reserved
[517.020s][info][gc,ref      ] GC(306) Soft: 4016 encountered, 0 discovered, 0 enqueued
[517.020s][info][gc,ref      ] GC(306) Weak: 24312 encountered, 22659 discovered, 22598 enqueued
[517.020s][info][gc,ref      ] GC(306) Final: 7 encountered, 5 discovered, 0 enqueued
[517.020s][info][gc,ref      ] GC(306) Phantom: 714 encountered, 620 discovered, 0 enqueued
[517.020s][info][gc,reloc    ] GC(306) Small Pages: 252 / 504M, Empty: 66M, Relocated: 9M, In-Place: 0
[517.020s][info][gc,reloc    ] GC(306) Medium Pages: 6 / 192M, Empty: 128M, Relocated: 16M, In-Place: 0
[517.020s][info][gc,reloc    ] GC(306) Large Pages: 39 / 270M, Empty: 270M, Relocated: 0M, In-Place: 0
[517.020s][info][gc,reloc    ] GC(306) Forwarding Usage: 2M
[517.020s][info][gc,heap     ] GC(306) Min Capacity: 8192M(100%)
[517.020s][info][gc,heap     ] GC(306) Max Capacity: 8192M(100%)
[517.020s][info][gc,heap     ] GC(306) Soft Max Capacity: 8192M(100%)
[517.020s][info][gc,heap     ] GC(306)                Mark Start          Mark End        Relocate Start      Relocate End           High               Low         
[517.020s][info][gc,heap     ] GC(306)  Capacity:     8192M (100%)       8192M (100%)       8192M (100%)       8192M (100%)       8192M (100%)       8192M (100%)   
[517.020s][info][gc,heap     ] GC(306)      Free:     7226M (88%)        7226M (88%)        7690M (94%)        8044M (98%)        8044M (98%)        7226M (88%)    
[517.020s][info][gc,heap     ] GC(306)      Used:      966M (12%)         966M (12%)         502M (6%)          148M (2%)          966M (12%)         148M (2%)     
[517.020s][info][gc,heap     ] GC(306)      Live:         -               126M (2%)          126M (2%)          126M (2%)             -                  -          
[517.020s][info][gc,heap     ] GC(306) Allocated:         -                 0M (0%)            0M (0%)            0M (0%)             -                  -          
[517.020s][info][gc,heap     ] GC(306)   Garbage:         -               839M (10%)         375M (5%)           21M (0%)             -                  -          
[517.020s][info][gc,heap     ] GC(306) Reclaimed:         -                  -               464M (6%)          818M (10%)            -                  -          
[517.020s][info][gc          ] GC(306) Garbage Collection (System.gc()) 966M(12%)->148M(2%)
[517.725s][info][gc,start    ] GC(307) Garbage Collection (Allocation Rate)
[517.725s][info][gc,task     ] GC(307) Using 2 workers
[517.725s][info][gc,phases   ] GC(307) Pause Mark Start 0.008ms
[517.803s][info][gc,phases   ] GC(307) Concurrent Mark 78.127ms
[517.803s][info][gc,phases   ] GC(307) Pause Mark End 0.014ms
[517.803s][info][gc,phases   ] GC(307) Concurrent Mark Free 0.000ms
[517.809s][info][gc,phases   ] GC(307) Concurrent Process Non-Strong References 5.628ms
[517.809s][info][gc,phases   ] GC(307) Concurrent Reset Relocation Set 0.017ms
[517.812s][info][gc,phases   ] GC(307) Concurrent Select Relocation Set 3.288ms
[517.812s][info][gc,phases   ] GC(307) Pause Relocate Start 0.008ms
[517.813s][info][gc,phases   ] GC(307) Concurrent Relocate 0.894ms
[517.813s][info][gc,load     ] GC(307) Load: 0.00/0.00/0.00
[517.813s][info][gc,mmu      ] GC(307) MMU: 2ms/80.5%, 5ms/92.2%, 10ms/96.1%, 20ms/96.3%, 50ms/97.1%, 100ms/97.5%
[517.813s][info][gc,marking  ] GC(307) Mark: 2 stripe(s), 2 proactive flush(es), 1 terminate flush(es), 0 completion(s), 0 continuation(s) 
[517.813s][info][gc,marking  ] GC(307) Mark Stack Usage: 32M
[517.813s][info][gc,nmethod  ] GC(307) NMethods: 4858 registered, 3 unregistered
[517.813s][info][gc,metaspace] GC(307) Metaspace: 33M used, 33M committed, 1088M reserved
[517.813s][info][gc,ref      ] GC(307) Soft: 4016 encountered, 0 discovered, 0 enqueued
[517.813s][info][gc,ref      ] GC(307) Weak: 1714 encountered, 1125 discovered, 0 enqueued
[517.813s][info][gc,ref      ] GC(307) Final: 7 encountered, 7 discovered, 0 enqueued
[517.813s][info][gc,ref      ] GC(307) Phantom: 714 encountered, 638 discovered, 0 enqueued
[517.813s][info][gc,reloc    ] GC(307) Small Pages: 2598 / 5196M, Empty: 5070M, Relocated: 1M, In-Place: 0
[517.813s][info][gc,reloc    ] GC(307) Medium Pages: 1 / 32M, Empty: 0M, Relocated: 0M, In-Place: 0
[517.813s][info][gc,reloc    ] GC(307) Large Pages: 0 / 0M, Empty: 0M, Relocated: 0M, In-Place: 0
[517.814s][info][gc,reloc    ] GC(307) Forwarding Usage: 0M
[517.814s][info][gc,heap     ] GC(307) Min Capacity: 8192M(100%)
[517.814s][info][gc,heap     ] GC(307) Max Capacity: 8192M(100%)
[517.814s][info][gc,heap     ] GC(307) Soft Max Capacity: 8192M(100%)
[517.814s][info][gc,heap     ] GC(307)                Mark Start          Mark End        Relocate Start      Relocate End           High               Low         
[517.814s][info][gc,heap     ] GC(307)  Capacity:     8192M (100%)       8192M (100%)       8192M (100%)       8192M (100%)       8192M (100%)       8192M (100%)   
[517.814s][info][gc,heap     ] GC(307)      Free:     2964M (36%)        2688M (33%)        7718M (94%)        7722M (94%)        7724M (94%)        2664M (33%)    
[517.814s][info][gc,heap     ] GC(307)      Used:     5228M (64%)        5504M (67%)         474M (6%)          470M (6%)         5528M (67%)         468M (6%)     
[517.814s][info][gc,heap     ] GC(307)      Live:         -               126M (2%)          126M (2%)          126M (2%)             -                  -          
[517.814s][info][gc,heap     ] GC(307) Allocated:         -               276M (3%)          316M (4%)          321M (4%)             -                  -          
[517.814s][info][gc,heap     ] GC(307)   Garbage:         -              5101M (62%)          31M (0%)           21M (0%)             -                  -          
[517.814s][info][gc,heap     ] GC(307) Reclaimed:         -                  -              5070M (62%)        5079M (62%)            -                  -          
[517.814s][info][gc          ] GC(307) Garbage Collection (Allocation Rate) 5228M(64%)->470M(6%)
[518.823s][info][gc,start    ] GC(308) Garbage Collection (Allocation Rate)
[518.823s][info][gc,task     ] GC(308) Using 1 workers
[518.823s][info][gc,phases   ] GC(308) Pause Mark Start 0.008ms
[518.952s][info][gc,phases   ] GC(308) Concurrent Mark 128.988ms
[518.952s][info][gc,phases   ] GC(308) Pause Mark End 0.010ms
[518.952s][info][gc,phases   ] GC(308) Concurrent Mark Free 0.000ms
[518.963s][info][gc,phases   ] GC(308) Concurrent Process Non-Strong References 10.821ms
[518.963s][info][gc,phases   ] GC(308) Concurrent Reset Relocation Set 0.002ms
[518.967s][info][gc,phases   ] GC(308) Concurrent Select Relocation Set 3.789ms
[518.967s][info][gc,phases   ] GC(308) Pause Relocate Start 0.007ms
[518.968s][info][gc,phases   ] GC(308) Concurrent Relocate 1.254ms
[518.968s][info][gc,load     ] GC(308) Load: 0.00/0.00/0.00
[518.968s][info][gc,mmu      ] GC(308) MMU: 2ms/80.5%, 5ms/92.2%, 10ms/96.1%, 20ms/96.3%, 50ms/97.1%, 100ms/97.5%
[518.968s][info][gc,marking  ] GC(308) Mark: 1 stripe(s), 2 proactive flush(es), 1 terminate flush(es), 0 completion(s), 0 continuation(s) 
[518.968s][info][gc,marking  ] GC(308) Mark Stack Usage: 32M
[518.968s][info][gc,nmethod  ] GC(308) NMethods: 4858 registered, 3 unregistered
[518.968s][info][gc,metaspace] GC(308) Metaspace: 33M used, 33M committed, 1088M reserved
[518.968s][info][gc,ref      ] GC(308) Soft: 4016 encountered, 0 discovered, 0 enqueued
[518.968s][info][gc,ref      ] GC(308) Weak: 1732 encountered, 1284 discovered, 0 enqueued
[518.968s][info][gc,ref      ] GC(308) Final: 7 encountered, 7 discovered, 0 enqueued
[518.968s][info][gc,ref      ] GC(308) Phantom: 714 encountered, 665 discovered, 0 enqueued
[518.968s][info][gc,reloc    ] GC(308) Small Pages: 3071 / 6142M, Empty: 6000M, Relocated: 1M, In-Place: 0
[518.968s][info][gc,reloc    ] GC(308) Medium Pages: 1 / 32M, Empty: 0M, Relocated: 0M, In-Place: 0
[518.968s][info][gc,reloc    ] GC(308) Large Pages: 0 / 0M, Empty: 0M, Relocated: 0M, In-Place: 0
[518.968s][info][gc,reloc    ] GC(308) Forwarding Usage: 0M
[518.968s][info][gc,heap     ] GC(308) Min Capacity: 8192M(100%)
[518.968s][info][gc,heap     ] GC(308) Max Capacity: 8192M(100%)
[518.968s][info][gc,heap     ] GC(308) Soft Max Capacity: 8192M(100%)
[518.968s][info][gc,heap     ] GC(308)                Mark Start          Mark End        Relocate Start      Relocate End           High               Low         
[518.968s][info][gc,heap     ] GC(308)  Capacity:     8192M (100%)       8192M (100%)       8192M (100%)       8192M (100%)       8192M (100%)       8192M (100%)   
[518.968s][info][gc,heap     ] GC(308)      Free:     2018M (25%)        1506M (18%)        7446M (91%)        7468M (91%)        7472M (91%)        1466M (18%)    
[518.968s][info][gc,heap     ] GC(308)      Used:     6174M (75%)        6686M (82%)         746M (9%)          724M (9%)         6726M (82%)         720M (9%)     
[518.968s][info][gc,heap     ] GC(308)      Live:         -               126M (2%)          126M (2%)          126M (2%)             -                  -          
[518.968s][info][gc,heap     ] GC(308) Allocated:         -               512M (6%)          572M (7%)          577M (7%)             -                  -          
[518.968s][info][gc,heap     ] GC(308)   Garbage:         -              6047M (74%)          47M (1%)           19M (0%)             -                  -          
[518.969s][info][gc,heap     ] GC(308) Reclaimed:         -                  -              6000M (73%)        6027M (74%)            -                  -          
[518.969s][info][gc          ] GC(308) Garbage Collection (Allocation Rate) 6174M(75%)->724M(9%)
[520.324s][info][gc,stats    ] === Garbage Collection Statistics =======================================================================================================================
[520.324s][info][gc,stats    ]                                                              Last 10s              Last 10m              Last 10h                Total
[520.324s][info][gc,stats    ]                                                              Avg / Max             Avg / Max             Avg / Max             Avg / Max
[520.324s][info][gc,stats    ]   Collector: Garbage Collection Cycle                    122.133 / 210.524     124.707 / 379.439     124.707 / 379.439     124.707 / 379.439     ms
[520.324s][info][gc,stats    ]  Contention: Mark Segment Reset Contention                     0 / 1                 0 / 115               0 / 115               0 / 115         ops/s
[520.324s][info][gc,stats    ]  Contention: Mark SeqNum Reset Contention                      0 / 0                 0 / 2                 0 / 2                 0 / 2           ops/s
[520.324s][info][gc,stats    ]    Critical: Allocation Stall                                  0 / 0                 0 / 0                 0 / 0                 0 / 0           ops/s
[520.325s][info][gc,stats    ]    Critical: Allocation Stall                              0.000 / 0.000         0.000 / 0.000         0.000 / 0.000         0.000 / 0.000       ms
[520.325s][info][gc,stats    ]    Critical: GC Locker Stall                                   0 / 0                 0 / 0                 0 / 0                 0 / 0           ops/s
[520.325s][info][gc,stats    ]    Critical: GC Locker Stall                               0.000 / 0.000         0.000 / 0.000         0.000 / 0.000         0.000 / 0.000       ms
[520.325s][info][gc,stats    ]    Critical: Relocation Stall                                  0 / 0                 0 / 0                 0 / 0                 0 / 0           ops/s
[520.325s][info][gc,stats    ]    Critical: Relocation Stall                              0.000 / 0.000         0.000 / 0.000         0.000 / 0.000         0.000 / 0.000       ms
[520.325s][info][gc,stats    ]      Memory: Allocation Rate                                3508 / 6086           2834 / 6636           2834 / 6636           2834 / 6636        MB/s
[520.325s][info][gc,stats    ]      Memory: Out Of Memory                                     0 / 0                 0 / 0                 0 / 0                 0 / 0           ops/s
[520.325s][info][gc,stats    ]      Memory: Page Cache Flush                                 70 / 612              87 / 672              87 / 672              87 / 672         MB/s
[520.325s][info][gc,stats    ]      Memory: Page Cache Hit L1                              1558 / 3032           1214 / 3321           1214 / 3321           1214 / 3321        ops/s
[520.325s][info][gc,stats    ]      Memory: Page Cache Hit L2                                 0 / 0                 0 / 0                 0 / 0                 0 / 0           ops/s
[520.325s][info][gc,stats    ]      Memory: Page Cache Hit L3                                67 / 313              40 / 635              40 / 635              40 / 635         ops/s
[520.325s][info][gc,stats    ]      Memory: Page Cache Miss                                   7 / 62                9 / 71                9 / 71                9 / 71          ops/s
[520.325s][info][gc,stats    ]      Memory: Uncommit                                          0 / 0                 0 / 0                 0 / 0                 0 / 0           MB/s
[520.325s][info][gc,stats    ]      Memory: Undo Object Allocation Failed                     0 / 0                 0 / 2                 0 / 2                 0 / 2           ops/s
[520.325s][info][gc,stats    ]      Memory: Undo Object Allocation Succeeded                  0 / 1                 0 / 94                0 / 94                0 / 94          ops/s
[520.325s][info][gc,stats    ]      Memory: Undo Page Allocation                              0 / 4                 0 / 8                 0 / 8                 0 / 8           ops/s
[520.325s][info][gc,stats    ]       Phase: Concurrent Mark                             100.113 / 158.033      99.093 / 213.312      99.093 / 213.312      99.093 / 213.312     ms
[520.325s][info][gc,stats    ]       Phase: Concurrent Mark Continue                      0.000 / 0.000        15.376 / 35.578       15.376 / 35.578       15.376 / 35.578      ms
[520.325s][info][gc,stats    ]       Phase: Concurrent Mark Free                          0.001 / 0.002         0.001 / 0.004         0.001 / 0.004         0.001 / 0.004       ms
[520.325s][info][gc,stats    ]       Phase: Concurrent Process Non-Strong References     10.150 / 24.063        8.445 / 31.706        8.445 / 31.706        8.445 / 31.706      ms
[520.325s][info][gc,stats    ]       Phase: Concurrent Relocate                           6.991 / 33.395        9.442 / 76.380        9.442 / 76.380        9.442 / 76.380      ms
[520.325s][info][gc,stats    ]       Phase: Concurrent Reset Relocation Set               0.011 / 0.030         0.010 / 0.049         0.010 / 0.049         0.010 / 0.049       ms
[520.325s][info][gc,stats    ]       Phase: Concurrent Select Relocation Set              3.341 / 5.429         3.569 / 13.402        3.569 / 13.402        3.569 / 13.402      ms
[520.325s][info][gc,stats    ]       Phase: Pause Mark End                                0.020 / 0.042         0.046 / 0.390         0.046 / 0.390         0.046 / 0.390       ms
[520.325s][info][gc,stats    ]       Phase: Pause Mark Start                              0.007 / 0.010         0.008 / 0.022         0.008 / 0.022         0.008 / 0.022       ms
[520.325s][info][gc,stats    ]       Phase: Pause Relocate Start                          0.010 / 0.016         0.011 / 0.046         0.011 / 0.046         0.011 / 0.046       ms
[520.325s][info][gc,stats    ]    Subphase: Concurrent Classes Purge                      0.271 / 0.438         0.254 / 0.574         0.254 / 0.574         0.254 / 0.574       ms
[520.325s][info][gc,stats    ]    Subphase: Concurrent Classes Unlink                     5.905 / 9.654         5.922 / 23.760        5.922 / 23.760        5.922 / 23.760      ms
[520.325s][info][gc,stats    ]    Subphase: Concurrent Mark                              87.161 / 157.268      79.140 / 212.374      79.140 / 212.374      79.140 / 212.374     ms
[520.325s][info][gc,stats    ]    Subphase: Concurrent Mark Try Flush                     0.063 / 0.307         0.460 / 30.486        0.460 / 30.486        0.460 / 30.486      ms
[520.325s][info][gc,stats    ]    Subphase: Concurrent Mark Try Terminate                 1.960 / 15.225        2.852 / 24.568        2.852 / 24.568        2.852 / 24.568      ms
[520.325s][info][gc,stats    ]    Subphase: Concurrent References Enqueue                 0.003 / 0.008         0.003 / 0.008         0.003 / 0.008         0.003 / 0.008       ms
[520.325s][info][gc,stats    ]    Subphase: Concurrent References Process                 0.940 / 2.462         1.017 / 3.217         1.017 / 3.217         1.017 / 3.217       ms
[520.325s][info][gc,stats    ]    Subphase: Concurrent Roots ClassLoaderDataGraph         0.085 / 0.159         0.107 / 0.537         0.107 / 0.537         0.107 / 0.537       ms
[520.325s][info][gc,stats    ]    Subphase: Concurrent Roots CodeCache                    0.000 / 0.000         0.000 / 0.000         0.000 / 0.000         0.000 / 0.000       ms
[520.325s][info][gc,stats    ]    Subphase: Concurrent Roots JavaThreads                  0.315 / 0.491         0.357 / 1.258         0.357 / 1.258         0.357 / 1.258       ms
[520.325s][info][gc,stats    ]    Subphase: Concurrent Roots OopStorageSet                0.024 / 0.037         0.030 / 0.124         0.030 / 0.124         0.030 / 0.124       ms
[520.325s][info][gc,stats    ]    Subphase: Concurrent Weak Roots OopStorageSet           0.335 / 0.658         0.300 / 1.123         0.300 / 1.123         0.300 / 1.123       ms
[520.325s][info][gc,stats    ]    Subphase: Pause Mark Try Complete                       0.004 / 0.004         0.140 / 0.301         0.140 / 0.301         0.140 / 0.301       ms
[520.325s][info][gc,stats    ]      System: Java Threads                                     19 / 21               19 / 22               19 / 22               19 / 22          threads
[520.325s][info][gc,stats    ] =========================================================================================================================================================
[523.021s][info][gc,start    ] GC(309) Garbage Collection (Allocation Rate)
[523.021s][info][gc,task     ] GC(309) Using 1 workers
[523.021s][info][gc,phases   ] GC(309) Pause Mark Start 0.008ms
[523.182s][info][gc,phases   ] GC(309) Concurrent Mark 161.183ms
[523.182s][info][gc,phases   ] GC(309) Pause Mark End 0.077ms
[523.183s][info][gc,phases   ] GC(309) Concurrent Mark Free 0.001ms
[523.193s][info][gc,phases   ] GC(309) Concurrent Process Non-Strong References 10.069ms
[523.193s][info][gc,phases   ] GC(309) Concurrent Reset Relocation Set 0.002ms
[523.198s][info][gc,phases   ] GC(309) Concurrent Select Relocation Set 5.611ms
[523.198s][info][gc,phases   ] GC(309) Pause Relocate Start 0.014ms
[523.236s][info][gc,phases   ] GC(309) Concurrent Relocate 37.406ms
[523.236s][info][gc,load     ] GC(309) Load: 0.00/0.00/0.00
[523.236s][info][gc,mmu      ] GC(309) MMU: 2ms/80.5%, 5ms/92.2%, 10ms/96.1%, 20ms/96.3%, 50ms/97.1%, 100ms/97.5%
[523.236s][info][gc,marking  ] GC(309) Mark: 1 stripe(s), 3 proactive flush(es), 3 terminate flush(es), 1 completion(s), 0 continuation(s) 
[523.236s][info][gc,marking  ] GC(309) Mark Stack Usage: 32M
[523.236s][info][gc,nmethod  ] GC(309) NMethods: 4858 registered, 3 unregistered
[523.236s][info][gc,metaspace] GC(309) Metaspace: 33M used, 33M committed, 1088M reserved
[523.236s][info][gc,ref      ] GC(309) Soft: 4016 encountered, 0 discovered, 0 enqueued
[523.236s][info][gc,ref      ] GC(309) Weak: 20901 encountered, 16386 discovered, 4120 enqueued
[523.236s][info][gc,ref      ] GC(309) Final: 7 encountered, 7 discovered, 0 enqueued
[523.236s][info][gc,ref      ] GC(309) Phantom: 717 encountered, 668 discovered, 0 enqueued
[523.236s][info][gc,reloc    ] GC(309) Small Pages: 2749 / 5498M, Empty: 4702M, Relocated: 41M, In-Place: 0
[523.236s][info][gc,reloc    ] GC(309) Medium Pages: 24 / 768M, Empty: 704M, Relocated: 16M, In-Place: 0
[523.236s][info][gc,reloc    ] GC(309) Large Pages: 221 / 1538M, Empty: 1532M, Relocated: 0M, In-Place: 0
[523.236s][info][gc,reloc    ] GC(309) Forwarding Usage: 12M
[523.236s][info][gc,heap     ] GC(309) Min Capacity: 8192M(100%)
[523.236s][info][gc,heap     ] GC(309) Max Capacity: 8192M(100%)
[523.236s][info][gc,heap     ] GC(309) Soft Max Capacity: 8192M(100%)
[523.236s][info][gc,heap     ] GC(309)                Mark Start          Mark End        Relocate Start      Relocate End           High               Low         
[523.236s][info][gc,heap     ] GC(309)  Capacity:     8192M (100%)       8192M (100%)       8192M (100%)       8192M (100%)       8192M (100%)       8192M (100%)   
[523.236s][info][gc,heap     ] GC(309)      Free:      388M (5%)          202M (2%)         7098M (87%)        7764M (95%)        7764M (95%)         164M (2%)     
[523.236s][info][gc,heap     ] GC(309)      Used:     7804M (95%)        7990M (98%)        1094M (13%)         428M (5%)         8028M (98%)         428M (5%)     
[523.236s][info][gc,heap     ] GC(309)      Live:         -               163M (2%)          163M (2%)          163M (2%)             -                  -          
[523.236s][info][gc,heap     ] GC(309) Allocated:         -               186M (2%)          228M (3%)          244M (3%)             -                  -          
[523.236s][info][gc,heap     ] GC(309)   Garbage:         -              7640M (93%)         702M (9%)           19M (0%)             -                  -          
[523.236s][info][gc,heap     ] GC(309) Reclaimed:         -                  -              6938M (85%)        7620M (93%)            -                  -          
[523.236s][info][gc          ] GC(309) Garbage Collection (Allocation Rate) 7804M(95%)->428M(5%)
[523.236s][info][gc,start    ] GC(310) Garbage Collection (System.gc())
[523.236s][info][gc,task     ] GC(310) Using 2 workers
[523.236s][info][gc,phases   ] GC(310) Pause Mark Start 0.012ms
[523.298s][info][gc,phases   ] GC(310) Concurrent Mark 61.206ms
[523.298s][info][gc,phases   ] GC(310) Pause Mark End 0.014ms
[523.298s][info][gc,phases   ] GC(310) Concurrent Mark Free 0.002ms
[523.304s][info][gc,phases   ] GC(310) Concurrent Process Non-Strong References 5.665ms
[523.304s][info][gc,phases   ] GC(310) Concurrent Reset Relocation Set 0.023ms
[523.306s][info][gc,phases   ] GC(310) Concurrent Select Relocation Set 2.101ms
[523.306s][info][gc,phases   ] GC(310) Pause Relocate Start 0.010ms
[523.314s][info][gc,phases   ] GC(310) Concurrent Relocate 7.585ms
[523.314s][info][gc,load     ] GC(310) Load: 0.00/0.00/0.00
[523.314s][info][gc,mmu      ] GC(310) MMU: 2ms/80.5%, 5ms/92.2%, 10ms/96.1%, 20ms/96.3%, 50ms/97.1%, 100ms/97.5%
[523.314s][info][gc,marking  ] GC(310) Mark: 2 stripe(s), 1 proactive flush(es), 1 terminate flush(es), 0 completion(s), 0 continuation(s) 
[523.314s][info][gc,marking  ] GC(310) Mark Stack Usage: 32M
[523.314s][info][gc,nmethod  ] GC(310) NMethods: 4858 registered, 3 unregistered
[523.314s][info][gc,metaspace] GC(310) Metaspace: 33M used, 33M committed, 1088M reserved
[523.314s][info][gc,ref      ] GC(310) Soft: 4016 encountered, 0 discovered, 0 enqueued
[523.314s][info][gc,ref      ] GC(310) Weak: 22379 encountered, 20727 discovered, 20666 enqueued
[523.314s][info][gc,ref      ] GC(310) Final: 7 encountered, 5 discovered, 0 enqueued
[523.314s][info][gc,ref      ] GC(310) Phantom: 714 encountered, 649 discovered, 0 enqueued
[523.314s][info][gc,reloc    ] GC(310) Small Pages: 125 / 250M, Empty: 0M, Relocated: 10M, In-Place: 0
[523.314s][info][gc,reloc    ] GC(310) Medium Pages: 3 / 96M, Empty: 32M, Relocated: 14M, In-Place: 0
[523.314s][info][gc,reloc    ] GC(310) Large Pages: 12 / 82M, Empty: 82M, Relocated: 0M, In-Place: 0
[523.314s][info][gc,reloc    ] GC(310) Forwarding Usage: 2M
[523.314s][info][gc,heap     ] GC(310) Min Capacity: 8192M(100%)
[523.314s][info][gc,heap     ] GC(310) Max Capacity: 8192M(100%)
[523.314s][info][gc,heap     ] GC(310) Soft Max Capacity: 8192M(100%)
[523.314s][info][gc,heap     ] GC(310)                Mark Start          Mark End        Relocate Start      Relocate End           High               Low         
[523.314s][info][gc,heap     ] GC(310)  Capacity:     8192M (100%)       8192M (100%)       8192M (100%)       8192M (100%)       8192M (100%)       8192M (100%)   
[523.314s][info][gc,heap     ] GC(310)      Free:     7764M (95%)        7764M (95%)        7878M (96%)        8046M (98%)        8046M (98%)        7764M (95%)    
[523.314s][info][gc,heap     ] GC(310)      Used:      428M (5%)          428M (5%)          314M (4%)          146M (2%)          428M (5%)          146M (2%)     
[523.314s][info][gc,heap     ] GC(310)      Live:         -               124M (2%)          124M (2%)          124M (2%)             -                  -          
[523.314s][info][gc,heap     ] GC(310) Allocated:         -                 0M (0%)            0M (0%)            0M (0%)             -                  -          
[523.314s][info][gc,heap     ] GC(310)   Garbage:         -               303M (4%)          189M (2%)           21M (0%)             -                  -          
[523.314s][info][gc,heap     ] GC(310) Reclaimed:         -                  -               114M (1%)          282M (3%)             -                  -          
[523.314s][info][gc          ] GC(310) Garbage Collection (System.gc()) 428M(5%)->146M(2%)
[524.021s][info][gc,start    ] GC(311) Garbage Collection (Allocation Rate)
[524.021s][info][gc,task     ] GC(311) Using 2 workers
[524.021s][info][gc,phases   ] GC(311) Pause Mark Start 0.009ms
[524.100s][info][gc,phases   ] GC(311) Concurrent Mark 78.165ms
[524.100s][info][gc,phases   ] GC(311) Pause Mark End 0.014ms
[524.100s][info][gc,phases   ] GC(311) Concurrent Mark Free 0.001ms
[524.105s][info][gc,phases   ] GC(311) Concurrent Process Non-Strong References 5.277ms
[524.105s][info][gc,phases   ] GC(311) Concurrent Reset Relocation Set 0.008ms
[524.108s][info][gc,phases   ] GC(311) Concurrent Select Relocation Set 3.032ms
[524.108s][info][gc,phases   ] GC(311) Pause Relocate Start 0.008ms
[524.109s][info][gc,phases   ] GC(311) Concurrent Relocate 0.269ms
[524.109s][info][gc,load     ] GC(311) Load: 0.00/0.00/0.00
[524.109s][info][gc,mmu      ] GC(311) MMU: 2ms/80.5%, 5ms/92.2%, 10ms/96.1%, 20ms/96.3%, 50ms/97.1%, 100ms/97.5%
[524.109s][info][gc,marking  ] GC(311) Mark: 2 stripe(s), 2 proactive flush(es), 1 terminate flush(es), 0 completion(s), 0 continuation(s) 
[524.109s][info][gc,marking  ] GC(311) Mark Stack Usage: 32M
[524.109s][info][gc,nmethod  ] GC(311) NMethods: 4858 registered, 3 unregistered
[524.109s][info][gc,metaspace] GC(311) Metaspace: 33M used, 33M committed, 1088M reserved
[524.109s][info][gc,ref      ] GC(311) Soft: 4016 encountered, 0 discovered, 0 enqueued
[524.109s][info][gc,ref      ] GC(311) Weak: 1731 encountered, 58 discovered, 0 enqueued
[524.109s][info][gc,ref      ] GC(311) Final: 7 encountered, 5 discovered, 0 enqueued
[524.109s][info][gc,ref      ] GC(311) Phantom: 714 encountered, 570 discovered, 0 enqueued
[524.109s][info][gc,reloc    ] GC(311) Small Pages: 2623 / 5246M, Empty: 5104M, Relocated: 0M, In-Place: 0
[524.109s][info][gc,reloc    ] GC(311) Medium Pages: 1 / 32M, Empty: 0M, Relocated: 0M, In-Place: 0
[524.109s][info][gc,reloc    ] GC(311) Large Pages: 0 / 0M, Empty: 0M, Relocated: 0M, In-Place: 0
[524.109s][info][gc,reloc    ] GC(311) Forwarding Usage: 0M
[524.109s][info][gc,heap     ] GC(311) Min Capacity: 8192M(100%)
[524.109s][info][gc,heap     ] GC(311) Max Capacity: 8192M(100%)
[524.109s][info][gc,heap     ] GC(311) Soft Max Capacity: 8192M(100%)
[524.109s][info][gc,heap     ] GC(311)                Mark Start          Mark End        Relocate Start      Relocate End           High               Low         
[524.109s][info][gc,heap     ] GC(311)  Capacity:     8192M (100%)       8192M (100%)       8192M (100%)       8192M (100%)       8192M (100%)       8192M (100%)   
[524.109s][info][gc,heap     ] GC(311)      Free:     2914M (36%)        2600M (32%)        7672M (94%)        7694M (94%)        7696M (94%)        2580M (31%)    
[524.109s][info][gc,heap     ] GC(311)      Used:     5278M (64%)        5592M (68%)         520M (6%)          498M (6%)         5612M (69%)         496M (6%)     
[524.109s][info][gc,heap     ] GC(311)      Live:         -               124M (2%)          124M (2%)          124M (2%)             -                  -          
[524.109s][info][gc,heap     ] GC(311) Allocated:         -               314M (4%)          346M (4%)          349M (4%)             -                  -          
[524.109s][info][gc,heap     ] GC(311)   Garbage:         -              5153M (63%)          49M (1%)           23M (0%)             -                  -          
[524.109s][info][gc,heap     ] GC(311) Reclaimed:         -                  -              5104M (62%)        5129M (63%)            -                  -          
[524.109s][info][gc          ] GC(311) Garbage Collection (Allocation Rate) 5278M(64%)->498M(6%)
[525.036s][info][gc,start    ] GC(312) Garbage Collection (Allocation Rate)
[525.036s][info][gc,task     ] GC(312) Using 1 workers
[525.036s][info][gc,phases   ] GC(312) Pause Mark Start 0.010ms
[525.160s][info][gc,phases   ] GC(312) Concurrent Mark 123.878ms
[525.160s][info][gc,phases   ] GC(312) Pause Mark End 0.012ms
[525.160s][info][gc,phases   ] GC(312) Concurrent Mark Free 0.001ms
[525.171s][info][gc,phases   ] GC(312) Concurrent Process Non-Strong References 10.577ms
[525.171s][info][gc,phases   ] GC(312) Concurrent Reset Relocation Set 0.002ms
[525.174s][info][gc,phases   ] GC(312) Concurrent Select Relocation Set 2.786ms
[525.174s][info][gc,phases   ] GC(312) Pause Relocate Start 0.008ms
[525.174s][info][gc,phases   ] GC(312) Concurrent Relocate 0.340ms
[525.174s][info][gc,load     ] GC(312) Load: 0.00/0.00/0.00
[525.174s][info][gc,mmu      ] GC(312) MMU: 2ms/80.5%, 5ms/92.2%, 10ms/96.1%, 20ms/96.3%, 50ms/97.1%, 100ms/97.5%
[525.174s][info][gc,marking  ] GC(312) Mark: 1 stripe(s), 2 proactive flush(es), 1 terminate flush(es), 0 completion(s), 0 continuation(s) 
[525.174s][info][gc,marking  ] GC(312) Mark Stack Usage: 32M
[525.174s][info][gc,nmethod  ] GC(312) NMethods: 4858 registered, 3 unregistered
[525.174s][info][gc,metaspace] GC(312) Metaspace: 33M used, 33M committed, 1088M reserved
[525.174s][info][gc,ref      ] GC(312) Soft: 4016 encountered, 0 discovered, 0 enqueued
[525.174s][info][gc,ref      ] GC(312) Weak: 1731 encountered, 1284 discovered, 0 enqueued
[525.174s][info][gc,ref      ] GC(312) Final: 7 encountered, 7 discovered, 0 enqueued
[525.174s][info][gc,ref      ] GC(312) Phantom: 714 encountered, 665 discovered, 0 enqueued
[525.174s][info][gc,reloc    ] GC(312) Small Pages: 2875 / 5750M, Empty: 5610M, Relocated: 0M, In-Place: 0
[525.174s][info][gc,reloc    ] GC(312) Medium Pages: 1 / 32M, Empty: 0M, Relocated: 0M, In-Place: 0
[525.174s][info][gc,reloc    ] GC(312) Large Pages: 0 / 0M, Empty: 0M, Relocated: 0M, In-Place: 0
[525.174s][info][gc,reloc    ] GC(312) Forwarding Usage: 0M
[525.174s][info][gc,heap     ] GC(312) Min Capacity: 8192M(100%)
[525.174s][info][gc,heap     ] GC(312) Max Capacity: 8192M(100%)
[525.174s][info][gc,heap     ] GC(312) Soft Max Capacity: 8192M(100%)
[525.174s][info][gc,heap     ] GC(312)                Mark Start          Mark End        Relocate Start      Relocate End           High               Low         
[525.174s][info][gc,heap     ] GC(312)  Capacity:     8192M (100%)       8192M (100%)       8192M (100%)       8192M (100%)       8192M (100%)       8192M (100%)   
[525.174s][info][gc,heap     ] GC(312)      Free:     2410M (29%)        1938M (24%)        7496M (92%)        7522M (92%)        7522M (92%)        1900M (23%)    
[525.174s][info][gc,heap     ] GC(312)      Used:     5782M (71%)        6254M (76%)         696M (8%)          670M (8%)         6292M (77%)         670M (8%)     
[525.174s][info][gc,heap     ] GC(312)      Live:         -               124M (2%)          124M (2%)          124M (2%)             -                  -          
[525.174s][info][gc,heap     ] GC(312) Allocated:         -               472M (6%)          524M (6%)          523M (6%)             -                  -          
[525.174s][info][gc,heap     ] GC(312)   Garbage:         -              5657M (69%)          47M (1%)           21M (0%)             -                  -          
[525.174s][info][gc,heap     ] GC(312) Reclaimed:         -                  -              5610M (68%)        5635M (69%)            -                  -          
[525.174s][info][gc          ] GC(312) Garbage Collection (Allocation Rate) 5782M(71%)->670M(8%)
[526.821s][info][gc,start    ] GC(313) Garbage Collection (Allocation Rate)
[526.821s][info][gc,task     ] GC(313) Using 1 workers
[526.821s][info][gc,phases   ] GC(313) Pause Mark Start 0.012ms
[526.944s][info][gc,phases   ] GC(313) Concurrent Mark 123.099ms
[526.944s][info][gc,phases   ] GC(313) Pause Mark End 0.233ms
[526.944s][info][gc,phases   ] GC(313) Concurrent Mark Free 0.001ms
[526.954s][info][gc,phases   ] GC(313) Concurrent Process Non-Strong References 9.513ms
[526.954s][info][gc,phases   ] GC(313) Concurrent Reset Relocation Set 0.002ms
[526.960s][info][gc,phases   ] GC(313) Concurrent Select Relocation Set 5.765ms
[526.960s][info][gc,phases   ] GC(313) Pause Relocate Start 0.017ms
[526.998s][info][gc,phases   ] GC(313) Concurrent Relocate 37.973ms
[526.998s][info][gc,load     ] GC(313) Load: 0.00/0.00/0.00
[526.998s][info][gc,mmu      ] GC(313) MMU: 2ms/80.5%, 5ms/92.2%, 10ms/96.1%, 20ms/96.3%, 50ms/97.1%, 100ms/97.5%
[526.998s][info][gc,marking  ] GC(313) Mark: 1 stripe(s), 7 proactive flush(es), 3 terminate flush(es), 1 completion(s), 0 continuation(s) 
[526.998s][info][gc,marking  ] GC(313) Mark Stack Usage: 32M
[526.998s][info][gc,nmethod  ] GC(313) NMethods: 4858 registered, 3 unregistered
[526.998s][info][gc,metaspace] GC(313) Metaspace: 33M used, 33M committed, 1088M reserved
[526.998s][info][gc,ref      ] GC(313) Soft: 4016 encountered, 0 discovered, 0 enqueued
[526.998s][info][gc,ref      ] GC(313) Weak: 21745 encountered, 17189 discovered, 3584 enqueued
[526.998s][info][gc,ref      ] GC(313) Final: 7 encountered, 0 discovered, 0 enqueued
[526.998s][info][gc,ref      ] GC(313) Phantom: 720 encountered, 701 discovered, 0 enqueued
[526.998s][info][gc,reloc    ] GC(313) Small Pages: 2324 / 4648M, Empty: 4124M, Relocated: 38M, In-Place: 0
[526.998s][info][gc,reloc    ] GC(313) Medium Pages: 8 / 256M, Empty: 192M, Relocated: 16M, In-Place: 0
[526.998s][info][gc,reloc    ] GC(313) Large Pages: 63 / 436M, Empty: 430M, Relocated: 0M, In-Place: 0
[526.999s][info][gc,reloc    ] GC(313) Forwarding Usage: 11M
[526.999s][info][gc,heap     ] GC(313) Min Capacity: 8192M(100%)
[526.999s][info][gc,heap     ] GC(313) Max Capacity: 8192M(100%)
[526.999s][info][gc,heap     ] GC(313) Soft Max Capacity: 8192M(100%)
[526.999s][info][gc,heap     ] GC(313)                Mark Start          Mark End        Relocate Start      Relocate End           High               Low         
[526.999s][info][gc,heap     ] GC(313)  Capacity:     8192M (100%)       8192M (100%)       8192M (100%)       8192M (100%)       8192M (100%)       8192M (100%)   
[526.999s][info][gc,heap     ] GC(313)      Free:     2852M (35%)        2712M (33%)        7436M (91%)        7790M (95%)        7824M (96%)        2700M (33%)    
[526.999s][info][gc,heap     ] GC(313)      Used:     5340M (65%)        5480M (67%)         756M (9%)          402M (5%)         5492M (67%)         368M (4%)     
[526.999s][info][gc,heap     ] GC(313)      Live:         -               160M (2%)          160M (2%)          160M (2%)             -                  -          
[526.999s][info][gc,heap     ] GC(313) Allocated:         -               140M (2%)          162M (2%)          222M (3%)             -                  -          
[526.999s][info][gc,heap     ] GC(313)   Garbage:         -              5179M (63%)         433M (5%)           18M (0%)             -                  -          
[526.999s][info][gc,heap     ] GC(313) Reclaimed:         -                  -              4746M (58%)        5160M (63%)            -                  -          
[526.999s][info][gc          ] GC(313) Garbage Collection (Allocation Rate) 5340M(65%)->402M(5%)
[529.467s][info][gc,start    ] GC(314) Garbage Collection (System.gc())
[529.467s][info][gc,task     ] GC(314) Using 2 workers
[529.467s][info][gc,phases   ] GC(314) Pause Mark Start 0.007ms
[529.532s][info][gc,phases   ] GC(314) Concurrent Mark 64.882ms
[529.532s][info][gc,phases   ] GC(314) Pause Mark End 0.026ms
[529.532s][info][gc,phases   ] GC(314) Concurrent Mark Free 0.002ms
[529.539s][info][gc,phases   ] GC(314) Concurrent Process Non-Strong References 6.076ms
[529.539s][info][gc,phases   ] GC(314) Concurrent Reset Relocation Set 0.017ms
[529.541s][info][gc,phases   ] GC(314) Concurrent Select Relocation Set 2.394ms
[529.541s][info][gc,phases   ] GC(314) Pause Relocate Start 0.009ms
[529.548s][info][gc,phases   ] GC(314) Concurrent Relocate 6.904ms
[529.548s][info][gc,load     ] GC(314) Load: 0.00/0.00/0.00
[529.548s][info][gc,mmu      ] GC(314) MMU: 2ms/80.5%, 5ms/92.2%, 10ms/96.1%, 20ms/96.3%, 50ms/97.1%, 100ms/97.5%
[529.548s][info][gc,marking  ] GC(314) Mark: 2 stripe(s), 1 proactive flush(es), 1 terminate flush(es), 0 completion(s), 0 continuation(s) 
[529.548s][info][gc,marking  ] GC(314) Mark Stack Usage: 32M
[529.548s][info][gc,nmethod  ] GC(314) NMethods: 4858 registered, 3 unregistered
[529.548s][info][gc,metaspace] GC(314) Metaspace: 33M used, 33M committed, 1088M reserved
[529.548s][info][gc,ref      ] GC(314) Soft: 4016 encountered, 0 discovered, 0 enqueued
[529.548s][info][gc,ref      ] GC(314) Weak: 24384 encountered, 22718 discovered, 22670 enqueued
[529.548s][info][gc,ref      ] GC(314) Final: 7 encountered, 5 discovered, 0 enqueued
[529.548s][info][gc,ref      ] GC(314) Phantom: 714 encountered, 643 discovered, 0 enqueued
[529.548s][info][gc,reloc    ] GC(314) Small Pages: 752 / 1504M, Empty: 832M, Relocated: 10M, In-Place: 0
[529.548s][info][gc,reloc    ] GC(314) Medium Pages: 21 / 672M, Empty: 608M, Relocated: 15M, In-Place: 0
[529.548s][info][gc,reloc    ] GC(314) Large Pages: 184 / 1280M, Empty: 1280M, Relocated: 0M, In-Place: 0
[529.548s][info][gc,reloc    ] GC(314) Forwarding Usage: 3M
[529.548s][info][gc,heap     ] GC(314) Min Capacity: 8192M(100%)
[529.548s][info][gc,heap     ] GC(314) Max Capacity: 8192M(100%)
[529.548s][info][gc,heap     ] GC(314) Soft Max Capacity: 8192M(100%)
[529.548s][info][gc,heap     ] GC(314)                Mark Start          Mark End        Relocate Start      Relocate End           High               Low         
[529.548s][info][gc,heap     ] GC(314)  Capacity:     8192M (100%)       8192M (100%)       8192M (100%)       8192M (100%)       8192M (100%)       8192M (100%)   
[529.549s][info][gc,heap     ] GC(314)      Free:     4736M (58%)        4736M (58%)        7456M (91%)        8046M (98%)        8046M (98%)        4736M (58%)    
[529.549s][info][gc,heap     ] GC(314)      Used:     3456M (42%)        3456M (42%)         736M (9%)          146M (2%)         3456M (42%)         146M (2%)     
[529.549s][info][gc,heap     ] GC(314)      Live:         -               125M (2%)          125M (2%)          125M (2%)             -                  -          
[529.549s][info][gc,heap     ] GC(314) Allocated:         -                 0M (0%)            0M (0%)            0M (0%)             -                  -          
[529.549s][info][gc,heap     ] GC(314)   Garbage:         -              3330M (41%)         610M (7%)           20M (0%)             -                  -          
[529.549s][info][gc,heap     ] GC(314) Reclaimed:         -                  -              2720M (33%)        3310M (40%)            -                  -          
[529.549s][info][gc          ] GC(314) Garbage Collection (System.gc()) 3456M(42%)->146M(2%)
[530.224s][info][gc,start    ] GC(315) Garbage Collection (Allocation Rate)
[530.224s][info][gc,task     ] GC(315) Using 2 workers
[530.224s][info][gc,phases   ] GC(315) Pause Mark Start 0.009ms
[530.318s][info][gc,phases   ] GC(315) Concurrent Mark 82.092ms
[530.318s][info][gc,phases   ] GC(315) Pause Mark End 0.016ms
[530.318s][info][gc,phases   ] GC(315) Concurrent Mark Free 0.001ms
[530.324s][info][gc,phases   ] GC(315) Concurrent Process Non-Strong References 6.065ms
[530.324s][info][gc,phases   ] GC(315) Concurrent Reset Relocation Set 0.026ms
[530.328s][info][gc,phases   ] GC(315) Concurrent Select Relocation Set 3.446ms
[530.328s][info][gc,phases   ] GC(315) Pause Relocate Start 0.009ms
[530.328s][info][gc,phases   ] GC(315) Concurrent Relocate 0.244ms
[530.328s][info][gc,load     ] GC(315) Load: 0.00/0.00/0.00
[530.328s][info][gc,mmu      ] GC(315) MMU: 2ms/80.5%, 5ms/92.2%, 10ms/96.1%, 20ms/96.3%, 50ms/97.1%, 100ms/97.5%
[530.328s][info][gc,marking  ] GC(315) Mark: 2 stripe(s), 3 proactive flush(es), 1 terminate flush(es), 0 completion(s), 0 continuation(s) 
[530.328s][info][gc,marking  ] GC(315) Mark Stack Usage: 32M
[530.328s][info][gc,nmethod  ] GC(315) NMethods: 4858 registered, 3 unregistered
[530.328s][info][gc,metaspace] GC(315) Metaspace: 33M used, 33M committed, 1088M reserved
[530.328s][info][gc,ref      ] GC(315) Soft: 4016 encountered, 0 discovered, 0 enqueued
[530.328s][info][gc,ref      ] GC(315) Weak: 1726 encountered, 71 discovered, 0 enqueued
[530.328s][info][gc,ref      ] GC(315) Final: 7 encountered, 7 discovered, 0 enqueued
[530.328s][info][gc,ref      ] GC(315) Phantom: 714 encountered, 494 discovered, 0 enqueued
[530.328s][info][gc,reloc    ] GC(315) Small Pages: 2522 / 5044M, Empty: 4908M, Relocated: 0M, In-Place: 0
[530.328s][info][gc,reloc    ] GC(315) Medium Pages: 1 / 32M, Empty: 0M, Relocated: 0M, In-Place: 0
[530.328s][info][gc,reloc    ] GC(315) Large Pages: 0 / 0M, Empty: 0M, Relocated: 0M, In-Place: 0
[530.328s][info][gc,reloc    ] GC(315) Forwarding Usage: 0M
[530.328s][info][gc,heap     ] GC(315) Min Capacity: 8192M(100%)
[530.328s][info][gc,heap     ] GC(315) Max Capacity: 8192M(100%)
[530.328s][info][gc,heap     ] GC(315) Soft Max Capacity: 8192M(100%)
[530.328s][info][gc,heap     ] GC(315)                Mark Start          Mark End        Relocate Start      Relocate End           High               Low         
[530.328s][info][gc,heap     ] GC(315)  Capacity:     8192M (100%)       8192M (100%)       8192M (100%)       8192M (100%)       8192M (100%)       8192M (100%)   
[530.328s][info][gc,heap     ] GC(315)      Free:     3116M (38%)        2726M (33%)        7584M (93%)        7604M (93%)        7604M (93%)        2690M (33%)    
[530.328s][info][gc,heap     ] GC(315)      Used:     5076M (62%)        5466M (67%)         608M (7%)          588M (7%)         5502M (67%)         588M (7%)     
[530.328s][info][gc,heap     ] GC(315)      Live:         -               125M (2%)          125M (2%)          125M (2%)             -                  -          
[530.328s][info][gc,heap     ] GC(315) Allocated:         -               390M (5%)          440M (5%)          439M (5%)             -                  -          
[530.328s][info][gc,heap     ] GC(315)   Garbage:         -              4950M (60%)          42M (1%)           22M (0%)             -                  -          
[530.328s][info][gc,heap     ] GC(315) Reclaimed:         -                  -              4908M (60%)        4927M (60%)            -                  -          
[530.328s][info][gc          ] GC(315) Garbage Collection (Allocation Rate) 5076M(62%)->588M(7%)
[530.333s][info][gc,stats    ] === Garbage Collection Statistics =======================================================================================================================
[530.334s][info][gc,stats    ]                                                              Last 10s              Last 10m              Last 10h                Total
[530.334s][info][gc,stats    ]                                                              Avg / Max             Avg / Max             Avg / Max             Avg / Max
[530.334s][info][gc,stats    ]   Collector: Garbage Collection Cycle                    126.046 / 215.148     124.736 / 379.439     124.736 / 379.439     124.736 / 379.439     ms
[530.334s][info][gc,stats    ]  Contention: Mark Segment Reset Contention                     0 / 1                 0 / 115               0 / 115               0 / 115         ops/s
[530.334s][info][gc,stats    ]  Contention: Mark SeqNum Reset Contention                      0 / 0                 0 / 2                 0 / 2                 0 / 2           ops/s
[530.334s][info][gc,stats    ]    Critical: Allocation Stall                                  0 / 0                 0 / 0                 0 / 0                 0 / 0           ops/s
[530.334s][info][gc,stats    ]    Critical: Allocation Stall                              0.000 / 0.000         0.000 / 0.000         0.000 / 0.000         0.000 / 0.000       ms
[530.334s][info][gc,stats    ]    Critical: GC Locker Stall                                   0 / 0                 0 / 0                 0 / 0                 0 / 0           ops/s
[530.334s][info][gc,stats    ]    Critical: GC Locker Stall                               0.000 / 0.000         0.000 / 0.000         0.000 / 0.000         0.000 / 0.000       ms
[530.334s][info][gc,stats    ]    Critical: Relocation Stall                                  0 / 0                 0 / 0                 0 / 0                 0 / 0           ops/s
[530.334s][info][gc,stats    ]    Critical: Relocation Stall                              0.000 / 0.000         0.000 / 0.000         0.000 / 0.000         0.000 / 0.000       ms
[530.334s][info][gc,stats    ]      Memory: Allocation Rate                                2798 / 6616           2833 / 6636           2833 / 6636           2833 / 6636        MB/s
[530.334s][info][gc,stats    ]      Memory: Out Of Memory                                     0 / 0                 0 / 0                 0 / 0                 0 / 0           ops/s
[530.334s][info][gc,stats    ]      Memory: Page Cache Flush                                100 / 598              88 / 672              88 / 672              88 / 672         MB/s
[530.334s][info][gc,stats    ]      Memory: Page Cache Hit L1                              1194 / 3310           1213 / 3321           1213 / 3321           1213 / 3321        ops/s
[530.334s][info][gc,stats    ]      Memory: Page Cache Hit L2                                 0 / 0                 0 / 0                 0 / 0                 0 / 0           ops/s
[530.334s][info][gc,stats    ]      Memory: Page Cache Hit L3                                23 / 183              40 / 635              40 / 635              40 / 635         ops/s
[530.334s][info][gc,stats    ]      Memory: Page Cache Miss                                  10 / 61                9 / 71                9 / 71                9 / 71          ops/s
[530.334s][info][gc,stats    ]      Memory: Uncommit                                          0 / 0                 0 / 0                 0 / 0                 0 / 0           MB/s
[530.334s][info][gc,stats    ]      Memory: Undo Object Allocation Failed                     0 / 0                 0 / 2                 0 / 2                 0 / 2           ops/s
[530.334s][info][gc,stats    ]      Memory: Undo Object Allocation Succeeded                  0 / 2                 0 / 94                0 / 94                0 / 94          ops/s
[530.334s][info][gc,stats    ]      Memory: Undo Page Allocation                              0 / 3                 0 / 8                 0 / 8                 0 / 8           ops/s
[530.334s][info][gc,stats    ]       Phase: Concurrent Mark                              99.215 / 161.183      99.095 / 213.312      99.095 / 213.312      99.095 / 213.312     ms
[530.334s][info][gc,stats    ]       Phase: Concurrent Mark Continue                      0.000 / 0.000        15.376 / 35.578       15.376 / 35.578       15.376 / 35.578      ms
[530.334s][info][gc,stats    ]       Phase: Concurrent Mark Free                          0.001 / 0.002         0.001 / 0.004         0.001 / 0.004         0.001 / 0.004       ms
[530.334s][info][gc,stats    ]       Phase: Concurrent Process Non-Strong References      7.606 / 10.577        8.427 / 31.706        8.427 / 31.706        8.427 / 31.706      ms
[530.334s][info][gc,stats    ]       Phase: Concurrent Relocate                          12.960 / 37.973        9.520 / 76.380        9.520 / 76.380        9.520 / 76.380      ms
[530.334s][info][gc,stats    ]       Phase: Concurrent Reset Relocation Set               0.011 / 0.026         0.010 / 0.049         0.010 / 0.049         0.010 / 0.049       ms
[530.334s][info][gc,stats    ]       Phase: Concurrent Select Relocation Set              3.591 / 5.765         3.570 / 13.402        3.570 / 13.402        3.570 / 13.402      ms
[530.334s][info][gc,stats    ]       Phase: Pause Mark End                                0.056 / 0.233         0.046 / 0.390         0.046 / 0.390         0.046 / 0.390       ms
[530.334s][info][gc,stats    ]       Phase: Pause Mark Start                              0.010 / 0.012         0.008 / 0.022         0.008 / 0.022         0.008 / 0.022       ms
[530.334s][info][gc,stats    ]       Phase: Pause Relocate Start                          0.011 / 0.017         0.011 / 0.046         0.011 / 0.046         0.011 / 0.046       ms
[530.334s][info][gc,stats    ]    Subphase: Concurrent Classes Purge                      0.234 / 0.372         0.253 / 0.574         0.253 / 0.574         0.253 / 0.574       ms
[530.334s][info][gc,stats    ]    Subphase: Concurrent Classes Unlink                     5.857 / 9.422         5.921 / 23.760        5.921 / 23.760        5.921 / 23.760      ms
[530.334s][info][gc,stats    ]    Subphase: Concurrent Mark                              85.214 / 160.425      79.265 / 212.374      79.265 / 212.374      79.265 / 212.374     ms
[530.334s][info][gc,stats    ]    Subphase: Concurrent Mark Try Flush                     0.067 / 0.345         0.451 / 30.486        0.451 / 30.486        0.451 / 30.486      ms
[530.334s][info][gc,stats    ]    Subphase: Concurrent Mark Try Terminate                 2.891 / 15.641        2.853 / 24.568        2.853 / 24.568        2.853 / 24.568      ms
[530.334s][info][gc,stats    ]    Subphase: Concurrent References Enqueue                 0.003 / 0.008         0.003 / 0.008         0.003 / 0.008         0.003 / 0.008       ms
[530.334s][info][gc,stats    ]    Subphase: Concurrent References Process                 1.068 / 2.239         1.018 / 3.217         1.018 / 3.217         1.018 / 3.217       ms
[530.334s][info][gc,stats    ]    Subphase: Concurrent Roots ClassLoaderDataGraph         0.104 / 0.202         0.107 / 0.537         0.107 / 0.537         0.107 / 0.537       ms
[530.334s][info][gc,stats    ]    Subphase: Concurrent Roots CodeCache                    0.000 / 0.000         0.000 / 0.000         0.000 / 0.000         0.000 / 0.000       ms
[530.334s][info][gc,stats    ]    Subphase: Concurrent Roots JavaThreads                  0.350 / 0.475         0.357 / 1.258         0.357 / 1.258         0.357 / 1.258       ms
[530.334s][info][gc,stats    ]    Subphase: Concurrent Roots OopStorageSet                0.094 / 0.614         0.031 / 0.614         0.031 / 0.614         0.031 / 0.614       ms
[530.334s][info][gc,stats    ]    Subphase: Concurrent Weak Roots OopStorageSet           0.277 / 0.387         0.300 / 1.123         0.300 / 1.123         0.300 / 1.123       ms
[530.334s][info][gc,stats    ]    Subphase: Pause Mark Try Complete                       0.097 / 0.168         0.139 / 0.301         0.139 / 0.301         0.139 / 0.301       ms
[530.334s][info][gc,stats    ]      System: Java Threads                                     18 / 21               19 / 22               19 / 22               19 / 22          threads
[530.334s][info][gc,stats    ] =========================================================================================================================================================
[531.227s][info][gc,start    ] GC(316) Garbage Collection (Allocation Rate)
[531.227s][info][gc,task     ] GC(316) Using 1 workers
[531.228s][info][gc,phases   ] GC(316) Pause Mark Start 0.011ms
[531.366s][info][gc,phases   ] GC(316) Concurrent Mark 138.759ms
[531.367s][info][gc,phases   ] GC(316) Pause Mark End 0.010ms
[531.367s][info][gc,phases   ] GC(316) Concurrent Mark Free 0.001ms
[531.377s][info][gc,phases   ] GC(316) Concurrent Process Non-Strong References 9.976ms
[531.377s][info][gc,phases   ] GC(316) Concurrent Reset Relocation Set 0.002ms
[531.379s][info][gc,phases   ] GC(316) Concurrent Select Relocation Set 2.648ms
[531.380s][info][gc,phases   ] GC(316) Pause Relocate Start 0.014ms
[531.380s][info][gc,phases   ] GC(316) Concurrent Relocate 0.332ms
[531.380s][info][gc,load     ] GC(316) Load: 0.00/0.00/0.00
[531.380s][info][gc,mmu      ] GC(316) MMU: 2ms/80.5%, 5ms/92.2%, 10ms/96.1%, 20ms/96.3%, 50ms/97.1%, 100ms/97.5%
[531.380s][info][gc,marking  ] GC(316) Mark: 1 stripe(s), 2 proactive flush(es), 1 terminate flush(es), 0 completion(s), 0 continuation(s) 
[531.380s][info][gc,marking  ] GC(316) Mark Stack Usage: 32M
[531.380s][info][gc,nmethod  ] GC(316) NMethods: 4858 registered, 3 unregistered
[531.380s][info][gc,metaspace] GC(316) Metaspace: 33M used, 33M committed, 1088M reserved
[531.380s][info][gc,ref      ] GC(316) Soft: 4016 encountered, 0 discovered, 0 enqueued
[531.380s][info][gc,ref      ] GC(316) Weak: 1732 encountered, 1284 discovered, 0 enqueued
[531.380s][info][gc,ref      ] GC(316) Final: 7 encountered, 7 discovered, 0 enqueued
[531.380s][info][gc,ref      ] GC(316) Phantom: 714 encountered, 665 discovered, 0 enqueued
[531.380s][info][gc,reloc    ] GC(316) Small Pages: 2851 / 5702M, Empty: 5558M, Relocated: 0M, In-Place: 0
[531.380s][info][gc,reloc    ] GC(316) Medium Pages: 1 / 32M, Empty: 0M, Relocated: 0M, In-Place: 0
[531.380s][info][gc,reloc    ] GC(316) Large Pages: 0 / 0M, Empty: 0M, Relocated: 0M, In-Place: 0
[531.380s][info][gc,reloc    ] GC(316) Forwarding Usage: 0M
[531.380s][info][gc,heap     ] GC(316) Min Capacity: 8192M(100%)
[531.380s][info][gc,heap     ] GC(316) Max Capacity: 8192M(100%)
[531.380s][info][gc,heap     ] GC(316) Soft Max Capacity: 8192M(100%)
[531.380s][info][gc,heap     ] GC(316)                Mark Start          Mark End        Relocate Start      Relocate End           High               Low         
[531.380s][info][gc,heap     ] GC(316)  Capacity:     8192M (100%)       8192M (100%)       8192M (100%)       8192M (100%)       8192M (100%)       8192M (100%)   
[531.380s][info][gc,heap     ] GC(316)      Free:     2458M (30%)        1776M (22%)        7292M (89%)        7318M (89%)        7318M (89%)        1744M (21%)    
[531.380s][info][gc,heap     ] GC(316)      Used:     5734M (70%)        6416M (78%)         900M (11%)         874M (11%)        6448M (79%)         874M (11%)    
[531.380s][info][gc,heap     ] GC(316)      Live:         -               125M (2%)          125M (2%)          125M (2%)             -                  -          
[531.380s][info][gc,heap     ] GC(316) Allocated:         -               682M (8%)          724M (9%)          727M (9%)             -                  -          
[531.380s][info][gc,heap     ] GC(316)   Garbage:         -              5608M (68%)          50M (1%)           20M (0%)             -                  -          
[531.380s][info][gc,heap     ] GC(316) Reclaimed:         -                  -              5558M (68%)        5587M (68%)            -                  -          
[531.380s][info][gc          ] GC(316) Garbage Collection (Allocation Rate) 5734M(70%)->874M(11%)
[532.730s][info][gc,start    ] GC(317) Garbage Collection (Allocation Rate)
[532.730s][info][gc,task     ] GC(317) Using 1 workers
[532.730s][info][gc,phases   ] GC(317) Pause Mark Start 0.006ms
[532.865s][info][gc,phases   ] GC(317) Concurrent Mark 134.736ms
[532.865s][info][gc,phases   ] GC(317) Pause Mark End 0.011ms
[532.865s][info][gc,phases   ] GC(317) Concurrent Mark Free 0.001ms
[532.876s][info][gc,phases   ] GC(317) Concurrent Process Non-Strong References 10.299ms
[532.876s][info][gc,phases   ] GC(317) Concurrent Reset Relocation Set 0.002ms
[532.881s][info][gc,phases   ] GC(317) Concurrent Select Relocation Set 5.682ms
[532.882s][info][gc,phases   ] GC(317) Pause Relocate Start 0.010ms
[532.917s][info][gc,phases   ] GC(317) Concurrent Relocate 35.093ms
[532.917s][info][gc,load     ] GC(317) Load: 0.00/0.00/0.00
[532.917s][info][gc,mmu      ] GC(317) MMU: 2ms/80.5%, 5ms/92.2%, 10ms/96.1%, 20ms/96.3%, 50ms/97.1%, 100ms/97.5%
[532.917s][info][gc,marking  ] GC(317) Mark: 1 stripe(s), 2 proactive flush(es), 1 terminate flush(es), 0 completion(s), 0 continuation(s) 
[532.917s][info][gc,marking  ] GC(317) Mark Stack Usage: 32M
[532.917s][info][gc,nmethod  ] GC(317) NMethods: 4858 registered, 3 unregistered
[532.917s][info][gc,metaspace] GC(317) Metaspace: 33M used, 33M committed, 1088M reserved
[532.917s][info][gc,ref      ] GC(317) Soft: 4016 encountered, 0 discovered, 0 enqueued
[532.917s][info][gc,ref      ] GC(317) Weak: 20797 encountered, 17357 discovered, 2530 enqueued
[532.917s][info][gc,ref      ] GC(317) Final: 7 encountered, 7 discovered, 0 enqueued
[532.917s][info][gc,ref      ] GC(317) Phantom: 720 encountered, 671 discovered, 0 enqueued
[532.917s][info][gc,reloc    ] GC(317) Small Pages: 2368 / 4736M, Empty: 4300M, Relocated: 38M, In-Place: 0
[532.917s][info][gc,reloc    ] GC(317) Medium Pages: 6 / 192M, Empty: 160M, Relocated: 0M, In-Place: 0
[532.917s][info][gc,reloc    ] GC(317) Large Pages: 41 / 286M, Empty: 286M, Relocated: 0M, In-Place: 0
[532.917s][info][gc,reloc    ] GC(317) Forwarding Usage: 11M
[532.917s][info][gc,heap     ] GC(317) Min Capacity: 8192M(100%)
[532.917s][info][gc,heap     ] GC(317) Max Capacity: 8192M(100%)
[532.917s][info][gc,heap     ] GC(317) Soft Max Capacity: 8192M(100%)
[532.917s][info][gc,heap     ] GC(317)                Mark Start          Mark End        Relocate Start      Relocate End           High               Low         
[532.917s][info][gc,heap     ] GC(317)  Capacity:     8192M (100%)       8192M (100%)       8192M (100%)       8192M (100%)       8192M (100%)       8192M (100%)   
[532.917s][info][gc,heap     ] GC(317)      Free:     2978M (36%)        2806M (34%)        7548M (92%)        7780M (95%)        7786M (95%)        2802M (34%)    
[532.917s][info][gc,heap     ] GC(317)      Used:     5214M (64%)        5386M (66%)         644M (8%)          412M (5%)         5390M (66%)         406M (5%)     
[532.917s][info][gc,heap     ] GC(317)      Live:         -               151M (2%)          151M (2%)          151M (2%)             -                  -          
[532.917s][info][gc,heap     ] GC(317) Allocated:         -               172M (2%)          176M (2%)          238M (3%)             -                  -          
[532.917s][info][gc,heap     ] GC(317)   Garbage:         -              5062M (62%)         316M (4%)           21M (0%)             -                  -          
[532.917s][info][gc,heap     ] GC(317) Reclaimed:         -                  -              4746M (58%)        5040M (62%)            -                  -          
[532.917s][info][gc          ] GC(317) Garbage Collection (Allocation Rate) 5214M(64%)->412M(5%)
[536.587s][info][gc,start    ] GC(318) Garbage Collection (System.gc())
[536.588s][info][gc,task     ] GC(318) Using 2 workers
[536.588s][info][gc,phases   ] GC(318) Pause Mark Start 0.005ms
[536.652s][info][gc,phases   ] GC(318) Concurrent Mark 63.958ms
[536.652s][info][gc,phases   ] GC(318) Pause Mark End 0.021ms
[536.652s][info][gc,phases   ] GC(318) Concurrent Mark Free 0.002ms
[536.657s][info][gc,phases   ] GC(318) Concurrent Process Non-Strong References 5.558ms
[536.658s][info][gc,phases   ] GC(318) Concurrent Reset Relocation Set 0.031ms
[536.660s][info][gc,phases   ] GC(318) Concurrent Select Relocation Set 2.438ms
[536.660s][info][gc,phases   ] GC(318) Pause Relocate Start 0.011ms
[536.667s][info][gc,phases   ] GC(318) Concurrent Relocate 7.152ms
[536.667s][info][gc,load     ] GC(318) Load: 0.00/0.00/0.00
[536.667s][info][gc,mmu      ] GC(318) MMU: 2ms/80.5%, 5ms/92.2%, 10ms/96.1%, 20ms/96.3%, 50ms/97.1%, 100ms/97.5%
[536.667s][info][gc,marking  ] GC(318) Mark: 2 stripe(s), 1 proactive flush(es), 1 terminate flush(es), 0 completion(s), 0 continuation(s) 
[536.667s][info][gc,marking  ] GC(318) Mark Stack Usage: 32M
[536.667s][info][gc,nmethod  ] GC(318) NMethods: 4858 registered, 3 unregistered
[536.667s][info][gc,metaspace] GC(318) Metaspace: 33M used, 33M committed, 1088M reserved
[536.668s][info][gc,ref      ] GC(318) Soft: 4016 encountered, 0 discovered, 0 enqueued
[536.668s][info][gc,ref      ] GC(318) Weak: 25876 encountered, 25111 discovered, 24162 enqueued
[536.668s][info][gc,ref      ] GC(318) Final: 7 encountered, 5 discovered, 0 enqueued
[536.668s][info][gc,ref      ] GC(318) Phantom: 714 encountered, 653 discovered, 0 enqueued
[536.668s][info][gc,reloc    ] GC(318) Small Pages: 970 / 1940M, Empty: 1200M, Relocated: 9M, In-Place: 0
[536.668s][info][gc,reloc    ] GC(318) Medium Pages: 29 / 928M, Empty: 864M, Relocated: 16M, In-Place: 0
[536.668s][info][gc,reloc    ] GC(318) Large Pages: 267 / 1858M, Empty: 1858M, Relocated: 0M, In-Place: 0
[536.668s][info][gc,reloc    ] GC(318) Forwarding Usage: 3M
[536.668s][info][gc,heap     ] GC(318) Min Capacity: 8192M(100%)
[536.668s][info][gc,heap     ] GC(318) Max Capacity: 8192M(100%)
[536.668s][info][gc,heap     ] GC(318) Soft Max Capacity: 8192M(100%)
[536.668s][info][gc,heap     ] GC(318)                Mark Start          Mark End        Relocate Start      Relocate End           High               Low         
[536.668s][info][gc,heap     ] GC(318)  Capacity:     8192M (100%)       8192M (100%)       8192M (100%)       8192M (100%)       8192M (100%)       8192M (100%)   
[536.668s][info][gc,heap     ] GC(318)      Free:     3466M (42%)        3466M (42%)        7388M (90%)        8044M (98%)        8044M (98%)        3466M (42%)    
[536.668s][info][gc,heap     ] GC(318)      Used:     4726M (58%)        4726M (58%)         804M (10%)         148M (2%)         4726M (58%)         148M (2%)     
[536.668s][info][gc,heap     ] GC(318)      Live:         -               126M (2%)          126M (2%)          126M (2%)             -                  -          
[536.668s][info][gc,heap     ] GC(318) Allocated:         -                 0M (0%)            0M (0%)            0M (0%)             -                  -          
[536.668s][info][gc,heap     ] GC(318)   Garbage:         -              4599M (56%)         677M (8%)           21M (0%)             -                  -          
[536.668s][info][gc,heap     ] GC(318) Reclaimed:         -                  -              3922M (48%)        4578M (56%)            -                  -          
[536.668s][info][gc          ] GC(318) Garbage Collection (System.gc()) 4726M(58%)->148M(2%)
[537.327s][info][gc,start    ] GC(319) Garbage Collection (Allocation Rate)
[537.327s][info][gc,task     ] GC(319) Using 2 workers
[537.327s][info][gc,phases   ] GC(319) Pause Mark Start 0.010ms
[537.421s][info][gc,phases   ] GC(319) Concurrent Mark 84.191ms
[537.421s][info][gc,phases   ] GC(319) Pause Mark End 0.012ms
[537.421s][info][gc,phases   ] GC(319) Concurrent Mark Free 0.001ms
[537.426s][info][gc,phases   ] GC(319) Concurrent Process Non-Strong References 5.360ms
[537.426s][info][gc,phases   ] GC(319) Concurrent Reset Relocation Set 0.026ms
[537.430s][info][gc,phases   ] GC(319) Concurrent Select Relocation Set 3.216ms
[537.430s][info][gc,phases   ] GC(319) Pause Relocate Start 0.008ms
[537.431s][info][gc,phases   ] GC(319) Concurrent Relocate 0.671ms
[537.431s][info][gc,load     ] GC(319) Load: 0.00/0.00/0.00
[537.431s][info][gc,mmu      ] GC(319) MMU: 2ms/80.5%, 5ms/92.2%, 10ms/96.1%, 20ms/96.3%, 50ms/97.1%, 100ms/97.5%
[537.431s][info][gc,marking  ] GC(319) Mark: 2 stripe(s), 2 proactive flush(es), 1 terminate flush(es), 0 completion(s), 0 continuation(s) 
[537.431s][info][gc,marking  ] GC(319) Mark Stack Usage: 32M
[537.431s][info][gc,nmethod  ] GC(319) NMethods: 4858 registered, 3 unregistered
[537.431s][info][gc,metaspace] GC(319) Metaspace: 33M used, 33M committed, 1088M reserved
[537.431s][info][gc,ref      ] GC(319) Soft: 4016 encountered, 0 discovered, 0 enqueued
[537.431s][info][gc,ref      ] GC(319) Weak: 1732 encountered, 71 discovered, 0 enqueued
[537.431s][info][gc,ref      ] GC(319) Final: 7 encountered, 6 discovered, 0 enqueued
[537.431s][info][gc,ref      ] GC(319) Phantom: 714 encountered, 653 discovered, 0 enqueued
[537.431s][info][gc,reloc    ] GC(319) Small Pages: 2486 / 4972M, Empty: 4834M, Relocated: 1M, In-Place: 0
[537.431s][info][gc,reloc    ] GC(319) Medium Pages: 1 / 32M, Empty: 0M, Relocated: 0M, In-Place: 0
[537.431s][info][gc,reloc    ] GC(319) Large Pages: 0 / 0M, Empty: 0M, Relocated: 0M, In-Place: 0
[537.431s][info][gc,reloc    ] GC(319) Forwarding Usage: 0M
[537.431s][info][gc,heap     ] GC(319) Min Capacity: 8192M(100%)
[537.431s][info][gc,heap     ] GC(319) Max Capacity: 8192M(100%)
[537.431s][info][gc,heap     ] GC(319) Soft Max Capacity: 8192M(100%)
[537.431s][info][gc,heap     ] GC(319)                Mark Start          Mark End        Relocate Start      Relocate End           High               Low         
[537.431s][info][gc,heap     ] GC(319)  Capacity:     8192M (100%)       8192M (100%)       8192M (100%)       8192M (100%)       8192M (100%)       8192M (100%)   
[537.431s][info][gc,heap     ] GC(319)      Free:     3188M (39%)        2730M (33%)        7530M (92%)        7550M (92%)        7550M (92%)        2710M (33%)    
[537.431s][info][gc,heap     ] GC(319)      Used:     5004M (61%)        5462M (67%)         662M (8%)          642M (8%)         5482M (67%)         642M (8%)     
[537.431s][info][gc,heap     ] GC(319)      Live:         -               126M (2%)          126M (2%)          126M (2%)             -                  -          
[537.431s][info][gc,heap     ] GC(319) Allocated:         -               458M (6%)          492M (6%)          494M (6%)             -                  -          
[537.431s][info][gc,heap     ] GC(319)   Garbage:         -              4877M (60%)          43M (1%)           21M (0%)             -                  -          
[537.431s][info][gc,heap     ] GC(319) Reclaimed:         -                  -              4834M (59%)        4856M (59%)            -                  -          
[537.431s][info][gc          ] GC(319) Garbage Collection (Allocation Rate) 5004M(61%)->642M(8%)
[538.331s][info][gc,start    ] GC(320) Garbage Collection (Allocation Rate)
[538.332s][info][gc,task     ] GC(320) Using 1 workers
[538.332s][info][gc,phases   ] GC(320) Pause Mark Start 0.005ms
[538.450s][info][gc,phases   ] GC(320) Concurrent Mark 118.174ms
[538.450s][info][gc,phases   ] GC(320) Pause Mark End 0.013ms
[538.450s][info][gc,phases   ] GC(320) Concurrent Mark Free 0.001ms
[538.461s][info][gc,phases   ] GC(320) Concurrent Process Non-Strong References 10.155ms
[538.461s][info][gc,phases   ] GC(320) Concurrent Reset Relocation Set 0.002ms
[538.464s][info][gc,phases   ] GC(320) Concurrent Select Relocation Set 3.060ms
[538.464s][info][gc,phases   ] GC(320) Pause Relocate Start 0.008ms
[538.465s][info][gc,phases   ] GC(320) Concurrent Relocate 1.238ms
[538.465s][info][gc,load     ] GC(320) Load: 0.00/0.00/0.00
[538.465s][info][gc,mmu      ] GC(320) MMU: 2ms/80.5%, 5ms/92.2%, 10ms/96.1%, 20ms/96.3%, 50ms/97.1%, 100ms/97.5%
[538.465s][info][gc,marking  ] GC(320) Mark: 1 stripe(s), 2 proactive flush(es), 1 terminate flush(es), 0 completion(s), 0 continuation(s) 
[538.465s][info][gc,marking  ] GC(320) Mark Stack Usage: 32M
[538.465s][info][gc,nmethod  ] GC(320) NMethods: 4858 registered, 3 unregistered
[538.465s][info][gc,metaspace] GC(320) Metaspace: 33M used, 33M committed, 1088M reserved
[538.465s][info][gc,ref      ] GC(320) Soft: 4016 encountered, 0 discovered, 0 enqueued
[538.465s][info][gc,ref      ] GC(320) Weak: 1732 encountered, 1284 discovered, 0 enqueued
[538.465s][info][gc,ref      ] GC(320) Final: 7 encountered, 7 discovered, 0 enqueued
[538.465s][info][gc,ref      ] GC(320) Phantom: 714 encountered, 665 discovered, 0 enqueued
[538.465s][info][gc,reloc    ] GC(320) Small Pages: 2852 / 5704M, Empty: 5564M, Relocated: 1M, In-Place: 0
[538.465s][info][gc,reloc    ] GC(320) Medium Pages: 1 / 32M, Empty: 0M, Relocated: 0M, In-Place: 0
[538.465s][info][gc,reloc    ] GC(320) Large Pages: 0 / 0M, Empty: 0M, Relocated: 0M, In-Place: 0
[538.465s][info][gc,reloc    ] GC(320) Forwarding Usage: 0M
[538.465s][info][gc,heap     ] GC(320) Min Capacity: 8192M(100%)
[538.465s][info][gc,heap     ] GC(320) Max Capacity: 8192M(100%)
[538.465s][info][gc,heap     ] GC(320) Soft Max Capacity: 8192M(100%)
[538.465s][info][gc,heap     ] GC(320)                Mark Start          Mark End        Relocate Start      Relocate End           High               Low         
[538.466s][info][gc,heap     ] GC(320)  Capacity:     8192M (100%)       8192M (100%)       8192M (100%)       8192M (100%)       8192M (100%)       8192M (100%)   
[538.466s][info][gc,heap     ] GC(320)      Free:     2456M (30%)        2060M (25%)        7578M (93%)        7594M (93%)        7598M (93%)        2030M (25%)    
[538.466s][info][gc,heap     ] GC(320)      Used:     5736M (70%)        6132M (75%)         614M (7%)          598M (7%)         6162M (75%)         594M (7%)     
[538.466s][info][gc,heap     ] GC(320)      Live:         -               126M (2%)          126M (2%)          126M (2%)             -                  -          
[538.466s][info][gc,heap     ] GC(320) Allocated:         -               396M (5%)          442M (5%)          451M (6%)             -                  -          
[538.466s][info][gc,heap     ] GC(320)   Garbage:         -              5609M (68%)          45M (1%)           19M (0%)             -                  -          
[538.466s][info][gc,heap     ] GC(320) Reclaimed:         -                  -              5564M (68%)        5589M (68%)            -                  -          
[538.466s][info][gc          ] GC(320) Garbage Collection (Allocation Rate) 5736M(70%)->598M(7%)
[539.822s][info][gc,start    ] GC(321) Garbage Collection (Allocation Rate)
[539.822s][info][gc,task     ] GC(321) Using 1 workers
[539.822s][info][gc,phases   ] GC(321) Pause Mark Start 0.012ms
[539.954s][info][gc,phases   ] GC(321) Concurrent Mark 131.705ms
[539.954s][info][gc,phases   ] GC(321) Pause Mark End 0.120ms
[539.954s][info][gc,phases   ] GC(321) Concurrent Mark Free 0.001ms
[539.964s][info][gc,phases   ] GC(321) Concurrent Process Non-Strong References 10.390ms
[539.964s][info][gc,phases   ] GC(321) Concurrent Reset Relocation Set 0.002ms
[539.969s][info][gc,phases   ] GC(321) Concurrent Select Relocation Set 4.865ms
[539.969s][info][gc,phases   ] GC(321) Pause Relocate Start 0.012ms
[540.003s][info][gc,phases   ] GC(321) Concurrent Relocate 33.854ms
[540.003s][info][gc,load     ] GC(321) Load: 0.00/0.00/0.00
[540.003s][info][gc,mmu      ] GC(321) MMU: 2ms/80.5%, 5ms/92.2%, 10ms/96.1%, 20ms/96.3%, 50ms/97.1%, 100ms/97.5%
[540.003s][info][gc,marking  ] GC(321) Mark: 1 stripe(s), 3 proactive flush(es), 1 terminate flush(es), 1 completion(s), 0 continuation(s) 
[540.003s][info][gc,marking  ] GC(321) Mark Stack Usage: 32M
[540.003s][info][gc,nmethod  ] GC(321) NMethods: 4858 registered, 3 unregistered
[540.003s][info][gc,metaspace] GC(321) Metaspace: 33M used, 33M committed, 1088M reserved
[540.004s][info][gc,ref      ] GC(321) Soft: 4016 encountered, 0 discovered, 0 enqueued
[540.004s][info][gc,ref      ] GC(321) Weak: 20825 encountered, 16943 discovered, 4506 enqueued
[540.004s][info][gc,ref      ] GC(321) Final: 7 encountered, 7 discovered, 0 enqueued
[540.004s][info][gc,ref      ] GC(321) Phantom: 720 encountered, 671 discovered, 0 enqueued
[540.004s][info][gc,reloc    ] GC(321) Small Pages: 2397 / 4794M, Empty: 4380M, Relocated: 36M, In-Place: 0
[540.004s][info][gc,reloc    ] GC(321) Medium Pages: 5 / 160M, Empty: 96M, Relocated: 16M, In-Place: 0
[540.004s][info][gc,reloc    ] GC(321) Large Pages: 38 / 264M, Empty: 250M, Relocated: 0M, In-Place: 0
[540.004s][info][gc,reloc    ] GC(321) Forwarding Usage: 11M
[540.004s][info][gc,heap     ] GC(321) Min Capacity: 8192M(100%)
[540.004s][info][gc,heap     ] GC(321) Max Capacity: 8192M(100%)
[540.004s][info][gc,heap     ] GC(321) Soft Max Capacity: 8192M(100%)
[540.004s][info][gc,heap     ] GC(321)                Mark Start          Mark End        Relocate Start      Relocate End           High               Low         
[540.004s][info][gc,heap     ] GC(321)  Capacity:     8192M (100%)       8192M (100%)       8192M (100%)       8192M (100%)       8192M (100%)       8192M (100%)   
[540.004s][info][gc,heap     ] GC(321)      Free:     2974M (36%)        2828M (35%)        7546M (92%)        7790M (95%)        7818M (95%)        2824M (34%)    
[540.004s][info][gc,heap     ] GC(321)      Used:     5218M (64%)        5364M (65%)         646M (8%)          402M (5%)         5368M (66%)         374M (5%)     
[540.004s][info][gc,heap     ] GC(321)      Live:         -               167M (2%)          167M (2%)          167M (2%)             -                  -          
[540.004s][info][gc,heap     ] GC(321) Allocated:         -               146M (2%)          154M (2%)          212M (3%)             -                  -          
[540.004s][info][gc,heap     ] GC(321)   Garbage:         -              5050M (62%)         324M (4%)           21M (0%)             -                  -          
[540.004s][info][gc,heap     ] GC(321) Reclaimed:         -                  -              4726M (58%)        5028M (61%)            -                  -          
[540.004s][info][gc          ] GC(321) Garbage Collection (Allocation Rate) 5218M(64%)->402M(5%)
[540.323s][info][gc,stats    ] === Garbage Collection Statistics =======================================================================================================================
[540.323s][info][gc,stats    ]                                                              Last 10s              Last 10m              Last 10h                Total
[540.323s][info][gc,stats    ]                                                              Avg / Max             Avg / Max             Avg / Max             Avg / Max
[540.324s][info][gc,stats    ]   Collector: Garbage Collection Cycle                    139.827 / 186.555     125.018 / 379.439     125.018 / 379.439     125.018 / 379.439     ms
[540.324s][info][gc,stats    ]  Contention: Mark Segment Reset Contention                     0 / 0                 0 / 115               0 / 115               0 / 115         ops/s
[540.324s][info][gc,stats    ]  Contention: Mark SeqNum Reset Contention                      0 / 0                 0 / 2                 0 / 2                 0 / 2           ops/s
[540.324s][info][gc,stats    ]    Critical: Allocation Stall                                  0 / 0                 0 / 0                 0 / 0                 0 / 0           ops/s
[540.324s][info][gc,stats    ]    Critical: Allocation Stall                              0.000 / 0.000         0.000 / 0.000         0.000 / 0.000         0.000 / 0.000       ms
[540.324s][info][gc,stats    ]    Critical: GC Locker Stall                                   0 / 0                 0 / 0                 0 / 0                 0 / 0           ops/s
[540.324s][info][gc,stats    ]    Critical: GC Locker Stall                               0.000 / 0.000         0.000 / 0.000         0.000 / 0.000         0.000 / 0.000       ms
[540.324s][info][gc,stats    ]    Critical: Relocation Stall                                  0 / 0                 0 / 0                 0 / 0                 0 / 0           ops/s
[540.324s][info][gc,stats    ]    Critical: Relocation Stall                              0.000 / 0.000         0.000 / 0.000         0.000 / 0.000         0.000 / 0.000       ms
[540.324s][info][gc,stats    ]      Memory: Allocation Rate                                3086 / 5638           2838 / 6636           2838 / 6636           2838 / 6636        MB/s
[540.324s][info][gc,stats    ]      Memory: Out Of Memory                                     0 / 0                 0 / 0                 0 / 0                 0 / 0           ops/s
[540.324s][info][gc,stats    ]      Memory: Page Cache Flush                                101 / 634              88 / 672              88 / 672              88 / 672         MB/s
[540.324s][info][gc,stats    ]      Memory: Page Cache Hit L1                              1349 / 2819           1216 / 3321           1216 / 3321           1216 / 3321        ops/s
[540.324s][info][gc,stats    ]      Memory: Page Cache Hit L2                                 0 / 0                 0 / 0                 0 / 0                 0 / 0           ops/s
[540.324s][info][gc,stats    ]      Memory: Page Cache Hit L3                                32 / 153              39 / 635              39 / 635              39 / 635         ops/s
[540.324s][info][gc,stats    ]      Memory: Page Cache Miss                                  11 / 66                9 / 71                9 / 71                9 / 71          ops/s
[540.324s][info][gc,stats    ]      Memory: Uncommit                                          0 / 0                 0 / 0                 0 / 0                 0 / 0           MB/s
[540.324s][info][gc,stats    ]      Memory: Undo Object Allocation Failed                     0 / 0                 0 / 2                 0 / 2                 0 / 2           ops/s
[540.324s][info][gc,stats    ]      Memory: Undo Object Allocation Succeeded                  0 / 1                 0 / 94                0 / 94                0 / 94          ops/s
[540.324s][info][gc,stats    ]      Memory: Undo Page Allocation                              0 / 2                 0 / 8                 0 / 8                 0 / 8           ops/s
[540.324s][info][gc,stats    ]       Phase: Concurrent Mark                             111.921 / 138.759      99.334 / 213.312      99.334 / 213.312      99.334 / 213.312     ms
[540.324s][info][gc,stats    ]       Phase: Concurrent Mark Continue                      0.000 / 0.000        15.376 / 35.578       15.376 / 35.578       15.376 / 35.578      ms
[540.324s][info][gc,stats    ]       Phase: Concurrent Mark Free                          0.001 / 0.002         0.001 / 0.004         0.001 / 0.004         0.001 / 0.004       ms
[540.324s][info][gc,stats    ]       Phase: Concurrent Process Non-Strong References      8.623 / 10.390        8.431 / 31.706        8.431 / 31.706        8.431 / 31.706      ms
[540.324s][info][gc,stats    ]       Phase: Concurrent Relocate                          13.057 / 35.093        9.586 / 76.380        9.586 / 76.380        9.586 / 76.380      ms
[540.324s][info][gc,stats    ]       Phase: Concurrent Reset Relocation Set               0.011 / 0.031         0.010 / 0.049         0.010 / 0.049         0.010 / 0.049       ms
[540.324s][info][gc,stats    ]       Phase: Concurrent Select Relocation Set              3.652 / 5.682         3.571 / 13.402        3.571 / 13.402        3.571 / 13.402      ms
[540.324s][info][gc,stats    ]       Phase: Pause Mark End                                0.031 / 0.120         0.046 / 0.390         0.046 / 0.390         0.046 / 0.390       ms
[540.324s][info][gc,stats    ]       Phase: Pause Mark Start                              0.008 / 0.012         0.008 / 0.022         0.008 / 0.022         0.008 / 0.022       ms
[540.324s][info][gc,stats    ]       Phase: Pause Relocate Start                          0.010 / 0.014         0.011 / 0.046         0.011 / 0.046         0.011 / 0.046       ms
[540.324s][info][gc,stats    ]    Subphase: Concurrent Classes Purge                      0.261 / 0.344         0.254 / 0.574         0.254 / 0.574         0.254 / 0.574       ms
[540.324s][info][gc,stats    ]    Subphase: Concurrent Classes Unlink                     6.749 / 9.020         5.936 / 23.760        5.936 / 23.760        5.936 / 23.760      ms
[540.324s][info][gc,stats    ]    Subphase: Concurrent Mark                              98.767 / 137.941      79.553 / 212.374      79.553 / 212.374      79.553 / 212.374     ms
[540.324s][info][gc,stats    ]    Subphase: Concurrent Mark Try Flush                     0.515 / 7.185         0.452 / 30.486        0.452 / 30.486        0.452 / 30.486      ms
[540.324s][info][gc,stats    ]    Subphase: Concurrent Mark Try Terminate                 1.760 / 13.322        2.838 / 24.568        2.838 / 24.568        2.838 / 24.568      ms
[540.324s][info][gc,stats    ]    Subphase: Concurrent References Enqueue                 0.003 / 0.007         0.003 / 0.008         0.003 / 0.008         0.003 / 0.008       ms
[540.324s][info][gc,stats    ]    Subphase: Concurrent References Process                 1.120 / 2.381         1.020 / 3.217         1.020 / 3.217         1.020 / 3.217       ms
[540.324s][info][gc,stats    ]    Subphase: Concurrent Roots ClassLoaderDataGraph         0.122 / 0.244         0.107 / 0.537         0.107 / 0.537         0.107 / 0.537       ms
[540.324s][info][gc,stats    ]    Subphase: Concurrent Roots CodeCache                    0.000 / 0.000         0.000 / 0.000         0.000 / 0.000         0.000 / 0.000       ms
[540.324s][info][gc,stats    ]    Subphase: Concurrent Roots JavaThreads                  0.463 / 0.952         0.359 / 1.258         0.359 / 1.258         0.359 / 1.258       ms
[540.324s][info][gc,stats    ]    Subphase: Concurrent Roots OopStorageSet                0.033 / 0.059         0.031 / 0.614         0.031 / 0.614         0.031 / 0.614       ms
[540.324s][info][gc,stats    ]    Subphase: Concurrent Weak Roots OopStorageSet           0.335 / 0.639         0.300 / 1.123         0.300 / 1.123         0.300 / 1.123       ms
[540.324s][info][gc,stats    ]    Subphase: Pause Mark Try Complete                       0.005 / 0.005         0.138 / 0.301         0.138 / 0.301         0.138 / 0.301       ms
[540.324s][info][gc,stats    ]      System: Java Threads                                     20 / 21               19 / 22               19 / 22               19 / 22          threads
[540.324s][info][gc,stats    ] =========================================================================================================================================================
[542.856s][info][gc,start    ] GC(322) Garbage Collection (System.gc())
[542.856s][info][gc,task     ] GC(322) Using 2 workers
[542.856s][info][gc,phases   ] GC(322) Pause Mark Start 0.005ms
[542.912s][info][gc,phases   ] GC(322) Concurrent Mark 55.818ms
[542.913s][info][gc,phases   ] GC(322) Pause Mark End 0.018ms
[542.913s][info][gc,phases   ] GC(322) Concurrent Mark Free 0.001ms
[542.919s][info][gc,phases   ] GC(322) Concurrent Process Non-Strong References 6.094ms
[542.919s][info][gc,phases   ] GC(322) Concurrent Reset Relocation Set 0.013ms
[542.921s][info][gc,phases   ] GC(322) Concurrent Select Relocation Set 2.323ms
[542.921s][info][gc,phases   ] GC(322) Pause Relocate Start 0.010ms
[542.929s][info][gc,phases   ] GC(322) Concurrent Relocate 7.333ms
[542.929s][info][gc,load     ] GC(322) Load: 0.00/0.00/0.00
[542.929s][info][gc,mmu      ] GC(322) MMU: 2ms/80.5%, 5ms/92.2%, 10ms/96.1%, 20ms/96.3%, 50ms/97.1%, 100ms/97.5%
[542.929s][info][gc,marking  ] GC(322) Mark: 2 stripe(s), 2 proactive flush(es), 1 terminate flush(es), 0 completion(s), 0 continuation(s) 
[542.929s][info][gc,marking  ] GC(322) Mark Stack Usage: 32M
[542.929s][info][gc,nmethod  ] GC(322) NMethods: 4858 registered, 3 unregistered
[542.929s][info][gc,metaspace] GC(322) Metaspace: 33M used, 33M committed, 1088M reserved
[542.929s][info][gc,ref      ] GC(322) Soft: 4016 encountered, 0 discovered, 0 enqueued
[542.929s][info][gc,ref      ] GC(322) Weak: 21614 encountered, 20312 discovered, 19901 enqueued
[542.929s][info][gc,ref      ] GC(322) Final: 7 encountered, 4 discovered, 0 enqueued
[542.929s][info][gc,ref      ] GC(322) Phantom: 714 encountered, 647 discovered, 0 enqueued
[542.929s][info][gc,reloc    ] GC(322) Small Pages: 850 / 1700M, Empty: 1062M, Relocated: 9M, In-Place: 0
[542.929s][info][gc,reloc    ] GC(322) Medium Pages: 23 / 736M, Empty: 640M, Relocated: 15M, In-Place: 0
[542.929s][info][gc,reloc    ] GC(322) Large Pages: 211 / 1472M, Empty: 1472M, Relocated: 0M, In-Place: 0
[542.929s][info][gc,reloc    ] GC(322) Forwarding Usage: 2M
[542.929s][info][gc,heap     ] GC(322) Min Capacity: 8192M(100%)
[542.929s][info][gc,heap     ] GC(322) Max Capacity: 8192M(100%)
[542.929s][info][gc,heap     ] GC(322) Soft Max Capacity: 8192M(100%)
[542.929s][info][gc,heap     ] GC(322)                Mark Start          Mark End        Relocate Start      Relocate End           High               Low         
[542.929s][info][gc,heap     ] GC(322)  Capacity:     8192M (100%)       8192M (100%)       8192M (100%)       8192M (100%)       8192M (100%)       8192M (100%)   
[542.929s][info][gc,heap     ] GC(322)      Free:     4284M (52%)        4284M (52%)        7458M (91%)        8046M (98%)        8046M (98%)        4284M (52%)    
[542.929s][info][gc,heap     ] GC(322)      Used:     3908M (48%)        3908M (48%)         734M (9%)          146M (2%)         3908M (48%)         146M (2%)     
[542.929s][info][gc,heap     ] GC(322)      Live:         -               124M (2%)          124M (2%)          124M (2%)             -                  -          
[542.929s][info][gc,heap     ] GC(322) Allocated:         -                 0M (0%)            0M (0%)            0M (0%)             -                  -          
[542.929s][info][gc,heap     ] GC(322)   Garbage:         -              3783M (46%)         609M (7%)           21M (0%)             -                  -          
[542.929s][info][gc,heap     ] GC(322) Reclaimed:         -                  -              3174M (39%)        3762M (46%)            -                  -          
[542.929s][info][gc          ] GC(322) Garbage Collection (System.gc()) 3908M(48%)->146M(2%)
[543.635s][info][gc,start    ] GC(323) Garbage Collection (Allocation Rate)
[543.635s][info][gc,task     ] GC(323) Using 2 workers
[543.635s][info][gc,phases   ] GC(323) Pause Mark Start 0.009ms
[543.714s][info][gc,phases   ] GC(323) Concurrent Mark 78.685ms
[543.714s][info][gc,phases   ] GC(323) Pause Mark End 0.015ms
[543.714s][info][gc,phases   ] GC(323) Concurrent Mark Free 0.001ms
[543.719s][info][gc,phases   ] GC(323) Concurrent Process Non-Strong References 5.517ms
[543.719s][info][gc,phases   ] GC(323) Concurrent Reset Relocation Set 0.019ms
[543.723s][info][gc,phases   ] GC(323) Concurrent Select Relocation Set 3.184ms
[543.723s][info][gc,phases   ] GC(323) Pause Relocate Start 0.009ms
[543.723s][info][gc,phases   ] GC(323) Concurrent Relocate 0.237ms
[543.723s][info][gc,load     ] GC(323) Load: 0.00/0.00/0.00
[543.723s][info][gc,mmu      ] GC(323) MMU: 2ms/80.5%, 5ms/92.2%, 10ms/96.1%, 20ms/96.3%, 50ms/97.1%, 100ms/97.5%
[543.723s][info][gc,marking  ] GC(323) Mark: 2 stripe(s), 2 proactive flush(es), 1 terminate flush(es), 0 completion(s), 0 continuation(s) 
[543.723s][info][gc,marking  ] GC(323) Mark Stack Usage: 32M
[543.723s][info][gc,nmethod  ] GC(323) NMethods: 4858 registered, 3 unregistered
[543.723s][info][gc,metaspace] GC(323) Metaspace: 33M used, 33M committed, 1088M reserved
[543.723s][info][gc,ref      ] GC(323) Soft: 4016 encountered, 0 discovered, 0 enqueued
[543.723s][info][gc,ref      ] GC(323) Weak: 1713 encountered, 960 discovered, 0 enqueued
[543.723s][info][gc,ref      ] GC(323) Final: 7 encountered, 6 discovered, 0 enqueued
[543.723s][info][gc,ref      ] GC(323) Phantom: 714 encountered, 624 discovered, 0 enqueued
[543.723s][info][gc,reloc    ] GC(323) Small Pages: 2600 / 5200M, Empty: 5076M, Relocated: 0M, In-Place: 0
[543.723s][info][gc,reloc    ] GC(323) Medium Pages: 1 / 32M, Empty: 0M, Relocated: 0M, In-Place: 0
[543.723s][info][gc,reloc    ] GC(323) Large Pages: 0 / 0M, Empty: 0M, Relocated: 0M, In-Place: 0
[543.723s][info][gc,reloc    ] GC(323) Forwarding Usage: 0M
[543.723s][info][gc,heap     ] GC(323) Min Capacity: 8192M(100%)
[543.723s][info][gc,heap     ] GC(323) Max Capacity: 8192M(100%)
[543.723s][info][gc,heap     ] GC(323) Soft Max Capacity: 8192M(100%)
[543.723s][info][gc,heap     ] GC(323)                Mark Start          Mark End        Relocate Start      Relocate End           High               Low         
[543.723s][info][gc,heap     ] GC(323)  Capacity:     8192M (100%)       8192M (100%)       8192M (100%)       8192M (100%)       8192M (100%)       8192M (100%)   
[543.723s][info][gc,heap     ] GC(323)      Free:     2960M (36%)        2666M (33%)        7700M (94%)        7708M (94%)        7708M (94%)        2640M (32%)    
[543.723s][info][gc,heap     ] GC(323)      Used:     5232M (64%)        5526M (67%)         492M (6%)          484M (6%)         5552M (68%)         484M (6%)     
[543.723s][info][gc,heap     ] GC(323)      Live:         -               124M (2%)          124M (2%)          124M (2%)             -                  -          
[543.723s][info][gc,heap     ] GC(323) Allocated:         -               294M (4%)          336M (4%)          336M (4%)             -                  -          
[543.723s][info][gc,heap     ] GC(323)   Garbage:         -              5107M (62%)          31M (0%)           23M (0%)             -                  -          
[543.723s][info][gc,heap     ] GC(323) Reclaimed:         -                  -              5076M (62%)        5084M (62%)            -                  -          
[543.723s][info][gc          ] GC(323) Garbage Collection (Allocation Rate) 5232M(64%)->484M(6%)
[544.734s][info][gc,start    ] GC(324) Garbage Collection (Allocation Rate)
[544.734s][info][gc,task     ] GC(324) Using 1 workers
[544.734s][info][gc,phases   ] GC(324) Pause Mark Start 0.006ms
[544.858s][info][gc,phases   ] GC(324) Concurrent Mark 123.312ms
[544.858s][info][gc,phases   ] GC(324) Pause Mark End 0.011ms
[544.858s][info][gc,phases   ] GC(324) Concurrent Mark Free 0.001ms
[544.869s][info][gc,phases   ] GC(324) Concurrent Process Non-Strong References 11.110ms
[544.869s][info][gc,phases   ] GC(324) Concurrent Reset Relocation Set 0.002ms
[544.872s][info][gc,phases   ] GC(324) Concurrent Select Relocation Set 3.276ms
[544.872s][info][gc,phases   ] GC(324) Pause Relocate Start 0.008ms
[544.873s][info][gc,phases   ] GC(324) Concurrent Relocate 0.353ms
[544.873s][info][gc,load     ] GC(324) Load: 0.00/0.00/0.00
[544.873s][info][gc,mmu      ] GC(324) MMU: 2ms/80.5%, 5ms/92.2%, 10ms/96.1%, 20ms/96.3%, 50ms/97.1%, 100ms/97.5%
[544.873s][info][gc,marking  ] GC(324) Mark: 1 stripe(s), 2 proactive flush(es), 1 terminate flush(es), 0 completion(s), 0 continuation(s) 
[544.873s][info][gc,marking  ] GC(324) Mark Stack Usage: 32M
[544.873s][info][gc,nmethod  ] GC(324) NMethods: 4858 registered, 3 unregistered
[544.873s][info][gc,metaspace] GC(324) Metaspace: 33M used, 33M committed, 1088M reserved
[544.873s][info][gc,ref      ] GC(324) Soft: 4016 encountered, 0 discovered, 0 enqueued
[544.873s][info][gc,ref      ] GC(324) Weak: 1731 encountered, 1283 discovered, 0 enqueued
[544.873s][info][gc,ref      ] GC(324) Final: 7 encountered, 7 discovered, 0 enqueued
[544.873s][info][gc,ref      ] GC(324) Phantom: 714 encountered, 665 discovered, 0 enqueued
[544.873s][info][gc,reloc    ] GC(324) Small Pages: 3071 / 6142M, Empty: 6004M, Relocated: 0M, In-Place: 0
[544.873s][info][gc,reloc    ] GC(324) Medium Pages: 1 / 32M, Empty: 0M, Relocated: 0M, In-Place: 0
[544.873s][info][gc,reloc    ] GC(324) Large Pages: 0 / 0M, Empty: 0M, Relocated: 0M, In-Place: 0
[544.873s][info][gc,reloc    ] GC(324) Forwarding Usage: 0M
[544.873s][info][gc,heap     ] GC(324) Min Capacity: 8192M(100%)
[544.873s][info][gc,heap     ] GC(324) Max Capacity: 8192M(100%)
[544.873s][info][gc,heap     ] GC(324) Soft Max Capacity: 8192M(100%)
[544.873s][info][gc,heap     ] GC(324)                Mark Start          Mark End        Relocate Start      Relocate End           High               Low         
[544.873s][info][gc,heap     ] GC(324)  Capacity:     8192M (100%)       8192M (100%)       8192M (100%)       8192M (100%)       8192M (100%)       8192M (100%)   
[544.873s][info][gc,heap     ] GC(324)      Free:     2018M (25%)        1532M (19%)        7476M (91%)        7500M (92%)        7500M (92%)        1488M (18%)    
[544.873s][info][gc,heap     ] GC(324)      Used:     6174M (75%)        6660M (81%)         716M (9%)          692M (8%)         6704M (82%)         692M (8%)     
[544.873s][info][gc,heap     ] GC(324)      Live:         -               124M (2%)          124M (2%)          124M (2%)             -                  -          
[544.873s][info][gc,heap     ] GC(324) Allocated:         -               486M (6%)          546M (7%)          545M (7%)             -                  -          
[544.873s][info][gc,heap     ] GC(324)   Garbage:         -              6049M (74%)          45M (1%)           21M (0%)             -                  -          
[544.873s][info][gc,heap     ] GC(324) Reclaimed:         -                  -              6004M (73%)        6027M (74%)            -                  -          
[544.873s][info][gc          ] GC(324) Garbage Collection (Allocation Rate) 6174M(75%)->692M(8%)
[548.933s][info][gc,start    ] GC(325) Garbage Collection (Allocation Rate)
[548.933s][info][gc,task     ] GC(325) Using 1 workers
[548.933s][info][gc,phases   ] GC(325) Pause Mark Start 0.007ms
[549.095s][info][gc,phases   ] GC(325) Concurrent Mark 161.621ms
[549.095s][info][gc,phases   ] GC(325) Pause Mark End 0.061ms
[549.095s][info][gc,phases   ] GC(325) Concurrent Mark Free 0.001ms
[549.106s][info][gc,phases   ] GC(325) Concurrent Process Non-Strong References 10.897ms
[549.106s][info][gc,phases   ] GC(325) Concurrent Reset Relocation Set 0.002ms
[549.112s][info][gc,phases   ] GC(325) Concurrent Select Relocation Set 6.445ms
[549.113s][info][gc,phases   ] GC(325) Pause Relocate Start 0.018ms
[549.148s][info][gc,phases   ] GC(325) Concurrent Relocate 35.560ms
[549.148s][info][gc,load     ] GC(325) Load: 0.00/0.00/0.00
[549.148s][info][gc,mmu      ] GC(325) MMU: 2ms/80.5%, 5ms/92.2%, 10ms/96.1%, 20ms/96.3%, 50ms/97.1%, 100ms/97.5%
[549.148s][info][gc,marking  ] GC(325) Mark: 1 stripe(s), 10 proactive flush(es), 3 terminate flush(es), 1 completion(s), 0 continuation(s) 
[549.148s][info][gc,marking  ] GC(325) Mark Stack Usage: 32M
[549.148s][info][gc,nmethod  ] GC(325) NMethods: 4858 registered, 3 unregistered
[549.148s][info][gc,metaspace] GC(325) Metaspace: 33M used, 33M committed, 1088M reserved
[549.148s][info][gc,ref      ] GC(325) Soft: 4016 encountered, 0 discovered, 0 enqueued
[549.148s][info][gc,ref      ] GC(325) Weak: 21260 encountered, 18145 discovered, 3527 enqueued
[549.148s][info][gc,ref      ] GC(325) Final: 7 encountered, 7 discovered, 0 enqueued
[549.148s][info][gc,ref      ] GC(325) Phantom: 720 encountered, 671 discovered, 0 enqueued
[549.148s][info][gc,reloc    ] GC(325) Small Pages: 2698 / 5396M, Empty: 4638M, Relocated: 39M, In-Place: 0
[549.148s][info][gc,reloc    ] GC(325) Medium Pages: 25 / 800M, Empty: 768M, Relocated: 0M, In-Place: 0
[549.149s][info][gc,reloc    ] GC(325) Large Pages: 234 / 1632M, Empty: 1632M, Relocated: 0M, In-Place: 0
[549.149s][info][gc,reloc    ] GC(325) Forwarding Usage: 12M
[549.149s][info][gc,heap     ] GC(325) Min Capacity: 8192M(100%)
[549.149s][info][gc,heap     ] GC(325) Max Capacity: 8192M(100%)
[549.149s][info][gc,heap     ] GC(325) Soft Max Capacity: 8192M(100%)
[549.149s][info][gc,heap     ] GC(325)                Mark Start          Mark End        Relocate Start      Relocate End           High               Low         
[549.149s][info][gc,heap     ] GC(325)  Capacity:     8192M (100%)       8192M (100%)       8192M (100%)       8192M (100%)       8192M (100%)       8192M (100%)   
[549.149s][info][gc,heap     ] GC(325)      Free:      364M (4%)          204M (2%)         7224M (88%)        7780M (95%)        7802M (95%)         194M (2%)     
[549.149s][info][gc,heap     ] GC(325)      Used:     7828M (96%)        7988M (98%)         968M (12%)         412M (5%)         7998M (98%)         390M (5%)     
[549.149s][info][gc,heap     ] GC(325)      Live:         -               153M (2%)          153M (2%)          153M (2%)             -                  -          
[549.149s][info][gc,heap     ] GC(325) Allocated:         -               160M (2%)          178M (2%)          237M (3%)             -                  -          
[549.149s][info][gc,heap     ] GC(325)   Garbage:         -              7674M (94%)         636M (8%)           21M (0%)             -                  -          
[549.149s][info][gc,heap     ] GC(325) Reclaimed:         -                  -              7038M (86%)        7653M (93%)            -                  -          
[549.149s][info][gc          ] GC(325) Garbage Collection (Allocation Rate) 7828M(96%)->412M(5%)
[550.190s][info][gc,start    ] GC(326) Garbage Collection (System.gc())
[550.190s][info][gc,task     ] GC(326) Using 2 workers
[550.190s][info][gc,phases   ] GC(326) Pause Mark Start 0.005ms
[550.250s][info][gc,phases   ] GC(326) Concurrent Mark 60.109ms
[550.250s][info][gc,phases   ] GC(326) Pause Mark End 0.022ms
[550.250s][info][gc,phases   ] GC(326) Concurrent Mark Free 0.001ms
[550.256s][info][gc,phases   ] GC(326) Concurrent Process Non-Strong References 5.378ms
[550.256s][info][gc,phases   ] GC(326) Concurrent Reset Relocation Set 0.023ms
[550.258s][info][gc,phases   ] GC(326) Concurrent Select Relocation Set 2.551ms
[550.259s][info][gc,phases   ] GC(326) Pause Relocate Start 0.011ms
[550.265s][info][gc,phases   ] GC(326) Concurrent Relocate 6.747ms
[550.265s][info][gc,load     ] GC(326) Load: 0.00/0.00/0.00
[550.265s][info][gc,mmu      ] GC(326) MMU: 2ms/80.5%, 5ms/92.2%, 10ms/96.1%, 20ms/96.3%, 50ms/97.1%, 100ms/97.5%
[550.265s][info][gc,marking  ] GC(326) Mark: 2 stripe(s), 1 proactive flush(es), 1 terminate flush(es), 0 completion(s), 0 continuation(s) 
[550.266s][info][gc,marking  ] GC(326) Mark Stack Usage: 32M
[550.266s][info][gc,nmethod  ] GC(326) NMethods: 4858 registered, 3 unregistered
[550.266s][info][gc,metaspace] GC(326) Metaspace: 33M used, 33M committed, 1088M reserved
[550.266s][info][gc,ref      ] GC(326) Soft: 4016 encountered, 0 discovered, 0 enqueued
[550.266s][info][gc,ref      ] GC(326) Weak: 25249 encountered, 23596 discovered, 23535 enqueued
[550.266s][info][gc,ref      ] GC(326) Final: 7 encountered, 7 discovered, 0 enqueued
[550.266s][info][gc,ref      ] GC(326) Phantom: 714 encountered, 645 discovered, 0 enqueued
[550.266s][info][gc,reloc    ] GC(326) Small Pages: 376 / 752M, Empty: 252M, Relocated: 9M, In-Place: 0
[550.266s][info][gc,reloc    ] GC(326) Medium Pages: 11 / 352M, Empty: 288M, Relocated: 16M, In-Place: 0
[550.266s][info][gc,reloc    ] GC(326) Large Pages: 89 / 620M, Empty: 620M, Relocated: 0M, In-Place: 0
[550.266s][info][gc,reloc    ] GC(326) Forwarding Usage: 3M
[550.266s][info][gc,heap     ] GC(326) Min Capacity: 8192M(100%)
[550.266s][info][gc,heap     ] GC(326) Max Capacity: 8192M(100%)
[550.266s][info][gc,heap     ] GC(326) Soft Max Capacity: 8192M(100%)
[550.266s][info][gc,heap     ] GC(326)                Mark Start          Mark End        Relocate Start      Relocate End           High               Low         
[550.266s][info][gc,heap     ] GC(326)  Capacity:     8192M (100%)       8192M (100%)       8192M (100%)       8192M (100%)       8192M (100%)       8192M (100%)   
[550.266s][info][gc,heap     ] GC(326)      Free:     6468M (79%)        6468M (79%)        7628M (93%)        8044M (98%)        8044M (98%)        6468M (79%)    
[550.266s][info][gc,heap     ] GC(326)      Used:     1724M (21%)        1724M (21%)         564M (7%)          148M (2%)         1724M (21%)         148M (2%)     
[550.266s][info][gc,heap     ] GC(326)      Live:         -               126M (2%)          126M (2%)          126M (2%)             -                  -          
[550.266s][info][gc,heap     ] GC(326) Allocated:         -                 0M (0%)            0M (0%)            0M (0%)             -                  -          
[550.266s][info][gc,heap     ] GC(326)   Garbage:         -              1597M (19%)         437M (5%)           21M (0%)             -                  -          
[550.266s][info][gc,heap     ] GC(326) Reclaimed:         -                  -              1160M (14%)        1576M (19%)            -                  -          
[550.266s][info][gc          ] GC(326) Garbage Collection (System.gc()) 1724M(21%)->148M(2%)
[550.329s][info][gc,stats    ] === Garbage Collection Statistics =======================================================================================================================
[550.329s][info][gc,stats    ]                                                              Last 10s              Last 10m              Last 10h                Total
[550.329s][info][gc,stats    ]                                                              Avg / Max             Avg / Max             Avg / Max             Avg / Max
[550.329s][info][gc,stats    ]   Collector: Garbage Collection Cycle                    118.261 / 215.372     124.914 / 379.439     124.914 / 379.439     124.914 / 379.439     ms
[550.329s][info][gc,stats    ]  Contention: Mark Segment Reset Contention                     0 / 2                 0 / 115               0 / 115               0 / 115         ops/s
[550.329s][info][gc,stats    ]  Contention: Mark SeqNum Reset Contention                      0 / 1                 0 / 2                 0 / 2                 0 / 2           ops/s
[550.329s][info][gc,stats    ]    Critical: Allocation Stall                                  0 / 0                 0 / 0                 0 / 0                 0 / 0           ops/s
[550.329s][info][gc,stats    ]    Critical: Allocation Stall                              0.000 / 0.000         0.000 / 0.000         0.000 / 0.000         0.000 / 0.000       ms
[550.329s][info][gc,stats    ]    Critical: GC Locker Stall                                   0 / 0                 0 / 0                 0 / 0                 0 / 0           ops/s
[550.329s][info][gc,stats    ]    Critical: GC Locker Stall                               0.000 / 0.000         0.000 / 0.000         0.000 / 0.000         0.000 / 0.000       ms
[550.329s][info][gc,stats    ]    Critical: Relocation Stall                                  0 / 0                 0 / 0                 0 / 0                 0 / 0           ops/s
[550.329s][info][gc,stats    ]    Critical: Relocation Stall                              0.000 / 0.000         0.000 / 0.000         0.000 / 0.000         0.000 / 0.000       ms
[550.329s][info][gc,stats    ]      Memory: Allocation Rate                                2387 / 5808           2830 / 6636           2830 / 6636           2830 / 6636        MB/s
[550.329s][info][gc,stats    ]      Memory: Out Of Memory                                     0 / 0                 0 / 0                 0 / 0                 0 / 0           ops/s
[550.329s][info][gc,stats    ]      Memory: Page Cache Flush                                118 / 570              88 / 672              88 / 672              88 / 672         MB/s
[550.329s][info][gc,stats    ]      Memory: Page Cache Hit L1                               951 / 2906           1211 / 3321           1211 / 3321           1211 / 3321        ops/s
[550.329s][info][gc,stats    ]      Memory: Page Cache Hit L2                                 0 / 0                 0 / 0                 0 / 0                 0 / 0           ops/s
[550.329s][info][gc,stats    ]      Memory: Page Cache Hit L3                                30 / 249              39 / 635              39 / 635              39 / 635         ops/s
[550.329s][info][gc,stats    ]      Memory: Page Cache Miss                                  12 / 60                9 / 71                9 / 71                9 / 71          ops/s
[550.329s][info][gc,stats    ]      Memory: Uncommit                                          0 / 0                 0 / 0                 0 / 0                 0 / 0           MB/s
[550.329s][info][gc,stats    ]      Memory: Undo Object Allocation Failed                     0 / 0                 0 / 2                 0 / 2                 0 / 2           ops/s
[550.329s][info][gc,stats    ]      Memory: Undo Object Allocation Succeeded                  0 / 1                 0 / 94                0 / 94                0 / 94          ops/s
[550.329s][info][gc,stats    ]      Memory: Undo Page Allocation                              0 / 4                 0 / 8                 0 / 8                 0 / 8           ops/s
[550.329s][info][gc,stats    ]       Phase: Concurrent Mark                              95.909 / 161.621      99.282 / 213.312      99.282 / 213.312      99.282 / 213.312     ms
[550.329s][info][gc,stats    ]       Phase: Concurrent Mark Continue                      0.000 / 0.000        15.376 / 35.578       15.376 / 35.578       15.376 / 35.578      ms
[550.329s][info][gc,stats    ]       Phase: Concurrent Mark Free                          0.001 / 0.001         0.001 / 0.004         0.001 / 0.004         0.001 / 0.004       ms
[550.329s][info][gc,stats    ]       Phase: Concurrent Process Non-Strong References      7.799 / 11.110        8.421 / 31.706        8.421 / 31.706        8.421 / 31.706      ms
[550.329s][info][gc,stats    ]       Phase: Concurrent Relocate                          10.046 / 35.560        9.593 / 76.380        9.593 / 76.380        9.593 / 76.380      ms
[550.329s][info][gc,stats    ]       Phase: Concurrent Reset Relocation Set               0.012 / 0.023         0.010 / 0.049         0.010 / 0.049         0.010 / 0.049       ms
[550.329s][info][gc,stats    ]       Phase: Concurrent Select Relocation Set              3.556 / 6.445         3.571 / 13.402        3.571 / 13.402        3.571 / 13.402      ms
[550.329s][info][gc,stats    ]       Phase: Pause Mark End                                0.025 / 0.061         0.045 / 0.390         0.045 / 0.390         0.045 / 0.390       ms
[550.329s][info][gc,stats    ]       Phase: Pause Mark Start                              0.006 / 0.009         0.008 / 0.022         0.008 / 0.022         0.008 / 0.022       ms
[550.329s][info][gc,stats    ]       Phase: Pause Relocate Start                          0.011 / 0.018         0.011 / 0.046         0.011 / 0.046         0.011 / 0.046       ms
[550.329s][info][gc,stats    ]    Subphase: Concurrent Classes Purge                      0.230 / 0.342         0.253 / 0.574         0.253 / 0.574         0.253 / 0.574       ms
[550.329s][info][gc,stats    ]    Subphase: Concurrent Classes Unlink                     5.902 / 10.011        5.935 / 23.760        5.935 / 23.760        5.935 / 23.760      ms
[550.329s][info][gc,stats    ]    Subphase: Concurrent Mark                              79.942 / 160.945      79.559 / 212.374      79.559 / 212.374      79.559 / 212.374     ms
[550.329s][info][gc,stats    ]    Subphase: Concurrent Mark Try Flush                     0.054 / 0.151         0.445 / 30.486        0.445 / 30.486        0.445 / 30.486      ms
[550.329s][info][gc,stats    ]    Subphase: Concurrent Mark Try Terminate                 2.118 / 12.118        2.828 / 24.568        2.828 / 24.568        2.828 / 24.568      ms
[550.329s][info][gc,stats    ]    Subphase: Concurrent References Enqueue                 0.004 / 0.007         0.003 / 0.008         0.003 / 0.008         0.003 / 0.008       ms
[550.329s][info][gc,stats    ]    Subphase: Concurrent References Process                 1.236 / 2.119         1.023 / 3.217         1.023 / 3.217         1.023 / 3.217       ms
[550.329s][info][gc,stats    ]    Subphase: Concurrent Roots ClassLoaderDataGraph         0.094 / 0.209         0.107 / 0.537         0.107 / 0.537         0.107 / 0.537       ms
[550.329s][info][gc,stats    ]    Subphase: Concurrent Roots CodeCache                    0.000 / 0.000         0.000 / 0.000         0.000 / 0.000         0.000 / 0.000       ms
[550.329s][info][gc,stats    ]    Subphase: Concurrent Roots JavaThreads                  0.354 / 0.485         0.359 / 1.258         0.359 / 1.258         0.359 / 1.258       ms
[550.329s][info][gc,stats    ]    Subphase: Concurrent Roots OopStorageSet                0.024 / 0.037         0.031 / 0.614         0.031 / 0.614         0.031 / 0.614       ms
[550.329s][info][gc,stats    ]    Subphase: Concurrent Weak Roots OopStorageSet           0.262 / 0.386         0.299 / 1.123         0.299 / 1.123         0.299 / 1.123       ms
[550.329s][info][gc,stats    ]    Subphase: Pause Mark Try Complete                       0.027 / 0.027         0.136 / 0.301         0.136 / 0.301         0.136 / 0.301       ms
[550.329s][info][gc,stats    ]      System: Java Threads                                     18 / 21               19 / 22               19 / 22               19 / 22          threads
[550.329s][info][gc,stats    ] =========================================================================================================================================================
[550.925s][info][gc,start    ] GC(327) Garbage Collection (Allocation Rate)
[550.926s][info][gc,task     ] GC(327) Using 2 workers
[550.926s][info][gc,phases   ] GC(327) Pause Mark Start 0.009ms
[551.004s][info][gc,phases   ] GC(327) Concurrent Mark 63.455ms
[551.004s][info][gc,phases   ] GC(327) Pause Mark End 0.014ms
[551.004s][info][gc,phases   ] GC(327) Concurrent Mark Free 0.001ms
[551.009s][info][gc,phases   ] GC(327) Concurrent Process Non-Strong References 5.291ms
[551.009s][info][gc,phases   ] GC(327) Concurrent Reset Relocation Set 0.017ms
[551.013s][info][gc,phases   ] GC(327) Concurrent Select Relocation Set 3.370ms
[551.013s][info][gc,phases   ] GC(327) Pause Relocate Start 0.010ms
[551.014s][info][gc,phases   ] GC(327) Concurrent Relocate 0.876ms
[551.014s][info][gc,load     ] GC(327) Load: 0.00/0.00/0.00
[551.014s][info][gc,mmu      ] GC(327) MMU: 2ms/80.5%, 5ms/92.2%, 10ms/96.1%, 20ms/96.3%, 50ms/97.1%, 100ms/97.5%
[551.014s][info][gc,marking  ] GC(327) Mark: 2 stripe(s), 1 proactive flush(es), 1 terminate flush(es), 0 completion(s), 0 continuation(s) 
[551.014s][info][gc,marking  ] GC(327) Mark Stack Usage: 32M
[551.014s][info][gc,nmethod  ] GC(327) NMethods: 4858 registered, 3 unregistered
[551.014s][info][gc,metaspace] GC(327) Metaspace: 33M used, 33M committed, 1088M reserved
[551.014s][info][gc,ref      ] GC(327) Soft: 4016 encountered, 0 discovered, 0 enqueued
[551.014s][info][gc,ref      ] GC(327) Weak: 1732 encountered, 49 discovered, 0 enqueued
[551.014s][info][gc,ref      ] GC(327) Final: 7 encountered, 4 discovered, 0 enqueued
[551.014s][info][gc,ref      ] GC(327) Phantom: 714 encountered, 625 discovered, 0 enqueued
[551.014s][info][gc,reloc    ] GC(327) Small Pages: 2478 / 4956M, Empty: 4818M, Relocated: 1M, In-Place: 0
[551.014s][info][gc,reloc    ] GC(327) Medium Pages: 1 / 32M, Empty: 0M, Relocated: 0M, In-Place: 0
[551.014s][info][gc,reloc    ] GC(327) Large Pages: 0 / 0M, Empty: 0M, Relocated: 0M, In-Place: 0
[551.014s][info][gc,reloc    ] GC(327) Forwarding Usage: 0M
[551.014s][info][gc,heap     ] GC(327) Min Capacity: 8192M(100%)
[551.014s][info][gc,heap     ] GC(327) Max Capacity: 8192M(100%)
[551.014s][info][gc,heap     ] GC(327) Soft Max Capacity: 8192M(100%)
[551.014s][info][gc,heap     ] GC(327)                Mark Start          Mark End        Relocate Start      Relocate End           High               Low         
[551.014s][info][gc,heap     ] GC(327)  Capacity:     8192M (100%)       8192M (100%)       8192M (100%)       8192M (100%)       8192M (100%)       8192M (100%)   
[551.014s][info][gc,heap     ] GC(327)      Free:     3204M (39%)        2878M (35%)        7658M (93%)        7676M (94%)        7676M (94%)        2856M (35%)    
[551.014s][info][gc,heap     ] GC(327)      Used:     4988M (61%)        5314M (65%)         534M (7%)          516M (6%)         5336M (65%)         516M (6%)     
[551.014s][info][gc,heap     ] GC(327)      Live:         -               126M (2%)          126M (2%)          126M (2%)             -                  -          
[551.014s][info][gc,heap     ] GC(327) Allocated:         -               326M (4%)          364M (4%)          367M (4%)             -                  -          
[551.014s][info][gc,heap     ] GC(327)   Garbage:         -              4861M (59%)          43M (1%)           21M (0%)             -                  -          
[551.014s][info][gc,heap     ] GC(327) Reclaimed:         -                  -              4818M (59%)        4839M (59%)            -                  -          
[551.014s][info][gc          ] GC(327) Garbage Collection (Allocation Rate) 4988M(61%)->516M(6%)
[551.930s][info][gc,start    ] GC(328) Garbage Collection (Allocation Rate)
[551.930s][info][gc,task     ] GC(328) Using 1 workers
[551.930s][info][gc,phases   ] GC(328) Pause Mark Start 0.013ms
[552.052s][info][gc,phases   ] GC(328) Concurrent Mark 121.660ms
[552.052s][info][gc,phases   ] GC(328) Pause Mark End 0.010ms
[552.052s][info][gc,phases   ] GC(328) Concurrent Mark Free 0.001ms
[552.063s][info][gc,phases   ] GC(328) Concurrent Process Non-Strong References 10.713ms
[552.063s][info][gc,phases   ] GC(328) Concurrent Reset Relocation Set 0.002ms
[552.066s][info][gc,phases   ] GC(328) Concurrent Select Relocation Set 3.035ms
[552.066s][info][gc,phases   ] GC(328) Pause Relocate Start 0.008ms
[552.067s][info][gc,phases   ] GC(328) Concurrent Relocate 0.928ms
[552.067s][info][gc,load     ] GC(328) Load: 0.00/0.00/0.00
[552.067s][info][gc,mmu      ] GC(328) MMU: 2ms/80.5%, 5ms/92.2%, 10ms/96.1%, 20ms/96.3%, 50ms/97.1%, 100ms/97.5%
[552.067s][info][gc,marking  ] GC(328) Mark: 1 stripe(s), 2 proactive flush(es), 1 terminate flush(es), 0 completion(s), 0 continuation(s) 
[552.067s][info][gc,marking  ] GC(328) Mark Stack Usage: 32M
[552.067s][info][gc,nmethod  ] GC(328) NMethods: 4858 registered, 3 unregistered
[552.067s][info][gc,metaspace] GC(328) Metaspace: 33M used, 33M committed, 1088M reserved
[552.067s][info][gc,ref      ] GC(328) Soft: 4016 encountered, 0 discovered, 0 enqueued
[552.067s][info][gc,ref      ] GC(328) Weak: 1732 encountered, 1284 discovered, 0 enqueued
[552.067s][info][gc,ref      ] GC(328) Final: 7 encountered, 7 discovered, 0 enqueued
[552.067s][info][gc,ref      ] GC(328) Phantom: 714 encountered, 665 discovered, 0 enqueued
[552.067s][info][gc,reloc    ] GC(328) Small Pages: 2830 / 5660M, Empty: 5512M, Relocated: 1M, In-Place: 0
[552.067s][info][gc,reloc    ] GC(328) Medium Pages: 1 / 32M, Empty: 0M, Relocated: 0M, In-Place: 0
[552.067s][info][gc,reloc    ] GC(328) Large Pages: 0 / 0M, Empty: 0M, Relocated: 0M, In-Place: 0
[552.067s][info][gc,reloc    ] GC(328) Forwarding Usage: 0M
[552.067s][info][gc,heap     ] GC(328) Min Capacity: 8192M(100%)
[552.067s][info][gc,heap     ] GC(328) Max Capacity: 8192M(100%)
[552.067s][info][gc,heap     ] GC(328) Soft Max Capacity: 8192M(100%)
[552.067s][info][gc,heap     ] GC(328)                Mark Start          Mark End        Relocate Start      Relocate End           High               Low         
[552.067s][info][gc,heap     ] GC(328)  Capacity:     8192M (100%)       8192M (100%)       8192M (100%)       8192M (100%)       8192M (100%)       8192M (100%)   
[552.067s][info][gc,heap     ] GC(328)      Free:     2500M (31%)        2062M (25%)        7520M (92%)        7548M (92%)        7552M (92%)        2022M (25%)    
[552.067s][info][gc,heap     ] GC(328)      Used:     5692M (69%)        6130M (75%)         672M (8%)          644M (8%)         6170M (75%)         640M (8%)     
[552.067s][info][gc,heap     ] GC(328)      Live:         -               126M (2%)          126M (2%)          126M (2%)             -                  -          
[552.067s][info][gc,heap     ] GC(328) Allocated:         -               438M (5%)          492M (6%)          497M (6%)             -                  -          
[552.067s][info][gc,heap     ] GC(328)   Garbage:         -              5565M (68%)          53M (1%)           19M (0%)             -                  -          
[552.067s][info][gc,heap     ] GC(328) Reclaimed:         -                  -              5512M (67%)        5545M (68%)            -                  -          
[552.067s][info][gc          ] GC(328) Garbage Collection (Allocation Rate) 5692M(69%)->644M(8%)
[553.521s][info][gc,start    ] GC(329) Garbage Collection (Allocation Rate)
[553.521s][info][gc,task     ] GC(329) Using 1 workers
[553.521s][info][gc,phases   ] GC(329) Pause Mark Start 0.007ms
[553.660s][info][gc,phases   ] GC(329) Concurrent Mark 138.172ms
[553.660s][info][gc,phases   ] GC(329) Pause Mark End 0.023ms
[553.660s][info][gc,phases   ] GC(329) Concurrent Mark Free 0.002ms
[553.670s][info][gc,phases   ] GC(329) Concurrent Process Non-Strong References 10.559ms
[553.670s][info][gc,phases   ] GC(329) Concurrent Reset Relocation Set 0.002ms
[553.676s][info][gc,phases   ] GC(329) Concurrent Select Relocation Set 5.716ms
[553.676s][info][gc,phases   ] GC(329) Pause Relocate Start 0.015ms
[553.714s][info][gc,phases   ] GC(329) Concurrent Relocate 37.385ms
[553.714s][info][gc,load     ] GC(329) Load: 0.00/0.00/0.00
[553.714s][info][gc,mmu      ] GC(329) MMU: 2ms/80.5%, 5ms/92.2%, 10ms/96.1%, 20ms/96.3%, 50ms/97.1%, 100ms/97.5%
[553.714s][info][gc,marking  ] GC(329) Mark: 1 stripe(s), 3 proactive flush(es), 1 terminate flush(es), 0 completion(s), 0 continuation(s) 
[553.714s][info][gc,marking  ] GC(329) Mark Stack Usage: 32M
[553.714s][info][gc,nmethod  ] GC(329) NMethods: 4858 registered, 3 unregistered
[553.714s][info][gc,metaspace] GC(329) Metaspace: 33M used, 33M committed, 1088M reserved
[553.714s][info][gc,ref      ] GC(329) Soft: 4016 encountered, 0 discovered, 0 enqueued
[553.714s][info][gc,ref      ] GC(329) Weak: 21667 encountered, 18841 discovered, 2890 enqueued
[553.714s][info][gc,ref      ] GC(329) Final: 7 encountered, 7 discovered, 0 enqueued
[553.714s][info][gc,ref      ] GC(329) Phantom: 720 encountered, 671 discovered, 0 enqueued
[553.714s][info][gc,reloc    ] GC(329) Small Pages: 2448 / 4896M, Empty: 4436M, Relocated: 41M, In-Place: 0
[553.714s][info][gc,reloc    ] GC(329) Medium Pages: 6 / 192M, Empty: 160M, Relocated: 0M, In-Place: 0
[553.714s][info][gc,reloc    ] GC(329) Large Pages: 41 / 282M, Empty: 282M, Relocated: 0M, In-Place: 0
[553.714s][info][gc,reloc    ] GC(329) Forwarding Usage: 12M
[553.714s][info][gc,heap     ] GC(329) Min Capacity: 8192M(100%)
[553.714s][info][gc,heap     ] GC(329) Max Capacity: 8192M(100%)
[553.714s][info][gc,heap     ] GC(329) Soft Max Capacity: 8192M(100%)
[553.714s][info][gc,heap     ] GC(329)                Mark Start          Mark End        Relocate Start      Relocate End           High               Low         
[553.714s][info][gc,heap     ] GC(329)  Capacity:     8192M (100%)       8192M (100%)       8192M (100%)       8192M (100%)       8192M (100%)       8192M (100%)   
[553.714s][info][gc,heap     ] GC(329)      Free:     2822M (34%)        2658M (32%)        7528M (92%)        7780M (95%)        7780M (95%)        2658M (32%)    
[553.714s][info][gc,heap     ] GC(329)      Used:     5370M (66%)        5534M (68%)         664M (8%)          412M (5%)         5534M (68%)         412M (5%)     
[553.714s][info][gc,heap     ] GC(329)      Live:         -               154M (2%)          154M (2%)          154M (2%)             -                  -          
[553.714s][info][gc,heap     ] GC(329) Allocated:         -               164M (2%)          172M (2%)          234M (3%)             -                  -          
[553.714s][info][gc,heap     ] GC(329)   Garbage:         -              5215M (64%)         337M (4%)           22M (0%)             -                  -          
[553.714s][info][gc,heap     ] GC(329) Reclaimed:         -                  -              4878M (60%)        5192M (63%)            -                  -          
[553.714s][info][gc          ] GC(329) Garbage Collection (Allocation Rate) 5370M(66%)->412M(5%)
[557.400s][info][gc,start    ] GC(330) Garbage Collection (System.gc())
[557.400s][info][gc,task     ] GC(330) Using 2 workers
[557.400s][info][gc,phases   ] GC(330) Pause Mark Start 0.007ms
[557.462s][info][gc,phases   ] GC(330) Concurrent Mark 62.270ms
[557.462s][info][gc,phases   ] GC(330) Pause Mark End 0.022ms
[557.462s][info][gc,phases   ] GC(330) Concurrent Mark Free 0.002ms
[557.469s][info][gc,phases   ] GC(330) Concurrent Process Non-Strong References 6.381ms
[557.469s][info][gc,phases   ] GC(330) Concurrent Reset Relocation Set 0.015ms
[557.471s][info][gc,phases   ] GC(330) Concurrent Select Relocation Set 2.451ms
[557.472s][info][gc,phases   ] GC(330) Pause Relocate Start 0.010ms
[557.479s][info][gc,phases   ] GC(330) Concurrent Relocate 7.064ms
[557.479s][info][gc,load     ] GC(330) Load: 0.00/0.00/0.00
[557.479s][info][gc,mmu      ] GC(330) MMU: 2ms/80.5%, 5ms/92.2%, 10ms/96.1%, 20ms/96.3%, 50ms/97.1%, 100ms/97.5%
[557.479s][info][gc,marking  ] GC(330) Mark: 2 stripe(s), 1 proactive flush(es), 1 terminate flush(es), 0 completion(s), 0 continuation(s) 
[557.479s][info][gc,marking  ] GC(330) Mark Stack Usage: 32M
[557.479s][info][gc,nmethod  ] GC(330) NMethods: 4858 registered, 3 unregistered
[557.479s][info][gc,metaspace] GC(330) Metaspace: 33M used, 33M committed, 1088M reserved
[557.479s][info][gc,ref      ] GC(330) Soft: 4016 encountered, 0 discovered, 0 enqueued
[557.479s][info][gc,ref      ] GC(330) Weak: 24112 encountered, 22456 discovered, 22398 enqueued
[557.479s][info][gc,ref      ] GC(330) Final: 7 encountered, 6 discovered, 0 enqueued
[557.479s][info][gc,ref      ] GC(330) Phantom: 714 encountered, 640 discovered, 0 enqueued
[557.479s][info][gc,reloc    ] GC(330) Small Pages: 977 / 1954M, Empty: 1194M, Relocated: 10M, In-Place: 0
[557.479s][info][gc,reloc    ] GC(330) Medium Pages: 29 / 928M, Empty: 864M, Relocated: 16M, In-Place: 0
[557.479s][info][gc,reloc    ] GC(330) Large Pages: 275 / 1926M, Empty: 1926M, Relocated: 0M, In-Place: 0
[557.479s][info][gc,reloc    ] GC(330) Forwarding Usage: 3M
[557.479s][info][gc,heap     ] GC(330) Min Capacity: 8192M(100%)
[557.479s][info][gc,heap     ] GC(330) Max Capacity: 8192M(100%)
[557.479s][info][gc,heap     ] GC(330) Soft Max Capacity: 8192M(100%)
[557.479s][info][gc,heap     ] GC(330)                Mark Start          Mark End        Relocate Start      Relocate End           High               Low         
[557.479s][info][gc,heap     ] GC(330)  Capacity:     8192M (100%)       8192M (100%)       8192M (100%)       8192M (100%)       8192M (100%)       8192M (100%)   
[557.479s][info][gc,heap     ] GC(330)      Free:     3384M (41%)        3384M (41%)        7368M (90%)        8046M (98%)        8046M (98%)        3384M (41%)    
[557.479s][info][gc,heap     ] GC(330)      Used:     4808M (59%)        4808M (59%)         824M (10%)         146M (2%)         4808M (59%)         146M (2%)     
[557.479s][info][gc,heap     ] GC(330)      Live:         -               126M (2%)          126M (2%)          126M (2%)             -                  -          
[557.479s][info][gc,heap     ] GC(330) Allocated:         -                 0M (0%)            0M (0%)            0M (0%)             -                  -          
[557.479s][info][gc,heap     ] GC(330)   Garbage:         -              4681M (57%)         697M (9%)           19M (0%)             -                  -          
[557.479s][info][gc,heap     ] GC(330) Reclaimed:         -                  -              3984M (49%)        4662M (57%)            -                  -          
[557.479s][info][gc          ] GC(330) Garbage Collection (System.gc()) 4808M(59%)->146M(2%)
[558.122s][info][gc,start    ] GC(331) Garbage Collection (Allocation Rate)
[558.122s][info][gc,task     ] GC(331) Using 2 workers
[558.122s][info][gc,phases   ] GC(331) Pause Mark Start 0.009ms
[558.216s][info][gc,phases   ] GC(331) Concurrent Mark 78.289ms
[558.216s][info][gc,phases   ] GC(331) Pause Mark End 0.021ms
[558.216s][info][gc,phases   ] GC(331) Concurrent Mark Free 0.002ms
[558.222s][info][gc,phases   ] GC(331) Concurrent Process Non-Strong References 5.973ms
[558.222s][info][gc,phases   ] GC(331) Concurrent Reset Relocation Set 0.029ms
[558.225s][info][gc,phases   ] GC(331) Concurrent Select Relocation Set 3.374ms
[558.226s][info][gc,phases   ] GC(331) Pause Relocate Start 0.007ms
[558.226s][info][gc,phases   ] GC(331) Concurrent Relocate 0.633ms
[558.226s][info][gc,load     ] GC(331) Load: 0.00/0.00/0.00
[558.226s][info][gc,mmu      ] GC(331) MMU: 2ms/80.5%, 5ms/92.2%, 10ms/96.1%, 20ms/96.3%, 50ms/97.1%, 100ms/97.5%
[558.226s][info][gc,marking  ] GC(331) Mark: 2 stripe(s), 2 proactive flush(es), 1 terminate flush(es), 0 completion(s), 0 continuation(s) 
[558.226s][info][gc,marking  ] GC(331) Mark Stack Usage: 32M
[558.226s][info][gc,nmethod  ] GC(331) NMethods: 4858 registered, 3 unregistered
[558.226s][info][gc,metaspace] GC(331) Metaspace: 33M used, 33M committed, 1088M reserved
[558.226s][info][gc,ref      ] GC(331) Soft: 4016 encountered, 0 discovered, 0 enqueued
[558.226s][info][gc,ref      ] GC(331) Weak: 1732 encountered, 75 discovered, 0 enqueued
[558.226s][info][gc,ref      ] GC(331) Final: 7 encountered, 7 discovered, 0 enqueued
[558.226s][info][gc,ref      ] GC(331) Phantom: 714 encountered, 653 discovered, 0 enqueued
[558.226s][info][gc,reloc    ] GC(331) Small Pages: 2412 / 4824M, Empty: 4686M, Relocated: 0M, In-Place: 0
[558.226s][info][gc,reloc    ] GC(331) Medium Pages: 1 / 32M, Empty: 0M, Relocated: 0M, In-Place: 0
[558.226s][info][gc,reloc    ] GC(331) Large Pages: 0 / 0M, Empty: 0M, Relocated: 0M, In-Place: 0
[558.226s][info][gc,reloc    ] GC(331) Forwarding Usage: 0M
[558.226s][info][gc,heap     ] GC(331) Min Capacity: 8192M(100%)
[558.226s][info][gc,heap     ] GC(331) Max Capacity: 8192M(100%)
[558.226s][info][gc,heap     ] GC(331) Soft Max Capacity: 8192M(100%)
[558.226s][info][gc,heap     ] GC(331)                Mark Start          Mark End        Relocate Start      Relocate End           High               Low         
[558.226s][info][gc,heap     ] GC(331)  Capacity:     8192M (100%)       8192M (100%)       8192M (100%)       8192M (100%)       8192M (100%)       8192M (100%)   
[558.226s][info][gc,heap     ] GC(331)      Free:     3336M (41%)        2896M (35%)        7532M (92%)        7552M (92%)        7552M (92%)        2860M (35%)    
[558.226s][info][gc,heap     ] GC(331)      Used:     4856M (59%)        5296M (65%)         660M (8%)          640M (8%)         5332M (65%)         640M (8%)     
[558.226s][info][gc,heap     ] GC(331)      Live:         -               126M (2%)          126M (2%)          126M (2%)             -                  -          
[558.226s][info][gc,heap     ] GC(331) Allocated:         -               440M (5%)          490M (6%)          492M (6%)             -                  -          
[558.226s][info][gc,heap     ] GC(331)   Garbage:         -              4729M (58%)          43M (1%)           21M (0%)             -                  -          
[558.226s][info][gc,heap     ] GC(331) Reclaimed:         -                  -              4686M (57%)        4708M (57%)            -                  -          
[558.226s][info][gc          ] GC(331) Garbage Collection (Allocation Rate) 4856M(59%)->640M(8%)
[559.126s][info][gc,start    ] GC(332) Garbage Collection (Allocation Rate)
[559.126s][info][gc,task     ] GC(332) Using 1 workers
[559.126s][info][gc,phases   ] GC(332) Pause Mark Start 0.007ms
[559.241s][info][gc,phases   ] GC(332) Concurrent Mark 115.055ms
[559.241s][info][gc,phases   ] GC(332) Pause Mark End 0.010ms
[559.241s][info][gc,phases   ] GC(332) Concurrent Mark Free 0.001ms
[559.251s][info][gc,phases   ] GC(332) Concurrent Process Non-Strong References 9.901ms
[559.251s][info][gc,phases   ] GC(332) Concurrent Reset Relocation Set 0.003ms
[559.254s][info][gc,phases   ] GC(332) Concurrent Select Relocation Set 2.754ms
[559.254s][info][gc,phases   ] GC(332) Pause Relocate Start 0.008ms
[559.255s][info][gc,phases   ] GC(332) Concurrent Relocate 0.505ms
[559.255s][info][gc,load     ] GC(332) Load: 0.00/0.00/0.00
[559.255s][info][gc,mmu      ] GC(332) MMU: 2ms/80.5%, 5ms/92.2%, 10ms/96.1%, 20ms/96.3%, 50ms/97.1%, 100ms/97.5%
[559.255s][info][gc,marking  ] GC(332) Mark: 1 stripe(s), 2 proactive flush(es), 1 terminate flush(es), 0 completion(s), 0 continuation(s) 
[559.255s][info][gc,marking  ] GC(332) Mark Stack Usage: 32M
[559.255s][info][gc,nmethod  ] GC(332) NMethods: 4858 registered, 3 unregistered
[559.255s][info][gc,metaspace] GC(332) Metaspace: 33M used, 33M committed, 1088M reserved
[559.255s][info][gc,ref      ] GC(332) Soft: 4016 encountered, 0 discovered, 0 enqueued
[559.255s][info][gc,ref      ] GC(332) Weak: 1732 encountered, 1284 discovered, 0 enqueued
[559.255s][info][gc,ref      ] GC(332) Final: 7 encountered, 7 discovered, 0 enqueued
[559.255s][info][gc,ref      ] GC(332) Phantom: 714 encountered, 665 discovered, 0 enqueued
[559.255s][info][gc,reloc    ] GC(332) Small Pages: 2828 / 5656M, Empty: 5512M, Relocated: 0M, In-Place: 0
[559.255s][info][gc,reloc    ] GC(332) Medium Pages: 1 / 32M, Empty: 0M, Relocated: 0M, In-Place: 0
[559.255s][info][gc,reloc    ] GC(332) Large Pages: 0 / 0M, Empty: 0M, Relocated: 0M, In-Place: 0
[559.255s][info][gc,reloc    ] GC(332) Forwarding Usage: 0M
[559.255s][info][gc,heap     ] GC(332) Min Capacity: 8192M(100%)
[559.255s][info][gc,heap     ] GC(332) Max Capacity: 8192M(100%)
[559.255s][info][gc,heap     ] GC(332) Soft Max Capacity: 8192M(100%)
[559.255s][info][gc,heap     ] GC(332)                Mark Start          Mark End        Relocate Start      Relocate End           High               Low         
[559.255s][info][gc,heap     ] GC(332)  Capacity:     8192M (100%)       8192M (100%)       8192M (100%)       8192M (100%)       8192M (100%)       8192M (100%)   
[559.255s][info][gc,heap     ] GC(332)      Free:     2504M (31%)        2114M (26%)        7588M (93%)        7614M (93%)        7614M (93%)        2082M (25%)    
[559.255s][info][gc,heap     ] GC(332)      Used:     5688M (69%)        6078M (74%)         604M (7%)          578M (7%)         6110M (75%)         578M (7%)     
[559.255s][info][gc,heap     ] GC(332)      Live:         -               126M (2%)          126M (2%)          126M (2%)             -                  -          
[559.255s][info][gc,heap     ] GC(332) Allocated:         -               390M (5%)          428M (5%)          431M (5%)             -                  -          
[559.255s][info][gc,heap     ] GC(332)   Garbage:         -              5561M (68%)          49M (1%)           19M (0%)             -                  -          
[559.255s][info][gc,heap     ] GC(332) Reclaimed:         -                  -              5512M (67%)        5541M (68%)            -                  -          
[559.255s][info][gc          ] GC(332) Garbage Collection (Allocation Rate) 5688M(69%)->578M(7%)
[560.332s][info][gc,stats    ] === Garbage Collection Statistics =======================================================================================================================
[560.332s][info][gc,stats    ]                                                              Last 10s              Last 10m              Last 10h                Total
[560.332s][info][gc,stats    ]                                                              Avg / Max             Avg / Max             Avg / Max             Avg / Max
[560.332s][info][gc,stats    ]   Collector: Garbage Collection Cycle                    121.934 / 192.818     124.861 / 379.439     124.861 / 379.439     124.861 / 379.439     ms
[560.332s][info][gc,stats    ]  Contention: Mark Segment Reset Contention                     0 / 0                 0 / 115               0 / 115               0 / 115         ops/s
[560.332s][info][gc,stats    ]  Contention: Mark SeqNum Reset Contention                      0 / 0                 0 / 2                 0 / 2                 0 / 2           ops/s
[560.332s][info][gc,stats    ]    Critical: Allocation Stall                                  0 / 0                 0 / 0                 0 / 0                 0 / 0           ops/s
[560.332s][info][gc,stats    ]    Critical: Allocation Stall                              0.000 / 0.000         0.000 / 0.000         0.000 / 0.000         0.000 / 0.000       ms
[560.332s][info][gc,stats    ]    Critical: GC Locker Stall                                   0 / 0                 0 / 0                 0 / 0                 0 / 0           ops/s
[560.333s][info][gc,stats    ]    Critical: GC Locker Stall                               0.000 / 0.000         0.000 / 0.000         0.000 / 0.000         0.000 / 0.000       ms
[560.333s][info][gc,stats    ]    Critical: Relocation Stall                                  0 / 0                 0 / 0                 0 / 0                 0 / 0           ops/s
[560.333s][info][gc,stats    ]    Critical: Relocation Stall                              0.000 / 0.000         0.000 / 0.000         0.000 / 0.000         0.000 / 0.000       ms
[560.333s][info][gc,stats    ]      Memory: Allocation Rate                                3495 / 6576           2842 / 6636           2842 / 6636           2842 / 6636        MB/s
[560.333s][info][gc,stats    ]      Memory: Out Of Memory                                     0 / 0                 0 / 0                 0 / 0                 0 / 0           ops/s
[560.333s][info][gc,stats    ]      Memory: Page Cache Flush                                 81 / 600              88 / 672              88 / 672              88 / 672         MB/s
[560.333s][info][gc,stats    ]      Memory: Page Cache Hit L1                              1563 / 3290           1217 / 3321           1217 / 3321           1217 / 3321        ops/s
[560.333s][info][gc,stats    ]      Memory: Page Cache Hit L2                                 0 / 0                 0 / 0                 0 / 0                 0 / 0           ops/s
[560.333s][info][gc,stats    ]      Memory: Page Cache Hit L3                                45 / 264              39 / 635              39 / 635              39 / 635         ops/s
[560.333s][info][gc,stats    ]      Memory: Page Cache Miss                                   8 / 64                9 / 71                9 / 71                9 / 71          ops/s
[560.333s][info][gc,stats    ]      Memory: Uncommit                                          0 / 0                 0 / 0                 0 / 0                 0 / 0           MB/s
[560.333s][info][gc,stats    ]      Memory: Undo Object Allocation Failed                     0 / 1                 0 / 2                 0 / 2                 0 / 2           ops/s
[560.333s][info][gc,stats    ]      Memory: Undo Object Allocation Succeeded                  0 / 1                 0 / 94                0 / 94                0 / 94          ops/s
[560.333s][info][gc,stats    ]      Memory: Undo Page Allocation                              0 / 1                 0 / 8                 0 / 8                 0 / 8           ops/s
[560.333s][info][gc,stats    ]       Phase: Concurrent Mark                              96.483 / 138.172      99.231 / 213.312      99.231 / 213.312      99.231 / 213.312     ms
[560.333s][info][gc,stats    ]       Phase: Concurrent Mark Continue                      0.000 / 0.000        15.376 / 35.578       15.376 / 35.578       15.376 / 35.578      ms
[560.333s][info][gc,stats    ]       Phase: Concurrent Mark Free                          0.001 / 0.002         0.001 / 0.004         0.001 / 0.004         0.001 / 0.004       ms
[560.333s][info][gc,stats    ]       Phase: Concurrent Process Non-Strong References      8.136 / 10.713        8.416 / 31.706        8.416 / 31.706        8.416 / 31.706      ms
[560.333s][info][gc,stats    ]       Phase: Concurrent Relocate                           7.898 / 37.385        9.563 / 76.380        9.563 / 76.380        9.563 / 76.380      ms
[560.333s][info][gc,stats    ]       Phase: Concurrent Reset Relocation Set               0.011 / 0.029         0.010 / 0.049         0.010 / 0.049         0.010 / 0.049       ms
[560.333s][info][gc,stats    ]       Phase: Concurrent Select Relocation Set              3.450 / 5.716         3.569 / 13.402        3.569 / 13.402        3.569 / 13.402      ms
[560.333s][info][gc,stats    ]       Phase: Pause Mark End                                0.017 / 0.023         0.045 / 0.390         0.045 / 0.390         0.045 / 0.390       ms
[560.333s][info][gc,stats    ]       Phase: Pause Mark Start                              0.009 / 0.013         0.008 / 0.022         0.008 / 0.022         0.008 / 0.022       ms
[560.333s][info][gc,stats    ]       Phase: Pause Relocate Start                          0.009 / 0.015         0.011 / 0.046         0.011 / 0.046         0.011 / 0.046       ms
[560.333s][info][gc,stats    ]    Subphase: Concurrent Classes Purge                      0.260 / 0.352         0.253 / 0.574         0.253 / 0.574         0.253 / 0.574       ms
[560.333s][info][gc,stats    ]    Subphase: Concurrent Classes Unlink                     6.473 / 9.602         5.945 / 23.760        5.945 / 23.760        5.945 / 23.760      ms
[560.333s][info][gc,stats    ]    Subphase: Concurrent Mark                              82.806 / 137.249      79.612 / 212.374      79.612 / 212.374      79.612 / 212.374     ms
[560.333s][info][gc,stats    ]    Subphase: Concurrent Mark Try Flush                     0.062 / 0.135         0.440 / 30.486        0.440 / 30.486        0.440 / 30.486      ms
[560.333s][info][gc,stats    ]    Subphase: Concurrent Mark Try Terminate                 2.236 / 15.804        2.819 / 24.568        2.819 / 24.568        2.819 / 24.568      ms
[560.333s][info][gc,stats    ]    Subphase: Concurrent References Enqueue                 0.003 / 0.007         0.003 / 0.008         0.003 / 0.008         0.003 / 0.008       ms
[560.333s][info][gc,stats    ]    Subphase: Concurrent References Process                 0.917 / 2.547         1.021 / 3.217         1.021 / 3.217         1.021 / 3.217       ms
[560.333s][info][gc,stats    ]    Subphase: Concurrent Roots ClassLoaderDataGraph         0.109 / 0.189         0.107 / 0.537         0.107 / 0.537         0.107 / 0.537       ms
[560.333s][info][gc,stats    ]    Subphase: Concurrent Roots CodeCache                    0.000 / 0.000         0.000 / 0.000         0.000 / 0.000         0.000 / 0.000       ms
[560.333s][info][gc,stats    ]    Subphase: Concurrent Roots JavaThreads                  0.348 / 0.579         0.358 / 1.258         0.358 / 1.258         0.358 / 1.258       ms
[560.333s][info][gc,stats    ]    Subphase: Concurrent Roots OopStorageSet                0.031 / 0.049         0.031 / 0.614         0.031 / 0.614         0.031 / 0.614       ms
[560.333s][info][gc,stats    ]    Subphase: Concurrent Weak Roots OopStorageSet           0.294 / 0.395         0.299 / 1.123         0.299 / 1.123         0.299 / 1.123       ms
[560.333s][info][gc,stats    ]    Subphase: Pause Mark Try Complete                       0.000 / 0.000         0.136 / 0.301         0.136 / 0.301         0.136 / 0.301       ms
[560.333s][info][gc,stats    ]      System: Java Threads                                     20 / 21               19 / 22               19 / 22               19 / 22          threads
[560.333s][info][gc,stats    ] =========================================================================================================================================================
[560.621s][info][gc,start    ] GC(333) Garbage Collection (Allocation Rate)
[560.621s][info][gc,task     ] GC(333) Using 1 workers
[560.622s][info][gc,phases   ] GC(333) Pause Mark Start 0.011ms
[560.760s][info][gc,phases   ] GC(333) Concurrent Mark 137.880ms
[560.760s][info][gc,phases   ] GC(333) Pause Mark End 0.013ms
[560.760s][info][gc,phases   ] GC(333) Concurrent Mark Free 0.001ms
[560.769s][info][gc,phases   ] GC(333) Concurrent Process Non-Strong References 9.548ms
[560.769s][info][gc,phases   ] GC(333) Concurrent Reset Relocation Set 0.002ms
[560.776s][info][gc,phases   ] GC(333) Concurrent Select Relocation Set 6.207ms
[560.776s][info][gc,phases   ] GC(333) Pause Relocate Start 0.017ms
[560.811s][info][gc,phases   ] GC(333) Concurrent Relocate 35.416ms
[560.811s][info][gc,load     ] GC(333) Load: 0.00/0.00/0.00
[560.811s][info][gc,mmu      ] GC(333) MMU: 2ms/80.5%, 5ms/92.2%, 10ms/96.1%, 20ms/96.3%, 50ms/97.1%, 100ms/97.5%
[560.811s][info][gc,marking  ] GC(333) Mark: 1 stripe(s), 2 proactive flush(es), 1 terminate flush(es), 0 completion(s), 0 continuation(s) 
[560.811s][info][gc,marking  ] GC(333) Mark Stack Usage: 32M
[560.811s][info][gc,nmethod  ] GC(333) NMethods: 4858 registered, 3 unregistered
[560.811s][info][gc,metaspace] GC(333) Metaspace: 33M used, 33M committed, 1088M reserved
[560.811s][info][gc,ref      ] GC(333) Soft: 4016 encountered, 0 discovered, 0 enqueued
[560.811s][info][gc,ref      ] GC(333) Weak: 21323 encountered, 17231 discovered, 2807 enqueued
[560.811s][info][gc,ref      ] GC(333) Final: 7 encountered, 7 discovered, 0 enqueued
[560.811s][info][gc,ref      ] GC(333) Phantom: 720 encountered, 671 discovered, 0 enqueued
[560.811s][info][gc,reloc    ] GC(333) Small Pages: 2480 / 4960M, Empty: 4568M, Relocated: 39M, In-Place: 0
[560.811s][info][gc,reloc    ] GC(333) Medium Pages: 5 / 160M, Empty: 128M, Relocated: 0M, In-Place: 0
[560.811s][info][gc,reloc    ] GC(333) Large Pages: 34 / 236M, Empty: 236M, Relocated: 0M, In-Place: 0
[560.811s][info][gc,reloc    ] GC(333) Forwarding Usage: 12M
[560.811s][info][gc,heap     ] GC(333) Min Capacity: 8192M(100%)
[560.811s][info][gc,heap     ] GC(333) Max Capacity: 8192M(100%)
[560.811s][info][gc,heap     ] GC(333) Soft Max Capacity: 8192M(100%)
[560.811s][info][gc,heap     ] GC(333)                Mark Start          Mark End        Relocate Start      Relocate End           High               Low         
[560.811s][info][gc,heap     ] GC(333)  Capacity:     8192M (100%)       8192M (100%)       8192M (100%)       8192M (100%)       8192M (100%)       8192M (100%)   
[560.811s][info][gc,heap     ] GC(333)      Free:     2836M (35%)        2674M (33%)        7560M (92%)        7780M (95%)        7780M (95%)        2670M (33%)    
[560.811s][info][gc,heap     ] GC(333)      Used:     5356M (65%)        5518M (67%)         632M (8%)          412M (5%)         5522M (67%)         412M (5%)     
[560.812s][info][gc,heap     ] GC(333)      Live:         -               153M (2%)          153M (2%)          153M (2%)             -                  -          
[560.812s][info][gc,heap     ] GC(333) Allocated:         -               162M (2%)          208M (3%)          234M (3%)             -                  -          
[560.812s][info][gc,heap     ] GC(333)   Garbage:         -              5202M (64%)         270M (3%)           23M (0%)             -                  -          
[560.812s][info][gc,heap     ] GC(333) Reclaimed:         -                  -              4932M (60%)        5178M (63%)            -                  -          
[560.812s][info][gc          ] GC(333) Garbage Collection (Allocation Rate) 5356M(65%)->412M(5%)
[563.639s][info][gc,start    ] GC(334) Garbage Collection (System.gc())
[563.639s][info][gc,task     ] GC(334) Using 2 workers
[563.639s][info][gc,phases   ] GC(334) Pause Mark Start 0.007ms
[563.686s][info][gc,phases   ] GC(334) Concurrent Mark 47.401ms
[563.686s][info][gc,phases   ] GC(334) Pause Mark End 0.017ms
[563.686s][info][gc,phases   ] GC(334) Concurrent Mark Free 0.001ms
[563.692s][info][gc,phases   ] GC(334) Concurrent Process Non-Strong References 5.426ms
[563.692s][info][gc,phases   ] GC(334) Concurrent Reset Relocation Set 0.013ms
[563.694s][info][gc,phases   ] GC(334) Concurrent Select Relocation Set 2.437ms
[563.694s][info][gc,phases   ] GC(334) Pause Relocate Start 0.010ms
[563.701s][info][gc,phases   ] GC(334) Concurrent Relocate 6.972ms
[563.702s][info][gc,load     ] GC(334) Load: 0.00/0.00/0.00
[563.702s][info][gc,mmu      ] GC(334) MMU: 2ms/80.5%, 5ms/92.2%, 10ms/96.1%, 20ms/96.3%, 50ms/97.1%, 100ms/97.5%
[563.702s][info][gc,marking  ] GC(334) Mark: 2 stripe(s), 1 proactive flush(es), 1 terminate flush(es), 0 completion(s), 0 continuation(s) 
[563.702s][info][gc,marking  ] GC(334) Mark Stack Usage: 32M
[563.702s][info][gc,nmethod  ] GC(334) NMethods: 4858 registered, 3 unregistered
[563.702s][info][gc,metaspace] GC(334) Metaspace: 33M used, 33M committed, 1088M reserved
[563.702s][info][gc,ref      ] GC(334) Soft: 4016 encountered, 0 discovered, 0 enqueued
[563.702s][info][gc,ref      ] GC(334) Weak: 23245 encountered, 21582 discovered, 21531 enqueued
[563.702s][info][gc,ref      ] GC(334) Final: 7 encountered, 5 discovered, 0 enqueued
[563.702s][info][gc,ref      ] GC(334) Phantom: 714 encountered, 647 discovered, 0 enqueued
[563.702s][info][gc,reloc    ] GC(334) Small Pages: 849 / 1698M, Empty: 1016M, Relocated: 9M, In-Place: 0
[563.702s][info][gc,reloc    ] GC(334) Medium Pages: 25 / 800M, Empty: 736M, Relocated: 16M, In-Place: 0
[563.702s][info][gc,reloc    ] GC(334) Large Pages: 222 / 1546M, Empty: 1546M, Relocated: 0M, In-Place: 0
[563.702s][info][gc,reloc    ] GC(334) Forwarding Usage: 3M
[563.702s][info][gc,heap     ] GC(334) Min Capacity: 8192M(100%)
[563.702s][info][gc,heap     ] GC(334) Max Capacity: 8192M(100%)
[563.702s][info][gc,heap     ] GC(334) Soft Max Capacity: 8192M(100%)
[563.702s][info][gc,heap     ] GC(334)                Mark Start          Mark End        Relocate Start      Relocate End           High               Low         
[563.702s][info][gc,heap     ] GC(334)  Capacity:     8192M (100%)       8192M (100%)       8192M (100%)       8192M (100%)       8192M (100%)       8192M (100%)   
[563.702s][info][gc,heap     ] GC(334)      Free:     4148M (51%)        4148M (51%)        7446M (91%)        8046M (98%)        8046M (98%)        4148M (51%)    
[563.702s][info][gc,heap     ] GC(334)      Used:     4044M (49%)        4044M (49%)         746M (9%)          146M (2%)         4044M (49%)         146M (2%)     
[563.702s][info][gc,heap     ] GC(334)      Live:         -               126M (2%)          126M (2%)          126M (2%)             -                  -          
[563.702s][info][gc,heap     ] GC(334) Allocated:         -                 0M (0%)            0M (0%)            0M (0%)             -                  -          
[563.702s][info][gc,heap     ] GC(334)   Garbage:         -              3917M (48%)         619M (8%)           19M (0%)             -                  -          
[563.702s][info][gc,heap     ] GC(334) Reclaimed:         -                  -              3298M (40%)        3898M (48%)            -                  -          
[563.702s][info][gc          ] GC(334) Garbage Collection (System.gc()) 4044M(49%)->146M(2%)
[564.424s][info][gc,start    ] GC(335) Garbage Collection (Allocation Rate)
[564.424s][info][gc,task     ] GC(335) Using 2 workers
[564.424s][info][gc,phases   ] GC(335) Pause Mark Start 0.009ms
[564.503s][info][gc,phases   ] GC(335) Concurrent Mark 78.215ms
[564.503s][info][gc,phases   ] GC(335) Pause Mark End 0.013ms
[564.503s][info][gc,phases   ] GC(335) Concurrent Mark Free 0.001ms
[564.508s][info][gc,phases   ] GC(335) Concurrent Process Non-Strong References 5.377ms
[564.508s][info][gc,phases   ] GC(335) Concurrent Reset Relocation Set 0.024ms
[564.512s][info][gc,phases   ] GC(335) Concurrent Select Relocation Set 3.393ms
[564.512s][info][gc,phases   ] GC(335) Pause Relocate Start 0.008ms
[564.512s][info][gc,phases   ] GC(335) Concurrent Relocate 0.256ms
[564.512s][info][gc,load     ] GC(335) Load: 0.00/0.00/0.00
[564.512s][info][gc,mmu      ] GC(335) MMU: 2ms/80.5%, 5ms/92.2%, 10ms/96.1%, 20ms/96.3%, 50ms/97.1%, 100ms/97.5%
[564.512s][info][gc,marking  ] GC(335) Mark: 2 stripe(s), 2 proactive flush(es), 1 terminate flush(es), 0 completion(s), 0 continuation(s) 
[564.512s][info][gc,marking  ] GC(335) Mark Stack Usage: 32M
[564.512s][info][gc,nmethod  ] GC(335) NMethods: 4859 registered, 3 unregistered
[564.512s][info][gc,metaspace] GC(335) Metaspace: 33M used, 33M committed, 1088M reserved
[564.512s][info][gc,ref      ] GC(335) Soft: 4016 encountered, 0 discovered, 0 enqueued
[564.512s][info][gc,ref      ] GC(335) Weak: 1732 encountered, 58 discovered, 0 enqueued
[564.512s][info][gc,ref      ] GC(335) Final: 7 encountered, 7 discovered, 0 enqueued
[564.512s][info][gc,ref      ] GC(335) Phantom: 714 encountered, 546 discovered, 0 enqueued
[564.512s][info][gc,reloc    ] GC(335) Small Pages: 2663 / 5326M, Empty: 5182M, Relocated: 0M, In-Place: 0
[564.512s][info][gc,reloc    ] GC(335) Medium Pages: 1 / 32M, Empty: 0M, Relocated: 0M, In-Place: 0
[564.512s][info][gc,reloc    ] GC(335) Large Pages: 0 / 0M, Empty: 0M, Relocated: 0M, In-Place: 0
[564.512s][info][gc,reloc    ] GC(335) Forwarding Usage: 0M
[564.512s][info][gc,heap     ] GC(335) Min Capacity: 8192M(100%)
[564.513s][info][gc,heap     ] GC(335) Max Capacity: 8192M(100%)
[564.513s][info][gc,heap     ] GC(335) Soft Max Capacity: 8192M(100%)
[564.513s][info][gc,heap     ] GC(335)                Mark Start          Mark End        Relocate Start      Relocate End           High               Low         
[564.513s][info][gc,heap     ] GC(335)  Capacity:     8192M (100%)       8192M (100%)       8192M (100%)       8192M (100%)       8192M (100%)       8192M (100%)   
[564.513s][info][gc,heap     ] GC(335)      Free:     2834M (35%)        2494M (30%)        7638M (93%)        7666M (94%)        7666M (94%)        2474M (30%)    
[564.513s][info][gc,heap     ] GC(335)      Used:     5358M (65%)        5698M (70%)         554M (7%)          526M (6%)         5718M (70%)         526M (6%)     
[564.513s][info][gc,heap     ] GC(335)      Live:         -               126M (2%)          126M (2%)          126M (2%)             -                  -          
[564.513s][info][gc,heap     ] GC(335) Allocated:         -               340M (4%)          378M (5%)          377M (5%)             -                  -          
[564.513s][info][gc,heap     ] GC(335)   Garbage:         -              5231M (64%)          49M (1%)           21M (0%)             -                  -          
[564.513s][info][gc,heap     ] GC(335) Reclaimed:         -                  -              5182M (63%)        5209M (64%)            -                  -          
[564.513s][info][gc          ] GC(335) Garbage Collection (Allocation Rate) 5358M(65%)->526M(6%)
[565.428s][info][gc,start    ] GC(336) Garbage Collection (Allocation Rate)
[565.428s][info][gc,task     ] GC(336) Using 1 workers
[565.429s][info][gc,phases   ] GC(336) Pause Mark Start 0.006ms
[565.555s][info][gc,phases   ] GC(336) Concurrent Mark 126.583ms
[565.555s][info][gc,phases   ] GC(336) Pause Mark End 0.009ms
[565.555s][info][gc,phases   ] GC(336) Concurrent Mark Free 0.000ms
[565.586s][info][gc,phases   ] GC(336) Concurrent Process Non-Strong References 30.018ms
[565.586s][info][gc,phases   ] GC(336) Concurrent Reset Relocation Set 0.002ms
[565.589s][info][gc,phases   ] GC(336) Concurrent Select Relocation Set 2.950ms
[565.589s][info][gc,phases   ] GC(336) Pause Relocate Start 0.007ms
[565.589s][info][gc,phases   ] GC(336) Concurrent Relocate 0.262ms
[565.589s][info][gc,load     ] GC(336) Load: 0.00/0.00/0.00
[565.589s][info][gc,mmu      ] GC(336) MMU: 2ms/80.5%, 5ms/92.2%, 10ms/96.1%, 20ms/96.3%, 50ms/97.1%, 100ms/97.5%
[565.589s][info][gc,marking  ] GC(336) Mark: 1 stripe(s), 2 proactive flush(es), 1 terminate flush(es), 0 completion(s), 0 continuation(s) 
[565.589s][info][gc,marking  ] GC(336) Mark Stack Usage: 32M
[565.589s][info][gc,nmethod  ] GC(336) NMethods: 4859 registered, 3 unregistered
[565.589s][info][gc,metaspace] GC(336) Metaspace: 33M used, 33M committed, 1088M reserved
[565.589s][info][gc,ref      ] GC(336) Soft: 4016 encountered, 0 discovered, 0 enqueued
[565.589s][info][gc,ref      ] GC(336) Weak: 1732 encountered, 1284 discovered, 0 enqueued
[565.589s][info][gc,ref      ] GC(336) Final: 7 encountered, 7 discovered, 0 enqueued
[565.589s][info][gc,ref      ] GC(336) Phantom: 714 encountered, 665 discovered, 0 enqueued
[565.589s][info][gc,reloc    ] GC(336) Small Pages: 2841 / 5682M, Empty: 5542M, Relocated: 0M, In-Place: 0
[565.589s][info][gc,reloc    ] GC(336) Medium Pages: 1 / 32M, Empty: 0M, Relocated: 0M, In-Place: 0
[565.589s][info][gc,reloc    ] GC(336) Large Pages: 0 / 0M, Empty: 0M, Relocated: 0M, In-Place: 0
[565.589s][info][gc,reloc    ] GC(336) Forwarding Usage: 0M
[565.589s][info][gc,heap     ] GC(336) Min Capacity: 8192M(100%)
[565.589s][info][gc,heap     ] GC(336) Max Capacity: 8192M(100%)
[565.589s][info][gc,heap     ] GC(336) Soft Max Capacity: 8192M(100%)
[565.589s][info][gc,heap     ] GC(336)                Mark Start          Mark End        Relocate Start      Relocate End           High               Low         
[565.589s][info][gc,heap     ] GC(336)  Capacity:     8192M (100%)       8192M (100%)       8192M (100%)       8192M (100%)       8192M (100%)       8192M (100%)   
[565.589s][info][gc,heap     ] GC(336)      Free:     2478M (30%)        1952M (24%)        7372M (90%)        7398M (90%)        7398M (90%)        1844M (23%)    
[565.589s][info][gc,heap     ] GC(336)      Used:     5714M (70%)        6240M (76%)         820M (10%)         794M (10%)        6348M (77%)         794M (10%)    
[565.589s][info][gc,heap     ] GC(336)      Live:         -               126M (2%)          126M (2%)          126M (2%)             -                  -          
[565.589s][info][gc,heap     ] GC(336) Allocated:         -               526M (6%)          648M (8%)          647M (8%)             -                  -          
[565.589s][info][gc,heap     ] GC(336)   Garbage:         -              5587M (68%)          45M (1%)           19M (0%)             -                  -          
[565.589s][info][gc,heap     ] GC(336) Reclaimed:         -                  -              5542M (68%)        5567M (68%)            -                  -          
[565.589s][info][gc          ] GC(336) Garbage Collection (Allocation Rate) 5714M(70%)->794M(10%)
[566.927s][info][gc,start    ] GC(337) Garbage Collection (Allocation Rate)
[566.927s][info][gc,task     ] GC(337) Using 1 workers
[566.927s][info][gc,phases   ] GC(337) Pause Mark Start 0.005ms
[567.070s][info][gc,phases   ] GC(337) Concurrent Mark 142.509ms
[567.070s][info][gc,phases   ] GC(337) Pause Mark End 0.016ms
[567.070s][info][gc,phases   ] GC(337) Concurrent Mark Free 0.001ms
[567.080s][info][gc,phases   ] GC(337) Concurrent Process Non-Strong References 10.250ms
[567.080s][info][gc,phases   ] GC(337) Concurrent Reset Relocation Set 0.002ms
[567.085s][info][gc,phases   ] GC(337) Concurrent Select Relocation Set 4.683ms
[567.085s][info][gc,phases   ] GC(337) Pause Relocate Start 0.012ms
[567.121s][info][gc,phases   ] GC(337) Concurrent Relocate 35.562ms
[567.121s][info][gc,load     ] GC(337) Load: 0.00/0.00/0.00
[567.121s][info][gc,mmu      ] GC(337) MMU: 2ms/80.5%, 5ms/92.2%, 10ms/96.1%, 20ms/96.3%, 50ms/97.1%, 100ms/97.5%
[567.121s][info][gc,marking  ] GC(337) Mark: 1 stripe(s), 3 proactive flush(es), 1 terminate flush(es), 0 completion(s), 0 continuation(s) 
[567.121s][info][gc,marking  ] GC(337) Mark Stack Usage: 32M
[567.121s][info][gc,nmethod  ] GC(337) NMethods: 4860 registered, 3 unregistered
[567.121s][info][gc,metaspace] GC(337) Metaspace: 33M used, 33M committed, 1088M reserved
[567.121s][info][gc,ref      ] GC(337) Soft: 4016 encountered, 0 discovered, 0 enqueued
[567.121s][info][gc,ref      ] GC(337) Weak: 22642 encountered, 17842 discovered, 241 enqueued
[567.121s][info][gc,ref      ] GC(337) Final: 7 encountered, 7 discovered, 0 enqueued
[567.121s][info][gc,ref      ] GC(337) Phantom: 720 encountered, 671 discovered, 0 enqueued
[567.121s][info][gc,reloc    ] GC(337) Small Pages: 2200 / 4400M, Empty: 4038M, Relocated: 41M, In-Place: 0
[567.121s][info][gc,reloc    ] GC(337) Medium Pages: 4 / 128M, Empty: 96M, Relocated: 0M, In-Place: 0
[567.121s][info][gc,reloc    ] GC(337) Large Pages: 29 / 200M, Empty: 200M, Relocated: 0M, In-Place: 0
[567.121s][info][gc,reloc    ] GC(337) Forwarding Usage: 12M
[567.121s][info][gc,heap     ] GC(337) Min Capacity: 8192M(100%)
[567.121s][info][gc,heap     ] GC(337) Max Capacity: 8192M(100%)
[567.121s][info][gc,heap     ] GC(337) Soft Max Capacity: 8192M(100%)
[567.121s][info][gc,heap     ] GC(337)                Mark Start          Mark End        Relocate Start      Relocate End           High               Low         
[567.121s][info][gc,heap     ] GC(337)  Capacity:     8192M (100%)       8192M (100%)       8192M (100%)       8192M (100%)       8192M (100%)       8192M (100%)   
[567.121s][info][gc,heap     ] GC(337)      Free:     3464M (42%)        3252M (40%)        7574M (92%)        7752M (95%)        7754M (95%)        3244M (40%)    
[567.121s][info][gc,heap     ] GC(337)      Used:     4728M (58%)        4940M (60%)         618M (8%)          440M (5%)         4948M (60%)         438M (5%)     
[567.121s][info][gc,heap     ] GC(337)      Live:         -               154M (2%)          154M (2%)          154M (2%)             -                  -          
[567.121s][info][gc,heap     ] GC(337) Allocated:         -               212M (3%)          224M (3%)          262M (3%)             -                  -          
[567.121s][info][gc,heap     ] GC(337)   Garbage:         -              4573M (56%)         239M (3%)           22M (0%)             -                  -          
[567.121s][info][gc,heap     ] GC(337) Reclaimed:         -                  -              4334M (53%)        4550M (56%)            -                  -          
[567.121s][info][gc          ] GC(337) Garbage Collection (Allocation Rate) 4728M(58%)->440M(5%)
[569.754s][info][gc,start    ] GC(338) Garbage Collection (System.gc())
[569.754s][info][gc,task     ] GC(338) Using 2 workers
[569.754s][info][gc,phases   ] GC(338) Pause Mark Start 0.006ms
[569.817s][info][gc,phases   ] GC(338) Concurrent Mark 62.663ms
[569.817s][info][gc,phases   ] GC(338) Pause Mark End 0.023ms
[569.818s][info][gc,phases   ] GC(338) Concurrent Mark Free 0.002ms
[569.824s][info][gc,phases   ] GC(338) Concurrent Process Non-Strong References 6.562ms
[569.824s][info][gc,phases   ] GC(338) Concurrent Reset Relocation Set 0.012ms
[569.827s][info][gc,phases   ] GC(338) Concurrent Select Relocation Set 2.562ms
[569.827s][info][gc,phases   ] GC(338) Pause Relocate Start 0.009ms
[569.834s][info][gc,phases   ] GC(338) Concurrent Relocate 7.408ms
[569.834s][info][gc,load     ] GC(338) Load: 0.00/0.00/0.00
[569.835s][info][gc,mmu      ] GC(338) MMU: 2ms/80.5%, 5ms/92.2%, 10ms/96.1%, 20ms/96.3%, 50ms/97.1%, 100ms/97.5%
[569.835s][info][gc,marking  ] GC(338) Mark: 2 stripe(s), 1 proactive flush(es), 1 terminate flush(es), 0 completion(s), 0 continuation(s) 
[569.835s][info][gc,marking  ] GC(338) Mark Stack Usage: 32M
[569.835s][info][gc,nmethod  ] GC(338) NMethods: 4860 registered, 3 unregistered
[569.835s][info][gc,metaspace] GC(338) Metaspace: 33M used, 33M committed, 1088M reserved
[569.835s][info][gc,ref      ] GC(338) Soft: 4016 encountered, 0 discovered, 0 enqueued
[569.835s][info][gc,ref      ] GC(338) Weak: 24440 encountered, 23765 discovered, 22726 enqueued
[569.835s][info][gc,ref      ] GC(338) Final: 7 encountered, 5 discovered, 0 enqueued
[569.835s][info][gc,ref      ] GC(338) Phantom: 714 encountered, 647 discovered, 0 enqueued
[569.835s][info][gc,reloc    ] GC(338) Small Pages: 814 / 1628M, Empty: 932M, Relocated: 9M, In-Place: 0
[569.835s][info][gc,reloc    ] GC(338) Medium Pages: 21 / 672M, Empty: 608M, Relocated: 16M, In-Place: 0
[569.835s][info][gc,reloc    ] GC(338) Large Pages: 186 / 1290M, Empty: 1290M, Relocated: 0M, In-Place: 0
[569.835s][info][gc,reloc    ] GC(338) Forwarding Usage: 3M
[569.835s][info][gc,heap     ] GC(338) Min Capacity: 8192M(100%)
[569.835s][info][gc,heap     ] GC(338) Max Capacity: 8192M(100%)
[569.835s][info][gc,heap     ] GC(338) Soft Max Capacity: 8192M(100%)
[569.835s][info][gc,heap     ] GC(338)                Mark Start          Mark End        Relocate Start      Relocate End           High               Low         
[569.835s][info][gc,heap     ] GC(338)  Capacity:     8192M (100%)       8192M (100%)       8192M (100%)       8192M (100%)       8192M (100%)       8192M (100%)   
[569.835s][info][gc,heap     ] GC(338)      Free:     4602M (56%)        4602M (56%)        7432M (91%)        8044M (98%)        8044M (98%)        4602M (56%)    
[569.835s][info][gc,heap     ] GC(338)      Used:     3590M (44%)        3590M (44%)         760M (9%)          148M (2%)         3590M (44%)         148M (2%)     
[569.835s][info][gc,heap     ] GC(338)      Live:         -               126M (2%)          126M (2%)          126M (2%)             -                  -          
[569.835s][info][gc,heap     ] GC(338) Allocated:         -                 0M (0%)            0M (0%)            0M (0%)             -                  -          
[569.835s][info][gc,heap     ] GC(338)   Garbage:         -              3463M (42%)         633M (8%)           21M (0%)             -                  -          
[569.835s][info][gc,heap     ] GC(338) Reclaimed:         -                  -              2830M (35%)        3442M (42%)            -                  -          
[569.835s][info][gc          ] GC(338) Garbage Collection (System.gc()) 3590M(44%)->148M(2%)
[570.336s][info][gc,stats    ] === Garbage Collection Statistics =======================================================================================================================
[570.336s][info][gc,stats    ]                                                              Last 10s              Last 10m              Last 10h                Total
[570.336s][info][gc,stats    ]                                                              Avg / Max             Avg / Max             Avg / Max             Avg / Max
[570.336s][info][gc,stats    ]   Collector: Garbage Collection Cycle                    129.315 / 193.821     124.939 / 379.439     124.939 / 379.439     124.939 / 379.439     ms
[570.336s][info][gc,stats    ]  Contention: Mark Segment Reset Contention                     0 / 1                 0 / 115               0 / 115               0 / 115         ops/s
[570.336s][info][gc,stats    ]  Contention: Mark SeqNum Reset Contention                      0 / 0                 0 / 2                 0 / 2                 0 / 2           ops/s
[570.336s][info][gc,stats    ]    Critical: Allocation Stall                                  0 / 0                 0 / 0                 0 / 0                 0 / 0           ops/s
[570.336s][info][gc,stats    ]    Critical: Allocation Stall                              0.000 / 0.000         0.000 / 0.000         0.000 / 0.000         0.000 / 0.000       ms
[570.336s][info][gc,stats    ]    Critical: GC Locker Stall                                   0 / 0                 0 / 0                 0 / 0                 0 / 0           ops/s
[570.336s][info][gc,stats    ]    Critical: GC Locker Stall                               0.000 / 0.000         0.000 / 0.000         0.000 / 0.000         0.000 / 0.000       ms
[570.336s][info][gc,stats    ]    Critical: Relocation Stall                                  0 / 0                 0 / 0                 0 / 0                 0 / 0           ops/s
[570.336s][info][gc,stats    ]    Critical: Relocation Stall                              0.000 / 0.000         0.000 / 0.000         0.000 / 0.000         0.000 / 0.000       ms
[570.336s][info][gc,stats    ]      Memory: Allocation Rate                                2664 / 5626           2839 / 6636           2839 / 6636           2839 / 6636        MB/s
[570.336s][info][gc,stats    ]      Memory: Out Of Memory                                     0 / 0                 0 / 0                 0 / 0                 0 / 0           ops/s
[570.336s][info][gc,stats    ]      Memory: Page Cache Flush                                 35 / 190              87 / 672              87 / 672              87 / 672         MB/s
[570.336s][info][gc,stats    ]      Memory: Page Cache Hit L1                              1125 / 2815           1216 / 3321           1216 / 3321           1216 / 3321        ops/s
[570.336s][info][gc,stats    ]      Memory: Page Cache Hit L2                                 0 / 0                 0 / 0                 0 / 0                 0 / 0           ops/s
[570.336s][info][gc,stats    ]      Memory: Page Cache Hit L3                                21 / 169              39 / 635              39 / 635              39 / 635         ops/s
[570.336s][info][gc,stats    ]      Memory: Page Cache Miss                                   3 / 20                9 / 71                9 / 71                9 / 71          ops/s
[570.336s][info][gc,stats    ]      Memory: Uncommit                                          0 / 0                 0 / 0                 0 / 0                 0 / 0           MB/s
[570.336s][info][gc,stats    ]      Memory: Undo Object Allocation Failed                     0 / 0                 0 / 2                 0 / 2                 0 / 2           ops/s
[570.336s][info][gc,stats    ]      Memory: Undo Object Allocation Succeeded                  0 / 0                 0 / 94                0 / 94                0 / 94          ops/s
[570.336s][info][gc,stats    ]      Memory: Undo Page Allocation                              0 / 3                 0 / 8                 0 / 8                 0 / 8           ops/s
[570.336s][info][gc,stats    ]       Phase: Concurrent Mark                              99.208 / 142.509      99.231 / 213.312      99.231 / 213.312      99.231 / 213.312     ms
[570.336s][info][gc,stats    ]       Phase: Concurrent Mark Continue                      0.000 / 0.000        15.376 / 35.578       15.376 / 35.578       15.376 / 35.578      ms
[570.336s][info][gc,stats    ]       Phase: Concurrent Mark Free                          0.001 / 0.002         0.001 / 0.004         0.001 / 0.004         0.001 / 0.004       ms
[570.336s][info][gc,stats    ]       Phase: Concurrent Process Non-Strong References     11.197 / 30.018        8.465 / 31.706        8.465 / 31.706        8.465 / 31.706      ms
[570.336s][info][gc,stats    ]       Phase: Concurrent Relocate                          14.313 / 35.562        9.647 / 76.380        9.647 / 76.380        9.647 / 76.380      ms
[570.336s][info][gc,stats    ]       Phase: Concurrent Reset Relocation Set               0.009 / 0.024         0.010 / 0.049         0.010 / 0.049         0.010 / 0.049       ms
[570.336s][info][gc,stats    ]       Phase: Concurrent Select Relocation Set              3.705 / 6.207         3.571 / 13.402        3.571 / 13.402        3.571 / 13.402      ms
[570.336s][info][gc,stats    ]       Phase: Pause Mark End                                0.015 / 0.023         0.044 / 0.390         0.044 / 0.390         0.044 / 0.390       ms
[570.336s][info][gc,stats    ]       Phase: Pause Mark Start                              0.007 / 0.011         0.008 / 0.022         0.008 / 0.022         0.008 / 0.022       ms
[570.336s][info][gc,stats    ]       Phase: Pause Relocate Start                          0.010 / 0.017         0.011 / 0.046         0.011 / 0.046         0.011 / 0.046       ms
[570.336s][info][gc,stats    ]    Subphase: Concurrent Classes Purge                      0.261 / 0.462         0.253 / 0.574         0.253 / 0.574         0.253 / 0.574       ms
[570.336s][info][gc,stats    ]    Subphase: Concurrent Classes Unlink                     5.846 / 9.094         5.943 / 23.760        5.943 / 23.760        5.943 / 23.760      ms
[570.336s][info][gc,stats    ]    Subphase: Concurrent Mark                              83.767 / 141.728      79.677 / 212.374      79.677 / 212.374      79.677 / 212.374     ms
[570.336s][info][gc,stats    ]    Subphase: Concurrent Mark Try Flush                     0.130 / 0.814         0.436 / 30.486        0.436 / 30.486        0.436 / 30.486      ms
[570.336s][info][gc,stats    ]    Subphase: Concurrent Mark Try Terminate                 1.929 / 12.789        2.806 / 24.568        2.806 / 24.568        2.806 / 24.568      ms
[570.336s][info][gc,stats    ]    Subphase: Concurrent References Enqueue                 0.004 / 0.007         0.003 / 0.008         0.003 / 0.008         0.003 / 0.008       ms
[570.336s][info][gc,stats    ]    Subphase: Concurrent References Process                 1.320 / 2.389         1.026 / 3.217         1.026 / 3.217         1.026 / 3.217       ms
[570.336s][info][gc,stats    ]    Subphase: Concurrent Roots ClassLoaderDataGraph         0.103 / 0.246         0.107 / 0.537         0.107 / 0.537         0.107 / 0.537       ms
[570.336s][info][gc,stats    ]    Subphase: Concurrent Roots CodeCache                    0.000 / 0.000         0.000 / 0.000         0.000 / 0.000         0.000 / 0.000       ms
[570.336s][info][gc,stats    ]    Subphase: Concurrent Roots JavaThreads                  0.360 / 0.750         0.358 / 1.258         0.358 / 1.258         0.358 / 1.258       ms
[570.336s][info][gc,stats    ]    Subphase: Concurrent Roots OopStorageSet                0.040 / 0.079         0.031 / 0.614         0.031 / 0.614         0.031 / 0.614       ms
[570.336s][info][gc,stats    ]    Subphase: Concurrent Weak Roots OopStorageSet           0.285 / 0.459         0.299 / 1.123         0.299 / 1.123         0.299 / 1.123       ms
[570.336s][info][gc,stats    ]    Subphase: Pause Mark Try Complete                       0.000 / 0.000         0.136 / 0.301         0.136 / 0.301         0.136 / 0.301       ms
[570.336s][info][gc,stats    ]      System: Java Threads                                     19 / 21               19 / 22               19 / 22               19 / 22          threads
[570.336s][info][gc,stats    ] =========================================================================================================================================================
[570.525s][info][gc,start    ] GC(339) Garbage Collection (Allocation Rate)
[570.525s][info][gc,task     ] GC(339) Using 2 workers
[570.525s][info][gc,phases   ] GC(339) Pause Mark Start 0.008ms
[570.619s][info][gc,phases   ] GC(339) Concurrent Mark 93.841ms
[570.619s][info][gc,phases   ] GC(339) Pause Mark End 0.018ms
[570.619s][info][gc,phases   ] GC(339) Concurrent Mark Free 0.001ms
[570.625s][info][gc,phases   ] GC(339) Concurrent Process Non-Strong References 6.294ms
[570.625s][info][gc,phases   ] GC(339) Concurrent Reset Relocation Set 0.037ms
[570.630s][info][gc,phases   ] GC(339) Concurrent Select Relocation Set 4.208ms
[570.630s][info][gc,phases   ] GC(339) Pause Relocate Start 0.008ms
[570.631s][info][gc,phases   ] GC(339) Concurrent Relocate 0.743ms
[570.631s][info][gc,load     ] GC(339) Load: 0.00/0.00/0.00
[570.631s][info][gc,mmu      ] GC(339) MMU: 2ms/80.5%, 5ms/92.2%, 10ms/96.1%, 20ms/96.3%, 50ms/97.1%, 100ms/97.5%
[570.631s][info][gc,marking  ] GC(339) Mark: 2 stripe(s), 3 proactive flush(es), 1 terminate flush(es), 0 completion(s), 0 continuation(s) 
[570.631s][info][gc,marking  ] GC(339) Mark Stack Usage: 32M
[570.631s][info][gc,nmethod  ] GC(339) NMethods: 4860 registered, 3 unregistered
[570.631s][info][gc,metaspace] GC(339) Metaspace: 33M used, 33M committed, 1088M reserved
[570.631s][info][gc,ref      ] GC(339) Soft: 4016 encountered, 0 discovered, 0 enqueued
[570.631s][info][gc,ref      ] GC(339) Weak: 1723 encountered, 46 discovered, 0 enqueued
[570.631s][info][gc,ref      ] GC(339) Final: 7 encountered, 5 discovered, 0 enqueued
[570.631s][info][gc,ref      ] GC(339) Phantom: 714 encountered, 647 discovered, 0 enqueued
[570.631s][info][gc,reloc    ] GC(339) Small Pages: 2556 / 5112M, Empty: 4978M, Relocated: 1M, In-Place: 0
[570.631s][info][gc,reloc    ] GC(339) Medium Pages: 1 / 32M, Empty: 0M, Relocated: 0M, In-Place: 0
[570.631s][info][gc,reloc    ] GC(339) Large Pages: 0 / 0M, Empty: 0M, Relocated: 0M, In-Place: 0
[570.631s][info][gc,reloc    ] GC(339) Forwarding Usage: 0M
[570.631s][info][gc,heap     ] GC(339) Min Capacity: 8192M(100%)
[570.631s][info][gc,heap     ] GC(339) Max Capacity: 8192M(100%)
[570.631s][info][gc,heap     ] GC(339) Soft Max Capacity: 8192M(100%)
[570.631s][info][gc,heap     ] GC(339)                Mark Start          Mark End        Relocate Start      Relocate End           High               Low         
[570.631s][info][gc,heap     ] GC(339)  Capacity:     8192M (100%)       8192M (100%)       8192M (100%)       8192M (100%)       8192M (100%)       8192M (100%)   
[570.631s][info][gc,heap     ] GC(339)      Free:     3048M (37%)        2592M (32%)        7510M (92%)        7524M (92%)        7524M (92%)        2554M (31%)    
[570.631s][info][gc,heap     ] GC(339)      Used:     5144M (63%)        5600M (68%)         682M (8%)          668M (8%)         5638M (69%)         668M (8%)     
[570.631s][info][gc,heap     ] GC(339)      Live:         -               126M (2%)          126M (2%)          126M (2%)             -                  -          
[570.631s][info][gc,heap     ] GC(339) Allocated:         -               456M (6%)          516M (6%)          520M (6%)             -                  -          
[570.631s][info][gc,heap     ] GC(339)   Garbage:         -              5017M (61%)          39M (0%)           21M (0%)             -                  -          
[570.631s][info][gc,heap     ] GC(339) Reclaimed:         -                  -              4978M (61%)        4996M (61%)            -                  -          
[570.631s][info][gc          ] GC(339) Garbage Collection (Allocation Rate) 5144M(63%)->668M(8%)
[571.435s][info][gc,start    ] GC(340) Garbage Collection (Allocation Rate)
[571.435s][info][gc,task     ] GC(340) Using 1 workers
[571.435s][info][gc,phases   ] GC(340) Pause Mark Start 0.009ms
[571.581s][info][gc,phases   ] GC(340) Concurrent Mark 145.641ms
[571.581s][info][gc,phases   ] GC(340) Pause Mark End 0.010ms
[571.581s][info][gc,phases   ] GC(340) Concurrent Mark Free 0.001ms
[571.594s][info][gc,phases   ] GC(340) Concurrent Process Non-Strong References 12.739ms
[571.594s][info][gc,phases   ] GC(340) Concurrent Reset Relocation Set 0.003ms
[571.598s][info][gc,phases   ] GC(340) Concurrent Select Relocation Set 4.241ms
[571.598s][info][gc,phases   ] GC(340) Pause Relocate Start 0.008ms
[571.599s][info][gc,phases   ] GC(340) Concurrent Relocate 0.963ms
[571.599s][info][gc,load     ] GC(340) Load: 0.00/0.00/0.00
[571.599s][info][gc,mmu      ] GC(340) MMU: 2ms/80.5%, 5ms/92.2%, 10ms/96.1%, 20ms/96.3%, 50ms/97.1%, 100ms/97.5%
[571.599s][info][gc,marking  ] GC(340) Mark: 1 stripe(s), 2 proactive flush(es), 1 terminate flush(es), 0 completion(s), 0 continuation(s) 
[571.599s][info][gc,marking  ] GC(340) Mark Stack Usage: 32M
[571.599s][info][gc,nmethod  ] GC(340) NMethods: 4860 registered, 3 unregistered
[571.599s][info][gc,metaspace] GC(340) Metaspace: 33M used, 33M committed, 1088M reserved
[571.599s][info][gc,ref      ] GC(340) Soft: 4016 encountered, 0 discovered, 0 enqueued
[571.599s][info][gc,ref      ] GC(340) Weak: 1732 encountered, 1284 discovered, 0 enqueued
[571.599s][info][gc,ref      ] GC(340) Final: 7 encountered, 7 discovered, 0 enqueued
[571.599s][info][gc,ref      ] GC(340) Phantom: 714 encountered, 665 discovered, 0 enqueued
[571.599s][info][gc,reloc    ] GC(340) Small Pages: 2586 / 5172M, Empty: 5032M, Relocated: 1M, In-Place: 0
[571.599s][info][gc,reloc    ] GC(340) Medium Pages: 1 / 32M, Empty: 0M, Relocated: 0M, In-Place: 0
[571.599s][info][gc,reloc    ] GC(340) Large Pages: 0 / 0M, Empty: 0M, Relocated: 0M, In-Place: 0
[571.599s][info][gc,reloc    ] GC(340) Forwarding Usage: 0M
[571.599s][info][gc,heap     ] GC(340) Min Capacity: 8192M(100%)
[571.599s][info][gc,heap     ] GC(340) Max Capacity: 8192M(100%)
[571.599s][info][gc,heap     ] GC(340) Soft Max Capacity: 8192M(100%)
[571.599s][info][gc,heap     ] GC(340)                Mark Start          Mark End        Relocate Start      Relocate End           High               Low         
[571.599s][info][gc,heap     ] GC(340)  Capacity:     8192M (100%)       8192M (100%)       8192M (100%)       8192M (100%)       8192M (100%)       8192M (100%)   
[571.599s][info][gc,heap     ] GC(340)      Free:     2988M (36%)        2206M (27%)        7140M (87%)        7158M (87%)        7160M (87%)        2126M (26%)    
[571.599s][info][gc,heap     ] GC(340)      Used:     5204M (64%)        5986M (73%)        1052M (13%)        1034M (13%)        6066M (74%)        1032M (13%)    
[571.599s][info][gc,heap     ] GC(340)      Live:         -               126M (2%)          126M (2%)          126M (2%)             -                  -          
[571.599s][info][gc,heap     ] GC(340) Allocated:         -               782M (10%)         880M (11%)         887M (11%)            -                  -          
[571.599s][info][gc,heap     ] GC(340)   Garbage:         -              5077M (62%)          45M (1%)           19M (0%)             -                  -          
[571.599s][info][gc,heap     ] GC(340) Reclaimed:         -                  -              5032M (61%)        5057M (62%)            -                  -          
[571.599s][info][gc          ] GC(340) Garbage Collection (Allocation Rate) 5204M(64%)->1034M(13%)
[572.730s][info][gc,start    ] GC(341) Garbage Collection (Allocation Rate)
[572.730s][info][gc,task     ] GC(341) Using 1 workers
[572.730s][info][gc,phases   ] GC(341) Pause Mark Start 0.011ms
[572.855s][info][gc,phases   ] GC(341) Concurrent Mark 124.982ms
[572.855s][info][gc,phases   ] GC(341) Pause Mark End 0.080ms
[572.855s][info][gc,phases   ] GC(341) Concurrent Mark Free 0.001ms
[572.866s][info][gc,phases   ] GC(341) Concurrent Process Non-Strong References 10.188ms
[572.866s][info][gc,phases   ] GC(341) Concurrent Reset Relocation Set 0.002ms
[572.872s][info][gc,phases   ] GC(341) Concurrent Select Relocation Set 6.247ms
[572.872s][info][gc,phases   ] GC(341) Pause Relocate Start 0.017ms
[572.902s][info][gc,phases   ] GC(341) Concurrent Relocate 29.517ms
[572.902s][info][gc,load     ] GC(341) Load: 0.00/0.00/0.00
[572.902s][info][gc,mmu      ] GC(341) MMU: 2ms/80.5%, 5ms/92.2%, 10ms/96.1%, 20ms/96.3%, 50ms/97.1%, 100ms/97.5%
[572.902s][info][gc,marking  ] GC(341) Mark: 1 stripe(s), 4 proactive flush(es), 3 terminate flush(es), 1 completion(s), 0 continuation(s) 
[572.902s][info][gc,marking  ] GC(341) Mark Stack Usage: 32M
[572.902s][info][gc,nmethod  ] GC(341) NMethods: 4861 registered, 3 unregistered
[572.902s][info][gc,metaspace] GC(341) Metaspace: 33M used, 33M committed, 1088M reserved
[572.902s][info][gc,ref      ] GC(341) Soft: 4016 encountered, 0 discovered, 0 enqueued
[572.902s][info][gc,ref      ] GC(341) Weak: 21339 encountered, 18476 discovered, 4789 enqueued
[572.902s][info][gc,ref      ] GC(341) Final: 7 encountered, 7 discovered, 0 enqueued
[572.902s][info][gc,ref      ] GC(341) Phantom: 720 encountered, 671 discovered, 0 enqueued
[572.902s][info][gc,reloc    ] GC(341) Small Pages: 2528 / 5056M, Empty: 4764M, Relocated: 36M, In-Place: 0
[572.902s][info][gc,reloc    ] GC(341) Medium Pages: 3 / 96M, Empty: 64M, Relocated: 0M, In-Place: 0
[572.902s][info][gc,reloc    ] GC(341) Large Pages: 20 / 138M, Empty: 138M, Relocated: 0M, In-Place: 0
[572.902s][info][gc,reloc    ] GC(341) Forwarding Usage: 11M
[572.902s][info][gc,heap     ] GC(341) Min Capacity: 8192M(100%)
[572.902s][info][gc,heap     ] GC(341) Max Capacity: 8192M(100%)
[572.902s][info][gc,heap     ] GC(341) Soft Max Capacity: 8192M(100%)
[572.902s][info][gc,heap     ] GC(341)                Mark Start          Mark End        Relocate Start      Relocate End           High               Low         
[572.902s][info][gc,heap     ] GC(341)  Capacity:     8192M (100%)       8192M (100%)       8192M (100%)       8192M (100%)       8192M (100%)       8192M (100%)   
[572.902s][info][gc,heap     ] GC(341)      Free:     2902M (35%)        2758M (34%)        7716M (94%)        7852M (96%)        7856M (96%)        2750M (34%)    
[572.902s][info][gc,heap     ] GC(341)      Used:     5290M (65%)        5434M (66%)         476M (6%)          340M (4%)         5442M (66%)         336M (4%)     
[572.902s][info][gc,heap     ] GC(341)      Live:         -               149M (2%)          149M (2%)          149M (2%)             -                  -          
[572.902s][info][gc,heap     ] GC(341) Allocated:         -               144M (2%)          152M (2%)          168M (2%)             -                  -          
[572.902s][info][gc,heap     ] GC(341)   Garbage:         -              5140M (63%)         174M (2%)           21M (0%)             -                  -          
[572.902s][info][gc,heap     ] GC(341) Reclaimed:         -                  -              4966M (61%)        5118M (62%)            -                  -          
[572.902s][info][gc          ] GC(341) Garbage Collection (Allocation Rate) 5290M(65%)->340M(4%)
[576.495s][info][gc,start    ] GC(342) Garbage Collection (System.gc())
[576.495s][info][gc,task     ] GC(342) Using 2 workers
[576.495s][info][gc,phases   ] GC(342) Pause Mark Start 0.005ms
[576.562s][info][gc,phases   ] GC(342) Concurrent Mark 67.144ms
[576.562s][info][gc,phases   ] GC(342) Pause Mark End 0.024ms
[576.562s][info][gc,phases   ] GC(342) Concurrent Mark Free 0.002ms
[576.569s][info][gc,phases   ] GC(342) Concurrent Process Non-Strong References 6.782ms
[576.569s][info][gc,phases   ] GC(342) Concurrent Reset Relocation Set 0.010ms
[576.571s][info][gc,phases   ] GC(342) Concurrent Select Relocation Set 2.293ms
[576.571s][info][gc,phases   ] GC(342) Pause Relocate Start 0.010ms
[576.578s][info][gc,phases   ] GC(342) Concurrent Relocate 6.587ms
[576.578s][info][gc,load     ] GC(342) Load: 0.00/0.00/0.00
[576.578s][info][gc,mmu      ] GC(342) MMU: 2ms/80.5%, 5ms/92.2%, 10ms/96.1%, 20ms/96.3%, 50ms/97.1%, 100ms/97.5%
[576.578s][info][gc,marking  ] GC(342) Mark: 2 stripe(s), 1 proactive flush(es), 1 terminate flush(es), 0 completion(s), 0 continuation(s) 
[576.578s][info][gc,marking  ] GC(342) Mark Stack Usage: 32M
[576.578s][info][gc,nmethod  ] GC(342) NMethods: 4863 registered, 3 unregistered
[576.578s][info][gc,metaspace] GC(342) Metaspace: 33M used, 33M committed, 1088M reserved
[576.578s][info][gc,ref      ] GC(342) Soft: 4016 encountered, 0 discovered, 0 enqueued
[576.578s][info][gc,ref      ] GC(342) Weak: 24435 encountered, 23220 discovered, 22721 enqueued
[576.578s][info][gc,ref      ] GC(342) Final: 7 encountered, 6 discovered, 0 enqueued
[576.578s][info][gc,ref      ] GC(342) Phantom: 714 encountered, 647 discovered, 0 enqueued
[576.578s][info][gc,reloc    ] GC(342) Small Pages: 963 / 1926M, Empty: 1186M, Relocated: 10M, In-Place: 0
[576.578s][info][gc,reloc    ] GC(342) Medium Pages: 29 / 928M, Empty: 864M, Relocated: 15M, In-Place: 0
[576.578s][info][gc,reloc    ] GC(342) Large Pages: 256 / 1782M, Empty: 1782M, Relocated: 0M, In-Place: 0
[576.578s][info][gc,reloc    ] GC(342) Forwarding Usage: 2M
[576.578s][info][gc,heap     ] GC(342) Min Capacity: 8192M(100%)
[576.578s][info][gc,heap     ] GC(342) Max Capacity: 8192M(100%)
[576.578s][info][gc,heap     ] GC(342) Soft Max Capacity: 8192M(100%)
[576.578s][info][gc,heap     ] GC(342)                Mark Start          Mark End        Relocate Start      Relocate End           High               Low         
[576.578s][info][gc,heap     ] GC(342)  Capacity:     8192M (100%)       8192M (100%)       8192M (100%)       8192M (100%)       8192M (100%)       8192M (100%)   
[576.578s][info][gc,heap     ] GC(342)      Free:     3556M (43%)        3556M (43%)        7388M (90%)        8046M (98%)        8046M (98%)        3556M (43%)    
[576.578s][info][gc,heap     ] GC(342)      Used:     4636M (57%)        4636M (57%)         804M (10%)         146M (2%)         4636M (57%)         146M (2%)     
[576.578s][info][gc,heap     ] GC(342)      Live:         -               125M (2%)          125M (2%)          125M (2%)             -                  -          
[576.579s][info][gc,heap     ] GC(342) Allocated:         -                 0M (0%)            0M (0%)            0M (0%)             -                  -          
[576.579s][info][gc,heap     ] GC(342)   Garbage:         -              4510M (55%)         678M (8%)           20M (0%)             -                  -          
[576.579s][info][gc,heap     ] GC(342) Reclaimed:         -                  -              3832M (47%)        4490M (55%)            -                  -          
[576.579s][info][gc          ] GC(342) Garbage Collection (System.gc()) 4636M(57%)->146M(2%)
[577.331s][info][gc,start    ] GC(343) Garbage Collection (Allocation Rate)
[577.331s][info][gc,task     ] GC(343) Using 2 workers
[577.331s][info][gc,phases   ] GC(343) Pause Mark Start 0.007ms
[577.409s][info][gc,phases   ] GC(343) Concurrent Mark 77.945ms
[577.410s][info][gc,phases   ] GC(343) Pause Mark End 0.014ms
[577.410s][info][gc,phases   ] GC(343) Concurrent Mark Free 0.001ms
[577.415s][info][gc,phases   ] GC(343) Concurrent Process Non-Strong References 5.072ms
[577.415s][info][gc,phases   ] GC(343) Concurrent Reset Relocation Set 0.027ms
[577.418s][info][gc,phases   ] GC(343) Concurrent Select Relocation Set 2.827ms
[577.418s][info][gc,phases   ] GC(343) Pause Relocate Start 0.009ms
[577.418s][info][gc,phases   ] GC(343) Concurrent Relocate 0.466ms
[577.418s][info][gc,load     ] GC(343) Load: 0.00/0.00/0.00
[577.418s][info][gc,mmu      ] GC(343) MMU: 2ms/80.5%, 5ms/92.2%, 10ms/96.1%, 20ms/96.3%, 50ms/97.1%, 100ms/97.5%
[577.418s][info][gc,marking  ] GC(343) Mark: 2 stripe(s), 2 proactive flush(es), 1 terminate flush(es), 0 completion(s), 0 continuation(s) 
[577.418s][info][gc,marking  ] GC(343) Mark Stack Usage: 32M
[577.418s][info][gc,nmethod  ] GC(343) NMethods: 4863 registered, 3 unregistered
[577.418s][info][gc,metaspace] GC(343) Metaspace: 33M used, 33M committed, 1088M reserved
[577.418s][info][gc,ref      ] GC(343) Soft: 4016 encountered, 0 discovered, 0 enqueued
[577.418s][info][gc,ref      ] GC(343) Weak: 1732 encountered, 85 discovered, 0 enqueued
[577.418s][info][gc,ref      ] GC(343) Final: 7 encountered, 7 discovered, 0 enqueued
[577.418s][info][gc,ref      ] GC(343) Phantom: 714 encountered, 606 discovered, 0 enqueued
[577.418s][info][gc,reloc    ] GC(343) Small Pages: 2756 / 5512M, Empty: 5372M, Relocated: 0M, In-Place: 0
[577.418s][info][gc,reloc    ] GC(343) Medium Pages: 1 / 32M, Empty: 0M, Relocated: 0M, In-Place: 0
[577.418s][info][gc,reloc    ] GC(343) Large Pages: 0 / 0M, Empty: 0M, Relocated: 0M, In-Place: 0
[577.418s][info][gc,reloc    ] GC(343) Forwarding Usage: 0M
[577.418s][info][gc,heap     ] GC(343) Min Capacity: 8192M(100%)
[577.418s][info][gc,heap     ] GC(343) Max Capacity: 8192M(100%)
[577.418s][info][gc,heap     ] GC(343) Soft Max Capacity: 8192M(100%)
[577.419s][info][gc,heap     ] GC(343)                Mark Start          Mark End        Relocate Start      Relocate End           High               Low         
[577.419s][info][gc,heap     ] GC(343)  Capacity:     8192M (100%)       8192M (100%)       8192M (100%)       8192M (100%)       8192M (100%)       8192M (100%)   
[577.419s][info][gc,heap     ] GC(343)      Free:     2648M (32%)        2386M (29%)        7728M (94%)        7750M (95%)        7750M (95%)        2366M (29%)    
[577.419s][info][gc,heap     ] GC(343)      Used:     5544M (68%)        5806M (71%)         464M (6%)          442M (5%)         5826M (71%)         442M (5%)     
[577.419s][info][gc,heap     ] GC(343)      Live:         -               125M (2%)          125M (2%)          125M (2%)             -                  -          
[577.419s][info][gc,heap     ] GC(343) Allocated:         -               262M (3%)          292M (4%)          293M (4%)             -                  -          
[577.419s][info][gc,heap     ] GC(343)   Garbage:         -              5418M (66%)          46M (1%)           22M (0%)             -                  -          
[577.419s][info][gc,heap     ] GC(343) Reclaimed:         -                  -              5372M (66%)        5395M (66%)            -                  -          
[577.419s][info][gc          ] GC(343) Garbage Collection (Allocation Rate) 5544M(68%)->442M(5%)
[578.421s][info][gc,start    ] GC(344) Garbage Collection (Allocation Rate)
[578.421s][info][gc,task     ] GC(344) Using 1 workers
[578.421s][info][gc,phases   ] GC(344) Pause Mark Start 0.006ms
[578.546s][info][gc,phases   ] GC(344) Concurrent Mark 124.998ms
[578.546s][info][gc,phases   ] GC(344) Pause Mark End 0.009ms
[578.546s][info][gc,phases   ] GC(344) Concurrent Mark Free 0.000ms
[578.557s][info][gc,phases   ] GC(344) Concurrent Process Non-Strong References 10.826ms
[578.557s][info][gc,phases   ] GC(344) Concurrent Reset Relocation Set 0.003ms
[578.560s][info][gc,phases   ] GC(344) Concurrent Select Relocation Set 3.295ms
[578.561s][info][gc,phases   ] GC(344) Pause Relocate Start 0.008ms
[578.561s][info][gc,phases   ] GC(344) Concurrent Relocate 0.517ms
[578.561s][info][gc,load     ] GC(344) Load: 0.00/0.00/0.00
[578.561s][info][gc,mmu      ] GC(344) MMU: 2ms/80.5%, 5ms/92.2%, 10ms/96.1%, 20ms/96.3%, 50ms/97.1%, 100ms/97.5%
[578.561s][info][gc,marking  ] GC(344) Mark: 1 stripe(s), 2 proactive flush(es), 1 terminate flush(es), 0 completion(s), 0 continuation(s) 
[578.561s][info][gc,marking  ] GC(344) Mark Stack Usage: 32M
[578.561s][info][gc,nmethod  ] GC(344) NMethods: 4863 registered, 3 unregistered
[578.561s][info][gc,metaspace] GC(344) Metaspace: 33M used, 33M committed, 1088M reserved
[578.561s][info][gc,ref      ] GC(344) Soft: 4016 encountered, 0 discovered, 0 enqueued
[578.561s][info][gc,ref      ] GC(344) Weak: 1732 encountered, 1284 discovered, 0 enqueued
[578.561s][info][gc,ref      ] GC(344) Final: 7 encountered, 7 discovered, 0 enqueued
[578.561s][info][gc,ref      ] GC(344) Phantom: 714 encountered, 665 discovered, 0 enqueued
[578.561s][info][gc,reloc    ] GC(344) Small Pages: 3021 / 6042M, Empty: 5902M, Relocated: 0M, In-Place: 0
[578.561s][info][gc,reloc    ] GC(344) Medium Pages: 1 / 32M, Empty: 0M, Relocated: 0M, In-Place: 0
[578.561s][info][gc,reloc    ] GC(344) Large Pages: 0 / 0M, Empty: 0M, Relocated: 0M, In-Place: 0
[578.561s][info][gc,reloc    ] GC(344) Forwarding Usage: 0M
[578.561s][info][gc,heap     ] GC(344) Min Capacity: 8192M(100%)
[578.561s][info][gc,heap     ] GC(344) Max Capacity: 8192M(100%)
[578.561s][info][gc,heap     ] GC(344) Soft Max Capacity: 8192M(100%)
[578.561s][info][gc,heap     ] GC(344)                Mark Start          Mark End        Relocate Start      Relocate End           High               Low         
[578.561s][info][gc,heap     ] GC(344)  Capacity:     8192M (100%)       8192M (100%)       8192M (100%)       8192M (100%)       8192M (100%)       8192M (100%)   
[578.561s][info][gc,heap     ] GC(344)      Free:     2118M (26%)        1622M (20%)        7468M (91%)        7490M (91%)        7490M (91%)        1580M (19%)    
[578.561s][info][gc,heap     ] GC(344)      Used:     6074M (74%)        6570M (80%)         724M (9%)          702M (9%)         6612M (81%)         702M (9%)     
[578.561s][info][gc,heap     ] GC(344)      Live:         -               125M (2%)          125M (2%)          125M (2%)             -                  -          
[578.561s][info][gc,heap     ] GC(344) Allocated:         -               496M (6%)          552M (7%)          555M (7%)             -                  -          
[578.561s][info][gc,heap     ] GC(344)   Garbage:         -              5948M (73%)          46M (1%)           20M (0%)             -                  -          
[578.561s][info][gc,heap     ] GC(344) Reclaimed:         -                  -              5902M (72%)        5927M (72%)            -                  -          
[578.561s][info][gc          ] GC(344) Garbage Collection (Allocation Rate) 6074M(74%)->702M(9%)
[580.322s][info][gc,stats    ] === Garbage Collection Statistics =======================================================================================================================
[580.322s][info][gc,stats    ]                                                              Last 10s              Last 10m              Last 10h                Total
[580.322s][info][gc,stats    ]                                                              Avg / Max             Avg / Max             Avg / Max             Avg / Max
[580.322s][info][gc,stats    ]   Collector: Garbage Collection Cycle                    125.648 / 171.927     124.952 / 379.439     124.952 / 379.439     124.952 / 379.439     ms
[580.322s][info][gc,stats    ]  Contention: Mark Segment Reset Contention                     0 / 1                 0 / 115               0 / 115               0 / 115         ops/s
[580.322s][info][gc,stats    ]  Contention: Mark SeqNum Reset Contention                      0 / 1                 0 / 2                 0 / 2                 0 / 2           ops/s
[580.322s][info][gc,stats    ]    Critical: Allocation Stall                                  0 / 0                 0 / 0                 0 / 0                 0 / 0           ops/s
[580.322s][info][gc,stats    ]    Critical: Allocation Stall                              0.000 / 0.000         0.000 / 0.000         0.000 / 0.000         0.000 / 0.000       ms
[580.322s][info][gc,stats    ]    Critical: GC Locker Stall                                   0 / 0                 0 / 0                 0 / 0                 0 / 0           ops/s
[580.322s][info][gc,stats    ]    Critical: GC Locker Stall                               0.000 / 0.000         0.000 / 0.000         0.000 / 0.000         0.000 / 0.000       ms
[580.322s][info][gc,stats    ]    Critical: Relocation Stall                                  0 / 0                 0 / 0                 0 / 0                 0 / 0           ops/s
[580.322s][info][gc,stats    ]    Critical: Relocation Stall                              0.000 / 0.000         0.000 / 0.000         0.000 / 0.000         0.000 / 0.000       ms
[580.322s][info][gc,stats    ]      Memory: Allocation Rate                                3225 / 5782           2845 / 6636           2845 / 6636           2845 / 6636        MB/s
[580.322s][info][gc,stats    ]      Memory: Out Of Memory                                     0 / 0                 0 / 0                 0 / 0                 0 / 0           ops/s
[580.322s][info][gc,stats    ]      Memory: Page Cache Flush                                 78 / 598              87 / 672              87 / 672              87 / 672         MB/s
[580.322s][info][gc,stats    ]      Memory: Page Cache Hit L1                              1421 / 2893           1219 / 3321           1219 / 3321           1219 / 3321        ops/s
[580.322s][info][gc,stats    ]      Memory: Page Cache Hit L2                                 0 / 0                 0 / 0                 0 / 0                 0 / 0           ops/s
[580.322s][info][gc,stats    ]      Memory: Page Cache Hit L3                                39 / 283              39 / 635              39 / 635              39 / 635         ops/s
[580.322s][info][gc,stats    ]      Memory: Page Cache Miss                                   8 / 64                9 / 71                9 / 71                9 / 71          ops/s
[580.322s][info][gc,stats    ]      Memory: Uncommit                                          0 / 0                 0 / 0                 0 / 0                 0 / 0           MB/s
[580.322s][info][gc,stats    ]      Memory: Undo Object Allocation Failed                     0 / 1                 0 / 2                 0 / 2                 0 / 2           ops/s
[580.322s][info][gc,stats    ]      Memory: Undo Object Allocation Succeeded                  0 / 1                 0 / 94                0 / 94                0 / 94          ops/s
[580.322s][info][gc,stats    ]      Memory: Undo Page Allocation                              0 / 2                 0 / 8                 0 / 8                 0 / 8           ops/s
[580.322s][info][gc,stats    ]       Phase: Concurrent Mark                             105.758 / 145.641      99.345 / 213.312      99.345 / 213.312      99.345 / 213.312     ms
[580.322s][info][gc,stats    ]       Phase: Concurrent Mark Continue                      0.000 / 0.000        15.376 / 35.578       15.376 / 35.578       15.376 / 35.578      ms
[580.322s][info][gc,stats    ]       Phase: Concurrent Mark Free                          0.001 / 0.002         0.001 / 0.004         0.001 / 0.004         0.001 / 0.004       ms
[580.322s][info][gc,stats    ]       Phase: Concurrent Process Non-Strong References      8.650 / 12.739        8.468 / 31.706        8.468 / 31.706        8.468 / 31.706      ms
[580.322s][info][gc,stats    ]       Phase: Concurrent Relocate                           6.465 / 29.517        9.591 / 76.380        9.591 / 76.380        9.591 / 76.380      ms
[580.322s][info][gc,stats    ]       Phase: Concurrent Reset Relocation Set               0.014 / 0.037         0.010 / 0.049         0.010 / 0.049         0.010 / 0.049       ms
[580.322s][info][gc,stats    ]       Phase: Concurrent Select Relocation Set              3.852 / 6.247         3.576 / 13.402        3.576 / 13.402        3.576 / 13.402      ms
[580.322s][info][gc,stats    ]       Phase: Pause Mark End                                0.026 / 0.080         0.044 / 0.390         0.044 / 0.390         0.044 / 0.390       ms
[580.322s][info][gc,stats    ]       Phase: Pause Mark Start                              0.007 / 0.011         0.008 / 0.022         0.008 / 0.022         0.008 / 0.022       ms
[580.322s][info][gc,stats    ]       Phase: Pause Relocate Start                          0.010 / 0.017         0.011 / 0.046         0.011 / 0.046         0.011 / 0.046       ms
[580.322s][info][gc,stats    ]    Subphase: Concurrent Classes Purge                      0.287 / 0.421         0.254 / 0.574         0.254 / 0.574         0.254 / 0.574       ms
[580.322s][info][gc,stats    ]    Subphase: Concurrent Classes Unlink                     6.805 / 11.374        5.958 / 23.760        5.958 / 23.760        5.958 / 23.760      ms
[580.322s][info][gc,stats    ]    Subphase: Concurrent Mark                              91.694 / 144.803      79.865 / 212.374      79.865 / 212.374      79.865 / 212.374     ms
[580.322s][info][gc,stats    ]    Subphase: Concurrent Mark Try Flush                     0.055 / 0.118         0.430 / 30.486        0.430 / 30.486        0.430 / 30.486      ms
[580.322s][info][gc,stats    ]    Subphase: Concurrent Mark Try Terminate                 3.298 / 16.000        2.814 / 24.568        2.814 / 24.568        2.814 / 24.568      ms
[580.322s][info][gc,stats    ]    Subphase: Concurrent References Enqueue                 0.003 / 0.007         0.003 / 0.008         0.003 / 0.008         0.003 / 0.008       ms
[580.322s][info][gc,stats    ]    Subphase: Concurrent References Process                 0.844 / 2.518         1.023 / 3.217         1.023 / 3.217         1.023 / 3.217       ms
[580.322s][info][gc,stats    ]    Subphase: Concurrent Roots ClassLoaderDataGraph         0.111 / 0.216         0.107 / 0.537         0.107 / 0.537         0.107 / 0.537       ms
[580.322s][info][gc,stats    ]    Subphase: Concurrent Roots CodeCache                    0.000 / 0.000         0.000 / 0.000         0.000 / 0.000         0.000 / 0.000       ms
[580.322s][info][gc,stats    ]    Subphase: Concurrent Roots JavaThreads                  0.373 / 0.725         0.359 / 1.258         0.359 / 1.258         0.359 / 1.258       ms
[580.322s][info][gc,stats    ]    Subphase: Concurrent Roots OopStorageSet                0.028 / 0.045         0.031 / 0.614         0.031 / 0.614         0.031 / 0.614       ms
[580.322s][info][gc,stats    ]    Subphase: Concurrent Weak Roots OopStorageSet           0.351 / 0.672         0.300 / 1.123         0.300 / 1.123         0.300 / 1.123       ms
[580.322s][info][gc,stats    ]    Subphase: Pause Mark Try Complete                       0.008 / 0.008         0.135 / 0.301         0.135 / 0.301         0.135 / 0.301       ms
[580.322s][info][gc,stats    ]      System: Java Threads                                     19 / 21               19 / 22               19 / 22               19 / 22          threads
[580.322s][info][gc,stats    ] =========================================================================================================================================================
[582.820s][info][gc,start    ] GC(345) Garbage Collection (High Usage)
[582.820s][info][gc,task     ] GC(345) Using 2 workers
[582.820s][info][gc,phases   ] GC(345) Pause Mark Start 0.005ms
[582.886s][info][gc,phases   ] GC(345) Concurrent Mark 65.111ms
[582.886s][info][gc,phases   ] GC(345) Pause Mark End 0.012ms
[582.886s][info][gc,phases   ] GC(345) Concurrent Mark Free 0.001ms
[582.892s][info][gc,phases   ] GC(345) Concurrent Process Non-Strong References 5.813ms
[582.892s][info][gc,phases   ] GC(345) Concurrent Reset Relocation Set 0.001ms
[582.896s][info][gc,phases   ] GC(345) Concurrent Select Relocation Set 4.475ms
[582.896s][info][gc,phases   ] GC(345) Pause Relocate Start 0.014ms
[582.912s][info][gc,phases   ] GC(345) Concurrent Relocate 15.907ms
[582.912s][info][gc,load     ] GC(345) Load: 0.00/0.00/0.00
[582.912s][info][gc,mmu      ] GC(345) MMU: 2ms/80.5%, 5ms/92.2%, 10ms/96.1%, 20ms/96.3%, 50ms/97.1%, 100ms/97.5%
[582.912s][info][gc,marking  ] GC(345) Mark: 2 stripe(s), 2 proactive flush(es), 1 terminate flush(es), 0 completion(s), 0 continuation(s) 
[582.912s][info][gc,marking  ] GC(345) Mark Stack Usage: 32M
[582.912s][info][gc,nmethod  ] GC(345) NMethods: 4863 registered, 3 unregistered
[582.912s][info][gc,metaspace] GC(345) Metaspace: 33M used, 33M committed, 1088M reserved
[582.912s][info][gc,ref      ] GC(345) Soft: 4016 encountered, 0 discovered, 0 enqueued
[582.912s][info][gc,ref      ] GC(345) Weak: 21741 encountered, 20342 discovered, 14550 enqueued
[582.912s][info][gc,ref      ] GC(345) Final: 7 encountered, 0 discovered, 0 enqueued
[582.912s][info][gc,ref      ] GC(345) Phantom: 719 encountered, 623 discovered, 0 enqueued
[582.912s][info][gc,reloc    ] GC(345) Small Pages: 2654 / 5308M, Empty: 4498M, Relocated: 27M, In-Place: 0
[582.912s][info][gc,reloc    ] GC(345) Medium Pages: 26 / 832M, Empty: 800M, Relocated: 0M, In-Place: 0
[582.912s][info][gc,reloc    ] GC(345) Large Pages: 237 / 1652M, Empty: 1652M, Relocated: 0M, In-Place: 0
[582.913s][info][gc,reloc    ] GC(345) Forwarding Usage: 8M
[582.913s][info][gc,heap     ] GC(345) Min Capacity: 8192M(100%)
[582.913s][info][gc,heap     ] GC(345) Max Capacity: 8192M(100%)
[582.913s][info][gc,heap     ] GC(345) Soft Max Capacity: 8192M(100%)
[582.913s][info][gc,heap     ] GC(345)                Mark Start          Mark End        Relocate Start      Relocate End           High               Low         
[582.913s][info][gc,heap     ] GC(345)  Capacity:     8192M (100%)       8192M (100%)       8192M (100%)       8192M (100%)       8192M (100%)       8192M (100%)   
[582.913s][info][gc,heap     ] GC(345)      Free:      400M (5%)          312M (4%)         7260M (89%)        7930M (97%)        7930M (97%)         310M (4%)     
[582.913s][info][gc,heap     ] GC(345)      Used:     7792M (95%)        7880M (96%)         932M (11%)         262M (3%)         7882M (96%)         262M (3%)     
[582.913s][info][gc,heap     ] GC(345)      Live:         -               140M (2%)          140M (2%)          140M (2%)             -                  -          
[582.913s][info][gc,heap     ] GC(345) Allocated:         -                88M (1%)           90M (1%)           99M (1%)             -                  -          
[582.913s][info][gc,heap     ] GC(345)   Garbage:         -              7651M (93%)         701M (9%)           21M (0%)             -                  -          
[582.913s][info][gc,heap     ] GC(345) Reclaimed:         -                  -              6950M (85%)        7629M (93%)            -                  -          
[582.913s][info][gc          ] GC(345) Garbage Collection (High Usage) 7792M(95%)->262M(3%)
[583.341s][info][gc,start    ] GC(346) Garbage Collection (System.gc())
[583.341s][info][gc,task     ] GC(346) Using 2 workers
[583.341s][info][gc,phases   ] GC(346) Pause Mark Start 0.005ms
[583.406s][info][gc,phases   ] GC(346) Concurrent Mark 65.358ms
[583.406s][info][gc,phases   ] GC(346) Pause Mark End 0.023ms
[583.406s][info][gc,phases   ] GC(346) Concurrent Mark Free 0.002ms
[583.413s][info][gc,phases   ] GC(346) Concurrent Process Non-Strong References 6.493ms
[583.413s][info][gc,phases   ] GC(346) Concurrent Reset Relocation Set 0.023ms
[583.415s][info][gc,phases   ] GC(346) Concurrent Select Relocation Set 2.156ms
[583.415s][info][gc,phases   ] GC(346) Pause Relocate Start 0.010ms
[583.422s][info][gc,phases   ] GC(346) Concurrent Relocate 6.211ms
[583.422s][info][gc,load     ] GC(346) Load: 0.00/0.00/0.00
[583.422s][info][gc,mmu      ] GC(346) MMU: 2ms/80.5%, 5ms/92.2%, 10ms/96.1%, 20ms/96.3%, 50ms/97.1%, 100ms/97.5%
[583.422s][info][gc,marking  ] GC(346) Mark: 2 stripe(s), 2 proactive flush(es), 1 terminate flush(es), 0 completion(s), 0 continuation(s) 
[583.422s][info][gc,marking  ] GC(346) Mark Stack Usage: 32M
[583.422s][info][gc,nmethod  ] GC(346) NMethods: 4865 registered, 3 unregistered
[583.422s][info][gc,metaspace] GC(346) Metaspace: 33M used, 33M committed, 1088M reserved
[583.422s][info][gc,ref      ] GC(346) Soft: 4016 encountered, 0 discovered, 0 enqueued
[583.422s][info][gc,ref      ] GC(346) Weak: 22662 encountered, 21288 discovered, 20948 enqueued
[583.422s][info][gc,ref      ] GC(346) Final: 7 encountered, 5 discovered, 0 enqueued
[583.422s][info][gc,ref      ] GC(346) Phantom: 714 encountered, 652 discovered, 0 enqueued
[583.422s][info][gc,reloc    ] GC(346) Small Pages: 207 / 414M, Empty: 40M, Relocated: 8M, In-Place: 0
[583.422s][info][gc,reloc    ] GC(346) Medium Pages: 5 / 160M, Empty: 96M, Relocated: 16M, In-Place: 0
[583.422s][info][gc,reloc    ] GC(346) Large Pages: 32 / 222M, Empty: 222M, Relocated: 0M, In-Place: 0
[583.422s][info][gc,reloc    ] GC(346) Forwarding Usage: 2M
[583.422s][info][gc,heap     ] GC(346) Min Capacity: 8192M(100%)
[583.422s][info][gc,heap     ] GC(346) Max Capacity: 8192M(100%)
[583.422s][info][gc,heap     ] GC(346) Soft Max Capacity: 8192M(100%)
[583.422s][info][gc,heap     ] GC(346)                Mark Start          Mark End        Relocate Start      Relocate End           High               Low         
[583.422s][info][gc,heap     ] GC(346)  Capacity:     8192M (100%)       8192M (100%)       8192M (100%)       8192M (100%)       8192M (100%)       8192M (100%)   
[583.422s][info][gc,heap     ] GC(346)      Free:     7396M (90%)        7396M (90%)        7754M (95%)        8046M (98%)        8046M (98%)        7396M (90%)    
[583.422s][info][gc,heap     ] GC(346)      Used:      796M (10%)         796M (10%)         438M (5%)          146M (2%)          796M (10%)         146M (2%)     
[583.422s][info][gc,heap     ] GC(346)      Live:         -               125M (2%)          125M (2%)          125M (2%)             -                  -          
[583.422s][info][gc,heap     ] GC(346) Allocated:         -                 0M (0%)            0M (0%)            0M (0%)             -                  -          
[583.422s][info][gc,heap     ] GC(346)   Garbage:         -               670M (8%)          312M (4%)           20M (0%)             -                  -          
[583.422s][info][gc,heap     ] GC(346) Reclaimed:         -                  -               358M (4%)          650M (8%)             -                  -          
[583.422s][info][gc          ] GC(346) Garbage Collection (System.gc()) 796M(10%)->146M(2%)
[584.128s][info][gc,start    ] GC(347) Garbage Collection (Allocation Rate)
[584.128s][info][gc,task     ] GC(347) Using 2 workers
[584.128s][info][gc,phases   ] GC(347) Pause Mark Start 0.008ms
[584.207s][info][gc,phases   ] GC(347) Concurrent Mark 78.110ms
[584.207s][info][gc,phases   ] GC(347) Pause Mark End 0.011ms
[584.207s][info][gc,phases   ] GC(347) Concurrent Mark Free 0.001ms
[584.212s][info][gc,phases   ] GC(347) Concurrent Process Non-Strong References 4.855ms
[584.212s][info][gc,phases   ] GC(347) Concurrent Reset Relocation Set 0.014ms
[584.215s][info][gc,phases   ] GC(347) Concurrent Select Relocation Set 2.826ms
[584.215s][info][gc,phases   ] GC(347) Pause Relocate Start 0.009ms
[584.215s][info][gc,phases   ] GC(347) Concurrent Relocate 0.298ms
[584.215s][info][gc,load     ] GC(347) Load: 0.00/0.00/0.00
[584.215s][info][gc,mmu      ] GC(347) MMU: 2ms/80.5%, 5ms/92.2%, 10ms/96.1%, 20ms/96.3%, 50ms/97.1%, 100ms/97.5%
[584.215s][info][gc,marking  ] GC(347) Mark: 2 stripe(s), 2 proactive flush(es), 1 terminate flush(es), 0 completion(s), 0 continuation(s) 
[584.215s][info][gc,marking  ] GC(347) Mark Stack Usage: 32M
[584.215s][info][gc,nmethod  ] GC(347) NMethods: 4865 registered, 3 unregistered
[584.215s][info][gc,metaspace] GC(347) Metaspace: 33M used, 33M committed, 1088M reserved
[584.215s][info][gc,ref      ] GC(347) Soft: 4016 encountered, 0 discovered, 0 enqueued
[584.215s][info][gc,ref      ] GC(347) Weak: 1732 encountered, 62 discovered, 0 enqueued
[584.215s][info][gc,ref      ] GC(347) Final: 7 encountered, 5 discovered, 0 enqueued
[584.215s][info][gc,ref      ] GC(347) Phantom: 714 encountered, 549 discovered, 0 enqueued
[584.215s][info][gc,reloc    ] GC(347) Small Pages: 2632 / 5264M, Empty: 5122M, Relocated: 0M, In-Place: 0
[584.215s][info][gc,reloc    ] GC(347) Medium Pages: 1 / 32M, Empty: 0M, Relocated: 0M, In-Place: 0
[584.215s][info][gc,reloc    ] GC(347) Large Pages: 0 / 0M, Empty: 0M, Relocated: 0M, In-Place: 0
[584.215s][info][gc,reloc    ] GC(347) Forwarding Usage: 0M
[584.215s][info][gc,heap     ] GC(347) Min Capacity: 8192M(100%)
[584.215s][info][gc,heap     ] GC(347) Max Capacity: 8192M(100%)
[584.216s][info][gc,heap     ] GC(347) Soft Max Capacity: 8192M(100%)
[584.216s][info][gc,heap     ] GC(347)                Mark Start          Mark End        Relocate Start      Relocate End           High               Low         
[584.216s][info][gc,heap     ] GC(347)  Capacity:     8192M (100%)       8192M (100%)       8192M (100%)       8192M (100%)       8192M (100%)       8192M (100%)   
[584.216s][info][gc,heap     ] GC(347)      Free:     2896M (35%)        2492M (30%)        7588M (93%)        7612M (93%)        7612M (93%)        2478M (30%)    
[584.216s][info][gc,heap     ] GC(347)      Used:     5296M (65%)        5700M (70%)         604M (7%)          580M (7%)         5714M (70%)         580M (7%)     
[584.216s][info][gc,heap     ] GC(347)      Live:         -               125M (2%)          125M (2%)          125M (2%)             -                  -          
[584.216s][info][gc,heap     ] GC(347) Allocated:         -               404M (5%)          430M (5%)          431M (5%)             -                  -          
[584.216s][info][gc,heap     ] GC(347)   Garbage:         -              5170M (63%)          48M (1%)           22M (0%)             -                  -          
[584.216s][info][gc,heap     ] GC(347) Reclaimed:         -                  -              5122M (63%)        5147M (63%)            -                  -          
[584.216s][info][gc          ] GC(347) Garbage Collection (Allocation Rate) 5296M(65%)->580M(7%)
[585.227s][info][gc,start    ] GC(348) Garbage Collection (Allocation Rate)
[585.227s][info][gc,task     ] GC(348) Using 1 workers
[585.227s][info][gc,phases   ] GC(348) Pause Mark Start 0.009ms
[585.353s][info][gc,phases   ] GC(348) Concurrent Mark 125.696ms
[585.353s][info][gc,phases   ] GC(348) Pause Mark End 0.013ms
[585.353s][info][gc,phases   ] GC(348) Concurrent Mark Free 0.001ms
[585.364s][info][gc,phases   ] GC(348) Concurrent Process Non-Strong References 10.865ms
[585.364s][info][gc,phases   ] GC(348) Concurrent Reset Relocation Set 0.004ms
[585.367s][info][gc,phases   ] GC(348) Concurrent Select Relocation Set 2.911ms
[585.367s][info][gc,phases   ] GC(348) Pause Relocate Start 0.009ms
[585.367s][info][gc,phases   ] GC(348) Concurrent Relocate 0.303ms
[585.367s][info][gc,load     ] GC(348) Load: 0.00/0.00/0.00
[585.367s][info][gc,mmu      ] GC(348) MMU: 2ms/80.5%, 5ms/92.2%, 10ms/96.1%, 20ms/96.3%, 50ms/97.1%, 100ms/97.5%
[585.367s][info][gc,marking  ] GC(348) Mark: 1 stripe(s), 2 proactive flush(es), 1 terminate flush(es), 0 completion(s), 0 continuation(s) 
[585.367s][info][gc,marking  ] GC(348) Mark Stack Usage: 32M
[585.367s][info][gc,nmethod  ] GC(348) NMethods: 4865 registered, 3 unregistered
[585.367s][info][gc,metaspace] GC(348) Metaspace: 33M used, 33M committed, 1088M reserved
[585.367s][info][gc,ref      ] GC(348) Soft: 4016 encountered, 0 discovered, 0 enqueued
[585.367s][info][gc,ref      ] GC(348) Weak: 1732 encountered, 1284 discovered, 0 enqueued
[585.367s][info][gc,ref      ] GC(348) Final: 7 encountered, 7 discovered, 0 enqueued
[585.367s][info][gc,ref      ] GC(348) Phantom: 714 encountered, 665 discovered, 0 enqueued
[585.367s][info][gc,reloc    ] GC(348) Small Pages: 3075 / 6150M, Empty: 6010M, Relocated: 0M, In-Place: 0
[585.367s][info][gc,reloc    ] GC(348) Medium Pages: 1 / 32M, Empty: 0M, Relocated: 0M, In-Place: 0
[585.367s][info][gc,reloc    ] GC(348) Large Pages: 0 / 0M, Empty: 0M, Relocated: 0M, In-Place: 0
[585.367s][info][gc,reloc    ] GC(348) Forwarding Usage: 0M
[585.367s][info][gc,heap     ] GC(348) Min Capacity: 8192M(100%)
[585.367s][info][gc,heap     ] GC(348) Max Capacity: 8192M(100%)
[585.367s][info][gc,heap     ] GC(348) Soft Max Capacity: 8192M(100%)
[585.367s][info][gc,heap     ] GC(348)                Mark Start          Mark End        Relocate Start      Relocate End           High               Low         
[585.367s][info][gc,heap     ] GC(348)  Capacity:     8192M (100%)       8192M (100%)       8192M (100%)       8192M (100%)       8192M (100%)       8192M (100%)   
[585.367s][info][gc,heap     ] GC(348)      Free:     2010M (25%)        1590M (19%)        7548M (92%)        7574M (92%)        7574M (92%)        1550M (19%)    
[585.367s][info][gc,heap     ] GC(348)      Used:     6182M (75%)        6602M (81%)         644M (8%)          618M (8%)         6642M (81%)         618M (8%)     
[585.367s][info][gc,heap     ] GC(348)      Live:         -               125M (2%)          125M (2%)          125M (2%)             -                  -          
[585.367s][info][gc,heap     ] GC(348) Allocated:         -               420M (5%)          472M (6%)          471M (6%)             -                  -          
[585.367s][info][gc,heap     ] GC(348)   Garbage:         -              6056M (74%)          46M (1%)           20M (0%)             -                  -          
[585.367s][info][gc,heap     ] GC(348) Reclaimed:         -                  -              6010M (73%)        6035M (74%)            -                  -          
[585.367s][info][gc          ] GC(348) Garbage Collection (Allocation Rate) 6182M(75%)->618M(8%)
[590.221s][info][gc,start    ] GC(349) Garbage Collection (Proactive)
[590.221s][info][gc,task     ] GC(349) Using 2 workers
[590.221s][info][gc,phases   ] GC(349) Pause Mark Start 0.008ms
[590.303s][info][gc,phases   ] GC(349) Concurrent Mark 82.245ms
[590.303s][info][gc,phases   ] GC(349) Pause Mark End 0.274ms
[590.305s][info][gc,phases   ] GC(349) Concurrent Mark Continue 1.572ms
[590.305s][info][gc,phases   ] GC(349) Pause Mark End 0.204ms
[590.305s][info][gc,phases   ] GC(349) Concurrent Mark Free 0.001ms
[590.311s][info][gc,phases   ] GC(349) Concurrent Process Non-Strong References 5.378ms
[590.311s][info][gc,phases   ] GC(349) Concurrent Reset Relocation Set 0.002ms
[590.323s][info][gc,phases   ] GC(349) Concurrent Select Relocation Set 12.499ms
[590.324s][info][gc,phases   ] GC(349) Pause Relocate Start 0.015ms
[590.340s][info][gc,phases   ] GC(349) Concurrent Relocate 16.045ms
[590.340s][info][gc,load     ] GC(349) Load: 0.00/0.00/0.00
[590.340s][info][gc,mmu      ] GC(349) MMU: 2ms/80.5%, 5ms/90.4%, 10ms/95.2%, 20ms/96.3%, 50ms/97.1%, 100ms/97.5%
[590.340s][info][gc,marking  ] GC(349) Mark: 2 stripe(s), 6 proactive flush(es), 4 terminate flush(es), 2 completion(s), 1 continuation(s) 
[590.340s][info][gc,marking  ] GC(349) Mark Stack Usage: 32M
[590.340s][info][gc,nmethod  ] GC(349) NMethods: 4866 registered, 3 unregistered
[590.340s][info][gc,metaspace] GC(349) Metaspace: 33M used, 33M committed, 1088M reserved
[590.340s][info][gc,ref      ] GC(349) Soft: 4016 encountered, 0 discovered, 0 enqueued
[590.340s][info][gc,ref      ] GC(349) Weak: 21807 encountered, 20149 discovered, 14516 enqueued
[590.340s][info][gc,ref      ] GC(349) Final: 7 encountered, 2 discovered, 0 enqueued
[590.340s][info][gc,ref      ] GC(349) Phantom: 720 encountered, 655 discovered, 0 enqueued
[590.340s][info][gc,reloc    ] GC(349) Small Pages: 2666 / 5332M, Empty: 4564M, Relocated: 26M, In-Place: 0
[590.340s][info][gc,reloc    ] GC(349) Medium Pages: 23 / 736M, Empty: 704M, Relocated: 0M, In-Place: 0
[590.340s][info][gc,reloc    ] GC(349) Large Pages: 219 / 1542M, Empty: 1542M, Relocated: 0M, In-Place: 0
[590.340s][info][gc,reloc    ] GC(349) Forwarding Usage: 8M
[590.340s][info][gc,heap     ] GC(349) Min Capacity: 8192M(100%)
[590.340s][info][gc,heap     ] GC(349) Max Capacity: 8192M(100%)
[590.340s][info][gc,heap     ] GC(349) Soft Max Capacity: 8192M(100%)
[590.340s][info][gc,heap     ] GC(349)                Mark Start          Mark End        Relocate Start      Relocate End           High               Low         
[590.340s][info][gc,heap     ] GC(349)  Capacity:     8192M (100%)       8192M (100%)       8192M (100%)       8192M (100%)       8192M (100%)       8192M (100%)   
[590.340s][info][gc,heap     ] GC(349)      Free:      582M (7%)          486M (6%)         7286M (89%)        7898M (96%)        7898M (96%)         482M (6%)     
[590.340s][info][gc,heap     ] GC(349)      Used:     7610M (93%)        7706M (94%)         906M (11%)         294M (4%)         7710M (94%)         294M (4%)     
[590.340s][info][gc,heap     ] GC(349)      Live:         -               141M (2%)          141M (2%)          141M (2%)             -                  -          
[590.340s][info][gc,heap     ] GC(349) Allocated:         -                96M (1%)          106M (1%)          125M (2%)             -                  -          
[590.340s][info][gc,heap     ] GC(349)   Garbage:         -              7468M (91%)         658M (8%)           26M (0%)             -                  -          
[590.340s][info][gc,heap     ] GC(349) Reclaimed:         -                  -              6810M (83%)        7441M (91%)            -                  -          
[590.340s][info][gc          ] GC(349) Garbage Collection (Proactive) 7610M(93%)->294M(4%)
[590.342s][info][gc,stats    ] === Garbage Collection Statistics =======================================================================================================================
[590.342s][info][gc,stats    ]                                                              Last 10s              Last 10m              Last 10h                Total
[590.342s][info][gc,stats    ]                                                              Avg / Max             Avg / Max             Avg / Max             Avg / Max
[590.342s][info][gc,stats    ]   Collector: Garbage Collection Cycle                    104.028 / 140.570     124.653 / 379.439     124.653 / 379.439     124.653 / 379.439     ms
[590.342s][info][gc,stats    ]  Contention: Mark Segment Reset Contention                     0 / 4                 0 / 115               0 / 115               0 / 115         ops/s
[590.342s][info][gc,stats    ]  Contention: Mark SeqNum Reset Contention                      0 / 0                 0 / 2                 0 / 2                 0 / 2           ops/s
[590.342s][info][gc,stats    ]    Critical: Allocation Stall                                  0 / 0                 0 / 0                 0 / 0                 0 / 0           ops/s
[590.342s][info][gc,stats    ]    Critical: Allocation Stall                              0.000 / 0.000         0.000 / 0.000         0.000 / 0.000         0.000 / 0.000       ms
[590.342s][info][gc,stats    ]    Critical: GC Locker Stall                                   0 / 0                 0 / 0                 0 / 0                 0 / 0           ops/s
[590.342s][info][gc,stats    ]    Critical: GC Locker Stall                               0.000 / 0.000         0.000 / 0.000         0.000 / 0.000         0.000 / 0.000       ms
[590.342s][info][gc,stats    ]    Critical: Relocation Stall                                  0 / 0                 0 / 0                 0 / 0                 0 / 0           ops/s
[590.342s][info][gc,stats    ]    Critical: Relocation Stall                              0.000 / 0.000         0.000 / 0.000         0.000 / 0.000         0.000 / 0.000       ms
[590.342s][info][gc,stats    ]      Memory: Allocation Rate                                2216 / 6230           2835 / 6636           2835 / 6636           2835 / 6636        MB/s
[590.342s][info][gc,stats    ]      Memory: Out Of Memory                                     0 / 0                 0 / 0                 0 / 0                 0 / 0           ops/s
[590.342s][info][gc,stats    ]      Memory: Page Cache Flush                                175 / 596              89 / 672              89 / 672              89 / 672         MB/s
[590.342s][info][gc,stats    ]      Memory: Page Cache Hit L1                               881 / 3111           1214 / 3321           1214 / 3321           1214 / 3321        ops/s
[590.342s][info][gc,stats    ]      Memory: Page Cache Hit L2                                 0 / 0                 0 / 0                 0 / 0                 0 / 0           ops/s
[590.342s][info][gc,stats    ]      Memory: Page Cache Hit L3                                43 / 286              39 / 635              39 / 635              39 / 635         ops/s
[590.342s][info][gc,stats    ]      Memory: Page Cache Miss                                  18 / 63                9 / 71                9 / 71                9 / 71          ops/s
[590.342s][info][gc,stats    ]      Memory: Uncommit                                          0 / 0                 0 / 0                 0 / 0                 0 / 0           MB/s
[590.342s][info][gc,stats    ]      Memory: Undo Object Allocation Failed                     0 / 0                 0 / 2                 0 / 2                 0 / 2           ops/s
[590.342s][info][gc,stats    ]      Memory: Undo Object Allocation Succeeded                  0 / 5                 0 / 94                0 / 94                0 / 94          ops/s
[590.342s][info][gc,stats    ]      Memory: Undo Page Allocation                              0 / 2                 0 / 8                 0 / 8                 0 / 8           ops/s
[590.342s][info][gc,stats    ]       Phase: Concurrent Mark                              83.304 / 125.696      99.115 / 213.312      99.115 / 213.312      99.115 / 213.312     ms
[590.342s][info][gc,stats    ]       Phase: Concurrent Mark Continue                      1.572 / 1.572        14.776 / 35.578       14.776 / 35.578       14.776 / 35.578      ms
[590.342s][info][gc,stats    ]       Phase: Concurrent Mark Free                          0.001 / 0.002         0.001 / 0.004         0.001 / 0.004         0.001 / 0.004       ms
[590.342s][info][gc,stats    ]       Phase: Concurrent Process Non-Strong References      6.681 / 10.865        8.443 / 31.706        8.443 / 31.706        8.443 / 31.706      ms
[590.343s][info][gc,stats    ]       Phase: Concurrent Relocate                           7.753 / 16.045        9.565 / 76.380        9.565 / 76.380        9.565 / 76.380      ms
[590.343s][info][gc,stats    ]       Phase: Concurrent Reset Relocation Set               0.009 / 0.023         0.010 / 0.049         0.010 / 0.049         0.010 / 0.049       ms
[590.343s][info][gc,stats    ]       Phase: Concurrent Select Relocation Set              4.973 / 12.499        3.596 / 13.402        3.596 / 13.402        3.596 / 13.402      ms
[590.343s][info][gc,stats    ]       Phase: Pause Mark End                                0.089 / 0.274         0.045 / 0.390         0.045 / 0.390         0.045 / 0.390       ms
[590.343s][info][gc,stats    ]       Phase: Pause Mark Start                              0.007 / 0.009         0.008 / 0.022         0.008 / 0.022         0.008 / 0.022       ms
[590.343s][info][gc,stats    ]       Phase: Pause Relocate Start                          0.011 / 0.015         0.011 / 0.046         0.011 / 0.046         0.011 / 0.046       ms
[590.343s][info][gc,stats    ]    Subphase: Concurrent Classes Purge                      0.212 / 0.323         0.253 / 0.574         0.253 / 0.574         0.253 / 0.574       ms
[590.343s][info][gc,stats    ]    Subphase: Concurrent Classes Unlink                     4.930 / 9.729         5.944 / 23.760        5.944 / 23.760        5.944 / 23.760      ms
[590.343s][info][gc,stats    ]    Subphase: Concurrent Mark                              62.513 / 124.910      79.540 / 212.374      79.540 / 212.374      79.540 / 212.374     ms
[590.343s][info][gc,stats    ]    Subphase: Concurrent Mark Try Flush                     0.835 / 10.629        0.436 / 30.486        0.436 / 30.486        0.436 / 30.486      ms
[590.343s][info][gc,stats    ]    Subphase: Concurrent Mark Try Terminate                 1.959 / 12.242        2.798 / 24.568        2.798 / 24.568        2.798 / 24.568      ms
[590.343s][info][gc,stats    ]    Subphase: Concurrent References Enqueue                 0.004 / 0.007         0.003 / 0.008         0.003 / 0.008         0.003 / 0.008       ms
[590.343s][info][gc,stats    ]    Subphase: Concurrent References Process                 1.126 / 2.123         1.025 / 3.217         1.025 / 3.217         1.025 / 3.217       ms
[590.343s][info][gc,stats    ]    Subphase: Concurrent Roots ClassLoaderDataGraph         0.078 / 0.166         0.106 / 0.537         0.106 / 0.537         0.106 / 0.537       ms
[590.343s][info][gc,stats    ]    Subphase: Concurrent Roots CodeCache                    0.000 / 0.000         0.000 / 0.000         0.000 / 0.000         0.000 / 0.000       ms
[590.343s][info][gc,stats    ]    Subphase: Concurrent Roots JavaThreads                  0.278 / 0.478         0.357 / 1.258         0.357 / 1.258         0.357 / 1.258       ms
[590.343s][info][gc,stats    ]    Subphase: Concurrent Roots OopStorageSet                0.028 / 0.053         0.031 / 0.614         0.031 / 0.614         0.031 / 0.614       ms
[590.343s][info][gc,stats    ]    Subphase: Concurrent Weak Roots OopStorageSet           0.248 / 0.403         0.299 / 1.123         0.299 / 1.123         0.299 / 1.123       ms
[590.343s][info][gc,stats    ]    Subphase: Pause Mark Try Complete                       0.165 / 0.208         0.136 / 0.301         0.136 / 0.301         0.136 / 0.301       ms
[590.343s][info][gc,stats    ]      System: Java Threads                                     19 / 21               19 / 22               19 / 22               19 / 22          threads
[590.343s][info][gc,stats    ] =========================================================================================================================================================
[590.703s][info][gc,start    ] GC(350) Garbage Collection (System.gc())
[590.703s][info][gc,task     ] GC(350) Using 2 workers
[590.703s][info][gc,phases   ] GC(350) Pause Mark Start 0.005ms
[590.774s][info][gc,phases   ] GC(350) Concurrent Mark 70.682ms
[590.774s][info][gc,phases   ] GC(350) Pause Mark End 0.021ms
[590.774s][info][gc,phases   ] GC(350) Concurrent Mark Free 0.002ms
[590.782s][info][gc,phases   ] GC(350) Concurrent Process Non-Strong References 7.458ms
[590.782s][info][gc,phases   ] GC(350) Concurrent Reset Relocation Set 0.021ms
[590.784s][info][gc,phases   ] GC(350) Concurrent Select Relocation Set 1.968ms
[590.784s][info][gc,phases   ] GC(350) Pause Relocate Start 0.010ms
[590.791s][info][gc,phases   ] GC(350) Concurrent Relocate 6.708ms
[590.791s][info][gc,load     ] GC(350) Load: 0.00/0.00/0.00
[590.791s][info][gc,mmu      ] GC(350) MMU: 2ms/80.5%, 5ms/90.4%, 10ms/95.2%, 20ms/96.3%, 50ms/97.1%, 100ms/97.5%
[590.791s][info][gc,marking  ] GC(350) Mark: 2 stripe(s), 1 proactive flush(es), 1 terminate flush(es), 0 completion(s), 0 continuation(s) 
[590.791s][info][gc,marking  ] GC(350) Mark Stack Usage: 32M
[590.791s][info][gc,nmethod  ] GC(350) NMethods: 4868 registered, 3 unregistered
[590.791s][info][gc,metaspace] GC(350) Metaspace: 33M used, 33M committed, 1088M reserved
[590.791s][info][gc,ref      ] GC(350) Soft: 4016 encountered, 0 discovered, 0 enqueued
[590.791s][info][gc,ref      ] GC(350) Weak: 23425 encountered, 21770 discovered, 21711 enqueued
[590.791s][info][gc,ref      ] GC(350) Final: 7 encountered, 5 discovered, 0 enqueued
[590.791s][info][gc,ref      ] GC(350) Phantom: 714 encountered, 653 discovered, 0 enqueued
[590.791s][info][gc,reloc    ] GC(350) Small Pages: 191 / 382M, Empty: 34M, Relocated: 10M, In-Place: 0
[590.791s][info][gc,reloc    ] GC(350) Medium Pages: 5 / 160M, Empty: 96M, Relocated: 16M, In-Place: 0
[590.791s][info][gc,reloc    ] GC(350) Large Pages: 29 / 198M, Empty: 198M, Relocated: 0M, In-Place: 0
[590.791s][info][gc,reloc    ] GC(350) Forwarding Usage: 3M
[590.791s][info][gc,heap     ] GC(350) Min Capacity: 8192M(100%)
[590.791s][info][gc,heap     ] GC(350) Max Capacity: 8192M(100%)
[590.791s][info][gc,heap     ] GC(350) Soft Max Capacity: 8192M(100%)
[590.791s][info][gc,heap     ] GC(350)                Mark Start          Mark End        Relocate Start      Relocate End           High               Low         
[590.791s][info][gc,heap     ] GC(350)  Capacity:     8192M (100%)       8192M (100%)       8192M (100%)       8192M (100%)       8192M (100%)       8192M (100%)   
[590.791s][info][gc,heap     ] GC(350)      Free:     7452M (91%)        7452M (91%)        7780M (95%)        8046M (98%)        8046M (98%)        7452M (91%)    
[590.791s][info][gc,heap     ] GC(350)      Used:      740M (9%)          740M (9%)          412M (5%)          146M (2%)          740M (9%)          146M (2%)     
[590.791s][info][gc,heap     ] GC(350)      Live:         -               126M (2%)          126M (2%)          126M (2%)             -                  -          
[590.791s][info][gc,heap     ] GC(350) Allocated:         -                 0M (0%)            0M (0%)            0M (0%)             -                  -          
[590.791s][info][gc,heap     ] GC(350)   Garbage:         -               613M (7%)          285M (3%)           19M (0%)             -                  -          
[590.791s][info][gc,heap     ] GC(350) Reclaimed:         -                  -               328M (4%)          594M (7%)             -                  -          
[590.791s][info][gc          ] GC(350) Garbage Collection (System.gc()) 740M(9%)->146M(2%)
[591.433s][info][gc,start    ] GC(351) Garbage Collection (Allocation Rate)
[591.433s][info][gc,task     ] GC(351) Using 2 workers
[591.433s][info][gc,phases   ] GC(351) Pause Mark Start 0.011ms
[591.511s][info][gc,phases   ] GC(351) Concurrent Mark 68.085ms
[591.512s][info][gc,phases   ] GC(351) Pause Mark End 0.017ms
[591.512s][info][gc,phases   ] GC(351) Concurrent Mark Free 0.001ms
[591.517s][info][gc,phases   ] GC(351) Concurrent Process Non-Strong References 4.902ms
[591.517s][info][gc,phases   ] GC(351) Concurrent Reset Relocation Set 0.008ms
[591.519s][info][gc,phases   ] GC(351) Concurrent Select Relocation Set 2.371ms
[591.519s][info][gc,phases   ] GC(351) Pause Relocate Start 0.015ms
[591.520s][info][gc,phases   ] GC(351) Concurrent Relocate 0.358ms
[591.520s][info][gc,load     ] GC(351) Load: 0.00/0.00/0.00
[591.520s][info][gc,mmu      ] GC(351) MMU: 2ms/80.5%, 5ms/90.4%, 10ms/95.2%, 20ms/96.3%, 50ms/97.1%, 100ms/97.5%
[591.520s][info][gc,marking  ] GC(351) Mark: 2 stripe(s), 2 proactive flush(es), 1 terminate flush(es), 0 completion(s), 0 continuation(s) 
[591.520s][info][gc,marking  ] GC(351) Mark Stack Usage: 32M
[591.520s][info][gc,nmethod  ] GC(351) NMethods: 4868 registered, 3 unregistered
[591.520s][info][gc,metaspace] GC(351) Metaspace: 33M used, 33M committed, 1088M reserved
[591.520s][info][gc,ref      ] GC(351) Soft: 4016 encountered, 0 discovered, 0 enqueued
[591.520s][info][gc,ref      ] GC(351) Weak: 1732 encountered, 39 discovered, 0 enqueued
[591.520s][info][gc,ref      ] GC(351) Final: 7 encountered, 4 discovered, 0 enqueued
[591.520s][info][gc,ref      ] GC(351) Phantom: 714 encountered, 617 discovered, 0 enqueued
[591.520s][info][gc,reloc    ] GC(351) Small Pages: 2388 / 4776M, Empty: 4638M, Relocated: 0M, In-Place: 0
[591.520s][info][gc,reloc    ] GC(351) Medium Pages: 1 / 32M, Empty: 0M, Relocated: 0M, In-Place: 0
[591.520s][info][gc,reloc    ] GC(351) Large Pages: 0 / 0M, Empty: 0M, Relocated: 0M, In-Place: 0
[591.520s][info][gc,reloc    ] GC(351) Forwarding Usage: 0M
[591.520s][info][gc,heap     ] GC(351) Min Capacity: 8192M(100%)
[591.520s][info][gc,heap     ] GC(351) Max Capacity: 8192M(100%)
[591.520s][info][gc,heap     ] GC(351) Soft Max Capacity: 8192M(100%)
[591.520s][info][gc,heap     ] GC(351)                Mark Start          Mark End        Relocate Start      Relocate End           High               Low         
[591.520s][info][gc,heap     ] GC(351)  Capacity:     8192M (100%)       8192M (100%)       8192M (100%)       8192M (100%)       8192M (100%)       8192M (100%)   
[591.520s][info][gc,heap     ] GC(351)      Free:     3384M (41%)        3028M (37%)        7642M (93%)        7664M (94%)        7664M (94%)        3012M (37%)    
[591.520s][info][gc,heap     ] GC(351)      Used:     4808M (59%)        5164M (63%)         550M (7%)          528M (6%)         5180M (63%)         528M (6%)     
[591.520s][info][gc,heap     ] GC(351)      Live:         -               126M (2%)          126M (2%)          126M (2%)             -                  -          
[591.520s][info][gc,heap     ] GC(351) Allocated:         -               356M (4%)          380M (5%)          379M (5%)             -                  -          
[591.520s][info][gc,heap     ] GC(351)   Garbage:         -              4681M (57%)          43M (1%)           21M (0%)             -                  -          
[591.520s][info][gc,heap     ] GC(351) Reclaimed:         -                  -              4638M (57%)        4659M (57%)            -                  -          
[591.520s][info][gc          ] GC(351) Garbage Collection (Allocation Rate) 4808M(59%)->528M(6%)
[592.422s][info][gc,start    ] GC(352) Garbage Collection (Allocation Rate)
[592.422s][info][gc,task     ] GC(352) Using 1 workers
[592.422s][info][gc,phases   ] GC(352) Pause Mark Start 0.009ms
[592.554s][info][gc,phases   ] GC(352) Concurrent Mark 131.698ms
[592.554s][info][gc,phases   ] GC(352) Pause Mark End 0.010ms
[592.554s][info][gc,phases   ] GC(352) Concurrent Mark Free 0.000ms
[592.565s][info][gc,phases   ] GC(352) Concurrent Process Non-Strong References 10.623ms
[592.565s][info][gc,phases   ] GC(352) Concurrent Reset Relocation Set 0.003ms
[592.568s][info][gc,phases   ] GC(352) Concurrent Select Relocation Set 2.597ms
[592.568s][info][gc,phases   ] GC(352) Pause Relocate Start 0.008ms
[592.568s][info][gc,phases   ] GC(352) Concurrent Relocate 0.572ms
[592.568s][info][gc,load     ] GC(352) Load: 0.00/0.00/0.00
[592.568s][info][gc,mmu      ] GC(352) MMU: 2ms/80.5%, 5ms/90.4%, 10ms/95.2%, 20ms/96.3%, 50ms/97.1%, 100ms/97.5%
[592.568s][info][gc,marking  ] GC(352) Mark: 1 stripe(s), 2 proactive flush(es), 1 terminate flush(es), 0 completion(s), 0 continuation(s) 
[592.568s][info][gc,marking  ] GC(352) Mark Stack Usage: 32M
[592.568s][info][gc,nmethod  ] GC(352) NMethods: 4868 registered, 3 unregistered
[592.568s][info][gc,metaspace] GC(352) Metaspace: 33M used, 33M committed, 1088M reserved
[592.568s][info][gc,ref      ] GC(352) Soft: 4016 encountered, 0 discovered, 0 enqueued
[592.568s][info][gc,ref      ] GC(352) Weak: 1732 encountered, 1284 discovered, 0 enqueued
[592.568s][info][gc,ref      ] GC(352) Final: 7 encountered, 7 discovered, 0 enqueued
[592.568s][info][gc,ref      ] GC(352) Phantom: 714 encountered, 665 discovered, 0 enqueued
[592.568s][info][gc,reloc    ] GC(352) Small Pages: 2779 / 5558M, Empty: 5414M, Relocated: 0M, In-Place: 0
[592.568s][info][gc,reloc    ] GC(352) Medium Pages: 1 / 32M, Empty: 0M, Relocated: 0M, In-Place: 0
[592.568s][info][gc,reloc    ] GC(352) Large Pages: 0 / 0M, Empty: 0M, Relocated: 0M, In-Place: 0
[592.568s][info][gc,reloc    ] GC(352) Forwarding Usage: 0M
[592.568s][info][gc,heap     ] GC(352) Min Capacity: 8192M(100%)
[592.568s][info][gc,heap     ] GC(352) Max Capacity: 8192M(100%)
[592.568s][info][gc,heap     ] GC(352) Soft Max Capacity: 8192M(100%)
[592.568s][info][gc,heap     ] GC(352)                Mark Start          Mark End        Relocate Start      Relocate End           High               Low         
[592.568s][info][gc,heap     ] GC(352)  Capacity:     8192M (100%)       8192M (100%)       8192M (100%)       8192M (100%)       8192M (100%)       8192M (100%)   
[592.568s][info][gc,heap     ] GC(352)      Free:     2602M (32%)        2038M (25%)        7402M (90%)        7428M (91%)        7428M (91%)        1996M (24%)    
[592.568s][info][gc,heap     ] GC(352)      Used:     5590M (68%)        6154M (75%)         790M (10%)         764M (9%)         6196M (76%)         764M (9%)     
[592.568s][info][gc,heap     ] GC(352)      Live:         -               126M (2%)          126M (2%)          126M (2%)             -                  -          
[592.568s][info][gc,heap     ] GC(352) Allocated:         -               564M (7%)          614M (7%)          617M (8%)             -                  -          
[592.568s][info][gc,heap     ] GC(352)   Garbage:         -              5463M (67%)          49M (1%)           19M (0%)             -                  -          
[592.569s][info][gc,heap     ] GC(352) Reclaimed:         -                  -              5414M (66%)        5443M (66%)            -                  -          
[592.569s][info][gc          ] GC(352) Garbage Collection (Allocation Rate) 5590M(68%)->764M(9%)
[593.929s][info][gc,start    ] GC(353) Garbage Collection (Allocation Rate)
[593.929s][info][gc,task     ] GC(353) Using 1 workers
[593.929s][info][gc,phases   ] GC(353) Pause Mark Start 0.010ms
[594.056s][info][gc,phases   ] GC(353) Concurrent Mark 127.460ms
[594.057s][info][gc,phases   ] GC(353) Pause Mark End 0.138ms
[594.057s][info][gc,phases   ] GC(353) Concurrent Mark Free 0.000ms
[594.066s][info][gc,phases   ] GC(353) Concurrent Process Non-Strong References 9.548ms
[594.066s][info][gc,phases   ] GC(353) Concurrent Reset Relocation Set 0.002ms
[594.072s][info][gc,phases   ] GC(353) Concurrent Select Relocation Set 6.070ms
[594.072s][info][gc,phases   ] GC(353) Pause Relocate Start 0.012ms
[594.104s][info][gc,phases   ] GC(353) Concurrent Relocate 30.980ms
[594.104s][info][gc,load     ] GC(353) Load: 0.00/0.00/0.00
[594.104s][info][gc,mmu      ] GC(353) MMU: 2ms/80.5%, 5ms/90.4%, 10ms/95.2%, 20ms/96.3%, 50ms/97.1%, 100ms/97.5%
[594.104s][info][gc,marking  ] GC(353) Mark: 1 stripe(s), 10 proactive flush(es), 2 terminate flush(es), 1 completion(s), 0 continuation(s) 
[594.104s][info][gc,marking  ] GC(353) Mark Stack Usage: 32M
[594.104s][info][gc,nmethod  ] GC(353) NMethods: 4868 registered, 3 unregistered
[594.104s][info][gc,metaspace] GC(353) Metaspace: 33M used, 33M committed, 1088M reserved
[594.104s][info][gc,ref      ] GC(353) Soft: 4016 encountered, 0 discovered, 0 enqueued
[594.104s][info][gc,ref      ] GC(353) Weak: 21158 encountered, 18890 discovered, 5291 enqueued
[594.104s][info][gc,ref      ] GC(353) Final: 7 encountered, 7 discovered, 0 enqueued
[594.104s][info][gc,ref      ] GC(353) Phantom: 720 encountered, 671 discovered, 0 enqueued
[594.104s][info][gc,reloc    ] GC(353) Small Pages: 2557 / 5114M, Empty: 4710M, Relocated: 36M, In-Place: 0
[594.104s][info][gc,reloc    ] GC(353) Medium Pages: 5 / 160M, Empty: 128M, Relocated: 0M, In-Place: 0
[594.104s][info][gc,reloc    ] GC(353) Large Pages: 36 / 252M, Empty: 252M, Relocated: 0M, In-Place: 0
[594.104s][info][gc,reloc    ] GC(353) Forwarding Usage: 11M
[594.104s][info][gc,heap     ] GC(353) Min Capacity: 8192M(100%)
[594.104s][info][gc,heap     ] GC(353) Max Capacity: 8192M(100%)
[594.104s][info][gc,heap     ] GC(353) Soft Max Capacity: 8192M(100%)
[594.104s][info][gc,heap     ] GC(353)                Mark Start          Mark End        Relocate Start      Relocate End           High               Low         
[594.104s][info][gc,heap     ] GC(353)  Capacity:     8192M (100%)       8192M (100%)       8192M (100%)       8192M (100%)       8192M (100%)       8192M (100%)   
[594.104s][info][gc,heap     ] GC(353)      Free:     2666M (33%)        2516M (31%)        7596M (93%)        7802M (95%)        7832M (96%)        2510M (31%)    
[594.104s][info][gc,heap     ] GC(353)      Used:     5526M (67%)        5676M (69%)         596M (7%)          390M (5%)         5682M (69%)         360M (4%)     
[594.104s][info][gc,heap     ] GC(353)      Live:         -               150M (2%)          150M (2%)          150M (2%)             -                  -          
[594.104s][info][gc,heap     ] GC(353) Allocated:         -               150M (2%)          160M (2%)          217M (3%)             -                  -          
[594.104s][info][gc,heap     ] GC(353)   Garbage:         -              5375M (66%)         285M (3%)           22M (0%)             -                  -          
[594.104s][info][gc,heap     ] GC(353) Reclaimed:         -                  -              5090M (62%)        5353M (65%)            -                  -          
[594.104s][info][gc          ] GC(353) Garbage Collection (Allocation Rate) 5526M(67%)->390M(5%)
[598.010s][info][gc,start    ] GC(354) Garbage Collection (System.gc())
[598.010s][info][gc,task     ] GC(354) Using 2 workers
[598.010s][info][gc,phases   ] GC(354) Pause Mark Start 0.007ms
[598.065s][info][gc,phases   ] GC(354) Concurrent Mark 54.602ms
[598.065s][info][gc,phases   ] GC(354) Pause Mark End 0.023ms
[598.065s][info][gc,phases   ] GC(354) Concurrent Mark Free 0.002ms
[598.071s][info][gc,phases   ] GC(354) Concurrent Process Non-Strong References 5.535ms
[598.071s][info][gc,phases   ] GC(354) Concurrent Reset Relocation Set 0.014ms
[598.074s][info][gc,phases   ] GC(354) Concurrent Select Relocation Set 2.566ms
[598.074s][info][gc,phases   ] GC(354) Pause Relocate Start 0.010ms
[598.081s][info][gc,phases   ] GC(354) Concurrent Relocate 7.087ms
[598.081s][info][gc,load     ] GC(354) Load: 0.00/0.00/0.00
[598.081s][info][gc,mmu      ] GC(354) MMU: 2ms/80.5%, 5ms/90.4%, 10ms/95.2%, 20ms/96.3%, 50ms/97.1%, 100ms/97.5%
[598.081s][info][gc,marking  ] GC(354) Mark: 2 stripe(s), 1 proactive flush(es), 1 terminate flush(es), 0 completion(s), 0 continuation(s) 
[598.081s][info][gc,marking  ] GC(354) Mark Stack Usage: 32M
[598.081s][info][gc,nmethod  ] GC(354) NMethods: 4868 registered, 3 unregistered
[598.081s][info][gc,metaspace] GC(354) Metaspace: 33M used, 33M committed, 1088M reserved
[598.081s][info][gc,ref      ] GC(354) Soft: 4016 encountered, 0 discovered, 0 enqueued
[598.081s][info][gc,ref      ] GC(354) Weak: 24710 encountered, 23062 discovered, 22996 enqueued
[598.081s][info][gc,ref      ] GC(354) Final: 7 encountered, 6 discovered, 0 enqueued
[598.081s][info][gc,ref      ] GC(354) Phantom: 714 encountered, 614 discovered, 0 enqueued
[598.081s][info][gc,reloc    ] GC(354) Small Pages: 1015 / 2030M, Empty: 1270M, Relocated: 10M, In-Place: 0
[598.081s][info][gc,reloc    ] GC(354) Medium Pages: 31 / 992M, Empty: 928M, Relocated: 15M, In-Place: 0
[598.081s][info][gc,reloc    ] GC(354) Large Pages: 283 / 1972M, Empty: 1972M, Relocated: 0M, In-Place: 0
[598.081s][info][gc,reloc    ] GC(354) Forwarding Usage: 3M
[598.081s][info][gc,heap     ] GC(354) Min Capacity: 8192M(100%)
[598.081s][info][gc,heap     ] GC(354) Max Capacity: 8192M(100%)
[598.081s][info][gc,heap     ] GC(354) Soft Max Capacity: 8192M(100%)
[598.081s][info][gc,heap     ] GC(354)                Mark Start          Mark End        Relocate Start      Relocate End           High               Low         
[598.081s][info][gc,heap     ] GC(354)  Capacity:     8192M (100%)       8192M (100%)       8192M (100%)       8192M (100%)       8192M (100%)       8192M (100%)   
[598.081s][info][gc,heap     ] GC(354)      Free:     3198M (39%)        3198M (39%)        7368M (90%)        8046M (98%)        8046M (98%)        3198M (39%)    
[598.081s][info][gc,heap     ] GC(354)      Used:     4994M (61%)        4994M (61%)         824M (10%)         146M (2%)         4994M (61%)         146M (2%)     
[598.081s][info][gc,heap     ] GC(354)      Live:         -               125M (2%)          125M (2%)          125M (2%)             -                  -          
[598.081s][info][gc,heap     ] GC(354) Allocated:         -                 0M (0%)            0M (0%)            0M (0%)             -                  -          
[598.081s][info][gc,heap     ] GC(354)   Garbage:         -              4868M (59%)         698M (9%)           20M (0%)             -                  -          
[598.081s][info][gc,heap     ] GC(354) Reclaimed:         -                  -              4170M (51%)        4848M (59%)            -                  -          
[598.081s][info][gc          ] GC(354) Garbage Collection (System.gc()) 4994M(61%)->146M(2%)
[598.834s][info][gc,start    ] GC(355) Garbage Collection (Allocation Rate)
[598.834s][info][gc,task     ] GC(355) Using 2 workers
[598.834s][info][gc,phases   ] GC(355) Pause Mark Start 0.008ms
[598.913s][info][gc,phases   ] GC(355) Concurrent Mark 78.212ms
[598.913s][info][gc,phases   ] GC(355) Pause Mark End 0.013ms
[598.913s][info][gc,phases   ] GC(355) Concurrent Mark Free 0.001ms
[598.918s][info][gc,phases   ] GC(355) Concurrent Process Non-Strong References 5.169ms
[598.918s][info][gc,phases   ] GC(355) Concurrent Reset Relocation Set 0.021ms
[598.921s][info][gc,phases   ] GC(355) Concurrent Select Relocation Set 2.766ms
[598.921s][info][gc,phases   ] GC(355) Pause Relocate Start 0.009ms
[598.921s][info][gc,phases   ] GC(355) Concurrent Relocate 0.410ms
[598.921s][info][gc,load     ] GC(355) Load: 0.00/0.00/0.00
[598.921s][info][gc,mmu      ] GC(355) MMU: 2ms/80.5%, 5ms/90.4%, 10ms/95.2%, 20ms/96.3%, 50ms/97.1%, 100ms/97.5%
[598.921s][info][gc,marking  ] GC(355) Mark: 2 stripe(s), 2 proactive flush(es), 1 terminate flush(es), 0 completion(s), 0 continuation(s) 
[598.922s][info][gc,marking  ] GC(355) Mark Stack Usage: 32M
[598.922s][info][gc,nmethod  ] GC(355) NMethods: 4869 registered, 3 unregistered
[598.922s][info][gc,metaspace] GC(355) Metaspace: 33M used, 33M committed, 1088M reserved
[598.922s][info][gc,ref      ] GC(355) Soft: 4016 encountered, 0 discovered, 0 enqueued
[598.922s][info][gc,ref      ] GC(355) Weak: 1732 encountered, 31 discovered, 0 enqueued
[598.922s][info][gc,ref      ] GC(355) Final: 7 encountered, 5 discovered, 0 enqueued
[598.922s][info][gc,ref      ] GC(355) Phantom: 714 encountered, 604 discovered, 0 enqueued
[598.922s][info][gc,reloc    ] GC(355) Small Pages: 2727 / 5454M, Empty: 5312M, Relocated: 0M, In-Place: 0
[598.922s][info][gc,reloc    ] GC(355) Medium Pages: 1 / 32M, Empty: 0M, Relocated: 0M, In-Place: 0
[598.922s][info][gc,reloc    ] GC(355) Large Pages: 0 / 0M, Empty: 0M, Relocated: 0M, In-Place: 0
[598.922s][info][gc,reloc    ] GC(355) Forwarding Usage: 0M
[598.922s][info][gc,heap     ] GC(355) Min Capacity: 8192M(100%)
[598.922s][info][gc,heap     ] GC(355) Max Capacity: 8192M(100%)
[598.922s][info][gc,heap     ] GC(355) Soft Max Capacity: 8192M(100%)
[598.922s][info][gc,heap     ] GC(355)                Mark Start          Mark End        Relocate Start      Relocate End           High               Low         
[598.922s][info][gc,heap     ] GC(355)  Capacity:     8192M (100%)       8192M (100%)       8192M (100%)       8192M (100%)       8192M (100%)       8192M (100%)   
[598.922s][info][gc,heap     ] GC(355)      Free:     2706M (33%)        2434M (30%)        7718M (94%)        7740M (94%)        7740M (94%)        2414M (29%)    
[598.922s][info][gc,heap     ] GC(355)      Used:     5486M (67%)        5758M (70%)         474M (6%)          452M (6%)         5778M (71%)         452M (6%)     
[598.922s][info][gc,heap     ] GC(355)      Live:         -               125M (2%)          125M (2%)          125M (2%)             -                  -          
[598.922s][info][gc,heap     ] GC(355) Allocated:         -               272M (3%)          300M (4%)          303M (4%)             -                  -          
[598.922s][info][gc,heap     ] GC(355)   Garbage:         -              5360M (65%)          48M (1%)           22M (0%)             -                  -          
[598.922s][info][gc,heap     ] GC(355) Reclaimed:         -                  -              5312M (65%)        5337M (65%)            -                  -          
[598.922s][info][gc          ] GC(355) Garbage Collection (Allocation Rate) 5486M(67%)->452M(6%)
[599.933s][info][gc,start    ] GC(356) Garbage Collection (Allocation Rate)
[599.933s][info][gc,task     ] GC(356) Using 1 workers
[599.933s][info][gc,phases   ] GC(356) Pause Mark Start 0.010ms
[600.055s][info][gc,phases   ] GC(356) Concurrent Mark 121.945ms
[600.055s][info][gc,phases   ] GC(356) Pause Mark End 0.011ms
[600.055s][info][gc,phases   ] GC(356) Concurrent Mark Free 0.001ms
[600.067s][info][gc,phases   ] GC(356) Concurrent Process Non-Strong References 11.197ms
[600.067s][info][gc,phases   ] GC(356) Concurrent Reset Relocation Set 0.004ms
[600.070s][info][gc,phases   ] GC(356) Concurrent Select Relocation Set 3.075ms
[600.070s][info][gc,phases   ] GC(356) Pause Relocate Start 0.008ms
[600.070s][info][gc,phases   ] GC(356) Concurrent Relocate 0.429ms
[600.070s][info][gc,load     ] GC(356) Load: 0.00/0.00/0.00
[600.070s][info][gc,mmu      ] GC(356) MMU: 2ms/80.5%, 5ms/90.4%, 10ms/95.2%, 20ms/96.3%, 50ms/97.1%, 100ms/97.5%
[600.070s][info][gc,marking  ] GC(356) Mark: 1 stripe(s), 2 proactive flush(es), 1 terminate flush(es), 0 completion(s), 0 continuation(s) 
[600.070s][info][gc,marking  ] GC(356) Mark Stack Usage: 32M
[600.070s][info][gc,nmethod  ] GC(356) NMethods: 4869 registered, 3 unregistered
[600.070s][info][gc,metaspace] GC(356) Metaspace: 33M used, 33M committed, 1088M reserved
[600.070s][info][gc,ref      ] GC(356) Soft: 4016 encountered, 0 discovered, 0 enqueued
[600.071s][info][gc,ref      ] GC(356) Weak: 1732 encountered, 1284 discovered, 0 enqueued
[600.071s][info][gc,ref      ] GC(356) Final: 7 encountered, 7 discovered, 0 enqueued
[600.071s][info][gc,ref      ] GC(356) Phantom: 714 encountered, 665 discovered, 0 enqueued
[600.071s][info][gc,reloc    ] GC(356) Small Pages: 3058 / 6116M, Empty: 5980M, Relocated: 0M, In-Place: 0
[600.071s][info][gc,reloc    ] GC(356) Medium Pages: 1 / 32M, Empty: 0M, Relocated: 0M, In-Place: 0
[600.071s][info][gc,reloc    ] GC(356) Large Pages: 0 / 0M, Empty: 0M, Relocated: 0M, In-Place: 0
[600.071s][info][gc,reloc    ] GC(356) Forwarding Usage: 0M
[600.071s][info][gc,heap     ] GC(356) Min Capacity: 8192M(100%)
[600.071s][info][gc,heap     ] GC(356) Max Capacity: 8192M(100%)
[600.071s][info][gc,heap     ] GC(356) Soft Max Capacity: 8192M(100%)
[600.071s][info][gc,heap     ] GC(356)                Mark Start          Mark End        Relocate Start      Relocate End           High               Low         
[600.071s][info][gc,heap     ] GC(356)  Capacity:     8192M (100%)       8192M (100%)       8192M (100%)       8192M (100%)       8192M (100%)       8192M (100%)   
[600.071s][info][gc,heap     ] GC(356)      Free:     2044M (25%)        1594M (19%)        7518M (92%)        7534M (92%)        7534M (92%)        1548M (19%)    
[600.071s][info][gc,heap     ] GC(356)      Used:     6148M (75%)        6598M (81%)         674M (8%)          658M (8%)         6644M (81%)         658M (8%)     
[600.071s][info][gc,heap     ] GC(356)      Live:         -               125M (2%)          125M (2%)          125M (2%)             -                  -          
[600.071s][info][gc,heap     ] GC(356) Allocated:         -               450M (5%)          506M (6%)          511M (6%)             -                  -          
[600.071s][info][gc,heap     ] GC(356)   Garbage:         -              6022M (74%)          42M (1%)           20M (0%)             -                  -          
[600.071s][info][gc,heap     ] GC(356) Reclaimed:         -                  -              5980M (73%)        6001M (73%)            -                  -          
[600.071s][info][gc          ] GC(356) Garbage Collection (Allocation Rate) 6148M(75%)->658M(8%)
[600.325s][info][gc,stats    ] === Garbage Collection Statistics =======================================================================================================================
[600.325s][info][gc,stats    ]                                                              Last 10s              Last 10m              Last 10h                Total
[600.325s][info][gc,stats    ]                                                              Avg / Max             Avg / Max             Avg / Max             Avg / Max
[600.325s][info][gc,stats    ]   Collector: Garbage Collection Cycle                    113.136 / 175.044     124.427 / 379.439     124.427 / 379.439     124.427 / 379.439     ms
[600.325s][info][gc,stats    ]  Contention: Mark Segment Reset Contention                     0 / 2                 0 / 115               0 / 115               0 / 115         ops/s
[600.325s][info][gc,stats    ]  Contention: Mark SeqNum Reset Contention                      0 / 0                 0 / 2                 0 / 2                 0 / 2           ops/s
[600.325s][info][gc,stats    ]    Critical: Allocation Stall                                  0 / 0                 0 / 0                 0 / 0                 0 / 0           ops/s
[600.325s][info][gc,stats    ]    Critical: Allocation Stall                              0.000 / 0.000         0.000 / 0.000         0.000 / 0.000         0.000 / 0.000       ms
[600.325s][info][gc,stats    ]    Critical: GC Locker Stall                                   0 / 0                 0 / 0                 0 / 0                 0 / 0           ops/s
[600.325s][info][gc,stats    ]    Critical: GC Locker Stall                               0.000 / 0.000         0.000 / 0.000         0.000 / 0.000         0.000 / 0.000       ms
[600.325s][info][gc,stats    ]    Critical: Relocation Stall                                  0 / 0                 0 / 0                 0 / 0                 0 / 0           ops/s
[600.325s][info][gc,stats    ]    Critical: Relocation Stall                              0.000 / 0.000         0.000 / 0.000         0.000 / 0.000         0.000 / 0.000       ms
[600.325s][info][gc,stats    ]      Memory: Allocation Rate                                3405 / 6082           2844 / 6636           2844 / 6636           2844 / 6636        MB/s
[600.325s][info][gc,stats    ]      Memory: Out Of Memory                                     0 / 0                 0 / 0                 0 / 0                 0 / 0           ops/s
[600.325s][info][gc,stats    ]      Memory: Page Cache Flush                                 95 / 524              89 / 672              89 / 672              89 / 672         MB/s
[600.325s][info][gc,stats    ]      Memory: Page Cache Hit L1                              1493 / 2859           1218 / 3321           1218 / 3321           1218 / 3321        ops/s
[600.325s][info][gc,stats    ]      Memory: Page Cache Hit L2                                 0 / 0                 0 / 0                 0 / 0                 0 / 0           ops/s
[600.325s][info][gc,stats    ]      Memory: Page Cache Hit L3                                62 / 312              39 / 635              39 / 635              39 / 635         ops/s
[600.325s][info][gc,stats    ]      Memory: Page Cache Miss                                  10 / 57                9 / 71                9 / 71                9 / 71          ops/s
[600.325s][info][gc,stats    ]      Memory: Uncommit                                          0 / 0                 0 / 0                 0 / 0                 0 / 0           MB/s
[600.325s][info][gc,stats    ]      Memory: Undo Object Allocation Failed                     0 / 0                 0 / 2                 0 / 2                 0 / 2           ops/s
[600.325s][info][gc,stats    ]      Memory: Undo Object Allocation Succeeded                  0 / 1                 0 / 94                0 / 94                0 / 94          ops/s
[600.325s][info][gc,stats    ]      Memory: Undo Page Allocation                              0 / 6                 0 / 8                 0 / 8                 0 / 8           ops/s
[600.325s][info][gc,stats    ]       Phase: Concurrent Mark                              93.240 / 131.698      99.000 / 213.312      99.000 / 213.312      99.000 / 213.312     ms
[600.325s][info][gc,stats    ]       Phase: Concurrent Mark Continue                      0.000 / 0.000        14.776 / 35.578       14.776 / 35.578       14.776 / 35.578      ms
[600.325s][info][gc,stats    ]       Phase: Concurrent Mark Free                          0.001 / 0.002         0.001 / 0.004         0.001 / 0.004         0.001 / 0.004       ms
[600.325s][info][gc,stats    ]       Phase: Concurrent Process Non-Strong References      7.776 / 11.197        8.429 / 31.706        8.429 / 31.706        8.429 / 31.706      ms
[600.325s][info][gc,stats    ]       Phase: Concurrent Relocate                           6.649 / 30.980        9.508 / 76.380        9.508 / 76.380        9.508 / 76.380      ms
[600.325s][info][gc,stats    ]       Phase: Concurrent Reset Relocation Set               0.010 / 0.021         0.010 / 0.049         0.010 / 0.049         0.010 / 0.049       ms
[600.325s][info][gc,stats    ]       Phase: Concurrent Select Relocation Set              3.059 / 6.070         3.586 / 13.402        3.586 / 13.402        3.586 / 13.402      ms
[600.325s][info][gc,stats    ]       Phase: Pause Mark End                                0.033 / 0.138         0.045 / 0.390         0.045 / 0.390         0.045 / 0.390       ms
[600.325s][info][gc,stats    ]       Phase: Pause Mark Start                              0.009 / 0.011         0.008 / 0.022         0.008 / 0.022         0.008 / 0.022       ms
[600.325s][info][gc,stats    ]       Phase: Pause Relocate Start                          0.010 / 0.015         0.011 / 0.046         0.011 / 0.046         0.011 / 0.046       ms
[600.325s][info][gc,stats    ]    Subphase: Concurrent Classes Purge                      0.222 / 0.359         0.253 / 0.574         0.253 / 0.574         0.253 / 0.574       ms
[600.325s][info][gc,stats    ]    Subphase: Concurrent Classes Unlink                     6.099 / 10.002        5.947 / 23.760        5.947 / 23.760        5.947 / 23.760      ms
[600.325s][info][gc,stats    ]    Subphase: Concurrent Mark                              80.292 / 130.860      79.554 / 212.374      79.554 / 212.374      79.554 / 212.374     ms
[600.325s][info][gc,stats    ]    Subphase: Concurrent Mark Try Flush                     0.256 / 5.360         0.433 / 30.486        0.433 / 30.486        0.433 / 30.486      ms
[600.325s][info][gc,stats    ]    Subphase: Concurrent Mark Try Terminate                 2.196 / 15.538        2.788 / 24.568        2.788 / 24.568        2.788 / 24.568      ms
[600.325s][info][gc,stats    ]    Subphase: Concurrent References Enqueue                 0.003 / 0.008         0.003 / 0.008         0.003 / 0.008         0.003 / 0.008       ms
[600.325s][info][gc,stats    ]    Subphase: Concurrent References Process                 0.969 / 2.454         1.024 / 3.217         1.024 / 3.217         1.024 / 3.217       ms
[600.325s][info][gc,stats    ]    Subphase: Concurrent Roots ClassLoaderDataGraph         0.112 / 0.253         0.106 / 0.537         0.106 / 0.537         0.106 / 0.537       ms
[600.325s][info][gc,stats    ]    Subphase: Concurrent Roots CodeCache                    0.000 / 0.000         0.000 / 0.000         0.000 / 0.000         0.000 / 0.000       ms
[600.325s][info][gc,stats    ]    Subphase: Concurrent Roots JavaThreads                  0.312 / 0.497         0.356 / 1.258         0.356 / 1.258         0.356 / 1.258       ms
[600.325s][info][gc,stats    ]    Subphase: Concurrent Roots OopStorageSet                0.027 / 0.043         0.031 / 0.614         0.031 / 0.614         0.031 / 0.614       ms
[600.325s][info][gc,stats    ]    Subphase: Concurrent Weak Roots OopStorageSet           0.311 / 0.673         0.299 / 1.123         0.299 / 1.123         0.299 / 1.123       ms
[600.325s][info][gc,stats    ]    Subphase: Pause Mark Try Complete                       0.017 / 0.017         0.135 / 0.301         0.135 / 0.301         0.135 / 0.301       ms
[600.325s][info][gc,stats    ]      System: Java Threads                                     19 / 21               19 / 22               19 / 22               19 / 22          threads
[600.326s][info][gc,stats    ] =========================================================================================================================================================
[604.220s][info][gc,start    ] GC(357) Garbage Collection (High Usage)
[604.220s][info][gc,task     ] GC(357) Using 2 workers
[604.220s][info][gc,phases   ] GC(357) Pause Mark Start 0.010ms
[604.303s][info][gc,phases   ] GC(357) Concurrent Mark 82.780ms
[604.303s][info][gc,phases   ] GC(357) Pause Mark End 0.091ms
[604.304s][info][gc,phases   ] GC(357) Concurrent Mark Free 0.001ms
[604.309s][info][gc,phases   ] GC(357) Concurrent Process Non-Strong References 5.556ms
[604.309s][info][gc,phases   ] GC(357) Concurrent Reset Relocation Set 0.002ms
[604.314s][info][gc,phases   ] GC(357) Concurrent Select Relocation Set 5.179ms
[604.315s][info][gc,phases   ] GC(357) Pause Relocate Start 0.011ms
[604.335s][info][gc,phases   ] GC(357) Concurrent Relocate 20.476ms
[604.335s][info][gc,load     ] GC(357) Load: 0.00/0.00/0.00
[604.335s][info][gc,mmu      ] GC(357) MMU: 2ms/80.5%, 5ms/90.4%, 10ms/95.2%, 20ms/96.3%, 50ms/97.1%, 100ms/97.5%
[604.335s][info][gc,marking  ] GC(357) Mark: 2 stripe(s), 8 proactive flush(es), 2 terminate flush(es), 1 completion(s), 0 continuation(s) 
[604.335s][info][gc,marking  ] GC(357) Mark Stack Usage: 32M
[604.335s][info][gc,nmethod  ] GC(357) NMethods: 4869 registered, 3 unregistered
[604.335s][info][gc,metaspace] GC(357) Metaspace: 33M used, 33M committed, 1088M reserved
[604.335s][info][gc,ref      ] GC(357) Soft: 4016 encountered, 0 discovered, 0 enqueued
[604.335s][info][gc,ref      ] GC(357) Weak: 22488 encountered, 20812 discovered, 13600 enqueued
[604.335s][info][gc,ref      ] GC(357) Final: 7 encountered, 2 discovered, 0 enqueued
[604.335s][info][gc,ref      ] GC(357) Phantom: 718 encountered, 659 discovered, 0 enqueued
[604.335s][info][gc,reloc    ] GC(357) Small Pages: 2654 / 5308M, Empty: 4536M, Relocated: 31M, In-Place: 0
[604.335s][info][gc,reloc    ] GC(357) Medium Pages: 26 / 832M, Empty: 768M, Relocated: 15M, In-Place: 0
[604.335s][info][gc,reloc    ] GC(357) Large Pages: 233 / 1618M, Empty: 1618M, Relocated: 0M, In-Place: 0
[604.335s][info][gc,reloc    ] GC(357) Forwarding Usage: 9M
[604.335s][info][gc,heap     ] GC(357) Min Capacity: 8192M(100%)
[604.335s][info][gc,heap     ] GC(357) Max Capacity: 8192M(100%)
[604.335s][info][gc,heap     ] GC(357) Soft Max Capacity: 8192M(100%)
[604.335s][info][gc,heap     ] GC(357)                Mark Start          Mark End        Relocate Start      Relocate End           High               Low         
[604.336s][info][gc,heap     ] GC(357)  Capacity:     8192M (100%)       8192M (100%)       8192M (100%)       8192M (100%)       8192M (100%)       8192M (100%)   
[604.336s][info][gc,heap     ] GC(357)      Free:      434M (5%)          342M (4%)         7258M (89%)        7902M (96%)        7902M (96%)         338M (4%)     
[604.336s][info][gc,heap     ] GC(357)      Used:     7758M (95%)        7850M (96%)         934M (11%)         290M (4%)         7854M (96%)         290M (4%)     
[604.336s][info][gc,heap     ] GC(357)      Live:         -               148M (2%)          148M (2%)          148M (2%)             -                  -          
[604.336s][info][gc,heap     ] GC(357) Allocated:         -                92M (1%)           98M (1%)          118M (1%)             -                  -          
[604.336s][info][gc,heap     ] GC(357)   Garbage:         -              7609M (93%)         687M (8%)           23M (0%)             -                  -          
[604.336s][info][gc,heap     ] GC(357) Reclaimed:         -                  -              6922M (84%)        7586M (93%)            -                  -          
[604.336s][info][gc          ] GC(357) Garbage Collection (High Usage) 7758M(95%)->290M(4%)
[604.570s][info][gc,start    ] GC(358) Garbage Collection (System.gc())
[604.570s][info][gc,task     ] GC(358) Using 2 workers
[604.570s][info][gc,phases   ] GC(358) Pause Mark Start 0.008ms
[604.636s][info][gc,phases   ] GC(358) Concurrent Mark 65.481ms
[604.636s][info][gc,phases   ] GC(358) Pause Mark End 0.018ms
[604.636s][info][gc,phases   ] GC(358) Concurrent Mark Free 0.002ms
[604.642s][info][gc,phases   ] GC(358) Concurrent Process Non-Strong References 6.359ms
[604.643s][info][gc,phases   ] GC(358) Concurrent Reset Relocation Set 0.023ms
[604.645s][info][gc,phases   ] GC(358) Concurrent Select Relocation Set 2.113ms
[604.645s][info][gc,phases   ] GC(358) Pause Relocate Start 0.010ms
[604.651s][info][gc,phases   ] GC(358) Concurrent Relocate 6.507ms
[604.651s][info][gc,load     ] GC(358) Load: 0.00/0.00/0.00
[604.652s][info][gc,mmu      ] GC(358) MMU: 2ms/80.5%, 5ms/90.4%, 10ms/95.2%, 20ms/96.3%, 50ms/97.1%, 100ms/97.5%
[604.652s][info][gc,marking  ] GC(358) Mark: 2 stripe(s), 1 proactive flush(es), 1 terminate flush(es), 0 completion(s), 0 continuation(s) 
[604.652s][info][gc,marking  ] GC(358) Mark Stack Usage: 32M
[604.652s][info][gc,nmethod  ] GC(358) NMethods: 4869 registered, 3 unregistered
[604.652s][info][gc,metaspace] GC(358) Metaspace: 33M used, 33M committed, 1088M reserved
[604.652s][info][gc,ref      ] GC(358) Soft: 4016 encountered, 0 discovered, 0 enqueued
[604.652s][info][gc,ref      ] GC(358) Weak: 23505 encountered, 22844 discovered, 21791 enqueued
[604.652s][info][gc,ref      ] GC(358) Final: 7 encountered, 6 discovered, 0 enqueued
[604.652s][info][gc,ref      ] GC(358) Phantom: 714 encountered, 651 discovered, 0 enqueued
[604.652s][info][gc,reloc    ] GC(358) Small Pages: 157 / 314M, Empty: 12M, Relocated: 10M, In-Place: 0
[604.652s][info][gc,reloc    ] GC(358) Medium Pages: 4 / 128M, Empty: 64M, Relocated: 16M, In-Place: 0
[604.652s][info][gc,reloc    ] GC(358) Large Pages: 21 / 144M, Empty: 144M, Relocated: 0M, In-Place: 0
[604.652s][info][gc,reloc    ] GC(358) Forwarding Usage: 3M
[604.652s][info][gc,heap     ] GC(358) Min Capacity: 8192M(100%)
[604.652s][info][gc,heap     ] GC(358) Max Capacity: 8192M(100%)
[604.652s][info][gc,heap     ] GC(358) Soft Max Capacity: 8192M(100%)
[604.652s][info][gc,heap     ] GC(358)                Mark Start          Mark End        Relocate Start      Relocate End           High               Low         
[604.652s][info][gc,heap     ] GC(358)  Capacity:     8192M (100%)       8192M (100%)       8192M (100%)       8192M (100%)       8192M (100%)       8192M (100%)   
[604.652s][info][gc,heap     ] GC(358)      Free:     7606M (93%)        7606M (93%)        7826M (96%)        8046M (98%)        8046M (98%)        7606M (93%)    
[604.652s][info][gc,heap     ] GC(358)      Used:      586M (7%)          586M (7%)          366M (4%)          146M (2%)          586M (7%)          146M (2%)     
[604.652s][info][gc,heap     ] GC(358)      Live:         -               126M (2%)          126M (2%)          126M (2%)             -                  -          
[604.652s][info][gc,heap     ] GC(358) Allocated:         -                 0M (0%)            0M (0%)            0M (0%)             -                  -          
[604.652s][info][gc,heap     ] GC(358)   Garbage:         -               459M (6%)          239M (3%)           19M (0%)             -                  -          
[604.652s][info][gc,heap     ] GC(358) Reclaimed:         -                  -               220M (3%)          440M (5%)             -                  -          
[604.652s][info][gc          ] GC(358) Garbage Collection (System.gc()) 586M(7%)->146M(2%)
[605.327s][info][gc,start    ] GC(359) Garbage Collection (Allocation Rate)
[605.327s][info][gc,task     ] GC(359) Using 2 workers
[605.327s][info][gc,phases   ] GC(359) Pause Mark Start 0.009ms
[605.422s][info][gc,phases   ] GC(359) Concurrent Mark 86.298ms
[605.422s][info][gc,phases   ] GC(359) Pause Mark End 0.014ms
[605.422s][info][gc,phases   ] GC(359) Concurrent Mark Free 0.001ms
[605.428s][info][gc,phases   ] GC(359) Concurrent Process Non-Strong References 6.199ms
[605.428s][info][gc,phases   ] GC(359) Concurrent Reset Relocation Set 0.015ms
[605.432s][info][gc,phases   ] GC(359) Concurrent Select Relocation Set 3.514ms
[605.432s][info][gc,phases   ] GC(359) Pause Relocate Start 0.008ms
[605.432s][info][gc,phases   ] GC(359) Concurrent Relocate 0.273ms
[605.432s][info][gc,load     ] GC(359) Load: 0.00/0.00/0.00
[605.432s][info][gc,mmu      ] GC(359) MMU: 2ms/80.5%, 5ms/90.4%, 10ms/95.2%, 20ms/96.3%, 50ms/97.1%, 100ms/97.5%
[605.432s][info][gc,marking  ] GC(359) Mark: 2 stripe(s), 2 proactive flush(es), 1 terminate flush(es), 0 completion(s), 0 continuation(s) 
[605.432s][info][gc,marking  ] GC(359) Mark Stack Usage: 32M
[605.432s][info][gc,nmethod  ] GC(359) NMethods: 4869 registered, 3 unregistered
[605.432s][info][gc,metaspace] GC(359) Metaspace: 33M used, 33M committed, 1088M reserved
[605.432s][info][gc,ref      ] GC(359) Soft: 4016 encountered, 0 discovered, 0 enqueued
[605.432s][info][gc,ref      ] GC(359) Weak: 1726 encountered, 46 discovered, 0 enqueued
[605.432s][info][gc,ref      ] GC(359) Final: 7 encountered, 5 discovered, 0 enqueued
[605.432s][info][gc,ref      ] GC(359) Phantom: 714 encountered, 652 discovered, 0 enqueued
[605.432s][info][gc,reloc    ] GC(359) Small Pages: 2562 / 5124M, Empty: 4988M, Relocated: 0M, In-Place: 0
[605.432s][info][gc,reloc    ] GC(359) Medium Pages: 1 / 32M, Empty: 0M, Relocated: 0M, In-Place: 0
[605.432s][info][gc,reloc    ] GC(359) Large Pages: 0 / 0M, Empty: 0M, Relocated: 0M, In-Place: 0
[605.432s][info][gc,reloc    ] GC(359) Forwarding Usage: 0M
[605.432s][info][gc,heap     ] GC(359) Min Capacity: 8192M(100%)
[605.432s][info][gc,heap     ] GC(359) Max Capacity: 8192M(100%)
[605.432s][info][gc,heap     ] GC(359) Soft Max Capacity: 8192M(100%)
[605.432s][info][gc,heap     ] GC(359)                Mark Start          Mark End        Relocate Start      Relocate End           High               Low         
[605.432s][info][gc,heap     ] GC(359)  Capacity:     8192M (100%)       8192M (100%)       8192M (100%)       8192M (100%)       8192M (100%)       8192M (100%)   
[605.432s][info][gc,heap     ] GC(359)      Free:     3036M (37%)        2666M (33%)        7602M (93%)        7618M (93%)        7620M (93%)        2626M (32%)    
[605.433s][info][gc,heap     ] GC(359)      Used:     5156M (63%)        5526M (67%)         590M (7%)          574M (7%)         5566M (68%)         572M (7%)     
[605.433s][info][gc,heap     ] GC(359)      Live:         -               126M (2%)          126M (2%)          126M (2%)             -                  -          
[605.433s][info][gc,heap     ] GC(359) Allocated:         -               370M (5%)          422M (5%)          426M (5%)             -                  -          
[605.433s][info][gc,heap     ] GC(359)   Garbage:         -              5029M (61%)          41M (1%)           21M (0%)             -                  -          
[605.433s][info][gc,heap     ] GC(359) Reclaimed:         -                  -              4988M (61%)        5008M (61%)            -                  -          
[605.433s][info][gc          ] GC(359) Garbage Collection (Allocation Rate) 5156M(63%)->574M(7%)
[606.332s][info][gc,start    ] GC(360) Garbage Collection (Allocation Rate)
[606.332s][info][gc,task     ] GC(360) Using 1 workers
[606.332s][info][gc,phases   ] GC(360) Pause Mark Start 0.007ms
[606.454s][info][gc,phases   ] GC(360) Concurrent Mark 122.171ms
[606.454s][info][gc,phases   ] GC(360) Pause Mark End 0.011ms
[606.454s][info][gc,phases   ] GC(360) Concurrent Mark Free 0.001ms
[606.465s][info][gc,phases   ] GC(360) Concurrent Process Non-Strong References 10.429ms
[606.465s][info][gc,phases   ] GC(360) Concurrent Reset Relocation Set 0.002ms
[606.467s][info][gc,phases   ] GC(360) Concurrent Select Relocation Set 2.641ms
[606.468s][info][gc,phases   ] GC(360) Pause Relocate Start 0.008ms
[606.468s][info][gc,phases   ] GC(360) Concurrent Relocate 0.402ms
[606.468s][info][gc,load     ] GC(360) Load: 0.00/0.00/0.00
[606.468s][info][gc,mmu      ] GC(360) MMU: 2ms/80.5%, 5ms/90.4%, 10ms/95.2%, 20ms/96.3%, 50ms/97.1%, 100ms/97.5%
[606.468s][info][gc,marking  ] GC(360) Mark: 1 stripe(s), 2 proactive flush(es), 1 terminate flush(es), 0 completion(s), 0 continuation(s) 
[606.468s][info][gc,marking  ] GC(360) Mark Stack Usage: 32M
[606.468s][info][gc,nmethod  ] GC(360) NMethods: 4869 registered, 3 unregistered
[606.468s][info][gc,metaspace] GC(360) Metaspace: 33M used, 33M committed, 1088M reserved
[606.468s][info][gc,ref      ] GC(360) Soft: 4016 encountered, 0 discovered, 0 enqueued
[606.468s][info][gc,ref      ] GC(360) Weak: 1732 encountered, 1284 discovered, 0 enqueued
[606.468s][info][gc,ref      ] GC(360) Final: 7 encountered, 7 discovered, 0 enqueued
[606.468s][info][gc,ref      ] GC(360) Phantom: 714 encountered, 665 discovered, 0 enqueued
[606.468s][info][gc,reloc    ] GC(360) Small Pages: 2858 / 5716M, Empty: 5570M, Relocated: 0M, In-Place: 0
[606.468s][info][gc,reloc    ] GC(360) Medium Pages: 1 / 32M, Empty: 0M, Relocated: 0M, In-Place: 0
[606.468s][info][gc,reloc    ] GC(360) Large Pages: 0 / 0M, Empty: 0M, Relocated: 0M, In-Place: 0
[606.468s][info][gc,reloc    ] GC(360) Forwarding Usage: 0M
[606.468s][info][gc,heap     ] GC(360) Min Capacity: 8192M(100%)
[606.468s][info][gc,heap     ] GC(360) Max Capacity: 8192M(100%)
[606.468s][info][gc,heap     ] GC(360) Soft Max Capacity: 8192M(100%)
[606.468s][info][gc,heap     ] GC(360)                Mark Start          Mark End        Relocate Start      Relocate End           High               Low         
[606.468s][info][gc,heap     ] GC(360)  Capacity:     8192M (100%)       8192M (100%)       8192M (100%)       8192M (100%)       8192M (100%)       8192M (100%)   
[606.468s][info][gc,heap     ] GC(360)      Free:     2444M (30%)        2012M (25%)        7534M (92%)        7562M (92%)        7562M (92%)        1974M (24%)    
[606.468s][info][gc,heap     ] GC(360)      Used:     5748M (70%)        6180M (75%)         658M (8%)          630M (8%)         6218M (76%)         630M (8%)     
[606.468s][info][gc,heap     ] GC(360)      Live:         -               126M (2%)          126M (2%)          126M (2%)             -                  -          
[606.468s][info][gc,heap     ] GC(360) Allocated:         -               432M (5%)          480M (6%)          483M (6%)             -                  -          
[606.468s][info][gc,heap     ] GC(360)   Garbage:         -              5621M (69%)          51M (1%)           19M (0%)             -                  -          
[606.468s][info][gc,heap     ] GC(360) Reclaimed:         -                  -              5570M (68%)        5601M (68%)            -                  -          
[606.468s][info][gc          ] GC(360) Garbage Collection (Allocation Rate) 5748M(70%)->630M(8%)
[607.821s][info][gc,start    ] GC(361) Garbage Collection (Allocation Rate)
[607.821s][info][gc,task     ] GC(361) Using 1 workers
[607.821s][info][gc,phases   ] GC(361) Pause Mark Start 0.007ms
[607.948s][info][gc,phases   ] GC(361) Concurrent Mark 126.940ms
[607.948s][info][gc,phases   ] GC(361) Pause Mark End 0.107ms
[607.948s][info][gc,phases   ] GC(361) Concurrent Mark Free 0.001ms
[607.958s][info][gc,phases   ] GC(361) Concurrent Process Non-Strong References 9.883ms
[607.958s][info][gc,phases   ] GC(361) Concurrent Reset Relocation Set 0.003ms
[607.964s][info][gc,phases   ] GC(361) Concurrent Select Relocation Set 5.740ms
[607.964s][info][gc,phases   ] GC(361) Pause Relocate Start 0.014ms
[607.999s][info][gc,phases   ] GC(361) Concurrent Relocate 34.458ms
[607.999s][info][gc,load     ] GC(361) Load: 0.00/0.00/0.00
[607.999s][info][gc,mmu      ] GC(361) MMU: 2ms/80.5%, 5ms/90.4%, 10ms/95.2%, 20ms/96.3%, 50ms/97.1%, 100ms/97.5%
[607.999s][info][gc,marking  ] GC(361) Mark: 1 stripe(s), 10 proactive flush(es), 3 terminate flush(es), 1 completion(s), 0 continuation(s) 
[607.999s][info][gc,marking  ] GC(361) Mark Stack Usage: 32M
[607.999s][info][gc,nmethod  ] GC(361) NMethods: 4869 registered, 3 unregistered
[607.999s][info][gc,metaspace] GC(361) Metaspace: 33M used, 33M committed, 1088M reserved
[607.999s][info][gc,ref      ] GC(361) Soft: 4016 encountered, 0 discovered, 0 enqueued
[607.999s][info][gc,ref      ] GC(361) Weak: 20356 encountered, 18121 discovered, 6055 enqueued
[607.999s][info][gc,ref      ] GC(361) Final: 7 encountered, 7 discovered, 0 enqueued
[607.999s][info][gc,ref      ] GC(361) Phantom: 720 encountered, 671 discovered, 0 enqueued
[607.999s][info][gc,reloc    ] GC(361) Small Pages: 2323 / 4646M, Empty: 4220M, Relocated: 36M, In-Place: 0
[607.999s][info][gc,reloc    ] GC(361) Medium Pages: 5 / 160M, Empty: 128M, Relocated: 0M, In-Place: 0
[607.999s][info][gc,reloc    ] GC(361) Large Pages: 40 / 278M, Empty: 278M, Relocated: 0M, In-Place: 0
[607.999s][info][gc,reloc    ] GC(361) Forwarding Usage: 11M
[607.999s][info][gc,heap     ] GC(361) Min Capacity: 8192M(100%)
[607.999s][info][gc,heap     ] GC(361) Max Capacity: 8192M(100%)
[607.999s][info][gc,heap     ] GC(361) Soft Max Capacity: 8192M(100%)
[607.999s][info][gc,heap     ] GC(361)                Mark Start          Mark End        Relocate Start      Relocate End           High               Low         
[607.999s][info][gc,heap     ] GC(361)  Capacity:     8192M (100%)       8192M (100%)       8192M (100%)       8192M (100%)       8192M (100%)       8192M (100%)   
[607.999s][info][gc,heap     ] GC(361)      Free:     3108M (38%)        2962M (36%)        7568M (92%)        7796M (95%)        7826M (96%)        2950M (36%)    
[607.999s][info][gc,heap     ] GC(361)      Used:     5084M (62%)        5230M (64%)         624M (8%)          396M (5%)         5242M (64%)         366M (4%)     
[607.999s][info][gc,heap     ] GC(361)      Live:         -               149M (2%)          149M (2%)          149M (2%)             -                  -          
[607.999s][info][gc,heap     ] GC(361) Allocated:         -               146M (2%)          166M (2%)          224M (3%)             -                  -          
[607.999s][info][gc,heap     ] GC(361)   Garbage:         -              4934M (60%)         308M (4%)           21M (0%)             -                  -          
[607.999s][info][gc,heap     ] GC(361) Reclaimed:         -                  -              4626M (56%)        4912M (60%)            -                  -          
[607.999s][info][gc          ] GC(361) Garbage Collection (Allocation Rate) 5084M(62%)->396M(5%)
[610.332s][info][gc,stats    ] === Garbage Collection Statistics =======================================================================================================================
[610.332s][info][gc,stats    ]                                                              Last 10s              Last 10m              Last 10h                Total
[610.332s][info][gc,stats    ]                                                              Avg / Max             Avg / Max             Avg / Max             Avg / Max
[610.332s][info][gc,stats    ]   Collector: Garbage Collection Cycle                    123.181 / 178.005     125.756 / 379.439     124.410 / 379.439     124.410 / 379.439     ms
[610.332s][info][gc,stats    ]  Contention: Mark Segment Reset Contention                     1 / 11                0 / 115               0 / 115               0 / 115         ops/s
[610.332s][info][gc,stats    ]  Contention: Mark SeqNum Reset Contention                      0 / 0                 0 / 2                 0 / 2                 0 / 2           ops/s
[610.332s][info][gc,stats    ]    Critical: Allocation Stall                                  0 / 0                 0 / 0                 0 / 0                 0 / 0           ops/s
[610.332s][info][gc,stats    ]    Critical: Allocation Stall                              0.000 / 0.000         0.000 / 0.000         0.000 / 0.000         0.000 / 0.000       ms
[610.332s][info][gc,stats    ]    Critical: GC Locker Stall                                   0 / 0                 0 / 0                 0 / 0                 0 / 0           ops/s
[610.332s][info][gc,stats    ]    Critical: GC Locker Stall                               0.000 / 0.000         0.000 / 0.000         0.000 / 0.000         0.000 / 0.000       ms
[610.332s][info][gc,stats    ]    Critical: Relocation Stall                                  0 / 0                 0 / 0                 0 / 0                 0 / 0           ops/s
[610.332s][info][gc,stats    ]    Critical: Relocation Stall                              0.000 / 0.000         0.000 / 0.000         0.000 / 0.000         0.000 / 0.000       ms
[610.332s][info][gc,stats    ]      Memory: Allocation Rate                                2472 / 5604           2868 / 6636           2838 / 6636           2838 / 6636        MB/s
[610.332s][info][gc,stats    ]      Memory: Out Of Memory                                     0 / 0                 0 / 0                 0 / 0                 0 / 0           ops/s
[610.332s][info][gc,stats    ]      Memory: Page Cache Flush                                 98 / 574              90 / 672              89 / 672              89 / 672         MB/s
[610.332s][info][gc,stats    ]      Memory: Page Cache Hit L1                              1008 / 2791           1230 / 3321           1215 / 3321           1215 / 3321        ops/s
[610.332s][info][gc,stats    ]      Memory: Page Cache Hit L2                                 0 / 0                 0 / 0                 0 / 0                 0 / 0           ops/s
[610.332s][info][gc,stats    ]      Memory: Page Cache Hit L3                                25 / 168              37 / 590              39 / 635              39 / 635         ops/s
[610.332s][info][gc,stats    ]      Memory: Page Cache Miss                                  10 / 61                9 / 71                9 / 71                9 / 71          ops/s
[610.332s][info][gc,stats    ]      Memory: Uncommit                                          0 / 0                 0 / 0                 0 / 0                 0 / 0           MB/s
[610.332s][info][gc,stats    ]      Memory: Undo Object Allocation Failed                     0 / 0                 0 / 2                 0 / 2                 0 / 2           ops/s
[610.332s][info][gc,stats    ]      Memory: Undo Object Allocation Succeeded                  0 / 1                 0 / 94                0 / 94                0 / 94          ops/s
[610.332s][info][gc,stats    ]      Memory: Undo Page Allocation                              0 / 2                 0 / 8                 0 / 8                 0 / 8           ops/s
[610.332s][info][gc,stats    ]       Phase: Concurrent Mark                              96.734 / 126.940     100.137 / 213.312      98.969 / 213.312      98.969 / 213.312     ms
[610.332s][info][gc,stats    ]       Phase: Concurrent Mark Continue                      0.000 / 0.000        14.776 / 35.578       14.776 / 35.578       14.776 / 35.578      ms
[610.332s][info][gc,stats    ]       Phase: Concurrent Mark Free                          0.001 / 0.002         0.001 / 0.004         0.001 / 0.004         0.001 / 0.004       ms
[610.332s][info][gc,stats    ]       Phase: Concurrent Process Non-Strong References      7.685 / 10.429        8.506 / 31.706        8.419 / 31.706        8.419 / 31.706      ms
[610.332s][info][gc,stats    ]       Phase: Concurrent Relocate                          12.423 / 34.458        9.640 / 76.380        9.548 / 76.380        9.548 / 76.380      ms
[610.332s][info][gc,stats    ]       Phase: Concurrent Reset Relocation Set               0.009 / 0.023         0.011 / 0.049         0.010 / 0.049         0.010 / 0.049       ms
[610.332s][info][gc,stats    ]       Phase: Concurrent Select Relocation Set              3.838 / 5.740         3.595 / 13.402        3.589 / 13.402        3.589 / 13.402      ms
[610.332s][info][gc,stats    ]       Phase: Pause Mark End                                0.048 / 0.107         0.045 / 0.390         0.045 / 0.390         0.045 / 0.390       ms
[610.332s][info][gc,stats    ]       Phase: Pause Mark Start                              0.008 / 0.010         0.008 / 0.022         0.008 / 0.022         0.008 / 0.022       ms
[610.332s][info][gc,stats    ]       Phase: Pause Relocate Start                          0.010 / 0.014         0.011 / 0.046         0.011 / 0.046         0.011 / 0.046       ms
[610.332s][info][gc,stats    ]    Subphase: Concurrent Classes Purge                      0.309 / 0.551         0.255 / 0.574         0.254 / 0.574         0.254 / 0.574       ms
[610.332s][info][gc,stats    ]    Subphase: Concurrent Classes Unlink                     5.858 / 9.251         6.007 / 23.760        5.946 / 23.760        5.946 / 23.760      ms
[610.332s][info][gc,stats    ]    Subphase: Concurrent Mark                              86.087 / 126.275      80.764 / 212.374      79.640 / 212.374      79.640 / 212.374     ms
[610.332s][info][gc,stats    ]    Subphase: Concurrent Mark Try Flush                     0.058 / 0.321         0.428 / 30.486        0.425 / 30.486        0.425 / 30.486      ms
[610.332s][info][gc,stats    ]    Subphase: Concurrent Mark Try Terminate                 2.547 / 16.397        2.794 / 24.568        2.784 / 24.568        2.784 / 24.568      ms
[610.332s][info][gc,stats    ]    Subphase: Concurrent References Enqueue                 0.004 / 0.008         0.003 / 0.008         0.003 / 0.008         0.003 / 0.008       ms
[610.332s][info][gc,stats    ]    Subphase: Concurrent References Process                 1.091 / 2.282         1.037 / 3.217         1.025 / 3.217         1.025 / 3.217       ms
[610.332s][info][gc,stats    ]    Subphase: Concurrent Roots ClassLoaderDataGraph         0.086 / 0.153         0.105 / 0.452         0.106 / 0.537         0.106 / 0.537       ms
[610.332s][info][gc,stats    ]    Subphase: Concurrent Roots CodeCache                    0.000 / 0.000         0.000 / 0.000         0.000 / 0.000         0.000 / 0.000       ms
[610.332s][info][gc,stats    ]    Subphase: Concurrent Roots JavaThreads                  0.334 / 0.451         0.355 / 1.117         0.356 / 1.258         0.356 / 1.258       ms
[610.332s][info][gc,stats    ]    Subphase: Concurrent Roots OopStorageSet                0.025 / 0.039         0.031 / 0.614         0.031 / 0.614         0.031 / 0.614       ms
[610.332s][info][gc,stats    ]    Subphase: Concurrent Weak Roots OopStorageSet           0.256 / 0.374         0.299 / 1.123         0.299 / 1.123         0.299 / 1.123       ms
[610.332s][info][gc,stats    ]    Subphase: Pause Mark Try Complete                       0.043 / 0.063         0.132 / 0.301         0.132 / 0.301         0.132 / 0.301       ms
[610.332s][info][gc,stats    ]      System: Java Threads                                     19 / 21               19 / 22               19 / 22               19 / 22          threads
[610.332s][info][gc,stats    ] =========================================================================================================================================================
[611.602s][info][gc,start    ] GC(362) Garbage Collection (System.gc())
[611.602s][info][gc,task     ] GC(362) Using 2 workers
[611.602s][info][gc,phases   ] GC(362) Pause Mark Start 0.005ms
[611.663s][info][gc,phases   ] GC(362) Concurrent Mark 60.802ms
[611.663s][info][gc,phases   ] GC(362) Pause Mark End 0.024ms
[611.664s][info][gc,phases   ] GC(362) Concurrent Mark Free 0.002ms
[611.671s][info][gc,phases   ] GC(362) Concurrent Process Non-Strong References 7.021ms
[611.671s][info][gc,phases   ] GC(362) Concurrent Reset Relocation Set 0.014ms
[611.673s][info][gc,phases   ] GC(362) Concurrent Select Relocation Set 2.073ms
[611.673s][info][gc,phases   ] GC(362) Pause Relocate Start 0.014ms
[611.680s][info][gc,phases   ] GC(362) Concurrent Relocate 6.762ms
[611.680s][info][gc,load     ] GC(362) Load: 0.00/0.00/0.00
[611.680s][info][gc,mmu      ] GC(362) MMU: 2ms/80.5%, 5ms/90.4%, 10ms/95.2%, 20ms/96.3%, 50ms/97.1%, 100ms/97.5%
[611.680s][info][gc,marking  ] GC(362) Mark: 2 stripe(s), 2 proactive flush(es), 1 terminate flush(es), 0 completion(s), 0 continuation(s) 
[611.680s][info][gc,marking  ] GC(362) Mark Stack Usage: 32M
[611.680s][info][gc,nmethod  ] GC(362) NMethods: 4869 registered, 3 unregistered
[611.680s][info][gc,metaspace] GC(362) Metaspace: 33M used, 33M committed, 1088M reserved
[611.680s][info][gc,ref      ] GC(362) Soft: 4016 encountered, 0 discovered, 0 enqueued
[611.680s][info][gc,ref      ] GC(362) Weak: 25022 encountered, 23340 discovered, 23309 enqueued
[611.680s][info][gc,ref      ] GC(362) Final: 7 encountered, 5 discovered, 0 enqueued
[611.680s][info][gc,ref      ] GC(362) Phantom: 714 encountered, 619 discovered, 0 enqueued
[611.680s][info][gc,reloc    ] GC(362) Small Pages: 944 / 1888M, Empty: 1118M, Relocated: 10M, In-Place: 0
[611.680s][info][gc,reloc    ] GC(362) Medium Pages: 29 / 928M, Empty: 864M, Relocated: 14M, In-Place: 0
[611.680s][info][gc,reloc    ] GC(362) Large Pages: 259 / 1800M, Empty: 1800M, Relocated: 0M, In-Place: 0
[611.680s][info][gc,reloc    ] GC(362) Forwarding Usage: 2M
[611.680s][info][gc,heap     ] GC(362) Min Capacity: 8192M(100%)
[611.680s][info][gc,heap     ] GC(362) Max Capacity: 8192M(100%)
[611.680s][info][gc,heap     ] GC(362) Soft Max Capacity: 8192M(100%)
[611.680s][info][gc,heap     ] GC(362)                Mark Start          Mark End        Relocate Start      Relocate End           High               Low         
[611.680s][info][gc,heap     ] GC(362)  Capacity:     8192M (100%)       8192M (100%)       8192M (100%)       8192M (100%)       8192M (100%)       8192M (100%)   
[611.680s][info][gc,heap     ] GC(362)      Free:     3576M (44%)        3576M (44%)        7358M (90%)        8044M (98%)        8044M (98%)        3576M (44%)    
[611.680s][info][gc,heap     ] GC(362)      Used:     4616M (56%)        4616M (56%)         834M (10%)         148M (2%)         4616M (56%)         148M (2%)     
[611.680s][info][gc,heap     ] GC(362)      Live:         -               124M (2%)          124M (2%)          124M (2%)             -                  -          
[611.680s][info][gc,heap     ] GC(362) Allocated:         -                 0M (0%)            0M (0%)            1M (0%)             -                  -          
[611.680s][info][gc,heap     ] GC(362)   Garbage:         -              4491M (55%)         709M (9%)           21M (0%)             -                  -          
[611.680s][info][gc,heap     ] GC(362) Reclaimed:         -                  -              3782M (46%)        4469M (55%)            -                  -          
[611.680s][info][gc          ] GC(362) Garbage Collection (System.gc()) 4616M(56%)->148M(2%)
[612.432s][info][gc,start    ] GC(363) Garbage Collection (Allocation Rate)
[612.432s][info][gc,task     ] GC(363) Using 2 workers
[612.432s][info][gc,phases   ] GC(363) Pause Mark Start 0.008ms
[612.511s][info][gc,phases   ] GC(363) Concurrent Mark 78.164ms
[612.511s][info][gc,phases   ] GC(363) Pause Mark End 0.012ms
[612.511s][info][gc,phases   ] GC(363) Concurrent Mark Free 0.001ms
[612.516s][info][gc,phases   ] GC(363) Concurrent Process Non-Strong References 5.055ms
[612.516s][info][gc,phases   ] GC(363) Concurrent Reset Relocation Set 0.027ms
[612.519s][info][gc,phases   ] GC(363) Concurrent Select Relocation Set 3.274ms
[612.520s][info][gc,phases   ] GC(363) Pause Relocate Start 0.009ms
[612.520s][info][gc,phases   ] GC(363) Concurrent Relocate 0.474ms
[612.520s][info][gc,load     ] GC(363) Load: 0.00/0.00/0.00
[612.520s][info][gc,mmu      ] GC(363) MMU: 2ms/80.5%, 5ms/90.4%, 10ms/95.2%, 20ms/96.3%, 50ms/97.1%, 100ms/97.5%
[612.520s][info][gc,marking  ] GC(363) Mark: 2 stripe(s), 2 proactive flush(es), 1 terminate flush(es), 0 completion(s), 0 continuation(s) 
[612.520s][info][gc,marking  ] GC(363) Mark Stack Usage: 32M
[612.520s][info][gc,nmethod  ] GC(363) NMethods: 4869 registered, 3 unregistered
[612.520s][info][gc,metaspace] GC(363) Metaspace: 33M used, 33M committed, 1088M reserved
[612.520s][info][gc,ref      ] GC(363) Soft: 4016 encountered, 0 discovered, 0 enqueued
[612.520s][info][gc,ref      ] GC(363) Weak: 1731 encountered, 76 discovered, 0 enqueued
[612.520s][info][gc,ref      ] GC(363) Final: 7 encountered, 7 discovered, 0 enqueued
[612.520s][info][gc,ref      ] GC(363) Phantom: 714 encountered, 604 discovered, 0 enqueued
[612.520s][info][gc,reloc    ] GC(363) Small Pages: 2760 / 5520M, Empty: 5378M, Relocated: 1M, In-Place: 0
[612.520s][info][gc,reloc    ] GC(363) Medium Pages: 1 / 32M, Empty: 0M, Relocated: 0M, In-Place: 0
[612.520s][info][gc,reloc    ] GC(363) Large Pages: 0 / 0M, Empty: 0M, Relocated: 0M, In-Place: 0
[612.520s][info][gc,reloc    ] GC(363) Forwarding Usage: 0M
[612.520s][info][gc,heap     ] GC(363) Min Capacity: 8192M(100%)
[612.520s][info][gc,heap     ] GC(363) Max Capacity: 8192M(100%)
[612.520s][info][gc,heap     ] GC(363) Soft Max Capacity: 8192M(100%)
[612.520s][info][gc,heap     ] GC(363)                Mark Start          Mark End        Relocate Start      Relocate End           High               Low         
[612.520s][info][gc,heap     ] GC(363)  Capacity:     8192M (100%)       8192M (100%)       8192M (100%)       8192M (100%)       8192M (100%)       8192M (100%)   
[612.520s][info][gc,heap     ] GC(363)      Free:     2640M (32%)        2356M (29%)        7702M (94%)        7726M (94%)        7726M (94%)        2342M (29%)    
[612.520s][info][gc,heap     ] GC(363)      Used:     5552M (68%)        5836M (71%)         490M (6%)          466M (6%)         5850M (71%)         466M (6%)     
[612.520s][info][gc,heap     ] GC(363)      Live:         -               124M (2%)          124M (2%)          124M (2%)             -                  -          
[612.520s][info][gc,heap     ] GC(363) Allocated:         -               284M (3%)          316M (4%)          317M (4%)             -                  -          
[612.520s][info][gc,heap     ] GC(363)   Garbage:         -              5427M (66%)          49M (1%)           23M (0%)             -                  -          
[612.520s][info][gc,heap     ] GC(363) Reclaimed:         -                  -              5378M (66%)        5403M (66%)            -                  -          
[612.520s][info][gc          ] GC(363) Garbage Collection (Allocation Rate) 5552M(68%)->466M(6%)
[613.531s][info][gc,start    ] GC(364) Garbage Collection (Allocation Rate)
[613.531s][info][gc,task     ] GC(364) Using 1 workers
[613.531s][info][gc,phases   ] GC(364) Pause Mark Start 0.006ms
[613.657s][info][gc,phases   ] GC(364) Concurrent Mark 125.864ms
[613.657s][info][gc,phases   ] GC(364) Pause Mark End 0.012ms
[613.658s][info][gc,phases   ] GC(364) Concurrent Mark Free 0.001ms
[613.669s][info][gc,phases   ] GC(364) Concurrent Process Non-Strong References 11.122ms
[613.669s][info][gc,phases   ] GC(364) Concurrent Reset Relocation Set 0.002ms
[613.672s][info][gc,phases   ] GC(364) Concurrent Select Relocation Set 3.164ms
[613.672s][info][gc,phases   ] GC(364) Pause Relocate Start 0.008ms
[613.673s][info][gc,phases   ] GC(364) Concurrent Relocate 0.913ms
[613.673s][info][gc,load     ] GC(364) Load: 0.00/0.00/0.00
[613.673s][info][gc,mmu      ] GC(364) MMU: 2ms/80.5%, 5ms/90.4%, 10ms/95.2%, 20ms/96.3%, 50ms/97.1%, 100ms/97.5%
[613.673s][info][gc,marking  ] GC(364) Mark: 1 stripe(s), 2 proactive flush(es), 1 terminate flush(es), 0 completion(s), 0 continuation(s) 
[613.673s][info][gc,marking  ] GC(364) Mark Stack Usage: 32M
[613.673s][info][gc,nmethod  ] GC(364) NMethods: 4869 registered, 3 unregistered
[613.673s][info][gc,metaspace] GC(364) Metaspace: 33M used, 33M committed, 1088M reserved
[613.673s][info][gc,ref      ] GC(364) Soft: 4016 encountered, 0 discovered, 0 enqueued
[613.673s][info][gc,ref      ] GC(364) Weak: 1731 encountered, 1283 discovered, 0 enqueued
[613.673s][info][gc,ref      ] GC(364) Final: 7 encountered, 7 discovered, 0 enqueued
[613.673s][info][gc,ref      ] GC(364) Phantom: 714 encountered, 665 discovered, 0 enqueued
[613.673s][info][gc,reloc    ] GC(364) Small Pages: 3047 / 6094M, Empty: 5954M, Relocated: 1M, In-Place: 0
[613.673s][info][gc,reloc    ] GC(364) Medium Pages: 1 / 32M, Empty: 0M, Relocated: 0M, In-Place: 0
[613.673s][info][gc,reloc    ] GC(364) Large Pages: 0 / 0M, Empty: 0M, Relocated: 0M, In-Place: 0
[613.673s][info][gc,reloc    ] GC(364) Forwarding Usage: 0M
[613.673s][info][gc,heap     ] GC(364) Min Capacity: 8192M(100%)
[613.673s][info][gc,heap     ] GC(364) Max Capacity: 8192M(100%)
[613.673s][info][gc,heap     ] GC(364) Soft Max Capacity: 8192M(100%)
[613.673s][info][gc,heap     ] GC(364)                Mark Start          Mark End        Relocate Start      Relocate End           High               Low         
[613.673s][info][gc,heap     ] GC(364)  Capacity:     8192M (100%)       8192M (100%)       8192M (100%)       8192M (100%)       8192M (100%)       8192M (100%)   
[613.673s][info][gc,heap     ] GC(364)      Free:     2066M (25%)        1586M (19%)        7480M (91%)        7502M (92%)        7502M (92%)        1542M (19%)    
[613.673s][info][gc,heap     ] GC(364)      Used:     6126M (75%)        6606M (81%)         712M (9%)          690M (8%)         6650M (81%)         690M (8%)     
[613.673s][info][gc,heap     ] GC(364)      Live:         -               124M (2%)          124M (2%)          124M (2%)             -                  -          
[613.673s][info][gc,heap     ] GC(364) Allocated:         -               480M (6%)          540M (7%)          543M (7%)             -                  -          
[613.673s][info][gc,heap     ] GC(364)   Garbage:         -              6001M (73%)          47M (1%)           21M (0%)             -                  -          
[613.673s][info][gc,heap     ] GC(364) Reclaimed:         -                  -              5954M (73%)        5979M (73%)            -                  -          
[613.673s][info][gc          ] GC(364) Garbage Collection (Allocation Rate) 6126M(75%)->690M(8%)
[618.022s][info][gc,start    ] GC(365) Garbage Collection (Allocation Rate)
[618.022s][info][gc,task     ] GC(365) Using 1 workers
[618.022s][info][gc,phases   ] GC(365) Pause Mark Start 0.009ms
[618.218s][info][gc,phases   ] GC(365) Concurrent Mark 195.266ms
[618.218s][info][gc,phases   ] GC(365) Pause Mark End 0.049ms
[618.218s][info][gc,phases   ] GC(365) Concurrent Mark Free 0.001ms
[618.230s][info][gc,phases   ] GC(365) Concurrent Process Non-Strong References 11.821ms
[618.230s][info][gc,phases   ] GC(365) Concurrent Reset Relocation Set 0.002ms
[618.236s][info][gc,phases   ] GC(365) Concurrent Select Relocation Set 6.843ms
[618.237s][info][gc,phases   ] GC(365) Pause Relocate Start 0.014ms
[618.284s][info][gc,phases   ] GC(365) Concurrent Relocate 46.854ms
[618.284s][info][gc,load     ] GC(365) Load: 0.00/0.00/0.00
[618.284s][info][gc,mmu      ] GC(365) MMU: 2ms/80.5%, 5ms/90.4%, 10ms/95.2%, 20ms/96.3%, 50ms/97.1%, 100ms/97.5%
[618.284s][info][gc,marking  ] GC(365) Mark: 1 stripe(s), 5 proactive flush(es), 1 terminate flush(es), 1 completion(s), 0 continuation(s) 
[618.284s][info][gc,marking  ] GC(365) Mark Stack Usage: 32M
[618.284s][info][gc,nmethod  ] GC(365) NMethods: 4869 registered, 3 unregistered
[618.284s][info][gc,metaspace] GC(365) Metaspace: 33M used, 33M committed, 1088M reserved
[618.284s][info][gc,ref      ] GC(365) Soft: 4016 encountered, 0 discovered, 0 enqueued
[618.284s][info][gc,ref      ] GC(365) Weak: 23849 encountered, 20670 discovered, 175 enqueued
[618.284s][info][gc,ref      ] GC(365) Final: 7 encountered, 7 discovered, 0 enqueued
[618.284s][info][gc,ref      ] GC(365) Phantom: 719 encountered, 670 discovered, 0 enqueued
[618.284s][info][gc,reloc    ] GC(365) Small Pages: 2650 / 5300M, Empty: 4500M, Relocated: 47M, In-Place: 0
[618.284s][info][gc,reloc    ] GC(365) Medium Pages: 27 / 864M, Empty: 832M, Relocated: 0M, In-Place: 0
[618.284s][info][gc,reloc    ] GC(365) Large Pages: 244 / 1708M, Empty: 1708M, Relocated: 0M, In-Place: 0
[618.284s][info][gc,reloc    ] GC(365) Forwarding Usage: 14M
[618.284s][info][gc,heap     ] GC(365) Min Capacity: 8192M(100%)
[618.284s][info][gc,heap     ] GC(365) Max Capacity: 8192M(100%)
[618.284s][info][gc,heap     ] GC(365) Soft Max Capacity: 8192M(100%)
[618.284s][info][gc,heap     ] GC(365)                Mark Start          Mark End        Relocate Start      Relocate End           High               Low         
[618.284s][info][gc,heap     ] GC(365)  Capacity:     8192M (100%)       8192M (100%)       8192M (100%)       8192M (100%)       8192M (100%)       8192M (100%)   
[618.284s][info][gc,heap     ] GC(365)      Free:      320M (4%)           88M (1%)         7108M (87%)        7734M (94%)        7734M (94%)          70M (1%)     
[618.284s][info][gc,heap     ] GC(365)      Used:     7872M (96%)        8104M (99%)        1084M (13%)         458M (6%)         8122M (99%)         458M (6%)     
[618.284s][info][gc,heap     ] GC(365)      Live:         -               161M (2%)          161M (2%)          161M (2%)             -                  -          
[618.284s][info][gc,heap     ] GC(365) Allocated:         -               232M (3%)          252M (3%)          274M (3%)             -                  -          
[618.284s][info][gc,heap     ] GC(365)   Garbage:         -              7710M (94%)         670M (8%)           21M (0%)             -                  -          
[618.284s][info][gc,heap     ] GC(365) Reclaimed:         -                  -              7040M (86%)        7688M (94%)            -                  -          
[618.284s][info][gc          ] GC(365) Garbage Collection (Allocation Rate) 7872M(96%)->458M(6%)
[618.284s][info][gc,start    ] GC(366) Garbage Collection (System.gc())
[618.284s][info][gc,task     ] GC(366) Using 2 workers
[618.284s][info][gc,phases   ] GC(366) Pause Mark Start 0.008ms
[618.341s][info][gc,phases   ] GC(366) Concurrent Mark 56.789ms
[618.341s][info][gc,phases   ] GC(366) Pause Mark End 0.015ms
[618.341s][info][gc,phases   ] GC(366) Concurrent Mark Free 0.001ms
[618.347s][info][gc,phases   ] GC(366) Concurrent Process Non-Strong References 5.790ms
[618.347s][info][gc,phases   ] GC(366) Concurrent Reset Relocation Set 0.025ms
[618.349s][info][gc,phases   ] GC(366) Concurrent Select Relocation Set 2.462ms
[618.349s][info][gc,phases   ] GC(366) Pause Relocate Start 0.010ms
[618.354s][info][gc,phases   ] GC(366) Concurrent Relocate 4.841ms
[618.354s][info][gc,load     ] GC(366) Load: 0.00/0.00/0.00
[618.354s][info][gc,mmu      ] GC(366) MMU: 2ms/80.5%, 5ms/90.4%, 10ms/95.2%, 20ms/96.3%, 50ms/97.1%, 100ms/97.5%
[618.355s][info][gc,marking  ] GC(366) Mark: 2 stripe(s), 1 proactive flush(es), 1 terminate flush(es), 0 completion(s), 0 continuation(s) 
[618.355s][info][gc,marking  ] GC(366) Mark Stack Usage: 32M
[618.355s][info][gc,nmethod  ] GC(366) NMethods: 4869 registered, 3 unregistered
[618.355s][info][gc,metaspace] GC(366) Metaspace: 33M used, 33M committed, 1088M reserved
[618.355s][info][gc,ref      ] GC(366) Soft: 4016 encountered, 0 discovered, 0 enqueued
[618.355s][info][gc,ref      ] GC(366) Weak: 23771 encountered, 22113 discovered, 22057 enqueued
[618.355s][info][gc,ref      ] GC(366) Final: 7 encountered, 5 discovered, 0 enqueued
[618.355s][info][gc,ref      ] GC(366) Phantom: 714 encountered, 643 discovered, 0 enqueued
[618.355s][info][gc,reloc    ] GC(366) Small Pages: 140 / 280M, Empty: 4M, Relocated: 10M, In-Place: 0
[618.355s][info][gc,reloc    ] GC(366) Medium Pages: 3 / 96M, Empty: 64M, Relocated: 0M, In-Place: 0
[618.355s][info][gc,reloc    ] GC(366) Large Pages: 12 / 82M, Empty: 82M, Relocated: 0M, In-Place: 0
[618.355s][info][gc,reloc    ] GC(366) Forwarding Usage: 3M
[618.355s][info][gc,heap     ] GC(366) Min Capacity: 8192M(100%)
[618.355s][info][gc,heap     ] GC(366) Max Capacity: 8192M(100%)
[618.355s][info][gc,heap     ] GC(366) Soft Max Capacity: 8192M(100%)
[618.355s][info][gc,heap     ] GC(366)                Mark Start          Mark End        Relocate Start      Relocate End           High               Low         
[618.355s][info][gc,heap     ] GC(366)  Capacity:     8192M (100%)       8192M (100%)       8192M (100%)       8192M (100%)       8192M (100%)       8192M (100%)   
[618.355s][info][gc,heap     ] GC(366)      Free:     7734M (94%)        7734M (94%)        7884M (96%)        8046M (98%)        8046M (98%)        7734M (94%)    
[618.355s][info][gc,heap     ] GC(366)      Used:      458M (6%)          458M (6%)          308M (4%)          146M (2%)          458M (6%)          146M (2%)     
[618.355s][info][gc,heap     ] GC(366)      Live:         -               123M (2%)          123M (2%)          123M (2%)             -                  -          
[618.355s][info][gc,heap     ] GC(366) Allocated:         -                 0M (0%)            0M (0%)            0M (0%)             -                  -          
[618.355s][info][gc,heap     ] GC(366)   Garbage:         -               334M (4%)          184M (2%)           22M (0%)             -                  -          
[618.355s][info][gc,heap     ] GC(366) Reclaimed:         -                  -               150M (2%)          312M (4%)             -                  -          
[618.355s][info][gc          ] GC(366) Garbage Collection (System.gc()) 458M(6%)->146M(2%)
[619.032s][info][gc,start    ] GC(367) Garbage Collection (Allocation Rate)
[619.032s][info][gc,task     ] GC(367) Using 2 workers
[619.032s][info][gc,phases   ] GC(367) Pause Mark Start 0.013ms
[619.126s][info][gc,phases   ] GC(367) Concurrent Mark 78.513ms
[619.127s][info][gc,phases   ] GC(367) Pause Mark End 0.014ms
[619.127s][info][gc,phases   ] GC(367) Concurrent Mark Free 0.001ms
[619.132s][info][gc,phases   ] GC(367) Concurrent Process Non-Strong References 5.435ms
[619.132s][info][gc,phases   ] GC(367) Concurrent Reset Relocation Set 0.011ms
[619.136s][info][gc,phases   ] GC(367) Concurrent Select Relocation Set 3.335ms
[619.136s][info][gc,phases   ] GC(367) Pause Relocate Start 0.007ms
[619.137s][info][gc,phases   ] GC(367) Concurrent Relocate 0.749ms
[619.137s][info][gc,load     ] GC(367) Load: 0.00/0.00/0.00
[619.137s][info][gc,mmu      ] GC(367) MMU: 2ms/80.5%, 5ms/90.4%, 10ms/95.2%, 20ms/96.3%, 50ms/97.1%, 100ms/97.5%
[619.137s][info][gc,marking  ] GC(367) Mark: 2 stripe(s), 2 proactive flush(es), 1 terminate flush(es), 0 completion(s), 0 continuation(s) 
[619.137s][info][gc,marking  ] GC(367) Mark Stack Usage: 32M
[619.137s][info][gc,nmethod  ] GC(367) NMethods: 4869 registered, 3 unregistered
[619.137s][info][gc,metaspace] GC(367) Metaspace: 33M used, 33M committed, 1088M reserved
[619.137s][info][gc,ref      ] GC(367) Soft: 4016 encountered, 0 discovered, 0 enqueued
[619.137s][info][gc,ref      ] GC(367) Weak: 1726 encountered, 60 discovered, 0 enqueued
[619.137s][info][gc,ref      ] GC(367) Final: 7 encountered, 5 discovered, 0 enqueued
[619.137s][info][gc,ref      ] GC(367) Phantom: 714 encountered, 616 discovered, 0 enqueued
[619.137s][info][gc,reloc    ] GC(367) Small Pages: 2532 / 5064M, Empty: 4928M, Relocated: 1M, In-Place: 0
[619.137s][info][gc,reloc    ] GC(367) Medium Pages: 1 / 32M, Empty: 0M, Relocated: 0M, In-Place: 0
[619.137s][info][gc,reloc    ] GC(367) Large Pages: 0 / 0M, Empty: 0M, Relocated: 0M, In-Place: 0
[619.137s][info][gc,reloc    ] GC(367) Forwarding Usage: 0M
[619.137s][info][gc,heap     ] GC(367) Min Capacity: 8192M(100%)
[619.137s][info][gc,heap     ] GC(367) Max Capacity: 8192M(100%)
[619.137s][info][gc,heap     ] GC(367) Soft Max Capacity: 8192M(100%)
[619.137s][info][gc,heap     ] GC(367)                Mark Start          Mark End        Relocate Start      Relocate End           High               Low         
[619.137s][info][gc,heap     ] GC(367)  Capacity:     8192M (100%)       8192M (100%)       8192M (100%)       8192M (100%)       8192M (100%)       8192M (100%)   
[619.137s][info][gc,heap     ] GC(367)      Free:     3096M (38%)        2718M (33%)        7608M (93%)        7624M (93%)        7626M (93%)        2698M (33%)    
[619.137s][info][gc,heap     ] GC(367)      Used:     5096M (62%)        5474M (67%)         584M (7%)          568M (7%)         5494M (67%)         566M (7%)     
[619.137s][info][gc,heap     ] GC(367)      Live:         -               123M (2%)          123M (2%)          123M (2%)             -                  -          
[619.137s][info][gc,heap     ] GC(367) Allocated:         -               378M (5%)          416M (5%)          419M (5%)             -                  -          
[619.137s][info][gc,heap     ] GC(367)   Garbage:         -              4972M (61%)          44M (1%)           24M (0%)             -                  -          
[619.137s][info][gc,heap     ] GC(367) Reclaimed:         -                  -              4928M (60%)        4947M (60%)            -                  -          
[619.137s][info][gc          ] GC(367) Garbage Collection (Allocation Rate) 5096M(62%)->568M(7%)
[619.723s][info][gc,start    ] GC(368) Garbage Collection (Allocation Rate)
[619.723s][info][gc,task     ] GC(368) Using 1 workers
[619.723s][info][gc,phases   ] GC(368) Pause Mark Start 0.006ms
[619.870s][info][gc,phases   ] GC(368) Concurrent Mark 147.217ms
[619.870s][info][gc,phases   ] GC(368) Pause Mark End 0.015ms
[619.870s][info][gc,phases   ] GC(368) Concurrent Mark Free 0.001ms
[619.883s][info][gc,phases   ] GC(368) Concurrent Process Non-Strong References 12.644ms
[619.883s][info][gc,phases   ] GC(368) Concurrent Reset Relocation Set 0.003ms
[619.886s][info][gc,phases   ] GC(368) Concurrent Select Relocation Set 3.069ms
[619.886s][info][gc,phases   ] GC(368) Pause Relocate Start 0.008ms
[619.888s][info][gc,phases   ] GC(368) Concurrent Relocate 1.199ms
[619.888s][info][gc,load     ] GC(368) Load: 0.00/0.00/0.00
[619.888s][info][gc,mmu      ] GC(368) MMU: 2ms/80.5%, 5ms/90.4%, 10ms/95.2%, 20ms/96.3%, 50ms/97.1%, 100ms/97.5%
[619.888s][info][gc,marking  ] GC(368) Mark: 1 stripe(s), 2 proactive flush(es), 1 terminate flush(es), 0 completion(s), 0 continuation(s) 
[619.888s][info][gc,marking  ] GC(368) Mark Stack Usage: 32M
[619.888s][info][gc,nmethod  ] GC(368) NMethods: 4869 registered, 3 unregistered
[619.888s][info][gc,metaspace] GC(368) Metaspace: 33M used, 33M committed, 1088M reserved
[619.888s][info][gc,ref      ] GC(368) Soft: 4016 encountered, 0 discovered, 0 enqueued
[619.888s][info][gc,ref      ] GC(368) Weak: 1732 encountered, 1284 discovered, 0 enqueued
[619.888s][info][gc,ref      ] GC(368) Final: 7 encountered, 7 discovered, 0 enqueued
[619.888s][info][gc,ref      ] GC(368) Phantom: 714 encountered, 665 discovered, 0 enqueued
[619.888s][info][gc,reloc    ] GC(368) Small Pages: 1925 / 3850M, Empty: 3706M, Relocated: 1M, In-Place: 0
[619.888s][info][gc,reloc    ] GC(368) Medium Pages: 1 / 32M, Empty: 0M, Relocated: 0M, In-Place: 0
[619.888s][info][gc,reloc    ] GC(368) Large Pages: 0 / 0M, Empty: 0M, Relocated: 0M, In-Place: 0
[619.888s][info][gc,reloc    ] GC(368) Forwarding Usage: 0M
[619.888s][info][gc,heap     ] GC(368) Min Capacity: 8192M(100%)
[619.888s][info][gc,heap     ] GC(368) Max Capacity: 8192M(100%)
[619.888s][info][gc,heap     ] GC(368) Soft Max Capacity: 8192M(100%)
[619.888s][info][gc,heap     ] GC(368)                Mark Start          Mark End        Relocate Start      Relocate End           High               Low         
[619.888s][info][gc,heap     ] GC(368)  Capacity:     8192M (100%)       8192M (100%)       8192M (100%)       8192M (100%)       8192M (100%)       8192M (100%)   
[619.888s][info][gc,heap     ] GC(368)      Free:     4310M (53%)        3512M (43%)        7134M (87%)        7156M (87%)        7162M (87%)        3442M (42%)    
[619.888s][info][gc,heap     ] GC(368)      Used:     3882M (47%)        4680M (57%)        1058M (13%)        1036M (13%)        4750M (58%)        1030M (13%)    
[619.888s][info][gc,heap     ] GC(368)      Live:         -               123M (2%)          123M (2%)          123M (2%)             -                  -          
[619.888s][info][gc,heap     ] GC(368) Allocated:         -               798M (10%)         882M (11%)         889M (11%)            -                  -          
[619.888s][info][gc,heap     ] GC(368)   Garbage:         -              3758M (46%)          52M (1%)           22M (0%)             -                  -          
[619.888s][info][gc,heap     ] GC(368) Reclaimed:         -                  -              3706M (45%)        3735M (46%)            -                  -          
[619.888s][info][gc          ] GC(368) Garbage Collection (Allocation Rate) 3882M(47%)->1036M(13%)
[620.335s][info][gc,stats    ] === Garbage Collection Statistics =======================================================================================================================
[620.335s][info][gc,stats    ]                                                              Last 10s              Last 10m              Last 10h                Total
[620.335s][info][gc,stats    ]                                                              Avg / Max             Avg / Max             Avg / Max             Avg / Max
[620.335s][info][gc,stats    ]   Collector: Garbage Collection Cycle                    129.893 / 261.609     125.077 / 283.003     124.514 / 379.439     124.514 / 379.439     ms
[620.335s][info][gc,stats    ]  Contention: Mark Segment Reset Contention                     0 / 1                 0 / 115               0 / 115               0 / 115         ops/s
[620.335s][info][gc,stats    ]  Contention: Mark SeqNum Reset Contention                      0 / 0                 0 / 2                 0 / 2                 0 / 2           ops/s
[620.335s][info][gc,stats    ]    Critical: Allocation Stall                                  0 / 0                 0 / 0                 0 / 0                 0 / 0           ops/s
[620.335s][info][gc,stats    ]    Critical: Allocation Stall                              0.000 / 0.000         0.000 / 0.000         0.000 / 0.000         0.000 / 0.000       ms
[620.335s][info][gc,stats    ]    Critical: GC Locker Stall                                   0 / 0                 0 / 0                 0 / 0                 0 / 0           ops/s
[620.335s][info][gc,stats    ]    Critical: GC Locker Stall                               0.000 / 0.000         0.000 / 0.000         0.000 / 0.000         0.000 / 0.000       ms
[620.335s][info][gc,stats    ]    Critical: Relocation Stall                                  0 / 0                 0 / 0                 0 / 0                 0 / 0           ops/s
[620.335s][info][gc,stats    ]    Critical: Relocation Stall                              0.000 / 0.000         0.000 / 0.000         0.000 / 0.000         0.000 / 0.000       ms
[620.335s][info][gc,stats    ]      Memory: Allocation Rate                                3289 / 6470           2877 / 6636           2845 / 6636           2845 / 6636        MB/s
[620.335s][info][gc,stats    ]      Memory: Out Of Memory                                     0 / 0                 0 / 0                 0 / 0                 0 / 0           ops/s
[620.335s][info][gc,stats    ]      Memory: Page Cache Flush                                189 / 600              93 / 672              90 / 672              90 / 672         MB/s
[620.335s][info][gc,stats    ]      Memory: Page Cache Hit L1                              1446 / 3243           1234 / 3321           1218 / 3321           1218 / 3321        ops/s
[620.335s][info][gc,stats    ]      Memory: Page Cache Hit L2                                 0 / 0                 0 / 0                 0 / 0                 0 / 0           ops/s
[620.335s][info][gc,stats    ]      Memory: Page Cache Hit L3                                46 / 287              36 / 590              39 / 635              39 / 635         ops/s
[620.335s][info][gc,stats    ]      Memory: Page Cache Miss                                  19 / 61                9 / 71                9 / 71                9 / 71          ops/s
[620.335s][info][gc,stats    ]      Memory: Uncommit                                          0 / 0                 0 / 0                 0 / 0                 0 / 0           MB/s
[620.335s][info][gc,stats    ]      Memory: Undo Object Allocation Failed                     0 / 0                 0 / 2                 0 / 2                 0 / 2           ops/s
[620.335s][info][gc,stats    ]      Memory: Undo Object Allocation Succeeded                  0 / 1                 0 / 94                0 / 94                0 / 94          ops/s
[620.335s][info][gc,stats    ]      Memory: Undo Page Allocation                              0 / 4                 0 / 8                 0 / 8                 0 / 8           ops/s
[620.335s][info][gc,stats    ]       Phase: Concurrent Mark                             106.088 / 195.266     100.526 / 213.312      99.104 / 213.312      99.104 / 213.312     ms
[620.335s][info][gc,stats    ]       Phase: Concurrent Mark Continue                      0.000 / 0.000        14.265 / 35.578       14.776 / 35.578       14.776 / 35.578      ms
[620.335s][info][gc,stats    ]       Phase: Concurrent Mark Free                          0.001 / 0.002         0.001 / 0.004         0.001 / 0.004         0.001 / 0.004       ms
[620.335s][info][gc,stats    ]       Phase: Concurrent Process Non-Strong References      8.413 / 12.644        8.484 / 31.706        8.419 / 31.706        8.419 / 31.706      ms
[620.335s][info][gc,stats    ]       Phase: Concurrent Relocate                           8.827 / 46.854        9.519 / 50.020        9.535 / 76.380        9.535 / 76.380      ms
[620.335s][info][gc,stats    ]       Phase: Concurrent Reset Relocation Set               0.012 / 0.027         0.010 / 0.049         0.010 / 0.049         0.010 / 0.049       ms
[620.335s][info][gc,stats    ]       Phase: Concurrent Select Relocation Set              3.460 / 6.843         3.579 / 13.402        3.587 / 13.402        3.587 / 13.402      ms
[620.335s][info][gc,stats    ]       Phase: Pause Mark End                                0.020 / 0.049         0.032 / 0.344         0.044 / 0.390         0.044 / 0.390       ms
[620.335s][info][gc,stats    ]       Phase: Pause Mark Start                              0.008 / 0.013         0.008 / 0.022         0.008 / 0.022         0.008 / 0.022       ms
[620.335s][info][gc,stats    ]       Phase: Pause Relocate Start                          0.010 / 0.014         0.010 / 0.046         0.011 / 0.046         0.011 / 0.046       ms
[620.335s][info][gc,stats    ]    Subphase: Concurrent Classes Purge                      0.270 / 0.448         0.257 / 0.574         0.254 / 0.574         0.254 / 0.574       ms
[620.335s][info][gc,stats    ]    Subphase: Concurrent Classes Unlink                     6.571 / 11.272        6.008 / 11.374        5.957 / 23.760        5.957 / 23.760      ms
[620.335s][info][gc,stats    ]    Subphase: Concurrent Mark                              87.824 / 194.595      84.684 / 212.374      79.786 / 212.374      79.786 / 212.374     ms
[620.335s][info][gc,stats    ]    Subphase: Concurrent Mark Try Flush                     0.075 / 0.332         0.404 / 30.486        0.419 / 30.486        0.419 / 30.486      ms
[620.335s][info][gc,stats    ]    Subphase: Concurrent Mark Try Terminate                 2.428 / 15.146        2.641 / 24.568        2.778 / 24.568        2.778 / 24.568      ms
[620.335s][info][gc,stats    ]    Subphase: Concurrent References Enqueue                 0.003 / 0.009         0.003 / 0.009         0.003 / 0.009         0.003 / 0.009       ms
[620.335s][info][gc,stats    ]    Subphase: Concurrent References Process                 1.110 / 2.600         1.051 / 3.217         1.026 / 3.217         1.026 / 3.217       ms
[620.335s][info][gc,stats    ]    Subphase: Concurrent Roots ClassLoaderDataGraph         0.103 / 0.207         0.104 / 0.395         0.106 / 0.537         0.106 / 0.537       ms
[620.335s][info][gc,stats    ]    Subphase: Concurrent Roots CodeCache                    0.000 / 0.000         0.000 / 0.000         0.000 / 0.000         0.000 / 0.000       ms
[620.335s][info][gc,stats    ]    Subphase: Concurrent Roots JavaThreads                  0.340 / 0.598         0.355 / 1.117         0.356 / 1.258         0.356 / 1.258       ms
[620.335s][info][gc,stats    ]    Subphase: Concurrent Roots OopStorageSet                0.029 / 0.048         0.031 / 0.614         0.031 / 0.614         0.031 / 0.614       ms
[620.335s][info][gc,stats    ]    Subphase: Concurrent Weak Roots OopStorageSet           0.275 / 0.464         0.294 / 0.756         0.298 / 1.123         0.298 / 1.123       ms
[620.335s][info][gc,stats    ]    Subphase: Pause Mark Try Complete                       0.019 / 0.019         0.087 / 0.275         0.131 / 0.301         0.131 / 0.301       ms
[620.335s][info][gc,stats    ]      System: Java Threads                                     18 / 21               19 / 22               19 / 22               19 / 22          threads
[620.335s][info][gc,stats    ] =========================================================================================================================================================
[620.821s][info][gc,start    ] GC(369) Garbage Collection (Allocation Rate)
[620.821s][info][gc,task     ] GC(369) Using 1 workers
[620.821s][info][gc,phases   ] GC(369) Pause Mark Start 0.012ms
[620.918s][info][gc,phases   ] GC(369) Concurrent Mark 96.190ms
[620.918s][info][gc,phases   ] GC(369) Pause Mark End 0.009ms
[620.918s][info][gc,phases   ] GC(369) Concurrent Mark Free 0.000ms
[620.926s][info][gc,phases   ] GC(369) Concurrent Process Non-Strong References 8.463ms
[620.926s][info][gc,phases   ] GC(369) Concurrent Reset Relocation Set 0.002ms
[620.929s][info][gc,phases   ] GC(369) Concurrent Select Relocation Set 2.400ms
[620.929s][info][gc,phases   ] GC(369) Pause Relocate Start 0.009ms
[620.930s][info][gc,phases   ] GC(369) Concurrent Relocate 0.799ms
[620.930s][info][gc,load     ] GC(369) Load: 0.00/0.00/0.00
[620.930s][info][gc,mmu      ] GC(369) MMU: 2ms/80.5%, 5ms/90.4%, 10ms/95.2%, 20ms/96.3%, 50ms/97.1%, 100ms/97.5%
[620.930s][info][gc,marking  ] GC(369) Mark: 1 stripe(s), 2 proactive flush(es), 1 terminate flush(es), 0 completion(s), 0 continuation(s) 
[620.930s][info][gc,marking  ] GC(369) Mark Stack Usage: 32M
[620.930s][info][gc,nmethod  ] GC(369) NMethods: 4869 registered, 3 unregistered
[620.930s][info][gc,metaspace] GC(369) Metaspace: 33M used, 33M committed, 1088M reserved
[620.930s][info][gc,ref      ] GC(369) Soft: 4016 encountered, 0 discovered, 0 enqueued
[620.930s][info][gc,ref      ] GC(369) Weak: 1750 encountered, 1297 discovered, 6 enqueued
[620.930s][info][gc,ref      ] GC(369) Final: 7 encountered, 7 discovered, 0 enqueued
[620.930s][info][gc,ref      ] GC(369) Phantom: 714 encountered, 665 discovered, 0 enqueued
[620.930s][info][gc,reloc    ] GC(369) Small Pages: 3054 / 6108M, Empty: 5946M, Relocated: 1M, In-Place: 0
[620.930s][info][gc,reloc    ] GC(369) Medium Pages: 1 / 32M, Empty: 0M, Relocated: 0M, In-Place: 0
[620.930s][info][gc,reloc    ] GC(369) Large Pages: 0 / 0M, Empty: 0M, Relocated: 0M, In-Place: 0
[620.930s][info][gc,reloc    ] GC(369) Forwarding Usage: 0M
[620.930s][info][gc,heap     ] GC(369) Min Capacity: 8192M(100%)
[620.930s][info][gc,heap     ] GC(369) Max Capacity: 8192M(100%)
[620.930s][info][gc,heap     ] GC(369) Soft Max Capacity: 8192M(100%)
[620.930s][info][gc,heap     ] GC(369)                Mark Start          Mark End        Relocate Start      Relocate End           High               Low         
[620.930s][info][gc,heap     ] GC(369)  Capacity:     8192M (100%)       8192M (100%)       8192M (100%)       8192M (100%)       8192M (100%)       8192M (100%)   
[620.930s][info][gc,heap     ] GC(369)      Free:     2052M (25%)        1872M (23%)        7818M (95%)        7866M (96%)        7866M (96%)        1872M (23%)    
[620.930s][info][gc,heap     ] GC(369)      Used:     6140M (75%)        6320M (77%)         374M (5%)          326M (4%)         6320M (77%)         326M (4%)     
[620.930s][info][gc,heap     ] GC(369)      Live:         -               123M (2%)          123M (2%)          123M (2%)             -                  -          
[620.930s][info][gc,heap     ] GC(369) Allocated:         -               180M (2%)          180M (2%)          179M (2%)             -                  -          
[620.930s][info][gc,heap     ] GC(369)   Garbage:         -              6016M (73%)          70M (1%)           22M (0%)             -                  -          
[620.930s][info][gc,heap     ] GC(369) Reclaimed:         -                  -              5946M (73%)        5993M (73%)            -                  -          
[620.930s][info][gc          ] GC(369) Garbage Collection (Allocation Rate) 6140M(75%)->326M(4%)
[624.852s][info][gc,start    ] GC(370) Garbage Collection (System.gc())
[624.852s][info][gc,task     ] GC(370) Using 2 workers
[624.852s][info][gc,phases   ] GC(370) Pause Mark Start 0.007ms
[624.917s][info][gc,phases   ] GC(370) Concurrent Mark 64.806ms
[624.917s][info][gc,phases   ] GC(370) Pause Mark End 0.022ms
[624.917s][info][gc,phases   ] GC(370) Concurrent Mark Free 0.002ms
[624.923s][info][gc,phases   ] GC(370) Concurrent Process Non-Strong References 5.770ms
[624.923s][info][gc,phases   ] GC(370) Concurrent Reset Relocation Set 0.003ms
[624.926s][info][gc,phases   ] GC(370) Concurrent Select Relocation Set 2.672ms
[624.926s][info][gc,phases   ] GC(370) Pause Relocate Start 0.010ms
[624.931s][info][gc,phases   ] GC(370) Concurrent Relocate 5.308ms
[624.932s][info][gc,load     ] GC(370) Load: 0.00/0.00/0.00
[624.932s][info][gc,mmu      ] GC(370) MMU: 2ms/80.5%, 5ms/90.4%, 10ms/95.2%, 20ms/96.3%, 50ms/97.1%, 100ms/97.5%
[624.932s][info][gc,marking  ] GC(370) Mark: 2 stripe(s), 1 proactive flush(es), 1 terminate flush(es), 0 completion(s), 0 continuation(s) 
[624.932s][info][gc,marking  ] GC(370) Mark Stack Usage: 32M
[624.932s][info][gc,nmethod  ] GC(370) NMethods: 4871 registered, 3 unregistered
[624.932s][info][gc,metaspace] GC(370) Metaspace: 33M used, 33M committed, 1088M reserved
[624.932s][info][gc,ref      ] GC(370) Soft: 4016 encountered, 0 discovered, 0 enqueued
[624.932s][info][gc,ref      ] GC(370) Weak: 24194 encountered, 23525 discovered, 22480 enqueued
[624.932s][info][gc,ref      ] GC(370) Final: 7 encountered, 6 discovered, 0 enqueued
[624.932s][info][gc,ref      ] GC(370) Phantom: 714 encountered, 652 discovered, 0 enqueued
[624.932s][info][gc,reloc    ] GC(370) Small Pages: 1082 / 2164M, Empty: 1398M, Relocated: 9M, In-Place: 0
[624.932s][info][gc,reloc    ] GC(370) Medium Pages: 29 / 928M, Empty: 896M, Relocated: 0M, In-Place: 0
[624.932s][info][gc,reloc    ] GC(370) Large Pages: 263 / 1832M, Empty: 1832M, Relocated: 0M, In-Place: 0
[624.932s][info][gc,reloc    ] GC(370) Forwarding Usage: 2M
[624.932s][info][gc,heap     ] GC(370) Min Capacity: 8192M(100%)
[624.932s][info][gc,heap     ] GC(370) Max Capacity: 8192M(100%)
[624.932s][info][gc,heap     ] GC(370) Soft Max Capacity: 8192M(100%)
[624.932s][info][gc,heap     ] GC(370)                Mark Start          Mark End        Relocate Start      Relocate End           High               Low         
[624.932s][info][gc,heap     ] GC(370)  Capacity:     8192M (100%)       8192M (100%)       8192M (100%)       8192M (100%)       8192M (100%)       8192M (100%)   
[624.932s][info][gc,heap     ] GC(370)      Free:     3268M (40%)        3268M (40%)        7394M (90%)        8044M (98%)        8044M (98%)        3268M (40%)    
[624.932s][info][gc,heap     ] GC(370)      Used:     4924M (60%)        4924M (60%)         798M (10%)         148M (2%)         4924M (60%)         148M (2%)     
[624.932s][info][gc,heap     ] GC(370)      Live:         -               123M (2%)          123M (2%)          123M (2%)             -                  -          
[624.932s][info][gc,heap     ] GC(370) Allocated:         -                 0M (0%)            0M (0%)            0M (0%)             -                  -          
[624.932s][info][gc,heap     ] GC(370)   Garbage:         -              4800M (59%)         674M (8%)           24M (0%)             -                  -          
[624.932s][info][gc,heap     ] GC(370) Reclaimed:         -                  -              4126M (50%)        4776M (58%)            -                  -          
[624.932s][info][gc          ] GC(370) Garbage Collection (System.gc()) 4924M(60%)->148M(2%)
[625.624s][info][gc,start    ] GC(371) Garbage Collection (Allocation Rate)
[625.624s][info][gc,task     ] GC(371) Using 2 workers
[625.624s][info][gc,phases   ] GC(371) Pause Mark Start 0.009ms
[625.702s][info][gc,phases   ] GC(371) Concurrent Mark 77.763ms
[625.702s][info][gc,phases   ] GC(371) Pause Mark End 0.015ms
[625.702s][info][gc,phases   ] GC(371) Concurrent Mark Free 0.001ms
[625.707s][info][gc,phases   ] GC(371) Concurrent Process Non-Strong References 4.854ms
[625.707s][info][gc,phases   ] GC(371) Concurrent Reset Relocation Set 0.036ms
[625.710s][info][gc,phases   ] GC(371) Concurrent Select Relocation Set 2.943ms
[625.710s][info][gc,phases   ] GC(371) Pause Relocate Start 0.011ms
[625.711s][info][gc,phases   ] GC(371) Concurrent Relocate 0.682ms
[625.711s][info][gc,load     ] GC(371) Load: 0.00/0.00/0.00
[625.711s][info][gc,mmu      ] GC(371) MMU: 2ms/80.5%, 5ms/90.4%, 10ms/95.2%, 20ms/96.3%, 50ms/97.1%, 100ms/97.5%
[625.711s][info][gc,marking  ] GC(371) Mark: 2 stripe(s), 2 proactive flush(es), 1 terminate flush(es), 0 completion(s), 0 continuation(s) 
[625.711s][info][gc,marking  ] GC(371) Mark Stack Usage: 32M
[625.711s][info][gc,nmethod  ] GC(371) NMethods: 4871 registered, 3 unregistered
[625.711s][info][gc,metaspace] GC(371) Metaspace: 33M used, 33M committed, 1088M reserved
[625.711s][info][gc,ref      ] GC(371) Soft: 4016 encountered, 0 discovered, 0 enqueued
[625.711s][info][gc,ref      ] GC(371) Weak: 1714 encountered, 57 discovered, 0 enqueued
[625.711s][info][gc,ref      ] GC(371) Final: 7 encountered, 5 discovered, 0 enqueued
[625.711s][info][gc,ref      ] GC(371) Phantom: 714 encountered, 615 discovered, 0 enqueued
[625.711s][info][gc,reloc    ] GC(371) Small Pages: 2587 / 5174M, Empty: 5040M, Relocated: 1M, In-Place: 0
[625.711s][info][gc,reloc    ] GC(371) Medium Pages: 1 / 32M, Empty: 0M, Relocated: 0M, In-Place: 0
[625.711s][info][gc,reloc    ] GC(371) Large Pages: 0 / 0M, Empty: 0M, Relocated: 0M, In-Place: 0
[625.711s][info][gc,reloc    ] GC(371) Forwarding Usage: 0M
[625.711s][info][gc,heap     ] GC(371) Min Capacity: 8192M(100%)
[625.711s][info][gc,heap     ] GC(371) Max Capacity: 8192M(100%)
[625.711s][info][gc,heap     ] GC(371) Soft Max Capacity: 8192M(100%)
[625.711s][info][gc,heap     ] GC(371)                Mark Start          Mark End        Relocate Start      Relocate End           High               Low         
[625.711s][info][gc,heap     ] GC(371)  Capacity:     8192M (100%)       8192M (100%)       8192M (100%)       8192M (100%)       8192M (100%)       8192M (100%)   
[625.711s][info][gc,heap     ] GC(371)      Free:     2986M (36%)        2690M (33%)        7700M (94%)        7714M (94%)        7716M (94%)        2674M (33%)    
[625.711s][info][gc,heap     ] GC(371)      Used:     5206M (64%)        5502M (67%)         492M (6%)          478M (6%)         5518M (67%)         476M (6%)     
[625.711s][info][gc,heap     ] GC(371)      Live:         -               123M (2%)          123M (2%)          123M (2%)             -                  -          
[625.711s][info][gc,heap     ] GC(371) Allocated:         -               296M (4%)          326M (4%)          329M (4%)             -                  -          
[625.711s][info][gc,heap     ] GC(371)   Garbage:         -              5082M (62%)          42M (1%)           24M (0%)             -                  -          
[625.711s][info][gc,heap     ] GC(371) Reclaimed:         -                  -              5040M (62%)        5057M (62%)            -                  -          
[625.711s][info][gc          ] GC(371) Garbage Collection (Allocation Rate) 5206M(64%)->478M(6%)
[626.722s][info][gc,start    ] GC(372) Garbage Collection (Allocation Rate)
[626.722s][info][gc,task     ] GC(372) Using 1 workers
[626.723s][info][gc,phases   ] GC(372) Pause Mark Start 0.006ms
[626.850s][info][gc,phases   ] GC(372) Concurrent Mark 127.376ms
[626.850s][info][gc,phases   ] GC(372) Pause Mark End 0.010ms
[626.850s][info][gc,phases   ] GC(372) Concurrent Mark Free 0.001ms
[626.861s][info][gc,phases   ] GC(372) Concurrent Process Non-Strong References 10.911ms
[626.861s][info][gc,phases   ] GC(372) Concurrent Reset Relocation Set 0.002ms
[626.865s][info][gc,phases   ] GC(372) Concurrent Select Relocation Set 3.775ms
[626.865s][info][gc,phases   ] GC(372) Pause Relocate Start 0.012ms
[626.867s][info][gc,phases   ] GC(372) Concurrent Relocate 1.332ms
[626.867s][info][gc,load     ] GC(372) Load: 0.00/0.00/0.00
[626.867s][info][gc,mmu      ] GC(372) MMU: 2ms/80.5%, 5ms/90.4%, 10ms/95.2%, 20ms/96.3%, 50ms/97.1%, 100ms/97.5%
[626.867s][info][gc,marking  ] GC(372) Mark: 1 stripe(s), 2 proactive flush(es), 1 terminate flush(es), 0 completion(s), 0 continuation(s) 
[626.867s][info][gc,marking  ] GC(372) Mark Stack Usage: 32M
[626.867s][info][gc,nmethod  ] GC(372) NMethods: 4871 registered, 3 unregistered
[626.867s][info][gc,metaspace] GC(372) Metaspace: 33M used, 33M committed, 1088M reserved
[626.867s][info][gc,ref      ] GC(372) Soft: 4016 encountered, 0 discovered, 0 enqueued
[626.867s][info][gc,ref      ] GC(372) Weak: 1732 encountered, 1284 discovered, 0 enqueued
[626.867s][info][gc,ref      ] GC(372) Final: 7 encountered, 7 discovered, 0 enqueued
[626.867s][info][gc,ref      ] GC(372) Phantom: 714 encountered, 665 discovered, 0 enqueued
[626.867s][info][gc,reloc    ] GC(372) Small Pages: 3002 / 6004M, Empty: 5854M, Relocated: 1M, In-Place: 0
[626.867s][info][gc,reloc    ] GC(372) Medium Pages: 1 / 32M, Empty: 0M, Relocated: 0M, In-Place: 0
[626.867s][info][gc,reloc    ] GC(372) Large Pages: 0 / 0M, Empty: 0M, Relocated: 0M, In-Place: 0
[626.867s][info][gc,reloc    ] GC(372) Forwarding Usage: 0M
[626.867s][info][gc,heap     ] GC(372) Min Capacity: 8192M(100%)
[626.867s][info][gc,heap     ] GC(372) Max Capacity: 8192M(100%)
[626.867s][info][gc,heap     ] GC(372) Soft Max Capacity: 8192M(100%)
[626.867s][info][gc,heap     ] GC(372)                Mark Start          Mark End        Relocate Start      Relocate End           High               Low         
[626.867s][info][gc,heap     ] GC(372)  Capacity:     8192M (100%)       8192M (100%)       8192M (100%)       8192M (100%)       8192M (100%)       8192M (100%)   
[626.867s][info][gc,heap     ] GC(372)      Free:     2156M (26%)        1672M (20%)        7462M (91%)        7494M (91%)        7496M (92%)        1628M (20%)    
[626.867s][info][gc,heap     ] GC(372)      Used:     6036M (74%)        6520M (80%)         730M (9%)          698M (9%)         6564M (80%)         696M (8%)     
[626.867s][info][gc,heap     ] GC(372)      Live:         -               123M (2%)          123M (2%)          123M (2%)             -                  -          
[626.867s][info][gc,heap     ] GC(372) Allocated:         -               484M (6%)          548M (7%)          551M (7%)             -                  -          
[626.867s][info][gc,heap     ] GC(372)   Garbage:         -              5912M (72%)          58M (1%)           22M (0%)             -                  -          
[626.867s][info][gc,heap     ] GC(372) Reclaimed:         -                  -              5854M (71%)        5889M (72%)            -                  -          
[626.867s][info][gc          ] GC(372) Garbage Collection (Allocation Rate) 6036M(74%)->698M(9%)
[630.321s][info][gc,stats    ] === Garbage Collection Statistics =======================================================================================================================
[630.321s][info][gc,stats    ]                                                              Last 10s              Last 10m              Last 10h                Total
[630.321s][info][gc,stats    ]                                                              Avg / Max             Avg / Max             Avg / Max             Avg / Max
[630.321s][info][gc,stats    ]   Collector: Garbage Collection Cycle                    105.197 / 144.997     124.472 / 283.003     124.307 / 379.439     124.307 / 379.439     ms
[630.321s][info][gc,stats    ]  Contention: Mark Segment Reset Contention                     0 / 3                 0 / 115               0 / 115               0 / 115         ops/s
[630.321s][info][gc,stats    ]  Contention: Mark SeqNum Reset Contention                      0 / 0                 0 / 2                 0 / 2                 0 / 2           ops/s
[630.321s][info][gc,stats    ]    Critical: Allocation Stall                                  0 / 0                 0 / 0                 0 / 0                 0 / 0           ops/s
[630.321s][info][gc,stats    ]    Critical: Allocation Stall                              0.000 / 0.000         0.000 / 0.000         0.000 / 0.000         0.000 / 0.000       ms
[630.321s][info][gc,stats    ]    Critical: GC Locker Stall                                   0 / 0                 0 / 0                 0 / 0                 0 / 0           ops/s
[630.321s][info][gc,stats    ]    Critical: GC Locker Stall                               0.000 / 0.000         0.000 / 0.000         0.000 / 0.000         0.000 / 0.000       ms
[630.321s][info][gc,stats    ]    Critical: Relocation Stall                                  0 / 0                 0 / 0                 0 / 0                 0 / 0           ops/s
[630.321s][info][gc,stats    ]    Critical: Relocation Stall                              0.000 / 0.000         0.000 / 0.000         0.000 / 0.000         0.000 / 0.000       ms
[630.321s][info][gc,stats    ]      Memory: Allocation Rate                                2541 / 5908           2873 / 6616           2840 / 6636           2840 / 6636        MB/s
[630.321s][info][gc,stats    ]      Memory: Out Of Memory                                     0 / 0                 0 / 0                 0 / 0                 0 / 0           ops/s
[630.321s][info][gc,stats    ]      Memory: Page Cache Flush                                124 / 552              95 / 672              91 / 672              91 / 672         MB/s
[630.321s][info][gc,stats    ]      Memory: Page Cache Hit L1                               997 / 2937           1231 / 3310           1215 / 3321           1215 / 3321        ops/s
[630.321s][info][gc,stats    ]      Memory: Page Cache Hit L2                                 0 / 0                 0 / 0                 0 / 0                 0 / 0           ops/s
[630.321s][info][gc,stats    ]      Memory: Page Cache Hit L3                                76 / 376              36 / 590              40 / 635              40 / 635         ops/s
[630.321s][info][gc,stats    ]      Memory: Page Cache Miss                                  13 / 61               10 / 71                9 / 71                9 / 71          ops/s
[630.321s][info][gc,stats    ]      Memory: Uncommit                                          0 / 0                 0 / 0                 0 / 0                 0 / 0           MB/s
[630.321s][info][gc,stats    ]      Memory: Undo Object Allocation Failed                     0 / 0                 0 / 2                 0 / 2                 0 / 2           ops/s
[630.321s][info][gc,stats    ]      Memory: Undo Object Allocation Succeeded                  0 / 0                 0 / 94                0 / 94                0 / 94          ops/s
[630.321s][info][gc,stats    ]      Memory: Undo Page Allocation                              0 / 7                 0 / 8                 0 / 8                 0 / 8           ops/s
[630.321s][info][gc,stats    ]       Phase: Concurrent Mark                              91.534 / 127.376     100.121 / 213.312      99.023 / 213.312      99.023 / 213.312     ms
[630.321s][info][gc,stats    ]       Phase: Concurrent Mark Continue                      0.000 / 0.000        14.265 / 35.578       14.776 / 35.578       14.776 / 35.578      ms
[630.321s][info][gc,stats    ]       Phase: Concurrent Mark Free                          0.001 / 0.002         0.001 / 0.004         0.001 / 0.004         0.001 / 0.004       ms
[630.321s][info][gc,stats    ]       Phase: Concurrent Process Non-Strong References      7.499 / 10.911        8.483 / 31.706        8.409 / 31.706        8.409 / 31.706      ms
[630.321s][info][gc,stats    ]       Phase: Concurrent Relocate                           2.030 / 5.308         9.328 / 50.020        9.454 / 76.380        9.454 / 76.380      ms
[630.321s][info][gc,stats    ]       Phase: Concurrent Reset Relocation Set               0.011 / 0.036         0.011 / 0.049         0.010 / 0.049         0.010 / 0.049       ms
[630.321s][info][gc,stats    ]       Phase: Concurrent Select Relocation Set              2.947 / 3.775         3.565 / 13.402        3.580 / 13.402        3.580 / 13.402      ms
[630.321s][info][gc,stats    ]       Phase: Pause Mark End                                0.014 / 0.022         0.032 / 0.344         0.044 / 0.390         0.044 / 0.390       ms
[630.321s][info][gc,stats    ]       Phase: Pause Mark Start                              0.008 / 0.012         0.008 / 0.022         0.008 / 0.022         0.008 / 0.022       ms
[630.321s][info][gc,stats    ]       Phase: Pause Relocate Start                          0.010 / 0.012         0.010 / 0.046         0.010 / 0.046         0.010 / 0.046       ms
[630.321s][info][gc,stats    ]    Subphase: Concurrent Classes Purge                      0.259 / 0.378         0.257 / 0.574         0.254 / 0.574         0.254 / 0.574       ms
[630.321s][info][gc,stats    ]    Subphase: Concurrent Classes Unlink                     6.210 / 9.709         6.012 / 11.374        5.960 / 23.760        5.960 / 23.760      ms
[630.321s][info][gc,stats    ]    Subphase: Concurrent Mark                              81.025 / 126.675      84.367 / 212.374      79.798 / 212.374      79.798 / 212.374     ms
[630.321s][info][gc,stats    ]    Subphase: Concurrent Mark Try Flush                     0.076 / 0.194         0.407 / 30.486        0.417 / 30.486        0.417 / 30.486      ms
[630.321s][info][gc,stats    ]    Subphase: Concurrent Mark Try Terminate                 1.997 / 10.365        2.648 / 24.568        2.771 / 24.568        2.771 / 24.568      ms
[630.322s][info][gc,stats    ]    Subphase: Concurrent References Enqueue                 0.003 / 0.007         0.003 / 0.009         0.003 / 0.009         0.003 / 0.009       ms
[630.322s][info][gc,stats    ]    Subphase: Concurrent References Process                 0.592 / 1.787         1.044 / 3.217         1.022 / 3.217         1.022 / 3.217       ms
[630.322s][info][gc,stats    ]    Subphase: Concurrent Roots ClassLoaderDataGraph         0.093 / 0.160         0.103 / 0.395         0.106 / 0.537         0.106 / 0.537       ms
[630.322s][info][gc,stats    ]    Subphase: Concurrent Roots CodeCache                    0.000 / 0.000         0.000 / 0.000         0.000 / 0.000         0.000 / 0.000       ms
[630.322s][info][gc,stats    ]    Subphase: Concurrent Roots JavaThreads                  0.335 / 0.450         0.353 / 1.117         0.356 / 1.258         0.356 / 1.258       ms
[630.322s][info][gc,stats    ]    Subphase: Concurrent Roots OopStorageSet                0.029 / 0.041         0.031 / 0.614         0.031 / 0.614         0.031 / 0.614       ms
[630.322s][info][gc,stats    ]    Subphase: Concurrent Weak Roots OopStorageSet           0.260 / 0.434         0.293 / 0.756         0.298 / 1.123         0.298 / 1.123       ms
[630.322s][info][gc,stats    ]    Subphase: Pause Mark Try Complete                       0.000 / 0.000         0.088 / 0.275         0.131 / 0.301         0.131 / 0.301       ms
[630.322s][info][gc,stats    ]      System: Java Threads                                     19 / 21               19 / 21               19 / 22               19 / 22          threads
[630.322s][info][gc,stats    ] =========================================================================================================================================================
[630.821s][info][gc,start    ] GC(373) Garbage Collection (Allocation Rate)
[630.821s][info][gc,task     ] GC(373) Using 1 workers
[630.822s][info][gc,phases   ] GC(373) Pause Mark Start 0.014ms
[630.972s][info][gc,phases   ] GC(373) Concurrent Mark 150.505ms
[630.972s][info][gc,phases   ] GC(373) Pause Mark End 0.009ms
[630.972s][info][gc,phases   ] GC(373) Concurrent Mark Free 0.001ms
[630.983s][info][gc,phases   ] GC(373) Concurrent Process Non-Strong References 10.977ms
[630.984s][info][gc,phases   ] GC(373) Concurrent Reset Relocation Set 0.002ms
[630.990s][info][gc,phases   ] GC(373) Concurrent Select Relocation Set 6.805ms
[630.991s][info][gc,phases   ] GC(373) Pause Relocate Start 0.011ms
[631.037s][info][gc,phases   ] GC(373) Concurrent Relocate 46.460ms
[631.037s][info][gc,load     ] GC(373) Load: 0.00/0.00/0.00
[631.037s][info][gc,mmu      ] GC(373) MMU: 2ms/80.5%, 5ms/90.4%, 10ms/95.2%, 20ms/96.3%, 50ms/97.1%, 100ms/97.5%
[631.037s][info][gc,marking  ] GC(373) Mark: 1 stripe(s), 2 proactive flush(es), 3 terminate flush(es), 0 completion(s), 0 continuation(s) 
[631.037s][info][gc,marking  ] GC(373) Mark Stack Usage: 32M
[631.037s][info][gc,nmethod  ] GC(373) NMethods: 4872 registered, 3 unregistered
[631.037s][info][gc,metaspace] GC(373) Metaspace: 33M used, 33M committed, 1088M reserved
[631.037s][info][gc,ref      ] GC(373) Soft: 4016 encountered, 0 discovered, 0 enqueued
[631.037s][info][gc,ref      ] GC(373) Weak: 22556 encountered, 17620 discovered, 4370 enqueued
[631.037s][info][gc,ref      ] GC(373) Final: 7 encountered, 7 discovered, 0 enqueued
[631.037s][info][gc,ref      ] GC(373) Phantom: 720 encountered, 671 discovered, 0 enqueued
[631.037s][info][gc,reloc    ] GC(373) Small Pages: 2745 / 5490M, Empty: 4720M, Relocated: 41M, In-Place: 0
[631.037s][info][gc,reloc    ] GC(373) Medium Pages: 24 / 768M, Empty: 704M, Relocated: 16M, In-Place: 0
[631.037s][info][gc,reloc    ] GC(373) Large Pages: 221 / 1542M, Empty: 1530M, Relocated: 0M, In-Place: 0
[631.037s][info][gc,reloc    ] GC(373) Forwarding Usage: 13M
[631.037s][info][gc,heap     ] GC(373) Min Capacity: 8192M(100%)
[631.037s][info][gc,heap     ] GC(373) Max Capacity: 8192M(100%)
[631.037s][info][gc,heap     ] GC(373) Soft Max Capacity: 8192M(100%)
[631.037s][info][gc,heap     ] GC(373)                Mark Start          Mark End        Relocate Start      Relocate End           High               Low         
[631.037s][info][gc,heap     ] GC(373)  Capacity:     8192M (100%)       8192M (100%)       8192M (100%)       8192M (100%)       8192M (100%)       8192M (100%)   
[631.037s][info][gc,heap     ] GC(373)      Free:      392M (5%)          244M (3%)         7182M (88%)        7766M (95%)        7796M (95%)         236M (3%)     
[631.038s][info][gc,heap     ] GC(373)      Used:     7800M (95%)        7948M (97%)        1010M (12%)         426M (5%)         7956M (97%)         396M (5%)     
[631.038s][info][gc,heap     ] GC(373)      Live:         -               170M (2%)          170M (2%)          170M (2%)             -                  -          
[631.038s][info][gc,heap     ] GC(373) Allocated:         -               148M (2%)          164M (2%)          236M (3%)             -                  -          
[631.038s][info][gc,heap     ] GC(373)   Garbage:         -              7629M (93%)         675M (8%)           19M (0%)             -                  -          
[631.038s][info][gc,heap     ] GC(373) Reclaimed:         -                  -              6954M (85%)        7610M (93%)            -                  -          
[631.038s][info][gc          ] GC(373) Garbage Collection (Allocation Rate) 7800M(95%)->426M(5%)
[632.222s][info][gc,start    ] GC(374) Garbage Collection (System.gc())
[632.222s][info][gc,task     ] GC(374) Using 2 workers
[632.222s][info][gc,phases   ] GC(374) Pause Mark Start 0.005ms
[632.274s][info][gc,phases   ] GC(374) Concurrent Mark 51.423ms
[632.274s][info][gc,phases   ] GC(374) Pause Mark End 0.010ms
[632.274s][info][gc,phases   ] GC(374) Concurrent Mark Free 0.001ms
[632.279s][info][gc,phases   ] GC(374) Concurrent Process Non-Strong References 5.419ms
[632.279s][info][gc,phases   ] GC(374) Concurrent Reset Relocation Set 0.023ms
[632.282s][info][gc,phases   ] GC(374) Concurrent Select Relocation Set 2.253ms
[632.282s][info][gc,phases   ] GC(374) Pause Relocate Start 0.010ms
[632.289s][info][gc,phases   ] GC(374) Concurrent Relocate 6.778ms
[632.289s][info][gc,load     ] GC(374) Load: 0.00/0.00/0.00
[632.289s][info][gc,mmu      ] GC(374) MMU: 2ms/80.5%, 5ms/90.4%, 10ms/95.2%, 20ms/96.3%, 50ms/97.1%, 100ms/97.5%
[632.289s][info][gc,marking  ] GC(374) Mark: 2 stripe(s), 1 proactive flush(es), 1 terminate flush(es), 0 completion(s), 0 continuation(s) 
[632.289s][info][gc,marking  ] GC(374) Mark Stack Usage: 32M
[632.289s][info][gc,nmethod  ] GC(374) NMethods: 4872 registered, 3 unregistered
[632.289s][info][gc,metaspace] GC(374) Metaspace: 33M used, 33M committed, 1088M reserved
[632.289s][info][gc,ref      ] GC(374) Soft: 4016 encountered, 0 discovered, 0 enqueued
[632.289s][info][gc,ref      ] GC(374) Weak: 24637 encountered, 22975 discovered, 22923 enqueued
[632.289s][info][gc,ref      ] GC(374) Final: 7 encountered, 7 discovered, 0 enqueued
[632.289s][info][gc,ref      ] GC(374) Phantom: 714 encountered, 646 discovered, 0 enqueued
[632.289s][info][gc,reloc    ] GC(374) Small Pages: 415 / 830M, Empty: 316M, Relocated: 9M, In-Place: 0
[632.289s][info][gc,reloc    ] GC(374) Medium Pages: 12 / 384M, Empty: 320M, Relocated: 16M, In-Place: 0
[632.289s][info][gc,reloc    ] GC(374) Large Pages: 101 / 708M, Empty: 708M, Relocated: 0M, In-Place: 0
[632.289s][info][gc,reloc    ] GC(374) Forwarding Usage: 2M
[632.289s][info][gc,heap     ] GC(374) Min Capacity: 8192M(100%)
[632.289s][info][gc,heap     ] GC(374) Max Capacity: 8192M(100%)
[632.289s][info][gc,heap     ] GC(374) Soft Max Capacity: 8192M(100%)
[632.289s][info][gc,heap     ] GC(374)                Mark Start          Mark End        Relocate Start      Relocate End           High               Low         
[632.289s][info][gc,heap     ] GC(374)  Capacity:     8192M (100%)       8192M (100%)       8192M (100%)       8192M (100%)       8192M (100%)       8192M (100%)   
[632.289s][info][gc,heap     ] GC(374)      Free:     6270M (77%)        6270M (77%)        7614M (93%)        8044M (98%)        8044M (98%)        6270M (77%)    
[632.289s][info][gc,heap     ] GC(374)      Used:     1922M (23%)        1922M (23%)         578M (7%)          148M (2%)         1922M (23%)         148M (2%)     
[632.289s][info][gc,heap     ] GC(374)      Live:         -               126M (2%)          126M (2%)          126M (2%)             -                  -          
[632.289s][info][gc,heap     ] GC(374) Allocated:         -                 0M (0%)            0M (0%)            0M (0%)             -                  -          
[632.289s][info][gc,heap     ] GC(374)   Garbage:         -              1795M (22%)         451M (6%)           21M (0%)             -                  -          
[632.289s][info][gc,heap     ] GC(374) Reclaimed:         -                  -              1344M (16%)        1774M (22%)            -                  -          
[632.289s][info][gc          ] GC(374) Garbage Collection (System.gc()) 1922M(23%)->148M(2%)
[632.934s][info][gc,start    ] GC(375) Garbage Collection (Allocation Rate)
[632.934s][info][gc,task     ] GC(375) Using 2 workers
[632.934s][info][gc,phases   ] GC(375) Pause Mark Start 0.011ms
[633.012s][info][gc,phases   ] GC(375) Concurrent Mark 62.561ms
[633.012s][info][gc,phases   ] GC(375) Pause Mark End 0.013ms
[633.012s][info][gc,phases   ] GC(375) Concurrent Mark Free 0.001ms
[633.017s][info][gc,phases   ] GC(375) Concurrent Process Non-Strong References 4.457ms
[633.017s][info][gc,phases   ] GC(375) Concurrent Reset Relocation Set 0.016ms
[633.019s][info][gc,phases   ] GC(375) Concurrent Select Relocation Set 2.128ms
[633.019s][info][gc,phases   ] GC(375) Pause Relocate Start 0.010ms
[633.020s][info][gc,phases   ] GC(375) Concurrent Relocate 0.566ms
[633.020s][info][gc,load     ] GC(375) Load: 0.00/0.00/0.00
[633.020s][info][gc,mmu      ] GC(375) MMU: 2ms/80.5%, 5ms/90.4%, 10ms/95.2%, 20ms/96.3%, 50ms/97.1%, 100ms/97.5%
[633.020s][info][gc,marking  ] GC(375) Mark: 2 stripe(s), 2 proactive flush(es), 1 terminate flush(es), 0 completion(s), 0 continuation(s) 
[633.020s][info][gc,marking  ] GC(375) Mark Stack Usage: 32M
[633.020s][info][gc,nmethod  ] GC(375) NMethods: 4872 registered, 3 unregistered
[633.020s][info][gc,metaspace] GC(375) Metaspace: 33M used, 33M committed, 1088M reserved
[633.020s][info][gc,ref      ] GC(375) Soft: 4016 encountered, 0 discovered, 0 enqueued
[633.020s][info][gc,ref      ] GC(375) Weak: 1732 encountered, 63 discovered, 0 enqueued
[633.020s][info][gc,ref      ] GC(375) Final: 7 encountered, 7 discovered, 0 enqueued
[633.020s][info][gc,ref      ] GC(375) Phantom: 714 encountered, 645 discovered, 0 enqueued
[633.020s][info][gc,reloc    ] GC(375) Small Pages: 2434 / 4868M, Empty: 4728M, Relocated: 1M, In-Place: 0
[633.020s][info][gc,reloc    ] GC(375) Medium Pages: 1 / 32M, Empty: 0M, Relocated: 0M, In-Place: 0
[633.020s][info][gc,reloc    ] GC(375) Large Pages: 0 / 0M, Empty: 0M, Relocated: 0M, In-Place: 0
[633.020s][info][gc,reloc    ] GC(375) Forwarding Usage: 0M
[633.020s][info][gc,heap     ] GC(375) Min Capacity: 8192M(100%)
[633.020s][info][gc,heap     ] GC(375) Max Capacity: 8192M(100%)
[633.020s][info][gc,heap     ] GC(375) Soft Max Capacity: 8192M(100%)
[633.020s][info][gc,heap     ] GC(375)                Mark Start          Mark End        Relocate Start      Relocate End           High               Low         
[633.020s][info][gc,heap     ] GC(375)  Capacity:     8192M (100%)       8192M (100%)       8192M (100%)       8192M (100%)       8192M (100%)       8192M (100%)   
[633.020s][info][gc,heap     ] GC(375)      Free:     3292M (40%)        2964M (36%)        7684M (94%)        7708M (94%)        7708M (94%)        2958M (36%)    
[633.020s][info][gc,heap     ] GC(375)      Used:     4900M (60%)        5228M (64%)         508M (6%)          484M (6%)         5234M (64%)         484M (6%)     
[633.020s][info][gc,heap     ] GC(375)      Live:         -               126M (2%)          126M (2%)          126M (2%)             -                  -          
[633.020s][info][gc,heap     ] GC(375) Allocated:         -               328M (4%)          336M (4%)          335M (4%)             -                  -          
[633.020s][info][gc,heap     ] GC(375)   Garbage:         -              4773M (58%)          45M (1%)           21M (0%)             -                  -          
[633.020s][info][gc,heap     ] GC(375) Reclaimed:         -                  -              4728M (58%)        4751M (58%)            -                  -          
[633.020s][info][gc          ] GC(375) Garbage Collection (Allocation Rate) 4900M(60%)->484M(6%)
[633.923s][info][gc,start    ] GC(376) Garbage Collection (Allocation Rate)
[633.923s][info][gc,task     ] GC(376) Using 1 workers
[633.923s][info][gc,phases   ] GC(376) Pause Mark Start 0.008ms
[634.050s][info][gc,phases   ] GC(376) Concurrent Mark 127.298ms
[634.050s][info][gc,phases   ] GC(376) Pause Mark End 0.015ms
[634.050s][info][gc,phases   ] GC(376) Concurrent Mark Free 0.001ms
[634.061s][info][gc,phases   ] GC(376) Concurrent Process Non-Strong References 10.258ms
[634.061s][info][gc,phases   ] GC(376) Concurrent Reset Relocation Set 0.002ms
[634.064s][info][gc,phases   ] GC(376) Concurrent Select Relocation Set 2.840ms
[634.064s][info][gc,phases   ] GC(376) Pause Relocate Start 0.010ms
[634.065s][info][gc,phases   ] GC(376) Concurrent Relocate 1.325ms
[634.065s][info][gc,load     ] GC(376) Load: 0.00/0.00/0.00
[634.065s][info][gc,mmu      ] GC(376) MMU: 2ms/80.5%, 5ms/90.4%, 10ms/95.2%, 20ms/96.3%, 50ms/97.1%, 100ms/97.5%
[634.065s][info][gc,marking  ] GC(376) Mark: 1 stripe(s), 2 proactive flush(es), 1 terminate flush(es), 0 completion(s), 0 continuation(s) 
[634.065s][info][gc,marking  ] GC(376) Mark Stack Usage: 32M
[634.065s][info][gc,nmethod  ] GC(376) NMethods: 4872 registered, 3 unregistered
[634.065s][info][gc,metaspace] GC(376) Metaspace: 33M used, 33M committed, 1088M reserved
[634.065s][info][gc,ref      ] GC(376) Soft: 4016 encountered, 0 discovered, 0 enqueued
[634.065s][info][gc,ref      ] GC(376) Weak: 1732 encountered, 1284 discovered, 0 enqueued
[634.065s][info][gc,ref      ] GC(376) Final: 7 encountered, 7 discovered, 0 enqueued
[634.065s][info][gc,ref      ] GC(376) Phantom: 714 encountered, 665 discovered, 0 enqueued
[634.065s][info][gc,reloc    ] GC(376) Small Pages: 2774 / 5548M, Empty: 5408M, Relocated: 1M, In-Place: 0
[634.065s][info][gc,reloc    ] GC(376) Medium Pages: 1 / 32M, Empty: 0M, Relocated: 0M, In-Place: 0
[634.065s][info][gc,reloc    ] GC(376) Large Pages: 0 / 0M, Empty: 0M, Relocated: 0M, In-Place: 0
[634.065s][info][gc,reloc    ] GC(376) Forwarding Usage: 0M
[634.065s][info][gc,heap     ] GC(376) Min Capacity: 8192M(100%)
[634.065s][info][gc,heap     ] GC(376) Max Capacity: 8192M(100%)
[634.065s][info][gc,heap     ] GC(376) Soft Max Capacity: 8192M(100%)
[634.065s][info][gc,heap     ] GC(376)                Mark Start          Mark End        Relocate Start      Relocate End           High               Low         
[634.065s][info][gc,heap     ] GC(376)  Capacity:     8192M (100%)       8192M (100%)       8192M (100%)       8192M (100%)       8192M (100%)       8192M (100%)   
[634.065s][info][gc,heap     ] GC(376)      Free:     2612M (32%)        2104M (26%)        7462M (91%)        7480M (91%)        7482M (91%)        2068M (25%)    
[634.065s][info][gc,heap     ] GC(376)      Used:     5580M (68%)        6088M (74%)         730M (9%)          712M (9%)         6124M (75%)         710M (9%)     
[634.065s][info][gc,heap     ] GC(376)      Live:         -               126M (2%)          126M (2%)          126M (2%)             -                  -          
[634.065s][info][gc,heap     ] GC(376) Allocated:         -               508M (6%)          558M (7%)          565M (7%)             -                  -          
[634.065s][info][gc,heap     ] GC(376)   Garbage:         -              5453M (67%)          45M (1%)           19M (0%)             -                  -          
[634.065s][info][gc,heap     ] GC(376) Reclaimed:         -                  -              5408M (66%)        5433M (66%)            -                  -          
[634.065s][info][gc          ] GC(376) Garbage Collection (Allocation Rate) 5580M(68%)->712M(9%)
[635.421s][info][gc,start    ] GC(377) Garbage Collection (Allocation Rate)
[635.422s][info][gc,task     ] GC(377) Using 1 workers
[635.422s][info][gc,phases   ] GC(377) Pause Mark Start 0.008ms
[635.563s][info][gc,phases   ] GC(377) Concurrent Mark 141.316ms
[635.563s][info][gc,phases   ] GC(377) Pause Mark End 0.010ms
[635.563s][info][gc,phases   ] GC(377) Concurrent Mark Free 0.001ms
[635.574s][info][gc,phases   ] GC(377) Concurrent Process Non-Strong References 10.571ms
[635.574s][info][gc,phases   ] GC(377) Concurrent Reset Relocation Set 0.001ms
[635.580s][info][gc,phases   ] GC(377) Concurrent Select Relocation Set 5.687ms
[635.580s][info][gc,phases   ] GC(377) Pause Relocate Start 0.016ms
[635.618s][info][gc,phases   ] GC(377) Concurrent Relocate 38.450ms
[635.618s][info][gc,load     ] GC(377) Load: 0.00/0.00/0.00
[635.618s][info][gc,mmu      ] GC(377) MMU: 2ms/80.5%, 5ms/90.4%, 10ms/95.2%, 20ms/96.3%, 50ms/97.1%, 100ms/97.5%
[635.618s][info][gc,marking  ] GC(377) Mark: 1 stripe(s), 2 proactive flush(es), 1 terminate flush(es), 0 completion(s), 0 continuation(s) 
[635.618s][info][gc,marking  ] GC(377) Mark Stack Usage: 32M
[635.618s][info][gc,nmethod  ] GC(377) NMethods: 4872 registered, 3 unregistered
[635.618s][info][gc,metaspace] GC(377) Metaspace: 33M used, 33M committed, 1088M reserved
[635.618s][info][gc,ref      ] GC(377) Soft: 4016 encountered, 0 discovered, 0 enqueued
[635.618s][info][gc,ref      ] GC(377) Weak: 21772 encountered, 18334 discovered, 341 enqueued
[635.618s][info][gc,ref      ] GC(377) Final: 7 encountered, 7 discovered, 0 enqueued
[635.618s][info][gc,ref      ] GC(377) Phantom: 720 encountered, 671 discovered, 0 enqueued
[635.618s][info][gc,reloc    ] GC(377) Small Pages: 2518 / 5036M, Empty: 4626M, Relocated: 41M, In-Place: 0
[635.618s][info][gc,reloc    ] GC(377) Medium Pages: 5 / 160M, Empty: 128M, Relocated: 0M, In-Place: 0
[635.618s][info][gc,reloc    ] GC(377) Large Pages: 34 / 234M, Empty: 234M, Relocated: 0M, In-Place: 0
[635.619s][info][gc,reloc    ] GC(377) Forwarding Usage: 12M
[635.619s][info][gc,heap     ] GC(377) Min Capacity: 8192M(100%)
[635.619s][info][gc,heap     ] GC(377) Max Capacity: 8192M(100%)
[635.619s][info][gc,heap     ] GC(377) Soft Max Capacity: 8192M(100%)
[635.619s][info][gc,heap     ] GC(377)                Mark Start          Mark End        Relocate Start      Relocate End           High               Low         
[635.619s][info][gc,heap     ] GC(377)  Capacity:     8192M (100%)       8192M (100%)       8192M (100%)       8192M (100%)       8192M (100%)       8192M (100%)   
[635.619s][info][gc,heap     ] GC(377)      Free:     2762M (34%)        2590M (32%)        7568M (92%)        7756M (95%)        7766M (95%)        2584M (32%)    
[635.619s][info][gc,heap     ] GC(377)      Used:     5430M (66%)        5602M (68%)         624M (8%)          436M (5%)         5608M (68%)         426M (5%)     
[635.619s][info][gc,heap     ] GC(377)      Live:         -               155M (2%)          155M (2%)          155M (2%)             -                  -          
[635.619s][info][gc,heap     ] GC(377) Allocated:         -               172M (2%)          182M (2%)          257M (3%)             -                  -          
[635.619s][info][gc,heap     ] GC(377)   Garbage:         -              5274M (64%)         286M (3%)           23M (0%)             -                  -          
[635.619s][info][gc,heap     ] GC(377) Reclaimed:         -                  -              4988M (61%)        5251M (64%)            -                  -          
[635.619s][info][gc          ] GC(377) Garbage Collection (Allocation Rate) 5430M(66%)->436M(5%)
[638.742s][info][gc,start    ] GC(378) Garbage Collection (System.gc())
[638.742s][info][gc,task     ] GC(378) Using 2 workers
[638.742s][info][gc,phases   ] GC(378) Pause Mark Start 0.005ms
[638.814s][info][gc,phases   ] GC(378) Concurrent Mark 71.532ms
[638.814s][info][gc,phases   ] GC(378) Pause Mark End 0.023ms
[638.814s][info][gc,phases   ] GC(378) Concurrent Mark Free 0.003ms
[638.821s][info][gc,phases   ] GC(378) Concurrent Process Non-Strong References 7.126ms
[638.821s][info][gc,phases   ] GC(378) Concurrent Reset Relocation Set 0.014ms
[638.824s][info][gc,phases   ] GC(378) Concurrent Select Relocation Set 2.673ms
[638.824s][info][gc,phases   ] GC(378) Pause Relocate Start 0.011ms
[638.830s][info][gc,phases   ] GC(378) Concurrent Relocate 5.882ms
[638.830s][info][gc,load     ] GC(378) Load: 0.00/0.00/0.00
[638.830s][info][gc,mmu      ] GC(378) MMU: 2ms/80.5%, 5ms/90.4%, 10ms/95.2%, 20ms/96.3%, 50ms/97.1%, 100ms/97.5%
[638.830s][info][gc,marking  ] GC(378) Mark: 2 stripe(s), 2 proactive flush(es), 1 terminate flush(es), 0 completion(s), 0 continuation(s) 
[638.830s][info][gc,marking  ] GC(378) Mark Stack Usage: 32M
[638.830s][info][gc,nmethod  ] GC(378) NMethods: 4872 registered, 3 unregistered
[638.830s][info][gc,metaspace] GC(378) Metaspace: 33M used, 33M committed, 1088M reserved
[638.830s][info][gc,ref      ] GC(378) Soft: 4016 encountered, 0 discovered, 0 enqueued
[638.830s][info][gc,ref      ] GC(378) Weak: 24264 encountered, 22594 discovered, 22550 enqueued
[638.830s][info][gc,ref      ] GC(378) Final: 7 encountered, 7 discovered, 0 enqueued
[638.830s][info][gc,ref      ] GC(378) Phantom: 714 encountered, 647 discovered, 0 enqueued
[638.830s][info][gc,reloc    ] GC(378) Small Pages: 901 / 1802M, Empty: 1112M, Relocated: 10M, In-Place: 0
[638.830s][info][gc,reloc    ] GC(378) Medium Pages: 26 / 832M, Empty: 800M, Relocated: 0M, In-Place: 0
[638.830s][info][gc,reloc    ] GC(378) Large Pages: 236 / 1640M, Empty: 1640M, Relocated: 0M, In-Place: 0
[638.830s][info][gc,reloc    ] GC(378) Forwarding Usage: 2M
[638.830s][info][gc,heap     ] GC(378) Min Capacity: 8192M(100%)
[638.831s][info][gc,heap     ] GC(378) Max Capacity: 8192M(100%)
[638.831s][info][gc,heap     ] GC(378) Soft Max Capacity: 8192M(100%)
[638.831s][info][gc,heap     ] GC(378)                Mark Start          Mark End        Relocate Start      Relocate End           High               Low         
[638.831s][info][gc,heap     ] GC(378)  Capacity:     8192M (100%)       8192M (100%)       8192M (100%)       8192M (100%)       8192M (100%)       8192M (100%)   
[638.831s][info][gc,heap     ] GC(378)      Free:     3918M (48%)        3918M (48%)        7470M (91%)        8046M (98%)        8046M (98%)        3918M (48%)    
[638.831s][info][gc,heap     ] GC(378)      Used:     4274M (52%)        4274M (52%)         722M (9%)          146M (2%)         4274M (52%)         146M (2%)     
[638.831s][info][gc,heap     ] GC(378)      Live:         -               123M (2%)          123M (2%)          123M (2%)             -                  -          
[638.831s][info][gc,heap     ] GC(378) Allocated:         -                 0M (0%)            0M (0%)            0M (0%)             -                  -          
[638.831s][info][gc,heap     ] GC(378)   Garbage:         -              4150M (51%)         598M (7%)           22M (0%)             -                  -          
[638.831s][info][gc,heap     ] GC(378) Reclaimed:         -                  -              3552M (43%)        4128M (50%)            -                  -          
[638.831s][info][gc          ] GC(378) Garbage Collection (System.gc()) 4274M(52%)->146M(2%)
[639.536s][info][gc,start    ] GC(379) Garbage Collection (Allocation Rate)
[639.536s][info][gc,task     ] GC(379) Using 2 workers
[639.536s][info][gc,phases   ] GC(379) Pause Mark Start 0.007ms
[639.630s][info][gc,phases   ] GC(379) Concurrent Mark 93.898ms
[639.630s][info][gc,phases   ] GC(379) Pause Mark End 0.013ms
[639.630s][info][gc,phases   ] GC(379) Concurrent Mark Free 0.001ms
[639.635s][info][gc,phases   ] GC(379) Concurrent Process Non-Strong References 5.298ms
[639.636s][info][gc,phases   ] GC(379) Concurrent Reset Relocation Set 0.033ms
[639.639s][info][gc,phases   ] GC(379) Concurrent Select Relocation Set 3.379ms
[639.639s][info][gc,phases   ] GC(379) Pause Relocate Start 0.007ms
[639.640s][info][gc,phases   ] GC(379) Concurrent Relocate 0.462ms
[639.640s][info][gc,load     ] GC(379) Load: 0.00/0.00/0.00
[639.640s][info][gc,mmu      ] GC(379) MMU: 2ms/80.5%, 5ms/90.4%, 10ms/95.2%, 20ms/96.3%, 50ms/97.1%, 100ms/97.5%
[639.640s][info][gc,marking  ] GC(379) Mark: 2 stripe(s), 2 proactive flush(es), 1 terminate flush(es), 0 completion(s), 0 continuation(s) 
[639.640s][info][gc,marking  ] GC(379) Mark Stack Usage: 32M
[639.640s][info][gc,nmethod  ] GC(379) NMethods: 4872 registered, 3 unregistered
[639.640s][info][gc,metaspace] GC(379) Metaspace: 33M used, 33M committed, 1088M reserved
[639.640s][info][gc,ref      ] GC(379) Soft: 4016 encountered, 0 discovered, 0 enqueued
[639.640s][info][gc,ref      ] GC(379) Weak: 1732 encountered, 46 discovered, 0 enqueued
[639.640s][info][gc,ref      ] GC(379) Final: 7 encountered, 7 discovered, 0 enqueued
[639.640s][info][gc,ref      ] GC(379) Phantom: 714 encountered, 541 discovered, 0 enqueued
[639.640s][info][gc,reloc    ] GC(379) Small Pages: 2607 / 5214M, Empty: 5078M, Relocated: 0M, In-Place: 0
[639.640s][info][gc,reloc    ] GC(379) Medium Pages: 1 / 32M, Empty: 0M, Relocated: 0M, In-Place: 0
[639.640s][info][gc,reloc    ] GC(379) Large Pages: 0 / 0M, Empty: 0M, Relocated: 0M, In-Place: 0
[639.640s][info][gc,reloc    ] GC(379) Forwarding Usage: 0M
[639.640s][info][gc,heap     ] GC(379) Min Capacity: 8192M(100%)
[639.640s][info][gc,heap     ] GC(379) Max Capacity: 8192M(100%)
[639.640s][info][gc,heap     ] GC(379) Soft Max Capacity: 8192M(100%)
[639.640s][info][gc,heap     ] GC(379)                Mark Start          Mark End        Relocate Start      Relocate End           High               Low         
[639.640s][info][gc,heap     ] GC(379)  Capacity:     8192M (100%)       8192M (100%)       8192M (100%)       8192M (100%)       8192M (100%)       8192M (100%)   
[639.640s][info][gc,heap     ] GC(379)      Free:     2946M (36%)        2428M (30%)        7470M (91%)        7486M (91%)        7486M (91%)        2408M (29%)    
[639.640s][info][gc,heap     ] GC(379)      Used:     5246M (64%)        5764M (70%)         722M (9%)          706M (9%)         5784M (71%)         706M (9%)     
[639.640s][info][gc,heap     ] GC(379)      Live:         -               123M (2%)          123M (2%)          123M (2%)             -                  -          
[639.640s][info][gc,heap     ] GC(379) Allocated:         -               518M (6%)          554M (7%)          557M (7%)             -                  -          
[639.640s][info][gc,heap     ] GC(379)   Garbage:         -              5122M (63%)          44M (1%)           24M (0%)             -                  -          
[639.640s][info][gc,heap     ] GC(379) Reclaimed:         -                  -              5078M (62%)        5097M (62%)            -                  -          
[639.640s][info][gc          ] GC(379) Garbage Collection (Allocation Rate) 5246M(64%)->706M(9%)
[640.332s][info][gc,stats    ] === Garbage Collection Statistics =======================================================================================================================
[640.332s][info][gc,stats    ]                                                              Last 10s              Last 10m              Last 10h                Total
[640.332s][info][gc,stats    ]                                                              Avg / Max             Avg / Max             Avg / Max             Avg / Max
[640.332s][info][gc,stats    ]   Collector: Garbage Collection Cycle                    128.594 / 215.906     124.549 / 283.003     124.386 / 379.439     124.386 / 379.439     ms
[640.332s][info][gc,stats    ]  Contention: Mark Segment Reset Contention                     0 / 2                 0 / 115               0 / 115               0 / 115         ops/s
[640.332s][info][gc,stats    ]  Contention: Mark SeqNum Reset Contention                      0 / 1                 0 / 2                 0 / 2                 0 / 2           ops/s
[640.332s][info][gc,stats    ]    Critical: Allocation Stall                                  0 / 0                 0 / 0                 0 / 0                 0 / 0           ops/s
[640.332s][info][gc,stats    ]    Critical: Allocation Stall                              0.000 / 0.000         0.000 / 0.000         0.000 / 0.000         0.000 / 0.000       ms
[640.332s][info][gc,stats    ]    Critical: GC Locker Stall                                   0 / 0                 0 / 0                 0 / 0                 0 / 0           ops/s
[640.332s][info][gc,stats    ]    Critical: GC Locker Stall                               0.000 / 0.000         0.000 / 0.000         0.000 / 0.000         0.000 / 0.000       ms
[640.332s][info][gc,stats    ]    Critical: Relocation Stall                                  0 / 0                 0 / 0                 0 / 0                 0 / 0           ops/s
[640.332s][info][gc,stats    ]    Critical: Relocation Stall                              0.000 / 0.000         0.000 / 0.000         0.000 / 0.000         0.000 / 0.000       ms
[640.332s][info][gc,stats    ]      Memory: Allocation Rate                                3140 / 6584           2886 / 6616           2845 / 6636           2845 / 6636        MB/s
[640.332s][info][gc,stats    ]      Memory: Out Of Memory                                     0 / 0                 0 / 0                 0 / 0                 0 / 0           ops/s
[640.332s][info][gc,stats    ]      Memory: Page Cache Flush                                 78 / 406              94 / 672              91 / 672              91 / 672         MB/s
[640.332s][info][gc,stats    ]      Memory: Page Cache Hit L1                              1391 / 3294           1238 / 3310           1218 / 3321           1218 / 3321        ops/s
[640.332s][info][gc,stats    ]      Memory: Page Cache Hit L2                                 0 / 0                 0 / 0                 0 / 0                 0 / 0           ops/s
[640.332s][info][gc,stats    ]      Memory: Page Cache Hit L3                                13 / 109              36 / 590              40 / 635              40 / 635         ops/s
[640.332s][info][gc,stats    ]      Memory: Page Cache Miss                                   8 / 43                9 / 71                9 / 71                9 / 71          ops/s
[640.332s][info][gc,stats    ]      Memory: Uncommit                                          0 / 0                 0 / 0                 0 / 0                 0 / 0           MB/s
[640.332s][info][gc,stats    ]      Memory: Undo Object Allocation Failed                     0 / 0                 0 / 2                 0 / 2                 0 / 2           ops/s
[640.332s][info][gc,stats    ]      Memory: Undo Object Allocation Succeeded                  0 / 1                 0 / 94                0 / 94                0 / 94          ops/s
[640.332s][info][gc,stats    ]      Memory: Undo Page Allocation                              0 / 1                 0 / 8                 0 / 8                 0 / 8           ops/s
[640.332s][info][gc,stats    ]       Phase: Concurrent Mark                              99.791 / 150.505     100.072 / 213.312      99.037 / 213.312      99.037 / 213.312     ms
[640.332s][info][gc,stats    ]       Phase: Concurrent Mark Continue                      0.000 / 0.000        14.265 / 35.578       14.776 / 35.578       14.776 / 35.578      ms
[640.332s][info][gc,stats    ]       Phase: Concurrent Mark Free                          0.001 / 0.003         0.001 / 0.004         0.001 / 0.004         0.001 / 0.004       ms
[640.332s][info][gc,stats    ]       Phase: Concurrent Process Non-Strong References      7.729 / 10.977        8.490 / 31.706        8.397 / 31.706        8.397 / 31.706      ms
[640.332s][info][gc,stats    ]       Phase: Concurrent Relocate                          14.275 / 46.460        9.411 / 50.020        9.543 / 76.380        9.543 / 76.380      ms
[640.332s][info][gc,stats    ]       Phase: Concurrent Reset Relocation Set               0.013 / 0.033         0.011 / 0.049         0.010 / 0.049         0.010 / 0.049       ms
[640.332s][info][gc,stats    ]       Phase: Concurrent Select Relocation Set              3.681 / 6.805         3.571 / 13.402        3.582 / 13.402        3.582 / 13.402      ms
[640.332s][info][gc,stats    ]       Phase: Pause Mark End                                0.013 / 0.023         0.032 / 0.344         0.043 / 0.390         0.043 / 0.390       ms
[640.332s][info][gc,stats    ]       Phase: Pause Mark Start                              0.008 / 0.014         0.008 / 0.022         0.008 / 0.022         0.008 / 0.022       ms
[640.332s][info][gc,stats    ]       Phase: Pause Relocate Start                          0.011 / 0.016         0.010 / 0.046         0.011 / 0.046         0.011 / 0.046       ms
[640.332s][info][gc,stats    ]    Subphase: Concurrent Classes Purge                      0.237 / 0.347         0.257 / 0.574         0.254 / 0.574         0.254 / 0.574       ms
[640.332s][info][gc,stats    ]    Subphase: Concurrent Classes Unlink                     5.861 / 9.139         6.022 / 11.374        5.958 / 23.760        5.958 / 23.760      ms
[640.332s][info][gc,stats    ]    Subphase: Concurrent Mark                              85.028 / 149.241      84.317 / 212.374      79.889 / 212.374      79.889 / 212.374     ms
[640.332s][info][gc,stats    ]    Subphase: Concurrent Mark Try Flush                     0.425 / 6.509         0.411 / 30.486        0.417 / 30.486        0.417 / 30.486      ms
[640.332s][info][gc,stats    ]    Subphase: Concurrent Mark Try Terminate                 2.550 / 16.161        2.644 / 24.568        2.768 / 24.568        2.768 / 24.568      ms
[640.332s][info][gc,stats    ]    Subphase: Concurrent References Enqueue                 0.004 / 0.008         0.003 / 0.009         0.003 / 0.009         0.003 / 0.009       ms
[640.332s][info][gc,stats    ]    Subphase: Concurrent References Process                 1.133 / 2.333         1.044 / 3.217         1.024 / 3.217         1.024 / 3.217       ms
[640.332s][info][gc,stats    ]    Subphase: Concurrent Roots ClassLoaderDataGraph         0.108 / 0.208         0.103 / 0.395         0.106 / 0.537         0.106 / 0.537       ms
[640.332s][info][gc,stats    ]    Subphase: Concurrent Roots CodeCache                    0.000 / 0.000         0.000 / 0.000         0.000 / 0.000         0.000 / 0.000       ms
[640.332s][info][gc,stats    ]    Subphase: Concurrent Roots JavaThreads                  0.372 / 0.818         0.353 / 1.117         0.356 / 1.258         0.356 / 1.258       ms
[640.332s][info][gc,stats    ]    Subphase: Concurrent Roots OopStorageSet                0.028 / 0.052         0.031 / 0.614         0.031 / 0.614         0.031 / 0.614       ms
[640.332s][info][gc,stats    ]    Subphase: Concurrent Weak Roots OopStorageSet           0.324 / 0.467         0.293 / 0.756         0.298 / 1.123         0.298 / 1.123       ms
[640.332s][info][gc,stats    ]    Subphase: Pause Mark Try Complete                       0.000 / 0.000         0.089 / 0.275         0.131 / 0.301         0.131 / 0.301       ms
[640.332s][info][gc,stats    ]      System: Java Threads                                     18 / 21               19 / 21               19 / 22               19 / 22          threads
[640.332s][info][gc,stats    ] =========================================================================================================================================================
[640.536s][info][gc,start    ] GC(380) Garbage Collection (Allocation Rate)
[640.536s][info][gc,task     ] GC(380) Using 1 workers
[640.536s][info][gc,phases   ] GC(380) Pause Mark Start 0.008ms
[640.654s][info][gc,phases   ] GC(380) Concurrent Mark 118.017ms
[640.654s][info][gc,phases   ] GC(380) Pause Mark End 0.010ms
[640.654s][info][gc,phases   ] GC(380) Concurrent Mark Free 0.001ms
[640.665s][info][gc,phases   ] GC(380) Concurrent Process Non-Strong References 10.892ms
[640.665s][info][gc,phases   ] GC(380) Concurrent Reset Relocation Set 0.002ms
[640.669s][info][gc,phases   ] GC(380) Concurrent Select Relocation Set 3.119ms
[640.669s][info][gc,phases   ] GC(380) Pause Relocate Start 0.008ms
[640.669s][info][gc,phases   ] GC(380) Concurrent Relocate 0.467ms
[640.669s][info][gc,load     ] GC(380) Load: 0.00/0.00/0.00
[640.669s][info][gc,mmu      ] GC(380) MMU: 2ms/80.5%, 5ms/90.4%, 10ms/95.2%, 20ms/96.3%, 50ms/97.1%, 100ms/97.5%
[640.669s][info][gc,marking  ] GC(380) Mark: 1 stripe(s), 2 proactive flush(es), 1 terminate flush(es), 0 completion(s), 0 continuation(s) 
[640.669s][info][gc,marking  ] GC(380) Mark Stack Usage: 32M
[640.669s][info][gc,nmethod  ] GC(380) NMethods: 4872 registered, 3 unregistered
[640.669s][info][gc,metaspace] GC(380) Metaspace: 33M used, 33M committed, 1088M reserved
[640.669s][info][gc,ref      ] GC(380) Soft: 4016 encountered, 0 discovered, 0 enqueued
[640.669s][info][gc,ref      ] GC(380) Weak: 1732 encountered, 1284 discovered, 0 enqueued
[640.669s][info][gc,ref      ] GC(380) Final: 7 encountered, 7 discovered, 0 enqueued
[640.669s][info][gc,ref      ] GC(380) Phantom: 714 encountered, 665 discovered, 0 enqueued
[640.669s][info][gc,reloc    ] GC(380) Small Pages: 2874 / 5748M, Empty: 5608M, Relocated: 0M, In-Place: 0
[640.669s][info][gc,reloc    ] GC(380) Medium Pages: 1 / 32M, Empty: 0M, Relocated: 0M, In-Place: 0
[640.669s][info][gc,reloc    ] GC(380) Large Pages: 0 / 0M, Empty: 0M, Relocated: 0M, In-Place: 0
[640.669s][info][gc,reloc    ] GC(380) Forwarding Usage: 0M
[640.669s][info][gc,heap     ] GC(380) Min Capacity: 8192M(100%)
[640.669s][info][gc,heap     ] GC(380) Max Capacity: 8192M(100%)
[640.669s][info][gc,heap     ] GC(380) Soft Max Capacity: 8192M(100%)
[640.669s][info][gc,heap     ] GC(380)                Mark Start          Mark End        Relocate Start      Relocate End           High               Low         
[640.669s][info][gc,heap     ] GC(380)  Capacity:     8192M (100%)       8192M (100%)       8192M (100%)       8192M (100%)       8192M (100%)       8192M (100%)   
[640.669s][info][gc,heap     ] GC(380)      Free:     2412M (29%)        1998M (24%)        7546M (92%)        7570M (92%)        7570M (92%)        1950M (24%)    
[640.669s][info][gc,heap     ] GC(380)      Used:     5780M (71%)        6194M (76%)         646M (8%)          622M (8%)         6242M (76%)         622M (8%)     
[640.669s][info][gc,heap     ] GC(380)      Live:         -               123M (2%)          123M (2%)          123M (2%)             -                  -          
[640.669s][info][gc,heap     ] GC(380) Allocated:         -               414M (5%)          474M (6%)          475M (6%)             -                  -          
[640.669s][info][gc,heap     ] GC(380)   Garbage:         -              5656M (69%)          48M (1%)           22M (0%)             -                  -          
[640.669s][info][gc,heap     ] GC(380) Reclaimed:         -                  -              5608M (68%)        5633M (69%)            -                  -          
[640.669s][info][gc          ] GC(380) Garbage Collection (Allocation Rate) 5780M(71%)->622M(8%)
[642.036s][info][gc,start    ] GC(381) Garbage Collection (Allocation Rate)
[642.036s][info][gc,task     ] GC(381) Using 1 workers
[642.036s][info][gc,phases   ] GC(381) Pause Mark Start 0.008ms
[642.122s][info][gc,phases   ] GC(381) Concurrent Mark 85.727ms
[642.122s][info][gc,phases   ] GC(381) Pause Mark End 0.012ms
[642.122s][info][gc,phases   ] GC(381) Concurrent Mark Free 0.002ms
[642.132s][info][gc,phases   ] GC(381) Concurrent Process Non-Strong References 10.087ms
[642.133s][info][gc,phases   ] GC(381) Concurrent Reset Relocation Set 0.002ms
[642.135s][info][gc,phases   ] GC(381) Concurrent Select Relocation Set 2.876ms
[642.136s][info][gc,phases   ] GC(381) Pause Relocate Start 0.010ms
[642.151s][info][gc,phases   ] GC(381) Concurrent Relocate 15.566ms
[642.151s][info][gc,load     ] GC(381) Load: 0.00/0.00/0.00
[642.151s][info][gc,mmu      ] GC(381) MMU: 2ms/80.5%, 5ms/90.4%, 10ms/95.2%, 20ms/96.3%, 50ms/97.1%, 100ms/97.5%
[642.151s][info][gc,marking  ] GC(381) Mark: 1 stripe(s), 1 proactive flush(es), 1 terminate flush(es), 0 completion(s), 0 continuation(s) 
[642.151s][info][gc,marking  ] GC(381) Mark Stack Usage: 32M
[642.151s][info][gc,nmethod  ] GC(381) NMethods: 4872 registered, 3 unregistered
[642.151s][info][gc,metaspace] GC(381) Metaspace: 33M used, 33M committed, 1088M reserved
[642.151s][info][gc,ref      ] GC(381) Soft: 4016 encountered, 0 discovered, 0 enqueued
[642.151s][info][gc,ref      ] GC(381) Weak: 21989 encountered, 19016 discovered, 18668 enqueued
[642.151s][info][gc,ref      ] GC(381) Final: 7 encountered, 0 discovered, 0 enqueued
[642.151s][info][gc,ref      ] GC(381) Phantom: 720 encountered, 700 discovered, 0 enqueued
[642.151s][info][gc,reloc    ] GC(381) Small Pages: 2239 / 4478M, Empty: 4106M, Relocated: 17M, In-Place: 0
[642.151s][info][gc,reloc    ] GC(381) Medium Pages: 5 / 160M, Empty: 96M, Relocated: 16M, In-Place: 0
[642.151s][info][gc,reloc    ] GC(381) Large Pages: 34 / 236M, Empty: 228M, Relocated: 0M, In-Place: 0
[642.152s][info][gc,reloc    ] GC(381) Forwarding Usage: 5M
[642.152s][info][gc,heap     ] GC(381) Min Capacity: 8192M(100%)
[642.152s][info][gc,heap     ] GC(381) Max Capacity: 8192M(100%)
[642.152s][info][gc,heap     ] GC(381) Soft Max Capacity: 8192M(100%)
[642.152s][info][gc,heap     ] GC(381)                Mark Start          Mark End        Relocate Start      Relocate End           High               Low         
[642.152s][info][gc,heap     ] GC(381)  Capacity:     8192M (100%)       8192M (100%)       8192M (100%)       8192M (100%)       8192M (100%)       8192M (100%)   
[642.152s][info][gc,heap     ] GC(381)      Free:     3318M (41%)        3318M (41%)        7748M (95%)        8032M (98%)        8032M (98%)        3318M (41%)    
[642.152s][info][gc,heap     ] GC(381)      Used:     4874M (59%)        4874M (59%)         444M (5%)          160M (2%)         4874M (59%)         160M (2%)     
[642.152s][info][gc,heap     ] GC(381)      Live:         -               141M (2%)          141M (2%)          141M (2%)             -                  -          
[642.152s][info][gc,heap     ] GC(381) Allocated:         -                 0M (0%)            0M (0%)            0M (0%)             -                  -          
[642.152s][info][gc,heap     ] GC(381)   Garbage:         -              4732M (58%)         302M (4%)           18M (0%)             -                  -          
[642.152s][info][gc,heap     ] GC(381) Reclaimed:         -                  -              4430M (54%)        4714M (58%)            -                  -          
[642.152s][info][gc          ] GC(381) Garbage Collection (Allocation Rate) 4874M(59%)->160M(2%)
[645.905s][info][gc,start    ] GC(382) Garbage Collection (System.gc())
[645.905s][info][gc,task     ] GC(382) Using 2 workers
[645.905s][info][gc,phases   ] GC(382) Pause Mark Start 0.005ms
[645.965s][info][gc,phases   ] GC(382) Concurrent Mark 60.073ms
[645.965s][info][gc,phases   ] GC(382) Pause Mark End 0.016ms
[645.965s][info][gc,phases   ] GC(382) Concurrent Mark Free 0.001ms
[645.971s][info][gc,phases   ] GC(382) Concurrent Process Non-Strong References 5.872ms
[645.971s][info][gc,phases   ] GC(382) Concurrent Reset Relocation Set 0.008ms
[645.973s][info][gc,phases   ] GC(382) Concurrent Select Relocation Set 2.065ms
[645.974s][info][gc,phases   ] GC(382) Pause Relocate Start 0.010ms
[645.981s][info][gc,phases   ] GC(382) Concurrent Relocate 7.451ms
[645.981s][info][gc,load     ] GC(382) Load: 0.00/0.00/0.00
[645.981s][info][gc,mmu      ] GC(382) MMU: 2ms/80.5%, 5ms/90.4%, 10ms/95.2%, 20ms/96.3%, 50ms/97.1%, 100ms/97.5%
[645.981s][info][gc,marking  ] GC(382) Mark: 2 stripe(s), 2 proactive flush(es), 1 terminate flush(es), 0 completion(s), 0 continuation(s) 
[645.981s][info][gc,marking  ] GC(382) Mark Stack Usage: 32M
[645.981s][info][gc,nmethod  ] GC(382) NMethods: 4872 registered, 3 unregistered
[645.981s][info][gc,metaspace] GC(382) Metaspace: 33M used, 33M committed, 1088M reserved
[645.981s][info][gc,ref      ] GC(382) Soft: 4016 encountered, 0 discovered, 0 enqueued
[645.981s][info][gc,ref      ] GC(382) Weak: 24040 encountered, 23249 discovered, 22327 enqueued
[645.981s][info][gc,ref      ] GC(382) Final: 7 encountered, 5 discovered, 0 enqueued
[645.981s][info][gc,ref      ] GC(382) Phantom: 714 encountered, 651 discovered, 0 enqueued
[645.981s][info][gc,reloc    ] GC(382) Small Pages: 881 / 1762M, Empty: 1090M, Relocated: 10M, In-Place: 0
[645.981s][info][gc,reloc    ] GC(382) Medium Pages: 25 / 800M, Empty: 736M, Relocated: 15M, In-Place: 0
[645.981s][info][gc,reloc    ] GC(382) Large Pages: 225 / 1566M, Empty: 1566M, Relocated: 0M, In-Place: 0
[645.981s][info][gc,reloc    ] GC(382) Forwarding Usage: 2M
[645.981s][info][gc,heap     ] GC(382) Min Capacity: 8192M(100%)
[645.981s][info][gc,heap     ] GC(382) Max Capacity: 8192M(100%)
[645.981s][info][gc,heap     ] GC(382) Soft Max Capacity: 8192M(100%)
[645.981s][info][gc,heap     ] GC(382)                Mark Start          Mark End        Relocate Start      Relocate End           High               Low         
[645.981s][info][gc,heap     ] GC(382)  Capacity:     8192M (100%)       8192M (100%)       8192M (100%)       8192M (100%)       8192M (100%)       8192M (100%)   
[645.981s][info][gc,heap     ] GC(382)      Free:     4064M (50%)        4064M (50%)        7456M (91%)        8044M (98%)        8044M (98%)        4064M (50%)    
[645.981s][info][gc,heap     ] GC(382)      Used:     4128M (50%)        4128M (50%)         736M (9%)          148M (2%)         4128M (50%)         148M (2%)     
[645.981s][info][gc,heap     ] GC(382)      Live:         -               125M (2%)          125M (2%)          125M (2%)             -                  -          
[645.981s][info][gc,heap     ] GC(382) Allocated:         -                 0M (0%)            0M (0%)            1M (0%)             -                  -          
[645.981s][info][gc,heap     ] GC(382)   Garbage:         -              4002M (49%)         610M (7%)           20M (0%)             -                  -          
[645.981s][info][gc,heap     ] GC(382) Reclaimed:         -                  -              3392M (41%)        3981M (49%)            -                  -          
[645.981s][info][gc          ] GC(382) Garbage Collection (System.gc()) 4128M(50%)->148M(2%)
[646.734s][info][gc,start    ] GC(383) Garbage Collection (Allocation Rate)
[646.735s][info][gc,task     ] GC(383) Using 2 workers
[646.735s][info][gc,phases   ] GC(383) Pause Mark Start 0.008ms
[646.828s][info][gc,phases   ] GC(383) Concurrent Mark 93.485ms
[646.828s][info][gc,phases   ] GC(383) Pause Mark End 0.013ms
[646.828s][info][gc,phases   ] GC(383) Concurrent Mark Free 0.001ms
[646.834s][info][gc,phases   ] GC(383) Concurrent Process Non-Strong References 5.395ms
[646.834s][info][gc,phases   ] GC(383) Concurrent Reset Relocation Set 0.025ms
[646.837s][info][gc,phases   ] GC(383) Concurrent Select Relocation Set 3.519ms
[646.838s][info][gc,phases   ] GC(383) Pause Relocate Start 0.008ms
[646.838s][info][gc,phases   ] GC(383) Concurrent Relocate 0.561ms
[646.838s][info][gc,load     ] GC(383) Load: 0.00/0.00/0.00
[646.838s][info][gc,mmu      ] GC(383) MMU: 2ms/80.5%, 5ms/90.4%, 10ms/95.2%, 20ms/96.3%, 50ms/97.1%, 100ms/97.5%
[646.838s][info][gc,marking  ] GC(383) Mark: 2 stripe(s), 3 proactive flush(es), 1 terminate flush(es), 0 completion(s), 0 continuation(s) 
[646.838s][info][gc,marking  ] GC(383) Mark Stack Usage: 32M
[646.838s][info][gc,nmethod  ] GC(383) NMethods: 4872 registered, 3 unregistered
[646.838s][info][gc,metaspace] GC(383) Metaspace: 33M used, 33M committed, 1088M reserved
[646.838s][info][gc,ref      ] GC(383) Soft: 4016 encountered, 0 discovered, 0 enqueued
[646.838s][info][gc,ref      ] GC(383) Weak: 1731 encountered, 81 discovered, 0 enqueued
[646.838s][info][gc,ref      ] GC(383) Final: 7 encountered, 5 discovered, 0 enqueued
[646.838s][info][gc,ref      ] GC(383) Phantom: 714 encountered, 641 discovered, 0 enqueued
[646.838s][info][gc,reloc    ] GC(383) Small Pages: 2743 / 5486M, Empty: 5340M, Relocated: 1M, In-Place: 0
[646.838s][info][gc,reloc    ] GC(383) Medium Pages: 1 / 32M, Empty: 0M, Relocated: 0M, In-Place: 0
[646.838s][info][gc,reloc    ] GC(383) Large Pages: 0 / 0M, Empty: 0M, Relocated: 0M, In-Place: 0
[646.838s][info][gc,reloc    ] GC(383) Forwarding Usage: 0M
[646.838s][info][gc,heap     ] GC(383) Min Capacity: 8192M(100%)
[646.838s][info][gc,heap     ] GC(383) Max Capacity: 8192M(100%)
[646.838s][info][gc,heap     ] GC(383) Soft Max Capacity: 8192M(100%)
[646.838s][info][gc,heap     ] GC(383)                Mark Start          Mark End        Relocate Start      Relocate End           High               Low         
[646.838s][info][gc,heap     ] GC(383)  Capacity:     8192M (100%)       8192M (100%)       8192M (100%)       8192M (100%)       8192M (100%)       8192M (100%)   
[646.838s][info][gc,heap     ] GC(383)      Free:     2674M (33%)        2238M (27%)        7542M (92%)        7568M (92%)        7570M (92%)        2220M (27%)    
[646.838s][info][gc,heap     ] GC(383)      Used:     5518M (67%)        5954M (73%)         650M (8%)          624M (8%)         5972M (73%)         622M (8%)     
[646.838s][info][gc,heap     ] GC(383)      Live:         -               125M (2%)          125M (2%)          125M (2%)             -                  -          
[646.838s][info][gc,heap     ] GC(383) Allocated:         -               436M (5%)          472M (6%)          475M (6%)             -                  -          
[646.838s][info][gc,heap     ] GC(383)   Garbage:         -              5392M (66%)          52M (1%)           22M (0%)             -                  -          
[646.838s][info][gc,heap     ] GC(383) Reclaimed:         -                  -              5340M (65%)        5369M (66%)            -                  -          
[646.838s][info][gc          ] GC(383) Garbage Collection (Allocation Rate) 5518M(67%)->624M(8%)
[647.734s][info][gc,start    ] GC(384) Garbage Collection (Allocation Rate)
[647.734s][info][gc,task     ] GC(384) Using 1 workers
[647.735s][info][gc,phases   ] GC(384) Pause Mark Start 0.009ms
[647.868s][info][gc,phases   ] GC(384) Concurrent Mark 133.281ms
[647.868s][info][gc,phases   ] GC(384) Pause Mark End 0.011ms
[647.868s][info][gc,phases   ] GC(384) Concurrent Mark Free 0.001ms
[647.879s][info][gc,phases   ] GC(384) Concurrent Process Non-Strong References 10.988ms
[647.879s][info][gc,phases   ] GC(384) Concurrent Reset Relocation Set 0.003ms
[647.882s][info][gc,phases   ] GC(384) Concurrent Select Relocation Set 3.080ms
[647.883s][info][gc,phases   ] GC(384) Pause Relocate Start 0.008ms
[647.883s][info][gc,phases   ] GC(384) Concurrent Relocate 0.572ms
[647.883s][info][gc,load     ] GC(384) Load: 0.00/0.00/0.00
[647.883s][info][gc,mmu      ] GC(384) MMU: 2ms/80.5%, 5ms/90.4%, 10ms/95.2%, 20ms/96.3%, 50ms/97.1%, 100ms/97.5%
[647.883s][info][gc,marking  ] GC(384) Mark: 1 stripe(s), 2 proactive flush(es), 1 terminate flush(es), 0 completion(s), 0 continuation(s) 
[647.883s][info][gc,marking  ] GC(384) Mark Stack Usage: 32M
[647.883s][info][gc,nmethod  ] GC(384) NMethods: 4872 registered, 3 unregistered
[647.883s][info][gc,metaspace] GC(384) Metaspace: 33M used, 33M committed, 1088M reserved
[647.883s][info][gc,ref      ] GC(384) Soft: 4016 encountered, 0 discovered, 0 enqueued
[647.883s][info][gc,ref      ] GC(384) Weak: 1731 encountered, 1284 discovered, 0 enqueued
[647.883s][info][gc,ref      ] GC(384) Final: 7 encountered, 7 discovered, 0 enqueued
[647.883s][info][gc,ref      ] GC(384) Phantom: 714 encountered, 665 discovered, 0 enqueued
[647.883s][info][gc,reloc    ] GC(384) Small Pages: 2833 / 5666M, Empty: 5528M, Relocated: 1M, In-Place: 0
[647.883s][info][gc,reloc    ] GC(384) Medium Pages: 1 / 32M, Empty: 0M, Relocated: 0M, In-Place: 0
[647.883s][info][gc,reloc    ] GC(384) Large Pages: 0 / 0M, Empty: 0M, Relocated: 0M, In-Place: 0
[647.883s][info][gc,reloc    ] GC(384) Forwarding Usage: 0M
[647.883s][info][gc,heap     ] GC(384) Min Capacity: 8192M(100%)
[647.883s][info][gc,heap     ] GC(384) Max Capacity: 8192M(100%)
[647.883s][info][gc,heap     ] GC(384) Soft Max Capacity: 8192M(100%)
[647.883s][info][gc,heap     ] GC(384)                Mark Start          Mark End        Relocate Start      Relocate End           High               Low         
[647.883s][info][gc,heap     ] GC(384)  Capacity:     8192M (100%)       8192M (100%)       8192M (100%)       8192M (100%)       8192M (100%)       8192M (100%)   
[647.883s][info][gc,heap     ] GC(384)      Free:     2494M (30%)        1888M (23%)        7352M (90%)        7376M (90%)        7376M (90%)        1842M (22%)    
[647.883s][info][gc,heap     ] GC(384)      Used:     5698M (70%)        6304M (77%)         840M (10%)         816M (10%)        6350M (78%)         816M (10%)    
[647.883s][info][gc,heap     ] GC(384)      Live:         -               125M (2%)          125M (2%)          125M (2%)             -                  -          
[647.883s][info][gc,heap     ] GC(384) Allocated:         -               606M (7%)          670M (8%)          669M (8%)             -                  -          
[647.883s][info][gc,heap     ] GC(384)   Garbage:         -              5572M (68%)          44M (1%)           20M (0%)             -                  -          
[647.883s][info][gc,heap     ] GC(384) Reclaimed:         -                  -              5528M (67%)        5551M (68%)            -                  -          
[647.883s][info][gc          ] GC(384) Garbage Collection (Allocation Rate) 5698M(70%)->816M(10%)
[649.221s][info][gc,start    ] GC(385) Garbage Collection (Allocation Rate)
[649.221s][info][gc,task     ] GC(385) Using 1 workers
[649.221s][info][gc,phases   ] GC(385) Pause Mark Start 0.009ms
[649.361s][info][gc,phases   ] GC(385) Concurrent Mark 139.720ms
[649.361s][info][gc,phases   ] GC(385) Pause Mark End 0.084ms
[649.361s][info][gc,phases   ] GC(385) Concurrent Mark Free 0.001ms
[649.370s][info][gc,phases   ] GC(385) Concurrent Process Non-Strong References 9.285ms
[649.370s][info][gc,phases   ] GC(385) Concurrent Reset Relocation Set 0.002ms
[649.377s][info][gc,phases   ] GC(385) Concurrent Select Relocation Set 6.164ms
[649.377s][info][gc,phases   ] GC(385) Pause Relocate Start 0.012ms
[649.413s][info][gc,phases   ] GC(385) Concurrent Relocate 36.512ms
[649.413s][info][gc,load     ] GC(385) Load: 0.00/0.00/0.00
[649.413s][info][gc,mmu      ] GC(385) MMU: 2ms/80.5%, 5ms/90.4%, 10ms/95.2%, 20ms/96.3%, 50ms/97.1%, 100ms/97.5%
[649.414s][info][gc,marking  ] GC(385) Mark: 1 stripe(s), 6 proactive flush(es), 3 terminate flush(es), 1 completion(s), 0 continuation(s) 
[649.414s][info][gc,marking  ] GC(385) Mark Stack Usage: 32M
[649.414s][info][gc,nmethod  ] GC(385) NMethods: 4872 registered, 3 unregistered
[649.414s][info][gc,metaspace] GC(385) Metaspace: 33M used, 33M committed, 1088M reserved
[649.414s][info][gc,ref      ] GC(385) Soft: 4016 encountered, 0 discovered, 0 enqueued
[649.414s][info][gc,ref      ] GC(385) Weak: 21133 encountered, 19408 discovered, 4718 enqueued
[649.414s][info][gc,ref      ] GC(385) Final: 7 encountered, 7 discovered, 0 enqueued
[649.414s][info][gc,ref      ] GC(385) Phantom: 720 encountered, 671 discovered, 0 enqueued
[649.414s][info][gc,reloc    ] GC(385) Small Pages: 2172 / 4344M, Empty: 3890M, Relocated: 36M, In-Place: 0
[649.414s][info][gc,reloc    ] GC(385) Medium Pages: 6 / 192M, Empty: 128M, Relocated: 15M, In-Place: 0
[649.414s][info][gc,reloc    ] GC(385) Large Pages: 44 / 306M, Empty: 306M, Relocated: 0M, In-Place: 0
[649.414s][info][gc,reloc    ] GC(385) Forwarding Usage: 11M
[649.414s][info][gc,heap     ] GC(385) Min Capacity: 8192M(100%)
[649.414s][info][gc,heap     ] GC(385) Max Capacity: 8192M(100%)
[649.414s][info][gc,heap     ] GC(385) Soft Max Capacity: 8192M(100%)
[649.414s][info][gc,heap     ] GC(385)                Mark Start          Mark End        Relocate Start      Relocate End           High               Low         
[649.414s][info][gc,heap     ] GC(385)  Capacity:     8192M (100%)       8192M (100%)       8192M (100%)       8192M (100%)       8192M (100%)       8192M (100%)   
[649.414s][info][gc,heap     ] GC(385)      Free:     3350M (41%)        3188M (39%)        7464M (91%)        7768M (95%)        7774M (95%)        3180M (39%)    
[649.414s][info][gc,heap     ] GC(385)      Used:     4842M (59%)        5004M (61%)         728M (9%)          424M (5%)         5012M (61%)         418M (5%)     
[649.414s][info][gc,heap     ] GC(385)      Live:         -               153M (2%)          153M (2%)          153M (2%)             -                  -          
[649.414s][info][gc,heap     ] GC(385) Allocated:         -               162M (2%)          210M (3%)          248M (3%)             -                  -          
[649.414s][info][gc,heap     ] GC(385)   Garbage:         -              4688M (57%)         364M (4%)           21M (0%)             -                  -          
[649.414s][info][gc,heap     ] GC(385) Reclaimed:         -                  -              4324M (53%)        4666M (57%)            -                  -          
[649.414s][info][gc          ] GC(385) Garbage Collection (Allocation Rate) 4842M(59%)->424M(5%)
[650.322s][info][gc,stats    ] === Garbage Collection Statistics =======================================================================================================================
[650.322s][info][gc,stats    ]                                                              Last 10s              Last 10m              Last 10h                Total
[650.322s][info][gc,stats    ]                                                              Avg / Max             Avg / Max             Avg / Max             Avg / Max
[650.322s][info][gc,stats    ]   Collector: Garbage Collection Cycle                    128.340 / 192.571     124.301 / 283.003     124.447 / 379.439     124.447 / 379.439     ms
[650.322s][info][gc,stats    ]  Contention: Mark Segment Reset Contention                     0 / 3                 0 / 115               0 / 115               0 / 115         ops/s
[650.322s][info][gc,stats    ]  Contention: Mark SeqNum Reset Contention                      0 / 0                 0 / 2                 0 / 2                 0 / 2           ops/s
[650.322s][info][gc,stats    ]    Critical: Allocation Stall                                  0 / 0                 0 / 0                 0 / 0                 0 / 0           ops/s
[650.322s][info][gc,stats    ]    Critical: Allocation Stall                              0.000 / 0.000         0.000 / 0.000         0.000 / 0.000         0.000 / 0.000       ms
[650.322s][info][gc,stats    ]    Critical: GC Locker Stall                                   0 / 0                 0 / 0                 0 / 0                 0 / 0           ops/s
[650.322s][info][gc,stats    ]    Critical: GC Locker Stall                               0.000 / 0.000         0.000 / 0.000         0.000 / 0.000         0.000 / 0.000       ms
[650.322s][info][gc,stats    ]    Critical: Relocation Stall                                  0 / 0                 0 / 0                 0 / 0                 0 / 0           ops/s
[650.322s][info][gc,stats    ]    Critical: Relocation Stall                              0.000 / 0.000         0.000 / 0.000         0.000 / 0.000         0.000 / 0.000       ms
[650.322s][info][gc,stats    ]      Memory: Allocation Rate                                2687 / 6056           2872 / 6616           2843 / 6636           2843 / 6636        MB/s
[650.322s][info][gc,stats    ]      Memory: Out Of Memory                                     0 / 0                 0 / 0                 0 / 0                 0 / 0           ops/s
[650.322s][info][gc,stats    ]      Memory: Page Cache Flush                                 39 / 296              94 / 672              90 / 672              90 / 672         MB/s
[650.322s][info][gc,stats    ]      Memory: Page Cache Hit L1                              1149 / 2989           1231 / 3310           1217 / 3321           1217 / 3321        ops/s
[650.322s][info][gc,stats    ]      Memory: Page Cache Hit L2                                 0 / 0                 0 / 0                 0 / 0                 0 / 0           ops/s
[650.322s][info][gc,stats    ]      Memory: Page Cache Hit L3                                35 / 163              36 / 590              39 / 635              39 / 635         ops/s
[650.322s][info][gc,stats    ]      Memory: Page Cache Miss                                   4 / 32                9 / 71                9 / 71                9 / 71          ops/s
[650.322s][info][gc,stats    ]      Memory: Uncommit                                          0 / 0                 0 / 0                 0 / 0                 0 / 0           MB/s
[650.322s][info][gc,stats    ]      Memory: Undo Object Allocation Failed                     0 / 0                 0 / 2                 0 / 2                 0 / 2           ops/s
[650.322s][info][gc,stats    ]      Memory: Undo Object Allocation Succeeded                  0 / 1                 0 / 94                0 / 94                0 / 94          ops/s
[650.322s][info][gc,stats    ]      Memory: Undo Page Allocation                              0 / 3                 0 / 8                 0 / 8                 0 / 8           ops/s
[650.322s][info][gc,stats    ]       Phase: Concurrent Mark                             105.050 / 139.720      99.882 / 213.312      99.130 / 213.312      99.130 / 213.312     ms
[650.322s][info][gc,stats    ]       Phase: Concurrent Mark Continue                      0.000 / 0.000        14.265 / 35.578       14.776 / 35.578       14.776 / 35.578      ms
[650.322s][info][gc,stats    ]       Phase: Concurrent Mark Free                          0.001 / 0.002         0.001 / 0.004         0.001 / 0.004         0.001 / 0.004       ms
[650.322s][info][gc,stats    ]       Phase: Concurrent Process Non-Strong References      8.753 / 10.988        8.508 / 31.706        8.402 / 31.706        8.402 / 31.706      ms
[650.322s][info][gc,stats    ]       Phase: Concurrent Relocate                          10.188 / 36.512        9.388 / 50.020        9.553 / 76.380        9.553 / 76.380      ms
[650.322s][info][gc,stats    ]       Phase: Concurrent Reset Relocation Set               0.007 / 0.025         0.010 / 0.037         0.010 / 0.049         0.010 / 0.049       ms
[650.322s][info][gc,stats    ]       Phase: Concurrent Select Relocation Set              3.471 / 6.164         3.560 / 13.402        3.580 / 13.402        3.580 / 13.402      ms
[650.322s][info][gc,stats    ]       Phase: Pause Mark End                                0.024 / 0.084         0.032 / 0.344         0.043 / 0.390         0.043 / 0.390       ms
[650.322s][info][gc,stats    ]       Phase: Pause Mark Start                              0.008 / 0.009         0.008 / 0.022         0.008 / 0.022         0.008 / 0.022       ms
[650.322s][info][gc,stats    ]       Phase: Pause Relocate Start                          0.009 / 0.012         0.010 / 0.046         0.010 / 0.046         0.010 / 0.046       ms
[650.322s][info][gc,stats    ]    Subphase: Concurrent Classes Purge                      0.266 / 0.366         0.257 / 0.574         0.254 / 0.574         0.254 / 0.574       ms
[650.322s][info][gc,stats    ]    Subphase: Concurrent Classes Unlink                     6.857 / 9.815         6.036 / 11.374        5.972 / 23.760        5.972 / 23.760      ms
[650.322s][info][gc,stats    ]    Subphase: Concurrent Mark                              94.309 / 138.766      84.198 / 212.374      80.068 / 212.374      80.068 / 212.374     ms
[650.322s][info][gc,stats    ]    Subphase: Concurrent Mark Try Flush                     0.058 / 0.136         0.412 / 30.486        0.411 / 30.486        0.411 / 30.486      ms
[650.322s][info][gc,stats    ]    Subphase: Concurrent Mark Try Terminate                 2.121 / 12.233        2.636 / 24.568        2.758 / 24.568        2.758 / 24.568      ms
[650.322s][info][gc,stats    ]    Subphase: Concurrent References Enqueue                 0.003 / 0.007         0.003 / 0.009         0.003 / 0.009         0.003 / 0.009       ms
[650.322s][info][gc,stats    ]    Subphase: Concurrent References Process                 1.096 / 2.349         1.048 / 3.217         1.025 / 3.217         1.025 / 3.217       ms
[650.322s][info][gc,stats    ]    Subphase: Concurrent Roots ClassLoaderDataGraph         0.114 / 0.193         0.103 / 0.395         0.106 / 0.537         0.106 / 0.537       ms
[650.322s][info][gc,stats    ]    Subphase: Concurrent Roots CodeCache                    0.000 / 0.000         0.000 / 0.000         0.000 / 0.000         0.000 / 0.000       ms
[650.322s][info][gc,stats    ]    Subphase: Concurrent Roots JavaThreads                  0.466 / 0.928         0.355 / 1.117         0.357 / 1.258         0.357 / 1.258       ms
[650.322s][info][gc,stats    ]    Subphase: Concurrent Roots OopStorageSet                0.046 / 0.118         0.031 / 0.614         0.031 / 0.614         0.031 / 0.614       ms
[650.322s][info][gc,stats    ]    Subphase: Concurrent Weak Roots OopStorageSet           0.353 / 0.662         0.293 / 0.715         0.299 / 1.123         0.299 / 1.123       ms
[650.322s][info][gc,stats    ]    Subphase: Pause Mark Try Complete                       0.026 / 0.026         0.090 / 0.275         0.130 / 0.301         0.130 / 0.301       ms
[650.322s][info][gc,stats    ]      System: Java Threads                                     20 / 21               19 / 21               19 / 22               19 / 22          threads
[650.322s][info][gc,stats    ] =========================================================================================================================================================
[652.715s][info][gc,start    ] GC(386) Garbage Collection (System.gc())
[652.715s][info][gc,task     ] GC(386) Using 2 workers
[652.715s][info][gc,phases   ] GC(386) Pause Mark Start 0.008ms
[652.768s][info][gc,phases   ] GC(386) Concurrent Mark 52.648ms
[652.768s][info][gc,phases   ] GC(386) Pause Mark End 0.022ms
[652.768s][info][gc,phases   ] GC(386) Concurrent Mark Free 0.002ms
[652.774s][info][gc,phases   ] GC(386) Concurrent Process Non-Strong References 5.711ms
[652.774s][info][gc,phases   ] GC(386) Concurrent Reset Relocation Set 0.015ms
[652.776s][info][gc,phases   ] GC(386) Concurrent Select Relocation Set 2.194ms
[652.777s][info][gc,phases   ] GC(386) Pause Relocate Start 0.010ms
[652.782s][info][gc,phases   ] GC(386) Concurrent Relocate 5.648ms
[652.782s][info][gc,load     ] GC(386) Load: 0.00/0.00/0.00
[652.782s][info][gc,mmu      ] GC(386) MMU: 2ms/80.5%, 5ms/90.4%, 10ms/95.2%, 20ms/96.3%, 50ms/97.1%, 100ms/97.5%
[652.782s][info][gc,marking  ] GC(386) Mark: 2 stripe(s), 1 proactive flush(es), 1 terminate flush(es), 0 completion(s), 0 continuation(s) 
[652.782s][info][gc,marking  ] GC(386) Mark Stack Usage: 32M
[652.782s][info][gc,nmethod  ] GC(386) NMethods: 4872 registered, 3 unregistered
[652.782s][info][gc,metaspace] GC(386) Metaspace: 33M used, 33M committed, 1088M reserved
[652.783s][info][gc,ref      ] GC(386) Soft: 4016 encountered, 0 discovered, 0 enqueued
[652.783s][info][gc,ref      ] GC(386) Weak: 22721 encountered, 21057 discovered, 21007 enqueued
[652.783s][info][gc,ref      ] GC(386) Final: 7 encountered, 6 discovered, 0 enqueued
[652.783s][info][gc,ref      ] GC(386) Phantom: 714 encountered, 618 discovered, 0 enqueued
[652.783s][info][gc,reloc    ] GC(386) Small Pages: 893 / 1786M, Empty: 1110M, Relocated: 9M, In-Place: 0
[652.783s][info][gc,reloc    ] GC(386) Medium Pages: 27 / 864M, Empty: 832M, Relocated: 0M, In-Place: 0
[652.783s][info][gc,reloc    ] GC(386) Large Pages: 243 / 1690M, Empty: 1690M, Relocated: 0M, In-Place: 0
[652.783s][info][gc,reloc    ] GC(386) Forwarding Usage: 3M
[652.783s][info][gc,heap     ] GC(386) Min Capacity: 8192M(100%)
[652.783s][info][gc,heap     ] GC(386) Max Capacity: 8192M(100%)
[652.783s][info][gc,heap     ] GC(386) Soft Max Capacity: 8192M(100%)
[652.783s][info][gc,heap     ] GC(386)                Mark Start          Mark End        Relocate Start      Relocate End           High               Low         
[652.783s][info][gc,heap     ] GC(386)  Capacity:     8192M (100%)       8192M (100%)       8192M (100%)       8192M (100%)       8192M (100%)       8192M (100%)   
[652.783s][info][gc,heap     ] GC(386)      Free:     3852M (47%)        3852M (47%)        7484M (91%)        8044M (98%)        8044M (98%)        3852M (47%)    
[652.783s][info][gc,heap     ] GC(386)      Used:     4340M (53%)        4340M (53%)         708M (9%)          148M (2%)         4340M (53%)         148M (2%)     
[652.783s][info][gc,heap     ] GC(386)      Live:         -               123M (2%)          123M (2%)          123M (2%)             -                  -          
[652.783s][info][gc,heap     ] GC(386) Allocated:         -                 0M (0%)            0M (0%)            0M (0%)             -                  -          
[652.783s][info][gc,heap     ] GC(386)   Garbage:         -              4216M (51%)         584M (7%)           24M (0%)             -                  -          
[652.783s][info][gc,heap     ] GC(386) Reclaimed:         -                  -              3632M (44%)        4192M (51%)            -                  -          
[652.783s][info][gc          ] GC(386) Garbage Collection (System.gc()) 4340M(53%)->148M(2%)
[653.427s][info][gc,start    ] GC(387) Garbage Collection (Allocation Rate)
[653.427s][info][gc,task     ] GC(387) Using 2 workers
[653.428s][info][gc,phases   ] GC(387) Pause Mark Start 0.008ms
[653.506s][info][gc,phases   ] GC(387) Concurrent Mark 77.094ms
[653.507s][info][gc,phases   ] GC(387) Pause Mark End 0.017ms
[653.507s][info][gc,phases   ] GC(387) Concurrent Mark Free 0.005ms
[653.513s][info][gc,phases   ] GC(387) Concurrent Process Non-Strong References 5.756ms
[653.513s][info][gc,phases   ] GC(387) Concurrent Reset Relocation Set 0.027ms
[653.517s][info][gc,phases   ] GC(387) Concurrent Select Relocation Set 4.117ms
[653.517s][info][gc,phases   ] GC(387) Pause Relocate Start 0.011ms
[653.518s][info][gc,phases   ] GC(387) Concurrent Relocate 0.538ms
[653.518s][info][gc,load     ] GC(387) Load: 0.00/0.00/0.00
[653.518s][info][gc,mmu      ] GC(387) MMU: 2ms/80.5%, 5ms/90.4%, 10ms/95.2%, 20ms/96.3%, 50ms/97.1%, 100ms/97.5%
[653.518s][info][gc,marking  ] GC(387) Mark: 2 stripe(s), 3 proactive flush(es), 1 terminate flush(es), 0 completion(s), 0 continuation(s) 
[653.518s][info][gc,marking  ] GC(387) Mark Stack Usage: 32M
[653.518s][info][gc,nmethod  ] GC(387) NMethods: 4872 registered, 3 unregistered
[653.518s][info][gc,metaspace] GC(387) Metaspace: 33M used, 33M committed, 1088M reserved
[653.518s][info][gc,ref      ] GC(387) Soft: 4016 encountered, 0 discovered, 0 enqueued
[653.518s][info][gc,ref      ] GC(387) Weak: 1732 encountered, 66 discovered, 0 enqueued
[653.518s][info][gc,ref      ] GC(387) Final: 7 encountered, 6 discovered, 0 enqueued
[653.518s][info][gc,ref      ] GC(387) Phantom: 714 encountered, 646 discovered, 0 enqueued
[653.518s][info][gc,reloc    ] GC(387) Small Pages: 2443 / 4886M, Empty: 4746M, Relocated: 1M, In-Place: 0
[653.518s][info][gc,reloc    ] GC(387) Medium Pages: 1 / 32M, Empty: 0M, Relocated: 0M, In-Place: 0
[653.518s][info][gc,reloc    ] GC(387) Large Pages: 0 / 0M, Empty: 0M, Relocated: 0M, In-Place: 0
[653.518s][info][gc,reloc    ] GC(387) Forwarding Usage: 0M
[653.518s][info][gc,heap     ] GC(387) Min Capacity: 8192M(100%)
[653.518s][info][gc,heap     ] GC(387) Max Capacity: 8192M(100%)
[653.518s][info][gc,heap     ] GC(387) Soft Max Capacity: 8192M(100%)
[653.518s][info][gc,heap     ] GC(387)                Mark Start          Mark End        Relocate Start      Relocate End           High               Low         
[653.518s][info][gc,heap     ] GC(387)  Capacity:     8192M (100%)       8192M (100%)       8192M (100%)       8192M (100%)       8192M (100%)       8192M (100%)   
[653.518s][info][gc,heap     ] GC(387)      Free:     3274M (40%)        2900M (35%)        7598M (93%)        7622M (93%)        7622M (93%)        2870M (35%)    
[653.518s][info][gc,heap     ] GC(387)      Used:     4918M (60%)        5292M (65%)         594M (7%)          570M (7%)         5322M (65%)         570M (7%)     
[653.518s][info][gc,heap     ] GC(387)      Live:         -               123M (2%)          123M (2%)          123M (2%)             -                  -          
[653.518s][info][gc,heap     ] GC(387) Allocated:         -               374M (5%)          422M (5%)          421M (5%)             -                  -          
[653.518s][info][gc,heap     ] GC(387)   Garbage:         -              4794M (59%)          48M (1%)           24M (0%)             -                  -          
[653.518s][info][gc,heap     ] GC(387) Reclaimed:         -                  -              4746M (58%)        4769M (58%)            -                  -          
[653.518s][info][gc          ] GC(387) Garbage Collection (Allocation Rate) 4918M(60%)->570M(7%)
[654.432s][info][gc,start    ] GC(388) Garbage Collection (Allocation Rate)
[654.432s][info][gc,task     ] GC(388) Using 1 workers
[654.432s][info][gc,phases   ] GC(388) Pause Mark Start 0.009ms
[654.561s][info][gc,phases   ] GC(388) Concurrent Mark 129.401ms
[654.562s][info][gc,phases   ] GC(388) Pause Mark End 0.011ms
[654.562s][info][gc,phases   ] GC(388) Concurrent Mark Free 0.001ms
[654.573s][info][gc,phases   ] GC(388) Concurrent Process Non-Strong References 10.932ms
[654.573s][info][gc,phases   ] GC(388) Concurrent Reset Relocation Set 0.002ms
[654.576s][info][gc,phases   ] GC(388) Concurrent Select Relocation Set 3.111ms
[654.576s][info][gc,phases   ] GC(388) Pause Relocate Start 0.010ms
[654.577s][info][gc,phases   ] GC(388) Concurrent Relocate 0.965ms
[654.577s][info][gc,load     ] GC(388) Load: 0.00/0.00/0.00
[654.577s][info][gc,mmu      ] GC(388) MMU: 2ms/80.5%, 5ms/90.4%, 10ms/95.2%, 20ms/96.3%, 50ms/97.1%, 100ms/97.5%
[654.577s][info][gc,marking  ] GC(388) Mark: 1 stripe(s), 2 proactive flush(es), 1 terminate flush(es), 0 completion(s), 0 continuation(s) 
[654.577s][info][gc,marking  ] GC(388) Mark Stack Usage: 32M
[654.577s][info][gc,nmethod  ] GC(388) NMethods: 4872 registered, 3 unregistered
[654.577s][info][gc,metaspace] GC(388) Metaspace: 33M used, 33M committed, 1088M reserved
[654.577s][info][gc,ref      ] GC(388) Soft: 4016 encountered, 0 discovered, 0 enqueued
[654.577s][info][gc,ref      ] GC(388) Weak: 1732 encountered, 1284 discovered, 0 enqueued
[654.577s][info][gc,ref      ] GC(388) Final: 7 encountered, 7 discovered, 0 enqueued
[654.577s][info][gc,ref      ] GC(388) Phantom: 714 encountered, 665 discovered, 0 enqueued
[654.577s][info][gc,reloc    ] GC(388) Small Pages: 2813 / 5626M, Empty: 5482M, Relocated: 1M, In-Place: 0
[654.577s][info][gc,reloc    ] GC(388) Medium Pages: 1 / 32M, Empty: 0M, Relocated: 0M, In-Place: 0
[654.577s][info][gc,reloc    ] GC(388) Large Pages: 0 / 0M, Empty: 0M, Relocated: 0M, In-Place: 0
[654.577s][info][gc,reloc    ] GC(388) Forwarding Usage: 0M
[654.577s][info][gc,heap     ] GC(388) Min Capacity: 8192M(100%)
[654.577s][info][gc,heap     ] GC(388) Max Capacity: 8192M(100%)
[654.577s][info][gc,heap     ] GC(388) Soft Max Capacity: 8192M(100%)
[654.577s][info][gc,heap     ] GC(388)                Mark Start          Mark End        Relocate Start      Relocate End           High               Low         
[654.577s][info][gc,heap     ] GC(388)  Capacity:     8192M (100%)       8192M (100%)       8192M (100%)       8192M (100%)       8192M (100%)       8192M (100%)   
[654.577s][info][gc,heap     ] GC(388)      Free:     2534M (31%)        2026M (25%)        7448M (91%)        7474M (91%)        7476M (91%)        1980M (24%)    
[654.577s][info][gc,heap     ] GC(388)      Used:     5658M (69%)        6166M (75%)         744M (9%)          718M (9%)         6212M (76%)         716M (9%)     
[654.577s][info][gc,heap     ] GC(388)      Live:         -               123M (2%)          123M (2%)          123M (2%)             -                  -          
[654.577s][info][gc,heap     ] GC(388) Allocated:         -               508M (6%)          568M (7%)          571M (7%)             -                  -          
[654.577s][info][gc,heap     ] GC(388)   Garbage:         -              5534M (68%)          52M (1%)           22M (0%)             -                  -          
[654.577s][info][gc,heap     ] GC(388) Reclaimed:         -                  -              5482M (67%)        5511M (67%)            -                  -          
[654.577s][info][gc          ] GC(388) Garbage Collection (Allocation Rate) 5658M(69%)->718M(9%)
[656.021s][info][gc,start    ] GC(389) Garbage Collection (Allocation Rate)
[656.021s][info][gc,task     ] GC(389) Using 1 workers
[656.021s][info][gc,phases   ] GC(389) Pause Mark Start 0.009ms
[656.151s][info][gc,phases   ] GC(389) Concurrent Mark 129.825ms
[656.152s][info][gc,phases   ] GC(389) Pause Mark End 0.105ms
[656.152s][info][gc,phases   ] GC(389) Concurrent Mark Free 0.001ms
[656.162s][info][gc,phases   ] GC(389) Concurrent Process Non-Strong References 10.749ms
[656.162s][info][gc,phases   ] GC(389) Concurrent Reset Relocation Set 0.002ms
[656.168s][info][gc,phases   ] GC(389) Concurrent Select Relocation Set 5.160ms
[656.168s][info][gc,phases   ] GC(389) Pause Relocate Start 0.009ms
[656.203s][info][gc,phases   ] GC(389) Concurrent Relocate 35.072ms
[656.203s][info][gc,load     ] GC(389) Load: 0.00/0.00/0.00
[656.203s][info][gc,mmu      ] GC(389) MMU: 2ms/80.5%, 5ms/90.4%, 10ms/95.2%, 20ms/96.3%, 50ms/97.1%, 100ms/97.5%
[656.203s][info][gc,marking  ] GC(389) Mark: 1 stripe(s), 3 proactive flush(es), 1 terminate flush(es), 1 completion(s), 0 continuation(s) 
[656.203s][info][gc,marking  ] GC(389) Mark Stack Usage: 32M
[656.203s][info][gc,nmethod  ] GC(389) NMethods: 4872 registered, 3 unregistered
[656.203s][info][gc,metaspace] GC(389) Metaspace: 33M used, 33M committed, 1088M reserved
[656.203s][info][gc,ref      ] GC(389) Soft: 4016 encountered, 0 discovered, 0 enqueued
[656.203s][info][gc,ref      ] GC(389) Weak: 19483 encountered, 17711 discovered, 5561 enqueued
[656.203s][info][gc,ref      ] GC(389) Final: 7 encountered, 7 discovered, 0 enqueued
[656.203s][info][gc,ref      ] GC(389) Phantom: 720 encountered, 665 discovered, 0 enqueued
[656.203s][info][gc,reloc    ] GC(389) Small Pages: 2498 / 4996M, Empty: 4546M, Relocated: 36M, In-Place: 0
[656.203s][info][gc,reloc    ] GC(389) Medium Pages: 6 / 192M, Empty: 128M, Relocated: 16M, In-Place: 0
[656.203s][info][gc,reloc    ] GC(389) Large Pages: 43 / 300M, Empty: 300M, Relocated: 0M, In-Place: 0
[656.203s][info][gc,reloc    ] GC(389) Forwarding Usage: 11M
[656.203s][info][gc,heap     ] GC(389) Min Capacity: 8192M(100%)
[656.203s][info][gc,heap     ] GC(389) Max Capacity: 8192M(100%)
[656.203s][info][gc,heap     ] GC(389) Soft Max Capacity: 8192M(100%)
[656.203s][info][gc,heap     ] GC(389)                Mark Start          Mark End        Relocate Start      Relocate End           High               Low         
[656.203s][info][gc,heap     ] GC(389)  Capacity:     8192M (100%)       8192M (100%)       8192M (100%)       8192M (100%)       8192M (100%)       8192M (100%)   
[656.203s][info][gc,heap     ] GC(389)      Free:     2704M (33%)        2556M (31%)        7516M (92%)        7828M (96%)        7828M (96%)        2548M (31%)    
[656.203s][info][gc,heap     ] GC(389)      Used:     5488M (67%)        5636M (69%)         676M (8%)          364M (4%)         5644M (69%)         364M (4%)     
[656.203s][info][gc,heap     ] GC(389)      Live:         -               153M (2%)          153M (2%)          153M (2%)             -                  -          
[656.203s][info][gc,heap     ] GC(389) Allocated:         -               148M (2%)          162M (2%)          188M (2%)             -                  -          
[656.203s][info][gc,heap     ] GC(389)   Garbage:         -              5334M (65%)         360M (4%)           22M (0%)             -                  -          
[656.203s][info][gc,heap     ] GC(389) Reclaimed:         -                  -              4974M (61%)        5312M (65%)            -                  -          
[656.203s][info][gc          ] GC(389) Garbage Collection (Allocation Rate) 5488M(67%)->364M(4%)
[660.047s][info][gc,start    ] GC(390) Garbage Collection (System.gc())
[660.047s][info][gc,task     ] GC(390) Using 2 workers
[660.047s][info][gc,phases   ] GC(390) Pause Mark Start 0.005ms
[660.103s][info][gc,phases   ] GC(390) Concurrent Mark 55.293ms
[660.103s][info][gc,phases   ] GC(390) Pause Mark End 0.018ms
[660.103s][info][gc,phases   ] GC(390) Concurrent Mark Free 0.001ms
[660.109s][info][gc,phases   ] GC(390) Concurrent Process Non-Strong References 6.075ms
[660.109s][info][gc,phases   ] GC(390) Concurrent Reset Relocation Set 0.010ms
[660.112s][info][gc,phases   ] GC(390) Concurrent Select Relocation Set 2.388ms
[660.112s][info][gc,phases   ] GC(390) Pause Relocate Start 0.006ms
[660.119s][info][gc,phases   ] GC(390) Concurrent Relocate 7.800ms
[660.119s][info][gc,load     ] GC(390) Load: 0.00/0.00/0.00
[660.120s][info][gc,mmu      ] GC(390) MMU: 2ms/80.5%, 5ms/90.4%, 10ms/95.2%, 20ms/96.3%, 50ms/97.1%, 100ms/97.5%
[660.120s][info][gc,marking  ] GC(390) Mark: 2 stripe(s), 1 proactive flush(es), 1 terminate flush(es), 0 completion(s), 0 continuation(s) 
[660.120s][info][gc,marking  ] GC(390) Mark Stack Usage: 32M
[660.120s][info][gc,nmethod  ] GC(390) NMethods: 4872 registered, 3 unregistered
[660.120s][info][gc,metaspace] GC(390) Metaspace: 33M used, 33M committed, 1088M reserved
[660.120s][info][gc,ref      ] GC(390) Soft: 4016 encountered, 0 discovered, 0 enqueued
[660.120s][info][gc,ref      ] GC(390) Weak: 23962 encountered, 22315 discovered, 22248 enqueued
[660.120s][info][gc,ref      ] GC(390) Final: 7 encountered, 7 discovered, 0 enqueued
[660.120s][info][gc,ref      ] GC(390) Phantom: 714 encountered, 646 discovered, 0 enqueued
[660.120s][info][gc,reloc    ] GC(390) Small Pages: 988 / 1976M, Empty: 1246M, Relocated: 10M, In-Place: 0
[660.120s][info][gc,reloc    ] GC(390) Medium Pages: 31 / 992M, Empty: 896M, Relocated: 16M, In-Place: 0
[660.120s][info][gc,reloc    ] GC(390) Large Pages: 281 / 1956M, Empty: 1956M, Relocated: 0M, In-Place: 0
[660.120s][info][gc,reloc    ] GC(390) Forwarding Usage: 3M
[660.120s][info][gc,heap     ] GC(390) Min Capacity: 8192M(100%)
[660.120s][info][gc,heap     ] GC(390) Max Capacity: 8192M(100%)
[660.120s][info][gc,heap     ] GC(390) Soft Max Capacity: 8192M(100%)
[660.120s][info][gc,heap     ] GC(390)                Mark Start          Mark End        Relocate Start      Relocate End           High               Low         
[660.120s][info][gc,heap     ] GC(390)  Capacity:     8192M (100%)       8192M (100%)       8192M (100%)       8192M (100%)       8192M (100%)       8192M (100%)   
[660.120s][info][gc,heap     ] GC(390)      Free:     3268M (40%)        3268M (40%)        7366M (90%)        8046M (98%)        8046M (98%)        3268M (40%)    
[660.120s][info][gc,heap     ] GC(390)      Used:     4924M (60%)        4924M (60%)         826M (10%)         146M (2%)         4924M (60%)         146M (2%)     
[660.120s][info][gc,heap     ] GC(390)      Live:         -               126M (2%)          126M (2%)          126M (2%)             -                  -          
[660.120s][info][gc,heap     ] GC(390) Allocated:         -                 0M (0%)            0M (0%)            0M (0%)             -                  -          
[660.120s][info][gc,heap     ] GC(390)   Garbage:         -              4797M (59%)         699M (9%)           19M (0%)             -                  -          
[660.120s][info][gc,heap     ] GC(390) Reclaimed:         -                  -              4098M (50%)        4778M (58%)            -                  -          
[660.120s][info][gc          ] GC(390) Garbage Collection (System.gc()) 4924M(60%)->146M(2%)
[660.323s][info][gc,stats    ] === Garbage Collection Statistics =======================================================================================================================
[660.323s][info][gc,stats    ]                                                              Last 10s              Last 10m              Last 10h                Total
[660.323s][info][gc,stats    ]                                                              Avg / Max             Avg / Max             Avg / Max             Avg / Max
[660.323s][info][gc,stats    ]   Collector: Garbage Collection Cycle                    111.333 / 181.766     124.137 / 283.003     124.279 / 379.439     124.279 / 379.439     ms
[660.323s][info][gc,stats    ]  Contention: Mark Segment Reset Contention                     0 / 3                 0 / 115               0 / 115               0 / 115         ops/s
[660.323s][info][gc,stats    ]  Contention: Mark SeqNum Reset Contention                      0 / 1                 0 / 2                 0 / 2                 0 / 2           ops/s
[660.323s][info][gc,stats    ]    Critical: Allocation Stall                                  0 / 0                 0 / 0                 0 / 0                 0 / 0           ops/s
[660.323s][info][gc,stats    ]    Critical: Allocation Stall                              0.000 / 0.000         0.000 / 0.000         0.000 / 0.000         0.000 / 0.000       ms
[660.323s][info][gc,stats    ]    Critical: GC Locker Stall                                   0 / 0                 0 / 0                 0 / 0                 0 / 0           ops/s
[660.323s][info][gc,stats    ]    Critical: GC Locker Stall                               0.000 / 0.000         0.000 / 0.000         0.000 / 0.000         0.000 / 0.000       ms
[660.323s][info][gc,stats    ]    Critical: Relocation Stall                                  0 / 0                 0 / 0                 0 / 0                 0 / 0           ops/s
[660.323s][info][gc,stats    ]    Critical: Relocation Stall                              0.000 / 0.000         0.000 / 0.000         0.000 / 0.000         0.000 / 0.000       ms
[660.323s][info][gc,stats    ]      Memory: Allocation Rate                                2464 / 5592           2873 / 6616           2837 / 6636           2837 / 6636        MB/s
[660.323s][info][gc,stats    ]      Memory: Out Of Memory                                     0 / 0                 0 / 0                 0 / 0                 0 / 0           ops/s
[660.323s][info][gc,stats    ]      Memory: Page Cache Flush                                167 / 510              94 / 672              91 / 672              91 / 672         MB/s
[660.323s][info][gc,stats    ]      Memory: Page Cache Hit L1                               996 / 2798           1232 / 3310           1213 / 3321           1213 / 3321        ops/s
[660.323s][info][gc,stats    ]      Memory: Page Cache Hit L2                                 0 / 0                 0 / 0                 0 / 0                 0 / 0           ops/s
[660.323s][info][gc,stats    ]      Memory: Page Cache Hit L3                                23 / 194              35 / 590              39 / 635              39 / 635         ops/s
[660.323s][info][gc,stats    ]      Memory: Page Cache Miss                                  17 / 55               10 / 71                9 / 71                9 / 71          ops/s
[660.323s][info][gc,stats    ]      Memory: Uncommit                                          0 / 0                 0 / 0                 0 / 0                 0 / 0           MB/s
[660.323s][info][gc,stats    ]      Memory: Undo Object Allocation Failed                     0 / 0                 0 / 2                 0 / 2                 0 / 2           ops/s
[660.323s][info][gc,stats    ]      Memory: Undo Object Allocation Succeeded                  0 / 0                 0 / 94                0 / 94                0 / 94          ops/s
[660.323s][info][gc,stats    ]      Memory: Undo Page Allocation                              1 / 9                 0 / 9                 0 / 9                 0 / 9           ops/s
[660.323s][info][gc,stats    ]       Phase: Concurrent Mark                              88.852 / 129.825      99.727 / 213.312      98.999 / 213.312      98.999 / 213.312     ms
[660.323s][info][gc,stats    ]       Phase: Concurrent Mark Continue                      0.000 / 0.000        14.265 / 35.578       14.776 / 35.578       14.776 / 35.578      ms
[660.323s][info][gc,stats    ]       Phase: Concurrent Mark Free                          0.002 / 0.005         0.001 / 0.005         0.001 / 0.005         0.001 / 0.005       ms
[660.323s][info][gc,stats    ]       Phase: Concurrent Process Non-Strong References      7.845 / 10.932        8.507 / 31.706        8.395 / 31.706        8.395 / 31.706      ms
[660.323s][info][gc,stats    ]       Phase: Concurrent Relocate                          10.005 / 35.072        9.375 / 50.020        9.559 / 76.380        9.559 / 76.380      ms
[660.323s][info][gc,stats    ]       Phase: Concurrent Reset Relocation Set               0.011 / 0.027         0.010 / 0.037         0.010 / 0.049         0.010 / 0.049       ms
[660.323s][info][gc,stats    ]       Phase: Concurrent Select Relocation Set              3.394 / 5.160         3.560 / 13.402        3.578 / 13.402        3.578 / 13.402      ms
[660.323s][info][gc,stats    ]       Phase: Pause Mark End                                0.034 / 0.105         0.032 / 0.344         0.043 / 0.390         0.043 / 0.390       ms
[660.323s][info][gc,stats    ]       Phase: Pause Mark Start                              0.008 / 0.009         0.008 / 0.022         0.008 / 0.022         0.008 / 0.022       ms
[660.323s][info][gc,stats    ]       Phase: Pause Relocate Start                          0.009 / 0.011         0.010 / 0.046         0.010 / 0.046         0.010 / 0.046       ms
[660.323s][info][gc,stats    ]    Subphase: Concurrent Classes Purge                      0.246 / 0.329         0.257 / 0.574         0.254 / 0.574         0.254 / 0.574       ms
[660.323s][info][gc,stats    ]    Subphase: Concurrent Classes Unlink                     5.891 / 9.778         6.042 / 11.374        5.971 / 23.760        5.971 / 23.760      ms
[660.323s][info][gc,stats    ]    Subphase: Concurrent Mark                              76.571 / 128.692      84.101 / 212.374      80.025 / 212.374      80.025 / 212.374     ms
[660.323s][info][gc,stats    ]    Subphase: Concurrent Mark Try Flush                     0.309 / 2.965         0.417 / 30.486        0.410 / 30.486        0.410 / 30.486      ms
[660.323s][info][gc,stats    ]    Subphase: Concurrent Mark Try Terminate                 1.128 / 6.876         2.605 / 24.568        2.739 / 24.568        2.739 / 24.568      ms
[660.323s][info][gc,stats    ]    Subphase: Concurrent References Enqueue                 0.003 / 0.007         0.003 / 0.009         0.003 / 0.009         0.003 / 0.009       ms
[660.323s][info][gc,stats    ]    Subphase: Concurrent References Process                 1.178 / 1.915         1.039 / 3.167         1.027 / 3.217         1.027 / 3.217       ms
[660.323s][info][gc,stats    ]    Subphase: Concurrent Roots ClassLoaderDataGraph         0.096 / 0.170         0.103 / 0.395         0.106 / 0.537         0.106 / 0.537       ms
[660.323s][info][gc,stats    ]    Subphase: Concurrent Roots CodeCache                    0.000 / 0.000         0.000 / 0.000         0.000 / 0.000         0.000 / 0.000       ms
[660.323s][info][gc,stats    ]    Subphase: Concurrent Roots JavaThreads                  0.338 / 0.825         0.354 / 1.117         0.357 / 1.258         0.357 / 1.258       ms
[660.323s][info][gc,stats    ]    Subphase: Concurrent Roots OopStorageSet                0.026 / 0.042         0.031 / 0.614         0.031 / 0.614         0.031 / 0.614       ms
[660.323s][info][gc,stats    ]    Subphase: Concurrent Weak Roots OopStorageSet           0.333 / 0.695         0.293 / 0.715         0.300 / 1.123         0.300 / 1.123       ms
[660.323s][info][gc,stats    ]    Subphase: Pause Mark Try Complete                       0.027 / 0.027         0.090 / 0.275         0.129 / 0.301         0.129 / 0.301       ms
[660.323s][info][gc,stats    ]      System: Java Threads                                     18 / 21               19 / 21               19 / 22               19 / 22          threads
[660.323s][info][gc,stats    ] =========================================================================================================================================================
[660.824s][info][gc,start    ] GC(391) Garbage Collection (Allocation Rate)
[660.824s][info][gc,task     ] GC(391) Using 2 workers
[660.824s][info][gc,phases   ] GC(391) Pause Mark Start 0.008ms
[660.903s][info][gc,phases   ] GC(391) Concurrent Mark 78.292ms
[660.903s][info][gc,phases   ] GC(391) Pause Mark End 0.014ms
[660.903s][info][gc,phases   ] GC(391) Concurrent Mark Free 0.000ms
[660.908s][info][gc,phases   ] GC(391) Concurrent Process Non-Strong References 5.186ms
[660.908s][info][gc,phases   ] GC(391) Concurrent Reset Relocation Set 0.027ms
[660.912s][info][gc,phases   ] GC(391) Concurrent Select Relocation Set 3.228ms
[660.912s][info][gc,phases   ] GC(391) Pause Relocate Start 0.010ms
[660.913s][info][gc,phases   ] GC(391) Concurrent Relocate 0.900ms
[660.913s][info][gc,load     ] GC(391) Load: 0.00/0.00/0.00
[660.913s][info][gc,mmu      ] GC(391) MMU: 2ms/80.5%, 5ms/90.4%, 10ms/95.2%, 20ms/96.3%, 50ms/97.1%, 100ms/97.5%
[660.913s][info][gc,marking  ] GC(391) Mark: 2 stripe(s), 2 proactive flush(es), 1 terminate flush(es), 0 completion(s), 0 continuation(s) 
[660.913s][info][gc,marking  ] GC(391) Mark Stack Usage: 32M
[660.913s][info][gc,nmethod  ] GC(391) NMethods: 4872 registered, 3 unregistered
