[0.033s][info][gc] Using Concurrent Mark Sweep
[0.033s][info][gc,heap,coops] Heap address: 0x0000000600000000, size: 8192 MB, Compressed Oops mode: Zero based, Oop shift amount: 3
[1.348s][info][gc,start     ] GC(0) Pause Young (Allocation Failure)
[1.349s][info][gc,task      ] GC(0) Using 6 workers of 6 for evacuation
[1.371s][info][gc,heap      ] GC(0) ParNew: 409024K->11437K(460096K)
[1.371s][info][gc,heap      ] GC(0) CMS: 0K->0K(7877440K)
[1.371s][info][gc,metaspace ] GC(0) Metaspace: 17338K(17920K)->17338K(17920K) NonClass: 14667K(15104K)->14667K(15104K) Class: 2670K(2816K)->2670K(2816K)
[1.371s][info][gc           ] GC(0) Pause Young (Allocation Failure) 399M->11M(8142M) 23.236ms
[1.374s][info][gc,cpu       ] GC(0) User=0.05s Sys=0.05s Real=0.04s
[1.849s][info][gc,start     ] GC(1) Pause Young (Allocation Failure)
[1.849s][info][gc,task      ] GC(1) Using 6 workers of 6 for evacuation
[1.874s][info][gc,heap      ] GC(1) ParNew: 420461K->26115K(460096K)
[1.874s][info][gc,heap      ] GC(1) CMS: 0K->0K(7877440K)
[1.874s][info][gc,metaspace ] GC(1) Metaspace: 20442K(20864K)->20442K(20864K) NonClass: 16882K(17152K)->16882K(17152K) Class: 3559K(3712K)->3559K(3712K)
[1.874s][info][gc           ] GC(1) Pause Young (Allocation Failure) 410M->25M(8142M) 25.075ms
[1.874s][info][gc,cpu       ] GC(1) User=0.09s Sys=0.00s Real=0.03s
[2.389s][info][gc,start     ] GC(2) Pause Full (System.gc())
[2.390s][info][gc,phases,start] GC(2) Phase 1: Mark live objects
[2.414s][info][gc,phases      ] GC(2) Phase 1: Mark live objects 24.840ms
[2.414s][info][gc,phases,start] GC(2) Phase 2: Compute new object addresses
[2.423s][info][gc,phases      ] GC(2) Phase 2: Compute new object addresses 8.982ms
[2.423s][info][gc,phases,start] GC(2) Phase 3: Adjust pointers
[2.439s][info][gc,phases      ] GC(2) Phase 3: Adjust pointers 16.002ms
[2.440s][info][gc,phases,start] GC(2) Phase 4: Move objects
[2.449s][info][gc,phases      ] GC(2) Phase 4: Move objects 9.208ms
[2.464s][info][gc,heap        ] GC(2) ParNew: 61088K->0K(460096K)
[2.464s][info][gc,heap        ] GC(2) CMS: 0K->23395K(7877440K)
[2.464s][info][gc,metaspace   ] GC(2) Metaspace: 26485K(27836K)->26485K(27836K) NonClass: 21863K(22928K)->21863K(22928K) Class: 4621K(4908K)->4621K(4908K)
[2.465s][info][gc             ] GC(2) Pause Full (System.gc()) 59M->22M(8142M) 76.002ms
[2.465s][info][gc,cpu         ] GC(2) User=0.19s Sys=0.05s Real=0.08s
[4.687s][info][gc,start       ] GC(3) Pause Young (Allocation Failure)
[4.687s][info][gc,task        ] GC(3) Using 6 workers of 6 for evacuation
[4.707s][info][gc,heap        ] GC(3) ParNew: 409024K->17444K(460096K)
[4.707s][info][gc,heap        ] GC(3) CMS: 23395K->23395K(7877440K)
[4.707s][info][gc,metaspace   ] GC(3) Metaspace: 41922K(44604K)->41922K(44604K) NonClass: 34712K(37008K)->34712K(37008K) Class: 7210K(7596K)->7210K(7596K)
[4.707s][info][gc             ] GC(3) Pause Young (Allocation Failure) 422M->39M(8142M) 19.543ms
[4.707s][info][gc,cpu         ] GC(3) User=0.09s Sys=0.02s Real=0.02s
[5.114s][info][gc,start       ] GC(4) Pause Young (Allocation Failure)
[5.114s][info][gc,task        ] GC(4) Using 6 workers of 6 for evacuation
[5.140s][info][gc,heap        ] GC(4) ParNew: 426468K->7546K(460096K)
[5.140s][info][gc,heap        ] GC(4) CMS: 23395K->23395K(7877440K)
[5.140s][info][gc,metaspace   ] GC(4) Metaspace: 42081K(44860K)->42081K(44860K) NonClass: 34871K(37264K)->34871K(37264K) Class: 7210K(7596K)->7210K(7596K)
[5.140s][info][gc             ] GC(4) Pause Young (Allocation Failure) 439M->30M(8142M) 26.153ms
[5.140s][info][gc,cpu         ] GC(4) User=0.09s Sys=0.00s Real=0.03s
[5.766s][info][gc,start       ] GC(5) Pause Young (Allocation Failure)
[5.766s][info][gc,task        ] GC(5) Using 6 workers of 6 for evacuation
[5.785s][info][gc,heap        ] GC(5) ParNew: 416570K->7116K(460096K)
[5.785s][info][gc,heap        ] GC(5) CMS: 23395K->23395K(7877440K)
[5.785s][info][gc,metaspace   ] GC(5) Metaspace: 42183K(45116K)->42183K(45116K) NonClass: 34972K(37520K)->34972K(37520K) Class: 7210K(7596K)->7210K(7596K)
[5.785s][info][gc             ] GC(5) Pause Young (Allocation Failure) 429M->29M(8142M) 18.655ms
[5.785s][info][gc,cpu         ] GC(5) User=0.08s Sys=0.00s Real=0.03s
[7.292s][info][gc,start       ] GC(6) Pause Young (Allocation Failure)
[7.292s][info][gc,task        ] GC(6) Using 6 workers of 6 for evacuation
[7.314s][info][gc,heap        ] GC(6) ParNew: 416140K->8817K(460096K)
[7.314s][info][gc,heap        ] GC(6) CMS: 23395K->23395K(7877440K)
[7.314s][info][gc,metaspace   ] GC(6) Metaspace: 42495K(45372K)->42495K(45372K) NonClass: 35284K(37776K)->35284K(37776K) Class: 7210K(7596K)->7210K(7596K)
[7.314s][info][gc             ] GC(6) Pause Young (Allocation Failure) 429M->31M(8142M) 21.524ms
[7.314s][info][gc,cpu         ] GC(6) User=0.05s Sys=0.00s Real=0.02s
[8.199s][info][gc,start       ] GC(7) Pause Young (Allocation Failure)
[8.200s][info][gc,task        ] GC(7) Using 6 workers of 6 for evacuation
[8.269s][info][gc,heap        ] GC(7) ParNew: 417841K->24985K(460096K)
[8.269s][info][gc,heap        ] GC(7) CMS: 23395K->23395K(7877440K)
[8.269s][info][gc,metaspace   ] GC(7) Metaspace: 43345K(46140K)->43345K(46140K) NonClass: 36065K(38544K)->36065K(38544K) Class: 7280K(7596K)->7280K(7596K)
[8.269s][info][gc             ] GC(7) Pause Young (Allocation Failure) 430M->47M(8142M) 69.814ms
[8.269s][info][gc,cpu         ] GC(7) User=0.12s Sys=0.02s Real=0.06s
[9.036s][info][gc,start       ] GC(8) Pause Young (Allocation Failure)
[9.036s][info][gc,task        ] GC(8) Using 6 workers of 6 for evacuation
[9.055s][info][gc,heap        ] GC(8) ParNew: 434009K->7699K(460096K)
[9.055s][info][gc,heap        ] GC(8) CMS: 23395K->23395K(7877440K)
[9.055s][info][gc,metaspace   ] GC(8) Metaspace: 43385K(46140K)->43385K(46140K) NonClass: 36103K(38544K)->36103K(38544K) Class: 7282K(7596K)->7282K(7596K)
[9.055s][info][gc             ] GC(8) Pause Young (Allocation Failure) 446M->30M(8142M) 19.912ms
[9.055s][info][gc,cpu         ] GC(8) User=0.09s Sys=0.00s Real=0.02s
[9.364s][info][gc,start       ] GC(9) Pause Young (Allocation Failure)
[9.364s][info][gc,task        ] GC(9) Using 6 workers of 6 for evacuation
[9.398s][info][gc,heap        ] GC(9) ParNew: 416723K->5664K(460096K)
[9.398s][info][gc,heap        ] GC(9) CMS: 23395K->29306K(7877440K)
[9.398s][info][gc,metaspace   ] GC(9) Metaspace: 43386K(46140K)->43386K(46140K) NonClass: 36104K(38544K)->36104K(38544K) Class: 7282K(7596K)->7282K(7596K)
[9.398s][info][gc             ] GC(9) Pause Young (Allocation Failure) 429M->34M(8142M) 33.840ms
[9.398s][info][gc,cpu         ] GC(9) User=0.16s Sys=0.02s Real=0.04s
[10.246s][info][gc,start       ] GC(10) Pause Young (Allocation Failure)
[10.246s][info][gc,task        ] GC(10) Using 6 workers of 6 for evacuation
[10.254s][info][gc,heap        ] GC(10) ParNew: 414688K->1492K(460096K)
[10.254s][info][gc,heap        ] GC(10) CMS: 29306K->29309K(7877440K)
[10.254s][info][gc,metaspace   ] GC(10) Metaspace: 43386K(46140K)->43386K(46140K) NonClass: 36104K(38544K)->36104K(38544K) Class: 7282K(7596K)->7282K(7596K)
[10.254s][info][gc             ] GC(10) Pause Young (Allocation Failure) 433M->30M(8142M) 7.811ms
[10.254s][info][gc,cpu         ] GC(10) User=0.02s Sys=0.00s Real=0.01s
[11.465s][info][gc,start       ] GC(11) Pause Young (Allocation Failure)
[11.465s][info][gc,task        ] GC(11) Using 6 workers of 6 for evacuation
[11.474s][info][gc,heap        ] GC(11) ParNew: 410516K->684K(460096K)
[11.474s][info][gc,heap        ] GC(11) CMS: 29309K->29314K(7877440K)
[11.474s][info][gc,metaspace   ] GC(11) Metaspace: 43391K(46140K)->43391K(46140K) NonClass: 36108K(38544K)->36108K(38544K) Class: 7282K(7596K)->7282K(7596K)
[11.474s][info][gc             ] GC(11) Pause Young (Allocation Failure) 429M->29M(8142M) 8.866ms
[11.474s][info][gc,cpu         ] GC(11) User=0.00s Sys=0.00s Real=0.02s
[12.034s][info][gc,start       ] GC(12) Pause Full (System.gc())
[12.035s][info][gc,phases,start] GC(12) Phase 1: Mark live objects
[12.104s][info][gc,phases      ] GC(12) Phase 1: Mark live objects 69.369ms
[12.104s][info][gc,phases,start] GC(12) Phase 2: Compute new object addresses
[12.164s][info][gc,phases      ] GC(12) Phase 2: Compute new object addresses 59.682ms
[12.164s][info][gc,phases,start] GC(12) Phase 3: Adjust pointers
[12.205s][info][gc,phases      ] GC(12) Phase 3: Adjust pointers 41.558ms
[12.205s][info][gc,phases,start] GC(12) Phase 4: Move objects
[12.235s][info][gc,phases      ] GC(12) Phase 4: Move objects 30.021ms
[12.255s][info][gc,heap        ] GC(12) ParNew: 384434K->0K(460096K)
[12.255s][info][gc,heap        ] GC(12) CMS: 29314K->46733K(7877440K)
[12.255s][info][gc,metaspace   ] GC(12) Metaspace: 43488K(46268K)->43488K(46268K) NonClass: 36199K(38544K)->36199K(38544K) Class: 7289K(7724K)->7289K(7724K)
[12.256s][info][gc             ] GC(12) Pause Full (System.gc()) 404M->45M(8142M) 221.267ms
[12.256s][info][gc,cpu         ] GC(12) User=0.20s Sys=0.02s Real=0.23s
[13.040s][info][gc,start       ] GC(13) Pause Young (Allocation Failure)
[13.040s][info][gc,task        ] GC(13) Using 6 workers of 6 for evacuation
[13.058s][info][gc,heap        ] GC(13) ParNew: 409024K->311K(460096K)
[13.059s][info][gc,heap        ] GC(13) CMS: 46733K->46733K(7877440K)
[13.059s][info][gc,metaspace   ] GC(13) Metaspace: 43515K(46268K)->43515K(46268K) NonClass: 36228K(38544K)->36228K(38544K) Class: 7287K(7724K)->7287K(7724K)
[13.059s][info][gc             ] GC(13) Pause Young (Allocation Failure) 445M->45M(8142M) 18.827ms
[13.059s][info][gc,cpu         ] GC(13) User=0.09s Sys=0.00s Real=0.03s
[13.248s][info][gc,start       ] GC(14) Pause Young (Allocation Failure)
[13.248s][info][gc,task        ] GC(14) Using 6 workers of 6 for evacuation
[13.265s][info][gc,heap        ] GC(14) ParNew: 409335K->158K(460096K)
[13.265s][info][gc,heap        ] GC(14) CMS: 46733K->46733K(7877440K)
[13.265s][info][gc,metaspace   ] GC(14) Metaspace: 43515K(46268K)->43515K(46268K) NonClass: 36228K(38544K)->36228K(38544K) Class: 7287K(7724K)->7287K(7724K)
[13.265s][info][gc             ] GC(14) Pause Young (Allocation Failure) 445M->45M(8142M) 17.437ms
[13.265s][info][gc,cpu         ] GC(14) User=0.09s Sys=0.00s Real=0.03s
[14.688s][info][gc,start       ] GC(15) Pause Young (Allocation Failure)
[14.688s][info][gc,task        ] GC(15) Using 6 workers of 6 for evacuation
[14.704s][info][gc,heap        ] GC(15) ParNew: 409182K->168K(460096K)
[14.704s][info][gc,heap        ] GC(15) CMS: 46733K->46733K(7877440K)
[14.704s][info][gc,metaspace   ] GC(15) Metaspace: 43515K(46268K)->43515K(46268K) NonClass: 36228K(38544K)->36228K(38544K) Class: 7287K(7724K)->7287K(7724K)
[14.704s][info][gc             ] GC(15) Pause Young (Allocation Failure) 445M->45M(8142M) 16.182ms
[14.704s][info][gc,cpu         ] GC(15) User=0.09s Sys=0.00s Real=0.02s
[15.393s][info][gc,start       ] GC(16) Pause Young (Allocation Failure)
[15.393s][info][gc,task        ] GC(16) Using 6 workers of 6 for evacuation
[15.433s][info][gc,heap        ] GC(16) ParNew: 409192K->9321K(460096K)
[15.433s][info][gc,heap        ] GC(16) CMS: 46733K->46733K(7877440K)
[15.433s][info][gc,metaspace   ] GC(16) Metaspace: 43515K(46268K)->43515K(46268K) NonClass: 36228K(38544K)->36228K(38544K) Class: 7287K(7724K)->7287K(7724K)
[15.433s][info][gc             ] GC(16) Pause Young (Allocation Failure) 445M->54M(8142M) 39.816ms
[15.433s][info][gc,cpu         ] GC(16) User=0.02s Sys=0.02s Real=0.05s
[16.167s][info][gc,start       ] GC(17) Pause Young (Allocation Failure)
[16.167s][info][gc,task        ] GC(17) Using 6 workers of 6 for evacuation
[16.203s][info][gc,heap        ] GC(17) ParNew: 418345K->8475K(460096K)
[16.203s][info][gc,heap        ] GC(17) CMS: 46733K->46733K(7877440K)
[16.203s][info][gc,metaspace   ] GC(17) Metaspace: 43517K(46268K)->43517K(46268K) NonClass: 36230K(38544K)->36230K(38544K) Class: 7287K(7724K)->7287K(7724K)
[16.203s][info][gc             ] GC(17) Pause Young (Allocation Failure) 454M->53M(8142M) 35.299ms
[16.203s][info][gc,cpu         ] GC(17) User=0.11s Sys=0.00s Real=0.04s
[16.503s][info][gc,start       ] GC(18) Pause Young (Allocation Failure)
[16.503s][info][gc,task        ] GC(18) Using 6 workers of 6 for evacuation
[16.521s][info][gc,heap        ] GC(18) ParNew: 417499K->544K(460096K)
[16.521s][info][gc,heap        ] GC(18) CMS: 46733K->46733K(7877440K)
[16.521s][info][gc,metaspace   ] GC(18) Metaspace: 43518K(46268K)->43518K(46268K) NonClass: 36231K(38544K)->36231K(38544K) Class: 7287K(7724K)->7287K(7724K)
[16.521s][info][gc             ] GC(18) Pause Young (Allocation Failure) 453M->46M(8142M) 17.973ms
[16.521s][info][gc,cpu         ] GC(18) User=0.00s Sys=0.00s Real=0.02s
[17.308s][info][gc,start       ] GC(19) Pause Young (Allocation Failure)
[17.308s][info][gc,task        ] GC(19) Using 6 workers of 6 for evacuation
[17.324s][info][gc,heap        ] GC(19) ParNew: 409568K->156K(460096K)
[17.324s][info][gc,heap        ] GC(19) CMS: 46733K->46854K(7877440K)
[17.324s][info][gc,metaspace   ] GC(19) Metaspace: 43518K(46268K)->43518K(46268K) NonClass: 36231K(38544K)->36231K(38544K) Class: 7287K(7724K)->7287K(7724K)
[17.324s][info][gc             ] GC(19) Pause Young (Allocation Failure) 445M->45M(8142M) 15.865ms
[17.324s][info][gc,cpu         ] GC(19) User=0.09s Sys=0.00s Real=0.01s
[18.486s][info][gc,start       ] GC(20) Pause Young (Allocation Failure)
[18.486s][info][gc,task        ] GC(20) Using 6 workers of 6 for evacuation
[18.504s][info][gc,heap        ] GC(20) ParNew: 409180K->49K(460096K)
[18.504s][info][gc,heap        ] GC(20) CMS: 46854K->46855K(7877440K)
[18.504s][info][gc,metaspace   ] GC(20) Metaspace: 43518K(46268K)->43518K(46268K) NonClass: 36231K(38544K)->36231K(38544K) Class: 7287K(7724K)->7287K(7724K)
[18.504s][info][gc             ] GC(20) Pause Young (Allocation Failure) 445M->45M(8142M) 18.164ms
[18.504s][info][gc,cpu         ] GC(20) User=0.09s Sys=0.00s Real=0.02s
[18.976s][info][gc,start       ] GC(21) Pause Young (Allocation Failure)
[18.976s][info][gc,task        ] GC(21) Using 6 workers of 6 for evacuation
[19.041s][info][gc,heap        ] GC(21) ParNew: 409073K->17214K(460096K)
[19.041s][info][gc,heap        ] GC(21) CMS: 46855K->46857K(7877440K)
[19.041s][info][gc,metaspace   ] GC(21) Metaspace: 43518K(46268K)->43518K(46268K) NonClass: 36231K(38544K)->36231K(38544K) Class: 7287K(7724K)->7287K(7724K)
[19.041s][info][gc             ] GC(21) Pause Young (Allocation Failure) 445M->62M(8142M) 64.761ms
[19.041s][info][gc,cpu         ] GC(21) User=0.14s Sys=0.00s Real=0.06s
[19.184s][info][gc,start       ] GC(22) Pause Full (System.gc())
[19.184s][info][gc,phases,start] GC(22) Phase 1: Mark live objects
[19.212s][info][gc,phases      ] GC(22) Phase 1: Mark live objects 27.727ms
[19.212s][info][gc,phases,start] GC(22) Phase 2: Compute new object addresses
[19.231s][info][gc,phases      ] GC(22) Phase 2: Compute new object addresses 18.821ms
[19.231s][info][gc,phases,start] GC(22) Phase 3: Adjust pointers
[19.253s][info][gc,phases      ] GC(22) Phase 3: Adjust pointers 21.823ms
[19.253s][info][gc,phases,start] GC(22) Phase 4: Move objects
[19.260s][info][gc,phases      ] GC(22) Phase 4: Move objects 6.919ms
[19.265s][info][gc,heap        ] GC(22) ParNew: 74653K->0K(460096K)
[19.265s][info][gc,heap        ] GC(22) CMS: 46857K->28900K(7877440K)
[19.265s][info][gc,metaspace   ] GC(22) Metaspace: 43521K(46268K)->43521K(46268K) NonClass: 36234K(38544K)->36234K(38544K) Class: 7287K(7724K)->7287K(7724K)
[19.266s][info][gc             ] GC(22) Pause Full (System.gc()) 118M->28M(8142M) 81.917ms
[19.266s][info][gc,cpu         ] GC(22) User=0.08s Sys=0.00s Real=0.09s
[19.966s][info][gc,start       ] GC(23) Pause Young (Allocation Failure)
[19.966s][info][gc,task        ] GC(23) Using 6 workers of 6 for evacuation
[19.983s][info][gc,heap        ] GC(23) ParNew: 409024K->763K(460096K)
[19.983s][info][gc,heap        ] GC(23) CMS: 28900K->28900K(7877440K)
[19.983s][info][gc,metaspace   ] GC(23) Metaspace: 43601K(46524K)->43601K(46524K) NonClass: 36313K(38800K)->36313K(38800K) Class: 7287K(7724K)->7287K(7724K)
[19.983s][info][gc             ] GC(23) Pause Young (Allocation Failure) 427M->28M(8142M) 17.352ms
[19.983s][info][gc,cpu         ] GC(23) User=0.08s Sys=0.02s Real=0.02s
[20.174s][info][gc,start       ] GC(24) Pause Young (Allocation Failure)
[20.174s][info][gc,task        ] GC(24) Using 6 workers of 6 for evacuation
[20.190s][info][gc,heap        ] GC(24) ParNew: 409787K->271K(460096K)
[20.190s][info][gc,heap        ] GC(24) CMS: 28900K->28900K(7877440K)
[20.190s][info][gc,metaspace   ] GC(24) Metaspace: 43603K(46524K)->43603K(46524K) NonClass: 36315K(38800K)->36315K(38800K) Class: 7287K(7724K)->7287K(7724K)
[20.190s][info][gc             ] GC(24) Pause Young (Allocation Failure) 428M->28M(8142M) 16.139ms
[20.190s][info][gc,cpu         ] GC(24) User=0.05s Sys=0.00s Real=0.02s
[21.596s][info][gc,start       ] GC(25) Pause Young (Allocation Failure)
[21.596s][info][gc,task        ] GC(25) Using 6 workers of 6 for evacuation
[21.613s][info][gc,heap        ] GC(25) ParNew: 409295K->159K(460096K)
[21.613s][info][gc,heap        ] GC(25) CMS: 28900K->28900K(7877440K)
[21.613s][info][gc,metaspace   ] GC(25) Metaspace: 43606K(46524K)->43606K(46524K) NonClass: 36319K(38800K)->36319K(38800K) Class: 7287K(7724K)->7287K(7724K)
[21.613s][info][gc             ] GC(25) Pause Young (Allocation Failure) 427M->28M(8142M) 16.611ms
[21.613s][info][gc,cpu         ] GC(25) User=0.03s Sys=0.00s Real=0.02s
[22.290s][info][gc,start       ] GC(26) Pause Young (Allocation Failure)
[22.290s][info][gc,task        ] GC(26) Using 6 workers of 6 for evacuation
[22.328s][info][gc,heap        ] GC(26) ParNew: 409183K->9508K(460096K)
[22.328s][info][gc,heap        ] GC(26) CMS: 28900K->28900K(7877440K)
[22.328s][info][gc,metaspace   ] GC(26) Metaspace: 43606K(46524K)->43606K(46524K) NonClass: 36319K(38800K)->36319K(38800K) Class: 7287K(7724K)->7287K(7724K)
[22.328s][info][gc             ] GC(26) Pause Young (Allocation Failure) 427M->37M(8142M) 38.326ms
[22.328s][info][gc,cpu         ] GC(26) User=0.11s Sys=0.00s Real=0.05s
[23.002s][info][gc,start       ] GC(27) Pause Young (Allocation Failure)
[23.002s][info][gc,task        ] GC(27) Using 6 workers of 6 for evacuation
[23.039s][info][gc,heap        ] GC(27) ParNew: 418532K->8295K(460096K)
[23.039s][info][gc,heap        ] GC(27) CMS: 28900K->28900K(7877440K)
[23.039s][info][gc,metaspace   ] GC(27) Metaspace: 43607K(46524K)->43607K(46524K) NonClass: 36319K(38800K)->36319K(38800K) Class: 7287K(7724K)->7287K(7724K)
[23.039s][info][gc             ] GC(27) Pause Young (Allocation Failure) 436M->36M(8142M) 37.261ms
[23.039s][info][gc,cpu         ] GC(27) User=0.11s Sys=0.00s Real=0.05s
[23.343s][info][gc,start       ] GC(28) Pause Young (Allocation Failure)
[23.343s][info][gc,task        ] GC(28) Using 6 workers of 6 for evacuation
[23.360s][info][gc,heap        ] GC(28) ParNew: 417319K->383K(460096K)
[23.360s][info][gc,heap        ] GC(28) CMS: 28900K->28900K(7877440K)
[23.360s][info][gc,metaspace   ] GC(28) Metaspace: 43607K(46524K)->43607K(46524K) NonClass: 36319K(38800K)->36319K(38800K) Class: 7287K(7724K)->7287K(7724K)
[23.360s][info][gc             ] GC(28) Pause Young (Allocation Failure) 435M->28M(8142M) 16.489ms
[23.360s][info][gc,cpu         ] GC(28) User=0.09s Sys=0.00s Real=0.02s
[24.146s][info][gc,start       ] GC(29) Pause Young (Allocation Failure)
[24.147s][info][gc,task        ] GC(29) Using 6 workers of 6 for evacuation
[24.165s][info][gc,heap        ] GC(29) ParNew: 409407K->89K(460096K)
[24.165s][info][gc,heap        ] GC(29) CMS: 28900K->29018K(7877440K)
[24.165s][info][gc,metaspace   ] GC(29) Metaspace: 43607K(46524K)->43607K(46524K) NonClass: 36319K(38800K)->36319K(38800K) Class: 7287K(7724K)->7287K(7724K)
[24.165s][info][gc             ] GC(29) Pause Young (Allocation Failure) 428M->28M(8142M) 18.287ms
[24.165s][info][gc,cpu         ] GC(29) User=0.09s Sys=0.00s Real=0.03s
[25.330s][info][gc,start       ] GC(30) Pause Young (Allocation Failure)
[25.330s][info][gc,task        ] GC(30) Using 6 workers of 6 for evacuation
[25.348s][info][gc,heap        ] GC(30) ParNew: 409113K->34K(460096K)
[25.348s][info][gc,heap        ] GC(30) CMS: 29018K->29020K(7877440K)
[25.348s][info][gc,metaspace   ] GC(30) Metaspace: 43609K(46524K)->43609K(46524K) NonClass: 36321K(38800K)->36321K(38800K) Class: 7287K(7724K)->7287K(7724K)
[25.348s][info][gc             ] GC(30) Pause Young (Allocation Failure) 427M->28M(8142M) 18.104ms
[25.348s][info][gc,cpu         ] GC(30) User=0.16s Sys=0.00s Real=0.02s
[25.825s][info][gc,start       ] GC(31) Pause Young (Allocation Failure)
[25.825s][info][gc,task        ] GC(31) Using 6 workers of 6 for evacuation
[25.894s][info][gc,heap        ] GC(31) ParNew: 409058K->17234K(460096K)
[25.894s][info][gc,heap        ] GC(31) CMS: 29020K->29021K(7877440K)
[25.894s][info][gc,metaspace   ] GC(31) Metaspace: 43609K(46524K)->43609K(46524K) NonClass: 36321K(38800K)->36321K(38800K) Class: 7287K(7724K)->7287K(7724K)
[25.894s][info][gc             ] GC(31) Pause Young (Allocation Failure) 427M->45M(8142M) 69.451ms
[25.894s][info][gc,cpu         ] GC(31) User=0.16s Sys=0.00s Real=0.06s
[26.033s][info][gc,start       ] GC(32) Pause Full (System.gc())
[26.033s][info][gc,phases,start] GC(32) Phase 1: Mark live objects
[26.070s][info][gc,phases      ] GC(32) Phase 1: Mark live objects 36.918ms
[26.070s][info][gc,phases,start] GC(32) Phase 2: Compute new object addresses
[26.086s][info][gc,phases      ] GC(32) Phase 2: Compute new object addresses 15.700ms
[26.086s][info][gc,phases,start] GC(32) Phase 3: Adjust pointers
[26.107s][info][gc,phases      ] GC(32) Phase 3: Adjust pointers 21.327ms
[26.107s][info][gc,phases,start] GC(32) Phase 4: Move objects
[26.114s][info][gc,phases      ] GC(32) Phase 4: Move objects 6.586ms
[26.119s][info][gc,heap        ] GC(32) ParNew: 66363K->0K(460096K)
[26.119s][info][gc,heap        ] GC(32) CMS: 29021K->28902K(7877440K)
[26.119s][info][gc,metaspace   ] GC(32) Metaspace: 43613K(46524K)->43613K(46524K) NonClass: 36325K(38800K)->36325K(38800K) Class: 7287K(7724K)->7287K(7724K)
[26.120s][info][gc             ] GC(32) Pause Full (System.gc()) 93M->28M(8142M) 87.165ms
[26.120s][info][gc,cpu         ] GC(32) User=0.08s Sys=0.02s Real=0.08s
[26.782s][info][gc,start       ] GC(33) Pause Young (Allocation Failure)
[26.783s][info][gc,task        ] GC(33) Using 6 workers of 6 for evacuation
[26.798s][info][gc,heap        ] GC(33) ParNew: 409024K->762K(460096K)
[26.798s][info][gc,heap        ] GC(33) CMS: 28902K->28902K(7877440K)
[26.798s][info][gc,metaspace   ] GC(33) Metaspace: 43648K(46524K)->43648K(46524K) NonClass: 36360K(38800K)->36360K(38800K) Class: 7287K(7724K)->7287K(7724K)
[26.798s][info][gc             ] GC(33) Pause Young (Allocation Failure) 427M->28M(8142M) 15.722ms
[26.798s][info][gc,cpu         ] GC(33) User=0.09s Sys=0.00s Real=0.01s
[26.946s][info][gc,start       ] GC(34) Pause Young (Allocation Failure)
[26.946s][info][gc,task        ] GC(34) Using 6 workers of 6 for evacuation
[26.962s][info][gc,heap        ] GC(34) ParNew: 409786K->271K(460096K)
[26.962s][info][gc,heap        ] GC(34) CMS: 28902K->28902K(7877440K)
[26.962s][info][gc,metaspace   ] GC(34) Metaspace: 43661K(46524K)->43661K(46524K) NonClass: 36373K(38800K)->36373K(38800K) Class: 7287K(7724K)->7287K(7724K)
[26.962s][info][gc             ] GC(34) Pause Young (Allocation Failure) 428M->28M(8142M) 16.194ms
[26.962s][info][gc,cpu         ] GC(34) User=0.08s Sys=0.02s Real=0.01s
[28.292s][info][gc,start       ] GC(35) Pause Young (Allocation Failure)
[28.292s][info][gc,task        ] GC(35) Using 6 workers of 6 for evacuation
[28.308s][info][gc,heap        ] GC(35) ParNew: 409295K->159K(460096K)
[28.308s][info][gc,heap        ] GC(35) CMS: 28902K->28902K(7877440K)
[28.308s][info][gc,metaspace   ] GC(35) Metaspace: 43686K(46524K)->43686K(46524K) NonClass: 36398K(38800K)->36398K(38800K) Class: 7287K(7724K)->7287K(7724K)
[28.308s][info][gc             ] GC(35) Pause Young (Allocation Failure) 427M->28M(8142M) 15.533ms
[28.308s][info][gc,cpu         ] GC(35) User=0.08s Sys=0.02s Real=0.02s
[28.997s][info][gc,start       ] GC(36) Pause Young (Allocation Failure)
[28.997s][info][gc,task        ] GC(36) Using 6 workers of 6 for evacuation
[29.035s][info][gc,heap        ] GC(36) ParNew: 409183K->8683K(460096K)
[29.035s][info][gc,heap        ] GC(36) CMS: 28902K->28902K(7877440K)
[29.035s][info][gc,metaspace   ] GC(36) Metaspace: 43686K(46524K)->43686K(46524K) NonClass: 36398K(38800K)->36398K(38800K) Class: 7287K(7724K)->7287K(7724K)
[29.035s][info][gc             ] GC(36) Pause Young (Allocation Failure) 427M->36M(8142M) 38.021ms
[29.035s][info][gc,cpu         ] GC(36) User=0.12s Sys=0.00s Real=0.05s
[29.716s][info][gc,start       ] GC(37) Pause Young (Allocation Failure)
[29.716s][info][gc,task        ] GC(37) Using 6 workers of 6 for evacuation
[29.755s][info][gc,heap        ] GC(37) ParNew: 417707K->9011K(460096K)
[29.755s][info][gc,heap        ] GC(37) CMS: 28902K->28902K(7877440K)
[29.755s][info][gc,metaspace   ] GC(37) Metaspace: 43686K(46524K)->43686K(46524K) NonClass: 36398K(38800K)->36398K(38800K) Class: 7287K(7724K)->7287K(7724K)
[29.755s][info][gc             ] GC(37) Pause Young (Allocation Failure) 436M->37M(8142M) 39.372ms
[29.755s][info][gc,cpu         ] GC(37) User=0.16s Sys=0.00s Real=0.04s
[30.020s][info][gc,start       ] GC(38) Pause Young (Allocation Failure)
[30.020s][info][gc,task        ] GC(38) Using 6 workers of 6 for evacuation
[30.037s][info][gc,heap        ] GC(38) ParNew: 418035K->560K(460096K)
[30.037s][info][gc,heap        ] GC(38) CMS: 28902K->28902K(7877440K)
[30.037s][info][gc,metaspace   ] GC(38) Metaspace: 43686K(46524K)->43686K(46524K) NonClass: 36398K(38800K)->36398K(38800K) Class: 7287K(7724K)->7287K(7724K)
[30.037s][info][gc             ] GC(38) Pause Young (Allocation Failure) 436M->28M(8142M) 17.119ms
[30.037s][info][gc,cpu         ] GC(38) User=0.08s Sys=0.00s Real=0.02s
[30.671s][info][gc,start       ] GC(39) Pause Young (Allocation Failure)
[30.671s][info][gc,task        ] GC(39) Using 6 workers of 6 for evacuation
[30.688s][info][gc,heap        ] GC(39) ParNew: 409584K->106K(460096K)
[30.688s][info][gc,heap        ] GC(39) CMS: 28902K->29018K(7877440K)
[30.688s][info][gc,metaspace   ] GC(39) Metaspace: 43686K(46524K)->43686K(46524K) NonClass: 36398K(38800K)->36398K(38800K) Class: 7287K(7724K)->7287K(7724K)
[30.688s][info][gc             ] GC(39) Pause Young (Allocation Failure) 428M->28M(8142M) 17.042ms
[30.688s][info][gc,cpu         ] GC(39) User=0.09s Sys=0.00s Real=0.02s
[31.841s][info][gc,start       ] GC(40) Pause Young (Allocation Failure)
[31.841s][info][gc,task        ] GC(40) Using 6 workers of 6 for evacuation
[31.858s][info][gc,heap        ] GC(40) ParNew: 409130K->42K(460096K)
[31.859s][info][gc,heap        ] GC(40) CMS: 29018K->29022K(7877440K)
[31.859s][info][gc,metaspace   ] GC(40) Metaspace: 43703K(46524K)->43703K(46524K) NonClass: 36415K(38800K)->36415K(38800K) Class: 7287K(7724K)->7287K(7724K)
[31.859s][info][gc             ] GC(40) Pause Young (Allocation Failure) 427M->28M(8142M) 17.609ms
[31.859s][info][gc,cpu         ] GC(40) User=0.09s Sys=0.00s Real=0.03s
[32.330s][info][gc,start       ] GC(41) Pause Young (Allocation Failure)
[32.330s][info][gc,task        ] GC(41) Using 6 workers of 6 for evacuation
[32.392s][info][gc,heap        ] GC(41) ParNew: 409066K->17225K(460096K)
[32.392s][info][gc,heap        ] GC(41) CMS: 29022K->29024K(7877440K)
[32.392s][info][gc,metaspace   ] GC(41) Metaspace: 43703K(46524K)->43703K(46524K) NonClass: 36415K(38800K)->36415K(38800K) Class: 7287K(7724K)->7287K(7724K)
[32.392s][info][gc             ] GC(41) Pause Young (Allocation Failure) 427M->45M(8142M) 62.102ms
[32.392s][info][gc,cpu         ] GC(41) User=0.12s Sys=0.00s Real=0.07s
[32.543s][info][gc,start       ] GC(42) Pause Full (System.gc())
[32.543s][info][gc,phases,start] GC(42) Phase 1: Mark live objects
[32.583s][info][gc,phases      ] GC(42) Phase 1: Mark live objects 39.499ms
[32.583s][info][gc,phases,start] GC(42) Phase 2: Compute new object addresses
[32.601s][info][gc,phases      ] GC(42) Phase 2: Compute new object addresses 18.424ms
[32.602s][info][gc,phases,start] GC(42) Phase 3: Adjust pointers
[32.624s][info][gc,phases      ] GC(42) Phase 3: Adjust pointers 22.459ms
[32.624s][info][gc,phases,start] GC(42) Phase 4: Move objects
[32.631s][info][gc,phases      ] GC(42) Phase 4: Move objects 6.659ms
[32.636s][info][gc,heap        ] GC(42) ParNew: 74497K->0K(460096K)
[32.636s][info][gc,heap        ] GC(42) CMS: 29024K->28905K(7877440K)
[32.636s][info][gc,metaspace   ] GC(42) Metaspace: 43708K(46524K)->43708K(46524K) NonClass: 36420K(38800K)->36420K(38800K) Class: 7287K(7724K)->7287K(7724K)
[32.637s][info][gc             ] GC(42) Pause Full (System.gc()) 101M->28M(8142M) 93.559ms
[32.637s][info][gc,cpu         ] GC(42) User=0.09s Sys=0.00s Real=0.11s
[33.264s][info][gc,start       ] GC(43) Pause Young (Allocation Failure)
[33.264s][info][gc,task        ] GC(43) Using 6 workers of 6 for evacuation
[33.280s][info][gc,heap        ] GC(43) ParNew: 409024K->764K(460096K)
[33.280s][info][gc,heap        ] GC(43) CMS: 28905K->28905K(7877440K)
[33.280s][info][gc,metaspace   ] GC(43) Metaspace: 43971K(46780K)->43971K(46780K) NonClass: 36683K(39056K)->36683K(39056K) Class: 7287K(7724K)->7287K(7724K)
[33.280s][info][gc             ] GC(43) Pause Young (Allocation Failure) 427M->28M(8142M) 16.209ms
[33.280s][info][gc,cpu         ] GC(43) User=0.09s Sys=0.00s Real=0.02s
[33.420s][info][gc,start       ] GC(44) Pause Young (Allocation Failure)
[33.420s][info][gc,task        ] GC(44) Using 6 workers of 6 for evacuation
[33.436s][info][gc,heap        ] GC(44) ParNew: 409788K->272K(460096K)
[33.436s][info][gc,heap        ] GC(44) CMS: 28905K->28905K(7877440K)
[33.436s][info][gc,metaspace   ] GC(44) Metaspace: 43971K(46780K)->43971K(46780K) NonClass: 36683K(39056K)->36683K(39056K) Class: 7287K(7724K)->7287K(7724K)
[33.436s][info][gc             ] GC(44) Pause Young (Allocation Failure) 428M->28M(8142M) 16.427ms
[33.436s][info][gc,cpu         ] GC(44) User=0.08s Sys=0.00s Real=0.01s
[34.733s][info][gc,start       ] GC(45) Pause Young (Allocation Failure)
[34.733s][info][gc,task        ] GC(45) Using 6 workers of 6 for evacuation
[34.749s][info][gc,heap        ] GC(45) ParNew: 409296K->159K(460096K)
[34.749s][info][gc,heap        ] GC(45) CMS: 28905K->28905K(7877440K)
[34.749s][info][gc,metaspace   ] GC(45) Metaspace: 43983K(46780K)->43983K(46780K) NonClass: 36695K(39056K)->36695K(39056K) Class: 7287K(7724K)->7287K(7724K)
[34.749s][info][gc             ] GC(45) Pause Young (Allocation Failure) 427M->28M(8142M) 16.139ms
[34.749s][info][gc,cpu         ] GC(45) User=0.09s Sys=0.00s Real=0.01s
[35.402s][info][gc,start       ] GC(46) Pause Young (Allocation Failure)
[35.402s][info][gc,task        ] GC(46) Using 6 workers of 6 for evacuation
[35.441s][info][gc,heap        ] GC(46) ParNew: 409183K->9548K(460096K)
[35.441s][info][gc,heap        ] GC(46) CMS: 28905K->28905K(7877440K)
[35.441s][info][gc,metaspace   ] GC(46) Metaspace: 44010K(46780K)->44010K(46780K) NonClass: 36722K(39056K)->36722K(39056K) Class: 7287K(7724K)->7287K(7724K)
[35.441s][info][gc             ] GC(46) Pause Young (Allocation Failure) 427M->37M(8142M) 39.035ms
[35.441s][info][gc,cpu         ] GC(46) User=0.11s Sys=0.00s Real=0.04s
[36.123s][info][gc,start       ] GC(47) Pause Young (Allocation Failure)
[36.123s][info][gc,task        ] GC(47) Using 6 workers of 6 for evacuation
[36.157s][info][gc,heap        ] GC(47) ParNew: 418572K->8175K(460096K)
[36.157s][info][gc,heap        ] GC(47) CMS: 28905K->28905K(7877440K)
[36.157s][info][gc,metaspace   ] GC(47) Metaspace: 44018K(46780K)->44018K(46780K) NonClass: 36730K(39056K)->36730K(39056K) Class: 7287K(7724K)->7287K(7724K)
[36.157s][info][gc             ] GC(47) Pause Young (Allocation Failure) 436M->36M(8142M) 33.883ms
[36.157s][info][gc,cpu         ] GC(47) User=0.11s Sys=0.00s Real=0.03s
[36.350s][info][gc,start       ] GC(48) Pause Young (Allocation Failure)
[36.350s][info][gc,task        ] GC(48) Using 6 workers of 6 for evacuation
[36.368s][info][gc,heap        ] GC(48) ParNew: 417199K->619K(460096K)
[36.368s][info][gc,heap        ] GC(48) CMS: 28905K->28905K(7877440K)
[36.368s][info][gc,metaspace   ] GC(48) Metaspace: 44018K(46780K)->44018K(46780K) NonClass: 36730K(39056K)->36730K(39056K) Class: 7287K(7724K)->7287K(7724K)
[36.368s][info][gc             ] GC(48) Pause Young (Allocation Failure) 435M->28M(8142M) 18.716ms
[36.368s][info][gc,cpu         ] GC(48) User=0.09s Sys=0.00s Real=0.02s
[36.974s][info][gc,start       ] GC(49) Pause Young (Allocation Failure)
[36.974s][info][gc,task        ] GC(49) Using 6 workers of 6 for evacuation
[36.990s][info][gc,heap        ] GC(49) ParNew: 409643K->101K(460096K)
[36.990s][info][gc,heap        ] GC(49) CMS: 28905K->29021K(7877440K)
[36.990s][info][gc,metaspace   ] GC(49) Metaspace: 44019K(46780K)->44019K(46780K) NonClass: 36732K(39056K)->36732K(39056K) Class: 7287K(7724K)->7287K(7724K)
[36.990s][info][gc             ] GC(49) Pause Young (Allocation Failure) 428M->28M(8142M) 16.600ms
[36.990s][info][gc,cpu         ] GC(49) User=0.06s Sys=0.00s Real=0.02s
[38.111s][info][gc,start       ] GC(50) Pause Young (Allocation Failure)
[38.111s][info][gc,task        ] GC(50) Using 6 workers of 6 for evacuation
[38.129s][info][gc,heap        ] GC(50) ParNew: 409125K->33K(460096K)
[38.129s][info][gc,heap        ] GC(50) CMS: 29021K->29023K(7877440K)
[38.129s][info][gc,metaspace   ] GC(50) Metaspace: 44040K(46780K)->44040K(46780K) NonClass: 36752K(39056K)->36752K(39056K) Class: 7287K(7724K)->7287K(7724K)
[38.129s][info][gc             ] GC(50) Pause Young (Allocation Failure) 427M->28M(8142M) 17.922ms
[38.129s][info][gc,cpu         ] GC(50) User=0.09s Sys=0.00s Real=0.02s
[38.572s][info][gc,start       ] GC(51) Pause Young (Allocation Failure)
[38.572s][info][gc,task        ] GC(51) Using 6 workers of 6 for evacuation
[38.648s][info][gc,heap        ] GC(51) ParNew: 409057K->17229K(460096K)
[38.648s][info][gc,heap        ] GC(51) CMS: 29023K->29024K(7877440K)
[38.648s][info][gc,metaspace   ] GC(51) Metaspace: 44040K(46780K)->44040K(46780K) NonClass: 36752K(39056K)->36752K(39056K) Class: 7287K(7724K)->7287K(7724K)
[38.648s][info][gc             ] GC(51) Pause Young (Allocation Failure) 427M->45M(8142M) 75.721ms
[38.648s][info][gc,cpu         ] GC(51) User=0.16s Sys=0.00s Real=0.08s
[38.774s][info][gc,start       ] GC(52) Pause Full (System.gc())
[38.775s][info][gc,phases,start] GC(52) Phase 1: Mark live objects
[38.816s][info][gc,phases      ] GC(52) Phase 1: Mark live objects 41.049ms
[38.816s][info][gc,phases,start] GC(52) Phase 2: Compute new object addresses
[38.832s][info][gc,phases      ] GC(52) Phase 2: Compute new object addresses 15.633ms
[38.832s][info][gc,phases,start] GC(52) Phase 3: Adjust pointers
[38.854s][info][gc,phases      ] GC(52) Phase 3: Adjust pointers 22.049ms
[38.854s][info][gc,phases,start] GC(52) Phase 4: Move objects
[38.860s][info][gc,phases      ] GC(52) Phase 4: Move objects 6.449ms
[38.865s][info][gc,heap        ] GC(52) ParNew: 66312K->0K(460096K)
[38.865s][info][gc,heap        ] GC(52) CMS: 29024K->28906K(7877440K)
[38.865s][info][gc,metaspace   ] GC(52) Metaspace: 44043K(46780K)->44043K(46780K) NonClass: 36755K(39056K)->36755K(39056K) Class: 7287K(7724K)->7287K(7724K)
[38.866s][info][gc             ] GC(52) Pause Full (System.gc()) 93M->28M(8142M) 92.179ms
[38.866s][info][gc,cpu         ] GC(52) User=0.11s Sys=0.02s Real=0.09s
[39.428s][info][gc,start       ] GC(53) Pause Young (Allocation Failure)
[39.428s][info][gc,task        ] GC(53) Using 6 workers of 6 for evacuation
[39.445s][info][gc,heap        ] GC(53) ParNew: 409024K->763K(460096K)
[39.445s][info][gc,heap        ] GC(53) CMS: 28906K->28906K(7877440K)
[39.445s][info][gc,metaspace   ] GC(53) Metaspace: 44185K(47036K)->44185K(47036K) NonClass: 36897K(39312K)->36897K(39312K) Class: 7287K(7724K)->7287K(7724K)
[39.445s][info][gc             ] GC(53) Pause Young (Allocation Failure) 427M->28M(8142M) 16.889ms
[39.445s][info][gc,cpu         ] GC(53) User=0.09s Sys=0.00s Real=0.02s
[39.588s][info][gc,start       ] GC(54) Pause Young (Allocation Failure)
[39.589s][info][gc,task        ] GC(54) Using 6 workers of 6 for evacuation
[39.607s][info][gc,heap        ] GC(54) ParNew: 409787K->271K(460096K)
[39.607s][info][gc,heap        ] GC(54) CMS: 28906K->28906K(7877440K)
[39.607s][info][gc,metaspace   ] GC(54) Metaspace: 44185K(47036K)->44185K(47036K) NonClass: 36897K(39312K)->36897K(39312K) Class: 7287K(7724K)->7287K(7724K)
[39.607s][info][gc             ] GC(54) Pause Young (Allocation Failure) 428M->28M(8142M) 18.911ms
[39.607s][info][gc,cpu         ] GC(54) User=0.09s Sys=0.00s Real=0.02s
[40.839s][info][gc,start       ] GC(55) Pause Young (Allocation Failure)
[40.839s][info][gc,task        ] GC(55) Using 6 workers of 6 for evacuation
[40.855s][info][gc,heap        ] GC(55) ParNew: 409295K->147K(460096K)
[40.855s][info][gc,heap        ] GC(55) CMS: 28906K->28906K(7877440K)
[40.855s][info][gc,metaspace   ] GC(55) Metaspace: 44288K(47036K)->44288K(47036K) NonClass: 37000K(39312K)->37000K(39312K) Class: 7287K(7724K)->7287K(7724K)
[40.855s][info][gc             ] GC(55) Pause Young (Allocation Failure) 427M->28M(8142M) 16.616ms
[40.855s][info][gc,cpu         ] GC(55) User=0.09s Sys=0.00s Real=0.02s
[41.481s][info][gc,start       ] GC(56) Pause Young (Allocation Failure)
[41.481s][info][gc,task        ] GC(56) Using 6 workers of 6 for evacuation
[41.518s][info][gc,heap        ] GC(56) ParNew: 409171K->9561K(460096K)
[41.519s][info][gc,heap        ] GC(56) CMS: 28906K->28906K(7877440K)
[41.519s][info][gc,metaspace   ] GC(56) Metaspace: 44300K(47036K)->44300K(47036K) NonClass: 37012K(39312K)->37012K(39312K) Class: 7287K(7724K)->7287K(7724K)
[41.519s][info][gc             ] GC(56) Pause Young (Allocation Failure) 427M->37M(8142M) 37.664ms
[41.519s][info][gc,cpu         ] GC(56) User=0.09s Sys=0.00s Real=0.04s
[42.087s][info][gc,start       ] GC(57) Pause Young (Allocation Failure)
[42.087s][info][gc,task        ] GC(57) Using 6 workers of 6 for evacuation
[42.124s][info][gc,heap        ] GC(57) ParNew: 418585K->8181K(460096K)
[42.124s][info][gc,heap        ] GC(57) CMS: 28906K->28906K(7877440K)
[42.124s][info][gc,metaspace   ] GC(57) Metaspace: 44300K(47036K)->44300K(47036K) NonClass: 37012K(39312K)->37012K(39312K) Class: 7287K(7724K)->7287K(7724K)
[42.124s][info][gc             ] GC(57) Pause Young (Allocation Failure) 437M->36M(8142M) 37.084ms
[42.124s][info][gc,cpu         ] GC(57) User=0.11s Sys=0.00s Real=0.04s
[42.322s][info][gc,start       ] GC(58) Pause Young (Allocation Failure)
[42.322s][info][gc,task        ] GC(58) Using 6 workers of 6 for evacuation
[42.337s][info][gc,heap        ] GC(58) ParNew: 417205K->532K(460096K)
[42.337s][info][gc,heap        ] GC(58) CMS: 28906K->28906K(7877440K)
[42.337s][info][gc,metaspace   ] GC(58) Metaspace: 44300K(47036K)->44300K(47036K) NonClass: 37012K(39312K)->37012K(39312K) Class: 7287K(7724K)->7287K(7724K)
[42.337s][info][gc             ] GC(58) Pause Young (Allocation Failure) 435M->28M(8142M) 15.911ms
[42.337s][info][gc,cpu         ] GC(58) User=0.09s Sys=0.00s Real=0.01s
[42.956s][info][gc,start       ] GC(59) Pause Young (Allocation Failure)
[42.956s][info][gc,task        ] GC(59) Using 6 workers of 6 for evacuation
[42.974s][info][gc,heap        ] GC(59) ParNew: 409556K->152K(460096K)
[42.974s][info][gc,heap        ] GC(59) CMS: 28906K->29023K(7877440K)
[42.974s][info][gc,metaspace   ] GC(59) Metaspace: 44300K(47036K)->44300K(47036K) NonClass: 37012K(39312K)->37012K(39312K) Class: 7287K(7724K)->7287K(7724K)
[42.974s][info][gc             ] GC(59) Pause Young (Allocation Failure) 428M->28M(8142M) 17.373ms
[42.974s][info][gc,cpu         ] GC(59) User=0.00s Sys=0.00s Real=0.02s
[43.883s][info][gc,start       ] GC(60) Pause Young (Allocation Failure)
[43.883s][info][gc,task        ] GC(60) Using 6 workers of 6 for evacuation
[43.900s][info][gc,heap        ] GC(60) ParNew: 409176K->40K(460096K)
[43.900s][info][gc,heap        ] GC(60) CMS: 29023K->29024K(7877440K)
[43.900s][info][gc,metaspace   ] GC(60) Metaspace: 44300K(47036K)->44300K(47036K) NonClass: 37012K(39312K)->37012K(39312K) Class: 7287K(7724K)->7287K(7724K)
[43.900s][info][gc             ] GC(60) Pause Young (Allocation Failure) 427M->28M(8142M) 17.444ms
[43.900s][info][gc,cpu         ] GC(60) User=0.08s Sys=0.00s Real=0.02s
[44.312s][info][gc,start       ] GC(61) Pause Young (Allocation Failure)
[44.312s][info][gc,task        ] GC(61) Using 6 workers of 6 for evacuation
[44.373s][info][gc,heap        ] GC(61) ParNew: 409064K->17218K(460096K)
[44.373s][info][gc,heap        ] GC(61) CMS: 29024K->29026K(7877440K)
[44.373s][info][gc,metaspace   ] GC(61) Metaspace: 44300K(47036K)->44300K(47036K) NonClass: 37012K(39312K)->37012K(39312K) Class: 7287K(7724K)->7287K(7724K)
[44.374s][info][gc             ] GC(61) Pause Young (Allocation Failure) 427M->45M(8142M) 61.258ms
[44.374s][info][gc,cpu         ] GC(61) User=0.20s Sys=0.00s Real=0.06s
[44.494s][info][gc,start       ] GC(62) Pause Full (System.gc())
[44.494s][info][gc,phases,start] GC(62) Phase 1: Mark live objects
[44.536s][info][gc,phases      ] GC(62) Phase 1: Mark live objects 41.873ms
[44.536s][info][gc,phases,start] GC(62) Phase 2: Compute new object addresses
[44.552s][info][gc,phases      ] GC(62) Phase 2: Compute new object addresses 15.500ms
[44.552s][info][gc,phases,start] GC(62) Phase 3: Adjust pointers
[44.573s][info][gc,phases      ] GC(62) Phase 3: Adjust pointers 21.761ms
[44.574s][info][gc,phases,start] GC(62) Phase 4: Move objects
[44.580s][info][gc,phases      ] GC(62) Phase 4: Move objects 6.609ms
[44.585s][info][gc,heap        ] GC(62) ParNew: 66300K->0K(460096K)
[44.585s][info][gc,heap        ] GC(62) CMS: 29026K->28909K(7877440K)
[44.585s][info][gc,metaspace   ] GC(62) Metaspace: 44306K(47036K)->44306K(47036K) NonClass: 37018K(39312K)->37018K(39312K) Class: 7287K(7724K)->7287K(7724K)
[44.586s][info][gc             ] GC(62) Pause Full (System.gc()) 93M->28M(8142M) 91.900ms
[44.586s][info][gc,cpu         ] GC(62) User=0.12s Sys=0.00s Real=0.09s
[45.095s][info][gc,start       ] GC(63) Pause Young (Allocation Failure)
[45.095s][info][gc,task        ] GC(63) Using 6 workers of 6 for evacuation
[45.114s][info][gc,heap        ] GC(63) ParNew: 409024K->763K(460096K)
[45.114s][info][gc,heap        ] GC(63) CMS: 28909K->28909K(7877440K)
[45.114s][info][gc,metaspace   ] GC(63) Metaspace: 44352K(47036K)->44352K(47036K) NonClass: 37064K(39312K)->37064K(39312K) Class: 7287K(7724K)->7287K(7724K)
[45.114s][info][gc             ] GC(63) Pause Young (Allocation Failure) 427M->28M(8142M) 18.465ms
[45.114s][info][gc,cpu         ] GC(63) User=0.09s Sys=0.00s Real=0.03s
[45.243s][info][gc,start       ] GC(64) Pause Young (Allocation Failure)
[45.243s][info][gc,task        ] GC(64) Using 6 workers of 6 for evacuation
[45.259s][info][gc,heap        ] GC(64) ParNew: 409787K->271K(460096K)
[45.259s][info][gc,heap        ] GC(64) CMS: 28909K->28909K(7877440K)
[45.259s][info][gc,metaspace   ] GC(64) Metaspace: 44353K(47036K)->44353K(47036K) NonClass: 37065K(39312K)->37065K(39312K) Class: 7287K(7724K)->7287K(7724K)
[45.259s][info][gc             ] GC(64) Pause Young (Allocation Failure) 428M->28M(8142M) 16.675ms
[45.259s][info][gc,cpu         ] GC(64) User=0.08s Sys=0.00s Real=0.03s
[46.318s][info][gc,start       ] GC(65) Pause Young (Allocation Failure)
[46.318s][info][gc,task        ] GC(65) Using 6 workers of 6 for evacuation
[46.335s][info][gc,heap        ] GC(65) ParNew: 409295K->148K(460096K)
[46.335s][info][gc,heap        ] GC(65) CMS: 28909K->28909K(7877440K)
[46.335s][info][gc,metaspace   ] GC(65) Metaspace: 44459K(47036K)->44459K(47036K) NonClass: 37171K(39312K)->37171K(39312K) Class: 7287K(7724K)->7287K(7724K)
[46.335s][info][gc             ] GC(65) Pause Young (Allocation Failure) 427M->28M(8142M) 17.015ms
[46.335s][info][gc,cpu         ] GC(65) User=0.08s Sys=0.00s Real=0.02s
[46.927s][info][gc,start       ] GC(66) Pause Young (Allocation Failure)
[46.927s][info][gc,task        ] GC(66) Using 6 workers of 6 for evacuation
[46.968s][info][gc,heap        ] GC(66) ParNew: 409172K->9564K(460096K)
[46.968s][info][gc,heap        ] GC(66) CMS: 28909K->28909K(7877440K)
[46.968s][info][gc,metaspace   ] GC(66) Metaspace: 44566K(47292K)->44566K(47292K) NonClass: 37278K(39568K)->37278K(39568K) Class: 7287K(7724K)->7287K(7724K)
[46.968s][info][gc             ] GC(66) Pause Young (Allocation Failure) 427M->37M(8142M) 41.586ms
[46.968s][info][gc,cpu         ] GC(66) User=0.09s Sys=0.00s Real=0.03s
[47.512s][info][gc,start       ] GC(67) Pause Young (Allocation Failure)
[47.512s][info][gc,task        ] GC(67) Using 6 workers of 6 for evacuation
[47.546s][info][gc,heap        ] GC(67) ParNew: 418588K->8265K(460096K)
[47.546s][info][gc,heap        ] GC(67) CMS: 28909K->28909K(7877440K)
[47.546s][info][gc,metaspace   ] GC(67) Metaspace: 44566K(47292K)->44566K(47292K) NonClass: 37278K(39568K)->37278K(39568K) Class: 7287K(7724K)->7287K(7724K)
[47.546s][info][gc             ] GC(67) Pause Young (Allocation Failure) 437M->36M(8142M) 33.478ms
[47.546s][info][gc,cpu         ] GC(67) User=0.11s Sys=0.00s Real=0.03s
[47.745s][info][gc,start       ] GC(68) Pause Young (Allocation Failure)
[47.745s][info][gc,task        ] GC(68) Using 6 workers of 6 for evacuation
[47.760s][info][gc,heap        ] GC(68) ParNew: 417289K->328K(460096K)
[47.760s][info][gc,heap        ] GC(68) CMS: 28909K->28909K(7877440K)
[47.760s][info][gc,metaspace   ] GC(68) Metaspace: 44567K(47292K)->44567K(47292K) NonClass: 37280K(39568K)->37280K(39568K) Class: 7287K(7724K)->7287K(7724K)
[47.760s][info][gc             ] GC(68) Pause Young (Allocation Failure) 435M->28M(8142M) 15.112ms
[47.760s][info][gc,cpu         ] GC(68) User=0.09s Sys=0.00s Real=0.03s
[48.293s][info][gc,start       ] GC(69) Pause Young (Allocation Failure)
[48.293s][info][gc,task        ] GC(69) Using 6 workers of 6 for evacuation
[48.311s][info][gc,heap        ] GC(69) ParNew: 409352K->107K(460096K)
[48.311s][info][gc,heap        ] GC(69) CMS: 28909K->29026K(7877440K)
[48.311s][info][gc,metaspace   ] GC(69) Metaspace: 44569K(47292K)->44569K(47292K) NonClass: 37281K(39568K)->37281K(39568K) Class: 7287K(7724K)->7287K(7724K)
[48.311s][info][gc             ] GC(69) Pause Young (Allocation Failure) 427M->28M(8142M) 17.759ms
[48.311s][info][gc,cpu         ] GC(69) User=0.09s Sys=0.00s Real=0.02s
[49.054s][info][gc,start       ] GC(70) Pause Young (Allocation Failure)
[49.054s][info][gc,task        ] GC(70) Using 6 workers of 6 for evacuation
[49.071s][info][gc,heap        ] GC(70) ParNew: 409131K->34K(460096K)
[49.071s][info][gc,heap        ] GC(70) CMS: 29026K->29027K(7877440K)
[49.071s][info][gc,metaspace   ] GC(70) Metaspace: 44596K(47292K)->44596K(47292K) NonClass: 37308K(39568K)->37308K(39568K) Class: 7287K(7724K)->7287K(7724K)
[49.071s][info][gc             ] GC(70) Pause Young (Allocation Failure) 427M->28M(8142M) 16.592ms
[49.071s][info][gc,cpu         ] GC(70) User=0.09s Sys=0.00s Real=0.02s
[49.466s][info][gc,start       ] GC(71) Pause Young (Allocation Failure)
[49.466s][info][gc,task        ] GC(71) Using 6 workers of 6 for evacuation
[49.536s][info][gc,heap        ] GC(71) ParNew: 409058K->17231K(460096K)
[49.536s][info][gc,heap        ] GC(71) CMS: 29027K->29029K(7877440K)
[49.536s][info][gc,metaspace   ] GC(71) Metaspace: 44596K(47292K)->44596K(47292K) NonClass: 37308K(39568K)->37308K(39568K) Class: 7287K(7724K)->7287K(7724K)
[49.536s][info][gc             ] GC(71) Pause Young (Allocation Failure) 427M->45M(8142M) 70.256ms
[49.536s][info][gc,cpu         ] GC(71) User=0.16s Sys=0.00s Real=0.06s
[49.655s][info][gc,start       ] GC(72) Pause Full (System.gc())
[49.655s][info][gc,phases,start] GC(72) Phase 1: Mark live objects
[49.698s][info][gc,phases      ] GC(72) Phase 1: Mark live objects 42.114ms
[49.698s][info][gc,phases,start] GC(72) Phase 2: Compute new object addresses
[49.715s][info][gc,phases      ] GC(72) Phase 2: Compute new object addresses 16.925ms
[49.715s][info][gc,phases,start] GC(72) Phase 3: Adjust pointers
[49.739s][info][gc,phases      ] GC(72) Phase 3: Adjust pointers 24.328ms
[49.739s][info][gc,phases,start] GC(72) Phase 4: Move objects
[49.746s][info][gc,phases      ] GC(72) Phase 4: Move objects 6.620ms
[49.752s][info][gc,heap        ] GC(72) ParNew: 66312K->0K(460096K)
[49.752s][info][gc,heap        ] GC(72) CMS: 29029K->28911K(7877440K)
[49.752s][info][gc,metaspace   ] GC(72) Metaspace: 44598K(47292K)->44598K(47292K) NonClass: 37310K(39568K)->37310K(39568K) Class: 7287K(7724K)->7287K(7724K)
[49.752s][info][gc             ] GC(72) Pause Full (System.gc()) 93M->28M(8142M) 97.075ms
[49.752s][info][gc,cpu         ] GC(72) User=0.09s Sys=0.00s Real=0.10s
[50.264s][info][gc,start       ] GC(73) Pause Young (Allocation Failure)
[50.264s][info][gc,task        ] GC(73) Using 6 workers of 6 for evacuation
[50.281s][info][gc,heap        ] GC(73) ParNew: 409024K->762K(460096K)
[50.281s][info][gc,heap        ] GC(73) CMS: 28911K->28911K(7877440K)
[50.281s][info][gc,metaspace   ] GC(73) Metaspace: 44616K(47292K)->44616K(47292K) NonClass: 37328K(39568K)->37328K(39568K) Class: 7287K(7724K)->7287K(7724K)
[50.281s][info][gc             ] GC(73) Pause Young (Allocation Failure) 427M->28M(8142M) 16.244ms
[50.281s][info][gc,cpu         ] GC(73) User=0.09s Sys=0.00s Real=0.02s
[50.399s][info][gc,start       ] GC(74) Pause Young (Allocation Failure)
[50.399s][info][gc,task        ] GC(74) Using 6 workers of 6 for evacuation
[50.416s][info][gc,heap        ] GC(74) ParNew: 409786K->271K(460096K)
[50.416s][info][gc,heap        ] GC(74) CMS: 28911K->28911K(7877440K)
[50.416s][info][gc,metaspace   ] GC(74) Metaspace: 44616K(47292K)->44616K(47292K) NonClass: 37328K(39568K)->37328K(39568K) Class: 7287K(7724K)->7287K(7724K)
[50.416s][info][gc             ] GC(74) Pause Young (Allocation Failure) 428M->28M(8142M) 16.980ms
[50.416s][info][gc,cpu         ] GC(74) User=0.09s Sys=0.00s Real=0.02s
[51.319s][info][gc,start       ] GC(75) Pause Young (Allocation Failure)
[51.319s][info][gc,task        ] GC(75) Using 6 workers of 6 for evacuation
[51.336s][info][gc,heap        ] GC(75) ParNew: 409295K->159K(460096K)
[51.336s][info][gc,heap        ] GC(75) CMS: 28911K->28911K(7877440K)
[51.336s][info][gc,metaspace   ] GC(75) Metaspace: 44616K(47292K)->44616K(47292K) NonClass: 37328K(39568K)->37328K(39568K) Class: 7287K(7724K)->7287K(7724K)
[51.336s][info][gc             ] GC(75) Pause Young (Allocation Failure) 427M->28M(8142M) 16.913ms
[51.336s][info][gc,cpu         ] GC(75) User=0.09s Sys=0.00s Real=0.02s
[51.774s][info][gc,start       ] GC(76) Pause Young (Allocation Failure)
[51.774s][info][gc,task        ] GC(76) Using 6 workers of 6 for evacuation
[51.811s][info][gc,heap        ] GC(76) ParNew: 409183K->9543K(460096K)
[51.811s][info][gc,heap        ] GC(76) CMS: 28911K->28911K(7877440K)
[51.811s][info][gc,metaspace   ] GC(76) Metaspace: 44616K(47292K)->44616K(47292K) NonClass: 37328K(39568K)->37328K(39568K) Class: 7287K(7724K)->7287K(7724K)
[51.811s][info][gc             ] GC(76) Pause Young (Allocation Failure) 427M->37M(8142M) 36.939ms
[51.811s][info][gc,cpu         ] GC(76) User=0.11s Sys=0.00s Real=0.04s
[52.345s][info][gc,start       ] GC(77) Pause Young (Allocation Failure)
[52.345s][info][gc,task        ] GC(77) Using 6 workers of 6 for evacuation
[52.378s][info][gc,heap        ] GC(77) ParNew: 418567K->8265K(460096K)
[52.378s][info][gc,heap        ] GC(77) CMS: 28911K->28911K(7877440K)
[52.378s][info][gc,metaspace   ] GC(77) Metaspace: 44656K(47292K)->44656K(47292K) NonClass: 37368K(39568K)->37368K(39568K) Class: 7287K(7724K)->7287K(7724K)
[52.378s][info][gc             ] GC(77) Pause Young (Allocation Failure) 436M->36M(8142M) 33.585ms
[52.378s][info][gc,cpu         ] GC(77) User=0.09s Sys=0.00s Real=0.04s
[52.561s][info][gc,start       ] GC(78) Pause Young (Allocation Failure)
[52.561s][info][gc,task        ] GC(78) Using 6 workers of 6 for evacuation
[52.578s][info][gc,heap        ] GC(78) ParNew: 417289K->328K(460096K)
[52.578s][info][gc,heap        ] GC(78) CMS: 28911K->28911K(7877440K)
[52.578s][info][gc,metaspace   ] GC(78) Metaspace: 44656K(47292K)->44656K(47292K) NonClass: 37368K(39568K)->37368K(39568K) Class: 7287K(7724K)->7287K(7724K)
[52.578s][info][gc             ] GC(78) Pause Young (Allocation Failure) 435M->28M(8142M) 17.344ms
[52.578s][info][gc,cpu         ] GC(78) User=0.09s Sys=0.00s Real=0.02s
[53.081s][info][gc,start       ] GC(79) Pause Young (Allocation Failure)
[53.081s][info][gc,task        ] GC(79) Using 6 workers of 6 for evacuation
[53.098s][info][gc,heap        ] GC(79) ParNew: 409352K->107K(460096K)
[53.098s][info][gc,heap        ] GC(79) CMS: 28911K->29030K(7877440K)
[53.098s][info][gc,metaspace   ] GC(79) Metaspace: 44687K(47292K)->44687K(47292K) NonClass: 37399K(39568K)->37399K(39568K) Class: 7287K(7724K)->7287K(7724K)
[53.098s][info][gc             ] GC(79) Pause Young (Allocation Failure) 427M->28M(8142M) 17.047ms
[53.098s][info][gc,cpu         ] GC(79) User=0.03s Sys=0.00s Real=0.02s
[53.754s][info][gc,start       ] GC(80) Pause Young (Allocation Failure)
[53.754s][info][gc,task        ] GC(80) Using 6 workers of 6 for evacuation
[53.771s][info][gc,heap        ] GC(80) ParNew: 409131K->34K(460096K)
[53.771s][info][gc,heap        ] GC(80) CMS: 29030K->29031K(7877440K)
[53.771s][info][gc,metaspace   ] GC(80) Metaspace: 44762K(47548K)->44762K(47548K) NonClass: 37474K(39824K)->37474K(39824K) Class: 7287K(7724K)->7287K(7724K)
[53.771s][info][gc             ] GC(80) Pause Young (Allocation Failure) 427M->28M(8142M) 17.267ms
[53.771s][info][gc,cpu         ] GC(80) User=0.09s Sys=0.00s Real=0.02s
[54.162s][info][gc,start       ] GC(81) Pause Young (Allocation Failure)
[54.162s][info][gc,task        ] GC(81) Using 6 workers of 6 for evacuation
[54.228s][info][gc,heap        ] GC(81) ParNew: 409058K->17232K(460096K)
[54.228s][info][gc,heap        ] GC(81) CMS: 29031K->29033K(7877440K)
[54.228s][info][gc,metaspace   ] GC(81) Metaspace: 44762K(47548K)->44762K(47548K) NonClass: 37474K(39824K)->37474K(39824K) Class: 7287K(7724K)->7287K(7724K)
[54.228s][info][gc             ] GC(81) Pause Young (Allocation Failure) 427M->45M(8142M) 66.270ms
[54.228s][info][gc,cpu         ] GC(81) User=0.14s Sys=0.00s Real=0.06s
[54.346s][info][gc,start       ] GC(82) Pause Full (System.gc())
[54.346s][info][gc,phases,start] GC(82) Phase 1: Mark live objects
[54.392s][info][gc,phases      ] GC(82) Phase 1: Mark live objects 46.102ms
[54.392s][info][gc,phases,start] GC(82) Phase 2: Compute new object addresses
[54.407s][info][gc,phases      ] GC(82) Phase 2: Compute new object addresses 15.166ms
[54.408s][info][gc,phases,start] GC(82) Phase 3: Adjust pointers
[54.431s][info][gc,phases      ] GC(82) Phase 3: Adjust pointers 23.288ms
[54.431s][info][gc,phases,start] GC(82) Phase 4: Move objects
[54.437s][info][gc,phases      ] GC(82) Phase 4: Move objects 6.546ms
[54.443s][info][gc,heap        ] GC(82) ParNew: 66314K->0K(460096K)
[54.443s][info][gc,heap        ] GC(82) CMS: 29033K->28914K(7877440K)
[54.443s][info][gc,metaspace   ] GC(82) Metaspace: 44773K(47548K)->44773K(47548K) NonClass: 37485K(39824K)->37485K(39824K) Class: 7288K(7724K)->7288K(7724K)
[54.444s][info][gc             ] GC(82) Pause Full (System.gc()) 93M->28M(8142M) 98.135ms
[54.444s][info][gc,cpu         ] GC(82) User=0.11s Sys=0.00s Real=0.10s
[54.906s][info][gc,start       ] GC(83) Pause Young (Allocation Failure)
[54.906s][info][gc,task        ] GC(83) Using 6 workers of 6 for evacuation
[54.923s][info][gc,heap        ] GC(83) ParNew: 409024K->762K(460096K)
[54.923s][info][gc,heap        ] GC(83) CMS: 28914K->28914K(7877440K)
[54.923s][info][gc,metaspace   ] GC(83) Metaspace: 44788K(47548K)->44788K(47548K) NonClass: 37500K(39824K)->37500K(39824K) Class: 7288K(7724K)->7288K(7724K)
[54.923s][info][gc             ] GC(83) Pause Young (Allocation Failure) 427M->28M(8142M) 16.775ms
[54.923s][info][gc,cpu         ] GC(83) User=0.06s Sys=0.00s Real=0.02s
[55.025s][info][gc,start       ] GC(84) Pause Young (Allocation Failure)
[55.025s][info][gc,task        ] GC(84) Using 6 workers of 6 for evacuation
[55.042s][info][gc,heap        ] GC(84) ParNew: 409786K->237K(460096K)
[55.042s][info][gc,heap        ] GC(84) CMS: 28914K->28914K(7877440K)
[55.042s][info][gc,metaspace   ] GC(84) Metaspace: 44788K(47548K)->44788K(47548K) NonClass: 37500K(39824K)->37500K(39824K) Class: 7288K(7724K)->7288K(7724K)
[55.042s][info][gc             ] GC(84) Pause Young (Allocation Failure) 428M->28M(8142M) 16.862ms
[55.042s][info][gc,cpu         ] GC(84) User=0.09s Sys=0.00s Real=0.02s
[55.855s][info][gc,start       ] GC(85) Pause Young (Allocation Failure)
[55.855s][info][gc,task        ] GC(85) Using 6 workers of 6 for evacuation
[55.876s][info][gc,heap        ] GC(85) ParNew: 409261K->147K(460096K)
[55.876s][info][gc,heap        ] GC(85) CMS: 28914K->28914K(7877440K)
[55.876s][info][gc,metaspace   ] GC(85) Metaspace: 44859K(47548K)->44859K(47548K) NonClass: 37571K(39824K)->37571K(39824K) Class: 7288K(7724K)->7288K(7724K)
[55.876s][info][gc             ] GC(85) Pause Young (Allocation Failure) 427M->28M(8142M) 20.944ms
[55.876s][info][gc,cpu         ] GC(85) User=0.08s Sys=0.00s Real=0.02s
[56.279s][info][gc,start       ] GC(86) Pause Young (Allocation Failure)
[56.279s][info][gc,task        ] GC(86) Using 6 workers of 6 for evacuation
[56.323s][info][gc,heap        ] GC(86) ParNew: 409171K->9571K(460096K)
[56.323s][info][gc,heap        ] GC(86) CMS: 28914K->28914K(7877440K)
[56.323s][info][gc,metaspace   ] GC(86) Metaspace: 44859K(47548K)->44859K(47548K) NonClass: 37571K(39824K)->37571K(39824K) Class: 7288K(7724K)->7288K(7724K)
[56.323s][info][gc             ] GC(86) Pause Young (Allocation Failure) 427M->37M(8142M) 44.099ms
[56.323s][info][gc,cpu         ] GC(86) User=0.12s Sys=0.00s Real=0.05s
[56.816s][info][gc,start       ] GC(87) Pause Young (Allocation Failure)
[56.816s][info][gc,task        ] GC(87) Using 6 workers of 6 for evacuation
[56.855s][info][gc,heap        ] GC(87) ParNew: 418595K->8182K(460096K)
[56.855s][info][gc,heap        ] GC(87) CMS: 28914K->28914K(7877440K)
[56.855s][info][gc,metaspace   ] GC(87) Metaspace: 44908K(47548K)->44908K(47548K) NonClass: 37619K(39824K)->37619K(39824K) Class: 7288K(7724K)->7288K(7724K)
[56.855s][info][gc             ] GC(87) Pause Young (Allocation Failure) 437M->36M(8142M) 38.466ms
[56.855s][info][gc,cpu         ] GC(87) User=0.11s Sys=0.00s Real=0.04s
[57.038s][info][gc,start       ] GC(88) Pause Young (Allocation Failure)
[57.038s][info][gc,task        ] GC(88) Using 6 workers of 6 for evacuation
[57.055s][info][gc,heap        ] GC(88) ParNew: 417206K->620K(460096K)
[57.055s][info][gc,heap        ] GC(88) CMS: 28914K->28914K(7877440K)
[57.055s][info][gc,metaspace   ] GC(88) Metaspace: 44908K(47548K)->44908K(47548K) NonClass: 37619K(39824K)->37619K(39824K) Class: 7288K(7724K)->7288K(7724K)
[57.055s][info][gc             ] GC(88) Pause Young (Allocation Failure) 435M->28M(8142M) 17.146ms
[57.055s][info][gc,cpu         ] GC(88) User=0.09s Sys=0.00s Real=0.02s
[57.491s][info][gc,start       ] GC(89) Pause Young (Allocation Failure)
[57.491s][info][gc,task        ] GC(89) Using 6 workers of 6 for evacuation
[57.507s][info][gc,heap        ] GC(89) ParNew: 409644K->126K(460096K)
[57.507s][info][gc,heap        ] GC(89) CMS: 28914K->29030K(7877440K)
[57.507s][info][gc,metaspace   ] GC(89) Metaspace: 44912K(47548K)->44912K(47548K) NonClass: 37624K(39824K)->37624K(39824K) Class: 7288K(7724K)->7288K(7724K)
[57.507s][info][gc             ] GC(89) Pause Young (Allocation Failure) 428M->28M(8142M) 16.253ms
[57.507s][info][gc,cpu         ] GC(89) User=0.09s Sys=0.00s Real=0.01s
[58.079s][info][gc,start       ] GC(90) Pause Young (Allocation Failure)
[58.079s][info][gc,task        ] GC(90) Using 6 workers of 6 for evacuation
[58.096s][info][gc,heap        ] GC(90) ParNew: 409150K->47K(460096K)
[58.096s][info][gc,heap        ] GC(90) CMS: 29030K->29032K(7877440K)
[58.096s][info][gc,metaspace   ] GC(90) Metaspace: 44923K(47548K)->44923K(47548K) NonClass: 37635K(39824K)->37635K(39824K) Class: 7288K(7724K)->7288K(7724K)
[58.096s][info][gc             ] GC(90) Pause Young (Allocation Failure) 427M->28M(8142M) 16.991ms
[58.096s][info][gc,cpu         ] GC(90) User=0.09s Sys=0.00s Real=0.02s
[58.481s][info][gc,start       ] GC(91) Pause Young (Allocation Failure)
[58.481s][info][gc,task        ] GC(91) Using 6 workers of 6 for evacuation
[58.549s][info][gc,heap        ] GC(91) ParNew: 409071K->17232K(460096K)
[58.549s][info][gc,heap        ] GC(91) CMS: 29032K->29034K(7877440K)
[58.549s][info][gc,metaspace   ] GC(91) Metaspace: 44923K(47548K)->44923K(47548K) NonClass: 37635K(39824K)->37635K(39824K) Class: 7288K(7724K)->7288K(7724K)
[58.549s][info][gc             ] GC(91) Pause Young (Allocation Failure) 427M->45M(8142M) 68.158ms
[58.549s][info][gc,cpu         ] GC(91) User=0.14s Sys=0.00s Real=0.05s
[58.669s][info][gc,start       ] GC(92) Pause Full (System.gc())
[58.669s][info][gc,phases,start] GC(92) Phase 1: Mark live objects
[58.715s][info][gc,phases      ] GC(92) Phase 1: Mark live objects 46.504ms
[58.715s][info][gc,phases,start] GC(92) Phase 2: Compute new object addresses
[58.731s][info][gc,phases      ] GC(92) Phase 2: Compute new object addresses 15.748ms
[58.731s][info][gc,phases,start] GC(92) Phase 3: Adjust pointers
[58.756s][info][gc,phases      ] GC(92) Phase 3: Adjust pointers 25.145ms
[58.756s][info][gc,phases,start] GC(92) Phase 4: Move objects
[58.763s][info][gc,phases      ] GC(92) Phase 4: Move objects 6.832ms
[58.769s][info][gc,heap        ] GC(92) ParNew: 66328K->0K(460096K)
[58.769s][info][gc,heap        ] GC(92) CMS: 29034K->28916K(7877440K)
[58.769s][info][gc,metaspace   ] GC(92) Metaspace: 44929K(47548K)->44929K(47548K) NonClass: 37640K(39824K)->37640K(39824K) Class: 7288K(7724K)->7288K(7724K)
[58.769s][info][gc             ] GC(92) Pause Full (System.gc()) 93M->28M(8142M) 100.898ms
[58.770s][info][gc,cpu         ] GC(92) User=0.09s Sys=0.00s Real=0.10s
[59.147s][info][gc,start       ] GC(93) Pause Young (Allocation Failure)
[59.148s][info][gc,task        ] GC(93) Using 6 workers of 6 for evacuation
[59.165s][info][gc,heap        ] GC(93) ParNew: 409024K->763K(460096K)
[59.165s][info][gc,heap        ] GC(93) CMS: 28916K->28916K(7877440K)
[59.165s][info][gc,metaspace   ] GC(93) Metaspace: 44941K(47804K)->44941K(47804K) NonClass: 37653K(40080K)->37653K(40080K) Class: 7288K(7724K)->7288K(7724K)
[59.165s][info][gc             ] GC(93) Pause Young (Allocation Failure) 427M->28M(8142M) 17.995ms
[59.165s][info][gc,cpu         ] GC(93) User=0.09s Sys=0.00s Real=0.02s
[59.265s][info][gc,start       ] GC(94) Pause Young (Allocation Failure)
[59.265s][info][gc,task        ] GC(94) Using 6 workers of 6 for evacuation
[59.282s][info][gc,heap        ] GC(94) ParNew: 409787K->271K(460096K)
[59.282s][info][gc,heap        ] GC(94) CMS: 28916K->28916K(7877440K)
[59.282s][info][gc,metaspace   ] GC(94) Metaspace: 44941K(47804K)->44941K(47804K) NonClass: 37653K(40080K)->37653K(40080K) Class: 7288K(7724K)->7288K(7724K)
[59.282s][info][gc             ] GC(94) Pause Young (Allocation Failure) 428M->28M(8142M) 16.985ms
[59.282s][info][gc,cpu         ] GC(94) User=0.09s Sys=0.00s Real=0.03s
[60.070s][info][gc,start       ] GC(95) Pause Young (Allocation Failure)
[60.070s][info][gc,task        ] GC(95) Using 6 workers of 6 for evacuation
[60.089s][info][gc,heap        ] GC(95) ParNew: 409295K->159K(460096K)
[60.089s][info][gc,heap        ] GC(95) CMS: 28916K->28916K(7877440K)
[60.089s][info][gc,metaspace   ] GC(95) Metaspace: 44941K(47804K)->44941K(47804K) NonClass: 37653K(40080K)->37653K(40080K) Class: 7288K(7724K)->7288K(7724K)
[60.089s][info][gc             ] GC(95) Pause Young (Allocation Failure) 427M->28M(8142M) 18.513ms
[60.089s][info][gc,cpu         ] GC(95) User=0.09s Sys=0.00s Real=0.02s
[60.482s][info][gc,start       ] GC(96) Pause Young (Allocation Failure)
[60.482s][info][gc,task        ] GC(96) Using 6 workers of 6 for evacuation
[60.525s][info][gc,heap        ] GC(96) ParNew: 409183K->9519K(460096K)
[60.525s][info][gc,heap        ] GC(96) CMS: 28916K->28916K(7877440K)
[60.525s][info][gc,metaspace   ] GC(96) Metaspace: 44941K(47804K)->44941K(47804K) NonClass: 37653K(40080K)->37653K(40080K) Class: 7288K(7724K)->7288K(7724K)
[60.525s][info][gc             ] GC(96) Pause Young (Allocation Failure) 427M->37M(8142M) 43.248ms
[60.525s][info][gc,cpu         ] GC(96) User=0.11s Sys=0.00s Real=0.05s
[60.963s][info][gc,start       ] GC(97) Pause Young (Allocation Failure)
[60.963s][info][gc,task        ] GC(97) Using 6 workers of 6 for evacuation
[60.997s][info][gc,heap        ] GC(97) ParNew: 418543K->8271K(460096K)
[60.997s][info][gc,heap        ] GC(97) CMS: 28916K->28916K(7877440K)
[60.997s][info][gc,metaspace   ] GC(97) Metaspace: 44942K(47804K)->44942K(47804K) NonClass: 37654K(40080K)->37654K(40080K) Class: 7288K(7724K)->7288K(7724K)
[60.997s][info][gc             ] GC(97) Pause Young (Allocation Failure) 436M->36M(8142M) 33.469ms
[60.997s][info][gc,cpu         ] GC(97) User=0.11s Sys=0.00s Real=0.03s
[61.151s][info][gc,start       ] GC(98) Pause Young (Allocation Failure)
[61.152s][info][gc,task        ] GC(98) Using 6 workers of 6 for evacuation
[61.168s][info][gc,heap        ] GC(98) ParNew: 417295K->382K(460096K)
[61.168s][info][gc,heap        ] GC(98) CMS: 28916K->28916K(7877440K)
[61.168s][info][gc,metaspace   ] GC(98) Metaspace: 44942K(47804K)->44942K(47804K) NonClass: 37654K(40080K)->37654K(40080K) Class: 7288K(7724K)->7288K(7724K)
[61.168s][info][gc             ] GC(98) Pause Young (Allocation Failure) 435M->28M(8142M) 16.861ms
[61.168s][info][gc,cpu         ] GC(98) User=0.09s Sys=0.00s Real=0.01s
[61.606s][info][gc,start       ] GC(99) Pause Young (Allocation Failure)
[61.606s][info][gc,task        ] GC(99) Using 6 workers of 6 for evacuation
[61.623s][info][gc,heap        ] GC(99) ParNew: 409406K->89K(460096K)
[61.623s][info][gc,heap        ] GC(99) CMS: 28916K->29034K(7877440K)
[61.623s][info][gc,metaspace   ] GC(99) Metaspace: 44943K(47804K)->44943K(47804K) NonClass: 37655K(40080K)->37655K(40080K) Class: 7288K(7724K)->7288K(7724K)
[61.623s][info][gc             ] GC(99) Pause Young (Allocation Failure) 428M->28M(8142M) 16.466ms
[61.623s][info][gc,cpu         ] GC(99) User=0.09s Sys=0.00s Real=0.02s
[62.200s][info][gc,start       ] GC(100) Pause Young (Allocation Failure)
[62.200s][info][gc,task        ] GC(100) Using 6 workers of 6 for evacuation
[62.217s][info][gc,heap        ] GC(100) ParNew: 409113K->44K(460096K)
[62.217s][info][gc,heap        ] GC(100) CMS: 29034K->29036K(7877440K)
[62.217s][info][gc,metaspace   ] GC(100) Metaspace: 44943K(47804K)->44943K(47804K) NonClass: 37655K(40080K)->37655K(40080K) Class: 7288K(7724K)->7288K(7724K)
[62.217s][info][gc             ] GC(100) Pause Young (Allocation Failure) 427M->28M(8142M) 17.203ms
[62.217s][info][gc,cpu         ] GC(100) User=0.09s Sys=0.00s Real=0.02s
[62.606s][info][gc,start       ] GC(101) Pause Young (Allocation Failure)
[62.606s][info][gc,task        ] GC(101) Using 6 workers of 6 for evacuation
[62.674s][info][gc,heap        ] GC(101) ParNew: 409068K->17221K(460096K)
[62.674s][info][gc,heap        ] GC(101) CMS: 29036K->29038K(7877440K)
[62.674s][info][gc,metaspace   ] GC(101) Metaspace: 44943K(47804K)->44943K(47804K) NonClass: 37655K(40080K)->37655K(40080K) Class: 7288K(7724K)->7288K(7724K)
[62.674s][info][gc             ] GC(101) Pause Young (Allocation Failure) 427M->45M(8142M) 68.374ms
[62.674s][info][gc,cpu         ] GC(101) User=0.14s Sys=0.00s Real=0.06s
[62.782s][info][gc,heap,exit   ] Heap
[62.782s][info][gc,heap,exit   ]  par new generation   total 460096K, used 172649K [0x0000000600000000, 0x000000061f330000, 0x000000061f330000)
[62.782s][info][gc,heap,exit   ]   eden space 409024K,  37% used [0x0000000600000000, 0x00000006097c8fb0, 0x0000000618f70000)
[62.782s][info][gc,heap,exit   ]   from space 51072K,  33% used [0x0000000618f70000, 0x000000061a0415d8, 0x000000061c150000)
[62.782s][info][gc,heap,exit   ]   to   space 51072K,   0% used [0x000000061c150000, 0x000000061c150000, 0x000000061f330000)
[62.782s][info][gc,heap,exit   ]  concurrent mark-sweep generation total 7877440K, used 29038K [0x000000061f330000, 0x0000000800000000, 0x0000000800000000)
[62.782s][info][gc,heap,exit   ]  Metaspace       used 45004K, capacity 47349K, committed 47804K, reserved 1089536K
[62.782s][info][gc,heap,exit   ]   class space    used 7296K, capacity 7595K, committed 7724K, reserved 1048576K
