[0.011s][info][gc] Using Concurrent Mark Sweep
[0.012s][info][gc,heap,coops] Heap address: 0x00000000c0000000, size: 1024 MB, Compressed Oops mode: 32-bit
[29.858s][info][gc,start     ] GC(0) Pause Young (Allocation Failure)
[29.858s][info][gc,task      ] GC(0) Using 6 workers of 6 for evacuation
[29.865s][info][gc,heap      ] GC(0) ParNew: 279616K->8318K(314560K)
[29.865s][info][gc,heap      ] GC(0) CMS: 0K->0K(699072K)
[29.865s][info][gc,metaspace ] GC(0) Metaspace: 17279K(17664K)->17279K(17664K) NonClass: 14608K(14848K)->14608K(14848K) Class: 2670K(2816K)->2670K(2816K)
[29.865s][info][gc           ] GC(0) Pause Young (Allocation Failure) 273M->8M(989M) 7.303ms
[29.867s][info][gc,cpu       ] GC(0) User=0.05s Sys=0.03s Real=0.01s
[30.163s][info][gc,start     ] GC(1) Pause Young (Allocation Failure)
[30.164s][info][gc,task      ] GC(1) Using 6 workers of 6 for evacuation
[30.173s][info][gc,heap      ] GC(1) ParNew: 287934K->18815K(314560K)
[30.173s][info][gc,heap      ] GC(1) CMS: 0K->0K(699072K)
[30.173s][info][gc,metaspace ] GC(1) Metaspace: 17340K(17920K)->17340K(17920K) NonClass: 14669K(15104K)->14669K(15104K) Class: 2670K(2816K)->2670K(2816K)
[30.173s][info][gc           ] GC(1) Pause Young (Allocation Failure) 281M->18M(989M) 9.542ms
[30.173s][info][gc,cpu       ] GC(1) User=0.00s Sys=0.00s Real=0.02s
[31.039s][info][gc,start     ] GC(2) Pause Young (Allocation Failure)
[31.040s][info][gc,task      ] GC(2) Using 6 workers of 6 for evacuation
[31.054s][info][gc,heap      ] GC(2) ParNew: 298431K->28959K(314560K)
[31.054s][info][gc,heap      ] GC(2) CMS: 0K->0K(699072K)
[31.054s][info][gc,metaspace ] GC(2) Metaspace: 25155K(26608K)->25155K(26608K) NonClass: 20734K(21952K)->20734K(21952K) Class: 4420K(4656K)->4420K(4656K)
[31.054s][info][gc           ] GC(2) Pause Young (Allocation Failure) 291M->28M(989M) 14.949ms
[31.054s][info][gc,cpu       ] GC(2) User=0.08s Sys=0.02s Real=0.01s
[31.055s][info][gc,start     ] GC(3) Pause Initial Mark
[31.057s][info][gc           ] GC(3) Pause Initial Mark 33M->33M(989M) 2.246ms
[31.057s][info][gc,cpu       ] GC(3) User=0.00s Sys=0.00s Real=0.00s
[31.057s][info][gc           ] GC(3) Concurrent Mark
[31.057s][info][gc,task      ] GC(3) Using 2 workers of 2 for marking
[31.057s][info][gc           ] GC(3) Concurrent Mark 0.420ms
[31.057s][info][gc,cpu       ] GC(3) User=0.00s Sys=0.00s Real=0.00s
[31.058s][info][gc           ] GC(3) Concurrent Preclean
[31.058s][info][gc           ] GC(3) Concurrent Preclean 0.846ms
[31.058s][info][gc,cpu       ] GC(3) User=0.00s Sys=0.00s Real=0.00s
[31.058s][info][gc           ] GC(3) Concurrent Abortable Preclean
[31.173s][info][gc,start     ] GC(4) Pause Full (System.gc())
[31.277s][info][gc           ] GC(3) Concurrent Abortable Preclean 218.027ms
[31.277s][info][gc,cpu       ] GC(3) User=0.55s Sys=0.02s Real=0.22s
[31.277s][info][gc,phases,start] GC(4) Phase 1: Mark live objects
[31.298s][info][gc,phases      ] GC(4) Phase 1: Mark live objects 20.821ms
[31.298s][info][gc,phases,start] GC(4) Phase 2: Compute new object addresses
[31.304s][info][gc,phases      ] GC(4) Phase 2: Compute new object addresses 6.133ms
[31.304s][info][gc,phases,start] GC(4) Phase 3: Adjust pointers
[31.317s][info][gc,phases      ] GC(4) Phase 3: Adjust pointers 13.384ms
[31.317s][info][gc,phases,start] GC(4) Phase 4: Move objects
[31.325s][info][gc,phases      ] GC(4) Phase 4: Move objects 7.578ms
[31.327s][info][gc,heap        ] GC(4) ParNew: 37265K->0K(314560K)
[31.327s][info][gc,heap        ] GC(4) CMS: 0K->23352K(699072K)
[31.327s][info][gc,metaspace   ] GC(4) Metaspace: 26538K(27836K)->26538K(27836K) NonClass: 21915K(22924K)->21915K(22924K) Class: 4623K(4912K)->4623K(4912K)
[31.327s][info][gc             ] GC(4) Pause Full (System.gc()) 36M->22M(989M) 154.659ms
[31.327s][info][gc,cpu         ] GC(4) User=0.22s Sys=0.02s Real=0.16s
[32.520s][info][gc,start       ] GC(5) Pause Young (Allocation Failure)
[32.520s][info][gc,task        ] GC(5) Using 6 workers of 6 for evacuation
[32.523s][info][gc,heap        ] GC(5) ParNew: 279616K->20681K(314560K)
[32.523s][info][gc,heap        ] GC(5) CMS: 23352K->23352K(699072K)
[32.523s][info][gc,metaspace   ] GC(5) Metaspace: 35807K(38460K)->35807K(38460K) NonClass: 29594K(31884K)->29594K(31884K) Class: 6212K(6576K)->6212K(6576K)
[32.523s][info][gc             ] GC(5) Pause Young (Allocation Failure) 295M->43M(989M) 3.809ms
[32.523s][info][gc,cpu         ] GC(5) User=0.00s Sys=0.00s Real=0.00s
[33.713s][info][gc,start       ] GC(6) Pause Young (Allocation Failure)
[33.714s][info][gc,task        ] GC(6) Using 6 workers of 6 for evacuation
[33.717s][info][gc,heap        ] GC(6) ParNew: 300297K->7707K(314560K)
[33.717s][info][gc,heap        ] GC(6) CMS: 23352K->23352K(699072K)
[33.717s][info][gc,metaspace   ] GC(6) Metaspace: 42033K(44860K)->42033K(44860K) NonClass: 34822K(37260K)->34822K(37260K) Class: 7210K(7600K)->7210K(7600K)
[33.717s][info][gc             ] GC(6) Pause Young (Allocation Failure) 316M->30M(989M) 4.026ms
[33.717s][info][gc,cpu         ] GC(6) User=0.00s Sys=0.00s Real=0.00s
[34.020s][info][gc,start       ] GC(7) Pause Young (Allocation Failure)
[34.020s][info][gc,task        ] GC(7) Using 6 workers of 6 for evacuation
[34.024s][info][gc,heap        ] GC(7) ParNew: 287323K->8021K(314560K)
[34.024s][info][gc,heap        ] GC(7) CMS: 23352K->23352K(699072K)
[34.024s][info][gc,metaspace   ] GC(7) Metaspace: 42196K(44860K)->42196K(44860K) NonClass: 34986K(37260K)->34986K(37260K) Class: 7210K(7600K)->7210K(7600K)
[34.024s][info][gc             ] GC(7) Pause Young (Allocation Failure) 303M->30M(989M) 3.882ms
[34.024s][info][gc,cpu         ] GC(7) User=0.00s Sys=0.00s Real=0.00s
[34.204s][info][gc,start       ] GC(8) Pause Young (Allocation Failure)
[34.204s][info][gc,task        ] GC(8) Using 6 workers of 6 for evacuation
[34.207s][info][gc,heap        ] GC(8) ParNew: 287637K->7852K(314560K)
[34.207s][info][gc,heap        ] GC(8) CMS: 23352K->23352K(699072K)
[34.207s][info][gc,metaspace   ] GC(8) Metaspace: 42255K(45116K)->42255K(45116K) NonClass: 35045K(37516K)->35045K(37516K) Class: 7210K(7600K)->7210K(7600K)
[34.207s][info][gc             ] GC(8) Pause Young (Allocation Failure) 303M->30M(989M) 3.665ms
[34.207s][info][gc,cpu         ] GC(8) User=0.09s Sys=0.00s Real=0.02s
[35.044s][info][gc,start       ] GC(9) Pause Young (Allocation Failure)
[35.045s][info][gc,task        ] GC(9) Using 6 workers of 6 for evacuation
[35.048s][info][gc,heap        ] GC(9) ParNew: 287468K->8682K(314560K)
[35.048s][info][gc,heap        ] GC(9) CMS: 23352K->23352K(699072K)
[35.048s][info][gc,metaspace   ] GC(9) Metaspace: 42339K(45116K)->42339K(45116K) NonClass: 35129K(37516K)->35129K(37516K) Class: 7210K(7600K)->7210K(7600K)
[35.048s][info][gc             ] GC(9) Pause Young (Allocation Failure) 303M->31M(989M) 3.661ms
[35.048s][info][gc,cpu         ] GC(9) User=0.00s Sys=0.00s Real=0.01s
[36.134s][info][gc,start       ] GC(10) Pause Young (Allocation Failure)
[36.134s][info][gc,task        ] GC(10) Using 6 workers of 6 for evacuation
[36.138s][info][gc,heap        ] GC(10) ParNew: 288298K->6510K(314560K)
[36.138s][info][gc,heap        ] GC(10) CMS: 23352K->23352K(699072K)
[36.138s][info][gc,metaspace   ] GC(10) Metaspace: 42602K(45372K)->42602K(45372K) NonClass: 35392K(37772K)->35392K(37772K) Class: 7210K(7600K)->7210K(7600K)
[36.138s][info][gc             ] GC(10) Pause Young (Allocation Failure) 304M->29M(989M) 3.803ms
[36.138s][info][gc,cpu         ] GC(10) User=0.00s Sys=0.00s Real=0.01s
[36.867s][info][gc,start       ] GC(11) Pause Young (Allocation Failure)
[36.867s][info][gc,task        ] GC(11) Using 6 workers of 6 for evacuation
[36.906s][info][gc,heap        ] GC(11) ParNew: 286126K->15228K(314560K)
[36.906s][info][gc,heap        ] GC(11) CMS: 23352K->26803K(699072K)
[36.906s][info][gc,metaspace   ] GC(11) Metaspace: 43455K(46140K)->43455K(46140K) NonClass: 36176K(38540K)->36176K(38540K) Class: 7278K(7600K)->7278K(7600K)
[36.906s][info][gc             ] GC(11) Pause Young (Allocation Failure) 302M->41M(989M) 38.713ms
[36.906s][info][gc,cpu         ] GC(11) User=0.08s Sys=0.03s Real=0.04s
[37.351s][info][gc,start       ] GC(12) Pause Young (Allocation Failure)
[37.351s][info][gc,task        ] GC(12) Using 6 workers of 6 for evacuation
[37.372s][info][gc,heap        ] GC(12) ParNew: 294844K->9631K(314560K)
[37.372s][info][gc,heap        ] GC(12) CMS: 26803K->29010K(699072K)
[37.372s][info][gc,metaspace   ] GC(12) Metaspace: 43499K(46268K)->43499K(46268K) NonClass: 36216K(38540K)->36216K(38540K) Class: 7282K(7728K)->7282K(7728K)
[37.372s][info][gc             ] GC(12) Pause Young (Allocation Failure) 314M->37M(989M) 21.524ms
[37.372s][info][gc,cpu         ] GC(12) User=0.02s Sys=0.00s Real=0.02s
[37.933s][info][gc,start       ] GC(13) Pause Young (Allocation Failure)
[37.933s][info][gc,task        ] GC(13) Using 6 workers of 6 for evacuation
[37.935s][info][gc,heap        ] GC(13) ParNew: 289247K->1040K(314560K)
[37.935s][info][gc,heap        ] GC(13) CMS: 29010K->29014K(699072K)
[37.935s][info][gc,metaspace   ] GC(13) Metaspace: 43500K(46268K)->43500K(46268K) NonClass: 36217K(38540K)->36217K(38540K) Class: 7282K(7728K)->7282K(7728K)
[37.935s][info][gc             ] GC(13) Pause Young (Allocation Failure) 310M->29M(989M) 2.001ms
[37.935s][info][gc,cpu         ] GC(13) User=0.00s Sys=0.00s Real=0.01s
[38.025s][info][gc,start       ] GC(14) Pause Young (Allocation Failure)
[38.025s][info][gc,task        ] GC(14) Using 6 workers of 6 for evacuation
[38.027s][info][gc,heap        ] GC(14) ParNew: 280656K->569K(314560K)
[38.027s][info][gc,heap        ] GC(14) CMS: 29014K->29019K(699072K)
[38.027s][info][gc,metaspace   ] GC(14) Metaspace: 43500K(46268K)->43500K(46268K) NonClass: 36217K(38540K)->36217K(38540K) Class: 7282K(7728K)->7282K(7728K)
[38.027s][info][gc             ] GC(14) Pause Young (Allocation Failure) 302M->28M(989M) 1.909ms
[38.027s][info][gc,cpu         ] GC(14) User=0.00s Sys=0.00s Real=0.00s
[38.285s][info][gc,start       ] GC(15) Pause Young (Allocation Failure)
[38.285s][info][gc,task        ] GC(15) Using 6 workers of 6 for evacuation
[38.287s][info][gc,heap        ] GC(15) ParNew: 280185K->579K(314560K)
[38.287s][info][gc,heap        ] GC(15) CMS: 29019K->29025K(699072K)
[38.287s][info][gc,metaspace   ] GC(15) Metaspace: 43500K(46268K)->43500K(46268K) NonClass: 36217K(38540K)->36217K(38540K) Class: 7282K(7728K)->7282K(7728K)
[38.287s][info][gc             ] GC(15) Pause Young (Allocation Failure) 301M->28M(989M) 2.088ms
[38.287s][info][gc,cpu         ] GC(15) User=0.00s Sys=0.00s Real=0.00s
[39.113s][info][gc,start       ] GC(16) Pause Young (Allocation Failure)
[39.114s][info][gc,task        ] GC(16) Using 6 workers of 6 for evacuation
[39.115s][info][gc,heap        ] GC(16) ParNew: 280195K->516K(314560K)
[39.115s][info][gc,heap        ] GC(16) CMS: 29025K->29031K(699072K)
[39.115s][info][gc,metaspace   ] GC(16) Metaspace: 43500K(46268K)->43500K(46268K) NonClass: 36217K(38540K)->36217K(38540K) Class: 7282K(7728K)->7282K(7728K)
[39.115s][info][gc             ] GC(16) Pause Young (Allocation Failure) 301M->28M(989M) 1.909ms
[39.115s][info][gc,cpu         ] GC(16) User=0.00s Sys=0.00s Real=0.00s
[40.018s][info][gc,start       ] GC(17) Pause Young (Allocation Failure)
[40.018s][info][gc,task        ] GC(17) Using 6 workers of 6 for evacuation
[40.020s][info][gc,heap        ] GC(17) ParNew: 280132K->72K(314560K)
[40.020s][info][gc,heap        ] GC(17) CMS: 29031K->29414K(699072K)
[40.020s][info][gc,metaspace   ] GC(17) Metaspace: 43502K(46268K)->43502K(46268K) NonClass: 36219K(38540K)->36219K(38540K) Class: 7282K(7728K)->7282K(7728K)
[40.020s][info][gc             ] GC(17) Pause Young (Allocation Failure) 301M->28M(989M) 2.076ms
[40.020s][info][gc,cpu         ] GC(17) User=0.00s Sys=0.00s Real=0.00s
[40.351s][info][gc,start       ] GC(18) Pause Young (Allocation Failure)
[40.351s][info][gc,task        ] GC(18) Using 6 workers of 6 for evacuation
[40.398s][info][gc,heap        ] GC(18) ParNew: 279688K->17226K(314560K)
[40.398s][info][gc,heap        ] GC(18) CMS: 29414K->29421K(699072K)
[40.398s][info][gc,metaspace   ] GC(18) Metaspace: 43512K(46268K)->43512K(46268K) NonClass: 36230K(38540K)->36230K(38540K) Class: 7282K(7728K)->7282K(7728K)
[40.398s][info][gc             ] GC(18) Pause Young (Allocation Failure) 301M->45M(989M) 46.668ms
[40.398s][info][gc,cpu         ] GC(18) User=0.05s Sys=0.00s Real=0.05s
[40.660s][info][gc,start       ] GC(19) Pause Full (System.gc())
[40.660s][info][gc,phases,start] GC(19) Phase 1: Mark live objects
[40.695s][info][gc,phases      ] GC(19) Phase 1: Mark live objects 34.269ms
[40.695s][info][gc,phases,start] GC(19) Phase 2: Compute new object addresses
[40.720s][info][gc,phases      ] GC(19) Phase 2: Compute new object addresses 25.675ms
[40.720s][info][gc,phases,start] GC(19) Phase 3: Adjust pointers
[40.741s][info][gc,phases      ] GC(19) Phase 3: Adjust pointers 20.739ms
[40.741s][info][gc,phases,start] GC(19) Phase 4: Move objects
[40.748s][info][gc,phases      ] GC(19) Phase 4: Move objects 6.489ms
[40.748s][info][gc,heap        ] GC(19) ParNew: 171351K->0K(314560K)
[40.748s][info][gc,heap        ] GC(19) CMS: 29421K->28859K(699072K)
[40.748s][info][gc,metaspace   ] GC(19) Metaspace: 43602K(46268K)->43602K(46268K) NonClass: 36313K(38540K)->36313K(38540K) Class: 7289K(7728K)->7289K(7728K)
[40.749s][info][gc             ] GC(19) Pause Full (System.gc()) 196M->28M(989M) 88.388ms
[40.749s][info][gc,cpu         ] GC(19) User=0.08s Sys=0.00s Real=0.08s
[41.304s][info][gc,start       ] GC(20) Pause Young (Allocation Failure)
[41.304s][info][gc,task        ] GC(20) Using 6 workers of 6 for evacuation
[41.305s][info][gc,heap        ] GC(20) ParNew: 279616K->763K(314560K)
[41.305s][info][gc,heap        ] GC(20) CMS: 28859K->28859K(699072K)
[41.305s][info][gc,metaspace   ] GC(20) Metaspace: 43631K(46268K)->43631K(46268K) NonClass: 36343K(38540K)->36343K(38540K) Class: 7287K(7728K)->7287K(7728K)
[41.305s][info][gc             ] GC(20) Pause Young (Allocation Failure) 301M->28M(989M) 1.969ms
[41.306s][info][gc,cpu         ] GC(20) User=0.00s Sys=0.00s Real=0.00s
[41.572s][info][gc,start       ] GC(21) Pause Young (Allocation Failure)
[41.572s][info][gc,task        ] GC(21) Using 6 workers of 6 for evacuation
[41.573s][info][gc,heap        ] GC(21) ParNew: 280379K->271K(314560K)
[41.573s][info][gc,heap        ] GC(21) CMS: 28859K->28859K(699072K)
[41.573s][info][gc,metaspace   ] GC(21) Metaspace: 43631K(46268K)->43631K(46268K) NonClass: 36343K(38540K)->36343K(38540K) Class: 7287K(7728K)->7287K(7728K)
[41.573s][info][gc             ] GC(21) Pause Young (Allocation Failure) 301M->28M(989M) 1.814ms
[41.573s][info][gc,cpu         ] GC(21) User=0.00s Sys=0.00s Real=0.00s
[41.743s][info][gc,start       ] GC(22) Pause Young (Allocation Failure)
[41.743s][info][gc,task        ] GC(22) Using 6 workers of 6 for evacuation
[41.745s][info][gc,heap        ] GC(22) ParNew: 279887K->135K(314560K)
[41.745s][info][gc,heap        ] GC(22) CMS: 28859K->28859K(699072K)
[41.745s][info][gc,metaspace   ] GC(22) Metaspace: 43631K(46268K)->43631K(46268K) NonClass: 36343K(38540K)->36343K(38540K) Class: 7287K(7728K)->7287K(7728K)
[41.745s][info][gc             ] GC(22) Pause Young (Allocation Failure) 301M->28M(989M) 1.852ms
[41.745s][info][gc,cpu         ] GC(22) User=0.00s Sys=0.00s Real=0.00s
[42.549s][info][gc,start       ] GC(23) Pause Young (Allocation Failure)
[42.549s][info][gc,task        ] GC(23) Using 6 workers of 6 for evacuation
[42.550s][info][gc,heap        ] GC(23) ParNew: 279751K->163K(314560K)
[42.550s][info][gc,heap        ] GC(23) CMS: 28859K->28859K(699072K)
[42.551s][info][gc,metaspace   ] GC(23) Metaspace: 43631K(46268K)->43631K(46268K) NonClass: 36343K(38540K)->36343K(38540K) Class: 7287K(7728K)->7287K(7728K)
[42.551s][info][gc             ] GC(23) Pause Young (Allocation Failure) 301M->28M(989M) 1.865ms
[42.551s][info][gc,cpu         ] GC(23) User=0.00s Sys=0.00s Real=0.00s
[43.520s][info][gc,start       ] GC(24) Pause Young (Allocation Failure)
[43.520s][info][gc,task        ] GC(24) Using 6 workers of 6 for evacuation
[43.522s][info][gc,heap        ] GC(24) ParNew: 279779K->146K(314560K)
[43.522s][info][gc,heap        ] GC(24) CMS: 28859K->28859K(699072K)
[43.522s][info][gc,metaspace   ] GC(24) Metaspace: 43631K(46268K)->43631K(46268K) NonClass: 36343K(38540K)->36343K(38540K) Class: 7287K(7728K)->7287K(7728K)
[43.522s][info][gc             ] GC(24) Pause Young (Allocation Failure) 301M->28M(989M) 2.091ms
[43.522s][info][gc,cpu         ] GC(24) User=0.00s Sys=0.00s Real=0.00s
[43.878s][info][gc,start       ] GC(25) Pause Young (Allocation Failure)
[43.878s][info][gc,task        ] GC(25) Using 6 workers of 6 for evacuation
[43.913s][info][gc,heap        ] GC(25) ParNew: 279762K->13706K(314560K)
[43.913s][info][gc,heap        ] GC(25) CMS: 28859K->28859K(699072K)
[43.913s][info][gc,metaspace   ] GC(25) Metaspace: 43631K(46268K)->43631K(46268K) NonClass: 36343K(38540K)->36343K(38540K) Class: 7287K(7728K)->7287K(7728K)
[43.913s][info][gc             ] GC(25) Pause Young (Allocation Failure) 301M->41M(989M) 34.979ms
[43.913s][info][gc,cpu         ] GC(25) User=0.03s Sys=0.00s Real=0.03s
[44.529s][info][gc,start       ] GC(26) Pause Young (Allocation Failure)
[44.529s][info][gc,task        ] GC(26) Using 6 workers of 6 for evacuation
[44.538s][info][gc,heap        ] GC(26) ParNew: 293322K->4091K(314560K)
[44.538s][info][gc,heap        ] GC(26) CMS: 28859K->28979K(699072K)
[44.538s][info][gc,metaspace   ] GC(26) Metaspace: 43634K(46524K)->43634K(46524K) NonClass: 36347K(38796K)->36347K(38796K) Class: 7287K(7728K)->7287K(7728K)
[44.538s][info][gc             ] GC(26) Pause Young (Allocation Failure) 314M->32M(989M) 8.930ms
[44.538s][info][gc,cpu         ] GC(26) User=0.02s Sys=0.00s Real=0.00s
[44.840s][info][gc,start       ] GC(27) Pause Young (Allocation Failure)
[44.840s][info][gc,task        ] GC(27) Using 6 workers of 6 for evacuation
[44.841s][info][gc,heap        ] GC(27) ParNew: 283707K->224K(314560K)
[44.841s][info][gc,heap        ] GC(27) CMS: 28979K->28979K(699072K)
[44.841s][info][gc,metaspace   ] GC(27) Metaspace: 43634K(46524K)->43634K(46524K) NonClass: 36347K(38796K)->36347K(38796K) Class: 7287K(7728K)->7287K(7728K)
[44.841s][info][gc             ] GC(27) Pause Young (Allocation Failure) 305M->28M(989M) 1.766ms
[44.841s][info][gc,cpu         ] GC(27) User=0.00s Sys=0.00s Real=0.00s
[44.925s][info][gc,start       ] GC(28) Pause Young (Allocation Failure)
[44.925s][info][gc,task        ] GC(28) Using 6 workers of 6 for evacuation
[44.926s][info][gc,heap        ] GC(28) ParNew: 279840K->68K(314560K)
[44.926s][info][gc,heap        ] GC(28) CMS: 28979K->28981K(699072K)
[44.926s][info][gc,metaspace   ] GC(28) Metaspace: 43634K(46524K)->43634K(46524K) NonClass: 36347K(38796K)->36347K(38796K) Class: 7287K(7728K)->7287K(7728K)
[44.926s][info][gc             ] GC(28) Pause Young (Allocation Failure) 301M->28M(989M) 1.770ms
[44.926s][info][gc,cpu         ] GC(28) User=0.00s Sys=0.00s Real=0.02s
[45.394s][info][gc,start       ] GC(29) Pause Young (Allocation Failure)
[45.394s][info][gc,task        ] GC(29) Using 6 workers of 6 for evacuation
[45.396s][info][gc,heap        ] GC(29) ParNew: 279684K->56K(314560K)
[45.396s][info][gc,heap        ] GC(29) CMS: 28981K->28984K(699072K)
[45.396s][info][gc,metaspace   ] GC(29) Metaspace: 43634K(46524K)->43634K(46524K) NonClass: 36347K(38796K)->36347K(38796K) Class: 7287K(7728K)->7287K(7728K)
[45.396s][info][gc             ] GC(29) Pause Young (Allocation Failure) 301M->28M(989M) 1.894ms
[45.396s][info][gc,cpu         ] GC(29) User=0.00s Sys=0.00s Real=0.00s
[46.390s][info][gc,start       ] GC(30) Pause Young (Allocation Failure)
[46.390s][info][gc,task        ] GC(30) Using 6 workers of 6 for evacuation
[46.391s][info][gc,heap        ] GC(30) ParNew: 279672K->20K(314560K)
[46.391s][info][gc,heap        ] GC(30) CMS: 28984K->28986K(699072K)
[46.391s][info][gc,metaspace   ] GC(30) Metaspace: 43634K(46524K)->43634K(46524K) NonClass: 36347K(38796K)->36347K(38796K) Class: 7287K(7728K)->7287K(7728K)
[46.391s][info][gc             ] GC(30) Pause Young (Allocation Failure) 301M->28M(989M) 1.756ms
[46.391s][info][gc,cpu         ] GC(30) User=0.00s Sys=0.00s Real=0.00s
[46.919s][info][gc,start       ] GC(31) Pause Young (Allocation Failure)
[46.919s][info][gc,task        ] GC(31) Using 6 workers of 6 for evacuation
[46.920s][info][gc,heap        ] GC(31) ParNew: 279636K->25K(314560K)
[46.920s][info][gc,heap        ] GC(31) CMS: 28986K->28987K(699072K)
[46.920s][info][gc,metaspace   ] GC(31) Metaspace: 43634K(46524K)->43634K(46524K) NonClass: 36347K(38796K)->36347K(38796K) Class: 7287K(7728K)->7287K(7728K)
[46.920s][info][gc             ] GC(31) Pause Young (Allocation Failure) 301M->28M(989M) 1.752ms
[46.920s][info][gc,cpu         ] GC(31) User=0.00s Sys=0.00s Real=0.00s
[47.182s][info][gc,start       ] GC(32) Pause Young (Allocation Failure)
[47.182s][info][gc,task        ] GC(32) Using 6 workers of 6 for evacuation
[47.229s][info][gc,heap        ] GC(32) ParNew: 279641K->17224K(314560K)
[47.229s][info][gc,heap        ] GC(32) CMS: 28987K->28989K(699072K)
[47.229s][info][gc,metaspace   ] GC(32) Metaspace: 43634K(46524K)->43634K(46524K) NonClass: 36347K(38796K)->36347K(38796K) Class: 7287K(7728K)->7287K(7728K)
[47.229s][info][gc             ] GC(32) Pause Young (Allocation Failure) 301M->45M(989M) 47.067ms
[47.229s][info][gc,cpu         ] GC(32) User=0.05s Sys=0.00s Real=0.05s
[47.445s][info][gc,start       ] GC(33) Pause Full (System.gc())
[47.445s][info][gc,phases,start] GC(33) Phase 1: Mark live objects
[47.471s][info][gc,phases      ] GC(33) Phase 1: Mark live objects 25.220ms
[47.471s][info][gc,phases,start] GC(33) Phase 2: Compute new object addresses
[47.490s][info][gc,phases      ] GC(33) Phase 2: Compute new object addresses 19.649ms
[47.490s][info][gc,phases,start] GC(33) Phase 3: Adjust pointers
[47.511s][info][gc,phases      ] GC(33) Phase 3: Adjust pointers 20.904ms
[47.511s][info][gc,phases,start] GC(33) Phase 4: Move objects
[47.515s][info][gc,phases      ] GC(33) Phase 4: Move objects 3.930ms
[47.516s][info][gc,heap        ] GC(33) ParNew: 112359K->0K(314560K)
[47.516s][info][gc,heap        ] GC(33) CMS: 28989K->28870K(699072K)
[47.516s][info][gc,metaspace   ] GC(33) Metaspace: 43636K(46524K)->43636K(46524K) NonClass: 36349K(38796K)->36349K(38796K) Class: 7287K(7728K)->7287K(7728K)
[47.516s][info][gc             ] GC(33) Pause Full (System.gc()) 138M->28M(989M) 71.097ms
[47.516s][info][gc,cpu         ] GC(33) User=0.06s Sys=0.00s Real=0.08s
[47.991s][info][gc,start       ] GC(34) Pause Young (Allocation Failure)
[47.991s][info][gc,task        ] GC(34) Using 6 workers of 6 for evacuation
[47.993s][info][gc,heap        ] GC(34) ParNew: 279616K->759K(314560K)
[47.993s][info][gc,heap        ] GC(34) CMS: 28870K->28870K(699072K)
[47.993s][info][gc,metaspace   ] GC(34) Metaspace: 43710K(46524K)->43710K(46524K) NonClass: 36421K(38796K)->36421K(38796K) Class: 7288K(7728K)->7288K(7728K)
[47.993s][info][gc             ] GC(34) Pause Young (Allocation Failure) 301M->28M(989M) 1.923ms
[47.993s][info][gc,cpu         ] GC(34) User=0.00s Sys=0.00s Real=0.00s
[48.208s][info][gc,start       ] GC(35) Pause Young (Allocation Failure)
[48.208s][info][gc,task        ] GC(35) Using 6 workers of 6 for evacuation
[48.210s][info][gc,heap        ] GC(35) ParNew: 280375K->236K(314560K)
[48.210s][info][gc,heap        ] GC(35) CMS: 28870K->28870K(699072K)
[48.210s][info][gc,metaspace   ] GC(35) Metaspace: 43710K(46524K)->43710K(46524K) NonClass: 36421K(38796K)->36421K(38796K) Class: 7288K(7728K)->7288K(7728K)
[48.210s][info][gc             ] GC(35) Pause Young (Allocation Failure) 301M->28M(989M) 1.704ms
[48.210s][info][gc,cpu         ] GC(35) User=0.00s Sys=0.00s Real=0.02s
[48.386s][info][gc,start       ] GC(36) Pause Young (Allocation Failure)
[48.386s][info][gc,task        ] GC(36) Using 6 workers of 6 for evacuation
[48.387s][info][gc,heap        ] GC(36) ParNew: 279852K->121K(314560K)
[48.387s][info][gc,heap        ] GC(36) CMS: 28870K->28870K(699072K)
[48.387s][info][gc,metaspace   ] GC(36) Metaspace: 43710K(46524K)->43710K(46524K) NonClass: 36421K(38796K)->36421K(38796K) Class: 7288K(7728K)->7288K(7728K)
[48.387s][info][gc             ] GC(36) Pause Young (Allocation Failure) 301M->28M(989M) 1.283ms
[48.387s][info][gc,cpu         ] GC(36) User=0.00s Sys=0.00s Real=0.00s
[49.132s][info][gc,start       ] GC(37) Pause Young (Allocation Failure)
[49.132s][info][gc,task        ] GC(37) Using 6 workers of 6 for evacuation
[49.134s][info][gc,heap        ] GC(37) ParNew: 279737K->159K(314560K)
[49.134s][info][gc,heap        ] GC(37) CMS: 28870K->28870K(699072K)
[49.134s][info][gc,metaspace   ] GC(37) Metaspace: 43710K(46524K)->43710K(46524K) NonClass: 36421K(38796K)->36421K(38796K) Class: 7288K(7728K)->7288K(7728K)
[49.134s][info][gc             ] GC(37) Pause Young (Allocation Failure) 301M->28M(989M) 1.627ms
[49.134s][info][gc,cpu         ] GC(37) User=0.00s Sys=0.00s Real=0.00s
[50.103s][info][gc,start       ] GC(38) Pause Young (Allocation Failure)
[50.104s][info][gc,task        ] GC(38) Using 6 workers of 6 for evacuation
[50.105s][info][gc,heap        ] GC(38) ParNew: 279775K->143K(314560K)
[50.105s][info][gc,heap        ] GC(38) CMS: 28870K->28870K(699072K)
[50.105s][info][gc,metaspace   ] GC(38) Metaspace: 43710K(46524K)->43710K(46524K) NonClass: 36421K(38796K)->36421K(38796K) Class: 7288K(7728K)->7288K(7728K)
[50.105s][info][gc             ] GC(38) Pause Young (Allocation Failure) 301M->28M(989M) 1.794ms
[50.105s][info][gc,cpu         ] GC(38) User=0.00s Sys=0.00s Real=0.00s
[50.438s][info][gc,start       ] GC(39) Pause Young (Allocation Failure)
[50.438s][info][gc,task        ] GC(39) Using 6 workers of 6 for evacuation
[50.474s][info][gc,heap        ] GC(39) ParNew: 279759K->14333K(314560K)
[50.474s][info][gc,heap        ] GC(39) CMS: 28870K->28870K(699072K)
[50.474s][info][gc,metaspace   ] GC(39) Metaspace: 43710K(46524K)->43710K(46524K) NonClass: 36421K(38796K)->36421K(38796K) Class: 7288K(7728K)->7288K(7728K)
[50.474s][info][gc             ] GC(39) Pause Young (Allocation Failure) 301M->42M(989M) 36.113ms
[50.474s][info][gc,cpu         ] GC(39) User=0.12s Sys=0.00s Real=0.04s
[51.031s][info][gc,start       ] GC(40) Pause Young (Allocation Failure)
[51.031s][info][gc,task        ] GC(40) Using 6 workers of 6 for evacuation
[51.039s][info][gc,heap        ] GC(40) ParNew: 293949K->3656K(314560K)
[51.039s][info][gc,heap        ] GC(40) CMS: 28870K->28984K(699072K)
[51.039s][info][gc,metaspace   ] GC(40) Metaspace: 43710K(46524K)->43710K(46524K) NonClass: 36421K(38796K)->36421K(38796K) Class: 7288K(7728K)->7288K(7728K)
[51.039s][info][gc             ] GC(40) Pause Young (Allocation Failure) 315M->31M(989M) 7.818ms
[51.039s][info][gc,cpu         ] GC(40) User=0.09s Sys=0.00s Real=0.02s
[51.338s][info][gc,start       ] GC(41) Pause Young (Allocation Failure)
[51.338s][info][gc,task        ] GC(41) Using 6 workers of 6 for evacuation
[51.339s][info][gc,heap        ] GC(41) ParNew: 283272K->184K(314560K)
[51.339s][info][gc,heap        ] GC(41) CMS: 28984K->28984K(699072K)
[51.340s][info][gc,metaspace   ] GC(41) Metaspace: 43710K(46524K)->43710K(46524K) NonClass: 36421K(38796K)->36421K(38796K) Class: 7288K(7728K)->7288K(7728K)
[51.340s][info][gc             ] GC(41) Pause Young (Allocation Failure) 304M->28M(989M) 1.612ms
[51.340s][info][gc,cpu         ] GC(41) User=0.00s Sys=0.00s Real=0.00s
[51.424s][info][gc,start       ] GC(42) Pause Young (Allocation Failure)
[51.424s][info][gc,task        ] GC(42) Using 6 workers of 6 for evacuation
[51.426s][info][gc,heap        ] GC(42) ParNew: 279800K->58K(314560K)
[51.426s][info][gc,heap        ] GC(42) CMS: 28984K->28986K(699072K)
[51.426s][info][gc,metaspace   ] GC(42) Metaspace: 43710K(46524K)->43710K(46524K) NonClass: 36421K(38796K)->36421K(38796K) Class: 7288K(7728K)->7288K(7728K)
[51.426s][info][gc             ] GC(42) Pause Young (Allocation Failure) 301M->28M(989M) 1.835ms
[51.426s][info][gc,cpu         ] GC(42) User=0.00s Sys=0.00s Real=0.00s
[51.890s][info][gc,start       ] GC(43) Pause Young (Allocation Failure)
[51.891s][info][gc,task        ] GC(43) Using 6 workers of 6 for evacuation
[51.892s][info][gc,heap        ] GC(43) ParNew: 279674K->48K(314560K)
[51.892s][info][gc,heap        ] GC(43) CMS: 28986K->28989K(699072K)
[51.892s][info][gc,metaspace   ] GC(43) Metaspace: 43710K(46524K)->43710K(46524K) NonClass: 36421K(38796K)->36421K(38796K) Class: 7288K(7728K)->7288K(7728K)
[51.892s][info][gc             ] GC(43) Pause Young (Allocation Failure) 301M->28M(989M) 1.996ms
[51.892s][info][gc,cpu         ] GC(43) User=0.09s Sys=0.00s Real=0.00s
[52.899s][info][gc,start       ] GC(44) Pause Young (Allocation Failure)
[52.900s][info][gc,task        ] GC(44) Using 6 workers of 6 for evacuation
[52.901s][info][gc,heap        ] GC(44) ParNew: 279664K->20K(314560K)
[52.901s][info][gc,heap        ] GC(44) CMS: 28989K->28991K(699072K)
[52.901s][info][gc,metaspace   ] GC(44) Metaspace: 43710K(46524K)->43710K(46524K) NonClass: 36421K(38796K)->36421K(38796K) Class: 7288K(7728K)->7288K(7728K)
[52.901s][info][gc             ] GC(44) Pause Young (Allocation Failure) 301M->28M(989M) 1.744ms
[52.901s][info][gc,cpu         ] GC(44) User=0.00s Sys=0.00s Real=0.00s
[53.413s][info][gc,start       ] GC(45) Pause Young (Allocation Failure)
[53.413s][info][gc,task        ] GC(45) Using 6 workers of 6 for evacuation
[53.415s][info][gc,heap        ] GC(45) ParNew: 279636K->23K(314560K)
[53.415s][info][gc,heap        ] GC(45) CMS: 28991K->28992K(699072K)
[53.415s][info][gc,metaspace   ] GC(45) Metaspace: 43710K(46524K)->43710K(46524K) NonClass: 36421K(38796K)->36421K(38796K) Class: 7288K(7728K)->7288K(7728K)
[53.415s][info][gc             ] GC(45) Pause Young (Allocation Failure) 301M->28M(989M) 1.785ms
[53.415s][info][gc,cpu         ] GC(45) User=0.00s Sys=0.00s Real=0.00s
[53.677s][info][gc,start       ] GC(46) Pause Young (Allocation Failure)
[53.677s][info][gc,task        ] GC(46) Using 6 workers of 6 for evacuation
[53.724s][info][gc,heap        ] GC(46) ParNew: 279639K->17213K(314560K)
[53.724s][info][gc,heap        ] GC(46) CMS: 28992K->28994K(699072K)
[53.724s][info][gc,metaspace   ] GC(46) Metaspace: 43710K(46524K)->43710K(46524K) NonClass: 36421K(38796K)->36421K(38796K) Class: 7288K(7728K)->7288K(7728K)
[53.724s][info][gc             ] GC(46) Pause Young (Allocation Failure) 301M->45M(989M) 47.668ms
[53.724s][info][gc,cpu         ] GC(46) User=0.05s Sys=0.00s Real=0.06s
[53.944s][info][gc,start       ] GC(47) Pause Full (System.gc())
[53.944s][info][gc,phases,start] GC(47) Phase 1: Mark live objects
[53.981s][info][gc,phases      ] GC(47) Phase 1: Mark live objects 36.989ms
[53.982s][info][gc,phases,start] GC(47) Phase 2: Compute new object addresses
[54.001s][info][gc,phases      ] GC(47) Phase 2: Compute new object addresses 19.253ms
[54.001s][info][gc,phases,start] GC(47) Phase 3: Adjust pointers
[54.022s][info][gc,phases      ] GC(47) Phase 3: Adjust pointers 20.805ms
[54.022s][info][gc,phases,start] GC(47) Phase 4: Move objects
[54.025s][info][gc,phases      ] GC(47) Phase 4: Move objects 3.386ms
[54.026s][info][gc,heap        ] GC(47) ParNew: 106700K->0K(314560K)
[54.026s][info][gc,heap        ] GC(47) CMS: 28994K->28872K(699072K)
[54.026s][info][gc,metaspace   ] GC(47) Metaspace: 43714K(46524K)->43714K(46524K) NonClass: 36425K(38796K)->36425K(38796K) Class: 7288K(7728K)->7288K(7728K)
[54.026s][info][gc             ] GC(47) Pause Full (System.gc()) 132M->28M(989M) 81.707ms
[54.026s][info][gc,cpu         ] GC(47) User=0.08s Sys=0.00s Real=0.07s
[54.499s][info][gc,start       ] GC(48) Pause Young (Allocation Failure)
[54.499s][info][gc,task        ] GC(48) Using 6 workers of 6 for evacuation
[54.501s][info][gc,heap        ] GC(48) ParNew: 279616K->759K(314560K)
[54.501s][info][gc,heap        ] GC(48) CMS: 28872K->28872K(699072K)
[54.501s][info][gc,metaspace   ] GC(48) Metaspace: 43732K(46524K)->43732K(46524K) NonClass: 36443K(38796K)->36443K(38796K) Class: 7289K(7728K)->7289K(7728K)
[54.501s][info][gc             ] GC(48) Pause Young (Allocation Failure) 301M->28M(989M) 1.950ms
[54.501s][info][gc,cpu         ] GC(48) User=0.00s Sys=0.00s Real=0.00s
[54.689s][info][gc,start       ] GC(49) Pause Young (Allocation Failure)
[54.689s][info][gc,task        ] GC(49) Using 6 workers of 6 for evacuation
[54.691s][info][gc,heap        ] GC(49) ParNew: 280375K->236K(314560K)
[54.691s][info][gc,heap        ] GC(49) CMS: 28872K->28872K(699072K)
[54.691s][info][gc,metaspace   ] GC(49) Metaspace: 43745K(46524K)->43745K(46524K) NonClass: 36456K(38796K)->36456K(38796K) Class: 7289K(7728K)->7289K(7728K)
[54.691s][info][gc             ] GC(49) Pause Young (Allocation Failure) 301M->28M(989M) 2.232ms
[54.691s][info][gc,cpu         ] GC(49) User=0.02s Sys=0.00s Real=0.00s
[54.829s][info][gc,start       ] GC(50) Pause Young (Allocation Failure)
[54.829s][info][gc,task        ] GC(50) Using 6 workers of 6 for evacuation
[54.830s][info][gc,heap        ] GC(50) ParNew: 279852K->146K(314560K)
[54.830s][info][gc,heap        ] GC(50) CMS: 28872K->28872K(699072K)
[54.830s][info][gc,metaspace   ] GC(50) Metaspace: 43758K(46524K)->43758K(46524K) NonClass: 36469K(38796K)->36469K(38796K) Class: 7289K(7728K)->7289K(7728K)
[54.830s][info][gc             ] GC(50) Pause Young (Allocation Failure) 301M->28M(989M) 1.296ms
[54.830s][info][gc,cpu         ] GC(50) User=0.09s Sys=0.00s Real=0.00s
[55.510s][info][gc,start       ] GC(51) Pause Young (Allocation Failure)
[55.510s][info][gc,task        ] GC(51) Using 6 workers of 6 for evacuation
[55.512s][info][gc,heap        ] GC(51) ParNew: 279762K->160K(314560K)
[55.512s][info][gc,heap        ] GC(51) CMS: 28872K->28872K(699072K)
[55.512s][info][gc,metaspace   ] GC(51) Metaspace: 43783K(46524K)->43783K(46524K) NonClass: 36494K(38796K)->36494K(38796K) Class: 7289K(7728K)->7289K(7728K)
[55.512s][info][gc             ] GC(51) Pause Young (Allocation Failure) 301M->28M(989M) 1.981ms
[55.512s][info][gc,cpu         ] GC(51) User=0.00s Sys=0.00s Real=0.00s
[56.485s][info][gc,start       ] GC(52) Pause Young (Allocation Failure)
[56.485s][info][gc,task        ] GC(52) Using 6 workers of 6 for evacuation
[56.487s][info][gc,heap        ] GC(52) ParNew: 279776K->143K(314560K)
[56.487s][info][gc,heap        ] GC(52) CMS: 28872K->28872K(699072K)
[56.487s][info][gc,metaspace   ] GC(52) Metaspace: 43784K(46524K)->43784K(46524K) NonClass: 36494K(38796K)->36494K(38796K) Class: 7289K(7728K)->7289K(7728K)
[56.487s][info][gc             ] GC(52) Pause Young (Allocation Failure) 301M->28M(989M) 1.942ms
[56.487s][info][gc,cpu         ] GC(52) User=0.06s Sys=0.03s Real=0.00s
[56.822s][info][gc,start       ] GC(53) Pause Young (Allocation Failure)
[56.822s][info][gc,task        ] GC(53) Using 6 workers of 6 for evacuation
[56.859s][info][gc,heap        ] GC(53) ParNew: 279759K->14322K(314560K)
[56.859s][info][gc,heap        ] GC(53) CMS: 28872K->28872K(699072K)
[56.859s][info][gc,metaspace   ] GC(53) Metaspace: 43784K(46524K)->43784K(46524K) NonClass: 36494K(38796K)->36494K(38796K) Class: 7289K(7728K)->7289K(7728K)
[56.859s][info][gc             ] GC(53) Pause Young (Allocation Failure) 301M->42M(989M) 37.005ms
[56.859s][info][gc,cpu         ] GC(53) User=0.03s Sys=0.00s Real=0.05s
[57.416s][info][gc,start       ] GC(54) Pause Young (Allocation Failure)
[57.416s][info][gc,task        ] GC(54) Using 6 workers of 6 for evacuation
[57.424s][info][gc,heap        ] GC(54) ParNew: 293938K->3541K(314560K)
[57.425s][info][gc,heap        ] GC(54) CMS: 28872K->28988K(699072K)
[57.425s][info][gc,metaspace   ] GC(54) Metaspace: 43784K(46524K)->43784K(46524K) NonClass: 36494K(38796K)->36494K(38796K) Class: 7289K(7728K)->7289K(7728K)
[57.425s][info][gc             ] GC(54) Pause Young (Allocation Failure) 315M->31M(989M) 8.482ms
[57.425s][info][gc,cpu         ] GC(54) User=0.02s Sys=0.00s Real=0.00s
[57.689s][info][gc,start       ] GC(55) Pause Young (Allocation Failure)
[57.690s][info][gc,task        ] GC(55) Using 6 workers of 6 for evacuation
[57.691s][info][gc,heap        ] GC(55) ParNew: 283157K->221K(314560K)
[57.691s][info][gc,heap        ] GC(55) CMS: 28988K->28989K(699072K)
[57.691s][info][gc,metaspace   ] GC(55) Metaspace: 43784K(46524K)->43784K(46524K) NonClass: 36494K(38796K)->36494K(38796K) Class: 7289K(7728K)->7289K(7728K)
[57.691s][info][gc             ] GC(55) Pause Young (Allocation Failure) 304M->28M(989M) 1.839ms
[57.691s][info][gc,cpu         ] GC(55) User=0.00s Sys=0.00s Real=0.00s
[57.775s][info][gc,start       ] GC(56) Pause Young (Allocation Failure)
[57.775s][info][gc,task        ] GC(56) Using 6 workers of 6 for evacuation
[57.777s][info][gc,heap        ] GC(56) ParNew: 279837K->58K(314560K)
[57.777s][info][gc,heap        ] GC(56) CMS: 28989K->28991K(699072K)
[57.777s][info][gc,metaspace   ] GC(56) Metaspace: 43784K(46524K)->43784K(46524K) NonClass: 36494K(38796K)->36494K(38796K) Class: 7289K(7728K)->7289K(7728K)
[57.777s][info][gc             ] GC(56) Pause Young (Allocation Failure) 301M->28M(989M) 1.726ms
[57.777s][info][gc,cpu         ] GC(56) User=0.00s Sys=0.00s Real=0.00s
[58.096s][info][gc,start       ] GC(57) Pause Young (Allocation Failure)
[58.097s][info][gc,task        ] GC(57) Using 6 workers of 6 for evacuation
[58.098s][info][gc,heap        ] GC(57) ParNew: 279674K->55K(314560K)
[58.098s][info][gc,heap        ] GC(57) CMS: 28991K->28993K(699072K)
[58.098s][info][gc,metaspace   ] GC(57) Metaspace: 43784K(46524K)->43784K(46524K) NonClass: 36494K(38796K)->36494K(38796K) Class: 7289K(7728K)->7289K(7728K)
[58.098s][info][gc             ] GC(57) Pause Young (Allocation Failure) 301M->28M(989M) 1.646ms
[58.098s][info][gc,cpu         ] GC(57) User=0.00s Sys=0.00s Real=0.00s
[59.107s][info][gc,start       ] GC(58) Pause Young (Allocation Failure)
[59.107s][info][gc,task        ] GC(58) Using 6 workers of 6 for evacuation
[59.109s][info][gc,heap        ] GC(58) ParNew: 279671K->18K(314560K)
[59.109s][info][gc,heap        ] GC(58) CMS: 28993K->28996K(699072K)
[59.109s][info][gc,metaspace   ] GC(58) Metaspace: 43784K(46524K)->43784K(46524K) NonClass: 36495K(38796K)->36495K(38796K) Class: 7289K(7728K)->7289K(7728K)
[59.109s][info][gc             ] GC(58) Pause Young (Allocation Failure) 301M->28M(989M) 1.686ms
[59.109s][info][gc,cpu         ] GC(58) User=0.00s Sys=0.00s Real=0.00s
[59.620s][info][gc,start       ] GC(59) Pause Young (Allocation Failure)
[59.620s][info][gc,task        ] GC(59) Using 6 workers of 6 for evacuation
[59.622s][info][gc,heap        ] GC(59) ParNew: 279634K->23K(314560K)
[59.622s][info][gc,heap        ] GC(59) CMS: 28996K->28996K(699072K)
[59.622s][info][gc,metaspace   ] GC(59) Metaspace: 43800K(46524K)->43800K(46524K) NonClass: 36511K(38796K)->36511K(38796K) Class: 7289K(7728K)->7289K(7728K)
[59.622s][info][gc             ] GC(59) Pause Young (Allocation Failure) 301M->28M(989M) 1.513ms
[59.622s][info][gc,cpu         ] GC(59) User=0.00s Sys=0.00s Real=0.00s
[59.884s][info][gc,start       ] GC(60) Pause Young (Allocation Failure)
[59.884s][info][gc,task        ] GC(60) Using 6 workers of 6 for evacuation
[59.931s][info][gc,heap        ] GC(60) ParNew: 279639K->17217K(314560K)
[59.931s][info][gc,heap        ] GC(60) CMS: 28996K->28998K(699072K)
[59.931s][info][gc,metaspace   ] GC(60) Metaspace: 43800K(46524K)->43800K(46524K) NonClass: 36511K(38796K)->36511K(38796K) Class: 7289K(7728K)->7289K(7728K)
[59.931s][info][gc             ] GC(60) Pause Young (Allocation Failure) 301M->45M(989M) 47.354ms
[59.931s][info][gc,cpu         ] GC(60) User=0.05s Sys=0.00s Real=0.05s
[60.145s][info][gc,start       ] GC(61) Pause Full (System.gc())
[60.145s][info][gc,phases,start] GC(61) Phase 1: Mark live objects
[60.182s][info][gc,phases      ] GC(61) Phase 1: Mark live objects 36.657ms
[60.182s][info][gc,phases,start] GC(61) Phase 2: Compute new object addresses
[60.201s][info][gc,phases      ] GC(61) Phase 2: Compute new object addresses 18.913ms
[60.201s][info][gc,phases,start] GC(61) Phase 3: Adjust pointers
[60.223s][info][gc,phases      ] GC(61) Phase 3: Adjust pointers 21.369ms
[60.223s][info][gc,phases,start] GC(61) Phase 4: Move objects
[60.226s][info][gc,phases      ] GC(61) Phase 4: Move objects 3.325ms
[60.227s][info][gc,heap        ] GC(61) ParNew: 106690K->0K(314560K)
[60.227s][info][gc,heap        ] GC(61) CMS: 28998K->28874K(699072K)
[60.227s][info][gc,metaspace   ] GC(61) Metaspace: 43805K(46524K)->43805K(46524K) NonClass: 36516K(38796K)->36516K(38796K) Class: 7289K(7728K)->7289K(7728K)
[60.227s][info][gc             ] GC(61) Pause Full (System.gc()) 132M->28M(989M) 81.548ms
[60.227s][info][gc,cpu         ] GC(61) User=0.08s Sys=0.00s Real=0.08s
[60.692s][info][gc,start       ] GC(62) Pause Young (Allocation Failure)
[60.693s][info][gc,task        ] GC(62) Using 6 workers of 6 for evacuation
[60.694s][info][gc,heap        ] GC(62) ParNew: 279616K->758K(314560K)
[60.694s][info][gc,heap        ] GC(62) CMS: 28874K->28874K(699072K)
[60.694s][info][gc,metaspace   ] GC(62) Metaspace: 43967K(46780K)->43967K(46780K) NonClass: 36678K(39052K)->36678K(39052K) Class: 7289K(7728K)->7289K(7728K)
[60.694s][info][gc             ] GC(62) Pause Young (Allocation Failure) 301M->28M(989M) 1.709ms
[60.694s][info][gc,cpu         ] GC(62) User=0.00s Sys=0.00s Real=0.00s
[60.857s][info][gc,start       ] GC(63) Pause Young (Allocation Failure)
[60.857s][info][gc,task        ] GC(63) Using 6 workers of 6 for evacuation
[60.859s][info][gc,heap        ] GC(63) ParNew: 280374K->168K(314560K)
[60.859s][info][gc,heap        ] GC(63) CMS: 28874K->28874K(699072K)
[60.859s][info][gc,metaspace   ] GC(63) Metaspace: 43980K(46780K)->43980K(46780K) NonClass: 36691K(39052K)->36691K(39052K) Class: 7289K(7728K)->7289K(7728K)
[60.859s][info][gc             ] GC(63) Pause Young (Allocation Failure) 302M->28M(989M) 2.002ms
[60.859s][info][gc,cpu         ] GC(63) User=0.00s Sys=0.00s Real=0.00s
[60.983s][info][gc,start       ] GC(64) Pause Young (Allocation Failure)
[60.983s][info][gc,task        ] GC(64) Using 6 workers of 6 for evacuation
[60.985s][info][gc,heap        ] GC(64) ParNew: 279784K->140K(314560K)
[60.985s][info][gc,heap        ] GC(64) CMS: 28874K->28874K(699072K)
[60.985s][info][gc,metaspace   ] GC(64) Metaspace: 43980K(46780K)->43980K(46780K) NonClass: 36691K(39052K)->36691K(39052K) Class: 7289K(7728K)->7289K(7728K)
[60.985s][info][gc             ] GC(64) Pause Young (Allocation Failure) 301M->28M(989M) 1.922ms
[60.985s][info][gc,cpu         ] GC(64) User=0.00s Sys=0.00s Real=0.02s
[61.613s][info][gc,start       ] GC(65) Pause Young (Allocation Failure)
[61.613s][info][gc,task        ] GC(65) Using 6 workers of 6 for evacuation
[61.615s][info][gc,heap        ] GC(65) ParNew: 279756K->149K(314560K)
[61.615s][info][gc,heap        ] GC(65) CMS: 28874K->28874K(699072K)
[61.615s][info][gc,metaspace   ] GC(65) Metaspace: 43992K(46780K)->43992K(46780K) NonClass: 36703K(39052K)->36703K(39052K) Class: 7289K(7728K)->7289K(7728K)
[61.615s][info][gc             ] GC(65) Pause Young (Allocation Failure) 301M->28M(989M) 1.843ms
[61.615s][info][gc,cpu         ] GC(65) User=0.00s Sys=0.00s Real=0.00s
[62.565s][info][gc,start       ] GC(66) Pause Young (Allocation Failure)
[62.565s][info][gc,task        ] GC(66) Using 6 workers of 6 for evacuation
[62.567s][info][gc,heap        ] GC(66) ParNew: 279765K->156K(314560K)
[62.567s][info][gc,heap        ] GC(66) CMS: 28874K->28874K(699072K)
[62.567s][info][gc,metaspace   ] GC(66) Metaspace: 44019K(46780K)->44019K(46780K) NonClass: 36730K(39052K)->36730K(39052K) Class: 7289K(7728K)->7289K(7728K)
[62.567s][info][gc             ] GC(66) Pause Young (Allocation Failure) 301M->28M(989M) 1.933ms
[62.567s][info][gc,cpu         ] GC(66) User=0.00s Sys=0.00s Real=0.00s
[62.903s][info][gc,start       ] GC(67) Pause Young (Allocation Failure)
[62.903s][info][gc,task        ] GC(67) Using 6 workers of 6 for evacuation
[62.940s][info][gc,heap        ] GC(67) ParNew: 279772K->14333K(314560K)
[62.940s][info][gc,heap        ] GC(67) CMS: 28874K->28874K(699072K)
[62.940s][info][gc,metaspace   ] GC(67) Metaspace: 44019K(46780K)->44019K(46780K) NonClass: 36730K(39052K)->36730K(39052K) Class: 7289K(7728K)->7289K(7728K)
[62.940s][info][gc             ] GC(67) Pause Young (Allocation Failure) 301M->42M(989M) 37.089ms
[62.940s][info][gc,cpu         ] GC(67) User=0.05s Sys=0.00s Real=0.03s
[63.489s][info][gc,start       ] GC(68) Pause Young (Allocation Failure)
[63.489s][info][gc,task        ] GC(68) Using 6 workers of 6 for evacuation
[63.496s][info][gc,heap        ] GC(68) ParNew: 293949K->3541K(314560K)
[63.496s][info][gc,heap        ] GC(68) CMS: 28874K->28990K(699072K)
[63.496s][info][gc,metaspace   ] GC(68) Metaspace: 44027K(46780K)->44027K(46780K) NonClass: 36738K(39052K)->36738K(39052K) Class: 7289K(7728K)->7289K(7728K)
[63.496s][info][gc             ] GC(68) Pause Young (Allocation Failure) 315M->31M(989M) 7.122ms
[63.496s][info][gc,cpu         ] GC(68) User=0.00s Sys=0.00s Real=0.00s
[63.690s][info][gc,start       ] GC(69) Pause Young (Allocation Failure)
[63.690s][info][gc,task        ] GC(69) Using 6 workers of 6 for evacuation
[63.691s][info][gc,heap        ] GC(69) ParNew: 283157K->222K(314560K)
[63.691s][info][gc,heap        ] GC(69) CMS: 28990K->28990K(699072K)
[63.691s][info][gc,metaspace   ] GC(69) Metaspace: 44027K(46780K)->44027K(46780K) NonClass: 36738K(39052K)->36738K(39052K) Class: 7289K(7728K)->7289K(7728K)
[63.691s][info][gc             ] GC(69) Pause Young (Allocation Failure) 304M->28M(989M) 1.905ms
[63.691s][info][gc,cpu         ] GC(69) User=0.00s Sys=0.00s Real=0.00s
[63.778s][info][gc,start       ] GC(70) Pause Young (Allocation Failure)
[63.778s][info][gc,task        ] GC(70) Using 6 workers of 6 for evacuation
[63.779s][info][gc,heap        ] GC(70) ParNew: 279838K->58K(314560K)
[63.779s][info][gc,heap        ] GC(70) CMS: 28990K->28992K(699072K)
[63.779s][info][gc,metaspace   ] GC(70) Metaspace: 44029K(46780K)->44029K(46780K) NonClass: 36739K(39052K)->36739K(39052K) Class: 7289K(7728K)->7289K(7728K)
[63.779s][info][gc             ] GC(70) Pause Young (Allocation Failure) 301M->28M(989M) 1.443ms
[63.779s][info][gc,cpu         ] GC(70) User=0.00s Sys=0.00s Real=0.00s
[64.065s][info][gc,start       ] GC(71) Pause Young (Allocation Failure)
[64.065s][info][gc,task        ] GC(71) Using 6 workers of 6 for evacuation
[64.067s][info][gc,heap        ] GC(71) ParNew: 279674K->65K(314560K)
[64.067s][info][gc,heap        ] GC(71) CMS: 28992K->28995K(699072K)
[64.067s][info][gc,metaspace   ] GC(71) Metaspace: 44029K(46780K)->44029K(46780K) NonClass: 36739K(39052K)->36739K(39052K) Class: 7289K(7728K)->7289K(7728K)
[64.067s][info][gc             ] GC(71) Pause Young (Allocation Failure) 301M->28M(989M) 1.719ms
[64.067s][info][gc,cpu         ] GC(71) User=0.00s Sys=0.00s Real=0.01s
[65.069s][info][gc,start       ] GC(72) Pause Young (Allocation Failure)
[65.069s][info][gc,task        ] GC(72) Using 6 workers of 6 for evacuation
[65.071s][info][gc,heap        ] GC(72) ParNew: 279681K->18K(314560K)
[65.071s][info][gc,heap        ] GC(72) CMS: 28995K->28997K(699072K)
[65.071s][info][gc,metaspace   ] GC(72) Metaspace: 44049K(46780K)->44049K(46780K) NonClass: 36760K(39052K)->36760K(39052K) Class: 7289K(7728K)->7289K(7728K)
[65.071s][info][gc             ] GC(72) Pause Young (Allocation Failure) 301M->28M(989M) 1.912ms
[65.071s][info][gc,cpu         ] GC(72) User=0.00s Sys=0.00s Real=0.00s
[65.541s][info][gc,start       ] GC(73) Pause Young (Allocation Failure)
[65.541s][info][gc,task        ] GC(73) Using 6 workers of 6 for evacuation
[65.543s][info][gc,heap        ] GC(73) ParNew: 279634K->22K(314560K)
[65.543s][info][gc,heap        ] GC(73) CMS: 28997K->28998K(699072K)
[65.543s][info][gc,metaspace   ] GC(73) Metaspace: 44049K(46780K)->44049K(46780K) NonClass: 36760K(39052K)->36760K(39052K) Class: 7289K(7728K)->7289K(7728K)
[65.543s][info][gc             ] GC(73) Pause Young (Allocation Failure) 301M->28M(989M) 1.802ms
[65.543s][info][gc,cpu         ] GC(73) User=0.00s Sys=0.00s Real=0.00s
[65.786s][info][gc,start       ] GC(74) Pause Young (Allocation Failure)
[65.786s][info][gc,task        ] GC(74) Using 6 workers of 6 for evacuation
[65.834s][info][gc,heap        ] GC(74) ParNew: 279638K->17222K(314560K)
[65.834s][info][gc,heap        ] GC(74) CMS: 28998K->29000K(699072K)
[65.834s][info][gc,metaspace   ] GC(74) Metaspace: 44049K(46780K)->44049K(46780K) NonClass: 36760K(39052K)->36760K(39052K) Class: 7289K(7728K)->7289K(7728K)
[65.834s][info][gc             ] GC(74) Pause Young (Allocation Failure) 301M->45M(989M) 47.902ms
[65.834s][info][gc,cpu         ] GC(74) User=0.05s Sys=0.00s Real=0.04s
[66.025s][info][gc,start       ] GC(75) Pause Full (System.gc())
[66.025s][info][gc,phases,start] GC(75) Phase 1: Mark live objects
[66.064s][info][gc,phases      ] GC(75) Phase 1: Mark live objects 38.917ms
[66.064s][info][gc,phases,start] GC(75) Phase 2: Compute new object addresses
[66.083s][info][gc,phases      ] GC(75) Phase 2: Compute new object addresses 19.204ms
[66.084s][info][gc,phases,start] GC(75) Phase 3: Adjust pointers
[66.105s][info][gc,phases      ] GC(75) Phase 3: Adjust pointers 21.664ms
[66.105s][info][gc,phases,start] GC(75) Phase 4: Move objects
[66.109s][info][gc,phases      ] GC(75) Phase 4: Move objects 3.354ms
[66.109s][info][gc,heap        ] GC(75) ParNew: 106689K->0K(314560K)
[66.109s][info][gc,heap        ] GC(75) CMS: 29000K->28875K(699072K)
[66.109s][info][gc,metaspace   ] GC(75) Metaspace: 44053K(46780K)->44053K(46780K) NonClass: 36763K(39052K)->36763K(39052K) Class: 7289K(7728K)->7289K(7728K)
[66.110s][info][gc             ] GC(75) Pause Full (System.gc()) 132M->28M(989M) 84.375ms
[66.110s][info][gc,cpu         ] GC(75) User=0.12s Sys=0.00s Real=0.07s
[66.550s][info][gc,start       ] GC(76) Pause Young (Allocation Failure)
[66.550s][info][gc,task        ] GC(76) Using 6 workers of 6 for evacuation
[66.552s][info][gc,heap        ] GC(76) ParNew: 279616K->759K(314560K)
[66.552s][info][gc,heap        ] GC(76) CMS: 28875K->28875K(699072K)
[66.552s][info][gc,metaspace   ] GC(76) Metaspace: 44097K(46780K)->44097K(46780K) NonClass: 36808K(39052K)->36808K(39052K) Class: 7289K(7728K)->7289K(7728K)
[66.552s][info][gc             ] GC(76) Pause Young (Allocation Failure) 301M->28M(989M) 1.937ms
[66.552s][info][gc,cpu         ] GC(76) User=0.00s Sys=0.00s Real=0.00s
[66.667s][info][gc,start       ] GC(77) Pause Young (Allocation Failure)
[66.667s][info][gc,task        ] GC(77) Using 6 workers of 6 for evacuation
[66.669s][info][gc,heap        ] GC(77) ParNew: 280375K->270K(314560K)
[66.669s][info][gc,heap        ] GC(77) CMS: 28875K->28875K(699072K)
[66.669s][info][gc,metaspace   ] GC(77) Metaspace: 44097K(46780K)->44097K(46780K) NonClass: 36808K(39052K)->36808K(39052K) Class: 7289K(7728K)->7289K(7728K)
[66.669s][info][gc             ] GC(77) Pause Young (Allocation Failure) 302M->28M(989M) 1.768ms
[66.669s][info][gc,cpu         ] GC(77) User=0.00s Sys=0.00s Real=0.02s
[66.793s][info][gc,start       ] GC(78) Pause Young (Allocation Failure)
[66.793s][info][gc,task        ] GC(78) Using 6 workers of 6 for evacuation
[66.795s][info][gc,heap        ] GC(78) ParNew: 279886K->134K(314560K)
[66.795s][info][gc,heap        ] GC(78) CMS: 28875K->28875K(699072K)
[66.795s][info][gc,metaspace   ] GC(78) Metaspace: 44097K(46780K)->44097K(46780K) NonClass: 36808K(39052K)->36808K(39052K) Class: 7289K(7728K)->7289K(7728K)
[66.795s][info][gc             ] GC(78) Pause Young (Allocation Failure) 301M->28M(989M) 1.743ms
[66.795s][info][gc,cpu         ] GC(78) User=0.00s Sys=0.00s Real=0.00s
[67.402s][info][gc,start       ] GC(79) Pause Young (Allocation Failure)
[67.402s][info][gc,task        ] GC(79) Using 6 workers of 6 for evacuation
[67.404s][info][gc,heap        ] GC(79) ParNew: 279750K->177K(314560K)
[67.404s][info][gc,heap        ] GC(79) CMS: 28875K->28875K(699072K)
[67.404s][info][gc,metaspace   ] GC(79) Metaspace: 44097K(46780K)->44097K(46780K) NonClass: 36808K(39052K)->36808K(39052K) Class: 7289K(7728K)->7289K(7728K)
[67.404s][info][gc             ] GC(79) Pause Young (Allocation Failure) 301M->28M(989M) 1.775ms
[67.404s][info][gc,cpu         ] GC(79) User=0.00s Sys=0.00s Real=0.00s
[68.283s][info][gc,start       ] GC(80) Pause Young (Allocation Failure)
[68.283s][info][gc,task        ] GC(80) Using 6 workers of 6 for evacuation
[68.285s][info][gc,heap        ] GC(80) ParNew: 279793K->145K(314560K)
[68.285s][info][gc,heap        ] GC(80) CMS: 28875K->28875K(699072K)
[68.285s][info][gc,metaspace   ] GC(80) Metaspace: 44200K(46780K)->44200K(46780K) NonClass: 36911K(39052K)->36911K(39052K) Class: 7289K(7728K)->7289K(7728K)
[68.285s][info][gc             ] GC(80) Pause Young (Allocation Failure) 301M->28M(989M) 1.597ms
[68.285s][info][gc,cpu         ] GC(80) User=0.02s Sys=0.00s Real=0.00s
[68.606s][info][gc,start       ] GC(81) Pause Young (Allocation Failure)
[68.606s][info][gc,task        ] GC(81) Using 6 workers of 6 for evacuation
[68.642s][info][gc,heap        ] GC(81) ParNew: 279761K->14310K(314560K)
[68.642s][info][gc,heap        ] GC(81) CMS: 28875K->28875K(699072K)
[68.642s][info][gc,metaspace   ] GC(81) Metaspace: 44212K(46780K)->44212K(46780K) NonClass: 36923K(39052K)->36923K(39052K) Class: 7289K(7728K)->7289K(7728K)
[68.642s][info][gc             ] GC(81) Pause Young (Allocation Failure) 301M->42M(989M) 36.205ms
[68.642s][info][gc,cpu         ] GC(81) User=0.02s Sys=0.00s Real=0.03s
[69.087s][info][gc,start       ] GC(82) Pause Young (Allocation Failure)
[69.087s][info][gc,task        ] GC(82) Using 6 workers of 6 for evacuation
[69.094s][info][gc,heap        ] GC(82) ParNew: 293926K->3544K(314560K)
[69.094s][info][gc,heap        ] GC(82) CMS: 28875K->28992K(699072K)
[69.094s][info][gc,metaspace   ] GC(82) Metaspace: 44212K(46780K)->44212K(46780K) NonClass: 36923K(39052K)->36923K(39052K) Class: 7289K(7728K)->7289K(7728K)
[69.094s][info][gc             ] GC(82) Pause Young (Allocation Failure) 315M->31M(989M) 7.192ms
[69.094s][info][gc,cpu         ] GC(82) User=0.00s Sys=0.00s Real=0.00s
[69.291s][info][gc,start       ] GC(83) Pause Young (Allocation Failure)
[69.292s][info][gc,task        ] GC(83) Using 6 workers of 6 for evacuation
[69.293s][info][gc,heap        ] GC(83) ParNew: 283160K->221K(314560K)
[69.293s][info][gc,heap        ] GC(83) CMS: 28992K->28992K(699072K)
[69.293s][info][gc,metaspace   ] GC(83) Metaspace: 44212K(46780K)->44212K(46780K) NonClass: 36923K(39052K)->36923K(39052K) Class: 7289K(7728K)->7289K(7728K)
[69.293s][info][gc             ] GC(83) Pause Young (Allocation Failure) 304M->28M(989M) 1.887ms
[69.293s][info][gc,cpu         ] GC(83) User=0.00s Sys=0.00s Real=0.02s
[69.369s][info][gc,start       ] GC(84) Pause Young (Allocation Failure)
[69.369s][info][gc,task        ] GC(84) Using 6 workers of 6 for evacuation
[69.371s][info][gc,heap        ] GC(84) ParNew: 279837K->58K(314560K)
[69.371s][info][gc,heap        ] GC(84) CMS: 28992K->28994K(699072K)
[69.371s][info][gc,metaspace   ] GC(84) Metaspace: 44212K(46780K)->44212K(46780K) NonClass: 36923K(39052K)->36923K(39052K) Class: 7289K(7728K)->7289K(7728K)
[69.371s][info][gc             ] GC(84) Pause Young (Allocation Failure) 301M->28M(989M) 1.987ms
[69.371s][info][gc,cpu         ] GC(84) User=0.00s Sys=0.00s Real=0.02s
[69.670s][info][gc,start       ] GC(85) Pause Young (Allocation Failure)
[69.670s][info][gc,task        ] GC(85) Using 6 workers of 6 for evacuation
[69.671s][info][gc,heap        ] GC(85) ParNew: 279674K->61K(314560K)
[69.671s][info][gc,heap        ] GC(85) CMS: 28994K->28997K(699072K)
[69.671s][info][gc,metaspace   ] GC(85) Metaspace: 44212K(46780K)->44212K(46780K) NonClass: 36923K(39052K)->36923K(39052K) Class: 7289K(7728K)->7289K(7728K)
[69.671s][info][gc             ] GC(85) Pause Young (Allocation Failure) 301M->28M(989M) 1.796ms
[69.671s][info][gc,cpu         ] GC(85) User=0.00s Sys=0.00s Real=0.00s
[70.473s][info][gc,start       ] GC(86) Pause Young (Allocation Failure)
[70.474s][info][gc,task        ] GC(86) Using 6 workers of 6 for evacuation
[70.475s][info][gc,heap        ] GC(86) ParNew: 279677K->18K(314560K)
[70.475s][info][gc,heap        ] GC(86) CMS: 28997K->28999K(699072K)
[70.475s][info][gc,metaspace   ] GC(86) Metaspace: 44212K(46780K)->44212K(46780K) NonClass: 36923K(39052K)->36923K(39052K) Class: 7289K(7728K)->7289K(7728K)
[70.475s][info][gc             ] GC(86) Pause Young (Allocation Failure) 301M->28M(989M) 1.730ms
[70.475s][info][gc,cpu         ] GC(86) User=0.00s Sys=0.00s Real=0.00s
[70.931s][info][gc,start       ] GC(87) Pause Young (Allocation Failure)
[70.931s][info][gc,task        ] GC(87) Using 6 workers of 6 for evacuation
[70.932s][info][gc,heap        ] GC(87) ParNew: 279634K->23K(314560K)
[70.932s][info][gc,heap        ] GC(87) CMS: 28999K->29000K(699072K)
[70.932s][info][gc,metaspace   ] GC(87) Metaspace: 44212K(46780K)->44212K(46780K) NonClass: 36923K(39052K)->36923K(39052K) Class: 7289K(7728K)->7289K(7728K)
[70.932s][info][gc             ] GC(87) Pause Young (Allocation Failure) 301M->28M(989M) 1.705ms
[70.932s][info][gc,cpu         ] GC(87) User=0.00s Sys=0.00s Real=0.00s
[71.143s][info][gc,start       ] GC(88) Pause Young (Allocation Failure)
[71.144s][info][gc,task        ] GC(88) Using 6 workers of 6 for evacuation
[71.190s][info][gc,heap        ] GC(88) ParNew: 279639K->17224K(314560K)
[71.190s][info][gc,heap        ] GC(88) CMS: 29000K->29002K(699072K)
[71.190s][info][gc,metaspace   ] GC(88) Metaspace: 44212K(46780K)->44212K(46780K) NonClass: 36923K(39052K)->36923K(39052K) Class: 7289K(7728K)->7289K(7728K)
[71.190s][info][gc             ] GC(88) Pause Young (Allocation Failure) 301M->45M(989M) 46.528ms
[71.190s][info][gc,cpu         ] GC(88) User=0.03s Sys=0.00s Real=0.05s
[71.376s][info][gc,start       ] GC(89) Pause Full (System.gc())
[71.376s][info][gc,phases,start] GC(89) Phase 1: Mark live objects
[71.417s][info][gc,phases      ] GC(89) Phase 1: Mark live objects 40.326ms
[71.417s][info][gc,phases,start] GC(89) Phase 2: Compute new object addresses
[71.436s][info][gc,phases      ] GC(89) Phase 2: Compute new object addresses 18.767ms
[71.436s][info][gc,phases,start] GC(89) Phase 3: Adjust pointers
[71.457s][info][gc,phases      ] GC(89) Phase 3: Adjust pointers 21.644ms
[71.457s][info][gc,phases,start] GC(89) Phase 4: Move objects
[71.461s][info][gc,phases      ] GC(89) Phase 4: Move objects 3.325ms
[71.461s][info][gc,heap        ] GC(89) ParNew: 101100K->0K(314560K)
[71.462s][info][gc,heap        ] GC(89) CMS: 29002K->28878K(699072K)
[71.462s][info][gc,metaspace   ] GC(89) Metaspace: 44218K(46780K)->44218K(46780K) NonClass: 36929K(39052K)->36929K(39052K) Class: 7289K(7728K)->7289K(7728K)
[71.462s][info][gc             ] GC(89) Pause Full (System.gc()) 127M->28M(989M) 85.323ms
[71.462s][info][gc,cpu         ] GC(89) User=0.09s Sys=0.02s Real=0.08s
[71.864s][info][gc,start       ] GC(90) Pause Young (Allocation Failure)
[71.864s][info][gc,task        ] GC(90) Using 6 workers of 6 for evacuation
[71.865s][info][gc,heap        ] GC(90) ParNew: 279616K->759K(314560K)
[71.865s][info][gc,heap        ] GC(90) CMS: 28878K->28878K(699072K)
[71.865s][info][gc,metaspace   ] GC(90) Metaspace: 44246K(46780K)->44246K(46780K) NonClass: 36957K(39052K)->36957K(39052K) Class: 7289K(7728K)->7289K(7728K)
[71.865s][info][gc             ] GC(90) Pause Young (Allocation Failure) 301M->28M(989M) 1.525ms
[71.865s][info][gc,cpu         ] GC(90) User=0.00s Sys=0.00s Real=0.00s
[71.969s][info][gc,start       ] GC(91) Pause Young (Allocation Failure)
[71.969s][info][gc,task        ] GC(91) Using 6 workers of 6 for evacuation
[71.971s][info][gc,heap        ] GC(91) ParNew: 280375K->236K(314560K)
[71.971s][info][gc,heap        ] GC(91) CMS: 28878K->28878K(699072K)
[71.971s][info][gc,metaspace   ] GC(91) Metaspace: 44259K(46780K)->44259K(46780K) NonClass: 36970K(39052K)->36970K(39052K) Class: 7289K(7728K)->7289K(7728K)
[71.971s][info][gc             ] GC(91) Pause Young (Allocation Failure) 302M->28M(989M) 1.793ms
[71.971s][info][gc,cpu         ] GC(91) User=0.09s Sys=0.00s Real=0.00s
[72.086s][info][gc,start       ] GC(92) Pause Young (Allocation Failure)
[72.086s][info][gc,task        ] GC(92) Using 6 workers of 6 for evacuation
[72.087s][info][gc,heap        ] GC(92) ParNew: 279852K->145K(314560K)
[72.087s][info][gc,heap        ] GC(92) CMS: 28878K->28878K(699072K)
[72.087s][info][gc,metaspace   ] GC(92) Metaspace: 44260K(46780K)->44260K(46780K) NonClass: 36970K(39052K)->36970K(39052K) Class: 7289K(7728K)->7289K(7728K)
[72.087s][info][gc             ] GC(92) Pause Young (Allocation Failure) 301M->28M(989M) 1.566ms
[72.087s][info][gc,cpu         ] GC(92) User=0.00s Sys=0.00s Real=0.00s
[72.691s][info][gc,start       ] GC(93) Pause Young (Allocation Failure)
[72.691s][info][gc,task        ] GC(93) Using 6 workers of 6 for evacuation
[72.693s][info][gc,heap        ] GC(93) ParNew: 279761K->175K(314560K)
[72.693s][info][gc,heap        ] GC(93) CMS: 28878K->28878K(699072K)
[72.693s][info][gc,metaspace   ] GC(93) Metaspace: 44325K(47036K)->44325K(47036K) NonClass: 37036K(39308K)->37036K(39308K) Class: 7289K(7728K)->7289K(7728K)
[72.693s][info][gc             ] GC(93) Pause Young (Allocation Failure) 301M->28M(989M) 1.754ms
[72.693s][info][gc,cpu         ] GC(93) User=0.00s Sys=0.00s Real=0.00s
[73.385s][info][gc,start       ] GC(94) Pause Young (Allocation Failure)
[73.385s][info][gc,task        ] GC(94) Using 6 workers of 6 for evacuation
[73.387s][info][gc,heap        ] GC(94) ParNew: 279791K->143K(314560K)
[73.387s][info][gc,heap        ] GC(94) CMS: 28878K->28878K(699072K)
[73.387s][info][gc,metaspace   ] GC(94) Metaspace: 44535K(47036K)->44535K(47036K) NonClass: 37245K(39308K)->37245K(39308K) Class: 7289K(7728K)->7289K(7728K)
[73.387s][info][gc             ] GC(94) Pause Young (Allocation Failure) 301M->28M(989M) 1.859ms
[73.387s][info][gc,cpu         ] GC(94) User=0.00s Sys=0.00s Real=0.00s
[73.689s][info][gc,start       ] GC(95) Pause Young (Allocation Failure)
[73.689s][info][gc,task        ] GC(95) Using 6 workers of 6 for evacuation
[73.724s][info][gc,heap        ] GC(95) ParNew: 279759K->14323K(314560K)
[73.724s][info][gc,heap        ] GC(95) CMS: 28878K->28878K(699072K)
[73.724s][info][gc,metaspace   ] GC(95) Metaspace: 44561K(47292K)->44561K(47292K) NonClass: 37271K(39564K)->37271K(39564K) Class: 7289K(7728K)->7289K(7728K)
[73.724s][info][gc             ] GC(95) Pause Young (Allocation Failure) 301M->42M(989M) 35.713ms
[73.724s][info][gc,cpu         ] GC(95) User=0.05s Sys=0.00s Real=0.03s
[74.148s][info][gc,start       ] GC(96) Pause Young (Allocation Failure)
[74.148s][info][gc,task        ] GC(96) Using 6 workers of 6 for evacuation
[74.156s][info][gc,heap        ] GC(96) ParNew: 293939K->3547K(314560K)
[74.156s][info][gc,heap        ] GC(96) CMS: 28878K->28994K(699072K)
[74.156s][info][gc,metaspace   ] GC(96) Metaspace: 44561K(47292K)->44561K(47292K) NonClass: 37271K(39564K)->37271K(39564K) Class: 7289K(7728K)->7289K(7728K)
[74.156s][info][gc             ] GC(96) Pause Young (Allocation Failure) 315M->31M(989M) 7.346ms
[74.156s][info][gc,cpu         ] GC(96) User=0.00s Sys=0.00s Real=0.01s
[74.341s][info][gc,start       ] GC(97) Pause Young (Allocation Failure)
[74.341s][info][gc,task        ] GC(97) Using 6 workers of 6 for evacuation
[74.343s][info][gc,heap        ] GC(97) ParNew: 283163K->184K(314560K)
[74.343s][info][gc,heap        ] GC(97) CMS: 28994K->28994K(699072K)
[74.343s][info][gc,metaspace   ] GC(97) Metaspace: 44562K(47292K)->44562K(47292K) NonClass: 37273K(39564K)->37273K(39564K) Class: 7289K(7728K)->7289K(7728K)
[74.343s][info][gc             ] GC(97) Pause Young (Allocation Failure) 304M->28M(989M) 1.671ms
[74.343s][info][gc,cpu         ] GC(97) User=0.00s Sys=0.00s Real=0.00s
[74.415s][info][gc,start       ] GC(98) Pause Young (Allocation Failure)
[74.415s][info][gc,task        ] GC(98) Using 6 workers of 6 for evacuation
[74.416s][info][gc,heap        ] GC(98) ParNew: 279800K->48K(314560K)
[74.416s][info][gc,heap        ] GC(98) CMS: 28994K->28996K(699072K)
[74.416s][info][gc,metaspace   ] GC(98) Metaspace: 44564K(47292K)->44564K(47292K) NonClass: 37275K(39564K)->37275K(39564K) Class: 7289K(7728K)->7289K(7728K)
[74.416s][info][gc             ] GC(98) Pause Young (Allocation Failure) 301M->28M(989M) 1.627ms
[74.416s][info][gc,cpu         ] GC(98) User=0.00s Sys=0.00s Real=0.00s
[74.693s][info][gc,start       ] GC(99) Pause Young (Allocation Failure)
[74.693s][info][gc,task        ] GC(99) Using 6 workers of 6 for evacuation
[74.694s][info][gc,heap        ] GC(99) ParNew: 279664K->77K(314560K)
[74.694s][info][gc,heap        ] GC(99) CMS: 28996K->28999K(699072K)
[74.694s][info][gc,metaspace   ] GC(99) Metaspace: 44564K(47292K)->44564K(47292K) NonClass: 37275K(39564K)->37275K(39564K) Class: 7289K(7728K)->7289K(7728K)
[74.694s][info][gc             ] GC(99) Pause Young (Allocation Failure) 301M->28M(989M) 1.886ms
[74.694s][info][gc,cpu         ] GC(99) User=0.00s Sys=0.00s Real=0.00s
[75.365s][info][gc,start       ] GC(100) Pause Young (Allocation Failure)
[75.365s][info][gc,task        ] GC(100) Using 6 workers of 6 for evacuation
[75.367s][info][gc,heap        ] GC(100) ParNew: 279693K->20K(314560K)
[75.367s][info][gc,heap        ] GC(100) CMS: 28999K->29001K(699072K)
[75.367s][info][gc,metaspace   ] GC(100) Metaspace: 44566K(47292K)->44566K(47292K) NonClass: 37277K(39564K)->37277K(39564K) Class: 7289K(7728K)->7289K(7728K)
[75.367s][info][gc             ] GC(100) Pause Young (Allocation Failure) 301M->28M(989M) 1.821ms
[75.367s][info][gc,cpu         ] GC(100) User=0.00s Sys=0.00s Real=0.00s
[75.731s][info][gc,start       ] GC(101) Pause Young (Allocation Failure)
[75.731s][info][gc,task        ] GC(101) Using 6 workers of 6 for evacuation
[75.732s][info][gc,heap        ] GC(101) ParNew: 279636K->27K(314560K)
[75.732s][info][gc,heap        ] GC(101) CMS: 29001K->29002K(699072K)
[75.732s][info][gc,metaspace   ] GC(101) Metaspace: 44590K(47292K)->44590K(47292K) NonClass: 37301K(39564K)->37301K(39564K) Class: 7289K(7728K)->7289K(7728K)
[75.732s][info][gc             ] GC(101) Pause Young (Allocation Failure) 301M->28M(989M) 1.567ms
[75.732s][info][gc,cpu         ] GC(101) User=0.00s Sys=0.00s Real=0.00s
[75.923s][info][gc,start       ] GC(102) Pause Young (Allocation Failure)
[75.924s][info][gc,task        ] GC(102) Using 6 workers of 6 for evacuation
[75.972s][info][gc,heap        ] GC(102) ParNew: 279643K->17219K(314560K)
[75.972s][info][gc,heap        ] GC(102) CMS: 29002K->29004K(699072K)
[75.972s][info][gc,metaspace   ] GC(102) Metaspace: 44590K(47292K)->44590K(47292K) NonClass: 37301K(39564K)->37301K(39564K) Class: 7289K(7728K)->7289K(7728K)
[75.972s][info][gc             ] GC(102) Pause Young (Allocation Failure) 301M->45M(989M) 48.172ms
[75.972s][info][gc,cpu         ] GC(102) User=0.05s Sys=0.00s Real=0.05s
[76.149s][info][gc,start       ] GC(103) Pause Full (System.gc())
[76.150s][info][gc,phases,start] GC(103) Phase 1: Mark live objects
[76.191s][info][gc,phases      ] GC(103) Phase 1: Mark live objects 41.318ms
[76.191s][info][gc,phases,start] GC(103) Phase 2: Compute new object addresses
[76.210s][info][gc,phases      ] GC(103) Phase 2: Compute new object addresses 18.698ms
[76.210s][info][gc,phases,start] GC(103) Phase 3: Adjust pointers
[76.232s][info][gc,phases      ] GC(103) Phase 3: Adjust pointers 22.630ms
[76.232s][info][gc,phases,start] GC(103) Phase 4: Move objects
[76.236s][info][gc,phases      ] GC(103) Phase 4: Move objects 3.349ms
[76.237s][info][gc,heap        ] GC(103) ParNew: 101095K->0K(314560K)
[76.237s][info][gc,heap        ] GC(103) CMS: 29004K->28880K(699072K)
[76.237s][info][gc,metaspace   ] GC(103) Metaspace: 44593K(47292K)->44593K(47292K) NonClass: 37303K(39564K)->37303K(39564K) Class: 7289K(7728K)->7289K(7728K)
[76.237s][info][gc             ] GC(103) Pause Full (System.gc()) 127M->28M(989M) 87.327ms
[76.237s][info][gc,cpu         ] GC(103) User=0.09s Sys=0.00s Real=0.09s
[76.634s][info][gc,start       ] GC(104) Pause Young (Allocation Failure)
[76.634s][info][gc,task        ] GC(104) Using 6 workers of 6 for evacuation
[76.636s][info][gc,heap        ] GC(104) ParNew: 279616K->759K(314560K)
[76.636s][info][gc,heap        ] GC(104) CMS: 28880K->28880K(699072K)
[76.636s][info][gc,metaspace   ] GC(104) Metaspace: 44611K(47292K)->44611K(47292K) NonClass: 37321K(39564K)->37321K(39564K) Class: 7289K(7728K)->7289K(7728K)
[76.636s][info][gc             ] GC(104) Pause Young (Allocation Failure) 301M->28M(989M) 1.946ms
[76.636s][info][gc,cpu         ] GC(104) User=0.00s Sys=0.00s Real=0.00s
[76.740s][info][gc,start       ] GC(105) Pause Young (Allocation Failure)
[76.740s][info][gc,task        ] GC(105) Using 6 workers of 6 for evacuation
[76.742s][info][gc,heap        ] GC(105) ParNew: 280375K->236K(314560K)
[76.742s][info][gc,heap        ] GC(105) CMS: 28880K->28880K(699072K)
[76.742s][info][gc,metaspace   ] GC(105) Metaspace: 44611K(47292K)->44611K(47292K) NonClass: 37321K(39564K)->37321K(39564K) Class: 7289K(7728K)->7289K(7728K)
[76.742s][info][gc             ] GC(105) Pause Young (Allocation Failure) 302M->28M(989M) 1.586ms
[76.742s][info][gc,cpu         ] GC(105) User=0.00s Sys=0.00s Real=0.00s
[76.850s][info][gc,start       ] GC(106) Pause Young (Allocation Failure)
[76.850s][info][gc,task        ] GC(106) Using 6 workers of 6 for evacuation
[76.851s][info][gc,heap        ] GC(106) ParNew: 279852K->146K(314560K)
[76.851s][info][gc,heap        ] GC(106) CMS: 28880K->28880K(699072K)
[76.851s][info][gc,metaspace   ] GC(106) Metaspace: 44611K(47292K)->44611K(47292K) NonClass: 37322K(39564K)->37322K(39564K) Class: 7289K(7728K)->7289K(7728K)
[76.851s][info][gc             ] GC(106) Pause Young (Allocation Failure) 301M->28M(989M) 1.779ms
[76.851s][info][gc,cpu         ] GC(106) User=0.00s Sys=0.00s Real=0.00s
[77.370s][info][gc,start       ] GC(107) Pause Young (Allocation Failure)
[77.370s][info][gc,task        ] GC(107) Using 6 workers of 6 for evacuation
[77.372s][info][gc,heap        ] GC(107) ParNew: 279762K->146K(314560K)
[77.372s][info][gc,heap        ] GC(107) CMS: 28880K->28880K(699072K)
[77.372s][info][gc,metaspace   ] GC(107) Metaspace: 44611K(47292K)->44611K(47292K) NonClass: 37322K(39564K)->37322K(39564K) Class: 7289K(7728K)->7289K(7728K)
[77.372s][info][gc             ] GC(107) Pause Young (Allocation Failure) 301M->28M(989M) 1.989ms
[77.372s][info][gc,cpu         ] GC(107) User=0.00s Sys=0.00s Real=0.00s
[77.867s][info][gc,start       ] GC(108) Pause Young (Allocation Failure)
[77.867s][info][gc,task        ] GC(108) Using 6 workers of 6 for evacuation
[77.869s][info][gc,heap        ] GC(108) ParNew: 279762K->156K(314560K)
[77.869s][info][gc,heap        ] GC(108) CMS: 28880K->28880K(699072K)
[77.869s][info][gc,metaspace   ] GC(108) Metaspace: 44611K(47292K)->44611K(47292K) NonClass: 37322K(39564K)->37322K(39564K) Class: 7289K(7728K)->7289K(7728K)
[77.869s][info][gc             ] GC(108) Pause Young (Allocation Failure) 301M->28M(989M) 1.718ms
[77.869s][info][gc,cpu         ] GC(108) User=0.00s Sys=0.00s Real=0.00s
[78.162s][info][gc,start       ] GC(109) Pause Young (Allocation Failure)
[78.162s][info][gc,task        ] GC(109) Using 6 workers of 6 for evacuation
[78.198s][info][gc,heap        ] GC(109) ParNew: 279772K->14317K(314560K)
[78.198s][info][gc,heap        ] GC(109) CMS: 28880K->28880K(699072K)
[78.198s][info][gc,metaspace   ] GC(109) Metaspace: 44611K(47292K)->44611K(47292K) NonClass: 37322K(39564K)->37322K(39564K) Class: 7289K(7728K)->7289K(7728K)
[78.198s][info][gc             ] GC(109) Pause Young (Allocation Failure) 301M->42M(989M) 36.090ms
[78.198s][info][gc,cpu         ] GC(109) User=0.03s Sys=0.00s Real=0.03s
[78.608s][info][gc,start       ] GC(110) Pause Young (Allocation Failure)
[78.608s][info][gc,task        ] GC(110) Using 6 workers of 6 for evacuation
[78.615s][info][gc,heap        ] GC(110) ParNew: 293933K->3557K(314560K)
[78.615s][info][gc,heap        ] GC(110) CMS: 28880K->28994K(699072K)
[78.615s][info][gc,metaspace   ] GC(110) Metaspace: 44651K(47292K)->44651K(47292K) NonClass: 37361K(39564K)->37361K(39564K) Class: 7289K(7728K)->7289K(7728K)
[78.615s][info][gc             ] GC(110) Pause Young (Allocation Failure) 315M->31M(989M) 7.608ms
[78.615s][info][gc,cpu         ] GC(110) User=0.02s Sys=0.00s Real=0.00s
[78.800s][info][gc,start       ] GC(111) Pause Young (Allocation Failure)
[78.800s][info][gc,task        ] GC(111) Using 6 workers of 6 for evacuation
[78.801s][info][gc,heap        ] GC(111) ParNew: 283173K->222K(314560K)
[78.801s][info][gc,heap        ] GC(111) CMS: 28994K->28995K(699072K)
[78.801s][info][gc,metaspace   ] GC(111) Metaspace: 44651K(47292K)->44651K(47292K) NonClass: 37361K(39564K)->37361K(39564K) Class: 7289K(7728K)->7289K(7728K)
[78.801s][info][gc             ] GC(111) Pause Young (Allocation Failure) 304M->28M(989M) 1.730ms
[78.801s][info][gc,cpu         ] GC(111) User=0.00s Sys=0.00s Real=0.01s
[78.869s][info][gc,start       ] GC(112) Pause Young (Allocation Failure)
[78.869s][info][gc,task        ] GC(112) Using 6 workers of 6 for evacuation
[78.871s][info][gc,heap        ] GC(112) ParNew: 279838K->58K(314560K)
[78.871s][info][gc,heap        ] GC(112) CMS: 28995K->28997K(699072K)
[78.871s][info][gc,metaspace   ] GC(112) Metaspace: 44651K(47292K)->44651K(47292K) NonClass: 37362K(39564K)->37362K(39564K) Class: 7289K(7728K)->7289K(7728K)
[78.871s][info][gc             ] GC(112) Pause Young (Allocation Failure) 301M->28M(989M) 1.783ms
[78.871s][info][gc,cpu         ] GC(112) User=0.00s Sys=0.00s Real=0.00s
[79.138s][info][gc,start       ] GC(113) Pause Young (Allocation Failure)
[79.138s][info][gc,task        ] GC(113) Using 6 workers of 6 for evacuation
[79.140s][info][gc,heap        ] GC(113) ParNew: 279674K->59K(314560K)
[79.140s][info][gc,heap        ] GC(113) CMS: 28997K->29000K(699072K)
[79.140s][info][gc,metaspace   ] GC(113) Metaspace: 44682K(47292K)->44682K(47292K) NonClass: 37392K(39564K)->37392K(39564K) Class: 7289K(7728K)->7289K(7728K)
[79.140s][info][gc             ] GC(113) Pause Young (Allocation Failure) 301M->28M(989M) 1.892ms
[79.140s][info][gc,cpu         ] GC(113) User=0.00s Sys=0.00s Real=0.00s
[79.778s][info][gc,start       ] GC(114) Pause Young (Allocation Failure)
[79.778s][info][gc,task        ] GC(114) Using 6 workers of 6 for evacuation
[79.779s][info][gc,heap        ] GC(114) ParNew: 279675K->18K(314560K)
[79.779s][info][gc,heap        ] GC(114) CMS: 29000K->29002K(699072K)
[79.779s][info][gc,metaspace   ] GC(114) Metaspace: 44754K(47292K)->44754K(47292K) NonClass: 37464K(39564K)->37464K(39564K) Class: 7289K(7728K)->7289K(7728K)
[79.779s][info][gc             ] GC(114) Pause Young (Allocation Failure) 301M->28M(989M) 1.687ms
[79.779s][info][gc,cpu         ] GC(114) User=0.00s Sys=0.00s Real=0.00s
[80.071s][info][gc,start       ] GC(115) Pause Young (Allocation Failure)
[80.071s][info][gc,task        ] GC(115) Using 6 workers of 6 for evacuation
[80.073s][info][gc,heap        ] GC(115) ParNew: 279634K->24K(314560K)
[80.073s][info][gc,heap        ] GC(115) CMS: 29002K->29003K(699072K)
[80.073s][info][gc,metaspace   ] GC(115) Metaspace: 44757K(47292K)->44757K(47292K) NonClass: 37467K(39564K)->37467K(39564K) Class: 7289K(7728K)->7289K(7728K)
[80.073s][info][gc             ] GC(115) Pause Young (Allocation Failure) 301M->28M(989M) 1.838ms
[80.073s][info][gc,cpu         ] GC(115) User=0.00s Sys=0.00s Real=0.00s
[80.263s][info][gc,start       ] GC(116) Pause Young (Allocation Failure)
[80.264s][info][gc,task        ] GC(116) Using 6 workers of 6 for evacuation
[80.313s][info][gc,heap        ] GC(116) ParNew: 279640K->17222K(314560K)
[80.313s][info][gc,heap        ] GC(116) CMS: 29003K->29004K(699072K)
[80.313s][info][gc,metaspace   ] GC(116) Metaspace: 44757K(47292K)->44757K(47292K) NonClass: 37467K(39564K)->37467K(39564K) Class: 7289K(7728K)->7289K(7728K)
[80.313s][info][gc             ] GC(116) Pause Young (Allocation Failure) 301M->45M(989M) 49.346ms
[80.313s][info][gc,cpu         ] GC(116) User=0.14s Sys=0.00s Real=0.05s
[80.492s][info][gc,start       ] GC(117) Pause Full (System.gc())
[80.492s][info][gc,phases,start] GC(117) Phase 1: Mark live objects
[80.535s][info][gc,phases      ] GC(117) Phase 1: Mark live objects 42.535ms
[80.535s][info][gc,phases,start] GC(117) Phase 2: Compute new object addresses
[80.553s][info][gc,phases      ] GC(117) Phase 2: Compute new object addresses 18.464ms
[80.553s][info][gc,phases,start] GC(117) Phase 3: Adjust pointers
[80.576s][info][gc,phases      ] GC(117) Phase 3: Adjust pointers 23.168ms
[80.576s][info][gc,phases,start] GC(117) Phase 4: Move objects
[80.580s][info][gc,phases      ] GC(117) Phase 4: Move objects 3.364ms
[80.580s][info][gc,heap        ] GC(117) ParNew: 101098K->0K(314560K)
[80.581s][info][gc,heap        ] GC(117) CMS: 29004K->28884K(699072K)
[80.581s][info][gc,metaspace   ] GC(117) Metaspace: 44768K(47292K)->44768K(47292K) NonClass: 37479K(39564K)->37479K(39564K) Class: 7289K(7728K)->7289K(7728K)
[80.581s][info][gc             ] GC(117) Pause Full (System.gc()) 127M->28M(989M) 88.782ms
[80.581s][info][gc,cpu         ] GC(117) User=0.08s Sys=0.00s Real=0.08s
[80.939s][info][gc,start       ] GC(118) Pause Young (Allocation Failure)
[80.939s][info][gc,task        ] GC(118) Using 6 workers of 6 for evacuation
[80.940s][info][gc,heap        ] GC(118) ParNew: 279616K->760K(314560K)
[80.940s][info][gc,heap        ] GC(118) CMS: 28884K->28884K(699072K)
[80.940s][info][gc,metaspace   ] GC(118) Metaspace: 44790K(47292K)->44790K(47292K) NonClass: 37500K(39564K)->37500K(39564K) Class: 7289K(7728K)->7289K(7728K)
[80.940s][info][gc             ] GC(118) Pause Young (Allocation Failure) 301M->28M(989M) 1.650ms
[80.940s][info][gc,cpu         ] GC(118) User=0.02s Sys=0.00s Real=0.00s
[81.038s][info][gc,start       ] GC(119) Pause Young (Allocation Failure)
[81.038s][info][gc,task        ] GC(119) Using 6 workers of 6 for evacuation
[81.040s][info][gc,heap        ] GC(119) ParNew: 280376K->237K(314560K)
[81.040s][info][gc,heap        ] GC(119) CMS: 28884K->28884K(699072K)
[81.040s][info][gc,metaspace   ] GC(119) Metaspace: 44790K(47292K)->44790K(47292K) NonClass: 37500K(39564K)->37500K(39564K) Class: 7289K(7728K)->7289K(7728K)
[81.040s][info][gc             ] GC(119) Pause Young (Allocation Failure) 302M->28M(989M) 1.617ms
[81.040s][info][gc,cpu         ] GC(119) User=0.00s Sys=0.00s Real=0.00s
[81.115s][info][gc,start       ] GC(120) Pause Young (Allocation Failure)
[81.115s][info][gc,task        ] GC(120) Using 6 workers of 6 for evacuation
[81.117s][info][gc,heap        ] GC(120) ParNew: 279853K->159K(314560K)
[81.117s][info][gc,heap        ] GC(120) CMS: 28884K->28884K(699072K)
[81.117s][info][gc,metaspace   ] GC(120) Metaspace: 44790K(47292K)->44790K(47292K) NonClass: 37500K(39564K)->37500K(39564K) Class: 7289K(7728K)->7289K(7728K)
[81.117s][info][gc             ] GC(120) Pause Young (Allocation Failure) 301M->28M(989M) 2.277ms
[81.117s][info][gc,cpu         ] GC(120) User=0.00s Sys=0.00s Real=0.02s
[81.592s][info][gc,start       ] GC(121) Pause Young (Allocation Failure)
[81.592s][info][gc,task        ] GC(121) Using 6 workers of 6 for evacuation
[81.594s][info][gc,heap        ] GC(121) ParNew: 279775K->143K(314560K)
[81.594s][info][gc,heap        ] GC(121) CMS: 28884K->28884K(699072K)
[81.594s][info][gc,metaspace   ] GC(121) Metaspace: 44861K(47548K)->44861K(47548K) NonClass: 37571K(39820K)->37571K(39820K) Class: 7289K(7728K)->7289K(7728K)
[81.594s][info][gc             ] GC(121) Pause Young (Allocation Failure) 301M->28M(989M) 1.674ms
[81.594s][info][gc,cpu         ] GC(121) User=0.00s Sys=0.00s Real=0.00s
[82.015s][info][gc,start       ] GC(122) Pause Young (Allocation Failure)
[82.015s][info][gc,task        ] GC(122) Using 6 workers of 6 for evacuation
[82.017s][info][gc,heap        ] GC(122) ParNew: 279759K->144K(314560K)
[82.017s][info][gc,heap        ] GC(122) CMS: 28884K->28884K(699072K)
[82.017s][info][gc,metaspace   ] GC(122) Metaspace: 44861K(47548K)->44861K(47548K) NonClass: 37571K(39820K)->37571K(39820K) Class: 7289K(7728K)->7289K(7728K)
[82.017s][info][gc             ] GC(122) Pause Young (Allocation Failure) 301M->28M(989M) 1.813ms
[82.017s][info][gc,cpu         ] GC(122) User=0.02s Sys=0.00s Real=0.00s
[82.304s][info][gc,start       ] GC(123) Pause Young (Allocation Failure)
[82.304s][info][gc,task        ] GC(123) Using 6 workers of 6 for evacuation
[82.340s][info][gc,heap        ] GC(123) ParNew: 279760K->14196K(314560K)
[82.340s][info][gc,heap        ] GC(123) CMS: 28884K->28884K(699072K)
[82.340s][info][gc,metaspace   ] GC(123) Metaspace: 44861K(47548K)->44861K(47548K) NonClass: 37571K(39820K)->37571K(39820K) Class: 7289K(7728K)->7289K(7728K)
[82.340s][info][gc             ] GC(123) Pause Young (Allocation Failure) 301M->42M(989M) 36.047ms
[82.340s][info][gc,cpu         ] GC(123) User=0.03s Sys=0.00s Real=0.03s
[82.705s][info][gc,start       ] GC(124) Pause Young (Allocation Failure)
[82.705s][info][gc,task        ] GC(124) Using 6 workers of 6 for evacuation
[82.712s][info][gc,heap        ] GC(124) ParNew: 293812K->3673K(314560K)
[82.712s][info][gc,heap        ] GC(124) CMS: 28884K->29000K(699072K)
[82.712s][info][gc,metaspace   ] GC(124) Metaspace: 44887K(47548K)->44887K(47548K) NonClass: 37597K(39820K)->37597K(39820K) Class: 7289K(7728K)->7289K(7728K)
[82.712s][info][gc             ] GC(124) Pause Young (Allocation Failure) 315M->31M(989M) 7.338ms
[82.712s][info][gc,cpu         ] GC(124) User=0.00s Sys=0.00s Real=0.00s
[82.900s][info][gc,start       ] GC(125) Pause Young (Allocation Failure)
[82.900s][info][gc,task        ] GC(125) Using 6 workers of 6 for evacuation
[82.901s][info][gc,heap        ] GC(125) ParNew: 283289K->223K(314560K)
[82.901s][info][gc,heap        ] GC(125) CMS: 29000K->29000K(699072K)
[82.901s][info][gc,metaspace   ] GC(125) Metaspace: 44910K(47548K)->44910K(47548K) NonClass: 37620K(39820K)->37620K(39820K) Class: 7289K(7728K)->7289K(7728K)
[82.901s][info][gc             ] GC(125) Pause Young (Allocation Failure) 304M->28M(989M) 1.733ms
[82.901s][info][gc,cpu         ] GC(125) User=0.00s Sys=0.00s Real=0.00s
[82.967s][info][gc,start       ] GC(126) Pause Young (Allocation Failure)
[82.967s][info][gc,task        ] GC(126) Using 6 workers of 6 for evacuation
[82.968s][info][gc,heap        ] GC(126) ParNew: 279839K->48K(314560K)
[82.968s][info][gc,heap        ] GC(126) CMS: 29000K->29002K(699072K)
[82.968s][info][gc,metaspace   ] GC(126) Metaspace: 44914K(47548K)->44914K(47548K) NonClass: 37624K(39820K)->37624K(39820K) Class: 7289K(7728K)->7289K(7728K)
[82.968s][info][gc             ] GC(126) Pause Young (Allocation Failure) 301M->28M(989M) 1.679ms
[82.968s][info][gc,cpu         ] GC(126) User=0.00s Sys=0.00s Real=0.00s
[83.188s][info][gc,start       ] GC(127) Pause Young (Allocation Failure)
[83.188s][info][gc,task        ] GC(127) Using 6 workers of 6 for evacuation
[83.190s][info][gc,heap        ] GC(127) ParNew: 279664K->25K(314560K)
[83.190s][info][gc,heap        ] GC(127) CMS: 29002K->29005K(699072K)
[83.190s][info][gc,metaspace   ] GC(127) Metaspace: 44914K(47548K)->44914K(47548K) NonClass: 37624K(39820K)->37624K(39820K) Class: 7289K(7728K)->7289K(7728K)
[83.190s][info][gc             ] GC(127) Pause Young (Allocation Failure) 301M->28M(989M) 1.816ms
[83.190s][info][gc,cpu         ] GC(127) User=0.09s Sys=0.00s Real=0.00s
[83.752s][info][gc,start       ] GC(128) Pause Young (Allocation Failure)
[83.752s][info][gc,task        ] GC(128) Using 6 workers of 6 for evacuation
[83.754s][info][gc,heap        ] GC(128) ParNew: 279641K->18K(314560K)
[83.754s][info][gc,heap        ] GC(128) CMS: 29005K->29007K(699072K)
[83.754s][info][gc,metaspace   ] GC(128) Metaspace: 44914K(47548K)->44914K(47548K) NonClass: 37624K(39820K)->37624K(39820K) Class: 7289K(7728K)->7289K(7728K)
[83.754s][info][gc             ] GC(128) Pause Young (Allocation Failure) 301M->28M(989M) 1.605ms
[83.754s][info][gc,cpu         ] GC(128) User=0.00s Sys=0.00s Real=0.00s
[84.029s][info][gc,start       ] GC(129) Pause Young (Allocation Failure)
[84.029s][info][gc,task        ] GC(129) Using 6 workers of 6 for evacuation
[84.031s][info][gc,heap        ] GC(129) ParNew: 279634K->23K(314560K)
[84.031s][info][gc,heap        ] GC(129) CMS: 29007K->29008K(699072K)
[84.031s][info][gc,metaspace   ] GC(129) Metaspace: 44925K(47548K)->44925K(47548K) NonClass: 37635K(39820K)->37635K(39820K) Class: 7289K(7728K)->7289K(7728K)
[84.031s][info][gc             ] GC(129) Pause Young (Allocation Failure) 301M->28M(989M) 1.938ms
[84.031s][info][gc,cpu         ] GC(129) User=0.00s Sys=0.00s Real=0.00s
[84.215s][info][gc,start       ] GC(130) Pause Young (Allocation Failure)
[84.215s][info][gc,task        ] GC(130) Using 6 workers of 6 for evacuation
[84.262s][info][gc,heap        ] GC(130) ParNew: 279639K->17222K(314560K)
[84.262s][info][gc,heap        ] GC(130) CMS: 29008K->29010K(699072K)
[84.262s][info][gc,metaspace   ] GC(130) Metaspace: 44925K(47548K)->44925K(47548K) NonClass: 37635K(39820K)->37635K(39820K) Class: 7289K(7728K)->7289K(7728K)
[84.262s][info][gc             ] GC(130) Pause Young (Allocation Failure) 301M->45M(989M) 46.729ms
[84.262s][info][gc,cpu         ] GC(130) User=0.05s Sys=0.00s Real=0.05s
[84.443s][info][gc,start       ] GC(131) Pause Full (System.gc())
[84.443s][info][gc,phases,start] GC(131) Phase 1: Mark live objects
[84.486s][info][gc,phases      ] GC(131) Phase 1: Mark live objects 42.678ms
[84.486s][info][gc,phases,start] GC(131) Phase 2: Compute new object addresses
[84.505s][info][gc,phases      ] GC(131) Phase 2: Compute new object addresses 19.083ms
[84.505s][info][gc,phases,start] GC(131) Phase 3: Adjust pointers
[84.528s][info][gc,phases      ] GC(131) Phase 3: Adjust pointers 22.999ms
[84.528s][info][gc,phases,start] GC(131) Phase 4: Move objects
[84.532s][info][gc,phases      ] GC(131) Phase 4: Move objects 3.354ms
[84.532s][info][gc,heap        ] GC(131) ParNew: 106694K->0K(314560K)
[84.532s][info][gc,heap        ] GC(131) CMS: 29010K->28888K(699072K)
[84.532s][info][gc,metaspace   ] GC(131) Metaspace: 44930K(47548K)->44930K(47548K) NonClass: 37640K(39820K)->37640K(39820K) Class: 7289K(7728K)->7289K(7728K)
[84.533s][info][gc             ] GC(131) Pause Full (System.gc()) 132M->28M(989M) 89.344ms
[84.533s][info][gc,cpu         ] GC(131) User=0.08s Sys=0.00s Real=0.09s
[84.814s][info][gc,start       ] GC(132) Pause Young (Allocation Failure)
[84.814s][info][gc,task        ] GC(132) Using 6 workers of 6 for evacuation
[84.816s][info][gc,heap        ] GC(132) ParNew: 279616K->759K(314560K)
[84.816s][info][gc,heap        ] GC(132) CMS: 28888K->28888K(699072K)
[84.816s][info][gc,metaspace   ] GC(132) Metaspace: 44940K(47548K)->44940K(47548K) NonClass: 37651K(39820K)->37651K(39820K) Class: 7289K(7728K)->7289K(7728K)
[84.816s][info][gc             ] GC(132) Pause Young (Allocation Failure) 301M->28M(989M) 1.875ms
[84.816s][info][gc,cpu         ] GC(132) User=0.00s Sys=0.00s Real=0.00s
[84.909s][info][gc,start       ] GC(133) Pause Young (Allocation Failure)
[84.909s][info][gc,task        ] GC(133) Using 6 workers of 6 for evacuation
[84.910s][info][gc,heap        ] GC(133) ParNew: 280375K->270K(314560K)
[84.911s][info][gc,heap        ] GC(133) CMS: 28888K->28888K(699072K)
[84.911s][info][gc,metaspace   ] GC(133) Metaspace: 44940K(47548K)->44940K(47548K) NonClass: 37651K(39820K)->37651K(39820K) Class: 7289K(7728K)->7289K(7728K)
[84.911s][info][gc             ] GC(133) Pause Young (Allocation Failure) 302M->28M(989M) 1.911ms
[84.911s][info][gc,cpu         ] GC(133) User=0.00s Sys=0.00s Real=0.00s
[84.985s][info][gc,start       ] GC(134) Pause Young (Allocation Failure)
[84.985s][info][gc,task        ] GC(134) Using 6 workers of 6 for evacuation
[84.987s][info][gc,heap        ] GC(134) ParNew: 279886K->146K(314560K)
[84.987s][info][gc,heap        ] GC(134) CMS: 28888K->28888K(699072K)
[84.987s][info][gc,metaspace   ] GC(134) Metaspace: 44940K(47548K)->44940K(47548K) NonClass: 37651K(39820K)->37651K(39820K) Class: 7289K(7728K)->7289K(7728K)
[84.987s][info][gc             ] GC(134) Pause Young (Allocation Failure) 301M->28M(989M) 1.636ms
[84.987s][info][gc,cpu         ] GC(134) User=0.09s Sys=0.00s Real=0.00s
[85.461s][info][gc,start       ] GC(135) Pause Young (Allocation Failure)
[85.461s][info][gc,task        ] GC(135) Using 6 workers of 6 for evacuation
[85.463s][info][gc,heap        ] GC(135) ParNew: 279762K->176K(314560K)
[85.463s][info][gc,heap        ] GC(135) CMS: 28888K->28888K(699072K)
[85.463s][info][gc,metaspace   ] GC(135) Metaspace: 44940K(47548K)->44940K(47548K) NonClass: 37651K(39820K)->37651K(39820K) Class: 7289K(7728K)->7289K(7728K)
[85.463s][info][gc             ] GC(135) Pause Young (Allocation Failure) 301M->28M(989M) 2.035ms
[85.463s][info][gc,cpu         ] GC(135) User=0.00s Sys=0.00s Real=0.00s
[85.849s][info][gc,start       ] GC(136) Pause Young (Allocation Failure)
[85.849s][info][gc,task        ] GC(136) Using 6 workers of 6 for evacuation
[85.851s][info][gc,heap        ] GC(136) ParNew: 279792K->135K(314560K)
[85.851s][info][gc,heap        ] GC(136) CMS: 28888K->28888K(699072K)
[85.851s][info][gc,metaspace   ] GC(136) Metaspace: 44940K(47548K)->44940K(47548K) NonClass: 37651K(39820K)->37651K(39820K) Class: 7289K(7728K)->7289K(7728K)
[85.851s][info][gc             ] GC(136) Pause Young (Allocation Failure) 301M->28M(989M) 1.721ms
[85.851s][info][gc,cpu         ] GC(136) User=0.00s Sys=0.00s Real=0.00s
[86.141s][info][gc,start       ] GC(137) Pause Young (Allocation Failure)
[86.141s][info][gc,task        ] GC(137) Using 6 workers of 6 for evacuation
[86.177s][info][gc,heap        ] GC(137) ParNew: 279751K->14123K(314560K)
[86.177s][info][gc,heap        ] GC(137) CMS: 28888K->28888K(699072K)
[86.177s][info][gc,metaspace   ] GC(137) Metaspace: 44940K(47548K)->44940K(47548K) NonClass: 37651K(39820K)->37651K(39820K) Class: 7289K(7728K)->7289K(7728K)
[86.177s][info][gc             ] GC(137) Pause Young (Allocation Failure) 301M->42M(989M) 35.269ms
[86.177s][info][gc,cpu         ] GC(137) User=0.12s Sys=0.00s Real=0.04s
[86.512s][info][gc,start       ] GC(138) Pause Young (Allocation Failure)
[86.512s][info][gc,task        ] GC(138) Using 6 workers of 6 for evacuation
[86.519s][info][gc,heap        ] GC(138) ParNew: 293739K->3692K(314560K)
[86.519s][info][gc,heap        ] GC(138) CMS: 28888K->29005K(699072K)
[86.519s][info][gc,metaspace   ] GC(138) Metaspace: 44942K(47548K)->44942K(47548K) NonClass: 37653K(39820K)->37653K(39820K) Class: 7289K(7728K)->7289K(7728K)
[86.519s][info][gc             ] GC(138) Pause Young (Allocation Failure) 315M->31M(989M) 7.321ms
[86.519s][info][gc,cpu         ] GC(138) User=0.02s Sys=0.00s Real=0.00s
[86.656s][info][gc,start       ] GC(139) Pause Young (Allocation Failure)
[86.656s][info][gc,task        ] GC(139) Using 6 workers of 6 for evacuation
[86.657s][info][gc,heap        ] GC(139) ParNew: 283308K->222K(314560K)
[86.657s][info][gc,heap        ] GC(139) CMS: 29005K->29006K(699072K)
[86.657s][info][gc,metaspace   ] GC(139) Metaspace: 44942K(47548K)->44942K(47548K) NonClass: 37653K(39820K)->37653K(39820K) Class: 7289K(7728K)->7289K(7728K)
[86.657s][info][gc             ] GC(139) Pause Young (Allocation Failure) 304M->28M(989M) 1.446ms
[86.657s][info][gc,cpu         ] GC(139) User=0.00s Sys=0.00s Real=0.00s
[86.722s][info][gc,start       ] GC(140) Pause Young (Allocation Failure)
[86.722s][info][gc,task        ] GC(140) Using 6 workers of 6 for evacuation
[86.723s][info][gc,heap        ] GC(140) ParNew: 279838K->48K(314560K)
[86.723s][info][gc,heap        ] GC(140) CMS: 29006K->29008K(699072K)
[86.723s][info][gc,metaspace   ] GC(140) Metaspace: 44943K(47548K)->44943K(47548K) NonClass: 37653K(39820K)->37653K(39820K) Class: 7289K(7728K)->7289K(7728K)
[86.723s][info][gc             ] GC(140) Pause Young (Allocation Failure) 301M->28M(989M) 1.762ms
[86.723s][info][gc,cpu         ] GC(140) User=0.00s Sys=0.00s Real=0.01s
[86.943s][info][gc,start       ] GC(141) Pause Young (Allocation Failure)
[86.943s][info][gc,task        ] GC(141) Using 6 workers of 6 for evacuation
[86.945s][info][gc,heap        ] GC(141) ParNew: 279664K->80K(314560K)
[86.945s][info][gc,heap        ] GC(141) CMS: 29008K->29010K(699072K)
[86.945s][info][gc,metaspace   ] GC(141) Metaspace: 44943K(47548K)->44943K(47548K) NonClass: 37653K(39820K)->37653K(39820K) Class: 7289K(7728K)->7289K(7728K)
[86.945s][info][gc             ] GC(141) Pause Young (Allocation Failure) 301M->28M(989M) 2.107ms
[86.945s][info][gc,cpu         ] GC(141) User=0.00s Sys=0.00s Real=0.00s
[87.522s][info][gc,start       ] GC(142) Pause Young (Allocation Failure)
[87.522s][info][gc,task        ] GC(142) Using 6 workers of 6 for evacuation
[87.524s][info][gc,heap        ] GC(142) ParNew: 279696K->18K(314560K)
[87.524s][info][gc,heap        ] GC(142) CMS: 29010K->29013K(699072K)
[87.524s][info][gc,metaspace   ] GC(142) Metaspace: 44943K(47548K)->44943K(47548K) NonClass: 37653K(39820K)->37653K(39820K) Class: 7289K(7728K)->7289K(7728K)
[87.524s][info][gc             ] GC(142) Pause Young (Allocation Failure) 301M->28M(989M) 1.616ms
[87.524s][info][gc,cpu         ] GC(142) User=0.00s Sys=0.00s Real=0.00s
[87.791s][info][gc,start       ] GC(143) Pause Young (Allocation Failure)
[87.791s][info][gc,task        ] GC(143) Using 6 workers of 6 for evacuation
[87.792s][info][gc,heap        ] GC(143) ParNew: 279634K->25K(314560K)
[87.792s][info][gc,heap        ] GC(143) CMS: 29013K->29013K(699072K)
[87.792s][info][gc,metaspace   ] GC(143) Metaspace: 44943K(47548K)->44943K(47548K) NonClass: 37653K(39820K)->37653K(39820K) Class: 7289K(7728K)->7289K(7728K)
[87.793s][info][gc             ] GC(143) Pause Young (Allocation Failure) 301M->28M(989M) 1.841ms
[87.793s][info][gc,cpu         ] GC(143) User=0.00s Sys=0.00s Real=0.00s
[87.983s][info][gc,start       ] GC(144) Pause Young (Allocation Failure)
[87.983s][info][gc,task        ] GC(144) Using 6 workers of 6 for evacuation
[88.030s][info][gc,heap        ] GC(144) ParNew: 279641K->17217K(314560K)
[88.031s][info][gc,heap        ] GC(144) CMS: 29013K->29015K(699072K)
[88.031s][info][gc,metaspace   ] GC(144) Metaspace: 44943K(47548K)->44943K(47548K) NonClass: 37653K(39820K)->37653K(39820K) Class: 7289K(7728K)->7289K(7728K)
[88.031s][info][gc             ] GC(144) Pause Young (Allocation Failure) 301M->45M(989M) 47.585ms
[88.031s][info][gc,cpu         ] GC(144) User=0.12s Sys=0.00s Real=0.05s
[88.200s][info][gc,heap,exit   ] Heap
[88.200s][info][gc,heap,exit   ]  par new generation   total 314560K, used 179387K [0x00000000c0000000, 0x00000000d5550000, 0x00000000d5550000)
[88.200s][info][gc,heap,exit   ]   eden space 279616K,  57% used [0x00000000c0000000, 0x00000000c9e5e708, 0x00000000d1110000)
[88.200s][info][gc,heap,exit   ]   from space 34944K,  49% used [0x00000000d1110000, 0x00000000d21e05b8, 0x00000000d3330000)
[88.200s][info][gc,heap,exit   ]   to   space 34944K,   0% used [0x00000000d3330000, 0x00000000d3330000, 0x00000000d5550000)
[88.200s][info][gc,heap,exit   ]  concurrent mark-sweep generation total 699072K, used 29015K [0x00000000d5550000, 0x0000000100000000, 0x0000000100000000)
[88.200s][info][gc,heap,exit   ]  Metaspace       used 45007K, capacity 47330K, committed 47548K, reserved 1089536K
[88.200s][info][gc,heap,exit   ]   class space    used 7297K, capacity 7595K, committed 7728K, reserved 1048576K
