[0.033s][info][gc] Using Parallel
[0.042s][info][gc,init] Version: 17.0.12+7-adhoc..jdk17u (release)
[0.043s][info][gc,init] CPUs: 6 total, 6 available
[0.043s][info][gc,init] Memory: 15591M
[0.043s][info][gc,init] Large Page Support: Disabled
[0.043s][info][gc,init] NUMA Support: Disabled
[0.043s][info][gc,init] Compressed Oops: Enabled (Zero based)
[0.043s][info][gc,init] Alignments: Space 512K, Generation 512K, Heap 2M
[0.043s][info][gc,init] Heap Min Capacity: 4G
[0.043s][info][gc,init] Heap Initial Capacity: 4G
[0.043s][info][gc,init] Heap Max Capacity: 4G
[0.043s][info][gc,init] Pre-touch: Disabled
[0.043s][info][gc,init] Parallel Workers: 6
[0.050s][info][gc,metaspace] CDS archive(s) mapped at: [0x000001a200000000-0x000001a200bc0000-0x000001a200bc0000), size 12320768, SharedBaseAddress: 0x000001a200000000, ArchiveRelocationMode: 1.
[0.050s][info][gc,metaspace] Compressed class space mapped at: 0x000001a201000000-0x000001a241000000, reserved size: 1073741824
[0.050s][info][gc,metaspace] Narrow klass base: 0x000001a200000000, Narrow klass shift: 0, Narrow klass range: 0x100000000
[1.001s][info][gc,start    ] GC(0) Pause Young (System.gc())
[1.041s][info][gc,heap     ] GC(0) PSYoungGen: 273255K(1223168K)->84055K(1223168K) Eden: 273255K(1048576K)->0K(1048576K) From: 0K(174592K)->84055K(174592K)
[1.041s][info][gc,heap     ] GC(0) ParOldGen: 0K(2796544K)->16K(2796544K)
[1.041s][info][gc,metaspace] GC(0) Metaspace: 8577K(8832K)->8577K(8832K) NonClass: 7436K(7552K)->7436K(7552K) Class: 1140K(1280K)->1140K(1280K)
[1.041s][info][gc          ] GC(0) Pause Young (System.gc()) 266M->82M(3925M) 39.876ms
[1.041s][info][gc,cpu      ] GC(0) User=0.08s Sys=0.17s Real=0.05s
[1.041s][info][gc,start    ] GC(1) Pause Full (System.gc())
[1.041s][info][gc,phases,start] GC(1) Marking Phase
[1.104s][info][gc,phases      ] GC(1) Marking Phase 63.460ms
[1.105s][info][gc,phases,start] GC(1) Summary Phase
[1.105s][info][gc,phases      ] GC(1) Summary Phase 0.021ms
[1.105s][info][gc,phases,start] GC(1) Adjust Roots
[1.106s][info][gc,phases      ] GC(1) Adjust Roots 0.995ms
[1.106s][info][gc,phases,start] GC(1) Compaction Phase
[1.159s][info][gc,phases      ] GC(1) Compaction Phase 53.608ms
[1.159s][info][gc,phases,start] GC(1) Post Compact
[1.160s][info][gc,phases      ] GC(1) Post Compact 1.243ms
[1.161s][info][gc,heap        ] GC(1) PSYoungGen: 84055K(1223168K)->0K(1223168K) Eden: 0K(1048576K)->0K(1048576K) From: 84055K(174592K)->0K(174592K)
[1.161s][info][gc,heap        ] GC(1) ParOldGen: 16K(2796544K)->83874K(2796544K)
[1.161s][info][gc,metaspace   ] GC(1) Metaspace: 8577K(8832K)->8577K(8832K) NonClass: 7436K(7552K)->7436K(7552K) Class: 1140K(1280K)->1140K(1280K)
[1.161s][info][gc             ] GC(1) Pause Full (System.gc()) 82M->81M(3925M) 119.559ms
[1.161s][info][gc,cpu         ] GC(1) User=0.48s Sys=0.11s Real=0.11s
[1.720s][info][gc,start       ] GC(2) Pause Young (Allocation Failure)
[1.721s][info][gc,heap        ] GC(2) PSYoungGen: 1048576K(1223168K)->3394K(1223168K) Eden: 1048576K(1048576K)->0K(1048576K) From: 0K(174592K)->3394K(174592K)
[1.721s][info][gc,heap        ] GC(2) ParOldGen: 83874K(2796544K)->83882K(2796544K)
[1.721s][info][gc,metaspace   ] GC(2) Metaspace: 11609K(11904K)->11609K(11904K) NonClass: 10070K(10240K)->10070K(10240K) Class: 1539K(1664K)->1539K(1664K)
[1.721s][info][gc             ] GC(2) Pause Young (Allocation Failure) 1105M->85M(3925M) 1.417ms
[1.721s][info][gc,cpu         ] GC(2) User=0.02s Sys=0.02s Real=0.00s
[2.011s][info][gc,start       ] GC(3) Pause Young (Allocation Failure)
[2.012s][info][gc,heap        ] GC(3) PSYoungGen: 1051970K(1223168K)->1975K(1223168K) Eden: 1048576K(1048576K)->0K(1048576K) From: 3394K(174592K)->1975K(174592K)
[2.012s][info][gc,heap        ] GC(3) ParOldGen: 83882K(2796544K)->83890K(2796544K)
[2.012s][info][gc,metaspace   ] GC(3) Metaspace: 11611K(11904K)->11611K(11904K) NonClass: 10072K(10240K)->10072K(10240K) Class: 1539K(1664K)->1539K(1664K)
[2.012s][info][gc             ] GC(3) Pause Young (Allocation Failure) 1109M->83M(3925M) 0.639ms
[2.012s][info][gc,cpu         ] GC(3) User=0.00s Sys=0.00s Real=0.00s
[2.293s][info][gc,start       ] GC(4) Pause Young (Allocation Failure)
[2.293s][info][gc,heap        ] GC(4) PSYoungGen: 1050551K(1223168K)->2478K(1223168K) Eden: 1048576K(1048576K)->0K(1048576K) From: 1975K(174592K)->2478K(174592K)
[2.293s][info][gc,heap        ] GC(4) ParOldGen: 83890K(2796544K)->83898K(2796544K)
[2.293s][info][gc,metaspace   ] GC(4) Metaspace: 11620K(11904K)->11620K(11904K) NonClass: 10081K(10240K)->10081K(10240K) Class: 1539K(1664K)->1539K(1664K)
[2.293s][info][gc             ] GC(4) Pause Young (Allocation Failure) 1107M->84M(3925M) 0.682ms
[2.293s][info][gc,cpu         ] GC(4) User=0.00s Sys=0.00s Real=0.00s
[2.579s][info][gc,start       ] GC(5) Pause Young (Allocation Failure)
[2.580s][info][gc,heap        ] GC(5) PSYoungGen: 1051054K(1223168K)->4091K(1223168K) Eden: 1048576K(1048576K)->0K(1048576K) From: 2478K(174592K)->4091K(174592K)
[2.580s][info][gc,heap        ] GC(5) ParOldGen: 83898K(2796544K)->83906K(2796544K)
[2.580s][info][gc,metaspace   ] GC(5) Metaspace: 11624K(11904K)->11624K(11904K) NonClass: 10084K(10240K)->10084K(10240K) Class: 1539K(1664K)->1539K(1664K)
[2.580s][info][gc             ] GC(5) Pause Young (Allocation Failure) 1108M->85M(3925M) 1.302ms
[2.580s][info][gc,cpu         ] GC(5) User=0.02s Sys=0.00s Real=0.00s
[2.872s][info][gc,start       ] GC(6) Pause Young (Allocation Failure)
[2.873s][info][gc,heap        ] GC(6) PSYoungGen: 1052667K(1223168K)->3098K(1321984K) Eden: 1048576K(1048576K)->0K(1147392K) From: 4091K(174592K)->3098K(174592K)
[2.873s][info][gc,heap        ] GC(6) ParOldGen: 83906K(2796544K)->83906K(2796544K)
[2.873s][info][gc,metaspace   ] GC(6) Metaspace: 11624K(11904K)->11624K(11904K) NonClass: 10084K(10240K)->10084K(10240K) Class: 1539K(1664K)->1539K(1664K)
[2.873s][info][gc             ] GC(6) Pause Young (Allocation Failure) 1109M->84M(4022M) 0.704ms
[2.873s][info][gc,cpu         ] GC(6) User=0.00s Sys=0.00s Real=0.00s
[3.188s][info][gc,start       ] GC(7) Pause Young (Allocation Failure)
[3.189s][info][gc,heap        ] GC(7) PSYoungGen: 1150490K(1321984K)->2868K(1223168K) Eden: 1147392K(1147392K)->0K(1147392K) From: 3098K(174592K)->2868K(75776K)
[3.189s][info][gc,heap        ] GC(7) ParOldGen: 83906K(2796544K)->83906K(2796544K)
[3.189s][info][gc,metaspace   ] GC(7) Metaspace: 11624K(11904K)->11624K(11904K) NonClass: 10084K(10240K)->10084K(10240K) Class: 1539K(1664K)->1539K(1664K)
[3.189s][info][gc             ] GC(7) Pause Young (Allocation Failure) 1205M->84M(3925M) 0.994ms
[3.189s][info][gc,cpu         ] GC(7) User=0.00s Sys=0.00s Real=0.00s
[3.506s][info][gc,start       ] GC(8) Pause Young (Allocation Failure)
[3.507s][info][gc,heap        ] GC(8) PSYoungGen: 1150260K(1223168K)->1498K(1331200K) Eden: 1147392K(1147392K)->0K(1260544K) From: 2868K(75776K)->1498K(70656K)
[3.507s][info][gc,heap        ] GC(8) ParOldGen: 83906K(2796544K)->85090K(2796544K)
[3.507s][info][gc,metaspace   ] GC(8) Metaspace: 11624K(11904K)->11624K(11904K) NonClass: 10085K(10240K)->10085K(10240K) Class: 1539K(1664K)->1539K(1664K)
[3.507s][info][gc             ] GC(8) Pause Young (Allocation Failure) 1205M->84M(4031M) 0.955ms
[3.507s][info][gc,cpu         ] GC(8) User=0.00s Sys=0.00s Real=0.00s
[3.864s][info][gc,start       ] GC(9) Pause Young (Allocation Failure)
[3.865s][info][gc,heap        ] GC(9) PSYoungGen: 1262042K(1331200K)->1394K(1327104K) Eden: 1260544K(1260544K)->0K(1260544K) From: 1498K(70656K)->1394K(66560K)
[3.865s][info][gc,heap        ] GC(9) ParOldGen: 85090K(2796544K)->85114K(2796544K)
[3.865s][info][gc,metaspace   ] GC(9) Metaspace: 11625K(11904K)->11625K(11904K) NonClass: 10086K(10240K)->10086K(10240K) Class: 1539K(1664K)->1539K(1664K)
[3.865s][info][gc             ] GC(9) Pause Young (Allocation Failure) 1315M->84M(4027M) 0.757ms
[3.865s][info][gc,cpu         ] GC(9) User=0.00s Sys=0.00s Real=0.00s
[4.209s][info][gc,start       ] GC(10) Pause Young (Allocation Failure)
[4.209s][info][gc,heap        ] GC(10) PSYoungGen: 1261938K(1327104K)->1897K(1338368K) Eden: 1260544K(1260544K)->0K(1275392K) From: 1394K(66560K)->1897K(62976K)
[4.209s][info][gc,heap        ] GC(10) ParOldGen: 85114K(2796544K)->85130K(2796544K)
[4.209s][info][gc,metaspace   ] GC(10) Metaspace: 11625K(11904K)->11625K(11904K) NonClass: 10086K(10240K)->10086K(10240K) Class: 1539K(1664K)->1539K(1664K)
[4.209s][info][gc             ] GC(10) Pause Young (Allocation Failure) 1315M->84M(4038M) 0.911ms
[4.209s][info][gc,cpu         ] GC(10) User=0.00s Sys=0.00s Real=0.00s
[4.248s][info][gc,start       ] GC(11) Pause Young (System.gc())
[4.249s][info][gc,heap        ] GC(11) PSYoungGen: 136774K(1338368K)->160K(1334784K) Eden: 134876K(1275392K)->0K(1275392K) From: 1897K(62976K)->160K(59392K)
[4.249s][info][gc,heap        ] GC(11) ParOldGen: 85130K(2796544K)->85146K(2796544K)
[4.249s][info][gc,metaspace   ] GC(11) Metaspace: 11651K(11904K)->11651K(11904K) NonClass: 10108K(10240K)->10108K(10240K) Class: 1542K(1664K)->1542K(1664K)
[4.249s][info][gc             ] GC(11) Pause Young (System.gc()) 216M->83M(4034M) 0.487ms
[4.249s][info][gc,cpu         ] GC(11) User=0.00s Sys=0.00s Real=0.00s
[4.249s][info][gc,start       ] GC(12) Pause Full (System.gc())
[4.249s][info][gc,phases,start] GC(12) Marking Phase
[4.306s][info][gc,phases      ] GC(12) Marking Phase 57.007ms
[4.306s][info][gc,phases,start] GC(12) Summary Phase
[4.306s][info][gc,phases      ] GC(12) Summary Phase 0.011ms
[4.306s][info][gc,phases,start] GC(12) Adjust Roots
[4.308s][info][gc,phases      ] GC(12) Adjust Roots 1.601ms
[4.308s][info][gc,phases,start] GC(12) Compaction Phase
[4.326s][info][gc,phases      ] GC(12) Compaction Phase 18.245ms
[4.326s][info][gc,phases,start] GC(12) Post Compact
[4.327s][info][gc,phases      ] GC(12) Post Compact 1.144ms
[4.327s][info][gc,heap        ] GC(12) PSYoungGen: 160K(1334784K)->0K(1334784K) Eden: 0K(1275392K)->0K(1275392K) From: 160K(59392K)->0K(59392K)
[4.327s][info][gc,heap        ] GC(12) ParOldGen: 85146K(2796544K)->84996K(2796544K)
[4.327s][info][gc,metaspace   ] GC(12) Metaspace: 11651K(11904K)->11649K(11904K) NonClass: 10108K(10240K)->10107K(10240K) Class: 1542K(1664K)->1542K(1664K)
[4.327s][info][gc             ] GC(12) Pause Full (System.gc()) 83M->83M(4034M) 78.277ms
[4.327s][info][gc,cpu         ] GC(12) User=0.44s Sys=0.00s Real=0.08s
[4.684s][info][gc,start       ] GC(13) Pause Young (Allocation Failure)
[4.685s][info][gc,heap        ] GC(13) PSYoungGen: 1275392K(1334784K)->1115K(1344512K) Eden: 1275392K(1275392K)->0K(1288192K) From: 0K(59392K)->1115K(56320K)
[4.685s][info][gc,heap        ] GC(13) ParOldGen: 84996K(2796544K)->84996K(2796544K)
[4.685s][info][gc,metaspace   ] GC(13) Metaspace: 11649K(11904K)->11649K(11904K) NonClass: 10107K(10240K)->10107K(10240K) Class: 1542K(1664K)->1542K(1664K)
[4.685s][info][gc             ] GC(13) Pause Young (Allocation Failure) 1328M->84M(4044M) 0.730ms
[4.685s][info][gc,cpu         ] GC(13) User=0.00s Sys=0.00s Real=0.00s
[5.032s][info][gc,start       ] GC(14) Pause Young (Allocation Failure)
[5.033s][info][gc,heap        ] GC(14) PSYoungGen: 1289307K(1344512K)->2872K(1341440K) Eden: 1288192K(1288192K)->0K(1288192K) From: 1115K(56320K)->2872K(53248K)
[5.033s][info][gc,heap        ] GC(14) ParOldGen: 84996K(2796544K)->85012K(2796544K)
[5.033s][info][gc,metaspace   ] GC(14) Metaspace: 11649K(11904K)->11649K(11904K) NonClass: 10107K(10240K)->10107K(10240K) Class: 1542K(1664K)->1542K(1664K)
[5.033s][info][gc             ] GC(14) Pause Young (Allocation Failure) 1342M->85M(4041M) 1.459ms
[5.033s][info][gc,cpu         ] GC(14) User=0.00s Sys=0.00s Real=0.00s
[5.390s][info][gc,start       ] GC(15) Pause Young (Allocation Failure)
[5.390s][info][gc,heap        ] GC(15) PSYoungGen: 1291064K(1341440K)->1609K(1350656K) Eden: 1288192K(1288192K)->0K(1300480K) From: 2872K(53248K)->1609K(50176K)
[5.390s][info][gc,heap        ] GC(15) ParOldGen: 85012K(2796544K)->85028K(2796544K)
[5.390s][info][gc,metaspace   ] GC(15) Metaspace: 11650K(11904K)->11650K(11904K) NonClass: 10108K(10240K)->10108K(10240K) Class: 1542K(1664K)->1542K(1664K)
[5.390s][info][gc             ] GC(15) Pause Young (Allocation Failure) 1343M->84M(4050M) 0.781ms
[5.391s][info][gc,cpu         ] GC(15) User=0.00s Sys=0.00s Real=0.00s
[5.755s][info][gc,start       ] GC(16) Pause Young (Allocation Failure)
[5.755s][info][gc,heap        ] GC(16) PSYoungGen: 1302089K(1350656K)->1272K(1347584K) Eden: 1300480K(1300480K)->0K(1300480K) From: 1609K(50176K)->1272K(47104K)
[5.755s][info][gc,heap        ] GC(16) ParOldGen: 85028K(2796544K)->85028K(2796544K)
[5.755s][info][gc,metaspace   ] GC(16) Metaspace: 11650K(11904K)->11650K(11904K) NonClass: 10108K(10240K)->10108K(10240K) Class: 1542K(1664K)->1542K(1664K)
[5.755s][info][gc             ] GC(16) Pause Young (Allocation Failure) 1354M->84M(4047M) 0.632ms
[5.755s][info][gc,cpu         ] GC(16) User=0.00s Sys=0.00s Real=0.00s
[6.109s][info][gc,start       ] GC(17) Pause Young (Allocation Failure)
[6.109s][info][gc,heap        ] GC(17) PSYoungGen: 1301752K(1347584K)->966K(1356288K) Eden: 1300480K(1300480K)->0K(1312256K) From: 1272K(47104K)->966K(44032K)
[6.109s][info][gc,heap        ] GC(17) ParOldGen: 85028K(2796544K)->85052K(2796544K)
[6.109s][info][gc,metaspace   ] GC(17) Metaspace: 11650K(11904K)->11650K(11904K) NonClass: 10108K(10240K)->10108K(10240K) Class: 1542K(1664K)->1542K(1664K)
[6.109s][info][gc             ] GC(17) Pause Young (Allocation Failure) 1354M->84M(4055M) 0.556ms
[6.109s][info][gc,cpu         ] GC(17) User=0.00s Sys=0.00s Real=0.00s
[6.469s][info][gc,start       ] GC(18) Pause Young (Allocation Failure)
[6.470s][info][gc,heap        ] GC(18) PSYoungGen: 1313222K(1356288K)->1562K(1353728K) Eden: 1312256K(1312256K)->0K(1312256K) From: 966K(44032K)->1562K(41472K)
[6.470s][info][gc,heap        ] GC(18) ParOldGen: 85052K(2796544K)->85052K(2796544K)
[6.470s][info][gc,metaspace   ] GC(18) Metaspace: 11650K(11904K)->11650K(11904K) NonClass: 10108K(10240K)->10108K(10240K) Class: 1542K(1664K)->1542K(1664K)
[6.470s][info][gc             ] GC(18) Pause Young (Allocation Failure) 1365M->84M(4053M) 0.773ms
[6.470s][info][gc,cpu         ] GC(18) User=0.00s Sys=0.00s Real=0.00s
[6.832s][info][gc,start       ] GC(19) Pause Young (Allocation Failure)
[6.832s][info][gc,heap        ] GC(19) PSYoungGen: 1313818K(1353728K)->1630K(1361408K) Eden: 1312256K(1312256K)->0K(1322496K) From: 1562K(41472K)->1630K(38912K)
[6.832s][info][gc,heap        ] GC(19) ParOldGen: 85052K(2796544K)->85060K(2796544K)
[6.832s][info][gc,metaspace   ] GC(19) Metaspace: 11650K(11904K)->11650K(11904K) NonClass: 10108K(10240K)->10108K(10240K) Class: 1542K(1664K)->1542K(1664K)
[6.832s][info][gc             ] GC(19) Pause Young (Allocation Failure) 1366M->84M(4060M) 0.769ms
[6.832s][info][gc,cpu         ] GC(19) User=0.00s Sys=0.00s Real=0.00s
[7.102s][info][gc,start       ] GC(20) Pause Young (System.gc())
[7.102s][info][gc,heap        ] GC(20) PSYoungGen: 986648K(1361408K)->128K(1358848K) Eden: 985018K(1322496K)->0K(1322496K) From: 1630K(38912K)->128K(36352K)
[7.102s][info][gc,heap        ] GC(20) ParOldGen: 85060K(2796544K)->85060K(2796544K)
[7.102s][info][gc,metaspace   ] GC(20) Metaspace: 11651K(11904K)->11651K(11904K) NonClass: 10108K(10240K)->10108K(10240K) Class: 1542K(1664K)->1542K(1664K)
[7.102s][info][gc             ] GC(20) Pause Young (System.gc()) 1046M->83M(4058M) 0.287ms
[7.102s][info][gc,cpu         ] GC(20) User=0.00s Sys=0.00s Real=0.00s
[7.102s][info][gc,start       ] GC(21) Pause Full (System.gc())
[7.102s][info][gc,phases,start] GC(21) Marking Phase
[7.166s][info][gc,phases      ] GC(21) Marking Phase 63.863ms
[7.166s][info][gc,phases,start] GC(21) Summary Phase
[7.166s][info][gc,phases      ] GC(21) Summary Phase 0.010ms
[7.166s][info][gc,phases,start] GC(21) Adjust Roots
[7.167s][info][gc,phases      ] GC(21) Adjust Roots 1.460ms
[7.167s][info][gc,phases,start] GC(21) Compaction Phase
[7.183s][info][gc,phases      ] GC(21) Compaction Phase 16.142ms
[7.184s][info][gc,phases,start] GC(21) Post Compact
[7.184s][info][gc,phases      ] GC(21) Post Compact 0.961ms
[7.185s][info][gc,heap        ] GC(21) PSYoungGen: 128K(1358848K)->0K(1358848K) Eden: 0K(1322496K)->0K(1322496K) From: 128K(36352K)->0K(36352K)
[7.185s][info][gc,heap        ] GC(21) ParOldGen: 85060K(2796544K)->84996K(2796544K)
[7.185s][info][gc,metaspace   ] GC(21) Metaspace: 11651K(11904K)->11651K(11904K) NonClass: 10108K(10240K)->10108K(10240K) Class: 1542K(1664K)->1542K(1664K)
[7.185s][info][gc             ] GC(21) Pause Full (System.gc()) 83M->83M(4058M) 82.883ms
[7.185s][info][gc,cpu         ] GC(21) User=0.47s Sys=0.00s Real=0.08s
[7.566s][info][gc,start       ] GC(22) Pause Young (Allocation Failure)
[7.567s][info][gc,heap        ] GC(22) PSYoungGen: 1322496K(1358848K)->991K(1366016K) Eden: 1322496K(1322496K)->0K(1331712K) From: 0K(36352K)->991K(34304K)
[7.567s][info][gc,heap        ] GC(22) ParOldGen: 84996K(2796544K)->84996K(2796544K)
[7.567s][info][gc,metaspace   ] GC(22) Metaspace: 11651K(11904K)->11651K(11904K) NonClass: 10108K(10240K)->10108K(10240K) Class: 1542K(1664K)->1542K(1664K)
[7.567s][info][gc             ] GC(22) Pause Young (Allocation Failure) 1374M->83M(4065M) 0.779ms
[7.567s][info][gc,cpu         ] GC(22) User=0.00s Sys=0.00s Real=0.00s
[7.960s][info][gc,start       ] GC(23) Pause Young (Allocation Failure)
[7.961s][info][gc,heap        ] GC(23) PSYoungGen: 1332703K(1366016K)->2595K(1363456K) Eden: 1331712K(1331712K)->0K(1331712K) From: 991K(34304K)->2595K(31744K)
[7.961s][info][gc,heap        ] GC(23) ParOldGen: 84996K(2796544K)->85004K(2796544K)
[7.961s][info][gc,metaspace   ] GC(23) Metaspace: 11651K(11904K)->11651K(11904K) NonClass: 10108K(10240K)->10108K(10240K) Class: 1542K(1664K)->1542K(1664K)
[7.961s][info][gc             ] GC(23) Pause Young (Allocation Failure) 1384M->85M(4062M) 1.143ms
[7.961s][info][gc,cpu         ] GC(23) User=0.00s Sys=0.00s Real=0.00s
[8.345s][info][gc,start       ] GC(24) Pause Young (Allocation Failure)
[8.345s][info][gc,heap        ] GC(24) PSYoungGen: 1334307K(1363456K)->1314K(1370112K) Eden: 1331712K(1331712K)->0K(1340416K) From: 2595K(31744K)->1314K(29696K)
[8.345s][info][gc,heap        ] GC(24) ParOldGen: 85004K(2796544K)->85028K(2796544K)
[8.345s][info][gc,metaspace   ] GC(24) Metaspace: 11651K(11904K)->11651K(11904K) NonClass: 10108K(10240K)->10108K(10240K) Class: 1542K(1664K)->1542K(1664K)
[8.345s][info][gc             ] GC(24) Pause Young (Allocation Failure) 1386M->84M(4069M) 0.646ms
[8.345s][info][gc,cpu         ] GC(24) User=0.00s Sys=0.00s Real=0.00s
[8.721s][info][gc,start       ] GC(25) Pause Young (Allocation Failure)
[8.722s][info][gc,heap        ] GC(25) PSYoungGen: 1341730K(1370112K)->690K(1368064K) Eden: 1340416K(1340416K)->0K(1340416K) From: 1314K(29696K)->690K(27648K)
[8.722s][info][gc,heap        ] GC(25) ParOldGen: 85028K(2796544K)->85028K(2796544K)
[8.722s][info][gc,metaspace   ] GC(25) Metaspace: 11651K(11904K)->11651K(11904K) NonClass: 10108K(10240K)->10108K(10240K) Class: 1542K(1664K)->1542K(1664K)
[8.722s][info][gc             ] GC(25) Pause Young (Allocation Failure) 1393M->83M(4067M) 0.514ms
[8.722s][info][gc,cpu         ] GC(25) User=0.00s Sys=0.00s Real=0.00s
[9.084s][info][gc,start       ] GC(26) Pause Young (Allocation Failure)
[9.084s][info][gc,heap        ] GC(26) PSYoungGen: 1341106K(1368064K)->2536K(1373696K) Eden: 1340416K(1340416K)->0K(1348096K) From: 690K(27648K)->2536K(25600K)
[9.084s][info][gc,heap        ] GC(26) ParOldGen: 85028K(2796544K)->85052K(2796544K)
[9.085s][info][gc,metaspace   ] GC(26) Metaspace: 11651K(11904K)->11651K(11904K) NonClass: 10108K(10240K)->10108K(10240K) Class: 1542K(1664K)->1542K(1664K)
[9.085s][info][gc             ] GC(26) Pause Young (Allocation Failure) 1392M->85M(4072M) 0.986ms
[9.085s][info][gc,cpu         ] GC(26) User=0.00s Sys=0.00s Real=0.00s
[9.451s][info][gc,start       ] GC(27) Pause Young (Allocation Failure)
[9.452s][info][gc,heap        ] GC(27) PSYoungGen: 1350632K(1373696K)->1677K(1372160K) Eden: 1348096K(1348096K)->0K(1348096K) From: 2536K(25600K)->1677K(24064K)
[9.452s][info][gc,heap        ] GC(27) ParOldGen: 85052K(2796544K)->85052K(2796544K)
[9.452s][info][gc,metaspace   ] GC(27) Metaspace: 11651K(11904K)->11651K(11904K) NonClass: 10108K(10240K)->10108K(10240K) Class: 1542K(1664K)->1542K(1664K)
[9.452s][info][gc             ] GC(27) Pause Young (Allocation Failure) 1402M->84M(4071M) 0.700ms
[9.452s][info][gc,cpu         ] GC(27) User=0.00s Sys=0.00s Real=0.00s
[9.825s][info][gc,start       ] GC(28) Pause Young (Allocation Failure)
[9.826s][info][gc,heap        ] GC(28) PSYoungGen: 1349773K(1372160K)->1774K(1377280K) Eden: 1348096K(1348096K)->0K(1355264K) From: 1677K(24064K)->1774K(22016K)
[9.826s][info][gc,heap        ] GC(28) ParOldGen: 85052K(2796544K)->85060K(2796544K)
[9.826s][info][gc,metaspace   ] GC(28) Metaspace: 11651K(11904K)->11651K(11904K) NonClass: 10108K(10240K)->10108K(10240K) Class: 1542K(1664K)->1542K(1664K)
[9.826s][info][gc             ] GC(28) Pause Young (Allocation Failure) 1401M->84M(4076M) 0.820ms
[9.826s][info][gc,cpu         ] GC(28) User=0.00s Sys=0.00s Real=0.00s
[10.013s][info][gc,start       ] GC(29) Pause Young (System.gc())
[10.013s][info][gc,heap        ] GC(29) PSYoungGen: 686719K(1377280K)->160K(1375744K) Eden: 684944K(1355264K)->0K(1355264K) From: 1774K(22016K)->160K(20480K)
[10.013s][info][gc,heap        ] GC(29) ParOldGen: 85060K(2796544K)->85060K(2796544K)
[10.013s][info][gc,metaspace   ] GC(29) Metaspace: 11651K(11904K)->11651K(11904K) NonClass: 10108K(10240K)->10108K(10240K) Class: 1542K(1664K)->1542K(1664K)
[10.013s][info][gc             ] GC(29) Pause Young (System.gc()) 753M->83M(4074M) 0.308ms
[10.013s][info][gc,cpu         ] GC(29) User=0.00s Sys=0.00s Real=0.00s
[10.013s][info][gc,start       ] GC(30) Pause Full (System.gc())
[10.013s][info][gc,phases,start] GC(30) Marking Phase
[10.077s][info][gc,phases      ] GC(30) Marking Phase 63.569ms
[10.077s][info][gc,phases,start] GC(30) Summary Phase
[10.077s][info][gc,phases      ] GC(30) Summary Phase 0.010ms
[10.077s][info][gc,phases,start] GC(30) Adjust Roots
[10.078s][info][gc,phases      ] GC(30) Adjust Roots 0.958ms
[10.078s][info][gc,phases,start] GC(30) Compaction Phase
[10.095s][info][gc,phases      ] GC(30) Compaction Phase 16.612ms
[10.095s][info][gc,phases,start] GC(30) Post Compact
[10.096s][info][gc,phases      ] GC(30) Post Compact 0.818ms
[10.096s][info][gc,heap        ] GC(30) PSYoungGen: 160K(1375744K)->0K(1375744K) Eden: 0K(1355264K)->0K(1355264K) From: 160K(20480K)->0K(20480K)
[10.096s][info][gc,heap        ] GC(30) ParOldGen: 85060K(2796544K)->84997K(2796544K)
[10.096s][info][gc,metaspace   ] GC(30) Metaspace: 11651K(11904K)->11651K(11904K) NonClass: 10108K(10240K)->10108K(10240K) Class: 1542K(1664K)->1542K(1664K)
[10.096s][info][gc             ] GC(30) Pause Full (System.gc()) 83M->83M(4074M) 82.273ms
[10.096s][info][gc,cpu         ] GC(30) User=0.47s Sys=0.00s Real=0.08s
[10.467s][info][gc,start       ] GC(31) Pause Young (Allocation Failure)
[10.468s][info][gc,heap        ] GC(31) PSYoungGen: 1355260K(1375744K)->3024K(1379840K) Eden: 1355260K(1355264K)->0K(1360384K) From: 0K(20480K)->3024K(19456K)
[10.468s][info][gc,heap        ] GC(31) ParOldGen: 84997K(2796544K)->84997K(2796544K)
[10.468s][info][gc,metaspace   ] GC(31) Metaspace: 11651K(11904K)->11651K(11904K) NonClass: 10109K(10240K)->10109K(10240K) Class: 1542K(1664K)->1542K(1664K)
[10.468s][info][gc             ] GC(31) Pause Young (Allocation Failure) 1406M->85M(4078M) 1.236ms
[10.468s][info][gc,cpu         ] GC(31) User=0.00s Sys=0.00s Real=0.00s
[10.853s][info][gc,start       ] GC(32) Pause Young (Allocation Failure)
[10.853s][info][gc,heap        ] GC(32) PSYoungGen: 1363408K(1379840K)->537K(1378304K) Eden: 1360384K(1360384K)->0K(1360384K) From: 3024K(19456K)->537K(17920K)
[10.853s][info][gc,heap        ] GC(32) ParOldGen: 84997K(2796544K)->85005K(2796544K)
[10.853s][info][gc,metaspace   ] GC(32) Metaspace: 11651K(11904K)->11651K(11904K) NonClass: 10109K(10240K)->10109K(10240K) Class: 1542K(1664K)->1542K(1664K)
[10.853s][info][gc             ] GC(32) Pause Young (Allocation Failure) 1414M->83M(4077M) 0.512ms
[10.853s][info][gc,cpu         ] GC(32) User=0.00s Sys=0.00s Real=0.00s
[11.226s][info][gc,start       ] GC(33) Pause Young (Allocation Failure)
[11.227s][info][gc,heap        ] GC(33) PSYoungGen: 1360921K(1378304K)->975K(1381888K) Eden: 1360384K(1360384K)->0K(1364992K) From: 537K(17920K)->975K(16896K)
[11.227s][info][gc,heap        ] GC(33) ParOldGen: 85005K(2796544K)->85013K(2796544K)
[11.227s][info][gc,metaspace   ] GC(33) Metaspace: 11651K(11904K)->11651K(11904K) NonClass: 10109K(10240K)->10109K(10240K) Class: 1542K(1664K)->1542K(1664K)
[11.227s][info][gc             ] GC(33) Pause Young (Allocation Failure) 1412M->83M(4080M) 0.630ms
[11.227s][info][gc,cpu         ] GC(33) User=0.00s Sys=0.00s Real=0.00s
[11.601s][info][gc,start       ] GC(34) Pause Young (Allocation Failure)
[11.601s][info][gc,heap        ] GC(34) PSYoungGen: 1365967K(1381888K)->1564K(1380864K) Eden: 1364992K(1364992K)->0K(1364992K) From: 975K(16896K)->1564K(15872K)
[11.601s][info][gc,heap        ] GC(34) ParOldGen: 85013K(2796544K)->85013K(2796544K)
[11.601s][info][gc,metaspace   ] GC(34) Metaspace: 11651K(11904K)->11651K(11904K) NonClass: 10109K(10240K)->10109K(10240K) Class: 1542K(1664K)->1542K(1664K)
[11.601s][info][gc             ] GC(34) Pause Young (Allocation Failure) 1416M->84M(4079M) 0.828ms
[11.601s][info][gc,cpu         ] GC(34) User=0.00s Sys=0.00s Real=0.00s
[11.979s][info][gc,start       ] GC(35) Pause Young (Allocation Failure)
[11.980s][info][gc,heap        ] GC(35) PSYoungGen: 1366556K(1380864K)->1802K(1384448K) Eden: 1364992K(1364992K)->0K(1370112K) From: 1564K(15872K)->1802K(14336K)
[11.980s][info][gc,heap        ] GC(35) ParOldGen: 85013K(2796544K)->85037K(2796544K)
[11.980s][info][gc,metaspace   ] GC(35) Metaspace: 11651K(11904K)->11651K(11904K) NonClass: 10109K(10240K)->10109K(10240K) Class: 1542K(1664K)->1542K(1664K)
[11.980s][info][gc             ] GC(35) Pause Young (Allocation Failure) 1417M->84M(4083M) 0.876ms
[11.980s][info][gc,cpu         ] GC(35) User=0.00s Sys=0.00s Real=0.00s
[12.351s][info][gc,start       ] GC(36) Pause Young (Allocation Failure)
[12.352s][info][gc,heap        ] GC(36) PSYoungGen: 1371914K(1384448K)->2684K(1383424K) Eden: 1370112K(1370112K)->0K(1370112K) From: 1802K(14336K)->2684K(13312K)
[12.352s][info][gc,heap        ] GC(36) ParOldGen: 85037K(2796544K)->85037K(2796544K)
[12.352s][info][gc,metaspace   ] GC(36) Metaspace: 11651K(11904K)->11651K(11904K) NonClass: 10109K(10240K)->10109K(10240K) Class: 1542K(1664K)->1542K(1664K)
[12.352s][info][gc             ] GC(36) Pause Young (Allocation Failure) 1422M->85M(4082M) 1.031ms
[12.352s][info][gc,cpu         ] GC(36) User=0.00s Sys=0.00s Real=0.00s
[12.734s][info][gc,start       ] GC(37) Pause Young (Allocation Failure)
[12.735s][info][gc,heap        ] GC(37) PSYoungGen: 1372796K(1383424K)->658K(1385984K) Eden: 1370112K(1370112K)->0K(1373696K) From: 2684K(13312K)->658K(12288K)
[12.735s][info][gc,heap        ] GC(37) ParOldGen: 85037K(2796544K)->85053K(2796544K)
[12.735s][info][gc,metaspace   ] GC(37) Metaspace: 11651K(11904K)->11651K(11904K) NonClass: 10109K(10240K)->10109K(10240K) Class: 1542K(1664K)->1542K(1664K)
[12.735s][info][gc             ] GC(37) Pause Young (Allocation Failure) 1423M->83M(4084M) 0.491ms
[12.735s][info][gc,cpu         ] GC(37) User=0.00s Sys=0.00s Real=0.00s
[12.871s][info][gc,start       ] GC(38) Pause Young (System.gc())
[12.872s][info][gc,heap        ] GC(38) PSYoungGen: 503638K(1385984K)->128K(1385472K) Eden: 502980K(1373696K)->0K(1373696K) From: 658K(12288K)->128K(11776K)
[12.872s][info][gc,heap        ] GC(38) ParOldGen: 85053K(2796544K)->85053K(2796544K)
[12.872s][info][gc,metaspace   ] GC(38) Metaspace: 11651K(11904K)->11651K(11904K) NonClass: 10109K(10240K)->10109K(10240K) Class: 1542K(1664K)->1542K(1664K)
[12.872s][info][gc             ] GC(38) Pause Young (System.gc()) 574M->83M(4084M) 0.284ms
[12.872s][info][gc,cpu         ] GC(38) User=0.00s Sys=0.00s Real=0.00s
[12.872s][info][gc,start       ] GC(39) Pause Full (System.gc())
[12.872s][info][gc,phases,start] GC(39) Marking Phase
[12.919s][info][gc,phases      ] GC(39) Marking Phase 46.983ms
[12.919s][info][gc,phases,start] GC(39) Summary Phase
[12.919s][info][gc,phases      ] GC(39) Summary Phase 0.021ms
[12.919s][info][gc,phases,start] GC(39) Adjust Roots
[12.920s][info][gc,phases      ] GC(39) Adjust Roots 0.944ms
[12.920s][info][gc,phases,start] GC(39) Compaction Phase
[12.936s][info][gc,phases      ] GC(39) Compaction Phase 16.481ms
[12.936s][info][gc,phases,start] GC(39) Post Compact
[12.937s][info][gc,phases      ] GC(39) Post Compact 0.802ms
[12.937s][info][gc,heap        ] GC(39) PSYoungGen: 128K(1385472K)->0K(1385472K) Eden: 0K(1373696K)->0K(1373696K) From: 128K(11776K)->0K(11776K)
[12.937s][info][gc,heap        ] GC(39) ParOldGen: 85053K(2796544K)->84997K(2796544K)
[12.937s][info][gc,metaspace   ] GC(39) Metaspace: 11651K(11904K)->11651K(11904K) NonClass: 10109K(10240K)->10109K(10240K) Class: 1542K(1664K)->1542K(1664K)
[12.937s][info][gc             ] GC(39) Pause Full (System.gc()) 83M->83M(4084M) 65.508ms
[12.937s][info][gc,cpu         ] GC(39) User=0.38s Sys=0.00s Real=0.06s
[13.315s][info][gc,start       ] GC(40) Pause Young (Allocation Failure)
[13.315s][info][gc,heap        ] GC(40) PSYoungGen: 1373696K(1385472K)->1355K(1387520K) Eden: 1373696K(1373696K)->0K(1376256K) From: 0K(11776K)->1355K(11264K)
[13.316s][info][gc,heap        ] GC(40) ParOldGen: 84997K(2796544K)->84997K(2796544K)
[13.316s][info][gc,metaspace   ] GC(40) Metaspace: 11651K(11904K)->11651K(11904K) NonClass: 10109K(10240K)->10109K(10240K) Class: 1542K(1664K)->1542K(1664K)
[13.316s][info][gc             ] GC(40) Pause Young (Allocation Failure) 1424M->84M(4086M) 0.833ms
[13.316s][info][gc,cpu         ] GC(40) User=0.02s Sys=0.00s Real=0.00s
[13.695s][info][gc,start       ] GC(41) Pause Young (Allocation Failure)
[13.696s][info][gc,heap        ] GC(41) PSYoungGen: 1377611K(1387520K)->2821K(1386496K) Eden: 1376256K(1376256K)->0K(1376256K) From: 1355K(11264K)->2821K(10240K)
[13.696s][info][gc,heap        ] GC(41) ParOldGen: 84997K(2796544K)->85013K(2796544K)
[13.696s][info][gc,metaspace   ] GC(41) Metaspace: 11651K(11904K)->11651K(11904K) NonClass: 10109K(10240K)->10109K(10240K) Class: 1542K(1664K)->1542K(1664K)
[13.696s][info][gc             ] GC(41) Pause Young (Allocation Failure) 1428M->85M(4085M) 0.935ms
[13.696s][info][gc,cpu         ] GC(41) User=0.00s Sys=0.00s Real=0.00s
[14.073s][info][gc,start       ] GC(42) Pause Young (Allocation Failure)
[14.073s][info][gc,heap        ] GC(42) PSYoungGen: 1379077K(1386496K)->513K(1388544K) Eden: 1376256K(1376256K)->0K(1378816K) From: 2821K(10240K)->513K(9728K)
[14.073s][info][gc,heap        ] GC(42) ParOldGen: 85013K(2796544K)->85021K(2796544K)
[14.073s][info][gc,metaspace   ] GC(42) Metaspace: 11651K(11904K)->11651K(11904K) NonClass: 10109K(10240K)->10109K(10240K) Class: 1542K(1664K)->1542K(1664K)
[14.073s][info][gc             ] GC(42) Pause Young (Allocation Failure) 1429M->83M(4087M) 0.466ms
[14.073s][info][gc,cpu         ] GC(42) User=0.00s Sys=0.00s Real=0.00s
[14.449s][info][gc,start       ] GC(43) Pause Young (Allocation Failure)
[14.449s][info][gc,heap        ] GC(43) PSYoungGen: 1379329K(1388544K)->2268K(1388032K) Eden: 1378816K(1378816K)->0K(1378816K) From: 513K(9728K)->2268K(9216K)
[14.449s][info][gc,heap        ] GC(43) ParOldGen: 85021K(2796544K)->85021K(2796544K)
[14.449s][info][gc,metaspace   ] GC(43) Metaspace: 11652K(11904K)->11652K(11904K) NonClass: 10110K(10240K)->10110K(10240K) Class: 1542K(1664K)->1542K(1664K)
[14.449s][info][gc             ] GC(43) Pause Young (Allocation Failure) 1430M->85M(4086M) 0.565ms
[14.449s][info][gc,cpu         ] GC(43) User=0.00s Sys=0.00s Real=0.00s
[14.832s][info][gc,start       ] GC(44) Pause Young (Allocation Failure)
[14.832s][info][gc,heap        ] GC(44) PSYoungGen: 1381084K(1388032K)->562K(1389568K) Eden: 1378816K(1378816K)->0K(1380864K) From: 2268K(9216K)->562K(8704K)
[14.832s][info][gc,heap        ] GC(44) ParOldGen: 85021K(2796544K)->85037K(2796544K)
[14.832s][info][gc,metaspace   ] GC(44) Metaspace: 11652K(11904K)->11652K(11904K) NonClass: 10110K(10240K)->10110K(10240K) Class: 1542K(1664K)->1542K(1664K)
[14.832s][info][gc             ] GC(44) Pause Young (Allocation Failure) 1431M->83M(4088M) 0.575ms
[14.832s][info][gc,cpu         ] GC(44) User=0.00s Sys=0.00s Real=0.00s
[15.207s][info][gc,start       ] GC(45) Pause Young (Allocation Failure)
[15.208s][info][gc,heap        ] GC(45) PSYoungGen: 1381426K(1389568K)->1813K(1389056K) Eden: 1380864K(1380864K)->0K(1380864K) From: 562K(8704K)->1813K(8192K)
[15.208s][info][gc,heap        ] GC(45) ParOldGen: 85037K(2796544K)->85037K(2796544K)
[15.208s][info][gc,metaspace   ] GC(45) Metaspace: 11652K(11904K)->11652K(11904K) NonClass: 10110K(10240K)->10110K(10240K) Class: 1542K(1664K)->1542K(1664K)
[15.208s][info][gc             ] GC(45) Pause Young (Allocation Failure) 1432M->84M(4087M) 0.720ms
[15.208s][info][gc,cpu         ] GC(45) User=0.00s Sys=0.00s Real=0.00s
[15.586s][info][gc,start       ] GC(46) Pause Young (Allocation Failure)
[15.586s][info][gc,heap        ] GC(46) PSYoungGen: 1382677K(1389056K)->480K(1390080K) Eden: 1380864K(1380864K)->0K(1382400K) From: 1813K(8192K)->480K(7680K)
[15.586s][info][gc,heap        ] GC(46) ParOldGen: 85037K(2796544K)->85053K(2796544K)
[15.586s][info][gc,metaspace   ] GC(46) Metaspace: 11652K(11904K)->11652K(11904K) NonClass: 10110K(10240K)->10110K(10240K) Class: 1542K(1664K)->1542K(1664K)
[15.586s][info][gc             ] GC(46) Pause Young (Allocation Failure) 1433M->83M(4088M) 0.458ms
[15.586s][info][gc,cpu         ] GC(46) User=0.00s Sys=0.00s Real=0.00s
[15.702s][info][gc,start       ] GC(47) Pause Young (System.gc())
[15.702s][info][gc,heap        ] GC(47) PSYoungGen: 405966K(1390080K)->128K(1390080K) Eden: 405486K(1382400K)->0K(1382400K) From: 480K(7680K)->128K(7680K)
[15.702s][info][gc,heap        ] GC(47) ParOldGen: 85053K(2796544K)->85053K(2796544K)
[15.702s][info][gc,metaspace   ] GC(47) Metaspace: 11653K(11904K)->11653K(11904K) NonClass: 10111K(10240K)->10111K(10240K) Class: 1542K(1664K)->1542K(1664K)
[15.702s][info][gc             ] GC(47) Pause Young (System.gc()) 479M->83M(4088M) 0.376ms
[15.702s][info][gc,cpu         ] GC(47) User=0.00s Sys=0.00s Real=0.00s
[15.702s][info][gc,start       ] GC(48) Pause Full (System.gc())
[15.702s][info][gc,phases,start] GC(48) Marking Phase
[15.748s][info][gc,phases      ] GC(48) Marking Phase 45.518ms
[15.748s][info][gc,phases,start] GC(48) Summary Phase
[15.748s][info][gc,phases      ] GC(48) Summary Phase 0.009ms
[15.748s][info][gc,phases,start] GC(48) Adjust Roots
[15.749s][info][gc,phases      ] GC(48) Adjust Roots 1.012ms
[15.749s][info][gc,phases,start] GC(48) Compaction Phase
[15.764s][info][gc,phases      ] GC(48) Compaction Phase 15.432ms
[15.764s][info][gc,phases,start] GC(48) Post Compact
[15.765s][info][gc,phases      ] GC(48) Post Compact 0.719ms
[15.765s][info][gc,heap        ] GC(48) PSYoungGen: 128K(1390080K)->0K(1390080K) Eden: 0K(1382400K)->0K(1382400K) From: 128K(7680K)->0K(7680K)
[15.765s][info][gc,heap        ] GC(48) ParOldGen: 85053K(2796544K)->84999K(2796544K)
[15.765s][info][gc,metaspace   ] GC(48) Metaspace: 11653K(11904K)->11653K(11904K) NonClass: 10111K(10240K)->10111K(10240K) Class: 1542K(1664K)->1542K(1664K)
[15.765s][info][gc             ] GC(48) Pause Full (System.gc()) 83M->83M(4088M) 62.957ms
[15.765s][info][gc,cpu         ] GC(48) User=0.34s Sys=0.02s Real=0.06s
[16.146s][info][gc,start       ] GC(49) Pause Young (Allocation Failure)
[16.147s][info][gc,heap        ] GC(49) PSYoungGen: 1382400K(1390080K)->1898K(1391104K) Eden: 1382400K(1382400K)->0K(1383936K) From: 0K(7680K)->1898K(7168K)
[16.147s][info][gc,heap        ] GC(49) ParOldGen: 84999K(2796544K)->84999K(2796544K)
[16.147s][info][gc,metaspace   ] GC(49) Metaspace: 11653K(11904K)->11653K(11904K) NonClass: 10111K(10240K)->10111K(10240K) Class: 1542K(1664K)->1542K(1664K)
[16.147s][info][gc             ] GC(49) Pause Young (Allocation Failure) 1433M->84M(4089M) 0.850ms
[16.147s][info][gc,cpu         ] GC(49) User=0.00s Sys=0.00s Real=0.00s
[16.527s][info][gc,start       ] GC(50) Pause Young (Allocation Failure)
[16.527s][info][gc,heap        ] GC(50) PSYoungGen: 1385834K(1391104K)->1004K(1390592K) Eden: 1383936K(1383936K)->0K(1383936K) From: 1898K(7168K)->1004K(6656K)
[16.527s][info][gc,heap        ] GC(50) ParOldGen: 84999K(2796544K)->85007K(2796544K)
[16.527s][info][gc,metaspace   ] GC(50) Metaspace: 11653K(11904K)->11653K(11904K) NonClass: 10111K(10240K)->10111K(10240K) Class: 1542K(1664K)->1542K(1664K)
[16.527s][info][gc             ] GC(50) Pause Young (Allocation Failure) 1436M->83M(4089M) 0.482ms
[16.527s][info][gc,cpu         ] GC(50) User=0.00s Sys=0.00s Real=0.00s
[16.920s][info][gc,start       ] GC(51) Pause Young (Allocation Failure)
[16.921s][info][gc,heap        ] GC(51) PSYoungGen: 1384940K(1390592K)->3510K(1390592K) Eden: 1383936K(1383936K)->0K(1384448K) From: 1004K(6656K)->3510K(6144K)
[16.921s][info][gc,heap        ] GC(51) ParOldGen: 85007K(2796544K)->85031K(2796544K)
[16.921s][info][gc,metaspace   ] GC(51) Metaspace: 11653K(11904K)->11653K(11904K) NonClass: 10111K(10240K)->10111K(10240K) Class: 1542K(1664K)->1542K(1664K)
[16.921s][info][gc             ] GC(51) Pause Young (Allocation Failure) 1435M->86M(4089M) 1.208ms
[16.921s][info][gc,cpu         ] GC(51) User=0.00s Sys=0.00s Real=0.00s
[17.300s][info][gc,start       ] GC(52) Pause Young (Allocation Failure)
[17.300s][info][gc,heap        ] GC(52) PSYoungGen: 1387952K(1390592K)->1477K(1391104K) Eden: 1384442K(1384448K)->0K(1384448K) From: 3510K(6144K)->1477K(6656K)
[17.300s][info][gc,heap        ] GC(52) ParOldGen: 85031K(2796544K)->85031K(2796544K)
[17.300s][info][gc,metaspace   ] GC(52) Metaspace: 11653K(11904K)->11653K(11904K) NonClass: 10111K(10240K)->10111K(10240K) Class: 1542K(1664K)->1542K(1664K)
[17.300s][info][gc             ] GC(52) Pause Young (Allocation Failure) 1438M->84M(4089M) 0.640ms
[17.300s][info][gc,cpu         ] GC(52) User=0.00s Sys=0.00s Real=0.00s
[17.686s][info][gc,start       ] GC(53) Pause Young (Allocation Failure)
[17.686s][info][gc,heap        ] GC(53) PSYoungGen: 1385925K(1391104K)->320K(1391616K) Eden: 1384448K(1384448K)->0K(1385472K) From: 1477K(6656K)->320K(6144K)
[17.686s][info][gc,heap        ] GC(53) ParOldGen: 85031K(2796544K)->85047K(2796544K)
[17.686s][info][gc,metaspace   ] GC(53) Metaspace: 11653K(11904K)->11653K(11904K) NonClass: 10111K(10240K)->10111K(10240K) Class: 1542K(1664K)->1542K(1664K)
[17.686s][info][gc             ] GC(53) Pause Young (Allocation Failure) 1436M->83M(4090M) 0.347ms
[17.686s][info][gc,cpu         ] GC(53) User=0.00s Sys=0.00s Real=0.00s
[18.063s][info][gc,start       ] GC(54) Pause Young (Allocation Failure)
[18.064s][info][gc,heap        ] GC(54) PSYoungGen: 1385792K(1391616K)->1878K(1391616K) Eden: 1385472K(1385472K)->0K(1385472K) From: 320K(6144K)->1878K(6144K)
[18.064s][info][gc,heap        ] GC(54) ParOldGen: 85047K(2796544K)->85055K(2796544K)
[18.064s][info][gc,metaspace   ] GC(54) Metaspace: 11653K(11904K)->11653K(11904K) NonClass: 10111K(10240K)->10111K(10240K) Class: 1542K(1664K)->1542K(1664K)
[18.064s][info][gc             ] GC(54) Pause Young (Allocation Failure) 1436M->84M(4090M) 0.627ms
[18.064s][info][gc,cpu         ] GC(54) User=0.00s Sys=0.00s Real=0.00s
[18.441s][info][gc,start       ] GC(55) Pause Young (Allocation Failure)
[18.441s][info][gc,heap        ] GC(55) PSYoungGen: 1387350K(1391616K)->761K(1392128K) Eden: 1385472K(1385472K)->0K(1386496K) From: 1878K(6144K)->761K(5632K)
[18.441s][info][gc,heap        ] GC(55) ParOldGen: 85055K(2796544K)->85071K(2796544K)
[18.441s][info][gc,metaspace   ] GC(55) Metaspace: 11653K(11904K)->11653K(11904K) NonClass: 10111K(10240K)->10111K(10240K) Class: 1542K(1664K)->1542K(1664K)
[18.441s][info][gc             ] GC(55) Pause Young (Allocation Failure) 1437M->83M(4090M) 0.453ms
[18.441s][info][gc,cpu         ] GC(55) User=0.00s Sys=0.00s Real=0.00s
[18.537s][info][gc,start       ] GC(56) Pause Young (System.gc())
[18.538s][info][gc,heap        ] GC(56) PSYoungGen: 359117K(1392128K)->160K(1392128K) Eden: 358356K(1386496K)->0K(1386496K) From: 761K(5632K)->160K(5632K)
[18.538s][info][gc,heap        ] GC(56) ParOldGen: 85071K(2796544K)->85071K(2796544K)
[18.538s][info][gc,metaspace   ] GC(56) Metaspace: 11658K(11904K)->11658K(11904K) NonClass: 10116K(10240K)->10116K(10240K) Class: 1542K(1664K)->1542K(1664K)
[18.538s][info][gc             ] GC(56) Pause Young (System.gc()) 433M->83M(4090M) 0.301ms
[18.538s][info][gc,cpu         ] GC(56) User=0.00s Sys=0.00s Real=0.00s
[18.538s][info][gc,start       ] GC(57) Pause Full (System.gc())
[18.538s][info][gc,phases,start] GC(57) Marking Phase
[18.624s][info][gc,phases      ] GC(57) Marking Phase 86.369ms
[18.624s][info][gc,phases,start] GC(57) Summary Phase
[18.624s][info][gc,phases      ] GC(57) Summary Phase 0.012ms
[18.624s][info][gc,phases,start] GC(57) Adjust Roots
[18.625s][info][gc,phases      ] GC(57) Adjust Roots 1.039ms
[18.625s][info][gc,phases,start] GC(57) Compaction Phase
[18.641s][info][gc,phases      ] GC(57) Compaction Phase 15.995ms
[18.641s][info][gc,phases,start] GC(57) Post Compact
[18.642s][info][gc,phases      ] GC(57) Post Compact 0.745ms
[18.642s][info][gc,heap        ] GC(57) PSYoungGen: 160K(1392128K)->0K(1392128K) Eden: 0K(1386496K)->0K(1386496K) From: 160K(5632K)->0K(5632K)
[18.642s][info][gc,heap        ] GC(57) ParOldGen: 85071K(2796544K)->85000K(2796544K)
[18.642s][info][gc,metaspace   ] GC(57) Metaspace: 11658K(11904K)->11658K(11904K) NonClass: 10116K(10240K)->10116K(10240K) Class: 1542K(1664K)->1542K(1664K)
[18.642s][info][gc             ] GC(57) Pause Full (System.gc()) 83M->83M(4090M) 104.434ms
[18.642s][info][gc,cpu         ] GC(57) User=0.56s Sys=0.00s Real=0.11s
[19.023s][info][gc,start       ] GC(58) Pause Young (Allocation Failure)
[19.023s][info][gc,heap        ] GC(58) PSYoungGen: 1386496K(1392128K)->2066K(1392640K) Eden: 1386496K(1386496K)->0K(1387520K) From: 0K(5632K)->2066K(5120K)
[19.023s][info][gc,heap        ] GC(58) ParOldGen: 85000K(2796544K)->85000K(2796544K)
[19.023s][info][gc,metaspace   ] GC(58) Metaspace: 11658K(11904K)->11658K(11904K) NonClass: 10116K(10240K)->10116K(10240K) Class: 1542K(1664K)->1542K(1664K)
[19.023s][info][gc             ] GC(58) Pause Young (Allocation Failure) 1437M->85M(4091M) 0.588ms
[19.023s][info][gc,cpu         ] GC(58) User=0.00s Sys=0.00s Real=0.00s
[19.403s][info][gc,start       ] GC(59) Pause Young (Allocation Failure)
[19.404s][info][gc,heap        ] GC(59) PSYoungGen: 1389586K(1392640K)->926K(1392640K) Eden: 1387520K(1387520K)->0K(1387520K) From: 2066K(5120K)->926K(5120K)
[19.404s][info][gc,heap        ] GC(59) ParOldGen: 85000K(2796544K)->85008K(2796544K)
[19.404s][info][gc,metaspace   ] GC(59) Metaspace: 11658K(11904K)->11658K(11904K) NonClass: 10116K(10240K)->10116K(10240K) Class: 1542K(1664K)->1542K(1664K)
[19.404s][info][gc             ] GC(59) Pause Young (Allocation Failure) 1440M->83M(4091M) 0.518ms
[19.404s][info][gc,cpu         ] GC(59) User=0.00s Sys=0.00s Real=0.00s
[19.786s][info][gc,start       ] GC(60) Pause Young (Allocation Failure)
[19.787s][info][gc,heap        ] GC(60) PSYoungGen: 1388446K(1392640K)->3073K(1392640K) Eden: 1387520K(1387520K)->0K(1387520K) From: 926K(5120K)->3073K(5120K)
[19.787s][info][gc,heap        ] GC(60) ParOldGen: 85008K(2796544K)->85032K(2796544K)
[19.787s][info][gc,metaspace   ] GC(60) Metaspace: 11658K(11904K)->11658K(11904K) NonClass: 10116K(10240K)->10116K(10240K) Class: 1542K(1664K)->1542K(1664K)
[19.787s][info][gc             ] GC(60) Pause Young (Allocation Failure) 1438M->86M(4091M) 1.251ms
[19.787s][info][gc,cpu         ] GC(60) User=0.00s Sys=0.00s Real=0.00s
[20.167s][info][gc,start       ] GC(61) Pause Young (Allocation Failure)
[20.168s][info][gc,heap        ] GC(61) PSYoungGen: 1390593K(1392640K)->1501K(1392640K) Eden: 1387520K(1387520K)->0K(1387520K) From: 3073K(5120K)->1501K(5120K)
[20.168s][info][gc,heap        ] GC(61) ParOldGen: 85032K(2796544K)->85032K(2796544K)
[20.168s][info][gc,metaspace   ] GC(61) Metaspace: 11658K(11904K)->11658K(11904K) NonClass: 10116K(10240K)->10116K(10240K) Class: 1542K(1664K)->1542K(1664K)
[20.168s][info][gc             ] GC(61) Pause Young (Allocation Failure) 1441M->84M(4091M) 0.687ms
[20.168s][info][gc,cpu         ] GC(61) User=0.00s Sys=0.00s Real=0.00s
[20.548s][info][gc,start       ] GC(62) Pause Young (Allocation Failure)
[20.548s][info][gc,heap        ] GC(62) PSYoungGen: 1389021K(1392640K)->224K(1393152K) Eden: 1387520K(1387520K)->0K(1388032K) From: 1501K(5120K)->224K(5120K)
[20.548s][info][gc,heap        ] GC(62) ParOldGen: 85032K(2796544K)->85056K(2796544K)
[20.548s][info][gc,metaspace   ] GC(62) Metaspace: 11658K(11904K)->11658K(11904K) NonClass: 10116K(10240K)->10116K(10240K) Class: 1542K(1664K)->1542K(1664K)
[20.548s][info][gc             ] GC(62) Pause Young (Allocation Failure) 1439M->83M(4091M) 0.338ms
[20.548s][info][gc,cpu         ] GC(62) User=0.00s Sys=0.00s Real=0.00s
[20.930s][info][gc,start       ] GC(63) Pause Young (Allocation Failure)
[20.931s][info][gc,heap        ] GC(63) PSYoungGen: 1388256K(1393152K)->2540K(1392640K) Eden: 1388032K(1388032K)->0K(1388032K) From: 224K(5120K)->2540K(4608K)
[20.931s][info][gc,heap        ] GC(63) ParOldGen: 85056K(2796544K)->85056K(2796544K)
[20.931s][info][gc,metaspace   ] GC(63) Metaspace: 11658K(11904K)->11658K(11904K) NonClass: 10116K(10240K)->10116K(10240K) Class: 1542K(1664K)->1542K(1664K)
[20.931s][info][gc             ] GC(63) Pause Young (Allocation Failure) 1438M->85M(4091M) 0.827ms
[20.931s][info][gc,cpu         ] GC(63) User=0.00s Sys=0.00s Real=0.00s
[21.309s][info][gc,start       ] GC(64) Pause Young (Allocation Failure)
[21.309s][info][gc,heap        ] GC(64) PSYoungGen: 1390572K(1392640K)->1001K(1393152K) Eden: 1388032K(1388032K)->0K(1388032K) From: 2540K(4608K)->1001K(5120K)
[21.309s][info][gc,heap        ] GC(64) ParOldGen: 85056K(2796544K)->85072K(2796544K)
[21.309s][info][gc,metaspace   ] GC(64) Metaspace: 11658K(11904K)->11658K(11904K) NonClass: 10116K(10240K)->10116K(10240K) Class: 1542K(1664K)->1542K(1664K)
[21.309s][info][gc             ] GC(64) Pause Young (Allocation Failure) 1441M->84M(4091M) 0.521ms
[21.309s][info][gc,cpu         ] GC(64) User=0.00s Sys=0.00s Real=0.00s
[21.403s][info][gc,start       ] GC(65) Pause Young (System.gc())
[21.404s][info][gc,heap        ] GC(65) PSYoungGen: 348987K(1393152K)->160K(1392640K) Eden: 347985K(1388032K)->0K(1388032K) From: 1001K(5120K)->160K(4608K)
[21.404s][info][gc,heap        ] GC(65) ParOldGen: 85072K(2796544K)->85072K(2796544K)
[21.404s][info][gc,metaspace   ] GC(65) Metaspace: 11660K(11904K)->11660K(11904K) NonClass: 10117K(10240K)->10117K(10240K) Class: 1542K(1664K)->1542K(1664K)
[21.404s][info][gc             ] GC(65) Pause Young (System.gc()) 423M->83M(4091M) 0.431ms
[21.404s][info][gc,cpu         ] GC(65) User=0.00s Sys=0.00s Real=0.00s
[21.404s][info][gc,start       ] GC(66) Pause Full (System.gc())
[21.404s][info][gc,phases,start] GC(66) Marking Phase
[21.490s][info][gc,phases      ] GC(66) Marking Phase 85.611ms
[21.490s][info][gc,phases,start] GC(66) Summary Phase
[21.490s][info][gc,phases      ] GC(66) Summary Phase 0.010ms
[21.490s][info][gc,phases,start] GC(66) Adjust Roots
[21.491s][info][gc,phases      ] GC(66) Adjust Roots 0.999ms
[21.491s][info][gc,phases,start] GC(66) Compaction Phase
[21.506s][info][gc,phases      ] GC(66) Compaction Phase 15.496ms
[21.506s][info][gc,phases,start] GC(66) Post Compact
[21.507s][info][gc,phases      ] GC(66) Post Compact 0.734ms
[21.507s][info][gc,heap        ] GC(66) PSYoungGen: 160K(1392640K)->0K(1392640K) Eden: 0K(1388032K)->0K(1388032K) From: 160K(4608K)->0K(4608K)
[21.507s][info][gc,heap        ] GC(66) ParOldGen: 85072K(2796544K)->85001K(2796544K)
[21.507s][info][gc,metaspace   ] GC(66) Metaspace: 11660K(11904K)->11660K(11904K) NonClass: 10117K(10240K)->10117K(10240K) Class: 1542K(1664K)->1542K(1664K)
[21.507s][info][gc             ] GC(66) Pause Full (System.gc()) 83M->83M(4091M) 103.164ms
[21.507s][info][gc,cpu         ] GC(66) User=0.59s Sys=0.00s Real=0.10s
[21.892s][info][gc,start       ] GC(67) Pause Young (Allocation Failure)
[21.893s][info][gc,heap        ] GC(67) PSYoungGen: 1388032K(1392640K)->1770K(1393152K) Eden: 1388032K(1388032K)->0K(1388544K) From: 0K(4608K)->1770K(4608K)
[21.893s][info][gc,heap        ] GC(67) ParOldGen: 85001K(2796544K)->85001K(2796544K)
[21.893s][info][gc,metaspace   ] GC(67) Metaspace: 11660K(11904K)->11660K(11904K) NonClass: 10117K(10240K)->10117K(10240K) Class: 1542K(1664K)->1542K(1664K)
[21.893s][info][gc             ] GC(67) Pause Young (Allocation Failure) 1438M->84M(4091M) 0.673ms
[21.893s][info][gc,cpu         ] GC(67) User=0.03s Sys=0.00s Real=0.00s
[22.273s][info][gc,start       ] GC(68) Pause Young (Allocation Failure)
[22.273s][info][gc,heap        ] GC(68) PSYoungGen: 1390314K(1393152K)->850K(1393152K) Eden: 1388544K(1388544K)->0K(1388544K) From: 1770K(4608K)->850K(4608K)
[22.273s][info][gc,heap        ] GC(68) ParOldGen: 85001K(2796544K)->85017K(2796544K)
[22.273s][info][gc,metaspace   ] GC(68) Metaspace: 11660K(11904K)->11660K(11904K) NonClass: 10117K(10240K)->10117K(10240K) Class: 1542K(1664K)->1542K(1664K)
[22.273s][info][gc             ] GC(68) Pause Young (Allocation Failure) 1440M->83M(4091M) 0.420ms
[22.273s][info][gc,cpu         ] GC(68) User=0.00s Sys=0.00s Real=0.00s
[22.655s][info][gc,start       ] GC(69) Pause Young (Allocation Failure)
[22.656s][info][gc,heap        ] GC(69) PSYoungGen: 1389394K(1393152K)->2437K(1392640K) Eden: 1388544K(1388544K)->0K(1388544K) From: 850K(4608K)->2437K(4096K)
[22.656s][info][gc,heap        ] GC(69) ParOldGen: 85017K(2796544K)->85041K(2796544K)
[22.656s][info][gc,metaspace   ] GC(69) Metaspace: 11660K(11904K)->11660K(11904K) NonClass: 10117K(10240K)->10117K(10240K) Class: 1542K(1664K)->1542K(1664K)
[22.656s][info][gc             ] GC(69) Pause Young (Allocation Failure) 1439M->85M(4091M) 0.658ms
[22.656s][info][gc,cpu         ] GC(69) User=0.00s Sys=0.00s Real=0.00s
[23.037s][info][gc,start       ] GC(70) Pause Young (Allocation Failure)
[23.037s][info][gc,heap        ] GC(70) PSYoungGen: 1390981K(1392640K)->1734K(1393152K) Eden: 1388544K(1388544K)->0K(1388544K) From: 2437K(4096K)->1734K(4608K)
[23.037s][info][gc,heap        ] GC(70) ParOldGen: 85041K(2796544K)->85041K(2796544K)
[23.037s][info][gc,metaspace   ] GC(70) Metaspace: 11660K(11904K)->11660K(11904K) NonClass: 10117K(10240K)->10117K(10240K) Class: 1542K(1664K)->1542K(1664K)
[23.037s][info][gc             ] GC(70) Pause Young (Allocation Failure) 1441M->84M(4091M) 0.508ms
[23.037s][info][gc,cpu         ] GC(70) User=0.00s Sys=0.00s Real=0.00s
[23.417s][info][gc,start       ] GC(71) Pause Young (Allocation Failure)
[23.418s][info][gc,heap        ] GC(71) PSYoungGen: 1390278K(1393152K)->754K(1393664K) Eden: 1388544K(1388544K)->0K(1389568K) From: 1734K(4608K)->754K(4096K)
[23.418s][info][gc,heap        ] GC(71) ParOldGen: 85041K(2796544K)->85049K(2796544K)
[23.418s][info][gc,metaspace   ] GC(71) Metaspace: 11660K(11904K)->11660K(11904K) NonClass: 10117K(10240K)->10117K(10240K) Class: 1542K(1664K)->1542K(1664K)
[23.418s][info][gc             ] GC(71) Pause Young (Allocation Failure) 1440M->83M(4092M) 0.386ms
[23.418s][info][gc,cpu         ] GC(71) User=0.00s Sys=0.00s Real=0.00s
[23.800s][info][gc,start       ] GC(72) Pause Young (Allocation Failure)
[23.801s][info][gc,heap        ] GC(72) PSYoungGen: 1390322K(1393664K)->2731K(1392640K) Eden: 1389568K(1389568K)->0K(1389568K) From: 754K(4096K)->2731K(3072K)
[23.801s][info][gc,heap        ] GC(72) ParOldGen: 85049K(2796544K)->85049K(2796544K)
[23.801s][info][gc,metaspace   ] GC(72) Metaspace: 11660K(11904K)->11660K(11904K) NonClass: 10117K(10240K)->10117K(10240K) Class: 1542K(1664K)->1542K(1664K)
[23.801s][info][gc             ] GC(72) Pause Young (Allocation Failure) 1440M->85M(4091M) 0.931ms
[23.801s][info][gc,cpu         ] GC(72) User=0.00s Sys=0.00s Real=0.00s
[24.182s][info][gc,start       ] GC(73) Pause Young (Allocation Failure)
[24.182s][info][gc,heap        ] GC(73) PSYoungGen: 1392299K(1392640K)->1729K(1393664K) Eden: 1389568K(1389568K)->0K(1389056K) From: 2731K(3072K)->1729K(4608K)
[24.182s][info][gc,heap        ] GC(73) ParOldGen: 85049K(2796544K)->85057K(2796544K)
[24.182s][info][gc,metaspace   ] GC(73) Metaspace: 11660K(11904K)->11660K(11904K) NonClass: 10117K(10240K)->10117K(10240K) Class: 1542K(1664K)->1542K(1664K)
[24.182s][info][gc             ] GC(73) Pause Young (Allocation Failure) 1442M->84M(4092M) 0.629ms
[24.182s][info][gc,cpu         ] GC(73) User=0.00s Sys=0.00s Real=0.00s
[24.273s][info][gc,start       ] GC(74) Pause Young (System.gc())
[24.273s][info][gc,heap        ] GC(74) PSYoungGen: 335607K(1393664K)->160K(1393152K) Eden: 333877K(1389056K)->0K(1389056K) From: 1729K(4608K)->160K(4096K)
[24.273s][info][gc,heap        ] GC(74) ParOldGen: 85057K(2796544K)->85057K(2796544K)
[24.273s][info][gc,metaspace   ] GC(74) Metaspace: 11660K(11904K)->11660K(11904K) NonClass: 10117K(10240K)->10117K(10240K) Class: 1542K(1664K)->1542K(1664K)
[24.273s][info][gc             ] GC(74) Pause Young (System.gc()) 410M->83M(4091M) 0.282ms
[24.273s][info][gc,cpu         ] GC(74) User=0.00s Sys=0.00s Real=0.00s
[24.273s][info][gc,start       ] GC(75) Pause Full (System.gc())
[24.273s][info][gc,phases,start] GC(75) Marking Phase
[24.337s][info][gc,phases      ] GC(75) Marking Phase 64.373ms
[24.338s][info][gc,phases,start] GC(75) Summary Phase
[24.338s][info][gc,phases      ] GC(75) Summary Phase 0.010ms
[24.338s][info][gc,phases,start] GC(75) Adjust Roots
[24.338s][info][gc,phases      ] GC(75) Adjust Roots 0.966ms
[24.339s][info][gc,phases,start] GC(75) Compaction Phase
[24.355s][info][gc,phases      ] GC(75) Compaction Phase 16.220ms
[24.355s][info][gc,phases,start] GC(75) Post Compact
[24.356s][info][gc,phases      ] GC(75) Post Compact 0.767ms
[24.356s][info][gc,heap        ] GC(75) PSYoungGen: 160K(1393152K)->0K(1393152K) Eden: 0K(1389056K)->0K(1389056K) From: 160K(4096K)->0K(4096K)
[24.356s][info][gc,heap        ] GC(75) ParOldGen: 85057K(2796544K)->85001K(2796544K)
[24.356s][info][gc,metaspace   ] GC(75) Metaspace: 11660K(11904K)->11660K(11904K) NonClass: 10117K(10240K)->10117K(10240K) Class: 1542K(1664K)->1542K(1664K)
[24.356s][info][gc             ] GC(75) Pause Full (System.gc()) 83M->83M(4091M) 82.680ms
[24.356s][info][gc,cpu         ] GC(75) User=0.45s Sys=0.00s Real=0.08s
[24.740s][info][gc,start       ] GC(76) Pause Young (Allocation Failure)
[24.743s][info][gc,heap        ] GC(76) PSYoungGen: 1389056K(1393152K)->1708K(1393664K) Eden: 1389056K(1389056K)->0K(1389568K) From: 0K(4096K)->1708K(4096K)
[24.743s][info][gc,heap        ] GC(76) ParOldGen: 85001K(2796544K)->85009K(2796544K)
[24.743s][info][gc,metaspace   ] GC(76) Metaspace: 11661K(11904K)->11661K(11904K) NonClass: 10118K(10240K)->10118K(10240K) Class: 1542K(1664K)->1542K(1664K)
[24.743s][info][gc             ] GC(76) Pause Young (Allocation Failure) 1439M->84M(4092M) 2.889ms
[24.743s][info][gc,cpu         ] GC(76) User=0.00s Sys=0.00s Real=0.00s
[25.122s][info][gc,start       ] GC(77) Pause Young (Allocation Failure)
[25.123s][info][gc,heap        ] GC(77) PSYoungGen: 1391276K(1393664K)->601K(1393664K) Eden: 1389568K(1389568K)->0K(1389568K) From: 1708K(4096K)->601K(4096K)
[25.123s][info][gc,heap        ] GC(77) ParOldGen: 85009K(2796544K)->85025K(2796544K)
[25.123s][info][gc,metaspace   ] GC(77) Metaspace: 11661K(11904K)->11661K(11904K) NonClass: 10118K(10240K)->10118K(10240K) Class: 1542K(1664K)->1542K(1664K)
[25.123s][info][gc             ] GC(77) Pause Young (Allocation Failure) 1441M->83M(4092M) 0.424ms
[25.123s][info][gc,cpu         ] GC(77) User=0.00s Sys=0.00s Real=0.00s
[25.499s][info][gc,start       ] GC(78) Pause Young (Allocation Failure)
[25.499s][info][gc,heap        ] GC(78) PSYoungGen: 1390169K(1393664K)->2332K(1393664K) Eden: 1389568K(1389568K)->0K(1389568K) From: 601K(4096K)->2332K(4096K)
[25.500s][info][gc,heap        ] GC(78) ParOldGen: 85025K(2796544K)->85049K(2796544K)
[25.500s][info][gc,metaspace   ] GC(78) Metaspace: 11661K(11904K)->11661K(11904K) NonClass: 10118K(10240K)->10118K(10240K) Class: 1542K(1664K)->1542K(1664K)
[25.500s][info][gc             ] GC(78) Pause Young (Allocation Failure) 1440M->85M(4092M) 0.648ms
[25.500s][info][gc,cpu         ] GC(78) User=0.00s Sys=0.00s Real=0.00s
[25.886s][info][gc,start       ] GC(79) Pause Young (Allocation Failure)
[25.886s][info][gc,heap        ] GC(79) PSYoungGen: 1391900K(1393664K)->1218K(1393664K) Eden: 1389568K(1389568K)->0K(1389568K) From: 2332K(4096K)->1218K(4096K)
[25.886s][info][gc,heap        ] GC(79) ParOldGen: 85049K(2796544K)->85049K(2796544K)
[25.886s][info][gc,metaspace   ] GC(79) Metaspace: 11661K(11904K)->11661K(11904K) NonClass: 10118K(10240K)->10118K(10240K) Class: 1542K(1664K)->1542K(1664K)
[25.886s][info][gc             ] GC(79) Pause Young (Allocation Failure) 1442M->84M(4092M) 0.515ms
[25.886s][info][gc,cpu         ] GC(79) User=0.00s Sys=0.00s Real=0.00s
[26.266s][info][gc,start       ] GC(80) Pause Young (Allocation Failure)
[26.267s][info][gc,heap        ] GC(80) PSYoungGen: 1390786K(1393664K)->512K(1394176K) Eden: 1389568K(1389568K)->0K(1390080K) From: 1218K(4096K)->512K(4096K)
[26.267s][info][gc,heap        ] GC(80) ParOldGen: 85049K(2796544K)->85057K(2796544K)
[26.267s][info][gc,metaspace   ] GC(80) Metaspace: 11661K(11904K)->11661K(11904K) NonClass: 10118K(10240K)->10118K(10240K) Class: 1542K(1664K)->1542K(1664K)
[26.267s][info][gc             ] GC(80) Pause Young (Allocation Failure) 1441M->83M(4092M) 0.380ms
[26.267s][info][gc,cpu         ] GC(80) User=0.00s Sys=0.00s Real=0.00s
[26.647s][info][gc,start       ] GC(81) Pause Young (Allocation Failure)
[26.648s][info][gc,heap        ] GC(81) PSYoungGen: 1390592K(1394176K)->2576K(1393664K) Eden: 1390080K(1390080K)->0K(1390080K) From: 512K(4096K)->2576K(3584K)
[26.648s][info][gc,heap        ] GC(81) ParOldGen: 85057K(2796544K)->85057K(2796544K)
[26.648s][info][gc,metaspace   ] GC(81) Metaspace: 11661K(11904K)->11661K(11904K) NonClass: 10118K(10240K)->10118K(10240K) Class: 1542K(1664K)->1542K(1664K)
[26.648s][info][gc             ] GC(81) Pause Young (Allocation Failure) 1441M->85M(4092M) 0.953ms
[26.648s][info][gc,cpu         ] GC(81) User=0.00s Sys=0.00s Real=0.00s
[27.031s][info][gc,start       ] GC(82) Pause Young (Allocation Failure)
[27.032s][info][gc,heap        ] GC(82) PSYoungGen: 1392656K(1393664K)->1844K(1393664K) Eden: 1390080K(1390080K)->0K(1389568K) From: 2576K(3584K)->1844K(4096K)
[27.032s][info][gc,heap        ] GC(82) ParOldGen: 85057K(2796544K)->85073K(2796544K)
[27.032s][info][gc,metaspace   ] GC(82) Metaspace: 11661K(11904K)->11661K(11904K) NonClass: 10118K(10240K)->10118K(10240K) Class: 1542K(1664K)->1542K(1664K)
[27.032s][info][gc             ] GC(82) Pause Young (Allocation Failure) 1443M->84M(4092M) 0.555ms
[27.032s][info][gc,cpu         ] GC(82) User=0.00s Sys=0.00s Real=0.00s
[27.122s][info][gc,start       ] GC(83) Pause Young (System.gc())
[27.123s][info][gc,heap        ] GC(83) PSYoungGen: 336764K(1393664K)->160K(1393664K) Eden: 334920K(1389568K)->0K(1389568K) From: 1844K(4096K)->160K(4096K)
[27.123s][info][gc,heap        ] GC(83) ParOldGen: 85073K(2796544K)->85073K(2796544K)
[27.123s][info][gc,metaspace   ] GC(83) Metaspace: 11662K(11904K)->11662K(11904K) NonClass: 10119K(10240K)->10119K(10240K) Class: 1542K(1664K)->1542K(1664K)
[27.123s][info][gc             ] GC(83) Pause Young (System.gc()) 411M->83M(4092M) 0.281ms
[27.123s][info][gc,cpu         ] GC(83) User=0.00s Sys=0.00s Real=0.00s
[27.123s][info][gc,start       ] GC(84) Pause Full (System.gc())
[27.123s][info][gc,phases,start] GC(84) Marking Phase
[27.178s][info][gc,phases      ] GC(84) Marking Phase 55.237ms
[27.178s][info][gc,phases,start] GC(84) Summary Phase
[27.178s][info][gc,phases      ] GC(84) Summary Phase 0.010ms
[27.178s][info][gc,phases,start] GC(84) Adjust Roots
[27.179s][info][gc,phases      ] GC(84) Adjust Roots 1.012ms
[27.179s][info][gc,phases,start] GC(84) Compaction Phase
[27.195s][info][gc,phases      ] GC(84) Compaction Phase 15.908ms
[27.195s][info][gc,phases,start] GC(84) Post Compact
[27.196s][info][gc,phases      ] GC(84) Post Compact 0.658ms
[27.196s][info][gc,heap        ] GC(84) PSYoungGen: 160K(1393664K)->0K(1393664K) Eden: 0K(1389568K)->0K(1389568K) From: 160K(4096K)->0K(4096K)
[27.196s][info][gc,heap        ] GC(84) ParOldGen: 85073K(2796544K)->85002K(2796544K)
[27.196s][info][gc,metaspace   ] GC(84) Metaspace: 11662K(11904K)->11662K(11904K) NonClass: 10119K(10240K)->10119K(10240K) Class: 1542K(1664K)->1542K(1664K)
[27.196s][info][gc             ] GC(84) Pause Full (System.gc()) 83M->83M(4092M) 73.089ms
[27.196s][info][gc,cpu         ] GC(84) User=0.39s Sys=0.00s Real=0.07s
[27.578s][info][gc,start       ] GC(85) Pause Young (Allocation Failure)
[27.579s][info][gc,heap        ] GC(85) PSYoungGen: 1389568K(1393664K)->2121K(1393664K) Eden: 1389568K(1389568K)->0K(1389568K) From: 0K(4096K)->2121K(4096K)
[27.579s][info][gc,heap        ] GC(85) ParOldGen: 85002K(2796544K)->85002K(2796544K)
[27.579s][info][gc,metaspace   ] GC(85) Metaspace: 11663K(11904K)->11663K(11904K) NonClass: 10121K(10240K)->10121K(10240K) Class: 1542K(1664K)->1542K(1664K)
[27.579s][info][gc             ] GC(85) Pause Young (Allocation Failure) 1440M->85M(4092M) 0.662ms
[27.579s][info][gc,cpu         ] GC(85) User=0.00s Sys=0.00s Real=0.00s
[27.965s][info][gc,start       ] GC(86) Pause Young (Allocation Failure)
[27.966s][info][gc,heap        ] GC(86) PSYoungGen: 1391689K(1393664K)->1313K(1393664K) Eden: 1389568K(1389568K)->0K(1389568K) From: 2121K(4096K)->1313K(4096K)
[27.966s][info][gc,heap        ] GC(86) ParOldGen: 85002K(2796544K)->85010K(2796544K)
[27.966s][info][gc,metaspace   ] GC(86) Metaspace: 11663K(11904K)->11663K(11904K) NonClass: 10121K(10240K)->10121K(10240K) Class: 1542K(1664K)->1542K(1664K)
[27.966s][info][gc             ] GC(86) Pause Young (Allocation Failure) 1442M->84M(4092M) 0.551ms
[27.966s][info][gc,cpu         ] GC(86) User=0.00s Sys=0.00s Real=0.00s
[28.346s][info][gc,start       ] GC(87) Pause Young (Allocation Failure)
[28.346s][info][gc,heap        ] GC(87) PSYoungGen: 1390881K(1393664K)->192K(1394176K) Eden: 1389568K(1389568K)->0K(1390592K) From: 1313K(4096K)->192K(3584K)
[28.346s][info][gc,heap        ] GC(87) ParOldGen: 85010K(2796544K)->85026K(2796544K)
[28.346s][info][gc,metaspace   ] GC(87) Metaspace: 11663K(11904K)->11663K(11904K) NonClass: 10121K(10240K)->10121K(10240K) Class: 1542K(1664K)->1542K(1664K)
[28.346s][info][gc             ] GC(87) Pause Young (Allocation Failure) 1441M->83M(4092M) 0.316ms
[28.346s][info][gc,cpu         ] GC(87) User=0.02s Sys=0.00s Real=0.00s
[28.729s][info][gc,start       ] GC(88) Pause Young (Allocation Failure)
[28.730s][info][gc,heap        ] GC(88) PSYoungGen: 1390784K(1394176K)->2630K(1393664K) Eden: 1390592K(1390592K)->0K(1390592K) From: 192K(3584K)->2630K(3072K)
[28.730s][info][gc,heap        ] GC(88) ParOldGen: 85026K(2796544K)->85026K(2796544K)
[28.730s][info][gc,metaspace   ] GC(88) Metaspace: 11663K(11904K)->11663K(11904K) NonClass: 10121K(10240K)->10121K(10240K) Class: 1542K(1664K)->1542K(1664K)
[28.730s][info][gc             ] GC(88) Pause Young (Allocation Failure) 1441M->85M(4092M) 0.777ms
[28.730s][info][gc,cpu         ] GC(88) User=0.00s Sys=0.00s Real=0.00s
[29.111s][info][gc,start       ] GC(89) Pause Young (Allocation Failure)
[29.111s][info][gc,heap        ] GC(89) PSYoungGen: 1393222K(1393664K)->1717K(1393664K) Eden: 1390592K(1390592K)->0K(1389568K) From: 2630K(3072K)->1717K(4096K)
[29.111s][info][gc,heap        ] GC(89) ParOldGen: 85026K(2796544K)->85050K(2796544K)
[29.111s][info][gc,metaspace   ] GC(89) Metaspace: 11663K(11904K)->11663K(11904K) NonClass: 10121K(10240K)->10121K(10240K) Class: 1542K(1664K)->1542K(1664K)
[29.111s][info][gc             ] GC(89) Pause Young (Allocation Failure) 1443M->84M(4092M) 0.528ms
[29.111s][info][gc,cpu         ] GC(89) User=0.00s Sys=0.00s Real=0.00s
[29.491s][info][gc,start       ] GC(90) Pause Young (Allocation Failure)
[29.492s][info][gc,heap        ] GC(90) PSYoungGen: 1391285K(1393664K)->658K(1393664K) Eden: 1389568K(1389568K)->0K(1389568K) From: 1717K(4096K)->658K(4096K)
[29.492s][info][gc,heap        ] GC(90) ParOldGen: 85050K(2796544K)->85050K(2796544K)
[29.492s][info][gc,metaspace   ] GC(90) Metaspace: 11663K(11904K)->11663K(11904K) NonClass: 10121K(10240K)->10121K(10240K) Class: 1542K(1664K)->1542K(1664K)
[29.492s][info][gc             ] GC(90) Pause Young (Allocation Failure) 1441M->83M(4092M) 0.396ms
[29.492s][info][gc,cpu         ] GC(90) User=0.00s Sys=0.00s Real=0.00s
[29.873s][info][gc,start       ] GC(91) Pause Young (Allocation Failure)
[29.874s][info][gc,heap        ] GC(91) PSYoungGen: 1390226K(1393664K)->2632K(1393664K) Eden: 1389568K(1389568K)->0K(1389568K) From: 658K(4096K)->2632K(4096K)
[29.874s][info][gc,heap        ] GC(91) ParOldGen: 85050K(2796544K)->85074K(2796544K)
[29.874s][info][gc,metaspace   ] GC(91) Metaspace: 11663K(11904K)->11663K(11904K) NonClass: 10121K(10240K)->10121K(10240K) Class: 1542K(1664K)->1542K(1664K)
[29.874s][info][gc             ] GC(91) Pause Young (Allocation Failure) 1440M->85M(4092M) 0.821ms
[29.874s][info][gc,cpu         ] GC(91) User=0.00s Sys=0.00s Real=0.00s
[29.962s][info][gc,start       ] GC(92) Pause Young (System.gc())
[29.962s][info][gc,heap        ] GC(92) PSYoungGen: 326755K(1393664K)->160K(1393664K) Eden: 324123K(1389568K)->0K(1389568K) From: 2632K(4096K)->160K(4096K)
[29.962s][info][gc,heap        ] GC(92) ParOldGen: 85074K(2796544K)->85074K(2796544K)
[29.962s][info][gc,metaspace   ] GC(92) Metaspace: 11663K(11904K)->11663K(11904K) NonClass: 10121K(10240K)->10121K(10240K) Class: 1542K(1664K)->1542K(1664K)
[29.962s][info][gc             ] GC(92) Pause Young (System.gc()) 402M->83M(4092M) 0.275ms
[29.962s][info][gc,cpu         ] GC(92) User=0.00s Sys=0.00s Real=0.00s
[29.962s][info][gc,start       ] GC(93) Pause Full (System.gc())
[29.962s][info][gc,phases,start] GC(93) Marking Phase
[30.004s][info][gc,phases      ] GC(93) Marking Phase 41.301ms
[30.004s][info][gc,phases,start] GC(93) Summary Phase
[30.004s][info][gc,phases      ] GC(93) Summary Phase 0.009ms
[30.004s][info][gc,phases,start] GC(93) Adjust Roots
[30.005s][info][gc,phases      ] GC(93) Adjust Roots 0.918ms
[30.005s][info][gc,phases,start] GC(93) Compaction Phase
[30.021s][info][gc,phases      ] GC(93) Compaction Phase 16.332ms
[30.021s][info][gc,phases,start] GC(93) Post Compact
[30.022s][info][gc,phases      ] GC(93) Post Compact 0.797ms
[30.022s][info][gc,heap        ] GC(93) PSYoungGen: 160K(1393664K)->0K(1393664K) Eden: 0K(1389568K)->0K(1389568K) From: 160K(4096K)->0K(4096K)
[30.022s][info][gc,heap        ] GC(93) ParOldGen: 85074K(2796544K)->85001K(2796544K)
[30.022s][info][gc,metaspace   ] GC(93) Metaspace: 11663K(11904K)->11663K(11904K) NonClass: 10121K(10240K)->10121K(10240K) Class: 1542K(1664K)->1542K(1664K)
[30.022s][info][gc             ] GC(93) Pause Full (System.gc()) 83M->83M(4092M) 59.644ms
[30.022s][info][gc,cpu         ] GC(93) User=0.23s Sys=0.00s Real=0.06s
[30.402s][info][gc,start       ] GC(94) Pause Young (Allocation Failure)
[30.403s][info][gc,heap        ] GC(94) PSYoungGen: 1389568K(1393664K)->1976K(1393664K) Eden: 1389568K(1389568K)->0K(1389568K) From: 0K(4096K)->1976K(4096K)
[30.403s][info][gc,heap        ] GC(94) ParOldGen: 85001K(2796544K)->85001K(2796544K)
[30.403s][info][gc,metaspace   ] GC(94) Metaspace: 11664K(11904K)->11664K(11904K) NonClass: 10122K(10240K)->10122K(10240K) Class: 1542K(1664K)->1542K(1664K)
[30.403s][info][gc             ] GC(94) Pause Young (Allocation Failure) 1440M->84M(4092M) 0.668ms
[30.403s][info][gc,cpu         ] GC(94) User=0.00s Sys=0.00s Real=0.00s
[30.788s][info][gc,start       ] GC(95) Pause Young (Allocation Failure)
[30.789s][info][gc,heap        ] GC(95) PSYoungGen: 1391544K(1393664K)->913K(1393664K) Eden: 1389568K(1389568K)->0K(1389568K) From: 1976K(4096K)->913K(4096K)
[30.789s][info][gc,heap        ] GC(95) ParOldGen: 85001K(2796544K)->85017K(2796544K)
[30.789s][info][gc,metaspace   ] GC(95) Metaspace: 11664K(11904K)->11664K(11904K) NonClass: 10122K(10240K)->10122K(10240K) Class: 1542K(1664K)->1542K(1664K)
[30.789s][info][gc             ] GC(95) Pause Young (Allocation Failure) 1441M->83M(4092M) 0.541ms
[30.789s][info][gc,cpu         ] GC(95) User=0.00s Sys=0.00s Real=0.00s
[31.171s][info][gc,start       ] GC(96) Pause Young (Allocation Failure)
[31.171s][info][gc,heap        ] GC(96) PSYoungGen: 1390481K(1393664K)->192K(1393664K) Eden: 1389568K(1389568K)->0K(1389568K) From: 913K(4096K)->192K(4096K)
[31.171s][info][gc,heap        ] GC(96) ParOldGen: 85017K(2796544K)->85041K(2796544K)
[31.171s][info][gc,metaspace   ] GC(96) Metaspace: 11664K(11904K)->11664K(11904K) NonClass: 10122K(10240K)->10122K(10240K) Class: 1542K(1664K)->1542K(1664K)
[31.171s][info][gc             ] GC(96) Pause Young (Allocation Failure) 1440M->83M(4092M) 0.347ms
[31.171s][info][gc,cpu         ] GC(96) User=0.00s Sys=0.00s Real=0.00s
[31.548s][info][gc,start       ] GC(97) Pause Young (Allocation Failure)
[31.549s][info][gc,heap        ] GC(97) PSYoungGen: 1389760K(1393664K)->2539K(1393664K) Eden: 1389568K(1389568K)->0K(1389568K) From: 192K(4096K)->2539K(4096K)
[31.549s][info][gc,heap        ] GC(97) ParOldGen: 85041K(2796544K)->85041K(2796544K)
[31.549s][info][gc,metaspace   ] GC(97) Metaspace: 11664K(11904K)->11664K(11904K) NonClass: 10122K(10240K)->10122K(10240K) Class: 1542K(1664K)->1542K(1664K)
[31.549s][info][gc             ] GC(97) Pause Young (Allocation Failure) 1440M->85M(4092M) 0.631ms
[31.549s][info][gc,cpu         ] GC(97) User=0.00s Sys=0.00s Real=0.00s
[31.935s][info][gc,start       ] GC(98) Pause Young (Allocation Failure)
[31.935s][info][gc,heap        ] GC(98) PSYoungGen: 1392107K(1393664K)->1662K(1393664K) Eden: 1389568K(1389568K)->0K(1389568K) From: 2539K(4096K)->1662K(4096K)
[31.935s][info][gc,heap        ] GC(98) ParOldGen: 85041K(2796544K)->85049K(2796544K)
[31.935s][info][gc,metaspace   ] GC(98) Metaspace: 11664K(11904K)->11664K(11904K) NonClass: 10122K(10240K)->10122K(10240K) Class: 1542K(1664K)->1542K(1664K)
[31.935s][info][gc             ] GC(98) Pause Young (Allocation Failure) 1442M->84M(4092M) 0.559ms
[31.935s][info][gc,cpu         ] GC(98) User=0.00s Sys=0.00s Real=0.00s
[32.314s][info][gc,start       ] GC(99) Pause Young (Allocation Failure)
[32.315s][info][gc,heap        ] GC(99) PSYoungGen: 1391230K(1393664K)->352K(1393664K) Eden: 1389568K(1389568K)->0K(1389568K) From: 1662K(4096K)->352K(4096K)
[32.315s][info][gc,heap        ] GC(99) ParOldGen: 85049K(2796544K)->85049K(2796544K)
[32.315s][info][gc,metaspace   ] GC(99) Metaspace: 11664K(11904K)->11664K(11904K) NonClass: 10122K(10240K)->10122K(10240K) Class: 1542K(1664K)->1542K(1664K)
[32.315s][info][gc             ] GC(99) Pause Young (Allocation Failure) 1441M->83M(4092M) 0.351ms
[32.315s][info][gc,cpu         ] GC(99) User=0.00s Sys=0.00s Real=0.00s
[32.696s][info][gc,start       ] GC(100) Pause Young (Allocation Failure)
[32.697s][info][gc,heap        ] GC(100) PSYoungGen: 1389920K(1393664K)->2458K(1393664K) Eden: 1389568K(1389568K)->0K(1389568K) From: 352K(4096K)->2458K(4096K)
[32.697s][info][gc,heap        ] GC(100) ParOldGen: 85049K(2796544K)->85065K(2796544K)
[32.697s][info][gc,metaspace   ] GC(100) Metaspace: 11664K(11904K)->11664K(11904K) NonClass: 10122K(10240K)->10122K(10240K) Class: 1542K(1664K)->1542K(1664K)
[32.697s][info][gc             ] GC(100) Pause Young (Allocation Failure) 1440M->85M(4092M) 0.667ms
[32.697s][info][gc,cpu         ] GC(100) User=0.00s Sys=0.00s Real=0.00s
[32.787s][info][gc,start       ] GC(101) Pause Young (System.gc())
[32.787s][info][gc,heap        ] GC(101) PSYoungGen: 328397K(1393664K)->160K(1393664K) Eden: 325938K(1389568K)->0K(1389568K) From: 2458K(4096K)->160K(4096K)
[32.787s][info][gc,heap        ] GC(101) ParOldGen: 85065K(2796544K)->85065K(2796544K)
[32.788s][info][gc,metaspace   ] GC(101) Metaspace: 11664K(11904K)->11664K(11904K) NonClass: 10122K(10240K)->10122K(10240K) Class: 1542K(1664K)->1542K(1664K)
[32.788s][info][gc             ] GC(101) Pause Young (System.gc()) 403M->83M(4092M) 0.286ms
[32.788s][info][gc,cpu         ] GC(101) User=0.00s Sys=0.00s Real=0.00s
[32.788s][info][gc,start       ] GC(102) Pause Full (System.gc())
[32.788s][info][gc,phases,start] GC(102) Marking Phase
[32.862s][info][gc,phases      ] GC(102) Marking Phase 74.249ms
[32.862s][info][gc,phases,start] GC(102) Summary Phase
[32.862s][info][gc,phases      ] GC(102) Summary Phase 0.011ms
[32.862s][info][gc,phases,start] GC(102) Adjust Roots
[32.863s][info][gc,phases      ] GC(102) Adjust Roots 1.183ms
[32.863s][info][gc,phases,start] GC(102) Compaction Phase
[32.879s][info][gc,phases      ] GC(102) Compaction Phase 15.586ms
[32.879s][info][gc,phases,start] GC(102) Post Compact
[32.880s][info][gc,phases      ] GC(102) Post Compact 0.822ms
[32.880s][info][gc,heap        ] GC(102) PSYoungGen: 160K(1393664K)->0K(1393664K) Eden: 0K(1389568K)->0K(1389568K) From: 160K(4096K)->0K(4096K)
[32.880s][info][gc,heap        ] GC(102) ParOldGen: 85065K(2796544K)->85004K(2796544K)
[32.880s][info][gc,metaspace   ] GC(102) Metaspace: 11664K(11904K)->11664K(11904K) NonClass: 10122K(10240K)->10122K(10240K) Class: 1542K(1664K)->1542K(1664K)
[32.880s][info][gc             ] GC(102) Pause Full (System.gc()) 83M->83M(4092M) 92.221ms
[32.880s][info][gc,cpu         ] GC(102) User=0.36s Sys=0.00s Real=0.09s
[33.261s][info][gc,start       ] GC(103) Pause Young (Allocation Failure)
[33.262s][info][gc,heap        ] GC(103) PSYoungGen: 1389568K(1393664K)->2082K(1393664K) Eden: 1389568K(1389568K)->0K(1389568K) From: 0K(4096K)->2082K(4096K)
[33.262s][info][gc,heap        ] GC(103) ParOldGen: 85004K(2796544K)->85004K(2796544K)
[33.262s][info][gc,metaspace   ] GC(103) Metaspace: 11665K(11904K)->11665K(11904K) NonClass: 10123K(10240K)->10123K(10240K) Class: 1542K(1664K)->1542K(1664K)
[33.262s][info][gc             ] GC(103) Pause Young (Allocation Failure) 1440M->85M(4092M) 0.680ms
[33.262s][info][gc,cpu         ] GC(103) User=0.00s Sys=0.00s Real=0.00s
[33.645s][info][gc,start       ] GC(104) Pause Young (Allocation Failure)
[33.645s][info][gc,heap        ] GC(104) PSYoungGen: 1391650K(1393664K)->872K(1393664K) Eden: 1389568K(1389568K)->0K(1389568K) From: 2082K(4096K)->872K(4096K)
[33.645s][info][gc,heap        ] GC(104) ParOldGen: 85004K(2796544K)->85012K(2796544K)
[33.645s][info][gc,metaspace   ] GC(104) Metaspace: 11665K(11904K)->11665K(11904K) NonClass: 10123K(10240K)->10123K(10240K) Class: 1542K(1664K)->1542K(1664K)
[33.645s][info][gc             ] GC(104) Pause Young (Allocation Failure) 1442M->83M(4092M) 0.458ms
[33.645s][info][gc,cpu         ] GC(104) User=0.00s Sys=0.00s Real=0.00s
[34.022s][info][gc,start       ] GC(105) Pause Young (Allocation Failure)
[34.023s][info][gc,heap        ] GC(105) PSYoungGen: 1390440K(1393664K)->3071K(1392640K) Eden: 1389568K(1389568K)->0K(1388544K) From: 872K(4096K)->3071K(4096K)
[34.023s][info][gc,heap        ] GC(105) ParOldGen: 85012K(2796544K)->85036K(2796544K)
[34.023s][info][gc,metaspace   ] GC(105) Metaspace: 11665K(11904K)->11665K(11904K) NonClass: 10123K(10240K)->10123K(10240K) Class: 1542K(1664K)->1542K(1664K)
[34.023s][info][gc             ] GC(105) Pause Young (Allocation Failure) 1440M->86M(4091M) 1.123ms
[34.023s][info][gc,cpu         ] GC(105) User=0.00s Sys=0.00s Real=0.00s
[34.404s][info][gc,start       ] GC(106) Pause Young (Allocation Failure)
[34.405s][info][gc,heap        ] GC(106) PSYoungGen: 1391615K(1392640K)->1703K(1393152K) Eden: 1388544K(1388544K)->0K(1388544K) From: 3071K(4096K)->1703K(4608K)
[34.405s][info][gc,heap        ] GC(106) ParOldGen: 85036K(2796544K)->85036K(2796544K)
[34.405s][info][gc,metaspace   ] GC(106) Metaspace: 11665K(11904K)->11665K(11904K) NonClass: 10123K(10240K)->10123K(10240K) Class: 1542K(1664K)->1542K(1664K)
[34.405s][info][gc             ] GC(106) Pause Young (Allocation Failure) 1442M->84M(4091M) 0.610ms
[34.405s][info][gc,cpu         ] GC(106) User=0.00s Sys=0.00s Real=0.00s
[34.787s][info][gc,start       ] GC(107) Pause Young (Allocation Failure)
[34.787s][info][gc,heap        ] GC(107) PSYoungGen: 1390247K(1393152K)->512K(1393664K) Eden: 1388544K(1388544K)->0K(1389568K) From: 1703K(4608K)->512K(4096K)
[34.787s][info][gc,heap        ] GC(107) ParOldGen: 85036K(2796544K)->85052K(2796544K)
[34.787s][info][gc,metaspace   ] GC(107) Metaspace: 11665K(11904K)->11665K(11904K) NonClass: 10123K(10240K)->10123K(10240K) Class: 1542K(1664K)->1542K(1664K)
[34.787s][info][gc             ] GC(107) Pause Young (Allocation Failure) 1440M->83M(4092M) 0.375ms
[34.787s][info][gc,cpu         ] GC(107) User=0.00s Sys=0.00s Real=0.00s
[35.165s][info][gc,start       ] GC(108) Pause Young (Allocation Failure)
[35.166s][info][gc,heap        ] GC(108) PSYoungGen: 1390080K(1393664K)->2635K(1393664K) Eden: 1389568K(1389568K)->0K(1389568K) From: 512K(4096K)->2635K(4096K)
[35.166s][info][gc,heap        ] GC(108) ParOldGen: 85052K(2796544K)->85052K(2796544K)
[35.166s][info][gc,metaspace   ] GC(108) Metaspace: 11665K(11904K)->11665K(11904K) NonClass: 10123K(10240K)->10123K(10240K) Class: 1542K(1664K)->1542K(1664K)
[35.166s][info][gc             ] GC(108) Pause Young (Allocation Failure) 1440M->85M(4092M) 0.727ms
[35.166s][info][gc,cpu         ] GC(108) User=0.00s Sys=0.00s Real=0.00s
[35.547s][info][gc,start       ] GC(109) Pause Young (Allocation Failure)
[35.548s][info][gc,heap        ] GC(109) PSYoungGen: 1392203K(1393664K)->2190K(1393664K) Eden: 1389568K(1389568K)->0K(1389568K) From: 2635K(4096K)->2190K(4096K)
[35.548s][info][gc,heap        ] GC(109) ParOldGen: 85052K(2796544K)->85068K(2796544K)
[35.548s][info][gc,metaspace   ] GC(109) Metaspace: 11665K(11904K)->11665K(11904K) NonClass: 10123K(10240K)->10123K(10240K) Class: 1542K(1664K)->1542K(1664K)
[35.548s][info][gc             ] GC(109) Pause Young (Allocation Failure) 1442M->85M(4092M) 0.696ms
[35.548s][info][gc,cpu         ] GC(109) User=0.00s Sys=0.00s Real=0.00s
[35.640s][info][gc,start       ] GC(110) Pause Young (System.gc())
[35.640s][info][gc,heap        ] GC(110) PSYoungGen: 340039K(1393664K)->96K(1393664K) Eden: 337848K(1389568K)->0K(1389568K) From: 2190K(4096K)->96K(4096K)
[35.640s][info][gc,heap        ] GC(110) ParOldGen: 85068K(2796544K)->85068K(2796544K)
[35.640s][info][gc,metaspace   ] GC(110) Metaspace: 11667K(11904K)->11667K(11904K) NonClass: 10124K(10240K)->10124K(10240K) Class: 1542K(1664K)->1542K(1664K)
[35.640s][info][gc             ] GC(110) Pause Young (System.gc()) 415M->83M(4092M) 0.484ms
[35.640s][info][gc,cpu         ] GC(110) User=0.00s Sys=0.00s Real=0.00s
[35.640s][info][gc,start       ] GC(111) Pause Full (System.gc())
[35.640s][info][gc,phases,start] GC(111) Marking Phase
[35.682s][info][gc,phases      ] GC(111) Marking Phase 41.927ms
[35.683s][info][gc,phases,start] GC(111) Summary Phase
[35.683s][info][gc,phases      ] GC(111) Summary Phase 0.033ms
[35.683s][info][gc,phases,start] GC(111) Adjust Roots
[35.684s][info][gc,phases      ] GC(111) Adjust Roots 1.048ms
[35.684s][info][gc,phases,start] GC(111) Compaction Phase
[35.700s][info][gc,phases      ] GC(111) Compaction Phase 15.634ms
[35.700s][info][gc,phases,start] GC(111) Post Compact
[35.701s][info][gc,phases      ] GC(111) Post Compact 0.854ms
[35.701s][info][gc,heap        ] GC(111) PSYoungGen: 96K(1393664K)->0K(1393664K) Eden: 0K(1389568K)->0K(1389568K) From: 96K(4096K)->0K(4096K)
[35.701s][info][gc,heap        ] GC(111) ParOldGen: 85068K(2796544K)->85004K(2796544K)
[35.701s][info][gc,metaspace   ] GC(111) Metaspace: 11667K(11904K)->11667K(11904K) NonClass: 10124K(10240K)->10124K(10240K) Class: 1542K(1664K)->1542K(1664K)
[35.701s][info][gc             ] GC(111) Pause Full (System.gc()) 83M->83M(4092M) 60.685ms
[35.701s][info][gc,cpu         ] GC(111) User=0.33s Sys=0.00s Real=0.06s
[36.080s][info][gc,start       ] GC(112) Pause Young (Allocation Failure)
[36.081s][info][gc,heap        ] GC(112) PSYoungGen: 1389568K(1393664K)->2301K(1392640K) Eden: 1389568K(1389568K)->0K(1388544K) From: 0K(4096K)->2301K(4096K)
[36.081s][info][gc,heap        ] GC(112) ParOldGen: 85004K(2796544K)->85004K(2796544K)
[36.081s][info][gc,metaspace   ] GC(112) Metaspace: 11667K(11904K)->11667K(11904K) NonClass: 10124K(10240K)->10124K(10240K) Class: 1542K(1664K)->1542K(1664K)
[36.081s][info][gc             ] GC(112) Pause Young (Allocation Failure) 1440M->85M(4091M) 0.549ms
[36.081s][info][gc,cpu         ] GC(112) User=0.02s Sys=0.00s Real=0.00s
[36.461s][info][gc,start       ] GC(113) Pause Young (Allocation Failure)
[36.462s][info][gc,heap        ] GC(113) PSYoungGen: 1390845K(1392640K)->898K(1393152K) Eden: 1388544K(1388544K)->0K(1388544K) From: 2301K(4096K)->898K(4608K)
[36.462s][info][gc,heap        ] GC(113) ParOldGen: 85004K(2796544K)->85012K(2796544K)
[36.462s][info][gc,metaspace   ] GC(113) Metaspace: 11667K(11904K)->11667K(11904K) NonClass: 10124K(10240K)->10124K(10240K) Class: 1542K(1664K)->1542K(1664K)
[36.462s][info][gc             ] GC(113) Pause Young (Allocation Failure) 1441M->83M(4091M) 0.524ms
[36.462s][info][gc,cpu         ] GC(113) User=0.00s Sys=0.00s Real=0.00s
[36.842s][info][gc,start       ] GC(114) Pause Young (Allocation Failure)
[36.843s][info][gc,heap        ] GC(114) PSYoungGen: 1389442K(1393152K)->2343K(1393664K) Eden: 1388544K(1388544K)->0K(1389568K) From: 898K(4608K)->2343K(4096K)
[36.843s][info][gc,heap        ] GC(114) ParOldGen: 85012K(2796544K)->85044K(2796544K)
[36.843s][info][gc,metaspace   ] GC(114) Metaspace: 11667K(11904K)->11667K(11904K) NonClass: 10124K(10240K)->10124K(10240K) Class: 1542K(1664K)->1542K(1664K)
[36.843s][info][gc             ] GC(114) Pause Young (Allocation Failure) 1439M->85M(4092M) 1.016ms
[36.843s][info][gc,cpu         ] GC(114) User=0.00s Sys=0.00s Real=0.00s
[37.224s][info][gc,start       ] GC(115) Pause Young (Allocation Failure)
[37.225s][info][gc,heap        ] GC(115) PSYoungGen: 1391911K(1393664K)->1778K(1393664K) Eden: 1389568K(1389568K)->0K(1389568K) From: 2343K(4096K)->1778K(4096K)
[37.225s][info][gc,heap        ] GC(115) ParOldGen: 85044K(2796544K)->85044K(2796544K)
[37.225s][info][gc,metaspace   ] GC(115) Metaspace: 11667K(11904K)->11667K(11904K) NonClass: 10124K(10240K)->10124K(10240K) Class: 1542K(1664K)->1542K(1664K)
[37.225s][info][gc             ] GC(115) Pause Young (Allocation Failure) 1442M->84M(4092M) 0.575ms
[37.225s][info][gc,cpu         ] GC(115) User=0.00s Sys=0.00s Real=0.00s
[37.605s][info][gc,start       ] GC(116) Pause Young (Allocation Failure)
[37.606s][info][gc,heap        ] GC(116) PSYoungGen: 1391346K(1393664K)->928K(1393664K) Eden: 1389568K(1389568K)->0K(1389568K) From: 1778K(4096K)->928K(4096K)
[37.606s][info][gc,heap        ] GC(116) ParOldGen: 85044K(2796544K)->85060K(2796544K)
[37.606s][info][gc,metaspace   ] GC(116) Metaspace: 11667K(11904K)->11667K(11904K) NonClass: 10124K(10240K)->10124K(10240K) Class: 1542K(1664K)->1542K(1664K)
[37.606s][info][gc             ] GC(116) Pause Young (Allocation Failure) 1441M->83M(4092M) 0.479ms
[37.606s][info][gc,cpu         ] GC(116) User=0.00s Sys=0.00s Real=0.00s
[37.986s][info][gc,start       ] GC(117) Pause Young (Allocation Failure)
[37.987s][info][gc,heap        ] GC(117) PSYoungGen: 1390220K(1393664K)->3315K(1393152K) Eden: 1389291K(1389568K)->0K(1389568K) From: 928K(4096K)->3315K(3584K)
[37.987s][info][gc,heap        ] GC(117) ParOldGen: 85060K(2796544K)->85060K(2796544K)
[37.987s][info][gc,metaspace   ] GC(117) Metaspace: 11668K(11904K)->11668K(11904K) NonClass: 10126K(10240K)->10126K(10240K) Class: 1542K(1664K)->1542K(1664K)
[37.988s][info][gc             ] GC(117) Pause Young (Allocation Failure) 1440M->86M(4091M) 1.076ms
[37.988s][info][gc,cpu         ] GC(117) User=0.09s Sys=0.00s Real=0.00s
[38.367s][info][gc,start       ] GC(118) Pause Young (Allocation Failure)
[38.368s][info][gc,heap        ] GC(118) PSYoungGen: 1392883K(1393152K)->1685K(1393664K) Eden: 1389568K(1389568K)->0K(1389056K) From: 3315K(3584K)->1685K(4608K)
[38.368s][info][gc,heap        ] GC(118) ParOldGen: 85060K(2796544K)->85084K(2796544K)
[38.368s][info][gc,metaspace   ] GC(118) Metaspace: 11668K(11904K)->11668K(11904K) NonClass: 10126K(10240K)->10126K(10240K) Class: 1542K(1664K)->1542K(1664K)
[38.368s][info][gc             ] GC(118) Pause Young (Allocation Failure) 1443M->84M(4092M) 0.742ms
[38.368s][info][gc,cpu         ] GC(118) User=0.00s Sys=0.00s Real=0.00s
[38.459s][info][gc,start       ] GC(119) Pause Young (System.gc())
[38.459s][info][gc,heap        ] GC(119) PSYoungGen: 330625K(1393664K)->160K(1393152K) Eden: 328940K(1389056K)->0K(1389056K) From: 1685K(4608K)->160K(4096K)
[38.459s][info][gc,heap        ] GC(119) ParOldGen: 85084K(2796544K)->85084K(2796544K)
[38.459s][info][gc,metaspace   ] GC(119) Metaspace: 11670K(11904K)->11670K(11904K) NonClass: 10128K(10240K)->10128K(10240K) Class: 1542K(1664K)->1542K(1664K)
[38.459s][info][gc             ] GC(119) Pause Young (System.gc()) 405M->83M(4091M) 0.294ms
[38.459s][info][gc,cpu         ] GC(119) User=0.00s Sys=0.00s Real=0.00s
[38.459s][info][gc,start       ] GC(120) Pause Full (System.gc())
[38.459s][info][gc,phases,start] GC(120) Marking Phase
[38.545s][info][gc,phases      ] GC(120) Marking Phase 85.860ms
[38.545s][info][gc,phases,start] GC(120) Summary Phase
[38.545s][info][gc,phases      ] GC(120) Summary Phase 0.011ms
[38.545s][info][gc,phases,start] GC(120) Adjust Roots
[38.546s][info][gc,phases      ] GC(120) Adjust Roots 1.024ms
[38.546s][info][gc,phases,start] GC(120) Compaction Phase
[38.562s][info][gc,phases      ] GC(120) Compaction Phase 15.920ms
[38.562s][info][gc,phases,start] GC(120) Post Compact
[38.563s][info][gc,phases      ] GC(120) Post Compact 0.779ms
[38.563s][info][gc,heap        ] GC(120) PSYoungGen: 160K(1393152K)->0K(1393152K) Eden: 0K(1389056K)->0K(1389056K) From: 160K(4096K)->0K(4096K)
[38.563s][info][gc,heap        ] GC(120) ParOldGen: 85084K(2796544K)->85003K(2796544K)
[38.563s][info][gc,metaspace   ] GC(120) Metaspace: 11670K(11904K)->11670K(11904K) NonClass: 10128K(10240K)->10128K(10240K) Class: 1542K(1664K)->1542K(1664K)
[38.563s][info][gc             ] GC(120) Pause Full (System.gc()) 83M->83M(4091M) 103.855ms
[38.563s][info][gc,cpu         ] GC(120) User=0.55s Sys=0.00s Real=0.10s
[38.946s][info][gc,start       ] GC(121) Pause Young (Allocation Failure)
[38.946s][info][gc,heap        ] GC(121) PSYoungGen: 1389056K(1393152K)->2148K(1393664K) Eden: 1389056K(1389056K)->0K(1389568K) From: 0K(4096K)->2148K(4096K)
[38.946s][info][gc,heap        ] GC(121) ParOldGen: 85003K(2796544K)->85003K(2796544K)
[38.946s][info][gc,metaspace   ] GC(121) Metaspace: 11683K(11904K)->11683K(11904K) NonClass: 10141K(10240K)->10141K(10240K) Class: 1542K(1664K)->1542K(1664K)
[38.946s][info][gc             ] GC(121) Pause Young (Allocation Failure) 1439M->85M(4092M) 0.663ms
[38.946s][info][gc,cpu         ] GC(121) User=0.00s Sys=0.00s Real=0.00s
[39.328s][info][gc,start       ] GC(122) Pause Young (Allocation Failure)
[39.328s][info][gc,heap        ] GC(122) PSYoungGen: 1391716K(1393664K)->1417K(1393664K) Eden: 1389568K(1389568K)->0K(1389568K) From: 2148K(4096K)->1417K(4096K)
[39.328s][info][gc,heap        ] GC(122) ParOldGen: 85003K(2796544K)->85011K(2796544K)
[39.328s][info][gc,metaspace   ] GC(122) Metaspace: 11683K(11904K)->11683K(11904K) NonClass: 10141K(10240K)->10141K(10240K) Class: 1542K(1664K)->1542K(1664K)
[39.328s][info][gc             ] GC(122) Pause Young (Allocation Failure) 1442M->84M(4092M) 0.492ms
[39.328s][info][gc,cpu         ] GC(122) User=0.00s Sys=0.00s Real=0.00s
[39.714s][info][gc,start       ] GC(123) Pause Young (Allocation Failure)
[39.714s][info][gc,heap        ] GC(123) PSYoungGen: 1390985K(1393664K)->224K(1393664K) Eden: 1389568K(1389568K)->0K(1389568K) From: 1417K(4096K)->224K(4096K)
[39.714s][info][gc,heap        ] GC(123) ParOldGen: 85011K(2796544K)->85019K(2796544K)
[39.714s][info][gc,metaspace   ] GC(123) Metaspace: 11683K(11904K)->11683K(11904K) NonClass: 10141K(10240K)->10141K(10240K) Class: 1542K(1664K)->1542K(1664K)
[39.714s][info][gc             ] GC(123) Pause Young (Allocation Failure) 1441M->83M(4092M) 0.322ms
[39.714s][info][gc,cpu         ] GC(123) User=0.00s Sys=0.00s Real=0.00s
[40.090s][info][gc,start       ] GC(124) Pause Young (Allocation Failure)
[40.090s][info][gc,heap        ] GC(124) PSYoungGen: 1389792K(1393664K)->2039K(1393664K) Eden: 1389568K(1389568K)->0K(1389568K) From: 224K(4096K)->2039K(4096K)
[40.090s][info][gc,heap        ] GC(124) ParOldGen: 85019K(2796544K)->85019K(2796544K)
[40.090s][info][gc,metaspace   ] GC(124) Metaspace: 11683K(11904K)->11683K(11904K) NonClass: 10141K(10240K)->10141K(10240K) Class: 1542K(1664K)->1542K(1664K)
[40.090s][info][gc             ] GC(124) Pause Young (Allocation Failure) 1440M->85M(4092M) 0.573ms
[40.090s][info][gc,cpu         ] GC(124) User=0.00s Sys=0.00s Real=0.00s
[40.482s][info][gc,start       ] GC(125) Pause Young (Allocation Failure)
[40.483s][info][gc,heap        ] GC(125) PSYoungGen: 1391607K(1393664K)->861K(1393664K) Eden: 1389568K(1389568K)->0K(1389568K) From: 2039K(4096K)->861K(4096K)
[40.483s][info][gc,heap        ] GC(125) ParOldGen: 85019K(2796544K)->85035K(2796544K)
[40.483s][info][gc,metaspace   ] GC(125) Metaspace: 11683K(11904K)->11683K(11904K) NonClass: 10141K(10240K)->10141K(10240K) Class: 1542K(1664K)->1542K(1664K)
[40.483s][info][gc             ] GC(125) Pause Young (Allocation Failure) 1442M->83M(4092M) 0.483ms
[40.483s][info][gc,cpu         ] GC(125) User=0.00s Sys=0.00s Real=0.00s
[40.864s][info][gc,start       ] GC(126) Pause Young (Allocation Failure)
[40.865s][info][gc,heap        ] GC(126) PSYoungGen: 1390429K(1393664K)->2781K(1393664K) Eden: 1389568K(1389568K)->0K(1389568K) From: 861K(4096K)->2781K(4096K)
[40.865s][info][gc,heap        ] GC(126) ParOldGen: 85035K(2796544K)->85035K(2796544K)
[40.865s][info][gc,metaspace   ] GC(126) Metaspace: 11683K(11904K)->11683K(11904K) NonClass: 10141K(10240K)->10141K(10240K) Class: 1542K(1664K)->1542K(1664K)
[40.865s][info][gc             ] GC(126) Pause Young (Allocation Failure) 1440M->85M(4092M) 1.119ms
[40.865s][info][gc,cpu         ] GC(126) User=0.00s Sys=0.00s Real=0.00s
[41.247s][info][gc,start       ] GC(127) Pause Young (Allocation Failure)
[41.247s][info][gc,heap        ] GC(127) PSYoungGen: 1392349K(1393664K)->1630K(1393664K) Eden: 1389568K(1389568K)->0K(1389568K) From: 2781K(4096K)->1630K(4096K)
[41.247s][info][gc,heap        ] GC(127) ParOldGen: 85035K(2796544K)->85051K(2796544K)
[41.247s][info][gc,metaspace   ] GC(127) Metaspace: 11683K(11904K)->11683K(11904K) NonClass: 10141K(10240K)->10141K(10240K) Class: 1542K(1664K)->1542K(1664K)
[41.247s][info][gc             ] GC(127) Pause Young (Allocation Failure) 1442M->84M(4092M) 0.676ms
[41.247s][info][gc,cpu         ] GC(127) User=0.00s Sys=0.00s Real=0.00s
[41.339s][info][gc,start       ] GC(128) Pause Young (System.gc())
[41.340s][info][gc,heap        ] GC(128) PSYoungGen: 335666K(1393664K)->160K(1393664K) Eden: 334036K(1389568K)->0K(1389568K) From: 1630K(4096K)->160K(4096K)
[41.340s][info][gc,heap        ] GC(128) ParOldGen: 85051K(2796544K)->85051K(2796544K)
[41.340s][info][gc,metaspace   ] GC(128) Metaspace: 11684K(11904K)->11684K(11904K) NonClass: 10142K(10240K)->10142K(10240K) Class: 1542K(1664K)->1542K(1664K)
[41.340s][info][gc             ] GC(128) Pause Young (System.gc()) 410M->83M(4092M) 0.434ms
[41.340s][info][gc,cpu         ] GC(128) User=0.00s Sys=0.00s Real=0.00s
[41.340s][info][gc,start       ] GC(129) Pause Full (System.gc())
[41.340s][info][gc,phases,start] GC(129) Marking Phase
[41.386s][info][gc,phases      ] GC(129) Marking Phase 46.033ms
[41.386s][info][gc,phases,start] GC(129) Summary Phase
[41.386s][info][gc,phases      ] GC(129) Summary Phase 0.010ms
[41.386s][info][gc,phases,start] GC(129) Adjust Roots
[41.388s][info][gc,phases      ] GC(129) Adjust Roots 1.550ms
[41.388s][info][gc,phases,start] GC(129) Compaction Phase
[41.404s][info][gc,phases      ] GC(129) Compaction Phase 16.160ms
[41.404s][info][gc,phases,start] GC(129) Post Compact
[41.404s][info][gc,phases      ] GC(129) Post Compact 0.658ms
[41.404s][info][gc,heap        ] GC(129) PSYoungGen: 160K(1393664K)->0K(1393664K) Eden: 0K(1389568K)->0K(1389568K) From: 160K(4096K)->0K(4096K)
[41.404s][info][gc,heap        ] GC(129) ParOldGen: 85051K(2796544K)->85003K(2796544K)
[41.404s][info][gc,metaspace   ] GC(129) Metaspace: 11684K(11904K)->11684K(11904K) NonClass: 10142K(10240K)->10142K(10240K) Class: 1542K(1664K)->1542K(1664K)
[41.405s][info][gc             ] GC(129) Pause Full (System.gc()) 83M->83M(4092M) 64.661ms
[41.405s][info][gc,cpu         ] GC(129) User=0.38s Sys=0.00s Real=0.06s
[41.788s][info][gc,start       ] GC(130) Pause Young (Allocation Failure)
[41.789s][info][gc,heap        ] GC(130) PSYoungGen: 1389568K(1393664K)->1638K(1394176K) Eden: 1389568K(1389568K)->0K(1390080K) From: 0K(4096K)->1638K(4096K)
[41.789s][info][gc,heap        ] GC(130) ParOldGen: 85003K(2796544K)->85003K(2796544K)
[41.789s][info][gc,metaspace   ] GC(130) Metaspace: 11691K(11968K)->11691K(11968K) NonClass: 10149K(10304K)->10149K(10304K) Class: 1542K(1664K)->1542K(1664K)
[41.789s][info][gc             ] GC(130) Pause Young (Allocation Failure) 1440M->84M(4092M) 0.670ms
[41.789s][info][gc,cpu         ] GC(130) User=0.00s Sys=0.00s Real=0.00s
[42.168s][info][gc,start       ] GC(131) Pause Young (Allocation Failure)
[42.169s][info][gc,heap        ] GC(131) PSYoungGen: 1391718K(1394176K)->824K(1393664K) Eden: 1390080K(1390080K)->0K(1390080K) From: 1638K(4096K)->824K(3584K)
[42.169s][info][gc,heap        ] GC(131) ParOldGen: 85003K(2796544K)->85019K(2796544K)
[42.169s][info][gc,metaspace   ] GC(131) Metaspace: 11691K(11968K)->11691K(11968K) NonClass: 10149K(10304K)->10149K(10304K) Class: 1542K(1664K)->1542K(1664K)
[42.169s][info][gc             ] GC(131) Pause Young (Allocation Failure) 1442M->83M(4092M) 0.396ms
[42.169s][info][gc,cpu         ] GC(131) User=0.00s Sys=0.00s Real=0.00s
[42.546s][info][gc,start       ] GC(132) Pause Young (Allocation Failure)
[42.547s][info][gc,heap        ] GC(132) PSYoungGen: 1390786K(1393664K)->2245K(1394176K) Eden: 1389961K(1390080K)->0K(1390592K) From: 824K(3584K)->2245K(3584K)
[42.547s][info][gc,heap        ] GC(132) ParOldGen: 85019K(2796544K)->85051K(2796544K)
[42.547s][info][gc,metaspace   ] GC(132) Metaspace: 11691K(11968K)->11691K(11968K) NonClass: 10149K(10304K)->10149K(10304K) Class: 1542K(1664K)->1542K(1664K)
[42.547s][info][gc             ] GC(132) Pause Young (Allocation Failure) 1441M->85M(4092M) 0.852ms
[42.547s][info][gc,cpu         ] GC(132) User=0.00s Sys=0.00s Real=0.00s
[42.930s][info][gc,start       ] GC(133) Pause Young (Allocation Failure)
[42.930s][info][gc,heap        ] GC(133) PSYoungGen: 1392837K(1394176K)->1662K(1394176K) Eden: 1390592K(1390592K)->0K(1390592K) From: 2245K(3584K)->1662K(3584K)
[42.930s][info][gc,heap        ] GC(133) ParOldGen: 85051K(2796544K)->85051K(2796544K)
[42.930s][info][gc,metaspace   ] GC(133) Metaspace: 11691K(11968K)->11691K(11968K) NonClass: 10149K(10304K)->10149K(10304K) Class: 1542K(1664K)->1542K(1664K)
[42.930s][info][gc             ] GC(133) Pause Young (Allocation Failure) 1443M->84M(4092M) 0.602ms
[42.930s][info][gc,cpu         ] GC(133) User=0.00s Sys=0.00s Real=0.00s
[43.310s][info][gc,start       ] GC(134) Pause Young (Allocation Failure)
[43.310s][info][gc,heap        ] GC(134) PSYoungGen: 1392254K(1394176K)->528K(1394176K) Eden: 1390592K(1390592K)->0K(1390592K) From: 1662K(3584K)->528K(3584K)
[43.310s][info][gc,heap        ] GC(134) ParOldGen: 85051K(2796544K)->85067K(2796544K)
[43.310s][info][gc,metaspace   ] GC(134) Metaspace: 11691K(11968K)->11691K(11968K) NonClass: 10149K(10304K)->10149K(10304K) Class: 1542K(1664K)->1542K(1664K)
[43.310s][info][gc             ] GC(134) Pause Young (Allocation Failure) 1442M->83M(4092M) 0.431ms
[43.310s][info][gc,cpu         ] GC(134) User=0.00s Sys=0.00s Real=0.00s
[43.692s][info][gc,start       ] GC(135) Pause Young (Allocation Failure)
[43.693s][info][gc,heap        ] GC(135) PSYoungGen: 1391120K(1394176K)->2923K(1393664K) Eden: 1390592K(1390592K)->0K(1390592K) From: 528K(3584K)->2923K(3072K)
[43.693s][info][gc,heap        ] GC(135) ParOldGen: 85067K(2796544K)->85067K(2796544K)
[43.693s][info][gc,metaspace   ] GC(135) Metaspace: 11691K(11968K)->11691K(11968K) NonClass: 10149K(10304K)->10149K(10304K) Class: 1542K(1664K)->1542K(1664K)
[43.693s][info][gc             ] GC(135) Pause Young (Allocation Failure) 1441M->85M(4092M) 0.792ms
[43.693s][info][gc,cpu         ] GC(135) User=0.00s Sys=0.00s Real=0.00s
[44.073s][info][gc,start       ] GC(136) Pause Young (Allocation Failure)
[44.073s][info][gc,heap        ] GC(136) PSYoungGen: 1393515K(1393664K)->1610K(1394176K) Eden: 1390592K(1390592K)->0K(1390080K) From: 2923K(3072K)->1610K(4096K)
[44.073s][info][gc,heap        ] GC(136) ParOldGen: 85067K(2796544K)->85083K(2796544K)
[44.073s][info][gc,metaspace   ] GC(136) Metaspace: 11691K(11968K)->11691K(11968K) NonClass: 10149K(10304K)->10149K(10304K) Class: 1542K(1664K)->1542K(1664K)
[44.073s][info][gc             ] GC(136) Pause Young (Allocation Failure) 1443M->84M(4092M) 0.609ms
[44.073s][info][gc,cpu         ] GC(136) User=0.00s Sys=0.00s Real=0.00s
[44.165s][info][gc,start       ] GC(137) Pause Young (System.gc())
[44.165s][info][gc,heap        ] GC(137) PSYoungGen: 334325K(1394176K)->192K(1393664K) Eden: 332714K(1390080K)->0K(1390080K) From: 1610K(4096K)->192K(3584K)
[44.165s][info][gc,heap        ] GC(137) ParOldGen: 85083K(2796544K)->85083K(2796544K)
[44.165s][info][gc,metaspace   ] GC(137) Metaspace: 11691K(11968K)->11691K(11968K) NonClass: 10149K(10304K)->10149K(10304K) Class: 1542K(1664K)->1542K(1664K)
[44.165s][info][gc             ] GC(137) Pause Young (System.gc()) 409M->83M(4092M) 0.336ms
[44.165s][info][gc,cpu         ] GC(137) User=0.00s Sys=0.00s Real=0.00s
[44.165s][info][gc,start       ] GC(138) Pause Full (System.gc())
[44.165s][info][gc,phases,start] GC(138) Marking Phase
[44.228s][info][gc,phases      ] GC(138) Marking Phase 62.652ms
[44.228s][info][gc,phases,start] GC(138) Summary Phase
[44.228s][info][gc,phases      ] GC(138) Summary Phase 0.010ms
[44.228s][info][gc,phases,start] GC(138) Adjust Roots
[44.229s][info][gc,phases      ] GC(138) Adjust Roots 1.007ms
[44.229s][info][gc,phases,start] GC(138) Compaction Phase
[44.245s][info][gc,phases      ] GC(138) Compaction Phase 16.030ms
[44.245s][info][gc,phases,start] GC(138) Post Compact
[44.246s][info][gc,phases      ] GC(138) Post Compact 0.937ms
[44.246s][info][gc,heap        ] GC(138) PSYoungGen: 192K(1393664K)->0K(1393664K) Eden: 0K(1390080K)->0K(1390080K) From: 192K(3584K)->0K(3584K)
[44.246s][info][gc,heap        ] GC(138) ParOldGen: 85083K(2796544K)->85003K(2796544K)
[44.246s][info][gc,metaspace   ] GC(138) Metaspace: 11691K(11968K)->11691K(11968K) NonClass: 10149K(10304K)->10149K(10304K) Class: 1542K(1664K)->1542K(1664K)
[44.246s][info][gc             ] GC(138) Pause Full (System.gc()) 83M->83M(4092M) 80.972ms
[44.246s][info][gc,cpu         ] GC(138) User=0.47s Sys=0.00s Real=0.08s
[44.628s][info][gc,start       ] GC(139) Pause Young (Allocation Failure)
[44.629s][info][gc,heap        ] GC(139) PSYoungGen: 1390080K(1393664K)->1982K(1393664K) Eden: 1390080K(1390080K)->0K(1389568K) From: 0K(3584K)->1982K(4096K)
[44.629s][info][gc,heap        ] GC(139) ParOldGen: 85003K(2796544K)->85003K(2796544K)
[44.629s][info][gc,metaspace   ] GC(139) Metaspace: 11691K(11968K)->11691K(11968K) NonClass: 10149K(10304K)->10149K(10304K) Class: 1542K(1664K)->1542K(1664K)
[44.629s][info][gc             ] GC(139) Pause Young (Allocation Failure) 1440M->84M(4092M) 0.734ms
[44.629s][info][gc,cpu         ] GC(139) User=0.00s Sys=0.00s Real=0.00s
[45.010s][info][gc,start       ] GC(140) Pause Young (Allocation Failure)
[45.011s][info][gc,heap        ] GC(140) PSYoungGen: 1391550K(1393664K)->1010K(1393664K) Eden: 1389568K(1389568K)->0K(1389568K) From: 1982K(4096K)->1010K(4096K)
[45.011s][info][gc,heap        ] GC(140) ParOldGen: 85003K(2796544K)->85019K(2796544K)
[45.011s][info][gc,metaspace   ] GC(140) Metaspace: 11691K(11968K)->11691K(11968K) NonClass: 10149K(10304K)->10149K(10304K) Class: 1542K(1664K)->1542K(1664K)
[45.011s][info][gc             ] GC(140) Pause Young (Allocation Failure) 1441M->84M(4092M) 0.496ms
[45.011s][info][gc,cpu         ] GC(140) User=0.00s Sys=0.00s Real=0.00s
[45.386s][info][gc,start       ] GC(141) Pause Young (Allocation Failure)
[45.387s][info][gc,heap        ] GC(141) PSYoungGen: 1390373K(1393664K)->3218K(1393152K) Eden: 1389362K(1389568K)->0K(1389568K) From: 1010K(4096K)->3218K(3584K)
[45.387s][info][gc,heap        ] GC(141) ParOldGen: 85019K(2796544K)->85043K(2796544K)
[45.387s][info][gc,metaspace   ] GC(141) Metaspace: 11691K(11968K)->11691K(11968K) NonClass: 10149K(10304K)->10149K(10304K) Class: 1542K(1664K)->1542K(1664K)
[45.387s][info][gc             ] GC(141) Pause Young (Allocation Failure) 1440M->86M(4091M) 0.755ms
[45.387s][info][gc,cpu         ] GC(141) User=0.00s Sys=0.00s Real=0.00s
[45.774s][info][gc,start       ] GC(142) Pause Young (Allocation Failure)
[45.774s][info][gc,heap        ] GC(142) PSYoungGen: 1392786K(1393152K)->1667K(1393664K) Eden: 1389568K(1389568K)->0K(1389568K) From: 3218K(3584K)->1667K(4096K)
[45.774s][info][gc,heap        ] GC(142) ParOldGen: 85043K(2796544K)->85043K(2796544K)
[45.774s][info][gc,metaspace   ] GC(142) Metaspace: 11691K(11968K)->11691K(11968K) NonClass: 10149K(10304K)->10149K(10304K) Class: 1542K(1664K)->1542K(1664K)
[45.774s][info][gc             ] GC(142) Pause Young (Allocation Failure) 1443M->84M(4092M) 0.612ms
[45.774s][info][gc,cpu         ] GC(142) User=0.00s Sys=0.00s Real=0.00s
[46.154s][info][gc,start       ] GC(143) Pause Young (Allocation Failure)
[46.154s][info][gc,heap        ] GC(143) PSYoungGen: 1391235K(1393664K)->906K(1393664K) Eden: 1389568K(1389568K)->0K(1389568K) From: 1667K(4096K)->906K(4096K)
[46.154s][info][gc,heap        ] GC(143) ParOldGen: 85043K(2796544K)->85059K(2796544K)
[46.154s][info][gc,metaspace   ] GC(143) Metaspace: 11691K(11968K)->11691K(11968K) NonClass: 10149K(10304K)->10149K(10304K) Class: 1542K(1664K)->1542K(1664K)
[46.154s][info][gc             ] GC(143) Pause Young (Allocation Failure) 1441M->83M(4092M) 0.456ms
[46.154s][info][gc,cpu         ] GC(143) User=0.00s Sys=0.00s Real=0.00s
[46.532s][info][gc,start       ] GC(144) Pause Young (Allocation Failure)
[46.533s][info][gc,heap        ] GC(144) PSYoungGen: 1390474K(1393664K)->2755K(1393664K) Eden: 1389568K(1389568K)->0K(1389568K) From: 906K(4096K)->2755K(4096K)
[46.533s][info][gc,heap        ] GC(144) ParOldGen: 85059K(2796544K)->85059K(2796544K)
[46.533s][info][gc,metaspace   ] GC(144) Metaspace: 11691K(11968K)->11691K(11968K) NonClass: 10149K(10304K)->10149K(10304K) Class: 1542K(1664K)->1542K(1664K)
[46.533s][info][gc             ] GC(144) Pause Young (Allocation Failure) 1440M->85M(4092M) 0.914ms
[46.533s][info][gc,cpu         ] GC(144) User=0.00s Sys=0.00s Real=0.00s
[46.918s][info][gc,start       ] GC(145) Pause Young (Allocation Failure)
[46.918s][info][gc,heap        ] GC(145) PSYoungGen: 1392323K(1393664K)->1893K(1393664K) Eden: 1389568K(1389568K)->0K(1389568K) From: 2755K(4096K)->1893K(4096K)
[46.918s][info][gc,heap        ] GC(145) ParOldGen: 85059K(2796544K)->85083K(2796544K)
[46.918s][info][gc,metaspace   ] GC(145) Metaspace: 11691K(11968K)->11691K(11968K) NonClass: 10149K(10304K)->10149K(10304K) Class: 1542K(1664K)->1542K(1664K)
[46.918s][info][gc             ] GC(145) Pause Young (Allocation Failure) 1442M->84M(4092M) 0.649ms
[46.918s][info][gc,cpu         ] GC(145) User=0.00s Sys=0.00s Real=0.00s
[47.009s][info][gc,start       ] GC(146) Pause Young (System.gc())
[47.009s][info][gc,heap        ] GC(146) PSYoungGen: 336774K(1393664K)->192K(1393664K) Eden: 334880K(1389568K)->0K(1389568K) From: 1893K(4096K)->192K(4096K)
[47.009s][info][gc,heap        ] GC(146) ParOldGen: 85083K(2796544K)->85083K(2796544K)
[47.009s][info][gc,metaspace   ] GC(146) Metaspace: 11691K(11968K)->11691K(11968K) NonClass: 10149K(10304K)->10149K(10304K) Class: 1542K(1664K)->1542K(1664K)
[47.009s][info][gc             ] GC(146) Pause Young (System.gc()) 411M->83M(4092M) 0.274ms
[47.009s][info][gc,cpu         ] GC(146) User=0.00s Sys=0.00s Real=0.00s
[47.009s][info][gc,start       ] GC(147) Pause Full (System.gc())
[47.009s][info][gc,phases,start] GC(147) Marking Phase
[47.055s][info][gc,phases      ] GC(147) Marking Phase 45.917ms
[47.055s][info][gc,phases,start] GC(147) Summary Phase
[47.055s][info][gc,phases      ] GC(147) Summary Phase 0.009ms
[47.055s][info][gc,phases,start] GC(147) Adjust Roots
[47.056s][info][gc,phases      ] GC(147) Adjust Roots 0.970ms
[47.056s][info][gc,phases,start] GC(147) Compaction Phase
[47.073s][info][gc,phases      ] GC(147) Compaction Phase 16.249ms
[47.073s][info][gc,phases,start] GC(147) Post Compact
[47.073s][info][gc,phases      ] GC(147) Post Compact 0.662ms
[47.073s][info][gc,heap        ] GC(147) PSYoungGen: 192K(1393664K)->0K(1393664K) Eden: 0K(1389568K)->0K(1389568K) From: 192K(4096K)->0K(4096K)
[47.073s][info][gc,heap        ] GC(147) ParOldGen: 85083K(2796544K)->85004K(2796544K)
[47.073s][info][gc,metaspace   ] GC(147) Metaspace: 11691K(11968K)->11691K(11968K) NonClass: 10149K(10304K)->10149K(10304K) Class: 1542K(1664K)->1542K(1664K)
[47.073s][info][gc             ] GC(147) Pause Full (System.gc()) 83M->83M(4092M) 64.051ms
[47.073s][info][gc,cpu         ] GC(147) User=0.38s Sys=0.00s Real=0.06s
[47.454s][info][gc,start       ] GC(148) Pause Young (Allocation Failure)
[47.454s][info][gc,heap        ] GC(148) PSYoungGen: 1389568K(1393664K)->2048K(1393664K) Eden: 1389568K(1389568K)->0K(1389568K) From: 0K(4096K)->2048K(4096K)
[47.454s][info][gc,heap        ] GC(148) ParOldGen: 85004K(2796544K)->85004K(2796544K)
[47.454s][info][gc,metaspace   ] GC(148) Metaspace: 11691K(11968K)->11691K(11968K) NonClass: 10149K(10304K)->10149K(10304K) Class: 1542K(1664K)->1542K(1664K)
[47.454s][info][gc             ] GC(148) Pause Young (Allocation Failure) 1440M->85M(4092M) 0.677ms
[47.454s][info][gc,cpu         ] GC(148) User=0.00s Sys=0.00s Real=0.00s
[47.841s][info][gc,start       ] GC(149) Pause Young (Allocation Failure)
[47.841s][info][gc,heap        ] GC(149) PSYoungGen: 1391616K(1393664K)->1182K(1393664K) Eden: 1389568K(1389568K)->0K(1389568K) From: 2048K(4096K)->1182K(4096K)
[47.841s][info][gc,heap        ] GC(149) ParOldGen: 85004K(2796544K)->85012K(2796544K)
[47.841s][info][gc,metaspace   ] GC(149) Metaspace: 11691K(11968K)->11691K(11968K) NonClass: 10149K(10304K)->10149K(10304K) Class: 1542K(1664K)->1542K(1664K)
[47.841s][info][gc             ] GC(149) Pause Young (Allocation Failure) 1442M->84M(4092M) 0.512ms
[47.841s][info][gc,cpu         ] GC(149) User=0.00s Sys=0.00s Real=0.00s
[48.221s][info][gc,start       ] GC(150) Pause Young (Allocation Failure)
[48.221s][info][gc,heap        ] GC(150) PSYoungGen: 1390750K(1393664K)->192K(1393664K) Eden: 1389568K(1389568K)->0K(1389568K) From: 1182K(4096K)->192K(4096K)
[48.221s][info][gc,heap        ] GC(150) ParOldGen: 85012K(2796544K)->85028K(2796544K)
[48.221s][info][gc,metaspace   ] GC(150) Metaspace: 11691K(11968K)->11691K(11968K) NonClass: 10149K(10304K)->10149K(10304K) Class: 1542K(1664K)->1542K(1664K)
[48.221s][info][gc             ] GC(150) Pause Young (Allocation Failure) 1441M->83M(4092M) 0.319ms
[48.221s][info][gc,cpu         ] GC(150) User=0.09s Sys=0.00s Real=0.00s
[48.600s][info][gc,start       ] GC(151) Pause Young (Allocation Failure)
[48.600s][info][gc,heap        ] GC(151) PSYoungGen: 1389760K(1393664K)->2339K(1393664K) Eden: 1389568K(1389568K)->0K(1389568K) From: 192K(4096K)->2339K(4096K)
[48.600s][info][gc,heap        ] GC(151) ParOldGen: 85028K(2796544K)->85028K(2796544K)
[48.600s][info][gc,metaspace   ] GC(151) Metaspace: 11691K(11968K)->11691K(11968K) NonClass: 10149K(10304K)->10149K(10304K) Class: 1542K(1664K)->1542K(1664K)
[48.600s][info][gc             ] GC(151) Pause Young (Allocation Failure) 1440M->85M(4092M) 0.635ms
[48.600s][info][gc,cpu         ] GC(151) User=0.00s Sys=0.00s Real=0.00s
[48.985s][info][gc,start       ] GC(152) Pause Young (Allocation Failure)
[48.986s][info][gc,heap        ] GC(152) PSYoungGen: 1391907K(1393664K)->1710K(1393664K) Eden: 1389568K(1389568K)->0K(1389568K) From: 2339K(4096K)->1710K(4096K)
[48.986s][info][gc,heap        ] GC(152) ParOldGen: 85028K(2796544K)->85044K(2796544K)
[48.986s][info][gc,metaspace   ] GC(152) Metaspace: 11691K(11968K)->11691K(11968K) NonClass: 10149K(10304K)->10149K(10304K) Class: 1542K(1664K)->1542K(1664K)
[48.986s][info][gc             ] GC(152) Pause Young (Allocation Failure) 1442M->84M(4092M) 0.580ms
[48.986s][info][gc,cpu         ] GC(152) User=0.00s Sys=0.00s Real=0.00s
[49.367s][info][gc,start       ] GC(153) Pause Young (Allocation Failure)
[49.367s][info][gc,heap        ] GC(153) PSYoungGen: 1391278K(1393664K)->778K(1393664K) Eden: 1389568K(1389568K)->0K(1389568K) From: 1710K(4096K)->778K(4096K)
[49.367s][info][gc,heap        ] GC(153) ParOldGen: 85044K(2796544K)->85044K(2796544K)
[49.367s][info][gc,metaspace   ] GC(153) Metaspace: 11691K(11968K)->11691K(11968K) NonClass: 10149K(10304K)->10149K(10304K) Class: 1542K(1664K)->1542K(1664K)
[49.367s][info][gc             ] GC(153) Pause Young (Allocation Failure) 1441M->83M(4092M) 0.402ms
[49.367s][info][gc,cpu         ] GC(153) User=0.00s Sys=0.00s Real=0.00s
[49.750s][info][gc,start       ] GC(154) Pause Young (Allocation Failure)
[49.751s][info][gc,heap        ] GC(154) PSYoungGen: 1390346K(1393664K)->2535K(1393152K) Eden: 1389568K(1389568K)->0K(1389568K) From: 778K(4096K)->2535K(3584K)
[49.751s][info][gc,heap        ] GC(154) ParOldGen: 85044K(2796544K)->85076K(2796544K)
[49.751s][info][gc,metaspace   ] GC(154) Metaspace: 11691K(11968K)->11691K(11968K) NonClass: 10149K(10304K)->10149K(10304K) Class: 1542K(1664K)->1542K(1664K)
[49.751s][info][gc             ] GC(154) Pause Young (Allocation Failure) 1440M->85M(4091M) 0.847ms
[49.751s][info][gc,cpu         ] GC(154) User=0.00s Sys=0.00s Real=0.00s
[49.839s][info][gc,start       ] GC(155) Pause Young (System.gc())
[49.839s][info][gc,heap        ] GC(155) PSYoungGen: 318371K(1393152K)->160K(1393664K) Eden: 315835K(1389568K)->0K(1389568K) From: 2535K(3584K)->160K(4096K)
[49.839s][info][gc,heap        ] GC(155) ParOldGen: 85076K(2796544K)->85076K(2796544K)
[49.839s][info][gc,metaspace   ] GC(155) Metaspace: 11692K(11968K)->11692K(11968K) NonClass: 10150K(10304K)->10150K(10304K) Class: 1542K(1664K)->1542K(1664K)
[49.839s][info][gc             ] GC(155) Pause Young (System.gc()) 393M->83M(4092M) 0.273ms
[49.839s][info][gc,cpu         ] GC(155) User=0.00s Sys=0.00s Real=0.00s
[49.839s][info][gc,start       ] GC(156) Pause Full (System.gc())
[49.839s][info][gc,phases,start] GC(156) Marking Phase
[49.901s][info][gc,phases      ] GC(156) Marking Phase 61.941ms
[49.901s][info][gc,phases,start] GC(156) Summary Phase
[49.901s][info][gc,phases      ] GC(156) Summary Phase 0.009ms
[49.901s][info][gc,phases,start] GC(156) Adjust Roots
[49.903s][info][gc,phases      ] GC(156) Adjust Roots 1.529ms
[49.903s][info][gc,phases,start] GC(156) Compaction Phase
[49.919s][info][gc,phases      ] GC(156) Compaction Phase 16.480ms
[49.920s][info][gc,phases,start] GC(156) Post Compact
[49.921s][info][gc,phases      ] GC(156) Post Compact 0.957ms
[49.921s][info][gc,heap        ] GC(156) PSYoungGen: 160K(1393664K)->0K(1393664K) Eden: 0K(1389568K)->0K(1389568K) From: 160K(4096K)->0K(4096K)
[49.921s][info][gc,heap        ] GC(156) ParOldGen: 85076K(2796544K)->85003K(2796544K)
[49.921s][info][gc,metaspace   ] GC(156) Metaspace: 11692K(11968K)->11692K(11968K) NonClass: 10150K(10304K)->10150K(10304K) Class: 1542K(1664K)->1542K(1664K)
[49.921s][info][gc             ] GC(156) Pause Full (System.gc()) 83M->83M(4092M) 81.221ms
[49.921s][info][gc,cpu         ] GC(156) User=0.47s Sys=0.00s Real=0.08s
[50.302s][info][gc,start       ] GC(157) Pause Young (Allocation Failure)
[50.303s][info][gc,heap        ] GC(157) PSYoungGen: 1389550K(1393664K)->2891K(1393664K) Eden: 1389550K(1389568K)->0K(1389568K) From: 0K(4096K)->2891K(4096K)
[50.303s][info][gc,heap        ] GC(157) ParOldGen: 85003K(2796544K)->85003K(2796544K)
[50.303s][info][gc,metaspace   ] GC(157) Metaspace: 11692K(11968K)->11692K(11968K) NonClass: 10150K(10304K)->10150K(10304K) Class: 1542K(1664K)->1542K(1664K)
[50.303s][info][gc             ] GC(157) Pause Young (Allocation Failure) 1439M->85M(4092M) 0.854ms
[50.303s][info][gc,cpu         ] GC(157) User=0.00s Sys=0.00s Real=0.00s
[50.698s][info][gc,start       ] GC(158) Pause Young (Allocation Failure)
[50.698s][info][gc,heap        ] GC(158) PSYoungGen: 1392459K(1393664K)->1780K(1393664K) Eden: 1389568K(1389568K)->0K(1389568K) From: 2891K(4096K)->1780K(4096K)
[50.698s][info][gc,heap        ] GC(158) ParOldGen: 85003K(2796544K)->85011K(2796544K)
[50.698s][info][gc,metaspace   ] GC(158) Metaspace: 11692K(11968K)->11692K(11968K) NonClass: 10150K(10304K)->10150K(10304K) Class: 1542K(1664K)->1542K(1664K)
[50.698s][info][gc             ] GC(158) Pause Young (Allocation Failure) 1442M->84M(4092M) 0.523ms
[50.698s][info][gc,cpu         ] GC(158) User=0.00s Sys=0.00s Real=0.00s
[51.078s][info][gc,start       ] GC(159) Pause Young (Allocation Failure)
[51.079s][info][gc,heap        ] GC(159) PSYoungGen: 1391348K(1393664K)->664K(1393664K) Eden: 1389568K(1389568K)->0K(1389568K) From: 1780K(4096K)->664K(4096K)
[51.079s][info][gc,heap        ] GC(159) ParOldGen: 85011K(2796544K)->85019K(2796544K)
[51.079s][info][gc,metaspace   ] GC(159) Metaspace: 11692K(11968K)->11692K(11968K) NonClass: 10150K(10304K)->10150K(10304K) Class: 1542K(1664K)->1542K(1664K)
[51.079s][info][gc             ] GC(159) Pause Young (Allocation Failure) 1441M->83M(4092M) 0.411ms
[51.079s][info][gc,cpu         ] GC(159) User=0.00s Sys=0.00s Real=0.00s
[51.455s][info][gc,start       ] GC(160) Pause Young (Allocation Failure)
[51.455s][info][gc,heap        ] GC(160) PSYoungGen: 1390232K(1393664K)->2386K(1393664K) Eden: 1389568K(1389568K)->0K(1389568K) From: 664K(4096K)->2386K(4096K)
[51.455s][info][gc,heap        ] GC(160) ParOldGen: 85019K(2796544K)->85019K(2796544K)
[51.455s][info][gc,metaspace   ] GC(160) Metaspace: 11692K(11968K)->11692K(11968K) NonClass: 10150K(10304K)->10150K(10304K) Class: 1542K(1664K)->1542K(1664K)
[51.455s][info][gc             ] GC(160) Pause Young (Allocation Failure) 1440M->85M(4092M) 0.621ms
[51.455s][info][gc,cpu         ] GC(160) User=0.00s Sys=0.00s Real=0.00s
[51.842s][info][gc,start       ] GC(161) Pause Young (Allocation Failure)
[51.842s][info][gc,heap        ] GC(161) PSYoungGen: 1391954K(1393664K)->1710K(1393664K) Eden: 1389568K(1389568K)->0K(1389568K) From: 2386K(4096K)->1710K(4096K)
[51.842s][info][gc,heap        ] GC(161) ParOldGen: 85019K(2796544K)->85027K(2796544K)
[51.842s][info][gc,metaspace   ] GC(161) Metaspace: 11692K(11968K)->11692K(11968K) NonClass: 10150K(10304K)->10150K(10304K) Class: 1542K(1664K)->1542K(1664K)
[51.842s][info][gc             ] GC(161) Pause Young (Allocation Failure) 1442M->84M(4092M) 0.574ms
[51.842s][info][gc,cpu         ] GC(161) User=0.00s Sys=0.00s Real=0.00s
[52.222s][info][gc,start       ] GC(162) Pause Young (Allocation Failure)
[52.223s][info][gc,heap        ] GC(162) PSYoungGen: 1391278K(1393664K)->919K(1393664K) Eden: 1389568K(1389568K)->0K(1389568K) From: 1710K(4096K)->919K(4096K)
[52.223s][info][gc,heap        ] GC(162) ParOldGen: 85027K(2796544K)->85027K(2796544K)
[52.223s][info][gc,metaspace   ] GC(162) Metaspace: 11692K(11968K)->11692K(11968K) NonClass: 10150K(10304K)->10150K(10304K) Class: 1542K(1664K)->1542K(1664K)
[52.223s][info][gc             ] GC(162) Pause Young (Allocation Failure) 1441M->83M(4092M) 0.473ms
[52.223s][info][gc,cpu         ] GC(162) User=0.00s Sys=0.00s Real=0.00s
[52.604s][info][gc,start       ] GC(163) Pause Young (Allocation Failure)
[52.604s][info][gc,heap        ] GC(163) PSYoungGen: 1390487K(1393664K)->160K(1393664K) Eden: 1389568K(1389568K)->0K(1389568K) From: 919K(4096K)->160K(4096K)
[52.604s][info][gc,heap        ] GC(163) ParOldGen: 85027K(2796544K)->85067K(2796544K)
[52.604s][info][gc,metaspace   ] GC(163) Metaspace: 11692K(11968K)->11692K(11968K) NonClass: 10150K(10304K)->10150K(10304K) Class: 1542K(1664K)->1542K(1664K)
[52.604s][info][gc             ] GC(163) Pause Young (Allocation Failure) 1440M->83M(4092M) 0.290ms
[52.604s][info][gc,cpu         ] GC(163) User=0.00s Sys=0.00s Real=0.00s
[52.691s][info][gc,start       ] GC(164) Pause Young (System.gc())
[52.691s][info][gc,heap        ] GC(164) PSYoungGen: 308415K(1393664K)->160K(1393664K) Eden: 308255K(1389568K)->0K(1389568K) From: 160K(4096K)->160K(4096K)
[52.691s][info][gc,heap        ] GC(164) ParOldGen: 85067K(2796544K)->85067K(2796544K)
[52.691s][info][gc,metaspace   ] GC(164) Metaspace: 11694K(11968K)->11694K(11968K) NonClass: 10152K(10304K)->10152K(10304K) Class: 1542K(1664K)->1542K(1664K)
[52.691s][info][gc             ] GC(164) Pause Young (System.gc()) 384M->83M(4092M) 0.292ms
[52.691s][info][gc,cpu         ] GC(164) User=0.00s Sys=0.00s Real=0.00s
[52.691s][info][gc,start       ] GC(165) Pause Full (System.gc())
[52.691s][info][gc,phases,start] GC(165) Marking Phase
[52.756s][info][gc,phases      ] GC(165) Marking Phase 64.597ms
[52.756s][info][gc,phases,start] GC(165) Summary Phase
[52.756s][info][gc,phases      ] GC(165) Summary Phase 0.011ms
[52.756s][info][gc,phases,start] GC(165) Adjust Roots
[52.757s][info][gc,phases      ] GC(165) Adjust Roots 1.321ms
[52.757s][info][gc,phases,start] GC(165) Compaction Phase
[52.774s][info][gc,phases      ] GC(165) Compaction Phase 16.728ms
[52.774s][info][gc,phases,start] GC(165) Post Compact
[52.775s][info][gc,phases      ] GC(165) Post Compact 0.857ms
[52.775s][info][gc,heap        ] GC(165) PSYoungGen: 160K(1393664K)->0K(1393664K) Eden: 0K(1389568K)->0K(1389568K) From: 160K(4096K)->0K(4096K)
[52.775s][info][gc,heap        ] GC(165) ParOldGen: 85067K(2796544K)->85003K(2796544K)
[52.775s][info][gc,metaspace   ] GC(165) Metaspace: 11694K(11968K)->11694K(11968K) NonClass: 10152K(10304K)->10152K(10304K) Class: 1542K(1664K)->1542K(1664K)
[52.775s][info][gc             ] GC(165) Pause Full (System.gc()) 83M->83M(4092M) 83.748ms
[52.775s][info][gc,cpu         ] GC(165) User=0.39s Sys=0.00s Real=0.08s
[53.154s][info][gc,start       ] GC(166) Pause Young (Allocation Failure)
[53.155s][info][gc,heap        ] GC(166) PSYoungGen: 1389568K(1393664K)->1972K(1393664K) Eden: 1389568K(1389568K)->0K(1389568K) From: 0K(4096K)->1972K(4096K)
[53.155s][info][gc,heap        ] GC(166) ParOldGen: 85003K(2796544K)->85003K(2796544K)
[53.155s][info][gc,metaspace   ] GC(166) Metaspace: 11695K(11968K)->11695K(11968K) NonClass: 10153K(10304K)->10153K(10304K) Class: 1542K(1664K)->1542K(1664K)
[53.155s][info][gc             ] GC(166) Pause Young (Allocation Failure) 1440M->84M(4092M) 0.662ms
[53.155s][info][gc,cpu         ] GC(166) User=0.00s Sys=0.00s Real=0.00s
[53.537s][info][gc,start       ] GC(167) Pause Young (Allocation Failure)
[53.537s][info][gc,heap        ] GC(167) PSYoungGen: 1391540K(1393664K)->945K(1393664K) Eden: 1389568K(1389568K)->0K(1389568K) From: 1972K(4096K)->945K(4096K)
[53.537s][info][gc,heap        ] GC(167) ParOldGen: 85003K(2796544K)->85019K(2796544K)
[53.537s][info][gc,metaspace   ] GC(167) Metaspace: 11695K(11968K)->11695K(11968K) NonClass: 10153K(10304K)->10153K(10304K) Class: 1542K(1664K)->1542K(1664K)
[53.537s][info][gc             ] GC(167) Pause Young (Allocation Failure) 1441M->83M(4092M) 0.529ms
[53.537s][info][gc,cpu         ] GC(167) User=0.00s Sys=0.00s Real=0.00s
[53.917s][info][gc,start       ] GC(168) Pause Young (Allocation Failure)
[53.918s][info][gc,heap        ] GC(168) PSYoungGen: 1390513K(1393664K)->3170K(1393152K) Eden: 1389568K(1389568K)->0K(1389568K) From: 945K(4096K)->3170K(3584K)
[53.918s][info][gc,heap        ] GC(168) ParOldGen: 85019K(2796544K)->85043K(2796544K)
[53.918s][info][gc,metaspace   ] GC(168) Metaspace: 11695K(11968K)->11695K(11968K) NonClass: 10153K(10304K)->10153K(10304K) Class: 1542K(1664K)->1542K(1664K)
[53.918s][info][gc             ] GC(168) Pause Young (Allocation Failure) 1440M->86M(4091M) 0.873ms
[53.918s][info][gc,cpu         ] GC(168) User=0.00s Sys=0.00s Real=0.00s
[54.299s][info][gc,start       ] GC(169) Pause Young (Allocation Failure)
[54.299s][info][gc,heap        ] GC(169) PSYoungGen: 1392738K(1393152K)->1857K(1393664K) Eden: 1389568K(1389568K)->0K(1389568K) From: 3170K(3584K)->1857K(4096K)
[54.299s][info][gc,heap        ] GC(169) ParOldGen: 85043K(2796544K)->85043K(2796544K)
[54.299s][info][gc,metaspace   ] GC(169) Metaspace: 11695K(11968K)->11695K(11968K) NonClass: 10153K(10304K)->10153K(10304K) Class: 1542K(1664K)->1542K(1664K)
[54.299s][info][gc             ] GC(169) Pause Young (Allocation Failure) 1443M->84M(4092M) 0.565ms
[54.299s][info][gc,cpu         ] GC(169) User=0.09s Sys=0.00s Real=0.00s
[54.683s][info][gc,start       ] GC(170) Pause Young (Allocation Failure)
[54.684s][info][gc,heap        ] GC(170) PSYoungGen: 1391425K(1393664K)->472K(1393664K) Eden: 1389568K(1389568K)->0K(1389568K) From: 1857K(4096K)->472K(4096K)
[54.684s][info][gc,heap        ] GC(170) ParOldGen: 85043K(2796544K)->85059K(2796544K)
[54.684s][info][gc,metaspace   ] GC(170) Metaspace: 11695K(11968K)->11695K(11968K) NonClass: 10153K(10304K)->10153K(10304K) Class: 1542K(1664K)->1542K(1664K)
[54.684s][info][gc             ] GC(170) Pause Young (Allocation Failure) 1441M->83M(4092M) 0.382ms
[54.684s][info][gc,cpu         ] GC(170) User=0.00s Sys=0.00s Real=0.00s
[55.061s][info][gc,start       ] GC(171) Pause Young (Allocation Failure)
[55.061s][info][gc,heap        ] GC(171) PSYoungGen: 1390040K(1393664K)->2336K(1393664K) Eden: 1389568K(1389568K)->0K(1389568K) From: 472K(4096K)->2336K(4096K)
[55.061s][info][gc,heap        ] GC(171) ParOldGen: 85059K(2796544K)->85059K(2796544K)
[55.061s][info][gc,metaspace   ] GC(171) Metaspace: 11695K(11968K)->11695K(11968K) NonClass: 10153K(10304K)->10153K(10304K) Class: 1542K(1664K)->1542K(1664K)
[55.061s][info][gc             ] GC(171) Pause Young (Allocation Failure) 1440M->85M(4092M) 0.631ms
[55.061s][info][gc,cpu         ] GC(171) User=0.00s Sys=0.00s Real=0.00s
[55.441s][info][gc,start       ] GC(172) Pause Young (Allocation Failure)
[55.442s][info][gc,heap        ] GC(172) PSYoungGen: 1391904K(1393664K)->1271K(1393664K) Eden: 1389568K(1389568K)->0K(1389568K) From: 2336K(4096K)->1271K(4096K)
[55.442s][info][gc,heap        ] GC(172) ParOldGen: 85059K(2796544K)->85067K(2796544K)
[55.442s][info][gc,metaspace   ] GC(172) Metaspace: 11695K(11968K)->11695K(11968K) NonClass: 10153K(10304K)->10153K(10304K) Class: 1542K(1664K)->1542K(1664K)
[55.442s][info][gc             ] GC(172) Pause Young (Allocation Failure) 1442M->84M(4092M) 0.486ms
[55.442s][info][gc,cpu         ] GC(172) User=0.00s Sys=0.00s Real=0.00s
[55.536s][info][gc,start       ] GC(173) Pause Young (System.gc())
[55.536s][info][gc,heap        ] GC(173) PSYoungGen: 348813K(1393664K)->160K(1393664K) Eden: 347542K(1389568K)->0K(1389568K) From: 1271K(4096K)->160K(4096K)
[55.536s][info][gc,heap        ] GC(173) ParOldGen: 85067K(2796544K)->85067K(2796544K)
[55.536s][info][gc,metaspace   ] GC(173) Metaspace: 11695K(11968K)->11695K(11968K) NonClass: 10153K(10304K)->10153K(10304K) Class: 1542K(1664K)->1542K(1664K)
[55.536s][info][gc             ] GC(173) Pause Young (System.gc()) 423M->83M(4092M) 0.275ms
[55.536s][info][gc,cpu         ] GC(173) User=0.00s Sys=0.00s Real=0.00s
[55.536s][info][gc,start       ] GC(174) Pause Full (System.gc())
[55.536s][info][gc,phases,start] GC(174) Marking Phase
[55.616s][info][gc,phases      ] GC(174) Marking Phase 79.698ms
[55.616s][info][gc,phases,start] GC(174) Summary Phase
[55.616s][info][gc,phases      ] GC(174) Summary Phase 0.010ms
[55.616s][info][gc,phases,start] GC(174) Adjust Roots
[55.618s][info][gc,phases      ] GC(174) Adjust Roots 1.576ms
[55.618s][info][gc,phases,start] GC(174) Compaction Phase
[55.633s][info][gc,phases      ] GC(174) Compaction Phase 15.775ms
[55.633s][info][gc,phases,start] GC(174) Post Compact
[55.634s][info][gc,phases      ] GC(174) Post Compact 0.761ms
[55.634s][info][gc,heap        ] GC(174) PSYoungGen: 160K(1393664K)->0K(1393664K) Eden: 0K(1389568K)->0K(1389568K) From: 160K(4096K)->0K(4096K)
[55.634s][info][gc,heap        ] GC(174) ParOldGen: 85067K(2796544K)->85003K(2796544K)
[55.634s][info][gc,metaspace   ] GC(174) Metaspace: 11695K(11968K)->11695K(11968K) NonClass: 10153K(10304K)->10153K(10304K) Class: 1542K(1664K)->1542K(1664K)
[55.634s][info][gc             ] GC(174) Pause Full (System.gc()) 83M->83M(4092M) 98.075ms
[55.634s][info][gc,cpu         ] GC(174) User=0.56s Sys=0.00s Real=0.10s
[56.015s][info][gc,start       ] GC(175) Pause Young (Allocation Failure)
[56.015s][info][gc,heap        ] GC(175) PSYoungGen: 1389568K(1393664K)->1973K(1393664K) Eden: 1389568K(1389568K)->0K(1389568K) From: 0K(4096K)->1973K(4096K)
[56.015s][info][gc,heap        ] GC(175) ParOldGen: 85003K(2796544K)->85003K(2796544K)
[56.015s][info][gc,metaspace   ] GC(175) Metaspace: 11696K(11968K)->11696K(11968K) NonClass: 10154K(10304K)->10154K(10304K) Class: 1542K(1664K)->1542K(1664K)
[56.016s][info][gc             ] GC(175) Pause Young (Allocation Failure) 1440M->84M(4092M) 0.568ms
[56.016s][info][gc,cpu         ] GC(175) User=0.00s Sys=0.00s Real=0.00s
[56.397s][info][gc,start       ] GC(176) Pause Young (Allocation Failure)
[56.397s][info][gc,heap        ] GC(176) PSYoungGen: 1391541K(1393664K)->1287K(1393664K) Eden: 1389568K(1389568K)->0K(1389568K) From: 1973K(4096K)->1287K(4096K)
[56.397s][info][gc,heap        ] GC(176) ParOldGen: 85003K(2796544K)->85011K(2796544K)
[56.397s][info][gc,metaspace   ] GC(176) Metaspace: 11697K(11968K)->11697K(11968K) NonClass: 10154K(10304K)->10154K(10304K) Class: 1542K(1664K)->1542K(1664K)
[56.397s][info][gc             ] GC(176) Pause Young (Allocation Failure) 1441M->84M(4092M) 0.435ms
[56.397s][info][gc,cpu         ] GC(176) User=0.00s Sys=0.00s Real=0.00s
[56.783s][info][gc,start       ] GC(177) Pause Young (Allocation Failure)
[56.784s][info][gc,heap        ] GC(177) PSYoungGen: 1390855K(1393664K)->594K(1394176K) Eden: 1389568K(1389568K)->0K(1390592K) From: 1287K(4096K)->594K(3584K)
[56.784s][info][gc,heap        ] GC(177) ParOldGen: 85011K(2796544K)->85019K(2796544K)
[56.784s][info][gc,metaspace   ] GC(177) Metaspace: 11697K(11968K)->11697K(11968K) NonClass: 10154K(10304K)->10154K(10304K) Class: 1542K(1664K)->1542K(1664K)
[56.784s][info][gc             ] GC(177) Pause Young (Allocation Failure) 1441M->83M(4092M) 0.447ms
[56.784s][info][gc,cpu         ] GC(177) User=0.02s Sys=0.00s Real=0.00s
[57.160s][info][gc,start       ] GC(178) Pause Young (Allocation Failure)
[57.162s][info][gc,heap        ] GC(178) PSYoungGen: 1391186K(1394176K)->2878K(1393664K) Eden: 1390592K(1390592K)->0K(1390592K) From: 594K(3584K)->2878K(3072K)
[57.162s][info][gc,heap        ] GC(178) ParOldGen: 85019K(2796544K)->85019K(2796544K)
[57.162s][info][gc,metaspace   ] GC(178) Metaspace: 11697K(11968K)->11697K(11968K) NonClass: 10154K(10304K)->10154K(10304K) Class: 1542K(1664K)->1542K(1664K)
[57.162s][info][gc             ] GC(178) Pause Young (Allocation Failure) 1441M->85M(4092M) 1.107ms
[57.162s][info][gc,cpu         ] GC(178) User=0.00s Sys=0.00s Real=0.00s
[57.544s][info][gc,start       ] GC(179) Pause Young (Allocation Failure)
[57.544s][info][gc,heap        ] GC(179) PSYoungGen: 1393470K(1393664K)->1913K(1393664K) Eden: 1390592K(1390592K)->0K(1389568K) From: 2878K(3072K)->1913K(4096K)
[57.544s][info][gc,heap        ] GC(179) ParOldGen: 85019K(2796544K)->85035K(2796544K)
[57.544s][info][gc,metaspace   ] GC(179) Metaspace: 11697K(11968K)->11697K(11968K) NonClass: 10154K(10304K)->10154K(10304K) Class: 1542K(1664K)->1542K(1664K)
[57.544s][info][gc             ] GC(179) Pause Young (Allocation Failure) 1443M->84M(4092M) 0.655ms
[57.544s][info][gc,cpu         ] GC(179) User=0.00s Sys=0.00s Real=0.00s
[57.929s][info][gc,start       ] GC(180) Pause Young (Allocation Failure)
[57.930s][info][gc,heap        ] GC(180) PSYoungGen: 1391481K(1393664K)->940K(1393664K) Eden: 1389568K(1389568K)->0K(1389568K) From: 1913K(4096K)->940K(4096K)
[57.930s][info][gc,heap        ] GC(180) ParOldGen: 85035K(2796544K)->85035K(2796544K)
[57.930s][info][gc,metaspace   ] GC(180) Metaspace: 11697K(11968K)->11697K(11968K) NonClass: 10154K(10304K)->10154K(10304K) Class: 1542K(1664K)->1542K(1664K)
[57.930s][info][gc             ] GC(180) Pause Young (Allocation Failure) 1441M->83M(4092M) 0.441ms
[57.930s][info][gc,cpu         ] GC(180) User=0.00s Sys=0.00s Real=0.00s
[58.306s][info][gc,start       ] GC(181) Pause Young (Allocation Failure)
[58.307s][info][gc,heap        ] GC(181) PSYoungGen: 1390508K(1393664K)->2145K(1393664K) Eden: 1389568K(1389568K)->0K(1389568K) From: 940K(4096K)->2145K(4096K)
[58.307s][info][gc,heap        ] GC(181) ParOldGen: 85035K(2796544K)->85075K(2796544K)
[58.307s][info][gc,metaspace   ] GC(181) Metaspace: 11697K(11968K)->11697K(11968K) NonClass: 10154K(10304K)->10154K(10304K) Class: 1542K(1664K)->1542K(1664K)
[58.307s][info][gc             ] GC(181) Pause Young (Allocation Failure) 1440M->85M(4092M) 0.938ms
[58.307s][info][gc,cpu         ] GC(181) User=0.00s Sys=0.00s Real=0.00s
[58.395s][info][gc,start       ] GC(182) Pause Young (System.gc())
[58.396s][info][gc,heap        ] GC(182) PSYoungGen: 321567K(1393664K)->192K(1393664K) Eden: 319422K(1389568K)->0K(1389568K) From: 2145K(4096K)->192K(4096K)
[58.396s][info][gc,heap        ] GC(182) ParOldGen: 85075K(2796544K)->85075K(2796544K)
[58.396s][info][gc,metaspace   ] GC(182) Metaspace: 11697K(11968K)->11697K(11968K) NonClass: 10154K(10304K)->10154K(10304K) Class: 1542K(1664K)->1542K(1664K)
[58.396s][info][gc             ] GC(182) Pause Young (System.gc()) 397M->83M(4092M) 0.336ms
[58.396s][info][gc,cpu         ] GC(182) User=0.00s Sys=0.00s Real=0.00s
[58.396s][info][gc,start       ] GC(183) Pause Full (System.gc())
[58.396s][info][gc,phases,start] GC(183) Marking Phase
[58.447s][info][gc,phases      ] GC(183) Marking Phase 51.633ms
[58.447s][info][gc,phases,start] GC(183) Summary Phase
[58.447s][info][gc,phases      ] GC(183) Summary Phase 0.010ms
[58.447s][info][gc,phases,start] GC(183) Adjust Roots
[58.449s][info][gc,phases      ] GC(183) Adjust Roots 1.052ms
[58.449s][info][gc,phases,start] GC(183) Compaction Phase
[58.466s][info][gc,phases      ] GC(183) Compaction Phase 17.055ms
[58.466s][info][gc,phases,start] GC(183) Post Compact
[58.466s][info][gc,phases      ] GC(183) Post Compact 0.649ms
[58.466s][info][gc,heap        ] GC(183) PSYoungGen: 192K(1393664K)->0K(1393664K) Eden: 0K(1389568K)->0K(1389568K) From: 192K(4096K)->0K(4096K)
[58.466s][info][gc,heap        ] GC(183) ParOldGen: 85075K(2796544K)->85003K(2796544K)
[58.466s][info][gc,metaspace   ] GC(183) Metaspace: 11697K(11968K)->11697K(11968K) NonClass: 10154K(10304K)->10154K(10304K) Class: 1542K(1664K)->1542K(1664K)
[58.466s][info][gc             ] GC(183) Pause Full (System.gc()) 83M->83M(4092M) 70.659ms
[58.466s][info][gc,cpu         ] GC(183) User=0.36s Sys=0.00s Real=0.07s
[58.853s][info][gc,start       ] GC(184) Pause Young (Allocation Failure)
[58.854s][info][gc,heap        ] GC(184) PSYoungGen: 1389568K(1393664K)->2323K(1393664K) Eden: 1389568K(1389568K)->0K(1389568K) From: 0K(4096K)->2323K(4096K)
[58.854s][info][gc,heap        ] GC(184) ParOldGen: 85003K(2796544K)->85003K(2796544K)
[58.854s][info][gc,metaspace   ] GC(184) Metaspace: 11697K(11968K)->11697K(11968K) NonClass: 10155K(10304K)->10155K(10304K) Class: 1542K(1664K)->1542K(1664K)
[58.854s][info][gc             ] GC(184) Pause Young (Allocation Failure) 1440M->85M(4092M) 0.988ms
[58.854s][info][gc,cpu         ] GC(184) User=0.00s Sys=0.00s Real=0.00s
[59.234s][info][gc,start       ] GC(185) Pause Young (Allocation Failure)
[59.235s][info][gc,heap        ] GC(185) PSYoungGen: 1391891K(1393664K)->1039K(1393664K) Eden: 1389568K(1389568K)->0K(1389568K) From: 2323K(4096K)->1039K(4096K)
[59.235s][info][gc,heap        ] GC(185) ParOldGen: 85003K(2796544K)->85011K(2796544K)
[59.235s][info][gc,metaspace   ] GC(185) Metaspace: 11697K(11968K)->11697K(11968K) NonClass: 10155K(10304K)->10155K(10304K) Class: 1542K(1664K)->1542K(1664K)
[59.235s][info][gc             ] GC(185) Pause Young (Allocation Failure) 1442M->84M(4092M) 0.595ms
[59.235s][info][gc,cpu         ] GC(185) User=0.00s Sys=0.00s Real=0.00s
[59.615s][info][gc,start       ] GC(186) Pause Young (Allocation Failure)
[59.616s][info][gc,heap        ] GC(186) PSYoungGen: 1390607K(1393664K)->192K(1393664K) Eden: 1389568K(1389568K)->0K(1389568K) From: 1039K(4096K)->192K(4096K)
[59.616s][info][gc,heap        ] GC(186) ParOldGen: 85011K(2796544K)->85027K(2796544K)
[59.616s][info][gc,metaspace   ] GC(186) Metaspace: 11697K(11968K)->11697K(11968K) NonClass: 10155K(10304K)->10155K(10304K) Class: 1542K(1664K)->1542K(1664K)
[59.616s][info][gc             ] GC(186) Pause Young (Allocation Failure) 1441M->83M(4092M) 0.310ms
[59.616s][info][gc,cpu         ] GC(186) User=0.00s Sys=0.00s Real=0.00s
[59.995s][info][gc,start       ] GC(187) Pause Young (Allocation Failure)
[59.996s][info][gc,heap        ] GC(187) PSYoungGen: 1389760K(1393664K)->2111K(1393664K) Eden: 1389568K(1389568K)->0K(1389568K) From: 192K(4096K)->2111K(4096K)
[59.996s][info][gc,heap        ] GC(187) ParOldGen: 85027K(2796544K)->85027K(2796544K)
[59.996s][info][gc,metaspace   ] GC(187) Metaspace: 11697K(11968K)->11697K(11968K) NonClass: 10155K(10304K)->10155K(10304K) Class: 1542K(1664K)->1542K(1664K)
[59.996s][info][gc             ] GC(187) Pause Young (Allocation Failure) 1440M->85M(4092M) 0.676ms
[59.996s][info][gc,cpu         ] GC(187) User=0.00s Sys=0.00s Real=0.00s
[60.374s][info][gc,start       ] GC(188) Pause Young (Allocation Failure)
[60.374s][info][gc,heap        ] GC(188) PSYoungGen: 1391679K(1393664K)->917K(1394176K) Eden: 1389568K(1389568K)->0K(1390080K) From: 2111K(4096K)->917K(4096K)
[60.374s][info][gc,heap        ] GC(188) ParOldGen: 85027K(2796544K)->85043K(2796544K)
[60.374s][info][gc,metaspace   ] GC(188) Metaspace: 11697K(11968K)->11697K(11968K) NonClass: 10155K(10304K)->10155K(10304K) Class: 1542K(1664K)->1542K(1664K)
[60.374s][info][gc             ] GC(188) Pause Young (Allocation Failure) 1442M->83M(4092M) 0.465ms
[60.375s][info][gc,cpu         ] GC(188) User=0.00s Sys=0.00s Real=0.00s
[60.756s][info][gc,start       ] GC(189) Pause Young (Allocation Failure)
[60.757s][info][gc,heap        ] GC(189) PSYoungGen: 1390844K(1394176K)->2923K(1393664K) Eden: 1389926K(1390080K)->0K(1390080K) From: 917K(4096K)->2923K(3584K)
[60.757s][info][gc,heap        ] GC(189) ParOldGen: 85043K(2796544K)->85043K(2796544K)
[60.757s][info][gc,metaspace   ] GC(189) Metaspace: 11697K(11968K)->11697K(11968K) NonClass: 10155K(10304K)->10155K(10304K) Class: 1542K(1664K)->1542K(1664K)
[60.757s][info][gc             ] GC(189) Pause Young (Allocation Failure) 1441M->85M(4092M) 0.893ms
[60.757s][info][gc,cpu         ] GC(189) User=0.00s Sys=0.00s Real=0.00s
[61.138s][info][gc,start       ] GC(190) Pause Young (Allocation Failure)
[61.139s][info][gc,heap        ] GC(190) PSYoungGen: 1393003K(1393664K)->2017K(1393664K) Eden: 1390080K(1390080K)->0K(1389568K) From: 2923K(3584K)->2017K(4096K)
[61.139s][info][gc,heap        ] GC(190) ParOldGen: 85043K(2796544K)->85059K(2796544K)
[61.139s][info][gc,metaspace   ] GC(190) Metaspace: 11697K(11968K)->11697K(11968K) NonClass: 10155K(10304K)->10155K(10304K) Class: 1542K(1664K)->1542K(1664K)
[61.139s][info][gc             ] GC(190) Pause Young (Allocation Failure) 1443M->85M(4092M) 0.648ms
[61.139s][info][gc,cpu         ] GC(190) User=0.00s Sys=0.00s Real=0.00s
[61.228s][info][gc,start       ] GC(191) Pause Young (System.gc())
[61.229s][info][gc,heap        ] GC(191) PSYoungGen: 333376K(1393664K)->160K(1393664K) Eden: 331359K(1389568K)->0K(1389568K) From: 2017K(4096K)->160K(4096K)
[61.229s][info][gc,heap        ] GC(191) ParOldGen: 85059K(2796544K)->85059K(2796544K)
[61.229s][info][gc,metaspace   ] GC(191) Metaspace: 11697K(11968K)->11697K(11968K) NonClass: 10155K(10304K)->10155K(10304K) Class: 1542K(1664K)->1542K(1664K)
[61.229s][info][gc             ] GC(191) Pause Young (System.gc()) 408M->83M(4092M) 0.274ms
[61.229s][info][gc,cpu         ] GC(191) User=0.00s Sys=0.00s Real=0.00s
[61.229s][info][gc,start       ] GC(192) Pause Full (System.gc())
[61.229s][info][gc,phases,start] GC(192) Marking Phase
[61.266s][info][gc,phases      ] GC(192) Marking Phase 37.236ms
[61.266s][info][gc,phases,start] GC(192) Summary Phase
[61.266s][info][gc,phases      ] GC(192) Summary Phase 0.010ms
[61.266s][info][gc,phases,start] GC(192) Adjust Roots
[61.267s][info][gc,phases      ] GC(192) Adjust Roots 0.976ms
[61.267s][info][gc,phases,start] GC(192) Compaction Phase
[61.284s][info][gc,phases      ] GC(192) Compaction Phase 16.519ms
[61.284s][info][gc,phases,start] GC(192) Post Compact
[61.285s][info][gc,phases      ] GC(192) Post Compact 0.961ms
[61.285s][info][gc,heap        ] GC(192) PSYoungGen: 160K(1393664K)->0K(1393664K) Eden: 0K(1389568K)->0K(1389568K) From: 160K(4096K)->0K(4096K)
[61.285s][info][gc,heap        ] GC(192) ParOldGen: 85059K(2796544K)->85003K(2796544K)
[61.285s][info][gc,metaspace   ] GC(192) Metaspace: 11697K(11968K)->11697K(11968K) NonClass: 10155K(10304K)->10155K(10304K) Class: 1542K(1664K)->1542K(1664K)
[61.285s][info][gc             ] GC(192) Pause Full (System.gc()) 83M->83M(4092M) 56.045ms
[61.285s][info][gc,cpu         ] GC(192) User=0.27s Sys=0.00s Real=0.05s
[61.670s][info][gc,start       ] GC(193) Pause Young (Allocation Failure)
[61.671s][info][gc,heap        ] GC(193) PSYoungGen: 1389568K(1393664K)->1874K(1393664K) Eden: 1389568K(1389568K)->0K(1389568K) From: 0K(4096K)->1874K(4096K)
[61.671s][info][gc,heap        ] GC(193) ParOldGen: 85003K(2796544K)->85011K(2796544K)
[61.671s][info][gc,metaspace   ] GC(193) Metaspace: 11709K(11968K)->11709K(11968K) NonClass: 10167K(10304K)->10167K(10304K) Class: 1542K(1664K)->1542K(1664K)
[61.671s][info][gc             ] GC(193) Pause Young (Allocation Failure) 1440M->84M(4092M) 0.814ms
[61.671s][info][gc,cpu         ] GC(193) User=0.00s Sys=0.00s Real=0.00s
[62.053s][info][gc,start       ] GC(194) Pause Young (Allocation Failure)
[62.053s][info][gc,heap        ] GC(194) PSYoungGen: 1391442K(1393664K)->1209K(1393664K) Eden: 1389568K(1389568K)->0K(1389568K) From: 1874K(4096K)->1209K(4096K)
[62.053s][info][gc,heap        ] GC(194) ParOldGen: 85011K(2796544K)->85019K(2796544K)
[62.053s][info][gc,metaspace   ] GC(194) Metaspace: 11709K(11968K)->11709K(11968K) NonClass: 10167K(10304K)->10167K(10304K) Class: 1542K(1664K)->1542K(1664K)
[62.053s][info][gc             ] GC(194) Pause Young (Allocation Failure) 1441M->84M(4092M) 0.480ms
[62.053s][info][gc,cpu         ] GC(194) User=0.00s Sys=0.00s Real=0.00s
[62.432s][info][gc,start       ] GC(195) Pause Young (Allocation Failure)
[62.433s][info][gc,heap        ] GC(195) PSYoungGen: 1390777K(1393664K)->288K(1394176K) Eden: 1389568K(1389568K)->0K(1390080K) From: 1209K(4096K)->288K(4096K)
[62.433s][info][gc,heap        ] GC(195) ParOldGen: 85019K(2796544K)->85027K(2796544K)
[62.433s][info][gc,metaspace   ] GC(195) Metaspace: 11709K(11968K)->11709K(11968K) NonClass: 10167K(10304K)->10167K(10304K) Class: 1542K(1664K)->1542K(1664K)
[62.433s][info][gc             ] GC(195) Pause Young (Allocation Failure) 1441M->83M(4092M) 0.332ms
[62.433s][info][gc,cpu         ] GC(195) User=0.00s Sys=0.00s Real=0.00s
[62.816s][info][gc,start       ] GC(196) Pause Young (Allocation Failure)
[62.817s][info][gc,heap        ] GC(196) PSYoungGen: 1390368K(1394176K)->2095K(1393664K) Eden: 1390080K(1390080K)->0K(1390080K) From: 288K(4096K)->2095K(3584K)
[62.817s][info][gc,heap        ] GC(196) ParOldGen: 85027K(2796544K)->85027K(2796544K)
[62.817s][info][gc,metaspace   ] GC(196) Metaspace: 11709K(11968K)->11709K(11968K) NonClass: 10167K(10304K)->10167K(10304K) Class: 1542K(1664K)->1542K(1664K)
[62.817s][info][gc             ] GC(196) Pause Young (Allocation Failure) 1440M->85M(4092M) 0.709ms
[62.817s][info][gc,cpu         ] GC(196) User=0.00s Sys=0.00s Real=0.00s
[63.196s][info][gc,start       ] GC(197) Pause Young (Allocation Failure)
[63.196s][info][gc,heap        ] GC(197) PSYoungGen: 1392175K(1393664K)->1176K(1394176K) Eden: 1390080K(1390080K)->0K(1390080K) From: 2095K(3584K)->1176K(4096K)
[63.196s][info][gc,heap        ] GC(197) ParOldGen: 85027K(2796544K)->85035K(2796544K)
[63.196s][info][gc,metaspace   ] GC(197) Metaspace: 11709K(11968K)->11709K(11968K) NonClass: 10167K(10304K)->10167K(10304K) Class: 1542K(1664K)->1542K(1664K)
[63.196s][info][gc             ] GC(197) Pause Young (Allocation Failure) 1442M->84M(4092M) 0.480ms
[63.196s][info][gc,cpu         ] GC(197) User=0.00s Sys=0.00s Real=0.00s
[63.578s][info][gc,start       ] GC(198) Pause Young (Allocation Failure)
[63.578s][info][gc,heap        ] GC(198) PSYoungGen: 1391256K(1394176K)->609K(1393664K) Eden: 1390080K(1390080K)->0K(1390080K) From: 1176K(4096K)->609K(3584K)
[63.578s][info][gc,heap        ] GC(198) ParOldGen: 85035K(2796544K)->85035K(2796544K)
[63.578s][info][gc,metaspace   ] GC(198) Metaspace: 11709K(11968K)->11709K(11968K) NonClass: 10167K(10304K)->10167K(10304K) Class: 1542K(1664K)->1542K(1664K)
[63.578s][info][gc             ] GC(198) Pause Young (Allocation Failure) 1441M->83M(4092M) 0.453ms
[63.578s][info][gc,cpu         ] GC(198) User=0.00s Sys=0.00s Real=0.00s
[63.957s][info][gc,start       ] GC(199) Pause Young (Allocation Failure)
[63.958s][info][gc,heap        ] GC(199) PSYoungGen: 1390689K(1393664K)->2317K(1394176K) Eden: 1390080K(1390080K)->0K(1390592K) From: 609K(3584K)->2317K(3584K)
[63.958s][info][gc,heap        ] GC(199) ParOldGen: 85035K(2796544K)->85051K(2796544K)
[63.958s][info][gc,metaspace   ] GC(199) Metaspace: 11709K(11968K)->11709K(11968K) NonClass: 10167K(10304K)->10167K(10304K) Class: 1542K(1664K)->1542K(1664K)
[63.958s][info][gc             ] GC(199) Pause Young (Allocation Failure) 1441M->85M(4092M) 0.859ms
[63.958s][info][gc,cpu         ] GC(199) User=0.00s Sys=0.00s Real=0.00s
[64.047s][info][gc,start       ] GC(200) Pause Young (System.gc())
[64.047s][info][gc,heap        ] GC(200) PSYoungGen: 329919K(1394176K)->160K(1394176K) Eden: 327602K(1390592K)->0K(1390592K) From: 2317K(3584K)->160K(3584K)
[64.047s][info][gc,heap        ] GC(200) ParOldGen: 85051K(2796544K)->85051K(2796544K)
[64.047s][info][gc,metaspace   ] GC(200) Metaspace: 11713K(11968K)->11713K(11968K) NonClass: 10171K(10304K)->10171K(10304K) Class: 1542K(1664K)->1542K(1664K)
[64.047s][info][gc             ] GC(200) Pause Young (System.gc()) 405M->83M(4092M) 0.271ms
[64.047s][info][gc,cpu         ] GC(200) User=0.00s Sys=0.00s Real=0.00s
[64.047s][info][gc,start       ] GC(201) Pause Full (System.gc())
[64.047s][info][gc,phases,start] GC(201) Marking Phase
[64.110s][info][gc,phases      ] GC(201) Marking Phase 63.335ms
[64.110s][info][gc,phases,start] GC(201) Summary Phase
[64.110s][info][gc,phases      ] GC(201) Summary Phase 0.010ms
[64.110s][info][gc,phases,start] GC(201) Adjust Roots
[64.112s][info][gc,phases      ] GC(201) Adjust Roots 1.007ms
[64.112s][info][gc,phases,start] GC(201) Compaction Phase
[64.127s][info][gc,phases      ] GC(201) Compaction Phase 15.835ms
[64.127s][info][gc,phases,start] GC(201) Post Compact
[64.128s][info][gc,phases      ] GC(201) Post Compact 0.946ms
[64.128s][info][gc,heap        ] GC(201) PSYoungGen: 160K(1394176K)->0K(1394176K) Eden: 0K(1390592K)->0K(1390592K) From: 160K(3584K)->0K(3584K)
[64.129s][info][gc,heap        ] GC(201) ParOldGen: 85051K(2796544K)->85003K(2796544K)
[64.129s][info][gc,metaspace   ] GC(201) Metaspace: 11713K(11968K)->11713K(11968K) NonClass: 10171K(10304K)->10171K(10304K) Class: 1542K(1664K)->1542K(1664K)
[64.129s][info][gc             ] GC(201) Pause Full (System.gc()) 83M->83M(4092M) 81.478ms
[64.129s][info][gc,cpu         ] GC(201) User=0.41s Sys=0.00s Real=0.08s
[64.510s][info][gc,start       ] GC(202) Pause Young (Allocation Failure)
[64.511s][info][gc,heap        ] GC(202) PSYoungGen: 1390592K(1394176K)->2177K(1393152K) Eden: 1390592K(1390592K)->0K(1389568K) From: 0K(3584K)->2177K(3584K)
[64.511s][info][gc,heap        ] GC(202) ParOldGen: 85003K(2796544K)->85003K(2796544K)
[64.511s][info][gc,metaspace   ] GC(202) Metaspace: 11715K(11968K)->11715K(11968K) NonClass: 10173K(10304K)->10173K(10304K) Class: 1542K(1664K)->1542K(1664K)
[64.511s][info][gc             ] GC(202) Pause Young (Allocation Failure) 1441M->85M(4091M) 0.624ms
[64.511s][info][gc,cpu         ] GC(202) User=0.00s Sys=0.00s Real=0.00s
[64.895s][info][gc,start       ] GC(203) Pause Young (Allocation Failure)
[64.896s][info][gc,heap        ] GC(203) PSYoungGen: 1391745K(1393152K)->818K(1393664K) Eden: 1389568K(1389568K)->0K(1389568K) From: 2177K(3584K)->818K(4096K)
[64.896s][info][gc,heap        ] GC(203) ParOldGen: 85003K(2796544K)->85011K(2796544K)
[64.896s][info][gc,metaspace   ] GC(203) Metaspace: 11715K(11968K)->11715K(11968K) NonClass: 10173K(10304K)->10173K(10304K) Class: 1542K(1664K)->1542K(1664K)
[64.896s][info][gc             ] GC(203) Pause Young (Allocation Failure) 1442M->83M(4092M) 0.430ms
[64.896s][info][gc,cpu         ] GC(203) User=0.00s Sys=0.00s Real=0.00s
[65.270s][info][gc,start       ] GC(204) Pause Young (Allocation Failure)
[65.271s][info][gc,heap        ] GC(204) PSYoungGen: 1390386K(1393664K)->2878K(1393152K) Eden: 1389568K(1389568K)->0K(1389568K) From: 818K(4096K)->2878K(3584K)
[65.271s][info][gc,heap        ] GC(204) ParOldGen: 85011K(2796544K)->85035K(2796544K)
[65.271s][info][gc,metaspace   ] GC(204) Metaspace: 11715K(11968K)->11715K(11968K) NonClass: 10173K(10304K)->10173K(10304K) Class: 1542K(1664K)->1542K(1664K)
[65.271s][info][gc             ] GC(204) Pause Young (Allocation Failure) 1440M->85M(4091M) 1.022ms
[65.271s][info][gc,cpu         ] GC(204) User=0.00s Sys=0.00s Real=0.00s
[65.659s][info][gc,start       ] GC(205) Pause Young (Allocation Failure)
[65.659s][info][gc,heap        ] GC(205) PSYoungGen: 1392446K(1393152K)->1765K(1393664K) Eden: 1389568K(1389568K)->0K(1389568K) From: 2878K(3584K)->1765K(4096K)
[65.659s][info][gc,heap        ] GC(205) ParOldGen: 85035K(2796544K)->85035K(2796544K)
[65.659s][info][gc,metaspace   ] GC(205) Metaspace: 11715K(11968K)->11715K(11968K) NonClass: 10173K(10304K)->10173K(10304K) Class: 1542K(1664K)->1542K(1664K)
[65.659s][info][gc             ] GC(205) Pause Young (Allocation Failure) 1442M->84M(4092M) 0.537ms
[65.659s][info][gc,cpu         ] GC(205) User=0.00s Sys=0.00s Real=0.00s
[66.040s][info][gc,start       ] GC(206) Pause Young (Allocation Failure)
[66.040s][info][gc,heap        ] GC(206) PSYoungGen: 1391333K(1393664K)->498K(1393664K) Eden: 1389568K(1389568K)->0K(1389568K) From: 1765K(4096K)->498K(4096K)
[66.040s][info][gc,heap        ] GC(206) ParOldGen: 85035K(2796544K)->85043K(2796544K)
[66.040s][info][gc,metaspace   ] GC(206) Metaspace: 11715K(11968K)->11715K(11968K) NonClass: 10173K(10304K)->10173K(10304K) Class: 1542K(1664K)->1542K(1664K)
[66.040s][info][gc             ] GC(206) Pause Young (Allocation Failure) 1441M->83M(4092M) 0.389ms
[66.040s][info][gc,cpu         ] GC(206) User=0.00s Sys=0.00s Real=0.00s
[66.417s][info][gc,start       ] GC(207) Pause Young (Allocation Failure)
[66.417s][info][gc,heap        ] GC(207) PSYoungGen: 1390066K(1393664K)->2683K(1393664K) Eden: 1389568K(1389568K)->0K(1389568K) From: 498K(4096K)->2683K(4096K)
[66.418s][info][gc,heap        ] GC(207) ParOldGen: 85043K(2796544K)->85043K(2796544K)
[66.418s][info][gc,metaspace   ] GC(207) Metaspace: 11715K(11968K)->11715K(11968K) NonClass: 10173K(10304K)->10173K(10304K) Class: 1542K(1664K)->1542K(1664K)
[66.418s][info][gc             ] GC(207) Pause Young (Allocation Failure) 1440M->85M(4092M) 0.779ms
[66.418s][info][gc,cpu         ] GC(207) User=0.00s Sys=0.00s Real=0.00s
[66.805s][info][gc,start       ] GC(208) Pause Young (Allocation Failure)
[66.806s][info][gc,heap        ] GC(208) PSYoungGen: 1392251K(1393664K)->1570K(1393664K) Eden: 1389568K(1389568K)->0K(1389568K) From: 2683K(4096K)->1570K(4096K)
[66.806s][info][gc,heap        ] GC(208) ParOldGen: 85043K(2796544K)->85059K(2796544K)
[66.806s][info][gc,metaspace   ] GC(208) Metaspace: 11715K(11968K)->11715K(11968K) NonClass: 10173K(10304K)->10173K(10304K) Class: 1542K(1664K)->1542K(1664K)
[66.806s][info][gc             ] GC(208) Pause Young (Allocation Failure) 1442M->84M(4092M) 0.489ms
[66.806s][info][gc,cpu         ] GC(208) User=0.00s Sys=0.00s Real=0.00s
[66.898s][info][gc,start       ] GC(209) Pause Young (System.gc())
[66.898s][info][gc,heap        ] GC(209) PSYoungGen: 342555K(1393664K)->160K(1393664K) Eden: 340985K(1389568K)->0K(1389568K) From: 1570K(4096K)->160K(4096K)
[66.898s][info][gc,heap        ] GC(209) ParOldGen: 85059K(2796544K)->85059K(2796544K)
[66.898s][info][gc,metaspace   ] GC(209) Metaspace: 11716K(11968K)->11716K(11968K) NonClass: 10174K(10304K)->10174K(10304K) Class: 1542K(1664K)->1542K(1664K)
[66.898s][info][gc             ] GC(209) Pause Young (System.gc()) 417M->83M(4092M) 0.278ms
[66.898s][info][gc,cpu         ] GC(209) User=0.00s Sys=0.00s Real=0.00s
[66.898s][info][gc,start       ] GC(210) Pause Full (System.gc())
[66.898s][info][gc,phases,start] GC(210) Marking Phase
[66.978s][info][gc,phases      ] GC(210) Marking Phase 80.346ms
[66.978s][info][gc,phases,start] GC(210) Summary Phase
[66.978s][info][gc,phases      ] GC(210) Summary Phase 0.010ms
[66.978s][info][gc,phases,start] GC(210) Adjust Roots
[66.980s][info][gc,phases      ] GC(210) Adjust Roots 1.373ms
[66.980s][info][gc,phases,start] GC(210) Compaction Phase
[66.996s][info][gc,phases      ] GC(210) Compaction Phase 16.035ms
[66.996s][info][gc,phases,start] GC(210) Post Compact
[66.997s][info][gc,phases      ] GC(210) Post Compact 1.061ms
[66.997s][info][gc,heap        ] GC(210) PSYoungGen: 160K(1393664K)->0K(1393664K) Eden: 0K(1389568K)->0K(1389568K) From: 160K(4096K)->0K(4096K)
[66.997s][info][gc,heap        ] GC(210) ParOldGen: 85059K(2796544K)->85004K(2796544K)
[66.997s][info][gc,metaspace   ] GC(210) Metaspace: 11716K(11968K)->11716K(11968K) NonClass: 10174K(10304K)->10174K(10304K) Class: 1542K(1664K)->1542K(1664K)
[66.997s][info][gc             ] GC(210) Pause Full (System.gc()) 83M->83M(4092M) 99.259ms
[66.997s][info][gc,cpu         ] GC(210) User=0.56s Sys=0.00s Real=0.10s
[67.374s][info][gc,start       ] GC(211) Pause Young (Allocation Failure)
[67.375s][info][gc,heap        ] GC(211) PSYoungGen: 1389568K(1393664K)->2111K(1393664K) Eden: 1389568K(1389568K)->0K(1389568K) From: 0K(4096K)->2111K(4096K)
[67.375s][info][gc,heap        ] GC(211) ParOldGen: 85004K(2796544K)->85004K(2796544K)
[67.375s][info][gc,metaspace   ] GC(211) Metaspace: 11716K(11968K)->11716K(11968K) NonClass: 10174K(10304K)->10174K(10304K) Class: 1542K(1664K)->1542K(1664K)
[67.375s][info][gc             ] GC(211) Pause Young (Allocation Failure) 1440M->85M(4092M) 0.606ms
[67.375s][info][gc,cpu         ] GC(211) User=0.00s Sys=0.00s Real=0.00s
[67.761s][info][gc,start       ] GC(212) Pause Young (Allocation Failure)
[67.761s][info][gc,heap        ] GC(212) PSYoungGen: 1391679K(1393664K)->973K(1393664K) Eden: 1389568K(1389568K)->0K(1389568K) From: 2111K(4096K)->973K(4096K)
[67.761s][info][gc,heap        ] GC(212) ParOldGen: 85004K(2796544K)->85012K(2796544K)
[67.761s][info][gc,metaspace   ] GC(212) Metaspace: 11716K(11968K)->11716K(11968K) NonClass: 10174K(10304K)->10174K(10304K) Class: 1542K(1664K)->1542K(1664K)
[67.761s][info][gc             ] GC(212) Pause Young (Allocation Failure) 1442M->83M(4092M) 0.464ms
[67.761s][info][gc,cpu         ] GC(212) User=0.00s Sys=0.00s Real=0.00s
[68.136s][info][gc,start       ] GC(213) Pause Young (Allocation Failure)
[68.137s][info][gc,heap        ] GC(213) PSYoungGen: 1390541K(1393664K)->2829K(1393664K) Eden: 1389568K(1389568K)->0K(1389568K) From: 973K(4096K)->2829K(4096K)
[68.137s][info][gc,heap        ] GC(213) ParOldGen: 85012K(2796544K)->85044K(2796544K)
[68.137s][info][gc,metaspace   ] GC(213) Metaspace: 11716K(11968K)->11716K(11968K) NonClass: 10174K(10304K)->10174K(10304K) Class: 1542K(1664K)->1542K(1664K)
[68.137s][info][gc             ] GC(213) Pause Young (Allocation Failure) 1440M->85M(4092M) 1.152ms
[68.137s][info][gc,cpu         ] GC(213) User=0.00s Sys=0.00s Real=0.00s
[68.547s][info][gc,start       ] GC(214) Pause Young (Allocation Failure)
[68.548s][info][gc,heap        ] GC(214) PSYoungGen: 1392397K(1393664K)->2121K(1393664K) Eden: 1389568K(1389568K)->0K(1389568K) From: 2829K(4096K)->2121K(4096K)
[68.548s][info][gc,heap        ] GC(214) ParOldGen: 85044K(2796544K)->85044K(2796544K)
[68.548s][info][gc,metaspace   ] GC(214) Metaspace: 11716K(11968K)->11716K(11968K) NonClass: 10174K(10304K)->10174K(10304K) Class: 1542K(1664K)->1542K(1664K)
[68.548s][info][gc             ] GC(214) Pause Young (Allocation Failure) 1442M->85M(4092M) 0.767ms
[68.548s][info][gc,cpu         ] GC(214) User=0.00s Sys=0.00s Real=0.00s
[68.952s][info][gc,start       ] GC(215) Pause Young (Allocation Failure)
[68.952s][info][gc,heap        ] GC(215) PSYoungGen: 1391689K(1393664K)->1408K(1393664K) Eden: 1389568K(1389568K)->0K(1389568K) From: 2121K(4096K)->1408K(4096K)
[68.952s][info][gc,heap        ] GC(215) ParOldGen: 85044K(2796544K)->85068K(2796544K)
[68.952s][info][gc,metaspace   ] GC(215) Metaspace: 11716K(11968K)->11716K(11968K) NonClass: 10174K(10304K)->10174K(10304K) Class: 1542K(1664K)->1542K(1664K)
[68.952s][info][gc             ] GC(215) Pause Young (Allocation Failure) 1442M->84M(4092M) 0.566ms
[68.952s][info][gc,cpu         ] GC(215) User=0.00s Sys=0.00s Real=0.00s
[69.348s][info][gc,start       ] GC(216) Pause Young (Allocation Failure)
[69.348s][info][gc,heap        ] GC(216) PSYoungGen: 1390976K(1393664K)->288K(1393664K) Eden: 1389568K(1389568K)->0K(1389568K) From: 1408K(4096K)->288K(4096K)
[69.348s][info][gc,heap        ] GC(216) ParOldGen: 85068K(2796544K)->85068K(2796544K)
[69.348s][info][gc,metaspace   ] GC(216) Metaspace: 11716K(11968K)->11716K(11968K) NonClass: 10174K(10304K)->10174K(10304K) Class: 1542K(1664K)->1542K(1664K)
[69.348s][info][gc             ] GC(216) Pause Young (Allocation Failure) 1441M->83M(4092M) 0.351ms
[69.348s][info][gc,cpu         ] GC(216) User=0.00s Sys=0.00s Real=0.00s
[69.730s][info][gc,start       ] GC(217) Pause Young (Allocation Failure)
[69.731s][info][gc,heap        ] GC(217) PSYoungGen: 1389856K(1393664K)->1990K(1393664K) Eden: 1389568K(1389568K)->0K(1389568K) From: 288K(4096K)->1990K(4096K)
[69.731s][info][gc,heap        ] GC(217) ParOldGen: 85068K(2796544K)->85076K(2796544K)
[69.731s][info][gc,metaspace   ] GC(217) Metaspace: 11716K(11968K)->11716K(11968K) NonClass: 10174K(10304K)->10174K(10304K) Class: 1542K(1664K)->1542K(1664K)
[69.731s][info][gc             ] GC(217) Pause Young (Allocation Failure) 1440M->85M(4092M) 0.586ms
[69.731s][info][gc,cpu         ] GC(217) User=0.00s Sys=0.00s Real=0.00s
[69.822s][info][gc,start       ] GC(218) Pause Young (System.gc())
[69.822s][info][gc,heap        ] GC(218) PSYoungGen: 329868K(1393664K)->160K(1393664K) Eden: 327878K(1389568K)->0K(1389568K) From: 1990K(4096K)->160K(4096K)
[69.822s][info][gc,heap        ] GC(218) ParOldGen: 85076K(2796544K)->85076K(2796544K)
[69.822s][info][gc,metaspace   ] GC(218) Metaspace: 11716K(11968K)->11716K(11968K) NonClass: 10174K(10304K)->10174K(10304K) Class: 1542K(1664K)->1542K(1664K)
[69.822s][info][gc             ] GC(218) Pause Young (System.gc()) 405M->83M(4092M) 0.284ms
[69.822s][info][gc,cpu         ] GC(218) User=0.00s Sys=0.00s Real=0.00s
[69.822s][info][gc,start       ] GC(219) Pause Full (System.gc())
[69.822s][info][gc,phases,start] GC(219) Marking Phase
[69.893s][info][gc,phases      ] GC(219) Marking Phase 70.395ms
[69.893s][info][gc,phases,start] GC(219) Summary Phase
[69.893s][info][gc,phases      ] GC(219) Summary Phase 0.009ms
[69.893s][info][gc,phases,start] GC(219) Adjust Roots
[69.894s][info][gc,phases      ] GC(219) Adjust Roots 1.498ms
[69.894s][info][gc,phases,start] GC(219) Compaction Phase
[69.910s][info][gc,phases      ] GC(219) Compaction Phase 16.314ms
[69.910s][info][gc,phases,start] GC(219) Post Compact
[69.911s][info][gc,phases      ] GC(219) Post Compact 0.892ms
[69.911s][info][gc,heap        ] GC(219) PSYoungGen: 160K(1393664K)->0K(1393664K) Eden: 0K(1389568K)->0K(1389568K) From: 160K(4096K)->0K(4096K)
[69.911s][info][gc,heap        ] GC(219) ParOldGen: 85076K(2796544K)->85004K(2796544K)
[69.911s][info][gc,metaspace   ] GC(219) Metaspace: 11716K(11968K)->11716K(11968K) NonClass: 10174K(10304K)->10174K(10304K) Class: 1542K(1664K)->1542K(1664K)
[69.912s][info][gc             ] GC(219) Pause Full (System.gc()) 83M->83M(4092M) 89.419ms
[69.912s][info][gc,cpu         ] GC(219) User=0.39s Sys=0.00s Real=0.08s
[70.292s][info][gc,start       ] GC(220) Pause Young (Allocation Failure)
[70.293s][info][gc,heap        ] GC(220) PSYoungGen: 1389568K(1393664K)->2126K(1393664K) Eden: 1389568K(1389568K)->0K(1389568K) From: 0K(4096K)->2126K(4096K)
[70.293s][info][gc,heap        ] GC(220) ParOldGen: 85004K(2796544K)->85004K(2796544K)
[70.293s][info][gc,metaspace   ] GC(220) Metaspace: 11716K(11968K)->11716K(11968K) NonClass: 10174K(10304K)->10174K(10304K) Class: 1542K(1664K)->1542K(1664K)
[70.293s][info][gc             ] GC(220) Pause Young (Allocation Failure) 1440M->85M(4092M) 0.655ms
[70.293s][info][gc,cpu         ] GC(220) User=0.00s Sys=0.00s Real=0.00s
[70.677s][info][gc,start       ] GC(221) Pause Young (Allocation Failure)
[70.677s][info][gc,heap        ] GC(221) PSYoungGen: 1391694K(1393664K)->991K(1393664K) Eden: 1389568K(1389568K)->0K(1389568K) From: 2126K(4096K)->991K(4096K)
[70.677s][info][gc,heap        ] GC(221) ParOldGen: 85004K(2796544K)->85012K(2796544K)
[70.677s][info][gc,metaspace   ] GC(221) Metaspace: 11716K(11968K)->11716K(11968K) NonClass: 10174K(10304K)->10174K(10304K) Class: 1542K(1664K)->1542K(1664K)
[70.677s][info][gc             ] GC(221) Pause Young (Allocation Failure) 1442M->83M(4092M) 0.461ms
[70.677s][info][gc,cpu         ] GC(221) User=0.00s Sys=0.00s Real=0.00s
[71.060s][info][gc,start       ] GC(222) Pause Young (Allocation Failure)
[71.060s][info][gc,heap        ] GC(222) PSYoungGen: 1390559K(1393664K)->192K(1394176K) Eden: 1389568K(1389568K)->0K(1390080K) From: 991K(4096K)->192K(4096K)
[71.060s][info][gc,heap        ] GC(222) ParOldGen: 85012K(2796544K)->85036K(2796544K)
[71.060s][info][gc,metaspace   ] GC(222) Metaspace: 11716K(11968K)->11716K(11968K) NonClass: 10174K(10304K)->10174K(10304K) Class: 1542K(1664K)->1542K(1664K)
[71.060s][info][gc             ] GC(222) Pause Young (Allocation Failure) 1440M->83M(4092M) 0.310ms
[71.060s][info][gc,cpu         ] GC(222) User=0.00s Sys=0.00s Real=0.00s
[71.436s][info][gc,start       ] GC(223) Pause Young (Allocation Failure)
[71.437s][info][gc,heap        ] GC(223) PSYoungGen: 1390272K(1394176K)->1960K(1393664K) Eden: 1390080K(1390080K)->0K(1390080K) From: 192K(4096K)->1960K(3584K)
[71.437s][info][gc,heap        ] GC(223) ParOldGen: 85036K(2796544K)->85036K(2796544K)
[71.437s][info][gc,metaspace   ] GC(223) Metaspace: 11716K(11968K)->11716K(11968K) NonClass: 10174K(10304K)->10174K(10304K) Class: 1542K(1664K)->1542K(1664K)
[71.437s][info][gc             ] GC(223) Pause Young (Allocation Failure) 1440M->84M(4092M) 0.621ms
[71.437s][info][gc,cpu         ] GC(223) User=0.00s Sys=0.00s Real=0.00s
[71.822s][info][gc,start       ] GC(224) Pause Young (Allocation Failure)
[71.822s][info][gc,heap        ] GC(224) PSYoungGen: 1392040K(1393664K)->1066K(1394176K) Eden: 1390080K(1390080K)->0K(1390080K) From: 1960K(3584K)->1066K(4096K)
[71.822s][info][gc,heap        ] GC(224) ParOldGen: 85036K(2796544K)->85060K(2796544K)
[71.822s][info][gc,metaspace   ] GC(224) Metaspace: 11716K(11968K)->11716K(11968K) NonClass: 10174K(10304K)->10174K(10304K) Class: 1542K(1664K)->1542K(1664K)
[71.822s][info][gc             ] GC(224) Pause Young (Allocation Failure) 1442M->84M(4092M) 0.446ms
[71.822s][info][gc,cpu         ] GC(224) User=0.00s Sys=0.00s Real=0.00s
[72.197s][info][gc,start       ] GC(225) Pause Young (Allocation Failure)
[72.199s][info][gc,heap        ] GC(225) PSYoungGen: 1390968K(1394176K)->2926K(1393664K) Eden: 1389902K(1390080K)->0K(1390080K) From: 1066K(4096K)->2926K(3584K)
[72.199s][info][gc,heap        ] GC(225) ParOldGen: 85060K(2796544K)->85060K(2796544K)
[72.199s][info][gc,metaspace   ] GC(225) Metaspace: 11716K(11968K)->11716K(11968K) NonClass: 10174K(10304K)->10174K(10304K) Class: 1542K(1664K)->1542K(1664K)
[72.199s][info][gc             ] GC(225) Pause Young (Allocation Failure) 1441M->85M(4092M) 1.685ms
[72.199s][info][gc,cpu         ] GC(225) User=0.00s Sys=0.00s Real=0.00s
[72.580s][info][gc,start       ] GC(226) Pause Young (Allocation Failure)
[72.581s][info][gc,heap        ] GC(226) PSYoungGen: 1393006K(1393664K)->2226K(1393664K) Eden: 1390080K(1390080K)->0K(1389568K) From: 2926K(3584K)->2226K(4096K)
[72.581s][info][gc,heap        ] GC(226) ParOldGen: 85060K(2796544K)->85084K(2796544K)
[72.581s][info][gc,metaspace   ] GC(226) Metaspace: 11716K(11968K)->11716K(11968K) NonClass: 10174K(10304K)->10174K(10304K) Class: 1542K(1664K)->1542K(1664K)
[72.581s][info][gc             ] GC(226) Pause Young (Allocation Failure) 1443M->85M(4092M) 0.687ms
[72.581s][info][gc,cpu         ] GC(226) User=0.00s Sys=0.00s Real=0.00s
[72.675s][info][gc,start       ] GC(227) Pause Young (System.gc())
[72.676s][info][gc,heap        ] GC(227) PSYoungGen: 330984K(1393664K)->160K(1393664K) Eden: 328758K(1389568K)->0K(1389568K) From: 2226K(4096K)->160K(4096K)
[72.676s][info][gc,heap        ] GC(227) ParOldGen: 85084K(2796544K)->85084K(2796544K)
[72.676s][info][gc,metaspace   ] GC(227) Metaspace: 11716K(11968K)->11716K(11968K) NonClass: 10174K(10304K)->10174K(10304K) Class: 1542K(1664K)->1542K(1664K)
[72.676s][info][gc             ] GC(227) Pause Young (System.gc()) 406M->83M(4092M) 0.379ms
[72.676s][info][gc,cpu         ] GC(227) User=0.00s Sys=0.00s Real=0.00s
[72.676s][info][gc,start       ] GC(228) Pause Full (System.gc())
[72.676s][info][gc,phases,start] GC(228) Marking Phase
[72.721s][info][gc,phases      ] GC(228) Marking Phase 45.338ms
[72.721s][info][gc,phases,start] GC(228) Summary Phase
[72.721s][info][gc,phases      ] GC(228) Summary Phase 0.011ms
[72.721s][info][gc,phases,start] GC(228) Adjust Roots
[72.722s][info][gc,phases      ] GC(228) Adjust Roots 1.068ms
[72.722s][info][gc,phases,start] GC(228) Compaction Phase
[72.739s][info][gc,phases      ] GC(228) Compaction Phase 17.131ms
[72.740s][info][gc,phases,start] GC(228) Post Compact
[72.740s][info][gc,phases      ] GC(228) Post Compact 0.813ms
[72.740s][info][gc,heap        ] GC(228) PSYoungGen: 160K(1393664K)->0K(1393664K) Eden: 0K(1389568K)->0K(1389568K) From: 160K(4096K)->0K(4096K)
[72.740s][info][gc,heap        ] GC(228) ParOldGen: 85084K(2796544K)->85003K(2796544K)
[72.740s][info][gc,metaspace   ] GC(228) Metaspace: 11716K(11968K)->11716K(11968K) NonClass: 10174K(10304K)->10174K(10304K) Class: 1542K(1664K)->1542K(1664K)
[72.740s][info][gc             ] GC(228) Pause Full (System.gc()) 83M->83M(4092M) 64.654ms
[72.740s][info][gc,cpu         ] GC(228) User=0.20s Sys=0.02s Real=0.07s
[73.121s][info][gc,start       ] GC(229) Pause Young (Allocation Failure)
[73.122s][info][gc,heap        ] GC(229) PSYoungGen: 1389568K(1393664K)->2116K(1393664K) Eden: 1389568K(1389568K)->0K(1389568K) From: 0K(4096K)->2116K(4096K)
[73.122s][info][gc,heap        ] GC(229) ParOldGen: 85003K(2796544K)->85003K(2796544K)
[73.122s][info][gc,metaspace   ] GC(229) Metaspace: 11718K(11968K)->11718K(11968K) NonClass: 10176K(10304K)->10176K(10304K) Class: 1542K(1664K)->1542K(1664K)
[73.122s][info][gc             ] GC(229) Pause Young (Allocation Failure) 1440M->85M(4092M) 0.628ms
[73.122s][info][gc,cpu         ] GC(229) User=0.00s Sys=0.00s Real=0.00s
[73.501s][info][gc,start       ] GC(230) Pause Young (Allocation Failure)
[73.502s][info][gc,heap        ] GC(230) PSYoungGen: 1391684K(1393664K)->943K(1393664K) Eden: 1389568K(1389568K)->0K(1389568K) From: 2116K(4096K)->943K(4096K)
[73.502s][info][gc,heap        ] GC(230) ParOldGen: 85003K(2796544K)->85019K(2796544K)
[73.502s][info][gc,metaspace   ] GC(230) Metaspace: 11718K(11968K)->11718K(11968K) NonClass: 10176K(10304K)->10176K(10304K) Class: 1542K(1664K)->1542K(1664K)
[73.502s][info][gc             ] GC(230) Pause Young (Allocation Failure) 1442M->83M(4092M) 0.452ms
[73.502s][info][gc,cpu         ] GC(230) User=0.00s Sys=0.00s Real=0.00s
[73.884s][info][gc,start       ] GC(231) Pause Young (Allocation Failure)
[73.885s][info][gc,heap        ] GC(231) PSYoungGen: 1390511K(1393664K)->3024K(1393664K) Eden: 1389568K(1389568K)->0K(1389568K) From: 943K(4096K)->3024K(4096K)
[73.885s][info][gc,heap        ] GC(231) ParOldGen: 85019K(2796544K)->85043K(2796544K)
[73.885s][info][gc,metaspace   ] GC(231) Metaspace: 11718K(11968K)->11718K(11968K) NonClass: 10176K(10304K)->10176K(10304K) Class: 1542K(1664K)->1542K(1664K)
[73.885s][info][gc             ] GC(231) Pause Young (Allocation Failure) 1440M->86M(4092M) 0.978ms
[73.885s][info][gc,cpu         ] GC(231) User=0.00s Sys=0.00s Real=0.00s
[74.265s][info][gc,start       ] GC(232) Pause Young (Allocation Failure)
[74.266s][info][gc,heap        ] GC(232) PSYoungGen: 1392592K(1393664K)->1834K(1393664K) Eden: 1389568K(1389568K)->0K(1389568K) From: 3024K(4096K)->1834K(4096K)
[74.266s][info][gc,heap        ] GC(232) ParOldGen: 85043K(2796544K)->85043K(2796544K)
[74.266s][info][gc,metaspace   ] GC(232) Metaspace: 11718K(11968K)->11718K(11968K) NonClass: 10176K(10304K)->10176K(10304K) Class: 1542K(1664K)->1542K(1664K)
[74.266s][info][gc             ] GC(232) Pause Young (Allocation Failure) 1443M->84M(4092M) 0.564ms
[74.266s][info][gc,cpu         ] GC(232) User=0.00s Sys=0.00s Real=0.00s
[74.646s][info][gc,start       ] GC(233) Pause Young (Allocation Failure)
[74.647s][info][gc,heap        ] GC(233) PSYoungGen: 1391402K(1393664K)->827K(1393664K) Eden: 1389568K(1389568K)->0K(1389568K) From: 1834K(4096K)->827K(4096K)
[74.647s][info][gc,heap        ] GC(233) ParOldGen: 85043K(2796544K)->85059K(2796544K)
[74.647s][info][gc,metaspace   ] GC(233) Metaspace: 11719K(11968K)->11719K(11968K) NonClass: 10177K(10304K)->10177K(10304K) Class: 1542K(1664K)->1542K(1664K)
[74.647s][info][gc             ] GC(233) Pause Young (Allocation Failure) 1441M->83M(4092M) 0.716ms
[74.647s][info][gc,cpu         ] GC(233) User=0.00s Sys=0.00s Real=0.00s
[75.027s][info][gc,start       ] GC(234) Pause Young (Allocation Failure)
[75.028s][info][gc,heap        ] GC(234) PSYoungGen: 1390395K(1393664K)->2280K(1393664K) Eden: 1389568K(1389568K)->0K(1389568K) From: 827K(4096K)->2280K(4096K)
[75.028s][info][gc,heap        ] GC(234) ParOldGen: 85059K(2796544K)->85059K(2796544K)
[75.028s][info][gc,metaspace   ] GC(234) Metaspace: 11719K(11968K)->11719K(11968K) NonClass: 10177K(10304K)->10177K(10304K) Class: 1542K(1664K)->1542K(1664K)
[75.028s][info][gc             ] GC(234) Pause Young (Allocation Failure) 1440M->85M(4092M) 0.760ms
[75.028s][info][gc,cpu         ] GC(234) User=0.00s Sys=0.00s Real=0.00s
[75.407s][info][gc,start       ] GC(235) Pause Young (Allocation Failure)
[75.408s][info][gc,heap        ] GC(235) PSYoungGen: 1391848K(1393664K)->1795K(1393664K) Eden: 1389568K(1389568K)->0K(1389568K) From: 2280K(4096K)->1795K(4096K)
[75.408s][info][gc,heap        ] GC(235) ParOldGen: 85059K(2796544K)->85075K(2796544K)
[75.408s][info][gc,metaspace   ] GC(235) Metaspace: 11719K(11968K)->11719K(11968K) NonClass: 10177K(10304K)->10177K(10304K) Class: 1542K(1664K)->1542K(1664K)
[75.408s][info][gc             ] GC(235) Pause Young (Allocation Failure) 1442M->84M(4092M) 0.523ms
[75.408s][info][gc,cpu         ] GC(235) User=0.00s Sys=0.00s Real=0.00s
[75.499s][info][gc,start       ] GC(236) Pause Young (System.gc())
[75.500s][info][gc,heap        ] GC(236) PSYoungGen: 337597K(1393664K)->160K(1393664K) Eden: 335801K(1389568K)->0K(1389568K) From: 1795K(4096K)->160K(4096K)
[75.500s][info][gc,heap        ] GC(236) ParOldGen: 85075K(2796544K)->85075K(2796544K)
[75.500s][info][gc,metaspace   ] GC(236) Metaspace: 11719K(11968K)->11719K(11968K) NonClass: 10177K(10304K)->10177K(10304K) Class: 1542K(1664K)->1542K(1664K)
[75.500s][info][gc             ] GC(236) Pause Young (System.gc()) 412M->83M(4092M) 0.361ms
[75.500s][info][gc,cpu         ] GC(236) User=0.00s Sys=0.00s Real=0.00s
[75.500s][info][gc,start       ] GC(237) Pause Full (System.gc())
[75.500s][info][gc,phases,start] GC(237) Marking Phase
[75.547s][info][gc,phases      ] GC(237) Marking Phase 46.935ms
[75.547s][info][gc,phases,start] GC(237) Summary Phase
[75.547s][info][gc,phases      ] GC(237) Summary Phase 0.011ms
[75.547s][info][gc,phases,start] GC(237) Adjust Roots
[75.548s][info][gc,phases      ] GC(237) Adjust Roots 1.388ms
[75.548s][info][gc,phases,start] GC(237) Compaction Phase
[75.565s][info][gc,phases      ] GC(237) Compaction Phase 17.140ms
[75.566s][info][gc,phases,start] GC(237) Post Compact
[75.566s][info][gc,phases      ] GC(237) Post Compact 0.753ms
[75.566s][info][gc,heap        ] GC(237) PSYoungGen: 160K(1393664K)->0K(1393664K) Eden: 0K(1389568K)->0K(1389568K) From: 160K(4096K)->0K(4096K)
[75.566s][info][gc,heap        ] GC(237) ParOldGen: 85075K(2796544K)->85003K(2796544K)
[75.566s][info][gc,metaspace   ] GC(237) Metaspace: 11719K(11968K)->11719K(11968K) NonClass: 10177K(10304K)->10177K(10304K) Class: 1542K(1664K)->1542K(1664K)
[75.566s][info][gc             ] GC(237) Pause Full (System.gc()) 83M->83M(4092M) 66.512ms
[75.566s][info][gc,cpu         ] GC(237) User=0.39s Sys=0.02s Real=0.06s
[75.953s][info][gc,start       ] GC(238) Pause Young (Allocation Failure)
[75.954s][info][gc,heap        ] GC(238) PSYoungGen: 1389568K(1393664K)->2486K(1393664K) Eden: 1389568K(1389568K)->0K(1389568K) From: 0K(4096K)->2486K(4096K)
[75.954s][info][gc,heap        ] GC(238) ParOldGen: 85003K(2796544K)->85003K(2796544K)
[75.954s][info][gc,metaspace   ] GC(238) Metaspace: 11719K(11968K)->11719K(11968K) NonClass: 10177K(10304K)->10177K(10304K) Class: 1542K(1664K)->1542K(1664K)
[75.954s][info][gc             ] GC(238) Pause Young (Allocation Failure) 1440M->85M(4092M) 0.770ms
[75.954s][info][gc,cpu         ] GC(238) User=0.00s Sys=0.00s Real=0.00s
[76.336s][info][gc,start       ] GC(239) Pause Young (Allocation Failure)
[76.336s][info][gc,heap        ] GC(239) PSYoungGen: 1392054K(1393664K)->1506K(1393664K) Eden: 1389568K(1389568K)->0K(1389568K) From: 2486K(4096K)->1506K(4096K)
[76.336s][info][gc,heap        ] GC(239) ParOldGen: 85003K(2796544K)->85019K(2796544K)
[76.336s][info][gc,metaspace   ] GC(239) Metaspace: 11719K(11968K)->11719K(11968K) NonClass: 10177K(10304K)->10177K(10304K) Class: 1542K(1664K)->1542K(1664K)
[76.336s][info][gc             ] GC(239) Pause Young (Allocation Failure) 1442M->84M(4092M) 0.542ms
[76.336s][info][gc,cpu         ] GC(239) User=0.00s Sys=0.00s Real=0.00s
[76.721s][info][gc,start       ] GC(240) Pause Young (Allocation Failure)
[76.721s][info][gc,heap        ] GC(240) PSYoungGen: 1391074K(1393664K)->384K(1393664K) Eden: 1389568K(1389568K)->0K(1389568K) From: 1506K(4096K)->384K(4096K)
[76.721s][info][gc,heap        ] GC(240) ParOldGen: 85019K(2796544K)->85035K(2796544K)
[76.721s][info][gc,metaspace   ] GC(240) Metaspace: 11719K(11968K)->11719K(11968K) NonClass: 10177K(10304K)->10177K(10304K) Class: 1542K(1664K)->1542K(1664K)
[76.721s][info][gc             ] GC(240) Pause Young (Allocation Failure) 1441M->83M(4092M) 0.399ms
[76.721s][info][gc,cpu         ] GC(240) User=0.02s Sys=0.00s Real=0.00s
[77.099s][info][gc,start       ] GC(241) Pause Young (Allocation Failure)
[77.100s][info][gc,heap        ] GC(241) PSYoungGen: 1389952K(1393664K)->2800K(1393664K) Eden: 1389568K(1389568K)->0K(1389568K) From: 384K(4096K)->2800K(4096K)
[77.100s][info][gc,heap        ] GC(241) ParOldGen: 85035K(2796544K)->85035K(2796544K)
[77.100s][info][gc,metaspace   ] GC(241) Metaspace: 11719K(11968K)->11719K(11968K) NonClass: 10177K(10304K)->10177K(10304K) Class: 1542K(1664K)->1542K(1664K)
[77.100s][info][gc             ] GC(241) Pause Young (Allocation Failure) 1440M->85M(4092M) 0.790ms
[77.100s][info][gc,cpu         ] GC(241) User=0.00s Sys=0.00s Real=0.00s
[77.481s][info][gc,start       ] GC(242) Pause Young (Allocation Failure)
[77.482s][info][gc,heap        ] GC(242) PSYoungGen: 1392368K(1393664K)->1515K(1393664K) Eden: 1389568K(1389568K)->0K(1389568K) From: 2800K(4096K)->1515K(4096K)
[77.482s][info][gc,heap        ] GC(242) ParOldGen: 85035K(2796544K)->85051K(2796544K)
[77.482s][info][gc,metaspace   ] GC(242) Metaspace: 11719K(11968K)->11719K(11968K) NonClass: 10177K(10304K)->10177K(10304K) Class: 1542K(1664K)->1542K(1664K)
[77.482s][info][gc             ] GC(242) Pause Young (Allocation Failure) 1442M->84M(4092M) 0.482ms
[77.482s][info][gc,cpu         ] GC(242) User=0.00s Sys=0.00s Real=0.00s
[77.864s][info][gc,start       ] GC(243) Pause Young (Allocation Failure)
[77.865s][info][gc,heap        ] GC(243) PSYoungGen: 1391083K(1393664K)->192K(1393664K) Eden: 1389568K(1389568K)->0K(1389568K) From: 1515K(4096K)->192K(4096K)
[77.865s][info][gc,heap        ] GC(243) ParOldGen: 85051K(2796544K)->85051K(2796544K)
[77.865s][info][gc,metaspace   ] GC(243) Metaspace: 11719K(11968K)->11719K(11968K) NonClass: 10177K(10304K)->10177K(10304K) Class: 1542K(1664K)->1542K(1664K)
[77.865s][info][gc             ] GC(243) Pause Young (Allocation Failure) 1441M->83M(4092M) 0.303ms
[77.865s][info][gc,cpu         ] GC(243) User=0.00s Sys=0.00s Real=0.00s
[78.243s][info][gc,start       ] GC(244) Pause Young (Allocation Failure)
[78.243s][info][gc,heap        ] GC(244) PSYoungGen: 1389760K(1393664K)->1846K(1393664K) Eden: 1389568K(1389568K)->0K(1389568K) From: 192K(4096K)->1846K(4096K)
[78.243s][info][gc,heap        ] GC(244) ParOldGen: 85051K(2796544K)->85059K(2796544K)
[78.243s][info][gc,metaspace   ] GC(244) Metaspace: 11719K(11968K)->11719K(11968K) NonClass: 10177K(10304K)->10177K(10304K) Class: 1542K(1664K)->1542K(1664K)
[78.243s][info][gc             ] GC(244) Pause Young (Allocation Failure) 1440M->84M(4092M) 0.558ms
[78.243s][info][gc,cpu         ] GC(244) User=0.00s Sys=0.00s Real=0.00s
[78.333s][info][gc,start       ] GC(245) Pause Young (System.gc())
[78.333s][info][gc,heap        ] GC(245) PSYoungGen: 332918K(1393664K)->192K(1393664K) Eden: 331072K(1389568K)->0K(1389568K) From: 1846K(4096K)->192K(4096K)
[78.333s][info][gc,heap        ] GC(245) ParOldGen: 85059K(2796544K)->85059K(2796544K)
[78.333s][info][gc,metaspace   ] GC(245) Metaspace: 11719K(11968K)->11719K(11968K) NonClass: 10177K(10304K)->10177K(10304K) Class: 1542K(1664K)->1542K(1664K)
[78.333s][info][gc             ] GC(245) Pause Young (System.gc()) 408M->83M(4092M) 0.291ms
[78.333s][info][gc,cpu         ] GC(245) User=0.00s Sys=0.00s Real=0.00s
[78.333s][info][gc,start       ] GC(246) Pause Full (System.gc())
[78.333s][info][gc,phases,start] GC(246) Marking Phase
[78.398s][info][gc,phases      ] GC(246) Marking Phase 64.755ms
[78.398s][info][gc,phases,start] GC(246) Summary Phase
[78.398s][info][gc,phases      ] GC(246) Summary Phase 0.010ms
[78.398s][info][gc,phases,start] GC(246) Adjust Roots
[78.400s][info][gc,phases      ] GC(246) Adjust Roots 1.277ms
[78.400s][info][gc,phases,start] GC(246) Compaction Phase
[78.416s][info][gc,phases      ] GC(246) Compaction Phase 16.111ms
[78.416s][info][gc,phases,start] GC(246) Post Compact
[78.417s][info][gc,phases      ] GC(246) Post Compact 0.853ms
[78.417s][info][gc,heap        ] GC(246) PSYoungGen: 192K(1393664K)->0K(1393664K) Eden: 0K(1389568K)->0K(1389568K) From: 192K(4096K)->0K(4096K)
[78.417s][info][gc,heap        ] GC(246) ParOldGen: 85059K(2796544K)->85003K(2796544K)
[78.417s][info][gc,metaspace   ] GC(246) Metaspace: 11719K(11968K)->11719K(11968K) NonClass: 10177K(10304K)->10177K(10304K) Class: 1542K(1664K)->1542K(1664K)
[78.417s][info][gc             ] GC(246) Pause Full (System.gc()) 83M->83M(4092M) 83.339ms
[78.417s][info][gc,cpu         ] GC(246) User=0.45s Sys=0.02s Real=0.08s
[78.804s][info][gc,start       ] GC(247) Pause Young (Allocation Failure)
[78.804s][info][gc,heap        ] GC(247) PSYoungGen: 1389568K(1393664K)->2232K(1393664K) Eden: 1389568K(1389568K)->0K(1389568K) From: 0K(4096K)->2232K(4096K)
[78.804s][info][gc,heap        ] GC(247) ParOldGen: 85003K(2796544K)->85003K(2796544K)
[78.804s][info][gc,metaspace   ] GC(247) Metaspace: 11719K(11968K)->11719K(11968K) NonClass: 10177K(10304K)->10177K(10304K) Class: 1542K(1664K)->1542K(1664K)
[78.804s][info][gc             ] GC(247) Pause Young (Allocation Failure) 1440M->85M(4092M) 0.626ms
[78.804s][info][gc,cpu         ] GC(247) User=0.00s Sys=0.00s Real=0.00s
[79.185s][info][gc,start       ] GC(248) Pause Young (Allocation Failure)
[79.185s][info][gc,heap        ] GC(248) PSYoungGen: 1391800K(1393664K)->1135K(1393664K) Eden: 1389568K(1389568K)->0K(1389568K) From: 2232K(4096K)->1135K(4096K)
[79.185s][info][gc,heap        ] GC(248) ParOldGen: 85003K(2796544K)->85011K(2796544K)
[79.185s][info][gc,metaspace   ] GC(248) Metaspace: 11719K(11968K)->11719K(11968K) NonClass: 10177K(10304K)->10177K(10304K) Class: 1542K(1664K)->1542K(1664K)
[79.185s][info][gc             ] GC(248) Pause Young (Allocation Failure) 1442M->84M(4092M) 0.536ms
[79.185s][info][gc,cpu         ] GC(248) User=0.00s Sys=0.00s Real=0.00s
[79.564s][info][gc,start       ] GC(249) Pause Young (Allocation Failure)
[79.564s][info][gc,heap        ] GC(249) PSYoungGen: 1390703K(1393664K)->224K(1394176K) Eden: 1389568K(1389568K)->0K(1390592K) From: 1135K(4096K)->224K(3584K)
[79.564s][info][gc,heap        ] GC(249) ParOldGen: 85011K(2796544K)->85027K(2796544K)
[79.564s][info][gc,metaspace   ] GC(249) Metaspace: 11719K(11968K)->11719K(11968K) NonClass: 10177K(10304K)->10177K(10304K) Class: 1542K(1664K)->1542K(1664K)
[79.564s][info][gc             ] GC(249) Pause Young (Allocation Failure) 1441M->83M(4092M) 0.323ms
[79.564s][info][gc,cpu         ] GC(249) User=0.00s Sys=0.00s Real=0.00s
[79.945s][info][gc,start       ] GC(250) Pause Young (Allocation Failure)
[79.946s][info][gc,heap        ] GC(250) PSYoungGen: 1390816K(1394176K)->2119K(1393152K) Eden: 1390592K(1390592K)->0K(1390592K) From: 224K(3584K)->2119K(2560K)
[79.946s][info][gc,heap        ] GC(250) ParOldGen: 85027K(2796544K)->85027K(2796544K)
[79.946s][info][gc,metaspace   ] GC(250) Metaspace: 11719K(11968K)->11719K(11968K) NonClass: 10177K(10304K)->10177K(10304K) Class: 1542K(1664K)->1542K(1664K)
[79.946s][info][gc             ] GC(250) Pause Young (Allocation Failure) 1441M->85M(4091M) 0.738ms
[79.946s][info][gc,cpu         ] GC(250) User=0.00s Sys=0.00s Real=0.00s
[80.325s][info][gc,start       ] GC(251) Pause Young (Allocation Failure)
[80.326s][info][gc,heap        ] GC(251) PSYoungGen: 1392711K(1393152K)->1515K(1394176K) Eden: 1390592K(1390592K)->0K(1390080K) From: 2119K(2560K)->1515K(4096K)
[80.326s][info][gc,heap        ] GC(251) ParOldGen: 85027K(2796544K)->85035K(2796544K)
[80.326s][info][gc,metaspace   ] GC(251) Metaspace: 11719K(11968K)->11719K(11968K) NonClass: 10177K(10304K)->10177K(10304K) Class: 1542K(1664K)->1542K(1664K)
[80.326s][info][gc             ] GC(251) Pause Young (Allocation Failure) 1443M->84M(4092M) 0.514ms
[80.326s][info][gc,cpu         ] GC(251) User=0.00s Sys=0.00s Real=0.00s
[80.710s][info][gc,start       ] GC(252) Pause Young (Allocation Failure)
[80.711s][info][gc,heap        ] GC(252) PSYoungGen: 1391595K(1394176K)->512K(1393664K) Eden: 1390080K(1390080K)->0K(1390080K) From: 1515K(4096K)->512K(3584K)
[80.711s][info][gc,heap        ] GC(252) ParOldGen: 85035K(2796544K)->85035K(2796544K)
[80.711s][info][gc,metaspace   ] GC(252) Metaspace: 11719K(11968K)->11719K(11968K) NonClass: 10177K(10304K)->10177K(10304K) Class: 1542K(1664K)->1542K(1664K)
[80.711s][info][gc             ] GC(252) Pause Young (Allocation Failure) 1442M->83M(4092M) 0.387ms
[80.711s][info][gc,cpu         ] GC(252) User=0.00s Sys=0.00s Real=0.00s
[81.087s][info][gc,start       ] GC(253) Pause Young (Allocation Failure)
[81.088s][info][gc,heap        ] GC(253) PSYoungGen: 1390592K(1393664K)->2854K(1393152K) Eden: 1390080K(1390080K)->0K(1389568K) From: 512K(3584K)->2854K(3584K)
[81.088s][info][gc,heap        ] GC(253) ParOldGen: 85035K(2796544K)->85059K(2796544K)
[81.088s][info][gc,metaspace   ] GC(253) Metaspace: 11719K(11968K)->11719K(11968K) NonClass: 10177K(10304K)->10177K(10304K) Class: 1542K(1664K)->1542K(1664K)
[81.088s][info][gc             ] GC(253) Pause Young (Allocation Failure) 1441M->85M(4091M) 0.657ms
[81.088s][info][gc,cpu         ] GC(253) User=0.00s Sys=0.00s Real=0.00s
[81.177s][info][gc,start       ] GC(254) Pause Young (System.gc())
[81.177s][info][gc,heap        ] GC(254) PSYoungGen: 319983K(1393152K)->160K(1393664K) Eden: 317129K(1389568K)->0K(1389568K) From: 2854K(3584K)->160K(4096K)
[81.177s][info][gc,heap        ] GC(254) ParOldGen: 85059K(2796544K)->85059K(2796544K)
[81.177s][info][gc,metaspace   ] GC(254) Metaspace: 11719K(11968K)->11719K(11968K) NonClass: 10177K(10304K)->10177K(10304K) Class: 1542K(1664K)->1542K(1664K)
[81.177s][info][gc             ] GC(254) Pause Young (System.gc()) 395M->83M(4092M) 0.288ms
[81.177s][info][gc,cpu         ] GC(254) User=0.00s Sys=0.00s Real=0.00s
[81.177s][info][gc,start       ] GC(255) Pause Full (System.gc())
[81.177s][info][gc,phases,start] GC(255) Marking Phase
[81.240s][info][gc,phases      ] GC(255) Marking Phase 62.314ms
[81.240s][info][gc,phases,start] GC(255) Summary Phase
[81.240s][info][gc,phases      ] GC(255) Summary Phase 0.012ms
[81.240s][info][gc,phases,start] GC(255) Adjust Roots
[81.241s][info][gc,phases      ] GC(255) Adjust Roots 1.116ms
[81.241s][info][gc,phases,start] GC(255) Compaction Phase
[81.257s][info][gc,phases      ] GC(255) Compaction Phase 15.635ms
[81.257s][info][gc,phases,start] GC(255) Post Compact
[81.257s][info][gc,phases      ] GC(255) Post Compact 0.678ms
[81.258s][info][gc,heap        ] GC(255) PSYoungGen: 160K(1393664K)->0K(1393664K) Eden: 0K(1389568K)->0K(1389568K) From: 160K(4096K)->0K(4096K)
[81.258s][info][gc,heap        ] GC(255) ParOldGen: 85059K(2796544K)->85004K(2796544K)
[81.258s][info][gc,metaspace   ] GC(255) Metaspace: 11719K(11968K)->11719K(11968K) NonClass: 10177K(10304K)->10177K(10304K) Class: 1542K(1664K)->1542K(1664K)
[81.258s][info][gc             ] GC(255) Pause Full (System.gc()) 83M->83M(4092M) 80.073ms
[81.258s][info][gc,cpu         ] GC(255) User=0.39s Sys=0.00s Real=0.08s
[81.637s][info][gc,start       ] GC(256) Pause Young (Allocation Failure)
[81.638s][info][gc,heap        ] GC(256) PSYoungGen: 1389568K(1393664K)->1974K(1393664K) Eden: 1389568K(1389568K)->0K(1389568K) From: 0K(4096K)->1974K(4096K)
[81.638s][info][gc,heap        ] GC(256) ParOldGen: 85004K(2796544K)->85004K(2796544K)
[81.638s][info][gc,metaspace   ] GC(256) Metaspace: 11737K(11968K)->11737K(11968K) NonClass: 10194K(10304K)->10194K(10304K) Class: 1542K(1664K)->1542K(1664K)
[81.638s][info][gc             ] GC(256) Pause Young (Allocation Failure) 1440M->84M(4092M) 0.759ms
[81.638s][info][gc,cpu         ] GC(256) User=0.00s Sys=0.00s Real=0.00s
[82.024s][info][gc,start       ] GC(257) Pause Young (Allocation Failure)
[82.024s][info][gc,heap        ] GC(257) PSYoungGen: 1391542K(1393664K)->1015K(1393664K) Eden: 1389568K(1389568K)->0K(1389568K) From: 1974K(4096K)->1015K(4096K)
[82.024s][info][gc,heap        ] GC(257) ParOldGen: 85004K(2796544K)->85012K(2796544K)
[82.024s][info][gc,metaspace   ] GC(257) Metaspace: 11737K(11968K)->11737K(11968K) NonClass: 10194K(10304K)->10194K(10304K) Class: 1542K(1664K)->1542K(1664K)
[82.024s][info][gc             ] GC(257) Pause Young (Allocation Failure) 1441M->84M(4092M) 0.494ms
[82.024s][info][gc,cpu         ] GC(257) User=0.00s Sys=0.00s Real=0.00s
[82.402s][info][gc,start       ] GC(258) Pause Young (Allocation Failure)
[82.403s][info][gc,heap        ] GC(258) PSYoungGen: 1390583K(1393664K)->192K(1394176K) Eden: 1389568K(1389568K)->0K(1390080K) From: 1015K(4096K)->192K(4096K)
[82.403s][info][gc,heap        ] GC(258) ParOldGen: 85012K(2796544K)->85028K(2796544K)
[82.403s][info][gc,metaspace   ] GC(258) Metaspace: 11737K(11968K)->11737K(11968K) NonClass: 10194K(10304K)->10194K(10304K) Class: 1542K(1664K)->1542K(1664K)
[82.403s][info][gc             ] GC(258) Pause Young (Allocation Failure) 1441M->83M(4092M) 0.327ms
[82.403s][info][gc,cpu         ] GC(258) User=0.00s Sys=0.00s Real=0.00s
[82.784s][info][gc,start       ] GC(259) Pause Young (Allocation Failure)
[82.785s][info][gc,heap        ] GC(259) PSYoungGen: 1390272K(1394176K)->2266K(1393664K) Eden: 1390080K(1390080K)->0K(1390080K) From: 192K(4096K)->2266K(3584K)
[82.785s][info][gc,heap        ] GC(259) ParOldGen: 85028K(2796544K)->85028K(2796544K)
[82.785s][info][gc,metaspace   ] GC(259) Metaspace: 11737K(11968K)->11737K(11968K) NonClass: 10194K(10304K)->10194K(10304K) Class: 1542K(1664K)->1542K(1664K)
[82.785s][info][gc             ] GC(259) Pause Young (Allocation Failure) 1440M->85M(4092M) 0.656ms
[82.785s][info][gc,cpu         ] GC(259) User=0.00s Sys=0.00s Real=0.00s
[83.167s][info][gc,start       ] GC(260) Pause Young (Allocation Failure)
[83.168s][info][gc,heap        ] GC(260) PSYoungGen: 1392346K(1393664K)->1677K(1393664K) Eden: 1390080K(1390080K)->0K(1389568K) From: 2266K(3584K)->1677K(4096K)
[83.168s][info][gc,heap        ] GC(260) ParOldGen: 85028K(2796544K)->85036K(2796544K)
[83.168s][info][gc,metaspace   ] GC(260) Metaspace: 11737K(11968K)->11737K(11968K) NonClass: 10194K(10304K)->10194K(10304K) Class: 1542K(1664K)->1542K(1664K)
[83.168s][info][gc             ] GC(260) Pause Young (Allocation Failure) 1442M->84M(4092M) 0.546ms
[83.168s][info][gc,cpu         ] GC(260) User=0.00s Sys=0.00s Real=0.00s
[83.547s][info][gc,start       ] GC(261) Pause Young (Allocation Failure)
[83.548s][info][gc,heap        ] GC(261) PSYoungGen: 1391245K(1393664K)->496K(1393664K) Eden: 1389568K(1389568K)->0K(1389568K) From: 1677K(4096K)->496K(4096K)
[83.548s][info][gc,heap        ] GC(261) ParOldGen: 85036K(2796544K)->85036K(2796544K)
[83.548s][info][gc,metaspace   ] GC(261) Metaspace: 11737K(11968K)->11737K(11968K) NonClass: 10194K(10304K)->10194K(10304K) Class: 1542K(1664K)->1542K(1664K)
[83.548s][info][gc             ] GC(261) Pause Young (Allocation Failure) 1441M->83M(4092M) 0.410ms
[83.548s][info][gc,cpu         ] GC(261) User=0.00s Sys=0.00s Real=0.00s
[83.929s][info][gc,start       ] GC(262) Pause Young (Allocation Failure)
[83.930s][info][gc,heap        ] GC(262) PSYoungGen: 1390025K(1393664K)->2487K(1393152K) Eden: 1389528K(1389568K)->0K(1389568K) From: 496K(4096K)->2487K(3584K)
[83.930s][info][gc,heap        ] GC(262) ParOldGen: 85036K(2796544K)->85060K(2796544K)
[83.930s][info][gc,metaspace   ] GC(262) Metaspace: 11737K(11968K)->11737K(11968K) NonClass: 10194K(10304K)->10194K(10304K) Class: 1542K(1664K)->1542K(1664K)
[83.930s][info][gc             ] GC(262) Pause Young (Allocation Failure) 1440M->85M(4091M) 0.855ms
[83.930s][info][gc,cpu         ] GC(262) User=0.00s Sys=0.00s Real=0.00s
[84.017s][info][gc,start       ] GC(263) Pause Young (System.gc())
[84.018s][info][gc,heap        ] GC(263) PSYoungGen: 325796K(1393152K)->128K(1393664K) Eden: 323308K(1389568K)->0K(1389568K) From: 2487K(3584K)->128K(4096K)
[84.018s][info][gc,heap        ] GC(263) ParOldGen: 85060K(2796544K)->85060K(2796544K)
[84.018s][info][gc,metaspace   ] GC(263) Metaspace: 11737K(11968K)->11737K(11968K) NonClass: 10194K(10304K)->10194K(10304K) Class: 1542K(1664K)->1542K(1664K)
[84.018s][info][gc             ] GC(263) Pause Young (System.gc()) 401M->83M(4092M) 0.402ms
[84.018s][info][gc,cpu         ] GC(263) User=0.00s Sys=0.00s Real=0.00s
[84.018s][info][gc,start       ] GC(264) Pause Full (System.gc())
[84.018s][info][gc,phases,start] GC(264) Marking Phase
[84.065s][info][gc,phases      ] GC(264) Marking Phase 46.683ms
[84.065s][info][gc,phases,start] GC(264) Summary Phase
[84.065s][info][gc,phases      ] GC(264) Summary Phase 0.010ms
[84.065s][info][gc,phases,start] GC(264) Adjust Roots
[84.066s][info][gc,phases      ] GC(264) Adjust Roots 1.107ms
[84.066s][info][gc,phases,start] GC(264) Compaction Phase
[84.082s][info][gc,phases      ] GC(264) Compaction Phase 16.090ms
[84.082s][info][gc,phases,start] GC(264) Post Compact
[84.083s][info][gc,phases      ] GC(264) Post Compact 0.801ms
[84.083s][info][gc,heap        ] GC(264) PSYoungGen: 128K(1393664K)->0K(1393664K) Eden: 0K(1389568K)->0K(1389568K) From: 128K(4096K)->0K(4096K)
[84.083s][info][gc,heap        ] GC(264) ParOldGen: 85060K(2796544K)->85004K(2796544K)
[84.083s][info][gc,metaspace   ] GC(264) Metaspace: 11737K(11968K)->11737K(11968K) NonClass: 10194K(10304K)->10194K(10304K) Class: 1542K(1664K)->1542K(1664K)
[84.083s][info][gc             ] GC(264) Pause Full (System.gc()) 83M->83M(4092M) 65.006ms
[84.083s][info][gc,cpu         ] GC(264) User=0.22s Sys=0.02s Real=0.07s
[84.462s][info][gc,start       ] GC(265) Pause Young (Allocation Failure)
[84.462s][info][gc,heap        ] GC(265) PSYoungGen: 1389568K(1393664K)->1685K(1393664K) Eden: 1389568K(1389568K)->0K(1389568K) From: 0K(4096K)->1685K(4096K)
[84.462s][info][gc,heap        ] GC(265) ParOldGen: 85004K(2796544K)->85012K(2796544K)
[84.462s][info][gc,metaspace   ] GC(265) Metaspace: 11745K(11968K)->11745K(11968K) NonClass: 10203K(10304K)->10203K(10304K) Class: 1542K(1664K)->1542K(1664K)
[84.462s][info][gc             ] GC(265) Pause Young (Allocation Failure) 1440M->84M(4092M) 0.778ms
[84.462s][info][gc,cpu         ] GC(265) User=0.00s Sys=0.00s Real=0.00s
[84.846s][info][gc,start       ] GC(266) Pause Young (Allocation Failure)
[84.847s][info][gc,heap        ] GC(266) PSYoungGen: 1391253K(1393664K)->320K(1393664K) Eden: 1389568K(1389568K)->0K(1389568K) From: 1685K(4096K)->320K(4096K)
[84.847s][info][gc,heap        ] GC(266) ParOldGen: 85012K(2796544K)->85028K(2796544K)
[84.847s][info][gc,metaspace   ] GC(266) Metaspace: 11745K(11968K)->11745K(11968K) NonClass: 10203K(10304K)->10203K(10304K) Class: 1542K(1664K)->1542K(1664K)
[84.847s][info][gc             ] GC(266) Pause Young (Allocation Failure) 1441M->83M(4092M) 0.348ms
[84.847s][info][gc,cpu         ] GC(266) User=0.00s Sys=0.00s Real=0.00s
[85.223s][info][gc,start       ] GC(267) Pause Young (Allocation Failure)
[85.224s][info][gc,heap        ] GC(267) PSYoungGen: 1389888K(1393664K)->2219K(1393152K) Eden: 1389568K(1389568K)->0K(1389568K) From: 320K(4096K)->2219K(3584K)
[85.224s][info][gc,heap        ] GC(267) ParOldGen: 85028K(2796544K)->85052K(2796544K)
[85.224s][info][gc,metaspace   ] GC(267) Metaspace: 11745K(11968K)->11745K(11968K) NonClass: 10203K(10304K)->10203K(10304K) Class: 1542K(1664K)->1542K(1664K)
[85.224s][info][gc             ] GC(267) Pause Young (Allocation Failure) 1440M->85M(4091M) 0.613ms
[85.224s][info][gc,cpu         ] GC(267) User=0.00s Sys=0.00s Real=0.00s
[85.604s][info][gc,start       ] GC(268) Pause Young (Allocation Failure)
[85.604s][info][gc,heap        ] GC(268) PSYoungGen: 1391787K(1393152K)->1481K(1393664K) Eden: 1389568K(1389568K)->0K(1389568K) From: 2219K(3584K)->1481K(4096K)
[85.605s][info][gc,heap        ] GC(268) ParOldGen: 85052K(2796544K)->85052K(2796544K)
[85.605s][info][gc,metaspace   ] GC(268) Metaspace: 11745K(11968K)->11745K(11968K) NonClass: 10203K(10304K)->10203K(10304K) Class: 1542K(1664K)->1542K(1664K)
[85.605s][info][gc             ] GC(268) Pause Young (Allocation Failure) 1442M->84M(4092M) 0.537ms
[85.605s][info][gc,cpu         ] GC(268) User=0.00s Sys=0.00s Real=0.00s
[85.989s][info][gc,start       ] GC(269) Pause Young (Allocation Failure)
[85.989s][info][gc,heap        ] GC(269) PSYoungGen: 1391049K(1393664K)->658K(1394176K) Eden: 1389568K(1389568K)->0K(1390592K) From: 1481K(4096K)->658K(3584K)
[85.989s][info][gc,heap        ] GC(269) ParOldGen: 85052K(2796544K)->85068K(2796544K)
[85.989s][info][gc,metaspace   ] GC(269) Metaspace: 11745K(11968K)->11745K(11968K) NonClass: 10203K(10304K)->10203K(10304K) Class: 1542K(1664K)->1542K(1664K)
[85.989s][info][gc             ] GC(269) Pause Young (Allocation Failure) 1441M->83M(4092M) 0.407ms
[85.989s][info][gc,cpu         ] GC(269) User=0.00s Sys=0.00s Real=0.00s
[86.365s][info][gc,start       ] GC(270) Pause Young (Allocation Failure)
[86.366s][info][gc,heap        ] GC(270) PSYoungGen: 1391250K(1394176K)->2330K(1393152K) Eden: 1390592K(1390592K)->0K(1390592K) From: 658K(3584K)->2330K(2560K)
[86.366s][info][gc,heap        ] GC(270) ParOldGen: 85068K(2796544K)->85068K(2796544K)
[86.366s][info][gc,metaspace   ] GC(270) Metaspace: 11745K(11968K)->11745K(11968K) NonClass: 10203K(10304K)->10203K(10304K) Class: 1542K(1664K)->1542K(1664K)
[86.366s][info][gc             ] GC(270) Pause Young (Allocation Failure) 1441M->85M(4091M) 0.815ms
[86.366s][info][gc,cpu         ] GC(270) User=0.00s Sys=0.00s Real=0.00s
[86.752s][info][gc,start       ] GC(271) Pause Young (Allocation Failure)
[86.753s][info][gc,heap        ] GC(271) PSYoungGen: 1392922K(1393152K)->1682K(1394176K) Eden: 1390592K(1390592K)->0K(1390080K) From: 2330K(2560K)->1682K(4096K)
[86.753s][info][gc,heap        ] GC(271) ParOldGen: 85068K(2796544K)->85076K(2796544K)
[86.753s][info][gc,metaspace   ] GC(271) Metaspace: 11745K(11968K)->11745K(11968K) NonClass: 10203K(10304K)->10203K(10304K) Class: 1542K(1664K)->1542K(1664K)
[86.753s][info][gc             ] GC(271) Pause Young (Allocation Failure) 1443M->84M(4092M) 0.659ms
[86.753s][info][gc,cpu         ] GC(271) User=0.02s Sys=0.00s Real=0.00s
[86.844s][info][gc,start       ] GC(272) Pause Young (System.gc())
[86.844s][info][gc,heap        ] GC(272) PSYoungGen: 337939K(1394176K)->192K(1393664K) Eden: 336257K(1390080K)->0K(1390080K) From: 1682K(4096K)->192K(3584K)
[86.844s][info][gc,heap        ] GC(272) ParOldGen: 85076K(2796544K)->85076K(2796544K)
[86.844s][info][gc,metaspace   ] GC(272) Metaspace: 11745K(11968K)->11745K(11968K) NonClass: 10203K(10304K)->10203K(10304K) Class: 1542K(1664K)->1542K(1664K)
[86.844s][info][gc             ] GC(272) Pause Young (System.gc()) 413M->83M(4092M) 0.300ms
[86.844s][info][gc,cpu         ] GC(272) User=0.00s Sys=0.00s Real=0.00s
[86.844s][info][gc,start       ] GC(273) Pause Full (System.gc())
[86.844s][info][gc,phases,start] GC(273) Marking Phase
[86.909s][info][gc,phases      ] GC(273) Marking Phase 64.233ms
[86.909s][info][gc,phases,start] GC(273) Summary Phase
[86.909s][info][gc,phases      ] GC(273) Summary Phase 0.010ms
[86.909s][info][gc,phases,start] GC(273) Adjust Roots
[86.910s][info][gc,phases      ] GC(273) Adjust Roots 1.640ms
[86.910s][info][gc,phases,start] GC(273) Compaction Phase
[86.927s][info][gc,phases      ] GC(273) Compaction Phase 16.253ms
[86.927s][info][gc,phases,start] GC(273) Post Compact
[86.927s][info][gc,phases      ] GC(273) Post Compact 0.812ms
[86.927s][info][gc,heap        ] GC(273) PSYoungGen: 192K(1393664K)->0K(1393664K) Eden: 0K(1390080K)->0K(1390080K) From: 192K(3584K)->0K(3584K)
[86.927s][info][gc,heap        ] GC(273) ParOldGen: 85076K(2796544K)->85003K(2796544K)
[86.928s][info][gc,metaspace   ] GC(273) Metaspace: 11745K(11968K)->11745K(11968K) NonClass: 10203K(10304K)->10203K(10304K) Class: 1542K(1664K)->1542K(1664K)
[86.928s][info][gc             ] GC(273) Pause Full (System.gc()) 83M->83M(4092M) 83.234ms
[86.928s][info][gc,cpu         ] GC(273) User=0.39s Sys=0.00s Real=0.09s
[87.306s][info][gc,start       ] GC(274) Pause Young (Allocation Failure)
[87.307s][info][gc,heap        ] GC(274) PSYoungGen: 1390080K(1393664K)->2562K(1393152K) Eden: 1390080K(1390080K)->0K(1389568K) From: 0K(3584K)->2562K(3584K)
[87.307s][info][gc,heap        ] GC(274) ParOldGen: 85003K(2796544K)->85003K(2796544K)
[87.307s][info][gc,metaspace   ] GC(274) Metaspace: 11745K(11968K)->11745K(11968K) NonClass: 10203K(10304K)->10203K(10304K) Class: 1542K(1664K)->1542K(1664K)
[87.307s][info][gc             ] GC(274) Pause Young (Allocation Failure) 1440M->85M(4091M) 0.692ms
[87.307s][info][gc,cpu         ] GC(274) User=0.00s Sys=0.00s Real=0.00s
[87.690s][info][gc,start       ] GC(275) Pause Young (Allocation Failure)
[87.690s][info][gc,heap        ] GC(275) PSYoungGen: 1392130K(1393152K)->1235K(1393664K) Eden: 1389568K(1389568K)->0K(1389568K) From: 2562K(3584K)->1235K(4096K)
[87.690s][info][gc,heap        ] GC(275) ParOldGen: 85003K(2796544K)->85011K(2796544K)
[87.690s][info][gc,metaspace   ] GC(275) Metaspace: 11745K(11968K)->11745K(11968K) NonClass: 10203K(10304K)->10203K(10304K) Class: 1542K(1664K)->1542K(1664K)
[87.690s][info][gc             ] GC(275) Pause Young (Allocation Failure) 1442M->84M(4092M) 0.504ms
[87.690s][info][gc,cpu         ] GC(275) User=0.00s Sys=0.00s Real=0.00s
[88.072s][info][gc,start       ] GC(276) Pause Young (Allocation Failure)
[88.072s][info][gc,heap        ] GC(276) PSYoungGen: 1390803K(1393664K)->512K(1394176K) Eden: 1389568K(1389568K)->0K(1390592K) From: 1235K(4096K)->512K(3584K)
[88.072s][info][gc,heap        ] GC(276) ParOldGen: 85011K(2796544K)->85035K(2796544K)
[88.072s][info][gc,metaspace   ] GC(276) Metaspace: 11745K(11968K)->11745K(11968K) NonClass: 10203K(10304K)->10203K(10304K) Class: 1542K(1664K)->1542K(1664K)
[88.072s][info][gc             ] GC(276) Pause Young (Allocation Failure) 1441M->83M(4092M) 0.373ms
[88.072s][info][gc,cpu         ] GC(276) User=0.00s Sys=0.00s Real=0.00s
[88.447s][info][gc,start       ] GC(277) Pause Young (Allocation Failure)
[88.448s][info][gc,heap        ] GC(277) PSYoungGen: 1391104K(1394176K)->2584K(1393664K) Eden: 1390592K(1390592K)->0K(1390592K) From: 512K(3584K)->2584K(3072K)
[88.448s][info][gc,heap        ] GC(277) ParOldGen: 85035K(2796544K)->85035K(2796544K)
[88.448s][info][gc,metaspace   ] GC(277) Metaspace: 11745K(11968K)->11745K(11968K) NonClass: 10203K(10304K)->10203K(10304K) Class: 1542K(1664K)->1542K(1664K)
[88.448s][info][gc             ] GC(277) Pause Young (Allocation Failure) 1441M->85M(4092M) 0.871ms
[88.448s][info][gc,cpu         ] GC(277) User=0.00s Sys=0.00s Real=0.00s
[88.834s][info][gc,start       ] GC(278) Pause Young (Allocation Failure)
[88.834s][info][gc,heap        ] GC(278) PSYoungGen: 1393176K(1393664K)->1680K(1393664K) Eden: 1390592K(1390592K)->0K(1389568K) From: 2584K(3072K)->1680K(4096K)
[88.834s][info][gc,heap        ] GC(278) ParOldGen: 85035K(2796544K)->85051K(2796544K)
[88.834s][info][gc,metaspace   ] GC(278) Metaspace: 11745K(11968K)->11745K(11968K) NonClass: 10203K(10304K)->10203K(10304K) Class: 1542K(1664K)->1542K(1664K)
[88.834s][info][gc             ] GC(278) Pause Young (Allocation Failure) 1443M->84M(4092M) 0.612ms
[88.834s][info][gc,cpu         ] GC(278) User=0.00s Sys=0.00s Real=0.00s
[89.215s][info][gc,start       ] GC(279) Pause Young (Allocation Failure)
[89.216s][info][gc,heap        ] GC(279) PSYoungGen: 1391248K(1393664K)->914K(1393664K) Eden: 1389568K(1389568K)->0K(1389568K) From: 1680K(4096K)->914K(4096K)
[89.216s][info][gc,heap        ] GC(279) ParOldGen: 85051K(2796544K)->85051K(2796544K)
[89.216s][info][gc,metaspace   ] GC(279) Metaspace: 11745K(11968K)->11745K(11968K) NonClass: 10203K(10304K)->10203K(10304K) Class: 1542K(1664K)->1542K(1664K)
[89.216s][info][gc             ] GC(279) Pause Young (Allocation Failure) 1441M->83M(4092M) 0.450ms
[89.216s][info][gc,cpu         ] GC(279) User=0.00s Sys=0.00s Real=0.00s
[89.593s][info][gc,start       ] GC(280) Pause Young (Allocation Failure)
[89.594s][info][gc,heap        ] GC(280) PSYoungGen: 1390482K(1393664K)->2539K(1393152K) Eden: 1389568K(1389568K)->0K(1389568K) From: 914K(4096K)->2539K(3584K)
[89.594s][info][gc,heap        ] GC(280) ParOldGen: 85051K(2796544K)->85075K(2796544K)
[89.594s][info][gc,metaspace   ] GC(280) Metaspace: 11745K(11968K)->11745K(11968K) NonClass: 10203K(10304K)->10203K(10304K) Class: 1542K(1664K)->1542K(1664K)
[89.594s][info][gc             ] GC(280) Pause Young (Allocation Failure) 1440M->85M(4091M) 0.994ms
[89.594s][info][gc,cpu         ] GC(280) User=0.00s Sys=0.00s Real=0.00s
[89.686s][info][gc,start       ] GC(281) Pause Young (System.gc())
[89.686s][info][gc,heap        ] GC(281) PSYoungGen: 316639K(1393152K)->160K(1393664K) Eden: 314099K(1389568K)->0K(1389568K) From: 2539K(3584K)->160K(4096K)
[89.686s][info][gc,heap        ] GC(281) ParOldGen: 85075K(2796544K)->85075K(2796544K)
[89.686s][info][gc,metaspace   ] GC(281) Metaspace: 11746K(11968K)->11746K(11968K) NonClass: 10204K(10304K)->10204K(10304K) Class: 1542K(1664K)->1542K(1664K)
[89.686s][info][gc             ] GC(281) Pause Young (System.gc()) 392M->83M(4092M) 0.297ms
[89.686s][info][gc,cpu         ] GC(281) User=0.00s Sys=0.00s Real=0.00s
[89.686s][info][gc,start       ] GC(282) Pause Full (System.gc())
[89.686s][info][gc,phases,start] GC(282) Marking Phase
[89.750s][info][gc,phases      ] GC(282) Marking Phase 63.664ms
[89.750s][info][gc,phases,start] GC(282) Summary Phase
[89.750s][info][gc,phases      ] GC(282) Summary Phase 0.011ms
[89.750s][info][gc,phases,start] GC(282) Adjust Roots
[89.751s][info][gc,phases      ] GC(282) Adjust Roots 1.562ms
[89.751s][info][gc,phases,start] GC(282) Compaction Phase
[89.768s][info][gc,phases      ] GC(282) Compaction Phase 16.615ms
[89.768s][info][gc,phases,start] GC(282) Post Compact
[89.769s][info][gc,phases      ] GC(282) Post Compact 0.805ms
[89.769s][info][gc,heap        ] GC(282) PSYoungGen: 160K(1393664K)->0K(1393664K) Eden: 0K(1389568K)->0K(1389568K) From: 160K(4096K)->0K(4096K)
[89.769s][info][gc,heap        ] GC(282) ParOldGen: 85075K(2796544K)->85003K(2796544K)
[89.769s][info][gc,metaspace   ] GC(282) Metaspace: 11746K(11968K)->11746K(11968K) NonClass: 10204K(10304K)->10204K(10304K) Class: 1542K(1664K)->1542K(1664K)
[89.769s][info][gc             ] GC(282) Pause Full (System.gc()) 83M->83M(4092M) 82.964ms
[89.769s][info][gc,cpu         ] GC(282) User=0.47s Sys=0.00s Real=0.08s
[90.149s][info][gc,start       ] GC(283) Pause Young (Allocation Failure)
[90.149s][info][gc,heap        ] GC(283) PSYoungGen: 1389568K(1393664K)->2559K(1393664K) Eden: 1389568K(1389568K)->0K(1389568K) From: 0K(4096K)->2559K(4096K)
[90.150s][info][gc,heap        ] GC(283) ParOldGen: 85003K(2796544K)->85003K(2796544K)
[90.150s][info][gc,metaspace   ] GC(283) Metaspace: 11746K(11968K)->11746K(11968K) NonClass: 10204K(10304K)->10204K(10304K) Class: 1542K(1664K)->1542K(1664K)
[90.150s][info][gc             ] GC(283) Pause Young (Allocation Failure) 1440M->85M(4092M) 0.740ms
[90.150s][info][gc,cpu         ] GC(283) User=0.00s Sys=0.00s Real=0.00s
[90.529s][info][gc,start       ] GC(284) Pause Young (Allocation Failure)
[90.529s][info][gc,heap        ] GC(284) PSYoungGen: 1392127K(1393664K)->1191K(1393664K) Eden: 1389568K(1389568K)->0K(1389568K) From: 2559K(4096K)->1191K(4096K)
[90.529s][info][gc,heap        ] GC(284) ParOldGen: 85003K(2796544K)->85011K(2796544K)
[90.529s][info][gc,metaspace   ] GC(284) Metaspace: 11746K(11968K)->11746K(11968K) NonClass: 10204K(10304K)->10204K(10304K) Class: 1542K(1664K)->1542K(1664K)
[90.529s][info][gc             ] GC(284) Pause Young (Allocation Failure) 1442M->84M(4092M) 0.577ms
[90.529s][info][gc,cpu         ] GC(284) User=0.00s Sys=0.00s Real=0.00s
[90.913s][info][gc,start       ] GC(285) Pause Young (Allocation Failure)
[90.913s][info][gc,heap        ] GC(285) PSYoungGen: 1390759K(1393664K)->192K(1393664K) Eden: 1389568K(1389568K)->0K(1389568K) From: 1191K(4096K)->192K(4096K)
[90.913s][info][gc,heap        ] GC(285) ParOldGen: 85011K(2796544K)->85035K(2796544K)
[90.913s][info][gc,metaspace   ] GC(285) Metaspace: 11746K(11968K)->11746K(11968K) NonClass: 10204K(10304K)->10204K(10304K) Class: 1542K(1664K)->1542K(1664K)
[90.913s][info][gc             ] GC(285) Pause Young (Allocation Failure) 1441M->83M(4092M) 0.303ms
[90.913s][info][gc,cpu         ] GC(285) User=0.00s Sys=0.00s Real=0.00s
[91.291s][info][gc,start       ] GC(286) Pause Young (Allocation Failure)
[91.292s][info][gc,heap        ] GC(286) PSYoungGen: 1389760K(1393664K)->2251K(1393664K) Eden: 1389568K(1389568K)->0K(1389568K) From: 192K(4096K)->2251K(4096K)
[91.292s][info][gc,heap        ] GC(286) ParOldGen: 85035K(2796544K)->85035K(2796544K)
[91.292s][info][gc,metaspace   ] GC(286) Metaspace: 11746K(11968K)->11746K(11968K) NonClass: 10204K(10304K)->10204K(10304K) Class: 1542K(1664K)->1542K(1664K)
[91.292s][info][gc             ] GC(286) Pause Young (Allocation Failure) 1440M->85M(4092M) 0.640ms
[91.292s][info][gc,cpu         ] GC(286) User=0.00s Sys=0.00s Real=0.00s
[91.675s][info][gc,start       ] GC(287) Pause Young (Allocation Failure)
[91.676s][info][gc,heap        ] GC(287) PSYoungGen: 1391819K(1393664K)->1460K(1394176K) Eden: 1389568K(1389568K)->0K(1390080K) From: 2251K(4096K)->1460K(4096K)
[91.676s][info][gc,heap        ] GC(287) ParOldGen: 85035K(2796544K)->85051K(2796544K)
[91.676s][info][gc,metaspace   ] GC(287) Metaspace: 11746K(11968K)->11746K(11968K) NonClass: 10204K(10304K)->10204K(10304K) Class: 1542K(1664K)->1542K(1664K)
[91.676s][info][gc             ] GC(287) Pause Young (Allocation Failure) 1442M->84M(4092M) 0.704ms
[91.676s][info][gc,cpu         ] GC(287) User=0.00s Sys=0.00s Real=0.00s
[92.059s][info][gc,start       ] GC(288) Pause Young (Allocation Failure)
[92.060s][info][gc,heap        ] GC(288) PSYoungGen: 1391540K(1394176K)->786K(1393664K) Eden: 1390080K(1390080K)->0K(1390080K) From: 1460K(4096K)->786K(3584K)
[92.060s][info][gc,heap        ] GC(288) ParOldGen: 85051K(2796544K)->85051K(2796544K)
[92.060s][info][gc,metaspace   ] GC(288) Metaspace: 11746K(11968K)->11746K(11968K) NonClass: 10204K(10304K)->10204K(10304K) Class: 1542K(1664K)->1542K(1664K)
[92.060s][info][gc             ] GC(288) Pause Young (Allocation Failure) 1441M->83M(4092M) 0.456ms
[92.060s][info][gc,cpu         ] GC(288) User=0.00s Sys=0.00s Real=0.00s
[92.435s][info][gc,start       ] GC(289) Pause Young (Allocation Failure)
[92.436s][info][gc,heap        ] GC(289) PSYoungGen: 1390854K(1393664K)->2633K(1393152K) Eden: 1390068K(1390080K)->0K(1389568K) From: 786K(3584K)->2633K(3584K)
[92.436s][info][gc,heap        ] GC(289) ParOldGen: 85051K(2796544K)->85075K(2796544K)
[92.436s][info][gc,metaspace   ] GC(289) Metaspace: 11746K(11968K)->11746K(11968K) NonClass: 10204K(10304K)->10204K(10304K) Class: 1542K(1664K)->1542K(1664K)
[92.436s][info][gc             ] GC(289) Pause Young (Allocation Failure) 1441M->85M(4091M) 1.118ms
[92.436s][info][gc,cpu         ] GC(289) User=0.00s Sys=0.00s Real=0.00s
[92.525s][info][gc,start       ] GC(290) Pause Young (System.gc())
[92.526s][info][gc,heap        ] GC(290) PSYoungGen: 318441K(1393152K)->160K(1393664K) Eden: 315807K(1389568K)->0K(1389568K) From: 2633K(3584K)->160K(4096K)
[92.526s][info][gc,heap        ] GC(290) ParOldGen: 85075K(2796544K)->85075K(2796544K)
[92.526s][info][gc,metaspace   ] GC(290) Metaspace: 11747K(11968K)->11747K(11968K) NonClass: 10204K(10304K)->10204K(10304K) Class: 1542K(1664K)->1542K(1664K)
[92.526s][info][gc             ] GC(290) Pause Young (System.gc()) 394M->83M(4092M) 0.327ms
[92.526s][info][gc,cpu         ] GC(290) User=0.00s Sys=0.00s Real=0.00s
[92.526s][info][gc,start       ] GC(291) Pause Full (System.gc())
[92.526s][info][gc,phases,start] GC(291) Marking Phase
[92.590s][info][gc,phases      ] GC(291) Marking Phase 64.731ms
[92.590s][info][gc,phases,start] GC(291) Summary Phase
[92.590s][info][gc,phases      ] GC(291) Summary Phase 0.010ms
[92.590s][info][gc,phases,start] GC(291) Adjust Roots
[92.592s][info][gc,phases      ] GC(291) Adjust Roots 1.568ms
[92.592s][info][gc,phases,start] GC(291) Compaction Phase
[92.609s][info][gc,phases      ] GC(291) Compaction Phase 16.603ms
[92.609s][info][gc,phases,start] GC(291) Post Compact
[92.609s][info][gc,phases      ] GC(291) Post Compact 0.671ms
[92.609s][info][gc,heap        ] GC(291) PSYoungGen: 160K(1393664K)->0K(1393664K) Eden: 0K(1389568K)->0K(1389568K) From: 160K(4096K)->0K(4096K)
[92.609s][info][gc,heap        ] GC(291) ParOldGen: 85075K(2796544K)->85003K(2796544K)
[92.609s][info][gc,metaspace   ] GC(291) Metaspace: 11747K(11968K)->11747K(11968K) NonClass: 10204K(10304K)->10204K(10304K) Class: 1542K(1664K)->1542K(1664K)
[92.609s][info][gc             ] GC(291) Pause Full (System.gc()) 83M->83M(4092M) 83.795ms
[92.609s][info][gc,cpu         ] GC(291) User=0.45s Sys=0.00s Real=0.09s
[92.993s][info][gc,start       ] GC(292) Pause Young (Allocation Failure)
[92.993s][info][gc,heap        ] GC(292) PSYoungGen: 1389568K(1393664K)->2008K(1393664K) Eden: 1389568K(1389568K)->0K(1389568K) From: 0K(4096K)->2008K(4096K)
[92.993s][info][gc,heap        ] GC(292) ParOldGen: 85003K(2796544K)->85003K(2796544K)
[92.993s][info][gc,metaspace   ] GC(292) Metaspace: 11747K(11968K)->11747K(11968K) NonClass: 10204K(10304K)->10204K(10304K) Class: 1542K(1664K)->1542K(1664K)
[92.993s][info][gc             ] GC(292) Pause Young (Allocation Failure) 1440M->84M(4092M) 0.628ms
[92.993s][info][gc,cpu         ] GC(292) User=0.00s Sys=0.00s Real=0.00s
[93.372s][info][gc,start       ] GC(293) Pause Young (Allocation Failure)
[93.373s][info][gc,heap        ] GC(293) PSYoungGen: 1391576K(1393664K)->1098K(1393664K) Eden: 1389568K(1389568K)->0K(1389568K) From: 2008K(4096K)->1098K(4096K)
[93.373s][info][gc,heap        ] GC(293) ParOldGen: 85003K(2796544K)->85019K(2796544K)
[93.373s][info][gc,metaspace   ] GC(293) Metaspace: 11747K(11968K)->11747K(11968K) NonClass: 10204K(10304K)->10204K(10304K) Class: 1542K(1664K)->1542K(1664K)
[93.373s][info][gc             ] GC(293) Pause Young (Allocation Failure) 1441M->84M(4092M) 0.481ms
[93.373s][info][gc,cpu         ] GC(293) User=0.00s Sys=0.00s Real=0.00s
[93.757s][info][gc,start       ] GC(294) Pause Young (Allocation Failure)
[93.757s][info][gc,heap        ] GC(294) PSYoungGen: 1390666K(1393664K)->160K(1394176K) Eden: 1389568K(1389568K)->0K(1390592K) From: 1098K(4096K)->160K(3584K)
[93.757s][info][gc,heap        ] GC(294) ParOldGen: 85019K(2796544K)->85035K(2796544K)
[93.757s][info][gc,metaspace   ] GC(294) Metaspace: 11747K(11968K)->11747K(11968K) NonClass: 10204K(10304K)->10204K(10304K) Class: 1542K(1664K)->1542K(1664K)
[93.757s][info][gc             ] GC(294) Pause Young (Allocation Failure) 1441M->83M(4092M) 0.302ms
[93.757s][info][gc,cpu         ] GC(294) User=0.00s Sys=0.00s Real=0.00s
[94.134s][info][gc,start       ] GC(295) Pause Young (Allocation Failure)
[94.135s][info][gc,heap        ] GC(295) PSYoungGen: 1390752K(1394176K)->2024K(1392640K) Eden: 1390592K(1390592K)->0K(1390592K) From: 160K(3584K)->2024K(2048K)
[94.135s][info][gc,heap        ] GC(295) ParOldGen: 85035K(2796544K)->85035K(2796544K)
[94.135s][info][gc,metaspace   ] GC(295) Metaspace: 11747K(11968K)->11747K(11968K) NonClass: 10204K(10304K)->10204K(10304K) Class: 1542K(1664K)->1542K(1664K)
[94.135s][info][gc             ] GC(295) Pause Young (Allocation Failure) 1441M->85M(4091M) 0.683ms
[94.135s][info][gc,cpu         ] GC(295) User=0.00s Sys=0.00s Real=0.00s
[94.515s][info][gc,start       ] GC(296) Pause Young (Allocation Failure)
[94.515s][info][gc,heap        ] GC(296) PSYoungGen: 1392616K(1392640K)->1116K(1394176K) Eden: 1390592K(1390592K)->0K(1390080K) From: 2024K(2048K)->1116K(4096K)
[94.515s][info][gc,heap        ] GC(296) ParOldGen: 85035K(2796544K)->85043K(2796544K)
[94.515s][info][gc,metaspace   ] GC(296) Metaspace: 11747K(11968K)->11747K(11968K) NonClass: 10204K(10304K)->10204K(10304K) Class: 1542K(1664K)->1542K(1664K)
[94.515s][info][gc             ] GC(296) Pause Young (Allocation Failure) 1443M->84M(4092M) 0.491ms
[94.515s][info][gc,cpu         ] GC(296) User=0.00s Sys=0.00s Real=0.00s
[94.901s][info][gc,start       ] GC(297) Pause Young (Allocation Failure)
[94.901s][info][gc,heap        ] GC(297) PSYoungGen: 1391196K(1394176K)->192K(1393664K) Eden: 1390080K(1390080K)->0K(1390080K) From: 1116K(4096K)->192K(3584K)
[94.901s][info][gc,heap        ] GC(297) ParOldGen: 85043K(2796544K)->85043K(2796544K)
[94.901s][info][gc,metaspace   ] GC(297) Metaspace: 11747K(11968K)->11747K(11968K) NonClass: 10204K(10304K)->10204K(10304K) Class: 1542K(1664K)->1542K(1664K)
[94.901s][info][gc             ] GC(297) Pause Young (Allocation Failure) 1441M->83M(4092M) 0.335ms
[94.901s][info][gc,cpu         ] GC(297) User=0.00s Sys=0.00s Real=0.00s
[95.278s][info][gc,start       ] GC(298) Pause Young (Allocation Failure)
[95.278s][info][gc,heap        ] GC(298) PSYoungGen: 1390272K(1393664K)->2336K(1393152K) Eden: 1390080K(1390080K)->0K(1389568K) From: 192K(3584K)->2336K(3584K)
[95.278s][info][gc,heap        ] GC(298) ParOldGen: 85043K(2796544K)->85059K(2796544K)
[95.278s][info][gc,metaspace   ] GC(298) Metaspace: 11747K(11968K)->11747K(11968K) NonClass: 10204K(10304K)->10204K(10304K) Class: 1542K(1664K)->1542K(1664K)
[95.278s][info][gc             ] GC(298) Pause Young (Allocation Failure) 1440M->85M(4091M) 0.570ms
[95.278s][info][gc,cpu         ] GC(298) User=0.00s Sys=0.00s Real=0.00s
[95.368s][info][gc,start       ] GC(299) Pause Young (System.gc())
[95.369s][info][gc,heap        ] GC(299) PSYoungGen: 326325K(1393152K)->160K(1393664K) Eden: 323988K(1389568K)->0K(1389568K) From: 2336K(3584K)->160K(4096K)
[95.369s][info][gc,heap        ] GC(299) ParOldGen: 85059K(2796544K)->85059K(2796544K)
[95.369s][info][gc,metaspace   ] GC(299) Metaspace: 11747K(11968K)->11747K(11968K) NonClass: 10204K(10304K)->10204K(10304K) Class: 1542K(1664K)->1542K(1664K)
[95.369s][info][gc             ] GC(299) Pause Young (System.gc()) 401M->83M(4092M) 0.285ms
[95.369s][info][gc,cpu         ] GC(299) User=0.00s Sys=0.00s Real=0.00s
[95.369s][info][gc,start       ] GC(300) Pause Full (System.gc())
[95.369s][info][gc,phases,start] GC(300) Marking Phase
[95.443s][info][gc,phases      ] GC(300) Marking Phase 74.685ms
[95.444s][info][gc,phases,start] GC(300) Summary Phase
[95.444s][info][gc,phases      ] GC(300) Summary Phase 0.009ms
[95.444s][info][gc,phases,start] GC(300) Adjust Roots
[95.445s][info][gc,phases      ] GC(300) Adjust Roots 1.391ms
[95.445s][info][gc,phases,start] GC(300) Compaction Phase
[95.461s][info][gc,phases      ] GC(300) Compaction Phase 16.010ms
[95.461s][info][gc,phases,start] GC(300) Post Compact
[95.462s][info][gc,phases      ] GC(300) Post Compact 0.660ms
[95.462s][info][gc,heap        ] GC(300) PSYoungGen: 160K(1393664K)->0K(1393664K) Eden: 0K(1389568K)->0K(1389568K) From: 160K(4096K)->0K(4096K)
[95.462s][info][gc,heap        ] GC(300) ParOldGen: 85059K(2796544K)->85003K(2796544K)
[95.462s][info][gc,metaspace   ] GC(300) Metaspace: 11747K(11968K)->11747K(11968K) NonClass: 10204K(10304K)->10204K(10304K) Class: 1542K(1664K)->1542K(1664K)
[95.462s][info][gc             ] GC(300) Pause Full (System.gc()) 83M->83M(4092M) 92.975ms
[95.462s][info][gc,cpu         ] GC(300) User=0.50s Sys=0.00s Real=0.09s
[95.846s][info][gc,start       ] GC(301) Pause Young (Allocation Failure)
[95.847s][info][gc,heap        ] GC(301) PSYoungGen: 1389568K(1393664K)->1978K(1393152K) Eden: 1389568K(1389568K)->0K(1389568K) From: 0K(4096K)->1978K(3584K)
[95.847s][info][gc,heap        ] GC(301) ParOldGen: 85003K(2796544K)->85003K(2796544K)
[95.847s][info][gc,metaspace   ] GC(301) Metaspace: 11747K(11968K)->11747K(11968K) NonClass: 10205K(10304K)->10205K(10304K) Class: 1542K(1664K)->1542K(1664K)
[95.847s][info][gc             ] GC(301) Pause Young (Allocation Failure) 1440M->84M(4091M) 0.573ms
[95.847s][info][gc,cpu         ] GC(301) User=0.00s Sys=0.00s Real=0.00s
[96.226s][info][gc,start       ] GC(302) Pause Young (Allocation Failure)
[96.227s][info][gc,heap        ] GC(302) PSYoungGen: 1391546K(1393152K)->1272K(1393664K) Eden: 1389568K(1389568K)->0K(1389568K) From: 1978K(3584K)->1272K(4096K)
[96.227s][info][gc,heap        ] GC(302) ParOldGen: 85003K(2796544K)->85011K(2796544K)
[96.227s][info][gc,metaspace   ] GC(302) Metaspace: 11747K(11968K)->11747K(11968K) NonClass: 10205K(10304K)->10205K(10304K) Class: 1542K(1664K)->1542K(1664K)
[96.227s][info][gc             ] GC(302) Pause Young (Allocation Failure) 1441M->84M(4092M) 0.476ms
[96.227s][info][gc,cpu         ] GC(302) User=0.00s Sys=0.00s Real=0.00s
[96.606s][info][gc,start       ] GC(303) Pause Young (Allocation Failure)
[96.607s][info][gc,heap        ] GC(303) PSYoungGen: 1390840K(1393664K)->192K(1394176K) Eden: 1389568K(1389568K)->0K(1390592K) From: 1272K(4096K)->192K(3584K)
[96.607s][info][gc,heap        ] GC(303) ParOldGen: 85011K(2796544K)->85027K(2796544K)
[96.607s][info][gc,metaspace   ] GC(303) Metaspace: 11747K(11968K)->11747K(11968K) NonClass: 10205K(10304K)->10205K(10304K) Class: 1542K(1664K)->1542K(1664K)
[96.607s][info][gc             ] GC(303) Pause Young (Allocation Failure) 1441M->83M(4092M) 0.352ms
[96.607s][info][gc,cpu         ] GC(303) User=0.00s Sys=0.00s Real=0.00s
[96.988s][info][gc,start       ] GC(304) Pause Young (Allocation Failure)
[96.989s][info][gc,heap        ] GC(304) PSYoungGen: 1390784K(1394176K)->2289K(1394176K) Eden: 1390592K(1390592K)->0K(1390592K) From: 192K(3584K)->2289K(3584K)
[96.989s][info][gc,heap        ] GC(304) ParOldGen: 85027K(2796544K)->85027K(2796544K)
[96.989s][info][gc,metaspace   ] GC(304) Metaspace: 11747K(11968K)->11747K(11968K) NonClass: 10205K(10304K)->10205K(10304K) Class: 1542K(1664K)->1542K(1664K)
[96.989s][info][gc             ] GC(304) Pause Young (Allocation Failure) 1441M->85M(4092M) 0.610ms
[96.989s][info][gc,cpu         ] GC(304) User=0.00s Sys=0.00s Real=0.00s
[97.368s][info][gc,start       ] GC(305) Pause Young (Allocation Failure)
[97.369s][info][gc,heap        ] GC(305) PSYoungGen: 1392881K(1394176K)->1372K(1394176K) Eden: 1390592K(1390592K)->0K(1390592K) From: 2289K(3584K)->1372K(3584K)
[97.369s][info][gc,heap        ] GC(305) ParOldGen: 85027K(2796544K)->85051K(2796544K)
[97.369s][info][gc,metaspace   ] GC(305) Metaspace: 11747K(11968K)->11747K(11968K) NonClass: 10205K(10304K)->10205K(10304K) Class: 1542K(1664K)->1542K(1664K)
[97.369s][info][gc             ] GC(305) Pause Young (Allocation Failure) 1443M->84M(4092M) 0.521ms
[97.369s][info][gc,cpu         ] GC(305) User=0.00s Sys=0.00s Real=0.00s
[97.753s][info][gc,start       ] GC(306) Pause Young (Allocation Failure)
[97.754s][info][gc,heap        ] GC(306) PSYoungGen: 1391964K(1394176K)->611K(1394176K) Eden: 1390592K(1390592K)->0K(1390592K) From: 1372K(3584K)->611K(3584K)
[97.754s][info][gc,heap        ] GC(306) ParOldGen: 85051K(2796544K)->85051K(2796544K)
[97.754s][info][gc,metaspace   ] GC(306) Metaspace: 11747K(11968K)->11747K(11968K) NonClass: 10205K(10304K)->10205K(10304K) Class: 1542K(1664K)->1542K(1664K)
[97.754s][info][gc             ] GC(306) Pause Young (Allocation Failure) 1442M->83M(4092M) 0.409ms
[97.754s][info][gc,cpu         ] GC(306) User=0.00s Sys=0.00s Real=0.00s
[98.130s][info][gc,start       ] GC(307) Pause Young (Allocation Failure)
[98.130s][info][gc,heap        ] GC(307) PSYoungGen: 1391203K(1394176K)->2804K(1393152K) Eden: 1390592K(1390592K)->0K(1389568K) From: 611K(3584K)->2804K(3584K)
[98.131s][info][gc,heap        ] GC(307) ParOldGen: 85051K(2796544K)->85075K(2796544K)
[98.131s][info][gc,metaspace   ] GC(307) Metaspace: 11747K(11968K)->11747K(11968K) NonClass: 10205K(10304K)->10205K(10304K) Class: 1542K(1664K)->1542K(1664K)
[98.131s][info][gc             ] GC(307) Pause Young (Allocation Failure) 1441M->85M(4091M) 0.776ms
[98.131s][info][gc,cpu         ] GC(307) User=0.00s Sys=0.00s Real=0.00s
[98.218s][info][gc,start       ] GC(308) Pause Young (System.gc())
[98.219s][info][gc,heap        ] GC(308) PSYoungGen: 320879K(1393152K)->128K(1393664K) Eden: 318075K(1389568K)->0K(1389568K) From: 2804K(3584K)->128K(4096K)
[98.219s][info][gc,heap        ] GC(308) ParOldGen: 85075K(2796544K)->85075K(2796544K)
[98.219s][info][gc,metaspace   ] GC(308) Metaspace: 11747K(11968K)->11747K(11968K) NonClass: 10205K(10304K)->10205K(10304K) Class: 1542K(1664K)->1542K(1664K)
[98.219s][info][gc             ] GC(308) Pause Young (System.gc()) 396M->83M(4092M) 0.280ms
[98.219s][info][gc,cpu         ] GC(308) User=0.00s Sys=0.00s Real=0.00s
[98.219s][info][gc,start       ] GC(309) Pause Full (System.gc())
[98.219s][info][gc,phases,start] GC(309) Marking Phase
[98.280s][info][gc,phases      ] GC(309) Marking Phase 60.963ms
[98.280s][info][gc,phases,start] GC(309) Summary Phase
[98.280s][info][gc,phases      ] GC(309) Summary Phase 0.011ms
[98.280s][info][gc,phases,start] GC(309) Adjust Roots
[98.281s][info][gc,phases      ] GC(309) Adjust Roots 1.623ms
[98.281s][info][gc,phases,start] GC(309) Compaction Phase
[98.297s][info][gc,phases      ] GC(309) Compaction Phase 15.654ms
[98.297s][info][gc,phases,start] GC(309) Post Compact
[98.298s][info][gc,phases      ] GC(309) Post Compact 0.779ms
[98.298s][info][gc,heap        ] GC(309) PSYoungGen: 128K(1393664K)->0K(1393664K) Eden: 0K(1389568K)->0K(1389568K) From: 128K(4096K)->0K(4096K)
[98.298s][info][gc,heap        ] GC(309) ParOldGen: 85075K(2796544K)->85003K(2796544K)
[98.298s][info][gc,metaspace   ] GC(309) Metaspace: 11747K(11968K)->11747K(11968K) NonClass: 10205K(10304K)->10205K(10304K) Class: 1542K(1664K)->1542K(1664K)
[98.298s][info][gc             ] GC(309) Pause Full (System.gc()) 83M->83M(4092M) 79.328ms
[98.298s][info][gc,cpu         ] GC(309) User=0.45s Sys=0.00s Real=0.08s
[98.679s][info][gc,start       ] GC(310) Pause Young (Allocation Failure)
[98.680s][info][gc,heap        ] GC(310) PSYoungGen: 1389568K(1393664K)->1781K(1393664K) Eden: 1389568K(1389568K)->0K(1389568K) From: 0K(4096K)->1781K(4096K)
[98.680s][info][gc,heap        ] GC(310) ParOldGen: 85003K(2796544K)->85003K(2796544K)
[98.680s][info][gc,metaspace   ] GC(310) Metaspace: 11750K(11968K)->11750K(11968K) NonClass: 10208K(10304K)->10208K(10304K) Class: 1542K(1664K)->1542K(1664K)
[98.680s][info][gc             ] GC(310) Pause Young (Allocation Failure) 1440M->84M(4092M) 1.212ms
[98.680s][info][gc,cpu         ] GC(310) User=0.00s Sys=0.00s Real=0.00s
[99.063s][info][gc,start       ] GC(311) Pause Young (Allocation Failure)
[99.064s][info][gc,heap        ] GC(311) PSYoungGen: 1391349K(1393664K)->1353K(1393664K) Eden: 1389568K(1389568K)->0K(1389568K) From: 1781K(4096K)->1353K(4096K)
[99.064s][info][gc,heap        ] GC(311) ParOldGen: 85003K(2796544K)->85019K(2796544K)
[99.064s][info][gc,metaspace   ] GC(311) Metaspace: 11750K(11968K)->11750K(11968K) NonClass: 10208K(10304K)->10208K(10304K) Class: 1542K(1664K)->1542K(1664K)
[99.064s][info][gc             ] GC(311) Pause Young (Allocation Failure) 1441M->84M(4092M) 0.477ms
[99.064s][info][gc,cpu         ] GC(311) User=0.00s Sys=0.00s Real=0.00s
[99.443s][info][gc,start       ] GC(312) Pause Young (Allocation Failure)
[99.443s][info][gc,heap        ] GC(312) PSYoungGen: 1390921K(1393664K)->192K(1394176K) Eden: 1389568K(1389568K)->0K(1390592K) From: 1353K(4096K)->192K(3584K)
[99.443s][info][gc,heap        ] GC(312) ParOldGen: 85019K(2796544K)->85043K(2796544K)
[99.443s][info][gc,metaspace   ] GC(312) Metaspace: 11750K(11968K)->11750K(11968K) NonClass: 10208K(10304K)->10208K(10304K) Class: 1542K(1664K)->1542K(1664K)
[99.443s][info][gc             ] GC(312) Pause Young (Allocation Failure) 1441M->83M(4092M) 0.320ms
[99.443s][info][gc,cpu         ] GC(312) User=0.00s Sys=0.00s Real=0.00s
[99.829s][info][gc,start       ] GC(313) Pause Young (Allocation Failure)
[99.829s][info][gc,heap        ] GC(313) PSYoungGen: 1390784K(1394176K)->2148K(1394176K) Eden: 1390592K(1390592K)->0K(1390592K) From: 192K(3584K)->2148K(3584K)
[99.829s][info][gc,heap        ] GC(313) ParOldGen: 85043K(2796544K)->85043K(2796544K)
[99.829s][info][gc,metaspace   ] GC(313) Metaspace: 11750K(11968K)->11750K(11968K) NonClass: 10208K(10304K)->10208K(10304K) Class: 1542K(1664K)->1542K(1664K)
[99.829s][info][gc             ] GC(313) Pause Young (Allocation Failure) 1441M->85M(4092M) 0.631ms
[99.829s][info][gc,cpu         ] GC(313) User=0.00s Sys=0.00s Real=0.00s
[100.209s][info][gc,start       ] GC(314) Pause Young (Allocation Failure)
[100.209s][info][gc,heap        ] GC(314) PSYoungGen: 1392740K(1394176K)->1130K(1394176K) Eden: 1390592K(1390592K)->0K(1390592K) From: 2148K(3584K)->1130K(3584K)
[100.209s][info][gc,heap        ] GC(314) ParOldGen: 85043K(2796544K)->85051K(2796544K)
[100.209s][info][gc,metaspace   ] GC(314) Metaspace: 11750K(11968K)->11750K(11968K) NonClass: 10208K(10304K)->10208K(10304K) Class: 1542K(1664K)->1542K(1664K)
[100.209s][info][gc             ] GC(314) Pause Young (Allocation Failure) 1443M->84M(4092M) 0.475ms
[100.209s][info][gc,cpu         ] GC(314) User=0.00s Sys=0.00s Real=0.00s
[100.588s][info][gc,start       ] GC(315) Pause Young (Allocation Failure)
[100.588s][info][gc,heap        ] GC(315) PSYoungGen: 1391722K(1394176K)->192K(1394176K) Eden: 1390592K(1390592K)->0K(1390592K) From: 1130K(3584K)->192K(3584K)
[100.588s][info][gc,heap        ] GC(315) ParOldGen: 85051K(2796544K)->85051K(2796544K)
[100.588s][info][gc,metaspace   ] GC(315) Metaspace: 11750K(11968K)->11750K(11968K) NonClass: 10208K(10304K)->10208K(10304K) Class: 1542K(1664K)->1542K(1664K)
[100.588s][info][gc             ] GC(315) Pause Young (Allocation Failure) 1442M->83M(4092M) 0.319ms
[100.588s][info][gc,cpu         ] GC(315) User=0.00s Sys=0.00s Real=0.00s
[100.970s][info][gc,start       ] GC(316) Pause Young (Allocation Failure)
[100.971s][info][gc,heap        ] GC(316) PSYoungGen: 1390784K(1394176K)->2523K(1394176K) Eden: 1390592K(1390592K)->0K(1390592K) From: 192K(3584K)->2523K(3584K)
[100.971s][info][gc,heap        ] GC(316) ParOldGen: 85051K(2796544K)->85067K(2796544K)
[100.971s][info][gc,metaspace   ] GC(316) Metaspace: 11750K(11968K)->11750K(11968K) NonClass: 10208K(10304K)->10208K(10304K) Class: 1542K(1664K)->1542K(1664K)
[100.971s][info][gc             ] GC(316) Pause Young (Allocation Failure) 1441M->85M(4092M) 0.738ms
[100.971s][info][gc,cpu         ] GC(316) User=0.00s Sys=0.00s Real=0.00s
[101.060s][info][gc,start       ] GC(317) Pause Young (System.gc())
[101.061s][info][gc,heap        ] GC(317) PSYoungGen: 322170K(1394176K)->160K(1394176K) Eden: 319646K(1390592K)->0K(1390592K) From: 2523K(3584K)->160K(3584K)
[101.061s][info][gc,heap        ] GC(317) ParOldGen: 85067K(2796544K)->85067K(2796544K)
[101.061s][info][gc,metaspace   ] GC(317) Metaspace: 11750K(11968K)->11750K(11968K) NonClass: 10208K(10304K)->10208K(10304K) Class: 1542K(1664K)->1542K(1664K)
[101.061s][info][gc             ] GC(317) Pause Young (System.gc()) 397M->83M(4092M) 0.292ms
[101.061s][info][gc,cpu         ] GC(317) User=0.00s Sys=0.00s Real=0.00s
[101.061s][info][gc,start       ] GC(318) Pause Full (System.gc())
[101.061s][info][gc,phases,start] GC(318) Marking Phase
[101.134s][info][gc,phases      ] GC(318) Marking Phase 73.753ms
[101.135s][info][gc,phases,start] GC(318) Summary Phase
[101.135s][info][gc,phases      ] GC(318) Summary Phase 0.025ms
[101.135s][info][gc,phases,start] GC(318) Adjust Roots
[101.137s][info][gc,phases      ] GC(318) Adjust Roots 1.502ms
[101.137s][info][gc,phases,start] GC(318) Compaction Phase
[101.153s][info][gc,phases      ] GC(318) Compaction Phase 15.925ms
[101.153s][info][gc,phases,start] GC(318) Post Compact
[101.153s][info][gc,phases      ] GC(318) Post Compact 0.792ms
[101.153s][info][gc,heap        ] GC(318) PSYoungGen: 160K(1394176K)->0K(1394176K) Eden: 0K(1390592K)->0K(1390592K) From: 160K(3584K)->0K(3584K)
[101.153s][info][gc,heap        ] GC(318) ParOldGen: 85067K(2796544K)->85004K(2796544K)
[101.153s][info][gc,metaspace   ] GC(318) Metaspace: 11750K(11968K)->11750K(11968K) NonClass: 10208K(10304K)->10208K(10304K) Class: 1542K(1664K)->1542K(1664K)
[101.154s][info][gc             ] GC(318) Pause Full (System.gc()) 83M->83M(4092M) 92.832ms
[101.154s][info][gc,cpu         ] GC(318) User=0.55s Sys=0.02s Real=0.09s
[101.537s][info][gc,start       ] GC(319) Pause Young (Allocation Failure)
[101.538s][info][gc,heap        ] GC(319) PSYoungGen: 1390586K(1394176K)->2343K(1393152K) Eden: 1390586K(1390592K)->0K(1389568K) From: 0K(3584K)->2343K(3584K)
[101.538s][info][gc,heap        ] GC(319) ParOldGen: 85004K(2796544K)->85004K(2796544K)
[101.538s][info][gc,metaspace   ] GC(319) Metaspace: 11750K(11968K)->11750K(11968K) NonClass: 10208K(10304K)->10208K(10304K) Class: 1542K(1664K)->1542K(1664K)
[101.538s][info][gc             ] GC(319) Pause Young (Allocation Failure) 1441M->85M(4091M) 0.730ms
[101.538s][info][gc,cpu         ] GC(319) User=0.00s Sys=0.00s Real=0.00s
[101.922s][info][gc,start       ] GC(320) Pause Young (Allocation Failure)
[101.922s][info][gc,heap        ] GC(320) PSYoungGen: 1391911K(1393152K)->1305K(1393664K) Eden: 1389568K(1389568K)->0K(1389568K) From: 2343K(3584K)->1305K(4096K)
[101.922s][info][gc,heap        ] GC(320) ParOldGen: 85004K(2796544K)->85020K(2796544K)
[101.922s][info][gc,metaspace   ] GC(320) Metaspace: 11750K(11968K)->11750K(11968K) NonClass: 10208K(10304K)->10208K(10304K) Class: 1542K(1664K)->1542K(1664K)
[101.922s][info][gc             ] GC(320) Pause Young (Allocation Failure) 1442M->84M(4092M) 0.513ms
[101.922s][info][gc,cpu         ] GC(320) User=0.00s Sys=0.00s Real=0.00s
[102.303s][info][gc,start       ] GC(321) Pause Young (Allocation Failure)
[102.303s][info][gc,heap        ] GC(321) PSYoungGen: 1390873K(1393664K)->658K(1394176K) Eden: 1389568K(1389568K)->0K(1390592K) From: 1305K(4096K)->658K(3584K)
[102.303s][info][gc,heap        ] GC(321) ParOldGen: 85020K(2796544K)->85028K(2796544K)
[102.303s][info][gc,metaspace   ] GC(321) Metaspace: 11750K(11968K)->11750K(11968K) NonClass: 10208K(10304K)->10208K(10304K) Class: 1542K(1664K)->1542K(1664K)
[102.303s][info][gc             ] GC(321) Pause Young (Allocation Failure) 1441M->83M(4092M) 0.432ms
[102.303s][info][gc,cpu         ] GC(321) User=0.00s Sys=0.00s Real=0.00s
[102.682s][info][gc,start       ] GC(322) Pause Young (Allocation Failure)
[102.683s][info][gc,heap        ] GC(322) PSYoungGen: 1391250K(1394176K)->2366K(1393152K) Eden: 1390592K(1390592K)->0K(1390592K) From: 658K(3584K)->2366K(2560K)
[102.683s][info][gc,heap        ] GC(322) ParOldGen: 85028K(2796544K)->85028K(2796544K)
[102.683s][info][gc,metaspace   ] GC(322) Metaspace: 11750K(11968K)->11750K(11968K) NonClass: 10208K(10304K)->10208K(10304K) Class: 1542K(1664K)->1542K(1664K)
[102.683s][info][gc             ] GC(322) Pause Young (Allocation Failure) 1441M->85M(4091M) 0.796ms
[102.683s][info][gc,cpu         ] GC(322) User=0.00s Sys=0.00s Real=0.00s
[103.067s][info][gc,start       ] GC(323) Pause Young (Allocation Failure)
[103.067s][info][gc,heap        ] GC(323) PSYoungGen: 1392958K(1393152K)->1783K(1394176K) Eden: 1390592K(1390592K)->0K(1390080K) From: 2366K(2560K)->1783K(4096K)
[103.067s][info][gc,heap        ] GC(323) ParOldGen: 85028K(2796544K)->85044K(2796544K)
[103.067s][info][gc,metaspace   ] GC(323) Metaspace: 11750K(11968K)->11750K(11968K) NonClass: 10208K(10304K)->10208K(10304K) Class: 1542K(1664K)->1542K(1664K)
[103.067s][info][gc             ] GC(323) Pause Young (Allocation Failure) 1443M->84M(4092M) 0.621ms
[103.067s][info][gc,cpu         ] GC(323) User=0.00s Sys=0.00s Real=0.00s
[103.447s][info][gc,start       ] GC(324) Pause Young (Allocation Failure)
[103.448s][info][gc,heap        ] GC(324) PSYoungGen: 1391863K(1394176K)->824K(1393664K) Eden: 1390080K(1390080K)->0K(1390080K) From: 1783K(4096K)->824K(3584K)
[103.448s][info][gc,heap        ] GC(324) ParOldGen: 85044K(2796544K)->85044K(2796544K)
[103.448s][info][gc,metaspace   ] GC(324) Metaspace: 11750K(11968K)->11750K(11968K) NonClass: 10208K(10304K)->10208K(10304K) Class: 1542K(1664K)->1542K(1664K)
[103.448s][info][gc             ] GC(324) Pause Young (Allocation Failure) 1442M->83M(4092M) 0.462ms
[103.448s][info][gc,cpu         ] GC(324) User=0.00s Sys=0.00s Real=0.00s
[103.828s][info][gc,start       ] GC(325) Pause Young (Allocation Failure)
[103.829s][info][gc,heap        ] GC(325) PSYoungGen: 1390904K(1393664K)->2201K(1394176K) Eden: 1390080K(1390080K)->0K(1390592K) From: 824K(3584K)->2201K(3584K)
[103.829s][info][gc,heap        ] GC(325) ParOldGen: 85044K(2796544K)->85076K(2796544K)
[103.829s][info][gc,metaspace   ] GC(325) Metaspace: 11750K(11968K)->11750K(11968K) NonClass: 10208K(10304K)->10208K(10304K) Class: 1542K(1664K)->1542K(1664K)
[103.829s][info][gc             ] GC(325) Pause Young (Allocation Failure) 1441M->85M(4092M) 0.734ms
[103.829s][info][gc,cpu         ] GC(325) User=0.00s Sys=0.00s Real=0.00s
[103.917s][info][gc,start       ] GC(326) Pause Young (System.gc())
[103.918s][info][gc,heap        ] GC(326) PSYoungGen: 324538K(1394176K)->160K(1394176K) Eden: 322336K(1390592K)->0K(1390592K) From: 2201K(3584K)->160K(3584K)
[103.918s][info][gc,heap        ] GC(326) ParOldGen: 85076K(2796544K)->85076K(2796544K)
[103.918s][info][gc,metaspace   ] GC(326) Metaspace: 11751K(11968K)->11751K(11968K) NonClass: 10208K(10304K)->10208K(10304K) Class: 1542K(1664K)->1542K(1664K)
[103.918s][info][gc             ] GC(326) Pause Young (System.gc()) 400M->83M(4092M) 0.282ms
[103.918s][info][gc,cpu         ] GC(326) User=0.00s Sys=0.00s Real=0.00s
[103.918s][info][gc,start       ] GC(327) Pause Full (System.gc())
[103.918s][info][gc,phases,start] GC(327) Marking Phase
[103.994s][info][gc,phases      ] GC(327) Marking Phase 76.420ms
[103.994s][info][gc,phases,start] GC(327) Summary Phase
[103.994s][info][gc,phases      ] GC(327) Summary Phase 0.010ms
[103.994s][info][gc,phases,start] GC(327) Adjust Roots
[103.996s][info][gc,phases      ] GC(327) Adjust Roots 1.483ms
[103.996s][info][gc,phases,start] GC(327) Compaction Phase
[104.012s][info][gc,phases      ] GC(327) Compaction Phase 16.447ms
[104.012s][info][gc,phases,start] GC(327) Post Compact
[104.013s][info][gc,phases      ] GC(327) Post Compact 0.914ms
[104.013s][info][gc,heap        ] GC(327) PSYoungGen: 160K(1394176K)->0K(1394176K) Eden: 0K(1390592K)->0K(1390592K) From: 160K(3584K)->0K(3584K)
[104.013s][info][gc,heap        ] GC(327) ParOldGen: 85076K(2796544K)->85004K(2796544K)
[104.013s][info][gc,metaspace   ] GC(327) Metaspace: 11751K(11968K)->11751K(11968K) NonClass: 10208K(10304K)->10208K(10304K) Class: 1542K(1664K)->1542K(1664K)
[104.013s][info][gc             ] GC(327) Pause Full (System.gc()) 83M->83M(4092M) 95.520ms
[104.013s][info][gc,cpu         ] GC(327) User=0.55s Sys=0.00s Real=0.09s
[104.394s][info][gc,start       ] GC(328) Pause Young (Allocation Failure)
[104.395s][info][gc,heap        ] GC(328) PSYoungGen: 1390592K(1394176K)->2525K(1393152K) Eden: 1390592K(1390592K)->0K(1389568K) From: 0K(3584K)->2525K(3584K)
[104.395s][info][gc,heap        ] GC(328) ParOldGen: 85004K(2796544K)->85004K(2796544K)
[104.395s][info][gc,metaspace   ] GC(328) Metaspace: 11752K(11968K)->11752K(11968K) NonClass: 10210K(10304K)->10210K(10304K) Class: 1542K(1664K)->1542K(1664K)
[104.395s][info][gc             ] GC(328) Pause Young (Allocation Failure) 1441M->85M(4091M) 0.735ms
[104.395s][info][gc,cpu         ] GC(328) User=0.00s Sys=0.00s Real=0.00s
[104.781s][info][gc,start       ] GC(329) Pause Young (Allocation Failure)
[104.782s][info][gc,heap        ] GC(329) PSYoungGen: 1392093K(1393152K)->1348K(1393664K) Eden: 1389568K(1389568K)->0K(1389568K) From: 2525K(3584K)->1348K(4096K)
[104.782s][info][gc,heap        ] GC(329) ParOldGen: 85004K(2796544K)->85012K(2796544K)
[104.782s][info][gc,metaspace   ] GC(329) Metaspace: 11752K(11968K)->11752K(11968K) NonClass: 10210K(10304K)->10210K(10304K) Class: 1542K(1664K)->1542K(1664K)
[104.782s][info][gc             ] GC(329) Pause Young (Allocation Failure) 1442M->84M(4092M) 0.528ms
[104.782s][info][gc,cpu         ] GC(329) User=0.00s Sys=0.00s Real=0.00s
[105.155s][info][gc,start       ] GC(330) Pause Young (Allocation Failure)
[105.156s][info][gc,heap        ] GC(330) PSYoungGen: 1390842K(1393664K)->2732K(1393152K) Eden: 1389493K(1389568K)->0K(1389568K) From: 1348K(4096K)->2732K(3584K)
[105.156s][info][gc,heap        ] GC(330) ParOldGen: 85012K(2796544K)->85036K(2796544K)
[105.156s][info][gc,metaspace   ] GC(330) Metaspace: 11752K(11968K)->11752K(11968K) NonClass: 10210K(10304K)->10210K(10304K) Class: 1542K(1664K)->1542K(1664K)
[105.156s][info][gc             ] GC(330) Pause Young (Allocation Failure) 1441M->85M(4091M) 1.055ms
[105.156s][info][gc,cpu         ] GC(330) User=0.00s Sys=0.00s Real=0.00s
[105.538s][info][gc,start       ] GC(331) Pause Young (Allocation Failure)
[105.539s][info][gc,heap        ] GC(331) PSYoungGen: 1392300K(1393152K)->1661K(1393664K) Eden: 1389568K(1389568K)->0K(1389568K) From: 2732K(3584K)->1661K(4096K)
[105.539s][info][gc,heap        ] GC(331) ParOldGen: 85036K(2796544K)->85036K(2796544K)
[105.539s][info][gc,metaspace   ] GC(331) Metaspace: 11752K(11968K)->11752K(11968K) NonClass: 10210K(10304K)->10210K(10304K) Class: 1542K(1664K)->1542K(1664K)
[105.539s][info][gc             ] GC(331) Pause Young (Allocation Failure) 1442M->84M(4092M) 0.726ms
[105.539s][info][gc,cpu         ] GC(331) User=0.00s Sys=0.00s Real=0.00s
[105.923s][info][gc,start       ] GC(332) Pause Young (Allocation Failure)
[105.923s][info][gc,heap        ] GC(332) PSYoungGen: 1391229K(1393664K)->690K(1394176K) Eden: 1389568K(1389568K)->0K(1390080K) From: 1661K(4096K)->690K(4096K)
[105.923s][info][gc,heap        ] GC(332) ParOldGen: 85036K(2796544K)->85044K(2796544K)
[105.923s][info][gc,metaspace   ] GC(332) Metaspace: 11752K(11968K)->11752K(11968K) NonClass: 10210K(10304K)->10210K(10304K) Class: 1542K(1664K)->1542K(1664K)
[105.923s][info][gc             ] GC(332) Pause Young (Allocation Failure) 1441M->83M(4092M) 0.428ms
[105.923s][info][gc,cpu         ] GC(332) User=0.00s Sys=0.00s Real=0.00s
[106.300s][info][gc,start       ] GC(333) Pause Young (Allocation Failure)
[106.300s][info][gc,heap        ] GC(333) PSYoungGen: 1390770K(1394176K)->2462K(1393664K) Eden: 1390080K(1390080K)->0K(1390080K) From: 690K(4096K)->2462K(3584K)
[106.300s][info][gc,heap        ] GC(333) ParOldGen: 85044K(2796544K)->85044K(2796544K)
[106.300s][info][gc,metaspace   ] GC(333) Metaspace: 11752K(11968K)->11752K(11968K) NonClass: 10210K(10304K)->10210K(10304K) Class: 1542K(1664K)->1542K(1664K)
[106.300s][info][gc             ] GC(333) Pause Young (Allocation Failure) 1441M->85M(4092M) 0.868ms
[106.300s][info][gc,cpu         ] GC(333) User=0.00s Sys=0.00s Real=0.00s
[106.684s][info][gc,start       ] GC(334) Pause Young (Allocation Failure)
[106.684s][info][gc,heap        ] GC(334) PSYoungGen: 1392542K(1393664K)->1626K(1394176K) Eden: 1390080K(1390080K)->0K(1390080K) From: 2462K(3584K)->1626K(4096K)
[106.684s][info][gc,heap        ] GC(334) ParOldGen: 85044K(2796544K)->85060K(2796544K)
[106.684s][info][gc,metaspace   ] GC(334) Metaspace: 11752K(11968K)->11752K(11968K) NonClass: 10210K(10304K)->10210K(10304K) Class: 1542K(1664K)->1542K(1664K)
[106.684s][info][gc             ] GC(334) Pause Young (Allocation Failure) 1442M->84M(4092M) 0.655ms
[106.684s][info][gc,cpu         ] GC(334) User=0.00s Sys=0.00s Real=0.00s
[106.777s][info][gc,start       ] GC(335) Pause Young (System.gc())
[106.777s][info][gc,heap        ] GC(335) PSYoungGen: 337178K(1394176K)->160K(1393664K) Eden: 335551K(1390080K)->0K(1390080K) From: 1626K(4096K)->160K(3584K)
[106.778s][info][gc,heap        ] GC(335) ParOldGen: 85060K(2796544K)->85060K(2796544K)
[106.778s][info][gc,metaspace   ] GC(335) Metaspace: 11752K(11968K)->11752K(11968K) NonClass: 10210K(10304K)->10210K(10304K) Class: 1542K(1664K)->1542K(1664K)
[106.778s][info][gc             ] GC(335) Pause Young (System.gc()) 412M->83M(4092M) 0.288ms
[106.778s][info][gc,cpu         ] GC(335) User=0.00s Sys=0.00s Real=0.00s
[106.778s][info][gc,start       ] GC(336) Pause Full (System.gc())
[106.778s][info][gc,phases,start] GC(336) Marking Phase
[106.852s][info][gc,phases      ] GC(336) Marking Phase 74.476ms
[106.852s][info][gc,phases,start] GC(336) Summary Phase
[106.852s][info][gc,phases      ] GC(336) Summary Phase 0.022ms
[106.852s][info][gc,phases,start] GC(336) Adjust Roots
[106.853s][info][gc,phases      ] GC(336) Adjust Roots 1.298ms
[106.853s][info][gc,phases,start] GC(336) Compaction Phase
[106.869s][info][gc,phases      ] GC(336) Compaction Phase 15.604ms
[106.869s][info][gc,phases,start] GC(336) Post Compact
[106.870s][info][gc,phases      ] GC(336) Post Compact 0.667ms
[106.870s][info][gc,heap        ] GC(336) PSYoungGen: 160K(1393664K)->0K(1393664K) Eden: 0K(1390080K)->0K(1390080K) From: 160K(3584K)->0K(3584K)
[106.870s][info][gc,heap        ] GC(336) ParOldGen: 85060K(2796544K)->85003K(2796544K)
[106.870s][info][gc,metaspace   ] GC(336) Metaspace: 11752K(11968K)->11752K(11968K) NonClass: 10210K(10304K)->10210K(10304K) Class: 1542K(1664K)->1542K(1664K)
[106.870s][info][gc             ] GC(336) Pause Full (System.gc()) 83M->83M(4092M) 92.292ms
[106.870s][info][gc,cpu         ] GC(336) User=0.53s Sys=0.00s Real=0.09s
[107.248s][info][gc,start       ] GC(337) Pause Young (Allocation Failure)
[107.249s][info][gc,heap        ] GC(337) PSYoungGen: 1390080K(1393664K)->1981K(1394176K) Eden: 1390080K(1390080K)->0K(1390592K) From: 0K(3584K)->1981K(3584K)
[107.249s][info][gc,heap        ] GC(337) ParOldGen: 85003K(2796544K)->85003K(2796544K)
[107.249s][info][gc,metaspace   ] GC(337) Metaspace: 11752K(11968K)->11752K(11968K) NonClass: 10210K(10304K)->10210K(10304K) Class: 1542K(1664K)->1542K(1664K)
[107.249s][info][gc             ] GC(337) Pause Young (Allocation Failure) 1440M->84M(4092M) 0.639ms
[107.249s][info][gc,cpu         ] GC(337) User=0.00s Sys=0.00s Real=0.00s
[107.631s][info][gc,start       ] GC(338) Pause Young (Allocation Failure)
[107.631s][info][gc,heap        ] GC(338) PSYoungGen: 1392573K(1394176K)->1034K(1394176K) Eden: 1390592K(1390592K)->0K(1390592K) From: 1981K(3584K)->1034K(3584K)
[107.631s][info][gc,heap        ] GC(338) ParOldGen: 85003K(2796544K)->85019K(2796544K)
[107.631s][info][gc,metaspace   ] GC(338) Metaspace: 11752K(11968K)->11752K(11968K) NonClass: 10210K(10304K)->10210K(10304K) Class: 1542K(1664K)->1542K(1664K)
[107.631s][info][gc             ] GC(338) Pause Young (Allocation Failure) 1442M->84M(4092M) 0.514ms
[107.631s][info][gc,cpu         ] GC(338) User=0.00s Sys=0.00s Real=0.00s
[108.016s][info][gc,start       ] GC(339) Pause Young (Allocation Failure)
[108.016s][info][gc,heap        ] GC(339) PSYoungGen: 1391626K(1394176K)->192K(1394176K) Eden: 1390592K(1390592K)->0K(1390592K) From: 1034K(3584K)->192K(3584K)
[108.016s][info][gc,heap        ] GC(339) ParOldGen: 85019K(2796544K)->85035K(2796544K)
[108.016s][info][gc,metaspace   ] GC(339) Metaspace: 11752K(11968K)->11752K(11968K) NonClass: 10210K(10304K)->10210K(10304K) Class: 1542K(1664K)->1542K(1664K)
[108.016s][info][gc             ] GC(339) Pause Young (Allocation Failure) 1442M->83M(4092M) 0.312ms
[108.016s][info][gc,cpu         ] GC(339) User=0.00s Sys=0.00s Real=0.00s
[108.393s][info][gc,start       ] GC(340) Pause Young (Allocation Failure)
[108.394s][info][gc,heap        ] GC(340) PSYoungGen: 1390784K(1394176K)->2278K(1393152K) Eden: 1390592K(1390592K)->0K(1390592K) From: 192K(3584K)->2278K(2560K)
[108.394s][info][gc,heap        ] GC(340) ParOldGen: 85035K(2796544K)->85035K(2796544K)
[108.394s][info][gc,metaspace   ] GC(340) Metaspace: 11752K(11968K)->11752K(11968K) NonClass: 10210K(10304K)->10210K(10304K) Class: 1542K(1664K)->1542K(1664K)
[108.394s][info][gc             ] GC(340) Pause Young (Allocation Failure) 1441M->85M(4091M) 0.741ms
[108.394s][info][gc,cpu         ] GC(340) User=0.00s Sys=0.00s Real=0.00s
[108.781s][info][gc,start       ] GC(341) Pause Young (Allocation Failure)
[108.781s][info][gc,heap        ] GC(341) PSYoungGen: 1392870K(1393152K)->1706K(1394176K) Eden: 1390592K(1390592K)->0K(1390080K) From: 2278K(2560K)->1706K(4096K)
[108.781s][info][gc,heap        ] GC(341) ParOldGen: 85035K(2796544K)->85051K(2796544K)
[108.781s][info][gc,metaspace   ] GC(341) Metaspace: 11752K(11968K)->11752K(11968K) NonClass: 10210K(10304K)->10210K(10304K) Class: 1542K(1664K)->1542K(1664K)
[108.781s][info][gc             ] GC(341) Pause Young (Allocation Failure) 1443M->84M(4092M) 0.595ms
[108.781s][info][gc,cpu         ] GC(341) User=0.00s Sys=0.00s Real=0.00s
[109.159s][info][gc,start       ] GC(342) Pause Young (Allocation Failure)
[109.159s][info][gc,heap        ] GC(342) PSYoungGen: 1391786K(1394176K)->192K(1393664K) Eden: 1390080K(1390080K)->0K(1390080K) From: 1706K(4096K)->192K(3584K)
[109.159s][info][gc,heap        ] GC(342) ParOldGen: 85051K(2796544K)->85051K(2796544K)
[109.159s][info][gc,metaspace   ] GC(342) Metaspace: 11752K(11968K)->11752K(11968K) NonClass: 10210K(10304K)->10210K(10304K) Class: 1542K(1664K)->1542K(1664K)
[109.159s][info][gc             ] GC(342) Pause Young (Allocation Failure) 1442M->83M(4092M) 0.311ms
[109.159s][info][gc,cpu         ] GC(342) User=0.00s Sys=0.00s Real=0.00s
[109.536s][info][gc,start       ] GC(343) Pause Young (Allocation Failure)
[109.537s][info][gc,heap        ] GC(343) PSYoungGen: 1390272K(1393664K)->2168K(1393152K) Eden: 1390080K(1390080K)->0K(1389568K) From: 192K(3584K)->2168K(3584K)
[109.537s][info][gc,heap        ] GC(343) ParOldGen: 85051K(2796544K)->85067K(2796544K)
[109.537s][info][gc,metaspace   ] GC(343) Metaspace: 11752K(11968K)->11752K(11968K) NonClass: 10210K(10304K)->10210K(10304K) Class: 1542K(1664K)->1542K(1664K)
[109.537s][info][gc             ] GC(343) Pause Young (Allocation Failure) 1440M->85M(4091M) 0.908ms
[109.537s][info][gc,cpu         ] GC(343) User=0.00s Sys=0.00s Real=0.00s
[109.627s][info][gc,start       ] GC(344) Pause Young (System.gc())
[109.627s][info][gc,heap        ] GC(344) PSYoungGen: 330373K(1393152K)->160K(1393664K) Eden: 328204K(1389568K)->0K(1389568K) From: 2168K(3584K)->160K(4096K)
[109.627s][info][gc,heap        ] GC(344) ParOldGen: 85067K(2796544K)->85067K(2796544K)
[109.627s][info][gc,metaspace   ] GC(344) Metaspace: 11752K(11968K)->11752K(11968K) NonClass: 10210K(10304K)->10210K(10304K) Class: 1542K(1664K)->1542K(1664K)
[109.627s][info][gc             ] GC(344) Pause Young (System.gc()) 405M->83M(4092M) 0.300ms
[109.627s][info][gc,cpu         ] GC(344) User=0.00s Sys=0.00s Real=0.00s
[109.627s][info][gc,start       ] GC(345) Pause Full (System.gc())
[109.627s][info][gc,phases,start] GC(345) Marking Phase
[109.684s][info][gc,phases      ] GC(345) Marking Phase 57.262ms
[109.684s][info][gc,phases,start] GC(345) Summary Phase
[109.684s][info][gc,phases      ] GC(345) Summary Phase 0.011ms
[109.684s][info][gc,phases,start] GC(345) Adjust Roots
[109.685s][info][gc,phases      ] GC(345) Adjust Roots 1.202ms
[109.686s][info][gc,phases,start] GC(345) Compaction Phase
[109.701s][info][gc,phases      ] GC(345) Compaction Phase 15.552ms
[109.701s][info][gc,phases,start] GC(345) Post Compact
[109.702s][info][gc,phases      ] GC(345) Post Compact 0.665ms
[109.702s][info][gc,heap        ] GC(345) PSYoungGen: 160K(1393664K)->0K(1393664K) Eden: 0K(1389568K)->0K(1389568K) From: 160K(4096K)->0K(4096K)
[109.702s][info][gc,heap        ] GC(345) ParOldGen: 85067K(2796544K)->85003K(2796544K)
[109.702s][info][gc,metaspace   ] GC(345) Metaspace: 11752K(11968K)->11752K(11968K) NonClass: 10210K(10304K)->10210K(10304K) Class: 1542K(1664K)->1542K(1664K)
[109.702s][info][gc             ] GC(345) Pause Full (System.gc()) 83M->83M(4092M) 74.961ms
[109.702s][info][gc,cpu         ] GC(345) User=0.42s Sys=0.00s Real=0.07s
[110.082s][info][gc,start       ] GC(346) Pause Young (Allocation Failure)
[110.083s][info][gc,heap        ] GC(346) PSYoungGen: 1389568K(1393664K)->2284K(1393152K) Eden: 1389568K(1389568K)->0K(1389568K) From: 0K(4096K)->2284K(3584K)
[110.083s][info][gc,heap        ] GC(346) ParOldGen: 85003K(2796544K)->85003K(2796544K)
[110.083s][info][gc,metaspace   ] GC(346) Metaspace: 11754K(12032K)->11754K(12032K) NonClass: 10211K(10368K)->10211K(10368K) Class: 1542K(1664K)->1542K(1664K)
[110.083s][info][gc             ] GC(346) Pause Young (Allocation Failure) 1440M->85M(4091M) 0.572ms
[110.083s][info][gc,cpu         ] GC(346) User=0.00s Sys=0.00s Real=0.00s
[110.462s][info][gc,start       ] GC(347) Pause Young (Allocation Failure)
[110.462s][info][gc,heap        ] GC(347) PSYoungGen: 1391852K(1393152K)->951K(1393664K) Eden: 1389568K(1389568K)->0K(1389568K) From: 2284K(3584K)->951K(4096K)
[110.463s][info][gc,heap        ] GC(347) ParOldGen: 85003K(2796544K)->85019K(2796544K)
[110.463s][info][gc,metaspace   ] GC(347) Metaspace: 11754K(12032K)->11754K(12032K) NonClass: 10211K(10368K)->10211K(10368K) Class: 1542K(1664K)->1542K(1664K)
[110.463s][info][gc             ] GC(347) Pause Young (Allocation Failure) 1442M->83M(4092M) 0.485ms
[110.463s][info][gc,cpu         ] GC(347) User=0.00s Sys=0.00s Real=0.00s
[110.857s][info][gc,start       ] GC(348) Pause Young (Allocation Failure)
[110.857s][info][gc,heap        ] GC(348) PSYoungGen: 1390519K(1393664K)->320K(1394176K) Eden: 1389568K(1389568K)->0K(1390592K) From: 951K(4096K)->320K(3584K)
[110.857s][info][gc,heap        ] GC(348) ParOldGen: 85019K(2796544K)->85043K(2796544K)
[110.857s][info][gc,metaspace   ] GC(348) Metaspace: 11754K(12032K)->11754K(12032K) NonClass: 10211K(10368K)->10211K(10368K) Class: 1542K(1664K)->1542K(1664K)
[110.857s][info][gc             ] GC(348) Pause Young (Allocation Failure) 1440M->83M(4092M) 0.352ms
[110.857s][info][gc,cpu         ] GC(348) User=0.00s Sys=0.00s Real=0.00s
[111.233s][info][gc,start       ] GC(349) Pause Young (Allocation Failure)
[111.234s][info][gc,heap        ] GC(349) PSYoungGen: 1390912K(1394176K)->2339K(1393152K) Eden: 1390592K(1390592K)->0K(1390592K) From: 320K(3584K)->2339K(2560K)
[111.234s][info][gc,heap        ] GC(349) ParOldGen: 85043K(2796544K)->85043K(2796544K)
[111.234s][info][gc,metaspace   ] GC(349) Metaspace: 11754K(12032K)->11754K(12032K) NonClass: 10211K(10368K)->10211K(10368K) Class: 1542K(1664K)->1542K(1664K)
[111.234s][info][gc             ] GC(349) Pause Young (Allocation Failure) 1441M->85M(4091M) 0.649ms
[111.234s][info][gc,cpu         ] GC(349) User=0.00s Sys=0.00s Real=0.00s
[111.616s][info][gc,start       ] GC(350) Pause Young (Allocation Failure)
[111.617s][info][gc,heap        ] GC(350) PSYoungGen: 1392931K(1393152K)->1402K(1394176K) Eden: 1390592K(1390592K)->0K(1390080K) From: 2339K(2560K)->1402K(4096K)
[111.617s][info][gc,heap        ] GC(350) ParOldGen: 85043K(2796544K)->85059K(2796544K)
[111.617s][info][gc,metaspace   ] GC(350) Metaspace: 11754K(12032K)->11754K(12032K) NonClass: 10211K(10368K)->10211K(10368K) Class: 1542K(1664K)->1542K(1664K)
[111.617s][info][gc             ] GC(350) Pause Young (Allocation Failure) 1443M->84M(4092M) 0.513ms
[111.617s][info][gc,cpu         ] GC(350) User=0.00s Sys=0.00s Real=0.00s
[112.011s][info][gc,start       ] GC(351) Pause Young (Allocation Failure)
[112.012s][info][gc,heap        ] GC(351) PSYoungGen: 1391482K(1394176K)->617K(1393664K) Eden: 1390080K(1390080K)->0K(1390080K) From: 1402K(4096K)->617K(3584K)
[112.012s][info][gc,heap        ] GC(351) ParOldGen: 85059K(2796544K)->85059K(2796544K)
[112.012s][info][gc,metaspace   ] GC(351) Metaspace: 11754K(12032K)->11754K(12032K) NonClass: 10211K(10368K)->10211K(10368K) Class: 1542K(1664K)->1542K(1664K)
[112.012s][info][gc             ] GC(351) Pause Young (Allocation Failure) 1441M->83M(4092M) 0.415ms
[112.012s][info][gc,cpu         ] GC(351) User=0.00s Sys=0.00s Real=0.00s
[112.388s][info][gc,start       ] GC(352) Pause Young (Allocation Failure)
[112.389s][info][gc,heap        ] GC(352) PSYoungGen: 1390697K(1393664K)->2657K(1393152K) Eden: 1390080K(1390080K)->0K(1389568K) From: 617K(3584K)->2657K(3584K)
[112.389s][info][gc,heap        ] GC(352) ParOldGen: 85059K(2796544K)->85091K(2796544K)
[112.389s][info][gc,metaspace   ] GC(352) Metaspace: 11754K(12032K)->11754K(12032K) NonClass: 10211K(10368K)->10211K(10368K) Class: 1542K(1664K)->1542K(1664K)
[112.389s][info][gc             ] GC(352) Pause Young (Allocation Failure) 1441M->85M(4091M) 0.798ms
[112.389s][info][gc,cpu         ] GC(352) User=0.00s Sys=0.00s Real=0.00s
[112.478s][info][gc,start       ] GC(353) Pause Young (System.gc())
[112.478s][info][gc,heap        ] GC(353) PSYoungGen: 321068K(1393152K)->160K(1393664K) Eden: 318410K(1389568K)->0K(1389568K) From: 2657K(3584K)->160K(4096K)
[112.478s][info][gc,heap        ] GC(353) ParOldGen: 85091K(2796544K)->85091K(2796544K)
[112.478s][info][gc,metaspace   ] GC(353) Metaspace: 11754K(12032K)->11754K(12032K) NonClass: 10211K(10368K)->10211K(10368K) Class: 1542K(1664K)->1542K(1664K)
[112.478s][info][gc             ] GC(353) Pause Young (System.gc()) 396M->83M(4092M) 0.458ms
[112.478s][info][gc,cpu         ] GC(353) User=0.00s Sys=0.00s Real=0.00s
[112.478s][info][gc,start       ] GC(354) Pause Full (System.gc())
[112.478s][info][gc,phases,start] GC(354) Marking Phase
[112.524s][info][gc,phases      ] GC(354) Marking Phase 45.943ms
[112.524s][info][gc,phases,start] GC(354) Summary Phase
[112.524s][info][gc,phases      ] GC(354) Summary Phase 0.011ms
[112.524s][info][gc,phases,start] GC(354) Adjust Roots
[112.526s][info][gc,phases      ] GC(354) Adjust Roots 1.045ms
[112.526s][info][gc,phases,start] GC(354) Compaction Phase
[112.542s][info][gc,phases      ] GC(354) Compaction Phase 16.327ms
[112.542s][info][gc,phases,start] GC(354) Post Compact
[112.543s][info][gc,phases      ] GC(354) Post Compact 0.780ms
[112.543s][info][gc,heap        ] GC(354) PSYoungGen: 160K(1393664K)->0K(1393664K) Eden: 0K(1389568K)->0K(1389568K) From: 160K(4096K)->0K(4096K)
[112.543s][info][gc,heap        ] GC(354) ParOldGen: 85091K(2796544K)->85003K(2796544K)
[112.543s][info][gc,metaspace   ] GC(354) Metaspace: 11754K(12032K)->11754K(12032K) NonClass: 10211K(10368K)->10211K(10368K) Class: 1542K(1664K)->1542K(1664K)
[112.543s][info][gc             ] GC(354) Pause Full (System.gc()) 83M->83M(4092M) 64.383ms
[112.543s][info][gc,cpu         ] GC(354) User=0.38s Sys=0.00s Real=0.06s
[112.928s][info][gc,start       ] GC(355) Pause Young (Allocation Failure)
[112.929s][info][gc,heap        ] GC(355) PSYoungGen: 1389568K(1393664K)->2625K(1393664K) Eden: 1389568K(1389568K)->0K(1389568K) From: 0K(4096K)->2625K(4096K)
[112.929s][info][gc,heap        ] GC(355) ParOldGen: 85003K(2796544K)->85003K(2796544K)
[112.929s][info][gc,metaspace   ] GC(355) Metaspace: 11755K(12032K)->11755K(12032K) NonClass: 10213K(10368K)->10213K(10368K) Class: 1542K(1664K)->1542K(1664K)
[112.929s][info][gc             ] GC(355) Pause Young (Allocation Failure) 1440M->85M(4092M) 0.814ms
[112.929s][info][gc,cpu         ] GC(355) User=0.00s Sys=0.00s Real=0.00s
[113.308s][info][gc,start       ] GC(356) Pause Young (Allocation Failure)
[113.309s][info][gc,heap        ] GC(356) PSYoungGen: 1392193K(1393664K)->1338K(1393664K) Eden: 1389568K(1389568K)->0K(1389568K) From: 2625K(4096K)->1338K(4096K)
[113.309s][info][gc,heap        ] GC(356) ParOldGen: 85003K(2796544K)->85011K(2796544K)
[113.309s][info][gc,metaspace   ] GC(356) Metaspace: 11755K(12032K)->11755K(12032K) NonClass: 10213K(10368K)->10213K(10368K) Class: 1542K(1664K)->1542K(1664K)
[113.309s][info][gc             ] GC(356) Pause Young (Allocation Failure) 1442M->84M(4092M) 0.511ms
[113.309s][info][gc,cpu         ] GC(356) User=0.00s Sys=0.00s Real=0.00s
[113.693s][info][gc,start       ] GC(357) Pause Young (Allocation Failure)
[113.694s][info][gc,heap        ] GC(357) PSYoungGen: 1390906K(1393664K)->537K(1393664K) Eden: 1389568K(1389568K)->0K(1389568K) From: 1338K(4096K)->537K(4096K)
[113.694s][info][gc,heap        ] GC(357) ParOldGen: 85011K(2796544K)->85019K(2796544K)
[113.694s][info][gc,metaspace   ] GC(357) Metaspace: 11755K(12032K)->11755K(12032K) NonClass: 10213K(10368K)->10213K(10368K) Class: 1542K(1664K)->1542K(1664K)
[113.694s][info][gc             ] GC(357) Pause Young (Allocation Failure) 1441M->83M(4092M) 0.435ms
[113.694s][info][gc,cpu         ] GC(357) User=0.00s Sys=0.00s Real=0.00s
[114.071s][info][gc,start       ] GC(358) Pause Young (Allocation Failure)
[114.072s][info][gc,heap        ] GC(358) PSYoungGen: 1390105K(1393664K)->2728K(1393664K) Eden: 1389568K(1389568K)->0K(1389568K) From: 537K(4096K)->2728K(4096K)
[114.072s][info][gc,heap        ] GC(358) ParOldGen: 85019K(2796544K)->85019K(2796544K)
[114.072s][info][gc,metaspace   ] GC(358) Metaspace: 11755K(12032K)->11755K(12032K) NonClass: 10213K(10368K)->10213K(10368K) Class: 1542K(1664K)->1542K(1664K)
[114.072s][info][gc             ] GC(358) Pause Young (Allocation Failure) 1440M->85M(4092M) 0.888ms
[114.072s][info][gc,cpu         ] GC(358) User=0.00s Sys=0.00s Real=0.00s
[114.452s][info][gc,start       ] GC(359) Pause Young (Allocation Failure)
[114.452s][info][gc,heap        ] GC(359) PSYoungGen: 1392296K(1393664K)->1749K(1393664K) Eden: 1389568K(1389568K)->0K(1389568K) From: 2728K(4096K)->1749K(4096K)
[114.452s][info][gc,heap        ] GC(359) ParOldGen: 85019K(2796544K)->85043K(2796544K)
[114.452s][info][gc,metaspace   ] GC(359) Metaspace: 11755K(12032K)->11755K(12032K) NonClass: 10213K(10368K)->10213K(10368K) Class: 1542K(1664K)->1542K(1664K)
[114.452s][info][gc             ] GC(359) Pause Young (Allocation Failure) 1442M->84M(4092M) 0.475ms
[114.452s][info][gc,cpu         ] GC(359) User=0.00s Sys=0.00s Real=0.00s
[114.839s][info][gc,start       ] GC(360) Pause Young (Allocation Failure)
[114.840s][info][gc,heap        ] GC(360) PSYoungGen: 1391317K(1393664K)->999K(1393664K) Eden: 1389568K(1389568K)->0K(1389568K) From: 1749K(4096K)->999K(4096K)
[114.840s][info][gc,heap        ] GC(360) ParOldGen: 85043K(2796544K)->85043K(2796544K)
[114.840s][info][gc,metaspace   ] GC(360) Metaspace: 11755K(12032K)->11755K(12032K) NonClass: 10213K(10368K)->10213K(10368K) Class: 1542K(1664K)->1542K(1664K)
[114.840s][info][gc             ] GC(360) Pause Young (Allocation Failure) 1441M->84M(4092M) 0.613ms
[114.840s][info][gc,cpu         ] GC(360) User=0.00s Sys=0.00s Real=0.00s
[115.214s][info][gc,start       ] GC(361) Pause Young (Allocation Failure)
[115.214s][info][gc,heap        ] GC(361) PSYoungGen: 1390567K(1393664K)->3073K(1393664K) Eden: 1389568K(1389568K)->0K(1389568K) From: 999K(4096K)->3073K(4096K)
[115.214s][info][gc,heap        ] GC(361) ParOldGen: 85043K(2796544K)->85075K(2796544K)
[115.214s][info][gc,metaspace   ] GC(361) Metaspace: 11755K(12032K)->11755K(12032K) NonClass: 10213K(10368K)->10213K(10368K) Class: 1542K(1664K)->1542K(1664K)
[115.214s][info][gc             ] GC(361) Pause Young (Allocation Failure) 1441M->86M(4092M) 0.877ms
[115.214s][info][gc,cpu         ] GC(361) User=0.00s Sys=0.00s Real=0.00s
[115.303s][info][gc,start       ] GC(362) Pause Young (System.gc())
[115.303s][info][gc,heap        ] GC(362) PSYoungGen: 321163K(1393664K)->160K(1393664K) Eden: 318090K(1389568K)->0K(1389568K) From: 3073K(4096K)->160K(4096K)
[115.303s][info][gc,heap        ] GC(362) ParOldGen: 85075K(2796544K)->85075K(2796544K)
[115.303s][info][gc,metaspace   ] GC(362) Metaspace: 11755K(12032K)->11755K(12032K) NonClass: 10213K(10368K)->10213K(10368K) Class: 1542K(1664K)->1542K(1664K)
[115.303s][info][gc             ] GC(362) Pause Young (System.gc()) 396M->83M(4092M) 0.303ms
[115.303s][info][gc,cpu         ] GC(362) User=0.00s Sys=0.00s Real=0.00s
[115.303s][info][gc,start       ] GC(363) Pause Full (System.gc())
[115.303s][info][gc,phases,start] GC(363) Marking Phase
[115.348s][info][gc,phases      ] GC(363) Marking Phase 45.172ms
[115.348s][info][gc,phases,start] GC(363) Summary Phase
[115.348s][info][gc,phases      ] GC(363) Summary Phase 0.010ms
[115.348s][info][gc,phases,start] GC(363) Adjust Roots
[115.349s][info][gc,phases      ] GC(363) Adjust Roots 1.041ms
[115.349s][info][gc,phases,start] GC(363) Compaction Phase
[115.365s][info][gc,phases      ] GC(363) Compaction Phase 16.094ms
[115.365s][info][gc,phases,start] GC(363) Post Compact
[115.366s][info][gc,phases      ] GC(363) Post Compact 0.854ms
[115.366s][info][gc,heap        ] GC(363) PSYoungGen: 160K(1393664K)->0K(1393664K) Eden: 0K(1389568K)->0K(1389568K) From: 160K(4096K)->0K(4096K)
[115.367s][info][gc,heap        ] GC(363) ParOldGen: 85075K(2796544K)->85003K(2796544K)
[115.367s][info][gc,metaspace   ] GC(363) Metaspace: 11755K(12032K)->11755K(12032K) NonClass: 10213K(10368K)->10213K(10368K) Class: 1542K(1664K)->1542K(1664K)
[115.367s][info][gc             ] GC(363) Pause Full (System.gc()) 83M->83M(4092M) 63.612ms
[115.367s][info][gc,cpu         ] GC(363) User=0.31s Sys=0.00s Real=0.06s
[115.753s][info][gc,start       ] GC(364) Pause Young (Allocation Failure)
[115.753s][info][gc,heap        ] GC(364) PSYoungGen: 1389568K(1393664K)->2179K(1393664K) Eden: 1389568K(1389568K)->0K(1389568K) From: 0K(4096K)->2179K(4096K)
[115.753s][info][gc,heap        ] GC(364) ParOldGen: 85003K(2796544K)->85003K(2796544K)
[115.753s][info][gc,metaspace   ] GC(364) Metaspace: 11755K(12032K)->11755K(12032K) NonClass: 10213K(10368K)->10213K(10368K) Class: 1542K(1664K)->1542K(1664K)
[115.753s][info][gc             ] GC(364) Pause Young (Allocation Failure) 1440M->85M(4092M) 0.587ms
[115.753s][info][gc,cpu         ] GC(364) User=0.00s Sys=0.00s Real=0.00s
[116.132s][info][gc,start       ] GC(365) Pause Young (Allocation Failure)
[116.132s][info][gc,heap        ] GC(365) PSYoungGen: 1391747K(1393664K)->1401K(1393664K) Eden: 1389568K(1389568K)->0K(1389568K) From: 2179K(4096K)->1401K(4096K)
[116.132s][info][gc,heap        ] GC(365) ParOldGen: 85003K(2796544K)->85019K(2796544K)
[116.132s][info][gc,metaspace   ] GC(365) Metaspace: 11755K(12032K)->11755K(12032K) NonClass: 10213K(10368K)->10213K(10368K) Class: 1542K(1664K)->1542K(1664K)
[116.132s][info][gc             ] GC(365) Pause Young (Allocation Failure) 1442M->84M(4092M) 0.549ms
[116.132s][info][gc,cpu         ] GC(365) User=0.00s Sys=0.00s Real=0.00s
[116.512s][info][gc,start       ] GC(366) Pause Young (Allocation Failure)
[116.512s][info][gc,heap        ] GC(366) PSYoungGen: 1390969K(1393664K)->256K(1393664K) Eden: 1389568K(1389568K)->0K(1389568K) From: 1401K(4096K)->256K(4096K)
[116.512s][info][gc,heap        ] GC(366) ParOldGen: 85019K(2796544K)->85035K(2796544K)
[116.512s][info][gc,metaspace   ] GC(366) Metaspace: 11755K(12032K)->11755K(12032K) NonClass: 10213K(10368K)->10213K(10368K) Class: 1542K(1664K)->1542K(1664K)
[116.512s][info][gc             ] GC(366) Pause Young (Allocation Failure) 1441M->83M(4092M) 0.350ms
[116.512s][info][gc,cpu         ] GC(366) User=0.00s Sys=0.00s Real=0.00s
[116.895s][info][gc,start       ] GC(367) Pause Young (Allocation Failure)
[116.896s][info][gc,heap        ] GC(367) PSYoungGen: 1389824K(1393664K)->2315K(1393664K) Eden: 1389568K(1389568K)->0K(1389568K) From: 256K(4096K)->2315K(4096K)
[116.896s][info][gc,heap        ] GC(367) ParOldGen: 85035K(2796544K)->85035K(2796544K)
[116.896s][info][gc,metaspace   ] GC(367) Metaspace: 11755K(12032K)->11755K(12032K) NonClass: 10213K(10368K)->10213K(10368K) Class: 1542K(1664K)->1542K(1664K)
[116.896s][info][gc             ] GC(367) Pause Young (Allocation Failure) 1440M->85M(4092M) 0.793ms
[116.896s][info][gc,cpu         ] GC(367) User=0.00s Sys=0.00s Real=0.00s
[117.274s][info][gc,start       ] GC(368) Pause Young (Allocation Failure)
[117.274s][info][gc,heap        ] GC(368) PSYoungGen: 1391883K(1393664K)->1280K(1393664K) Eden: 1389568K(1389568K)->0K(1389568K) From: 2315K(4096K)->1280K(4096K)
[117.274s][info][gc,heap        ] GC(368) ParOldGen: 85035K(2796544K)->85043K(2796544K)
[117.274s][info][gc,metaspace   ] GC(368) Metaspace: 11755K(12032K)->11755K(12032K) NonClass: 10213K(10368K)->10213K(10368K) Class: 1542K(1664K)->1542K(1664K)
[117.274s][info][gc             ] GC(368) Pause Young (Allocation Failure) 1442M->84M(4092M) 0.509ms
[117.274s][info][gc,cpu         ] GC(368) User=0.00s Sys=0.00s Real=0.00s
[117.656s][info][gc,start       ] GC(369) Pause Young (Allocation Failure)
[117.656s][info][gc,heap        ] GC(369) PSYoungGen: 1390848K(1393664K)->368K(1393664K) Eden: 1389568K(1389568K)->0K(1389568K) From: 1280K(4096K)->368K(4096K)
[117.657s][info][gc,heap        ] GC(369) ParOldGen: 85043K(2796544K)->85043K(2796544K)
[117.657s][info][gc,metaspace   ] GC(369) Metaspace: 11755K(12032K)->11755K(12032K) NonClass: 10213K(10368K)->10213K(10368K) Class: 1542K(1664K)->1542K(1664K)
[117.657s][info][gc             ] GC(369) Pause Young (Allocation Failure) 1441M->83M(4092M) 0.515ms
[117.657s][info][gc,cpu         ] GC(369) User=0.00s Sys=0.00s Real=0.00s
[118.040s][info][gc,start       ] GC(370) Pause Young (Allocation Failure)
[118.040s][info][gc,heap        ] GC(370) PSYoungGen: 1389936K(1393664K)->2218K(1393664K) Eden: 1389568K(1389568K)->0K(1389568K) From: 368K(4096K)->2218K(4096K)
[118.040s][info][gc,heap        ] GC(370) ParOldGen: 85043K(2796544K)->85059K(2796544K)
[118.040s][info][gc,metaspace   ] GC(370) Metaspace: 11755K(12032K)->11755K(12032K) NonClass: 10213K(10368K)->10213K(10368K) Class: 1542K(1664K)->1542K(1664K)
[118.040s][info][gc             ] GC(370) Pause Young (Allocation Failure) 1440M->85M(4092M) 0.679ms
[118.040s][info][gc,cpu         ] GC(370) User=0.00s Sys=0.00s Real=0.00s
[118.130s][info][gc,start       ] GC(371) Pause Young (System.gc())
[118.130s][info][gc,heap        ] GC(371) PSYoungGen: 330246K(1393664K)->160K(1393664K) Eden: 328028K(1389568K)->0K(1389568K) From: 2218K(4096K)->160K(4096K)
[118.130s][info][gc,heap        ] GC(371) ParOldGen: 85059K(2796544K)->85059K(2796544K)
[118.130s][info][gc,metaspace   ] GC(371) Metaspace: 11755K(12032K)->11755K(12032K) NonClass: 10213K(10368K)->10213K(10368K) Class: 1542K(1664K)->1542K(1664K)
[118.130s][info][gc             ] GC(371) Pause Young (System.gc()) 405M->83M(4092M) 0.278ms
[118.130s][info][gc,cpu         ] GC(371) User=0.00s Sys=0.00s Real=0.00s
[118.130s][info][gc,start       ] GC(372) Pause Full (System.gc())
[118.130s][info][gc,phases,start] GC(372) Marking Phase
[118.192s][info][gc,phases      ] GC(372) Marking Phase 61.857ms
[118.192s][info][gc,phases,start] GC(372) Summary Phase
[118.192s][info][gc,phases      ] GC(372) Summary Phase 0.012ms
[118.192s][info][gc,phases,start] GC(372) Adjust Roots
[118.193s][info][gc,phases      ] GC(372) Adjust Roots 1.167ms
[118.193s][info][gc,phases,start] GC(372) Compaction Phase
[118.209s][info][gc,phases      ] GC(372) Compaction Phase 15.489ms
[118.209s][info][gc,phases,start] GC(372) Post Compact
[118.210s][info][gc,phases      ] GC(372) Post Compact 0.799ms
[118.210s][info][gc,heap        ] GC(372) PSYoungGen: 160K(1393664K)->0K(1393664K) Eden: 0K(1389568K)->0K(1389568K) From: 160K(4096K)->0K(4096K)
[118.210s][info][gc,heap        ] GC(372) ParOldGen: 85059K(2796544K)->85003K(2796544K)
[118.210s][info][gc,metaspace   ] GC(372) Metaspace: 11755K(12032K)->11755K(12032K) NonClass: 10213K(10368K)->10213K(10368K) Class: 1542K(1664K)->1542K(1664K)
[118.210s][info][gc             ] GC(372) Pause Full (System.gc()) 83M->83M(4092M) 79.619ms
[118.210s][info][gc,cpu         ] GC(372) User=0.41s Sys=0.00s Real=0.08s
[118.591s][info][gc,start       ] GC(373) Pause Young (Allocation Failure)
[118.591s][info][gc,heap        ] GC(373) PSYoungGen: 1389568K(1393664K)->2542K(1393664K) Eden: 1389568K(1389568K)->0K(1389568K) From: 0K(4096K)->2542K(4096K)
[118.591s][info][gc,heap        ] GC(373) ParOldGen: 85003K(2796544K)->85003K(2796544K)
[118.591s][info][gc,metaspace   ] GC(373) Metaspace: 11764K(12032K)->11764K(12032K) NonClass: 10222K(10368K)->10222K(10368K) Class: 1542K(1664K)->1542K(1664K)
[118.591s][info][gc             ] GC(373) Pause Young (Allocation Failure) 1440M->85M(4092M) 0.661ms
[118.591s][info][gc,cpu         ] GC(373) User=0.00s Sys=0.00s Real=0.00s
[118.978s][info][gc,start       ] GC(374) Pause Young (Allocation Failure)
[118.978s][info][gc,heap        ] GC(374) PSYoungGen: 1392110K(1393664K)->1496K(1393664K) Eden: 1389568K(1389568K)->0K(1389568K) From: 2542K(4096K)->1496K(4096K)
[118.978s][info][gc,heap        ] GC(374) ParOldGen: 85003K(2796544K)->85011K(2796544K)
[118.978s][info][gc,metaspace   ] GC(374) Metaspace: 11764K(12032K)->11764K(12032K) NonClass: 10222K(10368K)->10222K(10368K) Class: 1542K(1664K)->1542K(1664K)
[118.978s][info][gc             ] GC(374) Pause Young (Allocation Failure) 1442M->84M(4092M) 0.483ms
[118.978s][info][gc,cpu         ] GC(374) User=0.00s Sys=0.00s Real=0.00s
[119.357s][info][gc,start       ] GC(375) Pause Young (Allocation Failure)
[119.357s][info][gc,heap        ] GC(375) PSYoungGen: 1391064K(1393664K)->528K(1393664K) Eden: 1389568K(1389568K)->0K(1389568K) From: 1496K(4096K)->528K(4096K)
[119.357s][info][gc,heap        ] GC(375) ParOldGen: 85011K(2796544K)->85027K(2796544K)
[119.357s][info][gc,metaspace   ] GC(375) Metaspace: 11764K(12032K)->11764K(12032K) NonClass: 10222K(10368K)->10222K(10368K) Class: 1542K(1664K)->1542K(1664K)
[119.357s][info][gc             ] GC(375) Pause Young (Allocation Failure) 1441M->83M(4092M) 0.368ms
[119.357s][info][gc,cpu         ] GC(375) User=0.00s Sys=0.00s Real=0.00s
[119.738s][info][gc,start       ] GC(376) Pause Young (Allocation Failure)
[119.739s][info][gc,heap        ] GC(376) PSYoungGen: 1390096K(1393664K)->2541K(1393664K) Eden: 1389568K(1389568K)->0K(1389568K) From: 528K(4096K)->2541K(4096K)
[119.739s][info][gc,heap        ] GC(376) ParOldGen: 85027K(2796544K)->85027K(2796544K)
[119.739s][info][gc,metaspace   ] GC(376) Metaspace: 11764K(12032K)->11764K(12032K) NonClass: 10222K(10368K)->10222K(10368K) Class: 1542K(1664K)->1542K(1664K)
[119.739s][info][gc             ] GC(376) Pause Young (Allocation Failure) 1440M->85M(4092M) 0.812ms
[119.739s][info][gc,cpu         ] GC(376) User=0.00s Sys=0.00s Real=0.00s
[120.118s][info][gc,start       ] GC(377) Pause Young (Allocation Failure)
[120.118s][info][gc,heap        ] GC(377) PSYoungGen: 1392109K(1393664K)->1673K(1393664K) Eden: 1389568K(1389568K)->0K(1389568K) From: 2541K(4096K)->1673K(4096K)
[120.118s][info][gc,heap        ] GC(377) ParOldGen: 85027K(2796544K)->85035K(2796544K)
[120.118s][info][gc,metaspace   ] GC(377) Metaspace: 11764K(12032K)->11764K(12032K) NonClass: 10222K(10368K)->10222K(10368K) Class: 1542K(1664K)->1542K(1664K)
[120.118s][info][gc             ] GC(377) Pause Young (Allocation Failure) 1442M->84M(4092M) 0.569ms
[120.118s][info][gc,cpu         ] GC(377) User=0.00s Sys=0.00s Real=0.00s
[120.500s][info][gc,start       ] GC(378) Pause Young (Allocation Failure)
[120.500s][info][gc,heap        ] GC(378) PSYoungGen: 1391241K(1393664K)->882K(1393664K) Eden: 1389568K(1389568K)->0K(1389568K) From: 1673K(4096K)->882K(4096K)
[120.500s][info][gc,heap        ] GC(378) ParOldGen: 85035K(2796544K)->85035K(2796544K)
[120.500s][info][gc,metaspace   ] GC(378) Metaspace: 11764K(12032K)->11764K(12032K) NonClass: 10222K(10368K)->10222K(10368K) Class: 1542K(1664K)->1542K(1664K)
[120.500s][info][gc             ] GC(378) Pause Young (Allocation Failure) 1441M->83M(4092M) 0.410ms
[120.500s][info][gc,cpu         ] GC(378) User=0.00s Sys=0.00s Real=0.00s
[120.881s][info][gc,start       ] GC(379) Pause Young (Allocation Failure)
[120.882s][info][gc,heap        ] GC(379) PSYoungGen: 1390263K(1393664K)->2756K(1393152K) Eden: 1389381K(1389568K)->0K(1389568K) From: 882K(4096K)->2756K(3584K)
[120.882s][info][gc,heap        ] GC(379) ParOldGen: 85035K(2796544K)->85059K(2796544K)
[120.882s][info][gc,metaspace   ] GC(379) Metaspace: 11764K(12032K)->11764K(12032K) NonClass: 10222K(10368K)->10222K(10368K) Class: 1542K(1664K)->1542K(1664K)
[120.882s][info][gc             ] GC(379) Pause Young (Allocation Failure) 1440M->85M(4091M) 0.798ms
[120.882s][info][gc,cpu         ] GC(379) User=0.00s Sys=0.00s Real=0.00s
[120.971s][info][gc,start       ] GC(380) Pause Young (System.gc())
[120.971s][info][gc,heap        ] GC(380) PSYoungGen: 317579K(1393152K)->128K(1393664K) Eden: 314823K(1389568K)->0K(1389568K) From: 2756K(3584K)->128K(4096K)
[120.971s][info][gc,heap        ] GC(380) ParOldGen: 85059K(2796544K)->85059K(2796544K)
[120.971s][info][gc,metaspace   ] GC(380) Metaspace: 11764K(12032K)->11764K(12032K) NonClass: 10222K(10368K)->10222K(10368K) Class: 1542K(1664K)->1542K(1664K)
[120.971s][info][gc             ] GC(380) Pause Young (System.gc()) 393M->83M(4092M) 0.285ms
[120.971s][info][gc,cpu         ] GC(380) User=0.00s Sys=0.00s Real=0.00s
[120.971s][info][gc,start       ] GC(381) Pause Full (System.gc())
[120.971s][info][gc,phases,start] GC(381) Marking Phase
[121.046s][info][gc,phases      ] GC(381) Marking Phase 75.169ms
[121.046s][info][gc,phases,start] GC(381) Summary Phase
[121.046s][info][gc,phases      ] GC(381) Summary Phase 0.010ms
[121.046s][info][gc,phases,start] GC(381) Adjust Roots
[121.048s][info][gc,phases      ] GC(381) Adjust Roots 1.452ms
[121.048s][info][gc,phases,start] GC(381) Compaction Phase
[121.064s][info][gc,phases      ] GC(381) Compaction Phase 16.451ms
[121.064s][info][gc,phases,start] GC(381) Post Compact
[121.065s][info][gc,phases      ] GC(381) Post Compact 0.944ms
[121.065s][info][gc,heap        ] GC(381) PSYoungGen: 128K(1393664K)->0K(1393664K) Eden: 0K(1389568K)->0K(1389568K) From: 128K(4096K)->0K(4096K)
[121.065s][info][gc,heap        ] GC(381) ParOldGen: 85059K(2796544K)->85004K(2796544K)
[121.065s][info][gc,metaspace   ] GC(381) Metaspace: 11764K(12032K)->11764K(12032K) NonClass: 10222K(10368K)->10222K(10368K) Class: 1542K(1664K)->1542K(1664K)
[121.065s][info][gc             ] GC(381) Pause Full (System.gc()) 83M->83M(4092M) 94.347ms
[121.065s][info][gc,cpu         ] GC(381) User=0.45s Sys=0.00s Real=0.09s
[121.445s][info][gc,start       ] GC(382) Pause Young (Allocation Failure)
[121.445s][info][gc,heap        ] GC(382) PSYoungGen: 1389568K(1393664K)->2145K(1393664K) Eden: 1389568K(1389568K)->0K(1389568K) From: 0K(4096K)->2145K(4096K)
[121.446s][info][gc,heap        ] GC(382) ParOldGen: 85004K(2796544K)->85004K(2796544K)
[121.446s][info][gc,metaspace   ] GC(382) Metaspace: 11776K(12032K)->11776K(12032K) NonClass: 10233K(10368K)->10233K(10368K) Class: 1542K(1664K)->1542K(1664K)
[121.446s][info][gc             ] GC(382) Pause Young (Allocation Failure) 1440M->85M(4092M) 0.548ms
[121.446s][info][gc,cpu         ] GC(382) User=0.00s Sys=0.00s Real=0.00s
[121.832s][info][gc,start       ] GC(383) Pause Young (Allocation Failure)
[121.832s][info][gc,heap        ] GC(383) PSYoungGen: 1391713K(1393664K)->1135K(1393664K) Eden: 1389568K(1389568K)->0K(1389568K) From: 2145K(4096K)->1135K(4096K)
[121.832s][info][gc,heap        ] GC(383) ParOldGen: 85004K(2796544K)->85012K(2796544K)
[121.832s][info][gc,metaspace   ] GC(383) Metaspace: 11776K(12032K)->11776K(12032K) NonClass: 10233K(10368K)->10233K(10368K) Class: 1542K(1664K)->1542K(1664K)
[121.832s][info][gc             ] GC(383) Pause Young (Allocation Failure) 1442M->84M(4092M) 0.455ms
[121.832s][info][gc,cpu         ] GC(383) User=0.00s Sys=0.00s Real=0.00s
[122.211s][info][gc,start       ] GC(384) Pause Young (Allocation Failure)
[122.212s][info][gc,heap        ] GC(384) PSYoungGen: 1390703K(1393664K)->192K(1393664K) Eden: 1389568K(1389568K)->0K(1389568K) From: 1135K(4096K)->192K(4096K)
[122.212s][info][gc,heap        ] GC(384) ParOldGen: 85012K(2796544K)->85028K(2796544K)
[122.212s][info][gc,metaspace   ] GC(384) Metaspace: 11776K(12032K)->11776K(12032K) NonClass: 10233K(10368K)->10233K(10368K) Class: 1542K(1664K)->1542K(1664K)
[122.212s][info][gc             ] GC(384) Pause Young (Allocation Failure) 1441M->83M(4092M) 0.302ms
[122.212s][info][gc,cpu         ] GC(384) User=0.00s Sys=0.00s Real=0.00s
[122.588s][info][gc,start       ] GC(385) Pause Young (Allocation Failure)
[122.588s][info][gc,heap        ] GC(385) PSYoungGen: 1389760K(1393664K)->1936K(1393664K) Eden: 1389568K(1389568K)->0K(1389568K) From: 192K(4096K)->1936K(4096K)
[122.588s][info][gc,heap        ] GC(385) ParOldGen: 85028K(2796544K)->85028K(2796544K)
[122.588s][info][gc,metaspace   ] GC(385) Metaspace: 11776K(12032K)->11776K(12032K) NonClass: 10233K(10368K)->10233K(10368K) Class: 1542K(1664K)->1542K(1664K)
[122.588s][info][gc             ] GC(385) Pause Young (Allocation Failure) 1440M->84M(4092M) 0.524ms
[122.588s][info][gc,cpu         ] GC(385) User=0.00s Sys=0.00s Real=0.00s
[122.972s][info][gc,start       ] GC(386) Pause Young (Allocation Failure)
[122.972s][info][gc,heap        ] GC(386) PSYoungGen: 1391504K(1393664K)->983K(1394176K) Eden: 1389568K(1389568K)->0K(1390080K) From: 1936K(4096K)->983K(4096K)
[122.972s][info][gc,heap        ] GC(386) ParOldGen: 85028K(2796544K)->85044K(2796544K)
[122.972s][info][gc,metaspace   ] GC(386) Metaspace: 11776K(12032K)->11776K(12032K) NonClass: 10233K(10368K)->10233K(10368K) Class: 1542K(1664K)->1542K(1664K)
[122.972s][info][gc             ] GC(386) Pause Young (Allocation Failure) 1441M->84M(4092M) 0.410ms
[122.973s][info][gc,cpu         ] GC(386) User=0.00s Sys=0.00s Real=0.00s
[123.348s][info][gc,start       ] GC(387) Pause Young (Allocation Failure)
[123.349s][info][gc,heap        ] GC(387) PSYoungGen: 1391063K(1394176K)->3169K(1393664K) Eden: 1390080K(1390080K)->0K(1390080K) From: 983K(4096K)->3169K(3584K)
[123.349s][info][gc,heap        ] GC(387) ParOldGen: 85044K(2796544K)->85044K(2796544K)
[123.349s][info][gc,metaspace   ] GC(387) Metaspace: 11776K(12032K)->11776K(12032K) NonClass: 10233K(10368K)->10233K(10368K) Class: 1542K(1664K)->1542K(1664K)
[123.349s][info][gc             ] GC(387) Pause Young (Allocation Failure) 1441M->86M(4092M) 1.090ms
[123.349s][info][gc,cpu         ] GC(387) User=0.00s Sys=0.00s Real=0.00s
[123.735s][info][gc,start       ] GC(388) Pause Young (Allocation Failure)
[123.736s][info][gc,heap        ] GC(388) PSYoungGen: 1393249K(1393664K)->1806K(1393664K) Eden: 1390080K(1390080K)->0K(1389568K) From: 3169K(3584K)->1806K(4096K)
[123.736s][info][gc,heap        ] GC(388) ParOldGen: 85044K(2796544K)->85068K(2796544K)
[123.736s][info][gc,metaspace   ] GC(388) Metaspace: 11776K(12032K)->11776K(12032K) NonClass: 10233K(10368K)->10233K(10368K) Class: 1542K(1664K)->1542K(1664K)
[123.736s][info][gc             ] GC(388) Pause Young (Allocation Failure) 1443M->84M(4092M) 0.653ms
[123.736s][info][gc,cpu         ] GC(388) User=0.00s Sys=0.00s Real=0.00s
[123.827s][info][gc,start       ] GC(389) Pause Young (System.gc())
[123.827s][info][gc,heap        ] GC(389) PSYoungGen: 342587K(1393664K)->160K(1393664K) Eden: 340780K(1389568K)->0K(1389568K) From: 1806K(4096K)->160K(4096K)
[123.827s][info][gc,heap        ] GC(389) ParOldGen: 85068K(2796544K)->85068K(2796544K)
[123.827s][info][gc,metaspace   ] GC(389) Metaspace: 11776K(12032K)->11776K(12032K) NonClass: 10233K(10368K)->10233K(10368K) Class: 1542K(1664K)->1542K(1664K)
[123.827s][info][gc             ] GC(389) Pause Young (System.gc()) 417M->83M(4092M) 0.272ms
[123.827s][info][gc,cpu         ] GC(389) User=0.00s Sys=0.00s Real=0.00s
[123.827s][info][gc,start       ] GC(390) Pause Full (System.gc())
[123.827s][info][gc,phases,start] GC(390) Marking Phase
[123.890s][info][gc,phases      ] GC(390) Marking Phase 62.850ms
[123.890s][info][gc,phases,start] GC(390) Summary Phase
[123.890s][info][gc,phases      ] GC(390) Summary Phase 0.010ms
[123.890s][info][gc,phases,start] GC(390) Adjust Roots
[123.892s][info][gc,phases      ] GC(390) Adjust Roots 1.595ms
[123.892s][info][gc,phases,start] GC(390) Compaction Phase
[123.908s][info][gc,phases      ] GC(390) Compaction Phase 16.259ms
[123.908s][info][gc,phases,start] GC(390) Post Compact
[123.909s][info][gc,phases      ] GC(390) Post Compact 0.963ms
[123.909s][info][gc,heap        ] GC(390) PSYoungGen: 160K(1393664K)->0K(1393664K) Eden: 0K(1389568K)->0K(1389568K) From: 160K(4096K)->0K(4096K)
[123.909s][info][gc,heap        ] GC(390) ParOldGen: 85068K(2796544K)->85003K(2796544K)
[123.909s][info][gc,metaspace   ] GC(390) Metaspace: 11776K(12032K)->11776K(12032K) NonClass: 10233K(10368K)->10233K(10368K) Class: 1542K(1664K)->1542K(1664K)
[123.909s][info][gc             ] GC(390) Pause Full (System.gc()) 83M->83M(4092M) 81.995ms
[123.909s][info][gc,cpu         ] GC(390) User=0.47s Sys=0.00s Real=0.08s
[124.289s][info][gc,start       ] GC(391) Pause Young (Allocation Failure)
[124.290s][info][gc,heap        ] GC(391) PSYoungGen: 1389568K(1393664K)->2410K(1393664K) Eden: 1389568K(1389568K)->0K(1389568K) From: 0K(4096K)->2410K(4096K)
[124.290s][info][gc,heap        ] GC(391) ParOldGen: 85003K(2796544K)->85003K(2796544K)
[124.290s][info][gc,metaspace   ] GC(391) Metaspace: 11776K(12032K)->11776K(12032K) NonClass: 10233K(10368K)->10233K(10368K) Class: 1542K(1664K)->1542K(1664K)
[124.290s][info][gc             ] GC(391) Pause Young (Allocation Failure) 1440M->85M(4092M) 0.846ms
[124.290s][info][gc,cpu         ] GC(391) User=0.00s Sys=0.00s Real=0.00s
[124.674s][info][gc,start       ] GC(392) Pause Young (Allocation Failure)
[124.675s][info][gc,heap        ] GC(392) PSYoungGen: 1391978K(1393664K)->1231K(1393664K) Eden: 1389568K(1389568K)->0K(1389568K) From: 2410K(4096K)->1231K(4096K)
[124.675s][info][gc,heap        ] GC(392) ParOldGen: 85003K(2796544K)->85019K(2796544K)
[124.675s][info][gc,metaspace   ] GC(392) Metaspace: 11776K(12032K)->11776K(12032K) NonClass: 10233K(10368K)->10233K(10368K) Class: 1542K(1664K)->1542K(1664K)
[124.675s][info][gc             ] GC(392) Pause Young (Allocation Failure) 1442M->84M(4092M) 0.460ms
[124.675s][info][gc,cpu         ] GC(392) User=0.00s Sys=0.00s Real=0.00s
[125.055s][info][gc,start       ] GC(393) Pause Young (Allocation Failure)
[125.056s][info][gc,heap        ] GC(393) PSYoungGen: 1390799K(1393664K)->160K(1393664K) Eden: 1389568K(1389568K)->0K(1389568K) From: 1231K(4096K)->160K(4096K)
[125.056s][info][gc,heap        ] GC(393) ParOldGen: 85019K(2796544K)->85035K(2796544K)
[125.056s][info][gc,metaspace   ] GC(393) Metaspace: 11776K(12032K)->11776K(12032K) NonClass: 10233K(10368K)->10233K(10368K) Class: 1542K(1664K)->1542K(1664K)
[125.056s][info][gc             ] GC(393) Pause Young (Allocation Failure) 1441M->83M(4092M) 0.319ms
[125.056s][info][gc,cpu         ] GC(393) User=0.00s Sys=0.00s Real=0.00s
[125.435s][info][gc,start       ] GC(394) Pause Young (Allocation Failure)
[125.435s][info][gc,heap        ] GC(394) PSYoungGen: 1389728K(1393664K)->1958K(1393664K) Eden: 1389568K(1389568K)->0K(1389568K) From: 160K(4096K)->1958K(4096K)
[125.435s][info][gc,heap        ] GC(394) ParOldGen: 85035K(2796544K)->85035K(2796544K)
[125.435s][info][gc,metaspace   ] GC(394) Metaspace: 11776K(12032K)->11776K(12032K) NonClass: 10233K(10368K)->10233K(10368K) Class: 1542K(1664K)->1542K(1664K)
[125.435s][info][gc             ] GC(394) Pause Young (Allocation Failure) 1440M->84M(4092M) 0.528ms
[125.435s][info][gc,cpu         ] GC(394) User=0.00s Sys=0.00s Real=0.00s
[125.822s][info][gc,start       ] GC(395) Pause Young (Allocation Failure)
[125.823s][info][gc,heap        ] GC(395) PSYoungGen: 1391526K(1393664K)->1258K(1394176K) Eden: 1389568K(1389568K)->0K(1390080K) From: 1958K(4096K)->1258K(4096K)
[125.823s][info][gc,heap        ] GC(395) ParOldGen: 85035K(2796544K)->85051K(2796544K)
[125.823s][info][gc,metaspace   ] GC(395) Metaspace: 11776K(12032K)->11776K(12032K) NonClass: 10233K(10368K)->10233K(10368K) Class: 1542K(1664K)->1542K(1664K)
[125.823s][info][gc             ] GC(395) Pause Young (Allocation Failure) 1441M->84M(4092M) 0.460ms
[125.823s][info][gc,cpu         ] GC(395) User=0.00s Sys=0.00s Real=0.00s
[126.203s][info][gc,start       ] GC(396) Pause Young (Allocation Failure)
[126.203s][info][gc,heap        ] GC(396) PSYoungGen: 1391338K(1394176K)->256K(1393664K) Eden: 1390080K(1390080K)->0K(1390080K) From: 1258K(4096K)->256K(3584K)
[126.203s][info][gc,heap        ] GC(396) ParOldGen: 85051K(2796544K)->85051K(2796544K)
[126.203s][info][gc,metaspace   ] GC(396) Metaspace: 11776K(12032K)->11776K(12032K) NonClass: 10233K(10368K)->10233K(10368K) Class: 1542K(1664K)->1542K(1664K)
[126.203s][info][gc             ] GC(396) Pause Young (Allocation Failure) 1441M->83M(4092M) 0.350ms
[126.203s][info][gc,cpu         ] GC(396) User=0.00s Sys=0.00s Real=0.00s
[126.580s][info][gc,start       ] GC(397) Pause Young (Allocation Failure)
[126.581s][info][gc,heap        ] GC(397) PSYoungGen: 1390336K(1393664K)->2585K(1393152K) Eden: 1390080K(1390080K)->0K(1389568K) From: 256K(3584K)->2585K(3584K)
[126.581s][info][gc,heap        ] GC(397) ParOldGen: 85051K(2796544K)->85059K(2796544K)
[126.581s][info][gc,metaspace   ] GC(397) Metaspace: 11776K(12032K)->11776K(12032K) NonClass: 10233K(10368K)->10233K(10368K) Class: 1542K(1664K)->1542K(1664K)
[126.581s][info][gc             ] GC(397) Pause Young (Allocation Failure) 1440M->85M(4091M) 0.796ms
[126.581s][info][gc,cpu         ] GC(397) User=0.00s Sys=0.02s Real=0.00s
[126.673s][info][gc,start       ] GC(398) Pause Young (System.gc())
[126.674s][info][gc,heap        ] GC(398) PSYoungGen: 326224K(1393152K)->128K(1393664K) Eden: 323639K(1389568K)->0K(1389568K) From: 2585K(3584K)->128K(4096K)
[126.674s][info][gc,heap        ] GC(398) ParOldGen: 85059K(2796544K)->85059K(2796544K)
[126.674s][info][gc,metaspace   ] GC(398) Metaspace: 11776K(12032K)->11776K(12032K) NonClass: 10233K(10368K)->10233K(10368K) Class: 1542K(1664K)->1542K(1664K)
[126.674s][info][gc             ] GC(398) Pause Young (System.gc()) 401M->83M(4092M) 0.402ms
[126.674s][info][gc,cpu         ] GC(398) User=0.00s Sys=0.00s Real=0.00s
[126.674s][info][gc,start       ] GC(399) Pause Full (System.gc())
[126.674s][info][gc,phases,start] GC(399) Marking Phase
[126.761s][info][gc,phases      ] GC(399) Marking Phase 87.225ms
[126.761s][info][gc,phases,start] GC(399) Summary Phase
[126.761s][info][gc,phases      ] GC(399) Summary Phase 0.018ms
[126.761s][info][gc,phases,start] GC(399) Adjust Roots
[126.762s][info][gc,phases      ] GC(399) Adjust Roots 1.330ms
[126.762s][info][gc,phases,start] GC(399) Compaction Phase
[126.778s][info][gc,phases      ] GC(399) Compaction Phase 15.666ms
[126.778s][info][gc,phases,start] GC(399) Post Compact
[126.779s][info][gc,phases      ] GC(399) Post Compact 0.828ms
[126.779s][info][gc,heap        ] GC(399) PSYoungGen: 128K(1393664K)->0K(1393664K) Eden: 0K(1389568K)->0K(1389568K) From: 128K(4096K)->0K(4096K)
[126.779s][info][gc,heap        ] GC(399) ParOldGen: 85059K(2796544K)->85005K(2796544K)
[126.779s][info][gc,metaspace   ] GC(399) Metaspace: 11776K(12032K)->11776K(12032K) NonClass: 10233K(10368K)->10233K(10368K) Class: 1542K(1664K)->1542K(1664K)
[126.779s][info][gc             ] GC(399) Pause Full (System.gc()) 83M->83M(4092M) 105.302ms
[126.779s][info][gc,cpu         ] GC(399) User=0.62s Sys=0.00s Real=0.11s
[127.158s][info][gc,start       ] GC(400) Pause Young (Allocation Failure)
[127.158s][info][gc,heap        ] GC(400) PSYoungGen: 1389568K(1393664K)->2162K(1393664K) Eden: 1389568K(1389568K)->0K(1389568K) From: 0K(4096K)->2162K(4096K)
[127.158s][info][gc,heap        ] GC(400) ParOldGen: 85005K(2796544K)->85005K(2796544K)
[127.158s][info][gc,metaspace   ] GC(400) Metaspace: 11776K(12032K)->11776K(12032K) NonClass: 10234K(10368K)->10234K(10368K) Class: 1542K(1664K)->1542K(1664K)
[127.158s][info][gc             ] GC(400) Pause Young (Allocation Failure) 1440M->85M(4092M) 0.614ms
[127.158s][info][gc,cpu         ] GC(400) User=0.00s Sys=0.00s Real=0.00s
[127.539s][info][gc,start       ] GC(401) Pause Young (Allocation Failure)
[127.540s][info][gc,heap        ] GC(401) PSYoungGen: 1391730K(1393664K)->1135K(1393664K) Eden: 1389568K(1389568K)->0K(1389568K) From: 2162K(4096K)->1135K(4096K)
[127.540s][info][gc,heap        ] GC(401) ParOldGen: 85005K(2796544K)->85021K(2796544K)
[127.540s][info][gc,metaspace   ] GC(401) Metaspace: 11776K(12032K)->11776K(12032K) NonClass: 10234K(10368K)->10234K(10368K) Class: 1542K(1664K)->1542K(1664K)
[127.540s][info][gc             ] GC(401) Pause Young (Allocation Failure) 1442M->84M(4092M) 0.544ms
[127.540s][info][gc,cpu         ] GC(401) User=0.00s Sys=0.00s Real=0.00s
[127.926s][info][gc,start       ] GC(402) Pause Young (Allocation Failure)
[127.926s][info][gc,heap        ] GC(402) PSYoungGen: 1390703K(1393664K)->192K(1393664K) Eden: 1389568K(1389568K)->0K(1389568K) From: 1135K(4096K)->192K(4096K)
[127.926s][info][gc,heap        ] GC(402) ParOldGen: 85021K(2796544K)->85045K(2796544K)
[127.926s][info][gc,metaspace   ] GC(402) Metaspace: 11776K(12032K)->11776K(12032K) NonClass: 10234K(10368K)->10234K(10368K) Class: 1542K(1664K)->1542K(1664K)
[127.926s][info][gc             ] GC(402) Pause Young (Allocation Failure) 1441M->83M(4092M) 0.307ms
[127.926s][info][gc,cpu         ] GC(402) User=0.00s Sys=0.00s Real=0.00s
[128.303s][info][gc,start       ] GC(403) Pause Young (Allocation Failure)
[128.304s][info][gc,heap        ] GC(403) PSYoungGen: 1389760K(1393664K)->2602K(1393664K) Eden: 1389568K(1389568K)->0K(1389568K) From: 192K(4096K)->2602K(4096K)
[128.304s][info][gc,heap        ] GC(403) ParOldGen: 85045K(2796544K)->85045K(2796544K)
[128.304s][info][gc,metaspace   ] GC(403) Metaspace: 11776K(12032K)->11776K(12032K) NonClass: 10234K(10368K)->10234K(10368K) Class: 1542K(1664K)->1542K(1664K)
[128.304s][info][gc             ] GC(403) Pause Young (Allocation Failure) 1440M->85M(4092M) 0.814ms
[128.304s][info][gc,cpu         ] GC(403) User=0.00s Sys=0.00s Real=0.00s
[128.688s][info][gc,start       ] GC(404) Pause Young (Allocation Failure)
[128.689s][info][gc,heap        ] GC(404) PSYoungGen: 1392170K(1393664K)->1853K(1393664K) Eden: 1389568K(1389568K)->0K(1389568K) From: 2602K(4096K)->1853K(4096K)
[128.689s][info][gc,heap        ] GC(404) ParOldGen: 85045K(2796544K)->85061K(2796544K)
[128.689s][info][gc,metaspace   ] GC(404) Metaspace: 11776K(12032K)->11776K(12032K) NonClass: 10234K(10368K)->10234K(10368K) Class: 1542K(1664K)->1542K(1664K)
[128.689s][info][gc             ] GC(404) Pause Young (Allocation Failure) 1442M->84M(4092M) 0.588ms
[128.689s][info][gc,cpu         ] GC(404) User=0.00s Sys=0.00s Real=0.00s
[129.070s][info][gc,start       ] GC(405) Pause Young (Allocation Failure)
[129.070s][info][gc,heap        ] GC(405) PSYoungGen: 1391421K(1393664K)->569K(1393664K) Eden: 1389568K(1389568K)->0K(1389568K) From: 1853K(4096K)->569K(4096K)
[129.071s][info][gc,heap        ] GC(405) ParOldGen: 85061K(2796544K)->85061K(2796544K)
[129.071s][info][gc,metaspace   ] GC(405) Metaspace: 11776K(12032K)->11776K(12032K) NonClass: 10234K(10368K)->10234K(10368K) Class: 1542K(1664K)->1542K(1664K)
[129.071s][info][gc             ] GC(405) Pause Young (Allocation Failure) 1441M->83M(4092M) 0.407ms
[129.071s][info][gc,cpu         ] GC(405) User=0.00s Sys=0.00s Real=0.00s
[129.463s][info][gc,start       ] GC(406) Pause Young (Allocation Failure)
[129.464s][info][gc,heap        ] GC(406) PSYoungGen: 1390137K(1393664K)->2869K(1393664K) Eden: 1389568K(1389568K)->0K(1389568K) From: 569K(4096K)->2869K(4096K)
[129.464s][info][gc,heap        ] GC(406) ParOldGen: 85061K(2796544K)->85085K(2796544K)
[129.464s][info][gc,metaspace   ] GC(406) Metaspace: 11776K(12032K)->11776K(12032K) NonClass: 10234K(10368K)->10234K(10368K) Class: 1542K(1664K)->1542K(1664K)
[129.464s][info][gc             ] GC(406) Pause Young (Allocation Failure) 1440M->85M(4092M) 1.177ms
[129.464s][info][gc,cpu         ] GC(406) User=0.00s Sys=0.00s Real=0.00s
[129.564s][info][gc,start       ] GC(407) Pause Young (System.gc())
[129.564s][info][gc,heap        ] GC(407) PSYoungGen: 321292K(1393664K)->192K(1393664K) Eden: 318422K(1389568K)->0K(1389568K) From: 2869K(4096K)->192K(4096K)
[129.564s][info][gc,heap        ] GC(407) ParOldGen: 85085K(2796544K)->85085K(2796544K)
[129.564s][info][gc,metaspace   ] GC(407) Metaspace: 11776K(12032K)->11776K(12032K) NonClass: 10234K(10368K)->10234K(10368K) Class: 1542K(1664K)->1542K(1664K)
[129.564s][info][gc             ] GC(407) Pause Young (System.gc()) 396M->83M(4092M) 0.297ms
[129.564s][info][gc,cpu         ] GC(407) User=0.00s Sys=0.00s Real=0.00s
[129.564s][info][gc,start       ] GC(408) Pause Full (System.gc())
[129.564s][info][gc,phases,start] GC(408) Marking Phase
[129.610s][info][gc,phases      ] GC(408) Marking Phase 46.032ms
[129.610s][info][gc,phases,start] GC(408) Summary Phase
[129.610s][info][gc,phases      ] GC(408) Summary Phase 0.011ms
[129.610s][info][gc,phases,start] GC(408) Adjust Roots
[129.611s][info][gc,phases      ] GC(408) Adjust Roots 1.166ms
[129.611s][info][gc,phases,start] GC(408) Compaction Phase
[129.627s][info][gc,phases      ] GC(408) Compaction Phase 15.896ms
[129.627s][info][gc,phases,start] GC(408) Post Compact
[129.628s][info][gc,phases      ] GC(408) Post Compact 0.834ms
[129.628s][info][gc,heap        ] GC(408) PSYoungGen: 192K(1393664K)->0K(1393664K) Eden: 0K(1389568K)->0K(1389568K) From: 192K(4096K)->0K(4096K)
[129.628s][info][gc,heap        ] GC(408) ParOldGen: 85085K(2796544K)->85005K(2796544K)
[129.628s][info][gc,metaspace   ] GC(408) Metaspace: 11776K(12032K)->11776K(12032K) NonClass: 10234K(10368K)->10234K(10368K) Class: 1542K(1664K)->1542K(1664K)
[129.628s][info][gc             ] GC(408) Pause Full (System.gc()) 83M->83M(4092M) 64.182ms
[129.628s][info][gc,cpu         ] GC(408) User=0.30s Sys=0.02s Real=0.06s
[130.033s][info][gc,start       ] GC(409) Pause Young (Allocation Failure)
[130.034s][info][gc,heap        ] GC(409) PSYoungGen: 1389568K(1393664K)->1958K(1393664K) Eden: 1389568K(1389568K)->0K(1389568K) From: 0K(4096K)->1958K(4096K)
[130.034s][info][gc,heap        ] GC(409) ParOldGen: 85005K(2796544K)->85005K(2796544K)
[130.034s][info][gc,metaspace   ] GC(409) Metaspace: 11776K(12032K)->11776K(12032K) NonClass: 10234K(10368K)->10234K(10368K) Class: 1542K(1664K)->1542K(1664K)
[130.034s][info][gc             ] GC(409) Pause Young (Allocation Failure) 1440M->84M(4092M) 0.683ms
[130.034s][info][gc,cpu         ] GC(409) User=0.09s Sys=0.00s Real=0.00s
[130.422s][info][gc,start       ] GC(410) Pause Young (Allocation Failure)
[130.423s][info][gc,heap        ] GC(410) PSYoungGen: 1391526K(1393664K)->1250K(1393664K) Eden: 1389568K(1389568K)->0K(1389568K) From: 1958K(4096K)->1250K(4096K)
[130.423s][info][gc,heap        ] GC(410) ParOldGen: 85005K(2796544K)->85013K(2796544K)
[130.423s][info][gc,metaspace   ] GC(410) Metaspace: 11776K(12032K)->11776K(12032K) NonClass: 10234K(10368K)->10234K(10368K) Class: 1542K(1664K)->1542K(1664K)
[130.423s][info][gc             ] GC(410) Pause Young (Allocation Failure) 1441M->84M(4092M) 0.450ms
[130.423s][info][gc,cpu         ] GC(410) User=0.00s Sys=0.00s Real=0.00s
[130.808s][info][gc,start       ] GC(411) Pause Young (Allocation Failure)
[130.808s][info][gc,heap        ] GC(411) PSYoungGen: 1390818K(1393664K)->384K(1393664K) Eden: 1389568K(1389568K)->0K(1389568K) From: 1250K(4096K)->384K(4096K)
[130.808s][info][gc,heap        ] GC(411) ParOldGen: 85013K(2796544K)->85037K(2796544K)
[130.808s][info][gc,metaspace   ] GC(411) Metaspace: 11776K(12032K)->11776K(12032K) NonClass: 10234K(10368K)->10234K(10368K) Class: 1542K(1664K)->1542K(1664K)
[130.808s][info][gc             ] GC(411) Pause Young (Allocation Failure) 1441M->83M(4092M) 0.346ms
[130.808s][info][gc,cpu         ] GC(411) User=0.00s Sys=0.00s Real=0.00s
[131.184s][info][gc,start       ] GC(412) Pause Young (Allocation Failure)
[131.185s][info][gc,heap        ] GC(412) PSYoungGen: 1389952K(1393664K)->2336K(1393664K) Eden: 1389568K(1389568K)->0K(1389568K) From: 384K(4096K)->2336K(4096K)
[131.185s][info][gc,heap        ] GC(412) ParOldGen: 85037K(2796544K)->85037K(2796544K)
[131.185s][info][gc,metaspace   ] GC(412) Metaspace: 11776K(12032K)->11776K(12032K) NonClass: 10234K(10368K)->10234K(10368K) Class: 1542K(1664K)->1542K(1664K)
[131.185s][info][gc             ] GC(412) Pause Young (Allocation Failure) 1440M->85M(4092M) 0.691ms
[131.185s][info][gc,cpu         ] GC(412) User=0.00s Sys=0.00s Real=0.00s
[131.566s][info][gc,start       ] GC(413) Pause Young (Allocation Failure)
[131.566s][info][gc,heap        ] GC(413) PSYoungGen: 1391904K(1393664K)->1113K(1393664K) Eden: 1389568K(1389568K)->0K(1389568K) From: 2336K(4096K)->1113K(4096K)
[131.566s][info][gc,heap        ] GC(413) ParOldGen: 85037K(2796544K)->85045K(2796544K)
[131.566s][info][gc,metaspace   ] GC(413) Metaspace: 11776K(12032K)->11776K(12032K) NonClass: 10234K(10368K)->10234K(10368K) Class: 1542K(1664K)->1542K(1664K)
[131.566s][info][gc             ] GC(413) Pause Young (Allocation Failure) 1442M->84M(4092M) 0.519ms
[131.566s][info][gc,cpu         ] GC(413) User=0.00s Sys=0.00s Real=0.00s
[131.951s][info][gc,start       ] GC(414) Pause Young (Allocation Failure)
[131.951s][info][gc,heap        ] GC(414) PSYoungGen: 1390681K(1393664K)->192K(1393664K) Eden: 1389568K(1389568K)->0K(1389568K) From: 1113K(4096K)->192K(4096K)
[131.951s][info][gc,heap        ] GC(414) ParOldGen: 85045K(2796544K)->85045K(2796544K)
[131.951s][info][gc,metaspace   ] GC(414) Metaspace: 11776K(12032K)->11776K(12032K) NonClass: 10234K(10368K)->10234K(10368K) Class: 1542K(1664K)->1542K(1664K)
[131.951s][info][gc             ] GC(414) Pause Young (Allocation Failure) 1441M->83M(4092M) 0.352ms
[131.951s][info][gc,cpu         ] GC(414) User=0.00s Sys=0.00s Real=0.00s
[132.326s][info][gc,start       ] GC(415) Pause Young (Allocation Failure)
[132.327s][info][gc,heap        ] GC(415) PSYoungGen: 1389760K(1393664K)->1792K(1394176K) Eden: 1389568K(1389568K)->0K(1390080K) From: 192K(4096K)->1792K(4096K)
[132.327s][info][gc,heap        ] GC(415) ParOldGen: 85045K(2796544K)->85061K(2796544K)
[132.327s][info][gc,metaspace   ] GC(415) Metaspace: 11776K(12032K)->11776K(12032K) NonClass: 10234K(10368K)->10234K(10368K) Class: 1542K(1664K)->1542K(1664K)
[132.327s][info][gc             ] GC(415) Pause Young (Allocation Failure) 1440M->84M(4092M) 0.785ms
[132.327s][info][gc,cpu         ] GC(415) User=0.00s Sys=0.00s Real=0.00s
[132.418s][info][gc,start       ] GC(416) Pause Young (System.gc())
[132.418s][info][gc,heap        ] GC(416) PSYoungGen: 335739K(1394176K)->160K(1393664K) Eden: 333946K(1390080K)->0K(1390080K) From: 1792K(4096K)->160K(3584K)
[132.418s][info][gc,heap        ] GC(416) ParOldGen: 85061K(2796544K)->85061K(2796544K)
[132.418s][info][gc,metaspace   ] GC(416) Metaspace: 11776K(12032K)->11776K(12032K) NonClass: 10234K(10368K)->10234K(10368K) Class: 1542K(1664K)->1542K(1664K)
[132.418s][info][gc             ] GC(416) Pause Young (System.gc()) 410M->83M(4092M) 0.288ms
[132.418s][info][gc,cpu         ] GC(416) User=0.00s Sys=0.00s Real=0.00s
[132.418s][info][gc,start       ] GC(417) Pause Full (System.gc())
[132.418s][info][gc,phases,start] GC(417) Marking Phase
[132.464s][info][gc,phases      ] GC(417) Marking Phase 45.686ms
[132.464s][info][gc,phases,start] GC(417) Summary Phase
[132.464s][info][gc,phases      ] GC(417) Summary Phase 0.010ms
[132.464s][info][gc,phases,start] GC(417) Adjust Roots
[132.465s][info][gc,phases      ] GC(417) Adjust Roots 1.093ms
[132.465s][info][gc,phases,start] GC(417) Compaction Phase
[132.481s][info][gc,phases      ] GC(417) Compaction Phase 16.014ms
[132.481s][info][gc,phases,start] GC(417) Post Compact
[132.482s][info][gc,phases      ] GC(417) Post Compact 0.832ms
[132.482s][info][gc,heap        ] GC(417) PSYoungGen: 160K(1393664K)->0K(1393664K) Eden: 0K(1390080K)->0K(1390080K) From: 160K(3584K)->0K(3584K)
[132.482s][info][gc,heap        ] GC(417) ParOldGen: 85061K(2796544K)->85006K(2796544K)
[132.482s][info][gc,metaspace   ] GC(417) Metaspace: 11776K(12032K)->11776K(12032K) NonClass: 10234K(10368K)->10234K(10368K) Class: 1542K(1664K)->1542K(1664K)
[132.482s][info][gc             ] GC(417) Pause Full (System.gc()) 83M->83M(4092M) 63.937ms
[132.482s][info][gc,cpu         ] GC(417) User=0.38s Sys=0.00s Real=0.06s
[132.867s][info][gc,start       ] GC(418) Pause Young (Allocation Failure)
[132.867s][info][gc,heap        ] GC(418) PSYoungGen: 1390080K(1393664K)->2153K(1393152K) Eden: 1390080K(1390080K)->0K(1389568K) From: 0K(3584K)->2153K(3584K)
[132.867s][info][gc,heap        ] GC(418) ParOldGen: 85006K(2796544K)->85006K(2796544K)
[132.867s][info][gc,metaspace   ] GC(418) Metaspace: 11776K(12032K)->11776K(12032K) NonClass: 10234K(10368K)->10234K(10368K) Class: 1542K(1664K)->1542K(1664K)
[132.867s][info][gc             ] GC(418) Pause Young (Allocation Failure) 1440M->85M(4091M) 0.670ms
[132.867s][info][gc,cpu         ] GC(418) User=0.00s Sys=0.00s Real=0.00s
[133.245s][info][gc,start       ] GC(419) Pause Young (Allocation Failure)
[133.245s][info][gc,heap        ] GC(419) PSYoungGen: 1391721K(1393152K)->786K(1393664K) Eden: 1389568K(1389568K)->0K(1389568K) From: 2153K(3584K)->786K(4096K)
[133.245s][info][gc,heap        ] GC(419) ParOldGen: 85006K(2796544K)->85030K(2796544K)
[133.245s][info][gc,metaspace   ] GC(419) Metaspace: 11776K(12032K)->11776K(12032K) NonClass: 10234K(10368K)->10234K(10368K) Class: 1542K(1664K)->1542K(1664K)
[133.245s][info][gc             ] GC(419) Pause Young (Allocation Failure) 1442M->83M(4092M) 0.497ms
[133.245s][info][gc,cpu         ] GC(419) User=0.00s Sys=0.00s Real=0.00s
[133.621s][info][gc,start       ] GC(420) Pause Young (Allocation Failure)
[133.622s][info][gc,heap        ] GC(420) PSYoungGen: 1390354K(1393664K)->2461K(1393152K) Eden: 1389568K(1389568K)->0K(1389568K) From: 786K(4096K)->2461K(3584K)
[133.622s][info][gc,heap        ] GC(420) ParOldGen: 85030K(2796544K)->85046K(2796544K)
[133.622s][info][gc,metaspace   ] GC(420) Metaspace: 11776K(12032K)->11776K(12032K) NonClass: 10234K(10368K)->10234K(10368K) Class: 1542K(1664K)->1542K(1664K)
[133.622s][info][gc             ] GC(420) Pause Young (Allocation Failure) 1440M->85M(4091M) 0.660ms
[133.622s][info][gc,cpu         ] GC(420) User=0.00s Sys=0.00s Real=0.00s
[134.008s][info][gc,start       ] GC(421) Pause Young (Allocation Failure)
[134.009s][info][gc,heap        ] GC(421) PSYoungGen: 1392008K(1393152K)->1652K(1393664K) Eden: 1389546K(1389568K)->0K(1389568K) From: 2461K(3584K)->1652K(4096K)
[134.009s][info][gc,heap        ] GC(421) ParOldGen: 85046K(2796544K)->85046K(2796544K)
[134.009s][info][gc,metaspace   ] GC(421) Metaspace: 11776K(12032K)->11776K(12032K) NonClass: 10234K(10368K)->10234K(10368K) Class: 1542K(1664K)->1542K(1664K)
[134.009s][info][gc             ] GC(421) Pause Young (Allocation Failure) 1442M->84M(4092M) 0.549ms
[134.009s][info][gc,cpu         ] GC(421) User=0.00s Sys=0.00s Real=0.00s
[134.386s][info][gc,start       ] GC(422) Pause Young (Allocation Failure)
[134.386s][info][gc,heap        ] GC(422) PSYoungGen: 1391220K(1393664K)->536K(1394176K) Eden: 1389568K(1389568K)->0K(1390080K) From: 1652K(4096K)->536K(4096K)
[134.386s][info][gc,heap        ] GC(422) ParOldGen: 85046K(2796544K)->85054K(2796544K)
[134.386s][info][gc,metaspace   ] GC(422) Metaspace: 11776K(12032K)->11776K(12032K) NonClass: 10234K(10368K)->10234K(10368K) Class: 1542K(1664K)->1542K(1664K)
[134.386s][info][gc             ] GC(422) Pause Young (Allocation Failure) 1441M->83M(4092M) 0.391ms
[134.386s][info][gc,cpu         ] GC(422) User=0.00s Sys=0.00s Real=0.00s
[134.769s][info][gc,start       ] GC(423) Pause Young (Allocation Failure)
[134.770s][info][gc,heap        ] GC(423) PSYoungGen: 1390616K(1394176K)->2170K(1393664K) Eden: 1390080K(1390080K)->0K(1390080K) From: 536K(4096K)->2170K(3584K)
[134.770s][info][gc,heap        ] GC(423) ParOldGen: 85054K(2796544K)->85054K(2796544K)
[134.770s][info][gc,metaspace   ] GC(423) Metaspace: 11776K(12032K)->11776K(12032K) NonClass: 10234K(10368K)->10234K(10368K) Class: 1542K(1664K)->1542K(1664K)
[134.770s][info][gc             ] GC(423) Pause Young (Allocation Failure) 1441M->85M(4092M) 0.683ms
[134.770s][info][gc,cpu         ] GC(423) User=0.00s Sys=0.00s Real=0.00s
[135.149s][info][gc,start       ] GC(424) Pause Young (Allocation Failure)
[135.149s][info][gc,heap        ] GC(424) PSYoungGen: 1392250K(1393664K)->1460K(1394176K) Eden: 1390080K(1390080K)->0K(1390080K) From: 2170K(3584K)->1460K(4096K)
[135.149s][info][gc,heap        ] GC(424) ParOldGen: 85054K(2796544K)->85062K(2796544K)
[135.149s][info][gc,metaspace   ] GC(424) Metaspace: 11776K(12032K)->11776K(12032K) NonClass: 10234K(10368K)->10234K(10368K) Class: 1542K(1664K)->1542K(1664K)
[135.149s][info][gc             ] GC(424) Pause Young (Allocation Failure) 1442M->84M(4092M) 0.525ms
[135.149s][info][gc,cpu         ] GC(424) User=0.00s Sys=0.00s Real=0.00s
[135.241s][info][gc,start       ] GC(425) Pause Young (System.gc())
[135.242s][info][gc,heap        ] GC(425) PSYoungGen: 345584K(1394176K)->160K(1393664K) Eden: 344123K(1390080K)->0K(1390080K) From: 1460K(4096K)->160K(3584K)
[135.242s][info][gc,heap        ] GC(425) ParOldGen: 85062K(2796544K)->85062K(2796544K)
[135.242s][info][gc,metaspace   ] GC(425) Metaspace: 11776K(12032K)->11776K(12032K) NonClass: 10234K(10368K)->10234K(10368K) Class: 1542K(1664K)->1542K(1664K)
[135.242s][info][gc             ] GC(425) Pause Young (System.gc()) 420M->83M(4092M) 0.367ms
[135.242s][info][gc,cpu         ] GC(425) User=0.00s Sys=0.00s Real=0.00s
[135.242s][info][gc,start       ] GC(426) Pause Full (System.gc())
[135.242s][info][gc,phases,start] GC(426) Marking Phase
[135.287s][info][gc,phases      ] GC(426) Marking Phase 45.480ms
[135.287s][info][gc,phases,start] GC(426) Summary Phase
[135.287s][info][gc,phases      ] GC(426) Summary Phase 0.011ms
[135.287s][info][gc,phases,start] GC(426) Adjust Roots
[135.289s][info][gc,phases      ] GC(426) Adjust Roots 1.601ms
[135.289s][info][gc,phases,start] GC(426) Compaction Phase
[135.305s][info][gc,phases      ] GC(426) Compaction Phase 16.605ms
[135.306s][info][gc,phases,start] GC(426) Post Compact
[135.306s][info][gc,phases      ] GC(426) Post Compact 0.962ms
[135.307s][info][gc,heap        ] GC(426) PSYoungGen: 160K(1393664K)->0K(1393664K) Eden: 0K(1390080K)->0K(1390080K) From: 160K(3584K)->0K(3584K)
[135.307s][info][gc,heap        ] GC(426) ParOldGen: 85062K(2796544K)->85006K(2796544K)
[135.307s][info][gc,metaspace   ] GC(426) Metaspace: 11776K(12032K)->11776K(12032K) NonClass: 10234K(10368K)->10234K(10368K) Class: 1542K(1664K)->1542K(1664K)
[135.307s][info][gc             ] GC(426) Pause Full (System.gc()) 83M->83M(4092M) 65.019ms
[135.307s][info][gc,cpu         ] GC(426) User=0.34s Sys=0.00s Real=0.07s
[135.691s][info][gc,start       ] GC(427) Pause Young (Allocation Failure)
[135.692s][info][gc,heap        ] GC(427) PSYoungGen: 1390080K(1393664K)->2534K(1393152K) Eden: 1390080K(1390080K)->0K(1389568K) From: 0K(3584K)->2534K(3584K)
[135.692s][info][gc,heap        ] GC(427) ParOldGen: 85006K(2796544K)->85006K(2796544K)
[135.692s][info][gc,metaspace   ] GC(427) Metaspace: 11776K(12032K)->11776K(12032K) NonClass: 10234K(10368K)->10234K(10368K) Class: 1542K(1664K)->1542K(1664K)
[135.692s][info][gc             ] GC(427) Pause Young (Allocation Failure) 1440M->85M(4091M) 1.078ms
[135.692s][info][gc,cpu         ] GC(427) User=0.00s Sys=0.00s Real=0.00s
[136.073s][info][gc,start       ] GC(428) Pause Young (Allocation Failure)
[136.073s][info][gc,heap        ] GC(428) PSYoungGen: 1392102K(1393152K)->1434K(1393664K) Eden: 1389568K(1389568K)->0K(1389568K) From: 2534K(3584K)->1434K(4096K)
[136.073s][info][gc,heap        ] GC(428) ParOldGen: 85006K(2796544K)->85022K(2796544K)
[136.073s][info][gc,metaspace   ] GC(428) Metaspace: 11776K(12032K)->11776K(12032K) NonClass: 10234K(10368K)->10234K(10368K) Class: 1542K(1664K)->1542K(1664K)
[136.073s][info][gc             ] GC(428) Pause Young (Allocation Failure) 1442M->84M(4092M) 0.496ms
[136.073s][info][gc,cpu         ] GC(428) User=0.00s Sys=0.00s Real=0.00s
[136.452s][info][gc,start       ] GC(429) Pause Young (Allocation Failure)
[136.452s][info][gc,heap        ] GC(429) PSYoungGen: 1391002K(1393664K)->384K(1394176K) Eden: 1389568K(1389568K)->0K(1390592K) From: 1434K(4096K)->384K(3584K)
[136.452s][info][gc,heap        ] GC(429) ParOldGen: 85022K(2796544K)->85038K(2796544K)
[136.452s][info][gc,metaspace   ] GC(429) Metaspace: 11776K(12032K)->11776K(12032K) NonClass: 10234K(10368K)->10234K(10368K) Class: 1542K(1664K)->1542K(1664K)
[136.452s][info][gc             ] GC(429) Pause Young (Allocation Failure) 1441M->83M(4092M) 0.415ms
[136.452s][info][gc,cpu         ] GC(429) User=0.00s Sys=0.00s Real=0.00s
[136.836s][info][gc,start       ] GC(430) Pause Young (Allocation Failure)
[136.836s][info][gc,heap        ] GC(430) PSYoungGen: 1390976K(1394176K)->2234K(1394176K) Eden: 1390592K(1390592K)->0K(1390592K) From: 384K(3584K)->2234K(3584K)
[136.836s][info][gc,heap        ] GC(430) ParOldGen: 85038K(2796544K)->85038K(2796544K)
[136.836s][info][gc,metaspace   ] GC(430) Metaspace: 11776K(12032K)->11776K(12032K) NonClass: 10234K(10368K)->10234K(10368K) Class: 1542K(1664K)->1542K(1664K)
[136.836s][info][gc             ] GC(430) Pause Young (Allocation Failure) 1441M->85M(4092M) 0.707ms
[136.836s][info][gc,cpu         ] GC(430) User=0.00s Sys=0.00s Real=0.00s
[137.216s][info][gc,start       ] GC(431) Pause Young (Allocation Failure)
[137.216s][info][gc,heap        ] GC(431) PSYoungGen: 1392826K(1394176K)->1593K(1394176K) Eden: 1390592K(1390592K)->0K(1390592K) From: 2234K(3584K)->1593K(3584K)
[137.216s][info][gc,heap        ] GC(431) ParOldGen: 85038K(2796544K)->85046K(2796544K)
[137.216s][info][gc,metaspace   ] GC(431) Metaspace: 11776K(12032K)->11776K(12032K) NonClass: 10234K(10368K)->10234K(10368K) Class: 1542K(1664K)->1542K(1664K)
[137.216s][info][gc             ] GC(431) Pause Young (Allocation Failure) 1443M->84M(4092M) 0.529ms
[137.216s][info][gc,cpu         ] GC(431) User=0.00s Sys=0.00s Real=0.00s
[137.595s][info][gc,start       ] GC(432) Pause Young (Allocation Failure)
[137.595s][info][gc,heap        ] GC(432) PSYoungGen: 1392185K(1394176K)->256K(1394176K) Eden: 1390592K(1390592K)->0K(1390592K) From: 1593K(3584K)->256K(3584K)
[137.595s][info][gc,heap        ] GC(432) ParOldGen: 85046K(2796544K)->85046K(2796544K)
[137.595s][info][gc,metaspace   ] GC(432) Metaspace: 11776K(12032K)->11776K(12032K) NonClass: 10234K(10368K)->10234K(10368K) Class: 1542K(1664K)->1542K(1664K)
[137.595s][info][gc             ] GC(432) Pause Young (Allocation Failure) 1442M->83M(4092M) 0.362ms
[137.595s][info][gc,cpu         ] GC(432) User=0.00s Sys=0.00s Real=0.00s
[137.978s][info][gc,start       ] GC(433) Pause Young (Allocation Failure)
[137.979s][info][gc,heap        ] GC(433) PSYoungGen: 1390848K(1394176K)->2241K(1394176K) Eden: 1390592K(1390592K)->0K(1390592K) From: 256K(3584K)->2241K(3584K)
[137.979s][info][gc,heap        ] GC(433) ParOldGen: 85046K(2796544K)->85070K(2796544K)
[137.979s][info][gc,metaspace   ] GC(433) Metaspace: 11776K(12032K)->11776K(12032K) NonClass: 10234K(10368K)->10234K(10368K) Class: 1542K(1664K)->1542K(1664K)
[137.979s][info][gc             ] GC(433) Pause Young (Allocation Failure) 1441M->85M(4092M) 0.737ms
[137.979s][info][gc,cpu         ] GC(433) User=0.00s Sys=0.00s Real=0.00s
[138.069s][info][gc,start       ] GC(434) Pause Young (System.gc())
[138.069s][info][gc,heap        ] GC(434) PSYoungGen: 327447K(1394176K)->160K(1394176K) Eden: 325206K(1390592K)->0K(1390592K) From: 2241K(3584K)->160K(3584K)
[138.069s][info][gc,heap        ] GC(434) ParOldGen: 85070K(2796544K)->85070K(2796544K)
[138.069s][info][gc,metaspace   ] GC(434) Metaspace: 11776K(12032K)->11776K(12032K) NonClass: 10234K(10368K)->10234K(10368K) Class: 1542K(1664K)->1542K(1664K)
[138.069s][info][gc             ] GC(434) Pause Young (System.gc()) 402M->83M(4092M) 0.284ms
[138.069s][info][gc,cpu         ] GC(434) User=0.00s Sys=0.00s Real=0.00s
[138.069s][info][gc,start       ] GC(435) Pause Full (System.gc())
[138.069s][info][gc,phases,start] GC(435) Marking Phase
[138.115s][info][gc,phases      ] GC(435) Marking Phase 45.706ms
[138.115s][info][gc,phases,start] GC(435) Summary Phase
[138.115s][info][gc,phases      ] GC(435) Summary Phase 0.010ms
[138.115s][info][gc,phases,start] GC(435) Adjust Roots
[138.116s][info][gc,phases      ] GC(435) Adjust Roots 1.121ms
[138.116s][info][gc,phases,start] GC(435) Compaction Phase
[138.131s][info][gc,phases      ] GC(435) Compaction Phase 15.702ms
[138.132s][info][gc,phases,start] GC(435) Post Compact
[138.132s][info][gc,phases      ] GC(435) Post Compact 0.883ms
[138.132s][info][gc,heap        ] GC(435) PSYoungGen: 160K(1394176K)->0K(1394176K) Eden: 0K(1390592K)->0K(1390592K) From: 160K(3584K)->0K(3584K)
[138.132s][info][gc,heap        ] GC(435) ParOldGen: 85070K(2796544K)->85005K(2796544K)
[138.132s][info][gc,metaspace   ] GC(435) Metaspace: 11776K(12032K)->11776K(12032K) NonClass: 10234K(10368K)->10234K(10368K) Class: 1542K(1664K)->1542K(1664K)
[138.133s][info][gc             ] GC(435) Pause Full (System.gc()) 83M->83M(4092M) 63.668ms
[138.133s][info][gc,cpu         ] GC(435) User=0.31s Sys=0.00s Real=0.06s
[138.513s][info][gc,start       ] GC(436) Pause Young (Allocation Failure)
[138.513s][info][gc,heap        ] GC(436) PSYoungGen: 1390592K(1394176K)->2362K(1393152K) Eden: 1390592K(1390592K)->0K(1389568K) From: 0K(3584K)->2362K(3584K)
[138.514s][info][gc,heap        ] GC(436) ParOldGen: 85005K(2796544K)->85005K(2796544K)
[138.514s][info][gc,metaspace   ] GC(436) Metaspace: 11776K(12032K)->11776K(12032K) NonClass: 10234K(10368K)->10234K(10368K) Class: 1542K(1664K)->1542K(1664K)
[138.514s][info][gc             ] GC(436) Pause Young (Allocation Failure) 1441M->85M(4091M) 0.692ms
[138.514s][info][gc,cpu         ] GC(436) User=0.00s Sys=0.00s Real=0.00s
[138.898s][info][gc,start       ] GC(437) Pause Young (Allocation Failure)
[138.898s][info][gc,heap        ] GC(437) PSYoungGen: 1391930K(1393152K)->1331K(1393664K) Eden: 1389568K(1389568K)->0K(1389568K) From: 2362K(3584K)->1331K(4096K)
[138.898s][info][gc,heap        ] GC(437) ParOldGen: 85005K(2796544K)->85021K(2796544K)
[138.898s][info][gc,metaspace   ] GC(437) Metaspace: 11776K(12032K)->11776K(12032K) NonClass: 10234K(10368K)->10234K(10368K) Class: 1542K(1664K)->1542K(1664K)
[138.898s][info][gc             ] GC(437) Pause Young (Allocation Failure) 1442M->84M(4092M) 0.495ms
[138.898s][info][gc,cpu         ] GC(437) User=0.00s Sys=0.00s Real=0.00s
[139.277s][info][gc,start       ] GC(438) Pause Young (Allocation Failure)
[139.278s][info][gc,heap        ] GC(438) PSYoungGen: 1390899K(1393664K)->320K(1394176K) Eden: 1389568K(1389568K)->0K(1390592K) From: 1331K(4096K)->320K(3584K)
[139.278s][info][gc,heap        ] GC(438) ParOldGen: 85021K(2796544K)->85037K(2796544K)
[139.278s][info][gc,metaspace   ] GC(438) Metaspace: 11776K(12032K)->11776K(12032K) NonClass: 10234K(10368K)->10234K(10368K) Class: 1542K(1664K)->1542K(1664K)
[139.278s][info][gc             ] GC(438) Pause Young (Allocation Failure) 1441M->83M(4092M) 0.386ms
[139.278s][info][gc,cpu         ] GC(438) User=0.00s Sys=0.00s Real=0.00s
[139.653s][info][gc,start       ] GC(439) Pause Young (Allocation Failure)
[139.654s][info][gc,heap        ] GC(439) PSYoungGen: 1390912K(1394176K)->1913K(1394176K) Eden: 1390592K(1390592K)->0K(1390592K) From: 320K(3584K)->1913K(3584K)
[139.654s][info][gc,heap        ] GC(439) ParOldGen: 85037K(2796544K)->85037K(2796544K)
[139.654s][info][gc,metaspace   ] GC(439) Metaspace: 11776K(12032K)->11776K(12032K) NonClass: 10234K(10368K)->10234K(10368K) Class: 1542K(1664K)->1542K(1664K)
[139.654s][info][gc             ] GC(439) Pause Young (Allocation Failure) 1441M->84M(4092M) 0.813ms
[139.654s][info][gc,cpu         ] GC(439) User=0.00s Sys=0.00s Real=0.00s
[140.044s][info][gc,start       ] GC(440) Pause Young (Allocation Failure)
[140.044s][info][gc,heap        ] GC(440) PSYoungGen: 1392505K(1394176K)->1265K(1394176K) Eden: 1390592K(1390592K)->0K(1390592K) From: 1913K(3584K)->1265K(3584K)
[140.044s][info][gc,heap        ] GC(440) ParOldGen: 85037K(2796544K)->85045K(2796544K)
[140.044s][info][gc,metaspace   ] GC(440) Metaspace: 11776K(12032K)->11776K(12032K) NonClass: 10234K(10368K)->10234K(10368K) Class: 1542K(1664K)->1542K(1664K)
[140.044s][info][gc             ] GC(440) Pause Young (Allocation Failure) 1442M->84M(4092M) 0.524ms
[140.044s][info][gc,cpu         ] GC(440) User=0.00s Sys=0.00s Real=0.00s
[140.424s][info][gc,start       ] GC(441) Pause Young (Allocation Failure)
[140.424s][info][gc,heap        ] GC(441) PSYoungGen: 1391857K(1394176K)->480K(1394176K) Eden: 1390592K(1390592K)->0K(1390592K) From: 1265K(3584K)->480K(3584K)
[140.424s][info][gc,heap        ] GC(441) ParOldGen: 85045K(2796544K)->85045K(2796544K)
[140.424s][info][gc,metaspace   ] GC(441) Metaspace: 11776K(12032K)->11776K(12032K) NonClass: 10234K(10368K)->10234K(10368K) Class: 1542K(1664K)->1542K(1664K)
[140.424s][info][gc             ] GC(441) Pause Young (Allocation Failure) 1442M->83M(4092M) 0.367ms
[140.424s][info][gc,cpu         ] GC(441) User=0.02s Sys=0.00s Real=0.00s
[140.807s][info][gc,start       ] GC(442) Pause Young (Allocation Failure)
[140.808s][info][gc,heap        ] GC(442) PSYoungGen: 1391072K(1394176K)->2974K(1393152K) Eden: 1390592K(1390592K)->0K(1389568K) From: 480K(3584K)->2974K(3584K)
[140.808s][info][gc,heap        ] GC(442) ParOldGen: 85045K(2796544K)->85077K(2796544K)
[140.808s][info][gc,metaspace   ] GC(442) Metaspace: 11776K(12032K)->11776K(12032K) NonClass: 10234K(10368K)->10234K(10368K) Class: 1542K(1664K)->1542K(1664K)
[140.808s][info][gc             ] GC(442) Pause Young (Allocation Failure) 1441M->85M(4091M) 1.055ms
[140.808s][info][gc,cpu         ] GC(442) User=0.00s Sys=0.00s Real=0.00s
[140.896s][info][gc,start       ] GC(443) Pause Young (System.gc())
[140.897s][info][gc,heap        ] GC(443) PSYoungGen: 319531K(1393152K)->192K(1393664K) Eden: 316556K(1389568K)->0K(1389568K) From: 2974K(3584K)->192K(4096K)
[140.897s][info][gc,heap        ] GC(443) ParOldGen: 85077K(2796544K)->85077K(2796544K)
[140.897s][info][gc,metaspace   ] GC(443) Metaspace: 11776K(12032K)->11776K(12032K) NonClass: 10234K(10368K)->10234K(10368K) Class: 1542K(1664K)->1542K(1664K)
[140.897s][info][gc             ] GC(443) Pause Young (System.gc()) 395M->83M(4092M) 0.290ms
[140.897s][info][gc,cpu         ] GC(443) User=0.00s Sys=0.00s Real=0.00s
[140.897s][info][gc,start       ] GC(444) Pause Full (System.gc())
[140.897s][info][gc,phases,start] GC(444) Marking Phase
[140.966s][info][gc,phases      ] GC(444) Marking Phase 69.316ms
[140.966s][info][gc,phases,start] GC(444) Summary Phase
[140.966s][info][gc,phases      ] GC(444) Summary Phase 0.019ms
[140.966s][info][gc,phases,start] GC(444) Adjust Roots
[140.967s][info][gc,phases      ] GC(444) Adjust Roots 1.094ms
[140.967s][info][gc,phases,start] GC(444) Compaction Phase
[140.984s][info][gc,phases      ] GC(444) Compaction Phase 16.461ms
[140.984s][info][gc,phases,start] GC(444) Post Compact
[140.985s][info][gc,phases      ] GC(444) Post Compact 1.047ms
[140.985s][info][gc,heap        ] GC(444) PSYoungGen: 192K(1393664K)->0K(1393664K) Eden: 0K(1389568K)->0K(1389568K) From: 192K(4096K)->0K(4096K)
[140.985s][info][gc,heap        ] GC(444) ParOldGen: 85077K(2796544K)->85006K(2796544K)
[140.985s][info][gc,metaspace   ] GC(444) Metaspace: 11776K(12032K)->11776K(12032K) NonClass: 10234K(10368K)->10234K(10368K) Class: 1542K(1664K)->1542K(1664K)
[140.985s][info][gc             ] GC(444) Pause Full (System.gc()) 83M->83M(4092M) 88.253ms
[140.985s][info][gc,cpu         ] GC(444) User=0.45s Sys=0.02s Real=0.09s
[141.364s][info][gc,start       ] GC(445) Pause Young (Allocation Failure)
[141.365s][info][gc,heap        ] GC(445) PSYoungGen: 1389568K(1393664K)->2190K(1393664K) Eden: 1389568K(1389568K)->0K(1389568K) From: 0K(4096K)->2190K(4096K)
[141.365s][info][gc,heap        ] GC(445) ParOldGen: 85006K(2796544K)->85006K(2796544K)
[141.365s][info][gc,metaspace   ] GC(445) Metaspace: 11791K(12032K)->11791K(12032K) NonClass: 10249K(10368K)->10249K(10368K) Class: 1542K(1664K)->1542K(1664K)
[141.365s][info][gc             ] GC(445) Pause Young (Allocation Failure) 1440M->85M(4092M) 0.640ms
[141.365s][info][gc,cpu         ] GC(445) User=0.00s Sys=0.00s Real=0.00s
[141.750s][info][gc,start       ] GC(446) Pause Young (Allocation Failure)
[141.750s][info][gc,heap        ] GC(446) PSYoungGen: 1391758K(1393664K)->1036K(1393664K) Eden: 1389568K(1389568K)->0K(1389568K) From: 2190K(4096K)->1036K(4096K)
[141.750s][info][gc,heap        ] GC(446) ParOldGen: 85006K(2796544K)->85022K(2796544K)
[141.750s][info][gc,metaspace   ] GC(446) Metaspace: 11791K(12032K)->11791K(12032K) NonClass: 10249K(10368K)->10249K(10368K) Class: 1542K(1664K)->1542K(1664K)
[141.750s][info][gc             ] GC(446) Pause Young (Allocation Failure) 1442M->84M(4092M) 0.448ms
[141.750s][info][gc,cpu         ] GC(446) User=0.00s Sys=0.00s Real=0.00s
[142.126s][info][gc,start       ] GC(447) Pause Young (Allocation Failure)
[142.127s][info][gc,heap        ] GC(447) PSYoungGen: 1390520K(1393664K)->2537K(1393152K) Eden: 1389484K(1389568K)->0K(1389568K) From: 1036K(4096K)->2537K(3584K)
[142.127s][info][gc,heap        ] GC(447) ParOldGen: 85022K(2796544K)->85046K(2796544K)
[142.127s][info][gc,metaspace   ] GC(447) Metaspace: 11791K(12032K)->11791K(12032K) NonClass: 10249K(10368K)->10249K(10368K) Class: 1542K(1664K)->1542K(1664K)
[142.127s][info][gc             ] GC(447) Pause Young (Allocation Failure) 1440M->85M(4091M) 0.912ms
[142.127s][info][gc,cpu         ] GC(447) User=0.00s Sys=0.00s Real=0.00s
[142.508s][info][gc,start       ] GC(448) Pause Young (Allocation Failure)
[142.508s][info][gc,heap        ] GC(448) PSYoungGen: 1392105K(1393152K)->1720K(1393664K) Eden: 1389568K(1389568K)->0K(1389568K) From: 2537K(3584K)->1720K(4096K)
[142.508s][info][gc,heap        ] GC(448) ParOldGen: 85046K(2796544K)->85046K(2796544K)
[142.508s][info][gc,metaspace   ] GC(448) Metaspace: 11791K(12032K)->11791K(12032K) NonClass: 10249K(10368K)->10249K(10368K) Class: 1542K(1664K)->1542K(1664K)
[142.508s][info][gc             ] GC(448) Pause Young (Allocation Failure) 1442M->84M(4092M) 0.577ms
[142.508s][info][gc,cpu         ] GC(448) User=0.00s Sys=0.00s Real=0.00s
[142.893s][info][gc,start       ] GC(449) Pause Young (Allocation Failure)
[142.893s][info][gc,heap        ] GC(449) PSYoungGen: 1391288K(1393664K)->594K(1393664K) Eden: 1389568K(1389568K)->0K(1389568K) From: 1720K(4096K)->594K(4096K)
[142.893s][info][gc,heap        ] GC(449) ParOldGen: 85046K(2796544K)->85070K(2796544K)
[142.893s][info][gc,metaspace   ] GC(449) Metaspace: 11791K(12032K)->11791K(12032K) NonClass: 10249K(10368K)->10249K(10368K) Class: 1542K(1664K)->1542K(1664K)
[142.893s][info][gc             ] GC(449) Pause Young (Allocation Failure) 1441M->83M(4092M) 0.401ms
[142.893s][info][gc,cpu         ] GC(449) User=0.02s Sys=0.00s Real=0.00s
[143.269s][info][gc,start       ] GC(450) Pause Young (Allocation Failure)
[143.270s][info][gc,heap        ] GC(450) PSYoungGen: 1390124K(1393664K)->2461K(1393664K) Eden: 1389530K(1389568K)->0K(1389568K) From: 594K(4096K)->2461K(4096K)
[143.270s][info][gc,heap        ] GC(450) ParOldGen: 85070K(2796544K)->85070K(2796544K)
[143.270s][info][gc,metaspace   ] GC(450) Metaspace: 11791K(12032K)->11791K(12032K) NonClass: 10249K(10368K)->10249K(10368K) Class: 1542K(1664K)->1542K(1664K)
[143.270s][info][gc             ] GC(450) Pause Young (Allocation Failure) 1440M->85M(4092M) 0.807ms
[143.270s][info][gc,cpu         ] GC(450) User=0.00s Sys=0.00s Real=0.00s
[143.651s][info][gc,start       ] GC(451) Pause Young (Allocation Failure)
[143.652s][info][gc,heap        ] GC(451) PSYoungGen: 1392029K(1393664K)->1731K(1393664K) Eden: 1389568K(1389568K)->0K(1389568K) From: 2461K(4096K)->1731K(4096K)
[143.652s][info][gc,heap        ] GC(451) ParOldGen: 85070K(2796544K)->85102K(2796544K)
[143.652s][info][gc,metaspace   ] GC(451) Metaspace: 11791K(12032K)->11791K(12032K) NonClass: 10249K(10368K)->10249K(10368K) Class: 1542K(1664K)->1542K(1664K)
[143.652s][info][gc             ] GC(451) Pause Young (Allocation Failure) 1442M->84M(4092M) 0.608ms
[143.652s][info][gc,cpu         ] GC(451) User=0.00s Sys=0.00s Real=0.00s
[143.748s][info][gc,start       ] GC(452) Pause Young (System.gc())
[143.748s][info][gc,heap        ] GC(452) PSYoungGen: 343846K(1393664K)->160K(1393664K) Eden: 342114K(1389568K)->0K(1389568K) From: 1731K(4096K)->160K(4096K)
[143.748s][info][gc,heap        ] GC(452) ParOldGen: 85102K(2796544K)->85102K(2796544K)
[143.748s][info][gc,metaspace   ] GC(452) Metaspace: 11791K(12032K)->11791K(12032K) NonClass: 10249K(10368K)->10249K(10368K) Class: 1542K(1664K)->1542K(1664K)
[143.748s][info][gc             ] GC(452) Pause Young (System.gc()) 418M->83M(4092M) 0.276ms
[143.748s][info][gc,cpu         ] GC(452) User=0.00s Sys=0.00s Real=0.00s
[143.748s][info][gc,start       ] GC(453) Pause Full (System.gc())
[143.748s][info][gc,phases,start] GC(453) Marking Phase
[143.835s][info][gc,phases      ] GC(453) Marking Phase 86.600ms
[143.835s][info][gc,phases,start] GC(453) Summary Phase
[143.835s][info][gc,phases      ] GC(453) Summary Phase 0.017ms
[143.835s][info][gc,phases,start] GC(453) Adjust Roots
[143.836s][info][gc,phases      ] GC(453) Adjust Roots 1.589ms
[143.836s][info][gc,phases,start] GC(453) Compaction Phase
[143.853s][info][gc,phases      ] GC(453) Compaction Phase 16.758ms
[143.853s][info][gc,phases,start] GC(453) Post Compact
[143.854s][info][gc,phases      ] GC(453) Post Compact 0.981ms
[143.854s][info][gc,heap        ] GC(453) PSYoungGen: 160K(1393664K)->0K(1393664K) Eden: 0K(1389568K)->0K(1389568K) From: 160K(4096K)->0K(4096K)
[143.854s][info][gc,heap        ] GC(453) ParOldGen: 85102K(2796544K)->85005K(2796544K)
[143.854s][info][gc,metaspace   ] GC(453) Metaspace: 11791K(12032K)->11791K(12032K) NonClass: 10249K(10368K)->10249K(10368K) Class: 1542K(1664K)->1542K(1664K)
[143.854s][info][gc             ] GC(453) Pause Full (System.gc()) 83M->83M(4092M) 106.366ms
[143.854s][info][gc,cpu         ] GC(453) User=0.64s Sys=0.00s Real=0.11s
[144.234s][info][gc,start       ] GC(454) Pause Young (Allocation Failure)
[144.234s][info][gc,heap        ] GC(454) PSYoungGen: 1389568K(1393664K)->2065K(1393664K) Eden: 1389568K(1389568K)->0K(1389568K) From: 0K(4096K)->2065K(4096K)
[144.234s][info][gc,heap        ] GC(454) ParOldGen: 85005K(2796544K)->85005K(2796544K)
[144.234s][info][gc,metaspace   ] GC(454) Metaspace: 11792K(12032K)->11792K(12032K) NonClass: 10250K(10368K)->10250K(10368K) Class: 1542K(1664K)->1542K(1664K)
[144.234s][info][gc             ] GC(454) Pause Young (Allocation Failure) 1440M->85M(4092M) 0.648ms
[144.234s][info][gc,cpu         ] GC(454) User=0.00s Sys=0.00s Real=0.00s
[144.614s][info][gc,start       ] GC(455) Pause Young (Allocation Failure)
[144.614s][info][gc,heap        ] GC(455) PSYoungGen: 1391633K(1393664K)->919K(1393664K) Eden: 1389568K(1389568K)->0K(1389568K) From: 2065K(4096K)->919K(4096K)
[144.614s][info][gc,heap        ] GC(455) ParOldGen: 85005K(2796544K)->85013K(2796544K)
[144.614s][info][gc,metaspace   ] GC(455) Metaspace: 11792K(12032K)->11792K(12032K) NonClass: 10250K(10368K)->10250K(10368K) Class: 1542K(1664K)->1542K(1664K)
[144.614s][info][gc             ] GC(455) Pause Young (Allocation Failure) 1442M->83M(4092M) 0.429ms
[144.614s][info][gc,cpu         ] GC(455) User=0.00s Sys=0.00s Real=0.00s
[144.994s][info][gc,start       ] GC(456) Pause Young (Allocation Failure)
[144.995s][info][gc,heap        ] GC(456) PSYoungGen: 1390471K(1393664K)->2732K(1393152K) Eden: 1389552K(1389568K)->0K(1389568K) From: 919K(4096K)->2732K(3584K)
[144.995s][info][gc,heap        ] GC(456) ParOldGen: 85013K(2796544K)->85045K(2796544K)
[144.995s][info][gc,metaspace   ] GC(456) Metaspace: 11792K(12032K)->11792K(12032K) NonClass: 10250K(10368K)->10250K(10368K) Class: 1542K(1664K)->1542K(1664K)
[144.995s][info][gc             ] GC(456) Pause Young (Allocation Failure) 1440M->85M(4091M) 1.092ms
[144.995s][info][gc,cpu         ] GC(456) User=0.00s Sys=0.00s Real=0.00s
[145.378s][info][gc,start       ] GC(457) Pause Young (Allocation Failure)
[145.378s][info][gc,heap        ] GC(457) PSYoungGen: 1392300K(1393152K)->2128K(1393664K) Eden: 1389568K(1389568K)->0K(1389568K) From: 2732K(3584K)->2128K(4096K)
[145.379s][info][gc,heap        ] GC(457) ParOldGen: 85045K(2796544K)->85045K(2796544K)
[145.379s][info][gc,metaspace   ] GC(457) Metaspace: 11792K(12032K)->11792K(12032K) NonClass: 10250K(10368K)->10250K(10368K) Class: 1542K(1664K)->1542K(1664K)
[145.379s][info][gc             ] GC(457) Pause Young (Allocation Failure) 1442M->85M(4092M) 0.642ms
[145.379s][info][gc,cpu         ] GC(457) User=0.00s Sys=0.00s Real=0.00s
[145.764s][info][gc,start       ] GC(458) Pause Young (Allocation Failure)
[145.764s][info][gc,heap        ] GC(458) PSYoungGen: 1391696K(1393664K)->1081K(1393664K) Eden: 1389568K(1389568K)->0K(1389568K) From: 2128K(4096K)->1081K(4096K)
[145.764s][info][gc,heap        ] GC(458) ParOldGen: 85045K(2796544K)->85061K(2796544K)
[145.764s][info][gc,metaspace   ] GC(458) Metaspace: 11792K(12032K)->11792K(12032K) NonClass: 10250K(10368K)->10250K(10368K) Class: 1542K(1664K)->1542K(1664K)
[145.764s][info][gc             ] GC(458) Pause Young (Allocation Failure) 1442M->84M(4092M) 0.461ms
[145.764s][info][gc,cpu         ] GC(458) User=0.00s Sys=0.00s Real=0.00s
[146.145s][info][gc,start       ] GC(459) Pause Young (Allocation Failure)
[146.146s][info][gc,heap        ] GC(459) PSYoungGen: 1390649K(1393664K)->480K(1393664K) Eden: 1389568K(1389568K)->0K(1389568K) From: 1081K(4096K)->480K(4096K)
[146.146s][info][gc,heap        ] GC(459) ParOldGen: 85061K(2796544K)->85061K(2796544K)
[146.146s][info][gc,metaspace   ] GC(459) Metaspace: 11792K(12032K)->11792K(12032K) NonClass: 10250K(10368K)->10250K(10368K) Class: 1542K(1664K)->1542K(1664K)
[146.146s][info][gc             ] GC(459) Pause Young (Allocation Failure) 1441M->83M(4092M) 0.505ms
[146.146s][info][gc,cpu         ] GC(459) User=0.00s Sys=0.00s Real=0.00s
[146.522s][info][gc,start       ] GC(460) Pause Young (Allocation Failure)
[146.523s][info][gc,heap        ] GC(460) PSYoungGen: 1390048K(1393664K)->1998K(1393664K) Eden: 1389568K(1389568K)->0K(1389568K) From: 480K(4096K)->1998K(4096K)
[146.523s][info][gc,heap        ] GC(460) ParOldGen: 85061K(2796544K)->85077K(2796544K)
[146.523s][info][gc,metaspace   ] GC(460) Metaspace: 11792K(12032K)->11792K(12032K) NonClass: 10250K(10368K)->10250K(10368K) Class: 1542K(1664K)->1542K(1664K)
[146.523s][info][gc             ] GC(460) Pause Young (Allocation Failure) 1440M->85M(4092M) 0.579ms
[146.523s][info][gc,cpu         ] GC(460) User=0.00s Sys=0.00s Real=0.00s
[146.612s][info][gc,start       ] GC(461) Pause Young (System.gc())
[146.612s][info][gc,heap        ] GC(461) PSYoungGen: 326841K(1393664K)->160K(1393664K) Eden: 324843K(1389568K)->0K(1389568K) From: 1998K(4096K)->160K(4096K)
[146.612s][info][gc,heap        ] GC(461) ParOldGen: 85077K(2796544K)->85077K(2796544K)
[146.612s][info][gc,metaspace   ] GC(461) Metaspace: 11792K(12032K)->11792K(12032K) NonClass: 10250K(10368K)->10250K(10368K) Class: 1542K(1664K)->1542K(1664K)
[146.612s][info][gc             ] GC(461) Pause Young (System.gc()) 402M->83M(4092M) 0.271ms
[146.612s][info][gc,cpu         ] GC(461) User=0.00s Sys=0.00s Real=0.00s
[146.613s][info][gc,start       ] GC(462) Pause Full (System.gc())
[146.613s][info][gc,phases,start] GC(462) Marking Phase
[146.648s][info][gc,phases      ] GC(462) Marking Phase 35.728ms
[146.648s][info][gc,phases,start] GC(462) Summary Phase
[146.648s][info][gc,phases      ] GC(462) Summary Phase 0.009ms
[146.648s][info][gc,phases,start] GC(462) Adjust Roots
[146.650s][info][gc,phases      ] GC(462) Adjust Roots 1.605ms
[146.650s][info][gc,phases,start] GC(462) Compaction Phase
[146.667s][info][gc,phases      ] GC(462) Compaction Phase 17.055ms
[146.667s][info][gc,phases,start] GC(462) Post Compact
[146.668s][info][gc,phases      ] GC(462) Post Compact 0.801ms
[146.668s][info][gc,heap        ] GC(462) PSYoungGen: 160K(1393664K)->0K(1393664K) Eden: 0K(1389568K)->0K(1389568K) From: 160K(4096K)->0K(4096K)
[146.668s][info][gc,heap        ] GC(462) ParOldGen: 85077K(2796544K)->85006K(2796544K)
[146.668s][info][gc,metaspace   ] GC(462) Metaspace: 11792K(12032K)->11792K(12032K) NonClass: 10250K(10368K)->10250K(10368K) Class: 1542K(1664K)->1542K(1664K)
[146.668s][info][gc             ] GC(462) Pause Full (System.gc()) 83M->83M(4092M) 55.481ms
[146.668s][info][gc,cpu         ] GC(462) User=0.25s Sys=0.00s Real=0.06s
[147.048s][info][gc,start       ] GC(463) Pause Young (Allocation Failure)
[147.049s][info][gc,heap        ] GC(463) PSYoungGen: 1389568K(1393664K)->2488K(1393664K) Eden: 1389568K(1389568K)->0K(1389568K) From: 0K(4096K)->2488K(4096K)
[147.049s][info][gc,heap        ] GC(463) ParOldGen: 85006K(2796544K)->85006K(2796544K)
[147.049s][info][gc,metaspace   ] GC(463) Metaspace: 11792K(12032K)->11792K(12032K) NonClass: 10250K(10368K)->10250K(10368K) Class: 1542K(1664K)->1542K(1664K)
[147.049s][info][gc             ] GC(463) Pause Young (Allocation Failure) 1440M->85M(4092M) 0.632ms
[147.049s][info][gc,cpu         ] GC(463) User=0.00s Sys=0.00s Real=0.00s
[147.429s][info][gc,start       ] GC(464) Pause Young (Allocation Failure)
[147.430s][info][gc,heap        ] GC(464) PSYoungGen: 1392056K(1393664K)->953K(1393664K) Eden: 1389568K(1389568K)->0K(1389568K) From: 2488K(4096K)->953K(4096K)
[147.430s][info][gc,heap        ] GC(464) ParOldGen: 85006K(2796544K)->85022K(2796544K)
[147.430s][info][gc,metaspace   ] GC(464) Metaspace: 11792K(12032K)->11792K(12032K) NonClass: 10250K(10368K)->10250K(10368K) Class: 1542K(1664K)->1542K(1664K)
[147.430s][info][gc             ] GC(464) Pause Young (Allocation Failure) 1442M->83M(4092M) 0.459ms
[147.430s][info][gc,cpu         ] GC(464) User=0.00s Sys=0.00s Real=0.00s
[147.811s][info][gc,start       ] GC(465) Pause Young (Allocation Failure)
[147.812s][info][gc,heap        ] GC(465) PSYoungGen: 1390521K(1393664K)->3074K(1393664K) Eden: 1389568K(1389568K)->0K(1389568K) From: 953K(4096K)->3074K(4096K)
[147.812s][info][gc,heap        ] GC(465) ParOldGen: 85022K(2796544K)->85038K(2796544K)
[147.812s][info][gc,metaspace   ] GC(465) Metaspace: 11792K(12032K)->11792K(12032K) NonClass: 10250K(10368K)->10250K(10368K) Class: 1542K(1664K)->1542K(1664K)
[147.812s][info][gc             ] GC(465) Pause Young (Allocation Failure) 1440M->86M(4092M) 1.083ms
[147.812s][info][gc,cpu         ] GC(465) User=0.00s Sys=0.00s Real=0.00s
[148.193s][info][gc,start       ] GC(466) Pause Young (Allocation Failure)
[148.193s][info][gc,heap        ] GC(466) PSYoungGen: 1392642K(1393664K)->1918K(1393664K) Eden: 1389568K(1389568K)->0K(1389568K) From: 3074K(4096K)->1918K(4096K)
[148.193s][info][gc,heap        ] GC(466) ParOldGen: 85038K(2796544K)->85038K(2796544K)
[148.193s][info][gc,metaspace   ] GC(466) Metaspace: 11793K(12032K)->11793K(12032K) NonClass: 10251K(10368K)->10251K(10368K) Class: 1542K(1664K)->1542K(1664K)
[148.193s][info][gc             ] GC(466) Pause Young (Allocation Failure) 1443M->84M(4092M) 0.563ms
[148.193s][info][gc,cpu         ] GC(466) User=0.00s Sys=0.00s Real=0.00s
[148.574s][info][gc,start       ] GC(467) Pause Young (Allocation Failure)
[148.575s][info][gc,heap        ] GC(467) PSYoungGen: 1391486K(1393664K)->866K(1393664K) Eden: 1389568K(1389568K)->0K(1389568K) From: 1918K(4096K)->866K(4096K)
[148.575s][info][gc,heap        ] GC(467) ParOldGen: 85038K(2796544K)->85054K(2796544K)
[148.575s][info][gc,metaspace   ] GC(467) Metaspace: 11793K(12032K)->11793K(12032K) NonClass: 10251K(10368K)->10251K(10368K) Class: 1542K(1664K)->1542K(1664K)
[148.575s][info][gc             ] GC(467) Pause Young (Allocation Failure) 1441M->83M(4092M) 0.456ms
[148.575s][info][gc,cpu         ] GC(467) User=0.00s Sys=0.00s Real=0.00s
[148.955s][info][gc,start       ] GC(468) Pause Young (Allocation Failure)
[148.956s][info][gc,heap        ] GC(468) PSYoungGen: 1390434K(1393664K)->2421K(1393664K) Eden: 1389568K(1389568K)->0K(1389568K) From: 866K(4096K)->2421K(4096K)
[148.956s][info][gc,heap        ] GC(468) ParOldGen: 85054K(2796544K)->85054K(2796544K)
[148.956s][info][gc,metaspace   ] GC(468) Metaspace: 11793K(12032K)->11793K(12032K) NonClass: 10251K(10368K)->10251K(10368K) Class: 1542K(1664K)->1542K(1664K)
[148.956s][info][gc             ] GC(468) Pause Young (Allocation Failure) 1440M->85M(4092M) 0.783ms
[148.956s][info][gc,cpu         ] GC(468) User=0.02s Sys=0.00s Real=0.00s
[149.335s][info][gc,start       ] GC(469) Pause Young (Allocation Failure)
[149.336s][info][gc,heap        ] GC(469) PSYoungGen: 1391989K(1393664K)->1659K(1393664K) Eden: 1389568K(1389568K)->0K(1389568K) From: 2421K(4096K)->1659K(4096K)
[149.336s][info][gc,heap        ] GC(469) ParOldGen: 85054K(2796544K)->85062K(2796544K)
[149.336s][info][gc,metaspace   ] GC(469) Metaspace: 11793K(12032K)->11793K(12032K) NonClass: 10251K(10368K)->10251K(10368K) Class: 1542K(1664K)->1542K(1664K)
[149.336s][info][gc             ] GC(469) Pause Young (Allocation Failure) 1442M->84M(4092M) 0.551ms
[149.336s][info][gc,cpu         ] GC(469) User=0.00s Sys=0.00s Real=0.00s
[149.428s][info][gc,start       ] GC(470) Pause Young (System.gc())
[149.428s][info][gc,heap        ] GC(470) PSYoungGen: 338130K(1393664K)->192K(1393664K) Eden: 336470K(1389568K)->0K(1389568K) From: 1659K(4096K)->192K(4096K)
[149.428s][info][gc,heap        ] GC(470) ParOldGen: 85062K(2796544K)->85062K(2796544K)
[149.428s][info][gc,metaspace   ] GC(470) Metaspace: 11793K(12032K)->11793K(12032K) NonClass: 10251K(10368K)->10251K(10368K) Class: 1542K(1664K)->1542K(1664K)
[149.428s][info][gc             ] GC(470) Pause Young (System.gc()) 413M->83M(4092M) 0.291ms
[149.428s][info][gc,cpu         ] GC(470) User=0.00s Sys=0.00s Real=0.00s
[149.428s][info][gc,start       ] GC(471) Pause Full (System.gc())
[149.428s][info][gc,phases,start] GC(471) Marking Phase
[149.489s][info][gc,phases      ] GC(471) Marking Phase 60.678ms
[149.489s][info][gc,phases,start] GC(471) Summary Phase
[149.489s][info][gc,phases      ] GC(471) Summary Phase 0.010ms
[149.489s][info][gc,phases,start] GC(471) Adjust Roots
[149.490s][info][gc,phases      ] GC(471) Adjust Roots 1.113ms
[149.490s][info][gc,phases,start] GC(471) Compaction Phase
[149.507s][info][gc,phases      ] GC(471) Compaction Phase 16.913ms
[149.507s][info][gc,phases,start] GC(471) Post Compact
[149.508s][info][gc,phases      ] GC(471) Post Compact 0.959ms
[149.508s][info][gc,heap        ] GC(471) PSYoungGen: 192K(1393664K)->0K(1393664K) Eden: 0K(1389568K)->0K(1389568K) From: 192K(4096K)->0K(4096K)
[149.508s][info][gc,heap        ] GC(471) ParOldGen: 85062K(2796544K)->85005K(2796544K)
[149.508s][info][gc,metaspace   ] GC(471) Metaspace: 11793K(12032K)->11793K(12032K) NonClass: 10251K(10368K)->10251K(10368K) Class: 1542K(1664K)->1542K(1664K)
[149.508s][info][gc             ] GC(471) Pause Full (System.gc()) 83M->83M(4092M) 80.027ms
[149.508s][info][gc,cpu         ] GC(471) User=0.41s Sys=0.00s Real=0.08s
[149.891s][info][gc,start       ] GC(472) Pause Young (Allocation Failure)
[149.892s][info][gc,heap        ] GC(472) PSYoungGen: 1389437K(1393664K)->2434K(1393664K) Eden: 1389437K(1389568K)->0K(1389568K) From: 0K(4096K)->2434K(4096K)
[149.892s][info][gc,heap        ] GC(472) ParOldGen: 85005K(2796544K)->85005K(2796544K)
[149.892s][info][gc,metaspace   ] GC(472) Metaspace: 11796K(12032K)->11796K(12032K) NonClass: 10254K(10368K)->10254K(10368K) Class: 1542K(1664K)->1542K(1664K)
[149.892s][info][gc             ] GC(472) Pause Young (Allocation Failure) 1439M->85M(4092M) 0.757ms
[149.892s][info][gc,cpu         ] GC(472) User=0.00s Sys=0.00s Real=0.00s
[150.273s][info][gc,start       ] GC(473) Pause Young (Allocation Failure)
[150.273s][info][gc,heap        ] GC(473) PSYoungGen: 1392002K(1393664K)->1283K(1393664K) Eden: 1389568K(1389568K)->0K(1389568K) From: 2434K(4096K)->1283K(4096K)
[150.273s][info][gc,heap        ] GC(473) ParOldGen: 85005K(2796544K)->85021K(2796544K)
[150.273s][info][gc,metaspace   ] GC(473) Metaspace: 11796K(12032K)->11796K(12032K) NonClass: 10254K(10368K)->10254K(10368K) Class: 1542K(1664K)->1542K(1664K)
[150.273s][info][gc             ] GC(473) Pause Young (Allocation Failure) 1442M->84M(4092M) 0.469ms
[150.273s][info][gc,cpu         ] GC(473) User=0.00s Sys=0.00s Real=0.00s
[150.653s][info][gc,start       ] GC(474) Pause Young (Allocation Failure)
[150.653s][info][gc,heap        ] GC(474) PSYoungGen: 1390851K(1393664K)->192K(1393664K) Eden: 1389568K(1389568K)->0K(1389568K) From: 1283K(4096K)->192K(4096K)
[150.653s][info][gc,heap        ] GC(474) ParOldGen: 85021K(2796544K)->85045K(2796544K)
[150.653s][info][gc,metaspace   ] GC(474) Metaspace: 11796K(12032K)->11796K(12032K) NonClass: 10254K(10368K)->10254K(10368K) Class: 1542K(1664K)->1542K(1664K)
[150.653s][info][gc             ] GC(474) Pause Young (Allocation Failure) 1441M->83M(4092M) 0.315ms
[150.653s][info][gc,cpu         ] GC(474) User=0.00s Sys=0.00s Real=0.00s
[151.034s][info][gc,start       ] GC(475) Pause Young (Allocation Failure)
[151.035s][info][gc,heap        ] GC(475) PSYoungGen: 1389760K(1393664K)->2137K(1393664K) Eden: 1389568K(1389568K)->0K(1389568K) From: 192K(4096K)->2137K(4096K)
[151.035s][info][gc,heap        ] GC(475) ParOldGen: 85045K(2796544K)->85045K(2796544K)
[151.035s][info][gc,metaspace   ] GC(475) Metaspace: 11796K(12032K)->11796K(12032K) NonClass: 10254K(10368K)->10254K(10368K) Class: 1542K(1664K)->1542K(1664K)
[151.035s][info][gc             ] GC(475) Pause Young (Allocation Failure) 1440M->85M(4092M) 0.564ms
[151.035s][info][gc,cpu         ] GC(475) User=0.00s Sys=0.00s Real=0.00s
[151.414s][info][gc,start       ] GC(476) Pause Young (Allocation Failure)
[151.414s][info][gc,heap        ] GC(476) PSYoungGen: 1391705K(1393664K)->1265K(1394176K) Eden: 1389568K(1389568K)->0K(1390080K) From: 2137K(4096K)->1265K(4096K)
[151.414s][info][gc,heap        ] GC(476) ParOldGen: 85045K(2796544K)->85053K(2796544K)
[151.415s][info][gc,metaspace   ] GC(476) Metaspace: 11796K(12032K)->11796K(12032K) NonClass: 10254K(10368K)->10254K(10368K) Class: 1542K(1664K)->1542K(1664K)
[151.415s][info][gc             ] GC(476) Pause Young (Allocation Failure) 1442M->84M(4092M) 0.529ms
[151.415s][info][gc,cpu         ] GC(476) User=0.00s Sys=0.00s Real=0.00s
[151.802s][info][gc,start       ] GC(477) Pause Young (Allocation Failure)
[151.802s][info][gc,heap        ] GC(477) PSYoungGen: 1391345K(1394176K)->192K(1393664K) Eden: 1390080K(1390080K)->0K(1390080K) From: 1265K(4096K)->192K(3584K)
[151.802s][info][gc,heap        ] GC(477) ParOldGen: 85053K(2796544K)->85053K(2796544K)
[151.802s][info][gc,metaspace   ] GC(477) Metaspace: 11796K(12032K)->11796K(12032K) NonClass: 10254K(10368K)->10254K(10368K) Class: 1542K(1664K)->1542K(1664K)
[151.802s][info][gc             ] GC(477) Pause Young (Allocation Failure) 1441M->83M(4092M) 0.324ms
[151.802s][info][gc,cpu         ] GC(477) User=0.00s Sys=0.00s Real=0.00s
[152.177s][info][gc,start       ] GC(478) Pause Young (Allocation Failure)
[152.178s][info][gc,heap        ] GC(478) PSYoungGen: 1390272K(1393664K)->2490K(1393152K) Eden: 1390080K(1390080K)->0K(1389568K) From: 192K(3584K)->2490K(3584K)
[152.178s][info][gc,heap        ] GC(478) ParOldGen: 85053K(2796544K)->85077K(2796544K)
[152.178s][info][gc,metaspace   ] GC(478) Metaspace: 11796K(12032K)->11796K(12032K) NonClass: 10254K(10368K)->10254K(10368K) Class: 1542K(1664K)->1542K(1664K)
[152.178s][info][gc             ] GC(478) Pause Young (Allocation Failure) 1440M->85M(4091M) 0.694ms
[152.178s][info][gc,cpu         ] GC(478) User=0.00s Sys=0.00s Real=0.00s
[152.268s][info][gc,start       ] GC(479) Pause Young (System.gc())
[152.268s][info][gc,heap        ] GC(479) PSYoungGen: 324771K(1393152K)->160K(1393664K) Eden: 322281K(1389568K)->0K(1389568K) From: 2490K(3584K)->160K(4096K)
[152.268s][info][gc,heap        ] GC(479) ParOldGen: 85077K(2796544K)->85077K(2796544K)
[152.268s][info][gc,metaspace   ] GC(479) Metaspace: 11796K(12032K)->11796K(12032K) NonClass: 10254K(10368K)->10254K(10368K) Class: 1542K(1664K)->1542K(1664K)
[152.268s][info][gc             ] GC(479) Pause Young (System.gc()) 400M->83M(4092M) 0.282ms
[152.268s][info][gc,cpu         ] GC(479) User=0.02s Sys=0.02s Real=0.00s
[152.268s][info][gc,start       ] GC(480) Pause Full (System.gc())
[152.268s][info][gc,phases,start] GC(480) Marking Phase
[152.344s][info][gc,phases      ] GC(480) Marking Phase 76.146ms
[152.344s][info][gc,phases,start] GC(480) Summary Phase
[152.344s][info][gc,phases      ] GC(480) Summary Phase 0.010ms
[152.344s][info][gc,phases,start] GC(480) Adjust Roots
[152.345s][info][gc,phases      ] GC(480) Adjust Roots 1.051ms
[152.345s][info][gc,phases,start] GC(480) Compaction Phase
[152.362s][info][gc,phases      ] GC(480) Compaction Phase 16.103ms
[152.362s][info][gc,phases,start] GC(480) Post Compact
[152.362s][info][gc,phases      ] GC(480) Post Compact 0.664ms
[152.362s][info][gc,heap        ] GC(480) PSYoungGen: 160K(1393664K)->0K(1393664K) Eden: 0K(1389568K)->0K(1389568K) From: 160K(4096K)->0K(4096K)
[152.362s][info][gc,heap        ] GC(480) ParOldGen: 85077K(2796544K)->85005K(2796544K)
[152.362s][info][gc,metaspace   ] GC(480) Metaspace: 11796K(12032K)->11796K(12032K) NonClass: 10254K(10368K)->10254K(10368K) Class: 1542K(1664K)->1542K(1664K)
[152.362s][info][gc             ] GC(480) Pause Full (System.gc()) 83M->83M(4092M) 94.236ms
[152.362s][info][gc,cpu         ] GC(480) User=0.44s Sys=0.00s Real=0.09s
[152.750s][info][gc,start       ] GC(481) Pause Young (Allocation Failure)
[152.751s][info][gc,heap        ] GC(481) PSYoungGen: 1389568K(1393664K)->2398K(1393664K) Eden: 1389568K(1389568K)->0K(1389568K) From: 0K(4096K)->2398K(4096K)
[152.751s][info][gc,heap        ] GC(481) ParOldGen: 85005K(2796544K)->85005K(2796544K)
[152.751s][info][gc,metaspace   ] GC(481) Metaspace: 11796K(12032K)->11796K(12032K) NonClass: 10254K(10368K)->10254K(10368K) Class: 1542K(1664K)->1542K(1664K)
[152.751s][info][gc             ] GC(481) Pause Young (Allocation Failure) 1440M->85M(4092M) 0.640ms
[152.751s][info][gc,cpu         ] GC(481) User=0.00s Sys=0.00s Real=0.00s
[153.129s][info][gc,start       ] GC(482) Pause Young (Allocation Failure)
[153.129s][info][gc,heap        ] GC(482) PSYoungGen: 1391966K(1393664K)->1331K(1393664K) Eden: 1389568K(1389568K)->0K(1389568K) From: 2398K(4096K)->1331K(4096K)
[153.129s][info][gc,heap        ] GC(482) ParOldGen: 85005K(2796544K)->85021K(2796544K)
[153.129s][info][gc,metaspace   ] GC(482) Metaspace: 11796K(12032K)->11796K(12032K) NonClass: 10254K(10368K)->10254K(10368K) Class: 1542K(1664K)->1542K(1664K)
[153.129s][info][gc             ] GC(482) Pause Young (Allocation Failure) 1442M->84M(4092M) 0.524ms
[153.129s][info][gc,cpu         ] GC(482) User=0.00s Sys=0.00s Real=0.00s
[153.511s][info][gc,start       ] GC(483) Pause Young (Allocation Failure)
[153.511s][info][gc,heap        ] GC(483) PSYoungGen: 1390899K(1393664K)->480K(1393664K) Eden: 1389568K(1389568K)->0K(1389568K) From: 1331K(4096K)->480K(4096K)
[153.511s][info][gc,heap        ] GC(483) ParOldGen: 85021K(2796544K)->85045K(2796544K)
[153.511s][info][gc,metaspace   ] GC(483) Metaspace: 11796K(12032K)->11796K(12032K) NonClass: 10254K(10368K)->10254K(10368K) Class: 1542K(1664K)->1542K(1664K)
[153.511s][info][gc             ] GC(483) Pause Young (Allocation Failure) 1441M->83M(4092M) 0.407ms
[153.511s][info][gc,cpu         ] GC(483) User=0.00s Sys=0.00s Real=0.00s
[153.891s][info][gc,start       ] GC(484) Pause Young (Allocation Failure)
[153.892s][info][gc,heap        ] GC(484) PSYoungGen: 1390048K(1393664K)->2313K(1393664K) Eden: 1389568K(1389568K)->0K(1389568K) From: 480K(4096K)->2313K(4096K)
[153.892s][info][gc,heap        ] GC(484) ParOldGen: 85045K(2796544K)->85045K(2796544K)
[153.892s][info][gc,metaspace   ] GC(484) Metaspace: 11796K(12032K)->11796K(12032K) NonClass: 10254K(10368K)->10254K(10368K) Class: 1542K(1664K)->1542K(1664K)
[153.892s][info][gc             ] GC(484) Pause Young (Allocation Failure) 1440M->85M(4092M) 0.658ms
[153.892s][info][gc,cpu         ] GC(484) User=0.00s Sys=0.00s Real=0.00s
[154.272s][info][gc,start       ] GC(485) Pause Young (Allocation Failure)
[154.272s][info][gc,heap        ] GC(485) PSYoungGen: 1391881K(1393664K)->1697K(1393664K) Eden: 1389568K(1389568K)->0K(1389568K) From: 2313K(4096K)->1697K(4096K)
[154.272s][info][gc,heap        ] GC(485) ParOldGen: 85045K(2796544K)->85061K(2796544K)
[154.272s][info][gc,metaspace   ] GC(485) Metaspace: 11796K(12032K)->11796K(12032K) NonClass: 10254K(10368K)->10254K(10368K) Class: 1542K(1664K)->1542K(1664K)
[154.272s][info][gc             ] GC(485) Pause Young (Allocation Failure) 1442M->84M(4092M) 0.502ms
[154.272s][info][gc,cpu         ] GC(485) User=0.00s Sys=0.00s Real=0.00s
[154.652s][info][gc,start       ] GC(486) Pause Young (Allocation Failure)
[154.652s][info][gc,heap        ] GC(486) PSYoungGen: 1391265K(1393664K)->320K(1393664K) Eden: 1389568K(1389568K)->0K(1389568K) From: 1697K(4096K)->320K(4096K)
[154.652s][info][gc,heap        ] GC(486) ParOldGen: 85061K(2796544K)->85061K(2796544K)
[154.652s][info][gc,metaspace   ] GC(486) Metaspace: 11796K(12032K)->11796K(12032K) NonClass: 10254K(10368K)->10254K(10368K) Class: 1542K(1664K)->1542K(1664K)
[154.652s][info][gc             ] GC(486) Pause Young (Allocation Failure) 1441M->83M(4092M) 0.396ms
[154.652s][info][gc,cpu         ] GC(486) User=0.00s Sys=0.00s Real=0.00s
[155.032s][info][gc,start       ] GC(487) Pause Young (Allocation Failure)
[155.033s][info][gc,heap        ] GC(487) PSYoungGen: 1389888K(1393664K)->1830K(1394176K) Eden: 1389568K(1389568K)->0K(1390080K) From: 320K(4096K)->1830K(4096K)
[155.033s][info][gc,heap        ] GC(487) ParOldGen: 85061K(2796544K)->85077K(2796544K)
[155.033s][info][gc,metaspace   ] GC(487) Metaspace: 11796K(12032K)->11796K(12032K) NonClass: 10254K(10368K)->10254K(10368K) Class: 1542K(1664K)->1542K(1664K)
[155.033s][info][gc             ] GC(487) Pause Young (Allocation Failure) 1440M->84M(4092M) 0.647ms
[155.033s][info][gc,cpu         ] GC(487) User=0.00s Sys=0.00s Real=0.00s
[155.123s][info][gc,start       ] GC(488) Pause Young (System.gc())
[155.123s][info][gc,heap        ] GC(488) PSYoungGen: 329232K(1394176K)->160K(1393664K) Eden: 327401K(1390080K)->0K(1390080K) From: 1830K(4096K)->160K(3584K)
[155.123s][info][gc,heap        ] GC(488) ParOldGen: 85077K(2796544K)->85077K(2796544K)
[155.123s][info][gc,metaspace   ] GC(488) Metaspace: 11796K(12032K)->11796K(12032K) NonClass: 10254K(10368K)->10254K(10368K) Class: 1542K(1664K)->1542K(1664K)
[155.123s][info][gc             ] GC(488) Pause Young (System.gc()) 404M->83M(4092M) 0.304ms
[155.123s][info][gc,cpu         ] GC(488) User=0.00s Sys=0.00s Real=0.00s
[155.123s][info][gc,start       ] GC(489) Pause Full (System.gc())
[155.123s][info][gc,phases,start] GC(489) Marking Phase
[155.188s][info][gc,phases      ] GC(489) Marking Phase 65.129ms
[155.188s][info][gc,phases,start] GC(489) Summary Phase
[155.188s][info][gc,phases      ] GC(489) Summary Phase 0.010ms
[155.188s][info][gc,phases,start] GC(489) Adjust Roots
[155.189s][info][gc,phases      ] GC(489) Adjust Roots 1.061ms
[155.189s][info][gc,phases,start] GC(489) Compaction Phase
[155.206s][info][gc,phases      ] GC(489) Compaction Phase 16.305ms
[155.206s][info][gc,phases,start] GC(489) Post Compact
[155.207s][info][gc,phases      ] GC(489) Post Compact 0.963ms
[155.207s][info][gc,heap        ] GC(489) PSYoungGen: 160K(1393664K)->0K(1393664K) Eden: 0K(1390080K)->0K(1390080K) From: 160K(3584K)->0K(3584K)
[155.207s][info][gc,heap        ] GC(489) ParOldGen: 85077K(2796544K)->85005K(2796544K)
[155.207s][info][gc,metaspace   ] GC(489) Metaspace: 11796K(12032K)->11796K(12032K) NonClass: 10254K(10368K)->10254K(10368K) Class: 1542K(1664K)->1542K(1664K)
[155.207s][info][gc             ] GC(489) Pause Full (System.gc()) 83M->83M(4092M) 83.796ms
[155.207s][info][gc,cpu         ] GC(489) User=0.39s Sys=0.02s Real=0.09s
[155.587s][info][gc,start       ] GC(490) Pause Young (Allocation Failure)
[155.588s][info][gc,heap        ] GC(490) PSYoungGen: 1390080K(1393664K)->2097K(1393152K) Eden: 1390080K(1390080K)->0K(1389568K) From: 0K(3584K)->2097K(3584K)
[155.588s][info][gc,heap        ] GC(490) ParOldGen: 85005K(2796544K)->85005K(2796544K)
[155.588s][info][gc,metaspace   ] GC(490) Metaspace: 11796K(12032K)->11796K(12032K) NonClass: 10254K(10368K)->10254K(10368K) Class: 1542K(1664K)->1542K(1664K)
[155.588s][info][gc             ] GC(490) Pause Young (Allocation Failure) 1440M->85M(4091M) 0.611ms
[155.588s][info][gc,cpu         ] GC(490) User=0.00s Sys=0.00s Real=0.00s
[155.972s][info][gc,start       ] GC(491) Pause Young (Allocation Failure)
[155.972s][info][gc,heap        ] GC(491) PSYoungGen: 1391665K(1393152K)->1257K(1393664K) Eden: 1389568K(1389568K)->0K(1389568K) From: 2097K(3584K)->1257K(4096K)
[155.972s][info][gc,heap        ] GC(491) ParOldGen: 85005K(2796544K)->85013K(2796544K)
[155.972s][info][gc,metaspace   ] GC(491) Metaspace: 11796K(12032K)->11796K(12032K) NonClass: 10254K(10368K)->10254K(10368K) Class: 1542K(1664K)->1542K(1664K)
[155.972s][info][gc             ] GC(491) Pause Young (Allocation Failure) 1442M->84M(4092M) 0.503ms
[155.972s][info][gc,cpu         ] GC(491) User=0.00s Sys=0.00s Real=0.00s
[156.351s][info][gc,start       ] GC(492) Pause Young (Allocation Failure)
[156.351s][info][gc,heap        ] GC(492) PSYoungGen: 1390825K(1393664K)->192K(1394176K) Eden: 1389568K(1389568K)->0K(1390592K) From: 1257K(4096K)->192K(3584K)
[156.351s][info][gc,heap        ] GC(492) ParOldGen: 85013K(2796544K)->85037K(2796544K)
[156.351s][info][gc,metaspace   ] GC(492) Metaspace: 11796K(12032K)->11796K(12032K) NonClass: 10254K(10368K)->10254K(10368K) Class: 1542K(1664K)->1542K(1664K)
[156.351s][info][gc             ] GC(492) Pause Young (Allocation Failure) 1441M->83M(4092M) 0.304ms
[156.351s][info][gc,cpu         ] GC(492) User=0.00s Sys=0.00s Real=0.00s
[156.734s][info][gc,start       ] GC(493) Pause Young (Allocation Failure)
[156.735s][info][gc,heap        ] GC(493) PSYoungGen: 1390784K(1394176K)->2055K(1394176K) Eden: 1390592K(1390592K)->0K(1390592K) From: 192K(3584K)->2055K(3584K)
[156.735s][info][gc,heap        ] GC(493) ParOldGen: 85037K(2796544K)->85037K(2796544K)
[156.735s][info][gc,metaspace   ] GC(493) Metaspace: 11796K(12032K)->11796K(12032K) NonClass: 10254K(10368K)->10254K(10368K) Class: 1542K(1664K)->1542K(1664K)
[156.735s][info][gc             ] GC(493) Pause Young (Allocation Failure) 1441M->85M(4092M) 0.759ms
[156.735s][info][gc,cpu         ] GC(493) User=0.00s Sys=0.00s Real=0.00s
[157.116s][info][gc,start       ] GC(494) Pause Young (Allocation Failure)
[157.116s][info][gc,heap        ] GC(494) PSYoungGen: 1392647K(1394176K)->1224K(1394176K) Eden: 1390592K(1390592K)->0K(1390592K) From: 2055K(3584K)->1224K(3584K)
[157.116s][info][gc,heap        ] GC(494) ParOldGen: 85037K(2796544K)->85045K(2796544K)
[157.116s][info][gc,metaspace   ] GC(494) Metaspace: 11796K(12032K)->11796K(12032K) NonClass: 10254K(10368K)->10254K(10368K) Class: 1542K(1664K)->1542K(1664K)
[157.116s][info][gc             ] GC(494) Pause Young (Allocation Failure) 1443M->84M(4092M) 0.510ms
[157.116s][info][gc,cpu         ] GC(494) User=0.00s Sys=0.00s Real=0.00s
[157.496s][info][gc,start       ] GC(495) Pause Young (Allocation Failure)
[157.496s][info][gc,heap        ] GC(495) PSYoungGen: 1391816K(1394176K)->192K(1394176K) Eden: 1390592K(1390592K)->0K(1390592K) From: 1224K(3584K)->192K(3584K)
[157.496s][info][gc,heap        ] GC(495) ParOldGen: 85045K(2796544K)->85045K(2796544K)
[157.496s][info][gc,metaspace   ] GC(495) Metaspace: 11797K(12032K)->11797K(12032K) NonClass: 10255K(10368K)->10255K(10368K) Class: 1542K(1664K)->1542K(1664K)
[157.496s][info][gc             ] GC(495) Pause Young (Allocation Failure) 1442M->83M(4092M) 0.336ms
[157.496s][info][gc,cpu         ] GC(495) User=0.00s Sys=0.00s Real=0.00s
[157.877s][info][gc,start       ] GC(496) Pause Young (Allocation Failure)
[157.877s][info][gc,heap        ] GC(496) PSYoungGen: 1390784K(1394176K)->1956K(1394176K) Eden: 1390592K(1390592K)->0K(1390592K) From: 192K(3584K)->1956K(3584K)
[157.877s][info][gc,heap        ] GC(496) ParOldGen: 85045K(2796544K)->85061K(2796544K)
[157.877s][info][gc,metaspace   ] GC(496) Metaspace: 11797K(12032K)->11797K(12032K) NonClass: 10255K(10368K)->10255K(10368K) Class: 1542K(1664K)->1542K(1664K)
[157.877s][info][gc             ] GC(496) Pause Young (Allocation Failure) 1441M->84M(4092M) 0.565ms
[157.877s][info][gc,cpu         ] GC(496) User=0.08s Sys=0.00s Real=0.00s
[157.967s][info][gc,start       ] GC(497) Pause Young (System.gc())
[157.967s][info][gc,heap        ] GC(497) PSYoungGen: 330884K(1394176K)->160K(1394176K) Eden: 328928K(1390592K)->0K(1390592K) From: 1956K(3584K)->160K(3584K)
[157.967s][info][gc,heap        ] GC(497) ParOldGen: 85061K(2796544K)->85061K(2796544K)
[157.967s][info][gc,metaspace   ] GC(497) Metaspace: 11797K(12032K)->11797K(12032K) NonClass: 10255K(10368K)->10255K(10368K) Class: 1542K(1664K)->1542K(1664K)
[157.967s][info][gc             ] GC(497) Pause Young (System.gc()) 406M->83M(4092M) 0.378ms
[157.967s][info][gc,cpu         ] GC(497) User=0.00s Sys=0.00s Real=0.00s
[157.967s][info][gc,start       ] GC(498) Pause Full (System.gc())
[157.967s][info][gc,phases,start] GC(498) Marking Phase
[158.053s][info][gc,phases      ] GC(498) Marking Phase 86.067ms
[158.053s][info][gc,phases,start] GC(498) Summary Phase
[158.053s][info][gc,phases      ] GC(498) Summary Phase 0.009ms
[158.053s][info][gc,phases,start] GC(498) Adjust Roots
[158.054s][info][gc,phases      ] GC(498) Adjust Roots 1.102ms
[158.054s][info][gc,phases,start] GC(498) Compaction Phase
[158.071s][info][gc,phases      ] GC(498) Compaction Phase 16.397ms
[158.071s][info][gc,phases,start] GC(498) Post Compact
[158.072s][info][gc,phases      ] GC(498) Post Compact 0.962ms
[158.072s][info][gc,heap        ] GC(498) PSYoungGen: 160K(1394176K)->0K(1394176K) Eden: 0K(1390592K)->0K(1390592K) From: 160K(3584K)->0K(3584K)
[158.072s][info][gc,heap        ] GC(498) ParOldGen: 85061K(2796544K)->85005K(2796544K)
[158.072s][info][gc,metaspace   ] GC(498) Metaspace: 11797K(12032K)->11797K(12032K) NonClass: 10255K(10368K)->10255K(10368K) Class: 1542K(1664K)->1542K(1664K)
[158.072s][info][gc             ] GC(498) Pause Full (System.gc()) 83M->83M(4092M) 104.864ms
[158.072s][info][gc,cpu         ] GC(498) User=0.59s Sys=0.00s Real=0.10s
[158.452s][info][gc,start       ] GC(499) Pause Young (Allocation Failure)
[158.453s][info][gc,heap        ] GC(499) PSYoungGen: 1390592K(1394176K)->2205K(1394176K) Eden: 1390592K(1390592K)->0K(1390592K) From: 0K(3584K)->2205K(3584K)
[158.453s][info][gc,heap        ] GC(499) ParOldGen: 85005K(2796544K)->85005K(2796544K)
[158.453s][info][gc,metaspace   ] GC(499) Metaspace: 11797K(12032K)->11797K(12032K) NonClass: 10255K(10368K)->10255K(10368K) Class: 1542K(1664K)->1542K(1664K)
[158.453s][info][gc             ] GC(499) Pause Young (Allocation Failure) 1441M->85M(4092M) 0.526ms
[158.453s][info][gc,cpu         ] GC(499) User=0.00s Sys=0.00s Real=0.00s
[158.839s][info][gc,start       ] GC(500) Pause Young (Allocation Failure)
[158.840s][info][gc,heap        ] GC(500) PSYoungGen: 1392797K(1394176K)->1500K(1394176K) Eden: 1390592K(1390592K)->0K(1390592K) From: 2205K(3584K)->1500K(3584K)
[158.840s][info][gc,heap        ] GC(500) ParOldGen: 85005K(2796544K)->85021K(2796544K)
[158.840s][info][gc,metaspace   ] GC(500) Metaspace: 11797K(12032K)->11797K(12032K) NonClass: 10255K(10368K)->10255K(10368K) Class: 1542K(1664K)->1542K(1664K)
[158.840s][info][gc             ] GC(500) Pause Young (Allocation Failure) 1443M->84M(4092M) 0.498ms
[158.840s][info][gc,cpu         ] GC(500) User=0.00s Sys=0.00s Real=0.00s
[159.218s][info][gc,start       ] GC(501) Pause Young (Allocation Failure)
[159.218s][info][gc,heap        ] GC(501) PSYoungGen: 1392092K(1394176K)->256K(1394176K) Eden: 1390592K(1390592K)->0K(1390592K) From: 1500K(3584K)->256K(3584K)
[159.218s][info][gc,heap        ] GC(501) ParOldGen: 85021K(2796544K)->85045K(2796544K)
[159.218s][info][gc,metaspace   ] GC(501) Metaspace: 11797K(12032K)->11797K(12032K) NonClass: 10255K(10368K)->10255K(10368K) Class: 1542K(1664K)->1542K(1664K)
[159.218s][info][gc             ] GC(501) Pause Young (Allocation Failure) 1442M->83M(4092M) 0.354ms
[159.218s][info][gc,cpu         ] GC(501) User=0.00s Sys=0.00s Real=0.00s
[159.595s][info][gc,start       ] GC(502) Pause Young (Allocation Failure)
[159.596s][info][gc,heap        ] GC(502) PSYoungGen: 1390848K(1394176K)->2014K(1394176K) Eden: 1390592K(1390592K)->0K(1390592K) From: 256K(3584K)->2014K(3584K)
[159.596s][info][gc,heap        ] GC(502) ParOldGen: 85045K(2796544K)->85045K(2796544K)
[159.596s][info][gc,metaspace   ] GC(502) Metaspace: 11797K(12032K)->11797K(12032K) NonClass: 10255K(10368K)->10255K(10368K) Class: 1542K(1664K)->1542K(1664K)
[159.596s][info][gc             ] GC(502) Pause Young (Allocation Failure) 1441M->85M(4092M) 0.571ms
[159.596s][info][gc,cpu         ] GC(502) User=0.00s Sys=0.00s Real=0.00s
[159.981s][info][gc,start       ] GC(503) Pause Young (Allocation Failure)
[159.981s][info][gc,heap        ] GC(503) PSYoungGen: 1392606K(1394176K)->1113K(1394176K) Eden: 1390592K(1390592K)->0K(1390592K) From: 2014K(3584K)->1113K(3584K)
[159.982s][info][gc,heap        ] GC(503) ParOldGen: 85045K(2796544K)->85053K(2796544K)
[159.982s][info][gc,metaspace   ] GC(503) Metaspace: 11797K(12032K)->11797K(12032K) NonClass: 10255K(10368K)->10255K(10368K) Class: 1542K(1664K)->1542K(1664K)
[159.982s][info][gc             ] GC(503) Pause Young (Allocation Failure) 1443M->84M(4092M) 0.470ms
[159.982s][info][gc,cpu         ] GC(503) User=0.00s Sys=0.00s Real=0.00s
[160.360s][info][gc,start       ] GC(504) Pause Young (Allocation Failure)
[160.360s][info][gc,heap        ] GC(504) PSYoungGen: 1391705K(1394176K)->192K(1394176K) Eden: 1390592K(1390592K)->0K(1390592K) From: 1113K(3584K)->192K(3584K)
[160.360s][info][gc,heap        ] GC(504) ParOldGen: 85053K(2796544K)->85053K(2796544K)
[160.360s][info][gc,metaspace   ] GC(504) Metaspace: 11797K(12032K)->11797K(12032K) NonClass: 10255K(10368K)->10255K(10368K) Class: 1542K(1664K)->1542K(1664K)
[160.360s][info][gc             ] GC(504) Pause Young (Allocation Failure) 1442M->83M(4092M) 0.324ms
[160.360s][info][gc,cpu         ] GC(504) User=0.00s Sys=0.00s Real=0.00s
[160.744s][info][gc,start       ] GC(505) Pause Young (Allocation Failure)
[160.745s][info][gc,heap        ] GC(505) PSYoungGen: 1390784K(1394176K)->2730K(1393152K) Eden: 1390592K(1390592K)->0K(1389568K) From: 192K(3584K)->2730K(3584K)
[160.745s][info][gc,heap        ] GC(505) ParOldGen: 85053K(2796544K)->85077K(2796544K)
[160.745s][info][gc,metaspace   ] GC(505) Metaspace: 11797K(12032K)->11797K(12032K) NonClass: 10255K(10368K)->10255K(10368K) Class: 1542K(1664K)->1542K(1664K)
[160.745s][info][gc             ] GC(505) Pause Young (Allocation Failure) 1441M->85M(4091M) 0.832ms
[160.745s][info][gc,cpu         ] GC(505) User=0.00s Sys=0.00s Real=0.00s
[160.834s][info][gc,start       ] GC(506) Pause Young (System.gc())
[160.835s][info][gc,heap        ] GC(506) PSYoungGen: 323026K(1393152K)->160K(1393664K) Eden: 320296K(1389568K)->0K(1389568K) From: 2730K(3584K)->160K(4096K)
[160.835s][info][gc,heap        ] GC(506) ParOldGen: 85077K(2796544K)->85077K(2796544K)
[160.835s][info][gc,metaspace   ] GC(506) Metaspace: 11797K(12032K)->11797K(12032K) NonClass: 10255K(10368K)->10255K(10368K) Class: 1542K(1664K)->1542K(1664K)
[160.835s][info][gc             ] GC(506) Pause Young (System.gc()) 398M->83M(4092M) 0.251ms
[160.835s][info][gc,cpu         ] GC(506) User=0.00s Sys=0.00s Real=0.00s
[160.835s][info][gc,start       ] GC(507) Pause Full (System.gc())
[160.835s][info][gc,phases,start] GC(507) Marking Phase
[160.898s][info][gc,phases      ] GC(507) Marking Phase 63.269ms
[160.898s][info][gc,phases,start] GC(507) Summary Phase
[160.898s][info][gc,phases      ] GC(507) Summary Phase 0.021ms
[160.898s][info][gc,phases,start] GC(507) Adjust Roots
[160.899s][info][gc,phases      ] GC(507) Adjust Roots 1.135ms
[160.899s][info][gc,phases,start] GC(507) Compaction Phase
[160.916s][info][gc,phases      ] GC(507) Compaction Phase 16.469ms
[160.916s][info][gc,phases,start] GC(507) Post Compact
[160.916s][info][gc,phases      ] GC(507) Post Compact 0.657ms
[160.916s][info][gc,heap        ] GC(507) PSYoungGen: 160K(1393664K)->0K(1393664K) Eden: 0K(1389568K)->0K(1389568K) From: 160K(4096K)->0K(4096K)
[160.916s][info][gc,heap        ] GC(507) ParOldGen: 85077K(2796544K)->85005K(2796544K)
[160.916s][info][gc,metaspace   ] GC(507) Metaspace: 11797K(12032K)->11797K(12032K) NonClass: 10255K(10368K)->10255K(10368K) Class: 1542K(1664K)->1542K(1664K)
[160.916s][info][gc             ] GC(507) Pause Full (System.gc()) 83M->83M(4092M) 81.769ms
[160.916s][info][gc,cpu         ] GC(507) User=0.47s Sys=0.00s Real=0.08s
[161.296s][info][gc,start       ] GC(508) Pause Young (Allocation Failure)
[161.297s][info][gc,heap        ] GC(508) PSYoungGen: 1389568K(1393664K)->2683K(1393152K) Eden: 1389568K(1389568K)->0K(1389568K) From: 0K(4096K)->2683K(3584K)
[161.297s][info][gc,heap        ] GC(508) ParOldGen: 85005K(2796544K)->85005K(2796544K)
[161.297s][info][gc,metaspace   ] GC(508) Metaspace: 11797K(12032K)->11797K(12032K) NonClass: 10255K(10368K)->10255K(10368K) Class: 1542K(1664K)->1542K(1664K)
[161.297s][info][gc             ] GC(508) Pause Young (Allocation Failure) 1440M->85M(4091M) 0.706ms
[161.297s][info][gc,cpu         ] GC(508) User=0.00s Sys=0.00s Real=0.00s
[161.681s][info][gc,start       ] GC(509) Pause Young (Allocation Failure)
[161.682s][info][gc,heap        ] GC(509) PSYoungGen: 1392251K(1393152K)->1607K(1393664K) Eden: 1389568K(1389568K)->0K(1389568K) From: 2683K(3584K)->1607K(4096K)
[161.682s][info][gc,heap        ] GC(509) ParOldGen: 85005K(2796544K)->85021K(2796544K)
[161.682s][info][gc,metaspace   ] GC(509) Metaspace: 11797K(12032K)->11797K(12032K) NonClass: 10255K(10368K)->10255K(10368K) Class: 1542K(1664K)->1542K(1664K)
[161.682s][info][gc             ] GC(509) Pause Young (Allocation Failure) 1442M->84M(4092M) 0.609ms
[161.682s][info][gc,cpu         ] GC(509) User=0.00s Sys=0.00s Real=0.00s
[162.064s][info][gc,start       ] GC(510) Pause Young (Allocation Failure)
[162.064s][info][gc,heap        ] GC(510) PSYoungGen: 1391175K(1393664K)->754K(1393664K) Eden: 1389568K(1389568K)->0K(1389568K) From: 1607K(4096K)->754K(4096K)
[162.064s][info][gc,heap        ] GC(510) ParOldGen: 85021K(2796544K)->85029K(2796544K)
[162.064s][info][gc,metaspace   ] GC(510) Metaspace: 11797K(12032K)->11797K(12032K) NonClass: 10255K(10368K)->10255K(10368K) Class: 1542K(1664K)->1542K(1664K)
[162.065s][info][gc             ] GC(510) Pause Young (Allocation Failure) 1441M->83M(4092M) 0.477ms
[162.065s][info][gc,cpu         ] GC(510) User=0.00s Sys=0.00s Real=0.00s
[162.439s][info][gc,start       ] GC(511) Pause Young (Allocation Failure)
[162.440s][info][gc,heap        ] GC(511) PSYoungGen: 1390322K(1393664K)->2641K(1393664K) Eden: 1389568K(1389568K)->0K(1389568K) From: 754K(4096K)->2641K(4096K)
[162.440s][info][gc,heap        ] GC(511) ParOldGen: 85029K(2796544K)->85029K(2796544K)
[162.440s][info][gc,metaspace   ] GC(511) Metaspace: 11797K(12032K)->11797K(12032K) NonClass: 10255K(10368K)->10255K(10368K) Class: 1542K(1664K)->1542K(1664K)
[162.440s][info][gc             ] GC(511) Pause Young (Allocation Failure) 1440M->85M(4092M) 0.693ms
[162.440s][info][gc,cpu         ] GC(511) User=0.09s Sys=0.00s Real=0.00s
[162.825s][info][gc,start       ] GC(512) Pause Young (Allocation Failure)
[162.825s][info][gc,heap        ] GC(512) PSYoungGen: 1392209K(1393664K)->1506K(1393664K) Eden: 1389568K(1389568K)->0K(1389568K) From: 2641K(4096K)->1506K(4096K)
[162.825s][info][gc,heap        ] GC(512) ParOldGen: 85029K(2796544K)->85037K(2796544K)
[162.825s][info][gc,metaspace   ] GC(512) Metaspace: 11797K(12032K)->11797K(12032K) NonClass: 10255K(10368K)->10255K(10368K) Class: 1542K(1664K)->1542K(1664K)
[162.825s][info][gc             ] GC(512) Pause Young (Allocation Failure) 1442M->84M(4092M) 0.517ms
[162.825s][info][gc,cpu         ] GC(512) User=0.00s Sys=0.00s Real=0.00s
[163.205s][info][gc,start       ] GC(513) Pause Young (Allocation Failure)
[163.205s][info][gc,heap        ] GC(513) PSYoungGen: 1391074K(1393664K)->496K(1393664K) Eden: 1389568K(1389568K)->0K(1389568K) From: 1506K(4096K)->496K(4096K)
[163.205s][info][gc,heap        ] GC(513) ParOldGen: 85037K(2796544K)->85037K(2796544K)
[163.205s][info][gc,metaspace   ] GC(513) Metaspace: 11797K(12032K)->11797K(12032K) NonClass: 10255K(10368K)->10255K(10368K) Class: 1542K(1664K)->1542K(1664K)
[163.205s][info][gc             ] GC(513) Pause Young (Allocation Failure) 1441M->83M(4092M) 0.361ms
[163.205s][info][gc,cpu         ] GC(513) User=0.00s Sys=0.00s Real=0.00s
[163.581s][info][gc,start       ] GC(514) Pause Young (Allocation Failure)
[163.581s][info][gc,heap        ] GC(514) PSYoungGen: 1390064K(1393664K)->2566K(1393152K) Eden: 1389568K(1389568K)->0K(1389568K) From: 496K(4096K)->2566K(3584K)
[163.581s][info][gc,heap        ] GC(514) ParOldGen: 85037K(2796544K)->85053K(2796544K)
[163.581s][info][gc,metaspace   ] GC(514) Metaspace: 11797K(12032K)->11797K(12032K) NonClass: 10255K(10368K)->10255K(10368K) Class: 1542K(1664K)->1542K(1664K)
[163.581s][info][gc             ] GC(514) Pause Young (Allocation Failure) 1440M->85M(4091M) 0.657ms
[163.581s][info][gc,cpu         ] GC(514) User=0.00s Sys=0.00s Real=0.00s
[163.673s][info][gc,start       ] GC(515) Pause Young (System.gc())
[163.674s][info][gc,heap        ] GC(515) PSYoungGen: 325550K(1393152K)->128K(1393664K) Eden: 322983K(1389568K)->0K(1389568K) From: 2566K(3584K)->128K(4096K)
[163.674s][info][gc,heap        ] GC(515) ParOldGen: 85053K(2796544K)->85053K(2796544K)
[163.674s][info][gc,metaspace   ] GC(515) Metaspace: 11797K(12032K)->11797K(12032K) NonClass: 10255K(10368K)->10255K(10368K) Class: 1542K(1664K)->1542K(1664K)
[163.674s][info][gc             ] GC(515) Pause Young (System.gc()) 400M->83M(4092M) 0.425ms
[163.674s][info][gc,cpu         ] GC(515) User=0.00s Sys=0.00s Real=0.00s
[163.674s][info][gc,start       ] GC(516) Pause Full (System.gc())
[163.674s][info][gc,phases,start] GC(516) Marking Phase
[163.760s][info][gc,phases      ] GC(516) Marking Phase 86.490ms
[163.760s][info][gc,phases,start] GC(516) Summary Phase
[163.760s][info][gc,phases      ] GC(516) Summary Phase 0.013ms
[163.760s][info][gc,phases,start] GC(516) Adjust Roots
[163.762s][info][gc,phases      ] GC(516) Adjust Roots 1.681ms
[163.762s][info][gc,phases,start] GC(516) Compaction Phase
[163.779s][info][gc,phases      ] GC(516) Compaction Phase 16.615ms
[163.779s][info][gc,phases,start] GC(516) Post Compact
[163.780s][info][gc,phases      ] GC(516) Post Compact 0.840ms
[163.780s][info][gc,heap        ] GC(516) PSYoungGen: 128K(1393664K)->0K(1393664K) Eden: 0K(1389568K)->0K(1389568K) From: 128K(4096K)->0K(4096K)
[163.780s][info][gc,heap        ] GC(516) ParOldGen: 85053K(2796544K)->85006K(2796544K)
[163.780s][info][gc,metaspace   ] GC(516) Metaspace: 11797K(12032K)->11797K(12032K) NonClass: 10255K(10368K)->10255K(10368K) Class: 1542K(1664K)->1542K(1664K)
[163.780s][info][gc             ] GC(516) Pause Full (System.gc()) 83M->83M(4092M) 105.959ms
[163.780s][info][gc,cpu         ] GC(516) User=0.61s Sys=0.00s Real=0.10s
[164.159s][info][gc,start       ] GC(517) Pause Young (Allocation Failure)
[164.159s][info][gc,heap        ] GC(517) PSYoungGen: 1389568K(1393664K)->2019K(1393664K) Eden: 1389568K(1389568K)->0K(1389568K) From: 0K(4096K)->2019K(4096K)
[164.159s][info][gc,heap        ] GC(517) ParOldGen: 85006K(2796544K)->85006K(2796544K)
[164.159s][info][gc,metaspace   ] GC(517) Metaspace: 11797K(12032K)->11797K(12032K) NonClass: 10255K(10368K)->10255K(10368K) Class: 1542K(1664K)->1542K(1664K)
[164.159s][info][gc             ] GC(517) Pause Young (Allocation Failure) 1440M->84M(4092M) 0.560ms
[164.159s][info][gc,cpu         ] GC(517) User=0.02s Sys=0.00s Real=0.00s
[164.541s][info][gc,start       ] GC(518) Pause Young (Allocation Failure)
[164.541s][info][gc,heap        ] GC(518) PSYoungGen: 1391587K(1393664K)->1007K(1393664K) Eden: 1389568K(1389568K)->0K(1389568K) From: 2019K(4096K)->1007K(4096K)
[164.541s][info][gc,heap        ] GC(518) ParOldGen: 85006K(2796544K)->85014K(2796544K)
[164.541s][info][gc,metaspace   ] GC(518) Metaspace: 11797K(12032K)->11797K(12032K) NonClass: 10255K(10368K)->10255K(10368K) Class: 1542K(1664K)->1542K(1664K)
[164.541s][info][gc             ] GC(518) Pause Young (Allocation Failure) 1441M->84M(4092M) 0.486ms
[164.541s][info][gc,cpu         ] GC(518) User=0.00s Sys=0.00s Real=0.00s
[164.925s][info][gc,start       ] GC(519) Pause Young (Allocation Failure)
[164.926s][info][gc,heap        ] GC(519) PSYoungGen: 1390575K(1393664K)->192K(1393664K) Eden: 1389568K(1389568K)->0K(1389568K) From: 1007K(4096K)->192K(4096K)
[164.926s][info][gc,heap        ] GC(519) ParOldGen: 85014K(2796544K)->85038K(2796544K)
[164.926s][info][gc,metaspace   ] GC(519) Metaspace: 11797K(12032K)->11797K(12032K) NonClass: 10255K(10368K)->10255K(10368K) Class: 1542K(1664K)->1542K(1664K)
[164.926s][info][gc             ] GC(519) Pause Young (Allocation Failure) 1441M->83M(4092M) 0.314ms
[164.926s][info][gc,cpu         ] GC(519) User=0.00s Sys=0.00s Real=0.00s
[165.301s][info][gc,start       ] GC(520) Pause Young (Allocation Failure)
[165.301s][info][gc,heap        ] GC(520) PSYoungGen: 1389760K(1393664K)->2034K(1393664K) Eden: 1389568K(1389568K)->0K(1389568K) From: 192K(4096K)->2034K(4096K)
[165.301s][info][gc,heap        ] GC(520) ParOldGen: 85038K(2796544K)->85038K(2796544K)
[165.301s][info][gc,metaspace   ] GC(520) Metaspace: 11798K(12032K)->11798K(12032K) NonClass: 10256K(10368K)->10256K(10368K) Class: 1542K(1664K)->1542K(1664K)
[165.301s][info][gc             ] GC(520) Pause Young (Allocation Failure) 1440M->85M(4092M) 0.577ms
[165.301s][info][gc,cpu         ] GC(520) User=0.00s Sys=0.00s Real=0.00s
[165.684s][info][gc,start       ] GC(521) Pause Young (Allocation Failure)
[165.684s][info][gc,heap        ] GC(521) PSYoungGen: 1391602K(1393664K)->838K(1394176K) Eden: 1389568K(1389568K)->0K(1390080K) From: 2034K(4096K)->838K(4096K)
[165.684s][info][gc,heap        ] GC(521) ParOldGen: 85038K(2796544K)->85054K(2796544K)
[165.684s][info][gc,metaspace   ] GC(521) Metaspace: 11798K(12032K)->11798K(12032K) NonClass: 10256K(10368K)->10256K(10368K) Class: 1542K(1664K)->1542K(1664K)
[165.684s][info][gc             ] GC(521) Pause Young (Allocation Failure) 1442M->83M(4092M) 0.548ms
[165.684s][info][gc,cpu         ] GC(521) User=0.00s Sys=0.00s Real=0.00s
[166.062s][info][gc,start       ] GC(522) Pause Young (Allocation Failure)
[166.063s][info][gc,heap        ] GC(522) PSYoungGen: 1390918K(1394176K)->3511K(1393664K) Eden: 1390080K(1390080K)->0K(1390080K) From: 838K(4096K)->3511K(3584K)
[166.063s][info][gc,heap        ] GC(522) ParOldGen: 85054K(2796544K)->85054K(2796544K)
[166.063s][info][gc,metaspace   ] GC(522) Metaspace: 11798K(12032K)->11798K(12032K) NonClass: 10256K(10368K)->10256K(10368K) Class: 1542K(1664K)->1542K(1664K)
[166.063s][info][gc             ] GC(522) Pause Young (Allocation Failure) 1441M->86M(4092M) 1.129ms
[166.063s][info][gc,cpu         ] GC(522) User=0.00s Sys=0.00s Real=0.00s
[166.444s][info][gc,start       ] GC(523) Pause Young (Allocation Failure)
[166.444s][info][gc,heap        ] GC(523) PSYoungGen: 1393591K(1393664K)->2284K(1392640K) Eden: 1390080K(1390080K)->0K(1388544K) From: 3511K(3584K)->2284K(4096K)
[166.444s][info][gc,heap        ] GC(523) ParOldGen: 85054K(2796544K)->85070K(2796544K)
[166.444s][info][gc,metaspace   ] GC(523) Metaspace: 11798K(12032K)->11798K(12032K) NonClass: 10256K(10368K)->10256K(10368K) Class: 1542K(1664K)->1542K(1664K)
[166.444s][info][gc             ] GC(523) Pause Young (Allocation Failure) 1443M->85M(4091M) 0.588ms
[166.444s][info][gc,cpu         ] GC(523) User=0.00s Sys=0.00s Real=0.00s
[166.535s][info][gc,start       ] GC(524) Pause Young (System.gc())
[166.535s][info][gc,heap        ] GC(524) PSYoungGen: 324846K(1392640K)->96K(1393152K) Eden: 322561K(1388544K)->0K(1388544K) From: 2284K(4096K)->96K(4608K)
[166.535s][info][gc,heap        ] GC(524) ParOldGen: 85070K(2796544K)->85070K(2796544K)
[166.535s][info][gc,metaspace   ] GC(524) Metaspace: 11798K(12032K)->11798K(12032K) NonClass: 10256K(10368K)->10256K(10368K) Class: 1542K(1664K)->1542K(1664K)
[166.535s][info][gc             ] GC(524) Pause Young (System.gc()) 400M->83M(4091M) 0.390ms
[166.535s][info][gc,cpu         ] GC(524) User=0.00s Sys=0.00s Real=0.00s
[166.535s][info][gc,start       ] GC(525) Pause Full (System.gc())
[166.535s][info][gc,phases,start] GC(525) Marking Phase
[166.600s][info][gc,phases      ] GC(525) Marking Phase 65.096ms
[166.601s][info][gc,phases,start] GC(525) Summary Phase
[166.601s][info][gc,phases      ] GC(525) Summary Phase 0.010ms
[166.601s][info][gc,phases,start] GC(525) Adjust Roots
[166.602s][info][gc,phases      ] GC(525) Adjust Roots 1.531ms
[166.602s][info][gc,phases,start] GC(525) Compaction Phase
[166.618s][info][gc,phases      ] GC(525) Compaction Phase 16.234ms
[166.618s][info][gc,phases,start] GC(525) Post Compact
[166.619s][info][gc,phases      ] GC(525) Post Compact 0.665ms
[166.619s][info][gc,heap        ] GC(525) PSYoungGen: 96K(1393152K)->0K(1393152K) Eden: 0K(1388544K)->0K(1388544K) From: 96K(4608K)->0K(4608K)
[166.619s][info][gc,heap        ] GC(525) ParOldGen: 85070K(2796544K)->85005K(2796544K)
[166.619s][info][gc,metaspace   ] GC(525) Metaspace: 11798K(12032K)->11798K(12032K) NonClass: 10256K(10368K)->10256K(10368K) Class: 1542K(1664K)->1542K(1664K)
[166.619s][info][gc             ] GC(525) Pause Full (System.gc()) 83M->83M(4091M) 83.762ms
[166.619s][info][gc,cpu         ] GC(525) User=0.41s Sys=0.03s Real=0.08s
[167.005s][info][gc,start       ] GC(526) Pause Young (Allocation Failure)
[167.005s][info][gc,heap        ] GC(526) PSYoungGen: 1388544K(1393152K)->1981K(1393664K) Eden: 1388544K(1388544K)->0K(1389056K) From: 0K(4608K)->1981K(4608K)
[167.005s][info][gc,heap        ] GC(526) ParOldGen: 85005K(2796544K)->85005K(2796544K)
[167.005s][info][gc,metaspace   ] GC(526) Metaspace: 11798K(12032K)->11798K(12032K) NonClass: 10256K(10368K)->10256K(10368K) Class: 1542K(1664K)->1542K(1664K)
[167.005s][info][gc             ] GC(526) Pause Young (Allocation Failure) 1439M->84M(4092M) 0.595ms
[167.005s][info][gc,cpu         ] GC(526) User=0.00s Sys=0.00s Real=0.00s
[167.385s][info][gc,start       ] GC(527) Pause Young (Allocation Failure)
[167.386s][info][gc,heap        ] GC(527) PSYoungGen: 1391037K(1393664K)->1000K(1393152K) Eden: 1389056K(1389056K)->0K(1389056K) From: 1981K(4608K)->1000K(4096K)
[167.386s][info][gc,heap        ] GC(527) ParOldGen: 85005K(2796544K)->85013K(2796544K)
[167.386s][info][gc,metaspace   ] GC(527) Metaspace: 11798K(12032K)->11798K(12032K) NonClass: 10256K(10368K)->10256K(10368K) Class: 1542K(1664K)->1542K(1664K)
[167.386s][info][gc             ] GC(527) Pause Young (Allocation Failure) 1441M->83M(4091M) 0.563ms
[167.386s][info][gc,cpu         ] GC(527) User=0.00s Sys=0.00s Real=0.00s
[167.772s][info][gc,start       ] GC(528) Pause Young (Allocation Failure)
[167.773s][info][gc,heap        ] GC(528) PSYoungGen: 1390056K(1393152K)->192K(1393664K) Eden: 1389056K(1389056K)->0K(1389568K) From: 1000K(4096K)->192K(4096K)
[167.773s][info][gc,heap        ] GC(528) ParOldGen: 85013K(2796544K)->85029K(2796544K)
[167.773s][info][gc,metaspace   ] GC(528) Metaspace: 11798K(12032K)->11798K(12032K) NonClass: 10256K(10368K)->10256K(10368K) Class: 1542K(1664K)->1542K(1664K)
[167.773s][info][gc             ] GC(528) Pause Young (Allocation Failure) 1440M->83M(4092M) 0.313ms
[167.773s][info][gc,cpu         ] GC(528) User=0.00s Sys=0.00s Real=0.00s
[168.149s][info][gc,start       ] GC(529) Pause Young (Allocation Failure)
[168.150s][info][gc,heap        ] GC(529) PSYoungGen: 1389760K(1393664K)->2282K(1393664K) Eden: 1389568K(1389568K)->0K(1389568K) From: 192K(4096K)->2282K(4096K)
[168.150s][info][gc,heap        ] GC(529) ParOldGen: 85029K(2796544K)->85029K(2796544K)
[168.150s][info][gc,metaspace   ] GC(529) Metaspace: 11798K(12032K)->11798K(12032K) NonClass: 10256K(10368K)->10256K(10368K) Class: 1542K(1664K)->1542K(1664K)
[168.150s][info][gc             ] GC(529) Pause Young (Allocation Failure) 1440M->85M(4092M) 0.779ms
[168.150s][info][gc,cpu         ] GC(529) User=0.00s Sys=0.00s Real=0.00s
[168.530s][info][gc,start       ] GC(530) Pause Young (Allocation Failure)
[168.530s][info][gc,heap        ] GC(530) PSYoungGen: 1391850K(1393664K)->1224K(1393664K) Eden: 1389568K(1389568K)->0K(1389568K) From: 2282K(4096K)->1224K(4096K)
[168.531s][info][gc,heap        ] GC(530) ParOldGen: 85029K(2796544K)->85045K(2796544K)
[168.531s][info][gc,metaspace   ] GC(530) Metaspace: 11798K(12032K)->11798K(12032K) NonClass: 10256K(10368K)->10256K(10368K) Class: 1542K(1664K)->1542K(1664K)
[168.531s][info][gc             ] GC(530) Pause Young (Allocation Failure) 1442M->84M(4092M) 0.487ms
[168.531s][info][gc,cpu         ] GC(530) User=0.00s Sys=0.00s Real=0.00s
[168.914s][info][gc,start       ] GC(531) Pause Young (Allocation Failure)
[168.915s][info][gc,heap        ] GC(531) PSYoungGen: 1390792K(1393664K)->2145K(1393664K) Eden: 1389568K(1389568K)->0K(1389568K) From: 1224K(4096K)->2145K(4096K)
[168.915s][info][gc,heap        ] GC(531) ParOldGen: 85045K(2796544K)->85045K(2796544K)
[168.915s][info][gc,metaspace   ] GC(531) Metaspace: 11798K(12032K)->11798K(12032K) NonClass: 10256K(10368K)->10256K(10368K) Class: 1542K(1664K)->1542K(1664K)
[168.915s][info][gc             ] GC(531) Pause Young (Allocation Failure) 1441M->85M(4092M) 0.991ms
[168.915s][info][gc,cpu         ] GC(531) User=0.00s Sys=0.00s Real=0.00s
[169.294s][info][gc,start       ] GC(532) Pause Young (Allocation Failure)
[169.294s][info][gc,heap        ] GC(532) PSYoungGen: 1391713K(1393664K)->1990K(1393664K) Eden: 1389568K(1389568K)->0K(1389568K) From: 2145K(4096K)->1990K(4096K)
[169.294s][info][gc,heap        ] GC(532) ParOldGen: 85045K(2796544K)->85053K(2796544K)
[169.294s][info][gc,metaspace   ] GC(532) Metaspace: 11798K(12032K)->11798K(12032K) NonClass: 10256K(10368K)->10256K(10368K) Class: 1542K(1664K)->1542K(1664K)
[169.294s][info][gc             ] GC(532) Pause Young (Allocation Failure) 1442M->85M(4092M) 0.754ms
[169.294s][info][gc,cpu         ] GC(532) User=0.00s Sys=0.00s Real=0.00s
[169.383s][info][gc,start       ] GC(533) Pause Young (System.gc())
[169.384s][info][gc,heap        ] GC(533) PSYoungGen: 330138K(1393664K)->160K(1393664K) Eden: 328147K(1389568K)->0K(1389568K) From: 1990K(4096K)->160K(4096K)
[169.384s][info][gc,heap        ] GC(533) ParOldGen: 85053K(2796544K)->85053K(2796544K)
[169.384s][info][gc,metaspace   ] GC(533) Metaspace: 11798K(12032K)->11798K(12032K) NonClass: 10256K(10368K)->10256K(10368K) Class: 1542K(1664K)->1542K(1664K)
[169.384s][info][gc             ] GC(533) Pause Young (System.gc()) 405M->83M(4092M) 0.292ms
[169.384s][info][gc,cpu         ] GC(533) User=0.00s Sys=0.00s Real=0.00s
[169.384s][info][gc,start       ] GC(534) Pause Full (System.gc())
[169.384s][info][gc,phases,start] GC(534) Marking Phase
[169.447s][info][gc,phases      ] GC(534) Marking Phase 63.495ms
[169.447s][info][gc,phases,start] GC(534) Summary Phase
[169.447s][info][gc,phases      ] GC(534) Summary Phase 0.010ms
[169.447s][info][gc,phases,start] GC(534) Adjust Roots
[169.448s][info][gc,phases      ] GC(534) Adjust Roots 1.092ms
[169.448s][info][gc,phases,start] GC(534) Compaction Phase
[169.464s][info][gc,phases      ] GC(534) Compaction Phase 15.955ms
[169.464s][info][gc,phases,start] GC(534) Post Compact
[169.465s][info][gc,phases      ] GC(534) Post Compact 0.717ms
[169.465s][info][gc,heap        ] GC(534) PSYoungGen: 160K(1393664K)->0K(1393664K) Eden: 0K(1389568K)->0K(1389568K) From: 160K(4096K)->0K(4096K)
[169.465s][info][gc,heap        ] GC(534) ParOldGen: 85053K(2796544K)->85005K(2796544K)
[169.465s][info][gc,metaspace   ] GC(534) Metaspace: 11798K(12032K)->11798K(12032K) NonClass: 10256K(10368K)->10256K(10368K) Class: 1542K(1664K)->1542K(1664K)
[169.465s][info][gc             ] GC(534) Pause Full (System.gc()) 83M->83M(4092M) 81.560ms
[169.465s][info][gc,cpu         ] GC(534) User=0.45s Sys=0.02s Real=0.08s
[169.853s][info][gc,start       ] GC(535) Pause Young (Allocation Failure)
[169.854s][info][gc,heap        ] GC(535) PSYoungGen: 1389568K(1393664K)->2042K(1393664K) Eden: 1389568K(1389568K)->0K(1389568K) From: 0K(4096K)->2042K(4096K)
[169.854s][info][gc,heap        ] GC(535) ParOldGen: 85005K(2796544K)->85005K(2796544K)
[169.854s][info][gc,metaspace   ] GC(535) Metaspace: 11798K(12032K)->11798K(12032K) NonClass: 10256K(10368K)->10256K(10368K) Class: 1542K(1664K)->1542K(1664K)
[169.854s][info][gc             ] GC(535) Pause Young (Allocation Failure) 1440M->85M(4092M) 0.678ms
[169.854s][info][gc,cpu         ] GC(535) User=0.00s Sys=0.00s Real=0.00s
[170.234s][info][gc,start       ] GC(536) Pause Young (Allocation Failure)
[170.235s][info][gc,heap        ] GC(536) PSYoungGen: 1391610K(1393664K)->1304K(1393664K) Eden: 1389568K(1389568K)->0K(1389568K) From: 2042K(4096K)->1304K(4096K)
[170.235s][info][gc,heap        ] GC(536) ParOldGen: 85005K(2796544K)->85013K(2796544K)
[170.235s][info][gc,metaspace   ] GC(536) Metaspace: 11798K(12032K)->11798K(12032K) NonClass: 10256K(10368K)->10256K(10368K) Class: 1542K(1664K)->1542K(1664K)
[170.235s][info][gc             ] GC(536) Pause Young (Allocation Failure) 1442M->84M(4092M) 0.547ms
[170.235s][info][gc,cpu         ] GC(536) User=0.00s Sys=0.00s Real=0.00s
[170.624s][info][gc,start       ] GC(537) Pause Young (Allocation Failure)
[170.625s][info][gc,heap        ] GC(537) PSYoungGen: 1390872K(1393664K)->320K(1394176K) Eden: 1389568K(1389568K)->0K(1390592K) From: 1304K(4096K)->320K(3584K)
[170.625s][info][gc,heap        ] GC(537) ParOldGen: 85013K(2796544K)->85029K(2796544K)
[170.625s][info][gc,metaspace   ] GC(537) Metaspace: 11798K(12032K)->11798K(12032K) NonClass: 10256K(10368K)->10256K(10368K) Class: 1542K(1664K)->1542K(1664K)
[170.625s][info][gc             ] GC(537) Pause Young (Allocation Failure) 1441M->83M(4092M) 0.383ms
[170.625s][info][gc,cpu         ] GC(537) User=0.00s Sys=0.00s Real=0.00s
[171.012s][info][gc,start       ] GC(538) Pause Young (Allocation Failure)
[171.013s][info][gc,heap        ] GC(538) PSYoungGen: 1390912K(1394176K)->1817K(1394176K) Eden: 1390592K(1390592K)->0K(1390592K) From: 320K(3584K)->1817K(3584K)
[171.013s][info][gc,heap        ] GC(538) ParOldGen: 85029K(2796544K)->85029K(2796544K)
[171.013s][info][gc,metaspace   ] GC(538) Metaspace: 11798K(12032K)->11798K(12032K) NonClass: 10256K(10368K)->10256K(10368K) Class: 1542K(1664K)->1542K(1664K)
[171.013s][info][gc             ] GC(538) Pause Young (Allocation Failure) 1441M->84M(4092M) 0.678ms
[171.013s][info][gc,cpu         ] GC(538) User=0.00s Sys=0.00s Real=0.00s
[171.398s][info][gc,start       ] GC(539) Pause Young (Allocation Failure)
[171.398s][info][gc,heap        ] GC(539) PSYoungGen: 1392409K(1394176K)->1314K(1394176K) Eden: 1390592K(1390592K)->0K(1390592K) From: 1817K(3584K)->1314K(3584K)
[171.398s][info][gc,heap        ] GC(539) ParOldGen: 85029K(2796544K)->85037K(2796544K)
[171.398s][info][gc,metaspace   ] GC(539) Metaspace: 11798K(12032K)->11798K(12032K) NonClass: 10256K(10368K)->10256K(10368K) Class: 1542K(1664K)->1542K(1664K)
[171.398s][info][gc             ] GC(539) Pause Young (Allocation Failure) 1442M->84M(4092M) 0.498ms
[171.398s][info][gc,cpu         ] GC(539) User=0.00s Sys=0.00s Real=0.00s
[171.792s][info][gc,start       ] GC(540) Pause Young (Allocation Failure)
[171.792s][info][gc,heap        ] GC(540) PSYoungGen: 1391906K(1394176K)->480K(1394176K) Eden: 1390592K(1390592K)->0K(1390592K) From: 1314K(3584K)->480K(3584K)
[171.792s][info][gc,heap        ] GC(540) ParOldGen: 85037K(2796544K)->85037K(2796544K)
[171.792s][info][gc,metaspace   ] GC(540) Metaspace: 11798K(12032K)->11798K(12032K) NonClass: 10256K(10368K)->10256K(10368K) Class: 1542K(1664K)->1542K(1664K)
[171.792s][info][gc             ] GC(540) Pause Young (Allocation Failure) 1442M->83M(4092M) 0.496ms
[171.792s][info][gc,cpu         ] GC(540) User=0.00s Sys=0.00s Real=0.00s
[172.169s][info][gc,start       ] GC(541) Pause Young (Allocation Failure)
[172.170s][info][gc,heap        ] GC(541) PSYoungGen: 1391072K(1394176K)->2295K(1394176K) Eden: 1390592K(1390592K)->0K(1390592K) From: 480K(3584K)->2295K(3584K)
[172.170s][info][gc,heap        ] GC(541) ParOldGen: 85037K(2796544K)->85045K(2796544K)
[172.170s][info][gc,metaspace   ] GC(541) Metaspace: 11798K(12032K)->11798K(12032K) NonClass: 10256K(10368K)->10256K(10368K) Class: 1542K(1664K)->1542K(1664K)
[172.170s][info][gc             ] GC(541) Pause Young (Allocation Failure) 1441M->85M(4092M) 0.754ms
[172.170s][info][gc,cpu         ] GC(541) User=0.00s Sys=0.00s Real=0.00s
[172.260s][info][gc,start       ] GC(542) Pause Young (System.gc())
[172.260s][info][gc,heap        ] GC(542) PSYoungGen: 321447K(1394176K)->160K(1394176K) Eden: 319151K(1390592K)->0K(1390592K) From: 2295K(3584K)->160K(3584K)
[172.260s][info][gc,heap        ] GC(542) ParOldGen: 85045K(2796544K)->85045K(2796544K)
[172.260s][info][gc,metaspace   ] GC(542) Metaspace: 11798K(12032K)->11798K(12032K) NonClass: 10256K(10368K)->10256K(10368K) Class: 1542K(1664K)->1542K(1664K)
[172.260s][info][gc             ] GC(542) Pause Young (System.gc()) 396M->83M(4092M) 0.279ms
[172.260s][info][gc,cpu         ] GC(542) User=0.00s Sys=0.00s Real=0.00s
[172.260s][info][gc,start       ] GC(543) Pause Full (System.gc())
[172.260s][info][gc,phases,start] GC(543) Marking Phase
[172.324s][info][gc,phases      ] GC(543) Marking Phase 64.606ms
[172.325s][info][gc,phases,start] GC(543) Summary Phase
[172.325s][info][gc,phases      ] GC(543) Summary Phase 0.010ms
[172.325s][info][gc,phases,start] GC(543) Adjust Roots
[172.326s][info][gc,phases      ] GC(543) Adjust Roots 1.478ms
[172.326s][info][gc,phases,start] GC(543) Compaction Phase
[172.343s][info][gc,phases      ] GC(543) Compaction Phase 16.681ms
[172.343s][info][gc,phases,start] GC(543) Post Compact
[172.343s][info][gc,phases      ] GC(543) Post Compact 0.664ms
[172.344s][info][gc,heap        ] GC(543) PSYoungGen: 160K(1394176K)->0K(1394176K) Eden: 0K(1390592K)->0K(1390592K) From: 160K(3584K)->0K(3584K)
[172.344s][info][gc,heap        ] GC(543) ParOldGen: 85045K(2796544K)->85005K(2796544K)
[172.344s][info][gc,metaspace   ] GC(543) Metaspace: 11798K(12032K)->11798K(12032K) NonClass: 10256K(10368K)->10256K(10368K) Class: 1542K(1664K)->1542K(1664K)
[172.344s][info][gc             ] GC(543) Pause Full (System.gc()) 83M->83M(4092M) 83.714ms
[172.344s][info][gc,cpu         ] GC(543) User=0.47s Sys=0.00s Real=0.08s
[172.734s][info][gc,start       ] GC(544) Pause Young (Allocation Failure)
[172.734s][info][gc,heap        ] GC(544) PSYoungGen: 1390592K(1394176K)->2184K(1394176K) Eden: 1390592K(1390592K)->0K(1390592K) From: 0K(3584K)->2184K(3584K)
[172.734s][info][gc,heap        ] GC(544) ParOldGen: 85005K(2796544K)->85005K(2796544K)
[172.734s][info][gc,metaspace   ] GC(544) Metaspace: 11799K(12032K)->11799K(12032K) NonClass: 10257K(10368K)->10257K(10368K) Class: 1542K(1664K)->1542K(1664K)
[172.734s][info][gc             ] GC(544) Pause Young (Allocation Failure) 1441M->85M(4092M) 0.588ms
[172.734s][info][gc,cpu         ] GC(544) User=0.00s Sys=0.00s Real=0.00s
[173.115s][info][gc,start       ] GC(545) Pause Young (Allocation Failure)
[173.115s][info][gc,heap        ] GC(545) PSYoungGen: 1392776K(1394176K)->1508K(1394176K) Eden: 1390592K(1390592K)->0K(1390592K) From: 2184K(3584K)->1508K(3584K)
[173.115s][info][gc,heap        ] GC(545) ParOldGen: 85005K(2796544K)->85013K(2796544K)
[173.115s][info][gc,metaspace   ] GC(545) Metaspace: 11799K(12032K)->11799K(12032K) NonClass: 10257K(10368K)->10257K(10368K) Class: 1542K(1664K)->1542K(1664K)
[173.115s][info][gc             ] GC(545) Pause Young (Allocation Failure) 1443M->84M(4092M) 0.593ms
[173.115s][info][gc,cpu         ] GC(545) User=0.00s Sys=0.00s Real=0.00s
[173.497s][info][gc,start       ] GC(546) Pause Young (Allocation Failure)
[173.497s][info][gc,heap        ] GC(546) PSYoungGen: 1392100K(1394176K)->585K(1394176K) Eden: 1390592K(1390592K)->0K(1390592K) From: 1508K(3584K)->585K(3584K)
[173.498s][info][gc,heap        ] GC(546) ParOldGen: 85013K(2796544K)->85021K(2796544K)
[173.498s][info][gc,metaspace   ] GC(546) Metaspace: 11799K(12032K)->11799K(12032K) NonClass: 10257K(10368K)->10257K(10368K) Class: 1542K(1664K)->1542K(1664K)
[173.498s][info][gc             ] GC(546) Pause Young (Allocation Failure) 1442M->83M(4092M) 0.440ms
[173.498s][info][gc,cpu         ] GC(546) User=0.00s Sys=0.00s Real=0.00s
[173.881s][info][gc,start       ] GC(547) Pause Young (Allocation Failure)
[173.881s][info][gc,heap        ] GC(547) PSYoungGen: 1391177K(1394176K)->2658K(1393664K) Eden: 1390592K(1390592K)->0K(1390592K) From: 585K(3584K)->2658K(3072K)
[173.881s][info][gc,heap        ] GC(547) ParOldGen: 85021K(2796544K)->85021K(2796544K)
[173.881s][info][gc,metaspace   ] GC(547) Metaspace: 11799K(12032K)->11799K(12032K) NonClass: 10257K(10368K)->10257K(10368K) Class: 1542K(1664K)->1542K(1664K)
[173.881s][info][gc             ] GC(547) Pause Young (Allocation Failure) 1441M->85M(4092M) 0.693ms
[173.881s][info][gc,cpu         ] GC(547) User=0.00s Sys=0.00s Real=0.00s
[174.260s][info][gc,start       ] GC(548) Pause Young (Allocation Failure)
[174.261s][info][gc,heap        ] GC(548) PSYoungGen: 1393250K(1393664K)->1686K(1394176K) Eden: 1390592K(1390592K)->0K(1390080K) From: 2658K(3072K)->1686K(4096K)
[174.261s][info][gc,heap        ] GC(548) ParOldGen: 85021K(2796544K)->85045K(2796544K)
[174.261s][info][gc,metaspace   ] GC(548) Metaspace: 11799K(12032K)->11799K(12032K) NonClass: 10257K(10368K)->10257K(10368K) Class: 1542K(1664K)->1542K(1664K)
[174.261s][info][gc             ] GC(548) Pause Young (Allocation Failure) 1443M->84M(4092M) 0.602ms
[174.261s][info][gc,cpu         ] GC(548) User=0.00s Sys=0.00s Real=0.00s
[174.641s][info][gc,start       ] GC(549) Pause Young (Allocation Failure)
[174.641s][info][gc,heap        ] GC(549) PSYoungGen: 1391766K(1394176K)->384K(1393664K) Eden: 1390080K(1390080K)->0K(1390080K) From: 1686K(4096K)->384K(3584K)
[174.641s][info][gc,heap        ] GC(549) ParOldGen: 85045K(2796544K)->85045K(2796544K)
[174.641s][info][gc,metaspace   ] GC(549) Metaspace: 11799K(12032K)->11799K(12032K) NonClass: 10257K(10368K)->10257K(10368K) Class: 1542K(1664K)->1542K(1664K)
[174.641s][info][gc             ] GC(549) Pause Young (Allocation Failure) 1442M->83M(4092M) 0.380ms
[174.641s][info][gc,cpu         ] GC(549) User=0.00s Sys=0.00s Real=0.00s
[175.024s][info][gc,start       ] GC(550) Pause Young (Allocation Failure)
[175.024s][info][gc,heap        ] GC(550) PSYoungGen: 1390464K(1393664K)->2123K(1394176K) Eden: 1390080K(1390080K)->0K(1390592K) From: 384K(3584K)->2123K(3584K)
[175.024s][info][gc,heap        ] GC(550) ParOldGen: 85045K(2796544K)->85061K(2796544K)
[175.024s][info][gc,metaspace   ] GC(550) Metaspace: 11799K(12032K)->11799K(12032K) NonClass: 10257K(10368K)->10257K(10368K) Class: 1542K(1664K)->1542K(1664K)
[175.024s][info][gc             ] GC(550) Pause Young (Allocation Failure) 1440M->85M(4092M) 0.611ms
[175.024s][info][gc,cpu         ] GC(550) User=0.00s Sys=0.00s Real=0.00s
[175.113s][info][gc,start       ] GC(551) Pause Young (System.gc())
[175.113s][info][gc,heap        ] GC(551) PSYoungGen: 329195K(1394176K)->160K(1394176K) Eden: 327072K(1390592K)->0K(1390592K) From: 2123K(3584K)->160K(3584K)
[175.113s][info][gc,heap        ] GC(551) ParOldGen: 85061K(2796544K)->85061K(2796544K)
[175.113s][info][gc,metaspace   ] GC(551) Metaspace: 11802K(12032K)->11802K(12032K) NonClass: 10260K(10368K)->10260K(10368K) Class: 1542K(1664K)->1542K(1664K)
[175.113s][info][gc             ] GC(551) Pause Young (System.gc()) 404M->83M(4092M) 0.278ms
[175.113s][info][gc,cpu         ] GC(551) User=0.00s Sys=0.00s Real=0.00s
[175.113s][info][gc,start       ] GC(552) Pause Full (System.gc())
[175.113s][info][gc,phases,start] GC(552) Marking Phase
[175.176s][info][gc,phases      ] GC(552) Marking Phase 62.752ms
[175.176s][info][gc,phases,start] GC(552) Summary Phase
[175.176s][info][gc,phases      ] GC(552) Summary Phase 0.010ms
[175.176s][info][gc,phases,start] GC(552) Adjust Roots
[175.177s][info][gc,phases      ] GC(552) Adjust Roots 1.082ms
[175.177s][info][gc,phases,start] GC(552) Compaction Phase
[175.193s][info][gc,phases      ] GC(552) Compaction Phase 15.897ms
[175.193s][info][gc,phases,start] GC(552) Post Compact
[175.194s][info][gc,phases      ] GC(552) Post Compact 1.056ms
[175.194s][info][gc,heap        ] GC(552) PSYoungGen: 160K(1394176K)->0K(1394176K) Eden: 0K(1390592K)->0K(1390592K) From: 160K(3584K)->0K(3584K)
[175.194s][info][gc,heap        ] GC(552) ParOldGen: 85061K(2796544K)->85005K(2796544K)
[175.194s][info][gc,metaspace   ] GC(552) Metaspace: 11802K(12032K)->11802K(12032K) NonClass: 10260K(10368K)->10260K(10368K) Class: 1542K(1664K)->1542K(1664K)
[175.194s][info][gc             ] GC(552) Pause Full (System.gc()) 83M->83M(4092M) 81.108ms
[175.194s][info][gc,cpu         ] GC(552) User=0.33s Sys=0.00s Real=0.08s
[175.574s][info][gc,start       ] GC(553) Pause Young (Allocation Failure)
[175.575s][info][gc,heap        ] GC(553) PSYoungGen: 1390592K(1394176K)->2059K(1393152K) Eden: 1390592K(1390592K)->0K(1389568K) From: 0K(3584K)->2059K(3584K)
[175.575s][info][gc,heap        ] GC(553) ParOldGen: 85005K(2796544K)->85005K(2796544K)
[175.575s][info][gc,metaspace   ] GC(553) Metaspace: 11805K(12032K)->11805K(12032K) NonClass: 10263K(10368K)->10263K(10368K) Class: 1542K(1664K)->1542K(1664K)
[175.575s][info][gc             ] GC(553) Pause Young (Allocation Failure) 1441M->85M(4091M) 0.549ms
[175.575s][info][gc,cpu         ] GC(553) User=0.00s Sys=0.00s Real=0.00s
[175.961s][info][gc,start       ] GC(554) Pause Young (Allocation Failure)
[175.962s][info][gc,heap        ] GC(554) PSYoungGen: 1391627K(1393152K)->1113K(1393664K) Eden: 1389568K(1389568K)->0K(1389568K) From: 2059K(3584K)->1113K(4096K)
[175.962s][info][gc,heap        ] GC(554) ParOldGen: 85005K(2796544K)->85013K(2796544K)
[175.962s][info][gc,metaspace   ] GC(554) Metaspace: 11805K(12032K)->11805K(12032K) NonClass: 10263K(10368K)->10263K(10368K) Class: 1542K(1664K)->1542K(1664K)
[175.962s][info][gc             ] GC(554) Pause Young (Allocation Failure) 1442M->84M(4092M) 0.474ms
[175.962s][info][gc,cpu         ] GC(554) User=0.00s Sys=0.00s Real=0.00s
[176.340s][info][gc,start       ] GC(555) Pause Young (Allocation Failure)
[176.340s][info][gc,heap        ] GC(555) PSYoungGen: 1390681K(1393664K)->192K(1394176K) Eden: 1389568K(1389568K)->0K(1390592K) From: 1113K(4096K)->192K(3584K)
[176.340s][info][gc,heap        ] GC(555) ParOldGen: 85013K(2796544K)->85029K(2796544K)
[176.340s][info][gc,metaspace   ] GC(555) Metaspace: 11805K(12032K)->11805K(12032K) NonClass: 10263K(10368K)->10263K(10368K) Class: 1542K(1664K)->1542K(1664K)
[176.340s][info][gc             ] GC(555) Pause Young (Allocation Failure) 1441M->83M(4092M) 0.379ms
[176.340s][info][gc,cpu         ] GC(555) User=0.00s Sys=0.00s Real=0.00s
[176.724s][info][gc,start       ] GC(556) Pause Young (Allocation Failure)
[176.725s][info][gc,heap        ] GC(556) PSYoungGen: 1390784K(1394176K)->2406K(1393152K) Eden: 1390592K(1390592K)->0K(1390592K) From: 192K(3584K)->2406K(2560K)
[176.725s][info][gc,heap        ] GC(556) ParOldGen: 85029K(2796544K)->85029K(2796544K)
[176.725s][info][gc,metaspace   ] GC(556) Metaspace: 11805K(12032K)->11805K(12032K) NonClass: 10263K(10368K)->10263K(10368K) Class: 1542K(1664K)->1542K(1664K)
[176.725s][info][gc             ] GC(556) Pause Young (Allocation Failure) 1441M->85M(4091M) 0.719ms
[176.725s][info][gc,cpu         ] GC(556) User=0.00s Sys=0.00s Real=0.00s
[177.105s][info][gc,start       ] GC(557) Pause Young (Allocation Failure)
[177.105s][info][gc,heap        ] GC(557) PSYoungGen: 1392998K(1393152K)->1250K(1394176K) Eden: 1390592K(1390592K)->0K(1390080K) From: 2406K(2560K)->1250K(4096K)
[177.105s][info][gc,heap        ] GC(557) ParOldGen: 85029K(2796544K)->85045K(2796544K)
[177.105s][info][gc,metaspace   ] GC(557) Metaspace: 11805K(12032K)->11805K(12032K) NonClass: 10263K(10368K)->10263K(10368K) Class: 1542K(1664K)->1542K(1664K)
[177.105s][info][gc             ] GC(557) Pause Young (Allocation Failure) 1443M->84M(4092M) 0.437ms
[177.105s][info][gc,cpu         ] GC(557) User=0.00s Sys=0.00s Real=0.00s
[177.485s][info][gc,start       ] GC(558) Pause Young (Allocation Failure)
[177.485s][info][gc,heap        ] GC(558) PSYoungGen: 1391330K(1394176K)->192K(1393664K) Eden: 1390080K(1390080K)->0K(1390080K) From: 1250K(4096K)->192K(3584K)
[177.485s][info][gc,heap        ] GC(558) ParOldGen: 85045K(2796544K)->85045K(2796544K)
[177.485s][info][gc,metaspace   ] GC(558) Metaspace: 11805K(12032K)->11805K(12032K) NonClass: 10263K(10368K)->10263K(10368K) Class: 1542K(1664K)->1542K(1664K)
[177.485s][info][gc             ] GC(558) Pause Young (Allocation Failure) 1441M->83M(4092M) 0.342ms
[177.485s][info][gc,cpu         ] GC(558) User=0.00s Sys=0.00s Real=0.00s
[177.870s][info][gc,start       ] GC(559) Pause Young (Allocation Failure)
[177.871s][info][gc,heap        ] GC(559) PSYoungGen: 1390272K(1393664K)->2344K(1393152K) Eden: 1390080K(1390080K)->0K(1389568K) From: 192K(3584K)->2344K(3584K)
[177.871s][info][gc,heap        ] GC(559) ParOldGen: 85045K(2796544K)->85069K(2796544K)
[177.871s][info][gc,metaspace   ] GC(559) Metaspace: 11805K(12032K)->11805K(12032K) NonClass: 10263K(10368K)->10263K(10368K) Class: 1542K(1664K)->1542K(1664K)
[177.871s][info][gc             ] GC(559) Pause Young (Allocation Failure) 1440M->85M(4091M) 0.652ms
[177.871s][info][gc,cpu         ] GC(559) User=0.00s Sys=0.00s Real=0.00s
[177.959s][info][gc,start       ] GC(560) Pause Young (System.gc())
[177.960s][info][gc,heap        ] GC(560) PSYoungGen: 326389K(1393152K)->192K(1393664K) Eden: 324045K(1389568K)->0K(1389568K) From: 2344K(3584K)->192K(4096K)
[177.960s][info][gc,heap        ] GC(560) ParOldGen: 85069K(2796544K)->85069K(2796544K)
[177.960s][info][gc,metaspace   ] GC(560) Metaspace: 11805K(12032K)->11805K(12032K) NonClass: 10263K(10368K)->10263K(10368K) Class: 1542K(1664K)->1542K(1664K)
[177.960s][info][gc             ] GC(560) Pause Young (System.gc()) 401M->83M(4092M) 0.278ms
[177.960s][info][gc,cpu         ] GC(560) User=0.00s Sys=0.00s Real=0.00s
[177.960s][info][gc,start       ] GC(561) Pause Full (System.gc())
[177.960s][info][gc,phases,start] GC(561) Marking Phase
[178.016s][info][gc,phases      ] GC(561) Marking Phase 55.799ms
[178.016s][info][gc,phases,start] GC(561) Summary Phase
[178.016s][info][gc,phases      ] GC(561) Summary Phase 0.010ms
[178.016s][info][gc,phases,start] GC(561) Adjust Roots
[178.017s][info][gc,phases      ] GC(561) Adjust Roots 1.063ms
[178.017s][info][gc,phases,start] GC(561) Compaction Phase
[178.034s][info][gc,phases      ] GC(561) Compaction Phase 17.061ms
[178.034s][info][gc,phases,start] GC(561) Post Compact
[178.035s][info][gc,phases      ] GC(561) Post Compact 0.913ms
[178.035s][info][gc,heap        ] GC(561) PSYoungGen: 192K(1393664K)->0K(1393664K) Eden: 0K(1389568K)->0K(1389568K) From: 192K(4096K)->0K(4096K)
[178.035s][info][gc,heap        ] GC(561) ParOldGen: 85069K(2796544K)->85005K(2796544K)
[178.035s][info][gc,metaspace   ] GC(561) Metaspace: 11805K(12032K)->11805K(12032K) NonClass: 10263K(10368K)->10263K(10368K) Class: 1542K(1664K)->1542K(1664K)
[178.035s][info][gc             ] GC(561) Pause Full (System.gc()) 83M->83M(4092M) 75.121ms
[178.035s][info][gc,cpu         ] GC(561) User=0.39s Sys=0.00s Real=0.07s
[178.412s][info][gc,start       ] GC(562) Pause Young (Allocation Failure)
[178.413s][info][gc,heap        ] GC(562) PSYoungGen: 1389568K(1393664K)->1892K(1393152K) Eden: 1389568K(1389568K)->0K(1389568K) From: 0K(4096K)->1892K(3584K)
[178.413s][info][gc,heap        ] GC(562) ParOldGen: 85005K(2796544K)->85005K(2796544K)
[178.413s][info][gc,metaspace   ] GC(562) Metaspace: 11806K(12032K)->11806K(12032K) NonClass: 10264K(10368K)->10264K(10368K) Class: 1542K(1664K)->1542K(1664K)
[178.413s][info][gc             ] GC(562) Pause Young (Allocation Failure) 1440M->84M(4091M) 0.572ms
[178.413s][info][gc,cpu         ] GC(562) User=0.00s Sys=0.00s Real=0.00s
[178.799s][info][gc,start       ] GC(563) Pause Young (Allocation Failure)
[178.799s][info][gc,heap        ] GC(563) PSYoungGen: 1391460K(1393152K)->1167K(1393664K) Eden: 1389568K(1389568K)->0K(1389568K) From: 1892K(3584K)->1167K(4096K)
[178.799s][info][gc,heap        ] GC(563) ParOldGen: 85005K(2796544K)->85021K(2796544K)
[178.799s][info][gc,metaspace   ] GC(563) Metaspace: 11806K(12032K)->11806K(12032K) NonClass: 10264K(10368K)->10264K(10368K) Class: 1542K(1664K)->1542K(1664K)
[178.799s][info][gc             ] GC(563) Pause Young (Allocation Failure) 1441M->84M(4092M) 0.494ms
[178.799s][info][gc,cpu         ] GC(563) User=0.09s Sys=0.00s Real=0.00s
[179.179s][info][gc,start       ] GC(564) Pause Young (Allocation Failure)
[179.179s][info][gc,heap        ] GC(564) PSYoungGen: 1390735K(1393664K)->192K(1394176K) Eden: 1389568K(1389568K)->0K(1390592K) From: 1167K(4096K)->192K(3584K)
[179.179s][info][gc,heap        ] GC(564) ParOldGen: 85021K(2796544K)->85045K(2796544K)
[179.179s][info][gc,metaspace   ] GC(564) Metaspace: 11806K(12032K)->11806K(12032K) NonClass: 10264K(10368K)->10264K(10368K) Class: 1542K(1664K)->1542K(1664K)
[179.179s][info][gc             ] GC(564) Pause Young (Allocation Failure) 1441M->83M(4092M) 0.339ms
[179.179s][info][gc,cpu         ] GC(564) User=0.00s Sys=0.00s Real=0.00s
[179.553s][info][gc,start       ] GC(565) Pause Young (Allocation Failure)
[179.554s][info][gc,heap        ] GC(565) PSYoungGen: 1390784K(1394176K)->1963K(1394176K) Eden: 1390592K(1390592K)->0K(1390592K) From: 192K(3584K)->1963K(3584K)
[179.554s][info][gc,heap        ] GC(565) ParOldGen: 85045K(2796544K)->85045K(2796544K)
[179.554s][info][gc,metaspace   ] GC(565) Metaspace: 11806K(12032K)->11806K(12032K) NonClass: 10264K(10368K)->10264K(10368K) Class: 1542K(1664K)->1542K(1664K)
[179.554s][info][gc             ] GC(565) Pause Young (Allocation Failure) 1441M->84M(4092M) 0.794ms
[179.554s][info][gc,cpu         ] GC(565) User=0.00s Sys=0.00s Real=0.00s
[179.941s][info][gc,start       ] GC(566) Pause Young (Allocation Failure)
[179.942s][info][gc,heap        ] GC(566) PSYoungGen: 1392555K(1394176K)->1162K(1394176K) Eden: 1390592K(1390592K)->0K(1390592K) From: 1963K(3584K)->1162K(3584K)
[179.942s][info][gc,heap        ] GC(566) ParOldGen: 85045K(2796544K)->85061K(2796544K)
[179.942s][info][gc,metaspace   ] GC(566) Metaspace: 11806K(12032K)->11806K(12032K) NonClass: 10264K(10368K)->10264K(10368K) Class: 1542K(1664K)->1542K(1664K)
[179.942s][info][gc             ] GC(566) Pause Young (Allocation Failure) 1442M->84M(4092M) 0.461ms
[179.942s][info][gc,cpu         ] GC(566) User=0.00s Sys=0.00s Real=0.00s
[180.326s][info][gc,start       ] GC(567) Pause Young (Allocation Failure)
[180.327s][info][gc,heap        ] GC(567) PSYoungGen: 1391754K(1394176K)->192K(1394176K) Eden: 1390592K(1390592K)->0K(1390592K) From: 1162K(3584K)->192K(3584K)
[180.327s][info][gc,heap        ] GC(567) ParOldGen: 85061K(2796544K)->85061K(2796544K)
[180.327s][info][gc,metaspace   ] GC(567) Metaspace: 11806K(12032K)->11806K(12032K) NonClass: 10264K(10368K)->10264K(10368K) Class: 1542K(1664K)->1542K(1664K)
[180.327s][info][gc             ] GC(567) Pause Young (Allocation Failure) 1442M->83M(4092M) 0.379ms
[180.327s][info][gc,cpu         ] GC(567) User=0.00s Sys=0.00s Real=0.00s
[180.712s][info][gc,start       ] GC(568) Pause Young (Allocation Failure)
[180.712s][info][gc,heap        ] GC(568) PSYoungGen: 1390784K(1394176K)->2466K(1394176K) Eden: 1390592K(1390592K)->0K(1390592K) From: 192K(3584K)->2466K(3584K)
[180.712s][info][gc,heap        ] GC(568) ParOldGen: 85061K(2796544K)->85093K(2796544K)
[180.712s][info][gc,metaspace   ] GC(568) Metaspace: 11806K(12032K)->11806K(12032K) NonClass: 10264K(10368K)->10264K(10368K) Class: 1542K(1664K)->1542K(1664K)
[180.712s][info][gc             ] GC(568) Pause Young (Allocation Failure) 1441M->85M(4092M) 0.847ms
[180.712s][info][gc,cpu         ] GC(568) User=0.00s Sys=0.00s Real=0.00s
[180.802s][info][gc,start       ] GC(569) Pause Young (System.gc())
[180.802s][info][gc,heap        ] GC(569) PSYoungGen: 332175K(1394176K)->128K(1394176K) Eden: 329708K(1390592K)->0K(1390592K) From: 2466K(3584K)->128K(3584K)
[180.802s][info][gc,heap        ] GC(569) ParOldGen: 85093K(2796544K)->85093K(2796544K)
[180.802s][info][gc,metaspace   ] GC(569) Metaspace: 11806K(12032K)->11806K(12032K) NonClass: 10264K(10368K)->10264K(10368K) Class: 1542K(1664K)->1542K(1664K)
[180.802s][info][gc             ] GC(569) Pause Young (System.gc()) 407M->83M(4092M) 0.287ms
[180.802s][info][gc,cpu         ] GC(569) User=0.00s Sys=0.00s Real=0.00s
[180.802s][info][gc,start       ] GC(570) Pause Full (System.gc())
[180.802s][info][gc,phases,start] GC(570) Marking Phase
[180.883s][info][gc,phases      ] GC(570) Marking Phase 80.308ms
[180.883s][info][gc,phases,start] GC(570) Summary Phase
[180.883s][info][gc,phases      ] GC(570) Summary Phase 0.010ms
[180.883s][info][gc,phases,start] GC(570) Adjust Roots
[180.884s][info][gc,phases      ] GC(570) Adjust Roots 1.084ms
[180.884s][info][gc,phases,start] GC(570) Compaction Phase
[180.900s][info][gc,phases      ] GC(570) Compaction Phase 16.094ms
[180.900s][info][gc,phases,start] GC(570) Post Compact
[180.901s][info][gc,phases      ] GC(570) Post Compact 0.962ms
[180.901s][info][gc,heap        ] GC(570) PSYoungGen: 128K(1394176K)->0K(1394176K) Eden: 0K(1390592K)->0K(1390592K) From: 128K(3584K)->0K(3584K)
[180.901s][info][gc,heap        ] GC(570) ParOldGen: 85093K(2796544K)->85006K(2796544K)
[180.901s][info][gc,metaspace   ] GC(570) Metaspace: 11806K(12032K)->11806K(12032K) NonClass: 10264K(10368K)->10264K(10368K) Class: 1542K(1664K)->1542K(1664K)
[180.901s][info][gc             ] GC(570) Pause Full (System.gc()) 83M->83M(4092M) 98.792ms
[180.901s][info][gc,cpu         ] GC(570) User=0.53s Sys=0.02s Real=0.10s
[181.288s][info][gc,start       ] GC(571) Pause Young (Allocation Failure)
[181.289s][info][gc,heap        ] GC(571) PSYoungGen: 1390592K(1394176K)->1969K(1394176K) Eden: 1390592K(1390592K)->0K(1390592K) From: 0K(3584K)->1969K(3584K)
[181.289s][info][gc,heap        ] GC(571) ParOldGen: 85006K(2796544K)->85006K(2796544K)
[181.289s][info][gc,metaspace   ] GC(571) Metaspace: 11806K(12032K)->11806K(12032K) NonClass: 10264K(10368K)->10264K(10368K) Class: 1542K(1664K)->1542K(1664K)
[181.289s][info][gc             ] GC(571) Pause Young (Allocation Failure) 1441M->84M(4092M) 0.648ms
[181.289s][info][gc,cpu         ] GC(571) User=0.00s Sys=0.00s Real=0.00s
[181.672s][info][gc,start       ] GC(572) Pause Young (Allocation Failure)
[181.673s][info][gc,heap        ] GC(572) PSYoungGen: 1392561K(1394176K)->1451K(1394176K) Eden: 1390592K(1390592K)->0K(1390592K) From: 1969K(3584K)->1451K(3584K)
[181.673s][info][gc,heap        ] GC(572) ParOldGen: 85006K(2796544K)->85014K(2796544K)
[181.673s][info][gc,metaspace   ] GC(572) Metaspace: 11806K(12032K)->11806K(12032K) NonClass: 10264K(10368K)->10264K(10368K) Class: 1542K(1664K)->1542K(1664K)
[181.673s][info][gc             ] GC(572) Pause Young (Allocation Failure) 1442M->84M(4092M) 0.587ms
[181.673s][info][gc,cpu         ] GC(572) User=0.00s Sys=0.00s Real=0.00s
[182.057s][info][gc,start       ] GC(573) Pause Young (Allocation Failure)
[182.057s][info][gc,heap        ] GC(573) PSYoungGen: 1392043K(1394176K)->504K(1394176K) Eden: 1390592K(1390592K)->0K(1390592K) From: 1451K(3584K)->504K(3584K)
[182.057s][info][gc,heap        ] GC(573) ParOldGen: 85014K(2796544K)->85022K(2796544K)
[182.057s][info][gc,metaspace   ] GC(573) Metaspace: 11806K(12032K)->11806K(12032K) NonClass: 10264K(10368K)->10264K(10368K) Class: 1542K(1664K)->1542K(1664K)
[182.057s][info][gc             ] GC(573) Pause Young (Allocation Failure) 1442M->83M(4092M) 0.382ms
[182.057s][info][gc,cpu         ] GC(573) User=0.00s Sys=0.00s Real=0.00s
[182.432s][info][gc,start       ] GC(574) Pause Young (Allocation Failure)
[182.433s][info][gc,heap        ] GC(574) PSYoungGen: 1391096K(1394176K)->2559K(1393152K) Eden: 1390592K(1390592K)->0K(1390592K) From: 504K(3584K)->2559K(2560K)
[182.433s][info][gc,heap        ] GC(574) ParOldGen: 85022K(2796544K)->85022K(2796544K)
[182.433s][info][gc,metaspace   ] GC(574) Metaspace: 11806K(12032K)->11806K(12032K) NonClass: 10264K(10368K)->10264K(10368K) Class: 1542K(1664K)->1542K(1664K)
[182.433s][info][gc             ] GC(574) Pause Young (Allocation Failure) 1441M->85M(4091M) 0.850ms
[182.433s][info][gc,cpu         ] GC(574) User=0.00s Sys=0.00s Real=0.00s
[182.819s][info][gc,start       ] GC(575) Pause Young (Allocation Failure)
[182.819s][info][gc,heap        ] GC(575) PSYoungGen: 1393151K(1393152K)->1797K(1394176K) Eden: 1390592K(1390592K)->0K(1390080K) From: 2559K(2560K)->1797K(4096K)
[182.819s][info][gc,heap        ] GC(575) ParOldGen: 85022K(2796544K)->85030K(2796544K)
[182.819s][info][gc,metaspace   ] GC(575) Metaspace: 11806K(12032K)->11806K(12032K) NonClass: 10264K(10368K)->10264K(10368K) Class: 1542K(1664K)->1542K(1664K)
[182.819s][info][gc             ] GC(575) Pause Young (Allocation Failure) 1443M->84M(4092M) 0.539ms
[182.820s][info][gc,cpu         ] GC(575) User=0.00s Sys=0.00s Real=0.00s
[183.199s][info][gc,start       ] GC(576) Pause Young (Allocation Failure)
[183.199s][info][gc,heap        ] GC(576) PSYoungGen: 1391877K(1394176K)->600K(1393664K) Eden: 1390080K(1390080K)->0K(1390080K) From: 1797K(4096K)->600K(3584K)
[183.199s][info][gc,heap        ] GC(576) ParOldGen: 85030K(2796544K)->85030K(2796544K)
[183.199s][info][gc,metaspace   ] GC(576) Metaspace: 11807K(12032K)->11807K(12032K) NonClass: 10265K(10368K)->10265K(10368K) Class: 1542K(1664K)->1542K(1664K)
[183.199s][info][gc             ] GC(576) Pause Young (Allocation Failure) 1442M->83M(4092M) 0.426ms
[183.199s][info][gc,cpu         ] GC(576) User=0.00s Sys=0.00s Real=0.00s
[183.574s][info][gc,start       ] GC(577) Pause Young (Allocation Failure)
[183.575s][info][gc,heap        ] GC(577) PSYoungGen: 1390680K(1393664K)->2536K(1393152K) Eden: 1390080K(1390080K)->0K(1389568K) From: 600K(3584K)->2536K(3584K)
[183.575s][info][gc,heap        ] GC(577) ParOldGen: 85030K(2796544K)->85054K(2796544K)
[183.575s][info][gc,metaspace   ] GC(577) Metaspace: 11807K(12032K)->11807K(12032K) NonClass: 10265K(10368K)->10265K(10368K) Class: 1542K(1664K)->1542K(1664K)
[183.575s][info][gc             ] GC(577) Pause Young (Allocation Failure) 1441M->85M(4091M) 0.741ms
[183.575s][info][gc,cpu         ] GC(577) User=0.00s Sys=0.00s Real=0.00s
[183.666s][info][gc,start       ] GC(578) Pause Young (System.gc())
[183.666s][info][gc,heap        ] GC(578) PSYoungGen: 329945K(1393152K)->160K(1393664K) Eden: 327409K(1389568K)->0K(1389568K) From: 2536K(3584K)->160K(4096K)
[183.666s][info][gc,heap        ] GC(578) ParOldGen: 85054K(2796544K)->85062K(2796544K)
[183.666s][info][gc,metaspace   ] GC(578) Metaspace: 11815K(12032K)->11815K(12032K) NonClass: 10272K(10368K)->10272K(10368K) Class: 1542K(1664K)->1542K(1664K)
[183.666s][info][gc             ] GC(578) Pause Young (System.gc()) 405M->83M(4092M) 0.443ms
[183.666s][info][gc,cpu         ] GC(578) User=0.00s Sys=0.00s Real=0.00s
[183.666s][info][gc,start       ] GC(579) Pause Full (System.gc())
[183.666s][info][gc,phases,start] GC(579) Marking Phase
[183.726s][info][gc,phases      ] GC(579) Marking Phase 60.222ms
[183.726s][info][gc,phases,start] GC(579) Summary Phase
[183.726s][info][gc,phases      ] GC(579) Summary Phase 0.009ms
[183.726s][info][gc,phases,start] GC(579) Adjust Roots
[183.728s][info][gc,phases      ] GC(579) Adjust Roots 1.163ms
[183.728s][info][gc,phases,start] GC(579) Compaction Phase
[183.743s][info][gc,phases      ] GC(579) Compaction Phase 15.538ms
[183.743s][info][gc,phases,start] GC(579) Post Compact
[183.744s][info][gc,phases      ] GC(579) Post Compact 0.900ms
[183.744s][info][gc,heap        ] GC(579) PSYoungGen: 160K(1393664K)->0K(1393664K) Eden: 0K(1389568K)->0K(1389568K) From: 160K(4096K)->0K(4096K)
[183.744s][info][gc,heap        ] GC(579) ParOldGen: 85062K(2796544K)->85005K(2796544K)
[183.744s][info][gc,metaspace   ] GC(579) Metaspace: 11815K(12032K)->11815K(12032K) NonClass: 10272K(10368K)->10272K(10368K) Class: 1542K(1664K)->1542K(1664K)
[183.744s][info][gc             ] GC(579) Pause Full (System.gc()) 83M->83M(4092M) 78.100ms
[183.744s][info][gc,cpu         ] GC(579) User=0.47s Sys=0.00s Real=0.08s
[184.125s][info][gc,start       ] GC(580) Pause Young (Allocation Failure)
[184.125s][info][gc,heap        ] GC(580) PSYoungGen: 1389568K(1393664K)->2162K(1393664K) Eden: 1389568K(1389568K)->0K(1389568K) From: 0K(4096K)->2162K(4096K)
[184.125s][info][gc,heap        ] GC(580) ParOldGen: 85005K(2796544K)->85005K(2796544K)
[184.125s][info][gc,metaspace   ] GC(580) Metaspace: 11820K(12096K)->11820K(12096K) NonClass: 10278K(10432K)->10278K(10432K) Class: 1542K(1664K)->1542K(1664K)
[184.125s][info][gc             ] GC(580) Pause Young (Allocation Failure) 1440M->85M(4092M) 0.550ms
[184.125s][info][gc,cpu         ] GC(580) User=0.00s Sys=0.00s Real=0.00s
[184.504s][info][gc,start       ] GC(581) Pause Young (Allocation Failure)
[184.504s][info][gc,heap        ] GC(581) PSYoungGen: 1391730K(1393664K)->951K(1393664K) Eden: 1389568K(1389568K)->0K(1389568K) From: 2162K(4096K)->951K(4096K)
[184.505s][info][gc,heap        ] GC(581) ParOldGen: 85005K(2796544K)->85013K(2796544K)
[184.505s][info][gc,metaspace   ] GC(581) Metaspace: 11820K(12096K)->11820K(12096K) NonClass: 10278K(10432K)->10278K(10432K) Class: 1542K(1664K)->1542K(1664K)
[184.505s][info][gc             ] GC(581) Pause Young (Allocation Failure) 1442M->83M(4092M) 0.601ms
[184.505s][info][gc,cpu         ] GC(581) User=0.00s Sys=0.00s Real=0.00s
[184.884s][info][gc,start       ] GC(582) Pause Young (Allocation Failure)
[184.885s][info][gc,heap        ] GC(582) PSYoungGen: 1390519K(1393664K)->2398K(1393664K) Eden: 1389568K(1389568K)->0K(1389568K) From: 951K(4096K)->2398K(4096K)
[184.885s][info][gc,heap        ] GC(582) ParOldGen: 85013K(2796544K)->85029K(2796544K)
[184.885s][info][gc,metaspace   ] GC(582) Metaspace: 11820K(12096K)->11820K(12096K) NonClass: 10278K(10432K)->10278K(10432K) Class: 1542K(1664K)->1542K(1664K)
[184.885s][info][gc             ] GC(582) Pause Young (Allocation Failure) 1440M->85M(4092M) 0.773ms
[184.885s][info][gc,cpu         ] GC(582) User=0.00s Sys=0.00s Real=0.00s
[185.266s][info][gc,start       ] GC(583) Pause Young (Allocation Failure)
[185.266s][info][gc,heap        ] GC(583) PSYoungGen: 1391966K(1393664K)->2102K(1393664K) Eden: 1389568K(1389568K)->0K(1389568K) From: 2398K(4096K)->2102K(4096K)
[185.266s][info][gc,heap        ] GC(583) ParOldGen: 85029K(2796544K)->85029K(2796544K)
[185.266s][info][gc,metaspace   ] GC(583) Metaspace: 11820K(12096K)->11820K(12096K) NonClass: 10278K(10432K)->10278K(10432K) Class: 1542K(1664K)->1542K(1664K)
[185.266s][info][gc             ] GC(583) Pause Young (Allocation Failure) 1442M->85M(4092M) 0.626ms
[185.266s][info][gc,cpu         ] GC(583) User=0.00s Sys=0.00s Real=0.00s
[185.647s][info][gc,start       ] GC(584) Pause Young (Allocation Failure)
[185.648s][info][gc,heap        ] GC(584) PSYoungGen: 1391670K(1393664K)->818K(1393664K) Eden: 1389568K(1389568K)->0K(1389568K) From: 2102K(4096K)->818K(4096K)
[185.648s][info][gc,heap        ] GC(584) ParOldGen: 85029K(2796544K)->85045K(2796544K)
[185.648s][info][gc,metaspace   ] GC(584) Metaspace: 11820K(12096K)->11820K(12096K) NonClass: 10278K(10432K)->10278K(10432K) Class: 1542K(1664K)->1542K(1664K)
[185.648s][info][gc             ] GC(584) Pause Young (Allocation Failure) 1442M->83M(4092M) 0.414ms
[185.648s][info][gc,cpu         ] GC(584) User=0.00s Sys=0.00s Real=0.00s
[186.030s][info][gc,start       ] GC(585) Pause Young (Allocation Failure)
[186.031s][info][gc,heap        ] GC(585) PSYoungGen: 1390386K(1393664K)->3122K(1393664K) Eden: 1389568K(1389568K)->0K(1389568K) From: 818K(4096K)->3122K(4096K)
[186.031s][info][gc,heap        ] GC(585) ParOldGen: 85045K(2796544K)->85045K(2796544K)
[186.031s][info][gc,metaspace   ] GC(585) Metaspace: 11820K(12096K)->11820K(12096K) NonClass: 10278K(10432K)->10278K(10432K) Class: 1542K(1664K)->1542K(1664K)
[186.031s][info][gc             ] GC(585) Pause Young (Allocation Failure) 1440M->86M(4092M) 1.013ms
[186.031s][info][gc,cpu         ] GC(585) User=0.00s Sys=0.00s Real=0.00s
[186.411s][info][gc,start       ] GC(586) Pause Young (Allocation Failure)
[186.411s][info][gc,heap        ] GC(586) PSYoungGen: 1392690K(1393664K)->2127K(1393664K) Eden: 1389568K(1389568K)->0K(1389568K) From: 3122K(4096K)->2127K(4096K)
[186.411s][info][gc,heap        ] GC(586) ParOldGen: 85045K(2796544K)->85069K(2796544K)
[186.411s][info][gc,metaspace   ] GC(586) Metaspace: 11820K(12096K)->11820K(12096K) NonClass: 10278K(10432K)->10278K(10432K) Class: 1542K(1664K)->1542K(1664K)
[186.411s][info][gc             ] GC(586) Pause Young (Allocation Failure) 1443M->85M(4092M) 0.577ms
[186.412s][info][gc,cpu         ] GC(586) User=0.00s Sys=0.00s Real=0.00s
[186.503s][info][gc,start       ] GC(587) Pause Young (System.gc())
[186.503s][info][gc,heap        ] GC(587) PSYoungGen: 334966K(1393664K)->160K(1393664K) Eden: 332839K(1389568K)->0K(1389568K) From: 2127K(4096K)->160K(4096K)
[186.503s][info][gc,heap        ] GC(587) ParOldGen: 85069K(2796544K)->85069K(2796544K)
[186.503s][info][gc,metaspace   ] GC(587) Metaspace: 11820K(12096K)->11820K(12096K) NonClass: 10278K(10432K)->10278K(10432K) Class: 1542K(1664K)->1542K(1664K)
[186.503s][info][gc             ] GC(587) Pause Young (System.gc()) 410M->83M(4092M) 0.288ms
[186.503s][info][gc,cpu         ] GC(587) User=0.00s Sys=0.00s Real=0.00s
[186.503s][info][gc,start       ] GC(588) Pause Full (System.gc())
[186.503s][info][gc,phases,start] GC(588) Marking Phase
[186.581s][info][gc,phases      ] GC(588) Marking Phase 78.106ms
[186.581s][info][gc,phases,start] GC(588) Summary Phase
[186.581s][info][gc,phases      ] GC(588) Summary Phase 0.010ms
[186.581s][info][gc,phases,start] GC(588) Adjust Roots
[186.582s][info][gc,phases      ] GC(588) Adjust Roots 1.109ms
[186.582s][info][gc,phases,start] GC(588) Compaction Phase
[186.599s][info][gc,phases      ] GC(588) Compaction Phase 16.402ms
[186.599s][info][gc,phases,start] GC(588) Post Compact
[186.600s][info][gc,phases      ] GC(588) Post Compact 0.810ms
[186.600s][info][gc,heap        ] GC(588) PSYoungGen: 160K(1393664K)->0K(1393664K) Eden: 0K(1389568K)->0K(1389568K) From: 160K(4096K)->0K(4096K)
[186.600s][info][gc,heap        ] GC(588) ParOldGen: 85069K(2796544K)->85005K(2796544K)
[186.600s][info][gc,metaspace   ] GC(588) Metaspace: 11820K(12096K)->11820K(12096K) NonClass: 10278K(10432K)->10278K(10432K) Class: 1542K(1664K)->1542K(1664K)
[186.600s][info][gc             ] GC(588) Pause Full (System.gc()) 83M->83M(4092M) 96.734ms
[186.600s][info][gc,cpu         ] GC(588) User=0.41s Sys=0.00s Real=0.10s
[186.983s][info][gc,start       ] GC(589) Pause Young (Allocation Failure)
[186.984s][info][gc,heap        ] GC(589) PSYoungGen: 1389568K(1393664K)->2314K(1393664K) Eden: 1389568K(1389568K)->0K(1389568K) From: 0K(4096K)->2314K(4096K)
[186.984s][info][gc,heap        ] GC(589) ParOldGen: 85005K(2796544K)->85005K(2796544K)
[186.984s][info][gc,metaspace   ] GC(589) Metaspace: 11820K(12096K)->11820K(12096K) NonClass: 10278K(10432K)->10278K(10432K) Class: 1542K(1664K)->1542K(1664K)
[186.984s][info][gc             ] GC(589) Pause Young (Allocation Failure) 1440M->85M(4092M) 0.617ms
[186.984s][info][gc,cpu         ] GC(589) User=0.00s Sys=0.00s Real=0.00s
[187.363s][info][gc,start       ] GC(590) Pause Young (Allocation Failure)
[187.364s][info][gc,heap        ] GC(590) PSYoungGen: 1391882K(1393664K)->1007K(1393664K) Eden: 1389568K(1389568K)->0K(1389568K) From: 2314K(4096K)->1007K(4096K)
[187.364s][info][gc,heap        ] GC(590) ParOldGen: 85005K(2796544K)->85021K(2796544K)
[187.364s][info][gc,metaspace   ] GC(590) Metaspace: 11820K(12096K)->11820K(12096K) NonClass: 10278K(10432K)->10278K(10432K) Class: 1542K(1664K)->1542K(1664K)
[187.364s][info][gc             ] GC(590) Pause Young (Allocation Failure) 1442M->84M(4092M) 0.455ms
[187.364s][info][gc,cpu         ] GC(590) User=0.00s Sys=0.00s Real=0.00s
[187.743s][info][gc,start       ] GC(591) Pause Young (Allocation Failure)
[187.744s][info][gc,heap        ] GC(591) PSYoungGen: 1390575K(1393664K)->2502K(1393664K) Eden: 1389568K(1389568K)->0K(1389568K) From: 1007K(4096K)->2502K(4096K)
[187.744s][info][gc,heap        ] GC(591) ParOldGen: 85021K(2796544K)->85045K(2796544K)
[187.744s][info][gc,metaspace   ] GC(591) Metaspace: 11820K(12096K)->11820K(12096K) NonClass: 10278K(10432K)->10278K(10432K) Class: 1542K(1664K)->1542K(1664K)
[187.744s][info][gc             ] GC(591) Pause Young (Allocation Failure) 1441M->85M(4092M) 0.846ms
[187.744s][info][gc,cpu         ] GC(591) User=0.00s Sys=0.00s Real=0.00s
[188.126s][info][gc,start       ] GC(592) Pause Young (Allocation Failure)
[188.127s][info][gc,heap        ] GC(592) PSYoungGen: 1392070K(1393664K)->1919K(1393664K) Eden: 1389568K(1389568K)->0K(1389568K) From: 2502K(4096K)->1919K(4096K)
[188.127s][info][gc,heap        ] GC(592) ParOldGen: 85045K(2796544K)->85045K(2796544K)
[188.127s][info][gc,metaspace   ] GC(592) Metaspace: 11820K(12096K)->11820K(12096K) NonClass: 10278K(10432K)->10278K(10432K) Class: 1542K(1664K)->1542K(1664K)
[188.127s][info][gc             ] GC(592) Pause Young (Allocation Failure) 1442M->84M(4092M) 0.585ms
[188.127s][info][gc,cpu         ] GC(592) User=0.00s Sys=0.00s Real=0.00s
[188.505s][info][gc,start       ] GC(593) Pause Young (Allocation Failure)
[188.505s][info][gc,heap        ] GC(593) PSYoungGen: 1391487K(1393664K)->729K(1393664K) Eden: 1389568K(1389568K)->0K(1389568K) From: 1919K(4096K)->729K(4096K)
[188.505s][info][gc,heap        ] GC(593) ParOldGen: 85045K(2796544K)->85053K(2796544K)
[188.505s][info][gc,metaspace   ] GC(593) Metaspace: 11820K(12096K)->11820K(12096K) NonClass: 10278K(10432K)->10278K(10432K) Class: 1542K(1664K)->1542K(1664K)
[188.505s][info][gc             ] GC(593) Pause Young (Allocation Failure) 1441M->83M(4092M) 0.387ms
[188.505s][info][gc,cpu         ] GC(593) User=0.00s Sys=0.00s Real=0.00s
[188.885s][info][gc,start       ] GC(594) Pause Young (Allocation Failure)
[188.886s][info][gc,heap        ] GC(594) PSYoungGen: 1390297K(1393664K)->2306K(1393664K) Eden: 1389568K(1389568K)->0K(1389568K) From: 729K(4096K)->2306K(4096K)
[188.886s][info][gc,heap        ] GC(594) ParOldGen: 85053K(2796544K)->85053K(2796544K)
[188.886s][info][gc,metaspace   ] GC(594) Metaspace: 11820K(12096K)->11820K(12096K) NonClass: 10278K(10432K)->10278K(10432K) Class: 1542K(1664K)->1542K(1664K)
[188.886s][info][gc             ] GC(594) Pause Young (Allocation Failure) 1440M->85M(4092M) 0.753ms
[188.886s][info][gc,cpu         ] GC(594) User=0.00s Sys=0.00s Real=0.00s
[189.266s][info][gc,start       ] GC(595) Pause Young (Allocation Failure)
[189.266s][info][gc,heap        ] GC(595) PSYoungGen: 1391874K(1393664K)->1338K(1393664K) Eden: 1389568K(1389568K)->0K(1389568K) From: 2306K(4096K)->1338K(4096K)
[189.266s][info][gc,heap        ] GC(595) ParOldGen: 85053K(2796544K)->85069K(2796544K)
[189.266s][info][gc,metaspace   ] GC(595) Metaspace: 11820K(12096K)->11820K(12096K) NonClass: 10278K(10432K)->10278K(10432K) Class: 1542K(1664K)->1542K(1664K)
[189.266s][info][gc             ] GC(595) Pause Young (Allocation Failure) 1442M->84M(4092M) 0.545ms
[189.266s][info][gc,cpu         ] GC(595) User=0.00s Sys=0.00s Real=0.00s
[189.358s][info][gc,start       ] GC(596) Pause Young (System.gc())
[189.359s][info][gc,heap        ] GC(596) PSYoungGen: 339364K(1393664K)->192K(1393664K) Eden: 338025K(1389568K)->0K(1389568K) From: 1338K(4096K)->192K(4096K)
[189.359s][info][gc,heap        ] GC(596) ParOldGen: 85069K(2796544K)->85069K(2796544K)
[189.359s][info][gc,metaspace   ] GC(596) Metaspace: 11820K(12096K)->11820K(12096K) NonClass: 10278K(10432K)->10278K(10432K) Class: 1542K(1664K)->1542K(1664K)
[189.359s][info][gc             ] GC(596) Pause Young (System.gc()) 414M->83M(4092M) 0.280ms
[189.359s][info][gc,cpu         ] GC(596) User=0.00s Sys=0.00s Real=0.00s
[189.359s][info][gc,start       ] GC(597) Pause Full (System.gc())
[189.359s][info][gc,phases,start] GC(597) Marking Phase
[189.401s][info][gc,phases      ] GC(597) Marking Phase 42.601ms
[189.401s][info][gc,phases,start] GC(597) Summary Phase
[189.401s][info][gc,phases      ] GC(597) Summary Phase 0.010ms
[189.401s][info][gc,phases,start] GC(597) Adjust Roots
[189.403s][info][gc,phases      ] GC(597) Adjust Roots 1.157ms
[189.403s][info][gc,phases,start] GC(597) Compaction Phase
[189.418s][info][gc,phases      ] GC(597) Compaction Phase 15.972ms
[189.419s][info][gc,phases,start] GC(597) Post Compact
[189.419s][info][gc,phases      ] GC(597) Post Compact 0.751ms
[189.419s][info][gc,heap        ] GC(597) PSYoungGen: 192K(1393664K)->0K(1393664K) Eden: 0K(1389568K)->0K(1389568K) From: 192K(4096K)->0K(4096K)
[189.419s][info][gc,heap        ] GC(597) ParOldGen: 85069K(2796544K)->85005K(2796544K)
[189.419s][info][gc,metaspace   ] GC(597) Metaspace: 11820K(12096K)->11820K(12096K) NonClass: 10278K(10432K)->10278K(10432K) Class: 1542K(1664K)->1542K(1664K)
[189.419s][info][gc             ] GC(597) Pause Full (System.gc()) 83M->83M(4092M) 60.750ms
[189.419s][info][gc,cpu         ] GC(597) User=0.33s Sys=0.00s Real=0.06s
[189.803s][info][gc,start       ] GC(598) Pause Young (Allocation Failure)
[189.804s][info][gc,heap        ] GC(598) PSYoungGen: 1389568K(1393664K)->1830K(1393664K) Eden: 1389568K(1389568K)->0K(1389568K) From: 0K(4096K)->1830K(4096K)
[189.804s][info][gc,heap        ] GC(598) ParOldGen: 85005K(2796544K)->85005K(2796544K)
[189.804s][info][gc,metaspace   ] GC(598) Metaspace: 11820K(12096K)->11820K(12096K) NonClass: 10278K(10432K)->10278K(10432K) Class: 1542K(1664K)->1542K(1664K)
[189.804s][info][gc             ] GC(598) Pause Young (Allocation Failure) 1440M->84M(4092M) 0.613ms
[189.804s][info][gc,cpu         ] GC(598) User=0.00s Sys=0.00s Real=0.00s
[190.185s][info][gc,start       ] GC(599) Pause Young (Allocation Failure)
[190.185s][info][gc,heap        ] GC(599) PSYoungGen: 1391398K(1393664K)->923K(1393664K) Eden: 1389568K(1389568K)->0K(1389568K) From: 1830K(4096K)->923K(4096K)
[190.186s][info][gc,heap        ] GC(599) ParOldGen: 85005K(2796544K)->85021K(2796544K)
[190.186s][info][gc,metaspace   ] GC(599) Metaspace: 11820K(12096K)->11820K(12096K) NonClass: 10278K(10432K)->10278K(10432K) Class: 1542K(1664K)->1542K(1664K)
[190.186s][info][gc             ] GC(599) Pause Young (Allocation Failure) 1441M->83M(4092M) 0.510ms
[190.186s][info][gc,cpu         ] GC(599) User=0.00s Sys=0.00s Real=0.00s
[190.595s][info][gc,start       ] GC(600) Pause Young (Allocation Failure)
[190.596s][info][gc,heap        ] GC(600) PSYoungGen: 1390491K(1393664K)->2698K(1393152K) Eden: 1389568K(1389568K)->0K(1389568K) From: 923K(4096K)->2698K(3584K)
[190.596s][info][gc,heap        ] GC(600) ParOldGen: 85021K(2796544K)->85053K(2796544K)
[190.596s][info][gc,metaspace   ] GC(600) Metaspace: 11820K(12096K)->11820K(12096K) NonClass: 10278K(10432K)->10278K(10432K) Class: 1542K(1664K)->1542K(1664K)
[190.596s][info][gc             ] GC(600) Pause Young (Allocation Failure) 1440M->85M(4091M) 0.993ms
[190.596s][info][gc,cpu         ] GC(600) User=0.00s Sys=0.00s Real=0.00s
[191.000s][info][gc,start       ] GC(601) Pause Young (Allocation Failure)
[191.001s][info][gc,heap        ] GC(601) PSYoungGen: 1392266K(1393152K)->1828K(1393664K) Eden: 1389568K(1389568K)->0K(1389568K) From: 2698K(3584K)->1828K(4096K)
[191.001s][info][gc,heap        ] GC(601) ParOldGen: 85053K(2796544K)->85053K(2796544K)
[191.001s][info][gc,metaspace   ] GC(601) Metaspace: 11820K(12096K)->11820K(12096K) NonClass: 10278K(10432K)->10278K(10432K) Class: 1542K(1664K)->1542K(1664K)
[191.001s][info][gc             ] GC(601) Pause Young (Allocation Failure) 1442M->84M(4092M) 0.742ms
[191.001s][info][gc,cpu         ] GC(601) User=0.00s Sys=0.00s Real=0.00s
[191.388s][info][gc,start       ] GC(602) Pause Young (Allocation Failure)
[191.388s][info][gc,heap        ] GC(602) PSYoungGen: 1391396K(1393664K)->925K(1394176K) Eden: 1389568K(1389568K)->0K(1390080K) From: 1828K(4096K)->925K(4096K)
[191.388s][info][gc,heap        ] GC(602) ParOldGen: 85053K(2796544K)->85077K(2796544K)
[191.388s][info][gc,metaspace   ] GC(602) Metaspace: 11820K(12096K)->11820K(12096K) NonClass: 10278K(10432K)->10278K(10432K) Class: 1542K(1664K)->1542K(1664K)
[191.388s][info][gc             ] GC(602) Pause Young (Allocation Failure) 1441M->83M(4092M) 0.434ms
[191.388s][info][gc,cpu         ] GC(602) User=0.00s Sys=0.00s Real=0.00s
[191.769s][info][gc,start       ] GC(603) Pause Young (Allocation Failure)
[191.770s][info][gc,heap        ] GC(603) PSYoungGen: 1390963K(1394176K)->2829K(1393664K) Eden: 1390038K(1390080K)->0K(1390080K) From: 925K(4096K)->2829K(3584K)
[191.770s][info][gc,heap        ] GC(603) ParOldGen: 85077K(2796544K)->85077K(2796544K)
[191.770s][info][gc,metaspace   ] GC(603) Metaspace: 11820K(12096K)->11820K(12096K) NonClass: 10278K(10432K)->10278K(10432K) Class: 1542K(1664K)->1542K(1664K)
[191.770s][info][gc             ] GC(603) Pause Young (Allocation Failure) 1441M->85M(4092M) 1.637ms
[191.770s][info][gc,cpu         ] GC(603) User=0.00s Sys=0.00s Real=0.00s
[192.151s][info][gc,start       ] GC(604) Pause Young (Allocation Failure)
[192.151s][info][gc,heap        ] GC(604) PSYoungGen: 1392909K(1393664K)->1990K(1393664K) Eden: 1390080K(1390080K)->0K(1389568K) From: 2829K(3584K)->1990K(4096K)
[192.151s][info][gc,heap        ] GC(604) ParOldGen: 85077K(2796544K)->85085K(2796544K)
[192.151s][info][gc,metaspace   ] GC(604) Metaspace: 11820K(12096K)->11820K(12096K) NonClass: 10278K(10432K)->10278K(10432K) Class: 1542K(1664K)->1542K(1664K)
[192.151s][info][gc             ] GC(604) Pause Young (Allocation Failure) 1443M->85M(4092M) 0.643ms
[192.151s][info][gc,cpu         ] GC(604) User=0.00s Sys=0.00s Real=0.00s
[192.240s][info][gc,start       ] GC(605) Pause Young (System.gc())
[192.240s][info][gc,heap        ] GC(605) PSYoungGen: 332142K(1393664K)->192K(1393664K) Eden: 330151K(1389568K)->0K(1389568K) From: 1990K(4096K)->192K(4096K)
[192.240s][info][gc,heap        ] GC(605) ParOldGen: 85085K(2796544K)->85085K(2796544K)
[192.240s][info][gc,metaspace   ] GC(605) Metaspace: 11820K(12096K)->11820K(12096K) NonClass: 10278K(10432K)->10278K(10432K) Class: 1542K(1664K)->1542K(1664K)
[192.240s][info][gc             ] GC(605) Pause Young (System.gc()) 407M->83M(4092M) 0.288ms
[192.240s][info][gc,cpu         ] GC(605) User=0.00s Sys=0.00s Real=0.00s
[192.240s][info][gc,start       ] GC(606) Pause Full (System.gc())
[192.240s][info][gc,phases,start] GC(606) Marking Phase
[192.305s][info][gc,phases      ] GC(606) Marking Phase 64.981ms
[192.305s][info][gc,phases,start] GC(606) Summary Phase
[192.305s][info][gc,phases      ] GC(606) Summary Phase 0.010ms
[192.305s][info][gc,phases,start] GC(606) Adjust Roots
[192.307s][info][gc,phases      ] GC(606) Adjust Roots 1.133ms
[192.307s][info][gc,phases,start] GC(606) Compaction Phase
[192.323s][info][gc,phases      ] GC(606) Compaction Phase 16.248ms
[192.323s][info][gc,phases,start] GC(606) Post Compact
[192.324s][info][gc,phases      ] GC(606) Post Compact 0.903ms
[192.324s][info][gc,heap        ] GC(606) PSYoungGen: 192K(1393664K)->0K(1393664K) Eden: 0K(1389568K)->0K(1389568K) From: 192K(4096K)->0K(4096K)
[192.324s][info][gc,heap        ] GC(606) ParOldGen: 85085K(2796544K)->85005K(2796544K)
[192.324s][info][gc,metaspace   ] GC(606) Metaspace: 11820K(12096K)->11820K(12096K) NonClass: 10278K(10432K)->10278K(10432K) Class: 1542K(1664K)->1542K(1664K)
[192.324s][info][gc             ] GC(606) Pause Full (System.gc()) 83M->83M(4092M) 83.621ms
[192.324s][info][gc,cpu         ] GC(606) User=0.45s Sys=0.00s Real=0.08s
[192.708s][info][gc,start       ] GC(607) Pause Young (Allocation Failure)
[192.709s][info][gc,heap        ] GC(607) PSYoungGen: 1389568K(1393664K)->2266K(1393664K) Eden: 1389568K(1389568K)->0K(1389568K) From: 0K(4096K)->2266K(4096K)
[192.709s][info][gc,heap        ] GC(607) ParOldGen: 85005K(2796544K)->85005K(2796544K)
[192.709s][info][gc,metaspace   ] GC(607) Metaspace: 11821K(12096K)->11821K(12096K) NonClass: 10279K(10432K)->10279K(10432K) Class: 1542K(1664K)->1542K(1664K)
[192.709s][info][gc             ] GC(607) Pause Young (Allocation Failure) 1440M->85M(4092M) 0.633ms
[192.709s][info][gc,cpu         ] GC(607) User=0.00s Sys=0.00s Real=0.00s
[193.088s][info][gc,start       ] GC(608) Pause Young (Allocation Failure)
[193.089s][info][gc,heap        ] GC(608) PSYoungGen: 1391834K(1393664K)->938K(1393664K) Eden: 1389568K(1389568K)->0K(1389568K) From: 2266K(4096K)->938K(4096K)
[193.089s][info][gc,heap        ] GC(608) ParOldGen: 85005K(2796544K)->85013K(2796544K)
[193.089s][info][gc,metaspace   ] GC(608) Metaspace: 11821K(12096K)->11821K(12096K) NonClass: 10279K(10432K)->10279K(10432K) Class: 1542K(1664K)->1542K(1664K)
[193.089s][info][gc             ] GC(608) Pause Young (Allocation Failure) 1442M->83M(4092M) 0.502ms
[193.089s][info][gc,cpu         ] GC(608) User=0.00s Sys=0.00s Real=0.00s
[193.463s][info][gc,start       ] GC(609) Pause Young (Allocation Failure)
[193.465s][info][gc,heap        ] GC(609) PSYoungGen: 1390506K(1393664K)->2893K(1393664K) Eden: 1389568K(1389568K)->0K(1389568K) From: 938K(4096K)->2893K(4096K)
[193.465s][info][gc,heap        ] GC(609) ParOldGen: 85013K(2796544K)->85029K(2796544K)
[193.465s][info][gc,metaspace   ] GC(609) Metaspace: 11821K(12096K)->11821K(12096K) NonClass: 10279K(10432K)->10279K(10432K) Class: 1542K(1664K)->1542K(1664K)
[193.465s][info][gc             ] GC(609) Pause Young (Allocation Failure) 1440M->85M(4092M) 1.306ms
[193.465s][info][gc,cpu         ] GC(609) User=0.00s Sys=0.00s Real=0.00s
[193.852s][info][gc,start       ] GC(610) Pause Young (Allocation Failure)
[193.852s][info][gc,heap        ] GC(610) PSYoungGen: 1392461K(1393664K)->1974K(1393664K) Eden: 1389568K(1389568K)->0K(1389568K) From: 2893K(4096K)->1974K(4096K)
[193.852s][info][gc,heap        ] GC(610) ParOldGen: 85029K(2796544K)->85029K(2796544K)
[193.852s][info][gc,metaspace   ] GC(610) Metaspace: 11821K(12096K)->11821K(12096K) NonClass: 10279K(10432K)->10279K(10432K) Class: 1542K(1664K)->1542K(1664K)
[193.852s][info][gc             ] GC(610) Pause Young (Allocation Failure) 1442M->84M(4092M) 0.545ms
[193.852s][info][gc,cpu         ] GC(610) User=0.00s Sys=0.00s Real=0.00s
[194.230s][info][gc,start       ] GC(611) Pause Young (Allocation Failure)
[194.231s][info][gc,heap        ] GC(611) PSYoungGen: 1391542K(1393664K)->786K(1393664K) Eden: 1389568K(1389568K)->0K(1389568K) From: 1974K(4096K)->786K(4096K)
[194.231s][info][gc,heap        ] GC(611) ParOldGen: 85029K(2796544K)->85037K(2796544K)
[194.231s][info][gc,metaspace   ] GC(611) Metaspace: 11821K(12096K)->11821K(12096K) NonClass: 10279K(10432K)->10279K(10432K) Class: 1542K(1664K)->1542K(1664K)
[194.231s][info][gc             ] GC(611) Pause Young (Allocation Failure) 1441M->83M(4092M) 0.449ms
[194.231s][info][gc,cpu         ] GC(611) User=0.00s Sys=0.00s Real=0.00s
[194.607s][info][gc,start       ] GC(612) Pause Young (Allocation Failure)
[194.608s][info][gc,heap        ] GC(612) PSYoungGen: 1390354K(1393664K)->2778K(1393664K) Eden: 1389568K(1389568K)->0K(1389568K) From: 786K(4096K)->2778K(4096K)
[194.608s][info][gc,heap        ] GC(612) ParOldGen: 85037K(2796544K)->85037K(2796544K)
[194.608s][info][gc,metaspace   ] GC(612) Metaspace: 11821K(12096K)->11821K(12096K) NonClass: 10279K(10432K)->10279K(10432K) Class: 1542K(1664K)->1542K(1664K)
[194.608s][info][gc             ] GC(612) Pause Young (Allocation Failure) 1440M->85M(4092M) 1.024ms
[194.608s][info][gc,cpu         ] GC(612) User=0.00s Sys=0.00s Real=0.00s
[194.992s][info][gc,start       ] GC(613) Pause Young (Allocation Failure)
[194.993s][info][gc,heap        ] GC(613) PSYoungGen: 1392346K(1393664K)->1771K(1393664K) Eden: 1389568K(1389568K)->0K(1389568K) From: 2778K(4096K)->1771K(4096K)
[194.993s][info][gc,heap        ] GC(613) ParOldGen: 85037K(2796544K)->85053K(2796544K)
[194.993s][info][gc,metaspace   ] GC(613) Metaspace: 11821K(12096K)->11821K(12096K) NonClass: 10279K(10432K)->10279K(10432K) Class: 1542K(1664K)->1542K(1664K)
[194.993s][info][gc             ] GC(613) Pause Young (Allocation Failure) 1442M->84M(4092M) 0.598ms
[194.993s][info][gc,cpu         ] GC(613) User=0.00s Sys=0.00s Real=0.00s
[195.083s][info][gc,start       ] GC(614) Pause Young (System.gc())
[195.083s][info][gc,heap        ] GC(614) PSYoungGen: 334394K(1393664K)->160K(1393664K) Eden: 332622K(1389568K)->0K(1389568K) From: 1771K(4096K)->160K(4096K)
[195.083s][info][gc,heap        ] GC(614) ParOldGen: 85053K(2796544K)->85053K(2796544K)
[195.083s][info][gc,metaspace   ] GC(614) Metaspace: 11821K(12096K)->11821K(12096K) NonClass: 10279K(10432K)->10279K(10432K) Class: 1542K(1664K)->1542K(1664K)
[195.083s][info][gc             ] GC(614) Pause Young (System.gc()) 409M->83M(4092M) 0.270ms
[195.083s][info][gc,cpu         ] GC(614) User=0.00s Sys=0.00s Real=0.00s
[195.083s][info][gc,start       ] GC(615) Pause Full (System.gc())
[195.083s][info][gc,phases,start] GC(615) Marking Phase
[195.146s][info][gc,phases      ] GC(615) Marking Phase 62.938ms
[195.146s][info][gc,phases,start] GC(615) Summary Phase
[195.146s][info][gc,phases      ] GC(615) Summary Phase 0.010ms
[195.146s][info][gc,phases,start] GC(615) Adjust Roots
[195.148s][info][gc,phases      ] GC(615) Adjust Roots 1.183ms
[195.148s][info][gc,phases,start] GC(615) Compaction Phase
[195.164s][info][gc,phases      ] GC(615) Compaction Phase 16.275ms
[195.164s][info][gc,phases,start] GC(615) Post Compact
[195.165s][info][gc,phases      ] GC(615) Post Compact 0.662ms
[195.165s][info][gc,heap        ] GC(615) PSYoungGen: 160K(1393664K)->0K(1393664K) Eden: 0K(1389568K)->0K(1389568K) From: 160K(4096K)->0K(4096K)
[195.165s][info][gc,heap        ] GC(615) ParOldGen: 85053K(2796544K)->85005K(2796544K)
[195.165s][info][gc,metaspace   ] GC(615) Metaspace: 11821K(12096K)->11821K(12096K) NonClass: 10279K(10432K)->10279K(10432K) Class: 1542K(1664K)->1542K(1664K)
[195.165s][info][gc             ] GC(615) Pause Full (System.gc()) 83M->83M(4092M) 81.318ms
[195.165s][info][gc,cpu         ] GC(615) User=0.39s Sys=0.00s Real=0.08s
[195.545s][info][gc,start       ] GC(616) Pause Young (Allocation Failure)
[195.546s][info][gc,heap        ] GC(616) PSYoungGen: 1389568K(1393664K)->1969K(1393664K) Eden: 1389568K(1389568K)->0K(1389568K) From: 0K(4096K)->1969K(4096K)
[195.546s][info][gc,heap        ] GC(616) ParOldGen: 85005K(2796544K)->85005K(2796544K)
[195.546s][info][gc,metaspace   ] GC(616) Metaspace: 11822K(12096K)->11822K(12096K) NonClass: 10279K(10432K)->10279K(10432K) Class: 1542K(1664K)->1542K(1664K)
[195.546s][info][gc             ] GC(616) Pause Young (Allocation Failure) 1440M->84M(4092M) 0.639ms
[195.546s][info][gc,cpu         ] GC(616) User=0.00s Sys=0.00s Real=0.00s
[195.930s][info][gc,start       ] GC(617) Pause Young (Allocation Failure)
[195.930s][info][gc,heap        ] GC(617) PSYoungGen: 1391537K(1393664K)->1024K(1393664K) Eden: 1389568K(1389568K)->0K(1389568K) From: 1969K(4096K)->1024K(4096K)
[195.930s][info][gc,heap        ] GC(617) ParOldGen: 85005K(2796544K)->85013K(2796544K)
[195.930s][info][gc,metaspace   ] GC(617) Metaspace: 11822K(12096K)->11822K(12096K) NonClass: 10279K(10432K)->10279K(10432K) Class: 1542K(1664K)->1542K(1664K)
[195.931s][info][gc             ] GC(617) Pause Young (Allocation Failure) 1441M->84M(4092M) 0.692ms
[195.931s][info][gc,cpu         ] GC(617) User=0.00s Sys=0.00s Real=0.00s
[196.312s][info][gc,start       ] GC(618) Pause Young (Allocation Failure)
[196.312s][info][gc,heap        ] GC(618) PSYoungGen: 1390592K(1393664K)->320K(1393664K) Eden: 1389568K(1389568K)->0K(1389568K) From: 1024K(4096K)->320K(4096K)
[196.312s][info][gc,heap        ] GC(618) ParOldGen: 85013K(2796544K)->85037K(2796544K)
[196.312s][info][gc,metaspace   ] GC(618) Metaspace: 11822K(12096K)->11822K(12096K) NonClass: 10279K(10432K)->10279K(10432K) Class: 1542K(1664K)->1542K(1664K)
[196.312s][info][gc             ] GC(618) Pause Young (Allocation Failure) 1441M->83M(4092M) 0.394ms
[196.312s][info][gc,cpu         ] GC(618) User=0.00s Sys=0.00s Real=0.00s
[196.692s][info][gc,start       ] GC(619) Pause Young (Allocation Failure)
[196.693s][info][gc,heap        ] GC(619) PSYoungGen: 1389888K(1393664K)->2391K(1393664K) Eden: 1389568K(1389568K)->0K(1389568K) From: 320K(4096K)->2391K(4096K)
[196.693s][info][gc,heap        ] GC(619) ParOldGen: 85037K(2796544K)->85037K(2796544K)
[196.693s][info][gc,metaspace   ] GC(619) Metaspace: 11822K(12096K)->11822K(12096K) NonClass: 10279K(10432K)->10279K(10432K) Class: 1542K(1664K)->1542K(1664K)
[196.693s][info][gc             ] GC(619) Pause Young (Allocation Failure) 1440M->85M(4092M) 0.687ms
[196.693s][info][gc,cpu         ] GC(619) User=0.00s Sys=0.00s Real=0.00s
[197.074s][info][gc,start       ] GC(620) Pause Young (Allocation Failure)
[197.075s][info][gc,heap        ] GC(620) PSYoungGen: 1391959K(1393664K)->1652K(1393664K) Eden: 1389568K(1389568K)->0K(1389568K) From: 2391K(4096K)->1652K(4096K)
[197.075s][info][gc,heap        ] GC(620) ParOldGen: 85037K(2796544K)->85045K(2796544K)
[197.075s][info][gc,metaspace   ] GC(620) Metaspace: 11822K(12096K)->11822K(12096K) NonClass: 10279K(10432K)->10279K(10432K) Class: 1542K(1664K)->1542K(1664K)
[197.075s][info][gc             ] GC(620) Pause Young (Allocation Failure) 1442M->84M(4092M) 0.533ms
[197.075s][info][gc,cpu         ] GC(620) User=0.00s Sys=0.00s Real=0.00s
[197.454s][info][gc,start       ] GC(621) Pause Young (Allocation Failure)
[197.454s][info][gc,heap        ] GC(621) PSYoungGen: 1391220K(1393664K)->600K(1393664K) Eden: 1389568K(1389568K)->0K(1389568K) From: 1652K(4096K)->600K(4096K)
[197.454s][info][gc,heap        ] GC(621) ParOldGen: 85045K(2796544K)->85045K(2796544K)
[197.454s][info][gc,metaspace   ] GC(621) Metaspace: 11822K(12096K)->11822K(12096K) NonClass: 10279K(10432K)->10279K(10432K) Class: 1542K(1664K)->1542K(1664K)
[197.454s][info][gc             ] GC(621) Pause Young (Allocation Failure) 1441M->83M(4092M) 0.454ms
[197.454s][info][gc,cpu         ] GC(621) User=0.00s Sys=0.00s Real=0.00s
[197.834s][info][gc,start       ] GC(622) Pause Young (Allocation Failure)
[197.835s][info][gc,heap        ] GC(622) PSYoungGen: 1390168K(1393664K)->2462K(1393152K) Eden: 1389568K(1389568K)->0K(1389568K) From: 600K(4096K)->2462K(3584K)
[197.835s][info][gc,heap        ] GC(622) ParOldGen: 85045K(2796544K)->85069K(2796544K)
[197.835s][info][gc,metaspace   ] GC(622) Metaspace: 11822K(12096K)->11822K(12096K) NonClass: 10279K(10432K)->10279K(10432K) Class: 1542K(1664K)->1542K(1664K)
[197.835s][info][gc             ] GC(622) Pause Young (Allocation Failure) 1440M->85M(4091M) 0.783ms
[197.835s][info][gc,cpu         ] GC(622) User=0.00s Sys=0.00s Real=0.00s
[197.924s][info][gc,start       ] GC(623) Pause Young (System.gc())
[197.924s][info][gc,heap        ] GC(623) PSYoungGen: 322862K(1393152K)->128K(1393664K) Eden: 320399K(1389568K)->0K(1389568K) From: 2462K(3584K)->128K(4096K)
[197.924s][info][gc,heap        ] GC(623) ParOldGen: 85069K(2796544K)->85069K(2796544K)
[197.924s][info][gc,metaspace   ] GC(623) Metaspace: 11822K(12096K)->11822K(12096K) NonClass: 10279K(10432K)->10279K(10432K) Class: 1542K(1664K)->1542K(1664K)
[197.924s][info][gc             ] GC(623) Pause Young (System.gc()) 398M->83M(4092M) 0.285ms
[197.924s][info][gc,cpu         ] GC(623) User=0.09s Sys=0.00s Real=0.00s
[197.924s][info][gc,start       ] GC(624) Pause Full (System.gc())
[197.924s][info][gc,phases,start] GC(624) Marking Phase
[197.987s][info][gc,phases      ] GC(624) Marking Phase 63.136ms
[197.988s][info][gc,phases,start] GC(624) Summary Phase
[197.988s][info][gc,phases      ] GC(624) Summary Phase 0.073ms
[197.988s][info][gc,phases,start] GC(624) Adjust Roots
[197.989s][info][gc,phases      ] GC(624) Adjust Roots 1.155ms
[197.989s][info][gc,phases,start] GC(624) Compaction Phase
[198.005s][info][gc,phases      ] GC(624) Compaction Phase 16.352ms
[198.006s][info][gc,phases,start] GC(624) Post Compact
[198.006s][info][gc,phases      ] GC(624) Post Compact 0.925ms
[198.007s][info][gc,heap        ] GC(624) PSYoungGen: 128K(1393664K)->0K(1393664K) Eden: 0K(1389568K)->0K(1389568K) From: 128K(4096K)->0K(4096K)
[198.007s][info][gc,heap        ] GC(624) ParOldGen: 85069K(2796544K)->85005K(2796544K)
[198.007s][info][gc,metaspace   ] GC(624) Metaspace: 11822K(12096K)->11822K(12096K) NonClass: 10279K(10432K)->10279K(10432K) Class: 1542K(1664K)->1542K(1664K)
[198.007s][info][gc             ] GC(624) Pause Full (System.gc()) 83M->83M(4092M) 82.355ms
[198.007s][info][gc,cpu         ] GC(624) User=0.33s Sys=0.00s Real=0.08s
[198.386s][info][gc,start       ] GC(625) Pause Young (Allocation Failure)
[198.386s][info][gc,heap        ] GC(625) PSYoungGen: 1389568K(1393664K)->1926K(1393664K) Eden: 1389568K(1389568K)->0K(1389568K) From: 0K(4096K)->1926K(4096K)
[198.386s][info][gc,heap        ] GC(625) ParOldGen: 85005K(2796544K)->85005K(2796544K)
[198.386s][info][gc,metaspace   ] GC(625) Metaspace: 11822K(12096K)->11822K(12096K) NonClass: 10279K(10432K)->10279K(10432K) Class: 1542K(1664K)->1542K(1664K)
[198.386s][info][gc             ] GC(625) Pause Young (Allocation Failure) 1440M->84M(4092M) 0.544ms
[198.386s][info][gc,cpu         ] GC(625) User=0.00s Sys=0.00s Real=0.00s
[198.771s][info][gc,start       ] GC(626) Pause Young (Allocation Failure)
[198.771s][info][gc,heap        ] GC(626) PSYoungGen: 1391494K(1393664K)->729K(1393664K) Eden: 1389568K(1389568K)->0K(1389568K) From: 1926K(4096K)->729K(4096K)
[198.771s][info][gc,heap        ] GC(626) ParOldGen: 85005K(2796544K)->85013K(2796544K)
[198.771s][info][gc,metaspace   ] GC(626) Metaspace: 11822K(12096K)->11822K(12096K) NonClass: 10279K(10432K)->10279K(10432K) Class: 1542K(1664K)->1542K(1664K)
[198.771s][info][gc             ] GC(626) Pause Young (Allocation Failure) 1441M->83M(4092M) 0.400ms
[198.771s][info][gc,cpu         ] GC(626) User=0.00s Sys=0.00s Real=0.00s
[199.146s][info][gc,start       ] GC(627) Pause Young (Allocation Failure)
[199.147s][info][gc,heap        ] GC(627) PSYoungGen: 1390297K(1393664K)->3024K(1393664K) Eden: 1389568K(1389568K)->0K(1389568K) From: 729K(4096K)->3024K(4096K)
[199.147s][info][gc,heap        ] GC(627) ParOldGen: 85013K(2796544K)->85037K(2796544K)
[199.147s][info][gc,metaspace   ] GC(627) Metaspace: 11822K(12096K)->11822K(12096K) NonClass: 10279K(10432K)->10279K(10432K) Class: 1542K(1664K)->1542K(1664K)
[199.147s][info][gc             ] GC(627) Pause Young (Allocation Failure) 1440M->85M(4092M) 0.949ms
[199.147s][info][gc,cpu         ] GC(627) User=0.00s Sys=0.00s Real=0.00s
[199.529s][info][gc,start       ] GC(628) Pause Young (Allocation Failure)
[199.529s][info][gc,heap        ] GC(628) PSYoungGen: 1392592K(1393664K)->1870K(1393664K) Eden: 1389568K(1389568K)->0K(1389568K) From: 3024K(4096K)->1870K(4096K)
[199.529s][info][gc,heap        ] GC(628) ParOldGen: 85037K(2796544K)->85037K(2796544K)
[199.529s][info][gc,metaspace   ] GC(628) Metaspace: 11822K(12096K)->11822K(12096K) NonClass: 10279K(10432K)->10279K(10432K) Class: 1542K(1664K)->1542K(1664K)
[199.529s][info][gc             ] GC(628) Pause Young (Allocation Failure) 1442M->84M(4092M) 0.617ms
[199.529s][info][gc,cpu         ] GC(628) User=0.00s Sys=0.00s Real=0.00s
[199.913s][info][gc,start       ] GC(629) Pause Young (Allocation Failure)
[199.914s][info][gc,heap        ] GC(629) PSYoungGen: 1391438K(1393664K)->577K(1393664K) Eden: 1389568K(1389568K)->0K(1389568K) From: 1870K(4096K)->577K(4096K)
[199.914s][info][gc,heap        ] GC(629) ParOldGen: 85037K(2796544K)->85045K(2796544K)
[199.914s][info][gc,metaspace   ] GC(629) Metaspace: 11822K(12096K)->11822K(12096K) NonClass: 10279K(10432K)->10279K(10432K) Class: 1542K(1664K)->1542K(1664K)
[199.914s][info][gc             ] GC(629) Pause Young (Allocation Failure) 1441M->83M(4092M) 0.419ms
[199.914s][info][gc,cpu         ] GC(629) User=0.00s Sys=0.00s Real=0.00s
[200.288s][info][gc,start       ] GC(630) Pause Young (Allocation Failure)
[200.289s][info][gc,heap        ] GC(630) PSYoungGen: 1390145K(1393664K)->2386K(1393664K) Eden: 1389568K(1389568K)->0K(1389568K) From: 577K(4096K)->2386K(4096K)
[200.289s][info][gc,heap        ] GC(630) ParOldGen: 85045K(2796544K)->85045K(2796544K)
[200.289s][info][gc,metaspace   ] GC(630) Metaspace: 11822K(12096K)->11822K(12096K) NonClass: 10279K(10432K)->10279K(10432K) Class: 1542K(1664K)->1542K(1664K)
[200.289s][info][gc             ] GC(630) Pause Young (Allocation Failure) 1440M->85M(4092M) 0.663ms
[200.289s][info][gc,cpu         ] GC(630) User=0.00s Sys=0.00s Real=0.00s
[200.670s][info][gc,start       ] GC(631) Pause Young (Allocation Failure)
[200.671s][info][gc,heap        ] GC(631) PSYoungGen: 1391954K(1393664K)->1248K(1393664K) Eden: 1389568K(1389568K)->0K(1389568K) From: 2386K(4096K)->1248K(4096K)
[200.671s][info][gc,heap        ] GC(631) ParOldGen: 85045K(2796544K)->85053K(2796544K)
[200.671s][info][gc,metaspace   ] GC(631) Metaspace: 11822K(12096K)->11822K(12096K) NonClass: 10279K(10432K)->10279K(10432K) Class: 1542K(1664K)->1542K(1664K)
[200.671s][info][gc             ] GC(631) Pause Young (Allocation Failure) 1442M->84M(4092M) 0.502ms
[200.671s][info][gc,cpu         ] GC(631) User=0.00s Sys=0.00s Real=0.00s
[200.766s][info][gc,start       ] GC(632) Pause Young (System.gc())
[200.766s][info][gc,heap        ] GC(632) PSYoungGen: 347323K(1393664K)->160K(1393664K) Eden: 346074K(1389568K)->0K(1389568K) From: 1248K(4096K)->160K(4096K)
[200.766s][info][gc,heap        ] GC(632) ParOldGen: 85053K(2796544K)->85053K(2796544K)
[200.766s][info][gc,metaspace   ] GC(632) Metaspace: 11822K(12096K)->11822K(12096K) NonClass: 10279K(10432K)->10279K(10432K) Class: 1542K(1664K)->1542K(1664K)
[200.766s][info][gc             ] GC(632) Pause Young (System.gc()) 422M->83M(4092M) 0.275ms
[200.766s][info][gc,cpu         ] GC(632) User=0.00s Sys=0.00s Real=0.00s
[200.766s][info][gc,start       ] GC(633) Pause Full (System.gc())
[200.766s][info][gc,phases,start] GC(633) Marking Phase
[200.852s][info][gc,phases      ] GC(633) Marking Phase 85.739ms
[200.852s][info][gc,phases,start] GC(633) Summary Phase
[200.852s][info][gc,phases      ] GC(633) Summary Phase 0.010ms
[200.852s][info][gc,phases,start] GC(633) Adjust Roots
[200.854s][info][gc,phases      ] GC(633) Adjust Roots 1.612ms
[200.854s][info][gc,phases,start] GC(633) Compaction Phase
[200.870s][info][gc,phases      ] GC(633) Compaction Phase 16.086ms
[200.870s][info][gc,phases,start] GC(633) Post Compact
[200.870s][info][gc,phases      ] GC(633) Post Compact 0.747ms
[200.871s][info][gc,heap        ] GC(633) PSYoungGen: 160K(1393664K)->0K(1393664K) Eden: 0K(1389568K)->0K(1389568K) From: 160K(4096K)->0K(4096K)
[200.871s][info][gc,heap        ] GC(633) ParOldGen: 85053K(2796544K)->85006K(2796544K)
[200.871s][info][gc,metaspace   ] GC(633) Metaspace: 11822K(12096K)->11822K(12096K) NonClass: 10279K(10432K)->10279K(10432K) Class: 1542K(1664K)->1542K(1664K)
[200.871s][info][gc             ] GC(633) Pause Full (System.gc()) 83M->83M(4092M) 104.429ms
[200.871s][info][gc,cpu         ] GC(633) User=0.66s Sys=0.00s Real=0.11s
[201.251s][info][gc,start       ] GC(634) Pause Young (Allocation Failure)
[201.252s][info][gc,heap        ] GC(634) PSYoungGen: 1389560K(1393664K)->2528K(1393664K) Eden: 1389560K(1389568K)->0K(1389568K) From: 0K(4096K)->2528K(4096K)
[201.252s][info][gc,heap        ] GC(634) ParOldGen: 85006K(2796544K)->85006K(2796544K)
[201.252s][info][gc,metaspace   ] GC(634) Metaspace: 11822K(12096K)->11822K(12096K) NonClass: 10279K(10432K)->10279K(10432K) Class: 1542K(1664K)->1542K(1664K)
[201.252s][info][gc             ] GC(634) Pause Young (Allocation Failure) 1440M->85M(4092M) 1.205ms
[201.252s][info][gc,cpu         ] GC(634) User=0.00s Sys=0.00s Real=0.00s
[201.632s][info][gc,start       ] GC(635) Pause Young (Allocation Failure)
[201.632s][info][gc,heap        ] GC(635) PSYoungGen: 1392027K(1393664K)->1764K(1393664K) Eden: 1389499K(1389568K)->0K(1389568K) From: 2528K(4096K)->1764K(4096K)
[201.632s][info][gc,heap        ] GC(635) ParOldGen: 85006K(2796544K)->85014K(2796544K)
[201.632s][info][gc,metaspace   ] GC(635) Metaspace: 11822K(12096K)->11822K(12096K) NonClass: 10279K(10432K)->10279K(10432K) Class: 1542K(1664K)->1542K(1664K)
[201.632s][info][gc             ] GC(635) Pause Young (Allocation Failure) 1442M->84M(4092M) 0.523ms
[201.632s][info][gc,cpu         ] GC(635) User=0.00s Sys=0.00s Real=0.00s
[202.017s][info][gc,start       ] GC(636) Pause Young (Allocation Failure)
[202.018s][info][gc,heap        ] GC(636) PSYoungGen: 1391332K(1393664K)->1011K(1393664K) Eden: 1389568K(1389568K)->0K(1389568K) From: 1764K(4096K)->1011K(4096K)
[202.018s][info][gc,heap        ] GC(636) ParOldGen: 85014K(2796544K)->85030K(2796544K)
[202.018s][info][gc,metaspace   ] GC(636) Metaspace: 11822K(12096K)->11822K(12096K) NonClass: 10279K(10432K)->10279K(10432K) Class: 1542K(1664K)->1542K(1664K)
[202.018s][info][gc             ] GC(636) Pause Young (Allocation Failure) 1441M->84M(4092M) 0.453ms
[202.018s][info][gc,cpu         ] GC(636) User=0.00s Sys=0.00s Real=0.00s
[202.393s][info][gc,start       ] GC(637) Pause Young (Allocation Failure)
[202.394s][info][gc,heap        ] GC(637) PSYoungGen: 1390579K(1393664K)->2875K(1393664K) Eden: 1389568K(1389568K)->0K(1389568K) From: 1011K(4096K)->2875K(4096K)
[202.394s][info][gc,heap        ] GC(637) ParOldGen: 85030K(2796544K)->85030K(2796544K)
[202.394s][info][gc,metaspace   ] GC(637) Metaspace: 11822K(12096K)->11822K(12096K) NonClass: 10279K(10432K)->10279K(10432K) Class: 1542K(1664K)->1542K(1664K)
[202.394s][info][gc             ] GC(637) Pause Young (Allocation Failure) 1441M->85M(4092M) 0.896ms
[202.394s][info][gc,cpu         ] GC(637) User=0.00s Sys=0.00s Real=0.00s
[202.779s][info][gc,start       ] GC(638) Pause Young (Allocation Failure)
[202.779s][info][gc,heap        ] GC(638) PSYoungGen: 1392443K(1393664K)->1917K(1393664K) Eden: 1389568K(1389568K)->0K(1389568K) From: 2875K(4096K)->1917K(4096K)
[202.779s][info][gc,heap        ] GC(638) ParOldGen: 85030K(2796544K)->85054K(2796544K)
[202.779s][info][gc,metaspace   ] GC(638) Metaspace: 11822K(12096K)->11822K(12096K) NonClass: 10279K(10432K)->10279K(10432K) Class: 1542K(1664K)->1542K(1664K)
[202.779s][info][gc             ] GC(638) Pause Young (Allocation Failure) 1442M->84M(4092M) 0.608ms
[202.779s][info][gc,cpu         ] GC(638) User=0.00s Sys=0.00s Real=0.00s
[203.159s][info][gc,start       ] GC(639) Pause Young (Allocation Failure)
[203.159s][info][gc,heap        ] GC(639) PSYoungGen: 1391485K(1393664K)->913K(1393664K) Eden: 1389568K(1389568K)->0K(1389568K) From: 1917K(4096K)->913K(4096K)
[203.159s][info][gc,heap        ] GC(639) ParOldGen: 85054K(2796544K)->85054K(2796544K)
[203.159s][info][gc,metaspace   ] GC(639) Metaspace: 11822K(12096K)->11822K(12096K) NonClass: 10279K(10432K)->10279K(10432K) Class: 1542K(1664K)->1542K(1664K)
[203.159s][info][gc             ] GC(639) Pause Young (Allocation Failure) 1441M->83M(4092M) 0.455ms
[203.159s][info][gc,cpu         ] GC(639) User=0.00s Sys=0.00s Real=0.00s
[203.535s][info][gc,start       ] GC(640) Pause Young (Allocation Failure)
[203.536s][info][gc,heap        ] GC(640) PSYoungGen: 1390481K(1393664K)->3122K(1393664K) Eden: 1389568K(1389568K)->0K(1389568K) From: 913K(4096K)->3122K(4096K)
[203.537s][info][gc,heap        ] GC(640) ParOldGen: 85054K(2796544K)->85086K(2796544K)
[203.537s][info][gc,metaspace   ] GC(640) Metaspace: 11822K(12096K)->11822K(12096K) NonClass: 10279K(10432K)->10279K(10432K) Class: 1542K(1664K)->1542K(1664K)
[203.537s][info][gc             ] GC(640) Pause Young (Allocation Failure) 1440M->86M(4092M) 1.319ms
[203.537s][info][gc,cpu         ] GC(640) User=0.00s Sys=0.00s Real=0.00s
[203.624s][info][gc,start       ] GC(641) Pause Young (System.gc())
[203.624s][info][gc,heap        ] GC(641) PSYoungGen: 313934K(1393664K)->160K(1390080K) Eden: 310811K(1389568K)->0K(1389568K) From: 3122K(4096K)->160K(512K)
[203.624s][info][gc,heap        ] GC(641) ParOldGen: 85086K(2796544K)->85086K(2796544K)
[203.624s][info][gc,metaspace   ] GC(641) Metaspace: 11822K(12096K)->11822K(12096K) NonClass: 10279K(10432K)->10279K(10432K) Class: 1542K(1664K)->1542K(1664K)
[203.624s][info][gc             ] GC(641) Pause Young (System.gc()) 389M->83M(4088M) 0.287ms
[203.624s][info][gc,cpu         ] GC(641) User=0.00s Sys=0.00s Real=0.00s
[203.624s][info][gc,start       ] GC(642) Pause Full (System.gc())
[203.624s][info][gc,phases,start] GC(642) Marking Phase
[203.687s][info][gc,phases      ] GC(642) Marking Phase 62.828ms
[203.687s][info][gc,phases,start] GC(642) Summary Phase
[203.687s][info][gc,phases      ] GC(642) Summary Phase 0.010ms
[203.687s][info][gc,phases,start] GC(642) Adjust Roots
[203.688s][info][gc,phases      ] GC(642) Adjust Roots 1.204ms
[203.688s][info][gc,phases,start] GC(642) Compaction Phase
[203.704s][info][gc,phases      ] GC(642) Compaction Phase 15.625ms
[203.704s][info][gc,phases,start] GC(642) Post Compact
[203.705s][info][gc,phases      ] GC(642) Post Compact 0.788ms
[203.705s][info][gc,heap        ] GC(642) PSYoungGen: 160K(1390080K)->0K(1390080K) Eden: 0K(1389568K)->0K(1389568K) From: 160K(512K)->0K(512K)
[203.705s][info][gc,heap        ] GC(642) ParOldGen: 85086K(2796544K)->85005K(2796544K)
[203.705s][info][gc,metaspace   ] GC(642) Metaspace: 11822K(12096K)->11822K(12096K) NonClass: 10279K(10432K)->10279K(10432K) Class: 1542K(1664K)->1542K(1664K)
[203.705s][info][gc             ] GC(642) Pause Full (System.gc()) 83M->83M(4088M) 80.760ms
[203.705s][info][gc,cpu         ] GC(642) User=0.44s Sys=0.00s Real=0.08s
[204.085s][info][gc,start       ] GC(643) Pause Young (Allocation Failure)
[204.085s][info][gc,heap        ] GC(643) PSYoungGen: 1389568K(1390080K)->1805K(1393664K) Eden: 1389568K(1389568K)->0K(1389056K) From: 0K(512K)->1805K(4608K)
[204.086s][info][gc,heap        ] GC(643) ParOldGen: 85005K(2796544K)->85005K(2796544K)
[204.086s][info][gc,metaspace   ] GC(643) Metaspace: 11822K(12096K)->11822K(12096K) NonClass: 10279K(10432K)->10279K(10432K) Class: 1542K(1664K)->1542K(1664K)
[204.086s][info][gc             ] GC(643) Pause Young (Allocation Failure) 1440M->84M(4092M) 0.676ms
[204.086s][info][gc,cpu         ] GC(643) User=0.00s Sys=0.00s Real=0.00s
[204.467s][info][gc,start       ] GC(644) Pause Young (Allocation Failure)
[204.467s][info][gc,heap        ] GC(644) PSYoungGen: 1390861K(1393664K)->1177K(1393152K) Eden: 1389056K(1389056K)->0K(1389056K) From: 1805K(4608K)->1177K(4096K)
[204.467s][info][gc,heap        ] GC(644) ParOldGen: 85005K(2796544K)->85021K(2796544K)
[204.467s][info][gc,metaspace   ] GC(644) Metaspace: 11822K(12096K)->11822K(12096K) NonClass: 10279K(10432K)->10279K(10432K) Class: 1542K(1664K)->1542K(1664K)
[204.467s][info][gc             ] GC(644) Pause Young (Allocation Failure) 1441M->84M(4091M) 0.444ms
[204.467s][info][gc,cpu         ] GC(644) User=0.00s Sys=0.00s Real=0.00s
[204.847s][info][gc,start       ] GC(645) Pause Young (Allocation Failure)
[204.848s][info][gc,heap        ] GC(645) PSYoungGen: 1390233K(1393152K)->2584K(1393664K) Eden: 1389056K(1389056K)->0K(1389568K) From: 1177K(4096K)->2584K(4096K)
[204.848s][info][gc,heap        ] GC(645) ParOldGen: 85021K(2796544K)->85045K(2796544K)
[204.848s][info][gc,metaspace   ] GC(645) Metaspace: 11822K(12096K)->11822K(12096K) NonClass: 10279K(10432K)->10279K(10432K) Class: 1542K(1664K)->1542K(1664K)
[204.848s][info][gc             ] GC(645) Pause Young (Allocation Failure) 1440M->85M(4092M) 1.068ms
[204.848s][info][gc,cpu         ] GC(645) User=0.00s Sys=0.00s Real=0.00s
[205.229s][info][gc,start       ] GC(646) Pause Young (Allocation Failure)
[205.230s][info][gc,heap        ] GC(646) PSYoungGen: 1392152K(1393664K)->2022K(1393664K) Eden: 1389568K(1389568K)->0K(1389568K) From: 2584K(4096K)->2022K(4096K)
[205.230s][info][gc,heap        ] GC(646) ParOldGen: 85045K(2796544K)->85045K(2796544K)
[205.230s][info][gc,metaspace   ] GC(646) Metaspace: 11822K(12096K)->11822K(12096K) NonClass: 10279K(10432K)->10279K(10432K) Class: 1542K(1664K)->1542K(1664K)
[205.230s][info][gc             ] GC(646) Pause Young (Allocation Failure) 1442M->85M(4092M) 0.591ms
[205.230s][info][gc,cpu         ] GC(646) User=0.00s Sys=0.00s Real=0.00s
[205.609s][info][gc,start       ] GC(647) Pause Young (Allocation Failure)
[205.609s][info][gc,heap        ] GC(647) PSYoungGen: 1391590K(1393664K)->856K(1393664K) Eden: 1389568K(1389568K)->0K(1389568K) From: 2022K(4096K)->856K(4096K)
[205.609s][info][gc,heap        ] GC(647) ParOldGen: 85045K(2796544K)->85053K(2796544K)
[205.609s][info][gc,metaspace   ] GC(647) Metaspace: 11822K(12096K)->11822K(12096K) NonClass: 10279K(10432K)->10279K(10432K) Class: 1542K(1664K)->1542K(1664K)
[205.609s][info][gc             ] GC(647) Pause Young (Allocation Failure) 1442M->83M(4092M) 0.445ms
[205.609s][info][gc,cpu         ] GC(647) User=0.00s Sys=0.00s Real=0.00s
[205.989s][info][gc,start       ] GC(648) Pause Young (Allocation Failure)
[205.990s][info][gc,heap        ] GC(648) PSYoungGen: 1390424K(1393664K)->2512K(1393664K) Eden: 1389568K(1389568K)->0K(1389568K) From: 856K(4096K)->2512K(4096K)
[205.990s][info][gc,heap        ] GC(648) ParOldGen: 85053K(2796544K)->85053K(2796544K)
[205.990s][info][gc,metaspace   ] GC(648) Metaspace: 11822K(12096K)->11822K(12096K) NonClass: 10279K(10432K)->10279K(10432K) Class: 1542K(1664K)->1542K(1664K)
[205.990s][info][gc             ] GC(648) Pause Young (Allocation Failure) 1440M->85M(4092M) 0.802ms
[205.990s][info][gc,cpu         ] GC(648) User=0.00s Sys=0.00s Real=0.00s
[206.371s][info][gc,start       ] GC(649) Pause Young (Allocation Failure)
[206.371s][info][gc,heap        ] GC(649) PSYoungGen: 1392080K(1393664K)->1766K(1393664K) Eden: 1389568K(1389568K)->0K(1389568K) From: 2512K(4096K)->1766K(4096K)
[206.371s][info][gc,heap        ] GC(649) ParOldGen: 85053K(2796544K)->85077K(2796544K)
[206.371s][info][gc,metaspace   ] GC(649) Metaspace: 11822K(12096K)->11822K(12096K) NonClass: 10279K(10432K)->10279K(10432K) Class: 1542K(1664K)->1542K(1664K)
[206.371s][info][gc             ] GC(649) Pause Young (Allocation Failure) 1442M->84M(4092M) 0.639ms
[206.371s][info][gc,cpu         ] GC(649) User=0.00s Sys=0.00s Real=0.00s
[206.462s][info][gc,start       ] GC(650) Pause Young (System.gc())
[206.462s][info][gc,heap        ] GC(650) PSYoungGen: 331707K(1393664K)->160K(1393664K) Eden: 329940K(1389568K)->0K(1389568K) From: 1766K(4096K)->160K(4096K)
[206.462s][info][gc,heap        ] GC(650) ParOldGen: 85077K(2796544K)->85077K(2796544K)
[206.462s][info][gc,metaspace   ] GC(650) Metaspace: 11822K(12096K)->11822K(12096K) NonClass: 10279K(10432K)->10279K(10432K) Class: 1542K(1664K)->1542K(1664K)
[206.462s][info][gc             ] GC(650) Pause Young (System.gc()) 407M->83M(4092M) 0.285ms
[206.462s][info][gc,cpu         ] GC(650) User=0.00s Sys=0.00s Real=0.00s
[206.462s][info][gc,start       ] GC(651) Pause Full (System.gc())
[206.462s][info][gc,phases,start] GC(651) Marking Phase
[206.527s][info][gc,phases      ] GC(651) Marking Phase 65.087ms
[206.528s][info][gc,phases,start] GC(651) Summary Phase
[206.528s][info][gc,phases      ] GC(651) Summary Phase 0.010ms
[206.528s][info][gc,phases,start] GC(651) Adjust Roots
[206.529s][info][gc,phases      ] GC(651) Adjust Roots 1.189ms
[206.529s][info][gc,phases,start] GC(651) Compaction Phase
[206.545s][info][gc,phases      ] GC(651) Compaction Phase 15.707ms
[206.545s][info][gc,phases,start] GC(651) Post Compact
[206.545s][info][gc,phases      ] GC(651) Post Compact 0.865ms
[206.546s][info][gc,heap        ] GC(651) PSYoungGen: 160K(1393664K)->0K(1393664K) Eden: 0K(1389568K)->0K(1389568K) From: 160K(4096K)->0K(4096K)
[206.546s][info][gc,heap        ] GC(651) ParOldGen: 85077K(2796544K)->85005K(2796544K)
[206.546s][info][gc,metaspace   ] GC(651) Metaspace: 11822K(12096K)->11822K(12096K) NonClass: 10279K(10432K)->10279K(10432K) Class: 1542K(1664K)->1542K(1664K)
[206.546s][info][gc             ] GC(651) Pause Full (System.gc()) 83M->83M(4092M) 83.229ms
[206.546s][info][gc,cpu         ] GC(651) User=0.45s Sys=0.00s Real=0.08s
[206.929s][info][gc,start       ] GC(652) Pause Young (Allocation Failure)
[206.930s][info][gc,heap        ] GC(652) PSYoungGen: 1389568K(1393664K)->2177K(1393664K) Eden: 1389568K(1389568K)->0K(1389568K) From: 0K(4096K)->2177K(4096K)
[206.930s][info][gc,heap        ] GC(652) ParOldGen: 85005K(2796544K)->85005K(2796544K)
[206.930s][info][gc,metaspace   ] GC(652) Metaspace: 11822K(12096K)->11822K(12096K) NonClass: 10279K(10432K)->10279K(10432K) Class: 1542K(1664K)->1542K(1664K)
[206.930s][info][gc             ] GC(652) Pause Young (Allocation Failure) 1440M->85M(4092M) 0.653ms
[206.930s][info][gc,cpu         ] GC(652) User=0.00s Sys=0.00s Real=0.00s
[207.311s][info][gc,start       ] GC(653) Pause Young (Allocation Failure)
[207.311s][info][gc,heap        ] GC(653) PSYoungGen: 1391745K(1393664K)->1376K(1393664K) Eden: 1389568K(1389568K)->0K(1389568K) From: 2177K(4096K)->1376K(4096K)
[207.311s][info][gc,heap        ] GC(653) ParOldGen: 85005K(2796544K)->85021K(2796544K)
[207.311s][info][gc,metaspace   ] GC(653) Metaspace: 11822K(12096K)->11822K(12096K) NonClass: 10279K(10432K)->10279K(10432K) Class: 1542K(1664K)->1542K(1664K)
[207.311s][info][gc             ] GC(653) Pause Young (Allocation Failure) 1442M->84M(4092M) 0.487ms
[207.311s][info][gc,cpu         ] GC(653) User=0.00s Sys=0.00s Real=0.00s
[207.696s][info][gc,start       ] GC(654) Pause Young (Allocation Failure)
[207.697s][info][gc,heap        ] GC(654) PSYoungGen: 1390944K(1393664K)->464K(1393664K) Eden: 1389568K(1389568K)->0K(1389568K) From: 1376K(4096K)->464K(4096K)
[207.697s][info][gc,heap        ] GC(654) ParOldGen: 85021K(2796544K)->85037K(2796544K)
[207.697s][info][gc,metaspace   ] GC(654) Metaspace: 11822K(12096K)->11822K(12096K) NonClass: 10279K(10432K)->10279K(10432K) Class: 1542K(1664K)->1542K(1664K)
[207.697s][info][gc             ] GC(654) Pause Young (Allocation Failure) 1441M->83M(4092M) 0.418ms
[207.697s][info][gc,cpu         ] GC(654) User=0.00s Sys=0.00s Real=0.00s
[208.074s][info][gc,start       ] GC(655) Pause Young (Allocation Failure)
[208.074s][info][gc,heap        ] GC(655) PSYoungGen: 1390032K(1393664K)->2285K(1393664K) Eden: 1389568K(1389568K)->0K(1389568K) From: 464K(4096K)->2285K(4096K)
[208.074s][info][gc,heap        ] GC(655) ParOldGen: 85037K(2796544K)->85037K(2796544K)
[208.074s][info][gc,metaspace   ] GC(655) Metaspace: 11822K(12096K)->11822K(12096K) NonClass: 10279K(10432K)->10279K(10432K) Class: 1542K(1664K)->1542K(1664K)
[208.074s][info][gc             ] GC(655) Pause Young (Allocation Failure) 1440M->85M(4092M) 0.581ms
[208.074s][info][gc,cpu         ] GC(655) User=0.00s Sys=0.00s Real=0.00s
[208.455s][info][gc,start       ] GC(656) Pause Young (Allocation Failure)
[208.455s][info][gc,heap        ] GC(656) PSYoungGen: 1391853K(1393664K)->1291K(1394176K) Eden: 1389568K(1389568K)->0K(1390080K) From: 2285K(4096K)->1291K(4096K)
[208.455s][info][gc,heap        ] GC(656) ParOldGen: 85037K(2796544K)->85053K(2796544K)
[208.455s][info][gc,metaspace   ] GC(656) Metaspace: 11822K(12096K)->11822K(12096K) NonClass: 10279K(10432K)->10279K(10432K) Class: 1542K(1664K)->1542K(1664K)
[208.456s][info][gc             ] GC(656) Pause Young (Allocation Failure) 1442M->84M(4092M) 0.532ms
[208.456s][info][gc,cpu         ] GC(656) User=0.09s Sys=0.00s Real=0.00s
[208.838s][info][gc,start       ] GC(657) Pause Young (Allocation Failure)
[208.838s][info][gc,heap        ] GC(657) PSYoungGen: 1391371K(1394176K)->192K(1393664K) Eden: 1390080K(1390080K)->0K(1390080K) From: 1291K(4096K)->192K(3584K)
[208.838s][info][gc,heap        ] GC(657) ParOldGen: 85053K(2796544K)->85053K(2796544K)
[208.838s][info][gc,metaspace   ] GC(657) Metaspace: 11822K(12096K)->11822K(12096K) NonClass: 10279K(10432K)->10279K(10432K) Class: 1542K(1664K)->1542K(1664K)
[208.838s][info][gc             ] GC(657) Pause Young (Allocation Failure) 1441M->83M(4092M) 0.325ms
[208.838s][info][gc,cpu         ] GC(657) User=0.00s Sys=0.00s Real=0.00s
[209.214s][info][gc,start       ] GC(658) Pause Young (Allocation Failure)
[209.215s][info][gc,heap        ] GC(658) PSYoungGen: 1390272K(1393664K)->2553K(1393152K) Eden: 1390080K(1390080K)->0K(1389568K) From: 192K(3584K)->2553K(3584K)
[209.215s][info][gc,heap        ] GC(658) ParOldGen: 85053K(2796544K)->85069K(2796544K)
[209.215s][info][gc,metaspace   ] GC(658) Metaspace: 11822K(12096K)->11822K(12096K) NonClass: 10279K(10432K)->10279K(10432K) Class: 1542K(1664K)->1542K(1664K)
[209.215s][info][gc             ] GC(658) Pause Young (Allocation Failure) 1440M->85M(4091M) 1.011ms
[209.215s][info][gc,cpu         ] GC(658) User=0.00s Sys=0.00s Real=0.00s
[209.304s][info][gc,start       ] GC(659) Pause Young (System.gc())
[209.304s][info][gc,heap        ] GC(659) PSYoungGen: 323965K(1393152K)->160K(1393664K) Eden: 321412K(1389568K)->0K(1389568K) From: 2553K(3584K)->160K(4096K)
[209.304s][info][gc,heap        ] GC(659) ParOldGen: 85069K(2796544K)->85069K(2796544K)
[209.304s][info][gc,metaspace   ] GC(659) Metaspace: 11822K(12096K)->11822K(12096K) NonClass: 10279K(10432K)->10279K(10432K) Class: 1542K(1664K)->1542K(1664K)
[209.304s][info][gc             ] GC(659) Pause Young (System.gc()) 399M->83M(4092M) 0.280ms
[209.304s][info][gc,cpu         ] GC(659) User=0.00s Sys=0.00s Real=0.00s
[209.305s][info][gc,start       ] GC(660) Pause Full (System.gc())
[209.305s][info][gc,phases,start] GC(660) Marking Phase
[209.387s][info][gc,phases      ] GC(660) Marking Phase 82.294ms
[209.387s][info][gc,phases,start] GC(660) Summary Phase
[209.387s][info][gc,phases      ] GC(660) Summary Phase 0.009ms
[209.387s][info][gc,phases,start] GC(660) Adjust Roots
[209.388s][info][gc,phases      ] GC(660) Adjust Roots 1.137ms
[209.388s][info][gc,phases,start] GC(660) Compaction Phase
[209.404s][info][gc,phases      ] GC(660) Compaction Phase 16.138ms
[209.404s][info][gc,phases,start] GC(660) Post Compact
[209.405s][info][gc,phases      ] GC(660) Post Compact 0.932ms
[209.405s][info][gc,heap        ] GC(660) PSYoungGen: 160K(1393664K)->0K(1393664K) Eden: 0K(1389568K)->0K(1389568K) From: 160K(4096K)->0K(4096K)
[209.405s][info][gc,heap        ] GC(660) ParOldGen: 85069K(2796544K)->85005K(2796544K)
[209.405s][info][gc,metaspace   ] GC(660) Metaspace: 11822K(12096K)->11822K(12096K) NonClass: 10279K(10432K)->10279K(10432K) Class: 1542K(1664K)->1542K(1664K)
[209.405s][info][gc             ] GC(660) Pause Full (System.gc()) 83M->83M(4092M) 100.845ms
[209.405s][info][gc,cpu         ] GC(660) User=0.56s Sys=0.00s Real=0.10s
[209.790s][info][gc,start       ] GC(661) Pause Young (Allocation Failure)
[209.790s][info][gc,heap        ] GC(661) PSYoungGen: 1389568K(1393664K)->2148K(1393664K) Eden: 1389568K(1389568K)->0K(1389568K) From: 0K(4096K)->2148K(4096K)
[209.790s][info][gc,heap        ] GC(661) ParOldGen: 85005K(2796544K)->85005K(2796544K)
[209.790s][info][gc,metaspace   ] GC(661) Metaspace: 11822K(12096K)->11822K(12096K) NonClass: 10279K(10432K)->10279K(10432K) Class: 1542K(1664K)->1542K(1664K)
[209.790s][info][gc             ] GC(661) Pause Young (Allocation Failure) 1440M->85M(4092M) 0.687ms
[209.790s][info][gc,cpu         ] GC(661) User=0.00s Sys=0.00s Real=0.00s
[210.166s][info][gc,start       ] GC(662) Pause Young (Allocation Failure)
[210.167s][info][gc,heap        ] GC(662) PSYoungGen: 1391716K(1393664K)->859K(1393664K) Eden: 1389568K(1389568K)->0K(1389568K) From: 2148K(4096K)->859K(4096K)
[210.167s][info][gc,heap        ] GC(662) ParOldGen: 85005K(2796544K)->85021K(2796544K)
[210.167s][info][gc,metaspace   ] GC(662) Metaspace: 11822K(12096K)->11822K(12096K) NonClass: 10279K(10432K)->10279K(10432K) Class: 1542K(1664K)->1542K(1664K)
[210.167s][info][gc             ] GC(662) Pause Young (Allocation Failure) 1442M->83M(4092M) 0.643ms
[210.167s][info][gc,cpu         ] GC(662) User=0.00s Sys=0.00s Real=0.00s
[210.544s][info][gc,start       ] GC(663) Pause Young (Allocation Failure)
[210.545s][info][gc,heap        ] GC(663) PSYoungGen: 1390228K(1393664K)->3189K(1392640K) Eden: 1389369K(1389568K)->0K(1388544K) From: 859K(4096K)->3189K(4096K)
[210.546s][info][gc,heap        ] GC(663) ParOldGen: 85021K(2796544K)->85053K(2796544K)
[210.546s][info][gc,metaspace   ] GC(663) Metaspace: 11822K(12096K)->11822K(12096K) NonClass: 10279K(10432K)->10279K(10432K) Class: 1542K(1664K)->1542K(1664K)
[210.546s][info][gc             ] GC(663) Pause Young (Allocation Failure) 1440M->86M(4091M) 1.671ms
[210.546s][info][gc,cpu         ] GC(663) User=0.00s Sys=0.00s Real=0.00s
[210.931s][info][gc,start       ] GC(664) Pause Young (Allocation Failure)
[210.931s][info][gc,heap        ] GC(664) PSYoungGen: 1391733K(1392640K)->2113K(1393152K) Eden: 1388544K(1388544K)->0K(1388544K) From: 3189K(4096K)->2113K(4608K)
[210.931s][info][gc,heap        ] GC(664) ParOldGen: 85053K(2796544K)->85053K(2796544K)
[210.931s][info][gc,metaspace   ] GC(664) Metaspace: 11822K(12096K)->11822K(12096K) NonClass: 10279K(10432K)->10279K(10432K) Class: 1542K(1664K)->1542K(1664K)
[210.931s][info][gc             ] GC(664) Pause Young (Allocation Failure) 1442M->85M(4091M) 0.663ms
[210.931s][info][gc,cpu         ] GC(664) User=0.00s Sys=0.00s Real=0.00s
[211.309s][info][gc,start       ] GC(665) Pause Young (Allocation Failure)
[211.309s][info][gc,heap        ] GC(665) PSYoungGen: 1390657K(1393152K)->1030K(1393664K) Eden: 1388544K(1388544K)->0K(1389568K) From: 2113K(4608K)->1030K(4096K)
[211.309s][info][gc,heap        ] GC(665) ParOldGen: 85053K(2796544K)->85061K(2796544K)
[211.309s][info][gc,metaspace   ] GC(665) Metaspace: 11822K(12096K)->11822K(12096K) NonClass: 10279K(10432K)->10279K(10432K) Class: 1542K(1664K)->1542K(1664K)
[211.309s][info][gc             ] GC(665) Pause Young (Allocation Failure) 1441M->84M(4092M) 0.426ms
[211.309s][info][gc,cpu         ] GC(665) User=0.00s Sys=0.00s Real=0.00s
[211.689s][info][gc,start       ] GC(666) Pause Young (Allocation Failure)
[211.690s][info][gc,heap        ] GC(666) PSYoungGen: 1390598K(1393664K)->2437K(1393664K) Eden: 1389568K(1389568K)->0K(1389568K) From: 1030K(4096K)->2437K(4096K)
[211.690s][info][gc,heap        ] GC(666) ParOldGen: 85061K(2796544K)->85061K(2796544K)
[211.690s][info][gc,metaspace   ] GC(666) Metaspace: 11822K(12096K)->11822K(12096K) NonClass: 10279K(10432K)->10279K(10432K) Class: 1542K(1664K)->1542K(1664K)
[211.690s][info][gc             ] GC(666) Pause Young (Allocation Failure) 1441M->85M(4092M) 0.941ms
[211.690s][info][gc,cpu         ] GC(666) User=0.00s Sys=0.00s Real=0.00s
[212.072s][info][gc,start       ] GC(667) Pause Young (Allocation Failure)
[212.073s][info][gc,heap        ] GC(667) PSYoungGen: 1392005K(1393664K)->2223K(1393664K) Eden: 1389568K(1389568K)->0K(1389568K) From: 2437K(4096K)->2223K(4096K)
[212.073s][info][gc,heap        ] GC(667) ParOldGen: 85061K(2796544K)->85077K(2796544K)
[212.073s][info][gc,metaspace   ] GC(667) Metaspace: 11822K(12096K)->11822K(12096K) NonClass: 10279K(10432K)->10279K(10432K) Class: 1542K(1664K)->1542K(1664K)
[212.073s][info][gc             ] GC(667) Pause Young (Allocation Failure) 1442M->85M(4092M) 0.643ms
[212.073s][info][gc,cpu         ] GC(667) User=0.00s Sys=0.00s Real=0.00s
[212.163s][info][gc,start       ] GC(668) Pause Young (System.gc())
[212.163s][info][gc,heap        ] GC(668) PSYoungGen: 328210K(1393664K)->160K(1393664K) Eden: 325986K(1389568K)->0K(1389568K) From: 2223K(4096K)->160K(4096K)
[212.163s][info][gc,heap        ] GC(668) ParOldGen: 85077K(2796544K)->85077K(2796544K)
[212.163s][info][gc,metaspace   ] GC(668) Metaspace: 11822K(12096K)->11822K(12096K) NonClass: 10279K(10432K)->10279K(10432K) Class: 1542K(1664K)->1542K(1664K)
[212.163s][info][gc             ] GC(668) Pause Young (System.gc()) 403M->83M(4092M) 0.305ms
[212.163s][info][gc,cpu         ] GC(668) User=0.00s Sys=0.00s Real=0.00s
[212.163s][info][gc,start       ] GC(669) Pause Full (System.gc())
[212.163s][info][gc,phases,start] GC(669) Marking Phase
[212.227s][info][gc,phases      ] GC(669) Marking Phase 63.896ms
[212.227s][info][gc,phases,start] GC(669) Summary Phase
[212.227s][info][gc,phases      ] GC(669) Summary Phase 0.009ms
[212.227s][info][gc,phases,start] GC(669) Adjust Roots
[212.229s][info][gc,phases      ] GC(669) Adjust Roots 1.167ms
[212.229s][info][gc,phases,start] GC(669) Compaction Phase
[212.245s][info][gc,phases      ] GC(669) Compaction Phase 16.407ms
[212.245s][info][gc,phases,start] GC(669) Post Compact
[212.246s][info][gc,phases      ] GC(669) Post Compact 0.951ms
[212.246s][info][gc,heap        ] GC(669) PSYoungGen: 160K(1393664K)->0K(1393664K) Eden: 0K(1389568K)->0K(1389568K) From: 160K(4096K)->0K(4096K)
[212.246s][info][gc,heap        ] GC(669) ParOldGen: 85077K(2796544K)->85007K(2796544K)
[212.246s][info][gc,metaspace   ] GC(669) Metaspace: 11822K(12096K)->11822K(12096K) NonClass: 10279K(10432K)->10279K(10432K) Class: 1542K(1664K)->1542K(1664K)
[212.246s][info][gc             ] GC(669) Pause Full (System.gc()) 83M->83M(4092M) 82.703ms
[212.246s][info][gc,cpu         ] GC(669) User=0.47s Sys=0.00s Real=0.08s
[212.627s][info][gc,start       ] GC(670) Pause Young (Allocation Failure)
[212.628s][info][gc,heap        ] GC(670) PSYoungGen: 1389568K(1393664K)->1974K(1393664K) Eden: 1389568K(1389568K)->0K(1389568K) From: 0K(4096K)->1974K(4096K)
[212.628s][info][gc,heap        ] GC(670) ParOldGen: 85007K(2796544K)->85007K(2796544K)
[212.628s][info][gc,metaspace   ] GC(670) Metaspace: 11822K(12096K)->11822K(12096K) NonClass: 10279K(10432K)->10279K(10432K) Class: 1542K(1664K)->1542K(1664K)
[212.628s][info][gc             ] GC(670) Pause Young (Allocation Failure) 1440M->84M(4092M) 0.538ms
[212.628s][info][gc,cpu         ] GC(670) User=0.00s Sys=0.00s Real=0.00s
[213.012s][info][gc,start       ] GC(671) Pause Young (Allocation Failure)
[213.013s][info][gc,heap        ] GC(671) PSYoungGen: 1391542K(1393664K)->1037K(1393664K) Eden: 1389568K(1389568K)->0K(1389568K) From: 1974K(4096K)->1037K(4096K)
[213.013s][info][gc,heap        ] GC(671) ParOldGen: 85007K(2796544K)->85023K(2796544K)
[213.013s][info][gc,metaspace   ] GC(671) Metaspace: 11822K(12096K)->11822K(12096K) NonClass: 10279K(10432K)->10279K(10432K) Class: 1542K(1664K)->1542K(1664K)
[213.013s][info][gc             ] GC(671) Pause Young (Allocation Failure) 1441M->84M(4092M) 0.537ms
[213.013s][info][gc,cpu         ] GC(671) User=0.00s Sys=0.00s Real=0.00s
[213.393s][info][gc,start       ] GC(672) Pause Young (Allocation Failure)
[213.393s][info][gc,heap        ] GC(672) PSYoungGen: 1390605K(1393664K)->192K(1393664K) Eden: 1389568K(1389568K)->0K(1389568K) From: 1037K(4096K)->192K(4096K)
[213.393s][info][gc,heap        ] GC(672) ParOldGen: 85023K(2796544K)->85047K(2796544K)
[213.393s][info][gc,metaspace   ] GC(672) Metaspace: 11822K(12096K)->11822K(12096K) NonClass: 10279K(10432K)->10279K(10432K) Class: 1542K(1664K)->1542K(1664K)
[213.393s][info][gc             ] GC(672) Pause Young (Allocation Failure) 1441M->83M(4092M) 0.307ms
[213.393s][info][gc,cpu         ] GC(672) User=0.09s Sys=0.00s Real=0.00s
[213.776s][info][gc,start       ] GC(673) Pause Young (Allocation Failure)
[213.776s][info][gc,heap        ] GC(673) PSYoungGen: 1389758K(1393664K)->2410K(1393664K) Eden: 1389566K(1389568K)->0K(1389568K) From: 192K(4096K)->2410K(4096K)
[213.777s][info][gc,heap        ] GC(673) ParOldGen: 85047K(2796544K)->85047K(2796544K)
[213.777s][info][gc,metaspace   ] GC(673) Metaspace: 11822K(12096K)->11822K(12096K) NonClass: 10279K(10432K)->10279K(10432K) Class: 1542K(1664K)->1542K(1664K)
[213.777s][info][gc             ] GC(673) Pause Young (Allocation Failure) 1440M->85M(4092M) 0.649ms
[213.777s][info][gc,cpu         ] GC(673) User=0.00s Sys=0.00s Real=0.00s
[214.153s][info][gc,start       ] GC(674) Pause Young (Allocation Failure)
[214.154s][info][gc,heap        ] GC(674) PSYoungGen: 1391978K(1393664K)->1288K(1393664K) Eden: 1389568K(1389568K)->0K(1389568K) From: 2410K(4096K)->1288K(4096K)
[214.154s][info][gc,heap        ] GC(674) ParOldGen: 85047K(2796544K)->85063K(2796544K)
[214.154s][info][gc,metaspace   ] GC(674) Metaspace: 11822K(12096K)->11822K(12096K) NonClass: 10279K(10432K)->10279K(10432K) Class: 1542K(1664K)->1542K(1664K)
[214.154s][info][gc             ] GC(674) Pause Young (Allocation Failure) 1442M->84M(4092M) 0.447ms
[214.154s][info][gc,cpu         ] GC(674) User=0.00s Sys=0.00s Real=0.00s
[214.536s][info][gc,start       ] GC(675) Pause Young (Allocation Failure)
[214.536s][info][gc,heap        ] GC(675) PSYoungGen: 1390856K(1393664K)->192K(1393664K) Eden: 1389568K(1389568K)->0K(1389568K) From: 1288K(4096K)->192K(4096K)
[214.536s][info][gc,heap        ] GC(675) ParOldGen: 85063K(2796544K)->85063K(2796544K)
[214.536s][info][gc,metaspace   ] GC(675) Metaspace: 11822K(12096K)->11822K(12096K) NonClass: 10279K(10432K)->10279K(10432K) Class: 1542K(1664K)->1542K(1664K)
[214.536s][info][gc             ] GC(675) Pause Young (Allocation Failure) 1441M->83M(4092M) 0.316ms
[214.536s][info][gc,cpu         ] GC(675) User=0.00s Sys=0.00s Real=0.00s
[214.917s][info][gc,start       ] GC(676) Pause Young (Allocation Failure)
[214.917s][info][gc,heap        ] GC(676) PSYoungGen: 1389760K(1393664K)->1855K(1393664K) Eden: 1389568K(1389568K)->0K(1389568K) From: 192K(4096K)->1855K(4096K)
[214.918s][info][gc,heap        ] GC(676) ParOldGen: 85063K(2796544K)->85071K(2796544K)
[214.918s][info][gc,metaspace   ] GC(676) Metaspace: 11822K(12096K)->11822K(12096K) NonClass: 10279K(10432K)->10279K(10432K) Class: 1542K(1664K)->1542K(1664K)
[214.918s][info][gc             ] GC(676) Pause Young (Allocation Failure) 1440M->84M(4092M) 0.647ms
[214.918s][info][gc,cpu         ] GC(676) User=0.00s Sys=0.00s Real=0.00s
[215.007s][info][gc,start       ] GC(677) Pause Young (System.gc())
[215.007s][info][gc,heap        ] GC(677) PSYoungGen: 326631K(1393664K)->192K(1393664K) Eden: 324776K(1389568K)->0K(1389568K) From: 1855K(4096K)->192K(4096K)
[215.007s][info][gc,heap        ] GC(677) ParOldGen: 85071K(2796544K)->85071K(2796544K)
[215.007s][info][gc,metaspace   ] GC(677) Metaspace: 11822K(12096K)->11822K(12096K) NonClass: 10279K(10432K)->10279K(10432K) Class: 1542K(1664K)->1542K(1664K)
[215.007s][info][gc             ] GC(677) Pause Young (System.gc()) 402M->83M(4092M) 0.286ms
[215.007s][info][gc,cpu         ] GC(677) User=0.00s Sys=0.00s Real=0.00s
[215.007s][info][gc,start       ] GC(678) Pause Full (System.gc())
[215.007s][info][gc,phases,start] GC(678) Marking Phase
[215.069s][info][gc,phases      ] GC(678) Marking Phase 61.359ms
[215.069s][info][gc,phases,start] GC(678) Summary Phase
[215.069s][info][gc,phases      ] GC(678) Summary Phase 0.010ms
[215.069s][info][gc,phases,start] GC(678) Adjust Roots
[215.070s][info][gc,phases      ] GC(678) Adjust Roots 1.605ms
[215.070s][info][gc,phases,start] GC(678) Compaction Phase
[215.086s][info][gc,phases      ] GC(678) Compaction Phase 15.792ms
[215.086s][info][gc,phases,start] GC(678) Post Compact
[215.087s][info][gc,phases      ] GC(678) Post Compact 0.861ms
[215.087s][info][gc,heap        ] GC(678) PSYoungGen: 192K(1393664K)->0K(1393664K) Eden: 0K(1389568K)->0K(1389568K) From: 192K(4096K)->0K(4096K)
[215.087s][info][gc,heap        ] GC(678) ParOldGen: 85071K(2796544K)->85007K(2796544K)
[215.087s][info][gc,metaspace   ] GC(678) Metaspace: 11822K(12096K)->11822K(12096K) NonClass: 10279K(10432K)->10279K(10432K) Class: 1542K(1664K)->1542K(1664K)
[215.087s][info][gc             ] GC(678) Pause Full (System.gc()) 83M->83M(4092M) 79.945ms
[215.087s][info][gc,cpu         ] GC(678) User=0.41s Sys=0.02s Real=0.08s
[215.465s][info][gc,start       ] GC(679) Pause Young (Allocation Failure)
[215.466s][info][gc,heap        ] GC(679) PSYoungGen: 1389568K(1393664K)->1653K(1394176K) Eden: 1389568K(1389568K)->0K(1390080K) From: 0K(4096K)->1653K(4096K)
[215.466s][info][gc,heap        ] GC(679) ParOldGen: 85007K(2796544K)->85007K(2796544K)
[215.466s][info][gc,metaspace   ] GC(679) Metaspace: 11823K(12096K)->11823K(12096K) NonClass: 10280K(10432K)->10280K(10432K) Class: 1542K(1664K)->1542K(1664K)
[215.466s][info][gc             ] GC(679) Pause Young (Allocation Failure) 1440M->84M(4092M) 0.700ms
[215.466s][info][gc,cpu         ] GC(679) User=0.00s Sys=0.00s Real=0.00s
[215.852s][info][gc,start       ] GC(680) Pause Young (Allocation Failure)
[215.852s][info][gc,heap        ] GC(680) PSYoungGen: 1391733K(1394176K)->979K(1393664K) Eden: 1390080K(1390080K)->0K(1390080K) From: 1653K(4096K)->979K(3584K)
[215.852s][info][gc,heap        ] GC(680) ParOldGen: 85007K(2796544K)->85015K(2796544K)
[215.852s][info][gc,metaspace   ] GC(680) Metaspace: 11823K(12096K)->11823K(12096K) NonClass: 10280K(10432K)->10280K(10432K) Class: 1542K(1664K)->1542K(1664K)
[215.852s][info][gc             ] GC(680) Pause Young (Allocation Failure) 1442M->83M(4092M) 0.449ms
[215.852s][info][gc,cpu         ] GC(680) User=0.00s Sys=0.00s Real=0.00s
[216.226s][info][gc,start       ] GC(681) Pause Young (Allocation Failure)
[216.227s][info][gc,heap        ] GC(681) PSYoungGen: 1391056K(1393664K)->2487K(1393152K) Eden: 1390076K(1390080K)->0K(1389568K) From: 979K(3584K)->2487K(3584K)
[216.227s][info][gc,heap        ] GC(681) ParOldGen: 85015K(2796544K)->85039K(2796544K)
[216.227s][info][gc,metaspace   ] GC(681) Metaspace: 11823K(12096K)->11823K(12096K) NonClass: 10280K(10432K)->10280K(10432K) Class: 1542K(1664K)->1542K(1664K)
[216.227s][info][gc             ] GC(681) Pause Young (Allocation Failure) 1441M->85M(4091M) 0.704ms
[216.227s][info][gc,cpu         ] GC(681) User=0.00s Sys=0.00s Real=0.00s
[216.608s][info][gc,start       ] GC(682) Pause Young (Allocation Failure)
[216.608s][info][gc,heap        ] GC(682) PSYoungGen: 1392055K(1393152K)->1667K(1393664K) Eden: 1389568K(1389568K)->0K(1389568K) From: 2487K(3584K)->1667K(4096K)
[216.608s][info][gc,heap        ] GC(682) ParOldGen: 85039K(2796544K)->85039K(2796544K)
[216.608s][info][gc,metaspace   ] GC(682) Metaspace: 11823K(12096K)->11823K(12096K) NonClass: 10280K(10432K)->10280K(10432K) Class: 1542K(1664K)->1542K(1664K)
[216.608s][info][gc             ] GC(682) Pause Young (Allocation Failure) 1442M->84M(4092M) 0.548ms
[216.608s][info][gc,cpu         ] GC(682) User=0.00s Sys=0.00s Real=0.00s
[216.992s][info][gc,start       ] GC(683) Pause Young (Allocation Failure)
[216.992s][info][gc,heap        ] GC(683) PSYoungGen: 1391235K(1393664K)->512K(1394176K) Eden: 1389568K(1389568K)->0K(1390592K) From: 1667K(4096K)->512K(3584K)
[216.992s][info][gc,heap        ] GC(683) ParOldGen: 85039K(2796544K)->85063K(2796544K)
[216.992s][info][gc,metaspace   ] GC(683) Metaspace: 11823K(12096K)->11823K(12096K) NonClass: 10280K(10432K)->10280K(10432K) Class: 1542K(1664K)->1542K(1664K)
[216.992s][info][gc             ] GC(683) Pause Young (Allocation Failure) 1441M->83M(4092M) 0.390ms
[216.992s][info][gc,cpu         ] GC(683) User=0.00s Sys=0.00s Real=0.00s
[217.369s][info][gc,start       ] GC(684) Pause Young (Allocation Failure)
[217.369s][info][gc,heap        ] GC(684) PSYoungGen: 1391104K(1394176K)->2209K(1394176K) Eden: 1390592K(1390592K)->0K(1390592K) From: 512K(3584K)->2209K(3584K)
[217.369s][info][gc,heap        ] GC(684) ParOldGen: 85063K(2796544K)->85063K(2796544K)
[217.369s][info][gc,metaspace   ] GC(684) Metaspace: 11823K(12096K)->11823K(12096K) NonClass: 10280K(10432K)->10280K(10432K) Class: 1542K(1664K)->1542K(1664K)
[217.369s][info][gc             ] GC(684) Pause Young (Allocation Failure) 1441M->85M(4092M) 0.695ms
[217.369s][info][gc,cpu         ] GC(684) User=0.00s Sys=0.00s Real=0.00s
[217.754s][info][gc,start       ] GC(685) Pause Young (Allocation Failure)
[217.755s][info][gc,heap        ] GC(685) PSYoungGen: 1392801K(1394176K)->1291K(1394176K) Eden: 1390592K(1390592K)->0K(1390592K) From: 2209K(3584K)->1291K(3584K)
[217.755s][info][gc,heap        ] GC(685) ParOldGen: 85063K(2796544K)->85071K(2796544K)
[217.755s][info][gc,metaspace   ] GC(685) Metaspace: 11823K(12096K)->11823K(12096K) NonClass: 10280K(10432K)->10280K(10432K) Class: 1542K(1664K)->1542K(1664K)
[217.755s][info][gc             ] GC(685) Pause Young (Allocation Failure) 1443M->84M(4092M) 0.511ms
[217.755s][info][gc,cpu         ] GC(685) User=0.00s Sys=0.00s Real=0.00s
[217.846s][info][gc,start       ] GC(686) Pause Young (System.gc())
[217.847s][info][gc,heap        ] GC(686) PSYoungGen: 346735K(1394176K)->192K(1394176K) Eden: 345443K(1390592K)->0K(1390592K) From: 1291K(3584K)->192K(3584K)
[217.847s][info][gc,heap        ] GC(686) ParOldGen: 85071K(2796544K)->85071K(2796544K)
[217.847s][info][gc,metaspace   ] GC(686) Metaspace: 11823K(12096K)->11823K(12096K) NonClass: 10280K(10432K)->10280K(10432K) Class: 1542K(1664K)->1542K(1664K)
[217.847s][info][gc             ] GC(686) Pause Young (System.gc()) 421M->83M(4092M) 0.280ms
[217.847s][info][gc,cpu         ] GC(686) User=0.00s Sys=0.00s Real=0.00s
[217.847s][info][gc,start       ] GC(687) Pause Full (System.gc())
[217.847s][info][gc,phases,start] GC(687) Marking Phase
[217.909s][info][gc,phases      ] GC(687) Marking Phase 62.016ms
[217.909s][info][gc,phases,start] GC(687) Summary Phase
[217.909s][info][gc,phases      ] GC(687) Summary Phase 0.009ms
[217.909s][info][gc,phases,start] GC(687) Adjust Roots
[217.910s][info][gc,phases      ] GC(687) Adjust Roots 1.194ms
[217.910s][info][gc,phases,start] GC(687) Compaction Phase
[217.926s][info][gc,phases      ] GC(687) Compaction Phase 15.880ms
[217.926s][info][gc,phases,start] GC(687) Post Compact
[217.927s][info][gc,phases      ] GC(687) Post Compact 0.805ms
[217.927s][info][gc,heap        ] GC(687) PSYoungGen: 192K(1394176K)->0K(1394176K) Eden: 0K(1390592K)->0K(1390592K) From: 192K(3584K)->0K(3584K)
[217.927s][info][gc,heap        ] GC(687) ParOldGen: 85071K(2796544K)->85007K(2796544K)
[217.927s][info][gc,metaspace   ] GC(687) Metaspace: 11823K(12096K)->11823K(12096K) NonClass: 10280K(10432K)->10280K(10432K) Class: 1542K(1664K)->1542K(1664K)
[217.927s][info][gc             ] GC(687) Pause Full (System.gc()) 83M->83M(4092M) 80.154ms
[217.927s][info][gc,cpu         ] GC(687) User=0.31s Sys=0.00s Real=0.08s
[218.306s][info][gc,start       ] GC(688) Pause Young (Allocation Failure)
[218.307s][info][gc,heap        ] GC(688) PSYoungGen: 1390592K(1394176K)->1933K(1394176K) Eden: 1390592K(1390592K)->0K(1390592K) From: 0K(3584K)->1933K(3584K)
[218.307s][info][gc,heap        ] GC(688) ParOldGen: 85007K(2796544K)->85007K(2796544K)
[218.307s][info][gc,metaspace   ] GC(688) Metaspace: 11823K(12096K)->11823K(12096K) NonClass: 10280K(10432K)->10280K(10432K) Class: 1542K(1664K)->1542K(1664K)
[218.307s][info][gc             ] GC(688) Pause Young (Allocation Failure) 1441M->84M(4092M) 0.646ms
[218.307s][info][gc,cpu         ] GC(688) User=0.00s Sys=0.00s Real=0.00s
[218.691s][info][gc,start       ] GC(689) Pause Young (Allocation Failure)
[218.691s][info][gc,heap        ] GC(689) PSYoungGen: 1392525K(1394176K)->1002K(1394176K) Eden: 1390592K(1390592K)->0K(1390592K) From: 1933K(3584K)->1002K(3584K)
[218.691s][info][gc,heap        ] GC(689) ParOldGen: 85007K(2796544K)->85015K(2796544K)
[218.691s][info][gc,metaspace   ] GC(689) Metaspace: 11823K(12096K)->11823K(12096K) NonClass: 10280K(10432K)->10280K(10432K) Class: 1542K(1664K)->1542K(1664K)
[218.691s][info][gc             ] GC(689) Pause Young (Allocation Failure) 1442M->84M(4092M) 0.581ms
[218.691s][info][gc,cpu         ] GC(689) User=0.00s Sys=0.00s Real=0.00s
[219.071s][info][gc,start       ] GC(690) Pause Young (Allocation Failure)
[219.071s][info][gc,heap        ] GC(690) PSYoungGen: 1391594K(1394176K)->192K(1394176K) Eden: 1390592K(1390592K)->0K(1390592K) From: 1002K(3584K)->192K(3584K)
[219.071s][info][gc,heap        ] GC(690) ParOldGen: 85015K(2796544K)->85031K(2796544K)
[219.071s][info][gc,metaspace   ] GC(690) Metaspace: 11823K(12096K)->11823K(12096K) NonClass: 10280K(10432K)->10280K(10432K) Class: 1542K(1664K)->1542K(1664K)
[219.071s][info][gc             ] GC(690) Pause Young (Allocation Failure) 1442M->83M(4092M) 0.342ms
[219.071s][info][gc,cpu         ] GC(690) User=0.00s Sys=0.00s Real=0.00s
[219.449s][info][gc,start       ] GC(691) Pause Young (Allocation Failure)
[219.450s][info][gc,heap        ] GC(691) PSYoungGen: 1390784K(1394176K)->2525K(1394176K) Eden: 1390592K(1390592K)->0K(1390592K) From: 192K(3584K)->2525K(3584K)
[219.450s][info][gc,heap        ] GC(691) ParOldGen: 85031K(2796544K)->85031K(2796544K)
[219.450s][info][gc,metaspace   ] GC(691) Metaspace: 11823K(12096K)->11823K(12096K) NonClass: 10280K(10432K)->10280K(10432K) Class: 1542K(1664K)->1542K(1664K)
[219.450s][info][gc             ] GC(691) Pause Young (Allocation Failure) 1441M->85M(4092M) 0.788ms
[219.450s][info][gc,cpu         ] GC(691) User=0.00s Sys=0.00s Real=0.00s
[219.836s][info][gc,start       ] GC(692) Pause Young (Allocation Failure)
[219.837s][info][gc,heap        ] GC(692) PSYoungGen: 1393117K(1394176K)->1309K(1394176K) Eden: 1390592K(1390592K)->0K(1390592K) From: 2525K(3584K)->1309K(3584K)
[219.837s][info][gc,heap        ] GC(692) ParOldGen: 85031K(2796544K)->85039K(2796544K)
[219.837s][info][gc,metaspace   ] GC(692) Metaspace: 11823K(12096K)->11823K(12096K) NonClass: 10280K(10432K)->10280K(10432K) Class: 1542K(1664K)->1542K(1664K)
[219.837s][info][gc             ] GC(692) Pause Young (Allocation Failure) 1443M->84M(4092M) 0.754ms
[219.837s][info][gc,cpu         ] GC(692) User=0.00s Sys=0.00s Real=0.00s
[220.215s][info][gc,start       ] GC(693) Pause Young (Allocation Failure)
[220.215s][info][gc,heap        ] GC(693) PSYoungGen: 1391901K(1394176K)->722K(1394176K) Eden: 1390592K(1390592K)->0K(1390592K) From: 1309K(3584K)->722K(3584K)
[220.215s][info][gc,heap        ] GC(693) ParOldGen: 85039K(2796544K)->85039K(2796544K)
[220.215s][info][gc,metaspace   ] GC(693) Metaspace: 11823K(12096K)->11823K(12096K) NonClass: 10280K(10432K)->10280K(10432K) Class: 1542K(1664K)->1542K(1664K)
[220.215s][info][gc             ] GC(693) Pause Young (Allocation Failure) 1442M->83M(4092M) 0.398ms
[220.215s][info][gc,cpu         ] GC(693) User=0.00s Sys=0.00s Real=0.00s
[220.591s][info][gc,start       ] GC(694) Pause Young (Allocation Failure)
[220.592s][info][gc,heap        ] GC(694) PSYoungGen: 1391314K(1394176K)->2487K(1394176K) Eden: 1390592K(1390592K)->0K(1390592K) From: 722K(3584K)->2487K(3584K)
[220.592s][info][gc,heap        ] GC(694) ParOldGen: 85039K(2796544K)->85071K(2796544K)
[220.592s][info][gc,metaspace   ] GC(694) Metaspace: 11823K(12096K)->11823K(12096K) NonClass: 10280K(10432K)->10280K(10432K) Class: 1542K(1664K)->1542K(1664K)
[220.592s][info][gc             ] GC(694) Pause Young (Allocation Failure) 1441M->85M(4092M) 0.787ms
[220.592s][info][gc,cpu         ] GC(694) User=0.00s Sys=0.00s Real=0.00s
[220.684s][info][gc,start       ] GC(695) Pause Young (System.gc())
[220.684s][info][gc,heap        ] GC(695) PSYoungGen: 325417K(1394176K)->192K(1394176K) Eden: 322929K(1390592K)->0K(1390592K) From: 2487K(3584K)->192K(3584K)
[220.684s][info][gc,heap        ] GC(695) ParOldGen: 85071K(2796544K)->85071K(2796544K)
[220.684s][info][gc,metaspace   ] GC(695) Metaspace: 11823K(12096K)->11823K(12096K) NonClass: 10280K(10432K)->10280K(10432K) Class: 1542K(1664K)->1542K(1664K)
[220.684s][info][gc             ] GC(695) Pause Young (System.gc()) 400M->83M(4092M) 0.324ms
[220.684s][info][gc,cpu         ] GC(695) User=0.00s Sys=0.00s Real=0.00s
[220.684s][info][gc,start       ] GC(696) Pause Full (System.gc())
[220.684s][info][gc,phases,start] GC(696) Marking Phase
[220.749s][info][gc,phases      ] GC(696) Marking Phase 64.403ms
[220.749s][info][gc,phases,start] GC(696) Summary Phase
[220.749s][info][gc,phases      ] GC(696) Summary Phase 0.011ms
[220.749s][info][gc,phases,start] GC(696) Adjust Roots
[220.750s][info][gc,phases      ] GC(696) Adjust Roots 1.155ms
[220.750s][info][gc,phases,start] GC(696) Compaction Phase
[220.766s][info][gc,phases      ] GC(696) Compaction Phase 15.971ms
[220.766s][info][gc,phases,start] GC(696) Post Compact
[220.767s][info][gc,phases      ] GC(696) Post Compact 0.767ms
[220.767s][info][gc,heap        ] GC(696) PSYoungGen: 192K(1394176K)->0K(1394176K) Eden: 0K(1390592K)->0K(1390592K) From: 192K(3584K)->0K(3584K)
[220.767s][info][gc,heap        ] GC(696) ParOldGen: 85071K(2796544K)->85007K(2796544K)
[220.767s][info][gc,metaspace   ] GC(696) Metaspace: 11823K(12096K)->11823K(12096K) NonClass: 10280K(10432K)->10280K(10432K) Class: 1542K(1664K)->1542K(1664K)
[220.767s][info][gc             ] GC(696) Pause Full (System.gc()) 83M->83M(4092M) 82.564ms
[220.767s][info][gc,cpu         ] GC(696) User=0.47s Sys=0.00s Real=0.08s
[221.145s][info][gc,start       ] GC(697) Pause Young (Allocation Failure)
[221.146s][info][gc,heap        ] GC(697) PSYoungGen: 1390592K(1394176K)->2482K(1393152K) Eden: 1390592K(1390592K)->0K(1389568K) From: 0K(3584K)->2482K(3584K)
[221.146s][info][gc,heap        ] GC(697) ParOldGen: 85007K(2796544K)->85007K(2796544K)
[221.146s][info][gc,metaspace   ] GC(697) Metaspace: 11825K(12096K)->11825K(12096K) NonClass: 10283K(10432K)->10283K(10432K) Class: 1542K(1664K)->1542K(1664K)
[221.146s][info][gc             ] GC(697) Pause Young (Allocation Failure) 1441M->85M(4091M) 0.724ms
[221.146s][info][gc,cpu         ] GC(697) User=0.00s Sys=0.00s Real=0.00s
[221.527s][info][gc,start       ] GC(698) Pause Young (Allocation Failure)
[221.527s][info][gc,heap        ] GC(698) PSYoungGen: 1392050K(1393152K)->1832K(1393664K) Eden: 1389568K(1389568K)->0K(1389568K) From: 2482K(3584K)->1832K(4096K)
[221.528s][info][gc,heap        ] GC(698) ParOldGen: 85007K(2796544K)->85015K(2796544K)
[221.528s][info][gc,metaspace   ] GC(698) Metaspace: 11825K(12096K)->11825K(12096K) NonClass: 10283K(10432K)->10283K(10432K) Class: 1542K(1664K)->1542K(1664K)
[221.528s][info][gc             ] GC(698) Pause Young (Allocation Failure) 1442M->84M(4092M) 0.569ms
[221.528s][info][gc,cpu         ] GC(698) User=0.00s Sys=0.00s Real=0.00s
[221.911s][info][gc,start       ] GC(699) Pause Young (Allocation Failure)
[221.912s][info][gc,heap        ] GC(699) PSYoungGen: 1391400K(1393664K)->594K(1394176K) Eden: 1389568K(1389568K)->0K(1390080K) From: 1832K(4096K)->594K(4096K)
[221.912s][info][gc,heap        ] GC(699) ParOldGen: 85015K(2796544K)->85039K(2796544K)
[221.912s][info][gc,metaspace   ] GC(699) Metaspace: 11825K(12096K)->11825K(12096K) NonClass: 10283K(10432K)->10283K(10432K) Class: 1542K(1664K)->1542K(1664K)
[221.912s][info][gc             ] GC(699) Pause Young (Allocation Failure) 1441M->83M(4092M) 0.427ms
[221.912s][info][gc,cpu         ] GC(699) User=0.00s Sys=0.00s Real=0.00s
[222.286s][info][gc,start       ] GC(700) Pause Young (Allocation Failure)
[222.287s][info][gc,heap        ] GC(700) PSYoungGen: 1390674K(1394176K)->2803K(1393664K) Eden: 1390080K(1390080K)->0K(1390080K) From: 594K(4096K)->2803K(3584K)
[222.287s][info][gc,heap        ] GC(700) ParOldGen: 85039K(2796544K)->85039K(2796544K)
[222.287s][info][gc,metaspace   ] GC(700) Metaspace: 11825K(12096K)->11825K(12096K) NonClass: 10283K(10432K)->10283K(10432K) Class: 1542K(1664K)->1542K(1664K)
[222.287s][info][gc             ] GC(700) Pause Young (Allocation Failure) 1441M->85M(4092M) 0.764ms
[222.287s][info][gc,cpu         ] GC(700) User=0.00s Sys=0.00s Real=0.00s
[222.669s][info][gc,start       ] GC(701) Pause Young (Allocation Failure)
[222.670s][info][gc,heap        ] GC(701) PSYoungGen: 1392883K(1393664K)->1388K(1393664K) Eden: 1390080K(1390080K)->0K(1389568K) From: 2803K(3584K)->1388K(4096K)
[222.670s][info][gc,heap        ] GC(701) ParOldGen: 85039K(2796544K)->85063K(2796544K)
[222.670s][info][gc,metaspace   ] GC(701) Metaspace: 11825K(12096K)->11825K(12096K) NonClass: 10283K(10432K)->10283K(10432K) Class: 1542K(1664K)->1542K(1664K)
[222.670s][info][gc             ] GC(701) Pause Young (Allocation Failure) 1443M->84M(4092M) 0.705ms
[222.670s][info][gc,cpu         ] GC(701) User=0.00s Sys=0.00s Real=0.00s
[223.053s][info][gc,start       ] GC(702) Pause Young (Allocation Failure)
[223.053s][info][gc,heap        ] GC(702) PSYoungGen: 1390956K(1393664K)->489K(1393664K) Eden: 1389568K(1389568K)->0K(1389568K) From: 1388K(4096K)->489K(4096K)
[223.053s][info][gc,heap        ] GC(702) ParOldGen: 85063K(2796544K)->85063K(2796544K)
[223.053s][info][gc,metaspace   ] GC(702) Metaspace: 11825K(12096K)->11825K(12096K) NonClass: 10283K(10432K)->10283K(10432K) Class: 1542K(1664K)->1542K(1664K)
[223.053s][info][gc             ] GC(702) Pause Young (Allocation Failure) 1441M->83M(4092M) 0.412ms
[223.053s][info][gc,cpu         ] GC(702) User=0.00s Sys=0.00s Real=0.00s
[223.427s][info][gc,start       ] GC(703) Pause Young (Allocation Failure)
[223.428s][info][gc,heap        ] GC(703) PSYoungGen: 1390057K(1393664K)->2143K(1393664K) Eden: 1389568K(1389568K)->0K(1389568K) From: 489K(4096K)->2143K(4096K)
[223.428s][info][gc,heap        ] GC(703) ParOldGen: 85063K(2796544K)->85071K(2796544K)
[223.428s][info][gc,metaspace   ] GC(703) Metaspace: 11825K(12096K)->11825K(12096K) NonClass: 10283K(10432K)->10283K(10432K) Class: 1542K(1664K)->1542K(1664K)
[223.428s][info][gc             ] GC(703) Pause Young (Allocation Failure) 1440M->85M(4092M) 0.586ms
[223.428s][info][gc,cpu         ] GC(703) User=0.00s Sys=0.00s Real=0.00s
[223.518s][info][gc,start       ] GC(704) Pause Young (System.gc())
[223.518s][info][gc,heap        ] GC(704) PSYoungGen: 322768K(1393664K)->160K(1393664K) Eden: 320625K(1389568K)->0K(1389568K) From: 2143K(4096K)->160K(4096K)
[223.518s][info][gc,heap        ] GC(704) ParOldGen: 85071K(2796544K)->85071K(2796544K)
[223.518s][info][gc,metaspace   ] GC(704) Metaspace: 11825K(12096K)->11825K(12096K) NonClass: 10283K(10432K)->10283K(10432K) Class: 1542K(1664K)->1542K(1664K)
[223.518s][info][gc             ] GC(704) Pause Young (System.gc()) 398M->83M(4092M) 0.267ms
[223.518s][info][gc,cpu         ] GC(704) User=0.00s Sys=0.02s Real=0.00s
[223.518s][info][gc,start       ] GC(705) Pause Full (System.gc())
[223.518s][info][gc,phases,start] GC(705) Marking Phase
[223.564s][info][gc,phases      ] GC(705) Marking Phase 45.549ms
[223.564s][info][gc,phases,start] GC(705) Summary Phase
[223.564s][info][gc,phases      ] GC(705) Summary Phase 0.010ms
[223.564s][info][gc,phases,start] GC(705) Adjust Roots
[223.565s][info][gc,phases      ] GC(705) Adjust Roots 1.182ms
[223.565s][info][gc,phases,start] GC(705) Compaction Phase
[223.581s][info][gc,phases      ] GC(705) Compaction Phase 15.682ms
[223.581s][info][gc,phases,start] GC(705) Post Compact
[223.582s][info][gc,phases      ] GC(705) Post Compact 0.966ms
[223.582s][info][gc,heap        ] GC(705) PSYoungGen: 160K(1393664K)->0K(1393664K) Eden: 0K(1389568K)->0K(1389568K) From: 160K(4096K)->0K(4096K)
[223.582s][info][gc,heap        ] GC(705) ParOldGen: 85071K(2796544K)->85007K(2796544K)
[223.582s][info][gc,metaspace   ] GC(705) Metaspace: 11825K(12096K)->11825K(12096K) NonClass: 10283K(10432K)->10283K(10432K) Class: 1542K(1664K)->1542K(1664K)
[223.582s][info][gc             ] GC(705) Pause Full (System.gc()) 83M->83M(4092M) 63.720ms
[223.582s][info][gc,cpu         ] GC(705) User=0.22s Sys=0.00s Real=0.06s
[223.968s][info][gc,start       ] GC(706) Pause Young (Allocation Failure)
[223.968s][info][gc,heap        ] GC(706) PSYoungGen: 1389568K(1393664K)->2145K(1393664K) Eden: 1389568K(1389568K)->0K(1389568K) From: 0K(4096K)->2145K(4096K)
[223.968s][info][gc,heap        ] GC(706) ParOldGen: 85007K(2796544K)->85007K(2796544K)
[223.968s][info][gc,metaspace   ] GC(706) Metaspace: 11825K(12096K)->11825K(12096K) NonClass: 10283K(10432K)->10283K(10432K) Class: 1542K(1664K)->1542K(1664K)
[223.968s][info][gc             ] GC(706) Pause Young (Allocation Failure) 1440M->85M(4092M) 0.548ms
[223.968s][info][gc,cpu         ] GC(706) User=0.00s Sys=0.00s Real=0.00s
[224.348s][info][gc,start       ] GC(707) Pause Young (Allocation Failure)
[224.348s][info][gc,heap        ] GC(707) PSYoungGen: 1391713K(1393664K)->1323K(1393664K) Eden: 1389568K(1389568K)->0K(1389568K) From: 2145K(4096K)->1323K(4096K)
[224.348s][info][gc,heap        ] GC(707) ParOldGen: 85007K(2796544K)->85015K(2796544K)
[224.348s][info][gc,metaspace   ] GC(707) Metaspace: 11825K(12096K)->11825K(12096K) NonClass: 10283K(10432K)->10283K(10432K) Class: 1542K(1664K)->1542K(1664K)
[224.348s][info][gc             ] GC(707) Pause Young (Allocation Failure) 1442M->84M(4092M) 0.509ms
[224.348s][info][gc,cpu         ] GC(707) User=0.00s Sys=0.00s Real=0.00s
[224.734s][info][gc,start       ] GC(708) Pause Young (Allocation Failure)
[224.734s][info][gc,heap        ] GC(708) PSYoungGen: 1390891K(1393664K)->464K(1394176K) Eden: 1389568K(1389568K)->0K(1390592K) From: 1323K(4096K)->464K(3584K)
[224.734s][info][gc,heap        ] GC(708) ParOldGen: 85015K(2796544K)->85047K(2796544K)
[224.734s][info][gc,metaspace   ] GC(708) Metaspace: 11825K(12096K)->11825K(12096K) NonClass: 10283K(10432K)->10283K(10432K) Class: 1542K(1664K)->1542K(1664K)
[224.734s][info][gc             ] GC(708) Pause Young (Allocation Failure) 1441M->83M(4092M) 0.564ms
[224.734s][info][gc,cpu         ] GC(708) User=0.00s Sys=0.00s Real=0.00s
[225.110s][info][gc,start       ] GC(709) Pause Young (Allocation Failure)
[225.111s][info][gc,heap        ] GC(709) PSYoungGen: 1391056K(1394176K)->2525K(1393152K) Eden: 1390592K(1390592K)->0K(1390592K) From: 464K(3584K)->2525K(2560K)
[225.111s][info][gc,heap        ] GC(709) ParOldGen: 85047K(2796544K)->85047K(2796544K)
[225.111s][info][gc,metaspace   ] GC(709) Metaspace: 11825K(12096K)->11825K(12096K) NonClass: 10283K(10432K)->10283K(10432K) Class: 1542K(1664K)->1542K(1664K)
[225.111s][info][gc             ] GC(709) Pause Young (Allocation Failure) 1441M->85M(4091M) 0.660ms
[225.111s][info][gc,cpu         ] GC(709) User=0.00s Sys=0.00s Real=0.00s
[225.489s][info][gc,start       ] GC(710) Pause Young (Allocation Failure)
[225.489s][info][gc,heap        ] GC(710) PSYoungGen: 1393117K(1393152K)->1246K(1394176K) Eden: 1390592K(1390592K)->0K(1390080K) From: 2525K(2560K)->1246K(4096K)
[225.489s][info][gc,heap        ] GC(710) ParOldGen: 85047K(2796544K)->85055K(2796544K)
[225.489s][info][gc,metaspace   ] GC(710) Metaspace: 11825K(12096K)->11825K(12096K) NonClass: 10283K(10432K)->10283K(10432K) Class: 1542K(1664K)->1542K(1664K)
[225.489s][info][gc             ] GC(710) Pause Young (Allocation Failure) 1443M->84M(4092M) 0.494ms
[225.489s][info][gc,cpu         ] GC(710) User=0.00s Sys=0.00s Real=0.00s
[225.870s][info][gc,start       ] GC(711) Pause Young (Allocation Failure)
[225.871s][info][gc,heap        ] GC(711) PSYoungGen: 1391326K(1394176K)->2829K(1393664K) Eden: 1390080K(1390080K)->0K(1390080K) From: 1246K(4096K)->2829K(3584K)
[225.871s][info][gc,heap        ] GC(711) ParOldGen: 85055K(2796544K)->85055K(2796544K)
[225.871s][info][gc,metaspace   ] GC(711) Metaspace: 11825K(12096K)->11825K(12096K) NonClass: 10283K(10432K)->10283K(10432K) Class: 1542K(1664K)->1542K(1664K)
[225.871s][info][gc             ] GC(711) Pause Young (Allocation Failure) 1441M->85M(4092M) 1.171ms
[225.871s][info][gc,cpu         ] GC(711) User=0.00s Sys=0.00s Real=0.00s
[226.250s][info][gc,start       ] GC(712) Pause Young (Allocation Failure)
[226.251s][info][gc,heap        ] GC(712) PSYoungGen: 1392909K(1393664K)->1650K(1393664K) Eden: 1390080K(1390080K)->0K(1389568K) From: 2829K(3584K)->1650K(4096K)
[226.251s][info][gc,heap        ] GC(712) ParOldGen: 85055K(2796544K)->85063K(2796544K)
[226.251s][info][gc,metaspace   ] GC(712) Metaspace: 11825K(12096K)->11825K(12096K) NonClass: 10283K(10432K)->10283K(10432K) Class: 1542K(1664K)->1542K(1664K)
[226.251s][info][gc             ] GC(712) Pause Young (Allocation Failure) 1443M->84M(4092M) 0.658ms
[226.251s][info][gc,cpu         ] GC(712) User=0.00s Sys=0.00s Real=0.00s
[226.342s][info][gc,start       ] GC(713) Pause Young (System.gc())
[226.342s][info][gc,heap        ] GC(713) PSYoungGen: 338699K(1393664K)->160K(1393664K) Eden: 337048K(1389568K)->0K(1389568K) From: 1650K(4096K)->160K(4096K)
[226.342s][info][gc,heap        ] GC(713) ParOldGen: 85063K(2796544K)->85063K(2796544K)
[226.342s][info][gc,metaspace   ] GC(713) Metaspace: 11825K(12096K)->11825K(12096K) NonClass: 10283K(10432K)->10283K(10432K) Class: 1542K(1664K)->1542K(1664K)
[226.342s][info][gc             ] GC(713) Pause Young (System.gc()) 413M->83M(4092M) 0.278ms
[226.342s][info][gc,cpu         ] GC(713) User=0.00s Sys=0.00s Real=0.00s
[226.342s][info][gc,start       ] GC(714) Pause Full (System.gc())
[226.342s][info][gc,phases,start] GC(714) Marking Phase
[226.403s][info][gc,phases      ] GC(714) Marking Phase 61.477ms
[226.403s][info][gc,phases,start] GC(714) Summary Phase
[226.403s][info][gc,phases      ] GC(714) Summary Phase 0.010ms
[226.403s][info][gc,phases,start] GC(714) Adjust Roots
[226.405s][info][gc,phases      ] GC(714) Adjust Roots 1.625ms
[226.405s][info][gc,phases,start] GC(714) Compaction Phase
[226.421s][info][gc,phases      ] GC(714) Compaction Phase 15.661ms
[226.421s][info][gc,phases,start] GC(714) Post Compact
[226.422s][info][gc,phases      ] GC(714) Post Compact 0.960ms
[226.422s][info][gc,heap        ] GC(714) PSYoungGen: 160K(1393664K)->0K(1393664K) Eden: 0K(1389568K)->0K(1389568K) From: 160K(4096K)->0K(4096K)
[226.422s][info][gc,heap        ] GC(714) ParOldGen: 85063K(2796544K)->85007K(2796544K)
[226.422s][info][gc,metaspace   ] GC(714) Metaspace: 11825K(12096K)->11825K(12096K) NonClass: 10283K(10432K)->10283K(10432K) Class: 1542K(1664K)->1542K(1664K)
[226.422s][info][gc             ] GC(714) Pause Full (System.gc()) 83M->83M(4092M) 80.048ms
[226.422s][info][gc,cpu         ] GC(714) User=0.47s Sys=0.00s Real=0.08s
[226.809s][info][gc,start       ] GC(715) Pause Young (Allocation Failure)
[226.809s][info][gc,heap        ] GC(715) PSYoungGen: 1389568K(1393664K)->2347K(1393664K) Eden: 1389568K(1389568K)->0K(1389568K) From: 0K(4096K)->2347K(4096K)
[226.809s][info][gc,heap        ] GC(715) ParOldGen: 85007K(2796544K)->85007K(2796544K)
[226.809s][info][gc,metaspace   ] GC(715) Metaspace: 11825K(12096K)->11825K(12096K) NonClass: 10283K(10432K)->10283K(10432K) Class: 1542K(1664K)->1542K(1664K)
[226.809s][info][gc             ] GC(715) Pause Young (Allocation Failure) 1440M->85M(4092M) 0.834ms
[226.809s][info][gc,cpu         ] GC(715) User=0.00s Sys=0.00s Real=0.00s
[227.187s][info][gc,start       ] GC(716) Pause Young (Allocation Failure)
[227.188s][info][gc,heap        ] GC(716) PSYoungGen: 1391915K(1393664K)->951K(1393664K) Eden: 1389568K(1389568K)->0K(1389568K) From: 2347K(4096K)->951K(4096K)
[227.188s][info][gc,heap        ] GC(716) ParOldGen: 85007K(2796544K)->85023K(2796544K)
[227.188s][info][gc,metaspace   ] GC(716) Metaspace: 11825K(12096K)->11825K(12096K) NonClass: 10283K(10432K)->10283K(10432K) Class: 1542K(1664K)->1542K(1664K)
[227.188s][info][gc             ] GC(716) Pause Young (Allocation Failure) 1442M->83M(4092M) 0.487ms
[227.188s][info][gc,cpu         ] GC(716) User=0.00s Sys=0.00s Real=0.00s
[227.563s][info][gc,start       ] GC(717) Pause Young (Allocation Failure)
[227.564s][info][gc,heap        ] GC(717) PSYoungGen: 1390333K(1393664K)->3283K(1392640K) Eden: 1389381K(1389568K)->0K(1388544K) From: 951K(4096K)->3283K(4096K)
[227.564s][info][gc,heap        ] GC(717) ParOldGen: 85023K(2796544K)->85047K(2796544K)
[227.564s][info][gc,metaspace   ] GC(717) Metaspace: 11825K(12096K)->11825K(12096K) NonClass: 10283K(10432K)->10283K(10432K) Class: 1542K(1664K)->1542K(1664K)
[227.564s][info][gc             ] GC(717) Pause Young (Allocation Failure) 1440M->86M(4091M) 1.087ms
[227.564s][info][gc,cpu         ] GC(717) User=0.00s Sys=0.00s Real=0.00s
[227.950s][info][gc,start       ] GC(718) Pause Young (Allocation Failure)
[227.950s][info][gc,heap        ] GC(718) PSYoungGen: 1391827K(1392640K)->1759K(1393152K) Eden: 1388544K(1388544K)->0K(1388544K) From: 3283K(4096K)->1759K(4608K)
[227.950s][info][gc,heap        ] GC(718) ParOldGen: 85047K(2796544K)->85047K(2796544K)
[227.950s][info][gc,metaspace   ] GC(718) Metaspace: 11825K(12096K)->11825K(12096K) NonClass: 10283K(10432K)->10283K(10432K) Class: 1542K(1664K)->1542K(1664K)
[227.950s][info][gc             ] GC(718) Pause Young (Allocation Failure) 1442M->84M(4091M) 0.539ms
[227.950s][info][gc,cpu         ] GC(718) User=0.00s Sys=0.00s Real=0.00s
[228.329s][info][gc,start       ] GC(719) Pause Young (Allocation Failure)
[228.329s][info][gc,heap        ] GC(719) PSYoungGen: 1390303K(1393152K)->544K(1393664K) Eden: 1388544K(1388544K)->0K(1389568K) From: 1759K(4608K)->544K(4096K)
[228.329s][info][gc,heap        ] GC(719) ParOldGen: 85047K(2796544K)->85063K(2796544K)
[228.329s][info][gc,metaspace   ] GC(719) Metaspace: 11825K(12096K)->11825K(12096K) NonClass: 10283K(10432K)->10283K(10432K) Class: 1542K(1664K)->1542K(1664K)
[228.329s][info][gc             ] GC(719) Pause Young (Allocation Failure) 1440M->83M(4092M) 0.395ms
[228.329s][info][gc,cpu         ] GC(719) User=0.00s Sys=0.00s Real=0.00s
[228.712s][info][gc,start       ] GC(720) Pause Young (Allocation Failure)
[228.713s][info][gc,heap        ] GC(720) PSYoungGen: 1390112K(1393664K)->2678K(1393664K) Eden: 1389568K(1389568K)->0K(1389568K) From: 544K(4096K)->2678K(4096K)
[228.713s][info][gc,heap        ] GC(720) ParOldGen: 85063K(2796544K)->85063K(2796544K)
[228.713s][info][gc,metaspace   ] GC(720) Metaspace: 11825K(12096K)->11825K(12096K) NonClass: 10283K(10432K)->10283K(10432K) Class: 1542K(1664K)->1542K(1664K)
[228.713s][info][gc             ] GC(720) Pause Young (Allocation Failure) 1440M->85M(4092M) 0.788ms
[228.713s][info][gc,cpu         ] GC(720) User=0.00s Sys=0.00s Real=0.00s
[229.093s][info][gc,start       ] GC(721) Pause Young (Allocation Failure)
[229.093s][info][gc,heap        ] GC(721) PSYoungGen: 1392246K(1393664K)->1524K(1393664K) Eden: 1389568K(1389568K)->0K(1389568K) From: 2678K(4096K)->1524K(4096K)
[229.093s][info][gc,heap        ] GC(721) ParOldGen: 85063K(2796544K)->85071K(2796544K)
[229.093s][info][gc,metaspace   ] GC(721) Metaspace: 11825K(12096K)->11825K(12096K) NonClass: 10283K(10432K)->10283K(10432K) Class: 1542K(1664K)->1542K(1664K)
[229.093s][info][gc             ] GC(721) Pause Young (Allocation Failure) 1442M->84M(4092M) 0.509ms
[229.093s][info][gc,cpu         ] GC(721) User=0.00s Sys=0.00s Real=0.00s
[229.184s][info][gc,start       ] GC(722) Pause Young (System.gc())
[229.185s][info][gc,heap        ] GC(722) PSYoungGen: 342786K(1393664K)->192K(1393664K) Eden: 341261K(1389568K)->0K(1389568K) From: 1524K(4096K)->192K(4096K)
[229.185s][info][gc,heap        ] GC(722) ParOldGen: 85071K(2796544K)->85071K(2796544K)
[229.185s][info][gc,metaspace   ] GC(722) Metaspace: 11825K(12096K)->11825K(12096K) NonClass: 10283K(10432K)->10283K(10432K) Class: 1542K(1664K)->1542K(1664K)
[229.185s][info][gc             ] GC(722) Pause Young (System.gc()) 417M->83M(4092M) 0.275ms
[229.185s][info][gc,cpu         ] GC(722) User=0.00s Sys=0.00s Real=0.00s
[229.185s][info][gc,start       ] GC(723) Pause Full (System.gc())
[229.185s][info][gc,phases,start] GC(723) Marking Phase
[229.249s][info][gc,phases      ] GC(723) Marking Phase 64.090ms
[229.249s][info][gc,phases,start] GC(723) Summary Phase
[229.249s][info][gc,phases      ] GC(723) Summary Phase 0.009ms
[229.249s][info][gc,phases,start] GC(723) Adjust Roots
[229.250s][info][gc,phases      ] GC(723) Adjust Roots 1.115ms
[229.250s][info][gc,phases,start] GC(723) Compaction Phase
[229.267s][info][gc,phases      ] GC(723) Compaction Phase 16.555ms
[229.267s][info][gc,phases,start] GC(723) Post Compact
[229.268s][info][gc,phases      ] GC(723) Post Compact 0.806ms
[229.268s][info][gc,heap        ] GC(723) PSYoungGen: 192K(1393664K)->0K(1393664K) Eden: 0K(1389568K)->0K(1389568K) From: 192K(4096K)->0K(4096K)
[229.268s][info][gc,heap        ] GC(723) ParOldGen: 85071K(2796544K)->85007K(2796544K)
[229.268s][info][gc,metaspace   ] GC(723) Metaspace: 11825K(12096K)->11825K(12096K) NonClass: 10283K(10432K)->10283K(10432K) Class: 1542K(1664K)->1542K(1664K)
[229.268s][info][gc             ] GC(723) Pause Full (System.gc()) 83M->83M(4092M) 82.875ms
[229.268s][info][gc,cpu         ] GC(723) User=0.45s Sys=0.00s Real=0.08s
[229.648s][info][gc,start       ] GC(724) Pause Young (Allocation Failure)
[229.649s][info][gc,heap        ] GC(724) PSYoungGen: 1389568K(1393664K)->2251K(1393664K) Eden: 1389568K(1389568K)->0K(1389568K) From: 0K(4096K)->2251K(4096K)
[229.649s][info][gc,heap        ] GC(724) ParOldGen: 85007K(2796544K)->85007K(2796544K)
[229.649s][info][gc,metaspace   ] GC(724) Metaspace: 11825K(12096K)->11825K(12096K) NonClass: 10283K(10432K)->10283K(10432K) Class: 1542K(1664K)->1542K(1664K)
[229.649s][info][gc             ] GC(724) Pause Young (Allocation Failure) 1440M->85M(4092M) 0.808ms
[229.649s][info][gc,cpu         ] GC(724) User=0.00s Sys=0.00s Real=0.00s
[230.035s][info][gc,start       ] GC(725) Pause Young (Allocation Failure)
[230.035s][info][gc,heap        ] GC(725) PSYoungGen: 1391819K(1393664K)->1528K(1393664K) Eden: 1389568K(1389568K)->0K(1389568K) From: 2251K(4096K)->1528K(4096K)
[230.035s][info][gc,heap        ] GC(725) ParOldGen: 85007K(2796544K)->85015K(2796544K)
[230.035s][info][gc,metaspace   ] GC(725) Metaspace: 11825K(12096K)->11825K(12096K) NonClass: 10283K(10432K)->10283K(10432K) Class: 1542K(1664K)->1542K(1664K)
[230.035s][info][gc             ] GC(725) Pause Young (Allocation Failure) 1442M->84M(4092M) 0.514ms
[230.035s][info][gc,cpu         ] GC(725) User=0.00s Sys=0.00s Real=0.00s
[230.413s][info][gc,start       ] GC(726) Pause Young (Allocation Failure)
[230.413s][info][gc,heap        ] GC(726) PSYoungGen: 1391096K(1393664K)->352K(1393664K) Eden: 1389568K(1389568K)->0K(1389568K) From: 1528K(4096K)->352K(4096K)
[230.413s][info][gc,heap        ] GC(726) ParOldGen: 85015K(2796544K)->85031K(2796544K)
[230.413s][info][gc,metaspace   ] GC(726) Metaspace: 11825K(12096K)->11825K(12096K) NonClass: 10283K(10432K)->10283K(10432K) Class: 1542K(1664K)->1542K(1664K)
[230.413s][info][gc             ] GC(726) Pause Young (Allocation Failure) 1441M->83M(4092M) 0.433ms
[230.413s][info][gc,cpu         ] GC(726) User=0.00s Sys=0.00s Real=0.00s
[230.804s][info][gc,start       ] GC(727) Pause Young (Allocation Failure)
[230.804s][info][gc,heap        ] GC(727) PSYoungGen: 1389920K(1393664K)->2255K(1393664K) Eden: 1389568K(1389568K)->0K(1389568K) From: 352K(4096K)->2255K(4096K)
[230.804s][info][gc,heap        ] GC(727) ParOldGen: 85031K(2796544K)->85031K(2796544K)
[230.804s][info][gc,metaspace   ] GC(727) Metaspace: 11825K(12096K)->11825K(12096K) NonClass: 10283K(10432K)->10283K(10432K) Class: 1542K(1664K)->1542K(1664K)
[230.804s][info][gc             ] GC(727) Pause Young (Allocation Failure) 1440M->85M(4092M) 0.668ms
[230.804s][info][gc,cpu         ] GC(727) User=0.00s Sys=0.00s Real=0.00s
[231.184s][info][gc,start       ] GC(728) Pause Young (Allocation Failure)
[231.185s][info][gc,heap        ] GC(728) PSYoungGen: 1391823K(1393664K)->1380K(1394176K) Eden: 1389568K(1389568K)->0K(1390080K) From: 2255K(4096K)->1380K(4096K)
[231.185s][info][gc,heap        ] GC(728) ParOldGen: 85031K(2796544K)->85039K(2796544K)
[231.185s][info][gc,metaspace   ] GC(728) Metaspace: 11825K(12096K)->11825K(12096K) NonClass: 10283K(10432K)->10283K(10432K) Class: 1542K(1664K)->1542K(1664K)
[231.185s][info][gc             ] GC(728) Pause Young (Allocation Failure) 1442M->84M(4092M) 0.570ms
[231.185s][info][gc,cpu         ] GC(728) User=0.00s Sys=0.00s Real=0.00s
[231.564s][info][gc,start       ] GC(729) Pause Young (Allocation Failure)
[231.565s][info][gc,heap        ] GC(729) PSYoungGen: 1391460K(1394176K)->288K(1393664K) Eden: 1390080K(1390080K)->0K(1390080K) From: 1380K(4096K)->288K(3584K)
[231.565s][info][gc,heap        ] GC(729) ParOldGen: 85039K(2796544K)->85039K(2796544K)
[231.565s][info][gc,metaspace   ] GC(729) Metaspace: 11825K(12096K)->11825K(12096K) NonClass: 10283K(10432K)->10283K(10432K) Class: 1542K(1664K)->1542K(1664K)
[231.565s][info][gc             ] GC(729) Pause Young (Allocation Failure) 1441M->83M(4092M) 0.339ms
[231.565s][info][gc,cpu         ] GC(729) User=0.00s Sys=0.00s Real=0.00s
[231.946s][info][gc,start       ] GC(730) Pause Young (Allocation Failure)
[231.947s][info][gc,heap        ] GC(730) PSYoungGen: 1390368K(1393664K)->2124K(1393152K) Eden: 1390080K(1390080K)->0K(1389568K) From: 288K(3584K)->2124K(3584K)
[231.947s][info][gc,heap        ] GC(730) ParOldGen: 85039K(2796544K)->85055K(2796544K)
[231.947s][info][gc,metaspace   ] GC(730) Metaspace: 11825K(12096K)->11825K(12096K) NonClass: 10283K(10432K)->10283K(10432K) Class: 1542K(1664K)->1542K(1664K)
[231.947s][info][gc             ] GC(730) Pause Young (Allocation Failure) 1440M->85M(4091M) 0.767ms
[231.947s][info][gc,cpu         ] GC(730) User=0.00s Sys=0.00s Real=0.00s
[232.037s][info][gc,start       ] GC(731) Pause Young (System.gc())
[232.037s][info][gc,heap        ] GC(731) PSYoungGen: 326213K(1393152K)->192K(1393664K) Eden: 324089K(1389568K)->0K(1389568K) From: 2124K(3584K)->192K(4096K)
[232.037s][info][gc,heap        ] GC(731) ParOldGen: 85055K(2796544K)->85055K(2796544K)
[232.037s][info][gc,metaspace   ] GC(731) Metaspace: 11825K(12096K)->11825K(12096K) NonClass: 10283K(10432K)->10283K(10432K) Class: 1542K(1664K)->1542K(1664K)
[232.037s][info][gc             ] GC(731) Pause Young (System.gc()) 401M->83M(4092M) 0.262ms
[232.037s][info][gc,cpu         ] GC(731) User=0.00s Sys=0.00s Real=0.00s
[232.037s][info][gc,start       ] GC(732) Pause Full (System.gc())
[232.037s][info][gc,phases,start] GC(732) Marking Phase
[232.103s][info][gc,phases      ] GC(732) Marking Phase 66.005ms
[232.103s][info][gc,phases,start] GC(732) Summary Phase
[232.103s][info][gc,phases      ] GC(732) Summary Phase 0.010ms
[232.103s][info][gc,phases,start] GC(732) Adjust Roots
[232.104s][info][gc,phases      ] GC(732) Adjust Roots 1.100ms
[232.104s][info][gc,phases,start] GC(732) Compaction Phase
[232.120s][info][gc,phases      ] GC(732) Compaction Phase 15.568ms
[232.120s][info][gc,phases,start] GC(732) Post Compact
[232.120s][info][gc,phases      ] GC(732) Post Compact 0.653ms
[232.120s][info][gc,heap        ] GC(732) PSYoungGen: 192K(1393664K)->0K(1393664K) Eden: 0K(1389568K)->0K(1389568K) From: 192K(4096K)->0K(4096K)
[232.120s][info][gc,heap        ] GC(732) ParOldGen: 85055K(2796544K)->85007K(2796544K)
[232.120s][info][gc,metaspace   ] GC(732) Metaspace: 11825K(12096K)->11825K(12096K) NonClass: 10283K(10432K)->10283K(10432K) Class: 1542K(1664K)->1542K(1664K)
[232.120s][info][gc             ] GC(732) Pause Full (System.gc()) 83M->83M(4092M) 83.588ms
[232.120s][info][gc,cpu         ] GC(732) User=0.47s Sys=0.00s Real=0.08s
[232.501s][info][gc,start       ] GC(733) Pause Young (Allocation Failure)
[232.501s][info][gc,heap        ] GC(733) PSYoungGen: 1389568K(1393664K)->2206K(1393664K) Eden: 1389568K(1389568K)->0K(1389568K) From: 0K(4096K)->2206K(4096K)
[232.501s][info][gc,heap        ] GC(733) ParOldGen: 85007K(2796544K)->85007K(2796544K)
[232.501s][info][gc,metaspace   ] GC(733) Metaspace: 11826K(12096K)->11826K(12096K) NonClass: 10284K(10432K)->10284K(10432K) Class: 1542K(1664K)->1542K(1664K)
[232.501s][info][gc             ] GC(733) Pause Young (Allocation Failure) 1440M->85M(4092M) 0.610ms
[232.501s][info][gc,cpu         ] GC(733) User=0.00s Sys=0.00s Real=0.00s
[232.886s][info][gc,start       ] GC(734) Pause Young (Allocation Failure)
[232.887s][info][gc,heap        ] GC(734) PSYoungGen: 1391774K(1393664K)->1120K(1393664K) Eden: 1389568K(1389568K)->0K(1389568K) From: 2206K(4096K)->1120K(4096K)
[232.887s][info][gc,heap        ] GC(734) ParOldGen: 85007K(2796544K)->85023K(2796544K)
[232.887s][info][gc,metaspace   ] GC(734) Metaspace: 11826K(12096K)->11826K(12096K) NonClass: 10284K(10432K)->10284K(10432K) Class: 1542K(1664K)->1542K(1664K)
[232.887s][info][gc             ] GC(734) Pause Young (Allocation Failure) 1442M->84M(4092M) 0.481ms
[232.887s][info][gc,cpu         ] GC(734) User=0.00s Sys=0.00s Real=0.00s
[233.267s][info][gc,start       ] GC(735) Pause Young (Allocation Failure)
[233.267s][info][gc,heap        ] GC(735) PSYoungGen: 1390688K(1393664K)->288K(1394176K) Eden: 1389568K(1389568K)->0K(1390592K) From: 1120K(4096K)->288K(3584K)
[233.267s][info][gc,heap        ] GC(735) ParOldGen: 85023K(2796544K)->85039K(2796544K)
[233.267s][info][gc,metaspace   ] GC(735) Metaspace: 11826K(12096K)->11826K(12096K) NonClass: 10284K(10432K)->10284K(10432K) Class: 1542K(1664K)->1542K(1664K)
[233.267s][info][gc             ] GC(735) Pause Young (Allocation Failure) 1441M->83M(4092M) 0.394ms
[233.267s][info][gc,cpu         ] GC(735) User=0.00s Sys=0.00s Real=0.00s
[233.644s][info][gc,start       ] GC(736) Pause Young (Allocation Failure)
[233.645s][info][gc,heap        ] GC(736) PSYoungGen: 1390511K(1394176K)->2780K(1393664K) Eden: 1390223K(1390592K)->0K(1390592K) From: 288K(3584K)->2780K(3072K)
[233.645s][info][gc,heap        ] GC(736) ParOldGen: 85039K(2796544K)->85039K(2796544K)
[233.645s][info][gc,metaspace   ] GC(736) Metaspace: 11826K(12096K)->11826K(12096K) NonClass: 10284K(10432K)->10284K(10432K) Class: 1542K(1664K)->1542K(1664K)
[233.645s][info][gc             ] GC(736) Pause Young (Allocation Failure) 1440M->85M(4092M) 0.783ms
[233.645s][info][gc,cpu         ] GC(736) User=0.00s Sys=0.00s Real=0.00s
[234.030s][info][gc,start       ] GC(737) Pause Young (Allocation Failure)
[234.031s][info][gc,heap        ] GC(737) PSYoungGen: 1393372K(1393664K)->1729K(1393664K) Eden: 1390592K(1390592K)->0K(1389568K) From: 2780K(3072K)->1729K(4096K)
[234.031s][info][gc,heap        ] GC(737) ParOldGen: 85039K(2796544K)->85055K(2796544K)
[234.031s][info][gc,metaspace   ] GC(737) Metaspace: 11826K(12096K)->11826K(12096K) NonClass: 10284K(10432K)->10284K(10432K) Class: 1542K(1664K)->1542K(1664K)
[234.031s][info][gc             ] GC(737) Pause Young (Allocation Failure) 1443M->84M(4092M) 0.660ms
[234.031s][info][gc,cpu         ] GC(737) User=0.00s Sys=0.00s Real=0.00s
[234.411s][info][gc,start       ] GC(738) Pause Young (Allocation Failure)
[234.411s][info][gc,heap        ] GC(738) PSYoungGen: 1391297K(1393664K)->824K(1393664K) Eden: 1389568K(1389568K)->0K(1389568K) From: 1729K(4096K)->824K(4096K)
[234.411s][info][gc,heap        ] GC(738) ParOldGen: 85055K(2796544K)->85055K(2796544K)
[234.411s][info][gc,metaspace   ] GC(738) Metaspace: 11826K(12096K)->11826K(12096K) NonClass: 10284K(10432K)->10284K(10432K) Class: 1542K(1664K)->1542K(1664K)
[234.411s][info][gc             ] GC(738) Pause Young (Allocation Failure) 1441M->83M(4092M) 0.427ms
[234.411s][info][gc,cpu         ] GC(738) User=0.00s Sys=0.00s Real=0.00s
[234.792s][info][gc,start       ] GC(739) Pause Young (Allocation Failure)
[234.792s][info][gc,heap        ] GC(739) PSYoungGen: 1390392K(1393664K)->2658K(1393664K) Eden: 1389568K(1389568K)->0K(1389568K) From: 824K(4096K)->2658K(4096K)
[234.792s][info][gc,heap        ] GC(739) ParOldGen: 85055K(2796544K)->85079K(2796544K)
[234.792s][info][gc,metaspace   ] GC(739) Metaspace: 11826K(12096K)->11826K(12096K) NonClass: 10284K(10432K)->10284K(10432K) Class: 1542K(1664K)->1542K(1664K)
[234.792s][info][gc             ] GC(739) Pause Young (Allocation Failure) 1440M->85M(4092M) 0.750ms
[234.792s][info][gc,cpu         ] GC(739) User=0.00s Sys=0.00s Real=0.00s
[234.881s][info][gc,start       ] GC(740) Pause Young (System.gc())
[234.881s][info][gc,heap        ] GC(740) PSYoungGen: 317842K(1393664K)->160K(1393664K) Eden: 315183K(1389568K)->0K(1389568K) From: 2658K(4096K)->160K(4096K)
[234.881s][info][gc,heap        ] GC(740) ParOldGen: 85079K(2796544K)->85079K(2796544K)
[234.881s][info][gc,metaspace   ] GC(740) Metaspace: 11826K(12096K)->11826K(12096K) NonClass: 10284K(10432K)->10284K(10432K) Class: 1542K(1664K)->1542K(1664K)
[234.881s][info][gc             ] GC(740) Pause Young (System.gc()) 393M->83M(4092M) 0.284ms
[234.881s][info][gc,cpu         ] GC(740) User=0.00s Sys=0.00s Real=0.00s
[234.881s][info][gc,start       ] GC(741) Pause Full (System.gc())
[234.881s][info][gc,phases,start] GC(741) Marking Phase
[234.943s][info][gc,phases      ] GC(741) Marking Phase 62.137ms
[234.943s][info][gc,phases,start] GC(741) Summary Phase
[234.943s][info][gc,phases      ] GC(741) Summary Phase 0.009ms
[234.943s][info][gc,phases,start] GC(741) Adjust Roots
[234.944s][info][gc,phases      ] GC(741) Adjust Roots 1.193ms
[234.944s][info][gc,phases,start] GC(741) Compaction Phase
[234.960s][info][gc,phases      ] GC(741) Compaction Phase 16.080ms
[234.960s][info][gc,phases,start] GC(741) Post Compact
[234.961s][info][gc,phases      ] GC(741) Post Compact 0.780ms
[234.961s][info][gc,heap        ] GC(741) PSYoungGen: 160K(1393664K)->0K(1393664K) Eden: 0K(1389568K)->0K(1389568K) From: 160K(4096K)->0K(4096K)
[234.961s][info][gc,heap        ] GC(741) ParOldGen: 85079K(2796544K)->85007K(2796544K)
[234.961s][info][gc,metaspace   ] GC(741) Metaspace: 11826K(12096K)->11826K(12096K) NonClass: 10284K(10432K)->10284K(10432K) Class: 1542K(1664K)->1542K(1664K)
[234.961s][info][gc             ] GC(741) Pause Full (System.gc()) 83M->83M(4092M) 80.534ms
[234.961s][info][gc,cpu         ] GC(741) User=0.41s Sys=0.00s Real=0.08s
[235.342s][info][gc,start       ] GC(742) Pause Young (Allocation Failure)
[235.342s][info][gc,heap        ] GC(742) PSYoungGen: 1389568K(1393664K)->1920K(1393664K) Eden: 1389568K(1389568K)->0K(1389568K) From: 0K(4096K)->1920K(4096K)
[235.343s][info][gc,heap        ] GC(742) ParOldGen: 85007K(2796544K)->85007K(2796544K)
[235.343s][info][gc,metaspace   ] GC(742) Metaspace: 11826K(12096K)->11826K(12096K) NonClass: 10284K(10432K)->10284K(10432K) Class: 1542K(1664K)->1542K(1664K)
[235.343s][info][gc             ] GC(742) Pause Young (Allocation Failure) 1440M->84M(4092M) 0.639ms
[235.343s][info][gc,cpu         ] GC(742) User=0.00s Sys=0.00s Real=0.00s
[235.727s][info][gc,start       ] GC(743) Pause Young (Allocation Failure)
[235.728s][info][gc,heap        ] GC(743) PSYoungGen: 1391488K(1393664K)->1220K(1393664K) Eden: 1389568K(1389568K)->0K(1389568K) From: 1920K(4096K)->1220K(4096K)
[235.728s][info][gc,heap        ] GC(743) ParOldGen: 85007K(2796544K)->85015K(2796544K)
[235.728s][info][gc,metaspace   ] GC(743) Metaspace: 11826K(12096K)->11826K(12096K) NonClass: 10284K(10432K)->10284K(10432K) Class: 1542K(1664K)->1542K(1664K)
[235.728s][info][gc             ] GC(743) Pause Young (Allocation Failure) 1441M->84M(4092M) 0.508ms
[235.728s][info][gc,cpu         ] GC(743) User=0.00s Sys=0.00s Real=0.00s
[236.107s][info][gc,start       ] GC(744) Pause Young (Allocation Failure)
[236.107s][info][gc,heap        ] GC(744) PSYoungGen: 1390788K(1393664K)->352K(1394176K) Eden: 1389568K(1389568K)->0K(1390080K) From: 1220K(4096K)->352K(4096K)
[236.107s][info][gc,heap        ] GC(744) ParOldGen: 85015K(2796544K)->85023K(2796544K)
[236.107s][info][gc,metaspace   ] GC(744) Metaspace: 11826K(12096K)->11826K(12096K) NonClass: 10284K(10432K)->10284K(10432K) Class: 1542K(1664K)->1542K(1664K)
[236.107s][info][gc             ] GC(744) Pause Young (Allocation Failure) 1441M->83M(4092M) 0.355ms
[236.107s][info][gc,cpu         ] GC(744) User=0.00s Sys=0.00s Real=0.00s
[236.485s][info][gc,start       ] GC(745) Pause Young (Allocation Failure)
[236.485s][info][gc,heap        ] GC(745) PSYoungGen: 1390432K(1394176K)->2683K(1393664K) Eden: 1390080K(1390080K)->0K(1390080K) From: 352K(4096K)->2683K(3584K)
[236.485s][info][gc,heap        ] GC(745) ParOldGen: 85023K(2796544K)->85023K(2796544K)
[236.485s][info][gc,metaspace   ] GC(745) Metaspace: 11826K(12096K)->11826K(12096K) NonClass: 10284K(10432K)->10284K(10432K) Class: 1542K(1664K)->1542K(1664K)
[236.485s][info][gc             ] GC(745) Pause Young (Allocation Failure) 1440M->85M(4092M) 0.720ms
[236.485s][info][gc,cpu         ] GC(745) User=0.00s Sys=0.00s Real=0.00s
[236.870s][info][gc,start       ] GC(746) Pause Young (Allocation Failure)
[236.871s][info][gc,heap        ] GC(746) PSYoungGen: 1392763K(1393664K)->1694K(1393664K) Eden: 1390080K(1390080K)->0K(1389568K) From: 2683K(3584K)->1694K(4096K)
[236.871s][info][gc,heap        ] GC(746) ParOldGen: 85023K(2796544K)->85031K(2796544K)
[236.871s][info][gc,metaspace   ] GC(746) Metaspace: 11826K(12096K)->11826K(12096K) NonClass: 10284K(10432K)->10284K(10432K) Class: 1542K(1664K)->1542K(1664K)
[236.871s][info][gc             ] GC(746) Pause Young (Allocation Failure) 1443M->84M(4092M) 0.508ms
[236.871s][info][gc,cpu         ] GC(746) User=0.00s Sys=0.00s Real=0.00s
[237.252s][info][gc,start       ] GC(747) Pause Young (Allocation Failure)
[237.253s][info][gc,heap        ] GC(747) PSYoungGen: 1391262K(1393664K)->754K(1393664K) Eden: 1389568K(1389568K)->0K(1389568K) From: 1694K(4096K)->754K(4096K)
[237.253s][info][gc,heap        ] GC(747) ParOldGen: 85031K(2796544K)->85031K(2796544K)
[237.253s][info][gc,metaspace   ] GC(747) Metaspace: 11826K(12096K)->11826K(12096K) NonClass: 10284K(10432K)->10284K(10432K) Class: 1542K(1664K)->1542K(1664K)
[237.253s][info][gc             ] GC(747) Pause Young (Allocation Failure) 1441M->83M(4092M) 0.498ms
[237.253s][info][gc,cpu         ] GC(747) User=0.00s Sys=0.00s Real=0.00s
[237.628s][info][gc,start       ] GC(748) Pause Young (Allocation Failure)
[237.629s][info][gc,heap        ] GC(748) PSYoungGen: 1390322K(1393664K)->2636K(1393664K) Eden: 1389568K(1389568K)->0K(1389568K) From: 754K(4096K)->2636K(4096K)
[237.629s][info][gc,heap        ] GC(748) ParOldGen: 85031K(2796544K)->85071K(2796544K)
[237.629s][info][gc,metaspace   ] GC(748) Metaspace: 11826K(12096K)->11826K(12096K) NonClass: 10284K(10432K)->10284K(10432K) Class: 1542K(1664K)->1542K(1664K)
[237.629s][info][gc             ] GC(748) Pause Young (Allocation Failure) 1440M->85M(4092M) 0.962ms
[237.629s][info][gc,cpu         ] GC(748) User=0.00s Sys=0.00s Real=0.00s
[237.721s][info][gc,start       ] GC(749) Pause Young (System.gc())
[237.722s][info][gc,heap        ] GC(749) PSYoungGen: 313741K(1393664K)->160K(1393664K) Eden: 311105K(1389568K)->0K(1389568K) From: 2636K(4096K)->160K(4096K)
[237.722s][info][gc,heap        ] GC(749) ParOldGen: 85071K(2796544K)->85071K(2796544K)
[237.722s][info][gc,metaspace   ] GC(749) Metaspace: 11826K(12096K)->11826K(12096K) NonClass: 10284K(10432K)->10284K(10432K) Class: 1542K(1664K)->1542K(1664K)
[237.722s][info][gc             ] GC(749) Pause Young (System.gc()) 389M->83M(4092M) 0.336ms
[237.722s][info][gc,cpu         ] GC(749) User=0.00s Sys=0.00s Real=0.00s
[237.722s][info][gc,start       ] GC(750) Pause Full (System.gc())
[237.722s][info][gc,phases,start] GC(750) Marking Phase
[237.797s][info][gc,phases      ] GC(750) Marking Phase 75.555ms
[237.797s][info][gc,phases,start] GC(750) Summary Phase
[237.797s][info][gc,phases      ] GC(750) Summary Phase 0.010ms
[237.797s][info][gc,phases,start] GC(750) Adjust Roots
[237.799s][info][gc,phases      ] GC(750) Adjust Roots 1.607ms
[237.799s][info][gc,phases,start] GC(750) Compaction Phase
[237.815s][info][gc,phases      ] GC(750) Compaction Phase 16.077ms
[237.815s][info][gc,phases,start] GC(750) Post Compact
[237.816s][info][gc,phases      ] GC(750) Post Compact 0.659ms
[237.816s][info][gc,heap        ] GC(750) PSYoungGen: 160K(1393664K)->0K(1393664K) Eden: 0K(1389568K)->0K(1389568K) From: 160K(4096K)->0K(4096K)
[237.816s][info][gc,heap        ] GC(750) ParOldGen: 85071K(2796544K)->85007K(2796544K)
[237.816s][info][gc,metaspace   ] GC(750) Metaspace: 11826K(12096K)->11826K(12096K) NonClass: 10284K(10432K)->10284K(10432K) Class: 1542K(1664K)->1542K(1664K)
[237.816s][info][gc             ] GC(750) Pause Full (System.gc()) 83M->83M(4092M) 94.171ms
[237.816s][info][gc,cpu         ] GC(750) User=0.41s Sys=0.00s Real=0.09s
[238.196s][info][gc,start       ] GC(751) Pause Young (Allocation Failure)
[238.197s][info][gc,heap        ] GC(751) PSYoungGen: 1389568K(1393664K)->1976K(1393664K) Eden: 1389568K(1389568K)->0K(1389568K) From: 0K(4096K)->1976K(4096K)
[238.197s][info][gc,heap        ] GC(751) ParOldGen: 85007K(2796544K)->85007K(2796544K)
[238.197s][info][gc,metaspace   ] GC(751) Metaspace: 11826K(12096K)->11826K(12096K) NonClass: 10284K(10432K)->10284K(10432K) Class: 1542K(1664K)->1542K(1664K)
[238.197s][info][gc             ] GC(751) Pause Young (Allocation Failure) 1440M->84M(4092M) 0.726ms
[238.197s][info][gc,cpu         ] GC(751) User=0.00s Sys=0.00s Real=0.00s
[238.578s][info][gc,start       ] GC(752) Pause Young (Allocation Failure)
[238.578s][info][gc,heap        ] GC(752) PSYoungGen: 1391544K(1393664K)->1218K(1393664K) Eden: 1389568K(1389568K)->0K(1389568K) From: 1976K(4096K)->1218K(4096K)
[238.578s][info][gc,heap        ] GC(752) ParOldGen: 85007K(2796544K)->85015K(2796544K)
[238.578s][info][gc,metaspace   ] GC(752) Metaspace: 11826K(12096K)->11826K(12096K) NonClass: 10284K(10432K)->10284K(10432K) Class: 1542K(1664K)->1542K(1664K)
[238.578s][info][gc             ] GC(752) Pause Young (Allocation Failure) 1441M->84M(4092M) 0.558ms
[238.578s][info][gc,cpu         ] GC(752) User=0.00s Sys=0.00s Real=0.00s
[238.962s][info][gc,start       ] GC(753) Pause Young (Allocation Failure)
[238.962s][info][gc,heap        ] GC(753) PSYoungGen: 1390786K(1393664K)->192K(1393664K) Eden: 1389568K(1389568K)->0K(1389568K) From: 1218K(4096K)->192K(4096K)
[238.962s][info][gc,heap        ] GC(753) ParOldGen: 85015K(2796544K)->85031K(2796544K)
[238.962s][info][gc,metaspace   ] GC(753) Metaspace: 11826K(12096K)->11826K(12096K) NonClass: 10284K(10432K)->10284K(10432K) Class: 1542K(1664K)->1542K(1664K)
[238.962s][info][gc             ] GC(753) Pause Young (Allocation Failure) 1441M->83M(4092M) 0.365ms
[238.962s][info][gc,cpu         ] GC(753) User=0.00s Sys=0.00s Real=0.00s
[239.340s][info][gc,start       ] GC(754) Pause Young (Allocation Failure)
[239.341s][info][gc,heap        ] GC(754) PSYoungGen: 1389760K(1393664K)->2144K(1393664K) Eden: 1389568K(1389568K)->0K(1389568K) From: 192K(4096K)->2144K(4096K)
[239.341s][info][gc,heap        ] GC(754) ParOldGen: 85031K(2796544K)->85031K(2796544K)
[239.341s][info][gc,metaspace   ] GC(754) Metaspace: 11826K(12096K)->11826K(12096K) NonClass: 10284K(10432K)->10284K(10432K) Class: 1542K(1664K)->1542K(1664K)
[239.341s][info][gc             ] GC(754) Pause Young (Allocation Failure) 1440M->85M(4092M) 0.565ms
[239.341s][info][gc,cpu         ] GC(754) User=0.00s Sys=0.00s Real=0.00s
[239.723s][info][gc,start       ] GC(755) Pause Young (Allocation Failure)
[239.724s][info][gc,heap        ] GC(755) PSYoungGen: 1391712K(1393664K)->1220K(1394176K) Eden: 1389568K(1389568K)->0K(1390080K) From: 2144K(4096K)->1220K(4096K)
[239.724s][info][gc,heap        ] GC(755) ParOldGen: 85031K(2796544K)->85047K(2796544K)
[239.724s][info][gc,metaspace   ] GC(755) Metaspace: 11826K(12096K)->11826K(12096K) NonClass: 10284K(10432K)->10284K(10432K) Class: 1542K(1664K)->1542K(1664K)
[239.724s][info][gc             ] GC(755) Pause Young (Allocation Failure) 1442M->84M(4092M) 0.491ms
[239.724s][info][gc,cpu         ] GC(755) User=0.00s Sys=0.00s Real=0.00s
[240.105s][info][gc,start       ] GC(756) Pause Young (Allocation Failure)
[240.105s][info][gc,heap        ] GC(756) PSYoungGen: 1391300K(1394176K)->352K(1393664K) Eden: 1390080K(1390080K)->0K(1390080K) From: 1220K(4096K)->352K(3584K)
[240.105s][info][gc,heap        ] GC(756) ParOldGen: 85047K(2796544K)->85047K(2796544K)
[240.105s][info][gc,metaspace   ] GC(756) Metaspace: 11826K(12096K)->11826K(12096K) NonClass: 10284K(10432K)->10284K(10432K) Class: 1542K(1664K)->1542K(1664K)
[240.105s][info][gc             ] GC(756) Pause Young (Allocation Failure) 1441M->83M(4092M) 0.340ms
[240.105s][info][gc,cpu         ] GC(756) User=0.00s Sys=0.00s Real=0.00s
[240.482s][info][gc,start       ] GC(757) Pause Young (Allocation Failure)
[240.483s][info][gc,heap        ] GC(757) PSYoungGen: 1390432K(1393664K)->2652K(1393152K) Eden: 1390080K(1390080K)->0K(1389568K) From: 352K(3584K)->2652K(3584K)
[240.483s][info][gc,heap        ] GC(757) ParOldGen: 85047K(2796544K)->85063K(2796544K)
[240.483s][info][gc,metaspace   ] GC(757) Metaspace: 11826K(12096K)->11826K(12096K) NonClass: 10284K(10432K)->10284K(10432K) Class: 1542K(1664K)->1542K(1664K)
[240.483s][info][gc             ] GC(757) Pause Young (Allocation Failure) 1440M->85M(4091M) 0.888ms
[240.483s][info][gc,cpu         ] GC(757) User=0.00s Sys=0.00s Real=0.00s
[240.572s][info][gc,start       ] GC(758) Pause Young (System.gc())
[240.572s][info][gc,heap        ] GC(758) PSYoungGen: 329312K(1393152K)->160K(1393664K) Eden: 326659K(1389568K)->0K(1389568K) From: 2652K(3584K)->160K(4096K)
[240.572s][info][gc,heap        ] GC(758) ParOldGen: 85063K(2796544K)->85063K(2796544K)
[240.572s][info][gc,metaspace   ] GC(758) Metaspace: 11826K(12096K)->11826K(12096K) NonClass: 10284K(10432K)->10284K(10432K) Class: 1542K(1664K)->1542K(1664K)
[240.572s][info][gc             ] GC(758) Pause Young (System.gc()) 404M->83M(4092M) 0.278ms
[240.572s][info][gc,cpu         ] GC(758) User=0.00s Sys=0.00s Real=0.00s
[240.572s][info][gc,start       ] GC(759) Pause Full (System.gc())
[240.572s][info][gc,phases,start] GC(759) Marking Phase
[240.636s][info][gc,phases      ] GC(759) Marking Phase 63.564ms
[240.636s][info][gc,phases,start] GC(759) Summary Phase
[240.636s][info][gc,phases      ] GC(759) Summary Phase 0.009ms
[240.636s][info][gc,phases,start] GC(759) Adjust Roots
[240.637s][info][gc,phases      ] GC(759) Adjust Roots 1.132ms
[240.637s][info][gc,phases,start] GC(759) Compaction Phase
[240.654s][info][gc,phases      ] GC(759) Compaction Phase 17.140ms
[240.654s][info][gc,phases,start] GC(759) Post Compact
[240.655s][info][gc,phases      ] GC(759) Post Compact 0.973ms
[240.655s][info][gc,heap        ] GC(759) PSYoungGen: 160K(1393664K)->0K(1393664K) Eden: 0K(1389568K)->0K(1389568K) From: 160K(4096K)->0K(4096K)
[240.655s][info][gc,heap        ] GC(759) ParOldGen: 85063K(2796544K)->85007K(2796544K)
[240.655s][info][gc,metaspace   ] GC(759) Metaspace: 11826K(12096K)->11826K(12096K) NonClass: 10284K(10432K)->10284K(10432K) Class: 1542K(1664K)->1542K(1664K)
[240.655s][info][gc             ] GC(759) Pause Full (System.gc()) 83M->83M(4092M) 83.146ms
[240.655s][info][gc,cpu         ] GC(759) User=0.45s Sys=0.00s Real=0.08s
[241.038s][info][gc,start       ] GC(760) Pause Young (Allocation Failure)
[241.038s][info][gc,heap        ] GC(760) PSYoungGen: 1389568K(1393664K)->2085K(1393664K) Eden: 1389568K(1389568K)->0K(1389568K) From: 0K(4096K)->2085K(4096K)
[241.038s][info][gc,heap        ] GC(760) ParOldGen: 85007K(2796544K)->85007K(2796544K)
[241.038s][info][gc,metaspace   ] GC(760) Metaspace: 11829K(12096K)->11829K(12096K) NonClass: 10286K(10432K)->10286K(10432K) Class: 1542K(1664K)->1542K(1664K)
[241.038s][info][gc             ] GC(760) Pause Young (Allocation Failure) 1440M->85M(4092M) 0.562ms
[241.038s][info][gc,cpu         ] GC(760) User=0.00s Sys=0.00s Real=0.00s
[241.418s][info][gc,start       ] GC(761) Pause Young (Allocation Failure)
[241.418s][info][gc,heap        ] GC(761) PSYoungGen: 1391653K(1393664K)->1258K(1393664K) Eden: 1389568K(1389568K)->0K(1389568K) From: 2085K(4096K)->1258K(4096K)
[241.418s][info][gc,heap        ] GC(761) ParOldGen: 85007K(2796544K)->85015K(2796544K)
[241.418s][info][gc,metaspace   ] GC(761) Metaspace: 11829K(12096K)->11829K(12096K) NonClass: 10286K(10432K)->10286K(10432K) Class: 1542K(1664K)->1542K(1664K)
[241.418s][info][gc             ] GC(761) Pause Young (Allocation Failure) 1442M->84M(4092M) 0.512ms
[241.418s][info][gc,cpu         ] GC(761) User=0.00s Sys=0.00s Real=0.00s
[241.802s][info][gc,start       ] GC(762) Pause Young (Allocation Failure)
[241.803s][info][gc,heap        ] GC(762) PSYoungGen: 1390826K(1393664K)->320K(1394176K) Eden: 1389568K(1389568K)->0K(1390592K) From: 1258K(4096K)->320K(3584K)
[241.803s][info][gc,heap        ] GC(762) ParOldGen: 85015K(2796544K)->85039K(2796544K)
[241.803s][info][gc,metaspace   ] GC(762) Metaspace: 11829K(12096K)->11829K(12096K) NonClass: 10286K(10432K)->10286K(10432K) Class: 1542K(1664K)->1542K(1664K)
[241.803s][info][gc             ] GC(762) Pause Young (Allocation Failure) 1441M->83M(4092M) 0.326ms
[241.803s][info][gc,cpu         ] GC(762) User=0.00s Sys=0.00s Real=0.00s
[242.180s][info][gc,start       ] GC(763) Pause Young (Allocation Failure)
[242.180s][info][gc,heap        ] GC(763) PSYoungGen: 1390912K(1394176K)->2358K(1393152K) Eden: 1390592K(1390592K)->0K(1390592K) From: 320K(3584K)->2358K(2560K)
[242.180s][info][gc,heap        ] GC(763) ParOldGen: 85039K(2796544K)->85039K(2796544K)
[242.180s][info][gc,metaspace   ] GC(763) Metaspace: 11829K(12096K)->11829K(12096K) NonClass: 10286K(10432K)->10286K(10432K) Class: 1542K(1664K)->1542K(1664K)
[242.180s][info][gc             ] GC(763) Pause Young (Allocation Failure) 1441M->85M(4091M) 0.596ms
[242.180s][info][gc,cpu         ] GC(763) User=0.00s Sys=0.00s Real=0.00s
[242.561s][info][gc,start       ] GC(764) Pause Young (Allocation Failure)
[242.561s][info][gc,heap        ] GC(764) PSYoungGen: 1392950K(1393152K)->1684K(1394176K) Eden: 1390592K(1390592K)->0K(1390080K) From: 2358K(2560K)->1684K(4096K)
[242.561s][info][gc,heap        ] GC(764) ParOldGen: 85039K(2796544K)->85047K(2796544K)
[242.561s][info][gc,metaspace   ] GC(764) Metaspace: 11829K(12096K)->11829K(12096K) NonClass: 10286K(10432K)->10286K(10432K) Class: 1542K(1664K)->1542K(1664K)
[242.561s][info][gc             ] GC(764) Pause Young (Allocation Failure) 1443M->84M(4092M) 0.552ms
[242.561s][info][gc,cpu         ] GC(764) User=0.00s Sys=0.00s Real=0.00s
[242.946s][info][gc,start       ] GC(765) Pause Young (Allocation Failure)
[242.947s][info][gc,heap        ] GC(765) PSYoungGen: 1391764K(1394176K)->816K(1393664K) Eden: 1390080K(1390080K)->0K(1390080K) From: 1684K(4096K)->816K(3584K)
[242.947s][info][gc,heap        ] GC(765) ParOldGen: 85047K(2796544K)->85047K(2796544K)
[242.947s][info][gc,metaspace   ] GC(765) Metaspace: 11829K(12096K)->11829K(12096K) NonClass: 10286K(10432K)->10286K(10432K) Class: 1542K(1664K)->1542K(1664K)
[242.947s][info][gc             ] GC(765) Pause Young (Allocation Failure) 1442M->83M(4092M) 0.405ms
[242.947s][info][gc,cpu         ] GC(765) User=0.00s Sys=0.00s Real=0.00s
[243.321s][info][gc,start       ] GC(766) Pause Young (Allocation Failure)
[243.322s][info][gc,heap        ] GC(766) PSYoungGen: 1390896K(1393664K)->3071K(1393152K) Eden: 1390080K(1390080K)->0K(1389568K) From: 816K(3584K)->3071K(3584K)
[243.322s][info][gc,heap        ] GC(766) ParOldGen: 85047K(2796544K)->85071K(2796544K)
[243.322s][info][gc,metaspace   ] GC(766) Metaspace: 11829K(12096K)->11829K(12096K) NonClass: 10286K(10432K)->10286K(10432K) Class: 1542K(1664K)->1542K(1664K)
[243.322s][info][gc             ] GC(766) Pause Young (Allocation Failure) 1441M->86M(4091M) 0.898ms
[243.322s][info][gc,cpu         ] GC(766) User=0.00s Sys=0.00s Real=0.00s
[243.410s][info][gc,start       ] GC(767) Pause Young (System.gc())
[243.411s][info][gc,heap        ] GC(767) PSYoungGen: 323325K(1393152K)->128K(1393664K) Eden: 320254K(1389568K)->0K(1389568K) From: 3071K(3584K)->128K(4096K)
[243.411s][info][gc,heap        ] GC(767) ParOldGen: 85071K(2796544K)->85071K(2796544K)
[243.411s][info][gc,metaspace   ] GC(767) Metaspace: 11829K(12096K)->11829K(12096K) NonClass: 10286K(10432K)->10286K(10432K) Class: 1542K(1664K)->1542K(1664K)
[243.411s][info][gc             ] GC(767) Pause Young (System.gc()) 398M->83M(4092M) 0.315ms
[243.411s][info][gc,cpu         ] GC(767) User=0.00s Sys=0.00s Real=0.00s
[243.411s][info][gc,start       ] GC(768) Pause Full (System.gc())
[243.411s][info][gc,phases,start] GC(768) Marking Phase
[243.473s][info][gc,phases      ] GC(768) Marking Phase 62.084ms
[243.473s][info][gc,phases,start] GC(768) Summary Phase
[243.473s][info][gc,phases      ] GC(768) Summary Phase 0.009ms
[243.473s][info][gc,phases,start] GC(768) Adjust Roots
[243.474s][info][gc,phases      ] GC(768) Adjust Roots 1.129ms
[243.474s][info][gc,phases,start] GC(768) Compaction Phase
[243.490s][info][gc,phases      ] GC(768) Compaction Phase 16.056ms
[243.490s][info][gc,phases,start] GC(768) Post Compact
[243.491s][info][gc,phases      ] GC(768) Post Compact 1.016ms
[243.491s][info][gc,heap        ] GC(768) PSYoungGen: 128K(1393664K)->0K(1393664K) Eden: 0K(1389568K)->0K(1389568K) From: 128K(4096K)->0K(4096K)
[243.491s][info][gc,heap        ] GC(768) ParOldGen: 85071K(2796544K)->85007K(2796544K)
[243.491s][info][gc,metaspace   ] GC(768) Metaspace: 11829K(12096K)->11829K(12096K) NonClass: 10286K(10432K)->10286K(10432K) Class: 1542K(1664K)->1542K(1664K)
[243.491s][info][gc             ] GC(768) Pause Full (System.gc()) 83M->83M(4092M) 80.613ms
[243.491s][info][gc,cpu         ] GC(768) User=0.39s Sys=0.00s Real=0.08s
[243.877s][info][gc,start       ] GC(769) Pause Young (Allocation Failure)
[243.878s][info][gc,heap        ] GC(769) PSYoungGen: 1389568K(1393664K)->2232K(1393664K) Eden: 1389568K(1389568K)->0K(1389568K) From: 0K(4096K)->2232K(4096K)
[243.878s][info][gc,heap        ] GC(769) ParOldGen: 85007K(2796544K)->85007K(2796544K)
[243.878s][info][gc,metaspace   ] GC(769) Metaspace: 11830K(12096K)->11830K(12096K) NonClass: 10288K(10432K)->10288K(10432K) Class: 1542K(1664K)->1542K(1664K)
[243.878s][info][gc             ] GC(769) Pause Young (Allocation Failure) 1440M->85M(4092M) 0.573ms
[243.878s][info][gc,cpu         ] GC(769) User=0.00s Sys=0.00s Real=0.00s
[244.258s][info][gc,start       ] GC(770) Pause Young (Allocation Failure)
[244.259s][info][gc,heap        ] GC(770) PSYoungGen: 1391800K(1393664K)->1562K(1393664K) Eden: 1389568K(1389568K)->0K(1389568K) From: 2232K(4096K)->1562K(4096K)
[244.259s][info][gc,heap        ] GC(770) ParOldGen: 85007K(2796544K)->85015K(2796544K)
[244.259s][info][gc,metaspace   ] GC(770) Metaspace: 11830K(12096K)->11830K(12096K) NonClass: 10288K(10432K)->10288K(10432K) Class: 1542K(1664K)->1542K(1664K)
[244.259s][info][gc             ] GC(770) Pause Young (Allocation Failure) 1442M->84M(4092M) 0.546ms
[244.259s][info][gc,cpu         ] GC(770) User=0.00s Sys=0.00s Real=0.00s
[244.638s][info][gc,start       ] GC(771) Pause Young (Allocation Failure)
[244.638s][info][gc,heap        ] GC(771) PSYoungGen: 1391130K(1393664K)->569K(1393664K) Eden: 1389568K(1389568K)->0K(1389568K) From: 1562K(4096K)->569K(4096K)
[244.638s][info][gc,heap        ] GC(771) ParOldGen: 85015K(2796544K)->85039K(2796544K)
[244.638s][info][gc,metaspace   ] GC(771) Metaspace: 11830K(12096K)->11830K(12096K) NonClass: 10288K(10432K)->10288K(10432K) Class: 1542K(1664K)->1542K(1664K)
[244.638s][info][gc             ] GC(771) Pause Young (Allocation Failure) 1441M->83M(4092M) 0.394ms
[244.638s][info][gc,cpu         ] GC(771) User=0.00s Sys=0.00s Real=0.00s
[245.020s][info][gc,start       ] GC(772) Pause Young (Allocation Failure)
[245.020s][info][gc,heap        ] GC(772) PSYoungGen: 1389961K(1393664K)->2503K(1393664K) Eden: 1389391K(1389568K)->0K(1389568K) From: 569K(4096K)->2503K(4096K)
[245.020s][info][gc,heap        ] GC(772) ParOldGen: 85039K(2796544K)->85039K(2796544K)
[245.020s][info][gc,metaspace   ] GC(772) Metaspace: 11830K(12096K)->11830K(12096K) NonClass: 10288K(10432K)->10288K(10432K) Class: 1542K(1664K)->1542K(1664K)
[245.020s][info][gc             ] GC(772) Pause Young (Allocation Failure) 1440M->85M(4092M) 0.778ms
[245.020s][info][gc,cpu         ] GC(772) User=0.00s Sys=0.00s Real=0.00s
[245.404s][info][gc,start       ] GC(773) Pause Young (Allocation Failure)
[245.405s][info][gc,heap        ] GC(773) PSYoungGen: 1392071K(1393664K)->1812K(1393664K) Eden: 1389568K(1389568K)->0K(1389568K) From: 2503K(4096K)->1812K(4096K)
[245.405s][info][gc,heap        ] GC(773) ParOldGen: 85039K(2796544K)->85047K(2796544K)
[245.405s][info][gc,metaspace   ] GC(773) Metaspace: 11830K(12096K)->11830K(12096K) NonClass: 10288K(10432K)->10288K(10432K) Class: 1542K(1664K)->1542K(1664K)
[245.405s][info][gc             ] GC(773) Pause Young (Allocation Failure) 1442M->84M(4092M) 0.565ms
[245.405s][info][gc,cpu         ] GC(773) User=0.00s Sys=0.00s Real=0.00s
[245.790s][info][gc,start       ] GC(774) Pause Young (Allocation Failure)
[245.791s][info][gc,heap        ] GC(774) PSYoungGen: 1391380K(1393664K)->544K(1393664K) Eden: 1389568K(1389568K)->0K(1389568K) From: 1812K(4096K)->544K(4096K)
[245.791s][info][gc,heap        ] GC(774) ParOldGen: 85047K(2796544K)->85047K(2796544K)
[245.791s][info][gc,metaspace   ] GC(774) Metaspace: 11830K(12096K)->11830K(12096K) NonClass: 10288K(10432K)->10288K(10432K) Class: 1542K(1664K)->1542K(1664K)
[245.791s][info][gc             ] GC(774) Pause Young (Allocation Failure) 1441M->83M(4092M) 0.363ms
[245.791s][info][gc,cpu         ] GC(774) User=0.00s Sys=0.00s Real=0.00s
[246.166s][info][gc,start       ] GC(775) Pause Young (Allocation Failure)
[246.167s][info][gc,heap        ] GC(775) PSYoungGen: 1390112K(1393664K)->2329K(1393664K) Eden: 1389568K(1389568K)->0K(1389568K) From: 544K(4096K)->2329K(4096K)
[246.167s][info][gc,heap        ] GC(775) ParOldGen: 85047K(2796544K)->85071K(2796544K)
[246.167s][info][gc,metaspace   ] GC(775) Metaspace: 11830K(12096K)->11830K(12096K) NonClass: 10288K(10432K)->10288K(10432K) Class: 1542K(1664K)->1542K(1664K)
[246.167s][info][gc             ] GC(775) Pause Young (Allocation Failure) 1440M->85M(4092M) 0.720ms
[246.167s][info][gc,cpu         ] GC(775) User=0.00s Sys=0.00s Real=0.00s
[246.255s][info][gc,start       ] GC(776) Pause Young (System.gc())
[246.256s][info][gc,heap        ] GC(776) PSYoungGen: 324877K(1393664K)->160K(1393664K) Eden: 322547K(1389568K)->0K(1389568K) From: 2329K(4096K)->160K(4096K)
[246.256s][info][gc,heap        ] GC(776) ParOldGen: 85071K(2796544K)->85071K(2796544K)
[246.256s][info][gc,metaspace   ] GC(776) Metaspace: 11830K(12096K)->11830K(12096K) NonClass: 10288K(10432K)->10288K(10432K) Class: 1542K(1664K)->1542K(1664K)
[246.256s][info][gc             ] GC(776) Pause Young (System.gc()) 400M->83M(4092M) 0.271ms
[246.256s][info][gc,cpu         ] GC(776) User=0.00s Sys=0.00s Real=0.00s
[246.256s][info][gc,start       ] GC(777) Pause Full (System.gc())
[246.256s][info][gc,phases,start] GC(777) Marking Phase
[246.324s][info][gc,phases      ] GC(777) Marking Phase 68.849ms
[246.324s][info][gc,phases,start] GC(777) Summary Phase
[246.324s][info][gc,phases      ] GC(777) Summary Phase 0.009ms
[246.324s][info][gc,phases,start] GC(777) Adjust Roots
[246.326s][info][gc,phases      ] GC(777) Adjust Roots 1.641ms
[246.326s][info][gc,phases,start] GC(777) Compaction Phase
[246.342s][info][gc,phases      ] GC(777) Compaction Phase 15.857ms
[246.342s][info][gc,phases,start] GC(777) Post Compact
[246.343s][info][gc,phases      ] GC(777) Post Compact 0.931ms
[246.343s][info][gc,heap        ] GC(777) PSYoungGen: 160K(1393664K)->0K(1393664K) Eden: 0K(1389568K)->0K(1389568K) From: 160K(4096K)->0K(4096K)
[246.343s][info][gc,heap        ] GC(777) ParOldGen: 85071K(2796544K)->85007K(2796544K)
[246.343s][info][gc,metaspace   ] GC(777) Metaspace: 11830K(12096K)->11830K(12096K) NonClass: 10288K(10432K)->10288K(10432K) Class: 1542K(1664K)->1542K(1664K)
[246.343s][info][gc             ] GC(777) Pause Full (System.gc()) 83M->83M(4092M) 87.571ms
[246.343s][info][gc,cpu         ] GC(777) User=0.47s Sys=0.00s Real=0.08s
[246.728s][info][gc,start       ] GC(778) Pause Young (Allocation Failure)
[246.729s][info][gc,heap        ] GC(778) PSYoungGen: 1389568K(1393664K)->2180K(1393664K) Eden: 1389568K(1389568K)->0K(1389568K) From: 0K(4096K)->2180K(4096K)
[246.729s][info][gc,heap        ] GC(778) ParOldGen: 85007K(2796544K)->85007K(2796544K)
[246.729s][info][gc,metaspace   ] GC(778) Metaspace: 11830K(12096K)->11830K(12096K) NonClass: 10288K(10432K)->10288K(10432K) Class: 1542K(1664K)->1542K(1664K)
[246.729s][info][gc             ] GC(778) Pause Young (Allocation Failure) 1440M->85M(4092M) 0.690ms
[246.729s][info][gc,cpu         ] GC(778) User=0.00s Sys=0.00s Real=0.00s
[247.108s][info][gc,start       ] GC(779) Pause Young (Allocation Failure)
[247.109s][info][gc,heap        ] GC(779) PSYoungGen: 1391748K(1393664K)->898K(1393664K) Eden: 1389568K(1389568K)->0K(1389568K) From: 2180K(4096K)->898K(4096K)
[247.109s][info][gc,heap        ] GC(779) ParOldGen: 85007K(2796544K)->85023K(2796544K)
[247.109s][info][gc,metaspace   ] GC(779) Metaspace: 11830K(12096K)->11830K(12096K) NonClass: 10288K(10432K)->10288K(10432K) Class: 1542K(1664K)->1542K(1664K)
[247.109s][info][gc             ] GC(779) Pause Young (Allocation Failure) 1442M->83M(4092M) 0.567ms
[247.109s][info][gc,cpu         ] GC(779) User=0.00s Sys=0.00s Real=0.00s
[247.484s][info][gc,start       ] GC(780) Pause Young (Allocation Failure)
[247.485s][info][gc,heap        ] GC(780) PSYoungGen: 1390466K(1393664K)->2438K(1393664K) Eden: 1389568K(1389568K)->0K(1389568K) From: 898K(4096K)->2438K(4096K)
[247.485s][info][gc,heap        ] GC(780) ParOldGen: 85023K(2796544K)->85055K(2796544K)
[247.485s][info][gc,metaspace   ] GC(780) Metaspace: 11830K(12096K)->11830K(12096K) NonClass: 10288K(10432K)->10288K(10432K) Class: 1542K(1664K)->1542K(1664K)
[247.485s][info][gc             ] GC(780) Pause Young (Allocation Failure) 1440M->85M(4092M) 1.176ms
[247.485s][info][gc,cpu         ] GC(780) User=0.00s Sys=0.00s Real=0.00s
[247.873s][info][gc,start       ] GC(781) Pause Young (Allocation Failure)
[247.873s][info][gc,heap        ] GC(781) PSYoungGen: 1392006K(1393664K)->2033K(1393664K) Eden: 1389568K(1389568K)->0K(1389568K) From: 2438K(4096K)->2033K(4096K)
[247.873s][info][gc,heap        ] GC(781) ParOldGen: 85055K(2796544K)->85055K(2796544K)
[247.873s][info][gc,metaspace   ] GC(781) Metaspace: 11830K(12096K)->11830K(12096K) NonClass: 10288K(10432K)->10288K(10432K) Class: 1542K(1664K)->1542K(1664K)
[247.873s][info][gc             ] GC(781) Pause Young (Allocation Failure) 1442M->85M(4092M) 0.628ms
[247.873s][info][gc,cpu         ] GC(781) User=0.00s Sys=0.00s Real=0.00s
[248.253s][info][gc,start       ] GC(782) Pause Young (Allocation Failure)
[248.253s][info][gc,heap        ] GC(782) PSYoungGen: 1391601K(1393664K)->1176K(1393664K) Eden: 1389568K(1389568K)->0K(1389568K) From: 2033K(4096K)->1176K(4096K)
[248.253s][info][gc,heap        ] GC(782) ParOldGen: 85055K(2796544K)->85071K(2796544K)
[248.253s][info][gc,metaspace   ] GC(782) Metaspace: 11830K(12096K)->11830K(12096K) NonClass: 10288K(10432K)->10288K(10432K) Class: 1542K(1664K)->1542K(1664K)
[248.253s][info][gc             ] GC(782) Pause Young (Allocation Failure) 1442M->84M(4092M) 0.490ms
[248.253s][info][gc,cpu         ] GC(782) User=0.00s Sys=0.00s Real=0.00s
[248.633s][info][gc,start       ] GC(783) Pause Young (Allocation Failure)
[248.633s][info][gc,heap        ] GC(783) PSYoungGen: 1390744K(1393664K)->192K(1393664K) Eden: 1389568K(1389568K)->0K(1389568K) From: 1176K(4096K)->192K(4096K)
[248.633s][info][gc,heap        ] GC(783) ParOldGen: 85071K(2796544K)->85071K(2796544K)
[248.633s][info][gc,metaspace   ] GC(783) Metaspace: 11830K(12096K)->11830K(12096K) NonClass: 10288K(10432K)->10288K(10432K) Class: 1542K(1664K)->1542K(1664K)
[248.633s][info][gc             ] GC(783) Pause Young (Allocation Failure) 1441M->83M(4092M) 0.344ms
[248.633s][info][gc,cpu         ] GC(783) User=0.00s Sys=0.00s Real=0.00s
[249.013s][info][gc,start       ] GC(784) Pause Young (Allocation Failure)
[249.014s][info][gc,heap        ] GC(784) PSYoungGen: 1389760K(1393664K)->2438K(1393664K) Eden: 1389568K(1389568K)->0K(1389568K) From: 192K(4096K)->2438K(4096K)
[249.014s][info][gc,heap        ] GC(784) ParOldGen: 85071K(2796544K)->85095K(2796544K)
[249.014s][info][gc,metaspace   ] GC(784) Metaspace: 11830K(12096K)->11830K(12096K) NonClass: 10288K(10432K)->10288K(10432K) Class: 1542K(1664K)->1542K(1664K)
[249.014s][info][gc             ] GC(784) Pause Young (Allocation Failure) 1440M->85M(4092M) 0.606ms
[249.014s][info][gc,cpu         ] GC(784) User=0.00s Sys=0.00s Real=0.00s
[249.102s][info][gc,start       ] GC(785) Pause Young (System.gc())
[249.103s][info][gc,heap        ] GC(785) PSYoungGen: 327390K(1393664K)->160K(1393664K) Eden: 324952K(1389568K)->0K(1389568K) From: 2438K(4096K)->160K(4096K)
[249.103s][info][gc,heap        ] GC(785) ParOldGen: 85095K(2796544K)->85095K(2796544K)
[249.103s][info][gc,metaspace   ] GC(785) Metaspace: 11830K(12096K)->11830K(12096K) NonClass: 10288K(10432K)->10288K(10432K) Class: 1542K(1664K)->1542K(1664K)
[249.103s][info][gc             ] GC(785) Pause Young (System.gc()) 402M->83M(4092M) 0.345ms
[249.103s][info][gc,cpu         ] GC(785) User=0.00s Sys=0.00s Real=0.00s
[249.103s][info][gc,start       ] GC(786) Pause Full (System.gc())
[249.103s][info][gc,phases,start] GC(786) Marking Phase
[249.149s][info][gc,phases      ] GC(786) Marking Phase 45.897ms
[249.149s][info][gc,phases,start] GC(786) Summary Phase
[249.149s][info][gc,phases      ] GC(786) Summary Phase 0.009ms
[249.149s][info][gc,phases,start] GC(786) Adjust Roots
[249.150s][info][gc,phases      ] GC(786) Adjust Roots 1.066ms
[249.150s][info][gc,phases,start] GC(786) Compaction Phase
[249.166s][info][gc,phases      ] GC(786) Compaction Phase 16.039ms
[249.166s][info][gc,phases,start] GC(786) Post Compact
[249.167s][info][gc,phases      ] GC(786) Post Compact 0.959ms
[249.167s][info][gc,heap        ] GC(786) PSYoungGen: 160K(1393664K)->0K(1393664K) Eden: 0K(1389568K)->0K(1389568K) From: 160K(4096K)->0K(4096K)
[249.167s][info][gc,heap        ] GC(786) ParOldGen: 85095K(2796544K)->85007K(2796544K)
[249.167s][info][gc,metaspace   ] GC(786) Metaspace: 11830K(12096K)->11830K(12096K) NonClass: 10288K(10432K)->10288K(10432K) Class: 1542K(1664K)->1542K(1664K)
[249.167s][info][gc             ] GC(786) Pause Full (System.gc()) 83M->83M(4092M) 64.306ms
[249.167s][info][gc,cpu         ] GC(786) User=0.38s Sys=0.00s Real=0.06s
[249.548s][info][gc,start       ] GC(787) Pause Young (Allocation Failure)
[249.549s][info][gc,heap        ] GC(787) PSYoungGen: 1389568K(1393664K)->2365K(1393664K) Eden: 1389568K(1389568K)->0K(1389568K) From: 0K(4096K)->2365K(4096K)
[249.549s][info][gc,heap        ] GC(787) ParOldGen: 85007K(2796544K)->85007K(2796544K)
[249.549s][info][gc,metaspace   ] GC(787) Metaspace: 11830K(12096K)->11830K(12096K) NonClass: 10288K(10432K)->10288K(10432K) Class: 1542K(1664K)->1542K(1664K)
[249.549s][info][gc             ] GC(787) Pause Young (Allocation Failure) 1440M->85M(4092M) 0.670ms
[249.549s][info][gc,cpu         ] GC(787) User=0.00s Sys=0.00s Real=0.00s
[249.935s][info][gc,start       ] GC(788) Pause Young (Allocation Failure)
[249.935s][info][gc,heap        ] GC(788) PSYoungGen: 1391933K(1393664K)->987K(1393664K) Eden: 1389568K(1389568K)->0K(1389568K) From: 2365K(4096K)->987K(4096K)
[249.935s][info][gc,heap        ] GC(788) ParOldGen: 85007K(2796544K)->85023K(2796544K)
[249.935s][info][gc,metaspace   ] GC(788) Metaspace: 11830K(12096K)->11830K(12096K) NonClass: 10288K(10432K)->10288K(10432K) Class: 1542K(1664K)->1542K(1664K)
[249.935s][info][gc             ] GC(788) Pause Young (Allocation Failure) 1442M->83M(4092M) 0.583ms
[249.935s][info][gc,cpu         ] GC(788) User=0.00s Sys=0.00s Real=0.00s
[250.316s][info][gc,start       ] GC(789) Pause Young (Allocation Failure)
[250.316s][info][gc,heap        ] GC(789) PSYoungGen: 1390555K(1393664K)->320K(1393664K) Eden: 1389568K(1389568K)->0K(1389568K) From: 987K(4096K)->320K(4096K)
[250.316s][info][gc,heap        ] GC(789) ParOldGen: 85023K(2796544K)->85039K(2796544K)
[250.316s][info][gc,metaspace   ] GC(789) Metaspace: 11830K(12096K)->11830K(12096K) NonClass: 10288K(10432K)->10288K(10432K) Class: 1542K(1664K)->1542K(1664K)
[250.316s][info][gc             ] GC(789) Pause Young (Allocation Failure) 1440M->83M(4092M) 0.333ms
[250.316s][info][gc,cpu         ] GC(789) User=0.00s Sys=0.00s Real=0.00s
[250.695s][info][gc,start       ] GC(790) Pause Young (Allocation Failure)
[250.696s][info][gc,heap        ] GC(790) PSYoungGen: 1389888K(1393664K)->2124K(1393664K) Eden: 1389568K(1389568K)->0K(1389568K) From: 320K(4096K)->2124K(4096K)
[250.696s][info][gc,heap        ] GC(790) ParOldGen: 85039K(2796544K)->85039K(2796544K)
[250.696s][info][gc,metaspace   ] GC(790) Metaspace: 11830K(12096K)->11830K(12096K) NonClass: 10288K(10432K)->10288K(10432K) Class: 1542K(1664K)->1542K(1664K)
[250.696s][info][gc             ] GC(790) Pause Young (Allocation Failure) 1440M->85M(4092M) 0.648ms
[250.696s][info][gc,cpu         ] GC(790) User=0.00s Sys=0.00s Real=0.00s
[251.077s][info][gc,start       ] GC(791) Pause Young (Allocation Failure)
[251.077s][info][gc,heap        ] GC(791) PSYoungGen: 1391692K(1393664K)->1130K(1393664K) Eden: 1389568K(1389568K)->0K(1389568K) From: 2124K(4096K)->1130K(4096K)
[251.077s][info][gc,heap        ] GC(791) ParOldGen: 85039K(2796544K)->85047K(2796544K)
[251.077s][info][gc,metaspace   ] GC(791) Metaspace: 11830K(12096K)->11830K(12096K) NonClass: 10288K(10432K)->10288K(10432K) Class: 1542K(1664K)->1542K(1664K)
[251.077s][info][gc             ] GC(791) Pause Young (Allocation Failure) 1442M->84M(4092M) 0.468ms
[251.077s][info][gc,cpu         ] GC(791) User=0.00s Sys=0.00s Real=0.00s
[251.486s][info][gc,start       ] GC(792) Pause Young (Allocation Failure)
[251.486s][info][gc,heap        ] GC(792) PSYoungGen: 1390698K(1393664K)->160K(1393664K) Eden: 1389568K(1389568K)->0K(1389568K) From: 1130K(4096K)->160K(4096K)
[251.486s][info][gc,heap        ] GC(792) ParOldGen: 85047K(2796544K)->85047K(2796544K)
[251.486s][info][gc,metaspace   ] GC(792) Metaspace: 11830K(12096K)->11830K(12096K) NonClass: 10288K(10432K)->10288K(10432K) Class: 1542K(1664K)->1542K(1664K)
[251.486s][info][gc             ] GC(792) Pause Young (Allocation Failure) 1441M->83M(4092M) 0.405ms
[251.486s][info][gc,cpu         ] GC(792) User=0.00s Sys=0.00s Real=0.00s
[251.894s][info][gc,start       ] GC(793) Pause Young (Allocation Failure)
[251.895s][info][gc,heap        ] GC(793) PSYoungGen: 1389728K(1393664K)->2131K(1393152K) Eden: 1389568K(1389568K)->0K(1389568K) From: 160K(4096K)->2131K(3584K)
[251.895s][info][gc,heap        ] GC(793) ParOldGen: 85047K(2796544K)->85071K(2796544K)
[251.895s][info][gc,metaspace   ] GC(793) Metaspace: 11830K(12096K)->11830K(12096K) NonClass: 10288K(10432K)->10288K(10432K) Class: 1542K(1664K)->1542K(1664K)
[251.895s][info][gc             ] GC(793) Pause Young (Allocation Failure) 1440M->85M(4091M) 0.742ms
[251.895s][info][gc,cpu         ] GC(793) User=0.00s Sys=0.00s Real=0.00s
[251.992s][info][gc,start       ] GC(794) Pause Young (System.gc())
[251.992s][info][gc,heap        ] GC(794) PSYoungGen: 332818K(1393152K)->192K(1393664K) Eden: 330686K(1389568K)->0K(1389568K) From: 2131K(3584K)->192K(4096K)
[251.992s][info][gc,heap        ] GC(794) ParOldGen: 85071K(2796544K)->85071K(2796544K)
[251.992s][info][gc,metaspace   ] GC(794) Metaspace: 11830K(12096K)->11830K(12096K) NonClass: 10288K(10432K)->10288K(10432K) Class: 1542K(1664K)->1542K(1664K)
[251.992s][info][gc             ] GC(794) Pause Young (System.gc()) 408M->83M(4092M) 0.296ms
[251.992s][info][gc,cpu         ] GC(794) User=0.00s Sys=0.00s Real=0.00s
[251.992s][info][gc,start       ] GC(795) Pause Full (System.gc())
[251.992s][info][gc,phases,start] GC(795) Marking Phase
[252.067s][info][gc,phases      ] GC(795) Marking Phase 74.413ms
[252.067s][info][gc,phases,start] GC(795) Summary Phase
[252.067s][info][gc,phases      ] GC(795) Summary Phase 0.010ms
[252.067s][info][gc,phases,start] GC(795) Adjust Roots
[252.068s][info][gc,phases      ] GC(795) Adjust Roots 1.242ms
[252.068s][info][gc,phases,start] GC(795) Compaction Phase
[252.084s][info][gc,phases      ] GC(795) Compaction Phase 15.987ms
[252.084s][info][gc,phases,start] GC(795) Post Compact
[252.085s][info][gc,phases      ] GC(795) Post Compact 0.802ms
[252.085s][info][gc,heap        ] GC(795) PSYoungGen: 192K(1393664K)->0K(1393664K) Eden: 0K(1389568K)->0K(1389568K) From: 192K(4096K)->0K(4096K)
[252.085s][info][gc,heap        ] GC(795) ParOldGen: 85071K(2796544K)->85007K(2796544K)
[252.085s][info][gc,metaspace   ] GC(795) Metaspace: 11830K(12096K)->11830K(12096K) NonClass: 10288K(10432K)->10288K(10432K) Class: 1542K(1664K)->1542K(1664K)
[252.085s][info][gc             ] GC(795) Pause Full (System.gc()) 83M->83M(4092M) 92.757ms
[252.085s][info][gc,cpu         ] GC(795) User=0.47s Sys=0.02s Real=0.09s
[252.461s][info][gc,start       ] GC(796) Pause Young (Allocation Failure)
[252.462s][info][gc,heap        ] GC(796) PSYoungGen: 1389568K(1393664K)->1881K(1393664K) Eden: 1389568K(1389568K)->0K(1389568K) From: 0K(4096K)->1881K(4096K)
[252.462s][info][gc,heap        ] GC(796) ParOldGen: 85007K(2796544K)->85007K(2796544K)
[252.462s][info][gc,metaspace   ] GC(796) Metaspace: 11830K(12096K)->11830K(12096K) NonClass: 10288K(10432K)->10288K(10432K) Class: 1542K(1664K)->1542K(1664K)
[252.462s][info][gc             ] GC(796) Pause Young (Allocation Failure) 1440M->84M(4092M) 0.657ms
[252.462s][info][gc,cpu         ] GC(796) User=0.00s Sys=0.00s Real=0.00s
[252.847s][info][gc,start       ] GC(797) Pause Young (Allocation Failure)
[252.847s][info][gc,heap        ] GC(797) PSYoungGen: 1391449K(1393664K)->696K(1393664K) Eden: 1389568K(1389568K)->0K(1389568K) From: 1881K(4096K)->696K(4096K)
[252.847s][info][gc,heap        ] GC(797) ParOldGen: 85007K(2796544K)->85023K(2796544K)
[252.847s][info][gc,metaspace   ] GC(797) Metaspace: 11830K(12096K)->11830K(12096K) NonClass: 10288K(10432K)->10288K(10432K) Class: 1542K(1664K)->1542K(1664K)
[252.847s][info][gc             ] GC(797) Pause Young (Allocation Failure) 1441M->83M(4092M) 0.435ms
[252.847s][info][gc,cpu         ] GC(797) User=0.00s Sys=0.00s Real=0.00s
[253.222s][info][gc,start       ] GC(798) Pause Young (Allocation Failure)
[253.223s][info][gc,heap        ] GC(798) PSYoungGen: 1390249K(1393664K)->2576K(1393152K) Eden: 1389552K(1389568K)->0K(1389568K) From: 696K(4096K)->2576K(3584K)
[253.223s][info][gc,heap        ] GC(798) ParOldGen: 85023K(2796544K)->85047K(2796544K)
[253.223s][info][gc,metaspace   ] GC(798) Metaspace: 11830K(12096K)->11830K(12096K) NonClass: 10288K(10432K)->10288K(10432K) Class: 1542K(1664K)->1542K(1664K)
[253.223s][info][gc             ] GC(798) Pause Young (Allocation Failure) 1440M->85M(4091M) 0.740ms
[253.223s][info][gc,cpu         ] GC(798) User=0.00s Sys=0.00s Real=0.00s
[253.603s][info][gc,start       ] GC(799) Pause Young (Allocation Failure)
[253.604s][info][gc,heap        ] GC(799) PSYoungGen: 1392144K(1393152K)->1682K(1393664K) Eden: 1389568K(1389568K)->0K(1389568K) From: 2576K(3584K)->1682K(4096K)
[253.604s][info][gc,heap        ] GC(799) ParOldGen: 85047K(2796544K)->85047K(2796544K)
[253.604s][info][gc,metaspace   ] GC(799) Metaspace: 11830K(12096K)->11830K(12096K) NonClass: 10288K(10432K)->10288K(10432K) Class: 1542K(1664K)->1542K(1664K)
[253.604s][info][gc             ] GC(799) Pause Young (Allocation Failure) 1442M->84M(4092M) 0.552ms
[253.604s][info][gc,cpu         ] GC(799) User=0.00s Sys=0.00s Real=0.00s
[253.988s][info][gc,start       ] GC(800) Pause Young (Allocation Failure)
[253.989s][info][gc,heap        ] GC(800) PSYoungGen: 1391250K(1393664K)->690K(1394176K) Eden: 1389568K(1389568K)->0K(1390080K) From: 1682K(4096K)->690K(4096K)
[253.989s][info][gc,heap        ] GC(800) ParOldGen: 85047K(2796544K)->85071K(2796544K)
[253.989s][info][gc,metaspace   ] GC(800) Metaspace: 11830K(12096K)->11830K(12096K) NonClass: 10288K(10432K)->10288K(10432K) Class: 1542K(1664K)->1542K(1664K)
[253.989s][info][gc             ] GC(800) Pause Young (Allocation Failure) 1441M->83M(4092M) 0.419ms
[253.989s][info][gc,cpu         ] GC(800) User=0.00s Sys=0.00s Real=0.00s
[254.366s][info][gc,start       ] GC(801) Pause Young (Allocation Failure)
[254.366s][info][gc,heap        ] GC(801) PSYoungGen: 1390770K(1394176K)->2534K(1393664K) Eden: 1390080K(1390080K)->0K(1390080K) From: 690K(4096K)->2534K(3584K)
[254.367s][info][gc,heap        ] GC(801) ParOldGen: 85071K(2796544K)->85071K(2796544K)
[254.367s][info][gc,metaspace   ] GC(801) Metaspace: 11830K(12096K)->11830K(12096K) NonClass: 10288K(10432K)->10288K(10432K) Class: 1542K(1664K)->1542K(1664K)
[254.367s][info][gc             ] GC(801) Pause Young (Allocation Failure) 1441M->85M(4092M) 0.761ms
[254.367s][info][gc,cpu         ] GC(801) User=0.00s Sys=0.00s Real=0.00s
[254.752s][info][gc,start       ] GC(802) Pause Young (Allocation Failure)
[254.753s][info][gc,heap        ] GC(802) PSYoungGen: 1392614K(1393664K)->1564K(1394176K) Eden: 1390080K(1390080K)->0K(1390080K) From: 2534K(3584K)->1564K(4096K)
[254.753s][info][gc,heap        ] GC(802) ParOldGen: 85071K(2796544K)->85079K(2796544K)
[254.753s][info][gc,metaspace   ] GC(802) Metaspace: 11830K(12096K)->11830K(12096K) NonClass: 10288K(10432K)->10288K(10432K) Class: 1542K(1664K)->1542K(1664K)
[254.753s][info][gc             ] GC(802) Pause Young (Allocation Failure) 1443M->84M(4092M) 0.533ms
[254.753s][info][gc,cpu         ] GC(802) User=0.00s Sys=0.00s Real=0.00s
[254.844s][info][gc,start       ] GC(803) Pause Young (System.gc())
[254.844s][info][gc,heap        ] GC(803) PSYoungGen: 342432K(1394176K)->192K(1393664K) Eden: 340868K(1390080K)->0K(1390080K) From: 1564K(4096K)->192K(3584K)
[254.844s][info][gc,heap        ] GC(803) ParOldGen: 85079K(2796544K)->85079K(2796544K)
[254.844s][info][gc,metaspace   ] GC(803) Metaspace: 11830K(12096K)->11830K(12096K) NonClass: 10288K(10432K)->10288K(10432K) Class: 1542K(1664K)->1542K(1664K)
[254.844s][info][gc             ] GC(803) Pause Young (System.gc()) 417M->83M(4092M) 0.289ms
[254.844s][info][gc,cpu         ] GC(803) User=0.00s Sys=0.00s Real=0.00s
[254.844s][info][gc,start       ] GC(804) Pause Full (System.gc())
[254.844s][info][gc,phases,start] GC(804) Marking Phase
[254.905s][info][gc,phases      ] GC(804) Marking Phase 61.201ms
[254.906s][info][gc,phases,start] GC(804) Summary Phase
[254.906s][info][gc,phases      ] GC(804) Summary Phase 0.010ms
[254.906s][info][gc,phases,start] GC(804) Adjust Roots
[254.907s][info][gc,phases      ] GC(804) Adjust Roots 1.754ms
[254.907s][info][gc,phases,start] GC(804) Compaction Phase
[254.924s][info][gc,phases      ] GC(804) Compaction Phase 16.528ms
[254.924s][info][gc,phases,start] GC(804) Post Compact
[254.925s][info][gc,phases      ] GC(804) Post Compact 0.952ms
[254.925s][info][gc,heap        ] GC(804) PSYoungGen: 192K(1393664K)->0K(1393664K) Eden: 0K(1390080K)->0K(1390080K) From: 192K(3584K)->0K(3584K)
[254.925s][info][gc,heap        ] GC(804) ParOldGen: 85079K(2796544K)->85007K(2796544K)
[254.925s][info][gc,metaspace   ] GC(804) Metaspace: 11830K(12096K)->11830K(12096K) NonClass: 10288K(10432K)->10288K(10432K) Class: 1542K(1664K)->1542K(1664K)
[254.925s][info][gc             ] GC(804) Pause Full (System.gc()) 83M->83M(4092M) 80.715ms
[254.925s][info][gc,cpu         ] GC(804) User=0.45s Sys=0.00s Real=0.07s
[255.306s][info][gc,start       ] GC(805) Pause Young (Allocation Failure)
[255.307s][info][gc,heap        ] GC(805) PSYoungGen: 1390080K(1393664K)->1755K(1394176K) Eden: 1390080K(1390080K)->0K(1390080K) From: 0K(3584K)->1755K(4096K)
[255.307s][info][gc,heap        ] GC(805) ParOldGen: 85007K(2796544K)->85007K(2796544K)
[255.307s][info][gc,metaspace   ] GC(805) Metaspace: 11830K(12096K)->11830K(12096K) NonClass: 10288K(10432K)->10288K(10432K) Class: 1542K(1664K)->1542K(1664K)
[255.307s][info][gc             ] GC(805) Pause Young (Allocation Failure) 1440M->84M(4092M) 0.607ms
[255.307s][info][gc,cpu         ] GC(805) User=0.00s Sys=0.00s Real=0.00s
[255.690s][info][gc,start       ] GC(806) Pause Young (Allocation Failure)
[255.690s][info][gc,heap        ] GC(806) PSYoungGen: 1391835K(1394176K)->898K(1393664K) Eden: 1390080K(1390080K)->0K(1390080K) From: 1755K(4096K)->898K(3584K)
[255.690s][info][gc,heap        ] GC(806) ParOldGen: 85007K(2796544K)->85023K(2796544K)
[255.690s][info][gc,metaspace   ] GC(806) Metaspace: 11830K(12096K)->11830K(12096K) NonClass: 10288K(10432K)->10288K(10432K) Class: 1542K(1664K)->1542K(1664K)
[255.690s][info][gc             ] GC(806) Pause Young (Allocation Failure) 1442M->83M(4092M) 0.544ms
[255.690s][info][gc,cpu         ] GC(806) User=0.09s Sys=0.00s Real=0.00s
[256.073s][info][gc,start       ] GC(807) Pause Young (Allocation Failure)
[256.073s][info][gc,heap        ] GC(807) PSYoungGen: 1390978K(1393664K)->416K(1394176K) Eden: 1390080K(1390080K)->0K(1390592K) From: 898K(3584K)->416K(3584K)
[256.073s][info][gc,heap        ] GC(807) ParOldGen: 85023K(2796544K)->85039K(2796544K)
[256.073s][info][gc,metaspace   ] GC(807) Metaspace: 11830K(12096K)->11830K(12096K) NonClass: 10288K(10432K)->10288K(10432K) Class: 1542K(1664K)->1542K(1664K)
[256.073s][info][gc             ] GC(807) Pause Young (Allocation Failure) 1441M->83M(4092M) 0.369ms
[256.073s][info][gc,cpu         ] GC(807) User=0.00s Sys=0.00s Real=0.00s
[256.451s][info][gc,start       ] GC(808) Pause Young (Allocation Failure)
[256.452s][info][gc,heap        ] GC(808) PSYoungGen: 1391008K(1394176K)->2493K(1393152K) Eden: 1390592K(1390592K)->0K(1390592K) From: 416K(3584K)->2493K(2560K)
[256.452s][info][gc,heap        ] GC(808) ParOldGen: 85039K(2796544K)->85039K(2796544K)
[256.452s][info][gc,metaspace   ] GC(808) Metaspace: 11830K(12096K)->11830K(12096K) NonClass: 10288K(10432K)->10288K(10432K) Class: 1542K(1664K)->1542K(1664K)
[256.452s][info][gc             ] GC(808) Pause Young (Allocation Failure) 1441M->85M(4091M) 0.669ms
[256.452s][info][gc,cpu         ] GC(808) User=0.00s Sys=0.00s Real=0.00s
[256.838s][info][gc,start       ] GC(809) Pause Young (Allocation Failure)
[256.838s][info][gc,heap        ] GC(809) PSYoungGen: 1393085K(1393152K)->1698K(1394176K) Eden: 1390592K(1390592K)->0K(1390080K) From: 2493K(2560K)->1698K(4096K)
[256.839s][info][gc,heap        ] GC(809) ParOldGen: 85039K(2796544K)->85055K(2796544K)
[256.839s][info][gc,metaspace   ] GC(809) Metaspace: 11830K(12096K)->11830K(12096K) NonClass: 10288K(10432K)->10288K(10432K) Class: 1542K(1664K)->1542K(1664K)
[256.839s][info][gc             ] GC(809) Pause Young (Allocation Failure) 1443M->84M(4092M) 0.693ms
[256.839s][info][gc,cpu         ] GC(809) User=0.00s Sys=0.00s Real=0.00s
[257.219s][info][gc,start       ] GC(810) Pause Young (Allocation Failure)
[257.220s][info][gc,heap        ] GC(810) PSYoungGen: 1391778K(1394176K)->1000K(1393664K) Eden: 1390080K(1390080K)->0K(1390080K) From: 1698K(4096K)->1000K(3584K)
[257.220s][info][gc,heap        ] GC(810) ParOldGen: 85055K(2796544K)->85055K(2796544K)
[257.220s][info][gc,metaspace   ] GC(810) Metaspace: 11830K(12096K)->11830K(12096K) NonClass: 10288K(10432K)->10288K(10432K) Class: 1542K(1664K)->1542K(1664K)
[257.220s][info][gc             ] GC(810) Pause Young (Allocation Failure) 1442M->84M(4092M) 0.528ms
[257.220s][info][gc,cpu         ] GC(810) User=0.00s Sys=0.00s Real=0.00s
[257.595s][info][gc,start       ] GC(811) Pause Young (Allocation Failure)
[257.596s][info][gc,heap        ] GC(811) PSYoungGen: 1391080K(1393664K)->2926K(1393152K) Eden: 1390080K(1390080K)->0K(1389568K) From: 1000K(3584K)->2926K(3584K)
[257.596s][info][gc,heap        ] GC(811) ParOldGen: 85055K(2796544K)->85087K(2796544K)
[257.597s][info][gc,metaspace   ] GC(811) Metaspace: 11830K(12096K)->11830K(12096K) NonClass: 10288K(10432K)->10288K(10432K) Class: 1542K(1664K)->1542K(1664K)
[257.597s][info][gc             ] GC(811) Pause Young (Allocation Failure) 1441M->85M(4091M) 1.149ms
[257.597s][info][gc,cpu         ] GC(811) User=0.06s Sys=0.00s Real=0.00s
[257.685s][info][gc,start       ] GC(812) Pause Young (System.gc())
[257.686s][info][gc,heap        ] GC(812) PSYoungGen: 312506K(1393152K)->128K(1393664K) Eden: 309580K(1389568K)->0K(1389568K) From: 2926K(3584K)->128K(4096K)
[257.686s][info][gc,heap        ] GC(812) ParOldGen: 85087K(2796544K)->85087K(2796544K)
[257.686s][info][gc,metaspace   ] GC(812) Metaspace: 11830K(12096K)->11830K(12096K) NonClass: 10288K(10432K)->10288K(10432K) Class: 1542K(1664K)->1542K(1664K)
[257.686s][info][gc             ] GC(812) Pause Young (System.gc()) 388M->83M(4092M) 0.457ms
[257.686s][info][gc,cpu         ] GC(812) User=0.00s Sys=0.00s Real=0.00s
[257.686s][info][gc,start       ] GC(813) Pause Full (System.gc())
[257.686s][info][gc,phases,start] GC(813) Marking Phase
[257.734s][info][gc,phases      ] GC(813) Marking Phase 47.642ms
[257.734s][info][gc,phases,start] GC(813) Summary Phase
[257.734s][info][gc,phases      ] GC(813) Summary Phase 0.010ms
[257.734s][info][gc,phases,start] GC(813) Adjust Roots
[257.735s][info][gc,phases      ] GC(813) Adjust Roots 1.212ms
[257.735s][info][gc,phases,start] GC(813) Compaction Phase
[257.750s][info][gc,phases      ] GC(813) Compaction Phase 15.599ms
[257.751s][info][gc,phases,start] GC(813) Post Compact
[257.751s][info][gc,phases      ] GC(813) Post Compact 0.735ms
[257.751s][info][gc,heap        ] GC(813) PSYoungGen: 128K(1393664K)->0K(1393664K) Eden: 0K(1389568K)->0K(1389568K) From: 128K(4096K)->0K(4096K)
[257.751s][info][gc,heap        ] GC(813) ParOldGen: 85087K(2796544K)->85007K(2796544K)
[257.751s][info][gc,metaspace   ] GC(813) Metaspace: 11830K(12096K)->11830K(12096K) NonClass: 10288K(10432K)->10288K(10432K) Class: 1542K(1664K)->1542K(1664K)
[257.751s][info][gc             ] GC(813) Pause Full (System.gc()) 83M->83M(4092M) 65.452ms
[257.751s][info][gc,cpu         ] GC(813) User=0.38s Sys=0.00s Real=0.07s
[258.130s][info][gc,start       ] GC(814) Pause Young (Allocation Failure)
[258.131s][info][gc,heap        ] GC(814) PSYoungGen: 1389568K(1393664K)->2356K(1393664K) Eden: 1389568K(1389568K)->0K(1389568K) From: 0K(4096K)->2356K(4096K)
[258.131s][info][gc,heap        ] GC(814) ParOldGen: 85007K(2796544K)->85007K(2796544K)
[258.131s][info][gc,metaspace   ] GC(814) Metaspace: 11830K(12096K)->11830K(12096K) NonClass: 10288K(10432K)->10288K(10432K) Class: 1542K(1664K)->1542K(1664K)
[258.131s][info][gc             ] GC(814) Pause Young (Allocation Failure) 1440M->85M(4092M) 0.699ms
[258.131s][info][gc,cpu         ] GC(814) User=0.00s Sys=0.00s Real=0.00s
[258.512s][info][gc,start       ] GC(815) Pause Young (Allocation Failure)
[258.512s][info][gc,heap        ] GC(815) PSYoungGen: 1391924K(1393664K)->1056K(1393664K) Eden: 1389568K(1389568K)->0K(1389568K) From: 2356K(4096K)->1056K(4096K)
[258.512s][info][gc,heap        ] GC(815) ParOldGen: 85007K(2796544K)->85023K(2796544K)
[258.512s][info][gc,metaspace   ] GC(815) Metaspace: 11830K(12096K)->11830K(12096K) NonClass: 10288K(10432K)->10288K(10432K) Class: 1542K(1664K)->1542K(1664K)
[258.512s][info][gc             ] GC(815) Pause Young (Allocation Failure) 1442M->84M(4092M) 0.580ms
[258.512s][info][gc,cpu         ] GC(815) User=0.00s Sys=0.00s Real=0.00s
[258.897s][info][gc,start       ] GC(816) Pause Young (Allocation Failure)
[258.897s][info][gc,heap        ] GC(816) PSYoungGen: 1390624K(1393664K)->192K(1393664K) Eden: 1389568K(1389568K)->0K(1389568K) From: 1056K(4096K)->192K(4096K)
[258.897s][info][gc,heap        ] GC(816) ParOldGen: 85023K(2796544K)->85047K(2796544K)
[258.897s][info][gc,metaspace   ] GC(816) Metaspace: 11830K(12096K)->11830K(12096K) NonClass: 10288K(10432K)->10288K(10432K) Class: 1542K(1664K)->1542K(1664K)
[258.897s][info][gc             ] GC(816) Pause Young (Allocation Failure) 1441M->83M(4092M) 0.311ms
[258.897s][info][gc,cpu         ] GC(816) User=0.00s Sys=0.00s Real=0.00s
[259.273s][info][gc,start       ] GC(817) Pause Young (Allocation Failure)
[259.274s][info][gc,heap        ] GC(817) PSYoungGen: 1389760K(1393664K)->1813K(1393664K) Eden: 1389568K(1389568K)->0K(1389568K) From: 192K(4096K)->1813K(4096K)
[259.274s][info][gc,heap        ] GC(817) ParOldGen: 85047K(2796544K)->85047K(2796544K)
[259.274s][info][gc,metaspace   ] GC(817) Metaspace: 11830K(12096K)->11830K(12096K) NonClass: 10288K(10432K)->10288K(10432K) Class: 1542K(1664K)->1542K(1664K)
[259.274s][info][gc             ] GC(817) Pause Young (Allocation Failure) 1440M->84M(4092M) 0.601ms
[259.274s][info][gc,cpu         ] GC(817) User=0.00s Sys=0.00s Real=0.00s
[259.656s][info][gc,start       ] GC(818) Pause Young (Allocation Failure)
[259.656s][info][gc,heap        ] GC(818) PSYoungGen: 1391381K(1393664K)->1256K(1394176K) Eden: 1389568K(1389568K)->0K(1390080K) From: 1813K(4096K)->1256K(4096K)
[259.656s][info][gc,heap        ] GC(818) ParOldGen: 85047K(2796544K)->85063K(2796544K)
[259.656s][info][gc,metaspace   ] GC(818) Metaspace: 11830K(12096K)->11830K(12096K) NonClass: 10288K(10432K)->10288K(10432K) Class: 1542K(1664K)->1542K(1664K)
[259.656s][info][gc             ] GC(818) Pause Young (Allocation Failure) 1441M->84M(4092M) 0.440ms
[259.656s][info][gc,cpu         ] GC(818) User=0.00s Sys=0.00s Real=0.00s
[260.047s][info][gc,start       ] GC(819) Pause Young (Allocation Failure)
[260.047s][info][gc,heap        ] GC(819) PSYoungGen: 1391336K(1394176K)->320K(1393664K) Eden: 1390080K(1390080K)->0K(1390080K) From: 1256K(4096K)->320K(3584K)
[260.047s][info][gc,heap        ] GC(819) ParOldGen: 85063K(2796544K)->85063K(2796544K)
[260.047s][info][gc,metaspace   ] GC(819) Metaspace: 11830K(12096K)->11830K(12096K) NonClass: 10288K(10432K)->10288K(10432K) Class: 1542K(1664K)->1542K(1664K)
[260.047s][info][gc             ] GC(819) Pause Young (Allocation Failure) 1441M->83M(4092M) 0.372ms
[260.047s][info][gc,cpu         ] GC(819) User=0.00s Sys=0.00s Real=0.00s
[260.425s][info][gc,start       ] GC(820) Pause Young (Allocation Failure)
[260.425s][info][gc,heap        ] GC(820) PSYoungGen: 1390400K(1393664K)->2121K(1394176K) Eden: 1390080K(1390080K)->0K(1390592K) From: 320K(3584K)->2121K(3584K)
[260.425s][info][gc,heap        ] GC(820) ParOldGen: 85063K(2796544K)->85079K(2796544K)
[260.425s][info][gc,metaspace   ] GC(820) Metaspace: 11830K(12096K)->11830K(12096K) NonClass: 10288K(10432K)->10288K(10432K) Class: 1542K(1664K)->1542K(1664K)
[260.425s][info][gc             ] GC(820) Pause Young (Allocation Failure) 1440M->85M(4092M) 0.661ms
[260.425s][info][gc,cpu         ] GC(820) User=0.00s Sys=0.00s Real=0.00s
[260.515s][info][gc,start       ] GC(821) Pause Young (System.gc())
[260.515s][info][gc,heap        ] GC(821) PSYoungGen: 331259K(1394176K)->160K(1394176K) Eden: 329137K(1390592K)->0K(1390592K) From: 2121K(3584K)->160K(3584K)
[260.515s][info][gc,heap        ] GC(821) ParOldGen: 85079K(2796544K)->85079K(2796544K)
[260.515s][info][gc,metaspace   ] GC(821) Metaspace: 11830K(12096K)->11830K(12096K) NonClass: 10288K(10432K)->10288K(10432K) Class: 1542K(1664K)->1542K(1664K)
[260.515s][info][gc             ] GC(821) Pause Young (System.gc()) 406M->83M(4092M) 0.278ms
[260.515s][info][gc,cpu         ] GC(821) User=0.00s Sys=0.00s Real=0.00s
[260.515s][info][gc,start       ] GC(822) Pause Full (System.gc())
[260.515s][info][gc,phases,start] GC(822) Marking Phase
[260.585s][info][gc,phases      ] GC(822) Marking Phase 70.011ms
[260.585s][info][gc,phases,start] GC(822) Summary Phase
[260.585s][info][gc,phases      ] GC(822) Summary Phase 0.010ms
[260.585s][info][gc,phases,start] GC(822) Adjust Roots
[260.587s][info][gc,phases      ] GC(822) Adjust Roots 1.507ms
[260.587s][info][gc,phases,start] GC(822) Compaction Phase
[260.603s][info][gc,phases      ] GC(822) Compaction Phase 16.469ms
[260.603s][info][gc,phases,start] GC(822) Post Compact
[260.604s][info][gc,phases      ] GC(822) Post Compact 0.899ms
[260.604s][info][gc,heap        ] GC(822) PSYoungGen: 160K(1394176K)->0K(1394176K) Eden: 0K(1390592K)->0K(1390592K) From: 160K(3584K)->0K(3584K)
[260.604s][info][gc,heap        ] GC(822) ParOldGen: 85079K(2796544K)->85007K(2796544K)
[260.604s][info][gc,metaspace   ] GC(822) Metaspace: 11830K(12096K)->11830K(12096K) NonClass: 10288K(10432K)->10288K(10432K) Class: 1542K(1664K)->1542K(1664K)
[260.604s][info][gc             ] GC(822) Pause Full (System.gc()) 83M->83M(4092M) 89.163ms
[260.604s][info][gc,cpu         ] GC(822) User=0.56s Sys=0.00s Real=0.09s
[260.989s][info][gc,start       ] GC(823) Pause Young (Allocation Failure)
[260.989s][info][gc,heap        ] GC(823) PSYoungGen: 1390592K(1394176K)->1928K(1394176K) Eden: 1390592K(1390592K)->0K(1390592K) From: 0K(3584K)->1928K(3584K)
[260.989s][info][gc,heap        ] GC(823) ParOldGen: 85007K(2796544K)->85007K(2796544K)
[260.989s][info][gc,metaspace   ] GC(823) Metaspace: 11830K(12096K)->11830K(12096K) NonClass: 10288K(10432K)->10288K(10432K) Class: 1542K(1664K)->1542K(1664K)
[260.989s][info][gc             ] GC(823) Pause Young (Allocation Failure) 1441M->84M(4092M) 0.555ms
[260.989s][info][gc,cpu         ] GC(823) User=0.00s Sys=0.00s Real=0.00s
[261.370s][info][gc,start       ] GC(824) Pause Young (Allocation Failure)
[261.370s][info][gc,heap        ] GC(824) PSYoungGen: 1392520K(1394176K)->1523K(1394176K) Eden: 1390592K(1390592K)->0K(1390592K) From: 1928K(3584K)->1523K(3584K)
[261.370s][info][gc,heap        ] GC(824) ParOldGen: 85007K(2796544K)->85015K(2796544K)
[261.370s][info][gc,metaspace   ] GC(824) Metaspace: 11830K(12096K)->11830K(12096K) NonClass: 10288K(10432K)->10288K(10432K) Class: 1542K(1664K)->1542K(1664K)
[261.370s][info][gc             ] GC(824) Pause Young (Allocation Failure) 1442M->84M(4092M) 0.512ms
[261.370s][info][gc,cpu         ] GC(824) User=0.00s Sys=0.00s Real=0.00s
[261.756s][info][gc,start       ] GC(825) Pause Young (Allocation Failure)
[261.757s][info][gc,heap        ] GC(825) PSYoungGen: 1392115K(1394176K)->705K(1394176K) Eden: 1390592K(1390592K)->0K(1390592K) From: 1523K(3584K)->705K(3584K)
[261.757s][info][gc,heap        ] GC(825) ParOldGen: 85015K(2796544K)->85031K(2796544K)
[261.757s][info][gc,metaspace   ] GC(825) Metaspace: 11830K(12096K)->11830K(12096K) NonClass: 10288K(10432K)->10288K(10432K) Class: 1542K(1664K)->1542K(1664K)
[261.757s][info][gc             ] GC(825) Pause Young (Allocation Failure) 1442M->83M(4092M) 0.397ms
[261.757s][info][gc,cpu         ] GC(825) User=0.00s Sys=0.00s Real=0.00s
[262.132s][info][gc,start       ] GC(826) Pause Young (Allocation Failure)
[262.133s][info][gc,heap        ] GC(826) PSYoungGen: 1391230K(1394176K)->2427K(1394176K) Eden: 1390524K(1390592K)->0K(1390592K) From: 705K(3584K)->2427K(3584K)
[262.133s][info][gc,heap        ] GC(826) ParOldGen: 85031K(2796544K)->85031K(2796544K)
[262.133s][info][gc,metaspace   ] GC(826) Metaspace: 11830K(12096K)->11830K(12096K) NonClass: 10288K(10432K)->10288K(10432K) Class: 1542K(1664K)->1542K(1664K)
[262.133s][info][gc             ] GC(826) Pause Young (Allocation Failure) 1441M->85M(4092M) 0.814ms
[262.133s][info][gc,cpu         ] GC(826) User=0.00s Sys=0.00s Real=0.00s
[262.514s][info][gc,start       ] GC(827) Pause Young (Allocation Failure)
[262.514s][info][gc,heap        ] GC(827) PSYoungGen: 1393019K(1394176K)->1750K(1394176K) Eden: 1390592K(1390592K)->0K(1390592K) From: 2427K(3584K)->1750K(3584K)
[262.514s][info][gc,heap        ] GC(827) ParOldGen: 85031K(2796544K)->85047K(2796544K)
[262.515s][info][gc,metaspace   ] GC(827) Metaspace: 11830K(12096K)->11830K(12096K) NonClass: 10288K(10432K)->10288K(10432K) Class: 1542K(1664K)->1542K(1664K)
[262.515s][info][gc             ] GC(827) Pause Young (Allocation Failure) 1443M->84M(4092M) 0.562ms
[262.515s][info][gc,cpu         ] GC(827) User=0.00s Sys=0.00s Real=0.00s
[262.898s][info][gc,start       ] GC(828) Pause Young (Allocation Failure)
[262.898s][info][gc,heap        ] GC(828) PSYoungGen: 1392342K(1394176K)->722K(1394176K) Eden: 1390592K(1390592K)->0K(1390592K) From: 1750K(3584K)->722K(3584K)
[262.898s][info][gc,heap        ] GC(828) ParOldGen: 85047K(2796544K)->85047K(2796544K)
[262.898s][info][gc,metaspace   ] GC(828) Metaspace: 11830K(12096K)->11830K(12096K) NonClass: 10288K(10432K)->10288K(10432K) Class: 1542K(1664K)->1542K(1664K)
[262.898s][info][gc             ] GC(828) Pause Young (Allocation Failure) 1442M->83M(4092M) 0.411ms
[262.898s][info][gc,cpu         ] GC(828) User=0.00s Sys=0.00s Real=0.00s
[263.273s][info][gc,start       ] GC(829) Pause Young (Allocation Failure)
[263.273s][info][gc,heap        ] GC(829) PSYoungGen: 1391314K(1394176K)->2862K(1393152K) Eden: 1390592K(1390592K)->0K(1389568K) From: 722K(3584K)->2862K(3584K)
[263.273s][info][gc,heap        ] GC(829) ParOldGen: 85047K(2796544K)->85071K(2796544K)
[263.273s][info][gc,metaspace   ] GC(829) Metaspace: 11830K(12096K)->11830K(12096K) NonClass: 10288K(10432K)->10288K(10432K) Class: 1542K(1664K)->1542K(1664K)
[263.273s][info][gc             ] GC(829) Pause Young (Allocation Failure) 1441M->85M(4091M) 0.796ms
[263.274s][info][gc,cpu         ] GC(829) User=0.00s Sys=0.00s Real=0.00s
[263.361s][info][gc,start       ] GC(830) Pause Young (System.gc())
[263.362s][info][gc,heap        ] GC(830) PSYoungGen: 320813K(1393152K)->160K(1393664K) Eden: 317951K(1389568K)->0K(1389568K) From: 2862K(3584K)->160K(4096K)
[263.362s][info][gc,heap        ] GC(830) ParOldGen: 85071K(2796544K)->85071K(2796544K)
[263.362s][info][gc,metaspace   ] GC(830) Metaspace: 11830K(12096K)->11830K(12096K) NonClass: 10288K(10432K)->10288K(10432K) Class: 1542K(1664K)->1542K(1664K)
[263.362s][info][gc             ] GC(830) Pause Young (System.gc()) 396M->83M(4092M) 0.355ms
[263.362s][info][gc,cpu         ] GC(830) User=0.08s Sys=0.00s Real=0.00s
[263.362s][info][gc,start       ] GC(831) Pause Full (System.gc())
[263.362s][info][gc,phases,start] GC(831) Marking Phase
[263.425s][info][gc,phases      ] GC(831) Marking Phase 63.626ms
[263.426s][info][gc,phases,start] GC(831) Summary Phase
[263.426s][info][gc,phases      ] GC(831) Summary Phase 0.010ms
[263.426s][info][gc,phases,start] GC(831) Adjust Roots
[263.427s][info][gc,phases      ] GC(831) Adjust Roots 1.149ms
[263.427s][info][gc,phases,start] GC(831) Compaction Phase
[263.443s][info][gc,phases      ] GC(831) Compaction Phase 15.778ms
[263.443s][info][gc,phases,start] GC(831) Post Compact
[263.443s][info][gc,phases      ] GC(831) Post Compact 0.804ms
[263.443s][info][gc,heap        ] GC(831) PSYoungGen: 160K(1393664K)->0K(1393664K) Eden: 0K(1389568K)->0K(1389568K) From: 160K(4096K)->0K(4096K)
[263.444s][info][gc,heap        ] GC(831) ParOldGen: 85071K(2796544K)->85007K(2796544K)
[263.444s][info][gc,metaspace   ] GC(831) Metaspace: 11830K(12096K)->11830K(12096K) NonClass: 10288K(10432K)->10288K(10432K) Class: 1542K(1664K)->1542K(1664K)
[263.444s][info][gc             ] GC(831) Pause Full (System.gc()) 83M->83M(4092M) 81.682ms
[263.444s][info][gc,cpu         ] GC(831) User=0.33s Sys=0.00s Real=0.08s
[263.828s][info][gc,start       ] GC(832) Pause Young (Allocation Failure)
[263.829s][info][gc,heap        ] GC(832) PSYoungGen: 1389568K(1393664K)->1994K(1393664K) Eden: 1389568K(1389568K)->0K(1389568K) From: 0K(4096K)->1994K(4096K)
[263.829s][info][gc,heap        ] GC(832) ParOldGen: 85007K(2796544K)->85007K(2796544K)
[263.829s][info][gc,metaspace   ] GC(832) Metaspace: 11832K(12096K)->11832K(12096K) NonClass: 10289K(10432K)->10289K(10432K) Class: 1542K(1664K)->1542K(1664K)
[263.829s][info][gc             ] GC(832) Pause Young (Allocation Failure) 1440M->84M(4092M) 0.657ms
[263.829s][info][gc,cpu         ] GC(832) User=0.00s Sys=0.00s Real=0.00s
[264.210s][info][gc,start       ] GC(833) Pause Young (Allocation Failure)
[264.211s][info][gc,heap        ] GC(833) PSYoungGen: 1391562K(1393664K)->887K(1393664K) Eden: 1389568K(1389568K)->0K(1389568K) From: 1994K(4096K)->887K(4096K)
[264.211s][info][gc,heap        ] GC(833) ParOldGen: 85007K(2796544K)->85015K(2796544K)
[264.211s][info][gc,metaspace   ] GC(833) Metaspace: 11832K(12096K)->11832K(12096K) NonClass: 10289K(10432K)->10289K(10432K) Class: 1542K(1664K)->1542K(1664K)
[264.211s][info][gc             ] GC(833) Pause Young (Allocation Failure) 1441M->83M(4092M) 0.457ms
[264.211s][info][gc,cpu         ] GC(833) User=0.00s Sys=0.00s Real=0.00s
[264.587s][info][gc,start       ] GC(834) Pause Young (Allocation Failure)
[264.587s][info][gc,heap        ] GC(834) PSYoungGen: 1390455K(1393664K)->3414K(1392128K) Eden: 1389568K(1389568K)->0K(1388544K) From: 887K(4096K)->3414K(3584K)
[264.588s][info][gc,heap        ] GC(834) ParOldGen: 85015K(2796544K)->85039K(2796544K)
[264.588s][info][gc,metaspace   ] GC(834) Metaspace: 11832K(12096K)->11832K(12096K) NonClass: 10289K(10432K)->10289K(10432K) Class: 1542K(1664K)->1542K(1664K)
[264.588s][info][gc             ] GC(834) Pause Young (Allocation Failure) 1440M->86M(4090M) 0.906ms
[264.588s][info][gc,cpu         ] GC(834) User=0.00s Sys=0.00s Real=0.00s
[264.973s][info][gc,start       ] GC(835) Pause Young (Allocation Failure)
[264.973s][info][gc,heap        ] GC(835) PSYoungGen: 1391958K(1392128K)->1854K(1393152K) Eden: 1388544K(1388544K)->0K(1388544K) From: 3414K(3584K)->1854K(4608K)
[264.973s][info][gc,heap        ] GC(835) ParOldGen: 85039K(2796544K)->85039K(2796544K)
[264.973s][info][gc,metaspace   ] GC(835) Metaspace: 11832K(12096K)->11832K(12096K) NonClass: 10289K(10432K)->10289K(10432K) Class: 1542K(1664K)->1542K(1664K)
[264.973s][info][gc             ] GC(835) Pause Young (Allocation Failure) 1442M->84M(4091M) 0.649ms
[264.973s][info][gc,cpu         ] GC(835) User=0.00s Sys=0.00s Real=0.00s
[265.351s][info][gc,start       ] GC(836) Pause Young (Allocation Failure)
[265.351s][info][gc,heap        ] GC(836) PSYoungGen: 1390398K(1393152K)->722K(1393664K) Eden: 1388544K(1388544K)->0K(1389568K) From: 1854K(4608K)->722K(4096K)
[265.351s][info][gc,heap        ] GC(836) ParOldGen: 85039K(2796544K)->85055K(2796544K)
[265.351s][info][gc,metaspace   ] GC(836) Metaspace: 11832K(12096K)->11832K(12096K) NonClass: 10289K(10432K)->10289K(10432K) Class: 1542K(1664K)->1542K(1664K)
[265.351s][info][gc             ] GC(836) Pause Young (Allocation Failure) 1440M->83M(4092M) 0.420ms
[265.351s][info][gc,cpu         ] GC(836) User=0.00s Sys=0.00s Real=0.00s
[265.732s][info][gc,start       ] GC(837) Pause Young (Allocation Failure)
[265.733s][info][gc,heap        ] GC(837) PSYoungGen: 1390290K(1393664K)->2706K(1393664K) Eden: 1389568K(1389568K)->0K(1389568K) From: 722K(4096K)->2706K(4096K)
[265.733s][info][gc,heap        ] GC(837) ParOldGen: 85055K(2796544K)->85055K(2796544K)
[265.733s][info][gc,metaspace   ] GC(837) Metaspace: 11832K(12096K)->11832K(12096K) NonClass: 10289K(10432K)->10289K(10432K) Class: 1542K(1664K)->1542K(1664K)
[265.733s][info][gc             ] GC(837) Pause Young (Allocation Failure) 1440M->85M(4092M) 0.737ms
[265.733s][info][gc,cpu         ] GC(837) User=0.00s Sys=0.00s Real=0.00s
[266.111s][info][gc,start       ] GC(838) Pause Young (Allocation Failure)
[266.111s][info][gc,heap        ] GC(838) PSYoungGen: 1392274K(1393664K)->1289K(1393664K) Eden: 1389568K(1389568K)->0K(1389568K) From: 2706K(4096K)->1289K(4096K)
[266.111s][info][gc,heap        ] GC(838) ParOldGen: 85055K(2796544K)->85071K(2796544K)
[266.111s][info][gc,metaspace   ] GC(838) Metaspace: 11832K(12096K)->11832K(12096K) NonClass: 10289K(10432K)->10289K(10432K) Class: 1542K(1664K)->1542K(1664K)
[266.111s][info][gc             ] GC(838) Pause Young (Allocation Failure) 1442M->84M(4092M) 0.472ms
[266.111s][info][gc,cpu         ] GC(838) User=0.00s Sys=0.00s Real=0.00s
[266.204s][info][gc,start       ] GC(839) Pause Young (System.gc())
[266.204s][info][gc,heap        ] GC(839) PSYoungGen: 340047K(1393664K)->160K(1393664K) Eden: 338758K(1389568K)->0K(1389568K) From: 1289K(4096K)->160K(4096K)
[266.204s][info][gc,heap        ] GC(839) ParOldGen: 85071K(2796544K)->85071K(2796544K)
[266.204s][info][gc,metaspace   ] GC(839) Metaspace: 11833K(12096K)->11833K(12096K) NonClass: 10291K(10432K)->10291K(10432K) Class: 1542K(1664K)->1542K(1664K)
[266.204s][info][gc             ] GC(839) Pause Young (System.gc()) 415M->83M(4092M) 0.336ms
[266.204s][info][gc,cpu         ] GC(839) User=0.00s Sys=0.00s Real=0.00s
[266.204s][info][gc,start       ] GC(840) Pause Full (System.gc())
[266.204s][info][gc,phases,start] GC(840) Marking Phase
[266.270s][info][gc,phases      ] GC(840) Marking Phase 66.418ms
[266.270s][info][gc,phases,start] GC(840) Summary Phase
[266.270s][info][gc,phases      ] GC(840) Summary Phase 0.010ms
[266.270s][info][gc,phases,start] GC(840) Adjust Roots
[266.272s][info][gc,phases      ] GC(840) Adjust Roots 1.134ms
[266.272s][info][gc,phases,start] GC(840) Compaction Phase
[266.289s][info][gc,phases      ] GC(840) Compaction Phase 16.960ms
[266.289s][info][gc,phases,start] GC(840) Post Compact
[266.289s][info][gc,phases      ] GC(840) Post Compact 0.737ms
[266.289s][info][gc,heap        ] GC(840) PSYoungGen: 160K(1393664K)->0K(1393664K) Eden: 0K(1389568K)->0K(1389568K) From: 160K(4096K)->0K(4096K)
[266.289s][info][gc,heap        ] GC(840) ParOldGen: 85071K(2796544K)->85007K(2796544K)
[266.289s][info][gc,metaspace   ] GC(840) Metaspace: 11833K(12096K)->11833K(12096K) NonClass: 10291K(10432K)->10291K(10432K) Class: 1542K(1664K)->1542K(1664K)
[266.289s][info][gc             ] GC(840) Pause Full (System.gc()) 83M->83M(4092M) 85.528ms
[266.289s][info][gc,cpu         ] GC(840) User=0.48s Sys=0.00s Real=0.09s
[266.670s][info][gc,start       ] GC(841) Pause Young (Allocation Failure)
[266.671s][info][gc,heap        ] GC(841) PSYoungGen: 1389522K(1393664K)->2005K(1393664K) Eden: 1389522K(1389568K)->0K(1389568K) From: 0K(4096K)->2005K(4096K)
[266.671s][info][gc,heap        ] GC(841) ParOldGen: 85007K(2796544K)->85007K(2796544K)
[266.671s][info][gc,metaspace   ] GC(841) Metaspace: 11845K(12096K)->11845K(12096K) NonClass: 10303K(10432K)->10303K(10432K) Class: 1542K(1664K)->1542K(1664K)
[266.671s][info][gc             ] GC(841) Pause Young (Allocation Failure) 1439M->84M(4092M) 0.737ms
[266.671s][info][gc,cpu         ] GC(841) User=0.00s Sys=0.00s Real=0.00s
[267.054s][info][gc,start       ] GC(842) Pause Young (Allocation Failure)
[267.055s][info][gc,heap        ] GC(842) PSYoungGen: 1391573K(1393664K)->882K(1393664K) Eden: 1389568K(1389568K)->0K(1389568K) From: 2005K(4096K)->882K(4096K)
[267.055s][info][gc,heap        ] GC(842) ParOldGen: 85007K(2796544K)->85015K(2796544K)
[267.055s][info][gc,metaspace   ] GC(842) Metaspace: 11845K(12096K)->11845K(12096K) NonClass: 10303K(10432K)->10303K(10432K) Class: 1542K(1664K)->1542K(1664K)
[267.055s][info][gc             ] GC(842) Pause Young (Allocation Failure) 1441M->83M(4092M) 0.420ms
[267.055s][info][gc,cpu         ] GC(842) User=0.00s Sys=0.00s Real=0.00s
[267.430s][info][gc,start       ] GC(843) Pause Young (Allocation Failure)
[267.431s][info][gc,heap        ] GC(843) PSYoungGen: 1390450K(1393664K)->3073K(1392640K) Eden: 1389568K(1389568K)->0K(1388544K) From: 882K(4096K)->3073K(4096K)
[267.431s][info][gc,heap        ] GC(843) ParOldGen: 85015K(2796544K)->85039K(2796544K)
[267.431s][info][gc,metaspace   ] GC(843) Metaspace: 11845K(12096K)->11845K(12096K) NonClass: 10303K(10432K)->10303K(10432K) Class: 1542K(1664K)->1542K(1664K)
[267.431s][info][gc             ] GC(843) Pause Young (Allocation Failure) 1440M->86M(4091M) 1.162ms
[267.431s][info][gc,cpu         ] GC(843) User=0.00s Sys=0.00s Real=0.00s
[267.818s][info][gc,start       ] GC(844) Pause Young (Allocation Failure)
[267.819s][info][gc,heap        ] GC(844) PSYoungGen: 1391617K(1392640K)->1793K(1393152K) Eden: 1388544K(1388544K)->0K(1388544K) From: 3073K(4096K)->1793K(4608K)
[267.819s][info][gc,heap        ] GC(844) ParOldGen: 85039K(2796544K)->85039K(2796544K)
[267.819s][info][gc,metaspace   ] GC(844) Metaspace: 11845K(12096K)->11845K(12096K) NonClass: 10303K(10432K)->10303K(10432K) Class: 1542K(1664K)->1542K(1664K)
[267.819s][info][gc             ] GC(844) Pause Young (Allocation Failure) 1442M->84M(4091M) 0.776ms
[267.819s][info][gc,cpu         ] GC(844) User=0.00s Sys=0.00s Real=0.00s
[268.196s][info][gc,start       ] GC(845) Pause Young (Allocation Failure)
[268.197s][info][gc,heap        ] GC(845) PSYoungGen: 1390337K(1393152K)->626K(1393664K) Eden: 1388544K(1388544K)->0K(1389568K) From: 1793K(4608K)->626K(4096K)
[268.197s][info][gc,heap        ] GC(845) ParOldGen: 85039K(2796544K)->85063K(2796544K)
[268.197s][info][gc,metaspace   ] GC(845) Metaspace: 11845K(12096K)->11845K(12096K) NonClass: 10303K(10432K)->10303K(10432K) Class: 1542K(1664K)->1542K(1664K)
[268.197s][info][gc             ] GC(845) Pause Young (Allocation Failure) 1440M->83M(4092M) 0.413ms
[268.197s][info][gc,cpu         ] GC(845) User=0.00s Sys=0.00s Real=0.00s
[268.573s][info][gc,start       ] GC(846) Pause Young (Allocation Failure)
[268.574s][info][gc,heap        ] GC(846) PSYoungGen: 1390194K(1393664K)->2309K(1393664K) Eden: 1389568K(1389568K)->0K(1389568K) From: 626K(4096K)->2309K(4096K)
[268.574s][info][gc,heap        ] GC(846) ParOldGen: 85063K(2796544K)->85063K(2796544K)
[268.574s][info][gc,metaspace   ] GC(846) Metaspace: 11845K(12096K)->11845K(12096K) NonClass: 10303K(10432K)->10303K(10432K) Class: 1542K(1664K)->1542K(1664K)
[268.574s][info][gc             ] GC(846) Pause Young (Allocation Failure) 1440M->85M(4092M) 0.671ms
[268.574s][info][gc,cpu         ] GC(846) User=0.00s Sys=0.00s Real=0.00s
[268.958s][info][gc,start       ] GC(847) Pause Young (Allocation Failure)
[268.959s][info][gc,heap        ] GC(847) PSYoungGen: 1391877K(1393664K)->1556K(1393664K) Eden: 1389568K(1389568K)->0K(1389568K) From: 2309K(4096K)->1556K(4096K)
[268.959s][info][gc,heap        ] GC(847) ParOldGen: 85063K(2796544K)->85079K(2796544K)
[268.959s][info][gc,metaspace   ] GC(847) Metaspace: 11845K(12096K)->11845K(12096K) NonClass: 10303K(10432K)->10303K(10432K) Class: 1542K(1664K)->1542K(1664K)
[268.959s][info][gc             ] GC(847) Pause Young (Allocation Failure) 1442M->84M(4092M) 0.574ms
[268.959s][info][gc,cpu         ] GC(847) User=0.00s Sys=0.00s Real=0.00s
[269.050s][info][gc,start       ] GC(848) Pause Young (System.gc())
[269.050s][info][gc,heap        ] GC(848) PSYoungGen: 345793K(1393664K)->160K(1393664K) Eden: 344236K(1389568K)->0K(1389568K) From: 1556K(4096K)->160K(4096K)
[269.050s][info][gc,heap        ] GC(848) ParOldGen: 85079K(2796544K)->85079K(2796544K)
[269.050s][info][gc,metaspace   ] GC(848) Metaspace: 11845K(12096K)->11845K(12096K) NonClass: 10303K(10432K)->10303K(10432K) Class: 1542K(1664K)->1542K(1664K)
[269.051s][info][gc             ] GC(848) Pause Young (System.gc()) 420M->83M(4092M) 0.276ms
[269.051s][info][gc,cpu         ] GC(848) User=0.00s Sys=0.00s Real=0.00s
[269.051s][info][gc,start       ] GC(849) Pause Full (System.gc())
[269.051s][info][gc,phases,start] GC(849) Marking Phase
[269.112s][info][gc,phases      ] GC(849) Marking Phase 61.811ms
[269.112s][info][gc,phases,start] GC(849) Summary Phase
[269.112s][info][gc,phases      ] GC(849) Summary Phase 0.010ms
[269.112s][info][gc,phases,start] GC(849) Adjust Roots
[269.114s][info][gc,phases      ] GC(849) Adjust Roots 1.521ms
[269.114s][info][gc,phases,start] GC(849) Compaction Phase
[269.131s][info][gc,phases      ] GC(849) Compaction Phase 16.949ms
[269.131s][info][gc,phases,start] GC(849) Post Compact
[269.132s][info][gc,phases      ] GC(849) Post Compact 0.903ms
[269.132s][info][gc,heap        ] GC(849) PSYoungGen: 160K(1393664K)->0K(1393664K) Eden: 0K(1389568K)->0K(1389568K) From: 160K(4096K)->0K(4096K)
[269.132s][info][gc,heap        ] GC(849) ParOldGen: 85079K(2796544K)->85007K(2796544K)
[269.132s][info][gc,metaspace   ] GC(849) Metaspace: 11845K(12096K)->11845K(12096K) NonClass: 10303K(10432K)->10303K(10432K) Class: 1542K(1664K)->1542K(1664K)
[269.132s][info][gc             ] GC(849) Pause Full (System.gc()) 83M->83M(4092M) 81.462ms
[269.132s][info][gc,cpu         ] GC(849) User=0.31s Sys=0.02s Real=0.08s
[269.511s][info][gc,start       ] GC(850) Pause Young (Allocation Failure)
[269.512s][info][gc,heap        ] GC(850) PSYoungGen: 1389568K(1393664K)->2087K(1393664K) Eden: 1389568K(1389568K)->0K(1389568K) From: 0K(4096K)->2087K(4096K)
[269.512s][info][gc,heap        ] GC(850) ParOldGen: 85007K(2796544K)->85007K(2796544K)
[269.512s][info][gc,metaspace   ] GC(850) Metaspace: 11845K(12096K)->11845K(12096K) NonClass: 10303K(10432K)->10303K(10432K) Class: 1542K(1664K)->1542K(1664K)
[269.512s][info][gc             ] GC(850) Pause Young (Allocation Failure) 1440M->85M(4092M) 0.668ms
[269.512s][info][gc,cpu         ] GC(850) User=0.00s Sys=0.00s Real=0.00s
[269.898s][info][gc,start       ] GC(851) Pause Young (Allocation Failure)
[269.898s][info][gc,heap        ] GC(851) PSYoungGen: 1391655K(1393664K)->1066K(1393664K) Eden: 1389568K(1389568K)->0K(1389568K) From: 2087K(4096K)->1066K(4096K)
[269.898s][info][gc,heap        ] GC(851) ParOldGen: 85007K(2796544K)->85015K(2796544K)
[269.898s][info][gc,metaspace   ] GC(851) Metaspace: 11845K(12096K)->11845K(12096K) NonClass: 10303K(10432K)->10303K(10432K) Class: 1542K(1664K)->1542K(1664K)
[269.898s][info][gc             ] GC(851) Pause Young (Allocation Failure) 1442M->84M(4092M) 0.484ms
[269.898s][info][gc,cpu         ] GC(851) User=0.00s Sys=0.00s Real=0.00s
[270.278s][info][gc,start       ] GC(852) Pause Young (Allocation Failure)
[270.278s][info][gc,heap        ] GC(852) PSYoungGen: 1390634K(1393664K)->192K(1393664K) Eden: 1389568K(1389568K)->0K(1389568K) From: 1066K(4096K)->192K(4096K)
[270.278s][info][gc,heap        ] GC(852) ParOldGen: 85015K(2796544K)->85039K(2796544K)
[270.278s][info][gc,metaspace   ] GC(852) Metaspace: 11845K(12096K)->11845K(12096K) NonClass: 10303K(10432K)->10303K(10432K) Class: 1542K(1664K)->1542K(1664K)
[270.278s][info][gc             ] GC(852) Pause Young (Allocation Failure) 1441M->83M(4092M) 0.330ms
[270.278s][info][gc,cpu         ] GC(852) User=0.00s Sys=0.00s Real=0.00s
[270.657s][info][gc,start       ] GC(853) Pause Young (Allocation Failure)
[270.657s][info][gc,heap        ] GC(853) PSYoungGen: 1389760K(1393664K)->2318K(1393664K) Eden: 1389568K(1389568K)->0K(1389568K) From: 192K(4096K)->2318K(4096K)
[270.657s][info][gc,heap        ] GC(853) ParOldGen: 85039K(2796544K)->85039K(2796544K)
[270.657s][info][gc,metaspace   ] GC(853) Metaspace: 11845K(12096K)->11845K(12096K) NonClass: 10303K(10432K)->10303K(10432K) Class: 1542K(1664K)->1542K(1664K)
[270.657s][info][gc             ] GC(853) Pause Young (Allocation Failure) 1440M->85M(4092M) 0.618ms
[270.657s][info][gc,cpu         ] GC(853) User=0.00s Sys=0.00s Real=0.00s
[271.042s][info][gc,start       ] GC(854) Pause Young (Allocation Failure)
[271.043s][info][gc,heap        ] GC(854) PSYoungGen: 1391886K(1393664K)->1413K(1394176K) Eden: 1389568K(1389568K)->0K(1390080K) From: 2318K(4096K)->1413K(4096K)
[271.043s][info][gc,heap        ] GC(854) ParOldGen: 85039K(2796544K)->85063K(2796544K)
[271.043s][info][gc,metaspace   ] GC(854) Metaspace: 11845K(12096K)->11845K(12096K) NonClass: 10303K(10432K)->10303K(10432K) Class: 1542K(1664K)->1542K(1664K)
[271.043s][info][gc             ] GC(854) Pause Young (Allocation Failure) 1442M->84M(4092M) 0.574ms
[271.043s][info][gc,cpu         ] GC(854) User=0.00s Sys=0.00s Real=0.00s
[271.421s][info][gc,start       ] GC(855) Pause Young (Allocation Failure)
[271.422s][info][gc,heap        ] GC(855) PSYoungGen: 1391493K(1394176K)->577K(1393664K) Eden: 1390080K(1390080K)->0K(1390080K) From: 1413K(4096K)->577K(3584K)
[271.422s][info][gc,heap        ] GC(855) ParOldGen: 85063K(2796544K)->85063K(2796544K)
[271.422s][info][gc,metaspace   ] GC(855) Metaspace: 11845K(12096K)->11845K(12096K) NonClass: 10303K(10432K)->10303K(10432K) Class: 1542K(1664K)->1542K(1664K)
[271.422s][info][gc             ] GC(855) Pause Young (Allocation Failure) 1441M->83M(4092M) 0.406ms
[271.422s][info][gc,cpu         ] GC(855) User=0.00s Sys=0.00s Real=0.00s
[271.805s][info][gc,start       ] GC(856) Pause Young (Allocation Failure)
[271.805s][info][gc,heap        ] GC(856) PSYoungGen: 1390657K(1393664K)->2447K(1393152K) Eden: 1390080K(1390080K)->0K(1389568K) From: 577K(3584K)->2447K(3584K)
[271.805s][info][gc,heap        ] GC(856) ParOldGen: 85063K(2796544K)->85087K(2796544K)
[271.805s][info][gc,metaspace   ] GC(856) Metaspace: 11845K(12096K)->11845K(12096K) NonClass: 10303K(10432K)->10303K(10432K) Class: 1542K(1664K)->1542K(1664K)
[271.805s][info][gc             ] GC(856) Pause Young (Allocation Failure) 1441M->85M(4091M) 0.698ms
[271.805s][info][gc,cpu         ] GC(856) User=0.00s Sys=0.00s Real=0.00s
[271.895s][info][gc,start       ] GC(857) Pause Young (System.gc())
[271.895s][info][gc,heap        ] GC(857) PSYoungGen: 327736K(1393152K)->160K(1393664K) Eden: 325288K(1389568K)->0K(1389568K) From: 2447K(3584K)->160K(4096K)
[271.895s][info][gc,heap        ] GC(857) ParOldGen: 85087K(2796544K)->85087K(2796544K)
[271.895s][info][gc,metaspace   ] GC(857) Metaspace: 11845K(12096K)->11845K(12096K) NonClass: 10303K(10432K)->10303K(10432K) Class: 1542K(1664K)->1542K(1664K)
[271.895s][info][gc             ] GC(857) Pause Young (System.gc()) 403M->83M(4092M) 0.279ms
[271.895s][info][gc,cpu         ] GC(857) User=0.00s Sys=0.00s Real=0.00s
[271.895s][info][gc,start       ] GC(858) Pause Full (System.gc())
[271.895s][info][gc,phases,start] GC(858) Marking Phase
[271.939s][info][gc,phases      ] GC(858) Marking Phase 43.737ms
[271.939s][info][gc,phases,start] GC(858) Summary Phase
[271.939s][info][gc,phases      ] GC(858) Summary Phase 0.010ms
[271.939s][info][gc,phases,start] GC(858) Adjust Roots
[271.941s][info][gc,phases      ] GC(858) Adjust Roots 1.706ms
[271.941s][info][gc,phases,start] GC(858) Compaction Phase
[271.957s][info][gc,phases      ] GC(858) Compaction Phase 15.949ms
[271.957s][info][gc,phases,start] GC(858) Post Compact
[271.958s][info][gc,phases      ] GC(858) Post Compact 0.663ms
[271.958s][info][gc,heap        ] GC(858) PSYoungGen: 160K(1393664K)->0K(1393664K) Eden: 0K(1389568K)->0K(1389568K) From: 160K(4096K)->0K(4096K)
[271.958s][info][gc,heap        ] GC(858) ParOldGen: 85087K(2796544K)->85007K(2796544K)
[271.958s][info][gc,metaspace   ] GC(858) Metaspace: 11845K(12096K)->11845K(12096K) NonClass: 10303K(10432K)->10303K(10432K) Class: 1542K(1664K)->1542K(1664K)
[271.958s][info][gc             ] GC(858) Pause Full (System.gc()) 83M->83M(4092M) 62.294ms
[271.958s][info][gc,cpu         ] GC(858) User=0.22s Sys=0.00s Real=0.06s
[272.337s][info][gc,start       ] GC(859) Pause Young (Allocation Failure)
[272.337s][info][gc,heap        ] GC(859) PSYoungGen: 1389568K(1393664K)->2368K(1393664K) Eden: 1389568K(1389568K)->0K(1389568K) From: 0K(4096K)->2368K(4096K)
[272.337s][info][gc,heap        ] GC(859) ParOldGen: 85007K(2796544K)->85007K(2796544K)
[272.337s][info][gc,metaspace   ] GC(859) Metaspace: 11845K(12096K)->11845K(12096K) NonClass: 10303K(10432K)->10303K(10432K) Class: 1542K(1664K)->1542K(1664K)
[272.337s][info][gc             ] GC(859) Pause Young (Allocation Failure) 1440M->85M(4092M) 0.685ms
[272.337s][info][gc,cpu         ] GC(859) User=0.00s Sys=0.00s Real=0.00s
[272.724s][info][gc,start       ] GC(860) Pause Young (Allocation Failure)
[272.725s][info][gc,heap        ] GC(860) PSYoungGen: 1391936K(1393664K)->1625K(1393664K) Eden: 1389568K(1389568K)->0K(1389568K) From: 2368K(4096K)->1625K(4096K)
[272.725s][info][gc,heap        ] GC(860) ParOldGen: 85007K(2796544K)->85015K(2796544K)
[272.725s][info][gc,metaspace   ] GC(860) Metaspace: 11845K(12096K)->11845K(12096K) NonClass: 10303K(10432K)->10303K(10432K) Class: 1542K(1664K)->1542K(1664K)
[272.725s][info][gc             ] GC(860) Pause Young (Allocation Failure) 1442M->84M(4092M) 0.572ms
[272.725s][info][gc,cpu         ] GC(860) User=0.00s Sys=0.00s Real=0.00s
[273.105s][info][gc,start       ] GC(861) Pause Young (Allocation Failure)
[273.106s][info][gc,heap        ] GC(861) PSYoungGen: 1391193K(1393664K)->927K(1394176K) Eden: 1389568K(1389568K)->0K(1390080K) From: 1625K(4096K)->927K(4096K)
[273.106s][info][gc,heap        ] GC(861) ParOldGen: 85015K(2796544K)->85031K(2796544K)
[273.106s][info][gc,metaspace   ] GC(861) Metaspace: 11845K(12096K)->11845K(12096K) NonClass: 10303K(10432K)->10303K(10432K) Class: 1542K(1664K)->1542K(1664K)
[273.106s][info][gc             ] GC(861) Pause Young (Allocation Failure) 1441M->83M(4092M) 0.468ms
[273.106s][info][gc,cpu         ] GC(861) User=0.00s Sys=0.00s Real=0.00s
[273.481s][info][gc,start       ] GC(862) Pause Young (Allocation Failure)
[273.482s][info][gc,heap        ] GC(862) PSYoungGen: 1390871K(1394176K)->2732K(1393664K) Eden: 1389944K(1390080K)->0K(1390080K) From: 927K(4096K)->2732K(3584K)
[273.482s][info][gc,heap        ] GC(862) ParOldGen: 85031K(2796544K)->85031K(2796544K)
[273.482s][info][gc,metaspace   ] GC(862) Metaspace: 11845K(12096K)->11845K(12096K) NonClass: 10303K(10432K)->10303K(10432K) Class: 1542K(1664K)->1542K(1664K)
[273.482s][info][gc             ] GC(862) Pause Young (Allocation Failure) 1441M->85M(4092M) 0.924ms
[273.482s][info][gc,cpu         ] GC(862) User=0.00s Sys=0.00s Real=0.00s
[273.869s][info][gc,start       ] GC(863) Pause Young (Allocation Failure)
[273.870s][info][gc,heap        ] GC(863) PSYoungGen: 1392812K(1393664K)->2132K(1393664K) Eden: 1390080K(1390080K)->0K(1389568K) From: 2732K(3584K)->2132K(4096K)
[273.870s][info][gc,heap        ] GC(863) ParOldGen: 85031K(2796544K)->85055K(2796544K)
[273.870s][info][gc,metaspace   ] GC(863) Metaspace: 11845K(12096K)->11845K(12096K) NonClass: 10303K(10432K)->10303K(10432K) Class: 1542K(1664K)->1542K(1664K)
[273.870s][info][gc             ] GC(863) Pause Young (Allocation Failure) 1443M->85M(4092M) 0.623ms
[273.870s][info][gc,cpu         ] GC(863) User=0.00s Sys=0.00s Real=0.00s
[274.247s][info][gc,start       ] GC(864) Pause Young (Allocation Failure)
[274.247s][info][gc,heap        ] GC(864) PSYoungGen: 1391700K(1393664K)->544K(1393664K) Eden: 1389568K(1389568K)->0K(1389568K) From: 2132K(4096K)->544K(4096K)
[274.247s][info][gc,heap        ] GC(864) ParOldGen: 85055K(2796544K)->85055K(2796544K)
[274.247s][info][gc,metaspace   ] GC(864) Metaspace: 11848K(12096K)->11848K(12096K) NonClass: 10305K(10432K)->10305K(10432K) Class: 1542K(1664K)->1542K(1664K)
[274.248s][info][gc             ] GC(864) Pause Young (Allocation Failure) 1442M->83M(4092M) 0.398ms
[274.248s][info][gc,cpu         ] GC(864) User=0.00s Sys=0.00s Real=0.00s
[274.625s][info][gc,start       ] GC(865) Pause Young (Allocation Failure)
[274.626s][info][gc,heap        ] GC(865) PSYoungGen: 1390112K(1393664K)->2435K(1393664K) Eden: 1389568K(1389568K)->0K(1389568K) From: 544K(4096K)->2435K(4096K)
[274.626s][info][gc,heap        ] GC(865) ParOldGen: 85055K(2796544K)->85079K(2796544K)
[274.626s][info][gc,metaspace   ] GC(865) Metaspace: 11848K(12096K)->11848K(12096K) NonClass: 10305K(10432K)->10305K(10432K) Class: 1542K(1664K)->1542K(1664K)
[274.626s][info][gc             ] GC(865) Pause Young (Allocation Failure) 1440M->85M(4092M) 0.706ms
[274.626s][info][gc,cpu         ] GC(865) User=0.00s Sys=0.00s Real=0.00s
[274.720s][info][gc,start       ] GC(866) Pause Young (System.gc())
[274.721s][info][gc,heap        ] GC(866) PSYoungGen: 323801K(1393664K)->96K(1393664K) Eden: 321365K(1389568K)->0K(1389568K) From: 2435K(4096K)->96K(4096K)
[274.721s][info][gc,heap        ] GC(866) ParOldGen: 85079K(2796544K)->85079K(2796544K)
[274.721s][info][gc,metaspace   ] GC(866) Metaspace: 11853K(12096K)->11853K(12096K) NonClass: 10311K(10432K)->10311K(10432K) Class: 1542K(1664K)->1542K(1664K)
[274.721s][info][gc             ] GC(866) Pause Young (System.gc()) 399M->83M(4092M) 0.408ms
[274.721s][info][gc,cpu         ] GC(866) User=0.00s Sys=0.00s Real=0.00s
[274.721s][info][gc,start       ] GC(867) Pause Full (System.gc())
[274.721s][info][gc,phases,start] GC(867) Marking Phase
[274.789s][info][gc,phases      ] GC(867) Marking Phase 68.252ms
[274.789s][info][gc,phases,start] GC(867) Summary Phase
[274.789s][info][gc,phases      ] GC(867) Summary Phase 0.010ms
[274.789s][info][gc,phases,start] GC(867) Adjust Roots
[274.790s][info][gc,phases      ] GC(867) Adjust Roots 1.107ms
[274.790s][info][gc,phases,start] GC(867) Compaction Phase
[274.807s][info][gc,phases      ] GC(867) Compaction Phase 16.884ms
[274.807s][info][gc,phases,start] GC(867) Post Compact
[274.808s][info][gc,phases      ] GC(867) Post Compact 0.960ms
[274.808s][info][gc,heap        ] GC(867) PSYoungGen: 96K(1393664K)->0K(1393664K) Eden: 0K(1389568K)->0K(1389568K) From: 96K(4096K)->0K(4096K)
[274.808s][info][gc,heap        ] GC(867) ParOldGen: 85079K(2796544K)->85007K(2796544K)
[274.808s][info][gc,metaspace   ] GC(867) Metaspace: 11853K(12096K)->11853K(12096K) NonClass: 10311K(10432K)->10311K(10432K) Class: 1542K(1664K)->1542K(1664K)
[274.808s][info][gc             ] GC(867) Pause Full (System.gc()) 83M->83M(4092M) 87.537ms
[274.808s][info][gc,cpu         ] GC(867) User=0.55s Sys=0.00s Real=0.08s
[275.188s][info][gc,start       ] GC(868) Pause Young (Allocation Failure)
[275.189s][info][gc,heap        ] GC(868) PSYoungGen: 1389568K(1393664K)->2257K(1393664K) Eden: 1389568K(1389568K)->0K(1389568K) From: 0K(4096K)->2257K(4096K)
[275.189s][info][gc,heap        ] GC(868) ParOldGen: 85007K(2796544K)->85007K(2796544K)
[275.189s][info][gc,metaspace   ] GC(868) Metaspace: 11870K(12096K)->11870K(12096K) NonClass: 10328K(10432K)->10328K(10432K) Class: 1542K(1664K)->1542K(1664K)
[275.189s][info][gc             ] GC(868) Pause Young (Allocation Failure) 1440M->85M(4092M) 0.675ms
[275.189s][info][gc,cpu         ] GC(868) User=0.00s Sys=0.00s Real=0.00s
[275.569s][info][gc,start       ] GC(869) Pause Young (Allocation Failure)
[275.569s][info][gc,heap        ] GC(869) PSYoungGen: 1391825K(1393664K)->943K(1393664K) Eden: 1389568K(1389568K)->0K(1389568K) From: 2257K(4096K)->943K(4096K)
[275.569s][info][gc,heap        ] GC(869) ParOldGen: 85007K(2796544K)->85015K(2796544K)
[275.569s][info][gc,metaspace   ] GC(869) Metaspace: 11870K(12096K)->11870K(12096K) NonClass: 10328K(10432K)->10328K(10432K) Class: 1542K(1664K)->1542K(1664K)
[275.569s][info][gc             ] GC(869) Pause Young (Allocation Failure) 1442M->83M(4092M) 0.452ms
[275.569s][info][gc,cpu         ] GC(869) User=0.00s Sys=0.00s Real=0.00s
[275.949s][info][gc,start       ] GC(870) Pause Young (Allocation Failure)
[275.950s][info][gc,heap        ] GC(870) PSYoungGen: 1390511K(1393664K)->3868K(1392640K) Eden: 1389568K(1389568K)->0K(1388544K) From: 943K(4096K)->3868K(4096K)
[275.950s][info][gc,heap        ] GC(870) ParOldGen: 85015K(2796544K)->85047K(2796544K)
[275.950s][info][gc,metaspace   ] GC(870) Metaspace: 11870K(12096K)->11870K(12096K) NonClass: 10328K(10432K)->10328K(10432K) Class: 1542K(1664K)->1542K(1664K)
[275.950s][info][gc             ] GC(870) Pause Young (Allocation Failure) 1440M->86M(4091M) 1.316ms
[275.950s][info][gc,cpu         ] GC(870) User=0.00s Sys=0.00s Real=0.00s
[276.331s][info][gc,start       ] GC(871) Pause Young (Allocation Failure)
[276.332s][info][gc,heap        ] GC(871) PSYoungGen: 1392412K(1392640K)->1845K(1393152K) Eden: 1388544K(1388544K)->0K(1388544K) From: 3868K(4096K)->1845K(4608K)
[276.332s][info][gc,heap        ] GC(871) ParOldGen: 85047K(2796544K)->85047K(2796544K)
[276.332s][info][gc,metaspace   ] GC(871) Metaspace: 11870K(12096K)->11870K(12096K) NonClass: 10328K(10432K)->10328K(10432K) Class: 1542K(1664K)->1542K(1664K)
[276.332s][info][gc             ] GC(871) Pause Young (Allocation Failure) 1442M->84M(4091M) 0.657ms
[276.332s][info][gc,cpu         ] GC(871) User=0.00s Sys=0.00s Real=0.00s
[276.714s][info][gc,start       ] GC(872) Pause Young (Allocation Failure)
[276.715s][info][gc,heap        ] GC(872) PSYoungGen: 1390389K(1393152K)->864K(1393152K) Eden: 1388544K(1388544K)->0K(1388544K) From: 1845K(4608K)->864K(4608K)
[276.715s][info][gc,heap        ] GC(872) ParOldGen: 85047K(2796544K)->85063K(2796544K)
[276.715s][info][gc,metaspace   ] GC(872) Metaspace: 11870K(12096K)->11870K(12096K) NonClass: 10328K(10432K)->10328K(10432K) Class: 1542K(1664K)->1542K(1664K)
[276.715s][info][gc             ] GC(872) Pause Young (Allocation Failure) 1440M->83M(4091M) 0.616ms
[276.715s][info][gc,cpu         ] GC(872) User=0.00s Sys=0.00s Real=0.00s
[277.092s][info][gc,start       ] GC(873) Pause Young (Allocation Failure)
[277.094s][info][gc,heap        ] GC(873) PSYoungGen: 1389297K(1393152K)->3316K(1393152K) Eden: 1388432K(1388544K)->0K(1388544K) From: 864K(4608K)->3316K(4608K)
[277.094s][info][gc,heap        ] GC(873) ParOldGen: 85063K(2796544K)->85063K(2796544K)
[277.094s][info][gc,metaspace   ] GC(873) Metaspace: 11870K(12096K)->11870K(12096K) NonClass: 10328K(10432K)->10328K(10432K) Class: 1542K(1664K)->1542K(1664K)
[277.094s][info][gc             ] GC(873) Pause Young (Allocation Failure) 1439M->86M(4091M) 1.185ms
[277.094s][info][gc,cpu         ] GC(873) User=0.00s Sys=0.00s Real=0.00s
[277.473s][info][gc,start       ] GC(874) Pause Young (Allocation Failure)
[277.474s][info][gc,heap        ] GC(874) PSYoungGen: 1391860K(1393152K)->1919K(1393152K) Eden: 1388544K(1388544K)->0K(1388544K) From: 3316K(4608K)->1919K(4608K)
[277.474s][info][gc,heap        ] GC(874) ParOldGen: 85063K(2796544K)->85079K(2796544K)
[277.474s][info][gc,metaspace   ] GC(874) Metaspace: 11870K(12096K)->11870K(12096K) NonClass: 10328K(10432K)->10328K(10432K) Class: 1542K(1664K)->1542K(1664K)
[277.474s][info][gc             ] GC(874) Pause Young (Allocation Failure) 1442M->84M(4091M) 0.587ms
[277.474s][info][gc,cpu         ] GC(874) User=0.00s Sys=0.00s Real=0.00s
[277.565s][info][gc,start       ] GC(875) Pause Young (System.gc())
[277.565s][info][gc,heap        ] GC(875) PSYoungGen: 337997K(1393152K)->96K(1393152K) Eden: 336078K(1388544K)->0K(1388544K) From: 1919K(4608K)->96K(4608K)
[277.565s][info][gc,heap        ] GC(875) ParOldGen: 85079K(2796544K)->85079K(2796544K)
[277.565s][info][gc,metaspace   ] GC(875) Metaspace: 11870K(12096K)->11870K(12096K) NonClass: 10328K(10432K)->10328K(10432K) Class: 1542K(1664K)->1542K(1664K)
[277.565s][info][gc             ] GC(875) Pause Young (System.gc()) 413M->83M(4091M) 0.325ms
[277.565s][info][gc,cpu         ] GC(875) User=0.00s Sys=0.02s Real=0.00s
[277.565s][info][gc,start       ] GC(876) Pause Full (System.gc())
[277.565s][info][gc,phases,start] GC(876) Marking Phase
[277.628s][info][gc,phases      ] GC(876) Marking Phase 63.256ms
[277.628s][info][gc,phases,start] GC(876) Summary Phase
[277.628s][info][gc,phases      ] GC(876) Summary Phase 0.010ms
[277.628s][info][gc,phases,start] GC(876) Adjust Roots
[277.629s][info][gc,phases      ] GC(876) Adjust Roots 1.164ms
[277.630s][info][gc,phases,start] GC(876) Compaction Phase
[277.645s][info][gc,phases      ] GC(876) Compaction Phase 15.789ms
[277.645s][info][gc,phases,start] GC(876) Post Compact
[277.646s][info][gc,phases      ] GC(876) Post Compact 0.660ms
[277.646s][info][gc,heap        ] GC(876) PSYoungGen: 96K(1393152K)->0K(1393152K) Eden: 0K(1388544K)->0K(1388544K) From: 96K(4608K)->0K(4608K)
[277.646s][info][gc,heap        ] GC(876) ParOldGen: 85079K(2796544K)->85007K(2796544K)
[277.646s][info][gc,metaspace   ] GC(876) Metaspace: 11870K(12096K)->11870K(12096K) NonClass: 10328K(10432K)->10328K(10432K) Class: 1542K(1664K)->1542K(1664K)
[277.646s][info][gc             ] GC(876) Pause Full (System.gc()) 83M->83M(4091M) 81.151ms
[277.646s][info][gc,cpu         ] GC(876) User=0.31s Sys=0.00s Real=0.08s
[278.030s][info][gc,start       ] GC(877) Pause Young (Allocation Failure)
[278.031s][info][gc,heap        ] GC(877) PSYoungGen: 1388544K(1393152K)->1821K(1393152K) Eden: 1388544K(1388544K)->0K(1388544K) From: 0K(4608K)->1821K(4608K)
[278.031s][info][gc,heap        ] GC(877) ParOldGen: 85007K(2796544K)->85007K(2796544K)
[278.031s][info][gc,metaspace   ] GC(877) Metaspace: 11870K(12096K)->11870K(12096K) NonClass: 10328K(10432K)->10328K(10432K) Class: 1542K(1664K)->1542K(1664K)
[278.031s][info][gc             ] GC(877) Pause Young (Allocation Failure) 1439M->84M(4091M) 0.646ms
[278.031s][info][gc,cpu         ] GC(877) User=0.00s Sys=0.00s Real=0.00s
[278.409s][info][gc,start       ] GC(878) Pause Young (Allocation Failure)
[278.409s][info][gc,heap        ] GC(878) PSYoungGen: 1390365K(1393152K)->955K(1393152K) Eden: 1388544K(1388544K)->0K(1388544K) From: 1821K(4608K)->955K(4608K)
[278.409s][info][gc,heap        ] GC(878) ParOldGen: 85007K(2796544K)->85023K(2796544K)
[278.409s][info][gc,metaspace   ] GC(878) Metaspace: 11870K(12096K)->11870K(12096K) NonClass: 10328K(10432K)->10328K(10432K) Class: 1542K(1664K)->1542K(1664K)
[278.409s][info][gc             ] GC(878) Pause Young (Allocation Failure) 1440M->83M(4091M) 0.444ms
[278.409s][info][gc,cpu         ] GC(878) User=0.00s Sys=0.00s Real=0.00s
[278.792s][info][gc,start       ] GC(879) Pause Young (Allocation Failure)
[278.793s][info][gc,heap        ] GC(879) PSYoungGen: 1389499K(1393152K)->2973K(1392640K) Eden: 1388544K(1388544K)->0K(1388544K) From: 955K(4608K)->2973K(4096K)
[278.793s][info][gc,heap        ] GC(879) ParOldGen: 85023K(2796544K)->85047K(2796544K)
[278.793s][info][gc,metaspace   ] GC(879) Metaspace: 11870K(12096K)->11870K(12096K) NonClass: 10328K(10432K)->10328K(10432K) Class: 1542K(1664K)->1542K(1664K)
[278.793s][info][gc             ] GC(879) Pause Young (Allocation Failure) 1439M->85M(4091M) 0.958ms
[278.793s][info][gc,cpu         ] GC(879) User=0.00s Sys=0.00s Real=0.00s
[279.172s][info][gc,start       ] GC(880) Pause Young (Allocation Failure)
[279.173s][info][gc,heap        ] GC(880) PSYoungGen: 1391517K(1392640K)->1413K(1393152K) Eden: 1388544K(1388544K)->0K(1388544K) From: 2973K(4096K)->1413K(4608K)
[279.173s][info][gc,heap        ] GC(880) ParOldGen: 85047K(2796544K)->85047K(2796544K)
[279.173s][info][gc,metaspace   ] GC(880) Metaspace: 11870K(12096K)->11870K(12096K) NonClass: 10328K(10432K)->10328K(10432K) Class: 1542K(1664K)->1542K(1664K)
[279.173s][info][gc             ] GC(880) Pause Young (Allocation Failure) 1441M->84M(4091M) 0.531ms
[279.173s][info][gc,cpu         ] GC(880) User=0.00s Sys=0.00s Real=0.00s
[279.551s][info][gc,start       ] GC(881) Pause Young (Allocation Failure)
[279.551s][info][gc,heap        ] GC(881) PSYoungGen: 1389957K(1393152K)->192K(1393664K) Eden: 1388544K(1388544K)->0K(1389568K) From: 1413K(4608K)->192K(4096K)
[279.551s][info][gc,heap        ] GC(881) ParOldGen: 85047K(2796544K)->85071K(2796544K)
[279.551s][info][gc,metaspace   ] GC(881) Metaspace: 11870K(12096K)->11870K(12096K) NonClass: 10328K(10432K)->10328K(10432K) Class: 1542K(1664K)->1542K(1664K)
[279.551s][info][gc             ] GC(881) Pause Young (Allocation Failure) 1440M->83M(4092M) 0.327ms
[279.551s][info][gc,cpu         ] GC(881) User=0.00s Sys=0.00s Real=0.00s
[279.933s][info][gc,start       ] GC(882) Pause Young (Allocation Failure)
[279.933s][info][gc,heap        ] GC(882) PSYoungGen: 1389760K(1393664K)->1902K(1393664K) Eden: 1389568K(1389568K)->0K(1389568K) From: 192K(4096K)->1902K(4096K)
[279.933s][info][gc,heap        ] GC(882) ParOldGen: 85071K(2796544K)->85071K(2796544K)
[279.933s][info][gc,metaspace   ] GC(882) Metaspace: 11870K(12096K)->11870K(12096K) NonClass: 10328K(10432K)->10328K(10432K) Class: 1542K(1664K)->1542K(1664K)
[279.933s][info][gc             ] GC(882) Pause Young (Allocation Failure) 1440M->84M(4092M) 0.604ms
[279.933s][info][gc,cpu         ] GC(882) User=0.00s Sys=0.00s Real=0.00s
[280.313s][info][gc,start       ] GC(883) Pause Young (Allocation Failure)
[280.313s][info][gc,heap        ] GC(883) PSYoungGen: 1391470K(1393664K)->968K(1393664K) Eden: 1389568K(1389568K)->0K(1389568K) From: 1902K(4096K)->968K(4096K)
[280.313s][info][gc,heap        ] GC(883) ParOldGen: 85071K(2796544K)->85095K(2796544K)
[280.313s][info][gc,metaspace   ] GC(883) Metaspace: 11870K(12096K)->11870K(12096K) NonClass: 10328K(10432K)->10328K(10432K) Class: 1542K(1664K)->1542K(1664K)
[280.314s][info][gc             ] GC(883) Pause Young (Allocation Failure) 1441M->84M(4092M) 0.501ms
[280.314s][info][gc,cpu         ] GC(883) User=0.00s Sys=0.00s Real=0.00s
[280.406s][info][gc,start       ] GC(884) Pause Young (System.gc())
[280.407s][info][gc,heap        ] GC(884) PSYoungGen: 348850K(1393664K)->160K(1393664K) Eden: 347882K(1389568K)->0K(1389568K) From: 968K(4096K)->160K(4096K)
[280.407s][info][gc,heap        ] GC(884) ParOldGen: 85095K(2796544K)->85095K(2796544K)
[280.407s][info][gc,metaspace   ] GC(884) Metaspace: 11870K(12096K)->11870K(12096K) NonClass: 10328K(10432K)->10328K(10432K) Class: 1542K(1664K)->1542K(1664K)
[280.407s][info][gc             ] GC(884) Pause Young (System.gc()) 423M->83M(4092M) 0.281ms
[280.407s][info][gc,cpu         ] GC(884) User=0.00s Sys=0.00s Real=0.00s
[280.407s][info][gc,start       ] GC(885) Pause Full (System.gc())
[280.407s][info][gc,phases,start] GC(885) Marking Phase
[280.471s][info][gc,phases      ] GC(885) Marking Phase 64.630ms
[280.471s][info][gc,phases,start] GC(885) Summary Phase
[280.471s][info][gc,phases      ] GC(885) Summary Phase 0.011ms
[280.471s][info][gc,phases,start] GC(885) Adjust Roots
[280.473s][info][gc,phases      ] GC(885) Adjust Roots 1.227ms
[280.473s][info][gc,phases,start] GC(885) Compaction Phase
[280.489s][info][gc,phases      ] GC(885) Compaction Phase 16.373ms
[280.489s][info][gc,phases,start] GC(885) Post Compact
[280.490s][info][gc,phases      ] GC(885) Post Compact 0.965ms
[280.490s][info][gc,heap        ] GC(885) PSYoungGen: 160K(1393664K)->0K(1393664K) Eden: 0K(1389568K)->0K(1389568K) From: 160K(4096K)->0K(4096K)
[280.490s][info][gc,heap        ] GC(885) ParOldGen: 85095K(2796544K)->85008K(2796544K)
[280.490s][info][gc,metaspace   ] GC(885) Metaspace: 11870K(12096K)->11870K(12096K) NonClass: 10328K(10432K)->10328K(10432K) Class: 1542K(1664K)->1542K(1664K)
[280.490s][info][gc             ] GC(885) Pause Full (System.gc()) 83M->83M(4092M) 83.581ms
[280.490s][info][gc,cpu         ] GC(885) User=0.39s Sys=0.00s Real=0.08s
[280.876s][info][gc,start       ] GC(886) Pause Young (Allocation Failure)
[280.876s][info][gc,heap        ] GC(886) PSYoungGen: 1389568K(1393664K)->2282K(1393664K) Eden: 1389568K(1389568K)->0K(1389568K) From: 0K(4096K)->2282K(4096K)
[280.876s][info][gc,heap        ] GC(886) ParOldGen: 85008K(2796544K)->85008K(2796544K)
[280.876s][info][gc,metaspace   ] GC(886) Metaspace: 11871K(12096K)->11871K(12096K) NonClass: 10328K(10432K)->10328K(10432K) Class: 1542K(1664K)->1542K(1664K)
[280.876s][info][gc             ] GC(886) Pause Young (Allocation Failure) 1440M->85M(4092M) 0.687ms
[280.876s][info][gc,cpu         ] GC(886) User=0.00s Sys=0.00s Real=0.00s
[281.254s][info][gc,start       ] GC(887) Pause Young (Allocation Failure)
[281.254s][info][gc,heap        ] GC(887) PSYoungGen: 1391850K(1393664K)->1032K(1393664K) Eden: 1389568K(1389568K)->0K(1389568K) From: 2282K(4096K)->1032K(4096K)
[281.254s][info][gc,heap        ] GC(887) ParOldGen: 85008K(2796544K)->85016K(2796544K)
[281.254s][info][gc,metaspace   ] GC(887) Metaspace: 11871K(12096K)->11871K(12096K) NonClass: 10328K(10432K)->10328K(10432K) Class: 1542K(1664K)->1542K(1664K)
[281.254s][info][gc             ] GC(887) Pause Young (Allocation Failure) 1442M->84M(4092M) 0.661ms
[281.254s][info][gc,cpu         ] GC(887) User=0.00s Sys=0.00s Real=0.00s
[281.630s][info][gc,start       ] GC(888) Pause Young (Allocation Failure)
[281.631s][info][gc,heap        ] GC(888) PSYoungGen: 1390600K(1393664K)->2880K(1393664K) Eden: 1389568K(1389568K)->0K(1389568K) From: 1032K(4096K)->2880K(4096K)
[281.631s][info][gc,heap        ] GC(888) ParOldGen: 85016K(2796544K)->85040K(2796544K)
[281.631s][info][gc,metaspace   ] GC(888) Metaspace: 11871K(12096K)->11871K(12096K) NonClass: 10328K(10432K)->10328K(10432K) Class: 1542K(1664K)->1542K(1664K)
[281.631s][info][gc             ] GC(888) Pause Young (Allocation Failure) 1441M->85M(4092M) 0.844ms
[281.631s][info][gc,cpu         ] GC(888) User=0.00s Sys=0.00s Real=0.00s
[282.016s][info][gc,start       ] GC(889) Pause Young (Allocation Failure)
[282.016s][info][gc,heap        ] GC(889) PSYoungGen: 1392448K(1393664K)->1729K(1393664K) Eden: 1389568K(1389568K)->0K(1389568K) From: 2880K(4096K)->1729K(4096K)
[282.016s][info][gc,heap        ] GC(889) ParOldGen: 85040K(2796544K)->85040K(2796544K)
[282.016s][info][gc,metaspace   ] GC(889) Metaspace: 11871K(12096K)->11871K(12096K) NonClass: 10328K(10432K)->10328K(10432K) Class: 1542K(1664K)->1542K(1664K)
[282.016s][info][gc             ] GC(889) Pause Young (Allocation Failure) 1442M->84M(4092M) 0.502ms
[282.016s][info][gc,cpu         ] GC(889) User=0.00s Sys=0.00s Real=0.00s
[282.396s][info][gc,start       ] GC(890) Pause Young (Allocation Failure)
[282.396s][info][gc,heap        ] GC(890) PSYoungGen: 1391297K(1393664K)->696K(1393664K) Eden: 1389568K(1389568K)->0K(1389568K) From: 1729K(4096K)->696K(4096K)
[282.396s][info][gc,heap        ] GC(890) ParOldGen: 85040K(2796544K)->85064K(2796544K)
[282.396s][info][gc,metaspace   ] GC(890) Metaspace: 11871K(12096K)->11871K(12096K) NonClass: 10328K(10432K)->10328K(10432K) Class: 1542K(1664K)->1542K(1664K)
[282.396s][info][gc             ] GC(890) Pause Young (Allocation Failure) 1441M->83M(4092M) 0.386ms
[282.396s][info][gc,cpu         ] GC(890) User=0.00s Sys=0.00s Real=0.00s
[282.776s][info][gc,start       ] GC(891) Pause Young (Allocation Failure)
[282.777s][info][gc,heap        ] GC(891) PSYoungGen: 1390264K(1393664K)->2520K(1393664K) Eden: 1389568K(1389568K)->0K(1389568K) From: 696K(4096K)->2520K(4096K)
[282.777s][info][gc,heap        ] GC(891) ParOldGen: 85064K(2796544K)->85064K(2796544K)
[282.777s][info][gc,metaspace   ] GC(891) Metaspace: 11871K(12096K)->11871K(12096K) NonClass: 10328K(10432K)->10328K(10432K) Class: 1542K(1664K)->1542K(1664K)
[282.777s][info][gc             ] GC(891) Pause Young (Allocation Failure) 1440M->85M(4092M) 0.689ms
[282.777s][info][gc,cpu         ] GC(891) User=0.00s Sys=0.00s Real=0.00s
[283.156s][info][gc,start       ] GC(892) Pause Young (Allocation Failure)
[283.156s][info][gc,heap        ] GC(892) PSYoungGen: 1392088K(1393664K)->1579K(1393664K) Eden: 1389568K(1389568K)->0K(1389568K) From: 2520K(4096K)->1579K(4096K)
[283.157s][info][gc,heap        ] GC(892) ParOldGen: 85064K(2796544K)->85088K(2796544K)
[283.157s][info][gc,metaspace   ] GC(892) Metaspace: 11871K(12096K)->11871K(12096K) NonClass: 10328K(10432K)->10328K(10432K) Class: 1542K(1664K)->1542K(1664K)
[283.157s][info][gc             ] GC(892) Pause Young (Allocation Failure) 1442M->84M(4092M) 0.632ms
[283.157s][info][gc,cpu         ] GC(892) User=0.00s Sys=0.00s Real=0.00s
[283.249s][info][gc,start       ] GC(893) Pause Young (System.gc())
[283.249s][info][gc,heap        ] GC(893) PSYoungGen: 341995K(1393664K)->160K(1393664K) Eden: 340416K(1389568K)->0K(1389568K) From: 1579K(4096K)->160K(4096K)
[283.249s][info][gc,heap        ] GC(893) ParOldGen: 85088K(2796544K)->85088K(2796544K)
[283.249s][info][gc,metaspace   ] GC(893) Metaspace: 11871K(12096K)->11871K(12096K) NonClass: 10328K(10432K)->10328K(10432K) Class: 1542K(1664K)->1542K(1664K)
[283.249s][info][gc             ] GC(893) Pause Young (System.gc()) 417M->83M(4092M) 0.271ms
[283.249s][info][gc,cpu         ] GC(893) User=0.00s Sys=0.00s Real=0.00s
[283.249s][info][gc,start       ] GC(894) Pause Full (System.gc())
[283.249s][info][gc,phases,start] GC(894) Marking Phase
[283.295s][info][gc,phases      ] GC(894) Marking Phase 45.618ms
[283.295s][info][gc,phases,start] GC(894) Summary Phase
[283.295s][info][gc,phases      ] GC(894) Summary Phase 0.010ms
[283.295s][info][gc,phases,start] GC(894) Adjust Roots
[283.296s][info][gc,phases      ] GC(894) Adjust Roots 1.338ms
[283.296s][info][gc,phases,start] GC(894) Compaction Phase
[283.313s][info][gc,phases      ] GC(894) Compaction Phase 16.495ms
[283.313s][info][gc,phases,start] GC(894) Post Compact
[283.314s][info][gc,phases      ] GC(894) Post Compact 0.962ms
[283.314s][info][gc,heap        ] GC(894) PSYoungGen: 160K(1393664K)->0K(1393664K) Eden: 0K(1389568K)->0K(1389568K) From: 160K(4096K)->0K(4096K)
[283.314s][info][gc,heap        ] GC(894) ParOldGen: 85088K(2796544K)->85009K(2796544K)
[283.314s][info][gc,metaspace   ] GC(894) Metaspace: 11871K(12096K)->11871K(12096K) NonClass: 10328K(10432K)->10328K(10432K) Class: 1542K(1664K)->1542K(1664K)
[283.314s][info][gc             ] GC(894) Pause Full (System.gc()) 83M->83M(4092M) 64.774ms
[283.314s][info][gc,cpu         ] GC(894) User=0.38s Sys=0.00s Real=0.06s
[283.695s][info][gc,start       ] GC(895) Pause Young (Allocation Failure)
[283.696s][info][gc,heap        ] GC(895) PSYoungGen: 1389568K(1393664K)->1967K(1393664K) Eden: 1389568K(1389568K)->0K(1389568K) From: 0K(4096K)->1967K(4096K)
[283.696s][info][gc,heap        ] GC(895) ParOldGen: 85009K(2796544K)->85009K(2796544K)
[283.696s][info][gc,metaspace   ] GC(895) Metaspace: 11871K(12096K)->11871K(12096K) NonClass: 10328K(10432K)->10328K(10432K) Class: 1542K(1664K)->1542K(1664K)
[283.696s][info][gc             ] GC(895) Pause Young (Allocation Failure) 1440M->84M(4092M) 1.043ms
[283.696s][info][gc,cpu         ] GC(895) User=0.00s Sys=0.00s Real=0.00s
[284.080s][info][gc,start       ] GC(896) Pause Young (Allocation Failure)
[284.080s][info][gc,heap        ] GC(896) PSYoungGen: 1391535K(1393664K)->1323K(1393664K) Eden: 1389568K(1389568K)->0K(1389568K) From: 1967K(4096K)->1323K(4096K)
[284.080s][info][gc,heap        ] GC(896) ParOldGen: 85009K(2796544K)->85025K(2796544K)
[284.080s][info][gc,metaspace   ] GC(896) Metaspace: 11871K(12096K)->11871K(12096K) NonClass: 10328K(10432K)->10328K(10432K) Class: 1542K(1664K)->1542K(1664K)
[284.080s][info][gc             ] GC(896) Pause Young (Allocation Failure) 1441M->84M(4092M) 0.496ms
[284.080s][info][gc,cpu         ] GC(896) User=0.02s Sys=0.00s Real=0.00s
[284.459s][info][gc,start       ] GC(897) Pause Young (Allocation Failure)
[284.460s][info][gc,heap        ] GC(897) PSYoungGen: 1390891K(1393664K)->384K(1394176K) Eden: 1389568K(1389568K)->0K(1390592K) From: 1323K(4096K)->384K(3584K)
[284.460s][info][gc,heap        ] GC(897) ParOldGen: 85025K(2796544K)->85041K(2796544K)
[284.460s][info][gc,metaspace   ] GC(897) Metaspace: 11871K(12096K)->11871K(12096K) NonClass: 10328K(10432K)->10328K(10432K) Class: 1542K(1664K)->1542K(1664K)
[284.460s][info][gc             ] GC(897) Pause Young (Allocation Failure) 1441M->83M(4092M) 0.459ms
[284.460s][info][gc,cpu         ] GC(897) User=0.00s Sys=0.00s Real=0.00s
[284.842s][info][gc,start       ] GC(898) Pause Young (Allocation Failure)
[284.843s][info][gc,heap        ] GC(898) PSYoungGen: 1390883K(1394176K)->2730K(1393664K) Eden: 1390499K(1390592K)->0K(1390592K) From: 384K(3584K)->2730K(3072K)
[284.843s][info][gc,heap        ] GC(898) ParOldGen: 85041K(2796544K)->85041K(2796544K)
[284.843s][info][gc,metaspace   ] GC(898) Metaspace: 11871K(12096K)->11871K(12096K) NonClass: 10328K(10432K)->10328K(10432K) Class: 1542K(1664K)->1542K(1664K)
[284.843s][info][gc             ] GC(898) Pause Young (Allocation Failure) 1441M->85M(4092M) 0.949ms
[284.843s][info][gc,cpu         ] GC(898) User=0.00s Sys=0.00s Real=0.00s
[285.223s][info][gc,start       ] GC(899) Pause Young (Allocation Failure)
[285.224s][info][gc,heap        ] GC(899) PSYoungGen: 1393322K(1393664K)->1879K(1393664K) Eden: 1390592K(1390592K)->0K(1389568K) From: 2730K(3072K)->1879K(4096K)
[285.224s][info][gc,heap        ] GC(899) ParOldGen: 85041K(2796544K)->85057K(2796544K)
[285.224s][info][gc,metaspace   ] GC(899) Metaspace: 11871K(12096K)->11871K(12096K) NonClass: 10328K(10432K)->10328K(10432K) Class: 1542K(1664K)->1542K(1664K)
[285.224s][info][gc             ] GC(899) Pause Young (Allocation Failure) 1443M->84M(4092M) 0.692ms
[285.224s][info][gc,cpu         ] GC(899) User=0.00s Sys=0.00s Real=0.00s
[285.606s][info][gc,start       ] GC(900) Pause Young (Allocation Failure)
[285.607s][info][gc,heap        ] GC(900) PSYoungGen: 1391447K(1393664K)->1024K(1393664K) Eden: 1389568K(1389568K)->0K(1389568K) From: 1879K(4096K)->1024K(4096K)
[285.607s][info][gc,heap        ] GC(900) ParOldGen: 85057K(2796544K)->85057K(2796544K)
[285.607s][info][gc,metaspace   ] GC(900) Metaspace: 11871K(12096K)->11871K(12096K) NonClass: 10328K(10432K)->10328K(10432K) Class: 1542K(1664K)->1542K(1664K)
[285.607s][info][gc             ] GC(900) Pause Young (Allocation Failure) 1441M->84M(4092M) 0.479ms
[285.607s][info][gc,cpu         ] GC(900) User=0.00s Sys=0.00s Real=0.00s
[285.993s][info][gc,start       ] GC(901) Pause Young (Allocation Failure)
[285.993s][info][gc,heap        ] GC(901) PSYoungGen: 1390592K(1393664K)->192K(1393152K) Eden: 1389568K(1389568K)->0K(1389568K) From: 1024K(4096K)->192K(3584K)
[285.993s][info][gc,heap        ] GC(901) ParOldGen: 85057K(2796544K)->85097K(2796544K)
[285.993s][info][gc,metaspace   ] GC(901) Metaspace: 11871K(12096K)->11871K(12096K) NonClass: 10328K(10432K)->10328K(10432K) Class: 1542K(1664K)->1542K(1664K)
[285.993s][info][gc             ] GC(901) Pause Young (Allocation Failure) 1441M->83M(4091M) 0.311ms
[285.993s][info][gc,cpu         ] GC(901) User=0.00s Sys=0.00s Real=0.00s
[286.080s][info][gc,heap,exit   ] Heap
[286.080s][info][gc,heap,exit   ]  PSYoungGen      total 1393152K, used 318590K [0x00000007aab00000, 0x0000000800000000, 0x0000000800000000)
[286.080s][info][gc,heap,exit   ]   eden space 1389568K, 22% used [0x00000007aab00000,0x00000007be1ef818,0x00000007ff800000)
[286.080s][info][gc,heap,exit   ]   from space 3584K, 5% used [0x00000007ffc80000,0x00000007ffcb0000,0x0000000800000000)
[286.080s][info][gc,heap,exit   ]   to   space 4096K, 0% used [0x00000007ff800000,0x00000007ff800000,0x00000007ffc00000)
[286.080s][info][gc,heap,exit   ]  ParOldGen       total 2796544K, used 85097K [0x0000000700000000, 0x00000007aab00000, 0x00000007aab00000)
[286.080s][info][gc,heap,exit   ]   object space 2796544K, 3% used [0x0000000700000000,0x000000070531a440,0x00000007aab00000)
[286.080s][info][gc,heap,exit   ]  Metaspace       used 11951K, committed 12160K, reserved 1114112K
[286.080s][info][gc,heap,exit   ]   class space    used 1554K, committed 1664K, reserved 1048576K
