[0.008s][info][gc,heap] Heap region size: 2M
[0.060s][info][gc     ] Using G1
[0.060s][info][gc,heap,coops] Heap address: 0x0000000700000000, size: 4096 MB, Compressed Oops mode: Zero based, Oop shift amount: 3
[1.372s][info][gc,start     ] GC(0) Pause Young (Concurrent Start) (Metadata GC Threshold)
[1.372s][info][gc,task      ] GC(0) Using 6 workers of 6 for evacuation
[1.378s][info][gc,phases    ] GC(0)   Pre Evacuate Collection Set: 0.0ms
[1.378s][info][gc,phases    ] GC(0)   Evacuate Collection Set: 4.5ms
[1.378s][info][gc,phases    ] GC(0)   Post Evacuate Collection Set: 0.5ms
[1.378s][info][gc,phases    ] GC(0)   Other: 0.7ms
[1.380s][info][gc,heap      ] GC(0) Eden regions: 18->0(99)
[1.380s][info][gc,heap      ] GC(0) Survivor regions: 0->3(13)
[1.380s][info][gc,heap      ] GC(0) Old regions: 0->0
[1.380s][info][gc,heap      ] GC(0) Humongous regions: 0->0
[1.380s][info][gc,metaspace ] GC(0) Metaspace: 20695K(21248K)->20695K(21248K) NonClass: 18153K(18432K)->18153K(18432K) Class: 2541K(2816K)->2541K(2816K)
[1.380s][info][gc           ] GC(0) Pause Young (Concurrent Start) (Metadata GC Threshold) 36M->4M(4096M) 8.303ms
[1.380s][info][gc,cpu       ] GC(0) User=0.00s Sys=0.00s Real=0.00s
[1.380s][info][gc           ] GC(1) Concurrent Cycle
[1.381s][info][gc,marking   ] GC(1) Concurrent Clear Claimed Marks
[1.381s][info][gc,marking   ] GC(1) Concurrent Clear Claimed Marks 0.029ms
[1.381s][info][gc,marking   ] GC(1) Concurrent Scan Root Regions
[1.382s][info][gc,marking   ] GC(1) Concurrent Scan Root Regions 1.752ms
[1.382s][info][gc,marking   ] GC(1) Concurrent Mark (1.382s)
[1.382s][info][gc,marking   ] GC(1) Concurrent Mark From Roots
[1.382s][info][gc,task      ] GC(1) Using 2 workers of 2 for marking
[1.387s][info][gc,marking   ] GC(1) Concurrent Mark From Roots 4.994ms
[1.387s][info][gc,marking   ] GC(1) Concurrent Preclean
[1.387s][info][gc,marking   ] GC(1) Concurrent Preclean 0.032ms
[1.387s][info][gc,marking   ] GC(1) Concurrent Mark (1.382s, 1.387s) 5.076ms
[1.388s][info][gc,start     ] GC(1) Pause Remark
[1.389s][info][gc,stringtable] GC(1) Cleaned string and symbol table, strings: 5820 processed, 0 removed, symbols: 59734 processed, 10 removed
[1.389s][info][gc            ] GC(1) Pause Remark 5M->5M(4096M) 1.862ms
[1.389s][info][gc,cpu        ] GC(1) User=0.00s Sys=0.00s Real=0.00s
[1.389s][info][gc,marking    ] GC(1) Concurrent Rebuild Remembered Sets
[1.390s][info][gc,marking    ] GC(1) Concurrent Rebuild Remembered Sets 0.122ms
[1.390s][info][gc,start      ] GC(1) Pause Cleanup
[1.390s][info][gc            ] GC(1) Pause Cleanup 5M->5M(4096M) 0.140ms
[1.390s][info][gc,cpu        ] GC(1) User=0.00s Sys=0.00s Real=0.00s
[1.390s][info][gc,marking    ] GC(1) Concurrent Cleanup for Next Mark
[1.397s][info][gc,marking    ] GC(1) Concurrent Cleanup for Next Mark 6.786ms
[1.397s][info][gc            ] GC(1) Concurrent Cycle 16.308ms
[1.542s][info][gc,task       ] GC(2) Using 6 workers of 6 for full compaction
[1.542s][info][gc,start      ] GC(2) Pause Full (System.gc())
[1.542s][info][gc,phases,start] GC(2) Phase 1: Mark live objects
[1.544s][info][gc,stringtable ] GC(2) Cleaned string and symbol table, strings: 6104 processed, 12 removed, symbols: 63562 processed, 7 removed
[1.544s][info][gc,phases      ] GC(2) Phase 1: Mark live objects 2.113ms
[1.544s][info][gc,phases,start] GC(2) Phase 2: Prepare for compaction
[1.546s][info][gc,phases      ] GC(2) Phase 2: Prepare for compaction 2.389ms
[1.546s][info][gc,phases,start] GC(2) Phase 3: Adjust pointers
[1.547s][info][gc,phases      ] GC(2) Phase 3: Adjust pointers 1.051ms
[1.547s][info][gc,phases,start] GC(2) Phase 4: Compact heap
[1.549s][info][gc,phases      ] GC(2) Phase 4: Compact heap 1.478ms
[1.550s][info][gc,heap        ] GC(2) Eden regions: 4->0(432)
[1.551s][info][gc,heap        ] GC(2) Survivor regions: 3->0(13)
[1.551s][info][gc,heap        ] GC(2) Old regions: 0->6
[1.551s][info][gc,heap        ] GC(2) Humongous regions: 0->0
[1.551s][info][gc,metaspace   ] GC(2) Metaspace: 23007K(23808K)->23007K(23808K) NonClass: 20043K(20480K)->20043K(20480K) Class: 2963K(3328K)->2963K(3328K)
[1.551s][info][gc             ] GC(2) Pause Full (System.gc()) 11M->4M(4096M) 8.892ms
[1.551s][info][gc,cpu         ] GC(2) User=0.00s Sys=0.00s Real=0.01s
[4.773s][info][gc,start       ] GC(3) Pause Young (Normal) (G1 Evacuation Pause)
[4.773s][info][gc,task        ] GC(3) Using 6 workers of 6 for evacuation
[4.775s][info][gc,phases      ] GC(3)   Pre Evacuate Collection Set: 0.1ms
[4.775s][info][gc,phases      ] GC(3)   Evacuate Collection Set: 1.2ms
[4.775s][info][gc,phases      ] GC(3)   Post Evacuate Collection Set: 0.4ms
[4.775s][info][gc,phases      ] GC(3)   Other: 0.3ms
[4.775s][info][gc,heap        ] GC(3) Eden regions: 432->0(1227)
[4.775s][info][gc,heap        ] GC(3) Survivor regions: 0->1(54)
[4.775s][info][gc,heap        ] GC(3) Old regions: 6->6
[4.775s][info][gc,heap        ] GC(3) Humongous regions: 0->0
[4.775s][info][gc,metaspace   ] GC(3) Metaspace: 25019K(25856K)->25019K(25856K) NonClass: 21808K(22272K)->21808K(22272K) Class: 3211K(3584K)->3211K(3584K)
[4.775s][info][gc             ] GC(3) Pause Young (Normal) (G1 Evacuation Pause) 868M->6M(4096M) 2.117ms
[4.775s][info][gc,cpu         ] GC(3) User=0.00s Sys=0.00s Real=0.02s
[5.865s][info][gc,start       ] GC(4) Pause Young (Normal) (G1 Evacuation Pause)
[5.865s][info][gc,task        ] GC(4) Using 6 workers of 6 for evacuation
[5.959s][info][gc,phases      ] GC(4)   Pre Evacuate Collection Set: 0.0ms
[5.959s][info][gc,phases      ] GC(4)   Evacuate Collection Set: 93.0ms
[5.959s][info][gc,phases      ] GC(4)   Post Evacuate Collection Set: 0.9ms
[5.959s][info][gc,phases      ] GC(4)   Other: 0.4ms
[5.959s][info][gc,heap        ] GC(4) Eden regions: 1227->0(14)
[5.959s][info][gc,heap        ] GC(4) Survivor regions: 1->88(154)
[5.959s][info][gc,heap        ] GC(4) Old regions: 6->6
[5.959s][info][gc,heap        ] GC(4) Humongous regions: 0->0
[5.959s][info][gc,metaspace   ] GC(4) Metaspace: 25117K(25856K)->25117K(25856K) NonClass: 21892K(22272K)->21892K(22272K) Class: 3225K(3584K)->3225K(3584K)
[5.959s][info][gc             ] GC(4) Pause Young (Normal) (G1 Evacuation Pause) 2460M->179M(4096M) 94.468ms
[5.959s][info][gc,cpu         ] GC(4) User=0.45s Sys=0.03s Real=0.10s
[5.997s][info][gc,start       ] GC(5) Pause Young (Normal) (G1 Evacuation Pause)
[5.997s][info][gc,task        ] GC(5) Using 6 workers of 6 for evacuation
[6.097s][info][gc,phases      ] GC(5)   Pre Evacuate Collection Set: 0.0ms
[6.097s][info][gc,phases      ] GC(5)   Evacuate Collection Set: 98.7ms
[6.097s][info][gc,phases      ] GC(5)   Post Evacuate Collection Set: 0.5ms
[6.097s][info][gc,phases      ] GC(5)   Other: 0.2ms
[6.097s][info][gc,heap        ] GC(5) Eden regions: 14->0(91)
[6.097s][info][gc,heap        ] GC(5) Survivor regions: 88->11(13)
[6.097s][info][gc,heap        ] GC(5) Old regions: 6->95
[6.097s][info][gc,heap        ] GC(5) Humongous regions: 0->0
[6.097s][info][gc,metaspace   ] GC(5) Metaspace: 25118K(25856K)->25118K(25856K) NonClass: 21892K(22272K)->21892K(22272K) Class: 3225K(3584K)->3225K(3584K)
[6.097s][info][gc             ] GC(5) Pause Young (Normal) (G1 Evacuation Pause) 207M->203M(4096M) 99.514ms
[6.097s][info][gc,cpu         ] GC(5) User=0.09s Sys=0.02s Real=0.11s
[6.374s][info][gc,start       ] GC(6) Pause Young (Normal) (G1 Evacuation Pause)
[6.374s][info][gc,task        ] GC(6) Using 6 workers of 6 for evacuation
[6.445s][info][gc,phases      ] GC(6)   Pre Evacuate Collection Set: 0.1ms
[6.445s][info][gc,phases      ] GC(6)   Evacuate Collection Set: 70.1ms
[6.445s][info][gc,phases      ] GC(6)   Post Evacuate Collection Set: 0.6ms
[6.445s][info][gc,phases      ] GC(6)   Other: 0.3ms
[6.445s][info][gc,heap        ] GC(6) Eden regions: 91->0(89)
[6.445s][info][gc,heap        ] GC(6) Survivor regions: 11->13(13)
[6.445s][info][gc,heap        ] GC(6) Old regions: 95->151
[6.445s][info][gc,heap        ] GC(6) Humongous regions: 0->0
[6.445s][info][gc,metaspace   ] GC(6) Metaspace: 25118K(25856K)->25118K(25856K) NonClass: 21892K(22272K)->21892K(22272K) Class: 3225K(3584K)->3225K(3584K)
[6.446s][info][gc             ] GC(6) Pause Young (Normal) (G1 Evacuation Pause) 385M->319M(4096M) 71.176ms
[6.446s][info][gc,cpu         ] GC(6) User=0.23s Sys=0.05s Real=0.08s
[6.724s][info][gc,start       ] GC(7) Pause Young (Normal) (G1 Evacuation Pause)
[6.724s][info][gc,task        ] GC(7) Using 6 workers of 6 for evacuation
[6.798s][info][gc,phases      ] GC(7)   Pre Evacuate Collection Set: 0.0ms
[6.798s][info][gc,phases      ] GC(7)   Evacuate Collection Set: 73.6ms
[6.798s][info][gc,phases      ] GC(7)   Post Evacuate Collection Set: 0.7ms
[6.798s][info][gc,phases      ] GC(7)   Other: 0.2ms
[6.798s][info][gc,heap        ] GC(7) Eden regions: 89->0(89)
[6.798s][info][gc,heap        ] GC(7) Survivor regions: 13->13(13)
[6.798s][info][gc,heap        ] GC(7) Old regions: 151->210
[6.798s][info][gc,heap        ] GC(7) Humongous regions: 0->0
[6.798s][info][gc,metaspace   ] GC(7) Metaspace: 25118K(25856K)->25118K(25856K) NonClass: 21892K(22272K)->21892K(22272K) Class: 3225K(3584K)->3225K(3584K)
[6.798s][info][gc             ] GC(7) Pause Young (Normal) (G1 Evacuation Pause) 497M->438M(4096M) 74.644ms
[6.798s][info][gc,cpu         ] GC(7) User=0.36s Sys=0.02s Real=0.08s
[8.679s][info][gc,start       ] GC(8) Pause Young (Normal) (G1 Evacuation Pause)
[8.679s][info][gc,task        ] GC(8) Using 6 workers of 6 for evacuation
[8.711s][info][gc,phases      ] GC(8)   Pre Evacuate Collection Set: 0.0ms
[8.711s][info][gc,phases      ] GC(8)   Evacuate Collection Set: 30.2ms
[8.711s][info][gc,phases      ] GC(8)   Post Evacuate Collection Set: 1.2ms
[8.711s][info][gc,phases      ] GC(8)   Other: 0.2ms
[8.711s][info][gc,heap        ] GC(8) Eden regions: 89->0(96)
[8.711s][info][gc,heap        ] GC(8) Survivor regions: 13->6(13)
[8.711s][info][gc,heap        ] GC(8) Old regions: 210->224
[8.711s][info][gc,heap        ] GC(8) Humongous regions: 0->0
[8.711s][info][gc,metaspace   ] GC(8) Metaspace: 25307K(26112K)->25307K(26112K) NonClass: 22054K(22528K)->22054K(22528K) Class: 3253K(3584K)->3253K(3584K)
[8.711s][info][gc             ] GC(8) Pause Young (Normal) (G1 Evacuation Pause) 616M->451M(4096M) 31.698ms
[8.711s][info][gc,cpu         ] GC(8) User=0.03s Sys=0.00s Real=0.03s
[12.047s][info][gc,start       ] GC(9) Pause Young (Normal) (G1 Evacuation Pause)
[12.047s][info][gc,task        ] GC(9) Using 6 workers of 6 for evacuation
[12.095s][info][gc,phases      ] GC(9)   Pre Evacuate Collection Set: 0.1ms
[12.095s][info][gc,phases      ] GC(9)   Evacuate Collection Set: 47.1ms
[12.095s][info][gc,phases      ] GC(9)   Post Evacuate Collection Set: 0.8ms
[12.095s][info][gc,phases      ] GC(9)   Other: 0.3ms
[12.095s][info][gc,heap        ] GC(9) Eden regions: 96->0(89)
[12.095s][info][gc,heap        ] GC(9) Survivor regions: 6->13(13)
[12.095s][info][gc,heap        ] GC(9) Old regions: 224->249
[12.095s][info][gc,heap        ] GC(9) Humongous regions: 0->0
[12.095s][info][gc,metaspace   ] GC(9) Metaspace: 25431K(26496K)->25431K(26496K) NonClass: 22149K(22784K)->22149K(22784K) Class: 3281K(3712K)->3281K(3712K)
[12.095s][info][gc             ] GC(9) Pause Young (Normal) (G1 Evacuation Pause) 643M->515M(4096M) 48.338ms
[12.095s][info][gc,cpu         ] GC(9) User=0.14s Sys=0.02s Real=0.05s
[12.215s][info][gc,start       ] GC(10) Pause Young (Normal) (G1 Evacuation Pause)
[12.215s][info][gc,task        ] GC(10) Using 6 workers of 6 for evacuation
[12.283s][info][gc,phases      ] GC(10)   Pre Evacuate Collection Set: 0.0ms
[12.283s][info][gc,phases      ] GC(10)   Evacuate Collection Set: 66.5ms
[12.283s][info][gc,phases      ] GC(10)   Post Evacuate Collection Set: 0.6ms
[12.283s][info][gc,phases      ] GC(10)   Other: 0.2ms
[12.283s][info][gc,heap        ] GC(10) Eden regions: 89->0(89)
[12.283s][info][gc,heap        ] GC(10) Survivor regions: 13->13(13)
[12.283s][info][gc,heap        ] GC(10) Old regions: 249->288
[12.283s][info][gc,heap        ] GC(10) Humongous regions: 0->0
[12.283s][info][gc,metaspace   ] GC(10) Metaspace: 25431K(26496K)->25431K(26496K) NonClass: 22149K(22784K)->22149K(22784K) Class: 3281K(3712K)->3281K(3712K)
[12.283s][info][gc             ] GC(10) Pause Young (Normal) (G1 Evacuation Pause) 693M->593M(4096M) 67.434ms
[12.283s][info][gc,cpu         ] GC(10) User=0.28s Sys=0.09s Real=0.06s
[12.392s][info][gc,start       ] GC(11) Pause Young (Normal) (G1 Evacuation Pause)
[12.392s][info][gc,task        ] GC(11) Using 6 workers of 6 for evacuation
[12.448s][info][gc,phases      ] GC(11)   Pre Evacuate Collection Set: 0.1ms
[12.448s][info][gc,phases      ] GC(11)   Evacuate Collection Set: 55.1ms
[12.448s][info][gc,phases      ] GC(11)   Post Evacuate Collection Set: 0.4ms
[12.448s][info][gc,phases      ] GC(11)   Other: 0.3ms
[12.448s][info][gc,heap        ] GC(11) Eden regions: 89->0(89)
[12.448s][info][gc,heap        ] GC(11) Survivor regions: 13->13(13)
[12.448s][info][gc,heap        ] GC(11) Old regions: 288->327
[12.448s][info][gc,heap        ] GC(11) Humongous regions: 0->0
[12.448s][info][gc,metaspace   ] GC(11) Metaspace: 25431K(26496K)->25431K(26496K) NonClass: 22149K(22784K)->22149K(22784K) Class: 3281K(3712K)->3281K(3712K)
[12.448s][info][gc             ] GC(11) Pause Young (Normal) (G1 Evacuation Pause) 771M->672M(4096M) 55.944ms
[12.448s][info][gc,cpu         ] GC(11) User=0.28s Sys=0.00s Real=0.05s
[12.559s][info][gc,start       ] GC(12) Pause Young (Normal) (G1 Evacuation Pause)
[12.559s][info][gc,task        ] GC(12) Using 6 workers of 6 for evacuation
[12.615s][info][gc,phases      ] GC(12)   Pre Evacuate Collection Set: 0.1ms
[12.615s][info][gc,phases      ] GC(12)   Evacuate Collection Set: 55.8ms
[12.615s][info][gc,phases      ] GC(12)   Post Evacuate Collection Set: 0.6ms
[12.615s][info][gc,phases      ] GC(12)   Other: 0.3ms
[12.616s][info][gc,heap        ] GC(12) Eden regions: 89->0(89)
[12.616s][info][gc,heap        ] GC(12) Survivor regions: 13->13(13)
[12.616s][info][gc,heap        ] GC(12) Old regions: 327->366
[12.616s][info][gc,heap        ] GC(12) Humongous regions: 0->0
[12.616s][info][gc,metaspace   ] GC(12) Metaspace: 25431K(26496K)->25431K(26496K) NonClass: 22149K(22784K)->22149K(22784K) Class: 3281K(3712K)->3281K(3712K)
[12.616s][info][gc             ] GC(12) Pause Young (Normal) (G1 Evacuation Pause) 850M->750M(4096M) 56.754ms
[12.616s][info][gc,cpu         ] GC(12) User=0.25s Sys=0.02s Real=0.06s
[12.728s][info][gc,start       ] GC(13) Pause Young (Normal) (G1 Evacuation Pause)
[12.728s][info][gc,task        ] GC(13) Using 6 workers of 6 for evacuation
[12.786s][info][gc,phases      ] GC(13)   Pre Evacuate Collection Set: 0.1ms
[12.786s][info][gc,phases      ] GC(13)   Evacuate Collection Set: 56.7ms
[12.786s][info][gc,phases      ] GC(13)   Post Evacuate Collection Set: 0.4ms
[12.786s][info][gc,phases      ] GC(13)   Other: 0.3ms
[12.786s][info][gc,heap        ] GC(13) Eden regions: 89->0(89)
[12.786s][info][gc,heap        ] GC(13) Survivor regions: 13->13(13)
[12.786s][info][gc,heap        ] GC(13) Old regions: 366->405
[12.786s][info][gc,heap        ] GC(13) Humongous regions: 0->0
[12.786s][info][gc,metaspace   ] GC(13) Metaspace: 25431K(26496K)->25431K(26496K) NonClass: 22149K(22784K)->22149K(22784K) Class: 3281K(3712K)->3281K(3712K)
[12.786s][info][gc             ] GC(13) Pause Young (Normal) (G1 Evacuation Pause) 928M->828M(4096M) 57.545ms
[12.786s][info][gc,cpu         ] GC(13) User=0.28s Sys=0.02s Real=0.06s
[13.146s][info][gc,start       ] GC(14) Pause Young (Normal) (G1 Evacuation Pause)
[13.146s][info][gc,task        ] GC(14) Using 6 workers of 6 for evacuation
[13.261s][info][gc,phases      ] GC(14)   Pre Evacuate Collection Set: 0.1ms
[13.261s][info][gc,phases      ] GC(14)   Evacuate Collection Set: 113.4ms
[13.261s][info][gc,phases      ] GC(14)   Post Evacuate Collection Set: 0.9ms
[13.261s][info][gc,phases      ] GC(14)   Other: 0.3ms
[13.261s][info][gc,heap        ] GC(14) Eden regions: 89->0(89)
[13.261s][info][gc,heap        ] GC(14) Survivor regions: 13->13(13)
[13.261s][info][gc,heap        ] GC(14) Old regions: 405->456
[13.261s][info][gc,heap        ] GC(14) Humongous regions: 4->4
[13.261s][info][gc,metaspace   ] GC(14) Metaspace: 25454K(26496K)->25454K(26496K) NonClass: 22166K(22784K)->22166K(22784K) Class: 3288K(3712K)->3288K(3712K)
[13.261s][info][gc             ] GC(14) Pause Young (Normal) (G1 Evacuation Pause) 1014M->937M(4096M) 114.858ms
[13.261s][info][gc,cpu         ] GC(14) User=0.66s Sys=0.00s Real=0.11s
[13.784s][info][gc,start       ] GC(15) Pause Young (Normal) (G1 Evacuation Pause)
[13.784s][info][gc,task        ] GC(15) Using 6 workers of 6 for evacuation
[13.817s][info][gc,phases      ] GC(15)   Pre Evacuate Collection Set: 0.1ms
[13.817s][info][gc,phases      ] GC(15)   Evacuate Collection Set: 32.3ms
[13.817s][info][gc,phases      ] GC(15)   Post Evacuate Collection Set: 0.6ms
[13.817s][info][gc,phases      ] GC(15)   Other: 0.3ms
[13.817s][info][gc,heap        ] GC(15) Eden regions: 89->0(99)
[13.817s][info][gc,heap        ] GC(15) Survivor regions: 13->3(13)
[13.817s][info][gc,heap        ] GC(15) Old regions: 456->471
[13.817s][info][gc,heap        ] GC(15) Humongous regions: 4->4
[13.817s][info][gc,metaspace   ] GC(15) Metaspace: 25465K(26496K)->25465K(26496K) NonClass: 22175K(22784K)->22175K(22784K) Class: 3290K(3712K)->3290K(3712K)
[13.817s][info][gc             ] GC(15) Pause Young (Normal) (G1 Evacuation Pause) 1115M->947M(4096M) 33.321ms
[13.817s][info][gc,cpu         ] GC(15) User=0.14s Sys=0.00s Real=0.03s
[14.192s][info][gc,start       ] GC(16) Pause Young (Normal) (G1 Evacuation Pause)
[14.192s][info][gc,task        ] GC(16) Using 6 workers of 6 for evacuation
[14.195s][info][gc,phases      ] GC(16)   Pre Evacuate Collection Set: 0.1ms
[14.195s][info][gc,phases      ] GC(16)   Evacuate Collection Set: 2.7ms
[14.195s][info][gc,phases      ] GC(16)   Post Evacuate Collection Set: 0.5ms
[14.195s][info][gc,phases      ] GC(16)   Other: 0.3ms
[14.195s][info][gc,heap        ] GC(16) Eden regions: 99->0(100)
[14.195s][info][gc,heap        ] GC(16) Survivor regions: 3->2(13)
[14.195s][info][gc,heap        ] GC(16) Old regions: 471->471
[14.195s][info][gc,heap        ] GC(16) Humongous regions: 4->4
[14.195s][info][gc,metaspace   ] GC(16) Metaspace: 25465K(26496K)->25465K(26496K) NonClass: 22175K(22784K)->22175K(22784K) Class: 3290K(3712K)->3290K(3712K)
[14.195s][info][gc             ] GC(16) Pause Young (Normal) (G1 Evacuation Pause) 1145M->945M(4096M) 3.644ms
[14.195s][info][gc,cpu         ] GC(16) User=0.00s Sys=0.00s Real=0.00s
[15.085s][info][gc,start       ] GC(17) Pause Young (Normal) (G1 Evacuation Pause)
[15.086s][info][gc,task        ] GC(17) Using 6 workers of 6 for evacuation
[15.087s][info][gc,phases      ] GC(17)   Pre Evacuate Collection Set: 0.0ms
[15.087s][info][gc,phases      ] GC(17)   Evacuate Collection Set: 1.3ms
[15.087s][info][gc,phases      ] GC(17)   Post Evacuate Collection Set: 0.4ms
[15.087s][info][gc,phases      ] GC(17)   Other: 0.2ms
[15.087s][info][gc,heap        ] GC(17) Eden regions: 100->0(148)
[15.087s][info][gc,heap        ] GC(17) Survivor regions: 2->2(13)
[15.087s][info][gc,heap        ] GC(17) Old regions: 471->471
[15.088s][info][gc,heap        ] GC(17) Humongous regions: 4->4
[15.088s][info][gc,metaspace   ] GC(17) Metaspace: 25550K(26496K)->25550K(26496K) NonClass: 22233K(22784K)->22233K(22784K) Class: 3317K(3712K)->3317K(3712K)
[15.088s][info][gc             ] GC(17) Pause Young (Normal) (G1 Evacuation Pause) 1145M->944M(4096M) 2.057ms
[15.088s][info][gc,cpu         ] GC(17) User=0.03s Sys=0.00s Real=0.01s
[15.287s][info][gc,task        ] GC(18) Using 6 workers of 6 for full compaction
[15.287s][info][gc,start       ] GC(18) Pause Full (System.gc())
[15.287s][info][gc,phases,start] GC(18) Phase 1: Mark live objects
[15.292s][info][gc,stringtable ] GC(18) Cleaned string and symbol table, strings: 6884 processed, 8 removed, symbols: 66798 processed, 4 removed
[15.292s][info][gc,phases      ] GC(18) Phase 1: Mark live objects 5.110ms
[15.292s][info][gc,phases,start] GC(18) Phase 2: Prepare for compaction
[15.295s][info][gc,phases      ] GC(18) Phase 2: Prepare for compaction 2.932ms
[15.295s][info][gc,phases,start] GC(18) Phase 3: Adjust pointers
[15.298s][info][gc,phases      ] GC(18) Phase 3: Adjust pointers 3.282ms
[15.298s][info][gc,phases,start] GC(18) Phase 4: Compact heap
[15.301s][info][gc,phases      ] GC(18) Phase 4: Compact heap 2.545ms
[15.304s][info][gc,heap        ] GC(18) Eden regions: 11->0(150)
[15.304s][info][gc,heap        ] GC(18) Survivor regions: 2->0(13)
[15.304s][info][gc,heap        ] GC(18) Old regions: 471->7
[15.304s][info][gc,heap        ] GC(18) Humongous regions: 4->0
[15.304s][info][gc,metaspace   ] GC(18) Metaspace: 25560K(26496K)->25432K(26496K) NonClass: 22240K(22784K)->22155K(22784K) Class: 3319K(3712K)->3277K(3712K)
[15.304s][info][gc             ] GC(18) Pause Full (System.gc()) 966M->5M(4096M) 17.067ms
[15.304s][info][gc,cpu         ] GC(18) User=0.02s Sys=0.00s Real=0.01s
[16.848s][info][gc,start       ] GC(19) Pause Young (Normal) (G1 Evacuation Pause)
[16.848s][info][gc,task        ] GC(19) Using 6 workers of 6 for evacuation
[16.849s][info][gc,phases      ] GC(19)   Pre Evacuate Collection Set: 0.0ms
[16.849s][info][gc,phases      ] GC(19)   Evacuate Collection Set: 0.4ms
[16.849s][info][gc,phases      ] GC(19)   Post Evacuate Collection Set: 0.3ms
[16.849s][info][gc,phases      ] GC(19)   Other: 0.2ms
[16.849s][info][gc,heap        ] GC(19) Eden regions: 150->0(226)
[16.849s][info][gc,heap        ] GC(19) Survivor regions: 0->1(19)
[16.849s][info][gc,heap        ] GC(19) Old regions: 7->7
[16.849s][info][gc,heap        ] GC(19) Humongous regions: 0->0
[16.849s][info][gc,metaspace   ] GC(19) Metaspace: 25434K(26496K)->25434K(26496K) NonClass: 22157K(22784K)->22157K(22784K) Class: 3277K(3712K)->3277K(3712K)
[16.849s][info][gc             ] GC(19) Pause Young (Normal) (G1 Evacuation Pause) 305M->6M(4096M) 1.009ms
[16.849s][info][gc,cpu         ] GC(19) User=0.00s Sys=0.00s Real=0.00s
[16.938s][info][gc,start       ] GC(20) Pause Young (Normal) (G1 Evacuation Pause)
[16.938s][info][gc,task        ] GC(20) Using 6 workers of 6 for evacuation
[16.939s][info][gc,phases      ] GC(20)   Pre Evacuate Collection Set: 0.1ms
[16.939s][info][gc,phases      ] GC(20)   Evacuate Collection Set: 0.5ms
[16.939s][info][gc,phases      ] GC(20)   Post Evacuate Collection Set: 0.3ms
[16.939s][info][gc,phases      ] GC(20)   Other: 0.2ms
[16.939s][info][gc,heap        ] GC(20) Eden regions: 226->0(321)
[16.939s][info][gc,heap        ] GC(20) Survivor regions: 1->1(29)
[16.939s][info][gc,heap        ] GC(20) Old regions: 7->7
[16.939s][info][gc,heap        ] GC(20) Humongous regions: 0->0
[16.939s][info][gc,metaspace   ] GC(20) Metaspace: 25434K(26496K)->25434K(26496K) NonClass: 22157K(22784K)->22157K(22784K) Class: 3277K(3712K)->3277K(3712K)
[16.939s][info][gc             ] GC(20) Pause Young (Normal) (G1 Evacuation Pause) 458M->6M(4096M) 1.150ms
[16.939s][info][gc,cpu         ] GC(20) User=0.00s Sys=0.00s Real=0.00s
[17.055s][info][gc,start       ] GC(21) Pause Young (Normal) (G1 Evacuation Pause)
[17.055s][info][gc,task        ] GC(21) Using 6 workers of 6 for evacuation
[17.056s][info][gc,phases      ] GC(21)   Pre Evacuate Collection Set: 0.0ms
[17.056s][info][gc,phases      ] GC(21)   Evacuate Collection Set: 0.5ms
[17.056s][info][gc,phases      ] GC(21)   Post Evacuate Collection Set: 0.4ms
[17.056s][info][gc,phases      ] GC(21)   Other: 0.2ms
[17.056s][info][gc,heap        ] GC(21) Eden regions: 321->0(434)
[17.056s][info][gc,heap        ] GC(21) Survivor regions: 1->1(41)
[17.056s][info][gc,heap        ] GC(21) Old regions: 7->7
[17.056s][info][gc,heap        ] GC(21) Humongous regions: 0->0
[17.056s][info][gc,metaspace   ] GC(21) Metaspace: 25435K(26496K)->25435K(26496K) NonClass: 22158K(22784K)->22158K(22784K) Class: 3277K(3712K)->3277K(3712K)
[17.056s][info][gc             ] GC(21) Pause Young (Normal) (G1 Evacuation Pause) 648M->6M(4096M) 1.164ms
[17.056s][info][gc,cpu         ] GC(21) User=0.00s Sys=0.00s Real=0.00s
[17.216s][info][gc,start       ] GC(22) Pause Young (Normal) (G1 Evacuation Pause)
[17.216s][info][gc,task        ] GC(22) Using 6 workers of 6 for evacuation
[17.217s][info][gc,phases      ] GC(22)   Pre Evacuate Collection Set: 0.1ms
[17.218s][info][gc,phases      ] GC(22)   Evacuate Collection Set: 0.4ms
[17.218s][info][gc,phases      ] GC(22)   Post Evacuate Collection Set: 0.5ms
[17.218s][info][gc,phases      ] GC(22)   Other: 0.2ms
[17.218s][info][gc,heap        ] GC(22) Eden regions: 434->0(579)
[17.218s][info][gc,heap        ] GC(22) Survivor regions: 1->1(55)
[17.218s][info][gc,heap        ] GC(22) Old regions: 7->7
[17.218s][info][gc,heap        ] GC(22) Humongous regions: 0->0
[17.218s][info][gc,metaspace   ] GC(22) Metaspace: 25435K(26496K)->25435K(26496K) NonClass: 22158K(22784K)->22158K(22784K) Class: 3277K(3712K)->3277K(3712K)
[17.218s][info][gc             ] GC(22) Pause Young (Normal) (G1 Evacuation Pause) 874M->6M(4096M) 1.248ms
[17.218s][info][gc,cpu         ] GC(22) User=0.00s Sys=0.00s Real=0.00s
[17.881s][info][gc,start       ] GC(23) Pause Young (Normal) (G1 Evacuation Pause)
[17.881s][info][gc,task        ] GC(23) Using 6 workers of 6 for evacuation
[18.005s][info][gc,phases      ] GC(23)   Pre Evacuate Collection Set: 0.0ms
[18.005s][info][gc,phases      ] GC(23)   Evacuate Collection Set: 122.5ms
[18.005s][info][gc,phases      ] GC(23)   Post Evacuate Collection Set: 0.8ms
[18.005s][info][gc,phases      ] GC(23)   Other: 0.2ms
[18.005s][info][gc,heap        ] GC(23) Eden regions: 579->0(494)
[18.005s][info][gc,heap        ] GC(23) Survivor regions: 1->73(73)
[18.005s][info][gc,heap        ] GC(23) Old regions: 7->55
[18.005s][info][gc,heap        ] GC(23) Humongous regions: 0->0
[18.005s][info][gc,metaspace   ] GC(23) Metaspace: 25436K(26496K)->25436K(26496K) NonClass: 22159K(22784K)->22159K(22784K) Class: 3277K(3712K)->3277K(3712K)
[18.005s][info][gc             ] GC(23) Pause Young (Normal) (G1 Evacuation Pause) 1164M->247M(4096M) 123.642ms
[18.005s][info][gc,cpu         ] GC(23) User=0.47s Sys=0.02s Real=0.12s
[18.119s][info][gc,start       ] GC(24) Pause Young (Normal) (G1 Evacuation Pause)
[18.119s][info][gc,task        ] GC(24) Using 6 workers of 6 for evacuation
[18.220s][info][gc,phases      ] GC(24)   Pre Evacuate Collection Set: 0.0ms
[18.220s][info][gc,phases      ] GC(24)   Evacuate Collection Set: 100.0ms
[18.220s][info][gc,phases      ] GC(24)   Post Evacuate Collection Set: 0.7ms
[18.220s][info][gc,phases      ] GC(24)   Other: 0.2ms
[18.220s][info][gc,heap        ] GC(24) Eden regions: 46->0(196)
[18.220s][info][gc,heap        ] GC(24) Survivor regions: 73->15(15)
[18.220s][info][gc,heap        ] GC(24) Old regions: 55->144
[18.220s][info][gc,heap        ] GC(24) Humongous regions: 0->0
[18.220s][info][gc,metaspace   ] GC(24) Metaspace: 25436K(26496K)->25436K(26496K) NonClass: 22159K(22784K)->22159K(22784K) Class: 3277K(3712K)->3277K(3712K)
[18.220s][info][gc             ] GC(24) Pause Young (Normal) (G1 Evacuation Pause) 339M->308M(4096M) 100.983ms
[18.220s][info][gc,cpu         ] GC(24) User=0.56s Sys=0.00s Real=0.09s
[18.746s][info][gc,start       ] GC(25) Pause Young (Normal) (G1 Evacuation Pause)
[18.746s][info][gc,task        ] GC(25) Using 6 workers of 6 for evacuation
[18.839s][info][gc,phases      ] GC(25)   Pre Evacuate Collection Set: 0.0ms
[18.839s][info][gc,phases      ] GC(25)   Evacuate Collection Set: 91.9ms
[18.839s][info][gc,phases      ] GC(25)   Post Evacuate Collection Set: 0.9ms
[18.839s][info][gc,phases      ] GC(25)   Other: 0.3ms
[18.839s][info][gc,heap        ] GC(25) Eden regions: 132->0(178)
[18.839s][info][gc,heap        ] GC(25) Survivor regions: 15->19(19)
[18.839s][info][gc,heap        ] GC(25) Old regions: 144->206
[18.839s][info][gc,heap        ] GC(25) Humongous regions: 1->1
[18.839s][info][gc,metaspace   ] GC(25) Metaspace: 25436K(26496K)->25436K(26496K) NonClass: 22159K(22784K)->22159K(22784K) Class: 3277K(3712K)->3277K(3712K)
[18.839s][info][gc             ] GC(25) Pause Young (Normal) (G1 Evacuation Pause) 574M->442M(4096M) 93.219ms
[18.839s][info][gc,cpu         ] GC(25) User=0.48s Sys=0.00s Real=0.09s
[24.221s][info][gc,start       ] GC(26) Pause Young (Normal) (G1 Evacuation Pause)
[24.221s][info][gc,task        ] GC(26) Using 6 workers of 6 for evacuation
[24.289s][info][gc,phases      ] GC(26)   Pre Evacuate Collection Set: 0.1ms
[24.289s][info][gc,phases      ] GC(26)   Evacuate Collection Set: 67.1ms
[24.289s][info][gc,phases      ] GC(26)   Post Evacuate Collection Set: 0.7ms
[24.289s][info][gc,phases      ] GC(26)   Other: 0.3ms
[24.289s][info][gc,heap        ] GC(26) Eden regions: 178->0(210)
[24.289s][info][gc,heap        ] GC(26) Survivor regions: 19->25(25)
[24.289s][info][gc,heap        ] GC(26) Old regions: 206->244
[24.289s][info][gc,heap        ] GC(26) Humongous regions: 1->1
[24.289s][info][gc,metaspace   ] GC(26) Metaspace: 25442K(26496K)->25442K(26496K) NonClass: 22165K(22784K)->22165K(22784K) Class: 3277K(3712K)->3277K(3712K)
[24.290s][info][gc             ] GC(26) Pause Young (Normal) (G1 Evacuation Pause) 798M->531M(4096M) 68.253ms
[24.290s][info][gc,cpu         ] GC(26) User=0.38s Sys=0.00s Real=0.07s
[24.593s][info][gc,start       ] GC(27) Pause Young (Normal) (G1 Evacuation Pause)
[24.594s][info][gc,task        ] GC(27) Using 6 workers of 6 for evacuation
[24.717s][info][gc,phases      ] GC(27)   Pre Evacuate Collection Set: 0.0ms
[24.717s][info][gc,phases      ] GC(27)   Evacuate Collection Set: 123.0ms
[24.717s][info][gc,phases      ] GC(27)   Post Evacuate Collection Set: 0.6ms
[24.717s][info][gc,phases      ] GC(27)   Other: 0.3ms
[24.717s][info][gc,heap        ] GC(27) Eden regions: 210->0(219)
[24.717s][info][gc,heap        ] GC(27) Survivor regions: 25->30(30)
[24.717s][info][gc,heap        ] GC(27) Old regions: 244->328
[24.717s][info][gc,heap        ] GC(27) Humongous regions: 1->1
[24.717s][info][gc,metaspace   ] GC(27) Metaspace: 25442K(26496K)->25442K(26496K) NonClass: 22165K(22784K)->22165K(22784K) Class: 3277K(3712K)->3277K(3712K)
[24.718s][info][gc             ] GC(27) Pause Young (Normal) (G1 Evacuation Pause) 951M->708M(4096M) 124.028ms
[24.718s][info][gc,cpu         ] GC(27) User=0.66s Sys=0.00s Real=0.12s
[25.028s][info][gc,start       ] GC(28) Pause Young (Normal) (G1 Evacuation Pause)
[25.028s][info][gc,task        ] GC(28) Using 6 workers of 6 for evacuation
[25.157s][info][gc,phases      ] GC(28)   Pre Evacuate Collection Set: 0.0ms
[25.157s][info][gc,phases      ] GC(28)   Evacuate Collection Set: 128.4ms
[25.157s][info][gc,phases      ] GC(28)   Post Evacuate Collection Set: 0.8ms
[25.157s][info][gc,phases      ] GC(28)   Other: 0.2ms
[25.157s][info][gc,heap        ] GC(28) Eden regions: 191->0(211)
[25.157s][info][gc,heap        ] GC(28) Survivor regions: 30->28(28)
[25.157s][info][gc,heap        ] GC(28) Old regions: 328->414
[25.157s][info][gc,heap        ] GC(28) Humongous regions: 3->3
[25.157s][info][gc,metaspace   ] GC(28) Metaspace: 25442K(26496K)->25442K(26496K) NonClass: 22165K(22784K)->22165K(22784K) Class: 3277K(3712K)->3277K(3712K)
[25.157s][info][gc             ] GC(28) Pause Young (Normal) (G1 Evacuation Pause) 1094M->880M(4096M) 129.477ms
[25.157s][info][gc,cpu         ] GC(28) User=0.81s Sys=0.02s Real=0.13s
[25.666s][info][gc,start       ] GC(29) Pause Young (Normal) (G1 Evacuation Pause)
[25.666s][info][gc,task        ] GC(29) Using 6 workers of 6 for evacuation
[25.736s][info][gc,phases      ] GC(29)   Pre Evacuate Collection Set: 0.0ms
[25.736s][info][gc,phases      ] GC(29)   Evacuate Collection Set: 69.0ms
[25.736s][info][gc,phases      ] GC(29)   Post Evacuate Collection Set: 1.2ms
[25.736s][info][gc,phases      ] GC(29)   Other: 0.2ms
[25.736s][info][gc,heap        ] GC(29) Eden regions: 74->0(181)
[25.736s][info][gc,heap        ] GC(29) Survivor regions: 28->13(13)
[25.736s][info][gc,heap        ] GC(29) Old regions: 414->448
[25.736s][info][gc,heap        ] GC(29) Humongous regions: 5->5
[25.736s][info][gc,metaspace   ] GC(29) Metaspace: 25442K(26496K)->25442K(26496K) NonClass: 22165K(22784K)->22165K(22784K) Class: 3277K(3712K)->3277K(3712K)
[25.737s][info][gc             ] GC(29) Pause Young (Normal) (G1 Evacuation Pause) 1032M->922M(4096M) 70.624ms
[25.737s][info][gc,cpu         ] GC(29) User=0.38s Sys=0.00s Real=0.06s
[26.075s][info][gc,start       ] GC(30) Pause Young (Normal) (G1 Evacuation Pause)
[26.075s][info][gc,task        ] GC(30) Using 6 workers of 6 for evacuation
[26.111s][info][gc,phases      ] GC(30)   Pre Evacuate Collection Set: 0.1ms
[26.111s][info][gc,phases      ] GC(30)   Evacuate Collection Set: 35.3ms
[26.111s][info][gc,phases      ] GC(30)   Post Evacuate Collection Set: 0.7ms
[26.111s][info][gc,phases      ] GC(30)   Other: 0.3ms
[26.111s][info][gc,heap        ] GC(30) Eden regions: 89->0(238)
[26.111s][info][gc,heap        ] GC(30) Survivor regions: 13->3(13)
[26.111s][info][gc,heap        ] GC(30) Old regions: 448->460
[26.111s][info][gc,heap        ] GC(30) Humongous regions: 5->5
[26.111s][info][gc,metaspace   ] GC(30) Metaspace: 25442K(26496K)->25442K(26496K) NonClass: 22165K(22784K)->22165K(22784K) Class: 3277K(3712K)->3277K(3712K)
[26.111s][info][gc             ] GC(30) Pause Young (Normal) (G1 Evacuation Pause) 1100M->927M(4096M) 36.429ms
[26.111s][info][gc,cpu         ] GC(30) User=0.16s Sys=0.00s Real=0.03s
[27.342s][info][gc,task        ] GC(31) Using 6 workers of 6 for full compaction
[27.342s][info][gc,start       ] GC(31) Pause Full (System.gc())
[27.342s][info][gc,phases,start] GC(31) Phase 1: Mark live objects
[27.345s][info][gc,stringtable ] GC(31) Cleaned string and symbol table, strings: 6887 processed, 0 removed, symbols: 66794 processed, 29 removed
[27.345s][info][gc,phases      ] GC(31) Phase 1: Mark live objects 2.962ms
[27.345s][info][gc,phases,start] GC(31) Phase 2: Prepare for compaction
[27.348s][info][gc,phases      ] GC(31) Phase 2: Prepare for compaction 3.076ms
[27.348s][info][gc,phases,start] GC(31) Phase 3: Adjust pointers
[27.351s][info][gc,phases      ] GC(31) Phase 3: Adjust pointers 2.855ms
[27.351s][info][gc,phases,start] GC(31) Phase 4: Compact heap
[27.353s][info][gc,phases      ] GC(31) Phase 4: Compact heap 2.391ms
[27.356s][info][gc,heap        ] GC(31) Eden regions: 153->0(241)
[27.356s][info][gc,heap        ] GC(31) Survivor regions: 3->0(13)
[27.356s][info][gc,heap        ] GC(31) Old regions: 460->6
[27.356s][info][gc,heap        ] GC(31) Humongous regions: 5->1
[27.356s][info][gc,metaspace   ] GC(31) Metaspace: 25443K(26496K)->25443K(26496K) NonClass: 22166K(22784K)->22166K(22784K) Class: 3277K(3712K)->3277K(3712K)
[27.356s][info][gc             ] GC(31) Pause Full (System.gc()) 1233M->7M(4096M) 14.529ms
[27.356s][info][gc,cpu         ] GC(31) User=0.00s Sys=0.00s Real=0.00s
[28.817s][info][gc,start       ] GC(32) Pause Young (Normal) (G1 Evacuation Pause)
[28.817s][info][gc,task        ] GC(32) Using 6 workers of 6 for evacuation
[28.818s][info][gc,phases      ] GC(32)   Pre Evacuate Collection Set: 0.0ms
[28.818s][info][gc,phases      ] GC(32)   Evacuate Collection Set: 0.5ms
[28.818s][info][gc,phases      ] GC(32)   Post Evacuate Collection Set: 0.4ms
[28.818s][info][gc,phases      ] GC(32)   Other: 0.2ms
[28.818s][info][gc,heap        ] GC(32) Eden regions: 241->0(354)
[28.818s][info][gc,heap        ] GC(32) Survivor regions: 0->1(31)
[28.818s][info][gc,heap        ] GC(32) Old regions: 6->6
[28.818s][info][gc,heap        ] GC(32) Humongous regions: 1->1
[28.818s][info][gc,metaspace   ] GC(32) Metaspace: 25445K(26496K)->25445K(26496K) NonClass: 22168K(22784K)->22168K(22784K) Class: 3277K(3712K)->3277K(3712K)
[28.818s][info][gc             ] GC(32) Pause Young (Normal) (G1 Evacuation Pause) 489M->9M(4096M) 1.266ms
[28.818s][info][gc,cpu         ] GC(32) User=0.02s Sys=0.00s Real=0.02s
[28.949s][info][gc,start       ] GC(33) Pause Young (Normal) (G1 Evacuation Pause)
[28.949s][info][gc,task        ] GC(33) Using 6 workers of 6 for evacuation
[28.949s][info][gc,phases      ] GC(33)   Pre Evacuate Collection Set: 0.0ms
[28.949s][info][gc,phases      ] GC(33)   Evacuate Collection Set: 0.3ms
[28.950s][info][gc,phases      ] GC(33)   Post Evacuate Collection Set: 0.4ms
[28.950s][info][gc,phases      ] GC(33)   Other: 0.2ms
[28.950s][info][gc,heap        ] GC(33) Eden regions: 354->0(499)
[28.950s][info][gc,heap        ] GC(33) Survivor regions: 1->1(45)
[28.950s][info][gc,heap        ] GC(33) Old regions: 6->6
[28.950s][info][gc,heap        ] GC(33) Humongous regions: 1->1
[28.950s][info][gc,metaspace   ] GC(33) Metaspace: 25445K(26496K)->25445K(26496K) NonClass: 22168K(22784K)->22168K(22784K) Class: 3277K(3712K)->3277K(3712K)
[28.950s][info][gc             ] GC(33) Pause Young (Normal) (G1 Evacuation Pause) 717M->7M(4096M) 0.995ms
[28.950s][info][gc,cpu         ] GC(33) User=0.00s Sys=0.00s Real=0.00s
[29.135s][info][gc,start       ] GC(34) Pause Young (Normal) (G1 Evacuation Pause)
[29.135s][info][gc,task        ] GC(34) Using 6 workers of 6 for evacuation
[29.136s][info][gc,phases      ] GC(34)   Pre Evacuate Collection Set: 0.0ms
[29.136s][info][gc,phases      ] GC(34)   Evacuate Collection Set: 0.5ms
[29.136s][info][gc,phases      ] GC(34)   Post Evacuate Collection Set: 0.5ms
[29.136s][info][gc,phases      ] GC(34)   Other: 0.2ms
[29.136s][info][gc,heap        ] GC(34) Eden regions: 499->0(598)
[29.136s][info][gc,heap        ] GC(34) Survivor regions: 1->1(63)
[29.136s][info][gc,heap        ] GC(34) Old regions: 6->6
[29.136s][info][gc,heap        ] GC(34) Humongous regions: 1->1
[29.136s][info][gc,metaspace   ] GC(34) Metaspace: 25445K(26496K)->25445K(26496K) NonClass: 22168K(22784K)->22168K(22784K) Class: 3277K(3712K)->3277K(3712K)
[29.136s][info][gc             ] GC(34) Pause Young (Normal) (G1 Evacuation Pause) 1005M->7M(4096M) 1.288ms
[29.136s][info][gc,cpu         ] GC(34) User=0.00s Sys=0.00s Real=0.00s
[29.791s][info][gc,start       ] GC(35) Pause Young (Normal) (G1 Evacuation Pause)
[29.792s][info][gc,task        ] GC(35) Using 6 workers of 6 for evacuation
[29.906s][info][gc,phases      ] GC(35)   Pre Evacuate Collection Set: 0.0ms
[29.906s][info][gc,phases      ] GC(35)   Evacuate Collection Set: 112.9ms
[29.906s][info][gc,phases      ] GC(35)   Post Evacuate Collection Set: 0.9ms
[29.906s][info][gc,phases      ] GC(35)   Other: 1.4ms
[29.906s][info][gc,heap        ] GC(35) Eden regions: 598->0(528)
[29.906s][info][gc,heap        ] GC(35) Survivor regions: 1->75(75)
[29.906s][info][gc,heap        ] GC(35) Old regions: 6->48
[29.906s][info][gc,heap        ] GC(35) Humongous regions: 1->1
[29.906s][info][gc,metaspace   ] GC(35) Metaspace: 25449K(26496K)->25449K(26496K) NonClass: 22172K(22784K)->22172K(22784K) Class: 3277K(3712K)->3277K(3712K)
[29.906s][info][gc             ] GC(35) Pause Young (Normal) (G1 Evacuation Pause) 1203M->240M(4096M) 115.362ms
[29.906s][info][gc,cpu         ] GC(35) User=0.58s Sys=0.00s Real=0.11s
[34.964s][info][gc,start       ] GC(36) Pause Young (Normal) (G1 Evacuation Pause)
[34.964s][info][gc,task        ] GC(36) Using 6 workers of 6 for evacuation
[35.064s][info][gc,phases      ] GC(36)   Pre Evacuate Collection Set: 0.0ms
[35.064s][info][gc,phases      ] GC(36)   Evacuate Collection Set: 99.5ms
[35.064s][info][gc,phases      ] GC(36)   Post Evacuate Collection Set: 0.8ms
[35.064s][info][gc,phases      ] GC(36)   Other: 0.4ms
[35.064s][info][gc,heap        ] GC(36) Eden regions: 312->0(398)
[35.064s][info][gc,heap        ] GC(36) Survivor regions: 75->40(49)
[35.064s][info][gc,heap        ] GC(36) Old regions: 48->104
[35.064s][info][gc,heap        ] GC(36) Humongous regions: 1->1
[35.064s][info][gc,metaspace   ] GC(36) Metaspace: 25451K(26496K)->25451K(26496K) NonClass: 22174K(22784K)->22174K(22784K) Class: 3277K(3712K)->3277K(3712K)
[35.064s][info][gc             ] GC(36) Pause Young (Normal) (G1 Evacuation Pause) 864M->283M(4096M) 100.788ms
[35.064s][info][gc,cpu         ] GC(36) User=0.58s Sys=0.00s Real=0.11s
[35.618s][info][gc,start       ] GC(37) Pause Young (Normal) (G1 Evacuation Pause)
[35.618s][info][gc,task        ] GC(37) Using 6 workers of 6 for evacuation
[35.818s][info][gc,mmu         ] GC(37) MMU target violated: 200.4ms (200.0ms/201.0ms)
[35.819s][info][gc,phases      ] GC(37)   Pre Evacuate Collection Set: 0.1ms
[35.819s][info][gc,phases      ] GC(37)   Evacuate Collection Set: 199.5ms
[35.819s][info][gc,phases      ] GC(37)   Post Evacuate Collection Set: 0.6ms
[35.819s][info][gc,phases      ] GC(37)   Other: 0.4ms
[35.819s][info][gc,heap        ] GC(37) Eden regions: 398->0(341)
[35.819s][info][gc,heap        ] GC(37) Survivor regions: 40->55(55)
[35.819s][info][gc,heap        ] GC(37) Old regions: 104->253
[35.819s][info][gc,heap        ] GC(37) Humongous regions: 1->1
[35.819s][info][gc,metaspace   ] GC(37) Metaspace: 25451K(26496K)->25451K(26496K) NonClass: 22174K(22784K)->22174K(22784K) Class: 3277K(3712K)->3277K(3712K)
[35.819s][info][gc             ] GC(37) Pause Young (Normal) (G1 Evacuation Pause) 1079M->610M(4096M) 200.650ms
[35.819s][info][gc,cpu         ] GC(37) User=1.16s Sys=0.00s Real=0.20s
[36.142s][info][gc,start       ] GC(38) Pause Young (Normal) (G1 Evacuation Pause)
[36.142s][info][gc,task        ] GC(38) Using 6 workers of 6 for evacuation
[36.282s][info][gc,phases      ] GC(38)   Pre Evacuate Collection Set: 0.1ms
[36.282s][info][gc,phases      ] GC(38)   Evacuate Collection Set: 138.0ms
[36.282s][info][gc,phases      ] GC(38)   Post Evacuate Collection Set: 1.0ms
[36.282s][info][gc,phases      ] GC(38)   Other: 0.3ms
[36.282s][info][gc,heap        ] GC(38) Eden regions: 75->0(213)
[36.282s][info][gc,heap        ] GC(38) Survivor regions: 55->17(17)
[36.282s][info][gc,heap        ] GC(38) Old regions: 253->332
[36.282s][info][gc,heap        ] GC(38) Humongous regions: 5->5
[36.282s][info][gc,metaspace   ] GC(38) Metaspace: 25451K(26496K)->25451K(26496K) NonClass: 22174K(22784K)->22174K(22784K) Class: 3277K(3712K)->3277K(3712K)
[36.282s][info][gc             ] GC(38) Pause Young (Normal) (G1 Evacuation Pause) 768M->700M(4096M) 139.400ms
[36.282s][info][gc,cpu         ] GC(38) User=0.78s Sys=0.00s Real=0.14s
[37.222s][info][gc,start       ] GC(39) Pause Young (Normal) (G1 Evacuation Pause)
[37.222s][info][gc,task        ] GC(39) Using 6 workers of 6 for evacuation
[37.254s][info][gc,phases      ] GC(39)   Pre Evacuate Collection Set: 0.0ms
[37.254s][info][gc,phases      ] GC(39)   Evacuate Collection Set: 31.1ms
[37.254s][info][gc,phases      ] GC(39)   Post Evacuate Collection Set: 0.7ms
[37.254s][info][gc,phases      ] GC(39)   Other: 0.2ms
[37.254s][info][gc,heap        ] GC(39) Eden regions: 213->0(303)
[37.254s][info][gc,heap        ] GC(39) Survivor regions: 17->3(29)
[37.254s][info][gc,heap        ] GC(39) Old regions: 332->346
[37.254s][info][gc,heap        ] GC(39) Humongous regions: 5->5
[37.254s][info][gc,metaspace   ] GC(39) Metaspace: 25452K(26496K)->25452K(26496K) NonClass: 22175K(22784K)->22175K(22784K) Class: 3277K(3712K)->3277K(3712K)
[37.254s][info][gc             ] GC(39) Pause Young (Normal) (G1 Evacuation Pause) 1126M->701M(4096M) 32.180ms
[37.254s][info][gc,cpu         ] GC(39) User=0.09s Sys=0.00s Real=0.03s
[38.241s][info][gc,task        ] GC(40) Using 6 workers of 6 for full compaction
[38.241s][info][gc,start       ] GC(40) Pause Full (System.gc())
[38.241s][info][gc,phases,start] GC(40) Phase 1: Mark live objects
[38.244s][info][gc,stringtable ] GC(40) Cleaned string and symbol table, strings: 6887 processed, 0 removed, symbols: 66765 processed, 0 removed
[38.244s][info][gc,phases      ] GC(40) Phase 1: Mark live objects 2.885ms
[38.244s][info][gc,phases,start] GC(40) Phase 2: Prepare for compaction
[38.247s][info][gc,phases      ] GC(40) Phase 2: Prepare for compaction 2.543ms
[38.247s][info][gc,phases,start] GC(40) Phase 3: Adjust pointers
[38.250s][info][gc,phases      ] GC(40) Phase 3: Adjust pointers 3.255ms
[38.250s][info][gc,phases,start] GC(40) Phase 4: Compact heap
[38.252s][info][gc,phases      ] GC(40) Phase 4: Compact heap 1.443ms
[38.255s][info][gc,heap        ] GC(40) Eden regions: 86->0(308)
[38.255s][info][gc,heap        ] GC(40) Survivor regions: 3->0(29)
[38.255s][info][gc,heap        ] GC(40) Old regions: 346->6
[38.255s][info][gc,heap        ] GC(40) Humongous regions: 5->1
[38.255s][info][gc,metaspace   ] GC(40) Metaspace: 25452K(26496K)->25452K(26496K) NonClass: 22175K(22784K)->22175K(22784K) Class: 3277K(3712K)->3277K(3712K)
[38.255s][info][gc             ] GC(40) Pause Full (System.gc()) 872M->7M(4096M) 13.426ms
[38.255s][info][gc,cpu         ] GC(40) User=0.00s Sys=0.00s Real=0.02s
[39.692s][info][gc,start       ] GC(41) Pause Young (Normal) (G1 Evacuation Pause)
[39.692s][info][gc,task        ] GC(41) Using 6 workers of 6 for evacuation
[39.693s][info][gc,phases      ] GC(41)   Pre Evacuate Collection Set: 0.0ms
[39.693s][info][gc,phases      ] GC(41)   Evacuate Collection Set: 0.5ms
[39.693s][info][gc,phases      ] GC(41)   Post Evacuate Collection Set: 0.4ms
[39.693s][info][gc,phases      ] GC(41)   Other: 0.2ms
[39.693s][info][gc,heap        ] GC(41) Eden regions: 308->0(440)
[39.693s][info][gc,heap        ] GC(41) Survivor regions: 0->2(39)
[39.693s][info][gc,heap        ] GC(41) Old regions: 6->6
[39.693s][info][gc,heap        ] GC(41) Humongous regions: 1->1
[39.693s][info][gc,metaspace   ] GC(41) Metaspace: 25463K(26496K)->25463K(26496K) NonClass: 22186K(22784K)->22186K(22784K) Class: 3277K(3712K)->3277K(3712K)
[39.693s][info][gc             ] GC(41) Pause Young (Normal) (G1 Evacuation Pause) 623M->10M(4096M) 1.169ms
[39.693s][info][gc,cpu         ] GC(41) User=0.00s Sys=0.00s Real=0.00s
[39.853s][info][gc,start       ] GC(42) Pause Young (Normal) (G1 Evacuation Pause)
[39.853s][info][gc,task        ] GC(42) Using 6 workers of 6 for evacuation
[39.854s][info][gc,phases      ] GC(42)   Pre Evacuate Collection Set: 0.0ms
[39.854s][info][gc,phases      ] GC(42)   Evacuate Collection Set: 0.4ms
[39.854s][info][gc,phases      ] GC(42)   Post Evacuate Collection Set: 0.4ms
[39.854s][info][gc,phases      ] GC(42)   Other: 0.2ms
[39.854s][info][gc,heap        ] GC(42) Eden regions: 440->0(586)
[39.854s][info][gc,heap        ] GC(42) Survivor regions: 2->1(56)
[39.854s][info][gc,heap        ] GC(42) Old regions: 6->6
[39.854s][info][gc,heap        ] GC(42) Humongous regions: 1->1
[39.854s][info][gc,metaspace   ] GC(42) Metaspace: 25463K(26496K)->25463K(26496K) NonClass: 22186K(22784K)->22186K(22784K) Class: 3277K(3712K)->3277K(3712K)
[39.854s][info][gc             ] GC(42) Pause Young (Normal) (G1 Evacuation Pause) 890M->8M(4096M) 1.115ms
[39.854s][info][gc,cpu         ] GC(42) User=0.00s Sys=0.00s Real=0.00s
[40.071s][info][gc,start       ] GC(43) Pause Young (Normal) (G1 Evacuation Pause)
[40.071s][info][gc,task        ] GC(43) Using 6 workers of 6 for evacuation
[40.072s][info][gc,phases      ] GC(43)   Pre Evacuate Collection Set: 0.1ms
[40.072s][info][gc,phases      ] GC(43)   Evacuate Collection Set: 0.4ms
[40.072s][info][gc,phases      ] GC(43)   Post Evacuate Collection Set: 0.5ms
[40.072s][info][gc,phases      ] GC(43)   Other: 0.2ms
[40.072s][info][gc,heap        ] GC(43) Eden regions: 586->0(764)
[40.072s][info][gc,heap        ] GC(43) Survivor regions: 1->1(74)
[40.072s][info][gc,heap        ] GC(43) Old regions: 6->6
[40.072s][info][gc,heap        ] GC(43) Humongous regions: 1->1
[40.072s][info][gc,metaspace   ] GC(43) Metaspace: 25463K(26496K)->25463K(26496K) NonClass: 22186K(22784K)->22186K(22784K) Class: 3277K(3712K)->3277K(3712K)
[40.072s][info][gc             ] GC(43) Pause Young (Normal) (G1 Evacuation Pause) 1180M->7M(4096M) 1.263ms
[40.072s][info][gc,cpu         ] GC(43) User=0.00s Sys=0.00s Real=0.00s
[45.989s][info][gc,start       ] GC(44) Pause Young (Normal) (G1 Evacuation Pause)
[45.990s][info][gc,task        ] GC(44) Using 6 workers of 6 for evacuation
[46.052s][info][gc,phases      ] GC(44)   Pre Evacuate Collection Set: 0.1ms
[46.052s][info][gc,phases      ] GC(44)   Evacuate Collection Set: 61.3ms
[46.052s][info][gc,phases      ] GC(44)   Post Evacuate Collection Set: 0.9ms
[46.052s][info][gc,phases      ] GC(44)   Other: 0.4ms
[46.052s][info][gc,heap        ] GC(44) Eden regions: 764->0(784)
[46.052s][info][gc,heap        ] GC(44) Survivor regions: 1->61(96)
[46.052s][info][gc,heap        ] GC(44) Old regions: 6->6
[46.052s][info][gc,heap        ] GC(44) Humongous regions: 1->1
[46.052s][info][gc,metaspace   ] GC(44) Metaspace: 25463K(26496K)->25463K(26496K) NonClass: 22186K(22784K)->22186K(22784K) Class: 3277K(3712K)->3277K(3712K)
[46.052s][info][gc             ] GC(44) Pause Young (Normal) (G1 Evacuation Pause) 1535M->128M(4096M) 62.724ms
[46.052s][info][gc,cpu         ] GC(44) User=0.30s Sys=0.00s Real=0.06s
[48.643s][info][gc,task        ] GC(45) Using 6 workers of 6 for full compaction
[48.644s][info][gc,start       ] GC(45) Pause Full (System.gc())
[48.644s][info][gc,phases,start] GC(45) Phase 1: Mark live objects
[48.647s][info][gc,stringtable ] GC(45) Cleaned string and symbol table, strings: 6887 processed, 0 removed, symbols: 66765 processed, 0 removed
[48.647s][info][gc,phases      ] GC(45) Phase 1: Mark live objects 3.278ms
[48.647s][info][gc,phases,start] GC(45) Phase 2: Prepare for compaction
[48.651s][info][gc,phases      ] GC(45) Phase 2: Prepare for compaction 3.470ms
[48.651s][info][gc,phases,start] GC(45) Phase 3: Adjust pointers
[48.654s][info][gc,phases      ] GC(45) Phase 3: Adjust pointers 2.784ms
[48.654s][info][gc,phases,start] GC(45) Phase 4: Compact heap
[48.656s][info][gc,phases      ] GC(45) Phase 4: Compact heap 2.770ms
[48.659s][info][gc,heap        ] GC(45) Eden regions: 685->0(785)
[48.659s][info][gc,heap        ] GC(45) Survivor regions: 61->0(96)
[48.659s][info][gc,heap        ] GC(45) Old regions: 6->6
[48.659s][info][gc,heap        ] GC(45) Humongous regions: 5->1
[48.659s][info][gc,metaspace   ] GC(45) Metaspace: 25463K(26496K)->25463K(26496K) NonClass: 22186K(22784K)->22186K(22784K) Class: 3277K(3712K)->3277K(3712K)
[48.659s][info][gc             ] GC(45) Pause Full (System.gc()) 1505M->7M(4096M) 15.442ms
[48.659s][info][gc,cpu         ] GC(45) User=0.02s Sys=0.00s Real=0.02s
[50.936s][info][gc,start       ] GC(46) Pause Young (Normal) (G1 Evacuation Pause)
[50.936s][info][gc,task        ] GC(46) Using 6 workers of 6 for evacuation
[50.938s][info][gc,phases      ] GC(46)   Pre Evacuate Collection Set: 0.0ms
[50.938s][info][gc,phases      ] GC(46)   Evacuate Collection Set: 0.5ms
[50.938s][info][gc,phases      ] GC(46)   Post Evacuate Collection Set: 0.6ms
[50.938s][info][gc,phases      ] GC(46)   Other: 0.2ms
[50.938s][info][gc,heap        ] GC(46) Eden regions: 785->0(1225)
[50.938s][info][gc,heap        ] GC(46) Survivor regions: 0->3(99)
[50.938s][info][gc,heap        ] GC(46) Old regions: 6->6
[50.938s][info][gc,heap        ] GC(46) Humongous regions: 1->1
[50.938s][info][gc,metaspace   ] GC(46) Metaspace: 25463K(26496K)->25463K(26496K) NonClass: 22186K(22784K)->22186K(22784K) Class: 3277K(3712K)->3277K(3712K)
[50.938s][info][gc             ] GC(46) Pause Young (Normal) (G1 Evacuation Pause) 1577M->13M(4096M) 1.469ms
[50.938s][info][gc,cpu         ] GC(46) User=0.00s Sys=0.00s Real=0.00s
[56.983s][info][gc,start       ] GC(47) Pause Young (Normal) (G1 Evacuation Pause)
[56.983s][info][gc,task        ] GC(47) Using 6 workers of 6 for evacuation
[57.006s][info][gc,phases      ] GC(47)   Pre Evacuate Collection Set: 0.1ms
[57.007s][info][gc,phases      ] GC(47)   Evacuate Collection Set: 22.2ms
[57.007s][info][gc,phases      ] GC(47)   Post Evacuate Collection Set: 0.9ms
[57.007s][info][gc,phases      ] GC(47)   Other: 0.4ms
[57.007s][info][gc,heap        ] GC(47) Eden regions: 1225->0(1205)
[57.007s][info][gc,heap        ] GC(47) Survivor regions: 3->23(154)
[57.007s][info][gc,heap        ] GC(47) Old regions: 6->6
[57.007s][info][gc,heap        ] GC(47) Humongous regions: 1->1
[57.007s][info][gc,metaspace   ] GC(47) Metaspace: 25464K(26496K)->25464K(26496K) NonClass: 22187K(22784K)->22187K(22784K) Class: 3277K(3712K)->3277K(3712K)
[57.007s][info][gc             ] GC(47) Pause Young (Normal) (G1 Evacuation Pause) 2463M->52M(4096M) 23.633ms
[57.007s][info][gc,cpu         ] GC(47) User=0.11s Sys=0.00s Real=0.03s
[59.691s][info][gc,task        ] GC(48) Using 6 workers of 6 for full compaction
[59.691s][info][gc,start       ] GC(48) Pause Full (System.gc())
[59.691s][info][gc,phases,start] GC(48) Phase 1: Mark live objects
[59.694s][info][gc,stringtable ] GC(48) Cleaned string and symbol table, strings: 6895 processed, 0 removed, symbols: 66765 processed, 0 removed
[59.694s][info][gc,phases      ] GC(48) Phase 1: Mark live objects 3.358ms
[59.694s][info][gc,phases,start] GC(48) Phase 2: Prepare for compaction
[59.698s][info][gc,phases      ] GC(48) Phase 2: Prepare for compaction 3.486ms
[59.698s][info][gc,phases,start] GC(48) Phase 3: Adjust pointers
[59.701s][info][gc,phases      ] GC(48) Phase 3: Adjust pointers 2.931ms
[59.701s][info][gc,phases,start] GC(48) Phase 4: Compact heap
[59.703s][info][gc,phases      ] GC(48) Phase 4: Compact heap 2.617ms
[59.707s][info][gc,heap        ] GC(48) Eden regions: 778->0(1228)
[59.707s][info][gc,heap        ] GC(48) Survivor regions: 23->0(154)
[59.707s][info][gc,heap        ] GC(48) Old regions: 6->6
[59.707s][info][gc,heap        ] GC(48) Humongous regions: 5->1
[59.707s][info][gc,metaspace   ] GC(48) Metaspace: 25464K(26496K)->25464K(26496K) NonClass: 22187K(22784K)->22187K(22784K) Class: 3277K(3712K)->3277K(3712K)
[59.707s][info][gc             ] GC(48) Pause Full (System.gc()) 1616M->7M(4096M) 16.573ms
[59.707s][info][gc,cpu         ] GC(48) User=0.00s Sys=0.00s Real=0.02s
[61.788s][info][gc,start       ] GC(49) Pause Young (Normal) (G1 Evacuation Pause)
[61.788s][info][gc,task        ] GC(49) Using 6 workers of 6 for evacuation
[61.790s][info][gc,phases      ] GC(49)   Pre Evacuate Collection Set: 0.0ms
[61.790s][info][gc,phases      ] GC(49)   Evacuate Collection Set: 0.5ms
[61.790s][info][gc,phases      ] GC(49)   Post Evacuate Collection Set: 0.9ms
[61.790s][info][gc,phases      ] GC(49)   Other: 0.2ms
[61.790s][info][gc,heap        ] GC(49) Eden regions: 1228->0(1225)
[61.790s][info][gc,heap        ] GC(49) Survivor regions: 0->3(154)
[61.790s][info][gc,heap        ] GC(49) Old regions: 6->6
[61.790s][info][gc,heap        ] GC(49) Humongous regions: 1->1
[61.790s][info][gc,metaspace   ] GC(49) Metaspace: 25466K(26496K)->25466K(26496K) NonClass: 22189K(22784K)->22189K(22784K) Class: 3277K(3712K)->3277K(3712K)
[61.790s][info][gc             ] GC(49) Pause Young (Normal) (G1 Evacuation Pause) 2463M->13M(4096M) 1.758ms
[61.790s][info][gc,cpu         ] GC(49) User=0.00s Sys=0.00s Real=0.00s
[68.799s][info][gc,start       ] GC(50) Pause Young (Normal) (G1 Evacuation Pause)
[68.799s][info][gc,task        ] GC(50) Using 6 workers of 6 for evacuation
[69.026s][info][gc,mmu         ] GC(50) MMU target violated: 201.0ms (200.0ms/201.0ms)
[69.026s][info][gc,phases      ] GC(50)   Pre Evacuate Collection Set: 0.0ms
[69.026s][info][gc,phases      ] GC(50)   Evacuate Collection Set: 225.0ms
[69.026s][info][gc,phases      ] GC(50)   Post Evacuate Collection Set: 1.1ms
[69.026s][info][gc,phases      ] GC(50)   Other: 0.5ms
[69.026s][info][gc,heap        ] GC(50) Eden regions: 1225->0(1074)
[69.026s][info][gc,heap        ] GC(50) Survivor regions: 3->154(154)
[69.026s][info][gc,heap        ] GC(50) Old regions: 6->55
[69.026s][info][gc,heap        ] GC(50) Humongous regions: 1->1
[69.026s][info][gc,metaspace   ] GC(50) Metaspace: 25466K(26496K)->25466K(26496K) NonClass: 22189K(22784K)->22189K(22784K) Class: 3277K(3712K)->3277K(3712K)
[69.026s][info][gc             ] GC(50) Pause Young (Normal) (G1 Evacuation Pause) 2463M->412M(4096M) 226.684ms
[69.026s][info][gc,cpu         ] GC(50) User=0.97s Sys=0.03s Real=0.24s
[69.424s][info][gc,start       ] GC(51) Pause Young (Normal) (G1 Evacuation Pause)
[69.424s][info][gc,task        ] GC(51) Using 6 workers of 6 for evacuation
[69.609s][info][gc,phases      ] GC(51)   Pre Evacuate Collection Set: 0.1ms
[69.609s][info][gc,phases      ] GC(51)   Evacuate Collection Set: 182.9ms
[69.609s][info][gc,phases      ] GC(51)   Post Evacuate Collection Set: 1.6ms
[69.609s][info][gc,phases      ] GC(51)   Other: 0.3ms
[69.609s][info][gc,heap        ] GC(51) Eden regions: 45->0(250)
[69.609s][info][gc,heap        ] GC(51) Survivor regions: 154->25(25)
[69.609s][info][gc,heap        ] GC(51) Old regions: 55->210
[69.609s][info][gc,heap        ] GC(51) Humongous regions: 5->5
[69.609s][info][gc,metaspace   ] GC(51) Metaspace: 25466K(26496K)->25466K(26496K) NonClass: 22189K(22784K)->22189K(22784K) Class: 3277K(3712K)->3277K(3712K)
[69.609s][info][gc             ] GC(51) Pause Young (Normal) (G1 Evacuation Pause) 510M->472M(4096M) 184.903ms
[69.609s][info][gc,cpu         ] GC(51) User=1.05s Sys=0.00s Real=0.19s
[69.907s][info][gc,start       ] GC(52) Pause Young (Normal) (G1 Evacuation Pause)
[69.907s][info][gc,task        ] GC(52) Using 6 workers of 6 for evacuation
[69.968s][info][gc,phases      ] GC(52)   Pre Evacuate Collection Set: 0.1ms
[69.968s][info][gc,phases      ] GC(52)   Evacuate Collection Set: 60.0ms
[69.968s][info][gc,phases      ] GC(52)   Post Evacuate Collection Set: 0.7ms
[69.968s][info][gc,phases      ] GC(52)   Other: 0.3ms
[69.968s][info][gc,heap        ] GC(52) Eden regions: 77->0(287)
[69.968s][info][gc,heap        ] GC(52) Survivor regions: 25->3(13)
[69.968s][info][gc,heap        ] GC(52) Old regions: 210->229
[69.968s][info][gc,heap        ] GC(52) Humongous regions: 5->5
[69.968s][info][gc,metaspace   ] GC(52) Metaspace: 25466K(26496K)->25466K(26496K) NonClass: 22189K(22784K)->22189K(22784K) Class: 3277K(3712K)->3277K(3712K)
[69.968s][info][gc             ] GC(52) Pause Young (Normal) (G1 Evacuation Pause) 626M->467M(4096M) 61.142ms
[69.968s][info][gc,cpu         ] GC(52) User=0.30s Sys=0.00s Real=0.06s
[71.458s][info][gc,task        ] GC(53) Using 6 workers of 6 for full compaction
[71.458s][info][gc,start       ] GC(53) Pause Full (System.gc())
[71.458s][info][gc,phases,start] GC(53) Phase 1: Mark live objects
[71.462s][info][gc,stringtable ] GC(53) Cleaned string and symbol table, strings: 6900 processed, 0 removed, symbols: 66765 processed, 0 removed
[71.462s][info][gc,phases      ] GC(53) Phase 1: Mark live objects 3.335ms
[71.462s][info][gc,phases,start] GC(53) Phase 2: Prepare for compaction
[71.465s][info][gc,phases      ] GC(53) Phase 2: Prepare for compaction 3.327ms
[71.465s][info][gc,phases,start] GC(53) Phase 3: Adjust pointers
[71.468s][info][gc,phases      ] GC(53) Phase 3: Adjust pointers 2.862ms
[71.468s][info][gc,phases,start] GC(53) Phase 4: Compact heap
[71.469s][info][gc,phases      ] GC(53) Phase 4: Compact heap 1.380ms
[71.472s][info][gc,heap        ] GC(53) Eden regions: 217->0(291)
[71.472s][info][gc,heap        ] GC(53) Survivor regions: 3->0(13)
[71.472s][info][gc,heap        ] GC(53) Old regions: 229->6
[71.472s][info][gc,heap        ] GC(53) Humongous regions: 5->1
[71.472s][info][gc,metaspace   ] GC(53) Metaspace: 25467K(26496K)->25467K(26496K) NonClass: 22190K(22784K)->22190K(22784K) Class: 3277K(3712K)->3277K(3712K)
[71.472s][info][gc             ] GC(53) Pause Full (System.gc()) 901M->7M(4096M) 13.990ms
[71.472s][info][gc,cpu         ] GC(53) User=0.00s Sys=0.00s Real=0.00s
[73.325s][info][gc,start       ] GC(54) Pause Young (Normal) (G1 Evacuation Pause)
[73.325s][info][gc,task        ] GC(54) Using 6 workers of 6 for evacuation
[73.326s][info][gc,phases      ] GC(54)   Pre Evacuate Collection Set: 0.0ms
[73.326s][info][gc,phases      ] GC(54)   Evacuate Collection Set: 0.6ms
[73.326s][info][gc,phases      ] GC(54)   Post Evacuate Collection Set: 0.6ms
[73.326s][info][gc,phases      ] GC(54)   Other: 0.2ms
[73.326s][info][gc,heap        ] GC(54) Eden regions: 291->0(478)
[73.326s][info][gc,heap        ] GC(54) Survivor regions: 0->2(37)
[73.326s][info][gc,heap        ] GC(54) Old regions: 6->6
[73.326s][info][gc,heap        ] GC(54) Humongous regions: 1->1
[73.326s][info][gc,metaspace   ] GC(54) Metaspace: 25469K(26496K)->25469K(26496K) NonClass: 22192K(22784K)->22192K(22784K) Class: 3277K(3712K)->3277K(3712K)
[73.326s][info][gc             ] GC(54) Pause Young (Normal) (G1 Evacuation Pause) 589M->11M(4096M) 1.488ms
[73.326s][info][gc,cpu         ] GC(54) User=0.02s Sys=0.00s Real=0.02s
[73.497s][info][gc,start       ] GC(55) Pause Young (Normal) (G1 Evacuation Pause)
[73.498s][info][gc,task        ] GC(55) Using 6 workers of 6 for evacuation
[73.499s][info][gc,phases      ] GC(55)   Pre Evacuate Collection Set: 0.1ms
[73.499s][info][gc,phases      ] GC(55)   Evacuate Collection Set: 0.5ms
[73.499s][info][gc,phases      ] GC(55)   Post Evacuate Collection Set: 0.5ms
[73.499s][info][gc,phases      ] GC(55)   Other: 0.2ms
[73.499s][info][gc,heap        ] GC(55) Eden regions: 478->0(736)
[73.499s][info][gc,heap        ] GC(55) Survivor regions: 2->1(60)
[73.499s][info][gc,heap        ] GC(55) Old regions: 6->6
[73.499s][info][gc,heap        ] GC(55) Humongous regions: 1->1
[73.499s][info][gc,metaspace   ] GC(55) Metaspace: 25469K(26496K)->25469K(26496K) NonClass: 22192K(22784K)->22192K(22784K) Class: 3277K(3712K)->3277K(3712K)
[73.499s][info][gc             ] GC(55) Pause Young (Normal) (G1 Evacuation Pause) 967M->8M(4096M) 1.401ms
[73.499s][info][gc,cpu         ] GC(55) User=0.00s Sys=0.00s Real=0.01s
[73.771s][info][gc,start       ] GC(56) Pause Young (Normal) (G1 Evacuation Pause)
[73.771s][info][gc,task        ] GC(56) Using 6 workers of 6 for evacuation
[73.772s][info][gc,phases      ] GC(56)   Pre Evacuate Collection Set: 0.0ms
[73.772s][info][gc,phases      ] GC(56)   Evacuate Collection Set: 0.3ms
[73.772s][info][gc,phases      ] GC(56)   Post Evacuate Collection Set: 0.6ms
[73.772s][info][gc,phases      ] GC(56)   Other: 0.2ms
[73.772s][info][gc,heap        ] GC(56) Eden regions: 736->0(1087)
[73.772s][info][gc,heap        ] GC(56) Survivor regions: 1->1(93)
[73.772s][info][gc,heap        ] GC(56) Old regions: 6->6
[73.772s][info][gc,heap        ] GC(56) Humongous regions: 1->1
[73.772s][info][gc,metaspace   ] GC(56) Metaspace: 25469K(26496K)->25469K(26496K) NonClass: 22192K(22784K)->22192K(22784K) Class: 3277K(3712K)->3277K(3712K)
[73.772s][info][gc             ] GC(56) Pause Young (Normal) (G1 Evacuation Pause) 1480M->7M(4096M) 1.184ms
[73.772s][info][gc,cpu         ] GC(56) User=0.00s Sys=0.00s Real=0.00s
[81.377s][info][gc,start       ] GC(57) Pause Young (Normal) (G1 Evacuation Pause)
[81.377s][info][gc,task        ] GC(57) Using 6 workers of 6 for evacuation
[81.596s][info][gc,mmu         ] GC(57) MMU target violated: 201.0ms (200.0ms/201.0ms)
[81.596s][info][gc,phases      ] GC(57)   Pre Evacuate Collection Set: 0.0ms
[81.596s][info][gc,phases      ] GC(57)   Evacuate Collection Set: 217.4ms
[81.596s][info][gc,phases      ] GC(57)   Post Evacuate Collection Set: 1.2ms
[81.596s][info][gc,phases      ] GC(57)   Other: 0.5ms
[81.596s][info][gc,heap        ] GC(57) Eden regions: 1087->0(2)
[81.596s][info][gc,heap        ] GC(57) Survivor regions: 1->136(136)
[81.596s][info][gc,heap        ] GC(57) Old regions: 6->79
[81.596s][info][gc,heap        ] GC(57) Humongous regions: 5->5
[81.596s][info][gc,metaspace   ] GC(57) Metaspace: 25469K(26496K)->25469K(26496K) NonClass: 22192K(22784K)->22192K(22784K) Class: 3277K(3712K)->3277K(3712K)
[81.596s][info][gc             ] GC(57) Pause Young (Normal) (G1 Evacuation Pause) 2189M->432M(4096M) 219.155ms
[81.596s][info][gc,cpu         ] GC(57) User=1.23s Sys=0.00s Real=0.22s
[81.637s][info][gc,start       ] GC(58) Pause Young (Normal) (G1 Evacuation Pause)
[81.637s][info][gc,task        ] GC(58) Using 6 workers of 6 for evacuation
[81.756s][info][gc,phases      ] GC(58)   Pre Evacuate Collection Set: 0.0ms
[81.757s][info][gc,phases      ] GC(58)   Evacuate Collection Set: 118.0ms
[81.757s][info][gc,phases      ] GC(58)   Post Evacuate Collection Set: 0.9ms
[81.757s][info][gc,phases      ] GC(58)   Other: 0.2ms
[81.757s][info][gc,heap        ] GC(58) Eden regions: 2->0(99)
[81.757s][info][gc,heap        ] GC(58) Survivor regions: 136->3(18)
[81.757s][info][gc,heap        ] GC(58) Old regions: 79->216
[81.757s][info][gc,heap        ] GC(58) Humongous regions: 5->5
[81.757s][info][gc,metaspace   ] GC(58) Metaspace: 25469K(26496K)->25469K(26496K) NonClass: 22192K(22784K)->22192K(22784K) Class: 3277K(3712K)->3277K(3712K)
[81.757s][info][gc             ] GC(58) Pause Young (Normal) (G1 Evacuation Pause) 436M->441M(4096M) 119.285ms
[81.757s][info][gc,cpu         ] GC(58) User=0.66s Sys=0.00s Real=0.11s
[82.164s][info][gc,start       ] GC(59) Pause Young (Normal) (G1 Evacuation Pause)
[82.164s][info][gc,task        ] GC(59) Using 6 workers of 6 for evacuation
[82.169s][info][gc,phases      ] GC(59)   Pre Evacuate Collection Set: 0.0ms
[82.169s][info][gc,phases      ] GC(59)   Evacuate Collection Set: 4.3ms
[82.169s][info][gc,phases      ] GC(59)   Post Evacuate Collection Set: 0.5ms
[82.169s][info][gc,phases      ] GC(59)   Other: 0.2ms
[82.169s][info][gc,heap        ] GC(59) Eden regions: 99->0(99)
[82.169s][info][gc,heap        ] GC(59) Survivor regions: 3->3(13)
[82.169s][info][gc,heap        ] GC(59) Old regions: 216->216
[82.169s][info][gc,heap        ] GC(59) Humongous regions: 5->5
[82.169s][info][gc,metaspace   ] GC(59) Metaspace: 25469K(26496K)->25469K(26496K) NonClass: 22192K(22784K)->22192K(22784K) Class: 3277K(3712K)->3277K(3712K)
[82.169s][info][gc             ] GC(59) Pause Young (Normal) (G1 Evacuation Pause) 639M->441M(4096M) 5.095ms
[82.169s][info][gc,cpu         ] GC(59) User=0.02s Sys=0.00s Real=0.02s
[83.156s][info][gc,start       ] GC(60) Pause Young (Normal) (G1 Evacuation Pause)
[83.156s][info][gc,task        ] GC(60) Using 6 workers of 6 for evacuation
[83.158s][info][gc,phases      ] GC(60)   Pre Evacuate Collection Set: 0.1ms
[83.158s][info][gc,phases      ] GC(60)   Evacuate Collection Set: 1.2ms
[83.158s][info][gc,phases      ] GC(60)   Post Evacuate Collection Set: 0.4ms
[83.158s][info][gc,phases      ] GC(60)   Other: 0.3ms
[83.158s][info][gc,heap        ] GC(60) Eden regions: 99->0(100)
[83.158s][info][gc,heap        ] GC(60) Survivor regions: 3->2(13)
[83.158s][info][gc,heap        ] GC(60) Old regions: 216->216
[83.158s][info][gc,heap        ] GC(60) Humongous regions: 5->5
[83.158s][info][gc,metaspace   ] GC(60) Metaspace: 25469K(26496K)->25469K(26496K) NonClass: 22192K(22784K)->22192K(22784K) Class: 3277K(3712K)->3277K(3712K)
[83.158s][info][gc             ] GC(60) Pause Young (Normal) (G1 Evacuation Pause) 639M->438M(4096M) 2.069ms
[83.158s][info][gc,cpu         ] GC(60) User=0.00s Sys=0.00s Real=0.02s
[83.199s][info][gc,task        ] GC(61) Using 6 workers of 6 for full compaction
[83.199s][info][gc,start       ] GC(61) Pause Full (System.gc())
[83.200s][info][gc,phases,start] GC(61) Phase 1: Mark live objects
[83.203s][info][gc,stringtable ] GC(61) Cleaned string and symbol table, strings: 6900 processed, 0 removed, symbols: 66765 processed, 0 removed
[83.203s][info][gc,phases      ] GC(61) Phase 1: Mark live objects 3.023ms
[83.203s][info][gc,phases,start] GC(61) Phase 2: Prepare for compaction
[83.205s][info][gc,phases      ] GC(61) Phase 2: Prepare for compaction 2.229ms
[83.205s][info][gc,phases,start] GC(61) Phase 3: Adjust pointers
[83.208s][info][gc,phases      ] GC(61) Phase 3: Adjust pointers 2.964ms
[83.208s][info][gc,phases,start] GC(61) Phase 4: Compact heap
[83.209s][info][gc,phases      ] GC(61) Phase 4: Compact heap 0.761ms
[83.211s][info][gc,heap        ] GC(61) Eden regions: 3->0(102)
[83.211s][info][gc,heap        ] GC(61) Survivor regions: 2->0(13)
[83.211s][info][gc,heap        ] GC(61) Old regions: 216->6
[83.211s][info][gc,heap        ] GC(61) Humongous regions: 5->1
[83.211s][info][gc,metaspace   ] GC(61) Metaspace: 25471K(26496K)->25471K(26496K) NonClass: 22194K(22784K)->22194K(22784K) Class: 3277K(3712K)->3277K(3712K)
[83.211s][info][gc             ] GC(61) Pause Full (System.gc()) 443M->7M(4096M) 11.955ms
[83.211s][info][gc,cpu         ] GC(61) User=0.02s Sys=0.00s Real=0.02s
[84.838s][info][gc,start       ] GC(62) Pause Young (Normal) (G1 Evacuation Pause)
[84.838s][info][gc,task        ] GC(62) Using 6 workers of 6 for evacuation
[84.839s][info][gc,phases      ] GC(62)   Pre Evacuate Collection Set: 0.0ms
[84.839s][info][gc,phases      ] GC(62)   Evacuate Collection Set: 0.3ms
[84.839s][info][gc,phases      ] GC(62)   Post Evacuate Collection Set: 0.3ms
[84.839s][info][gc,phases      ] GC(62)   Other: 0.2ms
[84.839s][info][gc,heap        ] GC(62) Eden regions: 102->0(101)
[84.839s][info][gc,heap        ] GC(62) Survivor regions: 0->1(13)
[84.839s][info][gc,heap        ] GC(62) Old regions: 6->6
[84.839s][info][gc,heap        ] GC(62) Humongous regions: 1->1
[84.839s][info][gc,metaspace   ] GC(62) Metaspace: 25472K(26496K)->25472K(26496K) NonClass: 22195K(22784K)->22195K(22784K) Class: 3277K(3712K)->3277K(3712K)
[84.839s][info][gc             ] GC(62) Pause Young (Normal) (G1 Evacuation Pause) 211M->8M(4096M) 0.980ms
[84.839s][info][gc,cpu         ] GC(62) User=0.00s Sys=0.00s Real=0.00s
[84.877s][info][gc,start       ] GC(63) Pause Young (Normal) (G1 Evacuation Pause)
[84.877s][info][gc,task        ] GC(63) Using 6 workers of 6 for evacuation
[84.878s][info][gc,phases      ] GC(63)   Pre Evacuate Collection Set: 0.0ms
[84.878s][info][gc,phases      ] GC(63)   Evacuate Collection Set: 0.3ms
[84.878s][info][gc,phases      ] GC(63)   Post Evacuate Collection Set: 0.3ms
[84.878s][info][gc,phases      ] GC(63)   Other: 0.2ms
[84.878s][info][gc,heap        ] GC(63) Eden regions: 101->0(101)
[84.878s][info][gc,heap        ] GC(63) Survivor regions: 1->1(13)
[84.878s][info][gc,heap        ] GC(63) Old regions: 6->6
[84.878s][info][gc,heap        ] GC(63) Humongous regions: 1->1
[84.878s][info][gc,metaspace   ] GC(63) Metaspace: 25472K(26496K)->25472K(26496K) NonClass: 22195K(22784K)->22195K(22784K) Class: 3277K(3712K)->3277K(3712K)
[84.878s][info][gc             ] GC(63) Pause Young (Normal) (G1 Evacuation Pause) 210M->7M(4096M) 0.945ms
[84.878s][info][gc,cpu         ] GC(63) User=0.00s Sys=0.00s Real=0.00s
[84.915s][info][gc,start       ] GC(64) Pause Young (Normal) (G1 Evacuation Pause)
[84.915s][info][gc,task        ] GC(64) Using 6 workers of 6 for evacuation
[84.916s][info][gc,phases      ] GC(64)   Pre Evacuate Collection Set: 0.0ms
[84.916s][info][gc,phases      ] GC(64)   Evacuate Collection Set: 0.4ms
[84.916s][info][gc,phases      ] GC(64)   Post Evacuate Collection Set: 0.2ms
[84.916s][info][gc,phases      ] GC(64)   Other: 0.2ms
[84.916s][info][gc,heap        ] GC(64) Eden regions: 101->0(101)
[84.916s][info][gc,heap        ] GC(64) Survivor regions: 1->1(13)
[84.916s][info][gc,heap        ] GC(64) Old regions: 6->6
[84.916s][info][gc,heap        ] GC(64) Humongous regions: 1->1
[84.916s][info][gc,metaspace   ] GC(64) Metaspace: 25472K(26496K)->25472K(26496K) NonClass: 22195K(22784K)->22195K(22784K) Class: 3277K(3712K)->3277K(3712K)
[84.916s][info][gc             ] GC(64) Pause Young (Normal) (G1 Evacuation Pause) 209M->7M(4096M) 0.908ms
[84.916s][info][gc,cpu         ] GC(64) User=0.00s Sys=0.00s Real=0.00s
[84.952s][info][gc,start       ] GC(65) Pause Young (Normal) (G1 Evacuation Pause)
[84.952s][info][gc,task        ] GC(65) Using 6 workers of 6 for evacuation
[84.953s][info][gc,phases      ] GC(65)   Pre Evacuate Collection Set: 0.0ms
[84.953s][info][gc,phases      ] GC(65)   Evacuate Collection Set: 0.4ms
[84.953s][info][gc,phases      ] GC(65)   Post Evacuate Collection Set: 0.2ms
[84.953s][info][gc,phases      ] GC(65)   Other: 0.2ms
[84.953s][info][gc,heap        ] GC(65) Eden regions: 101->0(311)
[84.953s][info][gc,heap        ] GC(65) Survivor regions: 1->1(13)
[84.953s][info][gc,heap        ] GC(65) Old regions: 6->6
[84.953s][info][gc,heap        ] GC(65) Humongous regions: 1->1
[84.953s][info][gc,metaspace   ] GC(65) Metaspace: 25472K(26496K)->25472K(26496K) NonClass: 22195K(22784K)->22195K(22784K) Class: 3277K(3712K)->3277K(3712K)
[84.953s][info][gc             ] GC(65) Pause Young (Normal) (G1 Evacuation Pause) 209M->7M(4096M) 0.875ms
[84.953s][info][gc,cpu         ] GC(65) User=0.00s Sys=0.00s Real=0.00s
[85.066s][info][gc,start       ] GC(66) Pause Young (Normal) (G1 Evacuation Pause)
[85.067s][info][gc,task        ] GC(66) Using 6 workers of 6 for evacuation
[85.068s][info][gc,phases      ] GC(66)   Pre Evacuate Collection Set: 0.0ms
[85.068s][info][gc,phases      ] GC(66)   Evacuate Collection Set: 0.5ms
[85.068s][info][gc,phases      ] GC(66)   Post Evacuate Collection Set: 0.4ms
[85.068s][info][gc,phases      ] GC(66)   Other: 0.2ms
[85.068s][info][gc,heap        ] GC(66) Eden regions: 311->0(574)
[85.068s][info][gc,heap        ] GC(66) Survivor regions: 1->1(39)
[85.068s][info][gc,heap        ] GC(66) Old regions: 6->6
[85.068s][info][gc,heap        ] GC(66) Humongous regions: 1->1
[85.068s][info][gc,metaspace   ] GC(66) Metaspace: 25472K(26496K)->25472K(26496K) NonClass: 22195K(22784K)->22195K(22784K) Class: 3277K(3712K)->3277K(3712K)
[85.068s][info][gc             ] GC(66) Pause Young (Normal) (G1 Evacuation Pause) 629M->7M(4096M) 1.169ms
[85.068s][info][gc,cpu         ] GC(66) User=0.00s Sys=0.00s Real=0.00s
[85.274s][info][gc,start       ] GC(67) Pause Young (Normal) (G1 Evacuation Pause)
[85.274s][info][gc,task        ] GC(67) Using 6 workers of 6 for evacuation
[85.275s][info][gc,phases      ] GC(67)   Pre Evacuate Collection Set: 0.0ms
[85.275s][info][gc,phases      ] GC(67)   Evacuate Collection Set: 0.4ms
[85.275s][info][gc,phases      ] GC(67)   Post Evacuate Collection Set: 0.6ms
[85.275s][info][gc,phases      ] GC(67)   Other: 0.2ms
[85.275s][info][gc,heap        ] GC(67) Eden regions: 574->0(877)
[85.275s][info][gc,heap        ] GC(67) Survivor regions: 1->1(72)
[85.275s][info][gc,heap        ] GC(67) Old regions: 6->6
[85.275s][info][gc,heap        ] GC(67) Humongous regions: 1->1
[85.275s][info][gc,metaspace   ] GC(67) Metaspace: 25472K(26496K)->25472K(26496K) NonClass: 22195K(22784K)->22195K(22784K) Class: 3277K(3712K)->3277K(3712K)
[85.275s][info][gc             ] GC(67) Pause Young (Normal) (G1 Evacuation Pause) 1155M->7M(4096M) 1.331ms
[85.275s][info][gc,cpu         ] GC(67) User=0.00s Sys=0.00s Real=0.02s
[91.701s][info][gc,start       ] GC(68) Pause Young (Normal) (G1 Evacuation Pause)
[91.701s][info][gc,task        ] GC(68) Using 6 workers of 6 for evacuation
[91.790s][info][gc,phases      ] GC(68)   Pre Evacuate Collection Set: 0.1ms
[91.790s][info][gc,phases      ] GC(68)   Evacuate Collection Set: 87.2ms
[91.790s][info][gc,phases      ] GC(68)   Post Evacuate Collection Set: 0.7ms
[91.790s][info][gc,phases      ] GC(68)   Other: 0.4ms
[91.790s][info][gc,heap        ] GC(68) Eden regions: 877->0(847)
[91.790s][info][gc,heap        ] GC(68) Survivor regions: 1->86(110)
[91.790s][info][gc,heap        ] GC(68) Old regions: 6->6
[91.790s][info][gc,heap        ] GC(68) Humongous regions: 1->1
[91.790s][info][gc,metaspace   ] GC(68) Metaspace: 25472K(26496K)->25472K(26496K) NonClass: 22195K(22784K)->22195K(22784K) Class: 3277K(3712K)->3277K(3712K)
[91.790s][info][gc             ] GC(68) Pause Young (Normal) (G1 Evacuation Pause) 1761M->178M(4096M) 88.397ms
[91.790s][info][gc,cpu         ] GC(68) User=0.38s Sys=0.00s Real=0.09s
[94.306s][info][gc,task        ] GC(69) Using 6 workers of 6 for full compaction
[94.306s][info][gc,start       ] GC(69) Pause Full (System.gc())
[94.306s][info][gc,phases,start] GC(69) Phase 1: Mark live objects
[94.309s][info][gc,stringtable ] GC(69) Cleaned string and symbol table, strings: 6900 processed, 0 removed, symbols: 66765 processed, 0 removed
[94.309s][info][gc,phases      ] GC(69) Phase 1: Mark live objects 3.074ms
[94.309s][info][gc,phases,start] GC(69) Phase 2: Prepare for compaction
[94.313s][info][gc,phases      ] GC(69) Phase 2: Prepare for compaction 3.202ms
[94.313s][info][gc,phases,start] GC(69) Phase 3: Adjust pointers
[94.316s][info][gc,phases      ] GC(69) Phase 3: Adjust pointers 2.967ms
[94.316s][info][gc,phases,start] GC(69) Phase 4: Compact heap
[94.318s][info][gc,phases      ] GC(69) Phase 4: Compact heap 2.375ms
[94.321s][info][gc,heap        ] GC(69) Eden regions: 624->0(922)
[94.321s][info][gc,heap        ] GC(69) Survivor regions: 86->0(110)
[94.321s][info][gc,heap        ] GC(69) Old regions: 6->5
[94.321s][info][gc,heap        ] GC(69) Humongous regions: 5->1
[94.321s][info][gc,metaspace   ] GC(69) Metaspace: 25473K(26496K)->25473K(26496K) NonClass: 22196K(22784K)->22196K(22784K) Class: 3277K(3712K)->3277K(3712K)
[94.321s][info][gc             ] GC(69) Pause Full (System.gc()) 1433M->7M(4096M) 14.802ms
[94.321s][info][gc,cpu         ] GC(69) User=0.00s Sys=0.00s Real=0.02s
[96.539s][info][gc,start       ] GC(70) Pause Young (Normal) (G1 Evacuation Pause)
[96.539s][info][gc,task        ] GC(70) Using 6 workers of 6 for evacuation
[96.540s][info][gc,phases      ] GC(70)   Pre Evacuate Collection Set: 0.0ms
[96.540s][info][gc,phases      ] GC(70)   Evacuate Collection Set: 0.5ms
[96.540s][info][gc,phases      ] GC(70)   Post Evacuate Collection Set: 0.7ms
[96.540s][info][gc,phases      ] GC(70)   Other: 0.2ms
[96.540s][info][gc,heap        ] GC(70) Eden regions: 922->0(1225)
[96.540s][info][gc,heap        ] GC(70) Survivor regions: 0->3(116)
[96.540s][info][gc,heap        ] GC(70) Old regions: 5->5
[96.540s][info][gc,heap        ] GC(70) Humongous regions: 1->1
[96.540s][info][gc,metaspace   ] GC(70) Metaspace: 25475K(26496K)->25475K(26496K) NonClass: 22197K(22784K)->22197K(22784K) Class: 3277K(3712K)->3277K(3712K)
[96.540s][info][gc             ] GC(70) Pause Young (Normal) (G1 Evacuation Pause) 1851M->13M(4096M) 1.594ms
[96.540s][info][gc,cpu         ] GC(70) User=0.00s Sys=0.00s Real=0.00s
[102.855s][info][gc,start       ] GC(71) Pause Young (Normal) (G1 Evacuation Pause)
[102.855s][info][gc,task        ] GC(71) Using 6 workers of 6 for evacuation
[102.937s][info][gc,phases      ] GC(71)   Pre Evacuate Collection Set: 0.0ms
[102.937s][info][gc,phases      ] GC(71)   Evacuate Collection Set: 80.6ms
[102.937s][info][gc,phases      ] GC(71)   Post Evacuate Collection Set: 0.9ms
[102.937s][info][gc,phases      ] GC(71)   Other: 0.4ms
[102.937s][info][gc,heap        ] GC(71) Eden regions: 1225->0(1146)
[102.937s][info][gc,heap        ] GC(71) Survivor regions: 3->82(154)
[102.937s][info][gc,heap        ] GC(71) Old regions: 5->5
[102.937s][info][gc,heap        ] GC(71) Humongous regions: 1->1
[102.937s][info][gc,metaspace   ] GC(71) Metaspace: 25475K(26496K)->25475K(26496K) NonClass: 22197K(22784K)->22197K(22784K) Class: 3277K(3712K)->3277K(3712K)
[102.937s][info][gc             ] GC(71) Pause Young (Normal) (G1 Evacuation Pause) 2463M->170M(4096M) 82.048ms
[102.937s][info][gc,cpu         ] GC(71) User=0.53s Sys=0.00s Real=0.09s
[105.456s][info][gc,task        ] GC(72) Using 6 workers of 6 for full compaction
[105.456s][info][gc,start       ] GC(72) Pause Full (System.gc())
[105.457s][info][gc,phases,start] GC(72) Phase 1: Mark live objects
[105.460s][info][gc,stringtable ] GC(72) Cleaned string and symbol table, strings: 6901 processed, 0 removed, symbols: 66765 processed, 0 removed
[105.460s][info][gc,phases      ] GC(72) Phase 1: Mark live objects 3.088ms
[105.460s][info][gc,phases,start] GC(72) Phase 2: Prepare for compaction
[105.463s][info][gc,phases      ] GC(72) Phase 2: Prepare for compaction 3.062ms
[105.463s][info][gc,phases,start] GC(72) Phase 3: Adjust pointers
[105.466s][info][gc,phases      ] GC(72) Phase 3: Adjust pointers 2.951ms
[105.466s][info][gc,phases,start] GC(72) Phase 4: Compact heap
[105.468s][info][gc,phases      ] GC(72) Phase 4: Compact heap 2.636ms
[105.471s][info][gc,heap        ] GC(72) Eden regions: 638->0(1228)
[105.471s][info][gc,heap        ] GC(72) Survivor regions: 82->0(154)
[105.471s][info][gc,heap        ] GC(72) Old regions: 5->6
[105.471s][info][gc,heap        ] GC(72) Humongous regions: 5->1
[105.471s][info][gc,metaspace   ] GC(72) Metaspace: 25475K(26496K)->25475K(26496K) NonClass: 22198K(22784K)->22198K(22784K) Class: 3277K(3712K)->3277K(3712K)
[105.471s][info][gc             ] GC(72) Pause Full (System.gc()) 1454M->7M(4096M) 15.079ms
[105.472s][info][gc,cpu         ] GC(72) User=0.02s Sys=0.00s Real=0.01s
[107.843s][info][gc,start       ] GC(73) Pause Young (Normal) (G1 Evacuation Pause)
[107.843s][info][gc,task        ] GC(73) Using 6 workers of 6 for evacuation
[107.844s][info][gc,phases      ] GC(73)   Pre Evacuate Collection Set: 0.0ms
[107.844s][info][gc,phases      ] GC(73)   Evacuate Collection Set: 0.5ms
[107.844s][info][gc,phases      ] GC(73)   Post Evacuate Collection Set: 0.8ms
[107.844s][info][gc,phases      ] GC(73)   Other: 0.2ms
[107.844s][info][gc,heap        ] GC(73) Eden regions: 1228->0(1225)
[107.844s][info][gc,heap        ] GC(73) Survivor regions: 0->3(154)
[107.844s][info][gc,heap        ] GC(73) Old regions: 6->6
[107.844s][info][gc,heap        ] GC(73) Humongous regions: 1->1
[107.844s][info][gc,metaspace   ] GC(73) Metaspace: 25478K(26496K)->25478K(26496K) NonClass: 22201K(22784K)->22201K(22784K) Class: 3277K(3712K)->3277K(3712K)
[107.844s][info][gc             ] GC(73) Pause Young (Normal) (G1 Evacuation Pause) 2463M->13M(4096M) 1.676ms
[107.844s][info][gc,cpu         ] GC(73) User=0.00s Sys=0.00s Real=0.00s
[114.584s][info][gc,start       ] GC(74) Pause Young (Normal) (G1 Evacuation Pause)
[114.584s][info][gc,task        ] GC(74) Using 6 workers of 6 for evacuation
[114.816s][info][gc,mmu         ] GC(74) MMU target violated: 201.0ms (200.0ms/201.0ms)
[114.816s][info][gc,phases      ] GC(74)   Pre Evacuate Collection Set: 0.0ms
[114.816s][info][gc,phases      ] GC(74)   Evacuate Collection Set: 230.1ms
[114.816s][info][gc,phases      ] GC(74)   Post Evacuate Collection Set: 1.1ms
[114.816s][info][gc,phases      ] GC(74)   Other: 0.5ms
[114.816s][info][gc,heap        ] GC(74) Eden regions: 1225->0(1074)
[114.816s][info][gc,heap        ] GC(74) Survivor regions: 3->154(154)
[114.816s][info][gc,heap        ] GC(74) Old regions: 6->61
[114.816s][info][gc,heap        ] GC(74) Humongous regions: 3->3
[114.816s][info][gc,metaspace   ] GC(74) Metaspace: 25478K(26496K)->25478K(26496K) NonClass: 22201K(22784K)->22201K(22784K) Class: 3277K(3712K)->3277K(3712K)
[114.816s][info][gc             ] GC(74) Pause Young (Normal) (G1 Evacuation Pause) 2467M->429M(4096M) 231.753ms
[114.816s][info][gc,cpu         ] GC(74) User=0.92s Sys=0.00s Real=0.22s
[115.119s][info][gc,start       ] GC(75) Pause Young (Normal) (G1 Evacuation Pause)
[115.120s][info][gc,task        ] GC(75) Using 6 workers of 6 for evacuation
[115.266s][info][gc,phases      ] GC(75)   Pre Evacuate Collection Set: 0.0ms
[115.266s][info][gc,phases      ] GC(75)   Evacuate Collection Set: 144.6ms
[115.266s][info][gc,phases      ] GC(75)   Post Evacuate Collection Set: 1.5ms
[115.266s][info][gc,phases      ] GC(75)   Other: 0.3ms
[115.266s][info][gc,heap        ] GC(75) Eden regions: 55->0(82)
[115.266s][info][gc,heap        ] GC(75) Survivor regions: 154->20(27)
[115.266s][info][gc,heap        ] GC(75) Old regions: 61->215
[115.266s][info][gc,heap        ] GC(75) Humongous regions: 5->5
[115.266s][info][gc,metaspace   ] GC(75) Metaspace: 25478K(26496K)->25478K(26496K) NonClass: 22201K(22784K)->22201K(22784K) Class: 3277K(3712K)->3277K(3712K)
[115.266s][info][gc             ] GC(75) Pause Young (Normal) (G1 Evacuation Pause) 543M->473M(4096M) 146.547ms
[115.266s][info][gc,cpu         ] GC(75) User=0.84s Sys=0.00s Real=0.14s
[115.574s][info][gc,start       ] GC(76) Pause Young (Normal) (G1 Evacuation Pause)
[115.574s][info][gc,task        ] GC(76) Using 6 workers of 6 for evacuation
[115.622s][info][gc,phases      ] GC(76)   Pre Evacuate Collection Set: 0.0ms
[115.622s][info][gc,phases      ] GC(76)   Evacuate Collection Set: 46.8ms
[115.622s][info][gc,phases      ] GC(76)   Post Evacuate Collection Set: 0.7ms
[115.622s][info][gc,phases      ] GC(76)   Other: 0.2ms
[115.622s][info][gc,heap        ] GC(76) Eden regions: 82->0(99)
[115.622s][info][gc,heap        ] GC(76) Survivor regions: 20->3(13)
[115.622s][info][gc,heap        ] GC(76) Old regions: 215->230
[115.622s][info][gc,heap        ] GC(76) Humongous regions: 5->5
[115.622s][info][gc,metaspace   ] GC(76) Metaspace: 25478K(26496K)->25478K(26496K) NonClass: 22201K(22784K)->22201K(22784K) Class: 3277K(3712K)->3277K(3712K)
[115.622s][info][gc             ] GC(76) Pause Young (Normal) (G1 Evacuation Pause) 637M->468M(4096M) 47.878ms
[115.622s][info][gc,cpu         ] GC(76) User=0.19s Sys=0.00s Real=0.05s
[115.987s][info][gc,start       ] GC(77) Pause Young (Normal) (G1 Evacuation Pause)
[115.987s][info][gc,task        ] GC(77) Using 6 workers of 6 for evacuation
[115.993s][info][gc,phases      ] GC(77)   Pre Evacuate Collection Set: 0.1ms
[115.993s][info][gc,phases      ] GC(77)   Evacuate Collection Set: 5.7ms
[115.993s][info][gc,phases      ] GC(77)   Post Evacuate Collection Set: 0.5ms
[115.993s][info][gc,phases      ] GC(77)   Other: 0.3ms
[115.993s][info][gc,heap        ] GC(77) Eden regions: 99->0(99)
[115.993s][info][gc,heap        ] GC(77) Survivor regions: 3->3(13)
[115.993s][info][gc,heap        ] GC(77) Old regions: 230->230
[115.993s][info][gc,heap        ] GC(77) Humongous regions: 5->5
[115.994s][info][gc,metaspace   ] GC(77) Metaspace: 25478K(26496K)->25478K(26496K) NonClass: 22201K(22784K)->22201K(22784K) Class: 3277K(3712K)->3277K(3712K)
[115.994s][info][gc             ] GC(77) Pause Young (Normal) (G1 Evacuation Pause) 666M->467M(4096M) 6.656ms
[115.994s][info][gc,cpu         ] GC(77) User=0.00s Sys=0.00s Real=0.00s
[116.994s][info][gc,task        ] GC(78) Using 6 workers of 6 for full compaction
[116.994s][info][gc,start       ] GC(78) Pause Full (System.gc())
[116.994s][info][gc,phases,start] GC(78) Phase 1: Mark live objects
[116.997s][info][gc,stringtable ] GC(78) Cleaned string and symbol table, strings: 6901 processed, 0 removed, symbols: 66765 processed, 0 removed
[116.997s][info][gc,phases      ] GC(78) Phase 1: Mark live objects 3.044ms
[116.997s][info][gc,phases,start] GC(78) Phase 2: Prepare for compaction
[117.000s][info][gc,phases      ] GC(78) Phase 2: Prepare for compaction 2.474ms
[117.000s][info][gc,phases,start] GC(78) Phase 3: Adjust pointers
[117.003s][info][gc,phases      ] GC(78) Phase 3: Adjust pointers 3.088ms
[117.003s][info][gc,phases,start] GC(78) Phase 4: Compact heap
[117.004s][info][gc,phases      ] GC(78) Phase 4: Compact heap 0.963ms
[117.007s][info][gc,heap        ] GC(78) Eden regions: 88->0(102)
[117.007s][info][gc,heap        ] GC(78) Survivor regions: 3->0(13)
[117.007s][info][gc,heap        ] GC(78) Old regions: 230->6
[117.007s][info][gc,heap        ] GC(78) Humongous regions: 5->1
[117.007s][info][gc,metaspace   ] GC(78) Metaspace: 25478K(26496K)->25478K(26496K) NonClass: 22201K(22784K)->22201K(22784K) Class: 3277K(3712K)->3277K(3712K)
[117.007s][info][gc             ] GC(78) Pause Full (System.gc()) 643M->7M(4096M) 12.858ms
[117.007s][info][gc,cpu         ] GC(78) User=0.00s Sys=0.00s Real=0.02s
[118.394s][info][gc,start       ] GC(79) Pause Young (Normal) (G1 Evacuation Pause)
[118.394s][info][gc,task        ] GC(79) Using 6 workers of 6 for evacuation
[118.394s][info][gc,phases      ] GC(79)   Pre Evacuate Collection Set: 0.1ms
[118.394s][info][gc,phases      ] GC(79)   Evacuate Collection Set: 0.3ms
[118.394s][info][gc,phases      ] GC(79)   Post Evacuate Collection Set: 0.3ms
[118.394s][info][gc,phases      ] GC(79)   Other: 0.2ms
[118.394s][info][gc,heap        ] GC(79) Eden regions: 102->0(101)
[118.394s][info][gc,heap        ] GC(79) Survivor regions: 0->1(13)
[118.394s][info][gc,heap        ] GC(79) Old regions: 6->6
[118.394s][info][gc,heap        ] GC(79) Humongous regions: 1->1
[118.394s][info][gc,metaspace   ] GC(79) Metaspace: 25483K(26496K)->25483K(26496K) NonClass: 22206K(22784K)->22206K(22784K) Class: 3277K(3712K)->3277K(3712K)
[118.394s][info][gc             ] GC(79) Pause Young (Normal) (G1 Evacuation Pause) 211M->8M(4096M) 0.911ms
[118.394s][info][gc,cpu         ] GC(79) User=0.00s Sys=0.00s Real=0.00s
[118.431s][info][gc,start       ] GC(80) Pause Young (Normal) (G1 Evacuation Pause)
[118.432s][info][gc,task        ] GC(80) Using 6 workers of 6 for evacuation
[118.432s][info][gc,phases      ] GC(80)   Pre Evacuate Collection Set: 0.0ms
[118.432s][info][gc,phases      ] GC(80)   Evacuate Collection Set: 0.4ms
[118.432s][info][gc,phases      ] GC(80)   Post Evacuate Collection Set: 0.3ms
[118.432s][info][gc,phases      ] GC(80)   Other: 0.2ms
[118.432s][info][gc,heap        ] GC(80) Eden regions: 101->0(101)
[118.432s][info][gc,heap        ] GC(80) Survivor regions: 1->1(13)
[118.432s][info][gc,heap        ] GC(80) Old regions: 6->6
[118.432s][info][gc,heap        ] GC(80) Humongous regions: 1->1
[118.432s][info][gc,metaspace   ] GC(80) Metaspace: 25483K(26496K)->25483K(26496K) NonClass: 22206K(22784K)->22206K(22784K) Class: 3277K(3712K)->3277K(3712K)
[118.432s][info][gc             ] GC(80) Pause Young (Normal) (G1 Evacuation Pause) 210M->8M(4096M) 0.945ms
[118.432s][info][gc,cpu         ] GC(80) User=0.00s Sys=0.00s Real=0.00s
[118.470s][info][gc,start       ] GC(81) Pause Young (Normal) (G1 Evacuation Pause)
[118.470s][info][gc,task        ] GC(81) Using 6 workers of 6 for evacuation
[118.470s][info][gc,phases      ] GC(81)   Pre Evacuate Collection Set: 0.0ms
[118.470s][info][gc,phases      ] GC(81)   Evacuate Collection Set: 0.4ms
[118.470s][info][gc,phases      ] GC(81)   Post Evacuate Collection Set: 0.2ms
[118.470s][info][gc,phases      ] GC(81)   Other: 0.2ms
[118.470s][info][gc,heap        ] GC(81) Eden regions: 101->0(184)
[118.470s][info][gc,heap        ] GC(81) Survivor regions: 1->1(13)
[118.470s][info][gc,heap        ] GC(81) Old regions: 6->6
[118.470s][info][gc,heap        ] GC(81) Humongous regions: 1->1
[118.470s][info][gc,metaspace   ] GC(81) Metaspace: 25483K(26496K)->25483K(26496K) NonClass: 22206K(22784K)->22206K(22784K) Class: 3277K(3712K)->3277K(3712K)
[118.471s][info][gc             ] GC(81) Pause Young (Normal) (G1 Evacuation Pause) 210M->8M(4096M) 0.949ms
[118.471s][info][gc,cpu         ] GC(81) User=0.00s Sys=0.00s Real=0.00s
[118.537s][info][gc,start       ] GC(82) Pause Young (Normal) (G1 Evacuation Pause)
[118.537s][info][gc,task        ] GC(82) Using 6 workers of 6 for evacuation
[118.538s][info][gc,phases      ] GC(82)   Pre Evacuate Collection Set: 0.0ms
[118.538s][info][gc,phases      ] GC(82)   Evacuate Collection Set: 0.5ms
[118.538s][info][gc,phases      ] GC(82)   Post Evacuate Collection Set: 0.3ms
[118.538s][info][gc,phases      ] GC(82)   Other: 0.2ms
[118.538s][info][gc,heap        ] GC(82) Eden regions: 184->0(384)
[118.538s][info][gc,heap        ] GC(82) Survivor regions: 1->1(24)
[118.538s][info][gc,heap        ] GC(82) Old regions: 6->6
[118.538s][info][gc,heap        ] GC(82) Humongous regions: 1->1
[118.538s][info][gc,metaspace   ] GC(82) Metaspace: 25483K(26496K)->25483K(26496K) NonClass: 22206K(22784K)->22206K(22784K) Class: 3277K(3712K)->3277K(3712K)
[118.538s][info][gc             ] GC(82) Pause Young (Normal) (G1 Evacuation Pause) 376M->8M(4096M) 1.068ms
[118.538s][info][gc,cpu         ] GC(82) User=0.00s Sys=0.00s Real=0.00s
[118.679s][info][gc,start       ] GC(83) Pause Young (Normal) (G1 Evacuation Pause)
[118.679s][info][gc,task        ] GC(83) Using 6 workers of 6 for evacuation
[118.680s][info][gc,phases      ] GC(83)   Pre Evacuate Collection Set: 0.0ms
[118.680s][info][gc,phases      ] GC(83)   Evacuate Collection Set: 0.4ms
[118.680s][info][gc,phases      ] GC(83)   Post Evacuate Collection Set: 0.4ms
[118.680s][info][gc,phases      ] GC(83)   Other: 0.2ms
[118.680s][info][gc,heap        ] GC(83) Eden regions: 384->0(634)
[118.680s][info][gc,heap        ] GC(83) Survivor regions: 1->1(49)
[118.680s][info][gc,heap        ] GC(83) Old regions: 6->6
[118.680s][info][gc,heap        ] GC(83) Humongous regions: 1->1
[118.680s][info][gc,metaspace   ] GC(83) Metaspace: 25483K(26496K)->25483K(26496K) NonClass: 22206K(22784K)->22206K(22784K) Class: 3277K(3712K)->3277K(3712K)
[118.680s][info][gc             ] GC(83) Pause Young (Normal) (G1 Evacuation Pause) 776M->7M(4096M) 1.153ms
[118.680s][info][gc,cpu         ] GC(83) User=0.00s Sys=0.00s Real=0.00s
[118.917s][info][gc,start       ] GC(84) Pause Young (Normal) (G1 Evacuation Pause)
[118.917s][info][gc,task        ] GC(84) Using 6 workers of 6 for evacuation
[118.918s][info][gc,phases      ] GC(84)   Pre Evacuate Collection Set: 0.0ms
[118.918s][info][gc,phases      ] GC(84)   Evacuate Collection Set: 0.4ms
[118.918s][info][gc,phases      ] GC(84)   Post Evacuate Collection Set: 0.6ms
[118.918s][info][gc,phases      ] GC(84)   Other: 0.2ms
[118.918s][info][gc,heap        ] GC(84) Eden regions: 634->0(887)
[118.918s][info][gc,heap        ] GC(84) Survivor regions: 1->1(80)
[118.918s][info][gc,heap        ] GC(84) Old regions: 6->6
[118.918s][info][gc,heap        ] GC(84) Humongous regions: 1->1
[118.918s][info][gc,metaspace   ] GC(84) Metaspace: 25483K(26496K)->25483K(26496K) NonClass: 22206K(22784K)->22206K(22784K) Class: 3277K(3712K)->3277K(3712K)
[118.918s][info][gc             ] GC(84) Pause Young (Normal) (G1 Evacuation Pause) 1275M->7M(4096M) 1.232ms
[118.918s][info][gc,cpu         ] GC(84) User=0.00s Sys=0.00s Real=0.00s
[125.527s][info][gc,start       ] GC(85) Pause Young (Normal) (G1 Evacuation Pause)
[125.527s][info][gc,task        ] GC(85) Using 6 workers of 6 for evacuation
[125.725s][info][gc,phases      ] GC(85)   Pre Evacuate Collection Set: 0.1ms
[125.725s][info][gc,phases      ] GC(85)   Evacuate Collection Set: 196.4ms
[125.725s][info][gc,phases      ] GC(85)   Post Evacuate Collection Set: 1.0ms
[125.725s][info][gc,phases      ] GC(85)   Other: 0.4ms
[125.725s][info][gc,heap        ] GC(85) Eden regions: 887->0(535)
[125.725s][info][gc,heap        ] GC(85) Survivor regions: 1->111(111)
[125.725s][info][gc,heap        ] GC(85) Old regions: 6->73
[125.725s][info][gc,heap        ] GC(85) Humongous regions: 1->1
[125.725s][info][gc,metaspace   ] GC(85) Metaspace: 25483K(26496K)->25483K(26496K) NonClass: 22206K(22784K)->22206K(22784K) Class: 3277K(3712K)->3277K(3712K)
[125.725s][info][gc             ] GC(85) Pause Young (Normal) (G1 Evacuation Pause) 1781M->362M(4096M) 197.966ms
[125.725s][info][gc,cpu         ] GC(85) User=0.73s Sys=0.00s Real=0.19s
[125.795s][info][gc,start       ] GC(86) Pause Young (Normal) (G1 Evacuation Pause)
[125.795s][info][gc,task        ] GC(86) Using 6 workers of 6 for evacuation
[125.934s][info][gc,phases      ] GC(86)   Pre Evacuate Collection Set: 0.0ms
[125.934s][info][gc,phases      ] GC(86)   Evacuate Collection Set: 138.1ms
[125.934s][info][gc,phases      ] GC(86)   Post Evacuate Collection Set: 0.7ms
[125.934s][info][gc,phases      ] GC(86)   Other: 0.2ms
[125.934s][info][gc,heap        ] GC(86) Eden regions: 45->0(82)
[125.934s][info][gc,heap        ] GC(86) Survivor regions: 111->20(20)
[125.934s][info][gc,heap        ] GC(86) Old regions: 73->184
[125.934s][info][gc,heap        ] GC(86) Humongous regions: 1->1
[125.934s][info][gc,metaspace   ] GC(86) Metaspace: 25483K(26496K)->25483K(26496K) NonClass: 22206K(22784K)->22206K(22784K) Class: 3277K(3712K)->3277K(3712K)
[125.934s][info][gc             ] GC(86) Pause Young (Normal) (G1 Evacuation Pause) 452M->403M(4096M) 139.018ms
[125.934s][info][gc,cpu         ] GC(86) User=0.75s Sys=0.00s Real=0.13s
[126.419s][info][gc,start       ] GC(87) Pause Young (Normal) (G1 Evacuation Pause)
[126.419s][info][gc,task        ] GC(87) Using 6 workers of 6 for evacuation
[126.524s][info][gc,phases      ] GC(87)   Pre Evacuate Collection Set: 0.1ms
[126.524s][info][gc,phases      ] GC(87)   Evacuate Collection Set: 104.1ms
[126.524s][info][gc,phases      ] GC(87)   Post Evacuate Collection Set: 1.0ms
[126.524s][info][gc,phases      ] GC(87)   Other: 0.3ms
[126.524s][info][gc,heap        ] GC(87) Eden regions: 82->0(89)
[126.524s][info][gc,heap        ] GC(87) Survivor regions: 20->13(13)
[126.524s][info][gc,heap        ] GC(87) Old regions: 184->223
[126.524s][info][gc,heap        ] GC(87) Humongous regions: 5->5
[126.524s][info][gc,metaspace   ] GC(87) Metaspace: 25483K(26496K)->25483K(26496K) NonClass: 22206K(22784K)->22206K(22784K) Class: 3277K(3712K)->3277K(3712K)
[126.524s][info][gc             ] GC(87) Pause Young (Normal) (G1 Evacuation Pause) 575M->474M(4096M) 105.534ms
[126.524s][info][gc,cpu         ] GC(87) User=0.59s Sys=0.00s Real=0.11s
[126.879s][info][gc,start       ] GC(88) Pause Young (Normal) (G1 Evacuation Pause)
[126.880s][info][gc,task        ] GC(88) Using 6 workers of 6 for evacuation
[126.914s][info][gc,phases      ] GC(88)   Pre Evacuate Collection Set: 0.1ms
[126.914s][info][gc,phases      ] GC(88)   Evacuate Collection Set: 33.1ms
[126.914s][info][gc,phases      ] GC(88)   Post Evacuate Collection Set: 0.7ms
[126.914s][info][gc,phases      ] GC(88)   Other: 0.3ms
[126.914s][info][gc,heap        ] GC(88) Eden regions: 89->0(99)
[126.914s][info][gc,heap        ] GC(88) Survivor regions: 13->3(13)
[126.914s][info][gc,heap        ] GC(88) Old regions: 223->236
[126.914s][info][gc,heap        ] GC(88) Humongous regions: 5->5
[126.914s][info][gc,metaspace   ] GC(88) Metaspace: 25483K(26496K)->25483K(26496K) NonClass: 22206K(22784K)->22206K(22784K) Class: 3277K(3712K)->3277K(3712K)
[126.914s][info][gc             ] GC(88) Pause Young (Normal) (G1 Evacuation Pause) 652M->480M(4096M) 34.248ms
[126.914s][info][gc,cpu         ] GC(88) User=0.19s Sys=0.00s Real=0.03s
[127.296s][info][gc,start       ] GC(89) Pause Young (Normal) (G1 Evacuation Pause)
[127.296s][info][gc,task        ] GC(89) Using 6 workers of 6 for evacuation
[127.303s][info][gc,phases      ] GC(89)   Pre Evacuate Collection Set: 0.1ms
[127.303s][info][gc,phases      ] GC(89)   Evacuate Collection Set: 6.0ms
[127.303s][info][gc,phases      ] GC(89)   Post Evacuate Collection Set: 0.5ms
[127.303s][info][gc,phases      ] GC(89)   Other: 0.3ms
[127.303s][info][gc,heap        ] GC(89) Eden regions: 99->0(130)
[127.303s][info][gc,heap        ] GC(89) Survivor regions: 3->2(13)
[127.303s][info][gc,heap        ] GC(89) Old regions: 236->236
[127.303s][info][gc,heap        ] GC(89) Humongous regions: 5->5
[127.303s][info][gc,metaspace   ] GC(89) Metaspace: 25483K(26496K)->25483K(26496K) NonClass: 22206K(22784K)->22206K(22784K) Class: 3277K(3712K)->3277K(3712K)
[127.303s][info][gc             ] GC(89) Pause Young (Normal) (G1 Evacuation Pause) 678M->476M(4096M) 6.901ms
[127.303s][info][gc,cpu         ] GC(89) User=0.02s Sys=0.00s Real=0.01s
[128.294s][info][gc,task        ] GC(90) Using 6 workers of 6 for full compaction
[128.295s][info][gc,start       ] GC(90) Pause Full (System.gc())
[128.295s][info][gc,phases,start] GC(90) Phase 1: Mark live objects
[128.298s][info][gc,stringtable ] GC(90) Cleaned string and symbol table, strings: 6903 processed, 0 removed, symbols: 66765 processed, 0 removed
[128.298s][info][gc,phases      ] GC(90) Phase 1: Mark live objects 2.976ms
[128.298s][info][gc,phases,start] GC(90) Phase 2: Prepare for compaction
[128.300s][info][gc,phases      ] GC(90) Phase 2: Prepare for compaction 2.584ms
[128.300s][info][gc,phases,start] GC(90) Phase 3: Adjust pointers
[128.303s][info][gc,phases      ] GC(90) Phase 3: Adjust pointers 3.063ms
[128.303s][info][gc,phases,start] GC(90) Phase 4: Compact heap
[128.305s][info][gc,phases      ] GC(90) Phase 4: Compact heap 1.052ms
[128.307s][info][gc,heap        ] GC(90) Eden regions: 87->0(131)
[128.307s][info][gc,heap        ] GC(90) Survivor regions: 2->0(13)
[128.307s][info][gc,heap        ] GC(90) Old regions: 236->6
[128.307s][info][gc,heap        ] GC(90) Humongous regions: 5->1
[128.307s][info][gc,metaspace   ] GC(90) Metaspace: 25484K(26496K)->25484K(26496K) NonClass: 22207K(22784K)->22207K(22784K) Class: 3277K(3712K)->3277K(3712K)
[128.307s][info][gc             ] GC(90) Pause Full (System.gc()) 649M->7M(4096M) 12.817ms
[128.307s][info][gc,cpu         ] GC(90) User=0.00s Sys=0.00s Real=0.02s
[129.672s][info][gc,start       ] GC(91) Pause Young (Normal) (G1 Evacuation Pause)
[129.672s][info][gc,task        ] GC(91) Using 6 workers of 6 for evacuation
[129.673s][info][gc,phases      ] GC(91)   Pre Evacuate Collection Set: 0.1ms
[129.673s][info][gc,phases      ] GC(91)   Evacuate Collection Set: 0.5ms
[129.673s][info][gc,phases      ] GC(91)   Post Evacuate Collection Set: 0.5ms
[129.673s][info][gc,phases      ] GC(91)   Other: 0.2ms
[129.673s][info][gc,heap        ] GC(91) Eden regions: 131->0(239)
[129.673s][info][gc,heap        ] GC(91) Survivor regions: 0->1(17)
[129.673s][info][gc,heap        ] GC(91) Old regions: 6->6
[129.673s][info][gc,heap        ] GC(91) Humongous regions: 1->1
[129.673s][info][gc,metaspace   ] GC(91) Metaspace: 25484K(26496K)->25484K(26496K) NonClass: 22207K(22784K)->22207K(22784K) Class: 3277K(3712K)->3277K(3712K)
[129.673s][info][gc             ] GC(91) Pause Young (Normal) (G1 Evacuation Pause) 269M->8M(4096M) 1.435ms
[129.673s][info][gc,cpu         ] GC(91) User=0.02s Sys=0.00s Real=0.01s
[129.769s][info][gc,start       ] GC(92) Pause Young (Normal) (G1 Evacuation Pause)
[129.769s][info][gc,task        ] GC(92) Using 6 workers of 6 for evacuation
[129.770s][info][gc,phases      ] GC(92)   Pre Evacuate Collection Set: 0.1ms
[129.770s][info][gc,phases      ] GC(92)   Evacuate Collection Set: 0.3ms
[129.770s][info][gc,phases      ] GC(92)   Post Evacuate Collection Set: 0.5ms
[129.770s][info][gc,phases      ] GC(92)   Other: 0.2ms
[129.770s][info][gc,heap        ] GC(92) Eden regions: 239->0(391)
[129.770s][info][gc,heap        ] GC(92) Survivor regions: 1->1(30)
[129.770s][info][gc,heap        ] GC(92) Old regions: 6->6
[129.770s][info][gc,heap        ] GC(92) Humongous regions: 1->1
[129.770s][info][gc,metaspace   ] GC(92) Metaspace: 25484K(26496K)->25484K(26496K) NonClass: 22207K(22784K)->22207K(22784K) Class: 3277K(3712K)->3277K(3712K)
[129.770s][info][gc             ] GC(92) Pause Young (Normal) (G1 Evacuation Pause) 486M->7M(4096M) 1.199ms
[129.770s][info][gc,cpu         ] GC(92) User=0.02s Sys=0.00s Real=0.00s
[129.913s][info][gc,start       ] GC(93) Pause Young (Normal) (G1 Evacuation Pause)
[129.913s][info][gc,task        ] GC(93) Using 6 workers of 6 for evacuation
[129.914s][info][gc,phases      ] GC(93)   Pre Evacuate Collection Set: 0.1ms
[129.915s][info][gc,phases      ] GC(93)   Evacuate Collection Set: 0.4ms
[129.915s][info][gc,phases      ] GC(93)   Post Evacuate Collection Set: 0.5ms
[129.915s][info][gc,phases      ] GC(93)   Other: 0.2ms
[129.915s][info][gc,heap        ] GC(93) Eden regions: 391->0(560)
[129.915s][info][gc,heap        ] GC(93) Survivor regions: 1->1(49)
[129.915s][info][gc,heap        ] GC(93) Old regions: 6->6
[129.915s][info][gc,heap        ] GC(93) Humongous regions: 1->1
[129.915s][info][gc,metaspace   ] GC(93) Metaspace: 25484K(26496K)->25484K(26496K) NonClass: 22207K(22784K)->22207K(22784K) Class: 3277K(3712K)->3277K(3712K)
[129.915s][info][gc             ] GC(93) Pause Young (Normal) (G1 Evacuation Pause) 789M->7M(4096M) 1.278ms
[129.915s][info][gc,cpu         ] GC(93) User=0.00s Sys=0.00s Real=0.00s
[130.136s][info][gc,start       ] GC(94) Pause Young (Normal) (G1 Evacuation Pause)
[130.136s][info][gc,task        ] GC(94) Using 6 workers of 6 for evacuation
[130.137s][info][gc,phases      ] GC(94)   Pre Evacuate Collection Set: 0.1ms
[130.137s][info][gc,phases      ] GC(94)   Evacuate Collection Set: 0.4ms
[130.137s][info][gc,phases      ] GC(94)   Post Evacuate Collection Set: 0.6ms
[130.137s][info][gc,phases      ] GC(94)   Other: 0.2ms
[130.137s][info][gc,heap        ] GC(94) Eden regions: 560->0(757)
[130.137s][info][gc,heap        ] GC(94) Survivor regions: 1->1(71)
[130.137s][info][gc,heap        ] GC(94) Old regions: 6->6
[130.137s][info][gc,heap        ] GC(94) Humongous regions: 1->1
[130.137s][info][gc,metaspace   ] GC(94) Metaspace: 25484K(26496K)->25484K(26496K) NonClass: 22207K(22784K)->22207K(22784K) Class: 3277K(3712K)->3277K(3712K)
[130.137s][info][gc             ] GC(94) Pause Young (Normal) (G1 Evacuation Pause) 1127M->7M(4096M) 1.415ms
[130.137s][info][gc,cpu         ] GC(94) User=0.00s Sys=0.00s Real=0.00s
[136.127s][info][gc,start       ] GC(95) Pause Young (Normal) (G1 Evacuation Pause)
[136.127s][info][gc,task        ] GC(95) Using 6 workers of 6 for evacuation
[136.181s][info][gc,phases      ] GC(95)   Pre Evacuate Collection Set: 0.0ms
[136.181s][info][gc,phases      ] GC(95)   Evacuate Collection Set: 53.7ms
[136.181s][info][gc,phases      ] GC(95)   Post Evacuate Collection Set: 0.6ms
[136.181s][info][gc,phases      ] GC(95)   Other: 0.2ms
[136.181s][info][gc,heap        ] GC(95) Eden regions: 757->0(813)
[136.181s][info][gc,heap        ] GC(95) Survivor regions: 1->54(95)
[136.181s][info][gc,heap        ] GC(95) Old regions: 6->6
[136.182s][info][gc,heap        ] GC(95) Humongous regions: 1->1
[136.182s][info][gc,metaspace   ] GC(95) Metaspace: 25484K(26496K)->25484K(26496K) NonClass: 22207K(22784K)->22207K(22784K) Class: 3277K(3712K)->3277K(3712K)
[136.182s][info][gc             ] GC(95) Pause Young (Normal) (G1 Evacuation Pause) 1521M->115M(4096M) 54.756ms
[136.182s][info][gc,cpu         ] GC(95) User=0.28s Sys=0.00s Real=0.05s
[138.802s][info][gc,task        ] GC(96) Using 6 workers of 6 for full compaction
[138.802s][info][gc,start       ] GC(96) Pause Full (System.gc())
[138.802s][info][gc,phases,start] GC(96) Phase 1: Mark live objects
[138.805s][info][gc,stringtable ] GC(96) Cleaned string and symbol table, strings: 6904 processed, 0 removed, symbols: 66765 processed, 0 removed
[138.806s][info][gc,phases      ] GC(96) Phase 1: Mark live objects 3.252ms
[138.806s][info][gc,phases,start] GC(96) Phase 2: Prepare for compaction
[138.809s][info][gc,phases      ] GC(96) Phase 2: Prepare for compaction 3.201ms
[138.809s][info][gc,phases,start] GC(96) Phase 3: Adjust pointers
[138.812s][info][gc,phases      ] GC(96) Phase 3: Adjust pointers 2.939ms
[138.812s][info][gc,phases,start] GC(96) Phase 4: Compact heap
[138.815s][info][gc,phases      ] GC(96) Phase 4: Compact heap 2.858ms
[138.817s][info][gc,heap        ] GC(96) Eden regions: 701->0(861)
[138.818s][info][gc,heap        ] GC(96) Survivor regions: 54->0(95)
[138.818s][info][gc,heap        ] GC(96) Old regions: 6->6
[138.818s][info][gc,heap        ] GC(96) Humongous regions: 5->1
[138.818s][info][gc,metaspace   ] GC(96) Metaspace: 25484K(26496K)->25484K(26496K) NonClass: 22207K(22784K)->22207K(22784K) Class: 3277K(3712K)->3277K(3712K)
[138.818s][info][gc             ] GC(96) Pause Full (System.gc()) 1525M->7M(4096M) 15.419ms
[138.818s][info][gc,cpu         ] GC(96) User=0.02s Sys=0.00s Real=0.02s
[140.880s][info][gc,start       ] GC(97) Pause Young (Normal) (G1 Evacuation Pause)
[140.880s][info][gc,task        ] GC(97) Using 6 workers of 6 for evacuation
[140.882s][info][gc,phases      ] GC(97)   Pre Evacuate Collection Set: 0.0ms
[140.882s][info][gc,phases      ] GC(97)   Evacuate Collection Set: 0.6ms
[140.882s][info][gc,phases      ] GC(97)   Post Evacuate Collection Set: 0.7ms
[140.882s][info][gc,phases      ] GC(97)   Other: 0.2ms
[140.882s][info][gc,heap        ] GC(97) Eden regions: 861->0(1225)
[140.882s][info][gc,heap        ] GC(97) Survivor regions: 0->3(108)
[140.882s][info][gc,heap        ] GC(97) Old regions: 6->6
[140.882s][info][gc,heap        ] GC(97) Humongous regions: 1->1
[140.882s][info][gc,metaspace   ] GC(97) Metaspace: 25488K(26496K)->25488K(26496K) NonClass: 22210K(22784K)->22210K(22784K) Class: 3277K(3712K)->3277K(3712K)
[140.882s][info][gc             ] GC(97) Pause Young (Normal) (G1 Evacuation Pause) 1729M->13M(4096M) 1.559ms
[140.882s][info][gc,cpu         ] GC(97) User=0.00s Sys=0.00s Real=0.00s
[147.340s][info][gc,start       ] GC(98) Pause Young (Normal) (G1 Evacuation Pause)
[147.340s][info][gc,task        ] GC(98) Using 6 workers of 6 for evacuation
[147.393s][info][gc,phases      ] GC(98)   Pre Evacuate Collection Set: 0.0ms
[147.393s][info][gc,phases      ] GC(98)   Evacuate Collection Set: 52.4ms
[147.393s][info][gc,phases      ] GC(98)   Post Evacuate Collection Set: 0.8ms
[147.393s][info][gc,phases      ] GC(98)   Other: 0.4ms
[147.393s][info][gc,heap        ] GC(98) Eden regions: 1225->0(1174)
[147.393s][info][gc,heap        ] GC(98) Survivor regions: 3->54(154)
[147.393s][info][gc,heap        ] GC(98) Old regions: 6->6
[147.393s][info][gc,heap        ] GC(98) Humongous regions: 1->1
[147.393s][info][gc,metaspace   ] GC(98) Metaspace: 25488K(26496K)->25488K(26496K) NonClass: 22210K(22784K)->22210K(22784K) Class: 3277K(3712K)->3277K(3712K)
[147.393s][info][gc             ] GC(98) Pause Young (Normal) (G1 Evacuation Pause) 2463M->115M(4096M) 53.630ms
[147.393s][info][gc,cpu         ] GC(98) User=0.27s Sys=0.00s Real=0.05s
[149.995s][info][gc,task        ] GC(99) Using 6 workers of 6 for full compaction
[149.995s][info][gc,start       ] GC(99) Pause Full (System.gc())
[149.995s][info][gc,phases,start] GC(99) Phase 1: Mark live objects
[149.998s][info][gc,stringtable ] GC(99) Cleaned string and symbol table, strings: 6904 processed, 0 removed, symbols: 66765 processed, 0 removed
[149.998s][info][gc,phases      ] GC(99) Phase 1: Mark live objects 3.220ms
[149.998s][info][gc,phases,start] GC(99) Phase 2: Prepare for compaction
[150.002s][info][gc,phases      ] GC(99) Phase 2: Prepare for compaction 3.250ms
[150.002s][info][gc,phases,start] GC(99) Phase 3: Adjust pointers
[150.005s][info][gc,phases      ] GC(99) Phase 3: Adjust pointers 3.223ms
[150.005s][info][gc,phases,start] GC(99) Phase 4: Compact heap
[150.007s][info][gc,phases      ] GC(99) Phase 4: Compact heap 2.545ms
[150.010s][info][gc,heap        ] GC(99) Eden regions: 703->0(1228)
[150.010s][info][gc,heap        ] GC(99) Survivor regions: 54->0(154)
[150.010s][info][gc,heap        ] GC(99) Old regions: 6->6
[150.010s][info][gc,heap        ] GC(99) Humongous regions: 5->1
[150.010s][info][gc,metaspace   ] GC(99) Metaspace: 25490K(26496K)->25490K(26496K) NonClass: 22213K(22784K)->22213K(22784K) Class: 3277K(3712K)->3277K(3712K)
[150.010s][info][gc             ] GC(99) Pause Full (System.gc()) 1529M->7M(4096M) 15.399ms
[150.010s][info][gc,cpu         ] GC(99) User=0.00s Sys=0.00s Real=0.02s
[151.821s][info][gc,start       ] GC(100) Pause Young (Normal) (G1 Evacuation Pause)
[151.821s][info][gc,task        ] GC(100) Using 6 workers of 6 for evacuation
[151.823s][info][gc,phases      ] GC(100)   Pre Evacuate Collection Set: 0.0ms
[151.823s][info][gc,phases      ] GC(100)   Evacuate Collection Set: 0.5ms
[151.823s][info][gc,phases      ] GC(100)   Post Evacuate Collection Set: 0.9ms
[151.823s][info][gc,phases      ] GC(100)   Other: 0.2ms
[151.823s][info][gc,heap        ] GC(100) Eden regions: 1228->0(1225)
[151.823s][info][gc,heap        ] GC(100) Survivor regions: 0->3(154)
[151.823s][info][gc,heap        ] GC(100) Old regions: 6->6
[151.823s][info][gc,heap        ] GC(100) Humongous regions: 1->1
[151.823s][info][gc,metaspace   ] GC(100) Metaspace: 25504K(26496K)->25504K(26496K) NonClass: 22227K(22784K)->22227K(22784K) Class: 3277K(3712K)->3277K(3712K)
[151.823s][info][gc             ] GC(100) Pause Young (Normal) (G1 Evacuation Pause) 2463M->13M(4096M) 1.763ms
[151.823s][info][gc,cpu         ] GC(100) User=0.00s Sys=0.00s Real=0.00s
[158.208s][info][gc,start       ] GC(101) Pause Young (Normal) (G1 Evacuation Pause)
[158.208s][info][gc,task        ] GC(101) Using 6 workers of 6 for evacuation
[158.435s][info][gc,mmu         ] GC(101) MMU target violated: 201.0ms (200.0ms/201.0ms)
[158.435s][info][gc,phases      ] GC(101)   Pre Evacuate Collection Set: 0.0ms
[158.435s][info][gc,phases      ] GC(101)   Evacuate Collection Set: 225.7ms
[158.435s][info][gc,phases      ] GC(101)   Post Evacuate Collection Set: 1.1ms
[158.435s][info][gc,phases      ] GC(101)   Other: 0.4ms
[158.435s][info][gc,heap        ] GC(101) Eden regions: 1225->0(1074)
[158.435s][info][gc,heap        ] GC(101) Survivor regions: 3->154(154)
[158.435s][info][gc,heap        ] GC(101) Old regions: 6->57
[158.435s][info][gc,heap        ] GC(101) Humongous regions: 1->1
[158.435s][info][gc,metaspace   ] GC(101) Metaspace: 25504K(26496K)->25504K(26496K) NonClass: 22227K(22784K)->22227K(22784K) Class: 3277K(3712K)->3277K(3712K)
[158.435s][info][gc             ] GC(101) Pause Young (Normal) (G1 Evacuation Pause) 2463M->417M(4096M) 227.219ms
[158.435s][info][gc,cpu         ] GC(101) User=0.95s Sys=0.00s Real=0.23s
[158.751s][info][gc,start       ] GC(102) Pause Young (Normal) (G1 Evacuation Pause)
[158.751s][info][gc,task        ] GC(102) Using 6 workers of 6 for evacuation
[158.918s][info][gc,phases      ] GC(102)   Pre Evacuate Collection Set: 0.1ms
[158.918s][info][gc,phases      ] GC(102)   Evacuate Collection Set: 164.9ms
[158.918s][info][gc,phases      ] GC(102)   Post Evacuate Collection Set: 1.5ms
[158.918s][info][gc,phases      ] GC(102)   Other: 0.3ms
[158.918s][info][gc,heap        ] GC(102) Eden regions: 44->0(78)
[158.918s][info][gc,heap        ] GC(102) Survivor regions: 154->24(25)
[158.918s][info][gc,heap        ] GC(102) Old regions: 57->211
[158.918s][info][gc,heap        ] GC(102) Humongous regions: 5->5
[158.918s][info][gc,metaspace   ] GC(102) Metaspace: 25504K(26496K)->25504K(26496K) NonClass: 22227K(22784K)->22227K(22784K) Class: 3277K(3712K)->3277K(3712K)
[158.918s][info][gc             ] GC(102) Pause Young (Normal) (G1 Evacuation Pause) 513M->473M(4096M) 166.796ms
[158.918s][info][gc,cpu         ] GC(102) User=0.94s Sys=0.00s Real=0.16s
[159.262s][info][gc,start       ] GC(103) Pause Young (Normal) (G1 Evacuation Pause)
[159.262s][info][gc,task        ] GC(103) Using 6 workers of 6 for evacuation
[159.317s][info][gc,phases      ] GC(103)   Pre Evacuate Collection Set: 0.1ms
[159.317s][info][gc,phases      ] GC(103)   Evacuate Collection Set: 53.8ms
[159.317s][info][gc,phases      ] GC(103)   Post Evacuate Collection Set: 0.7ms
[159.317s][info][gc,phases      ] GC(103)   Other: 0.3ms
[159.317s][info][gc,heap        ] GC(103) Eden regions: 78->0(99)
[159.317s][info][gc,heap        ] GC(103) Survivor regions: 24->3(13)
[159.317s][info][gc,heap        ] GC(103) Old regions: 211->228
[159.317s][info][gc,heap        ] GC(103) Humongous regions: 5->5
[159.317s][info][gc,metaspace   ] GC(103) Metaspace: 25504K(26496K)->25504K(26496K) NonClass: 22227K(22784K)->22227K(22784K) Class: 3277K(3712K)->3277K(3712K)
[159.317s][info][gc             ] GC(103) Pause Young (Normal) (G1 Evacuation Pause) 629M->465M(4096M) 54.969ms
[159.317s][info][gc,cpu         ] GC(103) User=0.22s Sys=0.00s Real=0.05s
[159.696s][info][gc,start       ] GC(104) Pause Young (Normal) (G1 Evacuation Pause)
[159.696s][info][gc,task        ] GC(104) Using 6 workers of 6 for evacuation
[159.706s][info][gc,phases      ] GC(104)   Pre Evacuate Collection Set: 0.1ms
[159.706s][info][gc,phases      ] GC(104)   Evacuate Collection Set: 9.1ms
[159.706s][info][gc,phases      ] GC(104)   Post Evacuate Collection Set: 0.5ms
[159.706s][info][gc,phases      ] GC(104)   Other: 0.3ms
[159.706s][info][gc,heap        ] GC(104) Eden regions: 99->0(180)
[159.706s][info][gc,heap        ] GC(104) Survivor regions: 3->3(13)
[159.706s][info][gc,heap        ] GC(104) Old regions: 228->228
[159.706s][info][gc,heap        ] GC(104) Humongous regions: 5->5
[159.706s][info][gc,metaspace   ] GC(104) Metaspace: 25504K(26496K)->25504K(26496K) NonClass: 22227K(22784K)->22227K(22784K) Class: 3277K(3712K)->3277K(3712K)
[159.706s][info][gc             ] GC(104) Pause Young (Normal) (G1 Evacuation Pause) 663M->465M(4096M) 9.990ms
[159.706s][info][gc,cpu         ] GC(104) User=0.02s Sys=0.00s Real=0.02s
[160.795s][info][gc,task        ] GC(105) Using 6 workers of 6 for full compaction
[160.795s][info][gc,start       ] GC(105) Pause Full (System.gc())
[160.795s][info][gc,phases,start] GC(105) Phase 1: Mark live objects
[160.798s][info][gc,stringtable ] GC(105) Cleaned string and symbol table, strings: 6905 processed, 0 removed, symbols: 66765 processed, 0 removed
[160.798s][info][gc,phases      ] GC(105) Phase 1: Mark live objects 3.129ms
[160.798s][info][gc,phases,start] GC(105) Phase 2: Prepare for compaction
[160.801s][info][gc,phases      ] GC(105) Phase 2: Prepare for compaction 2.505ms
[160.801s][info][gc,phases,start] GC(105) Phase 3: Adjust pointers
[160.804s][info][gc,phases      ] GC(105) Phase 3: Adjust pointers 3.064ms
[160.804s][info][gc,phases,start] GC(105) Phase 4: Compact heap
[160.805s][info][gc,phases      ] GC(105) Phase 4: Compact heap 1.045ms
[160.808s][info][gc,heap        ] GC(105) Eden regions: 113->0(183)
[160.808s][info][gc,heap        ] GC(105) Survivor regions: 3->0(13)
[160.808s][info][gc,heap        ] GC(105) Old regions: 228->6
[160.808s][info][gc,heap        ] GC(105) Humongous regions: 5->1
[160.808s][info][gc,metaspace   ] GC(105) Metaspace: 25519K(26496K)->25519K(26496K) NonClass: 22242K(22784K)->22242K(22784K) Class: 3277K(3712K)->3277K(3712K)
[160.809s][info][gc             ] GC(105) Pause Full (System.gc()) 689M->7M(4096M) 13.449ms
[160.809s][info][gc,cpu         ] GC(105) User=0.02s Sys=0.00s Real=0.01s
[162.974s][info][gc,start       ] GC(106) Pause Young (Normal) (G1 Evacuation Pause)
[162.974s][info][gc,task        ] GC(106) Using 6 workers of 6 for evacuation
[162.975s][info][gc,phases      ] GC(106)   Pre Evacuate Collection Set: 0.0ms
[162.975s][info][gc,phases      ] GC(106)   Evacuate Collection Set: 0.4ms
[162.975s][info][gc,phases      ] GC(106)   Post Evacuate Collection Set: 0.3ms
[162.975s][info][gc,phases      ] GC(106)   Other: 0.2ms
[162.975s][info][gc,heap        ] GC(106) Eden regions: 183->0(406)
[162.975s][info][gc,heap        ] GC(106) Survivor regions: 0->1(23)
[162.975s][info][gc,heap        ] GC(106) Old regions: 6->6
[162.975s][info][gc,heap        ] GC(106) Humongous regions: 1->1
[162.975s][info][gc,metaspace   ] GC(106) Metaspace: 25522K(26496K)->25522K(26496K) NonClass: 22245K(22784K)->22245K(22784K) Class: 3277K(3712K)->3277K(3712K)
[162.975s][info][gc             ] GC(106) Pause Young (Normal) (G1 Evacuation Pause) 373M->8M(4096M) 0.932ms
[162.975s][info][gc,cpu         ] GC(106) User=0.00s Sys=0.00s Real=0.00s
[163.121s][info][gc,start       ] GC(107) Pause Young (Normal) (G1 Evacuation Pause)
[163.121s][info][gc,task        ] GC(107) Using 6 workers of 6 for evacuation
[163.122s][info][gc,phases      ] GC(107)   Pre Evacuate Collection Set: 0.0ms
[163.122s][info][gc,phases      ] GC(107)   Evacuate Collection Set: 0.5ms
[163.122s][info][gc,phases      ] GC(107)   Post Evacuate Collection Set: 0.4ms
[163.122s][info][gc,phases      ] GC(107)   Other: 0.2ms
[163.122s][info][gc,heap        ] GC(107) Eden regions: 406->0(628)
[163.122s][info][gc,heap        ] GC(107) Survivor regions: 1->1(51)
[163.122s][info][gc,heap        ] GC(107) Old regions: 6->6
[163.122s][info][gc,heap        ] GC(107) Humongous regions: 1->1
[163.122s][info][gc,metaspace   ] GC(107) Metaspace: 25522K(26496K)->25522K(26496K) NonClass: 22245K(22784K)->22245K(22784K) Class: 3277K(3712K)->3277K(3712K)
[163.122s][info][gc             ] GC(107) Pause Young (Normal) (G1 Evacuation Pause) 820M->8M(4096M) 1.223ms
[163.122s][info][gc,cpu         ] GC(107) User=0.00s Sys=0.00s Real=0.00s
[163.351s][info][gc,start       ] GC(108) Pause Young (Normal) (G1 Evacuation Pause)
[163.351s][info][gc,task        ] GC(108) Using 6 workers of 6 for evacuation
[163.352s][info][gc,phases      ] GC(108)   Pre Evacuate Collection Set: 0.1ms
[163.352s][info][gc,phases      ] GC(108)   Evacuate Collection Set: 0.6ms
[163.352s][info][gc,phases      ] GC(108)   Post Evacuate Collection Set: 0.5ms
[163.352s][info][gc,phases      ] GC(108)   Other: 0.2ms
[163.352s][info][gc,heap        ] GC(108) Eden regions: 628->0(902)
[163.352s][info][gc,heap        ] GC(108) Survivor regions: 1->1(79)
[163.352s][info][gc,heap        ] GC(108) Old regions: 6->6
[163.352s][info][gc,heap        ] GC(108) Humongous regions: 1->1
[163.352s][info][gc,metaspace   ] GC(108) Metaspace: 25522K(26496K)->25522K(26496K) NonClass: 22245K(22784K)->22245K(22784K) Class: 3277K(3712K)->3277K(3712K)
[163.352s][info][gc             ] GC(108) Pause Young (Normal) (G1 Evacuation Pause) 1264M->7M(4096M) 1.438ms
[163.352s][info][gc,cpu         ] GC(108) User=0.00s Sys=0.00s Real=0.00s
[169.770s][info][gc,start       ] GC(109) Pause Young (Normal) (G1 Evacuation Pause)
[169.770s][info][gc,task        ] GC(109) Using 6 workers of 6 for evacuation
[169.843s][info][gc,phases      ] GC(109)   Pre Evacuate Collection Set: 0.0ms
[169.844s][info][gc,phases      ] GC(109)   Evacuate Collection Set: 72.8ms
[169.844s][info][gc,phases      ] GC(109)   Post Evacuate Collection Set: 0.7ms
[169.844s][info][gc,phases      ] GC(109)   Other: 0.3ms
[169.844s][info][gc,heap        ] GC(109) Eden regions: 902->0(846)
[169.844s][info][gc,heap        ] GC(109) Survivor regions: 1->72(113)
[169.844s][info][gc,heap        ] GC(109) Old regions: 6->6
[169.844s][info][gc,heap        ] GC(109) Humongous regions: 1->1
[169.844s][info][gc,metaspace   ] GC(109) Metaspace: 25522K(26496K)->25522K(26496K) NonClass: 22245K(22784K)->22245K(22784K) Class: 3277K(3712K)->3277K(3712K)
[169.844s][info][gc             ] GC(109) Pause Young (Normal) (G1 Evacuation Pause) 1811M->150M(4096M) 73.952ms
[169.844s][info][gc,cpu         ] GC(109) User=0.39s Sys=0.00s Real=0.08s
[172.403s][info][gc,task        ] GC(110) Using 6 workers of 6 for full compaction
[172.403s][info][gc,start       ] GC(110) Pause Full (System.gc())
[172.403s][info][gc,phases,start] GC(110) Phase 1: Mark live objects
[172.406s][info][gc,stringtable ] GC(110) Cleaned string and symbol table, strings: 6905 processed, 0 removed, symbols: 66765 processed, 0 removed
[172.406s][info][gc,phases      ] GC(110) Phase 1: Mark live objects 3.249ms
[172.406s][info][gc,phases,start] GC(110) Phase 2: Prepare for compaction
[172.409s][info][gc,phases      ] GC(110) Phase 2: Prepare for compaction 3.066ms
[172.409s][info][gc,phases,start] GC(110) Phase 3: Adjust pointers
[172.412s][info][gc,phases      ] GC(110) Phase 3: Adjust pointers 2.877ms
[172.412s][info][gc,phases,start] GC(110) Phase 4: Compact heap
[172.415s][info][gc,phases      ] GC(110) Phase 4: Compact heap 2.670ms
[172.418s][info][gc,heap        ] GC(110) Eden regions: 658->0(941)
[172.418s][info][gc,heap        ] GC(110) Survivor regions: 72->0(113)
[172.418s][info][gc,heap        ] GC(110) Old regions: 6->6
[172.418s][info][gc,heap        ] GC(110) Humongous regions: 5->1
[172.418s][info][gc,metaspace   ] GC(110) Metaspace: 25523K(26496K)->25523K(26496K) NonClass: 22246K(22784K)->22246K(22784K) Class: 3277K(3712K)->3277K(3712K)
[172.418s][info][gc             ] GC(110) Pause Full (System.gc()) 1473M->7M(4096M) 15.466ms
[172.418s][info][gc,cpu         ] GC(110) User=0.00s Sys=0.00s Real=0.02s
[174.758s][info][gc,start       ] GC(111) Pause Young (Normal) (G1 Evacuation Pause)
[174.758s][info][gc,task        ] GC(111) Using 6 workers of 6 for evacuation
[174.759s][info][gc,phases      ] GC(111)   Pre Evacuate Collection Set: 0.0ms
[174.759s][info][gc,phases      ] GC(111)   Evacuate Collection Set: 0.6ms
[174.759s][info][gc,phases      ] GC(111)   Post Evacuate Collection Set: 0.8ms
[174.759s][info][gc,phases      ] GC(111)   Other: 0.2ms
[174.759s][info][gc,heap        ] GC(111) Eden regions: 941->0(1225)
[174.759s][info][gc,heap        ] GC(111) Survivor regions: 0->3(118)
[174.759s][info][gc,heap        ] GC(111) Old regions: 6->6
[174.759s][info][gc,heap        ] GC(111) Humongous regions: 1->1
[174.759s][info][gc,metaspace   ] GC(111) Metaspace: 25523K(26496K)->25523K(26496K) NonClass: 22246K(22784K)->22246K(22784K) Class: 3277K(3712K)->3277K(3712K)
[174.759s][info][gc             ] GC(111) Pause Young (Normal) (G1 Evacuation Pause) 1889M->13M(4096M) 1.799ms
[174.759s][info][gc,cpu         ] GC(111) User=0.00s Sys=0.00s Real=0.01s
[180.542s][info][gc,start       ] GC(112) Pause Young (Normal) (G1 Evacuation Pause)
[180.542s][info][gc,task        ] GC(112) Using 6 workers of 6 for evacuation
[180.631s][info][gc,phases      ] GC(112)   Pre Evacuate Collection Set: 0.1ms
[180.631s][info][gc,phases      ] GC(112)   Evacuate Collection Set: 87.7ms
[180.632s][info][gc,phases      ] GC(112)   Post Evacuate Collection Set: 0.9ms
[180.632s][info][gc,phases      ] GC(112)   Other: 0.4ms
[180.632s][info][gc,heap        ] GC(112) Eden regions: 1225->0(1142)
[180.632s][info][gc,heap        ] GC(112) Survivor regions: 3->86(154)
[180.632s][info][gc,heap        ] GC(112) Old regions: 6->6
[180.632s][info][gc,heap        ] GC(112) Humongous regions: 1->1
[180.632s][info][gc,metaspace   ] GC(112) Metaspace: 25523K(26496K)->25523K(26496K) NonClass: 22246K(22784K)->22246K(22784K) Class: 3277K(3712K)->3277K(3712K)
[180.632s][info][gc             ] GC(112) Pause Young (Normal) (G1 Evacuation Pause) 2463M->179M(4096M) 89.177ms
[180.632s][info][gc,cpu         ] GC(112) User=0.48s Sys=0.00s Real=0.10s
[183.121s][info][gc,task        ] GC(113) Using 6 workers of 6 for full compaction
[183.121s][info][gc,start       ] GC(113) Pause Full (System.gc())
[183.121s][info][gc,phases,start] GC(113) Phase 1: Mark live objects
[183.124s][info][gc,stringtable ] GC(113) Cleaned string and symbol table, strings: 6905 processed, 0 removed, symbols: 66765 processed, 0 removed
[183.124s][info][gc,phases      ] GC(113) Phase 1: Mark live objects 3.261ms
[183.124s][info][gc,phases,start] GC(113) Phase 2: Prepare for compaction
[183.127s][info][gc,phases      ] GC(113) Phase 2: Prepare for compaction 3.022ms
[183.127s][info][gc,phases,start] GC(113) Phase 3: Adjust pointers
[183.130s][info][gc,phases      ] GC(113) Phase 3: Adjust pointers 2.940ms
[183.130s][info][gc,phases,start] GC(113) Phase 4: Compact heap
[183.133s][info][gc,phases      ] GC(113) Phase 4: Compact heap 2.350ms
[183.136s][info][gc,heap        ] GC(113) Eden regions: 627->0(1228)
[183.136s][info][gc,heap        ] GC(113) Survivor regions: 86->0(154)
[183.136s][info][gc,heap        ] GC(113) Old regions: 6->6
[183.136s][info][gc,heap        ] GC(113) Humongous regions: 5->1
[183.136s][info][gc,metaspace   ] GC(113) Metaspace: 25523K(26496K)->25523K(26496K) NonClass: 22246K(22784K)->22246K(22784K) Class: 3277K(3712K)->3277K(3712K)
[183.136s][info][gc             ] GC(113) Pause Full (System.gc()) 1440M->7M(4096M) 14.749ms
[183.136s][info][gc,cpu         ] GC(113) User=0.02s Sys=0.00s Real=0.02s
[185.014s][info][gc,start       ] GC(114) Pause Young (Normal) (G1 Evacuation Pause)
[185.014s][info][gc,task        ] GC(114) Using 6 workers of 6 for evacuation
[185.016s][info][gc,phases      ] GC(114)   Pre Evacuate Collection Set: 0.0ms
[185.016s][info][gc,phases      ] GC(114)   Evacuate Collection Set: 0.5ms
[185.016s][info][gc,phases      ] GC(114)   Post Evacuate Collection Set: 0.8ms
[185.016s][info][gc,phases      ] GC(114)   Other: 0.2ms
[185.016s][info][gc,heap        ] GC(114) Eden regions: 1228->0(1225)
[185.016s][info][gc,heap        ] GC(114) Survivor regions: 0->3(154)
[185.016s][info][gc,heap        ] GC(114) Old regions: 6->6
[185.016s][info][gc,heap        ] GC(114) Humongous regions: 1->1
[185.016s][info][gc,metaspace   ] GC(114) Metaspace: 25523K(26496K)->25523K(26496K) NonClass: 22246K(22784K)->22246K(22784K) Class: 3277K(3712K)->3277K(3712K)
[185.016s][info][gc             ] GC(114) Pause Young (Normal) (G1 Evacuation Pause) 2463M->13M(4096M) 1.619ms
[185.016s][info][gc,cpu         ] GC(114) User=0.00s Sys=0.00s Real=0.00s
[191.688s][info][gc,start       ] GC(115) Pause Young (Normal) (G1 Evacuation Pause)
[191.688s][info][gc,task        ] GC(115) Using 6 workers of 6 for evacuation
[191.909s][info][gc,mmu         ] GC(115) MMU target violated: 201.0ms (200.0ms/201.0ms)
[191.909s][info][gc,phases      ] GC(115)   Pre Evacuate Collection Set: 0.0ms
[191.909s][info][gc,phases      ] GC(115)   Evacuate Collection Set: 220.0ms
[191.909s][info][gc,phases      ] GC(115)   Post Evacuate Collection Set: 1.1ms
[191.909s][info][gc,phases      ] GC(115)   Other: 0.5ms
[191.909s][info][gc,heap        ] GC(115) Eden regions: 1225->0(1074)
[191.909s][info][gc,heap        ] GC(115) Survivor regions: 3->154(154)
[191.909s][info][gc,heap        ] GC(115) Old regions: 6->56
[191.909s][info][gc,heap        ] GC(115) Humongous regions: 1->1
[191.909s][info][gc,metaspace   ] GC(115) Metaspace: 25523K(26496K)->25523K(26496K) NonClass: 22246K(22784K)->22246K(22784K) Class: 3277K(3712K)->3277K(3712K)
[191.909s][info][gc             ] GC(115) Pause Young (Normal) (G1 Evacuation Pause) 2463M->413M(4096M) 221.667ms
[191.909s][info][gc,cpu         ] GC(115) User=1.09s Sys=0.00s Real=0.22s
[192.229s][info][gc,start       ] GC(116) Pause Young (Normal) (G1 Evacuation Pause)
[192.229s][info][gc,task        ] GC(116) Using 6 workers of 6 for evacuation
[192.417s][info][gc,phases      ] GC(116)   Pre Evacuate Collection Set: 0.1ms
[192.417s][info][gc,phases      ] GC(116)   Evacuate Collection Set: 186.2ms
[192.417s][info][gc,phases      ] GC(116)   Post Evacuate Collection Set: 1.5ms
[192.418s][info][gc,phases      ] GC(116)   Other: 0.3ms
[192.418s][info][gc,heap        ] GC(116) Eden regions: 42->0(117)
[192.418s][info][gc,heap        ] GC(116) Survivor regions: 154->25(25)
[192.418s][info][gc,heap        ] GC(116) Old regions: 56->210
[192.418s][info][gc,heap        ] GC(116) Humongous regions: 5->5
[192.418s][info][gc,metaspace   ] GC(116) Metaspace: 25523K(26496K)->25523K(26496K) NonClass: 22246K(22784K)->22246K(22784K) Class: 3277K(3712K)->3277K(3712K)
[192.418s][info][gc             ] GC(116) Pause Young (Normal) (G1 Evacuation Pause) 505M->473M(4096M) 188.249ms
[192.418s][info][gc,cpu         ] GC(116) User=0.95s Sys=0.00s Real=0.18s
[192.720s][info][gc,start       ] GC(117) Pause Young (Normal) (G1 Evacuation Pause)
[192.720s][info][gc,task        ] GC(117) Using 6 workers of 6 for evacuation
[192.783s][info][gc,phases      ] GC(117)   Pre Evacuate Collection Set: 0.1ms
[192.783s][info][gc,phases      ] GC(117)   Evacuate Collection Set: 61.7ms
[192.783s][info][gc,phases      ] GC(117)   Post Evacuate Collection Set: 0.8ms
[192.783s][info][gc,phases      ] GC(117)   Other: 0.3ms
[192.783s][info][gc,heap        ] GC(117) Eden regions: 77->0(149)
[192.783s][info][gc,heap        ] GC(117) Survivor regions: 25->3(13)
[192.783s][info][gc,heap        ] GC(117) Old regions: 210->229
[192.783s][info][gc,heap        ] GC(117) Humongous regions: 5->5
[192.783s][info][gc,metaspace   ] GC(117) Metaspace: 25523K(26496K)->25523K(26496K) NonClass: 22246K(22784K)->22246K(22784K) Class: 3277K(3712K)->3277K(3712K)
[192.783s][info][gc             ] GC(117) Pause Young (Normal) (G1 Evacuation Pause) 627M->466M(4096M) 62.903ms
[192.783s][info][gc,cpu         ] GC(117) User=0.25s Sys=0.00s Real=0.06s
[193.356s][info][gc,start       ] GC(118) Pause Young (Normal) (G1 Evacuation Pause)
[193.356s][info][gc,task        ] GC(118) Using 6 workers of 6 for evacuation
[193.368s][info][gc,phases      ] GC(118)   Pre Evacuate Collection Set: 0.1ms
[193.368s][info][gc,phases      ] GC(118)   Evacuate Collection Set: 10.5ms
[193.368s][info][gc,phases      ] GC(118)   Post Evacuate Collection Set: 0.5ms
[193.368s][info][gc,phases      ] GC(118)   Other: 0.3ms
[193.368s][info][gc,heap        ] GC(118) Eden regions: 149->0(297)
[193.368s][info][gc,heap        ] GC(118) Survivor regions: 3->3(19)
[193.368s][info][gc,heap        ] GC(118) Old regions: 229->229
[193.368s][info][gc,heap        ] GC(118) Humongous regions: 5->5
[193.368s][info][gc,metaspace   ] GC(118) Metaspace: 25523K(26496K)->25523K(26496K) NonClass: 22246K(22784K)->22246K(22784K) Class: 3277K(3712K)->3277K(3712K)
[193.368s][info][gc             ] GC(118) Pause Young (Normal) (G1 Evacuation Pause) 764M->466M(4096M) 11.421ms
[193.368s][info][gc,cpu         ] GC(118) User=0.02s Sys=0.00s Real=0.01s
[194.284s][info][gc,task        ] GC(119) Using 6 workers of 6 for full compaction
[194.284s][info][gc,start       ] GC(119) Pause Full (System.gc())
[194.284s][info][gc,phases,start] GC(119) Phase 1: Mark live objects
[194.287s][info][gc,stringtable ] GC(119) Cleaned string and symbol table, strings: 6905 processed, 0 removed, symbols: 66765 processed, 0 removed
[194.287s][info][gc,phases      ] GC(119) Phase 1: Mark live objects 2.870ms
[194.287s][info][gc,phases,start] GC(119) Phase 2: Prepare for compaction
[194.289s][info][gc,phases      ] GC(119) Phase 2: Prepare for compaction 2.505ms
[194.290s][info][gc,phases,start] GC(119) Phase 3: Adjust pointers
[194.292s][info][gc,phases      ] GC(119) Phase 3: Adjust pointers 2.893ms
[194.292s][info][gc,phases,start] GC(119) Phase 4: Compact heap
[194.293s][info][gc,phases      ] GC(119) Phase 4: Compact heap 0.897ms
[194.296s][info][gc,heap        ] GC(119) Eden regions: 69->0(301)
[194.296s][info][gc,heap        ] GC(119) Survivor regions: 3->0(19)
[194.296s][info][gc,heap        ] GC(119) Old regions: 229->6
[194.296s][info][gc,heap        ] GC(119) Humongous regions: 5->1
[194.296s][info][gc,metaspace   ] GC(119) Metaspace: 25523K(26496K)->25523K(26496K) NonClass: 22246K(22784K)->22246K(22784K) Class: 3277K(3712K)->3277K(3712K)
[194.296s][info][gc             ] GC(119) Pause Full (System.gc()) 603M->7M(4096M) 12.341ms
[194.296s][info][gc,cpu         ] GC(119) User=0.02s Sys=0.00s Real=0.02s
[195.767s][info][gc,start       ] GC(120) Pause Young (Normal) (G1 Evacuation Pause)
[195.767s][info][gc,task        ] GC(120) Using 6 workers of 6 for evacuation
[195.768s][info][gc,phases      ] GC(120)   Pre Evacuate Collection Set: 0.0ms
[195.768s][info][gc,phases      ] GC(120)   Evacuate Collection Set: 0.5ms
[195.768s][info][gc,phases      ] GC(120)   Post Evacuate Collection Set: 0.5ms
[195.768s][info][gc,phases      ] GC(120)   Other: 0.2ms
[195.768s][info][gc,heap        ] GC(120) Eden regions: 301->0(610)
[195.768s][info][gc,heap        ] GC(120) Survivor regions: 0->1(38)
[195.768s][info][gc,heap        ] GC(120) Old regions: 6->6
[195.768s][info][gc,heap        ] GC(120) Humongous regions: 1->1
[195.768s][info][gc,metaspace   ] GC(120) Metaspace: 25523K(26496K)->25523K(26496K) NonClass: 22246K(22784K)->22246K(22784K) Class: 3277K(3712K)->3277K(3712K)
[195.768s][info][gc             ] GC(120) Pause Young (Normal) (G1 Evacuation Pause) 609M->8M(4096M) 1.280ms
[195.768s][info][gc,cpu         ] GC(120) User=0.00s Sys=0.00s Real=0.00s
[195.994s][info][gc,start       ] GC(121) Pause Young (Normal) (G1 Evacuation Pause)
[195.994s][info][gc,task        ] GC(121) Using 6 workers of 6 for evacuation
[195.995s][info][gc,phases      ] GC(121)   Pre Evacuate Collection Set: 0.0ms
[195.995s][info][gc,phases      ] GC(121)   Evacuate Collection Set: 0.5ms
[195.995s][info][gc,phases      ] GC(121)   Post Evacuate Collection Set: 0.6ms
[195.995s][info][gc,phases      ] GC(121)   Other: 0.2ms
[195.995s][info][gc,heap        ] GC(121) Eden regions: 610->0(896)
[195.996s][info][gc,heap        ] GC(121) Survivor regions: 1->1(77)
[195.996s][info][gc,heap        ] GC(121) Old regions: 6->6
[195.996s][info][gc,heap        ] GC(121) Humongous regions: 1->1
[195.996s][info][gc,metaspace   ] GC(121) Metaspace: 25523K(26496K)->25523K(26496K) NonClass: 22246K(22784K)->22246K(22784K) Class: 3277K(3712K)->3277K(3712K)
[195.996s][info][gc             ] GC(121) Pause Young (Normal) (G1 Evacuation Pause) 1228M->8M(4096M) 1.413ms
[195.996s][info][gc,cpu         ] GC(121) User=0.00s Sys=0.00s Real=0.00s
[197.038s][info][gc,start       ] GC(122) Pause Young (Normal) (G1 Evacuation Pause)
[197.038s][info][gc,task        ] GC(122) Using 6 workers of 6 for evacuation
[197.212s][info][gc,phases      ] GC(122)   Pre Evacuate Collection Set: 0.0ms
[197.212s][info][gc,phases      ] GC(122)   Evacuate Collection Set: 172.5ms
[197.212s][info][gc,phases      ] GC(122)   Post Evacuate Collection Set: 1.1ms
[197.212s][info][gc,phases      ] GC(122)   Other: 0.3ms
[197.212s][info][gc,heap        ] GC(122) Eden regions: 896->0(474)
[197.212s][info][gc,heap        ] GC(122) Survivor regions: 1->113(113)
[197.212s][info][gc,heap        ] GC(122) Old regions: 6->75
[197.212s][info][gc,heap        ] GC(122) Humongous regions: 1->1
[197.212s][info][gc,metaspace   ] GC(122) Metaspace: 25523K(26496K)->25523K(26496K) NonClass: 22246K(22784K)->22246K(22784K) Class: 3277K(3712K)->3277K(3712K)
[197.212s][info][gc             ] GC(122) Pause Young (Normal) (G1 Evacuation Pause) 1800M->369M(4096M) 174.021ms
[197.212s][info][gc,cpu         ] GC(122) User=1.00s Sys=0.00s Real=0.17s
[197.555s][info][gc,start       ] GC(123) Pause Young (Normal) (G1 Evacuation Pause)
[197.555s][info][gc,task        ] GC(123) Using 6 workers of 6 for evacuation
[197.698s][info][gc,phases      ] GC(123)   Pre Evacuate Collection Set: 0.0ms
[197.698s][info][gc,phases      ] GC(123)   Evacuate Collection Set: 141.5ms
[197.698s][info][gc,phases      ] GC(123)   Post Evacuate Collection Set: 0.9ms
[197.698s][info][gc,phases      ] GC(123)   Other: 0.2ms
[197.698s][info][gc,heap        ] GC(123) Eden regions: 80->0(245)
[197.698s][info][gc,heap        ] GC(123) Survivor regions: 113->25(25)
[197.698s][info][gc,heap        ] GC(123) Old regions: 75->189
[197.698s][info][gc,heap        ] GC(123) Humongous regions: 1->1
[197.698s][info][gc,metaspace   ] GC(123) Metaspace: 25523K(26496K)->25523K(26496K) NonClass: 22246K(22784K)->22246K(22784K) Class: 3277K(3712K)->3277K(3712K)
[197.698s][info][gc             ] GC(123) Pause Young (Normal) (G1 Evacuation Pause) 529M->423M(4096M) 142.841ms
[197.698s][info][gc,cpu         ] GC(123) User=0.77s Sys=0.00s Real=0.14s
[200.460s][info][gc,start       ] GC(124) Pause Young (Normal) (G1 Evacuation Pause)
[200.460s][info][gc,task        ] GC(124) Using 6 workers of 6 for evacuation
[200.586s][info][gc,phases      ] GC(124)   Pre Evacuate Collection Set: 0.1ms
[200.586s][info][gc,phases      ] GC(124)   Evacuate Collection Set: 124.8ms
[200.586s][info][gc,phases      ] GC(124)   Post Evacuate Collection Set: 1.0ms
[200.586s][info][gc,phases      ] GC(124)   Other: 0.3ms
[200.586s][info][gc,heap        ] GC(124) Eden regions: 245->0(238)
[200.586s][info][gc,heap        ] GC(124) Survivor regions: 25->34(34)
[200.586s][info][gc,heap        ] GC(124) Old regions: 189->268
[200.586s][info][gc,heap        ] GC(124) Humongous regions: 1->1
[200.586s][info][gc,metaspace   ] GC(124) Metaspace: 25523K(26496K)->25523K(26496K) NonClass: 22246K(22784K)->22246K(22784K) Class: 3277K(3712K)->3277K(3712K)
[200.586s][info][gc             ] GC(124) Pause Young (Normal) (G1 Evacuation Pause) 913M->598M(4096M) 126.258ms
[200.586s][info][gc,cpu         ] GC(124) User=0.67s Sys=0.00s Real=0.12s
[200.763s][info][gc,start       ] GC(125) Pause Young (Normal) (G1 Evacuation Pause)
[200.763s][info][gc,task        ] GC(125) Using 6 workers of 6 for evacuation
[200.868s][info][gc,phases      ] GC(125)   Pre Evacuate Collection Set: 0.1ms
[200.868s][info][gc,phases      ] GC(125)   Evacuate Collection Set: 103.5ms
[200.868s][info][gc,phases      ] GC(125)   Post Evacuate Collection Set: 0.6ms
[200.868s][info][gc,phases      ] GC(125)   Other: 0.3ms
[200.868s][info][gc,heap        ] GC(125) Eden regions: 117->0(223)
[200.868s][info][gc,heap        ] GC(125) Survivor regions: 34->19(19)
[200.868s][info][gc,heap        ] GC(125) Old regions: 268->333
[200.868s][info][gc,heap        ] GC(125) Humongous regions: 1->1
[200.868s][info][gc,metaspace   ] GC(125) Metaspace: 25523K(26496K)->25523K(26496K) NonClass: 22246K(22784K)->22246K(22784K) Class: 3277K(3712K)->3277K(3712K)
[200.868s][info][gc             ] GC(125) Pause Young (Normal) (G1 Evacuation Pause) 832M->699M(4096M) 104.549ms
[200.868s][info][gc,cpu         ] GC(125) User=0.58s Sys=0.00s Real=0.11s
[201.332s][info][gc,start       ] GC(126) Pause Young (Normal) (G1 Evacuation Pause)
[201.332s][info][gc,task        ] GC(126) Using 6 workers of 6 for evacuation
[201.476s][info][gc,phases      ] GC(126)   Pre Evacuate Collection Set: 0.1ms
[201.476s][info][gc,phases      ] GC(126)   Evacuate Collection Set: 142.8ms
[201.476s][info][gc,phases      ] GC(126)   Post Evacuate Collection Set: 1.0ms
[201.476s][info][gc,phases      ] GC(126)   Other: 0.3ms
[201.476s][info][gc,heap        ] GC(126) Eden regions: 186->0(197)
[201.476s][info][gc,heap        ] GC(126) Survivor regions: 19->26(26)
[201.476s][info][gc,heap        ] GC(126) Old regions: 333->412
[201.476s][info][gc,heap        ] GC(126) Humongous regions: 5->5
[201.476s][info][gc,metaspace   ] GC(126) Metaspace: 25523K(26496K)->25523K(26496K) NonClass: 22246K(22784K)->22246K(22784K) Class: 3277K(3712K)->3277K(3712K)
[201.476s][info][gc             ] GC(126) Pause Young (Normal) (G1 Evacuation Pause) 1079M->878M(4096M) 144.218ms
[201.476s][info][gc,cpu         ] GC(126) User=0.80s Sys=0.03s Real=0.14s
[202.295s][info][gc,start       ] GC(127) Pause Young (Normal) (G1 Evacuation Pause)
[202.295s][info][gc,task        ] GC(127) Using 6 workers of 6 for evacuation
[202.345s][info][gc,phases      ] GC(127)   Pre Evacuate Collection Set: 0.1ms
[202.345s][info][gc,phases      ] GC(127)   Evacuate Collection Set: 49.2ms
[202.345s][info][gc,phases      ] GC(127)   Post Evacuate Collection Set: 0.7ms
[202.345s][info][gc,phases      ] GC(127)   Other: 0.3ms
[202.345s][info][gc,heap        ] GC(127) Eden regions: 197->0(258)
[202.345s][info][gc,heap        ] GC(127) Survivor regions: 26->3(28)
[202.345s][info][gc,heap        ] GC(127) Old regions: 412->435
[202.345s][info][gc,heap        ] GC(127) Humongous regions: 5->5
[202.345s][info][gc,metaspace   ] GC(127) Metaspace: 25523K(26496K)->25523K(26496K) NonClass: 22246K(22784K)->22246K(22784K) Class: 3277K(3712K)->3277K(3712K)
[202.345s][info][gc             ] GC(127) Pause Young (Normal) (G1 Evacuation Pause) 1272M->879M(4096M) 50.363ms
[202.345s][info][gc,cpu         ] GC(127) User=0.22s Sys=0.00s Real=0.07s
[203.379s][info][gc,task        ] GC(128) Using 6 workers of 6 for full compaction
[203.379s][info][gc,start       ] GC(128) Pause Full (System.gc())
[203.379s][info][gc,phases,start] GC(128) Phase 1: Mark live objects
[203.382s][info][gc,stringtable ] GC(128) Cleaned string and symbol table, strings: 6905 processed, 0 removed, symbols: 66765 processed, 0 removed
[203.382s][info][gc,phases      ] GC(128) Phase 1: Mark live objects 2.990ms
[203.382s][info][gc,phases,start] GC(128) Phase 2: Prepare for compaction
[203.385s][info][gc,phases      ] GC(128) Phase 2: Prepare for compaction 2.708ms
[203.385s][info][gc,phases,start] GC(128) Phase 3: Adjust pointers
[203.388s][info][gc,phases      ] GC(128) Phase 3: Adjust pointers 3.170ms
[203.388s][info][gc,phases,start] GC(128) Phase 4: Compact heap
[203.390s][info][gc,phases      ] GC(128) Phase 4: Compact heap 1.952ms
[203.393s][info][gc,heap        ] GC(128) Eden regions: 101->0(262)
[203.393s][info][gc,heap        ] GC(128) Survivor regions: 3->0(28)
[203.393s][info][gc,heap        ] GC(128) Old regions: 435->6
[203.393s][info][gc,heap        ] GC(128) Humongous regions: 5->1
[203.393s][info][gc,metaspace   ] GC(128) Metaspace: 25524K(26496K)->25524K(26496K) NonClass: 22247K(22784K)->22247K(22784K) Class: 3277K(3712K)->3277K(3712K)
[203.393s][info][gc             ] GC(128) Pause Full (System.gc()) 1080M->7M(4096M) 14.381ms
[203.393s][info][gc,cpu         ] GC(128) User=0.00s Sys=0.00s Real=0.00s
[205.353s][info][gc,start       ] GC(129) Pause Young (Normal) (G1 Evacuation Pause)
[205.353s][info][gc,task        ] GC(129) Using 6 workers of 6 for evacuation
[205.354s][info][gc,phases      ] GC(129)   Pre Evacuate Collection Set: 0.0ms
[205.354s][info][gc,phases      ] GC(129)   Evacuate Collection Set: 0.5ms
[205.354s][info][gc,phases      ] GC(129)   Post Evacuate Collection Set: 0.4ms
[205.354s][info][gc,phases      ] GC(129)   Other: 0.2ms
[205.354s][info][gc,heap        ] GC(129) Eden regions: 262->0(358)
[205.354s][info][gc,heap        ] GC(129) Survivor regions: 0->2(33)
[205.354s][info][gc,heap        ] GC(129) Old regions: 6->6
[205.354s][info][gc,heap        ] GC(129) Humongous regions: 1->1
[205.354s][info][gc,metaspace   ] GC(129) Metaspace: 25527K(26496K)->25527K(26496K) NonClass: 22250K(22784K)->22250K(22784K) Class: 3277K(3712K)->3277K(3712K)
[205.354s][info][gc             ] GC(129) Pause Young (Normal) (G1 Evacuation Pause) 531M->10M(4096M) 1.130ms
[205.354s][info][gc,cpu         ] GC(129) User=0.00s Sys=0.00s Real=0.00s
[205.485s][info][gc,start       ] GC(130) Pause Young (Normal) (G1 Evacuation Pause)
[205.485s][info][gc,task        ] GC(130) Using 6 workers of 6 for evacuation
[205.486s][info][gc,phases      ] GC(130)   Pre Evacuate Collection Set: 0.0ms
[205.486s][info][gc,phases      ] GC(130)   Evacuate Collection Set: 0.4ms
[205.486s][info][gc,phases      ] GC(130)   Post Evacuate Collection Set: 0.4ms
[205.486s][info][gc,phases      ] GC(130)   Other: 0.2ms
[205.486s][info][gc,heap        ] GC(130) Eden regions: 358->0(483)
[205.486s][info][gc,heap        ] GC(130) Survivor regions: 2->1(45)
[205.486s][info][gc,heap        ] GC(130) Old regions: 6->6
[205.486s][info][gc,heap        ] GC(130) Humongous regions: 1->1
[205.486s][info][gc,metaspace   ] GC(130) Metaspace: 25527K(26496K)->25527K(26496K) NonClass: 22250K(22784K)->22250K(22784K) Class: 3277K(3712K)->3277K(3712K)
[205.486s][info][gc             ] GC(130) Pause Young (Normal) (G1 Evacuation Pause) 726M->8M(4096M) 1.104ms
[205.486s][info][gc,cpu         ] GC(130) User=0.00s Sys=0.00s Real=0.00s
[205.661s][info][gc,start       ] GC(131) Pause Young (Normal) (G1 Evacuation Pause)
[205.661s][info][gc,task        ] GC(131) Using 6 workers of 6 for evacuation
[205.662s][info][gc,phases      ] GC(131)   Pre Evacuate Collection Set: 0.0ms
[205.662s][info][gc,phases      ] GC(131)   Evacuate Collection Set: 0.4ms
[205.662s][info][gc,phases      ] GC(131)   Post Evacuate Collection Set: 0.5ms
[205.662s][info][gc,phases      ] GC(131)   Other: 0.2ms
[205.662s][info][gc,heap        ] GC(131) Eden regions: 483->0(601)
[205.662s][info][gc,heap        ] GC(131) Survivor regions: 1->1(61)
[205.662s][info][gc,heap        ] GC(131) Old regions: 6->6
[205.662s][info][gc,heap        ] GC(131) Humongous regions: 1->1
[205.662s][info][gc,metaspace   ] GC(131) Metaspace: 25527K(26496K)->25527K(26496K) NonClass: 22250K(22784K)->22250K(22784K) Class: 3277K(3712K)->3277K(3712K)
[205.662s][info][gc             ] GC(131) Pause Young (Normal) (G1 Evacuation Pause) 974M->7M(4096M) 1.173ms
[205.662s][info][gc,cpu         ] GC(131) User=0.00s Sys=0.00s Real=0.00s
[206.332s][info][gc,start       ] GC(132) Pause Young (Normal) (G1 Evacuation Pause)
[206.333s][info][gc,task        ] GC(132) Using 6 workers of 6 for evacuation
[206.446s][info][gc,phases      ] GC(132)   Pre Evacuate Collection Set: 0.0ms
[206.446s][info][gc,phases      ] GC(132)   Evacuate Collection Set: 112.4ms
[206.446s][info][gc,phases      ] GC(132)   Post Evacuate Collection Set: 0.8ms
[206.446s][info][gc,phases      ] GC(132)   Other: 0.2ms
[206.446s][info][gc,heap        ] GC(132) Eden regions: 601->0(578)
[206.446s][info][gc,heap        ] GC(132) Survivor regions: 1->76(76)
[206.446s][info][gc,heap        ] GC(132) Old regions: 6->48
[206.446s][info][gc,heap        ] GC(132) Humongous regions: 1->1
[206.446s][info][gc,metaspace   ] GC(132) Metaspace: 25527K(26496K)->25527K(26496K) NonClass: 22250K(22784K)->22250K(22784K) Class: 3277K(3712K)->3277K(3712K)
[206.446s][info][gc             ] GC(132) Pause Young (Normal) (G1 Evacuation Pause) 1209M->242M(4096M) 113.557ms
[206.446s][info][gc,cpu         ] GC(132) User=0.64s Sys=0.00s Real=0.11s
[211.734s][info][gc,start       ] GC(133) Pause Young (Normal) (G1 Evacuation Pause)
[211.734s][info][gc,task        ] GC(133) Using 6 workers of 6 for evacuation
[211.896s][info][gc,phases      ] GC(133)   Pre Evacuate Collection Set: 0.1ms
[211.896s][info][gc,phases      ] GC(133)   Evacuate Collection Set: 160.7ms
[211.896s][info][gc,phases      ] GC(133)   Post Evacuate Collection Set: 0.8ms
[211.896s][info][gc,phases      ] GC(133)   Other: 0.4ms
[211.896s][info][gc,heap        ] GC(133) Eden regions: 438->0(370)
[211.896s][info][gc,heap        ] GC(133) Survivor regions: 76->65(65)
[211.896s][info][gc,heap        ] GC(133) Old regions: 48->134
[211.896s][info][gc,heap        ] GC(133) Humongous regions: 1->1
[211.896s][info][gc,metaspace   ] GC(133) Metaspace: 25527K(26496K)->25527K(26496K) NonClass: 22250K(22784K)->22250K(22784K) Class: 3277K(3712K)->3277K(3712K)
[211.896s][info][gc             ] GC(133) Pause Young (Normal) (G1 Evacuation Pause) 1118M->392M(4096M) 162.035ms
[211.896s][info][gc,cpu         ] GC(133) User=0.94s Sys=0.00s Real=0.16s
[212.741s][info][gc,start       ] GC(134) Pause Young (Normal) (G1 Evacuation Pause)
[212.741s][info][gc,task        ] GC(134) Using 6 workers of 6 for evacuation
[212.973s][info][gc,mmu         ] GC(134) MMU target violated: 201.0ms (200.0ms/201.0ms)
[212.973s][info][gc,phases      ] GC(134)   Pre Evacuate Collection Set: 0.0ms
[212.973s][info][gc,phases      ] GC(134)   Evacuate Collection Set: 230.5ms
[212.973s][info][gc,phases      ] GC(134)   Post Evacuate Collection Set: 1.2ms
[212.973s][info][gc,phases      ] GC(134)   Other: 0.3ms
[212.973s][info][gc,heap        ] GC(134) Eden regions: 370->0(320)
[212.973s][info][gc,heap        ] GC(134) Survivor regions: 65->55(55)
[212.973s][info][gc,heap        ] GC(134) Old regions: 134->290
[212.973s][info][gc,heap        ] GC(134) Humongous regions: 5->5
[212.973s][info][gc,metaspace   ] GC(134) Metaspace: 25527K(26496K)->25527K(26496K) NonClass: 22250K(22784K)->22250K(22784K) Class: 3277K(3712K)->3277K(3712K)
[212.973s][info][gc             ] GC(134) Pause Young (Normal) (G1 Evacuation Pause) 1140M->693M(4096M) 232.126ms
[212.973s][info][gc,cpu         ] GC(134) User=1.31s Sys=0.00s Real=0.24s
[213.348s][info][gc,start       ] GC(135) Pause Young (Normal) (G1 Evacuation Pause)
[213.348s][info][gc,task        ] GC(135) Using 6 workers of 6 for evacuation
[213.423s][info][gc,phases      ] GC(135)   Pre Evacuate Collection Set: 0.0ms
[213.423s][info][gc,phases      ] GC(135)   Evacuate Collection Set: 74.3ms
[213.423s][info][gc,phases      ] GC(135)   Post Evacuate Collection Set: 0.8ms
[213.423s][info][gc,phases      ] GC(135)   Other: 0.2ms
[213.423s][info][gc,heap        ] GC(135) Eden regions: 100->0(313)
[213.423s][info][gc,heap        ] GC(135) Survivor regions: 55->3(20)
[213.423s][info][gc,heap        ] GC(135) Old regions: 290->340
[213.423s][info][gc,heap        ] GC(135) Humongous regions: 5->5
[213.423s][info][gc,metaspace   ] GC(135) Metaspace: 25527K(26496K)->25527K(26496K) NonClass: 22250K(22784K)->22250K(22784K) Class: 3277K(3712K)->3277K(3712K)
[213.423s][info][gc             ] GC(135) Pause Young (Normal) (G1 Evacuation Pause) 893M->688M(4096M) 75.449ms
[213.423s][info][gc,cpu         ] GC(135) User=0.38s Sys=0.00s Real=0.08s
[214.730s][info][gc,task        ] GC(136) Using 6 workers of 6 for full compaction
[214.730s][info][gc,start       ] GC(136) Pause Full (System.gc())
[214.730s][info][gc,phases,start] GC(136) Phase 1: Mark live objects
[214.733s][info][gc,stringtable ] GC(136) Cleaned string and symbol table, strings: 6905 processed, 0 removed, symbols: 66765 processed, 0 removed
[214.733s][info][gc,phases      ] GC(136) Phase 1: Mark live objects 2.984ms
[214.733s][info][gc,phases,start] GC(136) Phase 2: Prepare for compaction
[214.737s][info][gc,phases      ] GC(136) Phase 2: Prepare for compaction 3.256ms
[214.737s][info][gc,phases,start] GC(136) Phase 3: Adjust pointers
[214.740s][info][gc,phases      ] GC(136) Phase 3: Adjust pointers 3.106ms
[214.740s][info][gc,phases,start] GC(136) Phase 4: Compact heap
[214.741s][info][gc,phases      ] GC(136) Phase 4: Compact heap 1.608ms
[214.744s][info][gc,heap        ] GC(136) Eden regions: 175->0(317)
[214.744s][info][gc,heap        ] GC(136) Survivor regions: 3->0(20)
[214.744s][info][gc,heap        ] GC(136) Old regions: 340->6
[214.744s][info][gc,heap        ] GC(136) Humongous regions: 5->1
[214.744s][info][gc,metaspace   ] GC(136) Metaspace: 25527K(26496K)->25527K(26496K) NonClass: 22250K(22784K)->22250K(22784K) Class: 3277K(3712K)->3277K(3712K)
[214.744s][info][gc             ] GC(136) Pause Full (System.gc()) 1037M->7M(4096M) 14.195ms
[214.745s][info][gc,cpu         ] GC(136) User=0.00s Sys=0.00s Real=0.02s
[216.192s][info][gc,start       ] GC(137) Pause Young (Normal) (G1 Evacuation Pause)
[216.192s][info][gc,task        ] GC(137) Using 6 workers of 6 for evacuation
[216.193s][info][gc,phases      ] GC(137)   Pre Evacuate Collection Set: 0.0ms
[216.193s][info][gc,phases      ] GC(137)   Evacuate Collection Set: 0.5ms
[216.193s][info][gc,phases      ] GC(137)   Post Evacuate Collection Set: 0.4ms
[216.193s][info][gc,phases      ] GC(137)   Other: 0.2ms
[216.193s][info][gc,heap        ] GC(137) Eden regions: 317->0(460)
[216.193s][info][gc,heap        ] GC(137) Survivor regions: 0->3(40)
[216.193s][info][gc,heap        ] GC(137) Old regions: 6->6
[216.193s][info][gc,heap        ] GC(137) Humongous regions: 1->1
[216.193s][info][gc,metaspace   ] GC(137) Metaspace: 25527K(26496K)->25527K(26496K) NonClass: 22250K(22784K)->22250K(22784K) Class: 3277K(3712K)->3277K(3712K)
[216.193s][info][gc             ] GC(137) Pause Young (Normal) (G1 Evacuation Pause) 641M->13M(4096M) 1.171ms
[216.193s][info][gc,cpu         ] GC(137) User=0.00s Sys=0.00s Real=0.00s
[216.365s][info][gc,start       ] GC(138) Pause Young (Normal) (G1 Evacuation Pause)
[216.365s][info][gc,task        ] GC(138) Using 6 workers of 6 for evacuation
[216.366s][info][gc,phases      ] GC(138)   Pre Evacuate Collection Set: 0.0ms
[216.366s][info][gc,phases      ] GC(138)   Evacuate Collection Set: 0.4ms
[216.366s][info][gc,phases      ] GC(138)   Post Evacuate Collection Set: 0.4ms
[216.366s][info][gc,phases      ] GC(138)   Other: 0.2ms
[216.366s][info][gc,heap        ] GC(138) Eden regions: 460->0(644)
[216.366s][info][gc,heap        ] GC(138) Survivor regions: 3->1(58)
[216.366s][info][gc,heap        ] GC(138) Old regions: 6->6
[216.366s][info][gc,heap        ] GC(138) Humongous regions: 1->1
[216.366s][info][gc,metaspace   ] GC(138) Metaspace: 25527K(26496K)->25527K(26496K) NonClass: 22250K(22784K)->22250K(22784K) Class: 3277K(3712K)->3277K(3712K)
[216.366s][info][gc             ] GC(138) Pause Young (Normal) (G1 Evacuation Pause) 933M->8M(4096M) 1.174ms
[216.366s][info][gc,cpu         ] GC(138) User=0.00s Sys=0.00s Real=0.00s
[216.603s][info][gc,start       ] GC(139) Pause Young (Normal) (G1 Evacuation Pause)
[216.603s][info][gc,task        ] GC(139) Using 6 workers of 6 for evacuation
[216.604s][info][gc,phases      ] GC(139)   Pre Evacuate Collection Set: 0.0ms
[216.604s][info][gc,phases      ] GC(139)   Evacuate Collection Set: 0.4ms
[216.604s][info][gc,phases      ] GC(139)   Post Evacuate Collection Set: 0.6ms
[216.604s][info][gc,phases      ] GC(139)   Other: 0.2ms
[216.604s][info][gc,heap        ] GC(139) Eden regions: 644->0(783)
[216.604s][info][gc,heap        ] GC(139) Survivor regions: 1->1(81)
[216.604s][info][gc,heap        ] GC(139) Old regions: 6->6
[216.605s][info][gc,heap        ] GC(139) Humongous regions: 1->1
[216.605s][info][gc,metaspace   ] GC(139) Metaspace: 25527K(26496K)->25527K(26496K) NonClass: 22250K(22784K)->22250K(22784K) Class: 3277K(3712K)->3277K(3712K)
[216.605s][info][gc             ] GC(139) Pause Young (Normal) (G1 Evacuation Pause) 1296M->7M(4096M) 1.328ms
[216.605s][info][gc,cpu         ] GC(139) User=0.00s Sys=0.00s Real=0.00s
[222.598s][info][gc,start       ] GC(140) Pause Young (Normal) (G1 Evacuation Pause)
[222.598s][info][gc,task        ] GC(140) Using 6 workers of 6 for evacuation
[222.705s][info][gc,phases      ] GC(140)   Pre Evacuate Collection Set: 0.1ms
[222.705s][info][gc,phases      ] GC(140)   Evacuate Collection Set: 105.9ms
[222.705s][info][gc,phases      ] GC(140)   Post Evacuate Collection Set: 0.7ms
[222.705s][info][gc,phases      ] GC(140)   Other: 0.4ms
[222.705s][info][gc,heap        ] GC(140) Eden regions: 783->0(720)
[222.705s][info][gc,heap        ] GC(140) Survivor regions: 1->98(98)
[222.705s][info][gc,heap        ] GC(140) Old regions: 6->9
[222.705s][info][gc,heap        ] GC(140) Humongous regions: 1->1
[222.705s][info][gc,metaspace   ] GC(140) Metaspace: 25527K(26496K)->25527K(26496K) NonClass: 22250K(22784K)->22250K(22784K) Class: 3277K(3712K)->3277K(3712K)
[222.705s][info][gc             ] GC(140) Pause Young (Normal) (G1 Evacuation Pause) 1573M->208M(4096M) 107.109ms
[222.705s][info][gc,cpu         ] GC(140) User=0.55s Sys=0.00s Real=0.11s
[225.146s][info][gc,task        ] GC(141) Using 6 workers of 6 for full compaction
[225.146s][info][gc,start       ] GC(141) Pause Full (System.gc())
[225.146s][info][gc,phases,start] GC(141) Phase 1: Mark live objects
[225.149s][info][gc,stringtable ] GC(141) Cleaned string and symbol table, strings: 6905 processed, 0 removed, symbols: 66765 processed, 0 removed
[225.149s][info][gc,phases      ] GC(141) Phase 1: Mark live objects 2.905ms
[225.149s][info][gc,phases,start] GC(141) Phase 2: Prepare for compaction
[225.152s][info][gc,phases      ] GC(141) Phase 2: Prepare for compaction 3.102ms
[225.152s][info][gc,phases,start] GC(141) Phase 3: Adjust pointers
[225.155s][info][gc,phases      ] GC(141) Phase 3: Adjust pointers 2.895ms
[225.155s][info][gc,phases,start] GC(141) Phase 4: Compact heap
[225.158s][info][gc,phases      ] GC(141) Phase 4: Compact heap 2.732ms
[225.160s][info][gc,heap        ] GC(141) Eden regions: 588->0(720)
[225.160s][info][gc,heap        ] GC(141) Survivor regions: 98->0(98)
[225.160s][info][gc,heap        ] GC(141) Old regions: 9->6
[225.160s][info][gc,heap        ] GC(141) Humongous regions: 5->1
[225.160s][info][gc,metaspace   ] GC(141) Metaspace: 25527K(26496K)->25527K(26496K) NonClass: 22250K(22784K)->22250K(22784K) Class: 3277K(3712K)->3277K(3712K)
[225.160s][info][gc             ] GC(141) Pause Full (System.gc()) 1392M->7M(4096M) 14.787ms
[225.161s][info][gc,cpu         ] GC(141) User=0.02s Sys=0.00s Real=0.01s
[227.034s][info][gc,start       ] GC(142) Pause Young (Normal) (G1 Evacuation Pause)
[227.034s][info][gc,task        ] GC(142) Using 6 workers of 6 for evacuation
[227.036s][info][gc,phases      ] GC(142)   Pre Evacuate Collection Set: 0.1ms
[227.036s][info][gc,phases      ] GC(142)   Evacuate Collection Set: 0.5ms
[227.036s][info][gc,phases      ] GC(142)   Post Evacuate Collection Set: 0.9ms
[227.036s][info][gc,phases      ] GC(142)   Other: 0.3ms
[227.036s][info][gc,heap        ] GC(142) Eden regions: 720->0(1116)
[227.036s][info][gc,heap        ] GC(142) Survivor regions: 0->3(90)
[227.036s][info][gc,heap        ] GC(142) Old regions: 6->6
[227.036s][info][gc,heap        ] GC(142) Humongous regions: 1->1
[227.036s][info][gc,metaspace   ] GC(142) Metaspace: 25527K(26496K)->25527K(26496K) NonClass: 22250K(22784K)->22250K(22784K) Class: 3277K(3712K)->3277K(3712K)
[227.036s][info][gc             ] GC(142) Pause Young (Normal) (G1 Evacuation Pause) 1447M->13M(4096M) 1.817ms
[227.036s][info][gc,cpu         ] GC(142) User=0.02s Sys=0.00s Real=0.02s
[228.264s][info][gc,start       ] GC(143) Pause Young (Normal) (G1 Evacuation Pause)
[228.264s][info][gc,task        ] GC(143) Using 6 workers of 6 for evacuation
[228.458s][info][gc,phases      ] GC(143)   Pre Evacuate Collection Set: 0.0ms
[228.458s][info][gc,phases      ] GC(143)   Evacuate Collection Set: 192.4ms
[228.458s][info][gc,phases      ] GC(143)   Post Evacuate Collection Set: 1.1ms
[228.458s][info][gc,phases      ] GC(143)   Other: 0.3ms
[228.458s][info][gc,heap        ] GC(143) Eden regions: 1116->0(860)
[228.458s][info][gc,heap        ] GC(143) Survivor regions: 3->140(140)
[228.458s][info][gc,heap        ] GC(143) Old regions: 6->67
[228.458s][info][gc,heap        ] GC(143) Humongous regions: 1->1
[228.458s][info][gc,metaspace   ] GC(143) Metaspace: 25527K(26496K)->25527K(26496K) NonClass: 22250K(22784K)->22250K(22784K) Class: 3277K(3712K)->3277K(3712K)
[228.458s][info][gc             ] GC(143) Pause Young (Normal) (G1 Evacuation Pause) 2245M->407M(4096M) 193.998ms
[228.458s][info][gc,cpu         ] GC(143) User=1.12s Sys=0.00s Real=0.19s
[233.407s][info][gc,start       ] GC(144) Pause Young (Normal) (G1 Evacuation Pause)
[233.407s][info][gc,task        ] GC(144) Using 6 workers of 6 for evacuation
[233.618s][info][gc,mmu         ] GC(144) MMU target violated: 201.0ms (200.0ms/201.0ms)
[233.618s][info][gc,phases      ] GC(144)   Pre Evacuate Collection Set: 0.0ms
[233.618s][info][gc,phases      ] GC(144)   Evacuate Collection Set: 209.4ms
[233.618s][info][gc,phases      ] GC(144)   Post Evacuate Collection Set: 1.1ms
[233.618s][info][gc,phases      ] GC(144)   Other: 0.3ms
[233.618s][info][gc,heap        ] GC(144) Eden regions: 339->0(353)
[233.618s][info][gc,heap        ] GC(144) Survivor regions: 140->60(60)
[233.618s][info][gc,heap        ] GC(144) Old regions: 67->197
[233.618s][info][gc,heap        ] GC(144) Humongous regions: 1->1
[233.618s][info][gc,metaspace   ] GC(144) Metaspace: 25527K(26496K)->25527K(26496K) NonClass: 22250K(22784K)->22250K(22784K) Class: 3277K(3712K)->3277K(3712K)
[233.618s][info][gc             ] GC(144) Pause Young (Normal) (G1 Evacuation Pause) 1085M->509M(4096M) 210.926ms
[233.618s][info][gc,cpu         ] GC(144) User=1.23s Sys=0.00s Real=0.21s
[234.242s][info][gc,start       ] GC(145) Pause Young (Normal) (G1 Evacuation Pause)
[234.242s][info][gc,task        ] GC(145) Using 6 workers of 6 for evacuation
[234.470s][info][gc,mmu         ] GC(145) MMU target violated: 201.0ms (200.0ms/201.0ms)
[234.470s][info][gc,phases      ] GC(145)   Pre Evacuate Collection Set: 0.0ms
[234.470s][info][gc,phases      ] GC(145)   Evacuate Collection Set: 227.1ms
[234.470s][info][gc,phases      ] GC(145)   Post Evacuate Collection Set: 1.2ms
[234.470s][info][gc,phases      ] GC(145)   Other: 0.3ms
[234.470s][info][gc,heap        ] GC(145) Eden regions: 318->0(297)
[234.470s][info][gc,heap        ] GC(145) Survivor regions: 60->48(48)
[234.470s][info][gc,heap        ] GC(145) Old regions: 197->347
[234.470s][info][gc,heap        ] GC(145) Humongous regions: 5->5
[234.470s][info][gc,metaspace   ] GC(145) Metaspace: 25527K(26496K)->25527K(26496K) NonClass: 22250K(22784K)->22250K(22784K) Class: 3277K(3712K)->3277K(3712K)
[234.470s][info][gc             ] GC(145) Pause Young (Normal) (G1 Evacuation Pause) 1153M->793M(4096M) 228.681ms
[234.470s][info][gc,cpu         ] GC(145) User=1.22s Sys=0.03s Real=0.22s
[235.093s][info][gc,start       ] GC(146) Pause Young (Normal) (G1 Evacuation Pause)
[235.093s][info][gc,task        ] GC(146) Using 6 workers of 6 for evacuation
[235.166s][info][gc,phases      ] GC(146)   Pre Evacuate Collection Set: 0.1ms
[235.166s][info][gc,phases      ] GC(146)   Evacuate Collection Set: 71.6ms
[235.166s][info][gc,phases      ] GC(146)   Post Evacuate Collection Set: 0.7ms
[235.166s][info][gc,phases      ] GC(146)   Other: 0.3ms
[235.166s][info][gc,heap        ] GC(146) Eden regions: 145->0(328)
[235.166s][info][gc,heap        ] GC(146) Survivor regions: 48->3(25)
[235.166s][info][gc,heap        ] GC(146) Old regions: 347->389
[235.166s][info][gc,heap        ] GC(146) Humongous regions: 5->5
[235.166s][info][gc,metaspace   ] GC(146) Metaspace: 25527K(26496K)->25527K(26496K) NonClass: 22250K(22784K)->22250K(22784K) Class: 3277K(3712K)->3277K(3712K)
[235.166s][info][gc             ] GC(146) Pause Young (Normal) (G1 Evacuation Pause) 1083M->787M(4096M) 72.774ms
[235.166s][info][gc,cpu         ] GC(146) User=0.38s Sys=0.00s Real=0.06s
[236.411s][info][gc,task        ] GC(147) Using 6 workers of 6 for full compaction
[236.411s][info][gc,start       ] GC(147) Pause Full (System.gc())
[236.411s][info][gc,phases,start] GC(147) Phase 1: Mark live objects
[236.415s][info][gc,stringtable ] GC(147) Cleaned string and symbol table, strings: 6906 processed, 0 removed, symbols: 66765 processed, 0 removed
[236.415s][info][gc,phases      ] GC(147) Phase 1: Mark live objects 3.071ms
[236.415s][info][gc,phases,start] GC(147) Phase 2: Prepare for compaction
[236.417s][info][gc,phases      ] GC(147) Phase 2: Prepare for compaction 2.818ms
[236.418s][info][gc,phases,start] GC(147) Phase 3: Adjust pointers
[236.421s][info][gc,phases      ] GC(147) Phase 3: Adjust pointers 3.097ms
[236.421s][info][gc,phases,start] GC(147) Phase 4: Compact heap
[236.423s][info][gc,phases      ] GC(147) Phase 4: Compact heap 2.021ms
[236.426s][info][gc,heap        ] GC(147) Eden regions: 152->0(332)
[236.426s][info][gc,heap        ] GC(147) Survivor regions: 3->0(25)
[236.426s][info][gc,heap        ] GC(147) Old regions: 389->6
[236.426s][info][gc,heap        ] GC(147) Humongous regions: 5->1
[236.426s][info][gc,metaspace   ] GC(147) Metaspace: 25527K(26496K)->25527K(26496K) NonClass: 22250K(22784K)->22250K(22784K) Class: 3277K(3712K)->3277K(3712K)
[236.426s][info][gc             ] GC(147) Pause Full (System.gc()) 1090M->7M(4096M) 14.303ms
[236.426s][info][gc,cpu         ] GC(147) User=0.00s Sys=0.00s Real=0.01s
[237.972s][info][gc,start       ] GC(148) Pause Young (Normal) (G1 Evacuation Pause)
[237.972s][info][gc,task        ] GC(148) Using 6 workers of 6 for evacuation
[237.973s][info][gc,phases      ] GC(148)   Pre Evacuate Collection Set: 0.0ms
[237.973s][info][gc,phases      ] GC(148)   Evacuate Collection Set: 0.5ms
[237.973s][info][gc,phases      ] GC(148)   Post Evacuate Collection Set: 0.4ms
[237.973s][info][gc,phases      ] GC(148)   Other: 0.2ms
[237.973s][info][gc,heap        ] GC(148) Eden regions: 332->0(462)
[237.973s][info][gc,heap        ] GC(148) Survivor regions: 0->3(42)
[237.973s][info][gc,heap        ] GC(148) Old regions: 6->6
[237.973s][info][gc,heap        ] GC(148) Humongous regions: 1->1
[237.973s][info][gc,metaspace   ] GC(148) Metaspace: 25527K(26496K)->25527K(26496K) NonClass: 22250K(22784K)->22250K(22784K) Class: 3277K(3712K)->3277K(3712K)
[237.973s][info][gc             ] GC(148) Pause Young (Normal) (G1 Evacuation Pause) 671M->13M(4096M) 1.215ms
[237.973s][info][gc,cpu         ] GC(148) User=0.00s Sys=0.00s Real=0.00s
[238.142s][info][gc,start       ] GC(149) Pause Young (Normal) (G1 Evacuation Pause)
[238.142s][info][gc,task        ] GC(149) Using 6 workers of 6 for evacuation
[238.143s][info][gc,phases      ] GC(149)   Pre Evacuate Collection Set: 0.0ms
[238.143s][info][gc,phases      ] GC(149)   Evacuate Collection Set: 0.4ms
[238.143s][info][gc,phases      ] GC(149)   Post Evacuate Collection Set: 0.5ms
[238.143s][info][gc,phases      ] GC(149)   Other: 0.2ms
[238.143s][info][gc,heap        ] GC(149) Eden regions: 462->0(656)
[238.143s][info][gc,heap        ] GC(149) Survivor regions: 3->1(59)
[238.143s][info][gc,heap        ] GC(149) Old regions: 6->6
[238.143s][info][gc,heap        ] GC(149) Humongous regions: 1->1
[238.143s][info][gc,metaspace   ] GC(149) Metaspace: 25527K(26496K)->25527K(26496K) NonClass: 22250K(22784K)->22250K(22784K) Class: 3277K(3712K)->3277K(3712K)
[238.143s][info][gc             ] GC(149) Pause Young (Normal) (G1 Evacuation Pause) 937M->8M(4096M) 1.192ms
[238.143s][info][gc,cpu         ] GC(149) User=0.00s Sys=0.00s Real=0.00s
[238.388s][info][gc,start       ] GC(150) Pause Young (Normal) (G1 Evacuation Pause)
[238.388s][info][gc,task        ] GC(150) Using 6 workers of 6 for evacuation
[238.389s][info][gc,phases      ] GC(150)   Pre Evacuate Collection Set: 0.0ms
[238.389s][info][gc,phases      ] GC(150)   Evacuate Collection Set: 0.4ms
[238.389s][info][gc,phases      ] GC(150)   Post Evacuate Collection Set: 0.6ms
[238.389s][info][gc,phases      ] GC(150)   Other: 0.2ms
[238.389s][info][gc,heap        ] GC(150) Eden regions: 656->0(794)
[238.389s][info][gc,heap        ] GC(150) Survivor regions: 1->1(83)
[238.389s][info][gc,heap        ] GC(150) Old regions: 6->6
[238.389s][info][gc,heap        ] GC(150) Humongous regions: 1->1
[238.389s][info][gc,metaspace   ] GC(150) Metaspace: 25527K(26496K)->25527K(26496K) NonClass: 22250K(22784K)->22250K(22784K) Class: 3277K(3712K)->3277K(3712K)
[238.389s][info][gc             ] GC(150) Pause Young (Normal) (G1 Evacuation Pause) 1320M->7M(4096M) 1.336ms
[238.389s][info][gc,cpu         ] GC(150) User=0.00s Sys=0.00s Real=0.00s
[242.374s][info][gc,start       ] GC(151) Pause Young (Normal) (G1 Evacuation Pause)
[242.374s][info][gc,task        ] GC(151) Using 6 workers of 6 for evacuation
[242.522s][info][gc,phases      ] GC(151)   Pre Evacuate Collection Set: 0.1ms
[242.522s][info][gc,phases      ] GC(151)   Evacuate Collection Set: 146.3ms
[242.522s][info][gc,phases      ] GC(151)   Post Evacuate Collection Set: 1.0ms
[242.522s][info][gc,phases      ] GC(151)   Other: 0.4ms
[242.522s][info][gc,heap        ] GC(151) Eden regions: 794->0(690)
[242.522s][info][gc,heap        ] GC(151) Survivor regions: 1->100(100)
[242.522s][info][gc,heap        ] GC(151) Old regions: 6->48
[242.522s][info][gc,heap        ] GC(151) Humongous regions: 1->1
[242.522s][info][gc,metaspace   ] GC(151) Metaspace: 25527K(26496K)->25527K(26496K) NonClass: 22250K(22784K)->22250K(22784K) Class: 3277K(3712K)->3277K(3712K)
[242.522s][info][gc             ] GC(151) Pause Young (Normal) (G1 Evacuation Pause) 1595M->290M(4096M) 147.820ms
[242.522s][info][gc,cpu         ] GC(151) User=0.84s Sys=0.00s Real=0.14s
[244.829s][info][gc,task        ] GC(152) Using 6 workers of 6 for full compaction
[244.829s][info][gc,start       ] GC(152) Pause Full (System.gc())
[244.829s][info][gc,phases,start] GC(152) Phase 1: Mark live objects
[244.832s][info][gc,stringtable ] GC(152) Cleaned string and symbol table, strings: 6909 processed, 0 removed, symbols: 66765 processed, 0 removed
[244.832s][info][gc,phases      ] GC(152) Phase 1: Mark live objects 3.190ms
[244.832s][info][gc,phases,start] GC(152) Phase 2: Prepare for compaction
[244.835s][info][gc,phases      ] GC(152) Phase 2: Prepare for compaction 3.060ms
[244.835s][info][gc,phases,start] GC(152) Phase 3: Adjust pointers
[244.838s][info][gc,phases      ] GC(152) Phase 3: Adjust pointers 2.862ms
[244.838s][info][gc,phases,start] GC(152) Phase 4: Compact heap
[244.841s][info][gc,phases      ] GC(152) Phase 4: Compact heap 2.293ms
[244.844s][info][gc,heap        ] GC(152) Eden regions: 487->0(691)
[244.844s][info][gc,heap        ] GC(152) Survivor regions: 100->0(100)
[244.844s][info][gc,heap        ] GC(152) Old regions: 48->6
[244.844s][info][gc,heap        ] GC(152) Humongous regions: 5->1
[244.844s][info][gc,metaspace   ] GC(152) Metaspace: 25527K(26496K)->25527K(26496K) NonClass: 22250K(22784K)->22250K(22784K) Class: 3277K(3712K)->3277K(3712K)
[244.844s][info][gc             ] GC(152) Pause Full (System.gc()) 1271M->7M(4096M) 14.914ms
[244.844s][info][gc,cpu         ] GC(152) User=0.02s Sys=0.00s Real=0.01s
[246.449s][info][gc,start       ] GC(153) Pause Young (Normal) (G1 Evacuation Pause)
[246.449s][info][gc,task        ] GC(153) Using 6 workers of 6 for evacuation
[246.450s][info][gc,phases      ] GC(153)   Pre Evacuate Collection Set: 0.0ms
[246.450s][info][gc,phases      ] GC(153)   Evacuate Collection Set: 0.6ms
[246.450s][info][gc,phases      ] GC(153)   Post Evacuate Collection Set: 0.6ms
[246.450s][info][gc,phases      ] GC(153)   Other: 0.2ms
[246.450s][info][gc,heap        ] GC(153) Eden regions: 691->0(1100)
[246.450s][info][gc,heap        ] GC(153) Survivor regions: 0->3(87)
[246.450s][info][gc,heap        ] GC(153) Old regions: 6->6
[246.450s][info][gc,heap        ] GC(153) Humongous regions: 1->1
[246.450s][info][gc,metaspace   ] GC(153) Metaspace: 25527K(26496K)->25527K(26496K) NonClass: 22250K(22784K)->22250K(22784K) Class: 3277K(3712K)->3277K(3712K)
[246.450s][info][gc             ] GC(153) Pause Young (Normal) (G1 Evacuation Pause) 1389M->13M(4096M) 1.508ms
[246.451s][info][gc,cpu         ] GC(153) User=0.00s Sys=0.00s Real=0.00s
[247.523s][info][gc,start       ] GC(154) Pause Young (Normal) (G1 Evacuation Pause)
[247.524s][info][gc,task        ] GC(154) Using 6 workers of 6 for evacuation
[247.687s][info][gc,phases      ] GC(154)   Pre Evacuate Collection Set: 0.0ms
[247.687s][info][gc,phases      ] GC(154)   Evacuate Collection Set: 162.5ms
[247.687s][info][gc,phases      ] GC(154)   Post Evacuate Collection Set: 0.9ms
[247.687s][info][gc,phases      ] GC(154)   Other: 0.3ms
[247.687s][info][gc,heap        ] GC(154) Eden regions: 1100->0(898)
[247.687s][info][gc,heap        ] GC(154) Survivor regions: 3->138(138)
[247.687s][info][gc,heap        ] GC(154) Old regions: 6->39
[247.687s][info][gc,heap        ] GC(154) Humongous regions: 1->1
[247.687s][info][gc,metaspace   ] GC(154) Metaspace: 25527K(26496K)->25527K(26496K) NonClass: 22250K(22784K)->22250K(22784K) Class: 3277K(3712K)->3277K(3712K)
[247.687s][info][gc             ] GC(154) Pause Young (Normal) (G1 Evacuation Pause) 2213M->348M(4096M) 163.809ms
[247.687s][info][gc,cpu         ] GC(154) User=0.94s Sys=0.00s Real=0.16s
[254.892s][info][gc,start       ] GC(155) Pause Young (Normal) (G1 Evacuation Pause)
[254.893s][info][gc,task        ] GC(155) Using 6 workers of 6 for evacuation
[255.162s][info][gc,mmu         ] GC(155) MMU target violated: 201.0ms (200.0ms/201.0ms)
[255.162s][info][gc,phases      ] GC(155)   Pre Evacuate Collection Set: 0.1ms
[255.162s][info][gc,phases      ] GC(155)   Evacuate Collection Set: 267.6ms
[255.162s][info][gc,phases      ] GC(155)   Post Evacuate Collection Set: 1.4ms
[255.162s][info][gc,phases      ] GC(155)   Other: 0.5ms
[255.162s][info][gc,heap        ] GC(155) Eden regions: 898->0(255)
[255.162s][info][gc,heap        ] GC(155) Survivor regions: 138->130(130)
[255.162s][info][gc,heap        ] GC(155) Old regions: 39->190
[255.162s][info][gc,heap        ] GC(155) Humongous regions: 5->5
[255.162s][info][gc,metaspace   ] GC(155) Metaspace: 25527K(26496K)->25527K(26496K) NonClass: 22250K(22784K)->22250K(22784K) Class: 3277K(3712K)->3277K(3712K)
[255.162s][info][gc             ] GC(155) Pause Young (Normal) (G1 Evacuation Pause) 2152M->643M(4096M) 269.507ms
[255.162s][info][gc,cpu         ] GC(155) User=1.59s Sys=0.00s Real=0.27s
[256.196s][info][gc,task        ] GC(156) Using 6 workers of 6 for full compaction
[256.196s][info][gc,start       ] GC(156) Pause Full (System.gc())
[256.197s][info][gc,phases,start] GC(156) Phase 1: Mark live objects
[256.200s][info][gc,stringtable ] GC(156) Cleaned string and symbol table, strings: 6911 processed, 0 removed, symbols: 66765 processed, 0 removed
[256.200s][info][gc,phases      ] GC(156) Phase 1: Mark live objects 3.015ms
[256.200s][info][gc,phases,start] GC(156) Phase 2: Prepare for compaction
[256.202s][info][gc,phases      ] GC(156) Phase 2: Prepare for compaction 2.585ms
[256.202s][info][gc,phases,start] GC(156) Phase 3: Adjust pointers
[256.205s][info][gc,phases      ] GC(156) Phase 3: Adjust pointers 2.868ms
[256.205s][info][gc,phases,start] GC(156) Phase 4: Compact heap
[256.207s][info][gc,phases      ] GC(156) Phase 4: Compact heap 1.246ms
[256.209s][info][gc,heap        ] GC(156) Eden regions: 104->0(706)
[256.209s][info][gc,heap        ] GC(156) Survivor regions: 130->0(130)
[256.209s][info][gc,heap        ] GC(156) Old regions: 190->6
[256.209s][info][gc,heap        ] GC(156) Humongous regions: 5->1
[256.209s][info][gc,metaspace   ] GC(156) Metaspace: 25527K(26496K)->25527K(26496K) NonClass: 22250K(22784K)->22250K(22784K) Class: 3277K(3712K)->3277K(3712K)
[256.209s][info][gc             ] GC(156) Pause Full (System.gc()) 851M->7M(4096M) 13.014ms
[256.210s][info][gc,cpu         ] GC(156) User=0.02s Sys=0.00s Real=0.01s
[258.364s][info][gc,start       ] GC(157) Pause Young (Normal) (G1 Evacuation Pause)
[258.364s][info][gc,task        ] GC(157) Using 6 workers of 6 for evacuation
[258.366s][info][gc,phases      ] GC(157)   Pre Evacuate Collection Set: 0.0ms
[258.366s][info][gc,phases      ] GC(157)   Evacuate Collection Set: 0.7ms
[258.366s][info][gc,phases      ] GC(157)   Post Evacuate Collection Set: 0.5ms
[258.366s][info][gc,phases      ] GC(157)   Other: 0.2ms
[258.366s][info][gc,heap        ] GC(157) Eden regions: 706->0(1057)
[258.366s][info][gc,heap        ] GC(157) Survivor regions: 0->3(89)
[258.366s][info][gc,heap        ] GC(157) Old regions: 6->6
[258.366s][info][gc,heap        ] GC(157) Humongous regions: 1->1
[258.366s][info][gc,metaspace   ] GC(157) Metaspace: 25527K(26496K)->25527K(26496K) NonClass: 22250K(22784K)->22250K(22784K) Class: 3277K(3712K)->3277K(3712K)
[258.366s][info][gc             ] GC(157) Pause Young (Normal) (G1 Evacuation Pause) 1419M->13M(4096M) 1.603ms
[258.366s][info][gc,cpu         ] GC(157) User=0.00s Sys=0.02s Real=0.01s
[259.382s][info][gc,start       ] GC(158) Pause Young (Normal) (G1 Evacuation Pause)
[259.382s][info][gc,task        ] GC(158) Using 6 workers of 6 for evacuation
[259.536s][info][gc,phases      ] GC(158)   Pre Evacuate Collection Set: 0.0ms
[259.536s][info][gc,phases      ] GC(158)   Evacuate Collection Set: 152.1ms
[259.536s][info][gc,phases      ] GC(158)   Post Evacuate Collection Set: 1.1ms
[259.536s][info][gc,phases      ] GC(158)   Other: 0.3ms
[259.536s][info][gc,heap        ] GC(158) Eden regions: 1057->0(969)
[259.536s][info][gc,heap        ] GC(158) Survivor regions: 3->133(133)
[259.536s][info][gc,heap        ] GC(158) Old regions: 6->34
[259.536s][info][gc,heap        ] GC(158) Humongous regions: 1->1
[259.536s][info][gc,metaspace   ] GC(158) Metaspace: 25527K(26496K)->25527K(26496K) NonClass: 22250K(22784K)->22250K(22784K) Class: 3277K(3712K)->3277K(3712K)
[259.536s][info][gc             ] GC(158) Pause Young (Normal) (G1 Evacuation Pause) 2127M->328M(4096M) 153.665ms
[259.536s][info][gc,cpu         ] GC(158) User=0.89s Sys=0.00s Real=0.16s
[266.510s][info][gc,start       ] GC(159) Pause Young (Normal) (G1 Evacuation Pause)
[266.511s][info][gc,task        ] GC(159) Using 6 workers of 6 for evacuation
[266.752s][info][gc,mmu         ] GC(159) MMU target violated: 201.0ms (200.0ms/201.0ms)
[266.752s][info][gc,phases      ] GC(159)   Pre Evacuate Collection Set: 0.1ms
[266.752s][info][gc,phases      ] GC(159)   Evacuate Collection Set: 239.9ms
[266.752s][info][gc,phases      ] GC(159)   Post Evacuate Collection Set: 1.3ms
[266.752s][info][gc,phases      ] GC(159)   Other: 0.4ms
[266.752s][info][gc,heap        ] GC(159) Eden regions: 969->0(282)
[266.752s][info][gc,heap        ] GC(159) Survivor regions: 133->138(138)
[266.752s][info][gc,heap        ] GC(159) Old regions: 34->161
[266.752s][info][gc,heap        ] GC(159) Humongous regions: 5->5
[266.752s][info][gc,metaspace   ] GC(159) Metaspace: 25527K(26496K)->25527K(26496K) NonClass: 22250K(22784K)->22250K(22784K) Class: 3277K(3712K)->3277K(3712K)
[266.752s][info][gc             ] GC(159) Pause Young (Normal) (G1 Evacuation Pause) 2274M->600M(4096M) 241.659ms
[266.752s][info][gc,cpu         ] GC(159) User=1.42s Sys=0.00s Real=0.25s
[267.600s][info][gc,task        ] GC(160) Using 6 workers of 6 for full compaction
[267.600s][info][gc,start       ] GC(160) Pause Full (System.gc())
[267.600s][info][gc,phases,start] GC(160) Phase 1: Mark live objects
[267.603s][info][gc,stringtable ] GC(160) Cleaned string and symbol table, strings: 6911 processed, 0 removed, symbols: 66765 processed, 0 removed
[267.603s][info][gc,phases      ] GC(160) Phase 1: Mark live objects 3.193ms
[267.603s][info][gc,phases,start] GC(160) Phase 2: Prepare for compaction
[267.606s][info][gc,phases      ] GC(160) Phase 2: Prepare for compaction 2.494ms
[267.606s][info][gc,phases,start] GC(160) Phase 3: Adjust pointers
[267.609s][info][gc,phases      ] GC(160) Phase 3: Adjust pointers 3.246ms
[267.609s][info][gc,phases,start] GC(160) Phase 4: Compact heap
[267.610s][info][gc,phases      ] GC(160) Phase 4: Compact heap 1.015ms
[267.613s][info][gc,heap        ] GC(160) Eden regions: 48->0(812)
[267.613s][info][gc,heap        ] GC(160) Survivor regions: 138->0(138)
[267.613s][info][gc,heap        ] GC(160) Old regions: 161->6
[267.613s][info][gc,heap        ] GC(160) Humongous regions: 5->1
[267.613s][info][gc,metaspace   ] GC(160) Metaspace: 25527K(26496K)->25527K(26496K) NonClass: 22250K(22784K)->22250K(22784K) Class: 3277K(3712K)->3277K(3712K)
[267.613s][info][gc             ] GC(160) Pause Full (System.gc()) 695M->7M(4096M) 13.242ms
[267.613s][info][gc,cpu         ] GC(160) User=0.00s Sys=0.00s Real=0.02s
[269.760s][info][gc,start       ] GC(161) Pause Young (Normal) (G1 Evacuation Pause)
[269.760s][info][gc,task        ] GC(161) Using 6 workers of 6 for evacuation
[269.761s][info][gc,phases      ] GC(161)   Pre Evacuate Collection Set: 0.0ms
[269.761s][info][gc,phases      ] GC(161)   Evacuate Collection Set: 0.6ms
[269.761s][info][gc,phases      ] GC(161)   Post Evacuate Collection Set: 0.7ms
[269.761s][info][gc,phases      ] GC(161)   Other: 0.2ms
[269.761s][info][gc,heap        ] GC(161) Eden regions: 812->0(1134)
[269.761s][info][gc,heap        ] GC(161) Survivor regions: 0->3(102)
[269.761s][info][gc,heap        ] GC(161) Old regions: 6->6
[269.761s][info][gc,heap        ] GC(161) Humongous regions: 1->1
[269.761s][info][gc,metaspace   ] GC(161) Metaspace: 25534K(26496K)->25534K(26496K) NonClass: 22257K(22784K)->22257K(22784K) Class: 3277K(3712K)->3277K(3712K)
[269.761s][info][gc             ] GC(161) Pause Young (Normal) (G1 Evacuation Pause) 1631M->13M(4096M) 1.719ms
[269.761s][info][gc,cpu         ] GC(161) User=0.02s Sys=0.00s Real=0.02s
[272.628s][info][gc,start       ] GC(162) Pause Young (Normal) (G1 Evacuation Pause)
[272.628s][info][gc,task        ] GC(162) Using 6 workers of 6 for evacuation
[272.630s][info][gc,phases      ] GC(162)   Pre Evacuate Collection Set: 0.0ms
[272.630s][info][gc,phases      ] GC(162)   Evacuate Collection Set: 0.7ms
[272.630s][info][gc,phases      ] GC(162)   Post Evacuate Collection Set: 0.7ms
[272.630s][info][gc,phases      ] GC(162)   Other: 0.2ms
[272.630s][info][gc,heap        ] GC(162) Eden regions: 1134->0(1225)
[272.630s][info][gc,heap        ] GC(162) Survivor regions: 3->3(143)
[272.630s][info][gc,heap        ] GC(162) Old regions: 6->6
[272.630s][info][gc,heap        ] GC(162) Humongous regions: 1->1
[272.630s][info][gc,metaspace   ] GC(162) Metaspace: 25534K(26496K)->25534K(26496K) NonClass: 22257K(22784K)->22257K(22784K) Class: 3277K(3712K)->3277K(3712K)
[272.630s][info][gc             ] GC(162) Pause Young (Normal) (G1 Evacuation Pause) 2281M->13M(4096M) 1.716ms
[272.630s][info][gc,cpu         ] GC(162) User=0.00s Sys=0.00s Real=0.00s
[278.585s][info][gc,task        ] GC(163) Using 6 workers of 6 for full compaction
[278.586s][info][gc,start       ] GC(163) Pause Full (System.gc())
[278.586s][info][gc,phases,start] GC(163) Phase 1: Mark live objects
[278.589s][info][gc,stringtable ] GC(163) Cleaned string and symbol table, strings: 6911 processed, 0 removed, symbols: 66765 processed, 0 removed
[278.589s][info][gc,phases      ] GC(163) Phase 1: Mark live objects 3.168ms
[278.589s][info][gc,phases,start] GC(163) Phase 2: Prepare for compaction
[278.592s][info][gc,phases      ] GC(163) Phase 2: Prepare for compaction 3.510ms
[278.592s][info][gc,phases,start] GC(163) Phase 3: Adjust pointers
[278.595s][info][gc,phases      ] GC(163) Phase 3: Adjust pointers 2.938ms
[278.595s][info][gc,phases,start] GC(163) Phase 4: Compact heap
[278.598s][info][gc,phases      ] GC(163) Phase 4: Compact heap 2.979ms
[278.602s][info][gc,heap        ] GC(163) Eden regions: 849->0(1228)
[278.602s][info][gc,heap        ] GC(163) Survivor regions: 3->0(143)
[278.602s][info][gc,heap        ] GC(163) Old regions: 6->6
[278.602s][info][gc,heap        ] GC(163) Humongous regions: 5->1
[278.602s][info][gc,metaspace   ] GC(163) Metaspace: 25534K(26496K)->25534K(26496K) NonClass: 22257K(22784K)->22257K(22784K) Class: 3277K(3712K)->3277K(3712K)
[278.602s][info][gc             ] GC(163) Pause Full (System.gc()) 1718M->7M(4096M) 16.447ms
[278.602s][info][gc,cpu         ] GC(163) User=0.00s Sys=0.00s Real=0.02s
[280.965s][info][gc,start       ] GC(164) Pause Young (Normal) (G1 Evacuation Pause)
[280.965s][info][gc,task        ] GC(164) Using 6 workers of 6 for evacuation
[280.966s][info][gc,phases      ] GC(164)   Pre Evacuate Collection Set: 0.0ms
[280.966s][info][gc,phases      ] GC(164)   Evacuate Collection Set: 0.5ms
[280.966s][info][gc,phases      ] GC(164)   Post Evacuate Collection Set: 0.8ms
[280.966s][info][gc,phases      ] GC(164)   Other: 0.2ms
[280.966s][info][gc,heap        ] GC(164) Eden regions: 1228->0(1226)
[280.966s][info][gc,heap        ] GC(164) Survivor regions: 0->2(154)
[280.966s][info][gc,heap        ] GC(164) Old regions: 6->6
[280.966s][info][gc,heap        ] GC(164) Humongous regions: 1->1
[280.966s][info][gc,metaspace   ] GC(164) Metaspace: 25551K(26496K)->25551K(26496K) NonClass: 22274K(22784K)->22274K(22784K) Class: 3277K(3712K)->3277K(3712K)
[280.966s][info][gc             ] GC(164) Pause Young (Normal) (G1 Evacuation Pause) 2463M->10M(4096M) 1.745ms
[280.966s][info][gc,cpu         ] GC(164) User=0.00s Sys=0.00s Real=0.00s
[287.316s][info][gc,start       ] GC(165) Pause Young (Normal) (G1 Evacuation Pause)
[287.316s][info][gc,task        ] GC(165) Using 6 workers of 6 for evacuation
[287.536s][info][gc,mmu         ] GC(165) MMU target violated: 201.0ms (200.0ms/201.0ms)
[287.536s][info][gc,phases      ] GC(165)   Pre Evacuate Collection Set: 0.0ms
[287.536s][info][gc,phases      ] GC(165)   Evacuate Collection Set: 218.4ms
[287.536s][info][gc,phases      ] GC(165)   Post Evacuate Collection Set: 1.3ms
[287.536s][info][gc,phases      ] GC(165)   Other: 0.5ms
[287.536s][info][gc,heap        ] GC(165) Eden regions: 1226->0(1074)
[287.536s][info][gc,heap        ] GC(165) Survivor regions: 2->154(154)
[287.536s][info][gc,heap        ] GC(165) Old regions: 6->58
[287.536s][info][gc,heap        ] GC(165) Humongous regions: 3->3
[287.536s][info][gc,metaspace   ] GC(165) Metaspace: 25552K(26496K)->25552K(26496K) NonClass: 22275K(22784K)->22275K(22784K) Class: 3277K(3712K)->3277K(3712K)
[287.536s][info][gc             ] GC(165) Pause Young (Normal) (G1 Evacuation Pause) 2466M->422M(4096M) 220.260ms
[287.536s][info][gc,cpu         ] GC(165) User=1.25s Sys=0.00s Real=0.22s
[289.478s][info][gc,task        ] GC(166) Using 6 workers of 6 for full compaction
[289.478s][info][gc,start       ] GC(166) Pause Full (System.gc())
[289.478s][info][gc,phases,start] GC(166) Phase 1: Mark live objects
[289.481s][info][gc,stringtable ] GC(166) Cleaned string and symbol table, strings: 6931 processed, 0 removed, symbols: 66765 processed, 0 removed
[289.481s][info][gc,phases      ] GC(166) Phase 1: Mark live objects 3.145ms
[289.481s][info][gc,phases,start] GC(166) Phase 2: Prepare for compaction
[289.484s][info][gc,phases      ] GC(166) Phase 2: Prepare for compaction 2.978ms
[289.484s][info][gc,phases,start] GC(166) Phase 3: Adjust pointers
[289.487s][info][gc,phases      ] GC(166) Phase 3: Adjust pointers 2.968ms
[289.487s][info][gc,phases,start] GC(166) Phase 4: Compact heap
[289.489s][info][gc,phases      ] GC(166) Phase 4: Compact heap 2.134ms
[289.492s][info][gc,heap        ] GC(166) Eden regions: 328->0(1228)
[289.492s][info][gc,heap        ] GC(166) Survivor regions: 154->0(154)
[289.492s][info][gc,heap        ] GC(166) Old regions: 58->6
[289.492s][info][gc,heap        ] GC(166) Humongous regions: 5->1
[289.492s][info][gc,metaspace   ] GC(166) Metaspace: 25552K(26496K)->25552K(26496K) NonClass: 22275K(22784K)->22275K(22784K) Class: 3277K(3712K)->3277K(3712K)
[289.492s][info][gc             ] GC(166) Pause Full (System.gc()) 1082M->7M(4096M) 14.498ms
[289.492s][info][gc,cpu         ] GC(166) User=0.00s Sys=0.00s Real=0.02s
[291.296s][info][gc,start       ] GC(167) Pause Young (Normal) (G1 Evacuation Pause)
[291.296s][info][gc,task        ] GC(167) Using 6 workers of 6 for evacuation
[291.297s][info][gc,phases      ] GC(167)   Pre Evacuate Collection Set: 0.0ms
[291.297s][info][gc,phases      ] GC(167)   Evacuate Collection Set: 0.5ms
[291.297s][info][gc,phases      ] GC(167)   Post Evacuate Collection Set: 0.9ms
[291.297s][info][gc,phases      ] GC(167)   Other: 0.2ms
[291.297s][info][gc,heap        ] GC(167) Eden regions: 1228->0(1225)
[291.297s][info][gc,heap        ] GC(167) Survivor regions: 0->3(154)
[291.297s][info][gc,heap        ] GC(167) Old regions: 6->6
[291.297s][info][gc,heap        ] GC(167) Humongous regions: 1->1
[291.297s][info][gc,metaspace   ] GC(167) Metaspace: 25552K(26496K)->25552K(26496K) NonClass: 22275K(22784K)->22275K(22784K) Class: 3277K(3712K)->3277K(3712K)
[291.297s][info][gc             ] GC(167) Pause Young (Normal) (G1 Evacuation Pause) 2463M->13M(4096M) 1.735ms
[291.297s][info][gc,cpu         ] GC(167) User=0.00s Sys=0.00s Real=0.00s
[297.854s][info][gc,start       ] GC(168) Pause Young (Normal) (G1 Evacuation Pause)
[297.854s][info][gc,task        ] GC(168) Using 6 workers of 6 for evacuation
[298.070s][info][gc,mmu         ] GC(168) MMU target violated: 201.0ms (200.0ms/201.0ms)
[298.071s][info][gc,phases      ] GC(168)   Pre Evacuate Collection Set: 0.1ms
[298.071s][info][gc,phases      ] GC(168)   Evacuate Collection Set: 215.0ms
[298.071s][info][gc,phases      ] GC(168)   Post Evacuate Collection Set: 1.2ms
[298.071s][info][gc,phases      ] GC(168)   Other: 0.5ms
[298.071s][info][gc,heap        ] GC(168) Eden regions: 1225->0(1074)
[298.071s][info][gc,heap        ] GC(168) Survivor regions: 3->154(154)
[298.071s][info][gc,heap        ] GC(168) Old regions: 6->57
[298.071s][info][gc,heap        ] GC(168) Humongous regions: 1->1
[298.071s][info][gc,metaspace   ] GC(168) Metaspace: 25552K(26496K)->25552K(26496K) NonClass: 22275K(22784K)->22275K(22784K) Class: 3277K(3712K)->3277K(3712K)
[298.071s][info][gc             ] GC(168) Pause Young (Normal) (G1 Evacuation Pause) 2463M->417M(4096M) 216.899ms
[298.071s][info][gc,cpu         ] GC(168) User=1.33s Sys=0.00s Real=0.23s
[300.195s][info][gc,task        ] GC(169) Using 6 workers of 6 for full compaction
[300.195s][info][gc,start       ] GC(169) Pause Full (System.gc())
[300.195s][info][gc,phases,start] GC(169) Phase 1: Mark live objects
[300.198s][info][gc,stringtable ] GC(169) Cleaned string and symbol table, strings: 6931 processed, 0 removed, symbols: 66765 processed, 0 removed
[300.198s][info][gc,phases      ] GC(169) Phase 1: Mark live objects 2.980ms
[300.198s][info][gc,phases,start] GC(169) Phase 2: Prepare for compaction
[300.201s][info][gc,phases      ] GC(169) Phase 2: Prepare for compaction 2.960ms
[300.201s][info][gc,phases,start] GC(169) Phase 3: Adjust pointers
[300.205s][info][gc,phases      ] GC(169) Phase 3: Adjust pointers 3.216ms
[300.205s][info][gc,phases,start] GC(169) Phase 4: Compact heap
[300.206s][info][gc,phases      ] GC(169) Phase 4: Compact heap 1.715ms
[300.209s][info][gc,heap        ] GC(169) Eden regions: 333->0(1228)
[300.209s][info][gc,heap        ] GC(169) Survivor regions: 154->0(154)
[300.209s][info][gc,heap        ] GC(169) Old regions: 57->6
[300.209s][info][gc,heap        ] GC(169) Humongous regions: 5->1
[300.209s][info][gc,metaspace   ] GC(169) Metaspace: 25552K(26496K)->25552K(26496K) NonClass: 22275K(22784K)->22275K(22784K) Class: 3277K(3712K)->3277K(3712K)
[300.209s][info][gc             ] GC(169) Pause Full (System.gc()) 1091M->7M(4096M) 14.243ms
[300.210s][info][gc,cpu         ] GC(169) User=0.02s Sys=0.00s Real=0.02s
[301.997s][info][gc,start       ] GC(170) Pause Young (Normal) (G1 Evacuation Pause)
[301.997s][info][gc,task        ] GC(170) Using 6 workers of 6 for evacuation
[301.999s][info][gc,phases      ] GC(170)   Pre Evacuate Collection Set: 0.0ms
[301.999s][info][gc,phases      ] GC(170)   Evacuate Collection Set: 0.5ms
[301.999s][info][gc,phases      ] GC(170)   Post Evacuate Collection Set: 1.0ms
[301.999s][info][gc,phases      ] GC(170)   Other: 0.2ms
[301.999s][info][gc,heap        ] GC(170) Eden regions: 1228->0(1225)
[301.999s][info][gc,heap        ] GC(170) Survivor regions: 0->3(154)
[301.999s][info][gc,heap        ] GC(170) Old regions: 6->6
[301.999s][info][gc,heap        ] GC(170) Humongous regions: 1->1
[301.999s][info][gc,metaspace   ] GC(170) Metaspace: 25552K(26496K)->25552K(26496K) NonClass: 22275K(22784K)->22275K(22784K) Class: 3277K(3712K)->3277K(3712K)
[301.999s][info][gc             ] GC(170) Pause Young (Normal) (G1 Evacuation Pause) 2463M->13M(4096M) 1.813ms
[301.999s][info][gc,cpu         ] GC(170) User=0.00s Sys=0.00s Real=0.00s
[308.407s][info][gc,start       ] GC(171) Pause Young (Normal) (G1 Evacuation Pause)
[308.407s][info][gc,task        ] GC(171) Using 6 workers of 6 for evacuation
[308.618s][info][gc,mmu         ] GC(171) MMU target violated: 201.0ms (200.0ms/201.0ms)
[308.618s][info][gc,phases      ] GC(171)   Pre Evacuate Collection Set: 0.0ms
[308.618s][info][gc,phases      ] GC(171)   Evacuate Collection Set: 210.1ms
[308.618s][info][gc,phases      ] GC(171)   Post Evacuate Collection Set: 1.3ms
[308.618s][info][gc,phases      ] GC(171)   Other: 0.5ms
[308.618s][info][gc,heap        ] GC(171) Eden regions: 1225->0(1074)
[308.618s][info][gc,heap        ] GC(171) Survivor regions: 3->154(154)
[308.618s][info][gc,heap        ] GC(171) Old regions: 6->57
[308.618s][info][gc,heap        ] GC(171) Humongous regions: 1->1
[308.618s][info][gc,metaspace   ] GC(171) Metaspace: 25552K(26496K)->25552K(26496K) NonClass: 22275K(22784K)->22275K(22784K) Class: 3277K(3712K)->3277K(3712K)
[308.619s][info][gc             ] GC(171) Pause Young (Normal) (G1 Evacuation Pause) 2463M->417M(4096M) 211.883ms
[308.619s][info][gc,cpu         ] GC(171) User=1.22s Sys=0.00s Real=0.20s
[310.696s][info][gc,task        ] GC(172) Using 6 workers of 6 for full compaction
[310.696s][info][gc,start       ] GC(172) Pause Full (System.gc())
[310.697s][info][gc,phases,start] GC(172) Phase 1: Mark live objects
[310.700s][info][gc,stringtable ] GC(172) Cleaned string and symbol table, strings: 6931 processed, 0 removed, symbols: 66765 processed, 0 removed
[310.700s][info][gc,phases      ] GC(172) Phase 1: Mark live objects 3.379ms
[310.700s][info][gc,phases,start] GC(172) Phase 2: Prepare for compaction
[310.703s][info][gc,phases      ] GC(172) Phase 2: Prepare for compaction 3.363ms
[310.703s][info][gc,phases,start] GC(172) Phase 3: Adjust pointers
[310.706s][info][gc,phases      ] GC(172) Phase 3: Adjust pointers 2.910ms
[310.706s][info][gc,phases,start] GC(172) Phase 4: Compact heap
[310.708s][info][gc,phases      ] GC(172) Phase 4: Compact heap 1.759ms
[310.711s][info][gc,heap        ] GC(172) Eden regions: 332->0(1228)
[310.711s][info][gc,heap        ] GC(172) Survivor regions: 154->0(154)
[310.711s][info][gc,heap        ] GC(172) Old regions: 57->6
[310.711s][info][gc,heap        ] GC(172) Humongous regions: 5->1
[310.711s][info][gc,metaspace   ] GC(172) Metaspace: 25552K(26496K)->25552K(26496K) NonClass: 22275K(22784K)->22275K(22784K) Class: 3277K(3712K)->3277K(3712K)
[310.711s][info][gc             ] GC(172) Pause Full (System.gc()) 1089M->7M(4096M) 14.670ms
[310.711s][info][gc,cpu         ] GC(172) User=0.03s Sys=0.00s Real=0.02s
[312.716s][info][gc,start       ] GC(173) Pause Young (Normal) (G1 Evacuation Pause)
[312.716s][info][gc,task        ] GC(173) Using 6 workers of 6 for evacuation
[312.717s][info][gc,phases      ] GC(173)   Pre Evacuate Collection Set: 0.0ms
[312.717s][info][gc,phases      ] GC(173)   Evacuate Collection Set: 0.5ms
[312.717s][info][gc,phases      ] GC(173)   Post Evacuate Collection Set: 0.8ms
[312.717s][info][gc,phases      ] GC(173)   Other: 0.2ms
[312.717s][info][gc,heap        ] GC(173) Eden regions: 1228->0(1225)
[312.717s][info][gc,heap        ] GC(173) Survivor regions: 0->3(154)
[312.717s][info][gc,heap        ] GC(173) Old regions: 6->6
[312.717s][info][gc,heap        ] GC(173) Humongous regions: 1->1
[312.717s][info][gc,metaspace   ] GC(173) Metaspace: 25557K(26496K)->25557K(26496K) NonClass: 22280K(22784K)->22280K(22784K) Class: 3277K(3712K)->3277K(3712K)
[312.717s][info][gc             ] GC(173) Pause Young (Normal) (G1 Evacuation Pause) 2463M->13M(4096M) 1.635ms
[312.717s][info][gc,cpu         ] GC(173) User=0.00s Sys=0.00s Real=0.00s
[318.844s][info][gc,start       ] GC(174) Pause Young (Normal) (G1 Evacuation Pause)
[318.844s][info][gc,task        ] GC(174) Using 6 workers of 6 for evacuation
[319.059s][info][gc,mmu         ] GC(174) MMU target violated: 201.0ms (200.0ms/201.0ms)
[319.059s][info][gc,phases      ] GC(174)   Pre Evacuate Collection Set: 0.1ms
[319.059s][info][gc,phases      ] GC(174)   Evacuate Collection Set: 213.6ms
[319.059s][info][gc,phases      ] GC(174)   Post Evacuate Collection Set: 1.1ms
[319.059s][info][gc,phases      ] GC(174)   Other: 0.6ms
[319.059s][info][gc,heap        ] GC(174) Eden regions: 1225->0(1074)
[319.059s][info][gc,heap        ] GC(174) Survivor regions: 3->154(154)
[319.059s][info][gc,heap        ] GC(174) Old regions: 6->57
[319.059s][info][gc,heap        ] GC(174) Humongous regions: 1->1
[319.059s][info][gc,metaspace   ] GC(174) Metaspace: 25557K(26496K)->25557K(26496K) NonClass: 22280K(22784K)->22280K(22784K) Class: 3277K(3712K)->3277K(3712K)
[319.059s][info][gc             ] GC(174) Pause Young (Normal) (G1 Evacuation Pause) 2463M->417M(4096M) 215.375ms
[319.059s][info][gc,cpu         ] GC(174) User=1.22s Sys=0.00s Real=0.20s
[321.119s][info][gc,task        ] GC(175) Using 6 workers of 6 for full compaction
[321.119s][info][gc,start       ] GC(175) Pause Full (System.gc())
[321.119s][info][gc,phases,start] GC(175) Phase 1: Mark live objects
[321.122s][info][gc,stringtable ] GC(175) Cleaned string and symbol table, strings: 6931 processed, 0 removed, symbols: 66765 processed, 0 removed
[321.122s][info][gc,phases      ] GC(175) Phase 1: Mark live objects 2.961ms
[321.122s][info][gc,phases,start] GC(175) Phase 2: Prepare for compaction
[321.125s][info][gc,phases      ] GC(175) Phase 2: Prepare for compaction 2.935ms
[321.125s][info][gc,phases,start] GC(175) Phase 3: Adjust pointers
[321.128s][info][gc,phases      ] GC(175) Phase 3: Adjust pointers 2.909ms
[321.128s][info][gc,phases,start] GC(175) Phase 4: Compact heap
[321.130s][info][gc,phases      ] GC(175) Phase 4: Compact heap 2.107ms
[321.133s][info][gc,heap        ] GC(175) Eden regions: 335->0(1228)
[321.133s][info][gc,heap        ] GC(175) Survivor regions: 154->0(154)
[321.133s][info][gc,heap        ] GC(175) Old regions: 57->6
[321.133s][info][gc,heap        ] GC(175) Humongous regions: 5->1
[321.133s][info][gc,metaspace   ] GC(175) Metaspace: 25557K(26496K)->25557K(26496K) NonClass: 22280K(22784K)->22280K(22784K) Class: 3277K(3712K)->3277K(3712K)
[321.133s][info][gc             ] GC(175) Pause Full (System.gc()) 1094M->7M(4096M) 14.425ms
[321.133s][info][gc,cpu         ] GC(175) User=0.00s Sys=0.00s Real=0.00s
[323.663s][info][gc,start       ] GC(176) Pause Young (Normal) (G1 Evacuation Pause)
[323.663s][info][gc,task        ] GC(176) Using 6 workers of 6 for evacuation
[323.665s][info][gc,phases      ] GC(176)   Pre Evacuate Collection Set: 0.0ms
[323.665s][info][gc,phases      ] GC(176)   Evacuate Collection Set: 0.4ms
[323.665s][info][gc,phases      ] GC(176)   Post Evacuate Collection Set: 0.8ms
[323.665s][info][gc,phases      ] GC(176)   Other: 0.2ms
[323.665s][info][gc,heap        ] GC(176) Eden regions: 1228->0(1225)
[323.665s][info][gc,heap        ] GC(176) Survivor regions: 0->3(154)
[323.665s][info][gc,heap        ] GC(176) Old regions: 6->6
[323.665s][info][gc,heap        ] GC(176) Humongous regions: 1->1
[323.665s][info][gc,metaspace   ] GC(176) Metaspace: 25557K(26496K)->25557K(26496K) NonClass: 22280K(22784K)->22280K(22784K) Class: 3277K(3712K)->3277K(3712K)
[323.665s][info][gc             ] GC(176) Pause Young (Normal) (G1 Evacuation Pause) 2463M->13M(4096M) 1.607ms
[323.665s][info][gc,cpu         ] GC(176) User=0.00s Sys=0.00s Real=0.00s
[329.872s][info][gc,start       ] GC(177) Pause Young (Normal) (G1 Evacuation Pause)
[329.872s][info][gc,task        ] GC(177) Using 6 workers of 6 for evacuation
[330.088s][info][gc,mmu         ] GC(177) MMU target violated: 201.0ms (200.0ms/201.0ms)
[330.088s][info][gc,phases      ] GC(177)   Pre Evacuate Collection Set: 0.1ms
[330.088s][info][gc,phases      ] GC(177)   Evacuate Collection Set: 214.6ms
[330.088s][info][gc,phases      ] GC(177)   Post Evacuate Collection Set: 1.1ms
[330.088s][info][gc,phases      ] GC(177)   Other: 0.6ms
[330.088s][info][gc,heap        ] GC(177) Eden regions: 1225->0(1074)
[330.088s][info][gc,heap        ] GC(177) Survivor regions: 3->154(154)
[330.088s][info][gc,heap        ] GC(177) Old regions: 6->55
[330.088s][info][gc,heap        ] GC(177) Humongous regions: 1->1
[330.088s][info][gc,metaspace   ] GC(177) Metaspace: 25557K(26496K)->25557K(26496K) NonClass: 22280K(22784K)->22280K(22784K) Class: 3277K(3712K)->3277K(3712K)
[330.088s][info][gc             ] GC(177) Pause Young (Normal) (G1 Evacuation Pause) 2463M->413M(4096M) 216.363ms
[330.088s][info][gc,cpu         ] GC(177) User=1.23s Sys=0.00s Real=0.22s
[332.185s][info][gc,task        ] GC(178) Using 6 workers of 6 for full compaction
[332.185s][info][gc,start       ] GC(178) Pause Full (System.gc())
[332.185s][info][gc,phases,start] GC(178) Phase 1: Mark live objects
[332.188s][info][gc,stringtable ] GC(178) Cleaned string and symbol table, strings: 6931 processed, 0 removed, symbols: 66765 processed, 0 removed
[332.188s][info][gc,phases      ] GC(178) Phase 1: Mark live objects 2.790ms
[332.188s][info][gc,phases,start] GC(178) Phase 2: Prepare for compaction
[332.191s][info][gc,phases      ] GC(178) Phase 2: Prepare for compaction 2.927ms
[332.191s][info][gc,phases,start] GC(178) Phase 3: Adjust pointers
[332.194s][info][gc,phases      ] GC(178) Phase 3: Adjust pointers 2.882ms
[332.194s][info][gc,phases,start] GC(178) Phase 4: Compact heap
[332.196s][info][gc,phases      ] GC(178) Phase 4: Compact heap 1.768ms
[332.198s][info][gc,heap        ] GC(178) Eden regions: 337->0(1228)
[332.198s][info][gc,heap        ] GC(178) Survivor regions: 154->0(154)
[332.198s][info][gc,heap        ] GC(178) Old regions: 55->6
[332.199s][info][gc,heap        ] GC(178) Humongous regions: 5->1
[332.199s][info][gc,metaspace   ] GC(178) Metaspace: 25557K(26496K)->25557K(26496K) NonClass: 22280K(22784K)->22280K(22784K) Class: 3277K(3712K)->3277K(3712K)
[332.199s][info][gc             ] GC(178) Pause Full (System.gc()) 1095M->7M(4096M) 13.707ms
[332.199s][info][gc,cpu         ] GC(178) User=0.00s Sys=0.00s Real=0.00s
[334.025s][info][gc,start       ] GC(179) Pause Young (Normal) (G1 Evacuation Pause)
[334.025s][info][gc,task        ] GC(179) Using 6 workers of 6 for evacuation
[334.027s][info][gc,phases      ] GC(179)   Pre Evacuate Collection Set: 0.0ms
[334.027s][info][gc,phases      ] GC(179)   Evacuate Collection Set: 0.5ms
[334.027s][info][gc,phases      ] GC(179)   Post Evacuate Collection Set: 0.8ms
[334.027s][info][gc,phases      ] GC(179)   Other: 0.2ms
[334.027s][info][gc,heap        ] GC(179) Eden regions: 1228->0(1225)
[334.027s][info][gc,heap        ] GC(179) Survivor regions: 0->3(154)
[334.027s][info][gc,heap        ] GC(179) Old regions: 6->6
[334.027s][info][gc,heap        ] GC(179) Humongous regions: 1->1
[334.027s][info][gc,metaspace   ] GC(179) Metaspace: 25557K(26496K)->25557K(26496K) NonClass: 22280K(22784K)->22280K(22784K) Class: 3277K(3712K)->3277K(3712K)
[334.027s][info][gc             ] GC(179) Pause Young (Normal) (G1 Evacuation Pause) 2463M->13M(4096M) 1.651ms
[334.027s][info][gc,cpu         ] GC(179) User=0.00s Sys=0.00s Real=0.00s
[340.638s][info][gc,start       ] GC(180) Pause Young (Normal) (G1 Evacuation Pause)
[340.638s][info][gc,task        ] GC(180) Using 6 workers of 6 for evacuation
[340.860s][info][gc,mmu         ] GC(180) MMU target violated: 201.0ms (200.0ms/201.0ms)
[340.860s][info][gc,phases      ] GC(180)   Pre Evacuate Collection Set: 0.1ms
[340.860s][info][gc,phases      ] GC(180)   Evacuate Collection Set: 220.4ms
[340.860s][info][gc,phases      ] GC(180)   Post Evacuate Collection Set: 1.1ms
[340.860s][info][gc,phases      ] GC(180)   Other: 0.5ms
[340.860s][info][gc,heap        ] GC(180) Eden regions: 1225->0(1074)
[340.860s][info][gc,heap        ] GC(180) Survivor regions: 3->154(154)
[340.860s][info][gc,heap        ] GC(180) Old regions: 6->60
[340.860s][info][gc,heap        ] GC(180) Humongous regions: 3->3
[340.860s][info][gc,metaspace   ] GC(180) Metaspace: 25557K(26496K)->25557K(26496K) NonClass: 22280K(22784K)->22280K(22784K) Class: 3277K(3712K)->3277K(3712K)
[340.860s][info][gc             ] GC(180) Pause Young (Normal) (G1 Evacuation Pause) 2467M->426M(4096M) 222.144ms
[340.860s][info][gc,cpu         ] GC(180) User=1.39s Sys=0.00s Real=0.22s
[342.792s][info][gc,task        ] GC(181) Using 6 workers of 6 for full compaction
[342.792s][info][gc,start       ] GC(181) Pause Full (System.gc())
[342.792s][info][gc,phases,start] GC(181) Phase 1: Mark live objects
[342.795s][info][gc,stringtable ] GC(181) Cleaned string and symbol table, strings: 6931 processed, 0 removed, symbols: 66765 processed, 0 removed
[342.795s][info][gc,phases      ] GC(181) Phase 1: Mark live objects 3.059ms
[342.795s][info][gc,phases,start] GC(181) Phase 2: Prepare for compaction
[342.798s][info][gc,phases      ] GC(181) Phase 2: Prepare for compaction 3.180ms
[342.798s][info][gc,phases,start] GC(181) Phase 3: Adjust pointers
[342.801s][info][gc,phases      ] GC(181) Phase 3: Adjust pointers 2.937ms
[342.801s][info][gc,phases,start] GC(181) Phase 4: Compact heap
[342.803s][info][gc,phases      ] GC(181) Phase 4: Compact heap 1.573ms
[342.806s][info][gc,heap        ] GC(181) Eden regions: 327->0(1228)
[342.806s][info][gc,heap        ] GC(181) Survivor regions: 154->0(154)
[342.806s][info][gc,heap        ] GC(181) Old regions: 60->5
[342.806s][info][gc,heap        ] GC(181) Humongous regions: 5->1
[342.806s][info][gc,metaspace   ] GC(181) Metaspace: 25557K(26496K)->25557K(26496K) NonClass: 22280K(22784K)->22280K(22784K) Class: 3277K(3712K)->3277K(3712K)
[342.806s][info][gc             ] GC(181) Pause Full (System.gc()) 1083M->7M(4096M) 14.109ms
[342.806s][info][gc,cpu         ] GC(181) User=0.02s Sys=0.00s Real=0.02s
[344.600s][info][gc,start       ] GC(182) Pause Young (Normal) (G1 Evacuation Pause)
[344.600s][info][gc,task        ] GC(182) Using 6 workers of 6 for evacuation
[344.602s][info][gc,phases      ] GC(182)   Pre Evacuate Collection Set: 0.1ms
[344.602s][info][gc,phases      ] GC(182)   Evacuate Collection Set: 0.7ms
[344.602s][info][gc,phases      ] GC(182)   Post Evacuate Collection Set: 1.0ms
[344.602s][info][gc,phases      ] GC(182)   Other: 0.3ms
[344.602s][info][gc,heap        ] GC(182) Eden regions: 1228->0(1225)
[344.602s][info][gc,heap        ] GC(182) Survivor regions: 0->3(154)
[344.602s][info][gc,heap        ] GC(182) Old regions: 5->5
[344.602s][info][gc,heap        ] GC(182) Humongous regions: 1->1
[344.602s][info][gc,metaspace   ] GC(182) Metaspace: 25557K(26496K)->25557K(26496K) NonClass: 22280K(22784K)->22280K(22784K) Class: 3277K(3712K)->3277K(3712K)
[344.602s][info][gc             ] GC(182) Pause Young (Normal) (G1 Evacuation Pause) 2463M->13M(4096M) 2.083ms
[344.602s][info][gc,cpu         ] GC(182) User=0.00s Sys=0.00s Real=0.02s
[351.200s][info][gc,start       ] GC(183) Pause Young (Normal) (G1 Evacuation Pause)
[351.200s][info][gc,task        ] GC(183) Using 6 workers of 6 for evacuation
[351.423s][info][gc,mmu         ] GC(183) MMU target violated: 201.0ms (200.0ms/201.0ms)
[351.423s][info][gc,phases      ] GC(183)   Pre Evacuate Collection Set: 0.0ms
[351.423s][info][gc,phases      ] GC(183)   Evacuate Collection Set: 221.9ms
[351.423s][info][gc,phases      ] GC(183)   Post Evacuate Collection Set: 1.2ms
[351.423s][info][gc,phases      ] GC(183)   Other: 0.5ms
[351.423s][info][gc,heap        ] GC(183) Eden regions: 1225->0(1074)
[351.423s][info][gc,heap        ] GC(183) Survivor regions: 3->154(154)
[351.423s][info][gc,heap        ] GC(183) Old regions: 5->61
[351.423s][info][gc,heap        ] GC(183) Humongous regions: 3->3
[351.423s][info][gc,metaspace   ] GC(183) Metaspace: 25557K(26496K)->25557K(26496K) NonClass: 22280K(22784K)->22280K(22784K) Class: 3277K(3712K)->3277K(3712K)
[351.423s][info][gc             ] GC(183) Pause Young (Normal) (G1 Evacuation Pause) 2467M->431M(4096M) 223.702ms
[351.423s][info][gc,cpu         ] GC(183) User=1.31s Sys=0.00s Real=0.22s
[353.367s][info][gc,task        ] GC(184) Using 6 workers of 6 for full compaction
[353.367s][info][gc,start       ] GC(184) Pause Full (System.gc())
[353.367s][info][gc,phases,start] GC(184) Phase 1: Mark live objects
[353.370s][info][gc,stringtable ] GC(184) Cleaned string and symbol table, strings: 6931 processed, 0 removed, symbols: 66765 processed, 0 removed
[353.371s][info][gc,phases      ] GC(184) Phase 1: Mark live objects 3.138ms
[353.371s][info][gc,phases,start] GC(184) Phase 2: Prepare for compaction
[353.374s][info][gc,phases      ] GC(184) Phase 2: Prepare for compaction 3.325ms
[353.374s][info][gc,phases,start] GC(184) Phase 3: Adjust pointers
[353.377s][info][gc,phases      ] GC(184) Phase 3: Adjust pointers 2.910ms
[353.377s][info][gc,phases,start] GC(184) Phase 4: Compact heap
[353.379s][info][gc,phases      ] GC(184) Phase 4: Compact heap 1.618ms
[353.382s][info][gc,heap        ] GC(184) Eden regions: 323->0(1228)
[353.382s][info][gc,heap        ] GC(184) Survivor regions: 154->0(154)
[353.382s][info][gc,heap        ] GC(184) Old regions: 61->6
[353.382s][info][gc,heap        ] GC(184) Humongous regions: 5->1
[353.382s][info][gc,metaspace   ] GC(184) Metaspace: 25558K(26496K)->25558K(26496K) NonClass: 22281K(22784K)->22281K(22784K) Class: 3277K(3712K)->3277K(3712K)
[353.382s][info][gc             ] GC(184) Pause Full (System.gc()) 1081M->7M(4096M) 14.451ms
[353.382s][info][gc,cpu         ] GC(184) User=0.02s Sys=0.00s Real=0.02s
[355.239s][info][gc,start       ] GC(185) Pause Young (Normal) (G1 Evacuation Pause)
[355.239s][info][gc,task        ] GC(185) Using 6 workers of 6 for evacuation
[355.241s][info][gc,phases      ] GC(185)   Pre Evacuate Collection Set: 0.0ms
[355.241s][info][gc,phases      ] GC(185)   Evacuate Collection Set: 0.7ms
[355.241s][info][gc,phases      ] GC(185)   Post Evacuate Collection Set: 0.8ms
[355.241s][info][gc,phases      ] GC(185)   Other: 0.2ms
[355.241s][info][gc,heap        ] GC(185) Eden regions: 1228->0(1225)
[355.241s][info][gc,heap        ] GC(185) Survivor regions: 0->3(154)
[355.241s][info][gc,heap        ] GC(185) Old regions: 6->6
[355.241s][info][gc,heap        ] GC(185) Humongous regions: 1->1
[355.241s][info][gc,metaspace   ] GC(185) Metaspace: 25558K(26496K)->25558K(26496K) NonClass: 22281K(22784K)->22281K(22784K) Class: 3277K(3712K)->3277K(3712K)
[355.241s][info][gc             ] GC(185) Pause Young (Normal) (G1 Evacuation Pause) 2463M->13M(4096M) 1.931ms
[355.241s][info][gc,cpu         ] GC(185) User=0.00s Sys=0.00s Real=0.00s
[361.876s][info][gc,start       ] GC(186) Pause Young (Normal) (G1 Evacuation Pause)
[361.876s][info][gc,task        ] GC(186) Using 6 workers of 6 for evacuation
[362.086s][info][gc,mmu         ] GC(186) MMU target violated: 201.0ms (200.0ms/201.0ms)
[362.087s][info][gc,phases      ] GC(186)   Pre Evacuate Collection Set: 0.0ms
[362.087s][info][gc,phases      ] GC(186)   Evacuate Collection Set: 209.3ms
[362.087s][info][gc,phases      ] GC(186)   Post Evacuate Collection Set: 1.2ms
[362.087s][info][gc,phases      ] GC(186)   Other: 0.4ms
[362.087s][info][gc,heap        ] GC(186) Eden regions: 1225->0(1074)
[362.087s][info][gc,heap        ] GC(186) Survivor regions: 3->154(154)
[362.087s][info][gc,heap        ] GC(186) Old regions: 6->57
[362.087s][info][gc,heap        ] GC(186) Humongous regions: 1->1
[362.087s][info][gc,metaspace   ] GC(186) Metaspace: 25558K(26496K)->25558K(26496K) NonClass: 22281K(22784K)->22281K(22784K) Class: 3277K(3712K)->3277K(3712K)
[362.087s][info][gc             ] GC(186) Pause Young (Normal) (G1 Evacuation Pause) 2463M->416M(4096M) 210.963ms
[362.087s][info][gc,cpu         ] GC(186) User=1.22s Sys=0.00s Real=0.20s
[364.205s][info][gc,task        ] GC(187) Using 6 workers of 6 for full compaction
[364.206s][info][gc,start       ] GC(187) Pause Full (System.gc())
[364.206s][info][gc,phases,start] GC(187) Phase 1: Mark live objects
[364.209s][info][gc,stringtable ] GC(187) Cleaned string and symbol table, strings: 6931 processed, 0 removed, symbols: 66765 processed, 0 removed
[364.209s][info][gc,phases      ] GC(187) Phase 1: Mark live objects 3.101ms
[364.209s][info][gc,phases,start] GC(187) Phase 2: Prepare for compaction
[364.212s][info][gc,phases      ] GC(187) Phase 2: Prepare for compaction 3.129ms
[364.212s][info][gc,phases,start] GC(187) Phase 3: Adjust pointers
[364.215s][info][gc,phases      ] GC(187) Phase 3: Adjust pointers 3.112ms
[364.215s][info][gc,phases,start] GC(187) Phase 4: Compact heap
[364.217s][info][gc,phases      ] GC(187) Phase 4: Compact heap 1.828ms
[364.220s][info][gc,heap        ] GC(187) Eden regions: 334->0(1228)
[364.220s][info][gc,heap        ] GC(187) Survivor regions: 154->0(154)
[364.220s][info][gc,heap        ] GC(187) Old regions: 57->5
[364.220s][info][gc,heap        ] GC(187) Humongous regions: 5->1
[364.220s][info][gc,metaspace   ] GC(187) Metaspace: 25558K(26496K)->25558K(26496K) NonClass: 22281K(22784K)->22281K(22784K) Class: 3277K(3712K)->3277K(3712K)
[364.220s][info][gc             ] GC(187) Pause Full (System.gc()) 1091M->7M(4096M) 14.616ms
[364.220s][info][gc,cpu         ] GC(187) User=0.02s Sys=0.00s Real=0.02s
[366.007s][info][gc,start       ] GC(188) Pause Young (Normal) (G1 Evacuation Pause)
[366.007s][info][gc,task        ] GC(188) Using 6 workers of 6 for evacuation
[366.009s][info][gc,phases      ] GC(188)   Pre Evacuate Collection Set: 0.1ms
[366.009s][info][gc,phases      ] GC(188)   Evacuate Collection Set: 0.8ms
[366.009s][info][gc,phases      ] GC(188)   Post Evacuate Collection Set: 1.1ms
[366.009s][info][gc,phases      ] GC(188)   Other: 0.3ms
[366.009s][info][gc,heap        ] GC(188) Eden regions: 1228->0(1225)
[366.009s][info][gc,heap        ] GC(188) Survivor regions: 0->3(154)
[366.009s][info][gc,heap        ] GC(188) Old regions: 5->5
[366.009s][info][gc,heap        ] GC(188) Humongous regions: 1->1
[366.009s][info][gc,metaspace   ] GC(188) Metaspace: 25558K(26496K)->25558K(26496K) NonClass: 22281K(22784K)->22281K(22784K) Class: 3277K(3712K)->3277K(3712K)
[366.009s][info][gc             ] GC(188) Pause Young (Normal) (G1 Evacuation Pause) 2463M->13M(4096M) 2.344ms
[366.009s][info][gc,cpu         ] GC(188) User=0.00s Sys=0.00s Real=0.00s
[372.462s][info][gc,start       ] GC(189) Pause Young (Normal) (G1 Evacuation Pause)
[372.462s][info][gc,task        ] GC(189) Using 6 workers of 6 for evacuation
[372.667s][info][gc,mmu         ] GC(189) MMU target violated: 201.0ms (200.0ms/201.0ms)
[372.668s][info][gc,phases      ] GC(189)   Pre Evacuate Collection Set: 0.0ms
[372.668s][info][gc,phases      ] GC(189)   Evacuate Collection Set: 204.1ms
[372.668s][info][gc,phases      ] GC(189)   Post Evacuate Collection Set: 1.1ms
[372.668s][info][gc,phases      ] GC(189)   Other: 0.5ms
[372.668s][info][gc,heap        ] GC(189) Eden regions: 1225->0(1074)
[372.668s][info][gc,heap        ] GC(189) Survivor regions: 3->154(154)
[372.668s][info][gc,heap        ] GC(189) Old regions: 5->52
[372.668s][info][gc,heap        ] GC(189) Humongous regions: 1->1
[372.668s][info][gc,metaspace   ] GC(189) Metaspace: 25558K(26496K)->25558K(26496K) NonClass: 22281K(22784K)->22281K(22784K) Class: 3277K(3712K)->3277K(3712K)
[372.668s][info][gc             ] GC(189) Pause Young (Normal) (G1 Evacuation Pause) 2463M->409M(4096M) 205.816ms
[372.668s][info][gc,cpu         ] GC(189) User=1.22s Sys=0.00s Real=0.20s
[374.798s][info][gc,task        ] GC(190) Using 6 workers of 6 for full compaction
[374.798s][info][gc,start       ] GC(190) Pause Full (System.gc())
[374.798s][info][gc,phases,start] GC(190) Phase 1: Mark live objects
[374.801s][info][gc,stringtable ] GC(190) Cleaned string and symbol table, strings: 6931 processed, 0 removed, symbols: 66765 processed, 0 removed
[374.801s][info][gc,phases      ] GC(190) Phase 1: Mark live objects 3.211ms
[374.801s][info][gc,phases,start] GC(190) Phase 2: Prepare for compaction
[374.804s][info][gc,phases      ] GC(190) Phase 2: Prepare for compaction 3.331ms
[374.804s][info][gc,phases,start] GC(190) Phase 3: Adjust pointers
[374.807s][info][gc,phases      ] GC(190) Phase 3: Adjust pointers 2.853ms
[374.807s][info][gc,phases,start] GC(190) Phase 4: Compact heap
[374.809s][info][gc,phases      ] GC(190) Phase 4: Compact heap 1.766ms
[374.812s][info][gc,heap        ] GC(190) Eden regions: 342->0(1228)
[374.812s][info][gc,heap        ] GC(190) Survivor regions: 154->0(154)
[374.812s][info][gc,heap        ] GC(190) Old regions: 52->6
[374.812s][info][gc,heap        ] GC(190) Humongous regions: 5->1
[374.812s][info][gc,metaspace   ] GC(190) Metaspace: 25558K(26496K)->25558K(26496K) NonClass: 22281K(22784K)->22281K(22784K) Class: 3277K(3712K)->3277K(3712K)
[374.812s][info][gc             ] GC(190) Pause Full (System.gc()) 1101M->7M(4096M) 14.464ms
[374.812s][info][gc,cpu         ] GC(190) User=0.02s Sys=0.00s Real=0.02s
[376.590s][info][gc,start       ] GC(191) Pause Young (Normal) (G1 Evacuation Pause)
[376.590s][info][gc,task        ] GC(191) Using 6 workers of 6 for evacuation
[376.592s][info][gc,phases      ] GC(191)   Pre Evacuate Collection Set: 0.0ms
[376.592s][info][gc,phases      ] GC(191)   Evacuate Collection Set: 0.5ms
[376.592s][info][gc,phases      ] GC(191)   Post Evacuate Collection Set: 1.0ms
[376.592s][info][gc,phases      ] GC(191)   Other: 0.2ms
[376.592s][info][gc,heap        ] GC(191) Eden regions: 1228->0(1225)
[376.592s][info][gc,heap        ] GC(191) Survivor regions: 0->3(154)
[376.592s][info][gc,heap        ] GC(191) Old regions: 6->6
[376.592s][info][gc,heap        ] GC(191) Humongous regions: 1->1
[376.592s][info][gc,metaspace   ] GC(191) Metaspace: 25558K(26496K)->25558K(26496K) NonClass: 22281K(22784K)->22281K(22784K) Class: 3277K(3712K)->3277K(3712K)
[376.592s][info][gc             ] GC(191) Pause Young (Normal) (G1 Evacuation Pause) 2463M->13M(4096M) 1.876ms
[376.592s][info][gc,cpu         ] GC(191) User=0.00s Sys=0.00s Real=0.01s
[383.212s][info][gc,start       ] GC(192) Pause Young (Normal) (G1 Evacuation Pause)
[383.212s][info][gc,task        ] GC(192) Using 6 workers of 6 for evacuation
[383.431s][info][gc,mmu         ] GC(192) MMU target violated: 201.0ms (200.0ms/201.0ms)
[383.431s][info][gc,phases      ] GC(192)   Pre Evacuate Collection Set: 0.0ms
[383.431s][info][gc,phases      ] GC(192)   Evacuate Collection Set: 217.4ms
[383.431s][info][gc,phases      ] GC(192)   Post Evacuate Collection Set: 1.1ms
[383.431s][info][gc,phases      ] GC(192)   Other: 0.5ms
[383.431s][info][gc,heap        ] GC(192) Eden regions: 1225->0(1074)
[383.431s][info][gc,heap        ] GC(192) Survivor regions: 3->154(154)
[383.431s][info][gc,heap        ] GC(192) Old regions: 6->58
[383.431s][info][gc,heap        ] GC(192) Humongous regions: 3->3
[383.431s][info][gc,metaspace   ] GC(192) Metaspace: 25558K(26496K)->25558K(26496K) NonClass: 22281K(22784K)->22281K(22784K) Class: 3277K(3712K)->3277K(3712K)
[383.431s][info][gc             ] GC(192) Pause Young (Normal) (G1 Evacuation Pause) 2467M->423M(4096M) 219.122ms
[383.431s][info][gc,cpu         ] GC(192) User=1.19s Sys=0.00s Real=0.22s
[385.356s][info][gc,task        ] GC(193) Using 6 workers of 6 for full compaction
[385.356s][info][gc,start       ] GC(193) Pause Full (System.gc())
[385.356s][info][gc,phases,start] GC(193) Phase 1: Mark live objects
[385.359s][info][gc,stringtable ] GC(193) Cleaned string and symbol table, strings: 6931 processed, 0 removed, symbols: 66765 processed, 0 removed
[385.359s][info][gc,phases      ] GC(193) Phase 1: Mark live objects 2.888ms
[385.359s][info][gc,phases,start] GC(193) Phase 2: Prepare for compaction
[385.362s][info][gc,phases      ] GC(193) Phase 2: Prepare for compaction 3.162ms
[385.363s][info][gc,phases,start] GC(193) Phase 3: Adjust pointers
[385.366s][info][gc,phases      ] GC(193) Phase 3: Adjust pointers 3.274ms
[385.366s][info][gc,phases,start] GC(193) Phase 4: Compact heap
[385.368s][info][gc,phases      ] GC(193) Phase 4: Compact heap 1.666ms
[385.370s][info][gc,heap        ] GC(193) Eden regions: 329->0(1228)
[385.370s][info][gc,heap        ] GC(193) Survivor regions: 154->0(154)
[385.370s][info][gc,heap        ] GC(193) Old regions: 58->6
[385.370s][info][gc,heap        ] GC(193) Humongous regions: 5->1
[385.370s][info][gc,metaspace   ] GC(193) Metaspace: 25558K(26496K)->25558K(26496K) NonClass: 22281K(22784K)->22281K(22784K) Class: 3277K(3712K)->3277K(3712K)
[385.370s][info][gc             ] GC(193) Pause Full (System.gc()) 1085M->7M(4096M) 14.227ms
[385.371s][info][gc,cpu         ] GC(193) User=0.02s Sys=0.00s Real=0.02s
[387.182s][info][gc,start       ] GC(194) Pause Young (Normal) (G1 Evacuation Pause)
[387.182s][info][gc,task        ] GC(194) Using 6 workers of 6 for evacuation
[387.184s][info][gc,phases      ] GC(194)   Pre Evacuate Collection Set: 0.0ms
[387.184s][info][gc,phases      ] GC(194)   Evacuate Collection Set: 0.6ms
[387.184s][info][gc,phases      ] GC(194)   Post Evacuate Collection Set: 0.9ms
[387.184s][info][gc,phases      ] GC(194)   Other: 0.2ms
[387.184s][info][gc,heap        ] GC(194) Eden regions: 1228->0(1225)
[387.184s][info][gc,heap        ] GC(194) Survivor regions: 0->3(154)
[387.184s][info][gc,heap        ] GC(194) Old regions: 6->6
[387.184s][info][gc,heap        ] GC(194) Humongous regions: 1->1
[387.184s][info][gc,metaspace   ] GC(194) Metaspace: 25560K(26496K)->25560K(26496K) NonClass: 22283K(22784K)->22283K(22784K) Class: 3277K(3712K)->3277K(3712K)
[387.184s][info][gc             ] GC(194) Pause Young (Normal) (G1 Evacuation Pause) 2463M->13M(4096M) 1.844ms
[387.184s][info][gc,cpu         ] GC(194) User=0.02s Sys=0.00s Real=0.02s
[393.683s][info][gc,start       ] GC(195) Pause Young (Normal) (G1 Evacuation Pause)
[393.683s][info][gc,task        ] GC(195) Using 6 workers of 6 for evacuation
[393.895s][info][gc,mmu         ] GC(195) MMU target violated: 201.0ms (200.0ms/201.0ms)
[393.895s][info][gc,phases      ] GC(195)   Pre Evacuate Collection Set: 0.1ms
[393.895s][info][gc,phases      ] GC(195)   Evacuate Collection Set: 209.9ms
[393.895s][info][gc,phases      ] GC(195)   Post Evacuate Collection Set: 1.2ms
[393.895s][info][gc,phases      ] GC(195)   Other: 0.6ms
[393.895s][info][gc,heap        ] GC(195) Eden regions: 1225->0(1074)
[393.895s][info][gc,heap        ] GC(195) Survivor regions: 3->154(154)
[393.895s][info][gc,heap        ] GC(195) Old regions: 6->56
[393.895s][info][gc,heap        ] GC(195) Humongous regions: 1->1
[393.895s][info][gc,metaspace   ] GC(195) Metaspace: 25560K(26496K)->25560K(26496K) NonClass: 22283K(22784K)->22283K(22784K) Class: 3277K(3712K)->3277K(3712K)
[393.895s][info][gc             ] GC(195) Pause Young (Normal) (G1 Evacuation Pause) 2463M->413M(4096M) 211.791ms
[393.895s][info][gc,cpu         ] GC(195) User=1.22s Sys=0.00s Real=0.20s
[396.068s][info][gc,task        ] GC(196) Using 6 workers of 6 for full compaction
[396.068s][info][gc,start       ] GC(196) Pause Full (System.gc())
[396.069s][info][gc,phases,start] GC(196) Phase 1: Mark live objects
[396.072s][info][gc,stringtable ] GC(196) Cleaned string and symbol table, strings: 6931 processed, 0 removed, symbols: 66765 processed, 0 removed
[396.072s][info][gc,phases      ] GC(196) Phase 1: Mark live objects 3.126ms
[396.072s][info][gc,phases,start] GC(196) Phase 2: Prepare for compaction
[396.075s][info][gc,phases      ] GC(196) Phase 2: Prepare for compaction 2.912ms
[396.075s][info][gc,phases,start] GC(196) Phase 3: Adjust pointers
[396.078s][info][gc,phases      ] GC(196) Phase 3: Adjust pointers 2.918ms
[396.078s][info][gc,phases,start] GC(196) Phase 4: Compact heap
[396.079s][info][gc,phases      ] GC(196) Phase 4: Compact heap 1.676ms
[396.082s][info][gc,heap        ] GC(196) Eden regions: 338->0(1228)
[396.082s][info][gc,heap        ] GC(196) Survivor regions: 154->0(154)
[396.082s][info][gc,heap        ] GC(196) Old regions: 56->6
[396.082s][info][gc,heap        ] GC(196) Humongous regions: 5->1
[396.082s][info][gc,metaspace   ] GC(196) Metaspace: 25560K(26496K)->25560K(26496K) NonClass: 22283K(22784K)->22283K(22784K) Class: 3277K(3712K)->3277K(3712K)
[396.082s][info][gc             ] GC(196) Pause Full (System.gc()) 1097M->7M(4096M) 13.939ms
[396.082s][info][gc,cpu         ] GC(196) User=0.02s Sys=0.00s Real=0.02s
[398.132s][info][gc,start       ] GC(197) Pause Young (Normal) (G1 Evacuation Pause)
[398.132s][info][gc,task        ] GC(197) Using 6 workers of 6 for evacuation
[398.134s][info][gc,phases      ] GC(197)   Pre Evacuate Collection Set: 0.0ms
[398.134s][info][gc,phases      ] GC(197)   Evacuate Collection Set: 0.4ms
[398.134s][info][gc,phases      ] GC(197)   Post Evacuate Collection Set: 0.8ms
[398.134s][info][gc,phases      ] GC(197)   Other: 0.2ms
[398.134s][info][gc,heap        ] GC(197) Eden regions: 1228->0(1225)
[398.134s][info][gc,heap        ] GC(197) Survivor regions: 0->3(154)
[398.134s][info][gc,heap        ] GC(197) Old regions: 6->6
[398.134s][info][gc,heap        ] GC(197) Humongous regions: 1->1
[398.134s][info][gc,metaspace   ] GC(197) Metaspace: 25561K(26496K)->25561K(26496K) NonClass: 22284K(22784K)->22284K(22784K) Class: 3277K(3712K)->3277K(3712K)
[398.134s][info][gc             ] GC(197) Pause Young (Normal) (G1 Evacuation Pause) 2463M->13M(4096M) 1.624ms
[398.134s][info][gc,cpu         ] GC(197) User=0.00s Sys=0.00s Real=0.00s
[404.765s][info][gc,start       ] GC(198) Pause Young (Normal) (G1 Evacuation Pause)
[404.765s][info][gc,task        ] GC(198) Using 6 workers of 6 for evacuation
[404.979s][info][gc,mmu         ] GC(198) MMU target violated: 201.0ms (200.0ms/201.0ms)
[404.979s][info][gc,phases      ] GC(198)   Pre Evacuate Collection Set: 0.1ms
[404.979s][info][gc,phases      ] GC(198)   Evacuate Collection Set: 212.2ms
[404.979s][info][gc,phases      ] GC(198)   Post Evacuate Collection Set: 1.2ms
[404.979s][info][gc,phases      ] GC(198)   Other: 0.5ms
[404.979s][info][gc,heap        ] GC(198) Eden regions: 1225->0(1074)
[404.979s][info][gc,heap        ] GC(198) Survivor regions: 3->154(154)
[404.979s][info][gc,heap        ] GC(198) Old regions: 6->55
[404.979s][info][gc,heap        ] GC(198) Humongous regions: 1->1
[404.979s][info][gc,metaspace   ] GC(198) Metaspace: 25561K(26496K)->25561K(26496K) NonClass: 22284K(22784K)->22284K(22784K) Class: 3277K(3712K)->3277K(3712K)
[404.979s][info][gc             ] GC(198) Pause Young (Normal) (G1 Evacuation Pause) 2463M->413M(4096M) 214.021ms
[404.979s][info][gc,cpu         ] GC(198) User=1.17s Sys=0.00s Real=0.20s
[407.111s][info][gc,task        ] GC(199) Using 6 workers of 6 for full compaction
[407.112s][info][gc,start       ] GC(199) Pause Full (System.gc())
[407.112s][info][gc,phases,start] GC(199) Phase 1: Mark live objects
[407.115s][info][gc,stringtable ] GC(199) Cleaned string and symbol table, strings: 6931 processed, 0 removed, symbols: 66765 processed, 0 removed
[407.115s][info][gc,phases      ] GC(199) Phase 1: Mark live objects 3.140ms
[407.115s][info][gc,phases,start] GC(199) Phase 2: Prepare for compaction
[407.118s][info][gc,phases      ] GC(199) Phase 2: Prepare for compaction 3.072ms
[407.118s][info][gc,phases,start] GC(199) Phase 3: Adjust pointers
[407.121s][info][gc,phases      ] GC(199) Phase 3: Adjust pointers 2.891ms
[407.121s][info][gc,phases,start] GC(199) Phase 4: Compact heap
[407.123s][info][gc,phases      ] GC(199) Phase 4: Compact heap 1.720ms
[407.126s][info][gc,heap        ] GC(199) Eden regions: 339->0(1228)
[407.126s][info][gc,heap        ] GC(199) Survivor regions: 154->0(154)
[407.126s][info][gc,heap        ] GC(199) Old regions: 55->6
[407.126s][info][gc,heap        ] GC(199) Humongous regions: 5->1
[407.126s][info][gc,metaspace   ] GC(199) Metaspace: 25561K(26496K)->25561K(26496K) NonClass: 22284K(22784K)->22284K(22784K) Class: 3277K(3712K)->3277K(3712K)
[407.126s][info][gc             ] GC(199) Pause Full (System.gc()) 1098M->7M(4096M) 14.155ms
[407.126s][info][gc,cpu         ] GC(199) User=0.02s Sys=0.00s Real=0.02s
[408.926s][info][gc,start       ] GC(200) Pause Young (Normal) (G1 Evacuation Pause)
[408.927s][info][gc,task        ] GC(200) Using 6 workers of 6 for evacuation
[408.928s][info][gc,phases      ] GC(200)   Pre Evacuate Collection Set: 0.0ms
[408.928s][info][gc,phases      ] GC(200)   Evacuate Collection Set: 0.5ms
[408.928s][info][gc,phases      ] GC(200)   Post Evacuate Collection Set: 0.8ms
[408.928s][info][gc,phases      ] GC(200)   Other: 0.3ms
[408.928s][info][gc,heap        ] GC(200) Eden regions: 1228->0(1225)
[408.928s][info][gc,heap        ] GC(200) Survivor regions: 0->3(154)
[408.928s][info][gc,heap        ] GC(200) Old regions: 6->6
[408.928s][info][gc,heap        ] GC(200) Humongous regions: 1->1
[408.928s][info][gc,metaspace   ] GC(200) Metaspace: 25563K(26496K)->25563K(26496K) NonClass: 22286K(22784K)->22286K(22784K) Class: 3277K(3712K)->3277K(3712K)
[408.928s][info][gc             ] GC(200) Pause Young (Normal) (G1 Evacuation Pause) 2463M->13M(4096M) 1.734ms
[408.928s][info][gc,cpu         ] GC(200) User=0.00s Sys=0.00s Real=0.00s
[415.890s][info][gc,start       ] GC(201) Pause Young (Normal) (G1 Evacuation Pause)
[415.890s][info][gc,task        ] GC(201) Using 6 workers of 6 for evacuation
[416.104s][info][gc,mmu         ] GC(201) MMU target violated: 201.0ms (200.0ms/201.0ms)
[416.104s][info][gc,phases      ] GC(201)   Pre Evacuate Collection Set: 0.0ms
[416.104s][info][gc,phases      ] GC(201)   Evacuate Collection Set: 211.8ms
[416.104s][info][gc,phases      ] GC(201)   Post Evacuate Collection Set: 1.2ms
[416.104s][info][gc,phases      ] GC(201)   Other: 0.5ms
[416.104s][info][gc,heap        ] GC(201) Eden regions: 1225->0(1074)
[416.104s][info][gc,heap        ] GC(201) Survivor regions: 3->154(154)
[416.104s][info][gc,heap        ] GC(201) Old regions: 6->55
[416.104s][info][gc,heap        ] GC(201) Humongous regions: 1->1
[416.104s][info][gc,metaspace   ] GC(201) Metaspace: 25563K(26496K)->25563K(26496K) NonClass: 22286K(22784K)->22286K(22784K) Class: 3277K(3712K)->3277K(3712K)
[416.104s][info][gc             ] GC(201) Pause Young (Normal) (G1 Evacuation Pause) 2463M->413M(4096M) 213.534ms
[416.104s][info][gc,cpu         ] GC(201) User=1.25s Sys=0.00s Real=0.22s
[418.209s][info][gc,task        ] GC(202) Using 6 workers of 6 for full compaction
[418.210s][info][gc,start       ] GC(202) Pause Full (System.gc())
[418.210s][info][gc,phases,start] GC(202) Phase 1: Mark live objects
[418.213s][info][gc,stringtable ] GC(202) Cleaned string and symbol table, strings: 6931 processed, 0 removed, symbols: 66765 processed, 0 removed
[418.213s][info][gc,phases      ] GC(202) Phase 1: Mark live objects 3.118ms
[418.213s][info][gc,phases,start] GC(202) Phase 2: Prepare for compaction
[418.216s][info][gc,phases      ] GC(202) Phase 2: Prepare for compaction 3.027ms
[418.216s][info][gc,phases,start] GC(202) Phase 3: Adjust pointers
[418.219s][info][gc,phases      ] GC(202) Phase 3: Adjust pointers 2.968ms
[418.219s][info][gc,phases,start] GC(202) Phase 4: Compact heap
[418.221s][info][gc,phases      ] GC(202) Phase 4: Compact heap 1.816ms
[418.224s][info][gc,heap        ] GC(202) Eden regions: 338->0(1228)
[418.224s][info][gc,heap        ] GC(202) Survivor regions: 154->0(154)
[418.224s][info][gc,heap        ] GC(202) Old regions: 55->6
[418.224s][info][gc,heap        ] GC(202) Humongous regions: 5->1
[418.224s][info][gc,metaspace   ] GC(202) Metaspace: 25563K(26496K)->25563K(26496K) NonClass: 22286K(22784K)->22286K(22784K) Class: 3277K(3712K)->3277K(3712K)
[418.224s][info][gc             ] GC(202) Pause Full (System.gc()) 1097M->7M(4096M) 14.296ms
[418.224s][info][gc,cpu         ] GC(202) User=0.02s Sys=0.00s Real=0.02s
[420.044s][info][gc,start       ] GC(203) Pause Young (Normal) (G1 Evacuation Pause)
[420.044s][info][gc,task        ] GC(203) Using 6 workers of 6 for evacuation
[420.045s][info][gc,phases      ] GC(203)   Pre Evacuate Collection Set: 0.0ms
[420.045s][info][gc,phases      ] GC(203)   Evacuate Collection Set: 0.4ms
[420.045s][info][gc,phases      ] GC(203)   Post Evacuate Collection Set: 1.0ms
[420.045s][info][gc,phases      ] GC(203)   Other: 0.2ms
[420.045s][info][gc,heap        ] GC(203) Eden regions: 1228->0(1225)
[420.045s][info][gc,heap        ] GC(203) Survivor regions: 0->3(154)
[420.045s][info][gc,heap        ] GC(203) Old regions: 6->6
[420.045s][info][gc,heap        ] GC(203) Humongous regions: 1->1
[420.045s][info][gc,metaspace   ] GC(203) Metaspace: 25564K(26496K)->25564K(26496K) NonClass: 22287K(22784K)->22287K(22784K) Class: 3277K(3712K)->3277K(3712K)
[420.045s][info][gc             ] GC(203) Pause Young (Normal) (G1 Evacuation Pause) 2463M->13M(4096M) 1.798ms
[420.045s][info][gc,cpu         ] GC(203) User=0.00s Sys=0.00s Real=0.00s
[426.651s][info][gc,start       ] GC(204) Pause Young (Normal) (G1 Evacuation Pause)
[426.651s][info][gc,task        ] GC(204) Using 6 workers of 6 for evacuation
[426.876s][info][gc,mmu         ] GC(204) MMU target violated: 201.0ms (200.0ms/201.0ms)
[426.876s][info][gc,phases      ] GC(204)   Pre Evacuate Collection Set: 0.1ms
[426.876s][info][gc,phases      ] GC(204)   Evacuate Collection Set: 223.2ms
[426.876s][info][gc,phases      ] GC(204)   Post Evacuate Collection Set: 1.2ms
[426.876s][info][gc,phases      ] GC(204)   Other: 0.5ms
[426.876s][info][gc,heap        ] GC(204) Eden regions: 1225->0(1074)
[426.876s][info][gc,heap        ] GC(204) Survivor regions: 3->154(154)
[426.876s][info][gc,heap        ] GC(204) Old regions: 6->61
[426.876s][info][gc,heap        ] GC(204) Humongous regions: 3->3
[426.876s][info][gc,metaspace   ] GC(204) Metaspace: 25564K(26496K)->25564K(26496K) NonClass: 22287K(22784K)->22287K(22784K) Class: 3277K(3712K)->3277K(3712K)
[426.876s][info][gc             ] GC(204) Pause Young (Normal) (G1 Evacuation Pause) 2467M->429M(4096M) 225.097ms
[426.876s][info][gc,cpu         ] GC(204) User=1.30s Sys=0.00s Real=0.23s
[428.818s][info][gc,task        ] GC(205) Using 6 workers of 6 for full compaction
[428.818s][info][gc,start       ] GC(205) Pause Full (System.gc())
[428.819s][info][gc,phases,start] GC(205) Phase 1: Mark live objects
[428.821s][info][gc,stringtable ] GC(205) Cleaned string and symbol table, strings: 6936 processed, 0 removed, symbols: 66765 processed, 0 removed
[428.822s][info][gc,phases      ] GC(205) Phase 1: Mark live objects 2.878ms
[428.822s][info][gc,phases,start] GC(205) Phase 2: Prepare for compaction
[428.825s][info][gc,phases      ] GC(205) Phase 2: Prepare for compaction 3.005ms
[428.825s][info][gc,phases,start] GC(205) Phase 3: Adjust pointers
[428.828s][info][gc,phases      ] GC(205) Phase 3: Adjust pointers 3.787ms
[428.829s][info][gc,phases,start] GC(205) Phase 4: Compact heap
[428.830s][info][gc,phases      ] GC(205) Phase 4: Compact heap 1.777ms
[428.833s][info][gc,heap        ] GC(205) Eden regions: 326->0(1228)
[428.833s][info][gc,heap        ] GC(205) Survivor regions: 154->0(154)
[428.833s][info][gc,heap        ] GC(205) Old regions: 61->6
[428.833s][info][gc,heap        ] GC(205) Humongous regions: 5->1
[428.833s][info][gc,metaspace   ] GC(205) Metaspace: 25566K(26496K)->25566K(26496K) NonClass: 22289K(22784K)->22289K(22784K) Class: 3277K(3712K)->3277K(3712K)
[428.833s][info][gc             ] GC(205) Pause Full (System.gc()) 1083M->7M(4096M) 14.907ms
[428.833s][info][gc,cpu         ] GC(205) User=0.00s Sys=0.00s Real=0.02s
[430.606s][info][gc,start       ] GC(206) Pause Young (Normal) (G1 Evacuation Pause)
[430.606s][info][gc,task        ] GC(206) Using 6 workers of 6 for evacuation
[430.608s][info][gc,phases      ] GC(206)   Pre Evacuate Collection Set: 0.0ms
[430.608s][info][gc,phases      ] GC(206)   Evacuate Collection Set: 0.5ms
[430.608s][info][gc,phases      ] GC(206)   Post Evacuate Collection Set: 1.0ms
[430.608s][info][gc,phases      ] GC(206)   Other: 0.2ms
[430.608s][info][gc,heap        ] GC(206) Eden regions: 1228->0(1225)
[430.608s][info][gc,heap        ] GC(206) Survivor regions: 0->3(154)
[430.608s][info][gc,heap        ] GC(206) Old regions: 6->6
[430.608s][info][gc,heap        ] GC(206) Humongous regions: 1->1
[430.608s][info][gc,metaspace   ] GC(206) Metaspace: 25568K(26496K)->25568K(26496K) NonClass: 22291K(22784K)->22291K(22784K) Class: 3277K(3712K)->3277K(3712K)
[430.608s][info][gc             ] GC(206) Pause Young (Normal) (G1 Evacuation Pause) 2463M->13M(4096M) 1.815ms
[430.608s][info][gc,cpu         ] GC(206) User=0.00s Sys=0.00s Real=0.00s
[436.654s][info][gc,start       ] GC(207) Pause Young (Normal) (G1 Evacuation Pause)
[436.654s][info][gc,task        ] GC(207) Using 6 workers of 6 for evacuation
[436.864s][info][gc,mmu         ] GC(207) MMU target violated: 201.0ms (200.0ms/201.0ms)
[436.864s][info][gc,phases      ] GC(207)   Pre Evacuate Collection Set: 0.0ms
[436.864s][info][gc,phases      ] GC(207)   Evacuate Collection Set: 208.2ms
[436.864s][info][gc,phases      ] GC(207)   Post Evacuate Collection Set: 1.2ms
[436.864s][info][gc,phases      ] GC(207)   Other: 0.5ms
[436.864s][info][gc,heap        ] GC(207) Eden regions: 1225->0(1074)
[436.864s][info][gc,heap        ] GC(207) Survivor regions: 3->154(154)
[436.864s][info][gc,heap        ] GC(207) Old regions: 6->56
[436.864s][info][gc,heap        ] GC(207) Humongous regions: 1->1
[436.864s][info][gc,metaspace   ] GC(207) Metaspace: 25568K(26496K)->25568K(26496K) NonClass: 22291K(22784K)->22291K(22784K) Class: 3277K(3712K)->3277K(3712K)
[436.864s][info][gc             ] GC(207) Pause Young (Normal) (G1 Evacuation Pause) 2463M->415M(4096M) 210.060ms
[436.864s][info][gc,cpu         ] GC(207) User=1.19s Sys=0.02s Real=0.20s
[438.982s][info][gc,task        ] GC(208) Using 6 workers of 6 for full compaction
[438.982s][info][gc,start       ] GC(208) Pause Full (System.gc())
[438.983s][info][gc,phases,start] GC(208) Phase 1: Mark live objects
[438.986s][info][gc,stringtable ] GC(208) Cleaned string and symbol table, strings: 6936 processed, 0 removed, symbols: 66765 processed, 0 removed
[438.986s][info][gc,phases      ] GC(208) Phase 1: Mark live objects 3.073ms
[438.986s][info][gc,phases,start] GC(208) Phase 2: Prepare for compaction
[438.989s][info][gc,phases      ] GC(208) Phase 2: Prepare for compaction 2.967ms
[438.989s][info][gc,phases,start] GC(208) Phase 3: Adjust pointers
[438.992s][info][gc,phases      ] GC(208) Phase 3: Adjust pointers 2.922ms
[438.992s][info][gc,phases,start] GC(208) Phase 4: Compact heap
[438.993s][info][gc,phases      ] GC(208) Phase 4: Compact heap 1.693ms
[438.997s][info][gc,heap        ] GC(208) Eden regions: 336->0(1228)
[438.997s][info][gc,heap        ] GC(208) Survivor regions: 154->0(154)
[438.997s][info][gc,heap        ] GC(208) Old regions: 56->6
[438.997s][info][gc,heap        ] GC(208) Humongous regions: 5->1
[438.997s][info][gc,metaspace   ] GC(208) Metaspace: 25568K(26496K)->25568K(26496K) NonClass: 22291K(22784K)->22291K(22784K) Class: 3277K(3712K)->3277K(3712K)
[438.997s][info][gc             ] GC(208) Pause Full (System.gc()) 1095M->7M(4096M) 14.269ms
[438.997s][info][gc,cpu         ] GC(208) User=0.00s Sys=0.00s Real=0.02s
[440.798s][info][gc,start       ] GC(209) Pause Young (Normal) (G1 Evacuation Pause)
[440.798s][info][gc,task        ] GC(209) Using 6 workers of 6 for evacuation
[440.800s][info][gc,phases      ] GC(209)   Pre Evacuate Collection Set: 0.0ms
[440.800s][info][gc,phases      ] GC(209)   Evacuate Collection Set: 0.5ms
[440.800s][info][gc,phases      ] GC(209)   Post Evacuate Collection Set: 0.9ms
[440.800s][info][gc,phases      ] GC(209)   Other: 0.2ms
[440.800s][info][gc,heap        ] GC(209) Eden regions: 1228->0(1225)
[440.800s][info][gc,heap        ] GC(209) Survivor regions: 0->3(154)
[440.800s][info][gc,heap        ] GC(209) Old regions: 6->6
[440.800s][info][gc,heap        ] GC(209) Humongous regions: 1->1
[440.800s][info][gc,metaspace   ] GC(209) Metaspace: 25568K(26496K)->25568K(26496K) NonClass: 22291K(22784K)->22291K(22784K) Class: 3277K(3712K)->3277K(3712K)
[440.800s][info][gc             ] GC(209) Pause Young (Normal) (G1 Evacuation Pause) 2463M->13M(4096M) 1.788ms
[440.800s][info][gc,cpu         ] GC(209) User=0.00s Sys=0.00s Real=0.02s
[447.470s][info][gc,start       ] GC(210) Pause Young (Normal) (G1 Evacuation Pause)
[447.470s][info][gc,task        ] GC(210) Using 6 workers of 6 for evacuation
[447.694s][info][gc,mmu         ] GC(210) MMU target violated: 201.0ms (200.0ms/201.0ms)
[447.694s][info][gc,phases      ] GC(210)   Pre Evacuate Collection Set: 0.0ms
[447.694s][info][gc,phases      ] GC(210)   Evacuate Collection Set: 221.8ms
[447.694s][info][gc,phases      ] GC(210)   Post Evacuate Collection Set: 1.1ms
[447.694s][info][gc,phases      ] GC(210)   Other: 0.4ms
[447.694s][info][gc,heap        ] GC(210) Eden regions: 1225->0(1074)
[447.694s][info][gc,heap        ] GC(210) Survivor regions: 3->154(154)
[447.694s][info][gc,heap        ] GC(210) Old regions: 6->61
[447.694s][info][gc,heap        ] GC(210) Humongous regions: 3->3
[447.694s][info][gc,metaspace   ] GC(210) Metaspace: 25568K(26496K)->25568K(26496K) NonClass: 22291K(22784K)->22291K(22784K) Class: 3277K(3712K)->3277K(3712K)
[447.694s][info][gc             ] GC(210) Pause Young (Normal) (G1 Evacuation Pause) 2467M->429M(4096M) 223.414ms
[447.694s][info][gc,cpu         ] GC(210) User=1.31s Sys=0.00s Real=0.22s
[449.632s][info][gc,task        ] GC(211) Using 6 workers of 6 for full compaction
[449.632s][info][gc,start       ] GC(211) Pause Full (System.gc())
[449.632s][info][gc,phases,start] GC(211) Phase 1: Mark live objects
[449.636s][info][gc,stringtable ] GC(211) Cleaned string and symbol table, strings: 6936 processed, 0 removed, symbols: 66765 processed, 0 removed
[449.636s][info][gc,phases      ] GC(211) Phase 1: Mark live objects 3.578ms
[449.636s][info][gc,phases,start] GC(211) Phase 2: Prepare for compaction
[449.639s][info][gc,phases      ] GC(211) Phase 2: Prepare for compaction 3.011ms
[449.639s][info][gc,phases,start] GC(211) Phase 3: Adjust pointers
[449.642s][info][gc,phases      ] GC(211) Phase 3: Adjust pointers 2.868ms
[449.642s][info][gc,phases,start] GC(211) Phase 4: Compact heap
[449.644s][info][gc,phases      ] GC(211) Phase 4: Compact heap 1.923ms
[449.647s][info][gc,heap        ] GC(211) Eden regions: 325->0(1228)
[449.647s][info][gc,heap        ] GC(211) Survivor regions: 154->0(154)
[449.647s][info][gc,heap        ] GC(211) Old regions: 61->6
[449.647s][info][gc,heap        ] GC(211) Humongous regions: 5->1
[449.647s][info][gc,metaspace   ] GC(211) Metaspace: 25568K(26496K)->25568K(26496K) NonClass: 22291K(22784K)->22291K(22784K) Class: 3277K(3712K)->3277K(3712K)
[449.647s][info][gc             ] GC(211) Pause Full (System.gc()) 1082M->7M(4096M) 15.300ms
[449.647s][info][gc,cpu         ] GC(211) User=0.02s Sys=0.00s Real=0.01s
[451.426s][info][gc,start       ] GC(212) Pause Young (Normal) (G1 Evacuation Pause)
[451.426s][info][gc,task        ] GC(212) Using 6 workers of 6 for evacuation
[451.427s][info][gc,phases      ] GC(212)   Pre Evacuate Collection Set: 0.0ms
[451.427s][info][gc,phases      ] GC(212)   Evacuate Collection Set: 0.5ms
[451.427s][info][gc,phases      ] GC(212)   Post Evacuate Collection Set: 0.8ms
[451.427s][info][gc,phases      ] GC(212)   Other: 0.2ms
[451.427s][info][gc,heap        ] GC(212) Eden regions: 1228->0(1225)
[451.427s][info][gc,heap        ] GC(212) Survivor regions: 0->3(154)
[451.427s][info][gc,heap        ] GC(212) Old regions: 6->6
[451.427s][info][gc,heap        ] GC(212) Humongous regions: 1->1
[451.427s][info][gc,metaspace   ] GC(212) Metaspace: 25576K(26496K)->25576K(26496K) NonClass: 22299K(22784K)->22299K(22784K) Class: 3277K(3712K)->3277K(3712K)
[451.428s][info][gc             ] GC(212) Pause Young (Normal) (G1 Evacuation Pause) 2463M->13M(4096M) 1.672ms
[451.428s][info][gc,cpu         ] GC(212) User=0.00s Sys=0.00s Real=0.00s
[458.438s][info][gc,start       ] GC(213) Pause Young (Normal) (G1 Evacuation Pause)
[458.438s][info][gc,task        ] GC(213) Using 6 workers of 6 for evacuation
[458.643s][info][gc,mmu         ] GC(213) MMU target violated: 201.0ms (200.0ms/201.0ms)
[458.643s][info][gc,phases      ] GC(213)   Pre Evacuate Collection Set: 0.0ms
[458.643s][info][gc,phases      ] GC(213)   Evacuate Collection Set: 203.1ms
[458.643s][info][gc,phases      ] GC(213)   Post Evacuate Collection Set: 1.2ms
[458.643s][info][gc,phases      ] GC(213)   Other: 0.5ms
[458.643s][info][gc,heap        ] GC(213) Eden regions: 1225->0(1074)
[458.643s][info][gc,heap        ] GC(213) Survivor regions: 3->154(154)
[458.643s][info][gc,heap        ] GC(213) Old regions: 6->53
[458.643s][info][gc,heap        ] GC(213) Humongous regions: 1->1
[458.643s][info][gc,metaspace   ] GC(213) Metaspace: 25576K(26496K)->25576K(26496K) NonClass: 22299K(22784K)->22299K(22784K) Class: 3277K(3712K)->3277K(3712K)
[458.643s][info][gc             ] GC(213) Pause Young (Normal) (G1 Evacuation Pause) 2463M->408M(4096M) 204.830ms
[458.643s][info][gc,cpu         ] GC(213) User=1.14s Sys=0.00s Real=0.22s
[460.796s][info][gc,task        ] GC(214) Using 6 workers of 6 for full compaction
[460.796s][info][gc,start       ] GC(214) Pause Full (System.gc())
[460.796s][info][gc,phases,start] GC(214) Phase 1: Mark live objects
[460.799s][info][gc,stringtable ] GC(214) Cleaned string and symbol table, strings: 6939 processed, 0 removed, symbols: 66765 processed, 0 removed
[460.799s][info][gc,phases      ] GC(214) Phase 1: Mark live objects 2.925ms
[460.799s][info][gc,phases,start] GC(214) Phase 2: Prepare for compaction
[460.803s][info][gc,phases      ] GC(214) Phase 2: Prepare for compaction 3.644ms
[460.803s][info][gc,phases,start] GC(214) Phase 3: Adjust pointers
[460.806s][info][gc,phases      ] GC(214) Phase 3: Adjust pointers 2.917ms
[460.806s][info][gc,phases,start] GC(214) Phase 4: Compact heap
[460.808s][info][gc,phases      ] GC(214) Phase 4: Compact heap 1.809ms
[460.811s][info][gc,heap        ] GC(214) Eden regions: 346->0(1228)
[460.811s][info][gc,heap        ] GC(214) Survivor regions: 154->0(154)
[460.811s][info][gc,heap        ] GC(214) Old regions: 53->4
[460.811s][info][gc,heap        ] GC(214) Humongous regions: 5->1
[460.811s][info][gc,metaspace   ] GC(214) Metaspace: 25576K(26496K)->25576K(26496K) NonClass: 22299K(22784K)->22299K(22784K) Class: 3277K(3712K)->3277K(3712K)
[460.811s][info][gc             ] GC(214) Pause Full (System.gc()) 1107M->7M(4096M) 14.571ms
[460.811s][info][gc,cpu         ] GC(214) User=0.00s Sys=0.00s Real=0.02s
[462.587s][info][gc,start       ] GC(215) Pause Young (Normal) (G1 Evacuation Pause)
[462.587s][info][gc,task        ] GC(215) Using 6 workers of 6 for evacuation
[462.588s][info][gc,phases      ] GC(215)   Pre Evacuate Collection Set: 0.0ms
[462.588s][info][gc,phases      ] GC(215)   Evacuate Collection Set: 0.6ms
[462.588s][info][gc,phases      ] GC(215)   Post Evacuate Collection Set: 0.8ms
[462.588s][info][gc,phases      ] GC(215)   Other: 0.2ms
[462.588s][info][gc,heap        ] GC(215) Eden regions: 1228->0(1225)
[462.588s][info][gc,heap        ] GC(215) Survivor regions: 0->3(154)
[462.588s][info][gc,heap        ] GC(215) Old regions: 4->4
[462.588s][info][gc,heap        ] GC(215) Humongous regions: 1->1
[462.588s][info][gc,metaspace   ] GC(215) Metaspace: 25580K(26496K)->25580K(26496K) NonClass: 22303K(22784K)->22303K(22784K) Class: 3277K(3712K)->3277K(3712K)
[462.588s][info][gc             ] GC(215) Pause Young (Normal) (G1 Evacuation Pause) 2463M->13M(4096M) 1.790ms
[462.588s][info][gc,cpu         ] GC(215) User=0.02s Sys=0.00s Real=0.01s
[468.731s][info][gc,start       ] GC(216) Pause Young (Normal) (G1 Evacuation Pause)
[468.731s][info][gc,task        ] GC(216) Using 6 workers of 6 for evacuation
[468.941s][info][gc,mmu         ] GC(216) MMU target violated: 201.0ms (200.0ms/201.0ms)
[468.942s][info][gc,phases      ] GC(216)   Pre Evacuate Collection Set: 0.0ms
[468.942s][info][gc,phases      ] GC(216)   Evacuate Collection Set: 208.3ms
[468.942s][info][gc,phases      ] GC(216)   Post Evacuate Collection Set: 1.4ms
[468.942s][info][gc,phases      ] GC(216)   Other: 0.5ms
[468.942s][info][gc,heap        ] GC(216) Eden regions: 1225->0(1074)
[468.942s][info][gc,heap        ] GC(216) Survivor regions: 3->154(154)
[468.942s][info][gc,heap        ] GC(216) Old regions: 4->54
[468.942s][info][gc,heap        ] GC(216) Humongous regions: 1->1
[468.942s][info][gc,metaspace   ] GC(216) Metaspace: 25580K(26496K)->25580K(26496K) NonClass: 22303K(22784K)->22303K(22784K) Class: 3277K(3712K)->3277K(3712K)
[468.942s][info][gc             ] GC(216) Pause Young (Normal) (G1 Evacuation Pause) 2463M->413M(4096M) 210.330ms
[468.942s][info][gc,cpu         ] GC(216) User=1.22s Sys=0.00s Real=0.20s
[471.088s][info][gc,task        ] GC(217) Using 6 workers of 6 for full compaction
[471.088s][info][gc,start       ] GC(217) Pause Full (System.gc())
[471.088s][info][gc,phases,start] GC(217) Phase 1: Mark live objects
[471.091s][info][gc,stringtable ] GC(217) Cleaned string and symbol table, strings: 6939 processed, 0 removed, symbols: 66765 processed, 0 removed
[471.092s][info][gc,phases      ] GC(217) Phase 1: Mark live objects 3.216ms
[471.092s][info][gc,phases,start] GC(217) Phase 2: Prepare for compaction
[471.095s][info][gc,phases      ] GC(217) Phase 2: Prepare for compaction 3.230ms
[471.095s][info][gc,phases,start] GC(217) Phase 3: Adjust pointers
[471.098s][info][gc,phases      ] GC(217) Phase 3: Adjust pointers 3.245ms
[471.098s][info][gc,phases,start] GC(217) Phase 4: Compact heap
[471.100s][info][gc,phases      ] GC(217) Phase 4: Compact heap 1.683ms
[471.103s][info][gc,heap        ] GC(217) Eden regions: 337->0(1228)
[471.103s][info][gc,heap        ] GC(217) Survivor regions: 154->0(154)
[471.103s][info][gc,heap        ] GC(217) Old regions: 54->6
[471.103s][info][gc,heap        ] GC(217) Humongous regions: 5->1
[471.103s][info][gc,metaspace   ] GC(217) Metaspace: 25580K(26496K)->25580K(26496K) NonClass: 22303K(22784K)->22303K(22784K) Class: 3277K(3712K)->3277K(3712K)
[471.103s][info][gc             ] GC(217) Pause Full (System.gc()) 1095M->7M(4096M) 14.707ms
[471.103s][info][gc,cpu         ] GC(217) User=0.02s Sys=0.00s Real=0.01s
[472.885s][info][gc,start       ] GC(218) Pause Young (Normal) (G1 Evacuation Pause)
[472.885s][info][gc,task        ] GC(218) Using 6 workers of 6 for evacuation
[472.887s][info][gc,phases      ] GC(218)   Pre Evacuate Collection Set: 0.0ms
[472.887s][info][gc,phases      ] GC(218)   Evacuate Collection Set: 0.5ms
[472.887s][info][gc,phases      ] GC(218)   Post Evacuate Collection Set: 0.8ms
[472.887s][info][gc,phases      ] GC(218)   Other: 0.2ms
[472.887s][info][gc,heap        ] GC(218) Eden regions: 1228->0(1225)
[472.887s][info][gc,heap        ] GC(218) Survivor regions: 0->3(154)
[472.887s][info][gc,heap        ] GC(218) Old regions: 6->6
[472.887s][info][gc,heap        ] GC(218) Humongous regions: 1->1
[472.887s][info][gc,metaspace   ] GC(218) Metaspace: 25580K(26496K)->25580K(26496K) NonClass: 22303K(22784K)->22303K(22784K) Class: 3277K(3712K)->3277K(3712K)
[472.887s][info][gc             ] GC(218) Pause Young (Normal) (G1 Evacuation Pause) 2463M->13M(4096M) 1.606ms
[472.887s][info][gc,cpu         ] GC(218) User=0.00s Sys=0.00s Real=0.00s
[479.365s][info][gc,start       ] GC(219) Pause Young (Normal) (G1 Evacuation Pause)
[479.365s][info][gc,task        ] GC(219) Using 6 workers of 6 for evacuation
[479.574s][info][gc,mmu         ] GC(219) MMU target violated: 201.0ms (200.0ms/201.0ms)
[479.574s][info][gc,phases      ] GC(219)   Pre Evacuate Collection Set: 0.1ms
[479.574s][info][gc,phases      ] GC(219)   Evacuate Collection Set: 207.2ms
[479.574s][info][gc,phases      ] GC(219)   Post Evacuate Collection Set: 1.3ms
[479.574s][info][gc,phases      ] GC(219)   Other: 0.6ms
[479.574s][info][gc,heap        ] GC(219) Eden regions: 1225->0(1074)
[479.574s][info][gc,heap        ] GC(219) Survivor regions: 3->154(154)
[479.574s][info][gc,heap        ] GC(219) Old regions: 6->56
[479.574s][info][gc,heap        ] GC(219) Humongous regions: 1->1
[479.574s][info][gc,metaspace   ] GC(219) Metaspace: 25580K(26496K)->25580K(26496K) NonClass: 22303K(22784K)->22303K(22784K) Class: 3277K(3712K)->3277K(3712K)
[479.574s][info][gc             ] GC(219) Pause Young (Normal) (G1 Evacuation Pause) 2463M->415M(4096M) 209.200ms
[479.574s][info][gc,cpu         ] GC(219) User=1.25s Sys=0.00s Real=0.21s
[481.722s][info][gc,task        ] GC(220) Using 6 workers of 6 for full compaction
[481.723s][info][gc,start       ] GC(220) Pause Full (System.gc())
[481.723s][info][gc,phases,start] GC(220) Phase 1: Mark live objects
[481.726s][info][gc,stringtable ] GC(220) Cleaned string and symbol table, strings: 6939 processed, 0 removed, symbols: 66765 processed, 0 removed
[481.726s][info][gc,phases      ] GC(220) Phase 1: Mark live objects 3.491ms
[481.726s][info][gc,phases,start] GC(220) Phase 2: Prepare for compaction
[481.730s][info][gc,phases      ] GC(220) Phase 2: Prepare for compaction 3.315ms
[481.730s][info][gc,phases,start] GC(220) Phase 3: Adjust pointers
[481.733s][info][gc,phases      ] GC(220) Phase 3: Adjust pointers 2.941ms
[481.733s][info][gc,phases,start] GC(220) Phase 4: Compact heap
[481.735s][info][gc,phases      ] GC(220) Phase 4: Compact heap 1.963ms
[481.738s][info][gc,heap        ] GC(220) Eden regions: 335->0(1228)
[481.738s][info][gc,heap        ] GC(220) Survivor regions: 154->0(154)
[481.738s][info][gc,heap        ] GC(220) Old regions: 56->5
[481.738s][info][gc,heap        ] GC(220) Humongous regions: 5->1
[481.738s][info][gc,metaspace   ] GC(220) Metaspace: 25580K(26496K)->25580K(26496K) NonClass: 22303K(22784K)->22303K(22784K) Class: 3277K(3712K)->3277K(3712K)
[481.738s][info][gc             ] GC(220) Pause Full (System.gc()) 1093M->7M(4096M) 15.530ms
[481.738s][info][gc,cpu         ] GC(220) User=0.02s Sys=0.00s Real=0.01s
[483.514s][info][gc,start       ] GC(221) Pause Young (Normal) (G1 Evacuation Pause)
[483.514s][info][gc,task        ] GC(221) Using 6 workers of 6 for evacuation
[483.516s][info][gc,phases      ] GC(221)   Pre Evacuate Collection Set: 0.0ms
[483.516s][info][gc,phases      ] GC(221)   Evacuate Collection Set: 0.5ms
[483.516s][info][gc,phases      ] GC(221)   Post Evacuate Collection Set: 0.8ms
[483.516s][info][gc,phases      ] GC(221)   Other: 0.2ms
[483.516s][info][gc,heap        ] GC(221) Eden regions: 1228->0(1225)
[483.516s][info][gc,heap        ] GC(221) Survivor regions: 0->3(154)
[483.516s][info][gc,heap        ] GC(221) Old regions: 5->5
[483.516s][info][gc,heap        ] GC(221) Humongous regions: 1->1
[483.516s][info][gc,metaspace   ] GC(221) Metaspace: 25580K(26496K)->25580K(26496K) NonClass: 22303K(22784K)->22303K(22784K) Class: 3277K(3712K)->3277K(3712K)
[483.516s][info][gc             ] GC(221) Pause Young (Normal) (G1 Evacuation Pause) 2463M->13M(4096M) 1.647ms
[483.516s][info][gc,cpu         ] GC(221) User=0.00s Sys=0.00s Real=0.00s
[490.699s][info][gc,start       ] GC(222) Pause Young (Normal) (G1 Evacuation Pause)
[490.699s][info][gc,task        ] GC(222) Using 6 workers of 6 for evacuation
[490.915s][info][gc,mmu         ] GC(222) MMU target violated: 201.0ms (200.0ms/201.0ms)
[490.915s][info][gc,phases      ] GC(222)   Pre Evacuate Collection Set: 0.0ms
[490.915s][info][gc,phases      ] GC(222)   Evacuate Collection Set: 212.3ms
[490.915s][info][gc,phases      ] GC(222)   Post Evacuate Collection Set: 3.5ms
[490.915s][info][gc,phases      ] GC(222)   Other: 0.4ms
[490.915s][info][gc,heap        ] GC(222) Eden regions: 1225->0(1074)
[490.915s][info][gc,heap        ] GC(222) Survivor regions: 3->154(154)
[490.915s][info][gc,heap        ] GC(222) Old regions: 5->57
[490.915s][info][gc,heap        ] GC(222) Humongous regions: 1->1
[490.915s][info][gc,metaspace   ] GC(222) Metaspace: 25580K(26496K)->25580K(26496K) NonClass: 22303K(22784K)->22303K(22784K) Class: 3277K(3712K)->3277K(3712K)
[490.915s][info][gc             ] GC(222) Pause Young (Normal) (G1 Evacuation Pause) 2463M->419M(4096M) 216.286ms
[490.915s][info][gc,cpu         ] GC(222) User=1.02s Sys=0.11s Real=0.21s
[493.023s][info][gc,task        ] GC(223) Using 6 workers of 6 for full compaction
[493.023s][info][gc,start       ] GC(223) Pause Full (System.gc())
[493.024s][info][gc,phases,start] GC(223) Phase 1: Mark live objects
[493.027s][info][gc,stringtable ] GC(223) Cleaned string and symbol table, strings: 6939 processed, 0 removed, symbols: 66765 processed, 0 removed
[493.027s][info][gc,phases      ] GC(223) Phase 1: Mark live objects 3.133ms
[493.027s][info][gc,phases,start] GC(223) Phase 2: Prepare for compaction
[493.034s][info][gc,phases      ] GC(223) Phase 2: Prepare for compaction 7.144ms
[493.034s][info][gc,phases,start] GC(223) Phase 3: Adjust pointers
[493.037s][info][gc,phases      ] GC(223) Phase 3: Adjust pointers 2.864ms
[493.037s][info][gc,phases,start] GC(223) Phase 4: Compact heap
[493.039s][info][gc,phases      ] GC(223) Phase 4: Compact heap 2.555ms
[493.043s][info][gc,heap        ] GC(223) Eden regions: 331->0(1228)
[493.043s][info][gc,heap        ] GC(223) Survivor regions: 154->0(154)
[493.043s][info][gc,heap        ] GC(223) Old regions: 57->5
[493.043s][info][gc,heap        ] GC(223) Humongous regions: 5->1
[493.043s][info][gc,metaspace   ] GC(223) Metaspace: 25581K(26496K)->25581K(26496K) NonClass: 22304K(22784K)->22304K(22784K) Class: 3277K(3712K)->3277K(3712K)
[493.043s][info][gc             ] GC(223) Pause Full (System.gc()) 1089M->7M(4096M) 19.494ms
[493.043s][info][gc,cpu         ] GC(223) User=0.02s Sys=0.00s Real=0.03s
[495.395s][info][gc,start       ] GC(224) Pause Young (Normal) (G1 Evacuation Pause)
[495.395s][info][gc,task        ] GC(224) Using 6 workers of 6 for evacuation
[495.397s][info][gc,phases      ] GC(224)   Pre Evacuate Collection Set: 0.0ms
[495.397s][info][gc,phases      ] GC(224)   Evacuate Collection Set: 0.5ms
[495.397s][info][gc,phases      ] GC(224)   Post Evacuate Collection Set: 0.8ms
[495.397s][info][gc,phases      ] GC(224)   Other: 0.2ms
[495.397s][info][gc,heap        ] GC(224) Eden regions: 1228->0(1225)
[495.397s][info][gc,heap        ] GC(224) Survivor regions: 0->3(154)
[495.397s][info][gc,heap        ] GC(224) Old regions: 5->5
[495.397s][info][gc,heap        ] GC(224) Humongous regions: 1->1
[495.397s][info][gc,metaspace   ] GC(224) Metaspace: 25581K(26496K)->25581K(26496K) NonClass: 22304K(22784K)->22304K(22784K) Class: 3277K(3712K)->3277K(3712K)
[495.397s][info][gc             ] GC(224) Pause Young (Normal) (G1 Evacuation Pause) 2463M->13M(4096M) 1.713ms
[495.397s][info][gc,cpu         ] GC(224) User=0.00s Sys=0.00s Real=0.00s
[501.885s][info][gc,start       ] GC(225) Pause Young (Normal) (G1 Evacuation Pause)
[501.885s][info][gc,task        ] GC(225) Using 6 workers of 6 for evacuation
[502.103s][info][gc,mmu         ] GC(225) MMU target violated: 201.0ms (200.0ms/201.0ms)
[502.104s][info][gc,phases      ] GC(225)   Pre Evacuate Collection Set: 0.0ms
[502.104s][info][gc,phases      ] GC(225)   Evacuate Collection Set: 216.9ms
[502.104s][info][gc,phases      ] GC(225)   Post Evacuate Collection Set: 1.3ms
[502.104s][info][gc,phases      ] GC(225)   Other: 0.5ms
[502.104s][info][gc,heap        ] GC(225) Eden regions: 1225->0(1074)
[502.104s][info][gc,heap        ] GC(225) Survivor regions: 3->154(154)
[502.104s][info][gc,heap        ] GC(225) Old regions: 5->56
[502.104s][info][gc,heap        ] GC(225) Humongous regions: 3->3
[502.104s][info][gc,metaspace   ] GC(225) Metaspace: 25581K(26496K)->25581K(26496K) NonClass: 22304K(22784K)->22304K(22784K) Class: 3277K(3712K)->3277K(3712K)
[502.104s][info][gc             ] GC(225) Pause Young (Normal) (G1 Evacuation Pause) 2467M->421M(4096M) 218.763ms
[502.104s][info][gc,cpu         ] GC(225) User=1.23s Sys=0.00s Real=0.22s
[504.039s][info][gc,task        ] GC(226) Using 6 workers of 6 for full compaction
[504.039s][info][gc,start       ] GC(226) Pause Full (System.gc())
[504.040s][info][gc,phases,start] GC(226) Phase 1: Mark live objects
[504.042s][info][gc,stringtable ] GC(226) Cleaned string and symbol table, strings: 6939 processed, 0 removed, symbols: 66765 processed, 0 removed
[504.043s][info][gc,phases      ] GC(226) Phase 1: Mark live objects 2.948ms
[504.043s][info][gc,phases,start] GC(226) Phase 2: Prepare for compaction
[504.046s][info][gc,phases      ] GC(226) Phase 2: Prepare for compaction 2.961ms
[504.046s][info][gc,phases,start] GC(226) Phase 3: Adjust pointers
[504.049s][info][gc,phases      ] GC(226) Phase 3: Adjust pointers 3.115ms
[504.049s][info][gc,phases,start] GC(226) Phase 4: Compact heap
[504.051s][info][gc,phases      ] GC(226) Phase 4: Compact heap 2.309ms
[504.054s][info][gc,heap        ] GC(226) Eden regions: 331->0(1228)
[504.054s][info][gc,heap        ] GC(226) Survivor regions: 154->0(154)
[504.054s][info][gc,heap        ] GC(226) Old regions: 56->6
[504.054s][info][gc,heap        ] GC(226) Humongous regions: 5->1
[504.054s][info][gc,metaspace   ] GC(226) Metaspace: 25581K(26496K)->25581K(26496K) NonClass: 22304K(22784K)->22304K(22784K) Class: 3277K(3712K)->3277K(3712K)
[504.054s][info][gc             ] GC(226) Pause Full (System.gc()) 1086M->7M(4096M) 14.770ms
[504.054s][info][gc,cpu         ] GC(226) User=0.02s Sys=0.00s Real=0.02s
[505.839s][info][gc,start       ] GC(227) Pause Young (Normal) (G1 Evacuation Pause)
[505.839s][info][gc,task        ] GC(227) Using 6 workers of 6 for evacuation
[505.841s][info][gc,phases      ] GC(227)   Pre Evacuate Collection Set: 0.0ms
[505.841s][info][gc,phases      ] GC(227)   Evacuate Collection Set: 0.5ms
[505.841s][info][gc,phases      ] GC(227)   Post Evacuate Collection Set: 0.9ms
[505.841s][info][gc,phases      ] GC(227)   Other: 0.2ms
[505.841s][info][gc,heap        ] GC(227) Eden regions: 1228->0(1225)
[505.841s][info][gc,heap        ] GC(227) Survivor regions: 0->3(154)
[505.841s][info][gc,heap        ] GC(227) Old regions: 6->6
[505.841s][info][gc,heap        ] GC(227) Humongous regions: 1->1
[505.841s][info][gc,metaspace   ] GC(227) Metaspace: 25581K(26496K)->25581K(26496K) NonClass: 22304K(22784K)->22304K(22784K) Class: 3277K(3712K)->3277K(3712K)
[505.841s][info][gc             ] GC(227) Pause Young (Normal) (G1 Evacuation Pause) 2463M->13M(4096M) 1.688ms
[505.841s][info][gc,cpu         ] GC(227) User=0.00s Sys=0.00s Real=0.00s
[512.757s][info][gc,start       ] GC(228) Pause Young (Normal) (G1 Evacuation Pause)
[512.757s][info][gc,task        ] GC(228) Using 6 workers of 6 for evacuation
[512.964s][info][gc,mmu         ] GC(228) MMU target violated: 201.0ms (200.0ms/201.0ms)
[512.964s][info][gc,phases      ] GC(228)   Pre Evacuate Collection Set: 0.0ms
[512.964s][info][gc,phases      ] GC(228)   Evacuate Collection Set: 205.1ms
[512.964s][info][gc,phases      ] GC(228)   Post Evacuate Collection Set: 1.2ms
[512.964s][info][gc,phases      ] GC(228)   Other: 0.4ms
[512.964s][info][gc,heap        ] GC(228) Eden regions: 1225->0(1074)
[512.964s][info][gc,heap        ] GC(228) Survivor regions: 3->154(154)
[512.964s][info][gc,heap        ] GC(228) Old regions: 6->54
[512.964s][info][gc,heap        ] GC(228) Humongous regions: 1->1
[512.964s][info][gc,metaspace   ] GC(228) Metaspace: 25581K(26496K)->25581K(26496K) NonClass: 22304K(22784K)->22304K(22784K) Class: 3277K(3712K)->3277K(3712K)
[512.964s][info][gc             ] GC(228) Pause Young (Normal) (G1 Evacuation Pause) 2463M->410M(4096M) 206.798ms
[512.964s][info][gc,cpu         ] GC(228) User=1.20s Sys=0.00s Real=0.21s
[515.096s][info][gc,task        ] GC(229) Using 6 workers of 6 for full compaction
[515.096s][info][gc,start       ] GC(229) Pause Full (System.gc())
[515.096s][info][gc,phases,start] GC(229) Phase 1: Mark live objects
[515.099s][info][gc,stringtable ] GC(229) Cleaned string and symbol table, strings: 6939 processed, 0 removed, symbols: 66765 processed, 0 removed
[515.099s][info][gc,phases      ] GC(229) Phase 1: Mark live objects 2.839ms
[515.099s][info][gc,phases,start] GC(229) Phase 2: Prepare for compaction
[515.102s][info][gc,phases      ] GC(229) Phase 2: Prepare for compaction 3.006ms
[515.102s][info][gc,phases,start] GC(229) Phase 3: Adjust pointers
[515.105s][info][gc,phases      ] GC(229) Phase 3: Adjust pointers 2.907ms
[515.105s][info][gc,phases,start] GC(229) Phase 4: Compact heap
[515.107s][info][gc,phases      ] GC(229) Phase 4: Compact heap 1.872ms
[515.110s][info][gc,heap        ] GC(229) Eden regions: 341->0(1228)
[515.110s][info][gc,heap        ] GC(229) Survivor regions: 154->0(154)
[515.110s][info][gc,heap        ] GC(229) Old regions: 54->5
[515.110s][info][gc,heap        ] GC(229) Humongous regions: 5->1
[515.110s][info][gc,metaspace   ] GC(229) Metaspace: 25581K(26496K)->25581K(26496K) NonClass: 22304K(22784K)->22304K(22784K) Class: 3277K(3712K)->3277K(3712K)
[515.110s][info][gc             ] GC(229) Pause Full (System.gc()) 1100M->7M(4096M) 14.375ms
[515.110s][info][gc,cpu         ] GC(229) User=0.00s Sys=0.00s Real=0.00s
[516.908s][info][gc,start       ] GC(230) Pause Young (Normal) (G1 Evacuation Pause)
[516.908s][info][gc,task        ] GC(230) Using 6 workers of 6 for evacuation
[516.910s][info][gc,phases      ] GC(230)   Pre Evacuate Collection Set: 0.0ms
[516.910s][info][gc,phases      ] GC(230)   Evacuate Collection Set: 0.5ms
[516.910s][info][gc,phases      ] GC(230)   Post Evacuate Collection Set: 0.8ms
[516.910s][info][gc,phases      ] GC(230)   Other: 0.2ms
[516.910s][info][gc,heap        ] GC(230) Eden regions: 1228->0(1225)
[516.910s][info][gc,heap        ] GC(230) Survivor regions: 0->3(154)
[516.910s][info][gc,heap        ] GC(230) Old regions: 5->5
[516.910s][info][gc,heap        ] GC(230) Humongous regions: 1->1
[516.910s][info][gc,metaspace   ] GC(230) Metaspace: 25596K(26496K)->25596K(26496K) NonClass: 22319K(22784K)->22319K(22784K) Class: 3277K(3712K)->3277K(3712K)
[516.910s][info][gc             ] GC(230) Pause Young (Normal) (G1 Evacuation Pause) 2463M->13M(4096M) 1.688ms
[516.910s][info][gc,cpu         ] GC(230) User=0.00s Sys=0.00s Real=0.00s
[523.409s][info][gc,start       ] GC(231) Pause Young (Normal) (G1 Evacuation Pause)
[523.409s][info][gc,task        ] GC(231) Using 6 workers of 6 for evacuation
[523.620s][info][gc,mmu         ] GC(231) MMU target violated: 201.0ms (200.0ms/201.0ms)
[523.620s][info][gc,phases      ] GC(231)   Pre Evacuate Collection Set: 0.0ms
[523.620s][info][gc,phases      ] GC(231)   Evacuate Collection Set: 209.0ms
[523.620s][info][gc,phases      ] GC(231)   Post Evacuate Collection Set: 1.3ms
[523.620s][info][gc,phases      ] GC(231)   Other: 0.5ms
[523.620s][info][gc,heap        ] GC(231) Eden regions: 1225->0(1074)
[523.620s][info][gc,heap        ] GC(231) Survivor regions: 3->154(154)
[523.620s][info][gc,heap        ] GC(231) Old regions: 5->55
[523.620s][info][gc,heap        ] GC(231) Humongous regions: 1->1
[523.620s][info][gc,metaspace   ] GC(231) Metaspace: 25596K(26496K)->25596K(26496K) NonClass: 22319K(22784K)->22319K(22784K) Class: 3277K(3712K)->3277K(3712K)
[523.620s][info][gc             ] GC(231) Pause Young (Normal) (G1 Evacuation Pause) 2463M->415M(4096M) 210.825ms
[523.620s][info][gc,cpu         ] GC(231) User=1.23s Sys=0.00s Real=0.22s
[525.736s][info][gc,task        ] GC(232) Using 6 workers of 6 for full compaction
[525.736s][info][gc,start       ] GC(232) Pause Full (System.gc())
[525.737s][info][gc,phases,start] GC(232) Phase 1: Mark live objects
[525.740s][info][gc,stringtable ] GC(232) Cleaned string and symbol table, strings: 6939 processed, 0 removed, symbols: 66765 processed, 0 removed
[525.740s][info][gc,phases      ] GC(232) Phase 1: Mark live objects 3.486ms
[525.740s][info][gc,phases,start] GC(232) Phase 2: Prepare for compaction
[525.743s][info][gc,phases      ] GC(232) Phase 2: Prepare for compaction 3.219ms
[525.743s][info][gc,phases,start] GC(232) Phase 3: Adjust pointers
[525.746s][info][gc,phases      ] GC(232) Phase 3: Adjust pointers 2.960ms
[525.746s][info][gc,phases,start] GC(232) Phase 4: Compact heap
[525.748s][info][gc,phases      ] GC(232) Phase 4: Compact heap 1.650ms
[525.751s][info][gc,heap        ] GC(232) Eden regions: 336->0(1228)
[525.752s][info][gc,heap        ] GC(232) Survivor regions: 154->0(154)
[525.752s][info][gc,heap        ] GC(232) Old regions: 55->6
[525.752s][info][gc,heap        ] GC(232) Humongous regions: 5->1
[525.752s][info][gc,metaspace   ] GC(232) Metaspace: 25596K(26496K)->25596K(26496K) NonClass: 22319K(22784K)->22319K(22784K) Class: 3277K(3712K)->3277K(3712K)
[525.752s][info][gc             ] GC(232) Pause Full (System.gc()) 1095M->7M(4096M) 15.162ms
[525.752s][info][gc,cpu         ] GC(232) User=0.02s Sys=0.00s Real=0.02s
[527.525s][info][gc,start       ] GC(233) Pause Young (Normal) (G1 Evacuation Pause)
[527.525s][info][gc,task        ] GC(233) Using 6 workers of 6 for evacuation
[527.527s][info][gc,phases      ] GC(233)   Pre Evacuate Collection Set: 0.0ms
[527.527s][info][gc,phases      ] GC(233)   Evacuate Collection Set: 0.5ms
[527.527s][info][gc,phases      ] GC(233)   Post Evacuate Collection Set: 0.8ms
[527.527s][info][gc,phases      ] GC(233)   Other: 0.2ms
[527.527s][info][gc,heap        ] GC(233) Eden regions: 1228->0(1225)
[527.527s][info][gc,heap        ] GC(233) Survivor regions: 0->3(154)
[527.527s][info][gc,heap        ] GC(233) Old regions: 6->6
[527.527s][info][gc,heap        ] GC(233) Humongous regions: 1->1
[527.527s][info][gc,metaspace   ] GC(233) Metaspace: 25596K(26496K)->25596K(26496K) NonClass: 22319K(22784K)->22319K(22784K) Class: 3277K(3712K)->3277K(3712K)
[527.527s][info][gc             ] GC(233) Pause Young (Normal) (G1 Evacuation Pause) 2463M->13M(4096M) 1.614ms
[527.527s][info][gc,cpu         ] GC(233) User=0.00s Sys=0.00s Real=0.00s
[534.040s][info][gc,start       ] GC(234) Pause Young (Normal) (G1 Evacuation Pause)
[534.040s][info][gc,task        ] GC(234) Using 6 workers of 6 for evacuation
[534.255s][info][gc,mmu         ] GC(234) MMU target violated: 201.0ms (200.0ms/201.0ms)
[534.255s][info][gc,phases      ] GC(234)   Pre Evacuate Collection Set: 0.0ms
[534.255s][info][gc,phases      ] GC(234)   Evacuate Collection Set: 213.8ms
[534.255s][info][gc,phases      ] GC(234)   Post Evacuate Collection Set: 1.2ms
[534.256s][info][gc,phases      ] GC(234)   Other: 0.5ms
[534.256s][info][gc,heap        ] GC(234) Eden regions: 1225->0(1074)
[534.256s][info][gc,heap        ] GC(234) Survivor regions: 3->154(154)
[534.256s][info][gc,heap        ] GC(234) Old regions: 6->58
[534.256s][info][gc,heap        ] GC(234) Humongous regions: 3->3
[534.256s][info][gc,metaspace   ] GC(234) Metaspace: 25596K(26496K)->25596K(26496K) NonClass: 22319K(22784K)->22319K(22784K) Class: 3277K(3712K)->3277K(3712K)
[534.256s][info][gc             ] GC(234) Pause Young (Normal) (G1 Evacuation Pause) 2467M->423M(4096M) 215.584ms
[534.256s][info][gc,cpu         ] GC(234) User=1.20s Sys=0.00s Real=0.22s
[536.181s][info][gc,task        ] GC(235) Using 6 workers of 6 for full compaction
[536.181s][info][gc,start       ] GC(235) Pause Full (System.gc())
[536.181s][info][gc,phases,start] GC(235) Phase 1: Mark live objects
[536.184s][info][gc,stringtable ] GC(235) Cleaned string and symbol table, strings: 6939 processed, 0 removed, symbols: 66765 processed, 0 removed
[536.184s][info][gc,phases      ] GC(235) Phase 1: Mark live objects 3.010ms
[536.184s][info][gc,phases,start] GC(235) Phase 2: Prepare for compaction
[536.187s][info][gc,phases      ] GC(235) Phase 2: Prepare for compaction 2.926ms
[536.187s][info][gc,phases,start] GC(235) Phase 3: Adjust pointers
[536.190s][info][gc,phases      ] GC(235) Phase 3: Adjust pointers 3.015ms
[536.190s][info][gc,phases,start] GC(235) Phase 4: Compact heap
[536.192s][info][gc,phases      ] GC(235) Phase 4: Compact heap 2.162ms
[536.195s][info][gc,heap        ] GC(235) Eden regions: 330->0(1228)
[536.195s][info][gc,heap        ] GC(235) Survivor regions: 154->0(154)
[536.195s][info][gc,heap        ] GC(235) Old regions: 58->6
[536.195s][info][gc,heap        ] GC(235) Humongous regions: 5->1
[536.195s][info][gc,metaspace   ] GC(235) Metaspace: 25597K(26496K)->25597K(26496K) NonClass: 22320K(22784K)->22320K(22784K) Class: 3277K(3712K)->3277K(3712K)
[536.195s][info][gc             ] GC(235) Pause Full (System.gc()) 1086M->7M(4096M) 14.437ms
[536.195s][info][gc,cpu         ] GC(235) User=0.00s Sys=0.00s Real=0.02s
[538.006s][info][gc,start       ] GC(236) Pause Young (Normal) (G1 Evacuation Pause)
[538.006s][info][gc,task        ] GC(236) Using 6 workers of 6 for evacuation
[538.008s][info][gc,phases      ] GC(236)   Pre Evacuate Collection Set: 0.0ms
[538.008s][info][gc,phases      ] GC(236)   Evacuate Collection Set: 0.5ms
[538.008s][info][gc,phases      ] GC(236)   Post Evacuate Collection Set: 0.9ms
[538.008s][info][gc,phases      ] GC(236)   Other: 0.2ms
[538.008s][info][gc,heap        ] GC(236) Eden regions: 1228->0(1225)
[538.008s][info][gc,heap        ] GC(236) Survivor regions: 0->3(154)
[538.008s][info][gc,heap        ] GC(236) Old regions: 6->6
[538.008s][info][gc,heap        ] GC(236) Humongous regions: 1->1
[538.008s][info][gc,metaspace   ] GC(236) Metaspace: 25597K(26496K)->25597K(26496K) NonClass: 22320K(22784K)->22320K(22784K) Class: 3277K(3712K)->3277K(3712K)
[538.008s][info][gc             ] GC(236) Pause Young (Normal) (G1 Evacuation Pause) 2463M->13M(4096M) 1.726ms
[538.008s][info][gc,cpu         ] GC(236) User=0.00s Sys=0.00s Real=0.00s
[544.539s][info][gc,start       ] GC(237) Pause Young (Normal) (G1 Evacuation Pause)
[544.539s][info][gc,task        ] GC(237) Using 6 workers of 6 for evacuation
[544.746s][info][gc,mmu         ] GC(237) MMU target violated: 201.0ms (200.0ms/201.0ms)
[544.746s][info][gc,phases      ] GC(237)   Pre Evacuate Collection Set: 0.1ms
[544.746s][info][gc,phases      ] GC(237)   Evacuate Collection Set: 205.4ms
[544.746s][info][gc,phases      ] GC(237)   Post Evacuate Collection Set: 1.1ms
[544.746s][info][gc,phases      ] GC(237)   Other: 0.5ms
[544.746s][info][gc,heap        ] GC(237) Eden regions: 1225->0(1074)
[544.746s][info][gc,heap        ] GC(237) Survivor regions: 3->154(154)
[544.746s][info][gc,heap        ] GC(237) Old regions: 6->55
[544.746s][info][gc,heap        ] GC(237) Humongous regions: 1->1
[544.746s][info][gc,metaspace   ] GC(237) Metaspace: 25597K(26496K)->25597K(26496K) NonClass: 22320K(22784K)->22320K(22784K) Class: 3277K(3712K)->3277K(3712K)
[544.746s][info][gc             ] GC(237) Pause Young (Normal) (G1 Evacuation Pause) 2463M->413M(4096M) 207.125ms
[544.746s][info][gc,cpu         ] GC(237) User=1.20s Sys=0.00s Real=0.20s
[546.903s][info][gc,task        ] GC(238) Using 6 workers of 6 for full compaction
[546.903s][info][gc,start       ] GC(238) Pause Full (System.gc())
[546.903s][info][gc,phases,start] GC(238) Phase 1: Mark live objects
[546.906s][info][gc,stringtable ] GC(238) Cleaned string and symbol table, strings: 6939 processed, 0 removed, symbols: 66765 processed, 0 removed
[546.906s][info][gc,phases      ] GC(238) Phase 1: Mark live objects 3.203ms
[546.906s][info][gc,phases,start] GC(238) Phase 2: Prepare for compaction
[546.909s][info][gc,phases      ] GC(238) Phase 2: Prepare for compaction 2.973ms
[546.909s][info][gc,phases,start] GC(238) Phase 3: Adjust pointers
[546.912s][info][gc,phases      ] GC(238) Phase 3: Adjust pointers 2.879ms
[546.912s][info][gc,phases,start] GC(238) Phase 4: Compact heap
[546.914s][info][gc,phases      ] GC(238) Phase 4: Compact heap 1.641ms
[546.917s][info][gc,heap        ] GC(238) Eden regions: 339->0(1228)
[546.917s][info][gc,heap        ] GC(238) Survivor regions: 154->0(154)
[546.917s][info][gc,heap        ] GC(238) Old regions: 55->6
[546.917s][info][gc,heap        ] GC(238) Humongous regions: 5->1
[546.917s][info][gc,metaspace   ] GC(238) Metaspace: 25597K(26496K)->25597K(26496K) NonClass: 22320K(22784K)->22320K(22784K) Class: 3277K(3712K)->3277K(3712K)
[546.917s][info][gc             ] GC(238) Pause Full (System.gc()) 1099M->7M(4096M) 14.558ms
[546.918s][info][gc,cpu         ] GC(238) User=0.03s Sys=0.00s Real=0.02s
[548.679s][info][gc,start       ] GC(239) Pause Young (Normal) (G1 Evacuation Pause)
[548.680s][info][gc,task        ] GC(239) Using 6 workers of 6 for evacuation
[548.681s][info][gc,phases      ] GC(239)   Pre Evacuate Collection Set: 0.0ms
[548.681s][info][gc,phases      ] GC(239)   Evacuate Collection Set: 0.5ms
[548.681s][info][gc,phases      ] GC(239)   Post Evacuate Collection Set: 0.8ms
[548.681s][info][gc,phases      ] GC(239)   Other: 0.2ms
[548.681s][info][gc,heap        ] GC(239) Eden regions: 1228->0(1225)
[548.681s][info][gc,heap        ] GC(239) Survivor regions: 0->3(154)
[548.681s][info][gc,heap        ] GC(239) Old regions: 6->6
[548.681s][info][gc,heap        ] GC(239) Humongous regions: 1->1
[548.681s][info][gc,metaspace   ] GC(239) Metaspace: 25597K(26496K)->25597K(26496K) NonClass: 22320K(22784K)->22320K(22784K) Class: 3277K(3712K)->3277K(3712K)
[548.681s][info][gc             ] GC(239) Pause Young (Normal) (G1 Evacuation Pause) 2463M->13M(4096M) 1.790ms
[548.681s][info][gc,cpu         ] GC(239) User=0.00s Sys=0.00s Real=0.02s
[555.212s][info][gc,start       ] GC(240) Pause Young (Normal) (G1 Evacuation Pause)
[555.213s][info][gc,task        ] GC(240) Using 6 workers of 6 for evacuation
[555.432s][info][gc,mmu         ] GC(240) MMU target violated: 201.0ms (200.0ms/201.0ms)
[555.432s][info][gc,phases      ] GC(240)   Pre Evacuate Collection Set: 0.0ms
[555.432s][info][gc,phases      ] GC(240)   Evacuate Collection Set: 217.7ms
[555.432s][info][gc,phases      ] GC(240)   Post Evacuate Collection Set: 1.5ms
[555.432s][info][gc,phases      ] GC(240)   Other: 0.6ms
[555.432s][info][gc,heap        ] GC(240) Eden regions: 1225->0(1074)
[555.432s][info][gc,heap        ] GC(240) Survivor regions: 3->154(154)
[555.432s][info][gc,heap        ] GC(240) Old regions: 6->57
[555.432s][info][gc,heap        ] GC(240) Humongous regions: 3->3
[555.432s][info][gc,metaspace   ] GC(240) Metaspace: 25597K(26496K)->25597K(26496K) NonClass: 22320K(22784K)->22320K(22784K) Class: 3277K(3712K)->3277K(3712K)
[555.432s][info][gc             ] GC(240) Pause Young (Normal) (G1 Evacuation Pause) 2467M->421M(4096M) 219.802ms
[555.432s][info][gc,cpu         ] GC(240) User=1.22s Sys=0.00s Real=0.22s
[557.371s][info][gc,task        ] GC(241) Using 6 workers of 6 for full compaction
[557.371s][info][gc,start       ] GC(241) Pause Full (System.gc())
[557.371s][info][gc,phases,start] GC(241) Phase 1: Mark live objects
[557.374s][info][gc,stringtable ] GC(241) Cleaned string and symbol table, strings: 6939 processed, 0 removed, symbols: 66765 processed, 0 removed
[557.374s][info][gc,phases      ] GC(241) Phase 1: Mark live objects 3.099ms
[557.374s][info][gc,phases,start] GC(241) Phase 2: Prepare for compaction
[557.377s][info][gc,phases      ] GC(241) Phase 2: Prepare for compaction 2.945ms
[557.377s][info][gc,phases,start] GC(241) Phase 3: Adjust pointers
[557.380s][info][gc,phases      ] GC(241) Phase 3: Adjust pointers 2.959ms
[557.380s][info][gc,phases,start] GC(241) Phase 4: Compact heap
[557.382s][info][gc,phases      ] GC(241) Phase 4: Compact heap 1.820ms
[557.385s][info][gc,heap        ] GC(241) Eden regions: 331->0(1228)
[557.385s][info][gc,heap        ] GC(241) Survivor regions: 154->0(154)
[557.385s][info][gc,heap        ] GC(241) Old regions: 57->6
[557.385s][info][gc,heap        ] GC(241) Humongous regions: 5->1
[557.385s][info][gc,metaspace   ] GC(241) Metaspace: 25598K(26496K)->25598K(26496K) NonClass: 22321K(22784K)->22321K(22784K) Class: 3277K(3712K)->3277K(3712K)
[557.385s][info][gc             ] GC(241) Pause Full (System.gc()) 1087M->7M(4096M) 14.075ms
[557.385s][info][gc,cpu         ] GC(241) User=0.00s Sys=0.00s Real=0.02s
[559.173s][info][gc,start       ] GC(242) Pause Young (Normal) (G1 Evacuation Pause)
[559.173s][info][gc,task        ] GC(242) Using 6 workers of 6 for evacuation
[559.175s][info][gc,phases      ] GC(242)   Pre Evacuate Collection Set: 0.0ms
[559.175s][info][gc,phases      ] GC(242)   Evacuate Collection Set: 0.5ms
[559.175s][info][gc,phases      ] GC(242)   Post Evacuate Collection Set: 0.9ms
[559.175s][info][gc,phases      ] GC(242)   Other: 0.2ms
[559.175s][info][gc,heap        ] GC(242) Eden regions: 1228->0(1225)
[559.175s][info][gc,heap        ] GC(242) Survivor regions: 0->3(154)
[559.175s][info][gc,heap        ] GC(242) Old regions: 6->6
[559.175s][info][gc,heap        ] GC(242) Humongous regions: 1->1
[559.175s][info][gc,metaspace   ] GC(242) Metaspace: 25598K(26496K)->25598K(26496K) NonClass: 22321K(22784K)->22321K(22784K) Class: 3277K(3712K)->3277K(3712K)
[559.175s][info][gc             ] GC(242) Pause Young (Normal) (G1 Evacuation Pause) 2463M->13M(4096M) 1.761ms
[559.175s][info][gc,cpu         ] GC(242) User=0.00s Sys=0.00s Real=0.00s
[565.883s][info][gc,start       ] GC(243) Pause Young (Normal) (G1 Evacuation Pause)
[565.884s][info][gc,task        ] GC(243) Using 6 workers of 6 for evacuation
[566.105s][info][gc,mmu         ] GC(243) MMU target violated: 201.0ms (200.0ms/201.0ms)
[566.105s][info][gc,phases      ] GC(243)   Pre Evacuate Collection Set: 0.0ms
[566.105s][info][gc,phases      ] GC(243)   Evacuate Collection Set: 219.5ms
[566.105s][info][gc,phases      ] GC(243)   Post Evacuate Collection Set: 1.2ms
[566.105s][info][gc,phases      ] GC(243)   Other: 0.5ms
[566.105s][info][gc,heap        ] GC(243) Eden regions: 1225->0(1074)
[566.105s][info][gc,heap        ] GC(243) Survivor regions: 3->154(154)
[566.105s][info][gc,heap        ] GC(243) Old regions: 6->62
[566.105s][info][gc,heap        ] GC(243) Humongous regions: 3->3
[566.105s][info][gc,metaspace   ] GC(243) Metaspace: 25599K(26496K)->25599K(26496K) NonClass: 22322K(22784K)->22322K(22784K) Class: 3277K(3712K)->3277K(3712K)
[566.105s][info][gc             ] GC(243) Pause Young (Normal) (G1 Evacuation Pause) 2467M->431M(4096M) 221.265ms
[566.105s][info][gc,cpu         ] GC(243) User=1.28s Sys=0.00s Real=0.22s
[568.047s][info][gc,task        ] GC(244) Using 6 workers of 6 for full compaction
[568.047s][info][gc,start       ] GC(244) Pause Full (System.gc())
[568.047s][info][gc,phases,start] GC(244) Phase 1: Mark live objects
[568.050s][info][gc,stringtable ] GC(244) Cleaned string and symbol table, strings: 6939 processed, 0 removed, symbols: 66765 processed, 0 removed
[568.050s][info][gc,phases      ] GC(244) Phase 1: Mark live objects 3.174ms
[568.050s][info][gc,phases,start] GC(244) Phase 2: Prepare for compaction
[568.053s][info][gc,phases      ] GC(244) Phase 2: Prepare for compaction 2.954ms
[568.053s][info][gc,phases,start] GC(244) Phase 3: Adjust pointers
[568.056s][info][gc,phases      ] GC(244) Phase 3: Adjust pointers 2.906ms
[568.056s][info][gc,phases,start] GC(244) Phase 4: Compact heap
[568.058s][info][gc,phases      ] GC(244) Phase 4: Compact heap 1.682ms
[568.061s][info][gc,heap        ] GC(244) Eden regions: 324->0(1228)
[568.061s][info][gc,heap        ] GC(244) Survivor regions: 154->0(154)
[568.061s][info][gc,heap        ] GC(244) Old regions: 62->5
[568.061s][info][gc,heap        ] GC(244) Humongous regions: 5->1
[568.061s][info][gc,metaspace   ] GC(244) Metaspace: 25599K(26496K)->25599K(26496K) NonClass: 22322K(22784K)->22322K(22784K) Class: 3277K(3712K)->3277K(3712K)
[568.061s][info][gc             ] GC(244) Pause Full (System.gc()) 1083M->7M(4096M) 14.083ms
[568.061s][info][gc,cpu         ] GC(244) User=0.02s Sys=0.00s Real=0.02s
[569.873s][info][gc,start       ] GC(245) Pause Young (Normal) (G1 Evacuation Pause)
[569.873s][info][gc,task        ] GC(245) Using 6 workers of 6 for evacuation
[569.874s][info][gc,phases      ] GC(245)   Pre Evacuate Collection Set: 0.0ms
[569.874s][info][gc,phases      ] GC(245)   Evacuate Collection Set: 0.4ms
[569.874s][info][gc,phases      ] GC(245)   Post Evacuate Collection Set: 0.8ms
[569.874s][info][gc,phases      ] GC(245)   Other: 0.2ms
[569.874s][info][gc,heap        ] GC(245) Eden regions: 1228->0(1225)
[569.874s][info][gc,heap        ] GC(245) Survivor regions: 0->3(154)
[569.874s][info][gc,heap        ] GC(245) Old regions: 5->5
[569.874s][info][gc,heap        ] GC(245) Humongous regions: 1->1
[569.874s][info][gc,metaspace   ] GC(245) Metaspace: 25599K(26496K)->25599K(26496K) NonClass: 22322K(22784K)->22322K(22784K) Class: 3277K(3712K)->3277K(3712K)
[569.874s][info][gc             ] GC(245) Pause Young (Normal) (G1 Evacuation Pause) 2463M->13M(4096M) 1.525ms
[569.874s][info][gc,cpu         ] GC(245) User=0.00s Sys=0.00s Real=0.00s
[576.444s][info][gc,start       ] GC(246) Pause Young (Normal) (G1 Evacuation Pause)
[576.444s][info][gc,task        ] GC(246) Using 6 workers of 6 for evacuation
[576.663s][info][gc,mmu         ] GC(246) MMU target violated: 201.0ms (200.0ms/201.0ms)
[576.663s][info][gc,phases      ] GC(246)   Pre Evacuate Collection Set: 0.1ms
[576.663s][info][gc,phases      ] GC(246)   Evacuate Collection Set: 216.7ms
[576.663s][info][gc,phases      ] GC(246)   Post Evacuate Collection Set: 1.3ms
[576.663s][info][gc,phases      ] GC(246)   Other: 0.6ms
[576.663s][info][gc,heap        ] GC(246) Eden regions: 1225->0(1074)
[576.663s][info][gc,heap        ] GC(246) Survivor regions: 3->154(154)
[576.663s][info][gc,heap        ] GC(246) Old regions: 5->57
[576.663s][info][gc,heap        ] GC(246) Humongous regions: 3->3
[576.663s][info][gc,metaspace   ] GC(246) Metaspace: 25599K(26496K)->25599K(26496K) NonClass: 22322K(22784K)->22322K(22784K) Class: 3277K(3712K)->3277K(3712K)
[576.663s][info][gc             ] GC(246) Pause Young (Normal) (G1 Evacuation Pause) 2467M->422M(4096M) 218.643ms
[576.663s][info][gc,cpu         ] GC(246) User=1.19s Sys=0.02s Real=0.20s
[578.600s][info][gc,task        ] GC(247) Using 6 workers of 6 for full compaction
[578.600s][info][gc,start       ] GC(247) Pause Full (System.gc())
[578.601s][info][gc,phases,start] GC(247) Phase 1: Mark live objects
[578.604s][info][gc,stringtable ] GC(247) Cleaned string and symbol table, strings: 6939 processed, 0 removed, symbols: 66765 processed, 0 removed
[578.604s][info][gc,phases      ] GC(247) Phase 1: Mark live objects 3.385ms
[578.604s][info][gc,phases,start] GC(247) Phase 2: Prepare for compaction
[578.607s][info][gc,phases      ] GC(247) Phase 2: Prepare for compaction 3.325ms
[578.607s][info][gc,phases,start] GC(247) Phase 3: Adjust pointers
[578.610s][info][gc,phases      ] GC(247) Phase 3: Adjust pointers 2.899ms
[578.610s][info][gc,phases,start] GC(247) Phase 4: Compact heap
[578.612s][info][gc,phases      ] GC(247) Phase 4: Compact heap 2.031ms
[578.615s][info][gc,heap        ] GC(247) Eden regions: 330->0(1228)
[578.615s][info][gc,heap        ] GC(247) Survivor regions: 154->0(154)
[578.615s][info][gc,heap        ] GC(247) Old regions: 57->6
[578.615s][info][gc,heap        ] GC(247) Humongous regions: 5->1
[578.615s][info][gc,metaspace   ] GC(247) Metaspace: 25600K(26496K)->25600K(26496K) NonClass: 22323K(22784K)->22323K(22784K) Class: 3277K(3712K)->3277K(3712K)
[578.615s][info][gc             ] GC(247) Pause Full (System.gc()) 1085M->7M(4096M) 15.014ms
[578.616s][info][gc,cpu         ] GC(247) User=0.00s Sys=0.00s Real=0.02s
[580.368s][info][gc,start       ] GC(248) Pause Young (Normal) (G1 Evacuation Pause)
[580.368s][info][gc,task        ] GC(248) Using 6 workers of 6 for evacuation
[580.370s][info][gc,phases      ] GC(248)   Pre Evacuate Collection Set: 0.0ms
[580.370s][info][gc,phases      ] GC(248)   Evacuate Collection Set: 0.5ms
[580.370s][info][gc,phases      ] GC(248)   Post Evacuate Collection Set: 0.9ms
[580.370s][info][gc,phases      ] GC(248)   Other: 0.2ms
[580.370s][info][gc,heap        ] GC(248) Eden regions: 1228->0(1225)
[580.370s][info][gc,heap        ] GC(248) Survivor regions: 0->3(154)
[580.370s][info][gc,heap        ] GC(248) Old regions: 6->6
[580.370s][info][gc,heap        ] GC(248) Humongous regions: 1->1
[580.370s][info][gc,metaspace   ] GC(248) Metaspace: 25600K(26496K)->25600K(26496K) NonClass: 22323K(22784K)->22323K(22784K) Class: 3277K(3712K)->3277K(3712K)
[580.370s][info][gc             ] GC(248) Pause Young (Normal) (G1 Evacuation Pause) 2463M->13M(4096M) 1.751ms
[580.370s][info][gc,cpu         ] GC(248) User=0.00s Sys=0.00s Real=0.00s
[587.219s][info][gc,start       ] GC(249) Pause Young (Normal) (G1 Evacuation Pause)
[587.219s][info][gc,task        ] GC(249) Using 6 workers of 6 for evacuation
[587.428s][info][gc,mmu         ] GC(249) MMU target violated: 201.0ms (200.0ms/201.0ms)
[587.428s][info][gc,phases      ] GC(249)   Pre Evacuate Collection Set: 0.1ms
[587.428s][info][gc,phases      ] GC(249)   Evacuate Collection Set: 207.9ms
[587.428s][info][gc,phases      ] GC(249)   Post Evacuate Collection Set: 1.1ms
[587.428s][info][gc,phases      ] GC(249)   Other: 0.5ms
[587.428s][info][gc,heap        ] GC(249) Eden regions: 1225->0(1074)
[587.428s][info][gc,heap        ] GC(249) Survivor regions: 3->154(154)
[587.428s][info][gc,heap        ] GC(249) Old regions: 6->57
[587.428s][info][gc,heap        ] GC(249) Humongous regions: 1->1
[587.428s][info][gc,metaspace   ] GC(249) Metaspace: 25600K(26496K)->25600K(26496K) NonClass: 22323K(22784K)->22323K(22784K) Class: 3277K(3712K)->3277K(3712K)
[587.428s][info][gc             ] GC(249) Pause Young (Normal) (G1 Evacuation Pause) 2463M->416M(4096M) 209.585ms
[587.428s][info][gc,cpu         ] GC(249) User=1.22s Sys=0.00s Real=0.20s
[589.559s][info][gc,task        ] GC(250) Using 6 workers of 6 for full compaction
[589.560s][info][gc,start       ] GC(250) Pause Full (System.gc())
[589.560s][info][gc,phases,start] GC(250) Phase 1: Mark live objects
[589.563s][info][gc,stringtable ] GC(250) Cleaned string and symbol table, strings: 6939 processed, 0 removed, symbols: 66765 processed, 0 removed
[589.563s][info][gc,phases      ] GC(250) Phase 1: Mark live objects 3.037ms
[589.563s][info][gc,phases,start] GC(250) Phase 2: Prepare for compaction
[589.566s][info][gc,phases      ] GC(250) Phase 2: Prepare for compaction 3.418ms
[589.566s][info][gc,phases,start] GC(250) Phase 3: Adjust pointers
[589.569s][info][gc,phases      ] GC(250) Phase 3: Adjust pointers 3.046ms
[589.569s][info][gc,phases,start] GC(250) Phase 4: Compact heap
[589.571s][info][gc,phases      ] GC(250) Phase 4: Compact heap 1.689ms
[589.574s][info][gc,heap        ] GC(250) Eden regions: 334->0(1228)
[589.574s][info][gc,heap        ] GC(250) Survivor regions: 154->0(154)
[589.574s][info][gc,heap        ] GC(250) Old regions: 57->5
[589.574s][info][gc,heap        ] GC(250) Humongous regions: 5->1
[589.574s][info][gc,metaspace   ] GC(250) Metaspace: 25601K(26496K)->25601K(26496K) NonClass: 22324K(22784K)->22324K(22784K) Class: 3277K(3712K)->3277K(3712K)
[589.574s][info][gc             ] GC(250) Pause Full (System.gc()) 1091M->7M(4096M) 14.562ms
[589.574s][info][gc,cpu         ] GC(250) User=0.02s Sys=0.00s Real=0.02s
[591.908s][info][gc,start       ] GC(251) Pause Young (Normal) (G1 Evacuation Pause)
[591.908s][info][gc,task        ] GC(251) Using 6 workers of 6 for evacuation
[591.909s][info][gc,phases      ] GC(251)   Pre Evacuate Collection Set: 0.0ms
[591.909s][info][gc,phases      ] GC(251)   Evacuate Collection Set: 0.6ms
[591.909s][info][gc,phases      ] GC(251)   Post Evacuate Collection Set: 0.8ms
[591.909s][info][gc,phases      ] GC(251)   Other: 0.2ms
[591.909s][info][gc,heap        ] GC(251) Eden regions: 1228->0(1225)
[591.909s][info][gc,heap        ] GC(251) Survivor regions: 0->3(154)
[591.909s][info][gc,heap        ] GC(251) Old regions: 5->5
[591.910s][info][gc,heap        ] GC(251) Humongous regions: 1->1
[591.910s][info][gc,metaspace   ] GC(251) Metaspace: 25601K(26496K)->25601K(26496K) NonClass: 22324K(22784K)->22324K(22784K) Class: 3277K(3712K)->3277K(3712K)
[591.910s][info][gc             ] GC(251) Pause Young (Normal) (G1 Evacuation Pause) 2463M->13M(4096M) 1.825ms
[591.910s][info][gc,cpu         ] GC(251) User=0.00s Sys=0.00s Real=0.00s
[598.891s][info][gc,start       ] GC(252) Pause Young (Normal) (G1 Evacuation Pause)
[598.891s][info][gc,task        ] GC(252) Using 6 workers of 6 for evacuation
[599.102s][info][gc,mmu         ] GC(252) MMU target violated: 201.0ms (200.0ms/201.0ms)
[599.102s][info][gc,phases      ] GC(252)   Pre Evacuate Collection Set: 0.1ms
[599.102s][info][gc,phases      ] GC(252)   Evacuate Collection Set: 209.3ms
[599.102s][info][gc,phases      ] GC(252)   Post Evacuate Collection Set: 1.2ms
[599.102s][info][gc,phases      ] GC(252)   Other: 0.5ms
[599.102s][info][gc,heap        ] GC(252) Eden regions: 1225->0(1074)
[599.102s][info][gc,heap        ] GC(252) Survivor regions: 3->154(154)
[599.102s][info][gc,heap        ] GC(252) Old regions: 5->57
[599.102s][info][gc,heap        ] GC(252) Humongous regions: 1->1
[599.103s][info][gc,metaspace   ] GC(252) Metaspace: 25601K(26496K)->25601K(26496K) NonClass: 22324K(22784K)->22324K(22784K) Class: 3277K(3712K)->3277K(3712K)
[599.103s][info][gc             ] GC(252) Pause Young (Normal) (G1 Evacuation Pause) 2463M->419M(4096M) 211.177ms
[599.103s][info][gc,cpu         ] GC(252) User=1.23s Sys=0.00s Real=0.22s
[601.233s][info][gc,task        ] GC(253) Using 6 workers of 6 for full compaction
[601.233s][info][gc,start       ] GC(253) Pause Full (System.gc())
[601.233s][info][gc,phases,start] GC(253) Phase 1: Mark live objects
[601.236s][info][gc,stringtable ] GC(253) Cleaned string and symbol table, strings: 6951 processed, 0 removed, symbols: 66765 processed, 0 removed
[601.236s][info][gc,phases      ] GC(253) Phase 1: Mark live objects 3.158ms
[601.236s][info][gc,phases,start] GC(253) Phase 2: Prepare for compaction
[601.239s][info][gc,phases      ] GC(253) Phase 2: Prepare for compaction 3.093ms
[601.239s][info][gc,phases,start] GC(253) Phase 3: Adjust pointers
[601.242s][info][gc,phases      ] GC(253) Phase 3: Adjust pointers 2.928ms
[601.242s][info][gc,phases,start] GC(253) Phase 4: Compact heap
[601.244s][info][gc,phases      ] GC(253) Phase 4: Compact heap 2.017ms
[601.247s][info][gc,heap        ] GC(253) Eden regions: 332->0(1228)
[601.247s][info][gc,heap        ] GC(253) Survivor regions: 154->0(154)
[601.247s][info][gc,heap        ] GC(253) Old regions: 57->6
[601.247s][info][gc,heap        ] GC(253) Humongous regions: 5->1
[601.247s][info][gc,metaspace   ] GC(253) Metaspace: 25601K(26496K)->25601K(26496K) NonClass: 22324K(22784K)->22324K(22784K) Class: 3277K(3712K)->3277K(3712K)
[601.247s][info][gc             ] GC(253) Pause Full (System.gc()) 1090M->7M(4096M) 14.487ms
[601.248s][info][gc,cpu         ] GC(253) User=0.00s Sys=0.00s Real=0.01s
[603.013s][info][gc,start       ] GC(254) Pause Young (Normal) (G1 Evacuation Pause)
[603.014s][info][gc,task        ] GC(254) Using 6 workers of 6 for evacuation
[603.015s][info][gc,phases      ] GC(254)   Pre Evacuate Collection Set: 0.0ms
[603.015s][info][gc,phases      ] GC(254)   Evacuate Collection Set: 0.5ms
[603.015s][info][gc,phases      ] GC(254)   Post Evacuate Collection Set: 0.8ms
[603.015s][info][gc,phases      ] GC(254)   Other: 0.2ms
[603.015s][info][gc,heap        ] GC(254) Eden regions: 1228->0(1225)
[603.015s][info][gc,heap        ] GC(254) Survivor regions: 0->3(154)
[603.015s][info][gc,heap        ] GC(254) Old regions: 6->6
[603.015s][info][gc,heap        ] GC(254) Humongous regions: 1->1
[603.015s][info][gc,metaspace   ] GC(254) Metaspace: 25601K(26496K)->25601K(26496K) NonClass: 22324K(22784K)->22324K(22784K) Class: 3277K(3712K)->3277K(3712K)
[603.015s][info][gc             ] GC(254) Pause Young (Normal) (G1 Evacuation Pause) 2463M->13M(4096M) 1.683ms
[603.015s][info][gc,cpu         ] GC(254) User=0.00s Sys=0.00s Real=0.00s
[609.257s][info][gc,start       ] GC(255) Pause Young (Normal) (G1 Evacuation Pause)
[609.257s][info][gc,task        ] GC(255) Using 6 workers of 6 for evacuation
[609.465s][info][gc,mmu         ] GC(255) MMU target violated: 201.0ms (200.0ms/201.0ms)
[609.465s][info][gc,phases      ] GC(255)   Pre Evacuate Collection Set: 0.0ms
[609.465s][info][gc,phases      ] GC(255)   Evacuate Collection Set: 207.0ms
[609.465s][info][gc,phases      ] GC(255)   Post Evacuate Collection Set: 1.1ms
[609.465s][info][gc,phases      ] GC(255)   Other: 0.5ms
[609.465s][info][gc,heap        ] GC(255) Eden regions: 1225->0(1074)
[609.465s][info][gc,heap        ] GC(255) Survivor regions: 3->154(154)
[609.465s][info][gc,heap        ] GC(255) Old regions: 6->56
[609.465s][info][gc,heap        ] GC(255) Humongous regions: 1->1
[609.465s][info][gc,metaspace   ] GC(255) Metaspace: 25601K(26496K)->25601K(26496K) NonClass: 22324K(22784K)->22324K(22784K) Class: 3277K(3712K)->3277K(3712K)
[609.465s][info][gc             ] GC(255) Pause Young (Normal) (G1 Evacuation Pause) 2463M->415M(4096M) 208.680ms
[609.465s][info][gc,cpu         ] GC(255) User=1.22s Sys=0.00s Real=0.20s
[611.556s][info][gc,task        ] GC(256) Using 6 workers of 6 for full compaction
[611.556s][info][gc,start       ] GC(256) Pause Full (System.gc())
[611.556s][info][gc,phases,start] GC(256) Phase 1: Mark live objects
[611.559s][info][gc,stringtable ] GC(256) Cleaned string and symbol table, strings: 6951 processed, 0 removed, symbols: 66765 processed, 0 removed
[611.559s][info][gc,phases      ] GC(256) Phase 1: Mark live objects 3.275ms
[611.559s][info][gc,phases,start] GC(256) Phase 2: Prepare for compaction
[611.563s][info][gc,phases      ] GC(256) Phase 2: Prepare for compaction 3.298ms
[611.563s][info][gc,phases,start] GC(256) Phase 3: Adjust pointers
[611.566s][info][gc,phases      ] GC(256) Phase 3: Adjust pointers 2.978ms
[611.566s][info][gc,phases,start] GC(256) Phase 4: Compact heap
[611.567s][info][gc,phases      ] GC(256) Phase 4: Compact heap 1.584ms
[611.570s][info][gc,heap        ] GC(256) Eden regions: 335->0(1228)
[611.570s][info][gc,heap        ] GC(256) Survivor regions: 154->0(154)
[611.570s][info][gc,heap        ] GC(256) Old regions: 56->6
[611.570s][info][gc,heap        ] GC(256) Humongous regions: 5->1
[611.570s][info][gc,metaspace   ] GC(256) Metaspace: 25601K(26496K)->25601K(26496K) NonClass: 22324K(22784K)->22324K(22784K) Class: 3277K(3712K)->3277K(3712K)
[611.570s][info][gc             ] GC(256) Pause Full (System.gc()) 1093M->7M(4096M) 14.508ms
[611.570s][info][gc,cpu         ] GC(256) User=0.02s Sys=0.00s Real=0.02s
[613.356s][info][gc,start       ] GC(257) Pause Young (Normal) (G1 Evacuation Pause)
[613.356s][info][gc,task        ] GC(257) Using 6 workers of 6 for evacuation
[613.358s][info][gc,phases      ] GC(257)   Pre Evacuate Collection Set: 0.0ms
[613.358s][info][gc,phases      ] GC(257)   Evacuate Collection Set: 0.5ms
[613.358s][info][gc,phases      ] GC(257)   Post Evacuate Collection Set: 0.9ms
[613.358s][info][gc,phases      ] GC(257)   Other: 0.2ms
[613.358s][info][gc,heap        ] GC(257) Eden regions: 1228->0(1225)
[613.358s][info][gc,heap        ] GC(257) Survivor regions: 0->3(154)
[613.358s][info][gc,heap        ] GC(257) Old regions: 6->6
[613.358s][info][gc,heap        ] GC(257) Humongous regions: 1->1
[613.358s][info][gc,metaspace   ] GC(257) Metaspace: 25608K(26496K)->25608K(26496K) NonClass: 22331K(22784K)->22331K(22784K) Class: 3277K(3712K)->3277K(3712K)
[613.358s][info][gc             ] GC(257) Pause Young (Normal) (G1 Evacuation Pause) 2463M->13M(4096M) 1.735ms
[613.358s][info][gc,cpu         ] GC(257) User=0.00s Sys=0.00s Real=0.00s
[619.625s][info][gc,start       ] GC(258) Pause Young (Normal) (G1 Evacuation Pause)
[619.625s][info][gc,task        ] GC(258) Using 6 workers of 6 for evacuation
[619.840s][info][gc,mmu         ] GC(258) MMU target violated: 201.0ms (200.0ms/201.0ms)
[619.840s][info][gc,phases      ] GC(258)   Pre Evacuate Collection Set: 0.1ms
[619.840s][info][gc,phases      ] GC(258)   Evacuate Collection Set: 212.8ms
[619.840s][info][gc,phases      ] GC(258)   Post Evacuate Collection Set: 1.3ms
[619.840s][info][gc,phases      ] GC(258)   Other: 0.6ms
[619.840s][info][gc,heap        ] GC(258) Eden regions: 1225->0(1074)
[619.840s][info][gc,heap        ] GC(258) Survivor regions: 3->154(154)
[619.840s][info][gc,heap        ] GC(258) Old regions: 6->56
[619.840s][info][gc,heap        ] GC(258) Humongous regions: 1->1
[619.840s][info][gc,metaspace   ] GC(258) Metaspace: 25608K(26496K)->25608K(26496K) NonClass: 22331K(22784K)->22331K(22784K) Class: 3277K(3712K)->3277K(3712K)
[619.840s][info][gc             ] GC(258) Pause Young (Normal) (G1 Evacuation Pause) 2463M->415M(4096M) 214.729ms
[619.840s][info][gc,cpu         ] GC(258) User=1.22s Sys=0.00s Real=0.20s
[621.956s][info][gc,task        ] GC(259) Using 6 workers of 6 for full compaction
[621.957s][info][gc,start       ] GC(259) Pause Full (System.gc())
[621.957s][info][gc,phases,start] GC(259) Phase 1: Mark live objects
[621.960s][info][gc,stringtable ] GC(259) Cleaned string and symbol table, strings: 6952 processed, 0 removed, symbols: 66765 processed, 0 removed
[621.960s][info][gc,phases      ] GC(259) Phase 1: Mark live objects 2.943ms
[621.960s][info][gc,phases,start] GC(259) Phase 2: Prepare for compaction
[621.963s][info][gc,phases      ] GC(259) Phase 2: Prepare for compaction 3.006ms
[621.963s][info][gc,phases,start] GC(259) Phase 3: Adjust pointers
[621.966s][info][gc,phases      ] GC(259) Phase 3: Adjust pointers 3.123ms
[621.966s][info][gc,phases,start] GC(259) Phase 4: Compact heap
[621.968s][info][gc,phases      ] GC(259) Phase 4: Compact heap 1.640ms
[621.971s][info][gc,heap        ] GC(259) Eden regions: 337->0(1228)
[621.971s][info][gc,heap        ] GC(259) Survivor regions: 154->0(154)
[621.971s][info][gc,heap        ] GC(259) Old regions: 56->6
[621.971s][info][gc,heap        ] GC(259) Humongous regions: 5->1
[621.971s][info][gc,metaspace   ] GC(259) Metaspace: 25608K(26496K)->25608K(26496K) NonClass: 22331K(22784K)->22331K(22784K) Class: 3277K(3712K)->3277K(3712K)
[621.971s][info][gc             ] GC(259) Pause Full (System.gc()) 1096M->7M(4096M) 14.063ms
[621.971s][info][gc,cpu         ] GC(259) User=0.02s Sys=0.00s Real=0.02s
[623.747s][info][gc,start       ] GC(260) Pause Young (Normal) (G1 Evacuation Pause)
[623.747s][info][gc,task        ] GC(260) Using 6 workers of 6 for evacuation
[623.748s][info][gc,phases      ] GC(260)   Pre Evacuate Collection Set: 0.0ms
[623.748s][info][gc,phases      ] GC(260)   Evacuate Collection Set: 0.5ms
[623.748s][info][gc,phases      ] GC(260)   Post Evacuate Collection Set: 0.9ms
[623.748s][info][gc,phases      ] GC(260)   Other: 0.2ms
[623.748s][info][gc,heap        ] GC(260) Eden regions: 1228->0(1225)
[623.748s][info][gc,heap        ] GC(260) Survivor regions: 0->3(154)
[623.748s][info][gc,heap        ] GC(260) Old regions: 6->6
[623.748s][info][gc,heap        ] GC(260) Humongous regions: 1->1
[623.748s][info][gc,metaspace   ] GC(260) Metaspace: 25608K(26496K)->25608K(26496K) NonClass: 22331K(22784K)->22331K(22784K) Class: 3277K(3712K)->3277K(3712K)
[623.749s][info][gc             ] GC(260) Pause Young (Normal) (G1 Evacuation Pause) 2463M->13M(4096M) 1.734ms
[623.749s][info][gc,cpu         ] GC(260) User=0.00s Sys=0.00s Real=0.00s
[629.844s][info][gc,start       ] GC(261) Pause Young (Normal) (G1 Evacuation Pause)
[629.844s][info][gc,task        ] GC(261) Using 6 workers of 6 for evacuation
[630.065s][info][gc,mmu         ] GC(261) MMU target violated: 201.0ms (200.0ms/201.0ms)
[630.065s][info][gc,phases      ] GC(261)   Pre Evacuate Collection Set: 0.1ms
[630.065s][info][gc,phases      ] GC(261)   Evacuate Collection Set: 218.9ms
[630.065s][info][gc,phases      ] GC(261)   Post Evacuate Collection Set: 1.2ms
[630.065s][info][gc,phases      ] GC(261)   Other: 0.5ms
[630.065s][info][gc,heap        ] GC(261) Eden regions: 1225->0(1074)
[630.065s][info][gc,heap        ] GC(261) Survivor regions: 3->154(154)
[630.065s][info][gc,heap        ] GC(261) Old regions: 6->59
[630.065s][info][gc,heap        ] GC(261) Humongous regions: 3->3
[630.065s][info][gc,metaspace   ] GC(261) Metaspace: 25608K(26496K)->25608K(26496K) NonClass: 22331K(22784K)->22331K(22784K) Class: 3277K(3712K)->3277K(3712K)
[630.065s][info][gc             ] GC(261) Pause Young (Normal) (G1 Evacuation Pause) 2467M->425M(4096M) 220.765ms
[630.065s][info][gc,cpu         ] GC(261) User=1.30s Sys=0.00s Real=0.22s
[631.997s][info][gc,task        ] GC(262) Using 6 workers of 6 for full compaction
[631.997s][info][gc,start       ] GC(262) Pause Full (System.gc())
[631.998s][info][gc,phases,start] GC(262) Phase 1: Mark live objects
[632.000s][info][gc,stringtable ] GC(262) Cleaned string and symbol table, strings: 6952 processed, 0 removed, symbols: 66765 processed, 0 removed
[632.000s][info][gc,phases      ] GC(262) Phase 1: Mark live objects 2.897ms
[632.000s][info][gc,phases,start] GC(262) Phase 2: Prepare for compaction
[632.003s][info][gc,phases      ] GC(262) Phase 2: Prepare for compaction 2.918ms
[632.004s][info][gc,phases,start] GC(262) Phase 3: Adjust pointers
[632.006s][info][gc,phases      ] GC(262) Phase 3: Adjust pointers 2.926ms
[632.006s][info][gc,phases,start] GC(262) Phase 4: Compact heap
[632.008s][info][gc,phases      ] GC(262) Phase 4: Compact heap 1.747ms
[632.011s][info][gc,heap        ] GC(262) Eden regions: 328->0(1228)
[632.011s][info][gc,heap        ] GC(262) Survivor regions: 154->0(154)
[632.011s][info][gc,heap        ] GC(262) Old regions: 59->6
[632.011s][info][gc,heap        ] GC(262) Humongous regions: 5->1
[632.011s][info][gc,metaspace   ] GC(262) Metaspace: 25608K(26496K)->25608K(26496K) NonClass: 22331K(22784K)->22331K(22784K) Class: 3277K(3712K)->3277K(3712K)
[632.011s][info][gc             ] GC(262) Pause Full (System.gc()) 1085M->7M(4096M) 13.829ms
[632.011s][info][gc,cpu         ] GC(262) User=0.02s Sys=0.00s Real=0.02s
[633.765s][info][gc,start       ] GC(263) Pause Young (Normal) (G1 Evacuation Pause)
[633.766s][info][gc,task        ] GC(263) Using 6 workers of 6 for evacuation
[633.767s][info][gc,phases      ] GC(263)   Pre Evacuate Collection Set: 0.0ms
[633.767s][info][gc,phases      ] GC(263)   Evacuate Collection Set: 0.7ms
[633.767s][info][gc,phases      ] GC(263)   Post Evacuate Collection Set: 1.0ms
[633.767s][info][gc,phases      ] GC(263)   Other: 0.2ms
[633.767s][info][gc,heap        ] GC(263) Eden regions: 1228->0(1225)
[633.767s][info][gc,heap        ] GC(263) Survivor regions: 0->3(154)
[633.767s][info][gc,heap        ] GC(263) Old regions: 6->6
[633.767s][info][gc,heap        ] GC(263) Humongous regions: 1->1
[633.767s][info][gc,metaspace   ] GC(263) Metaspace: 25608K(26496K)->25608K(26496K) NonClass: 22331K(22784K)->22331K(22784K) Class: 3277K(3712K)->3277K(3712K)
[633.768s][info][gc             ] GC(263) Pause Young (Normal) (G1 Evacuation Pause) 2463M->12M(4096M) 2.033ms
[633.768s][info][gc,cpu         ] GC(263) User=0.00s Sys=0.00s Real=0.00s
[640.261s][info][gc,start       ] GC(264) Pause Young (Normal) (G1 Evacuation Pause)
[640.261s][info][gc,task        ] GC(264) Using 6 workers of 6 for evacuation
[640.483s][info][gc,mmu         ] GC(264) MMU target violated: 201.0ms (200.0ms/201.0ms)
[640.483s][info][gc,phases      ] GC(264)   Pre Evacuate Collection Set: 0.0ms
[640.483s][info][gc,phases      ] GC(264)   Evacuate Collection Set: 220.8ms
[640.483s][info][gc,phases      ] GC(264)   Post Evacuate Collection Set: 1.2ms
[640.483s][info][gc,phases      ] GC(264)   Other: 0.5ms
[640.483s][info][gc,heap        ] GC(264) Eden regions: 1225->0(1074)
[640.483s][info][gc,heap        ] GC(264) Survivor regions: 3->154(154)
[640.483s][info][gc,heap        ] GC(264) Old regions: 6->61
[640.483s][info][gc,heap        ] GC(264) Humongous regions: 3->3
[640.483s][info][gc,metaspace   ] GC(264) Metaspace: 25608K(26496K)->25608K(26496K) NonClass: 22331K(22784K)->22331K(22784K) Class: 3277K(3712K)->3277K(3712K)
[640.483s][info][gc             ] GC(264) Pause Young (Normal) (G1 Evacuation Pause) 2466M->429M(4096M) 222.582ms
[640.483s][info][gc,cpu         ] GC(264) User=1.25s Sys=0.00s Real=0.22s
[642.413s][info][gc,task        ] GC(265) Using 6 workers of 6 for full compaction
[642.413s][info][gc,start       ] GC(265) Pause Full (System.gc())
[642.413s][info][gc,phases,start] GC(265) Phase 1: Mark live objects
[642.416s][info][gc,stringtable ] GC(265) Cleaned string and symbol table, strings: 6952 processed, 0 removed, symbols: 66765 processed, 0 removed
[642.416s][info][gc,phases      ] GC(265) Phase 1: Mark live objects 3.199ms
[642.416s][info][gc,phases,start] GC(265) Phase 2: Prepare for compaction
[642.419s][info][gc,phases      ] GC(265) Phase 2: Prepare for compaction 2.910ms
[642.419s][info][gc,phases,start] GC(265) Phase 3: Adjust pointers
[642.422s][info][gc,phases      ] GC(265) Phase 3: Adjust pointers 2.935ms
[642.422s][info][gc,phases,start] GC(265) Phase 4: Compact heap
[642.424s][info][gc,phases      ] GC(265) Phase 4: Compact heap 2.125ms
[642.427s][info][gc,heap        ] GC(265) Eden regions: 325->0(1228)
[642.427s][info][gc,heap        ] GC(265) Survivor regions: 154->0(154)
[642.427s][info][gc,heap        ] GC(265) Old regions: 61->5
[642.427s][info][gc,heap        ] GC(265) Humongous regions: 5->1
[642.427s][info][gc,metaspace   ] GC(265) Metaspace: 25608K(26496K)->25608K(26496K) NonClass: 22331K(22784K)->22331K(22784K) Class: 3277K(3712K)->3277K(3712K)
[642.428s][info][gc             ] GC(265) Pause Full (System.gc()) 1083M->7M(4096M) 14.570ms
[642.428s][info][gc,cpu         ] GC(265) User=0.00s Sys=0.00s Real=0.02s
[644.245s][info][gc,start       ] GC(266) Pause Young (Normal) (G1 Evacuation Pause)
[644.245s][info][gc,task        ] GC(266) Using 6 workers of 6 for evacuation
[644.247s][info][gc,phases      ] GC(266)   Pre Evacuate Collection Set: 0.0ms
[644.247s][info][gc,phases      ] GC(266)   Evacuate Collection Set: 0.5ms
[644.247s][info][gc,phases      ] GC(266)   Post Evacuate Collection Set: 0.8ms
[644.247s][info][gc,phases      ] GC(266)   Other: 0.2ms
[644.247s][info][gc,heap        ] GC(266) Eden regions: 1228->0(1225)
[644.247s][info][gc,heap        ] GC(266) Survivor regions: 0->3(154)
[644.247s][info][gc,heap        ] GC(266) Old regions: 5->5
[644.247s][info][gc,heap        ] GC(266) Humongous regions: 1->1
[644.247s][info][gc,metaspace   ] GC(266) Metaspace: 25608K(26496K)->25608K(26496K) NonClass: 22331K(22784K)->22331K(22784K) Class: 3277K(3712K)->3277K(3712K)
[644.247s][info][gc             ] GC(266) Pause Young (Normal) (G1 Evacuation Pause) 2463M->13M(4096M) 1.729ms
[644.247s][info][gc,cpu         ] GC(266) User=0.00s Sys=0.00s Real=0.00s
[650.690s][info][gc,start       ] GC(267) Pause Young (Normal) (G1 Evacuation Pause)
[650.690s][info][gc,task        ] GC(267) Using 6 workers of 6 for evacuation
[650.907s][info][gc,mmu         ] GC(267) MMU target violated: 201.0ms (200.0ms/201.0ms)
[650.908s][info][gc,phases      ] GC(267)   Pre Evacuate Collection Set: 0.1ms
[650.908s][info][gc,phases      ] GC(267)   Evacuate Collection Set: 216.0ms
[650.908s][info][gc,phases      ] GC(267)   Post Evacuate Collection Set: 1.2ms
[650.908s][info][gc,phases      ] GC(267)   Other: 0.5ms
[650.908s][info][gc,heap        ] GC(267) Eden regions: 1225->0(1074)
[650.908s][info][gc,heap        ] GC(267) Survivor regions: 3->154(154)
[650.908s][info][gc,heap        ] GC(267) Old regions: 5->56
[650.908s][info][gc,heap        ] GC(267) Humongous regions: 1->1
[650.908s][info][gc,metaspace   ] GC(267) Metaspace: 25608K(26496K)->25608K(26496K) NonClass: 22331K(22784K)->22331K(22784K) Class: 3277K(3712K)->3277K(3712K)
[650.908s][info][gc             ] GC(267) Pause Young (Normal) (G1 Evacuation Pause) 2463M->417M(4096M) 217.875ms
[650.908s][info][gc,cpu         ] GC(267) User=1.22s Sys=0.00s Real=0.22s
[652.980s][info][gc,task        ] GC(268) Using 6 workers of 6 for full compaction
[652.981s][info][gc,start       ] GC(268) Pause Full (System.gc())
[652.981s][info][gc,phases,start] GC(268) Phase 1: Mark live objects
[652.984s][info][gc,stringtable ] GC(268) Cleaned string and symbol table, strings: 6952 processed, 0 removed, symbols: 66765 processed, 0 removed
[652.984s][info][gc,phases      ] GC(268) Phase 1: Mark live objects 3.130ms
[652.984s][info][gc,phases,start] GC(268) Phase 2: Prepare for compaction
[652.987s][info][gc,phases      ] GC(268) Phase 2: Prepare for compaction 2.912ms
[652.987s][info][gc,phases,start] GC(268) Phase 3: Adjust pointers
[652.990s][info][gc,phases      ] GC(268) Phase 3: Adjust pointers 2.912ms
[652.990s][info][gc,phases,start] GC(268) Phase 4: Compact heap
[652.991s][info][gc,phases      ] GC(268) Phase 4: Compact heap 1.609ms
[652.995s][info][gc,heap        ] GC(268) Eden regions: 334->0(1228)
[652.995s][info][gc,heap        ] GC(268) Survivor regions: 154->0(154)
[652.995s][info][gc,heap        ] GC(268) Old regions: 56->5
[652.995s][info][gc,heap        ] GC(268) Humongous regions: 5->1
[652.995s][info][gc,metaspace   ] GC(268) Metaspace: 25608K(26496K)->25608K(26496K) NonClass: 22331K(22784K)->22331K(22784K) Class: 3277K(3712K)->3277K(3712K)
[652.995s][info][gc             ] GC(268) Pause Full (System.gc()) 1092M->7M(4096M) 14.299ms
[652.995s][info][gc,cpu         ] GC(268) User=0.00s Sys=0.00s Real=0.01s
[655.048s][info][gc,start       ] GC(269) Pause Young (Normal) (G1 Evacuation Pause)
[655.048s][info][gc,task        ] GC(269) Using 6 workers of 6 for evacuation
[655.050s][info][gc,phases      ] GC(269)   Pre Evacuate Collection Set: 0.0ms
[655.050s][info][gc,phases      ] GC(269)   Evacuate Collection Set: 0.5ms
[655.050s][info][gc,phases      ] GC(269)   Post Evacuate Collection Set: 0.9ms
[655.050s][info][gc,phases      ] GC(269)   Other: 0.2ms
[655.050s][info][gc,heap        ] GC(269) Eden regions: 1228->0(1225)
[655.050s][info][gc,heap        ] GC(269) Survivor regions: 0->3(154)
[655.050s][info][gc,heap        ] GC(269) Old regions: 5->5
[655.050s][info][gc,heap        ] GC(269) Humongous regions: 1->1
[655.050s][info][gc,metaspace   ] GC(269) Metaspace: 25608K(26496K)->25608K(26496K) NonClass: 22331K(22784K)->22331K(22784K) Class: 3277K(3712K)->3277K(3712K)
[655.050s][info][gc             ] GC(269) Pause Young (Normal) (G1 Evacuation Pause) 2463M->13M(4096M) 1.743ms
[655.050s][info][gc,cpu         ] GC(269) User=0.00s Sys=0.00s Real=0.01s
[661.389s][info][gc,start       ] GC(270) Pause Young (Normal) (G1 Evacuation Pause)
[661.389s][info][gc,task        ] GC(270) Using 6 workers of 6 for evacuation
[661.609s][info][gc,mmu         ] GC(270) MMU target violated: 201.0ms (200.0ms/201.0ms)
[661.609s][info][gc,phases      ] GC(270)   Pre Evacuate Collection Set: 0.0ms
[661.609s][info][gc,phases      ] GC(270)   Evacuate Collection Set: 217.3ms
[661.609s][info][gc,phases      ] GC(270)   Post Evacuate Collection Set: 1.4ms
[661.609s][info][gc,phases      ] GC(270)   Other: 0.5ms
[661.609s][info][gc,heap        ] GC(270) Eden regions: 1225->0(1074)
[661.609s][info][gc,heap        ] GC(270) Survivor regions: 3->154(154)
[661.609s][info][gc,heap        ] GC(270) Old regions: 5->57
[661.609s][info][gc,heap        ] GC(270) Humongous regions: 3->3
[661.609s][info][gc,metaspace   ] GC(270) Metaspace: 25608K(26496K)->25608K(26496K) NonClass: 22331K(22784K)->22331K(22784K) Class: 3277K(3712K)->3277K(3712K)
[661.609s][info][gc             ] GC(270) Pause Young (Normal) (G1 Evacuation Pause) 2467M->421M(4096M) 219.265ms
[661.609s][info][gc,cpu         ] GC(270) User=1.23s Sys=0.00s Real=0.22s
[663.546s][info][gc,task        ] GC(271) Using 6 workers of 6 for full compaction
[663.546s][info][gc,start       ] GC(271) Pause Full (System.gc())
[663.547s][info][gc,phases,start] GC(271) Phase 1: Mark live objects
[663.550s][info][gc,stringtable ] GC(271) Cleaned string and symbol table, strings: 6952 processed, 0 removed, symbols: 66765 processed, 0 removed
[663.550s][info][gc,phases      ] GC(271) Phase 1: Mark live objects 3.316ms
[663.550s][info][gc,phases,start] GC(271) Phase 2: Prepare for compaction
[663.553s][info][gc,phases      ] GC(271) Phase 2: Prepare for compaction 3.302ms
[663.553s][info][gc,phases,start] GC(271) Phase 3: Adjust pointers
[663.557s][info][gc,phases      ] GC(271) Phase 3: Adjust pointers 3.461ms
[663.557s][info][gc,phases,start] GC(271) Phase 4: Compact heap
[663.559s][info][gc,phases      ] GC(271) Phase 4: Compact heap 2.238ms
[663.562s][info][gc,heap        ] GC(271) Eden regions: 330->0(1228)
[663.562s][info][gc,heap        ] GC(271) Survivor regions: 154->0(154)
[663.562s][info][gc,heap        ] GC(271) Old regions: 57->6
[663.562s][info][gc,heap        ] GC(271) Humongous regions: 5->1
[663.562s][info][gc,metaspace   ] GC(271) Metaspace: 25609K(26496K)->25609K(26496K) NonClass: 22331K(22784K)->22331K(22784K) Class: 3277K(3712K)->3277K(3712K)
[663.562s][info][gc             ] GC(271) Pause Full (System.gc()) 1084M->7M(4096M) 15.715ms
[663.562s][info][gc,cpu         ] GC(271) User=0.00s Sys=0.00s Real=0.01s
[665.356s][info][gc,start       ] GC(272) Pause Young (Normal) (G1 Evacuation Pause)
[665.356s][info][gc,task        ] GC(272) Using 6 workers of 6 for evacuation
[665.357s][info][gc,phases      ] GC(272)   Pre Evacuate Collection Set: 0.0ms
[665.357s][info][gc,phases      ] GC(272)   Evacuate Collection Set: 0.5ms
[665.357s][info][gc,phases      ] GC(272)   Post Evacuate Collection Set: 0.8ms
[665.357s][info][gc,phases      ] GC(272)   Other: 0.2ms
[665.357s][info][gc,heap        ] GC(272) Eden regions: 1228->0(1225)
[665.357s][info][gc,heap        ] GC(272) Survivor regions: 0->3(154)
[665.357s][info][gc,heap        ] GC(272) Old regions: 6->6
[665.357s][info][gc,heap        ] GC(272) Humongous regions: 1->1
[665.357s][info][gc,metaspace   ] GC(272) Metaspace: 25609K(26496K)->25609K(26496K) NonClass: 22331K(22784K)->22331K(22784K) Class: 3277K(3712K)->3277K(3712K)
[665.357s][info][gc             ] GC(272) Pause Young (Normal) (G1 Evacuation Pause) 2463M->13M(4096M) 1.661ms
[665.357s][info][gc,cpu         ] GC(272) User=0.00s Sys=0.00s Real=0.00s
[671.906s][info][gc,start       ] GC(273) Pause Young (Normal) (G1 Evacuation Pause)
[671.906s][info][gc,task        ] GC(273) Using 6 workers of 6 for evacuation
[672.127s][info][gc,mmu         ] GC(273) MMU target violated: 201.0ms (200.0ms/201.0ms)
[672.127s][info][gc,phases      ] GC(273)   Pre Evacuate Collection Set: 0.1ms
[672.127s][info][gc,phases      ] GC(273)   Evacuate Collection Set: 219.5ms
[672.127s][info][gc,phases      ] GC(273)   Post Evacuate Collection Set: 1.1ms
[672.127s][info][gc,phases      ] GC(273)   Other: 0.5ms
[672.127s][info][gc,heap        ] GC(273) Eden regions: 1225->0(1074)
[672.127s][info][gc,heap        ] GC(273) Survivor regions: 3->154(154)
[672.127s][info][gc,heap        ] GC(273) Old regions: 6->59
[672.127s][info][gc,heap        ] GC(273) Humongous regions: 3->3
[672.127s][info][gc,metaspace   ] GC(273) Metaspace: 25610K(26496K)->25610K(26496K) NonClass: 22333K(22784K)->22333K(22784K) Class: 3277K(3712K)->3277K(3712K)
[672.127s][info][gc             ] GC(273) Pause Young (Normal) (G1 Evacuation Pause) 2467M->425M(4096M) 221.245ms
[672.127s][info][gc,cpu         ] GC(273) User=1.30s Sys=0.00s Real=0.22s
[674.057s][info][gc,task        ] GC(274) Using 6 workers of 6 for full compaction
[674.058s][info][gc,start       ] GC(274) Pause Full (System.gc())
[674.058s][info][gc,phases,start] GC(274) Phase 1: Mark live objects
[674.061s][info][gc,stringtable ] GC(274) Cleaned string and symbol table, strings: 6952 processed, 0 removed, symbols: 66765 processed, 0 removed
[674.061s][info][gc,phases      ] GC(274) Phase 1: Mark live objects 2.982ms
[674.061s][info][gc,phases,start] GC(274) Phase 2: Prepare for compaction
[674.064s][info][gc,phases      ] GC(274) Phase 2: Prepare for compaction 3.085ms
[674.064s][info][gc,phases,start] GC(274) Phase 3: Adjust pointers
[674.067s][info][gc,phases      ] GC(274) Phase 3: Adjust pointers 2.915ms
[674.067s][info][gc,phases,start] GC(274) Phase 4: Compact heap
[674.069s][info][gc,phases      ] GC(274) Phase 4: Compact heap 1.861ms
[674.072s][info][gc,heap        ] GC(274) Eden regions: 327->0(1228)
[674.072s][info][gc,heap        ] GC(274) Survivor regions: 154->0(154)
[674.072s][info][gc,heap        ] GC(274) Old regions: 59->6
[674.072s][info][gc,heap        ] GC(274) Humongous regions: 5->1
[674.072s][info][gc,metaspace   ] GC(274) Metaspace: 25610K(26496K)->25610K(26496K) NonClass: 22333K(22784K)->22333K(22784K) Class: 3277K(3712K)->3277K(3712K)
[674.072s][info][gc             ] GC(274) Pause Full (System.gc()) 1083M->7M(4096M) 14.223ms
[674.072s][info][gc,cpu         ] GC(274) User=0.00s Sys=0.00s Real=0.02s
[675.853s][info][gc,start       ] GC(275) Pause Young (Normal) (G1 Evacuation Pause)
[675.853s][info][gc,task        ] GC(275) Using 6 workers of 6 for evacuation
[675.854s][info][gc,phases      ] GC(275)   Pre Evacuate Collection Set: 0.0ms
[675.854s][info][gc,phases      ] GC(275)   Evacuate Collection Set: 0.5ms
[675.854s][info][gc,phases      ] GC(275)   Post Evacuate Collection Set: 0.9ms
[675.854s][info][gc,phases      ] GC(275)   Other: 0.2ms
[675.854s][info][gc,heap        ] GC(275) Eden regions: 1228->0(1225)
[675.854s][info][gc,heap        ] GC(275) Survivor regions: 0->3(154)
[675.854s][info][gc,heap        ] GC(275) Old regions: 6->6
[675.854s][info][gc,heap        ] GC(275) Humongous regions: 1->1
[675.854s][info][gc,metaspace   ] GC(275) Metaspace: 25610K(26496K)->25610K(26496K) NonClass: 22333K(22784K)->22333K(22784K) Class: 3277K(3712K)->3277K(3712K)
[675.854s][info][gc             ] GC(275) Pause Young (Normal) (G1 Evacuation Pause) 2463M->13M(4096M) 1.656ms
[675.854s][info][gc,cpu         ] GC(275) User=0.00s Sys=0.00s Real=0.00s
[682.256s][info][gc,start       ] GC(276) Pause Young (Normal) (G1 Evacuation Pause)
[682.256s][info][gc,task        ] GC(276) Using 6 workers of 6 for evacuation
[682.478s][info][gc,mmu         ] GC(276) MMU target violated: 201.0ms (200.0ms/201.0ms)
[682.478s][info][gc,phases      ] GC(276)   Pre Evacuate Collection Set: 0.0ms
[682.478s][info][gc,phases      ] GC(276)   Evacuate Collection Set: 220.3ms
[682.478s][info][gc,phases      ] GC(276)   Post Evacuate Collection Set: 1.2ms
[682.478s][info][gc,phases      ] GC(276)   Other: 0.5ms
[682.478s][info][gc,heap        ] GC(276) Eden regions: 1225->0(1074)
[682.478s][info][gc,heap        ] GC(276) Survivor regions: 3->154(154)
[682.478s][info][gc,heap        ] GC(276) Old regions: 6->60
[682.478s][info][gc,heap        ] GC(276) Humongous regions: 3->3
[682.478s][info][gc,metaspace   ] GC(276) Metaspace: 25611K(26496K)->25611K(26496K) NonClass: 22334K(22784K)->22334K(22784K) Class: 3277K(3712K)->3277K(3712K)
[682.478s][info][gc             ] GC(276) Pause Young (Normal) (G1 Evacuation Pause) 2467M->427M(4096M) 222.115ms
[682.478s][info][gc,cpu         ] GC(276) User=1.30s Sys=0.00s Real=0.22s
[684.393s][info][gc,task        ] GC(277) Using 6 workers of 6 for full compaction
[684.393s][info][gc,start       ] GC(277) Pause Full (System.gc())
[684.394s][info][gc,phases,start] GC(277) Phase 1: Mark live objects
[684.397s][info][gc,stringtable ] GC(277) Cleaned string and symbol table, strings: 6952 processed, 0 removed, symbols: 66765 processed, 0 removed
[684.397s][info][gc,phases      ] GC(277) Phase 1: Mark live objects 3.097ms
[684.397s][info][gc,phases,start] GC(277) Phase 2: Prepare for compaction
[684.400s][info][gc,phases      ] GC(277) Phase 2: Prepare for compaction 3.039ms
[684.400s][info][gc,phases,start] GC(277) Phase 3: Adjust pointers
[684.403s][info][gc,phases      ] GC(277) Phase 3: Adjust pointers 2.914ms
[684.403s][info][gc,phases,start] GC(277) Phase 4: Compact heap
[684.405s][info][gc,phases      ] GC(277) Phase 4: Compact heap 1.760ms
[684.408s][info][gc,heap        ] GC(277) Eden regions: 325->0(1228)
[684.408s][info][gc,heap        ] GC(277) Survivor regions: 154->0(154)
[684.408s][info][gc,heap        ] GC(277) Old regions: 60->6
[684.408s][info][gc,heap        ] GC(277) Humongous regions: 5->1
[684.408s][info][gc,metaspace   ] GC(277) Metaspace: 25611K(26496K)->25611K(26496K) NonClass: 22334K(22784K)->22334K(22784K) Class: 3277K(3712K)->3277K(3712K)
[684.408s][info][gc             ] GC(277) Pause Full (System.gc()) 1081M->7M(4096M) 14.594ms
[684.408s][info][gc,cpu         ] GC(277) User=0.02s Sys=0.00s Real=0.02s
[686.179s][info][gc,start       ] GC(278) Pause Young (Normal) (G1 Evacuation Pause)
[686.179s][info][gc,task        ] GC(278) Using 6 workers of 6 for evacuation
[686.181s][info][gc,phases      ] GC(278)   Pre Evacuate Collection Set: 0.0ms
[686.181s][info][gc,phases      ] GC(278)   Evacuate Collection Set: 0.5ms
[686.181s][info][gc,phases      ] GC(278)   Post Evacuate Collection Set: 0.8ms
[686.181s][info][gc,phases      ] GC(278)   Other: 0.2ms
[686.181s][info][gc,heap        ] GC(278) Eden regions: 1228->0(1225)
[686.181s][info][gc,heap        ] GC(278) Survivor regions: 0->3(154)
[686.181s][info][gc,heap        ] GC(278) Old regions: 6->6
[686.181s][info][gc,heap        ] GC(278) Humongous regions: 1->1
[686.181s][info][gc,metaspace   ] GC(278) Metaspace: 25611K(26496K)->25611K(26496K) NonClass: 22334K(22784K)->22334K(22784K) Class: 3277K(3712K)->3277K(3712K)
[686.181s][info][gc             ] GC(278) Pause Young (Normal) (G1 Evacuation Pause) 2463M->13M(4096M) 1.646ms
[686.181s][info][gc,cpu         ] GC(278) User=0.00s Sys=0.00s Real=0.00s
[692.523s][info][gc,start       ] GC(279) Pause Young (Normal) (G1 Evacuation Pause)
[692.523s][info][gc,task        ] GC(279) Using 6 workers of 6 for evacuation
[692.736s][info][gc,mmu         ] GC(279) MMU target violated: 201.0ms (200.0ms/201.0ms)
[692.736s][info][gc,phases      ] GC(279)   Pre Evacuate Collection Set: 0.1ms
[692.736s][info][gc,phases      ] GC(279)   Evacuate Collection Set: 210.9ms
[692.736s][info][gc,phases      ] GC(279)   Post Evacuate Collection Set: 1.2ms
[692.736s][info][gc,phases      ] GC(279)   Other: 0.6ms
[692.736s][info][gc,heap        ] GC(279) Eden regions: 1225->0(1074)
[692.736s][info][gc,heap        ] GC(279) Survivor regions: 3->154(154)
[692.736s][info][gc,heap        ] GC(279) Old regions: 6->56
[692.736s][info][gc,heap        ] GC(279) Humongous regions: 1->1
[692.736s][info][gc,metaspace   ] GC(279) Metaspace: 25611K(26496K)->25611K(26496K) NonClass: 22334K(22784K)->22334K(22784K) Class: 3277K(3712K)->3277K(3712K)
[692.736s][info][gc             ] GC(279) Pause Young (Normal) (G1 Evacuation Pause) 2463M->415M(4096M) 212.714ms
[692.736s][info][gc,cpu         ] GC(279) User=1.23s Sys=0.00s Real=0.22s
[694.877s][info][gc,task        ] GC(280) Using 6 workers of 6 for full compaction
[694.877s][info][gc,start       ] GC(280) Pause Full (System.gc())
[694.877s][info][gc,phases,start] GC(280) Phase 1: Mark live objects
[694.881s][info][gc,stringtable ] GC(280) Cleaned string and symbol table, strings: 6954 processed, 0 removed, symbols: 66765 processed, 0 removed
[694.881s][info][gc,phases      ] GC(280) Phase 1: Mark live objects 3.507ms
[694.881s][info][gc,phases,start] GC(280) Phase 2: Prepare for compaction
[694.884s][info][gc,phases      ] GC(280) Phase 2: Prepare for compaction 3.299ms
[694.884s][info][gc,phases,start] GC(280) Phase 3: Adjust pointers
[694.887s][info][gc,phases      ] GC(280) Phase 3: Adjust pointers 3.151ms
[694.887s][info][gc,phases,start] GC(280) Phase 4: Compact heap
[694.889s][info][gc,phases      ] GC(280) Phase 4: Compact heap 1.701ms
[694.892s][info][gc,heap        ] GC(280) Eden regions: 337->0(1228)
[694.892s][info][gc,heap        ] GC(280) Survivor regions: 154->0(154)
[694.892s][info][gc,heap        ] GC(280) Old regions: 56->6
[694.892s][info][gc,heap        ] GC(280) Humongous regions: 5->1
[694.892s][info][gc,metaspace   ] GC(280) Metaspace: 25623K(26496K)->25623K(26496K) NonClass: 22346K(22784K)->22346K(22784K) Class: 3277K(3712K)->3277K(3712K)
[694.892s][info][gc             ] GC(280) Pause Full (System.gc()) 1096M->7M(4096M) 14.991ms
[694.892s][info][gc,cpu         ] GC(280) User=0.02s Sys=0.00s Real=0.02s
[696.680s][info][gc,start       ] GC(281) Pause Young (Normal) (G1 Evacuation Pause)
[696.680s][info][gc,task        ] GC(281) Using 6 workers of 6 for evacuation
[696.681s][info][gc,phases      ] GC(281)   Pre Evacuate Collection Set: 0.0ms
[696.682s][info][gc,phases      ] GC(281)   Evacuate Collection Set: 0.4ms
[696.682s][info][gc,phases      ] GC(281)   Post Evacuate Collection Set: 0.8ms
[696.682s][info][gc,phases      ] GC(281)   Other: 0.2ms
[696.682s][info][gc,heap        ] GC(281) Eden regions: 1228->0(1225)
[696.682s][info][gc,heap        ] GC(281) Survivor regions: 0->3(154)
[696.682s][info][gc,heap        ] GC(281) Old regions: 6->6
[696.682s][info][gc,heap        ] GC(281) Humongous regions: 1->1
[696.682s][info][gc,metaspace   ] GC(281) Metaspace: 25623K(26496K)->25623K(26496K) NonClass: 22346K(22784K)->22346K(22784K) Class: 3277K(3712K)->3277K(3712K)
[696.682s][info][gc             ] GC(281) Pause Young (Normal) (G1 Evacuation Pause) 2463M->13M(4096M) 1.623ms
[696.682s][info][gc,cpu         ] GC(281) User=0.00s Sys=0.00s Real=0.00s
[703.162s][info][gc,start       ] GC(282) Pause Young (Normal) (G1 Evacuation Pause)
[703.162s][info][gc,task        ] GC(282) Using 6 workers of 6 for evacuation
[703.372s][info][gc,mmu         ] GC(282) MMU target violated: 201.0ms (200.0ms/201.0ms)
[703.372s][info][gc,phases      ] GC(282)   Pre Evacuate Collection Set: 0.1ms
[703.372s][info][gc,phases      ] GC(282)   Evacuate Collection Set: 209.2ms
[703.372s][info][gc,phases      ] GC(282)   Post Evacuate Collection Set: 1.1ms
[703.372s][info][gc,phases      ] GC(282)   Other: 0.5ms
[703.372s][info][gc,heap        ] GC(282) Eden regions: 1225->0(1074)
[703.373s][info][gc,heap        ] GC(282) Survivor regions: 3->154(154)
[703.373s][info][gc,heap        ] GC(282) Old regions: 6->57
[703.373s][info][gc,heap        ] GC(282) Humongous regions: 1->1
[703.373s][info][gc,metaspace   ] GC(282) Metaspace: 25623K(26496K)->25623K(26496K) NonClass: 22346K(22784K)->22346K(22784K) Class: 3277K(3712K)->3277K(3712K)
[703.373s][info][gc             ] GC(282) Pause Young (Normal) (G1 Evacuation Pause) 2463M->417M(4096M) 210.953ms
[703.373s][info][gc,cpu         ] GC(282) User=1.20s Sys=0.00s Real=0.20s
[705.536s][info][gc,task        ] GC(283) Using 6 workers of 6 for full compaction
[705.536s][info][gc,start       ] GC(283) Pause Full (System.gc())
[705.537s][info][gc,phases,start] GC(283) Phase 1: Mark live objects
[705.539s][info][gc,stringtable ] GC(283) Cleaned string and symbol table, strings: 6954 processed, 0 removed, symbols: 66765 processed, 0 removed
[705.539s][info][gc,phases      ] GC(283) Phase 1: Mark live objects 2.874ms
[705.539s][info][gc,phases,start] GC(283) Phase 2: Prepare for compaction
[705.542s][info][gc,phases      ] GC(283) Phase 2: Prepare for compaction 2.992ms
[705.543s][info][gc,phases,start] GC(283) Phase 3: Adjust pointers
[705.545s][info][gc,phases      ] GC(283) Phase 3: Adjust pointers 2.962ms
[705.546s][info][gc,phases,start] GC(283) Phase 4: Compact heap
[705.547s][info][gc,phases      ] GC(283) Phase 4: Compact heap 1.554ms
[705.550s][info][gc,heap        ] GC(283) Eden regions: 334->0(1228)
[705.550s][info][gc,heap        ] GC(283) Survivor regions: 154->0(154)
[705.550s][info][gc,heap        ] GC(283) Old regions: 57->6
[705.550s][info][gc,heap        ] GC(283) Humongous regions: 5->1
[705.550s][info][gc,metaspace   ] GC(283) Metaspace: 25623K(26496K)->25623K(26496K) NonClass: 22346K(22784K)->22346K(22784K) Class: 3277K(3712K)->3277K(3712K)
[705.550s][info][gc             ] GC(283) Pause Full (System.gc()) 1093M->7M(4096M) 13.730ms
[705.550s][info][gc,cpu         ] GC(283) User=0.02s Sys=0.00s Real=0.02s
[707.435s][info][gc,start       ] GC(284) Pause Young (Normal) (G1 Evacuation Pause)
[707.435s][info][gc,task        ] GC(284) Using 6 workers of 6 for evacuation
[707.437s][info][gc,phases      ] GC(284)   Pre Evacuate Collection Set: 0.0ms
[707.437s][info][gc,phases      ] GC(284)   Evacuate Collection Set: 0.5ms
[707.437s][info][gc,phases      ] GC(284)   Post Evacuate Collection Set: 0.9ms
[707.437s][info][gc,phases      ] GC(284)   Other: 0.2ms
[707.437s][info][gc,heap        ] GC(284) Eden regions: 1228->0(1225)
[707.437s][info][gc,heap        ] GC(284) Survivor regions: 0->3(154)
[707.437s][info][gc,heap        ] GC(284) Old regions: 6->6
[707.437s][info][gc,heap        ] GC(284) Humongous regions: 1->1
[707.437s][info][gc,metaspace   ] GC(284) Metaspace: 25623K(26496K)->25623K(26496K) NonClass: 22346K(22784K)->22346K(22784K) Class: 3277K(3712K)->3277K(3712K)
[707.437s][info][gc             ] GC(284) Pause Young (Normal) (G1 Evacuation Pause) 2463M->13M(4096M) 1.735ms
[707.437s][info][gc,cpu         ] GC(284) User=0.00s Sys=0.00s Real=0.00s
[712.440s][info][gc,start       ] GC(285) Pause Young (Normal) (G1 Evacuation Pause)
[712.440s][info][gc,task        ] GC(285) Using 6 workers of 6 for evacuation
[712.685s][info][gc,mmu         ] GC(285) MMU target violated: 201.0ms (200.0ms/201.0ms)
[712.685s][info][gc,phases      ] GC(285)   Pre Evacuate Collection Set: 0.1ms
[712.685s][info][gc,phases      ] GC(285)   Evacuate Collection Set: 242.8ms
[712.685s][info][gc,phases      ] GC(285)   Post Evacuate Collection Set: 1.5ms
[712.685s][info][gc,phases      ] GC(285)   Other: 0.5ms
[712.685s][info][gc,heap        ] GC(285) Eden regions: 1225->0(1074)
[712.685s][info][gc,heap        ] GC(285) Survivor regions: 3->154(154)
[712.685s][info][gc,heap        ] GC(285) Old regions: 6->77
[712.685s][info][gc,heap        ] GC(285) Humongous regions: 5->5
[712.685s][info][gc,metaspace   ] GC(285) Metaspace: 25623K(26496K)->25623K(26496K) NonClass: 22346K(22784K)->22346K(22784K) Class: 3277K(3712K)->3277K(3712K)
[712.685s][info][gc             ] GC(285) Pause Young (Normal) (G1 Evacuation Pause) 2471M->464M(4096M) 244.888ms
[712.685s][info][gc,cpu         ] GC(285) User=1.39s Sys=0.03s Real=0.25s
[714.424s][info][gc,task        ] GC(286) Using 6 workers of 6 for full compaction
[714.424s][info][gc,start       ] GC(286) Pause Full (System.gc())
[714.425s][info][gc,phases,start] GC(286) Phase 1: Mark live objects
[714.428s][info][gc,stringtable ] GC(286) Cleaned string and symbol table, strings: 6954 processed, 0 removed, symbols: 66765 processed, 0 removed
[714.428s][info][gc,phases      ] GC(286) Phase 1: Mark live objects 3.324ms
[714.428s][info][gc,phases,start] GC(286) Phase 2: Prepare for compaction
[714.431s][info][gc,phases      ] GC(286) Phase 2: Prepare for compaction 3.029ms
[714.431s][info][gc,phases,start] GC(286) Phase 3: Adjust pointers
[714.434s][info][gc,phases      ] GC(286) Phase 3: Adjust pointers 2.870ms
[714.434s][info][gc,phases,start] GC(286) Phase 4: Compact heap
[714.436s][info][gc,phases      ] GC(286) Phase 4: Compact heap 1.904ms
[714.439s][info][gc,heap        ] GC(286) Eden regions: 288->0(1228)
[714.439s][info][gc,heap        ] GC(286) Survivor regions: 154->0(154)
[714.439s][info][gc,heap        ] GC(286) Old regions: 77->5
[714.439s][info][gc,heap        ] GC(286) Humongous regions: 5->1
[714.439s][info][gc,metaspace   ] GC(286) Metaspace: 25623K(26496K)->25623K(26496K) NonClass: 22346K(22784K)->22346K(22784K) Class: 3277K(3712K)->3277K(3712K)
[714.439s][info][gc             ] GC(286) Pause Full (System.gc()) 1040M->7M(4096M) 14.496ms
[714.439s][info][gc,cpu         ] GC(286) User=0.03s Sys=0.00s Real=0.02s
[716.231s][info][gc,start       ] GC(287) Pause Young (Normal) (G1 Evacuation Pause)
[716.231s][info][gc,task        ] GC(287) Using 6 workers of 6 for evacuation
[716.233s][info][gc,phases      ] GC(287)   Pre Evacuate Collection Set: 0.0ms
[716.233s][info][gc,phases      ] GC(287)   Evacuate Collection Set: 0.5ms
[716.233s][info][gc,phases      ] GC(287)   Post Evacuate Collection Set: 0.8ms
[716.233s][info][gc,phases      ] GC(287)   Other: 0.2ms
[716.233s][info][gc,heap        ] GC(287) Eden regions: 1228->0(1225)
[716.233s][info][gc,heap        ] GC(287) Survivor regions: 0->3(154)
[716.233s][info][gc,heap        ] GC(287) Old regions: 5->5
[716.233s][info][gc,heap        ] GC(287) Humongous regions: 1->1
[716.233s][info][gc,metaspace   ] GC(287) Metaspace: 25624K(26496K)->25624K(26496K) NonClass: 22347K(22784K)->22347K(22784K) Class: 3277K(3712K)->3277K(3712K)
[716.233s][info][gc             ] GC(287) Pause Young (Normal) (G1 Evacuation Pause) 2463M->13M(4096M) 1.761ms
[716.233s][info][gc,cpu         ] GC(287) User=0.00s Sys=0.00s Real=0.02s
[722.675s][info][gc,start       ] GC(288) Pause Young (Normal) (G1 Evacuation Pause)
[722.675s][info][gc,task        ] GC(288) Using 6 workers of 6 for evacuation
[722.899s][info][gc,mmu         ] GC(288) MMU target violated: 201.0ms (200.0ms/201.0ms)
[722.899s][info][gc,phases      ] GC(288)   Pre Evacuate Collection Set: 0.1ms
[722.899s][info][gc,phases      ] GC(288)   Evacuate Collection Set: 222.5ms
[722.899s][info][gc,phases      ] GC(288)   Post Evacuate Collection Set: 1.3ms
[722.899s][info][gc,phases      ] GC(288)   Other: 0.6ms
[722.899s][info][gc,heap        ] GC(288) Eden regions: 1225->0(1074)
[722.899s][info][gc,heap        ] GC(288) Survivor regions: 3->154(154)
[722.899s][info][gc,heap        ] GC(288) Old regions: 5->61
[722.899s][info][gc,heap        ] GC(288) Humongous regions: 3->3
[722.899s][info][gc,metaspace   ] GC(288) Metaspace: 25624K(26496K)->25624K(26496K) NonClass: 22347K(22784K)->22347K(22784K) Class: 3277K(3712K)->3277K(3712K)
[722.899s][info][gc             ] GC(288) Pause Young (Normal) (G1 Evacuation Pause) 2467M->431M(4096M) 224.401ms
[722.899s][info][gc,cpu         ] GC(288) User=1.31s Sys=0.00s Real=0.23s
[724.842s][info][gc,task        ] GC(289) Using 6 workers of 6 for full compaction
[724.842s][info][gc,start       ] GC(289) Pause Full (System.gc())
[724.843s][info][gc,phases,start] GC(289) Phase 1: Mark live objects
[724.845s][info][gc,stringtable ] GC(289) Cleaned string and symbol table, strings: 6954 processed, 0 removed, symbols: 66765 processed, 0 removed
[724.846s][info][gc,phases      ] GC(289) Phase 1: Mark live objects 2.866ms
[724.846s][info][gc,phases,start] GC(289) Phase 2: Prepare for compaction
[724.849s][info][gc,phases      ] GC(289) Phase 2: Prepare for compaction 3.036ms
[724.849s][info][gc,phases,start] GC(289) Phase 3: Adjust pointers
[724.852s][info][gc,phases      ] GC(289) Phase 3: Adjust pointers 2.926ms
[724.852s][info][gc,phases,start] GC(289) Phase 4: Compact heap
[724.853s][info][gc,phases      ] GC(289) Phase 4: Compact heap 1.638ms
[724.856s][info][gc,heap        ] GC(289) Eden regions: 324->0(1228)
[724.856s][info][gc,heap        ] GC(289) Survivor regions: 154->0(154)
[724.856s][info][gc,heap        ] GC(289) Old regions: 61->6
[724.856s][info][gc,heap        ] GC(289) Humongous regions: 5->1
[724.856s][info][gc,metaspace   ] GC(289) Metaspace: 25624K(26496K)->25624K(26496K) NonClass: 22347K(22784K)->22347K(22784K) Class: 3277K(3712K)->3277K(3712K)
[724.856s][info][gc             ] GC(289) Pause Full (System.gc()) 1082M->7M(4096M) 13.925ms
[724.857s][info][gc,cpu         ] GC(289) User=0.02s Sys=0.00s Real=0.01s
[726.633s][info][gc,start       ] GC(290) Pause Young (Normal) (G1 Evacuation Pause)
[726.633s][info][gc,task        ] GC(290) Using 6 workers of 6 for evacuation
[726.635s][info][gc,phases      ] GC(290)   Pre Evacuate Collection Set: 0.0ms
[726.635s][info][gc,phases      ] GC(290)   Evacuate Collection Set: 0.5ms
[726.635s][info][gc,phases      ] GC(290)   Post Evacuate Collection Set: 0.9ms
[726.635s][info][gc,phases      ] GC(290)   Other: 0.3ms
[726.635s][info][gc,heap        ] GC(290) Eden regions: 1228->0(1225)
[726.635s][info][gc,heap        ] GC(290) Survivor regions: 0->3(154)
[726.635s][info][gc,heap        ] GC(290) Old regions: 6->6
[726.635s][info][gc,heap        ] GC(290) Humongous regions: 1->1
[726.635s][info][gc,metaspace   ] GC(290) Metaspace: 25625K(26496K)->25625K(26496K) NonClass: 22348K(22784K)->22348K(22784K) Class: 3277K(3712K)->3277K(3712K)
[726.635s][info][gc             ] GC(290) Pause Young (Normal) (G1 Evacuation Pause) 2463M->13M(4096M) 1.765ms
[726.635s][info][gc,cpu         ] GC(290) User=0.00s Sys=0.00s Real=0.00s
[732.937s][info][gc,start       ] GC(291) Pause Young (Normal) (G1 Evacuation Pause)
[732.937s][info][gc,task        ] GC(291) Using 6 workers of 6 for evacuation
[733.150s][info][gc,mmu         ] GC(291) MMU target violated: 201.0ms (200.0ms/201.0ms)
[733.150s][info][gc,phases      ] GC(291)   Pre Evacuate Collection Set: 0.0ms
[733.150s][info][gc,phases      ] GC(291)   Evacuate Collection Set: 211.0ms
[733.150s][info][gc,phases      ] GC(291)   Post Evacuate Collection Set: 1.4ms
[733.150s][info][gc,phases      ] GC(291)   Other: 0.5ms
[733.150s][info][gc,heap        ] GC(291) Eden regions: 1225->0(1074)
[733.150s][info][gc,heap        ] GC(291) Survivor regions: 3->154(154)
[733.150s][info][gc,heap        ] GC(291) Old regions: 6->57
[733.150s][info][gc,heap        ] GC(291) Humongous regions: 1->1
[733.150s][info][gc,metaspace   ] GC(291) Metaspace: 25625K(26496K)->25625K(26496K) NonClass: 22348K(22784K)->22348K(22784K) Class: 3277K(3712K)->3277K(3712K)
[733.150s][info][gc             ] GC(291) Pause Young (Normal) (G1 Evacuation Pause) 2463M->417M(4096M) 213.021ms
[733.150s][info][gc,cpu         ] GC(291) User=1.22s Sys=0.00s Real=0.20s
[735.310s][info][gc,task        ] GC(292) Using 6 workers of 6 for full compaction
[735.310s][info][gc,start       ] GC(292) Pause Full (System.gc())
[735.310s][info][gc,phases,start] GC(292) Phase 1: Mark live objects
[735.313s][info][gc,stringtable ] GC(292) Cleaned string and symbol table, strings: 6954 processed, 0 removed, symbols: 66765 processed, 0 removed
[735.313s][info][gc,phases      ] GC(292) Phase 1: Mark live objects 2.957ms
[735.313s][info][gc,phases,start] GC(292) Phase 2: Prepare for compaction
[735.316s][info][gc,phases      ] GC(292) Phase 2: Prepare for compaction 3.158ms
[735.316s][info][gc,phases,start] GC(292) Phase 3: Adjust pointers
[735.319s][info][gc,phases      ] GC(292) Phase 3: Adjust pointers 3.279ms
[735.319s][info][gc,phases,start] GC(292) Phase 4: Compact heap
[735.321s][info][gc,phases      ] GC(292) Phase 4: Compact heap 1.650ms
[735.324s][info][gc,heap        ] GC(292) Eden regions: 333->0(1228)
[735.324s][info][gc,heap        ] GC(292) Survivor regions: 154->0(154)
[735.324s][info][gc,heap        ] GC(292) Old regions: 57->6
[735.324s][info][gc,heap        ] GC(292) Humongous regions: 5->1
[735.324s][info][gc,metaspace   ] GC(292) Metaspace: 25625K(26496K)->25625K(26496K) NonClass: 22348K(22784K)->22348K(22784K) Class: 3277K(3712K)->3277K(3712K)
[735.324s][info][gc             ] GC(292) Pause Full (System.gc()) 1091M->7M(4096M) 14.326ms
[735.324s][info][gc,cpu         ] GC(292) User=0.02s Sys=0.00s Real=0.02s
[737.187s][info][gc,start       ] GC(293) Pause Young (Normal) (G1 Evacuation Pause)
[737.187s][info][gc,task        ] GC(293) Using 6 workers of 6 for evacuation
[737.189s][info][gc,phases      ] GC(293)   Pre Evacuate Collection Set: 0.0ms
[737.189s][info][gc,phases      ] GC(293)   Evacuate Collection Set: 0.5ms
[737.189s][info][gc,phases      ] GC(293)   Post Evacuate Collection Set: 0.8ms
[737.189s][info][gc,phases      ] GC(293)   Other: 0.2ms
[737.189s][info][gc,heap        ] GC(293) Eden regions: 1228->0(1225)
[737.189s][info][gc,heap        ] GC(293) Survivor regions: 0->3(154)
[737.189s][info][gc,heap        ] GC(293) Old regions: 6->6
[737.189s][info][gc,heap        ] GC(293) Humongous regions: 1->1
[737.189s][info][gc,metaspace   ] GC(293) Metaspace: 25625K(26496K)->25625K(26496K) NonClass: 22348K(22784K)->22348K(22784K) Class: 3277K(3712K)->3277K(3712K)
[737.189s][info][gc             ] GC(293) Pause Young (Normal) (G1 Evacuation Pause) 2463M->13M(4096M) 1.654ms
[737.189s][info][gc,cpu         ] GC(293) User=0.00s Sys=0.00s Real=0.00s
[743.556s][info][gc,start       ] GC(294) Pause Young (Normal) (G1 Evacuation Pause)
[743.556s][info][gc,task        ] GC(294) Using 6 workers of 6 for evacuation
[743.771s][info][gc,mmu         ] GC(294) MMU target violated: 201.0ms (200.0ms/201.0ms)
[743.771s][info][gc,phases      ] GC(294)   Pre Evacuate Collection Set: 0.0ms
[743.771s][info][gc,phases      ] GC(294)   Evacuate Collection Set: 212.8ms
[743.771s][info][gc,phases      ] GC(294)   Post Evacuate Collection Set: 1.4ms
[743.771s][info][gc,phases      ] GC(294)   Other: 0.5ms
[743.771s][info][gc,heap        ] GC(294) Eden regions: 1225->0(1074)
[743.771s][info][gc,heap        ] GC(294) Survivor regions: 3->154(154)
[743.771s][info][gc,heap        ] GC(294) Old regions: 6->56
[743.771s][info][gc,heap        ] GC(294) Humongous regions: 1->1
[743.771s][info][gc,metaspace   ] GC(294) Metaspace: 25625K(26496K)->25625K(26496K) NonClass: 22348K(22784K)->22348K(22784K) Class: 3277K(3712K)->3277K(3712K)
[743.771s][info][gc             ] GC(294) Pause Young (Normal) (G1 Evacuation Pause) 2463M->415M(4096M) 214.798ms
[743.771s][info][gc,cpu         ] GC(294) User=1.23s Sys=0.00s Real=0.22s
[745.855s][info][gc,task        ] GC(295) Using 6 workers of 6 for full compaction
[745.855s][info][gc,start       ] GC(295) Pause Full (System.gc())
[745.856s][info][gc,phases,start] GC(295) Phase 1: Mark live objects
[745.859s][info][gc,stringtable ] GC(295) Cleaned string and symbol table, strings: 6954 processed, 0 removed, symbols: 66765 processed, 0 removed
[745.859s][info][gc,phases      ] GC(295) Phase 1: Mark live objects 3.285ms
[745.859s][info][gc,phases,start] GC(295) Phase 2: Prepare for compaction
[745.862s][info][gc,phases      ] GC(295) Phase 2: Prepare for compaction 2.952ms
[745.862s][info][gc,phases,start] GC(295) Phase 3: Adjust pointers
[745.865s][info][gc,phases      ] GC(295) Phase 3: Adjust pointers 3.417ms
[745.865s][info][gc,phases,start] GC(295) Phase 4: Compact heap
[745.867s][info][gc,phases      ] GC(295) Phase 4: Compact heap 1.701ms
[745.870s][info][gc,heap        ] GC(295) Eden regions: 335->0(1228)
[745.870s][info][gc,heap        ] GC(295) Survivor regions: 154->0(154)
[745.870s][info][gc,heap        ] GC(295) Old regions: 56->6
[745.870s][info][gc,heap        ] GC(295) Humongous regions: 5->1
[745.870s][info][gc,metaspace   ] GC(295) Metaspace: 25625K(26496K)->25625K(26496K) NonClass: 22348K(22784K)->22348K(22784K) Class: 3277K(3712K)->3277K(3712K)
[745.870s][info][gc             ] GC(295) Pause Full (System.gc()) 1092M->7M(4096M) 14.708ms
[745.870s][info][gc,cpu         ] GC(295) User=0.00s Sys=0.00s Real=0.02s
[748.208s][info][gc,start       ] GC(296) Pause Young (Normal) (G1 Evacuation Pause)
[748.208s][info][gc,task        ] GC(296) Using 6 workers of 6 for evacuation
[748.210s][info][gc,phases      ] GC(296)   Pre Evacuate Collection Set: 0.0ms
[748.210s][info][gc,phases      ] GC(296)   Evacuate Collection Set: 0.5ms
[748.210s][info][gc,phases      ] GC(296)   Post Evacuate Collection Set: 0.8ms
[748.210s][info][gc,phases      ] GC(296)   Other: 0.2ms
[748.210s][info][gc,heap        ] GC(296) Eden regions: 1228->0(1225)
[748.210s][info][gc,heap        ] GC(296) Survivor regions: 0->3(154)
[748.210s][info][gc,heap        ] GC(296) Old regions: 6->6
[748.210s][info][gc,heap        ] GC(296) Humongous regions: 1->1
[748.210s][info][gc,metaspace   ] GC(296) Metaspace: 25625K(26496K)->25625K(26496K) NonClass: 22348K(22784K)->22348K(22784K) Class: 3277K(3712K)->3277K(3712K)
[748.210s][info][gc             ] GC(296) Pause Young (Normal) (G1 Evacuation Pause) 2463M->13M(4096M) 1.627ms
[748.210s][info][gc,cpu         ] GC(296) User=0.02s Sys=0.00s Real=0.00s
[755.036s][info][gc,start       ] GC(297) Pause Young (Normal) (G1 Evacuation Pause)
[755.036s][info][gc,task        ] GC(297) Using 6 workers of 6 for evacuation
[755.256s][info][gc,mmu         ] GC(297) MMU target violated: 201.0ms (200.0ms/201.0ms)
[755.256s][info][gc,phases      ] GC(297)   Pre Evacuate Collection Set: 0.0ms
[755.256s][info][gc,phases      ] GC(297)   Evacuate Collection Set: 218.6ms
[755.256s][info][gc,phases      ] GC(297)   Post Evacuate Collection Set: 1.2ms
[755.256s][info][gc,phases      ] GC(297)   Other: 0.5ms
[755.256s][info][gc,heap        ] GC(297) Eden regions: 1225->0(1074)
[755.256s][info][gc,heap        ] GC(297) Survivor regions: 3->154(154)
[755.256s][info][gc,heap        ] GC(297) Old regions: 6->59
[755.256s][info][gc,heap        ] GC(297) Humongous regions: 3->3
[755.256s][info][gc,metaspace   ] GC(297) Metaspace: 25625K(26496K)->25625K(26496K) NonClass: 22348K(22784K)->22348K(22784K) Class: 3277K(3712K)->3277K(3712K)
[755.256s][info][gc             ] GC(297) Pause Young (Normal) (G1 Evacuation Pause) 2467M->424M(4096M) 220.389ms
[755.256s][info][gc,cpu         ] GC(297) User=1.16s Sys=0.00s Real=0.22s
[757.204s][info][gc,task        ] GC(298) Using 6 workers of 6 for full compaction
[757.204s][info][gc,start       ] GC(298) Pause Full (System.gc())
[757.204s][info][gc,phases,start] GC(298) Phase 1: Mark live objects
[757.207s][info][gc,stringtable ] GC(298) Cleaned string and symbol table, strings: 6954 processed, 0 removed, symbols: 66765 processed, 0 removed
[757.207s][info][gc,phases      ] GC(298) Phase 1: Mark live objects 3.034ms
[757.207s][info][gc,phases,start] GC(298) Phase 2: Prepare for compaction
[757.210s][info][gc,phases      ] GC(298) Phase 2: Prepare for compaction 2.951ms
[757.210s][info][gc,phases,start] GC(298) Phase 3: Adjust pointers
[757.213s][info][gc,phases      ] GC(298) Phase 3: Adjust pointers 2.968ms
[757.213s][info][gc,phases,start] GC(298) Phase 4: Compact heap
[757.216s][info][gc,phases      ] GC(298) Phase 4: Compact heap 2.463ms
[757.218s][info][gc,heap        ] GC(298) Eden regions: 329->0(1228)
[757.218s][info][gc,heap        ] GC(298) Survivor regions: 154->0(154)
[757.218s][info][gc,heap        ] GC(298) Old regions: 59->6
[757.218s][info][gc,heap        ] GC(298) Humongous regions: 5->1
[757.218s][info][gc,metaspace   ] GC(298) Metaspace: 25625K(26496K)->25625K(26496K) NonClass: 22348K(22784K)->22348K(22784K) Class: 3277K(3712K)->3277K(3712K)
[757.218s][info][gc             ] GC(298) Pause Full (System.gc()) 1086M->7M(4096M) 14.600ms
[757.219s][info][gc,cpu         ] GC(298) User=0.00s Sys=0.00s Real=0.02s
[759.011s][info][gc,start       ] GC(299) Pause Young (Normal) (G1 Evacuation Pause)
[759.011s][info][gc,task        ] GC(299) Using 6 workers of 6 for evacuation
[759.013s][info][gc,phases      ] GC(299)   Pre Evacuate Collection Set: 0.0ms
[759.013s][info][gc,phases      ] GC(299)   Evacuate Collection Set: 0.5ms
[759.013s][info][gc,phases      ] GC(299)   Post Evacuate Collection Set: 0.9ms
[759.013s][info][gc,phases      ] GC(299)   Other: 0.2ms
[759.013s][info][gc,heap        ] GC(299) Eden regions: 1228->0(1225)
[759.013s][info][gc,heap        ] GC(299) Survivor regions: 0->3(154)
[759.013s][info][gc,heap        ] GC(299) Old regions: 6->6
[759.013s][info][gc,heap        ] GC(299) Humongous regions: 1->1
[759.013s][info][gc,metaspace   ] GC(299) Metaspace: 25625K(26496K)->25625K(26496K) NonClass: 22348K(22784K)->22348K(22784K) Class: 3277K(3712K)->3277K(3712K)
[759.013s][info][gc             ] GC(299) Pause Young (Normal) (G1 Evacuation Pause) 2463M->13M(4096M) 1.671ms
[759.013s][info][gc,cpu         ] GC(299) User=0.00s Sys=0.00s Real=0.00s
[765.551s][info][gc,start       ] GC(300) Pause Young (Normal) (G1 Evacuation Pause)
[765.551s][info][gc,task        ] GC(300) Using 6 workers of 6 for evacuation
[765.762s][info][gc,mmu         ] GC(300) MMU target violated: 201.0ms (200.0ms/201.0ms)
[765.762s][info][gc,phases      ] GC(300)   Pre Evacuate Collection Set: 0.0ms
[765.762s][info][gc,phases      ] GC(300)   Evacuate Collection Set: 209.2ms
[765.762s][info][gc,phases      ] GC(300)   Post Evacuate Collection Set: 1.3ms
[765.762s][info][gc,phases      ] GC(300)   Other: 0.5ms
[765.762s][info][gc,heap        ] GC(300) Eden regions: 1225->0(1074)
[765.762s][info][gc,heap        ] GC(300) Survivor regions: 3->154(154)
[765.762s][info][gc,heap        ] GC(300) Old regions: 6->57
[765.762s][info][gc,heap        ] GC(300) Humongous regions: 1->1
[765.762s][info][gc,metaspace   ] GC(300) Metaspace: 25625K(26496K)->25625K(26496K) NonClass: 22348K(22784K)->22348K(22784K) Class: 3277K(3712K)->3277K(3712K)
[765.762s][info][gc             ] GC(300) Pause Young (Normal) (G1 Evacuation Pause) 2463M->417M(4096M) 211.068ms
[765.762s][info][gc,cpu         ] GC(300) User=1.20s Sys=0.00s Real=0.20s
[767.873s][info][gc,task        ] GC(301) Using 6 workers of 6 for full compaction
[767.873s][info][gc,start       ] GC(301) Pause Full (System.gc())
[767.873s][info][gc,phases,start] GC(301) Phase 1: Mark live objects
[767.876s][info][gc,stringtable ] GC(301) Cleaned string and symbol table, strings: 6954 processed, 0 removed, symbols: 66765 processed, 0 removed
[767.876s][info][gc,phases      ] GC(301) Phase 1: Mark live objects 3.006ms
[767.876s][info][gc,phases,start] GC(301) Phase 2: Prepare for compaction
[767.879s][info][gc,phases      ] GC(301) Phase 2: Prepare for compaction 2.917ms
[767.879s][info][gc,phases,start] GC(301) Phase 3: Adjust pointers
[767.882s][info][gc,phases      ] GC(301) Phase 3: Adjust pointers 2.956ms
[767.882s][info][gc,phases,start] GC(301) Phase 4: Compact heap
[767.884s][info][gc,phases      ] GC(301) Phase 4: Compact heap 1.666ms
[767.887s][info][gc,heap        ] GC(301) Eden regions: 334->0(1228)
[767.887s][info][gc,heap        ] GC(301) Survivor regions: 154->0(154)
[767.887s][info][gc,heap        ] GC(301) Old regions: 57->5
[767.887s][info][gc,heap        ] GC(301) Humongous regions: 5->1
[767.887s][info][gc,metaspace   ] GC(301) Metaspace: 25625K(26496K)->25625K(26496K) NonClass: 22348K(22784K)->22348K(22784K) Class: 3277K(3712K)->3277K(3712K)
[767.887s][info][gc             ] GC(301) Pause Full (System.gc()) 1092M->7M(4096M) 14.047ms
[767.887s][info][gc,cpu         ] GC(301) User=0.00s Sys=0.00s Real=0.02s
[769.671s][info][gc,start       ] GC(302) Pause Young (Normal) (G1 Evacuation Pause)
[769.671s][info][gc,task        ] GC(302) Using 6 workers of 6 for evacuation
[769.673s][info][gc,phases      ] GC(302)   Pre Evacuate Collection Set: 0.1ms
[769.673s][info][gc,phases      ] GC(302)   Evacuate Collection Set: 0.7ms
[769.673s][info][gc,phases      ] GC(302)   Post Evacuate Collection Set: 1.0ms
[769.673s][info][gc,phases      ] GC(302)   Other: 0.2ms
[769.673s][info][gc,heap        ] GC(302) Eden regions: 1228->0(1225)
[769.673s][info][gc,heap        ] GC(302) Survivor regions: 0->3(154)
[769.673s][info][gc,heap        ] GC(302) Old regions: 5->5
[769.673s][info][gc,heap        ] GC(302) Humongous regions: 1->1
[769.674s][info][gc,metaspace   ] GC(302) Metaspace: 25625K(26496K)->25625K(26496K) NonClass: 22348K(22784K)->22348K(22784K) Class: 3277K(3712K)->3277K(3712K)
[769.674s][info][gc             ] GC(302) Pause Young (Normal) (G1 Evacuation Pause) 2463M->13M(4096M) 2.100ms
[769.674s][info][gc,cpu         ] GC(302) User=0.00s Sys=0.00s Real=0.00s
[776.112s][info][gc,start       ] GC(303) Pause Young (Normal) (G1 Evacuation Pause)
[776.112s][info][gc,task        ] GC(303) Using 6 workers of 6 for evacuation
[776.322s][info][gc,mmu         ] GC(303) MMU target violated: 201.0ms (200.0ms/201.0ms)
[776.323s][info][gc,phases      ] GC(303)   Pre Evacuate Collection Set: 0.0ms
[776.323s][info][gc,phases      ] GC(303)   Evacuate Collection Set: 209.4ms
[776.323s][info][gc,phases      ] GC(303)   Post Evacuate Collection Set: 1.1ms
[776.323s][info][gc,phases      ] GC(303)   Other: 0.5ms
[776.323s][info][gc,heap        ] GC(303) Eden regions: 1225->0(1074)
[776.323s][info][gc,heap        ] GC(303) Survivor regions: 3->154(154)
[776.323s][info][gc,heap        ] GC(303) Old regions: 5->56
[776.323s][info][gc,heap        ] GC(303) Humongous regions: 1->1
[776.323s][info][gc,metaspace   ] GC(303) Metaspace: 25625K(26496K)->25625K(26496K) NonClass: 22348K(22784K)->22348K(22784K) Class: 3277K(3712K)->3277K(3712K)
[776.323s][info][gc             ] GC(303) Pause Young (Normal) (G1 Evacuation Pause) 2463M->415M(4096M) 211.161ms
[776.323s][info][gc,cpu         ] GC(303) User=1.22s Sys=0.00s Real=0.20s
[778.424s][info][gc,task        ] GC(304) Using 6 workers of 6 for full compaction
[778.424s][info][gc,start       ] GC(304) Pause Full (System.gc())
[778.424s][info][gc,phases,start] GC(304) Phase 1: Mark live objects
[778.427s][info][gc,stringtable ] GC(304) Cleaned string and symbol table, strings: 6954 processed, 0 removed, symbols: 66765 processed, 0 removed
[778.427s][info][gc,phases      ] GC(304) Phase 1: Mark live objects 2.845ms
[778.427s][info][gc,phases,start] GC(304) Phase 2: Prepare for compaction
[778.430s][info][gc,phases      ] GC(304) Phase 2: Prepare for compaction 3.069ms
[778.430s][info][gc,phases,start] GC(304) Phase 3: Adjust pointers
[778.433s][info][gc,phases      ] GC(304) Phase 3: Adjust pointers 3.002ms
[778.433s][info][gc,phases,start] GC(304) Phase 4: Compact heap
[778.435s][info][gc,phases      ] GC(304) Phase 4: Compact heap 1.909ms
[778.438s][info][gc,heap        ] GC(304) Eden regions: 336->0(1228)
[778.438s][info][gc,heap        ] GC(304) Survivor regions: 154->0(154)
[778.438s][info][gc,heap        ] GC(304) Old regions: 56->6
[778.438s][info][gc,heap        ] GC(304) Humongous regions: 5->1
[778.438s][info][gc,metaspace   ] GC(304) Metaspace: 25625K(26496K)->25625K(26496K) NonClass: 22348K(22784K)->22348K(22784K) Class: 3277K(3712K)->3277K(3712K)
[778.438s][info][gc             ] GC(304) Pause Full (System.gc()) 1094M->7M(4096M) 14.095ms
[778.438s][info][gc,cpu         ] GC(304) User=0.00s Sys=0.00s Real=0.02s
[780.864s][info][gc,start       ] GC(305) Pause Young (Normal) (G1 Evacuation Pause)
[780.864s][info][gc,task        ] GC(305) Using 6 workers of 6 for evacuation
[780.866s][info][gc,phases      ] GC(305)   Pre Evacuate Collection Set: 0.1ms
[780.866s][info][gc,phases      ] GC(305)   Evacuate Collection Set: 0.6ms
[780.866s][info][gc,phases      ] GC(305)   Post Evacuate Collection Set: 1.0ms
[780.866s][info][gc,phases      ] GC(305)   Other: 0.3ms
[780.866s][info][gc,heap        ] GC(305) Eden regions: 1228->0(1225)
[780.866s][info][gc,heap        ] GC(305) Survivor regions: 0->3(154)
[780.866s][info][gc,heap        ] GC(305) Old regions: 6->6
[780.866s][info][gc,heap        ] GC(305) Humongous regions: 1->1
[780.866s][info][gc,metaspace   ] GC(305) Metaspace: 25625K(26496K)->25625K(26496K) NonClass: 22348K(22784K)->22348K(22784K) Class: 3277K(3712K)->3277K(3712K)
[780.866s][info][gc             ] GC(305) Pause Young (Normal) (G1 Evacuation Pause) 2463M->13M(4096M) 2.001ms
[780.866s][info][gc,cpu         ] GC(305) User=0.00s Sys=0.00s Real=0.02s
[787.545s][info][gc,start       ] GC(306) Pause Young (Normal) (G1 Evacuation Pause)
[787.546s][info][gc,task        ] GC(306) Using 6 workers of 6 for evacuation
[787.770s][info][gc,mmu         ] GC(306) MMU target violated: 201.0ms (200.0ms/201.0ms)
[787.770s][info][gc,phases      ] GC(306)   Pre Evacuate Collection Set: 0.0ms
[787.770s][info][gc,phases      ] GC(306)   Evacuate Collection Set: 223.1ms
[787.770s][info][gc,phases      ] GC(306)   Post Evacuate Collection Set: 1.2ms
[787.770s][info][gc,phases      ] GC(306)   Other: 0.5ms
[787.770s][info][gc,heap        ] GC(306) Eden regions: 1225->0(1074)
[787.770s][info][gc,heap        ] GC(306) Survivor regions: 3->154(154)
[787.770s][info][gc,heap        ] GC(306) Old regions: 6->62
[787.770s][info][gc,heap        ] GC(306) Humongous regions: 3->3
[787.770s][info][gc,metaspace   ] GC(306) Metaspace: 25625K(26496K)->25625K(26496K) NonClass: 22348K(22784K)->22348K(22784K) Class: 3277K(3712K)->3277K(3712K)
[787.770s][info][gc             ] GC(306) Pause Young (Normal) (G1 Evacuation Pause) 2467M->430M(4096M) 224.834ms
[787.770s][info][gc,cpu         ] GC(306) User=1.31s Sys=0.00s Real=0.22s
[789.718s][info][gc,task        ] GC(307) Using 6 workers of 6 for full compaction
[789.718s][info][gc,start       ] GC(307) Pause Full (System.gc())
[789.718s][info][gc,phases,start] GC(307) Phase 1: Mark live objects
[789.721s][info][gc,stringtable ] GC(307) Cleaned string and symbol table, strings: 6954 processed, 0 removed, symbols: 66765 processed, 0 removed
[789.722s][info][gc,phases      ] GC(307) Phase 1: Mark live objects 3.470ms
[789.722s][info][gc,phases,start] GC(307) Phase 2: Prepare for compaction
[789.725s][info][gc,phases      ] GC(307) Phase 2: Prepare for compaction 3.284ms
[789.725s][info][gc,phases,start] GC(307) Phase 3: Adjust pointers
[789.728s][info][gc,phases      ] GC(307) Phase 3: Adjust pointers 3.467ms
[789.728s][info][gc,phases,start] GC(307) Phase 4: Compact heap
[789.730s][info][gc,phases      ] GC(307) Phase 4: Compact heap 1.754ms
[789.733s][info][gc,heap        ] GC(307) Eden regions: 323->0(1228)
[789.733s][info][gc,heap        ] GC(307) Survivor regions: 154->0(154)
[789.733s][info][gc,heap        ] GC(307) Old regions: 62->6
[789.733s][info][gc,heap        ] GC(307) Humongous regions: 5->1
[789.733s][info][gc,metaspace   ] GC(307) Metaspace: 25625K(26496K)->25625K(26496K) NonClass: 22348K(22784K)->22348K(22784K) Class: 3277K(3712K)->3277K(3712K)
[789.733s][info][gc             ] GC(307) Pause Full (System.gc()) 1080M->7M(4096M) 15.401ms
[789.733s][info][gc,cpu         ] GC(307) User=0.02s Sys=0.00s Real=0.02s
[791.752s][info][gc,start       ] GC(308) Pause Young (Normal) (G1 Evacuation Pause)
[791.752s][info][gc,task        ] GC(308) Using 6 workers of 6 for evacuation
[791.754s][info][gc,phases      ] GC(308)   Pre Evacuate Collection Set: 0.0ms
[791.754s][info][gc,phases      ] GC(308)   Evacuate Collection Set: 0.4ms
[791.754s][info][gc,phases      ] GC(308)   Post Evacuate Collection Set: 0.8ms
[791.754s][info][gc,phases      ] GC(308)   Other: 0.2ms
[791.754s][info][gc,heap        ] GC(308) Eden regions: 1228->0(1225)
[791.754s][info][gc,heap        ] GC(308) Survivor regions: 0->3(154)
[791.754s][info][gc,heap        ] GC(308) Old regions: 6->6
[791.754s][info][gc,heap        ] GC(308) Humongous regions: 1->1
[791.754s][info][gc,metaspace   ] GC(308) Metaspace: 25625K(26496K)->25625K(26496K) NonClass: 22348K(22784K)->22348K(22784K) Class: 3277K(3712K)->3277K(3712K)
[791.754s][info][gc             ] GC(308) Pause Young (Normal) (G1 Evacuation Pause) 2463M->13M(4096M) 1.609ms
[791.754s][info][gc,cpu         ] GC(308) User=0.00s Sys=0.00s Real=0.00s
[798.115s][info][gc,start       ] GC(309) Pause Young (Normal) (G1 Evacuation Pause)
[798.115s][info][gc,task        ] GC(309) Using 6 workers of 6 for evacuation
[798.332s][info][gc,mmu         ] GC(309) MMU target violated: 201.0ms (200.0ms/201.0ms)
[798.333s][info][gc,phases      ] GC(309)   Pre Evacuate Collection Set: 0.0ms
[798.333s][info][gc,phases      ] GC(309)   Evacuate Collection Set: 215.9ms
[798.333s][info][gc,phases      ] GC(309)   Post Evacuate Collection Set: 1.3ms
[798.333s][info][gc,phases      ] GC(309)   Other: 0.5ms
[798.333s][info][gc,heap        ] GC(309) Eden regions: 1225->0(1074)
[798.333s][info][gc,heap        ] GC(309) Survivor regions: 3->154(154)
[798.333s][info][gc,heap        ] GC(309) Old regions: 6->57
[798.333s][info][gc,heap        ] GC(309) Humongous regions: 1->1
[798.333s][info][gc,metaspace   ] GC(309) Metaspace: 25627K(26496K)->25627K(26496K) NonClass: 22350K(22784K)->22350K(22784K) Class: 3277K(3712K)->3277K(3712K)
[798.333s][info][gc             ] GC(309) Pause Young (Normal) (G1 Evacuation Pause) 2463M->417M(4096M) 217.772ms
[798.333s][info][gc,cpu         ] GC(309) User=1.27s Sys=0.00s Real=0.21s
[800.386s][info][gc,task        ] GC(310) Using 6 workers of 6 for full compaction
[800.386s][info][gc,start       ] GC(310) Pause Full (System.gc())
[800.386s][info][gc,phases,start] GC(310) Phase 1: Mark live objects
[800.390s][info][gc,stringtable ] GC(310) Cleaned string and symbol table, strings: 6954 processed, 0 removed, symbols: 66765 processed, 0 removed
[800.390s][info][gc,phases      ] GC(310) Phase 1: Mark live objects 3.315ms
[800.390s][info][gc,phases,start] GC(310) Phase 2: Prepare for compaction
[800.393s][info][gc,phases      ] GC(310) Phase 2: Prepare for compaction 2.909ms
[800.393s][info][gc,phases,start] GC(310) Phase 3: Adjust pointers
[800.396s][info][gc,phases      ] GC(310) Phase 3: Adjust pointers 2.985ms
[800.396s][info][gc,phases,start] GC(310) Phase 4: Compact heap
[800.398s][info][gc,phases      ] GC(310) Phase 4: Compact heap 2.085ms
[800.401s][info][gc,heap        ] GC(310) Eden regions: 334->0(1228)
[800.401s][info][gc,heap        ] GC(310) Survivor regions: 154->0(154)
[800.401s][info][gc,heap        ] GC(310) Old regions: 57->6
[800.401s][info][gc,heap        ] GC(310) Humongous regions: 5->1
[800.401s][info][gc,metaspace   ] GC(310) Metaspace: 25627K(26496K)->25627K(26496K) NonClass: 22350K(22784K)->22350K(22784K) Class: 3277K(3712K)->3277K(3712K)
[800.401s][info][gc             ] GC(310) Pause Full (System.gc()) 1092M->7M(4096M) 14.603ms
[800.401s][info][gc,cpu         ] GC(310) User=0.02s Sys=0.00s Real=0.02s
[802.564s][info][gc,start       ] GC(311) Pause Young (Normal) (G1 Evacuation Pause)
[802.564s][info][gc,task        ] GC(311) Using 6 workers of 6 for evacuation
[802.565s][info][gc,phases      ] GC(311)   Pre Evacuate Collection Set: 0.0ms
[802.565s][info][gc,phases      ] GC(311)   Evacuate Collection Set: 0.5ms
[802.565s][info][gc,phases      ] GC(311)   Post Evacuate Collection Set: 0.9ms
[802.565s][info][gc,phases      ] GC(311)   Other: 0.2ms
[802.565s][info][gc,heap        ] GC(311) Eden regions: 1228->0(1225)
[802.565s][info][gc,heap        ] GC(311) Survivor regions: 0->3(154)
[802.565s][info][gc,heap        ] GC(311) Old regions: 6->6
[802.565s][info][gc,heap        ] GC(311) Humongous regions: 1->1
[802.565s][info][gc,metaspace   ] GC(311) Metaspace: 25627K(26496K)->25627K(26496K) NonClass: 22350K(22784K)->22350K(22784K) Class: 3277K(3712K)->3277K(3712K)
[802.565s][info][gc             ] GC(311) Pause Young (Normal) (G1 Evacuation Pause) 2463M->13M(4096M) 1.659ms
[802.566s][info][gc,cpu         ] GC(311) User=0.00s Sys=0.00s Real=0.00s
[808.989s][info][gc,start       ] GC(312) Pause Young (Normal) (G1 Evacuation Pause)
[808.989s][info][gc,task        ] GC(312) Using 6 workers of 6 for evacuation
[809.208s][info][gc,mmu         ] GC(312) MMU target violated: 201.0ms (200.0ms/201.0ms)
[809.208s][info][gc,phases      ] GC(312)   Pre Evacuate Collection Set: 0.1ms
[809.208s][info][gc,phases      ] GC(312)   Evacuate Collection Set: 218.0ms
[809.208s][info][gc,phases      ] GC(312)   Post Evacuate Collection Set: 1.3ms
[809.208s][info][gc,phases      ] GC(312)   Other: 0.5ms
[809.208s][info][gc,heap        ] GC(312) Eden regions: 1225->0(1074)
[809.208s][info][gc,heap        ] GC(312) Survivor regions: 3->154(154)
[809.208s][info][gc,heap        ] GC(312) Old regions: 6->58
[809.208s][info][gc,heap        ] GC(312) Humongous regions: 3->3
[809.208s][info][gc,metaspace   ] GC(312) Metaspace: 25627K(26496K)->25627K(26496K) NonClass: 22350K(22784K)->22350K(22784K) Class: 3277K(3712K)->3277K(3712K)
[809.208s][info][gc             ] GC(312) Pause Young (Normal) (G1 Evacuation Pause) 2467M->423M(4096M) 219.829ms
[809.208s][info][gc,cpu         ] GC(312) User=1.25s Sys=0.00s Real=0.23s
[811.128s][info][gc,task        ] GC(313) Using 6 workers of 6 for full compaction
[811.128s][info][gc,start       ] GC(313) Pause Full (System.gc())
[811.129s][info][gc,phases,start] GC(313) Phase 1: Mark live objects
[811.131s][info][gc,stringtable ] GC(313) Cleaned string and symbol table, strings: 6954 processed, 0 removed, symbols: 66765 processed, 0 removed
[811.131s][info][gc,phases      ] GC(313) Phase 1: Mark live objects 2.742ms
[811.131s][info][gc,phases,start] GC(313) Phase 2: Prepare for compaction
[811.134s][info][gc,phases      ] GC(313) Phase 2: Prepare for compaction 3.006ms
[811.135s][info][gc,phases,start] GC(313) Phase 3: Adjust pointers
[811.137s][info][gc,phases      ] GC(313) Phase 3: Adjust pointers 2.927ms
[811.138s][info][gc,phases,start] GC(313) Phase 4: Compact heap
[811.140s][info][gc,phases      ] GC(313) Phase 4: Compact heap 2.063ms
[811.143s][info][gc,heap        ] GC(313) Eden regions: 328->0(1228)
[811.143s][info][gc,heap        ] GC(313) Survivor regions: 154->0(154)
[811.143s][info][gc,heap        ] GC(313) Old regions: 58->6
[811.143s][info][gc,heap        ] GC(313) Humongous regions: 5->1
[811.143s][info][gc,metaspace   ] GC(313) Metaspace: 25627K(26496K)->25627K(26496K) NonClass: 22350K(22784K)->22350K(22784K) Class: 3277K(3712K)->3277K(3712K)
[811.143s][info][gc             ] GC(313) Pause Full (System.gc()) 1083M->7M(4096M) 14.238ms
[811.143s][info][gc,cpu         ] GC(313) User=0.02s Sys=0.00s Real=0.02s
[812.911s][info][gc,start       ] GC(314) Pause Young (Normal) (G1 Evacuation Pause)
[812.911s][info][gc,task        ] GC(314) Using 6 workers of 6 for evacuation
[812.912s][info][gc,phases      ] GC(314)   Pre Evacuate Collection Set: 0.0ms
[812.912s][info][gc,phases      ] GC(314)   Evacuate Collection Set: 0.5ms
[812.912s][info][gc,phases      ] GC(314)   Post Evacuate Collection Set: 0.9ms
[812.913s][info][gc,phases      ] GC(314)   Other: 0.2ms
[812.913s][info][gc,heap        ] GC(314) Eden regions: 1228->0(1225)
[812.913s][info][gc,heap        ] GC(314) Survivor regions: 0->3(154)
[812.913s][info][gc,heap        ] GC(314) Old regions: 6->6
[812.913s][info][gc,heap        ] GC(314) Humongous regions: 1->1
[812.913s][info][gc,metaspace   ] GC(314) Metaspace: 25627K(26496K)->25627K(26496K) NonClass: 22350K(22784K)->22350K(22784K) Class: 3277K(3712K)->3277K(3712K)
[812.913s][info][gc             ] GC(314) Pause Young (Normal) (G1 Evacuation Pause) 2463M->13M(4096M) 1.720ms
[812.913s][info][gc,cpu         ] GC(314) User=0.00s Sys=0.00s Real=0.00s
[819.706s][info][gc,start       ] GC(315) Pause Young (Normal) (G1 Evacuation Pause)
[819.706s][info][gc,task        ] GC(315) Using 6 workers of 6 for evacuation
[819.925s][info][gc,mmu         ] GC(315) MMU target violated: 201.0ms (200.0ms/201.0ms)
[819.925s][info][gc,phases      ] GC(315)   Pre Evacuate Collection Set: 0.1ms
[819.925s][info][gc,phases      ] GC(315)   Evacuate Collection Set: 217.7ms
[819.925s][info][gc,phases      ] GC(315)   Post Evacuate Collection Set: 1.5ms
[819.925s][info][gc,phases      ] GC(315)   Other: 0.5ms
[819.925s][info][gc,heap        ] GC(315) Eden regions: 1225->0(1074)
[819.925s][info][gc,heap        ] GC(315) Survivor regions: 3->154(154)
[819.925s][info][gc,heap        ] GC(315) Old regions: 6->58
[819.925s][info][gc,heap        ] GC(315) Humongous regions: 1->1
[819.925s][info][gc,metaspace   ] GC(315) Metaspace: 25627K(26496K)->25627K(26496K) NonClass: 22350K(22784K)->22350K(22784K) Class: 3277K(3712K)->3277K(3712K)
[819.925s][info][gc             ] GC(315) Pause Young (Normal) (G1 Evacuation Pause) 2463M->419M(4096M) 219.797ms
[819.925s][info][gc,cpu         ] GC(315) User=1.30s Sys=0.00s Real=0.22s
[822.012s][info][gc,task        ] GC(316) Using 6 workers of 6 for full compaction
[822.012s][info][gc,start       ] GC(316) Pause Full (System.gc())
[822.012s][info][gc,phases,start] GC(316) Phase 1: Mark live objects
[822.015s][info][gc,stringtable ] GC(316) Cleaned string and symbol table, strings: 6954 processed, 0 removed, symbols: 66765 processed, 0 removed
[822.015s][info][gc,phases      ] GC(316) Phase 1: Mark live objects 3.051ms
[822.015s][info][gc,phases,start] GC(316) Phase 2: Prepare for compaction
[822.018s][info][gc,phases      ] GC(316) Phase 2: Prepare for compaction 2.909ms
[822.018s][info][gc,phases,start] GC(316) Phase 3: Adjust pointers
[822.021s][info][gc,phases      ] GC(316) Phase 3: Adjust pointers 2.991ms
[822.021s][info][gc,phases,start] GC(316) Phase 4: Compact heap
[822.022s][info][gc,phases      ] GC(316) Phase 4: Compact heap 1.584ms
[822.026s][info][gc,heap        ] GC(316) Eden regions: 331->0(1228)
[822.026s][info][gc,heap        ] GC(316) Survivor regions: 154->0(154)
[822.026s][info][gc,heap        ] GC(316) Old regions: 58->6
[822.026s][info][gc,heap        ] GC(316) Humongous regions: 5->1
[822.026s][info][gc,metaspace   ] GC(316) Metaspace: 25627K(26496K)->25627K(26496K) NonClass: 22350K(22784K)->22350K(22784K) Class: 3277K(3712K)->3277K(3712K)
[822.026s][info][gc             ] GC(316) Pause Full (System.gc()) 1088M->7M(4096M) 13.944ms
[822.026s][info][gc,cpu         ] GC(316) User=0.02s Sys=0.00s Real=0.02s
[824.301s][info][gc,start       ] GC(317) Pause Young (Normal) (G1 Evacuation Pause)
[824.301s][info][gc,task        ] GC(317) Using 6 workers of 6 for evacuation
[824.302s][info][gc,phases      ] GC(317)   Pre Evacuate Collection Set: 0.0ms
[824.302s][info][gc,phases      ] GC(317)   Evacuate Collection Set: 0.5ms
[824.302s][info][gc,phases      ] GC(317)   Post Evacuate Collection Set: 0.9ms
[824.302s][info][gc,phases      ] GC(317)   Other: 0.2ms
[824.302s][info][gc,heap        ] GC(317) Eden regions: 1228->0(1225)
[824.302s][info][gc,heap        ] GC(317) Survivor regions: 0->3(154)
[824.302s][info][gc,heap        ] GC(317) Old regions: 6->6
[824.302s][info][gc,heap        ] GC(317) Humongous regions: 1->1
[824.302s][info][gc,metaspace   ] GC(317) Metaspace: 25627K(26496K)->25627K(26496K) NonClass: 22350K(22784K)->22350K(22784K) Class: 3277K(3712K)->3277K(3712K)
[824.302s][info][gc             ] GC(317) Pause Young (Normal) (G1 Evacuation Pause) 2463M->13M(4096M) 1.735ms
[824.302s][info][gc,cpu         ] GC(317) User=0.00s Sys=0.00s Real=0.00s
[830.620s][info][gc,start       ] GC(318) Pause Young (Normal) (G1 Evacuation Pause)
[830.620s][info][gc,task        ] GC(318) Using 6 workers of 6 for evacuation
[830.840s][info][gc,mmu         ] GC(318) MMU target violated: 201.0ms (200.0ms/201.0ms)
[830.840s][info][gc,phases      ] GC(318)   Pre Evacuate Collection Set: 0.0ms
[830.840s][info][gc,phases      ] GC(318)   Evacuate Collection Set: 219.0ms
[830.840s][info][gc,phases      ] GC(318)   Post Evacuate Collection Set: 1.2ms
[830.840s][info][gc,phases      ] GC(318)   Other: 0.5ms
[830.840s][info][gc,heap        ] GC(318) Eden regions: 1225->0(1074)
[830.840s][info][gc,heap        ] GC(318) Survivor regions: 3->154(154)
[830.840s][info][gc,heap        ] GC(318) Old regions: 6->57
[830.840s][info][gc,heap        ] GC(318) Humongous regions: 3->3
[830.840s][info][gc,metaspace   ] GC(318) Metaspace: 25627K(26496K)->25627K(26496K) NonClass: 22350K(22784K)->22350K(22784K) Class: 3277K(3712K)->3277K(3712K)
[830.840s][info][gc             ] GC(318) Pause Young (Normal) (G1 Evacuation Pause) 2467M->421M(4096M) 220.789ms
[830.840s][info][gc,cpu         ] GC(318) User=1.27s Sys=0.00s Real=0.22s
[832.784s][info][gc,task        ] GC(319) Using 6 workers of 6 for full compaction
[832.784s][info][gc,start       ] GC(319) Pause Full (System.gc())
[832.784s][info][gc,phases,start] GC(319) Phase 1: Mark live objects
[832.788s][info][gc,stringtable ] GC(319) Cleaned string and symbol table, strings: 6954 processed, 0 removed, symbols: 66765 processed, 0 removed
[832.788s][info][gc,phases      ] GC(319) Phase 1: Mark live objects 3.125ms
[832.788s][info][gc,phases,start] GC(319) Phase 2: Prepare for compaction
[832.791s][info][gc,phases      ] GC(319) Phase 2: Prepare for compaction 2.949ms
[832.791s][info][gc,phases,start] GC(319) Phase 3: Adjust pointers
[832.794s][info][gc,phases      ] GC(319) Phase 3: Adjust pointers 2.958ms
[832.794s][info][gc,phases,start] GC(319) Phase 4: Compact heap
[832.795s][info][gc,phases      ] GC(319) Phase 4: Compact heap 1.723ms
[832.799s][info][gc,heap        ] GC(319) Eden regions: 330->0(1228)
[832.799s][info][gc,heap        ] GC(319) Survivor regions: 154->0(154)
[832.799s][info][gc,heap        ] GC(319) Old regions: 57->6
[832.799s][info][gc,heap        ] GC(319) Humongous regions: 5->1
[832.799s][info][gc,metaspace   ] GC(319) Metaspace: 25627K(26496K)->25627K(26496K) NonClass: 22350K(22784K)->22350K(22784K) Class: 3277K(3712K)->3277K(3712K)
[832.799s][info][gc             ] GC(319) Pause Full (System.gc()) 1085M->7M(4096M) 14.271ms
[832.799s][info][gc,cpu         ] GC(319) User=0.00s Sys=0.00s Real=0.02s
[834.695s][info][gc,start       ] GC(320) Pause Young (Normal) (G1 Evacuation Pause)
[834.695s][info][gc,task        ] GC(320) Using 6 workers of 6 for evacuation
[834.696s][info][gc,phases      ] GC(320)   Pre Evacuate Collection Set: 0.1ms
[834.696s][info][gc,phases      ] GC(320)   Evacuate Collection Set: 0.4ms
[834.696s][info][gc,phases      ] GC(320)   Post Evacuate Collection Set: 0.8ms
[834.696s][info][gc,phases      ] GC(320)   Other: 0.2ms
[834.696s][info][gc,heap        ] GC(320) Eden regions: 1228->0(1225)
[834.696s][info][gc,heap        ] GC(320) Survivor regions: 0->3(154)
[834.696s][info][gc,heap        ] GC(320) Old regions: 6->6
[834.696s][info][gc,heap        ] GC(320) Humongous regions: 1->1
[834.696s][info][gc,metaspace   ] GC(320) Metaspace: 25630K(26496K)->25630K(26496K) NonClass: 22353K(22784K)->22353K(22784K) Class: 3277K(3712K)->3277K(3712K)
[834.696s][info][gc             ] GC(320) Pause Young (Normal) (G1 Evacuation Pause) 2463M->13M(4096M) 1.639ms
[834.696s][info][gc,cpu         ] GC(320) User=0.00s Sys=0.00s Real=0.00s
[841.507s][info][gc,start       ] GC(321) Pause Young (Normal) (G1 Evacuation Pause)
[841.507s][info][gc,task        ] GC(321) Using 6 workers of 6 for evacuation
[841.707s][info][gc,mmu         ] GC(321) MMU target violated: 200.2ms (200.0ms/201.0ms)
[841.707s][info][gc,phases      ] GC(321)   Pre Evacuate Collection Set: 0.1ms
[841.707s][info][gc,phases      ] GC(321)   Evacuate Collection Set: 198.8ms
[841.707s][info][gc,phases      ] GC(321)   Post Evacuate Collection Set: 1.1ms
[841.708s][info][gc,phases      ] GC(321)   Other: 0.5ms
[841.708s][info][gc,heap        ] GC(321) Eden regions: 1225->0(1074)
[841.708s][info][gc,heap        ] GC(321) Survivor regions: 3->154(154)
[841.708s][info][gc,heap        ] GC(321) Old regions: 6->49
[841.708s][info][gc,heap        ] GC(321) Humongous regions: 1->1
[841.708s][info][gc,metaspace   ] GC(321) Metaspace: 25630K(26496K)->25630K(26496K) NonClass: 22353K(22784K)->22353K(22784K) Class: 3277K(3712K)->3277K(3712K)
[841.708s][info][gc             ] GC(321) Pause Young (Normal) (G1 Evacuation Pause) 2463M->401M(4096M) 200.476ms
[841.708s][info][gc,cpu         ] GC(321) User=1.12s Sys=0.00s Real=0.19s
[843.846s][info][gc,task        ] GC(322) Using 6 workers of 6 for full compaction
[843.846s][info][gc,start       ] GC(322) Pause Full (System.gc())
[843.846s][info][gc,phases,start] GC(322) Phase 1: Mark live objects
[843.849s][info][gc,stringtable ] GC(322) Cleaned string and symbol table, strings: 6955 processed, 0 removed, symbols: 66765 processed, 0 removed
[843.849s][info][gc,phases      ] GC(322) Phase 1: Mark live objects 3.076ms
[843.849s][info][gc,phases,start] GC(322) Phase 2: Prepare for compaction
[843.852s][info][gc,phases      ] GC(322) Phase 2: Prepare for compaction 3.021ms
[843.852s][info][gc,phases,start] GC(322) Phase 3: Adjust pointers
[843.855s][info][gc,phases      ] GC(322) Phase 3: Adjust pointers 2.962ms
[843.855s][info][gc,phases,start] GC(322) Phase 4: Compact heap
[843.857s][info][gc,phases      ] GC(322) Phase 4: Compact heap 1.703ms
[843.860s][info][gc,heap        ] GC(322) Eden regions: 355->0(1228)
[843.860s][info][gc,heap        ] GC(322) Survivor regions: 154->0(154)
[843.860s][info][gc,heap        ] GC(322) Old regions: 49->6
[843.860s][info][gc,heap        ] GC(322) Humongous regions: 5->1
[843.860s][info][gc,metaspace   ] GC(322) Metaspace: 25635K(26752K)->25635K(26752K) NonClass: 22358K(23040K)->22358K(23040K) Class: 3277K(3712K)->3277K(3712K)
[843.860s][info][gc             ] GC(322) Pause Full (System.gc()) 1118M->7M(4096M) 14.151ms
[843.860s][info][gc,cpu         ] GC(322) User=0.00s Sys=0.00s Real=0.00s
[845.674s][info][gc,start       ] GC(323) Pause Young (Normal) (G1 Evacuation Pause)
[845.674s][info][gc,task        ] GC(323) Using 6 workers of 6 for evacuation
[845.676s][info][gc,phases      ] GC(323)   Pre Evacuate Collection Set: 0.0ms
[845.676s][info][gc,phases      ] GC(323)   Evacuate Collection Set: 0.5ms
[845.676s][info][gc,phases      ] GC(323)   Post Evacuate Collection Set: 0.9ms
[845.676s][info][gc,phases      ] GC(323)   Other: 0.2ms
[845.676s][info][gc,heap        ] GC(323) Eden regions: 1228->0(1225)
[845.676s][info][gc,heap        ] GC(323) Survivor regions: 0->3(154)
[845.676s][info][gc,heap        ] GC(323) Old regions: 6->6
[845.676s][info][gc,heap        ] GC(323) Humongous regions: 1->1
[845.676s][info][gc,metaspace   ] GC(323) Metaspace: 25635K(26752K)->25635K(26752K) NonClass: 22358K(23040K)->22358K(23040K) Class: 3277K(3712K)->3277K(3712K)
[845.676s][info][gc             ] GC(323) Pause Young (Normal) (G1 Evacuation Pause) 2463M->13M(4096M) 1.693ms
[845.676s][info][gc,cpu         ] GC(323) User=0.00s Sys=0.00s Real=0.00s
[852.091s][info][gc,start       ] GC(324) Pause Young (Normal) (G1 Evacuation Pause)
[852.092s][info][gc,task        ] GC(324) Using 6 workers of 6 for evacuation
[852.286s][info][gc,phases      ] GC(324)   Pre Evacuate Collection Set: 0.0ms
[852.286s][info][gc,phases      ] GC(324)   Evacuate Collection Set: 193.2ms
[852.286s][info][gc,phases      ] GC(324)   Post Evacuate Collection Set: 1.2ms
[852.286s][info][gc,phases      ] GC(324)   Other: 0.5ms
[852.286s][info][gc,heap        ] GC(324) Eden regions: 1225->0(1074)
[852.286s][info][gc,heap        ] GC(324) Survivor regions: 3->154(154)
[852.286s][info][gc,heap        ] GC(324) Old regions: 6->41
[852.286s][info][gc,heap        ] GC(324) Humongous regions: 1->1
[852.286s][info][gc,metaspace   ] GC(324) Metaspace: 25635K(26752K)->25635K(26752K) NonClass: 22358K(23040K)->22358K(23040K) Class: 3277K(3712K)->3277K(3712K)
[852.286s][info][gc             ] GC(324) Pause Young (Normal) (G1 Evacuation Pause) 2463M->383M(4096M) 195.023ms
[852.286s][info][gc,cpu         ] GC(324) User=1.12s Sys=0.00s Real=0.19s
[854.486s][info][gc,task        ] GC(325) Using 6 workers of 6 for full compaction
[854.487s][info][gc,start       ] GC(325) Pause Full (System.gc())
[854.487s][info][gc,phases,start] GC(325) Phase 1: Mark live objects
[854.490s][info][gc,stringtable ] GC(325) Cleaned string and symbol table, strings: 6955 processed, 0 removed, symbols: 66765 processed, 0 removed
[854.490s][info][gc,phases      ] GC(325) Phase 1: Mark live objects 3.197ms
[854.490s][info][gc,phases,start] GC(325) Phase 2: Prepare for compaction
[854.493s][info][gc,phases      ] GC(325) Phase 2: Prepare for compaction 3.062ms
[854.493s][info][gc,phases,start] GC(325) Phase 3: Adjust pointers
[854.496s][info][gc,phases      ] GC(325) Phase 3: Adjust pointers 2.980ms
[854.496s][info][gc,phases,start] GC(325) Phase 4: Compact heap
[854.498s][info][gc,phases      ] GC(325) Phase 4: Compact heap 1.780ms
[854.501s][info][gc,heap        ] GC(325) Eden regions: 375->0(1228)
[854.501s][info][gc,heap        ] GC(325) Survivor regions: 154->0(154)
[854.501s][info][gc,heap        ] GC(325) Old regions: 41->6
[854.501s][info][gc,heap        ] GC(325) Humongous regions: 5->1
[854.501s][info][gc,metaspace   ] GC(325) Metaspace: 25635K(26752K)->25635K(26752K) NonClass: 22358K(23040K)->22358K(23040K) Class: 3277K(3712K)->3277K(3712K)
[854.501s][info][gc             ] GC(325) Pause Full (System.gc()) 1141M->7M(4096M) 14.359ms
[854.501s][info][gc,cpu         ] GC(325) User=0.02s Sys=0.00s Real=0.02s
[856.484s][info][gc,start       ] GC(326) Pause Young (Normal) (G1 Evacuation Pause)
[856.484s][info][gc,task        ] GC(326) Using 6 workers of 6 for evacuation
[856.486s][info][gc,phases      ] GC(326)   Pre Evacuate Collection Set: 0.0ms
[856.486s][info][gc,phases      ] GC(326)   Evacuate Collection Set: 0.5ms
[856.486s][info][gc,phases      ] GC(326)   Post Evacuate Collection Set: 0.9ms
[856.486s][info][gc,phases      ] GC(326)   Other: 0.2ms
[856.486s][info][gc,heap        ] GC(326) Eden regions: 1228->0(1225)
[856.486s][info][gc,heap        ] GC(326) Survivor regions: 0->3(154)
[856.486s][info][gc,heap        ] GC(326) Old regions: 6->6
[856.486s][info][gc,heap        ] GC(326) Humongous regions: 1->1
[856.486s][info][gc,metaspace   ] GC(326) Metaspace: 25635K(26752K)->25635K(26752K) NonClass: 22358K(23040K)->22358K(23040K) Class: 3277K(3712K)->3277K(3712K)
[856.486s][info][gc             ] GC(326) Pause Young (Normal) (G1 Evacuation Pause) 2463M->13M(4096M) 1.796ms
[856.486s][info][gc,cpu         ] GC(326) User=0.00s Sys=0.00s Real=0.00s
[863.029s][info][gc,start       ] GC(327) Pause Young (Normal) (G1 Evacuation Pause)
[863.029s][info][gc,task        ] GC(327) Using 6 workers of 6 for evacuation
[863.224s][info][gc,phases      ] GC(327)   Pre Evacuate Collection Set: 0.1ms
[863.224s][info][gc,phases      ] GC(327)   Evacuate Collection Set: 193.3ms
[863.224s][info][gc,phases      ] GC(327)   Post Evacuate Collection Set: 1.1ms
[863.224s][info][gc,phases      ] GC(327)   Other: 0.5ms
[863.224s][info][gc,heap        ] GC(327) Eden regions: 1225->0(1074)
[863.224s][info][gc,heap        ] GC(327) Survivor regions: 3->154(154)
[863.224s][info][gc,heap        ] GC(327) Old regions: 6->43
[863.224s][info][gc,heap        ] GC(327) Humongous regions: 1->1
[863.224s][info][gc,metaspace   ] GC(327) Metaspace: 25635K(26752K)->25635K(26752K) NonClass: 22358K(23040K)->22358K(23040K) Class: 3277K(3712K)->3277K(3712K)
[863.224s][info][gc             ] GC(327) Pause Young (Normal) (G1 Evacuation Pause) 2463M->388M(4096M) 194.968ms
[863.224s][info][gc,cpu         ] GC(327) User=1.12s Sys=0.00s Real=0.19s
[865.389s][info][gc,task        ] GC(328) Using 6 workers of 6 for full compaction
[865.389s][info][gc,start       ] GC(328) Pause Full (System.gc())
[865.389s][info][gc,phases,start] GC(328) Phase 1: Mark live objects
[865.393s][info][gc,stringtable ] GC(328) Cleaned string and symbol table, strings: 6955 processed, 0 removed, symbols: 66765 processed, 0 removed
[865.393s][info][gc,phases      ] GC(328) Phase 1: Mark live objects 3.804ms
[865.393s][info][gc,phases,start] GC(328) Phase 2: Prepare for compaction
[865.396s][info][gc,phases      ] GC(328) Phase 2: Prepare for compaction 3.170ms
[865.396s][info][gc,phases,start] GC(328) Phase 3: Adjust pointers
[865.399s][info][gc,phases      ] GC(328) Phase 3: Adjust pointers 3.069ms
[865.399s][info][gc,phases,start] GC(328) Phase 4: Compact heap
[865.401s][info][gc,phases      ] GC(328) Phase 4: Compact heap 1.736ms
[865.404s][info][gc,heap        ] GC(328) Eden regions: 369->0(1228)
[865.404s][info][gc,heap        ] GC(328) Survivor regions: 154->0(154)
[865.404s][info][gc,heap        ] GC(328) Old regions: 43->6
[865.404s][info][gc,heap        ] GC(328) Humongous regions: 5->1
[865.404s][info][gc,metaspace   ] GC(328) Metaspace: 25635K(26752K)->25635K(26752K) NonClass: 22358K(23040K)->22358K(23040K) Class: 3277K(3712K)->3277K(3712K)
[865.404s][info][gc             ] GC(328) Pause Full (System.gc()) 1133M->7M(4096M) 15.225ms
[865.404s][info][gc,cpu         ] GC(328) User=0.02s Sys=0.00s Real=0.02s
[867.180s][info][gc,start       ] GC(329) Pause Young (Normal) (G1 Evacuation Pause)
[867.180s][info][gc,task        ] GC(329) Using 6 workers of 6 for evacuation
[867.181s][info][gc,phases      ] GC(329)   Pre Evacuate Collection Set: 0.1ms
[867.181s][info][gc,phases      ] GC(329)   Evacuate Collection Set: 0.5ms
[867.181s][info][gc,phases      ] GC(329)   Post Evacuate Collection Set: 1.0ms
[867.181s][info][gc,phases      ] GC(329)   Other: 0.3ms
[867.181s][info][gc,heap        ] GC(329) Eden regions: 1228->0(1225)
[867.181s][info][gc,heap        ] GC(329) Survivor regions: 0->3(154)
[867.181s][info][gc,heap        ] GC(329) Old regions: 6->6
[867.181s][info][gc,heap        ] GC(329) Humongous regions: 1->1
[867.181s][info][gc,metaspace   ] GC(329) Metaspace: 25635K(26752K)->25635K(26752K) NonClass: 22358K(23040K)->22358K(23040K) Class: 3277K(3712K)->3277K(3712K)
[867.181s][info][gc             ] GC(329) Pause Young (Normal) (G1 Evacuation Pause) 2463M->13M(4096M) 1.933ms
[867.182s][info][gc,cpu         ] GC(329) User=0.00s Sys=0.00s Real=0.00s
[873.498s][info][gc,start       ] GC(330) Pause Young (Normal) (G1 Evacuation Pause)
[873.498s][info][gc,task        ] GC(330) Using 6 workers of 6 for evacuation
[873.690s][info][gc,phases      ] GC(330)   Pre Evacuate Collection Set: 0.0ms
[873.690s][info][gc,phases      ] GC(330)   Evacuate Collection Set: 190.7ms
[873.690s][info][gc,phases      ] GC(330)   Post Evacuate Collection Set: 1.0ms
[873.690s][info][gc,phases      ] GC(330)   Other: 0.4ms
[873.690s][info][gc,heap        ] GC(330) Eden regions: 1225->0(1074)
[873.690s][info][gc,heap        ] GC(330) Survivor regions: 3->154(154)
[873.690s][info][gc,heap        ] GC(330) Old regions: 6->40
[873.690s][info][gc,heap        ] GC(330) Humongous regions: 1->1
[873.690s][info][gc,metaspace   ] GC(330) Metaspace: 25635K(26752K)->25635K(26752K) NonClass: 22358K(23040K)->22358K(23040K) Class: 3277K(3712K)->3277K(3712K)
[873.690s][info][gc             ] GC(330) Pause Young (Normal) (G1 Evacuation Pause) 2463M->382M(4096M) 192.209ms
[873.690s][info][gc,cpu         ] GC(330) User=1.09s Sys=0.00s Real=0.19s
[875.863s][info][gc,task        ] GC(331) Using 6 workers of 6 for full compaction
[875.863s][info][gc,start       ] GC(331) Pause Full (System.gc())
[875.863s][info][gc,phases,start] GC(331) Phase 1: Mark live objects
[875.867s][info][gc,stringtable ] GC(331) Cleaned string and symbol table, strings: 6955 processed, 0 removed, symbols: 66765 processed, 0 removed
[875.867s][info][gc,phases      ] GC(331) Phase 1: Mark live objects 3.213ms
[875.867s][info][gc,phases,start] GC(331) Phase 2: Prepare for compaction
[875.870s][info][gc,phases      ] GC(331) Phase 2: Prepare for compaction 3.118ms
[875.870s][info][gc,phases,start] GC(331) Phase 3: Adjust pointers
[875.873s][info][gc,phases      ] GC(331) Phase 3: Adjust pointers 3.080ms
[875.873s][info][gc,phases,start] GC(331) Phase 4: Compact heap
[875.875s][info][gc,phases      ] GC(331) Phase 4: Compact heap 1.659ms
[875.878s][info][gc,heap        ] GC(331) Eden regions: 377->0(1228)
[875.878s][info][gc,heap        ] GC(331) Survivor regions: 154->0(154)
[875.878s][info][gc,heap        ] GC(331) Old regions: 40->5
[875.878s][info][gc,heap        ] GC(331) Humongous regions: 5->1
[875.878s][info][gc,metaspace   ] GC(331) Metaspace: 25636K(26752K)->25636K(26752K) NonClass: 22359K(23040K)->22359K(23040K) Class: 3277K(3712K)->3277K(3712K)
[875.878s][info][gc             ] GC(331) Pause Full (System.gc()) 1143M->7M(4096M) 14.380ms
[875.878s][info][gc,cpu         ] GC(331) User=0.00s Sys=0.00s Real=0.00s
[877.801s][info][gc,start       ] GC(332) Pause Young (Normal) (G1 Evacuation Pause)
[877.801s][info][gc,task        ] GC(332) Using 6 workers of 6 for evacuation
[877.802s][info][gc,phases      ] GC(332)   Pre Evacuate Collection Set: 0.0ms
[877.802s][info][gc,phases      ] GC(332)   Evacuate Collection Set: 0.5ms
[877.802s][info][gc,phases      ] GC(332)   Post Evacuate Collection Set: 0.8ms
[877.802s][info][gc,phases      ] GC(332)   Other: 0.2ms
[877.802s][info][gc,heap        ] GC(332) Eden regions: 1228->0(1225)
[877.802s][info][gc,heap        ] GC(332) Survivor regions: 0->3(154)
[877.802s][info][gc,heap        ] GC(332) Old regions: 5->5
[877.802s][info][gc,heap        ] GC(332) Humongous regions: 1->1
[877.802s][info][gc,metaspace   ] GC(332) Metaspace: 25636K(26752K)->25636K(26752K) NonClass: 22359K(23040K)->22359K(23040K) Class: 3277K(3712K)->3277K(3712K)
[877.802s][info][gc             ] GC(332) Pause Young (Normal) (G1 Evacuation Pause) 2463M->13M(4096M) 1.619ms
[877.802s][info][gc,cpu         ] GC(332) User=0.00s Sys=0.00s Real=0.00s
[884.133s][info][gc,start       ] GC(333) Pause Young (Normal) (G1 Evacuation Pause)
[884.133s][info][gc,task        ] GC(333) Using 6 workers of 6 for evacuation
[884.333s][info][gc,phases      ] GC(333)   Pre Evacuate Collection Set: 0.0ms
[884.333s][info][gc,phases      ] GC(333)   Evacuate Collection Set: 198.6ms
[884.333s][info][gc,phases      ] GC(333)   Post Evacuate Collection Set: 1.1ms
[884.333s][info][gc,phases      ] GC(333)   Other: 0.3ms
[884.333s][info][gc,heap        ] GC(333) Eden regions: 1225->0(1074)
[884.333s][info][gc,heap        ] GC(333) Survivor regions: 3->154(154)
[884.333s][info][gc,heap        ] GC(333) Old regions: 5->41
[884.333s][info][gc,heap        ] GC(333) Humongous regions: 1->1
[884.333s][info][gc,metaspace   ] GC(333) Metaspace: 25636K(26752K)->25636K(26752K) NonClass: 22359K(23040K)->22359K(23040K) Class: 3277K(3712K)->3277K(3712K)
[884.333s][info][gc             ] GC(333) Pause Young (Normal) (G1 Evacuation Pause) 2463M->387M(4096M) 200.111ms
[884.333s][info][gc,cpu         ] GC(333) User=1.14s Sys=0.00s Real=0.20s
[886.503s][info][gc,task        ] GC(334) Using 6 workers of 6 for full compaction
[886.503s][info][gc,start       ] GC(334) Pause Full (System.gc())
[886.503s][info][gc,phases,start] GC(334) Phase 1: Mark live objects
[886.506s][info][gc,stringtable ] GC(334) Cleaned string and symbol table, strings: 6955 processed, 0 removed, symbols: 66765 processed, 0 removed
[886.506s][info][gc,phases      ] GC(334) Phase 1: Mark live objects 2.953ms
[886.506s][info][gc,phases,start] GC(334) Phase 2: Prepare for compaction
[886.509s][info][gc,phases      ] GC(334) Phase 2: Prepare for compaction 3.072ms
[886.509s][info][gc,phases,start] GC(334) Phase 3: Adjust pointers
[886.512s][info][gc,phases      ] GC(334) Phase 3: Adjust pointers 3.090ms
[886.512s][info][gc,phases,start] GC(334) Phase 4: Compact heap
[886.514s][info][gc,phases      ] GC(334) Phase 4: Compact heap 1.803ms
[886.517s][info][gc,heap        ] GC(334) Eden regions: 372->0(1228)
[886.517s][info][gc,heap        ] GC(334) Survivor regions: 154->0(154)
[886.517s][info][gc,heap        ] GC(334) Old regions: 41->5
[886.517s][info][gc,heap        ] GC(334) Humongous regions: 5->1
[886.517s][info][gc,metaspace   ] GC(334) Metaspace: 25636K(26752K)->25636K(26752K) NonClass: 22359K(23040K)->22359K(23040K) Class: 3277K(3712K)->3277K(3712K)
[886.517s][info][gc             ] GC(334) Pause Full (System.gc()) 1138M->7M(4096M) 14.233ms
[886.517s][info][gc,cpu         ] GC(334) User=0.02s Sys=0.00s Real=0.02s
[888.352s][info][gc,start       ] GC(335) Pause Young (Normal) (G1 Evacuation Pause)
[888.352s][info][gc,task        ] GC(335) Using 6 workers of 6 for evacuation
[888.353s][info][gc,phases      ] GC(335)   Pre Evacuate Collection Set: 0.0ms
[888.353s][info][gc,phases      ] GC(335)   Evacuate Collection Set: 0.5ms
[888.353s][info][gc,phases      ] GC(335)   Post Evacuate Collection Set: 0.8ms
[888.353s][info][gc,phases      ] GC(335)   Other: 0.2ms
[888.353s][info][gc,heap        ] GC(335) Eden regions: 1228->0(1225)
[888.353s][info][gc,heap        ] GC(335) Survivor regions: 0->3(154)
[888.353s][info][gc,heap        ] GC(335) Old regions: 5->5
[888.353s][info][gc,heap        ] GC(335) Humongous regions: 1->1
[888.353s][info][gc,metaspace   ] GC(335) Metaspace: 25636K(26752K)->25636K(26752K) NonClass: 22359K(23040K)->22359K(23040K) Class: 3277K(3712K)->3277K(3712K)
[888.353s][info][gc             ] GC(335) Pause Young (Normal) (G1 Evacuation Pause) 2463M->13M(4096M) 1.708ms
[888.353s][info][gc,cpu         ] GC(335) User=0.00s Sys=0.00s Real=0.00s
[893.353s][info][gc,start       ] GC(336) Pause Young (Normal) (G1 Evacuation Pause)
[893.353s][info][gc,task        ] GC(336) Using 6 workers of 6 for evacuation
[893.571s][info][gc,mmu         ] GC(336) MMU target violated: 201.0ms (200.0ms/201.0ms)
[893.571s][info][gc,phases      ] GC(336)   Pre Evacuate Collection Set: 0.0ms
[893.571s][info][gc,phases      ] GC(336)   Evacuate Collection Set: 216.1ms
[893.571s][info][gc,phases      ] GC(336)   Post Evacuate Collection Set: 1.3ms
[893.571s][info][gc,phases      ] GC(336)   Other: 0.4ms
[893.571s][info][gc,heap        ] GC(336) Eden regions: 1225->0(1074)
[893.571s][info][gc,heap        ] GC(336) Survivor regions: 3->154(154)
[893.571s][info][gc,heap        ] GC(336) Old regions: 5->56
[893.571s][info][gc,heap        ] GC(336) Humongous regions: 3->3
[893.571s][info][gc,metaspace   ] GC(336) Metaspace: 25636K(26752K)->25636K(26752K) NonClass: 22359K(23040K)->22359K(23040K) Class: 3277K(3712K)->3277K(3712K)
[893.571s][info][gc             ] GC(336) Pause Young (Normal) (G1 Evacuation Pause) 2467M->421M(4096M) 217.889ms
[893.571s][info][gc,cpu         ] GC(336) User=1.23s Sys=0.00s Real=0.22s
[895.515s][info][gc,task        ] GC(337) Using 6 workers of 6 for full compaction
[895.515s][info][gc,start       ] GC(337) Pause Full (System.gc())
[895.515s][info][gc,phases,start] GC(337) Phase 1: Mark live objects
[895.518s][info][gc,stringtable ] GC(337) Cleaned string and symbol table, strings: 6955 processed, 0 removed, symbols: 66765 processed, 0 removed
[895.518s][info][gc,phases      ] GC(337) Phase 1: Mark live objects 2.785ms
[895.518s][info][gc,phases,start] GC(337) Phase 2: Prepare for compaction
[895.521s][info][gc,phases      ] GC(337) Phase 2: Prepare for compaction 3.364ms
[895.521s][info][gc,phases,start] GC(337) Phase 3: Adjust pointers
[895.525s][info][gc,phases      ] GC(337) Phase 3: Adjust pointers 3.198ms
[895.525s][info][gc,phases,start] GC(337) Phase 4: Compact heap
[895.526s][info][gc,phases      ] GC(337) Phase 4: Compact heap 1.610ms
[895.529s][info][gc,heap        ] GC(337) Eden regions: 330->0(1228)
[895.529s][info][gc,heap        ] GC(337) Survivor regions: 154->0(154)
[895.529s][info][gc,heap        ] GC(337) Old regions: 56->5
[895.529s][info][gc,heap        ] GC(337) Humongous regions: 5->1
[895.529s][info][gc,metaspace   ] GC(337) Metaspace: 25636K(26752K)->25636K(26752K) NonClass: 22359K(23040K)->22359K(23040K) Class: 3277K(3712K)->3277K(3712K)
[895.529s][info][gc             ] GC(337) Pause Full (System.gc()) 1085M->7M(4096M) 14.266ms
[895.529s][info][gc,cpu         ] GC(337) User=0.00s Sys=0.00s Real=0.02s
[897.286s][info][gc,start       ] GC(338) Pause Young (Normal) (G1 Evacuation Pause)
[897.286s][info][gc,task        ] GC(338) Using 6 workers of 6 for evacuation
[897.287s][info][gc,phases      ] GC(338)   Pre Evacuate Collection Set: 0.0ms
[897.287s][info][gc,phases      ] GC(338)   Evacuate Collection Set: 0.5ms
[897.287s][info][gc,phases      ] GC(338)   Post Evacuate Collection Set: 0.9ms
[897.287s][info][gc,phases      ] GC(338)   Other: 0.2ms
[897.287s][info][gc,heap        ] GC(338) Eden regions: 1228->0(1225)
[897.287s][info][gc,heap        ] GC(338) Survivor regions: 0->3(154)
[897.287s][info][gc,heap        ] GC(338) Old regions: 5->5
[897.287s][info][gc,heap        ] GC(338) Humongous regions: 1->1
[897.287s][info][gc,metaspace   ] GC(338) Metaspace: 25636K(26752K)->25636K(26752K) NonClass: 22359K(23040K)->22359K(23040K) Class: 3277K(3712K)->3277K(3712K)
[897.287s][info][gc             ] GC(338) Pause Young (Normal) (G1 Evacuation Pause) 2463M->13M(4096M) 1.678ms
[897.287s][info][gc,cpu         ] GC(338) User=0.00s Sys=0.00s Real=0.00s
[903.533s][info][gc,start       ] GC(339) Pause Young (Normal) (G1 Evacuation Pause)
[903.533s][info][gc,task        ] GC(339) Using 6 workers of 6 for evacuation
[903.734s][info][gc,mmu         ] GC(339) MMU target violated: 200.6ms (200.0ms/201.0ms)
[903.734s][info][gc,phases      ] GC(339)   Pre Evacuate Collection Set: 0.0ms
[903.734s][info][gc,phases      ] GC(339)   Evacuate Collection Set: 199.1ms
[903.734s][info][gc,phases      ] GC(339)   Post Evacuate Collection Set: 1.2ms
[903.734s][info][gc,phases      ] GC(339)   Other: 0.5ms
[903.734s][info][gc,heap        ] GC(339) Eden regions: 1225->0(1074)
[903.734s][info][gc,heap        ] GC(339) Survivor regions: 3->154(154)
[903.734s][info][gc,heap        ] GC(339) Old regions: 5->45
[903.734s][info][gc,heap        ] GC(339) Humongous regions: 1->1
[903.734s][info][gc,metaspace   ] GC(339) Metaspace: 25636K(26752K)->25636K(26752K) NonClass: 22359K(23040K)->22359K(23040K) Class: 3277K(3712K)->3277K(3712K)
[903.734s][info][gc             ] GC(339) Pause Young (Normal) (G1 Evacuation Pause) 2463M->394M(4096M) 200.847ms
[903.734s][info][gc,cpu         ] GC(339) User=1.05s Sys=0.00s Real=0.20s
[905.914s][info][gc,task        ] GC(340) Using 6 workers of 6 for full compaction
[905.914s][info][gc,start       ] GC(340) Pause Full (System.gc())
[905.914s][info][gc,phases,start] GC(340) Phase 1: Mark live objects
[905.917s][info][gc,stringtable ] GC(340) Cleaned string and symbol table, strings: 6955 processed, 0 removed, symbols: 66765 processed, 0 removed
[905.917s][info][gc,phases      ] GC(340) Phase 1: Mark live objects 3.358ms
[905.917s][info][gc,phases,start] GC(340) Phase 2: Prepare for compaction
[905.920s][info][gc,phases      ] GC(340) Phase 2: Prepare for compaction 2.939ms
[905.920s][info][gc,phases,start] GC(340) Phase 3: Adjust pointers
[905.923s][info][gc,phases      ] GC(340) Phase 3: Adjust pointers 2.985ms
[905.923s][info][gc,phases,start] GC(340) Phase 4: Compact heap
[905.925s][info][gc,phases      ] GC(340) Phase 4: Compact heap 1.767ms
[905.929s][info][gc,heap        ] GC(340) Eden regions: 361->0(1228)
[905.929s][info][gc,heap        ] GC(340) Survivor regions: 154->0(154)
[905.929s][info][gc,heap        ] GC(340) Old regions: 45->5
[905.929s][info][gc,heap        ] GC(340) Humongous regions: 5->1
[905.929s][info][gc,metaspace   ] GC(340) Metaspace: 25636K(26752K)->25636K(26752K) NonClass: 22359K(23040K)->22359K(23040K) Class: 3277K(3712K)->3277K(3712K)
[905.929s][info][gc             ] GC(340) Pause Full (System.gc()) 1124M->7M(4096M) 15.081ms
[905.929s][info][gc,cpu         ] GC(340) User=0.00s Sys=0.00s Real=0.02s
[907.727s][info][gc,start       ] GC(341) Pause Young (Normal) (G1 Evacuation Pause)
[907.727s][info][gc,task        ] GC(341) Using 6 workers of 6 for evacuation
[907.729s][info][gc,phases      ] GC(341)   Pre Evacuate Collection Set: 0.0ms
[907.729s][info][gc,phases      ] GC(341)   Evacuate Collection Set: 0.5ms
[907.729s][info][gc,phases      ] GC(341)   Post Evacuate Collection Set: 0.9ms
[907.729s][info][gc,phases      ] GC(341)   Other: 0.2ms
[907.729s][info][gc,heap        ] GC(341) Eden regions: 1228->0(1225)
[907.729s][info][gc,heap        ] GC(341) Survivor regions: 0->3(154)
[907.729s][info][gc,heap        ] GC(341) Old regions: 5->5
[907.729s][info][gc,heap        ] GC(341) Humongous regions: 1->1
[907.729s][info][gc,metaspace   ] GC(341) Metaspace: 25636K(26752K)->25636K(26752K) NonClass: 22359K(23040K)->22359K(23040K) Class: 3277K(3712K)->3277K(3712K)
[907.729s][info][gc             ] GC(341) Pause Young (Normal) (G1 Evacuation Pause) 2463M->13M(4096M) 1.719ms
[907.729s][info][gc,cpu         ] GC(341) User=0.00s Sys=0.00s Real=0.00s
[914.230s][info][gc,start       ] GC(342) Pause Young (Normal) (G1 Evacuation Pause)
[914.230s][info][gc,task        ] GC(342) Using 6 workers of 6 for evacuation
[914.421s][info][gc,phases      ] GC(342)   Pre Evacuate Collection Set: 0.0ms
[914.421s][info][gc,phases      ] GC(342)   Evacuate Collection Set: 189.3ms
[914.421s][info][gc,phases      ] GC(342)   Post Evacuate Collection Set: 1.1ms
[914.421s][info][gc,phases      ] GC(342)   Other: 0.4ms
[914.421s][info][gc,heap        ] GC(342) Eden regions: 1225->0(1074)
[914.421s][info][gc,heap        ] GC(342) Survivor regions: 3->154(154)
[914.421s][info][gc,heap        ] GC(342) Old regions: 5->38
[914.421s][info][gc,heap        ] GC(342) Humongous regions: 1->1
[914.421s][info][gc,metaspace   ] GC(342) Metaspace: 25636K(26752K)->25636K(26752K) NonClass: 22359K(23040K)->22359K(23040K) Class: 3277K(3712K)->3277K(3712K)
[914.421s][info][gc             ] GC(342) Pause Young (Normal) (G1 Evacuation Pause) 2463M->380M(4096M) 190.894ms
[914.421s][info][gc,cpu         ] GC(342) User=1.03s Sys=0.00s Real=0.19s
[916.606s][info][gc,task        ] GC(343) Using 6 workers of 6 for full compaction
[916.607s][info][gc,start       ] GC(343) Pause Full (System.gc())
[916.607s][info][gc,phases,start] GC(343) Phase 1: Mark live objects
[916.610s][info][gc,stringtable ] GC(343) Cleaned string and symbol table, strings: 6955 processed, 0 removed, symbols: 66765 processed, 0 removed
[916.610s][info][gc,phases      ] GC(343) Phase 1: Mark live objects 3.498ms
[916.610s][info][gc,phases,start] GC(343) Phase 2: Prepare for compaction
[916.613s][info][gc,phases      ] GC(343) Phase 2: Prepare for compaction 3.228ms
[916.614s][info][gc,phases,start] GC(343) Phase 3: Adjust pointers
[916.617s][info][gc,phases      ] GC(343) Phase 3: Adjust pointers 3.005ms
[916.617s][info][gc,phases,start] GC(343) Phase 4: Compact heap
[916.618s][info][gc,phases      ] GC(343) Phase 4: Compact heap 1.849ms
[916.622s][info][gc,heap        ] GC(343) Eden regions: 379->0(1228)
[916.622s][info][gc,heap        ] GC(343) Survivor regions: 154->0(154)
[916.622s][info][gc,heap        ] GC(343) Old regions: 38->6
[916.622s][info][gc,heap        ] GC(343) Humongous regions: 5->1
[916.622s][info][gc,metaspace   ] GC(343) Metaspace: 25636K(26752K)->25636K(26752K) NonClass: 22359K(23040K)->22359K(23040K) Class: 3277K(3712K)->3277K(3712K)
[916.622s][info][gc             ] GC(343) Pause Full (System.gc()) 1146M->7M(4096M) 15.814ms
[916.623s][info][gc,cpu         ] GC(343) User=0.00s Sys=0.00s Real=0.02s
[918.433s][info][gc,start       ] GC(344) Pause Young (Normal) (G1 Evacuation Pause)
[918.433s][info][gc,task        ] GC(344) Using 6 workers of 6 for evacuation
[918.435s][info][gc,phases      ] GC(344)   Pre Evacuate Collection Set: 0.0ms
[918.435s][info][gc,phases      ] GC(344)   Evacuate Collection Set: 0.6ms
[918.435s][info][gc,phases      ] GC(344)   Post Evacuate Collection Set: 0.8ms
[918.435s][info][gc,phases      ] GC(344)   Other: 0.2ms
[918.435s][info][gc,heap        ] GC(344) Eden regions: 1228->0(1225)
[918.435s][info][gc,heap        ] GC(344) Survivor regions: 0->3(154)
[918.435s][info][gc,heap        ] GC(344) Old regions: 6->6
[918.435s][info][gc,heap        ] GC(344) Humongous regions: 1->1
[918.435s][info][gc,metaspace   ] GC(344) Metaspace: 25636K(26752K)->25636K(26752K) NonClass: 22359K(23040K)->22359K(23040K) Class: 3277K(3712K)->3277K(3712K)
[918.435s][info][gc             ] GC(344) Pause Young (Normal) (G1 Evacuation Pause) 2463M->13M(4096M) 1.805ms
[918.435s][info][gc,cpu         ] GC(344) User=0.02s Sys=0.00s Real=0.01s
[925.337s][info][gc,start       ] GC(345) Pause Young (Normal) (G1 Evacuation Pause)
[925.337s][info][gc,task        ] GC(345) Using 6 workers of 6 for evacuation
[925.535s][info][gc,phases      ] GC(345)   Pre Evacuate Collection Set: 0.1ms
[925.535s][info][gc,phases      ] GC(345)   Evacuate Collection Set: 196.1ms
[925.535s][info][gc,phases      ] GC(345)   Post Evacuate Collection Set: 1.1ms
[925.535s][info][gc,phases      ] GC(345)   Other: 0.5ms
[925.535s][info][gc,heap        ] GC(345) Eden regions: 1225->0(1074)
[925.535s][info][gc,heap        ] GC(345) Survivor regions: 3->154(154)
[925.535s][info][gc,heap        ] GC(345) Old regions: 6->40
[925.535s][info][gc,heap        ] GC(345) Humongous regions: 1->1
[925.535s][info][gc,metaspace   ] GC(345) Metaspace: 25636K(26752K)->25636K(26752K) NonClass: 22359K(23040K)->22359K(23040K) Class: 3277K(3712K)->3277K(3712K)
[925.535s][info][gc             ] GC(345) Pause Young (Normal) (G1 Evacuation Pause) 2463M->382M(4096M) 197.858ms
[925.535s][info][gc,cpu         ] GC(345) User=1.14s Sys=0.00s Real=0.20s
[927.690s][info][gc,task        ] GC(346) Using 6 workers of 6 for full compaction
[927.690s][info][gc,start       ] GC(346) Pause Full (System.gc())
[927.691s][info][gc,phases,start] GC(346) Phase 1: Mark live objects
[927.694s][info][gc,stringtable ] GC(346) Cleaned string and symbol table, strings: 6955 processed, 0 removed, symbols: 66765 processed, 0 removed
[927.694s][info][gc,phases      ] GC(346) Phase 1: Mark live objects 3.299ms
[927.694s][info][gc,phases,start] GC(346) Phase 2: Prepare for compaction
[927.697s][info][gc,phases      ] GC(346) Phase 2: Prepare for compaction 3.449ms
[927.697s][info][gc,phases,start] GC(346) Phase 3: Adjust pointers
[927.700s][info][gc,phases      ] GC(346) Phase 3: Adjust pointers 2.991ms
[927.700s][info][gc,phases,start] GC(346) Phase 4: Compact heap
[927.702s][info][gc,phases      ] GC(346) Phase 4: Compact heap 1.807ms
[927.705s][info][gc,heap        ] GC(346) Eden regions: 377->0(1228)
[927.705s][info][gc,heap        ] GC(346) Survivor regions: 154->0(154)
[927.705s][info][gc,heap        ] GC(346) Old regions: 40->5
[927.705s][info][gc,heap        ] GC(346) Humongous regions: 5->1
[927.705s][info][gc,metaspace   ] GC(346) Metaspace: 25636K(26752K)->25636K(26752K) NonClass: 22359K(23040K)->22359K(23040K) Class: 3277K(3712K)->3277K(3712K)
[927.705s][info][gc             ] GC(346) Pause Full (System.gc()) 1143M->7M(4096M) 14.962ms
[927.705s][info][gc,cpu         ] GC(346) User=0.02s Sys=0.00s Real=0.01s
[929.499s][info][gc,start       ] GC(347) Pause Young (Normal) (G1 Evacuation Pause)
[929.499s][info][gc,task        ] GC(347) Using 6 workers of 6 for evacuation
[929.501s][info][gc,phases      ] GC(347)   Pre Evacuate Collection Set: 0.0ms
[929.501s][info][gc,phases      ] GC(347)   Evacuate Collection Set: 0.5ms
[929.501s][info][gc,phases      ] GC(347)   Post Evacuate Collection Set: 0.8ms
[929.501s][info][gc,phases      ] GC(347)   Other: 0.2ms
[929.501s][info][gc,heap        ] GC(347) Eden regions: 1228->0(1225)
[929.501s][info][gc,heap        ] GC(347) Survivor regions: 0->3(154)
[929.501s][info][gc,heap        ] GC(347) Old regions: 5->5
[929.501s][info][gc,heap        ] GC(347) Humongous regions: 1->1
[929.501s][info][gc,metaspace   ] GC(347) Metaspace: 25636K(26752K)->25636K(26752K) NonClass: 22359K(23040K)->22359K(23040K) Class: 3277K(3712K)->3277K(3712K)
[929.501s][info][gc             ] GC(347) Pause Young (Normal) (G1 Evacuation Pause) 2463M->13M(4096M) 1.723ms
[929.501s][info][gc,cpu         ] GC(347) User=0.00s Sys=0.00s Real=0.00s
[935.983s][info][gc,start       ] GC(348) Pause Young (Normal) (G1 Evacuation Pause)
[935.983s][info][gc,task        ] GC(348) Using 6 workers of 6 for evacuation
[936.172s][info][gc,phases      ] GC(348)   Pre Evacuate Collection Set: 0.1ms
[936.172s][info][gc,phases      ] GC(348)   Evacuate Collection Set: 187.3ms
[936.172s][info][gc,phases      ] GC(348)   Post Evacuate Collection Set: 1.2ms
[936.172s][info][gc,phases      ] GC(348)   Other: 0.6ms
[936.172s][info][gc,heap        ] GC(348) Eden regions: 1225->0(1074)
[936.172s][info][gc,heap        ] GC(348) Survivor regions: 3->154(154)
[936.172s][info][gc,heap        ] GC(348) Old regions: 5->36
[936.172s][info][gc,heap        ] GC(348) Humongous regions: 1->1
[936.172s][info][gc,metaspace   ] GC(348) Metaspace: 25636K(26752K)->25636K(26752K) NonClass: 22359K(23040K)->22359K(23040K) Class: 3277K(3712K)->3277K(3712K)
[936.172s][info][gc             ] GC(348) Pause Young (Normal) (G1 Evacuation Pause) 2463M->376M(4096M) 189.269ms
[936.172s][info][gc,cpu         ] GC(348) User=1.06s Sys=0.00s Real=0.19s
[938.354s][info][gc,task        ] GC(349) Using 6 workers of 6 for full compaction
[938.354s][info][gc,start       ] GC(349) Pause Full (System.gc())
[938.354s][info][gc,phases,start] GC(349) Phase 1: Mark live objects
[938.358s][info][gc,stringtable ] GC(349) Cleaned string and symbol table, strings: 6955 processed, 0 removed, symbols: 66765 processed, 0 removed
[938.358s][info][gc,phases      ] GC(349) Phase 1: Mark live objects 3.221ms
[938.358s][info][gc,phases,start] GC(349) Phase 2: Prepare for compaction
[938.361s][info][gc,phases      ] GC(349) Phase 2: Prepare for compaction 2.876ms
[938.361s][info][gc,phases,start] GC(349) Phase 3: Adjust pointers
[938.364s][info][gc,phases      ] GC(349) Phase 3: Adjust pointers 2.961ms
[938.364s][info][gc,phases,start] GC(349) Phase 4: Compact heap
[938.365s][info][gc,phases      ] GC(349) Phase 4: Compact heap 1.776ms
[938.369s][info][gc,heap        ] GC(349) Eden regions: 384->0(1228)
[938.369s][info][gc,heap        ] GC(349) Survivor regions: 154->0(154)
[938.369s][info][gc,heap        ] GC(349) Old regions: 36->6
[938.369s][info][gc,heap        ] GC(349) Humongous regions: 5->1
[938.369s][info][gc,metaspace   ] GC(349) Metaspace: 25636K(26752K)->25636K(26752K) NonClass: 22359K(23040K)->22359K(23040K) Class: 3277K(3712K)->3277K(3712K)
[938.369s][info][gc             ] GC(349) Pause Full (System.gc()) 1151M->7M(4096M) 14.281ms
[938.369s][info][gc,cpu         ] GC(349) User=0.02s Sys=0.00s Real=0.02s
[940.119s][info][gc,start       ] GC(350) Pause Young (Normal) (G1 Evacuation Pause)
[940.119s][info][gc,task        ] GC(350) Using 6 workers of 6 for evacuation
[940.121s][info][gc,phases      ] GC(350)   Pre Evacuate Collection Set: 0.0ms
[940.121s][info][gc,phases      ] GC(350)   Evacuate Collection Set: 0.5ms
[940.121s][info][gc,phases      ] GC(350)   Post Evacuate Collection Set: 0.9ms
[940.121s][info][gc,phases      ] GC(350)   Other: 0.2ms
[940.121s][info][gc,heap        ] GC(350) Eden regions: 1228->0(1225)
[940.121s][info][gc,heap        ] GC(350) Survivor regions: 0->3(154)
[940.121s][info][gc,heap        ] GC(350) Old regions: 6->6
[940.121s][info][gc,heap        ] GC(350) Humongous regions: 1->1
[940.121s][info][gc,metaspace   ] GC(350) Metaspace: 25636K(26752K)->25636K(26752K) NonClass: 22359K(23040K)->22359K(23040K) Class: 3277K(3712K)->3277K(3712K)
[940.121s][info][gc             ] GC(350) Pause Young (Normal) (G1 Evacuation Pause) 2463M->13M(4096M) 1.731ms
[940.121s][info][gc,cpu         ] GC(350) User=0.00s Sys=0.00s Real=0.00s
[946.564s][info][gc,start       ] GC(351) Pause Young (Normal) (G1 Evacuation Pause)
[946.564s][info][gc,task        ] GC(351) Using 6 workers of 6 for evacuation
[946.767s][info][gc,mmu         ] GC(351) MMU target violated: 201.0ms (200.0ms/201.0ms)
[946.767s][info][gc,phases      ] GC(351)   Pre Evacuate Collection Set: 0.0ms
[946.767s][info][gc,phases      ] GC(351)   Evacuate Collection Set: 201.1ms
[946.767s][info][gc,phases      ] GC(351)   Post Evacuate Collection Set: 1.1ms
[946.767s][info][gc,phases      ] GC(351)   Other: 0.4ms
[946.767s][info][gc,heap        ] GC(351) Eden regions: 1225->0(1074)
[946.767s][info][gc,heap        ] GC(351) Survivor regions: 3->154(154)
[946.767s][info][gc,heap        ] GC(351) Old regions: 6->42
[946.767s][info][gc,heap        ] GC(351) Humongous regions: 1->1
[946.767s][info][gc,metaspace   ] GC(351) Metaspace: 25636K(26752K)->25636K(26752K) NonClass: 22359K(23040K)->22359K(23040K) Class: 3277K(3712K)->3277K(3712K)
[946.767s][info][gc             ] GC(351) Pause Young (Normal) (G1 Evacuation Pause) 2463M->386M(4096M) 202.796ms
[946.767s][info][gc,cpu         ] GC(351) User=1.09s Sys=0.00s Real=0.19s
[948.894s][info][gc,task        ] GC(352) Using 6 workers of 6 for full compaction
[948.894s][info][gc,start       ] GC(352) Pause Full (System.gc())
[948.895s][info][gc,phases,start] GC(352) Phase 1: Mark live objects
[948.897s][info][gc,stringtable ] GC(352) Cleaned string and symbol table, strings: 6955 processed, 0 removed, symbols: 66765 processed, 0 removed
[948.897s][info][gc,phases      ] GC(352) Phase 1: Mark live objects 2.801ms
[948.897s][info][gc,phases,start] GC(352) Phase 2: Prepare for compaction
[948.900s][info][gc,phases      ] GC(352) Phase 2: Prepare for compaction 2.974ms
[948.900s][info][gc,phases,start] GC(352) Phase 3: Adjust pointers
[948.903s][info][gc,phases      ] GC(352) Phase 3: Adjust pointers 2.962ms
[948.904s][info][gc,phases,start] GC(352) Phase 4: Compact heap
[948.905s][info][gc,phases      ] GC(352) Phase 4: Compact heap 1.954ms
[948.908s][info][gc,heap        ] GC(352) Eden regions: 371->0(1228)
[948.908s][info][gc,heap        ] GC(352) Survivor regions: 154->0(154)
[948.908s][info][gc,heap        ] GC(352) Old regions: 42->6
[948.908s][info][gc,heap        ] GC(352) Humongous regions: 5->1
[948.908s][info][gc,metaspace   ] GC(352) Metaspace: 25636K(26752K)->25636K(26752K) NonClass: 22359K(23040K)->22359K(23040K) Class: 3277K(3712K)->3277K(3712K)
[948.908s][info][gc             ] GC(352) Pause Full (System.gc()) 1136M->7M(4096M) 13.951ms
[948.909s][info][gc,cpu         ] GC(352) User=0.02s Sys=0.00s Real=0.02s
[950.704s][info][gc,start       ] GC(353) Pause Young (Normal) (G1 Evacuation Pause)
[950.704s][info][gc,task        ] GC(353) Using 6 workers of 6 for evacuation
[950.706s][info][gc,phases      ] GC(353)   Pre Evacuate Collection Set: 0.1ms
[950.706s][info][gc,phases      ] GC(353)   Evacuate Collection Set: 0.7ms
[950.706s][info][gc,phases      ] GC(353)   Post Evacuate Collection Set: 1.0ms
[950.706s][info][gc,phases      ] GC(353)   Other: 0.3ms
[950.706s][info][gc,heap        ] GC(353) Eden regions: 1228->0(1225)
[950.706s][info][gc,heap        ] GC(353) Survivor regions: 0->3(154)
[950.706s][info][gc,heap        ] GC(353) Old regions: 6->6
[950.706s][info][gc,heap        ] GC(353) Humongous regions: 1->1
[950.706s][info][gc,metaspace   ] GC(353) Metaspace: 25636K(26752K)->25636K(26752K) NonClass: 22359K(23040K)->22359K(23040K) Class: 3277K(3712K)->3277K(3712K)
[950.706s][info][gc             ] GC(353) Pause Young (Normal) (G1 Evacuation Pause) 2463M->13M(4096M) 2.206ms
[950.706s][info][gc,cpu         ] GC(353) User=0.00s Sys=0.00s Real=0.00s
[957.373s][info][gc,start       ] GC(354) Pause Young (Normal) (G1 Evacuation Pause)
[957.373s][info][gc,task        ] GC(354) Using 6 workers of 6 for evacuation
[957.570s][info][gc,phases      ] GC(354)   Pre Evacuate Collection Set: 0.1ms
[957.570s][info][gc,phases      ] GC(354)   Evacuate Collection Set: 195.9ms
[957.570s][info][gc,phases      ] GC(354)   Post Evacuate Collection Set: 1.2ms
[957.570s][info][gc,phases      ] GC(354)   Other: 0.5ms
[957.570s][info][gc,heap        ] GC(354) Eden regions: 1225->0(1074)
[957.570s][info][gc,heap        ] GC(354) Survivor regions: 3->154(154)
[957.570s][info][gc,heap        ] GC(354) Old regions: 6->40
[957.570s][info][gc,heap        ] GC(354) Humongous regions: 1->1
[957.570s][info][gc,metaspace   ] GC(354) Metaspace: 25636K(26752K)->25636K(26752K) NonClass: 22359K(23040K)->22359K(23040K) Class: 3277K(3712K)->3277K(3712K)
[957.570s][info][gc             ] GC(354) Pause Young (Normal) (G1 Evacuation Pause) 2463M->383M(4096M) 197.777ms
[957.570s][info][gc,cpu         ] GC(354) User=1.14s Sys=0.00s Real=0.20s
[959.740s][info][gc,task        ] GC(355) Using 6 workers of 6 for full compaction
[959.740s][info][gc,start       ] GC(355) Pause Full (System.gc())
[959.740s][info][gc,phases,start] GC(355) Phase 1: Mark live objects
[959.743s][info][gc,stringtable ] GC(355) Cleaned string and symbol table, strings: 6955 processed, 0 removed, symbols: 66765 processed, 0 removed
[959.743s][info][gc,phases      ] GC(355) Phase 1: Mark live objects 3.318ms
[959.743s][info][gc,phases,start] GC(355) Phase 2: Prepare for compaction
[959.747s][info][gc,phases      ] GC(355) Phase 2: Prepare for compaction 3.285ms
[959.747s][info][gc,phases,start] GC(355) Phase 3: Adjust pointers
[959.750s][info][gc,phases      ] GC(355) Phase 3: Adjust pointers 2.930ms
[959.750s][info][gc,phases,start] GC(355) Phase 4: Compact heap
[959.751s][info][gc,phases      ] GC(355) Phase 4: Compact heap 1.804ms
[959.755s][info][gc,heap        ] GC(355) Eden regions: 376->0(1228)
[959.756s][info][gc,heap        ] GC(355) Survivor regions: 154->0(154)
[959.756s][info][gc,heap        ] GC(355) Old regions: 40->6
[959.756s][info][gc,heap        ] GC(355) Humongous regions: 5->1
[959.756s][info][gc,metaspace   ] GC(355) Metaspace: 25636K(26752K)->25636K(26752K) NonClass: 22359K(23040K)->22359K(23040K) Class: 3277K(3712K)->3277K(3712K)
[959.756s][info][gc             ] GC(355) Pause Full (System.gc()) 1142M->7M(4096M) 15.763ms
[959.756s][info][gc,cpu         ] GC(355) User=0.00s Sys=0.00s Real=0.02s
[961.685s][info][gc,start       ] GC(356) Pause Young (Normal) (G1 Evacuation Pause)
[961.685s][info][gc,task        ] GC(356) Using 6 workers of 6 for evacuation
[961.687s][info][gc,phases      ] GC(356)   Pre Evacuate Collection Set: 0.0ms
[961.687s][info][gc,phases      ] GC(356)   Evacuate Collection Set: 0.5ms
[961.687s][info][gc,phases      ] GC(356)   Post Evacuate Collection Set: 0.8ms
[961.687s][info][gc,phases      ] GC(356)   Other: 0.2ms
[961.687s][info][gc,heap        ] GC(356) Eden regions: 1228->0(1225)
[961.687s][info][gc,heap        ] GC(356) Survivor regions: 0->3(154)
[961.687s][info][gc,heap        ] GC(356) Old regions: 6->6
[961.687s][info][gc,heap        ] GC(356) Humongous regions: 1->1
[961.687s][info][gc,metaspace   ] GC(356) Metaspace: 25636K(26752K)->25636K(26752K) NonClass: 22359K(23040K)->22359K(23040K) Class: 3277K(3712K)->3277K(3712K)
[961.687s][info][gc             ] GC(356) Pause Young (Normal) (G1 Evacuation Pause) 2463M->13M(4096M) 1.656ms
[961.687s][info][gc,cpu         ] GC(356) User=0.00s Sys=0.00s Real=0.00s
[967.562s][info][gc,start       ] GC(357) Pause Young (Normal) (G1 Evacuation Pause)
[967.562s][info][gc,task        ] GC(357) Using 6 workers of 6 for evacuation
[967.761s][info][gc,phases      ] GC(357)   Pre Evacuate Collection Set: 0.0ms
[967.762s][info][gc,phases      ] GC(357)   Evacuate Collection Set: 198.3ms
[967.762s][info][gc,phases      ] GC(357)   Post Evacuate Collection Set: 1.2ms
[967.762s][info][gc,phases      ] GC(357)   Other: 0.3ms
[967.762s][info][gc,heap        ] GC(357) Eden regions: 1225->0(1074)
[967.762s][info][gc,heap        ] GC(357) Survivor regions: 3->154(154)
[967.762s][info][gc,heap        ] GC(357) Old regions: 6->47
[967.762s][info][gc,heap        ] GC(357) Humongous regions: 1->1
[967.762s][info][gc,metaspace   ] GC(357) Metaspace: 25636K(26752K)->25636K(26752K) NonClass: 22359K(23040K)->22359K(23040K) Class: 3277K(3712K)->3277K(3712K)
[967.762s][info][gc             ] GC(357) Pause Young (Normal) (G1 Evacuation Pause) 2463M->395M(4096M) 199.949ms
[967.762s][info][gc,cpu         ] GC(357) User=1.14s Sys=0.00s Real=0.20s
[969.922s][info][gc,task        ] GC(358) Using 6 workers of 6 for full compaction
[969.923s][info][gc,start       ] GC(358) Pause Full (System.gc())
[969.923s][info][gc,phases,start] GC(358) Phase 1: Mark live objects
[969.926s][info][gc,stringtable ] GC(358) Cleaned string and symbol table, strings: 6955 processed, 0 removed, symbols: 66765 processed, 0 removed
[969.926s][info][gc,phases      ] GC(358) Phase 1: Mark live objects 2.977ms
[969.926s][info][gc,phases,start] GC(358) Phase 2: Prepare for compaction
[969.929s][info][gc,phases      ] GC(358) Phase 2: Prepare for compaction 3.313ms
[969.929s][info][gc,phases,start] GC(358) Phase 3: Adjust pointers
[969.932s][info][gc,phases      ] GC(358) Phase 3: Adjust pointers 3.023ms
[969.932s][info][gc,phases,start] GC(358) Phase 4: Compact heap
[969.934s][info][gc,phases      ] GC(358) Phase 4: Compact heap 1.725ms
[969.937s][info][gc,heap        ] GC(358) Eden regions: 359->0(1228)
[969.937s][info][gc,heap        ] GC(358) Survivor regions: 154->0(154)
[969.937s][info][gc,heap        ] GC(358) Old regions: 47->6
[969.937s][info][gc,heap        ] GC(358) Humongous regions: 5->1
[969.937s][info][gc,metaspace   ] GC(358) Metaspace: 25636K(26752K)->25636K(26752K) NonClass: 22359K(23040K)->22359K(23040K) Class: 3277K(3712K)->3277K(3712K)
[969.937s][info][gc             ] GC(358) Pause Full (System.gc()) 1121M->7M(4096M) 14.481ms
[969.937s][info][gc,cpu         ] GC(358) User=0.02s Sys=0.00s Real=0.02s
[971.825s][info][gc,start       ] GC(359) Pause Young (Normal) (G1 Evacuation Pause)
[971.825s][info][gc,task        ] GC(359) Using 6 workers of 6 for evacuation
[971.827s][info][gc,phases      ] GC(359)   Pre Evacuate Collection Set: 0.1ms
[971.827s][info][gc,phases      ] GC(359)   Evacuate Collection Set: 0.8ms
[971.827s][info][gc,phases      ] GC(359)   Post Evacuate Collection Set: 0.8ms
[971.827s][info][gc,phases      ] GC(359)   Other: 0.2ms
[971.827s][info][gc,heap        ] GC(359) Eden regions: 1228->0(1225)
[971.827s][info][gc,heap        ] GC(359) Survivor regions: 0->3(154)
[971.827s][info][gc,heap        ] GC(359) Old regions: 6->6
[971.827s][info][gc,heap        ] GC(359) Humongous regions: 1->1
[971.827s][info][gc,metaspace   ] GC(359) Metaspace: 25636K(26752K)->25636K(26752K) NonClass: 22359K(23040K)->22359K(23040K) Class: 3277K(3712K)->3277K(3712K)
[971.827s][info][gc             ] GC(359) Pause Young (Normal) (G1 Evacuation Pause) 2463M->13M(4096M) 2.002ms
[971.827s][info][gc,cpu         ] GC(359) User=0.00s Sys=0.00s Real=0.00s
[978.363s][info][gc,start       ] GC(360) Pause Young (Normal) (G1 Evacuation Pause)
[978.363s][info][gc,task        ] GC(360) Using 6 workers of 6 for evacuation
[978.558s][info][gc,phases      ] GC(360)   Pre Evacuate Collection Set: 0.1ms
[978.559s][info][gc,phases      ] GC(360)   Evacuate Collection Set: 193.5ms
[978.559s][info][gc,phases      ] GC(360)   Post Evacuate Collection Set: 1.2ms
[978.559s][info][gc,phases      ] GC(360)   Other: 0.5ms
[978.559s][info][gc,heap        ] GC(360) Eden regions: 1225->0(1074)
[978.559s][info][gc,heap        ] GC(360) Survivor regions: 3->154(154)
[978.559s][info][gc,heap        ] GC(360) Old regions: 6->38
[978.559s][info][gc,heap        ] GC(360) Humongous regions: 1->1
[978.559s][info][gc,metaspace   ] GC(360) Metaspace: 25636K(26752K)->25636K(26752K) NonClass: 22359K(23040K)->22359K(23040K) Class: 3277K(3712K)->3277K(3712K)
[978.559s][info][gc             ] GC(360) Pause Young (Normal) (G1 Evacuation Pause) 2463M->378M(4096M) 195.308ms
[978.559s][info][gc,cpu         ] GC(360) User=1.12s Sys=0.00s Real=0.20s
[980.743s][info][gc,task        ] GC(361) Using 6 workers of 6 for full compaction
[980.743s][info][gc,start       ] GC(361) Pause Full (System.gc())
[980.744s][info][gc,phases,start] GC(361) Phase 1: Mark live objects
[980.747s][info][gc,stringtable ] GC(361) Cleaned string and symbol table, strings: 6955 processed, 0 removed, symbols: 66765 processed, 0 removed
[980.747s][info][gc,phases      ] GC(361) Phase 1: Mark live objects 3.482ms
[980.747s][info][gc,phases,start] GC(361) Phase 2: Prepare for compaction
[980.750s][info][gc,phases      ] GC(361) Phase 2: Prepare for compaction 3.161ms
[980.750s][info][gc,phases,start] GC(361) Phase 3: Adjust pointers
[980.753s][info][gc,phases      ] GC(361) Phase 3: Adjust pointers 3.030ms
[980.753s][info][gc,phases,start] GC(361) Phase 4: Compact heap
[980.756s][info][gc,phases      ] GC(361) Phase 4: Compact heap 2.047ms
[980.759s][info][gc,heap        ] GC(361) Eden regions: 382->0(1228)
[980.759s][info][gc,heap        ] GC(361) Survivor regions: 154->0(154)
[980.759s][info][gc,heap        ] GC(361) Old regions: 38->6
[980.759s][info][gc,heap        ] GC(361) Humongous regions: 5->1
[980.759s][info][gc,metaspace   ] GC(361) Metaspace: 25636K(26752K)->25636K(26752K) NonClass: 22359K(23040K)->22359K(23040K) Class: 3277K(3712K)->3277K(3712K)
[980.759s][info][gc             ] GC(361) Pause Full (System.gc()) 1149M->7M(4096M) 15.458ms
[980.759s][info][gc,cpu         ] GC(361) User=0.00s Sys=0.00s Real=0.01s
[982.571s][info][gc,start       ] GC(362) Pause Young (Normal) (G1 Evacuation Pause)
[982.571s][info][gc,task        ] GC(362) Using 6 workers of 6 for evacuation
[982.573s][info][gc,phases      ] GC(362)   Pre Evacuate Collection Set: 0.0ms
[982.573s][info][gc,phases      ] GC(362)   Evacuate Collection Set: 0.5ms
[982.573s][info][gc,phases      ] GC(362)   Post Evacuate Collection Set: 0.8ms
[982.573s][info][gc,phases      ] GC(362)   Other: 0.2ms
[982.573s][info][gc,heap        ] GC(362) Eden regions: 1228->0(1225)
[982.573s][info][gc,heap        ] GC(362) Survivor regions: 0->3(154)
[982.573s][info][gc,heap        ] GC(362) Old regions: 6->6
[982.573s][info][gc,heap        ] GC(362) Humongous regions: 1->1
[982.573s][info][gc,metaspace   ] GC(362) Metaspace: 25636K(26752K)->25636K(26752K) NonClass: 22359K(23040K)->22359K(23040K) Class: 3277K(3712K)->3277K(3712K)
[982.573s][info][gc             ] GC(362) Pause Young (Normal) (G1 Evacuation Pause) 2463M->13M(4096M) 1.686ms
[982.573s][info][gc,cpu         ] GC(362) User=0.00s Sys=0.00s Real=0.00s
[989.178s][info][gc,start       ] GC(363) Pause Young (Normal) (G1 Evacuation Pause)
[989.178s][info][gc,task        ] GC(363) Using 6 workers of 6 for evacuation
[989.376s][info][gc,phases      ] GC(363)   Pre Evacuate Collection Set: 0.0ms
[989.376s][info][gc,phases      ] GC(363)   Evacuate Collection Set: 196.5ms
[989.376s][info][gc,phases      ] GC(363)   Post Evacuate Collection Set: 1.0ms
[989.376s][info][gc,phases      ] GC(363)   Other: 0.5ms
[989.376s][info][gc,heap        ] GC(363) Eden regions: 1225->0(1074)
[989.376s][info][gc,heap        ] GC(363) Survivor regions: 3->154(154)
[989.376s][info][gc,heap        ] GC(363) Old regions: 6->40
[989.376s][info][gc,heap        ] GC(363) Humongous regions: 1->1
[989.376s][info][gc,metaspace   ] GC(363) Metaspace: 25636K(26752K)->25636K(26752K) NonClass: 22359K(23040K)->22359K(23040K) Class: 3277K(3712K)->3277K(3712K)
[989.376s][info][gc             ] GC(363) Pause Young (Normal) (G1 Evacuation Pause) 2463M->382M(4096M) 198.214ms
[989.376s][info][gc,cpu         ] GC(363) User=1.12s Sys=0.00s Real=0.20s
[991.541s][info][gc,task        ] GC(364) Using 6 workers of 6 for full compaction
[991.541s][info][gc,start       ] GC(364) Pause Full (System.gc())
[991.541s][info][gc,phases,start] GC(364) Phase 1: Mark live objects
[991.544s][info][gc,stringtable ] GC(364) Cleaned string and symbol table, strings: 6955 processed, 0 removed, symbols: 66765 processed, 0 removed
[991.544s][info][gc,phases      ] GC(364) Phase 1: Mark live objects 2.936ms
[991.544s][info][gc,phases,start] GC(364) Phase 2: Prepare for compaction
[991.547s][info][gc,phases      ] GC(364) Phase 2: Prepare for compaction 2.968ms
[991.547s][info][gc,phases,start] GC(364) Phase 3: Adjust pointers
[991.550s][info][gc,phases      ] GC(364) Phase 3: Adjust pointers 2.964ms
[991.550s][info][gc,phases,start] GC(364) Phase 4: Compact heap
[991.553s][info][gc,phases      ] GC(364) Phase 4: Compact heap 2.200ms
[991.556s][info][gc,heap        ] GC(364) Eden regions: 377->0(1228)
[991.556s][info][gc,heap        ] GC(364) Survivor regions: 154->0(154)
[991.556s][info][gc,heap        ] GC(364) Old regions: 40->6
[991.556s][info][gc,heap        ] GC(364) Humongous regions: 5->1
[991.556s][info][gc,metaspace   ] GC(364) Metaspace: 25636K(26752K)->25636K(26752K) NonClass: 22359K(23040K)->22359K(23040K) Class: 3277K(3712K)->3277K(3712K)
[991.556s][info][gc             ] GC(364) Pause Full (System.gc()) 1143M->7M(4096M) 14.427ms
[991.556s][info][gc,cpu         ] GC(364) User=0.02s Sys=0.00s Real=0.02s
[993.540s][info][gc,start       ] GC(365) Pause Young (Normal) (G1 Evacuation Pause)
[993.540s][info][gc,task        ] GC(365) Using 6 workers of 6 for evacuation
[993.541s][info][gc,phases      ] GC(365)   Pre Evacuate Collection Set: 0.0ms
[993.541s][info][gc,phases      ] GC(365)   Evacuate Collection Set: 0.5ms
[993.541s][info][gc,phases      ] GC(365)   Post Evacuate Collection Set: 0.8ms
[993.541s][info][gc,phases      ] GC(365)   Other: 0.2ms
[993.541s][info][gc,heap        ] GC(365) Eden regions: 1228->0(1225)
[993.541s][info][gc,heap        ] GC(365) Survivor regions: 0->3(154)
[993.541s][info][gc,heap        ] GC(365) Old regions: 6->6
[993.541s][info][gc,heap        ] GC(365) Humongous regions: 1->1
[993.541s][info][gc,metaspace   ] GC(365) Metaspace: 25636K(26752K)->25636K(26752K) NonClass: 22359K(23040K)->22359K(23040K) Class: 3277K(3712K)->3277K(3712K)
[993.541s][info][gc             ] GC(365) Pause Young (Normal) (G1 Evacuation Pause) 2463M->13M(4096M) 1.625ms
[993.541s][info][gc,cpu         ] GC(365) User=0.00s Sys=0.00s Real=0.00s
[999.794s][info][gc,start       ] GC(366) Pause Young (Normal) (G1 Evacuation Pause)
[999.794s][info][gc,task        ] GC(366) Using 6 workers of 6 for evacuation
[999.989s][info][gc,phases      ] GC(366)   Pre Evacuate Collection Set: 0.1ms
[999.989s][info][gc,phases      ] GC(366)   Evacuate Collection Set: 193.4ms
[999.989s][info][gc,phases      ] GC(366)   Post Evacuate Collection Set: 1.1ms
[999.989s][info][gc,phases      ] GC(366)   Other: 0.5ms
[999.989s][info][gc,heap        ] GC(366) Eden regions: 1225->0(1074)
[999.989s][info][gc,heap        ] GC(366) Survivor regions: 3->154(154)
[999.989s][info][gc,heap        ] GC(366) Old regions: 6->41
[999.989s][info][gc,heap        ] GC(366) Humongous regions: 1->1
[999.989s][info][gc,metaspace   ] GC(366) Metaspace: 25636K(26752K)->25636K(26752K) NonClass: 22359K(23040K)->22359K(23040K) Class: 3277K(3712K)->3277K(3712K)
[999.989s][info][gc             ] GC(366) Pause Young (Normal) (G1 Evacuation Pause) 2463M->385M(4096M) 195.203ms
[999.989s][info][gc,cpu         ] GC(366) User=1.14s Sys=0.00s Real=0.20s
[1002.189s][info][gc,task        ] GC(367) Using 6 workers of 6 for full compaction
[1002.189s][info][gc,start       ] GC(367) Pause Full (System.gc())
[1002.190s][info][gc,phases,start] GC(367) Phase 1: Mark live objects
[1002.193s][info][gc,stringtable ] GC(367) Cleaned string and symbol table, strings: 6955 processed, 0 removed, symbols: 66765 processed, 0 removed
[1002.193s][info][gc,phases      ] GC(367) Phase 1: Mark live objects 3.145ms
[1002.193s][info][gc,phases,start] GC(367) Phase 2: Prepare for compaction
[1002.196s][info][gc,phases      ] GC(367) Phase 2: Prepare for compaction 2.969ms
[1002.196s][info][gc,phases,start] GC(367) Phase 3: Adjust pointers
[1002.199s][info][gc,phases      ] GC(367) Phase 3: Adjust pointers 3.009ms
[1002.199s][info][gc,phases,start] GC(367) Phase 4: Compact heap
[1002.201s][info][gc,phases      ] GC(367) Phase 4: Compact heap 1.864ms
[1002.204s][info][gc,heap        ] GC(367) Eden regions: 373->0(1228)
[1002.204s][info][gc,heap        ] GC(367) Survivor regions: 154->0(154)
[1002.204s][info][gc,heap        ] GC(367) Old regions: 41->6
[1002.204s][info][gc,heap        ] GC(367) Humongous regions: 5->1
[1002.204s][info][gc,metaspace   ] GC(367) Metaspace: 25638K(26752K)->25638K(26752K) NonClass: 22360K(23040K)->22360K(23040K) Class: 3277K(3712K)->3277K(3712K)
[1002.204s][info][gc             ] GC(367) Pause Full (System.gc()) 1139M->7M(4096M) 14.827ms
[1002.204s][info][gc,cpu         ] GC(367) User=0.02s Sys=0.00s Real=0.02s
[1004.354s][info][gc,start       ] GC(368) Pause Young (Normal) (G1 Evacuation Pause)
[1004.354s][info][gc,task        ] GC(368) Using 6 workers of 6 for evacuation
[1004.356s][info][gc,phases      ] GC(368)   Pre Evacuate Collection Set: 0.0ms
[1004.356s][info][gc,phases      ] GC(368)   Evacuate Collection Set: 0.5ms
[1004.356s][info][gc,phases      ] GC(368)   Post Evacuate Collection Set: 1.0ms
[1004.356s][info][gc,phases      ] GC(368)   Other: 0.2ms
[1004.356s][info][gc,heap        ] GC(368) Eden regions: 1228->0(1225)
[1004.356s][info][gc,heap        ] GC(368) Survivor regions: 0->3(154)
[1004.356s][info][gc,heap        ] GC(368) Old regions: 6->6
[1004.356s][info][gc,heap        ] GC(368) Humongous regions: 1->1
[1004.356s][info][gc,metaspace   ] GC(368) Metaspace: 25638K(26752K)->25638K(26752K) NonClass: 22360K(23040K)->22360K(23040K) Class: 3277K(3712K)->3277K(3712K)
[1004.356s][info][gc             ] GC(368) Pause Young (Normal) (G1 Evacuation Pause) 2463M->13M(4096M) 1.797ms
[1004.356s][info][gc,cpu         ] GC(368) User=0.00s Sys=0.00s Real=0.00s
[1010.321s][info][gc,start       ] GC(369) Pause Young (Normal) (G1 Evacuation Pause)
[1010.321s][info][gc,task        ] GC(369) Using 6 workers of 6 for evacuation
[1010.522s][info][gc,mmu         ] GC(369) MMU target violated: 201.0ms (200.0ms/201.0ms)
[1010.522s][info][gc,phases      ] GC(369)   Pre Evacuate Collection Set: 0.1ms
[1010.522s][info][gc,phases      ] GC(369)   Evacuate Collection Set: 200.2ms
[1010.522s][info][gc,phases      ] GC(369)   Post Evacuate Collection Set: 1.2ms
[1010.522s][info][gc,phases      ] GC(369)   Other: 0.5ms
[1010.522s][info][gc,heap        ] GC(369) Eden regions: 1225->0(1074)
[1010.522s][info][gc,heap        ] GC(369) Survivor regions: 3->154(154)
[1010.523s][info][gc,heap        ] GC(369) Old regions: 6->43
[1010.523s][info][gc,heap        ] GC(369) Humongous regions: 1->1
[1010.523s][info][gc,metaspace   ] GC(369) Metaspace: 25638K(26752K)->25638K(26752K) NonClass: 22360K(23040K)->22360K(23040K) Class: 3277K(3712K)->3277K(3712K)
[1010.523s][info][gc             ] GC(369) Pause Young (Normal) (G1 Evacuation Pause) 2463M->388M(4096M) 201.999ms
[1010.523s][info][gc,cpu         ] GC(369) User=1.14s Sys=0.00s Real=0.20s
[1012.698s][info][gc,task        ] GC(370) Using 6 workers of 6 for full compaction
[1012.698s][info][gc,start       ] GC(370) Pause Full (System.gc())
[1012.698s][info][gc,phases,start] GC(370) Phase 1: Mark live objects
[1012.701s][info][gc,stringtable ] GC(370) Cleaned string and symbol table, strings: 6955 processed, 0 removed, symbols: 66765 processed, 0 removed
[1012.701s][info][gc,phases      ] GC(370) Phase 1: Mark live objects 3.237ms
[1012.701s][info][gc,phases,start] GC(370) Phase 2: Prepare for compaction
[1012.705s][info][gc,phases      ] GC(370) Phase 2: Prepare for compaction 3.250ms
[1012.705s][info][gc,phases,start] GC(370) Phase 3: Adjust pointers
[1012.708s][info][gc,phases      ] GC(370) Phase 3: Adjust pointers 2.981ms
[1012.708s][info][gc,phases,start] GC(370) Phase 4: Compact heap
[1012.710s][info][gc,phases      ] GC(370) Phase 4: Compact heap 1.876ms
[1012.713s][info][gc,heap        ] GC(370) Eden regions: 370->0(1228)
[1012.713s][info][gc,heap        ] GC(370) Survivor regions: 154->0(154)
[1012.713s][info][gc,heap        ] GC(370) Old regions: 43->6
[1012.713s][info][gc,heap        ] GC(370) Humongous regions: 5->1
[1012.713s][info][gc,metaspace   ] GC(370) Metaspace: 25638K(26752K)->25638K(26752K) NonClass: 22360K(23040K)->22360K(23040K) Class: 3277K(3712K)->3277K(3712K)
[1012.713s][info][gc             ] GC(370) Pause Full (System.gc()) 1135M->7M(4096M) 15.436ms
[1012.714s][info][gc,cpu         ] GC(370) User=0.02s Sys=0.00s Real=0.02s
[1014.636s][info][gc,start       ] GC(371) Pause Young (Normal) (G1 Evacuation Pause)
[1014.636s][info][gc,task        ] GC(371) Using 6 workers of 6 for evacuation
[1014.637s][info][gc,phases      ] GC(371)   Pre Evacuate Collection Set: 0.0ms
[1014.637s][info][gc,phases      ] GC(371)   Evacuate Collection Set: 0.5ms
[1014.637s][info][gc,phases      ] GC(371)   Post Evacuate Collection Set: 0.8ms
[1014.637s][info][gc,phases      ] GC(371)   Other: 0.2ms
[1014.637s][info][gc,heap        ] GC(371) Eden regions: 1228->0(1225)
[1014.637s][info][gc,heap        ] GC(371) Survivor regions: 0->3(154)
[1014.637s][info][gc,heap        ] GC(371) Old regions: 6->6
[1014.637s][info][gc,heap        ] GC(371) Humongous regions: 1->1
[1014.637s][info][gc,metaspace   ] GC(371) Metaspace: 25638K(26752K)->25638K(26752K) NonClass: 22360K(23040K)->22360K(23040K) Class: 3277K(3712K)->3277K(3712K)
[1014.637s][info][gc             ] GC(371) Pause Young (Normal) (G1 Evacuation Pause) 2463M->13M(4096M) 1.673ms
[1014.637s][info][gc,cpu         ] GC(371) User=0.00s Sys=0.00s Real=0.00s
[1021.037s][info][gc,start       ] GC(372) Pause Young (Normal) (G1 Evacuation Pause)
[1021.037s][info][gc,task        ] GC(372) Using 6 workers of 6 for evacuation
[1021.230s][info][gc,phases      ] GC(372)   Pre Evacuate Collection Set: 0.0ms
[1021.230s][info][gc,phases      ] GC(372)   Evacuate Collection Set: 191.9ms
[1021.230s][info][gc,phases      ] GC(372)   Post Evacuate Collection Set: 1.3ms
[1021.230s][info][gc,phases      ] GC(372)   Other: 0.4ms
[1021.230s][info][gc,heap        ] GC(372) Eden regions: 1225->0(1074)
[1021.230s][info][gc,heap        ] GC(372) Survivor regions: 3->154(154)
[1021.230s][info][gc,heap        ] GC(372) Old regions: 6->41
[1021.230s][info][gc,heap        ] GC(372) Humongous regions: 1->1
[1021.230s][info][gc,metaspace   ] GC(372) Metaspace: 25638K(26752K)->25638K(26752K) NonClass: 22361K(23040K)->22361K(23040K) Class: 3277K(3712K)->3277K(3712K)
[1021.230s][info][gc             ] GC(372) Pause Young (Normal) (G1 Evacuation Pause) 2463M->384M(4096M) 193.692ms
[1021.230s][info][gc,cpu         ] GC(372) User=1.12s Sys=0.00s Real=0.19s
[1023.387s][info][gc,task        ] GC(373) Using 6 workers of 6 for full compaction
[1023.387s][info][gc,start       ] GC(373) Pause Full (System.gc())
[1023.387s][info][gc,phases,start] GC(373) Phase 1: Mark live objects
[1023.390s][info][gc,stringtable ] GC(373) Cleaned string and symbol table, strings: 6955 processed, 0 removed, symbols: 66765 processed, 0 removed
[1023.390s][info][gc,phases      ] GC(373) Phase 1: Mark live objects 3.053ms
[1023.390s][info][gc,phases,start] GC(373) Phase 2: Prepare for compaction
[1023.393s][info][gc,phases      ] GC(373) Phase 2: Prepare for compaction 2.951ms
[1023.393s][info][gc,phases,start] GC(373) Phase 3: Adjust pointers
[1023.396s][info][gc,phases      ] GC(373) Phase 3: Adjust pointers 2.994ms
[1023.396s][info][gc,phases,start] GC(373) Phase 4: Compact heap
[1023.398s][info][gc,phases      ] GC(373) Phase 4: Compact heap 1.733ms
[1023.401s][info][gc,heap        ] GC(373) Eden regions: 374->0(1228)
[1023.401s][info][gc,heap        ] GC(373) Survivor regions: 154->0(154)
[1023.401s][info][gc,heap        ] GC(373) Old regions: 41->6
[1023.401s][info][gc,heap        ] GC(373) Humongous regions: 5->1
[1023.401s][info][gc,metaspace   ] GC(373) Metaspace: 25638K(26752K)->25638K(26752K) NonClass: 22361K(23040K)->22361K(23040K) Class: 3277K(3712K)->3277K(3712K)
[1023.401s][info][gc             ] GC(373) Pause Full (System.gc()) 1139M->7M(4096M) 14.478ms
[1023.401s][info][gc,cpu         ] GC(373) User=0.02s Sys=0.00s Real=0.02s
[1025.156s][info][gc,start       ] GC(374) Pause Young (Normal) (G1 Evacuation Pause)
[1025.156s][info][gc,task        ] GC(374) Using 6 workers of 6 for evacuation
[1025.157s][info][gc,phases      ] GC(374)   Pre Evacuate Collection Set: 0.0ms
[1025.157s][info][gc,phases      ] GC(374)   Evacuate Collection Set: 0.4ms
[1025.157s][info][gc,phases      ] GC(374)   Post Evacuate Collection Set: 0.8ms
[1025.157s][info][gc,phases      ] GC(374)   Other: 0.2ms
[1025.157s][info][gc,heap        ] GC(374) Eden regions: 1228->0(1225)
[1025.157s][info][gc,heap        ] GC(374) Survivor regions: 0->3(154)
[1025.157s][info][gc,heap        ] GC(374) Old regions: 6->6
[1025.157s][info][gc,heap        ] GC(374) Humongous regions: 1->1
[1025.157s][info][gc,metaspace   ] GC(374) Metaspace: 25638K(26752K)->25638K(26752K) NonClass: 22361K(23040K)->22361K(23040K) Class: 3277K(3712K)->3277K(3712K)
[1025.157s][info][gc             ] GC(374) Pause Young (Normal) (G1 Evacuation Pause) 2463M->13M(4096M) 1.622ms
[1025.157s][info][gc,cpu         ] GC(374) User=0.00s Sys=0.00s Real=0.00s
[1031.457s][info][gc,start       ] GC(375) Pause Young (Normal) (G1 Evacuation Pause)
[1031.457s][info][gc,task        ] GC(375) Using 6 workers of 6 for evacuation
[1031.661s][info][gc,mmu         ] GC(375) MMU target violated: 201.0ms (200.0ms/201.0ms)
[1031.661s][info][gc,phases      ] GC(375)   Pre Evacuate Collection Set: 0.1ms
[1031.661s][info][gc,phases      ] GC(375)   Evacuate Collection Set: 202.5ms
[1031.661s][info][gc,phases      ] GC(375)   Post Evacuate Collection Set: 1.3ms
[1031.661s][info][gc,phases      ] GC(375)   Other: 0.5ms
[1031.661s][info][gc,heap        ] GC(375) Eden regions: 1225->0(1074)
[1031.661s][info][gc,heap        ] GC(375) Survivor regions: 3->154(154)
[1031.661s][info][gc,heap        ] GC(375) Old regions: 6->46
[1031.661s][info][gc,heap        ] GC(375) Humongous regions: 1->1
[1031.661s][info][gc,metaspace   ] GC(375) Metaspace: 25638K(26752K)->25638K(26752K) NonClass: 22361K(23040K)->22361K(23040K) Class: 3277K(3712K)->3277K(3712K)
[1031.661s][info][gc             ] GC(375) Pause Young (Normal) (G1 Evacuation Pause) 2463M->394M(4096M) 204.399ms
[1031.661s][info][gc,cpu         ] GC(375) User=1.19s Sys=0.00s Real=0.20s
[1033.756s][info][gc,task        ] GC(376) Using 6 workers of 6 for full compaction
[1033.756s][info][gc,start       ] GC(376) Pause Full (System.gc())
[1033.757s][info][gc,phases,start] GC(376) Phase 1: Mark live objects
[1033.760s][info][gc,stringtable ] GC(376) Cleaned string and symbol table, strings: 6955 processed, 0 removed, symbols: 66765 processed, 0 removed
[1033.760s][info][gc,phases      ] GC(376) Phase 1: Mark live objects 3.411ms
[1033.760s][info][gc,phases,start] GC(376) Phase 2: Prepare for compaction
[1033.763s][info][gc,phases      ] GC(376) Phase 2: Prepare for compaction 3.304ms
[1033.763s][info][gc,phases,start] GC(376) Phase 3: Adjust pointers
[1033.767s][info][gc,phases      ] GC(376) Phase 3: Adjust pointers 3.042ms
[1033.767s][info][gc,phases,start] GC(376) Phase 4: Compact heap
[1033.769s][info][gc,phases      ] GC(376) Phase 4: Compact heap 2.198ms
[1033.772s][info][gc,heap        ] GC(376) Eden regions: 360->0(1228)
[1033.772s][info][gc,heap        ] GC(376) Survivor regions: 154->0(154)
[1033.772s][info][gc,heap        ] GC(376) Old regions: 46->5
[1033.772s][info][gc,heap        ] GC(376) Humongous regions: 5->1
[1033.772s][info][gc,metaspace   ] GC(376) Metaspace: 25651K(26752K)->25651K(26752K) NonClass: 22374K(23040K)->22374K(23040K) Class: 3277K(3712K)->3277K(3712K)
[1033.772s][info][gc             ] GC(376) Pause Full (System.gc()) 1122M->7M(4096M) 15.308ms
[1033.772s][info][gc,cpu         ] GC(376) User=0.00s Sys=0.00s Real=0.02s
[1035.584s][info][gc,start       ] GC(377) Pause Young (Normal) (G1 Evacuation Pause)
[1035.584s][info][gc,task        ] GC(377) Using 6 workers of 6 for evacuation
[1035.586s][info][gc,phases      ] GC(377)   Pre Evacuate Collection Set: 0.0ms
[1035.586s][info][gc,phases      ] GC(377)   Evacuate Collection Set: 0.5ms
[1035.586s][info][gc,phases      ] GC(377)   Post Evacuate Collection Set: 0.9ms
[1035.586s][info][gc,phases      ] GC(377)   Other: 0.2ms
[1035.586s][info][gc,heap        ] GC(377) Eden regions: 1228->0(1225)
[1035.586s][info][gc,heap        ] GC(377) Survivor regions: 0->3(154)
[1035.586s][info][gc,heap        ] GC(377) Old regions: 5->5
[1035.586s][info][gc,heap        ] GC(377) Humongous regions: 1->1
[1035.586s][info][gc,metaspace   ] GC(377) Metaspace: 25657K(26752K)->25657K(26752K) NonClass: 22380K(23040K)->22380K(23040K) Class: 3277K(3712K)->3277K(3712K)
[1035.586s][info][gc             ] GC(377) Pause Young (Normal) (G1 Evacuation Pause) 2463M->13M(4096M) 1.706ms
[1035.586s][info][gc,cpu         ] GC(377) User=0.00s Sys=0.00s Real=0.00s
[1041.684s][info][gc,start       ] GC(378) Pause Young (Normal) (G1 Evacuation Pause)
[1041.684s][info][gc,task        ] GC(378) Using 6 workers of 6 for evacuation
[1041.883s][info][gc,phases      ] GC(378)   Pre Evacuate Collection Set: 0.1ms
[1041.884s][info][gc,phases      ] GC(378)   Evacuate Collection Set: 197.7ms
[1041.884s][info][gc,phases      ] GC(378)   Post Evacuate Collection Set: 1.1ms
[1041.884s][info][gc,phases      ] GC(378)   Other: 0.5ms
[1041.884s][info][gc,heap        ] GC(378) Eden regions: 1225->0(1074)
[1041.884s][info][gc,heap        ] GC(378) Survivor regions: 3->154(154)
[1041.884s][info][gc,heap        ] GC(378) Old regions: 5->41
[1041.884s][info][gc,heap        ] GC(378) Humongous regions: 1->1
[1041.884s][info][gc,metaspace   ] GC(378) Metaspace: 25657K(26752K)->25657K(26752K) NonClass: 22380K(23040K)->22380K(23040K) Class: 3277K(3712K)->3277K(3712K)
[1041.884s][info][gc             ] GC(378) Pause Young (Normal) (G1 Evacuation Pause) 2463M->385M(4096M) 199.403ms
[1041.884s][info][gc,cpu         ] GC(378) User=1.12s Sys=0.00s Real=0.20s
[1044.055s][info][gc,task        ] GC(379) Using 6 workers of 6 for full compaction
[1044.055s][info][gc,start       ] GC(379) Pause Full (System.gc())
[1044.056s][info][gc,phases,start] GC(379) Phase 1: Mark live objects
[1044.058s][info][gc,stringtable ] GC(379) Cleaned string and symbol table, strings: 6955 processed, 0 removed, symbols: 66765 processed, 0 removed
[1044.058s][info][gc,phases      ] GC(379) Phase 1: Mark live objects 2.898ms
[1044.058s][info][gc,phases,start] GC(379) Phase 2: Prepare for compaction
[1044.062s][info][gc,phases      ] GC(379) Phase 2: Prepare for compaction 3.062ms
[1044.062s][info][gc,phases,start] GC(379) Phase 3: Adjust pointers
[1044.065s][info][gc,phases      ] GC(379) Phase 3: Adjust pointers 2.951ms
[1044.065s][info][gc,phases,start] GC(379) Phase 4: Compact heap
[1044.066s][info][gc,phases      ] GC(379) Phase 4: Compact heap 1.808ms
[1044.070s][info][gc,heap        ] GC(379) Eden regions: 372->0(1228)
[1044.070s][info][gc,heap        ] GC(379) Survivor regions: 154->0(154)
[1044.070s][info][gc,heap        ] GC(379) Old regions: 41->6
[1044.070s][info][gc,heap        ] GC(379) Humongous regions: 5->1
[1044.070s][info][gc,metaspace   ] GC(379) Metaspace: 25657K(26752K)->25657K(26752K) NonClass: 22380K(23040K)->22380K(23040K) Class: 3277K(3712K)->3277K(3712K)
[1044.070s][info][gc             ] GC(379) Pause Full (System.gc()) 1137M->7M(4096M) 14.678ms
[1044.070s][info][gc,cpu         ] GC(379) User=0.02s Sys=0.00s Real=0.02s
[1045.865s][info][gc,start       ] GC(380) Pause Young (Normal) (G1 Evacuation Pause)
[1045.865s][info][gc,task        ] GC(380) Using 6 workers of 6 for evacuation
[1045.867s][info][gc,phases      ] GC(380)   Pre Evacuate Collection Set: 0.0ms
[1045.867s][info][gc,phases      ] GC(380)   Evacuate Collection Set: 0.7ms
[1045.867s][info][gc,phases      ] GC(380)   Post Evacuate Collection Set: 0.9ms
[1045.867s][info][gc,phases      ] GC(380)   Other: 0.2ms
[1045.867s][info][gc,heap        ] GC(380) Eden regions: 1228->0(1225)
[1045.867s][info][gc,heap        ] GC(380) Survivor regions: 0->3(154)
[1045.867s][info][gc,heap        ] GC(380) Old regions: 6->6
[1045.867s][info][gc,heap        ] GC(380) Humongous regions: 1->1
[1045.867s][info][gc,metaspace   ] GC(380) Metaspace: 25657K(26752K)->25657K(26752K) NonClass: 22380K(23040K)->22380K(23040K) Class: 3277K(3712K)->3277K(3712K)
[1045.867s][info][gc             ] GC(380) Pause Young (Normal) (G1 Evacuation Pause) 2463M->13M(4096M) 1.941ms
[1045.867s][info][gc,cpu         ] GC(380) User=0.00s Sys=0.00s Real=0.01s
[1052.046s][info][gc,start       ] GC(381) Pause Young (Normal) (G1 Evacuation Pause)
[1052.046s][info][gc,task        ] GC(381) Using 6 workers of 6 for evacuation
[1052.239s][info][gc,phases      ] GC(381)   Pre Evacuate Collection Set: 0.0ms
[1052.239s][info][gc,phases      ] GC(381)   Evacuate Collection Set: 191.0ms
[1052.239s][info][gc,phases      ] GC(381)   Post Evacuate Collection Set: 1.0ms
[1052.239s][info][gc,phases      ] GC(381)   Other: 0.3ms
[1052.239s][info][gc,heap        ] GC(381) Eden regions: 1225->0(1074)
[1052.239s][info][gc,heap        ] GC(381) Survivor regions: 3->154(154)
[1052.239s][info][gc,heap        ] GC(381) Old regions: 6->38
[1052.239s][info][gc,heap        ] GC(381) Humongous regions: 1->1
[1052.239s][info][gc,metaspace   ] GC(381) Metaspace: 25657K(26752K)->25657K(26752K) NonClass: 22380K(23040K)->22380K(23040K) Class: 3277K(3712K)->3277K(3712K)
[1052.239s][info][gc             ] GC(381) Pause Young (Normal) (G1 Evacuation Pause) 2463M->378M(4096M) 192.539ms
[1052.239s][info][gc,cpu         ] GC(381) User=1.12s Sys=0.00s Real=0.19s
[1054.425s][info][gc,task        ] GC(382) Using 6 workers of 6 for full compaction
[1054.426s][info][gc,start       ] GC(382) Pause Full (System.gc())
[1054.426s][info][gc,phases,start] GC(382) Phase 1: Mark live objects
[1054.429s][info][gc,stringtable ] GC(382) Cleaned string and symbol table, strings: 6955 processed, 0 removed, symbols: 66765 processed, 0 removed
[1054.429s][info][gc,phases      ] GC(382) Phase 1: Mark live objects 2.914ms
[1054.429s][info][gc,phases,start] GC(382) Phase 2: Prepare for compaction
[1054.432s][info][gc,phases      ] GC(382) Phase 2: Prepare for compaction 2.916ms
[1054.432s][info][gc,phases,start] GC(382) Phase 3: Adjust pointers
[1054.435s][info][gc,phases      ] GC(382) Phase 3: Adjust pointers 3.018ms
[1054.435s][info][gc,phases,start] GC(382) Phase 4: Compact heap
[1054.437s][info][gc,phases      ] GC(382) Phase 4: Compact heap 1.803ms
[1054.440s][info][gc,heap        ] GC(382) Eden regions: 381->0(1228)
[1054.440s][info][gc,heap        ] GC(382) Survivor regions: 154->0(154)
[1054.440s][info][gc,heap        ] GC(382) Old regions: 38->6
[1054.440s][info][gc,heap        ] GC(382) Humongous regions: 5->1
[1054.440s][info][gc,metaspace   ] GC(382) Metaspace: 25657K(26752K)->25657K(26752K) NonClass: 22380K(23040K)->22380K(23040K) Class: 3277K(3712K)->3277K(3712K)
[1054.440s][info][gc             ] GC(382) Pause Full (System.gc()) 1148M->7M(4096M) 14.315ms
[1054.440s][info][gc,cpu         ] GC(382) User=0.00s Sys=0.00s Real=0.02s
[1056.423s][info][gc,start       ] GC(383) Pause Young (Normal) (G1 Evacuation Pause)
[1056.423s][info][gc,task        ] GC(383) Using 6 workers of 6 for evacuation
[1056.425s][info][gc,phases      ] GC(383)   Pre Evacuate Collection Set: 0.0ms
[1056.425s][info][gc,phases      ] GC(383)   Evacuate Collection Set: 0.5ms
[1056.425s][info][gc,phases      ] GC(383)   Post Evacuate Collection Set: 0.9ms
[1056.425s][info][gc,phases      ] GC(383)   Other: 0.3ms
[1056.425s][info][gc,heap        ] GC(383) Eden regions: 1228->0(1225)
[1056.425s][info][gc,heap        ] GC(383) Survivor regions: 0->3(154)
[1056.425s][info][gc,heap        ] GC(383) Old regions: 6->6
[1056.425s][info][gc,heap        ] GC(383) Humongous regions: 1->1
[1056.425s][info][gc,metaspace   ] GC(383) Metaspace: 25657K(26752K)->25657K(26752K) NonClass: 22380K(23040K)->22380K(23040K) Class: 3277K(3712K)->3277K(3712K)
[1056.425s][info][gc             ] GC(383) Pause Young (Normal) (G1 Evacuation Pause) 2463M->13M(4096M) 1.840ms
[1056.425s][info][gc,cpu         ] GC(383) User=0.00s Sys=0.00s Real=0.01s
[1063.023s][info][gc,start       ] GC(384) Pause Young (Normal) (G1 Evacuation Pause)
[1063.023s][info][gc,task        ] GC(384) Using 6 workers of 6 for evacuation
[1063.223s][info][gc,phases      ] GC(384)   Pre Evacuate Collection Set: 0.0ms
[1063.223s][info][gc,phases      ] GC(384)   Evacuate Collection Set: 198.6ms
[1063.223s][info][gc,phases      ] GC(384)   Post Evacuate Collection Set: 1.1ms
[1063.223s][info][gc,phases      ] GC(384)   Other: 0.4ms
[1063.223s][info][gc,heap        ] GC(384) Eden regions: 1225->0(1074)
[1063.223s][info][gc,heap        ] GC(384) Survivor regions: 3->154(154)
[1063.223s][info][gc,heap        ] GC(384) Old regions: 6->44
[1063.223s][info][gc,heap        ] GC(384) Humongous regions: 1->1
[1063.223s][info][gc,metaspace   ] GC(384) Metaspace: 25657K(26752K)->25657K(26752K) NonClass: 22380K(23040K)->22380K(23040K) Class: 3277K(3712K)->3277K(3712K)
[1063.223s][info][gc             ] GC(384) Pause Young (Normal) (G1 Evacuation Pause) 2463M->390M(4096M) 200.207ms
[1063.223s][info][gc,cpu         ] GC(384) User=1.14s Sys=0.00s Real=0.20s
[1065.395s][info][gc,task        ] GC(385) Using 6 workers of 6 for full compaction
[1065.395s][info][gc,start       ] GC(385) Pause Full (System.gc())
[1065.396s][info][gc,phases,start] GC(385) Phase 1: Mark live objects
[1065.399s][info][gc,stringtable ] GC(385) Cleaned string and symbol table, strings: 6955 processed, 0 removed, symbols: 66765 processed, 0 removed
[1065.399s][info][gc,phases      ] GC(385) Phase 1: Mark live objects 2.933ms
[1065.399s][info][gc,phases,start] GC(385) Phase 2: Prepare for compaction
[1065.402s][info][gc,phases      ] GC(385) Phase 2: Prepare for compaction 3.069ms
[1065.402s][info][gc,phases,start] GC(385) Phase 3: Adjust pointers
[1065.405s][info][gc,phases      ] GC(385) Phase 3: Adjust pointers 3.083ms
[1065.405s][info][gc,phases,start] GC(385) Phase 4: Compact heap
[1065.407s][info][gc,phases      ] GC(385) Phase 4: Compact heap 1.670ms
[1065.410s][info][gc,heap        ] GC(385) Eden regions: 367->0(1228)
[1065.410s][info][gc,heap        ] GC(385) Survivor regions: 154->0(154)
[1065.410s][info][gc,heap        ] GC(385) Old regions: 44->6
[1065.410s][info][gc,heap        ] GC(385) Humongous regions: 5->1
[1065.410s][info][gc,metaspace   ] GC(385) Metaspace: 25657K(26752K)->25657K(26752K) NonClass: 22380K(23040K)->22380K(23040K) Class: 3277K(3712K)->3277K(3712K)
[1065.410s][info][gc             ] GC(385) Pause Full (System.gc()) 1131M->7M(4096M) 14.182ms
[1065.410s][info][gc,cpu         ] GC(385) User=0.06s Sys=0.00s Real=0.02s
[1067.169s][info][gc,start       ] GC(386) Pause Young (Normal) (G1 Evacuation Pause)
[1067.169s][info][gc,task        ] GC(386) Using 6 workers of 6 for evacuation
[1067.171s][info][gc,phases      ] GC(386)   Pre Evacuate Collection Set: 0.0ms
[1067.171s][info][gc,phases      ] GC(386)   Evacuate Collection Set: 0.5ms
[1067.171s][info][gc,phases      ] GC(386)   Post Evacuate Collection Set: 0.9ms
[1067.171s][info][gc,phases      ] GC(386)   Other: 0.3ms
[1067.171s][info][gc,heap        ] GC(386) Eden regions: 1228->0(1225)
[1067.171s][info][gc,heap        ] GC(386) Survivor regions: 0->3(154)
[1067.171s][info][gc,heap        ] GC(386) Old regions: 6->6
[1067.171s][info][gc,heap        ] GC(386) Humongous regions: 1->1
[1067.171s][info][gc,metaspace   ] GC(386) Metaspace: 25657K(26752K)->25657K(26752K) NonClass: 22380K(23040K)->22380K(23040K) Class: 3277K(3712K)->3277K(3712K)
[1067.171s][info][gc             ] GC(386) Pause Young (Normal) (G1 Evacuation Pause) 2463M->13M(4096M) 1.789ms
[1067.171s][info][gc,cpu         ] GC(386) User=0.00s Sys=0.00s Real=0.01s
[1073.343s][info][gc,start       ] GC(387) Pause Young (Normal) (G1 Evacuation Pause)
[1073.343s][info][gc,task        ] GC(387) Using 6 workers of 6 for evacuation
[1073.537s][info][gc,phases      ] GC(387)   Pre Evacuate Collection Set: 0.1ms
[1073.537s][info][gc,phases      ] GC(387)   Evacuate Collection Set: 191.9ms
[1073.537s][info][gc,phases      ] GC(387)   Post Evacuate Collection Set: 1.1ms
[1073.537s][info][gc,phases      ] GC(387)   Other: 0.5ms
[1073.537s][info][gc,heap        ] GC(387) Eden regions: 1225->0(1074)
[1073.537s][info][gc,heap        ] GC(387) Survivor regions: 3->154(154)
[1073.537s][info][gc,heap        ] GC(387) Old regions: 6->42
[1073.537s][info][gc,heap        ] GC(387) Humongous regions: 1->1
[1073.537s][info][gc,metaspace   ] GC(387) Metaspace: 25657K(26752K)->25657K(26752K) NonClass: 22380K(23040K)->22380K(23040K) Class: 3277K(3712K)->3277K(3712K)
[1073.537s][info][gc             ] GC(387) Pause Young (Normal) (G1 Evacuation Pause) 2463M->386M(4096M) 193.615ms
[1073.537s][info][gc,cpu         ] GC(387) User=1.12s Sys=0.00s Real=0.19s
[1075.717s][info][gc,heap,exit   ] Heap
[1075.717s][info][gc,heap,exit   ]  garbage-first heap   total 4194304K, used 1167636K [0x0000000700000000, 0x0000000800000000)
[1075.717s][info][gc,heap,exit   ]   region size 2048K, 528 young (1081344K), 154 survivors (315392K)
[1075.717s][info][gc,heap,exit   ]  Metaspace       used 25767K, capacity 26427K, committed 26752K, reserved 1073152K
[1075.717s][info][gc,heap,exit   ]   class space    used 3299K, capacity 3626K, committed 3712K, reserved 1048576K
