[0.017s][info][gc] Using Serial
[0.017s][info][gc,heap,coops] Heap address: 0x0000000700000000, size: 4096 MB, Compressed Oops mode: Zero based, Oop shift amount: 3
[1.711s][info][gc,start     ] GC(0) Pause Full (Metadata GC Threshold)
[1.711s][info][gc,phases,start] GC(0) Phase 1: Mark live objects
[1.721s][info][gc,phases      ] GC(0) Phase 1: Mark live objects 10.239ms
[1.721s][info][gc,phases,start] GC(0) Phase 2: Compute new object addresses
[1.728s][info][gc,phases      ] GC(0) Phase 2: Compute new object addresses 6.409ms
[1.728s][info][gc,phases,start] GC(0) Phase 3: Adjust pointers
[1.735s][info][gc,phases      ] GC(0) Phase 3: Adjust pointers 6.763ms
[1.737s][info][gc,phases,start] GC(0) Phase 4: Move objects
[1.741s][info][gc,phases      ] GC(0) Phase 4: Move objects 3.793ms
[1.742s][info][gc,heap        ] GC(0) DefNew: 134351K->0K(1258304K)
[1.742s][info][gc,heap        ] GC(0) Tenured: 0K->7222K(2796224K)
[1.742s][info][gc,metaspace   ] GC(0) Metaspace: 20439K(21296K)->20439K(21296K) NonClass: 18424K(18944K)->18424K(18944K) Class: 2014K(2352K)->2014K(2352K)
[1.742s][info][gc             ] GC(0) Pause Full (Metadata GC Threshold) 131M->7M(3959M) 30.787ms
[1.742s][info][gc,cpu         ] GC(0) User=0.03s Sys=0.02s Real=0.03s
[2.961s][info][gc,start       ] GC(1) Pause Full (System.gc())
[2.961s][info][gc,phases,start] GC(1) Phase 1: Mark live objects
[2.974s][info][gc,phases      ] GC(1) Phase 1: Mark live objects 12.616ms
[2.974s][info][gc,phases,start] GC(1) Phase 2: Compute new object addresses
[2.986s][info][gc,phases      ] GC(1) Phase 2: Compute new object addresses 11.739ms
[2.986s][info][gc,phases,start] GC(1) Phase 3: Adjust pointers
[2.995s][info][gc,phases      ] GC(1) Phase 3: Adjust pointers 9.460ms
[2.995s][info][gc,phases,start] GC(1) Phase 4: Move objects
[2.998s][info][gc,phases      ] GC(1) Phase 4: Move objects 2.266ms
[2.998s][info][gc,heap        ] GC(1) DefNew: 290826K->0K(1258304K)
[2.998s][info][gc,heap        ] GC(1) Tenured: 7222K->10239K(2796224K)
[2.998s][info][gc,metaspace   ] GC(1) Metaspace: 24174K(25392K)->24174K(25392K) NonClass: 21741K(22528K)->21741K(22528K) Class: 2432K(2864K)->2432K(2864K)
[2.998s][info][gc             ] GC(1) Pause Full (System.gc()) 291M->9M(3959M) 36.727ms
[2.998s][info][gc,cpu         ] GC(1) User=0.03s Sys=0.02s Real=0.05s
[6.109s][info][gc,start       ] GC(2) Pause Full (Metadata GC Threshold)
[6.109s][info][gc,phases,start] GC(2) Phase 1: Mark live objects
[6.149s][info][gc,phases      ] GC(2) Phase 1: Mark live objects 39.829ms
[6.149s][info][gc,phases,start] GC(2) Phase 2: Compute new object addresses
[6.177s][info][gc,phases      ] GC(2) Phase 2: Compute new object addresses 27.963ms
[6.177s][info][gc,phases,start] GC(2) Phase 3: Adjust pointers
[6.198s][info][gc,phases      ] GC(2) Phase 3: Adjust pointers 21.224ms
[6.198s][info][gc,phases,start] GC(2) Phase 4: Move objects
[6.209s][info][gc,phases      ] GC(2) Phase 4: Move objects 10.680ms
[6.210s][info][gc,heap        ] GC(2) DefNew: 436645K->0K(1258304K)
[6.210s][info][gc,heap        ] GC(2) Tenured: 10239K->29013K(2796224K)
[6.210s][info][gc,metaspace   ] GC(2) Metaspace: 40494K(42320K)->40494K(42320K) NonClass: 36619K(37792K)->36619K(37792K) Class: 3874K(4528K)->3874K(4528K)
[6.210s][info][gc             ] GC(2) Pause Full (Metadata GC Threshold) 436M->28M(3959M) 101.057ms
[6.210s][info][gc,cpu         ] GC(2) User=0.19s Sys=0.00s Real=0.10s
[42.171s][info][gc,start       ] GC(3) Pause Young (Allocation Failure)
[42.178s][info][gc,heap        ] GC(3) DefNew: 1118528K->1418K(1258304K)
[42.178s][info][gc,heap        ] GC(3) Tenured: 29013K->29013K(2796224K)
[42.178s][info][gc,metaspace   ] GC(3) Metaspace: 44267K(47696K)->44267K(47696K) NonClass: 40253K(42912K)->40253K(42912K) Class: 4014K(4784K)->4014K(4784K)
[42.178s][info][gc             ] GC(3) Pause Young (Allocation Failure) 1120M->29M(3959M) 6.576ms
[42.178s][info][gc,cpu         ] GC(3) User=0.00s Sys=0.00s Real=0.00s
[85.972s][info][gc,start       ] GC(4) Pause Young (Allocation Failure)
[85.978s][info][gc,heap        ] GC(4) DefNew: 1119946K->1157K(1258304K)
[85.978s][info][gc,heap        ] GC(4) Tenured: 29013K->29013K(2796224K)
[85.978s][info][gc,metaspace   ] GC(4) Metaspace: 44441K(47696K)->44441K(47696K) NonClass: 40426K(42912K)->40426K(42912K) Class: 4014K(4784K)->4014K(4784K)
[85.978s][info][gc             ] GC(4) Pause Young (Allocation Failure) 1122M->29M(3959M) 5.492ms
[85.978s][info][gc,cpu         ] GC(4) User=0.00s Sys=0.00s Real=0.01s
[130.943s][info][gc,start       ] GC(5) Pause Young (Allocation Failure)
[130.948s][info][gc,heap        ] GC(5) DefNew: 1119685K->1178K(1258304K)
[130.948s][info][gc,heap        ] GC(5) Tenured: 29013K->29013K(2796224K)
[130.948s][info][gc,metaspace   ] GC(5) Metaspace: 44490K(47696K)->44490K(47696K) NonClass: 40475K(42912K)->40475K(42912K) Class: 4014K(4784K)->4014K(4784K)
[130.948s][info][gc             ] GC(5) Pause Young (Allocation Failure) 1121M->29M(3959M) 5.086ms
[130.948s][info][gc,cpu         ] GC(5) User=0.00s Sys=0.00s Real=0.00s
[177.225s][info][gc,start       ] GC(6) Pause Young (Allocation Failure)
[177.229s][info][gc,heap        ] GC(6) DefNew: 1119706K->1169K(1258304K)
[177.229s][info][gc,heap        ] GC(6) Tenured: 29013K->29013K(2796224K)
[177.229s][info][gc,metaspace   ] GC(6) Metaspace: 44511K(47952K)->44511K(47952K) NonClass: 40496K(43168K)->40496K(43168K) Class: 4015K(4784K)->4015K(4784K)
[177.229s][info][gc             ] GC(6) Pause Young (Allocation Failure) 1121M->29M(3959M) 4.703ms
[177.229s][info][gc,cpu         ] GC(6) User=0.02s Sys=0.00s Real=0.01s
[223.738s][info][gc,start       ] GC(7) Pause Young (Allocation Failure)
[223.744s][info][gc,heap        ] GC(7) DefNew: 1119697K->1225K(1258304K)
[223.744s][info][gc,heap        ] GC(7) Tenured: 29013K->29013K(2796224K)
[223.744s][info][gc,metaspace   ] GC(7) Metaspace: 44535K(47952K)->44535K(47952K) NonClass: 40520K(43168K)->40520K(43168K) Class: 4015K(4784K)->4015K(4784K)
[223.744s][info][gc             ] GC(7) Pause Young (Allocation Failure) 1121M->29M(3959M) 6.530ms
[223.744s][info][gc,cpu         ] GC(7) User=0.00s Sys=0.00s Real=0.00s
[249.480s][info][gc,start       ] GC(8) Pause Full (System.gc())
[249.481s][info][gc,phases,start] GC(8) Phase 1: Mark live objects
[249.518s][info][gc,phases      ] GC(8) Phase 1: Mark live objects 37.358ms
[249.518s][info][gc,phases,start] GC(8) Phase 2: Compute new object addresses
[249.568s][info][gc,phases      ] GC(8) Phase 2: Compute new object addresses 49.738ms
[249.568s][info][gc,phases,start] GC(8) Phase 3: Adjust pointers
[249.584s][info][gc,phases      ] GC(8) Phase 3: Adjust pointers 15.503ms
[249.584s][info][gc,phases,start] GC(8) Phase 4: Move objects
[249.587s][info][gc,phases      ] GC(8) Phase 4: Move objects 3.555ms
[249.588s][info][gc,heap        ] GC(8) DefNew: 651221K->0K(1258304K)
[249.588s][info][gc,heap        ] GC(8) Tenured: 29013K->14349K(2796224K)
[249.588s][info][gc,metaspace   ] GC(8) Metaspace: 44688K(47952K)->44688K(47952K) NonClass: 40659K(43168K)->40659K(43168K) Class: 4028K(4784K)->4028K(4784K)
[249.589s][info][gc             ] GC(8) Pause Full (System.gc()) 664M->14M(3959M) 108.299ms
[249.589s][info][gc,cpu         ] GC(8) User=0.09s Sys=0.00s Real=0.10s
[293.512s][info][gc,start       ] GC(9) Pause Young (Allocation Failure)
[293.517s][info][gc,heap        ] GC(9) DefNew: 1118528K->2295K(1258304K)
[293.517s][info][gc,heap        ] GC(9) Tenured: 14349K->14349K(2796224K)
[293.517s][info][gc,metaspace   ] GC(9) Metaspace: 44489K(47952K)->44489K(47952K) NonClass: 40517K(43168K)->40517K(43168K) Class: 3971K(4784K)->3971K(4784K)
[293.517s][info][gc             ] GC(9) Pause Young (Allocation Failure) 1106M->16M(3959M) 5.698ms
[293.517s][info][gc,cpu         ] GC(9) User=0.00s Sys=0.00s Real=0.00s
[340.299s][info][gc,start       ] GC(10) Pause Young (Allocation Failure)
[340.303s][info][gc,heap        ] GC(10) DefNew: 1120823K->2140K(1258304K)
[340.303s][info][gc,heap        ] GC(10) Tenured: 14349K->14349K(2796224K)
[340.303s][info][gc,metaspace   ] GC(10) Metaspace: 44509K(47952K)->44509K(47952K) NonClass: 40537K(43168K)->40537K(43168K) Class: 3971K(4784K)->3971K(4784K)
[340.303s][info][gc             ] GC(10) Pause Young (Allocation Failure) 1108M->16M(3959M) 4.168ms
[340.303s][info][gc,cpu         ] GC(10) User=0.00s Sys=0.00s Real=0.00s
[386.966s][info][gc,start       ] GC(11) Pause Young (Allocation Failure)
[386.969s][info][gc,heap        ] GC(11) DefNew: 1120668K->2149K(1258304K)
[386.970s][info][gc,heap        ] GC(11) Tenured: 14349K->14349K(2796224K)
[386.970s][info][gc,metaspace   ] GC(11) Metaspace: 44509K(47952K)->44509K(47952K) NonClass: 40537K(43168K)->40537K(43168K) Class: 3971K(4784K)->3971K(4784K)
[386.970s][info][gc             ] GC(11) Pause Young (Allocation Failure) 1108M->16M(3959M) 3.861ms
[386.970s][info][gc,cpu         ] GC(11) User=0.00s Sys=0.00s Real=0.00s
[433.444s][info][gc,start       ] GC(12) Pause Young (Allocation Failure)
[433.448s][info][gc,heap        ] GC(12) DefNew: 1120677K->2207K(1258304K)
[433.448s][info][gc,heap        ] GC(12) Tenured: 14349K->14349K(2796224K)
[433.448s][info][gc,metaspace   ] GC(12) Metaspace: 44510K(47952K)->44510K(47952K) NonClass: 40538K(43168K)->40538K(43168K) Class: 3971K(4784K)->3971K(4784K)
[433.448s][info][gc             ] GC(12) Pause Young (Allocation Failure) 1108M->16M(3959M) 4.155ms
[433.448s][info][gc,cpu         ] GC(12) User=0.02s Sys=0.00s Real=0.00s
[480.064s][info][gc,start       ] GC(13) Pause Young (Allocation Failure)
[480.068s][info][gc,heap        ] GC(13) DefNew: 1120735K->2154K(1258304K)
[480.068s][info][gc,heap        ] GC(13) Tenured: 14349K->14349K(2796224K)
[480.068s][info][gc,metaspace   ] GC(13) Metaspace: 44511K(47952K)->44511K(47952K) NonClass: 40539K(43168K)->40539K(43168K) Class: 3971K(4784K)->3971K(4784K)
[480.068s][info][gc             ] GC(13) Pause Young (Allocation Failure) 1108M->16M(3959M) 4.605ms
[480.069s][info][gc,cpu         ] GC(13) User=0.00s Sys=0.00s Real=0.00s
[492.022s][info][gc,start       ] GC(14) Pause Full (System.gc())
[492.023s][info][gc,phases,start] GC(14) Phase 1: Mark live objects
[492.060s][info][gc,phases      ] GC(14) Phase 1: Mark live objects 37.057ms
[492.060s][info][gc,phases,start] GC(14) Phase 2: Compute new object addresses
[492.084s][info][gc,phases      ] GC(14) Phase 2: Compute new object addresses 24.386ms
[492.084s][info][gc,phases,start] GC(14) Phase 3: Adjust pointers
[492.099s][info][gc,phases      ] GC(14) Phase 3: Adjust pointers 14.446ms
[492.099s][info][gc,phases,start] GC(14) Phase 4: Move objects
[492.099s][info][gc,phases      ] GC(14) Phase 4: Move objects 0.132ms
[492.099s][info][gc,heap        ] GC(14) DefNew: 302438K->0K(1258304K)
[492.099s][info][gc,heap        ] GC(14) Tenured: 14349K->15411K(2796224K)
[492.099s][info][gc,metaspace   ] GC(14) Metaspace: 44531K(47952K)->44531K(47952K) NonClass: 40558K(43168K)->40558K(43168K) Class: 3973K(4784K)->3973K(4784K)
[492.100s][info][gc             ] GC(14) Pause Full (System.gc()) 309M->15M(3959M) 77.256ms
[492.100s][info][gc,cpu         ] GC(14) User=0.11s Sys=0.00s Real=0.08s
[536.529s][info][gc,start       ] GC(15) Pause Young (Allocation Failure)
[536.534s][info][gc,heap        ] GC(15) DefNew: 1118528K->2300K(1258304K)
[536.534s][info][gc,heap        ] GC(15) Tenured: 15411K->15411K(2796224K)
[536.534s][info][gc,metaspace   ] GC(15) Metaspace: 44552K(47952K)->44552K(47952K) NonClass: 40579K(43168K)->40579K(43168K) Class: 3973K(4784K)->3973K(4784K)
[536.534s][info][gc             ] GC(15) Pause Young (Allocation Failure) 1107M->17M(3959M) 4.624ms
[536.534s][info][gc,cpu         ] GC(15) User=0.00s Sys=0.00s Real=0.00s
[583.189s][info][gc,start       ] GC(16) Pause Young (Allocation Failure)
[583.193s][info][gc,heap        ] GC(16) DefNew: 1120828K->2125K(1258304K)
[583.193s][info][gc,heap        ] GC(16) Tenured: 15411K->15411K(2796224K)
[583.193s][info][gc,metaspace   ] GC(16) Metaspace: 44563K(47952K)->44563K(47952K) NonClass: 40590K(43168K)->40590K(43168K) Class: 3973K(4784K)->3973K(4784K)
[583.193s][info][gc             ] GC(16) Pause Young (Allocation Failure) 1109M->17M(3959M) 3.839ms
[583.193s][info][gc,cpu         ] GC(16) User=0.00s Sys=0.00s Real=0.00s
[629.967s][info][gc,start       ] GC(17) Pause Young (Allocation Failure)
[629.971s][info][gc,heap        ] GC(17) DefNew: 1120653K->2128K(1258304K)
[629.971s][info][gc,heap        ] GC(17) Tenured: 15411K->15411K(2796224K)
[629.971s][info][gc,metaspace   ] GC(17) Metaspace: 44563K(47952K)->44563K(47952K) NonClass: 40590K(43168K)->40590K(43168K) Class: 3973K(4784K)->3973K(4784K)
[629.971s][info][gc             ] GC(17) Pause Young (Allocation Failure) 1109M->17M(3959M) 4.210ms
[629.971s][info][gc,cpu         ] GC(17) User=0.00s Sys=0.00s Real=0.00s
[676.436s][info][gc,start       ] GC(18) Pause Young (Allocation Failure)
[676.444s][info][gc,heap        ] GC(18) DefNew: 1120656K->2218K(1258304K)
[676.444s][info][gc,heap        ] GC(18) Tenured: 15411K->15411K(2796224K)
[676.444s][info][gc,metaspace   ] GC(18) Metaspace: 44565K(47952K)->44565K(47952K) NonClass: 40591K(43168K)->40591K(43168K) Class: 3973K(4784K)->3973K(4784K)
[676.444s][info][gc             ] GC(18) Pause Young (Allocation Failure) 1109M->17M(3959M) 8.271ms
[676.444s][info][gc,cpu         ] GC(18) User=0.00s Sys=0.00s Real=0.00s
[718.375s][info][gc,start       ] GC(19) Pause Young (Allocation Failure)
[718.383s][info][gc,heap        ] GC(19) DefNew: 1120746K->2121K(1258304K)
[718.383s][info][gc,heap        ] GC(19) Tenured: 15411K->15411K(2796224K)
[718.383s][info][gc,metaspace   ] GC(19) Metaspace: 44565K(47952K)->44565K(47952K) NonClass: 40591K(43168K)->40591K(43168K) Class: 3973K(4784K)->3973K(4784K)
[718.383s][info][gc             ] GC(19) Pause Young (Allocation Failure) 1109M->17M(3959M) 8.300ms
[718.383s][info][gc,cpu         ] GC(19) User=0.00s Sys=0.00s Real=0.01s
[729.017s][info][gc,start       ] GC(20) Pause Full (System.gc())
[729.018s][info][gc,phases,start] GC(20) Phase 1: Mark live objects
[729.088s][info][gc,phases      ] GC(20) Phase 1: Mark live objects 70.951ms
[729.089s][info][gc,phases,start] GC(20) Phase 2: Compute new object addresses
[729.129s][info][gc,phases      ] GC(20) Phase 2: Compute new object addresses 40.525ms
[729.129s][info][gc,phases,start] GC(20) Phase 3: Adjust pointers
[729.157s][info][gc,phases      ] GC(20) Phase 3: Adjust pointers 27.826ms
[729.157s][info][gc,phases,start] GC(20) Phase 4: Move objects
[729.157s][info][gc,phases      ] GC(20) Phase 4: Move objects 0.265ms
[729.158s][info][gc,heap        ] GC(20) DefNew: 287293K->0K(1258304K)
[729.158s][info][gc,heap        ] GC(20) Tenured: 15411K->16455K(2796224K)
[729.158s][info][gc,metaspace   ] GC(20) Metaspace: 44581K(47952K)->44581K(47952K) NonClass: 40607K(43168K)->40607K(43168K) Class: 3974K(4784K)->3974K(4784K)
[729.159s][info][gc             ] GC(20) Pause Full (System.gc()) 295M->16M(3959M) 141.654ms
[729.159s][info][gc,cpu         ] GC(20) User=0.17s Sys=0.00s Real=0.14s
[773.037s][info][gc,start       ] GC(21) Pause Young (Allocation Failure)
[773.047s][info][gc,heap        ] GC(21) DefNew: 1118528K->2254K(1258304K)
[773.047s][info][gc,heap        ] GC(21) Tenured: 16455K->16455K(2796224K)
[773.047s][info][gc,metaspace   ] GC(21) Metaspace: 44713K(47952K)->44713K(47952K) NonClass: 40729K(43168K)->40729K(43168K) Class: 3983K(4784K)->3983K(4784K)
[773.047s][info][gc             ] GC(21) Pause Young (Allocation Failure) 1108M->18M(3959M) 10.836ms
[773.047s][info][gc,cpu         ] GC(21) User=0.02s Sys=0.00s Real=0.01s
[819.425s][info][gc,start       ] GC(22) Pause Young (Allocation Failure)
[819.431s][info][gc,heap        ] GC(22) DefNew: 1120782K->2126K(1258304K)
[819.431s][info][gc,heap        ] GC(22) Tenured: 16455K->16455K(2796224K)
[819.431s][info][gc,metaspace   ] GC(22) Metaspace: 44738K(47952K)->44738K(47952K) NonClass: 40754K(43168K)->40754K(43168K) Class: 3983K(4784K)->3983K(4784K)
[819.431s][info][gc             ] GC(22) Pause Young (Allocation Failure) 1110M->18M(3959M) 5.608ms
[819.431s][info][gc,cpu         ] GC(22) User=0.00s Sys=0.00s Real=0.00s
[865.920s][info][gc,start       ] GC(23) Pause Young (Allocation Failure)
[865.928s][info][gc,heap        ] GC(23) DefNew: 1120654K->2158K(1258304K)
[865.928s][info][gc,heap        ] GC(23) Tenured: 16455K->16455K(2796224K)
[865.928s][info][gc,metaspace   ] GC(23) Metaspace: 44738K(47952K)->44738K(47952K) NonClass: 40754K(43168K)->40754K(43168K) Class: 3983K(4784K)->3983K(4784K)
[865.928s][info][gc             ] GC(23) Pause Young (Allocation Failure) 1110M->18M(3959M) 8.578ms
[865.928s][info][gc,cpu         ] GC(23) User=0.00s Sys=0.00s Real=0.00s
[912.523s][info][gc,start       ] GC(24) Pause Young (Allocation Failure)
[912.531s][info][gc,heap        ] GC(24) DefNew: 1120686K->2135K(1258304K)
[912.532s][info][gc,heap        ] GC(24) Tenured: 16455K->16455K(2796224K)
[912.532s][info][gc,metaspace   ] GC(24) Metaspace: 44738K(47952K)->44738K(47952K) NonClass: 40754K(43168K)->40754K(43168K) Class: 3984K(4784K)->3984K(4784K)
[912.532s][info][gc             ] GC(24) Pause Young (Allocation Failure) 1110M->18M(3959M) 8.762ms
[912.532s][info][gc,cpu         ] GC(24) User=0.02s Sys=0.00s Real=0.00s
[959.105s][info][gc,start       ] GC(25) Pause Young (Allocation Failure)
[959.114s][info][gc,heap        ] GC(25) DefNew: 1120663K->2146K(1258304K)
[959.114s][info][gc,heap        ] GC(25) Tenured: 16455K->16455K(2796224K)
[959.114s][info][gc,metaspace   ] GC(25) Metaspace: 44738K(47952K)->44738K(47952K) NonClass: 40754K(43168K)->40754K(43168K) Class: 3984K(4784K)->3984K(4784K)
[959.115s][info][gc             ] GC(25) Pause Young (Allocation Failure) 1110M->18M(3959M) 9.238ms
[959.115s][info][gc,cpu         ] GC(25) User=0.00s Sys=0.00s Real=0.00s
[969.050s][info][gc,start       ] GC(26) Pause Full (System.gc())
[969.051s][info][gc,phases,start] GC(26) Phase 1: Mark live objects
[969.118s][info][gc,phases      ] GC(26) Phase 1: Mark live objects 66.891ms
[969.118s][info][gc,phases,start] GC(26) Phase 2: Compute new object addresses
[969.154s][info][gc,phases      ] GC(26) Phase 2: Compute new object addresses 36.842ms
[969.155s][info][gc,phases,start] GC(26) Phase 3: Adjust pointers
[969.184s][info][gc,phases      ] GC(26) Phase 3: Adjust pointers 29.731ms
[969.184s][info][gc,phases,start] GC(26) Phase 4: Move objects
[969.185s][info][gc,phases      ] GC(26) Phase 4: Move objects 0.317ms
[969.185s][info][gc,heap        ] GC(26) DefNew: 247991K->0K(1258304K)
[969.185s][info][gc,heap        ] GC(26) Tenured: 16455K->17507K(2796224K)
[969.185s][info][gc,metaspace   ] GC(26) Metaspace: 44752K(47952K)->44752K(47952K) NonClass: 40767K(43168K)->40767K(43168K) Class: 3984K(4784K)->3984K(4784K)
[969.186s][info][gc             ] GC(26) Pause Full (System.gc()) 258M->17M(3959M) 136.010ms
[969.186s][info][gc,cpu         ] GC(26) User=0.14s Sys=0.00s Real=0.13s
[1013.374s][info][gc,start       ] GC(27) Pause Young (Allocation Failure)
[1013.381s][info][gc,heap        ] GC(27) DefNew: 1118528K->2277K(1258304K)
[1013.381s][info][gc,heap        ] GC(27) Tenured: 17507K->17507K(2796224K)
[1013.381s][info][gc,metaspace   ] GC(27) Metaspace: 44745K(47952K)->44745K(47952K) NonClass: 40768K(43168K)->40768K(43168K) Class: 3977K(4784K)->3977K(4784K)
[1013.381s][info][gc             ] GC(27) Pause Young (Allocation Failure) 1109M->19M(3959M) 7.799ms
[1013.381s][info][gc,cpu         ] GC(27) User=0.00s Sys=0.00s Real=0.00s
[1060.305s][info][gc,start       ] GC(28) Pause Young (Allocation Failure)
[1060.310s][info][gc,heap        ] GC(28) DefNew: 1120805K->2127K(1258304K)
[1060.310s][info][gc,heap        ] GC(28) Tenured: 17507K->17507K(2796224K)
[1060.310s][info][gc,metaspace   ] GC(28) Metaspace: 44764K(47952K)->44764K(47952K) NonClass: 40786K(43168K)->40786K(43168K) Class: 3977K(4784K)->3977K(4784K)
[1060.310s][info][gc             ] GC(28) Pause Young (Allocation Failure) 1111M->19M(3959M) 4.811ms
[1060.310s][info][gc,cpu         ] GC(28) User=0.02s Sys=0.00s Real=0.00s
[1107.252s][info][gc,start       ] GC(29) Pause Young (Allocation Failure)
[1107.256s][info][gc,heap        ] GC(29) DefNew: 1120655K->2136K(1258304K)
[1107.256s][info][gc,heap        ] GC(29) Tenured: 17507K->17507K(2796224K)
[1107.256s][info][gc,metaspace   ] GC(29) Metaspace: 44775K(47952K)->44775K(47952K) NonClass: 40797K(43168K)->40797K(43168K) Class: 3977K(4784K)->3977K(4784K)
[1107.256s][info][gc             ] GC(29) Pause Young (Allocation Failure) 1111M->19M(3959M) 4.507ms
[1107.256s][info][gc,cpu         ] GC(29) User=0.00s Sys=0.00s Real=0.00s
[1153.696s][info][gc,start       ] GC(30) Pause Young (Allocation Failure)
[1153.700s][info][gc,heap        ] GC(30) DefNew: 1120664K->2124K(1258304K)
[1153.700s][info][gc,heap        ] GC(30) Tenured: 17507K->17507K(2796224K)
[1153.700s][info][gc,metaspace   ] GC(30) Metaspace: 44776K(47952K)->44776K(47952K) NonClass: 40798K(43168K)->40798K(43168K) Class: 3977K(4784K)->3977K(4784K)
[1153.700s][info][gc             ] GC(30) Pause Young (Allocation Failure) 1111M->19M(3959M) 3.912ms
[1153.700s][info][gc,cpu         ] GC(30) User=0.02s Sys=0.00s Real=0.01s
[1200.384s][info][gc,start       ] GC(31) Pause Young (Allocation Failure)
[1200.388s][info][gc,heap        ] GC(31) DefNew: 1120652K->2141K(1258304K)
[1200.388s][info][gc,heap        ] GC(31) Tenured: 17507K->17507K(2796224K)
[1200.388s][info][gc,metaspace   ] GC(31) Metaspace: 44778K(47952K)->44778K(47952K) NonClass: 40801K(43168K)->40801K(43168K) Class: 3977K(4784K)->3977K(4784K)
[1200.388s][info][gc             ] GC(31) Pause Young (Allocation Failure) 1111M->19M(3959M) 3.919ms
[1200.388s][info][gc,cpu         ] GC(31) User=0.02s Sys=0.00s Real=0.00s
[1211.104s][info][gc,start       ] GC(32) Pause Full (System.gc())
[1211.105s][info][gc,phases,start] GC(32) Phase 1: Mark live objects
[1211.140s][info][gc,phases      ] GC(32) Phase 1: Mark live objects 35.543ms
[1211.140s][info][gc,phases,start] GC(32) Phase 2: Compute new object addresses
[1211.162s][info][gc,phases      ] GC(32) Phase 2: Compute new object addresses 21.828ms
[1211.162s][info][gc,phases,start] GC(32) Phase 3: Adjust pointers
[1211.177s][info][gc,phases      ] GC(32) Phase 3: Adjust pointers 14.566ms
[1211.177s][info][gc,phases,start] GC(32) Phase 4: Move objects
[1211.179s][info][gc,phases      ] GC(32) Phase 4: Move objects 2.620ms
[1211.180s][info][gc,heap        ] GC(32) DefNew: 262460K->0K(1258304K)
[1211.180s][info][gc,heap        ] GC(32) Tenured: 17507K->14244K(2796224K)
[1211.180s][info][gc,metaspace   ] GC(32) Metaspace: 44790K(47952K)->44790K(47952K) NonClass: 40812K(43168K)->40812K(43168K) Class: 3978K(4784K)->3978K(4784K)
[1211.180s][info][gc             ] GC(32) Pause Full (System.gc()) 273M->13M(3959M) 75.850ms
[1211.180s][info][gc,cpu         ] GC(32) User=0.06s Sys=0.00s Real=0.08s
[1255.709s][info][gc,start       ] GC(33) Pause Young (Allocation Failure)
[1255.715s][info][gc,heap        ] GC(33) DefNew: 1118528K->2365K(1258304K)
[1255.715s][info][gc,heap        ] GC(33) Tenured: 14244K->14244K(2796224K)
[1255.715s][info][gc,metaspace   ] GC(33) Metaspace: 44889K(48208K)->44889K(48208K) NonClass: 40901K(43424K)->40901K(43424K) Class: 3988K(4784K)->3988K(4784K)
[1255.715s][info][gc             ] GC(33) Pause Young (Allocation Failure) 1106M->16M(3959M) 6.058ms
[1255.715s][info][gc,cpu         ] GC(33) User=0.02s Sys=0.00s Real=0.01s
[1302.376s][info][gc,start       ] GC(34) Pause Young (Allocation Failure)
[1302.380s][info][gc,heap        ] GC(34) DefNew: 1120893K->2132K(1258304K)
[1302.380s][info][gc,heap        ] GC(34) Tenured: 14244K->14244K(2796224K)
[1302.380s][info][gc,metaspace   ] GC(34) Metaspace: 44910K(48208K)->44910K(48208K) NonClass: 40921K(43424K)->40921K(43424K) Class: 3988K(4784K)->3988K(4784K)
[1302.380s][info][gc             ] GC(34) Pause Young (Allocation Failure) 1108M->15M(3959M) 3.947ms
[1302.380s][info][gc,cpu         ] GC(34) User=0.00s Sys=0.00s Real=0.00s
[1349.192s][info][gc,start       ] GC(35) Pause Young (Allocation Failure)
[1349.196s][info][gc,heap        ] GC(35) DefNew: 1120660K->2137K(1258304K)
[1349.196s][info][gc,heap        ] GC(35) Tenured: 14244K->14244K(2796224K)
[1349.196s][info][gc,metaspace   ] GC(35) Metaspace: 44910K(48208K)->44910K(48208K) NonClass: 40921K(43424K)->40921K(43424K) Class: 3988K(4784K)->3988K(4784K)
[1349.196s][info][gc             ] GC(35) Pause Young (Allocation Failure) 1108M->15M(3959M) 4.055ms
[1349.196s][info][gc,cpu         ] GC(35) User=0.00s Sys=0.00s Real=0.00s
[1395.909s][info][gc,start       ] GC(36) Pause Young (Allocation Failure)
[1395.913s][info][gc,heap        ] GC(36) DefNew: 1120665K->2164K(1258304K)
[1395.913s][info][gc,heap        ] GC(36) Tenured: 14244K->14244K(2796224K)
[1395.913s][info][gc,metaspace   ] GC(36) Metaspace: 44913K(48208K)->44913K(48208K) NonClass: 40924K(43424K)->40924K(43424K) Class: 3989K(4784K)->3989K(4784K)
[1395.913s][info][gc             ] GC(36) Pause Young (Allocation Failure) 1108M->16M(3959M) 3.813ms
[1395.913s][info][gc,cpu         ] GC(36) User=0.00s Sys=0.00s Real=0.00s
[1442.711s][info][gc,start       ] GC(37) Pause Young (Allocation Failure)
[1442.715s][info][gc,heap        ] GC(37) DefNew: 1120692K->2140K(1258304K)
[1442.715s][info][gc,heap        ] GC(37) Tenured: 14244K->14244K(2796224K)
[1442.715s][info][gc,metaspace   ] GC(37) Metaspace: 44913K(48208K)->44913K(48208K) NonClass: 40924K(43424K)->40924K(43424K) Class: 3989K(4784K)->3989K(4784K)
[1442.715s][info][gc             ] GC(37) Pause Young (Allocation Failure) 1108M->16M(3959M) 3.873ms
[1442.715s][info][gc,cpu         ] GC(37) User=0.02s Sys=0.00s Real=0.00s
[1453.106s][info][gc,start       ] GC(38) Pause Full (System.gc())
[1453.106s][info][gc,phases,start] GC(38) Phase 1: Mark live objects
[1453.140s][info][gc,phases      ] GC(38) Phase 1: Mark live objects 34.193ms
[1453.140s][info][gc,phases,start] GC(38) Phase 2: Compute new object addresses
[1453.162s][info][gc,phases      ] GC(38) Phase 2: Compute new object addresses 21.535ms
[1453.162s][info][gc,phases,start] GC(38) Phase 3: Adjust pointers
[1453.176s][info][gc,phases      ] GC(38) Phase 3: Adjust pointers 14.087ms
[1453.176s][info][gc,phases,start] GC(38) Phase 4: Move objects
[1453.176s][info][gc,phases      ] GC(38) Phase 4: Move objects 0.205ms
[1453.176s][info][gc,heap        ] GC(38) DefNew: 252903K->0K(1258304K)
[1453.176s][info][gc,heap        ] GC(38) Tenured: 14244K->15295K(2796224K)
[1453.176s][info][gc,metaspace   ] GC(38) Metaspace: 44925K(48208K)->44925K(48208K) NonClass: 40936K(43424K)->40936K(43424K) Class: 3989K(4784K)->3989K(4784K)
[1453.177s][info][gc             ] GC(38) Pause Full (System.gc()) 260M->14M(3959M) 71.109ms
[1453.177s][info][gc,cpu         ] GC(38) User=0.06s Sys=0.00s Real=0.07s
[1497.979s][info][gc,start       ] GC(39) Pause Young (Allocation Failure)
[1497.984s][info][gc,heap        ] GC(39) DefNew: 1118528K->2226K(1258304K)
[1497.984s][info][gc,heap        ] GC(39) Tenured: 15295K->15295K(2796224K)
[1497.984s][info][gc,metaspace   ] GC(39) Metaspace: 44951K(48208K)->44951K(48208K) NonClass: 40969K(43424K)->40969K(43424K) Class: 3982K(4784K)->3982K(4784K)
[1497.984s][info][gc             ] GC(39) Pause Young (Allocation Failure) 1107M->17M(3959M) 4.977ms
[1497.984s][info][gc,cpu         ] GC(39) User=0.00s Sys=0.00s Real=0.00s
[1544.715s][info][gc,start       ] GC(40) Pause Young (Allocation Failure)
[1544.720s][info][gc,heap        ] GC(40) DefNew: 1120754K->2107K(1258304K)
[1544.720s][info][gc,heap        ] GC(40) Tenured: 15295K->15295K(2796224K)
[1544.720s][info][gc,metaspace   ] GC(40) Metaspace: 44966K(48208K)->44966K(48208K) NonClass: 40983K(43424K)->40983K(43424K) Class: 3982K(4784K)->3982K(4784K)
[1544.720s][info][gc             ] GC(40) Pause Young (Allocation Failure) 1109M->16M(3959M) 4.587ms
[1544.720s][info][gc,cpu         ] GC(40) User=0.00s Sys=0.00s Real=0.00s
[1591.393s][info][gc,start       ] GC(41) Pause Young (Allocation Failure)
[1591.398s][info][gc,heap        ] GC(41) DefNew: 1120635K->2098K(1258304K)
[1591.398s][info][gc,heap        ] GC(41) Tenured: 15295K->15295K(2796224K)
[1591.398s][info][gc,metaspace   ] GC(41) Metaspace: 44966K(48208K)->44966K(48208K) NonClass: 40983K(43424K)->40983K(43424K) Class: 3982K(4784K)->3982K(4784K)
[1591.398s][info][gc             ] GC(41) Pause Young (Allocation Failure) 1109M->16M(3959M) 4.413ms
[1591.398s][info][gc,cpu         ] GC(41) User=0.00s Sys=0.00s Real=0.00s
[1638.109s][info][gc,start       ] GC(42) Pause Young (Allocation Failure)
[1638.112s][info][gc,heap        ] GC(42) DefNew: 1120626K->2131K(1258304K)
[1638.112s][info][gc,heap        ] GC(42) Tenured: 15295K->15295K(2796224K)
[1638.112s][info][gc,metaspace   ] GC(42) Metaspace: 44966K(48208K)->44966K(48208K) NonClass: 40984K(43424K)->40984K(43424K) Class: 3982K(4784K)->3982K(4784K)
[1638.112s][info][gc             ] GC(42) Pause Young (Allocation Failure) 1109M->17M(3959M) 3.486ms
[1638.112s][info][gc,cpu         ] GC(42) User=0.00s Sys=0.00s Real=0.00s
[1684.635s][info][gc,start       ] GC(43) Pause Young (Allocation Failure)
[1684.639s][info][gc,heap        ] GC(43) DefNew: 1120659K->2137K(1258304K)
[1684.639s][info][gc,heap        ] GC(43) Tenured: 15295K->15295K(2796224K)
[1684.639s][info][gc,metaspace   ] GC(43) Metaspace: 44966K(48208K)->44966K(48208K) NonClass: 40984K(43424K)->40984K(43424K) Class: 3982K(4784K)->3982K(4784K)
[1684.639s][info][gc             ] GC(43) Pause Young (Allocation Failure) 1109M->17M(3959M) 4.603ms
[1684.639s][info][gc,cpu         ] GC(43) User=0.00s Sys=0.00s Real=0.00s
[1695.441s][info][gc,start       ] GC(44) Pause Full (System.gc())
[1695.441s][info][gc,phases,start] GC(44) Phase 1: Mark live objects
[1695.476s][info][gc,phases      ] GC(44) Phase 1: Mark live objects 34.794ms
[1695.476s][info][gc,phases,start] GC(44) Phase 2: Compute new object addresses
[1695.498s][info][gc,phases      ] GC(44) Phase 2: Compute new object addresses 22.680ms
[1695.498s][info][gc,phases,start] GC(44) Phase 3: Adjust pointers
[1695.513s][info][gc,phases      ] GC(44) Phase 3: Adjust pointers 14.240ms
[1695.513s][info][gc,phases,start] GC(44) Phase 4: Move objects
[1695.513s][info][gc,phases      ] GC(44) Phase 4: Move objects 0.216ms
[1695.513s][info][gc,heap        ] GC(44) DefNew: 270104K->0K(1258304K)
[1695.513s][info][gc,heap        ] GC(44) Tenured: 15295K->16326K(2796224K)
[1695.513s][info][gc,metaspace   ] GC(44) Metaspace: 44977K(48208K)->44977K(48208K) NonClass: 40994K(43424K)->40994K(43424K) Class: 3983K(4784K)->3983K(4784K)
[1695.514s][info][gc             ] GC(44) Pause Full (System.gc()) 278M->15M(3959M) 73.100ms
[1695.514s][info][gc,cpu         ] GC(44) User=0.08s Sys=0.00s Real=0.08s
[1740.381s][info][gc,start       ] GC(45) Pause Young (Allocation Failure)
[1740.386s][info][gc,heap        ] GC(45) DefNew: 1118528K->2321K(1258304K)
[1740.386s][info][gc,heap        ] GC(45) Tenured: 16326K->16326K(2796224K)
[1740.386s][info][gc,metaspace   ] GC(45) Metaspace: 45100K(48208K)->45100K(48208K) NonClass: 41105K(43424K)->41105K(43424K) Class: 3995K(4784K)->3995K(4784K)
[1740.386s][info][gc             ] GC(45) Pause Young (Allocation Failure) 1108M->18M(3959M) 4.589ms
[1740.386s][info][gc,cpu         ] GC(45) User=0.00s Sys=0.02s Real=0.00s
[1787.136s][info][gc,start       ] GC(46) Pause Young (Allocation Failure)
[1787.141s][info][gc,heap        ] GC(46) DefNew: 1120849K->2151K(1258304K)
[1787.141s][info][gc,heap        ] GC(46) Tenured: 16326K->16326K(2796224K)
[1787.141s][info][gc,metaspace   ] GC(46) Metaspace: 45108K(48208K)->45108K(48208K) NonClass: 41112K(43424K)->41112K(43424K) Class: 3995K(4784K)->3995K(4784K)
[1787.141s][info][gc             ] GC(46) Pause Young (Allocation Failure) 1110M->18M(3959M) 4.701ms
[1787.141s][info][gc,cpu         ] GC(46) User=0.00s Sys=0.00s Real=0.00s
[1834.118s][info][gc,start       ] GC(47) Pause Young (Allocation Failure)
[1834.121s][info][gc,heap        ] GC(47) DefNew: 1120679K->2136K(1258304K)
[1834.122s][info][gc,heap        ] GC(47) Tenured: 16326K->16326K(2796224K)
[1834.122s][info][gc,metaspace   ] GC(47) Metaspace: 45108K(48208K)->45108K(48208K) NonClass: 41112K(43424K)->41112K(43424K) Class: 3995K(4784K)->3995K(4784K)
[1834.122s][info][gc             ] GC(47) Pause Young (Allocation Failure) 1110M->18M(3959M) 3.790ms
[1834.122s][info][gc,cpu         ] GC(47) User=0.02s Sys=0.00s Real=0.01s
[1880.879s][info][gc,start       ] GC(48) Pause Young (Allocation Failure)
[1880.884s][info][gc,heap        ] GC(48) DefNew: 1120664K->2138K(1258304K)
[1880.884s][info][gc,heap        ] GC(48) Tenured: 16326K->16326K(2796224K)
[1880.884s][info][gc,metaspace   ] GC(48) Metaspace: 45109K(48208K)->45109K(48208K) NonClass: 41113K(43424K)->41113K(43424K) Class: 3996K(4784K)->3996K(4784K)
[1880.884s][info][gc             ] GC(48) Pause Young (Allocation Failure) 1110M->18M(3959M) 4.786ms
[1880.884s][info][gc,cpu         ] GC(48) User=0.00s Sys=0.00s Real=0.00s
[1927.733s][info][gc,start       ] GC(49) Pause Young (Allocation Failure)
[1927.737s][info][gc,heap        ] GC(49) DefNew: 1120666K->2139K(1258304K)
[1927.737s][info][gc,heap        ] GC(49) Tenured: 16326K->16326K(2796224K)
[1927.737s][info][gc,metaspace   ] GC(49) Metaspace: 45122K(48208K)->45122K(48208K) NonClass: 41126K(43424K)->41126K(43424K) Class: 3996K(4784K)->3996K(4784K)
[1927.737s][info][gc             ] GC(49) Pause Young (Allocation Failure) 1110M->18M(3959M) 4.467ms
[1927.738s][info][gc,cpu         ] GC(49) User=0.00s Sys=0.00s Real=0.00s
[1938.210s][info][gc,start       ] GC(50) Pause Full (System.gc())
[1938.210s][info][gc,phases,start] GC(50) Phase 1: Mark live objects
[1938.245s][info][gc,phases      ] GC(50) Phase 1: Mark live objects 34.725ms
[1938.245s][info][gc,phases,start] GC(50) Phase 2: Compute new object addresses
[1938.266s][info][gc,phases      ] GC(50) Phase 2: Compute new object addresses 21.500ms
[1938.267s][info][gc,phases,start] GC(50) Phase 3: Adjust pointers
[1938.281s][info][gc,phases      ] GC(50) Phase 3: Adjust pointers 14.187ms
[1938.281s][info][gc,phases,start] GC(50) Phase 4: Move objects
[1938.281s][info][gc,phases      ] GC(50) Phase 4: Move objects 0.233ms
[1938.281s][info][gc,heap        ] GC(50) DefNew: 255798K->0K(1258304K)
[1938.281s][info][gc,heap        ] GC(50) Tenured: 16326K->17370K(2796224K)
[1938.281s][info][gc,metaspace   ] GC(50) Metaspace: 45132K(48208K)->45132K(48208K) NonClass: 41135K(43424K)->41135K(43424K) Class: 3997K(4784K)->3997K(4784K)
[1938.282s][info][gc             ] GC(50) Pause Full (System.gc()) 265M->16M(3959M) 71.764ms
[1938.282s][info][gc,cpu         ] GC(50) User=0.08s Sys=0.00s Real=0.08s
[1983.145s][info][gc,start       ] GC(51) Pause Young (Allocation Failure)
[1983.150s][info][gc,heap        ] GC(51) DefNew: 1118528K->2279K(1258304K)
[1983.150s][info][gc,heap        ] GC(51) Tenured: 17370K->17370K(2796224K)
[1983.150s][info][gc,metaspace   ] GC(51) Metaspace: 45150K(48464K)->45150K(48464K) NonClass: 41158K(43680K)->41158K(43680K) Class: 3991K(4784K)->3991K(4784K)
[1983.150s][info][gc             ] GC(51) Pause Young (Allocation Failure) 1109M->19M(3959M) 5.183ms
[1983.150s][info][gc,cpu         ] GC(51) User=0.00s Sys=0.00s Real=0.00s
[2029.926s][info][gc,start       ] GC(52) Pause Young (Allocation Failure)
[2029.930s][info][gc,heap        ] GC(52) DefNew: 1120807K->2107K(1258304K)
[2029.930s][info][gc,heap        ] GC(52) Tenured: 17370K->17370K(2796224K)
[2029.930s][info][gc,metaspace   ] GC(52) Metaspace: 45160K(48464K)->45160K(48464K) NonClass: 41168K(43680K)->41168K(43680K) Class: 3991K(4784K)->3991K(4784K)
[2029.930s][info][gc             ] GC(52) Pause Young (Allocation Failure) 1111M->19M(3959M) 3.605ms
[2029.930s][info][gc,cpu         ] GC(52) User=0.00s Sys=0.00s Real=0.00s
[2076.893s][info][gc,start       ] GC(53) Pause Young (Allocation Failure)
[2076.897s][info][gc,heap        ] GC(53) DefNew: 1120635K->2151K(1258304K)
[2076.897s][info][gc,heap        ] GC(53) Tenured: 17370K->17370K(2796224K)
[2076.897s][info][gc,metaspace   ] GC(53) Metaspace: 45160K(48464K)->45160K(48464K) NonClass: 41168K(43680K)->41168K(43680K) Class: 3991K(4784K)->3991K(4784K)
[2076.897s][info][gc             ] GC(53) Pause Young (Allocation Failure) 1111M->19M(3959M) 3.699ms
[2076.897s][info][gc,cpu         ] GC(53) User=0.00s Sys=0.00s Real=0.00s
[2123.678s][info][gc,start       ] GC(54) Pause Young (Allocation Failure)
[2123.681s][info][gc,heap        ] GC(54) DefNew: 1120679K->2122K(1258304K)
[2123.681s][info][gc,heap        ] GC(54) Tenured: 17370K->17370K(2796224K)
[2123.682s][info][gc,metaspace   ] GC(54) Metaspace: 45161K(48464K)->45161K(48464K) NonClass: 41168K(43680K)->41168K(43680K) Class: 3992K(4784K)->3992K(4784K)
[2123.682s][info][gc             ] GC(54) Pause Young (Allocation Failure) 1111M->19M(3959M) 3.645ms
[2123.682s][info][gc,cpu         ] GC(54) User=0.02s Sys=0.00s Real=0.00s
[2170.581s][info][gc,start       ] GC(55) Pause Young (Allocation Failure)
[2170.586s][info][gc,heap        ] GC(55) DefNew: 1120650K->2131K(1258304K)
[2170.586s][info][gc,heap        ] GC(55) Tenured: 17370K->17370K(2796224K)
[2170.586s][info][gc,metaspace   ] GC(55) Metaspace: 45161K(48464K)->45161K(48464K) NonClass: 41168K(43680K)->41168K(43680K) Class: 3992K(4784K)->3992K(4784K)
[2170.586s][info][gc             ] GC(55) Pause Young (Allocation Failure) 1111M->19M(3959M) 4.824ms
[2170.586s][info][gc,cpu         ] GC(55) User=0.00s Sys=0.00s Real=0.00s
[2180.763s][info][gc,start       ] GC(56) Pause Full (System.gc())
[2180.763s][info][gc,phases,start] GC(56) Phase 1: Mark live objects
[2180.798s][info][gc,phases      ] GC(56) Phase 1: Mark live objects 34.901ms
[2180.798s][info][gc,phases,start] GC(56) Phase 2: Compute new object addresses
[2180.819s][info][gc,phases      ] GC(56) Phase 2: Compute new object addresses 21.043ms
[2180.819s][info][gc,phases,start] GC(56) Phase 3: Adjust pointers
[2180.834s][info][gc,phases      ] GC(56) Phase 3: Adjust pointers 14.588ms
[2180.834s][info][gc,phases,start] GC(56) Phase 4: Move objects
[2180.837s][info][gc,phases      ] GC(56) Phase 4: Move objects 2.913ms
[2180.837s][info][gc,heap        ] GC(56) DefNew: 255167K->0K(1258304K)
[2180.837s][info][gc,heap        ] GC(56) Tenured: 17370K->14280K(2796224K)
[2180.837s][info][gc,metaspace   ] GC(56) Metaspace: 45173K(48464K)->45173K(48464K) NonClass: 41180K(43680K)->41180K(43680K) Class: 3992K(4784K)->3992K(4784K)
[2180.838s][info][gc             ] GC(56) Pause Full (System.gc()) 266M->13M(3959M) 74.858ms
[2180.838s][info][gc,cpu         ] GC(56) User=0.06s Sys=0.00s Real=0.08s
[2225.695s][info][gc,start       ] GC(57) Pause Young (Allocation Failure)
[2225.700s][info][gc,heap        ] GC(57) DefNew: 1118528K->2245K(1258304K)
[2225.700s][info][gc,heap        ] GC(57) Tenured: 14280K->14280K(2796224K)
[2225.700s][info][gc,metaspace   ] GC(57) Metaspace: 45194K(48464K)->45194K(48464K) NonClass: 41201K(43680K)->41201K(43680K) Class: 3993K(4784K)->3993K(4784K)
[2225.700s][info][gc             ] GC(57) Pause Young (Allocation Failure) 1106M->16M(3959M) 5.020ms
[2225.700s][info][gc,cpu         ] GC(57) User=0.02s Sys=0.00s Real=0.00s
[2272.454s][info][gc,start       ] GC(58) Pause Young (Allocation Failure)
[2272.457s][info][gc,heap        ] GC(58) DefNew: 1120773K->2137K(1258304K)
[2272.457s][info][gc,heap        ] GC(58) Tenured: 14280K->14280K(2796224K)
[2272.457s][info][gc,metaspace   ] GC(58) Metaspace: 45217K(48464K)->45217K(48464K) NonClass: 41224K(43680K)->41224K(43680K) Class: 3993K(4784K)->3993K(4784K)
[2272.457s][info][gc             ] GC(58) Pause Young (Allocation Failure) 1108M->16M(3959M) 3.680ms
[2272.457s][info][gc,cpu         ] GC(58) User=0.00s Sys=0.00s Real=0.00s
[2319.496s][info][gc,start       ] GC(59) Pause Young (Allocation Failure)
[2319.501s][info][gc,heap        ] GC(59) DefNew: 1120665K->2147K(1258304K)
[2319.501s][info][gc,heap        ] GC(59) Tenured: 14280K->14280K(2796224K)
[2319.501s][info][gc,metaspace   ] GC(59) Metaspace: 45220K(48464K)->45220K(48464K) NonClass: 41227K(43680K)->41227K(43680K) Class: 3993K(4784K)->3993K(4784K)
[2319.501s][info][gc             ] GC(59) Pause Young (Allocation Failure) 1108M->16M(3959M) 4.696ms
[2319.501s][info][gc,cpu         ] GC(59) User=0.00s Sys=0.00s Real=0.00s
[2366.245s][info][gc,start       ] GC(60) Pause Young (Allocation Failure)
[2366.249s][info][gc,heap        ] GC(60) DefNew: 1120675K->2148K(1258304K)
[2366.249s][info][gc,heap        ] GC(60) Tenured: 14280K->14280K(2796224K)
[2366.249s][info][gc,metaspace   ] GC(60) Metaspace: 45221K(48464K)->45221K(48464K) NonClass: 41227K(43680K)->41227K(43680K) Class: 3993K(4784K)->3993K(4784K)
[2366.249s][info][gc             ] GC(60) Pause Young (Allocation Failure) 1108M->16M(3959M) 4.398ms
[2366.249s][info][gc,cpu         ] GC(60) User=0.00s Sys=0.00s Real=0.00s
[2413.088s][info][gc,start       ] GC(61) Pause Young (Allocation Failure)
[2413.092s][info][gc,heap        ] GC(61) DefNew: 1120676K->2180K(1258304K)
[2413.092s][info][gc,heap        ] GC(61) Tenured: 14280K->14280K(2796224K)
[2413.092s][info][gc,metaspace   ] GC(61) Metaspace: 45222K(48464K)->45222K(48464K) NonClass: 41228K(43680K)->41228K(43680K) Class: 3993K(4784K)->3993K(4784K)
[2413.092s][info][gc             ] GC(61) Pause Young (Allocation Failure) 1108M->16M(3959M) 3.977ms
[2413.092s][info][gc,cpu         ] GC(61) User=0.00s Sys=0.00s Real=0.00s
[2423.382s][info][gc,heap,exit   ] Heap
[2423.382s][info][gc,heap,exit   ]  def new generation   total 1258304K, used 246072K [0x0000000700000000, 0x0000000755550000, 0x0000000755550000)
[2423.382s][info][gc,heap,exit   ]   eden space 1118528K,  21% used [0x0000000700000000, 0x000000070ee2d080, 0x0000000744450000)
[2423.382s][info][gc,heap,exit   ]   from space 139776K,   1% used [0x0000000744450000, 0x0000000744671000, 0x000000074ccd0000)
[2423.382s][info][gc,heap,exit   ]   to   space 139776K,   0% used [0x000000074ccd0000, 0x000000074ccd0000, 0x0000000755550000)
[2423.382s][info][gc,heap,exit   ]  tenured generation   total 2796224K, used 14280K [0x0000000755550000, 0x0000000800000000, 0x0000000800000000)
[2423.382s][info][gc,heap,exit   ]    the space 2796224K,   0% used [0x0000000755550000, 0x00000007563422e8, 0x0000000756342400, 0x0000000800000000)
[2423.382s][info][gc,heap,exit   ]  Metaspace       used 45263K, capacity 48275K, committed 48464K, reserved 1093632K
[2423.382s][info][gc,heap,exit   ]   class space    used 3996K, capacity 4651K, committed 4784K, reserved 1048576K
