[0.008s][info][gc] Using G1
[0.023s][info][gc,init] Version: 17.0.12+7-adhoc..jdk17u (release)
[0.023s][info][gc,init] CPUs: 6 total, 6 available
[0.023s][info][gc,init] Memory: 15591M
[0.023s][info][gc,init] Large Page Support: Disabled
[0.023s][info][gc,init] NUMA Support: Disabled
[0.023s][info][gc,init] Compressed Oops: Enabled (Zero based)
[0.023s][info][gc,init] Heap Region Size: 2M
[0.023s][info][gc,init] Heap Min Capacity: 4G
[0.023s][info][gc,init] Heap Initial Capacity: 4G
[0.023s][info][gc,init] Heap Max Capacity: 4G
[0.023s][info][gc,init] Pre-touch: Disabled
[0.023s][info][gc,init] Parallel Workers: 6
[0.023s][info][gc,init] Concurrent Workers: 2
[0.025s][info][gc,init] Concurrent Refinement Workers: 6
[0.025s][info][gc,init] Periodic GC: Disabled
[0.032s][info][gc,metaspace] CDS archive(s) mapped at: [0x0000023cc6000000-0x0000023cc6bc0000-0x0000023cc6bc0000), size 12320768, SharedBaseAddress: 0x0000023cc6000000, ArchiveRelocationMode: 1.
[0.032s][info][gc,metaspace] Compressed class space mapped at: 0x0000023cc7000000-0x0000023d07000000, reserved size: 1073741824
[0.032s][info][gc,metaspace] Narrow klass base: 0x0000023cc6000000, Narrow klass shift: 0, Narrow klass range: 0x100000000
[1.139s][info][gc,start    ] GC(0) Pause Young (Normal) (G1 Evacuation Pause)
[1.140s][info][gc,task     ] GC(0) Using 6 workers of 6 for evacuation
[1.154s][info][gc,phases   ] GC(0)   Pre Evacuate Collection Set: 0.2ms
[1.154s][info][gc,phases   ] GC(0)   Merge Heap Roots: 0.1ms
[1.154s][info][gc,phases   ] GC(0)   Evacuate Collection Set: 13.6ms
[1.154s][info][gc,phases   ] GC(0)   Post Evacuate Collection Set: 0.6ms
[1.154s][info][gc,phases   ] GC(0)   Other: 0.4ms
[1.154s][info][gc,heap     ] GC(0) Eden regions: 102->0(92)
[1.154s][info][gc,heap     ] GC(0) Survivor regions: 0->10(13)
[1.154s][info][gc,heap     ] GC(0) Old regions: 0->0
[1.154s][info][gc,heap     ] GC(0) Archive regions: 0->0
[1.154s][info][gc,heap     ] GC(0) Humongous regions: 0->0
[1.154s][info][gc,metaspace] GC(0) Metaspace: 8381K(8576K)->8381K(8576K) NonClass: 7565K(7680K)->7565K(7680K) Class: 816K(896K)->816K(896K)
[1.154s][info][gc          ] GC(0) Pause Young (Normal) (G1 Evacuation Pause) 204M->18M(4096M) 15.175ms
[1.154s][info][gc,cpu      ] GC(0) User=0.03s Sys=0.00s Real=0.02s
[1.570s][info][gc,start    ] GC(1) Pause Young (Normal) (G1 Evacuation Pause)
[1.570s][info][gc,task     ] GC(1) Using 6 workers of 6 for evacuation
[1.588s][info][gc,phases   ] GC(1)   Pre Evacuate Collection Set: 0.1ms
[1.588s][info][gc,phases   ] GC(1)   Merge Heap Roots: 0.1ms
[1.588s][info][gc,phases   ] GC(1)   Evacuate Collection Set: 16.5ms
[1.588s][info][gc,phases   ] GC(1)   Post Evacuate Collection Set: 0.6ms
[1.588s][info][gc,phases   ] GC(1)   Other: 0.2ms
[1.588s][info][gc,heap     ] GC(1) Eden regions: 92->0(94)
[1.588s][info][gc,heap     ] GC(1) Survivor regions: 10->8(13)
[1.588s][info][gc,heap     ] GC(1) Old regions: 0->10
[1.588s][info][gc,heap     ] GC(1) Archive regions: 0->0
[1.588s][info][gc,heap     ] GC(1) Humongous regions: 0->0
[1.588s][info][gc,metaspace] GC(1) Metaspace: 8406K(8640K)->8406K(8640K) NonClass: 7589K(7744K)->7589K(7744K) Class: 816K(896K)->816K(896K)
[1.588s][info][gc          ] GC(1) Pause Young (Normal) (G1 Evacuation Pause) 202M->33M(4096M) 17.619ms
[1.588s][info][gc,cpu      ] GC(1) User=0.08s Sys=0.02s Real=0.02s
[1.980s][info][gc,start    ] GC(2) Pause Young (Normal) (G1 Evacuation Pause)
[1.980s][info][gc,task     ] GC(2) Using 6 workers of 6 for evacuation
[1.994s][info][gc,phases   ] GC(2)   Pre Evacuate Collection Set: 0.2ms
[1.994s][info][gc,phases   ] GC(2)   Merge Heap Roots: 0.1ms
[1.994s][info][gc,phases   ] GC(2)   Evacuate Collection Set: 12.9ms
[1.994s][info][gc,phases   ] GC(2)   Post Evacuate Collection Set: 0.4ms
[1.994s][info][gc,phases   ] GC(2)   Other: 0.2ms
[1.994s][info][gc,heap     ] GC(2) Eden regions: 94->0(89)
[1.994s][info][gc,heap     ] GC(2) Survivor regions: 8->13(13)
[1.994s][info][gc,heap     ] GC(2) Old regions: 10->10
[1.994s][info][gc,heap     ] GC(2) Archive regions: 0->0
[1.994s][info][gc,heap     ] GC(2) Humongous regions: 0->0
[1.994s][info][gc,metaspace] GC(2) Metaspace: 8414K(8640K)->8414K(8640K) NonClass: 7597K(7744K)->7597K(7744K) Class: 816K(896K)->816K(896K)
[1.994s][info][gc          ] GC(2) Pause Young (Normal) (G1 Evacuation Pause) 221M->44M(4096M) 13.992ms
[1.994s][info][gc,cpu      ] GC(2) User=0.05s Sys=0.05s Real=0.01s
[2.274s][info][gc,start    ] GC(3) Pause Young (Normal) (G1 Evacuation Pause)
[2.274s][info][gc,task     ] GC(3) Using 6 workers of 6 for evacuation
[2.291s][info][gc,phases   ] GC(3)   Pre Evacuate Collection Set: 0.2ms
[2.291s][info][gc,phases   ] GC(3)   Merge Heap Roots: 0.1ms
[2.291s][info][gc,phases   ] GC(3)   Evacuate Collection Set: 16.0ms
[2.291s][info][gc,phases   ] GC(3)   Post Evacuate Collection Set: 0.4ms
[2.291s][info][gc,phases   ] GC(3)   Other: 0.2ms
[2.291s][info][gc,heap     ] GC(3) Eden regions: 89->0(89)
[2.291s][info][gc,heap     ] GC(3) Survivor regions: 13->13(13)
[2.291s][info][gc,heap     ] GC(3) Old regions: 10->16
[2.291s][info][gc,heap     ] GC(3) Archive regions: 0->0
[2.291s][info][gc,heap     ] GC(3) Humongous regions: 0->0
[2.291s][info][gc,metaspace] GC(3) Metaspace: 8420K(8640K)->8420K(8640K) NonClass: 7603K(7744K)->7603K(7744K) Class: 816K(896K)->816K(896K)
[2.291s][info][gc          ] GC(3) Pause Young (Normal) (G1 Evacuation Pause) 222M->56M(4096M) 17.019ms
[2.291s][info][gc,cpu      ] GC(3) User=0.06s Sys=0.03s Real=0.01s
[2.477s][info][gc,start    ] GC(4) Pause Young (Normal) (G1 Evacuation Pause)
[2.477s][info][gc,task     ] GC(4) Using 6 workers of 6 for evacuation
[2.495s][info][gc,phases   ] GC(4)   Pre Evacuate Collection Set: 0.2ms
[2.495s][info][gc,phases   ] GC(4)   Merge Heap Roots: 0.1ms
[2.495s][info][gc,phases   ] GC(4)   Evacuate Collection Set: 16.8ms
[2.495s][info][gc,phases   ] GC(4)   Post Evacuate Collection Set: 0.4ms
[2.495s][info][gc,phases   ] GC(4)   Other: 0.2ms
[2.495s][info][gc,heap     ] GC(4) Eden regions: 89->0(113)
[2.495s][info][gc,heap     ] GC(4) Survivor regions: 13->13(13)
[2.495s][info][gc,heap     ] GC(4) Old regions: 16->22
[2.495s][info][gc,heap     ] GC(4) Archive regions: 0->0
[2.495s][info][gc,heap     ] GC(4) Humongous regions: 0->0
[2.495s][info][gc,metaspace] GC(4) Metaspace: 8420K(8640K)->8420K(8640K) NonClass: 7603K(7744K)->7603K(7744K) Class: 816K(896K)->816K(896K)
[2.495s][info][gc          ] GC(4) Pause Young (Normal) (G1 Evacuation Pause) 234M->69M(4096M) 17.892ms
[2.495s][info][gc,cpu      ] GC(4) User=0.06s Sys=0.02s Real=0.02s
[2.697s][info][gc,start    ] GC(5) Pause Young (Normal) (G1 Evacuation Pause)
[2.697s][info][gc,task     ] GC(5) Using 6 workers of 6 for evacuation
[2.717s][info][gc,phases   ] GC(5)   Pre Evacuate Collection Set: 0.2ms
[2.717s][info][gc,phases   ] GC(5)   Merge Heap Roots: 0.1ms
[2.717s][info][gc,phases   ] GC(5)   Evacuate Collection Set: 19.1ms
[2.717s][info][gc,phases   ] GC(5)   Post Evacuate Collection Set: 0.4ms
[2.717s][info][gc,phases   ] GC(5)   Other: 0.2ms
[2.717s][info][gc,heap     ] GC(5) Eden regions: 113->0(409)
[2.717s][info][gc,heap     ] GC(5) Survivor regions: 13->15(16)
[2.717s][info][gc,heap     ] GC(5) Old regions: 22->29
[2.717s][info][gc,heap     ] GC(5) Archive regions: 0->0
[2.717s][info][gc,heap     ] GC(5) Humongous regions: 0->0
[2.717s][info][gc,metaspace] GC(5) Metaspace: 8433K(8640K)->8433K(8640K) NonClass: 7617K(7744K)->7617K(7744K) Class: 816K(896K)->816K(896K)
[2.717s][info][gc          ] GC(5) Pause Young (Normal) (G1 Evacuation Pause) 295M->85M(4096M) 20.192ms
[2.717s][info][gc,cpu      ] GC(5) User=0.09s Sys=0.00s Real=0.02s
[3.459s][info][gc,start    ] GC(6) Pause Young (Normal) (G1 Evacuation Pause)
[3.459s][info][gc,task     ] GC(6) Using 6 workers of 6 for evacuation
[3.510s][info][gc,phases   ] GC(6)   Pre Evacuate Collection Set: 0.2ms
[3.510s][info][gc,phases   ] GC(6)   Merge Heap Roots: 0.1ms
[3.510s][info][gc,phases   ] GC(6)   Evacuate Collection Set: 50.1ms
[3.510s][info][gc,phases   ] GC(6)   Post Evacuate Collection Set: 0.6ms
[3.510s][info][gc,phases   ] GC(6)   Other: 0.4ms
[3.510s][info][gc,heap     ] GC(6) Eden regions: 409->0(199)
[3.510s][info][gc,heap     ] GC(6) Survivor regions: 15->41(53)
[3.510s][info][gc,heap     ] GC(6) Old regions: 29->29
[3.510s][info][gc,heap     ] GC(6) Archive regions: 0->0
[3.510s][info][gc,heap     ] GC(6) Humongous regions: 0->0
[3.510s][info][gc,metaspace] GC(6) Metaspace: 8496K(8704K)->8496K(8704K) NonClass: 7680K(7808K)->7680K(7808K) Class: 816K(896K)->816K(896K)
[3.510s][info][gc          ] GC(6) Pause Young (Normal) (G1 Evacuation Pause) 903M->137M(4096M) 51.618ms
[3.510s][info][gc,cpu      ] GC(6) User=0.25s Sys=0.02s Real=0.05s
[3.833s][info][gc,start    ] GC(7) Pause Young (Normal) (G1 Evacuation Pause)
[3.833s][info][gc,task     ] GC(7) Using 6 workers of 6 for evacuation
[3.883s][info][gc,phases   ] GC(7)   Pre Evacuate Collection Set: 0.2ms
[3.883s][info][gc,phases   ] GC(7)   Merge Heap Roots: 0.1ms
[3.883s][info][gc,phases   ] GC(7)   Evacuate Collection Set: 48.8ms
[3.883s][info][gc,phases   ] GC(7)   Post Evacuate Collection Set: 0.5ms
[3.883s][info][gc,phases   ] GC(7)   Other: 0.3ms
[3.883s][info][gc,heap     ] GC(7) Eden regions: 199->0(284)
[3.883s][info][gc,heap     ] GC(7) Survivor regions: 41->15(30)
[3.883s][info][gc,heap     ] GC(7) Old regions: 29->68
[3.883s][info][gc,heap     ] GC(7) Archive regions: 0->0
[3.883s][info][gc,heap     ] GC(7) Humongous regions: 0->0
[3.883s][info][gc,metaspace] GC(7) Metaspace: 8506K(8704K)->8506K(8704K) NonClass: 7689K(7808K)->7689K(7808K) Class: 816K(896K)->816K(896K)
[3.883s][info][gc          ] GC(7) Pause Young (Normal) (G1 Evacuation Pause) 535M->164M(4096M) 50.042ms
[3.883s][info][gc,cpu      ] GC(7) User=0.22s Sys=0.06s Real=0.05s
[4.333s][info][gc,start    ] GC(8) Pause Young (Normal) (G1 Evacuation Pause)
[4.333s][info][gc,task     ] GC(8) Using 6 workers of 6 for evacuation
[4.367s][info][gc,phases   ] GC(8)   Pre Evacuate Collection Set: 0.4ms
[4.368s][info][gc,phases   ] GC(8)   Merge Heap Roots: 0.1ms
[4.368s][info][gc,phases   ] GC(8)   Evacuate Collection Set: 33.6ms
[4.368s][info][gc,phases   ] GC(8)   Post Evacuate Collection Set: 0.5ms
[4.368s][info][gc,phases   ] GC(8)   Other: 0.2ms
[4.368s][info][gc,heap     ] GC(8) Eden regions: 284->0(223)
[4.368s][info][gc,heap     ] GC(8) Survivor regions: 15->32(38)
[4.368s][info][gc,heap     ] GC(8) Old regions: 68->68
[4.368s][info][gc,heap     ] GC(8) Archive regions: 0->0
[4.368s][info][gc,heap     ] GC(8) Humongous regions: 0->0
[4.368s][info][gc,metaspace] GC(8) Metaspace: 8506K(8704K)->8506K(8704K) NonClass: 7689K(7808K)->7689K(7808K) Class: 816K(896K)->816K(896K)
[4.368s][info][gc          ] GC(8) Pause Young (Normal) (G1 Evacuation Pause) 732M->199M(4096M) 34.899ms
[4.368s][info][gc,cpu      ] GC(8) User=0.16s Sys=0.03s Real=0.04s
[4.865s][info][gc,start    ] GC(9) Pause Young (Normal) (G1 Evacuation Pause)
[4.865s][info][gc,task     ] GC(9) Using 6 workers of 6 for evacuation
[4.913s][info][gc,phases   ] GC(9)   Pre Evacuate Collection Set: 0.2ms
[4.913s][info][gc,phases   ] GC(9)   Merge Heap Roots: 0.1ms
[4.913s][info][gc,phases   ] GC(9)   Evacuate Collection Set: 46.7ms
[4.913s][info][gc,phases   ] GC(9)   Post Evacuate Collection Set: 0.5ms
[4.913s][info][gc,phases   ] GC(9)   Other: 0.2ms
[4.913s][info][gc,heap     ] GC(9) Eden regions: 223->0(507)
[4.913s][info][gc,heap     ] GC(9) Survivor regions: 32->16(32)
[4.913s][info][gc,heap     ] GC(9) Old regions: 68->99
[4.913s][info][gc,heap     ] GC(9) Archive regions: 0->0
[4.913s][info][gc,heap     ] GC(9) Humongous regions: 0->0
[4.913s][info][gc,metaspace] GC(9) Metaspace: 8561K(8768K)->8561K(8768K) NonClass: 7745K(7872K)->7745K(7872K) Class: 816K(896K)->816K(896K)
[4.913s][info][gc          ] GC(9) Pause Young (Normal) (G1 Evacuation Pause) 645M->229M(4096M) 47.803ms
[4.913s][info][gc,cpu      ] GC(9) User=0.27s Sys=0.02s Real=0.05s
[5.806s][info][gc,start    ] GC(10) Pause Young (Normal) (G1 Evacuation Pause)
[5.806s][info][gc,task     ] GC(10) Using 6 workers of 6 for evacuation
[5.838s][info][gc,phases   ] GC(10)   Pre Evacuate Collection Set: 0.2ms
[5.838s][info][gc,phases   ] GC(10)   Merge Heap Roots: 0.1ms
[5.838s][info][gc,phases   ] GC(10)   Evacuate Collection Set: 30.2ms
[5.838s][info][gc,phases   ] GC(10)   Post Evacuate Collection Set: 0.6ms
[5.838s][info][gc,phases   ] GC(10)   Other: 0.3ms
[5.838s][info][gc,heap     ] GC(10) Eden regions: 507->0(753)
[5.838s][info][gc,heap     ] GC(10) Survivor regions: 16->30(66)
[5.838s][info][gc,heap     ] GC(10) Old regions: 99->99
[5.838s][info][gc,heap     ] GC(10) Archive regions: 0->0
[5.838s][info][gc,heap     ] GC(10) Humongous regions: 0->0
[5.838s][info][gc,metaspace] GC(10) Metaspace: 8565K(8768K)->8565K(8768K) NonClass: 7749K(7872K)->7749K(7872K) Class: 816K(896K)->816K(896K)
[5.838s][info][gc          ] GC(10) Pause Young (Normal) (G1 Evacuation Pause) 1243M->256M(4096M) 31.543ms
[5.838s][info][gc,cpu      ] GC(10) User=0.17s Sys=0.02s Real=0.04s
[6.914s][info][gc,start    ] GC(11) Pause Young (Normal) (G1 Evacuation Pause)
[6.914s][info][gc,task     ] GC(11) Using 6 workers of 6 for evacuation
[7.002s][info][gc,phases   ] GC(11)   Pre Evacuate Collection Set: 0.2ms
[7.002s][info][gc,phases   ] GC(11)   Merge Heap Roots: 0.1ms
[7.002s][info][gc,phases   ] GC(11)   Evacuate Collection Set: 86.7ms
[7.002s][info][gc,phases   ] GC(11)   Post Evacuate Collection Set: 0.7ms
[7.002s][info][gc,phases   ] GC(11)   Other: 0.3ms
[7.002s][info][gc,heap     ] GC(11) Eden regions: 753->0(519)
[7.002s][info][gc,heap     ] GC(11) Survivor regions: 30->74(98)
[7.002s][info][gc,heap     ] GC(11) Old regions: 99->99
[7.002s][info][gc,heap     ] GC(11) Archive regions: 0->0
[7.002s][info][gc,heap     ] GC(11) Humongous regions: 0->0
[7.002s][info][gc,metaspace] GC(11) Metaspace: 8565K(8768K)->8565K(8768K) NonClass: 7749K(7872K)->7749K(7872K) Class: 816K(896K)->816K(896K)
[7.002s][info][gc          ] GC(11) Pause Young (Normal) (G1 Evacuation Pause) 1762M->345M(4096M) 88.116ms
[7.002s][info][gc,cpu      ] GC(11) User=0.53s Sys=0.03s Real=0.10s
[7.899s][info][gc,start    ] GC(12) Pause Young (Normal) (G1 Evacuation Pause)
[7.899s][info][gc,task     ] GC(12) Using 6 workers of 6 for evacuation
[7.957s][info][gc,phases   ] GC(12)   Pre Evacuate Collection Set: 0.2ms
[7.957s][info][gc,phases   ] GC(12)   Merge Heap Roots: 0.1ms
[7.958s][info][gc,phases   ] GC(12)   Evacuate Collection Set: 56.9ms
[7.958s][info][gc,phases   ] GC(12)   Post Evacuate Collection Set: 0.7ms
[7.958s][info][gc,phases   ] GC(12)   Other: 0.3ms
[7.958s][info][gc,heap     ] GC(12) Eden regions: 519->0(980)
[7.958s][info][gc,heap     ] GC(12) Survivor regions: 74->21(75)
[7.958s][info][gc,heap     ] GC(12) Old regions: 99->145
[7.958s][info][gc,heap     ] GC(12) Archive regions: 0->0
[7.958s][info][gc,heap     ] GC(12) Humongous regions: 0->0
[7.958s][info][gc,metaspace] GC(12) Metaspace: 8722K(8960K)->8722K(8960K) NonClass: 7901K(8064K)->7901K(8064K) Class: 820K(896K)->820K(896K)
[7.958s][info][gc          ] GC(12) Pause Young (Normal) (G1 Evacuation Pause) 1383M->330M(4096M) 58.269ms
[7.958s][info][gc,cpu      ] GC(12) User=0.36s Sys=0.02s Real=0.06s
[9.560s][info][gc,start    ] GC(13) Pause Young (Normal) (G1 Evacuation Pause)
[9.560s][info][gc,task     ] GC(13) Using 6 workers of 6 for evacuation
[9.637s][info][gc,phases   ] GC(13)   Pre Evacuate Collection Set: 0.2ms
[9.637s][info][gc,phases   ] GC(13)   Merge Heap Roots: 0.2ms
[9.637s][info][gc,phases   ] GC(13)   Evacuate Collection Set: 75.8ms
[9.637s][info][gc,phases   ] GC(13)   Post Evacuate Collection Set: 0.7ms
[9.637s][info][gc,phases   ] GC(13)   Other: 0.4ms
[9.637s][info][gc,heap     ] GC(13) Eden regions: 980->0(544)
[9.637s][info][gc,heap     ] GC(13) Survivor regions: 21->62(126)
[9.637s][info][gc,heap     ] GC(13) Old regions: 145->145
[9.637s][info][gc,heap     ] GC(13) Archive regions: 0->0
[9.637s][info][gc,heap     ] GC(13) Humongous regions: 0->0
[9.637s][info][gc,metaspace] GC(13) Metaspace: 8757K(8960K)->8757K(8960K) NonClass: 7935K(8064K)->7935K(8064K) Class: 821K(896K)->821K(896K)
[9.637s][info][gc          ] GC(13) Pause Young (Normal) (G1 Evacuation Pause) 2290M->412M(4096M) 77.462ms
[9.637s][info][gc,cpu      ] GC(13) User=0.38s Sys=0.06s Real=0.09s
[10.507s][info][gc,start    ] GC(14) Pause Young (Normal) (G1 Evacuation Pause)
[10.507s][info][gc,task     ] GC(14) Using 6 workers of 6 for evacuation
[10.567s][info][gc,phases   ] GC(14)   Pre Evacuate Collection Set: 0.2ms
[10.567s][info][gc,phases   ] GC(14)   Merge Heap Roots: 0.1ms
[10.567s][info][gc,phases   ] GC(14)   Evacuate Collection Set: 59.3ms
[10.567s][info][gc,phases   ] GC(14)   Post Evacuate Collection Set: 0.6ms
[10.567s][info][gc,phases   ] GC(14)   Other: 0.2ms
[10.567s][info][gc,heap     ] GC(14) Eden regions: 459->0(1045)
[10.567s][info][gc,heap     ] GC(14) Survivor regions: 62->26(66)
[10.567s][info][gc,heap     ] GC(14) Old regions: 145->204
[10.567s][info][gc,heap     ] GC(14) Archive regions: 0->0
[10.567s][info][gc,heap     ] GC(14) Humongous regions: 4->4
[10.567s][info][gc,metaspace] GC(14) Metaspace: 8782K(9024K)->8782K(9024K) NonClass: 7960K(8128K)->7960K(8128K) Class: 821K(896K)->821K(896K)
[10.567s][info][gc          ] GC(14) Pause Young (Normal) (G1 Evacuation Pause) 1338M->466M(4096M) 60.574ms
[10.567s][info][gc,cpu      ] GC(14) User=0.38s Sys=0.00s Real=0.07s
[12.440s][info][gc,start    ] GC(15) Pause Young (Normal) (G1 Evacuation Pause)
[12.441s][info][gc,task     ] GC(15) Using 6 workers of 6 for evacuation
[12.530s][info][gc,phases   ] GC(15)   Pre Evacuate Collection Set: 0.2ms
[12.530s][info][gc,phases   ] GC(15)   Merge Heap Roots: 0.2ms
[12.530s][info][gc,phases   ] GC(15)   Evacuate Collection Set: 88.3ms
[12.530s][info][gc,phases   ] GC(15)   Post Evacuate Collection Set: 0.7ms
[12.530s][info][gc,phases   ] GC(15)   Other: 0.3ms
[12.530s][info][gc,heap     ] GC(15) Eden regions: 818->0(482)
[12.530s][info][gc,heap     ] GC(15) Survivor regions: 26->79(106)
[12.530s][info][gc,heap     ] GC(15) Old regions: 204->204
[12.530s][info][gc,heap     ] GC(15) Archive regions: 0->0
[12.530s][info][gc,heap     ] GC(15) Humongous regions: 8->8
[12.530s][info][gc,metaspace] GC(15) Metaspace: 8782K(9024K)->8782K(9024K) NonClass: 7960K(8128K)->7960K(8128K) Class: 821K(896K)->821K(896K)
[12.530s][info][gc          ] GC(15) Pause Young (Normal) (G1 Evacuation Pause) 2110M->581M(4096M) 89.843ms
[12.530s][info][gc,cpu      ] GC(15) User=0.50s Sys=0.00s Real=0.09s
[13.190s][info][gc,start    ] GC(16) Pause Young (Normal) (G1 Evacuation Pause)
[13.190s][info][gc,task     ] GC(16) Using 6 workers of 6 for evacuation
[13.240s][info][gc,phases   ] GC(16)   Pre Evacuate Collection Set: 0.2ms
[13.240s][info][gc,phases   ] GC(16)   Merge Heap Roots: 0.2ms
[13.240s][info][gc,phases   ] GC(16)   Evacuate Collection Set: 49.7ms
[13.240s][info][gc,phases   ] GC(16)   Post Evacuate Collection Set: 0.5ms
[13.240s][info][gc,phases   ] GC(16)   Other: 0.2ms
[13.240s][info][gc,heap     ] GC(16) Eden regions: 308->0(1225)
[13.240s][info][gc,heap     ] GC(16) Survivor regions: 79->3(49)
[13.240s][info][gc,heap     ] GC(16) Old regions: 204->277
[13.240s][info][gc,heap     ] GC(16) Archive regions: 0->0
[13.240s][info][gc,heap     ] GC(16) Humongous regions: 8->8
[13.240s][info][gc,metaspace] GC(16) Metaspace: 8782K(9024K)->8782K(9024K) NonClass: 7960K(8128K)->7960K(8128K) Class: 821K(896K)->821K(896K)
[13.240s][info][gc          ] GC(16) Pause Young (Normal) (G1 Evacuation Pause) 1197M->575M(4096M) 50.779ms
[13.240s][info][gc,cpu      ] GC(16) User=0.27s Sys=0.02s Real=0.05s
[13.552s][info][gc,start    ] GC(17) Pause Full (System.gc())
[13.552s][info][gc,task     ] GC(17) Using 6 workers of 6 for full compaction
[13.553s][info][gc,phases,start] GC(17) Phase 1: Mark live objects
[13.654s][info][gc,phases      ] GC(17) Phase 1: Mark live objects 101.451ms
[13.654s][info][gc,phases,start] GC(17) Phase 2: Prepare for compaction
[13.677s][info][gc,phases      ] GC(17) Phase 2: Prepare for compaction 23.291ms
[13.678s][info][gc,phases,start] GC(17) Phase 3: Adjust pointers
[13.725s][info][gc,phases      ] GC(17) Phase 3: Adjust pointers 47.368ms
[13.725s][info][gc,phases,start] GC(17) Phase 4: Compact heap
[13.749s][info][gc,phases      ] GC(17) Phase 4: Compact heap 23.835ms
[13.757s][info][gc,heap        ] GC(17) Eden regions: 178->0(1228)
[13.757s][info][gc,heap        ] GC(17) Survivor regions: 3->0(49)
[13.757s][info][gc,heap        ] GC(17) Old regions: 277->224
[13.757s][info][gc,heap        ] GC(17) Archive regions: 0->0
[13.757s][info][gc,heap        ] GC(17) Humongous regions: 8->2
[13.757s][info][gc,metaspace   ] GC(17) Metaspace: 8833K(9024K)->8833K(9024K) NonClass: 8008K(8128K)->8008K(8128K) Class: 825K(896K)->825K(896K)
[13.757s][info][gc             ] GC(17) Pause Full (System.gc()) 931M->443M(4096M) 204.894ms
[13.757s][info][gc,cpu         ] GC(17) User=1.14s Sys=0.00s Real=0.21s
[16.721s][info][gc,start       ] GC(18) Pause Young (Normal) (G1 Evacuation Pause)
[16.721s][info][gc,task        ] GC(18) Using 6 workers of 6 for evacuation
[16.746s][info][gc,phases      ] GC(18)   Pre Evacuate Collection Set: 0.2ms
[16.746s][info][gc,phases      ] GC(18)   Merge Heap Roots: 0.1ms
[16.746s][info][gc,phases      ] GC(18)   Evacuate Collection Set: 23.2ms
[16.746s][info][gc,phases      ] GC(18)   Post Evacuate Collection Set: 0.7ms
[16.746s][info][gc,phases      ] GC(18)   Other: 0.2ms
[16.746s][info][gc,heap        ] GC(18) Eden regions: 1228->0(1211)
[16.746s][info][gc,heap        ] GC(18) Survivor regions: 0->17(154)
[16.746s][info][gc,heap        ] GC(18) Old regions: 224->224
[16.746s][info][gc,heap        ] GC(18) Archive regions: 0->0
[16.746s][info][gc,heap        ] GC(18) Humongous regions: 2->2
[16.746s][info][gc,metaspace   ] GC(18) Metaspace: 9790K(9984K)->9790K(9984K) NonClass: 8930K(9024K)->8930K(9024K) Class: 860K(960K)->860K(960K)
[16.746s][info][gc             ] GC(18) Pause Young (Normal) (G1 Evacuation Pause) 2899M->477M(4096M) 24.655ms
[16.746s][info][gc,cpu         ] GC(18) User=0.08s Sys=0.02s Real=0.03s
[18.484s][info][gc,start       ] GC(19) Pause Young (Normal) (G1 Evacuation Pause)
[18.484s][info][gc,task        ] GC(19) Using 6 workers of 6 for evacuation
[18.520s][info][gc,phases      ] GC(19)   Pre Evacuate Collection Set: 0.1ms
[18.520s][info][gc,phases      ] GC(19)   Merge Heap Roots: 0.1ms
[18.520s][info][gc,phases      ] GC(19)   Evacuate Collection Set: 34.0ms
[18.520s][info][gc,phases      ] GC(19)   Post Evacuate Collection Set: 0.9ms
[18.520s][info][gc,phases      ] GC(19)   Other: 0.2ms
[18.520s][info][gc,heap        ] GC(19) Eden regions: 1211->0(1201)
[18.520s][info][gc,heap        ] GC(19) Survivor regions: 17->27(154)
[18.520s][info][gc,heap        ] GC(19) Old regions: 224->224
[18.520s][info][gc,heap        ] GC(19) Archive regions: 0->0
[18.520s][info][gc,heap        ] GC(19) Humongous regions: 2->2
[18.520s][info][gc,metaspace   ] GC(19) Metaspace: 9792K(9984K)->9792K(9984K) NonClass: 8932K(9024K)->8932K(9024K) Class: 860K(960K)->860K(960K)
[18.520s][info][gc             ] GC(19) Pause Young (Normal) (G1 Evacuation Pause) 2899M->497M(4096M) 35.501ms
[18.520s][info][gc,cpu         ] GC(19) User=0.19s Sys=0.00s Real=0.03s
[19.963s][info][gc,start       ] GC(20) Pause Young (Normal) (G1 Evacuation Pause)
[19.963s][info][gc,task        ] GC(20) Using 6 workers of 6 for evacuation
[20.003s][info][gc,phases      ] GC(20)   Pre Evacuate Collection Set: 0.1ms
[20.003s][info][gc,phases      ] GC(20)   Merge Heap Roots: 0.1ms
[20.003s][info][gc,phases      ] GC(20)   Evacuate Collection Set: 38.6ms
[20.003s][info][gc,phases      ] GC(20)   Post Evacuate Collection Set: 0.9ms
[20.003s][info][gc,phases      ] GC(20)   Other: 0.2ms
[20.003s][info][gc,heap        ] GC(20) Eden regions: 1201->0(1192)
[20.003s][info][gc,heap        ] GC(20) Survivor regions: 27->36(154)
[20.003s][info][gc,heap        ] GC(20) Old regions: 224->224
[20.003s][info][gc,heap        ] GC(20) Archive regions: 0->0
[20.003s][info][gc,heap        ] GC(20) Humongous regions: 2->2
[20.003s][info][gc,metaspace   ] GC(20) Metaspace: 9794K(9984K)->9794K(9984K) NonClass: 8934K(9024K)->8934K(9024K) Class: 860K(960K)->860K(960K)
[20.003s][info][gc             ] GC(20) Pause Young (Normal) (G1 Evacuation Pause) 2899M->515M(4096M) 40.099ms
[20.003s][info][gc,cpu         ] GC(20) User=0.27s Sys=0.00s Real=0.04s
[21.091s][info][gc,start       ] GC(21) Pause Young (Normal) (G1 Evacuation Pause)
[21.091s][info][gc,task        ] GC(21) Using 6 workers of 6 for evacuation
[21.134s][info][gc,phases      ] GC(21)   Pre Evacuate Collection Set: 0.1ms
[21.134s][info][gc,phases      ] GC(21)   Merge Heap Roots: 0.1ms
[21.134s][info][gc,phases      ] GC(21)   Evacuate Collection Set: 41.6ms
[21.134s][info][gc,phases      ] GC(21)   Post Evacuate Collection Set: 1.1ms
[21.134s][info][gc,phases      ] GC(21)   Other: 0.2ms
[21.134s][info][gc,heap        ] GC(21) Eden regions: 1192->0(1183)
[21.134s][info][gc,heap        ] GC(21) Survivor regions: 36->45(154)
[21.134s][info][gc,heap        ] GC(21) Old regions: 224->224
[21.134s][info][gc,heap        ] GC(21) Archive regions: 0->0
[21.134s][info][gc,heap        ] GC(21) Humongous regions: 2->2
[21.134s][info][gc,metaspace   ] GC(21) Metaspace: 9795K(9984K)->9795K(9984K) NonClass: 8934K(9024K)->8934K(9024K) Class: 860K(960K)->860K(960K)
[21.134s][info][gc             ] GC(21) Pause Young (Normal) (G1 Evacuation Pause) 2899M->532M(4096M) 43.259ms
[21.134s][info][gc,cpu         ] GC(21) User=0.28s Sys=0.00s Real=0.04s
[22.011s][info][gc,start       ] GC(22) Pause Young (Normal) (G1 Evacuation Pause)
[22.011s][info][gc,task        ] GC(22) Using 6 workers of 6 for evacuation
[22.060s][info][gc,phases      ] GC(22)   Pre Evacuate Collection Set: 0.1ms
[22.060s][info][gc,phases      ] GC(22)   Merge Heap Roots: 0.1ms
[22.060s][info][gc,phases      ] GC(22)   Evacuate Collection Set: 47.3ms
[22.060s][info][gc,phases      ] GC(22)   Post Evacuate Collection Set: 0.9ms
[22.060s][info][gc,phases      ] GC(22)   Other: 0.2ms
[22.060s][info][gc,heap        ] GC(22) Eden regions: 1183->0(1176)
[22.060s][info][gc,heap        ] GC(22) Survivor regions: 45->52(154)
[22.060s][info][gc,heap        ] GC(22) Old regions: 224->224
[22.060s][info][gc,heap        ] GC(22) Archive regions: 0->0
[22.060s][info][gc,heap        ] GC(22) Humongous regions: 2->2
[22.060s][info][gc,metaspace   ] GC(22) Metaspace: 9795K(9984K)->9795K(9984K) NonClass: 8935K(9024K)->8935K(9024K) Class: 860K(960K)->860K(960K)
[22.060s][info][gc             ] GC(22) Pause Young (Normal) (G1 Evacuation Pause) 2898M->547M(4096M) 48.769ms
[22.060s][info][gc,cpu         ] GC(22) User=0.27s Sys=0.00s Real=0.05s
[22.998s][info][gc,start       ] GC(23) Pause Young (Normal) (G1 Evacuation Pause)
[22.999s][info][gc,task        ] GC(23) Using 6 workers of 6 for evacuation
[23.053s][info][gc,phases      ] GC(23)   Pre Evacuate Collection Set: 0.1ms
[23.053s][info][gc,phases      ] GC(23)   Merge Heap Roots: 0.1ms
[23.053s][info][gc,phases      ] GC(23)   Evacuate Collection Set: 53.0ms
[23.053s][info][gc,phases      ] GC(23)   Post Evacuate Collection Set: 1.1ms
[23.053s][info][gc,phases      ] GC(23)   Other: 0.2ms
[23.053s][info][gc,heap        ] GC(23) Eden regions: 1176->0(1168)
[23.053s][info][gc,heap        ] GC(23) Survivor regions: 52->60(154)
[23.053s][info][gc,heap        ] GC(23) Old regions: 224->224
[23.053s][info][gc,heap        ] GC(23) Archive regions: 0->0
[23.053s][info][gc,heap        ] GC(23) Humongous regions: 2->2
[23.053s][info][gc,metaspace   ] GC(23) Metaspace: 9795K(9984K)->9795K(9984K) NonClass: 8935K(9024K)->8935K(9024K) Class: 860K(960K)->860K(960K)
[23.053s][info][gc             ] GC(23) Pause Young (Normal) (G1 Evacuation Pause) 2899M->563M(4096M) 54.719ms
[23.053s][info][gc,cpu         ] GC(23) User=0.30s Sys=0.02s Real=0.06s
[23.971s][info][gc,start       ] GC(24) Pause Young (Normal) (G1 Evacuation Pause)
[23.971s][info][gc,task        ] GC(24) Using 6 workers of 6 for evacuation
[24.036s][info][gc,phases      ] GC(24)   Pre Evacuate Collection Set: 0.1ms
[24.036s][info][gc,phases      ] GC(24)   Merge Heap Roots: 0.1ms
[24.036s][info][gc,phases      ] GC(24)   Evacuate Collection Set: 64.0ms
[24.036s][info][gc,phases      ] GC(24)   Post Evacuate Collection Set: 1.0ms
[24.036s][info][gc,phases      ] GC(24)   Other: 0.2ms
[24.036s][info][gc,heap        ] GC(24) Eden regions: 1168->0(1160)
[24.036s][info][gc,heap        ] GC(24) Survivor regions: 60->68(154)
[24.036s][info][gc,heap        ] GC(24) Old regions: 224->224
[24.036s][info][gc,heap        ] GC(24) Archive regions: 0->0
[24.036s][info][gc,heap        ] GC(24) Humongous regions: 2->2
[24.036s][info][gc,metaspace   ] GC(24) Metaspace: 9796K(9984K)->9796K(9984K) NonClass: 8935K(9024K)->8935K(9024K) Class: 860K(960K)->860K(960K)
[24.036s][info][gc             ] GC(24) Pause Young (Normal) (G1 Evacuation Pause) 2899M->578M(4096M) 65.537ms
[24.036s][info][gc,cpu         ] GC(24) User=0.36s Sys=0.00s Real=0.06s
[26.970s][info][gc,start       ] GC(25) Pause Young (Normal) (G1 Evacuation Pause)
[26.970s][info][gc,task        ] GC(25) Using 6 workers of 6 for evacuation
[27.155s][info][gc,phases      ] GC(25)   Pre Evacuate Collection Set: 0.2ms
[27.155s][info][gc,phases      ] GC(25)   Merge Heap Roots: 0.2ms
[27.155s][info][gc,phases      ] GC(25)   Evacuate Collection Set: 183.2ms
[27.155s][info][gc,phases      ] GC(25)   Post Evacuate Collection Set: 0.9ms
[27.155s][info][gc,phases      ] GC(25)   Other: 0.3ms
[27.155s][info][gc,heap        ] GC(25) Eden regions: 1160->0(1091)
[27.155s][info][gc,heap        ] GC(25) Survivor regions: 68->137(154)
[27.155s][info][gc,heap        ] GC(25) Old regions: 224->224
[27.155s][info][gc,heap        ] GC(25) Archive regions: 0->0
[27.155s][info][gc,heap        ] GC(25) Humongous regions: 2->2
[27.155s][info][gc,metaspace   ] GC(25) Metaspace: 9918K(10176K)->9918K(10176K) NonClass: 9044K(9152K)->9044K(9152K) Class: 874K(1024K)->874K(1024K)
[27.155s][info][gc             ] GC(25) Pause Young (Normal) (G1 Evacuation Pause) 2898M->717M(4096M) 184.857ms
[27.155s][info][gc,cpu         ] GC(25) User=1.09s Sys=0.00s Real=0.19s
[29.847s][info][gc,start       ] GC(26) Pause Young (Normal) (G1 Evacuation Pause)
[29.847s][info][gc,task        ] GC(26) Using 6 workers of 6 for evacuation
[29.958s][info][gc,phases      ] GC(26)   Pre Evacuate Collection Set: 0.2ms
[29.958s][info][gc,phases      ] GC(26)   Merge Heap Roots: 0.2ms
[29.958s][info][gc,phases      ] GC(26)   Evacuate Collection Set: 109.6ms
[29.958s][info][gc,phases      ] GC(26)   Post Evacuate Collection Set: 0.8ms
[29.958s][info][gc,phases      ] GC(26)   Other: 0.3ms
[29.958s][info][gc,heap        ] GC(26) Eden regions: 1091->0(1153)
[29.958s][info][gc,heap        ] GC(26) Survivor regions: 137->75(154)
[29.958s][info][gc,heap        ] GC(26) Old regions: 224->235
[29.958s][info][gc,heap        ] GC(26) Archive regions: 0->0
[29.958s][info][gc,heap        ] GC(26) Humongous regions: 2->2
[29.958s][info][gc,metaspace   ] GC(26) Metaspace: 9924K(10240K)->9924K(10240K) NonClass: 9050K(9216K)->9050K(9216K) Class: 874K(1024K)->874K(1024K)
[29.958s][info][gc             ] GC(26) Pause Young (Normal) (G1 Evacuation Pause) 2899M->612M(4096M) 111.376ms
[29.958s][info][gc,cpu         ] GC(26) User=0.66s Sys=0.00s Real=0.11s
[30.934s][info][gc,start       ] GC(27) Pause Full (System.gc())
[30.934s][info][gc,task        ] GC(27) Using 6 workers of 6 for full compaction
[30.934s][info][gc,phases,start] GC(27) Phase 1: Mark live objects
[31.033s][info][gc,phases      ] GC(27) Phase 1: Mark live objects 98.898ms
[31.033s][info][gc,phases,start] GC(27) Phase 2: Prepare for compaction
[31.063s][info][gc,phases      ] GC(27) Phase 2: Prepare for compaction 29.477ms
[31.063s][info][gc,phases,start] GC(27) Phase 3: Adjust pointers
[31.124s][info][gc,phases      ] GC(27) Phase 3: Adjust pointers 61.136ms
[31.124s][info][gc,phases,start] GC(27) Phase 4: Compact heap
[31.157s][info][gc,phases      ] GC(27) Phase 4: Compact heap 33.076ms
[31.166s][info][gc,heap        ] GC(27) Eden regions: 284->0(1228)
[31.166s][info][gc,heap        ] GC(27) Survivor regions: 75->0(154)
[31.166s][info][gc,heap        ] GC(27) Old regions: 235->217
[31.166s][info][gc,heap        ] GC(27) Archive regions: 0->0
[31.166s][info][gc,heap        ] GC(27) Humongous regions: 2->0
[31.166s][info][gc,metaspace   ] GC(27) Metaspace: 10075K(10368K)->10075K(10368K) NonClass: 9191K(9344K)->9191K(9344K) Class: 883K(1024K)->883K(1024K)
[31.166s][info][gc             ] GC(27) Pause Full (System.gc()) 1180M->428M(4096M) 232.330ms
[31.166s][info][gc,cpu         ] GC(27) User=1.28s Sys=0.05s Real=0.23s
[32.144s][info][gc,start       ] GC(28) Pause Young (Normal) (G1 Evacuation Pause)
[32.145s][info][gc,task        ] GC(28) Using 6 workers of 6 for evacuation
[32.168s][info][gc,phases      ] GC(28)   Pre Evacuate Collection Set: 0.1ms
[32.168s][info][gc,phases      ] GC(28)   Merge Heap Roots: 0.1ms
[32.168s][info][gc,phases      ] GC(28)   Evacuate Collection Set: 22.8ms
[32.168s][info][gc,phases      ] GC(28)   Post Evacuate Collection Set: 0.7ms
[32.168s][info][gc,phases      ] GC(28)   Other: 0.2ms
[32.168s][info][gc,heap        ] GC(28) Eden regions: 1228->0(1210)
[32.168s][info][gc,heap        ] GC(28) Survivor regions: 0->18(154)
[32.168s][info][gc,heap        ] GC(28) Old regions: 217->217
[32.168s][info][gc,heap        ] GC(28) Archive regions: 0->0
[32.168s][info][gc,heap        ] GC(28) Humongous regions: 0->0
[32.168s][info][gc,metaspace   ] GC(28) Metaspace: 10161K(10432K)->10161K(10432K) NonClass: 9277K(9408K)->9277K(9408K) Class: 883K(1024K)->883K(1024K)
[32.168s][info][gc             ] GC(28) Pause Young (Normal) (G1 Evacuation Pause) 2884M->463M(4096M) 23.985ms
[32.168s][info][gc,cpu         ] GC(28) User=0.08s Sys=0.02s Real=0.02s
[33.049s][info][gc,start       ] GC(29) Pause Young (Normal) (G1 Evacuation Pause)
[33.049s][info][gc,task        ] GC(29) Using 6 workers of 6 for evacuation
[33.080s][info][gc,phases      ] GC(29)   Pre Evacuate Collection Set: 0.1ms
[33.080s][info][gc,phases      ] GC(29)   Merge Heap Roots: 0.1ms
[33.080s][info][gc,phases      ] GC(29)   Evacuate Collection Set: 29.3ms
[33.080s][info][gc,phases      ] GC(29)   Post Evacuate Collection Set: 0.7ms
[33.080s][info][gc,phases      ] GC(29)   Other: 0.2ms
[33.080s][info][gc,heap        ] GC(29) Eden regions: 1210->0(1201)
[33.080s][info][gc,heap        ] GC(29) Survivor regions: 18->27(154)
[33.080s][info][gc,heap        ] GC(29) Old regions: 217->217
[33.080s][info][gc,heap        ] GC(29) Archive regions: 0->0
[33.080s][info][gc,heap        ] GC(29) Humongous regions: 0->0
[33.080s][info][gc,metaspace   ] GC(29) Metaspace: 10161K(10432K)->10161K(10432K) NonClass: 9277K(9408K)->9277K(9408K) Class: 883K(1024K)->883K(1024K)
[33.080s][info][gc             ] GC(29) Pause Young (Normal) (G1 Evacuation Pause) 2883M->482M(4096M) 30.485ms
[33.080s][info][gc,cpu         ] GC(29) User=0.19s Sys=0.00s Real=0.03s
[33.946s][info][gc,start       ] GC(30) Pause Young (Normal) (G1 Evacuation Pause)
[33.946s][info][gc,task        ] GC(30) Using 6 workers of 6 for evacuation
[33.983s][info][gc,phases      ] GC(30)   Pre Evacuate Collection Set: 0.1ms
[33.983s][info][gc,phases      ] GC(30)   Merge Heap Roots: 0.1ms
[33.983s][info][gc,phases      ] GC(30)   Evacuate Collection Set: 35.7ms
[33.983s][info][gc,phases      ] GC(30)   Post Evacuate Collection Set: 0.8ms
[33.983s][info][gc,phases      ] GC(30)   Other: 0.2ms
[33.983s][info][gc,heap        ] GC(30) Eden regions: 1201->0(1192)
[33.983s][info][gc,heap        ] GC(30) Survivor regions: 27->36(154)
[33.983s][info][gc,heap        ] GC(30) Old regions: 217->217
[33.983s][info][gc,heap        ] GC(30) Archive regions: 0->0
[33.983s][info][gc,heap        ] GC(30) Humongous regions: 0->0
[33.983s][info][gc,metaspace   ] GC(30) Metaspace: 10161K(10432K)->10161K(10432K) NonClass: 9277K(9408K)->9277K(9408K) Class: 883K(1024K)->883K(1024K)
[33.983s][info][gc             ] GC(30) Pause Young (Normal) (G1 Evacuation Pause) 2884M->500M(4096M) 36.993ms
[33.983s][info][gc,cpu         ] GC(30) User=0.19s Sys=0.00s Real=0.04s
[34.841s][info][gc,start       ] GC(31) Pause Young (Normal) (G1 Evacuation Pause)
[34.842s][info][gc,task        ] GC(31) Using 6 workers of 6 for evacuation
[34.884s][info][gc,phases      ] GC(31)   Pre Evacuate Collection Set: 0.1ms
[34.884s][info][gc,phases      ] GC(31)   Merge Heap Roots: 0.1ms
[34.884s][info][gc,phases      ] GC(31)   Evacuate Collection Set: 41.4ms
[34.884s][info][gc,phases      ] GC(31)   Post Evacuate Collection Set: 1.2ms
[34.884s][info][gc,phases      ] GC(31)   Other: 0.2ms
[34.884s][info][gc,heap        ] GC(31) Eden regions: 1192->0(1184)
[34.884s][info][gc,heap        ] GC(31) Survivor regions: 36->44(154)
[34.884s][info][gc,heap        ] GC(31) Old regions: 217->217
[34.884s][info][gc,heap        ] GC(31) Archive regions: 0->0
[34.885s][info][gc,heap        ] GC(31) Humongous regions: 0->0
[34.885s][info][gc,metaspace   ] GC(31) Metaspace: 10163K(10432K)->10163K(10432K) NonClass: 9279K(9408K)->9279K(9408K) Class: 883K(1024K)->883K(1024K)
[34.885s][info][gc             ] GC(31) Pause Young (Normal) (G1 Evacuation Pause) 2884M->516M(4096M) 43.062ms
[34.885s][info][gc,cpu         ] GC(31) User=0.28s Sys=0.00s Real=0.04s
[35.732s][info][gc,start       ] GC(32) Pause Young (Normal) (G1 Evacuation Pause)
[35.732s][info][gc,task        ] GC(32) Using 6 workers of 6 for evacuation
[35.780s][info][gc,phases      ] GC(32)   Pre Evacuate Collection Set: 0.1ms
[35.780s][info][gc,phases      ] GC(32)   Merge Heap Roots: 0.1ms
[35.780s][info][gc,phases      ] GC(32)   Evacuate Collection Set: 46.6ms
[35.780s][info][gc,phases      ] GC(32)   Post Evacuate Collection Set: 1.0ms
[35.780s][info][gc,phases      ] GC(32)   Other: 0.2ms
[35.780s][info][gc,heap        ] GC(32) Eden regions: 1184->0(1176)
[35.781s][info][gc,heap        ] GC(32) Survivor regions: 44->52(154)
[35.781s][info][gc,heap        ] GC(32) Old regions: 217->217
[35.781s][info][gc,heap        ] GC(32) Archive regions: 0->0
[35.781s][info][gc,heap        ] GC(32) Humongous regions: 0->0
[35.781s][info][gc,metaspace   ] GC(32) Metaspace: 10163K(10432K)->10163K(10432K) NonClass: 9279K(9408K)->9279K(9408K) Class: 883K(1024K)->883K(1024K)
[35.781s][info][gc             ] GC(32) Pause Young (Normal) (G1 Evacuation Pause) 2884M->532M(4096M) 48.153ms
[35.781s][info][gc,cpu         ] GC(32) User=0.36s Sys=0.00s Real=0.05s
[36.658s][info][gc,start       ] GC(33) Pause Young (Normal) (G1 Evacuation Pause)
[36.658s][info][gc,task        ] GC(33) Using 6 workers of 6 for evacuation
[36.711s][info][gc,phases      ] GC(33)   Pre Evacuate Collection Set: 0.1ms
[36.711s][info][gc,phases      ] GC(33)   Merge Heap Roots: 0.1ms
[36.711s][info][gc,phases      ] GC(33)   Evacuate Collection Set: 52.3ms
[36.711s][info][gc,phases      ] GC(33)   Post Evacuate Collection Set: 0.9ms
[36.711s][info][gc,phases      ] GC(33)   Other: 0.2ms
[36.711s][info][gc,heap        ] GC(33) Eden regions: 1176->0(1168)
[36.711s][info][gc,heap        ] GC(33) Survivor regions: 52->60(154)
[36.711s][info][gc,heap        ] GC(33) Old regions: 217->217
[36.711s][info][gc,heap        ] GC(33) Archive regions: 0->0
[36.711s][info][gc,heap        ] GC(33) Humongous regions: 0->0
[36.711s][info][gc,metaspace   ] GC(33) Metaspace: 10163K(10432K)->10163K(10432K) NonClass: 9279K(9408K)->9279K(9408K) Class: 883K(1024K)->883K(1024K)
[36.711s][info][gc             ] GC(33) Pause Young (Normal) (G1 Evacuation Pause) 2884M->547M(4096M) 53.773ms
[36.711s][info][gc,cpu         ] GC(33) User=0.28s Sys=0.00s Real=0.06s
[37.561s][info][gc,start       ] GC(34) Pause Young (Normal) (G1 Evacuation Pause)
[37.561s][info][gc,task        ] GC(34) Using 6 workers of 6 for evacuation
[37.621s][info][gc,phases      ] GC(34)   Pre Evacuate Collection Set: 0.1ms
[37.621s][info][gc,phases      ] GC(34)   Merge Heap Roots: 0.1ms
[37.621s][info][gc,phases      ] GC(34)   Evacuate Collection Set: 58.1ms
[37.621s][info][gc,phases      ] GC(34)   Post Evacuate Collection Set: 1.0ms
[37.621s][info][gc,phases      ] GC(34)   Other: 0.2ms
[37.621s][info][gc,heap        ] GC(34) Eden regions: 1168->0(1161)
[37.621s][info][gc,heap        ] GC(34) Survivor regions: 60->67(154)
[37.621s][info][gc,heap        ] GC(34) Old regions: 217->217
[37.621s][info][gc,heap        ] GC(34) Archive regions: 0->0
[37.621s][info][gc,heap        ] GC(34) Humongous regions: 0->0
[37.621s][info][gc,metaspace   ] GC(34) Metaspace: 10163K(10432K)->10163K(10432K) NonClass: 9279K(9408K)->9279K(9408K) Class: 883K(1024K)->883K(1024K)
[37.621s][info][gc             ] GC(34) Pause Young (Normal) (G1 Evacuation Pause) 2883M->562M(4096M) 59.673ms
[37.621s][info][gc,cpu         ] GC(34) User=0.28s Sys=0.00s Real=0.06s
[40.541s][info][gc,start       ] GC(35) Pause Young (Normal) (G1 Evacuation Pause)
[40.541s][info][gc,task        ] GC(35) Using 6 workers of 6 for evacuation
[40.725s][info][gc,phases      ] GC(35)   Pre Evacuate Collection Set: 0.3ms
[40.725s][info][gc,phases      ] GC(35)   Merge Heap Roots: 0.2ms
[40.725s][info][gc,phases      ] GC(35)   Evacuate Collection Set: 182.5ms
[40.725s][info][gc,phases      ] GC(35)   Post Evacuate Collection Set: 0.7ms
[40.725s][info][gc,phases      ] GC(35)   Other: 0.3ms
[40.725s][info][gc,heap        ] GC(35) Eden regions: 1161->0(1092)
[40.725s][info][gc,heap        ] GC(35) Survivor regions: 67->136(154)
[40.725s][info][gc,heap        ] GC(35) Old regions: 217->217
[40.725s][info][gc,heap        ] GC(35) Archive regions: 0->0
[40.725s][info][gc,heap        ] GC(35) Humongous regions: 0->0
[40.725s][info][gc,metaspace   ] GC(35) Metaspace: 10185K(10432K)->10185K(10432K) NonClass: 9301K(9408K)->9301K(9408K) Class: 883K(1024K)->883K(1024K)
[40.725s][info][gc             ] GC(35) Pause Young (Normal) (G1 Evacuation Pause) 2884M->700M(4096M) 184.241ms
[40.725s][info][gc,cpu         ] GC(35) User=1.12s Sys=0.00s Real=0.18s
[43.339s][info][gc,start       ] GC(36) Pause Young (Normal) (G1 Evacuation Pause)
[43.339s][info][gc,task        ] GC(36) Using 6 workers of 6 for evacuation
[43.451s][info][gc,phases      ] GC(36)   Pre Evacuate Collection Set: 0.4ms
[43.451s][info][gc,phases      ] GC(36)   Merge Heap Roots: 0.2ms
[43.451s][info][gc,phases      ] GC(36)   Evacuate Collection Set: 110.0ms
[43.451s][info][gc,phases      ] GC(36)   Post Evacuate Collection Set: 0.9ms
[43.451s][info][gc,phases      ] GC(36)   Other: 0.3ms
[43.451s][info][gc,heap        ] GC(36) Eden regions: 1092->0(1153)
[43.451s][info][gc,heap        ] GC(36) Survivor regions: 136->75(154)
[43.451s][info][gc,heap        ] GC(36) Old regions: 217->227
[43.451s][info][gc,heap        ] GC(36) Archive regions: 0->0
[43.451s][info][gc,heap        ] GC(36) Humongous regions: 0->0
[43.451s][info][gc,metaspace   ] GC(36) Metaspace: 10189K(10432K)->10189K(10432K) NonClass: 9305K(9408K)->9305K(9408K) Class: 883K(1024K)->883K(1024K)
[43.451s][info][gc             ] GC(36) Pause Young (Normal) (G1 Evacuation Pause) 2884M->598M(4096M) 111.906ms
[43.451s][info][gc,cpu         ] GC(36) User=0.62s Sys=0.00s Real=0.12s
[44.358s][info][gc,start       ] GC(37) Pause Full (System.gc())
[44.359s][info][gc,task        ] GC(37) Using 6 workers of 6 for full compaction
[44.359s][info][gc,phases,start] GC(37) Phase 1: Mark live objects
[44.460s][info][gc,phases      ] GC(37) Phase 1: Mark live objects 101.522ms
[44.460s][info][gc,phases,start] GC(37) Phase 2: Prepare for compaction
[44.467s][info][gc,phases      ] GC(37) Phase 2: Prepare for compaction 7.090ms
[44.468s][info][gc,phases,start] GC(37) Phase 3: Adjust pointers
[44.492s][info][gc,phases      ] GC(37) Phase 3: Adjust pointers 24.815ms
[44.492s][info][gc,phases,start] GC(37) Phase 4: Compact heap
[44.499s][info][gc,phases      ] GC(37) Phase 4: Compact heap 6.210ms
[44.507s][info][gc,heap        ] GC(37) Eden regions: 281->0(1228)
[44.507s][info][gc,heap        ] GC(37) Survivor regions: 75->0(154)
[44.507s][info][gc,heap        ] GC(37) Old regions: 227->218
[44.507s][info][gc,heap        ] GC(37) Archive regions: 0->0
[44.507s][info][gc,heap        ] GC(37) Humongous regions: 0->0
[44.507s][info][gc,metaspace   ] GC(37) Metaspace: 10198K(10432K)->10198K(10432K) NonClass: 9314K(9408K)->9314K(9408K) Class: 883K(1024K)->883K(1024K)
[44.507s][info][gc             ] GC(37) Pause Full (System.gc()) 1160M->428M(4096M) 148.820ms
[44.507s][info][gc,cpu         ] GC(37) User=0.80s Sys=0.00s Real=0.15s
[45.399s][info][gc,start       ] GC(38) Pause Young (Normal) (G1 Evacuation Pause)
[45.399s][info][gc,task        ] GC(38) Using 6 workers of 6 for evacuation
[45.422s][info][gc,phases      ] GC(38)   Pre Evacuate Collection Set: 0.1ms
[45.422s][info][gc,phases      ] GC(38)   Merge Heap Roots: 0.1ms
[45.422s][info][gc,phases      ] GC(38)   Evacuate Collection Set: 22.0ms
[45.422s][info][gc,phases      ] GC(38)   Post Evacuate Collection Set: 0.7ms
[45.422s][info][gc,phases      ] GC(38)   Other: 0.2ms
[45.422s][info][gc,heap        ] GC(38) Eden regions: 1228->0(1210)
[45.422s][info][gc,heap        ] GC(38) Survivor regions: 0->18(154)
[45.422s][info][gc,heap        ] GC(38) Old regions: 218->218
[45.422s][info][gc,heap        ] GC(38) Archive regions: 0->0
[45.422s][info][gc,heap        ] GC(38) Humongous regions: 0->0
[45.422s][info][gc,metaspace   ] GC(38) Metaspace: 10281K(10560K)->10281K(10560K) NonClass: 9397K(9536K)->9397K(9536K) Class: 883K(1024K)->883K(1024K)
[45.422s][info][gc             ] GC(38) Pause Young (Normal) (G1 Evacuation Pause) 2884M->463M(4096M) 23.212ms
[45.422s][info][gc,cpu         ] GC(38) User=0.19s Sys=0.00s Real=0.02s
[46.290s][info][gc,start       ] GC(39) Pause Young (Normal) (G1 Evacuation Pause)
[46.290s][info][gc,task        ] GC(39) Using 6 workers of 6 for evacuation
[46.321s][info][gc,phases      ] GC(39)   Pre Evacuate Collection Set: 0.3ms
[46.321s][info][gc,phases      ] GC(39)   Merge Heap Roots: 0.1ms
[46.321s][info][gc,phases      ] GC(39)   Evacuate Collection Set: 29.8ms
[46.321s][info][gc,phases      ] GC(39)   Post Evacuate Collection Set: 1.1ms
[46.321s][info][gc,phases      ] GC(39)   Other: 0.2ms
[46.321s][info][gc,heap        ] GC(39) Eden regions: 1210->0(1201)
[46.321s][info][gc,heap        ] GC(39) Survivor regions: 18->27(154)
[46.322s][info][gc,heap        ] GC(39) Old regions: 218->218
[46.322s][info][gc,heap        ] GC(39) Archive regions: 0->0
[46.322s][info][gc,heap        ] GC(39) Humongous regions: 0->0
[46.322s][info][gc,metaspace   ] GC(39) Metaspace: 10281K(10560K)->10281K(10560K) NonClass: 9397K(9536K)->9397K(9536K) Class: 883K(1024K)->883K(1024K)
[46.322s][info][gc             ] GC(39) Pause Young (Normal) (G1 Evacuation Pause) 2883M->482M(4096M) 31.786ms
[46.322s][info][gc,cpu         ] GC(39) User=0.19s Sys=0.00s Real=0.03s
[47.179s][info][gc,start       ] GC(40) Pause Young (Normal) (G1 Evacuation Pause)
[47.180s][info][gc,task        ] GC(40) Using 6 workers of 6 for evacuation
[47.216s][info][gc,phases      ] GC(40)   Pre Evacuate Collection Set: 0.1ms
[47.216s][info][gc,phases      ] GC(40)   Merge Heap Roots: 0.1ms
[47.216s][info][gc,phases      ] GC(40)   Evacuate Collection Set: 35.2ms
[47.216s][info][gc,phases      ] GC(40)   Post Evacuate Collection Set: 0.8ms
[47.216s][info][gc,phases      ] GC(40)   Other: 0.2ms
[47.216s][info][gc,heap        ] GC(40) Eden regions: 1201->0(1192)
[47.216s][info][gc,heap        ] GC(40) Survivor regions: 27->36(154)
[47.216s][info][gc,heap        ] GC(40) Old regions: 218->218
[47.216s][info][gc,heap        ] GC(40) Archive regions: 0->0
[47.216s][info][gc,heap        ] GC(40) Humongous regions: 0->0
[47.216s][info][gc,metaspace   ] GC(40) Metaspace: 10281K(10560K)->10281K(10560K) NonClass: 9397K(9536K)->9397K(9536K) Class: 883K(1024K)->883K(1024K)
[47.216s][info][gc             ] GC(40) Pause Young (Normal) (G1 Evacuation Pause) 2884M->499M(4096M) 36.528ms
[47.216s][info][gc,cpu         ] GC(40) User=0.19s Sys=0.00s Real=0.04s
[48.074s][info][gc,start       ] GC(41) Pause Young (Normal) (G1 Evacuation Pause)
[48.074s][info][gc,task        ] GC(41) Using 6 workers of 6 for evacuation
[48.117s][info][gc,phases      ] GC(41)   Pre Evacuate Collection Set: 0.1ms
[48.117s][info][gc,phases      ] GC(41)   Merge Heap Roots: 0.1ms
[48.117s][info][gc,phases      ] GC(41)   Evacuate Collection Set: 41.2ms
[48.117s][info][gc,phases      ] GC(41)   Post Evacuate Collection Set: 1.0ms
[48.117s][info][gc,phases      ] GC(41)   Other: 0.2ms
[48.117s][info][gc,heap        ] GC(41) Eden regions: 1192->0(1184)
[48.117s][info][gc,heap        ] GC(41) Survivor regions: 36->44(154)
[48.117s][info][gc,heap        ] GC(41) Old regions: 218->218
[48.117s][info][gc,heap        ] GC(41) Archive regions: 0->0
[48.117s][info][gc,heap        ] GC(41) Humongous regions: 0->0
[48.117s][info][gc,metaspace   ] GC(41) Metaspace: 10281K(10560K)->10281K(10560K) NonClass: 9397K(9536K)->9397K(9536K) Class: 883K(1024K)->883K(1024K)
[48.117s][info][gc             ] GC(41) Pause Young (Normal) (G1 Evacuation Pause) 2883M->515M(4096M) 42.627ms
[48.117s][info][gc,cpu         ] GC(41) User=0.28s Sys=0.00s Real=0.04s
[48.961s][info][gc,start       ] GC(42) Pause Young (Normal) (G1 Evacuation Pause)
[48.961s][info][gc,task        ] GC(42) Using 6 workers of 6 for evacuation
[49.009s][info][gc,phases      ] GC(42)   Pre Evacuate Collection Set: 0.2ms
[49.009s][info][gc,phases      ] GC(42)   Merge Heap Roots: 0.1ms
[49.009s][info][gc,phases      ] GC(42)   Evacuate Collection Set: 46.7ms
[49.009s][info][gc,phases      ] GC(42)   Post Evacuate Collection Set: 0.9ms
[49.009s][info][gc,phases      ] GC(42)   Other: 0.2ms
[49.009s][info][gc,heap        ] GC(42) Eden regions: 1184->0(1176)
[49.009s][info][gc,heap        ] GC(42) Survivor regions: 44->52(154)
[49.009s][info][gc,heap        ] GC(42) Old regions: 218->218
[49.009s][info][gc,heap        ] GC(42) Archive regions: 0->0
[49.009s][info][gc,heap        ] GC(42) Humongous regions: 0->0
[49.009s][info][gc,metaspace   ] GC(42) Metaspace: 10282K(10560K)->10282K(10560K) NonClass: 9398K(9536K)->9398K(9536K) Class: 883K(1024K)->883K(1024K)
[49.009s][info][gc             ] GC(42) Pause Young (Normal) (G1 Evacuation Pause) 2883M->531M(4096M) 48.239ms
[49.009s][info][gc,cpu         ] GC(42) User=0.28s Sys=0.00s Real=0.05s
[49.856s][info][gc,start       ] GC(43) Pause Young (Normal) (G1 Evacuation Pause)
[49.856s][info][gc,task        ] GC(43) Using 6 workers of 6 for evacuation
[49.909s][info][gc,phases      ] GC(43)   Pre Evacuate Collection Set: 0.1ms
[49.909s][info][gc,phases      ] GC(43)   Merge Heap Roots: 0.1ms
[49.909s][info][gc,phases      ] GC(43)   Evacuate Collection Set: 52.0ms
[49.909s][info][gc,phases      ] GC(43)   Post Evacuate Collection Set: 1.1ms
[49.909s][info][gc,phases      ] GC(43)   Other: 0.2ms
[49.909s][info][gc,heap        ] GC(43) Eden regions: 1176->0(1168)
[49.909s][info][gc,heap        ] GC(43) Survivor regions: 52->60(154)
[49.909s][info][gc,heap        ] GC(43) Old regions: 218->218
[49.909s][info][gc,heap        ] GC(43) Archive regions: 0->0
[49.909s][info][gc,heap        ] GC(43) Humongous regions: 0->0
[49.909s][info][gc,metaspace   ] GC(43) Metaspace: 10282K(10560K)->10282K(10560K) NonClass: 9398K(9536K)->9398K(9536K) Class: 883K(1024K)->883K(1024K)
[49.909s][info][gc             ] GC(43) Pause Young (Normal) (G1 Evacuation Pause) 2883M->547M(4096M) 53.560ms
[49.909s][info][gc,cpu         ] GC(43) User=0.36s Sys=0.00s Real=0.06s
[50.744s][info][gc,start       ] GC(44) Pause Young (Normal) (G1 Evacuation Pause)
[50.744s][info][gc,task        ] GC(44) Using 6 workers of 6 for evacuation
[50.804s][info][gc,phases      ] GC(44)   Pre Evacuate Collection Set: 0.1ms
[50.804s][info][gc,phases      ] GC(44)   Merge Heap Roots: 0.1ms
[50.804s][info][gc,phases      ] GC(44)   Evacuate Collection Set: 57.5ms
[50.804s][info][gc,phases      ] GC(44)   Post Evacuate Collection Set: 1.3ms
[50.804s][info][gc,phases      ] GC(44)   Other: 0.2ms
[50.804s][info][gc,heap        ] GC(44) Eden regions: 1168->0(1161)
[50.804s][info][gc,heap        ] GC(44) Survivor regions: 60->67(154)
[50.804s][info][gc,heap        ] GC(44) Old regions: 218->218
[50.804s][info][gc,heap        ] GC(44) Archive regions: 0->0
[50.804s][info][gc,heap        ] GC(44) Humongous regions: 0->0
[50.804s][info][gc,metaspace   ] GC(44) Metaspace: 10282K(10560K)->10282K(10560K) NonClass: 9398K(9536K)->9398K(9536K) Class: 883K(1024K)->883K(1024K)
[50.804s][info][gc             ] GC(44) Pause Young (Normal) (G1 Evacuation Pause) 2883M->562M(4096M) 59.402ms
[50.804s][info][gc,cpu         ] GC(44) User=0.38s Sys=0.00s Real=0.06s
[53.669s][info][gc,start       ] GC(45) Pause Young (Normal) (G1 Evacuation Pause)
[53.669s][info][gc,task        ] GC(45) Using 6 workers of 6 for evacuation
[53.855s][info][gc,phases      ] GC(45)   Pre Evacuate Collection Set: 0.3ms
[53.856s][info][gc,phases      ] GC(45)   Merge Heap Roots: 0.3ms
[53.856s][info][gc,phases      ] GC(45)   Evacuate Collection Set: 184.3ms
[53.856s][info][gc,phases      ] GC(45)   Post Evacuate Collection Set: 1.0ms
[53.856s][info][gc,phases      ] GC(45)   Other: 0.3ms
[53.856s][info][gc,heap        ] GC(45) Eden regions: 1161->0(1091)
[53.856s][info][gc,heap        ] GC(45) Survivor regions: 67->137(154)
[53.856s][info][gc,heap        ] GC(45) Old regions: 218->218
[53.856s][info][gc,heap        ] GC(45) Archive regions: 0->0
[53.856s][info][gc,heap        ] GC(45) Humongous regions: 0->0
[53.856s][info][gc,metaspace   ] GC(45) Metaspace: 10290K(10560K)->10290K(10560K) NonClass: 9406K(9536K)->9406K(9536K) Class: 883K(1024K)->883K(1024K)
[53.856s][info][gc             ] GC(45) Pause Young (Normal) (G1 Evacuation Pause) 2884M->701M(4096M) 187.627ms
[53.856s][info][gc,cpu         ] GC(45) User=1.11s Sys=0.02s Real=0.20s
[56.504s][info][gc,start       ] GC(46) Pause Young (Normal) (G1 Evacuation Pause)
[56.504s][info][gc,task        ] GC(46) Using 6 workers of 6 for evacuation
[56.613s][info][gc,phases      ] GC(46)   Pre Evacuate Collection Set: 0.2ms
[56.615s][info][gc,phases      ] GC(46)   Merge Heap Roots: 0.2ms
[56.615s][info][gc,phases      ] GC(46)   Evacuate Collection Set: 107.7ms
[56.615s][info][gc,phases      ] GC(46)   Post Evacuate Collection Set: 1.2ms
[56.615s][info][gc,phases      ] GC(46)   Other: 0.3ms
[56.615s][info][gc,heap        ] GC(46) Eden regions: 1091->0(1154)
[56.615s][info][gc,heap        ] GC(46) Survivor regions: 137->74(154)
[56.615s][info][gc,heap        ] GC(46) Old regions: 218->228
[56.615s][info][gc,heap        ] GC(46) Archive regions: 0->0
[56.615s][info][gc,heap        ] GC(46) Humongous regions: 0->0
[56.615s][info][gc,metaspace   ] GC(46) Metaspace: 10290K(10560K)->10290K(10560K) NonClass: 9406K(9536K)->9406K(9536K) Class: 883K(1024K)->883K(1024K)
[56.615s][info][gc             ] GC(46) Pause Young (Normal) (G1 Evacuation Pause) 2883M->595M(4096M) 110.927ms
[56.615s][info][gc,cpu         ] GC(46) User=0.66s Sys=0.00s Real=0.11s
[57.536s][info][gc,start       ] GC(47) Pause Full (System.gc())
[57.536s][info][gc,task        ] GC(47) Using 6 workers of 6 for full compaction
[57.536s][info][gc,phases,start] GC(47) Phase 1: Mark live objects
[57.650s][info][gc,phases      ] GC(47) Phase 1: Mark live objects 113.579ms
[57.650s][info][gc,phases,start] GC(47) Phase 2: Prepare for compaction
[57.657s][info][gc,phases      ] GC(47) Phase 2: Prepare for compaction 7.217ms
[57.657s][info][gc,phases,start] GC(47) Phase 3: Adjust pointers
[57.681s][info][gc,phases      ] GC(47) Phase 3: Adjust pointers 24.180ms
[57.681s][info][gc,phases,start] GC(47) Phase 4: Compact heap
[57.688s][info][gc,phases      ] GC(47) Phase 4: Compact heap 6.995ms
[57.698s][info][gc,heap        ] GC(47) Eden regions: 293->0(1228)
[57.698s][info][gc,heap        ] GC(47) Survivor regions: 74->0(154)
[57.698s][info][gc,heap        ] GC(47) Old regions: 228->217
[57.698s][info][gc,heap        ] GC(47) Archive regions: 0->0
[57.698s][info][gc,heap        ] GC(47) Humongous regions: 0->0
[57.698s][info][gc,metaspace   ] GC(47) Metaspace: 10293K(10560K)->10293K(10560K) NonClass: 9409K(9536K)->9409K(9536K) Class: 883K(1024K)->883K(1024K)
[57.698s][info][gc             ] GC(47) Pause Full (System.gc()) 1179M->428M(4096M) 162.188ms
[57.698s][info][gc,cpu         ] GC(47) User=0.94s Sys=0.00s Real=0.16s
[58.584s][info][gc,start       ] GC(48) Pause Young (Normal) (G1 Evacuation Pause)
[58.584s][info][gc,task        ] GC(48) Using 6 workers of 6 for evacuation
[58.607s][info][gc,phases      ] GC(48)   Pre Evacuate Collection Set: 0.1ms
[58.607s][info][gc,phases      ] GC(48)   Merge Heap Roots: 0.1ms
[58.607s][info][gc,phases      ] GC(48)   Evacuate Collection Set: 22.1ms
[58.607s][info][gc,phases      ] GC(48)   Post Evacuate Collection Set: 0.7ms
[58.607s][info][gc,phases      ] GC(48)   Other: 0.2ms
[58.607s][info][gc,heap        ] GC(48) Eden regions: 1228->0(1210)
[58.607s][info][gc,heap        ] GC(48) Survivor regions: 0->18(154)
[58.607s][info][gc,heap        ] GC(48) Old regions: 217->217
[58.607s][info][gc,heap        ] GC(48) Archive regions: 0->0
[58.607s][info][gc,heap        ] GC(48) Humongous regions: 0->0
[58.607s][info][gc,metaspace   ] GC(48) Metaspace: 10348K(10560K)->10348K(10560K) NonClass: 9464K(9536K)->9464K(9536K) Class: 883K(1024K)->883K(1024K)
[58.607s][info][gc             ] GC(48) Pause Young (Normal) (G1 Evacuation Pause) 2884M->463M(4096M) 23.299ms
[58.607s][info][gc,cpu         ] GC(48) User=0.09s Sys=0.00s Real=0.02s
[59.477s][info][gc,start       ] GC(49) Pause Young (Normal) (G1 Evacuation Pause)
[59.477s][info][gc,task        ] GC(49) Using 6 workers of 6 for evacuation
[59.507s][info][gc,phases      ] GC(49)   Pre Evacuate Collection Set: 0.1ms
[59.507s][info][gc,phases      ] GC(49)   Merge Heap Roots: 0.1ms
[59.507s][info][gc,phases      ] GC(49)   Evacuate Collection Set: 29.4ms
[59.507s][info][gc,phases      ] GC(49)   Post Evacuate Collection Set: 1.0ms
[59.507s][info][gc,phases      ] GC(49)   Other: 0.2ms
[59.507s][info][gc,heap        ] GC(49) Eden regions: 1210->0(1201)
[59.507s][info][gc,heap        ] GC(49) Survivor regions: 18->27(154)
[59.507s][info][gc,heap        ] GC(49) Old regions: 217->217
[59.507s][info][gc,heap        ] GC(49) Archive regions: 0->0
[59.508s][info][gc,heap        ] GC(49) Humongous regions: 0->0
[59.508s][info][gc,metaspace   ] GC(49) Metaspace: 10348K(10560K)->10348K(10560K) NonClass: 9464K(9536K)->9464K(9536K) Class: 883K(1024K)->883K(1024K)
[59.508s][info][gc             ] GC(49) Pause Young (Normal) (G1 Evacuation Pause) 2883M->482M(4096M) 30.963ms
[59.508s][info][gc,cpu         ] GC(49) User=0.17s Sys=0.02s Real=0.03s
[60.372s][info][gc,start       ] GC(50) Pause Young (Normal) (G1 Evacuation Pause)
[60.372s][info][gc,task        ] GC(50) Using 6 workers of 6 for evacuation
[60.409s][info][gc,phases      ] GC(50)   Pre Evacuate Collection Set: 0.1ms
[60.409s][info][gc,phases      ] GC(50)   Merge Heap Roots: 0.1ms
[60.409s][info][gc,phases      ] GC(50)   Evacuate Collection Set: 35.2ms
[60.409s][info][gc,phases      ] GC(50)   Post Evacuate Collection Set: 1.1ms
[60.409s][info][gc,phases      ] GC(50)   Other: 0.2ms
[60.409s][info][gc,heap        ] GC(50) Eden regions: 1201->0(1192)
[60.409s][info][gc,heap        ] GC(50) Survivor regions: 27->36(154)
[60.409s][info][gc,heap        ] GC(50) Old regions: 217->217
[60.409s][info][gc,heap        ] GC(50) Archive regions: 0->0
[60.409s][info][gc,heap        ] GC(50) Humongous regions: 0->0
[60.409s][info][gc,metaspace   ] GC(50) Metaspace: 10348K(10560K)->10348K(10560K) NonClass: 9464K(9536K)->9464K(9536K) Class: 883K(1024K)->883K(1024K)
[60.409s][info][gc             ] GC(50) Pause Young (Normal) (G1 Evacuation Pause) 2884M->500M(4096M) 36.765ms
[60.409s][info][gc,cpu         ] GC(50) User=0.23s Sys=0.03s Real=0.04s
[61.257s][info][gc,start       ] GC(51) Pause Young (Normal) (G1 Evacuation Pause)
[61.257s][info][gc,task        ] GC(51) Using 6 workers of 6 for evacuation
[61.299s][info][gc,phases      ] GC(51)   Pre Evacuate Collection Set: 0.1ms
[61.299s][info][gc,phases      ] GC(51)   Merge Heap Roots: 0.1ms
[61.300s][info][gc,phases      ] GC(51)   Evacuate Collection Set: 41.1ms
[61.300s][info][gc,phases      ] GC(51)   Post Evacuate Collection Set: 1.1ms
[61.300s][info][gc,phases      ] GC(51)   Other: 0.2ms
[61.300s][info][gc,heap        ] GC(51) Eden regions: 1192->0(1184)
[61.300s][info][gc,heap        ] GC(51) Survivor regions: 36->44(154)
[61.300s][info][gc,heap        ] GC(51) Old regions: 217->217
[61.300s][info][gc,heap        ] GC(51) Archive regions: 0->0
[61.300s][info][gc,heap        ] GC(51) Humongous regions: 0->0
[61.300s][info][gc,metaspace   ] GC(51) Metaspace: 10348K(10560K)->10348K(10560K) NonClass: 9464K(9536K)->9464K(9536K) Class: 883K(1024K)->883K(1024K)
[61.300s][info][gc             ] GC(51) Pause Young (Normal) (G1 Evacuation Pause) 2884M->515M(4096M) 42.863ms
[61.300s][info][gc,cpu         ] GC(51) User=0.28s Sys=0.00s Real=0.04s
[62.143s][info][gc,start       ] GC(52) Pause Young (Normal) (G1 Evacuation Pause)
[62.143s][info][gc,task        ] GC(52) Using 6 workers of 6 for evacuation
[62.191s][info][gc,phases      ] GC(52)   Pre Evacuate Collection Set: 0.1ms
[62.191s][info][gc,phases      ] GC(52)   Merge Heap Roots: 0.1ms
[62.191s][info][gc,phases      ] GC(52)   Evacuate Collection Set: 46.4ms
[62.191s][info][gc,phases      ] GC(52)   Post Evacuate Collection Set: 0.9ms
[62.191s][info][gc,phases      ] GC(52)   Other: 0.2ms
[62.191s][info][gc,heap        ] GC(52) Eden regions: 1184->0(1176)
[62.191s][info][gc,heap        ] GC(52) Survivor regions: 44->52(154)
[62.191s][info][gc,heap        ] GC(52) Old regions: 217->217
[62.191s][info][gc,heap        ] GC(52) Archive regions: 0->0
[62.191s][info][gc,heap        ] GC(52) Humongous regions: 0->0
[62.191s][info][gc,metaspace   ] GC(52) Metaspace: 10348K(10560K)->10348K(10560K) NonClass: 9464K(9536K)->9464K(9536K) Class: 883K(1024K)->883K(1024K)
[62.191s][info][gc             ] GC(52) Pause Young (Normal) (G1 Evacuation Pause) 2883M->532M(4096M) 47.846ms
[62.191s][info][gc,cpu         ] GC(52) User=0.28s Sys=0.00s Real=0.05s
[63.037s][info][gc,start       ] GC(53) Pause Young (Normal) (G1 Evacuation Pause)
[63.037s][info][gc,task        ] GC(53) Using 6 workers of 6 for evacuation
[63.091s][info][gc,phases      ] GC(53)   Pre Evacuate Collection Set: 0.1ms
[63.091s][info][gc,phases      ] GC(53)   Merge Heap Roots: 0.1ms
[63.091s][info][gc,phases      ] GC(53)   Evacuate Collection Set: 52.6ms
[63.091s][info][gc,phases      ] GC(53)   Post Evacuate Collection Set: 1.1ms
[63.091s][info][gc,phases      ] GC(53)   Other: 0.2ms
[63.091s][info][gc,heap        ] GC(53) Eden regions: 1176->0(1168)
[63.091s][info][gc,heap        ] GC(53) Survivor regions: 52->60(154)
[63.091s][info][gc,heap        ] GC(53) Old regions: 217->217
[63.091s][info][gc,heap        ] GC(53) Archive regions: 0->0
[63.091s][info][gc,heap        ] GC(53) Humongous regions: 0->0
[63.091s][info][gc,metaspace   ] GC(53) Metaspace: 10348K(10560K)->10348K(10560K) NonClass: 9464K(9536K)->9464K(9536K) Class: 883K(1024K)->883K(1024K)
[63.091s][info][gc             ] GC(53) Pause Young (Normal) (G1 Evacuation Pause) 2884M->547M(4096M) 54.198ms
[63.091s][info][gc,cpu         ] GC(53) User=0.28s Sys=0.00s Real=0.06s
[63.933s][info][gc,start       ] GC(54) Pause Young (Normal) (G1 Evacuation Pause)
[63.933s][info][gc,task        ] GC(54) Using 6 workers of 6 for evacuation
[63.992s][info][gc,phases      ] GC(54)   Pre Evacuate Collection Set: 0.1ms
[63.993s][info][gc,phases      ] GC(54)   Merge Heap Roots: 0.1ms
[63.993s][info][gc,phases      ] GC(54)   Evacuate Collection Set: 57.6ms
[63.993s][info][gc,phases      ] GC(54)   Post Evacuate Collection Set: 1.1ms
[63.993s][info][gc,phases      ] GC(54)   Other: 0.2ms
[63.993s][info][gc,heap        ] GC(54) Eden regions: 1168->0(1160)
[63.993s][info][gc,heap        ] GC(54) Survivor regions: 60->68(154)
[63.993s][info][gc,heap        ] GC(54) Old regions: 217->217
[63.993s][info][gc,heap        ] GC(54) Archive regions: 0->0
[63.993s][info][gc,heap        ] GC(54) Humongous regions: 0->0
[63.993s][info][gc,metaspace   ] GC(54) Metaspace: 10348K(10560K)->10348K(10560K) NonClass: 9464K(9536K)->9464K(9536K) Class: 883K(1024K)->883K(1024K)
[63.993s][info][gc             ] GC(54) Pause Young (Normal) (G1 Evacuation Pause) 2883M->563M(4096M) 59.265ms
[63.993s][info][gc,cpu         ] GC(54) User=0.38s Sys=0.00s Real=0.06s
[66.792s][info][gc,start       ] GC(55) Pause Young (Normal) (G1 Evacuation Pause)
[66.792s][info][gc,task        ] GC(55) Using 6 workers of 6 for evacuation
[66.975s][info][gc,phases      ] GC(55)   Pre Evacuate Collection Set: 0.2ms
[66.975s][info][gc,phases      ] GC(55)   Merge Heap Roots: 0.2ms
[66.975s][info][gc,phases      ] GC(55)   Evacuate Collection Set: 181.8ms
[66.975s][info][gc,phases      ] GC(55)   Post Evacuate Collection Set: 0.8ms
[66.975s][info][gc,phases      ] GC(55)   Other: 0.3ms
[66.975s][info][gc,heap        ] GC(55) Eden regions: 1160->0(1091)
[66.975s][info][gc,heap        ] GC(55) Survivor regions: 68->137(154)
[66.975s][info][gc,heap        ] GC(55) Old regions: 217->217
[66.975s][info][gc,heap        ] GC(55) Archive regions: 0->0
[66.975s][info][gc,heap        ] GC(55) Humongous regions: 0->0
[66.975s][info][gc,metaspace   ] GC(55) Metaspace: 10356K(10560K)->10356K(10560K) NonClass: 9472K(9536K)->9472K(9536K) Class: 883K(1024K)->883K(1024K)
[66.975s][info][gc             ] GC(55) Pause Young (Normal) (G1 Evacuation Pause) 2883M->702M(4096M) 183.346ms
[66.975s][info][gc,cpu         ] GC(55) User=1.11s Sys=0.00s Real=0.19s
[69.637s][info][gc,start       ] GC(56) Pause Young (Normal) (G1 Evacuation Pause)
[69.637s][info][gc,task        ] GC(56) Using 6 workers of 6 for evacuation
[69.745s][info][gc,phases      ] GC(56)   Pre Evacuate Collection Set: 0.2ms
[69.745s][info][gc,phases      ] GC(56)   Merge Heap Roots: 0.2ms
[69.745s][info][gc,phases      ] GC(56)   Evacuate Collection Set: 106.2ms
[69.745s][info][gc,phases      ] GC(56)   Post Evacuate Collection Set: 0.9ms
[69.745s][info][gc,phases      ] GC(56)   Other: 0.3ms
[69.745s][info][gc,heap        ] GC(56) Eden regions: 1091->0(1155)
[69.745s][info][gc,heap        ] GC(56) Survivor regions: 137->73(154)
[69.745s][info][gc,heap        ] GC(56) Old regions: 217->227
[69.745s][info][gc,heap        ] GC(56) Archive regions: 0->0
[69.745s][info][gc,heap        ] GC(56) Humongous regions: 0->0
[69.745s][info][gc,metaspace   ] GC(56) Metaspace: 10356K(10560K)->10356K(10560K) NonClass: 9473K(9536K)->9473K(9536K) Class: 883K(1024K)->883K(1024K)
[69.745s][info][gc             ] GC(56) Pause Young (Normal) (G1 Evacuation Pause) 2884M->594M(4096M) 107.910ms
[69.745s][info][gc,cpu         ] GC(56) User=0.64s Sys=0.02s Real=0.11s
[70.677s][info][gc,start       ] GC(57) Pause Full (System.gc())
[70.677s][info][gc,task        ] GC(57) Using 6 workers of 6 for full compaction
[70.678s][info][gc,phases,start] GC(57) Phase 1: Mark live objects
[70.784s][info][gc,phases      ] GC(57) Phase 1: Mark live objects 106.856ms
[70.784s][info][gc,phases,start] GC(57) Phase 2: Prepare for compaction
[70.792s][info][gc,phases      ] GC(57) Phase 2: Prepare for compaction 7.120ms
[70.792s][info][gc,phases,start] GC(57) Phase 3: Adjust pointers
[70.817s][info][gc,phases      ] GC(57) Phase 3: Adjust pointers 25.639ms
[70.817s][info][gc,phases,start] GC(57) Phase 4: Compact heap
[70.824s][info][gc,phases      ] GC(57) Phase 4: Compact heap 6.340ms
[70.833s][info][gc,heap        ] GC(57) Eden regions: 301->0(1228)
[70.833s][info][gc,heap        ] GC(57) Survivor regions: 73->0(154)
[70.833s][info][gc,heap        ] GC(57) Old regions: 227->218
[70.833s][info][gc,heap        ] GC(57) Archive regions: 0->0
[70.833s][info][gc,heap        ] GC(57) Humongous regions: 0->0
[70.833s][info][gc,metaspace   ] GC(57) Metaspace: 10360K(10560K)->10360K(10560K) NonClass: 9476K(9536K)->9476K(9536K) Class: 883K(1024K)->883K(1024K)
[70.833s][info][gc             ] GC(57) Pause Full (System.gc()) 1196M->429M(4096M) 155.703ms
[70.833s][info][gc,cpu         ] GC(57) User=0.86s Sys=0.00s Real=0.16s
[71.809s][info][gc,start       ] GC(58) Pause Young (Normal) (G1 Evacuation Pause)
[71.809s][info][gc,task        ] GC(58) Using 6 workers of 6 for evacuation
[71.832s][info][gc,phases      ] GC(58)   Pre Evacuate Collection Set: 0.1ms
[71.832s][info][gc,phases      ] GC(58)   Merge Heap Roots: 0.1ms
[71.832s][info][gc,phases      ] GC(58)   Evacuate Collection Set: 21.8ms
[71.832s][info][gc,phases      ] GC(58)   Post Evacuate Collection Set: 0.7ms
[71.832s][info][gc,phases      ] GC(58)   Other: 0.2ms
[71.832s][info][gc,heap        ] GC(58) Eden regions: 1228->0(1210)
[71.832s][info][gc,heap        ] GC(58) Survivor regions: 0->18(154)
[71.832s][info][gc,heap        ] GC(58) Old regions: 218->218
[71.832s][info][gc,heap        ] GC(58) Archive regions: 0->0
[71.832s][info][gc,heap        ] GC(58) Humongous regions: 0->0
[71.832s][info][gc,metaspace   ] GC(58) Metaspace: 10387K(10624K)->10387K(10624K) NonClass: 9503K(9600K)->9503K(9600K) Class: 883K(1024K)->883K(1024K)
[71.832s][info][gc             ] GC(58) Pause Young (Normal) (G1 Evacuation Pause) 2885M->464M(4096M) 23.052ms
[71.832s][info][gc,cpu         ] GC(58) User=0.19s Sys=0.00s Real=0.02s
[72.701s][info][gc,start       ] GC(59) Pause Young (Normal) (G1 Evacuation Pause)
[72.701s][info][gc,task        ] GC(59) Using 6 workers of 6 for evacuation
[72.732s][info][gc,phases      ] GC(59)   Pre Evacuate Collection Set: 0.1ms
[72.732s][info][gc,phases      ] GC(59)   Merge Heap Roots: 0.1ms
[72.732s][info][gc,phases      ] GC(59)   Evacuate Collection Set: 29.6ms
[72.732s][info][gc,phases      ] GC(59)   Post Evacuate Collection Set: 0.7ms
[72.732s][info][gc,phases      ] GC(59)   Other: 0.2ms
[72.732s][info][gc,heap        ] GC(59) Eden regions: 1210->0(1200)
[72.732s][info][gc,heap        ] GC(59) Survivor regions: 18->28(154)
[72.732s][info][gc,heap        ] GC(59) Old regions: 218->218
[72.732s][info][gc,heap        ] GC(59) Archive regions: 0->0
[72.732s][info][gc,heap        ] GC(59) Humongous regions: 0->0
[72.732s][info][gc,metaspace   ] GC(59) Metaspace: 10387K(10624K)->10387K(10624K) NonClass: 9503K(9600K)->9503K(9600K) Class: 883K(1024K)->883K(1024K)
[72.732s][info][gc             ] GC(59) Pause Young (Normal) (G1 Evacuation Pause) 2884M->484M(4096M) 30.794ms
[72.732s][info][gc,cpu         ] GC(59) User=0.19s Sys=0.00s Real=0.03s
[73.593s][info][gc,start       ] GC(60) Pause Young (Normal) (G1 Evacuation Pause)
[73.594s][info][gc,task        ] GC(60) Using 6 workers of 6 for evacuation
[73.630s][info][gc,phases      ] GC(60)   Pre Evacuate Collection Set: 0.1ms
[73.630s][info][gc,phases      ] GC(60)   Merge Heap Roots: 0.1ms
[73.630s][info][gc,phases      ] GC(60)   Evacuate Collection Set: 35.2ms
[73.630s][info][gc,phases      ] GC(60)   Post Evacuate Collection Set: 1.0ms
[73.630s][info][gc,phases      ] GC(60)   Other: 0.2ms
[73.630s][info][gc,heap        ] GC(60) Eden regions: 1200->0(1192)
[73.630s][info][gc,heap        ] GC(60) Survivor regions: 28->36(154)
[73.630s][info][gc,heap        ] GC(60) Old regions: 218->218
[73.630s][info][gc,heap        ] GC(60) Archive regions: 0->0
[73.630s][info][gc,heap        ] GC(60) Humongous regions: 0->0
[73.630s][info][gc,metaspace   ] GC(60) Metaspace: 10387K(10624K)->10387K(10624K) NonClass: 9503K(9600K)->9503K(9600K) Class: 883K(1024K)->883K(1024K)
[73.630s][info][gc             ] GC(60) Pause Young (Normal) (G1 Evacuation Pause) 2884M->500M(4096M) 36.755ms
[73.630s][info][gc,cpu         ] GC(60) User=0.19s Sys=0.00s Real=0.04s
[74.481s][info][gc,start       ] GC(61) Pause Young (Normal) (G1 Evacuation Pause)
[74.481s][info][gc,task        ] GC(61) Using 6 workers of 6 for evacuation
[74.523s][info][gc,phases      ] GC(61)   Pre Evacuate Collection Set: 0.1ms
[74.523s][info][gc,phases      ] GC(61)   Merge Heap Roots: 0.1ms
[74.523s][info][gc,phases      ] GC(61)   Evacuate Collection Set: 40.9ms
[74.523s][info][gc,phases      ] GC(61)   Post Evacuate Collection Set: 0.8ms
[74.523s][info][gc,phases      ] GC(61)   Other: 0.2ms
[74.523s][info][gc,heap        ] GC(61) Eden regions: 1192->0(1184)
[74.523s][info][gc,heap        ] GC(61) Survivor regions: 36->44(154)
[74.523s][info][gc,heap        ] GC(61) Old regions: 218->218
[74.523s][info][gc,heap        ] GC(61) Archive regions: 0->0
[74.523s][info][gc,heap        ] GC(61) Humongous regions: 0->0
[74.523s][info][gc,metaspace   ] GC(61) Metaspace: 10387K(10624K)->10387K(10624K) NonClass: 9503K(9600K)->9503K(9600K) Class: 883K(1024K)->883K(1024K)
[74.523s][info][gc             ] GC(61) Pause Young (Normal) (G1 Evacuation Pause) 2884M->517M(4096M) 42.205ms
[74.523s][info][gc,cpu         ] GC(61) User=0.28s Sys=0.00s Real=0.04s
[75.364s][info][gc,start       ] GC(62) Pause Young (Normal) (G1 Evacuation Pause)
[75.364s][info][gc,task        ] GC(62) Using 6 workers of 6 for evacuation
[75.412s][info][gc,phases      ] GC(62)   Pre Evacuate Collection Set: 0.1ms
[75.412s][info][gc,phases      ] GC(62)   Merge Heap Roots: 0.1ms
[75.412s][info][gc,phases      ] GC(62)   Evacuate Collection Set: 46.6ms
[75.412s][info][gc,phases      ] GC(62)   Post Evacuate Collection Set: 0.8ms
[75.412s][info][gc,phases      ] GC(62)   Other: 0.2ms
[75.412s][info][gc,heap        ] GC(62) Eden regions: 1184->0(1176)
[75.412s][info][gc,heap        ] GC(62) Survivor regions: 44->52(154)
[75.412s][info][gc,heap        ] GC(62) Old regions: 218->218
[75.412s][info][gc,heap        ] GC(62) Archive regions: 0->0
[75.412s][info][gc,heap        ] GC(62) Humongous regions: 0->0
[75.412s][info][gc,metaspace   ] GC(62) Metaspace: 10387K(10624K)->10387K(10624K) NonClass: 9503K(9600K)->9503K(9600K) Class: 883K(1024K)->883K(1024K)
[75.412s][info][gc             ] GC(62) Pause Young (Normal) (G1 Evacuation Pause) 2885M->533M(4096M) 47.974ms
[75.412s][info][gc,cpu         ] GC(62) User=0.28s Sys=0.00s Real=0.05s
[76.259s][info][gc,start       ] GC(63) Pause Young (Normal) (G1 Evacuation Pause)
[76.259s][info][gc,task        ] GC(63) Using 6 workers of 6 for evacuation
[76.312s][info][gc,phases      ] GC(63)   Pre Evacuate Collection Set: 0.1ms
[76.312s][info][gc,phases      ] GC(63)   Merge Heap Roots: 0.1ms
[76.312s][info][gc,phases      ] GC(63)   Evacuate Collection Set: 52.1ms
[76.312s][info][gc,phases      ] GC(63)   Post Evacuate Collection Set: 1.2ms
[76.312s][info][gc,phases      ] GC(63)   Other: 0.2ms
[76.312s][info][gc,heap        ] GC(63) Eden regions: 1176->0(1168)
[76.312s][info][gc,heap        ] GC(63) Survivor regions: 52->60(154)
[76.312s][info][gc,heap        ] GC(63) Old regions: 218->218
[76.312s][info][gc,heap        ] GC(63) Archive regions: 0->0
[76.312s][info][gc,heap        ] GC(63) Humongous regions: 0->0
[76.312s][info][gc,metaspace   ] GC(63) Metaspace: 10387K(10624K)->10387K(10624K) NonClass: 9503K(9600K)->9503K(9600K) Class: 883K(1024K)->883K(1024K)
[76.312s][info][gc             ] GC(63) Pause Young (Normal) (G1 Evacuation Pause) 2885M->548M(4096M) 53.721ms
[76.312s][info][gc,cpu         ] GC(63) User=0.28s Sys=0.02s Real=0.05s
[77.148s][info][gc,start       ] GC(64) Pause Young (Normal) (G1 Evacuation Pause)
[77.148s][info][gc,task        ] GC(64) Using 6 workers of 6 for evacuation
[77.206s][info][gc,phases      ] GC(64)   Pre Evacuate Collection Set: 0.1ms
[77.206s][info][gc,phases      ] GC(64)   Merge Heap Roots: 0.1ms
[77.206s][info][gc,phases      ] GC(64)   Evacuate Collection Set: 56.5ms
[77.206s][info][gc,phases      ] GC(64)   Post Evacuate Collection Set: 0.9ms
[77.206s][info][gc,phases      ] GC(64)   Other: 0.2ms
[77.206s][info][gc,heap        ] GC(64) Eden regions: 1168->0(1161)
[77.206s][info][gc,heap        ] GC(64) Survivor regions: 60->67(154)
[77.206s][info][gc,heap        ] GC(64) Old regions: 218->218
[77.206s][info][gc,heap        ] GC(64) Archive regions: 0->0
[77.206s][info][gc,heap        ] GC(64) Humongous regions: 0->0
[77.206s][info][gc,metaspace   ] GC(64) Metaspace: 10387K(10624K)->10387K(10624K) NonClass: 9503K(9600K)->9503K(9600K) Class: 883K(1024K)->883K(1024K)
[77.206s][info][gc             ] GC(64) Pause Young (Normal) (G1 Evacuation Pause) 2884M->563M(4096M) 57.934ms
[77.206s][info][gc,cpu         ] GC(64) User=0.38s Sys=0.00s Real=0.06s
[79.964s][info][gc,start       ] GC(65) Pause Young (Normal) (G1 Evacuation Pause)
[79.964s][info][gc,task        ] GC(65) Using 6 workers of 6 for evacuation
[80.146s][info][gc,phases      ] GC(65)   Pre Evacuate Collection Set: 0.5ms
[80.146s][info][gc,phases      ] GC(65)   Merge Heap Roots: 0.2ms
[80.146s][info][gc,phases      ] GC(65)   Evacuate Collection Set: 180.2ms
[80.146s][info][gc,phases      ] GC(65)   Post Evacuate Collection Set: 0.9ms
[80.146s][info][gc,phases      ] GC(65)   Other: 0.3ms
[80.146s][info][gc,heap        ] GC(65) Eden regions: 1161->0(1090)
[80.146s][info][gc,heap        ] GC(65) Survivor regions: 67->138(154)
[80.146s][info][gc,heap        ] GC(65) Old regions: 218->218
[80.146s][info][gc,heap        ] GC(65) Archive regions: 0->0
[80.146s][info][gc,heap        ] GC(65) Humongous regions: 0->0
[80.146s][info][gc,metaspace   ] GC(65) Metaspace: 10392K(10624K)->10392K(10624K) NonClass: 9508K(9600K)->9508K(9600K) Class: 883K(1024K)->883K(1024K)
[80.146s][info][gc             ] GC(65) Pause Young (Normal) (G1 Evacuation Pause) 2885M->705M(4096M) 182.175ms
[80.146s][info][gc,cpu         ] GC(65) User=1.12s Sys=0.00s Real=0.19s
[82.815s][info][gc,start       ] GC(66) Pause Young (Normal) (G1 Evacuation Pause)
[82.815s][info][gc,task        ] GC(66) Using 6 workers of 6 for evacuation
[82.921s][info][gc,phases      ] GC(66)   Pre Evacuate Collection Set: 0.2ms
[82.921s][info][gc,phases      ] GC(66)   Merge Heap Roots: 0.2ms
[82.921s][info][gc,phases      ] GC(66)   Evacuate Collection Set: 104.8ms
[82.921s][info][gc,phases      ] GC(66)   Post Evacuate Collection Set: 0.9ms
[82.921s][info][gc,phases      ] GC(66)   Other: 0.3ms
[82.921s][info][gc,heap        ] GC(66) Eden regions: 1090->0(1156)
[82.921s][info][gc,heap        ] GC(66) Survivor regions: 138->72(154)
[82.921s][info][gc,heap        ] GC(66) Old regions: 218->228
[82.921s][info][gc,heap        ] GC(66) Archive regions: 0->0
[82.921s][info][gc,heap        ] GC(66) Humongous regions: 0->0
[82.921s][info][gc,metaspace   ] GC(66) Metaspace: 10392K(10624K)->10392K(10624K) NonClass: 9508K(9600K)->9508K(9600K) Class: 883K(1024K)->883K(1024K)
[82.921s][info][gc             ] GC(66) Pause Young (Normal) (G1 Evacuation Pause) 2885M->592M(4096M) 106.504ms
[82.921s][info][gc,cpu         ] GC(66) User=0.64s Sys=0.00s Real=0.11s
[83.860s][info][gc,start       ] GC(67) Pause Full (System.gc())
[83.860s][info][gc,task        ] GC(67) Using 6 workers of 6 for full compaction
[83.860s][info][gc,phases,start] GC(67) Phase 1: Mark live objects
[83.973s][info][gc,phases      ] GC(67) Phase 1: Mark live objects 112.678ms
[83.974s][info][gc,phases,start] GC(67) Phase 2: Prepare for compaction
[83.982s][info][gc,phases      ] GC(67) Phase 2: Prepare for compaction 7.583ms
[83.982s][info][gc,phases,start] GC(67) Phase 3: Adjust pointers
[84.007s][info][gc,phases      ] GC(67) Phase 3: Adjust pointers 25.439ms
[84.007s][info][gc,phases,start] GC(67) Phase 4: Compact heap
[84.014s][info][gc,phases      ] GC(67) Phase 4: Compact heap 6.927ms
[84.024s][info][gc,heap        ] GC(67) Eden regions: 308->0(1228)
[84.024s][info][gc,heap        ] GC(67) Survivor regions: 72->0(154)
[84.024s][info][gc,heap        ] GC(67) Old regions: 228->219
[84.024s][info][gc,heap        ] GC(67) Archive regions: 0->0
[84.024s][info][gc,heap        ] GC(67) Humongous regions: 0->0
[84.024s][info][gc,metaspace   ] GC(67) Metaspace: 10394K(10624K)->10394K(10624K) NonClass: 9510K(9600K)->9510K(9600K) Class: 883K(1024K)->883K(1024K)
[84.024s][info][gc             ] GC(67) Pause Full (System.gc()) 1206M->429M(4096M) 163.730ms
[84.024s][info][gc,cpu         ] GC(67) User=0.83s Sys=0.02s Real=0.17s
[84.909s][info][gc,start       ] GC(68) Pause Young (Normal) (G1 Evacuation Pause)
[84.909s][info][gc,task        ] GC(68) Using 6 workers of 6 for evacuation
[84.932s][info][gc,phases      ] GC(68)   Pre Evacuate Collection Set: 0.1ms
[84.932s][info][gc,phases      ] GC(68)   Merge Heap Roots: 0.1ms
[84.932s][info][gc,phases      ] GC(68)   Evacuate Collection Set: 21.7ms
[84.932s][info][gc,phases      ] GC(68)   Post Evacuate Collection Set: 0.7ms
[84.932s][info][gc,phases      ] GC(68)   Other: 0.2ms
[84.932s][info][gc,heap        ] GC(68) Eden regions: 1228->0(1210)
[84.932s][info][gc,heap        ] GC(68) Survivor regions: 0->18(154)
[84.932s][info][gc,heap        ] GC(68) Old regions: 219->219
[84.932s][info][gc,heap        ] GC(68) Archive regions: 0->0
[84.932s][info][gc,heap        ] GC(68) Humongous regions: 0->0
[84.932s][info][gc,metaspace   ] GC(68) Metaspace: 10396K(10624K)->10396K(10624K) NonClass: 9512K(9600K)->9512K(9600K) Class: 883K(1024K)->883K(1024K)
[84.932s][info][gc             ] GC(68) Pause Young (Normal) (G1 Evacuation Pause) 2885M->464M(4096M) 22.962ms
[84.932s][info][gc,cpu         ] GC(68) User=0.09s Sys=0.00s Real=0.03s
[85.804s][info][gc,start       ] GC(69) Pause Young (Normal) (G1 Evacuation Pause)
[85.805s][info][gc,task        ] GC(69) Using 6 workers of 6 for evacuation
[85.835s][info][gc,phases      ] GC(69)   Pre Evacuate Collection Set: 0.1ms
[85.835s][info][gc,phases      ] GC(69)   Merge Heap Roots: 0.1ms
[85.835s][info][gc,phases      ] GC(69)   Evacuate Collection Set: 29.3ms
[85.835s][info][gc,phases      ] GC(69)   Post Evacuate Collection Set: 0.9ms
[85.835s][info][gc,phases      ] GC(69)   Other: 0.2ms
[85.835s][info][gc,heap        ] GC(69) Eden regions: 1210->0(1201)
[85.835s][info][gc,heap        ] GC(69) Survivor regions: 18->27(154)
[85.835s][info][gc,heap        ] GC(69) Old regions: 219->219
[85.835s][info][gc,heap        ] GC(69) Archive regions: 0->0
[85.835s][info][gc,heap        ] GC(69) Humongous regions: 0->0
[85.835s][info][gc,metaspace   ] GC(69) Metaspace: 10396K(10624K)->10396K(10624K) NonClass: 9512K(9600K)->9512K(9600K) Class: 883K(1024K)->883K(1024K)
[85.835s][info][gc             ] GC(69) Pause Young (Normal) (G1 Evacuation Pause) 2884M->483M(4096M) 30.790ms
[85.835s][info][gc,cpu         ] GC(69) User=0.19s Sys=0.00s Real=0.03s
[86.692s][info][gc,start       ] GC(70) Pause Young (Normal) (G1 Evacuation Pause)
[86.692s][info][gc,task        ] GC(70) Using 6 workers of 6 for evacuation
[86.729s][info][gc,phases      ] GC(70)   Pre Evacuate Collection Set: 0.1ms
[86.730s][info][gc,phases      ] GC(70)   Merge Heap Roots: 0.1ms
[86.730s][info][gc,phases      ] GC(70)   Evacuate Collection Set: 35.2ms
[86.730s][info][gc,phases      ] GC(70)   Post Evacuate Collection Set: 0.9ms
[86.730s][info][gc,phases      ] GC(70)   Other: 0.2ms
[86.730s][info][gc,heap        ] GC(70) Eden regions: 1201->0(1192)
[86.730s][info][gc,heap        ] GC(70) Survivor regions: 27->36(154)
[86.730s][info][gc,heap        ] GC(70) Old regions: 219->219
[86.730s][info][gc,heap        ] GC(70) Archive regions: 0->0
[86.730s][info][gc,heap        ] GC(70) Humongous regions: 0->0
[86.730s][info][gc,metaspace   ] GC(70) Metaspace: 10396K(10624K)->10396K(10624K) NonClass: 9512K(9600K)->9512K(9600K) Class: 883K(1024K)->883K(1024K)
[86.730s][info][gc             ] GC(70) Pause Young (Normal) (G1 Evacuation Pause) 2885M->501M(4096M) 38.203ms
[86.731s][info][gc,cpu         ] GC(70) User=0.19s Sys=0.00s Real=0.03s
[87.583s][info][gc,start       ] GC(71) Pause Young (Normal) (G1 Evacuation Pause)
[87.583s][info][gc,task        ] GC(71) Using 6 workers of 6 for evacuation
[87.625s][info][gc,phases      ] GC(71)   Pre Evacuate Collection Set: 0.1ms
[87.625s][info][gc,phases      ] GC(71)   Merge Heap Roots: 0.1ms
[87.625s][info][gc,phases      ] GC(71)   Evacuate Collection Set: 40.6ms
[87.625s][info][gc,phases      ] GC(71)   Post Evacuate Collection Set: 1.0ms
[87.625s][info][gc,phases      ] GC(71)   Other: 0.2ms
[87.625s][info][gc,heap        ] GC(71) Eden regions: 1192->0(1184)
[87.625s][info][gc,heap        ] GC(71) Survivor regions: 36->44(154)
[87.625s][info][gc,heap        ] GC(71) Old regions: 219->219
[87.625s][info][gc,heap        ] GC(71) Archive regions: 0->0
[87.625s][info][gc,heap        ] GC(71) Humongous regions: 0->0
[87.625s][info][gc,metaspace   ] GC(71) Metaspace: 10396K(10624K)->10396K(10624K) NonClass: 9512K(9600K)->9512K(9600K) Class: 883K(1024K)->883K(1024K)
[87.625s][info][gc             ] GC(71) Pause Young (Normal) (G1 Evacuation Pause) 2885M->516M(4096M) 42.058ms
[87.626s][info][gc,cpu         ] GC(71) User=0.28s Sys=0.00s Real=0.04s
[88.469s][info][gc,start       ] GC(72) Pause Young (Normal) (G1 Evacuation Pause)
[88.469s][info][gc,task        ] GC(72) Using 6 workers of 6 for evacuation
[88.516s][info][gc,phases      ] GC(72)   Pre Evacuate Collection Set: 0.1ms
[88.516s][info][gc,phases      ] GC(72)   Merge Heap Roots: 0.1ms
[88.516s][info][gc,phases      ] GC(72)   Evacuate Collection Set: 46.5ms
[88.516s][info][gc,phases      ] GC(72)   Post Evacuate Collection Set: 0.9ms
[88.516s][info][gc,phases      ] GC(72)   Other: 0.2ms
[88.517s][info][gc,heap        ] GC(72) Eden regions: 1184->0(1176)
[88.517s][info][gc,heap        ] GC(72) Survivor regions: 44->52(154)
[88.517s][info][gc,heap        ] GC(72) Old regions: 219->219
[88.517s][info][gc,heap        ] GC(72) Archive regions: 0->0
[88.517s][info][gc,heap        ] GC(72) Humongous regions: 0->0
[88.517s][info][gc,metaspace   ] GC(72) Metaspace: 10396K(10624K)->10396K(10624K) NonClass: 9512K(9600K)->9512K(9600K) Class: 883K(1024K)->883K(1024K)
[88.517s][info][gc             ] GC(72) Pause Young (Normal) (G1 Evacuation Pause) 2884M->533M(4096M) 47.999ms
[88.517s][info][gc,cpu         ] GC(72) User=0.25s Sys=0.02s Real=0.05s
[89.362s][info][gc,start       ] GC(73) Pause Young (Normal) (G1 Evacuation Pause)
[89.362s][info][gc,task        ] GC(73) Using 6 workers of 6 for evacuation
[89.416s][info][gc,phases      ] GC(73)   Pre Evacuate Collection Set: 0.1ms
[89.416s][info][gc,phases      ] GC(73)   Merge Heap Roots: 0.1ms
[89.416s][info][gc,phases      ] GC(73)   Evacuate Collection Set: 51.9ms
[89.416s][info][gc,phases      ] GC(73)   Post Evacuate Collection Set: 1.2ms
[89.416s][info][gc,phases      ] GC(73)   Other: 0.2ms
[89.416s][info][gc,heap        ] GC(73) Eden regions: 1176->0(1168)
[89.416s][info][gc,heap        ] GC(73) Survivor regions: 52->60(154)
[89.416s][info][gc,heap        ] GC(73) Old regions: 219->219
[89.416s][info][gc,heap        ] GC(73) Archive regions: 0->0
[89.416s][info][gc,heap        ] GC(73) Humongous regions: 0->0
[89.416s][info][gc,metaspace   ] GC(73) Metaspace: 10396K(10624K)->10396K(10624K) NonClass: 9512K(9600K)->9512K(9600K) Class: 883K(1024K)->883K(1024K)
[89.416s][info][gc             ] GC(73) Pause Young (Normal) (G1 Evacuation Pause) 2885M->548M(4096M) 53.751ms
[89.416s][info][gc,cpu         ] GC(73) User=0.28s Sys=0.00s Real=0.05s
[90.250s][info][gc,start       ] GC(74) Pause Young (Normal) (G1 Evacuation Pause)
[90.250s][info][gc,task        ] GC(74) Using 6 workers of 6 for evacuation
[90.309s][info][gc,phases      ] GC(74)   Pre Evacuate Collection Set: 0.1ms
[90.309s][info][gc,phases      ] GC(74)   Merge Heap Roots: 0.1ms
[90.309s][info][gc,phases      ] GC(74)   Evacuate Collection Set: 57.1ms
[90.309s][info][gc,phases      ] GC(74)   Post Evacuate Collection Set: 1.2ms
[90.309s][info][gc,phases      ] GC(74)   Other: 0.2ms
[90.309s][info][gc,heap        ] GC(74) Eden regions: 1168->0(1161)
[90.309s][info][gc,heap        ] GC(74) Survivor regions: 60->67(154)
[90.309s][info][gc,heap        ] GC(74) Old regions: 219->219
[90.309s][info][gc,heap        ] GC(74) Archive regions: 0->0
[90.309s][info][gc,heap        ] GC(74) Humongous regions: 0->0
[90.309s][info][gc,metaspace   ] GC(74) Metaspace: 10396K(10624K)->10396K(10624K) NonClass: 9512K(9600K)->9512K(9600K) Class: 883K(1024K)->883K(1024K)
[90.309s][info][gc             ] GC(74) Pause Young (Normal) (G1 Evacuation Pause) 2884M->563M(4096M) 58.893ms
[90.309s][info][gc,cpu         ] GC(74) User=0.28s Sys=0.00s Real=0.06s
[93.099s][info][gc,start       ] GC(75) Pause Young (Normal) (G1 Evacuation Pause)
[93.099s][info][gc,task        ] GC(75) Using 6 workers of 6 for evacuation
[93.286s][info][gc,phases      ] GC(75)   Pre Evacuate Collection Set: 0.3ms
[93.286s][info][gc,phases      ] GC(75)   Merge Heap Roots: 0.2ms
[93.286s][info][gc,phases      ] GC(75)   Evacuate Collection Set: 185.0ms
[93.286s][info][gc,phases      ] GC(75)   Post Evacuate Collection Set: 0.9ms
[93.286s][info][gc,phases      ] GC(75)   Other: 0.3ms
[93.286s][info][gc,heap        ] GC(75) Eden regions: 1161->0(1091)
[93.286s][info][gc,heap        ] GC(75) Survivor regions: 67->137(154)
[93.286s][info][gc,heap        ] GC(75) Old regions: 219->219
[93.286s][info][gc,heap        ] GC(75) Archive regions: 0->0
[93.286s][info][gc,heap        ] GC(75) Humongous regions: 0->0
[93.286s][info][gc,metaspace   ] GC(75) Metaspace: 10398K(10688K)->10398K(10688K) NonClass: 9514K(9664K)->9514K(9664K) Class: 883K(1024K)->883K(1024K)
[93.286s][info][gc             ] GC(75) Pause Young (Normal) (G1 Evacuation Pause) 2885M->703M(4096M) 186.862ms
[93.286s][info][gc,cpu         ] GC(75) User=1.06s Sys=0.00s Real=0.19s
[95.938s][info][gc,start       ] GC(76) Pause Young (Normal) (G1 Evacuation Pause)
[95.938s][info][gc,task        ] GC(76) Using 6 workers of 6 for evacuation
[96.047s][info][gc,phases      ] GC(76)   Pre Evacuate Collection Set: 0.3ms
[96.047s][info][gc,phases      ] GC(76)   Merge Heap Roots: 0.2ms
[96.047s][info][gc,phases      ] GC(76)   Evacuate Collection Set: 107.5ms
[96.047s][info][gc,phases      ] GC(76)   Post Evacuate Collection Set: 0.8ms
[96.047s][info][gc,phases      ] GC(76)   Other: 0.3ms
[96.047s][info][gc,heap        ] GC(76) Eden regions: 1091->0(1155)
[96.047s][info][gc,heap        ] GC(76) Survivor regions: 137->73(154)
[96.047s][info][gc,heap        ] GC(76) Old regions: 219->229
[96.047s][info][gc,heap        ] GC(76) Archive regions: 0->0
[96.047s][info][gc,heap        ] GC(76) Humongous regions: 0->0
[96.047s][info][gc,metaspace   ] GC(76) Metaspace: 10398K(10688K)->10398K(10688K) NonClass: 9514K(9664K)->9514K(9664K) Class: 883K(1024K)->883K(1024K)
[96.047s][info][gc             ] GC(76) Pause Young (Normal) (G1 Evacuation Pause) 2885M->594M(4096M) 109.206ms
[96.047s][info][gc,cpu         ] GC(76) User=0.66s Sys=0.00s Real=0.12s
[96.969s][info][gc,start       ] GC(77) Pause Full (System.gc())
[96.969s][info][gc,task        ] GC(77) Using 6 workers of 6 for full compaction
[96.969s][info][gc,phases,start] GC(77) Phase 1: Mark live objects
[97.079s][info][gc,phases      ] GC(77) Phase 1: Mark live objects 110.059ms
[97.079s][info][gc,phases,start] GC(77) Phase 2: Prepare for compaction
[97.086s][info][gc,phases      ] GC(77) Phase 2: Prepare for compaction 7.206ms
[97.086s][info][gc,phases,start] GC(77) Phase 3: Adjust pointers
[97.111s][info][gc,phases      ] GC(77) Phase 3: Adjust pointers 24.348ms
[97.111s][info][gc,phases,start] GC(77) Phase 4: Compact heap
[97.118s][info][gc,phases      ] GC(77) Phase 4: Compact heap 7.104ms
[97.127s][info][gc,heap        ] GC(77) Eden regions: 297->0(1228)
[97.127s][info][gc,heap        ] GC(77) Survivor regions: 73->0(154)
[97.127s][info][gc,heap        ] GC(77) Old regions: 229->218
[97.127s][info][gc,heap        ] GC(77) Archive regions: 0->0
[97.127s][info][gc,heap        ] GC(77) Humongous regions: 0->0
[97.127s][info][gc,metaspace   ] GC(77) Metaspace: 10399K(10688K)->10399K(10688K) NonClass: 9515K(9664K)->9515K(9664K) Class: 883K(1024K)->883K(1024K)
[97.127s][info][gc             ] GC(77) Pause Full (System.gc()) 1186M->429M(4096M) 158.679ms
[97.127s][info][gc,cpu         ] GC(77) User=0.91s Sys=0.02s Real=0.16s
[98.009s][info][gc,start       ] GC(78) Pause Young (Normal) (G1 Evacuation Pause)
[98.009s][info][gc,task        ] GC(78) Using 6 workers of 6 for evacuation
[98.032s][info][gc,phases      ] GC(78)   Pre Evacuate Collection Set: 0.1ms
[98.032s][info][gc,phases      ] GC(78)   Merge Heap Roots: 0.1ms
[98.032s][info][gc,phases      ] GC(78)   Evacuate Collection Set: 22.7ms
[98.032s][info][gc,phases      ] GC(78)   Post Evacuate Collection Set: 0.7ms
[98.032s][info][gc,phases      ] GC(78)   Other: 0.2ms
[98.032s][info][gc,heap        ] GC(78) Eden regions: 1228->0(1210)
[98.032s][info][gc,heap        ] GC(78) Survivor regions: 0->18(154)
[98.032s][info][gc,heap        ] GC(78) Old regions: 218->218
[98.032s][info][gc,heap        ] GC(78) Archive regions: 0->0
[98.032s][info][gc,heap        ] GC(78) Humongous regions: 0->0
[98.032s][info][gc,metaspace   ] GC(78) Metaspace: 10406K(10688K)->10406K(10688K) NonClass: 9522K(9664K)->9522K(9664K) Class: 883K(1024K)->883K(1024K)
[98.033s][info][gc             ] GC(78) Pause Young (Normal) (G1 Evacuation Pause) 2885M->464M(4096M) 23.865ms
[98.033s][info][gc,cpu         ] GC(78) User=0.16s Sys=0.03s Real=0.02s
[98.904s][info][gc,start       ] GC(79) Pause Young (Normal) (G1 Evacuation Pause)
[98.905s][info][gc,task        ] GC(79) Using 6 workers of 6 for evacuation
[98.935s][info][gc,phases      ] GC(79)   Pre Evacuate Collection Set: 0.1ms
[98.935s][info][gc,phases      ] GC(79)   Merge Heap Roots: 0.1ms
[98.935s][info][gc,phases      ] GC(79)   Evacuate Collection Set: 29.2ms
[98.935s][info][gc,phases      ] GC(79)   Post Evacuate Collection Set: 0.9ms
[98.935s][info][gc,phases      ] GC(79)   Other: 0.2ms
[98.935s][info][gc,heap        ] GC(79) Eden regions: 1210->0(1201)
[98.935s][info][gc,heap        ] GC(79) Survivor regions: 18->27(154)
[98.935s][info][gc,heap        ] GC(79) Old regions: 218->218
[98.935s][info][gc,heap        ] GC(79) Archive regions: 0->0
[98.935s][info][gc,heap        ] GC(79) Humongous regions: 0->0
[98.935s][info][gc,metaspace   ] GC(79) Metaspace: 10406K(10688K)->10406K(10688K) NonClass: 9522K(9664K)->9522K(9664K) Class: 883K(1024K)->883K(1024K)
[98.935s][info][gc             ] GC(79) Pause Young (Normal) (G1 Evacuation Pause) 2884M->483M(4096M) 30.655ms
[98.935s][info][gc,cpu         ] GC(79) User=0.19s Sys=0.00s Real=0.03s
[99.796s][info][gc,start       ] GC(80) Pause Young (Normal) (G1 Evacuation Pause)
[99.796s][info][gc,task        ] GC(80) Using 6 workers of 6 for evacuation
[99.832s][info][gc,phases      ] GC(80)   Pre Evacuate Collection Set: 0.1ms
[99.832s][info][gc,phases      ] GC(80)   Merge Heap Roots: 0.1ms
[99.832s][info][gc,phases      ] GC(80)   Evacuate Collection Set: 35.0ms
[99.832s][info][gc,phases      ] GC(80)   Post Evacuate Collection Set: 1.1ms
[99.832s][info][gc,phases      ] GC(80)   Other: 0.2ms
[99.832s][info][gc,heap        ] GC(80) Eden regions: 1201->0(1192)
[99.832s][info][gc,heap        ] GC(80) Survivor regions: 27->36(154)
[99.832s][info][gc,heap        ] GC(80) Old regions: 218->218
[99.832s][info][gc,heap        ] GC(80) Archive regions: 0->0
[99.832s][info][gc,heap        ] GC(80) Humongous regions: 0->0
[99.832s][info][gc,metaspace   ] GC(80) Metaspace: 10406K(10688K)->10406K(10688K) NonClass: 9522K(9664K)->9522K(9664K) Class: 883K(1024K)->883K(1024K)
[99.832s][info][gc             ] GC(80) Pause Young (Normal) (G1 Evacuation Pause) 2885M->501M(4096M) 36.545ms
[99.832s][info][gc,cpu         ] GC(80) User=0.19s Sys=0.00s Real=0.04s
[100.688s][info][gc,start       ] GC(81) Pause Young (Normal) (G1 Evacuation Pause)
[100.688s][info][gc,task        ] GC(81) Using 6 workers of 6 for evacuation
[100.731s][info][gc,phases      ] GC(81)   Pre Evacuate Collection Set: 0.1ms
[100.731s][info][gc,phases      ] GC(81)   Merge Heap Roots: 0.1ms
[100.731s][info][gc,phases      ] GC(81)   Evacuate Collection Set: 41.3ms
[100.731s][info][gc,phases      ] GC(81)   Post Evacuate Collection Set: 0.9ms
[100.731s][info][gc,phases      ] GC(81)   Other: 0.2ms
[100.731s][info][gc,heap        ] GC(81) Eden regions: 1192->0(1184)
[100.731s][info][gc,heap        ] GC(81) Survivor regions: 36->44(154)
[100.731s][info][gc,heap        ] GC(81) Old regions: 218->218
[100.731s][info][gc,heap        ] GC(81) Archive regions: 0->0
[100.731s][info][gc,heap        ] GC(81) Humongous regions: 0->0
[100.731s][info][gc,metaspace   ] GC(81) Metaspace: 10406K(10688K)->10406K(10688K) NonClass: 9522K(9664K)->9522K(9664K) Class: 883K(1024K)->883K(1024K)
[100.731s][info][gc             ] GC(81) Pause Young (Normal) (G1 Evacuation Pause) 2885M->517M(4096M) 42.643ms
[100.731s][info][gc,cpu         ] GC(81) User=0.19s Sys=0.00s Real=0.04s
[101.575s][info][gc,start       ] GC(82) Pause Young (Normal) (G1 Evacuation Pause)
[101.575s][info][gc,task        ] GC(82) Using 6 workers of 6 for evacuation
[101.623s][info][gc,phases      ] GC(82)   Pre Evacuate Collection Set: 0.1ms
[101.623s][info][gc,phases      ] GC(82)   Merge Heap Roots: 0.1ms
[101.623s][info][gc,phases      ] GC(82)   Evacuate Collection Set: 46.1ms
[101.623s][info][gc,phases      ] GC(82)   Post Evacuate Collection Set: 0.9ms
[101.623s][info][gc,phases      ] GC(82)   Other: 0.2ms
[101.623s][info][gc,heap        ] GC(82) Eden regions: 1184->0(1176)
[101.623s][info][gc,heap        ] GC(82) Survivor regions: 44->52(154)
[101.623s][info][gc,heap        ] GC(82) Old regions: 218->218
[101.623s][info][gc,heap        ] GC(82) Archive regions: 0->0
[101.623s][info][gc,heap        ] GC(82) Humongous regions: 0->0
[101.623s][info][gc,metaspace   ] GC(82) Metaspace: 10406K(10688K)->10406K(10688K) NonClass: 9522K(9664K)->9522K(9664K) Class: 883K(1024K)->883K(1024K)
[101.623s][info][gc             ] GC(82) Pause Young (Normal) (G1 Evacuation Pause) 2885M->533M(4096M) 47.579ms
[101.623s][info][gc,cpu         ] GC(82) User=0.28s Sys=0.00s Real=0.05s
[102.471s][info][gc,start       ] GC(83) Pause Young (Normal) (G1 Evacuation Pause)
[102.471s][info][gc,task        ] GC(83) Using 6 workers of 6 for evacuation
[102.525s][info][gc,phases      ] GC(83)   Pre Evacuate Collection Set: 0.1ms
[102.525s][info][gc,phases      ] GC(83)   Merge Heap Roots: 0.1ms
[102.525s][info][gc,phases      ] GC(83)   Evacuate Collection Set: 53.0ms
[102.525s][info][gc,phases      ] GC(83)   Post Evacuate Collection Set: 0.9ms
[102.525s][info][gc,phases      ] GC(83)   Other: 0.2ms
[102.525s][info][gc,heap        ] GC(83) Eden regions: 1176->0(1168)
[102.525s][info][gc,heap        ] GC(83) Survivor regions: 52->60(154)
[102.525s][info][gc,heap        ] GC(83) Old regions: 218->218
[102.525s][info][gc,heap        ] GC(83) Archive regions: 0->0
[102.525s][info][gc,heap        ] GC(83) Humongous regions: 0->0
[102.525s][info][gc,metaspace   ] GC(83) Metaspace: 10406K(10688K)->10406K(10688K) NonClass: 9522K(9664K)->9522K(9664K) Class: 883K(1024K)->883K(1024K)
[102.525s][info][gc             ] GC(83) Pause Young (Normal) (G1 Evacuation Pause) 2885M->548M(4096M) 54.385ms
[102.525s][info][gc,cpu         ] GC(83) User=0.28s Sys=0.00s Real=0.05s
[103.359s][info][gc,start       ] GC(84) Pause Young (Normal) (G1 Evacuation Pause)
[103.359s][info][gc,task        ] GC(84) Using 6 workers of 6 for evacuation
[103.419s][info][gc,phases      ] GC(84)   Pre Evacuate Collection Set: 0.1ms
[103.419s][info][gc,phases      ] GC(84)   Merge Heap Roots: 0.1ms
[103.419s][info][gc,phases      ] GC(84)   Evacuate Collection Set: 58.6ms
[103.419s][info][gc,phases      ] GC(84)   Post Evacuate Collection Set: 1.0ms
[103.419s][info][gc,phases      ] GC(84)   Other: 0.2ms
[103.419s][info][gc,heap        ] GC(84) Eden regions: 1168->0(1161)
[103.419s][info][gc,heap        ] GC(84) Survivor regions: 60->67(154)
[103.419s][info][gc,heap        ] GC(84) Old regions: 218->218
[103.419s][info][gc,heap        ] GC(84) Archive regions: 0->0
[103.419s][info][gc,heap        ] GC(84) Humongous regions: 0->0
[103.419s][info][gc,metaspace   ] GC(84) Metaspace: 10406K(10688K)->10406K(10688K) NonClass: 9522K(9664K)->9522K(9664K) Class: 883K(1024K)->883K(1024K)
[103.419s][info][gc             ] GC(84) Pause Young (Normal) (G1 Evacuation Pause) 2884M->563M(4096M) 60.094ms
[103.419s][info][gc,cpu         ] GC(84) User=0.28s Sys=0.00s Real=0.06s
[106.200s][info][gc,start       ] GC(85) Pause Young (Normal) (G1 Evacuation Pause)
[106.200s][info][gc,task        ] GC(85) Using 6 workers of 6 for evacuation
[106.383s][info][gc,phases      ] GC(85)   Pre Evacuate Collection Set: 0.2ms
[106.383s][info][gc,phases      ] GC(85)   Merge Heap Roots: 0.2ms
[106.383s][info][gc,phases      ] GC(85)   Evacuate Collection Set: 181.5ms
[106.383s][info][gc,phases      ] GC(85)   Post Evacuate Collection Set: 0.9ms
[106.383s][info][gc,phases      ] GC(85)   Other: 0.3ms
[106.383s][info][gc,heap        ] GC(85) Eden regions: 1161->0(1091)
[106.383s][info][gc,heap        ] GC(85) Survivor regions: 67->137(154)
[106.383s][info][gc,heap        ] GC(85) Old regions: 218->218
[106.383s][info][gc,heap        ] GC(85) Archive regions: 0->0
[106.383s][info][gc,heap        ] GC(85) Humongous regions: 0->0
[106.383s][info][gc,metaspace   ] GC(85) Metaspace: 10418K(10688K)->10418K(10688K) NonClass: 9534K(9664K)->9534K(9664K) Class: 884K(1024K)->884K(1024K)
[106.383s][info][gc             ] GC(85) Pause Young (Normal) (G1 Evacuation Pause) 2885M->703M(4096M) 183.218ms
[106.383s][info][gc,cpu         ] GC(85) User=1.12s Sys=0.00s Real=0.18s
[109.044s][info][gc,start       ] GC(86) Pause Young (Normal) (G1 Evacuation Pause)
[109.044s][info][gc,task        ] GC(86) Using 6 workers of 6 for evacuation
[109.151s][info][gc,phases      ] GC(86)   Pre Evacuate Collection Set: 0.1ms
[109.151s][info][gc,phases      ] GC(86)   Merge Heap Roots: 0.1ms
[109.151s][info][gc,phases      ] GC(86)   Evacuate Collection Set: 105.8ms
[109.151s][info][gc,phases      ] GC(86)   Post Evacuate Collection Set: 0.9ms
[109.151s][info][gc,phases      ] GC(86)   Other: 0.3ms
[109.151s][info][gc,heap        ] GC(86) Eden regions: 1091->0(1155)
[109.151s][info][gc,heap        ] GC(86) Survivor regions: 137->73(154)
[109.151s][info][gc,heap        ] GC(86) Old regions: 218->228
[109.151s][info][gc,heap        ] GC(86) Archive regions: 0->0
[109.151s][info][gc,heap        ] GC(86) Humongous regions: 0->0
[109.151s][info][gc,metaspace   ] GC(86) Metaspace: 10418K(10688K)->10418K(10688K) NonClass: 9534K(9664K)->9534K(9664K) Class: 884K(1024K)->884K(1024K)
[109.151s][info][gc             ] GC(86) Pause Young (Normal) (G1 Evacuation Pause) 2885M->593M(4096M) 107.461ms
[109.151s][info][gc,cpu         ] GC(86) User=0.66s Sys=0.00s Real=0.11s
[110.079s][info][gc,start       ] GC(87) Pause Full (System.gc())
[110.079s][info][gc,task        ] GC(87) Using 6 workers of 6 for full compaction
[110.079s][info][gc,phases,start] GC(87) Phase 1: Mark live objects
[110.182s][info][gc,phases      ] GC(87) Phase 1: Mark live objects 102.164ms
[110.182s][info][gc,phases,start] GC(87) Phase 2: Prepare for compaction
[110.189s][info][gc,phases      ] GC(87) Phase 2: Prepare for compaction 7.356ms
[110.189s][info][gc,phases,start] GC(87) Phase 3: Adjust pointers
[110.214s][info][gc,phases      ] GC(87) Phase 3: Adjust pointers 25.007ms
[110.214s][info][gc,phases,start] GC(87) Phase 4: Compact heap
[110.221s][info][gc,phases      ] GC(87) Phase 4: Compact heap 6.934ms
[110.230s][info][gc,heap        ] GC(87) Eden regions: 301->0(1228)
[110.230s][info][gc,heap        ] GC(87) Survivor regions: 73->0(154)
[110.230s][info][gc,heap        ] GC(87) Old regions: 228->218
[110.230s][info][gc,heap        ] GC(87) Archive regions: 0->0
[110.230s][info][gc,heap        ] GC(87) Humongous regions: 0->0
[110.230s][info][gc,metaspace   ] GC(87) Metaspace: 10419K(10688K)->10419K(10688K) NonClass: 9534K(9664K)->9534K(9664K) Class: 884K(1024K)->884K(1024K)
[110.230s][info][gc             ] GC(87) Pause Full (System.gc()) 1193M->429M(4096M) 150.913ms
[110.230s][info][gc,cpu         ] GC(87) User=0.83s Sys=0.02s Real=0.16s
[111.116s][info][gc,start       ] GC(88) Pause Young (Normal) (G1 Evacuation Pause)
[111.116s][info][gc,task        ] GC(88) Using 6 workers of 6 for evacuation
[111.139s][info][gc,phases      ] GC(88)   Pre Evacuate Collection Set: 0.1ms
[111.139s][info][gc,phases      ] GC(88)   Merge Heap Roots: 0.1ms
[111.139s][info][gc,phases      ] GC(88)   Evacuate Collection Set: 22.1ms
[111.139s][info][gc,phases      ] GC(88)   Post Evacuate Collection Set: 0.7ms
[111.139s][info][gc,phases      ] GC(88)   Other: 0.2ms
[111.139s][info][gc,heap        ] GC(88) Eden regions: 1228->0(1210)
[111.139s][info][gc,heap        ] GC(88) Survivor regions: 0->18(154)
[111.139s][info][gc,heap        ] GC(88) Old regions: 218->218
[111.140s][info][gc,heap        ] GC(88) Archive regions: 0->0
[111.140s][info][gc,heap        ] GC(88) Humongous regions: 0->0
[111.140s][info][gc,metaspace   ] GC(88) Metaspace: 10419K(10688K)->10419K(10688K) NonClass: 9535K(9664K)->9535K(9664K) Class: 884K(1024K)->884K(1024K)
[111.140s][info][gc             ] GC(88) Pause Young (Normal) (G1 Evacuation Pause) 2885M->464M(4096M) 23.272ms
[111.140s][info][gc,cpu         ] GC(88) User=0.11s Sys=0.00s Real=0.02s
[112.010s][info][gc,start       ] GC(89) Pause Young (Normal) (G1 Evacuation Pause)
[112.010s][info][gc,task        ] GC(89) Using 6 workers of 6 for evacuation
[112.041s][info][gc,phases      ] GC(89)   Pre Evacuate Collection Set: 0.1ms
[112.041s][info][gc,phases      ] GC(89)   Merge Heap Roots: 0.1ms
[112.041s][info][gc,phases      ] GC(89)   Evacuate Collection Set: 29.3ms
[112.041s][info][gc,phases      ] GC(89)   Post Evacuate Collection Set: 0.8ms
[112.041s][info][gc,phases      ] GC(89)   Other: 0.2ms
[112.041s][info][gc,heap        ] GC(89) Eden regions: 1210->0(1201)
[112.041s][info][gc,heap        ] GC(89) Survivor regions: 18->27(154)
[112.041s][info][gc,heap        ] GC(89) Old regions: 218->218
[112.041s][info][gc,heap        ] GC(89) Archive regions: 0->0
[112.041s][info][gc,heap        ] GC(89) Humongous regions: 0->0
[112.041s][info][gc,metaspace   ] GC(89) Metaspace: 10419K(10688K)->10419K(10688K) NonClass: 9535K(9664K)->9535K(9664K) Class: 884K(1024K)->884K(1024K)
[112.041s][info][gc             ] GC(89) Pause Young (Normal) (G1 Evacuation Pause) 2884M->483M(4096M) 30.649ms
[112.041s][info][gc,cpu         ] GC(89) User=0.19s Sys=0.00s Real=0.03s
[112.902s][info][gc,start       ] GC(90) Pause Young (Normal) (G1 Evacuation Pause)
[112.902s][info][gc,task        ] GC(90) Using 6 workers of 6 for evacuation
[112.938s][info][gc,phases      ] GC(90)   Pre Evacuate Collection Set: 0.1ms
[112.938s][info][gc,phases      ] GC(90)   Merge Heap Roots: 0.1ms
[112.938s][info][gc,phases      ] GC(90)   Evacuate Collection Set: 35.2ms
[112.938s][info][gc,phases      ] GC(90)   Post Evacuate Collection Set: 0.9ms
[112.938s][info][gc,phases      ] GC(90)   Other: 0.2ms
[112.938s][info][gc,heap        ] GC(90) Eden regions: 1201->0(1192)
[112.938s][info][gc,heap        ] GC(90) Survivor regions: 27->36(154)
[112.938s][info][gc,heap        ] GC(90) Old regions: 218->218
[112.939s][info][gc,heap        ] GC(90) Archive regions: 0->0
[112.939s][info][gc,heap        ] GC(90) Humongous regions: 0->0
[112.939s][info][gc,metaspace   ] GC(90) Metaspace: 10419K(10688K)->10419K(10688K) NonClass: 9535K(9664K)->9535K(9664K) Class: 884K(1024K)->884K(1024K)
[112.939s][info][gc             ] GC(90) Pause Young (Normal) (G1 Evacuation Pause) 2885M->500M(4096M) 36.669ms
[112.939s][info][gc,cpu         ] GC(90) User=0.28s Sys=0.00s Real=0.04s
[113.794s][info][gc,start       ] GC(91) Pause Young (Normal) (G1 Evacuation Pause)
[113.794s][info][gc,task        ] GC(91) Using 6 workers of 6 for evacuation
[113.836s][info][gc,phases      ] GC(91)   Pre Evacuate Collection Set: 0.1ms
[113.836s][info][gc,phases      ] GC(91)   Merge Heap Roots: 0.1ms
[113.836s][info][gc,phases      ] GC(91)   Evacuate Collection Set: 40.8ms
[113.836s][info][gc,phases      ] GC(91)   Post Evacuate Collection Set: 1.0ms
[113.836s][info][gc,phases      ] GC(91)   Other: 0.2ms
[113.836s][info][gc,heap        ] GC(91) Eden regions: 1192->0(1184)
[113.836s][info][gc,heap        ] GC(91) Survivor regions: 36->44(154)
[113.836s][info][gc,heap        ] GC(91) Old regions: 218->218
[113.836s][info][gc,heap        ] GC(91) Archive regions: 0->0
[113.836s][info][gc,heap        ] GC(91) Humongous regions: 0->0
[113.836s][info][gc,metaspace   ] GC(91) Metaspace: 10419K(10688K)->10419K(10688K) NonClass: 9535K(9664K)->9535K(9664K) Class: 884K(1024K)->884K(1024K)
[113.836s][info][gc             ] GC(91) Pause Young (Normal) (G1 Evacuation Pause) 2884M->517M(4096M) 42.267ms
[113.836s][info][gc,cpu         ] GC(91) User=0.28s Sys=0.00s Real=0.04s
[114.678s][info][gc,start       ] GC(92) Pause Young (Normal) (G1 Evacuation Pause)
[114.679s][info][gc,task        ] GC(92) Using 6 workers of 6 for evacuation
[114.726s][info][gc,phases      ] GC(92)   Pre Evacuate Collection Set: 0.1ms
[114.726s][info][gc,phases      ] GC(92)   Merge Heap Roots: 0.1ms
[114.726s][info][gc,phases      ] GC(92)   Evacuate Collection Set: 45.9ms
[114.726s][info][gc,phases      ] GC(92)   Post Evacuate Collection Set: 0.9ms
[114.726s][info][gc,phases      ] GC(92)   Other: 0.2ms
[114.726s][info][gc,heap        ] GC(92) Eden regions: 1184->0(1176)
[114.726s][info][gc,heap        ] GC(92) Survivor regions: 44->52(154)
[114.726s][info][gc,heap        ] GC(92) Old regions: 218->218
[114.726s][info][gc,heap        ] GC(92) Archive regions: 0->0
[114.726s][info][gc,heap        ] GC(92) Humongous regions: 0->0
[114.726s][info][gc,metaspace   ] GC(92) Metaspace: 10419K(10688K)->10419K(10688K) NonClass: 9535K(9664K)->9535K(9664K) Class: 884K(1024K)->884K(1024K)
[114.726s][info][gc             ] GC(92) Pause Young (Normal) (G1 Evacuation Pause) 2885M->533M(4096M) 47.283ms
[114.726s][info][gc,cpu         ] GC(92) User=0.28s Sys=0.00s Real=0.04s
[115.577s][info][gc,start       ] GC(93) Pause Young (Normal) (G1 Evacuation Pause)
[115.577s][info][gc,task        ] GC(93) Using 6 workers of 6 for evacuation
[115.631s][info][gc,phases      ] GC(93)   Pre Evacuate Collection Set: 0.1ms
[115.631s][info][gc,phases      ] GC(93)   Merge Heap Roots: 0.1ms
[115.631s][info][gc,phases      ] GC(93)   Evacuate Collection Set: 52.9ms
[115.631s][info][gc,phases      ] GC(93)   Post Evacuate Collection Set: 0.9ms
[115.631s][info][gc,phases      ] GC(93)   Other: 0.2ms
[115.631s][info][gc,heap        ] GC(93) Eden regions: 1176->0(1168)
[115.631s][info][gc,heap        ] GC(93) Survivor regions: 52->60(154)
[115.631s][info][gc,heap        ] GC(93) Old regions: 218->218
[115.631s][info][gc,heap        ] GC(93) Archive regions: 0->0
[115.631s][info][gc,heap        ] GC(93) Humongous regions: 0->0
[115.631s][info][gc,metaspace   ] GC(93) Metaspace: 10419K(10688K)->10419K(10688K) NonClass: 9535K(9664K)->9535K(9664K) Class: 884K(1024K)->884K(1024K)
[115.631s][info][gc             ] GC(93) Pause Young (Normal) (G1 Evacuation Pause) 2885M->548M(4096M) 54.302ms
[115.631s][info][gc,cpu         ] GC(93) User=0.28s Sys=0.00s Real=0.05s
[116.467s][info][gc,start       ] GC(94) Pause Young (Normal) (G1 Evacuation Pause)
[116.467s][info][gc,task        ] GC(94) Using 6 workers of 6 for evacuation
[116.526s][info][gc,phases      ] GC(94)   Pre Evacuate Collection Set: 0.1ms
[116.526s][info][gc,phases      ] GC(94)   Merge Heap Roots: 0.1ms
[116.526s][info][gc,phases      ] GC(94)   Evacuate Collection Set: 57.4ms
[116.526s][info][gc,phases      ] GC(94)   Post Evacuate Collection Set: 1.1ms
[116.526s][info][gc,phases      ] GC(94)   Other: 0.2ms
[116.526s][info][gc,heap        ] GC(94) Eden regions: 1168->0(1160)
[116.526s][info][gc,heap        ] GC(94) Survivor regions: 60->68(154)
[116.526s][info][gc,heap        ] GC(94) Old regions: 218->218
[116.526s][info][gc,heap        ] GC(94) Archive regions: 0->0
[116.526s][info][gc,heap        ] GC(94) Humongous regions: 0->0
[116.526s][info][gc,metaspace   ] GC(94) Metaspace: 10419K(10688K)->10419K(10688K) NonClass: 9535K(9664K)->9535K(9664K) Class: 884K(1024K)->884K(1024K)
[116.527s][info][gc             ] GC(94) Pause Young (Normal) (G1 Evacuation Pause) 2884M->564M(4096M) 59.050ms
[116.527s][info][gc,cpu         ] GC(94) User=0.28s Sys=0.00s Real=0.06s
[119.317s][info][gc,start       ] GC(95) Pause Young (Normal) (G1 Evacuation Pause)
[119.317s][info][gc,task        ] GC(95) Using 6 workers of 6 for evacuation
[119.502s][info][gc,phases      ] GC(95)   Pre Evacuate Collection Set: 0.2ms
[119.504s][info][gc,phases      ] GC(95)   Merge Heap Roots: 0.2ms
[119.504s][info][gc,phases      ] GC(95)   Evacuate Collection Set: 183.0ms
[119.504s][info][gc,phases      ] GC(95)   Post Evacuate Collection Set: 0.9ms
[119.504s][info][gc,phases      ] GC(95)   Other: 0.3ms
[119.504s][info][gc,heap        ] GC(95) Eden regions: 1160->0(1091)
[119.504s][info][gc,heap        ] GC(95) Survivor regions: 68->137(154)
[119.504s][info][gc,heap        ] GC(95) Old regions: 218->218
[119.504s][info][gc,heap        ] GC(95) Archive regions: 0->0
[119.504s][info][gc,heap        ] GC(95) Humongous regions: 0->0
[119.504s][info][gc,metaspace   ] GC(95) Metaspace: 10439K(10688K)->10439K(10688K) NonClass: 9555K(9664K)->9555K(9664K) Class: 884K(1024K)->884K(1024K)
[119.504s][info][gc             ] GC(95) Pause Young (Normal) (G1 Evacuation Pause) 2884M->703M(4096M) 186.758ms
[119.504s][info][gc,cpu         ] GC(95) User=1.12s Sys=0.00s Real=0.20s
[122.165s][info][gc,start       ] GC(96) Pause Young (Normal) (G1 Evacuation Pause)
[122.165s][info][gc,task        ] GC(96) Using 6 workers of 6 for evacuation
[122.273s][info][gc,phases      ] GC(96)   Pre Evacuate Collection Set: 0.5ms
[122.274s][info][gc,phases      ] GC(96)   Merge Heap Roots: 0.2ms
[122.274s][info][gc,phases      ] GC(96)   Evacuate Collection Set: 105.9ms
[122.274s][info][gc,phases      ] GC(96)   Post Evacuate Collection Set: 0.8ms
[122.274s][info][gc,phases      ] GC(96)   Other: 0.3ms
[122.274s][info][gc,heap        ] GC(96) Eden regions: 1091->0(1156)
[122.274s][info][gc,heap        ] GC(96) Survivor regions: 137->72(154)
[122.274s][info][gc,heap        ] GC(96) Old regions: 218->228
[122.274s][info][gc,heap        ] GC(96) Archive regions: 0->0
[122.274s][info][gc,heap        ] GC(96) Humongous regions: 0->0
[122.274s][info][gc,metaspace   ] GC(96) Metaspace: 10440K(10688K)->10440K(10688K) NonClass: 9555K(9664K)->9555K(9664K) Class: 884K(1024K)->884K(1024K)
[122.274s][info][gc             ] GC(96) Pause Young (Normal) (G1 Evacuation Pause) 2885M->592M(4096M) 109.338ms
[122.274s][info][gc,cpu         ] GC(96) User=0.66s Sys=0.00s Real=0.11s
[123.211s][info][gc,start       ] GC(97) Pause Full (System.gc())
[123.211s][info][gc,task        ] GC(97) Using 6 workers of 6 for full compaction
[123.211s][info][gc,phases,start] GC(97) Phase 1: Mark live objects
[123.319s][info][gc,phases      ] GC(97) Phase 1: Mark live objects 108.483ms
[123.319s][info][gc,phases,start] GC(97) Phase 2: Prepare for compaction
[123.327s][info][gc,phases      ] GC(97) Phase 2: Prepare for compaction 7.221ms
[123.327s][info][gc,phases,start] GC(97) Phase 3: Adjust pointers
[123.353s][info][gc,phases      ] GC(97) Phase 3: Adjust pointers 26.046ms
[123.353s][info][gc,phases,start] GC(97) Phase 4: Compact heap
[123.360s][info][gc,phases      ] GC(97) Phase 4: Compact heap 6.965ms
[123.369s][info][gc,heap        ] GC(97) Eden regions: 305->0(1228)
[123.369s][info][gc,heap        ] GC(97) Survivor regions: 72->0(154)
[123.369s][info][gc,heap        ] GC(97) Old regions: 228->218
[123.369s][info][gc,heap        ] GC(97) Archive regions: 0->0
[123.369s][info][gc,heap        ] GC(97) Humongous regions: 0->0
[123.369s][info][gc,metaspace   ] GC(97) Metaspace: 10443K(10688K)->10443K(10688K) NonClass: 9559K(9664K)->9559K(9664K) Class: 884K(1024K)->884K(1024K)
[123.369s][info][gc             ] GC(97) Pause Full (System.gc()) 1201M->429M(4096M) 158.338ms
[123.369s][info][gc,cpu         ] GC(97) User=0.84s Sys=0.00s Real=0.16s
[124.257s][info][gc,start       ] GC(98) Pause Young (Normal) (G1 Evacuation Pause)
[124.257s][info][gc,task        ] GC(98) Using 6 workers of 6 for evacuation
[124.280s][info][gc,phases      ] GC(98)   Pre Evacuate Collection Set: 0.1ms
[124.280s][info][gc,phases      ] GC(98)   Merge Heap Roots: 0.1ms
[124.280s][info][gc,phases      ] GC(98)   Evacuate Collection Set: 22.0ms
[124.280s][info][gc,phases      ] GC(98)   Post Evacuate Collection Set: 0.7ms
[124.280s][info][gc,phases      ] GC(98)   Other: 0.2ms
[124.280s][info][gc,heap        ] GC(98) Eden regions: 1228->0(1211)
[124.280s][info][gc,heap        ] GC(98) Survivor regions: 0->17(154)
[124.280s][info][gc,heap        ] GC(98) Old regions: 218->218
[124.280s][info][gc,heap        ] GC(98) Archive regions: 0->0
[124.280s][info][gc,heap        ] GC(98) Humongous regions: 0->0
[124.280s][info][gc,metaspace   ] GC(98) Metaspace: 10453K(10688K)->10453K(10688K) NonClass: 9568K(9664K)->9568K(9664K) Class: 884K(1024K)->884K(1024K)
[124.280s][info][gc             ] GC(98) Pause Young (Normal) (G1 Evacuation Pause) 2885M->463M(4096M) 23.156ms
[124.280s][info][gc,cpu         ] GC(98) User=0.19s Sys=0.00s Real=0.02s
[125.152s][info][gc,start       ] GC(99) Pause Young (Normal) (G1 Evacuation Pause)
[125.152s][info][gc,task        ] GC(99) Using 6 workers of 6 for evacuation
[125.183s][info][gc,phases      ] GC(99)   Pre Evacuate Collection Set: 0.1ms
[125.183s][info][gc,phases      ] GC(99)   Merge Heap Roots: 0.1ms
[125.183s][info][gc,phases      ] GC(99)   Evacuate Collection Set: 29.4ms
[125.183s][info][gc,phases      ] GC(99)   Post Evacuate Collection Set: 0.7ms
[125.183s][info][gc,phases      ] GC(99)   Other: 0.2ms
[125.183s][info][gc,heap        ] GC(99) Eden regions: 1211->0(1201)
[125.183s][info][gc,heap        ] GC(99) Survivor regions: 17->27(154)
[125.183s][info][gc,heap        ] GC(99) Old regions: 218->218
[125.183s][info][gc,heap        ] GC(99) Archive regions: 0->0
[125.183s][info][gc,heap        ] GC(99) Humongous regions: 0->0
[125.183s][info][gc,metaspace   ] GC(99) Metaspace: 10453K(10688K)->10453K(10688K) NonClass: 9568K(9664K)->9568K(9664K) Class: 884K(1024K)->884K(1024K)
[125.183s][info][gc             ] GC(99) Pause Young (Normal) (G1 Evacuation Pause) 2885M->483M(4096M) 30.630ms
[125.183s][info][gc,cpu         ] GC(99) User=0.19s Sys=0.00s Real=0.03s
[126.040s][info][gc,start       ] GC(100) Pause Young (Normal) (G1 Evacuation Pause)
[126.040s][info][gc,task        ] GC(100) Using 6 workers of 6 for evacuation
[126.076s][info][gc,phases      ] GC(100)   Pre Evacuate Collection Set: 0.1ms
[126.076s][info][gc,phases      ] GC(100)   Merge Heap Roots: 0.1ms
[126.076s][info][gc,phases      ] GC(100)   Evacuate Collection Set: 35.0ms
[126.076s][info][gc,phases      ] GC(100)   Post Evacuate Collection Set: 1.2ms
[126.076s][info][gc,phases      ] GC(100)   Other: 0.2ms
[126.076s][info][gc,heap        ] GC(100) Eden regions: 1201->0(1192)
[126.076s][info][gc,heap        ] GC(100) Survivor regions: 27->36(154)
[126.076s][info][gc,heap        ] GC(100) Old regions: 218->218
[126.076s][info][gc,heap        ] GC(100) Archive regions: 0->0
[126.076s][info][gc,heap        ] GC(100) Humongous regions: 0->0
[126.076s][info][gc,metaspace   ] GC(100) Metaspace: 10453K(10688K)->10453K(10688K) NonClass: 9568K(9664K)->9568K(9664K) Class: 884K(1024K)->884K(1024K)
[126.077s][info][gc             ] GC(100) Pause Young (Normal) (G1 Evacuation Pause) 2885M->501M(4096M) 36.695ms
[126.077s][info][gc,cpu         ] GC(100) User=0.17s Sys=0.02s Real=0.04s
[126.928s][info][gc,start       ] GC(101) Pause Young (Normal) (G1 Evacuation Pause)
[126.928s][info][gc,task        ] GC(101) Using 6 workers of 6 for evacuation
[126.970s][info][gc,phases      ] GC(101)   Pre Evacuate Collection Set: 0.1ms
[126.970s][info][gc,phases      ] GC(101)   Merge Heap Roots: 0.1ms
[126.970s][info][gc,phases      ] GC(101)   Evacuate Collection Set: 41.1ms
[126.970s][info][gc,phases      ] GC(101)   Post Evacuate Collection Set: 0.8ms
[126.970s][info][gc,phases      ] GC(101)   Other: 0.2ms
[126.970s][info][gc,heap        ] GC(101) Eden regions: 1192->0(1184)
[126.970s][info][gc,heap        ] GC(101) Survivor regions: 36->44(154)
[126.970s][info][gc,heap        ] GC(101) Old regions: 218->218
[126.970s][info][gc,heap        ] GC(101) Archive regions: 0->0
[126.970s][info][gc,heap        ] GC(101) Humongous regions: 0->0
[126.970s][info][gc,metaspace   ] GC(101) Metaspace: 10453K(10688K)->10453K(10688K) NonClass: 9568K(9664K)->9568K(9664K) Class: 884K(1024K)->884K(1024K)
[126.970s][info][gc             ] GC(101) Pause Young (Normal) (G1 Evacuation Pause) 2885M->516M(4096M) 42.443ms
[126.970s][info][gc,cpu         ] GC(101) User=0.28s Sys=0.00s Real=0.04s
[127.811s][info][gc,start       ] GC(102) Pause Young (Normal) (G1 Evacuation Pause)
[127.811s][info][gc,task        ] GC(102) Using 6 workers of 6 for evacuation
[127.858s][info][gc,phases      ] GC(102)   Pre Evacuate Collection Set: 0.1ms
[127.858s][info][gc,phases      ] GC(102)   Merge Heap Roots: 0.1ms
[127.858s][info][gc,phases      ] GC(102)   Evacuate Collection Set: 46.3ms
[127.858s][info][gc,phases      ] GC(102)   Post Evacuate Collection Set: 1.0ms
[127.858s][info][gc,phases      ] GC(102)   Other: 0.2ms
[127.858s][info][gc,heap        ] GC(102) Eden regions: 1184->0(1176)
[127.858s][info][gc,heap        ] GC(102) Survivor regions: 44->52(154)
[127.858s][info][gc,heap        ] GC(102) Old regions: 218->218
[127.858s][info][gc,heap        ] GC(102) Archive regions: 0->0
[127.858s][info][gc,heap        ] GC(102) Humongous regions: 0->0
[127.858s][info][gc,metaspace   ] GC(102) Metaspace: 10453K(10688K)->10453K(10688K) NonClass: 9568K(9664K)->9568K(9664K) Class: 884K(1024K)->884K(1024K)
[127.858s][info][gc             ] GC(102) Pause Young (Normal) (G1 Evacuation Pause) 2884M->532M(4096M) 47.881ms
[127.858s][info][gc,cpu         ] GC(102) User=0.33s Sys=0.00s Real=0.05s
[128.707s][info][gc,start       ] GC(103) Pause Young (Normal) (G1 Evacuation Pause)
[128.707s][info][gc,task        ] GC(103) Using 6 workers of 6 for evacuation
[128.760s][info][gc,phases      ] GC(103)   Pre Evacuate Collection Set: 0.1ms
[128.760s][info][gc,phases      ] GC(103)   Merge Heap Roots: 0.1ms
[128.760s][info][gc,phases      ] GC(103)   Evacuate Collection Set: 51.9ms
[128.760s][info][gc,phases      ] GC(103)   Post Evacuate Collection Set: 1.1ms
[128.760s][info][gc,phases      ] GC(103)   Other: 0.2ms
[128.760s][info][gc,heap        ] GC(103) Eden regions: 1176->0(1168)
[128.760s][info][gc,heap        ] GC(103) Survivor regions: 52->60(154)
[128.760s][info][gc,heap        ] GC(103) Old regions: 218->218
[128.760s][info][gc,heap        ] GC(103) Archive regions: 0->0
[128.760s][info][gc,heap        ] GC(103) Humongous regions: 0->0
[128.760s][info][gc,metaspace   ] GC(103) Metaspace: 10453K(10688K)->10453K(10688K) NonClass: 9568K(9664K)->9568K(9664K) Class: 884K(1024K)->884K(1024K)
[128.760s][info][gc             ] GC(103) Pause Young (Normal) (G1 Evacuation Pause) 2884M->549M(4096M) 53.480ms
[128.760s][info][gc,cpu         ] GC(103) User=0.28s Sys=0.00s Real=0.05s
[129.596s][info][gc,start       ] GC(104) Pause Young (Normal) (G1 Evacuation Pause)
[129.596s][info][gc,task        ] GC(104) Using 6 workers of 6 for evacuation
[129.654s][info][gc,phases      ] GC(104)   Pre Evacuate Collection Set: 0.1ms
[129.654s][info][gc,phases      ] GC(104)   Merge Heap Roots: 0.1ms
[129.654s][info][gc,phases      ] GC(104)   Evacuate Collection Set: 57.2ms
[129.654s][info][gc,phases      ] GC(104)   Post Evacuate Collection Set: 1.2ms
[129.654s][info][gc,phases      ] GC(104)   Other: 0.2ms
[129.654s][info][gc,heap        ] GC(104) Eden regions: 1168->0(1161)
[129.655s][info][gc,heap        ] GC(104) Survivor regions: 60->67(154)
[129.655s][info][gc,heap        ] GC(104) Old regions: 218->218
[129.655s][info][gc,heap        ] GC(104) Archive regions: 0->0
[129.655s][info][gc,heap        ] GC(104) Humongous regions: 0->0
[129.655s][info][gc,metaspace   ] GC(104) Metaspace: 10453K(10688K)->10453K(10688K) NonClass: 9568K(9664K)->9568K(9664K) Class: 884K(1024K)->884K(1024K)
[129.655s][info][gc             ] GC(104) Pause Young (Normal) (G1 Evacuation Pause) 2885M->563M(4096M) 58.873ms
[129.655s][info][gc,cpu         ] GC(104) User=0.28s Sys=0.00s Real=0.06s
[132.434s][info][gc,start       ] GC(105) Pause Young (Normal) (G1 Evacuation Pause)
[132.434s][info][gc,task        ] GC(105) Using 6 workers of 6 for evacuation
[132.617s][info][gc,phases      ] GC(105)   Pre Evacuate Collection Set: 0.3ms
[132.617s][info][gc,phases      ] GC(105)   Merge Heap Roots: 0.2ms
[132.617s][info][gc,phases      ] GC(105)   Evacuate Collection Set: 181.1ms
[132.617s][info][gc,phases      ] GC(105)   Post Evacuate Collection Set: 0.8ms
[132.617s][info][gc,phases      ] GC(105)   Other: 0.3ms
[132.617s][info][gc,heap        ] GC(105) Eden regions: 1161->0(1091)
[132.617s][info][gc,heap        ] GC(105) Survivor regions: 67->137(154)
[132.617s][info][gc,heap        ] GC(105) Old regions: 218->218
[132.617s][info][gc,heap        ] GC(105) Archive regions: 0->0
[132.617s][info][gc,heap        ] GC(105) Humongous regions: 0->0
[132.617s][info][gc,metaspace   ] GC(105) Metaspace: 10454K(10688K)->10454K(10688K) NonClass: 9570K(9664K)->9570K(9664K) Class: 884K(1024K)->884K(1024K)
[132.617s][info][gc             ] GC(105) Pause Young (Normal) (G1 Evacuation Pause) 2885M->703M(4096M) 182.767ms
[132.617s][info][gc,cpu         ] GC(105) User=1.09s Sys=0.02s Real=0.19s
[135.280s][info][gc,start       ] GC(106) Pause Young (Normal) (G1 Evacuation Pause)
[135.280s][info][gc,task        ] GC(106) Using 6 workers of 6 for evacuation
[135.390s][info][gc,phases      ] GC(106)   Pre Evacuate Collection Set: 0.4ms
[135.390s][info][gc,phases      ] GC(106)   Merge Heap Roots: 0.2ms
[135.390s][info][gc,phases      ] GC(106)   Evacuate Collection Set: 107.7ms
[135.390s][info][gc,phases      ] GC(106)   Post Evacuate Collection Set: 1.0ms
[135.390s][info][gc,phases      ] GC(106)   Other: 0.4ms
[135.390s][info][gc,heap        ] GC(106) Eden regions: 1091->0(1155)
[135.390s][info][gc,heap        ] GC(106) Survivor regions: 137->73(154)
[135.390s][info][gc,heap        ] GC(106) Old regions: 218->228
[135.390s][info][gc,heap        ] GC(106) Archive regions: 0->0
[135.390s][info][gc,heap        ] GC(106) Humongous regions: 0->0
[135.390s][info][gc,metaspace   ] GC(106) Metaspace: 10455K(10688K)->10455K(10688K) NonClass: 9570K(9664K)->9570K(9664K) Class: 884K(1024K)->884K(1024K)
[135.390s][info][gc             ] GC(106) Pause Young (Normal) (G1 Evacuation Pause) 2885M->594M(4096M) 109.929ms
[135.390s][info][gc,cpu         ] GC(106) User=0.58s Sys=0.00s Real=0.11s
[136.311s][info][gc,start       ] GC(107) Pause Full (System.gc())
[136.311s][info][gc,task        ] GC(107) Using 6 workers of 6 for full compaction
[136.311s][info][gc,phases,start] GC(107) Phase 1: Mark live objects
[136.414s][info][gc,phases      ] GC(107) Phase 1: Mark live objects 103.195ms
[136.414s][info][gc,phases,start] GC(107) Phase 2: Prepare for compaction
[136.421s][info][gc,phases      ] GC(107) Phase 2: Prepare for compaction 6.953ms
[136.422s][info][gc,phases,start] GC(107) Phase 3: Adjust pointers
[136.446s][info][gc,phases      ] GC(107) Phase 3: Adjust pointers 24.022ms
[136.446s][info][gc,phases,start] GC(107) Phase 4: Compact heap
[136.452s][info][gc,phases      ] GC(107) Phase 4: Compact heap 6.572ms
[136.462s][info][gc,heap        ] GC(107) Eden regions: 299->0(1228)
[136.462s][info][gc,heap        ] GC(107) Survivor regions: 73->0(154)
[136.462s][info][gc,heap        ] GC(107) Old regions: 228->218
[136.462s][info][gc,heap        ] GC(107) Archive regions: 0->0
[136.462s][info][gc,heap        ] GC(107) Humongous regions: 0->0
[136.462s][info][gc,metaspace   ] GC(107) Metaspace: 10455K(10688K)->10455K(10688K) NonClass: 9570K(9664K)->9570K(9664K) Class: 884K(1024K)->884K(1024K)
[136.462s][info][gc             ] GC(107) Pause Full (System.gc()) 1191M->429M(4096M) 151.055ms
[136.462s][info][gc,cpu         ] GC(107) User=0.83s Sys=0.02s Real=0.16s
[137.360s][info][gc,start       ] GC(108) Pause Young (Normal) (G1 Evacuation Pause)
[137.360s][info][gc,task        ] GC(108) Using 6 workers of 6 for evacuation
[137.383s][info][gc,phases      ] GC(108)   Pre Evacuate Collection Set: 0.1ms
[137.383s][info][gc,phases      ] GC(108)   Merge Heap Roots: 0.1ms
[137.383s][info][gc,phases      ] GC(108)   Evacuate Collection Set: 22.0ms
[137.384s][info][gc,phases      ] GC(108)   Post Evacuate Collection Set: 0.6ms
[137.384s][info][gc,phases      ] GC(108)   Other: 0.2ms
[137.384s][info][gc,heap        ] GC(108) Eden regions: 1228->0(1211)
[137.384s][info][gc,heap        ] GC(108) Survivor regions: 0->17(154)
[137.384s][info][gc,heap        ] GC(108) Old regions: 218->218
[137.384s][info][gc,heap        ] GC(108) Archive regions: 0->0
[137.384s][info][gc,heap        ] GC(108) Humongous regions: 0->0
[137.384s][info][gc,metaspace   ] GC(108) Metaspace: 10456K(10688K)->10456K(10688K) NonClass: 9571K(9664K)->9571K(9664K) Class: 884K(1024K)->884K(1024K)
[137.384s][info][gc             ] GC(108) Pause Young (Normal) (G1 Evacuation Pause) 2885M->463M(4096M) 23.153ms
[137.384s][info][gc,cpu         ] GC(108) User=0.09s Sys=0.00s Real=0.02s
[138.250s][info][gc,start       ] GC(109) Pause Young (Normal) (G1 Evacuation Pause)
[138.250s][info][gc,task        ] GC(109) Using 6 workers of 6 for evacuation
[138.280s][info][gc,phases      ] GC(109)   Pre Evacuate Collection Set: 0.1ms
[138.280s][info][gc,phases      ] GC(109)   Merge Heap Roots: 0.1ms
[138.280s][info][gc,phases      ] GC(109)   Evacuate Collection Set: 29.3ms
[138.280s][info][gc,phases      ] GC(109)   Post Evacuate Collection Set: 0.8ms
[138.280s][info][gc,phases      ] GC(109)   Other: 0.2ms
[138.280s][info][gc,heap        ] GC(109) Eden regions: 1211->0(1200)
[138.280s][info][gc,heap        ] GC(109) Survivor regions: 17->28(154)
[138.280s][info][gc,heap        ] GC(109) Old regions: 218->218
[138.280s][info][gc,heap        ] GC(109) Archive regions: 0->0
[138.280s][info][gc,heap        ] GC(109) Humongous regions: 0->0
[138.280s][info][gc,metaspace   ] GC(109) Metaspace: 10456K(10688K)->10456K(10688K) NonClass: 9571K(9664K)->9571K(9664K) Class: 884K(1024K)->884K(1024K)
[138.280s][info][gc             ] GC(109) Pause Young (Normal) (G1 Evacuation Pause) 2885M->484M(4096M) 30.595ms
[138.280s][info][gc,cpu         ] GC(109) User=0.17s Sys=0.00s Real=0.03s
[139.144s][info][gc,start       ] GC(110) Pause Young (Normal) (G1 Evacuation Pause)
[139.144s][info][gc,task        ] GC(110) Using 6 workers of 6 for evacuation
[139.181s][info][gc,phases      ] GC(110)   Pre Evacuate Collection Set: 0.1ms
[139.181s][info][gc,phases      ] GC(110)   Merge Heap Roots: 0.1ms
[139.181s][info][gc,phases      ] GC(110)   Evacuate Collection Set: 35.5ms
[139.181s][info][gc,phases      ] GC(110)   Post Evacuate Collection Set: 0.8ms
[139.181s][info][gc,phases      ] GC(110)   Other: 0.2ms
[139.181s][info][gc,heap        ] GC(110) Eden regions: 1200->0(1192)
[139.181s][info][gc,heap        ] GC(110) Survivor regions: 28->36(154)
[139.181s][info][gc,heap        ] GC(110) Old regions: 218->218
[139.181s][info][gc,heap        ] GC(110) Archive regions: 0->0
[139.181s][info][gc,heap        ] GC(110) Humongous regions: 0->0
[139.181s][info][gc,metaspace   ] GC(110) Metaspace: 10456K(10688K)->10456K(10688K) NonClass: 9571K(9664K)->9571K(9664K) Class: 884K(1024K)->884K(1024K)
[139.181s][info][gc             ] GC(110) Pause Young (Normal) (G1 Evacuation Pause) 2884M->500M(4096M) 36.847ms
[139.181s][info][gc,cpu         ] GC(110) User=0.19s Sys=0.00s Real=0.04s
[140.036s][info][gc,start       ] GC(111) Pause Young (Normal) (G1 Evacuation Pause)
[140.036s][info][gc,task        ] GC(111) Using 6 workers of 6 for evacuation
[140.078s][info][gc,phases      ] GC(111)   Pre Evacuate Collection Set: 0.1ms
[140.078s][info][gc,phases      ] GC(111)   Merge Heap Roots: 0.1ms
[140.078s][info][gc,phases      ] GC(111)   Evacuate Collection Set: 41.1ms
[140.078s][info][gc,phases      ] GC(111)   Post Evacuate Collection Set: 0.8ms
[140.078s][info][gc,phases      ] GC(111)   Other: 0.2ms
[140.078s][info][gc,heap        ] GC(111) Eden regions: 1192->0(1184)
[140.078s][info][gc,heap        ] GC(111) Survivor regions: 36->44(154)
[140.078s][info][gc,heap        ] GC(111) Old regions: 218->218
[140.078s][info][gc,heap        ] GC(111) Archive regions: 0->0
[140.078s][info][gc,heap        ] GC(111) Humongous regions: 0->0
[140.078s][info][gc,metaspace   ] GC(111) Metaspace: 10456K(10688K)->10456K(10688K) NonClass: 9571K(9664K)->9571K(9664K) Class: 884K(1024K)->884K(1024K)
[140.078s][info][gc             ] GC(111) Pause Young (Normal) (G1 Evacuation Pause) 2884M->517M(4096M) 42.430ms
[140.078s][info][gc,cpu         ] GC(111) User=0.28s Sys=0.00s Real=0.04s
[140.922s][info][gc,start       ] GC(112) Pause Young (Normal) (G1 Evacuation Pause)
[140.922s][info][gc,task        ] GC(112) Using 6 workers of 6 for evacuation
[140.970s][info][gc,phases      ] GC(112)   Pre Evacuate Collection Set: 0.1ms
[140.970s][info][gc,phases      ] GC(112)   Merge Heap Roots: 0.1ms
[140.970s][info][gc,phases      ] GC(112)   Evacuate Collection Set: 46.6ms
[140.970s][info][gc,phases      ] GC(112)   Post Evacuate Collection Set: 1.0ms
[140.970s][info][gc,phases      ] GC(112)   Other: 0.2ms
[140.970s][info][gc,heap        ] GC(112) Eden regions: 1184->0(1175)
[140.970s][info][gc,heap        ] GC(112) Survivor regions: 44->53(154)
[140.970s][info][gc,heap        ] GC(112) Old regions: 218->218
[140.970s][info][gc,heap        ] GC(112) Archive regions: 0->0
[140.970s][info][gc,heap        ] GC(112) Humongous regions: 0->0
[140.970s][info][gc,metaspace   ] GC(112) Metaspace: 10456K(10688K)->10456K(10688K) NonClass: 9571K(9664K)->9571K(9664K) Class: 884K(1024K)->884K(1024K)
[140.970s][info][gc             ] GC(112) Pause Young (Normal) (G1 Evacuation Pause) 2885M->534M(4096M) 48.096ms
[140.970s][info][gc,cpu         ] GC(112) User=0.28s Sys=0.00s Real=0.05s
[141.820s][info][gc,start       ] GC(113) Pause Young (Normal) (G1 Evacuation Pause)
[141.820s][info][gc,task        ] GC(113) Using 6 workers of 6 for evacuation
[141.874s][info][gc,phases      ] GC(113)   Pre Evacuate Collection Set: 0.1ms
[141.874s][info][gc,phases      ] GC(113)   Merge Heap Roots: 0.1ms
[141.874s][info][gc,phases      ] GC(113)   Evacuate Collection Set: 52.6ms
[141.874s][info][gc,phases      ] GC(113)   Post Evacuate Collection Set: 1.1ms
[141.874s][info][gc,phases      ] GC(113)   Other: 0.2ms
[141.874s][info][gc,heap        ] GC(113) Eden regions: 1175->0(1168)
[141.874s][info][gc,heap        ] GC(113) Survivor regions: 53->60(154)
[141.874s][info][gc,heap        ] GC(113) Old regions: 218->218
[141.874s][info][gc,heap        ] GC(113) Archive regions: 0->0
[141.874s][info][gc,heap        ] GC(113) Humongous regions: 0->0
[141.874s][info][gc,metaspace   ] GC(113) Metaspace: 10456K(10688K)->10456K(10688K) NonClass: 9571K(9664K)->9571K(9664K) Class: 884K(1024K)->884K(1024K)
[141.874s][info][gc             ] GC(113) Pause Young (Normal) (G1 Evacuation Pause) 2884M->548M(4096M) 54.213ms
[141.874s][info][gc,cpu         ] GC(113) User=0.30s Sys=0.00s Real=0.05s
[142.709s][info][gc,start       ] GC(114) Pause Young (Normal) (G1 Evacuation Pause)
[142.709s][info][gc,task        ] GC(114) Using 6 workers of 6 for evacuation
[142.767s][info][gc,phases      ] GC(114)   Pre Evacuate Collection Set: 0.1ms
[142.768s][info][gc,phases      ] GC(114)   Merge Heap Roots: 0.1ms
[142.768s][info][gc,phases      ] GC(114)   Evacuate Collection Set: 56.5ms
[142.768s][info][gc,phases      ] GC(114)   Post Evacuate Collection Set: 1.1ms
[142.768s][info][gc,phases      ] GC(114)   Other: 0.2ms
[142.768s][info][gc,heap        ] GC(114) Eden regions: 1168->0(1162)
[142.768s][info][gc,heap        ] GC(114) Survivor regions: 60->66(154)
[142.768s][info][gc,heap        ] GC(114) Old regions: 218->218
[142.768s][info][gc,heap        ] GC(114) Archive regions: 0->0
[142.768s][info][gc,heap        ] GC(114) Humongous regions: 0->0
[142.768s][info][gc,metaspace   ] GC(114) Metaspace: 10456K(10688K)->10456K(10688K) NonClass: 9571K(9664K)->9571K(9664K) Class: 884K(1024K)->884K(1024K)
[142.768s][info][gc             ] GC(114) Pause Young (Normal) (G1 Evacuation Pause) 2884M->561M(4096M) 59.647ms
[142.768s][info][gc,cpu         ] GC(114) User=0.38s Sys=0.00s Real=0.06s
[145.505s][info][gc,start       ] GC(115) Pause Young (Normal) (G1 Evacuation Pause)
[145.505s][info][gc,task        ] GC(115) Using 6 workers of 6 for evacuation
[145.686s][info][gc,phases      ] GC(115)   Pre Evacuate Collection Set: 0.2ms
[145.687s][info][gc,phases      ] GC(115)   Merge Heap Roots: 0.2ms
[145.687s][info][gc,phases      ] GC(115)   Evacuate Collection Set: 179.9ms
[145.687s][info][gc,phases      ] GC(115)   Post Evacuate Collection Set: 0.9ms
[145.687s][info][gc,phases      ] GC(115)   Other: 0.3ms
[145.687s][info][gc,heap        ] GC(115) Eden regions: 1162->0(1090)
[145.687s][info][gc,heap        ] GC(115) Survivor regions: 66->138(154)
[145.687s][info][gc,heap        ] GC(115) Old regions: 218->218
[145.687s][info][gc,heap        ] GC(115) Archive regions: 0->0
[145.687s][info][gc,heap        ] GC(115) Humongous regions: 0->0
[145.687s][info][gc,metaspace   ] GC(115) Metaspace: 10460K(10688K)->10460K(10688K) NonClass: 9576K(9664K)->9576K(9664K) Class: 884K(1024K)->884K(1024K)
[145.687s][info][gc             ] GC(115) Pause Young (Normal) (G1 Evacuation Pause) 2885M->705M(4096M) 181.498ms
[145.687s][info][gc,cpu         ] GC(115) User=1.06s Sys=0.00s Real=0.18s
[148.359s][info][gc,start       ] GC(116) Pause Young (Normal) (G1 Evacuation Pause)
[148.359s][info][gc,task        ] GC(116) Using 6 workers of 6 for evacuation
[148.465s][info][gc,phases      ] GC(116)   Pre Evacuate Collection Set: 0.2ms
[148.465s][info][gc,phases      ] GC(116)   Merge Heap Roots: 0.2ms
[148.465s][info][gc,phases      ] GC(116)   Evacuate Collection Set: 104.3ms
[148.465s][info][gc,phases      ] GC(116)   Post Evacuate Collection Set: 0.9ms
[148.465s][info][gc,phases      ] GC(116)   Other: 0.3ms
[148.465s][info][gc,heap        ] GC(116) Eden regions: 1090->0(1156)
[148.465s][info][gc,heap        ] GC(116) Survivor regions: 138->72(154)
[148.465s][info][gc,heap        ] GC(116) Old regions: 218->228
[148.465s][info][gc,heap        ] GC(116) Archive regions: 0->0
[148.465s][info][gc,heap        ] GC(116) Humongous regions: 0->0
[148.465s][info][gc,metaspace   ] GC(116) Metaspace: 10460K(10688K)->10460K(10688K) NonClass: 9576K(9664K)->9576K(9664K) Class: 884K(1024K)->884K(1024K)
[148.465s][info][gc             ] GC(116) Pause Young (Normal) (G1 Evacuation Pause) 2885M->592M(4096M) 105.975ms
[148.465s][info][gc,cpu         ] GC(116) User=0.56s Sys=0.00s Real=0.11s
[149.624s][info][gc,heap,exit   ] Heap
[149.624s][info][gc,heap,exit   ]  garbage-first heap   total 4194304K, used 1247880K [0x0000000700000000, 0x0000000800000000)
[149.624s][info][gc,heap,exit   ]   region size 2048K, 385 young (788480K), 72 survivors (147456K)
[149.624s][info][gc,heap,exit   ]  Metaspace       used 10468K, committed 10688K, reserved 1114112K
[149.625s][info][gc,heap,exit   ]   class space    used 885K, committed 1024K, reserved 1048576K
