[0.007s][info][gc,init] Initializing The Z Garbage Collector
[0.007s][info][gc,init] Version: 21.0.4+7-adhoc.Administrator.jdk21u (release)
[0.007s][info][gc,init] Using legacy single-generation mode
[0.007s][info][gc,init] NUMA Support: Disabled
[0.007s][info][gc,init] CPUs: 6 total, 6 available
[0.007s][info][gc,init] Memory: 15591M
[0.007s][info][gc,init] Large Page Support: Disabled
[0.007s][info][gc,init] GC Workers: 2 (dynamic)
[0.008s][info][gc,init] Address Space Type: Contiguous/Unrestricted/Complete
[0.008s][info][gc,init] Address Space Size: 65536M x 3 = 196608M
[0.008s][info][gc,init] Min Capacity: 4096M
[0.008s][info][gc,init] Initial Capacity: 4096M
[0.010s][info][gc,init] Max Capacity: 4096M
[0.010s][info][gc,init] Medium Page Size: 32M
[0.010s][info][gc,init] Pre-touch: Disabled
[0.010s][info][gc,init] Uncommit: Implicitly Disabled (-Xms equals -Xmx)
[0.150s][info][gc,init] Runtime Workers: 4
[0.151s][info][gc     ] Using The Z Garbage Collector
[0.160s][info][gc,metaspace] CDS archive(s) mapped at: [0x0000014d80000000-0x0000014d80c90000-0x0000014d80c90000), size 13172736, SharedBaseAddress: 0x0000014d80000000, ArchiveRelocationMode: 1.
[0.160s][info][gc,metaspace] Compressed class space mapped at: 0x0000014d81000000-0x0000014dc1000000, reserved size: 1073741824
[0.160s][info][gc,metaspace] Narrow klass base: 0x0000014d80000000, Narrow klass shift: 0, Narrow klass range: 0x100000000
[1.108s][info][gc,start    ] GC(0) Garbage Collection (System.gc())
[1.108s][info][gc,task     ] GC(0) Using 2 workers
[1.109s][info][gc,phases   ] GC(0) Pause Mark Start 0.019ms
[1.224s][info][gc,phases   ] GC(0) Concurrent Mark 115.674ms
[1.225s][info][gc,phases   ] GC(0) Pause Mark End 0.040ms
[1.225s][info][gc,phases   ] GC(0) Concurrent Mark Free 0.003ms
[1.227s][info][gc,phases   ] GC(0) Concurrent Process Non-Strong References 2.087ms
[1.227s][info][gc,phases   ] GC(0) Concurrent Reset Relocation Set 0.000ms
[1.241s][info][gc,phases   ] GC(0) Concurrent Select Relocation Set 13.885ms
[1.241s][info][gc,phases   ] GC(0) Pause Relocate Start 0.023ms
[1.299s][info][gc,phases   ] GC(0) Concurrent Relocate 57.532ms
[1.299s][info][gc,load     ] GC(0) Load: 0.00/0.00/0.00
[1.299s][info][gc,mmu      ] GC(0) MMU: 2ms/98.0%, 5ms/99.2%, 10ms/99.6%, 20ms/99.7%, 50ms/99.9%, 100ms/99.9%
[1.299s][info][gc,marking  ] GC(0) Mark: 2 stripe(s), 2 proactive flush(es), 1 terminate flush(es), 0 completion(s), 0 continuation(s) 
[1.299s][info][gc,marking  ] GC(0) Mark Stack Usage: 32M
[1.299s][info][gc,nmethod  ] GC(0) NMethods: 1123 registered, 133 unregistered
[1.299s][info][gc,metaspace] GC(0) Metaspace: 8M used, 8M committed, 1088M reserved
[1.299s][info][gc,ref      ] GC(0) Soft: 187 encountered, 0 discovered, 0 enqueued
[1.299s][info][gc,ref      ] GC(0) Weak: 929 encountered, 682 discovered, 284 enqueued
[1.299s][info][gc,ref      ] GC(0) Final: 0 encountered, 0 discovered, 0 enqueued
[1.299s][info][gc,ref      ] GC(0) Phantom: 228 encountered, 216 discovered, 201 enqueued
[1.299s][info][gc,reloc    ] GC(0) Small Pages: 125 / 250M, Empty: 0M, Relocated: 87M, In-Place: 0
[1.299s][info][gc,reloc    ] GC(0) Medium Pages: 1 / 32M, Empty: 32M, Relocated: 0M, In-Place: 0
[1.299s][info][gc,reloc    ] GC(0) Large Pages: 1 / 6M, Empty: 0M, Relocated: 0M, In-Place: 0
[1.299s][info][gc,reloc    ] GC(0) Forwarding Usage: 56M
[1.299s][info][gc,heap     ] GC(0) Min Capacity: 4096M(100%)
[1.299s][info][gc,heap     ] GC(0) Max Capacity: 4096M(100%)
[1.299s][info][gc,heap     ] GC(0) Soft Max Capacity: 4096M(100%)
[1.299s][info][gc,heap     ] GC(0)                Mark Start          Mark End        Relocate Start      Relocate End           High               Low         
[1.299s][info][gc,heap     ] GC(0)  Capacity:     4096M (100%)       4096M (100%)       4096M (100%)       4096M (100%)       4096M (100%)       4096M (100%)   
[1.299s][info][gc,heap     ] GC(0)      Free:     3808M (93%)        3808M (93%)        3836M (94%)        3994M (98%)        3994M (98%)        3804M (93%)    
[1.299s][info][gc,heap     ] GC(0)      Used:      288M (7%)          288M (7%)          260M (6%)          102M (2%)          292M (7%)          102M (2%)     
[1.299s][info][gc,heap     ] GC(0)      Live:         -                94M (2%)           94M (2%)           94M (2%)             -                  -          
[1.299s][info][gc,heap     ] GC(0) Allocated:         -                 0M (0%)            4M (0%)            4M (0%)             -                  -          
[1.299s][info][gc,heap     ] GC(0)   Garbage:         -               193M (5%)          161M (4%)            3M (0%)             -                  -          
[1.299s][info][gc,heap     ] GC(0) Reclaimed:         -                  -                32M (1%)          190M (5%)             -                  -          
[1.299s][info][gc          ] GC(0) Garbage Collection (System.gc()) 288M(7%)->102M(2%)
[1.678s][info][gc,start    ] GC(1) Garbage Collection (Warmup)
[1.678s][info][gc,task     ] GC(1) Using 2 workers
[1.678s][info][gc,phases   ] GC(1) Pause Mark Start 0.011ms
[1.772s][info][gc,phases   ] GC(1) Concurrent Mark 93.969ms
[1.773s][info][gc,phases   ] GC(1) Pause Mark End 0.029ms
[1.773s][info][gc,phases   ] GC(1) Concurrent Mark Free 0.003ms
[1.778s][info][gc,phases   ] GC(1) Concurrent Process Non-Strong References 5.768ms
[1.779s][info][gc,phases   ] GC(1) Concurrent Reset Relocation Set 0.026ms
[1.787s][info][gc,phases   ] GC(1) Concurrent Select Relocation Set 8.247ms
[1.787s][info][gc,phases   ] GC(1) Pause Relocate Start 0.012ms
[1.791s][info][gc,phases   ] GC(1) Concurrent Relocate 3.742ms
[1.791s][info][gc,load     ] GC(1) Load: 0.00/0.00/0.00
[1.791s][info][gc,mmu      ] GC(1) MMU: 2ms/98.0%, 5ms/99.2%, 10ms/99.6%, 20ms/99.7%, 50ms/99.9%, 100ms/99.9%
[1.791s][info][gc,marking  ] GC(1) Mark: 2 stripe(s), 2 proactive flush(es), 1 terminate flush(es), 0 completion(s), 0 continuation(s) 
[1.791s][info][gc,marking  ] GC(1) Mark Stack Usage: 32M
[1.791s][info][gc,nmethod  ] GC(1) NMethods: 1252 registered, 79 unregistered
[1.791s][info][gc,metaspace] GC(1) Metaspace: 11M used, 11M committed, 1088M reserved
[1.791s][info][gc,ref      ] GC(1) Soft: 196 encountered, 0 discovered, 0 enqueued
[1.791s][info][gc,ref      ] GC(1) Weak: 712 encountered, 337 discovered, 28 enqueued
[1.791s][info][gc,ref      ] GC(1) Final: 0 encountered, 0 discovered, 0 enqueued
[1.791s][info][gc,ref      ] GC(1) Phantom: 53 encountered, 30 discovered, 17 enqueued
[1.791s][info][gc,reloc    ] GC(1) Small Pages: 301 / 602M, Empty: 456M, Relocated: 5M, In-Place: 0
[1.791s][info][gc,reloc    ] GC(1) Medium Pages: 3 / 96M, Empty: 64M, Relocated: 0M, In-Place: 0
[1.791s][info][gc,reloc    ] GC(1) Large Pages: 1 / 6M, Empty: 0M, Relocated: 0M, In-Place: 0
[1.791s][info][gc,reloc    ] GC(1) Forwarding Usage: 1M
[1.791s][info][gc,heap     ] GC(1) Min Capacity: 4096M(100%)
[1.791s][info][gc,heap     ] GC(1) Max Capacity: 4096M(100%)
[1.791s][info][gc,heap     ] GC(1) Soft Max Capacity: 4096M(100%)
[1.791s][info][gc,heap     ] GC(1)                Mark Start          Mark End        Relocate Start      Relocate End           High               Low         
[1.791s][info][gc,heap     ] GC(1)  Capacity:     4096M (100%)       4096M (100%)       4096M (100%)       4096M (100%)       4096M (100%)       4096M (100%)   
[1.791s][info][gc,heap     ] GC(1)      Free:     3392M (83%)        3230M (79%)        3708M (91%)        3760M (92%)        3760M (92%)        3208M (78%)    
[1.791s][info][gc,heap     ] GC(1)      Used:      704M (17%)         866M (21%)         388M (9%)          336M (8%)          888M (22%)         336M (8%)     
[1.791s][info][gc,heap     ] GC(1)      Live:         -               100M (2%)          100M (2%)          100M (2%)             -                  -          
[1.791s][info][gc,heap     ] GC(1) Allocated:         -               162M (4%)          204M (5%)          203M (5%)             -                  -          
[1.791s][info][gc,heap     ] GC(1)   Garbage:         -               603M (15%)          83M (2%)           31M (1%)             -                  -          
[1.791s][info][gc,heap     ] GC(1) Reclaimed:         -                  -               520M (13%)         571M (14%)            -                  -          
[1.791s][info][gc          ] GC(1) Garbage Collection (Warmup) 704M(17%)->336M(8%)
[1.976s][info][gc,start    ] GC(2) Garbage Collection (Warmup)
[1.976s][info][gc,task     ] GC(2) Using 2 workers
[1.977s][info][gc,phases   ] GC(2) Pause Mark Start 0.010ms
[2.055s][info][gc,phases   ] GC(2) Concurrent Mark 78.150ms
[2.055s][info][gc,phases   ] GC(2) Pause Mark End 0.015ms
[2.055s][info][gc,phases   ] GC(2) Concurrent Mark Free 0.001ms
[2.057s][info][gc,phases   ] GC(2) Concurrent Process Non-Strong References 1.722ms
[2.057s][info][gc,phases   ] GC(2) Concurrent Reset Relocation Set 0.003ms
[2.059s][info][gc,phases   ] GC(2) Concurrent Select Relocation Set 2.534ms
[2.060s][info][gc,phases   ] GC(2) Pause Relocate Start 0.020ms
[2.064s][info][gc,phases   ] GC(2) Concurrent Relocate 4.446ms
[2.064s][info][gc,load     ] GC(2) Load: 0.00/0.00/0.00
[2.064s][info][gc,mmu      ] GC(2) MMU: 2ms/98.0%, 5ms/99.2%, 10ms/99.6%, 20ms/99.7%, 50ms/99.9%, 100ms/99.9%
[2.064s][info][gc,marking  ] GC(2) Mark: 2 stripe(s), 2 proactive flush(es), 1 terminate flush(es), 0 completion(s), 0 continuation(s) 
[2.064s][info][gc,marking  ] GC(2) Mark Stack Usage: 32M
[2.064s][info][gc,nmethod  ] GC(2) NMethods: 1272 registered, 84 unregistered
[2.064s][info][gc,metaspace] GC(2) Metaspace: 11M used, 11M committed, 1088M reserved
[2.064s][info][gc,ref      ] GC(2) Soft: 196 encountered, 0 discovered, 0 enqueued
[2.064s][info][gc,ref      ] GC(2) Weak: 684 encountered, 252 discovered, 0 enqueued
[2.064s][info][gc,ref      ] GC(2) Final: 0 encountered, 0 discovered, 0 enqueued
[2.064s][info][gc,ref      ] GC(2) Phantom: 36 encountered, 24 discovered, 0 enqueued
[2.064s][info][gc,reloc    ] GC(2) Small Pages: 429 / 858M, Empty: 718M, Relocated: 3M, In-Place: 0
[2.064s][info][gc,reloc    ] GC(2) Medium Pages: 5 / 160M, Empty: 160M, Relocated: 0M, In-Place: 0
[2.064s][info][gc,reloc    ] GC(2) Large Pages: 1 / 6M, Empty: 0M, Relocated: 0M, In-Place: 0
[2.064s][info][gc,reloc    ] GC(2) Forwarding Usage: 1M
[2.064s][info][gc,heap     ] GC(2) Min Capacity: 4096M(100%)
[2.064s][info][gc,heap     ] GC(2) Max Capacity: 4096M(100%)
[2.064s][info][gc,heap     ] GC(2) Soft Max Capacity: 4096M(100%)
[2.064s][info][gc,heap     ] GC(2)                Mark Start          Mark End        Relocate Start      Relocate End           High               Low         
[2.064s][info][gc,heap     ] GC(2)  Capacity:     4096M (100%)       4096M (100%)       4096M (100%)       4096M (100%)       4096M (100%)       4096M (100%)   
[2.064s][info][gc,heap     ] GC(2)      Free:     3072M (75%)        2878M (70%)        3748M (92%)        3782M (92%)        3792M (93%)        2878M (70%)    
[2.064s][info][gc,heap     ] GC(2)      Used:     1024M (25%)        1218M (30%)         348M (8%)          314M (8%)         1218M (30%)         304M (7%)     
[2.064s][info][gc,heap     ] GC(2)      Live:         -                96M (2%)           96M (2%)           96M (2%)             -                  -          
[2.064s][info][gc,heap     ] GC(2) Allocated:         -               194M (5%)          202M (5%)          215M (5%)             -                  -          
[2.065s][info][gc,heap     ] GC(2)   Garbage:         -               927M (23%)          49M (1%)            1M (0%)             -                  -          
[2.065s][info][gc,heap     ] GC(2) Reclaimed:         -                  -               878M (21%)         925M (23%)            -                  -          
[2.065s][info][gc          ] GC(2) Garbage Collection (Warmup) 1024M(25%)->314M(8%)
[2.385s][info][gc,start    ] GC(3) Garbage Collection (Warmup)
[2.385s][info][gc,task     ] GC(3) Using 2 workers
[2.385s][info][gc,phases   ] GC(3) Pause Mark Start 0.005ms
[2.479s][info][gc,phases   ] GC(3) Concurrent Mark 94.080ms
[2.479s][info][gc,phases   ] GC(3) Pause Mark End 0.018ms
[2.479s][info][gc,phases   ] GC(3) Concurrent Mark Free 0.001ms
[2.482s][info][gc,phases   ] GC(3) Concurrent Process Non-Strong References 3.163ms
[2.482s][info][gc,phases   ] GC(3) Concurrent Reset Relocation Set 0.003ms
[2.486s][info][gc,phases   ] GC(3) Concurrent Select Relocation Set 3.383ms
[2.486s][info][gc,phases   ] GC(3) Pause Relocate Start 0.015ms
[2.487s][info][gc,phases   ] GC(3) Concurrent Relocate 0.731ms
[2.487s][info][gc,load     ] GC(3) Load: 0.00/0.00/0.00
[2.487s][info][gc,mmu      ] GC(3) MMU: 2ms/98.0%, 5ms/99.2%, 10ms/99.6%, 20ms/99.7%, 50ms/99.9%, 100ms/99.9%
[2.487s][info][gc,marking  ] GC(3) Mark: 2 stripe(s), 2 proactive flush(es), 1 terminate flush(es), 0 completion(s), 0 continuation(s) 
[2.487s][info][gc,marking  ] GC(3) Mark Stack Usage: 32M
[2.487s][info][gc,nmethod  ] GC(3) NMethods: 1277 registered, 96 unregistered
[2.487s][info][gc,metaspace] GC(3) Metaspace: 11M used, 11M committed, 1088M reserved
[2.487s][info][gc,ref      ] GC(3) Soft: 196 encountered, 0 discovered, 0 enqueued
[2.487s][info][gc,ref      ] GC(3) Weak: 684 encountered, 8 discovered, 0 enqueued
[2.487s][info][gc,ref      ] GC(3) Final: 0 encountered, 0 discovered, 0 enqueued
[2.487s][info][gc,ref      ] GC(3) Phantom: 36 encountered, 24 discovered, 0 enqueued
[2.487s][info][gc,reloc    ] GC(3) Small Pages: 662 / 1324M, Empty: 1214M, Relocated: 1M, In-Place: 0
[2.487s][info][gc,reloc    ] GC(3) Medium Pages: 7 / 224M, Empty: 224M, Relocated: 0M, In-Place: 0
[2.487s][info][gc,reloc    ] GC(3) Large Pages: 1 / 6M, Empty: 0M, Relocated: 0M, In-Place: 0
[2.487s][info][gc,reloc    ] GC(3) Forwarding Usage: 0M
[2.487s][info][gc,heap     ] GC(3) Min Capacity: 4096M(100%)
[2.487s][info][gc,heap     ] GC(3) Max Capacity: 4096M(100%)
[2.487s][info][gc,heap     ] GC(3) Soft Max Capacity: 4096M(100%)
[2.487s][info][gc,heap     ] GC(3)                Mark Start          Mark End        Relocate Start      Relocate End           High               Low         
[2.487s][info][gc,heap     ] GC(3)  Capacity:     4096M (100%)       4096M (100%)       4096M (100%)       4096M (100%)       4096M (100%)       4096M (100%)   
[2.487s][info][gc,heap     ] GC(3)      Free:     2542M (62%)        2312M (56%)        3718M (91%)        3734M (91%)        3734M (91%)        2298M (56%)    
[2.487s][info][gc,heap     ] GC(3)      Used:     1554M (38%)        1784M (44%)         378M (9%)          362M (9%)         1798M (44%)         362M (9%)     
[2.487s][info][gc,heap     ] GC(3)      Live:         -                95M (2%)           95M (2%)           95M (2%)             -                  -          
[2.487s][info][gc,heap     ] GC(3) Allocated:         -               230M (6%)          262M (6%)          261M (6%)             -                  -          
[2.487s][info][gc,heap     ] GC(3)   Garbage:         -              1458M (36%)          20M (0%)            4M (0%)             -                  -          
[2.487s][info][gc,heap     ] GC(3) Reclaimed:         -                  -              1438M (35%)        1453M (35%)            -                  -          
[2.487s][info][gc          ] GC(3) Garbage Collection (Warmup) 1554M(38%)->362M(9%)
[2.888s][info][gc,start    ] GC(4) Garbage Collection (Allocation Rate)
[2.888s][info][gc,task     ] GC(4) Using 2 workers
[2.888s][info][gc,phases   ] GC(4) Pause Mark Start 0.012ms
[2.966s][info][gc,phases   ] GC(4) Concurrent Mark 78.479ms
[2.967s][info][gc,phases   ] GC(4) Pause Mark End 0.026ms
[2.967s][info][gc,phases   ] GC(4) Concurrent Mark Free 0.002ms
[2.970s][info][gc,phases   ] GC(4) Concurrent Process Non-Strong References 2.842ms
[2.970s][info][gc,phases   ] GC(4) Concurrent Reset Relocation Set 0.003ms
[2.974s][info][gc,phases   ] GC(4) Concurrent Select Relocation Set 4.095ms
[2.974s][info][gc,phases   ] GC(4) Pause Relocate Start 0.013ms
[2.979s][info][gc,phases   ] GC(4) Concurrent Relocate 4.680ms
[2.979s][info][gc,load     ] GC(4) Load: 0.00/0.00/0.00
[2.979s][info][gc,mmu      ] GC(4) MMU: 2ms/98.0%, 5ms/99.2%, 10ms/99.6%, 20ms/99.7%, 50ms/99.9%, 100ms/99.9%
[2.979s][info][gc,marking  ] GC(4) Mark: 2 stripe(s), 2 proactive flush(es), 1 terminate flush(es), 0 completion(s), 0 continuation(s) 
[2.979s][info][gc,marking  ] GC(4) Mark Stack Usage: 32M
[2.979s][info][gc,nmethod  ] GC(4) NMethods: 1282 registered, 100 unregistered
[2.979s][info][gc,metaspace] GC(4) Metaspace: 11M used, 11M committed, 1088M reserved
[2.979s][info][gc,ref      ] GC(4) Soft: 196 encountered, 0 discovered, 0 enqueued
[2.979s][info][gc,ref      ] GC(4) Weak: 684 encountered, 7 discovered, 0 enqueued
[2.979s][info][gc,ref      ] GC(4) Final: 0 encountered, 0 discovered, 0 enqueued
[2.979s][info][gc,ref      ] GC(4) Phantom: 36 encountered, 14 discovered, 0 enqueued
[2.979s][info][gc,reloc    ] GC(4) Small Pages: 874 / 1748M, Empty: 1626M, Relocated: 2M, In-Place: 0
[2.979s][info][gc,reloc    ] GC(4) Medium Pages: 9 / 288M, Empty: 224M, Relocated: 4M, In-Place: 0
[2.979s][info][gc,reloc    ] GC(4) Large Pages: 1 / 6M, Empty: 0M, Relocated: 0M, In-Place: 0
[2.979s][info][gc,reloc    ] GC(4) Forwarding Usage: 1M
[2.979s][info][gc,heap     ] GC(4) Min Capacity: 4096M(100%)
[2.979s][info][gc,heap     ] GC(4) Max Capacity: 4096M(100%)
[2.979s][info][gc,heap     ] GC(4) Soft Max Capacity: 4096M(100%)
[2.979s][info][gc,heap     ] GC(4)                Mark Start          Mark End        Relocate Start      Relocate End           High               Low         
[2.979s][info][gc,heap     ] GC(4)  Capacity:     4096M (100%)       4096M (100%)       4096M (100%)       4096M (100%)       4096M (100%)       4096M (100%)   
[2.979s][info][gc,heap     ] GC(4)      Free:     2054M (50%)        1898M (46%)        3718M (91%)        3764M (92%)        3774M (92%)        1884M (46%)    
[2.979s][info][gc,heap     ] GC(4)      Used:     2042M (50%)        2198M (54%)         378M (9%)          332M (8%)         2212M (54%)         322M (8%)     
[2.979s][info][gc,heap     ] GC(4)      Live:         -               100M (2%)          100M (2%)          100M (2%)             -                  -          
[2.979s][info][gc,heap     ] GC(4) Allocated:         -               156M (4%)          186M (5%)          201M (5%)             -                  -          
[2.979s][info][gc,heap     ] GC(4)   Garbage:         -              1941M (47%)          91M (2%)           29M (1%)             -                  -          
[2.979s][info][gc,heap     ] GC(4) Reclaimed:         -                  -              1850M (45%)        1911M (47%)            -                  -          
[2.979s][info][gc          ] GC(4) Garbage Collection (Allocation Rate) 2042M(50%)->332M(8%)
[3.484s][info][gc,start    ] GC(5) Garbage Collection (Allocation Rate)
[3.484s][info][gc,task     ] GC(5) Using 1 workers
[3.485s][info][gc,phases   ] GC(5) Pause Mark Start 0.013ms
[3.641s][info][gc,phases   ] GC(5) Concurrent Mark 156.295ms
[3.641s][info][gc,phases   ] GC(5) Pause Mark End 0.011ms
[3.641s][info][gc,phases   ] GC(5) Concurrent Mark Free 0.001ms
[3.657s][info][gc,phases   ] GC(5) Concurrent Process Non-Strong References 15.924ms
[3.657s][info][gc,phases   ] GC(5) Concurrent Reset Relocation Set 0.003ms
[3.660s][info][gc,phases   ] GC(5) Concurrent Select Relocation Set 2.625ms
[3.660s][info][gc,phases   ] GC(5) Pause Relocate Start 0.010ms
[3.662s][info][gc,phases   ] GC(5) Concurrent Relocate 1.739ms
[3.662s][info][gc,load     ] GC(5) Load: 0.00/0.00/0.00
[3.662s][info][gc,mmu      ] GC(5) MMU: 2ms/98.0%, 5ms/99.2%, 10ms/99.6%, 20ms/99.7%, 50ms/99.9%, 100ms/99.9%
[3.662s][info][gc,marking  ] GC(5) Mark: 1 stripe(s), 2 proactive flush(es), 1 terminate flush(es), 0 completion(s), 0 continuation(s) 
[3.662s][info][gc,marking  ] GC(5) Mark Stack Usage: 32M
[3.662s][info][gc,nmethod  ] GC(5) NMethods: 1300 registered, 103 unregistered
[3.662s][info][gc,metaspace] GC(5) Metaspace: 11M used, 11M committed, 1088M reserved
[3.662s][info][gc,ref      ] GC(5) Soft: 196 encountered, 0 discovered, 0 enqueued
[3.662s][info][gc,ref      ] GC(5) Weak: 684 encountered, 545 discovered, 0 enqueued
[3.662s][info][gc,ref      ] GC(5) Final: 0 encountered, 0 discovered, 0 enqueued
[3.662s][info][gc,ref      ] GC(5) Phantom: 36 encountered, 17 discovered, 0 enqueued
[3.662s][info][gc,reloc    ] GC(5) Small Pages: 1040 / 2080M, Empty: 1944M, Relocated: 3M, In-Place: 0
[3.662s][info][gc,reloc    ] GC(5) Medium Pages: 11 / 352M, Empty: 320M, Relocated: 0M, In-Place: 0
[3.662s][info][gc,reloc    ] GC(5) Large Pages: 1 / 6M, Empty: 0M, Relocated: 0M, In-Place: 0
[3.662s][info][gc,reloc    ] GC(5) Forwarding Usage: 0M
[3.662s][info][gc,heap     ] GC(5) Min Capacity: 4096M(100%)
[3.662s][info][gc,heap     ] GC(5) Max Capacity: 4096M(100%)
[3.662s][info][gc,heap     ] GC(5) Soft Max Capacity: 4096M(100%)
[3.662s][info][gc,heap     ] GC(5)                Mark Start          Mark End        Relocate Start      Relocate End           High               Low         
[3.662s][info][gc,heap     ] GC(5)  Capacity:     4096M (100%)       4096M (100%)       4096M (100%)       4096M (100%)       4096M (100%)       4096M (100%)   
[3.662s][info][gc,heap     ] GC(5)      Free:     1658M (40%)        1256M (31%)        3442M (84%)        3452M (84%)        3482M (85%)        1184M (29%)    
[3.662s][info][gc,heap     ] GC(5)      Used:     2438M (60%)        2840M (69%)         654M (16%)         644M (16%)        2912M (71%)         614M (15%)    
[3.662s][info][gc,heap     ] GC(5)      Live:         -               102M (2%)          102M (2%)          102M (2%)             -                  -          
[3.662s][info][gc,heap     ] GC(5) Allocated:         -               402M (10%)         480M (12%)         511M (12%)            -                  -          
[3.662s][info][gc,heap     ] GC(5)   Garbage:         -              2335M (57%)          71M (2%)           29M (1%)             -                  -          
[3.662s][info][gc,heap     ] GC(5) Reclaimed:         -                  -              2264M (55%)        2305M (56%)            -                  -          
[3.662s][info][gc          ] GC(5) Garbage Collection (Allocation Rate) 2438M(60%)->644M(16%)
[4.175s][info][gc,start    ] GC(6) Garbage Collection (Allocation Rate)
[4.175s][info][gc,task     ] GC(6) Using 1 workers
[4.175s][info][gc,phases   ] GC(6) Pause Mark Start 0.013ms
[4.334s][info][gc,phases   ] GC(6) Concurrent Mark 158.714ms
[4.334s][info][gc,phases   ] GC(6) Pause Mark End 0.013ms
[4.334s][info][gc,phases   ] GC(6) Concurrent Mark Free 0.001ms
[4.338s][info][gc,phases   ] GC(6) Concurrent Process Non-Strong References 3.608ms
[4.338s][info][gc,phases   ] GC(6) Concurrent Reset Relocation Set 0.003ms
[4.342s][info][gc,phases   ] GC(6) Concurrent Select Relocation Set 3.827ms
[4.342s][info][gc,phases   ] GC(6) Pause Relocate Start 0.010ms
[4.348s][info][gc,phases   ] GC(6) Concurrent Relocate 6.406ms
[4.348s][info][gc,load     ] GC(6) Load: 0.00/0.00/0.00
[4.348s][info][gc,mmu      ] GC(6) MMU: 2ms/98.0%, 5ms/99.2%, 10ms/99.6%, 20ms/99.7%, 50ms/99.9%, 100ms/99.9%
[4.348s][info][gc,marking  ] GC(6) Mark: 1 stripe(s), 2 proactive flush(es), 1 terminate flush(es), 0 completion(s), 0 continuation(s) 
[4.349s][info][gc,marking  ] GC(6) Mark Stack Usage: 32M
[4.349s][info][gc,nmethod  ] GC(6) NMethods: 1304 registered, 108 unregistered
[4.349s][info][gc,metaspace] GC(6) Metaspace: 11M used, 11M committed, 1088M reserved
[4.349s][info][gc,ref      ] GC(6) Soft: 196 encountered, 0 discovered, 0 enqueued
[4.349s][info][gc,ref      ] GC(6) Weak: 684 encountered, 186 discovered, 0 enqueued
[4.349s][info][gc,ref      ] GC(6) Final: 0 encountered, 0 discovered, 0 enqueued
[4.349s][info][gc,ref      ] GC(6) Phantom: 36 encountered, 21 discovered, 0 enqueued
[4.349s][info][gc,reloc    ] GC(6) Small Pages: 1226 / 2452M, Empty: 2296M, Relocated: 4M, In-Place: 0
[4.349s][info][gc,reloc    ] GC(6) Medium Pages: 13 / 416M, Empty: 416M, Relocated: 0M, In-Place: 0
[4.349s][info][gc,reloc    ] GC(6) Large Pages: 1 / 6M, Empty: 0M, Relocated: 0M, In-Place: 0
[4.349s][info][gc,reloc    ] GC(6) Forwarding Usage: 0M
[4.349s][info][gc,heap     ] GC(6) Min Capacity: 4096M(100%)
[4.349s][info][gc,heap     ] GC(6) Max Capacity: 4096M(100%)
[4.349s][info][gc,heap     ] GC(6) Soft Max Capacity: 4096M(100%)
[4.349s][info][gc,heap     ] GC(6)                Mark Start          Mark End        Relocate Start      Relocate End           High               Low         
[4.349s][info][gc,heap     ] GC(6)  Capacity:     4096M (100%)       4096M (100%)       4096M (100%)       4096M (100%)       4096M (100%)       4096M (100%)   
[4.349s][info][gc,heap     ] GC(6)      Free:     1222M (30%)         748M (18%)        3430M (84%)        3466M (85%)        3482M (85%)         730M (18%)    
[4.349s][info][gc,heap     ] GC(6)      Used:     2874M (70%)        3348M (82%)         666M (16%)         630M (15%)        3366M (82%)         614M (15%)    
[4.349s][info][gc,heap     ] GC(6)      Live:         -                98M (2%)           98M (2%)           98M (2%)             -                  -          
[4.349s][info][gc,heap     ] GC(6) Allocated:         -               474M (12%)         504M (12%)         529M (13%)            -                  -          
[4.349s][info][gc,heap     ] GC(6)   Garbage:         -              2775M (68%)          63M (2%)            1M (0%)             -                  -          
[4.349s][info][gc,heap     ] GC(6) Reclaimed:         -                  -              2712M (66%)        2773M (68%)            -                  -          
[4.349s][info][gc          ] GC(6) Garbage Collection (Allocation Rate) 2874M(70%)->630M(15%)
[4.881s][info][gc,start    ] GC(7) Garbage Collection (Allocation Rate)
[4.881s][info][gc,task     ] GC(7) Using 1 workers
[4.881s][info][gc,phases   ] GC(7) Pause Mark Start 0.024ms
[5.035s][info][gc,phases   ] GC(7) Concurrent Mark 153.892ms
[5.036s][info][gc,phases   ] GC(7) Pause Mark End 0.021ms
[5.036s][info][gc,phases   ] GC(7) Concurrent Mark Free 0.002ms
[5.054s][info][gc,phases   ] GC(7) Concurrent Process Non-Strong References 18.159ms
[5.054s][info][gc,phases   ] GC(7) Concurrent Reset Relocation Set 0.004ms
[5.056s][info][gc,phases   ] GC(7) Concurrent Select Relocation Set 2.007ms
[5.056s][info][gc,phases   ] GC(7) Pause Relocate Start 0.011ms
[5.057s][info][gc,phases   ] GC(7) Concurrent Relocate 0.436ms
[5.057s][info][gc,load     ] GC(7) Load: 0.00/0.00/0.00
[5.057s][info][gc,mmu      ] GC(7) MMU: 2ms/98.0%, 5ms/99.2%, 10ms/99.6%, 20ms/99.7%, 50ms/99.9%, 100ms/99.9%
[5.057s][info][gc,marking  ] GC(7) Mark: 1 stripe(s), 2 proactive flush(es), 1 terminate flush(es), 0 completion(s), 0 continuation(s) 
[5.057s][info][gc,marking  ] GC(7) Mark Stack Usage: 32M
[5.057s][info][gc,nmethod  ] GC(7) NMethods: 1303 registered, 115 unregistered
[5.057s][info][gc,metaspace] GC(7) Metaspace: 11M used, 11M committed, 1088M reserved
[5.057s][info][gc,ref      ] GC(7) Soft: 196 encountered, 0 discovered, 0 enqueued
[5.057s][info][gc,ref      ] GC(7) Weak: 684 encountered, 186 discovered, 0 enqueued
[5.057s][info][gc,ref      ] GC(7) Final: 0 encountered, 0 discovered, 0 enqueued
[5.057s][info][gc,ref      ] GC(7) Phantom: 36 encountered, 21 discovered, 0 enqueued
[5.057s][info][gc,reloc    ] GC(7) Small Pages: 1237 / 2474M, Empty: 2334M, Relocated: 1M, In-Place: 0
[5.057s][info][gc,reloc    ] GC(7) Medium Pages: 12 / 384M, Empty: 384M, Relocated: 0M, In-Place: 0
[5.057s][info][gc,reloc    ] GC(7) Large Pages: 1 / 6M, Empty: 0M, Relocated: 0M, In-Place: 0
[5.057s][info][gc,reloc    ] GC(7) Forwarding Usage: 0M
[5.057s][info][gc,heap     ] GC(7) Min Capacity: 4096M(100%)
[5.057s][info][gc,heap     ] GC(7) Max Capacity: 4096M(100%)
[5.057s][info][gc,heap     ] GC(7) Soft Max Capacity: 4096M(100%)
[5.057s][info][gc,heap     ] GC(7)                Mark Start          Mark End        Relocate Start      Relocate End           High               Low         
[5.057s][info][gc,heap     ] GC(7)  Capacity:     4096M (100%)       4096M (100%)       4096M (100%)       4096M (100%)       4096M (100%)       4096M (100%)   
[5.057s][info][gc,heap     ] GC(7)      Free:     1232M (30%)         708M (17%)        3378M (82%)        3424M (84%)        3424M (84%)         660M (16%)    
[5.057s][info][gc,heap     ] GC(7)      Used:     2864M (70%)        3388M (83%)         718M (18%)         672M (16%)        3436M (84%)         672M (16%)    
[5.057s][info][gc,heap     ] GC(7)      Live:         -                97M (2%)           97M (2%)           97M (2%)             -                  -          
[5.057s][info][gc,heap     ] GC(7) Allocated:         -               524M (13%)         572M (14%)         571M (14%)            -                  -          
[5.057s][info][gc,heap     ] GC(7)   Garbage:         -              2766M (68%)          48M (1%)            2M (0%)             -                  -          
[5.057s][info][gc,heap     ] GC(7) Reclaimed:         -                  -              2718M (66%)        2763M (67%)            -                  -          
[5.057s][info][gc          ] GC(7) Garbage Collection (Allocation Rate) 2864M(70%)->672M(16%)
[5.588s][info][gc,start    ] GC(8) Garbage Collection (Allocation Rate)
[5.588s][info][gc,task     ] GC(8) Using 1 workers
[5.588s][info][gc,phases   ] GC(8) Pause Mark Start 0.009ms
[5.793s][info][gc,phases   ] GC(8) Concurrent Mark 205.725ms
[5.794s][info][gc,phases   ] GC(8) Pause Mark End 0.015ms
[5.794s][info][gc,phases   ] GC(8) Concurrent Mark Free 0.001ms
[5.805s][info][gc,phases   ] GC(8) Concurrent Process Non-Strong References 11.642ms
[5.805s][info][gc,phases   ] GC(8) Concurrent Reset Relocation Set 0.007ms
[5.809s][info][gc,phases   ] GC(8) Concurrent Select Relocation Set 3.853ms
[5.812s][info][gc,phases   ] GC(8) Pause Relocate Start 0.010ms
[5.813s][info][gc,phases   ] GC(8) Concurrent Relocate 1.117ms
[5.813s][info][gc,load     ] GC(8) Load: 0.00/0.00/0.00
[5.813s][info][gc,mmu      ] GC(8) MMU: 2ms/98.0%, 5ms/99.2%, 10ms/99.6%, 20ms/99.7%, 50ms/99.9%, 100ms/99.9%
[5.813s][info][gc,marking  ] GC(8) Mark: 1 stripe(s), 2 proactive flush(es), 1 terminate flush(es), 0 completion(s), 0 continuation(s) 
[5.813s][info][gc,marking  ] GC(8) Mark Stack Usage: 32M
[5.813s][info][gc,nmethod  ] GC(8) NMethods: 1305 registered, 119 unregistered
[5.813s][info][gc,metaspace] GC(8) Metaspace: 11M used, 11M committed, 1088M reserved
[5.813s][info][gc,ref      ] GC(8) Soft: 196 encountered, 0 discovered, 0 enqueued
[5.813s][info][gc,ref      ] GC(8) Weak: 684 encountered, 185 discovered, 0 enqueued
[5.813s][info][gc,ref      ] GC(8) Final: 0 encountered, 0 discovered, 0 enqueued
[5.813s][info][gc,ref      ] GC(8) Phantom: 36 encountered, 21 discovered, 0 enqueued
[5.813s][info][gc,reloc    ] GC(8) Small Pages: 1274 / 2548M, Empty: 2416M, Relocated: 1M, In-Place: 0
[5.813s][info][gc,reloc    ] GC(8) Medium Pages: 13 / 416M, Empty: 384M, Relocated: 0M, In-Place: 0
[5.813s][info][gc,reloc    ] GC(8) Large Pages: 1 / 6M, Empty: 0M, Relocated: 0M, In-Place: 0
[5.813s][info][gc,reloc    ] GC(8) Forwarding Usage: 0M
[5.813s][info][gc,heap     ] GC(8) Min Capacity: 4096M(100%)
[5.813s][info][gc,heap     ] GC(8) Max Capacity: 4096M(100%)
[5.813s][info][gc,heap     ] GC(8) Soft Max Capacity: 4096M(100%)
[5.813s][info][gc,heap     ] GC(8)                Mark Start          Mark End        Relocate Start      Relocate End           High               Low         
[5.813s][info][gc,heap     ] GC(8)  Capacity:     4096M (100%)       4096M (100%)       4096M (100%)       4096M (100%)       4096M (100%)       4096M (100%)   
[5.813s][info][gc,heap     ] GC(8)      Free:     1126M (27%)         448M (11%)        3170M (77%)        3208M (78%)        3208M (78%)         392M (10%)    
[5.813s][info][gc,heap     ] GC(8)      Used:     2970M (73%)        3648M (89%)         926M (23%)         888M (22%)        3704M (90%)         888M (22%)    
[5.813s][info][gc,heap     ] GC(8)      Live:         -                99M (2%)           99M (2%)           99M (2%)             -                  -          
[5.813s][info][gc,heap     ] GC(8) Allocated:         -               678M (17%)         756M (18%)         757M (19%)            -                  -          
[5.813s][info][gc,heap     ] GC(8)   Garbage:         -              2870M (70%)          70M (2%)           30M (1%)             -                  -          
[5.813s][info][gc,heap     ] GC(8) Reclaimed:         -                  -              2800M (68%)        2839M (69%)            -                  -          
[5.813s][info][gc          ] GC(8) Garbage Collection (Allocation Rate) 2970M(73%)->888M(22%)
[6.184s][info][gc,start    ] GC(9) Garbage Collection (Allocation Rate)
[6.184s][info][gc,task     ] GC(9) Using 1 workers
[6.184s][info][gc,phases   ] GC(9) Pause Mark Start 0.007ms
[6.317s][info][gc,phases   ] GC(9) Concurrent Mark 132.191ms
[6.317s][info][gc,phases   ] GC(9) Pause Mark End 0.015ms
[6.317s][info][gc,phases   ] GC(9) Concurrent Mark Free 0.001ms
[6.341s][info][gc,phases   ] GC(9) Concurrent Process Non-Strong References 24.469ms
[6.341s][info][gc,phases   ] GC(9) Concurrent Reset Relocation Set 0.002ms
[6.344s][info][gc,phases   ] GC(9) Concurrent Select Relocation Set 2.728ms
[6.344s][info][gc,phases   ] GC(9) Pause Relocate Start 0.014ms
[6.346s][info][gc,phases   ] GC(9) Concurrent Relocate 1.624ms
[6.346s][info][gc,load     ] GC(9) Load: 0.00/0.00/0.00
[6.346s][info][gc,mmu      ] GC(9) MMU: 2ms/98.0%, 5ms/99.2%, 10ms/99.6%, 20ms/99.7%, 50ms/99.9%, 100ms/99.9%
[6.346s][info][gc,marking  ] GC(9) Mark: 1 stripe(s), 2 proactive flush(es), 1 terminate flush(es), 0 completion(s), 0 continuation(s) 
[6.346s][info][gc,marking  ] GC(9) Mark Stack Usage: 32M
[6.346s][info][gc,nmethod  ] GC(9) NMethods: 1303 registered, 121 unregistered
[6.346s][info][gc,metaspace] GC(9) Metaspace: 11M used, 11M committed, 1088M reserved
[6.346s][info][gc,ref      ] GC(9) Soft: 196 encountered, 0 discovered, 0 enqueued
[6.346s][info][gc,ref      ] GC(9) Weak: 684 encountered, 186 discovered, 0 enqueued
[6.346s][info][gc,ref      ] GC(9) Final: 0 encountered, 0 discovered, 0 enqueued
[6.346s][info][gc,ref      ] GC(9) Phantom: 36 encountered, 21 discovered, 0 enqueued
[6.346s][info][gc,reloc    ] GC(9) Small Pages: 1083 / 2166M, Empty: 2042M, Relocated: 1M, In-Place: 0
[6.346s][info][gc,reloc    ] GC(9) Medium Pages: 12 / 384M, Empty: 384M, Relocated: 0M, In-Place: 0
[6.346s][info][gc,reloc    ] GC(9) Large Pages: 1 / 6M, Empty: 0M, Relocated: 0M, In-Place: 0
[6.346s][info][gc,reloc    ] GC(9) Forwarding Usage: 0M
[6.346s][info][gc,heap     ] GC(9) Min Capacity: 4096M(100%)
[6.346s][info][gc,heap     ] GC(9) Max Capacity: 4096M(100%)
[6.346s][info][gc,heap     ] GC(9) Soft Max Capacity: 4096M(100%)
[6.346s][info][gc,heap     ] GC(9)                Mark Start          Mark End        Relocate Start      Relocate End           High               Low         
[6.346s][info][gc,heap     ] GC(9)  Capacity:     4096M (100%)       4096M (100%)       4096M (100%)       4096M (100%)       4096M (100%)       4096M (100%)   
[6.346s][info][gc,heap     ] GC(9)      Free:     1540M (38%)        1026M (25%)        3364M (82%)        3390M (83%)        3392M (83%)         948M (23%)    
[6.346s][info][gc,heap     ] GC(9)      Used:     2556M (62%)        3070M (75%)         732M (18%)         706M (17%)        3148M (77%)         704M (17%)    
[6.346s][info][gc,heap     ] GC(9)      Live:         -                96M (2%)           96M (2%)           96M (2%)             -                  -          
[6.346s][info][gc,heap     ] GC(9) Allocated:         -               514M (13%)         602M (15%)         607M (15%)            -                  -          
[6.346s][info][gc,heap     ] GC(9)   Garbage:         -              2459M (60%)          33M (1%)            1M (0%)             -                  -          
[6.346s][info][gc,heap     ] GC(9) Reclaimed:         -                  -              2426M (59%)        2457M (60%)            -                  -          
[6.346s][info][gc          ] GC(9) Garbage Collection (Allocation Rate) 2556M(62%)->706M(17%)
[6.534s][info][gc,start    ] GC(10) Garbage Collection (System.gc())
[6.535s][info][gc,task     ] GC(10) Using 2 workers
[6.535s][info][gc,phases   ] GC(10) Pause Mark Start 0.007ms
[6.592s][info][gc,phases   ] GC(10) Concurrent Mark 57.625ms
[6.592s][info][gc,phases   ] GC(10) Pause Mark End 0.023ms
[6.593s][info][gc,phases   ] GC(10) Concurrent Mark Free 0.003ms
[6.594s][info][gc,phases   ] GC(10) Concurrent Process Non-Strong References 1.796ms
[6.594s][info][gc,phases   ] GC(10) Concurrent Reset Relocation Set 0.001ms
[6.596s][info][gc,phases   ] GC(10) Concurrent Select Relocation Set 1.497ms
[6.596s][info][gc,phases   ] GC(10) Pause Relocate Start 0.009ms
[6.597s][info][gc,phases   ] GC(10) Concurrent Relocate 0.407ms
[6.597s][info][gc,load     ] GC(10) Load: 0.00/0.00/0.00
[6.597s][info][gc,mmu      ] GC(10) MMU: 2ms/98.0%, 5ms/99.2%, 10ms/99.6%, 20ms/99.7%, 50ms/99.9%, 100ms/99.9%
[6.597s][info][gc,marking  ] GC(10) Mark: 2 stripe(s), 1 proactive flush(es), 1 terminate flush(es), 0 completion(s), 0 continuation(s) 
[6.597s][info][gc,marking  ] GC(10) Mark Stack Usage: 32M
[6.597s][info][gc,nmethod  ] GC(10) NMethods: 1306 registered, 123 unregistered
[6.597s][info][gc,metaspace] GC(10) Metaspace: 11M used, 11M committed, 1088M reserved
[6.597s][info][gc,ref      ] GC(10) Soft: 197 encountered, 0 discovered, 0 enqueued
[6.597s][info][gc,ref      ] GC(10) Weak: 698 encountered, 137 discovered, 3 enqueued
[6.597s][info][gc,ref      ] GC(10) Final: 0 encountered, 0 discovered, 0 enqueued
[6.597s][info][gc,ref      ] GC(10) Phantom: 38 encountered, 18 discovered, 2 enqueued
[6.597s][info][gc,reloc    ] GC(10) Small Pages: 623 / 1246M, Empty: 1144M, Relocated: 1M, In-Place: 0
[6.597s][info][gc,reloc    ] GC(10) Medium Pages: 6 / 192M, Empty: 192M, Relocated: 0M, In-Place: 0
[6.597s][info][gc,reloc    ] GC(10) Large Pages: 1 / 6M, Empty: 0M, Relocated: 0M, In-Place: 0
[6.597s][info][gc,reloc    ] GC(10) Forwarding Usage: 0M
[6.597s][info][gc,heap     ] GC(10) Min Capacity: 4096M(100%)
[6.597s][info][gc,heap     ] GC(10) Max Capacity: 4096M(100%)
[6.597s][info][gc,heap     ] GC(10) Soft Max Capacity: 4096M(100%)
[6.597s][info][gc,heap     ] GC(10)                Mark Start          Mark End        Relocate Start      Relocate End           High               Low         
[6.597s][info][gc,heap     ] GC(10)  Capacity:     4096M (100%)       4096M (100%)       4096M (100%)       4096M (100%)       4096M (100%)       4096M (100%)   
[6.597s][info][gc,heap     ] GC(10)      Free:     2652M (65%)        2652M (65%)        3986M (97%)        3994M (98%)        3994M (98%)        2652M (65%)    
[6.597s][info][gc,heap     ] GC(10)      Used:     1444M (35%)        1444M (35%)         110M (3%)          102M (2%)         1444M (35%)         102M (2%)     
[6.597s][info][gc,heap     ] GC(10)      Live:         -                95M (2%)           95M (2%)           95M (2%)             -                  -          
[6.597s][info][gc,heap     ] GC(10) Allocated:         -                 0M (0%)            2M (0%)            2M (0%)             -                  -          
[6.597s][info][gc,heap     ] GC(10)   Garbage:         -              1348M (33%)          12M (0%)            4M (0%)             -                  -          
[6.597s][info][gc,heap     ] GC(10) Reclaimed:         -                  -              1336M (33%)        1344M (33%)            -                  -          
[6.597s][info][gc          ] GC(10) Garbage Collection (System.gc()) 1444M(35%)->102M(2%)
[7.173s][info][gc,start    ] GC(11) Garbage Collection (Allocation Rate)
[7.175s][info][gc,task     ] GC(11) Using 1 workers
[7.176s][info][gc,phases   ] GC(11) Pause Mark Start 0.009ms
[7.393s][info][gc,phases   ] GC(11) Concurrent Mark 217.047ms
[7.393s][info][gc,phases   ] GC(11) Pause Mark End 0.020ms
[7.393s][info][gc,phases   ] GC(11) Concurrent Mark Free 0.001ms
[7.399s][info][gc,phases   ] GC(11) Concurrent Process Non-Strong References 5.925ms
[7.399s][info][gc,phases   ] GC(11) Concurrent Reset Relocation Set 0.001ms
[7.402s][info][gc,phases   ] GC(11) Concurrent Select Relocation Set 3.540ms
[7.403s][info][gc,phases   ] GC(11) Pause Relocate Start 0.012ms
[7.403s][info][gc,phases   ] GC(11) Concurrent Relocate 0.686ms
[7.404s][info][gc,load     ] GC(11) Load: 0.00/0.00/0.00
[7.404s][info][gc,mmu      ] GC(11) MMU: 2ms/98.0%, 5ms/99.2%, 10ms/99.6%, 20ms/99.7%, 50ms/99.9%, 100ms/99.9%
[7.404s][info][gc,marking  ] GC(11) Mark: 1 stripe(s), 2 proactive flush(es), 1 terminate flush(es), 0 completion(s), 0 continuation(s) 
[7.404s][info][gc,marking  ] GC(11) Mark Stack Usage: 32M
[7.404s][info][gc,nmethod  ] GC(11) NMethods: 1311 registered, 2 unregistered
[7.404s][info][gc,metaspace] GC(11) Metaspace: 11M used, 11M committed, 1088M reserved
[7.404s][info][gc,ref      ] GC(11) Soft: 197 encountered, 0 discovered, 0 enqueued
[7.404s][info][gc,ref      ] GC(11) Weak: 695 encountered, 186 discovered, 0 enqueued
[7.404s][info][gc,ref      ] GC(11) Final: 0 encountered, 0 discovered, 0 enqueued
[7.404s][info][gc,ref      ] GC(11) Phantom: 36 encountered, 21 discovered, 0 enqueued
[7.404s][info][gc,reloc    ] GC(11) Small Pages: 1207 / 2414M, Empty: 2296M, Relocated: 1M, In-Place: 0
[7.404s][info][gc,reloc    ] GC(11) Medium Pages: 12 / 384M, Empty: 352M, Relocated: 0M, In-Place: 0
[7.404s][info][gc,reloc    ] GC(11) Large Pages: 1 / 6M, Empty: 0M, Relocated: 0M, In-Place: 0
[7.404s][info][gc,reloc    ] GC(11) Forwarding Usage: 0M
[7.404s][info][gc,heap     ] GC(11) Min Capacity: 4096M(100%)
[7.404s][info][gc,heap     ] GC(11) Max Capacity: 4096M(100%)
[7.404s][info][gc,heap     ] GC(11) Soft Max Capacity: 4096M(100%)
[7.404s][info][gc,heap     ] GC(11)                Mark Start          Mark End        Relocate Start      Relocate End           High               Low         
[7.404s][info][gc,heap     ] GC(11)  Capacity:     4096M (100%)       4096M (100%)       4096M (100%)       4096M (100%)       4096M (100%)       4096M (100%)   
[7.404s][info][gc,heap     ] GC(11)      Free:     1292M (32%)         498M (12%)        3132M (76%)        3154M (77%)        3154M (77%)         498M (12%)    
[7.404s][info][gc,heap     ] GC(11)      Used:     2804M (68%)        3598M (88%)         964M (24%)         942M (23%)        3598M (88%)         942M (23%)    
[7.404s][info][gc,heap     ] GC(11)      Live:         -                99M (2%)           99M (2%)           99M (2%)             -                  -          
[7.404s][info][gc,heap     ] GC(11) Allocated:         -               794M (19%)         808M (20%)         811M (20%)            -                  -          
[7.404s][info][gc,heap     ] GC(11)   Garbage:         -              2704M (66%)          56M (1%)           30M (1%)             -                  -          
[7.404s][info][gc,heap     ] GC(11) Reclaimed:         -                  -              2648M (65%)        2673M (65%)            -                  -          
[7.404s][info][gc          ] GC(11) Garbage Collection (Allocation Rate) 2804M(68%)->942M(23%)
[7.675s][info][gc,start    ] GC(12) Garbage Collection (Allocation Rate)
[7.675s][info][gc,task     ] GC(12) Using 1 workers
[7.675s][info][gc,phases   ] GC(12) Pause Mark Start 0.009ms
[7.884s][info][gc,phases   ] GC(12) Concurrent Mark 208.824ms
[7.884s][info][gc,phases   ] GC(12) Pause Mark End 0.014ms
[7.885s][info][gc,phases   ] GC(12) Concurrent Mark Free 0.001ms
[7.892s][info][gc,phases   ] GC(12) Concurrent Process Non-Strong References 7.682ms
[7.892s][info][gc,phases   ] GC(12) Concurrent Reset Relocation Set 0.004ms
[7.896s][info][gc,phases   ] GC(12) Concurrent Select Relocation Set 3.515ms
[7.896s][info][gc,phases   ] GC(12) Pause Relocate Start 0.018ms
[7.897s][info][gc,phases   ] GC(12) Concurrent Relocate 0.748ms
[7.897s][info][gc,load     ] GC(12) Load: 0.00/0.00/0.00
[7.897s][info][gc,mmu      ] GC(12) MMU: 2ms/98.0%, 5ms/99.2%, 10ms/99.6%, 20ms/99.7%, 50ms/99.9%, 100ms/99.9%
[7.897s][info][gc,marking  ] GC(12) Mark: 1 stripe(s), 2 proactive flush(es), 1 terminate flush(es), 0 completion(s), 0 continuation(s) 
[7.897s][info][gc,marking  ] GC(12) Mark Stack Usage: 32M
[7.897s][info][gc,nmethod  ] GC(12) NMethods: 1318 registered, 3 unregistered
[7.897s][info][gc,metaspace] GC(12) Metaspace: 11M used, 11M committed, 1088M reserved
[7.897s][info][gc,ref      ] GC(12) Soft: 197 encountered, 0 discovered, 0 enqueued
[7.897s][info][gc,ref      ] GC(12) Weak: 695 encountered, 186 discovered, 0 enqueued
[7.897s][info][gc,ref      ] GC(12) Final: 0 encountered, 0 discovered, 0 enqueued
[7.897s][info][gc,ref      ] GC(12) Phantom: 36 encountered, 21 discovered, 0 enqueued
[7.897s][info][gc,reloc    ] GC(12) Small Pages: 915 / 1830M, Empty: 1710M, Relocated: 1M, In-Place: 0
[7.897s][info][gc,reloc    ] GC(12) Medium Pages: 10 / 320M, Empty: 288M, Relocated: 0M, In-Place: 0
[7.897s][info][gc,reloc    ] GC(12) Large Pages: 1 / 6M, Empty: 0M, Relocated: 0M, In-Place: 0
[7.897s][info][gc,reloc    ] GC(12) Forwarding Usage: 0M
[7.897s][info][gc,heap     ] GC(12) Min Capacity: 4096M(100%)
[7.897s][info][gc,heap     ] GC(12) Max Capacity: 4096M(100%)
[7.897s][info][gc,heap     ] GC(12) Soft Max Capacity: 4096M(100%)
[7.897s][info][gc,heap     ] GC(12)                Mark Start          Mark End        Relocate Start      Relocate End           High               Low         
[7.897s][info][gc,heap     ] GC(12)  Capacity:     4096M (100%)       4096M (100%)       4096M (100%)       4096M (100%)       4096M (100%)       4096M (100%)   
[7.897s][info][gc,heap     ] GC(12)      Free:     1940M (47%)        1258M (31%)        3206M (78%)        3230M (79%)        3230M (79%)        1224M (30%)    
[7.898s][info][gc,heap     ] GC(12)      Used:     2156M (53%)        2838M (69%)         890M (22%)         866M (21%)        2872M (70%)         866M (21%)    
[7.898s][info][gc,heap     ] GC(12)      Live:         -                99M (2%)           99M (2%)           99M (2%)             -                  -          
[7.898s][info][gc,heap     ] GC(12) Allocated:         -               682M (17%)         732M (18%)         735M (18%)            -                  -          
[7.898s][info][gc,heap     ] GC(12)   Garbage:         -              2056M (50%)          58M (1%)           30M (1%)             -                  -          
[7.898s][info][gc,heap     ] GC(12) Reclaimed:         -                  -              1998M (49%)        2025M (49%)            -                  -          
[7.898s][info][gc          ] GC(12) Garbage Collection (Allocation Rate) 2156M(53%)->866M(21%)
[8.288s][info][gc,start    ] GC(13) Garbage Collection (Allocation Rate)
[8.288s][info][gc,task     ] GC(13) Using 2 workers
[8.288s][info][gc,phases   ] GC(13) Pause Mark Start 0.009ms
[8.382s][info][gc,phases   ] GC(13) Concurrent Mark 93.820ms
[8.382s][info][gc,phases   ] GC(13) Pause Mark End 0.015ms
[8.382s][info][gc,phases   ] GC(13) Concurrent Mark Free 0.001ms
[8.386s][info][gc,phases   ] GC(13) Concurrent Process Non-Strong References 4.235ms
[8.386s][info][gc,phases   ] GC(13) Concurrent Reset Relocation Set 0.003ms
[8.389s][info][gc,phases   ] GC(13) Concurrent Select Relocation Set 2.131ms
[8.389s][info][gc,phases   ] GC(13) Pause Relocate Start 0.008ms
[8.390s][info][gc,phases   ] GC(13) Concurrent Relocate 1.046ms
[8.390s][info][gc,load     ] GC(13) Load: 0.00/0.00/0.00
[8.390s][info][gc,mmu      ] GC(13) MMU: 2ms/98.0%, 5ms/99.2%, 10ms/99.6%, 20ms/99.7%, 50ms/99.9%, 100ms/99.9%
[8.390s][info][gc,marking  ] GC(13) Mark: 2 stripe(s), 2 proactive flush(es), 1 terminate flush(es), 0 completion(s), 0 continuation(s) 
[8.390s][info][gc,marking  ] GC(13) Mark Stack Usage: 32M
[8.390s][info][gc,nmethod  ] GC(13) NMethods: 1317 registered, 4 unregistered
[8.390s][info][gc,metaspace] GC(13) Metaspace: 11M used, 11M committed, 1088M reserved
[8.390s][info][gc,ref      ] GC(13) Soft: 197 encountered, 0 discovered, 0 enqueued
[8.390s][info][gc,ref      ] GC(13) Weak: 695 encountered, 46 discovered, 0 enqueued
[8.390s][info][gc,ref      ] GC(13) Final: 0 encountered, 0 discovered, 0 enqueued
[8.390s][info][gc,ref      ] GC(13) Phantom: 36 encountered, 27 discovered, 0 enqueued
[8.390s][info][gc,reloc    ] GC(13) Small Pages: 1137 / 2274M, Empty: 2130M, Relocated: 3M, In-Place: 0
[8.390s][info][gc,reloc    ] GC(13) Medium Pages: 12 / 384M, Empty: 384M, Relocated: 0M, In-Place: 0
[8.390s][info][gc,reloc    ] GC(13) Large Pages: 1 / 6M, Empty: 0M, Relocated: 0M, In-Place: 0
[8.390s][info][gc,reloc    ] GC(13) Forwarding Usage: 0M
[8.390s][info][gc,heap     ] GC(13) Min Capacity: 4096M(100%)
[8.390s][info][gc,heap     ] GC(13) Max Capacity: 4096M(100%)
[8.390s][info][gc,heap     ] GC(13) Soft Max Capacity: 4096M(100%)
[8.390s][info][gc,heap     ] GC(13)                Mark Start          Mark End        Relocate Start      Relocate End           High               Low         
[8.390s][info][gc,heap     ] GC(13)  Capacity:     4096M (100%)       4096M (100%)       4096M (100%)       4096M (100%)       4096M (100%)       4096M (100%)   
[8.390s][info][gc,heap     ] GC(13)      Free:     1432M (35%)        1066M (26%)        3580M (87%)        3626M (89%)        3628M (89%)        1066M (26%)    
[8.390s][info][gc,heap     ] GC(13)      Used:     2664M (65%)        3030M (74%)         516M (13%)         470M (11%)        3030M (74%)         468M (11%)    
[8.390s][info][gc,heap     ] GC(13)      Live:         -                97M (2%)           97M (2%)           97M (2%)             -                  -          
[8.390s][info][gc,heap     ] GC(13) Allocated:         -               366M (9%)          366M (9%)          367M (9%)             -                  -          
[8.390s][info][gc,heap     ] GC(13)   Garbage:         -              2566M (63%)          52M (1%)            4M (0%)             -                  -          
[8.390s][info][gc,heap     ] GC(13) Reclaimed:         -                  -              2514M (61%)        2561M (63%)            -                  -          
[8.390s][info][gc          ] GC(13) Garbage Collection (Allocation Rate) 2664M(65%)->470M(11%)
[8.979s][info][gc,start    ] GC(14) Garbage Collection (Allocation Rate)
[8.979s][info][gc,task     ] GC(14) Using 2 workers
[8.979s][info][gc,phases   ] GC(14) Pause Mark Start 0.006ms
[9.073s][info][gc,phases   ] GC(14) Concurrent Mark 93.643ms
[9.073s][info][gc,phases   ] GC(14) Pause Mark End 0.013ms
[9.073s][info][gc,phases   ] GC(14) Concurrent Mark Free 0.001ms
[9.084s][info][gc,phases   ] GC(14) Concurrent Process Non-Strong References 10.978ms
[9.084s][info][gc,phases   ] GC(14) Concurrent Reset Relocation Set 0.007ms
[9.088s][info][gc,phases   ] GC(14) Concurrent Select Relocation Set 3.900ms
[9.089s][info][gc,phases   ] GC(14) Pause Relocate Start 0.013ms
[9.092s][info][gc,phases   ] GC(14) Concurrent Relocate 3.336ms
[9.092s][info][gc,load     ] GC(14) Load: 0.00/0.00/0.00
[9.092s][info][gc,mmu      ] GC(14) MMU: 2ms/98.0%, 5ms/99.2%, 10ms/99.6%, 20ms/99.7%, 50ms/99.9%, 100ms/99.9%
[9.092s][info][gc,marking  ] GC(14) Mark: 2 stripe(s), 2 proactive flush(es), 1 terminate flush(es), 0 completion(s), 0 continuation(s) 
[9.092s][info][gc,marking  ] GC(14) Mark Stack Usage: 32M
[9.092s][info][gc,nmethod  ] GC(14) NMethods: 1317 registered, 4 unregistered
[9.092s][info][gc,metaspace] GC(14) Metaspace: 11M used, 11M committed, 1088M reserved
[9.092s][info][gc,ref      ] GC(14) Soft: 197 encountered, 0 discovered, 0 enqueued
[9.092s][info][gc,ref      ] GC(14) Weak: 695 encountered, 227 discovered, 0 enqueued
[9.092s][info][gc,ref      ] GC(14) Final: 0 encountered, 0 discovered, 0 enqueued
[9.092s][info][gc,ref      ] GC(14) Phantom: 36 encountered, 15 discovered, 0 enqueued
[9.092s][info][gc,reloc    ] GC(14) Small Pages: 1372 / 2744M, Empty: 2586M, Relocated: 4M, In-Place: 0
[9.092s][info][gc,reloc    ] GC(14) Medium Pages: 14 / 448M, Empty: 448M, Relocated: 0M, In-Place: 0
[9.092s][info][gc,reloc    ] GC(14) Large Pages: 1 / 6M, Empty: 0M, Relocated: 0M, In-Place: 0
[9.092s][info][gc,reloc    ] GC(14) Forwarding Usage: 1M
[9.092s][info][gc,heap     ] GC(14) Min Capacity: 4096M(100%)
[9.092s][info][gc,heap     ] GC(14) Max Capacity: 4096M(100%)
[9.092s][info][gc,heap     ] GC(14) Soft Max Capacity: 4096M(100%)
[9.092s][info][gc,heap     ] GC(14)                Mark Start          Mark End        Relocate Start      Relocate End           High               Low         
[9.092s][info][gc,heap     ] GC(14)  Capacity:     4096M (100%)       4096M (100%)       4096M (100%)       4096M (100%)       4096M (100%)       4096M (100%)   
[9.093s][info][gc,heap     ] GC(14)      Free:      898M (22%)         618M (15%)        3570M (87%)        3632M (89%)        3632M (89%)         552M (13%)    
[9.093s][info][gc,heap     ] GC(14)      Used:     3198M (78%)        3478M (85%)         526M (13%)         464M (11%)        3544M (87%)         464M (11%)    
[9.093s][info][gc,heap     ] GC(14)      Live:         -                98M (2%)           98M (2%)           98M (2%)             -                  -          
[9.093s][info][gc,heap     ] GC(14) Allocated:         -               280M (7%)          362M (9%)          361M (9%)             -                  -          
[9.093s][info][gc,heap     ] GC(14)   Garbage:         -              3099M (76%)          65M (2%)            3M (0%)             -                  -          
[9.093s][info][gc,heap     ] GC(14) Reclaimed:         -                  -              3034M (74%)        3095M (76%)            -                  -          
[9.093s][info][gc          ] GC(14) Garbage Collection (Allocation Rate) 3198M(78%)->464M(11%)
[9.576s][info][gc,start    ] GC(15) Garbage Collection (Allocation Rate)
[9.576s][info][gc,task     ] GC(15) Using 1 workers
[9.576s][info][gc,phases   ] GC(15) Pause Mark Start 0.006ms
[9.791s][info][gc,phases   ] GC(15) Concurrent Mark 215.549ms
[9.791s][info][gc,phases   ] GC(15) Pause Mark End 0.014ms
[9.792s][info][gc,phases   ] GC(15) Concurrent Mark Free 0.002ms
[9.811s][info][gc,phases   ] GC(15) Concurrent Process Non-Strong References 19.370ms
[9.811s][info][gc,phases   ] GC(15) Concurrent Reset Relocation Set 0.004ms
[9.813s][info][gc,phases   ] GC(15) Concurrent Select Relocation Set 2.196ms
[9.813s][info][gc,phases   ] GC(15) Pause Relocate Start 0.011ms
[9.816s][info][gc,phases   ] GC(15) Concurrent Relocate 2.212ms
[9.816s][info][gc,load     ] GC(15) Load: 0.00/0.00/0.00
[9.816s][info][gc,mmu      ] GC(15) MMU: 2ms/98.0%, 5ms/99.2%, 10ms/99.6%, 20ms/99.7%, 50ms/99.9%, 100ms/99.9%
[9.816s][info][gc,marking  ] GC(15) Mark: 1 stripe(s), 2 proactive flush(es), 1 terminate flush(es), 0 completion(s), 0 continuation(s) 
[9.816s][info][gc,marking  ] GC(15) Mark Stack Usage: 32M
[9.816s][info][gc,nmethod  ] GC(15) NMethods: 1317 registered, 4 unregistered
[9.816s][info][gc,metaspace] GC(15) Metaspace: 11M used, 11M committed, 1088M reserved
[9.816s][info][gc,ref      ] GC(15) Soft: 197 encountered, 0 discovered, 0 enqueued
[9.816s][info][gc,ref      ] GC(15) Weak: 695 encountered, 186 discovered, 0 enqueued
[9.816s][info][gc,ref      ] GC(15) Final: 0 encountered, 0 discovered, 0 enqueued
[9.816s][info][gc,ref      ] GC(15) Phantom: 36 encountered, 21 discovered, 0 enqueued
[9.816s][info][gc,reloc    ] GC(15) Small Pages: 1144 / 2288M, Empty: 2166M, Relocated: 1M, In-Place: 0
[9.816s][info][gc,reloc    ] GC(15) Medium Pages: 12 / 384M, Empty: 320M, Relocated: 3M, In-Place: 0
[9.816s][info][gc,reloc    ] GC(15) Large Pages: 1 / 6M, Empty: 0M, Relocated: 0M, In-Place: 0
[9.816s][info][gc,reloc    ] GC(15) Forwarding Usage: 0M
[9.816s][info][gc,heap     ] GC(15) Min Capacity: 4096M(100%)
[9.816s][info][gc,heap     ] GC(15) Max Capacity: 4096M(100%)
[9.816s][info][gc,heap     ] GC(15) Soft Max Capacity: 4096M(100%)
[9.816s][info][gc,heap     ] GC(15)                Mark Start          Mark End        Relocate Start      Relocate End           High               Low         
[9.816s][info][gc,heap     ] GC(15)  Capacity:     4096M (100%)       4096M (100%)       4096M (100%)       4096M (100%)       4096M (100%)       4096M (100%)   
[9.816s][info][gc,heap     ] GC(15)      Free:     1418M (35%)         538M (13%)        2912M (71%)        2974M (73%)        2974M (73%)         426M (10%)    
[9.816s][info][gc,heap     ] GC(15)      Used:     2678M (65%)        3558M (87%)        1184M (29%)        1122M (27%)        3670M (90%)        1122M (27%)    
[9.816s][info][gc,heap     ] GC(15)      Live:         -                99M (2%)           99M (2%)           99M (2%)             -                  -          
[9.816s][info][gc,heap     ] GC(15) Allocated:         -               880M (21%)         992M (24%)         991M (24%)            -                  -          
[9.816s][info][gc,heap     ] GC(15)   Garbage:         -              2578M (63%)          92M (2%)           30M (1%)             -                  -          
[9.816s][info][gc,heap     ] GC(15) Reclaimed:         -                  -              2486M (61%)        2547M (62%)            -                  -          
[9.816s][info][gc          ] GC(15) Garbage Collection (Allocation Rate) 2678M(65%)->1122M(27%)
[10.078s][info][gc,start    ] GC(16) Garbage Collection (Allocation Rate)
[10.078s][info][gc,task     ] GC(16) Using 1 workers
[10.078s][info][gc,phases   ] GC(16) Pause Mark Start 0.008ms
[10.188s][info][gc,stats    ] === Garbage Collection Statistics =======================================================================================================================
[10.188s][info][gc,stats    ]                                                              Last 10s              Last 10m              Last 10h                Total
[10.188s][info][gc,stats    ]                                                              Avg / Max             Avg / Max             Avg / Max             Avg / Max
[10.188s][info][gc,stats    ]   Collector: Garbage Collection Cycle                    154.268 / 240.125     154.268 / 240.125     154.268 / 240.125     154.268 / 240.125     ms
[10.188s][info][gc,stats    ]  Contention: Mark Segment Reset Contention                     0 / 0                 0 / 0                 0 / 0                 0 / 0           ops/s
[10.188s][info][gc,stats    ]  Contention: Mark SeqNum Reset Contention                      0 / 1                 0 / 1                 0 / 1                 0 / 1           ops/s
[10.188s][info][gc,stats    ]    Critical: Allocation Stall                                  0 / 0                 0 / 0                 0 / 0                 0 / 0           ops/s
[10.188s][info][gc,stats    ]    Critical: Allocation Stall                              0.000 / 0.000         0.000 / 0.000         0.000 / 0.000         0.000 / 0.000       ms
[10.188s][info][gc,stats    ]    Critical: GC Locker Stall                                   0 / 0                 0 / 0                 0 / 0                 0 / 0           ops/s
[10.188s][info][gc,stats    ]    Critical: GC Locker Stall                               0.000 / 0.000         0.000 / 0.000         0.000 / 0.000         0.000 / 0.000       ms
[10.188s][info][gc,stats    ]    Critical: Relocation Stall                                  0 / 0                 0 / 0                 0 / 0                 0 / 0           ops/s
[10.188s][info][gc,stats    ]    Critical: Relocation Stall                              0.000 / 0.000         0.000 / 0.000         0.000 / 0.000         0.000 / 0.000       ms
[10.188s][info][gc,stats    ]      Memory: Allocation Rate                                3524 / 4406           3524 / 4406           3524 / 4406           3524 / 4406        MB/s
[10.188s][info][gc,stats    ]      Memory: Defragment                                        0 / 0                 0 / 0                 0 / 0                 0 / 0           ops/s
[10.188s][info][gc,stats    ]      Memory: Out Of Memory                                     0 / 0                 0 / 0                 0 / 0                 0 / 0           ops/s
[10.188s][info][gc,stats    ]      Memory: Page Cache Flush                                  0 / 0                 0 / 0                 0 / 0                 0 / 0           MB/s
[10.188s][info][gc,stats    ]      Memory: Page Cache Hit L1                              1370 / 1904           1370 / 1904           1370 / 1904           1370 / 1904        ops/s
[10.188s][info][gc,stats    ]      Memory: Page Cache Hit L2                                 0 / 0                 0 / 0                 0 / 0                 0 / 0           ops/s
[10.188s][info][gc,stats    ]      Memory: Page Cache Hit L3                               161 / 437             161 / 437             161 / 437             161 / 437         ops/s
[10.188s][info][gc,stats    ]      Memory: Page Cache Miss                                   0 / 1                 0 / 1                 0 / 1                 0 / 1           ops/s
[10.188s][info][gc,stats    ]      Memory: Uncommit                                          0 / 0                 0 / 0                 0 / 0                 0 / 0           MB/s
[10.188s][info][gc,stats    ]      Memory: Undo Object Allocation Failed                     0 / 0                 0 / 0                 0 / 0                 0 / 0           ops/s
[10.188s][info][gc,stats    ]      Memory: Undo Object Allocation Succeeded                  0 / 2                 0 / 2                 0 / 2                 0 / 2           ops/s
[10.188s][info][gc,stats    ]      Memory: Undo Page Allocation                              3 / 7                 3 / 7                 3 / 7                 3 / 7           ops/s
[10.188s][info][gc,stats    ]       Phase: Concurrent Mark                             134.605 / 217.047     134.605 / 217.047     134.605 / 217.047     134.605 / 217.047     ms
[10.188s][info][gc,stats    ]       Phase: Concurrent Mark Continue                      0.000 / 0.000         0.000 / 0.000         0.000 / 0.000         0.000 / 0.000       ms
[10.188s][info][gc,stats    ]       Phase: Concurrent Mark Free                          0.001 / 0.003         0.001 / 0.003         0.001 / 0.003         0.001 / 0.003       ms
[10.188s][info][gc,stats    ]       Phase: Concurrent Process Non-Strong References      8.711 / 24.469        8.711 / 24.469        8.711 / 24.469        8.711 / 24.469      ms
[10.188s][info][gc,stats    ]       Phase: Concurrent Relocate                           5.680 / 57.532        5.680 / 57.532        5.680 / 57.532        5.680 / 57.532      ms
[10.188s][info][gc,stats    ]       Phase: Concurrent Reset Relocation Set               0.005 / 0.026         0.005 / 0.026         0.005 / 0.026         0.005 / 0.026       ms
[10.188s][info][gc,stats    ]       Phase: Concurrent Select Relocation Set              3.998 / 13.885        3.998 / 13.885        3.998 / 13.885        3.998 / 13.885      ms
[10.188s][info][gc,stats    ]       Phase: Pause Mark End                                0.019 / 0.040         0.019 / 0.040         0.019 / 0.040         0.019 / 0.040       ms
[10.188s][info][gc,stats    ]       Phase: Pause Mark Start                              0.010 / 0.024         0.010 / 0.024         0.010 / 0.024         0.010 / 0.024       ms
[10.188s][info][gc,stats    ]       Phase: Pause Relocate Start                          0.013 / 0.023         0.013 / 0.023         0.013 / 0.023         0.013 / 0.023       ms
[10.188s][info][gc,stats    ]    Subphase: Concurrent Classes Purge                      0.056 / 0.208         0.056 / 0.208         0.056 / 0.208         0.056 / 0.208       ms
[10.188s][info][gc,stats    ]    Subphase: Concurrent Classes Unlink                     2.022 / 3.609         2.022 / 3.609         2.022 / 3.609         2.022 / 3.609       ms
[10.188s][info][gc,stats    ]    Subphase: Concurrent Mark                             114.943 / 215.688     114.943 / 215.688     114.943 / 215.688     114.943 / 215.688     ms
[10.188s][info][gc,stats    ]    Subphase: Concurrent Mark Try Flush                     1.201 / 10.534        1.201 / 10.534        1.201 / 10.534        1.201 / 10.534      ms
[10.188s][info][gc,stats    ]    Subphase: Concurrent Mark Try Terminate                 3.009 / 15.620        3.009 / 15.620        3.009 / 15.620        3.009 / 15.620      ms
[10.188s][info][gc,stats    ]    Subphase: Concurrent References Enqueue                 0.002 / 0.015         0.002 / 0.015         0.002 / 0.015         0.002 / 0.015       ms
[10.188s][info][gc,stats    ]    Subphase: Concurrent References Process                 0.065 / 0.207         0.065 / 0.207         0.065 / 0.207         0.065 / 0.207       ms
[10.188s][info][gc,stats    ]    Subphase: Concurrent Roots ClassLoaderDataGraph         0.069 / 0.272         0.069 / 0.272         0.069 / 0.272         0.069 / 0.272       ms
[10.188s][info][gc,stats    ]    Subphase: Concurrent Roots CodeCache                    0.000 / 0.000         0.000 / 0.000         0.000 / 0.000         0.000 / 0.000       ms
[10.188s][info][gc,stats    ]    Subphase: Concurrent Roots JavaThreads                  0.619 / 2.698         0.619 / 2.698         0.619 / 2.698         0.619 / 2.698       ms
[10.188s][info][gc,stats    ]    Subphase: Concurrent Roots OopStorageSet                0.025 / 0.049         0.025 / 0.049         0.025 / 0.049         0.025 / 0.049       ms
[10.188s][info][gc,stats    ]    Subphase: Concurrent Weak Roots OopStorageSet           0.181 / 0.359         0.181 / 0.359         0.181 / 0.359         0.181 / 0.359       ms
[10.188s][info][gc,stats    ]    Subphase: Pause Mark Try Complete                       0.000 / 0.000         0.000 / 0.000         0.000 / 0.000         0.000 / 0.000       ms
[10.188s][info][gc,stats    ]      System: Java Threads                                     20 / 22               20 / 22               20 / 22               20 / 22          threads
[10.188s][info][gc,stats    ] =========================================================================================================================================================
[10.220s][info][gc,phases   ] GC(16) Concurrent Mark 141.420ms
[10.220s][info][gc,phases   ] GC(16) Pause Mark End 0.015ms
[10.220s][info][gc,phases   ] GC(16) Concurrent Mark Free 0.002ms
[10.223s][info][gc,phases   ] GC(16) Concurrent Process Non-Strong References 3.190ms
[10.223s][info][gc,phases   ] GC(16) Concurrent Reset Relocation Set 0.003ms
[10.225s][info][gc,phases   ] GC(16) Concurrent Select Relocation Set 2.064ms
[10.225s][info][gc,phases   ] GC(16) Pause Relocate Start 0.008ms
[10.226s][info][gc,phases   ] GC(16) Concurrent Relocate 0.250ms
[10.226s][info][gc,load     ] GC(16) Load: 0.00/0.00/0.00
[10.226s][info][gc,mmu      ] GC(16) MMU: 2ms/98.0%, 5ms/99.2%, 10ms/99.6%, 20ms/99.7%, 50ms/99.9%, 100ms/99.9%
[10.226s][info][gc,marking  ] GC(16) Mark: 1 stripe(s), 2 proactive flush(es), 1 terminate flush(es), 0 completion(s), 0 continuation(s) 
[10.226s][info][gc,marking  ] GC(16) Mark Stack Usage: 32M
[10.226s][info][gc,nmethod  ] GC(16) NMethods: 1317 registered, 4 unregistered
[10.226s][info][gc,metaspace] GC(16) Metaspace: 11M used, 11M committed, 1088M reserved
[10.226s][info][gc,ref      ] GC(16) Soft: 197 encountered, 0 discovered, 0 enqueued
[10.226s][info][gc,ref      ] GC(16) Weak: 695 encountered, 187 discovered, 0 enqueued
[10.226s][info][gc,ref      ] GC(16) Final: 0 encountered, 0 discovered, 0 enqueued
[10.226s][info][gc,ref      ] GC(16) Phantom: 36 encountered, 21 discovered, 0 enqueued
[10.226s][info][gc,reloc    ] GC(16) Small Pages: 965 / 1930M, Empty: 1786M, Relocated: 1M, In-Place: 0
[10.226s][info][gc,reloc    ] GC(16) Medium Pages: 11 / 352M, Empty: 352M, Relocated: 0M, In-Place: 0
[10.226s][info][gc,reloc    ] GC(16) Large Pages: 1 / 6M, Empty: 0M, Relocated: 0M, In-Place: 0
[10.226s][info][gc,reloc    ] GC(16) Forwarding Usage: 0M
[10.226s][info][gc,heap     ] GC(16) Min Capacity: 4096M(100%)
[10.226s][info][gc,heap     ] GC(16) Max Capacity: 4096M(100%)
[10.226s][info][gc,heap     ] GC(16) Soft Max Capacity: 4096M(100%)
[10.226s][info][gc,heap     ] GC(16)                Mark Start          Mark End        Relocate Start      Relocate End           High               Low         
[10.226s][info][gc,heap     ] GC(16)  Capacity:     4096M (100%)       4096M (100%)       4096M (100%)       4096M (100%)       4096M (100%)       4096M (100%)   
[10.226s][info][gc,heap     ] GC(16)      Free:     1808M (44%)        1228M (30%)        3366M (82%)        3416M (83%)        3416M (83%)        1228M (30%)    
[10.226s][info][gc,heap     ] GC(16)      Used:     2288M (56%)        2868M (70%)         730M (18%)         680M (17%)        2868M (70%)         680M (17%)    
[10.226s][info][gc,heap     ] GC(16)      Live:         -                97M (2%)           97M (2%)           97M (2%)             -                  -          
[10.226s][info][gc,heap     ] GC(16) Allocated:         -               580M (14%)         580M (14%)         579M (14%)            -                  -          
[10.226s][info][gc,heap     ] GC(16)   Garbage:         -              2190M (53%)          52M (1%)            2M (0%)             -                  -          
[10.226s][info][gc,heap     ] GC(16) Reclaimed:         -                  -              2138M (52%)        2187M (53%)            -                  -          
[10.226s][info][gc          ] GC(16) Garbage Collection (Allocation Rate) 2288M(56%)->680M(17%)
[10.580s][info][gc,start    ] GC(17) Garbage Collection (Allocation Rate)
[10.580s][info][gc,task     ] GC(17) Using 1 workers
[10.581s][info][gc,phases   ] GC(17) Pause Mark Start 0.007ms
[10.801s][info][gc,phases   ] GC(17) Concurrent Mark 220.230ms
[10.801s][info][gc,phases   ] GC(17) Pause Mark End 0.012ms
[10.801s][info][gc,phases   ] GC(17) Concurrent Mark Free 0.001ms
[10.816s][info][gc,phases   ] GC(17) Concurrent Process Non-Strong References 15.234ms
[10.816s][info][gc,phases   ] GC(17) Concurrent Reset Relocation Set 0.004ms
[10.819s][info][gc,phases   ] GC(17) Concurrent Select Relocation Set 2.750ms
[10.819s][info][gc,phases   ] GC(17) Pause Relocate Start 0.009ms
[10.820s][info][gc,phases   ] GC(17) Concurrent Relocate 0.780ms
[10.820s][info][gc,load     ] GC(17) Load: 0.00/0.00/0.00
[10.820s][info][gc,mmu      ] GC(17) MMU: 2ms/98.0%, 5ms/99.2%, 10ms/99.6%, 20ms/99.7%, 50ms/99.9%, 100ms/99.9%
[10.820s][info][gc,marking  ] GC(17) Mark: 1 stripe(s), 2 proactive flush(es), 1 terminate flush(es), 0 completion(s), 0 continuation(s) 
[10.820s][info][gc,marking  ] GC(17) Mark Stack Usage: 32M
[10.820s][info][gc,nmethod  ] GC(17) NMethods: 1317 registered, 4 unregistered
[10.820s][info][gc,metaspace] GC(17) Metaspace: 11M used, 11M committed, 1088M reserved
[10.820s][info][gc,ref      ] GC(17) Soft: 197 encountered, 0 discovered, 0 enqueued
[10.820s][info][gc,ref      ] GC(17) Weak: 695 encountered, 187 discovered, 0 enqueued
[10.820s][info][gc,ref      ] GC(17) Final: 0 encountered, 0 discovered, 0 enqueued
[10.820s][info][gc,ref      ] GC(17) Phantom: 36 encountered, 21 discovered, 0 enqueued
[10.820s][info][gc,reloc    ] GC(17) Small Pages: 988 / 1976M, Empty: 1852M, Relocated: 0M, In-Place: 0
[10.820s][info][gc,reloc    ] GC(17) Medium Pages: 10 / 320M, Empty: 288M, Relocated: 0M, In-Place: 0
[10.820s][info][gc,reloc    ] GC(17) Large Pages: 1 / 6M, Empty: 0M, Relocated: 0M, In-Place: 0
[10.820s][info][gc,reloc    ] GC(17) Forwarding Usage: 0M
[10.820s][info][gc,heap     ] GC(17) Min Capacity: 4096M(100%)
[10.820s][info][gc,heap     ] GC(17) Max Capacity: 4096M(100%)
[10.820s][info][gc,heap     ] GC(17) Soft Max Capacity: 4096M(100%)
[10.820s][info][gc,heap     ] GC(17)                Mark Start          Mark End        Relocate Start      Relocate End           High               Low         
[10.820s][info][gc,heap     ] GC(17)  Capacity:     4096M (100%)       4096M (100%)       4096M (100%)       4096M (100%)       4096M (100%)       4096M (100%)   
[10.820s][info][gc,heap     ] GC(17)      Free:     1794M (44%)         918M (22%)        2946M (72%)        2978M (73%)        2978M (73%)         806M (20%)    
[10.820s][info][gc,heap     ] GC(17)      Used:     2302M (56%)        3178M (78%)        1150M (28%)        1118M (27%)        3290M (80%)        1118M (27%)    
[10.820s][info][gc,heap     ] GC(17)      Live:         -                99M (2%)           99M (2%)           99M (2%)             -                  -          
[10.820s][info][gc,heap     ] GC(17) Allocated:         -               876M (21%)         988M (24%)         987M (24%)            -                  -          
[10.820s][info][gc,heap     ] GC(17)   Garbage:         -              2202M (54%)          62M (2%)           30M (1%)             -                  -          
[10.820s][info][gc,heap     ] GC(17) Reclaimed:         -                  -              2140M (52%)        2171M (53%)            -                  -          
[10.820s][info][gc          ] GC(17) Garbage Collection (Allocation Rate) 2302M(56%)->1118M(27%)
[11.058s][info][gc,start    ] GC(18) Garbage Collection (System.gc())
[11.058s][info][gc,task     ] GC(18) Using 2 workers
[11.058s][info][gc,phases   ] GC(18) Pause Mark Start 0.008ms
[11.115s][info][gc,phases   ] GC(18) Concurrent Mark 56.663ms
[11.115s][info][gc,phases   ] GC(18) Pause Mark End 0.016ms
[11.115s][info][gc,phases   ] GC(18) Concurrent Mark Free 0.002ms
[11.116s][info][gc,phases   ] GC(18) Concurrent Process Non-Strong References 1.224ms
[11.116s][info][gc,phases   ] GC(18) Concurrent Reset Relocation Set 0.002ms
[11.118s][info][gc,phases   ] GC(18) Concurrent Select Relocation Set 1.274ms
[11.118s][info][gc,phases   ] GC(18) Pause Relocate Start 0.005ms
[11.118s][info][gc,phases   ] GC(18) Concurrent Relocate 0.488ms
[11.118s][info][gc,load     ] GC(18) Load: 0.00/0.00/0.00
[11.118s][info][gc,mmu      ] GC(18) MMU: 2ms/98.0%, 5ms/99.2%, 10ms/99.6%, 20ms/99.7%, 50ms/99.9%, 100ms/99.9%
[11.118s][info][gc,marking  ] GC(18) Mark: 2 stripe(s), 1 proactive flush(es), 1 terminate flush(es), 0 completion(s), 0 continuation(s) 
[11.118s][info][gc,marking  ] GC(18) Mark Stack Usage: 32M
[11.118s][info][gc,nmethod  ] GC(18) NMethods: 1317 registered, 4 unregistered
[11.118s][info][gc,metaspace] GC(18) Metaspace: 11M used, 11M committed, 1088M reserved
[11.118s][info][gc,ref      ] GC(18) Soft: 197 encountered, 0 discovered, 0 enqueued
[11.118s][info][gc,ref      ] GC(18) Weak: 695 encountered, 96 discovered, 0 enqueued
[11.118s][info][gc,ref      ] GC(18) Final: 0 encountered, 0 discovered, 0 enqueued
[11.118s][info][gc,ref      ] GC(18) Phantom: 36 encountered, 16 discovered, 0 enqueued
[11.118s][info][gc,reloc    ] GC(18) Small Pages: 914 / 1828M, Empty: 1726M, Relocated: 0M, In-Place: 0
[11.118s][info][gc,reloc    ] GC(18) Medium Pages: 10 / 320M, Empty: 320M, Relocated: 0M, In-Place: 0
[11.118s][info][gc,reloc    ] GC(18) Large Pages: 1 / 6M, Empty: 0M, Relocated: 0M, In-Place: 0
[11.118s][info][gc,reloc    ] GC(18) Forwarding Usage: 0M
[11.118s][info][gc,heap     ] GC(18) Min Capacity: 4096M(100%)
[11.118s][info][gc,heap     ] GC(18) Max Capacity: 4096M(100%)
[11.118s][info][gc,heap     ] GC(18) Soft Max Capacity: 4096M(100%)
[11.118s][info][gc,heap     ] GC(18)                Mark Start          Mark End        Relocate Start      Relocate End           High               Low         
[11.118s][info][gc,heap     ] GC(18)  Capacity:     4096M (100%)       4096M (100%)       4096M (100%)       4096M (100%)       4096M (100%)       4096M (100%)   
[11.118s][info][gc,heap     ] GC(18)      Free:     1942M (47%)        1942M (47%)        3988M (97%)        3996M (98%)        3996M (98%)        1942M (47%)    
[11.118s][info][gc,heap     ] GC(18)      Used:     2154M (53%)        2154M (53%)         108M (3%)          100M (2%)         2154M (53%)         100M (2%)     
[11.118s][info][gc,heap     ] GC(18)      Live:         -                95M (2%)           95M (2%)           95M (2%)             -                  -          
[11.118s][info][gc,heap     ] GC(18) Allocated:         -                 0M (0%)            0M (0%)            0M (0%)             -                  -          
[11.118s][info][gc,heap     ] GC(18)   Garbage:         -              2058M (50%)          12M (0%)            4M (0%)             -                  -          
[11.118s][info][gc,heap     ] GC(18) Reclaimed:         -                  -              2046M (50%)        2054M (50%)            -                  -          
[11.118s][info][gc          ] GC(18) Garbage Collection (System.gc()) 2154M(53%)->100M(2%)
[11.586s][info][gc,start    ] GC(19) Garbage Collection (Allocation Rate)
[11.586s][info][gc,task     ] GC(19) Using 1 workers
[11.586s][info][gc,phases   ] GC(19) Pause Mark Start 0.009ms
[11.722s][info][gc,phases   ] GC(19) Concurrent Mark 135.440ms
[11.722s][info][gc,phases   ] GC(19) Pause Mark End 0.015ms
[11.722s][info][gc,phases   ] GC(19) Concurrent Mark Free 0.001ms
[11.728s][info][gc,phases   ] GC(19) Concurrent Process Non-Strong References 5.746ms
[11.728s][info][gc,phases   ] GC(19) Concurrent Reset Relocation Set 0.003ms
[11.731s][info][gc,phases   ] GC(19) Concurrent Select Relocation Set 2.987ms
[11.731s][info][gc,phases   ] GC(19) Pause Relocate Start 0.011ms
[11.734s][info][gc,phases   ] GC(19) Concurrent Relocate 2.430ms
[11.734s][info][gc,load     ] GC(19) Load: 0.00/0.00/0.00
[11.734s][info][gc,mmu      ] GC(19) MMU: 2ms/98.0%, 5ms/99.2%, 10ms/99.6%, 20ms/99.7%, 50ms/99.9%, 100ms/99.9%
[11.734s][info][gc,marking  ] GC(19) Mark: 1 stripe(s), 2 proactive flush(es), 1 terminate flush(es), 0 completion(s), 0 continuation(s) 
[11.734s][info][gc,marking  ] GC(19) Mark Stack Usage: 32M
[11.734s][info][gc,nmethod  ] GC(19) NMethods: 1316 registered, 5 unregistered
[11.734s][info][gc,metaspace] GC(19) Metaspace: 11M used, 11M committed, 1088M reserved
[11.734s][info][gc,ref      ] GC(19) Soft: 197 encountered, 0 discovered, 0 enqueued
[11.734s][info][gc,ref      ] GC(19) Weak: 695 encountered, 187 discovered, 0 enqueued
[11.734s][info][gc,ref      ] GC(19) Final: 0 encountered, 0 discovered, 0 enqueued
[11.734s][info][gc,ref      ] GC(19) Phantom: 36 encountered, 21 discovered, 0 enqueued
[11.734s][info][gc,reloc    ] GC(19) Small Pages: 963 / 1926M, Empty: 1804M, Relocated: 1M, In-Place: 0
[11.734s][info][gc,reloc    ] GC(19) Medium Pages: 10 / 320M, Empty: 320M, Relocated: 0M, In-Place: 0
[11.734s][info][gc,reloc    ] GC(19) Large Pages: 1 / 6M, Empty: 0M, Relocated: 0M, In-Place: 0
[11.734s][info][gc,reloc    ] GC(19) Forwarding Usage: 0M
[11.734s][info][gc,heap     ] GC(19) Min Capacity: 4096M(100%)
[11.734s][info][gc,heap     ] GC(19) Max Capacity: 4096M(100%)
[11.734s][info][gc,heap     ] GC(19) Soft Max Capacity: 4096M(100%)
[11.734s][info][gc,heap     ] GC(19)                Mark Start          Mark End        Relocate Start      Relocate End           High               Low         
[11.734s][info][gc,heap     ] GC(19)  Capacity:     4096M (100%)       4096M (100%)       4096M (100%)       4096M (100%)       4096M (100%)       4096M (100%)   
[11.734s][info][gc,heap     ] GC(19)      Free:     1844M (45%)        1344M (33%)        3426M (84%)        3446M (84%)        3454M (84%)        1316M (32%)    
[11.734s][info][gc,heap     ] GC(19)      Used:     2252M (55%)        2752M (67%)         670M (16%)         650M (16%)        2780M (68%)         642M (16%)    
[11.734s][info][gc,heap     ] GC(19)      Live:         -                96M (2%)           96M (2%)           96M (2%)             -                  -          
[11.734s][info][gc,heap     ] GC(19) Allocated:         -               500M (12%)         542M (13%)         551M (13%)            -                  -          
[11.734s][info][gc,heap     ] GC(19)   Garbage:         -              2155M (53%)          31M (1%)            1M (0%)             -                  -          
[11.734s][info][gc,heap     ] GC(19) Reclaimed:         -                  -              2124M (52%)        2153M (53%)            -                  -          
[11.734s][info][gc          ] GC(19) Garbage Collection (Allocation Rate) 2252M(55%)->650M(16%)
[12.183s][info][gc,start    ] GC(20) Garbage Collection (Allocation Rate)
[12.183s][info][gc,task     ] GC(20) Using 1 workers
[12.184s][info][gc,phases   ] GC(20) Pause Mark Start 0.011ms
[12.352s][info][gc,phases   ] GC(20) Concurrent Mark 168.294ms
[12.352s][info][gc,phases   ] GC(20) Pause Mark End 0.012ms
[12.352s][info][gc,phases   ] GC(20) Concurrent Mark Free 0.001ms
[12.356s][info][gc,phases   ] GC(20) Concurrent Process Non-Strong References 3.779ms
[12.356s][info][gc,phases   ] GC(20) Concurrent Reset Relocation Set 0.003ms
[12.359s][info][gc,phases   ] GC(20) Concurrent Select Relocation Set 2.680ms
[12.359s][info][gc,phases   ] GC(20) Pause Relocate Start 0.021ms
[12.361s][info][gc,phases   ] GC(20) Concurrent Relocate 1.843ms
[12.361s][info][gc,load     ] GC(20) Load: 0.00/0.00/0.00
[12.361s][info][gc,mmu      ] GC(20) MMU: 2ms/98.0%, 5ms/99.2%, 10ms/99.6%, 20ms/99.7%, 50ms/99.9%, 100ms/99.9%
[12.361s][info][gc,marking  ] GC(20) Mark: 1 stripe(s), 2 proactive flush(es), 1 terminate flush(es), 0 completion(s), 0 continuation(s) 
[12.361s][info][gc,marking  ] GC(20) Mark Stack Usage: 32M
[12.361s][info][gc,nmethod  ] GC(20) NMethods: 1316 registered, 5 unregistered
[12.361s][info][gc,metaspace] GC(20) Metaspace: 11M used, 11M committed, 1088M reserved
[12.361s][info][gc,ref      ] GC(20) Soft: 197 encountered, 0 discovered, 0 enqueued
[12.361s][info][gc,ref      ] GC(20) Weak: 695 encountered, 187 discovered, 0 enqueued
[12.361s][info][gc,ref      ] GC(20) Final: 0 encountered, 0 discovered, 0 enqueued
[12.361s][info][gc,ref      ] GC(20) Phantom: 36 encountered, 21 discovered, 0 enqueued
[12.361s][info][gc,reloc    ] GC(20) Small Pages: 1168 / 2336M, Empty: 2204M, Relocated: 2M, In-Place: 0
[12.361s][info][gc,reloc    ] GC(20) Medium Pages: 12 / 384M, Empty: 384M, Relocated: 0M, In-Place: 0
[12.361s][info][gc,reloc    ] GC(20) Large Pages: 1 / 6M, Empty: 0M, Relocated: 0M, In-Place: 0
[12.361s][info][gc,reloc    ] GC(20) Forwarding Usage: 0M
[12.361s][info][gc,heap     ] GC(20) Min Capacity: 4096M(100%)
[12.361s][info][gc,heap     ] GC(20) Max Capacity: 4096M(100%)
[12.361s][info][gc,heap     ] GC(20) Soft Max Capacity: 4096M(100%)
[12.361s][info][gc,heap     ] GC(20)                Mark Start          Mark End        Relocate Start      Relocate End           High               Low         
[12.361s][info][gc,heap     ] GC(20)  Capacity:     4096M (100%)       4096M (100%)       4096M (100%)       4096M (100%)       4096M (100%)       4096M (100%)   
[12.361s][info][gc,heap     ] GC(20)      Free:     1370M (33%)         716M (17%)        3294M (80%)        3326M (81%)        3328M (81%)         716M (17%)    
[12.361s][info][gc,heap     ] GC(20)      Used:     2726M (67%)        3380M (83%)         802M (20%)         770M (19%)        3380M (83%)         768M (19%)    
[12.361s][info][gc,heap     ] GC(20)      Live:         -                97M (2%)           97M (2%)           97M (2%)             -                  -          
[12.361s][info][gc,heap     ] GC(20) Allocated:         -               654M (16%)         664M (16%)         669M (16%)            -                  -          
[12.361s][info][gc,heap     ] GC(20)   Garbage:         -              2628M (64%)          40M (1%)            2M (0%)             -                  -          
[12.361s][info][gc,heap     ] GC(20) Reclaimed:         -                  -              2588M (63%)        2625M (64%)            -                  -          
[12.361s][info][gc          ] GC(20) Garbage Collection (Allocation Rate) 2726M(67%)->770M(19%)
[12.781s][info][gc,start    ] GC(21) Garbage Collection (Allocation Rate)
[12.781s][info][gc,task     ] GC(21) Using 1 workers
[12.781s][info][gc,phases   ] GC(21) Pause Mark Start 0.011ms
[12.940s][info][gc,phases   ] GC(21) Concurrent Mark 159.266ms
[12.940s][info][gc,phases   ] GC(21) Pause Mark End 0.015ms
[12.940s][info][gc,phases   ] GC(21) Concurrent Mark Free 0.001ms
[12.951s][info][gc,phases   ] GC(21) Concurrent Process Non-Strong References 10.177ms
[12.951s][info][gc,phases   ] GC(21) Concurrent Reset Relocation Set 0.005ms
[12.954s][info][gc,phases   ] GC(21) Concurrent Select Relocation Set 3.024ms
[12.954s][info][gc,phases   ] GC(21) Pause Relocate Start 0.011ms
[12.956s][info][gc,phases   ] GC(21) Concurrent Relocate 1.544ms
[12.956s][info][gc,load     ] GC(21) Load: 0.00/0.00/0.00
[12.956s][info][gc,mmu      ] GC(21) MMU: 2ms/98.0%, 5ms/99.2%, 10ms/99.6%, 20ms/99.7%, 50ms/99.9%, 100ms/99.9%
[12.956s][info][gc,marking  ] GC(21) Mark: 1 stripe(s), 2 proactive flush(es), 1 terminate flush(es), 0 completion(s), 0 continuation(s) 
[12.956s][info][gc,marking  ] GC(21) Mark Stack Usage: 32M
[12.956s][info][gc,nmethod  ] GC(21) NMethods: 1316 registered, 5 unregistered
[12.956s][info][gc,metaspace] GC(21) Metaspace: 11M used, 11M committed, 1088M reserved
[12.956s][info][gc,ref      ] GC(21) Soft: 197 encountered, 0 discovered, 0 enqueued
[12.956s][info][gc,ref      ] GC(21) Weak: 695 encountered, 187 discovered, 0 enqueued
[12.956s][info][gc,ref      ] GC(21) Final: 0 encountered, 0 discovered, 0 enqueued
[12.956s][info][gc,ref      ] GC(21) Phantom: 36 encountered, 21 discovered, 0 enqueued
[12.956s][info][gc,reloc    ] GC(21) Small Pages: 1163 / 2326M, Empty: 2186M, Relocated: 2M, In-Place: 0
[12.956s][info][gc,reloc    ] GC(21) Medium Pages: 12 / 384M, Empty: 384M, Relocated: 0M, In-Place: 0
[12.956s][info][gc,reloc    ] GC(21) Large Pages: 1 / 6M, Empty: 0M, Relocated: 0M, In-Place: 0
[12.956s][info][gc,reloc    ] GC(21) Forwarding Usage: 0M
[12.956s][info][gc,heap     ] GC(21) Min Capacity: 4096M(100%)
[12.956s][info][gc,heap     ] GC(21) Max Capacity: 4096M(100%)
[12.956s][info][gc,heap     ] GC(21) Soft Max Capacity: 4096M(100%)
[12.956s][info][gc,heap     ] GC(21)                Mark Start          Mark End        Relocate Start      Relocate End           High               Low         
[12.956s][info][gc,heap     ] GC(21)  Capacity:     4096M (100%)       4096M (100%)       4096M (100%)       4096M (100%)       4096M (100%)       4096M (100%)   
[12.956s][info][gc,heap     ] GC(21)      Free:     1380M (34%)         728M (18%)        3188M (78%)        3230M (79%)        3230M (79%)         662M (16%)    
[12.956s][info][gc,heap     ] GC(21)      Used:     2716M (66%)        3368M (82%)         908M (22%)         866M (21%)        3434M (84%)         866M (21%)    
[12.956s][info][gc,heap     ] GC(21)      Live:         -                97M (2%)           97M (2%)           97M (2%)             -                  -          
[12.956s][info][gc,heap     ] GC(21) Allocated:         -               652M (16%)         762M (19%)         765M (19%)            -                  -          
[12.956s][info][gc,heap     ] GC(21)   Garbage:         -              2618M (64%)          48M (1%)            2M (0%)             -                  -          
[12.956s][info][gc,heap     ] GC(21) Reclaimed:         -                  -              2570M (63%)        2615M (64%)            -                  -          
[12.956s][info][gc          ] GC(21) Garbage Collection (Allocation Rate) 2716M(66%)->866M(21%)
[13.378s][info][gc,start    ] GC(22) Garbage Collection (Allocation Rate)
[13.378s][info][gc,task     ] GC(22) Using 1 workers
[13.378s][info][gc,phases   ] GC(22) Pause Mark Start 0.006ms
[13.580s][info][gc,phases   ] GC(22) Concurrent Mark 202.608ms
[13.581s][info][gc,phases   ] GC(22) Pause Mark End 0.013ms
[13.581s][info][gc,phases   ] GC(22) Concurrent Mark Free 0.001ms
[13.584s][info][gc,phases   ] GC(22) Concurrent Process Non-Strong References 2.971ms
[13.584s][info][gc,phases   ] GC(22) Concurrent Reset Relocation Set 0.003ms
[13.588s][info][gc,phases   ] GC(22) Concurrent Select Relocation Set 4.065ms
[13.588s][info][gc,phases   ] GC(22) Pause Relocate Start 0.017ms
[13.589s][info][gc,phases   ] GC(22) Concurrent Relocate 0.912ms
[13.589s][info][gc,load     ] GC(22) Load: 0.00/0.00/0.00
[13.589s][info][gc,mmu      ] GC(22) MMU: 2ms/98.0%, 5ms/99.2%, 10ms/99.6%, 20ms/99.7%, 50ms/99.9%, 100ms/99.9%
[13.589s][info][gc,marking  ] GC(22) Mark: 1 stripe(s), 2 proactive flush(es), 1 terminate flush(es), 0 completion(s), 0 continuation(s) 
[13.589s][info][gc,marking  ] GC(22) Mark Stack Usage: 32M
[13.589s][info][gc,nmethod  ] GC(22) NMethods: 1317 registered, 7 unregistered
[13.589s][info][gc,metaspace] GC(22) Metaspace: 11M used, 11M committed, 1088M reserved
[13.589s][info][gc,ref      ] GC(22) Soft: 197 encountered, 0 discovered, 0 enqueued
[13.589s][info][gc,ref      ] GC(22) Weak: 695 encountered, 186 discovered, 0 enqueued
[13.589s][info][gc,ref      ] GC(22) Final: 0 encountered, 0 discovered, 0 enqueued
[13.589s][info][gc,ref      ] GC(22) Phantom: 36 encountered, 21 discovered, 0 enqueued
[13.589s][info][gc,reloc    ] GC(22) Small Pages: 1189 / 2378M, Empty: 2244M, Relocated: 0M, In-Place: 0
[13.589s][info][gc,reloc    ] GC(22) Medium Pages: 12 / 384M, Empty: 352M, Relocated: 0M, In-Place: 0
[13.589s][info][gc,reloc    ] GC(22) Large Pages: 1 / 6M, Empty: 0M, Relocated: 0M, In-Place: 0
[13.589s][info][gc,reloc    ] GC(22) Forwarding Usage: 0M
[13.589s][info][gc,heap     ] GC(22) Min Capacity: 4096M(100%)
[13.589s][info][gc,heap     ] GC(22) Max Capacity: 4096M(100%)
[13.589s][info][gc,heap     ] GC(22) Soft Max Capacity: 4096M(100%)
[13.589s][info][gc,heap     ] GC(22)                Mark Start          Mark End        Relocate Start      Relocate End           High               Low         
[13.589s][info][gc,heap     ] GC(22)  Capacity:     4096M (100%)       4096M (100%)       4096M (100%)       4096M (100%)       4096M (100%)       4096M (100%)   
[13.589s][info][gc,heap     ] GC(22)      Free:     1328M (32%)         534M (13%)        3098M (76%)        3138M (77%)        3138M (77%)         524M (13%)    
[13.589s][info][gc,heap     ] GC(22)      Used:     2768M (68%)        3562M (87%)         998M (24%)         958M (23%)        3572M (87%)         958M (23%)    
[13.589s][info][gc,heap     ] GC(22)      Live:         -                99M (2%)           99M (2%)           99M (2%)             -                  -          
[13.589s][info][gc,heap     ] GC(22) Allocated:         -               794M (19%)         826M (20%)         827M (20%)            -                  -          
[13.589s][info][gc,heap     ] GC(22)   Garbage:         -              2668M (65%)          72M (2%)           30M (1%)             -                  -          
[13.589s][info][gc,heap     ] GC(22) Reclaimed:         -                  -              2596M (63%)        2637M (64%)            -                  -          
[13.589s][info][gc          ] GC(22) Garbage Collection (Allocation Rate) 2768M(68%)->958M(23%)
[13.975s][info][gc,start    ] GC(23) Garbage Collection (Allocation Rate)
[13.975s][info][gc,task     ] GC(23) Using 1 workers
[13.975s][info][gc,phases   ] GC(23) Pause Mark Start 0.010ms
[14.149s][info][gc,phases   ] GC(23) Concurrent Mark 173.336ms
[14.149s][info][gc,phases   ] GC(23) Pause Mark End 0.025ms
[14.149s][info][gc,phases   ] GC(23) Concurrent Mark Free 0.002ms
[14.152s][info][gc,phases   ] GC(23) Concurrent Process Non-Strong References 3.407ms
[14.152s][info][gc,phases   ] GC(23) Concurrent Reset Relocation Set 0.002ms
[14.155s][info][gc,phases   ] GC(23) Concurrent Select Relocation Set 2.794ms
[14.155s][info][gc,phases   ] GC(23) Pause Relocate Start 0.010ms
[14.157s][info][gc,phases   ] GC(23) Concurrent Relocate 2.052ms
[14.157s][info][gc,load     ] GC(23) Load: 0.00/0.00/0.00
[14.157s][info][gc,mmu      ] GC(23) MMU: 2ms/98.0%, 5ms/99.2%, 10ms/99.6%, 20ms/99.7%, 50ms/99.9%, 100ms/99.9%
[14.157s][info][gc,marking  ] GC(23) Mark: 1 stripe(s), 2 proactive flush(es), 1 terminate flush(es), 0 completion(s), 0 continuation(s) 
[14.158s][info][gc,marking  ] GC(23) Mark Stack Usage: 32M
[14.158s][info][gc,nmethod  ] GC(23) NMethods: 1317 registered, 7 unregistered
[14.158s][info][gc,metaspace] GC(23) Metaspace: 11M used, 11M committed, 1088M reserved
[14.158s][info][gc,ref      ] GC(23) Soft: 197 encountered, 0 discovered, 0 enqueued
[14.158s][info][gc,ref      ] GC(23) Weak: 695 encountered, 187 discovered, 0 enqueued
[14.158s][info][gc,ref      ] GC(23) Final: 0 encountered, 0 discovered, 0 enqueued
[14.158s][info][gc,ref      ] GC(23) Phantom: 36 encountered, 21 discovered, 0 enqueued
[14.158s][info][gc,reloc    ] GC(23) Small Pages: 1150 / 2300M, Empty: 2148M, Relocated: 4M, In-Place: 0
[14.158s][info][gc,reloc    ] GC(23) Medium Pages: 12 / 384M, Empty: 384M, Relocated: 0M, In-Place: 0
[14.158s][info][gc,reloc    ] GC(23) Large Pages: 1 / 6M, Empty: 0M, Relocated: 0M, In-Place: 0
[14.158s][info][gc,reloc    ] GC(23) Forwarding Usage: 0M
[14.158s][info][gc,heap     ] GC(23) Min Capacity: 4096M(100%)
[14.158s][info][gc,heap     ] GC(23) Max Capacity: 4096M(100%)
[14.158s][info][gc,heap     ] GC(23) Soft Max Capacity: 4096M(100%)
[14.158s][info][gc,heap     ] GC(23)                Mark Start          Mark End        Relocate Start      Relocate End           High               Low         
[14.158s][info][gc,heap     ] GC(23)  Capacity:     4096M (100%)       4096M (100%)       4096M (100%)       4096M (100%)       4096M (100%)       4096M (100%)   
[14.158s][info][gc,heap     ] GC(23)      Free:     1406M (34%)         720M (18%)        3202M (78%)        3256M (79%)        3256M (79%)         670M (16%)    
[14.158s][info][gc,heap     ] GC(23)      Used:     2690M (66%)        3376M (82%)         894M (22%)         840M (21%)        3426M (84%)         840M (21%)    
[14.158s][info][gc,heap     ] GC(23)      Live:         -                99M (2%)           99M (2%)           99M (2%)             -                  -          
[14.158s][info][gc,heap     ] GC(23) Allocated:         -               686M (17%)         736M (18%)         737M (18%)            -                  -          
[14.158s][info][gc,heap     ] GC(23)   Garbage:         -              2590M (63%)          58M (1%)            2M (0%)             -                  -          
[14.158s][info][gc,heap     ] GC(23) Reclaimed:         -                  -              2532M (62%)        2587M (63%)            -                  -          
[14.158s][info][gc          ] GC(23) Garbage Collection (Allocation Rate) 2690M(66%)->840M(21%)
[14.588s][info][gc,start    ] GC(24) Garbage Collection (Allocation Rate)
[14.588s][info][gc,task     ] GC(24) Using 1 workers
[14.588s][info][gc,phases   ] GC(24) Pause Mark Start 0.010ms
[14.737s][info][gc,phases   ] GC(24) Concurrent Mark 148.725ms
[14.737s][info][gc,phases   ] GC(24) Pause Mark End 0.019ms
[14.737s][info][gc,phases   ] GC(24) Concurrent Mark Free 0.002ms
[14.740s][info][gc,phases   ] GC(24) Concurrent Process Non-Strong References 2.960ms
[14.740s][info][gc,phases   ] GC(24) Concurrent Reset Relocation Set 0.003ms
[14.742s][info][gc,phases   ] GC(24) Concurrent Select Relocation Set 2.240ms
[14.742s][info][gc,phases   ] GC(24) Pause Relocate Start 0.014ms
[14.744s][info][gc,phases   ] GC(24) Concurrent Relocate 1.535ms
[14.744s][info][gc,load     ] GC(24) Load: 0.00/0.00/0.00
[14.744s][info][gc,mmu      ] GC(24) MMU: 2ms/98.0%, 5ms/99.2%, 10ms/99.6%, 20ms/99.7%, 50ms/99.9%, 100ms/99.9%
[14.744s][info][gc,marking  ] GC(24) Mark: 1 stripe(s), 2 proactive flush(es), 1 terminate flush(es), 0 completion(s), 0 continuation(s) 
[14.744s][info][gc,marking  ] GC(24) Mark Stack Usage: 32M
[14.744s][info][gc,nmethod  ] GC(24) NMethods: 1317 registered, 7 unregistered
[14.744s][info][gc,metaspace] GC(24) Metaspace: 11M used, 11M committed, 1088M reserved
[14.744s][info][gc,ref      ] GC(24) Soft: 197 encountered, 0 discovered, 0 enqueued
[14.744s][info][gc,ref      ] GC(24) Weak: 695 encountered, 187 discovered, 0 enqueued
[14.744s][info][gc,ref      ] GC(24) Final: 0 encountered, 0 discovered, 0 enqueued
[14.744s][info][gc,ref      ] GC(24) Phantom: 36 encountered, 21 discovered, 0 enqueued
[14.744s][info][gc,reloc    ] GC(24) Small Pages: 1191 / 2382M, Empty: 2232M, Relocated: 2M, In-Place: 0
[14.744s][info][gc,reloc    ] GC(24) Medium Pages: 12 / 384M, Empty: 384M, Relocated: 0M, In-Place: 0
[14.744s][info][gc,reloc    ] GC(24) Large Pages: 1 / 6M, Empty: 0M, Relocated: 0M, In-Place: 0
[14.744s][info][gc,reloc    ] GC(24) Forwarding Usage: 0M
[14.744s][info][gc,heap     ] GC(24) Min Capacity: 4096M(100%)
[14.744s][info][gc,heap     ] GC(24) Max Capacity: 4096M(100%)
[14.744s][info][gc,heap     ] GC(24) Soft Max Capacity: 4096M(100%)
[14.744s][info][gc,heap     ] GC(24)                Mark Start          Mark End        Relocate Start      Relocate End           High               Low         
[14.744s][info][gc,heap     ] GC(24)  Capacity:     4096M (100%)       4096M (100%)       4096M (100%)       4096M (100%)       4096M (100%)       4096M (100%)   
[14.744s][info][gc,heap     ] GC(24)      Free:     1324M (32%)         686M (17%)        3292M (80%)        3348M (82%)        3348M (82%)         676M (17%)    
[14.744s][info][gc,heap     ] GC(24)      Used:     2772M (68%)        3410M (83%)         804M (20%)         748M (18%)        3420M (83%)         748M (18%)    
[14.744s][info][gc,heap     ] GC(24)      Live:         -                97M (2%)           97M (2%)           97M (2%)             -                  -          
[14.744s][info][gc,heap     ] GC(24) Allocated:         -               638M (16%)         648M (16%)         647M (16%)            -                  -          
[14.744s][info][gc,heap     ] GC(24)   Garbage:         -              2674M (65%)          58M (1%)            2M (0%)             -                  -          
[14.744s][info][gc,heap     ] GC(24) Reclaimed:         -                  -              2616M (64%)        2671M (65%)            -                  -          
[14.744s][info][gc          ] GC(24) Garbage Collection (Allocation Rate) 2772M(68%)->748M(18%)
[15.184s][info][gc,start    ] GC(25) Garbage Collection (Allocation Rate)
[15.184s][info][gc,task     ] GC(25) Using 1 workers
[15.184s][info][gc,phases   ] GC(25) Pause Mark Start 0.006ms
[15.422s][info][gc,phases   ] GC(25) Concurrent Mark 237.375ms
[15.422s][info][gc,phases   ] GC(25) Pause Mark End 0.013ms
[15.422s][info][gc,phases   ] GC(25) Concurrent Mark Free 0.001ms
[15.425s][info][gc,phases   ] GC(25) Concurrent Process Non-Strong References 2.675ms
[15.425s][info][gc,phases   ] GC(25) Concurrent Reset Relocation Set 0.004ms
[15.427s][info][gc,phases   ] GC(25) Concurrent Select Relocation Set 2.813ms
[15.428s][info][gc,phases   ] GC(25) Pause Relocate Start 0.013ms
[15.429s][info][gc,phases   ] GC(25) Concurrent Relocate 0.974ms
[15.429s][info][gc,load     ] GC(25) Load: 0.00/0.00/0.00
[15.429s][info][gc,mmu      ] GC(25) MMU: 2ms/98.0%, 5ms/99.2%, 10ms/99.6%, 20ms/99.7%, 50ms/99.9%, 100ms/99.9%
[15.429s][info][gc,marking  ] GC(25) Mark: 1 stripe(s), 2 proactive flush(es), 1 terminate flush(es), 0 completion(s), 0 continuation(s) 
[15.429s][info][gc,marking  ] GC(25) Mark Stack Usage: 32M
[15.429s][info][gc,nmethod  ] GC(25) NMethods: 1317 registered, 7 unregistered
[15.429s][info][gc,metaspace] GC(25) Metaspace: 11M used, 11M committed, 1088M reserved
[15.429s][info][gc,ref      ] GC(25) Soft: 197 encountered, 0 discovered, 0 enqueued
[15.429s][info][gc,ref      ] GC(25) Weak: 695 encountered, 187 discovered, 0 enqueued
[15.429s][info][gc,ref      ] GC(25) Final: 0 encountered, 0 discovered, 0 enqueued
[15.429s][info][gc,ref      ] GC(25) Phantom: 36 encountered, 21 discovered, 0 enqueued
[15.429s][info][gc,reloc    ] GC(25) Small Pages: 1189 / 2378M, Empty: 2258M, Relocated: 0M, In-Place: 0
[15.429s][info][gc,reloc    ] GC(25) Medium Pages: 12 / 384M, Empty: 352M, Relocated: 0M, In-Place: 0
[15.429s][info][gc,reloc    ] GC(25) Large Pages: 1 / 6M, Empty: 0M, Relocated: 0M, In-Place: 0
[15.429s][info][gc,reloc    ] GC(25) Forwarding Usage: 0M
[15.429s][info][gc,heap     ] GC(25) Min Capacity: 4096M(100%)
[15.429s][info][gc,heap     ] GC(25) Max Capacity: 4096M(100%)
[15.429s][info][gc,heap     ] GC(25) Soft Max Capacity: 4096M(100%)
[15.429s][info][gc,heap     ] GC(25)                Mark Start          Mark End        Relocate Start      Relocate End           High               Low         
[15.429s][info][gc,heap     ] GC(25)  Capacity:     4096M (100%)       4096M (100%)       4096M (100%)       4096M (100%)       4096M (100%)       4096M (100%)   
[15.429s][info][gc,heap     ] GC(25)      Free:     1328M (32%)         338M (8%)         2928M (71%)        2954M (72%)        2954M (72%)         330M (8%)     
[15.429s][info][gc,heap     ] GC(25)      Used:     2768M (68%)        3758M (92%)        1168M (29%)        1142M (28%)        3766M (92%)        1142M (28%)    
[15.429s][info][gc,heap     ] GC(25)      Live:         -                99M (2%)           99M (2%)           99M (2%)             -                  -          
[15.429s][info][gc,heap     ] GC(25) Allocated:         -               990M (24%)        1010M (25%)        1011M (25%)            -                  -          
[15.429s][info][gc,heap     ] GC(25)   Garbage:         -              2668M (65%)          58M (1%)           30M (1%)             -                  -          
[15.429s][info][gc,heap     ] GC(25) Reclaimed:         -                  -              2610M (64%)        2637M (64%)            -                  -          
[15.429s][info][gc          ] GC(25) Garbage Collection (Allocation Rate) 2768M(68%)->1142M(28%)
[15.519s][info][gc,start    ] GC(26) Garbage Collection (System.gc())
[15.519s][info][gc,task     ] GC(26) Using 2 workers
[15.519s][info][gc,phases   ] GC(26) Pause Mark Start 0.006ms
[15.577s][info][gc,phases   ] GC(26) Concurrent Mark 57.849ms
[15.577s][info][gc,phases   ] GC(26) Pause Mark End 0.021ms
[15.577s][info][gc,phases   ] GC(26) Concurrent Mark Free 0.002ms
[15.579s][info][gc,phases   ] GC(26) Concurrent Process Non-Strong References 1.663ms
[15.579s][info][gc,phases   ] GC(26) Concurrent Reset Relocation Set 0.002ms
[15.580s][info][gc,phases   ] GC(26) Concurrent Select Relocation Set 1.349ms
[15.580s][info][gc,phases   ] GC(26) Pause Relocate Start 0.006ms
[15.581s][info][gc,phases   ] GC(26) Concurrent Relocate 0.711ms
[15.581s][info][gc,load     ] GC(26) Load: 0.00/0.00/0.00
[15.581s][info][gc,mmu      ] GC(26) MMU: 2ms/98.0%, 5ms/99.2%, 10ms/99.6%, 20ms/99.7%, 50ms/99.9%, 100ms/99.9%
[15.581s][info][gc,marking  ] GC(26) Mark: 2 stripe(s), 2 proactive flush(es), 1 terminate flush(es), 0 completion(s), 0 continuation(s) 
[15.581s][info][gc,marking  ] GC(26) Mark Stack Usage: 32M
[15.581s][info][gc,nmethod  ] GC(26) NMethods: 1318 registered, 9 unregistered
[15.581s][info][gc,metaspace] GC(26) Metaspace: 11M used, 11M committed, 1088M reserved
[15.581s][info][gc,ref      ] GC(26) Soft: 197 encountered, 0 discovered, 0 enqueued
[15.581s][info][gc,ref      ] GC(26) Weak: 695 encountered, 194 discovered, 0 enqueued
[15.581s][info][gc,ref      ] GC(26) Final: 0 encountered, 0 discovered, 0 enqueued
[15.581s][info][gc,ref      ] GC(26) Phantom: 36 encountered, 16 discovered, 0 enqueued
[15.581s][info][gc,reloc    ] GC(26) Small Pages: 625 / 1250M, Empty: 1152M, Relocated: 0M, In-Place: 0
[15.581s][info][gc,reloc    ] GC(26) Medium Pages: 7 / 224M, Empty: 224M, Relocated: 0M, In-Place: 0
[15.581s][info][gc,reloc    ] GC(26) Large Pages: 1 / 6M, Empty: 0M, Relocated: 0M, In-Place: 0
[15.581s][info][gc,reloc    ] GC(26) Forwarding Usage: 0M
[15.581s][info][gc,heap     ] GC(26) Min Capacity: 4096M(100%)
[15.581s][info][gc,heap     ] GC(26) Max Capacity: 4096M(100%)
[15.581s][info][gc,heap     ] GC(26) Soft Max Capacity: 4096M(100%)
[15.581s][info][gc,heap     ] GC(26)                Mark Start          Mark End        Relocate Start      Relocate End           High               Low         
[15.581s][info][gc,heap     ] GC(26)  Capacity:     4096M (100%)       4096M (100%)       4096M (100%)       4096M (100%)       4096M (100%)       4096M (100%)   
[15.581s][info][gc,heap     ] GC(26)      Free:     2616M (64%)        2616M (64%)        3992M (97%)        3996M (98%)        3996M (98%)        2616M (64%)    
[15.581s][info][gc,heap     ] GC(26)      Used:     1480M (36%)        1480M (36%)         104M (3%)          100M (2%)         1480M (36%)         100M (2%)     
[15.581s][info][gc,heap     ] GC(26)      Live:         -                95M (2%)           95M (2%)           95M (2%)             -                  -          
[15.581s][info][gc,heap     ] GC(26) Allocated:         -                 0M (0%)            0M (0%)            0M (0%)             -                  -          
[15.581s][info][gc,heap     ] GC(26)   Garbage:         -              1384M (34%)           8M (0%)            4M (0%)             -                  -          
[15.581s][info][gc,heap     ] GC(26) Reclaimed:         -                  -              1376M (34%)        1380M (34%)            -                  -          
[15.581s][info][gc          ] GC(26) Garbage Collection (System.gc()) 1480M(36%)->100M(2%)
[16.173s][info][gc,start    ] GC(27) Garbage Collection (Allocation Rate)
[16.173s][info][gc,task     ] GC(27) Using 2 workers
[16.174s][info][gc,phases   ] GC(27) Pause Mark Start 0.011ms
[16.251s][info][gc,phases   ] GC(27) Concurrent Mark 77.634ms
[16.251s][info][gc,phases   ] GC(27) Pause Mark End 0.019ms
[16.252s][info][gc,phases   ] GC(27) Concurrent Mark Free 0.003ms
[16.253s][info][gc,phases   ] GC(27) Concurrent Process Non-Strong References 1.716ms
[16.253s][info][gc,phases   ] GC(27) Concurrent Reset Relocation Set 0.002ms
[16.256s][info][gc,phases   ] GC(27) Concurrent Select Relocation Set 2.550ms
[16.256s][info][gc,phases   ] GC(27) Pause Relocate Start 0.009ms
[16.257s][info][gc,phases   ] GC(27) Concurrent Relocate 0.490ms
[16.257s][info][gc,load     ] GC(27) Load: 0.00/0.00/0.00
[16.257s][info][gc,mmu      ] GC(27) MMU: 2ms/98.0%, 5ms/99.2%, 10ms/99.6%, 20ms/99.7%, 50ms/99.9%, 100ms/99.9%
[16.257s][info][gc,marking  ] GC(27) Mark: 2 stripe(s), 2 proactive flush(es), 1 terminate flush(es), 0 completion(s), 0 continuation(s) 
[16.257s][info][gc,marking  ] GC(27) Mark Stack Usage: 32M
[16.257s][info][gc,nmethod  ] GC(27) NMethods: 1320 registered, 9 unregistered
[16.257s][info][gc,metaspace] GC(27) Metaspace: 11M used, 11M committed, 1088M reserved
[16.257s][info][gc,ref      ] GC(27) Soft: 197 encountered, 0 discovered, 0 enqueued
[16.257s][info][gc,ref      ] GC(27) Weak: 695 encountered, 44 discovered, 0 enqueued
[16.257s][info][gc,ref      ] GC(27) Final: 0 encountered, 0 discovered, 0 enqueued
[16.257s][info][gc,ref      ] GC(27) Phantom: 36 encountered, 27 discovered, 0 enqueued
[16.257s][info][gc,reloc    ] GC(27) Small Pages: 1228 / 2456M, Empty: 2314M, Relocated: 3M, In-Place: 0
[16.257s][info][gc,reloc    ] GC(27) Medium Pages: 12 / 384M, Empty: 384M, Relocated: 0M, In-Place: 0
[16.257s][info][gc,reloc    ] GC(27) Large Pages: 1 / 6M, Empty: 0M, Relocated: 0M, In-Place: 0
[16.257s][info][gc,reloc    ] GC(27) Forwarding Usage: 0M
[16.257s][info][gc,heap     ] GC(27) Min Capacity: 4096M(100%)
[16.257s][info][gc,heap     ] GC(27) Max Capacity: 4096M(100%)
[16.257s][info][gc,heap     ] GC(27) Soft Max Capacity: 4096M(100%)
[16.257s][info][gc,heap     ] GC(27)                Mark Start          Mark End        Relocate Start      Relocate End           High               Low         
[16.257s][info][gc,heap     ] GC(27)  Capacity:     4096M (100%)       4096M (100%)       4096M (100%)       4096M (100%)       4096M (100%)       4096M (100%)   
[16.257s][info][gc,heap     ] GC(27)      Free:     1250M (31%)         982M (24%)        3680M (90%)        3726M (91%)        3726M (91%)         982M (24%)    
[16.257s][info][gc,heap     ] GC(27)      Used:     2846M (69%)        3114M (76%)         416M (10%)         370M (9%)         3114M (76%)         370M (9%)     
[16.257s][info][gc,heap     ] GC(27)      Live:         -                99M (2%)           99M (2%)           99M (2%)             -                  -          
[16.257s][info][gc,heap     ] GC(27) Allocated:         -               268M (7%)          268M (7%)          268M (7%)             -                  -          
[16.257s][info][gc,heap     ] GC(27)   Garbage:         -              2746M (67%)          48M (1%)            2M (0%)             -                  -          
[16.257s][info][gc,heap     ] GC(27) Reclaimed:         -                  -              2698M (66%)        2744M (67%)            -                  -          
[16.257s][info][gc          ] GC(27) Garbage Collection (Allocation Rate) 2846M(69%)->370M(9%)
[16.879s][info][gc,start    ] GC(28) Garbage Collection (Allocation Rate)
[16.879s][info][gc,task     ] GC(28) Using 2 workers
[16.880s][info][gc,phases   ] GC(28) Pause Mark Start 0.009ms
[16.974s][info][gc,phases   ] GC(28) Concurrent Mark 93.917ms
[16.974s][info][gc,phases   ] GC(28) Pause Mark End 0.026ms
[16.974s][info][gc,phases   ] GC(28) Concurrent Mark Free 0.001ms
[16.983s][info][gc,phases   ] GC(28) Concurrent Process Non-Strong References 8.651ms
[16.983s][info][gc,phases   ] GC(28) Concurrent Reset Relocation Set 0.007ms
[16.986s][info][gc,phases   ] GC(28) Concurrent Select Relocation Set 3.580ms
[16.987s][info][gc,phases   ] GC(28) Pause Relocate Start 0.009ms
[16.987s][info][gc,phases   ] GC(28) Concurrent Relocate 0.785ms
[16.988s][info][gc,load     ] GC(28) Load: 0.00/0.00/0.00
[16.988s][info][gc,mmu      ] GC(28) MMU: 2ms/98.0%, 5ms/99.2%, 10ms/99.6%, 20ms/99.7%, 50ms/99.9%, 100ms/99.9%
[16.988s][info][gc,marking  ] GC(28) Mark: 2 stripe(s), 2 proactive flush(es), 1 terminate flush(es), 0 completion(s), 0 continuation(s) 
[16.988s][info][gc,marking  ] GC(28) Mark Stack Usage: 32M
[16.988s][info][gc,nmethod  ] GC(28) NMethods: 1319 registered, 11 unregistered
[16.988s][info][gc,metaspace] GC(28) Metaspace: 11M used, 11M committed, 1088M reserved
[16.988s][info][gc,ref      ] GC(28) Soft: 197 encountered, 0 discovered, 0 enqueued
[16.988s][info][gc,ref      ] GC(28) Weak: 695 encountered, 38 discovered, 0 enqueued
[16.988s][info][gc,ref      ] GC(28) Final: 0 encountered, 0 discovered, 0 enqueued
[16.988s][info][gc,ref      ] GC(28) Phantom: 36 encountered, 25 discovered, 0 enqueued
[16.988s][info][gc,reloc    ] GC(28) Small Pages: 1387 / 2774M, Empty: 2646M, Relocated: 0M, In-Place: 0
[16.988s][info][gc,reloc    ] GC(28) Medium Pages: 14 / 448M, Empty: 416M, Relocated: 0M, In-Place: 0
[16.988s][info][gc,reloc    ] GC(28) Large Pages: 1 / 6M, Empty: 0M, Relocated: 0M, In-Place: 0
[16.988s][info][gc,reloc    ] GC(28) Forwarding Usage: 0M
[16.988s][info][gc,heap     ] GC(28) Min Capacity: 4096M(100%)
[16.988s][info][gc,heap     ] GC(28) Max Capacity: 4096M(100%)
[16.988s][info][gc,heap     ] GC(28) Soft Max Capacity: 4096M(100%)
[16.988s][info][gc,heap     ] GC(28)                Mark Start          Mark End        Relocate Start      Relocate End           High               Low         
[16.988s][info][gc,heap     ] GC(28)  Capacity:     4096M (100%)       4096M (100%)       4096M (100%)       4096M (100%)       4096M (100%)       4096M (100%)   
[16.988s][info][gc,heap     ] GC(28)      Free:      868M (21%)         544M (13%)        3530M (86%)        3564M (87%)        3564M (87%)         486M (12%)    
[16.988s][info][gc,heap     ] GC(28)      Used:     3228M (79%)        3552M (87%)         566M (14%)         532M (13%)        3610M (88%)         532M (13%)    
[16.988s][info][gc,heap     ] GC(28)      Live:         -                99M (2%)           99M (2%)           99M (2%)             -                  -          
[16.988s][info][gc,heap     ] GC(28) Allocated:         -               324M (8%)          400M (10%)         399M (10%)            -                  -          
[16.988s][info][gc,heap     ] GC(28)   Garbage:         -              3128M (76%)          66M (2%)           32M (1%)             -                  -          
[16.988s][info][gc,heap     ] GC(28) Reclaimed:         -                  -              3062M (75%)        3095M (76%)            -                  -          
[16.988s][info][gc          ] GC(28) Garbage Collection (Allocation Rate) 3228M(79%)->532M(13%)
[17.586s][info][gc,start    ] GC(29) Garbage Collection (Allocation Rate)
[17.586s][info][gc,task     ] GC(29) Using 2 workers
[17.586s][info][gc,phases   ] GC(29) Pause Mark Start 0.009ms
[17.696s][info][gc,phases   ] GC(29) Concurrent Mark 109.488ms
[17.696s][info][gc,phases   ] GC(29) Pause Mark End 0.019ms
[17.696s][info][gc,phases   ] GC(29) Concurrent Mark Free 0.001ms
[17.698s][info][gc,phases   ] GC(29) Concurrent Process Non-Strong References 1.589ms
[17.698s][info][gc,phases   ] GC(29) Concurrent Reset Relocation Set 0.002ms
[17.701s][info][gc,phases   ] GC(29) Concurrent Select Relocation Set 3.780ms
[17.702s][info][gc,phases   ] GC(29) Pause Relocate Start 0.011ms
[17.704s][info][gc,phases   ] GC(29) Concurrent Relocate 1.859ms
[17.704s][info][gc,load     ] GC(29) Load: 0.00/0.00/0.00
[17.704s][info][gc,mmu      ] GC(29) MMU: 2ms/98.0%, 5ms/99.2%, 10ms/99.6%, 20ms/99.7%, 50ms/99.9%, 100ms/99.9%
[17.704s][info][gc,marking  ] GC(29) Mark: 2 stripe(s), 2 proactive flush(es), 1 terminate flush(es), 0 completion(s), 0 continuation(s) 
[17.704s][info][gc,marking  ] GC(29) Mark Stack Usage: 32M
[17.704s][info][gc,nmethod  ] GC(29) NMethods: 1319 registered, 13 unregistered
[17.704s][info][gc,metaspace] GC(29) Metaspace: 11M used, 11M committed, 1088M reserved
[17.704s][info][gc,ref      ] GC(29) Soft: 197 encountered, 0 discovered, 0 enqueued
[17.704s][info][gc,ref      ] GC(29) Weak: 695 encountered, 373 discovered, 0 enqueued
[17.704s][info][gc,ref      ] GC(29) Final: 0 encountered, 0 discovered, 0 enqueued
[17.704s][info][gc,ref      ] GC(29) Phantom: 36 encountered, 29 discovered, 0 enqueued
[17.704s][info][gc,reloc    ] GC(29) Small Pages: 1388 / 2776M, Empty: 2632M, Relocated: 3M, In-Place: 0
[17.704s][info][gc,reloc    ] GC(29) Medium Pages: 15 / 480M, Empty: 480M, Relocated: 0M, In-Place: 0
[17.704s][info][gc,reloc    ] GC(29) Large Pages: 1 / 6M, Empty: 0M, Relocated: 0M, In-Place: 0
[17.704s][info][gc,reloc    ] GC(29) Forwarding Usage: 0M
[17.704s][info][gc,heap     ] GC(29) Min Capacity: 4096M(100%)
[17.704s][info][gc,heap     ] GC(29) Max Capacity: 4096M(100%)
[17.704s][info][gc,heap     ] GC(29) Soft Max Capacity: 4096M(100%)
[17.704s][info][gc,heap     ] GC(29)                Mark Start          Mark End        Relocate Start      Relocate End           High               Low         
[17.704s][info][gc,heap     ] GC(29)  Capacity:     4096M (100%)       4096M (100%)       4096M (100%)       4096M (100%)       4096M (100%)       4096M (100%)   
[17.704s][info][gc,heap     ] GC(29)      Free:      834M (20%)         412M (10%)        3502M (85%)        3552M (87%)        3552M (87%)         402M (10%)    
[17.704s][info][gc,heap     ] GC(29)      Used:     3262M (80%)        3684M (90%)         594M (15%)         544M (13%)        3694M (90%)         544M (13%)    
[17.704s][info][gc,heap     ] GC(29)      Live:         -                98M (2%)           98M (2%)           98M (2%)             -                  -          
[17.704s][info][gc,heap     ] GC(29) Allocated:         -               422M (10%)         444M (11%)         443M (11%)            -                  -          
[17.704s][info][gc,heap     ] GC(29)   Garbage:         -              3163M (77%)          51M (1%)            1M (0%)             -                  -          
[17.704s][info][gc,heap     ] GC(29) Reclaimed:         -                  -              3112M (76%)        3161M (77%)            -                  -          
[17.704s][info][gc          ] GC(29) Garbage Collection (Allocation Rate) 3262M(80%)->544M(13%)
[18.277s][info][gc,start    ] GC(30) Garbage Collection (Allocation Rate)
[18.277s][info][gc,task     ] GC(30) Using 2 workers
[18.277s][info][gc,phases   ] GC(30) Pause Mark Start 0.015ms
[18.355s][info][gc,phases   ] GC(30) Concurrent Mark 78.162ms
[18.355s][info][gc,phases   ] GC(30) Pause Mark End 0.014ms
[18.355s][info][gc,phases   ] GC(30) Concurrent Mark Free 0.001ms
[18.358s][info][gc,phases   ] GC(30) Concurrent Process Non-Strong References 2.370ms
[18.358s][info][gc,phases   ] GC(30) Concurrent Reset Relocation Set 0.004ms
[18.361s][info][gc,phases   ] GC(30) Concurrent Select Relocation Set 3.356ms
[18.361s][info][gc,phases   ] GC(30) Pause Relocate Start 0.009ms
[18.364s][info][gc,phases   ] GC(30) Concurrent Relocate 2.691ms
[18.364s][info][gc,load     ] GC(30) Load: 0.00/0.00/0.00
[18.364s][info][gc,mmu      ] GC(30) MMU: 2ms/98.0%, 5ms/99.2%, 10ms/99.6%, 20ms/99.7%, 50ms/99.9%, 100ms/99.9%
[18.364s][info][gc,marking  ] GC(30) Mark: 2 stripe(s), 2 proactive flush(es), 1 terminate flush(es), 0 completion(s), 0 continuation(s) 
[18.364s][info][gc,marking  ] GC(30) Mark Stack Usage: 32M
[18.364s][info][gc,nmethod  ] GC(30) NMethods: 1319 registered, 13 unregistered
[18.364s][info][gc,metaspace] GC(30) Metaspace: 11M used, 11M committed, 1088M reserved
[18.364s][info][gc,ref      ] GC(30) Soft: 197 encountered, 0 discovered, 0 enqueued
[18.364s][info][gc,ref      ] GC(30) Weak: 695 encountered, 19 discovered, 0 enqueued
[18.364s][info][gc,ref      ] GC(30) Final: 0 encountered, 0 discovered, 0 enqueued
[18.364s][info][gc,ref      ] GC(30) Phantom: 36 encountered, 27 discovered, 0 enqueued
[18.364s][info][gc,reloc    ] GC(30) Small Pages: 1369 / 2738M, Empty: 2596M, Relocated: 3M, In-Place: 0
[18.364s][info][gc,reloc    ] GC(30) Medium Pages: 14 / 448M, Empty: 448M, Relocated: 0M, In-Place: 0
[18.364s][info][gc,reloc    ] GC(30) Large Pages: 1 / 6M, Empty: 0M, Relocated: 0M, In-Place: 0
[18.364s][info][gc,reloc    ] GC(30) Forwarding Usage: 0M
[18.364s][info][gc,heap     ] GC(30) Min Capacity: 4096M(100%)
[18.364s][info][gc,heap     ] GC(30) Max Capacity: 4096M(100%)
[18.364s][info][gc,heap     ] GC(30) Soft Max Capacity: 4096M(100%)
[18.364s][info][gc,heap     ] GC(30)                Mark Start          Mark End        Relocate Start      Relocate End           High               Low         
[18.364s][info][gc,heap     ] GC(30)  Capacity:     4096M (100%)       4096M (100%)       4096M (100%)       4096M (100%)       4096M (100%)       4096M (100%)   
[18.364s][info][gc,heap     ] GC(30)      Free:      904M (22%)         622M (15%)        3646M (89%)        3684M (90%)        3690M (90%)         622M (15%)    
[18.364s][info][gc,heap     ] GC(30)      Used:     3192M (78%)        3474M (85%)         450M (11%)         412M (10%)        3474M (85%)         406M (10%)    
[18.365s][info][gc,heap     ] GC(30)      Live:         -                98M (2%)           98M (2%)           98M (2%)             -                  -          
[18.365s][info][gc,heap     ] GC(30) Allocated:         -               282M (7%)          302M (7%)          311M (8%)             -                  -          
[18.365s][info][gc,heap     ] GC(30)   Garbage:         -              3093M (76%)          49M (1%)            1M (0%)             -                  -          
[18.365s][info][gc,heap     ] GC(30) Reclaimed:         -                  -              3044M (74%)        3091M (75%)            -                  -          
[18.365s][info][gc          ] GC(30) Garbage Collection (Allocation Rate) 3192M(78%)->412M(10%)
[18.780s][info][gc,start    ] GC(31) Garbage Collection (Allocation Rate)
[18.780s][info][gc,task     ] GC(31) Using 1 workers
[18.780s][info][gc,phases   ] GC(31) Pause Mark Start 0.010ms
[18.924s][info][gc,phases   ] GC(31) Concurrent Mark 143.614ms
[18.924s][info][gc,phases   ] GC(31) Pause Mark End 0.013ms
[18.924s][info][gc,phases   ] GC(31) Concurrent Mark Free 0.001ms
[18.932s][info][gc,phases   ] GC(31) Concurrent Process Non-Strong References 7.893ms
[18.932s][info][gc,phases   ] GC(31) Concurrent Reset Relocation Set 0.006ms
[18.936s][info][gc,phases   ] GC(31) Concurrent Select Relocation Set 3.820ms
[18.936s][info][gc,phases   ] GC(31) Pause Relocate Start 0.018ms
[18.941s][info][gc,phases   ] GC(31) Concurrent Relocate 4.603ms
[18.941s][info][gc,load     ] GC(31) Load: 0.00/0.00/0.00
[18.941s][info][gc,mmu      ] GC(31) MMU: 2ms/98.0%, 5ms/99.2%, 10ms/99.6%, 20ms/99.7%, 50ms/99.9%, 100ms/99.9%
[18.941s][info][gc,marking  ] GC(31) Mark: 1 stripe(s), 2 proactive flush(es), 1 terminate flush(es), 0 completion(s), 0 continuation(s) 
[18.941s][info][gc,marking  ] GC(31) Mark Stack Usage: 32M
[18.941s][info][gc,nmethod  ] GC(31) NMethods: 1319 registered, 13 unregistered
[18.941s][info][gc,metaspace] GC(31) Metaspace: 11M used, 11M committed, 1088M reserved
[18.941s][info][gc,ref      ] GC(31) Soft: 197 encountered, 0 discovered, 0 enqueued
[18.941s][info][gc,ref      ] GC(31) Weak: 695 encountered, 187 discovered, 0 enqueued
[18.941s][info][gc,ref      ] GC(31) Final: 0 encountered, 0 discovered, 0 enqueued
[18.941s][info][gc,ref      ] GC(31) Phantom: 36 encountered, 21 discovered, 0 enqueued
[18.941s][info][gc,reloc    ] GC(31) Small Pages: 989 / 1978M, Empty: 1838M, Relocated: 3M, In-Place: 0
[18.941s][info][gc,reloc    ] GC(31) Medium Pages: 10 / 320M, Empty: 320M, Relocated: 0M, In-Place: 0
[18.941s][info][gc,reloc    ] GC(31) Large Pages: 1 / 6M, Empty: 0M, Relocated: 0M, In-Place: 0
[18.941s][info][gc,reloc    ] GC(31) Forwarding Usage: 1M
[18.941s][info][gc,heap     ] GC(31) Min Capacity: 4096M(100%)
[18.941s][info][gc,heap     ] GC(31) Max Capacity: 4096M(100%)
[18.941s][info][gc,heap     ] GC(31) Soft Max Capacity: 4096M(100%)
[18.941s][info][gc,heap     ] GC(31)                Mark Start          Mark End        Relocate Start      Relocate End           High               Low         
[18.941s][info][gc,heap     ] GC(31)  Capacity:     4096M (100%)       4096M (100%)       4096M (100%)       4096M (100%)       4096M (100%)       4096M (100%)   
[18.941s][info][gc,heap     ] GC(31)      Free:     1792M (44%)        1210M (30%)        3296M (80%)        3332M (81%)        3338M (81%)        1156M (28%)    
[18.941s][info][gc,heap     ] GC(31)      Used:     2304M (56%)        2886M (70%)         800M (20%)         764M (19%)        2940M (72%)         758M (19%)    
[18.941s][info][gc,heap     ] GC(31)      Live:         -                97M (2%)           97M (2%)           97M (2%)             -                  -          
[18.941s][info][gc,heap     ] GC(31) Allocated:         -               582M (14%)         654M (16%)         665M (16%)            -                  -          
[18.941s][info][gc,heap     ] GC(31)   Garbage:         -              2206M (54%)          48M (1%)            1M (0%)             -                  -          
[18.941s][info][gc,heap     ] GC(31) Reclaimed:         -                  -              2158M (53%)        2205M (54%)            -                  -          
[18.941s][info][gc          ] GC(31) Garbage Collection (Allocation Rate) 2304M(56%)->764M(19%)
[19.376s][info][gc,start    ] GC(32) Garbage Collection (Allocation Rate)
[19.376s][info][gc,task     ] GC(32) Using 1 workers
[19.376s][info][gc,phases   ] GC(32) Pause Mark Start 0.013ms
[19.520s][info][gc,phases   ] GC(32) Concurrent Mark 143.448ms
[19.520s][info][gc,phases   ] GC(32) Pause Mark End 0.014ms
[19.520s][info][gc,phases   ] GC(32) Concurrent Mark Free 0.001ms
[19.523s][info][gc,phases   ] GC(32) Concurrent Process Non-Strong References 2.784ms
[19.523s][info][gc,phases   ] GC(32) Concurrent Reset Relocation Set 0.005ms
[19.526s][info][gc,phases   ] GC(32) Concurrent Select Relocation Set 2.599ms
[19.526s][info][gc,phases   ] GC(32) Pause Relocate Start 0.008ms
[19.527s][info][gc,phases   ] GC(32) Concurrent Relocate 1.299ms
[19.527s][info][gc,load     ] GC(32) Load: 0.00/0.00/0.00
[19.527s][info][gc,mmu      ] GC(32) MMU: 2ms/98.0%, 5ms/99.2%, 10ms/99.6%, 20ms/99.7%, 50ms/99.9%, 100ms/99.9%
[19.527s][info][gc,marking  ] GC(32) Mark: 1 stripe(s), 2 proactive flush(es), 1 terminate flush(es), 0 completion(s), 0 continuation(s) 
[19.527s][info][gc,marking  ] GC(32) Mark Stack Usage: 32M
[19.527s][info][gc,nmethod  ] GC(32) NMethods: 1319 registered, 14 unregistered
[19.527s][info][gc,metaspace] GC(32) Metaspace: 11M used, 11M committed, 1088M reserved
[19.527s][info][gc,ref      ] GC(32) Soft: 197 encountered, 0 discovered, 0 enqueued
[19.527s][info][gc,ref      ] GC(32) Weak: 695 encountered, 554 discovered, 0 enqueued
[19.527s][info][gc,ref      ] GC(32) Final: 0 encountered, 0 discovered, 0 enqueued
[19.527s][info][gc,ref      ] GC(32) Phantom: 36 encountered, 17 discovered, 0 enqueued
[19.527s][info][gc,reloc    ] GC(32) Small Pages: 1197 / 2394M, Empty: 2266M, Relocated: 1M, In-Place: 0
[19.527s][info][gc,reloc    ] GC(32) Medium Pages: 12 / 384M, Empty: 352M, Relocated: 0M, In-Place: 0
[19.527s][info][gc,reloc    ] GC(32) Large Pages: 1 / 6M, Empty: 0M, Relocated: 0M, In-Place: 0
[19.527s][info][gc,reloc    ] GC(32) Forwarding Usage: 0M
[19.527s][info][gc,heap     ] GC(32) Min Capacity: 4096M(100%)
[19.527s][info][gc,heap     ] GC(32) Max Capacity: 4096M(100%)
[19.527s][info][gc,heap     ] GC(32) Soft Max Capacity: 4096M(100%)
[19.527s][info][gc,heap     ] GC(32)                Mark Start          Mark End        Relocate Start      Relocate End           High               Low         
[19.527s][info][gc,heap     ] GC(32)  Capacity:     4096M (100%)       4096M (100%)       4096M (100%)       4096M (100%)       4096M (100%)       4096M (100%)   
[19.527s][info][gc,heap     ] GC(32)      Free:     1312M (32%)         844M (21%)        3416M (83%)        3452M (84%)        3452M (84%)         830M (20%)    
[19.527s][info][gc,heap     ] GC(32)      Used:     2784M (68%)        3252M (79%)         680M (17%)         644M (16%)        3266M (80%)         644M (16%)    
[19.527s][info][gc,heap     ] GC(32)      Live:         -               101M (2%)          101M (2%)          101M (2%)             -                  -          
[19.527s][info][gc,heap     ] GC(32) Allocated:         -               468M (11%)         514M (13%)         513M (13%)            -                  -          
[19.527s][info][gc,heap     ] GC(32)   Garbage:         -              2682M (65%)          64M (2%)           28M (1%)             -                  -          
[19.527s][info][gc,heap     ] GC(32) Reclaimed:         -                  -              2618M (64%)        2653M (65%)            -                  -          
[19.527s][info][gc          ] GC(32) Garbage Collection (Allocation Rate) 2784M(68%)->644M(16%)
[19.943s][info][gc,start    ] GC(33) Garbage Collection (System.gc())
[19.943s][info][gc,task     ] GC(33) Using 2 workers
[19.943s][info][gc,phases   ] GC(33) Pause Mark Start 0.007ms
[20.005s][info][gc,phases   ] GC(33) Concurrent Mark 62.584ms
[20.006s][info][gc,phases   ] GC(33) Pause Mark End 0.019ms
[20.006s][info][gc,phases   ] GC(33) Concurrent Mark Free 0.002ms
[20.007s][info][gc,phases   ] GC(33) Concurrent Process Non-Strong References 1.181ms
[20.007s][info][gc,phases   ] GC(33) Concurrent Reset Relocation Set 0.001ms
[20.008s][info][gc,phases   ] GC(33) Concurrent Select Relocation Set 1.349ms
[20.008s][info][gc,phases   ] GC(33) Pause Relocate Start 0.007ms
[20.009s][info][gc,phases   ] GC(33) Concurrent Relocate 0.589ms
[20.009s][info][gc,load     ] GC(33) Load: 0.00/0.00/0.00
[20.009s][info][gc,mmu      ] GC(33) MMU: 2ms/98.0%, 5ms/99.2%, 10ms/99.6%, 20ms/99.7%, 50ms/99.9%, 100ms/99.9%
[20.009s][info][gc,marking  ] GC(33) Mark: 2 stripe(s), 2 proactive flush(es), 1 terminate flush(es), 0 completion(s), 0 continuation(s) 
[20.009s][info][gc,marking  ] GC(33) Mark Stack Usage: 32M
[20.009s][info][gc,nmethod  ] GC(33) NMethods: 1319 registered, 15 unregistered
[20.009s][info][gc,metaspace] GC(33) Metaspace: 11M used, 11M committed, 1088M reserved
[20.009s][info][gc,ref      ] GC(33) Soft: 197 encountered, 0 discovered, 0 enqueued
[20.009s][info][gc,ref      ] GC(33) Weak: 695 encountered, 146 discovered, 0 enqueued
[20.009s][info][gc,ref      ] GC(33) Final: 0 encountered, 0 discovered, 0 enqueued
[20.009s][info][gc,ref      ] GC(33) Phantom: 36 encountered, 15 discovered, 0 enqueued
[20.009s][info][gc,reloc    ] GC(33) Small Pages: 1037 / 2074M, Empty: 1978M, Relocated: 0M, In-Place: 0
[20.009s][info][gc,reloc    ] GC(33) Medium Pages: 11 / 352M, Empty: 352M, Relocated: 0M, In-Place: 0
[20.009s][info][gc,reloc    ] GC(33) Large Pages: 1 / 6M, Empty: 0M, Relocated: 0M, In-Place: 0
[20.009s][info][gc,reloc    ] GC(33) Forwarding Usage: 0M
[20.009s][info][gc,heap     ] GC(33) Min Capacity: 4096M(100%)
[20.009s][info][gc,heap     ] GC(33) Max Capacity: 4096M(100%)
[20.009s][info][gc,heap     ] GC(33) Soft Max Capacity: 4096M(100%)
[20.009s][info][gc,heap     ] GC(33)                Mark Start          Mark End        Relocate Start      Relocate End           High               Low         
[20.009s][info][gc,heap     ] GC(33)  Capacity:     4096M (100%)       4096M (100%)       4096M (100%)       4096M (100%)       4096M (100%)       4096M (100%)   
[20.009s][info][gc,heap     ] GC(33)      Free:     1664M (41%)        1664M (41%)        3994M (98%)        3996M (98%)        3996M (98%)        1664M (41%)    
[20.009s][info][gc,heap     ] GC(33)      Used:     2432M (59%)        2432M (59%)         102M (2%)          100M (2%)         2432M (59%)         100M (2%)     
[20.009s][info][gc,heap     ] GC(33)      Live:         -                95M (2%)           95M (2%)           95M (2%)             -                  -          
[20.009s][info][gc,heap     ] GC(33) Allocated:         -                 0M (0%)            0M (0%)            0M (0%)             -                  -          
[20.009s][info][gc,heap     ] GC(33)   Garbage:         -              2336M (57%)           6M (0%)            4M (0%)             -                  -          
[20.009s][info][gc,heap     ] GC(33) Reclaimed:         -                  -              2330M (57%)        2332M (57%)            -                  -          
[20.009s][info][gc          ] GC(33) Garbage Collection (System.gc()) 2432M(59%)->100M(2%)
[20.178s][info][gc,stats    ] === Garbage Collection Statistics =======================================================================================================================
[20.178s][info][gc,stats    ]                                                              Last 10s              Last 10m              Last 10h                Total
[20.178s][info][gc,stats    ]                                                              Avg / Max             Avg / Max             Avg / Max             Avg / Max
[20.178s][info][gc,stats    ]   Collector: Garbage Collection Cycle                    143.359 / 244.602     148.492 / 244.602     148.492 / 244.602     148.492 / 244.602     ms
[20.178s][info][gc,stats    ]  Contention: Mark Segment Reset Contention                     0 / 2                 0 / 2                 0 / 2                 0 / 2           ops/s
[20.178s][info][gc,stats    ]  Contention: Mark SeqNum Reset Contention                      0 / 2                 0 / 2                 0 / 2                 0 / 2           ops/s
[20.178s][info][gc,stats    ]    Critical: Allocation Stall                                  0 / 0                 0 / 0                 0 / 0                 0 / 0           ops/s
[20.178s][info][gc,stats    ]    Critical: Allocation Stall                              0.000 / 0.000         0.000 / 0.000         0.000 / 0.000         0.000 / 0.000       ms
[20.178s][info][gc,stats    ]    Critical: GC Locker Stall                                   0 / 0                 0 / 0                 0 / 0                 0 / 0           ops/s
[20.178s][info][gc,stats    ]    Critical: GC Locker Stall                               0.000 / 0.000         0.000 / 0.000         0.000 / 0.000         0.000 / 0.000       ms
[20.178s][info][gc,stats    ]    Critical: Relocation Stall                                  0 / 0                 0 / 0                 0 / 0                 0 / 0           ops/s
[20.178s][info][gc,stats    ]    Critical: Relocation Stall                              0.000 / 0.000         0.000 / 0.000         0.000 / 0.000         0.000 / 0.000       ms
[20.178s][info][gc,stats    ]      Memory: Allocation Rate                                4326 / 4578           3925 / 4578           3925 / 4578           3925 / 4578        MB/s
[20.178s][info][gc,stats    ]      Memory: Defragment                                        0 / 0                 0 / 0                 0 / 0                 0 / 0           ops/s
[20.178s][info][gc,stats    ]      Memory: Out Of Memory                                     0 / 0                 0 / 0                 0 / 0                 0 / 0           ops/s
[20.178s][info][gc,stats    ]      Memory: Page Cache Flush                                  0 / 0                 0 / 0                 0 / 0                 0 / 0           MB/s
[20.178s][info][gc,stats    ]      Memory: Page Cache Hit L1                              1872 / 1976           1621 / 1976           1621 / 1976           1621 / 1976        ops/s
[20.178s][info][gc,stats    ]      Memory: Page Cache Hit L2                                 0 / 0                 0 / 0                 0 / 0                 0 / 0           ops/s
[20.178s][info][gc,stats    ]      Memory: Page Cache Hit L3                                 1 / 15               81 / 437              81 / 437              81 / 437         ops/s
[20.178s][info][gc,stats    ]      Memory: Page Cache Miss                                   0 / 0                 0 / 1                 0 / 1                 0 / 1           ops/s
[20.178s][info][gc,stats    ]      Memory: Uncommit                                          0 / 0                 0 / 0                 0 / 0                 0 / 0           MB/s
[20.178s][info][gc,stats    ]      Memory: Undo Object Allocation Failed                     0 / 1                 0 / 1                 0 / 1                 0 / 1           ops/s
[20.178s][info][gc,stats    ]      Memory: Undo Object Allocation Succeeded                  4 / 26                2 / 26                2 / 26                2 / 26          ops/s
[20.178s][info][gc,stats    ]      Memory: Undo Page Allocation                              2 / 5                 2 / 7                 2 / 7                 2 / 7           ops/s
[20.178s][info][gc,stats    ]       Phase: Concurrent Mark                             133.892 / 237.375     134.227 / 237.375     134.227 / 237.375     134.227 / 237.375     ms
[20.178s][info][gc,stats    ]       Phase: Concurrent Mark Continue                      0.000 / 0.000         0.000 / 0.000         0.000 / 0.000         0.000 / 0.000       ms
[20.178s][info][gc,stats    ]       Phase: Concurrent Mark Free                          0.001 / 0.003         0.001 / 0.003         0.001 / 0.003         0.001 / 0.003       ms
[20.178s][info][gc,stats    ]       Phase: Concurrent Process Non-Strong References      4.400 / 15.234        6.429 / 24.469        6.429 / 24.469        6.429 / 24.469      ms
[20.178s][info][gc,stats    ]       Phase: Concurrent Relocate                           1.435 / 4.603         3.433 / 57.532        3.433 / 57.532        3.433 / 57.532      ms
[20.178s][info][gc,stats    ]       Phase: Concurrent Reset Relocation Set               0.003 / 0.007         0.004 / 0.026         0.004 / 0.026         0.004 / 0.026       ms
[20.178s][info][gc,stats    ]       Phase: Concurrent Select Relocation Set              2.726 / 4.065         3.325 / 13.885        3.325 / 13.885        3.325 / 13.885      ms
[20.178s][info][gc,stats    ]       Phase: Pause Mark End                                0.017 / 0.026         0.018 / 0.040         0.018 / 0.040         0.018 / 0.040       ms
[20.178s][info][gc,stats    ]       Phase: Pause Mark Start                              0.009 / 0.015         0.010 / 0.024         0.010 / 0.024         0.010 / 0.024       ms
[20.178s][info][gc,stats    ]       Phase: Pause Relocate Start                          0.011 / 0.021         0.012 / 0.023         0.012 / 0.023         0.012 / 0.023       ms
[20.178s][info][gc,stats    ]    Subphase: Concurrent Classes Purge                      0.019 / 0.069         0.036 / 0.208         0.036 / 0.208         0.036 / 0.208       ms
[20.178s][info][gc,stats    ]    Subphase: Concurrent Classes Unlink                     2.048 / 3.100         2.036 / 3.609         2.036 / 3.609         2.036 / 3.609       ms
[20.178s][info][gc,stats    ]    Subphase: Concurrent Mark                             114.885 / 236.615     114.913 / 236.615     114.913 / 236.615     114.913 / 236.615     ms
[20.178s][info][gc,stats    ]    Subphase: Concurrent Mark Try Flush                     0.865 / 16.794        1.022 / 16.794        1.022 / 16.794        1.022 / 16.794      ms
[20.178s][info][gc,stats    ]    Subphase: Concurrent Mark Try Terminate                 2.067 / 15.663        2.523 / 15.663        2.523 / 15.663        2.523 / 15.663      ms
[20.178s][info][gc,stats    ]    Subphase: Concurrent References Enqueue                 0.001 / 0.002         0.001 / 0.015         0.001 / 0.015         0.001 / 0.015       ms
[20.178s][info][gc,stats    ]    Subphase: Concurrent References Process                 0.064 / 0.112         0.064 / 0.207         0.064 / 0.207         0.064 / 0.207       ms
[20.178s][info][gc,stats    ]    Subphase: Concurrent Roots ClassLoaderDataGraph         0.054 / 0.132         0.062 / 0.272         0.062 / 0.272         0.062 / 0.272       ms
[20.178s][info][gc,stats    ]    Subphase: Concurrent Roots CodeCache                    0.000 / 0.000         0.000 / 0.000         0.000 / 0.000         0.000 / 0.000       ms
[20.178s][info][gc,stats    ]    Subphase: Concurrent Roots JavaThreads                  0.601 / 2.571         0.610 / 2.698         0.610 / 2.698         0.610 / 2.698       ms
[20.178s][info][gc,stats    ]    Subphase: Concurrent Roots OopStorageSet                0.022 / 0.055         0.023 / 0.055         0.023 / 0.055         0.023 / 0.055       ms
[20.178s][info][gc,stats    ]    Subphase: Concurrent Weak Roots OopStorageSet           0.139 / 0.338         0.159 / 0.359         0.159 / 0.359         0.159 / 0.359       ms
[20.178s][info][gc,stats    ]    Subphase: Pause Mark Try Complete                       0.000 / 0.000         0.000 / 0.000         0.000 / 0.000         0.000 / 0.000       ms
[20.178s][info][gc,stats    ]      System: Java Threads                                     22 / 23               21 / 23               21 / 23               21 / 23          threads
[20.178s][info][gc,stats    ] =========================================================================================================================================================
[20.680s][info][gc,start    ] GC(34) Garbage Collection (Allocation Rate)
[20.680s][info][gc,task     ] GC(34) Using 1 workers
[20.680s][info][gc,phases   ] GC(34) Pause Mark Start 0.010ms
[20.822s][info][gc,phases   ] GC(34) Concurrent Mark 141.873ms
[20.823s][info][gc,phases   ] GC(34) Pause Mark End 0.014ms
[20.823s][info][gc,phases   ] GC(34) Concurrent Mark Free 0.001ms
[20.825s][info][gc,phases   ] GC(34) Concurrent Process Non-Strong References 2.203ms
[20.825s][info][gc,phases   ] GC(34) Concurrent Reset Relocation Set 0.001ms
[20.828s][info][gc,phases   ] GC(34) Concurrent Select Relocation Set 3.434ms
[20.828s][info][gc,phases   ] GC(34) Pause Relocate Start 0.010ms
[20.830s][info][gc,phases   ] GC(34) Concurrent Relocate 1.478ms
[20.830s][info][gc,load     ] GC(34) Load: 0.00/0.00/0.00
[20.830s][info][gc,mmu      ] GC(34) MMU: 2ms/98.0%, 5ms/99.2%, 10ms/99.6%, 20ms/99.7%, 50ms/99.9%, 100ms/99.9%
[20.830s][info][gc,marking  ] GC(34) Mark: 1 stripe(s), 2 proactive flush(es), 1 terminate flush(es), 0 completion(s), 0 continuation(s) 
[20.830s][info][gc,marking  ] GC(34) Mark Stack Usage: 32M
[20.830s][info][gc,nmethod  ] GC(34) NMethods: 1322 registered, 15 unregistered
[20.830s][info][gc,metaspace] GC(34) Metaspace: 11M used, 11M committed, 1088M reserved
[20.830s][info][gc,ref      ] GC(34) Soft: 197 encountered, 0 discovered, 0 enqueued
[20.830s][info][gc,ref      ] GC(34) Weak: 695 encountered, 187 discovered, 0 enqueued
[20.830s][info][gc,ref      ] GC(34) Final: 0 encountered, 0 discovered, 0 enqueued
[20.830s][info][gc,ref      ] GC(34) Phantom: 36 encountered, 21 discovered, 0 enqueued
[20.830s][info][gc,reloc    ] GC(34) Small Pages: 1343 / 2686M, Empty: 2552M, Relocated: 2M, In-Place: 0
[20.830s][info][gc,reloc    ] GC(34) Medium Pages: 13 / 416M, Empty: 416M, Relocated: 0M, In-Place: 0
[20.830s][info][gc,reloc    ] GC(34) Large Pages: 1 / 6M, Empty: 0M, Relocated: 0M, In-Place: 0
[20.830s][info][gc,reloc    ] GC(34) Forwarding Usage: 0M
[20.830s][info][gc,heap     ] GC(34) Min Capacity: 4096M(100%)
[20.830s][info][gc,heap     ] GC(34) Max Capacity: 4096M(100%)
[20.830s][info][gc,heap     ] GC(34) Soft Max Capacity: 4096M(100%)
[20.830s][info][gc,heap     ] GC(34)                Mark Start          Mark End        Relocate Start      Relocate End           High               Low         
[20.830s][info][gc,heap     ] GC(34)  Capacity:     4096M (100%)       4096M (100%)       4096M (100%)       4096M (100%)       4096M (100%)       4096M (100%)   
[20.830s][info][gc,heap     ] GC(34)      Free:      988M (24%)         422M (10%)        3390M (83%)        3430M (84%)        3430M (84%)         422M (10%)    
[20.830s][info][gc,heap     ] GC(34)      Used:     3108M (76%)        3674M (90%)         706M (17%)         666M (16%)        3674M (90%)         666M (16%)    
[20.830s][info][gc,heap     ] GC(34)      Live:         -                97M (2%)           97M (2%)           97M (2%)             -                  -          
[20.830s][info][gc,heap     ] GC(34) Allocated:         -               566M (14%)         566M (14%)         565M (14%)            -                  -          
[20.830s][info][gc,heap     ] GC(34)   Garbage:         -              3010M (73%)          42M (1%)            2M (0%)             -                  -          
[20.830s][info][gc,heap     ] GC(34) Reclaimed:         -                  -              2968M (72%)        3007M (73%)            -                  -          
[20.830s][info][gc          ] GC(34) Garbage Collection (Allocation Rate) 3108M(76%)->666M(16%)
[21.387s][info][gc,start    ] GC(35) Garbage Collection (Allocation Rate)
[21.387s][info][gc,task     ] GC(35) Using 1 workers
[21.387s][info][gc,phases   ] GC(35) Pause Mark Start 0.010ms
[21.601s][info][gc,phases   ] GC(35) Concurrent Mark 213.896ms
[21.601s][info][gc,phases   ] GC(35) Pause Mark End 0.015ms
[21.601s][info][gc,phases   ] GC(35) Concurrent Mark Free 0.001ms
[21.622s][info][gc,phases   ] GC(35) Concurrent Process Non-Strong References 20.994ms
[21.622s][info][gc,phases   ] GC(35) Concurrent Reset Relocation Set 0.003ms
[21.626s][info][gc,phases   ] GC(35) Concurrent Select Relocation Set 3.239ms
[21.626s][info][gc,phases   ] GC(35) Pause Relocate Start 0.025ms
[21.628s][info][gc,phases   ] GC(35) Concurrent Relocate 2.201ms
[21.628s][info][gc,load     ] GC(35) Load: 0.00/0.00/0.00
[21.628s][info][gc,mmu      ] GC(35) MMU: 2ms/98.0%, 5ms/99.2%, 10ms/99.6%, 20ms/99.7%, 50ms/99.9%, 100ms/99.9%
[21.628s][info][gc,marking  ] GC(35) Mark: 1 stripe(s), 2 proactive flush(es), 1 terminate flush(es), 0 completion(s), 0 continuation(s) 
[21.628s][info][gc,marking  ] GC(35) Mark Stack Usage: 32M
[21.628s][info][gc,nmethod  ] GC(35) NMethods: 1322 registered, 15 unregistered
[21.628s][info][gc,metaspace] GC(35) Metaspace: 11M used, 11M committed, 1088M reserved
[21.628s][info][gc,ref      ] GC(35) Soft: 197 encountered, 0 discovered, 0 enqueued
[21.628s][info][gc,ref      ] GC(35) Weak: 695 encountered, 186 discovered, 0 enqueued
[21.628s][info][gc,ref      ] GC(35) Final: 0 encountered, 0 discovered, 0 enqueued
[21.628s][info][gc,ref      ] GC(35) Phantom: 36 encountered, 21 discovered, 0 enqueued
[21.628s][info][gc,reloc    ] GC(35) Small Pages: 1354 / 2708M, Empty: 2574M, Relocated: 0M, In-Place: 0
[21.628s][info][gc,reloc    ] GC(35) Medium Pages: 14 / 448M, Empty: 384M, Relocated: 3M, In-Place: 0
[21.628s][info][gc,reloc    ] GC(35) Large Pages: 1 / 6M, Empty: 0M, Relocated: 0M, In-Place: 0
[21.628s][info][gc,reloc    ] GC(35) Forwarding Usage: 0M
[21.628s][info][gc,heap     ] GC(35) Min Capacity: 4096M(100%)
[21.628s][info][gc,heap     ] GC(35) Max Capacity: 4096M(100%)
[21.628s][info][gc,heap     ] GC(35) Soft Max Capacity: 4096M(100%)
[21.628s][info][gc,heap     ] GC(35)                Mark Start          Mark End        Relocate Start      Relocate End           High               Low         
[21.628s][info][gc,heap     ] GC(35)  Capacity:     4096M (100%)       4096M (100%)       4096M (100%)       4096M (100%)       4096M (100%)       4096M (100%)   
[21.628s][info][gc,heap     ] GC(35)      Free:      934M (23%)         140M (3%)         3020M (74%)        3092M (75%)        3092M (75%)          68M (2%)     
[21.628s][info][gc,heap     ] GC(35)      Used:     3162M (77%)        3956M (97%)        1076M (26%)        1004M (25%)        4028M (98%)        1004M (25%)    
[21.628s][info][gc,heap     ] GC(35)      Live:         -                99M (2%)           99M (2%)           99M (2%)             -                  -          
[21.628s][info][gc,heap     ] GC(35) Allocated:         -               794M (19%)         872M (21%)         873M (21%)            -                  -          
[21.628s][info][gc,heap     ] GC(35)   Garbage:         -              3062M (75%)         104M (3%)           30M (1%)             -                  -          
[21.629s][info][gc,heap     ] GC(35) Reclaimed:         -                  -              2958M (72%)        3031M (74%)            -                  -          
[21.629s][info][gc          ] GC(35) Garbage Collection (Allocation Rate) 3162M(77%)->1004M(25%)
[21.874s][info][gc,start    ] GC(36) Garbage Collection (Allocation Rate)
[21.874s][info][gc,task     ] GC(36) Using 1 workers
[21.874s][info][gc,phases   ] GC(36) Pause Mark Start 0.010ms
[22.081s][info][gc,phases   ] GC(36) Concurrent Mark 206.494ms
[22.081s][info][gc,phases   ] GC(36) Pause Mark End 0.015ms
[22.081s][info][gc,phases   ] GC(36) Concurrent Mark Free 0.001ms
[22.084s][info][gc,phases   ] GC(36) Concurrent Process Non-Strong References 3.508ms
[22.084s][info][gc,phases   ] GC(36) Concurrent Reset Relocation Set 0.003ms
[22.087s][info][gc,phases   ] GC(36) Concurrent Select Relocation Set 2.823ms
[22.087s][info][gc,phases   ] GC(36) Pause Relocate Start 0.011ms
[22.089s][info][gc,phases   ] GC(36) Concurrent Relocate 1.176ms
[22.089s][info][gc,load     ] GC(36) Load: 0.00/0.00/0.00
[22.089s][info][gc,mmu      ] GC(36) MMU: 2ms/98.0%, 5ms/99.2%, 10ms/99.6%, 20ms/99.7%, 50ms/99.9%, 100ms/99.9%
[22.089s][info][gc,marking  ] GC(36) Mark: 1 stripe(s), 2 proactive flush(es), 1 terminate flush(es), 0 completion(s), 0 continuation(s) 
[22.089s][info][gc,marking  ] GC(36) Mark Stack Usage: 32M
[22.089s][info][gc,nmethod  ] GC(36) NMethods: 1322 registered, 15 unregistered
[22.089s][info][gc,metaspace] GC(36) Metaspace: 11M used, 11M committed, 1088M reserved
[22.089s][info][gc,ref      ] GC(36) Soft: 197 encountered, 0 discovered, 0 enqueued
[22.089s][info][gc,ref      ] GC(36) Weak: 695 encountered, 186 discovered, 0 enqueued
[22.089s][info][gc,ref      ] GC(36) Final: 0 encountered, 0 discovered, 0 enqueued
[22.089s][info][gc,ref      ] GC(36) Phantom: 36 encountered, 21 discovered, 0 enqueued
[22.089s][info][gc,reloc    ] GC(36) Small Pages: 873 / 1746M, Empty: 1628M, Relocated: 0M, In-Place: 0
[22.089s][info][gc,reloc    ] GC(36) Medium Pages: 10 / 320M, Empty: 288M, Relocated: 0M, In-Place: 0
[22.089s][info][gc,reloc    ] GC(36) Large Pages: 1 / 6M, Empty: 0M, Relocated: 0M, In-Place: 0
[22.089s][info][gc,reloc    ] GC(36) Forwarding Usage: 0M
[22.089s][info][gc,heap     ] GC(36) Min Capacity: 4096M(100%)
[22.089s][info][gc,heap     ] GC(36) Max Capacity: 4096M(100%)
[22.089s][info][gc,heap     ] GC(36) Soft Max Capacity: 4096M(100%)
[22.089s][info][gc,heap     ] GC(36)                Mark Start          Mark End        Relocate Start      Relocate End           High               Low         
[22.089s][info][gc,heap     ] GC(36)  Capacity:     4096M (100%)       4096M (100%)       4096M (100%)       4096M (100%)       4096M (100%)       4096M (100%)   
[22.089s][info][gc,heap     ] GC(36)      Free:     2024M (49%)        1232M (30%)        3134M (77%)        3156M (77%)        3156M (77%)        1232M (30%)    
[22.089s][info][gc,heap     ] GC(36)      Used:     2072M (51%)        2864M (70%)         962M (23%)         940M (23%)        2864M (70%)         940M (23%)    
[22.089s][info][gc,heap     ] GC(36)      Live:         -                99M (2%)           99M (2%)           99M (2%)             -                  -          
[22.089s][info][gc,heap     ] GC(36) Allocated:         -               792M (19%)         806M (20%)         809M (20%)            -                  -          
[22.089s][info][gc,heap     ] GC(36)   Garbage:         -              1972M (48%)          56M (1%)           30M (1%)             -                  -          
[22.089s][info][gc,heap     ] GC(36) Reclaimed:         -                  -              1916M (47%)        1941M (47%)            -                  -          
[22.089s][info][gc          ] GC(36) Garbage Collection (Allocation Rate) 2072M(51%)->940M(23%)
[22.486s][info][gc,start    ] GC(37) Garbage Collection (Allocation Rate)
[22.486s][info][gc,task     ] GC(37) Using 1 workers
[22.486s][info][gc,phases   ] GC(37) Pause Mark Start 0.013ms
[22.620s][info][gc,phases   ] GC(37) Concurrent Mark 133.287ms
[22.620s][info][gc,phases   ] GC(37) Pause Mark End 0.017ms
[22.620s][info][gc,phases   ] GC(37) Concurrent Mark Free 0.002ms
[22.623s][info][gc,phases   ] GC(37) Concurrent Process Non-Strong References 2.969ms
[22.623s][info][gc,phases   ] GC(37) Concurrent Reset Relocation Set 0.002ms
[22.625s][info][gc,phases   ] GC(37) Concurrent Select Relocation Set 2.344ms
[22.626s][info][gc,phases   ] GC(37) Pause Relocate Start 0.013ms
[22.629s][info][gc,phases   ] GC(37) Concurrent Relocate 3.796ms
[22.630s][info][gc,load     ] GC(37) Load: 0.00/0.00/0.00
[22.630s][info][gc,mmu      ] GC(37) MMU: 2ms/98.0%, 5ms/99.2%, 10ms/99.6%, 20ms/99.7%, 50ms/99.9%, 100ms/99.9%
[22.630s][info][gc,marking  ] GC(37) Mark: 1 stripe(s), 2 proactive flush(es), 1 terminate flush(es), 0 completion(s), 0 continuation(s) 
[22.630s][info][gc,marking  ] GC(37) Mark Stack Usage: 32M
[22.630s][info][gc,nmethod  ] GC(37) NMethods: 1322 registered, 15 unregistered
[22.630s][info][gc,metaspace] GC(37) Metaspace: 11M used, 11M committed, 1088M reserved
[22.630s][info][gc,ref      ] GC(37) Soft: 197 encountered, 0 discovered, 0 enqueued
[22.630s][info][gc,ref      ] GC(37) Weak: 695 encountered, 554 discovered, 0 enqueued
[22.630s][info][gc,ref      ] GC(37) Final: 0 encountered, 0 discovered, 0 enqueued
[22.630s][info][gc,ref      ] GC(37) Phantom: 36 encountered, 17 discovered, 0 enqueued
[22.630s][info][gc,reloc    ] GC(37) Small Pages: 1143 / 2286M, Empty: 2128M, Relocated: 5M, In-Place: 0
[22.630s][info][gc,reloc    ] GC(37) Medium Pages: 12 / 384M, Empty: 384M, Relocated: 0M, In-Place: 0
[22.630s][info][gc,reloc    ] GC(37) Large Pages: 1 / 6M, Empty: 0M, Relocated: 0M, In-Place: 0
[22.630s][info][gc,reloc    ] GC(37) Forwarding Usage: 1M
[22.630s][info][gc,heap     ] GC(37) Min Capacity: 4096M(100%)
[22.630s][info][gc,heap     ] GC(37) Max Capacity: 4096M(100%)
[22.630s][info][gc,heap     ] GC(37) Soft Max Capacity: 4096M(100%)
[22.630s][info][gc,heap     ] GC(37)                Mark Start          Mark End        Relocate Start      Relocate End           High               Low         
[22.630s][info][gc,heap     ] GC(37)  Capacity:     4096M (100%)       4096M (100%)       4096M (100%)       4096M (100%)       4096M (100%)       4096M (100%)   
[22.630s][info][gc,heap     ] GC(37)      Free:     1420M (35%)         866M (21%)        3378M (82%)        3434M (84%)        3442M (84%)         866M (21%)    
[22.630s][info][gc,heap     ] GC(37)      Used:     2676M (65%)        3230M (79%)         718M (18%)         662M (16%)        3230M (79%)         654M (16%)    
[22.630s][info][gc,heap     ] GC(37)      Live:         -                98M (2%)           98M (2%)           98M (2%)             -                  -          
[22.630s][info][gc,heap     ] GC(37) Allocated:         -               554M (14%)         554M (14%)         561M (14%)            -                  -          
[22.630s][info][gc,heap     ] GC(37)   Garbage:         -              2577M (63%)          65M (2%)            1M (0%)             -                  -          
[22.630s][info][gc,heap     ] GC(37) Reclaimed:         -                  -              2512M (61%)        2575M (63%)            -                  -          
[22.630s][info][gc          ] GC(37) Garbage Collection (Allocation Rate) 2676M(65%)->662M(16%)
[22.973s][info][gc,start    ] GC(38) Garbage Collection (Allocation Rate)
[22.973s][info][gc,task     ] GC(38) Using 1 workers
[22.973s][info][gc,phases   ] GC(38) Pause Mark Start 0.013ms
[23.117s][info][gc,phases   ] GC(38) Concurrent Mark 143.690ms
[23.117s][info][gc,phases   ] GC(38) Pause Mark End 0.016ms
[23.117s][info][gc,phases   ] GC(38) Concurrent Mark Free 0.001ms
[23.121s][info][gc,phases   ] GC(38) Concurrent Process Non-Strong References 4.031ms
[23.121s][info][gc,phases   ] GC(38) Concurrent Reset Relocation Set 0.006ms
[23.125s][info][gc,phases   ] GC(38) Concurrent Select Relocation Set 3.173ms
[23.125s][info][gc,phases   ] GC(38) Pause Relocate Start 0.010ms
[23.126s][info][gc,phases   ] GC(38) Concurrent Relocate 1.510ms
[23.126s][info][gc,load     ] GC(38) Load: 0.00/0.00/0.00
[23.126s][info][gc,mmu      ] GC(38) MMU: 2ms/98.0%, 5ms/99.2%, 10ms/99.6%, 20ms/99.7%, 50ms/99.9%, 100ms/99.9%
[23.126s][info][gc,marking  ] GC(38) Mark: 1 stripe(s), 2 proactive flush(es), 1 terminate flush(es), 0 completion(s), 0 continuation(s) 
[23.126s][info][gc,marking  ] GC(38) Mark Stack Usage: 32M
[23.126s][info][gc,nmethod  ] GC(38) NMethods: 1322 registered, 15 unregistered
[23.126s][info][gc,metaspace] GC(38) Metaspace: 11M used, 11M committed, 1088M reserved
[23.126s][info][gc,ref      ] GC(38) Soft: 197 encountered, 0 discovered, 0 enqueued
[23.126s][info][gc,ref      ] GC(38) Weak: 695 encountered, 554 discovered, 0 enqueued
[23.126s][info][gc,ref      ] GC(38) Final: 0 encountered, 0 discovered, 0 enqueued
[23.126s][info][gc,ref      ] GC(38) Phantom: 36 encountered, 17 discovered, 0 enqueued
[23.126s][info][gc,reloc    ] GC(38) Small Pages: 976 / 1952M, Empty: 1832M, Relocated: 1M, In-Place: 0
[23.126s][info][gc,reloc    ] GC(38) Medium Pages: 10 / 320M, Empty: 288M, Relocated: 0M, In-Place: 0
[23.126s][info][gc,reloc    ] GC(38) Large Pages: 1 / 6M, Empty: 0M, Relocated: 0M, In-Place: 0
[23.126s][info][gc,reloc    ] GC(38) Forwarding Usage: 0M
[23.126s][info][gc,heap     ] GC(38) Min Capacity: 4096M(100%)
[23.126s][info][gc,heap     ] GC(38) Max Capacity: 4096M(100%)
[23.126s][info][gc,heap     ] GC(38) Soft Max Capacity: 4096M(100%)
[23.126s][info][gc,heap     ] GC(38)                Mark Start          Mark End        Relocate Start      Relocate End           High               Low         
[23.126s][info][gc,heap     ] GC(38)  Capacity:     4096M (100%)       4096M (100%)       4096M (100%)       4096M (100%)       4096M (100%)       4096M (100%)   
[23.126s][info][gc,heap     ] GC(38)      Free:     1818M (44%)        1268M (31%)        3344M (82%)        3368M (82%)        3370M (82%)        1240M (30%)    
[23.126s][info][gc,heap     ] GC(38)      Used:     2278M (56%)        2828M (69%)         752M (18%)         728M (18%)        2856M (70%)         726M (18%)    
[23.126s][info][gc,heap     ] GC(38)      Live:         -               102M (2%)          102M (2%)          102M (2%)             -                  -          
[23.126s][info][gc,heap     ] GC(38) Allocated:         -               550M (13%)         594M (15%)         597M (15%)            -                  -          
[23.126s][info][gc,heap     ] GC(38)   Garbage:         -              2175M (53%)          55M (1%)           28M (1%)             -                  -          
[23.126s][info][gc,heap     ] GC(38) Reclaimed:         -                  -              2120M (52%)        2147M (52%)            -                  -          
[23.126s][info][gc          ] GC(38) Garbage Collection (Allocation Rate) 2278M(56%)->728M(18%)
[23.586s][info][gc,start    ] GC(39) Garbage Collection (Allocation Rate)
[23.586s][info][gc,task     ] GC(39) Using 1 workers
[23.586s][info][gc,phases   ] GC(39) Pause Mark Start 0.008ms
[23.758s][info][gc,phases   ] GC(39) Concurrent Mark 171.727ms
[23.758s][info][gc,phases   ] GC(39) Pause Mark End 0.013ms
[23.758s][info][gc,phases   ] GC(39) Concurrent Mark Free 0.001ms
[23.761s][info][gc,phases   ] GC(39) Concurrent Process Non-Strong References 3.284ms
[23.762s][info][gc,phases   ] GC(39) Concurrent Reset Relocation Set 0.003ms
[23.764s][info][gc,phases   ] GC(39) Concurrent Select Relocation Set 2.494ms
[23.764s][info][gc,phases   ] GC(39) Pause Relocate Start 0.011ms
[23.767s][info][gc,phases   ] GC(39) Concurrent Relocate 2.260ms
[23.767s][info][gc,load     ] GC(39) Load: 0.00/0.00/0.00
[23.767s][info][gc,mmu      ] GC(39) MMU: 2ms/98.0%, 5ms/99.2%, 10ms/99.6%, 20ms/99.7%, 50ms/99.9%, 100ms/99.9%
[23.767s][info][gc,marking  ] GC(39) Mark: 1 stripe(s), 2 proactive flush(es), 1 terminate flush(es), 0 completion(s), 0 continuation(s) 
[23.767s][info][gc,marking  ] GC(39) Mark Stack Usage: 32M
[23.767s][info][gc,nmethod  ] GC(39) NMethods: 1322 registered, 15 unregistered
[23.767s][info][gc,metaspace] GC(39) Metaspace: 11M used, 11M committed, 1088M reserved
[23.767s][info][gc,ref      ] GC(39) Soft: 197 encountered, 0 discovered, 0 enqueued
[23.767s][info][gc,ref      ] GC(39) Weak: 695 encountered, 187 discovered, 0 enqueued
[23.767s][info][gc,ref      ] GC(39) Final: 0 encountered, 0 discovered, 0 enqueued
[23.767s][info][gc,ref      ] GC(39) Phantom: 36 encountered, 21 discovered, 0 enqueued
[23.767s][info][gc,reloc    ] GC(39) Small Pages: 1188 / 2376M, Empty: 2224M, Relocated: 4M, In-Place: 0
[23.767s][info][gc,reloc    ] GC(39) Medium Pages: 13 / 416M, Empty: 416M, Relocated: 0M, In-Place: 0
[23.767s][info][gc,reloc    ] GC(39) Large Pages: 1 / 6M, Empty: 0M, Relocated: 0M, In-Place: 0
[23.767s][info][gc,reloc    ] GC(39) Forwarding Usage: 0M
[23.767s][info][gc,heap     ] GC(39) Min Capacity: 4096M(100%)
[23.767s][info][gc,heap     ] GC(39) Max Capacity: 4096M(100%)
[23.767s][info][gc,heap     ] GC(39) Soft Max Capacity: 4096M(100%)
[23.767s][info][gc,heap     ] GC(39)                Mark Start          Mark End        Relocate Start      Relocate End           High               Low         
[23.767s][info][gc,heap     ] GC(39)  Capacity:     4096M (100%)       4096M (100%)       4096M (100%)       4096M (100%)       4096M (100%)       4096M (100%)   
[23.767s][info][gc,heap     ] GC(39)      Free:     1298M (32%)         602M (15%)        3194M (78%)        3250M (79%)        3250M (79%)         556M (14%)    
[23.767s][info][gc,heap     ] GC(39)      Used:     2798M (68%)        3494M (85%)         902M (22%)         846M (21%)        3540M (86%)         846M (21%)    
[23.767s][info][gc,heap     ] GC(39)      Live:         -                99M (2%)           99M (2%)           99M (2%)             -                  -          
[23.767s][info][gc,heap     ] GC(39) Allocated:         -               696M (17%)         744M (18%)         743M (18%)            -                  -          
[23.767s][info][gc,heap     ] GC(39)   Garbage:         -              2698M (66%)          58M (1%)            2M (0%)             -                  -          
[23.767s][info][gc,heap     ] GC(39) Reclaimed:         -                  -              2640M (64%)        2695M (66%)            -                  -          
[23.767s][info][gc          ] GC(39) Garbage Collection (Allocation Rate) 2798M(68%)->846M(21%)
[24.182s][info][gc,start    ] GC(40) Garbage Collection (Allocation Rate)
[24.183s][info][gc,task     ] GC(40) Using 1 workers
[24.183s][info][gc,phases   ] GC(40) Pause Mark Start 0.025ms
[24.324s][info][gc,phases   ] GC(40) Concurrent Mark 140.657ms
[24.324s][info][gc,phases   ] GC(40) Pause Mark End 0.013ms
[24.324s][info][gc,phases   ] GC(40) Concurrent Mark Free 0.001ms
[24.336s][info][gc,phases   ] GC(40) Concurrent Process Non-Strong References 12.618ms
[24.337s][info][gc,phases   ] GC(40) Concurrent Reset Relocation Set 0.006ms
[24.340s][info][gc,phases   ] GC(40) Concurrent Select Relocation Set 3.120ms
[24.340s][info][gc,phases   ] GC(40) Pause Relocate Start 0.008ms
[24.342s][info][gc,phases   ] GC(40) Concurrent Relocate 2.210ms
[24.342s][info][gc,load     ] GC(40) Load: 0.00/0.00/0.00
[24.342s][info][gc,mmu      ] GC(40) MMU: 2ms/98.0%, 5ms/99.2%, 10ms/99.6%, 20ms/99.7%, 50ms/99.9%, 100ms/99.9%
[24.342s][info][gc,marking  ] GC(40) Mark: 1 stripe(s), 2 proactive flush(es), 1 terminate flush(es), 0 completion(s), 0 continuation(s) 
[24.342s][info][gc,marking  ] GC(40) Mark Stack Usage: 32M
[24.342s][info][gc,nmethod  ] GC(40) NMethods: 1322 registered, 15 unregistered
[24.342s][info][gc,metaspace] GC(40) Metaspace: 11M used, 11M committed, 1088M reserved
[24.342s][info][gc,ref      ] GC(40) Soft: 197 encountered, 0 discovered, 0 enqueued
[24.342s][info][gc,ref      ] GC(40) Weak: 695 encountered, 554 discovered, 0 enqueued
[24.342s][info][gc,ref      ] GC(40) Final: 0 encountered, 0 discovered, 0 enqueued
[24.342s][info][gc,ref      ] GC(40) Phantom: 36 encountered, 17 discovered, 0 enqueued
[24.342s][info][gc,reloc    ] GC(40) Small Pages: 1181 / 2362M, Empty: 2236M, Relocated: 2M, In-Place: 0
[24.342s][info][gc,reloc    ] GC(40) Medium Pages: 12 / 384M, Empty: 352M, Relocated: 0M, In-Place: 0
[24.342s][info][gc,reloc    ] GC(40) Large Pages: 1 / 6M, Empty: 0M, Relocated: 0M, In-Place: 0
[24.342s][info][gc,reloc    ] GC(40) Forwarding Usage: 0M
[24.342s][info][gc,heap     ] GC(40) Min Capacity: 4096M(100%)
[24.342s][info][gc,heap     ] GC(40) Max Capacity: 4096M(100%)
[24.342s][info][gc,heap     ] GC(40) Soft Max Capacity: 4096M(100%)
[24.342s][info][gc,heap     ] GC(40)                Mark Start          Mark End        Relocate Start      Relocate End           High               Low         
[24.342s][info][gc,heap     ] GC(40)  Capacity:     4096M (100%)       4096M (100%)       4096M (100%)       4096M (100%)       4096M (100%)       4096M (100%)   
[24.342s][info][gc,heap     ] GC(40)      Free:     1344M (33%)         828M (20%)        3346M (82%)        3372M (82%)        3374M (82%)         772M (19%)    
[24.342s][info][gc,heap     ] GC(40)      Used:     2752M (67%)        3268M (80%)         750M (18%)         724M (18%)        3324M (81%)         722M (18%)    
[24.342s][info][gc,heap     ] GC(40)      Live:         -               100M (2%)          100M (2%)          100M (2%)             -                  -          
[24.342s][info][gc,heap     ] GC(40) Allocated:         -               516M (13%)         586M (14%)         591M (14%)            -                  -          
[24.342s][info][gc,heap     ] GC(40)   Garbage:         -              2651M (65%)          63M (2%)           31M (1%)             -                  -          
[24.342s][info][gc,heap     ] GC(40) Reclaimed:         -                  -              2588M (63%)        2619M (64%)            -                  -          
[24.342s][info][gc          ] GC(40) Garbage Collection (Allocation Rate) 2752M(67%)->724M(18%)
[24.510s][info][gc,start    ] GC(41) Garbage Collection (System.gc())
[24.510s][info][gc,task     ] GC(41) Using 2 workers
[24.510s][info][gc,phases   ] GC(41) Pause Mark Start 0.007ms
[24.575s][info][gc,phases   ] GC(41) Concurrent Mark 65.072ms
[24.575s][info][gc,phases   ] GC(41) Pause Mark End 0.025ms
[24.575s][info][gc,phases   ] GC(41) Concurrent Mark Free 0.003ms
[24.577s][info][gc,phases   ] GC(41) Concurrent Process Non-Strong References 2.078ms
[24.577s][info][gc,phases   ] GC(41) Concurrent Reset Relocation Set 0.003ms
[24.579s][info][gc,phases   ] GC(41) Concurrent Select Relocation Set 1.914ms
[24.579s][info][gc,phases   ] GC(41) Pause Relocate Start 0.004ms
[24.580s][info][gc,phases   ] GC(41) Concurrent Relocate 0.709ms
[24.580s][info][gc,load     ] GC(41) Load: 0.00/0.00/0.00
[24.580s][info][gc,mmu      ] GC(41) MMU: 2ms/98.0%, 5ms/99.2%, 10ms/99.6%, 20ms/99.7%, 50ms/99.9%, 100ms/99.9%
[24.580s][info][gc,marking  ] GC(41) Mark: 2 stripe(s), 1 proactive flush(es), 1 terminate flush(es), 0 completion(s), 0 continuation(s) 
[24.580s][info][gc,marking  ] GC(41) Mark Stack Usage: 32M
[24.580s][info][gc,nmethod  ] GC(41) NMethods: 1324 registered, 15 unregistered
[24.580s][info][gc,metaspace] GC(41) Metaspace: 11M used, 11M committed, 1088M reserved
[24.580s][info][gc,ref      ] GC(41) Soft: 197 encountered, 0 discovered, 0 enqueued
[24.580s][info][gc,ref      ] GC(41) Weak: 695 encountered, 90 discovered, 0 enqueued
[24.580s][info][gc,ref      ] GC(41) Final: 0 encountered, 0 discovered, 0 enqueued
[24.580s][info][gc,ref      ] GC(41) Phantom: 36 encountered, 15 discovered, 0 enqueued
[24.580s][info][gc,reloc    ] GC(41) Small Pages: 586 / 1172M, Empty: 1066M, Relocated: 1M, In-Place: 0
[24.580s][info][gc,reloc    ] GC(41) Medium Pages: 7 / 224M, Empty: 224M, Relocated: 0M, In-Place: 0
[24.580s][info][gc,reloc    ] GC(41) Large Pages: 1 / 6M, Empty: 0M, Relocated: 0M, In-Place: 0
[24.580s][info][gc,reloc    ] GC(41) Forwarding Usage: 0M
[24.580s][info][gc,heap     ] GC(41) Min Capacity: 4096M(100%)
[24.580s][info][gc,heap     ] GC(41) Max Capacity: 4096M(100%)
[24.580s][info][gc,heap     ] GC(41) Soft Max Capacity: 4096M(100%)
[24.580s][info][gc,heap     ] GC(41)                Mark Start          Mark End        Relocate Start      Relocate End           High               Low         
[24.580s][info][gc,heap     ] GC(41)  Capacity:     4096M (100%)       4096M (100%)       4096M (100%)       4096M (100%)       4096M (100%)       4096M (100%)   
[24.580s][info][gc,heap     ] GC(41)      Free:     2694M (66%)        2694M (66%)        3984M (97%)        3996M (98%)        3996M (98%)        2694M (66%)    
[24.580s][info][gc,heap     ] GC(41)      Used:     1402M (34%)        1402M (34%)         112M (3%)          100M (2%)         1402M (34%)         100M (2%)     
[24.580s][info][gc,heap     ] GC(41)      Live:         -                95M (2%)           95M (2%)           95M (2%)             -                  -          
[24.580s][info][gc,heap     ] GC(41) Allocated:         -                 0M (0%)            0M (0%)            0M (0%)             -                  -          
[24.580s][info][gc,heap     ] GC(41)   Garbage:         -              1306M (32%)          16M (0%)            4M (0%)             -                  -          
[24.580s][info][gc,heap     ] GC(41) Reclaimed:         -                  -              1290M (31%)        1302M (32%)            -                  -          
[24.580s][info][gc          ] GC(41) Garbage Collection (System.gc()) 1402M(34%)->100M(2%)
[25.188s][info][gc,start    ] GC(42) Garbage Collection (Allocation Rate)
[25.188s][info][gc,task     ] GC(42) Using 1 workers
[25.188s][info][gc,phases   ] GC(42) Pause Mark Start 0.012ms
[25.311s][info][gc,phases   ] GC(42) Concurrent Mark 123.208ms
[25.311s][info][gc,phases   ] GC(42) Pause Mark End 0.024ms
[25.312s][info][gc,phases   ] GC(42) Concurrent Mark Free 0.003ms
[25.318s][info][gc,phases   ] GC(42) Concurrent Process Non-Strong References 6.765ms
[25.318s][info][gc,phases   ] GC(42) Concurrent Reset Relocation Set 0.004ms
[25.322s][info][gc,phases   ] GC(42) Concurrent Select Relocation Set 3.478ms
[25.322s][info][gc,phases   ] GC(42) Pause Relocate Start 0.016ms
[25.324s][info][gc,phases   ] GC(42) Concurrent Relocate 1.932ms
[25.324s][info][gc,load     ] GC(42) Load: 0.00/0.00/0.00
[25.324s][info][gc,mmu      ] GC(42) MMU: 2ms/98.0%, 5ms/99.2%, 10ms/99.6%, 20ms/99.7%, 50ms/99.9%, 100ms/99.9%
[25.324s][info][gc,marking  ] GC(42) Mark: 1 stripe(s), 2 proactive flush(es), 1 terminate flush(es), 0 completion(s), 0 continuation(s) 
[25.324s][info][gc,marking  ] GC(42) Mark Stack Usage: 32M
[25.324s][info][gc,nmethod  ] GC(42) NMethods: 1327 registered, 15 unregistered
[25.324s][info][gc,metaspace] GC(42) Metaspace: 11M used, 11M committed, 1088M reserved
[25.324s][info][gc,ref      ] GC(42) Soft: 197 encountered, 0 discovered, 0 enqueued
[25.324s][info][gc,ref      ] GC(42) Weak: 695 encountered, 554 discovered, 0 enqueued
[25.324s][info][gc,ref      ] GC(42) Final: 0 encountered, 0 discovered, 0 enqueued
[25.324s][info][gc,ref      ] GC(42) Phantom: 36 encountered, 17 discovered, 0 enqueued
[25.324s][info][gc,reloc    ] GC(42) Small Pages: 1255 / 2510M, Empty: 2378M, Relocated: 2M, In-Place: 0
[25.324s][info][gc,reloc    ] GC(42) Medium Pages: 12 / 384M, Empty: 384M, Relocated: 0M, In-Place: 0
[25.324s][info][gc,reloc    ] GC(42) Large Pages: 1 / 6M, Empty: 0M, Relocated: 0M, In-Place: 0
[25.324s][info][gc,reloc    ] GC(42) Forwarding Usage: 0M
[25.324s][info][gc,heap     ] GC(42) Min Capacity: 4096M(100%)
[25.324s][info][gc,heap     ] GC(42) Max Capacity: 4096M(100%)
[25.324s][info][gc,heap     ] GC(42) Soft Max Capacity: 4096M(100%)
[25.324s][info][gc,heap     ] GC(42)                Mark Start          Mark End        Relocate Start      Relocate End           High               Low         
[25.324s][info][gc,heap     ] GC(42)  Capacity:     4096M (100%)       4096M (100%)       4096M (100%)       4096M (100%)       4096M (100%)       4096M (100%)   
[25.324s][info][gc,heap     ] GC(42)      Free:     1196M (29%)         678M (17%)        3378M (82%)        3414M (83%)        3414M (83%)         634M (15%)    
[25.324s][info][gc,heap     ] GC(42)      Used:     2900M (71%)        3418M (83%)         718M (18%)         682M (17%)        3462M (85%)         682M (17%)    
[25.324s][info][gc,heap     ] GC(42)      Live:         -                97M (2%)           97M (2%)           97M (2%)             -                  -          
[25.324s][info][gc,heap     ] GC(42) Allocated:         -               518M (13%)         580M (14%)         581M (14%)            -                  -          
[25.324s][info][gc,heap     ] GC(42)   Garbage:         -              2802M (68%)          40M (1%)            2M (0%)             -                  -          
[25.324s][info][gc,heap     ] GC(42) Reclaimed:         -                  -              2762M (67%)        2799M (68%)            -                  -          
[25.324s][info][gc          ] GC(42) Garbage Collection (Allocation Rate) 2900M(71%)->682M(17%)
[25.785s][info][gc,start    ] GC(43) Garbage Collection (Allocation Rate)
[25.785s][info][gc,task     ] GC(43) Using 1 workers
[25.785s][info][gc,phases   ] GC(43) Pause Mark Start 0.013ms
[25.925s][info][gc,phases   ] GC(43) Concurrent Mark 139.266ms
[25.925s][info][gc,phases   ] GC(43) Pause Mark End 0.019ms
[25.925s][info][gc,phases   ] GC(43) Concurrent Mark Free 0.002ms
[25.933s][info][gc,phases   ] GC(43) Concurrent Process Non-Strong References 7.669ms
[25.933s][info][gc,phases   ] GC(43) Concurrent Reset Relocation Set 0.004ms
[25.937s][info][gc,phases   ] GC(43) Concurrent Select Relocation Set 4.367ms
[25.937s][info][gc,phases   ] GC(43) Pause Relocate Start 0.012ms
[25.941s][info][gc,phases   ] GC(43) Concurrent Relocate 3.953ms
[25.941s][info][gc,load     ] GC(43) Load: 0.00/0.00/0.00
[25.941s][info][gc,mmu      ] GC(43) MMU: 2ms/98.0%, 5ms/99.2%, 10ms/99.6%, 20ms/99.7%, 50ms/99.9%, 100ms/99.9%
[25.941s][info][gc,marking  ] GC(43) Mark: 1 stripe(s), 2 proactive flush(es), 1 terminate flush(es), 0 completion(s), 0 continuation(s) 
[25.941s][info][gc,marking  ] GC(43) Mark Stack Usage: 32M
[25.941s][info][gc,nmethod  ] GC(43) NMethods: 1329 registered, 16 unregistered
[25.941s][info][gc,metaspace] GC(43) Metaspace: 11M used, 11M committed, 1088M reserved
[25.941s][info][gc,ref      ] GC(43) Soft: 197 encountered, 0 discovered, 0 enqueued
[25.941s][info][gc,ref      ] GC(43) Weak: 695 encountered, 554 discovered, 0 enqueued
[25.941s][info][gc,ref      ] GC(43) Final: 0 encountered, 0 discovered, 0 enqueued
[25.942s][info][gc,ref      ] GC(43) Phantom: 36 encountered, 17 discovered, 0 enqueued
[25.942s][info][gc,reloc    ] GC(43) Small Pages: 1192 / 2384M, Empty: 2234M, Relocated: 6M, In-Place: 0
[25.942s][info][gc,reloc    ] GC(43) Medium Pages: 12 / 384M, Empty: 352M, Relocated: 0M, In-Place: 0
[25.942s][info][gc,reloc    ] GC(43) Large Pages: 1 / 6M, Empty: 0M, Relocated: 0M, In-Place: 0
[25.942s][info][gc,reloc    ] GC(43) Forwarding Usage: 1M
[25.942s][info][gc,heap     ] GC(43) Min Capacity: 4096M(100%)
[25.942s][info][gc,heap     ] GC(43) Max Capacity: 4096M(100%)
[25.942s][info][gc,heap     ] GC(43) Soft Max Capacity: 4096M(100%)
[25.942s][info][gc,heap     ] GC(43)                Mark Start          Mark End        Relocate Start      Relocate End           High               Low         
[25.942s][info][gc,heap     ] GC(43)  Capacity:     4096M (100%)       4096M (100%)       4096M (100%)       4096M (100%)       4096M (100%)       4096M (100%)   
[25.942s][info][gc,heap     ] GC(43)      Free:     1322M (32%)         792M (19%)        3304M (81%)        3358M (82%)        3358M (82%)         742M (18%)    
[25.942s][info][gc,heap     ] GC(43)      Used:     2774M (68%)        3304M (81%)         792M (19%)         738M (18%)        3354M (82%)         738M (18%)    
[25.942s][info][gc,heap     ] GC(43)      Live:         -               100M (2%)          100M (2%)          100M (2%)             -                  -          
[25.942s][info][gc,heap     ] GC(43) Allocated:         -               530M (13%)         604M (15%)         603M (15%)            -                  -          
[25.942s][info][gc,heap     ] GC(43)   Garbage:         -              2673M (65%)          87M (2%)           33M (1%)             -                  -          
[25.942s][info][gc,heap     ] GC(43) Reclaimed:         -                  -              2586M (63%)        2639M (64%)            -                  -          
[25.942s][info][gc          ] GC(43) Garbage Collection (Allocation Rate) 2774M(68%)->738M(18%)
[26.381s][info][gc,start    ] GC(44) Garbage Collection (Allocation Rate)
[26.381s][info][gc,task     ] GC(44) Using 1 workers
[26.381s][info][gc,phases   ] GC(44) Pause Mark Start 0.011ms
[26.544s][info][gc,phases   ] GC(44) Concurrent Mark 162.943ms
[26.544s][info][gc,phases   ] GC(44) Pause Mark End 0.012ms
[26.544s][info][gc,phases   ] GC(44) Concurrent Mark Free 0.001ms
[26.553s][info][gc,phases   ] GC(44) Concurrent Process Non-Strong References 9.084ms
[26.553s][info][gc,phases   ] GC(44) Concurrent Reset Relocation Set 0.007ms
[26.557s][info][gc,phases   ] GC(44) Concurrent Select Relocation Set 3.297ms
[26.557s][info][gc,phases   ] GC(44) Pause Relocate Start 0.011ms
[26.561s][info][gc,phases   ] GC(44) Concurrent Relocate 3.638ms
[26.561s][info][gc,load     ] GC(44) Load: 0.00/0.00/0.00
[26.561s][info][gc,mmu      ] GC(44) MMU: 2ms/98.0%, 5ms/99.2%, 10ms/99.6%, 20ms/99.7%, 50ms/99.9%, 100ms/99.9%
[26.561s][info][gc,marking  ] GC(44) Mark: 1 stripe(s), 2 proactive flush(es), 1 terminate flush(es), 0 completion(s), 0 continuation(s) 
[26.561s][info][gc,marking  ] GC(44) Mark Stack Usage: 32M
[26.561s][info][gc,nmethod  ] GC(44) NMethods: 1331 registered, 22 unregistered
[26.561s][info][gc,metaspace] GC(44) Metaspace: 11M used, 11M committed, 1088M reserved
[26.561s][info][gc,ref      ] GC(44) Soft: 197 encountered, 0 discovered, 0 enqueued
[26.561s][info][gc,ref      ] GC(44) Weak: 695 encountered, 187 discovered, 0 enqueued
[26.561s][info][gc,ref      ] GC(44) Final: 0 encountered, 0 discovered, 0 enqueued
[26.561s][info][gc,ref      ] GC(44) Phantom: 36 encountered, 21 discovered, 0 enqueued
[26.561s][info][gc,reloc    ] GC(44) Small Pages: 1135 / 2270M, Empty: 2130M, Relocated: 3M, In-Place: 0
[26.561s][info][gc,reloc    ] GC(44) Medium Pages: 13 / 416M, Empty: 416M, Relocated: 0M, In-Place: 0
[26.561s][info][gc,reloc    ] GC(44) Large Pages: 1 / 6M, Empty: 0M, Relocated: 0M, In-Place: 0
[26.561s][info][gc,reloc    ] GC(44) Forwarding Usage: 1M
[26.561s][info][gc,heap     ] GC(44) Min Capacity: 4096M(100%)
[26.561s][info][gc,heap     ] GC(44) Max Capacity: 4096M(100%)
[26.561s][info][gc,heap     ] GC(44) Soft Max Capacity: 4096M(100%)
[26.561s][info][gc,heap     ] GC(44)                Mark Start          Mark End        Relocate Start      Relocate End           High               Low         
[26.561s][info][gc,heap     ] GC(44)  Capacity:     4096M (100%)       4096M (100%)       4096M (100%)       4096M (100%)       4096M (100%)       4096M (100%)   
[26.561s][info][gc,heap     ] GC(44)      Free:     1404M (34%)         742M (18%)        3214M (78%)        3218M (79%)        3254M (79%)         686M (17%)    
[26.561s][info][gc,heap     ] GC(44)      Used:     2692M (66%)        3354M (82%)         882M (22%)         878M (21%)        3410M (83%)         842M (21%)    
[26.561s][info][gc,heap     ] GC(44)      Live:         -                97M (2%)           97M (2%)           97M (2%)             -                  -          
[26.561s][info][gc,heap     ] GC(44) Allocated:         -               662M (16%)         736M (18%)         779M (19%)            -                  -          
[26.561s][info][gc,heap     ] GC(44)   Garbage:         -              2594M (63%)          48M (1%)            1M (0%)             -                  -          
[26.561s][info][gc,heap     ] GC(44) Reclaimed:         -                  -              2546M (62%)        2593M (63%)            -                  -          
[26.561s][info][gc          ] GC(44) Garbage Collection (Allocation Rate) 2692M(66%)->878M(21%)
[26.978s][info][gc,start    ] GC(45) Garbage Collection (Allocation Rate)
[26.978s][info][gc,task     ] GC(45) Using 1 workers
[26.978s][info][gc,phases   ] GC(45) Pause Mark Start 0.011ms
[27.120s][info][gc,phases   ] GC(45) Concurrent Mark 141.776ms
[27.120s][info][gc,phases   ] GC(45) Pause Mark End 0.020ms
[27.120s][info][gc,phases   ] GC(45) Concurrent Mark Free 0.002ms
[27.126s][info][gc,phases   ] GC(45) Concurrent Process Non-Strong References 5.506ms
[27.126s][info][gc,phases   ] GC(45) Concurrent Reset Relocation Set 0.006ms
[27.129s][info][gc,phases   ] GC(45) Concurrent Select Relocation Set 3.373ms
[27.129s][info][gc,phases   ] GC(45) Pause Relocate Start 0.014ms
[27.131s][info][gc,phases   ] GC(45) Concurrent Relocate 1.755ms
[27.131s][info][gc,load     ] GC(45) Load: 0.00/0.00/0.00
[27.131s][info][gc,mmu      ] GC(45) MMU: 2ms/98.0%, 5ms/99.2%, 10ms/99.6%, 20ms/99.7%, 50ms/99.9%, 100ms/99.9%
[27.131s][info][gc,marking  ] GC(45) Mark: 1 stripe(s), 2 proactive flush(es), 1 terminate flush(es), 0 completion(s), 0 continuation(s) 
[27.131s][info][gc,marking  ] GC(45) Mark Stack Usage: 32M
[27.131s][info][gc,nmethod  ] GC(45) NMethods: 1330 registered, 23 unregistered
[27.131s][info][gc,metaspace] GC(45) Metaspace: 11M used, 11M committed, 1088M reserved
[27.131s][info][gc,ref      ] GC(45) Soft: 197 encountered, 0 discovered, 0 enqueued
[27.131s][info][gc,ref      ] GC(45) Weak: 695 encountered, 554 discovered, 0 enqueued
[27.131s][info][gc,ref      ] GC(45) Final: 0 encountered, 0 discovered, 0 enqueued
[27.131s][info][gc,ref      ] GC(45) Phantom: 36 encountered, 17 discovered, 0 enqueued
[27.131s][info][gc,reloc    ] GC(45) Small Pages: 1195 / 2390M, Empty: 2246M, Relocated: 3M, In-Place: 0
[27.131s][info][gc,reloc    ] GC(45) Medium Pages: 12 / 384M, Empty: 352M, Relocated: 0M, In-Place: 0
[27.131s][info][gc,reloc    ] GC(45) Large Pages: 1 / 6M, Empty: 0M, Relocated: 0M, In-Place: 0
[27.131s][info][gc,reloc    ] GC(45) Forwarding Usage: 0M
[27.131s][info][gc,heap     ] GC(45) Min Capacity: 4096M(100%)
[27.131s][info][gc,heap     ] GC(45) Max Capacity: 4096M(100%)
[27.131s][info][gc,heap     ] GC(45) Soft Max Capacity: 4096M(100%)
[27.131s][info][gc,heap     ] GC(45)                Mark Start          Mark End        Relocate Start      Relocate End           High               Low         
[27.131s][info][gc,heap     ] GC(45)  Capacity:     4096M (100%)       4096M (100%)       4096M (100%)       4096M (100%)       4096M (100%)       4096M (100%)   
[27.131s][info][gc,heap     ] GC(45)      Free:     1316M (32%)         776M (19%)        3316M (81%)        3366M (82%)        3366M (82%)         740M (18%)    
[27.131s][info][gc,heap     ] GC(45)      Used:     2780M (68%)        3320M (81%)         780M (19%)         730M (18%)        3356M (82%)         730M (18%)    
[27.131s][info][gc,heap     ] GC(45)      Live:         -               101M (2%)          101M (2%)          101M (2%)             -                  -          
[27.131s][info][gc,heap     ] GC(45) Allocated:         -               540M (13%)         598M (15%)         597M (15%)            -                  -          
[27.131s][info][gc,heap     ] GC(45)   Garbage:         -              2678M (65%)          80M (2%)           30M (1%)             -                  -          
[27.131s][info][gc,heap     ] GC(45) Reclaimed:         -                  -              2598M (63%)        2647M (65%)            -                  -          
[27.131s][info][gc          ] GC(45) Garbage Collection (Allocation Rate) 2780M(68%)->730M(18%)
[27.574s][info][gc,start    ] GC(46) Garbage Collection (Allocation Rate)
[27.574s][info][gc,task     ] GC(46) Using 1 workers
[27.574s][info][gc,phases   ] GC(46) Pause Mark Start 0.012ms
[27.795s][info][gc,phases   ] GC(46) Concurrent Mark 221.065ms
[27.796s][info][gc,phases   ] GC(46) Pause Mark End 0.026ms
[27.796s][info][gc,phases   ] GC(46) Concurrent Mark Free 0.003ms
[27.801s][info][gc,phases   ] GC(46) Concurrent Process Non-Strong References 4.949ms
[27.801s][info][gc,phases   ] GC(46) Concurrent Reset Relocation Set 0.005ms
[27.805s][info][gc,phases   ] GC(46) Concurrent Select Relocation Set 3.993ms
[27.805s][info][gc,phases   ] GC(46) Pause Relocate Start 0.021ms
[27.806s][info][gc,phases   ] GC(46) Concurrent Relocate 0.754ms
[27.806s][info][gc,load     ] GC(46) Load: 0.00/0.00/0.00
[27.806s][info][gc,mmu      ] GC(46) MMU: 2ms/98.0%, 5ms/99.2%, 10ms/99.5%, 20ms/99.7%, 50ms/99.9%, 100ms/99.9%
[27.806s][info][gc,marking  ] GC(46) Mark: 1 stripe(s), 2 proactive flush(es), 1 terminate flush(es), 0 completion(s), 0 continuation(s) 
[27.806s][info][gc,marking  ] GC(46) Mark Stack Usage: 32M
[27.806s][info][gc,nmethod  ] GC(46) NMethods: 1330 registered, 23 unregistered
[27.806s][info][gc,metaspace] GC(46) Metaspace: 11M used, 11M committed, 1088M reserved
[27.806s][info][gc,ref      ] GC(46) Soft: 197 encountered, 0 discovered, 0 enqueued
[27.806s][info][gc,ref      ] GC(46) Weak: 695 encountered, 187 discovered, 0 enqueued
[27.806s][info][gc,ref      ] GC(46) Final: 0 encountered, 0 discovered, 0 enqueued
[27.806s][info][gc,ref      ] GC(46) Phantom: 36 encountered, 21 discovered, 0 enqueued
[27.806s][info][gc,reloc    ] GC(46) Small Pages: 1162 / 2324M, Empty: 2208M, Relocated: 0M, In-Place: 0
[27.806s][info][gc,reloc    ] GC(46) Medium Pages: 13 / 416M, Empty: 384M, Relocated: 0M, In-Place: 0
[27.806s][info][gc,reloc    ] GC(46) Large Pages: 1 / 6M, Empty: 0M, Relocated: 0M, In-Place: 0
[27.806s][info][gc,reloc    ] GC(46) Forwarding Usage: 0M
[27.806s][info][gc,heap     ] GC(46) Min Capacity: 4096M(100%)
[27.806s][info][gc,heap     ] GC(46) Max Capacity: 4096M(100%)
[27.806s][info][gc,heap     ] GC(46) Soft Max Capacity: 4096M(100%)
[27.806s][info][gc,heap     ] GC(46)                Mark Start          Mark End        Relocate Start      Relocate End           High               Low         
[27.806s][info][gc,heap     ] GC(46)  Capacity:     4096M (100%)       4096M (100%)       4096M (100%)       4096M (100%)       4096M (100%)       4096M (100%)   
[27.806s][info][gc,heap     ] GC(46)      Free:     1350M (33%)         452M (11%)        2990M (73%)        3012M (74%)        3012M (74%)         418M (10%)    
[27.806s][info][gc,heap     ] GC(46)      Used:     2746M (67%)        3644M (89%)        1106M (27%)        1084M (26%)        3678M (90%)        1084M (26%)    
[27.806s][info][gc,heap     ] GC(46)      Live:         -                99M (2%)           99M (2%)           99M (2%)             -                  -          
[27.806s][info][gc,heap     ] GC(46) Allocated:         -               898M (22%)         952M (23%)         953M (23%)            -                  -          
[27.806s][info][gc,heap     ] GC(46)   Garbage:         -              2646M (65%)          54M (1%)           30M (1%)             -                  -          
[27.806s][info][gc,heap     ] GC(46) Reclaimed:         -                  -              2592M (63%)        2615M (64%)            -                  -          
[27.806s][info][gc          ] GC(46) Garbage Collection (Allocation Rate) 2746M(67%)->1084M(26%)
[28.077s][info][gc,start    ] GC(47) Garbage Collection (Allocation Rate)
[28.077s][info][gc,task     ] GC(47) Using 1 workers
[28.077s][info][gc,phases   ] GC(47) Pause Mark Start 0.015ms
[28.246s][info][gc,phases   ] GC(47) Concurrent Mark 168.936ms
[28.246s][info][gc,phases   ] GC(47) Pause Mark End 0.029ms
[28.246s][info][gc,phases   ] GC(47) Concurrent Mark Free 0.005ms
[28.250s][info][gc,phases   ] GC(47) Concurrent Process Non-Strong References 3.894ms
[28.250s][info][gc,phases   ] GC(47) Concurrent Reset Relocation Set 0.002ms
[28.253s][info][gc,phases   ] GC(47) Concurrent Select Relocation Set 2.319ms
[28.253s][info][gc,phases   ] GC(47) Pause Relocate Start 0.009ms
[28.255s][info][gc,phases   ] GC(47) Concurrent Relocate 1.868ms
[28.255s][info][gc,load     ] GC(47) Load: 0.00/0.00/0.00
[28.255s][info][gc,mmu      ] GC(47) MMU: 2ms/98.0%, 5ms/99.2%, 10ms/99.5%, 20ms/99.7%, 50ms/99.9%, 100ms/99.9%
[28.255s][info][gc,marking  ] GC(47) Mark: 1 stripe(s), 2 proactive flush(es), 1 terminate flush(es), 0 completion(s), 0 continuation(s) 
[28.255s][info][gc,marking  ] GC(47) Mark Stack Usage: 32M
[28.255s][info][gc,nmethod  ] GC(47) NMethods: 1330 registered, 23 unregistered
[28.255s][info][gc,metaspace] GC(47) Metaspace: 11M used, 11M committed, 1088M reserved
[28.255s][info][gc,ref      ] GC(47) Soft: 197 encountered, 0 discovered, 0 enqueued
[28.255s][info][gc,ref      ] GC(47) Weak: 695 encountered, 187 discovered, 0 enqueued
[28.255s][info][gc,ref      ] GC(47) Final: 0 encountered, 0 discovered, 0 enqueued
[28.255s][info][gc,ref      ] GC(47) Phantom: 36 encountered, 21 discovered, 0 enqueued
[28.255s][info][gc,reloc    ] GC(47) Small Pages: 975 / 1950M, Empty: 1808M, Relocated: 3M, In-Place: 0
[28.255s][info][gc,reloc    ] GC(47) Medium Pages: 11 / 352M, Empty: 352M, Relocated: 0M, In-Place: 0
[28.255s][info][gc,reloc    ] GC(47) Large Pages: 1 / 6M, Empty: 0M, Relocated: 0M, In-Place: 0
[28.255s][info][gc,reloc    ] GC(47) Forwarding Usage: 0M
[28.255s][info][gc,heap     ] GC(47) Min Capacity: 4096M(100%)
[28.255s][info][gc,heap     ] GC(47) Max Capacity: 4096M(100%)
[28.255s][info][gc,heap     ] GC(47) Soft Max Capacity: 4096M(100%)
[28.255s][info][gc,heap     ] GC(47)                Mark Start          Mark End        Relocate Start      Relocate End           High               Low         
[28.255s][info][gc,heap     ] GC(47)  Capacity:     4096M (100%)       4096M (100%)       4096M (100%)       4096M (100%)       4096M (100%)       4096M (100%)   
[28.255s][info][gc,heap     ] GC(47)      Free:     1788M (44%)        1084M (26%)        3192M (78%)        3238M (79%)        3238M (79%)        1034M (25%)    
[28.255s][info][gc,heap     ] GC(47)      Used:     2308M (56%)        3012M (74%)         904M (22%)         858M (21%)        3062M (75%)         858M (21%)    
[28.255s][info][gc,heap     ] GC(47)      Live:         -                98M (2%)           98M (2%)           98M (2%)             -                  -          
[28.255s][info][gc,heap     ] GC(47) Allocated:         -               704M (17%)         756M (18%)         757M (19%)            -                  -          
[28.255s][info][gc,heap     ] GC(47)   Garbage:         -              2209M (54%)          49M (1%)            1M (0%)             -                  -          
[28.255s][info][gc,heap     ] GC(47) Reclaimed:         -                  -              2160M (53%)        2207M (54%)            -                  -          
[28.255s][info][gc          ] GC(47) Garbage Collection (Allocation Rate) 2308M(56%)->858M(21%)
[28.673s][info][gc,start    ] GC(48) Garbage Collection (Allocation Rate)
[28.673s][info][gc,task     ] GC(48) Using 1 workers
[28.673s][info][gc,phases   ] GC(48) Pause Mark Start 0.014ms
[28.811s][info][gc,phases   ] GC(48) Concurrent Mark 138.074ms
[28.812s][info][gc,phases   ] GC(48) Pause Mark End 0.011ms
[28.812s][info][gc,phases   ] GC(48) Concurrent Mark Free 0.001ms
[28.818s][info][gc,phases   ] GC(48) Concurrent Process Non-Strong References 5.972ms
[28.818s][info][gc,phases   ] GC(48) Concurrent Reset Relocation Set 0.005ms
[28.822s][info][gc,phases   ] GC(48) Concurrent Select Relocation Set 4.047ms
[28.822s][info][gc,phases   ] GC(48) Pause Relocate Start 0.018ms
[28.825s][info][gc,phases   ] GC(48) Concurrent Relocate 2.827ms
[28.825s][info][gc,load     ] GC(48) Load: 0.00/0.00/0.00
[28.825s][info][gc,mmu      ] GC(48) MMU: 2ms/98.0%, 5ms/99.2%, 10ms/99.5%, 20ms/99.7%, 50ms/99.9%, 100ms/99.9%
[28.825s][info][gc,marking  ] GC(48) Mark: 1 stripe(s), 2 proactive flush(es), 1 terminate flush(es), 0 completion(s), 0 continuation(s) 
[28.825s][info][gc,marking  ] GC(48) Mark Stack Usage: 32M
[28.825s][info][gc,nmethod  ] GC(48) NMethods: 1330 registered, 23 unregistered
[28.825s][info][gc,metaspace] GC(48) Metaspace: 11M used, 11M committed, 1088M reserved
[28.825s][info][gc,ref      ] GC(48) Soft: 197 encountered, 0 discovered, 0 enqueued
[28.825s][info][gc,ref      ] GC(48) Weak: 695 encountered, 554 discovered, 0 enqueued
[28.825s][info][gc,ref      ] GC(48) Final: 0 encountered, 0 discovered, 0 enqueued
[28.825s][info][gc,ref      ] GC(48) Phantom: 36 encountered, 17 discovered, 0 enqueued
[28.825s][info][gc,reloc    ] GC(48) Small Pages: 1185 / 2370M, Empty: 2252M, Relocated: 1M, In-Place: 0
[28.825s][info][gc,reloc    ] GC(48) Medium Pages: 12 / 384M, Empty: 352M, Relocated: 0M, In-Place: 0
[28.825s][info][gc,reloc    ] GC(48) Large Pages: 1 / 6M, Empty: 0M, Relocated: 0M, In-Place: 0
[28.825s][info][gc,reloc    ] GC(48) Forwarding Usage: 0M
[28.825s][info][gc,heap     ] GC(48) Min Capacity: 4096M(100%)
[28.825s][info][gc,heap     ] GC(48) Max Capacity: 4096M(100%)
[28.825s][info][gc,heap     ] GC(48) Soft Max Capacity: 4096M(100%)
[28.825s][info][gc,heap     ] GC(48)                Mark Start          Mark End        Relocate Start      Relocate End           High               Low         
[28.825s][info][gc,heap     ] GC(48)  Capacity:     4096M (100%)       4096M (100%)       4096M (100%)       4096M (100%)       4096M (100%)       4096M (100%)   
[28.825s][info][gc,heap     ] GC(48)      Free:     1336M (33%)         820M (20%)        3368M (82%)        3376M (82%)        3390M (83%)         786M (19%)    
[28.825s][info][gc,heap     ] GC(48)      Used:     2760M (67%)        3276M (80%)         728M (18%)         720M (18%)        3310M (81%)         706M (17%)    
[28.825s][info][gc,heap     ] GC(48)      Live:         -               100M (2%)          100M (2%)          100M (2%)             -                  -          
[28.825s][info][gc,heap     ] GC(48) Allocated:         -               516M (13%)         572M (14%)         589M (14%)            -                  -          
[28.825s][info][gc,heap     ] GC(48)   Garbage:         -              2659M (65%)          55M (1%)           29M (1%)             -                  -          
[28.825s][info][gc,heap     ] GC(48) Reclaimed:         -                  -              2604M (64%)        2629M (64%)            -                  -          
[28.825s][info][gc          ] GC(48) Garbage Collection (Allocation Rate) 2760M(67%)->720M(18%)
[28.967s][info][gc,start    ] GC(49) Garbage Collection (System.gc())
[28.968s][info][gc,task     ] GC(49) Using 2 workers
[28.968s][info][gc,phases   ] GC(49) Pause Mark Start 0.007ms
[29.018s][info][gc,phases   ] GC(49) Concurrent Mark 50.455ms
[29.018s][info][gc,phases   ] GC(49) Pause Mark End 0.016ms
[29.018s][info][gc,phases   ] GC(49) Concurrent Mark Free 0.002ms
[29.020s][info][gc,phases   ] GC(49) Concurrent Process Non-Strong References 1.385ms
[29.020s][info][gc,phases   ] GC(49) Concurrent Reset Relocation Set 0.001ms
[29.021s][info][gc,phases   ] GC(49) Concurrent Select Relocation Set 1.662ms
[29.022s][info][gc,phases   ] GC(49) Pause Relocate Start 0.005ms
[29.022s][info][gc,phases   ] GC(49) Concurrent Relocate 0.665ms
[29.022s][info][gc,load     ] GC(49) Load: 0.00/0.00/0.00
[29.022s][info][gc,mmu      ] GC(49) MMU: 2ms/98.0%, 5ms/99.2%, 10ms/99.5%, 20ms/99.7%, 50ms/99.9%, 100ms/99.9%
[29.022s][info][gc,marking  ] GC(49) Mark: 2 stripe(s), 2 proactive flush(es), 1 terminate flush(es), 0 completion(s), 0 continuation(s) 
[29.022s][info][gc,marking  ] GC(49) Mark Stack Usage: 32M
[29.022s][info][gc,nmethod  ] GC(49) NMethods: 1332 registered, 23 unregistered
[29.022s][info][gc,metaspace] GC(49) Metaspace: 11M used, 11M committed, 1088M reserved
[29.022s][info][gc,ref      ] GC(49) Soft: 197 encountered, 0 discovered, 0 enqueued
[29.022s][info][gc,ref      ] GC(49) Weak: 695 encountered, 178 discovered, 0 enqueued
[29.022s][info][gc,ref      ] GC(49) Final: 0 encountered, 0 discovered, 0 enqueued
[29.022s][info][gc,ref      ] GC(49) Phantom: 36 encountered, 16 discovered, 0 enqueued
[29.022s][info][gc,reloc    ] GC(49) Small Pages: 543 / 1086M, Empty: 986M, Relocated: 0M, In-Place: 0
[29.022s][info][gc,reloc    ] GC(49) Medium Pages: 7 / 224M, Empty: 224M, Relocated: 0M, In-Place: 0
[29.022s][info][gc,reloc    ] GC(49) Large Pages: 1 / 6M, Empty: 0M, Relocated: 0M, In-Place: 0
[29.022s][info][gc,reloc    ] GC(49) Forwarding Usage: 0M
[29.022s][info][gc,heap     ] GC(49) Min Capacity: 4096M(100%)
[29.022s][info][gc,heap     ] GC(49) Max Capacity: 4096M(100%)
[29.022s][info][gc,heap     ] GC(49) Soft Max Capacity: 4096M(100%)
[29.022s][info][gc,heap     ] GC(49)                Mark Start          Mark End        Relocate Start      Relocate End           High               Low         
[29.022s][info][gc,heap     ] GC(49)  Capacity:     4096M (100%)       4096M (100%)       4096M (100%)       4096M (100%)       4096M (100%)       4096M (100%)   
[29.022s][info][gc,heap     ] GC(49)      Free:     2780M (68%)        2780M (68%)        3990M (97%)        3996M (98%)        3996M (98%)        2780M (68%)    
[29.022s][info][gc,heap     ] GC(49)      Used:     1316M (32%)        1316M (32%)         106M (3%)          100M (2%)         1316M (32%)         100M (2%)     
[29.022s][info][gc,heap     ] GC(49)      Live:         -                95M (2%)           95M (2%)           95M (2%)             -                  -          
[29.022s][info][gc,heap     ] GC(49) Allocated:         -                 0M (0%)            0M (0%)            0M (0%)             -                  -          
[29.022s][info][gc,heap     ] GC(49)   Garbage:         -              1220M (30%)          10M (0%)            4M (0%)             -                  -          
[29.022s][info][gc,heap     ] GC(49) Reclaimed:         -                  -              1210M (30%)        1216M (30%)            -                  -          
[29.022s][info][gc          ] GC(49) Garbage Collection (System.gc()) 1316M(32%)->100M(2%)
[29.584s][info][gc,start    ] GC(50) Garbage Collection (Allocation Rate)
[29.585s][info][gc,task     ] GC(50) Using 1 workers
[29.585s][info][gc,phases   ] GC(50) Pause Mark Start 0.011ms
[29.737s][info][gc,phases   ] GC(50) Concurrent Mark 152.192ms
[29.737s][info][gc,phases   ] GC(50) Pause Mark End 0.014ms
[29.737s][info][gc,phases   ] GC(50) Concurrent Mark Free 0.001ms
[29.740s][info][gc,phases   ] GC(50) Concurrent Process Non-Strong References 2.740ms
[29.740s][info][gc,phases   ] GC(50) Concurrent Reset Relocation Set 0.001ms
[29.743s][info][gc,phases   ] GC(50) Concurrent Select Relocation Set 3.176ms
[29.743s][info][gc,phases   ] GC(50) Pause Relocate Start 0.010ms
[29.747s][info][gc,phases   ] GC(50) Concurrent Relocate 3.789ms
[29.747s][info][gc,load     ] GC(50) Load: 0.00/0.00/0.00
[29.747s][info][gc,mmu      ] GC(50) MMU: 2ms/98.0%, 5ms/99.2%, 10ms/99.5%, 20ms/99.7%, 50ms/99.9%, 100ms/99.9%
[29.747s][info][gc,marking  ] GC(50) Mark: 1 stripe(s), 2 proactive flush(es), 1 terminate flush(es), 0 completion(s), 0 continuation(s) 
[29.747s][info][gc,marking  ] GC(50) Mark Stack Usage: 32M
[29.747s][info][gc,nmethod  ] GC(50) NMethods: 1335 registered, 25 unregistered
[29.747s][info][gc,metaspace] GC(50) Metaspace: 11M used, 11M committed, 1088M reserved
[29.747s][info][gc,ref      ] GC(50) Soft: 197 encountered, 0 discovered, 0 enqueued
[29.747s][info][gc,ref      ] GC(50) Weak: 695 encountered, 554 discovered, 0 enqueued
[29.747s][info][gc,ref      ] GC(50) Final: 0 encountered, 0 discovered, 0 enqueued
[29.747s][info][gc,ref      ] GC(50) Phantom: 36 encountered, 17 discovered, 0 enqueued
[29.747s][info][gc,reloc    ] GC(50) Small Pages: 1164 / 2328M, Empty: 2216M, Relocated: 0M, In-Place: 0
[29.747s][info][gc,reloc    ] GC(50) Medium Pages: 12 / 384M, Empty: 320M, Relocated: 3M, In-Place: 0
[29.747s][info][gc,reloc    ] GC(50) Large Pages: 1 / 6M, Empty: 0M, Relocated: 0M, In-Place: 0
[29.747s][info][gc,reloc    ] GC(50) Forwarding Usage: 0M
[29.747s][info][gc,heap     ] GC(50) Min Capacity: 4096M(100%)
[29.748s][info][gc,heap     ] GC(50) Max Capacity: 4096M(100%)
[29.748s][info][gc,heap     ] GC(50) Soft Max Capacity: 4096M(100%)
[29.748s][info][gc,heap     ] GC(50)                Mark Start          Mark End        Relocate Start      Relocate End           High               Low         
[29.748s][info][gc,heap     ] GC(50)  Capacity:     4096M (100%)       4096M (100%)       4096M (100%)       4096M (100%)       4096M (100%)       4096M (100%)   
[29.748s][info][gc,heap     ] GC(50)      Free:     1378M (34%)         784M (19%)        3302M (81%)        3338M (81%)        3346M (82%)         784M (19%)    
[29.748s][info][gc,heap     ] GC(50)      Used:     2718M (66%)        3312M (81%)         794M (19%)         758M (19%)        3312M (81%)         750M (18%)    
[29.748s][info][gc,heap     ] GC(50)      Live:         -                99M (2%)           99M (2%)           99M (2%)             -                  -          
[29.748s][info][gc,heap     ] GC(50) Allocated:         -               594M (15%)         612M (15%)         627M (15%)            -                  -          
[29.748s][info][gc,heap     ] GC(50)   Garbage:         -              2618M (64%)          82M (2%)           30M (1%)             -                  -          
[29.748s][info][gc,heap     ] GC(50) Reclaimed:         -                  -              2536M (62%)        2587M (63%)            -                  -          
[29.748s][info][gc          ] GC(50) Garbage Collection (Allocation Rate) 2718M(66%)->758M(19%)
[30.181s][info][gc,stats    ] === Garbage Collection Statistics =======================================================================================================================
[30.181s][info][gc,start    ] GC(51) Garbage Collection (Allocation Rate)
[30.181s][info][gc,stats    ]                                                              Last 10s              Last 10m              Last 10h                Total
[30.181s][info][gc,task     ] GC(51) Using 1 workers
[30.181s][info][gc,stats    ]                                                              Avg / Max             Avg / Max             Avg / Max             Avg / Max
[30.181s][info][gc,stats    ]   Collector: Garbage Collection Cycle                    159.958 / 241.156     152.314 / 244.602     152.314 / 244.602     152.314 / 244.602     ms
[30.181s][info][gc,stats    ]  Contention: Mark Segment Reset Contention                     0 / 0                 0 / 2                 0 / 2                 0 / 2           ops/s
[30.181s][info][gc,stats    ]  Contention: Mark SeqNum Reset Contention                      0 / 1                 0 / 2                 0 / 2                 0 / 2           ops/s
[30.181s][info][gc,stats    ]    Critical: Allocation Stall                                  0 / 0                 0 / 0                 0 / 0                 0 / 0           ops/s
[30.181s][info][gc,stats    ]    Critical: Allocation Stall                              0.000 / 0.000         0.000 / 0.000         0.000 / 0.000         0.000 / 0.000       ms
[30.181s][info][gc,stats    ]    Critical: GC Locker Stall                                   0 / 0                 0 / 0                 0 / 0                 0 / 0           ops/s
[30.181s][info][gc,stats    ]    Critical: GC Locker Stall                               0.000 / 0.000         0.000 / 0.000         0.000 / 0.000         0.000 / 0.000       ms
[30.181s][info][gc,stats    ]    Critical: Relocation Stall                                  0 / 0                 0 / 0                 0 / 0                 0 / 0           ops/s
[30.181s][info][gc,stats    ]    Critical: Relocation Stall                              0.000 / 0.000         0.000 / 0.000         0.000 / 0.000         0.000 / 0.000       ms
[30.181s][info][gc,stats    ]      Memory: Allocation Rate                                4326 / 4592           4059 / 4592           4059 / 4592           4059 / 4592        MB/s
[30.181s][info][gc,phases   ] GC(51) Pause Mark Start 0.011ms
[30.181s][info][gc,stats    ]      Memory: Defragment                                        0 / 0                 0 / 0                 0 / 0                 0 / 0           ops/s
[30.181s][info][gc,stats    ]      Memory: Out Of Memory                                     0 / 0                 0 / 0                 0 / 0                 0 / 0           ops/s
[30.181s][info][gc,stats    ]      Memory: Page Cache Flush                                  0 / 0                 0 / 0                 0 / 0                 0 / 0           MB/s
[30.181s][info][gc,stats    ]      Memory: Page Cache Hit L1                              1859 / 1983           1700 / 1983           1700 / 1983           1700 / 1983        ops/s
[30.181s][info][gc,stats    ]      Memory: Page Cache Hit L2                                 0 / 0                 0 / 0                 0 / 0                 0 / 0           ops/s
[30.181s][info][gc,stats    ]      Memory: Page Cache Hit L3                                11 / 116              58 / 437              58 / 437              58 / 437         ops/s
[30.181s][info][gc,stats    ]      Memory: Page Cache Miss                                   0 / 0                 0 / 1                 0 / 1                 0 / 1           ops/s
[30.181s][info][gc,stats    ]      Memory: Uncommit                                          0 / 0                 0 / 0                 0 / 0                 0 / 0           MB/s
[30.181s][info][gc,stats    ]      Memory: Undo Object Allocation Failed                     0 / 0                 0 / 1                 0 / 1                 0 / 1           ops/s
[30.181s][info][gc,stats    ]      Memory: Undo Object Allocation Succeeded                 22 / 137               9 / 137               9 / 137               9 / 137         ops/s
[30.181s][info][gc,stats    ]      Memory: Undo Page Allocation                              2 / 3                 2 / 7                 2 / 7                 2 / 7           ops/s
[30.181s][info][gc,stats    ]       Phase: Concurrent Mark                             147.918 / 221.065     138.791 / 237.375     138.791 / 237.375     138.791 / 237.375     ms
[30.181s][info][gc,stats    ]       Phase: Concurrent Mark Continue                      0.000 / 0.000         0.000 / 0.000         0.000 / 0.000         0.000 / 0.000       ms
[30.181s][info][gc,stats    ]       Phase: Concurrent Mark Free                          0.002 / 0.005         0.002 / 0.005         0.002 / 0.005         0.002 / 0.005       ms
[30.181s][info][gc,stats    ]       Phase: Concurrent Process Non-Strong References      5.862 / 20.994        6.240 / 24.469        6.240 / 24.469        6.240 / 24.469      ms
[30.181s][info][gc,stats    ]       Phase: Concurrent Relocate                           2.148 / 3.953         3.005 / 57.532        3.005 / 57.532        3.005 / 57.532      ms
[30.181s][info][gc,stats    ]       Phase: Concurrent Reset Relocation Set               0.004 / 0.007         0.004 / 0.026         0.004 / 0.026         0.004 / 0.026       ms
[30.181s][info][gc,stats    ]       Phase: Concurrent Select Relocation Set              3.074 / 4.367         3.241 / 13.885        3.241 / 13.885        3.241 / 13.885      ms
[30.181s][info][gc,stats    ]       Phase: Pause Mark End                                0.018 / 0.029         0.018 / 0.040         0.018 / 0.040         0.018 / 0.040       ms
[30.181s][info][gc,stats    ]       Phase: Pause Mark Start                              0.012 / 0.025         0.010 / 0.025         0.010 / 0.025         0.010 / 0.025       ms
[30.181s][info][gc,stats    ]       Phase: Pause Relocate Start                          0.012 / 0.025         0.012 / 0.025         0.012 / 0.025         0.012 / 0.025       ms
[30.181s][info][gc,stats    ]    Subphase: Concurrent Classes Purge                      0.018 / 0.069         0.030 / 0.208         0.030 / 0.208         0.030 / 0.208       ms
[30.181s][info][gc,stats    ]    Subphase: Concurrent Classes Unlink                     2.667 / 3.478         2.246 / 3.609         2.246 / 3.609         2.246 / 3.609       ms
[30.181s][info][gc,stats    ]    Subphase: Concurrent Mark                             136.704 / 220.303     121.002 / 236.615     121.002 / 236.615     121.002 / 236.615     ms
[30.181s][info][gc,stats    ]    Subphase: Concurrent Mark Try Flush                     0.245 / 3.700         0.763 / 16.794        0.763 / 16.794        0.763 / 16.794      ms
[30.181s][info][gc,stats    ]    Subphase: Concurrent Mark Try Terminate                 0.657 / 16.548        1.994 / 16.548        1.994 / 16.548        1.994 / 16.548      ms
[30.181s][info][gc,stats    ]    Subphase: Concurrent References Enqueue                 0.001 / 0.002         0.001 / 0.015         0.001 / 0.015         0.001 / 0.015       ms
[30.181s][info][gc,stats    ]    Subphase: Concurrent References Process                 0.093 / 0.164         0.074 / 0.207         0.074 / 0.207         0.074 / 0.207       ms
[30.181s][info][gc,stats    ]    Subphase: Concurrent Roots ClassLoaderDataGraph         0.076 / 0.141         0.066 / 0.272         0.066 / 0.272         0.066 / 0.272       ms
[30.181s][info][gc,stats    ]    Subphase: Concurrent Roots CodeCache                    0.000 / 0.000         0.000 / 0.000         0.000 / 0.000         0.000 / 0.000       ms
[30.181s][info][gc,stats    ]    Subphase: Concurrent Roots JavaThreads                  0.649 / 1.335         0.621 / 2.698         0.621 / 2.698         0.621 / 2.698       ms
[30.181s][info][gc,stats    ]    Subphase: Concurrent Roots OopStorageSet                0.034 / 0.063         0.026 / 0.063         0.026 / 0.063         0.026 / 0.063       ms
[30.181s][info][gc,stats    ]    Subphase: Concurrent Weak Roots OopStorageSet           0.194 / 0.335         0.169 / 0.359         0.169 / 0.359         0.169 / 0.359       ms
[30.181s][info][gc,stats    ]    Subphase: Pause Mark Try Complete                       0.000 / 0.000         0.000 / 0.000         0.000 / 0.000         0.000 / 0.000       ms
[30.182s][info][gc,stats    ]      System: Java Threads                                     23 / 23               22 / 23               22 / 23               22 / 23          threads
[30.182s][info][gc,stats    ] =========================================================================================================================================================
[30.350s][info][gc,phases   ] GC(51) Concurrent Mark 168.683ms
[30.350s][info][gc,phases   ] GC(51) Pause Mark End 0.015ms
[30.350s][info][gc,phases   ] GC(51) Concurrent Mark Free 0.001ms
[30.354s][info][gc,phases   ] GC(51) Concurrent Process Non-Strong References 3.989ms
[30.354s][info][gc,phases   ] GC(51) Concurrent Reset Relocation Set 0.002ms
[30.357s][info][gc,phases   ] GC(51) Concurrent Select Relocation Set 2.540ms
[30.357s][info][gc,phases   ] GC(51) Pause Relocate Start 0.010ms
[30.359s][info][gc,phases   ] GC(51) Concurrent Relocate 1.879ms
[30.359s][info][gc,load     ] GC(51) Load: 0.00/0.00/0.00
[30.359s][info][gc,mmu      ] GC(51) MMU: 2ms/98.0%, 5ms/99.2%, 10ms/99.5%, 20ms/99.7%, 50ms/99.9%, 100ms/99.9%
[30.359s][info][gc,marking  ] GC(51) Mark: 1 stripe(s), 2 proactive flush(es), 1 terminate flush(es), 0 completion(s), 0 continuation(s) 
[30.359s][info][gc,marking  ] GC(51) Mark Stack Usage: 32M
[30.359s][info][gc,nmethod  ] GC(51) NMethods: 1335 registered, 25 unregistered
[30.359s][info][gc,metaspace] GC(51) Metaspace: 11M used, 11M committed, 1088M reserved
[30.359s][info][gc,ref      ] GC(51) Soft: 197 encountered, 0 discovered, 0 enqueued
[30.359s][info][gc,ref      ] GC(51) Weak: 695 encountered, 187 discovered, 0 enqueued
[30.359s][info][gc,ref      ] GC(51) Final: 0 encountered, 0 discovered, 0 enqueued
[30.359s][info][gc,ref      ] GC(51) Phantom: 36 encountered, 21 discovered, 0 enqueued
[30.359s][info][gc,reloc    ] GC(51) Small Pages: 1179 / 2358M, Empty: 2208M, Relocated: 3M, In-Place: 0
[30.359s][info][gc,reloc    ] GC(51) Medium Pages: 13 / 416M, Empty: 416M, Relocated: 0M, In-Place: 0
[30.359s][info][gc,reloc    ] GC(51) Large Pages: 1 / 6M, Empty: 0M, Relocated: 0M, In-Place: 0
[30.359s][info][gc,reloc    ] GC(51) Forwarding Usage: 0M
[30.359s][info][gc,heap     ] GC(51) Min Capacity: 4096M(100%)
[30.359s][info][gc,heap     ] GC(51) Max Capacity: 4096M(100%)
[30.359s][info][gc,heap     ] GC(51) Soft Max Capacity: 4096M(100%)
[30.359s][info][gc,heap     ] GC(51)                Mark Start          Mark End        Relocate Start      Relocate End           High               Low         
[30.359s][info][gc,heap     ] GC(51)  Capacity:     4096M (100%)       4096M (100%)       4096M (100%)       4096M (100%)       4096M (100%)       4096M (100%)   
[30.359s][info][gc,heap     ] GC(51)      Free:     1316M (32%)         610M (15%)        3180M (78%)        3236M (79%)        3236M (79%)         556M (14%)    
[30.359s][info][gc,heap     ] GC(51)      Used:     2780M (68%)        3486M (85%)         916M (22%)         860M (21%)        3540M (86%)         860M (21%)    
[30.359s][info][gc,heap     ] GC(51)      Live:         -                98M (2%)           98M (2%)           98M (2%)             -                  -          
[30.359s][info][gc,heap     ] GC(51) Allocated:         -               706M (17%)         760M (19%)         759M (19%)            -                  -          
[30.359s][info][gc,heap     ] GC(51)   Garbage:         -              2681M (65%)          57M (1%)            1M (0%)             -                  -          
[30.359s][info][gc,heap     ] GC(51) Reclaimed:         -                  -              2624M (64%)        2679M (65%)            -                  -          
[30.359s][info][gc          ] GC(51) Garbage Collection (Allocation Rate) 2780M(68%)->860M(21%)
[30.777s][info][gc,start    ] GC(52) Garbage Collection (Allocation Rate)
[30.777s][info][gc,task     ] GC(52) Using 1 workers
[30.777s][info][gc,phases   ] GC(52) Pause Mark Start 0.005ms
[30.993s][info][gc,phases   ] GC(52) Concurrent Mark 215.891ms
[30.994s][info][gc,phases   ] GC(52) Pause Mark End 0.015ms
[30.994s][info][gc,phases   ] GC(52) Concurrent Mark Free 0.001ms
[31.013s][info][gc,phases   ] GC(52) Concurrent Process Non-Strong References 19.153ms
[31.013s][info][gc,phases   ] GC(52) Concurrent Reset Relocation Set 0.006ms
[31.017s][info][gc,phases   ] GC(52) Concurrent Select Relocation Set 3.701ms
[31.017s][info][gc,phases   ] GC(52) Pause Relocate Start 0.016ms
[31.019s][info][gc,phases   ] GC(52) Concurrent Relocate 1.607ms
[31.019s][info][gc,load     ] GC(52) Load: 0.00/0.00/0.00
[31.019s][info][gc,mmu      ] GC(52) MMU: 2ms/98.0%, 5ms/99.2%, 10ms/99.5%, 20ms/99.7%, 50ms/99.9%, 100ms/99.9%
[31.019s][info][gc,marking  ] GC(52) Mark: 1 stripe(s), 2 proactive flush(es), 1 terminate flush(es), 0 completion(s), 0 continuation(s) 
[31.019s][info][gc,marking  ] GC(52) Mark Stack Usage: 32M
[31.019s][info][gc,nmethod  ] GC(52) NMethods: 1336 registered, 25 unregistered
[31.019s][info][gc,metaspace] GC(52) Metaspace: 11M used, 11M committed, 1088M reserved
[31.019s][info][gc,ref      ] GC(52) Soft: 197 encountered, 0 discovered, 0 enqueued
[31.019s][info][gc,ref      ] GC(52) Weak: 695 encountered, 187 discovered, 0 enqueued
[31.019s][info][gc,ref      ] GC(52) Final: 0 encountered, 0 discovered, 0 enqueued
[31.019s][info][gc,ref      ] GC(52) Phantom: 36 encountered, 21 discovered, 0 enqueued
[31.019s][info][gc,reloc    ] GC(52) Small Pages: 1187 / 2374M, Empty: 2250M, Relocated: 0M, In-Place: 0
[31.019s][info][gc,reloc    ] GC(52) Medium Pages: 12 / 384M, Empty: 352M, Relocated: 0M, In-Place: 0
[31.019s][info][gc,reloc    ] GC(52) Large Pages: 1 / 6M, Empty: 0M, Relocated: 0M, In-Place: 0
[31.019s][info][gc,reloc    ] GC(52) Forwarding Usage: 0M
[31.019s][info][gc,heap     ] GC(52) Min Capacity: 4096M(100%)
[31.019s][info][gc,heap     ] GC(52) Max Capacity: 4096M(100%)
[31.019s][info][gc,heap     ] GC(52) Soft Max Capacity: 4096M(100%)
[31.019s][info][gc,heap     ] GC(52)                Mark Start          Mark End        Relocate Start      Relocate End           High               Low         
[31.019s][info][gc,heap     ] GC(52)  Capacity:     4096M (100%)       4096M (100%)       4096M (100%)       4096M (100%)       4096M (100%)       4096M (100%)   
[31.019s][info][gc,heap     ] GC(52)      Free:     1332M (33%)         438M (11%)        2918M (71%)        2942M (72%)        2948M (72%)         334M (8%)     
[31.019s][info][gc,heap     ] GC(52)      Used:     2764M (67%)        3658M (89%)        1178M (29%)        1154M (28%)        3762M (92%)        1148M (28%)    
[31.019s][info][gc,heap     ] GC(52)      Live:         -                99M (2%)           99M (2%)           99M (2%)             -                  -          
[31.019s][info][gc,heap     ] GC(52) Allocated:         -               894M (22%)        1016M (25%)        1023M (25%)            -                  -          
[31.019s][info][gc,heap     ] GC(52)   Garbage:         -              2664M (65%)          62M (2%)           30M (1%)             -                  -          
[31.019s][info][gc,heap     ] GC(52) Reclaimed:         -                  -              2602M (64%)        2633M (64%)            -                  -          
[31.019s][info][gc          ] GC(52) Garbage Collection (Allocation Rate) 2764M(67%)->1154M(28%)
[31.279s][info][gc,start    ] GC(53) Garbage Collection (Allocation Rate)
[31.279s][info][gc,task     ] GC(53) Using 1 workers
[31.280s][info][gc,phases   ] GC(53) Pause Mark Start 0.007ms
[31.502s][info][gc,phases   ] GC(53) Concurrent Mark 222.688ms
[31.502s][info][gc,phases   ] GC(53) Pause Mark End 0.017ms
[31.502s][info][gc,phases   ] GC(53) Concurrent Mark Free 0.001ms
[31.506s][info][gc,phases   ] GC(53) Concurrent Process Non-Strong References 3.467ms
[31.506s][info][gc,phases   ] GC(53) Concurrent Reset Relocation Set 0.002ms
[31.508s][info][gc,phases   ] GC(53) Concurrent Select Relocation Set 2.015ms
[31.508s][info][gc,phases   ] GC(53) Pause Relocate Start 0.010ms
[31.510s][info][gc,phases   ] GC(53) Concurrent Relocate 1.469ms
[31.510s][info][gc,load     ] GC(53) Load: 0.00/0.00/0.00
[31.510s][info][gc,mmu      ] GC(53) MMU: 2ms/98.0%, 5ms/99.2%, 10ms/99.5%, 20ms/99.7%, 50ms/99.9%, 100ms/99.9%
[31.510s][info][gc,marking  ] GC(53) Mark: 1 stripe(s), 2 proactive flush(es), 1 terminate flush(es), 0 completion(s), 0 continuation(s) 
[31.510s][info][gc,marking  ] GC(53) Mark Stack Usage: 32M
[31.510s][info][gc,nmethod  ] GC(53) NMethods: 1335 registered, 26 unregistered
[31.510s][info][gc,metaspace] GC(53) Metaspace: 11M used, 11M committed, 1088M reserved
[31.510s][info][gc,ref      ] GC(53) Soft: 197 encountered, 0 discovered, 0 enqueued
[31.510s][info][gc,ref      ] GC(53) Weak: 695 encountered, 187 discovered, 0 enqueued
[31.510s][info][gc,ref      ] GC(53) Final: 0 encountered, 0 discovered, 0 enqueued
[31.510s][info][gc,ref      ] GC(53) Phantom: 36 encountered, 21 discovered, 0 enqueued
[31.510s][info][gc,reloc    ] GC(53) Small Pages: 955 / 1910M, Empty: 1782M, Relocated: 0M, In-Place: 0
[31.510s][info][gc,reloc    ] GC(53) Medium Pages: 10 / 320M, Empty: 288M, Relocated: 0M, In-Place: 0
[31.510s][info][gc,reloc    ] GC(53) Large Pages: 1 / 6M, Empty: 0M, Relocated: 0M, In-Place: 0
[31.510s][info][gc,reloc    ] GC(53) Forwarding Usage: 0M
[31.510s][info][gc,heap     ] GC(53) Min Capacity: 4096M(100%)
[31.510s][info][gc,heap     ] GC(53) Max Capacity: 4096M(100%)
[31.510s][info][gc,heap     ] GC(53) Soft Max Capacity: 4096M(100%)
[31.510s][info][gc,heap     ] GC(53)                Mark Start          Mark End        Relocate Start      Relocate End           High               Low         
[31.510s][info][gc,heap     ] GC(53)  Capacity:     4096M (100%)       4096M (100%)       4096M (100%)       4096M (100%)       4096M (100%)       4096M (100%)   
[31.510s][info][gc,heap     ] GC(53)      Free:     1860M (45%)         986M (24%)        3056M (75%)        3092M (75%)        3092M (75%)         986M (24%)    
[31.510s][info][gc,heap     ] GC(53)      Used:     2236M (55%)        3110M (76%)        1040M (25%)        1004M (25%)        3110M (76%)        1004M (25%)    
[31.510s][info][gc,heap     ] GC(53)      Live:         -                99M (2%)           99M (2%)           99M (2%)             -                  -          
[31.510s][info][gc,heap     ] GC(53) Allocated:         -               874M (21%)         874M (21%)         873M (21%)            -                  -          
[31.510s][info][gc,heap     ] GC(53)   Garbage:         -              2136M (52%)          66M (2%)           30M (1%)             -                  -          
[31.510s][info][gc,heap     ] GC(53) Reclaimed:         -                  -              2070M (51%)        2105M (51%)            -                  -          
[31.510s][info][gc          ] GC(53) Garbage Collection (Allocation Rate) 2236M(55%)->1004M(25%)
[31.782s][info][gc,start    ] GC(54) Garbage Collection (Allocation Rate)
[31.782s][info][gc,task     ] GC(54) Using 1 workers
[31.782s][info][gc,phases   ] GC(54) Pause Mark Start 0.009ms
[31.951s][info][gc,phases   ] GC(54) Concurrent Mark 168.703ms
[31.951s][info][gc,phases   ] GC(54) Pause Mark End 0.025ms
[31.951s][info][gc,phases   ] GC(54) Concurrent Mark Free 0.002ms
[31.955s][info][gc,phases   ] GC(54) Concurrent Process Non-Strong References 3.390ms
[31.955s][info][gc,phases   ] GC(54) Concurrent Reset Relocation Set 0.003ms
[31.958s][info][gc,phases   ] GC(54) Concurrent Select Relocation Set 2.802ms
[31.958s][info][gc,phases   ] GC(54) Pause Relocate Start 0.012ms
[31.960s][info][gc,phases   ] GC(54) Concurrent Relocate 1.878ms
[31.960s][info][gc,load     ] GC(54) Load: 0.00/0.00/0.00
[31.960s][info][gc,mmu      ] GC(54) MMU: 2ms/98.0%, 5ms/99.2%, 10ms/99.5%, 20ms/99.7%, 50ms/99.9%, 100ms/99.9%
[31.960s][info][gc,marking  ] GC(54) Mark: 1 stripe(s), 2 proactive flush(es), 1 terminate flush(es), 0 completion(s), 0 continuation(s) 
[31.960s][info][gc,marking  ] GC(54) Mark Stack Usage: 32M
[31.960s][info][gc,nmethod  ] GC(54) NMethods: 1335 registered, 26 unregistered
[31.960s][info][gc,metaspace] GC(54) Metaspace: 11M used, 11M committed, 1088M reserved
[31.960s][info][gc,ref      ] GC(54) Soft: 197 encountered, 0 discovered, 0 enqueued
[31.960s][info][gc,ref      ] GC(54) Weak: 695 encountered, 554 discovered, 0 enqueued
[31.960s][info][gc,ref      ] GC(54) Final: 0 encountered, 0 discovered, 0 enqueued
[31.960s][info][gc,ref      ] GC(54) Phantom: 36 encountered, 17 discovered, 0 enqueued
[31.960s][info][gc,reloc    ] GC(54) Small Pages: 955 / 1910M, Empty: 1796M, Relocated: 0M, In-Place: 0
[31.960s][info][gc,reloc    ] GC(54) Medium Pages: 11 / 352M, Empty: 288M, Relocated: 3M, In-Place: 0
[31.960s][info][gc,reloc    ] GC(54) Large Pages: 1 / 6M, Empty: 0M, Relocated: 0M, In-Place: 0
[31.960s][info][gc,reloc    ] GC(54) Forwarding Usage: 0M
[31.960s][info][gc,heap     ] GC(54) Min Capacity: 4096M(100%)
[31.960s][info][gc,heap     ] GC(54) Max Capacity: 4096M(100%)
[31.960s][info][gc,heap     ] GC(54) Soft Max Capacity: 4096M(100%)
[31.960s][info][gc,heap     ] GC(54)                Mark Start          Mark End        Relocate Start      Relocate End           High               Low         
[31.960s][info][gc,heap     ] GC(54)  Capacity:     4096M (100%)       4096M (100%)       4096M (100%)       4096M (100%)       4096M (100%)       4096M (100%)   
[31.960s][info][gc,heap     ] GC(54)      Free:     1828M (45%)        1166M (28%)        3232M (79%)        3286M (80%)        3286M (80%)        1148M (28%)    
[31.960s][info][gc,heap     ] GC(54)      Used:     2268M (55%)        2930M (72%)         864M (21%)         810M (20%)        2948M (72%)         810M (20%)    
[31.960s][info][gc,heap     ] GC(54)      Live:         -                99M (2%)           99M (2%)           99M (2%)             -                  -          
[31.960s][info][gc,heap     ] GC(54) Allocated:         -               662M (16%)         680M (17%)         679M (17%)            -                  -          
[31.960s][info][gc,heap     ] GC(54)   Garbage:         -              2168M (53%)          84M (2%)           30M (1%)             -                  -          
[31.960s][info][gc,heap     ] GC(54) Reclaimed:         -                  -              2084M (51%)        2137M (52%)            -                  -          
[31.960s][info][gc          ] GC(54) Garbage Collection (Allocation Rate) 2268M(55%)->810M(20%)
[32.379s][info][gc,start    ] GC(55) Garbage Collection (Allocation Rate)
[32.379s][info][gc,task     ] GC(55) Using 1 workers
[32.379s][info][gc,phases   ] GC(55) Pause Mark Start 0.005ms
[32.604s][info][gc,phases   ] GC(55) Concurrent Mark 224.745ms
[32.604s][info][gc,phases   ] GC(55) Pause Mark End 0.017ms
[32.604s][info][gc,phases   ] GC(55) Concurrent Mark Free 0.002ms
[32.614s][info][gc,phases   ] GC(55) Concurrent Process Non-Strong References 10.326ms
[32.614s][info][gc,phases   ] GC(55) Concurrent Reset Relocation Set 0.005ms
[32.617s][info][gc,phases   ] GC(55) Concurrent Select Relocation Set 2.632ms
[32.617s][info][gc,phases   ] GC(55) Pause Relocate Start 0.014ms
[32.620s][info][gc,phases   ] GC(55) Concurrent Relocate 2.179ms
[32.620s][info][gc,load     ] GC(55) Load: 0.00/0.00/0.00
[32.620s][info][gc,mmu      ] GC(55) MMU: 2ms/98.0%, 5ms/99.2%, 10ms/99.5%, 20ms/99.7%, 50ms/99.9%, 100ms/99.9%
[32.620s][info][gc,marking  ] GC(55) Mark: 1 stripe(s), 2 proactive flush(es), 1 terminate flush(es), 0 completion(s), 0 continuation(s) 
[32.620s][info][gc,marking  ] GC(55) Mark Stack Usage: 32M
[32.620s][info][gc,nmethod  ] GC(55) NMethods: 1335 registered, 27 unregistered
[32.620s][info][gc,metaspace] GC(55) Metaspace: 11M used, 11M committed, 1088M reserved
[32.620s][info][gc,ref      ] GC(55) Soft: 197 encountered, 0 discovered, 0 enqueued
[32.620s][info][gc,ref      ] GC(55) Weak: 695 encountered, 187 discovered, 0 enqueued
[32.620s][info][gc,ref      ] GC(55) Final: 0 encountered, 0 discovered, 0 enqueued
[32.620s][info][gc,ref      ] GC(55) Phantom: 36 encountered, 21 discovered, 0 enqueued
[32.620s][info][gc,reloc    ] GC(55) Small Pages: 1163 / 2326M, Empty: 2192M, Relocated: 0M, In-Place: 0
[32.620s][info][gc,reloc    ] GC(55) Medium Pages: 13 / 416M, Empty: 352M, Relocated: 3M, In-Place: 0
[32.620s][info][gc,reloc    ] GC(55) Large Pages: 1 / 6M, Empty: 0M, Relocated: 0M, In-Place: 0
[32.620s][info][gc,reloc    ] GC(55) Forwarding Usage: 0M
[32.620s][info][gc,heap     ] GC(55) Min Capacity: 4096M(100%)
[32.620s][info][gc,heap     ] GC(55) Max Capacity: 4096M(100%)
[32.620s][info][gc,heap     ] GC(55) Soft Max Capacity: 4096M(100%)
[32.620s][info][gc,heap     ] GC(55)                Mark Start          Mark End        Relocate Start      Relocate End           High               Low         
[32.620s][info][gc,heap     ] GC(55)  Capacity:     4096M (100%)       4096M (100%)       4096M (100%)       4096M (100%)       4096M (100%)       4096M (100%)   
[32.620s][info][gc,heap     ] GC(55)      Free:     1348M (33%)         458M (11%)        2902M (71%)        2976M (73%)        2976M (73%)         390M (10%)    
[32.620s][info][gc,heap     ] GC(55)      Used:     2748M (67%)        3638M (89%)        1194M (29%)        1120M (27%)        3706M (90%)        1120M (27%)    
[32.620s][info][gc,heap     ] GC(55)      Live:         -                99M (2%)           99M (2%)           99M (2%)             -                  -          
[32.620s][info][gc,heap     ] GC(55) Allocated:         -               890M (22%)         990M (24%)         989M (24%)            -                  -          
[32.620s][info][gc,heap     ] GC(55)   Garbage:         -              2648M (65%)         104M (3%)           30M (1%)             -                  -          
[32.620s][info][gc,heap     ] GC(55) Reclaimed:         -                  -              2544M (62%)        2617M (64%)            -                  -          
[32.620s][info][gc          ] GC(55) Garbage Collection (Allocation Rate) 2748M(67%)->1120M(27%)
[32.881s][info][gc,start    ] GC(56) Garbage Collection (Allocation Rate)
[32.881s][info][gc,task     ] GC(56) Using 1 workers
[32.881s][info][gc,phases   ] GC(56) Pause Mark Start 0.012ms
[33.036s][info][gc,phases   ] GC(56) Concurrent Mark 155.113ms
[33.037s][info][gc,phases   ] GC(56) Pause Mark End 0.020ms
[33.037s][info][gc,phases   ] GC(56) Concurrent Mark Free 0.002ms
[33.040s][info][gc,phases   ] GC(56) Concurrent Process Non-Strong References 3.631ms
[33.040s][info][gc,phases   ] GC(56) Concurrent Reset Relocation Set 0.004ms
[33.043s][info][gc,phases   ] GC(56) Concurrent Select Relocation Set 2.850ms
[33.043s][info][gc,phases   ] GC(56) Pause Relocate Start 0.010ms
[33.044s][info][gc,phases   ] GC(56) Concurrent Relocate 0.466ms
[33.044s][info][gc,load     ] GC(56) Load: 0.00/0.00/0.00
[33.044s][info][gc,mmu      ] GC(56) MMU: 2ms/98.0%, 5ms/99.2%, 10ms/99.5%, 20ms/99.7%, 50ms/99.9%, 100ms/99.9%
[33.044s][info][gc,marking  ] GC(56) Mark: 1 stripe(s), 2 proactive flush(es), 1 terminate flush(es), 0 completion(s), 0 continuation(s) 
[33.044s][info][gc,marking  ] GC(56) Mark Stack Usage: 32M
[33.044s][info][gc,nmethod  ] GC(56) NMethods: 1335 registered, 27 unregistered
[33.044s][info][gc,metaspace] GC(56) Metaspace: 11M used, 11M committed, 1088M reserved
[33.044s][info][gc,ref      ] GC(56) Soft: 197 encountered, 0 discovered, 0 enqueued
[33.044s][info][gc,ref      ] GC(56) Weak: 695 encountered, 187 discovered, 0 enqueued
[33.044s][info][gc,ref      ] GC(56) Final: 0 encountered, 0 discovered, 0 enqueued
[33.044s][info][gc,ref      ] GC(56) Phantom: 36 encountered, 21 discovered, 0 enqueued
[33.044s][info][gc,reloc    ] GC(56) Small Pages: 969 / 1938M, Empty: 1806M, Relocated: 1M, In-Place: 0
[33.044s][info][gc,reloc    ] GC(56) Medium Pages: 11 / 352M, Empty: 352M, Relocated: 0M, In-Place: 0
[33.044s][info][gc,reloc    ] GC(56) Large Pages: 1 / 6M, Empty: 0M, Relocated: 0M, In-Place: 0
[33.044s][info][gc,reloc    ] GC(56) Forwarding Usage: 0M
[33.044s][info][gc,heap     ] GC(56) Min Capacity: 4096M(100%)
[33.044s][info][gc,heap     ] GC(56) Max Capacity: 4096M(100%)
[33.044s][info][gc,heap     ] GC(56) Soft Max Capacity: 4096M(100%)
[33.044s][info][gc,heap     ] GC(56)                Mark Start          Mark End        Relocate Start      Relocate End           High               Low         
[33.044s][info][gc,heap     ] GC(56)  Capacity:     4096M (100%)       4096M (100%)       4096M (100%)       4096M (100%)       4096M (100%)       4096M (100%)   
[33.044s][info][gc,heap     ] GC(56)      Free:     1800M (44%)        1164M (28%)        3306M (81%)        3344M (82%)        3344M (82%)        1148M (28%)    
[33.044s][info][gc,heap     ] GC(56)      Used:     2296M (56%)        2932M (72%)         790M (19%)         752M (18%)        2948M (72%)         752M (18%)    
[33.044s][info][gc,heap     ] GC(56)      Live:         -                97M (2%)           97M (2%)           97M (2%)             -                  -          
[33.044s][info][gc,heap     ] GC(56) Allocated:         -               636M (16%)         652M (16%)         651M (16%)            -                  -          
[33.044s][info][gc,heap     ] GC(56)   Garbage:         -              2198M (54%)          40M (1%)            2M (0%)             -                  -          
[33.044s][info][gc,heap     ] GC(56) Reclaimed:         -                  -              2158M (53%)        2195M (54%)            -                  -          
[33.044s][info][gc          ] GC(56) Garbage Collection (Allocation Rate) 2296M(56%)->752M(18%)
[33.383s][info][gc,start    ] GC(57) Garbage Collection (Allocation Rate)
[33.383s][info][gc,task     ] GC(57) Using 1 workers
[33.384s][info][gc,phases   ] GC(57) Pause Mark Start 0.011ms
[33.516s][info][gc,phases   ] GC(57) Concurrent Mark 131.979ms
[33.516s][info][gc,phases   ] GC(57) Pause Mark End 0.016ms
[33.516s][info][gc,phases   ] GC(57) Concurrent Mark Free 0.002ms
[33.519s][info][gc,phases   ] GC(57) Concurrent Process Non-Strong References 2.576ms
[33.519s][info][gc,phases   ] GC(57) Concurrent Reset Relocation Set 0.002ms
[33.521s][info][gc,phases   ] GC(57) Concurrent Select Relocation Set 2.081ms
[33.521s][info][gc,phases   ] GC(57) Pause Relocate Start 0.007ms
[33.524s][info][gc,phases   ] GC(57) Concurrent Relocate 2.895ms
[33.524s][info][gc,load     ] GC(57) Load: 0.00/0.00/0.00
[33.524s][info][gc,mmu      ] GC(57) MMU: 2ms/98.0%, 5ms/99.2%, 10ms/99.5%, 20ms/99.7%, 50ms/99.9%, 100ms/99.9%
[33.524s][info][gc,marking  ] GC(57) Mark: 1 stripe(s), 2 proactive flush(es), 1 terminate flush(es), 0 completion(s), 0 continuation(s) 
[33.524s][info][gc,marking  ] GC(57) Mark Stack Usage: 32M
[33.524s][info][gc,nmethod  ] GC(57) NMethods: 1338 registered, 27 unregistered
[33.524s][info][gc,metaspace] GC(57) Metaspace: 11M used, 11M committed, 1088M reserved
[33.524s][info][gc,ref      ] GC(57) Soft: 197 encountered, 0 discovered, 0 enqueued
[33.524s][info][gc,ref      ] GC(57) Weak: 695 encountered, 187 discovered, 0 enqueued
[33.524s][info][gc,ref      ] GC(57) Final: 0 encountered, 0 discovered, 0 enqueued
[33.524s][info][gc,ref      ] GC(57) Phantom: 36 encountered, 21 discovered, 0 enqueued
[33.524s][info][gc,reloc    ] GC(57) Small Pages: 990 / 1980M, Empty: 1860M, Relocated: 3M, In-Place: 0
[33.524s][info][gc,reloc    ] GC(57) Medium Pages: 10 / 320M, Empty: 320M, Relocated: 0M, In-Place: 0
[33.524s][info][gc,reloc    ] GC(57) Large Pages: 1 / 6M, Empty: 0M, Relocated: 0M, In-Place: 0
[33.524s][info][gc,reloc    ] GC(57) Forwarding Usage: 1M
[33.524s][info][gc,heap     ] GC(57) Min Capacity: 4096M(100%)
[33.524s][info][gc,heap     ] GC(57) Max Capacity: 4096M(100%)
[33.524s][info][gc,heap     ] GC(57) Soft Max Capacity: 4096M(100%)
[33.524s][info][gc,heap     ] GC(57)                Mark Start          Mark End        Relocate Start      Relocate End           High               Low         
[33.524s][info][gc,heap     ] GC(57)  Capacity:     4096M (100%)       4096M (100%)       4096M (100%)       4096M (100%)       4096M (100%)       4096M (100%)   
[33.524s][info][gc,heap     ] GC(57)      Free:     1790M (44%)        1600M (39%)        3780M (92%)        3808M (93%)        3808M (93%)        1600M (39%)    
[33.524s][info][gc,heap     ] GC(57)      Used:     2306M (56%)        2496M (61%)         316M (8%)          288M (7%)         2496M (61%)         288M (7%)     
[33.524s][info][gc,heap     ] GC(57)      Live:         -                96M (2%)           96M (2%)           96M (2%)             -                  -          
[33.524s][info][gc,heap     ] GC(57) Allocated:         -               190M (5%)          190M (5%)          190M (5%)             -                  -          
[33.524s][info][gc,heap     ] GC(57)   Garbage:         -              2209M (54%)          29M (1%)            1M (0%)             -                  -          
[33.524s][info][gc,heap     ] GC(57) Reclaimed:         -                  -              2180M (53%)        2208M (54%)            -                  -          
[33.524s][info][gc          ] GC(57) Garbage Collection (Allocation Rate) 2306M(56%)->288M(7%)
[33.524s][info][gc,start    ] GC(58) Garbage Collection (System.gc())
[33.524s][info][gc,task     ] GC(58) Using 2 workers
[33.525s][info][gc,phases   ] GC(58) Pause Mark Start 0.011ms
[33.588s][info][gc,phases   ] GC(58) Concurrent Mark 62.869ms
[33.588s][info][gc,phases   ] GC(58) Pause Mark End 0.025ms
[33.588s][info][gc,phases   ] GC(58) Concurrent Mark Free 0.004ms
[33.591s][info][gc,phases   ] GC(58) Concurrent Process Non-Strong References 2.620ms
[33.591s][info][gc,phases   ] GC(58) Concurrent Reset Relocation Set 0.002ms
[33.592s][info][gc,phases   ] GC(58) Concurrent Select Relocation Set 1.413ms
[33.592s][info][gc,phases   ] GC(58) Pause Relocate Start 0.005ms
[33.593s][info][gc,phases   ] GC(58) Concurrent Relocate 0.659ms
[33.593s][info][gc,load     ] GC(58) Load: 0.00/0.00/0.00
[33.593s][info][gc,mmu      ] GC(58) MMU: 2ms/98.0%, 5ms/99.2%, 10ms/99.5%, 20ms/99.7%, 50ms/99.9%, 100ms/99.9%
[33.593s][info][gc,marking  ] GC(58) Mark: 2 stripe(s), 1 proactive flush(es), 1 terminate flush(es), 0 completion(s), 0 continuation(s) 
[33.593s][info][gc,marking  ] GC(58) Mark Stack Usage: 32M
[33.593s][info][gc,nmethod  ] GC(58) NMethods: 1337 registered, 28 unregistered
[33.593s][info][gc,metaspace] GC(58) Metaspace: 11M used, 11M committed, 1088M reserved
[33.593s][info][gc,ref      ] GC(58) Soft: 197 encountered, 0 discovered, 0 enqueued
[33.593s][info][gc,ref      ] GC(58) Weak: 695 encountered, 44 discovered, 0 enqueued
[33.593s][info][gc,ref      ] GC(58) Final: 0 encountered, 0 discovered, 0 enqueued
[33.593s][info][gc,ref      ] GC(58) Phantom: 36 encountered, 16 discovered, 0 enqueued
[33.593s][info][gc,reloc    ] GC(58) Small Pages: 125 / 250M, Empty: 156M, Relocated: 1M, In-Place: 0
[33.593s][info][gc,reloc    ] GC(58) Medium Pages: 1 / 32M, Empty: 32M, Relocated: 0M, In-Place: 0
[33.593s][info][gc,reloc    ] GC(58) Large Pages: 1 / 6M, Empty: 0M, Relocated: 0M, In-Place: 0
[33.593s][info][gc,reloc    ] GC(58) Forwarding Usage: 0M
[33.593s][info][gc,heap     ] GC(58) Min Capacity: 4096M(100%)
[33.593s][info][gc,heap     ] GC(58) Max Capacity: 4096M(100%)
[33.593s][info][gc,heap     ] GC(58) Soft Max Capacity: 4096M(100%)
[33.593s][info][gc,heap     ] GC(58)                Mark Start          Mark End        Relocate Start      Relocate End           High               Low         
[33.593s][info][gc,heap     ] GC(58)  Capacity:     4096M (100%)       4096M (100%)       4096M (100%)       4096M (100%)       4096M (100%)       4096M (100%)   
[33.593s][info][gc,heap     ] GC(58)      Free:     3808M (93%)        3808M (93%)        3996M (98%)        3996M (98%)        3996M (98%)        3808M (93%)    
[33.593s][info][gc,heap     ] GC(58)      Used:      288M (7%)          288M (7%)          100M (2%)          100M (2%)          288M (7%)          100M (2%)     
[33.593s][info][gc,heap     ] GC(58)      Live:         -                95M (2%)           95M (2%)           95M (2%)             -                  -          
[33.593s][info][gc,heap     ] GC(58) Allocated:         -                 0M (0%)            0M (0%)            0M (0%)             -                  -          
[33.593s][info][gc,heap     ] GC(58)   Garbage:         -               192M (5%)            4M (0%)            4M (0%)             -                  -          
[33.593s][info][gc,heap     ] GC(58) Reclaimed:         -                  -               188M (5%)          188M (5%)             -                  -          
[33.593s][info][gc          ] GC(58) Garbage Collection (System.gc()) 288M(7%)->100M(2%)
[34.185s][info][gc,start    ] GC(59) Garbage Collection (Allocation Rate)
[34.185s][info][gc,task     ] GC(59) Using 1 workers
[34.185s][info][gc,phases   ] GC(59) Pause Mark Start 0.009ms
[34.324s][info][gc,phases   ] GC(59) Concurrent Mark 139.027ms
[34.324s][info][gc,phases   ] GC(59) Pause Mark End 0.015ms
[34.324s][info][gc,phases   ] GC(59) Concurrent Mark Free 0.001ms
[34.335s][info][gc,phases   ] GC(59) Concurrent Process Non-Strong References 11.174ms
[34.336s][info][gc,phases   ] GC(59) Concurrent Reset Relocation Set 0.002ms
[34.339s][info][gc,phases   ] GC(59) Concurrent Select Relocation Set 3.056ms
[34.339s][info][gc,phases   ] GC(59) Pause Relocate Start 0.011ms
[34.341s][info][gc,phases   ] GC(59) Concurrent Relocate 2.151ms
[34.341s][info][gc,load     ] GC(59) Load: 0.00/0.00/0.00
[34.341s][info][gc,mmu      ] GC(59) MMU: 2ms/98.0%, 5ms/99.2%, 10ms/99.5%, 20ms/99.7%, 50ms/99.9%, 100ms/99.9%
[34.341s][info][gc,marking  ] GC(59) Mark: 1 stripe(s), 2 proactive flush(es), 1 terminate flush(es), 0 completion(s), 0 continuation(s) 
[34.341s][info][gc,marking  ] GC(59) Mark Stack Usage: 32M
[34.341s][info][gc,nmethod  ] GC(59) NMethods: 1337 registered, 30 unregistered
[34.341s][info][gc,metaspace] GC(59) Metaspace: 11M used, 11M committed, 1088M reserved
[34.341s][info][gc,ref      ] GC(59) Soft: 197 encountered, 0 discovered, 0 enqueued
[34.341s][info][gc,ref      ] GC(59) Weak: 695 encountered, 554 discovered, 0 enqueued
[34.341s][info][gc,ref      ] GC(59) Final: 0 encountered, 0 discovered, 0 enqueued
[34.341s][info][gc,ref      ] GC(59) Phantom: 36 encountered, 17 discovered, 0 enqueued
[34.341s][info][gc,reloc    ] GC(59) Small Pages: 1239 / 2478M, Empty: 2344M, Relocated: 5M, In-Place: 0
[34.341s][info][gc,reloc    ] GC(59) Medium Pages: 12 / 384M, Empty: 384M, Relocated: 0M, In-Place: 0
[34.341s][info][gc,reloc    ] GC(59) Large Pages: 1 / 6M, Empty: 0M, Relocated: 0M, In-Place: 0
[34.341s][info][gc,reloc    ] GC(59) Forwarding Usage: 0M
[34.341s][info][gc,heap     ] GC(59) Min Capacity: 4096M(100%)
[34.341s][info][gc,heap     ] GC(59) Max Capacity: 4096M(100%)
[34.341s][info][gc,heap     ] GC(59) Soft Max Capacity: 4096M(100%)
[34.341s][info][gc,heap     ] GC(59)                Mark Start          Mark End        Relocate Start      Relocate End           High               Low         
[34.341s][info][gc,heap     ] GC(59)  Capacity:     4096M (100%)       4096M (100%)       4096M (100%)       4096M (100%)       4096M (100%)       4096M (100%)   
[34.341s][info][gc,heap     ] GC(59)      Free:     1228M (30%)         698M (17%)        3346M (82%)        3382M (83%)        3382M (83%)         628M (15%)    
[34.341s][info][gc,heap     ] GC(59)      Used:     2868M (70%)        3398M (83%)         750M (18%)         714M (17%)        3468M (85%)         714M (17%)    
[34.341s][info][gc,heap     ] GC(59)      Live:         -                99M (2%)           99M (2%)           99M (2%)             -                  -          
[34.341s][info][gc,heap     ] GC(59) Allocated:         -               530M (13%)         610M (15%)         611M (15%)            -                  -          
[34.341s][info][gc,heap     ] GC(59)   Garbage:         -              2768M (68%)          40M (1%)            2M (0%)             -                  -          
[34.341s][info][gc,heap     ] GC(59) Reclaimed:         -                  -              2728M (67%)        2765M (68%)            -                  -          
[34.341s][info][gc          ] GC(59) Garbage Collection (Allocation Rate) 2868M(70%)->714M(17%)
[34.781s][info][gc,start    ] GC(60) Garbage Collection (Allocation Rate)
[34.781s][info][gc,task     ] GC(60) Using 1 workers
[34.782s][info][gc,phases   ] GC(60) Pause Mark Start 0.013ms
[34.933s][info][gc,phases   ] GC(60) Concurrent Mark 151.715ms
[34.934s][info][gc,phases   ] GC(60) Pause Mark End 0.014ms
[34.934s][info][gc,phases   ] GC(60) Concurrent Mark Free 0.001ms
[34.938s][info][gc,phases   ] GC(60) Concurrent Process Non-Strong References 4.364ms
[34.938s][info][gc,phases   ] GC(60) Concurrent Reset Relocation Set 0.003ms
[34.940s][info][gc,phases   ] GC(60) Concurrent Select Relocation Set 2.281ms
[34.940s][info][gc,phases   ] GC(60) Pause Relocate Start 0.013ms
[34.945s][info][gc,phases   ] GC(60) Concurrent Relocate 4.449ms
[34.945s][info][gc,load     ] GC(60) Load: 0.00/0.00/0.00
[34.945s][info][gc,mmu      ] GC(60) MMU: 2ms/98.0%, 5ms/99.2%, 10ms/99.5%, 20ms/99.7%, 50ms/99.9%, 100ms/99.9%
[34.945s][info][gc,marking  ] GC(60) Mark: 1 stripe(s), 2 proactive flush(es), 1 terminate flush(es), 0 completion(s), 0 continuation(s) 
[34.945s][info][gc,marking  ] GC(60) Mark Stack Usage: 32M
[34.945s][info][gc,nmethod  ] GC(60) NMethods: 1337 registered, 30 unregistered
[34.945s][info][gc,metaspace] GC(60) Metaspace: 11M used, 11M committed, 1088M reserved
[34.945s][info][gc,ref      ] GC(60) Soft: 197 encountered, 0 discovered, 0 enqueued
[34.945s][info][gc,ref      ] GC(60) Weak: 695 encountered, 554 discovered, 0 enqueued
[34.945s][info][gc,ref      ] GC(60) Final: 0 encountered, 0 discovered, 0 enqueued
[34.945s][info][gc,ref      ] GC(60) Phantom: 36 encountered, 17 discovered, 0 enqueued
[34.945s][info][gc,reloc    ] GC(60) Small Pages: 1172 / 2344M, Empty: 2220M, Relocated: 2M, In-Place: 0
[34.945s][info][gc,reloc    ] GC(60) Medium Pages: 12 / 384M, Empty: 352M, Relocated: 0M, In-Place: 0
[34.945s][info][gc,reloc    ] GC(60) Large Pages: 1 / 6M, Empty: 0M, Relocated: 0M, In-Place: 0
[34.945s][info][gc,reloc    ] GC(60) Forwarding Usage: 1M
[34.945s][info][gc,heap     ] GC(60) Min Capacity: 4096M(100%)
[34.945s][info][gc,heap     ] GC(60) Max Capacity: 4096M(100%)
[34.945s][info][gc,heap     ] GC(60) Soft Max Capacity: 4096M(100%)
[34.945s][info][gc,heap     ] GC(60)                Mark Start          Mark End        Relocate Start      Relocate End           High               Low         
[34.945s][info][gc,heap     ] GC(60)  Capacity:     4096M (100%)       4096M (100%)       4096M (100%)       4096M (100%)       4096M (100%)       4096M (100%)   
[34.945s][info][gc,heap     ] GC(60)      Free:     1362M (33%)         764M (19%)        3334M (81%)        3348M (82%)        3364M (82%)         764M (19%)    
[34.945s][info][gc,heap     ] GC(60)      Used:     2734M (67%)        3332M (81%)         762M (19%)         748M (18%)        3332M (81%)         732M (18%)    
[34.945s][info][gc,heap     ] GC(60)      Live:         -               102M (3%)          102M (3%)          102M (3%)             -                  -          
[34.945s][info][gc,heap     ] GC(60) Allocated:         -               598M (15%)         600M (15%)         617M (15%)            -                  -          
[34.945s][info][gc,heap     ] GC(60)   Garbage:         -              2631M (64%)          59M (1%)           27M (1%)             -                  -          
[34.945s][info][gc,heap     ] GC(60) Reclaimed:         -                  -              2572M (63%)        2603M (64%)            -                  -          
[34.945s][info][gc          ] GC(60) Garbage Collection (Allocation Rate) 2734M(67%)->748M(18%)
[35.283s][info][gc,start    ] GC(61) Garbage Collection (Allocation Rate)
[35.283s][info][gc,task     ] GC(61) Using 1 workers
[35.284s][info][gc,phases   ] GC(61) Pause Mark Start 0.008ms
[35.425s][info][gc,phases   ] GC(61) Concurrent Mark 141.135ms
[35.425s][info][gc,phases   ] GC(61) Pause Mark End 0.021ms
[35.425s][info][gc,phases   ] GC(61) Concurrent Mark Free 0.001ms
[35.440s][info][gc,phases   ] GC(61) Concurrent Process Non-Strong References 15.406ms
[35.441s][info][gc,phases   ] GC(61) Concurrent Reset Relocation Set 0.005ms
[35.443s][info][gc,phases   ] GC(61) Concurrent Select Relocation Set 2.433ms
[35.443s][info][gc,phases   ] GC(61) Pause Relocate Start 0.011ms
[35.443s][info][gc,phases   ] GC(61) Concurrent Relocate 0.271ms
[35.444s][info][gc,load     ] GC(61) Load: 0.00/0.00/0.00
[35.444s][info][gc,mmu      ] GC(61) MMU: 2ms/98.0%, 5ms/99.2%, 10ms/99.5%, 20ms/99.7%, 50ms/99.9%, 100ms/99.9%
[35.444s][info][gc,marking  ] GC(61) Mark: 1 stripe(s), 2 proactive flush(es), 1 terminate flush(es), 0 completion(s), 0 continuation(s) 
[35.444s][info][gc,marking  ] GC(61) Mark Stack Usage: 32M
[35.444s][info][gc,nmethod  ] GC(61) NMethods: 1337 registered, 30 unregistered
[35.444s][info][gc,metaspace] GC(61) Metaspace: 11M used, 11M committed, 1088M reserved
[35.444s][info][gc,ref      ] GC(61) Soft: 197 encountered, 0 discovered, 0 enqueued
[35.444s][info][gc,ref      ] GC(61) Weak: 695 encountered, 554 discovered, 0 enqueued
[35.444s][info][gc,ref      ] GC(61) Final: 0 encountered, 0 discovered, 0 enqueued
[35.444s][info][gc,ref      ] GC(61) Phantom: 36 encountered, 17 discovered, 0 enqueued
[35.444s][info][gc,reloc    ] GC(61) Small Pages: 995 / 1990M, Empty: 1866M, Relocated: 1M, In-Place: 0
[35.444s][info][gc,reloc    ] GC(61) Medium Pages: 11 / 352M, Empty: 320M, Relocated: 0M, In-Place: 0
[35.444s][info][gc,reloc    ] GC(61) Large Pages: 1 / 6M, Empty: 0M, Relocated: 0M, In-Place: 0
[35.444s][info][gc,reloc    ] GC(61) Forwarding Usage: 0M
[35.444s][info][gc,heap     ] GC(61) Min Capacity: 4096M(100%)
[35.444s][info][gc,heap     ] GC(61) Max Capacity: 4096M(100%)
[35.444s][info][gc,heap     ] GC(61) Soft Max Capacity: 4096M(100%)
[35.444s][info][gc,heap     ] GC(61)                Mark Start          Mark End        Relocate Start      Relocate End           High               Low         
[35.444s][info][gc,heap     ] GC(61)  Capacity:     4096M (100%)       4096M (100%)       4096M (100%)       4096M (100%)       4096M (100%)       4096M (100%)   
[35.444s][info][gc,heap     ] GC(61)      Free:     1748M (43%)        1228M (30%)        3334M (81%)        3364M (82%)        3364M (82%)        1148M (28%)    
[35.444s][info][gc,heap     ] GC(61)      Used:     2348M (57%)        2868M (70%)         762M (19%)         732M (18%)        2948M (72%)         732M (18%)    
[35.444s][info][gc,heap     ] GC(61)      Live:         -               101M (2%)          101M (2%)          101M (2%)             -                  -          
[35.444s][info][gc,heap     ] GC(61) Allocated:         -               520M (13%)         600M (15%)         599M (15%)            -                  -          
[35.444s][info][gc,heap     ] GC(61)   Garbage:         -              2246M (55%)          60M (1%)           30M (1%)             -                  -          
[35.444s][info][gc,heap     ] GC(61) Reclaimed:         -                  -              2186M (53%)        2215M (54%)            -                  -          
[35.444s][info][gc          ] GC(61) Garbage Collection (Allocation Rate) 2348M(57%)->732M(18%)
[35.880s][info][gc,start    ] GC(62) Garbage Collection (Allocation Rate)
[35.880s][info][gc,task     ] GC(62) Using 1 workers
[35.880s][info][gc,phases   ] GC(62) Pause Mark Start 0.006ms
[36.103s][info][gc,phases   ] GC(62) Concurrent Mark 222.858ms
[36.103s][info][gc,phases   ] GC(62) Pause Mark End 0.015ms
[36.103s][info][gc,phases   ] GC(62) Concurrent Mark Free 0.002ms
[36.107s][info][gc,phases   ] GC(62) Concurrent Process Non-Strong References 3.341ms
[36.107s][info][gc,phases   ] GC(62) Concurrent Reset Relocation Set 0.003ms
[36.111s][info][gc,phases   ] GC(62) Concurrent Select Relocation Set 4.492ms
[36.111s][info][gc,phases   ] GC(62) Pause Relocate Start 0.011ms
[36.112s][info][gc,phases   ] GC(62) Concurrent Relocate 0.906ms
[36.112s][info][gc,load     ] GC(62) Load: 0.00/0.00/0.00
[36.112s][info][gc,mmu      ] GC(62) MMU: 2ms/98.0%, 5ms/99.2%, 10ms/99.5%, 20ms/99.7%, 50ms/99.9%, 100ms/99.9%
[36.112s][info][gc,marking  ] GC(62) Mark: 1 stripe(s), 2 proactive flush(es), 1 terminate flush(es), 0 completion(s), 0 continuation(s) 
[36.112s][info][gc,marking  ] GC(62) Mark Stack Usage: 32M
[36.113s][info][gc,nmethod  ] GC(62) NMethods: 1337 registered, 30 unregistered
[36.113s][info][gc,metaspace] GC(62) Metaspace: 11M used, 11M committed, 1088M reserved
[36.113s][info][gc,ref      ] GC(62) Soft: 197 encountered, 0 discovered, 0 enqueued
[36.113s][info][gc,ref      ] GC(62) Weak: 695 encountered, 187 discovered, 0 enqueued
[36.113s][info][gc,ref      ] GC(62) Final: 0 encountered, 0 discovered, 0 enqueued
[36.113s][info][gc,ref      ] GC(62) Phantom: 36 encountered, 21 discovered, 0 enqueued
[36.113s][info][gc,reloc    ] GC(62) Small Pages: 1166 / 2332M, Empty: 2206M, Relocated: 1M, In-Place: 0
[36.113s][info][gc,reloc    ] GC(62) Medium Pages: 13 / 416M, Empty: 384M, Relocated: 0M, In-Place: 0
[36.113s][info][gc,reloc    ] GC(62) Large Pages: 1 / 6M, Empty: 0M, Relocated: 0M, In-Place: 0
[36.113s][info][gc,reloc    ] GC(62) Forwarding Usage: 0M
[36.113s][info][gc,heap     ] GC(62) Min Capacity: 4096M(100%)
[36.113s][info][gc,heap     ] GC(62) Max Capacity: 4096M(100%)
[36.113s][info][gc,heap     ] GC(62) Soft Max Capacity: 4096M(100%)
[36.113s][info][gc,heap     ] GC(62)                Mark Start          Mark End        Relocate Start      Relocate End           High               Low         
[36.113s][info][gc,heap     ] GC(62)  Capacity:     4096M (100%)       4096M (100%)       4096M (100%)       4096M (100%)       4096M (100%)       4096M (100%)   
[36.113s][info][gc,heap     ] GC(62)      Free:     1342M (33%)         398M (10%)        2940M (72%)        2974M (73%)        2974M (73%)         382M (9%)     
[36.113s][info][gc,heap     ] GC(62)      Used:     2754M (67%)        3698M (90%)        1156M (28%)        1122M (27%)        3714M (91%)        1122M (27%)    
[36.113s][info][gc,heap     ] GC(62)      Live:         -                99M (2%)           99M (2%)           99M (2%)             -                  -          
[36.113s][info][gc,heap     ] GC(62) Allocated:         -               944M (23%)         992M (24%)         991M (24%)            -                  -          
[36.113s][info][gc,heap     ] GC(62)   Garbage:         -              2654M (65%)          64M (2%)           30M (1%)             -                  -          
[36.113s][info][gc,heap     ] GC(62) Reclaimed:         -                  -              2590M (63%)        2623M (64%)            -                  -          
[36.113s][info][gc          ] GC(62) Garbage Collection (Allocation Rate) 2754M(67%)->1122M(27%)
[36.383s][info][gc,start    ] GC(63) Garbage Collection (Allocation Rate)
[36.383s][info][gc,task     ] GC(63) Using 1 workers
[36.383s][info][gc,phases   ] GC(63) Pause Mark Start 0.005ms
[36.600s][info][gc,phases   ] GC(63) Concurrent Mark 216.465ms
[36.600s][info][gc,phases   ] GC(63) Pause Mark End 0.018ms
[36.600s][info][gc,phases   ] GC(63) Concurrent Mark Free 0.001ms
[36.604s][info][gc,phases   ] GC(63) Concurrent Process Non-Strong References 3.663ms
[36.604s][info][gc,phases   ] GC(63) Concurrent Reset Relocation Set 0.002ms
[36.606s][info][gc,phases   ] GC(63) Concurrent Select Relocation Set 2.002ms
[36.606s][info][gc,phases   ] GC(63) Pause Relocate Start 0.008ms
[36.607s][info][gc,phases   ] GC(63) Concurrent Relocate 0.895ms
[36.607s][info][gc,load     ] GC(63) Load: 0.00/0.00/0.00
[36.607s][info][gc,mmu      ] GC(63) MMU: 2ms/98.0%, 5ms/99.2%, 10ms/99.5%, 20ms/99.7%, 50ms/99.9%, 100ms/99.9%
[36.607s][info][gc,marking  ] GC(63) Mark: 1 stripe(s), 2 proactive flush(es), 1 terminate flush(es), 0 completion(s), 0 continuation(s) 
[36.607s][info][gc,marking  ] GC(63) Mark Stack Usage: 32M
[36.607s][info][gc,nmethod  ] GC(63) NMethods: 1337 registered, 30 unregistered
[36.607s][info][gc,metaspace] GC(63) Metaspace: 11M used, 11M committed, 1088M reserved
[36.607s][info][gc,ref      ] GC(63) Soft: 197 encountered, 0 discovered, 0 enqueued
[36.607s][info][gc,ref      ] GC(63) Weak: 695 encountered, 187 discovered, 0 enqueued
[36.607s][info][gc,ref      ] GC(63) Final: 0 encountered, 0 discovered, 0 enqueued
[36.607s][info][gc,ref      ] GC(63) Phantom: 36 encountered, 21 discovered, 0 enqueued
[36.607s][info][gc,reloc    ] GC(63) Small Pages: 996 / 1992M, Empty: 1872M, Relocated: 1M, In-Place: 0
[36.607s][info][gc,reloc    ] GC(63) Medium Pages: 11 / 352M, Empty: 320M, Relocated: 0M, In-Place: 0
[36.607s][info][gc,reloc    ] GC(63) Large Pages: 1 / 6M, Empty: 0M, Relocated: 0M, In-Place: 0
[36.607s][info][gc,reloc    ] GC(63) Forwarding Usage: 0M
[36.607s][info][gc,heap     ] GC(63) Min Capacity: 4096M(100%)
[36.607s][info][gc,heap     ] GC(63) Max Capacity: 4096M(100%)
[36.607s][info][gc,heap     ] GC(63) Soft Max Capacity: 4096M(100%)
[36.607s][info][gc,heap     ] GC(63)                Mark Start          Mark End        Relocate Start      Relocate End           High               Low         
[36.607s][info][gc,heap     ] GC(63)  Capacity:     4096M (100%)       4096M (100%)       4096M (100%)       4096M (100%)       4096M (100%)       4096M (100%)   
[36.607s][info][gc,heap     ] GC(63)      Free:     1746M (43%)         868M (21%)        3058M (75%)        3084M (75%)        3084M (75%)         868M (21%)    
[36.607s][info][gc,heap     ] GC(63)      Used:     2350M (57%)        3228M (79%)        1038M (25%)        1012M (25%)        3228M (79%)        1012M (25%)    
[36.607s][info][gc,heap     ] GC(63)      Live:         -                99M (2%)           99M (2%)           99M (2%)             -                  -          
[36.607s][info][gc,heap     ] GC(63) Allocated:         -               878M (21%)         880M (21%)         881M (22%)            -                  -          
[36.607s][info][gc,heap     ] GC(63)   Garbage:         -              2250M (55%)          58M (1%)           30M (1%)             -                  -          
[36.607s][info][gc,heap     ] GC(63) Reclaimed:         -                  -              2192M (54%)        2219M (54%)            -                  -          
[36.607s][info][gc          ] GC(63) Garbage Collection (Allocation Rate) 2350M(57%)->1012M(25%)
[36.886s][info][gc,start    ] GC(64) Garbage Collection (Allocation Rate)
[36.886s][info][gc,task     ] GC(64) Using 1 workers
[36.886s][info][gc,phases   ] GC(64) Pause Mark Start 0.012ms
[37.027s][info][gc,phases   ] GC(64) Concurrent Mark 141.275ms
[37.028s][info][gc,phases   ] GC(64) Pause Mark End 0.015ms
[37.028s][info][gc,phases   ] GC(64) Concurrent Mark Free 0.001ms
[37.031s][info][gc,phases   ] GC(64) Concurrent Process Non-Strong References 3.226ms
[37.031s][info][gc,phases   ] GC(64) Concurrent Reset Relocation Set 0.005ms
[37.034s][info][gc,phases   ] GC(64) Concurrent Select Relocation Set 2.878ms
[37.034s][info][gc,phases   ] GC(64) Pause Relocate Start 0.015ms
[37.038s][info][gc,phases   ] GC(64) Concurrent Relocate 4.122ms
[37.038s][info][gc,load     ] GC(64) Load: 0.00/0.00/0.00
[37.038s][info][gc,mmu      ] GC(64) MMU: 2ms/98.0%, 5ms/99.2%, 10ms/99.5%, 20ms/99.7%, 50ms/99.9%, 100ms/99.9%
[37.038s][info][gc,marking  ] GC(64) Mark: 1 stripe(s), 2 proactive flush(es), 1 terminate flush(es), 0 completion(s), 0 continuation(s) 
[37.038s][info][gc,marking  ] GC(64) Mark Stack Usage: 32M
[37.038s][info][gc,nmethod  ] GC(64) NMethods: 1337 registered, 30 unregistered
[37.038s][info][gc,metaspace] GC(64) Metaspace: 11M used, 11M committed, 1088M reserved
[37.038s][info][gc,ref      ] GC(64) Soft: 197 encountered, 0 discovered, 0 enqueued
[37.038s][info][gc,ref      ] GC(64) Weak: 695 encountered, 554 discovered, 0 enqueued
[37.038s][info][gc,ref      ] GC(64) Final: 0 encountered, 0 discovered, 0 enqueued
[37.038s][info][gc,ref      ] GC(64) Phantom: 36 encountered, 17 discovered, 0 enqueued
[37.038s][info][gc,reloc    ] GC(64) Small Pages: 989 / 1978M, Empty: 1822M, Relocated: 4M, In-Place: 0
[37.038s][info][gc,reloc    ] GC(64) Medium Pages: 11 / 352M, Empty: 320M, Relocated: 0M, In-Place: 0
[37.038s][info][gc,reloc    ] GC(64) Large Pages: 1 / 6M, Empty: 0M, Relocated: 0M, In-Place: 0
[37.038s][info][gc,reloc    ] GC(64) Forwarding Usage: 0M
[37.038s][info][gc,heap     ] GC(64) Min Capacity: 4096M(100%)
[37.038s][info][gc,heap     ] GC(64) Max Capacity: 4096M(100%)
[37.038s][info][gc,heap     ] GC(64) Soft Max Capacity: 4096M(100%)
[37.038s][info][gc,heap     ] GC(64)                Mark Start          Mark End        Relocate Start      Relocate End           High               Low         
[37.039s][info][gc,heap     ] GC(64)  Capacity:     4096M (100%)       4096M (100%)       4096M (100%)       4096M (100%)       4096M (100%)       4096M (100%)   
[37.039s][info][gc,heap     ] GC(64)      Free:     1760M (43%)        1232M (30%)        3344M (82%)        3390M (83%)        3402M (83%)        1214M (30%)    
[37.039s][info][gc,heap     ] GC(64)      Used:     2336M (57%)        2864M (70%)         752M (18%)         706M (17%)        2882M (70%)         694M (17%)    
[37.039s][info][gc,heap     ] GC(64)      Live:         -                99M (2%)           99M (2%)           99M (2%)             -                  -          
[37.039s][info][gc,heap     ] GC(64) Allocated:         -               528M (13%)         558M (14%)         571M (14%)            -                  -          
[37.039s][info][gc,heap     ] GC(64)   Garbage:         -              2236M (55%)          94M (2%)           34M (1%)             -                  -          
[37.039s][info][gc,heap     ] GC(64) Reclaimed:         -                  -              2142M (52%)        2201M (54%)            -                  -          
[37.039s][info][gc          ] GC(64) Garbage Collection (Allocation Rate) 2336M(57%)->706M(17%)
[37.388s][info][gc,start    ] GC(65) Garbage Collection (Allocation Rate)
[37.388s][info][gc,task     ] GC(65) Using 1 workers
[37.389s][info][gc,phases   ] GC(65) Pause Mark Start 0.012ms
[37.550s][info][gc,phases   ] GC(65) Concurrent Mark 161.355ms
[37.550s][info][gc,phases   ] GC(65) Pause Mark End 0.013ms
[37.550s][info][gc,phases   ] GC(65) Concurrent Mark Free 0.001ms
[37.561s][info][gc,phases   ] GC(65) Concurrent Process Non-Strong References 10.811ms
[37.561s][info][gc,phases   ] GC(65) Concurrent Reset Relocation Set 0.006ms
[37.565s][info][gc,phases   ] GC(65) Concurrent Select Relocation Set 3.611ms
[37.565s][info][gc,phases   ] GC(65) Pause Relocate Start 0.010ms
[37.567s][info][gc,phases   ] GC(65) Concurrent Relocate 1.876ms
[37.567s][info][gc,load     ] GC(65) Load: 0.00/0.00/0.00
[37.567s][info][gc,mmu      ] GC(65) MMU: 2ms/98.0%, 5ms/99.2%, 10ms/99.5%, 20ms/99.7%, 50ms/99.9%, 100ms/99.9%
[37.567s][info][gc,marking  ] GC(65) Mark: 1 stripe(s), 2 proactive flush(es), 1 terminate flush(es), 0 completion(s), 0 continuation(s) 
[37.567s][info][gc,marking  ] GC(65) Mark Stack Usage: 32M
[37.567s][info][gc,nmethod  ] GC(65) NMethods: 1337 registered, 30 unregistered
[37.567s][info][gc,metaspace] GC(65) Metaspace: 11M used, 11M committed, 1088M reserved
[37.567s][info][gc,ref      ] GC(65) Soft: 197 encountered, 0 discovered, 0 enqueued
[37.567s][info][gc,ref      ] GC(65) Weak: 695 encountered, 187 discovered, 0 enqueued
[37.567s][info][gc,ref      ] GC(65) Final: 0 encountered, 0 discovered, 0 enqueued
[37.567s][info][gc,ref      ] GC(65) Phantom: 36 encountered, 21 discovered, 0 enqueued
[37.567s][info][gc,reloc    ] GC(65) Small Pages: 978 / 1956M, Empty: 1824M, Relocated: 3M, In-Place: 0
[37.567s][info][gc,reloc    ] GC(65) Medium Pages: 11 / 352M, Empty: 352M, Relocated: 0M, In-Place: 0
[37.567s][info][gc,reloc    ] GC(65) Large Pages: 1 / 6M, Empty: 0M, Relocated: 0M, In-Place: 0
[37.567s][info][gc,reloc    ] GC(65) Forwarding Usage: 0M
[37.567s][info][gc,heap     ] GC(65) Min Capacity: 4096M(100%)
[37.567s][info][gc,heap     ] GC(65) Max Capacity: 4096M(100%)
[37.567s][info][gc,heap     ] GC(65) Soft Max Capacity: 4096M(100%)
[37.567s][info][gc,heap     ] GC(65)                Mark Start          Mark End        Relocate Start      Relocate End           High               Low         
[37.567s][info][gc,heap     ] GC(65)  Capacity:     4096M (100%)       4096M (100%)       4096M (100%)       4096M (100%)       4096M (100%)       4096M (100%)   
[37.567s][info][gc,heap     ] GC(65)      Free:     1782M (44%)        1128M (28%)        3190M (78%)        3228M (79%)        3228M (79%)        1066M (26%)    
[37.567s][info][gc,heap     ] GC(65)      Used:     2314M (56%)        2968M (72%)         906M (22%)         868M (21%)        3030M (74%)         868M (21%)    
[37.567s][info][gc,heap     ] GC(65)      Live:         -                97M (2%)           97M (2%)           97M (2%)             -                  -          
[37.567s][info][gc,heap     ] GC(65) Allocated:         -               654M (16%)         768M (19%)         767M (19%)            -                  -          
[37.567s][info][gc,heap     ] GC(65)   Garbage:         -              2216M (54%)          40M (1%)            2M (0%)             -                  -          
[37.567s][info][gc,heap     ] GC(65) Reclaimed:         -                  -              2176M (53%)        2213M (54%)            -                  -          
[37.567s][info][gc          ] GC(65) Garbage Collection (Allocation Rate) 2314M(56%)->868M(21%)
[37.953s][info][gc,start    ] GC(66) Garbage Collection (System.gc())
[37.953s][info][gc,task     ] GC(66) Using 2 workers
[37.953s][info][gc,phases   ] GC(66) Pause Mark Start 0.008ms
[38.016s][info][gc,phases   ] GC(66) Concurrent Mark 63.356ms
[38.017s][info][gc,phases   ] GC(66) Pause Mark End 0.024ms
[38.017s][info][gc,phases   ] GC(66) Concurrent Mark Free 0.003ms
[38.019s][info][gc,phases   ] GC(66) Concurrent Process Non-Strong References 2.442ms
[38.019s][info][gc,phases   ] GC(66) Concurrent Reset Relocation Set 0.004ms
[38.021s][info][gc,phases   ] GC(66) Concurrent Select Relocation Set 1.901ms
[38.021s][info][gc,phases   ] GC(66) Pause Relocate Start 0.005ms
[38.022s][info][gc,phases   ] GC(66) Concurrent Relocate 0.526ms
[38.022s][info][gc,load     ] GC(66) Load: 0.00/0.00/0.00
[38.022s][info][gc,mmu      ] GC(66) MMU: 2ms/98.0%, 5ms/99.2%, 10ms/99.5%, 20ms/99.7%, 50ms/99.9%, 100ms/99.9%
[38.022s][info][gc,marking  ] GC(66) Mark: 2 stripe(s), 1 proactive flush(es), 1 terminate flush(es), 0 completion(s), 0 continuation(s) 
[38.022s][info][gc,marking  ] GC(66) Mark Stack Usage: 32M
[38.022s][info][gc,nmethod  ] GC(66) NMethods: 1337 registered, 30 unregistered
[38.022s][info][gc,metaspace] GC(66) Metaspace: 11M used, 11M committed, 1088M reserved
[38.022s][info][gc,ref      ] GC(66) Soft: 197 encountered, 0 discovered, 0 enqueued
[38.022s][info][gc,ref      ] GC(66) Weak: 695 encountered, 182 discovered, 0 enqueued
[38.022s][info][gc,ref      ] GC(66) Final: 0 encountered, 0 discovered, 0 enqueued
[38.022s][info][gc,ref      ] GC(66) Phantom: 36 encountered, 16 discovered, 0 enqueued
[38.022s][info][gc,reloc    ] GC(66) Small Pages: 1108 / 2216M, Empty: 2116M, Relocated: 1M, In-Place: 0
[38.022s][info][gc,reloc    ] GC(66) Medium Pages: 11 / 352M, Empty: 352M, Relocated: 0M, In-Place: 0
[38.022s][info][gc,reloc    ] GC(66) Large Pages: 1 / 6M, Empty: 0M, Relocated: 0M, In-Place: 0
[38.022s][info][gc,reloc    ] GC(66) Forwarding Usage: 0M
[38.022s][info][gc,heap     ] GC(66) Min Capacity: 4096M(100%)
[38.022s][info][gc,heap     ] GC(66) Max Capacity: 4096M(100%)
[38.022s][info][gc,heap     ] GC(66) Soft Max Capacity: 4096M(100%)
[38.022s][info][gc,heap     ] GC(66)                Mark Start          Mark End        Relocate Start      Relocate End           High               Low         
[38.022s][info][gc,heap     ] GC(66)  Capacity:     4096M (100%)       4096M (100%)       4096M (100%)       4096M (100%)       4096M (100%)       4096M (100%)   
[38.022s][info][gc,heap     ] GC(66)      Free:     1522M (37%)        1522M (37%)        3990M (97%)        3996M (98%)        3996M (98%)        1522M (37%)    
[38.022s][info][gc,heap     ] GC(66)      Used:     2574M (63%)        2574M (63%)         106M (3%)          100M (2%)         2574M (63%)         100M (2%)     
[38.022s][info][gc,heap     ] GC(66)      Live:         -                95M (2%)           95M (2%)           95M (2%)             -                  -          
[38.022s][info][gc,heap     ] GC(66) Allocated:         -                 0M (0%)            0M (0%)            0M (0%)             -                  -          
[38.022s][info][gc,heap     ] GC(66)   Garbage:         -              2478M (61%)          10M (0%)            4M (0%)             -                  -          
[38.022s][info][gc,heap     ] GC(66) Reclaimed:         -                  -              2468M (60%)        2474M (60%)            -                  -          
[38.022s][info][gc          ] GC(66) Garbage Collection (System.gc()) 2574M(63%)->100M(2%)
[38.581s][info][gc,start    ] GC(67) Garbage Collection (Allocation Rate)
[38.581s][info][gc,task     ] GC(67) Using 1 workers
[38.581s][info][gc,phases   ] GC(67) Pause Mark Start 0.014ms
[38.716s][info][gc,phases   ] GC(67) Concurrent Mark 134.531ms
[38.716s][info][gc,phases   ] GC(67) Pause Mark End 0.012ms
[38.716s][info][gc,phases   ] GC(67) Concurrent Mark Free 0.001ms
[38.718s][info][gc,phases   ] GC(67) Concurrent Process Non-Strong References 2.760ms
[38.719s][info][gc,phases   ] GC(67) Concurrent Reset Relocation Set 0.001ms
[38.722s][info][gc,phases   ] GC(67) Concurrent Select Relocation Set 3.782ms
[38.723s][info][gc,phases   ] GC(67) Pause Relocate Start 0.018ms
[38.728s][info][gc,phases   ] GC(67) Concurrent Relocate 4.736ms
[38.728s][info][gc,load     ] GC(67) Load: 0.00/0.00/0.00
[38.728s][info][gc,mmu      ] GC(67) MMU: 2ms/98.0%, 5ms/99.2%, 10ms/99.5%, 20ms/99.7%, 50ms/99.9%, 100ms/99.9%
[38.728s][info][gc,marking  ] GC(67) Mark: 1 stripe(s), 2 proactive flush(es), 1 terminate flush(es), 0 completion(s), 0 continuation(s) 
[38.728s][info][gc,marking  ] GC(67) Mark Stack Usage: 32M
[38.728s][info][gc,nmethod  ] GC(67) NMethods: 1339 registered, 30 unregistered
[38.728s][info][gc,metaspace] GC(67) Metaspace: 11M used, 11M committed, 1088M reserved
[38.728s][info][gc,ref      ] GC(67) Soft: 197 encountered, 0 discovered, 0 enqueued
[38.728s][info][gc,ref      ] GC(67) Weak: 695 encountered, 554 discovered, 0 enqueued
[38.728s][info][gc,ref      ] GC(67) Final: 0 encountered, 0 discovered, 0 enqueued
[38.728s][info][gc,ref      ] GC(67) Phantom: 36 encountered, 17 discovered, 0 enqueued
[38.728s][info][gc,reloc    ] GC(67) Small Pages: 1164 / 2328M, Empty: 2214M, Relocated: 3M, In-Place: 0
[38.728s][info][gc,reloc    ] GC(67) Medium Pages: 11 / 352M, Empty: 320M, Relocated: 0M, In-Place: 0
[38.728s][info][gc,reloc    ] GC(67) Large Pages: 1 / 6M, Empty: 0M, Relocated: 0M, In-Place: 0
[38.728s][info][gc,reloc    ] GC(67) Forwarding Usage: 1M
[38.728s][info][gc,heap     ] GC(67) Min Capacity: 4096M(100%)
[38.728s][info][gc,heap     ] GC(67) Max Capacity: 4096M(100%)
[38.728s][info][gc,heap     ] GC(67) Soft Max Capacity: 4096M(100%)
[38.728s][info][gc,heap     ] GC(67)                Mark Start          Mark End        Relocate Start      Relocate End           High               Low         
[38.728s][info][gc,heap     ] GC(67)  Capacity:     4096M (100%)       4096M (100%)       4096M (100%)       4096M (100%)       4096M (100%)       4096M (100%)   
[38.728s][info][gc,heap     ] GC(67)      Free:     1410M (34%)         898M (22%)        3408M (83%)        3408M (83%)        3424M (84%)         898M (22%)    
[38.728s][info][gc,heap     ] GC(67)      Used:     2686M (66%)        3198M (78%)         688M (17%)         688M (17%)        3198M (78%)         672M (16%)    
[38.728s][info][gc,heap     ] GC(67)      Live:         -                99M (2%)           99M (2%)           99M (2%)             -                  -          
[38.728s][info][gc,heap     ] GC(67) Allocated:         -               512M (12%)         536M (13%)         557M (14%)            -                  -          
[38.728s][info][gc,heap     ] GC(67)   Garbage:         -              2586M (63%)          52M (1%)           30M (1%)             -                  -          
[38.728s][info][gc,heap     ] GC(67) Reclaimed:         -                  -              2534M (62%)        2555M (62%)            -                  -          
[38.728s][info][gc          ] GC(67) Garbage Collection (Allocation Rate) 2686M(66%)->688M(17%)
[39.178s][info][gc,start    ] GC(68) Garbage Collection (Allocation Rate)
[39.178s][info][gc,task     ] GC(68) Using 1 workers
[39.178s][info][gc,phases   ] GC(68) Pause Mark Start 0.011ms
[39.332s][info][gc,phases   ] GC(68) Concurrent Mark 154.330ms
[39.332s][info][gc,phases   ] GC(68) Pause Mark End 0.016ms
[39.333s][info][gc,phases   ] GC(68) Concurrent Mark Free 0.002ms
[39.336s][info][gc,phases   ] GC(68) Concurrent Process Non-Strong References 3.941ms
[39.337s][info][gc,phases   ] GC(68) Concurrent Reset Relocation Set 0.002ms
[39.339s][info][gc,phases   ] GC(68) Concurrent Select Relocation Set 2.478ms
[39.339s][info][gc,phases   ] GC(68) Pause Relocate Start 0.008ms
[39.344s][info][gc,phases   ] GC(68) Concurrent Relocate 4.658ms
[39.344s][info][gc,load     ] GC(68) Load: 0.00/0.00/0.00
[39.344s][info][gc,mmu      ] GC(68) MMU: 2ms/98.0%, 5ms/99.2%, 10ms/99.5%, 20ms/99.7%, 50ms/99.9%, 100ms/99.9%
[39.344s][info][gc,marking  ] GC(68) Mark: 1 stripe(s), 2 proactive flush(es), 1 terminate flush(es), 0 completion(s), 0 continuation(s) 
[39.344s][info][gc,marking  ] GC(68) Mark Stack Usage: 32M
[39.344s][info][gc,nmethod  ] GC(68) NMethods: 1339 registered, 30 unregistered
[39.344s][info][gc,metaspace] GC(68) Metaspace: 11M used, 11M committed, 1088M reserved
[39.344s][info][gc,ref      ] GC(68) Soft: 197 encountered, 0 discovered, 0 enqueued
[39.344s][info][gc,ref      ] GC(68) Weak: 695 encountered, 187 discovered, 0 enqueued
[39.344s][info][gc,ref      ] GC(68) Final: 0 encountered, 0 discovered, 0 enqueued
[39.344s][info][gc,ref      ] GC(68) Phantom: 36 encountered, 21 discovered, 0 enqueued
[39.344s][info][gc,reloc    ] GC(68) Small Pages: 1168 / 2336M, Empty: 2196M, Relocated: 3M, In-Place: 0
[39.344s][info][gc,reloc    ] GC(68) Medium Pages: 13 / 416M, Empty: 416M, Relocated: 0M, In-Place: 0
[39.344s][info][gc,reloc    ] GC(68) Large Pages: 1 / 6M, Empty: 0M, Relocated: 0M, In-Place: 0
[39.344s][info][gc,reloc    ] GC(68) Forwarding Usage: 1M
[39.344s][info][gc,heap     ] GC(68) Min Capacity: 4096M(100%)
[39.344s][info][gc,heap     ] GC(68) Max Capacity: 4096M(100%)
[39.344s][info][gc,heap     ] GC(68) Soft Max Capacity: 4096M(100%)
[39.344s][info][gc,heap     ] GC(68)                Mark Start          Mark End        Relocate Start      Relocate End           High               Low         
[39.344s][info][gc,heap     ] GC(68)  Capacity:     4096M (100%)       4096M (100%)       4096M (100%)       4096M (100%)       4096M (100%)       4096M (100%)   
[39.344s][info][gc,heap     ] GC(68)      Free:     1338M (33%)         672M (16%)        3282M (80%)        3314M (81%)        3328M (81%)         670M (16%)    
[39.344s][info][gc,heap     ] GC(68)      Used:     2758M (67%)        3424M (84%)         814M (20%)         782M (19%)        3426M (84%)         768M (19%)    
[39.344s][info][gc,heap     ] GC(68)      Live:         -                96M (2%)           96M (2%)           96M (2%)             -                  -          
[39.344s][info][gc,heap     ] GC(68) Allocated:         -               666M (16%)         668M (16%)         683M (17%)            -                  -          
[39.344s][info][gc,heap     ] GC(68)   Garbage:         -              2661M (65%)          49M (1%)            1M (0%)             -                  -          
[39.344s][info][gc,heap     ] GC(68) Reclaimed:         -                  -              2612M (64%)        2659M (65%)            -                  -          
[39.344s][info][gc          ] GC(68) Garbage Collection (Allocation Rate) 2758M(67%)->782M(19%)
[39.775s][info][gc,start    ] GC(69) Garbage Collection (Allocation Rate)
[39.775s][info][gc,task     ] GC(69) Using 1 workers
[39.775s][info][gc,phases   ] GC(69) Pause Mark Start 0.005ms
[39.999s][info][gc,phases   ] GC(69) Concurrent Mark 224.322ms
[39.999s][info][gc,phases   ] GC(69) Pause Mark End 0.022ms
[39.999s][info][gc,phases   ] GC(69) Concurrent Mark Free 0.001ms
[40.003s][info][gc,phases   ] GC(69) Concurrent Process Non-Strong References 3.365ms
[40.003s][info][gc,phases   ] GC(69) Concurrent Reset Relocation Set 0.003ms
[40.006s][info][gc,phases   ] GC(69) Concurrent Select Relocation Set 2.663ms
[40.006s][info][gc,phases   ] GC(69) Pause Relocate Start 0.010ms
[40.007s][info][gc,phases   ] GC(69) Concurrent Relocate 1.148ms
[40.007s][info][gc,load     ] GC(69) Load: 0.00/0.00/0.00
[40.007s][info][gc,mmu      ] GC(69) MMU: 2ms/98.0%, 5ms/99.2%, 10ms/99.5%, 20ms/99.7%, 50ms/99.9%, 100ms/99.9%
[40.007s][info][gc,marking  ] GC(69) Mark: 1 stripe(s), 2 proactive flush(es), 1 terminate flush(es), 0 completion(s), 0 continuation(s) 
[40.007s][info][gc,marking  ] GC(69) Mark Stack Usage: 32M
[40.007s][info][gc,nmethod  ] GC(69) NMethods: 1339 registered, 30 unregistered
[40.007s][info][gc,metaspace] GC(69) Metaspace: 11M used, 11M committed, 1088M reserved
[40.007s][info][gc,ref      ] GC(69) Soft: 197 encountered, 0 discovered, 0 enqueued
[40.007s][info][gc,ref      ] GC(69) Weak: 695 encountered, 187 discovered, 0 enqueued
[40.007s][info][gc,ref      ] GC(69) Final: 0 encountered, 0 discovered, 0 enqueued
[40.007s][info][gc,ref      ] GC(69) Phantom: 36 encountered, 21 discovered, 0 enqueued
[40.007s][info][gc,reloc    ] GC(69) Small Pages: 1197 / 2394M, Empty: 2274M, Relocated: 0M, In-Place: 0
[40.007s][info][gc,reloc    ] GC(69) Medium Pages: 12 / 384M, Empty: 352M, Relocated: 0M, In-Place: 0
[40.007s][info][gc,reloc    ] GC(69) Large Pages: 1 / 6M, Empty: 0M, Relocated: 0M, In-Place: 0
[40.007s][info][gc,reloc    ] GC(69) Forwarding Usage: 0M
[40.007s][info][gc,heap     ] GC(69) Min Capacity: 4096M(100%)
[40.007s][info][gc,heap     ] GC(69) Max Capacity: 4096M(100%)
[40.007s][info][gc,heap     ] GC(69) Soft Max Capacity: 4096M(100%)
[40.007s][info][gc,heap     ] GC(69)                Mark Start          Mark End        Relocate Start      Relocate End           High               Low         
[40.007s][info][gc,heap     ] GC(69)  Capacity:     4096M (100%)       4096M (100%)       4096M (100%)       4096M (100%)       4096M (100%)       4096M (100%)   
[40.007s][info][gc,heap     ] GC(69)      Free:     1312M (32%)         370M (9%)         2948M (72%)        2976M (73%)        2976M (73%)         354M (9%)     
[40.007s][info][gc,heap     ] GC(69)      Used:     2784M (68%)        3726M (91%)        1148M (28%)        1120M (27%)        3742M (91%)        1120M (27%)    
[40.007s][info][gc,heap     ] GC(69)      Live:         -                99M (2%)           99M (2%)           99M (2%)             -                  -          
[40.007s][info][gc,heap     ] GC(69) Allocated:         -               942M (23%)         990M (24%)         989M (24%)            -                  -          
[40.007s][info][gc,heap     ] GC(69)   Garbage:         -              2684M (66%)          58M (1%)           30M (1%)             -                  -          
[40.007s][info][gc,heap     ] GC(69) Reclaimed:         -                  -              2626M (64%)        2653M (65%)            -                  -          
[40.007s][info][gc          ] GC(69) Garbage Collection (Allocation Rate) 2784M(68%)->1120M(27%)
[40.183s][info][gc,stats    ] === Garbage Collection Statistics =======================================================================================================================
[40.183s][info][gc,stats    ]                                                              Last 10s              Last 10m              Last 10h                Total
[40.183s][info][gc,stats    ]                                                              Avg / Max             Avg / Max             Avg / Max             Avg / Max
[40.183s][info][gc,stats    ]   Collector: Garbage Collection Cycle                    174.927 / 241.415     158.452 / 244.602     158.452 / 244.602     158.452 / 244.602     ms
[40.183s][info][gc,stats    ]  Contention: Mark Segment Reset Contention                     0 / 0                 0 / 2                 0 / 2                 0 / 2           ops/s
[40.183s][info][gc,stats    ]  Contention: Mark SeqNum Reset Contention                      0 / 0                 0 / 2                 0 / 2                 0 / 2           ops/s
[40.183s][info][gc,stats    ]    Critical: Allocation Stall                                  0 / 0                 0 / 0                 0 / 0                 0 / 0           ops/s
[40.183s][info][gc,stats    ]    Critical: Allocation Stall                              0.000 / 0.000         0.000 / 0.000         0.000 / 0.000         0.000 / 0.000       ms
[40.183s][info][gc,stats    ]    Critical: GC Locker Stall                                   0 / 0                 0 / 0                 0 / 0                 0 / 0           ops/s
[40.183s][info][gc,stats    ]    Critical: GC Locker Stall                               0.000 / 0.000         0.000 / 0.000         0.000 / 0.000         0.000 / 0.000       ms
[40.183s][info][gc,stats    ]    Critical: Relocation Stall                                  0 / 0                 0 / 0                 0 / 0                 0 / 0           ops/s
[40.183s][info][gc,stats    ]    Critical: Relocation Stall                              0.000 / 0.000         0.000 / 0.000         0.000 / 0.000         0.000 / 0.000       ms
[40.183s][info][gc,stats    ]      Memory: Allocation Rate                                4313 / 4458           4122 / 4592           4122 / 4592           4122 / 4592        MB/s
[40.183s][info][gc,stats    ]      Memory: Defragment                                        0 / 0                 0 / 0                 0 / 0                 0 / 0           ops/s
[40.183s][info][gc,stats    ]      Memory: Out Of Memory                                     0 / 0                 0 / 0                 0 / 0                 0 / 0           ops/s
[40.183s][info][gc,stats    ]      Memory: Page Cache Flush                                  0 / 0                 0 / 0                 0 / 0                 0 / 0           MB/s
[40.183s][info][gc,stats    ]      Memory: Page Cache Hit L1                              1867 / 1931           1742 / 1983           1742 / 1983           1742 / 1983        ops/s
[40.183s][info][gc,stats    ]      Memory: Page Cache Hit L2                                 0 / 0                 0 / 0                 0 / 0                 0 / 0           ops/s
[40.183s][info][gc,stats    ]      Memory: Page Cache Hit L3                                 0 / 0                43 / 437              43 / 437              43 / 437         ops/s
[40.183s][info][gc,stats    ]      Memory: Page Cache Miss                                   0 / 0                 0 / 1                 0 / 1                 0 / 1           ops/s
[40.183s][info][gc,stats    ]      Memory: Uncommit                                          0 / 0                 0 / 0                 0 / 0                 0 / 0           MB/s
[40.183s][info][gc,stats    ]      Memory: Undo Object Allocation Failed                     0 / 0                 0 / 1                 0 / 1                 0 / 1           ops/s
[40.183s][info][gc,stats    ]      Memory: Undo Object Allocation Succeeded                 17 / 102              11 / 137              11 / 137              11 / 137         ops/s
[40.183s][info][gc,stats    ]      Memory: Undo Page Allocation                              2 / 7                 2 / 7                 2 / 7                 2 / 7           ops/s
[40.183s][info][gc,stats    ]       Phase: Concurrent Mark                             163.213 / 224.745     145.420 / 237.375     145.420 / 237.375     145.420 / 237.375     ms
[40.183s][info][gc,stats    ]       Phase: Concurrent Mark Continue                      0.000 / 0.000         0.000 / 0.000         0.000 / 0.000         0.000 / 0.000       ms
[40.183s][info][gc,stats    ]       Phase: Concurrent Mark Free                          0.002 / 0.004         0.002 / 0.005         0.002 / 0.005         0.002 / 0.005       ms
[40.183s][info][gc,stats    ]       Phase: Concurrent Process Non-Strong References      5.981 / 19.153        6.170 / 24.469        6.170 / 24.469        6.170 / 24.469      ms
[40.183s][info][gc,stats    ]       Phase: Concurrent Relocate                           2.041 / 4.736         2.743 / 57.532        2.743 / 57.532        2.743 / 57.532      ms
[40.183s][info][gc,stats    ]       Phase: Concurrent Reset Relocation Set               0.003 / 0.006         0.004 / 0.026         0.004 / 0.026         0.004 / 0.026       ms
[40.183s][info][gc,stats    ]       Phase: Concurrent Select Relocation Set              2.716 / 4.492         3.099 / 13.885        3.099 / 13.885        3.099 / 13.885      ms
[40.183s][info][gc,stats    ]       Phase: Pause Mark End                                0.018 / 0.025         0.018 / 0.040         0.018 / 0.040         0.018 / 0.040       ms
[40.183s][info][gc,stats    ]       Phase: Pause Mark Start                              0.009 / 0.014         0.010 / 0.025         0.010 / 0.025         0.010 / 0.025       ms
[40.183s][info][gc,stats    ]       Phase: Pause Relocate Start                          0.011 / 0.018         0.012 / 0.025         0.012 / 0.025         0.012 / 0.025       ms
[40.183s][info][gc,stats    ]    Subphase: Concurrent Classes Purge                      0.017 / 0.058         0.027 / 0.208         0.027 / 0.208         0.027 / 0.208       ms
[40.183s][info][gc,stats    ]    Subphase: Concurrent Classes Unlink                     2.775 / 3.526         2.390 / 3.609         2.390 / 3.609         2.390 / 3.609       ms
[40.183s][info][gc,stats    ]    Subphase: Concurrent Mark                             151.700 / 224.003     128.245 / 236.615     128.245 / 236.615     128.245 / 236.615     ms
[40.183s][info][gc,stats    ]    Subphase: Concurrent Mark Try Flush                     0.554 / 8.616         0.707 / 16.794        0.707 / 16.794        0.707 / 16.794      ms
[40.183s][info][gc,stats    ]    Subphase: Concurrent Mark Try Terminate                 0.711 / 14.932        1.686 / 16.548        1.686 / 16.548        1.686 / 16.548      ms
[40.183s][info][gc,stats    ]    Subphase: Concurrent References Enqueue                 0.001 / 0.002         0.001 / 0.015         0.001 / 0.015         0.001 / 0.015       ms
[40.183s][info][gc,stats    ]    Subphase: Concurrent References Process                 0.090 / 0.145         0.078 / 0.207         0.078 / 0.207         0.078 / 0.207       ms
[40.183s][info][gc,stats    ]    Subphase: Concurrent Roots ClassLoaderDataGraph         0.077 / 0.139         0.068 / 0.272         0.068 / 0.272         0.068 / 0.272       ms
[40.183s][info][gc,stats    ]    Subphase: Concurrent Roots CodeCache                    0.000 / 0.000         0.000 / 0.000         0.000 / 0.000         0.000 / 0.000       ms
[40.183s][info][gc,stats    ]    Subphase: Concurrent Roots JavaThreads                  0.593 / 1.161         0.615 / 2.698         0.615 / 2.698         0.615 / 2.698       ms
[40.183s][info][gc,stats    ]    Subphase: Concurrent Roots OopStorageSet                0.028 / 0.044         0.027 / 0.063         0.027 / 0.063         0.027 / 0.063       ms
[40.183s][info][gc,stats    ]    Subphase: Concurrent Weak Roots OopStorageSet           0.216 / 0.358         0.180 / 0.359         0.180 / 0.359         0.180 / 0.359       ms
[40.183s][info][gc,stats    ]    Subphase: Pause Mark Try Complete                       0.000 / 0.000         0.000 / 0.000         0.000 / 0.000         0.000 / 0.000       ms
[40.183s][info][gc,stats    ]      System: Java Threads                                     23 / 23               22 / 23               22 / 23               22 / 23          threads
[40.183s][info][gc,stats    ] =========================================================================================================================================================
[40.277s][info][gc,start    ] GC(70) Garbage Collection (Allocation Rate)
[40.277s][info][gc,task     ] GC(70) Using 1 workers
[40.277s][info][gc,phases   ] GC(70) Pause Mark Start 0.011ms
[40.429s][info][gc,phases   ] GC(70) Concurrent Mark 151.167ms
[40.429s][info][gc,phases   ] GC(70) Pause Mark End 0.022ms
[40.429s][info][gc,phases   ] GC(70) Concurrent Mark Free 0.001ms
[40.432s][info][gc,phases   ] GC(70) Concurrent Process Non-Strong References 3.142ms
[40.432s][info][gc,phases   ] GC(70) Concurrent Reset Relocation Set 0.002ms
[40.434s][info][gc,phases   ] GC(70) Concurrent Select Relocation Set 2.066ms
[40.434s][info][gc,phases   ] GC(70) Pause Relocate Start 0.010ms
[40.436s][info][gc,phases   ] GC(70) Concurrent Relocate 1.252ms
[40.436s][info][gc,load     ] GC(70) Load: 0.00/0.00/0.00
[40.436s][info][gc,mmu      ] GC(70) MMU: 2ms/98.0%, 5ms/99.2%, 10ms/99.5%, 20ms/99.7%, 50ms/99.9%, 100ms/99.9%
[40.436s][info][gc,marking  ] GC(70) Mark: 1 stripe(s), 2 proactive flush(es), 1 terminate flush(es), 0 completion(s), 0 continuation(s) 
[40.436s][info][gc,marking  ] GC(70) Mark Stack Usage: 32M
[40.436s][info][gc,nmethod  ] GC(70) NMethods: 1339 registered, 30 unregistered
[40.436s][info][gc,metaspace] GC(70) Metaspace: 11M used, 11M committed, 1088M reserved
[40.436s][info][gc,ref      ] GC(70) Soft: 197 encountered, 0 discovered, 0 enqueued
[40.436s][info][gc,ref      ] GC(70) Weak: 695 encountered, 554 discovered, 0 enqueued
[40.436s][info][gc,ref      ] GC(70) Final: 0 encountered, 0 discovered, 0 enqueued
[40.436s][info][gc,ref      ] GC(70) Phantom: 36 encountered, 17 discovered, 0 enqueued
[40.436s][info][gc,reloc    ] GC(70) Small Pages: 997 / 1994M, Empty: 1862M, Relocated: 1M, In-Place: 0
[40.436s][info][gc,reloc    ] GC(70) Medium Pages: 11 / 352M, Empty: 320M, Relocated: 0M, In-Place: 0
[40.436s][info][gc,reloc    ] GC(70) Large Pages: 1 / 6M, Empty: 0M, Relocated: 0M, In-Place: 0
[40.436s][info][gc,reloc    ] GC(70) Forwarding Usage: 0M
[40.436s][info][gc,heap     ] GC(70) Min Capacity: 4096M(100%)
[40.436s][info][gc,heap     ] GC(70) Max Capacity: 4096M(100%)
[40.436s][info][gc,heap     ] GC(70) Soft Max Capacity: 4096M(100%)
[40.436s][info][gc,heap     ] GC(70)                Mark Start          Mark End        Relocate Start      Relocate End           High               Low         
[40.436s][info][gc,heap     ] GC(70)  Capacity:     4096M (100%)       4096M (100%)       4096M (100%)       4096M (100%)       4096M (100%)       4096M (100%)   
[40.436s][info][gc,heap     ] GC(70)      Free:     1744M (43%)        1146M (28%)        3326M (81%)        3364M (82%)        3364M (82%)        1144M (28%)    
[40.436s][info][gc,heap     ] GC(70)      Used:     2352M (57%)        2950M (72%)         770M (19%)         732M (18%)        2952M (72%)         732M (18%)    
[40.436s][info][gc,heap     ] GC(70)      Live:         -               100M (2%)          100M (2%)          100M (2%)             -                  -          
[40.436s][info][gc,heap     ] GC(70) Allocated:         -               598M (15%)         600M (15%)         601M (15%)            -                  -          
[40.436s][info][gc,heap     ] GC(70)   Garbage:         -              2251M (55%)          69M (2%)           29M (1%)             -                  -          
[40.436s][info][gc,heap     ] GC(70) Reclaimed:         -                  -              2182M (53%)        2221M (54%)            -                  -          
[40.436s][info][gc          ] GC(70) Garbage Collection (Allocation Rate) 2352M(57%)->732M(18%)
[40.874s][info][gc,start    ] GC(71) Garbage Collection (Allocation Rate)
[40.874s][info][gc,task     ] GC(71) Using 1 workers
[40.874s][info][gc,phases   ] GC(71) Pause Mark Start 0.005ms
[41.099s][info][gc,phases   ] GC(71) Concurrent Mark 224.333ms
[41.099s][info][gc,phases   ] GC(71) Pause Mark End 0.047ms
[41.099s][info][gc,phases   ] GC(71) Concurrent Mark Free 0.003ms
[41.102s][info][gc,phases   ] GC(71) Concurrent Process Non-Strong References 3.351ms
[41.102s][info][gc,phases   ] GC(71) Concurrent Reset Relocation Set 0.003ms
[41.105s][info][gc,phases   ] GC(71) Concurrent Select Relocation Set 2.703ms
[41.105s][info][gc,phases   ] GC(71) Pause Relocate Start 0.010ms
[41.107s][info][gc,phases   ] GC(71) Concurrent Relocate 1.831ms
[41.107s][info][gc,load     ] GC(71) Load: 0.00/0.00/0.00
[41.107s][info][gc,mmu      ] GC(71) MMU: 2ms/97.7%, 5ms/99.1%, 10ms/99.4%, 20ms/99.7%, 50ms/99.9%, 100ms/99.9%
[41.107s][info][gc,marking  ] GC(71) Mark: 1 stripe(s), 2 proactive flush(es), 1 terminate flush(es), 0 completion(s), 0 continuation(s) 
[41.107s][info][gc,marking  ] GC(71) Mark Stack Usage: 32M
[41.107s][info][gc,nmethod  ] GC(71) NMethods: 1340 registered, 30 unregistered
[41.107s][info][gc,metaspace] GC(71) Metaspace: 11M used, 11M committed, 1088M reserved
[41.107s][info][gc,ref      ] GC(71) Soft: 197 encountered, 0 discovered, 0 enqueued
[41.107s][info][gc,ref      ] GC(71) Weak: 695 encountered, 187 discovered, 0 enqueued
[41.107s][info][gc,ref      ] GC(71) Final: 0 encountered, 0 discovered, 0 enqueued
[41.107s][info][gc,ref      ] GC(71) Phantom: 36 encountered, 21 discovered, 0 enqueued
[41.107s][info][gc,reloc    ] GC(71) Small Pages: 1163 / 2326M, Empty: 2210M, Relocated: 0M, In-Place: 0
[41.107s][info][gc,reloc    ] GC(71) Medium Pages: 13 / 416M, Empty: 352M, Relocated: 3M, In-Place: 0
[41.107s][info][gc,reloc    ] GC(71) Large Pages: 1 / 6M, Empty: 0M, Relocated: 0M, In-Place: 0
[41.107s][info][gc,reloc    ] GC(71) Forwarding Usage: 0M
[41.107s][info][gc,heap     ] GC(71) Min Capacity: 4096M(100%)
[41.107s][info][gc,heap     ] GC(71) Max Capacity: 4096M(100%)
[41.107s][info][gc,heap     ] GC(71) Soft Max Capacity: 4096M(100%)
[41.107s][info][gc,heap     ] GC(71)                Mark Start          Mark End        Relocate Start      Relocate End           High               Low         
[41.108s][info][gc,heap     ] GC(71)  Capacity:     4096M (100%)       4096M (100%)       4096M (100%)       4096M (100%)       4096M (100%)       4096M (100%)   
[41.108s][info][gc,heap     ] GC(71)      Free:     1348M (33%)         402M (10%)        2920M (71%)        2976M (73%)        2976M (73%)         390M (10%)    
[41.108s][info][gc,heap     ] GC(71)      Used:     2748M (67%)        3694M (90%)        1176M (29%)        1120M (27%)        3706M (90%)        1120M (27%)    
[41.108s][info][gc,heap     ] GC(71)      Live:         -                99M (2%)           99M (2%)           99M (2%)             -                  -          
[41.108s][info][gc,heap     ] GC(71) Allocated:         -               946M (23%)         990M (24%)         989M (24%)            -                  -          
[41.108s][info][gc,heap     ] GC(71)   Garbage:         -              2648M (65%)          86M (2%)           30M (1%)             -                  -          
[41.108s][info][gc,heap     ] GC(71) Reclaimed:         -                  -              2562M (63%)        2617M (64%)            -                  -          
[41.108s][info][gc          ] GC(71) Garbage Collection (Allocation Rate) 2748M(67%)->1120M(27%)
[41.377s][info][gc,start    ] GC(72) Garbage Collection (Allocation Rate)
[41.377s][info][gc,task     ] GC(72) Using 1 workers
[41.377s][info][gc,phases   ] GC(72) Pause Mark Start 0.014ms
[41.531s][info][gc,phases   ] GC(72) Concurrent Mark 154.253ms
[41.531s][info][gc,phases   ] GC(72) Pause Mark End 0.021ms
[41.531s][info][gc,phases   ] GC(72) Concurrent Mark Free 0.003ms
[41.535s][info][gc,phases   ] GC(72) Concurrent Process Non-Strong References 3.287ms
[41.535s][info][gc,phases   ] GC(72) Concurrent Reset Relocation Set 0.004ms
[41.537s][info][gc,phases   ] GC(72) Concurrent Select Relocation Set 2.368ms
[41.537s][info][gc,phases   ] GC(72) Pause Relocate Start 0.010ms
[41.538s][info][gc,phases   ] GC(72) Concurrent Relocate 1.154ms
[41.538s][info][gc,load     ] GC(72) Load: 0.00/0.00/0.00
[41.539s][info][gc,mmu      ] GC(72) MMU: 2ms/97.7%, 5ms/99.1%, 10ms/99.4%, 20ms/99.7%, 50ms/99.9%, 100ms/99.9%
[41.539s][info][gc,marking  ] GC(72) Mark: 1 stripe(s), 2 proactive flush(es), 1 terminate flush(es), 0 completion(s), 0 continuation(s) 
[41.539s][info][gc,marking  ] GC(72) Mark Stack Usage: 32M
[41.539s][info][gc,nmethod  ] GC(72) NMethods: 1340 registered, 30 unregistered
[41.539s][info][gc,metaspace] GC(72) Metaspace: 11M used, 11M committed, 1088M reserved
[41.539s][info][gc,ref      ] GC(72) Soft: 197 encountered, 0 discovered, 0 enqueued
[41.539s][info][gc,ref      ] GC(72) Weak: 695 encountered, 554 discovered, 0 enqueued
[41.539s][info][gc,ref      ] GC(72) Final: 0 encountered, 0 discovered, 0 enqueued
[41.539s][info][gc,ref      ] GC(72) Phantom: 36 encountered, 17 discovered, 0 enqueued
[41.539s][info][gc,reloc    ] GC(72) Small Pages: 997 / 1994M, Empty: 1866M, Relocated: 1M, In-Place: 0
[41.539s][info][gc,reloc    ] GC(72) Medium Pages: 11 / 352M, Empty: 320M, Relocated: 0M, In-Place: 0
[41.539s][info][gc,reloc    ] GC(72) Large Pages: 1 / 6M, Empty: 0M, Relocated: 0M, In-Place: 0
[41.539s][info][gc,reloc    ] GC(72) Forwarding Usage: 0M
[41.539s][info][gc,heap     ] GC(72) Min Capacity: 4096M(100%)
[41.539s][info][gc,heap     ] GC(72) Max Capacity: 4096M(100%)
[41.539s][info][gc,heap     ] GC(72) Soft Max Capacity: 4096M(100%)
[41.539s][info][gc,heap     ] GC(72)                Mark Start          Mark End        Relocate Start      Relocate End           High               Low         
[41.539s][info][gc,heap     ] GC(72)  Capacity:     4096M (100%)       4096M (100%)       4096M (100%)       4096M (100%)       4096M (100%)       4096M (100%)   
[41.539s][info][gc,heap     ] GC(72)      Free:     1744M (43%)        1150M (28%)        3332M (81%)        3368M (82%)        3368M (82%)        1146M (28%)    
[41.539s][info][gc,heap     ] GC(72)      Used:     2352M (57%)        2946M (72%)         764M (19%)         728M (18%)        2950M (72%)         728M (18%)    
[41.539s][info][gc,heap     ] GC(72)      Live:         -               100M (2%)          100M (2%)          100M (2%)             -                  -          
[41.539s][info][gc,heap     ] GC(72) Allocated:         -               594M (15%)         598M (15%)         597M (15%)            -                  -          
[41.539s][info][gc,heap     ] GC(72)   Garbage:         -              2251M (55%)          65M (2%)           29M (1%)             -                  -          
[41.539s][info][gc,heap     ] GC(72) Reclaimed:         -                  -              2186M (53%)        2221M (54%)            -                  -          
[41.539s][info][gc          ] GC(72) Garbage Collection (Allocation Rate) 2352M(57%)->728M(18%)
[41.974s][info][gc,start    ] GC(73) Garbage Collection (Allocation Rate)
[41.974s][info][gc,task     ] GC(73) Using 1 workers
[41.974s][info][gc,phases   ] GC(73) Pause Mark Start 0.008ms
[42.184s][info][gc,phases   ] GC(73) Concurrent Mark 210.096ms
[42.184s][info][gc,phases   ] GC(73) Pause Mark End 0.013ms
[42.184s][info][gc,phases   ] GC(73) Concurrent Mark Free 0.001ms
[42.187s][info][gc,phases   ] GC(73) Concurrent Process Non-Strong References 2.986ms
[42.187s][info][gc,phases   ] GC(73) Concurrent Reset Relocation Set 0.002ms
[42.191s][info][gc,phases   ] GC(73) Concurrent Select Relocation Set 3.571ms
[42.191s][info][gc,phases   ] GC(73) Pause Relocate Start 0.018ms
[42.195s][info][gc,phases   ] GC(73) Concurrent Relocate 3.544ms
[42.195s][info][gc,load     ] GC(73) Load: 0.00/0.00/0.00
[42.195s][info][gc,mmu      ] GC(73) MMU: 2ms/97.7%, 5ms/99.1%, 10ms/99.4%, 20ms/99.7%, 50ms/99.9%, 100ms/99.9%
[42.195s][info][gc,marking  ] GC(73) Mark: 1 stripe(s), 2 proactive flush(es), 1 terminate flush(es), 0 completion(s), 0 continuation(s) 
[42.195s][info][gc,marking  ] GC(73) Mark Stack Usage: 32M
[42.195s][info][gc,nmethod  ] GC(73) NMethods: 1340 registered, 30 unregistered
[42.195s][info][gc,metaspace] GC(73) Metaspace: 11M used, 11M committed, 1088M reserved
[42.195s][info][gc,ref      ] GC(73) Soft: 197 encountered, 0 discovered, 0 enqueued
[42.195s][info][gc,ref      ] GC(73) Weak: 695 encountered, 187 discovered, 0 enqueued
[42.195s][info][gc,ref      ] GC(73) Final: 0 encountered, 0 discovered, 0 enqueued
[42.195s][info][gc,ref      ] GC(73) Phantom: 36 encountered, 21 discovered, 0 enqueued
[42.195s][info][gc,reloc    ] GC(73) Small Pages: 1161 / 2322M, Empty: 2200M, Relocated: 0M, In-Place: 0
[42.195s][info][gc,reloc    ] GC(73) Medium Pages: 13 / 416M, Empty: 352M, Relocated: 3M, In-Place: 0
[42.195s][info][gc,reloc    ] GC(73) Large Pages: 1 / 6M, Empty: 0M, Relocated: 0M, In-Place: 0
[42.195s][info][gc,reloc    ] GC(73) Forwarding Usage: 0M
[42.195s][info][gc,heap     ] GC(73) Min Capacity: 4096M(100%)
[42.195s][info][gc,heap     ] GC(73) Max Capacity: 4096M(100%)
[42.195s][info][gc,heap     ] GC(73) Soft Max Capacity: 4096M(100%)
[42.195s][info][gc,heap     ] GC(73)                Mark Start          Mark End        Relocate Start      Relocate End           High               Low         
[42.195s][info][gc,heap     ] GC(73)  Capacity:     4096M (100%)       4096M (100%)       4096M (100%)       4096M (100%)       4096M (100%)       4096M (100%)   
[42.195s][info][gc,heap     ] GC(73)      Free:     1352M (33%)         480M (12%)        3006M (73%)        3056M (75%)        3064M (75%)         480M (12%)    
[42.195s][info][gc,heap     ] GC(73)      Used:     2744M (67%)        3616M (88%)        1090M (27%)        1040M (25%)        3616M (88%)        1032M (25%)    
[42.195s][info][gc,heap     ] GC(73)      Live:         -                99M (2%)           99M (2%)           99M (2%)             -                  -          
[42.195s][info][gc,heap     ] GC(73) Allocated:         -               872M (21%)         898M (22%)         909M (22%)            -                  -          
[42.195s][info][gc,heap     ] GC(73)   Garbage:         -              2644M (65%)          92M (2%)           30M (1%)             -                  -          
[42.195s][info][gc,heap     ] GC(73) Reclaimed:         -                  -              2552M (62%)        2613M (64%)            -                  -          
[42.195s][info][gc          ] GC(73) Garbage Collection (Allocation Rate) 2744M(67%)->1040M(25%)
[42.380s][info][gc,start    ] GC(74) Garbage Collection (System.gc())
[42.380s][info][gc,task     ] GC(74) Using 2 workers
[42.380s][info][gc,phases   ] GC(74) Pause Mark Start 0.006ms
[42.445s][info][gc,phases   ] GC(74) Concurrent Mark 65.099ms
[42.445s][info][gc,phases   ] GC(74) Pause Mark End 0.029ms
[42.445s][info][gc,phases   ] GC(74) Concurrent Mark Free 0.003ms
[42.447s][info][gc,phases   ] GC(74) Concurrent Process Non-Strong References 1.797ms
[42.447s][info][gc,phases   ] GC(74) Concurrent Reset Relocation Set 0.002ms
[42.449s][info][gc,phases   ] GC(74) Concurrent Select Relocation Set 1.764ms
[42.449s][info][gc,phases   ] GC(74) Pause Relocate Start 0.004ms
[42.450s][info][gc,phases   ] GC(74) Concurrent Relocate 0.954ms
[42.450s][info][gc,load     ] GC(74) Load: 0.00/0.00/0.00
[42.450s][info][gc,mmu      ] GC(74) MMU: 2ms/97.7%, 5ms/99.1%, 10ms/99.4%, 20ms/99.7%, 50ms/99.9%, 100ms/99.9%
[42.450s][info][gc,marking  ] GC(74) Mark: 2 stripe(s), 1 proactive flush(es), 1 terminate flush(es), 0 completion(s), 0 continuation(s) 
[42.450s][info][gc,marking  ] GC(74) Mark Stack Usage: 32M
[42.450s][info][gc,nmethod  ] GC(74) NMethods: 1341 registered, 30 unregistered
[42.450s][info][gc,metaspace] GC(74) Metaspace: 11M used, 11M committed, 1088M reserved
[42.450s][info][gc,ref      ] GC(74) Soft: 197 encountered, 0 discovered, 0 enqueued
[42.450s][info][gc,ref      ] GC(74) Weak: 695 encountered, 5 discovered, 0 enqueued
[42.450s][info][gc,ref      ] GC(74) Final: 0 encountered, 0 discovered, 0 enqueued
[42.450s][info][gc,ref      ] GC(74) Phantom: 36 encountered, 16 discovered, 0 enqueued
[42.450s][info][gc,reloc    ] GC(74) Small Pages: 791 / 1582M, Empty: 1480M, Relocated: 0M, In-Place: 0
[42.450s][info][gc,reloc    ] GC(74) Medium Pages: 9 / 288M, Empty: 288M, Relocated: 0M, In-Place: 0
[42.450s][info][gc,reloc    ] GC(74) Large Pages: 1 / 6M, Empty: 0M, Relocated: 0M, In-Place: 0
[42.450s][info][gc,reloc    ] GC(74) Forwarding Usage: 0M
[42.450s][info][gc,heap     ] GC(74) Min Capacity: 4096M(100%)
[42.450s][info][gc,heap     ] GC(74) Max Capacity: 4096M(100%)
[42.450s][info][gc,heap     ] GC(74) Soft Max Capacity: 4096M(100%)
[42.450s][info][gc,heap     ] GC(74)                Mark Start          Mark End        Relocate Start      Relocate End           High               Low         
[42.450s][info][gc,heap     ] GC(74)  Capacity:     4096M (100%)       4096M (100%)       4096M (100%)       4096M (100%)       4096M (100%)       4096M (100%)   
[42.450s][info][gc,heap     ] GC(74)      Free:     2220M (54%)        2220M (54%)        3988M (97%)        3996M (98%)        3996M (98%)        2220M (54%)    
[42.450s][info][gc,heap     ] GC(74)      Used:     1876M (46%)        1876M (46%)         108M (3%)          100M (2%)         1876M (46%)         100M (2%)     
[42.450s][info][gc,heap     ] GC(74)      Live:         -                95M (2%)           95M (2%)           95M (2%)             -                  -          
[42.450s][info][gc,heap     ] GC(74) Allocated:         -                 0M (0%)            0M (0%)            0M (0%)             -                  -          
[42.450s][info][gc,heap     ] GC(74)   Garbage:         -              1780M (43%)          12M (0%)            4M (0%)             -                  -          
[42.450s][info][gc,heap     ] GC(74) Reclaimed:         -                  -              1768M (43%)        1776M (43%)            -                  -          
[42.450s][info][gc          ] GC(74) Garbage Collection (System.gc()) 1876M(46%)->100M(2%)
[42.979s][info][gc,start    ] GC(75) Garbage Collection (Allocation Rate)
[42.979s][info][gc,task     ] GC(75) Using 1 workers
[42.980s][info][gc,phases   ] GC(75) Pause Mark Start 0.016ms
[43.168s][info][gc,phases   ] GC(75) Concurrent Mark 188.242ms
[43.168s][info][gc,phases   ] GC(75) Pause Mark End 0.021ms
[43.168s][info][gc,phases   ] GC(75) Concurrent Mark Free 0.001ms
[43.183s][info][gc,phases   ] GC(75) Concurrent Process Non-Strong References 15.063ms
[43.183s][info][gc,phases   ] GC(75) Concurrent Reset Relocation Set 0.001ms
[43.186s][info][gc,phases   ] GC(75) Concurrent Select Relocation Set 2.444ms
[43.186s][info][gc,phases   ] GC(75) Pause Relocate Start 0.013ms
[43.190s][info][gc,phases   ] GC(75) Concurrent Relocate 3.612ms
[43.190s][info][gc,load     ] GC(75) Load: 0.00/0.00/0.00
[43.190s][info][gc,mmu      ] GC(75) MMU: 2ms/97.7%, 5ms/99.1%, 10ms/99.4%, 20ms/99.7%, 50ms/99.9%, 100ms/99.9%
[43.190s][info][gc,marking  ] GC(75) Mark: 1 stripe(s), 2 proactive flush(es), 1 terminate flush(es), 0 completion(s), 0 continuation(s) 
[43.190s][info][gc,marking  ] GC(75) Mark Stack Usage: 32M
[43.190s][info][gc,nmethod  ] GC(75) NMethods: 1344 registered, 30 unregistered
[43.190s][info][gc,metaspace] GC(75) Metaspace: 11M used, 11M committed, 1088M reserved
[43.190s][info][gc,ref      ] GC(75) Soft: 197 encountered, 0 discovered, 0 enqueued
[43.190s][info][gc,ref      ] GC(75) Weak: 695 encountered, 187 discovered, 0 enqueued
[43.190s][info][gc,ref      ] GC(75) Final: 0 encountered, 0 discovered, 0 enqueued
[43.190s][info][gc,ref      ] GC(75) Phantom: 36 encountered, 21 discovered, 0 enqueued
[43.190s][info][gc,reloc    ] GC(75) Small Pages: 1106 / 2212M, Empty: 2082M, Relocated: 5M, In-Place: 0
[43.190s][info][gc,reloc    ] GC(75) Medium Pages: 11 / 352M, Empty: 352M, Relocated: 0M, In-Place: 0
[43.190s][info][gc,reloc    ] GC(75) Large Pages: 1 / 6M, Empty: 0M, Relocated: 0M, In-Place: 0
[43.190s][info][gc,reloc    ] GC(75) Forwarding Usage: 1M
[43.190s][info][gc,heap     ] GC(75) Min Capacity: 4096M(100%)
[43.190s][info][gc,heap     ] GC(75) Max Capacity: 4096M(100%)
[43.190s][info][gc,heap     ] GC(75) Soft Max Capacity: 4096M(100%)
[43.190s][info][gc,heap     ] GC(75)                Mark Start          Mark End        Relocate Start      Relocate End           High               Low         
[43.190s][info][gc,heap     ] GC(75)  Capacity:     4096M (100%)       4096M (100%)       4096M (100%)       4096M (100%)       4096M (100%)       4096M (100%)   
[43.190s][info][gc,heap     ] GC(75)      Free:     1526M (37%)         768M (19%)        3130M (76%)        3166M (77%)        3166M (77%)         696M (17%)    
[43.190s][info][gc,heap     ] GC(75)      Used:     2570M (63%)        3328M (81%)         966M (24%)         930M (23%)        3400M (83%)         930M (23%)    
[43.190s][info][gc,heap     ] GC(75)      Live:         -                98M (2%)           98M (2%)           98M (2%)             -                  -          
[43.190s][info][gc,heap     ] GC(75) Allocated:         -               758M (19%)         830M (20%)         829M (20%)            -                  -          
[43.190s][info][gc,heap     ] GC(75)   Garbage:         -              2471M (60%)          37M (1%)            1M (0%)             -                  -          
[43.190s][info][gc,heap     ] GC(75) Reclaimed:         -                  -              2434M (59%)        2469M (60%)            -                  -          
[43.190s][info][gc          ] GC(75) Garbage Collection (Allocation Rate) 2570M(63%)->930M(23%)
[43.577s][info][gc,start    ] GC(76) Garbage Collection (Allocation Rate)
[43.577s][info][gc,task     ] GC(76) Using 1 workers
[43.577s][info][gc,phases   ] GC(76) Pause Mark Start 0.009ms
[43.734s][info][gc,phases   ] GC(76) Concurrent Mark 157.021ms
[43.734s][info][gc,phases   ] GC(76) Pause Mark End 0.023ms
[43.734s][info][gc,phases   ] GC(76) Concurrent Mark Free 0.001ms
[43.738s][info][gc,phases   ] GC(76) Concurrent Process Non-Strong References 3.202ms
[43.738s][info][gc,phases   ] GC(76) Concurrent Reset Relocation Set 0.002ms
[43.740s][info][gc,phases   ] GC(76) Concurrent Select Relocation Set 2.684ms
[43.740s][info][gc,phases   ] GC(76) Pause Relocate Start 0.011ms
[43.743s][info][gc,phases   ] GC(76) Concurrent Relocate 2.210ms
[43.743s][info][gc,load     ] GC(76) Load: 0.00/0.00/0.00
[43.743s][info][gc,mmu      ] GC(76) MMU: 2ms/97.7%, 5ms/99.1%, 10ms/99.4%, 20ms/99.7%, 50ms/99.9%, 100ms/99.9%
[43.743s][info][gc,marking  ] GC(76) Mark: 1 stripe(s), 2 proactive flush(es), 1 terminate flush(es), 0 completion(s), 0 continuation(s) 
[43.743s][info][gc,marking  ] GC(76) Mark Stack Usage: 32M
[43.743s][info][gc,nmethod  ] GC(76) NMethods: 1344 registered, 30 unregistered
[43.743s][info][gc,metaspace] GC(76) Metaspace: 11M used, 11M committed, 1088M reserved
[43.743s][info][gc,ref      ] GC(76) Soft: 197 encountered, 0 discovered, 0 enqueued
[43.743s][info][gc,ref      ] GC(76) Weak: 695 encountered, 554 discovered, 0 enqueued
[43.743s][info][gc,ref      ] GC(76) Final: 0 encountered, 0 discovered, 0 enqueued
[43.743s][info][gc,ref      ] GC(76) Phantom: 36 encountered, 17 discovered, 0 enqueued
[43.743s][info][gc,reloc    ] GC(76) Small Pages: 1133 / 2266M, Empty: 2104M, Relocated: 5M, In-Place: 0
[43.743s][info][gc,reloc    ] GC(76) Medium Pages: 11 / 352M, Empty: 320M, Relocated: 0M, In-Place: 0
[43.743s][info][gc,reloc    ] GC(76) Large Pages: 1 / 6M, Empty: 0M, Relocated: 0M, In-Place: 0
[43.743s][info][gc,reloc    ] GC(76) Forwarding Usage: 0M
[43.743s][info][gc,heap     ] GC(76) Min Capacity: 4096M(100%)
[43.743s][info][gc,heap     ] GC(76) Max Capacity: 4096M(100%)
[43.743s][info][gc,heap     ] GC(76) Soft Max Capacity: 4096M(100%)
[43.743s][info][gc,heap     ] GC(76)                Mark Start          Mark End        Relocate Start      Relocate End           High               Low         
[43.743s][info][gc,heap     ] GC(76)  Capacity:     4096M (100%)       4096M (100%)       4096M (100%)       4096M (100%)       4096M (100%)       4096M (100%)   
[43.743s][info][gc,heap     ] GC(76)      Free:     1472M (36%)         862M (21%)        3282M (80%)        3348M (82%)        3348M (82%)         860M (21%)    
[43.743s][info][gc,heap     ] GC(76)      Used:     2624M (64%)        3234M (79%)         814M (20%)         748M (18%)        3236M (79%)         748M (18%)    
[43.743s][info][gc,heap     ] GC(76)      Live:         -               100M (2%)          100M (2%)          100M (2%)             -                  -          
[43.743s][info][gc,heap     ] GC(76) Allocated:         -               610M (15%)         614M (15%)         613M (15%)            -                  -          
[43.743s][info][gc,heap     ] GC(76)   Garbage:         -              2523M (62%)          99M (2%)           33M (1%)             -                  -          
[43.743s][info][gc,heap     ] GC(76) Reclaimed:         -                  -              2424M (59%)        2489M (61%)            -                  -          
[43.743s][info][gc          ] GC(76) Garbage Collection (Allocation Rate) 2624M(64%)->748M(18%)
[44.174s][info][gc,start    ] GC(77) Garbage Collection (Allocation Rate)
[44.174s][info][gc,task     ] GC(77) Using 1 workers
[44.174s][info][gc,phases   ] GC(77) Pause Mark Start 0.007ms
[44.389s][info][gc,phases   ] GC(77) Concurrent Mark 215.232ms
[44.390s][info][gc,phases   ] GC(77) Pause Mark End 0.035ms
[44.390s][info][gc,phases   ] GC(77) Concurrent Mark Free 0.001ms
[44.393s][info][gc,phases   ] GC(77) Concurrent Process Non-Strong References 3.249ms
[44.393s][info][gc,phases   ] GC(77) Concurrent Reset Relocation Set 0.006ms
[44.396s][info][gc,phases   ] GC(77) Concurrent Select Relocation Set 2.639ms
[44.396s][info][gc,phases   ] GC(77) Pause Relocate Start 0.009ms
[44.398s][info][gc,phases   ] GC(77) Concurrent Relocate 1.853ms
[44.398s][info][gc,load     ] GC(77) Load: 0.00/0.00/0.00
[44.398s][info][gc,mmu      ] GC(77) MMU: 2ms/97.7%, 5ms/99.1%, 10ms/99.4%, 20ms/99.7%, 50ms/99.9%, 100ms/99.9%
[44.398s][info][gc,marking  ] GC(77) Mark: 1 stripe(s), 2 proactive flush(es), 1 terminate flush(es), 0 completion(s), 0 continuation(s) 
[44.398s][info][gc,marking  ] GC(77) Mark Stack Usage: 32M
[44.398s][info][gc,nmethod  ] GC(77) NMethods: 1344 registered, 30 unregistered
[44.398s][info][gc,metaspace] GC(77) Metaspace: 11M used, 11M committed, 1088M reserved
[44.398s][info][gc,ref      ] GC(77) Soft: 197 encountered, 0 discovered, 0 enqueued
[44.398s][info][gc,ref      ] GC(77) Weak: 695 encountered, 187 discovered, 0 enqueued
[44.398s][info][gc,ref      ] GC(77) Final: 0 encountered, 0 discovered, 0 enqueued
[44.398s][info][gc,ref      ] GC(77) Phantom: 36 encountered, 21 discovered, 0 enqueued
[44.398s][info][gc,reloc    ] GC(77) Small Pages: 1130 / 2260M, Empty: 2140M, Relocated: 1M, In-Place: 0
[44.398s][info][gc,reloc    ] GC(77) Medium Pages: 13 / 416M, Empty: 352M, Relocated: 3M, In-Place: 0
[44.398s][info][gc,reloc    ] GC(77) Large Pages: 1 / 6M, Empty: 0M, Relocated: 0M, In-Place: 0
[44.398s][info][gc,reloc    ] GC(77) Forwarding Usage: 0M
[44.398s][info][gc,heap     ] GC(77) Min Capacity: 4096M(100%)
[44.398s][info][gc,heap     ] GC(77) Max Capacity: 4096M(100%)
[44.398s][info][gc,heap     ] GC(77) Soft Max Capacity: 4096M(100%)
[44.398s][info][gc,heap     ] GC(77)                Mark Start          Mark End        Relocate Start      Relocate End           High               Low         
[44.398s][info][gc,heap     ] GC(77)  Capacity:     4096M (100%)       4096M (100%)       4096M (100%)       4096M (100%)       4096M (100%)       4096M (100%)   
[44.398s][info][gc,heap     ] GC(77)      Free:     1414M (35%)         544M (13%)        3028M (74%)        3088M (75%)        3088M (75%)         536M (13%)    
[44.398s][info][gc,heap     ] GC(77)      Used:     2682M (65%)        3552M (87%)        1068M (26%)        1008M (25%)        3560M (87%)        1008M (25%)    
[44.398s][info][gc,heap     ] GC(77)      Live:         -                99M (2%)           99M (2%)           99M (2%)             -                  -          
[44.398s][info][gc,heap     ] GC(77) Allocated:         -               870M (21%)         878M (21%)         877M (21%)            -                  -          
[44.398s][info][gc,heap     ] GC(77)   Garbage:         -              2582M (63%)          90M (2%)           30M (1%)             -                  -          
[44.398s][info][gc,heap     ] GC(77) Reclaimed:         -                  -              2492M (61%)        2551M (62%)            -                  -          
[44.398s][info][gc          ] GC(77) Garbage Collection (Allocation Rate) 2682M(65%)->1008M(25%)
[44.787s][info][gc,start    ] GC(78) Garbage Collection (Allocation Rate)
[44.787s][info][gc,task     ] GC(78) Using 2 workers
[44.787s][info][gc,phases   ] GC(78) Pause Mark Start 0.014ms
[44.881s][info][gc,phases   ] GC(78) Concurrent Mark 93.797ms
[44.882s][info][gc,phases   ] GC(78) Pause Mark End 0.016ms
[44.882s][info][gc,phases   ] GC(78) Concurrent Mark Free 0.002ms
[44.888s][info][gc,phases   ] GC(78) Concurrent Process Non-Strong References 5.825ms
[44.888s][info][gc,phases   ] GC(78) Concurrent Reset Relocation Set 0.002ms
[44.890s][info][gc,phases   ] GC(78) Concurrent Select Relocation Set 2.727ms
[44.891s][info][gc,phases   ] GC(78) Pause Relocate Start 0.014ms
[44.894s][info][gc,phases   ] GC(78) Concurrent Relocate 3.119ms
[44.894s][info][gc,load     ] GC(78) Load: 0.00/0.00/0.00
[44.894s][info][gc,mmu      ] GC(78) MMU: 2ms/97.7%, 5ms/99.1%, 10ms/99.4%, 20ms/99.7%, 50ms/99.9%, 100ms/99.9%
[44.894s][info][gc,marking  ] GC(78) Mark: 2 stripe(s), 2 proactive flush(es), 1 terminate flush(es), 0 completion(s), 0 continuation(s) 
[44.894s][info][gc,marking  ] GC(78) Mark Stack Usage: 32M
[44.894s][info][gc,nmethod  ] GC(78) NMethods: 1344 registered, 30 unregistered
[44.894s][info][gc,metaspace] GC(78) Metaspace: 11M used, 11M committed, 1088M reserved
[44.894s][info][gc,ref      ] GC(78) Soft: 197 encountered, 0 discovered, 0 enqueued
[44.894s][info][gc,ref      ] GC(78) Weak: 695 encountered, 374 discovered, 0 enqueued
[44.894s][info][gc,ref      ] GC(78) Final: 0 encountered, 0 discovered, 0 enqueued
[44.894s][info][gc,ref      ] GC(78) Phantom: 36 encountered, 29 discovered, 0 enqueued
[44.894s][info][gc,reloc    ] GC(78) Small Pages: 1163 / 2326M, Empty: 2198M, Relocated: 1M, In-Place: 0
[44.894s][info][gc,reloc    ] GC(78) Medium Pages: 13 / 416M, Empty: 352M, Relocated: 4M, In-Place: 0
[44.894s][info][gc,reloc    ] GC(78) Large Pages: 1 / 6M, Empty: 0M, Relocated: 0M, In-Place: 0
[44.894s][info][gc,reloc    ] GC(78) Forwarding Usage: 0M
[44.894s][info][gc,heap     ] GC(78) Min Capacity: 4096M(100%)
[44.894s][info][gc,heap     ] GC(78) Max Capacity: 4096M(100%)
[44.894s][info][gc,heap     ] GC(78) Soft Max Capacity: 4096M(100%)
[44.894s][info][gc,heap     ] GC(78)                Mark Start          Mark End        Relocate Start      Relocate End           High               Low         
[44.894s][info][gc,heap     ] GC(78)  Capacity:     4096M (100%)       4096M (100%)       4096M (100%)       4096M (100%)       4096M (100%)       4096M (100%)   
[44.894s][info][gc,heap     ] GC(78)      Free:     1348M (33%)        1030M (25%)        3570M (87%)        3624M (88%)        3630M (89%)        1030M (25%)    
[44.894s][info][gc,heap     ] GC(78)      Used:     2748M (67%)        3066M (75%)         526M (13%)         472M (12%)        3066M (75%)         466M (11%)    
[44.894s][info][gc,heap     ] GC(78)      Live:         -               101M (2%)          101M (2%)          101M (2%)             -                  -          
[44.894s][info][gc,heap     ] GC(78) Allocated:         -               318M (8%)          328M (8%)          341M (8%)             -                  -          
[44.894s][info][gc,heap     ] GC(78)   Garbage:         -              2646M (65%)          96M (2%)           28M (1%)             -                  -          
[44.894s][info][gc,heap     ] GC(78) Reclaimed:         -                  -              2550M (62%)        2617M (64%)            -                  -          
[44.894s][info][gc          ] GC(78) Garbage Collection (Allocation Rate) 2748M(67%)->472M(12%)
[45.384s][info][gc,start    ] GC(79) Garbage Collection (Allocation Rate)
[45.384s][info][gc,task     ] GC(79) Using 1 workers
[45.384s][info][gc,phases   ] GC(79) Pause Mark Start 0.008ms
[45.524s][info][gc,phases   ] GC(79) Concurrent Mark 139.378ms
[45.524s][info][gc,phases   ] GC(79) Pause Mark End 0.027ms
[45.524s][info][gc,phases   ] GC(79) Concurrent Mark Free 0.001ms
[45.527s][info][gc,phases   ] GC(79) Concurrent Process Non-Strong References 3.284ms
[45.527s][info][gc,phases   ] GC(79) Concurrent Reset Relocation Set 0.003ms
[45.530s][info][gc,phases   ] GC(79) Concurrent Select Relocation Set 2.681ms
[45.530s][info][gc,phases   ] GC(79) Pause Relocate Start 0.010ms
[45.531s][info][gc,phases   ] GC(79) Concurrent Relocate 0.641ms
[45.531s][info][gc,load     ] GC(79) Load: 0.00/0.00/0.00
[45.531s][info][gc,mmu      ] GC(79) MMU: 2ms/97.7%, 5ms/99.1%, 10ms/99.4%, 20ms/99.7%, 50ms/99.9%, 100ms/99.9%
[45.531s][info][gc,marking  ] GC(79) Mark: 1 stripe(s), 2 proactive flush(es), 1 terminate flush(es), 0 completion(s), 0 continuation(s) 
[45.531s][info][gc,marking  ] GC(79) Mark Stack Usage: 32M
[45.531s][info][gc,nmethod  ] GC(79) NMethods: 1344 registered, 30 unregistered
[45.531s][info][gc,metaspace] GC(79) Metaspace: 11M used, 11M committed, 1088M reserved
[45.531s][info][gc,ref      ] GC(79) Soft: 197 encountered, 0 discovered, 0 enqueued
[45.531s][info][gc,ref      ] GC(79) Weak: 695 encountered, 554 discovered, 0 enqueued
[45.531s][info][gc,ref      ] GC(79) Final: 0 encountered, 0 discovered, 0 enqueued
[45.531s][info][gc,ref      ] GC(79) Phantom: 36 encountered, 17 discovered, 0 enqueued
[45.531s][info][gc,reloc    ] GC(79) Small Pages: 1154 / 2308M, Empty: 2168M, Relocated: 3M, In-Place: 0
[45.531s][info][gc,reloc    ] GC(79) Medium Pages: 12 / 384M, Empty: 352M, Relocated: 0M, In-Place: 0
[45.531s][info][gc,reloc    ] GC(79) Large Pages: 1 / 6M, Empty: 0M, Relocated: 0M, In-Place: 0
[45.531s][info][gc,reloc    ] GC(79) Forwarding Usage: 0M
[45.531s][info][gc,heap     ] GC(79) Min Capacity: 4096M(100%)
[45.531s][info][gc,heap     ] GC(79) Max Capacity: 4096M(100%)
[45.531s][info][gc,heap     ] GC(79) Soft Max Capacity: 4096M(100%)
[45.531s][info][gc,heap     ] GC(79)                Mark Start          Mark End        Relocate Start      Relocate End           High               Low         
[45.531s][info][gc,heap     ] GC(79)  Capacity:     4096M (100%)       4096M (100%)       4096M (100%)       4096M (100%)       4096M (100%)       4096M (100%)   
[45.531s][info][gc,heap     ] GC(79)      Free:     1398M (34%)         874M (21%)        3388M (83%)        3432M (84%)        3432M (84%)         868M (21%)    
[45.531s][info][gc,heap     ] GC(79)      Used:     2698M (66%)        3222M (79%)         708M (17%)         664M (16%)        3228M (79%)         664M (16%)    
[45.531s][info][gc,heap     ] GC(79)      Live:         -                99M (2%)           99M (2%)           99M (2%)             -                  -          
[45.531s][info][gc,heap     ] GC(79) Allocated:         -               524M (13%)         530M (13%)         529M (13%)            -                  -          
[45.531s][info][gc,heap     ] GC(79)   Garbage:         -              2598M (63%)          78M (2%)           34M (1%)             -                  -          
[45.531s][info][gc,heap     ] GC(79) Reclaimed:         -                  -              2520M (62%)        2563M (63%)            -                  -          
[45.531s][info][gc          ] GC(79) Garbage Collection (Allocation Rate) 2698M(66%)->664M(16%)
[45.981s][info][gc,start    ] GC(80) Garbage Collection (Allocation Rate)
[45.981s][info][gc,task     ] GC(80) Using 1 workers
[45.981s][info][gc,phases   ] GC(80) Pause Mark Start 0.014ms
[46.141s][info][gc,phases   ] GC(80) Concurrent Mark 159.415ms
[46.141s][info][gc,phases   ] GC(80) Pause Mark End 0.015ms
[46.141s][info][gc,phases   ] GC(80) Concurrent Mark Free 0.001ms
[46.151s][info][gc,phases   ] GC(80) Concurrent Process Non-Strong References 10.442ms
[46.151s][info][gc,phases   ] GC(80) Concurrent Reset Relocation Set 0.003ms
[46.155s][info][gc,phases   ] GC(80) Concurrent Select Relocation Set 3.556ms
[46.155s][info][gc,phases   ] GC(80) Pause Relocate Start 0.011ms
[46.158s][info][gc,phases   ] GC(80) Concurrent Relocate 2.459ms
[46.158s][info][gc,load     ] GC(80) Load: 0.00/0.00/0.00
[46.158s][info][gc,mmu      ] GC(80) MMU: 2ms/97.7%, 5ms/99.1%, 10ms/99.4%, 20ms/99.7%, 50ms/99.9%, 100ms/99.9%
[46.158s][info][gc,marking  ] GC(80) Mark: 1 stripe(s), 2 proactive flush(es), 1 terminate flush(es), 0 completion(s), 0 continuation(s) 
[46.158s][info][gc,marking  ] GC(80) Mark Stack Usage: 32M
[46.158s][info][gc,nmethod  ] GC(80) NMethods: 1344 registered, 30 unregistered
[46.158s][info][gc,metaspace] GC(80) Metaspace: 11M used, 11M committed, 1088M reserved
[46.158s][info][gc,ref      ] GC(80) Soft: 197 encountered, 0 discovered, 0 enqueued
[46.158s][info][gc,ref      ] GC(80) Weak: 695 encountered, 554 discovered, 0 enqueued
[46.158s][info][gc,ref      ] GC(80) Final: 0 encountered, 0 discovered, 0 enqueued
[46.158s][info][gc,ref      ] GC(80) Phantom: 36 encountered, 17 discovered, 0 enqueued
[46.158s][info][gc,reloc    ] GC(80) Small Pages: 1131 / 2262M, Empty: 2138M, Relocated: 1M, In-Place: 0
[46.158s][info][gc,reloc    ] GC(80) Medium Pages: 13 / 416M, Empty: 352M, Relocated: 5M, In-Place: 0
[46.158s][info][gc,reloc    ] GC(80) Large Pages: 1 / 6M, Empty: 0M, Relocated: 0M, In-Place: 0
[46.158s][info][gc,reloc    ] GC(80) Forwarding Usage: 0M
[46.158s][info][gc,heap     ] GC(80) Min Capacity: 4096M(100%)
[46.158s][info][gc,heap     ] GC(80) Max Capacity: 4096M(100%)
[46.158s][info][gc,heap     ] GC(80) Soft Max Capacity: 4096M(100%)
[46.158s][info][gc,heap     ] GC(80)                Mark Start          Mark End        Relocate Start      Relocate End           High               Low         
[46.158s][info][gc,heap     ] GC(80)  Capacity:     4096M (100%)       4096M (100%)       4096M (100%)       4096M (100%)       4096M (100%)       4096M (100%)   
[46.158s][info][gc,heap     ] GC(80)      Free:     1412M (34%)         816M (20%)        3222M (79%)        3286M (80%)        3286M (80%)         748M (18%)    
[46.158s][info][gc,heap     ] GC(80)      Used:     2684M (66%)        3280M (80%)         874M (21%)         810M (20%)        3348M (82%)         810M (20%)    
[46.158s][info][gc,heap     ] GC(80)      Live:         -               101M (2%)          101M (2%)          101M (2%)             -                  -          
[46.158s][info][gc,heap     ] GC(80) Allocated:         -               596M (15%)         680M (17%)         679M (17%)            -                  -          
[46.158s][info][gc,heap     ] GC(80)   Garbage:         -              2582M (63%)          92M (2%)           28M (1%)             -                  -          
[46.158s][info][gc,heap     ] GC(80) Reclaimed:         -                  -              2490M (61%)        2553M (62%)            -                  -          
[46.158s][info][gc          ] GC(80) Garbage Collection (Allocation Rate) 2684M(66%)->810M(20%)
[46.578s][info][gc,start    ] GC(81) Garbage Collection (Allocation Rate)
[46.578s][info][gc,task     ] GC(81) Using 1 workers
[46.578s][info][gc,phases   ] GC(81) Pause Mark Start 0.007ms
[46.829s][info][gc,phases   ] GC(81) Concurrent Mark 251.310ms
[46.830s][info][gc,phases   ] GC(81) Pause Mark End 0.033ms
[46.830s][info][gc,phases   ] GC(81) Concurrent Mark Free 0.002ms
[46.833s][info][gc,phases   ] GC(81) Concurrent Process Non-Strong References 3.151ms
[46.833s][info][gc,phases   ] GC(81) Concurrent Reset Relocation Set 0.003ms
[46.836s][info][gc,phases   ] GC(81) Concurrent Select Relocation Set 2.553ms
[46.836s][info][gc,phases   ] GC(81) Pause Relocate Start 0.012ms
[46.837s][info][gc,phases   ] GC(81) Concurrent Relocate 0.988ms
[46.837s][info][gc,load     ] GC(81) Load: 0.00/0.00/0.00
[46.837s][info][gc,mmu      ] GC(81) MMU: 2ms/97.7%, 5ms/99.1%, 10ms/99.4%, 20ms/99.7%, 50ms/99.9%, 100ms/99.9%
[46.837s][info][gc,marking  ] GC(81) Mark: 1 stripe(s), 2 proactive flush(es), 1 terminate flush(es), 0 completion(s), 0 continuation(s) 
[46.837s][info][gc,marking  ] GC(81) Mark Stack Usage: 32M
[46.837s][info][gc,nmethod  ] GC(81) NMethods: 1344 registered, 30 unregistered
[46.837s][info][gc,metaspace] GC(81) Metaspace: 11M used, 11M committed, 1088M reserved
[46.837s][info][gc,ref      ] GC(81) Soft: 197 encountered, 0 discovered, 0 enqueued
[46.837s][info][gc,ref      ] GC(81) Weak: 695 encountered, 187 discovered, 0 enqueued
[46.837s][info][gc,ref      ] GC(81) Final: 0 encountered, 0 discovered, 0 enqueued
[46.837s][info][gc,ref      ] GC(81) Phantom: 36 encountered, 21 discovered, 0 enqueued
[46.837s][info][gc,reloc    ] GC(81) Small Pages: 1121 / 2242M, Empty: 2126M, Relocated: 1M, In-Place: 0
[46.837s][info][gc,reloc    ] GC(81) Medium Pages: 12 / 384M, Empty: 352M, Relocated: 0M, In-Place: 0
[46.837s][info][gc,reloc    ] GC(81) Large Pages: 1 / 6M, Empty: 0M, Relocated: 0M, In-Place: 0
[46.837s][info][gc,reloc    ] GC(81) Forwarding Usage: 0M
[46.837s][info][gc,heap     ] GC(81) Min Capacity: 4096M(100%)
[46.837s][info][gc,heap     ] GC(81) Max Capacity: 4096M(100%)
[46.837s][info][gc,heap     ] GC(81) Soft Max Capacity: 4096M(100%)
[46.837s][info][gc,heap     ] GC(81)                Mark Start          Mark End        Relocate Start      Relocate End           High               Low         
[46.837s][info][gc,heap     ] GC(81)  Capacity:     4096M (100%)       4096M (100%)       4096M (100%)       4096M (100%)       4096M (100%)       4096M (100%)   
[46.837s][info][gc,heap     ] GC(81)      Free:     1464M (36%)         396M (10%)        2872M (70%)        2896M (71%)        2896M (71%)         394M (10%)    
[46.837s][info][gc,heap     ] GC(81)      Used:     2632M (64%)        3700M (90%)        1224M (30%)        1200M (29%)        3702M (90%)        1200M (29%)    
[46.837s][info][gc,heap     ] GC(81)      Live:         -                99M (2%)           99M (2%)           99M (2%)             -                  -          
[46.837s][info][gc,heap     ] GC(81) Allocated:         -              1068M (26%)        1070M (26%)        1069M (26%)            -                  -          
[46.837s][info][gc,heap     ] GC(81)   Garbage:         -              2532M (62%)          54M (1%)           30M (1%)             -                  -          
[46.837s][info][gc,heap     ] GC(81) Reclaimed:         -                  -              2478M (60%)        2501M (61%)            -                  -          
[46.837s][info][gc          ] GC(81) Garbage Collection (Allocation Rate) 2632M(64%)->1200M(29%)
[46.957s][info][gc,start    ] GC(82) Garbage Collection (System.gc())
[46.957s][info][gc,task     ] GC(82) Using 2 workers
[46.957s][info][gc,phases   ] GC(82) Pause Mark Start 0.008ms
[47.018s][info][gc,phases   ] GC(82) Concurrent Mark 60.524ms
[47.018s][info][gc,phases   ] GC(82) Pause Mark End 0.016ms
[47.018s][info][gc,phases   ] GC(82) Concurrent Mark Free 0.001ms
[47.019s][info][gc,phases   ] GC(82) Concurrent Process Non-Strong References 1.361ms
[47.019s][info][gc,phases   ] GC(82) Concurrent Reset Relocation Set 0.001ms
[47.020s][info][gc,phases   ] GC(82) Concurrent Select Relocation Set 1.301ms
[47.021s][info][gc,phases   ] GC(82) Pause Relocate Start 0.008ms
[47.021s][info][gc,phases   ] GC(82) Concurrent Relocate 0.686ms
[47.021s][info][gc,load     ] GC(82) Load: 0.00/0.00/0.00
[47.021s][info][gc,mmu      ] GC(82) MMU: 2ms/97.7%, 5ms/99.1%, 10ms/99.4%, 20ms/99.7%, 50ms/99.9%, 100ms/99.9%
[47.021s][info][gc,marking  ] GC(82) Mark: 2 stripe(s), 1 proactive flush(es), 1 terminate flush(es), 0 completion(s), 0 continuation(s) 
[47.021s][info][gc,marking  ] GC(82) Mark Stack Usage: 32M
[47.021s][info][gc,nmethod  ] GC(82) NMethods: 1344 registered, 30 unregistered
[47.021s][info][gc,metaspace] GC(82) Metaspace: 11M used, 11M committed, 1088M reserved
[47.021s][info][gc,ref      ] GC(82) Soft: 197 encountered, 0 discovered, 0 enqueued
[47.021s][info][gc,ref      ] GC(82) Weak: 695 encountered, 167 discovered, 0 enqueued
[47.021s][info][gc,ref      ] GC(82) Final: 0 encountered, 0 discovered, 0 enqueued
[47.021s][info][gc,ref      ] GC(82) Phantom: 36 encountered, 16 discovered, 0 enqueued
[47.021s][info][gc,reloc    ] GC(82) Small Pages: 708 / 1416M, Empty: 1320M, Relocated: 1M, In-Place: 0
[47.021s][info][gc,reloc    ] GC(82) Medium Pages: 8 / 256M, Empty: 256M, Relocated: 0M, In-Place: 0
[47.021s][info][gc,reloc    ] GC(82) Large Pages: 1 / 6M, Empty: 0M, Relocated: 0M, In-Place: 0
[47.021s][info][gc,reloc    ] GC(82) Forwarding Usage: 0M
[47.021s][info][gc,heap     ] GC(82) Min Capacity: 4096M(100%)
[47.021s][info][gc,heap     ] GC(82) Max Capacity: 4096M(100%)
[47.021s][info][gc,heap     ] GC(82) Soft Max Capacity: 4096M(100%)
[47.021s][info][gc,heap     ] GC(82)                Mark Start          Mark End        Relocate Start      Relocate End           High               Low         
[47.021s][info][gc,heap     ] GC(82)  Capacity:     4096M (100%)       4096M (100%)       4096M (100%)       4096M (100%)       4096M (100%)       4096M (100%)   
[47.021s][info][gc,heap     ] GC(82)      Free:     2418M (59%)        2418M (59%)        3994M (98%)        3996M (98%)        3996M (98%)        2418M (59%)    
[47.021s][info][gc,heap     ] GC(82)      Used:     1678M (41%)        1678M (41%)         102M (2%)          100M (2%)         1678M (41%)         100M (2%)     
[47.021s][info][gc,heap     ] GC(82)      Live:         -                95M (2%)           95M (2%)           95M (2%)             -                  -          
[47.021s][info][gc,heap     ] GC(82) Allocated:         -                 0M (0%)            0M (0%)            0M (0%)             -                  -          
[47.021s][info][gc,heap     ] GC(82)   Garbage:         -              1582M (39%)           6M (0%)            4M (0%)             -                  -          
[47.021s][info][gc,heap     ] GC(82) Reclaimed:         -                  -              1576M (38%)        1578M (39%)            -                  -          
[47.021s][info][gc          ] GC(82) Garbage Collection (System.gc()) 1678M(41%)->100M(2%)
[47.677s][info][gc,start    ] GC(83) Garbage Collection (Allocation Rate)
[47.677s][info][gc,task     ] GC(83) Using 2 workers
[47.677s][info][gc,phases   ] GC(83) Pause Mark Start 0.011ms
[47.756s][info][gc,phases   ] GC(83) Concurrent Mark 78.329ms
[47.756s][info][gc,phases   ] GC(83) Pause Mark End 0.016ms
[47.756s][info][gc,phases   ] GC(83) Concurrent Mark Free 0.001ms
[47.757s][info][gc,phases   ] GC(83) Concurrent Process Non-Strong References 1.421ms
[47.757s][info][gc,phases   ] GC(83) Concurrent Reset Relocation Set 0.001ms
[47.759s][info][gc,phases   ] GC(83) Concurrent Select Relocation Set 1.981ms
[47.760s][info][gc,phases   ] GC(83) Pause Relocate Start 0.008ms
[47.760s][info][gc,phases   ] GC(83) Concurrent Relocate 0.541ms
[47.760s][info][gc,load     ] GC(83) Load: 0.00/0.00/0.00
[47.760s][info][gc,mmu      ] GC(83) MMU: 2ms/97.7%, 5ms/99.1%, 10ms/99.4%, 20ms/99.7%, 50ms/99.9%, 100ms/99.9%
[47.760s][info][gc,marking  ] GC(83) Mark: 2 stripe(s), 2 proactive flush(es), 1 terminate flush(es), 0 completion(s), 0 continuation(s) 
[47.760s][info][gc,marking  ] GC(83) Mark Stack Usage: 32M
[47.760s][info][gc,nmethod  ] GC(83) NMethods: 1347 registered, 30 unregistered
[47.760s][info][gc,metaspace] GC(83) Metaspace: 11M used, 11M committed, 1088M reserved
[47.760s][info][gc,ref      ] GC(83) Soft: 197 encountered, 0 discovered, 0 enqueued
[47.760s][info][gc,ref      ] GC(83) Weak: 695 encountered, 316 discovered, 0 enqueued
[47.760s][info][gc,ref      ] GC(83) Final: 0 encountered, 0 discovered, 0 enqueued
[47.760s][info][gc,ref      ] GC(83) Phantom: 36 encountered, 28 discovered, 0 enqueued
[47.760s][info][gc,reloc    ] GC(83) Small Pages: 1273 / 2546M, Empty: 2410M, Relocated: 3M, In-Place: 0
[47.760s][info][gc,reloc    ] GC(83) Medium Pages: 12 / 384M, Empty: 384M, Relocated: 0M, In-Place: 0
[47.760s][info][gc,reloc    ] GC(83) Large Pages: 1 / 6M, Empty: 0M, Relocated: 0M, In-Place: 0
[47.760s][info][gc,reloc    ] GC(83) Forwarding Usage: 0M
[47.760s][info][gc,heap     ] GC(83) Min Capacity: 4096M(100%)
[47.760s][info][gc,heap     ] GC(83) Max Capacity: 4096M(100%)
[47.760s][info][gc,heap     ] GC(83) Soft Max Capacity: 4096M(100%)
[47.760s][info][gc,heap     ] GC(83)                Mark Start          Mark End        Relocate Start      Relocate End           High               Low         
[47.760s][info][gc,heap     ] GC(83)  Capacity:     4096M (100%)       4096M (100%)       4096M (100%)       4096M (100%)       4096M (100%)       4096M (100%)   
[47.760s][info][gc,heap     ] GC(83)      Free:     1160M (28%)         900M (22%)        3692M (90%)        3732M (91%)        3732M (91%)         898M (22%)    
[47.760s][info][gc,heap     ] GC(83)      Used:     2936M (72%)        3196M (78%)         404M (10%)         364M (9%)         3198M (78%)         364M (9%)     
[47.760s][info][gc,heap     ] GC(83)      Live:         -                99M (2%)           99M (2%)           99M (2%)             -                  -          
[47.760s][info][gc,heap     ] GC(83) Allocated:         -               260M (6%)          262M (6%)          262M (6%)             -                  -          
[47.760s][info][gc,heap     ] GC(83)   Garbage:         -              2836M (69%)          42M (1%)            2M (0%)             -                  -          
[47.760s][info][gc,heap     ] GC(83) Reclaimed:         -                  -              2794M (68%)        2834M (69%)            -                  -          
[47.760s][info][gc          ] GC(83) Garbage Collection (Allocation Rate) 2936M(72%)->364M(9%)
[48.274s][info][gc,start    ] GC(84) Garbage Collection (Allocation Rate)
[48.274s][info][gc,task     ] GC(84) Using 1 workers
[48.275s][info][gc,phases   ] GC(84) Pause Mark Start 0.008ms
[48.421s][info][gc,phases   ] GC(84) Concurrent Mark 146.113ms
[48.421s][info][gc,phases   ] GC(84) Pause Mark End 0.013ms
[48.421s][info][gc,phases   ] GC(84) Concurrent Mark Free 0.001ms
[48.424s][info][gc,phases   ] GC(84) Concurrent Process Non-Strong References 3.451ms
[48.424s][info][gc,phases   ] GC(84) Concurrent Reset Relocation Set 0.005ms
[48.428s][info][gc,phases   ] GC(84) Concurrent Select Relocation Set 3.924ms
[48.429s][info][gc,phases   ] GC(84) Pause Relocate Start 0.018ms
[48.433s][info][gc,phases   ] GC(84) Concurrent Relocate 4.476ms
[48.433s][info][gc,load     ] GC(84) Load: 0.00/0.00/0.00
[48.433s][info][gc,mmu      ] GC(84) MMU: 2ms/97.7%, 5ms/99.1%, 10ms/99.4%, 20ms/99.7%, 50ms/99.9%, 100ms/99.9%
[48.433s][info][gc,marking  ] GC(84) Mark: 1 stripe(s), 2 proactive flush(es), 1 terminate flush(es), 0 completion(s), 0 continuation(s) 
[48.433s][info][gc,marking  ] GC(84) Mark Stack Usage: 32M
[48.433s][info][gc,nmethod  ] GC(84) NMethods: 1348 registered, 32 unregistered
[48.433s][info][gc,metaspace] GC(84) Metaspace: 11M used, 11M committed, 1088M reserved
[48.433s][info][gc,ref      ] GC(84) Soft: 197 encountered, 0 discovered, 0 enqueued
[48.433s][info][gc,ref      ] GC(84) Weak: 695 encountered, 554 discovered, 0 enqueued
[48.433s][info][gc,ref      ] GC(84) Final: 0 encountered, 0 discovered, 0 enqueued
[48.433s][info][gc,ref      ] GC(84) Phantom: 36 encountered, 17 discovered, 0 enqueued
[48.433s][info][gc,reloc    ] GC(84) Small Pages: 1134 / 2268M, Empty: 2134M, Relocated: 4M, In-Place: 0
[48.433s][info][gc,reloc    ] GC(84) Medium Pages: 11 / 352M, Empty: 320M, Relocated: 0M, In-Place: 0
[48.433s][info][gc,reloc    ] GC(84) Large Pages: 1 / 6M, Empty: 0M, Relocated: 0M, In-Place: 0
[48.433s][info][gc,reloc    ] GC(84) Forwarding Usage: 1M
[48.433s][info][gc,heap     ] GC(84) Min Capacity: 4096M(100%)
[48.433s][info][gc,heap     ] GC(84) Max Capacity: 4096M(100%)
[48.433s][info][gc,heap     ] GC(84) Soft Max Capacity: 4096M(100%)
[48.433s][info][gc,heap     ] GC(84)                Mark Start          Mark End        Relocate Start      Relocate End           High               Low         
[48.433s][info][gc,heap     ] GC(84)  Capacity:     4096M (100%)       4096M (100%)       4096M (100%)       4096M (100%)       4096M (100%)       4096M (100%)   
[48.433s][info][gc,heap     ] GC(84)      Free:     1470M (36%)         952M (23%)        3368M (82%)        3396M (83%)        3404M (83%)         934M (23%)    
[48.433s][info][gc,heap     ] GC(84)      Used:     2626M (64%)        3144M (77%)         728M (18%)         700M (17%)        3162M (77%)         692M (17%)    
[48.433s][info][gc,heap     ] GC(84)      Live:         -               100M (2%)          100M (2%)          100M (2%)             -                  -          
[48.433s][info][gc,heap     ] GC(84) Allocated:         -               518M (13%)         556M (14%)         567M (14%)            -                  -          
[48.433s][info][gc,heap     ] GC(84)   Garbage:         -              2525M (62%)          71M (2%)           31M (1%)             -                  -          
[48.433s][info][gc,heap     ] GC(84) Reclaimed:         -                  -              2454M (60%)        2493M (61%)            -                  -          
[48.433s][info][gc          ] GC(84) Garbage Collection (Allocation Rate) 2626M(64%)->700M(17%)
[48.887s][info][gc,start    ] GC(85) Garbage Collection (Allocation Rate)
[48.887s][info][gc,task     ] GC(85) Using 1 workers
[48.887s][info][gc,phases   ] GC(85) Pause Mark Start 0.009ms
[49.125s][info][gc,phases   ] GC(85) Concurrent Mark 237.831ms
[49.125s][info][gc,phases   ] GC(85) Pause Mark End 0.017ms
[49.125s][info][gc,phases   ] GC(85) Concurrent Mark Free 0.001ms
[49.131s][info][gc,phases   ] GC(85) Concurrent Process Non-Strong References 6.003ms
[49.131s][info][gc,phases   ] GC(85) Concurrent Reset Relocation Set 0.002ms
[49.134s][info][gc,phases   ] GC(85) Concurrent Select Relocation Set 3.218ms
[49.135s][info][gc,phases   ] GC(85) Pause Relocate Start 0.017ms
[49.137s][info][gc,phases   ] GC(85) Concurrent Relocate 1.897ms
[49.137s][info][gc,load     ] GC(85) Load: 0.00/0.00/0.00
[49.137s][info][gc,mmu      ] GC(85) MMU: 2ms/97.7%, 5ms/99.1%, 10ms/99.4%, 20ms/99.7%, 50ms/99.9%, 100ms/99.9%
[49.137s][info][gc,marking  ] GC(85) Mark: 1 stripe(s), 2 proactive flush(es), 1 terminate flush(es), 0 completion(s), 0 continuation(s) 
[49.137s][info][gc,marking  ] GC(85) Mark Stack Usage: 32M
[49.137s][info][gc,nmethod  ] GC(85) NMethods: 1348 registered, 32 unregistered
[49.137s][info][gc,metaspace] GC(85) Metaspace: 11M used, 11M committed, 1088M reserved
[49.137s][info][gc,ref      ] GC(85) Soft: 197 encountered, 0 discovered, 0 enqueued
[49.137s][info][gc,ref      ] GC(85) Weak: 695 encountered, 187 discovered, 0 enqueued
[49.137s][info][gc,ref      ] GC(85) Final: 0 encountered, 0 discovered, 0 enqueued
[49.137s][info][gc,ref      ] GC(85) Phantom: 36 encountered, 21 discovered, 0 enqueued
[49.137s][info][gc,reloc    ] GC(85) Small Pages: 1121 / 2242M, Empty: 2120M, Relocated: 1M, In-Place: 0
[49.137s][info][gc,reloc    ] GC(85) Medium Pages: 12 / 384M, Empty: 352M, Relocated: 0M, In-Place: 0
[49.137s][info][gc,reloc    ] GC(85) Large Pages: 1 / 6M, Empty: 0M, Relocated: 0M, In-Place: 0
[49.137s][info][gc,reloc    ] GC(85) Forwarding Usage: 0M
[49.137s][info][gc,heap     ] GC(85) Min Capacity: 4096M(100%)
[49.137s][info][gc,heap     ] GC(85) Max Capacity: 4096M(100%)
[49.137s][info][gc,heap     ] GC(85) Soft Max Capacity: 4096M(100%)
[49.137s][info][gc,heap     ] GC(85)                Mark Start          Mark End        Relocate Start      Relocate End           High               Low         
[49.137s][info][gc,heap     ] GC(85)  Capacity:     4096M (100%)       4096M (100%)       4096M (100%)       4096M (100%)       4096M (100%)       4096M (100%)   
[49.137s][info][gc,heap     ] GC(85)      Free:     1464M (36%)         472M (12%)        2924M (71%)        2954M (72%)        2954M (72%)         470M (11%)    
[49.137s][info][gc,heap     ] GC(85)      Used:     2632M (64%)        3624M (88%)        1172M (29%)        1142M (28%)        3626M (89%)        1142M (28%)    
[49.137s][info][gc,heap     ] GC(85)      Live:         -                99M (2%)           99M (2%)           99M (2%)             -                  -          
[49.137s][info][gc,heap     ] GC(85) Allocated:         -               992M (24%)        1012M (25%)        1011M (25%)            -                  -          
[49.137s][info][gc,heap     ] GC(85)   Garbage:         -              2532M (62%)          60M (1%)           30M (1%)             -                  -          
[49.137s][info][gc,heap     ] GC(85) Reclaimed:         -                  -              2472M (60%)        2501M (61%)            -                  -          
[49.137s][info][gc          ] GC(85) Garbage Collection (Allocation Rate) 2632M(64%)->1142M(28%)
[49.373s][info][gc,start    ] GC(86) Garbage Collection (Allocation Rate)
[49.373s][info][gc,task     ] GC(86) Using 1 workers
[49.373s][info][gc,phases   ] GC(86) Pause Mark Start 0.009ms
[49.510s][info][gc,phases   ] GC(86) Concurrent Mark 136.297ms
[49.510s][info][gc,phases   ] GC(86) Pause Mark End 0.021ms
[49.510s][info][gc,phases   ] GC(86) Concurrent Mark Free 0.002ms
[49.530s][info][gc,phases   ] GC(86) Concurrent Process Non-Strong References 20.335ms
[49.530s][info][gc,phases   ] GC(86) Concurrent Reset Relocation Set 0.005ms
[49.534s][info][gc,phases   ] GC(86) Concurrent Select Relocation Set 3.712ms
[49.534s][info][gc,phases   ] GC(86) Pause Relocate Start 0.013ms
[49.537s][info][gc,phases   ] GC(86) Concurrent Relocate 2.126ms
[49.537s][info][gc,load     ] GC(86) Load: 0.00/0.00/0.00
[49.537s][info][gc,mmu      ] GC(86) MMU: 2ms/97.7%, 5ms/99.1%, 10ms/99.4%, 20ms/99.7%, 50ms/99.9%, 100ms/99.9%
[49.537s][info][gc,marking  ] GC(86) Mark: 1 stripe(s), 2 proactive flush(es), 1 terminate flush(es), 0 completion(s), 0 continuation(s) 
[49.537s][info][gc,marking  ] GC(86) Mark Stack Usage: 32M
[49.537s][info][gc,nmethod  ] GC(86) NMethods: 1347 registered, 33 unregistered
[49.537s][info][gc,metaspace] GC(86) Metaspace: 11M used, 11M committed, 1088M reserved
[49.537s][info][gc,ref      ] GC(86) Soft: 197 encountered, 0 discovered, 0 enqueued
[49.537s][info][gc,ref      ] GC(86) Weak: 695 encountered, 187 discovered, 0 enqueued
[49.537s][info][gc,ref      ] GC(86) Final: 0 encountered, 0 discovered, 0 enqueued
[49.537s][info][gc,ref      ] GC(86) Phantom: 36 encountered, 21 discovered, 0 enqueued
[49.537s][info][gc,reloc    ] GC(86) Small Pages: 918 / 1836M, Empty: 1712M, Relocated: 1M, In-Place: 0
[49.537s][info][gc,reloc    ] GC(86) Medium Pages: 10 / 320M, Empty: 320M, Relocated: 0M, In-Place: 0
[49.537s][info][gc,reloc    ] GC(86) Large Pages: 1 / 6M, Empty: 0M, Relocated: 0M, In-Place: 0
[49.537s][info][gc,reloc    ] GC(86) Forwarding Usage: 0M
[49.537s][info][gc,heap     ] GC(86) Min Capacity: 4096M(100%)
[49.537s][info][gc,heap     ] GC(86) Max Capacity: 4096M(100%)
[49.537s][info][gc,heap     ] GC(86) Soft Max Capacity: 4096M(100%)
[49.537s][info][gc,heap     ] GC(86)                Mark Start          Mark End        Relocate Start      Relocate End           High               Low         
[49.537s][info][gc,heap     ] GC(86)  Capacity:     4096M (100%)       4096M (100%)       4096M (100%)       4096M (100%)       4096M (100%)       4096M (100%)   
[49.537s][info][gc,heap     ] GC(86)      Free:     1934M (47%)        1398M (34%)        3332M (81%)        3358M (82%)        3362M (82%)        1318M (32%)    
[49.537s][info][gc,heap     ] GC(86)      Used:     2162M (53%)        2698M (66%)         764M (19%)         738M (18%)        2778M (68%)         734M (18%)    
[49.537s][info][gc,heap     ] GC(86)      Live:         -                96M (2%)           96M (2%)           96M (2%)             -                  -          
[49.537s][info][gc,heap     ] GC(86) Allocated:         -               536M (13%)         634M (15%)         639M (16%)            -                  -          
[49.537s][info][gc,heap     ] GC(86)   Garbage:         -              2065M (50%)          33M (1%)            1M (0%)             -                  -          
[49.537s][info][gc,heap     ] GC(86) Reclaimed:         -                  -              2032M (50%)        2063M (50%)            -                  -          
[49.537s][info][gc          ] GC(86) Garbage Collection (Allocation Rate) 2162M(53%)->738M(18%)
[49.875s][info][gc,start    ] GC(87) Garbage Collection (Allocation Rate)
[49.876s][info][gc,task     ] GC(87) Using 1 workers
[49.876s][info][gc,phases   ] GC(87) Pause Mark Start 0.013ms
[50.015s][info][gc,phases   ] GC(87) Concurrent Mark 139.628ms
[50.015s][info][gc,phases   ] GC(87) Pause Mark End 0.018ms
[50.016s][info][gc,phases   ] GC(87) Concurrent Mark Free 0.002ms
[50.019s][info][gc,phases   ] GC(87) Concurrent Process Non-Strong References 3.296ms
[50.019s][info][gc,phases   ] GC(87) Concurrent Reset Relocation Set 0.002ms
[50.021s][info][gc,phases   ] GC(87) Concurrent Select Relocation Set 1.984ms
[50.021s][info][gc,phases   ] GC(87) Pause Relocate Start 0.011ms
[50.021s][info][gc,phases   ] GC(87) Concurrent Relocate 0.278ms
[50.021s][info][gc,load     ] GC(87) Load: 0.00/0.00/0.00
[50.021s][info][gc,mmu      ] GC(87) MMU: 2ms/97.7%, 5ms/99.1%, 10ms/99.4%, 20ms/99.7%, 50ms/99.9%, 100ms/99.9%
[50.021s][info][gc,marking  ] GC(87) Mark: 1 stripe(s), 2 proactive flush(es), 1 terminate flush(es), 0 completion(s), 0 continuation(s) 
[50.021s][info][gc,marking  ] GC(87) Mark Stack Usage: 32M
[50.021s][info][gc,nmethod  ] GC(87) NMethods: 1347 registered, 33 unregistered
[50.021s][info][gc,metaspace] GC(87) Metaspace: 11M used, 11M committed, 1088M reserved
[50.021s][info][gc,ref      ] GC(87) Soft: 197 encountered, 0 discovered, 0 enqueued
[50.021s][info][gc,ref      ] GC(87) Weak: 695 encountered, 554 discovered, 0 enqueued
[50.021s][info][gc,ref      ] GC(87) Final: 0 encountered, 0 discovered, 0 enqueued
[50.021s][info][gc,ref      ] GC(87) Phantom: 36 encountered, 17 discovered, 0 enqueued
[50.021s][info][gc,reloc    ] GC(87) Small Pages: 953 / 1906M, Empty: 1786M, Relocated: 1M, In-Place: 0
[50.021s][info][gc,reloc    ] GC(87) Medium Pages: 9 / 288M, Empty: 256M, Relocated: 0M, In-Place: 0
[50.021s][info][gc,reloc    ] GC(87) Large Pages: 1 / 6M, Empty: 0M, Relocated: 0M, In-Place: 0
[50.021s][info][gc,reloc    ] GC(87) Forwarding Usage: 0M
[50.021s][info][gc,heap     ] GC(87) Min Capacity: 4096M(100%)
[50.021s][info][gc,heap     ] GC(87) Max Capacity: 4096M(100%)
[50.021s][info][gc,heap     ] GC(87) Soft Max Capacity: 4096M(100%)
[50.022s][info][gc,heap     ] GC(87)                Mark Start          Mark End        Relocate Start      Relocate End           High               Low         
[50.022s][info][gc,heap     ] GC(87)  Capacity:     4096M (100%)       4096M (100%)       4096M (100%)       4096M (100%)       4096M (100%)       4096M (100%)   
[50.022s][info][gc,heap     ] GC(87)      Free:     1896M (46%)        1380M (34%)        3422M (84%)        3448M (84%)        3448M (84%)        1380M (34%)    
[50.022s][info][gc,heap     ] GC(87)      Used:     2200M (54%)        2716M (66%)         674M (16%)         648M (16%)        2716M (66%)         648M (16%)    
[50.022s][info][gc,heap     ] GC(87)      Live:         -                99M (2%)           99M (2%)           99M (2%)             -                  -          
[50.022s][info][gc,heap     ] GC(87) Allocated:         -               516M (13%)         516M (13%)         516M (13%)            -                  -          
[50.022s][info][gc,heap     ] GC(87)   Garbage:         -              2100M (51%)          58M (1%)           32M (1%)             -                  -          
[50.022s][info][gc,heap     ] GC(87) Reclaimed:         -                  -              2042M (50%)        2068M (50%)            -                  -          
[50.022s][info][gc          ] GC(87) Garbage Collection (Allocation Rate) 2200M(54%)->648M(16%)
[50.189s][info][gc,stats    ] === Garbage Collection Statistics =======================================================================================================================
[50.189s][info][gc,stats    ]                                                              Last 10s              Last 10m              Last 10h                Total
[50.189s][info][gc,stats    ]                                                              Avg / Max             Avg / Max             Avg / Max             Avg / Max
[50.189s][info][gc,stats    ]   Collector: Garbage Collection Cycle                    166.757 / 259.019     160.150 / 259.019     160.150 / 259.019     160.150 / 259.019     ms
[50.189s][info][gc,stats    ]  Contention: Mark Segment Reset Contention                     0 / 1                 0 / 2                 0 / 2                 0 / 2           ops/s
[50.189s][info][gc,stats    ]  Contention: Mark SeqNum Reset Contention                      0 / 0                 0 / 2                 0 / 2                 0 / 2           ops/s
[50.189s][info][gc,stats    ]    Critical: Allocation Stall                                  0 / 0                 0 / 0                 0 / 0                 0 / 0           ops/s
[50.189s][info][gc,stats    ]    Critical: Allocation Stall                              0.000 / 0.000         0.000 / 0.000         0.000 / 0.000         0.000 / 0.000       ms
[50.189s][info][gc,stats    ]    Critical: GC Locker Stall                                   0 / 0                 0 / 0                 0 / 0                 0 / 0           ops/s
[50.189s][info][gc,stats    ]    Critical: GC Locker Stall                               0.000 / 0.000         0.000 / 0.000         0.000 / 0.000         0.000 / 0.000       ms
[50.189s][info][gc,stats    ]    Critical: Relocation Stall                                  0 / 0                 0 / 0                 0 / 0                 0 / 0           ops/s
[50.189s][info][gc,stats    ]    Critical: Relocation Stall                              0.000 / 0.000         0.000 / 0.000         0.000 / 0.000         0.000 / 0.000       ms
[50.189s][info][gc,stats    ]      Memory: Allocation Rate                                4231 / 4422           4144 / 4592           4144 / 4592           4144 / 4592        MB/s
[50.189s][info][gc,stats    ]      Memory: Defragment                                        0 / 0                 0 / 0                 0 / 0                 0 / 0           ops/s
[50.189s][info][gc,stats    ]      Memory: Out Of Memory                                     0 / 0                 0 / 0                 0 / 0                 0 / 0           ops/s
[50.189s][info][gc,stats    ]      Memory: Page Cache Flush                                  0 / 0                 0 / 0                 0 / 0                 0 / 0           MB/s
[50.189s][info][gc,stats    ]      Memory: Page Cache Hit L1                              1832 / 1914           1760 / 1983           1760 / 1983           1760 / 1983        ops/s
[50.189s][info][gc,stats    ]      Memory: Page Cache Hit L2                                 0 / 0                 0 / 0                 0 / 0                 0 / 0           ops/s
[50.189s][info][gc,stats    ]      Memory: Page Cache Hit L3                                 0 / 0                34 / 437              34 / 437              34 / 437         ops/s
[50.189s][info][gc,stats    ]      Memory: Page Cache Miss                                   0 / 0                 0 / 1                 0 / 1                 0 / 1           ops/s
[50.189s][info][gc,stats    ]      Memory: Uncommit                                          0 / 0                 0 / 0                 0 / 0                 0 / 0           MB/s
[50.189s][info][gc,stats    ]      Memory: Undo Object Allocation Failed                     0 / 0                 0 / 1                 0 / 1                 0 / 1           ops/s
[50.189s][info][gc,stats    ]      Memory: Undo Object Allocation Succeeded                  4 / 39                9 / 137               9 / 137               9 / 137         ops/s
[50.189s][info][gc,stats    ]      Memory: Undo Page Allocation                              2 / 4                 2 / 7                 2 / 7                 2 / 7           ops/s
[50.189s][info][gc,stats    ]       Phase: Concurrent Mark                             156.004 / 251.310     147.585 / 251.310     147.585 / 251.310     147.585 / 251.310     ms
[50.189s][info][gc,stats    ]       Phase: Concurrent Mark Continue                      0.000 / 0.000         0.000 / 0.000         0.000 / 0.000         0.000 / 0.000       ms
[50.189s][info][gc,stats    ]       Phase: Concurrent Mark Free                          0.002 / 0.003         0.002 / 0.005         0.002 / 0.005         0.002 / 0.005       ms
[50.189s][info][gc,stats    ]       Phase: Concurrent Process Non-Strong References      5.258 / 20.335        5.983 / 24.469        5.983 / 24.469        5.983 / 24.469      ms
[50.189s][info][gc,stats    ]       Phase: Concurrent Relocate                           1.868 / 4.476         2.564 / 57.532        2.564 / 57.532        2.564 / 57.532      ms
[50.189s][info][gc,stats    ]       Phase: Concurrent Reset Relocation Set               0.003 / 0.006         0.004 / 0.026         0.004 / 0.026         0.004 / 0.026       ms
[50.189s][info][gc,stats    ]       Phase: Concurrent Select Relocation Set              2.660 / 3.924         3.009 / 13.885        3.009 / 13.885        3.009 / 13.885      ms
[50.189s][info][gc,stats    ]       Phase: Pause Mark End                                0.022 / 0.047         0.019 / 0.047         0.019 / 0.047         0.019 / 0.047       ms
[50.189s][info][gc,stats    ]       Phase: Pause Mark Start                              0.010 / 0.016         0.010 / 0.025         0.010 / 0.025         0.010 / 0.025       ms
[50.189s][info][gc,stats    ]       Phase: Pause Relocate Start                          0.011 / 0.018         0.012 / 0.025         0.012 / 0.025         0.012 / 0.025       ms
[50.189s][info][gc,stats    ]    Subphase: Concurrent Classes Purge                      0.013 / 0.041         0.024 / 0.208         0.024 / 0.208         0.024 / 0.208       ms
[50.189s][info][gc,stats    ]    Subphase: Concurrent Classes Unlink                     2.461 / 3.488         2.404 / 3.609         2.404 / 3.609         2.404 / 3.609       ms
[50.189s][info][gc,stats    ]    Subphase: Concurrent Mark                             138.815 / 250.559     130.340 / 250.559     130.340 / 250.559     130.340 / 250.559     ms
[50.189s][info][gc,stats    ]    Subphase: Concurrent Mark Try Flush                     1.085 / 16.096        0.784 / 16.794        0.784 / 16.794        0.784 / 16.794      ms
[50.189s][info][gc,stats    ]    Subphase: Concurrent Mark Try Terminate                 1.665 / 16.099        1.682 / 16.548        1.682 / 16.548        1.682 / 16.548      ms
[50.189s][info][gc,stats    ]    Subphase: Concurrent References Enqueue                 0.001 / 0.002         0.001 / 0.015         0.001 / 0.015         0.001 / 0.015       ms
[50.190s][info][gc,stats    ]    Subphase: Concurrent References Process                 0.091 / 0.155         0.081 / 0.207         0.081 / 0.207         0.081 / 0.207       ms
[50.190s][info][gc,stats    ]    Subphase: Concurrent Roots ClassLoaderDataGraph         0.065 / 0.117         0.068 / 0.272         0.068 / 0.272         0.068 / 0.272       ms
[50.190s][info][gc,stats    ]    Subphase: Concurrent Roots CodeCache                    0.000 / 0.000         0.000 / 0.000         0.000 / 0.000         0.000 / 0.000       ms
[50.190s][info][gc,stats    ]    Subphase: Concurrent Roots JavaThreads                  0.839 / 7.312         0.659 / 7.312         0.659 / 7.312         0.659 / 7.312       ms
[50.190s][info][gc,stats    ]    Subphase: Concurrent Roots OopStorageSet                0.026 / 0.057         0.026 / 0.063         0.026 / 0.063         0.026 / 0.063       ms
[50.190s][info][gc,stats    ]    Subphase: Concurrent Weak Roots OopStorageSet           0.176 / 0.264         0.179 / 0.359         0.179 / 0.359         0.179 / 0.359       ms
[50.190s][info][gc,stats    ]    Subphase: Pause Mark Try Complete                       0.000 / 0.000         0.000 / 0.000         0.000 / 0.000         0.000 / 0.000       ms
[50.190s][info][gc,stats    ]      System: Java Threads                                     23 / 23               22 / 23               22 / 23               22 / 23          threads
[50.190s][info][gc,stats    ] =========================================================================================================================================================
[50.487s][info][gc,start    ] GC(88) Garbage Collection (Allocation Rate)
[50.488s][info][gc,task     ] GC(88) Using 1 workers
[50.488s][info][gc,phases   ] GC(88) Pause Mark Start 0.011ms
[50.660s][info][gc,phases   ] GC(88) Concurrent Mark 172.558ms
[50.660s][info][gc,phases   ] GC(88) Pause Mark End 0.013ms
[50.660s][info][gc,phases   ] GC(88) Concurrent Mark Free 0.001ms
[50.663s][info][gc,phases   ] GC(88) Concurrent Process Non-Strong References 2.962ms
[50.664s][info][gc,phases   ] GC(88) Concurrent Reset Relocation Set 0.003ms
[50.667s][info][gc,phases   ] GC(88) Concurrent Select Relocation Set 3.846ms
[50.668s][info][gc,phases   ] GC(88) Pause Relocate Start 0.017ms
[50.669s][info][gc,phases   ] GC(88) Concurrent Relocate 1.166ms
[50.669s][info][gc,load     ] GC(88) Load: 0.00/0.00/0.00
[50.669s][info][gc,mmu      ] GC(88) MMU: 2ms/97.7%, 5ms/99.1%, 10ms/99.4%, 20ms/99.7%, 50ms/99.9%, 100ms/99.9%
[50.669s][info][gc,marking  ] GC(88) Mark: 1 stripe(s), 2 proactive flush(es), 1 terminate flush(es), 0 completion(s), 0 continuation(s) 
[50.669s][info][gc,marking  ] GC(88) Mark Stack Usage: 32M
[50.669s][info][gc,nmethod  ] GC(88) NMethods: 1347 registered, 33 unregistered
[50.669s][info][gc,metaspace] GC(88) Metaspace: 11M used, 11M committed, 1088M reserved
[50.669s][info][gc,ref      ] GC(88) Soft: 197 encountered, 0 discovered, 0 enqueued
[50.669s][info][gc,ref      ] GC(88) Weak: 695 encountered, 187 discovered, 0 enqueued
[50.669s][info][gc,ref      ] GC(88) Final: 0 encountered, 0 discovered, 0 enqueued
[50.669s][info][gc,ref      ] GC(88) Phantom: 36 encountered, 21 discovered, 0 enqueued
[50.669s][info][gc,reloc    ] GC(88) Small Pages: 1114 / 2228M, Empty: 2090M, Relocated: 3M, In-Place: 0
[50.669s][info][gc,reloc    ] GC(88) Medium Pages: 12 / 384M, Empty: 352M, Relocated: 0M, In-Place: 0
[50.669s][info][gc,reloc    ] GC(88) Large Pages: 1 / 6M, Empty: 0M, Relocated: 0M, In-Place: 0
[50.669s][info][gc,reloc    ] GC(88) Forwarding Usage: 0M
[50.669s][info][gc,heap     ] GC(88) Min Capacity: 4096M(100%)
[50.669s][info][gc,heap     ] GC(88) Max Capacity: 4096M(100%)
[50.669s][info][gc,heap     ] GC(88) Soft Max Capacity: 4096M(100%)
[50.669s][info][gc,heap     ] GC(88)                Mark Start          Mark End        Relocate Start      Relocate End           High               Low         
[50.669s][info][gc,heap     ] GC(88)  Capacity:     4096M (100%)       4096M (100%)       4096M (100%)       4096M (100%)       4096M (100%)       4096M (100%)   
[50.669s][info][gc,heap     ] GC(88)      Free:     1478M (36%)         862M (21%)        3270M (80%)        3308M (81%)        3308M (81%)         850M (21%)    
[50.669s][info][gc,heap     ] GC(88)      Used:     2618M (64%)        3234M (79%)         826M (20%)         788M (19%)        3246M (79%)         788M (19%)    
[50.669s][info][gc,heap     ] GC(88)      Live:         -                99M (2%)           99M (2%)           99M (2%)             -                  -          
[50.669s][info][gc,heap     ] GC(88) Allocated:         -               616M (15%)         650M (16%)         653M (16%)            -                  -          
[50.669s][info][gc,heap     ] GC(88)   Garbage:         -              2518M (61%)          76M (2%)           34M (1%)             -                  -          
[50.669s][info][gc,heap     ] GC(88) Reclaimed:         -                  -              2442M (60%)        2483M (61%)            -                  -          
[50.669s][info][gc          ] GC(88) Garbage Collection (Allocation Rate) 2618M(64%)->788M(19%)
[51.178s][info][gc,start    ] GC(89) Garbage Collection (Allocation Rate)
[51.178s][info][gc,task     ] GC(89) Using 1 workers
[51.178s][info][gc,phases   ] GC(89) Pause Mark Start 0.011ms
[51.357s][info][gc,phases   ] GC(89) Concurrent Mark 178.686ms
[51.357s][info][gc,phases   ] GC(89) Pause Mark End 0.029ms
[51.358s][info][gc,phases   ] GC(89) Concurrent Mark Free 0.002ms
[51.361s][info][gc,phases   ] GC(89) Concurrent Process Non-Strong References 3.453ms
[51.361s][info][gc,phases   ] GC(89) Concurrent Reset Relocation Set 0.004ms
[51.364s][info][gc,phases   ] GC(89) Concurrent Select Relocation Set 2.479ms
[51.364s][info][gc,phases   ] GC(89) Pause Relocate Start 0.010ms
[51.367s][info][gc,phases   ] GC(89) Concurrent Relocate 2.945ms
[51.367s][info][gc,load     ] GC(89) Load: 0.00/0.00/0.00
[51.367s][info][gc,mmu      ] GC(89) MMU: 2ms/97.7%, 5ms/99.1%, 10ms/99.4%, 20ms/99.7%, 50ms/99.9%, 100ms/99.9%
[51.367s][info][gc,marking  ] GC(89) Mark: 1 stripe(s), 2 proactive flush(es), 1 terminate flush(es), 0 completion(s), 0 continuation(s) 
[51.367s][info][gc,marking  ] GC(89) Mark Stack Usage: 32M
[51.367s][info][gc,nmethod  ] GC(89) NMethods: 1347 registered, 33 unregistered
[51.367s][info][gc,metaspace] GC(89) Metaspace: 11M used, 11M committed, 1088M reserved
[51.367s][info][gc,ref      ] GC(89) Soft: 197 encountered, 0 discovered, 0 enqueued
[51.367s][info][gc,ref      ] GC(89) Weak: 695 encountered, 554 discovered, 0 enqueued
[51.367s][info][gc,ref      ] GC(89) Final: 0 encountered, 0 discovered, 0 enqueued
[51.367s][info][gc,ref      ] GC(89) Phantom: 36 encountered, 17 discovered, 0 enqueued
[51.367s][info][gc,reloc    ] GC(89) Small Pages: 1254 / 2508M, Empty: 2384M, Relocated: 2M, In-Place: 0
[51.367s][info][gc,reloc    ] GC(89) Medium Pages: 14 / 448M, Empty: 384M, Relocated: 5M, In-Place: 0
[51.367s][info][gc,reloc    ] GC(89) Large Pages: 1 / 6M, Empty: 0M, Relocated: 0M, In-Place: 0
[51.367s][info][gc,reloc    ] GC(89) Forwarding Usage: 0M
[51.367s][info][gc,heap     ] GC(89) Min Capacity: 4096M(100%)
[51.367s][info][gc,heap     ] GC(89) Max Capacity: 4096M(100%)
[51.367s][info][gc,heap     ] GC(89) Soft Max Capacity: 4096M(100%)
[51.367s][info][gc,heap     ] GC(89)                Mark Start          Mark End        Relocate Start      Relocate End           High               Low         
[51.367s][info][gc,heap     ] GC(89)  Capacity:     4096M (100%)       4096M (100%)       4096M (100%)       4096M (100%)       4096M (100%)       4096M (100%)   
[51.367s][info][gc,heap     ] GC(89)      Free:     1134M (28%)         460M (11%)        3190M (78%)        3252M (79%)        3252M (79%)         422M (10%)    
[51.367s][info][gc,heap     ] GC(89)      Used:     2962M (72%)        3636M (89%)         906M (22%)         844M (21%)        3674M (90%)         844M (21%)    
[51.367s][info][gc,heap     ] GC(89)      Live:         -               103M (3%)          103M (3%)          103M (3%)             -                  -          
[51.367s][info][gc,heap     ] GC(89) Allocated:         -               674M (16%)         712M (17%)         711M (17%)            -                  -          
[51.367s][info][gc,heap     ] GC(89)   Garbage:         -              2858M (70%)          90M (2%)           29M (1%)             -                  -          
[51.367s][info][gc,heap     ] GC(89) Reclaimed:         -                  -              2768M (68%)        2829M (69%)            -                  -          
[51.367s][info][gc          ] GC(89) Garbage Collection (Allocation Rate) 2962M(72%)->844M(21%)
[51.668s][info][gc,start    ] GC(90) Garbage Collection (System.gc())
[51.668s][info][gc,task     ] GC(90) Using 2 workers
[51.668s][info][gc,phases   ] GC(90) Pause Mark Start 0.008ms
[51.728s][info][gc,phases   ] GC(90) Concurrent Mark 60.191ms
[51.728s][info][gc,phases   ] GC(90) Pause Mark End 0.016ms
[51.728s][info][gc,phases   ] GC(90) Concurrent Mark Free 0.001ms
[51.729s][info][gc,phases   ] GC(90) Concurrent Process Non-Strong References 1.105ms
[51.729s][info][gc,phases   ] GC(90) Concurrent Reset Relocation Set 0.002ms
[51.731s][info][gc,phases   ] GC(90) Concurrent Select Relocation Set 1.562ms
[51.731s][info][gc,phases   ] GC(90) Pause Relocate Start 0.008ms
[51.732s][info][gc,phases   ] GC(90) Concurrent Relocate 0.624ms
[51.732s][info][gc,load     ] GC(90) Load: 0.00/0.00/0.00
[51.732s][info][gc,mmu      ] GC(90) MMU: 2ms/97.7%, 5ms/99.1%, 10ms/99.4%, 20ms/99.7%, 50ms/99.9%, 100ms/99.9%
[51.732s][info][gc,marking  ] GC(90) Mark: 2 stripe(s), 1 proactive flush(es), 1 terminate flush(es), 0 completion(s), 0 continuation(s) 
[51.732s][info][gc,marking  ] GC(90) Mark Stack Usage: 32M
[51.732s][info][gc,nmethod  ] GC(90) NMethods: 1347 registered, 33 unregistered
[51.732s][info][gc,metaspace] GC(90) Metaspace: 11M used, 11M committed, 1088M reserved
[51.732s][info][gc,ref      ] GC(90) Soft: 197 encountered, 0 discovered, 0 enqueued
[51.732s][info][gc,ref      ] GC(90) Weak: 695 encountered, 5 discovered, 0 enqueued
[51.732s][info][gc,ref      ] GC(90) Final: 0 encountered, 0 discovered, 0 enqueued
[51.732s][info][gc,ref      ] GC(90) Phantom: 36 encountered, 16 discovered, 0 enqueued
[51.732s][info][gc,reloc    ] GC(90) Small Pages: 873 / 1746M, Empty: 1644M, Relocated: 1M, In-Place: 0
[51.732s][info][gc,reloc    ] GC(90) Medium Pages: 10 / 320M, Empty: 320M, Relocated: 0M, In-Place: 0
[51.732s][info][gc,reloc    ] GC(90) Large Pages: 1 / 6M, Empty: 0M, Relocated: 0M, In-Place: 0
[51.732s][info][gc,reloc    ] GC(90) Forwarding Usage: 0M
[51.732s][info][gc,heap     ] GC(90) Min Capacity: 4096M(100%)
[51.732s][info][gc,heap     ] GC(90) Max Capacity: 4096M(100%)
[51.732s][info][gc,heap     ] GC(90) Soft Max Capacity: 4096M(100%)
[51.732s][info][gc,heap     ] GC(90)                Mark Start          Mark End        Relocate Start      Relocate End           High               Low         
[51.732s][info][gc,heap     ] GC(90)  Capacity:     4096M (100%)       4096M (100%)       4096M (100%)       4096M (100%)       4096M (100%)       4096M (100%)   
[51.732s][info][gc,heap     ] GC(90)      Free:     2024M (49%)        2024M (49%)        3988M (97%)        3996M (98%)        3996M (98%)        2024M (49%)    
[51.732s][info][gc,heap     ] GC(90)      Used:     2072M (51%)        2072M (51%)         108M (3%)          100M (2%)         2072M (51%)         100M (2%)     
[51.732s][info][gc,heap     ] GC(90)      Live:         -                95M (2%)           95M (2%)           95M (2%)             -                  -          
[51.732s][info][gc,heap     ] GC(90) Allocated:         -                 0M (0%)            0M (0%)            0M (0%)             -                  -          
[51.732s][info][gc,heap     ] GC(90)   Garbage:         -              1976M (48%)          12M (0%)            4M (0%)             -                  -          
[51.732s][info][gc,heap     ] GC(90) Reclaimed:         -                  -              1964M (48%)        1972M (48%)            -                  -          
[51.732s][info][gc          ] GC(90) Garbage Collection (System.gc()) 2072M(51%)->100M(2%)
[52.373s][info][gc,start    ] GC(91) Garbage Collection (Allocation Rate)
[52.373s][info][gc,task     ] GC(91) Using 1 workers
[52.373s][info][gc,phases   ] GC(91) Pause Mark Start 0.013ms
[52.525s][info][gc,phases   ] GC(91) Concurrent Mark 151.702ms
[52.525s][info][gc,phases   ] GC(91) Pause Mark End 0.014ms
[52.525s][info][gc,phases   ] GC(91) Concurrent Mark Free 0.001ms
[52.530s][info][gc,phases   ] GC(91) Concurrent Process Non-Strong References 4.624ms
[52.530s][info][gc,phases   ] GC(91) Concurrent Reset Relocation Set 0.003ms
[52.534s][info][gc,phases   ] GC(91) Concurrent Select Relocation Set 4.018ms
[52.534s][info][gc,phases   ] GC(91) Pause Relocate Start 0.018ms
[52.535s][info][gc,phases   ] GC(91) Concurrent Relocate 0.552ms
[52.535s][info][gc,load     ] GC(91) Load: 0.00/0.00/0.00
[52.535s][info][gc,mmu      ] GC(91) MMU: 2ms/97.7%, 5ms/99.1%, 10ms/99.4%, 20ms/99.7%, 50ms/99.9%, 100ms/99.9%
[52.535s][info][gc,marking  ] GC(91) Mark: 1 stripe(s), 2 proactive flush(es), 1 terminate flush(es), 0 completion(s), 0 continuation(s) 
[52.535s][info][gc,marking  ] GC(91) Mark Stack Usage: 32M
[52.535s][info][gc,nmethod  ] GC(91) NMethods: 1350 registered, 33 unregistered
[52.535s][info][gc,metaspace] GC(91) Metaspace: 11M used, 11M committed, 1088M reserved
[52.535s][info][gc,ref      ] GC(91) Soft: 197 encountered, 0 discovered, 0 enqueued
[52.535s][info][gc,ref      ] GC(91) Weak: 695 encountered, 187 discovered, 0 enqueued
[52.535s][info][gc,ref      ] GC(91) Final: 0 encountered, 0 discovered, 0 enqueued
[52.535s][info][gc,ref      ] GC(91) Phantom: 36 encountered, 21 discovered, 0 enqueued
[52.535s][info][gc,reloc    ] GC(91) Small Pages: 1259 / 2518M, Empty: 2392M, Relocated: 1M, In-Place: 0
[52.535s][info][gc,reloc    ] GC(91) Medium Pages: 12 / 384M, Empty: 384M, Relocated: 0M, In-Place: 0
[52.535s][info][gc,reloc    ] GC(91) Large Pages: 1 / 6M, Empty: 0M, Relocated: 0M, In-Place: 0
[52.535s][info][gc,reloc    ] GC(91) Forwarding Usage: 0M
[52.535s][info][gc,heap     ] GC(91) Min Capacity: 4096M(100%)
[52.535s][info][gc,heap     ] GC(91) Max Capacity: 4096M(100%)
[52.535s][info][gc,heap     ] GC(91) Soft Max Capacity: 4096M(100%)
[52.535s][info][gc,heap     ] GC(91)                Mark Start          Mark End        Relocate Start      Relocate End           High               Low         
[52.535s][info][gc,heap     ] GC(91)  Capacity:     4096M (100%)       4096M (100%)       4096M (100%)       4096M (100%)       4096M (100%)       4096M (100%)   
[52.535s][info][gc,heap     ] GC(91)      Free:     1188M (29%)         616M (15%)        3344M (82%)        3376M (82%)        3376M (82%)         592M (14%)    
[52.535s][info][gc,heap     ] GC(91)      Used:     2908M (71%)        3480M (85%)         752M (18%)         720M (18%)        3504M (86%)         720M (18%)    
[52.535s][info][gc,heap     ] GC(91)      Live:         -                97M (2%)           97M (2%)           97M (2%)             -                  -          
[52.535s][info][gc,heap     ] GC(91) Allocated:         -               572M (14%)         620M (15%)         619M (15%)            -                  -          
[52.535s][info][gc,heap     ] GC(91)   Garbage:         -              2810M (69%)          34M (1%)            2M (0%)             -                  -          
[52.535s][info][gc,heap     ] GC(91) Reclaimed:         -                  -              2776M (68%)        2807M (69%)            -                  -          
[52.535s][info][gc          ] GC(91) Garbage Collection (Allocation Rate) 2908M(71%)->720M(18%)
[52.986s][info][gc,start    ] GC(92) Garbage Collection (Allocation Rate)
[52.986s][info][gc,task     ] GC(92) Using 1 workers
[52.986s][info][gc,phases   ] GC(92) Pause Mark Start 0.018ms
[53.131s][info][gc,phases   ] GC(92) Concurrent Mark 145.359ms
[53.131s][info][gc,phases   ] GC(92) Pause Mark End 0.014ms
[53.131s][info][gc,phases   ] GC(92) Concurrent Mark Free 0.001ms
[53.137s][info][gc,phases   ] GC(92) Concurrent Process Non-Strong References 5.976ms
[53.138s][info][gc,phases   ] GC(92) Concurrent Reset Relocation Set 0.006ms
[53.143s][info][gc,phases   ] GC(92) Concurrent Select Relocation Set 5.548ms
[53.143s][info][gc,phases   ] GC(92) Pause Relocate Start 0.011ms
[53.145s][info][gc,phases   ] GC(92) Concurrent Relocate 1.537ms
[53.145s][info][gc,load     ] GC(92) Load: 0.00/0.00/0.00
[53.145s][info][gc,mmu      ] GC(92) MMU: 2ms/97.7%, 5ms/99.1%, 10ms/99.4%, 20ms/99.7%, 50ms/99.9%, 100ms/99.9%
[53.145s][info][gc,marking  ] GC(92) Mark: 1 stripe(s), 2 proactive flush(es), 1 terminate flush(es), 0 completion(s), 0 continuation(s) 
[53.145s][info][gc,marking  ] GC(92) Mark Stack Usage: 32M
[53.145s][info][gc,nmethod  ] GC(92) NMethods: 1350 registered, 33 unregistered
[53.145s][info][gc,metaspace] GC(92) Metaspace: 11M used, 11M committed, 1088M reserved
[53.145s][info][gc,ref      ] GC(92) Soft: 197 encountered, 0 discovered, 0 enqueued
[53.145s][info][gc,ref      ] GC(92) Weak: 695 encountered, 554 discovered, 0 enqueued
[53.145s][info][gc,ref      ] GC(92) Final: 0 encountered, 0 discovered, 0 enqueued
[53.145s][info][gc,ref      ] GC(92) Phantom: 36 encountered, 17 discovered, 0 enqueued
[53.145s][info][gc,reloc    ] GC(92) Small Pages: 1149 / 2298M, Empty: 2162M, Relocated: 3M, In-Place: 0
[53.145s][info][gc,reloc    ] GC(92) Medium Pages: 11 / 352M, Empty: 320M, Relocated: 0M, In-Place: 0
[53.145s][info][gc,reloc    ] GC(92) Large Pages: 1 / 6M, Empty: 0M, Relocated: 0M, In-Place: 0
[53.145s][info][gc,reloc    ] GC(92) Forwarding Usage: 0M
[53.145s][info][gc,heap     ] GC(92) Min Capacity: 4096M(100%)
[53.145s][info][gc,heap     ] GC(92) Max Capacity: 4096M(100%)
[53.145s][info][gc,heap     ] GC(92) Soft Max Capacity: 4096M(100%)
[53.145s][info][gc,heap     ] GC(92)                Mark Start          Mark End        Relocate Start      Relocate End           High               Low         
[53.145s][info][gc,heap     ] GC(92)  Capacity:     4096M (100%)       4096M (100%)       4096M (100%)       4096M (100%)       4096M (100%)       4096M (100%)   
[53.145s][info][gc,heap     ] GC(92)      Free:     1440M (35%)         924M (23%)        3342M (82%)        3372M (82%)        3372M (82%)         882M (22%)    
[53.145s][info][gc,heap     ] GC(92)      Used:     2656M (65%)        3172M (77%)         754M (18%)         724M (18%)        3214M (78%)         724M (18%)    
[53.145s][info][gc,heap     ] GC(92)      Live:         -               100M (2%)          100M (2%)          100M (2%)             -                  -          
[53.145s][info][gc,heap     ] GC(92) Allocated:         -               516M (13%)         580M (14%)         589M (14%)            -                  -          
[53.145s][info][gc,heap     ] GC(92)   Garbage:         -              2555M (62%)          73M (2%)           33M (1%)             -                  -          
[53.145s][info][gc,heap     ] GC(92) Reclaimed:         -                  -              2482M (61%)        2521M (62%)            -                  -          
[53.145s][info][gc          ] GC(92) Garbage Collection (Allocation Rate) 2656M(65%)->724M(18%)
[53.676s][info][gc,start    ] GC(93) Garbage Collection (Allocation Rate)
[53.676s][info][gc,task     ] GC(93) Using 1 workers
[53.676s][info][gc,phases   ] GC(93) Pause Mark Start 0.014ms
[53.900s][info][gc,phases   ] GC(93) Concurrent Mark 223.061ms
[53.900s][info][gc,phases   ] GC(93) Pause Mark End 0.020ms
[53.900s][info][gc,phases   ] GC(93) Concurrent Mark Free 0.002ms
[53.909s][info][gc,phases   ] GC(93) Concurrent Process Non-Strong References 8.631ms
[53.909s][info][gc,phases   ] GC(93) Concurrent Reset Relocation Set 0.005ms
[53.915s][info][gc,phases   ] GC(93) Concurrent Select Relocation Set 6.394ms
[53.915s][info][gc,phases   ] GC(93) Pause Relocate Start 0.011ms
[53.917s][info][gc,phases   ] GC(93) Concurrent Relocate 1.304ms
[53.917s][info][gc,load     ] GC(93) Load: 0.00/0.00/0.00
[53.917s][info][gc,mmu      ] GC(93) MMU: 2ms/97.7%, 5ms/99.1%, 10ms/99.4%, 20ms/99.7%, 50ms/99.9%, 100ms/99.9%
[53.917s][info][gc,marking  ] GC(93) Mark: 1 stripe(s), 2 proactive flush(es), 1 terminate flush(es), 0 completion(s), 0 continuation(s) 
[53.917s][info][gc,marking  ] GC(93) Mark Stack Usage: 32M
[53.917s][info][gc,nmethod  ] GC(93) NMethods: 1350 registered, 33 unregistered
[53.917s][info][gc,metaspace] GC(93) Metaspace: 11M used, 11M committed, 1088M reserved
[53.917s][info][gc,ref      ] GC(93) Soft: 197 encountered, 0 discovered, 0 enqueued
[53.917s][info][gc,ref      ] GC(93) Weak: 695 encountered, 187 discovered, 0 enqueued
[53.917s][info][gc,ref      ] GC(93) Final: 0 encountered, 0 discovered, 0 enqueued
[53.917s][info][gc,ref      ] GC(93) Phantom: 36 encountered, 21 discovered, 0 enqueued
[53.917s][info][gc,reloc    ] GC(93) Small Pages: 1289 / 2578M, Empty: 2458M, Relocated: 1M, In-Place: 0
[53.917s][info][gc,reloc    ] GC(93) Medium Pages: 14 / 448M, Empty: 416M, Relocated: 0M, In-Place: 0
[53.917s][info][gc,reloc    ] GC(93) Large Pages: 1 / 6M, Empty: 0M, Relocated: 0M, In-Place: 0
[53.917s][info][gc,reloc    ] GC(93) Forwarding Usage: 0M
[53.917s][info][gc,heap     ] GC(93) Min Capacity: 4096M(100%)
[53.917s][info][gc,heap     ] GC(93) Max Capacity: 4096M(100%)
[53.917s][info][gc,heap     ] GC(93) Soft Max Capacity: 4096M(100%)
[53.917s][info][gc,heap     ] GC(93)                Mark Start          Mark End        Relocate Start      Relocate End           High               Low         
[53.917s][info][gc,heap     ] GC(93)  Capacity:     4096M (100%)       4096M (100%)       4096M (100%)       4096M (100%)       4096M (100%)       4096M (100%)   
[53.917s][info][gc,heap     ] GC(93)      Free:     1064M (26%)         176M (4%)         2948M (72%)        2976M (73%)        2976M (73%)         124M (3%)     
[53.917s][info][gc,heap     ] GC(93)      Used:     3032M (74%)        3920M (96%)        1148M (28%)        1120M (27%)        3972M (97%)        1120M (27%)    
[53.917s][info][gc,heap     ] GC(93)      Live:         -                99M (2%)           99M (2%)           99M (2%)             -                  -          
[53.917s][info][gc,heap     ] GC(93) Allocated:         -               888M (22%)         990M (24%)         989M (24%)            -                  -          
[53.917s][info][gc,heap     ] GC(93)   Garbage:         -              2932M (72%)          58M (1%)           30M (1%)             -                  -          
[53.917s][info][gc,heap     ] GC(93) Reclaimed:         -                  -              2874M (70%)        2901M (71%)            -                  -          
[53.917s][info][gc          ] GC(93) Garbage Collection (Allocation Rate) 3032M(74%)->1120M(27%)
[54.179s][info][gc,start    ] GC(94) Garbage Collection (Allocation Rate)
[54.179s][info][gc,task     ] GC(94) Using 1 workers
[54.180s][info][gc,phases   ] GC(94) Pause Mark Start 0.012ms
[54.309s][info][gc,phases   ] GC(94) Concurrent Mark 129.647ms
[54.310s][info][gc,phases   ] GC(94) Pause Mark End 0.013ms
[54.310s][info][gc,phases   ] GC(94) Concurrent Mark Free 0.001ms
[54.313s][info][gc,phases   ] GC(94) Concurrent Process Non-Strong References 2.872ms
[54.313s][info][gc,phases   ] GC(94) Concurrent Reset Relocation Set 0.003ms
[54.315s][info][gc,phases   ] GC(94) Concurrent Select Relocation Set 2.236ms
[54.315s][info][gc,phases   ] GC(94) Pause Relocate Start 0.010ms
[54.317s][info][gc,phases   ] GC(94) Concurrent Relocate 1.554ms
[54.317s][info][gc,load     ] GC(94) Load: 0.00/0.00/0.00
[54.317s][info][gc,mmu      ] GC(94) MMU: 2ms/97.7%, 5ms/99.1%, 10ms/99.4%, 20ms/99.7%, 50ms/99.9%, 100ms/99.9%
[54.317s][info][gc,marking  ] GC(94) Mark: 1 stripe(s), 2 proactive flush(es), 1 terminate flush(es), 0 completion(s), 0 continuation(s) 
[54.317s][info][gc,marking  ] GC(94) Mark Stack Usage: 32M
[54.317s][info][gc,nmethod  ] GC(94) NMethods: 1350 registered, 33 unregistered
[54.317s][info][gc,metaspace] GC(94) Metaspace: 11M used, 11M committed, 1088M reserved
[54.317s][info][gc,ref      ] GC(94) Soft: 197 encountered, 0 discovered, 0 enqueued
[54.317s][info][gc,ref      ] GC(94) Weak: 695 encountered, 187 discovered, 0 enqueued
[54.317s][info][gc,ref      ] GC(94) Final: 0 encountered, 0 discovered, 0 enqueued
[54.317s][info][gc,ref      ] GC(94) Phantom: 36 encountered, 21 discovered, 0 enqueued
[54.317s][info][gc,reloc    ] GC(94) Small Pages: 959 / 1918M, Empty: 1788M, Relocated: 1M, In-Place: 0
[54.317s][info][gc,reloc    ] GC(94) Medium Pages: 11 / 352M, Empty: 352M, Relocated: 0M, In-Place: 0
[54.317s][info][gc,reloc    ] GC(94) Large Pages: 1 / 6M, Empty: 0M, Relocated: 0M, In-Place: 0
[54.317s][info][gc,reloc    ] GC(94) Forwarding Usage: 0M
[54.317s][info][gc,heap     ] GC(94) Min Capacity: 4096M(100%)
[54.317s][info][gc,heap     ] GC(94) Max Capacity: 4096M(100%)
[54.317s][info][gc,heap     ] GC(94) Soft Max Capacity: 4096M(100%)
[54.317s][info][gc,heap     ] GC(94)                Mark Start          Mark End        Relocate Start      Relocate End           High               Low         
[54.317s][info][gc,heap     ] GC(94)  Capacity:     4096M (100%)       4096M (100%)       4096M (100%)       4096M (100%)       4096M (100%)       4096M (100%)   
[54.317s][info][gc,heap     ] GC(94)      Free:     1820M (44%)        1242M (30%)        3370M (82%)        3408M (83%)        3408M (83%)        1232M (30%)    
[54.317s][info][gc,heap     ] GC(94)      Used:     2276M (56%)        2854M (70%)         726M (18%)         688M (17%)        2864M (70%)         688M (17%)    
[54.317s][info][gc,heap     ] GC(94)      Live:         -                96M (2%)           96M (2%)           96M (2%)             -                  -          
[54.317s][info][gc,heap     ] GC(94) Allocated:         -               578M (14%)         590M (14%)         589M (14%)            -                  -          
[54.317s][info][gc,heap     ] GC(94)   Garbage:         -              2179M (53%)          39M (1%)            1M (0%)             -                  -          
[54.317s][info][gc,heap     ] GC(94) Reclaimed:         -                  -              2140M (52%)        2177M (53%)            -                  -          
[54.317s][info][gc          ] GC(94) Garbage Collection (Allocation Rate) 2276M(56%)->688M(17%)
[54.682s][info][gc,start    ] GC(95) Garbage Collection (Allocation Rate)
[54.682s][info][gc,task     ] GC(95) Using 1 workers
[54.682s][info][gc,phases   ] GC(95) Pause Mark Start 0.008ms
[54.820s][info][gc,phases   ] GC(95) Concurrent Mark 137.527ms
[54.820s][info][gc,phases   ] GC(95) Pause Mark End 0.014ms
[54.820s][info][gc,phases   ] GC(95) Concurrent Mark Free 0.001ms
[54.823s][info][gc,phases   ] GC(95) Concurrent Process Non-Strong References 2.757ms
[54.823s][info][gc,phases   ] GC(95) Concurrent Reset Relocation Set 0.003ms
[54.825s][info][gc,phases   ] GC(95) Concurrent Select Relocation Set 2.074ms
[54.825s][info][gc,phases   ] GC(95) Pause Relocate Start 0.013ms
[54.826s][info][gc,phases   ] GC(95) Concurrent Relocate 1.302ms
[54.827s][info][gc,load     ] GC(95) Load: 0.00/0.00/0.00
[54.827s][info][gc,mmu      ] GC(95) MMU: 2ms/97.7%, 5ms/99.1%, 10ms/99.4%, 20ms/99.7%, 50ms/99.9%, 100ms/99.9%
[54.827s][info][gc,marking  ] GC(95) Mark: 1 stripe(s), 2 proactive flush(es), 1 terminate flush(es), 0 completion(s), 0 continuation(s) 
[54.827s][info][gc,marking  ] GC(95) Mark Stack Usage: 32M
[54.827s][info][gc,nmethod  ] GC(95) NMethods: 1350 registered, 33 unregistered
[54.827s][info][gc,metaspace] GC(95) Metaspace: 11M used, 11M committed, 1088M reserved
[54.827s][info][gc,ref      ] GC(95) Soft: 197 encountered, 0 discovered, 0 enqueued
[54.827s][info][gc,ref      ] GC(95) Weak: 695 encountered, 187 discovered, 0 enqueued
[54.827s][info][gc,ref      ] GC(95) Final: 0 encountered, 0 discovered, 0 enqueued
[54.827s][info][gc,ref      ] GC(95) Phantom: 36 encountered, 21 discovered, 0 enqueued
[54.827s][info][gc,reloc    ] GC(95) Small Pages: 993 / 1986M, Empty: 1868M, Relocated: 1M, In-Place: 0
[54.827s][info][gc,reloc    ] GC(95) Medium Pages: 10 / 320M, Empty: 320M, Relocated: 0M, In-Place: 0
[54.827s][info][gc,reloc    ] GC(95) Large Pages: 1 / 6M, Empty: 0M, Relocated: 0M, In-Place: 0
[54.827s][info][gc,reloc    ] GC(95) Forwarding Usage: 0M
[54.827s][info][gc,heap     ] GC(95) Min Capacity: 4096M(100%)
[54.827s][info][gc,heap     ] GC(95) Max Capacity: 4096M(100%)
[54.827s][info][gc,heap     ] GC(95) Soft Max Capacity: 4096M(100%)
[54.827s][info][gc,heap     ] GC(95)                Mark Start          Mark End        Relocate Start      Relocate End           High               Low         
[54.827s][info][gc,heap     ] GC(95)  Capacity:     4096M (100%)       4096M (100%)       4096M (100%)       4096M (100%)       4096M (100%)       4096M (100%)   
[54.827s][info][gc,heap     ] GC(95)      Free:     1784M (44%)        1188M (29%)        3376M (82%)        3398M (83%)        3400M (83%)        1188M (29%)    
[54.827s][info][gc,heap     ] GC(95)      Used:     2312M (56%)        2908M (71%)         720M (18%)         698M (17%)        2908M (71%)         696M (17%)    
[54.827s][info][gc,heap     ] GC(95)      Live:         -                95M (2%)           95M (2%)           95M (2%)             -                  -          
[54.827s][info][gc,heap     ] GC(95) Allocated:         -               596M (15%)         596M (15%)         599M (15%)            -                  -          
[54.827s][info][gc,heap     ] GC(95)   Garbage:         -              2216M (54%)          28M (1%)            2M (0%)             -                  -          
[54.827s][info][gc,heap     ] GC(95) Reclaimed:         -                  -              2188M (53%)        2213M (54%)            -                  -          
[54.827s][info][gc          ] GC(95) Garbage Collection (Allocation Rate) 2312M(56%)->698M(17%)
[55.279s][info][gc,start    ] GC(96) Garbage Collection (Allocation Rate)
[55.279s][info][gc,task     ] GC(96) Using 1 workers
[55.279s][info][gc,phases   ] GC(96) Pause Mark Start 0.012ms
[55.406s][info][gc,phases   ] GC(96) Concurrent Mark 127.026ms
[55.406s][info][gc,phases   ] GC(96) Pause Mark End 0.017ms
[55.407s][info][gc,phases   ] GC(96) Concurrent Mark Free 0.003ms
[55.411s][info][gc,phases   ] GC(96) Concurrent Process Non-Strong References 4.020ms
[55.411s][info][gc,phases   ] GC(96) Concurrent Reset Relocation Set 0.004ms
[55.413s][info][gc,phases   ] GC(96) Concurrent Select Relocation Set 2.631ms
[55.413s][info][gc,phases   ] GC(96) Pause Relocate Start 0.017ms
[55.415s][info][gc,phases   ] GC(96) Concurrent Relocate 1.920ms
[55.415s][info][gc,load     ] GC(96) Load: 0.00/0.00/0.00
[55.416s][info][gc,mmu      ] GC(96) MMU: 2ms/97.7%, 5ms/99.1%, 10ms/99.4%, 20ms/99.7%, 50ms/99.9%, 100ms/99.9%
[55.416s][info][gc,marking  ] GC(96) Mark: 1 stripe(s), 2 proactive flush(es), 1 terminate flush(es), 0 completion(s), 0 continuation(s) 
[55.416s][info][gc,marking  ] GC(96) Mark Stack Usage: 32M
[55.416s][info][gc,nmethod  ] GC(96) NMethods: 1350 registered, 33 unregistered
[55.416s][info][gc,metaspace] GC(96) Metaspace: 11M used, 11M committed, 1088M reserved
[55.416s][info][gc,ref      ] GC(96) Soft: 197 encountered, 0 discovered, 0 enqueued
[55.416s][info][gc,ref      ] GC(96) Weak: 695 encountered, 554 discovered, 0 enqueued
[55.416s][info][gc,ref      ] GC(96) Final: 0 encountered, 0 discovered, 0 enqueued
[55.416s][info][gc,ref      ] GC(96) Phantom: 36 encountered, 17 discovered, 0 enqueued
[55.416s][info][gc,reloc    ] GC(96) Small Pages: 1207 / 2414M, Empty: 2280M, Relocated: 1M, In-Place: 0
[55.416s][info][gc,reloc    ] GC(96) Medium Pages: 12 / 384M, Empty: 384M, Relocated: 0M, In-Place: 0
[55.416s][info][gc,reloc    ] GC(96) Large Pages: 1 / 6M, Empty: 0M, Relocated: 0M, In-Place: 0
[55.416s][info][gc,reloc    ] GC(96) Forwarding Usage: 0M
[55.416s][info][gc,heap     ] GC(96) Min Capacity: 4096M(100%)
[55.416s][info][gc,heap     ] GC(96) Max Capacity: 4096M(100%)
[55.416s][info][gc,heap     ] GC(96) Soft Max Capacity: 4096M(100%)
[55.416s][info][gc,heap     ] GC(96)                Mark Start          Mark End        Relocate Start      Relocate End           High               Low         
[55.416s][info][gc,heap     ] GC(96)  Capacity:     4096M (100%)       4096M (100%)       4096M (100%)       4096M (100%)       4096M (100%)       4096M (100%)   
[55.416s][info][gc,heap     ] GC(96)      Free:     1292M (32%)         734M (18%)        3364M (82%)        3406M (83%)        3406M (83%)         704M (17%)    
[55.416s][info][gc,heap     ] GC(96)      Used:     2804M (68%)        3362M (82%)         732M (18%)         690M (17%)        3392M (83%)         690M (17%)    
[55.416s][info][gc,heap     ] GC(96)      Live:         -                96M (2%)           96M (2%)           96M (2%)             -                  -          
[55.416s][info][gc,heap     ] GC(96) Allocated:         -               558M (14%)         592M (14%)         591M (14%)            -                  -          
[55.416s][info][gc,heap     ] GC(96)   Garbage:         -              2707M (66%)          43M (1%)            1M (0%)             -                  -          
[55.416s][info][gc,heap     ] GC(96) Reclaimed:         -                  -              2664M (65%)        2705M (66%)            -                  -          
[55.416s][info][gc          ] GC(96) Garbage Collection (Allocation Rate) 2804M(68%)->690M(17%)
[55.876s][info][gc,start    ] GC(97) Garbage Collection (Allocation Rate)
[55.876s][info][gc,task     ] GC(97) Using 1 workers
[55.876s][info][gc,phases   ] GC(97) Pause Mark Start 0.012ms
[56.049s][info][gc,phases   ] GC(97) Concurrent Mark 172.607ms
[56.049s][info][gc,phases   ] GC(97) Pause Mark End 0.019ms
[56.049s][info][gc,phases   ] GC(97) Concurrent Mark Free 0.002ms
[56.053s][info][gc,phases   ] GC(97) Concurrent Process Non-Strong References 4.323ms
[56.053s][info][gc,phases   ] GC(97) Concurrent Reset Relocation Set 0.002ms
[56.055s][info][gc,phases   ] GC(97) Concurrent Select Relocation Set 2.053ms
[56.055s][info][gc,phases   ] GC(97) Pause Relocate Start 0.013ms
[56.058s][info][gc,phases   ] GC(97) Concurrent Relocate 2.934ms
[56.059s][info][gc,load     ] GC(97) Load: 0.00/0.00/0.00
[56.059s][info][gc,mmu      ] GC(97) MMU: 2ms/97.7%, 5ms/99.1%, 10ms/99.4%, 20ms/99.7%, 50ms/99.9%, 100ms/99.9%
[56.059s][info][gc,marking  ] GC(97) Mark: 1 stripe(s), 2 proactive flush(es), 1 terminate flush(es), 0 completion(s), 0 continuation(s) 
[56.059s][info][gc,marking  ] GC(97) Mark Stack Usage: 32M
[56.059s][info][gc,nmethod  ] GC(97) NMethods: 1350 registered, 33 unregistered
[56.059s][info][gc,metaspace] GC(97) Metaspace: 11M used, 11M committed, 1088M reserved
[56.059s][info][gc,ref      ] GC(97) Soft: 197 encountered, 0 discovered, 0 enqueued
[56.059s][info][gc,ref      ] GC(97) Weak: 695 encountered, 554 discovered, 0 enqueued
[56.059s][info][gc,ref      ] GC(97) Final: 0 encountered, 0 discovered, 0 enqueued
[56.059s][info][gc,ref      ] GC(97) Phantom: 36 encountered, 17 discovered, 0 enqueued
[56.059s][info][gc,reloc    ] GC(97) Small Pages: 1197 / 2394M, Empty: 2276M, Relocated: 3M, In-Place: 0
[56.059s][info][gc,reloc    ] GC(97) Medium Pages: 12 / 384M, Empty: 352M, Relocated: 0M, In-Place: 0
[56.059s][info][gc,reloc    ] GC(97) Large Pages: 1 / 6M, Empty: 0M, Relocated: 0M, In-Place: 0
[56.059s][info][gc,reloc    ] GC(97) Forwarding Usage: 0M
[56.059s][info][gc,heap     ] GC(97) Min Capacity: 4096M(100%)
[56.059s][info][gc,heap     ] GC(97) Max Capacity: 4096M(100%)
[56.059s][info][gc,heap     ] GC(97) Soft Max Capacity: 4096M(100%)
[56.059s][info][gc,heap     ] GC(97)                Mark Start          Mark End        Relocate Start      Relocate End           High               Low         
[56.059s][info][gc,heap     ] GC(97)  Capacity:     4096M (100%)       4096M (100%)       4096M (100%)       4096M (100%)       4096M (100%)       4096M (100%)   
[56.059s][info][gc,heap     ] GC(97)      Free:     1312M (32%)         596M (15%)        3222M (79%)        3234M (79%)        3242M (79%)         596M (15%)    
[56.059s][info][gc,heap     ] GC(97)      Used:     2784M (68%)        3500M (85%)         874M (21%)         862M (21%)        3500M (85%)         854M (21%)    
[56.059s][info][gc,heap     ] GC(97)      Live:         -               101M (2%)          101M (2%)          101M (2%)             -                  -          
[56.059s][info][gc,heap     ] GC(97) Allocated:         -               716M (17%)         718M (18%)         729M (18%)            -                  -          
[56.059s][info][gc,heap     ] GC(97)   Garbage:         -              2682M (65%)          54M (1%)           30M (1%)             -                  -          
[56.059s][info][gc,heap     ] GC(97) Reclaimed:         -                  -              2628M (64%)        2651M (65%)            -                  -          
[56.059s][info][gc          ] GC(97) Garbage Collection (Allocation Rate) 2784M(68%)->862M(21%)
[56.185s][info][gc,start    ] GC(98) Garbage Collection (System.gc())
[56.185s][info][gc,task     ] GC(98) Using 2 workers
[56.185s][info][gc,phases   ] GC(98) Pause Mark Start 0.007ms
[56.252s][info][gc,phases   ] GC(98) Concurrent Mark 67.124ms
[56.252s][info][gc,phases   ] GC(98) Pause Mark End 0.027ms
[56.252s][info][gc,phases   ] GC(98) Concurrent Mark Free 0.003ms
[56.255s][info][gc,phases   ] GC(98) Concurrent Process Non-Strong References 2.333ms
[56.255s][info][gc,phases   ] GC(98) Concurrent Reset Relocation Set 0.002ms
[56.257s][info][gc,phases   ] GC(98) Concurrent Select Relocation Set 1.940ms
[56.257s][info][gc,phases   ] GC(98) Pause Relocate Start 0.006ms
[56.258s][info][gc,phases   ] GC(98) Concurrent Relocate 1.219ms
[56.258s][info][gc,load     ] GC(98) Load: 0.00/0.00/0.00
[56.258s][info][gc,mmu      ] GC(98) MMU: 2ms/97.7%, 5ms/99.1%, 10ms/99.4%, 20ms/99.7%, 50ms/99.9%, 100ms/99.9%
[56.258s][info][gc,marking  ] GC(98) Mark: 2 stripe(s), 1 proactive flush(es), 1 terminate flush(es), 0 completion(s), 0 continuation(s) 
[56.258s][info][gc,marking  ] GC(98) Mark Stack Usage: 32M
[56.258s][info][gc,nmethod  ] GC(98) NMethods: 1350 registered, 33 unregistered
[56.258s][info][gc,metaspace] GC(98) Metaspace: 11M used, 11M committed, 1088M reserved
[56.258s][info][gc,ref      ] GC(98) Soft: 197 encountered, 0 discovered, 0 enqueued
[56.258s][info][gc,ref      ] GC(98) Weak: 695 encountered, 5 discovered, 0 enqueued
[56.258s][info][gc,ref      ] GC(98) Final: 0 encountered, 0 discovered, 0 enqueued
[56.258s][info][gc,ref      ] GC(98) Phantom: 36 encountered, 16 discovered, 0 enqueued
[56.258s][info][gc,reloc    ] GC(98) Small Pages: 588 / 1176M, Empty: 1074M, Relocated: 1M, In-Place: 0
[56.258s][info][gc,reloc    ] GC(98) Medium Pages: 7 / 224M, Empty: 224M, Relocated: 0M, In-Place: 0
[56.258s][info][gc,reloc    ] GC(98) Large Pages: 1 / 6M, Empty: 0M, Relocated: 0M, In-Place: 0
[56.258s][info][gc,reloc    ] GC(98) Forwarding Usage: 0M
[56.258s][info][gc,heap     ] GC(98) Min Capacity: 4096M(100%)
[56.258s][info][gc,heap     ] GC(98) Max Capacity: 4096M(100%)
[56.258s][info][gc,heap     ] GC(98) Soft Max Capacity: 4096M(100%)
[56.258s][info][gc,heap     ] GC(98)                Mark Start          Mark End        Relocate Start      Relocate End           High               Low         
[56.258s][info][gc,heap     ] GC(98)  Capacity:     4096M (100%)       4096M (100%)       4096M (100%)       4096M (100%)       4096M (100%)       4096M (100%)   
[56.258s][info][gc,heap     ] GC(98)      Free:     2690M (66%)        2690M (66%)        3988M (97%)        3996M (98%)        3996M (98%)        2690M (66%)    
[56.258s][info][gc,heap     ] GC(98)      Used:     1406M (34%)        1406M (34%)         108M (3%)          100M (2%)         1406M (34%)         100M (2%)     
[56.258s][info][gc,heap     ] GC(98)      Live:         -                95M (2%)           95M (2%)           95M (2%)             -                  -          
[56.258s][info][gc,heap     ] GC(98) Allocated:         -                 0M (0%)            0M (0%)            0M (0%)             -                  -          
[56.258s][info][gc,heap     ] GC(98)   Garbage:         -              1310M (32%)          12M (0%)            4M (0%)             -                  -          
[56.258s][info][gc,heap     ] GC(98) Reclaimed:         -                  -              1298M (32%)        1306M (32%)            -                  -          
[56.258s][info][gc          ] GC(98) Garbage Collection (System.gc()) 1406M(34%)->100M(2%)
[56.786s][info][gc,start    ] GC(99) Garbage Collection (Allocation Rate)
[56.786s][info][gc,task     ] GC(99) Using 1 workers
[56.786s][info][gc,phases   ] GC(99) Pause Mark Start 0.010ms
[56.927s][info][gc,phases   ] GC(99) Concurrent Mark 140.644ms
[56.927s][info][gc,phases   ] GC(99) Pause Mark End 0.015ms
[56.927s][info][gc,phases   ] GC(99) Concurrent Mark Free 0.001ms
[56.935s][info][gc,phases   ] GC(99) Concurrent Process Non-Strong References 8.391ms
[56.935s][info][gc,phases   ] GC(99) Concurrent Reset Relocation Set 0.004ms
[56.940s][info][gc,phases   ] GC(99) Concurrent Select Relocation Set 4.381ms
[56.940s][info][gc,phases   ] GC(99) Pause Relocate Start 0.015ms
[56.944s][info][gc,phases   ] GC(99) Concurrent Relocate 4.133ms
[56.944s][info][gc,load     ] GC(99) Load: 0.00/0.00/0.00
[56.944s][info][gc,mmu      ] GC(99) MMU: 2ms/97.7%, 5ms/99.1%, 10ms/99.4%, 20ms/99.7%, 50ms/99.9%, 100ms/99.9%
[56.944s][info][gc,marking  ] GC(99) Mark: 1 stripe(s), 2 proactive flush(es), 1 terminate flush(es), 0 completion(s), 0 continuation(s) 
[56.944s][info][gc,marking  ] GC(99) Mark Stack Usage: 32M
[56.944s][info][gc,nmethod  ] GC(99) NMethods: 1351 registered, 33 unregistered
[56.944s][info][gc,metaspace] GC(99) Metaspace: 11M used, 11M committed, 1088M reserved
[56.944s][info][gc,ref      ] GC(99) Soft: 197 encountered, 0 discovered, 0 enqueued
[56.944s][info][gc,ref      ] GC(99) Weak: 695 encountered, 187 discovered, 0 enqueued
[56.944s][info][gc,ref      ] GC(99) Final: 0 encountered, 0 discovered, 0 enqueued
[56.944s][info][gc,ref      ] GC(99) Phantom: 36 encountered, 21 discovered, 0 enqueued
[56.944s][info][gc,reloc    ] GC(99) Small Pages: 1088 / 2176M, Empty: 2052M, Relocated: 3M, In-Place: 0
[56.944s][info][gc,reloc    ] GC(99) Medium Pages: 11 / 352M, Empty: 352M, Relocated: 0M, In-Place: 0
[56.944s][info][gc,reloc    ] GC(99) Large Pages: 1 / 6M, Empty: 0M, Relocated: 0M, In-Place: 0
[56.944s][info][gc,reloc    ] GC(99) Forwarding Usage: 1M
[56.944s][info][gc,heap     ] GC(99) Min Capacity: 4096M(100%)
[56.944s][info][gc,heap     ] GC(99) Max Capacity: 4096M(100%)
[56.944s][info][gc,heap     ] GC(99) Soft Max Capacity: 4096M(100%)
[56.944s][info][gc,heap     ] GC(99)                Mark Start          Mark End        Relocate Start      Relocate End           High               Low         
[56.944s][info][gc,heap     ] GC(99)  Capacity:     4096M (100%)       4096M (100%)       4096M (100%)       4096M (100%)       4096M (100%)       4096M (100%)   
[56.944s][info][gc,heap     ] GC(99)      Free:     1562M (38%)         982M (24%)        3306M (81%)        3334M (81%)        3336M (81%)         928M (23%)    
[56.944s][info][gc,heap     ] GC(99)      Used:     2534M (62%)        3114M (76%)         790M (19%)         762M (19%)        3168M (77%)         760M (19%)    
[56.944s][info][gc,heap     ] GC(99)      Live:         -                96M (2%)           96M (2%)           96M (2%)             -                  -          
[56.944s][info][gc,heap     ] GC(99) Allocated:         -               580M (14%)         660M (16%)         663M (16%)            -                  -          
[56.944s][info][gc,heap     ] GC(99)   Garbage:         -              2437M (60%)          33M (1%)            1M (0%)             -                  -          
[56.944s][info][gc,heap     ] GC(99) Reclaimed:         -                  -              2404M (59%)        2435M (59%)            -                  -          
[56.944s][info][gc          ] GC(99) Garbage Collection (Allocation Rate) 2534M(62%)->762M(19%)
[57.382s][info][gc,start    ] GC(100) Garbage Collection (Allocation Rate)
[57.382s][info][gc,task     ] GC(100) Using 1 workers
[57.382s][info][gc,phases   ] GC(100) Pause Mark Start 0.009ms
[57.607s][info][gc,phases   ] GC(100) Concurrent Mark 224.098ms
[57.607s][info][gc,phases   ] GC(100) Pause Mark End 0.019ms
[57.607s][info][gc,phases   ] GC(100) Concurrent Mark Free 0.002ms
[57.613s][info][gc,phases   ] GC(100) Concurrent Process Non-Strong References 3.304ms
[57.613s][info][gc,phases   ] GC(100) Concurrent Reset Relocation Set 0.003ms
[57.616s][info][gc,phases   ] GC(100) Concurrent Select Relocation Set 2.855ms
[57.616s][info][gc,phases   ] GC(100) Pause Relocate Start 0.009ms
[57.617s][info][gc,phases   ] GC(100) Concurrent Relocate 0.857ms
[57.617s][info][gc,load     ] GC(100) Load: 0.00/0.00/0.00
[57.617s][info][gc,mmu      ] GC(100) MMU: 2ms/97.7%, 5ms/99.1%, 10ms/99.4%, 20ms/99.7%, 50ms/99.9%, 100ms/99.9%
[57.617s][info][gc,marking  ] GC(100) Mark: 1 stripe(s), 2 proactive flush(es), 1 terminate flush(es), 0 completion(s), 0 continuation(s) 
[57.617s][info][gc,marking  ] GC(100) Mark Stack Usage: 32M
[57.617s][info][gc,nmethod  ] GC(100) NMethods: 1351 registered, 33 unregistered
[57.617s][info][gc,metaspace] GC(100) Metaspace: 11M used, 11M committed, 1088M reserved
[57.617s][info][gc,ref      ] GC(100) Soft: 197 encountered, 0 discovered, 0 enqueued
[57.617s][info][gc,ref      ] GC(100) Weak: 695 encountered, 187 discovered, 0 enqueued
[57.617s][info][gc,ref      ] GC(100) Final: 0 encountered, 0 discovered, 0 enqueued
[57.617s][info][gc,ref      ] GC(100) Phantom: 36 encountered, 21 discovered, 0 enqueued
[57.617s][info][gc,reloc    ] GC(100) Small Pages: 1197 / 2394M, Empty: 2262M, Relocated: 1M, In-Place: 0
[57.617s][info][gc,reloc    ] GC(100) Medium Pages: 12 / 384M, Empty: 352M, Relocated: 0M, In-Place: 0
[57.617s][info][gc,reloc    ] GC(100) Large Pages: 1 / 6M, Empty: 0M, Relocated: 0M, In-Place: 0
[57.617s][info][gc,reloc    ] GC(100) Forwarding Usage: 0M
[57.617s][info][gc,heap     ] GC(100) Min Capacity: 4096M(100%)
[57.617s][info][gc,heap     ] GC(100) Max Capacity: 4096M(100%)
[57.617s][info][gc,heap     ] GC(100) Soft Max Capacity: 4096M(100%)
[57.617s][info][gc,heap     ] GC(100)                Mark Start          Mark End        Relocate Start      Relocate End           High               Low         
[57.617s][info][gc,heap     ] GC(100)  Capacity:     4096M (100%)       4096M (100%)       4096M (100%)       4096M (100%)       4096M (100%)       4096M (100%)   
[57.617s][info][gc,heap     ] GC(100)      Free:     1312M (32%)         378M (9%)         2934M (72%)        2974M (73%)        2974M (73%)         320M (8%)     
[57.617s][info][gc,heap     ] GC(100)      Used:     2784M (68%)        3718M (91%)        1162M (28%)        1122M (27%)        3776M (92%)        1122M (27%)    
[57.617s][info][gc,heap     ] GC(100)      Live:         -                99M (2%)           99M (2%)           99M (2%)             -                  -          
[57.617s][info][gc,heap     ] GC(100) Allocated:         -               934M (23%)         992M (24%)         991M (24%)            -                  -          
[57.617s][info][gc,heap     ] GC(100)   Garbage:         -              2684M (66%)          70M (2%)           30M (1%)             -                  -          
[57.617s][info][gc,heap     ] GC(100) Reclaimed:         -                  -              2614M (64%)        2653M (65%)            -                  -          
[57.617s][info][gc          ] GC(100) Garbage Collection (Allocation Rate) 2784M(68%)->1122M(27%)
[57.774s][info][gc,start    ] GC(101) Garbage Collection (Allocation Rate)
[57.775s][info][gc,task     ] GC(101) Using 1 workers
[57.775s][info][gc,phases   ] GC(101) Pause Mark Start 0.007ms
[57.932s][info][gc,phases   ] GC(101) Concurrent Mark 157.444ms
[57.932s][info][gc,phases   ] GC(101) Pause Mark End 0.024ms
[57.932s][info][gc,phases   ] GC(101) Concurrent Mark Free 0.001ms
[57.936s][info][gc,phases   ] GC(101) Concurrent Process Non-Strong References 3.731ms
[57.936s][info][gc,phases   ] GC(101) Concurrent Reset Relocation Set 0.003ms
[57.939s][info][gc,phases   ] GC(101) Concurrent Select Relocation Set 2.943ms
[57.939s][info][gc,phases   ] GC(101) Pause Relocate Start 0.009ms
[57.941s][info][gc,phases   ] GC(101) Concurrent Relocate 1.802ms
[57.941s][info][gc,load     ] GC(101) Load: 0.00/0.00/0.00
[57.941s][info][gc,mmu      ] GC(101) MMU: 2ms/97.7%, 5ms/99.1%, 10ms/99.4%, 20ms/99.7%, 50ms/99.9%, 100ms/99.9%
[57.941s][info][gc,marking  ] GC(101) Mark: 1 stripe(s), 2 proactive flush(es), 1 terminate flush(es), 0 completion(s), 0 continuation(s) 
[57.941s][info][gc,marking  ] GC(101) Mark Stack Usage: 32M
[57.941s][info][gc,nmethod  ] GC(101) NMethods: 1351 registered, 33 unregistered
[57.941s][info][gc,metaspace] GC(101) Metaspace: 11M used, 11M committed, 1088M reserved
[57.941s][info][gc,ref      ] GC(101) Soft: 197 encountered, 0 discovered, 0 enqueued
[57.941s][info][gc,ref      ] GC(101) Weak: 695 encountered, 187 discovered, 0 enqueued
[57.941s][info][gc,ref      ] GC(101) Final: 0 encountered, 0 discovered, 0 enqueued
[57.941s][info][gc,ref      ] GC(101) Phantom: 36 encountered, 21 discovered, 0 enqueued
[57.941s][info][gc,reloc    ] GC(101) Small Pages: 765 / 1530M, Empty: 1394M, Relocated: 2M, In-Place: 0
[57.941s][info][gc,reloc    ] GC(101) Medium Pages: 8 / 256M, Empty: 256M, Relocated: 0M, In-Place: 0
[57.941s][info][gc,reloc    ] GC(101) Large Pages: 1 / 6M, Empty: 0M, Relocated: 0M, In-Place: 0
[57.941s][info][gc,reloc    ] GC(101) Forwarding Usage: 0M
[57.941s][info][gc,heap     ] GC(101) Min Capacity: 4096M(100%)
[57.941s][info][gc,heap     ] GC(101) Max Capacity: 4096M(100%)
[57.941s][info][gc,heap     ] GC(101) Soft Max Capacity: 4096M(100%)
[57.941s][info][gc,heap     ] GC(101)                Mark Start          Mark End        Relocate Start      Relocate End           High               Low         
[57.941s][info][gc,heap     ] GC(101)  Capacity:     4096M (100%)       4096M (100%)       4096M (100%)       4096M (100%)       4096M (100%)       4096M (100%)   
[57.941s][info][gc,heap     ] GC(101)      Free:     2304M (56%)        1756M (43%)        3388M (83%)        3428M (84%)        3428M (84%)        1740M (42%)    
[57.941s][info][gc,heap     ] GC(101)      Used:     1792M (44%)        2340M (57%)         708M (17%)         668M (16%)        2356M (58%)         668M (16%)    
[57.941s][info][gc,heap     ] GC(101)      Live:         -                97M (2%)           97M (2%)           97M (2%)             -                  -          
[57.941s][info][gc,heap     ] GC(101) Allocated:         -               548M (13%)         566M (14%)         567M (14%)            -                  -          
[57.941s][info][gc,heap     ] GC(101)   Garbage:         -              1694M (41%)          44M (1%)            2M (0%)             -                  -          
[57.941s][info][gc,heap     ] GC(101) Reclaimed:         -                  -              1650M (40%)        1691M (41%)            -                  -          
[57.941s][info][gc          ] GC(101) Garbage Collection (Allocation Rate) 1792M(44%)->668M(16%)
[58.388s][info][gc,start    ] GC(102) Garbage Collection (Allocation Rate)
[58.388s][info][gc,task     ] GC(102) Using 1 workers
[58.388s][info][gc,phases   ] GC(102) Pause Mark Start 0.014ms
[58.533s][info][gc,phases   ] GC(102) Concurrent Mark 144.712ms
[58.533s][info][gc,phases   ] GC(102) Pause Mark End 0.015ms
[58.533s][info][gc,phases   ] GC(102) Concurrent Mark Free 0.001ms
[58.544s][info][gc,phases   ] GC(102) Concurrent Process Non-Strong References 11.469ms
[58.544s][info][gc,phases   ] GC(102) Concurrent Reset Relocation Set 0.005ms
[58.547s][info][gc,phases   ] GC(102) Concurrent Select Relocation Set 2.990ms
[58.548s][info][gc,phases   ] GC(102) Pause Relocate Start 0.012ms
[58.551s][info][gc,phases   ] GC(102) Concurrent Relocate 3.056ms
[58.551s][info][gc,load     ] GC(102) Load: 0.00/0.00/0.00
[58.551s][info][gc,mmu      ] GC(102) MMU: 2ms/97.7%, 5ms/99.1%, 10ms/99.4%, 20ms/99.7%, 50ms/99.9%, 100ms/99.9%
[58.551s][info][gc,marking  ] GC(102) Mark: 1 stripe(s), 2 proactive flush(es), 1 terminate flush(es), 0 completion(s), 0 continuation(s) 
[58.551s][info][gc,marking  ] GC(102) Mark Stack Usage: 32M
[58.551s][info][gc,nmethod  ] GC(102) NMethods: 1351 registered, 33 unregistered
[58.551s][info][gc,metaspace] GC(102) Metaspace: 11M used, 11M committed, 1088M reserved
[58.551s][info][gc,ref      ] GC(102) Soft: 197 encountered, 0 discovered, 0 enqueued
[58.551s][info][gc,ref      ] GC(102) Weak: 695 encountered, 187 discovered, 0 enqueued
[58.551s][info][gc,ref      ] GC(102) Final: 0 encountered, 0 discovered, 0 enqueued
[58.551s][info][gc,ref      ] GC(102) Phantom: 36 encountered, 21 discovered, 0 enqueued
[58.551s][info][gc,reloc    ] GC(102) Small Pages: 1167 / 2334M, Empty: 2192M, Relocated: 4M, In-Place: 0
[58.551s][info][gc,reloc    ] GC(102) Medium Pages: 12 / 384M, Empty: 384M, Relocated: 0M, In-Place: 0
[58.551s][info][gc,reloc    ] GC(102) Large Pages: 1 / 6M, Empty: 0M, Relocated: 0M, In-Place: 0
[58.551s][info][gc,reloc    ] GC(102) Forwarding Usage: 1M
[58.551s][info][gc,heap     ] GC(102) Min Capacity: 4096M(100%)
[58.551s][info][gc,heap     ] GC(102) Max Capacity: 4096M(100%)
[58.551s][info][gc,heap     ] GC(102) Soft Max Capacity: 4096M(100%)
[58.551s][info][gc,heap     ] GC(102)                Mark Start          Mark End        Relocate Start      Relocate End           High               Low         
[58.551s][info][gc,heap     ] GC(102)  Capacity:     4096M (100%)       4096M (100%)       4096M (100%)       4096M (100%)       4096M (100%)       4096M (100%)   
[58.551s][info][gc,heap     ] GC(102)      Free:     1372M (33%)         808M (20%)        3306M (81%)        3354M (82%)        3354M (82%)         732M (18%)    
[58.551s][info][gc,heap     ] GC(102)      Used:     2724M (67%)        3288M (80%)         790M (19%)         742M (18%)        3364M (82%)         742M (18%)    
[58.551s][info][gc,heap     ] GC(102)      Live:         -                98M (2%)           98M (2%)           98M (2%)             -                  -          
[58.551s][info][gc,heap     ] GC(102) Allocated:         -               564M (14%)         642M (16%)         641M (16%)            -                  -          
[58.551s][info][gc,heap     ] GC(102)   Garbage:         -              2625M (64%)          49M (1%)            1M (0%)             -                  -          
[58.551s][info][gc,heap     ] GC(102) Reclaimed:         -                  -              2576M (63%)        2623M (64%)            -                  -          
[58.551s][info][gc          ] GC(102) Garbage Collection (Allocation Rate) 2724M(67%)->742M(18%)
[58.984s][info][gc,start    ] GC(103) Garbage Collection (Allocation Rate)
[58.984s][info][gc,task     ] GC(103) Using 1 workers
[58.984s][info][gc,phases   ] GC(103) Pause Mark Start 0.008ms
[59.141s][info][gc,phases   ] GC(103) Concurrent Mark 156.742ms
[59.141s][info][gc,phases   ] GC(103) Pause Mark End 0.014ms
[59.141s][info][gc,phases   ] GC(103) Concurrent Mark Free 0.001ms
[59.146s][info][gc,phases   ] GC(103) Concurrent Process Non-Strong References 4.947ms
[59.146s][info][gc,phases   ] GC(103) Concurrent Reset Relocation Set 0.007ms
[59.150s][info][gc,phases   ] GC(103) Concurrent Select Relocation Set 4.001ms
[59.150s][info][gc,phases   ] GC(103) Pause Relocate Start 0.015ms
[59.152s][info][gc,phases   ] GC(103) Concurrent Relocate 1.371ms
[59.152s][info][gc,load     ] GC(103) Load: 0.00/0.00/0.00
[59.152s][info][gc,mmu      ] GC(103) MMU: 2ms/97.7%, 5ms/99.1%, 10ms/99.4%, 20ms/99.7%, 50ms/99.9%, 100ms/99.9%
[59.152s][info][gc,marking  ] GC(103) Mark: 1 stripe(s), 2 proactive flush(es), 1 terminate flush(es), 0 completion(s), 0 continuation(s) 
[59.152s][info][gc,marking  ] GC(103) Mark Stack Usage: 32M
[59.152s][info][gc,nmethod  ] GC(103) NMethods: 1351 registered, 33 unregistered
[59.152s][info][gc,metaspace] GC(103) Metaspace: 11M used, 11M committed, 1088M reserved
[59.152s][info][gc,ref      ] GC(103) Soft: 197 encountered, 0 discovered, 0 enqueued
[59.152s][info][gc,ref      ] GC(103) Weak: 695 encountered, 187 discovered, 0 enqueued
[59.152s][info][gc,ref      ] GC(103) Final: 0 encountered, 0 discovered, 0 enqueued
[59.152s][info][gc,ref      ] GC(103) Phantom: 36 encountered, 21 discovered, 0 enqueued
[59.152s][info][gc,reloc    ] GC(103) Small Pages: 1175 / 2350M, Empty: 2188M, Relocated: 3M, In-Place: 0
[59.152s][info][gc,reloc    ] GC(103) Medium Pages: 12 / 384M, Empty: 352M, Relocated: 0M, In-Place: 0
[59.152s][info][gc,reloc    ] GC(103) Large Pages: 1 / 6M, Empty: 0M, Relocated: 0M, In-Place: 0
[59.152s][info][gc,reloc    ] GC(103) Forwarding Usage: 0M
[59.152s][info][gc,heap     ] GC(103) Min Capacity: 4096M(100%)
[59.152s][info][gc,heap     ] GC(103) Max Capacity: 4096M(100%)
[59.152s][info][gc,heap     ] GC(103) Soft Max Capacity: 4096M(100%)
[59.152s][info][gc,heap     ] GC(103)                Mark Start          Mark End        Relocate Start      Relocate End           High               Low         
[59.152s][info][gc,heap     ] GC(103)  Capacity:     4096M (100%)       4096M (100%)       4096M (100%)       4096M (100%)       4096M (100%)       4096M (100%)   
[59.152s][info][gc,heap     ] GC(103)      Free:     1356M (33%)         736M (18%)        3232M (79%)        3296M (80%)        3296M (80%)         714M (17%)    
[59.152s][info][gc,heap     ] GC(103)      Used:     2740M (67%)        3360M (82%)         864M (21%)         800M (20%)        3382M (83%)         800M (20%)    
[59.152s][info][gc,heap     ] GC(103)      Live:         -                99M (2%)           99M (2%)           99M (2%)             -                  -          
[59.152s][info][gc,heap     ] GC(103) Allocated:         -               620M (15%)         664M (16%)         665M (16%)            -                  -          
[59.152s][info][gc,heap     ] GC(103)   Garbage:         -              2640M (64%)         100M (2%)           34M (1%)             -                  -          
[59.152s][info][gc,heap     ] GC(103) Reclaimed:         -                  -              2540M (62%)        2605M (64%)            -                  -          
[59.152s][info][gc          ] GC(103) Garbage Collection (Allocation Rate) 2740M(67%)->800M(20%)
[59.580s][info][gc,start    ] GC(104) Garbage Collection (Allocation Rate)
[59.580s][info][gc,task     ] GC(104) Using 1 workers
[59.580s][info][gc,phases   ] GC(104) Pause Mark Start 0.009ms
[59.800s][info][gc,phases   ] GC(104) Concurrent Mark 219.806ms
[59.800s][info][gc,phases   ] GC(104) Pause Mark End 0.019ms
[59.800s][info][gc,phases   ] GC(104) Concurrent Mark Free 0.002ms
[59.804s][info][gc,phases   ] GC(104) Concurrent Process Non-Strong References 4.221ms
[59.804s][info][gc,phases   ] GC(104) Concurrent Reset Relocation Set 0.006ms
[59.808s][info][gc,phases   ] GC(104) Concurrent Select Relocation Set 4.018ms
[59.808s][info][gc,phases   ] GC(104) Pause Relocate Start 0.009ms
[59.809s][info][gc,phases   ] GC(104) Concurrent Relocate 0.915ms
[59.809s][info][gc,load     ] GC(104) Load: 0.00/0.00/0.00
[59.809s][info][gc,mmu      ] GC(104) MMU: 2ms/97.7%, 5ms/99.1%, 10ms/99.4%, 20ms/99.7%, 50ms/99.9%, 100ms/99.9%
[59.809s][info][gc,marking  ] GC(104) Mark: 1 stripe(s), 2 proactive flush(es), 1 terminate flush(es), 0 completion(s), 0 continuation(s) 
[59.809s][info][gc,marking  ] GC(104) Mark Stack Usage: 32M
[59.809s][info][gc,nmethod  ] GC(104) NMethods: 1353 registered, 33 unregistered
[59.809s][info][gc,metaspace] GC(104) Metaspace: 11M used, 11M committed, 1088M reserved
[59.809s][info][gc,ref      ] GC(104) Soft: 197 encountered, 0 discovered, 0 enqueued
[59.809s][info][gc,ref      ] GC(104) Weak: 695 encountered, 187 discovered, 0 enqueued
[59.809s][info][gc,ref      ] GC(104) Final: 0 encountered, 0 discovered, 0 enqueued
[59.809s][info][gc,ref      ] GC(104) Phantom: 36 encountered, 21 discovered, 0 enqueued
[59.809s][info][gc,reloc    ] GC(104) Small Pages: 1175 / 2350M, Empty: 2214M, Relocated: 0M, In-Place: 0
[59.809s][info][gc,reloc    ] GC(104) Medium Pages: 13 / 416M, Empty: 384M, Relocated: 0M, In-Place: 0
[59.809s][info][gc,reloc    ] GC(104) Large Pages: 1 / 6M, Empty: 0M, Relocated: 0M, In-Place: 0
[59.809s][info][gc,reloc    ] GC(104) Forwarding Usage: 0M
[59.809s][info][gc,heap     ] GC(104) Min Capacity: 4096M(100%)
[59.809s][info][gc,heap     ] GC(104) Max Capacity: 4096M(100%)
[59.809s][info][gc,heap     ] GC(104) Soft Max Capacity: 4096M(100%)
[59.809s][info][gc,heap     ] GC(104)                Mark Start          Mark End        Relocate Start      Relocate End           High               Low         
[59.809s][info][gc,heap     ] GC(104)  Capacity:     4096M (100%)       4096M (100%)       4096M (100%)       4096M (100%)       4096M (100%)       4096M (100%)   
[59.809s][info][gc,heap     ] GC(104)      Free:     1324M (32%)         422M (10%)        2968M (72%)        3008M (73%)        3010M (73%)         390M (10%)    
[59.810s][info][gc,heap     ] GC(104)      Used:     2772M (68%)        3674M (90%)        1128M (28%)        1088M (27%)        3706M (90%)        1086M (27%)    
[59.810s][info][gc,heap     ] GC(104)      Live:         -                99M (2%)           99M (2%)           99M (2%)             -                  -          
[59.810s][info][gc,heap     ] GC(104) Allocated:         -               902M (22%)         954M (23%)         957M (23%)            -                  -          
[59.810s][info][gc,heap     ] GC(104)   Garbage:         -              2672M (65%)          74M (2%)           30M (1%)             -                  -          
[59.810s][info][gc,heap     ] GC(104) Reclaimed:         -                  -              2598M (63%)        2641M (65%)            -                  -          
[59.810s][info][gc          ] GC(104) Garbage Collection (Allocation Rate) 2772M(68%)->1088M(27%)
[60.082s][info][gc,start    ] GC(105) Garbage Collection (Allocation Rate)
[60.082s][info][gc,task     ] GC(105) Using 1 workers
[60.082s][info][gc,phases   ] GC(105) Pause Mark Start 0.009ms
[60.176s][info][gc,stats    ] === Garbage Collection Statistics =======================================================================================================================
[60.176s][info][gc,stats    ]                                                              Last 10s              Last 10m              Last 10h                Total
[60.176s][info][gc,stats    ]                                                              Avg / Max             Avg / Max             Avg / Max             Avg / Max
[60.176s][info][gc,stats    ]   Collector: Garbage Collection Cycle                    164.239 / 240.380     160.812 / 259.019     160.812 / 259.019     160.812 / 259.019     ms
[60.176s][info][gc,stats    ]  Contention: Mark Segment Reset Contention                     0 / 0                 0 / 2                 0 / 2                 0 / 2           ops/s
[60.176s][info][gc,stats    ]  Contention: Mark SeqNum Reset Contention                      0 / 1                 0 / 2                 0 / 2                 0 / 2           ops/s
[60.176s][info][gc,stats    ]    Critical: Allocation Stall                                  0 / 0                 0 / 0                 0 / 0                 0 / 0           ops/s
[60.176s][info][gc,stats    ]    Critical: Allocation Stall                              0.000 / 0.000         0.000 / 0.000         0.000 / 0.000         0.000 / 0.000       ms
[60.176s][info][gc,stats    ]    Critical: GC Locker Stall                                   0 / 0                 0 / 0                 0 / 0                 0 / 0           ops/s
[60.176s][info][gc,stats    ]    Critical: GC Locker Stall                               0.000 / 0.000         0.000 / 0.000         0.000 / 0.000         0.000 / 0.000       ms
[60.176s][info][gc,stats    ]    Critical: Relocation Stall                                  0 / 0                 0 / 0                 0 / 0                 0 / 0           ops/s
[60.176s][info][gc,stats    ]    Critical: Relocation Stall                              0.000 / 0.000         0.000 / 0.000         0.000 / 0.000         0.000 / 0.000       ms
[60.176s][info][gc,stats    ]      Memory: Allocation Rate                                4258 / 4496           4163 / 4592           4163 / 4592           4163 / 4592        MB/s
[60.176s][info][gc,stats    ]      Memory: Defragment                                        0 / 0                 0 / 0                 0 / 0                 0 / 0           ops/s
[60.176s][info][gc,stats    ]      Memory: Out Of Memory                                     0 / 0                 0 / 0                 0 / 0                 0 / 0           ops/s
[60.176s][info][gc,stats    ]      Memory: Page Cache Flush                                  0 / 0                 0 / 0                 0 / 0                 0 / 0           MB/s
[60.176s][info][gc,stats    ]      Memory: Page Cache Hit L1                              1845 / 1950           1774 / 1983           1774 / 1983           1774 / 1983        ops/s
[60.176s][info][gc,stats    ]      Memory: Page Cache Hit L2                                 0 / 0                 0 / 0                 0 / 0                 0 / 0           ops/s
[60.176s][info][gc,stats    ]      Memory: Page Cache Hit L3                                 0 / 0                29 / 437              29 / 437              29 / 437         ops/s
[60.176s][info][gc,stats    ]      Memory: Page Cache Miss                                   0 / 0                 0 / 1                 0 / 1                 0 / 1           ops/s
[60.176s][info][gc,stats    ]      Memory: Uncommit                                          0 / 0                 0 / 0                 0 / 0                 0 / 0           MB/s
[60.176s][info][gc,stats    ]      Memory: Undo Object Allocation Failed                     0 / 0                 0 / 1                 0 / 1                 0 / 1           ops/s
[60.176s][info][gc,stats    ]      Memory: Undo Object Allocation Succeeded                  0 / 1                 8 / 137               8 / 137               8 / 137         ops/s
[60.176s][info][gc,stats    ]      Memory: Undo Page Allocation                              1 / 3                 2 / 7                 2 / 7                 2 / 7           ops/s
[60.176s][info][gc,stats    ]       Phase: Concurrent Mark                             153.467 / 224.098     148.537 / 251.310     148.537 / 251.310     148.537 / 251.310     ms
[60.176s][info][gc,stats    ]       Phase: Concurrent Mark Continue                      0.000 / 0.000         0.000 / 0.000         0.000 / 0.000         0.000 / 0.000       ms
[60.176s][info][gc,stats    ]       Phase: Concurrent Mark Free                          0.002 / 0.003         0.002 / 0.005         0.002 / 0.005         0.002 / 0.005       ms
[60.176s][info][gc,stats    ]       Phase: Concurrent Process Non-Strong References      4.654 / 11.469        5.768 / 24.469        5.768 / 24.469        5.768 / 24.469      ms
[60.176s][info][gc,stats    ]       Phase: Concurrent Relocate                           1.717 / 4.133         2.427 / 57.532        2.427 / 57.532        2.427 / 57.532      ms
[60.176s][info][gc,stats    ]       Phase: Concurrent Reset Relocation Set               0.004 / 0.007         0.004 / 0.026         0.004 / 0.026         0.004 / 0.026       ms
[60.176s][info][gc,stats    ]       Phase: Concurrent Select Relocation Set              3.292 / 6.394         3.055 / 13.885        3.055 / 13.885        3.055 / 13.885      ms
[60.176s][info][gc,stats    ]       Phase: Pause Mark End                                0.018 / 0.029         0.018 / 0.047         0.018 / 0.047         0.018 / 0.047       ms
[60.176s][info][gc,stats    ]       Phase: Pause Mark Start                              0.011 / 0.018         0.010 / 0.025         0.010 / 0.025         0.010 / 0.025       ms
[60.176s][info][gc,stats    ]       Phase: Pause Relocate Start                          0.012 / 0.018         0.012 / 0.025         0.012 / 0.025         0.012 / 0.025       ms
[60.176s][info][gc,stats    ]    Subphase: Concurrent Classes Purge                      0.013 / 0.019         0.022 / 0.208         0.022 / 0.208         0.022 / 0.208       ms
[60.176s][info][gc,stats    ]    Subphase: Concurrent Classes Unlink                     2.785 / 3.539         2.466 / 3.609         2.466 / 3.609         2.466 / 3.609       ms
[60.176s][info][gc,stats    ]    Subphase: Concurrent Mark                             142.049 / 223.317     132.051 / 250.559     132.051 / 250.559     132.051 / 250.559     ms
[60.176s][info][gc,stats    ]    Subphase: Concurrent Mark Try Flush                     1.131 / 16.038        0.839 / 16.794        0.839 / 16.794        0.839 / 16.794      ms
[60.177s][info][gc,stats    ]    Subphase: Concurrent Mark Try Terminate                 0.786 / 15.074        1.546 / 16.548        1.546 / 16.548        1.546 / 16.548      ms
[60.177s][info][gc,stats    ]    Subphase: Concurrent References Enqueue                 0.001 / 0.001         0.001 / 0.015         0.001 / 0.015         0.001 / 0.015       ms
[60.177s][info][gc,stats    ]    Subphase: Concurrent References Process                 0.080 / 0.186         0.081 / 0.207         0.081 / 0.207         0.081 / 0.207       ms
[60.177s][info][gc,stats    ]    Subphase: Concurrent Roots ClassLoaderDataGraph         0.072 / 0.108         0.068 / 0.272         0.068 / 0.272         0.068 / 0.272       ms
[60.177s][info][gc,stats    ]    Subphase: Concurrent Roots CodeCache                    0.000 / 0.000         0.000 / 0.000         0.000 / 0.000         0.000 / 0.000       ms
[60.177s][info][gc,stats    ]    Subphase: Concurrent Roots JavaThreads                  0.554 / 0.691         0.643 / 7.312         0.643 / 7.312         0.643 / 7.312       ms
[60.177s][info][gc,stats    ]    Subphase: Concurrent Roots OopStorageSet                0.030 / 0.061         0.027 / 0.063         0.027 / 0.063         0.027 / 0.063       ms
[60.177s][info][gc,stats    ]    Subphase: Concurrent Weak Roots OopStorageSet           0.200 / 0.369         0.182 / 0.369         0.182 / 0.369         0.182 / 0.369       ms
[60.177s][info][gc,stats    ]    Subphase: Pause Mark Try Complete                       0.000 / 0.000         0.000 / 0.000         0.000 / 0.000         0.000 / 0.000       ms
[60.177s][info][gc,stats    ]      System: Java Threads                                     23 / 23               22 / 23               22 / 23               22 / 23          threads
[60.177s][info][gc,stats    ] =========================================================================================================================================================
[60.228s][info][gc,phases   ] GC(105) Concurrent Mark 145.821ms
[60.229s][info][gc,phases   ] GC(105) Pause Mark End 0.015ms
[60.229s][info][gc,phases   ] GC(105) Concurrent Mark Free 0.003ms
[60.232s][info][gc,phases   ] GC(105) Concurrent Process Non-Strong References 3.644ms
[60.232s][info][gc,phases   ] GC(105) Concurrent Reset Relocation Set 0.003ms
[60.235s][info][gc,phases   ] GC(105) Concurrent Select Relocation Set 2.470ms
[60.235s][info][gc,phases   ] GC(105) Pause Relocate Start 0.011ms
[60.237s][info][gc,phases   ] GC(105) Concurrent Relocate 2.153ms
[60.237s][info][gc,load     ] GC(105) Load: 0.00/0.00/0.00
[60.237s][info][gc,mmu      ] GC(105) MMU: 2ms/97.7%, 5ms/99.1%, 10ms/99.4%, 20ms/99.7%, 50ms/99.9%, 100ms/99.9%
[60.237s][info][gc,marking  ] GC(105) Mark: 1 stripe(s), 2 proactive flush(es), 1 terminate flush(es), 0 completion(s), 0 continuation(s) 
[60.237s][info][gc,marking  ] GC(105) Mark Stack Usage: 32M
[60.237s][info][gc,nmethod  ] GC(105) NMethods: 1353 registered, 33 unregistered
[60.237s][info][gc,metaspace] GC(105) Metaspace: 11M used, 11M committed, 1088M reserved
[60.237s][info][gc,ref      ] GC(105) Soft: 197 encountered, 0 discovered, 0 enqueued
[60.237s][info][gc,ref      ] GC(105) Weak: 695 encountered, 554 discovered, 0 enqueued
[60.237s][info][gc,ref      ] GC(105) Final: 0 encountered, 0 discovered, 0 enqueued
[60.237s][info][gc,ref      ] GC(105) Phantom: 36 encountered, 17 discovered, 0 enqueued
[60.238s][info][gc,reloc    ] GC(105) Small Pages: 993 / 1986M, Empty: 1844M, Relocated: 5M, In-Place: 0
[60.238s][info][gc,reloc    ] GC(105) Medium Pages: 11 / 352M, Empty: 320M, Relocated: 0M, In-Place: 0
[60.238s][info][gc,reloc    ] GC(105) Large Pages: 1 / 6M, Empty: 0M, Relocated: 0M, In-Place: 0
[60.238s][info][gc,reloc    ] GC(105) Forwarding Usage: 0M
[60.238s][info][gc,heap     ] GC(105) Min Capacity: 4096M(100%)
[60.238s][info][gc,heap     ] GC(105) Max Capacity: 4096M(100%)
[60.238s][info][gc,heap     ] GC(105) Soft Max Capacity: 4096M(100%)
[60.238s][info][gc,heap     ] GC(105)                Mark Start          Mark End        Relocate Start      Relocate End           High               Low         
[60.238s][info][gc,heap     ] GC(105)  Capacity:     4096M (100%)       4096M (100%)       4096M (100%)       4096M (100%)       4096M (100%)       4096M (100%)   
[60.238s][info][gc,heap     ] GC(105)      Free:     1752M (43%)        1166M (28%)        3308M (81%)        3354M (82%)        3354M (82%)        1148M (28%)    
[60.238s][info][gc,heap     ] GC(105)      Used:     2344M (57%)        2930M (72%)         788M (19%)         742M (18%)        2948M (72%)         742M (18%)    
[60.238s][info][gc,heap     ] GC(105)      Live:         -               100M (2%)          100M (2%)          100M (2%)             -                  -          
[60.238s][info][gc,heap     ] GC(105) Allocated:         -               586M (14%)         608M (15%)         607M (15%)            -                  -          
[60.238s][info][gc,heap     ] GC(105)   Garbage:         -              2243M (55%)          79M (2%)           33M (1%)             -                  -          
[60.238s][info][gc,heap     ] GC(105) Reclaimed:         -                  -              2164M (53%)        2209M (54%)            -                  -          
[60.238s][info][gc          ] GC(105) Garbage Collection (Allocation Rate) 2344M(57%)->742M(18%)
[60.643s][info][gc,start    ] GC(106) Garbage Collection (System.gc())
[60.643s][info][gc,task     ] GC(106) Using 2 workers
[60.643s][info][gc,phases   ] GC(106) Pause Mark Start 0.007ms
[60.710s][info][gc,phases   ] GC(106) Concurrent Mark 66.788ms
[60.710s][info][gc,phases   ] GC(106) Pause Mark End 0.029ms
[60.711s][info][gc,phases   ] GC(106) Concurrent Mark Free 0.003ms
[60.712s][info][gc,phases   ] GC(106) Concurrent Process Non-Strong References 1.656ms
[60.712s][info][gc,phases   ] GC(106) Concurrent Reset Relocation Set 0.002ms
[60.714s][info][gc,phases   ] GC(106) Concurrent Select Relocation Set 1.635ms
[60.714s][info][gc,phases   ] GC(106) Pause Relocate Start 0.007ms
[60.715s][info][gc,phases   ] GC(106) Concurrent Relocate 0.825ms
[60.715s][info][gc,load     ] GC(106) Load: 0.00/0.00/0.00
[60.715s][info][gc,mmu      ] GC(106) MMU: 2ms/97.7%, 5ms/99.1%, 10ms/99.4%, 20ms/99.7%, 50ms/99.9%, 100ms/99.9%
[60.715s][info][gc,marking  ] GC(106) Mark: 2 stripe(s), 1 proactive flush(es), 1 terminate flush(es), 0 completion(s), 0 continuation(s) 
[60.715s][info][gc,marking  ] GC(106) Mark Stack Usage: 32M
[60.715s][info][gc,nmethod  ] GC(106) NMethods: 1356 registered, 33 unregistered
[60.715s][info][gc,metaspace] GC(106) Metaspace: 11M used, 11M committed, 1088M reserved
[60.715s][info][gc,ref      ] GC(106) Soft: 197 encountered, 0 discovered, 0 enqueued
[60.715s][info][gc,ref      ] GC(106) Weak: 695 encountered, 52 discovered, 0 enqueued
[60.715s][info][gc,ref      ] GC(106) Final: 0 encountered, 0 discovered, 0 enqueued
[60.715s][info][gc,ref      ] GC(106) Phantom: 36 encountered, 15 discovered, 0 enqueued
[60.715s][info][gc,reloc    ] GC(106) Small Pages: 1087 / 2174M, Empty: 2074M, Relocated: 0M, In-Place: 0
[60.715s][info][gc,reloc    ] GC(106) Medium Pages: 12 / 384M, Empty: 384M, Relocated: 0M, In-Place: 0
[60.715s][info][gc,reloc    ] GC(106) Large Pages: 1 / 6M, Empty: 0M, Relocated: 0M, In-Place: 0
[60.715s][info][gc,reloc    ] GC(106) Forwarding Usage: 0M
[60.715s][info][gc,heap     ] GC(106) Min Capacity: 4096M(100%)
[60.715s][info][gc,heap     ] GC(106) Max Capacity: 4096M(100%)
[60.715s][info][gc,heap     ] GC(106) Soft Max Capacity: 4096M(100%)
[60.715s][info][gc,heap     ] GC(106)                Mark Start          Mark End        Relocate Start      Relocate End           High               Low         
[60.715s][info][gc,heap     ] GC(106)  Capacity:     4096M (100%)       4096M (100%)       4096M (100%)       4096M (100%)       4096M (100%)       4096M (100%)   
[60.715s][info][gc,heap     ] GC(106)      Free:     1532M (37%)        1532M (37%)        3990M (97%)        3996M (98%)        3996M (98%)        1532M (37%)    
[60.715s][info][gc,heap     ] GC(106)      Used:     2564M (63%)        2564M (63%)         106M (3%)          100M (2%)         2564M (63%)         100M (2%)     
[60.715s][info][gc,heap     ] GC(106)      Live:         -                95M (2%)           95M (2%)           95M (2%)             -                  -          
[60.715s][info][gc,heap     ] GC(106) Allocated:         -                 0M (0%)            0M (0%)            0M (0%)             -                  -          
[60.715s][info][gc,heap     ] GC(106)   Garbage:         -              2468M (60%)          10M (0%)            4M (0%)             -                  -          
[60.715s][info][gc,heap     ] GC(106) Reclaimed:         -                  -              2458M (60%)        2464M (60%)            -                  -          
[60.715s][info][gc          ] GC(106) Garbage Collection (System.gc()) 2564M(63%)->100M(2%)
[61.276s][info][gc,start    ] GC(107) Garbage Collection (Allocation Rate)
[61.276s][info][gc,task     ] GC(107) Using 1 workers
[61.276s][info][gc,phases   ] GC(107) Pause Mark Start 0.006ms
[61.408s][info][gc,phases   ] GC(107) Concurrent Mark 132.373ms
[61.408s][info][gc,phases   ] GC(107) Pause Mark End 0.033ms
[61.409s][info][gc,phases   ] GC(107) Concurrent Mark Free 0.001ms
[61.411s][info][gc,phases   ] GC(107) Concurrent Process Non-Strong References 2.907ms
[61.412s][info][gc,phases   ] GC(107) Concurrent Reset Relocation Set 0.002ms
[61.414s][info][gc,phases   ] GC(107) Concurrent Select Relocation Set 2.501ms
[61.414s][info][gc,phases   ] GC(107) Pause Relocate Start 0.010ms
[61.416s][info][gc,phases   ] GC(107) Concurrent Relocate 1.317ms
[61.416s][info][gc,load     ] GC(107) Load: 0.00/0.00/0.00
[61.416s][info][gc,mmu      ] GC(107) MMU: 2ms/97.7%, 5ms/99.1%, 10ms/99.4%, 20ms/99.7%, 50ms/99.9%, 100ms/99.9%
[61.416s][info][gc,marking  ] GC(107) Mark: 1 stripe(s), 2 proactive flush(es), 1 terminate flush(es), 0 completion(s), 0 continuation(s) 
[61.416s][info][gc,marking  ] GC(107) Mark Stack Usage: 32M
[61.416s][info][gc,nmethod  ] GC(107) NMethods: 1360 registered, 33 unregistered
[61.416s][info][gc,metaspace] GC(107) Metaspace: 11M used, 11M committed, 1088M reserved
[61.416s][info][gc,ref      ] GC(107) Soft: 197 encountered, 0 discovered, 0 enqueued
[61.416s][info][gc,ref      ] GC(107) Weak: 695 encountered, 187 discovered, 0 enqueued
[61.416s][info][gc,ref      ] GC(107) Final: 0 encountered, 0 discovered, 0 enqueued
[61.416s][info][gc,ref      ] GC(107) Phantom: 36 encountered, 21 discovered, 0 enqueued
[61.416s][info][gc,reloc    ] GC(107) Small Pages: 1162 / 2324M, Empty: 2214M, Relocated: 0M, In-Place: 0
[61.416s][info][gc,reloc    ] GC(107) Medium Pages: 12 / 384M, Empty: 384M, Relocated: 0M, In-Place: 0
[61.416s][info][gc,reloc    ] GC(107) Large Pages: 1 / 6M, Empty: 0M, Relocated: 0M, In-Place: 0
[61.416s][info][gc,reloc    ] GC(107) Forwarding Usage: 0M
[61.416s][info][gc,heap     ] GC(107) Min Capacity: 4096M(100%)
[61.416s][info][gc,heap     ] GC(107) Max Capacity: 4096M(100%)
[61.416s][info][gc,heap     ] GC(107) Soft Max Capacity: 4096M(100%)
[61.416s][info][gc,heap     ] GC(107)                Mark Start          Mark End        Relocate Start      Relocate End           High               Low         
[61.416s][info][gc,heap     ] GC(107)  Capacity:     4096M (100%)       4096M (100%)       4096M (100%)       4096M (100%)       4096M (100%)       4096M (100%)   
[61.416s][info][gc,heap     ] GC(107)      Free:     1382M (34%)         788M (19%)        3384M (83%)        3402M (83%)        3402M (83%)         786M (19%)    
[61.416s][info][gc,heap     ] GC(107)      Used:     2714M (66%)        3308M (81%)         712M (17%)         694M (17%)        3310M (81%)         694M (17%)    
[61.416s][info][gc,heap     ] GC(107)      Live:         -                95M (2%)           95M (2%)           95M (2%)             -                  -          
[61.416s][info][gc,heap     ] GC(107) Allocated:         -               594M (15%)         596M (15%)         595M (15%)            -                  -          
[61.416s][info][gc,heap     ] GC(107)   Garbage:         -              2618M (64%)          20M (0%)            2M (0%)             -                  -          
[61.416s][info][gc,heap     ] GC(107) Reclaimed:         -                  -              2598M (63%)        2615M (64%)            -                  -          
[61.416s][info][gc          ] GC(107) Garbage Collection (Allocation Rate) 2714M(66%)->694M(17%)
[61.888s][info][gc,start    ] GC(108) Garbage Collection (Allocation Rate)
[61.888s][info][gc,task     ] GC(108) Using 1 workers
[61.888s][info][gc,phases   ] GC(108) Pause Mark Start 0.011ms
[62.067s][info][gc,phases   ] GC(108) Concurrent Mark 178.967ms
[62.067s][info][gc,phases   ] GC(108) Pause Mark End 0.013ms
[62.067s][info][gc,phases   ] GC(108) Concurrent Mark Free 0.001ms
[62.073s][info][gc,phases   ] GC(108) Concurrent Process Non-Strong References 5.701ms
[62.073s][info][gc,phases   ] GC(108) Concurrent Reset Relocation Set 0.005ms
[62.078s][info][gc,phases   ] GC(108) Concurrent Select Relocation Set 4.596ms
[62.078s][info][gc,phases   ] GC(108) Pause Relocate Start 0.011ms
[62.084s][info][gc,phases   ] GC(108) Concurrent Relocate 5.728ms
[62.084s][info][gc,load     ] GC(108) Load: 0.00/0.00/0.00
[62.084s][info][gc,mmu      ] GC(108) MMU: 2ms/97.7%, 5ms/99.1%, 10ms/99.4%, 20ms/99.7%, 50ms/99.9%, 100ms/99.9%
[62.084s][info][gc,marking  ] GC(108) Mark: 1 stripe(s), 2 proactive flush(es), 1 terminate flush(es), 0 completion(s), 0 continuation(s) 
[62.084s][info][gc,marking  ] GC(108) Mark Stack Usage: 32M
[62.084s][info][gc,nmethod  ] GC(108) NMethods: 1360 registered, 33 unregistered
[62.084s][info][gc,metaspace] GC(108) Metaspace: 11M used, 11M committed, 1088M reserved
[62.084s][info][gc,ref      ] GC(108) Soft: 197 encountered, 0 discovered, 0 enqueued
[62.084s][info][gc,ref      ] GC(108) Weak: 695 encountered, 187 discovered, 0 enqueued
[62.084s][info][gc,ref      ] GC(108) Final: 0 encountered, 0 discovered, 0 enqueued
[62.084s][info][gc,ref      ] GC(108) Phantom: 36 encountered, 21 discovered, 0 enqueued
[62.084s][info][gc,reloc    ] GC(108) Small Pages: 1223 / 2446M, Empty: 2292M, Relocated: 4M, In-Place: 0
[62.084s][info][gc,reloc    ] GC(108) Medium Pages: 12 / 384M, Empty: 384M, Relocated: 0M, In-Place: 0
[62.084s][info][gc,reloc    ] GC(108) Large Pages: 1 / 6M, Empty: 0M, Relocated: 0M, In-Place: 0
[62.084s][info][gc,reloc    ] GC(108) Forwarding Usage: 1M
[62.084s][info][gc,heap     ] GC(108) Min Capacity: 4096M(100%)
[62.084s][info][gc,heap     ] GC(108) Max Capacity: 4096M(100%)
[62.084s][info][gc,heap     ] GC(108) Soft Max Capacity: 4096M(100%)
[62.084s][info][gc,heap     ] GC(108)                Mark Start          Mark End        Relocate Start      Relocate End           High               Low         
[62.084s][info][gc,heap     ] GC(108)  Capacity:     4096M (100%)       4096M (100%)       4096M (100%)       4096M (100%)       4096M (100%)       4096M (100%)   
[62.084s][info][gc,heap     ] GC(108)      Free:     1260M (31%)         504M (12%)        3128M (76%)        3170M (77%)        3186M (78%)         482M (12%)    
[62.084s][info][gc,heap     ] GC(108)      Used:     2836M (69%)        3592M (88%)         968M (24%)         926M (23%)        3614M (88%)         910M (22%)    
[62.084s][info][gc,heap     ] GC(108)      Live:         -                98M (2%)           98M (2%)           98M (2%)             -                  -          
[62.084s][info][gc,heap     ] GC(108) Allocated:         -               756M (18%)         808M (20%)         825M (20%)            -                  -          
[62.084s][info][gc,heap     ] GC(108)   Garbage:         -              2737M (67%)          61M (2%)            1M (0%)             -                  -          
[62.084s][info][gc,heap     ] GC(108) Reclaimed:         -                  -              2676M (65%)        2735M (67%)            -                  -          
[62.084s][info][gc          ] GC(108) Garbage Collection (Allocation Rate) 2836M(69%)->926M(23%)
[62.374s][info][gc,start    ] GC(109) Garbage Collection (Allocation Rate)
[62.374s][info][gc,task     ] GC(109) Using 1 workers
[62.374s][info][gc,phases   ] GC(109) Pause Mark Start 0.009ms
[62.517s][info][gc,phases   ] GC(109) Concurrent Mark 142.288ms
[62.517s][info][gc,phases   ] GC(109) Pause Mark End 0.015ms
[62.517s][info][gc,phases   ] GC(109) Concurrent Mark Free 0.001ms
[62.527s][info][gc,phases   ] GC(109) Concurrent Process Non-Strong References 9.725ms
[62.527s][info][gc,phases   ] GC(109) Concurrent Reset Relocation Set 0.009ms
[62.531s][info][gc,phases   ] GC(109) Concurrent Select Relocation Set 3.935ms
[62.531s][info][gc,phases   ] GC(109) Pause Relocate Start 0.011ms
[62.532s][info][gc,phases   ] GC(109) Concurrent Relocate 1.358ms
[62.533s][info][gc,load     ] GC(109) Load: 0.00/0.00/0.00
[62.533s][info][gc,mmu      ] GC(109) MMU: 2ms/97.7%, 5ms/99.1%, 10ms/99.4%, 20ms/99.7%, 50ms/99.9%, 100ms/99.9%
[62.533s][info][gc,marking  ] GC(109) Mark: 1 stripe(s), 2 proactive flush(es), 1 terminate flush(es), 0 completion(s), 0 continuation(s) 
[62.533s][info][gc,marking  ] GC(109) Mark Stack Usage: 32M
[62.533s][info][gc,nmethod  ] GC(109) NMethods: 1360 registered, 33 unregistered
[62.533s][info][gc,metaspace] GC(109) Metaspace: 11M used, 11M committed, 1088M reserved
[62.533s][info][gc,ref      ] GC(109) Soft: 197 encountered, 0 discovered, 0 enqueued
[62.533s][info][gc,ref      ] GC(109) Weak: 695 encountered, 554 discovered, 0 enqueued
[62.533s][info][gc,ref      ] GC(109) Final: 0 encountered, 0 discovered, 0 enqueued
[62.533s][info][gc,ref      ] GC(109) Phantom: 36 encountered, 17 discovered, 0 enqueued
[62.533s][info][gc,reloc    ] GC(109) Small Pages: 970 / 1940M, Empty: 1788M, Relocated: 3M, In-Place: 0
[62.533s][info][gc,reloc    ] GC(109) Medium Pages: 10 / 320M, Empty: 288M, Relocated: 0M, In-Place: 0
[62.533s][info][gc,reloc    ] GC(109) Large Pages: 1 / 6M, Empty: 0M, Relocated: 0M, In-Place: 0
[62.533s][info][gc,reloc    ] GC(109) Forwarding Usage: 0M
[62.533s][info][gc,heap     ] GC(109) Min Capacity: 4096M(100%)
[62.533s][info][gc,heap     ] GC(109) Max Capacity: 4096M(100%)
[62.533s][info][gc,heap     ] GC(109) Soft Max Capacity: 4096M(100%)
[62.533s][info][gc,heap     ] GC(109)                Mark Start          Mark End        Relocate Start      Relocate End           High               Low         
[62.533s][info][gc,heap     ] GC(109)  Capacity:     4096M (100%)       4096M (100%)       4096M (100%)       4096M (100%)       4096M (100%)       4096M (100%)   
[62.533s][info][gc,heap     ] GC(109)      Free:     1830M (45%)        1304M (32%)        3300M (81%)        3354M (82%)        3354M (82%)        1246M (30%)    
[62.533s][info][gc,heap     ] GC(109)      Used:     2266M (55%)        2792M (68%)         796M (19%)         742M (18%)        2850M (70%)         742M (18%)    
[62.533s][info][gc,heap     ] GC(109)      Live:         -                99M (2%)           99M (2%)           99M (2%)             -                  -          
[62.533s][info][gc,heap     ] GC(109) Allocated:         -               526M (13%)         606M (15%)         607M (15%)            -                  -          
[62.533s][info][gc,heap     ] GC(109)   Garbage:         -              2166M (53%)          90M (2%)           34M (1%)             -                  -          
[62.533s][info][gc,heap     ] GC(109) Reclaimed:         -                  -              2076M (51%)        2131M (52%)            -                  -          
[62.533s][info][gc          ] GC(109) Garbage Collection (Allocation Rate) 2266M(55%)->742M(18%)
[62.987s][info][gc,start    ] GC(110) Garbage Collection (Allocation Rate)
[62.987s][info][gc,task     ] GC(110) Using 1 workers
[62.987s][info][gc,phases   ] GC(110) Pause Mark Start 0.011ms
[63.180s][info][gc,phases   ] GC(110) Concurrent Mark 192.956ms
[63.180s][info][gc,phases   ] GC(110) Pause Mark End 0.020ms
[63.180s][info][gc,phases   ] GC(110) Concurrent Mark Free 0.001ms
[63.186s][info][gc,phases   ] GC(110) Concurrent Process Non-Strong References 5.547ms
[63.186s][info][gc,phases   ] GC(110) Concurrent Reset Relocation Set 0.004ms
[63.188s][info][gc,phases   ] GC(110) Concurrent Select Relocation Set 2.321ms
[63.188s][info][gc,phases   ] GC(110) Pause Relocate Start 0.006ms
[63.193s][info][gc,phases   ] GC(110) Concurrent Relocate 4.951ms
[63.194s][info][gc,load     ] GC(110) Load: 0.00/0.00/0.00
[63.194s][info][gc,mmu      ] GC(110) MMU: 2ms/97.7%, 5ms/99.1%, 10ms/99.4%, 20ms/99.7%, 50ms/99.9%, 100ms/99.9%
[63.194s][info][gc,marking  ] GC(110) Mark: 1 stripe(s), 2 proactive flush(es), 1 terminate flush(es), 0 completion(s), 0 continuation(s) 
[63.194s][info][gc,marking  ] GC(110) Mark Stack Usage: 32M
[63.194s][info][gc,nmethod  ] GC(110) NMethods: 1360 registered, 33 unregistered
[63.194s][info][gc,metaspace] GC(110) Metaspace: 11M used, 11M committed, 1088M reserved
[63.194s][info][gc,ref      ] GC(110) Soft: 197 encountered, 0 discovered, 0 enqueued
[63.194s][info][gc,ref      ] GC(110) Weak: 695 encountered, 187 discovered, 0 enqueued
[63.194s][info][gc,ref      ] GC(110) Final: 0 encountered, 0 discovered, 0 enqueued
[63.194s][info][gc,ref      ] GC(110) Phantom: 36 encountered, 21 discovered, 0 enqueued
[63.194s][info][gc,reloc    ] GC(110) Small Pages: 1201 / 2402M, Empty: 2258M, Relocated: 4M, In-Place: 0
[63.194s][info][gc,reloc    ] GC(110) Medium Pages: 13 / 416M, Empty: 384M, Relocated: 0M, In-Place: 0
[63.194s][info][gc,reloc    ] GC(110) Large Pages: 1 / 6M, Empty: 0M, Relocated: 0M, In-Place: 0
[63.194s][info][gc,reloc    ] GC(110) Forwarding Usage: 0M
[63.194s][info][gc,heap     ] GC(110) Min Capacity: 4096M(100%)
[63.194s][info][gc,heap     ] GC(110) Max Capacity: 4096M(100%)
[63.194s][info][gc,heap     ] GC(110) Soft Max Capacity: 4096M(100%)
[63.194s][info][gc,heap     ] GC(110)                Mark Start          Mark End        Relocate Start      Relocate End           High               Low         
[63.194s][info][gc,heap     ] GC(110)  Capacity:     4096M (100%)       4096M (100%)       4096M (100%)       4096M (100%)       4096M (100%)       4096M (100%)   
[63.194s][info][gc,heap     ] GC(110)      Free:     1272M (31%)         458M (11%)        3098M (76%)        3130M (76%)        3144M (77%)         456M (11%)    
[63.194s][info][gc,heap     ] GC(110)      Used:     2824M (69%)        3638M (89%)         998M (24%)         966M (24%)        3640M (89%)         952M (23%)    
[63.194s][info][gc,heap     ] GC(110)      Live:         -                99M (2%)           99M (2%)           99M (2%)             -                  -          
[63.194s][info][gc,heap     ] GC(110) Allocated:         -               814M (20%)         816M (20%)         833M (20%)            -                  -          
[63.194s][info][gc,heap     ] GC(110)   Garbage:         -              2724M (67%)          82M (2%)           32M (1%)             -                  -          
[63.194s][info][gc,heap     ] GC(110) Reclaimed:         -                  -              2642M (65%)        2691M (66%)            -                  -          
[63.194s][info][gc          ] GC(110) Garbage Collection (Allocation Rate) 2824M(69%)->966M(24%)
[63.583s][info][gc,start    ] GC(111) Garbage Collection (Allocation Rate)
[63.583s][info][gc,task     ] GC(111) Using 2 workers
[63.583s][info][gc,phases   ] GC(111) Pause Mark Start 0.009ms
[63.677s][info][gc,phases   ] GC(111) Concurrent Mark 94.014ms
[63.677s][info][gc,phases   ] GC(111) Pause Mark End 0.020ms
[63.678s][info][gc,phases   ] GC(111) Concurrent Mark Free 0.002ms
[63.679s][info][gc,phases   ] GC(111) Concurrent Process Non-Strong References 1.766ms
[63.679s][info][gc,phases   ] GC(111) Concurrent Reset Relocation Set 0.004ms
[63.682s][info][gc,phases   ] GC(111) Concurrent Select Relocation Set 2.665ms
[63.682s][info][gc,phases   ] GC(111) Pause Relocate Start 0.008ms
[63.684s][info][gc,phases   ] GC(111) Concurrent Relocate 1.402ms
[63.684s][info][gc,load     ] GC(111) Load: 0.00/0.00/0.00
[63.684s][info][gc,mmu      ] GC(111) MMU: 2ms/97.7%, 5ms/99.1%, 10ms/99.4%, 20ms/99.7%, 50ms/99.9%, 100ms/99.9%
[63.684s][info][gc,marking  ] GC(111) Mark: 2 stripe(s), 2 proactive flush(es), 1 terminate flush(es), 0 completion(s), 0 continuation(s) 
[63.684s][info][gc,marking  ] GC(111) Mark Stack Usage: 32M
[63.684s][info][gc,nmethod  ] GC(111) NMethods: 1360 registered, 33 unregistered
[63.684s][info][gc,metaspace] GC(111) Metaspace: 11M used, 11M committed, 1088M reserved
[63.684s][info][gc,ref      ] GC(111) Soft: 197 encountered, 0 discovered, 0 enqueued
[63.684s][info][gc,ref      ] GC(111) Weak: 695 encountered, 82 discovered, 0 enqueued
[63.684s][info][gc,ref      ] GC(111) Final: 0 encountered, 0 discovered, 0 enqueued
[63.684s][info][gc,ref      ] GC(111) Phantom: 36 encountered, 24 discovered, 0 enqueued
[63.684s][info][gc,reloc    ] GC(111) Small Pages: 1173 / 2346M, Empty: 2216M, Relocated: 1M, In-Place: 0
[63.684s][info][gc,reloc    ] GC(111) Medium Pages: 13 / 416M, Empty: 384M, Relocated: 0M, In-Place: 0
[63.684s][info][gc,reloc    ] GC(111) Large Pages: 1 / 6M, Empty: 0M, Relocated: 0M, In-Place: 0
[63.684s][info][gc,reloc    ] GC(111) Forwarding Usage: 0M
[63.684s][info][gc,heap     ] GC(111) Min Capacity: 4096M(100%)
[63.684s][info][gc,heap     ] GC(111) Max Capacity: 4096M(100%)
[63.684s][info][gc,heap     ] GC(111) Soft Max Capacity: 4096M(100%)
[63.684s][info][gc,heap     ] GC(111)                Mark Start          Mark End        Relocate Start      Relocate End           High               Low         
[63.684s][info][gc,heap     ] GC(111)  Capacity:     4096M (100%)       4096M (100%)       4096M (100%)       4096M (100%)       4096M (100%)       4096M (100%)   
[63.684s][info][gc,heap     ] GC(111)      Free:     1328M (32%)         942M (23%)        3530M (86%)        3566M (87%)        3566M (87%)         932M (23%)    
[63.684s][info][gc,heap     ] GC(111)      Used:     2768M (68%)        3154M (77%)         566M (14%)         530M (13%)        3164M (77%)         530M (13%)    
[63.684s][info][gc,heap     ] GC(111)      Live:         -                99M (2%)           99M (2%)           99M (2%)             -                  -          
[63.684s][info][gc,heap     ] GC(111) Allocated:         -               386M (9%)          398M (10%)         397M (10%)            -                  -          
[63.684s][info][gc,heap     ] GC(111)   Garbage:         -              2668M (65%)          68M (2%)           32M (1%)             -                  -          
[63.684s][info][gc,heap     ] GC(111) Reclaimed:         -                  -              2600M (63%)        2635M (64%)            -                  -          
[63.684s][info][gc          ] GC(111) Garbage Collection (Allocation Rate) 2768M(68%)->530M(13%)
[64.180s][info][gc,start    ] GC(112) Garbage Collection (Allocation Rate)
[64.180s][info][gc,task     ] GC(112) Using 1 workers
[64.180s][info][gc,phases   ] GC(112) Pause Mark Start 0.015ms
[64.328s][info][gc,phases   ] GC(112) Concurrent Mark 148.070ms
[64.328s][info][gc,phases   ] GC(112) Pause Mark End 0.015ms
[64.328s][info][gc,phases   ] GC(112) Concurrent Mark Free 0.001ms
[64.332s][info][gc,phases   ] GC(112) Concurrent Process Non-Strong References 3.894ms
[64.332s][info][gc,phases   ] GC(112) Concurrent Reset Relocation Set 0.002ms
[64.335s][info][gc,phases   ] GC(112) Concurrent Select Relocation Set 3.036ms
[64.335s][info][gc,phases   ] GC(112) Pause Relocate Start 0.011ms
[64.339s][info][gc,phases   ] GC(112) Concurrent Relocate 2.952ms
[64.339s][info][gc,load     ] GC(112) Load: 0.00/0.00/0.00
[64.339s][info][gc,mmu      ] GC(112) MMU: 2ms/97.7%, 5ms/99.1%, 10ms/99.4%, 20ms/99.7%, 50ms/99.9%, 100ms/99.9%
[64.339s][info][gc,marking  ] GC(112) Mark: 1 stripe(s), 2 proactive flush(es), 1 terminate flush(es), 0 completion(s), 0 continuation(s) 
[64.339s][info][gc,marking  ] GC(112) Mark Stack Usage: 32M
[64.339s][info][gc,nmethod  ] GC(112) NMethods: 1360 registered, 33 unregistered
[64.339s][info][gc,metaspace] GC(112) Metaspace: 11M used, 11M committed, 1088M reserved
[64.339s][info][gc,ref      ] GC(112) Soft: 197 encountered, 0 discovered, 0 enqueued
[64.339s][info][gc,ref      ] GC(112) Weak: 695 encountered, 554 discovered, 0 enqueued
[64.339s][info][gc,ref      ] GC(112) Final: 0 encountered, 0 discovered, 0 enqueued
[64.339s][info][gc,ref      ] GC(112) Phantom: 36 encountered, 17 discovered, 0 enqueued
[64.339s][info][gc,reloc    ] GC(112) Small Pages: 1203 / 2406M, Empty: 2278M, Relocated: 2M, In-Place: 0
[64.339s][info][gc,reloc    ] GC(112) Medium Pages: 13 / 416M, Empty: 384M, Relocated: 0M, In-Place: 0
[64.339s][info][gc,reloc    ] GC(112) Large Pages: 1 / 6M, Empty: 0M, Relocated: 0M, In-Place: 0
[64.339s][info][gc,reloc    ] GC(112) Forwarding Usage: 1M
[64.339s][info][gc,heap     ] GC(112) Min Capacity: 4096M(100%)
[64.339s][info][gc,heap     ] GC(112) Max Capacity: 4096M(100%)
[64.339s][info][gc,heap     ] GC(112) Soft Max Capacity: 4096M(100%)
[64.339s][info][gc,heap     ] GC(112)                Mark Start          Mark End        Relocate Start      Relocate End           High               Low         
[64.339s][info][gc,heap     ] GC(112)  Capacity:     4096M (100%)       4096M (100%)       4096M (100%)       4096M (100%)       4096M (100%)       4096M (100%)   
[64.339s][info][gc,heap     ] GC(112)      Free:     1268M (31%)         686M (17%)        3328M (81%)        3364M (82%)        3364M (82%)         666M (16%)    
[64.339s][info][gc,heap     ] GC(112)      Used:     2828M (69%)        3410M (83%)         768M (19%)         732M (18%)        3430M (84%)         732M (18%)    
[64.339s][info][gc,heap     ] GC(112)      Live:         -               101M (2%)          101M (2%)          101M (2%)             -                  -          
[64.339s][info][gc,heap     ] GC(112) Allocated:         -               582M (14%)         602M (15%)         601M (15%)            -                  -          
[64.339s][info][gc,heap     ] GC(112)   Garbage:         -              2726M (67%)          64M (2%)           28M (1%)             -                  -          
[64.339s][info][gc,heap     ] GC(112) Reclaimed:         -                  -              2662M (65%)        2697M (66%)            -                  -          
[64.339s][info][gc          ] GC(112) Garbage Collection (Allocation Rate) 2828M(69%)->732M(18%)
[64.776s][info][gc,start    ] GC(113) Garbage Collection (Allocation Rate)
[64.776s][info][gc,task     ] GC(113) Using 1 workers
[64.776s][info][gc,phases   ] GC(113) Pause Mark Start 0.015ms
[64.993s][info][gc,phases   ] GC(113) Concurrent Mark 216.703ms
[64.993s][info][gc,phases   ] GC(113) Pause Mark End 0.011ms
[64.993s][info][gc,phases   ] GC(113) Concurrent Mark Free 0.001ms
[65.002s][info][gc,phases   ] GC(113) Concurrent Process Non-Strong References 8.826ms
[65.002s][info][gc,phases   ] GC(113) Concurrent Reset Relocation Set 0.005ms
[65.007s][info][gc,phases   ] GC(113) Concurrent Select Relocation Set 4.416ms
[65.007s][info][gc,phases   ] GC(113) Pause Relocate Start 0.009ms
[65.008s][info][gc,phases   ] GC(113) Concurrent Relocate 0.783ms
[65.008s][info][gc,load     ] GC(113) Load: 0.00/0.00/0.00
[65.008s][info][gc,mmu      ] GC(113) MMU: 2ms/97.7%, 5ms/99.1%, 10ms/99.4%, 20ms/99.7%, 50ms/99.9%, 100ms/99.9%
[65.008s][info][gc,marking  ] GC(113) Mark: 1 stripe(s), 2 proactive flush(es), 1 terminate flush(es), 0 completion(s), 0 continuation(s) 
[65.008s][info][gc,marking  ] GC(113) Mark Stack Usage: 32M
[65.008s][info][gc,nmethod  ] GC(113) NMethods: 1360 registered, 33 unregistered
[65.008s][info][gc,metaspace] GC(113) Metaspace: 11M used, 11M committed, 1088M reserved
[65.008s][info][gc,ref      ] GC(113) Soft: 197 encountered, 0 discovered, 0 enqueued
[65.008s][info][gc,ref      ] GC(113) Weak: 695 encountered, 187 discovered, 0 enqueued
[65.008s][info][gc,ref      ] GC(113) Final: 0 encountered, 0 discovered, 0 enqueued
[65.008s][info][gc,ref      ] GC(113) Phantom: 36 encountered, 21 discovered, 0 enqueued
[65.008s][info][gc,reloc    ] GC(113) Small Pages: 1162 / 2324M, Empty: 2198M, Relocated: 0M, In-Place: 0
[65.008s][info][gc,reloc    ] GC(113) Medium Pages: 13 / 416M, Empty: 384M, Relocated: 0M, In-Place: 0
[65.008s][info][gc,reloc    ] GC(113) Large Pages: 1 / 6M, Empty: 0M, Relocated: 0M, In-Place: 0
[65.008s][info][gc,reloc    ] GC(113) Forwarding Usage: 0M
[65.008s][info][gc,heap     ] GC(113) Min Capacity: 4096M(100%)
[65.008s][info][gc,heap     ] GC(113) Max Capacity: 4096M(100%)
[65.008s][info][gc,heap     ] GC(113) Soft Max Capacity: 4096M(100%)
[65.008s][info][gc,heap     ] GC(113)                Mark Start          Mark End        Relocate Start      Relocate End           High               Low         
[65.008s][info][gc,heap     ] GC(113)  Capacity:     4096M (100%)       4096M (100%)       4096M (100%)       4096M (100%)       4096M (100%)       4096M (100%)   
[65.008s][info][gc,heap     ] GC(113)      Free:     1350M (33%)         472M (12%)        2988M (73%)        3014M (74%)        3020M (74%)         434M (11%)    
[65.008s][info][gc,heap     ] GC(113)      Used:     2746M (67%)        3624M (88%)        1108M (27%)        1082M (26%)        3662M (89%)        1076M (26%)    
[65.008s][info][gc,heap     ] GC(113)      Live:         -                99M (2%)           99M (2%)           99M (2%)             -                  -          
[65.008s][info][gc,heap     ] GC(113) Allocated:         -               878M (21%)         944M (23%)         951M (23%)            -                  -          
[65.008s][info][gc,heap     ] GC(113)   Garbage:         -              2646M (65%)          64M (2%)           30M (1%)             -                  -          
[65.008s][info][gc,heap     ] GC(113) Reclaimed:         -                  -              2582M (63%)        2615M (64%)            -                  -          
[65.008s][info][gc          ] GC(113) Garbage Collection (Allocation Rate) 2746M(67%)->1082M(26%)
[65.069s][info][gc,start    ] GC(114) Garbage Collection (System.gc())
[65.069s][info][gc,task     ] GC(114) Using 2 workers
[65.069s][info][gc,phases   ] GC(114) Pause Mark Start 0.008ms
[65.121s][info][gc,phases   ] GC(114) Concurrent Mark 52.280ms
[65.121s][info][gc,phases   ] GC(114) Pause Mark End 0.015ms
[65.121s][info][gc,phases   ] GC(114) Concurrent Mark Free 0.002ms
[65.123s][info][gc,phases   ] GC(114) Concurrent Process Non-Strong References 2.056ms
[65.123s][info][gc,phases   ] GC(114) Concurrent Reset Relocation Set 0.001ms
[65.125s][info][gc,phases   ] GC(114) Concurrent Select Relocation Set 1.562ms
[65.125s][info][gc,phases   ] GC(114) Pause Relocate Start 0.004ms
[65.125s][info][gc,phases   ] GC(114) Concurrent Relocate 0.409ms
[65.125s][info][gc,load     ] GC(114) Load: 0.00/0.00/0.00
[65.125s][info][gc,mmu      ] GC(114) MMU: 2ms/97.7%, 5ms/99.1%, 10ms/99.4%, 20ms/99.7%, 50ms/99.9%, 100ms/99.9%
[65.125s][info][gc,marking  ] GC(114) Mark: 2 stripe(s), 1 proactive flush(es), 1 terminate flush(es), 0 completion(s), 0 continuation(s) 
[65.125s][info][gc,marking  ] GC(114) Mark Stack Usage: 32M
[65.125s][info][gc,nmethod  ] GC(114) NMethods: 1360 registered, 33 unregistered
[65.125s][info][gc,metaspace] GC(114) Metaspace: 11M used, 11M committed, 1088M reserved
[65.125s][info][gc,ref      ] GC(114) Soft: 197 encountered, 0 discovered, 0 enqueued
[65.126s][info][gc,ref      ] GC(114) Weak: 695 encountered, 5 discovered, 0 enqueued
[65.126s][info][gc,ref      ] GC(114) Final: 0 encountered, 0 discovered, 0 enqueued
[65.126s][info][gc,ref      ] GC(114) Phantom: 36 encountered, 16 discovered, 0 enqueued
[65.126s][info][gc,reloc    ] GC(114) Small Pages: 543 / 1086M, Empty: 986M, Relocated: 0M, In-Place: 0
[65.126s][info][gc,reloc    ] GC(114) Medium Pages: 6 / 192M, Empty: 192M, Relocated: 0M, In-Place: 0
[65.126s][info][gc,reloc    ] GC(114) Large Pages: 1 / 6M, Empty: 0M, Relocated: 0M, In-Place: 0
[65.126s][info][gc,reloc    ] GC(114) Forwarding Usage: 0M
[65.126s][info][gc,heap     ] GC(114) Min Capacity: 4096M(100%)
[65.126s][info][gc,heap     ] GC(114) Max Capacity: 4096M(100%)
[65.126s][info][gc,heap     ] GC(114) Soft Max Capacity: 4096M(100%)
[65.126s][info][gc,heap     ] GC(114)                Mark Start          Mark End        Relocate Start      Relocate End           High               Low         
[65.126s][info][gc,heap     ] GC(114)  Capacity:     4096M (100%)       4096M (100%)       4096M (100%)       4096M (100%)       4096M (100%)       4096M (100%)   
[65.126s][info][gc,heap     ] GC(114)      Free:     2812M (69%)        2812M (69%)        3990M (97%)        3996M (98%)        3996M (98%)        2812M (69%)    
[65.126s][info][gc,heap     ] GC(114)      Used:     1284M (31%)        1284M (31%)         106M (3%)          100M (2%)         1284M (31%)         100M (2%)     
[65.126s][info][gc,heap     ] GC(114)      Live:         -                95M (2%)           95M (2%)           95M (2%)             -                  -          
[65.126s][info][gc,heap     ] GC(114) Allocated:         -                 0M (0%)            0M (0%)            0M (0%)             -                  -          
[65.126s][info][gc,heap     ] GC(114)   Garbage:         -              1188M (29%)          10M (0%)            4M (0%)             -                  -          
[65.126s][info][gc,heap     ] GC(114) Reclaimed:         -                  -              1178M (29%)        1184M (29%)            -                  -          
[65.126s][info][gc          ] GC(114) Garbage Collection (System.gc()) 1284M(31%)->100M(2%)
[65.781s][info][gc,start    ] GC(115) Garbage Collection (Allocation Rate)
[65.781s][info][gc,task     ] GC(115) Using 2 workers
[65.781s][info][gc,phases   ] GC(115) Pause Mark Start 0.013ms
[65.859s][info][gc,phases   ] GC(115) Concurrent Mark 75.408ms
[65.859s][info][gc,phases   ] GC(115) Pause Mark End 0.019ms
[65.859s][info][gc,phases   ] GC(115) Concurrent Mark Free 0.002ms
[65.863s][info][gc,phases   ] GC(115) Concurrent Process Non-Strong References 4.215ms
[65.863s][info][gc,phases   ] GC(115) Concurrent Reset Relocation Set 0.003ms
[65.868s][info][gc,phases   ] GC(115) Concurrent Select Relocation Set 4.906ms
[65.869s][info][gc,phases   ] GC(115) Pause Relocate Start 0.017ms
[65.874s][info][gc,phases   ] GC(115) Concurrent Relocate 5.199ms
[65.874s][info][gc,load     ] GC(115) Load: 0.00/0.00/0.00
[65.874s][info][gc,mmu      ] GC(115) MMU: 2ms/97.7%, 5ms/99.1%, 10ms/99.4%, 20ms/99.7%, 50ms/99.9%, 100ms/99.9%
[65.874s][info][gc,marking  ] GC(115) Mark: 2 stripe(s), 2 proactive flush(es), 1 terminate flush(es), 0 completion(s), 0 continuation(s) 
[65.874s][info][gc,marking  ] GC(115) Mark Stack Usage: 32M
[65.874s][info][gc,nmethod  ] GC(115) NMethods: 1363 registered, 33 unregistered
[65.874s][info][gc,metaspace] GC(115) Metaspace: 11M used, 11M committed, 1088M reserved
[65.874s][info][gc,ref      ] GC(115) Soft: 197 encountered, 0 discovered, 0 enqueued
[65.874s][info][gc,ref      ] GC(115) Weak: 695 encountered, 10 discovered, 0 enqueued
[65.874s][info][gc,ref      ] GC(115) Final: 0 encountered, 0 discovered, 0 enqueued
[65.874s][info][gc,ref      ] GC(115) Phantom: 36 encountered, 26 discovered, 0 enqueued
[65.874s][info][gc,reloc    ] GC(115) Small Pages: 1349 / 2698M, Empty: 2558M, Relocated: 4M, In-Place: 0
[65.874s][info][gc,reloc    ] GC(115) Medium Pages: 13 / 416M, Empty: 416M, Relocated: 0M, In-Place: 0
[65.874s][info][gc,reloc    ] GC(115) Large Pages: 1 / 6M, Empty: 0M, Relocated: 0M, In-Place: 0
[65.874s][info][gc,reloc    ] GC(115) Forwarding Usage: 1M
[65.874s][info][gc,heap     ] GC(115) Min Capacity: 4096M(100%)
[65.874s][info][gc,heap     ] GC(115) Max Capacity: 4096M(100%)
[65.874s][info][gc,heap     ] GC(115) Soft Max Capacity: 4096M(100%)
[65.874s][info][gc,heap     ] GC(115)                Mark Start          Mark End        Relocate Start      Relocate End           High               Low         
[65.874s][info][gc,heap     ] GC(115)  Capacity:     4096M (100%)       4096M (100%)       4096M (100%)       4096M (100%)       4096M (100%)       4096M (100%)   
[65.874s][info][gc,heap     ] GC(115)      Free:      976M (24%)         692M (17%)        3616M (88%)        3640M (89%)        3658M (89%)         668M (16%)    
[65.874s][info][gc,heap     ] GC(115)      Used:     3120M (76%)        3404M (83%)         480M (12%)         456M (11%)        3428M (84%)         438M (11%)    
[65.874s][info][gc,heap     ] GC(115)      Live:         -                98M (2%)           98M (2%)           98M (2%)             -                  -          
[65.874s][info][gc,heap     ] GC(115) Allocated:         -               284M (7%)          334M (8%)          353M (9%)             -                  -          
[65.874s][info][gc,heap     ] GC(115)   Garbage:         -              3021M (74%)          47M (1%)            3M (0%)             -                  -          
[65.874s][info][gc,heap     ] GC(115) Reclaimed:         -                  -              2974M (73%)        3017M (74%)            -                  -          
[65.874s][info][gc          ] GC(115) Garbage Collection (Allocation Rate) 3120M(76%)->456M(11%)
[66.283s][info][gc,start    ] GC(116) Garbage Collection (Allocation Rate)
[66.283s][info][gc,task     ] GC(116) Using 1 workers
[66.284s][info][gc,phases   ] GC(116) Pause Mark Start 0.009ms
[66.475s][info][gc,phases   ] GC(116) Concurrent Mark 191.770ms
[66.476s][info][gc,phases   ] GC(116) Pause Mark End 0.020ms
[66.476s][info][gc,phases   ] GC(116) Concurrent Mark Free 0.001ms
[66.480s][info][gc,phases   ] GC(116) Concurrent Process Non-Strong References 3.902ms
[66.480s][info][gc,phases   ] GC(116) Concurrent Reset Relocation Set 0.004ms
[66.483s][info][gc,phases   ] GC(116) Concurrent Select Relocation Set 3.510ms
[66.483s][info][gc,phases   ] GC(116) Pause Relocate Start 0.011ms
[66.487s][info][gc,phases   ] GC(116) Concurrent Relocate 3.433ms
[66.487s][info][gc,load     ] GC(116) Load: 0.00/0.00/0.00
[66.487s][info][gc,mmu      ] GC(116) MMU: 2ms/97.7%, 5ms/99.1%, 10ms/99.4%, 20ms/99.7%, 50ms/99.9%, 100ms/99.9%
[66.487s][info][gc,marking  ] GC(116) Mark: 1 stripe(s), 2 proactive flush(es), 1 terminate flush(es), 0 completion(s), 0 continuation(s) 
[66.487s][info][gc,marking  ] GC(116) Mark Stack Usage: 32M
[66.487s][info][gc,nmethod  ] GC(116) NMethods: 1363 registered, 33 unregistered
[66.487s][info][gc,metaspace] GC(116) Metaspace: 11M used, 11M committed, 1088M reserved
[66.487s][info][gc,ref      ] GC(116) Soft: 197 encountered, 0 discovered, 0 enqueued
[66.487s][info][gc,ref      ] GC(116) Weak: 695 encountered, 187 discovered, 0 enqueued
[66.487s][info][gc,ref      ] GC(116) Final: 0 encountered, 0 discovered, 0 enqueued
[66.487s][info][gc,ref      ] GC(116) Phantom: 36 encountered, 21 discovered, 0 enqueued
[66.487s][info][gc,reloc    ] GC(116) Small Pages: 998 / 1996M, Empty: 1836M, Relocated: 4M, In-Place: 0
[66.487s][info][gc,reloc    ] GC(116) Medium Pages: 10 / 320M, Empty: 320M, Relocated: 0M, In-Place: 0
[66.487s][info][gc,reloc    ] GC(116) Large Pages: 1 / 6M, Empty: 0M, Relocated: 0M, In-Place: 0
[66.487s][info][gc,reloc    ] GC(116) Forwarding Usage: 1M
[66.487s][info][gc,heap     ] GC(116) Min Capacity: 4096M(100%)
[66.487s][info][gc,heap     ] GC(116) Max Capacity: 4096M(100%)
[66.487s][info][gc,heap     ] GC(116) Soft Max Capacity: 4096M(100%)
[66.487s][info][gc,heap     ] GC(116)                Mark Start          Mark End        Relocate Start      Relocate End           High               Low         
[66.487s][info][gc,heap     ] GC(116)  Capacity:     4096M (100%)       4096M (100%)       4096M (100%)       4096M (100%)       4096M (100%)       4096M (100%)   
[66.487s][info][gc,heap     ] GC(116)      Free:     1774M (43%)         984M (24%)        3098M (76%)        3162M (77%)        3162M (77%)         958M (23%)    
[66.487s][info][gc,heap     ] GC(116)      Used:     2322M (57%)        3112M (76%)         998M (24%)         934M (23%)        3138M (77%)         934M (23%)    
[66.487s][info][gc,heap     ] GC(116)      Live:         -                98M (2%)           98M (2%)           98M (2%)             -                  -          
[66.487s][info][gc,heap     ] GC(116) Allocated:         -               790M (19%)         832M (20%)         833M (20%)            -                  -          
[66.487s][info][gc,heap     ] GC(116)   Garbage:         -              2223M (54%)          67M (2%)            1M (0%)             -                  -          
[66.487s][info][gc,heap     ] GC(116) Reclaimed:         -                  -              2156M (53%)        2221M (54%)            -                  -          
[66.487s][info][gc          ] GC(116) Garbage Collection (Allocation Rate) 2322M(57%)->934M(23%)
[66.786s][info][gc,start    ] GC(117) Garbage Collection (Allocation Rate)
[66.786s][info][gc,task     ] GC(117) Using 1 workers
[66.786s][info][gc,phases   ] GC(117) Pause Mark Start 0.018ms
[66.943s][info][gc,phases   ] GC(117) Concurrent Mark 156.398ms
[66.943s][info][gc,phases   ] GC(117) Pause Mark End 0.014ms
[66.943s][info][gc,phases   ] GC(117) Concurrent Mark Free 0.001ms
[66.947s][info][gc,phases   ] GC(117) Concurrent Process Non-Strong References 3.817ms
[66.947s][info][gc,phases   ] GC(117) Concurrent Reset Relocation Set 0.004ms
[66.950s][info][gc,phases   ] GC(117) Concurrent Select Relocation Set 3.131ms
[66.951s][info][gc,phases   ] GC(117) Pause Relocate Start 0.022ms
[66.955s][info][gc,phases   ] GC(117) Concurrent Relocate 4.447ms
[66.955s][info][gc,load     ] GC(117) Load: 0.00/0.00/0.00
[66.955s][info][gc,mmu      ] GC(117) MMU: 2ms/97.7%, 5ms/99.1%, 10ms/99.4%, 20ms/99.7%, 50ms/99.9%, 100ms/99.9%
[66.955s][info][gc,marking  ] GC(117) Mark: 1 stripe(s), 2 proactive flush(es), 1 terminate flush(es), 0 completion(s), 0 continuation(s) 
[66.955s][info][gc,marking  ] GC(117) Mark Stack Usage: 32M
[66.955s][info][gc,nmethod  ] GC(117) NMethods: 1363 registered, 33 unregistered
[66.955s][info][gc,metaspace] GC(117) Metaspace: 11M used, 11M committed, 1088M reserved
[66.955s][info][gc,ref      ] GC(117) Soft: 197 encountered, 0 discovered, 0 enqueued
[66.955s][info][gc,ref      ] GC(117) Weak: 695 encountered, 187 discovered, 0 enqueued
[66.955s][info][gc,ref      ] GC(117) Final: 0 encountered, 0 discovered, 0 enqueued
[66.955s][info][gc,ref      ] GC(117) Phantom: 36 encountered, 21 discovered, 0 enqueued
[66.955s][info][gc,reloc    ] GC(117) Small Pages: 984 / 1968M, Empty: 1844M, Relocated: 3M, In-Place: 0
[66.955s][info][gc,reloc    ] GC(117) Medium Pages: 10 / 320M, Empty: 320M, Relocated: 0M, In-Place: 0
[66.955s][info][gc,reloc    ] GC(117) Large Pages: 1 / 6M, Empty: 0M, Relocated: 0M, In-Place: 0
[66.955s][info][gc,reloc    ] GC(117) Forwarding Usage: 1M
[66.955s][info][gc,heap     ] GC(117) Min Capacity: 4096M(100%)
[66.955s][info][gc,heap     ] GC(117) Max Capacity: 4096M(100%)
[66.955s][info][gc,heap     ] GC(117) Soft Max Capacity: 4096M(100%)
[66.955s][info][gc,heap     ] GC(117)                Mark Start          Mark End        Relocate Start      Relocate End           High               Low         
[66.955s][info][gc,heap     ] GC(117)  Capacity:     4096M (100%)       4096M (100%)       4096M (100%)       4096M (100%)       4096M (100%)       4096M (100%)   
[66.955s][info][gc,heap     ] GC(117)      Free:     1802M (44%)        1134M (28%)        3290M (80%)        3300M (81%)        3318M (81%)        1134M (28%)    
[66.955s][info][gc,heap     ] GC(117)      Used:     2294M (56%)        2962M (72%)         806M (20%)         796M (19%)        2962M (72%)         778M (19%)    
[66.955s][info][gc,heap     ] GC(117)      Live:         -                96M (2%)           96M (2%)           96M (2%)             -                  -          
[66.955s][info][gc,heap     ] GC(117) Allocated:         -               668M (16%)         676M (17%)         697M (17%)            -                  -          
[66.955s][info][gc,heap     ] GC(117)   Garbage:         -              2197M (54%)          33M (1%)            1M (0%)             -                  -          
[66.955s][info][gc,heap     ] GC(117) Reclaimed:         -                  -              2164M (53%)        2195M (54%)            -                  -          
[66.955s][info][gc          ] GC(117) Garbage Collection (Allocation Rate) 2294M(56%)->796M(19%)
[67.383s][info][gc,start    ] GC(118) Garbage Collection (Allocation Rate)
[67.383s][info][gc,task     ] GC(118) Using 1 workers
[67.384s][info][gc,phases   ] GC(118) Pause Mark Start 0.015ms
[67.539s][info][gc,phases   ] GC(118) Concurrent Mark 155.808ms
[67.540s][info][gc,phases   ] GC(118) Pause Mark End 0.017ms
[67.540s][info][gc,phases   ] GC(118) Concurrent Mark Free 0.002ms
[67.543s][info][gc,phases   ] GC(118) Concurrent Process Non-Strong References 3.271ms
[67.543s][info][gc,phases   ] GC(118) Concurrent Reset Relocation Set 0.002ms
[67.546s][info][gc,phases   ] GC(118) Concurrent Select Relocation Set 2.860ms
[67.546s][info][gc,phases   ] GC(118) Pause Relocate Start 0.014ms
[67.549s][info][gc,phases   ] GC(118) Concurrent Relocate 2.925ms
[67.549s][info][gc,load     ] GC(118) Load: 0.00/0.00/0.00
[67.549s][info][gc,mmu      ] GC(118) MMU: 2ms/97.7%, 5ms/99.1%, 10ms/99.4%, 20ms/99.7%, 50ms/99.9%, 100ms/99.9%
[67.549s][info][gc,marking  ] GC(118) Mark: 1 stripe(s), 2 proactive flush(es), 1 terminate flush(es), 0 completion(s), 0 continuation(s) 
[67.549s][info][gc,marking  ] GC(118) Mark Stack Usage: 32M
[67.549s][info][gc,nmethod  ] GC(118) NMethods: 1363 registered, 33 unregistered
[67.549s][info][gc,metaspace] GC(118) Metaspace: 11M used, 11M committed, 1088M reserved
[67.549s][info][gc,ref      ] GC(118) Soft: 197 encountered, 0 discovered, 0 enqueued
[67.549s][info][gc,ref      ] GC(118) Weak: 695 encountered, 187 discovered, 0 enqueued
[67.549s][info][gc,ref      ] GC(118) Final: 0 encountered, 0 discovered, 0 enqueued
[67.549s][info][gc,ref      ] GC(118) Phantom: 36 encountered, 21 discovered, 0 enqueued
[67.549s][info][gc,reloc    ] GC(118) Small Pages: 1205 / 2410M, Empty: 2262M, Relocated: 3M, In-Place: 0
[67.549s][info][gc,reloc    ] GC(118) Medium Pages: 12 / 384M, Empty: 384M, Relocated: 0M, In-Place: 0
[67.549s][info][gc,reloc    ] GC(118) Large Pages: 1 / 6M, Empty: 0M, Relocated: 0M, In-Place: 0
[67.549s][info][gc,reloc    ] GC(118) Forwarding Usage: 0M
[67.549s][info][gc,heap     ] GC(118) Min Capacity: 4096M(100%)
[67.549s][info][gc,heap     ] GC(118) Max Capacity: 4096M(100%)
[67.549s][info][gc,heap     ] GC(118) Soft Max Capacity: 4096M(100%)
[67.549s][info][gc,heap     ] GC(118)                Mark Start          Mark End        Relocate Start      Relocate End           High               Low         
[67.549s][info][gc,heap     ] GC(118)  Capacity:     4096M (100%)       4096M (100%)       4096M (100%)       4096M (100%)       4096M (100%)       4096M (100%)   
[67.549s][info][gc,heap     ] GC(118)      Free:     1296M (32%)         644M (16%)        3278M (80%)        3334M (81%)        3334M (81%)         632M (15%)    
[67.549s][info][gc,heap     ] GC(118)      Used:     2800M (68%)        3452M (84%)         818M (20%)         762M (19%)        3464M (85%)         762M (19%)    
[67.549s][info][gc,heap     ] GC(118)      Live:         -                96M (2%)           96M (2%)           96M (2%)             -                  -          
[67.549s][info][gc,heap     ] GC(118) Allocated:         -               652M (16%)         664M (16%)         663M (16%)            -                  -          
[67.549s][info][gc,heap     ] GC(118)   Garbage:         -              2703M (66%)          57M (1%)            1M (0%)             -                  -          
[67.549s][info][gc,heap     ] GC(118) Reclaimed:         -                  -              2646M (65%)        2701M (66%)            -                  -          
[67.549s][info][gc          ] GC(118) Garbage Collection (Allocation Rate) 2800M(68%)->762M(19%)
[67.979s][info][gc,start    ] GC(119) Garbage Collection (Allocation Rate)
[67.979s][info][gc,task     ] GC(119) Using 1 workers
[67.980s][info][gc,phases   ] GC(119) Pause Mark Start 0.016ms
[68.118s][info][gc,phases   ] GC(119) Concurrent Mark 138.676ms
[68.118s][info][gc,phases   ] GC(119) Pause Mark End 0.012ms
[68.118s][info][gc,phases   ] GC(119) Concurrent Mark Free 0.001ms
[68.121s][info][gc,phases   ] GC(119) Concurrent Process Non-Strong References 2.986ms
[68.122s][info][gc,phases   ] GC(119) Concurrent Reset Relocation Set 0.003ms
[68.125s][info][gc,phases   ] GC(119) Concurrent Select Relocation Set 3.428ms
[68.125s][info][gc,phases   ] GC(119) Pause Relocate Start 0.019ms
[68.127s][info][gc,phases   ] GC(119) Concurrent Relocate 1.483ms
[68.127s][info][gc,load     ] GC(119) Load: 0.00/0.00/0.00
[68.127s][info][gc,mmu      ] GC(119) MMU: 2ms/97.7%, 5ms/99.1%, 10ms/99.4%, 20ms/99.7%, 50ms/99.9%, 100ms/99.9%
[68.127s][info][gc,marking  ] GC(119) Mark: 1 stripe(s), 2 proactive flush(es), 1 terminate flush(es), 0 completion(s), 0 continuation(s) 
[68.127s][info][gc,marking  ] GC(119) Mark Stack Usage: 32M
[68.127s][info][gc,nmethod  ] GC(119) NMethods: 1363 registered, 33 unregistered
[68.127s][info][gc,metaspace] GC(119) Metaspace: 11M used, 11M committed, 1088M reserved
[68.127s][info][gc,ref      ] GC(119) Soft: 197 encountered, 0 discovered, 0 enqueued
[68.127s][info][gc,ref      ] GC(119) Weak: 695 encountered, 554 discovered, 0 enqueued
[68.127s][info][gc,ref      ] GC(119) Final: 0 encountered, 0 discovered, 0 enqueued
[68.127s][info][gc,ref      ] GC(119) Phantom: 36 encountered, 17 discovered, 0 enqueued
[68.127s][info][gc,reloc    ] GC(119) Small Pages: 1187 / 2374M, Empty: 2236M, Relocated: 3M, In-Place: 0
[68.127s][info][gc,reloc    ] GC(119) Medium Pages: 12 / 384M, Empty: 352M, Relocated: 0M, In-Place: 0
[68.127s][info][gc,reloc    ] GC(119) Large Pages: 1 / 6M, Empty: 0M, Relocated: 0M, In-Place: 0
[68.127s][info][gc,reloc    ] GC(119) Forwarding Usage: 0M
[68.127s][info][gc,heap     ] GC(119) Min Capacity: 4096M(100%)
[68.127s][info][gc,heap     ] GC(119) Max Capacity: 4096M(100%)
[68.127s][info][gc,heap     ] GC(119) Soft Max Capacity: 4096M(100%)
[68.127s][info][gc,heap     ] GC(119)                Mark Start          Mark End        Relocate Start      Relocate End           High               Low         
[68.127s][info][gc,heap     ] GC(119)  Capacity:     4096M (100%)       4096M (100%)       4096M (100%)       4096M (100%)       4096M (100%)       4096M (100%)   
[68.127s][info][gc,heap     ] GC(119)      Free:     1332M (33%)         800M (20%)        3368M (82%)        3406M (83%)        3406M (83%)         800M (20%)    
[68.127s][info][gc,heap     ] GC(119)      Used:     2764M (67%)        3296M (80%)         728M (18%)         690M (17%)        3296M (80%)         690M (17%)    
[68.127s][info][gc,heap     ] GC(119)      Live:         -                99M (2%)           99M (2%)           99M (2%)             -                  -          
[68.127s][info][gc,heap     ] GC(119) Allocated:         -               532M (13%)         552M (13%)         555M (14%)            -                  -          
[68.127s][info][gc,heap     ] GC(119)   Garbage:         -              2664M (65%)          76M (2%)           34M (1%)             -                  -          
[68.127s][info][gc,heap     ] GC(119) Reclaimed:         -                  -              2588M (63%)        2629M (64%)            -                  -          
[68.127s][info][gc          ] GC(119) Garbage Collection (Allocation Rate) 2764M(67%)->690M(17%)
[68.576s][info][gc,start    ] GC(120) Garbage Collection (Allocation Rate)
[68.576s][info][gc,task     ] GC(120) Using 1 workers
[68.576s][info][gc,phases   ] GC(120) Pause Mark Start 0.010ms
[68.788s][info][gc,phases   ] GC(120) Concurrent Mark 211.712ms
[68.788s][info][gc,phases   ] GC(120) Pause Mark End 0.012ms
[68.788s][info][gc,phases   ] GC(120) Concurrent Mark Free 0.001ms
[68.796s][info][gc,phases   ] GC(120) Concurrent Process Non-Strong References 7.888ms
[68.796s][info][gc,phases   ] GC(120) Concurrent Reset Relocation Set 0.005ms
[68.800s][info][gc,phases   ] GC(120) Concurrent Select Relocation Set 4.257ms
[68.800s][info][gc,phases   ] GC(120) Pause Relocate Start 0.011ms
[68.802s][info][gc,phases   ] GC(120) Concurrent Relocate 1.473ms
[68.802s][info][gc,load     ] GC(120) Load: 0.00/0.00/0.00
[68.802s][info][gc,mmu      ] GC(120) MMU: 2ms/97.7%, 5ms/99.1%, 10ms/99.4%, 20ms/99.7%, 50ms/99.9%, 100ms/99.9%
[68.802s][info][gc,marking  ] GC(120) Mark: 1 stripe(s), 2 proactive flush(es), 1 terminate flush(es), 0 completion(s), 0 continuation(s) 
[68.802s][info][gc,marking  ] GC(120) Mark Stack Usage: 32M
[68.802s][info][gc,nmethod  ] GC(120) NMethods: 1363 registered, 33 unregistered
[68.802s][info][gc,metaspace] GC(120) Metaspace: 11M used, 11M committed, 1088M reserved
[68.802s][info][gc,ref      ] GC(120) Soft: 197 encountered, 0 discovered, 0 enqueued
[68.802s][info][gc,ref      ] GC(120) Weak: 695 encountered, 187 discovered, 0 enqueued
[68.802s][info][gc,ref      ] GC(120) Final: 0 encountered, 0 discovered, 0 enqueued
[68.802s][info][gc,ref      ] GC(120) Phantom: 36 encountered, 21 discovered, 0 enqueued
[68.802s][info][gc,reloc    ] GC(120) Small Pages: 1173 / 2346M, Empty: 2210M, Relocated: 0M, In-Place: 0
[68.802s][info][gc,reloc    ] GC(120) Medium Pages: 13 / 416M, Empty: 384M, Relocated: 0M, In-Place: 0
[68.802s][info][gc,reloc    ] GC(120) Large Pages: 1 / 6M, Empty: 0M, Relocated: 0M, In-Place: 0
[68.802s][info][gc,reloc    ] GC(120) Forwarding Usage: 0M
[68.802s][info][gc,heap     ] GC(120) Min Capacity: 4096M(100%)
[68.802s][info][gc,heap     ] GC(120) Max Capacity: 4096M(100%)
[68.802s][info][gc,heap     ] GC(120) Soft Max Capacity: 4096M(100%)
[68.802s][info][gc,heap     ] GC(120)                Mark Start          Mark End        Relocate Start      Relocate End           High               Low         
[68.802s][info][gc,heap     ] GC(120)  Capacity:     4096M (100%)       4096M (100%)       4096M (100%)       4096M (100%)       4096M (100%)       4096M (100%)   
[68.802s][info][gc,heap     ] GC(120)      Free:     1328M (32%)         450M (11%)        2970M (73%)        3010M (73%)        3012M (74%)         400M (10%)    
[68.802s][info][gc,heap     ] GC(120)      Used:     2768M (68%)        3646M (89%)        1126M (27%)        1086M (27%)        3696M (90%)        1084M (26%)    
[68.802s][info][gc,heap     ] GC(120)      Live:         -                99M (2%)           99M (2%)           99M (2%)             -                  -          
[68.802s][info][gc,heap     ] GC(120) Allocated:         -               878M (21%)         952M (23%)         955M (23%)            -                  -          
[68.802s][info][gc,heap     ] GC(120)   Garbage:         -              2668M (65%)          74M (2%)           30M (1%)             -                  -          
[68.802s][info][gc,heap     ] GC(120) Reclaimed:         -                  -              2594M (63%)        2637M (64%)            -                  -          
[68.802s][info][gc          ] GC(120) Garbage Collection (Allocation Rate) 2768M(68%)->1086M(27%)
[69.078s][info][gc,start    ] GC(121) Garbage Collection (Allocation Rate)
[69.078s][info][gc,task     ] GC(121) Using 1 workers
[69.079s][info][gc,phases   ] GC(121) Pause Mark Start 0.010ms
[69.220s][info][gc,phases   ] GC(121) Concurrent Mark 141.311ms
[69.220s][info][gc,phases   ] GC(121) Pause Mark End 0.019ms
[69.220s][info][gc,phases   ] GC(121) Concurrent Mark Free 0.002ms
[69.225s][info][gc,phases   ] GC(121) Concurrent Process Non-Strong References 4.847ms
[69.225s][info][gc,phases   ] GC(121) Concurrent Reset Relocation Set 0.004ms
[69.229s][info][gc,phases   ] GC(121) Concurrent Select Relocation Set 3.744ms
[69.229s][info][gc,phases   ] GC(121) Pause Relocate Start 0.017ms
[69.230s][info][gc,phases   ] GC(121) Concurrent Relocate 0.392ms
[69.230s][info][gc,load     ] GC(121) Load: 0.00/0.00/0.00
[69.230s][info][gc,mmu      ] GC(121) MMU: 2ms/97.7%, 5ms/99.1%, 10ms/99.4%, 20ms/99.7%, 50ms/99.9%, 100ms/99.9%
[69.230s][info][gc,marking  ] GC(121) Mark: 1 stripe(s), 2 proactive flush(es), 1 terminate flush(es), 0 completion(s), 0 continuation(s) 
[69.230s][info][gc,marking  ] GC(121) Mark Stack Usage: 32M
[69.230s][info][gc,nmethod  ] GC(121) NMethods: 1363 registered, 33 unregistered
[69.230s][info][gc,metaspace] GC(121) Metaspace: 11M used, 11M committed, 1088M reserved
[69.230s][info][gc,ref      ] GC(121) Soft: 197 encountered, 0 discovered, 0 enqueued
[69.230s][info][gc,ref      ] GC(121) Weak: 695 encountered, 554 discovered, 0 enqueued
[69.230s][info][gc,ref      ] GC(121) Final: 0 encountered, 0 discovered, 0 enqueued
[69.230s][info][gc,ref      ] GC(121) Phantom: 36 encountered, 17 discovered, 0 enqueued
[69.230s][info][gc,reloc    ] GC(121) Small Pages: 997 / 1994M, Empty: 1874M, Relocated: 1M, In-Place: 0
[69.230s][info][gc,reloc    ] GC(121) Medium Pages: 11 / 352M, Empty: 320M, Relocated: 0M, In-Place: 0
[69.230s][info][gc,reloc    ] GC(121) Large Pages: 1 / 6M, Empty: 0M, Relocated: 0M, In-Place: 0
[69.230s][info][gc,reloc    ] GC(121) Forwarding Usage: 0M
[69.230s][info][gc,heap     ] GC(121) Min Capacity: 4096M(100%)
[69.230s][info][gc,heap     ] GC(121) Max Capacity: 4096M(100%)
[69.230s][info][gc,heap     ] GC(121) Soft Max Capacity: 4096M(100%)
[69.230s][info][gc,heap     ] GC(121)                Mark Start          Mark End        Relocate Start      Relocate End           High               Low         
[69.230s][info][gc,heap     ] GC(121)  Capacity:     4096M (100%)       4096M (100%)       4096M (100%)       4096M (100%)       4096M (100%)       4096M (100%)   
[69.230s][info][gc,heap     ] GC(121)      Free:     1744M (43%)        1206M (29%)        3344M (82%)        3370M (82%)        3370M (82%)        1172M (29%)    
[69.230s][info][gc,heap     ] GC(121)      Used:     2352M (57%)        2890M (71%)         752M (18%)         726M (18%)        2924M (71%)         726M (18%)    
[69.230s][info][gc,heap     ] GC(121)      Live:         -               100M (2%)          100M (2%)          100M (2%)             -                  -          
[69.230s][info][gc,heap     ] GC(121) Allocated:         -               538M (13%)         594M (15%)         593M (15%)            -                  -          
[69.230s][info][gc,heap     ] GC(121)   Garbage:         -              2251M (55%)          57M (1%)           31M (1%)             -                  -          
[69.230s][info][gc,heap     ] GC(121) Reclaimed:         -                  -              2194M (54%)        2219M (54%)            -                  -          
[69.230s][info][gc          ] GC(121) Garbage Collection (Allocation Rate) 2352M(57%)->726M(18%)
[69.478s][info][gc,start    ] GC(122) Garbage Collection (System.gc())
[69.478s][info][gc,task     ] GC(122) Using 2 workers
[69.478s][info][gc,phases   ] GC(122) Pause Mark Start 0.005ms
[69.533s][info][gc,phases   ] GC(122) Concurrent Mark 55.632ms
[69.534s][info][gc,phases   ] GC(122) Pause Mark End 0.021ms
[69.534s][info][gc,phases   ] GC(122) Concurrent Mark Free 0.002ms
[69.536s][info][gc,phases   ] GC(122) Concurrent Process Non-Strong References 1.958ms
[69.536s][info][gc,phases   ] GC(122) Concurrent Reset Relocation Set 0.001ms
[69.537s][info][gc,phases   ] GC(122) Concurrent Select Relocation Set 1.584ms
[69.538s][info][gc,phases   ] GC(122) Pause Relocate Start 0.005ms
[69.539s][info][gc,phases   ] GC(122) Concurrent Relocate 1.435ms
[69.539s][info][gc,load     ] GC(122) Load: 0.00/0.00/0.00
[69.539s][info][gc,mmu      ] GC(122) MMU: 2ms/97.7%, 5ms/99.1%, 10ms/99.4%, 20ms/99.7%, 50ms/99.9%, 100ms/99.9%
[69.539s][info][gc,marking  ] GC(122) Mark: 2 stripe(s), 1 proactive flush(es), 1 terminate flush(es), 0 completion(s), 0 continuation(s) 
[69.539s][info][gc,marking  ] GC(122) Mark Stack Usage: 32M
[69.539s][info][gc,nmethod  ] GC(122) NMethods: 1365 registered, 34 unregistered
[69.539s][info][gc,metaspace] GC(122) Metaspace: 11M used, 11M committed, 1088M reserved
[69.539s][info][gc,ref      ] GC(122) Soft: 197 encountered, 0 discovered, 0 enqueued
[69.539s][info][gc,ref      ] GC(122) Weak: 695 encountered, 185 discovered, 0 enqueued
[69.539s][info][gc,ref      ] GC(122) Final: 0 encountered, 0 discovered, 0 enqueued
[69.539s][info][gc,ref      ] GC(122) Phantom: 36 encountered, 16 discovered, 0 enqueued
[69.539s][info][gc,reloc    ] GC(122) Small Pages: 751 / 1502M, Empty: 1402M, Relocated: 0M, In-Place: 0
[69.539s][info][gc,reloc    ] GC(122) Medium Pages: 9 / 288M, Empty: 288M, Relocated: 0M, In-Place: 0
[69.539s][info][gc,reloc    ] GC(122) Large Pages: 1 / 6M, Empty: 0M, Relocated: 0M, In-Place: 0
[69.539s][info][gc,reloc    ] GC(122) Forwarding Usage: 0M
[69.539s][info][gc,heap     ] GC(122) Min Capacity: 4096M(100%)
[69.539s][info][gc,heap     ] GC(122) Max Capacity: 4096M(100%)
[69.539s][info][gc,heap     ] GC(122) Soft Max Capacity: 4096M(100%)
[69.539s][info][gc,heap     ] GC(122)                Mark Start          Mark End        Relocate Start      Relocate End           High               Low         
[69.539s][info][gc,heap     ] GC(122)  Capacity:     4096M (100%)       4096M (100%)       4096M (100%)       4096M (100%)       4096M (100%)       4096M (100%)   
[69.539s][info][gc,heap     ] GC(122)      Free:     2300M (56%)        2300M (56%)        3990M (97%)        3996M (98%)        3996M (98%)        2300M (56%)    
[69.539s][info][gc,heap     ] GC(122)      Used:     1796M (44%)        1796M (44%)         106M (3%)          100M (2%)         1796M (44%)         100M (2%)     
[69.539s][info][gc,heap     ] GC(122)      Live:         -                95M (2%)           95M (2%)           95M (2%)             -                  -          
[69.539s][info][gc,heap     ] GC(122) Allocated:         -                 0M (0%)            0M (0%)            0M (0%)             -                  -          
[69.539s][info][gc,heap     ] GC(122)   Garbage:         -              1700M (42%)          10M (0%)            4M (0%)             -                  -          
[69.539s][info][gc,heap     ] GC(122) Reclaimed:         -                  -              1690M (41%)        1696M (41%)            -                  -          
[69.539s][info][gc          ] GC(122) Garbage Collection (System.gc()) 1796M(44%)->100M(2%)
[70.083s][info][gc,start    ] GC(123) Garbage Collection (Allocation Rate)
[70.084s][info][gc,task     ] GC(123) Using 1 workers
[70.084s][info][gc,phases   ] GC(123) Pause Mark Start 0.010ms
[70.177s][info][gc,stats    ] === Garbage Collection Statistics =======================================================================================================================
[70.178s][info][gc,stats    ]                                                              Last 10s              Last 10m              Last 10h                Total
[70.178s][info][gc,stats    ]                                                              Avg / Max             Avg / Max             Avg / Max             Avg / Max
[70.178s][info][gc,stats    ]   Collector: Garbage Collection Cycle                    149.721 / 231.933     159.189 / 259.019     159.189 / 259.019     159.189 / 259.019     ms
[70.178s][info][gc,stats    ]  Contention: Mark Segment Reset Contention                     0 / 0                 0 / 2                 0 / 2                 0 / 2           ops/s
[70.178s][info][gc,stats    ]  Contention: Mark SeqNum Reset Contention                      0 / 1                 0 / 2                 0 / 2                 0 / 2           ops/s
[70.178s][info][gc,stats    ]    Critical: Allocation Stall                                  0 / 0                 0 / 0                 0 / 0                 0 / 0           ops/s
[70.178s][info][gc,stats    ]    Critical: Allocation Stall                              0.000 / 0.000         0.000 / 0.000         0.000 / 0.000         0.000 / 0.000       ms
[70.178s][info][gc,stats    ]    Critical: GC Locker Stall                                   0 / 0                 0 / 0                 0 / 0                 0 / 0           ops/s
[70.178s][info][gc,stats    ]    Critical: GC Locker Stall                               0.000 / 0.000         0.000 / 0.000         0.000 / 0.000         0.000 / 0.000       ms
[70.178s][info][gc,stats    ]    Critical: Relocation Stall                                  0 / 0                 0 / 0                 0 / 0                 0 / 0           ops/s
[70.178s][info][gc,stats    ]    Critical: Relocation Stall                              0.000 / 0.000         0.000 / 0.000         0.000 / 0.000         0.000 / 0.000       ms
[70.178s][info][gc,stats    ]      Memory: Allocation Rate                                4371 / 4550           4193 / 4592           4193 / 4592           4193 / 4592        MB/s
[70.178s][info][gc,stats    ]      Memory: Defragment                                        0 / 0                 0 / 0                 0 / 0                 0 / 0           ops/s
[70.178s][info][gc,stats    ]      Memory: Out Of Memory                                     0 / 0                 0 / 0                 0 / 0                 0 / 0           ops/s
[70.178s][info][gc,stats    ]      Memory: Page Cache Flush                                  0 / 0                 0 / 0                 0 / 0                 0 / 0           MB/s
[70.178s][info][gc,stats    ]      Memory: Page Cache Hit L1                              1894 / 1980           1791 / 1983           1791 / 1983           1791 / 1983        ops/s
[70.178s][info][gc,stats    ]      Memory: Page Cache Hit L2                                 0 / 0                 0 / 0                 0 / 0                 0 / 0           ops/s
[70.178s][info][gc,stats    ]      Memory: Page Cache Hit L3                                 0 / 0                24 / 437              24 / 437              24 / 437         ops/s
[70.178s][info][gc,stats    ]      Memory: Page Cache Miss                                   0 / 0                 0 / 1                 0 / 1                 0 / 1           ops/s
[70.178s][info][gc,stats    ]      Memory: Uncommit                                          0 / 0                 0 / 0                 0 / 0                 0 / 0           MB/s
[70.178s][info][gc,stats    ]      Memory: Undo Object Allocation Failed                     0 / 0                 0 / 1                 0 / 1                 0 / 1           ops/s
[70.178s][info][gc,stats    ]      Memory: Undo Object Allocation Succeeded                  8 / 77                8 / 137               8 / 137               8 / 137         ops/s
[70.178s][info][gc,stats    ]      Memory: Undo Page Allocation                              2 / 6                 2 / 7                 2 / 7                 2 / 7           ops/s
[70.178s][info][gc,stats    ]       Phase: Concurrent Mark                             138.721 / 216.703     147.100 / 251.310     147.100 / 251.310     147.100 / 251.310     ms
[70.178s][info][gc,stats    ]       Phase: Concurrent Mark Continue                      0.000 / 0.000         0.000 / 0.000         0.000 / 0.000         0.000 / 0.000       ms
[70.178s][info][gc,stats    ]       Phase: Concurrent Mark Free                          0.002 / 0.003         0.002 / 0.005         0.002 / 0.005         0.002 / 0.005       ms
[70.178s][info][gc,stats    ]       Phase: Concurrent Process Non-Strong References      4.367 / 9.725         5.563 / 24.469        5.563 / 24.469        5.563 / 24.469      ms
[70.178s][info][gc,stats    ]       Phase: Concurrent Relocate                           2.370 / 5.728         2.419 / 57.532        2.419 / 57.532        2.419 / 57.532      ms
[70.178s][info][gc,stats    ]       Phase: Concurrent Reset Relocation Set               0.003 / 0.009         0.004 / 0.026         0.004 / 0.026         0.004 / 0.026       ms
[70.178s][info][gc,stats    ]       Phase: Concurrent Select Relocation Set              3.142 / 4.906         3.067 / 13.885        3.067 / 13.885        3.067 / 13.885      ms
[70.178s][info][gc,stats    ]       Phase: Pause Mark End                                0.018 / 0.033         0.018 / 0.047         0.018 / 0.047         0.018 / 0.047       ms
[70.178s][info][gc,stats    ]       Phase: Pause Mark Start                              0.011 / 0.018         0.010 / 0.025         0.010 / 0.025         0.010 / 0.025       ms
[70.178s][info][gc,stats    ]       Phase: Pause Relocate Start                          0.011 / 0.022         0.012 / 0.025         0.012 / 0.025         0.012 / 0.025       ms
[70.178s][info][gc,stats    ]    Subphase: Concurrent Classes Purge                      0.014 / 0.036         0.021 / 0.208         0.021 / 0.208         0.021 / 0.208       ms
[70.178s][info][gc,stats    ]    Subphase: Concurrent Classes Unlink                     2.430 / 3.536         2.461 / 3.609         2.461 / 3.609         2.461 / 3.609       ms
[70.178s][info][gc,stats    ]    Subphase: Concurrent Mark                             120.978 / 215.902     130.387 / 250.559     130.387 / 250.559     130.387 / 250.559     ms
[70.178s][info][gc,stats    ]    Subphase: Concurrent Mark Try Flush                     1.677 / 17.896        0.959 / 17.896        0.959 / 17.896        0.959 / 17.896      ms
[70.178s][info][gc,stats    ]    Subphase: Concurrent Mark Try Terminate                 2.008 / 15.959        1.617 / 16.548        1.617 / 16.548        1.617 / 16.548      ms
[70.178s][info][gc,stats    ]    Subphase: Concurrent References Enqueue                 0.001 / 0.002         0.001 / 0.015         0.001 / 0.015         0.001 / 0.015       ms
[70.178s][info][gc,stats    ]    Subphase: Concurrent References Process                 0.079 / 0.138         0.080 / 0.207         0.080 / 0.207         0.080 / 0.207       ms
[70.178s][info][gc,stats    ]    Subphase: Concurrent Roots ClassLoaderDataGraph         0.062 / 0.161         0.067 / 0.272         0.067 / 0.272         0.067 / 0.272       ms
[70.178s][info][gc,stats    ]    Subphase: Concurrent Roots CodeCache                    0.000 / 0.000         0.000 / 0.000         0.000 / 0.000         0.000 / 0.000       ms
[70.178s][info][gc,stats    ]    Subphase: Concurrent Roots JavaThreads                  0.524 / 1.129         0.625 / 7.312         0.625 / 7.312         0.625 / 7.312       ms
[70.178s][info][gc,stats    ]    Subphase: Concurrent Roots OopStorageSet                0.025 / 0.055         0.027 / 0.063         0.027 / 0.063         0.027 / 0.063       ms
[70.178s][info][gc,stats    ]    Subphase: Concurrent Weak Roots OopStorageSet           0.184 / 0.340         0.182 / 0.369         0.182 / 0.369         0.182 / 0.369       ms
[70.178s][info][gc,stats    ]    Subphase: Pause Mark Try Complete                       0.000 / 0.000         0.000 / 0.000         0.000 / 0.000         0.000 / 0.000       ms
[70.178s][info][gc,stats    ]      System: Java Threads                                     23 / 23               22 / 23               22 / 23               22 / 23          threads
[70.178s][info][gc,stats    ] =========================================================================================================================================================
[70.253s][info][gc,phases   ] GC(123) Concurrent Mark 169.427ms
[70.253s][info][gc,phases   ] GC(123) Pause Mark End 0.013ms
[70.253s][info][gc,phases   ] GC(123) Concurrent Mark Free 0.002ms
[70.257s][info][gc,phases   ] GC(123) Concurrent Process Non-Strong References 3.525ms
[70.257s][info][gc,phases   ] GC(123) Concurrent Reset Relocation Set 0.001ms
[70.260s][info][gc,phases   ] GC(123) Concurrent Select Relocation Set 2.655ms
[70.260s][info][gc,phases   ] GC(123) Pause Relocate Start 0.009ms
[70.262s][info][gc,phases   ] GC(123) Concurrent Relocate 1.845ms
[70.262s][info][gc,load     ] GC(123) Load: 0.00/0.00/0.00
[70.262s][info][gc,mmu      ] GC(123) MMU: 2ms/97.7%, 5ms/99.1%, 10ms/99.4%, 20ms/99.7%, 50ms/99.9%, 100ms/99.9%
[70.262s][info][gc,marking  ] GC(123) Mark: 1 stripe(s), 2 proactive flush(es), 1 terminate flush(es), 0 completion(s), 0 continuation(s) 
[70.262s][info][gc,marking  ] GC(123) Mark Stack Usage: 32M
[70.262s][info][gc,nmethod  ] GC(123) NMethods: 1365 registered, 34 unregistered
[70.262s][info][gc,metaspace] GC(123) Metaspace: 11M used, 11M committed, 1088M reserved
[70.262s][info][gc,ref      ] GC(123) Soft: 197 encountered, 0 discovered, 0 enqueued
[70.262s][info][gc,ref      ] GC(123) Weak: 695 encountered, 187 discovered, 0 enqueued
[70.262s][info][gc,ref      ] GC(123) Final: 0 encountered, 0 discovered, 0 enqueued
[70.262s][info][gc,ref      ] GC(123) Phantom: 36 encountered, 21 discovered, 0 enqueued
[70.262s][info][gc,reloc    ] GC(123) Small Pages: 1135 / 2270M, Empty: 2144M, Relocated: 2M, In-Place: 0
[70.262s][info][gc,reloc    ] GC(123) Medium Pages: 11 / 352M, Empty: 352M, Relocated: 0M, In-Place: 0
[70.262s][info][gc,reloc    ] GC(123) Large Pages: 1 / 6M, Empty: 0M, Relocated: 0M, In-Place: 0
[70.262s][info][gc,reloc    ] GC(123) Forwarding Usage: 0M
[70.262s][info][gc,heap     ] GC(123) Min Capacity: 4096M(100%)
[70.262s][info][gc,heap     ] GC(123) Max Capacity: 4096M(100%)
[70.262s][info][gc,heap     ] GC(123) Soft Max Capacity: 4096M(100%)
[70.262s][info][gc,heap     ] GC(123)                Mark Start          Mark End        Relocate Start      Relocate End           High               Low         
[70.262s][info][gc,heap     ] GC(123)  Capacity:     4096M (100%)       4096M (100%)       4096M (100%)       4096M (100%)       4096M (100%)       4096M (100%)   
[70.262s][info][gc,heap     ] GC(123)      Free:     1468M (36%)         752M (18%)        3196M (78%)        3228M (79%)        3228M (79%)         700M (17%)    
[70.262s][info][gc,heap     ] GC(123)      Used:     2628M (64%)        3344M (82%)         900M (22%)         868M (21%)        3396M (83%)         868M (21%)    
[70.262s][info][gc,heap     ] GC(123)      Live:         -                97M (2%)           97M (2%)           97M (2%)             -                  -          
[70.262s][info][gc,heap     ] GC(123) Allocated:         -               716M (17%)         768M (19%)         767M (19%)            -                  -          
[70.262s][info][gc,heap     ] GC(123)   Garbage:         -              2530M (62%)          34M (1%)            2M (0%)             -                  -          
[70.262s][info][gc,heap     ] GC(123) Reclaimed:         -                  -              2496M (61%)        2527M (62%)            -                  -          
[70.262s][info][gc          ] GC(123) Garbage Collection (Allocation Rate) 2628M(64%)->868M(21%)
[70.681s][info][gc,start    ] GC(124) Garbage Collection (Allocation Rate)
[70.681s][info][gc,task     ] GC(124) Using 1 workers
[70.681s][info][gc,phases   ] GC(124) Pause Mark Start 0.012ms
[70.819s][info][gc,phases   ] GC(124) Concurrent Mark 138.643ms
[70.820s][info][gc,phases   ] GC(124) Pause Mark End 0.016ms
[70.820s][info][gc,phases   ] GC(124) Concurrent Mark Free 0.001ms
[70.829s][info][gc,phases   ] GC(124) Concurrent Process Non-Strong References 9.113ms
[70.829s][info][gc,phases   ] GC(124) Concurrent Reset Relocation Set 0.006ms
[70.833s][info][gc,phases   ] GC(124) Concurrent Select Relocation Set 3.726ms
[70.833s][info][gc,phases   ] GC(124) Pause Relocate Start 0.009ms
[70.835s][info][gc,phases   ] GC(124) Concurrent Relocate 2.013ms
[70.835s][info][gc,load     ] GC(124) Load: 0.00/0.00/0.00
[70.835s][info][gc,mmu      ] GC(124) MMU: 2ms/97.7%, 5ms/99.1%, 10ms/99.4%, 20ms/99.7%, 50ms/99.9%, 100ms/99.9%
[70.835s][info][gc,marking  ] GC(124) Mark: 1 stripe(s), 2 proactive flush(es), 1 terminate flush(es), 0 completion(s), 0 continuation(s) 
[70.835s][info][gc,marking  ] GC(124) Mark Stack Usage: 32M
[70.835s][info][gc,nmethod  ] GC(124) NMethods: 1365 registered, 34 unregistered
[70.835s][info][gc,metaspace] GC(124) Metaspace: 11M used, 11M committed, 1088M reserved
[70.835s][info][gc,ref      ] GC(124) Soft: 197 encountered, 0 discovered, 0 enqueued
[70.835s][info][gc,ref      ] GC(124) Weak: 695 encountered, 554 discovered, 0 enqueued
[70.835s][info][gc,ref      ] GC(124) Final: 0 encountered, 0 discovered, 0 enqueued
[70.835s][info][gc,ref      ] GC(124) Phantom: 36 encountered, 17 discovered, 0 enqueued
[70.835s][info][gc,reloc    ] GC(124) Small Pages: 1191 / 2382M, Empty: 2242M, Relocated: 3M, In-Place: 0
[70.835s][info][gc,reloc    ] GC(124) Medium Pages: 12 / 384M, Empty: 352M, Relocated: 0M, In-Place: 0
[70.835s][info][gc,reloc    ] GC(124) Large Pages: 1 / 6M, Empty: 0M, Relocated: 0M, In-Place: 0
[70.835s][info][gc,reloc    ] GC(124) Forwarding Usage: 0M
[70.835s][info][gc,heap     ] GC(124) Min Capacity: 4096M(100%)
[70.835s][info][gc,heap     ] GC(124) Max Capacity: 4096M(100%)
[70.835s][info][gc,heap     ] GC(124) Soft Max Capacity: 4096M(100%)
[70.835s][info][gc,heap     ] GC(124)                Mark Start          Mark End        Relocate Start      Relocate End           High               Low         
[70.835s][info][gc,heap     ] GC(124)  Capacity:     4096M (100%)       4096M (100%)       4096M (100%)       4096M (100%)       4096M (100%)       4096M (100%)   
[70.835s][info][gc,heap     ] GC(124)      Free:     1324M (32%)         802M (20%)        3316M (81%)        3362M (82%)        3362M (82%)         744M (18%)    
[70.835s][info][gc,heap     ] GC(124)      Used:     2772M (68%)        3294M (80%)         780M (19%)         734M (18%)        3352M (82%)         734M (18%)    
[70.835s][info][gc,heap     ] GC(124)      Live:         -               101M (2%)          101M (2%)          101M (2%)             -                  -          
[70.835s][info][gc,heap     ] GC(124) Allocated:         -               522M (13%)         602M (15%)         601M (15%)            -                  -          
[70.835s][info][gc,heap     ] GC(124)   Garbage:         -              2670M (65%)          76M (2%)           30M (1%)             -                  -          
[70.835s][info][gc,heap     ] GC(124) Reclaimed:         -                  -              2594M (63%)        2639M (64%)            -                  -          
[70.835s][info][gc          ] GC(124) Garbage Collection (Allocation Rate) 2772M(68%)->734M(18%)
[71.277s][info][gc,start    ] GC(125) Garbage Collection (Allocation Rate)
[71.277s][info][gc,task     ] GC(125) Using 1 workers
[71.277s][info][gc,phases   ] GC(125) Pause Mark Start 0.011ms
[71.497s][info][gc,phases   ] GC(125) Concurrent Mark 220.225ms
[71.497s][info][gc,phases   ] GC(125) Pause Mark End 0.011ms
[71.497s][info][gc,phases   ] GC(125) Concurrent Mark Free 0.001ms
[71.506s][info][gc,phases   ] GC(125) Concurrent Process Non-Strong References 8.394ms
[71.506s][info][gc,phases   ] GC(125) Concurrent Reset Relocation Set 0.005ms
[71.510s][info][gc,phases   ] GC(125) Concurrent Select Relocation Set 3.811ms
[71.510s][info][gc,phases   ] GC(125) Pause Relocate Start 0.008ms
[71.512s][info][gc,phases   ] GC(125) Concurrent Relocate 2.093ms
[71.512s][info][gc,load     ] GC(125) Load: 0.00/0.00/0.00
[71.512s][info][gc,mmu      ] GC(125) MMU: 2ms/97.7%, 5ms/99.1%, 10ms/99.4%, 20ms/99.7%, 50ms/99.9%, 100ms/99.9%
[71.512s][info][gc,marking  ] GC(125) Mark: 1 stripe(s), 2 proactive flush(es), 1 terminate flush(es), 0 completion(s), 0 continuation(s) 
[71.512s][info][gc,marking  ] GC(125) Mark Stack Usage: 32M
[71.512s][info][gc,nmethod  ] GC(125) NMethods: 1365 registered, 34 unregistered
[71.512s][info][gc,metaspace] GC(125) Metaspace: 11M used, 11M committed, 1088M reserved
[71.512s][info][gc,ref      ] GC(125) Soft: 197 encountered, 0 discovered, 0 enqueued
[71.512s][info][gc,ref      ] GC(125) Weak: 695 encountered, 187 discovered, 0 enqueued
[71.512s][info][gc,ref      ] GC(125) Final: 0 encountered, 0 discovered, 0 enqueued
[71.512s][info][gc,ref      ] GC(125) Phantom: 36 encountered, 21 discovered, 0 enqueued
[71.512s][info][gc,reloc    ] GC(125) Small Pages: 1165 / 2330M, Empty: 2206M, Relocated: 0M, In-Place: 0
[71.512s][info][gc,reloc    ] GC(125) Medium Pages: 13 / 416M, Empty: 384M, Relocated: 0M, In-Place: 0
[71.512s][info][gc,reloc    ] GC(125) Large Pages: 1 / 6M, Empty: 0M, Relocated: 0M, In-Place: 0
[71.512s][info][gc,reloc    ] GC(125) Forwarding Usage: 0M
[71.512s][info][gc,heap     ] GC(125) Min Capacity: 4096M(100%)
[71.512s][info][gc,heap     ] GC(125) Max Capacity: 4096M(100%)
[71.512s][info][gc,heap     ] GC(125) Soft Max Capacity: 4096M(100%)
[71.512s][info][gc,heap     ] GC(125)                Mark Start          Mark End        Relocate Start      Relocate End           High               Low         
[71.512s][info][gc,heap     ] GC(125)  Capacity:     4096M (100%)       4096M (100%)       4096M (100%)       4096M (100%)       4096M (100%)       4096M (100%)   
[71.512s][info][gc,heap     ] GC(125)      Free:     1344M (33%)         468M (11%)        2980M (73%)        3010M (73%)        3010M (73%)         414M (10%)    
[71.512s][info][gc,heap     ] GC(125)      Used:     2752M (67%)        3628M (89%)        1116M (27%)        1086M (27%)        3682M (90%)        1086M (27%)    
[71.512s][info][gc,heap     ] GC(125)      Live:         -                99M (2%)           99M (2%)           99M (2%)             -                  -          
[71.512s][info][gc,heap     ] GC(125) Allocated:         -               876M (21%)         954M (23%)         955M (23%)            -                  -          
[71.512s][info][gc,heap     ] GC(125)   Garbage:         -              2652M (65%)          62M (2%)           30M (1%)             -                  -          
[71.512s][info][gc,heap     ] GC(125) Reclaimed:         -                  -              2590M (63%)        2621M (64%)            -                  -          
[71.512s][info][gc          ] GC(125) Garbage Collection (Allocation Rate) 2752M(67%)->1086M(27%)
[71.780s][info][gc,start    ] GC(126) Garbage Collection (Allocation Rate)
[71.780s][info][gc,task     ] GC(126) Using 1 workers
[71.780s][info][gc,phases   ] GC(126) Pause Mark Start 0.010ms
[71.949s][info][gc,phases   ] GC(126) Concurrent Mark 168.826ms
[71.949s][info][gc,phases   ] GC(126) Pause Mark End 0.014ms
[71.949s][info][gc,phases   ] GC(126) Concurrent Mark Free 0.002ms
[71.953s][info][gc,phases   ] GC(126) Concurrent Process Non-Strong References 3.538ms
[71.953s][info][gc,phases   ] GC(126) Concurrent Reset Relocation Set 0.002ms
[71.955s][info][gc,phases   ] GC(126) Concurrent Select Relocation Set 2.177ms
[71.955s][info][gc,phases   ] GC(126) Pause Relocate Start 0.011ms
[71.956s][info][gc,phases   ] GC(126) Concurrent Relocate 0.846ms
[71.956s][info][gc,load     ] GC(126) Load: 0.00/0.00/0.00
[71.956s][info][gc,mmu      ] GC(126) MMU: 2ms/97.7%, 5ms/99.1%, 10ms/99.4%, 20ms/99.7%, 50ms/99.9%, 100ms/99.9%
[71.956s][info][gc,marking  ] GC(126) Mark: 1 stripe(s), 2 proactive flush(es), 1 terminate flush(es), 0 completion(s), 0 continuation(s) 
[71.956s][info][gc,marking  ] GC(126) Mark Stack Usage: 32M
[71.956s][info][gc,nmethod  ] GC(126) NMethods: 1365 registered, 34 unregistered
[71.956s][info][gc,metaspace] GC(126) Metaspace: 11M used, 11M committed, 1088M reserved
[71.956s][info][gc,ref      ] GC(126) Soft: 197 encountered, 0 discovered, 0 enqueued
[71.956s][info][gc,ref      ] GC(126) Weak: 695 encountered, 187 discovered, 0 enqueued
[71.956s][info][gc,ref      ] GC(126) Final: 0 encountered, 0 discovered, 0 enqueued
[71.956s][info][gc,ref      ] GC(126) Phantom: 36 encountered, 21 discovered, 0 enqueued
[71.956s][info][gc,reloc    ] GC(126) Small Pages: 984 / 1968M, Empty: 1820M, Relocated: 3M, In-Place: 0
[71.956s][info][gc,reloc    ] GC(126) Medium Pages: 10 / 320M, Empty: 320M, Relocated: 0M, In-Place: 0
[71.956s][info][gc,reloc    ] GC(126) Large Pages: 1 / 6M, Empty: 0M, Relocated: 0M, In-Place: 0
[71.956s][info][gc,reloc    ] GC(126) Forwarding Usage: 0M
[71.956s][info][gc,heap     ] GC(126) Min Capacity: 4096M(100%)
[71.956s][info][gc,heap     ] GC(126) Max Capacity: 4096M(100%)
[71.956s][info][gc,heap     ] GC(126) Soft Max Capacity: 4096M(100%)
[71.956s][info][gc,heap     ] GC(126)                Mark Start          Mark End        Relocate Start      Relocate End           High               Low         
[71.956s][info][gc,heap     ] GC(126)  Capacity:     4096M (100%)       4096M (100%)       4096M (100%)       4096M (100%)       4096M (100%)       4096M (100%)   
[71.956s][info][gc,heap     ] GC(126)      Free:     1802M (44%)        1112M (27%)        3206M (78%)        3258M (80%)        3258M (80%)        1066M (26%)    
[71.956s][info][gc,heap     ] GC(126)      Used:     2294M (56%)        2984M (73%)         890M (22%)         838M (20%)        3030M (74%)         838M (20%)    
[71.957s][info][gc,heap     ] GC(126)      Live:         -                99M (2%)           99M (2%)           99M (2%)             -                  -          
[71.957s][info][gc,heap     ] GC(126) Allocated:         -               690M (17%)         736M (18%)         735M (18%)            -                  -          
[71.957s][info][gc,heap     ] GC(126)   Garbage:         -              2194M (54%)          54M (1%)            2M (0%)             -                  -          
[71.957s][info][gc,heap     ] GC(126) Reclaimed:         -                  -              2140M (52%)        2191M (54%)            -                  -          
[71.957s][info][gc          ] GC(126) Garbage Collection (Allocation Rate) 2294M(56%)->838M(20%)
[72.376s][info][gc,start    ] GC(127) Garbage Collection (Allocation Rate)
[72.376s][info][gc,task     ] GC(127) Using 1 workers
[72.376s][info][gc,phases   ] GC(127) Pause Mark Start 0.009ms
[72.593s][info][gc,phases   ] GC(127) Concurrent Mark 216.637ms
[72.593s][info][gc,phases   ] GC(127) Pause Mark End 0.016ms
[72.593s][info][gc,phases   ] GC(127) Concurrent Mark Free 0.001ms
[72.603s][info][gc,phases   ] GC(127) Concurrent Process Non-Strong References 9.258ms
[72.603s][info][gc,phases   ] GC(127) Concurrent Reset Relocation Set 0.005ms
[72.606s][info][gc,phases   ] GC(127) Concurrent Select Relocation Set 3.497ms
[72.606s][info][gc,phases   ] GC(127) Pause Relocate Start 0.013ms
[72.607s][info][gc,phases   ] GC(127) Concurrent Relocate 0.982ms
[72.607s][info][gc,load     ] GC(127) Load: 0.00/0.00/0.00
[72.607s][info][gc,mmu      ] GC(127) MMU: 2ms/97.7%, 5ms/99.1%, 10ms/99.4%, 20ms/99.7%, 50ms/99.9%, 100ms/99.9%
[72.607s][info][gc,marking  ] GC(127) Mark: 1 stripe(s), 2 proactive flush(es), 1 terminate flush(es), 0 completion(s), 0 continuation(s) 
[72.607s][info][gc,marking  ] GC(127) Mark Stack Usage: 32M
[72.607s][info][gc,nmethod  ] GC(127) NMethods: 1365 registered, 34 unregistered
[72.607s][info][gc,metaspace] GC(127) Metaspace: 11M used, 11M committed, 1088M reserved
[72.607s][info][gc,ref      ] GC(127) Soft: 197 encountered, 0 discovered, 0 enqueued
[72.607s][info][gc,ref      ] GC(127) Weak: 695 encountered, 187 discovered, 0 enqueued
[72.607s][info][gc,ref      ] GC(127) Final: 0 encountered, 0 discovered, 0 enqueued
[72.608s][info][gc,ref      ] GC(127) Phantom: 36 encountered, 21 discovered, 0 enqueued
[72.608s][info][gc,reloc    ] GC(127) Small Pages: 1176 / 2352M, Empty: 2234M, Relocated: 0M, In-Place: 0
[72.608s][info][gc,reloc    ] GC(127) Medium Pages: 12 / 384M, Empty: 352M, Relocated: 0M, In-Place: 0
[72.608s][info][gc,reloc    ] GC(127) Large Pages: 1 / 6M, Empty: 0M, Relocated: 0M, In-Place: 0
[72.608s][info][gc,reloc    ] GC(127) Forwarding Usage: 0M
[72.608s][info][gc,heap     ] GC(127) Min Capacity: 4096M(100%)
[72.608s][info][gc,heap     ] GC(127) Max Capacity: 4096M(100%)
[72.608s][info][gc,heap     ] GC(127) Soft Max Capacity: 4096M(100%)
[72.608s][info][gc,heap     ] GC(127)                Mark Start          Mark End        Relocate Start      Relocate End           High               Low         
[72.608s][info][gc,heap     ] GC(127)  Capacity:     4096M (100%)       4096M (100%)       4096M (100%)       4096M (100%)       4096M (100%)       4096M (100%)   
[72.608s][info][gc,heap     ] GC(127)      Free:     1354M (33%)         474M (12%)        2982M (73%)        3008M (73%)        3008M (73%)         414M (10%)    
[72.608s][info][gc,heap     ] GC(127)      Used:     2742M (67%)        3622M (88%)        1114M (27%)        1088M (27%)        3682M (90%)        1088M (27%)    
[72.608s][info][gc,heap     ] GC(127)      Live:         -                99M (2%)           99M (2%)           99M (2%)             -                  -          
[72.608s][info][gc,heap     ] GC(127) Allocated:         -               880M (21%)         958M (23%)         957M (23%)            -                  -          
[72.608s][info][gc,heap     ] GC(127)   Garbage:         -              2642M (65%)          56M (1%)           30M (1%)             -                  -          
[72.608s][info][gc,heap     ] GC(127) Reclaimed:         -                  -              2586M (63%)        2611M (64%)            -                  -          
[72.608s][info][gc          ] GC(127) Garbage Collection (Allocation Rate) 2742M(67%)->1088M(27%)
[72.879s][info][gc,start    ] GC(128) Garbage Collection (Allocation Rate)
[72.879s][info][gc,task     ] GC(128) Using 1 workers
[72.879s][info][gc,phases   ] GC(128) Pause Mark Start 0.007ms
[73.034s][info][gc,phases   ] GC(128) Concurrent Mark 154.506ms
[73.034s][info][gc,phases   ] GC(128) Pause Mark End 0.014ms
[73.034s][info][gc,phases   ] GC(128) Concurrent Mark Free 0.001ms
[73.037s][info][gc,phases   ] GC(128) Concurrent Process Non-Strong References 3.374ms
[73.037s][info][gc,phases   ] GC(128) Concurrent Reset Relocation Set 0.003ms
[73.040s][info][gc,phases   ] GC(128) Concurrent Select Relocation Set 2.649ms
[73.040s][info][gc,phases   ] GC(128) Pause Relocate Start 0.016ms
[73.042s][info][gc,phases   ] GC(128) Concurrent Relocate 1.205ms
[73.042s][info][gc,load     ] GC(128) Load: 0.00/0.00/0.00
[73.042s][info][gc,mmu      ] GC(128) MMU: 2ms/97.7%, 5ms/99.1%, 10ms/99.4%, 20ms/99.7%, 50ms/99.9%, 100ms/99.9%
[73.042s][info][gc,marking  ] GC(128) Mark: 1 stripe(s), 2 proactive flush(es), 1 terminate flush(es), 0 completion(s), 0 continuation(s) 
[73.042s][info][gc,marking  ] GC(128) Mark Stack Usage: 32M
[73.042s][info][gc,nmethod  ] GC(128) NMethods: 1366 registered, 34 unregistered
[73.042s][info][gc,metaspace] GC(128) Metaspace: 11M used, 11M committed, 1088M reserved
[73.042s][info][gc,ref      ] GC(128) Soft: 197 encountered, 0 discovered, 0 enqueued
[73.042s][info][gc,ref      ] GC(128) Weak: 695 encountered, 187 discovered, 0 enqueued
[73.042s][info][gc,ref      ] GC(128) Final: 0 encountered, 0 discovered, 0 enqueued
[73.042s][info][gc,ref      ] GC(128) Phantom: 36 encountered, 21 discovered, 0 enqueued
[73.042s][info][gc,reloc    ] GC(128) Small Pages: 983 / 1966M, Empty: 1802M, Relocated: 3M, In-Place: 0
[73.042s][info][gc,reloc    ] GC(128) Medium Pages: 11 / 352M, Empty: 352M, Relocated: 0M, In-Place: 0
[73.042s][info][gc,reloc    ] GC(128) Large Pages: 1 / 6M, Empty: 0M, Relocated: 0M, In-Place: 0
[73.042s][info][gc,reloc    ] GC(128) Forwarding Usage: 0M
[73.042s][info][gc,heap     ] GC(128) Min Capacity: 4096M(100%)
[73.042s][info][gc,heap     ] GC(128) Max Capacity: 4096M(100%)
[73.042s][info][gc,heap     ] GC(128) Soft Max Capacity: 4096M(100%)
[73.042s][info][gc,heap     ] GC(128)                Mark Start          Mark End        Relocate Start      Relocate End           High               Low         
[73.042s][info][gc,heap     ] GC(128)  Capacity:     4096M (100%)       4096M (100%)       4096M (100%)       4096M (100%)       4096M (100%)       4096M (100%)   
[73.042s][info][gc,heap     ] GC(128)      Free:     1772M (43%)        1144M (28%)        3286M (80%)        3350M (82%)        3350M (82%)        1144M (28%)    
[73.042s][info][gc,heap     ] GC(128)      Used:     2324M (57%)        2952M (72%)         810M (20%)         746M (18%)        2952M (72%)         746M (18%)    
[73.042s][info][gc,heap     ] GC(128)      Live:         -                99M (2%)           99M (2%)           99M (2%)             -                  -          
[73.042s][info][gc,heap     ] GC(128) Allocated:         -               628M (15%)         640M (16%)         643M (16%)            -                  -          
[73.042s][info][gc,heap     ] GC(128)   Garbage:         -              2224M (54%)          70M (2%)            2M (0%)             -                  -          
[73.042s][info][gc,heap     ] GC(128) Reclaimed:         -                  -              2154M (53%)        2221M (54%)            -                  -          
[73.042s][info][gc          ] GC(128) Garbage Collection (Allocation Rate) 2324M(57%)->746M(18%)
[73.381s][info][gc,start    ] GC(129) Garbage Collection (Allocation Rate)
[73.381s][info][gc,task     ] GC(129) Using 1 workers
[73.381s][info][gc,phases   ] GC(129) Pause Mark Start 0.010ms
[73.538s][info][gc,phases   ] GC(129) Concurrent Mark 156.733ms
[73.538s][info][gc,phases   ] GC(129) Pause Mark End 0.025ms
[73.539s][info][gc,phases   ] GC(129) Concurrent Mark Free 0.002ms
[73.543s][info][gc,phases   ] GC(129) Concurrent Process Non-Strong References 3.947ms
[73.543s][info][gc,phases   ] GC(129) Concurrent Reset Relocation Set 0.004ms
[73.545s][info][gc,phases   ] GC(129) Concurrent Select Relocation Set 2.237ms
[73.545s][info][gc,phases   ] GC(129) Pause Relocate Start 0.012ms
[73.549s][info][gc,phases   ] GC(129) Concurrent Relocate 4.137ms
[73.549s][info][gc,load     ] GC(129) Load: 0.00/0.00/0.00
[73.549s][info][gc,mmu      ] GC(129) MMU: 2ms/97.7%, 5ms/99.1%, 10ms/99.4%, 20ms/99.7%, 50ms/99.9%, 100ms/99.9%
[73.549s][info][gc,marking  ] GC(129) Mark: 1 stripe(s), 2 proactive flush(es), 1 terminate flush(es), 0 completion(s), 0 continuation(s) 
[73.549s][info][gc,marking  ] GC(129) Mark Stack Usage: 32M
[73.549s][info][gc,nmethod  ] GC(129) NMethods: 1366 registered, 34 unregistered
[73.549s][info][gc,metaspace] GC(129) Metaspace: 11M used, 11M committed, 1088M reserved
[73.549s][info][gc,ref      ] GC(129) Soft: 197 encountered, 0 discovered, 0 enqueued
[73.549s][info][gc,ref      ] GC(129) Weak: 695 encountered, 554 discovered, 0 enqueued
[73.549s][info][gc,ref      ] GC(129) Final: 0 encountered, 0 discovered, 0 enqueued
[73.549s][info][gc,ref      ] GC(129) Phantom: 36 encountered, 17 discovered, 0 enqueued
[73.549s][info][gc,reloc    ] GC(129) Small Pages: 1012 / 2024M, Empty: 1896M, Relocated: 5M, In-Place: 0
[73.549s][info][gc,reloc    ] GC(129) Medium Pages: 10 / 320M, Empty: 288M, Relocated: 0M, In-Place: 0
[73.549s][info][gc,reloc    ] GC(129) Large Pages: 1 / 6M, Empty: 0M, Relocated: 0M, In-Place: 0
[73.549s][info][gc,reloc    ] GC(129) Forwarding Usage: 1M
[73.549s][info][gc,heap     ] GC(129) Min Capacity: 4096M(100%)
[73.549s][info][gc,heap     ] GC(129) Max Capacity: 4096M(100%)
[73.549s][info][gc,heap     ] GC(129) Soft Max Capacity: 4096M(100%)
[73.550s][info][gc,heap     ] GC(129)                Mark Start          Mark End        Relocate Start      Relocate End           High               Low         
[73.550s][info][gc,heap     ] GC(129)  Capacity:     4096M (100%)       4096M (100%)       4096M (100%)       4096M (100%)       4096M (100%)       4096M (100%)   
[73.550s][info][gc,heap     ] GC(129)      Free:     1746M (43%)        1144M (28%)        3326M (81%)        3352M (82%)        3360M (82%)        1142M (28%)    
[73.550s][info][gc,heap     ] GC(129)      Used:     2350M (57%)        2952M (72%)         770M (19%)         744M (18%)        2954M (72%)         736M (18%)    
[73.550s][info][gc,heap     ] GC(129)      Live:         -               100M (2%)          100M (2%)          100M (2%)             -                  -          
[73.550s][info][gc,heap     ] GC(129) Allocated:         -               602M (15%)         604M (15%)         611M (15%)            -                  -          
[73.550s][info][gc,heap     ] GC(129)   Garbage:         -              2249M (55%)          65M (2%)           32M (1%)             -                  -          
[73.550s][info][gc,heap     ] GC(129) Reclaimed:         -                  -              2184M (53%)        2217M (54%)            -                  -          
[73.550s][info][gc          ] GC(129) Garbage Collection (Allocation Rate) 2350M(57%)->744M(18%)
[73.908s][info][gc,start    ] GC(130) Garbage Collection (System.gc())
[73.908s][info][gc,task     ] GC(130) Using 2 workers
[73.908s][info][gc,phases   ] GC(130) Pause Mark Start 0.008ms
[73.962s][info][gc,phases   ] GC(130) Concurrent Mark 54.367ms
[73.965s][info][gc,phases   ] GC(130) Pause Mark End 0.011ms
[73.965s][info][gc,phases   ] GC(130) Concurrent Mark Free 0.002ms
[73.967s][info][gc,phases   ] GC(130) Concurrent Process Non-Strong References 1.688ms
[73.967s][info][gc,phases   ] GC(130) Concurrent Reset Relocation Set 0.002ms
[73.968s][info][gc,phases   ] GC(130) Concurrent Select Relocation Set 1.831ms
[73.969s][info][gc,phases   ] GC(130) Pause Relocate Start 0.004ms
[73.969s][info][gc,phases   ] GC(130) Concurrent Relocate 0.361ms
[73.969s][info][gc,load     ] GC(130) Load: 0.00/0.00/0.00
[73.969s][info][gc,mmu      ] GC(130) MMU: 2ms/97.7%, 5ms/99.1%, 10ms/99.4%, 20ms/99.7%, 50ms/99.9%, 100ms/99.9%
[73.969s][info][gc,marking  ] GC(130) Mark: 2 stripe(s), 3 proactive flush(es), 1 terminate flush(es), 0 completion(s), 0 continuation(s) 
[73.969s][info][gc,marking  ] GC(130) Mark Stack Usage: 32M
[73.969s][info][gc,nmethod  ] GC(130) NMethods: 1366 registered, 34 unregistered
[73.969s][info][gc,metaspace] GC(130) Metaspace: 11M used, 11M committed, 1088M reserved
[73.969s][info][gc,ref      ] GC(130) Soft: 197 encountered, 0 discovered, 0 enqueued
[73.969s][info][gc,ref      ] GC(130) Weak: 695 encountered, 83 discovered, 0 enqueued
[73.969s][info][gc,ref      ] GC(130) Final: 0 encountered, 0 discovered, 0 enqueued
[73.969s][info][gc,ref      ] GC(130) Phantom: 36 encountered, 16 discovered, 0 enqueued
[73.969s][info][gc,reloc    ] GC(130) Small Pages: 1002 / 2004M, Empty: 1896M, Relocated: 1M, In-Place: 0
[73.969s][info][gc,reloc    ] GC(130) Medium Pages: 11 / 352M, Empty: 352M, Relocated: 0M, In-Place: 0
[73.969s][info][gc,reloc    ] GC(130) Large Pages: 1 / 6M, Empty: 0M, Relocated: 0M, In-Place: 0
[73.969s][info][gc,reloc    ] GC(130) Forwarding Usage: 0M
[73.969s][info][gc,heap     ] GC(130) Min Capacity: 4096M(100%)
[73.969s][info][gc,heap     ] GC(130) Max Capacity: 4096M(100%)
[73.969s][info][gc,heap     ] GC(130) Soft Max Capacity: 4096M(100%)
[73.969s][info][gc,heap     ] GC(130)                Mark Start          Mark End        Relocate Start      Relocate End           High               Low         
[73.969s][info][gc,heap     ] GC(130)  Capacity:     4096M (100%)       4096M (100%)       4096M (100%)       4096M (100%)       4096M (100%)       4096M (100%)   
[73.969s][info][gc,heap     ] GC(130)      Free:     1734M (42%)        1734M (42%)        3982M (97%)        3996M (98%)        3996M (98%)        1734M (42%)    
[73.969s][info][gc,heap     ] GC(130)      Used:     2362M (58%)        2362M (58%)         114M (3%)          100M (2%)         2362M (58%)         100M (2%)     
[73.969s][info][gc,heap     ] GC(130)      Live:         -                95M (2%)           95M (2%)           95M (2%)             -                  -          
[73.969s][info][gc,heap     ] GC(130) Allocated:         -                 0M (0%)            0M (0%)            0M (0%)             -                  -          
[73.969s][info][gc,heap     ] GC(130)   Garbage:         -              2266M (55%)          18M (0%)            4M (0%)             -                  -          
[73.969s][info][gc,heap     ] GC(130) Reclaimed:         -                  -              2248M (55%)        2262M (55%)            -                  -          
[73.969s][info][gc          ] GC(130) Garbage Collection (System.gc()) 2362M(58%)->100M(2%)
[74.575s][info][gc,start    ] GC(131) Garbage Collection (Allocation Rate)
[74.575s][info][gc,task     ] GC(131) Using 1 workers
[74.575s][info][gc,phases   ] GC(131) Pause Mark Start 0.008ms
[74.725s][info][gc,phases   ] GC(131) Concurrent Mark 149.616ms
[74.725s][info][gc,phases   ] GC(131) Pause Mark End 0.014ms
[74.725s][info][gc,phases   ] GC(131) Concurrent Mark Free 0.001ms
[74.729s][info][gc,phases   ] GC(131) Concurrent Process Non-Strong References 3.826ms
[74.729s][info][gc,phases   ] GC(131) Concurrent Reset Relocation Set 0.002ms
[74.732s][info][gc,phases   ] GC(131) Concurrent Select Relocation Set 3.006ms
[74.732s][info][gc,phases   ] GC(131) Pause Relocate Start 0.010ms
[74.733s][info][gc,phases   ] GC(131) Concurrent Relocate 1.159ms
[74.733s][info][gc,load     ] GC(131) Load: 0.00/0.00/0.00
[74.733s][info][gc,mmu      ] GC(131) MMU: 2ms/97.7%, 5ms/99.1%, 10ms/99.4%, 20ms/99.7%, 50ms/99.9%, 100ms/99.9%
[74.733s][info][gc,marking  ] GC(131) Mark: 1 stripe(s), 2 proactive flush(es), 1 terminate flush(es), 0 completion(s), 0 continuation(s) 
[74.733s][info][gc,marking  ] GC(131) Mark Stack Usage: 32M
[74.733s][info][gc,nmethod  ] GC(131) NMethods: 1366 registered, 34 unregistered
[74.733s][info][gc,metaspace] GC(131) Metaspace: 11M used, 11M committed, 1088M reserved
[74.733s][info][gc,ref      ] GC(131) Soft: 197 encountered, 0 discovered, 0 enqueued
[74.733s][info][gc,ref      ] GC(131) Weak: 695 encountered, 187 discovered, 0 enqueued
[74.733s][info][gc,ref      ] GC(131) Final: 0 encountered, 0 discovered, 0 enqueued
[74.733s][info][gc,ref      ] GC(131) Phantom: 36 encountered, 21 discovered, 0 enqueued
[74.733s][info][gc,reloc    ] GC(131) Small Pages: 1246 / 2492M, Empty: 2378M, Relocated: 1M, In-Place: 0
[74.733s][info][gc,reloc    ] GC(131) Medium Pages: 12 / 384M, Empty: 384M, Relocated: 0M, In-Place: 0
[74.733s][info][gc,reloc    ] GC(131) Large Pages: 1 / 6M, Empty: 0M, Relocated: 0M, In-Place: 0
[74.733s][info][gc,reloc    ] GC(131) Forwarding Usage: 0M
[74.733s][info][gc,heap     ] GC(131) Min Capacity: 4096M(100%)
[74.733s][info][gc,heap     ] GC(131) Max Capacity: 4096M(100%)
[74.733s][info][gc,heap     ] GC(131) Soft Max Capacity: 4096M(100%)
[74.733s][info][gc,heap     ] GC(131)                Mark Start          Mark End        Relocate Start      Relocate End           High               Low         
[74.733s][info][gc,heap     ] GC(131)  Capacity:     4096M (100%)       4096M (100%)       4096M (100%)       4096M (100%)       4096M (100%)       4096M (100%)   
[74.733s][info][gc,heap     ] GC(131)      Free:     1214M (30%)         562M (14%)        3300M (81%)        3322M (81%)        3322M (81%)         538M (13%)    
[74.733s][info][gc,heap     ] GC(131)      Used:     2882M (70%)        3534M (86%)         796M (19%)         774M (19%)        3558M (87%)         774M (19%)    
[74.734s][info][gc,heap     ] GC(131)      Live:         -                95M (2%)           95M (2%)           95M (2%)             -                  -          
[74.734s][info][gc,heap     ] GC(131) Allocated:         -               652M (16%)         676M (17%)         675M (17%)            -                  -          
[74.734s][info][gc,heap     ] GC(131)   Garbage:         -              2786M (68%)          24M (1%)            2M (0%)             -                  -          
[74.734s][info][gc,heap     ] GC(131) Reclaimed:         -                  -              2762M (67%)        2783M (68%)            -                  -          
[74.734s][info][gc          ] GC(131) Garbage Collection (Allocation Rate) 2882M(70%)->774M(19%)
[75.187s][info][gc,start    ] GC(132) Garbage Collection (Allocation Rate)
[75.188s][info][gc,task     ] GC(132) Using 1 workers
[75.188s][info][gc,phases   ] GC(132) Pause Mark Start 0.014ms
[75.326s][info][gc,phases   ] GC(132) Concurrent Mark 138.106ms
[75.326s][info][gc,phases   ] GC(132) Pause Mark End 0.012ms
[75.326s][info][gc,phases   ] GC(132) Concurrent Mark Free 0.001ms
[75.336s][info][gc,phases   ] GC(132) Concurrent Process Non-Strong References 9.725ms
[75.336s][info][gc,phases   ] GC(132) Concurrent Reset Relocation Set 0.003ms
[75.339s][info][gc,phases   ] GC(132) Concurrent Select Relocation Set 3.207ms
[75.339s][info][gc,phases   ] GC(132) Pause Relocate Start 0.010ms
[75.340s][info][gc,phases   ] GC(132) Concurrent Relocate 0.708ms
[75.340s][info][gc,load     ] GC(132) Load: 0.00/0.00/0.00
[75.340s][info][gc,mmu      ] GC(132) MMU: 2ms/97.7%, 5ms/99.1%, 10ms/99.4%, 20ms/99.7%, 50ms/99.9%, 100ms/99.9%
[75.340s][info][gc,marking  ] GC(132) Mark: 1 stripe(s), 2 proactive flush(es), 1 terminate flush(es), 0 completion(s), 0 continuation(s) 
[75.340s][info][gc,marking  ] GC(132) Mark Stack Usage: 32M
[75.340s][info][gc,nmethod  ] GC(132) NMethods: 1366 registered, 34 unregistered
[75.340s][info][gc,metaspace] GC(132) Metaspace: 11M used, 11M committed, 1088M reserved
[75.340s][info][gc,ref      ] GC(132) Soft: 197 encountered, 0 discovered, 0 enqueued
[75.340s][info][gc,ref      ] GC(132) Weak: 695 encountered, 554 discovered, 0 enqueued
[75.340s][info][gc,ref      ] GC(132) Final: 0 encountered, 0 discovered, 0 enqueued
[75.340s][info][gc,ref      ] GC(132) Phantom: 36 encountered, 17 discovered, 0 enqueued
[75.340s][info][gc,reloc    ] GC(132) Small Pages: 1242 / 2484M, Empty: 2346M, Relocated: 3M, In-Place: 0
[75.340s][info][gc,reloc    ] GC(132) Medium Pages: 12 / 384M, Empty: 352M, Relocated: 0M, In-Place: 0
[75.340s][info][gc,reloc    ] GC(132) Large Pages: 1 / 6M, Empty: 0M, Relocated: 0M, In-Place: 0
[75.340s][info][gc,reloc    ] GC(132) Forwarding Usage: 0M
[75.340s][info][gc,heap     ] GC(132) Min Capacity: 4096M(100%)
[75.340s][info][gc,heap     ] GC(132) Max Capacity: 4096M(100%)
[75.340s][info][gc,heap     ] GC(132) Soft Max Capacity: 4096M(100%)
[75.340s][info][gc,heap     ] GC(132)                Mark Start          Mark End        Relocate Start      Relocate End           High               Low         
[75.340s][info][gc,heap     ] GC(132)  Capacity:     4096M (100%)       4096M (100%)       4096M (100%)       4096M (100%)       4096M (100%)       4096M (100%)   
[75.340s][info][gc,heap     ] GC(132)      Free:     1222M (30%)         706M (17%)        3320M (81%)        3362M (82%)        3362M (82%)         638M (16%)    
[75.340s][info][gc,heap     ] GC(132)      Used:     2874M (70%)        3390M (83%)         776M (19%)         734M (18%)        3458M (84%)         734M (18%)    
[75.340s][info][gc,heap     ] GC(132)      Live:         -               100M (2%)          100M (2%)          100M (2%)             -                  -          
[75.340s][info][gc,heap     ] GC(132) Allocated:         -               516M (13%)         600M (15%)         599M (15%)            -                  -          
[75.340s][info][gc,heap     ] GC(132)   Garbage:         -              2773M (68%)          75M (2%)           33M (1%)             -                  -          
[75.340s][info][gc,heap     ] GC(132) Reclaimed:         -                  -              2698M (66%)        2739M (67%)            -                  -          
[75.340s][info][gc          ] GC(132) Garbage Collection (Allocation Rate) 2874M(70%)->734M(18%)
[75.784s][info][gc,start    ] GC(133) Garbage Collection (Allocation Rate)
[75.784s][info][gc,task     ] GC(133) Using 1 workers
[75.784s][info][gc,phases   ] GC(133) Pause Mark Start 0.012ms
[75.924s][info][gc,phases   ] GC(133) Concurrent Mark 139.697ms
[75.924s][info][gc,phases   ] GC(133) Pause Mark End 0.018ms
[75.924s][info][gc,phases   ] GC(133) Concurrent Mark Free 0.001ms
[75.929s][info][gc,phases   ] GC(133) Concurrent Process Non-Strong References 4.306ms
[75.929s][info][gc,phases   ] GC(133) Concurrent Reset Relocation Set 0.006ms
[75.933s][info][gc,phases   ] GC(133) Concurrent Select Relocation Set 4.248ms
[75.933s][info][gc,phases   ] GC(133) Pause Relocate Start 0.020ms
[75.936s][info][gc,phases   ] GC(133) Concurrent Relocate 2.472ms
[75.936s][info][gc,load     ] GC(133) Load: 0.00/0.00/0.00
[75.936s][info][gc,mmu      ] GC(133) MMU: 2ms/97.7%, 5ms/99.1%, 10ms/99.4%, 20ms/99.7%, 50ms/99.9%, 100ms/99.9%
[75.936s][info][gc,marking  ] GC(133) Mark: 1 stripe(s), 2 proactive flush(es), 1 terminate flush(es), 0 completion(s), 0 continuation(s) 
[75.936s][info][gc,marking  ] GC(133) Mark Stack Usage: 32M
[75.936s][info][gc,nmethod  ] GC(133) NMethods: 1366 registered, 34 unregistered
[75.936s][info][gc,metaspace] GC(133) Metaspace: 11M used, 11M committed, 1088M reserved
[75.936s][info][gc,ref      ] GC(133) Soft: 197 encountered, 0 discovered, 0 enqueued
[75.936s][info][gc,ref      ] GC(133) Weak: 695 encountered, 554 discovered, 0 enqueued
[75.936s][info][gc,ref      ] GC(133) Final: 0 encountered, 0 discovered, 0 enqueued
[75.936s][info][gc,ref      ] GC(133) Phantom: 36 encountered, 17 discovered, 0 enqueued
[75.936s][info][gc,reloc    ] GC(133) Small Pages: 1166 / 2332M, Empty: 2220M, Relocated: 1M, In-Place: 0
[75.936s][info][gc,reloc    ] GC(133) Medium Pages: 13 / 416M, Empty: 384M, Relocated: 0M, In-Place: 0
[75.936s][info][gc,reloc    ] GC(133) Large Pages: 1 / 6M, Empty: 0M, Relocated: 0M, In-Place: 0
[75.936s][info][gc,reloc    ] GC(133) Forwarding Usage: 0M
[75.936s][info][gc,heap     ] GC(133) Min Capacity: 4096M(100%)
[75.936s][info][gc,heap     ] GC(133) Max Capacity: 4096M(100%)
[75.936s][info][gc,heap     ] GC(133) Soft Max Capacity: 4096M(100%)
[75.936s][info][gc,heap     ] GC(133)                Mark Start          Mark End        Relocate Start      Relocate End           High               Low         
[75.936s][info][gc,heap     ] GC(133)  Capacity:     4096M (100%)       4096M (100%)       4096M (100%)       4096M (100%)       4096M (100%)       4096M (100%)   
[75.936s][info][gc,heap     ] GC(133)      Free:     1342M (33%)         810M (20%)        3362M (82%)        3368M (82%)        3378M (82%)         784M (19%)    
[75.936s][info][gc,heap     ] GC(133)      Used:     2754M (67%)        3286M (80%)         734M (18%)         728M (18%)        3312M (81%)         718M (18%)    
[75.936s][info][gc,heap     ] GC(133)      Live:         -               100M (2%)          100M (2%)          100M (2%)             -                  -          
[75.936s][info][gc,heap     ] GC(133) Allocated:         -               532M (13%)         584M (14%)         597M (15%)            -                  -          
[75.936s][info][gc,heap     ] GC(133)   Garbage:         -              2653M (65%)          49M (1%)           29M (1%)             -                  -          
[75.936s][info][gc,heap     ] GC(133) Reclaimed:         -                  -              2604M (64%)        2623M (64%)            -                  -          
[75.936s][info][gc          ] GC(133) Garbage Collection (Allocation Rate) 2754M(67%)->728M(18%)
[76.381s][info][gc,start    ] GC(134) Garbage Collection (Allocation Rate)
[76.381s][info][gc,task     ] GC(134) Using 1 workers
[76.381s][info][gc,phases   ] GC(134) Pause Mark Start 0.009ms
[76.534s][info][gc,phases   ] GC(134) Concurrent Mark 153.197ms
[76.534s][info][gc,phases   ] GC(134) Pause Mark End 0.014ms
[76.534s][info][gc,phases   ] GC(134) Concurrent Mark Free 0.002ms
[76.538s][info][gc,phases   ] GC(134) Concurrent Process Non-Strong References 3.639ms
[76.538s][info][gc,phases   ] GC(134) Concurrent Reset Relocation Set 0.002ms
[76.541s][info][gc,phases   ] GC(134) Concurrent Select Relocation Set 2.602ms
[76.541s][info][gc,phases   ] GC(134) Pause Relocate Start 0.009ms
[76.542s][info][gc,phases   ] GC(134) Concurrent Relocate 0.435ms
[76.542s][info][gc,load     ] GC(134) Load: 0.00/0.00/0.00
[76.542s][info][gc,mmu      ] GC(134) MMU: 2ms/97.7%, 5ms/99.1%, 10ms/99.4%, 20ms/99.7%, 50ms/99.9%, 100ms/99.9%
[76.542s][info][gc,marking  ] GC(134) Mark: 1 stripe(s), 2 proactive flush(es), 1 terminate flush(es), 0 completion(s), 0 continuation(s) 
[76.542s][info][gc,marking  ] GC(134) Mark Stack Usage: 32M
[76.542s][info][gc,nmethod  ] GC(134) NMethods: 1366 registered, 34 unregistered
[76.542s][info][gc,metaspace] GC(134) Metaspace: 11M used, 11M committed, 1088M reserved
[76.542s][info][gc,ref      ] GC(134) Soft: 197 encountered, 0 discovered, 0 enqueued
[76.542s][info][gc,ref      ] GC(134) Weak: 695 encountered, 187 discovered, 0 enqueued
[76.542s][info][gc,ref      ] GC(134) Final: 0 encountered, 0 discovered, 0 enqueued
[76.542s][info][gc,ref      ] GC(134) Phantom: 36 encountered, 21 discovered, 0 enqueued
[76.542s][info][gc,reloc    ] GC(134) Small Pages: 1170 / 2340M, Empty: 2194M, Relocated: 1M, In-Place: 0
[76.542s][info][gc,reloc    ] GC(134) Medium Pages: 13 / 416M, Empty: 416M, Relocated: 0M, In-Place: 0
[76.542s][info][gc,reloc    ] GC(134) Large Pages: 1 / 6M, Empty: 0M, Relocated: 0M, In-Place: 0
[76.542s][info][gc,reloc    ] GC(134) Forwarding Usage: 0M
[76.542s][info][gc,heap     ] GC(134) Min Capacity: 4096M(100%)
[76.542s][info][gc,heap     ] GC(134) Max Capacity: 4096M(100%)
[76.542s][info][gc,heap     ] GC(134) Soft Max Capacity: 4096M(100%)
[76.542s][info][gc,heap     ] GC(134)                Mark Start          Mark End        Relocate Start      Relocate End           High               Low         
[76.542s][info][gc,heap     ] GC(134)  Capacity:     4096M (100%)       4096M (100%)       4096M (100%)       4096M (100%)       4096M (100%)       4096M (100%)   
[76.542s][info][gc,heap     ] GC(134)      Free:     1334M (33%)         696M (17%)        3284M (80%)        3336M (81%)        3336M (81%)         676M (17%)    
[76.542s][info][gc,heap     ] GC(134)      Used:     2762M (67%)        3400M (83%)         812M (20%)         760M (19%)        3420M (83%)         760M (19%)    
[76.542s][info][gc,heap     ] GC(134)      Live:         -                97M (2%)           97M (2%)           97M (2%)             -                  -          
[76.542s][info][gc,heap     ] GC(134) Allocated:         -               638M (16%)         660M (16%)         659M (16%)            -                  -          
[76.542s][info][gc,heap     ] GC(134)   Garbage:         -              2664M (65%)          54M (1%)            2M (0%)             -                  -          
[76.542s][info][gc,heap     ] GC(134) Reclaimed:         -                  -              2610M (64%)        2661M (65%)            -                  -          
[76.542s][info][gc          ] GC(134) Garbage Collection (Allocation Rate) 2762M(67%)->760M(19%)
[76.978s][info][gc,start    ] GC(135) Garbage Collection (Allocation Rate)
[76.978s][info][gc,task     ] GC(135) Using 1 workers
[76.978s][info][gc,phases   ] GC(135) Pause Mark Start 0.009ms
[77.119s][info][gc,phases   ] GC(135) Concurrent Mark 140.555ms
[77.119s][info][gc,phases   ] GC(135) Pause Mark End 0.018ms
[77.119s][info][gc,phases   ] GC(135) Concurrent Mark Free 0.002ms
[77.135s][info][gc,phases   ] GC(135) Concurrent Process Non-Strong References 16.044ms
[77.135s][info][gc,phases   ] GC(135) Concurrent Reset Relocation Set 0.003ms
[77.137s][info][gc,phases   ] GC(135) Concurrent Select Relocation Set 2.122ms
[77.137s][info][gc,phases   ] GC(135) Pause Relocate Start 0.011ms
[77.140s][info][gc,phases   ] GC(135) Concurrent Relocate 2.074ms
[77.140s][info][gc,load     ] GC(135) Load: 0.00/0.00/0.00
[77.140s][info][gc,mmu      ] GC(135) MMU: 2ms/97.7%, 5ms/99.1%, 10ms/99.4%, 20ms/99.7%, 50ms/99.9%, 100ms/99.9%
[77.140s][info][gc,marking  ] GC(135) Mark: 1 stripe(s), 2 proactive flush(es), 1 terminate flush(es), 0 completion(s), 0 continuation(s) 
[77.140s][info][gc,marking  ] GC(135) Mark Stack Usage: 32M
[77.140s][info][gc,nmethod  ] GC(135) NMethods: 1366 registered, 34 unregistered
[77.140s][info][gc,metaspace] GC(135) Metaspace: 11M used, 11M committed, 1088M reserved
[77.140s][info][gc,ref      ] GC(135) Soft: 197 encountered, 0 discovered, 0 enqueued
[77.140s][info][gc,ref      ] GC(135) Weak: 695 encountered, 554 discovered, 0 enqueued
[77.140s][info][gc,ref      ] GC(135) Final: 0 encountered, 0 discovered, 0 enqueued
[77.140s][info][gc,ref      ] GC(135) Phantom: 36 encountered, 17 discovered, 0 enqueued
[77.140s][info][gc,reloc    ] GC(135) Small Pages: 1194 / 2388M, Empty: 2260M, Relocated: 4M, In-Place: 0
[77.140s][info][gc,reloc    ] GC(135) Medium Pages: 12 / 384M, Empty: 352M, Relocated: 0M, In-Place: 0
[77.140s][info][gc,reloc    ] GC(135) Large Pages: 1 / 6M, Empty: 0M, Relocated: 0M, In-Place: 0
[77.140s][info][gc,reloc    ] GC(135) Forwarding Usage: 0M
[77.140s][info][gc,heap     ] GC(135) Min Capacity: 4096M(100%)
[77.140s][info][gc,heap     ] GC(135) Max Capacity: 4096M(100%)
[77.140s][info][gc,heap     ] GC(135) Soft Max Capacity: 4096M(100%)
[77.140s][info][gc,heap     ] GC(135)                Mark Start          Mark End        Relocate Start      Relocate End           High               Low         
[77.140s][info][gc,heap     ] GC(135)  Capacity:     4096M (100%)       4096M (100%)       4096M (100%)       4096M (100%)       4096M (100%)       4096M (100%)   
[77.140s][info][gc,heap     ] GC(135)      Free:     1318M (32%)         788M (19%)        3328M (81%)        3360M (82%)        3360M (82%)         716M (17%)    
[77.140s][info][gc,heap     ] GC(135)      Used:     2778M (68%)        3308M (81%)         768M (19%)         736M (18%)        3380M (83%)         736M (18%)    
[77.140s][info][gc,heap     ] GC(135)      Live:         -               102M (2%)          102M (2%)          102M (2%)             -                  -          
[77.140s][info][gc,heap     ] GC(135) Allocated:         -               530M (13%)         602M (15%)         601M (15%)            -                  -          
[77.140s][info][gc,heap     ] GC(135)   Garbage:         -              2675M (65%)          63M (2%)           31M (1%)             -                  -          
[77.140s][info][gc,heap     ] GC(135) Reclaimed:         -                  -              2612M (64%)        2643M (65%)            -                  -          
[77.140s][info][gc          ] GC(135) Garbage Collection (Allocation Rate) 2778M(68%)->736M(18%)
[77.575s][info][gc,start    ] GC(136) Garbage Collection (Allocation Rate)
[77.575s][info][gc,task     ] GC(136) Using 1 workers
[77.575s][info][gc,phases   ] GC(136) Pause Mark Start 0.006ms
[77.811s][info][gc,phases   ] GC(136) Concurrent Mark 235.367ms
[77.811s][info][gc,phases   ] GC(136) Pause Mark End 0.011ms
[77.811s][info][gc,phases   ] GC(136) Concurrent Mark Free 0.001ms
[77.816s][info][gc,phases   ] GC(136) Concurrent Process Non-Strong References 5.658ms
[77.816s][info][gc,phases   ] GC(136) Concurrent Reset Relocation Set 0.004ms
[77.821s][info][gc,phases   ] GC(136) Concurrent Select Relocation Set 4.114ms
[77.821s][info][gc,phases   ] GC(136) Pause Relocate Start 0.013ms
[77.823s][info][gc,phases   ] GC(136) Concurrent Relocate 1.837ms
[77.823s][info][gc,load     ] GC(136) Load: 0.00/0.00/0.00
[77.823s][info][gc,mmu      ] GC(136) MMU: 2ms/97.7%, 5ms/99.1%, 10ms/99.4%, 20ms/99.7%, 50ms/99.9%, 100ms/99.9%
[77.823s][info][gc,marking  ] GC(136) Mark: 1 stripe(s), 2 proactive flush(es), 1 terminate flush(es), 0 completion(s), 0 continuation(s) 
[77.823s][info][gc,marking  ] GC(136) Mark Stack Usage: 32M
[77.823s][info][gc,nmethod  ] GC(136) NMethods: 1366 registered, 34 unregistered
[77.823s][info][gc,metaspace] GC(136) Metaspace: 11M used, 11M committed, 1088M reserved
[77.823s][info][gc,ref      ] GC(136) Soft: 197 encountered, 0 discovered, 0 enqueued
[77.823s][info][gc,ref      ] GC(136) Weak: 695 encountered, 187 discovered, 0 enqueued
[77.823s][info][gc,ref      ] GC(136) Final: 0 encountered, 0 discovered, 0 enqueued
[77.823s][info][gc,ref      ] GC(136) Phantom: 36 encountered, 21 discovered, 0 enqueued
[77.823s][info][gc,reloc    ] GC(136) Small Pages: 1167 / 2334M, Empty: 2200M, Relocated: 1M, In-Place: 0
[77.823s][info][gc,reloc    ] GC(136) Medium Pages: 13 / 416M, Empty: 384M, Relocated: 0M, In-Place: 0
[77.823s][info][gc,reloc    ] GC(136) Large Pages: 1 / 6M, Empty: 0M, Relocated: 0M, In-Place: 0
[77.823s][info][gc,reloc    ] GC(136) Forwarding Usage: 0M
[77.823s][info][gc,heap     ] GC(136) Min Capacity: 4096M(100%)
[77.823s][info][gc,heap     ] GC(136) Max Capacity: 4096M(100%)
[77.823s][info][gc,heap     ] GC(136) Soft Max Capacity: 4096M(100%)
[77.823s][info][gc,heap     ] GC(136)                Mark Start          Mark End        Relocate Start      Relocate End           High               Low         
[77.823s][info][gc,heap     ] GC(136)  Capacity:     4096M (100%)       4096M (100%)       4096M (100%)       4096M (100%)       4096M (100%)       4096M (100%)   
[77.823s][info][gc,heap     ] GC(136)      Free:     1340M (33%)         350M (9%)         2878M (70%)        2916M (71%)        2918M (71%)         318M (8%)     
[77.823s][info][gc,heap     ] GC(136)      Used:     2756M (67%)        3746M (91%)        1218M (30%)        1180M (29%)        3778M (92%)        1178M (29%)    
[77.823s][info][gc,heap     ] GC(136)      Live:         -                99M (2%)           99M (2%)           99M (2%)             -                  -          
[77.823s][info][gc,heap     ] GC(136) Allocated:         -               990M (24%)        1046M (26%)        1049M (26%)            -                  -          
[77.823s][info][gc,heap     ] GC(136)   Garbage:         -              2656M (65%)          72M (2%)           30M (1%)             -                  -          
[77.823s][info][gc,heap     ] GC(136) Reclaimed:         -                  -              2584M (63%)        2625M (64%)            -                  -          
[77.823s][info][gc          ] GC(136) Garbage Collection (Allocation Rate) 2756M(67%)->1180M(29%)
[77.983s][info][gc,start    ] GC(137) Garbage Collection (Allocation Rate)
[77.983s][info][gc,task     ] GC(137) Using 1 workers
[77.984s][info][gc,phases   ] GC(137) Pause Mark Start 0.011ms
[78.210s][info][gc,phases   ] GC(137) Concurrent Mark 226.191ms
[78.210s][info][gc,phases   ] GC(137) Pause Mark End 0.025ms
[78.210s][info][gc,phases   ] GC(137) Concurrent Mark Free 0.002ms
[78.215s][info][gc,phases   ] GC(137) Concurrent Process Non-Strong References 5.271ms
[78.215s][info][gc,phases   ] GC(137) Concurrent Reset Relocation Set 0.003ms
[78.218s][info][gc,phases   ] GC(137) Concurrent Select Relocation Set 2.992ms
[78.219s][info][gc,phases   ] GC(137) Pause Relocate Start 0.077ms
[78.221s][info][gc,phases   ] GC(137) Concurrent Relocate 2.107ms
[78.221s][info][gc,load     ] GC(137) Load: 0.00/0.00/0.00
[78.221s][info][gc,mmu      ] GC(137) MMU: 2ms/96.2%, 5ms/98.5%, 10ms/99.0%, 20ms/99.5%, 50ms/99.8%, 100ms/99.9%
[78.221s][info][gc,marking  ] GC(137) Mark: 1 stripe(s), 2 proactive flush(es), 1 terminate flush(es), 0 completion(s), 0 continuation(s) 
[78.221s][info][gc,marking  ] GC(137) Mark Stack Usage: 32M
[78.221s][info][gc,nmethod  ] GC(137) NMethods: 1366 registered, 34 unregistered
[78.221s][info][gc,metaspace] GC(137) Metaspace: 11M used, 11M committed, 1088M reserved
[78.221s][info][gc,ref      ] GC(137) Soft: 197 encountered, 0 discovered, 0 enqueued
[78.221s][info][gc,ref      ] GC(137) Weak: 695 encountered, 187 discovered, 0 enqueued
[78.221s][info][gc,ref      ] GC(137) Final: 0 encountered, 0 discovered, 0 enqueued
[78.221s][info][gc,ref      ] GC(137) Phantom: 36 encountered, 21 discovered, 0 enqueued
[78.221s][info][gc,reloc    ] GC(137) Small Pages: 791 / 1582M, Empty: 1460M, Relocated: 1M, In-Place: 0
[78.221s][info][gc,reloc    ] GC(137) Medium Pages: 9 / 288M, Empty: 256M, Relocated: 0M, In-Place: 0
[78.221s][info][gc,reloc    ] GC(137) Large Pages: 1 / 6M, Empty: 0M, Relocated: 0M, In-Place: 0
[78.221s][info][gc,reloc    ] GC(137) Forwarding Usage: 0M
[78.221s][info][gc,heap     ] GC(137) Min Capacity: 4096M(100%)
[78.221s][info][gc,heap     ] GC(137) Max Capacity: 4096M(100%)
[78.221s][info][gc,heap     ] GC(137) Soft Max Capacity: 4096M(100%)
[78.221s][info][gc,heap     ] GC(137)                Mark Start          Mark End        Relocate Start      Relocate End           High               Low         
[78.221s][info][gc,heap     ] GC(137)  Capacity:     4096M (100%)       4096M (100%)       4096M (100%)       4096M (100%)       4096M (100%)       4096M (100%)   
[78.221s][info][gc,heap     ] GC(137)      Free:     2220M (54%)        1228M (30%)        2932M (72%)        2952M (72%)        2960M (72%)        1228M (30%)    
[78.221s][info][gc,heap     ] GC(137)      Used:     1876M (46%)        2868M (70%)        1164M (28%)        1144M (28%)        2868M (70%)        1136M (28%)    
[78.221s][info][gc,heap     ] GC(137)      Live:         -                99M (2%)           99M (2%)           99M (2%)             -                  -          
[78.221s][info][gc,heap     ] GC(137) Allocated:         -               992M (24%)        1004M (25%)        1013M (25%)            -                  -          
[78.221s][info][gc,heap     ] GC(137)   Garbage:         -              1776M (43%)          60M (1%)           30M (1%)             -                  -          
[78.221s][info][gc,heap     ] GC(137) Reclaimed:         -                  -              1716M (42%)        1745M (43%)            -                  -          
[78.221s][info][gc          ] GC(137) Garbage Collection (Allocation Rate) 1876M(46%)->1144M(28%)
[78.327s][info][gc,start    ] GC(138) Garbage Collection (System.gc())
[78.327s][info][gc,task     ] GC(138) Using 2 workers
[78.327s][info][gc,phases   ] GC(138) Pause Mark Start 0.008ms
[78.391s][info][gc,phases   ] GC(138) Concurrent Mark 64.195ms
[78.391s][info][gc,phases   ] GC(138) Pause Mark End 0.026ms
[78.391s][info][gc,phases   ] GC(138) Concurrent Mark Free 0.003ms
[78.394s][info][gc,phases   ] GC(138) Concurrent Process Non-Strong References 2.153ms
[78.394s][info][gc,phases   ] GC(138) Concurrent Reset Relocation Set 0.002ms
[78.396s][info][gc,phases   ] GC(138) Concurrent Select Relocation Set 2.373ms
[78.396s][info][gc,phases   ] GC(138) Pause Relocate Start 0.005ms
[78.397s][info][gc,phases   ] GC(138) Concurrent Relocate 0.868ms
[78.397s][info][gc,load     ] GC(138) Load: 0.00/0.00/0.00
[78.397s][info][gc,mmu      ] GC(138) MMU: 2ms/96.2%, 5ms/98.5%, 10ms/99.0%, 20ms/99.5%, 50ms/99.8%, 100ms/99.9%
[78.397s][info][gc,marking  ] GC(138) Mark: 2 stripe(s), 1 proactive flush(es), 1 terminate flush(es), 0 completion(s), 0 continuation(s) 
[78.397s][info][gc,marking  ] GC(138) Mark Stack Usage: 32M
[78.397s][info][gc,nmethod  ] GC(138) NMethods: 1366 registered, 34 unregistered
[78.397s][info][gc,metaspace] GC(138) Metaspace: 11M used, 11M committed, 1088M reserved
[78.397s][info][gc,ref      ] GC(138) Soft: 197 encountered, 0 discovered, 0 enqueued
[78.397s][info][gc,ref      ] GC(138) Weak: 695 encountered, 34 discovered, 0 enqueued
[78.397s][info][gc,ref      ] GC(138) Final: 0 encountered, 0 discovered, 0 enqueued
[78.397s][info][gc,ref      ] GC(138) Phantom: 36 encountered, 14 discovered, 0 enqueued
[78.397s][info][gc,reloc    ] GC(138) Small Pages: 667 / 1334M, Empty: 1234M, Relocated: 1M, In-Place: 0
[78.397s][info][gc,reloc    ] GC(138) Medium Pages: 8 / 256M, Empty: 256M, Relocated: 0M, In-Place: 0
[78.397s][info][gc,reloc    ] GC(138) Large Pages: 1 / 6M, Empty: 0M, Relocated: 0M, In-Place: 0
[78.397s][info][gc,reloc    ] GC(138) Forwarding Usage: 0M
[78.397s][info][gc,heap     ] GC(138) Min Capacity: 4096M(100%)
[78.397s][info][gc,heap     ] GC(138) Max Capacity: 4096M(100%)
[78.397s][info][gc,heap     ] GC(138) Soft Max Capacity: 4096M(100%)
[78.397s][info][gc,heap     ] GC(138)                Mark Start          Mark End        Relocate Start      Relocate End           High               Low         
[78.397s][info][gc,heap     ] GC(138)  Capacity:     4096M (100%)       4096M (100%)       4096M (100%)       4096M (100%)       4096M (100%)       4096M (100%)   
[78.397s][info][gc,heap     ] GC(138)      Free:     2500M (61%)        2500M (61%)        3990M (97%)        3996M (98%)        3996M (98%)        2500M (61%)    
[78.397s][info][gc,heap     ] GC(138)      Used:     1596M (39%)        1596M (39%)         106M (3%)          100M (2%)         1596M (39%)         100M (2%)     
[78.397s][info][gc,heap     ] GC(138)      Live:         -                95M (2%)           95M (2%)           95M (2%)             -                  -          
[78.397s][info][gc,heap     ] GC(138) Allocated:         -                 0M (0%)            0M (0%)            0M (0%)             -                  -          
[78.397s][info][gc,heap     ] GC(138)   Garbage:         -              1500M (37%)          10M (0%)            4M (0%)             -                  -          
[78.397s][info][gc,heap     ] GC(138) Reclaimed:         -                  -              1490M (36%)        1496M (37%)            -                  -          
[78.397s][info][gc          ] GC(138) Garbage Collection (System.gc()) 1596M(39%)->100M(2%)
[78.988s][info][gc,start    ] GC(139) Garbage Collection (Allocation Rate)
[78.989s][info][gc,task     ] GC(139) Using 2 workers
[78.989s][info][gc,phases   ] GC(139) Pause Mark Start 0.016ms
[79.067s][info][gc,phases   ] GC(139) Concurrent Mark 78.295ms
[79.067s][info][gc,phases   ] GC(139) Pause Mark End 0.015ms
[79.068s][info][gc,phases   ] GC(139) Concurrent Mark Free 0.002ms
[79.072s][info][gc,phases   ] GC(139) Concurrent Process Non-Strong References 4.744ms
[79.072s][info][gc,phases   ] GC(139) Concurrent Reset Relocation Set 0.003ms
[79.077s][info][gc,phases   ] GC(139) Concurrent Select Relocation Set 4.912ms
[79.078s][info][gc,phases   ] GC(139) Pause Relocate Start 0.012ms
[79.080s][info][gc,phases   ] GC(139) Concurrent Relocate 2.489ms
[79.080s][info][gc,load     ] GC(139) Load: 0.00/0.00/0.00
[79.080s][info][gc,mmu      ] GC(139) MMU: 2ms/96.2%, 5ms/98.5%, 10ms/99.0%, 20ms/99.5%, 50ms/99.8%, 100ms/99.9%
[79.080s][info][gc,marking  ] GC(139) Mark: 2 stripe(s), 2 proactive flush(es), 1 terminate flush(es), 0 completion(s), 0 continuation(s) 
[79.080s][info][gc,marking  ] GC(139) Mark Stack Usage: 32M
[79.080s][info][gc,nmethod  ] GC(139) NMethods: 1367 registered, 34 unregistered
[79.080s][info][gc,metaspace] GC(139) Metaspace: 11M used, 11M committed, 1088M reserved
[79.080s][info][gc,ref      ] GC(139) Soft: 197 encountered, 0 discovered, 0 enqueued
[79.080s][info][gc,ref      ] GC(139) Weak: 695 encountered, 225 discovered, 0 enqueued
[79.080s][info][gc,ref      ] GC(139) Final: 0 encountered, 0 discovered, 0 enqueued
[79.080s][info][gc,ref      ] GC(139) Phantom: 36 encountered, 24 discovered, 0 enqueued
[79.080s][info][gc,reloc    ] GC(139) Small Pages: 1224 / 2448M, Empty: 2306M, Relocated: 4M, In-Place: 0
[79.080s][info][gc,reloc    ] GC(139) Medium Pages: 12 / 384M, Empty: 384M, Relocated: 0M, In-Place: 0
[79.080s][info][gc,reloc    ] GC(139) Large Pages: 1 / 6M, Empty: 0M, Relocated: 0M, In-Place: 0
[79.080s][info][gc,reloc    ] GC(139) Forwarding Usage: 1M
[79.080s][info][gc,heap     ] GC(139) Min Capacity: 4096M(100%)
[79.080s][info][gc,heap     ] GC(139) Max Capacity: 4096M(100%)
[79.080s][info][gc,heap     ] GC(139) Soft Max Capacity: 4096M(100%)
[79.080s][info][gc,heap     ] GC(139)                Mark Start          Mark End        Relocate Start      Relocate End           High               Low         
[79.080s][info][gc,heap     ] GC(139)  Capacity:     4096M (100%)       4096M (100%)       4096M (100%)       4096M (100%)       4096M (100%)       4096M (100%)   
[79.080s][info][gc,heap     ] GC(139)      Free:     1258M (31%)         964M (24%)        3592M (88%)        3632M (89%)        3638M (89%)         930M (23%)    
[79.080s][info][gc,heap     ] GC(139)      Used:     2838M (69%)        3132M (76%)         504M (12%)         464M (11%)        3166M (77%)         458M (11%)    
[79.080s][info][gc,heap     ] GC(139)      Live:         -                98M (2%)           98M (2%)           98M (2%)             -                  -          
[79.080s][info][gc,heap     ] GC(139) Allocated:         -               294M (7%)          356M (9%)          361M (9%)             -                  -          
[79.080s][info][gc,heap     ] GC(139)   Garbage:         -              2739M (67%)          49M (1%)            3M (0%)             -                  -          
[79.080s][info][gc,heap     ] GC(139) Reclaimed:         -                  -              2690M (66%)        2735M (67%)            -                  -          
[79.080s][info][gc          ] GC(139) Garbage Collection (Allocation Rate) 2838M(69%)->464M(11%)
[79.475s][info][gc,start    ] GC(140) Garbage Collection (Allocation Rate)
[79.475s][info][gc,task     ] GC(140) Using 1 workers
[79.476s][info][gc,phases   ] GC(140) Pause Mark Start 0.009ms
[79.617s][info][gc,phases   ] GC(140) Concurrent Mark 141.758ms
[79.618s][info][gc,phases   ] GC(140) Pause Mark End 0.018ms
[79.618s][info][gc,phases   ] GC(140) Concurrent Mark Free 0.001ms
[79.623s][info][gc,phases   ] GC(140) Concurrent Process Non-Strong References 5.163ms
[79.623s][info][gc,phases   ] GC(140) Concurrent Reset Relocation Set 0.006ms
[79.627s][info][gc,phases   ] GC(140) Concurrent Select Relocation Set 3.679ms
[79.627s][info][gc,phases   ] GC(140) Pause Relocate Start 0.011ms
[79.630s][info][gc,phases   ] GC(140) Concurrent Relocate 2.965ms
[79.630s][info][gc,load     ] GC(140) Load: 0.00/0.00/0.00
[79.630s][info][gc,mmu      ] GC(140) MMU: 2ms/96.2%, 5ms/98.5%, 10ms/99.0%, 20ms/99.5%, 50ms/99.8%, 100ms/99.9%
[79.630s][info][gc,marking  ] GC(140) Mark: 1 stripe(s), 2 proactive flush(es), 1 terminate flush(es), 0 completion(s), 0 continuation(s) 
[79.630s][info][gc,marking  ] GC(140) Mark Stack Usage: 32M
[79.630s][info][gc,nmethod  ] GC(140) NMethods: 1367 registered, 34 unregistered
[79.630s][info][gc,metaspace] GC(140) Metaspace: 11M used, 11M committed, 1088M reserved
[79.630s][info][gc,ref      ] GC(140) Soft: 197 encountered, 0 discovered, 0 enqueued
[79.630s][info][gc,ref      ] GC(140) Weak: 695 encountered, 187 discovered, 0 enqueued
[79.630s][info][gc,ref      ] GC(140) Final: 0 encountered, 0 discovered, 0 enqueued
[79.630s][info][gc,ref      ] GC(140) Phantom: 36 encountered, 21 discovered, 0 enqueued
[79.630s][info][gc,reloc    ] GC(140) Small Pages: 959 / 1918M, Empty: 1768M, Relocated: 4M, In-Place: 0
[79.630s][info][gc,reloc    ] GC(140) Medium Pages: 10 / 320M, Empty: 320M, Relocated: 0M, In-Place: 0
[79.630s][info][gc,reloc    ] GC(140) Large Pages: 1 / 6M, Empty: 0M, Relocated: 0M, In-Place: 0
[79.630s][info][gc,reloc    ] GC(140) Forwarding Usage: 1M
[79.630s][info][gc,heap     ] GC(140) Min Capacity: 4096M(100%)
[79.630s][info][gc,heap     ] GC(140) Max Capacity: 4096M(100%)
[79.630s][info][gc,heap     ] GC(140) Soft Max Capacity: 4096M(100%)
[79.630s][info][gc,heap     ] GC(140)                Mark Start          Mark End        Relocate Start      Relocate End           High               Low         
[79.630s][info][gc,heap     ] GC(140)  Capacity:     4096M (100%)       4096M (100%)       4096M (100%)       4096M (100%)       4096M (100%)       4096M (100%)   
[79.630s][info][gc,heap     ] GC(140)      Free:     1852M (45%)        1266M (31%)        3302M (81%)        3358M (82%)        3358M (82%)        1228M (30%)    
[79.630s][info][gc,heap     ] GC(140)      Used:     2244M (55%)        2830M (69%)         794M (19%)         738M (18%)        2868M (70%)         738M (18%)    
[79.630s][info][gc,heap     ] GC(140)      Live:         -                98M (2%)           98M (2%)           98M (2%)             -                  -          
[79.630s][info][gc,heap     ] GC(140) Allocated:         -               586M (14%)         638M (16%)         637M (16%)            -                  -          
[79.630s][info][gc,heap     ] GC(140)   Garbage:         -              2145M (52%)          57M (1%)            1M (0%)             -                  -          
[79.630s][info][gc,heap     ] GC(140) Reclaimed:         -                  -              2088M (51%)        2143M (52%)            -                  -          
[79.630s][info][gc          ] GC(140) Garbage Collection (Allocation Rate) 2244M(55%)->738M(18%)
[80.088s][info][gc,start    ] GC(141) Garbage Collection (Allocation Rate)
[80.088s][info][gc,task     ] GC(141) Using 1 workers
[80.088s][info][gc,phases   ] GC(141) Pause Mark Start 0.009ms
[80.182s][info][gc,stats    ] === Garbage Collection Statistics =======================================================================================================================
[80.182s][info][gc,stats    ]                                                              Last 10s              Last 10m              Last 10h                Total
[80.182s][info][gc,stats    ]                                                              Avg / Max             Avg / Max             Avg / Max             Avg / Max
[80.182s][info][gc,stats    ]   Collector: Garbage Collection Cycle                    164.253 / 248.188     159.836 / 259.019     159.836 / 259.019     159.836 / 259.019     ms
[80.182s][info][gc,stats    ]  Contention: Mark Segment Reset Contention                     0 / 0                 0 / 2                 0 / 2                 0 / 2           ops/s
[80.182s][info][gc,stats    ]  Contention: Mark SeqNum Reset Contention                      0 / 0                 0 / 2                 0 / 2                 0 / 2           ops/s
[80.182s][info][gc,stats    ]    Critical: Allocation Stall                                  0 / 0                 0 / 0                 0 / 0                 0 / 0           ops/s
[80.182s][info][gc,stats    ]    Critical: Allocation Stall                              0.000 / 0.000         0.000 / 0.000         0.000 / 0.000         0.000 / 0.000       ms
[80.182s][info][gc,stats    ]    Critical: GC Locker Stall                                   0 / 0                 0 / 0                 0 / 0                 0 / 0           ops/s
[80.182s][info][gc,stats    ]    Critical: GC Locker Stall                               0.000 / 0.000         0.000 / 0.000         0.000 / 0.000         0.000 / 0.000       ms
[80.182s][info][gc,stats    ]    Critical: Relocation Stall                                  0 / 0                 0 / 0                 0 / 0                 0 / 0           ops/s
[80.182s][info][gc,stats    ]    Critical: Relocation Stall                              0.000 / 0.000         0.000 / 0.000         0.000 / 0.000         0.000 / 0.000       ms
[80.182s][info][gc,stats    ]      Memory: Allocation Rate                                4380 / 4572           4216 / 4592           4216 / 4592           4216 / 4592        MB/s
[80.182s][info][gc,stats    ]      Memory: Defragment                                        0 / 0                 0 / 0                 0 / 0                 0 / 0           ops/s
[80.182s][info][gc,stats    ]      Memory: Out Of Memory                                     0 / 0                 0 / 0                 0 / 0                 0 / 0           ops/s
[80.182s][info][gc,stats    ]      Memory: Page Cache Flush                                  0 / 0                 0 / 0                 0 / 0                 0 / 0           MB/s
[80.182s][info][gc,stats    ]      Memory: Page Cache Hit L1                              1896 / 2002           1804 / 2002           1804 / 2002           1804 / 2002        ops/s
[80.182s][info][gc,stats    ]      Memory: Page Cache Hit L2                                 0 / 0                 0 / 0                 0 / 0                 0 / 0           ops/s
[80.182s][info][gc,stats    ]      Memory: Page Cache Hit L3                                 0 / 0                21 / 437              21 / 437              21 / 437         ops/s
[80.182s][info][gc,stats    ]      Memory: Page Cache Miss                                   0 / 0                 0 / 1                 0 / 1                 0 / 1           ops/s
[80.182s][info][gc,stats    ]      Memory: Uncommit                                          0 / 0                 0 / 0                 0 / 0                 0 / 0           MB/s
[80.182s][info][gc,stats    ]      Memory: Undo Object Allocation Failed                     0 / 0                 0 / 1                 0 / 1                 0 / 1           ops/s
[80.182s][info][gc,stats    ]      Memory: Undo Object Allocation Succeeded                  2 / 19                7 / 137               7 / 137               7 / 137         ops/s
[80.182s][info][gc,stats    ]      Memory: Undo Page Allocation                              2 / 5                 2 / 7                 2 / 7                 2 / 7           ops/s
[80.182s][info][gc,stats    ]       Phase: Concurrent Mark                             152.575 / 235.367     147.799 / 251.310     147.799 / 251.310     147.799 / 251.310     ms
[80.182s][info][gc,stats    ]       Phase: Concurrent Mark Continue                      0.000 / 0.000         0.000 / 0.000         0.000 / 0.000         0.000 / 0.000       ms
[80.182s][info][gc,stats    ]       Phase: Concurrent Mark Free                          0.001 / 0.003         0.002 / 0.005         0.002 / 0.005         0.002 / 0.005       ms
[80.182s][info][gc,stats    ]       Phase: Concurrent Process Non-Strong References      5.742 / 16.044        5.586 / 24.469        5.586 / 24.469        5.586 / 24.469      ms
[80.182s][info][gc,stats    ]       Phase: Concurrent Relocate                           1.700 / 4.137         2.327 / 57.532        2.327 / 57.532        2.327 / 57.532      ms
[80.182s][info][gc,stats    ]       Phase: Concurrent Reset Relocation Set               0.003 / 0.006         0.004 / 0.026         0.004 / 0.026         0.004 / 0.026       ms
[80.182s][info][gc,stats    ]       Phase: Concurrent Select Relocation Set              3.102 / 4.912         3.072 / 13.885        3.072 / 13.885        3.072 / 13.885      ms
[80.182s][info][gc,stats    ]       Phase: Pause Mark End                                0.016 / 0.026         0.018 / 0.047         0.018 / 0.047         0.018 / 0.047       ms
[80.182s][info][gc,stats    ]       Phase: Pause Mark Start                              0.010 / 0.016         0.010 / 0.025         0.010 / 0.025         0.010 / 0.025       ms
[80.183s][info][gc,stats    ]       Phase: Pause Relocate Start                          0.015 / 0.077         0.012 / 0.077         0.012 / 0.077         0.012 / 0.077       ms
[80.183s][info][gc,stats    ]    Subphase: Concurrent Classes Purge                      0.012 / 0.024         0.020 / 0.208         0.020 / 0.208         0.020 / 0.208       ms
[80.183s][info][gc,stats    ]    Subphase: Concurrent Classes Unlink                     2.913 / 3.609         2.518 / 3.609         2.518 / 3.609         2.518 / 3.609       ms
[80.183s][info][gc,stats    ]    Subphase: Concurrent Mark                             138.032 / 234.647     131.309 / 250.559     131.309 / 250.559     131.309 / 250.559     ms
[80.183s][info][gc,stats    ]    Subphase: Concurrent Mark Try Flush                     0.802 / 17.374        0.938 / 17.896        0.938 / 17.896        0.938 / 17.896      ms
[80.183s][info][gc,stats    ]    Subphase: Concurrent Mark Try Terminate                 1.308 / 17.378        1.580 / 17.378        1.580 / 17.378        1.580 / 17.378      ms
[80.183s][info][gc,stats    ]    Subphase: Concurrent References Enqueue                 0.001 / 0.001         0.001 / 0.015         0.001 / 0.015         0.001 / 0.015       ms
[80.183s][info][gc,stats    ]    Subphase: Concurrent References Process                 0.081 / 0.152         0.080 / 0.207         0.080 / 0.207         0.080 / 0.207       ms
[80.183s][info][gc,stats    ]    Subphase: Concurrent Roots ClassLoaderDataGraph         0.070 / 0.134         0.068 / 0.272         0.068 / 0.272         0.068 / 0.272       ms
[80.183s][info][gc,stats    ]    Subphase: Concurrent Roots CodeCache                    0.000 / 0.000         0.000 / 0.000         0.000 / 0.000         0.000 / 0.000       ms
[80.183s][info][gc,stats    ]    Subphase: Concurrent Roots JavaThreads                  0.565 / 1.135         0.618 / 7.312         0.618 / 7.312         0.618 / 7.312       ms
[80.183s][info][gc,stats    ]    Subphase: Concurrent Roots OopStorageSet                0.028 / 0.053         0.027 / 0.063         0.027 / 0.063         0.027 / 0.063       ms
[80.183s][info][gc,stats    ]    Subphase: Concurrent Weak Roots OopStorageSet           0.177 / 0.230         0.182 / 0.369         0.182 / 0.369         0.182 / 0.369       ms
[80.183s][info][gc,stats    ]    Subphase: Pause Mark Try Complete                       0.000 / 0.000         0.000 / 0.000         0.000 / 0.000         0.000 / 0.000       ms
[80.183s][info][gc,stats    ]      System: Java Threads                                     23 / 23               22 / 23               22 / 23               22 / 23          threads
[80.183s][info][gc,stats    ] =========================================================================================================================================================
[80.299s][info][gc,phases   ] GC(141) Concurrent Mark 211.047ms
[80.300s][info][gc,phases   ] GC(141) Pause Mark End 0.015ms
[80.300s][info][gc,phases   ] GC(141) Concurrent Mark Free 0.001ms
[80.303s][info][gc,phases   ] GC(141) Concurrent Process Non-Strong References 3.660ms
[80.303s][info][gc,phases   ] GC(141) Concurrent Reset Relocation Set 0.003ms
[80.306s][info][gc,phases   ] GC(141) Concurrent Select Relocation Set 2.128ms
[80.306s][info][gc,phases   ] GC(141) Pause Relocate Start 0.008ms
[80.307s][info][gc,phases   ] GC(141) Concurrent Relocate 1.421ms
[80.307s][info][gc,load     ] GC(141) Load: 0.00/0.00/0.00
[80.307s][info][gc,mmu      ] GC(141) MMU: 2ms/96.2%, 5ms/98.5%, 10ms/99.0%, 20ms/99.5%, 50ms/99.8%, 100ms/99.9%
[80.307s][info][gc,marking  ] GC(141) Mark: 1 stripe(s), 2 proactive flush(es), 1 terminate flush(es), 0 completion(s), 0 continuation(s) 
[80.307s][info][gc,marking  ] GC(141) Mark Stack Usage: 32M
[80.307s][info][gc,nmethod  ] GC(141) NMethods: 1367 registered, 34 unregistered
[80.307s][info][gc,metaspace] GC(141) Metaspace: 11M used, 11M committed, 1088M reserved
[80.307s][info][gc,ref      ] GC(141) Soft: 197 encountered, 0 discovered, 0 enqueued
[80.307s][info][gc,ref      ] GC(141) Weak: 695 encountered, 187 discovered, 0 enqueued
[80.307s][info][gc,ref      ] GC(141) Final: 0 encountered, 0 discovered, 0 enqueued
[80.307s][info][gc,ref      ] GC(141) Phantom: 36 encountered, 21 discovered, 0 enqueued
[80.307s][info][gc,reloc    ] GC(141) Small Pages: 1226 / 2452M, Empty: 2330M, Relocated: 0M, In-Place: 0
[80.307s][info][gc,reloc    ] GC(141) Medium Pages: 12 / 384M, Empty: 352M, Relocated: 0M, In-Place: 0
[80.307s][info][gc,reloc    ] GC(141) Large Pages: 1 / 6M, Empty: 0M, Relocated: 0M, In-Place: 0
[80.307s][info][gc,reloc    ] GC(141) Forwarding Usage: 0M
[80.307s][info][gc,heap     ] GC(141) Min Capacity: 4096M(100%)
[80.307s][info][gc,heap     ] GC(141) Max Capacity: 4096M(100%)
[80.307s][info][gc,heap     ] GC(141) Soft Max Capacity: 4096M(100%)
[80.307s][info][gc,heap     ] GC(141)                Mark Start          Mark End        Relocate Start      Relocate End           High               Low         
[80.307s][info][gc,heap     ] GC(141)  Capacity:     4096M (100%)       4096M (100%)       4096M (100%)       4096M (100%)       4096M (100%)       4096M (100%)   
[80.307s][info][gc,heap     ] GC(141)      Free:     1254M (31%)         376M (9%)         3058M (75%)        3086M (75%)        3086M (75%)         376M (9%)     
[80.307s][info][gc,heap     ] GC(141)      Used:     2842M (69%)        3720M (91%)        1038M (25%)        1010M (25%)        3720M (91%)        1010M (25%)    
[80.307s][info][gc,heap     ] GC(141)      Live:         -                99M (2%)           99M (2%)           99M (2%)             -                  -          
[80.307s][info][gc,heap     ] GC(141) Allocated:         -               878M (21%)         878M (21%)         879M (21%)            -                  -          
[80.307s][info][gc,heap     ] GC(141)   Garbage:         -              2742M (67%)          60M (1%)           30M (1%)             -                  -          
[80.307s][info][gc,heap     ] GC(141) Reclaimed:         -                  -              2682M (65%)        2711M (66%)            -                  -          
[80.307s][info][gc          ] GC(141) Garbage Collection (Allocation Rate) 2842M(69%)->1010M(25%)
[80.575s][info][gc,start    ] GC(142) Garbage Collection (Allocation Rate)
[80.575s][info][gc,task     ] GC(142) Using 1 workers
[80.575s][info][gc,phases   ] GC(142) Pause Mark Start 0.012ms
[80.714s][info][gc,phases   ] GC(142) Concurrent Mark 138.895ms
[80.714s][info][gc,phases   ] GC(142) Pause Mark End 0.013ms
[80.714s][info][gc,phases   ] GC(142) Concurrent Mark Free 0.001ms
[80.721s][info][gc,phases   ] GC(142) Concurrent Process Non-Strong References 7.121ms
[80.721s][info][gc,phases   ] GC(142) Concurrent Reset Relocation Set 0.006ms
[80.725s][info][gc,phases   ] GC(142) Concurrent Select Relocation Set 4.027ms
[80.725s][info][gc,phases   ] GC(142) Pause Relocate Start 0.008ms
[80.726s][info][gc,phases   ] GC(142) Concurrent Relocate 0.460ms
[80.726s][info][gc,load     ] GC(142) Load: 0.00/0.00/0.00
[80.726s][info][gc,mmu      ] GC(142) MMU: 2ms/96.2%, 5ms/98.5%, 10ms/99.0%, 20ms/99.5%, 50ms/99.8%, 100ms/99.9%
[80.726s][info][gc,marking  ] GC(142) Mark: 1 stripe(s), 2 proactive flush(es), 1 terminate flush(es), 0 completion(s), 0 continuation(s) 
[80.726s][info][gc,marking  ] GC(142) Mark Stack Usage: 32M
[80.726s][info][gc,nmethod  ] GC(142) NMethods: 1367 registered, 34 unregistered
[80.726s][info][gc,metaspace] GC(142) Metaspace: 11M used, 11M committed, 1088M reserved
[80.726s][info][gc,ref      ] GC(142) Soft: 197 encountered, 0 discovered, 0 enqueued
[80.726s][info][gc,ref      ] GC(142) Weak: 695 encountered, 554 discovered, 0 enqueued
[80.726s][info][gc,ref      ] GC(142) Final: 0 encountered, 0 discovered, 0 enqueued
[80.726s][info][gc,ref      ] GC(142) Phantom: 36 encountered, 17 discovered, 0 enqueued
[80.726s][info][gc,reloc    ] GC(142) Small Pages: 954 / 1908M, Empty: 1784M, Relocated: 1M, In-Place: 0
[80.726s][info][gc,reloc    ] GC(142) Medium Pages: 10 / 320M, Empty: 288M, Relocated: 0M, In-Place: 0
[80.726s][info][gc,reloc    ] GC(142) Large Pages: 1 / 6M, Empty: 0M, Relocated: 0M, In-Place: 0
[80.726s][info][gc,reloc    ] GC(142) Forwarding Usage: 0M
[80.726s][info][gc,heap     ] GC(142) Min Capacity: 4096M(100%)
[80.726s][info][gc,heap     ] GC(142) Max Capacity: 4096M(100%)
[80.726s][info][gc,heap     ] GC(142) Soft Max Capacity: 4096M(100%)
[80.726s][info][gc,heap     ] GC(142)                Mark Start          Mark End        Relocate Start      Relocate End           High               Low         
[80.726s][info][gc,heap     ] GC(142)  Capacity:     4096M (100%)       4096M (100%)       4096M (100%)       4096M (100%)       4096M (100%)       4096M (100%)   
[80.726s][info][gc,heap     ] GC(142)      Free:     1862M (45%)        1344M (33%)        3346M (82%)        3376M (82%)        3376M (82%)        1298M (32%)    
[80.726s][info][gc,heap     ] GC(142)      Used:     2234M (55%)        2752M (67%)         750M (18%)         720M (18%)        2798M (68%)         720M (18%)    
[80.726s][info][gc,heap     ] GC(142)      Live:         -               100M (2%)          100M (2%)          100M (2%)             -                  -          
[80.726s][info][gc,heap     ] GC(142) Allocated:         -               518M (13%)         588M (14%)         588M (14%)            -                  -          
[80.726s][info][gc,heap     ] GC(142)   Garbage:         -              2133M (52%)          61M (1%)           31M (1%)             -                  -          
[80.726s][info][gc,heap     ] GC(142) Reclaimed:         -                  -              2072M (51%)        2102M (51%)            -                  -          
[80.726s][info][gc          ] GC(142) Garbage Collection (Allocation Rate) 2234M(55%)->720M(18%)
[81.077s][info][gc,start    ] GC(143) Garbage Collection (Allocation Rate)
[81.077s][info][gc,task     ] GC(143) Using 1 workers
[81.077s][info][gc,phases   ] GC(143) Pause Mark Start 0.009ms
[81.252s][info][gc,phases   ] GC(143) Concurrent Mark 174.091ms
[81.252s][info][gc,phases   ] GC(143) Pause Mark End 0.016ms
[81.252s][info][gc,phases   ] GC(143) Concurrent Mark Free 0.001ms
[81.257s][info][gc,phases   ] GC(143) Concurrent Process Non-Strong References 4.701ms
[81.257s][info][gc,phases   ] GC(143) Concurrent Reset Relocation Set 0.002ms
[81.260s][info][gc,phases   ] GC(143) Concurrent Select Relocation Set 3.582ms
[81.260s][info][gc,phases   ] GC(143) Pause Relocate Start 0.024ms
[81.265s][info][gc,phases   ] GC(143) Concurrent Relocate 4.035ms
[81.265s][info][gc,load     ] GC(143) Load: 0.00/0.00/0.00
[81.265s][info][gc,mmu      ] GC(143) MMU: 2ms/96.2%, 5ms/98.5%, 10ms/99.0%, 20ms/99.5%, 50ms/99.8%, 100ms/99.9%
[81.265s][info][gc,marking  ] GC(143) Mark: 1 stripe(s), 2 proactive flush(es), 1 terminate flush(es), 0 completion(s), 0 continuation(s) 
[81.265s][info][gc,marking  ] GC(143) Mark Stack Usage: 32M
[81.265s][info][gc,nmethod  ] GC(143) NMethods: 1367 registered, 34 unregistered
[81.265s][info][gc,metaspace] GC(143) Metaspace: 11M used, 11M committed, 1088M reserved
[81.265s][info][gc,ref      ] GC(143) Soft: 197 encountered, 0 discovered, 0 enqueued
[81.265s][info][gc,ref      ] GC(143) Weak: 695 encountered, 187 discovered, 0 enqueued
[81.265s][info][gc,ref      ] GC(143) Final: 0 encountered, 0 discovered, 0 enqueued
[81.265s][info][gc,ref      ] GC(143) Phantom: 36 encountered, 21 discovered, 0 enqueued
[81.265s][info][gc,reloc    ] GC(143) Small Pages: 986 / 1972M, Empty: 1830M, Relocated: 4M, In-Place: 0
[81.265s][info][gc,reloc    ] GC(143) Medium Pages: 11 / 352M, Empty: 352M, Relocated: 0M, In-Place: 0
[81.265s][info][gc,reloc    ] GC(143) Large Pages: 1 / 6M, Empty: 0M, Relocated: 0M, In-Place: 0
[81.265s][info][gc,reloc    ] GC(143) Forwarding Usage: 0M
[81.265s][info][gc,heap     ] GC(143) Min Capacity: 4096M(100%)
[81.265s][info][gc,heap     ] GC(143) Max Capacity: 4096M(100%)
[81.265s][info][gc,heap     ] GC(143) Soft Max Capacity: 4096M(100%)
[81.265s][info][gc,heap     ] GC(143)                Mark Start          Mark End        Relocate Start      Relocate End           High               Low         
[81.265s][info][gc,heap     ] GC(143)  Capacity:     4096M (100%)       4096M (100%)       4096M (100%)       4096M (100%)       4096M (100%)       4096M (100%)   
[81.265s][info][gc,heap     ] GC(143)      Free:     1766M (43%)        1026M (25%)        3188M (78%)        3220M (79%)        3228M (79%)        1026M (25%)    
[81.265s][info][gc,heap     ] GC(143)      Used:     2330M (57%)        3070M (75%)         908M (22%)         876M (21%)        3070M (75%)         868M (21%)    
[81.265s][info][gc,heap     ] GC(143)      Live:         -                99M (2%)           99M (2%)           99M (2%)             -                  -          
[81.265s][info][gc,heap     ] GC(143) Allocated:         -               740M (18%)         760M (19%)         773M (19%)            -                  -          
[81.265s][info][gc,heap     ] GC(143)   Garbage:         -              2230M (54%)          48M (1%)            2M (0%)             -                  -          
[81.265s][info][gc,heap     ] GC(143) Reclaimed:         -                  -              2182M (53%)        2227M (54%)            -                  -          
[81.265s][info][gc          ] GC(143) Garbage Collection (Allocation Rate) 2330M(57%)->876M(21%)
[81.674s][info][gc,start    ] GC(144) Garbage Collection (Allocation Rate)
[81.674s][info][gc,task     ] GC(144) Using 1 workers
[81.674s][info][gc,phases   ] GC(144) Pause Mark Start 0.009ms
[81.908s][info][gc,phases   ] GC(144) Concurrent Mark 233.740ms
[81.908s][info][gc,phases   ] GC(144) Pause Mark End 0.011ms
[81.908s][info][gc,phases   ] GC(144) Concurrent Mark Free 0.001ms
[81.917s][info][gc,phases   ] GC(144) Concurrent Process Non-Strong References 8.160ms
[81.917s][info][gc,phases   ] GC(144) Concurrent Reset Relocation Set 0.006ms
[81.921s][info][gc,phases   ] GC(144) Concurrent Select Relocation Set 4.164ms
[81.921s][info][gc,phases   ] GC(144) Pause Relocate Start 0.013ms
[81.923s][info][gc,phases   ] GC(144) Concurrent Relocate 1.934ms
[81.923s][info][gc,load     ] GC(144) Load: 0.00/0.00/0.00
[81.923s][info][gc,mmu      ] GC(144) MMU: 2ms/96.2%, 5ms/98.5%, 10ms/99.0%, 20ms/99.5%, 50ms/99.8%, 100ms/99.9%
[81.923s][info][gc,marking  ] GC(144) Mark: 1 stripe(s), 2 proactive flush(es), 1 terminate flush(es), 0 completion(s), 0 continuation(s) 
[81.923s][info][gc,marking  ] GC(144) Mark Stack Usage: 32M
[81.923s][info][gc,nmethod  ] GC(144) NMethods: 1367 registered, 34 unregistered
[81.923s][info][gc,metaspace] GC(144) Metaspace: 11M used, 11M committed, 1088M reserved
[81.923s][info][gc,ref      ] GC(144) Soft: 197 encountered, 0 discovered, 0 enqueued
[81.923s][info][gc,ref      ] GC(144) Weak: 695 encountered, 187 discovered, 0 enqueued
[81.923s][info][gc,ref      ] GC(144) Final: 0 encountered, 0 discovered, 0 enqueued
[81.923s][info][gc,ref      ] GC(144) Phantom: 36 encountered, 21 discovered, 0 enqueued
[81.923s][info][gc,reloc    ] GC(144) Small Pages: 1177 / 2354M, Empty: 2230M, Relocated: 0M, In-Place: 0
[81.923s][info][gc,reloc    ] GC(144) Medium Pages: 12 / 384M, Empty: 352M, Relocated: 0M, In-Place: 0
[81.923s][info][gc,reloc    ] GC(144) Large Pages: 1 / 6M, Empty: 0M, Relocated: 0M, In-Place: 0
[81.923s][info][gc,reloc    ] GC(144) Forwarding Usage: 0M
[81.923s][info][gc,heap     ] GC(144) Min Capacity: 4096M(100%)
[81.923s][info][gc,heap     ] GC(144) Max Capacity: 4096M(100%)
[81.923s][info][gc,heap     ] GC(144) Soft Max Capacity: 4096M(100%)
[81.923s][info][gc,heap     ] GC(144)                Mark Start          Mark End        Relocate Start      Relocate End           High               Low         
[81.923s][info][gc,heap     ] GC(144)  Capacity:     4096M (100%)       4096M (100%)       4096M (100%)       4096M (100%)       4096M (100%)       4096M (100%)   
[81.923s][info][gc,heap     ] GC(144)      Free:     1352M (33%)         360M (9%)         2866M (70%)        2894M (71%)        2894M (71%)         308M (8%)     
[81.923s][info][gc,heap     ] GC(144)      Used:     2744M (67%)        3736M (91%)        1230M (30%)        1202M (29%)        3788M (92%)        1202M (29%)    
[81.923s][info][gc,heap     ] GC(144)      Live:         -                99M (2%)           99M (2%)           99M (2%)             -                  -          
[81.923s][info][gc,heap     ] GC(144) Allocated:         -               992M (24%)        1068M (26%)        1071M (26%)            -                  -          
[81.923s][info][gc,heap     ] GC(144)   Garbage:         -              2644M (65%)          62M (2%)           30M (1%)             -                  -          
[81.923s][info][gc,heap     ] GC(144) Reclaimed:         -                  -              2582M (63%)        2613M (64%)            -                  -          
[81.923s][info][gc          ] GC(144) Garbage Collection (Allocation Rate) 2744M(67%)->1202M(29%)
[82.177s][info][gc,start    ] GC(145) Garbage Collection (Allocation Rate)
[82.177s][info][gc,task     ] GC(145) Using 1 workers
[82.177s][info][gc,phases   ] GC(145) Pause Mark Start 0.013ms
[82.352s][info][gc,phases   ] GC(145) Concurrent Mark 174.547ms
[82.352s][info][gc,phases   ] GC(145) Pause Mark End 0.015ms
[82.352s][info][gc,phases   ] GC(145) Concurrent Mark Free 0.001ms
[82.359s][info][gc,phases   ] GC(145) Concurrent Process Non-Strong References 7.104ms
[82.359s][info][gc,phases   ] GC(145) Concurrent Reset Relocation Set 0.005ms
[82.363s][info][gc,phases   ] GC(145) Concurrent Select Relocation Set 3.880ms
[82.363s][info][gc,phases   ] GC(145) Pause Relocate Start 0.008ms
[82.367s][info][gc,phases   ] GC(145) Concurrent Relocate 3.079ms
[82.367s][info][gc,load     ] GC(145) Load: 0.00/0.00/0.00
[82.367s][info][gc,mmu      ] GC(145) MMU: 2ms/96.2%, 5ms/98.5%, 10ms/99.0%, 20ms/99.5%, 50ms/99.8%, 100ms/99.9%
[82.367s][info][gc,marking  ] GC(145) Mark: 1 stripe(s), 2 proactive flush(es), 1 terminate flush(es), 0 completion(s), 0 continuation(s) 
[82.367s][info][gc,marking  ] GC(145) Mark Stack Usage: 32M
[82.367s][info][gc,nmethod  ] GC(145) NMethods: 1367 registered, 34 unregistered
[82.367s][info][gc,metaspace] GC(145) Metaspace: 11M used, 11M committed, 1088M reserved
[82.367s][info][gc,ref      ] GC(145) Soft: 197 encountered, 0 discovered, 0 enqueued
[82.367s][info][gc,ref      ] GC(145) Weak: 695 encountered, 554 discovered, 0 enqueued
[82.367s][info][gc,ref      ] GC(145) Final: 0 encountered, 0 discovered, 0 enqueued
[82.367s][info][gc,ref      ] GC(145) Phantom: 36 encountered, 17 discovered, 0 enqueued
[82.367s][info][gc,reloc    ] GC(145) Small Pages: 998 / 1996M, Empty: 1884M, Relocated: 1M, In-Place: 0
[82.367s][info][gc,reloc    ] GC(145) Medium Pages: 11 / 352M, Empty: 320M, Relocated: 0M, In-Place: 0
[82.367s][info][gc,reloc    ] GC(145) Large Pages: 1 / 6M, Empty: 0M, Relocated: 0M, In-Place: 0
[82.367s][info][gc,reloc    ] GC(145) Forwarding Usage: 0M
[82.367s][info][gc,heap     ] GC(145) Min Capacity: 4096M(100%)
[82.367s][info][gc,heap     ] GC(145) Max Capacity: 4096M(100%)
[82.367s][info][gc,heap     ] GC(145) Soft Max Capacity: 4096M(100%)
[82.367s][info][gc,heap     ] GC(145)                Mark Start          Mark End        Relocate Start      Relocate End           High               Low         
[82.367s][info][gc,heap     ] GC(145)  Capacity:     4096M (100%)       4096M (100%)       4096M (100%)       4096M (100%)       4096M (100%)       4096M (100%)   
[82.367s][info][gc,heap     ] GC(145)      Free:     1742M (43%)        1062M (26%)        3206M (78%)        3204M (78%)        3220M (79%)        1024M (25%)    
[82.367s][info][gc,heap     ] GC(145)      Used:     2354M (57%)        3034M (74%)         890M (22%)         892M (22%)        3072M (75%)         876M (21%)    
[82.367s][info][gc,heap     ] GC(145)      Live:         -               101M (2%)          101M (2%)          101M (2%)             -                  -          
[82.367s][info][gc,heap     ] GC(145) Allocated:         -               680M (17%)         740M (18%)         761M (19%)            -                  -          
[82.367s][info][gc,heap     ] GC(145)   Garbage:         -              2252M (55%)          48M (1%)           28M (1%)             -                  -          
[82.367s][info][gc,heap     ] GC(145) Reclaimed:         -                  -              2204M (54%)        2223M (54%)            -                  -          
[82.367s][info][gc          ] GC(145) Garbage Collection (Allocation Rate) 2354M(57%)->892M(22%)
[82.679s][info][gc,start    ] GC(146) Garbage Collection (Allocation Rate)
[82.679s][info][gc,task     ] GC(146) Using 1 workers
[82.680s][info][gc,phases   ] GC(146) Pause Mark Start 0.008ms
[82.822s][info][gc,phases   ] GC(146) Concurrent Mark 142.688ms
[82.822s][info][gc,phases   ] GC(146) Pause Mark End 0.012ms
[82.822s][info][gc,phases   ] GC(146) Concurrent Mark Free 0.001ms
[82.824s][info][gc,phases   ] GC(146) Concurrent Process Non-Strong References 1.960ms
[82.824s][info][gc,phases   ] GC(146) Concurrent Reset Relocation Set 0.001ms
[82.826s][info][gc,phases   ] GC(146) Concurrent Select Relocation Set 1.446ms
[82.826s][info][gc,phases   ] GC(146) Pause Relocate Start 0.006ms
[82.828s][info][gc,phases   ] GC(146) Concurrent Relocate 1.795ms
[82.828s][info][gc,load     ] GC(146) Load: 0.00/0.00/0.00
[82.828s][info][gc,mmu      ] GC(146) MMU: 2ms/96.2%, 5ms/98.5%, 10ms/99.0%, 20ms/99.5%, 50ms/99.8%, 100ms/99.9%
[82.828s][info][gc,marking  ] GC(146) Mark: 1 stripe(s), 2 proactive flush(es), 1 terminate flush(es), 0 completion(s), 0 continuation(s) 
[82.828s][info][gc,marking  ] GC(146) Mark Stack Usage: 32M
[82.828s][info][gc,nmethod  ] GC(146) NMethods: 1367 registered, 34 unregistered
[82.828s][info][gc,metaspace] GC(146) Metaspace: 11M used, 11M committed, 1088M reserved
[82.828s][info][gc,ref      ] GC(146) Soft: 197 encountered, 0 discovered, 0 enqueued
[82.828s][info][gc,ref      ] GC(146) Weak: 695 encountered, 187 discovered, 0 enqueued
[82.828s][info][gc,ref      ] GC(146) Final: 0 encountered, 0 discovered, 0 enqueued
[82.828s][info][gc,ref      ] GC(146) Phantom: 36 encountered, 21 discovered, 0 enqueued
[82.828s][info][gc,reloc    ] GC(146) Small Pages: 972 / 1944M, Empty: 1804M, Relocated: 3M, In-Place: 0
[82.828s][info][gc,reloc    ] GC(146) Medium Pages: 11 / 352M, Empty: 352M, Relocated: 0M, In-Place: 0
[82.828s][info][gc,reloc    ] GC(146) Large Pages: 1 / 6M, Empty: 0M, Relocated: 0M, In-Place: 0
[82.828s][info][gc,reloc    ] GC(146) Forwarding Usage: 0M
[82.828s][info][gc,heap     ] GC(146) Min Capacity: 4096M(100%)
[82.828s][info][gc,heap     ] GC(146) Max Capacity: 4096M(100%)
[82.828s][info][gc,heap     ] GC(146) Soft Max Capacity: 4096M(100%)
[82.828s][info][gc,heap     ] GC(146)                Mark Start          Mark End        Relocate Start      Relocate End           High               Low         
[82.828s][info][gc,heap     ] GC(146)  Capacity:     4096M (100%)       4096M (100%)       4096M (100%)       4096M (100%)       4096M (100%)       4096M (100%)   
[82.828s][info][gc,heap     ] GC(146)      Free:     1794M (44%)        1428M (35%)        3584M (88%)        3630M (89%)        3630M (89%)        1428M (35%)    
[82.828s][info][gc,heap     ] GC(146)      Used:     2302M (56%)        2668M (65%)         512M (12%)         466M (11%)        2668M (65%)         466M (11%)    
[82.828s][info][gc,heap     ] GC(146)      Live:         -                98M (2%)           98M (2%)           98M (2%)             -                  -          
[82.828s][info][gc,heap     ] GC(146) Allocated:         -               366M (9%)          366M (9%)          366M (9%)             -                  -          
[82.828s][info][gc,heap     ] GC(146)   Garbage:         -              2203M (54%)          47M (1%)            1M (0%)             -                  -          
[82.828s][info][gc,heap     ] GC(146) Reclaimed:         -                  -              2156M (53%)        2202M (54%)            -                  -          
[82.828s][info][gc          ] GC(146) Garbage Collection (Allocation Rate) 2302M(56%)->466M(11%)
[82.828s][info][gc,start    ] GC(147) Garbage Collection (System.gc())
[82.828s][info][gc,task     ] GC(147) Using 2 workers
[82.829s][info][gc,phases   ] GC(147) Pause Mark Start 0.005ms
[82.883s][info][gc,phases   ] GC(147) Concurrent Mark 54.842ms
[82.884s][info][gc,phases   ] GC(147) Pause Mark End 0.023ms
[82.884s][info][gc,phases   ] GC(147) Concurrent Mark Free 0.003ms
[82.886s][info][gc,phases   ] GC(147) Concurrent Process Non-Strong References 2.208ms
[82.886s][info][gc,phases   ] GC(147) Concurrent Reset Relocation Set 0.002ms
[82.887s][info][gc,phases   ] GC(147) Concurrent Select Relocation Set 1.376ms
[82.888s][info][gc,phases   ] GC(147) Pause Relocate Start 0.005ms
[82.888s][info][gc,phases   ] GC(147) Concurrent Relocate 0.602ms
[82.888s][info][gc,load     ] GC(147) Load: 0.00/0.00/0.00
[82.888s][info][gc,mmu      ] GC(147) MMU: 2ms/96.2%, 5ms/98.5%, 10ms/99.0%, 20ms/99.5%, 50ms/99.8%, 100ms/99.9%
[82.888s][info][gc,marking  ] GC(147) Mark: 2 stripe(s), 2 proactive flush(es), 1 terminate flush(es), 0 completion(s), 0 continuation(s) 
[82.888s][info][gc,marking  ] GC(147) Mark Stack Usage: 32M
[82.888s][info][gc,nmethod  ] GC(147) NMethods: 1367 registered, 34 unregistered
[82.888s][info][gc,metaspace] GC(147) Metaspace: 11M used, 11M committed, 1088M reserved
[82.888s][info][gc,ref      ] GC(147) Soft: 197 encountered, 0 discovered, 0 enqueued
[82.888s][info][gc,ref      ] GC(147) Weak: 695 encountered, 238 discovered, 0 enqueued
[82.888s][info][gc,ref      ] GC(147) Final: 0 encountered, 0 discovered, 0 enqueued
[82.888s][info][gc,ref      ] GC(147) Phantom: 36 encountered, 16 discovered, 0 enqueued
[82.888s][info][gc,reloc    ] GC(147) Small Pages: 198 / 396M, Empty: 300M, Relocated: 0M, In-Place: 0
[82.888s][info][gc,reloc    ] GC(147) Medium Pages: 2 / 64M, Empty: 64M, Relocated: 0M, In-Place: 0
[82.888s][info][gc,reloc    ] GC(147) Large Pages: 1 / 6M, Empty: 0M, Relocated: 0M, In-Place: 0
[82.888s][info][gc,reloc    ] GC(147) Forwarding Usage: 0M
[82.888s][info][gc,heap     ] GC(147) Min Capacity: 4096M(100%)
[82.888s][info][gc,heap     ] GC(147) Max Capacity: 4096M(100%)
[82.888s][info][gc,heap     ] GC(147) Soft Max Capacity: 4096M(100%)
[82.888s][info][gc,heap     ] GC(147)                Mark Start          Mark End        Relocate Start      Relocate End           High               Low         
[82.888s][info][gc,heap     ] GC(147)  Capacity:     4096M (100%)       4096M (100%)       4096M (100%)       4096M (100%)       4096M (100%)       4096M (100%)   
[82.888s][info][gc,heap     ] GC(147)      Free:     3630M (89%)        3630M (89%)        3994M (98%)        3996M (98%)        3996M (98%)        3630M (89%)    
[82.888s][info][gc,heap     ] GC(147)      Used:      466M (11%)         466M (11%)         102M (2%)          100M (2%)          466M (11%)         100M (2%)     
[82.888s][info][gc,heap     ] GC(147)      Live:         -                95M (2%)           95M (2%)           95M (2%)             -                  -          
[82.888s][info][gc,heap     ] GC(147) Allocated:         -                 0M (0%)            0M (0%)            0M (0%)             -                  -          
[82.888s][info][gc,heap     ] GC(147)   Garbage:         -               370M (9%)            6M (0%)            4M (0%)             -                  -          
[82.888s][info][gc,heap     ] GC(147) Reclaimed:         -                  -               364M (9%)          366M (9%)             -                  -          
[82.888s][info][gc          ] GC(147) Garbage Collection (System.gc()) 466M(11%)->100M(2%)
[83.480s][info][gc,start    ] GC(148) Garbage Collection (Allocation Rate)
[83.481s][info][gc,task     ] GC(148) Using 1 workers
[83.481s][info][gc,phases   ] GC(148) Pause Mark Start 0.010ms
[83.643s][info][gc,phases   ] GC(148) Concurrent Mark 162.114ms
[83.643s][info][gc,phases   ] GC(148) Pause Mark End 0.015ms
[83.643s][info][gc,phases   ] GC(148) Concurrent Mark Free 0.001ms
[83.652s][info][gc,phases   ] GC(148) Concurrent Process Non-Strong References 8.739ms
[83.652s][info][gc,phases   ] GC(148) Concurrent Reset Relocation Set 0.002ms
[83.656s][info][gc,phases   ] GC(148) Concurrent Select Relocation Set 3.843ms
[83.656s][info][gc,phases   ] GC(148) Pause Relocate Start 0.018ms
[83.660s][info][gc,phases   ] GC(148) Concurrent Relocate 3.588ms
[83.660s][info][gc,load     ] GC(148) Load: 0.00/0.00/0.00
[83.660s][info][gc,mmu      ] GC(148) MMU: 2ms/96.2%, 5ms/98.5%, 10ms/99.0%, 20ms/99.5%, 50ms/99.8%, 100ms/99.9%
[83.660s][info][gc,marking  ] GC(148) Mark: 1 stripe(s), 2 proactive flush(es), 1 terminate flush(es), 0 completion(s), 0 continuation(s) 
[83.660s][info][gc,marking  ] GC(148) Mark Stack Usage: 32M
[83.660s][info][gc,nmethod  ] GC(148) NMethods: 1368 registered, 35 unregistered
[83.660s][info][gc,metaspace] GC(148) Metaspace: 11M used, 11M committed, 1088M reserved
[83.660s][info][gc,ref      ] GC(148) Soft: 197 encountered, 0 discovered, 0 enqueued
[83.660s][info][gc,ref      ] GC(148) Weak: 695 encountered, 187 discovered, 0 enqueued
[83.660s][info][gc,ref      ] GC(148) Final: 0 encountered, 0 discovered, 0 enqueued
[83.660s][info][gc,ref      ] GC(148) Phantom: 36 encountered, 21 discovered, 0 enqueued
[83.660s][info][gc,reloc    ] GC(148) Small Pages: 1224 / 2448M, Empty: 2314M, Relocated: 4M, In-Place: 0
[83.660s][info][gc,reloc    ] GC(148) Medium Pages: 12 / 384M, Empty: 384M, Relocated: 0M, In-Place: 0
[83.660s][info][gc,reloc    ] GC(148) Large Pages: 1 / 6M, Empty: 0M, Relocated: 0M, In-Place: 0
[83.660s][info][gc,reloc    ] GC(148) Forwarding Usage: 1M
[83.660s][info][gc,heap     ] GC(148) Min Capacity: 4096M(100%)
[83.660s][info][gc,heap     ] GC(148) Max Capacity: 4096M(100%)
[83.660s][info][gc,heap     ] GC(148) Soft Max Capacity: 4096M(100%)
[83.660s][info][gc,heap     ] GC(148)                Mark Start          Mark End        Relocate Start      Relocate End           High               Low         
[83.660s][info][gc,heap     ] GC(148)  Capacity:     4096M (100%)       4096M (100%)       4096M (100%)       4096M (100%)       4096M (100%)       4096M (100%)   
[83.660s][info][gc,heap     ] GC(148)      Free:     1258M (31%)         616M (15%)        3236M (79%)        3242M (79%)        3272M (80%)         562M (14%)    
[83.660s][info][gc,heap     ] GC(148)      Used:     2838M (69%)        3480M (85%)         860M (21%)         854M (21%)        3534M (86%)         824M (20%)    
[83.660s][info][gc,heap     ] GC(148)      Live:         -                98M (2%)           98M (2%)           98M (2%)             -                  -          
[83.660s][info][gc,heap     ] GC(148) Allocated:         -               642M (16%)         720M (18%)         753M (18%)            -                  -          
[83.660s][info][gc,heap     ] GC(148)   Garbage:         -              2739M (67%)          41M (1%)            1M (0%)             -                  -          
[83.660s][info][gc,heap     ] GC(148) Reclaimed:         -                  -              2698M (66%)        2737M (67%)            -                  -          
[83.660s][info][gc          ] GC(148) Garbage Collection (Allocation Rate) 2838M(69%)->854M(21%)
[83.983s][info][gc,start    ] GC(149) Garbage Collection (Allocation Rate)
[83.983s][info][gc,task     ] GC(149) Using 1 workers
[83.984s][info][gc,phases   ] GC(149) Pause Mark Start 0.015ms
[84.143s][info][gc,phases   ] GC(149) Concurrent Mark 158.824ms
[84.143s][info][gc,phases   ] GC(149) Pause Mark End 0.012ms
[84.143s][info][gc,phases   ] GC(149) Concurrent Mark Free 0.001ms
[84.154s][info][gc,phases   ] GC(149) Concurrent Process Non-Strong References 10.954ms
[84.154s][info][gc,phases   ] GC(149) Concurrent Reset Relocation Set 0.008ms
[84.158s][info][gc,phases   ] GC(149) Concurrent Select Relocation Set 3.799ms
[84.158s][info][gc,phases   ] GC(149) Pause Relocate Start 0.012ms
[84.159s][info][gc,phases   ] GC(149) Concurrent Relocate 0.883ms
[84.159s][info][gc,load     ] GC(149) Load: 0.00/0.00/0.00
[84.159s][info][gc,mmu      ] GC(149) MMU: 2ms/96.2%, 5ms/98.5%, 10ms/99.0%, 20ms/99.5%, 50ms/99.8%, 100ms/99.9%
[84.159s][info][gc,marking  ] GC(149) Mark: 1 stripe(s), 2 proactive flush(es), 1 terminate flush(es), 0 completion(s), 0 continuation(s) 
[84.159s][info][gc,marking  ] GC(149) Mark Stack Usage: 32M
[84.159s][info][gc,nmethod  ] GC(149) NMethods: 1368 registered, 35 unregistered
[84.159s][info][gc,metaspace] GC(149) Metaspace: 11M used, 11M committed, 1088M reserved
[84.159s][info][gc,ref      ] GC(149) Soft: 197 encountered, 0 discovered, 0 enqueued
[84.159s][info][gc,ref      ] GC(149) Weak: 695 encountered, 187 discovered, 0 enqueued
[84.159s][info][gc,ref      ] GC(149) Final: 0 encountered, 0 discovered, 0 enqueued
[84.159s][info][gc,ref      ] GC(149) Phantom: 36 encountered, 21 discovered, 0 enqueued
[84.159s][info][gc,reloc    ] GC(149) Small Pages: 990 / 1980M, Empty: 1830M, Relocated: 2M, In-Place: 0
[84.159s][info][gc,reloc    ] GC(149) Medium Pages: 10 / 320M, Empty: 320M, Relocated: 0M, In-Place: 0
[84.159s][info][gc,reloc    ] GC(149) Large Pages: 1 / 6M, Empty: 0M, Relocated: 0M, In-Place: 0
[84.159s][info][gc,reloc    ] GC(149) Forwarding Usage: 0M
[84.159s][info][gc,heap     ] GC(149) Min Capacity: 4096M(100%)
[84.159s][info][gc,heap     ] GC(149) Max Capacity: 4096M(100%)
[84.159s][info][gc,heap     ] GC(149) Soft Max Capacity: 4096M(100%)
[84.159s][info][gc,heap     ] GC(149)                Mark Start          Mark End        Relocate Start      Relocate End           High               Low         
[84.159s][info][gc,heap     ] GC(149)  Capacity:     4096M (100%)       4096M (100%)       4096M (100%)       4096M (100%)       4096M (100%)       4096M (100%)   
[84.159s][info][gc,heap     ] GC(149)      Free:     1790M (44%)        1136M (28%)        3170M (77%)        3224M (79%)        3224M (79%)        1070M (26%)    
[84.159s][info][gc,heap     ] GC(149)      Used:     2306M (56%)        2960M (72%)         926M (23%)         872M (21%)        3026M (74%)         872M (21%)    
[84.159s][info][gc,heap     ] GC(149)      Live:         -                97M (2%)           97M (2%)           97M (2%)             -                  -          
[84.159s][info][gc,heap     ] GC(149) Allocated:         -               654M (16%)         770M (19%)         771M (19%)            -                  -          
[84.159s][info][gc,heap     ] GC(149)   Garbage:         -              2208M (54%)          58M (1%)            2M (0%)             -                  -          
[84.159s][info][gc,heap     ] GC(149) Reclaimed:         -                  -              2150M (52%)        2205M (54%)            -                  -          
[84.159s][info][gc          ] GC(149) Garbage Collection (Allocation Rate) 2306M(56%)->872M(21%)
[84.486s][info][gc,start    ] GC(150) Garbage Collection (Allocation Rate)
[84.487s][info][gc,task     ] GC(150) Using 1 workers
[84.487s][info][gc,phases   ] GC(150) Pause Mark Start 0.011ms
[84.637s][info][gc,phases   ] GC(150) Concurrent Mark 150.512ms
[84.637s][info][gc,phases   ] GC(150) Pause Mark End 0.012ms
[84.637s][info][gc,phases   ] GC(150) Concurrent Mark Free 0.002ms
[84.641s][info][gc,phases   ] GC(150) Concurrent Process Non-Strong References 3.685ms
[84.641s][info][gc,phases   ] GC(150) Concurrent Reset Relocation Set 0.004ms
[84.644s][info][gc,phases   ] GC(150) Concurrent Select Relocation Set 2.893ms
[84.644s][info][gc,phases   ] GC(150) Pause Relocate Start 0.010ms
[84.645s][info][gc,phases   ] GC(150) Concurrent Relocate 0.682ms
[84.645s][info][gc,load     ] GC(150) Load: 0.00/0.00/0.00
[84.645s][info][gc,mmu      ] GC(150) MMU: 2ms/96.2%, 5ms/98.5%, 10ms/99.0%, 20ms/99.5%, 50ms/99.8%, 100ms/99.9%
[84.645s][info][gc,marking  ] GC(150) Mark: 1 stripe(s), 2 proactive flush(es), 1 terminate flush(es), 0 completion(s), 0 continuation(s) 
[84.645s][info][gc,marking  ] GC(150) Mark Stack Usage: 32M
[84.645s][info][gc,nmethod  ] GC(150) NMethods: 1368 registered, 35 unregistered
[84.645s][info][gc,metaspace] GC(150) Metaspace: 11M used, 11M committed, 1088M reserved
[84.645s][info][gc,ref      ] GC(150) Soft: 197 encountered, 0 discovered, 0 enqueued
[84.645s][info][gc,ref      ] GC(150) Weak: 695 encountered, 187 discovered, 0 enqueued
[84.645s][info][gc,ref      ] GC(150) Final: 0 encountered, 0 discovered, 0 enqueued
[84.645s][info][gc,ref      ] GC(150) Phantom: 36 encountered, 21 discovered, 0 enqueued
[84.645s][info][gc,reloc    ] GC(150) Small Pages: 991 / 1982M, Empty: 1860M, Relocated: 1M, In-Place: 0
[84.645s][info][gc,reloc    ] GC(150) Medium Pages: 10 / 320M, Empty: 320M, Relocated: 0M, In-Place: 0
[84.645s][info][gc,reloc    ] GC(150) Large Pages: 1 / 6M, Empty: 0M, Relocated: 0M, In-Place: 0
[84.645s][info][gc,reloc    ] GC(150) Forwarding Usage: 0M
[84.645s][info][gc,heap     ] GC(150) Min Capacity: 4096M(100%)
[84.645s][info][gc,heap     ] GC(150) Max Capacity: 4096M(100%)
[84.645s][info][gc,heap     ] GC(150) Soft Max Capacity: 4096M(100%)
[84.645s][info][gc,heap     ] GC(150)                Mark Start          Mark End        Relocate Start      Relocate End           High               Low         
[84.645s][info][gc,heap     ] GC(150)  Capacity:     4096M (100%)       4096M (100%)       4096M (100%)       4096M (100%)       4096M (100%)       4096M (100%)   
[84.645s][info][gc,heap     ] GC(150)      Free:     1788M (44%)        1130M (28%)        3294M (80%)        3324M (81%)        3324M (81%)        1114M (27%)    
[84.645s][info][gc,heap     ] GC(150)      Used:     2308M (56%)        2966M (72%)         802M (20%)         772M (19%)        2982M (73%)         772M (19%)    
[84.645s][info][gc,heap     ] GC(150)      Live:         -                96M (2%)           96M (2%)           96M (2%)             -                  -          
[84.645s][info][gc,heap     ] GC(150) Allocated:         -               658M (16%)         674M (16%)         673M (16%)            -                  -          
[84.645s][info][gc,heap     ] GC(150)   Garbage:         -              2211M (54%)          31M (1%)            1M (0%)             -                  -          
[84.645s][info][gc,heap     ] GC(150) Reclaimed:         -                  -              2180M (53%)        2209M (54%)            -                  -          
[84.645s][info][gc          ] GC(150) Garbage Collection (Allocation Rate) 2308M(56%)->772M(19%)
[85.083s][info][gc,start    ] GC(151) Garbage Collection (Allocation Rate)
[85.083s][info][gc,task     ] GC(151) Using 1 workers
[85.083s][info][gc,phases   ] GC(151) Pause Mark Start 0.027ms
[85.312s][info][gc,phases   ] GC(151) Concurrent Mark 229.142ms
[85.312s][info][gc,phases   ] GC(151) Pause Mark End 0.014ms
[85.312s][info][gc,phases   ] GC(151) Concurrent Mark Free 0.002ms
[85.316s][info][gc,phases   ] GC(151) Concurrent Process Non-Strong References 3.510ms
[85.316s][info][gc,phases   ] GC(151) Concurrent Reset Relocation Set 0.003ms
[85.319s][info][gc,phases   ] GC(151) Concurrent Select Relocation Set 2.567ms
[85.319s][info][gc,phases   ] GC(151) Pause Relocate Start 0.010ms
[85.319s][info][gc,phases   ] GC(151) Concurrent Relocate 0.603ms
[85.319s][info][gc,load     ] GC(151) Load: 0.00/0.00/0.00
[85.320s][info][gc,mmu      ] GC(151) MMU: 2ms/96.2%, 5ms/98.5%, 10ms/99.0%, 20ms/99.5%, 50ms/99.8%, 100ms/99.9%
[85.320s][info][gc,marking  ] GC(151) Mark: 1 stripe(s), 2 proactive flush(es), 1 terminate flush(es), 0 completion(s), 0 continuation(s) 
[85.320s][info][gc,marking  ] GC(151) Mark Stack Usage: 32M
[85.320s][info][gc,nmethod  ] GC(151) NMethods: 1368 registered, 35 unregistered
[85.320s][info][gc,metaspace] GC(151) Metaspace: 11M used, 11M committed, 1088M reserved
[85.320s][info][gc,ref      ] GC(151) Soft: 197 encountered, 0 discovered, 0 enqueued
[85.320s][info][gc,ref      ] GC(151) Weak: 695 encountered, 187 discovered, 0 enqueued
[85.320s][info][gc,ref      ] GC(151) Final: 0 encountered, 0 discovered, 0 enqueued
[85.320s][info][gc,ref      ] GC(151) Phantom: 36 encountered, 21 discovered, 0 enqueued
[85.320s][info][gc,reloc    ] GC(151) Small Pages: 1201 / 2402M, Empty: 2276M, Relocated: 0M, In-Place: 0
[85.320s][info][gc,reloc    ] GC(151) Medium Pages: 12 / 384M, Empty: 352M, Relocated: 0M, In-Place: 0
[85.320s][info][gc,reloc    ] GC(151) Large Pages: 1 / 6M, Empty: 0M, Relocated: 0M, In-Place: 0
[85.320s][info][gc,reloc    ] GC(151) Forwarding Usage: 0M
[85.320s][info][gc,heap     ] GC(151) Min Capacity: 4096M(100%)
[85.320s][info][gc,heap     ] GC(151) Max Capacity: 4096M(100%)
[85.320s][info][gc,heap     ] GC(151) Soft Max Capacity: 4096M(100%)
[85.320s][info][gc,heap     ] GC(151)                Mark Start          Mark End        Relocate Start      Relocate End           High               Low         
[85.320s][info][gc,heap     ] GC(151)  Capacity:     4096M (100%)       4096M (100%)       4096M (100%)       4096M (100%)       4096M (100%)       4096M (100%)   
[85.320s][info][gc,heap     ] GC(151)      Free:     1304M (32%)         360M (9%)         2940M (72%)        2974M (73%)        2974M (73%)         346M (8%)     
[85.320s][info][gc,heap     ] GC(151)      Used:     2792M (68%)        3736M (91%)        1156M (28%)        1122M (27%)        3750M (92%)        1122M (27%)    
[85.320s][info][gc,heap     ] GC(151)      Live:         -                99M (2%)           99M (2%)           99M (2%)             -                  -          
[85.320s][info][gc,heap     ] GC(151) Allocated:         -               944M (23%)         992M (24%)         991M (24%)            -                  -          
[85.320s][info][gc,heap     ] GC(151)   Garbage:         -              2692M (66%)          64M (2%)           30M (1%)             -                  -          
[85.320s][info][gc,heap     ] GC(151) Reclaimed:         -                  -              2628M (64%)        2661M (65%)            -                  -          
[85.320s][info][gc          ] GC(151) Garbage Collection (Allocation Rate) 2792M(68%)->1122M(27%)
[85.585s][info][gc,start    ] GC(152) Garbage Collection (Allocation Rate)
[85.585s][info][gc,task     ] GC(152) Using 1 workers
[85.585s][info][gc,phases   ] GC(152) Pause Mark Start 0.009ms
[85.727s][info][gc,phases   ] GC(152) Concurrent Mark 141.306ms
[85.727s][info][gc,phases   ] GC(152) Pause Mark End 0.015ms
[85.727s][info][gc,phases   ] GC(152) Concurrent Mark Free 0.002ms
[85.731s][info][gc,phases   ] GC(152) Concurrent Process Non-Strong References 4.515ms
[85.731s][info][gc,phases   ] GC(152) Concurrent Reset Relocation Set 0.004ms
[85.735s][info][gc,phases   ] GC(152) Concurrent Select Relocation Set 3.624ms
[85.735s][info][gc,phases   ] GC(152) Pause Relocate Start 0.012ms
[85.737s][info][gc,phases   ] GC(152) Concurrent Relocate 1.347ms
[85.737s][info][gc,load     ] GC(152) Load: 0.00/0.00/0.00
[85.737s][info][gc,mmu      ] GC(152) MMU: 2ms/96.2%, 5ms/98.5%, 10ms/99.0%, 20ms/99.5%, 50ms/99.8%, 100ms/99.9%
[85.737s][info][gc,marking  ] GC(152) Mark: 1 stripe(s), 2 proactive flush(es), 1 terminate flush(es), 0 completion(s), 0 continuation(s) 
[85.737s][info][gc,marking  ] GC(152) Mark Stack Usage: 32M
[85.737s][info][gc,nmethod  ] GC(152) NMethods: 1368 registered, 35 unregistered
[85.737s][info][gc,metaspace] GC(152) Metaspace: 11M used, 11M committed, 1088M reserved
[85.737s][info][gc,ref      ] GC(152) Soft: 197 encountered, 0 discovered, 0 enqueued
[85.737s][info][gc,ref      ] GC(152) Weak: 695 encountered, 187 discovered, 0 enqueued
[85.737s][info][gc,ref      ] GC(152) Final: 0 encountered, 0 discovered, 0 enqueued
[85.737s][info][gc,ref      ] GC(152) Phantom: 36 encountered, 21 discovered, 0 enqueued
[85.737s][info][gc,reloc    ] GC(152) Small Pages: 971 / 1942M, Empty: 1810M, Relocated: 2M, In-Place: 0
[85.737s][info][gc,reloc    ] GC(152) Medium Pages: 11 / 352M, Empty: 352M, Relocated: 0M, In-Place: 0
[85.737s][info][gc,reloc    ] GC(152) Large Pages: 1 / 6M, Empty: 0M, Relocated: 0M, In-Place: 0
[85.737s][info][gc,reloc    ] GC(152) Forwarding Usage: 0M
[85.737s][info][gc,heap     ] GC(152) Min Capacity: 4096M(100%)
[85.737s][info][gc,heap     ] GC(152) Max Capacity: 4096M(100%)
[85.737s][info][gc,heap     ] GC(152) Soft Max Capacity: 4096M(100%)
[85.737s][info][gc,heap     ] GC(152)                Mark Start          Mark End        Relocate Start      Relocate End           High               Low         
[85.737s][info][gc,heap     ] GC(152)  Capacity:     4096M (100%)       4096M (100%)       4096M (100%)       4096M (100%)       4096M (100%)       4096M (100%)   
[85.737s][info][gc,heap     ] GC(152)      Free:     1796M (44%)        1202M (29%)        3314M (81%)        3350M (82%)        3350M (82%)        1174M (29%)    
[85.737s][info][gc,heap     ] GC(152)      Used:     2300M (56%)        2894M (71%)         782M (19%)         746M (18%)        2922M (71%)         746M (18%)    
[85.737s][info][gc,heap     ] GC(152)      Live:         -                97M (2%)           97M (2%)           97M (2%)             -                  -          
[85.737s][info][gc,heap     ] GC(152) Allocated:         -               594M (15%)         644M (16%)         645M (16%)            -                  -          
[85.737s][info][gc,heap     ] GC(152)   Garbage:         -              2202M (54%)          40M (1%)            2M (0%)             -                  -          
[85.737s][info][gc,heap     ] GC(152) Reclaimed:         -                  -              2162M (53%)        2199M (54%)            -                  -          
[85.737s][info][gc          ] GC(152) Garbage Collection (Allocation Rate) 2300M(56%)->746M(18%)
[86.087s][info][gc,start    ] GC(153) Garbage Collection (Allocation Rate)
[86.087s][info][gc,task     ] GC(153) Using 1 workers
[86.087s][info][gc,phases   ] GC(153) Pause Mark Start 0.018ms
[86.229s][info][gc,phases   ] GC(153) Concurrent Mark 141.763ms
[86.232s][info][gc,phases   ] GC(153) Pause Mark End 0.017ms
[86.232s][info][gc,phases   ] GC(153) Concurrent Mark Free 0.001ms
[86.236s][info][gc,phases   ] GC(153) Concurrent Process Non-Strong References 4.088ms
[86.236s][info][gc,phases   ] GC(153) Concurrent Reset Relocation Set 0.004ms
[86.239s][info][gc,phases   ] GC(153) Concurrent Select Relocation Set 3.276ms
[86.239s][info][gc,phases   ] GC(153) Pause Relocate Start 0.009ms
[86.241s][info][gc,phases   ] GC(153) Concurrent Relocate 1.624ms
[86.241s][info][gc,load     ] GC(153) Load: 0.00/0.00/0.00
[86.241s][info][gc,mmu      ] GC(153) MMU: 2ms/96.2%, 5ms/98.5%, 10ms/99.0%, 20ms/99.5%, 50ms/99.8%, 100ms/99.9%
[86.241s][info][gc,marking  ] GC(153) Mark: 1 stripe(s), 2 proactive flush(es), 1 terminate flush(es), 0 completion(s), 0 continuation(s) 
[86.241s][info][gc,marking  ] GC(153) Mark Stack Usage: 32M
[86.241s][info][gc,nmethod  ] GC(153) NMethods: 1368 registered, 35 unregistered
[86.241s][info][gc,metaspace] GC(153) Metaspace: 11M used, 11M committed, 1088M reserved
[86.241s][info][gc,ref      ] GC(153) Soft: 197 encountered, 0 discovered, 0 enqueued
[86.241s][info][gc,ref      ] GC(153) Weak: 695 encountered, 554 discovered, 0 enqueued
[86.241s][info][gc,ref      ] GC(153) Final: 0 encountered, 0 discovered, 0 enqueued
[86.241s][info][gc,ref      ] GC(153) Phantom: 36 encountered, 17 discovered, 0 enqueued
[86.241s][info][gc,reloc    ] GC(153) Small Pages: 1007 / 2014M, Empty: 1874M, Relocated: 4M, In-Place: 0
[86.241s][info][gc,reloc    ] GC(153) Medium Pages: 10 / 320M, Empty: 320M, Relocated: 0M, In-Place: 0
[86.241s][info][gc,reloc    ] GC(153) Large Pages: 1 / 6M, Empty: 0M, Relocated: 0M, In-Place: 0
[86.241s][info][gc,reloc    ] GC(153) Forwarding Usage: 0M
[86.241s][info][gc,heap     ] GC(153) Min Capacity: 4096M(100%)
[86.241s][info][gc,heap     ] GC(153) Max Capacity: 4096M(100%)
[86.241s][info][gc,heap     ] GC(153) Soft Max Capacity: 4096M(100%)
[86.241s][info][gc,heap     ] GC(153)                Mark Start          Mark End        Relocate Start      Relocate End           High               Low         
[86.241s][info][gc,heap     ] GC(153)  Capacity:     4096M (100%)       4096M (100%)       4096M (100%)       4096M (100%)       4096M (100%)       4096M (100%)   
[86.241s][info][gc,heap     ] GC(153)      Free:     1756M (43%)        1166M (28%)        3318M (81%)        3362M (82%)        3362M (82%)        1136M (28%)    
[86.241s][info][gc,heap     ] GC(153)      Used:     2340M (57%)        2930M (72%)         778M (19%)         734M (18%)        2960M (72%)         734M (18%)    
[86.241s][info][gc,heap     ] GC(153)      Live:         -                99M (2%)           99M (2%)           99M (2%)             -                  -          
[86.241s][info][gc,heap     ] GC(153) Allocated:         -               590M (14%)         632M (15%)         631M (15%)            -                  -          
[86.241s][info][gc,heap     ] GC(153)   Garbage:         -              2240M (55%)          46M (1%)            2M (0%)             -                  -          
[86.241s][info][gc,heap     ] GC(153) Reclaimed:         -                  -              2194M (54%)        2237M (55%)            -                  -          
[86.241s][info][gc          ] GC(153) Garbage Collection (Allocation Rate) 2340M(57%)->734M(18%)
[86.684s][info][gc,start    ] GC(154) Garbage Collection (Allocation Rate)
[86.684s][info][gc,task     ] GC(154) Using 1 workers
[86.684s][info][gc,phases   ] GC(154) Pause Mark Start 0.013ms
[86.880s][info][gc,phases   ] GC(154) Concurrent Mark 196.450ms
[86.880s][info][gc,phases   ] GC(154) Pause Mark End 0.014ms
[86.881s][info][gc,phases   ] GC(154) Concurrent Mark Free 0.001ms
[86.884s][info][gc,phases   ] GC(154) Concurrent Process Non-Strong References 3.123ms
[86.884s][info][gc,phases   ] GC(154) Concurrent Reset Relocation Set 0.006ms
[86.888s][info][gc,phases   ] GC(154) Concurrent Select Relocation Set 4.127ms
[86.888s][info][gc,phases   ] GC(154) Pause Relocate Start 0.018ms
[86.889s][info][gc,phases   ] GC(154) Concurrent Relocate 0.704ms
[86.889s][info][gc,load     ] GC(154) Load: 0.00/0.00/0.00
[86.889s][info][gc,mmu      ] GC(154) MMU: 2ms/96.2%, 5ms/98.5%, 10ms/99.0%, 20ms/99.5%, 50ms/99.8%, 100ms/99.9%
[86.889s][info][gc,marking  ] GC(154) Mark: 1 stripe(s), 2 proactive flush(es), 1 terminate flush(es), 0 completion(s), 0 continuation(s) 
[86.889s][info][gc,marking  ] GC(154) Mark Stack Usage: 32M
[86.889s][info][gc,nmethod  ] GC(154) NMethods: 1368 registered, 35 unregistered
[86.889s][info][gc,metaspace] GC(154) Metaspace: 11M used, 11M committed, 1088M reserved
[86.889s][info][gc,ref      ] GC(154) Soft: 197 encountered, 0 discovered, 0 enqueued
[86.889s][info][gc,ref      ] GC(154) Weak: 695 encountered, 187 discovered, 0 enqueued
[86.889s][info][gc,ref      ] GC(154) Final: 0 encountered, 0 discovered, 0 enqueued
[86.889s][info][gc,ref      ] GC(154) Phantom: 36 encountered, 21 discovered, 0 enqueued
[86.889s][info][gc,reloc    ] GC(154) Small Pages: 1180 / 2360M, Empty: 2234M, Relocated: 0M, In-Place: 0
[86.889s][info][gc,reloc    ] GC(154) Medium Pages: 12 / 384M, Empty: 352M, Relocated: 0M, In-Place: 0
[86.889s][info][gc,reloc    ] GC(154) Large Pages: 1 / 6M, Empty: 0M, Relocated: 0M, In-Place: 0
[86.889s][info][gc,reloc    ] GC(154) Forwarding Usage: 0M
[86.889s][info][gc,heap     ] GC(154) Min Capacity: 4096M(100%)
[86.889s][info][gc,heap     ] GC(154) Max Capacity: 4096M(100%)
[86.889s][info][gc,heap     ] GC(154) Soft Max Capacity: 4096M(100%)
[86.889s][info][gc,heap     ] GC(154)                Mark Start          Mark End        Relocate Start      Relocate End           High               Low         
[86.889s][info][gc,heap     ] GC(154)  Capacity:     4096M (100%)       4096M (100%)       4096M (100%)       4096M (100%)       4096M (100%)       4096M (100%)   
[86.889s][info][gc,heap     ] GC(154)      Free:     1346M (33%)         554M (14%)        3102M (76%)        3132M (76%)        3132M (76%)         538M (13%)    
[86.889s][info][gc,heap     ] GC(154)      Used:     2750M (67%)        3542M (86%)         994M (24%)         964M (24%)        3558M (87%)         964M (24%)    
[86.889s][info][gc,heap     ] GC(154)      Live:         -                99M (2%)           99M (2%)           99M (2%)             -                  -          
[86.889s][info][gc,heap     ] GC(154) Allocated:         -               792M (19%)         830M (20%)         833M (20%)            -                  -          
[86.889s][info][gc,heap     ] GC(154)   Garbage:         -              2650M (65%)          64M (2%)           30M (1%)             -                  -          
[86.889s][info][gc,heap     ] GC(154) Reclaimed:         -                  -              2586M (63%)        2619M (64%)            -                  -          
[86.889s][info][gc          ] GC(154) Garbage Collection (Allocation Rate) 2750M(67%)->964M(24%)
[87.186s][info][gc,start    ] GC(155) Garbage Collection (Allocation Rate)
[87.186s][info][gc,task     ] GC(155) Using 1 workers
[87.186s][info][gc,phases   ] GC(155) Pause Mark Start 0.010ms
[87.321s][info][gc,phases   ] GC(155) Concurrent Mark 134.651ms
[87.321s][info][gc,phases   ] GC(155) Pause Mark End 0.011ms
[87.321s][info][gc,phases   ] GC(155) Concurrent Mark Free 0.002ms
[87.323s][info][gc,phases   ] GC(155) Concurrent Process Non-Strong References 2.337ms
[87.323s][info][gc,phases   ] GC(155) Concurrent Reset Relocation Set 0.002ms
[87.325s][info][gc,phases   ] GC(155) Concurrent Select Relocation Set 1.604ms
[87.325s][info][gc,phases   ] GC(155) Pause Relocate Start 0.006ms
[87.326s][info][gc,phases   ] GC(155) Concurrent Relocate 0.562ms
[87.326s][info][gc,load     ] GC(155) Load: 0.00/0.00/0.00
[87.326s][info][gc,mmu      ] GC(155) MMU: 2ms/96.2%, 5ms/98.5%, 10ms/99.0%, 20ms/99.5%, 50ms/99.8%, 100ms/99.9%
[87.326s][info][gc,marking  ] GC(155) Mark: 1 stripe(s), 2 proactive flush(es), 1 terminate flush(es), 0 completion(s), 0 continuation(s) 
[87.326s][info][gc,marking  ] GC(155) Mark Stack Usage: 32M
[87.326s][info][gc,nmethod  ] GC(155) NMethods: 1368 registered, 35 unregistered
[87.326s][info][gc,metaspace] GC(155) Metaspace: 11M used, 11M committed, 1088M reserved
[87.326s][info][gc,ref      ] GC(155) Soft: 197 encountered, 0 discovered, 0 enqueued
[87.326s][info][gc,ref      ] GC(155) Weak: 695 encountered, 554 discovered, 0 enqueued
[87.326s][info][gc,ref      ] GC(155) Final: 0 encountered, 0 discovered, 0 enqueued
[87.326s][info][gc,ref      ] GC(155) Phantom: 36 encountered, 17 discovered, 0 enqueued
[87.326s][info][gc,reloc    ] GC(155) Small Pages: 993 / 1986M, Empty: 1848M, Relocated: 3M, In-Place: 0
[87.326s][info][gc,reloc    ] GC(155) Medium Pages: 11 / 352M, Empty: 320M, Relocated: 0M, In-Place: 0
[87.326s][info][gc,reloc    ] GC(155) Large Pages: 1 / 6M, Empty: 0M, Relocated: 0M, In-Place: 0
[87.326s][info][gc,reloc    ] GC(155) Forwarding Usage: 0M
[87.326s][info][gc,heap     ] GC(155) Min Capacity: 4096M(100%)
[87.326s][info][gc,heap     ] GC(155) Max Capacity: 4096M(100%)
[87.326s][info][gc,heap     ] GC(155) Soft Max Capacity: 4096M(100%)
[87.326s][info][gc,heap     ] GC(155)                Mark Start          Mark End        Relocate Start      Relocate End           High               Low         
[87.326s][info][gc,heap     ] GC(155)  Capacity:     4096M (100%)       4096M (100%)       4096M (100%)       4096M (100%)       4096M (100%)       4096M (100%)   
[87.326s][info][gc,heap     ] GC(155)      Free:     1752M (43%)        1510M (37%)        3678M (90%)        3720M (91%)        3720M (91%)        1510M (37%)    
[87.326s][info][gc,heap     ] GC(155)      Used:     2344M (57%)        2586M (63%)         418M (10%)         376M (9%)         2586M (63%)         376M (9%)     
[87.326s][info][gc,heap     ] GC(155)      Live:         -               100M (2%)          100M (2%)          100M (2%)             -                  -          
[87.326s][info][gc,heap     ] GC(155) Allocated:         -               242M (6%)          242M (6%)          242M (6%)             -                  -          
[87.326s][info][gc,heap     ] GC(155)   Garbage:         -              2243M (55%)          75M (2%)           33M (1%)             -                  -          
[87.326s][info][gc,heap     ] GC(155) Reclaimed:         -                  -              2168M (53%)        2210M (54%)            -                  -          
[87.326s][info][gc          ] GC(155) Garbage Collection (Allocation Rate) 2344M(57%)->376M(9%)
[87.326s][info][gc,start    ] GC(156) Garbage Collection (System.gc())
[87.326s][info][gc,task     ] GC(156) Using 2 workers
[87.326s][info][gc,phases   ] GC(156) Pause Mark Start 0.005ms
[87.390s][info][gc,phases   ] GC(156) Concurrent Mark 64.042ms
[87.390s][info][gc,phases   ] GC(156) Pause Mark End 0.023ms
[87.390s][info][gc,phases   ] GC(156) Concurrent Mark Free 0.003ms
[87.393s][info][gc,phases   ] GC(156) Concurrent Process Non-Strong References 2.081ms
[87.393s][info][gc,phases   ] GC(156) Concurrent Reset Relocation Set 0.002ms
[87.394s][info][gc,phases   ] GC(156) Concurrent Select Relocation Set 1.520ms
[87.394s][info][gc,phases   ] GC(156) Pause Relocate Start 0.005ms
[87.395s][info][gc,phases   ] GC(156) Concurrent Relocate 0.378ms
[87.395s][info][gc,load     ] GC(156) Load: 0.00/0.00/0.00
[87.395s][info][gc,mmu      ] GC(156) MMU: 2ms/96.2%, 5ms/98.5%, 10ms/99.0%, 20ms/99.5%, 50ms/99.8%, 100ms/99.9%
[87.395s][info][gc,marking  ] GC(156) Mark: 2 stripe(s), 1 proactive flush(es), 1 terminate flush(es), 0 completion(s), 0 continuation(s) 
[87.395s][info][gc,marking  ] GC(156) Mark Stack Usage: 32M
[87.395s][info][gc,nmethod  ] GC(156) NMethods: 1368 registered, 35 unregistered
[87.395s][info][gc,metaspace] GC(156) Metaspace: 11M used, 11M committed, 1088M reserved
[87.395s][info][gc,ref      ] GC(156) Soft: 197 encountered, 0 discovered, 0 enqueued
[87.395s][info][gc,ref      ] GC(156) Weak: 695 encountered, 5 discovered, 0 enqueued
[87.395s][info][gc,ref      ] GC(156) Final: 0 encountered, 0 discovered, 0 enqueued
[87.395s][info][gc,ref      ] GC(156) Phantom: 36 encountered, 16 discovered, 0 enqueued
[87.395s][info][gc,reloc    ] GC(156) Small Pages: 137 / 274M, Empty: 178M, Relocated: 0M, In-Place: 0
[87.395s][info][gc,reloc    ] GC(156) Medium Pages: 3 / 96M, Empty: 96M, Relocated: 0M, In-Place: 0
[87.395s][info][gc,reloc    ] GC(156) Large Pages: 1 / 6M, Empty: 0M, Relocated: 0M, In-Place: 0
[87.395s][info][gc,reloc    ] GC(156) Forwarding Usage: 0M
[87.395s][info][gc,heap     ] GC(156) Min Capacity: 4096M(100%)
[87.395s][info][gc,heap     ] GC(156) Max Capacity: 4096M(100%)
[87.395s][info][gc,heap     ] GC(156) Soft Max Capacity: 4096M(100%)
[87.395s][info][gc,heap     ] GC(156)                Mark Start          Mark End        Relocate Start      Relocate End           High               Low         
[87.395s][info][gc,heap     ] GC(156)  Capacity:     4096M (100%)       4096M (100%)       4096M (100%)       4096M (100%)       4096M (100%)       4096M (100%)   
[87.395s][info][gc,heap     ] GC(156)      Free:     3720M (91%)        3720M (91%)        3994M (98%)        3996M (98%)        3996M (98%)        3720M (91%)    
[87.395s][info][gc,heap     ] GC(156)      Used:      376M (9%)          376M (9%)          102M (2%)          100M (2%)          376M (9%)          100M (2%)     
[87.395s][info][gc,heap     ] GC(156)      Live:         -                95M (2%)           95M (2%)           95M (2%)             -                  -          
[87.395s][info][gc,heap     ] GC(156) Allocated:         -                 0M (0%)            0M (0%)            0M (0%)             -                  -          
[87.395s][info][gc,heap     ] GC(156)   Garbage:         -               280M (7%)            6M (0%)            4M (0%)             -                  -          
[87.395s][info][gc,heap     ] GC(156) Reclaimed:         -                  -               274M (7%)          276M (7%)             -                  -          
[87.395s][info][gc          ] GC(156) Garbage Collection (System.gc()) 376M(9%)->100M(2%)
[87.987s][info][gc,start    ] GC(157) Garbage Collection (Allocation Rate)
[87.987s][info][gc,task     ] GC(157) Using 1 workers
[87.988s][info][gc,phases   ] GC(157) Pause Mark Start 0.013ms
[88.134s][info][gc,phases   ] GC(157) Concurrent Mark 145.937ms
[88.134s][info][gc,phases   ] GC(157) Pause Mark End 0.022ms
[88.134s][info][gc,phases   ] GC(157) Concurrent Mark Free 0.002ms
[88.138s][info][gc,phases   ] GC(157) Concurrent Process Non-Strong References 3.799ms
[88.138s][info][gc,phases   ] GC(157) Concurrent Reset Relocation Set 0.003ms
[88.140s][info][gc,phases   ] GC(157) Concurrent Select Relocation Set 2.626ms
[88.141s][info][gc,phases   ] GC(157) Pause Relocate Start 0.011ms
[88.142s][info][gc,phases   ] GC(157) Concurrent Relocate 1.498ms
[88.142s][info][gc,load     ] GC(157) Load: 0.00/0.00/0.00
[88.142s][info][gc,mmu      ] GC(157) MMU: 2ms/96.2%, 5ms/98.5%, 10ms/99.0%, 20ms/99.5%, 50ms/99.8%, 100ms/99.9%
[88.142s][info][gc,marking  ] GC(157) Mark: 1 stripe(s), 2 proactive flush(es), 1 terminate flush(es), 0 completion(s), 0 continuation(s) 
[88.142s][info][gc,marking  ] GC(157) Mark Stack Usage: 32M
[88.142s][info][gc,nmethod  ] GC(157) NMethods: 1369 registered, 35 unregistered
[88.142s][info][gc,metaspace] GC(157) Metaspace: 11M used, 11M committed, 1088M reserved
[88.142s][info][gc,ref      ] GC(157) Soft: 197 encountered, 0 discovered, 0 enqueued
[88.142s][info][gc,ref      ] GC(157) Weak: 695 encountered, 187 discovered, 0 enqueued
[88.142s][info][gc,ref      ] GC(157) Final: 0 encountered, 0 discovered, 0 enqueued
[88.142s][info][gc,ref      ] GC(157) Phantom: 36 encountered, 21 discovered, 0 enqueued
[88.142s][info][gc,reloc    ] GC(157) Small Pages: 1223 / 2446M, Empty: 2308M, Relocated: 3M, In-Place: 0
[88.142s][info][gc,reloc    ] GC(157) Medium Pages: 12 / 384M, Empty: 384M, Relocated: 0M, In-Place: 0
[88.142s][info][gc,reloc    ] GC(157) Large Pages: 1 / 6M, Empty: 0M, Relocated: 0M, In-Place: 0
[88.142s][info][gc,reloc    ] GC(157) Forwarding Usage: 0M
[88.142s][info][gc,heap     ] GC(157) Min Capacity: 4096M(100%)
[88.142s][info][gc,heap     ] GC(157) Max Capacity: 4096M(100%)
[88.142s][info][gc,heap     ] GC(157) Soft Max Capacity: 4096M(100%)
[88.142s][info][gc,heap     ] GC(157)                Mark Start          Mark End        Relocate Start      Relocate End           High               Low         
[88.142s][info][gc,heap     ] GC(157)  Capacity:     4096M (100%)       4096M (100%)       4096M (100%)       4096M (100%)       4096M (100%)       4096M (100%)   
[88.142s][info][gc,heap     ] GC(157)      Free:     1260M (31%)         650M (16%)        3312M (81%)        3356M (82%)        3356M (82%)         620M (15%)    
[88.142s][info][gc,heap     ] GC(157)      Used:     2836M (69%)        3446M (84%)         784M (19%)         740M (18%)        3476M (85%)         740M (18%)    
[88.142s][info][gc,heap     ] GC(157)      Live:         -                98M (2%)           98M (2%)           98M (2%)             -                  -          
[88.142s][info][gc,heap     ] GC(157) Allocated:         -               610M (15%)         640M (16%)         639M (16%)            -                  -          
[88.142s][info][gc,heap     ] GC(157)   Garbage:         -              2737M (67%)          45M (1%)            1M (0%)             -                  -          
[88.142s][info][gc,heap     ] GC(157) Reclaimed:         -                  -              2692M (66%)        2735M (67%)            -                  -          
[88.142s][info][gc          ] GC(157) Garbage Collection (Allocation Rate) 2836M(69%)->740M(18%)
[88.583s][info][gc,start    ] GC(158) Garbage Collection (Allocation Rate)
[88.583s][info][gc,task     ] GC(158) Using 1 workers
[88.583s][info][gc,phases   ] GC(158) Pause Mark Start 0.010ms
[88.730s][info][gc,phases   ] GC(158) Concurrent Mark 146.854ms
[88.730s][info][gc,phases   ] GC(158) Pause Mark End 0.014ms
[88.731s][info][gc,phases   ] GC(158) Concurrent Mark Free 0.001ms
[88.734s][info][gc,phases   ] GC(158) Concurrent Process Non-Strong References 3.270ms
[88.734s][info][gc,phases   ] GC(158) Concurrent Reset Relocation Set 0.003ms
[88.737s][info][gc,phases   ] GC(158) Concurrent Select Relocation Set 2.683ms
[88.737s][info][gc,phases   ] GC(158) Pause Relocate Start 0.009ms
[88.738s][info][gc,phases   ] GC(158) Concurrent Relocate 0.754ms
[88.738s][info][gc,load     ] GC(158) Load: 0.00/0.00/0.00
[88.738s][info][gc,mmu      ] GC(158) MMU: 2ms/96.2%, 5ms/98.5%, 10ms/99.0%, 20ms/99.5%, 50ms/99.8%, 100ms/99.9%
[88.738s][info][gc,marking  ] GC(158) Mark: 1 stripe(s), 2 proactive flush(es), 1 terminate flush(es), 0 completion(s), 0 continuation(s) 
[88.738s][info][gc,marking  ] GC(158) Mark Stack Usage: 32M
[88.738s][info][gc,nmethod  ] GC(158) NMethods: 1370 registered, 35 unregistered
[88.738s][info][gc,metaspace] GC(158) Metaspace: 11M used, 11M committed, 1088M reserved
[88.738s][info][gc,ref      ] GC(158) Soft: 197 encountered, 0 discovered, 0 enqueued
[88.738s][info][gc,ref      ] GC(158) Weak: 695 encountered, 554 discovered, 0 enqueued
[88.738s][info][gc,ref      ] GC(158) Final: 0 encountered, 0 discovered, 0 enqueued
[88.738s][info][gc,ref      ] GC(158) Phantom: 36 encountered, 17 discovered, 0 enqueued
[88.738s][info][gc,reloc    ] GC(158) Small Pages: 1185 / 2370M, Empty: 2246M, Relocated: 1M, In-Place: 0
[88.738s][info][gc,reloc    ] GC(158) Medium Pages: 12 / 384M, Empty: 352M, Relocated: 0M, In-Place: 0
[88.738s][info][gc,reloc    ] GC(158) Large Pages: 1 / 6M, Empty: 0M, Relocated: 0M, In-Place: 0
[88.738s][info][gc,reloc    ] GC(158) Forwarding Usage: 0M
[88.738s][info][gc,heap     ] GC(158) Min Capacity: 4096M(100%)
[88.738s][info][gc,heap     ] GC(158) Max Capacity: 4096M(100%)
[88.738s][info][gc,heap     ] GC(158) Soft Max Capacity: 4096M(100%)
[88.738s][info][gc,heap     ] GC(158)                Mark Start          Mark End        Relocate Start      Relocate End           High               Low         
[88.738s][info][gc,heap     ] GC(158)  Capacity:     4096M (100%)       4096M (100%)       4096M (100%)       4096M (100%)       4096M (100%)       4096M (100%)   
[88.738s][info][gc,heap     ] GC(158)      Free:     1336M (33%)         752M (18%)        3336M (81%)        3368M (82%)        3368M (82%)         738M (18%)    
[88.738s][info][gc,heap     ] GC(158)      Used:     2760M (67%)        3344M (82%)         760M (19%)         728M (18%)        3358M (82%)         728M (18%)    
[88.738s][info][gc,heap     ] GC(158)      Live:         -               100M (2%)          100M (2%)          100M (2%)             -                  -          
[88.738s][info][gc,heap     ] GC(158) Allocated:         -               584M (14%)         598M (15%)         597M (15%)            -                  -          
[88.738s][info][gc,heap     ] GC(158)   Garbage:         -              2659M (65%)          61M (1%)           29M (1%)             -                  -          
[88.738s][info][gc,heap     ] GC(158) Reclaimed:         -                  -              2598M (63%)        2629M (64%)            -                  -          
[88.738s][info][gc          ] GC(158) Garbage Collection (Allocation Rate) 2760M(67%)->728M(18%)
[89.180s][info][gc,start    ] GC(159) Garbage Collection (Allocation Rate)
[89.180s][info][gc,task     ] GC(159) Using 1 workers
[89.180s][info][gc,phases   ] GC(159) Pause Mark Start 0.012ms
[89.316s][info][gc,phases   ] GC(159) Concurrent Mark 135.589ms
[89.316s][info][gc,phases   ] GC(159) Pause Mark End 0.013ms
[89.316s][info][gc,phases   ] GC(159) Concurrent Mark Free 0.001ms
[89.319s][info][gc,phases   ] GC(159) Concurrent Process Non-Strong References 2.921ms
[89.319s][info][gc,phases   ] GC(159) Concurrent Reset Relocation Set 0.003ms
[89.322s][info][gc,phases   ] GC(159) Concurrent Select Relocation Set 2.769ms
[89.322s][info][gc,phases   ] GC(159) Pause Relocate Start 0.017ms
[89.322s][info][gc,phases   ] GC(159) Concurrent Relocate 0.445ms
[89.323s][info][gc,load     ] GC(159) Load: 0.00/0.00/0.00
[89.323s][info][gc,mmu      ] GC(159) MMU: 2ms/96.2%, 5ms/98.5%, 10ms/99.0%, 20ms/99.5%, 50ms/99.8%, 100ms/99.9%
[89.323s][info][gc,marking  ] GC(159) Mark: 1 stripe(s), 2 proactive flush(es), 1 terminate flush(es), 0 completion(s), 0 continuation(s) 
[89.323s][info][gc,marking  ] GC(159) Mark Stack Usage: 32M
[89.323s][info][gc,nmethod  ] GC(159) NMethods: 1370 registered, 35 unregistered
[89.323s][info][gc,metaspace] GC(159) Metaspace: 11M used, 11M committed, 1088M reserved
[89.323s][info][gc,ref      ] GC(159) Soft: 197 encountered, 0 discovered, 0 enqueued
[89.323s][info][gc,ref      ] GC(159) Weak: 695 encountered, 187 discovered, 0 enqueued
[89.323s][info][gc,ref      ] GC(159) Final: 0 encountered, 0 discovered, 0 enqueued
[89.323s][info][gc,ref      ] GC(159) Phantom: 36 encountered, 21 discovered, 0 enqueued
[89.323s][info][gc,reloc    ] GC(159) Small Pages: 1171 / 2342M, Empty: 2208M, Relocated: 1M, In-Place: 0
[89.323s][info][gc,reloc    ] GC(159) Medium Pages: 13 / 416M, Empty: 416M, Relocated: 0M, In-Place: 0
[89.323s][info][gc,reloc    ] GC(159) Large Pages: 1 / 6M, Empty: 0M, Relocated: 0M, In-Place: 0
[89.323s][info][gc,reloc    ] GC(159) Forwarding Usage: 0M
[89.323s][info][gc,heap     ] GC(159) Min Capacity: 4096M(100%)
[89.323s][info][gc,heap     ] GC(159) Max Capacity: 4096M(100%)
[89.323s][info][gc,heap     ] GC(159) Soft Max Capacity: 4096M(100%)
[89.323s][info][gc,heap     ] GC(159)                Mark Start          Mark End        Relocate Start      Relocate End           High               Low         
[89.323s][info][gc,heap     ] GC(159)  Capacity:     4096M (100%)       4096M (100%)       4096M (100%)       4096M (100%)       4096M (100%)       4096M (100%)   
[89.323s][info][gc,heap     ] GC(159)      Free:     1332M (33%)         756M (18%)        3368M (82%)        3406M (83%)        3406M (83%)         756M (18%)    
[89.323s][info][gc,heap     ] GC(159)      Used:     2764M (67%)        3340M (82%)         728M (18%)         690M (17%)        3340M (82%)         690M (17%)    
[89.323s][info][gc,heap     ] GC(159)      Live:         -                97M (2%)           97M (2%)           97M (2%)             -                  -          
[89.323s][info][gc,heap     ] GC(159) Allocated:         -               576M (14%)         588M (14%)         589M (14%)            -                  -          
[89.323s][info][gc,heap     ] GC(159)   Garbage:         -              2666M (65%)          42M (1%)            2M (0%)             -                  -          
[89.323s][info][gc,heap     ] GC(159) Reclaimed:         -                  -              2624M (64%)        2663M (65%)            -                  -          
[89.323s][info][gc          ] GC(159) Garbage Collection (Allocation Rate) 2764M(67%)->690M(17%)
[89.885s][info][gc,start    ] GC(160) Garbage Collection (Allocation Rate)
[89.885s][info][gc,task     ] GC(160) Using 2 workers
[89.885s][info][gc,phases   ] GC(160) Pause Mark Start 0.006ms
[89.963s][info][gc,phases   ] GC(160) Concurrent Mark 78.199ms
[89.964s][info][gc,phases   ] GC(160) Pause Mark End 0.015ms
[89.964s][info][gc,phases   ] GC(160) Concurrent Mark Free 0.001ms
[89.965s][info][gc,phases   ] GC(160) Concurrent Process Non-Strong References 1.578ms
[89.965s][info][gc,phases   ] GC(160) Concurrent Reset Relocation Set 0.003ms
[89.969s][info][gc,phases   ] GC(160) Concurrent Select Relocation Set 3.201ms
[89.969s][info][gc,phases   ] GC(160) Pause Relocate Start 0.014ms
[89.970s][info][gc,phases   ] GC(160) Concurrent Relocate 0.759ms
[89.970s][info][gc,load     ] GC(160) Load: 0.00/0.00/0.00
[89.970s][info][gc,mmu      ] GC(160) MMU: 2ms/96.2%, 5ms/98.5%, 10ms/99.0%, 20ms/99.5%, 50ms/99.8%, 100ms/99.9%
[89.970s][info][gc,marking  ] GC(160) Mark: 2 stripe(s), 2 proactive flush(es), 1 terminate flush(es), 0 completion(s), 0 continuation(s) 
[89.970s][info][gc,marking  ] GC(160) Mark Stack Usage: 32M
[89.970s][info][gc,nmethod  ] GC(160) NMethods: 1370 registered, 35 unregistered
[89.970s][info][gc,metaspace] GC(160) Metaspace: 11M used, 11M committed, 1088M reserved
[89.970s][info][gc,ref      ] GC(160) Soft: 197 encountered, 0 discovered, 0 enqueued
[89.970s][info][gc,ref      ] GC(160) Weak: 695 encountered, 136 discovered, 0 enqueued
[89.970s][info][gc,ref      ] GC(160) Final: 0 encountered, 0 discovered, 0 enqueued
[89.970s][info][gc,ref      ] GC(160) Phantom: 36 encountered, 24 discovered, 0 enqueued
[89.970s][info][gc,reloc    ] GC(160) Small Pages: 1422 / 2844M, Empty: 2686M, Relocated: 3M, In-Place: 0
[89.970s][info][gc,reloc    ] GC(160) Medium Pages: 14 / 448M, Empty: 448M, Relocated: 0M, In-Place: 0
[89.970s][info][gc,reloc    ] GC(160) Large Pages: 1 / 6M, Empty: 0M, Relocated: 0M, In-Place: 0
[89.970s][info][gc,reloc    ] GC(160) Forwarding Usage: 0M
[89.970s][info][gc,heap     ] GC(160) Min Capacity: 4096M(100%)
[89.970s][info][gc,heap     ] GC(160) Max Capacity: 4096M(100%)
[89.970s][info][gc,heap     ] GC(160) Soft Max Capacity: 4096M(100%)
[89.970s][info][gc,heap     ] GC(160)                Mark Start          Mark End        Relocate Start      Relocate End           High               Low         
[89.970s][info][gc,heap     ] GC(160)  Capacity:     4096M (100%)       4096M (100%)       4096M (100%)       4096M (100%)       4096M (100%)       4096M (100%)   
[89.970s][info][gc,heap     ] GC(160)      Free:      798M (19%)         522M (13%)        3644M (89%)        3700M (90%)        3700M (90%)         522M (13%)    
[89.970s][info][gc,heap     ] GC(160)      Used:     3298M (81%)        3574M (87%)         452M (11%)         396M (10%)        3574M (87%)         396M (10%)    
[89.970s][info][gc,heap     ] GC(160)      Live:         -                99M (2%)           99M (2%)           99M (2%)             -                  -          
[89.970s][info][gc,heap     ] GC(160) Allocated:         -               276M (7%)          288M (7%)          293M (7%)             -                  -          
[89.970s][info][gc,heap     ] GC(160)   Garbage:         -              3198M (78%)          64M (2%)            2M (0%)             -                  -          
[89.970s][info][gc,heap     ] GC(160) Reclaimed:         -                  -              3134M (77%)        3195M (78%)            -                  -          
[89.970s][info][gc          ] GC(160) Garbage Collection (Allocation Rate) 3298M(81%)->396M(10%)
[90.183s][info][gc,stats    ] === Garbage Collection Statistics =======================================================================================================================
[90.183s][info][gc,stats    ]                                                              Last 10s              Last 10m              Last 10h                Total
[90.183s][info][gc,stats    ]                                                              Avg / Max             Avg / Max             Avg / Max             Avg / Max
[90.183s][info][gc,stats    ]   Collector: Garbage Collection Cycle                    160.614 / 248.893     159.932 / 259.019     159.932 / 259.019     159.932 / 259.019     ms
[90.183s][info][gc,stats    ]  Contention: Mark Segment Reset Contention                     0 / 0                 0 / 2                 0 / 2                 0 / 2           ops/s
[90.183s][info][gc,stats    ]  Contention: Mark SeqNum Reset Contention                      0 / 0                 0 / 2                 0 / 2                 0 / 2           ops/s
[90.183s][info][gc,stats    ]    Critical: Allocation Stall                                  0 / 0                 0 / 0                 0 / 0                 0 / 0           ops/s
[90.183s][info][gc,stats    ]    Critical: Allocation Stall                              0.000 / 0.000         0.000 / 0.000         0.000 / 0.000         0.000 / 0.000       ms
[90.183s][info][gc,stats    ]    Critical: GC Locker Stall                                   0 / 0                 0 / 0                 0 / 0                 0 / 0           ops/s
[90.183s][info][gc,stats    ]    Critical: GC Locker Stall                               0.000 / 0.000         0.000 / 0.000         0.000 / 0.000         0.000 / 0.000       ms
[90.183s][info][gc,stats    ]    Critical: Relocation Stall                                  0 / 0                 0 / 0                 0 / 0                 0 / 0           ops/s
[90.183s][info][gc,stats    ]    Critical: Relocation Stall                              0.000 / 0.000         0.000 / 0.000         0.000 / 0.000         0.000 / 0.000       ms
[90.183s][info][gc,stats    ]      Memory: Allocation Rate                                4327 / 4540           4228 / 4592           4228 / 4592           4228 / 4592        MB/s
[90.183s][info][gc,stats    ]      Memory: Defragment                                        0 / 0                 0 / 0                 0 / 0                 0 / 0           ops/s
[90.183s][info][gc,stats    ]      Memory: Out Of Memory                                     0 / 0                 0 / 0                 0 / 0                 0 / 0           ops/s
[90.183s][info][gc,stats    ]      Memory: Page Cache Flush                                  0 / 0                 0 / 0                 0 / 0                 0 / 0           MB/s
[90.183s][info][gc,stats    ]      Memory: Page Cache Hit L1                              1872 / 1971           1812 / 2002           1812 / 2002           1812 / 2002        ops/s
[90.183s][info][gc,stats    ]      Memory: Page Cache Hit L2                                 0 / 0                 0 / 0                 0 / 0                 0 / 0           ops/s
[90.183s][info][gc,stats    ]      Memory: Page Cache Hit L3                                 0 / 0                19 / 437              19 / 437              19 / 437         ops/s
[90.183s][info][gc,stats    ]      Memory: Page Cache Miss                                   0 / 0                 0 / 1                 0 / 1                 0 / 1           ops/s
[90.183s][info][gc,stats    ]      Memory: Uncommit                                          0 / 0                 0 / 0                 0 / 0                 0 / 0           MB/s
[90.184s][info][gc,stats    ]      Memory: Undo Object Allocation Failed                     0 / 0                 0 / 1                 0 / 1                 0 / 1           ops/s
[90.184s][info][gc,stats    ]      Memory: Undo Object Allocation Succeeded                 33 / 233              10 / 233              10 / 233              10 / 233         ops/s
[90.184s][info][gc,stats    ]      Memory: Undo Page Allocation                              1 / 5                 2 / 7                 2 / 7                 2 / 7           ops/s
[90.184s][info][gc,stats    ]       Phase: Concurrent Mark                             150.762 / 233.740     148.167 / 251.310     148.167 / 251.310     148.167 / 251.310     ms
[90.184s][info][gc,stats    ]       Phase: Concurrent Mark Continue                      0.000 / 0.000         0.000 / 0.000         0.000 / 0.000         0.000 / 0.000       ms
[90.184s][info][gc,stats    ]       Phase: Concurrent Mark Free                          0.001 / 0.003         0.002 / 0.005         0.002 / 0.005         0.002 / 0.005       ms
[90.184s][info][gc,stats    ]       Phase: Concurrent Process Non-Strong References      4.476 / 10.954        5.448 / 24.469        5.448 / 24.469        5.448 / 24.469      ms
[90.184s][info][gc,stats    ]       Phase: Concurrent Relocate                           1.358 / 4.035         2.206 / 57.532        2.206 / 57.532        2.206 / 57.532      ms
[90.184s][info][gc,stats    ]       Phase: Concurrent Reset Relocation Set               0.004 / 0.008         0.004 / 0.026         0.004 / 0.026         0.004 / 0.026       ms
[90.184s][info][gc,stats    ]       Phase: Concurrent Select Relocation Set              2.957 / 4.164         3.058 / 13.885        3.058 / 13.885        3.058 / 13.885      ms
[90.184s][info][gc,stats    ]       Phase: Pause Mark End                                0.015 / 0.023         0.018 / 0.047         0.018 / 0.047         0.018 / 0.047       ms
[90.184s][info][gc,stats    ]       Phase: Pause Mark Start                              0.011 / 0.027         0.010 / 0.027         0.010 / 0.027         0.010 / 0.027       ms
[90.184s][info][gc,stats    ]       Phase: Pause Relocate Start                          0.011 / 0.024         0.012 / 0.077         0.012 / 0.077         0.012 / 0.077       ms
[90.184s][info][gc,stats    ]    Subphase: Concurrent Classes Purge                      0.013 / 0.037         0.019 / 0.208         0.019 / 0.208         0.019 / 0.208       ms
[90.184s][info][gc,stats    ]    Subphase: Concurrent Classes Unlink                     2.671 / 3.649         2.537 / 3.649         2.537 / 3.649         2.537 / 3.649       ms
[90.184s][info][gc,stats    ]    Subphase: Concurrent Mark                             137.929 / 233.002     132.082 / 250.559     132.082 / 250.559     132.082 / 250.559     ms
[90.184s][info][gc,stats    ]    Subphase: Concurrent Mark Try Flush                     0.746 / 8.877         0.914 / 17.896        0.914 / 17.896        0.914 / 17.896      ms
[90.184s][info][gc,stats    ]    Subphase: Concurrent Mark Try Terminate                 0.579 / 13.370        1.464 / 17.378        1.464 / 17.378        1.464 / 17.378      ms
[90.184s][info][gc,stats    ]    Subphase: Concurrent References Enqueue                 0.001 / 0.001         0.001 / 0.015         0.001 / 0.015         0.001 / 0.015       ms
[90.184s][info][gc,stats    ]    Subphase: Concurrent References Process                 0.077 / 0.177         0.080 / 0.207         0.080 / 0.207         0.080 / 0.207       ms
[90.184s][info][gc,stats    ]    Subphase: Concurrent Roots ClassLoaderDataGraph         0.070 / 0.153         0.068 / 0.272         0.068 / 0.272         0.068 / 0.272       ms
[90.184s][info][gc,stats    ]    Subphase: Concurrent Roots CodeCache                    0.000 / 0.000         0.000 / 0.000         0.000 / 0.000         0.000 / 0.000       ms
[90.184s][info][gc,stats    ]    Subphase: Concurrent Roots JavaThreads                  0.590 / 0.920         0.615 / 7.312         0.615 / 7.312         0.615 / 7.312       ms
[90.184s][info][gc,stats    ]    Subphase: Concurrent Roots OopStorageSet                0.032 / 0.051         0.027 / 0.063         0.027 / 0.063         0.027 / 0.063       ms
[90.184s][info][gc,stats    ]    Subphase: Concurrent Weak Roots OopStorageSet           0.164 / 0.323         0.180 / 0.369         0.180 / 0.369         0.180 / 0.369       ms
[90.184s][info][gc,stats    ]    Subphase: Pause Mark Try Complete                       0.000 / 0.000         0.000 / 0.000         0.000 / 0.000         0.000 / 0.000       ms
[90.184s][info][gc,stats    ]      System: Java Threads                                     23 / 23               22 / 23               22 / 23               22 / 23          threads
[90.184s][info][gc,stats    ] =========================================================================================================================================================
[90.481s][info][gc,start    ] GC(161) Garbage Collection (Allocation Rate)
[90.482s][info][gc,task     ] GC(161) Using 1 workers
[90.482s][info][gc,phases   ] GC(161) Pause Mark Start 0.006ms
[90.708s][info][gc,phases   ] GC(161) Concurrent Mark 226.722ms
[90.709s][info][gc,phases   ] GC(161) Pause Mark End 0.013ms
[90.709s][info][gc,phases   ] GC(161) Concurrent Mark Free 0.001ms
[90.712s][info][gc,phases   ] GC(161) Concurrent Process Non-Strong References 3.453ms
[90.712s][info][gc,phases   ] GC(161) Concurrent Reset Relocation Set 0.005ms
[90.715s][info][gc,phases   ] GC(161) Concurrent Select Relocation Set 2.808ms
[90.715s][info][gc,phases   ] GC(161) Pause Relocate Start 0.010ms
[90.716s][info][gc,phases   ] GC(161) Concurrent Relocate 0.394ms
[90.716s][info][gc,load     ] GC(161) Load: 0.00/0.00/0.00
[90.716s][info][gc,mmu      ] GC(161) MMU: 2ms/96.2%, 5ms/98.5%, 10ms/99.0%, 20ms/99.5%, 50ms/99.8%, 100ms/99.9%
[90.716s][info][gc,marking  ] GC(161) Mark: 1 stripe(s), 2 proactive flush(es), 1 terminate flush(es), 0 completion(s), 0 continuation(s) 
[90.716s][info][gc,marking  ] GC(161) Mark Stack Usage: 32M
[90.716s][info][gc,nmethod  ] GC(161) NMethods: 1370 registered, 35 unregistered
[90.716s][info][gc,metaspace] GC(161) Metaspace: 11M used, 11M committed, 1088M reserved
[90.716s][info][gc,ref      ] GC(161) Soft: 197 encountered, 0 discovered, 0 enqueued
[90.716s][info][gc,ref      ] GC(161) Weak: 695 encountered, 187 discovered, 0 enqueued
[90.716s][info][gc,ref      ] GC(161) Final: 0 encountered, 0 discovered, 0 enqueued
[90.716s][info][gc,ref      ] GC(161) Phantom: 36 encountered, 21 discovered, 0 enqueued
[90.716s][info][gc,reloc    ] GC(161) Small Pages: 1183 / 2366M, Empty: 2244M, Relocated: 0M, In-Place: 0
[90.716s][info][gc,reloc    ] GC(161) Medium Pages: 12 / 384M, Empty: 352M, Relocated: 0M, In-Place: 0
[90.716s][info][gc,reloc    ] GC(161) Large Pages: 1 / 6M, Empty: 0M, Relocated: 0M, In-Place: 0
[90.716s][info][gc,reloc    ] GC(161) Forwarding Usage: 0M
[90.716s][info][gc,heap     ] GC(161) Min Capacity: 4096M(100%)
[90.716s][info][gc,heap     ] GC(161) Max Capacity: 4096M(100%)
[90.716s][info][gc,heap     ] GC(161) Soft Max Capacity: 4096M(100%)
[90.716s][info][gc,heap     ] GC(161)                Mark Start          Mark End        Relocate Start      Relocate End           High               Low         
[90.716s][info][gc,heap     ] GC(161)  Capacity:     4096M (100%)       4096M (100%)       4096M (100%)       4096M (100%)       4096M (100%)       4096M (100%)   
[90.716s][info][gc,heap     ] GC(161)      Free:     1340M (33%)         392M (10%)        2946M (72%)        2976M (73%)        2976M (73%)         382M (9%)     
[90.716s][info][gc,heap     ] GC(161)      Used:     2756M (67%)        3704M (90%)        1150M (28%)        1120M (27%)        3714M (91%)        1120M (27%)    
[90.716s][info][gc,heap     ] GC(161)      Live:         -                99M (2%)           99M (2%)           99M (2%)             -                  -          
[90.716s][info][gc,heap     ] GC(161) Allocated:         -               948M (23%)         990M (24%)         989M (24%)            -                  -          
[90.716s][info][gc,heap     ] GC(161)   Garbage:         -              2656M (65%)          60M (1%)           30M (1%)             -                  -          
[90.716s][info][gc,heap     ] GC(161) Reclaimed:         -                  -              2596M (63%)        2625M (64%)            -                  -          
[90.716s][info][gc          ] GC(161) Garbage Collection (Allocation Rate) 2756M(67%)->1120M(27%)
[90.984s][info][gc,start    ] GC(162) Garbage Collection (Allocation Rate)
[90.985s][info][gc,task     ] GC(162) Using 1 workers
[90.985s][info][gc,phases   ] GC(162) Pause Mark Start 0.016ms
[91.124s][info][gc,phases   ] GC(162) Concurrent Mark 139.443ms
[91.124s][info][gc,phases   ] GC(162) Pause Mark End 0.016ms
[91.124s][info][gc,phases   ] GC(162) Concurrent Mark Free 0.001ms
[91.132s][info][gc,phases   ] GC(162) Concurrent Process Non-Strong References 7.888ms
[91.132s][info][gc,phases   ] GC(162) Concurrent Reset Relocation Set 0.005ms
[91.136s][info][gc,phases   ] GC(162) Concurrent Select Relocation Set 3.749ms
[91.136s][info][gc,phases   ] GC(162) Pause Relocate Start 0.021ms
[91.137s][info][gc,phases   ] GC(162) Concurrent Relocate 0.524ms
[91.137s][info][gc,load     ] GC(162) Load: 0.00/0.00/0.00
[91.137s][info][gc,mmu      ] GC(162) MMU: 2ms/96.2%, 5ms/98.5%, 10ms/99.0%, 20ms/99.5%, 50ms/99.8%, 100ms/99.9%
[91.137s][info][gc,marking  ] GC(162) Mark: 1 stripe(s), 2 proactive flush(es), 1 terminate flush(es), 0 completion(s), 0 continuation(s) 
[91.137s][info][gc,marking  ] GC(162) Mark Stack Usage: 32M
[91.137s][info][gc,nmethod  ] GC(162) NMethods: 1370 registered, 35 unregistered
[91.137s][info][gc,metaspace] GC(162) Metaspace: 11M used, 11M committed, 1088M reserved
[91.137s][info][gc,ref      ] GC(162) Soft: 197 encountered, 0 discovered, 0 enqueued
[91.137s][info][gc,ref      ] GC(162) Weak: 695 encountered, 554 discovered, 0 enqueued
[91.137s][info][gc,ref      ] GC(162) Final: 0 encountered, 0 discovered, 0 enqueued
[91.137s][info][gc,ref      ] GC(162) Phantom: 36 encountered, 17 discovered, 0 enqueued
[91.137s][info][gc,reloc    ] GC(162) Small Pages: 999 / 1998M, Empty: 1866M, Relocated: 1M, In-Place: 0
[91.137s][info][gc,reloc    ] GC(162) Medium Pages: 11 / 352M, Empty: 320M, Relocated: 0M, In-Place: 0
[91.137s][info][gc,reloc    ] GC(162) Large Pages: 1 / 6M, Empty: 0M, Relocated: 0M, In-Place: 0
[91.137s][info][gc,reloc    ] GC(162) Forwarding Usage: 0M
[91.137s][info][gc,heap     ] GC(162) Min Capacity: 4096M(100%)
[91.137s][info][gc,heap     ] GC(162) Max Capacity: 4096M(100%)
[91.137s][info][gc,heap     ] GC(162) Soft Max Capacity: 4096M(100%)
[91.137s][info][gc,heap     ] GC(162)                Mark Start          Mark End        Relocate Start      Relocate End           High               Low         
[91.137s][info][gc,heap     ] GC(162)  Capacity:     4096M (100%)       4096M (100%)       4096M (100%)       4096M (100%)       4096M (100%)       4096M (100%)   
[91.137s][info][gc,heap     ] GC(162)      Free:     1740M (42%)        1216M (30%)        3332M (81%)        3368M (82%)        3368M (82%)        1164M (28%)    
[91.137s][info][gc,heap     ] GC(162)      Used:     2356M (58%)        2880M (70%)         764M (19%)         728M (18%)        2932M (72%)         728M (18%)    
[91.137s][info][gc,heap     ] GC(162)      Live:         -               100M (2%)          100M (2%)          100M (2%)             -                  -          
[91.137s][info][gc,heap     ] GC(162) Allocated:         -               524M (13%)         594M (15%)         595M (15%)            -                  -          
[91.137s][info][gc,heap     ] GC(162)   Garbage:         -              2255M (55%)          69M (2%)           31M (1%)             -                  -          
[91.137s][info][gc,heap     ] GC(162) Reclaimed:         -                  -              2186M (53%)        2223M (54%)            -                  -          
[91.137s][info][gc          ] GC(162) Garbage Collection (Allocation Rate) 2356M(58%)->728M(18%)
[91.487s][info][gc,start    ] GC(163) Garbage Collection (Allocation Rate)
[91.487s][info][gc,task     ] GC(163) Using 1 workers
[91.487s][info][gc,phases   ] GC(163) Pause Mark Start 0.009ms
[91.616s][info][gc,phases   ] GC(163) Concurrent Mark 129.059ms
[91.616s][info][gc,phases   ] GC(163) Pause Mark End 0.014ms
[91.616s][info][gc,phases   ] GC(163) Concurrent Mark Free 0.001ms
[91.620s][info][gc,phases   ] GC(163) Concurrent Process Non-Strong References 3.621ms
[91.620s][info][gc,phases   ] GC(163) Concurrent Reset Relocation Set 0.003ms
[91.623s][info][gc,phases   ] GC(163) Concurrent Select Relocation Set 2.634ms
[91.623s][info][gc,phases   ] GC(163) Pause Relocate Start 0.010ms
[91.624s][info][gc,phases   ] GC(163) Concurrent Relocate 1.133ms
[91.624s][info][gc,load     ] GC(163) Load: 0.00/0.00/0.00
[91.624s][info][gc,mmu      ] GC(163) MMU: 2ms/96.2%, 5ms/98.5%, 10ms/99.0%, 20ms/99.5%, 50ms/99.8%, 100ms/99.9%
[91.624s][info][gc,marking  ] GC(163) Mark: 1 stripe(s), 2 proactive flush(es), 1 terminate flush(es), 0 completion(s), 0 continuation(s) 
[91.624s][info][gc,marking  ] GC(163) Mark Stack Usage: 32M
[91.624s][info][gc,nmethod  ] GC(163) NMethods: 1370 registered, 35 unregistered
[91.624s][info][gc,metaspace] GC(163) Metaspace: 11M used, 11M committed, 1088M reserved
[91.624s][info][gc,ref      ] GC(163) Soft: 197 encountered, 0 discovered, 0 enqueued
[91.624s][info][gc,ref      ] GC(163) Weak: 695 encountered, 554 discovered, 0 enqueued
[91.624s][info][gc,ref      ] GC(163) Final: 0 encountered, 0 discovered, 0 enqueued
[91.624s][info][gc,ref      ] GC(163) Phantom: 36 encountered, 17 discovered, 0 enqueued
[91.624s][info][gc,reloc    ] GC(163) Small Pages: 969 / 1938M, Empty: 1806M, Relocated: 2M, In-Place: 0
[91.624s][info][gc,reloc    ] GC(163) Medium Pages: 11 / 352M, Empty: 352M, Relocated: 0M, In-Place: 0
[91.624s][info][gc,reloc    ] GC(163) Large Pages: 1 / 6M, Empty: 0M, Relocated: 0M, In-Place: 0
[91.624s][info][gc,reloc    ] GC(163) Forwarding Usage: 0M
[91.624s][info][gc,heap     ] GC(163) Min Capacity: 4096M(100%)
[91.624s][info][gc,heap     ] GC(163) Max Capacity: 4096M(100%)
[91.624s][info][gc,heap     ] GC(163) Soft Max Capacity: 4096M(100%)
[91.624s][info][gc,heap     ] GC(163)                Mark Start          Mark End        Relocate Start      Relocate End           High               Low         
[91.624s][info][gc,heap     ] GC(163)  Capacity:     4096M (100%)       4096M (100%)       4096M (100%)       4096M (100%)       4096M (100%)       4096M (100%)   
[91.624s][info][gc,heap     ] GC(163)      Free:     1800M (44%)        1244M (30%)        3382M (83%)        3420M (83%)        3420M (83%)        1224M (30%)    
[91.624s][info][gc,heap     ] GC(163)      Used:     2296M (56%)        2852M (70%)         714M (17%)         676M (17%)        2872M (70%)         676M (17%)    
[91.624s][info][gc,heap     ] GC(163)      Live:         -                97M (2%)           97M (2%)           97M (2%)             -                  -          
[91.624s][info][gc,heap     ] GC(163) Allocated:         -               556M (14%)         576M (14%)         575M (14%)            -                  -          
[91.624s][info][gc,heap     ] GC(163)   Garbage:         -              2198M (54%)          40M (1%)            2M (0%)             -                  -          
[91.624s][info][gc,heap     ] GC(163) Reclaimed:         -                  -              2158M (53%)        2195M (54%)            -                  -          
[91.624s][info][gc          ] GC(163) Garbage Collection (Allocation Rate) 2296M(56%)->676M(17%)
[91.740s][info][gc,start    ] GC(164) Garbage Collection (System.gc())
[91.740s][info][gc,task     ] GC(164) Using 2 workers
[91.740s][info][gc,phases   ] GC(164) Pause Mark Start 0.008ms
[91.801s][info][gc,phases   ] GC(164) Concurrent Mark 60.716ms
[91.801s][info][gc,phases   ] GC(164) Pause Mark End 0.028ms
[91.801s][info][gc,phases   ] GC(164) Concurrent Mark Free 0.004ms
[91.803s][info][gc,phases   ] GC(164) Concurrent Process Non-Strong References 2.320ms
[91.804s][info][gc,phases   ] GC(164) Concurrent Reset Relocation Set 0.002ms
[91.805s][info][gc,phases   ] GC(164) Concurrent Select Relocation Set 1.373ms
[91.805s][info][gc,phases   ] GC(164) Pause Relocate Start 0.004ms
[91.805s][info][gc,phases   ] GC(164) Concurrent Relocate 0.311ms
[91.805s][info][gc,load     ] GC(164) Load: 0.00/0.00/0.00
[91.805s][info][gc,mmu      ] GC(164) MMU: 2ms/96.2%, 5ms/98.5%, 10ms/99.0%, 20ms/99.5%, 50ms/99.8%, 100ms/99.9%
[91.805s][info][gc,marking  ] GC(164) Mark: 2 stripe(s), 1 proactive flush(es), 1 terminate flush(es), 0 completion(s), 0 continuation(s) 
[91.805s][info][gc,marking  ] GC(164) Mark Stack Usage: 32M
[91.805s][info][gc,nmethod  ] GC(164) NMethods: 1370 registered, 35 unregistered
[91.805s][info][gc,metaspace] GC(164) Metaspace: 11M used, 11M committed, 1088M reserved
[91.805s][info][gc,ref      ] GC(164) Soft: 197 encountered, 0 discovered, 0 enqueued
[91.805s][info][gc,ref      ] GC(164) Weak: 695 encountered, 5 discovered, 0 enqueued
[91.805s][info][gc,ref      ] GC(164) Final: 0 encountered, 0 discovered, 0 enqueued
[91.805s][info][gc,ref      ] GC(164) Phantom: 36 encountered, 16 discovered, 0 enqueued
[91.805s][info][gc,reloc    ] GC(164) Small Pages: 492 / 984M, Empty: 880M, Relocated: 0M, In-Place: 0
[91.805s][info][gc,reloc    ] GC(164) Medium Pages: 5 / 160M, Empty: 160M, Relocated: 0M, In-Place: 0
[91.805s][info][gc,reloc    ] GC(164) Large Pages: 1 / 6M, Empty: 0M, Relocated: 0M, In-Place: 0
[91.805s][info][gc,reloc    ] GC(164) Forwarding Usage: 0M
[91.805s][info][gc,heap     ] GC(164) Min Capacity: 4096M(100%)
[91.805s][info][gc,heap     ] GC(164) Max Capacity: 4096M(100%)
[91.805s][info][gc,heap     ] GC(164) Soft Max Capacity: 4096M(100%)
[91.805s][info][gc,heap     ] GC(164)                Mark Start          Mark End        Relocate Start      Relocate End           High               Low         
[91.805s][info][gc,heap     ] GC(164)  Capacity:     4096M (100%)       4096M (100%)       4096M (100%)       4096M (100%)       4096M (100%)       4096M (100%)   
[91.805s][info][gc,heap     ] GC(164)      Free:     2946M (72%)        2946M (72%)        3986M (97%)        3996M (98%)        3996M (98%)        2946M (72%)    
[91.805s][info][gc,heap     ] GC(164)      Used:     1150M (28%)        1150M (28%)         110M (3%)          100M (2%)         1150M (28%)         100M (2%)     
[91.805s][info][gc,heap     ] GC(164)      Live:         -                95M (2%)           95M (2%)           95M (2%)             -                  -          
[91.805s][info][gc,heap     ] GC(164) Allocated:         -                 0M (0%)            0M (0%)            0M (0%)             -                  -          
[91.806s][info][gc,heap     ] GC(164)   Garbage:         -              1054M (26%)          14M (0%)            4M (0%)             -                  -          
[91.806s][info][gc,heap     ] GC(164) Reclaimed:         -                  -              1040M (25%)        1050M (26%)            -                  -          
[91.806s][info][gc          ] GC(164) Garbage Collection (System.gc()) 1150M(28%)->100M(2%)
[92.476s][info][gc,start    ] GC(165) Garbage Collection (Allocation Rate)
[92.476s][info][gc,task     ] GC(165) Using 1 workers
[92.476s][info][gc,phases   ] GC(165) Pause Mark Start 0.013ms
[92.656s][info][gc,phases   ] GC(165) Concurrent Mark 179.025ms
[92.656s][info][gc,phases   ] GC(165) Pause Mark End 0.012ms
[92.656s][info][gc,phases   ] GC(165) Concurrent Mark Free 0.001ms
[92.665s][info][gc,phases   ] GC(165) Concurrent Process Non-Strong References 9.063ms
[92.665s][info][gc,phases   ] GC(165) Concurrent Reset Relocation Set 0.004ms
[92.669s][info][gc,phases   ] GC(165) Concurrent Select Relocation Set 4.154ms
[92.669s][info][gc,phases   ] GC(165) Pause Relocate Start 0.016ms
[92.672s][info][gc,phases   ] GC(165) Concurrent Relocate 2.839ms
[92.672s][info][gc,load     ] GC(165) Load: 0.00/0.00/0.00
[92.672s][info][gc,mmu      ] GC(165) MMU: 2ms/96.2%, 5ms/98.5%, 10ms/99.0%, 20ms/99.5%, 50ms/99.8%, 100ms/99.9%
[92.672s][info][gc,marking  ] GC(165) Mark: 1 stripe(s), 2 proactive flush(es), 1 terminate flush(es), 0 completion(s), 0 continuation(s) 
[92.672s][info][gc,marking  ] GC(165) Mark Stack Usage: 32M
[92.672s][info][gc,nmethod  ] GC(165) NMethods: 1375 registered, 35 unregistered
[92.672s][info][gc,metaspace] GC(165) Metaspace: 11M used, 11M committed, 1088M reserved
[92.672s][info][gc,ref      ] GC(165) Soft: 197 encountered, 0 discovered, 0 enqueued
[92.672s][info][gc,ref      ] GC(165) Weak: 695 encountered, 187 discovered, 0 enqueued
[92.672s][info][gc,ref      ] GC(165) Final: 0 encountered, 0 discovered, 0 enqueued
[92.673s][info][gc,ref      ] GC(165) Phantom: 36 encountered, 21 discovered, 0 enqueued
[92.673s][info][gc,reloc    ] GC(165) Small Pages: 1318 / 2636M, Empty: 2480M, Relocated: 4M, In-Place: 0
[92.673s][info][gc,reloc    ] GC(165) Medium Pages: 13 / 416M, Empty: 416M, Relocated: 0M, In-Place: 0
[92.673s][info][gc,reloc    ] GC(165) Large Pages: 1 / 6M, Empty: 0M, Relocated: 0M, In-Place: 0
[92.673s][info][gc,reloc    ] GC(165) Forwarding Usage: 0M
[92.673s][info][gc,heap     ] GC(165) Min Capacity: 4096M(100%)
[92.673s][info][gc,heap     ] GC(165) Max Capacity: 4096M(100%)
[92.673s][info][gc,heap     ] GC(165) Soft Max Capacity: 4096M(100%)
[92.673s][info][gc,heap     ] GC(165)                Mark Start          Mark End        Relocate Start      Relocate End           High               Low         
[92.673s][info][gc,heap     ] GC(165)  Capacity:     4096M (100%)       4096M (100%)       4096M (100%)       4096M (100%)       4096M (100%)       4096M (100%)   
[92.673s][info][gc,heap     ] GC(165)      Free:     1038M (25%)         302M (7%)         3148M (77%)        3198M (78%)        3202M (78%)         276M (7%)     
[92.673s][info][gc,heap     ] GC(165)      Used:     3058M (75%)        3794M (93%)         948M (23%)         898M (22%)        3820M (93%)         894M (22%)    
[92.673s][info][gc,heap     ] GC(165)      Live:         -                99M (2%)           99M (2%)           99M (2%)             -                  -          
[92.673s][info][gc,heap     ] GC(165) Allocated:         -               736M (18%)         786M (19%)         795M (19%)            -                  -          
[92.673s][info][gc,heap     ] GC(165)   Garbage:         -              2958M (72%)          62M (2%)            2M (0%)             -                  -          
[92.673s][info][gc,heap     ] GC(165) Reclaimed:         -                  -              2896M (71%)        2955M (72%)            -                  -          
[92.673s][info][gc          ] GC(165) Garbage Collection (Allocation Rate) 3058M(75%)->898M(22%)
[92.979s][info][gc,start    ] GC(166) Garbage Collection (Allocation Rate)
[92.979s][info][gc,task     ] GC(166) Using 1 workers
[92.979s][info][gc,phases   ] GC(166) Pause Mark Start 0.013ms
[93.138s][info][gc,phases   ] GC(166) Concurrent Mark 158.816ms
[93.138s][info][gc,phases   ] GC(166) Pause Mark End 0.012ms
[93.138s][info][gc,phases   ] GC(166) Concurrent Mark Free 0.001ms
[93.145s][info][gc,phases   ] GC(166) Concurrent Process Non-Strong References 7.090ms
[93.145s][info][gc,phases   ] GC(166) Concurrent Reset Relocation Set 0.009ms
[93.149s][info][gc,phases   ] GC(166) Concurrent Select Relocation Set 4.094ms
[93.150s][info][gc,phases   ] GC(166) Pause Relocate Start 0.016ms
[93.150s][info][gc,phases   ] GC(166) Concurrent Relocate 0.659ms
[93.150s][info][gc,load     ] GC(166) Load: 0.00/0.00/0.00
[93.150s][info][gc,mmu      ] GC(166) MMU: 2ms/96.2%, 5ms/98.5%, 10ms/99.0%, 20ms/99.5%, 50ms/99.8%, 100ms/99.9%
[93.150s][info][gc,marking  ] GC(166) Mark: 1 stripe(s), 2 proactive flush(es), 1 terminate flush(es), 0 completion(s), 0 continuation(s) 
[93.150s][info][gc,marking  ] GC(166) Mark Stack Usage: 32M
[93.150s][info][gc,nmethod  ] GC(166) NMethods: 1375 registered, 35 unregistered
[93.150s][info][gc,metaspace] GC(166) Metaspace: 11M used, 11M committed, 1088M reserved
[93.150s][info][gc,ref      ] GC(166) Soft: 197 encountered, 0 discovered, 0 enqueued
[93.150s][info][gc,ref      ] GC(166) Weak: 695 encountered, 187 discovered, 0 enqueued
[93.150s][info][gc,ref      ] GC(166) Final: 0 encountered, 0 discovered, 0 enqueued
[93.150s][info][gc,ref      ] GC(166) Phantom: 36 encountered, 21 discovered, 0 enqueued
[93.150s][info][gc,reloc    ] GC(166) Small Pages: 983 / 1966M, Empty: 1820M, Relocated: 1M, In-Place: 0
[93.150s][info][gc,reloc    ] GC(166) Medium Pages: 10 / 320M, Empty: 320M, Relocated: 0M, In-Place: 0
[93.151s][info][gc,reloc    ] GC(166) Large Pages: 1 / 6M, Empty: 0M, Relocated: 0M, In-Place: 0
[93.151s][info][gc,reloc    ] GC(166) Forwarding Usage: 0M
[93.151s][info][gc,heap     ] GC(166) Min Capacity: 4096M(100%)
[93.151s][info][gc,heap     ] GC(166) Max Capacity: 4096M(100%)
[93.151s][info][gc,heap     ] GC(166) Soft Max Capacity: 4096M(100%)
[93.151s][info][gc,heap     ] GC(166)                Mark Start          Mark End        Relocate Start      Relocate End           High               Low         
[93.151s][info][gc,heap     ] GC(166)  Capacity:     4096M (100%)       4096M (100%)       4096M (100%)       4096M (100%)       4096M (100%)       4096M (100%)   
[93.151s][info][gc,heap     ] GC(166)      Free:     1804M (44%)        1150M (28%)        3218M (79%)        3270M (80%)        3270M (80%)        1106M (27%)    
[93.151s][info][gc,heap     ] GC(166)      Used:     2292M (56%)        2946M (72%)         878M (21%)         826M (20%)        2990M (73%)         826M (20%)    
[93.151s][info][gc,heap     ] GC(166)      Live:         -                97M (2%)           97M (2%)           97M (2%)             -                  -          
[93.151s][info][gc,heap     ] GC(166) Allocated:         -               654M (16%)         726M (18%)         725M (18%)            -                  -          
[93.151s][info][gc,heap     ] GC(166)   Garbage:         -              2194M (54%)          54M (1%)            2M (0%)             -                  -          
[93.151s][info][gc,heap     ] GC(166) Reclaimed:         -                  -              2140M (52%)        2191M (54%)            -                  -          
[93.151s][info][gc          ] GC(166) Garbage Collection (Allocation Rate) 2292M(56%)->826M(20%)
[93.575s][info][gc,start    ] GC(167) Garbage Collection (Allocation Rate)
[93.575s][info][gc,task     ] GC(167) Using 1 workers
[93.575s][info][gc,phases   ] GC(167) Pause Mark Start 0.010ms
[93.811s][info][gc,phases   ] GC(167) Concurrent Mark 235.084ms
[93.811s][info][gc,phases   ] GC(167) Pause Mark End 0.018ms
[93.811s][info][gc,phases   ] GC(167) Concurrent Mark Free 0.002ms
[93.815s][info][gc,phases   ] GC(167) Concurrent Process Non-Strong References 3.772ms
[93.815s][info][gc,phases   ] GC(167) Concurrent Reset Relocation Set 0.003ms
[93.817s][info][gc,phases   ] GC(167) Concurrent Select Relocation Set 2.063ms
[93.817s][info][gc,phases   ] GC(167) Pause Relocate Start 0.010ms
[93.817s][info][gc,phases   ] GC(167) Concurrent Relocate 0.408ms
[93.817s][info][gc,load     ] GC(167) Load: 0.00/0.00/0.00
[93.817s][info][gc,mmu      ] GC(167) MMU: 2ms/96.2%, 5ms/98.5%, 10ms/99.0%, 20ms/99.5%, 50ms/99.8%, 100ms/99.9%
[93.817s][info][gc,marking  ] GC(167) Mark: 1 stripe(s), 2 proactive flush(es), 1 terminate flush(es), 0 completion(s), 0 continuation(s) 
[93.817s][info][gc,marking  ] GC(167) Mark Stack Usage: 32M
[93.817s][info][gc,nmethod  ] GC(167) NMethods: 1375 registered, 35 unregistered
[93.817s][info][gc,metaspace] GC(167) Metaspace: 11M used, 11M committed, 1088M reserved
[93.817s][info][gc,ref      ] GC(167) Soft: 197 encountered, 0 discovered, 0 enqueued
[93.817s][info][gc,ref      ] GC(167) Weak: 695 encountered, 187 discovered, 0 enqueued
[93.817s][info][gc,ref      ] GC(167) Final: 0 encountered, 0 discovered, 0 enqueued
[93.818s][info][gc,ref      ] GC(167) Phantom: 36 encountered, 21 discovered, 0 enqueued
[93.818s][info][gc,reloc    ] GC(167) Small Pages: 1191 / 2382M, Empty: 2262M, Relocated: 0M, In-Place: 0
[93.818s][info][gc,reloc    ] GC(167) Medium Pages: 12 / 384M, Empty: 352M, Relocated: 0M, In-Place: 0
[93.818s][info][gc,reloc    ] GC(167) Large Pages: 1 / 6M, Empty: 0M, Relocated: 0M, In-Place: 0
[93.818s][info][gc,reloc    ] GC(167) Forwarding Usage: 0M
[93.818s][info][gc,heap     ] GC(167) Min Capacity: 4096M(100%)
[93.818s][info][gc,heap     ] GC(167) Max Capacity: 4096M(100%)
[93.818s][info][gc,heap     ] GC(167) Soft Max Capacity: 4096M(100%)
[93.818s][info][gc,heap     ] GC(167)                Mark Start          Mark End        Relocate Start      Relocate End           High               Low         
[93.818s][info][gc,heap     ] GC(167)  Capacity:     4096M (100%)       4096M (100%)       4096M (100%)       4096M (100%)       4096M (100%)       4096M (100%)   
[93.818s][info][gc,heap     ] GC(167)      Free:     1324M (32%)         334M (8%)         2948M (72%)        2976M (73%)        2976M (73%)         334M (8%)     
[93.818s][info][gc,heap     ] GC(167)      Used:     2772M (68%)        3762M (92%)        1148M (28%)        1120M (27%)        3762M (92%)        1120M (27%)    
[93.818s][info][gc,heap     ] GC(167)      Live:         -                99M (2%)           99M (2%)           99M (2%)             -                  -          
[93.818s][info][gc,heap     ] GC(167) Allocated:         -               990M (24%)         990M (24%)         989M (24%)            -                  -          
[93.818s][info][gc,heap     ] GC(167)   Garbage:         -              2672M (65%)          58M (1%)           30M (1%)             -                  -          
[93.818s][info][gc,heap     ] GC(167) Reclaimed:         -                  -              2614M (64%)        2641M (65%)            -                  -          
[93.818s][info][gc          ] GC(167) Garbage Collection (Allocation Rate) 2772M(68%)->1120M(27%)
[94.078s][info][gc,start    ] GC(168) Garbage Collection (Allocation Rate)
[94.078s][info][gc,task     ] GC(168) Using 1 workers
[94.078s][info][gc,phases   ] GC(168) Pause Mark Start 0.011ms
[94.215s][info][gc,phases   ] GC(168) Concurrent Mark 136.705ms
[94.215s][info][gc,phases   ] GC(168) Pause Mark End 0.013ms
[94.215s][info][gc,phases   ] GC(168) Concurrent Mark Free 0.001ms
[94.219s][info][gc,phases   ] GC(168) Concurrent Process Non-Strong References 3.933ms
[94.219s][info][gc,phases   ] GC(168) Concurrent Reset Relocation Set 0.003ms
[94.223s][info][gc,phases   ] GC(168) Concurrent Select Relocation Set 4.050ms
[94.223s][info][gc,phases   ] GC(168) Pause Relocate Start 0.026ms
[94.225s][info][gc,phases   ] GC(168) Concurrent Relocate 1.213ms
[94.225s][info][gc,load     ] GC(168) Load: 0.00/0.00/0.00
[94.225s][info][gc,mmu      ] GC(168) MMU: 2ms/96.2%, 5ms/98.5%, 10ms/99.0%, 20ms/99.5%, 50ms/99.8%, 100ms/99.9%
[94.225s][info][gc,marking  ] GC(168) Mark: 1 stripe(s), 2 proactive flush(es), 1 terminate flush(es), 0 completion(s), 0 continuation(s) 
[94.225s][info][gc,marking  ] GC(168) Mark Stack Usage: 32M
[94.225s][info][gc,nmethod  ] GC(168) NMethods: 1375 registered, 35 unregistered
[94.225s][info][gc,metaspace] GC(168) Metaspace: 11M used, 11M committed, 1088M reserved
[94.225s][info][gc,ref      ] GC(168) Soft: 197 encountered, 0 discovered, 0 enqueued
[94.225s][info][gc,ref      ] GC(168) Weak: 695 encountered, 554 discovered, 0 enqueued
[94.225s][info][gc,ref      ] GC(168) Final: 0 encountered, 0 discovered, 0 enqueued
[94.225s][info][gc,ref      ] GC(168) Phantom: 36 encountered, 17 discovered, 0 enqueued
[94.225s][info][gc,reloc    ] GC(168) Small Pages: 991 / 1982M, Empty: 1836M, Relocated: 3M, In-Place: 0
[94.225s][info][gc,reloc    ] GC(168) Medium Pages: 11 / 352M, Empty: 320M, Relocated: 0M, In-Place: 0
[94.225s][info][gc,reloc    ] GC(168) Large Pages: 1 / 6M, Empty: 0M, Relocated: 0M, In-Place: 0
[94.225s][info][gc,reloc    ] GC(168) Forwarding Usage: 0M
[94.225s][info][gc,heap     ] GC(168) Min Capacity: 4096M(100%)
[94.225s][info][gc,heap     ] GC(168) Max Capacity: 4096M(100%)
[94.225s][info][gc,heap     ] GC(168) Soft Max Capacity: 4096M(100%)
[94.225s][info][gc,heap     ] GC(168)                Mark Start          Mark End        Relocate Start      Relocate End           High               Low         
[94.225s][info][gc,heap     ] GC(168)  Capacity:     4096M (100%)       4096M (100%)       4096M (100%)       4096M (100%)       4096M (100%)       4096M (100%)   
[94.225s][info][gc,heap     ] GC(168)      Free:     1756M (43%)        1228M (30%)        3338M (81%)        3384M (83%)        3384M (83%)        1206M (29%)    
[94.225s][info][gc,heap     ] GC(168)      Used:     2340M (57%)        2868M (70%)         758M (19%)         712M (17%)        2890M (71%)         712M (17%)    
[94.225s][info][gc,heap     ] GC(168)      Live:         -                99M (2%)           99M (2%)           99M (2%)             -                  -          
[94.225s][info][gc,heap     ] GC(168) Allocated:         -               528M (13%)         574M (14%)         577M (14%)            -                  -          
[94.225s][info][gc,heap     ] GC(168)   Garbage:         -              2240M (55%)          84M (2%)           34M (1%)             -                  -          
[94.225s][info][gc,heap     ] GC(168) Reclaimed:         -                  -              2156M (53%)        2205M (54%)            -                  -          
[94.225s][info][gc          ] GC(168) Garbage Collection (Allocation Rate) 2340M(57%)->712M(17%)
[94.580s][info][gc,start    ] GC(169) Garbage Collection (Allocation Rate)
[94.580s][info][gc,task     ] GC(169) Using 1 workers
[94.580s][info][gc,phases   ] GC(169) Pause Mark Start 0.009ms
[94.722s][info][gc,phases   ] GC(169) Concurrent Mark 141.817ms
[94.723s][info][gc,phases   ] GC(169) Pause Mark End 0.023ms
[94.723s][info][gc,phases   ] GC(169) Concurrent Mark Free 0.001ms
[94.727s][info][gc,phases   ] GC(169) Concurrent Process Non-Strong References 4.000ms
[94.727s][info][gc,phases   ] GC(169) Concurrent Reset Relocation Set 0.004ms
[94.730s][info][gc,phases   ] GC(169) Concurrent Select Relocation Set 3.414ms
[94.730s][info][gc,phases   ] GC(169) Pause Relocate Start 0.016ms
[94.731s][info][gc,phases   ] GC(169) Concurrent Relocate 0.355ms
[94.731s][info][gc,load     ] GC(169) Load: 0.00/0.00/0.00
[94.731s][info][gc,mmu      ] GC(169) MMU: 2ms/96.2%, 5ms/98.5%, 10ms/99.0%, 20ms/99.5%, 50ms/99.8%, 100ms/99.9%
[94.731s][info][gc,marking  ] GC(169) Mark: 1 stripe(s), 2 proactive flush(es), 1 terminate flush(es), 0 completion(s), 0 continuation(s) 
[94.731s][info][gc,marking  ] GC(169) Mark Stack Usage: 32M
[94.731s][info][gc,nmethod  ] GC(169) NMethods: 1375 registered, 35 unregistered
[94.731s][info][gc,metaspace] GC(169) Metaspace: 11M used, 11M committed, 1088M reserved
[94.731s][info][gc,ref      ] GC(169) Soft: 197 encountered, 0 discovered, 0 enqueued
[94.731s][info][gc,ref      ] GC(169) Weak: 695 encountered, 187 discovered, 0 enqueued
[94.731s][info][gc,ref      ] GC(169) Final: 0 encountered, 0 discovered, 0 enqueued
[94.731s][info][gc,ref      ] GC(169) Phantom: 36 encountered, 21 discovered, 0 enqueued
[94.731s][info][gc,reloc    ] GC(169) Small Pages: 972 / 1944M, Empty: 1818M, Relocated: 1M, In-Place: 0
[94.731s][info][gc,reloc    ] GC(169) Medium Pages: 11 / 352M, Empty: 352M, Relocated: 0M, In-Place: 0
[94.731s][info][gc,reloc    ] GC(169) Large Pages: 1 / 6M, Empty: 0M, Relocated: 0M, In-Place: 0
[94.731s][info][gc,reloc    ] GC(169) Forwarding Usage: 0M
[94.731s][info][gc,heap     ] GC(169) Min Capacity: 4096M(100%)
[94.731s][info][gc,heap     ] GC(169) Max Capacity: 4096M(100%)
[94.731s][info][gc,heap     ] GC(169) Soft Max Capacity: 4096M(100%)
[94.731s][info][gc,heap     ] GC(169)                Mark Start          Mark End        Relocate Start      Relocate End           High               Low         
[94.731s][info][gc,heap     ] GC(169)  Capacity:     4096M (100%)       4096M (100%)       4096M (100%)       4096M (100%)       4096M (100%)       4096M (100%)   
[94.731s][info][gc,heap     ] GC(169)      Free:     1794M (44%)        1202M (29%)        3332M (81%)        3362M (82%)        3362M (82%)        1176M (29%)    
[94.731s][info][gc,heap     ] GC(169)      Used:     2302M (56%)        2894M (71%)         764M (19%)         734M (18%)        2920M (71%)         734M (18%)    
[94.731s][info][gc,heap     ] GC(169)      Live:         -                97M (2%)           97M (2%)           97M (2%)             -                  -          
[94.731s][info][gc,heap     ] GC(169) Allocated:         -               592M (14%)         632M (15%)         633M (15%)            -                  -          
[94.731s][info][gc,heap     ] GC(169)   Garbage:         -              2204M (54%)          34M (1%)            2M (0%)             -                  -          
[94.731s][info][gc,heap     ] GC(169) Reclaimed:         -                  -              2170M (53%)        2201M (54%)            -                  -          
[94.731s][info][gc          ] GC(169) Garbage Collection (Allocation Rate) 2302M(56%)->734M(18%)
[95.177s][info][gc,start    ] GC(170) Garbage Collection (Allocation Rate)
[95.177s][info][gc,task     ] GC(170) Using 1 workers
[95.177s][info][gc,phases   ] GC(170) Pause Mark Start 0.008ms
[95.406s][info][gc,phases   ] GC(170) Concurrent Mark 228.347ms
[95.406s][info][gc,phases   ] GC(170) Pause Mark End 0.014ms
[95.406s][info][gc,phases   ] GC(170) Concurrent Mark Free 0.001ms
[95.413s][info][gc,phases   ] GC(170) Concurrent Process Non-Strong References 6.811ms
[95.413s][info][gc,phases   ] GC(170) Concurrent Reset Relocation Set 0.004ms
[95.417s][info][gc,phases   ] GC(170) Concurrent Select Relocation Set 4.330ms
[95.417s][info][gc,phases   ] GC(170) Pause Relocate Start 0.018ms
[95.418s][info][gc,phases   ] GC(170) Concurrent Relocate 0.773ms
[95.418s][info][gc,load     ] GC(170) Load: 0.00/0.00/0.00
[95.418s][info][gc,mmu      ] GC(170) MMU: 2ms/96.2%, 5ms/98.5%, 10ms/99.0%, 20ms/99.5%, 50ms/99.8%, 100ms/99.9%
[95.418s][info][gc,marking  ] GC(170) Mark: 1 stripe(s), 2 proactive flush(es), 1 terminate flush(es), 0 completion(s), 0 continuation(s) 
[95.418s][info][gc,marking  ] GC(170) Mark Stack Usage: 32M
[95.418s][info][gc,nmethod  ] GC(170) NMethods: 1375 registered, 35 unregistered
[95.418s][info][gc,metaspace] GC(170) Metaspace: 11M used, 11M committed, 1088M reserved
[95.418s][info][gc,ref      ] GC(170) Soft: 197 encountered, 0 discovered, 0 enqueued
[95.418s][info][gc,ref      ] GC(170) Weak: 695 encountered, 187 discovered, 0 enqueued
[95.418s][info][gc,ref      ] GC(170) Final: 0 encountered, 0 discovered, 0 enqueued
[95.418s][info][gc,ref      ] GC(170) Phantom: 36 encountered, 21 discovered, 0 enqueued
[95.418s][info][gc,reloc    ] GC(170) Small Pages: 1196 / 2392M, Empty: 2258M, Relocated: 0M, In-Place: 0
[95.419s][info][gc,reloc    ] GC(170) Medium Pages: 12 / 384M, Empty: 352M, Relocated: 0M, In-Place: 0
[95.419s][info][gc,reloc    ] GC(170) Large Pages: 1 / 6M, Empty: 0M, Relocated: 0M, In-Place: 0
[95.419s][info][gc,reloc    ] GC(170) Forwarding Usage: 0M
[95.419s][info][gc,heap     ] GC(170) Min Capacity: 4096M(100%)
[95.419s][info][gc,heap     ] GC(170) Max Capacity: 4096M(100%)
[95.419s][info][gc,heap     ] GC(170) Soft Max Capacity: 4096M(100%)
[95.419s][info][gc,heap     ] GC(170)                Mark Start          Mark End        Relocate Start      Relocate End           High               Low         
[95.419s][info][gc,heap     ] GC(170)  Capacity:     4096M (100%)       4096M (100%)       4096M (100%)       4096M (100%)       4096M (100%)       4096M (100%)   
[95.419s][info][gc,heap     ] GC(170)      Free:     1314M (32%)         324M (8%)         2866M (70%)        2900M (71%)        2906M (71%)         278M (7%)     
[95.419s][info][gc,heap     ] GC(170)      Used:     2782M (68%)        3772M (92%)        1230M (30%)        1196M (29%)        3818M (93%)        1190M (29%)    
[95.419s][info][gc,heap     ] GC(170)      Live:         -                99M (2%)           99M (2%)           99M (2%)             -                  -          
[95.419s][info][gc,heap     ] GC(170) Allocated:         -               990M (24%)        1058M (26%)        1065M (26%)            -                  -          
[95.419s][info][gc,heap     ] GC(170)   Garbage:         -              2682M (65%)          72M (2%)           30M (1%)             -                  -          
[95.419s][info][gc,heap     ] GC(170) Reclaimed:         -                  -              2610M (64%)        2651M (65%)            -                  -          
[95.419s][info][gc          ] GC(170) Garbage Collection (Allocation Rate) 2782M(68%)->1196M(29%)
[95.680s][info][gc,start    ] GC(171) Garbage Collection (Allocation Rate)
[95.680s][info][gc,task     ] GC(171) Using 1 workers
[95.680s][info][gc,phases   ] GC(171) Pause Mark Start 0.011ms
[95.817s][info][gc,phases   ] GC(171) Concurrent Mark 136.958ms
[95.817s][info][gc,phases   ] GC(171) Pause Mark End 0.013ms
[95.817s][info][gc,phases   ] GC(171) Concurrent Mark Free 0.001ms
[95.821s][info][gc,phases   ] GC(171) Concurrent Process Non-Strong References 3.978ms
[95.821s][info][gc,phases   ] GC(171) Concurrent Reset Relocation Set 0.008ms
[95.825s][info][gc,phases   ] GC(171) Concurrent Select Relocation Set 4.046ms
[95.825s][info][gc,phases   ] GC(171) Pause Relocate Start 0.012ms
[95.826s][info][gc,phases   ] GC(171) Concurrent Relocate 0.544ms
[95.826s][info][gc,load     ] GC(171) Load: 0.00/0.00/0.00
[95.826s][info][gc,mmu      ] GC(171) MMU: 2ms/96.2%, 5ms/98.5%, 10ms/99.0%, 20ms/99.5%, 50ms/99.8%, 100ms/99.9%
[95.826s][info][gc,marking  ] GC(171) Mark: 1 stripe(s), 2 proactive flush(es), 1 terminate flush(es), 0 completion(s), 0 continuation(s) 
[95.826s][info][gc,marking  ] GC(171) Mark Stack Usage: 32M
[95.826s][info][gc,nmethod  ] GC(171) NMethods: 1375 registered, 35 unregistered
[95.826s][info][gc,metaspace] GC(171) Metaspace: 11M used, 11M committed, 1088M reserved
[95.826s][info][gc,ref      ] GC(171) Soft: 197 encountered, 0 discovered, 0 enqueued
[95.826s][info][gc,ref      ] GC(171) Weak: 695 encountered, 554 discovered, 0 enqueued
[95.826s][info][gc,ref      ] GC(171) Final: 0 encountered, 0 discovered, 0 enqueued
[95.826s][info][gc,ref      ] GC(171) Phantom: 36 encountered, 17 discovered, 0 enqueued
[95.826s][info][gc,reloc    ] GC(171) Small Pages: 997 / 1994M, Empty: 1870M, Relocated: 1M, In-Place: 0
[95.826s][info][gc,reloc    ] GC(171) Medium Pages: 11 / 352M, Empty: 320M, Relocated: 0M, In-Place: 0
[95.826s][info][gc,reloc    ] GC(171) Large Pages: 1 / 6M, Empty: 0M, Relocated: 0M, In-Place: 0
[95.826s][info][gc,reloc    ] GC(171) Forwarding Usage: 0M
[95.826s][info][gc,heap     ] GC(171) Min Capacity: 4096M(100%)
[95.826s][info][gc,heap     ] GC(171) Max Capacity: 4096M(100%)
[95.826s][info][gc,heap     ] GC(171) Soft Max Capacity: 4096M(100%)
[95.826s][info][gc,heap     ] GC(171)                Mark Start          Mark End        Relocate Start      Relocate End           High               Low         
[95.826s][info][gc,heap     ] GC(171)  Capacity:     4096M (100%)       4096M (100%)       4096M (100%)       4096M (100%)       4096M (100%)       4096M (100%)   
[95.826s][info][gc,heap     ] GC(171)      Free:     1744M (43%)        1230M (30%)        3384M (83%)        3408M (83%)        3408M (83%)        1214M (30%)    
[95.826s][info][gc,heap     ] GC(171)      Used:     2352M (57%)        2866M (70%)         712M (17%)         688M (17%)        2882M (70%)         688M (17%)    
[95.826s][info][gc,heap     ] GC(171)      Live:         -               100M (2%)          100M (2%)          100M (2%)             -                  -          
[95.826s][info][gc,heap     ] GC(171) Allocated:         -               514M (13%)         550M (13%)         555M (14%)            -                  -          
[95.826s][info][gc,heap     ] GC(171)   Garbage:         -              2251M (55%)          61M (2%)           31M (1%)             -                  -          
[95.826s][info][gc,heap     ] GC(171) Reclaimed:         -                  -              2190M (53%)        2219M (54%)            -                  -          
[95.826s][info][gc          ] GC(171) Garbage Collection (Allocation Rate) 2352M(57%)->688M(17%)
[96.182s][info][gc,start    ] GC(172) Garbage Collection (Allocation Rate)
[96.182s][info][gc,task     ] GC(172) Using 1 workers
[96.183s][info][gc,phases   ] GC(172) Pause Mark Start 0.007ms
[96.324s][info][gc,phases   ] GC(172) Concurrent Mark 141.344ms
[96.324s][info][gc,phases   ] GC(172) Pause Mark End 0.019ms
[96.324s][info][gc,phases   ] GC(172) Concurrent Mark Free 0.002ms
[96.327s][info][gc,phases   ] GC(172) Concurrent Process Non-Strong References 2.328ms
[96.327s][info][gc,phases   ] GC(172) Concurrent Reset Relocation Set 0.002ms
[96.328s][info][gc,phases   ] GC(172) Concurrent Select Relocation Set 1.789ms
[96.329s][info][gc,phases   ] GC(172) Pause Relocate Start 0.012ms
[96.329s][info][gc,phases   ] GC(172) Concurrent Relocate 0.801ms
[96.329s][info][gc,load     ] GC(172) Load: 0.00/0.00/0.00
[96.329s][info][gc,mmu      ] GC(172) MMU: 2ms/96.2%, 5ms/98.5%, 10ms/99.0%, 20ms/99.5%, 50ms/99.8%, 100ms/99.9%
[96.329s][info][gc,marking  ] GC(172) Mark: 1 stripe(s), 2 proactive flush(es), 1 terminate flush(es), 0 completion(s), 0 continuation(s) 
[96.329s][info][gc,marking  ] GC(172) Mark Stack Usage: 32M
[96.330s][info][gc,nmethod  ] GC(172) NMethods: 1375 registered, 35 unregistered
[96.330s][info][gc,metaspace] GC(172) Metaspace: 11M used, 11M committed, 1088M reserved
[96.330s][info][gc,ref      ] GC(172) Soft: 197 encountered, 0 discovered, 0 enqueued
[96.330s][info][gc,ref      ] GC(172) Weak: 695 encountered, 187 discovered, 0 enqueued
[96.330s][info][gc,ref      ] GC(172) Final: 0 encountered, 0 discovered, 0 enqueued
[96.330s][info][gc,ref      ] GC(172) Phantom: 36 encountered, 21 discovered, 0 enqueued
[96.330s][info][gc,reloc    ] GC(172) Small Pages: 985 / 1970M, Empty: 1826M, Relocated: 3M, In-Place: 0
[96.330s][info][gc,reloc    ] GC(172) Medium Pages: 11 / 352M, Empty: 352M, Relocated: 0M, In-Place: 0
[96.330s][info][gc,reloc    ] GC(172) Large Pages: 1 / 6M, Empty: 0M, Relocated: 0M, In-Place: 0
[96.330s][info][gc,reloc    ] GC(172) Forwarding Usage: 0M
[96.330s][info][gc,heap     ] GC(172) Min Capacity: 4096M(100%)
[96.330s][info][gc,heap     ] GC(172) Max Capacity: 4096M(100%)
[96.330s][info][gc,heap     ] GC(172) Soft Max Capacity: 4096M(100%)
[96.330s][info][gc,heap     ] GC(172)                Mark Start          Mark End        Relocate Start      Relocate End           High               Low         
[96.330s][info][gc,heap     ] GC(172)  Capacity:     4096M (100%)       4096M (100%)       4096M (100%)       4096M (100%)       4096M (100%)       4096M (100%)   
[96.330s][info][gc,heap     ] GC(172)      Free:     1768M (43%)        1702M (42%)        3880M (95%)        3928M (96%)        3928M (96%)        1702M (42%)    
[96.330s][info][gc,heap     ] GC(172)      Used:     2328M (57%)        2394M (58%)         216M (5%)          168M (4%)         2394M (58%)         168M (4%)     
[96.330s][info][gc,heap     ] GC(172)      Live:         -                99M (2%)           99M (2%)           99M (2%)             -                  -          
[96.330s][info][gc,heap     ] GC(172) Allocated:         -                66M (2%)           66M (2%)           66M (2%)             -                  -          
[96.330s][info][gc,heap     ] GC(172)   Garbage:         -              2228M (54%)          50M (1%)            2M (0%)             -                  -          
[96.330s][info][gc,heap     ] GC(172) Reclaimed:         -                  -              2178M (53%)        2226M (54%)            -                  -          
[96.330s][info][gc          ] GC(172) Garbage Collection (Allocation Rate) 2328M(57%)->168M(4%)
[96.330s][info][gc,start    ] GC(173) Garbage Collection (System.gc())
[96.330s][info][gc,task     ] GC(173) Using 2 workers
[96.330s][info][gc,phases   ] GC(173) Pause Mark Start 0.013ms
[96.386s][info][gc,phases   ] GC(173) Concurrent Mark 56.419ms
[96.387s][info][gc,phases   ] GC(173) Pause Mark End 0.026ms
[96.387s][info][gc,phases   ] GC(173) Concurrent Mark Free 0.003ms
[96.389s][info][gc,phases   ] GC(173) Concurrent Process Non-Strong References 1.764ms
[96.389s][info][gc,phases   ] GC(173) Concurrent Reset Relocation Set 0.002ms
[96.390s][info][gc,phases   ] GC(173) Concurrent Select Relocation Set 1.683ms
[96.390s][info][gc,phases   ] GC(173) Pause Relocate Start 0.005ms
[96.391s][info][gc,phases   ] GC(173) Concurrent Relocate 0.351ms
[96.391s][info][gc,load     ] GC(173) Load: 0.00/0.00/0.00
[96.391s][info][gc,mmu      ] GC(173) MMU: 2ms/96.2%, 5ms/98.5%, 10ms/99.0%, 20ms/99.5%, 50ms/99.8%, 100ms/99.9%
[96.391s][info][gc,marking  ] GC(173) Mark: 2 stripe(s), 1 proactive flush(es), 1 terminate flush(es), 0 completion(s), 0 continuation(s) 
[96.391s][info][gc,marking  ] GC(173) Mark Stack Usage: 32M
[96.391s][info][gc,nmethod  ] GC(173) NMethods: 1375 registered, 35 unregistered
[96.391s][info][gc,metaspace] GC(173) Metaspace: 11M used, 11M committed, 1088M reserved
[96.391s][info][gc,ref      ] GC(173) Soft: 197 encountered, 0 discovered, 0 enqueued
[96.391s][info][gc,ref      ] GC(173) Weak: 695 encountered, 51 discovered, 0 enqueued
[96.391s][info][gc,ref      ] GC(173) Final: 0 encountered, 0 discovered, 0 enqueued
[96.391s][info][gc,ref      ] GC(173) Phantom: 36 encountered, 15 discovered, 0 enqueued
[96.391s][info][gc,reloc    ] GC(173) Small Pages: 65 / 130M, Empty: 34M, Relocated: 0M, In-Place: 0
[96.391s][info][gc,reloc    ] GC(173) Medium Pages: 1 / 32M, Empty: 32M, Relocated: 0M, In-Place: 0
[96.391s][info][gc,reloc    ] GC(173) Large Pages: 1 / 6M, Empty: 0M, Relocated: 0M, In-Place: 0
[96.391s][info][gc,reloc    ] GC(173) Forwarding Usage: 0M
[96.391s][info][gc,heap     ] GC(173) Min Capacity: 4096M(100%)
[96.391s][info][gc,heap     ] GC(173) Max Capacity: 4096M(100%)
[96.391s][info][gc,heap     ] GC(173) Soft Max Capacity: 4096M(100%)
[96.391s][info][gc,heap     ] GC(173)                Mark Start          Mark End        Relocate Start      Relocate End           High               Low         
[96.391s][info][gc,heap     ] GC(173)  Capacity:     4096M (100%)       4096M (100%)       4096M (100%)       4096M (100%)       4096M (100%)       4096M (100%)   
[96.391s][info][gc,heap     ] GC(173)      Free:     3928M (96%)        3928M (96%)        3994M (98%)        3996M (98%)        3996M (98%)        3928M (96%)    
[96.391s][info][gc,heap     ] GC(173)      Used:      168M (4%)          168M (4%)          102M (2%)          100M (2%)          168M (4%)          100M (2%)     
[96.391s][info][gc,heap     ] GC(173)      Live:         -                95M (2%)           95M (2%)           95M (2%)             -                  -          
[96.391s][info][gc,heap     ] GC(173) Allocated:         -                 0M (0%)            0M (0%)            0M (0%)             -                  -          
[96.391s][info][gc,heap     ] GC(173)   Garbage:         -                72M (2%)            6M (0%)            4M (0%)             -                  -          
[96.391s][info][gc,heap     ] GC(173) Reclaimed:         -                  -                66M (2%)           68M (2%)             -                  -          
[96.391s][info][gc          ] GC(173) Garbage Collection (System.gc()) 168M(4%)->100M(2%)
[96.984s][info][gc,start    ] GC(174) Garbage Collection (Allocation Rate)
[96.984s][info][gc,task     ] GC(174) Using 1 workers
[96.984s][info][gc,phases   ] GC(174) Pause Mark Start 0.013ms
[97.164s][info][gc,phases   ] GC(174) Concurrent Mark 180.601ms
[97.165s][info][gc,phases   ] GC(174) Pause Mark End 0.013ms
[97.165s][info][gc,phases   ] GC(174) Concurrent Mark Free 0.001ms
[97.172s][info][gc,phases   ] GC(174) Concurrent Process Non-Strong References 7.798ms
[97.173s][info][gc,phases   ] GC(174) Concurrent Reset Relocation Set 0.003ms
[97.177s][info][gc,phases   ] GC(174) Concurrent Select Relocation Set 4.070ms
[97.177s][info][gc,phases   ] GC(174) Pause Relocate Start 0.012ms
[97.179s][info][gc,phases   ] GC(174) Concurrent Relocate 1.682ms
[97.179s][info][gc,load     ] GC(174) Load: 0.00/0.00/0.00
[97.179s][info][gc,mmu      ] GC(174) MMU: 2ms/96.2%, 5ms/98.5%, 10ms/99.0%, 20ms/99.5%, 50ms/99.8%, 100ms/99.9%
[97.179s][info][gc,marking  ] GC(174) Mark: 1 stripe(s), 2 proactive flush(es), 1 terminate flush(es), 0 completion(s), 0 continuation(s) 
[97.179s][info][gc,marking  ] GC(174) Mark Stack Usage: 32M
[97.179s][info][gc,nmethod  ] GC(174) NMethods: 1381 registered, 35 unregistered
[97.179s][info][gc,metaspace] GC(174) Metaspace: 11M used, 11M committed, 1088M reserved
[97.179s][info][gc,ref      ] GC(174) Soft: 197 encountered, 0 discovered, 0 enqueued
[97.179s][info][gc,ref      ] GC(174) Weak: 695 encountered, 187 discovered, 0 enqueued
[97.179s][info][gc,ref      ] GC(174) Final: 0 encountered, 0 discovered, 0 enqueued
[97.179s][info][gc,ref      ] GC(174) Phantom: 36 encountered, 21 discovered, 0 enqueued
[97.179s][info][gc,reloc    ] GC(174) Small Pages: 1224 / 2448M, Empty: 2316M, Relocated: 3M, In-Place: 0
[97.179s][info][gc,reloc    ] GC(174) Medium Pages: 12 / 384M, Empty: 384M, Relocated: 0M, In-Place: 0
[97.179s][info][gc,reloc    ] GC(174) Large Pages: 1 / 6M, Empty: 0M, Relocated: 0M, In-Place: 0
[97.179s][info][gc,reloc    ] GC(174) Forwarding Usage: 0M
[97.179s][info][gc,heap     ] GC(174) Min Capacity: 4096M(100%)
[97.179s][info][gc,heap     ] GC(174) Max Capacity: 4096M(100%)
[97.179s][info][gc,heap     ] GC(174) Soft Max Capacity: 4096M(100%)
[97.179s][info][gc,heap     ] GC(174)                Mark Start          Mark End        Relocate Start      Relocate End           High               Low         
[97.179s][info][gc,heap     ] GC(174)  Capacity:     4096M (100%)       4096M (100%)       4096M (100%)       4096M (100%)       4096M (100%)       4096M (100%)   
[97.179s][info][gc,heap     ] GC(174)      Free:     1258M (31%)         504M (12%)        3126M (76%)        3160M (77%)        3162M (77%)         450M (11%)    
[97.179s][info][gc,heap     ] GC(174)      Used:     2838M (69%)        3592M (88%)         970M (24%)         936M (23%)        3646M (89%)         934M (23%)    
[97.179s][info][gc,heap     ] GC(174)      Live:         -                98M (2%)           98M (2%)           98M (2%)             -                  -          
[97.179s][info][gc,heap     ] GC(174) Allocated:         -               754M (18%)         832M (20%)         835M (20%)            -                  -          
[97.179s][info][gc,heap     ] GC(174)   Garbage:         -              2739M (67%)          39M (1%)            1M (0%)             -                  -          
[97.179s][info][gc,heap     ] GC(174) Reclaimed:         -                  -              2700M (66%)        2737M (67%)            -                  -          
[97.179s][info][gc          ] GC(174) Garbage Collection (Allocation Rate) 2838M(69%)->936M(23%)
[97.486s][info][gc,start    ] GC(175) Garbage Collection (Allocation Rate)
[97.486s][info][gc,task     ] GC(175) Using 1 workers
[97.486s][info][gc,phases   ] GC(175) Pause Mark Start 0.007ms
[97.618s][info][gc,phases   ] GC(175) Concurrent Mark 132.246ms
[97.619s][info][gc,phases   ] GC(175) Pause Mark End 0.014ms
[97.619s][info][gc,phases   ] GC(175) Concurrent Mark Free 0.001ms
[97.622s][info][gc,phases   ] GC(175) Concurrent Process Non-Strong References 3.654ms
[97.622s][info][gc,phases   ] GC(175) Concurrent Reset Relocation Set 0.003ms
[97.625s][info][gc,phases   ] GC(175) Concurrent Select Relocation Set 2.705ms
[97.625s][info][gc,phases   ] GC(175) Pause Relocate Start 0.010ms
[97.626s][info][gc,phases   ] GC(175) Concurrent Relocate 0.581ms
[97.626s][info][gc,load     ] GC(175) Load: 0.00/0.00/0.00
[97.626s][info][gc,mmu      ] GC(175) MMU: 2ms/96.2%, 5ms/98.5%, 10ms/99.0%, 20ms/99.5%, 50ms/99.8%, 100ms/99.9%
[97.626s][info][gc,marking  ] GC(175) Mark: 1 stripe(s), 2 proactive flush(es), 1 terminate flush(es), 0 completion(s), 0 continuation(s) 
[97.626s][info][gc,marking  ] GC(175) Mark Stack Usage: 32M
[97.626s][info][gc,nmethod  ] GC(175) NMethods: 1381 registered, 35 unregistered
[97.626s][info][gc,metaspace] GC(175) Metaspace: 11M used, 11M committed, 1088M reserved
[97.626s][info][gc,ref      ] GC(175) Soft: 197 encountered, 0 discovered, 0 enqueued
[97.626s][info][gc,ref      ] GC(175) Weak: 695 encountered, 187 discovered, 0 enqueued
[97.626s][info][gc,ref      ] GC(175) Final: 0 encountered, 0 discovered, 0 enqueued
[97.626s][info][gc,ref      ] GC(175) Phantom: 36 encountered, 21 discovered, 0 enqueued
[97.626s][info][gc,reloc    ] GC(175) Small Pages: 979 / 1958M, Empty: 1828M, Relocated: 1M, In-Place: 0
[97.626s][info][gc,reloc    ] GC(175) Medium Pages: 10 / 320M, Empty: 320M, Relocated: 0M, In-Place: 0
[97.626s][info][gc,reloc    ] GC(175) Large Pages: 1 / 6M, Empty: 0M, Relocated: 0M, In-Place: 0
[97.626s][info][gc,reloc    ] GC(175) Forwarding Usage: 0M
[97.626s][info][gc,heap     ] GC(175) Min Capacity: 4096M(100%)
[97.626s][info][gc,heap     ] GC(175) Max Capacity: 4096M(100%)
[97.626s][info][gc,heap     ] GC(175) Soft Max Capacity: 4096M(100%)
[97.626s][info][gc,heap     ] GC(175)                Mark Start          Mark End        Relocate Start      Relocate End           High               Low         
[97.626s][info][gc,heap     ] GC(175)  Capacity:     4096M (100%)       4096M (100%)       4096M (100%)       4096M (100%)       4096M (100%)       4096M (100%)   
[97.626s][info][gc,heap     ] GC(175)      Free:     1812M (44%)        1226M (30%)        3362M (82%)        3400M (83%)        3400M (83%)        1216M (30%)    
[97.626s][info][gc,heap     ] GC(175)      Used:     2284M (56%)        2870M (70%)         734M (18%)         696M (17%)        2880M (70%)         696M (17%)    
[97.626s][info][gc,heap     ] GC(175)      Live:         -                95M (2%)           95M (2%)           95M (2%)             -                  -          
[97.626s][info][gc,heap     ] GC(175) Allocated:         -               586M (14%)         598M (15%)         597M (15%)            -                  -          
[97.626s][info][gc,heap     ] GC(175)   Garbage:         -              2188M (53%)          40M (1%)            2M (0%)             -                  -          
[97.626s][info][gc,heap     ] GC(175) Reclaimed:         -                  -              2148M (52%)        2185M (53%)            -                  -          
[97.626s][info][gc          ] GC(175) Garbage Collection (Allocation Rate) 2284M(56%)->696M(17%)
[97.973s][info][gc,start    ] GC(176) Garbage Collection (Allocation Rate)
[97.973s][info][gc,task     ] GC(176) Using 1 workers
[97.973s][info][gc,phases   ] GC(176) Pause Mark Start 0.009ms
[98.113s][info][gc,phases   ] GC(176) Concurrent Mark 140.330ms
[98.114s][info][gc,phases   ] GC(176) Pause Mark End 0.019ms
[98.114s][info][gc,phases   ] GC(176) Concurrent Mark Free 0.002ms
[98.122s][info][gc,phases   ] GC(176) Concurrent Process Non-Strong References 8.420ms
[98.122s][info][gc,phases   ] GC(176) Concurrent Reset Relocation Set 0.006ms
[98.126s][info][gc,phases   ] GC(176) Concurrent Select Relocation Set 3.682ms
[98.126s][info][gc,phases   ] GC(176) Pause Relocate Start 0.009ms
[98.131s][info][gc,phases   ] GC(176) Concurrent Relocate 4.329ms
[98.131s][info][gc,load     ] GC(176) Load: 0.00/0.00/0.00
[98.131s][info][gc,mmu      ] GC(176) MMU: 2ms/96.2%, 5ms/98.5%, 10ms/99.0%, 20ms/99.5%, 50ms/99.8%, 100ms/99.9%
[98.131s][info][gc,marking  ] GC(176) Mark: 1 stripe(s), 2 proactive flush(es), 1 terminate flush(es), 0 completion(s), 0 continuation(s) 
[98.131s][info][gc,marking  ] GC(176) Mark Stack Usage: 32M
[98.131s][info][gc,nmethod  ] GC(176) NMethods: 1381 registered, 35 unregistered
[98.131s][info][gc,metaspace] GC(176) Metaspace: 11M used, 11M committed, 1088M reserved
[98.131s][info][gc,ref      ] GC(176) Soft: 197 encountered, 0 discovered, 0 enqueued
[98.131s][info][gc,ref      ] GC(176) Weak: 695 encountered, 554 discovered, 0 enqueued
[98.131s][info][gc,ref      ] GC(176) Final: 0 encountered, 0 discovered, 0 enqueued
[98.131s][info][gc,ref      ] GC(176) Phantom: 36 encountered, 17 discovered, 0 enqueued
[98.131s][info][gc,reloc    ] GC(176) Small Pages: 988 / 1976M, Empty: 1822M, Relocated: 6M, In-Place: 0
[98.131s][info][gc,reloc    ] GC(176) Medium Pages: 10 / 320M, Empty: 320M, Relocated: 0M, In-Place: 0
[98.131s][info][gc,reloc    ] GC(176) Large Pages: 1 / 6M, Empty: 0M, Relocated: 0M, In-Place: 0
[98.131s][info][gc,reloc    ] GC(176) Forwarding Usage: 1M
[98.131s][info][gc,heap     ] GC(176) Min Capacity: 4096M(100%)
[98.131s][info][gc,heap     ] GC(176) Max Capacity: 4096M(100%)
[98.131s][info][gc,heap     ] GC(176) Soft Max Capacity: 4096M(100%)
[98.131s][info][gc,heap     ] GC(176)                Mark Start          Mark End        Relocate Start      Relocate End           High               Low         
[98.131s][info][gc,heap     ] GC(176)  Capacity:     4096M (100%)       4096M (100%)       4096M (100%)       4096M (100%)       4096M (100%)       4096M (100%)   
[98.131s][info][gc,heap     ] GC(176)      Free:     1794M (44%)        1252M (31%)        3324M (81%)        3382M (83%)        3382M (83%)        1198M (29%)    
[98.131s][info][gc,heap     ] GC(176)      Used:     2302M (56%)        2844M (69%)         772M (19%)         714M (17%)        2898M (71%)         714M (17%)    
[98.131s][info][gc,heap     ] GC(176)      Live:         -               100M (2%)          100M (2%)          100M (2%)             -                  -          
[98.131s][info][gc,heap     ] GC(176) Allocated:         -               542M (13%)         612M (15%)         611M (15%)            -                  -          
[98.131s][info][gc,heap     ] GC(176)   Garbage:         -              2201M (54%)          59M (1%)            1M (0%)             -                  -          
[98.131s][info][gc,heap     ] GC(176) Reclaimed:         -                  -              2142M (52%)        2199M (54%)            -                  -          
[98.131s][info][gc          ] GC(176) Garbage Collection (Allocation Rate) 2302M(56%)->714M(17%)
[98.585s][info][gc,start    ] GC(177) Garbage Collection (Allocation Rate)
[98.585s][info][gc,task     ] GC(177) Using 1 workers
[98.585s][info][gc,phases   ] GC(177) Pause Mark Start 0.009ms
[98.725s][info][gc,phases   ] GC(177) Concurrent Mark 139.963ms
[98.726s][info][gc,phases   ] GC(177) Pause Mark End 0.018ms
[98.726s][info][gc,phases   ] GC(177) Concurrent Mark Free 0.001ms
[98.731s][info][gc,phases   ] GC(177) Concurrent Process Non-Strong References 5.429ms
[98.731s][info][gc,phases   ] GC(177) Concurrent Reset Relocation Set 0.005ms
[98.736s][info][gc,phases   ] GC(177) Concurrent Select Relocation Set 4.479ms
[98.736s][info][gc,phases   ] GC(177) Pause Relocate Start 0.019ms
[98.738s][info][gc,phases   ] GC(177) Concurrent Relocate 2.370ms
[98.739s][info][gc,load     ] GC(177) Load: 0.00/0.00/0.00
[98.739s][info][gc,mmu      ] GC(177) MMU: 2ms/96.2%, 5ms/98.5%, 10ms/99.0%, 20ms/99.5%, 50ms/99.8%, 100ms/99.9%
[98.739s][info][gc,marking  ] GC(177) Mark: 1 stripe(s), 2 proactive flush(es), 1 terminate flush(es), 0 completion(s), 0 continuation(s) 
[98.739s][info][gc,marking  ] GC(177) Mark Stack Usage: 32M
[98.739s][info][gc,nmethod  ] GC(177) NMethods: 1381 registered, 35 unregistered
[98.739s][info][gc,metaspace] GC(177) Metaspace: 11M used, 11M committed, 1088M reserved
[98.739s][info][gc,ref      ] GC(177) Soft: 197 encountered, 0 discovered, 0 enqueued
[98.739s][info][gc,ref      ] GC(177) Weak: 695 encountered, 554 discovered, 0 enqueued
[98.739s][info][gc,ref      ] GC(177) Final: 0 encountered, 0 discovered, 0 enqueued
[98.739s][info][gc,ref      ] GC(177) Phantom: 36 encountered, 17 discovered, 0 enqueued
[98.739s][info][gc,reloc    ] GC(177) Small Pages: 1209 / 2418M, Empty: 2268M, Relocated: 4M, In-Place: 0
[98.739s][info][gc,reloc    ] GC(177) Medium Pages: 12 / 384M, Empty: 352M, Relocated: 0M, In-Place: 0
[98.739s][info][gc,reloc    ] GC(177) Large Pages: 1 / 6M, Empty: 0M, Relocated: 0M, In-Place: 0
[98.739s][info][gc,reloc    ] GC(177) Forwarding Usage: 0M
[98.739s][info][gc,heap     ] GC(177) Min Capacity: 4096M(100%)
[98.739s][info][gc,heap     ] GC(177) Max Capacity: 4096M(100%)
[98.739s][info][gc,heap     ] GC(177) Soft Max Capacity: 4096M(100%)
[98.739s][info][gc,heap     ] GC(177)                Mark Start          Mark End        Relocate Start      Relocate End           High               Low         
[98.739s][info][gc,heap     ] GC(177)  Capacity:     4096M (100%)       4096M (100%)       4096M (100%)       4096M (100%)       4096M (100%)       4096M (100%)   
[98.739s][info][gc,heap     ] GC(177)      Free:     1288M (31%)         750M (18%)        3304M (81%)        3354M (82%)        3358M (82%)         712M (17%)    
[98.739s][info][gc,heap     ] GC(177)      Used:     2808M (69%)        3346M (82%)         792M (19%)         742M (18%)        3384M (83%)         738M (18%)    
[98.739s][info][gc,heap     ] GC(177)      Live:         -                99M (2%)           99M (2%)           99M (2%)             -                  -          
[98.739s][info][gc,heap     ] GC(177) Allocated:         -               538M (13%)         604M (15%)         607M (15%)            -                  -          
[98.739s][info][gc,heap     ] GC(177)   Garbage:         -              2708M (66%)          88M (2%)           34M (1%)             -                  -          
[98.739s][info][gc,heap     ] GC(177) Reclaimed:         -                  -              2620M (64%)        2673M (65%)            -                  -          
[98.739s][info][gc          ] GC(177) Garbage Collection (Allocation Rate) 2808M(69%)->742M(18%)
[99.182s][info][gc,start    ] GC(178) Garbage Collection (Allocation Rate)
[99.182s][info][gc,task     ] GC(178) Using 1 workers
[99.182s][info][gc,phases   ] GC(178) Pause Mark Start 0.006ms
[99.301s][info][gc,phases   ] GC(178) Concurrent Mark 118.790ms
[99.301s][info][gc,phases   ] GC(178) Pause Mark End 0.013ms
[99.301s][info][gc,phases   ] GC(178) Concurrent Mark Free 0.001ms
[99.308s][info][gc,phases   ] GC(178) Concurrent Process Non-Strong References 6.548ms
[99.308s][info][gc,phases   ] GC(178) Concurrent Reset Relocation Set 0.005ms
[99.312s][info][gc,phases   ] GC(178) Concurrent Select Relocation Set 4.525ms
[99.312s][info][gc,phases   ] GC(178) Pause Relocate Start 0.014ms
[99.314s][info][gc,phases   ] GC(178) Concurrent Relocate 1.343ms
[99.314s][info][gc,load     ] GC(178) Load: 0.00/0.00/0.00
[99.314s][info][gc,mmu      ] GC(178) MMU: 2ms/96.2%, 5ms/98.5%, 10ms/99.0%, 20ms/99.5%, 50ms/99.8%, 100ms/99.9%
[99.314s][info][gc,marking  ] GC(178) Mark: 1 stripe(s), 2 proactive flush(es), 1 terminate flush(es), 0 completion(s), 0 continuation(s) 
[99.314s][info][gc,marking  ] GC(178) Mark Stack Usage: 32M
[99.314s][info][gc,nmethod  ] GC(178) NMethods: 1381 registered, 35 unregistered
[99.314s][info][gc,metaspace] GC(178) Metaspace: 11M used, 11M committed, 1088M reserved
[99.314s][info][gc,ref      ] GC(178) Soft: 197 encountered, 0 discovered, 0 enqueued
[99.314s][info][gc,ref      ] GC(178) Weak: 695 encountered, 554 discovered, 0 enqueued
[99.314s][info][gc,ref      ] GC(178) Final: 0 encountered, 0 discovered, 0 enqueued
[99.314s][info][gc,ref      ] GC(178) Phantom: 36 encountered, 17 discovered, 0 enqueued
[99.314s][info][gc,reloc    ] GC(178) Small Pages: 1170 / 2340M, Empty: 2218M, Relocated: 0M, In-Place: 0
[99.314s][info][gc,reloc    ] GC(178) Medium Pages: 13 / 416M, Empty: 384M, Relocated: 0M, In-Place: 0
[99.314s][info][gc,reloc    ] GC(178) Large Pages: 1 / 6M, Empty: 0M, Relocated: 0M, In-Place: 0
[99.314s][info][gc,reloc    ] GC(178) Forwarding Usage: 0M
[99.314s][info][gc,heap     ] GC(178) Min Capacity: 4096M(100%)
[99.314s][info][gc,heap     ] GC(178) Max Capacity: 4096M(100%)
[99.314s][info][gc,heap     ] GC(178) Soft Max Capacity: 4096M(100%)
[99.314s][info][gc,heap     ] GC(178)                Mark Start          Mark End        Relocate Start      Relocate End           High               Low         
[99.314s][info][gc,heap     ] GC(178)  Capacity:     4096M (100%)       4096M (100%)       4096M (100%)       4096M (100%)       4096M (100%)       4096M (100%)   
[99.314s][info][gc,heap     ] GC(178)      Free:     1334M (33%)         820M (20%)        3366M (82%)        3388M (83%)        3390M (83%)         786M (19%)    
[99.314s][info][gc,heap     ] GC(178)      Used:     2762M (67%)        3276M (80%)         730M (18%)         708M (17%)        3310M (81%)         706M (17%)    
[99.314s][info][gc,heap     ] GC(178)      Live:         -                99M (2%)           99M (2%)           99M (2%)             -                  -          
[99.314s][info][gc,heap     ] GC(178) Allocated:         -               514M (13%)         570M (14%)         577M (14%)            -                  -          
[99.314s][info][gc,heap     ] GC(178)   Garbage:         -              2662M (65%)          60M (1%)           30M (1%)             -                  -          
[99.314s][info][gc,heap     ] GC(178) Reclaimed:         -                  -              2602M (64%)        2631M (64%)            -                  -          
[99.314s][info][gc          ] GC(178) Garbage Collection (Allocation Rate) 2762M(67%)->708M(17%)
[99.780s][info][gc,start    ] GC(179) Garbage Collection (Allocation Rate)
[99.780s][info][gc,task     ] GC(179) Using 1 workers
[99.780s][info][gc,phases   ] GC(179) Pause Mark Start 0.025ms
[99.999s][info][gc,phases   ] GC(179) Concurrent Mark 218.897ms
[100.000s][info][gc,phases   ] GC(179) Pause Mark End 0.012ms
[100.000s][info][gc,phases   ] GC(179) Concurrent Mark Free 0.001ms
[100.003s][info][gc,phases   ] GC(179) Concurrent Process Non-Strong References 3.620ms
[100.003s][info][gc,phases   ] GC(179) Concurrent Reset Relocation Set 0.006ms
[100.008s][info][gc,phases   ] GC(179) Concurrent Select Relocation Set 4.548ms
[100.008s][info][gc,phases   ] GC(179) Pause Relocate Start 0.018ms
[100.010s][info][gc,phases   ] GC(179) Concurrent Relocate 1.731ms
[100.010s][info][gc,load     ] GC(179) Load: 0.00/0.00/0.00
[100.010s][info][gc,mmu      ] GC(179) MMU: 2ms/96.2%, 5ms/98.5%, 10ms/99.0%, 20ms/99.5%, 50ms/99.8%, 100ms/99.9%
[100.010s][info][gc,marking  ] GC(179) Mark: 1 stripe(s), 2 proactive flush(es), 1 terminate flush(es), 0 completion(s), 0 continuation(s) 
[100.010s][info][gc,marking  ] GC(179) Mark Stack Usage: 32M
[100.010s][info][gc,nmethod  ] GC(179) NMethods: 1381 registered, 35 unregistered
[100.010s][info][gc,metaspace] GC(179) Metaspace: 11M used, 11M committed, 1088M reserved
[100.010s][info][gc,ref      ] GC(179) Soft: 197 encountered, 0 discovered, 0 enqueued
[100.010s][info][gc,ref      ] GC(179) Weak: 695 encountered, 187 discovered, 0 enqueued
[100.010s][info][gc,ref      ] GC(179) Final: 0 encountered, 0 discovered, 0 enqueued
[100.010s][info][gc,ref      ] GC(179) Phantom: 36 encountered, 21 discovered, 0 enqueued
[100.010s][info][gc,reloc    ] GC(179) Small Pages: 1203 / 2406M, Empty: 2274M, Relocated: 0M, In-Place: 0
[100.010s][info][gc,reloc    ] GC(179) Medium Pages: 13 / 416M, Empty: 384M, Relocated: 0M, In-Place: 0
[100.010s][info][gc,reloc    ] GC(179) Large Pages: 1 / 6M, Empty: 0M, Relocated: 0M, In-Place: 0
[100.010s][info][gc,reloc    ] GC(179) Forwarding Usage: 0M
[100.010s][info][gc,heap     ] GC(179) Min Capacity: 4096M(100%)
[100.010s][info][gc,heap     ] GC(179) Max Capacity: 4096M(100%)
[100.010s][info][gc,heap     ] GC(179) Soft Max Capacity: 4096M(100%)
[100.010s][info][gc,heap     ] GC(179)                Mark Start          Mark End        Relocate Start      Relocate End           High               Low         
[100.010s][info][gc,heap     ] GC(179)  Capacity:     4096M (100%)       4096M (100%)       4096M (100%)       4096M (100%)       4096M (100%)       4096M (100%)   
[100.010s][info][gc,heap     ] GC(179)      Free:     1268M (31%)         390M (10%)        3004M (73%)        3038M (74%)        3040M (74%)         372M (9%)     
[100.010s][info][gc,heap     ] GC(179)      Used:     2828M (69%)        3706M (90%)        1092M (27%)        1058M (26%)        3724M (91%)        1056M (26%)    
[100.010s][info][gc,heap     ] GC(179)      Live:         -                99M (2%)           99M (2%)           99M (2%)             -                  -          
[100.010s][info][gc,heap     ] GC(179) Allocated:         -               878M (21%)         922M (23%)         927M (23%)            -                  -          
[100.010s][info][gc,heap     ] GC(179)   Garbage:         -              2728M (67%)          70M (2%)           30M (1%)             -                  -          
[100.010s][info][gc,heap     ] GC(179) Reclaimed:         -                  -              2658M (65%)        2697M (66%)            -                  -          
[100.010s][info][gc          ] GC(179) Garbage Collection (Allocation Rate) 2828M(69%)->1058M(26%)
[100.188s][info][gc,stats    ] === Garbage Collection Statistics =======================================================================================================================
[100.188s][info][gc,stats    ]                                                              Last 10s              Last 10m              Last 10h                Total
[100.188s][info][gc,stats    ]                                                              Avg / Max             Avg / Max             Avg / Max             Avg / Max
[100.188s][info][gc,stats    ]   Collector: Garbage Collection Cycle                    163.258 / 242.266     160.283 / 259.019     160.283 / 259.019     160.283 / 259.019     ms
[100.188s][info][gc,stats    ]  Contention: Mark Segment Reset Contention                     0 / 0                 0 / 2                 0 / 2                 0 / 2           ops/s
[100.188s][info][gc,stats    ]  Contention: Mark SeqNum Reset Contention                      0 / 1                 0 / 2                 0 / 2                 0 / 2           ops/s
[100.188s][info][gc,stats    ]    Critical: Allocation Stall                                  0 / 0                 0 / 0                 0 / 0                 0 / 0           ops/s
[100.188s][info][gc,stats    ]    Critical: Allocation Stall                              0.000 / 0.000         0.000 / 0.000         0.000 / 0.000         0.000 / 0.000       ms
[100.189s][info][gc,stats    ]    Critical: GC Locker Stall                                   0 / 0                 0 / 0                 0 / 0                 0 / 0           ops/s
[100.189s][info][gc,stats    ]    Critical: GC Locker Stall                               0.000 / 0.000         0.000 / 0.000         0.000 / 0.000         0.000 / 0.000       ms
[100.189s][info][gc,stats    ]    Critical: Relocation Stall                                  0 / 0                 0 / 0                 0 / 0                 0 / 0           ops/s
[100.189s][info][gc,stats    ]    Critical: Relocation Stall                              0.000 / 0.000         0.000 / 0.000         0.000 / 0.000         0.000 / 0.000       ms
[100.189s][info][gc,stats    ]      Memory: Allocation Rate                                4315 / 4528           4237 / 4592           4237 / 4592           4237 / 4592        MB/s
[100.189s][info][gc,stats    ]      Memory: Defragment                                        0 / 0                 0 / 0                 0 / 0                 0 / 0           ops/s
[100.189s][info][gc,stats    ]      Memory: Out Of Memory                                     0 / 0                 0 / 0                 0 / 0                 0 / 0           ops/s
[100.189s][info][gc,stats    ]      Memory: Page Cache Flush                                  0 / 0                 0 / 0                 0 / 0                 0 / 0           MB/s
[100.189s][info][gc,stats    ]      Memory: Page Cache Hit L1                              1867 / 1967           1817 / 2002           1817 / 2002           1817 / 2002        ops/s
[100.189s][info][gc,stats    ]      Memory: Page Cache Hit L2                                 0 / 0                 0 / 0                 0 / 0                 0 / 0           ops/s
[100.189s][info][gc,stats    ]      Memory: Page Cache Hit L3                                 0 / 0                17 / 437              17 / 437              17 / 437         ops/s
[100.189s][info][gc,stats    ]      Memory: Page Cache Miss                                   0 / 0                 0 / 1                 0 / 1                 0 / 1           ops/s
[100.189s][info][gc,stats    ]      Memory: Uncommit                                          0 / 0                 0 / 0                 0 / 0                 0 / 0           MB/s
[100.189s][info][gc,stats    ]      Memory: Undo Object Allocation Failed                     0 / 0                 0 / 1                 0 / 1                 0 / 1           ops/s
[100.189s][info][gc,stats    ]      Memory: Undo Object Allocation Succeeded                 28 / 281              12 / 281              12 / 281              12 / 281         ops/s
[100.189s][info][gc,stats    ]      Memory: Undo Page Allocation                              1 / 4                 2 / 7                 2 / 7                 2 / 7           ops/s
[100.189s][info][gc,stats    ]       Phase: Concurrent Mark                             152.699 / 235.084     148.646 / 251.310     148.646 / 251.310     148.646 / 251.310     ms
[100.189s][info][gc,stats    ]       Phase: Concurrent Mark Continue                      0.000 / 0.000         0.000 / 0.000         0.000 / 0.000         0.000 / 0.000       ms
[100.189s][info][gc,stats    ]       Phase: Concurrent Mark Free                          0.001 / 0.004         0.002 / 0.005         0.002 / 0.005         0.002 / 0.005       ms
[100.189s][info][gc,stats    ]       Phase: Concurrent Process Non-Strong References      5.026 / 9.063         5.403 / 24.469        5.403 / 24.469        5.403 / 24.469      ms
[100.189s][info][gc,stats    ]       Phase: Concurrent Relocate                           1.176 / 4.329         2.098 / 57.532        2.098 / 57.532        2.098 / 57.532      ms
[100.189s][info][gc,stats    ]       Phase: Concurrent Reset Relocation Set               0.004 / 0.009         0.004 / 0.026         0.004 / 0.026         0.004 / 0.026       ms
[100.189s][info][gc,stats    ]       Phase: Concurrent Select Relocation Set              3.378 / 4.548         3.091 / 13.885        3.091 / 13.885        3.091 / 13.885      ms
[100.189s][info][gc,stats    ]       Phase: Pause Mark End                                0.016 / 0.028         0.017 / 0.047         0.017 / 0.047         0.017 / 0.047       ms
[100.189s][info][gc,stats    ]       Phase: Pause Mark Start                              0.011 / 0.025         0.010 / 0.027         0.010 / 0.027         0.010 / 0.027       ms
[100.189s][info][gc,stats    ]       Phase: Pause Relocate Start                          0.013 / 0.026         0.012 / 0.077         0.012 / 0.077         0.012 / 0.077       ms
[100.189s][info][gc,stats    ]    Subphase: Concurrent Classes Purge                      0.015 / 0.027         0.018 / 0.208         0.018 / 0.208         0.018 / 0.208       ms
[100.189s][info][gc,stats    ]    Subphase: Concurrent Classes Unlink                     2.832 / 3.595         2.568 / 3.649         2.568 / 3.649         2.568 / 3.649       ms
[100.189s][info][gc,stats    ]    Subphase: Concurrent Mark                             142.052 / 233.795     133.043 / 250.559     133.043 / 250.559     133.043 / 250.559     ms
[100.189s][info][gc,stats    ]    Subphase: Concurrent Mark Try Flush                     0.547 / 12.503        0.876 / 17.896        0.876 / 17.896        0.876 / 17.896      ms
[100.189s][info][gc,stats    ]    Subphase: Concurrent Mark Try Terminate                 0.543 / 11.311        1.374 / 17.378        1.374 / 17.378        1.374 / 17.378      ms
[100.189s][info][gc,stats    ]    Subphase: Concurrent References Enqueue                 0.001 / 0.002         0.001 / 0.015         0.001 / 0.015         0.001 / 0.015       ms
[100.189s][info][gc,stats    ]    Subphase: Concurrent References Process                 0.090 / 0.192         0.081 / 0.207         0.081 / 0.207         0.081 / 0.207       ms
[100.189s][info][gc,stats    ]    Subphase: Concurrent Roots ClassLoaderDataGraph         0.071 / 0.127         0.068 / 0.272         0.068 / 0.272         0.068 / 0.272       ms
[100.189s][info][gc,stats    ]    Subphase: Concurrent Roots CodeCache                    0.000 / 0.000         0.000 / 0.000         0.000 / 0.000         0.000 / 0.000       ms
[100.189s][info][gc,stats    ]    Subphase: Concurrent Roots JavaThreads                  0.666 / 1.071         0.620 / 7.312         0.620 / 7.312         0.620 / 7.312       ms
[100.189s][info][gc,stats    ]    Subphase: Concurrent Roots OopStorageSet                0.029 / 0.052         0.028 / 0.063         0.028 / 0.063         0.028 / 0.063       ms
[100.189s][info][gc,stats    ]    Subphase: Concurrent Weak Roots OopStorageSet           0.196 / 0.369         0.181 / 0.369         0.181 / 0.369         0.181 / 0.369       ms
[100.189s][info][gc,stats    ]    Subphase: Pause Mark Try Complete                       0.000 / 0.000         0.000 / 0.000         0.000 / 0.000         0.000 / 0.000       ms
[100.189s][info][gc,stats    ]      System: Java Threads                                     23 / 24               22 / 24               22 / 24               22 / 24          threads
[100.189s][info][gc,stats    ] =========================================================================================================================================================
[100.283s][info][gc,start    ] GC(180) Garbage Collection (Allocation Rate)
[100.283s][info][gc,task     ] GC(180) Using 1 workers
[100.283s][info][gc,phases   ] GC(180) Pause Mark Start 0.018ms
[100.489s][info][gc,phases   ] GC(180) Concurrent Mark 206.065ms
[100.489s][info][gc,phases   ] GC(180) Pause Mark End 0.014ms
[100.489s][info][gc,phases   ] GC(180) Concurrent Mark Free 0.001ms
[100.496s][info][gc,phases   ] GC(180) Concurrent Process Non-Strong References 7.003ms
[100.496s][info][gc,phases   ] GC(180) Concurrent Reset Relocation Set 0.006ms
[100.500s][info][gc,phases   ] GC(180) Concurrent Select Relocation Set 3.963ms
[100.501s][info][gc,phases   ] GC(180) Pause Relocate Start 0.017ms
[100.503s][info][gc,phases   ] GC(180) Concurrent Relocate 2.700ms
[100.504s][info][gc,load     ] GC(180) Load: 0.00/0.00/0.00
[100.504s][info][gc,mmu      ] GC(180) MMU: 2ms/96.2%, 5ms/98.5%, 10ms/99.0%, 20ms/99.5%, 50ms/99.8%, 100ms/99.9%
[100.504s][info][gc,marking  ] GC(180) Mark: 1 stripe(s), 2 proactive flush(es), 1 terminate flush(es), 0 completion(s), 0 continuation(s) 
[100.504s][info][gc,marking  ] GC(180) Mark Stack Usage: 32M
[100.504s][info][gc,nmethod  ] GC(180) NMethods: 1381 registered, 35 unregistered
[100.504s][info][gc,metaspace] GC(180) Metaspace: 11M used, 11M committed, 1088M reserved
[100.504s][info][gc,ref      ] GC(180) Soft: 197 encountered, 0 discovered, 0 enqueued
[100.504s][info][gc,ref      ] GC(180) Weak: 695 encountered, 187 discovered, 0 enqueued
[100.504s][info][gc,ref      ] GC(180) Final: 0 encountered, 0 discovered, 0 enqueued
[100.504s][info][gc,ref      ] GC(180) Phantom: 36 encountered, 21 discovered, 0 enqueued
[100.504s][info][gc,reloc    ] GC(180) Small Pages: 983 / 1966M, Empty: 1830M, Relocated: 3M, In-Place: 0
[100.504s][info][gc,reloc    ] GC(180) Medium Pages: 11 / 352M, Empty: 352M, Relocated: 0M, In-Place: 0
[100.504s][info][gc,reloc    ] GC(180) Large Pages: 1 / 6M, Empty: 0M, Relocated: 0M, In-Place: 0
[100.504s][info][gc,reloc    ] GC(180) Forwarding Usage: 0M
[100.504s][info][gc,heap     ] GC(180) Min Capacity: 4096M(100%)
[100.504s][info][gc,heap     ] GC(180) Max Capacity: 4096M(100%)
[100.504s][info][gc,heap     ] GC(180) Soft Max Capacity: 4096M(100%)
[100.504s][info][gc,heap     ] GC(180)                Mark Start          Mark End        Relocate Start      Relocate End           High               Low         
[100.504s][info][gc,heap     ] GC(180)  Capacity:     4096M (100%)       4096M (100%)       4096M (100%)       4096M (100%)       4096M (100%)       4096M (100%)   
[100.504s][info][gc,heap     ] GC(180)      Free:     1772M (43%)         950M (23%)        3078M (75%)        3104M (76%)        3112M (76%)         916M (22%)    
[100.504s][info][gc,heap     ] GC(180)      Used:     2324M (57%)        3146M (77%)        1018M (25%)         992M (24%)        3180M (78%)         984M (24%)    
[100.504s][info][gc,heap     ] GC(180)      Live:         -                99M (2%)           99M (2%)           99M (2%)             -                  -          
[100.504s][info][gc,heap     ] GC(180) Allocated:         -               822M (20%)         876M (21%)         889M (22%)            -                  -          
[100.504s][info][gc,heap     ] GC(180)   Garbage:         -              2224M (54%)          42M (1%)            2M (0%)             -                  -          
[100.504s][info][gc,heap     ] GC(180) Reclaimed:         -                  -              2182M (53%)        2221M (54%)            -                  -          
[100.504s][info][gc          ] GC(180) Garbage Collection (Allocation Rate) 2324M(57%)->992M(24%)
[100.748s][info][gc,start    ] GC(181) Garbage Collection (System.gc())
[100.748s][info][gc,task     ] GC(181) Using 2 workers
[100.748s][info][gc,phases   ] GC(181) Pause Mark Start 0.008ms
[100.800s][info][gc,phases   ] GC(181) Concurrent Mark 52.393ms
[100.801s][info][gc,phases   ] GC(181) Pause Mark End 0.028ms
[100.801s][info][gc,phases   ] GC(181) Concurrent Mark Free 0.002ms
[100.802s][info][gc,phases   ] GC(181) Concurrent Process Non-Strong References 1.488ms
[100.802s][info][gc,phases   ] GC(181) Concurrent Reset Relocation Set 0.002ms
[100.804s][info][gc,phases   ] GC(181) Concurrent Select Relocation Set 1.699ms
[100.804s][info][gc,phases   ] GC(181) Pause Relocate Start 0.005ms
[100.805s][info][gc,phases   ] GC(181) Concurrent Relocate 0.930ms
[100.805s][info][gc,load     ] GC(181) Load: 0.00/0.00/0.00
[100.805s][info][gc,mmu      ] GC(181) MMU: 2ms/96.2%, 5ms/98.5%, 10ms/99.0%, 20ms/99.5%, 50ms/99.8%, 100ms/99.9%
[100.805s][info][gc,marking  ] GC(181) Mark: 2 stripe(s), 2 proactive flush(es), 1 terminate flush(es), 0 completion(s), 0 continuation(s) 
[100.805s][info][gc,marking  ] GC(181) Mark Stack Usage: 32M
[100.805s][info][gc,nmethod  ] GC(181) NMethods: 1383 registered, 35 unregistered
[100.805s][info][gc,metaspace] GC(181) Metaspace: 11M used, 11M committed, 1088M reserved
[100.805s][info][gc,ref      ] GC(181) Soft: 197 encountered, 0 discovered, 0 enqueued
[100.805s][info][gc,ref      ] GC(181) Weak: 695 encountered, 105 discovered, 0 enqueued
[100.805s][info][gc,ref      ] GC(181) Final: 0 encountered, 0 discovered, 0 enqueued
[100.805s][info][gc,ref      ] GC(181) Phantom: 36 encountered, 15 discovered, 0 enqueued
[100.805s][info][gc,reloc    ] GC(181) Small Pages: 890 / 1780M, Empty: 1678M, Relocated: 0M, In-Place: 0
[100.805s][info][gc,reloc    ] GC(181) Medium Pages: 9 / 288M, Empty: 288M, Relocated: 0M, In-Place: 0
[100.805s][info][gc,reloc    ] GC(181) Large Pages: 1 / 6M, Empty: 0M, Relocated: 0M, In-Place: 0
[100.805s][info][gc,reloc    ] GC(181) Forwarding Usage: 0M
[100.805s][info][gc,heap     ] GC(181) Min Capacity: 4096M(100%)
[100.805s][info][gc,heap     ] GC(181) Max Capacity: 4096M(100%)
[100.805s][info][gc,heap     ] GC(181) Soft Max Capacity: 4096M(100%)
[100.805s][info][gc,heap     ] GC(181)                Mark Start          Mark End        Relocate Start      Relocate End           High               Low         
[100.805s][info][gc,heap     ] GC(181)  Capacity:     4096M (100%)       4096M (100%)       4096M (100%)       4096M (100%)       4096M (100%)       4096M (100%)   
[100.805s][info][gc,heap     ] GC(181)      Free:     2022M (49%)        2022M (49%)        3988M (97%)        3996M (98%)        3996M (98%)        2022M (49%)    
[100.805s][info][gc,heap     ] GC(181)      Used:     2074M (51%)        2074M (51%)         108M (3%)          100M (2%)         2074M (51%)         100M (2%)     
[100.805s][info][gc,heap     ] GC(181)      Live:         -                95M (2%)           95M (2%)           95M (2%)             -                  -          
[100.805s][info][gc,heap     ] GC(181) Allocated:         -                 0M (0%)            0M (0%)            0M (0%)             -                  -          
[100.805s][info][gc,heap     ] GC(181)   Garbage:         -              1978M (48%)          12M (0%)            4M (0%)             -                  -          
[100.805s][info][gc,heap     ] GC(181) Reclaimed:         -                  -              1966M (48%)        1974M (48%)            -                  -          
[100.805s][info][gc          ] GC(181) Garbage Collection (System.gc()) 2074M(51%)->100M(2%)
[101.287s][info][gc,start    ] GC(182) Garbage Collection (Allocation Rate)
[101.287s][info][gc,task     ] GC(182) Using 1 workers
[101.287s][info][gc,phases   ] GC(182) Pause Mark Start 0.010ms
[101.440s][info][gc,phases   ] GC(182) Concurrent Mark 152.762ms
[101.440s][info][gc,phases   ] GC(182) Pause Mark End 0.022ms
[101.440s][info][gc,phases   ] GC(182) Concurrent Mark Free 0.001ms
[101.444s][info][gc,phases   ] GC(182) Concurrent Process Non-Strong References 3.729ms
[101.444s][info][gc,phases   ] GC(182) Concurrent Reset Relocation Set 0.002ms
[101.447s][info][gc,phases   ] GC(182) Concurrent Select Relocation Set 2.997ms
[101.447s][info][gc,phases   ] GC(182) Pause Relocate Start 0.013ms
[101.450s][info][gc,phases   ] GC(182) Concurrent Relocate 2.479ms
[101.450s][info][gc,load     ] GC(182) Load: 0.00/0.00/0.00
[101.450s][info][gc,mmu      ] GC(182) MMU: 2ms/96.2%, 5ms/98.5%, 10ms/99.0%, 20ms/99.5%, 50ms/99.8%, 100ms/99.9%
[101.450s][info][gc,marking  ] GC(182) Mark: 1 stripe(s), 2 proactive flush(es), 1 terminate flush(es), 0 completion(s), 0 continuation(s) 
[101.450s][info][gc,marking  ] GC(182) Mark Stack Usage: 32M
[101.450s][info][gc,nmethod  ] GC(182) NMethods: 1383 registered, 35 unregistered
[101.450s][info][gc,metaspace] GC(182) Metaspace: 11M used, 11M committed, 1088M reserved
[101.450s][info][gc,ref      ] GC(182) Soft: 197 encountered, 0 discovered, 0 enqueued
[101.450s][info][gc,ref      ] GC(182) Weak: 695 encountered, 187 discovered, 0 enqueued
[101.450s][info][gc,ref      ] GC(182) Final: 0 encountered, 0 discovered, 0 enqueued
[101.450s][info][gc,ref      ] GC(182) Phantom: 36 encountered, 21 discovered, 0 enqueued
[101.450s][info][gc,reloc    ] GC(182) Small Pages: 1006 / 2012M, Empty: 1888M, Relocated: 3M, In-Place: 0
[101.450s][info][gc,reloc    ] GC(182) Medium Pages: 10 / 320M, Empty: 320M, Relocated: 0M, In-Place: 0
[101.450s][info][gc,reloc    ] GC(182) Large Pages: 1 / 6M, Empty: 0M, Relocated: 0M, In-Place: 0
[101.450s][info][gc,reloc    ] GC(182) Forwarding Usage: 1M
[101.450s][info][gc,heap     ] GC(182) Min Capacity: 4096M(100%)
[101.450s][info][gc,heap     ] GC(182) Max Capacity: 4096M(100%)
[101.450s][info][gc,heap     ] GC(182) Soft Max Capacity: 4096M(100%)
[101.450s][info][gc,heap     ] GC(182)                Mark Start          Mark End        Relocate Start      Relocate End           High               Low         
[101.450s][info][gc,heap     ] GC(182)  Capacity:     4096M (100%)       4096M (100%)       4096M (100%)       4096M (100%)       4096M (100%)       4096M (100%)   
[101.450s][info][gc,heap     ] GC(182)      Free:     1758M (43%)        1110M (27%)        3300M (81%)        3332M (81%)        3332M (81%)        1092M (27%)    
[101.450s][info][gc,heap     ] GC(182)      Used:     2338M (57%)        2986M (73%)         796M (19%)         764M (19%)        3004M (73%)         764M (19%)    
[101.450s][info][gc,heap     ] GC(182)      Live:         -                96M (2%)           96M (2%)           96M (2%)             -                  -          
[101.450s][info][gc,heap     ] GC(182) Allocated:         -               648M (16%)         666M (16%)         665M (16%)            -                  -          
[101.450s][info][gc,heap     ] GC(182)   Garbage:         -              2241M (55%)          33M (1%)            1M (0%)             -                  -          
[101.450s][info][gc,heap     ] GC(182) Reclaimed:         -                  -              2208M (54%)        2239M (55%)            -                  -          
[101.450s][info][gc          ] GC(182) Garbage Collection (Allocation Rate) 2338M(57%)->764M(19%)
[101.884s][info][gc,start    ] GC(183) Garbage Collection (Allocation Rate)
[101.884s][info][gc,task     ] GC(183) Using 1 workers
[101.884s][info][gc,phases   ] GC(183) Pause Mark Start 0.009ms
[102.023s][info][gc,phases   ] GC(183) Concurrent Mark 138.977ms
[102.024s][info][gc,phases   ] GC(183) Pause Mark End 0.012ms
[102.024s][info][gc,phases   ] GC(183) Concurrent Mark Free 0.001ms
[102.030s][info][gc,phases   ] GC(183) Concurrent Process Non-Strong References 6.772ms
[102.031s][info][gc,phases   ] GC(183) Concurrent Reset Relocation Set 0.004ms
[102.035s][info][gc,phases   ] GC(183) Concurrent Select Relocation Set 4.488ms
[102.035s][info][gc,phases   ] GC(183) Pause Relocate Start 0.014ms
[102.038s][info][gc,phases   ] GC(183) Concurrent Relocate 2.217ms
[102.038s][info][gc,load     ] GC(183) Load: 0.00/0.00/0.00
[102.038s][info][gc,mmu      ] GC(183) MMU: 2ms/96.2%, 5ms/98.5%, 10ms/99.0%, 20ms/99.5%, 50ms/99.8%, 100ms/99.9%
[102.038s][info][gc,marking  ] GC(183) Mark: 1 stripe(s), 2 proactive flush(es), 1 terminate flush(es), 0 completion(s), 0 continuation(s) 
[102.038s][info][gc,marking  ] GC(183) Mark Stack Usage: 32M
[102.038s][info][gc,nmethod  ] GC(183) NMethods: 1383 registered, 35 unregistered
[102.038s][info][gc,metaspace] GC(183) Metaspace: 11M used, 11M committed, 1088M reserved
[102.038s][info][gc,ref      ] GC(183) Soft: 197 encountered, 0 discovered, 0 enqueued
[102.038s][info][gc,ref      ] GC(183) Weak: 695 encountered, 554 discovered, 0 enqueued
[102.038s][info][gc,ref      ] GC(183) Final: 0 encountered, 0 discovered, 0 enqueued
[102.038s][info][gc,ref      ] GC(183) Phantom: 36 encountered, 17 discovered, 0 enqueued
[102.038s][info][gc,reloc    ] GC(183) Small Pages: 1195 / 2390M, Empty: 2260M, Relocated: 2M, In-Place: 0
[102.038s][info][gc,reloc    ] GC(183) Medium Pages: 12 / 384M, Empty: 352M, Relocated: 0M, In-Place: 0
[102.038s][info][gc,reloc    ] GC(183) Large Pages: 1 / 6M, Empty: 0M, Relocated: 0M, In-Place: 0
[102.038s][info][gc,reloc    ] GC(183) Forwarding Usage: 0M
[102.038s][info][gc,heap     ] GC(183) Min Capacity: 4096M(100%)
[102.038s][info][gc,heap     ] GC(183) Max Capacity: 4096M(100%)
[102.038s][info][gc,heap     ] GC(183) Soft Max Capacity: 4096M(100%)
[102.038s][info][gc,heap     ] GC(183)                Mark Start          Mark End        Relocate Start      Relocate End           High               Low         
[102.038s][info][gc,heap     ] GC(183)  Capacity:     4096M (100%)       4096M (100%)       4096M (100%)       4096M (100%)       4096M (100%)       4096M (100%)   
[102.038s][info][gc,heap     ] GC(183)      Free:     1316M (32%)         796M (19%)        3334M (81%)        3366M (82%)        3370M (82%)         754M (18%)    
[102.038s][info][gc,heap     ] GC(183)      Used:     2780M (68%)        3300M (81%)         762M (19%)         730M (18%)        3342M (82%)         726M (18%)    
[102.038s][info][gc,heap     ] GC(183)      Live:         -               101M (2%)          101M (2%)          101M (2%)             -                  -          
[102.038s][info][gc,heap     ] GC(183) Allocated:         -               520M (13%)         594M (15%)         597M (15%)            -                  -          
[102.038s][info][gc,heap     ] GC(183)   Garbage:         -              2678M (65%)          66M (2%)           30M (1%)             -                  -          
[102.038s][info][gc,heap     ] GC(183) Reclaimed:         -                  -              2612M (64%)        2647M (65%)            -                  -          
[102.038s][info][gc          ] GC(183) Garbage Collection (Allocation Rate) 2780M(68%)->730M(18%)
[102.481s][info][gc,start    ] GC(184) Garbage Collection (Allocation Rate)
[102.481s][info][gc,task     ] GC(184) Using 1 workers
[102.481s][info][gc,phases   ] GC(184) Pause Mark Start 0.011ms
[102.709s][info][gc,phases   ] GC(184) Concurrent Mark 228.099ms
[102.709s][info][gc,phases   ] GC(184) Pause Mark End 0.019ms
[102.709s][info][gc,phases   ] GC(184) Concurrent Mark Free 0.001ms
[102.713s][info][gc,phases   ] GC(184) Concurrent Process Non-Strong References 3.406ms
[102.713s][info][gc,phases   ] GC(184) Concurrent Reset Relocation Set 0.004ms
[102.715s][info][gc,phases   ] GC(184) Concurrent Select Relocation Set 2.647ms
[102.716s][info][gc,phases   ] GC(184) Pause Relocate Start 0.009ms
[102.717s][info][gc,phases   ] GC(184) Concurrent Relocate 1.218ms
[102.717s][info][gc,load     ] GC(184) Load: 0.00/0.00/0.00
[102.717s][info][gc,mmu      ] GC(184) MMU: 2ms/96.2%, 5ms/98.5%, 10ms/99.0%, 20ms/99.5%, 50ms/99.8%, 100ms/99.9%
[102.717s][info][gc,marking  ] GC(184) Mark: 1 stripe(s), 2 proactive flush(es), 1 terminate flush(es), 0 completion(s), 0 continuation(s) 
[102.717s][info][gc,marking  ] GC(184) Mark Stack Usage: 32M
[102.717s][info][gc,nmethod  ] GC(184) NMethods: 1383 registered, 35 unregistered
[102.717s][info][gc,metaspace] GC(184) Metaspace: 11M used, 11M committed, 1088M reserved
[102.717s][info][gc,ref      ] GC(184) Soft: 197 encountered, 0 discovered, 0 enqueued
[102.717s][info][gc,ref      ] GC(184) Weak: 695 encountered, 187 discovered, 0 enqueued
[102.717s][info][gc,ref      ] GC(184) Final: 0 encountered, 0 discovered, 0 enqueued
[102.717s][info][gc,ref      ] GC(184) Phantom: 36 encountered, 21 discovered, 0 enqueued
[102.717s][info][gc,reloc    ] GC(184) Small Pages: 1164 / 2328M, Empty: 2206M, Relocated: 0M, In-Place: 0
[102.717s][info][gc,reloc    ] GC(184) Medium Pages: 13 / 416M, Empty: 384M, Relocated: 0M, In-Place: 0
[102.717s][info][gc,reloc    ] GC(184) Large Pages: 1 / 6M, Empty: 0M, Relocated: 0M, In-Place: 0
[102.717s][info][gc,reloc    ] GC(184) Forwarding Usage: 0M
[102.717s][info][gc,heap     ] GC(184) Min Capacity: 4096M(100%)
[102.717s][info][gc,heap     ] GC(184) Max Capacity: 4096M(100%)
[102.717s][info][gc,heap     ] GC(184) Soft Max Capacity: 4096M(100%)
[102.717s][info][gc,heap     ] GC(184)                Mark Start          Mark End        Relocate Start      Relocate End           High               Low         
[102.717s][info][gc,heap     ] GC(184)  Capacity:     4096M (100%)       4096M (100%)       4096M (100%)       4096M (100%)       4096M (100%)       4096M (100%)   
[102.717s][info][gc,heap     ] GC(184)      Free:     1346M (33%)         404M (10%)        2944M (72%)        2974M (73%)        2974M (73%)         388M (9%)     
[102.717s][info][gc,heap     ] GC(184)      Used:     2750M (67%)        3692M (90%)        1152M (28%)        1122M (27%)        3708M (91%)        1122M (27%)    
[102.717s][info][gc,heap     ] GC(184)      Live:         -                99M (2%)           99M (2%)           99M (2%)             -                  -          
[102.717s][info][gc,heap     ] GC(184) Allocated:         -               942M (23%)         992M (24%)         991M (24%)            -                  -          
[102.717s][info][gc,heap     ] GC(184)   Garbage:         -              2650M (65%)          60M (1%)           30M (1%)             -                  -          
[102.717s][info][gc,heap     ] GC(184) Reclaimed:         -                  -              2590M (63%)        2619M (64%)            -                  -          
[102.717s][info][gc          ] GC(184) Garbage Collection (Allocation Rate) 2750M(67%)->1122M(27%)
[102.983s][info][gc,start    ] GC(185) Garbage Collection (Allocation Rate)
[102.984s][info][gc,task     ] GC(185) Using 1 workers
[102.984s][info][gc,phases   ] GC(185) Pause Mark Start 0.015ms
[103.123s][info][gc,phases   ] GC(185) Concurrent Mark 139.541ms
[103.123s][info][gc,phases   ] GC(185) Pause Mark End 0.014ms
[103.123s][info][gc,phases   ] GC(185) Concurrent Mark Free 0.001ms
[103.128s][info][gc,phases   ] GC(185) Concurrent Process Non-Strong References 4.759ms
[103.128s][info][gc,phases   ] GC(185) Concurrent Reset Relocation Set 0.004ms
[103.132s][info][gc,phases   ] GC(185) Concurrent Select Relocation Set 3.752ms
[103.132s][info][gc,phases   ] GC(185) Pause Relocate Start 0.017ms
[103.134s][info][gc,phases   ] GC(185) Concurrent Relocate 1.173ms
[103.134s][info][gc,load     ] GC(185) Load: 0.00/0.00/0.00
[103.134s][info][gc,mmu      ] GC(185) MMU: 2ms/96.2%, 5ms/98.5%, 10ms/99.0%, 20ms/99.5%, 50ms/99.8%, 100ms/99.9%
[103.134s][info][gc,marking  ] GC(185) Mark: 1 stripe(s), 2 proactive flush(es), 1 terminate flush(es), 0 completion(s), 0 continuation(s) 
[103.134s][info][gc,marking  ] GC(185) Mark Stack Usage: 32M
[103.134s][info][gc,nmethod  ] GC(185) NMethods: 1383 registered, 35 unregistered
[103.134s][info][gc,metaspace] GC(185) Metaspace: 11M used, 11M committed, 1088M reserved
[103.134s][info][gc,ref      ] GC(185) Soft: 197 encountered, 0 discovered, 0 enqueued
[103.134s][info][gc,ref      ] GC(185) Weak: 695 encountered, 554 discovered, 0 enqueued
[103.134s][info][gc,ref      ] GC(185) Final: 0 encountered, 0 discovered, 0 enqueued
[103.134s][info][gc,ref      ] GC(185) Phantom: 36 encountered, 17 discovered, 0 enqueued
[103.134s][info][gc,reloc    ] GC(185) Small Pages: 986 / 1972M, Empty: 1820M, Relocated: 3M, In-Place: 0
[103.134s][info][gc,reloc    ] GC(185) Medium Pages: 11 / 352M, Empty: 320M, Relocated: 0M, In-Place: 0
[103.134s][info][gc,reloc    ] GC(185) Large Pages: 1 / 6M, Empty: 0M, Relocated: 0M, In-Place: 0
[103.134s][info][gc,reloc    ] GC(185) Forwarding Usage: 0M
[103.134s][info][gc,heap     ] GC(185) Min Capacity: 4096M(100%)
[103.134s][info][gc,heap     ] GC(185) Max Capacity: 4096M(100%)
[103.134s][info][gc,heap     ] GC(185) Soft Max Capacity: 4096M(100%)
[103.134s][info][gc,heap     ] GC(185)                Mark Start          Mark End        Relocate Start      Relocate End           High               Low         
[103.134s][info][gc,heap     ] GC(185)  Capacity:     4096M (100%)       4096M (100%)       4096M (100%)       4096M (100%)       4096M (100%)       4096M (100%)   
[103.134s][info][gc,heap     ] GC(185)      Free:     1766M (43%)        1228M (30%)        3316M (81%)        3362M (82%)        3368M (82%)        1196M (29%)    
[103.134s][info][gc,heap     ] GC(185)      Used:     2330M (57%)        2868M (70%)         780M (19%)         734M (18%)        2900M (71%)         728M (18%)    
[103.134s][info][gc,heap     ] GC(185)      Live:         -                99M (2%)           99M (2%)           99M (2%)             -                  -          
[103.134s][info][gc,heap     ] GC(185) Allocated:         -               538M (13%)         590M (14%)         599M (15%)            -                  -          
[103.134s][info][gc,heap     ] GC(185)   Garbage:         -              2230M (54%)          90M (2%)           34M (1%)             -                  -          
[103.134s][info][gc,heap     ] GC(185) Reclaimed:         -                  -              2140M (52%)        2195M (54%)            -                  -          
[103.134s][info][gc          ] GC(185) Garbage Collection (Allocation Rate) 2330M(57%)->734M(18%)
[103.486s][info][gc,start    ] GC(186) Garbage Collection (Allocation Rate)
[103.486s][info][gc,task     ] GC(186) Using 1 workers
[103.486s][info][gc,phases   ] GC(186) Pause Mark Start 0.011ms
[103.633s][info][gc,phases   ] GC(186) Concurrent Mark 147.117ms
[103.634s][info][gc,phases   ] GC(186) Pause Mark End 0.022ms
[103.634s][info][gc,phases   ] GC(186) Concurrent Mark Free 0.001ms
[103.637s][info][gc,phases   ] GC(186) Concurrent Process Non-Strong References 3.616ms
[103.637s][info][gc,phases   ] GC(186) Concurrent Reset Relocation Set 0.004ms
[103.640s][info][gc,phases   ] GC(186) Concurrent Select Relocation Set 2.960ms
[103.641s][info][gc,phases   ] GC(186) Pause Relocate Start 0.014ms
[103.644s][info][gc,phases   ] GC(186) Concurrent Relocate 2.991ms
[103.644s][info][gc,load     ] GC(186) Load: 0.00/0.00/0.00
[103.644s][info][gc,mmu      ] GC(186) MMU: 2ms/96.2%, 5ms/98.5%, 10ms/99.0%, 20ms/99.5%, 50ms/99.8%, 100ms/99.9%
[103.644s][info][gc,marking  ] GC(186) Mark: 1 stripe(s), 2 proactive flush(es), 1 terminate flush(es), 0 completion(s), 0 continuation(s) 
[103.644s][info][gc,marking  ] GC(186) Mark Stack Usage: 32M
[103.644s][info][gc,nmethod  ] GC(186) NMethods: 1384 registered, 35 unregistered
[103.644s][info][gc,metaspace] GC(186) Metaspace: 11M used, 11M committed, 1088M reserved
[103.644s][info][gc,ref      ] GC(186) Soft: 197 encountered, 0 discovered, 0 enqueued
[103.644s][info][gc,ref      ] GC(186) Weak: 695 encountered, 187 discovered, 0 enqueued
[103.644s][info][gc,ref      ] GC(186) Final: 0 encountered, 0 discovered, 0 enqueued
[103.644s][info][gc,ref      ] GC(186) Phantom: 36 encountered, 21 discovered, 0 enqueued
[103.644s][info][gc,reloc    ] GC(186) Small Pages: 976 / 1952M, Empty: 1826M, Relocated: 3M, In-Place: 0
[103.644s][info][gc,reloc    ] GC(186) Medium Pages: 11 / 352M, Empty: 352M, Relocated: 0M, In-Place: 0
[103.644s][info][gc,reloc    ] GC(186) Large Pages: 1 / 6M, Empty: 0M, Relocated: 0M, In-Place: 0
[103.644s][info][gc,reloc    ] GC(186) Forwarding Usage: 1M
[103.644s][info][gc,heap     ] GC(186) Min Capacity: 4096M(100%)
[103.644s][info][gc,heap     ] GC(186) Max Capacity: 4096M(100%)
[103.644s][info][gc,heap     ] GC(186) Soft Max Capacity: 4096M(100%)
[103.644s][info][gc,heap     ] GC(186)                Mark Start          Mark End        Relocate Start      Relocate End           High               Low         
[103.644s][info][gc,heap     ] GC(186)  Capacity:     4096M (100%)       4096M (100%)       4096M (100%)       4096M (100%)       4096M (100%)       4096M (100%)   
[103.644s][info][gc,heap     ] GC(186)      Free:     1786M (44%)        1144M (28%)        3294M (80%)        3328M (81%)        3328M (81%)        1120M (27%)    
[103.644s][info][gc,heap     ] GC(186)      Used:     2310M (56%)        2952M (72%)         802M (20%)         768M (19%)        2976M (73%)         768M (19%)    
[103.644s][info][gc,heap     ] GC(186)      Live:         -                96M (2%)           96M (2%)           96M (2%)             -                  -          
[103.644s][info][gc,heap     ] GC(186) Allocated:         -               642M (16%)         670M (16%)         669M (16%)            -                  -          
[103.644s][info][gc,heap     ] GC(186)   Garbage:         -              2213M (54%)          35M (1%)            1M (0%)             -                  -          
[103.644s][info][gc,heap     ] GC(186) Reclaimed:         -                  -              2178M (53%)        2211M (54%)            -                  -          
[103.644s][info][gc          ] GC(186) Garbage Collection (Allocation Rate) 2310M(56%)->768M(19%)
[104.082s][info][gc,start    ] GC(187) Garbage Collection (Allocation Rate)
[104.082s][info][gc,task     ] GC(187) Using 1 workers
[104.082s][info][gc,phases   ] GC(187) Pause Mark Start 0.016ms
[104.237s][info][gc,phases   ] GC(187) Concurrent Mark 154.886ms
[104.238s][info][gc,phases   ] GC(187) Pause Mark End 0.012ms
[104.238s][info][gc,phases   ] GC(187) Concurrent Mark Free 0.001ms
[104.246s][info][gc,phases   ] GC(187) Concurrent Process Non-Strong References 8.737ms
[104.246s][info][gc,phases   ] GC(187) Concurrent Reset Relocation Set 0.008ms
[104.251s][info][gc,phases   ] GC(187) Concurrent Select Relocation Set 4.437ms
[104.251s][info][gc,phases   ] GC(187) Pause Relocate Start 0.010ms
[104.255s][info][gc,phases   ] GC(187) Concurrent Relocate 4.190ms
[104.255s][info][gc,load     ] GC(187) Load: 0.00/0.00/0.00
[104.255s][info][gc,mmu      ] GC(187) MMU: 2ms/96.2%, 5ms/98.5%, 10ms/99.0%, 20ms/99.5%, 50ms/99.8%, 100ms/99.9%
[104.255s][info][gc,marking  ] GC(187) Mark: 1 stripe(s), 2 proactive flush(es), 1 terminate flush(es), 0 completion(s), 0 continuation(s) 
[104.255s][info][gc,marking  ] GC(187) Mark Stack Usage: 32M
[104.255s][info][gc,nmethod  ] GC(187) NMethods: 1384 registered, 35 unregistered
[104.255s][info][gc,metaspace] GC(187) Metaspace: 11M used, 11M committed, 1088M reserved
[104.255s][info][gc,ref      ] GC(187) Soft: 197 encountered, 0 discovered, 0 enqueued
[104.255s][info][gc,ref      ] GC(187) Weak: 695 encountered, 554 discovered, 0 enqueued
[104.256s][info][gc,ref      ] GC(187) Final: 0 encountered, 0 discovered, 0 enqueued
[104.256s][info][gc,ref      ] GC(187) Phantom: 36 encountered, 17 discovered, 0 enqueued
[104.256s][info][gc,reloc    ] GC(187) Small Pages: 1198 / 2396M, Empty: 2276M, Relocated: 3M, In-Place: 0
[104.256s][info][gc,reloc    ] GC(187) Medium Pages: 12 / 384M, Empty: 352M, Relocated: 0M, In-Place: 0
[104.256s][info][gc,reloc    ] GC(187) Large Pages: 1 / 6M, Empty: 0M, Relocated: 0M, In-Place: 0
[104.256s][info][gc,reloc    ] GC(187) Forwarding Usage: 1M
[104.256s][info][gc,heap     ] GC(187) Min Capacity: 4096M(100%)
[104.256s][info][gc,heap     ] GC(187) Max Capacity: 4096M(100%)
[104.256s][info][gc,heap     ] GC(187) Soft Max Capacity: 4096M(100%)
[104.256s][info][gc,heap     ] GC(187)                Mark Start          Mark End        Relocate Start      Relocate End           High               Low         
[104.256s][info][gc,heap     ] GC(187)  Capacity:     4096M (100%)       4096M (100%)       4096M (100%)       4096M (100%)       4096M (100%)       4096M (100%)   
[104.256s][info][gc,heap     ] GC(187)      Free:     1310M (32%)         712M (17%)        3264M (80%)        3288M (80%)        3290M (80%)         660M (16%)    
[104.256s][info][gc,heap     ] GC(187)      Used:     2786M (68%)        3384M (83%)         832M (20%)         808M (20%)        3436M (84%)         806M (20%)    
[104.256s][info][gc,heap     ] GC(187)      Live:         -               101M (2%)          101M (2%)          101M (2%)             -                  -          
[104.256s][info][gc,heap     ] GC(187) Allocated:         -               598M (15%)         674M (16%)         677M (17%)            -                  -          
[104.256s][info][gc,heap     ] GC(187)   Garbage:         -              2684M (66%)          56M (1%)           28M (1%)             -                  -          
[104.256s][info][gc,heap     ] GC(187) Reclaimed:         -                  -              2628M (64%)        2655M (65%)            -                  -          
[104.256s][info][gc          ] GC(187) Garbage Collection (Allocation Rate) 2786M(68%)->808M(20%)
[104.679s][info][gc,start    ] GC(188) Garbage Collection (Allocation Rate)
[104.679s][info][gc,task     ] GC(188) Using 1 workers
[104.679s][info][gc,phases   ] GC(188) Pause Mark Start 0.009ms
[104.904s][info][gc,phases   ] GC(188) Concurrent Mark 224.895ms
[104.904s][info][gc,phases   ] GC(188) Pause Mark End 0.013ms
[104.904s][info][gc,phases   ] GC(188) Concurrent Mark Free 0.003ms
[104.907s][info][gc,phases   ] GC(188) Concurrent Process Non-Strong References 2.955ms
[104.907s][info][gc,phases   ] GC(188) Concurrent Reset Relocation Set 0.003ms
[104.910s][info][gc,phases   ] GC(188) Concurrent Select Relocation Set 2.996ms
[104.911s][info][gc,phases   ] GC(188) Pause Relocate Start 0.010ms
[104.913s][info][gc,phases   ] GC(188) Concurrent Relocate 2.131ms
[104.913s][info][gc,load     ] GC(188) Load: 0.00/0.00/0.00
[104.913s][info][gc,mmu      ] GC(188) MMU: 2ms/96.2%, 5ms/98.5%, 10ms/99.0%, 20ms/99.5%, 50ms/99.8%, 100ms/99.9%
[104.913s][info][gc,marking  ] GC(188) Mark: 1 stripe(s), 2 proactive flush(es), 1 terminate flush(es), 0 completion(s), 0 continuation(s) 
[104.913s][info][gc,marking  ] GC(188) Mark Stack Usage: 32M
[104.913s][info][gc,nmethod  ] GC(188) NMethods: 1384 registered, 35 unregistered
[104.913s][info][gc,metaspace] GC(188) Metaspace: 11M used, 11M committed, 1088M reserved
[104.913s][info][gc,ref      ] GC(188) Soft: 197 encountered, 0 discovered, 0 enqueued
[104.913s][info][gc,ref      ] GC(188) Weak: 695 encountered, 187 discovered, 0 enqueued
[104.913s][info][gc,ref      ] GC(188) Final: 0 encountered, 0 discovered, 0 enqueued
[104.913s][info][gc,ref      ] GC(188) Phantom: 36 encountered, 21 discovered, 0 enqueued
[104.913s][info][gc,reloc    ] GC(188) Small Pages: 1162 / 2324M, Empty: 2202M, Relocated: 1M, In-Place: 0
[104.913s][info][gc,reloc    ] GC(188) Medium Pages: 13 / 416M, Empty: 352M, Relocated: 3M, In-Place: 0
[104.913s][info][gc,reloc    ] GC(188) Large Pages: 1 / 6M, Empty: 0M, Relocated: 0M, In-Place: 0
[104.913s][info][gc,reloc    ] GC(188) Forwarding Usage: 0M
[104.913s][info][gc,heap     ] GC(188) Min Capacity: 4096M(100%)
[104.913s][info][gc,heap     ] GC(188) Max Capacity: 4096M(100%)
[104.913s][info][gc,heap     ] GC(188) Soft Max Capacity: 4096M(100%)
[104.913s][info][gc,heap     ] GC(188)                Mark Start          Mark End        Relocate Start      Relocate End           High               Low         
[104.913s][info][gc,heap     ] GC(188)  Capacity:     4096M (100%)       4096M (100%)       4096M (100%)       4096M (100%)       4096M (100%)       4096M (100%)   
[104.913s][info][gc,heap     ] GC(188)      Free:     1350M (33%)         402M (10%)        2912M (71%)        2974M (73%)        2974M (73%)         392M (10%)    
[104.913s][info][gc,heap     ] GC(188)      Used:     2746M (67%)        3694M (90%)        1184M (29%)        1122M (27%)        3704M (90%)        1122M (27%)    
[104.913s][info][gc,heap     ] GC(188)      Live:         -                99M (2%)           99M (2%)           99M (2%)             -                  -          
[104.913s][info][gc,heap     ] GC(188) Allocated:         -               948M (23%)         992M (24%)         991M (24%)            -                  -          
[104.913s][info][gc,heap     ] GC(188)   Garbage:         -              2646M (65%)          92M (2%)           30M (1%)             -                  -          
[104.913s][info][gc,heap     ] GC(188) Reclaimed:         -                  -              2554M (62%)        2615M (64%)            -                  -          
[104.913s][info][gc          ] GC(188) Garbage Collection (Allocation Rate) 2746M(67%)->1122M(27%)
[105.167s][info][gc,start    ] GC(189) Garbage Collection (System.gc())
[105.167s][info][gc,task     ] GC(189) Using 2 workers
[105.167s][info][gc,phases   ] GC(189) Pause Mark Start 0.007ms
[105.228s][info][gc,phases   ] GC(189) Concurrent Mark 60.982ms
[105.228s][info][gc,phases   ] GC(189) Pause Mark End 0.027ms
[105.229s][info][gc,phases   ] GC(189) Concurrent Mark Free 0.004ms
[105.231s][info][gc,phases   ] GC(189) Concurrent Process Non-Strong References 2.035ms
[105.231s][info][gc,phases   ] GC(189) Concurrent Reset Relocation Set 0.003ms
[105.233s][info][gc,phases   ] GC(189) Concurrent Select Relocation Set 1.950ms
[105.233s][info][gc,phases   ] GC(189) Pause Relocate Start 0.005ms
[105.234s][info][gc,phases   ] GC(189) Concurrent Relocate 1.483ms
[105.234s][info][gc,load     ] GC(189) Load: 0.00/0.00/0.00
[105.234s][info][gc,mmu      ] GC(189) MMU: 2ms/96.2%, 5ms/98.5%, 10ms/99.0%, 20ms/99.5%, 50ms/99.8%, 100ms/99.9%
[105.234s][info][gc,marking  ] GC(189) Mark: 2 stripe(s), 1 proactive flush(es), 1 terminate flush(es), 0 completion(s), 0 continuation(s) 
[105.234s][info][gc,marking  ] GC(189) Mark Stack Usage: 32M
[105.234s][info][gc,nmethod  ] GC(189) NMethods: 1384 registered, 35 unregistered
[105.234s][info][gc,metaspace] GC(189) Metaspace: 11M used, 11M committed, 1088M reserved
[105.234s][info][gc,ref      ] GC(189) Soft: 197 encountered, 0 discovered, 0 enqueued
[105.234s][info][gc,ref      ] GC(189) Weak: 695 encountered, 106 discovered, 0 enqueued
[105.234s][info][gc,ref      ] GC(189) Final: 0 encountered, 0 discovered, 0 enqueued
[105.234s][info][gc,ref      ] GC(189) Phantom: 36 encountered, 16 discovered, 0 enqueued
[105.234s][info][gc,reloc    ] GC(189) Small Pages: 956 / 1912M, Empty: 1810M, Relocated: 1M, In-Place: 0
[105.234s][info][gc,reloc    ] GC(189) Medium Pages: 11 / 352M, Empty: 352M, Relocated: 0M, In-Place: 0
[105.234s][info][gc,reloc    ] GC(189) Large Pages: 1 / 6M, Empty: 0M, Relocated: 0M, In-Place: 0
[105.234s][info][gc,reloc    ] GC(189) Forwarding Usage: 0M
[105.235s][info][gc,heap     ] GC(189) Min Capacity: 4096M(100%)
[105.235s][info][gc,heap     ] GC(189) Max Capacity: 4096M(100%)
[105.235s][info][gc,heap     ] GC(189) Soft Max Capacity: 4096M(100%)
[105.235s][info][gc,heap     ] GC(189)                Mark Start          Mark End        Relocate Start      Relocate End           High               Low         
[105.235s][info][gc,heap     ] GC(189)  Capacity:     4096M (100%)       4096M (100%)       4096M (100%)       4096M (100%)       4096M (100%)       4096M (100%)   
[105.235s][info][gc,heap     ] GC(189)      Free:     1826M (45%)        1826M (45%)        3988M (97%)        3996M (98%)        3996M (98%)        1826M (45%)    
[105.235s][info][gc,heap     ] GC(189)      Used:     2270M (55%)        2270M (55%)         108M (3%)          100M (2%)         2270M (55%)         100M (2%)     
[105.235s][info][gc,heap     ] GC(189)      Live:         -                95M (2%)           95M (2%)           95M (2%)             -                  -          
[105.235s][info][gc,heap     ] GC(189) Allocated:         -                 0M (0%)            0M (0%)            0M (0%)             -                  -          
[105.235s][info][gc,heap     ] GC(189)   Garbage:         -              2174M (53%)          12M (0%)            4M (0%)             -                  -          
[105.235s][info][gc,heap     ] GC(189) Reclaimed:         -                  -              2162M (53%)        2170M (53%)            -                  -          
[105.235s][info][gc          ] GC(189) Garbage Collection (System.gc()) 2270M(55%)->100M(2%)
[105.684s][info][gc,start    ] GC(190) Garbage Collection (Allocation Rate)
[105.684s][info][gc,task     ] GC(190) Using 1 workers
[105.684s][info][gc,phases   ] GC(190) Pause Mark Start 0.008ms
[105.855s][info][gc,phases   ] GC(190) Concurrent Mark 170.497ms
[105.855s][info][gc,phases   ] GC(190) Pause Mark End 0.019ms
[105.855s][info][gc,phases   ] GC(190) Concurrent Mark Free 0.003ms
[105.859s][info][gc,phases   ] GC(190) Concurrent Process Non-Strong References 3.486ms
[105.859s][info][gc,phases   ] GC(190) Concurrent Reset Relocation Set 0.002ms
[105.862s][info][gc,phases   ] GC(190) Concurrent Select Relocation Set 3.010ms
[105.862s][info][gc,phases   ] GC(190) Pause Relocate Start 0.012ms
[105.865s][info][gc,phases   ] GC(190) Concurrent Relocate 3.552ms
[105.866s][info][gc,load     ] GC(190) Load: 0.00/0.00/0.00
[105.866s][info][gc,mmu      ] GC(190) MMU: 2ms/96.2%, 5ms/98.5%, 10ms/99.0%, 20ms/99.5%, 50ms/99.8%, 100ms/99.9%
[105.866s][info][gc,marking  ] GC(190) Mark: 1 stripe(s), 2 proactive flush(es), 1 terminate flush(es), 0 completion(s), 0 continuation(s) 
[105.866s][info][gc,marking  ] GC(190) Mark Stack Usage: 32M
[105.866s][info][gc,nmethod  ] GC(190) NMethods: 1385 registered, 35 unregistered
[105.866s][info][gc,metaspace] GC(190) Metaspace: 11M used, 11M committed, 1088M reserved
[105.866s][info][gc,ref      ] GC(190) Soft: 197 encountered, 0 discovered, 0 enqueued
[105.866s][info][gc,ref      ] GC(190) Weak: 695 encountered, 187 discovered, 0 enqueued
[105.866s][info][gc,ref      ] GC(190) Final: 0 encountered, 0 discovered, 0 enqueued
[105.866s][info][gc,ref      ] GC(190) Phantom: 36 encountered, 21 discovered, 0 enqueued
[105.866s][info][gc,reloc    ] GC(190) Small Pages: 936 / 1872M, Empty: 1734M, Relocated: 5M, In-Place: 0
[105.866s][info][gc,reloc    ] GC(190) Medium Pages: 9 / 288M, Empty: 288M, Relocated: 0M, In-Place: 0
[105.866s][info][gc,reloc    ] GC(190) Large Pages: 1 / 6M, Empty: 0M, Relocated: 0M, In-Place: 0
[105.866s][info][gc,reloc    ] GC(190) Forwarding Usage: 1M
[105.866s][info][gc,heap     ] GC(190) Min Capacity: 4096M(100%)
[105.866s][info][gc,heap     ] GC(190) Max Capacity: 4096M(100%)
[105.866s][info][gc,heap     ] GC(190) Soft Max Capacity: 4096M(100%)
[105.866s][info][gc,heap     ] GC(190)                Mark Start          Mark End        Relocate Start      Relocate End           High               Low         
[105.866s][info][gc,heap     ] GC(190)  Capacity:     4096M (100%)       4096M (100%)       4096M (100%)       4096M (100%)       4096M (100%)       4096M (100%)   
[105.866s][info][gc,heap     ] GC(190)      Free:     1930M (47%)        1214M (30%)        3198M (78%)        3240M (79%)        3240M (79%)        1176M (29%)    
[105.866s][info][gc,heap     ] GC(190)      Used:     2166M (53%)        2882M (70%)         898M (22%)         856M (21%)        2920M (71%)         856M (21%)    
[105.866s][info][gc,heap     ] GC(190)      Live:         -                98M (2%)           98M (2%)           98M (2%)             -                  -          
[105.866s][info][gc,heap     ] GC(190) Allocated:         -               716M (17%)         754M (18%)         755M (18%)            -                  -          
[105.866s][info][gc,heap     ] GC(190)   Garbage:         -              2067M (50%)          45M (1%)            1M (0%)             -                  -          
[105.866s][info][gc,heap     ] GC(190) Reclaimed:         -                  -              2022M (49%)        2065M (50%)            -                  -          
[105.866s][info][gc          ] GC(190) Garbage Collection (Allocation Rate) 2166M(53%)->856M(21%)
[106.279s][info][gc,start    ] GC(191) Garbage Collection (Allocation Rate)
[106.279s][info][gc,task     ] GC(191) Using 1 workers
[106.280s][info][gc,phases   ] GC(191) Pause Mark Start 0.006ms
[106.417s][info][gc,phases   ] GC(191) Concurrent Mark 137.828ms
[106.418s][info][gc,phases   ] GC(191) Pause Mark End 0.016ms
[106.418s][info][gc,phases   ] GC(191) Concurrent Mark Free 0.001ms
[106.422s][info][gc,phases   ] GC(191) Concurrent Process Non-Strong References 4.424ms
[106.422s][info][gc,phases   ] GC(191) Concurrent Reset Relocation Set 0.005ms
[106.426s][info][gc,phases   ] GC(191) Concurrent Select Relocation Set 3.767ms
[106.426s][info][gc,phases   ] GC(191) Pause Relocate Start 0.021ms
[106.428s][info][gc,phases   ] GC(191) Concurrent Relocate 1.837ms
[106.428s][info][gc,load     ] GC(191) Load: 0.00/0.00/0.00
[106.428s][info][gc,mmu      ] GC(191) MMU: 2ms/96.2%, 5ms/98.5%, 10ms/99.0%, 20ms/99.5%, 50ms/99.8%, 100ms/99.9%
[106.428s][info][gc,marking  ] GC(191) Mark: 1 stripe(s), 2 proactive flush(es), 1 terminate flush(es), 0 completion(s), 0 continuation(s) 
[106.428s][info][gc,marking  ] GC(191) Mark Stack Usage: 32M
[106.428s][info][gc,nmethod  ] GC(191) NMethods: 1385 registered, 35 unregistered
[106.428s][info][gc,metaspace] GC(191) Metaspace: 11M used, 11M committed, 1088M reserved
[106.428s][info][gc,ref      ] GC(191) Soft: 197 encountered, 0 discovered, 0 enqueued
[106.428s][info][gc,ref      ] GC(191) Weak: 695 encountered, 187 discovered, 0 enqueued
[106.428s][info][gc,ref      ] GC(191) Final: 0 encountered, 0 discovered, 0 enqueued
[106.428s][info][gc,ref      ] GC(191) Phantom: 36 encountered, 21 discovered, 0 enqueued
[106.428s][info][gc,reloc    ] GC(191) Small Pages: 1185 / 2370M, Empty: 2244M, Relocated: 1M, In-Place: 0
[106.428s][info][gc,reloc    ] GC(191) Medium Pages: 12 / 384M, Empty: 384M, Relocated: 0M, In-Place: 0
[106.428s][info][gc,reloc    ] GC(191) Large Pages: 1 / 6M, Empty: 0M, Relocated: 0M, In-Place: 0
[106.428s][info][gc,reloc    ] GC(191) Forwarding Usage: 0M
[106.428s][info][gc,heap     ] GC(191) Min Capacity: 4096M(100%)
[106.428s][info][gc,heap     ] GC(191) Max Capacity: 4096M(100%)
[106.428s][info][gc,heap     ] GC(191) Soft Max Capacity: 4096M(100%)
[106.428s][info][gc,heap     ] GC(191)                Mark Start          Mark End        Relocate Start      Relocate End           High               Low         
[106.428s][info][gc,heap     ] GC(191)  Capacity:     4096M (100%)       4096M (100%)       4096M (100%)       4096M (100%)       4096M (100%)       4096M (100%)   
[106.428s][info][gc,heap     ] GC(191)      Free:     1336M (33%)         740M (18%)        3332M (81%)        3360M (82%)        3364M (82%)         728M (18%)    
[106.428s][info][gc,heap     ] GC(191)      Used:     2760M (67%)        3356M (82%)         764M (19%)         736M (18%)        3368M (82%)         732M (18%)    
[106.429s][info][gc,heap     ] GC(191)      Live:         -                95M (2%)           95M (2%)           95M (2%)             -                  -          
[106.429s][info][gc,heap     ] GC(191) Allocated:         -               596M (15%)         632M (15%)         637M (16%)            -                  -          
[106.429s][info][gc,heap     ] GC(191)   Garbage:         -              2664M (65%)          36M (1%)            2M (0%)             -                  -          
[106.429s][info][gc,heap     ] GC(191) Reclaimed:         -                  -              2628M (64%)        2661M (65%)            -                  -          
[106.429s][info][gc          ] GC(191) Garbage Collection (Allocation Rate) 2760M(67%)->736M(18%)
[106.783s][info][gc,start    ] GC(192) Garbage Collection (Allocation Rate)
[106.783s][info][gc,task     ] GC(192) Using 1 workers
[106.783s][info][gc,phases   ] GC(192) Pause Mark Start 0.009ms
[106.955s][info][gc,phases   ] GC(192) Concurrent Mark 171.841ms
[106.955s][info][gc,phases   ] GC(192) Pause Mark End 0.017ms
[106.955s][info][gc,phases   ] GC(192) Concurrent Mark Free 0.003ms
[106.959s][info][gc,phases   ] GC(192) Concurrent Process Non-Strong References 3.338ms
[106.959s][info][gc,phases   ] GC(192) Concurrent Reset Relocation Set 0.003ms
[106.962s][info][gc,phases   ] GC(192) Concurrent Select Relocation Set 2.918ms
[106.962s][info][gc,phases   ] GC(192) Pause Relocate Start 0.010ms
[106.964s][info][gc,phases   ] GC(192) Concurrent Relocate 1.623ms
[106.964s][info][gc,load     ] GC(192) Load: 0.00/0.00/0.00
[106.964s][info][gc,mmu      ] GC(192) MMU: 2ms/96.2%, 5ms/98.5%, 10ms/99.0%, 20ms/99.5%, 50ms/99.8%, 100ms/99.9%
[106.964s][info][gc,marking  ] GC(192) Mark: 1 stripe(s), 2 proactive flush(es), 1 terminate flush(es), 0 completion(s), 0 continuation(s) 
[106.964s][info][gc,marking  ] GC(192) Mark Stack Usage: 32M
[106.964s][info][gc,nmethod  ] GC(192) NMethods: 1385 registered, 35 unregistered
[106.964s][info][gc,metaspace] GC(192) Metaspace: 11M used, 11M committed, 1088M reserved
[106.964s][info][gc,ref      ] GC(192) Soft: 197 encountered, 0 discovered, 0 enqueued
[106.964s][info][gc,ref      ] GC(192) Weak: 695 encountered, 187 discovered, 0 enqueued
[106.964s][info][gc,ref      ] GC(192) Final: 0 encountered, 0 discovered, 0 enqueued
[106.964s][info][gc,ref      ] GC(192) Phantom: 36 encountered, 21 discovered, 0 enqueued
[106.964s][info][gc,reloc    ] GC(192) Small Pages: 1010 / 2020M, Empty: 1888M, Relocated: 2M, In-Place: 0
[106.964s][info][gc,reloc    ] GC(192) Medium Pages: 10 / 320M, Empty: 320M, Relocated: 0M, In-Place: 0
[106.964s][info][gc,reloc    ] GC(192) Large Pages: 1 / 6M, Empty: 0M, Relocated: 0M, In-Place: 0
[106.964s][info][gc,reloc    ] GC(192) Forwarding Usage: 0M
[106.964s][info][gc,heap     ] GC(192) Min Capacity: 4096M(100%)
[106.964s][info][gc,heap     ] GC(192) Max Capacity: 4096M(100%)
[106.964s][info][gc,heap     ] GC(192) Soft Max Capacity: 4096M(100%)
[106.964s][info][gc,heap     ] GC(192)                Mark Start          Mark End        Relocate Start      Relocate End           High               Low         
[106.964s][info][gc,heap     ] GC(192)  Capacity:     4096M (100%)       4096M (100%)       4096M (100%)       4096M (100%)       4096M (100%)       4096M (100%)   
[106.964s][info][gc,heap     ] GC(192)      Free:     1750M (43%)        1024M (25%)        3192M (78%)        3230M (79%)        3230M (79%)         984M (24%)    
[106.964s][info][gc,heap     ] GC(192)      Used:     2346M (57%)        3072M (75%)         904M (22%)         866M (21%)        3112M (76%)         866M (21%)    
[106.964s][info][gc,heap     ] GC(192)      Live:         -                97M (2%)           97M (2%)           97M (2%)             -                  -          
[106.964s][info][gc,heap     ] GC(192) Allocated:         -               726M (18%)         766M (19%)         765M (19%)            -                  -          
[106.964s][info][gc,heap     ] GC(192)   Garbage:         -              2248M (55%)          40M (1%)            2M (0%)             -                  -          
[106.964s][info][gc,heap     ] GC(192) Reclaimed:         -                  -              2208M (54%)        2245M (55%)            -                  -          
[106.964s][info][gc          ] GC(192) Garbage Collection (Allocation Rate) 2346M(57%)->866M(21%)
[107.380s][info][gc,start    ] GC(193) Garbage Collection (Allocation Rate)
[107.380s][info][gc,task     ] GC(193) Using 1 workers
[107.380s][info][gc,phases   ] GC(193) Pause Mark Start 0.010ms
[107.603s][info][gc,phases   ] GC(193) Concurrent Mark 223.102ms
[107.603s][info][gc,phases   ] GC(193) Pause Mark End 0.022ms
[107.603s][info][gc,phases   ] GC(193) Concurrent Mark Free 0.001ms
[107.607s][info][gc,phases   ] GC(193) Concurrent Process Non-Strong References 3.583ms
[107.607s][info][gc,phases   ] GC(193) Concurrent Reset Relocation Set 0.005ms
[107.610s][info][gc,phases   ] GC(193) Concurrent Select Relocation Set 2.904ms
[107.610s][info][gc,phases   ] GC(193) Pause Relocate Start 0.013ms
[107.612s][info][gc,phases   ] GC(193) Concurrent Relocate 1.624ms
[107.612s][info][gc,load     ] GC(193) Load: 0.00/0.00/0.00
[107.612s][info][gc,mmu      ] GC(193) MMU: 2ms/96.2%, 5ms/98.5%, 10ms/99.0%, 20ms/99.5%, 50ms/99.8%, 100ms/99.9%
[107.612s][info][gc,marking  ] GC(193) Mark: 1 stripe(s), 2 proactive flush(es), 1 terminate flush(es), 0 completion(s), 0 continuation(s) 
[107.612s][info][gc,marking  ] GC(193) Mark Stack Usage: 32M
[107.612s][info][gc,nmethod  ] GC(193) NMethods: 1385 registered, 35 unregistered
[107.612s][info][gc,metaspace] GC(193) Metaspace: 11M used, 11M committed, 1088M reserved
[107.612s][info][gc,ref      ] GC(193) Soft: 197 encountered, 0 discovered, 0 enqueued
[107.612s][info][gc,ref      ] GC(193) Weak: 695 encountered, 187 discovered, 0 enqueued
[107.612s][info][gc,ref      ] GC(193) Final: 0 encountered, 0 discovered, 0 enqueued
[107.612s][info][gc,ref      ] GC(193) Phantom: 36 encountered, 21 discovered, 0 enqueued
[107.612s][info][gc,reloc    ] GC(193) Small Pages: 1190 / 2380M, Empty: 2256M, Relocated: 1M, In-Place: 0
[107.612s][info][gc,reloc    ] GC(193) Medium Pages: 12 / 384M, Empty: 352M, Relocated: 0M, In-Place: 0
[107.612s][info][gc,reloc    ] GC(193) Large Pages: 1 / 6M, Empty: 0M, Relocated: 0M, In-Place: 0
[107.612s][info][gc,reloc    ] GC(193) Forwarding Usage: 0M
[107.612s][info][gc,heap     ] GC(193) Min Capacity: 4096M(100%)
[107.612s][info][gc,heap     ] GC(193) Max Capacity: 4096M(100%)
[107.612s][info][gc,heap     ] GC(193) Soft Max Capacity: 4096M(100%)
[107.612s][info][gc,heap     ] GC(193)                Mark Start          Mark End        Relocate Start      Relocate End           High               Low         
[107.612s][info][gc,heap     ] GC(193)  Capacity:     4096M (100%)       4096M (100%)       4096M (100%)       4096M (100%)       4096M (100%)       4096M (100%)   
[107.612s][info][gc,heap     ] GC(193)      Free:     1326M (32%)         386M (9%)         2942M (72%)        2974M (73%)        2974M (73%)         366M (9%)     
[107.612s][info][gc,heap     ] GC(193)      Used:     2770M (68%)        3710M (91%)        1154M (28%)        1122M (27%)        3730M (91%)        1122M (27%)    
[107.612s][info][gc,heap     ] GC(193)      Live:         -                99M (2%)           99M (2%)           99M (2%)             -                  -          
[107.612s][info][gc,heap     ] GC(193) Allocated:         -               940M (23%)         992M (24%)         991M (24%)            -                  -          
[107.612s][info][gc,heap     ] GC(193)   Garbage:         -              2670M (65%)          62M (2%)           30M (1%)             -                  -          
[107.612s][info][gc,heap     ] GC(193) Reclaimed:         -                  -              2608M (64%)        2639M (64%)            -                  -          
[107.612s][info][gc          ] GC(193) Garbage Collection (Allocation Rate) 2770M(68%)->1122M(27%)
[107.882s][info][gc,start    ] GC(194) Garbage Collection (Allocation Rate)
[107.882s][info][gc,task     ] GC(194) Using 1 workers
[107.882s][info][gc,phases   ] GC(194) Pause Mark Start 0.015ms
[108.033s][info][gc,phases   ] GC(194) Concurrent Mark 150.060ms
[108.033s][info][gc,phases   ] GC(194) Pause Mark End 0.012ms
[108.033s][info][gc,phases   ] GC(194) Concurrent Mark Free 0.001ms
[108.038s][info][gc,phases   ] GC(194) Concurrent Process Non-Strong References 4.840ms
[108.038s][info][gc,phases   ] GC(194) Concurrent Reset Relocation Set 0.003ms
[108.040s][info][gc,phases   ] GC(194) Concurrent Select Relocation Set 2.084ms
[108.040s][info][gc,phases   ] GC(194) Pause Relocate Start 0.011ms
[108.045s][info][gc,phases   ] GC(194) Concurrent Relocate 2.219ms
[108.045s][info][gc,load     ] GC(194) Load: 0.00/0.00/0.00
[108.045s][info][gc,mmu      ] GC(194) MMU: 2ms/96.2%, 5ms/98.5%, 10ms/99.0%, 20ms/99.5%, 50ms/99.8%, 100ms/99.9%
[108.045s][info][gc,marking  ] GC(194) Mark: 1 stripe(s), 2 proactive flush(es), 1 terminate flush(es), 0 completion(s), 0 continuation(s) 
[108.045s][info][gc,marking  ] GC(194) Mark Stack Usage: 32M
[108.045s][info][gc,nmethod  ] GC(194) NMethods: 1385 registered, 35 unregistered
[108.045s][info][gc,metaspace] GC(194) Metaspace: 11M used, 11M committed, 1088M reserved
[108.045s][info][gc,ref      ] GC(194) Soft: 197 encountered, 0 discovered, 0 enqueued
[108.045s][info][gc,ref      ] GC(194) Weak: 695 encountered, 554 discovered, 0 enqueued
[108.045s][info][gc,ref      ] GC(194) Final: 0 encountered, 0 discovered, 0 enqueued
[108.045s][info][gc,ref      ] GC(194) Phantom: 36 encountered, 17 discovered, 0 enqueued
[108.045s][info][gc,reloc    ] GC(194) Small Pages: 998 / 1996M, Empty: 1880M, Relocated: 1M, In-Place: 0
[108.045s][info][gc,reloc    ] GC(194) Medium Pages: 11 / 352M, Empty: 320M, Relocated: 0M, In-Place: 0
[108.045s][info][gc,reloc    ] GC(194) Large Pages: 1 / 6M, Empty: 0M, Relocated: 0M, In-Place: 0
[108.045s][info][gc,reloc    ] GC(194) Forwarding Usage: 0M
[108.045s][info][gc,heap     ] GC(194) Min Capacity: 4096M(100%)
[108.045s][info][gc,heap     ] GC(194) Max Capacity: 4096M(100%)
[108.045s][info][gc,heap     ] GC(194) Soft Max Capacity: 4096M(100%)
[108.045s][info][gc,heap     ] GC(194)                Mark Start          Mark End        Relocate Start      Relocate End           High               Low         
[108.045s][info][gc,heap     ] GC(194)  Capacity:     4096M (100%)       4096M (100%)       4096M (100%)       4096M (100%)       4096M (100%)       4096M (100%)   
[108.045s][info][gc,heap     ] GC(194)      Free:     1742M (43%)        1146M (28%)        3346M (82%)        3368M (82%)        3368M (82%)        1146M (28%)    
[108.045s][info][gc,heap     ] GC(194)      Used:     2354M (57%)        2950M (72%)         750M (18%)         728M (18%)        2950M (72%)         728M (18%)    
[108.045s][info][gc,heap     ] GC(194)      Live:         -               101M (2%)          101M (2%)          101M (2%)             -                  -          
[108.045s][info][gc,heap     ] GC(194) Allocated:         -               596M (15%)         596M (15%)         597M (15%)            -                  -          
[108.045s][info][gc,heap     ] GC(194)   Garbage:         -              2252M (55%)          52M (1%)           28M (1%)             -                  -          
[108.045s][info][gc,heap     ] GC(194) Reclaimed:         -                  -              2200M (54%)        2223M (54%)            -                  -          
[108.045s][info][gc          ] GC(194) Garbage Collection (Allocation Rate) 2354M(57%)->728M(18%)
[108.384s][info][gc,start    ] GC(195) Garbage Collection (Allocation Rate)
[108.384s][info][gc,task     ] GC(195) Using 1 workers
[108.384s][info][gc,phases   ] GC(195) Pause Mark Start 0.015ms
[108.527s][info][gc,phases   ] GC(195) Concurrent Mark 142.537ms
[108.527s][info][gc,phases   ] GC(195) Pause Mark End 0.011ms
[108.527s][info][gc,phases   ] GC(195) Concurrent Mark Free 0.001ms
[108.536s][info][gc,phases   ] GC(195) Concurrent Process Non-Strong References 9.127ms
[108.537s][info][gc,phases   ] GC(195) Concurrent Reset Relocation Set 0.005ms
[108.541s][info][gc,phases   ] GC(195) Concurrent Select Relocation Set 4.142ms
[108.541s][info][gc,phases   ] GC(195) Pause Relocate Start 0.013ms
[108.544s][info][gc,phases   ] GC(195) Concurrent Relocate 3.074ms
[108.544s][info][gc,load     ] GC(195) Load: 0.00/0.00/0.00
[108.544s][info][gc,mmu      ] GC(195) MMU: 2ms/96.2%, 5ms/98.5%, 10ms/99.0%, 20ms/99.5%, 50ms/99.8%, 100ms/99.9%
[108.544s][info][gc,marking  ] GC(195) Mark: 1 stripe(s), 2 proactive flush(es), 1 terminate flush(es), 0 completion(s), 0 continuation(s) 
[108.544s][info][gc,marking  ] GC(195) Mark Stack Usage: 32M
[108.544s][info][gc,nmethod  ] GC(195) NMethods: 1385 registered, 35 unregistered
[108.544s][info][gc,metaspace] GC(195) Metaspace: 11M used, 11M committed, 1088M reserved
[108.544s][info][gc,ref      ] GC(195) Soft: 197 encountered, 0 discovered, 0 enqueued
[108.544s][info][gc,ref      ] GC(195) Weak: 695 encountered, 554 discovered, 0 enqueued
[108.544s][info][gc,ref      ] GC(195) Final: 0 encountered, 0 discovered, 0 enqueued
[108.544s][info][gc,ref      ] GC(195) Phantom: 36 encountered, 17 discovered, 0 enqueued
[108.544s][info][gc,reloc    ] GC(195) Small Pages: 996 / 1992M, Empty: 1860M, Relocated: 4M, In-Place: 0
[108.544s][info][gc,reloc    ] GC(195) Medium Pages: 11 / 352M, Empty: 320M, Relocated: 0M, In-Place: 0
[108.544s][info][gc,reloc    ] GC(195) Large Pages: 1 / 6M, Empty: 0M, Relocated: 0M, In-Place: 0
[108.544s][info][gc,reloc    ] GC(195) Forwarding Usage: 1M
[108.544s][info][gc,heap     ] GC(195) Min Capacity: 4096M(100%)
[108.544s][info][gc,heap     ] GC(195) Max Capacity: 4096M(100%)
[108.544s][info][gc,heap     ] GC(195) Soft Max Capacity: 4096M(100%)
[108.544s][info][gc,heap     ] GC(195)                Mark Start          Mark End        Relocate Start      Relocate End           High               Low         
[108.544s][info][gc,heap     ] GC(195)  Capacity:     4096M (100%)       4096M (100%)       4096M (100%)       4096M (100%)       4096M (100%)       4096M (100%)   
[108.544s][info][gc,heap     ] GC(195)      Free:     1746M (43%)        1228M (30%)        3326M (81%)        3364M (82%)        3364M (82%)        1170M (29%)    
[108.544s][info][gc,heap     ] GC(195)      Used:     2350M (57%)        2868M (70%)         770M (19%)         732M (18%)        2926M (71%)         732M (18%)    
[108.544s][info][gc,heap     ] GC(195)      Live:         -               101M (2%)          101M (2%)          101M (2%)             -                  -          
[108.544s][info][gc,heap     ] GC(195) Allocated:         -               518M (13%)         600M (15%)         599M (15%)            -                  -          
[108.544s][info][gc,heap     ] GC(195)   Garbage:         -              2248M (55%)          68M (2%)           30M (1%)             -                  -          
[108.544s][info][gc,heap     ] GC(195) Reclaimed:         -                  -              2180M (53%)        2217M (54%)            -                  -          
[108.544s][info][gc          ] GC(195) Garbage Collection (Allocation Rate) 2350M(57%)->732M(18%)
[108.981s][info][gc,start    ] GC(196) Garbage Collection (Allocation Rate)
[108.981s][info][gc,task     ] GC(196) Using 1 workers
[108.981s][info][gc,phases   ] GC(196) Pause Mark Start 0.011ms
[109.120s][info][gc,phases   ] GC(196) Concurrent Mark 139.162ms
[109.121s][info][gc,phases   ] GC(196) Pause Mark End 0.012ms
[109.121s][info][gc,phases   ] GC(196) Concurrent Mark Free 0.001ms
[109.129s][info][gc,phases   ] GC(196) Concurrent Process Non-Strong References 8.058ms
[109.129s][info][gc,phases   ] GC(196) Concurrent Reset Relocation Set 0.008ms
[109.134s][info][gc,phases   ] GC(196) Concurrent Select Relocation Set 4.769ms
[109.134s][info][gc,phases   ] GC(196) Pause Relocate Start 0.014ms
[109.138s][info][gc,phases   ] GC(196) Concurrent Relocate 4.335ms
[109.138s][info][gc,load     ] GC(196) Load: 0.00/0.00/0.00
[109.138s][info][gc,mmu      ] GC(196) MMU: 2ms/96.2%, 5ms/98.5%, 10ms/99.0%, 20ms/99.5%, 50ms/99.8%, 100ms/99.9%
[109.138s][info][gc,marking  ] GC(196) Mark: 1 stripe(s), 2 proactive flush(es), 1 terminate flush(es), 0 completion(s), 0 continuation(s) 
[109.138s][info][gc,marking  ] GC(196) Mark Stack Usage: 32M
[109.138s][info][gc,nmethod  ] GC(196) NMethods: 1385 registered, 35 unregistered
[109.138s][info][gc,metaspace] GC(196) Metaspace: 11M used, 11M committed, 1088M reserved
[109.138s][info][gc,ref      ] GC(196) Soft: 197 encountered, 0 discovered, 0 enqueued
[109.139s][info][gc,ref      ] GC(196) Weak: 695 encountered, 554 discovered, 0 enqueued
[109.139s][info][gc,ref      ] GC(196) Final: 0 encountered, 0 discovered, 0 enqueued
[109.139s][info][gc,ref      ] GC(196) Phantom: 36 encountered, 17 discovered, 0 enqueued
[109.139s][info][gc,reloc    ] GC(196) Small Pages: 1164 / 2328M, Empty: 2196M, Relocated: 4M, In-Place: 0
[109.139s][info][gc,reloc    ] GC(196) Medium Pages: 13 / 416M, Empty: 352M, Relocated: 3M, In-Place: 0
[109.139s][info][gc,reloc    ] GC(196) Large Pages: 1 / 6M, Empty: 0M, Relocated: 0M, In-Place: 0
[109.139s][info][gc,reloc    ] GC(196) Forwarding Usage: 1M
[109.139s][info][gc,heap     ] GC(196) Min Capacity: 4096M(100%)
[109.139s][info][gc,heap     ] GC(196) Max Capacity: 4096M(100%)
[109.139s][info][gc,heap     ] GC(196) Soft Max Capacity: 4096M(100%)
[109.139s][info][gc,heap     ] GC(196)                Mark Start          Mark End        Relocate Start      Relocate End           High               Low         
[109.139s][info][gc,heap     ] GC(196)  Capacity:     4096M (100%)       4096M (100%)       4096M (100%)       4096M (100%)       4096M (100%)       4096M (100%)   
[109.139s][info][gc,heap     ] GC(196)      Free:     1346M (33%)         828M (20%)        3298M (81%)        3366M (82%)        3366M (82%)         778M (19%)    
[109.139s][info][gc,heap     ] GC(196)      Used:     2750M (67%)        3268M (80%)         798M (19%)         730M (18%)        3318M (81%)         730M (18%)    
[109.139s][info][gc,heap     ] GC(196)      Live:         -               101M (2%)          101M (2%)          101M (2%)             -                  -          
[109.139s][info][gc,heap     ] GC(196) Allocated:         -               518M (13%)         596M (15%)         597M (15%)            -                  -          
[109.139s][info][gc,heap     ] GC(196)   Garbage:         -              2648M (65%)         100M (2%)           30M (1%)             -                  -          
[109.139s][info][gc,heap     ] GC(196) Reclaimed:         -                  -              2548M (62%)        2617M (64%)            -                  -          
[109.139s][info][gc          ] GC(196) Garbage Collection (Allocation Rate) 2750M(67%)->730M(18%)
[109.578s][info][gc,start    ] GC(197) Garbage Collection (Allocation Rate)
[109.578s][info][gc,task     ] GC(197) Using 1 workers
[109.578s][info][gc,phases   ] GC(197) Pause Mark Start 0.013ms
[109.744s][info][gc,phases   ] GC(197) Concurrent Mark 165.791ms
[109.744s][info][gc,phases   ] GC(197) Pause Mark End 0.014ms
[109.744s][info][gc,phases   ] GC(197) Concurrent Mark Free 0.002ms
[109.746s][info][gc,phases   ] GC(197) Concurrent Process Non-Strong References 2.282ms
[109.746s][info][gc,phases   ] GC(197) Concurrent Reset Relocation Set 0.003ms
[109.748s][info][gc,phases   ] GC(197) Concurrent Select Relocation Set 1.723ms
[109.748s][info][gc,phases   ] GC(197) Pause Relocate Start 0.012ms
[109.750s][info][gc,phases   ] GC(197) Concurrent Relocate 1.864ms
[109.750s][info][gc,load     ] GC(197) Load: 0.00/0.00/0.00
[109.750s][info][gc,mmu      ] GC(197) MMU: 2ms/96.2%, 5ms/98.5%, 10ms/99.0%, 20ms/99.5%, 50ms/99.8%, 100ms/99.9%
[109.750s][info][gc,marking  ] GC(197) Mark: 1 stripe(s), 2 proactive flush(es), 1 terminate flush(es), 0 completion(s), 0 continuation(s) 
[109.750s][info][gc,marking  ] GC(197) Mark Stack Usage: 32M
[109.750s][info][gc,nmethod  ] GC(197) NMethods: 1388 registered, 35 unregistered
[109.750s][info][gc,metaspace] GC(197) Metaspace: 11M used, 11M committed, 1088M reserved
[109.750s][info][gc,ref      ] GC(197) Soft: 197 encountered, 0 discovered, 0 enqueued
[109.750s][info][gc,ref      ] GC(197) Weak: 695 encountered, 554 discovered, 0 enqueued
[109.750s][info][gc,ref      ] GC(197) Final: 0 encountered, 0 discovered, 0 enqueued
[109.750s][info][gc,ref      ] GC(197) Phantom: 36 encountered, 17 discovered, 0 enqueued
[109.750s][info][gc,reloc    ] GC(197) Small Pages: 1163 / 2326M, Empty: 2206M, Relocated: 1M, In-Place: 0
[109.750s][info][gc,reloc    ] GC(197) Medium Pages: 13 / 416M, Empty: 352M, Relocated: 6M, In-Place: 0
[109.750s][info][gc,reloc    ] GC(197) Large Pages: 1 / 6M, Empty: 0M, Relocated: 0M, In-Place: 0
[109.750s][info][gc,reloc    ] GC(197) Forwarding Usage: 0M
[109.750s][info][gc,heap     ] GC(197) Min Capacity: 4096M(100%)
[109.750s][info][gc,heap     ] GC(197) Max Capacity: 4096M(100%)
[109.750s][info][gc,heap     ] GC(197) Soft Max Capacity: 4096M(100%)
[109.751s][info][gc,heap     ] GC(197)                Mark Start          Mark End        Relocate Start      Relocate End           High               Low         
[109.751s][info][gc,heap     ] GC(197)  Capacity:     4096M (100%)       4096M (100%)       4096M (100%)       4096M (100%)       4096M (100%)       4096M (100%)   
[109.751s][info][gc,heap     ] GC(197)      Free:     1348M (33%)        1308M (32%)        3866M (94%)        3926M (96%)        3926M (96%)        1308M (32%)    
[109.751s][info][gc,heap     ] GC(197)      Used:     2748M (67%)        2788M (68%)         230M (6%)          170M (4%)         2788M (68%)         170M (4%)     
[109.751s][info][gc,heap     ] GC(197)      Live:         -               102M (3%)          102M (3%)          102M (3%)             -                  -          
[109.751s][info][gc,heap     ] GC(197) Allocated:         -                40M (1%)           40M (1%)           40M (1%)             -                  -          
[109.751s][info][gc,heap     ] GC(197)   Garbage:         -              2645M (65%)          87M (2%)           27M (1%)             -                  -          
[109.751s][info][gc,heap     ] GC(197) Reclaimed:         -                  -              2558M (62%)        2618M (64%)            -                  -          
[109.751s][info][gc          ] GC(197) Garbage Collection (Allocation Rate) 2748M(67%)->170M(4%)
[109.751s][info][gc,start    ] GC(198) Garbage Collection (System.gc())
[109.751s][info][gc,task     ] GC(198) Using 2 workers
[109.751s][info][gc,phases   ] GC(198) Pause Mark Start 0.005ms
[109.813s][info][gc,phases   ] GC(198) Concurrent Mark 62.211ms
[109.813s][info][gc,phases   ] GC(198) Pause Mark End 0.027ms
[109.813s][info][gc,phases   ] GC(198) Concurrent Mark Free 0.003ms
[109.816s][info][gc,phases   ] GC(198) Concurrent Process Non-Strong References 2.254ms
[109.816s][info][gc,phases   ] GC(198) Concurrent Reset Relocation Set 0.002ms
[109.818s][info][gc,phases   ] GC(198) Concurrent Select Relocation Set 1.907ms
[109.818s][info][gc,phases   ] GC(198) Pause Relocate Start 0.006ms
[109.819s][info][gc,phases   ] GC(198) Concurrent Relocate 0.960ms
[109.819s][info][gc,load     ] GC(198) Load: 0.00/0.00/0.00
[109.819s][info][gc,mmu      ] GC(198) MMU: 2ms/96.2%, 5ms/98.5%, 10ms/99.0%, 20ms/99.5%, 50ms/99.8%, 100ms/99.9%
[109.819s][info][gc,marking  ] GC(198) Mark: 2 stripe(s), 1 proactive flush(es), 1 terminate flush(es), 0 completion(s), 0 continuation(s) 
[109.819s][info][gc,marking  ] GC(198) Mark Stack Usage: 32M
[109.819s][info][gc,nmethod  ] GC(198) NMethods: 1387 registered, 36 unregistered
[109.819s][info][gc,metaspace] GC(198) Metaspace: 11M used, 11M committed, 1088M reserved
[109.819s][info][gc,ref      ] GC(198) Soft: 197 encountered, 0 discovered, 0 enqueued
[109.819s][info][gc,ref      ] GC(198) Weak: 695 encountered, 90 discovered, 0 enqueued
[109.819s][info][gc,ref      ] GC(198) Final: 0 encountered, 0 discovered, 0 enqueued
[109.819s][info][gc,ref      ] GC(198) Phantom: 36 encountered, 15 discovered, 0 enqueued
[109.819s][info][gc,reloc    ] GC(198) Small Pages: 50 / 100M, Empty: 6M, Relocated: 0M, In-Place: 0
[109.819s][info][gc,reloc    ] GC(198) Medium Pages: 2 / 64M, Empty: 64M, Relocated: 0M, In-Place: 0
[109.819s][info][gc,reloc    ] GC(198) Large Pages: 1 / 6M, Empty: 0M, Relocated: 0M, In-Place: 0
[109.819s][info][gc,reloc    ] GC(198) Forwarding Usage: 0M
[109.819s][info][gc,heap     ] GC(198) Min Capacity: 4096M(100%)
[109.819s][info][gc,heap     ] GC(198) Max Capacity: 4096M(100%)
[109.819s][info][gc,heap     ] GC(198) Soft Max Capacity: 4096M(100%)
[109.819s][info][gc,heap     ] GC(198)                Mark Start          Mark End        Relocate Start      Relocate End           High               Low         
[109.819s][info][gc,heap     ] GC(198)  Capacity:     4096M (100%)       4096M (100%)       4096M (100%)       4096M (100%)       4096M (100%)       4096M (100%)   
[109.819s][info][gc,heap     ] GC(198)      Free:     3926M (96%)        3926M (96%)        3996M (98%)        3998M (98%)        3998M (98%)        3926M (96%)    
[109.819s][info][gc,heap     ] GC(198)      Used:      170M (4%)          170M (4%)          100M (2%)           98M (2%)          170M (4%)           98M (2%)     
[109.819s][info][gc,heap     ] GC(198)      Live:         -                95M (2%)           95M (2%)           95M (2%)             -                  -          
[109.819s][info][gc,heap     ] GC(198) Allocated:         -                 0M (0%)            0M (0%)            0M (0%)             -                  -          
[109.819s][info][gc,heap     ] GC(198)   Garbage:         -                74M (2%)            4M (0%)            2M (0%)             -                  -          
[109.819s][info][gc,heap     ] GC(198) Reclaimed:         -                  -                70M (2%)           72M (2%)             -                  -          
[109.819s][info][gc          ] GC(198) Garbage Collection (System.gc()) 170M(4%)->98M(2%)
[110.174s][info][gc,stats    ] === Garbage Collection Statistics =======================================================================================================================
[110.174s][info][gc,stats    ]                                                              Last 10s              Last 10m              Last 10h                Total
[110.174s][info][gc,stats    ]                                                              Avg / Max             Avg / Max             Avg / Max             Avg / Max
[110.174s][info][gc,stats    ]   Collector: Garbage Collection Cycle                    161.971 / 236.427     160.444 / 259.019     160.444 / 259.019     160.444 / 259.019     ms
[110.174s][info][gc,stats    ]  Contention: Mark Segment Reset Contention                     0 / 0                 0 / 2                 0 / 2                 0 / 2           ops/s
[110.174s][info][gc,stats    ]  Contention: Mark SeqNum Reset Contention                      0 / 0                 0 / 2                 0 / 2                 0 / 2           ops/s
[110.174s][info][gc,stats    ]    Critical: Allocation Stall                                  0 / 0                 0 / 0                 0 / 0                 0 / 0           ops/s
[110.174s][info][gc,stats    ]    Critical: Allocation Stall                              0.000 / 0.000         0.000 / 0.000         0.000 / 0.000         0.000 / 0.000       ms
[110.174s][info][gc,stats    ]    Critical: GC Locker Stall                                   0 / 0                 0 / 0                 0 / 0                 0 / 0           ops/s
[110.174s][info][gc,stats    ]    Critical: GC Locker Stall                               0.000 / 0.000         0.000 / 0.000         0.000 / 0.000         0.000 / 0.000       ms
[110.174s][info][gc,stats    ]    Critical: Relocation Stall                                  0 / 0                 0 / 0                 0 / 0                 0 / 0           ops/s
[110.174s][info][gc,stats    ]    Critical: Relocation Stall                              0.000 / 0.000         0.000 / 0.000         0.000 / 0.000         0.000 / 0.000       ms
[110.174s][info][gc,stats    ]      Memory: Allocation Rate                                4285 / 4446           4241 / 4592           4241 / 4592           4241 / 4592        MB/s
[110.174s][info][gc,stats    ]      Memory: Defragment                                        0 / 0                 0 / 0                 0 / 0                 0 / 0           ops/s
[110.174s][info][gc,stats    ]      Memory: Out Of Memory                                     0 / 0                 0 / 0                 0 / 0                 0 / 0           ops/s
[110.174s][info][gc,stats    ]      Memory: Page Cache Flush                                  0 / 0                 0 / 0                 0 / 0                 0 / 0           MB/s
[110.174s][info][gc,stats    ]      Memory: Page Cache Hit L1                              1853 / 1925           1821 / 2002           1821 / 2002           1821 / 2002        ops/s
[110.174s][info][gc,stats    ]      Memory: Page Cache Hit L2                                 0 / 0                 0 / 0                 0 / 0                 0 / 0           ops/s
[110.174s][info][gc,stats    ]      Memory: Page Cache Hit L3                                 0 / 0                15 / 437              15 / 437              15 / 437         ops/s
[110.174s][info][gc,stats    ]      Memory: Page Cache Miss                                   0 / 0                 0 / 1                 0 / 1                 0 / 1           ops/s
[110.175s][info][gc,stats    ]      Memory: Uncommit                                          0 / 0                 0 / 0                 0 / 0                 0 / 0           MB/s
[110.175s][info][gc,stats    ]      Memory: Undo Object Allocation Failed                     0 / 0                 0 / 1                 0 / 1                 0 / 1           ops/s
[110.175s][info][gc,stats    ]      Memory: Undo Object Allocation Succeeded                 70 / 357              17 / 357              17 / 357              17 / 357         ops/s
[110.175s][info][gc,stats    ]      Memory: Undo Page Allocation                              2 / 7                 2 / 7                 2 / 7                 2 / 7           ops/s
[110.175s][info][gc,stats    ]       Phase: Concurrent Mark                             150.987 / 228.099     148.869 / 251.310     148.869 / 251.310     148.869 / 251.310     ms
[110.175s][info][gc,stats    ]       Phase: Concurrent Mark Continue                      0.000 / 0.000         0.000 / 0.000         0.000 / 0.000         0.000 / 0.000       ms
[110.175s][info][gc,stats    ]       Phase: Concurrent Mark Free                          0.002 / 0.004         0.002 / 0.005         0.002 / 0.005         0.002 / 0.005       ms
[110.175s][info][gc,stats    ]       Phase: Concurrent Process Non-Strong References      4.521 / 9.127         5.319 / 24.469        5.319 / 24.469        5.319 / 24.469      ms
[110.175s][info][gc,stats    ]       Phase: Concurrent Relocate                           2.242 / 4.335         2.111 / 57.532        2.111 / 57.532        2.111 / 57.532      ms
[110.175s][info][gc,stats    ]       Phase: Concurrent Reset Relocation Set               0.004 / 0.008         0.004 / 0.026         0.004 / 0.026         0.004 / 0.026       ms
[110.175s][info][gc,stats    ]       Phase: Concurrent Select Relocation Set              3.111 / 4.769         3.093 / 13.885        3.093 / 13.885        3.093 / 13.885      ms
[110.175s][info][gc,stats    ]       Phase: Pause Mark End                                0.017 / 0.028         0.017 / 0.047         0.017 / 0.047         0.017 / 0.047       ms
[110.175s][info][gc,stats    ]       Phase: Pause Mark Start                              0.011 / 0.018         0.010 / 0.027         0.010 / 0.027         0.010 / 0.027       ms
[110.175s][info][gc,stats    ]       Phase: Pause Relocate Start                          0.012 / 0.021         0.012 / 0.077         0.012 / 0.077         0.012 / 0.077       ms
[110.175s][info][gc,stats    ]    Subphase: Concurrent Classes Purge                      0.014 / 0.025         0.018 / 0.208         0.018 / 0.208         0.018 / 0.208       ms
[110.175s][info][gc,stats    ]    Subphase: Concurrent Classes Unlink                     2.696 / 3.641         2.581 / 3.649         2.581 / 3.649         2.581 / 3.649       ms
[110.175s][info][gc,stats    ]    Subphase: Concurrent Mark                             136.403 / 227.106     133.351 / 250.559     133.351 / 250.559     133.351 / 250.559     ms
[110.175s][info][gc,stats    ]    Subphase: Concurrent Mark Try Flush                     0.524 / 5.316         0.842 / 17.896        0.842 / 17.896        0.842 / 17.896      ms
[110.175s][info][gc,stats    ]    Subphase: Concurrent Mark Try Terminate                 0.867 / 15.546        1.328 / 17.378        1.328 / 17.378        1.328 / 17.378      ms
[110.175s][info][gc,stats    ]    Subphase: Concurrent References Enqueue                 0.001 / 0.002         0.001 / 0.015         0.001 / 0.015         0.001 / 0.015       ms
[110.175s][info][gc,stats    ]    Subphase: Concurrent References Process                 0.087 / 0.151         0.082 / 0.207         0.082 / 0.207         0.082 / 0.207       ms
[110.175s][info][gc,stats    ]    Subphase: Concurrent Roots ClassLoaderDataGraph         0.075 / 0.129         0.069 / 0.272         0.069 / 0.272         0.069 / 0.272       ms
[110.175s][info][gc,stats    ]    Subphase: Concurrent Roots CodeCache                    0.000 / 0.000         0.000 / 0.000         0.000 / 0.000         0.000 / 0.000       ms
[110.175s][info][gc,stats    ]    Subphase: Concurrent Roots JavaThreads                  0.770 / 2.669         0.633 / 7.312         0.633 / 7.312         0.633 / 7.312       ms
[110.175s][info][gc,stats    ]    Subphase: Concurrent Roots OopStorageSet                0.033 / 0.069         0.028 / 0.069         0.028 / 0.069         0.028 / 0.069       ms
[110.175s][info][gc,stats    ]    Subphase: Concurrent Weak Roots OopStorageSet           0.208 / 0.313         0.184 / 0.369         0.184 / 0.369         0.184 / 0.369       ms
[110.175s][info][gc,stats    ]    Subphase: Pause Mark Try Complete                       0.000 / 0.000         0.000 / 0.000         0.000 / 0.000         0.000 / 0.000       ms
[110.175s][info][gc,stats    ]      System: Java Threads                                     24 / 24               22 / 24               22 / 24               22 / 24          threads
[110.175s][info][gc,stats    ] =========================================================================================================================================================
[110.378s][info][gc,start    ] GC(199) Garbage Collection (Allocation Rate)
[110.378s][info][gc,task     ] GC(199) Using 1 workers
[110.378s][info][gc,phases   ] GC(199) Pause Mark Start 0.009ms
[110.604s][info][gc,phases   ] GC(199) Concurrent Mark 225.946ms
[110.605s][info][gc,phases   ] GC(199) Pause Mark End 0.025ms
[110.605s][info][gc,phases   ] GC(199) Concurrent Mark Free 0.002ms
[110.609s][info][gc,phases   ] GC(199) Concurrent Process Non-Strong References 4.124ms
[110.609s][info][gc,phases   ] GC(199) Concurrent Reset Relocation Set 0.004ms
[110.612s][info][gc,phases   ] GC(199) Concurrent Select Relocation Set 2.778ms
[110.612s][info][gc,phases   ] GC(199) Pause Relocate Start 0.013ms
[110.613s][info][gc,phases   ] GC(199) Concurrent Relocate 1.414ms
[110.613s][info][gc,load     ] GC(199) Load: 0.00/0.00/0.00
[110.613s][info][gc,mmu      ] GC(199) MMU: 2ms/96.2%, 5ms/98.5%, 10ms/99.0%, 20ms/99.5%, 50ms/99.8%, 100ms/99.9%
[110.613s][info][gc,marking  ] GC(199) Mark: 1 stripe(s), 2 proactive flush(es), 1 terminate flush(es), 0 completion(s), 0 continuation(s) 
[110.613s][info][gc,marking  ] GC(199) Mark Stack Usage: 32M
[110.613s][info][gc,nmethod  ] GC(199) NMethods: 1387 registered, 36 unregistered
[110.613s][info][gc,metaspace] GC(199) Metaspace: 11M used, 11M committed, 1088M reserved
[110.614s][info][gc,ref      ] GC(199) Soft: 197 encountered, 0 discovered, 0 enqueued
[110.614s][info][gc,ref      ] GC(199) Weak: 695 encountered, 187 discovered, 0 enqueued
[110.614s][info][gc,ref      ] GC(199) Final: 0 encountered, 0 discovered, 0 enqueued
[110.614s][info][gc,ref      ] GC(199) Phantom: 36 encountered, 21 discovered, 0 enqueued
[110.614s][info][gc,reloc    ] GC(199) Small Pages: 1163 / 2326M, Empty: 2212M, Relocated: 0M, In-Place: 0
[110.614s][info][gc,reloc    ] GC(199) Medium Pages: 12 / 384M, Empty: 320M, Relocated: 3M, In-Place: 0
[110.614s][info][gc,reloc    ] GC(199) Large Pages: 1 / 6M, Empty: 0M, Relocated: 0M, In-Place: 0
[110.614s][info][gc,reloc    ] GC(199) Forwarding Usage: 0M
[110.614s][info][gc,heap     ] GC(199) Min Capacity: 4096M(100%)
[110.614s][info][gc,heap     ] GC(199) Max Capacity: 4096M(100%)
[110.614s][info][gc,heap     ] GC(199) Soft Max Capacity: 4096M(100%)
[110.614s][info][gc,heap     ] GC(199)                Mark Start          Mark End        Relocate Start      Relocate End           High               Low         
[110.614s][info][gc,heap     ] GC(199)  Capacity:     4096M (100%)       4096M (100%)       4096M (100%)       4096M (100%)       4096M (100%)       4096M (100%)   
[110.614s][info][gc,heap     ] GC(199)      Free:     1380M (34%)         456M (11%)        2954M (72%)        3008M (73%)        3008M (73%)         428M (10%)    
[110.614s][info][gc,heap     ] GC(199)      Used:     2716M (66%)        3640M (89%)        1142M (28%)        1088M (27%)        3668M (90%)        1088M (27%)    
[110.614s][info][gc,heap     ] GC(199)      Live:         -                99M (2%)           99M (2%)           99M (2%)             -                  -          
[110.614s][info][gc,heap     ] GC(199) Allocated:         -               924M (23%)         958M (23%)         957M (23%)            -                  -          
[110.614s][info][gc,heap     ] GC(199)   Garbage:         -              2616M (64%)          84M (2%)           30M (1%)             -                  -          
[110.614s][info][gc,heap     ] GC(199) Reclaimed:         -                  -              2532M (62%)        2585M (63%)            -                  -          
[110.614s][info][gc          ] GC(199) Garbage Collection (Allocation Rate) 2716M(66%)->1088M(27%)
[110.786s][info][gc,start    ] GC(200) Garbage Collection (Allocation Rate)
[110.786s][info][gc,task     ] GC(200) Using 1 workers
[110.787s][info][gc,phases   ] GC(200) Pause Mark Start 0.009ms
[111.009s][info][gc,phases   ] GC(200) Concurrent Mark 222.006ms
[111.009s][info][gc,phases   ] GC(200) Pause Mark End 0.022ms
[111.009s][info][gc,phases   ] GC(200) Concurrent Mark Free 0.002ms
[111.015s][info][gc,phases   ] GC(200) Concurrent Process Non-Strong References 6.480ms
[111.016s][info][gc,phases   ] GC(200) Concurrent Reset Relocation Set 0.006ms
[111.019s][info][gc,phases   ] GC(200) Concurrent Select Relocation Set 3.454ms
[111.019s][info][gc,phases   ] GC(200) Pause Relocate Start 0.017ms
[111.020s][info][gc,phases   ] GC(200) Concurrent Relocate 0.852ms
[111.020s][info][gc,load     ] GC(200) Load: 0.00/0.00/0.00
[111.020s][info][gc,mmu      ] GC(200) MMU: 2ms/96.2%, 5ms/98.5%, 10ms/99.0%, 20ms/99.5%, 50ms/99.8%, 100ms/99.9%
[111.020s][info][gc,marking  ] GC(200) Mark: 1 stripe(s), 2 proactive flush(es), 1 terminate flush(es), 0 completion(s), 0 continuation(s) 
[111.020s][info][gc,marking  ] GC(200) Mark Stack Usage: 32M
[111.020s][info][gc,nmethod  ] GC(200) NMethods: 1387 registered, 36 unregistered
[111.020s][info][gc,metaspace] GC(200) Metaspace: 11M used, 11M committed, 1088M reserved
[111.020s][info][gc,ref      ] GC(200) Soft: 197 encountered, 0 discovered, 0 enqueued
[111.020s][info][gc,ref      ] GC(200) Weak: 695 encountered, 187 discovered, 0 enqueued
[111.020s][info][gc,ref      ] GC(200) Final: 0 encountered, 0 discovered, 0 enqueued
[111.020s][info][gc,ref      ] GC(200) Phantom: 36 encountered, 21 discovered, 0 enqueued
[111.020s][info][gc,reloc    ] GC(200) Small Pages: 791 / 1582M, Empty: 1466M, Relocated: 0M, In-Place: 0
[111.020s][info][gc,reloc    ] GC(200) Medium Pages: 9 / 288M, Empty: 256M, Relocated: 0M, In-Place: 0
[111.020s][info][gc,reloc    ] GC(200) Large Pages: 1 / 6M, Empty: 0M, Relocated: 0M, In-Place: 0
[111.020s][info][gc,reloc    ] GC(200) Forwarding Usage: 0M
[111.020s][info][gc,heap     ] GC(200) Min Capacity: 4096M(100%)
[111.020s][info][gc,heap     ] GC(200) Max Capacity: 4096M(100%)
[111.020s][info][gc,heap     ] GC(200) Soft Max Capacity: 4096M(100%)
[111.020s][info][gc,heap     ] GC(200)                Mark Start          Mark End        Relocate Start      Relocate End           High               Low         
[111.020s][info][gc,heap     ] GC(200)  Capacity:     4096M (100%)       4096M (100%)       4096M (100%)       4096M (100%)       4096M (100%)       4096M (100%)   
[111.020s][info][gc,heap     ] GC(200)      Free:     2220M (54%)        1320M (32%)        2984M (73%)        3008M (73%)        3008M (73%)        1276M (31%)    
[111.020s][info][gc,heap     ] GC(200)      Used:     1876M (46%)        2776M (68%)        1112M (27%)        1088M (27%)        2820M (69%)        1088M (27%)    
[111.020s][info][gc,heap     ] GC(200)      Live:         -                99M (2%)           99M (2%)           99M (2%)             -                  -          
[111.020s][info][gc,heap     ] GC(200) Allocated:         -               900M (22%)         958M (23%)         957M (23%)            -                  -          
[111.020s][info][gc,heap     ] GC(200)   Garbage:         -              1776M (43%)          54M (1%)           30M (1%)             -                  -          
[111.020s][info][gc,heap     ] GC(200) Reclaimed:         -                  -              1722M (42%)        1745M (43%)            -                  -          
[111.020s][info][gc          ] GC(200) Garbage Collection (Allocation Rate) 1876M(46%)->1088M(27%)
[111.085s][info][gc,start    ] GC(201) Garbage Collection (Allocation Rate)
[111.085s][info][gc,task     ] GC(201) Using 1 workers
[111.085s][info][gc,phases   ] GC(201) Pause Mark Start 0.010ms
[111.250s][info][gc,phases   ] GC(201) Concurrent Mark 164.776ms
[111.250s][info][gc,phases   ] GC(201) Pause Mark End 0.025ms
[111.250s][info][gc,phases   ] GC(201) Concurrent Mark Free 0.002ms
[111.254s][info][gc,phases   ] GC(201) Concurrent Process Non-Strong References 3.429ms
[111.254s][info][gc,phases   ] GC(201) Concurrent Reset Relocation Set 0.002ms
[111.257s][info][gc,phases   ] GC(201) Concurrent Select Relocation Set 2.797ms
[111.257s][info][gc,phases   ] GC(201) Pause Relocate Start 0.009ms
[111.259s][info][gc,phases   ] GC(201) Concurrent Relocate 1.823ms
[111.259s][info][gc,load     ] GC(201) Load: 0.00/0.00/0.00
[111.259s][info][gc,mmu      ] GC(201) MMU: 2ms/96.2%, 5ms/98.5%, 10ms/99.0%, 20ms/99.5%, 50ms/99.8%, 100ms/99.9%
[111.259s][info][gc,marking  ] GC(201) Mark: 1 stripe(s), 2 proactive flush(es), 1 terminate flush(es), 0 completion(s), 0 continuation(s) 
[111.259s][info][gc,marking  ] GC(201) Mark Stack Usage: 32M
[111.259s][info][gc,nmethod  ] GC(201) NMethods: 1387 registered, 36 unregistered
[111.259s][info][gc,metaspace] GC(201) Metaspace: 11M used, 11M committed, 1088M reserved
[111.259s][info][gc,ref      ] GC(201) Soft: 197 encountered, 0 discovered, 0 enqueued
[111.259s][info][gc,ref      ] GC(201) Weak: 695 encountered, 187 discovered, 0 enqueued
[111.259s][info][gc,ref      ] GC(201) Final: 0 encountered, 0 discovered, 0 enqueued
[111.259s][info][gc,ref      ] GC(201) Phantom: 36 encountered, 21 discovered, 0 enqueued
[111.259s][info][gc,reloc    ] GC(201) Small Pages: 568 / 1136M, Empty: 1002M, Relocated: 4M, In-Place: 0
[111.259s][info][gc,reloc    ] GC(201) Medium Pages: 6 / 192M, Empty: 192M, Relocated: 0M, In-Place: 0
[111.259s][info][gc,reloc    ] GC(201) Large Pages: 1 / 6M, Empty: 0M, Relocated: 0M, In-Place: 0
[111.259s][info][gc,reloc    ] GC(201) Forwarding Usage: 0M
[111.259s][info][gc,heap     ] GC(201) Min Capacity: 4096M(100%)
[111.259s][info][gc,heap     ] GC(201) Max Capacity: 4096M(100%)
[111.259s][info][gc,heap     ] GC(201) Soft Max Capacity: 4096M(100%)
[111.259s][info][gc,heap     ] GC(201)                Mark Start          Mark End        Relocate Start      Relocate End           High               Low         
[111.259s][info][gc,heap     ] GC(201)  Capacity:     4096M (100%)       4096M (100%)       4096M (100%)       4096M (100%)       4096M (100%)       4096M (100%)   
[111.259s][info][gc,heap     ] GC(201)      Free:     2762M (67%)        2144M (52%)        3328M (81%)        3366M (82%)        3366M (82%)        2134M (52%)    
[111.259s][info][gc,heap     ] GC(201)      Used:     1334M (33%)        1952M (48%)         768M (19%)         730M (18%)        1962M (48%)         730M (18%)    
[111.259s][info][gc,heap     ] GC(201)      Live:         -                99M (2%)           99M (2%)           99M (2%)             -                  -          
[111.259s][info][gc,heap     ] GC(201) Allocated:         -               618M (15%)         628M (15%)         627M (15%)            -                  -          
[111.259s][info][gc,heap     ] GC(201)   Garbage:         -              1234M (30%)          40M (1%)            2M (0%)             -                  -          
[111.259s][info][gc,heap     ] GC(201) Reclaimed:         -                  -              1194M (29%)        1231M (30%)            -                  -          
[111.259s][info][gc          ] GC(201) Garbage Collection (Allocation Rate) 1334M(33%)->730M(18%)
[111.587s][info][gc,start    ] GC(202) Garbage Collection (Allocation Rate)
[111.587s][info][gc,task     ] GC(202) Using 1 workers
[111.587s][info][gc,phases   ] GC(202) Pause Mark Start 0.013ms
[111.782s][info][gc,phases   ] GC(202) Concurrent Mark 194.159ms
[111.782s][info][gc,phases   ] GC(202) Pause Mark End 0.015ms
[111.782s][info][gc,phases   ] GC(202) Concurrent Mark Free 0.001ms
[111.787s][info][gc,phases   ] GC(202) Concurrent Process Non-Strong References 5.097ms
[111.787s][info][gc,phases   ] GC(202) Concurrent Reset Relocation Set 0.003ms
[111.789s][info][gc,phases   ] GC(202) Concurrent Select Relocation Set 1.992ms
[111.789s][info][gc,phases   ] GC(202) Pause Relocate Start 0.010ms
[111.791s][info][gc,phases   ] GC(202) Concurrent Relocate 2.238ms
[111.792s][info][gc,load     ] GC(202) Load: 0.00/0.00/0.00
[111.792s][info][gc,mmu      ] GC(202) MMU: 2ms/96.2%, 5ms/98.5%, 10ms/99.0%, 20ms/99.5%, 50ms/99.8%, 100ms/99.9%
[111.792s][info][gc,marking  ] GC(202) Mark: 1 stripe(s), 2 proactive flush(es), 1 terminate flush(es), 0 completion(s), 0 continuation(s) 
[111.792s][info][gc,marking  ] GC(202) Mark Stack Usage: 32M
[111.792s][info][gc,nmethod  ] GC(202) NMethods: 1387 registered, 36 unregistered
[111.792s][info][gc,metaspace] GC(202) Metaspace: 11M used, 11M committed, 1088M reserved
[111.792s][info][gc,ref      ] GC(202) Soft: 197 encountered, 0 discovered, 0 enqueued
[111.792s][info][gc,ref      ] GC(202) Weak: 695 encountered, 187 discovered, 0 enqueued
[111.792s][info][gc,ref      ] GC(202) Final: 0 encountered, 0 discovered, 0 enqueued
[111.792s][info][gc,ref      ] GC(202) Phantom: 36 encountered, 21 discovered, 0 enqueued
[111.792s][info][gc,reloc    ] GC(202) Small Pages: 960 / 1920M, Empty: 1776M, Relocated: 4M, In-Place: 0
[111.792s][info][gc,reloc    ] GC(202) Medium Pages: 10 / 320M, Empty: 320M, Relocated: 0M, In-Place: 0
[111.792s][info][gc,reloc    ] GC(202) Large Pages: 1 / 6M, Empty: 0M, Relocated: 0M, In-Place: 0
[111.792s][info][gc,reloc    ] GC(202) Forwarding Usage: 0M
[111.792s][info][gc,heap     ] GC(202) Min Capacity: 4096M(100%)
[111.792s][info][gc,heap     ] GC(202) Max Capacity: 4096M(100%)
[111.792s][info][gc,heap     ] GC(202) Soft Max Capacity: 4096M(100%)
[111.792s][info][gc,heap     ] GC(202)                Mark Start          Mark End        Relocate Start      Relocate End           High               Low         
[111.792s][info][gc,heap     ] GC(202)  Capacity:     4096M (100%)       4096M (100%)       4096M (100%)       4096M (100%)       4096M (100%)       4096M (100%)   
[111.792s][info][gc,heap     ] GC(202)      Free:     1850M (45%)        1030M (25%)        3124M (76%)        3164M (77%)        3168M (77%)        1028M (25%)    
[111.792s][info][gc,heap     ] GC(202)      Used:     2246M (55%)        3066M (75%)         972M (24%)         932M (23%)        3068M (75%)         928M (23%)    
[111.792s][info][gc,heap     ] GC(202)      Live:         -                99M (2%)           99M (2%)           99M (2%)             -                  -          
[111.792s][info][gc,heap     ] GC(202) Allocated:         -               820M (20%)         822M (20%)         829M (20%)            -                  -          
[111.792s][info][gc,heap     ] GC(202)   Garbage:         -              2146M (52%)          50M (1%)            2M (0%)             -                  -          
[111.792s][info][gc,heap     ] GC(202) Reclaimed:         -                  -              2096M (51%)        2143M (52%)            -                  -          
[111.792s][info][gc          ] GC(202) Garbage Collection (Allocation Rate) 2246M(55%)->932M(23%)
[112.184s][info][gc,start    ] GC(203) Garbage Collection (Allocation Rate)
[112.184s][info][gc,task     ] GC(203) Using 1 workers
[112.184s][info][gc,phases   ] GC(203) Pause Mark Start 0.011ms
[112.311s][info][gc,phases   ] GC(203) Concurrent Mark 126.349ms
[112.311s][info][gc,phases   ] GC(203) Pause Mark End 0.017ms
[112.311s][info][gc,phases   ] GC(203) Concurrent Mark Free 0.002ms
[112.315s][info][gc,phases   ] GC(203) Concurrent Process Non-Strong References 3.871ms
[112.315s][info][gc,phases   ] GC(203) Concurrent Reset Relocation Set 0.004ms
[112.318s][info][gc,phases   ] GC(203) Concurrent Select Relocation Set 2.811ms
[112.318s][info][gc,phases   ] GC(203) Pause Relocate Start 0.013ms
[112.320s][info][gc,phases   ] GC(203) Concurrent Relocate 1.646ms
[112.320s][info][gc,load     ] GC(203) Load: 0.00/0.00/0.00
[112.320s][info][gc,mmu      ] GC(203) MMU: 2ms/96.2%, 5ms/98.5%, 10ms/99.0%, 20ms/99.5%, 50ms/99.8%, 100ms/99.9%
[112.320s][info][gc,marking  ] GC(203) Mark: 1 stripe(s), 2 proactive flush(es), 1 terminate flush(es), 0 completion(s), 0 continuation(s) 
[112.320s][info][gc,marking  ] GC(203) Mark Stack Usage: 32M
[112.320s][info][gc,nmethod  ] GC(203) NMethods: 1387 registered, 36 unregistered
[112.320s][info][gc,metaspace] GC(203) Metaspace: 11M used, 11M committed, 1088M reserved
[112.320s][info][gc,ref      ] GC(203) Soft: 197 encountered, 0 discovered, 0 enqueued
[112.320s][info][gc,ref      ] GC(203) Weak: 695 encountered, 554 discovered, 0 enqueued
[112.320s][info][gc,ref      ] GC(203) Final: 0 encountered, 0 discovered, 0 enqueued
[112.320s][info][gc,ref      ] GC(203) Phantom: 36 encountered, 17 discovered, 0 enqueued
[112.320s][info][gc,reloc    ] GC(203) Small Pages: 1190 / 2380M, Empty: 2226M, Relocated: 2M, In-Place: 0
[112.320s][info][gc,reloc    ] GC(203) Medium Pages: 12 / 384M, Empty: 384M, Relocated: 0M, In-Place: 0
[112.320s][info][gc,reloc    ] GC(203) Large Pages: 1 / 6M, Empty: 0M, Relocated: 0M, In-Place: 0
[112.320s][info][gc,reloc    ] GC(203) Forwarding Usage: 0M
[112.320s][info][gc,heap     ] GC(203) Min Capacity: 4096M(100%)
[112.320s][info][gc,heap     ] GC(203) Max Capacity: 4096M(100%)
[112.320s][info][gc,heap     ] GC(203) Soft Max Capacity: 4096M(100%)
[112.320s][info][gc,heap     ] GC(203)                Mark Start          Mark End        Relocate Start      Relocate End           High               Low         
[112.320s][info][gc,heap     ] GC(203)  Capacity:     4096M (100%)       4096M (100%)       4096M (100%)       4096M (100%)       4096M (100%)       4096M (100%)   
[112.320s][info][gc,heap     ] GC(203)      Free:     1326M (32%)         782M (19%)        3358M (82%)        3418M (83%)        3418M (83%)         754M (18%)    
[112.320s][info][gc,heap     ] GC(203)      Used:     2770M (68%)        3314M (81%)         738M (18%)         678M (17%)        3342M (82%)         678M (17%)    
[112.320s][info][gc,heap     ] GC(203)      Live:         -                97M (2%)           97M (2%)           97M (2%)             -                  -          
[112.320s][info][gc,heap     ] GC(203) Allocated:         -               544M (13%)         578M (14%)         577M (14%)            -                  -          
[112.320s][info][gc,heap     ] GC(203)   Garbage:         -              2672M (65%)          62M (2%)            2M (0%)             -                  -          
[112.320s][info][gc,heap     ] GC(203) Reclaimed:         -                  -              2610M (64%)        2669M (65%)            -                  -          
[112.320s][info][gc          ] GC(203) Garbage Collection (Allocation Rate) 2770M(68%)->678M(17%)
[112.687s][info][gc,start    ] GC(204) Garbage Collection (Allocation Rate)
[112.687s][info][gc,task     ] GC(204) Using 1 workers
[112.687s][info][gc,phases   ] GC(204) Pause Mark Start 0.006ms
[112.908s][info][gc,phases   ] GC(204) Concurrent Mark 221.591ms
[112.909s][info][gc,phases   ] GC(204) Pause Mark End 0.018ms
[112.909s][info][gc,phases   ] GC(204) Concurrent Mark Free 0.002ms
[112.914s][info][gc,phases   ] GC(204) Concurrent Process Non-Strong References 4.864ms
[112.914s][info][gc,phases   ] GC(204) Concurrent Reset Relocation Set 0.004ms
[112.916s][info][gc,phases   ] GC(204) Concurrent Select Relocation Set 2.024ms
[112.916s][info][gc,phases   ] GC(204) Pause Relocate Start 0.010ms
[112.916s][info][gc,phases   ] GC(204) Concurrent Relocate 0.567ms
[112.916s][info][gc,load     ] GC(204) Load: 0.00/0.00/0.00
[112.916s][info][gc,mmu      ] GC(204) MMU: 2ms/96.2%, 5ms/98.5%, 10ms/99.0%, 20ms/99.5%, 50ms/99.8%, 100ms/99.9%
[112.916s][info][gc,marking  ] GC(204) Mark: 1 stripe(s), 2 proactive flush(es), 1 terminate flush(es), 0 completion(s), 0 continuation(s) 
[112.916s][info][gc,marking  ] GC(204) Mark Stack Usage: 32M
[112.916s][info][gc,nmethod  ] GC(204) NMethods: 1387 registered, 36 unregistered
[112.916s][info][gc,metaspace] GC(204) Metaspace: 11M used, 11M committed, 1088M reserved
[112.916s][info][gc,ref      ] GC(204) Soft: 197 encountered, 0 discovered, 0 enqueued
[112.916s][info][gc,ref      ] GC(204) Weak: 695 encountered, 187 discovered, 0 enqueued
[112.916s][info][gc,ref      ] GC(204) Final: 0 encountered, 0 discovered, 0 enqueued
[112.916s][info][gc,ref      ] GC(204) Phantom: 36 encountered, 21 discovered, 0 enqueued
[112.916s][info][gc,reloc    ] GC(204) Small Pages: 987 / 1974M, Empty: 1854M, Relocated: 0M, In-Place: 0
[112.916s][info][gc,reloc    ] GC(204) Medium Pages: 10 / 320M, Empty: 288M, Relocated: 0M, In-Place: 0
[112.916s][info][gc,reloc    ] GC(204) Large Pages: 1 / 6M, Empty: 0M, Relocated: 0M, In-Place: 0
[112.916s][info][gc,reloc    ] GC(204) Forwarding Usage: 0M
[112.916s][info][gc,heap     ] GC(204) Min Capacity: 4096M(100%)
[112.916s][info][gc,heap     ] GC(204) Max Capacity: 4096M(100%)
[112.916s][info][gc,heap     ] GC(204) Soft Max Capacity: 4096M(100%)
[112.916s][info][gc,heap     ] GC(204)                Mark Start          Mark End        Relocate Start      Relocate End           High               Low         
[112.916s][info][gc,heap     ] GC(204)  Capacity:     4096M (100%)       4096M (100%)       4096M (100%)       4096M (100%)       4096M (100%)       4096M (100%)   
[112.916s][info][gc,heap     ] GC(204)      Free:     1796M (44%)         838M (20%)        2946M (72%)        2974M (73%)        2974M (73%)         804M (20%)    
[112.916s][info][gc,heap     ] GC(204)      Used:     2300M (56%)        3258M (80%)        1150M (28%)        1122M (27%)        3292M (80%)        1122M (27%)    
[112.917s][info][gc,heap     ] GC(204)      Live:         -                99M (2%)           99M (2%)           99M (2%)             -                  -          
[112.917s][info][gc,heap     ] GC(204) Allocated:         -               958M (23%)         992M (24%)         991M (24%)            -                  -          
[112.917s][info][gc,heap     ] GC(204)   Garbage:         -              2200M (54%)          58M (1%)           30M (1%)             -                  -          
[112.917s][info][gc,heap     ] GC(204) Reclaimed:         -                  -              2142M (52%)        2169M (53%)            -                  -          
[112.917s][info][gc          ] GC(204) Garbage Collection (Allocation Rate) 2300M(56%)->1122M(27%)
[113.173s][info][gc,start    ] GC(205) Garbage Collection (Allocation Rate)
[113.173s][info][gc,task     ] GC(205) Using 1 workers
[113.173s][info][gc,phases   ] GC(205) Pause Mark Start 0.011ms
[113.341s][info][gc,phases   ] GC(205) Concurrent Mark 168.066ms
[113.342s][info][gc,phases   ] GC(205) Pause Mark End 0.028ms
[113.342s][info][gc,phases   ] GC(205) Concurrent Mark Free 0.003ms
[113.345s][info][gc,phases   ] GC(205) Concurrent Process Non-Strong References 3.733ms
[113.346s][info][gc,phases   ] GC(205) Concurrent Reset Relocation Set 0.002ms
[113.348s][info][gc,phases   ] GC(205) Concurrent Select Relocation Set 2.552ms
[113.348s][info][gc,phases   ] GC(205) Pause Relocate Start 0.010ms
[113.349s][info][gc,phases   ] GC(205) Concurrent Relocate 0.648ms
[113.349s][info][gc,load     ] GC(205) Load: 0.00/0.00/0.00
[113.349s][info][gc,mmu      ] GC(205) MMU: 2ms/96.2%, 5ms/98.5%, 10ms/99.0%, 20ms/99.5%, 50ms/99.8%, 100ms/99.9%
[113.349s][info][gc,marking  ] GC(205) Mark: 1 stripe(s), 2 proactive flush(es), 1 terminate flush(es), 0 completion(s), 0 continuation(s) 
[113.349s][info][gc,marking  ] GC(205) Mark Stack Usage: 32M
[113.349s][info][gc,nmethod  ] GC(205) NMethods: 1387 registered, 36 unregistered
[113.349s][info][gc,metaspace] GC(205) Metaspace: 11M used, 11M committed, 1088M reserved
[113.349s][info][gc,ref      ] GC(205) Soft: 197 encountered, 0 discovered, 0 enqueued
[113.349s][info][gc,ref      ] GC(205) Weak: 695 encountered, 187 discovered, 0 enqueued
[113.349s][info][gc,ref      ] GC(205) Final: 0 encountered, 0 discovered, 0 enqueued
[113.349s][info][gc,ref      ] GC(205) Phantom: 36 encountered, 21 discovered, 0 enqueued
[113.349s][info][gc,reloc    ] GC(205) Small Pages: 978 / 1956M, Empty: 1796M, Relocated: 3M, In-Place: 0
[113.349s][info][gc,reloc    ] GC(205) Medium Pages: 11 / 352M, Empty: 352M, Relocated: 0M, In-Place: 0
[113.349s][info][gc,reloc    ] GC(205) Large Pages: 1 / 6M, Empty: 0M, Relocated: 0M, In-Place: 0
[113.349s][info][gc,reloc    ] GC(205) Forwarding Usage: 0M
[113.349s][info][gc,heap     ] GC(205) Min Capacity: 4096M(100%)
[113.349s][info][gc,heap     ] GC(205) Max Capacity: 4096M(100%)
[113.349s][info][gc,heap     ] GC(205) Soft Max Capacity: 4096M(100%)
[113.349s][info][gc,heap     ] GC(205)                Mark Start          Mark End        Relocate Start      Relocate End           High               Low         
[113.349s][info][gc,heap     ] GC(205)  Capacity:     4096M (100%)       4096M (100%)       4096M (100%)       4096M (100%)       4096M (100%)       4096M (100%)   
[113.349s][info][gc,heap     ] GC(205)      Free:     1782M (44%)        1080M (26%)        3182M (78%)        3246M (79%)        3246M (79%)        1034M (25%)    
[113.349s][info][gc,heap     ] GC(205)      Used:     2314M (56%)        3016M (74%)         914M (22%)         850M (21%)        3062M (75%)         850M (21%)    
[113.349s][info][gc,heap     ] GC(205)      Live:         -                98M (2%)           98M (2%)           98M (2%)             -                  -          
[113.349s][info][gc,heap     ] GC(205) Allocated:         -               702M (17%)         748M (18%)         747M (18%)            -                  -          
[113.349s][info][gc,heap     ] GC(205)   Garbage:         -              2215M (54%)          67M (2%)            3M (0%)             -                  -          
[113.349s][info][gc,heap     ] GC(205) Reclaimed:         -                  -              2148M (52%)        2211M (54%)            -                  -          
[113.349s][info][gc          ] GC(205) Garbage Collection (Allocation Rate) 2314M(56%)->850M(21%)
[113.786s][info][gc,start    ] GC(206) Garbage Collection (Allocation Rate)
[113.786s][info][gc,task     ] GC(206) Using 2 workers
[113.786s][info][gc,phases   ] GC(206) Pause Mark Start 0.012ms
[113.879s][info][gc,phases   ] GC(206) Concurrent Mark 93.426ms
[113.880s][info][gc,phases   ] GC(206) Pause Mark End 0.021ms
[113.880s][info][gc,phases   ] GC(206) Concurrent Mark Free 0.002ms
[113.881s][info][gc,phases   ] GC(206) Concurrent Process Non-Strong References 1.603ms
[113.881s][info][gc,phases   ] GC(206) Concurrent Reset Relocation Set 0.004ms
[113.884s][info][gc,phases   ] GC(206) Concurrent Select Relocation Set 2.562ms
[113.884s][info][gc,phases   ] GC(206) Pause Relocate Start 0.008ms
[113.884s][info][gc,phases   ] GC(206) Concurrent Relocate 0.407ms
[113.884s][info][gc,load     ] GC(206) Load: 0.00/0.00/0.00
[113.884s][info][gc,mmu      ] GC(206) MMU: 2ms/96.2%, 5ms/98.5%, 10ms/99.0%, 20ms/99.5%, 50ms/99.8%, 100ms/99.9%
[113.884s][info][gc,marking  ] GC(206) Mark: 2 stripe(s), 2 proactive flush(es), 1 terminate flush(es), 0 completion(s), 0 continuation(s) 
[113.884s][info][gc,marking  ] GC(206) Mark Stack Usage: 32M
[113.884s][info][gc,nmethod  ] GC(206) NMethods: 1387 registered, 36 unregistered
[113.884s][info][gc,metaspace] GC(206) Metaspace: 11M used, 11M committed, 1088M reserved
[113.884s][info][gc,ref      ] GC(206) Soft: 197 encountered, 0 discovered, 0 enqueued
[113.884s][info][gc,ref      ] GC(206) Weak: 695 encountered, 7 discovered, 0 enqueued
[113.885s][info][gc,ref      ] GC(206) Final: 0 encountered, 0 discovered, 0 enqueued
[113.885s][info][gc,ref      ] GC(206) Phantom: 36 encountered, 24 discovered, 0 enqueued
[113.885s][info][gc,reloc    ] GC(206) Small Pages: 1221 / 2442M, Empty: 2310M, Relocated: 3M, In-Place: 0
[113.885s][info][gc,reloc    ] GC(206) Medium Pages: 12 / 384M, Empty: 352M, Relocated: 0M, In-Place: 0
[113.885s][info][gc,reloc    ] GC(206) Large Pages: 1 / 6M, Empty: 0M, Relocated: 0M, In-Place: 0
[113.885s][info][gc,reloc    ] GC(206) Forwarding Usage: 0M
[113.885s][info][gc,heap     ] GC(206) Min Capacity: 4096M(100%)
[113.885s][info][gc,heap     ] GC(206) Max Capacity: 4096M(100%)
[113.885s][info][gc,heap     ] GC(206) Soft Max Capacity: 4096M(100%)
[113.885s][info][gc,heap     ] GC(206)                Mark Start          Mark End        Relocate Start      Relocate End           High               Low         
[113.885s][info][gc,heap     ] GC(206)  Capacity:     4096M (100%)       4096M (100%)       4096M (100%)       4096M (100%)       4096M (100%)       4096M (100%)   
[113.885s][info][gc,heap     ] GC(206)      Free:     1264M (31%)         944M (23%)        3604M (88%)        3640M (89%)        3640M (89%)         942M (23%)    
[113.885s][info][gc,heap     ] GC(206)      Used:     2832M (69%)        3152M (77%)         492M (12%)         456M (11%)        3154M (77%)         456M (11%)    
[113.885s][info][gc,heap     ] GC(206)      Live:         -               100M (2%)          100M (2%)          100M (2%)             -                  -          
[113.885s][info][gc,heap     ] GC(206) Allocated:         -               320M (8%)          322M (8%)          321M (8%)             -                  -          
[113.885s][info][gc,heap     ] GC(206)   Garbage:         -              2731M (67%)          69M (2%)           33M (1%)             -                  -          
[113.885s][info][gc,heap     ] GC(206) Reclaimed:         -                  -              2662M (65%)        2697M (66%)            -                  -          
[113.885s][info][gc          ] GC(206) Garbage Collection (Allocation Rate) 2832M(69%)->456M(11%)
[114.223s][info][gc,start    ] GC(207) Garbage Collection (System.gc())
[114.224s][info][gc,task     ] GC(207) Using 2 workers
[114.224s][info][gc,phases   ] GC(207) Pause Mark Start 0.008ms
[114.289s][info][gc,phases   ] GC(207) Concurrent Mark 64.966ms
[114.289s][info][gc,phases   ] GC(207) Pause Mark End 0.027ms
[114.289s][info][gc,phases   ] GC(207) Concurrent Mark Free 0.003ms
[114.291s][info][gc,phases   ] GC(207) Concurrent Process Non-Strong References 1.745ms
[114.291s][info][gc,phases   ] GC(207) Concurrent Reset Relocation Set 0.002ms
[114.293s][info][gc,phases   ] GC(207) Concurrent Select Relocation Set 1.593ms
[114.293s][info][gc,phases   ] GC(207) Pause Relocate Start 0.005ms
[114.293s][info][gc,phases   ] GC(207) Concurrent Relocate 0.470ms
[114.293s][info][gc,load     ] GC(207) Load: 0.00/0.00/0.00
[114.293s][info][gc,mmu      ] GC(207) MMU: 2ms/96.2%, 5ms/98.5%, 10ms/99.0%, 20ms/99.5%, 50ms/99.8%, 100ms/99.9%
[114.293s][info][gc,marking  ] GC(207) Mark: 2 stripe(s), 1 proactive flush(es), 1 terminate flush(es), 0 completion(s), 0 continuation(s) 
[114.293s][info][gc,marking  ] GC(207) Mark Stack Usage: 32M
[114.293s][info][gc,nmethod  ] GC(207) NMethods: 1387 registered, 36 unregistered
[114.293s][info][gc,metaspace] GC(207) Metaspace: 11M used, 11M committed, 1088M reserved
[114.293s][info][gc,ref      ] GC(207) Soft: 197 encountered, 0 discovered, 0 enqueued
[114.293s][info][gc,ref      ] GC(207) Weak: 695 encountered, 188 discovered, 0 enqueued
[114.293s][info][gc,ref      ] GC(207) Final: 0 encountered, 0 discovered, 0 enqueued
[114.293s][info][gc,ref      ] GC(207) Phantom: 36 encountered, 16 discovered, 0 enqueued
[114.293s][info][gc,reloc    ] GC(207) Small Pages: 837 / 1674M, Empty: 1574M, Relocated: 0M, In-Place: 0
[114.293s][info][gc,reloc    ] GC(207) Medium Pages: 10 / 320M, Empty: 320M, Relocated: 0M, In-Place: 0
[114.293s][info][gc,reloc    ] GC(207) Large Pages: 1 / 6M, Empty: 0M, Relocated: 0M, In-Place: 0
[114.293s][info][gc,reloc    ] GC(207) Forwarding Usage: 0M
[114.293s][info][gc,heap     ] GC(207) Min Capacity: 4096M(100%)
[114.293s][info][gc,heap     ] GC(207) Max Capacity: 4096M(100%)
[114.293s][info][gc,heap     ] GC(207) Soft Max Capacity: 4096M(100%)
[114.293s][info][gc,heap     ] GC(207)                Mark Start          Mark End        Relocate Start      Relocate End           High               Low         
[114.293s][info][gc,heap     ] GC(207)  Capacity:     4096M (100%)       4096M (100%)       4096M (100%)       4096M (100%)       4096M (100%)       4096M (100%)   
[114.293s][info][gc,heap     ] GC(207)      Free:     2096M (51%)        2096M (51%)        3990M (97%)        3996M (98%)        3996M (98%)        2096M (51%)    
[114.293s][info][gc,heap     ] GC(207)      Used:     2000M (49%)        2000M (49%)         106M (3%)          100M (2%)         2000M (49%)         100M (2%)     
[114.293s][info][gc,heap     ] GC(207)      Live:         -                95M (2%)           95M (2%)           95M (2%)             -                  -          
[114.293s][info][gc,heap     ] GC(207) Allocated:         -                 0M (0%)            0M (0%)            0M (0%)             -                  -          
[114.293s][info][gc,heap     ] GC(207)   Garbage:         -              1904M (46%)          10M (0%)            4M (0%)             -                  -          
[114.293s][info][gc,heap     ] GC(207) Reclaimed:         -                  -              1894M (46%)        1900M (46%)            -                  -          
[114.293s][info][gc          ] GC(207) Garbage Collection (System.gc()) 2000M(49%)->100M(2%)
[114.885s][info][gc,start    ] GC(208) Garbage Collection (Allocation Rate)
[114.885s][info][gc,task     ] GC(208) Using 1 workers
[114.885s][info][gc,phases   ] GC(208) Pause Mark Start 0.009ms
[115.043s][info][gc,phases   ] GC(208) Concurrent Mark 158.169ms
[115.043s][info][gc,phases   ] GC(208) Pause Mark End 0.013ms
[115.043s][info][gc,phases   ] GC(208) Concurrent Mark Free 0.001ms
[115.048s][info][gc,phases   ] GC(208) Concurrent Process Non-Strong References 4.404ms
[115.048s][info][gc,phases   ] GC(208) Concurrent Reset Relocation Set 0.004ms
[115.052s][info][gc,phases   ] GC(208) Concurrent Select Relocation Set 3.782ms
[115.052s][info][gc,phases   ] GC(208) Pause Relocate Start 0.019ms
[115.054s][info][gc,phases   ] GC(208) Concurrent Relocate 2.594ms
[115.055s][info][gc,load     ] GC(208) Load: 0.00/0.00/0.00
[115.055s][info][gc,mmu      ] GC(208) MMU: 2ms/96.2%, 5ms/98.5%, 10ms/99.0%, 20ms/99.5%, 50ms/99.8%, 100ms/99.9%
[115.055s][info][gc,marking  ] GC(208) Mark: 1 stripe(s), 2 proactive flush(es), 1 terminate flush(es), 0 completion(s), 0 continuation(s) 
[115.055s][info][gc,marking  ] GC(208) Mark Stack Usage: 32M
[115.055s][info][gc,nmethod  ] GC(208) NMethods: 1391 registered, 36 unregistered
[115.055s][info][gc,metaspace] GC(208) Metaspace: 11M used, 11M committed, 1088M reserved
[115.055s][info][gc,ref      ] GC(208) Soft: 197 encountered, 0 discovered, 0 enqueued
[115.055s][info][gc,ref      ] GC(208) Weak: 695 encountered, 187 discovered, 0 enqueued
[115.055s][info][gc,ref      ] GC(208) Final: 0 encountered, 0 discovered, 0 enqueued
[115.055s][info][gc,ref      ] GC(208) Phantom: 36 encountered, 21 discovered, 0 enqueued
[115.055s][info][gc,reloc    ] GC(208) Small Pages: 1224 / 2448M, Empty: 2306M, Relocated: 3M, In-Place: 0
[115.055s][info][gc,reloc    ] GC(208) Medium Pages: 12 / 384M, Empty: 384M, Relocated: 0M, In-Place: 0
[115.055s][info][gc,reloc    ] GC(208) Large Pages: 1 / 6M, Empty: 0M, Relocated: 0M, In-Place: 0
[115.055s][info][gc,reloc    ] GC(208) Forwarding Usage: 0M
[115.055s][info][gc,heap     ] GC(208) Min Capacity: 4096M(100%)
[115.055s][info][gc,heap     ] GC(208) Max Capacity: 4096M(100%)
[115.055s][info][gc,heap     ] GC(208) Soft Max Capacity: 4096M(100%)
[115.055s][info][gc,heap     ] GC(208)                Mark Start          Mark End        Relocate Start      Relocate End           High               Low         
[115.055s][info][gc,heap     ] GC(208)  Capacity:     4096M (100%)       4096M (100%)       4096M (100%)       4096M (100%)       4096M (100%)       4096M (100%)   
[115.055s][info][gc,heap     ] GC(208)      Free:     1258M (31%)         618M (15%)        3258M (80%)        3296M (80%)        3304M (81%)         592M (14%)    
[115.055s][info][gc,heap     ] GC(208)      Used:     2838M (69%)        3478M (85%)         838M (20%)         800M (20%)        3504M (86%)         792M (19%)    
[115.055s][info][gc,heap     ] GC(208)      Live:         -                98M (2%)           98M (2%)           98M (2%)             -                  -          
[115.055s][info][gc,heap     ] GC(208) Allocated:         -               640M (16%)         690M (17%)         699M (17%)            -                  -          
[115.055s][info][gc,heap     ] GC(208)   Garbage:         -              2739M (67%)          49M (1%)            1M (0%)             -                  -          
[115.055s][info][gc,heap     ] GC(208) Reclaimed:         -                  -              2690M (66%)        2737M (67%)            -                  -          
[115.055s][info][gc          ] GC(208) Garbage Collection (Allocation Rate) 2838M(69%)->800M(20%)
[115.481s][info][gc,start    ] GC(209) Garbage Collection (Allocation Rate)
[115.481s][info][gc,task     ] GC(209) Using 1 workers
[115.481s][info][gc,phases   ] GC(209) Pause Mark Start 0.015ms
[115.710s][info][gc,phases   ] GC(209) Concurrent Mark 228.611ms
[115.710s][info][gc,phases   ] GC(209) Pause Mark End 0.023ms
[115.710s][info][gc,phases   ] GC(209) Concurrent Mark Free 0.001ms
[115.714s][info][gc,phases   ] GC(209) Concurrent Process Non-Strong References 3.603ms
[115.714s][info][gc,phases   ] GC(209) Concurrent Reset Relocation Set 0.004ms
[115.717s][info][gc,phases   ] GC(209) Concurrent Select Relocation Set 2.676ms
[115.717s][info][gc,phases   ] GC(209) Pause Relocate Start 0.012ms
[115.718s][info][gc,phases   ] GC(209) Concurrent Relocate 0.865ms
[115.718s][info][gc,load     ] GC(209) Load: 0.00/0.00/0.00
[115.718s][info][gc,mmu      ] GC(209) MMU: 2ms/96.2%, 5ms/98.5%, 10ms/99.0%, 20ms/99.5%, 50ms/99.8%, 100ms/99.9%
[115.718s][info][gc,marking  ] GC(209) Mark: 1 stripe(s), 2 proactive flush(es), 1 terminate flush(es), 0 completion(s), 0 continuation(s) 
[115.718s][info][gc,marking  ] GC(209) Mark Stack Usage: 32M
[115.718s][info][gc,nmethod  ] GC(209) NMethods: 1391 registered, 36 unregistered
[115.718s][info][gc,metaspace] GC(209) Metaspace: 11M used, 11M committed, 1088M reserved
[115.718s][info][gc,ref      ] GC(209) Soft: 197 encountered, 0 discovered, 0 enqueued
[115.718s][info][gc,ref      ] GC(209) Weak: 695 encountered, 187 discovered, 0 enqueued
[115.718s][info][gc,ref      ] GC(209) Final: 0 encountered, 0 discovered, 0 enqueued
[115.718s][info][gc,ref      ] GC(209) Phantom: 36 encountered, 21 discovered, 0 enqueued
[115.718s][info][gc,reloc    ] GC(209) Small Pages: 1185 / 2370M, Empty: 2232M, Relocated: 0M, In-Place: 0
[115.718s][info][gc,reloc    ] GC(209) Medium Pages: 12 / 384M, Empty: 352M, Relocated: 0M, In-Place: 0
[115.718s][info][gc,reloc    ] GC(209) Large Pages: 1 / 6M, Empty: 0M, Relocated: 0M, In-Place: 0
[115.718s][info][gc,reloc    ] GC(209) Forwarding Usage: 0M
[115.718s][info][gc,heap     ] GC(209) Min Capacity: 4096M(100%)
[115.718s][info][gc,heap     ] GC(209) Max Capacity: 4096M(100%)
[115.718s][info][gc,heap     ] GC(209) Soft Max Capacity: 4096M(100%)
[115.718s][info][gc,heap     ] GC(209)                Mark Start          Mark End        Relocate Start      Relocate End           High               Low         
[115.718s][info][gc,heap     ] GC(209)  Capacity:     4096M (100%)       4096M (100%)       4096M (100%)       4096M (100%)       4096M (100%)       4096M (100%)   
[115.718s][info][gc,heap     ] GC(209)      Free:     1336M (33%)         390M (10%)        2928M (71%)        2974M (73%)        2974M (73%)         344M (8%)     
[115.718s][info][gc,heap     ] GC(209)      Used:     2760M (67%)        3706M (90%)        1168M (29%)        1122M (27%)        3752M (92%)        1122M (27%)    
[115.718s][info][gc,heap     ] GC(209)      Live:         -                99M (2%)           99M (2%)           99M (2%)             -                  -          
[115.718s][info][gc,heap     ] GC(209) Allocated:         -               946M (23%)         992M (24%)         991M (24%)            -                  -          
[115.718s][info][gc,heap     ] GC(209)   Garbage:         -              2660M (65%)          76M (2%)           30M (1%)             -                  -          
[115.718s][info][gc,heap     ] GC(209) Reclaimed:         -                  -              2584M (63%)        2629M (64%)            -                  -          
[115.718s][info][gc          ] GC(209) Garbage Collection (Allocation Rate) 2760M(67%)->1122M(27%)
[115.984s][info][gc,start    ] GC(210) Garbage Collection (Allocation Rate)
[115.984s][info][gc,task     ] GC(210) Using 1 workers
[115.984s][info][gc,phases   ] GC(210) Pause Mark Start 0.010ms
[116.121s][info][gc,phases   ] GC(210) Concurrent Mark 137.072ms
[116.121s][info][gc,phases   ] GC(210) Pause Mark End 0.014ms
[116.121s][info][gc,phases   ] GC(210) Concurrent Mark Free 0.001ms
[116.130s][info][gc,phases   ] GC(210) Concurrent Process Non-Strong References 8.254ms
[116.130s][info][gc,phases   ] GC(210) Concurrent Reset Relocation Set 0.005ms
[116.134s][info][gc,phases   ] GC(210) Concurrent Select Relocation Set 3.891ms
[116.134s][info][gc,phases   ] GC(210) Pause Relocate Start 0.013ms
[116.136s][info][gc,phases   ] GC(210) Concurrent Relocate 1.998ms
[116.136s][info][gc,load     ] GC(210) Load: 0.00/0.00/0.00
[116.136s][info][gc,mmu      ] GC(210) MMU: 2ms/96.2%, 5ms/98.5%, 10ms/99.0%, 20ms/99.5%, 50ms/99.8%, 100ms/99.9%
[116.136s][info][gc,marking  ] GC(210) Mark: 1 stripe(s), 2 proactive flush(es), 1 terminate flush(es), 0 completion(s), 0 continuation(s) 
[116.136s][info][gc,marking  ] GC(210) Mark Stack Usage: 32M
[116.136s][info][gc,nmethod  ] GC(210) NMethods: 1391 registered, 36 unregistered
[116.136s][info][gc,metaspace] GC(210) Metaspace: 11M used, 11M committed, 1088M reserved
[116.136s][info][gc,ref      ] GC(210) Soft: 197 encountered, 0 discovered, 0 enqueued
[116.136s][info][gc,ref      ] GC(210) Weak: 695 encountered, 554 discovered, 0 enqueued
[116.136s][info][gc,ref      ] GC(210) Final: 0 encountered, 0 discovered, 0 enqueued
[116.136s][info][gc,ref      ] GC(210) Phantom: 36 encountered, 17 discovered, 0 enqueued
[116.136s][info][gc,reloc    ] GC(210) Small Pages: 995 / 1990M, Empty: 1864M, Relocated: 4M, In-Place: 0
[116.136s][info][gc,reloc    ] GC(210) Medium Pages: 11 / 352M, Empty: 320M, Relocated: 0M, In-Place: 0
[116.136s][info][gc,reloc    ] GC(210) Large Pages: 1 / 6M, Empty: 0M, Relocated: 0M, In-Place: 0
[116.136s][info][gc,reloc    ] GC(210) Forwarding Usage: 0M
[116.136s][info][gc,heap     ] GC(210) Min Capacity: 4096M(100%)
[116.136s][info][gc,heap     ] GC(210) Max Capacity: 4096M(100%)
[116.136s][info][gc,heap     ] GC(210) Soft Max Capacity: 4096M(100%)
[116.136s][info][gc,heap     ] GC(210)                Mark Start          Mark End        Relocate Start      Relocate End           High               Low         
[116.136s][info][gc,heap     ] GC(210)  Capacity:     4096M (100%)       4096M (100%)       4096M (100%)       4096M (100%)       4096M (100%)       4096M (100%)   
[116.136s][info][gc,heap     ] GC(210)      Free:     1748M (43%)        1226M (30%)        3330M (81%)        3360M (82%)        3360M (82%)        1170M (29%)    
[116.136s][info][gc,heap     ] GC(210)      Used:     2348M (57%)        2870M (70%)         766M (19%)         736M (18%)        2926M (71%)         736M (18%)    
[116.136s][info][gc,heap     ] GC(210)      Live:         -               100M (2%)          100M (2%)          100M (2%)             -                  -          
[116.136s][info][gc,heap     ] GC(210) Allocated:         -               522M (13%)         602M (15%)         601M (15%)            -                  -          
[116.136s][info][gc,heap     ] GC(210)   Garbage:         -              2247M (55%)          63M (2%)           33M (1%)             -                  -          
[116.136s][info][gc,heap     ] GC(210) Reclaimed:         -                  -              2184M (53%)        2213M (54%)            -                  -          
[116.136s][info][gc          ] GC(210) Garbage Collection (Allocation Rate) 2348M(57%)->736M(18%)
[116.487s][info][gc,start    ] GC(211) Garbage Collection (Allocation Rate)
[116.487s][info][gc,task     ] GC(211) Using 1 workers
[116.487s][info][gc,phases   ] GC(211) Pause Mark Start 0.015ms
[116.645s][info][gc,phases   ] GC(211) Concurrent Mark 157.551ms
[116.645s][info][gc,phases   ] GC(211) Pause Mark End 0.014ms
[116.645s][info][gc,phases   ] GC(211) Concurrent Mark Free 0.001ms
[116.653s][info][gc,phases   ] GC(211) Concurrent Process Non-Strong References 8.243ms
[116.653s][info][gc,phases   ] GC(211) Concurrent Reset Relocation Set 0.006ms
[116.657s][info][gc,phases   ] GC(211) Concurrent Select Relocation Set 4.058ms
[116.657s][info][gc,phases   ] GC(211) Pause Relocate Start 0.011ms
[116.661s][info][gc,phases   ] GC(211) Concurrent Relocate 3.289ms
[116.661s][info][gc,load     ] GC(211) Load: 0.00/0.00/0.00
[116.661s][info][gc,mmu      ] GC(211) MMU: 2ms/96.2%, 5ms/98.5%, 10ms/99.0%, 20ms/99.5%, 50ms/99.8%, 100ms/99.9%
[116.661s][info][gc,marking  ] GC(211) Mark: 1 stripe(s), 2 proactive flush(es), 1 terminate flush(es), 0 completion(s), 0 continuation(s) 
[116.661s][info][gc,marking  ] GC(211) Mark Stack Usage: 32M
[116.661s][info][gc,nmethod  ] GC(211) NMethods: 1392 registered, 36 unregistered
[116.661s][info][gc,metaspace] GC(211) Metaspace: 11M used, 11M committed, 1088M reserved
[116.661s][info][gc,ref      ] GC(211) Soft: 197 encountered, 0 discovered, 0 enqueued
[116.661s][info][gc,ref      ] GC(211) Weak: 695 encountered, 187 discovered, 0 enqueued
[116.661s][info][gc,ref      ] GC(211) Final: 0 encountered, 0 discovered, 0 enqueued
[116.661s][info][gc,ref      ] GC(211) Phantom: 36 encountered, 21 discovered, 0 enqueued
[116.661s][info][gc,reloc    ] GC(211) Small Pages: 969 / 1938M, Empty: 1798M, Relocated: 3M, In-Place: 0
[116.661s][info][gc,reloc    ] GC(211) Medium Pages: 11 / 352M, Empty: 352M, Relocated: 0M, In-Place: 0
[116.661s][info][gc,reloc    ] GC(211) Large Pages: 1 / 6M, Empty: 0M, Relocated: 0M, In-Place: 0
[116.661s][info][gc,reloc    ] GC(211) Forwarding Usage: 0M
[116.661s][info][gc,heap     ] GC(211) Min Capacity: 4096M(100%)
[116.661s][info][gc,heap     ] GC(211) Max Capacity: 4096M(100%)
[116.661s][info][gc,heap     ] GC(211) Soft Max Capacity: 4096M(100%)
[116.661s][info][gc,heap     ] GC(211)                Mark Start          Mark End        Relocate Start      Relocate End           High               Low         
[116.661s][info][gc,heap     ] GC(211)  Capacity:     4096M (100%)       4096M (100%)       4096M (100%)       4096M (100%)       4096M (100%)       4096M (100%)   
[116.661s][info][gc,heap     ] GC(211)      Free:     1800M (44%)        1136M (28%)        3212M (78%)        3220M (79%)        3256M (79%)        1086M (27%)    
[116.661s][info][gc,heap     ] GC(211)      Used:     2296M (56%)        2960M (72%)         884M (22%)         876M (21%)        3010M (73%)         840M (21%)    
[116.661s][info][gc,heap     ] GC(211)      Live:         -                97M (2%)           97M (2%)           97M (2%)             -                  -          
[116.661s][info][gc,heap     ] GC(211) Allocated:         -               664M (16%)         738M (18%)         777M (19%)            -                  -          
[116.661s][info][gc,heap     ] GC(211)   Garbage:         -              2198M (54%)          48M (1%)            1M (0%)             -                  -          
[116.661s][info][gc,heap     ] GC(211) Reclaimed:         -                  -              2150M (52%)        2197M (54%)            -                  -          
[116.661s][info][gc          ] GC(211) Garbage Collection (Allocation Rate) 2296M(56%)->876M(21%)
[117.083s][info][gc,start    ] GC(212) Garbage Collection (Allocation Rate)
[117.083s][info][gc,task     ] GC(212) Using 1 workers
[117.083s][info][gc,phases   ] GC(212) Pause Mark Start 0.009ms
[117.205s][info][gc,phases   ] GC(212) Concurrent Mark 121.596ms
[117.205s][info][gc,phases   ] GC(212) Pause Mark End 0.012ms
[117.205s][info][gc,phases   ] GC(212) Concurrent Mark Free 0.001ms
[117.225s][info][gc,phases   ] GC(212) Concurrent Process Non-Strong References 20.044ms
[117.225s][info][gc,phases   ] GC(212) Concurrent Reset Relocation Set 0.003ms
[117.228s][info][gc,phases   ] GC(212) Concurrent Select Relocation Set 2.936ms
[117.228s][info][gc,phases   ] GC(212) Pause Relocate Start 0.014ms
[117.230s][info][gc,phases   ] GC(212) Concurrent Relocate 1.194ms
[117.230s][info][gc,load     ] GC(212) Load: 0.00/0.00/0.00
[117.230s][info][gc,mmu      ] GC(212) MMU: 2ms/96.2%, 5ms/98.5%, 10ms/99.0%, 20ms/99.5%, 50ms/99.8%, 100ms/99.9%
[117.230s][info][gc,marking  ] GC(212) Mark: 1 stripe(s), 2 proactive flush(es), 1 terminate flush(es), 0 completion(s), 0 continuation(s) 
[117.230s][info][gc,marking  ] GC(212) Mark Stack Usage: 32M
[117.230s][info][gc,nmethod  ] GC(212) NMethods: 1393 registered, 36 unregistered
[117.230s][info][gc,metaspace] GC(212) Metaspace: 11M used, 11M committed, 1088M reserved
[117.230s][info][gc,ref      ] GC(212) Soft: 197 encountered, 0 discovered, 0 enqueued
[117.230s][info][gc,ref      ] GC(212) Weak: 695 encountered, 554 discovered, 0 enqueued
[117.230s][info][gc,ref      ] GC(212) Final: 0 encountered, 0 discovered, 0 enqueued
[117.230s][info][gc,ref      ] GC(212) Phantom: 36 encountered, 17 discovered, 0 enqueued
[117.230s][info][gc,reloc    ] GC(212) Small Pages: 1195 / 2390M, Empty: 2264M, Relocated: 0M, In-Place: 0
[117.230s][info][gc,reloc    ] GC(212) Medium Pages: 12 / 384M, Empty: 352M, Relocated: 0M, In-Place: 0
[117.230s][info][gc,reloc    ] GC(212) Large Pages: 1 / 6M, Empty: 0M, Relocated: 0M, In-Place: 0
[117.230s][info][gc,reloc    ] GC(212) Forwarding Usage: 0M
[117.230s][info][gc,heap     ] GC(212) Min Capacity: 4096M(100%)
[117.230s][info][gc,heap     ] GC(212) Max Capacity: 4096M(100%)
[117.230s][info][gc,heap     ] GC(212) Soft Max Capacity: 4096M(100%)
[117.230s][info][gc,heap     ] GC(212)                Mark Start          Mark End        Relocate Start      Relocate End           High               Low         
[117.230s][info][gc,heap     ] GC(212)  Capacity:     4096M (100%)       4096M (100%)       4096M (100%)       4096M (100%)       4096M (100%)       4096M (100%)   
[117.230s][info][gc,heap     ] GC(212)      Free:     1316M (32%)         802M (20%)        3324M (81%)        3350M (82%)        3354M (82%)         720M (18%)    
[117.230s][info][gc,heap     ] GC(212)      Used:     2780M (68%)        3294M (80%)         772M (19%)         746M (18%)        3376M (82%)         742M (18%)    
[117.230s][info][gc,heap     ] GC(212)      Live:         -                99M (2%)           99M (2%)           99M (2%)             -                  -          
[117.230s][info][gc,heap     ] GC(212) Allocated:         -               514M (13%)         608M (15%)         615M (15%)            -                  -          
[117.230s][info][gc,heap     ] GC(212)   Garbage:         -              2680M (65%)          64M (2%)           30M (1%)             -                  -          
[117.230s][info][gc,heap     ] GC(212) Reclaimed:         -                  -              2616M (64%)        2649M (65%)            -                  -          
[117.230s][info][gc          ] GC(212) Garbage Collection (Allocation Rate) 2780M(68%)->746M(18%)
[117.681s][info][gc,start    ] GC(213) Garbage Collection (Allocation Rate)
[117.681s][info][gc,task     ] GC(213) Using 1 workers
[117.681s][info][gc,phases   ] GC(213) Pause Mark Start 0.010ms
[117.824s][info][gc,phases   ] GC(213) Concurrent Mark 142.497ms
[117.824s][info][gc,phases   ] GC(213) Pause Mark End 0.021ms
[117.824s][info][gc,phases   ] GC(213) Concurrent Mark Free 0.002ms
[117.829s][info][gc,phases   ] GC(213) Concurrent Process Non-Strong References 4.784ms
[117.829s][info][gc,phases   ] GC(213) Concurrent Reset Relocation Set 0.002ms
[117.831s][info][gc,phases   ] GC(213) Concurrent Select Relocation Set 2.147ms
[117.831s][info][gc,phases   ] GC(213) Pause Relocate Start 0.013ms
[117.832s][info][gc,phases   ] GC(213) Concurrent Relocate 1.097ms
[117.832s][info][gc,load     ] GC(213) Load: 0.00/0.00/0.00
[117.832s][info][gc,mmu      ] GC(213) MMU: 2ms/96.2%, 5ms/98.5%, 10ms/99.0%, 20ms/99.5%, 50ms/99.8%, 100ms/99.9%
[117.832s][info][gc,marking  ] GC(213) Mark: 1 stripe(s), 2 proactive flush(es), 1 terminate flush(es), 0 completion(s), 0 continuation(s) 
[117.832s][info][gc,marking  ] GC(213) Mark Stack Usage: 32M
[117.832s][info][gc,nmethod  ] GC(213) NMethods: 1393 registered, 36 unregistered
[117.832s][info][gc,metaspace] GC(213) Metaspace: 11M used, 11M committed, 1088M reserved
[117.832s][info][gc,ref      ] GC(213) Soft: 197 encountered, 0 discovered, 0 enqueued
[117.832s][info][gc,ref      ] GC(213) Weak: 695 encountered, 554 discovered, 0 enqueued
[117.832s][info][gc,ref      ] GC(213) Final: 0 encountered, 0 discovered, 0 enqueued
[117.832s][info][gc,ref      ] GC(213) Phantom: 36 encountered, 17 discovered, 0 enqueued
[117.832s][info][gc,reloc    ] GC(213) Small Pages: 1203 / 2406M, Empty: 2282M, Relocated: 0M, In-Place: 0
[117.832s][info][gc,reloc    ] GC(213) Medium Pages: 13 / 416M, Empty: 384M, Relocated: 0M, In-Place: 0
[117.832s][info][gc,reloc    ] GC(213) Large Pages: 1 / 6M, Empty: 0M, Relocated: 0M, In-Place: 0
[117.832s][info][gc,reloc    ] GC(213) Forwarding Usage: 0M
[117.832s][info][gc,heap     ] GC(213) Min Capacity: 4096M(100%)
[117.832s][info][gc,heap     ] GC(213) Max Capacity: 4096M(100%)
[117.832s][info][gc,heap     ] GC(213) Soft Max Capacity: 4096M(100%)
[117.832s][info][gc,heap     ] GC(213)                Mark Start          Mark End        Relocate Start      Relocate End           High               Low         
[117.832s][info][gc,heap     ] GC(213)  Capacity:     4096M (100%)       4096M (100%)       4096M (100%)       4096M (100%)       4096M (100%)       4096M (100%)   
[117.832s][info][gc,heap     ] GC(213)      Free:     1268M (31%)         672M (16%)        3334M (81%)        3362M (82%)        3364M (82%)         672M (16%)    
[117.832s][info][gc,heap     ] GC(213)      Used:     2828M (69%)        3424M (84%)         762M (19%)         734M (18%)        3424M (84%)         732M (18%)    
[117.832s][info][gc,heap     ] GC(213)      Live:         -                99M (2%)           99M (2%)           99M (2%)             -                  -          
[117.832s][info][gc,heap     ] GC(213) Allocated:         -               596M (15%)         600M (15%)         603M (15%)            -                  -          
[117.832s][info][gc,heap     ] GC(213)   Garbage:         -              2728M (67%)          62M (2%)           30M (1%)             -                  -          
[117.832s][info][gc,heap     ] GC(213) Reclaimed:         -                  -              2666M (65%)        2697M (66%)            -                  -          
[117.832s][info][gc          ] GC(213) Garbage Collection (Allocation Rate) 2828M(69%)->734M(18%)
[118.278s][info][gc,start    ] GC(214) Garbage Collection (Allocation Rate)
[118.278s][info][gc,task     ] GC(214) Using 1 workers
[118.278s][info][gc,phases   ] GC(214) Pause Mark Start 0.011ms
[118.429s][info][gc,phases   ] GC(214) Concurrent Mark 151.089ms
[118.429s][info][gc,phases   ] GC(214) Pause Mark End 0.028ms
[118.429s][info][gc,phases   ] GC(214) Concurrent Mark Free 0.002ms
[118.433s][info][gc,phases   ] GC(214) Concurrent Process Non-Strong References 4.002ms
[118.433s][info][gc,phases   ] GC(214) Concurrent Reset Relocation Set 0.003ms
[118.435s][info][gc,phases   ] GC(214) Concurrent Select Relocation Set 2.026ms
[118.436s][info][gc,phases   ] GC(214) Pause Relocate Start 0.010ms
[118.437s][info][gc,phases   ] GC(214) Concurrent Relocate 1.182ms
[118.437s][info][gc,load     ] GC(214) Load: 0.00/0.00/0.00
[118.437s][info][gc,mmu      ] GC(214) MMU: 2ms/96.2%, 5ms/98.5%, 10ms/99.0%, 20ms/99.5%, 50ms/99.8%, 100ms/99.9%
[118.437s][info][gc,marking  ] GC(214) Mark: 1 stripe(s), 2 proactive flush(es), 1 terminate flush(es), 0 completion(s), 0 continuation(s) 
[118.437s][info][gc,marking  ] GC(214) Mark Stack Usage: 32M
[118.437s][info][gc,nmethod  ] GC(214) NMethods: 1393 registered, 36 unregistered
[118.437s][info][gc,metaspace] GC(214) Metaspace: 11M used, 11M committed, 1088M reserved
[118.437s][info][gc,ref      ] GC(214) Soft: 197 encountered, 0 discovered, 0 enqueued
[118.437s][info][gc,ref      ] GC(214) Weak: 695 encountered, 554 discovered, 0 enqueued
[118.437s][info][gc,ref      ] GC(214) Final: 0 encountered, 0 discovered, 0 enqueued
[118.437s][info][gc,ref      ] GC(214) Phantom: 36 encountered, 17 discovered, 0 enqueued
[118.437s][info][gc,reloc    ] GC(214) Small Pages: 1203 / 2406M, Empty: 2290M, Relocated: 1M, In-Place: 0
[118.437s][info][gc,reloc    ] GC(214) Medium Pages: 13 / 416M, Empty: 384M, Relocated: 0M, In-Place: 0
[118.437s][info][gc,reloc    ] GC(214) Large Pages: 1 / 6M, Empty: 0M, Relocated: 0M, In-Place: 0
[118.437s][info][gc,reloc    ] GC(214) Forwarding Usage: 0M
[118.437s][info][gc,heap     ] GC(214) Min Capacity: 4096M(100%)
[118.437s][info][gc,heap     ] GC(214) Max Capacity: 4096M(100%)
[118.437s][info][gc,heap     ] GC(214) Soft Max Capacity: 4096M(100%)
[118.437s][info][gc,heap     ] GC(214)                Mark Start          Mark End        Relocate Start      Relocate End           High               Low         
[118.437s][info][gc,heap     ] GC(214)  Capacity:     4096M (100%)       4096M (100%)       4096M (100%)       4096M (100%)       4096M (100%)       4096M (100%)   
[118.437s][info][gc,heap     ] GC(214)      Free:     1268M (31%)         672M (16%)        3344M (82%)        3368M (82%)        3368M (82%)         670M (16%)    
[118.437s][info][gc,heap     ] GC(214)      Used:     2828M (69%)        3424M (84%)         752M (18%)         728M (18%)        3426M (84%)         728M (18%)    
[118.437s][info][gc,heap     ] GC(214)      Live:         -               100M (2%)          100M (2%)          100M (2%)             -                  -          
[118.437s][info][gc,heap     ] GC(214) Allocated:         -               596M (15%)         598M (15%)         597M (15%)            -                  -          
[118.437s][info][gc,heap     ] GC(214)   Garbage:         -              2727M (67%)          53M (1%)           29M (1%)             -                  -          
[118.437s][info][gc,heap     ] GC(214) Reclaimed:         -                  -              2674M (65%)        2697M (66%)            -                  -          
[118.437s][info][gc          ] GC(214) Garbage Collection (Allocation Rate) 2828M(69%)->728M(18%)
[118.633s][info][gc,start    ] GC(215) Garbage Collection (System.gc())
[118.633s][info][gc,task     ] GC(215) Using 2 workers
[118.633s][info][gc,phases   ] GC(215) Pause Mark Start 0.006ms
[118.686s][info][gc,phases   ] GC(215) Concurrent Mark 52.462ms
[118.686s][info][gc,phases   ] GC(215) Pause Mark End 0.014ms
[118.686s][info][gc,phases   ] GC(215) Concurrent Mark Free 0.002ms
[118.688s][info][gc,phases   ] GC(215) Concurrent Process Non-Strong References 1.693ms
[118.688s][info][gc,phases   ] GC(215) Concurrent Reset Relocation Set 0.002ms
[118.689s][info][gc,phases   ] GC(215) Concurrent Select Relocation Set 1.519ms
[118.689s][info][gc,phases   ] GC(215) Pause Relocate Start 0.005ms
[118.690s][info][gc,phases   ] GC(215) Concurrent Relocate 0.524ms
[118.690s][info][gc,load     ] GC(215) Load: 0.00/0.00/0.00
[118.690s][info][gc,mmu      ] GC(215) MMU: 2ms/96.2%, 5ms/98.5%, 10ms/99.0%, 20ms/99.5%, 50ms/99.8%, 100ms/99.9%
[118.690s][info][gc,marking  ] GC(215) Mark: 2 stripe(s), 2 proactive flush(es), 1 terminate flush(es), 0 completion(s), 0 continuation(s) 
[118.690s][info][gc,marking  ] GC(215) Mark Stack Usage: 32M
[118.690s][info][gc,nmethod  ] GC(215) NMethods: 1394 registered, 36 unregistered
[118.690s][info][gc,metaspace] GC(215) Metaspace: 11M used, 11M committed, 1088M reserved
[118.690s][info][gc,ref      ] GC(215) Soft: 197 encountered, 0 discovered, 0 enqueued
[118.690s][info][gc,ref      ] GC(215) Weak: 695 encountered, 34 discovered, 0 enqueued
[118.690s][info][gc,ref      ] GC(215) Final: 0 encountered, 0 discovered, 0 enqueued
[118.690s][info][gc,ref      ] GC(215) Phantom: 36 encountered, 16 discovered, 0 enqueued
[118.690s][info][gc,reloc    ] GC(215) Small Pages: 668 / 1336M, Empty: 1232M, Relocated: 0M, In-Place: 0
[118.690s][info][gc,reloc    ] GC(215) Medium Pages: 8 / 256M, Empty: 256M, Relocated: 0M, In-Place: 0
[118.690s][info][gc,reloc    ] GC(215) Large Pages: 1 / 6M, Empty: 0M, Relocated: 0M, In-Place: 0
[118.690s][info][gc,reloc    ] GC(215) Forwarding Usage: 0M
[118.690s][info][gc,heap     ] GC(215) Min Capacity: 4096M(100%)
[118.690s][info][gc,heap     ] GC(215) Max Capacity: 4096M(100%)
[118.690s][info][gc,heap     ] GC(215) Soft Max Capacity: 4096M(100%)
[118.690s][info][gc,heap     ] GC(215)                Mark Start          Mark End        Relocate Start      Relocate End           High               Low         
[118.690s][info][gc,heap     ] GC(215)  Capacity:     4096M (100%)       4096M (100%)       4096M (100%)       4096M (100%)       4096M (100%)       4096M (100%)   
[118.690s][info][gc,heap     ] GC(215)      Free:     2498M (61%)        2498M (61%)        3986M (97%)        3996M (98%)        3996M (98%)        2498M (61%)    
[118.690s][info][gc,heap     ] GC(215)      Used:     1598M (39%)        1598M (39%)         110M (3%)          100M (2%)         1598M (39%)         100M (2%)     
[118.690s][info][gc,heap     ] GC(215)      Live:         -                95M (2%)           95M (2%)           95M (2%)             -                  -          
[118.690s][info][gc,heap     ] GC(215) Allocated:         -                 0M (0%)            0M (0%)            0M (0%)             -                  -          
[118.690s][info][gc,heap     ] GC(215)   Garbage:         -              1502M (37%)          14M (0%)            4M (0%)             -                  -          
[118.690s][info][gc,heap     ] GC(215) Reclaimed:         -                  -              1488M (36%)        1498M (37%)            -                  -          
[118.690s][info][gc          ] GC(215) Garbage Collection (System.gc()) 1598M(39%)->100M(2%)
[119.282s][info][gc,start    ] GC(216) Garbage Collection (Allocation Rate)
[119.283s][info][gc,task     ] GC(216) Using 1 workers
[119.283s][info][gc,phases   ] GC(216) Pause Mark Start 0.015ms
[119.440s][info][gc,phases   ] GC(216) Concurrent Mark 157.092ms
[119.440s][info][gc,phases   ] GC(216) Pause Mark End 0.016ms
[119.440s][info][gc,phases   ] GC(216) Concurrent Mark Free 0.001ms
[119.443s][info][gc,phases   ] GC(216) Concurrent Process Non-Strong References 3.204ms
[119.443s][info][gc,phases   ] GC(216) Concurrent Reset Relocation Set 0.002ms
[119.446s][info][gc,phases   ] GC(216) Concurrent Select Relocation Set 2.355ms
[119.446s][info][gc,phases   ] GC(216) Pause Relocate Start 0.010ms
[119.448s][info][gc,phases   ] GC(216) Concurrent Relocate 2.400ms
[119.449s][info][gc,load     ] GC(216) Load: 0.00/0.00/0.00
[119.449s][info][gc,mmu      ] GC(216) MMU: 2ms/96.2%, 5ms/98.5%, 10ms/99.0%, 20ms/99.5%, 50ms/99.8%, 100ms/99.9%
[119.449s][info][gc,marking  ] GC(216) Mark: 1 stripe(s), 2 proactive flush(es), 1 terminate flush(es), 0 completion(s), 0 continuation(s) 
[119.449s][info][gc,marking  ] GC(216) Mark Stack Usage: 32M
[119.449s][info][gc,nmethod  ] GC(216) NMethods: 1394 registered, 36 unregistered
[119.449s][info][gc,metaspace] GC(216) Metaspace: 11M used, 11M committed, 1088M reserved
[119.449s][info][gc,ref      ] GC(216) Soft: 197 encountered, 0 discovered, 0 enqueued
[119.449s][info][gc,ref      ] GC(216) Weak: 695 encountered, 554 discovered, 0 enqueued
[119.449s][info][gc,ref      ] GC(216) Final: 0 encountered, 0 discovered, 0 enqueued
[119.449s][info][gc,ref      ] GC(216) Phantom: 36 encountered, 17 discovered, 0 enqueued
[119.449s][info][gc,reloc    ] GC(216) Small Pages: 1240 / 2480M, Empty: 2344M, Relocated: 5M, In-Place: 0
[119.449s][info][gc,reloc    ] GC(216) Medium Pages: 12 / 384M, Empty: 352M, Relocated: 0M, In-Place: 0
[119.449s][info][gc,reloc    ] GC(216) Large Pages: 1 / 6M, Empty: 0M, Relocated: 0M, In-Place: 0
[119.449s][info][gc,reloc    ] GC(216) Forwarding Usage: 0M
[119.449s][info][gc,heap     ] GC(216) Min Capacity: 4096M(100%)
[119.449s][info][gc,heap     ] GC(216) Max Capacity: 4096M(100%)
[119.449s][info][gc,heap     ] GC(216) Soft Max Capacity: 4096M(100%)
[119.449s][info][gc,heap     ] GC(216)                Mark Start          Mark End        Relocate Start      Relocate End           High               Low         
[119.449s][info][gc,heap     ] GC(216)  Capacity:     4096M (100%)       4096M (100%)       4096M (100%)       4096M (100%)       4096M (100%)       4096M (100%)   
[119.449s][info][gc,heap     ] GC(216)      Free:     1226M (30%)         618M (15%)        3314M (81%)        3350M (82%)        3352M (82%)         618M (15%)    
[119.449s][info][gc,heap     ] GC(216)      Used:     2870M (70%)        3478M (85%)         782M (19%)         746M (18%)        3478M (85%)         744M (18%)    
[119.449s][info][gc,heap     ] GC(216)      Live:         -               100M (2%)          100M (2%)          100M (2%)             -                  -          
[119.449s][info][gc,heap     ] GC(216) Allocated:         -               608M (15%)         608M (15%)         611M (15%)            -                  -          
[119.449s][info][gc,heap     ] GC(216)   Garbage:         -              2769M (68%)          73M (2%)           33M (1%)             -                  -          
[119.449s][info][gc,heap     ] GC(216) Reclaimed:         -                  -              2696M (66%)        2735M (67%)            -                  -          
[119.449s][info][gc          ] GC(216) Garbage Collection (Allocation Rate) 2870M(70%)->746M(18%)
[119.879s][info][gc,start    ] GC(217) Garbage Collection (Allocation Rate)
[119.879s][info][gc,task     ] GC(217) Using 1 workers
[119.879s][info][gc,phases   ] GC(217) Pause Mark Start 0.009ms
[120.099s][info][gc,phases   ] GC(217) Concurrent Mark 220.031ms
[120.099s][info][gc,phases   ] GC(217) Pause Mark End 0.028ms
[120.099s][info][gc,phases   ] GC(217) Concurrent Mark Free 0.002ms
[120.103s][info][gc,phases   ] GC(217) Concurrent Process Non-Strong References 3.913ms
[120.103s][info][gc,phases   ] GC(217) Concurrent Reset Relocation Set 0.004ms
[120.106s][info][gc,phases   ] GC(217) Concurrent Select Relocation Set 2.673ms
[120.106s][info][gc,phases   ] GC(217) Pause Relocate Start 0.010ms
[120.107s][info][gc,phases   ] GC(217) Concurrent Relocate 0.986ms
[120.107s][info][gc,load     ] GC(217) Load: 0.00/0.00/0.00
[120.107s][info][gc,mmu      ] GC(217) MMU: 2ms/96.2%, 5ms/98.5%, 10ms/99.0%, 20ms/99.5%, 50ms/99.8%, 100ms/99.9%
[120.107s][info][gc,marking  ] GC(217) Mark: 1 stripe(s), 2 proactive flush(es), 1 terminate flush(es), 0 completion(s), 0 continuation(s) 
[120.107s][info][gc,marking  ] GC(217) Mark Stack Usage: 32M
[120.107s][info][gc,nmethod  ] GC(217) NMethods: 1394 registered, 36 unregistered
[120.107s][info][gc,metaspace] GC(217) Metaspace: 11M used, 11M committed, 1088M reserved
[120.107s][info][gc,ref      ] GC(217) Soft: 197 encountered, 0 discovered, 0 enqueued
[120.107s][info][gc,ref      ] GC(217) Weak: 695 encountered, 187 discovered, 0 enqueued
[120.107s][info][gc,ref      ] GC(217) Final: 0 encountered, 0 discovered, 0 enqueued
[120.107s][info][gc,ref      ] GC(217) Phantom: 36 encountered, 21 discovered, 0 enqueued
[120.107s][info][gc,reloc    ] GC(217) Small Pages: 1168 / 2336M, Empty: 2202M, Relocated: 0M, In-Place: 0
[120.107s][info][gc,reloc    ] GC(217) Medium Pages: 13 / 416M, Empty: 384M, Relocated: 0M, In-Place: 0
[120.107s][info][gc,reloc    ] GC(217) Large Pages: 1 / 6M, Empty: 0M, Relocated: 0M, In-Place: 0
[120.107s][info][gc,reloc    ] GC(217) Forwarding Usage: 0M
[120.107s][info][gc,heap     ] GC(217) Min Capacity: 4096M(100%)
[120.107s][info][gc,heap     ] GC(217) Max Capacity: 4096M(100%)
[120.107s][info][gc,heap     ] GC(217) Soft Max Capacity: 4096M(100%)
[120.107s][info][gc,heap     ] GC(217)                Mark Start          Mark End        Relocate Start      Relocate End           High               Low         
[120.107s][info][gc,heap     ] GC(217)  Capacity:     4096M (100%)       4096M (100%)       4096M (100%)       4096M (100%)       4096M (100%)       4096M (100%)   
[120.107s][info][gc,heap     ] GC(217)      Free:     1338M (33%)         408M (10%)        2934M (72%)        2976M (73%)        2976M (73%)         384M (9%)     
[120.107s][info][gc,heap     ] GC(217)      Used:     2758M (67%)        3688M (90%)        1162M (28%)        1120M (27%)        3712M (91%)        1120M (27%)    
[120.107s][info][gc,heap     ] GC(217)      Live:         -                99M (2%)           99M (2%)           99M (2%)             -                  -          
[120.107s][info][gc,heap     ] GC(217) Allocated:         -               930M (23%)         990M (24%)         989M (24%)            -                  -          
[120.107s][info][gc,heap     ] GC(217)   Garbage:         -              2658M (65%)          72M (2%)           30M (1%)             -                  -          
[120.107s][info][gc,heap     ] GC(217) Reclaimed:         -                  -              2586M (63%)        2627M (64%)            -                  -          
[120.107s][info][gc          ] GC(217) Garbage Collection (Allocation Rate) 2758M(67%)->1120M(27%)
[120.177s][info][gc,stats    ] === Garbage Collection Statistics =======================================================================================================================
[120.177s][info][gc,stats    ]                                                              Last 10s              Last 10m              Last 10h                Total
[120.177s][info][gc,stats    ]                                                              Avg / Max             Avg / Max             Avg / Max             Avg / Max
[120.177s][info][gc,stats    ]   Collector: Garbage Collection Cycle                    168.420 / 236.929     161.140 / 259.019     161.140 / 259.019     161.140 / 259.019     ms
[120.177s][info][gc,stats    ]  Contention: Mark Segment Reset Contention                     0 / 1                 0 / 2                 0 / 2                 0 / 2           ops/s
[120.177s][info][gc,stats    ]  Contention: Mark SeqNum Reset Contention                      0 / 1                 0 / 2                 0 / 2                 0 / 2           ops/s
[120.177s][info][gc,stats    ]    Critical: Allocation Stall                                  0 / 0                 0 / 0                 0 / 0                 0 / 0           ops/s
[120.177s][info][gc,stats    ]    Critical: Allocation Stall                              0.000 / 0.000         0.000 / 0.000         0.000 / 0.000         0.000 / 0.000       ms
[120.177s][info][gc,stats    ]    Critical: GC Locker Stall                                   0 / 0                 0 / 0                 0 / 0                 0 / 0           ops/s
[120.177s][info][gc,stats    ]    Critical: GC Locker Stall                               0.000 / 0.000         0.000 / 0.000         0.000 / 0.000         0.000 / 0.000       ms
[120.177s][info][gc,stats    ]    Critical: Relocation Stall                                  0 / 0                 0 / 0                 0 / 0                 0 / 0           ops/s
[120.177s][info][gc,stats    ]    Critical: Relocation Stall                              0.000 / 0.000         0.000 / 0.000         0.000 / 0.000         0.000 / 0.000       ms
[120.177s][info][gc,stats    ]      Memory: Allocation Rate                                4381 / 4536           4253 / 4592           4253 / 4592           4253 / 4592        MB/s
[120.177s][info][gc,stats    ]      Memory: Defragment                                        0 / 0                 0 / 0                 0 / 0                 0 / 0           ops/s
[120.177s][info][gc,stats    ]      Memory: Out Of Memory                                     0 / 0                 0 / 0                 0 / 0                 0 / 0           ops/s
[120.177s][info][gc,stats    ]      Memory: Page Cache Flush                                  0 / 0                 0 / 0                 0 / 0                 0 / 0           MB/s
[120.177s][info][gc,stats    ]      Memory: Page Cache Hit L1                              1894 / 1970           1827 / 2002           1827 / 2002           1827 / 2002        ops/s
[120.177s][info][gc,stats    ]      Memory: Page Cache Hit L2                                 0 / 0                 0 / 0                 0 / 0                 0 / 0           ops/s
[120.177s][info][gc,stats    ]      Memory: Page Cache Hit L3                                 0 / 0                14 / 437              14 / 437              14 / 437         ops/s
[120.177s][info][gc,stats    ]      Memory: Page Cache Miss                                   0 / 0                 0 / 1                 0 / 1                 0 / 1           ops/s
[120.177s][info][gc,stats    ]      Memory: Uncommit                                          0 / 0                 0 / 0                 0 / 0                 0 / 0           MB/s
[120.177s][info][gc,stats    ]      Memory: Undo Object Allocation Failed                     0 / 0                 0 / 1                 0 / 1                 0 / 1           ops/s
[120.177s][info][gc,stats    ]      Memory: Undo Object Allocation Succeeded                  0 / 2                16 / 357              16 / 357              16 / 357         ops/s
[120.177s][info][gc,stats    ]      Memory: Undo Page Allocation                              2 / 5                 2 / 7                 2 / 7                 2 / 7           ops/s
[120.177s][info][gc,stats    ]       Phase: Concurrent Mark                             158.287 / 228.611     149.690 / 251.310     149.690 / 251.310     149.690 / 251.310     ms
[120.177s][info][gc,stats    ]       Phase: Concurrent Mark Continue                      0.000 / 0.000         0.000 / 0.000         0.000 / 0.000         0.000 / 0.000       ms
[120.177s][info][gc,stats    ]       Phase: Concurrent Mark Free                          0.002 / 0.003         0.002 / 0.005         0.002 / 0.005         0.002 / 0.005       ms
[120.177s][info][gc,stats    ]       Phase: Concurrent Process Non-Strong References      5.110 / 20.044        5.301 / 24.469        5.301 / 24.469        5.301 / 24.469      ms
[120.177s][info][gc,stats    ]       Phase: Concurrent Relocate                           1.379 / 3.289         2.047 / 57.532        2.047 / 57.532        2.047 / 57.532      ms
[120.177s][info][gc,stats    ]       Phase: Concurrent Reset Relocation Set               0.003 / 0.006         0.004 / 0.026         0.004 / 0.026         0.004 / 0.026       ms
[120.178s][info][gc,stats    ]       Phase: Concurrent Select Relocation Set              2.665 / 4.058         3.056 / 13.885        3.056 / 13.885        3.056 / 13.885      ms
[120.178s][info][gc,stats    ]       Phase: Pause Mark End                                0.020 / 0.028         0.018 / 0.047         0.018 / 0.047         0.018 / 0.047       ms
[120.178s][info][gc,stats    ]       Phase: Pause Mark Start                              0.010 / 0.015         0.010 / 0.027         0.010 / 0.027         0.010 / 0.027       ms
[120.178s][info][gc,stats    ]       Phase: Pause Relocate Start                          0.011 / 0.019         0.012 / 0.077         0.012 / 0.077         0.012 / 0.077       ms
[120.178s][info][gc,stats    ]    Subphase: Concurrent Classes Purge                      0.013 / 0.024         0.018 / 0.208         0.018 / 0.208         0.018 / 0.208       ms
[120.178s][info][gc,stats    ]    Subphase: Concurrent Classes Unlink                     2.803 / 3.691         2.600 / 3.691         2.600 / 3.691         2.600 / 3.691       ms
[120.178s][info][gc,stats    ]    Subphase: Concurrent Mark                             144.226 / 226.979     134.264 / 250.559     134.264 / 250.559     134.264 / 250.559     ms
[120.178s][info][gc,stats    ]    Subphase: Concurrent Mark Try Flush                     1.034 / 15.846        0.859 / 17.896        0.859 / 17.896        0.859 / 17.896      ms
[120.178s][info][gc,stats    ]    Subphase: Concurrent Mark Try Terminate                 1.262 / 15.850        1.322 / 17.378        1.322 / 17.378        1.322 / 17.378      ms
[120.178s][info][gc,stats    ]    Subphase: Concurrent References Enqueue                 0.001 / 0.002         0.001 / 0.015         0.001 / 0.015         0.001 / 0.015       ms
[120.178s][info][gc,stats    ]    Subphase: Concurrent References Process                 0.103 / 0.535         0.083 / 0.535         0.083 / 0.535         0.083 / 0.535       ms
[120.178s][info][gc,stats    ]    Subphase: Concurrent Roots ClassLoaderDataGraph         0.069 / 0.121         0.069 / 0.272         0.069 / 0.272         0.069 / 0.272       ms
[120.178s][info][gc,stats    ]    Subphase: Concurrent Roots CodeCache                    0.000 / 0.000         0.000 / 0.000         0.000 / 0.000         0.000 / 0.000       ms
[120.178s][info][gc,stats    ]    Subphase: Concurrent Roots JavaThreads                  0.654 / 1.332         0.635 / 7.312         0.635 / 7.312         0.635 / 7.312       ms
[120.178s][info][gc,stats    ]    Subphase: Concurrent Roots OopStorageSet                0.030 / 0.053         0.028 / 0.069         0.028 / 0.069         0.028 / 0.069       ms
[120.178s][info][gc,stats    ]    Subphase: Concurrent Weak Roots OopStorageSet           0.183 / 0.262         0.184 / 0.369         0.184 / 0.369         0.184 / 0.369       ms
[120.178s][info][gc,stats    ]    Subphase: Pause Mark Try Complete                       0.000 / 0.000         0.000 / 0.000         0.000 / 0.000         0.000 / 0.000       ms
[120.178s][info][gc,stats    ]      System: Java Threads                                     24 / 24               23 / 24               23 / 24               23 / 24          threads
[120.178s][info][gc,stats    ] =========================================================================================================================================================
[120.381s][info][gc,start    ] GC(218) Garbage Collection (Allocation Rate)
[120.381s][info][gc,task     ] GC(218) Using 1 workers
[120.381s][info][gc,phases   ] GC(218) Pause Mark Start 0.014ms
[120.536s][info][gc,phases   ] GC(218) Concurrent Mark 154.070ms
[120.536s][info][gc,phases   ] GC(218) Pause Mark End 0.013ms
[120.536s][info][gc,phases   ] GC(218) Concurrent Mark Free 0.001ms
[120.541s][info][gc,phases   ] GC(218) Concurrent Process Non-Strong References 5.198ms
[120.541s][info][gc,phases   ] GC(218) Concurrent Reset Relocation Set 0.003ms
[120.543s][info][gc,phases   ] GC(218) Concurrent Select Relocation Set 2.031ms
[120.543s][info][gc,phases   ] GC(218) Pause Relocate Start 0.010ms
[120.544s][info][gc,phases   ] GC(218) Concurrent Relocate 1.045ms
[120.544s][info][gc,load     ] GC(218) Load: 0.00/0.00/0.00
[120.544s][info][gc,mmu      ] GC(218) MMU: 2ms/96.2%, 5ms/98.5%, 10ms/99.0%, 20ms/99.5%, 50ms/99.8%, 100ms/99.9%
[120.544s][info][gc,marking  ] GC(218) Mark: 1 stripe(s), 2 proactive flush(es), 1 terminate flush(es), 0 completion(s), 0 continuation(s) 
[120.544s][info][gc,marking  ] GC(218) Mark Stack Usage: 32M
[120.544s][info][gc,nmethod  ] GC(218) NMethods: 1394 registered, 36 unregistered
[120.544s][info][gc,metaspace] GC(218) Metaspace: 11M used, 11M committed, 1088M reserved
[120.544s][info][gc,ref      ] GC(218) Soft: 197 encountered, 0 discovered, 0 enqueued
[120.544s][info][gc,ref      ] GC(218) Weak: 695 encountered, 554 discovered, 0 enqueued
[120.544s][info][gc,ref      ] GC(218) Final: 0 encountered, 0 discovered, 0 enqueued
[120.544s][info][gc,ref      ] GC(218) Phantom: 36 encountered, 17 discovered, 0 enqueued
[120.544s][info][gc,reloc    ] GC(218) Small Pages: 997 / 1994M, Empty: 1884M, Relocated: 1M, In-Place: 0
[120.544s][info][gc,reloc    ] GC(218) Medium Pages: 11 / 352M, Empty: 320M, Relocated: 0M, In-Place: 0
[120.544s][info][gc,reloc    ] GC(218) Large Pages: 1 / 6M, Empty: 0M, Relocated: 0M, In-Place: 0
[120.544s][info][gc,reloc    ] GC(218) Forwarding Usage: 0M
[120.544s][info][gc,heap     ] GC(218) Min Capacity: 4096M(100%)
[120.544s][info][gc,heap     ] GC(218) Max Capacity: 4096M(100%)
[120.544s][info][gc,heap     ] GC(218) Soft Max Capacity: 4096M(100%)
[120.544s][info][gc,heap     ] GC(218)                Mark Start          Mark End        Relocate Start      Relocate End           High               Low         
[120.544s][info][gc,heap     ] GC(218)  Capacity:     4096M (100%)       4096M (100%)       4096M (100%)       4096M (100%)       4096M (100%)       4096M (100%)   
[120.544s][info][gc,heap     ] GC(218)      Free:     1744M (43%)        1148M (28%)        3350M (82%)        3368M (82%)        3368M (82%)        1146M (28%)    
[120.544s][info][gc,heap     ] GC(218)      Used:     2352M (57%)        2948M (72%)         746M (18%)         728M (18%)        2950M (72%)         728M (18%)    
[120.544s][info][gc,heap     ] GC(218)      Live:         -               100M (2%)          100M (2%)          100M (2%)             -                  -          
[120.544s][info][gc,heap     ] GC(218) Allocated:         -               596M (15%)         598M (15%)         597M (15%)            -                  -          
[120.544s][info][gc,heap     ] GC(218)   Garbage:         -              2251M (55%)          47M (1%)           29M (1%)             -                  -          
[120.544s][info][gc,heap     ] GC(218) Reclaimed:         -                  -              2204M (54%)        2221M (54%)            -                  -          
[120.545s][info][gc          ] GC(218) Garbage Collection (Allocation Rate) 2352M(57%)->728M(18%)
[120.978s][info][gc,start    ] GC(219) Garbage Collection (Allocation Rate)
[120.978s][info][gc,task     ] GC(219) Using 1 workers
[120.978s][info][gc,phases   ] GC(219) Pause Mark Start 0.008ms
[121.128s][info][gc,phases   ] GC(219) Concurrent Mark 150.306ms
[121.128s][info][gc,phases   ] GC(219) Pause Mark End 0.015ms
[121.128s][info][gc,phases   ] GC(219) Concurrent Mark Free 0.002ms
[121.132s][info][gc,phases   ] GC(219) Concurrent Process Non-Strong References 3.701ms
[121.132s][info][gc,phases   ] GC(219) Concurrent Reset Relocation Set 0.002ms
[121.135s][info][gc,phases   ] GC(219) Concurrent Select Relocation Set 2.639ms
[121.135s][info][gc,phases   ] GC(219) Pause Relocate Start 0.010ms
[121.136s][info][gc,phases   ] GC(219) Concurrent Relocate 0.955ms
[121.136s][info][gc,load     ] GC(219) Load: 0.00/0.00/0.00
[121.136s][info][gc,mmu      ] GC(219) MMU: 2ms/96.2%, 5ms/98.5%, 10ms/99.0%, 20ms/99.5%, 50ms/99.8%, 100ms/99.9%
[121.136s][info][gc,marking  ] GC(219) Mark: 1 stripe(s), 2 proactive flush(es), 1 terminate flush(es), 0 completion(s), 0 continuation(s) 
[121.136s][info][gc,marking  ] GC(219) Mark Stack Usage: 32M
[121.136s][info][gc,nmethod  ] GC(219) NMethods: 1394 registered, 36 unregistered
[121.136s][info][gc,metaspace] GC(219) Metaspace: 11M used, 11M committed, 1088M reserved
[121.136s][info][gc,ref      ] GC(219) Soft: 197 encountered, 0 discovered, 0 enqueued
[121.136s][info][gc,ref      ] GC(219) Weak: 695 encountered, 187 discovered, 0 enqueued
[121.136s][info][gc,ref      ] GC(219) Final: 0 encountered, 0 discovered, 0 enqueued
[121.136s][info][gc,ref      ] GC(219) Phantom: 36 encountered, 21 discovered, 0 enqueued
[121.136s][info][gc,reloc    ] GC(219) Small Pages: 1163 / 2326M, Empty: 2192M, Relocated: 1M, In-Place: 0
[121.136s][info][gc,reloc    ] GC(219) Medium Pages: 13 / 416M, Empty: 416M, Relocated: 0M, In-Place: 0
[121.136s][info][gc,reloc    ] GC(219) Large Pages: 1 / 6M, Empty: 0M, Relocated: 0M, In-Place: 0
[121.136s][info][gc,reloc    ] GC(219) Forwarding Usage: 0M
[121.136s][info][gc,heap     ] GC(219) Min Capacity: 4096M(100%)
[121.136s][info][gc,heap     ] GC(219) Max Capacity: 4096M(100%)
[121.136s][info][gc,heap     ] GC(219) Soft Max Capacity: 4096M(100%)
[121.136s][info][gc,heap     ] GC(219)                Mark Start          Mark End        Relocate Start      Relocate End           High               Low         
[121.136s][info][gc,heap     ] GC(219)  Capacity:     4096M (100%)       4096M (100%)       4096M (100%)       4096M (100%)       4096M (100%)       4096M (100%)   
[121.136s][info][gc,heap     ] GC(219)      Free:     1348M (33%)         684M (17%)        3278M (80%)        3320M (81%)        3320M (81%)         670M (16%)    
[121.136s][info][gc,heap     ] GC(219)      Used:     2748M (67%)        3412M (83%)         818M (20%)         776M (19%)        3426M (84%)         776M (19%)    
[121.136s][info][gc,heap     ] GC(219)      Live:         -                96M (2%)           96M (2%)           96M (2%)             -                  -          
[121.136s][info][gc,heap     ] GC(219) Allocated:         -               664M (16%)         678M (17%)         677M (17%)            -                  -          
[121.136s][info][gc,heap     ] GC(219)   Garbage:         -              2651M (65%)          43M (1%)            1M (0%)             -                  -          
[121.136s][info][gc,heap     ] GC(219) Reclaimed:         -                  -              2608M (64%)        2649M (65%)            -                  -          
[121.136s][info][gc          ] GC(219) Garbage Collection (Allocation Rate) 2748M(67%)->776M(19%)
[121.574s][info][gc,start    ] GC(220) Garbage Collection (Allocation Rate)
[121.574s][info][gc,task     ] GC(220) Using 1 workers
[121.575s][info][gc,phases   ] GC(220) Pause Mark Start 0.014ms
[121.716s][info][gc,phases   ] GC(220) Concurrent Mark 141.640ms
[121.717s][info][gc,phases   ] GC(220) Pause Mark End 0.018ms
[121.717s][info][gc,phases   ] GC(220) Concurrent Mark Free 0.002ms
[121.722s][info][gc,phases   ] GC(220) Concurrent Process Non-Strong References 5.860ms
[121.723s][info][gc,phases   ] GC(220) Concurrent Reset Relocation Set 0.006ms
[121.726s][info][gc,phases   ] GC(220) Concurrent Select Relocation Set 3.902ms
[121.727s][info][gc,phases   ] GC(220) Pause Relocate Start 0.012ms
[121.730s][info][gc,phases   ] GC(220) Concurrent Relocate 3.279ms
[121.730s][info][gc,load     ] GC(220) Load: 0.00/0.00/0.00
[121.730s][info][gc,mmu      ] GC(220) MMU: 2ms/96.2%, 5ms/98.5%, 10ms/99.0%, 20ms/99.5%, 50ms/99.8%, 100ms/99.9%
[121.730s][info][gc,marking  ] GC(220) Mark: 1 stripe(s), 2 proactive flush(es), 1 terminate flush(es), 0 completion(s), 0 continuation(s) 
[121.730s][info][gc,marking  ] GC(220) Mark Stack Usage: 32M
[121.730s][info][gc,nmethod  ] GC(220) NMethods: 1394 registered, 36 unregistered
[121.730s][info][gc,metaspace] GC(220) Metaspace: 11M used, 11M committed, 1088M reserved
[121.730s][info][gc,ref      ] GC(220) Soft: 197 encountered, 0 discovered, 0 enqueued
[121.730s][info][gc,ref      ] GC(220) Weak: 695 encountered, 554 discovered, 0 enqueued
[121.730s][info][gc,ref      ] GC(220) Final: 0 encountered, 0 discovered, 0 enqueued
[121.730s][info][gc,ref      ] GC(220) Phantom: 36 encountered, 17 discovered, 0 enqueued
[121.730s][info][gc,reloc    ] GC(220) Small Pages: 1200 / 2400M, Empty: 2274M, Relocated: 5M, In-Place: 0
[121.730s][info][gc,reloc    ] GC(220) Medium Pages: 12 / 384M, Empty: 352M, Relocated: 0M, In-Place: 0
[121.730s][info][gc,reloc    ] GC(220) Large Pages: 1 / 6M, Empty: 0M, Relocated: 0M, In-Place: 0
[121.730s][info][gc,reloc    ] GC(220) Forwarding Usage: 1M
[121.730s][info][gc,heap     ] GC(220) Min Capacity: 4096M(100%)
[121.730s][info][gc,heap     ] GC(220) Max Capacity: 4096M(100%)
[121.730s][info][gc,heap     ] GC(220) Soft Max Capacity: 4096M(100%)
[121.730s][info][gc,heap     ] GC(220)                Mark Start          Mark End        Relocate Start      Relocate End           High               Low         
[121.730s][info][gc,heap     ] GC(220)  Capacity:     4096M (100%)       4096M (100%)       4096M (100%)       4096M (100%)       4096M (100%)       4096M (100%)   
[121.730s][info][gc,heap     ] GC(220)      Free:     1306M (32%)         774M (19%)        3338M (81%)        3366M (82%)        3368M (82%)         736M (18%)    
[121.730s][info][gc,heap     ] GC(220)      Used:     2790M (68%)        3322M (81%)         758M (19%)         730M (18%)        3360M (82%)         728M (18%)    
[121.730s][info][gc,heap     ] GC(220)      Live:         -               101M (2%)          101M (2%)          101M (2%)             -                  -          
[121.730s][info][gc,heap     ] GC(220) Allocated:         -               532M (13%)         594M (15%)         597M (15%)            -                  -          
[121.730s][info][gc,heap     ] GC(220)   Garbage:         -              2688M (66%)          62M (2%)           30M (1%)             -                  -          
[121.730s][info][gc,heap     ] GC(220) Reclaimed:         -                  -              2626M (64%)        2657M (65%)            -                  -          
[121.730s][info][gc          ] GC(220) Garbage Collection (Allocation Rate) 2790M(68%)->730M(18%)
[122.187s][info][gc,start    ] GC(221) Garbage Collection (Allocation Rate)
[122.187s][info][gc,task     ] GC(221) Using 1 workers
[122.187s][info][gc,phases   ] GC(221) Pause Mark Start 0.011ms
[122.323s][info][gc,phases   ] GC(221) Concurrent Mark 136.467ms
[122.323s][info][gc,phases   ] GC(221) Pause Mark End 0.013ms
[122.324s][info][gc,phases   ] GC(221) Concurrent Mark Free 0.001ms
[122.344s][info][gc,phases   ] GC(221) Concurrent Process Non-Strong References 20.235ms
[122.344s][info][gc,phases   ] GC(221) Concurrent Reset Relocation Set 0.003ms
[122.347s][info][gc,phases   ] GC(221) Concurrent Select Relocation Set 2.715ms
[122.347s][info][gc,phases   ] GC(221) Pause Relocate Start 0.012ms
[122.349s][info][gc,phases   ] GC(221) Concurrent Relocate 2.635ms
[122.350s][info][gc,load     ] GC(221) Load: 0.00/0.00/0.00
[122.350s][info][gc,mmu      ] GC(221) MMU: 2ms/96.2%, 5ms/98.5%, 10ms/99.0%, 20ms/99.5%, 50ms/99.8%, 100ms/99.9%
[122.350s][info][gc,marking  ] GC(221) Mark: 1 stripe(s), 2 proactive flush(es), 1 terminate flush(es), 0 completion(s), 0 continuation(s) 
[122.350s][info][gc,marking  ] GC(221) Mark Stack Usage: 32M
[122.350s][info][gc,nmethod  ] GC(221) NMethods: 1394 registered, 37 unregistered
[122.350s][info][gc,metaspace] GC(221) Metaspace: 11M used, 11M committed, 1088M reserved
[122.350s][info][gc,ref      ] GC(221) Soft: 197 encountered, 0 discovered, 0 enqueued
[122.350s][info][gc,ref      ] GC(221) Weak: 695 encountered, 554 discovered, 0 enqueued
[122.350s][info][gc,ref      ] GC(221) Final: 0 encountered, 0 discovered, 0 enqueued
[122.350s][info][gc,ref      ] GC(221) Phantom: 36 encountered, 17 discovered, 0 enqueued
[122.350s][info][gc,reloc    ] GC(221) Small Pages: 1206 / 2412M, Empty: 2280M, Relocated: 2M, In-Place: 0
[122.350s][info][gc,reloc    ] GC(221) Medium Pages: 13 / 416M, Empty: 384M, Relocated: 0M, In-Place: 0
[122.350s][info][gc,reloc    ] GC(221) Large Pages: 1 / 6M, Empty: 0M, Relocated: 0M, In-Place: 0
[122.350s][info][gc,reloc    ] GC(221) Forwarding Usage: 1M
[122.350s][info][gc,heap     ] GC(221) Min Capacity: 4096M(100%)
[122.350s][info][gc,heap     ] GC(221) Max Capacity: 4096M(100%)
[122.350s][info][gc,heap     ] GC(221) Soft Max Capacity: 4096M(100%)
[122.350s][info][gc,heap     ] GC(221)                Mark Start          Mark End        Relocate Start      Relocate End           High               Low         
[122.350s][info][gc,heap     ] GC(221)  Capacity:     4096M (100%)       4096M (100%)       4096M (100%)       4096M (100%)       4096M (100%)       4096M (100%)   
[122.350s][info][gc,heap     ] GC(221)      Free:     1262M (31%)         746M (18%)        3326M (81%)        3366M (82%)        3366M (82%)         662M (16%)    
[122.350s][info][gc,heap     ] GC(221)      Used:     2834M (69%)        3350M (82%)         770M (19%)         730M (18%)        3434M (84%)         730M (18%)    
[122.350s][info][gc,heap     ] GC(221)      Live:         -               100M (2%)          100M (2%)          100M (2%)             -                  -          
[122.350s][info][gc,heap     ] GC(221) Allocated:         -               516M (13%)         600M (15%)         599M (15%)            -                  -          
[122.350s][info][gc,heap     ] GC(221)   Garbage:         -              2733M (67%)          69M (2%)           29M (1%)             -                  -          
[122.350s][info][gc,heap     ] GC(221) Reclaimed:         -                  -              2664M (65%)        2703M (66%)            -                  -          
[122.350s][info][gc          ] GC(221) Garbage Collection (Allocation Rate) 2834M(69%)->730M(18%)
[122.784s][info][gc,start    ] GC(222) Garbage Collection (Allocation Rate)
[122.784s][info][gc,task     ] GC(222) Using 1 workers
[122.784s][info][gc,phases   ] GC(222) Pause Mark Start 0.011ms
[122.923s][info][gc,phases   ] GC(222) Concurrent Mark 139.151ms
[122.923s][info][gc,phases   ] GC(222) Pause Mark End 0.011ms
[122.923s][info][gc,phases   ] GC(222) Concurrent Mark Free 0.001ms
[122.933s][info][gc,phases   ] GC(222) Concurrent Process Non-Strong References 9.736ms
[122.933s][info][gc,phases   ] GC(222) Concurrent Reset Relocation Set 0.007ms
[122.937s][info][gc,phases   ] GC(222) Concurrent Select Relocation Set 3.691ms
[122.937s][info][gc,phases   ] GC(222) Pause Relocate Start 0.012ms
[122.940s][info][gc,phases   ] GC(222) Concurrent Relocate 3.476ms
[122.941s][info][gc,load     ] GC(222) Load: 0.00/0.00/0.00
[122.941s][info][gc,mmu      ] GC(222) MMU: 2ms/96.2%, 5ms/98.5%, 10ms/99.0%, 20ms/99.5%, 50ms/99.8%, 100ms/99.9%
[122.941s][info][gc,marking  ] GC(222) Mark: 1 stripe(s), 2 proactive flush(es), 1 terminate flush(es), 0 completion(s), 0 continuation(s) 
[122.941s][info][gc,marking  ] GC(222) Mark Stack Usage: 32M
[122.941s][info][gc,nmethod  ] GC(222) NMethods: 1394 registered, 5 unregistered
[122.941s][info][gc,metaspace] GC(222) Metaspace: 11M used, 11M committed, 1088M reserved
[122.941s][info][gc,ref      ] GC(222) Soft: 197 encountered, 0 discovered, 0 enqueued
[122.941s][info][gc,ref      ] GC(222) Weak: 695 encountered, 554 discovered, 0 enqueued
[122.941s][info][gc,ref      ] GC(222) Final: 0 encountered, 0 discovered, 0 enqueued
[122.941s][info][gc,ref      ] GC(222) Phantom: 36 encountered, 17 discovered, 0 enqueued
[122.941s][info][gc,reloc    ] GC(222) Small Pages: 1161 / 2322M, Empty: 2204M, Relocated: 2M, In-Place: 0
[122.941s][info][gc,reloc    ] GC(222) Medium Pages: 13 / 416M, Empty: 352M, Relocated: 3M, In-Place: 0
[122.941s][info][gc,reloc    ] GC(222) Large Pages: 1 / 6M, Empty: 0M, Relocated: 0M, In-Place: 0
[122.941s][info][gc,reloc    ] GC(222) Forwarding Usage: 1M
[122.941s][info][gc,heap     ] GC(222) Min Capacity: 4096M(100%)
[122.941s][info][gc,heap     ] GC(222) Max Capacity: 4096M(100%)
[122.941s][info][gc,heap     ] GC(222) Soft Max Capacity: 4096M(100%)
[122.941s][info][gc,heap     ] GC(222)                Mark Start          Mark End        Relocate Start      Relocate End           High               Low         
[122.941s][info][gc,heap     ] GC(222)  Capacity:     4096M (100%)       4096M (100%)       4096M (100%)       4096M (100%)       4096M (100%)       4096M (100%)   
[122.941s][info][gc,heap     ] GC(222)      Free:     1352M (33%)         836M (20%)        3312M (81%)        3370M (82%)        3370M (82%)         774M (19%)    
[122.941s][info][gc,heap     ] GC(222)      Used:     2744M (67%)        3260M (80%)         784M (19%)         726M (18%)        3322M (81%)         726M (18%)    
[122.941s][info][gc,heap     ] GC(222)      Live:         -                99M (2%)           99M (2%)           99M (2%)             -                  -          
[122.941s][info][gc,heap     ] GC(222) Allocated:         -               516M (13%)         596M (15%)         595M (15%)            -                  -          
[122.941s][info][gc,heap     ] GC(222)   Garbage:         -              2644M (65%)          88M (2%)           30M (1%)             -                  -          
[122.941s][info][gc,heap     ] GC(222) Reclaimed:         -                  -              2556M (62%)        2613M (64%)            -                  -          
[122.941s][info][gc          ] GC(222) Garbage Collection (Allocation Rate) 2744M(67%)->726M(18%)
[123.059s][info][gc,start    ] GC(223) Garbage Collection (System.gc())
[123.059s][info][gc,task     ] GC(223) Using 2 workers
[123.059s][info][gc,phases   ] GC(223) Pause Mark Start 0.007ms
[123.114s][info][gc,phases   ] GC(223) Concurrent Mark 55.023ms
[123.114s][info][gc,phases   ] GC(223) Pause Mark End 0.026ms
[123.114s][info][gc,phases   ] GC(223) Concurrent Mark Free 0.004ms
[123.116s][info][gc,phases   ] GC(223) Concurrent Process Non-Strong References 2.018ms
[123.116s][info][gc,phases   ] GC(223) Concurrent Reset Relocation Set 0.003ms
[123.118s][info][gc,phases   ] GC(223) Concurrent Select Relocation Set 1.532ms
[123.118s][info][gc,phases   ] GC(223) Pause Relocate Start 0.004ms
[123.118s][info][gc,phases   ] GC(223) Concurrent Relocate 0.591ms
[123.118s][info][gc,load     ] GC(223) Load: 0.00/0.00/0.00
[123.118s][info][gc,mmu      ] GC(223) MMU: 2ms/96.2%, 5ms/98.5%, 10ms/99.0%, 20ms/99.5%, 50ms/99.8%, 100ms/99.9%
[123.118s][info][gc,marking  ] GC(223) Mark: 2 stripe(s), 2 proactive flush(es), 1 terminate flush(es), 0 completion(s), 0 continuation(s) 
[123.118s][info][gc,marking  ] GC(223) Mark Stack Usage: 32M
[123.118s][info][gc,nmethod  ] GC(223) NMethods: 1394 registered, 5 unregistered
[123.118s][info][gc,metaspace] GC(223) Metaspace: 11M used, 11M committed, 1088M reserved
[123.118s][info][gc,ref      ] GC(223) Soft: 197 encountered, 0 discovered, 0 enqueued
[123.118s][info][gc,ref      ] GC(223) Weak: 695 encountered, 42 discovered, 0 enqueued
[123.118s][info][gc,ref      ] GC(223) Final: 0 encountered, 0 discovered, 0 enqueued
[123.118s][info][gc,ref      ] GC(223) Phantom: 36 encountered, 16 discovered, 0 enqueued
[123.118s][info][gc,reloc    ] GC(223) Small Pages: 503 / 1006M, Empty: 910M, Relocated: 1M, In-Place: 0
[123.119s][info][gc,reloc    ] GC(223) Medium Pages: 6 / 192M, Empty: 192M, Relocated: 0M, In-Place: 0
[123.119s][info][gc,reloc    ] GC(223) Large Pages: 1 / 6M, Empty: 0M, Relocated: 0M, In-Place: 0
[123.119s][info][gc,reloc    ] GC(223) Forwarding Usage: 0M
[123.119s][info][gc,heap     ] GC(223) Min Capacity: 4096M(100%)
[123.119s][info][gc,heap     ] GC(223) Max Capacity: 4096M(100%)
[123.119s][info][gc,heap     ] GC(223) Soft Max Capacity: 4096M(100%)
[123.119s][info][gc,heap     ] GC(223)                Mark Start          Mark End        Relocate Start      Relocate End           High               Low         
[123.119s][info][gc,heap     ] GC(223)  Capacity:     4096M (100%)       4096M (100%)       4096M (100%)       4096M (100%)       4096M (100%)       4096M (100%)   
[123.119s][info][gc,heap     ] GC(223)      Free:     2892M (71%)        2892M (71%)        3994M (98%)        3996M (98%)        3996M (98%)        2892M (71%)    
[123.119s][info][gc,heap     ] GC(223)      Used:     1204M (29%)        1204M (29%)         102M (2%)          100M (2%)         1204M (29%)         100M (2%)     
[123.119s][info][gc,heap     ] GC(223)      Live:         -                95M (2%)           95M (2%)           95M (2%)             -                  -          
[123.119s][info][gc,heap     ] GC(223) Allocated:         -                 0M (0%)            0M (0%)            0M (0%)             -                  -          
[123.119s][info][gc,heap     ] GC(223)   Garbage:         -              1108M (27%)           6M (0%)            4M (0%)             -                  -          
[123.119s][info][gc,heap     ] GC(223) Reclaimed:         -                  -              1102M (27%)        1104M (27%)            -                  -          
[123.119s][info][gc          ] GC(223) Garbage Collection (System.gc()) 1204M(29%)->100M(2%)
[123.679s][info][gc,start    ] GC(224) Garbage Collection (Allocation Rate)
[123.679s][info][gc,task     ] GC(224) Using 1 workers
[123.679s][info][gc,phases   ] GC(224) Pause Mark Start 0.010ms
[123.897s][info][gc,phases   ] GC(224) Concurrent Mark 217.696ms
[123.897s][info][gc,phases   ] GC(224) Pause Mark End 0.013ms
[123.897s][info][gc,phases   ] GC(224) Concurrent Mark Free 0.001ms
[123.906s][info][gc,phases   ] GC(224) Concurrent Process Non-Strong References 9.188ms
[123.906s][info][gc,phases   ] GC(224) Concurrent Reset Relocation Set 0.004ms
[123.910s][info][gc,phases   ] GC(224) Concurrent Select Relocation Set 4.077ms
[123.911s][info][gc,phases   ] GC(224) Pause Relocate Start 0.011ms
[123.913s][info][gc,phases   ] GC(224) Concurrent Relocate 2.127ms
[123.913s][info][gc,load     ] GC(224) Load: 0.00/0.00/0.00
[123.913s][info][gc,mmu      ] GC(224) MMU: 2ms/96.2%, 5ms/98.5%, 10ms/99.0%, 20ms/99.5%, 50ms/99.8%, 100ms/99.9%
[123.913s][info][gc,marking  ] GC(224) Mark: 1 stripe(s), 2 proactive flush(es), 1 terminate flush(es), 0 completion(s), 0 continuation(s) 
[123.913s][info][gc,marking  ] GC(224) Mark Stack Usage: 32M
[123.913s][info][gc,nmethod  ] GC(224) NMethods: 1394 registered, 5 unregistered
[123.913s][info][gc,metaspace] GC(224) Metaspace: 11M used, 11M committed, 1088M reserved
[123.913s][info][gc,ref      ] GC(224) Soft: 197 encountered, 0 discovered, 0 enqueued
[123.913s][info][gc,ref      ] GC(224) Weak: 695 encountered, 187 discovered, 0 enqueued
[123.913s][info][gc,ref      ] GC(224) Final: 0 encountered, 0 discovered, 0 enqueued
[123.913s][info][gc,ref      ] GC(224) Phantom: 36 encountered, 21 discovered, 0 enqueued
[123.913s][info][gc,reloc    ] GC(224) Small Pages: 1164 / 2328M, Empty: 2218M, Relocated: 1M, In-Place: 0
[123.913s][info][gc,reloc    ] GC(224) Medium Pages: 12 / 384M, Empty: 320M, Relocated: 3M, In-Place: 0
[123.913s][info][gc,reloc    ] GC(224) Large Pages: 1 / 6M, Empty: 0M, Relocated: 0M, In-Place: 0
[123.913s][info][gc,reloc    ] GC(224) Forwarding Usage: 0M
[123.913s][info][gc,heap     ] GC(224) Min Capacity: 4096M(100%)
[123.913s][info][gc,heap     ] GC(224) Max Capacity: 4096M(100%)
[123.913s][info][gc,heap     ] GC(224) Soft Max Capacity: 4096M(100%)
[123.913s][info][gc,heap     ] GC(224)                Mark Start          Mark End        Relocate Start      Relocate End           High               Low         
[123.913s][info][gc,heap     ] GC(224)  Capacity:     4096M (100%)       4096M (100%)       4096M (100%)       4096M (100%)       4096M (100%)       4096M (100%)   
[123.913s][info][gc,heap     ] GC(224)      Free:     1378M (34%)         504M (12%)        2960M (72%)        3006M (73%)        3008M (73%)         448M (11%)    
[123.913s][info][gc,heap     ] GC(224)      Used:     2718M (66%)        3592M (88%)        1136M (28%)        1090M (27%)        3648M (89%)        1088M (27%)    
[123.913s][info][gc,heap     ] GC(224)      Live:         -                99M (2%)           99M (2%)           99M (2%)             -                  -          
[123.913s][info][gc,heap     ] GC(224) Allocated:         -               874M (21%)         956M (23%)         959M (23%)            -                  -          
[123.913s][info][gc,heap     ] GC(224)   Garbage:         -              2618M (64%)          80M (2%)           30M (1%)             -                  -          
[123.913s][info][gc,heap     ] GC(224) Reclaimed:         -                  -              2538M (62%)        2587M (63%)            -                  -          
[123.913s][info][gc          ] GC(224) Garbage Collection (Allocation Rate) 2718M(66%)->1090M(27%)
[124.087s][info][gc,start    ] GC(225) Garbage Collection (Allocation Rate)
[124.087s][info][gc,task     ] GC(225) Using 1 workers
[124.087s][info][gc,phases   ] GC(225) Pause Mark Start 0.015ms
[124.309s][info][gc,phases   ] GC(225) Concurrent Mark 221.172ms
[124.309s][info][gc,phases   ] GC(225) Pause Mark End 0.015ms
[124.309s][info][gc,phases   ] GC(225) Concurrent Mark Free 0.001ms
[124.315s][info][gc,phases   ] GC(225) Concurrent Process Non-Strong References 6.268ms
[124.315s][info][gc,phases   ] GC(225) Concurrent Reset Relocation Set 0.006ms
[124.319s][info][gc,phases   ] GC(225) Concurrent Select Relocation Set 4.307ms
[124.320s][info][gc,phases   ] GC(225) Pause Relocate Start 0.013ms
[124.321s][info][gc,phases   ] GC(225) Concurrent Relocate 1.209ms
[124.321s][info][gc,load     ] GC(225) Load: 0.00/0.00/0.00
[124.321s][info][gc,mmu      ] GC(225) MMU: 2ms/96.2%, 5ms/98.5%, 10ms/99.0%, 20ms/99.5%, 50ms/99.8%, 100ms/99.9%
[124.321s][info][gc,marking  ] GC(225) Mark: 1 stripe(s), 2 proactive flush(es), 1 terminate flush(es), 0 completion(s), 0 continuation(s) 
[124.321s][info][gc,marking  ] GC(225) Mark Stack Usage: 32M
[124.321s][info][gc,nmethod  ] GC(225) NMethods: 1394 registered, 5 unregistered
[124.321s][info][gc,metaspace] GC(225) Metaspace: 11M used, 11M committed, 1088M reserved
[124.321s][info][gc,ref      ] GC(225) Soft: 197 encountered, 0 discovered, 0 enqueued
[124.321s][info][gc,ref      ] GC(225) Weak: 695 encountered, 187 discovered, 0 enqueued
[124.321s][info][gc,ref      ] GC(225) Final: 0 encountered, 0 discovered, 0 enqueued
[124.321s][info][gc,ref      ] GC(225) Phantom: 36 encountered, 21 discovered, 0 enqueued
[124.321s][info][gc,reloc    ] GC(225) Small Pages: 791 / 1582M, Empty: 1472M, Relocated: 1M, In-Place: 0
[124.321s][info][gc,reloc    ] GC(225) Medium Pages: 9 / 288M, Empty: 256M, Relocated: 0M, In-Place: 0
[124.321s][info][gc,reloc    ] GC(225) Large Pages: 1 / 6M, Empty: 0M, Relocated: 0M, In-Place: 0
[124.321s][info][gc,reloc    ] GC(225) Forwarding Usage: 0M
[124.321s][info][gc,heap     ] GC(225) Min Capacity: 4096M(100%)
[124.321s][info][gc,heap     ] GC(225) Max Capacity: 4096M(100%)
[124.321s][info][gc,heap     ] GC(225) Soft Max Capacity: 4096M(100%)
[124.321s][info][gc,heap     ] GC(225)                Mark Start          Mark End        Relocate Start      Relocate End           High               Low         
[124.321s][info][gc,heap     ] GC(225)  Capacity:     4096M (100%)       4096M (100%)       4096M (100%)       4096M (100%)       4096M (100%)       4096M (100%)   
[124.321s][info][gc,heap     ] GC(225)      Free:     2220M (54%)        1340M (33%)        2998M (73%)        3014M (74%)        3014M (74%)        1296M (32%)    
[124.321s][info][gc,heap     ] GC(225)      Used:     1876M (46%)        2756M (67%)        1098M (27%)        1082M (26%)        2800M (68%)        1082M (26%)    
[124.321s][info][gc,heap     ] GC(225)      Live:         -                99M (2%)           99M (2%)           99M (2%)             -                  -          
[124.321s][info][gc,heap     ] GC(225) Allocated:         -               880M (21%)         950M (23%)         951M (23%)            -                  -          
[124.321s][info][gc,heap     ] GC(225)   Garbage:         -              1776M (43%)          48M (1%)           30M (1%)             -                  -          
[124.321s][info][gc,heap     ] GC(225) Reclaimed:         -                  -              1728M (42%)        1745M (43%)            -                  -          
[124.321s][info][gc          ] GC(225) Garbage Collection (Allocation Rate) 1876M(46%)->1082M(26%)
[124.574s][info][gc,start    ] GC(226) Garbage Collection (Allocation Rate)
[124.574s][info][gc,task     ] GC(226) Using 1 workers
[124.574s][info][gc,phases   ] GC(226) Pause Mark Start 0.013ms
[124.736s][info][gc,phases   ] GC(226) Concurrent Mark 161.552ms
[124.736s][info][gc,phases   ] GC(226) Pause Mark End 0.017ms
[124.736s][info][gc,phases   ] GC(226) Concurrent Mark Free 0.001ms
[124.740s][info][gc,phases   ] GC(226) Concurrent Process Non-Strong References 4.035ms
[124.740s][info][gc,phases   ] GC(226) Concurrent Reset Relocation Set 0.004ms
[124.744s][info][gc,phases   ] GC(226) Concurrent Select Relocation Set 4.084ms
[124.744s][info][gc,phases   ] GC(226) Pause Relocate Start 0.017ms
[124.747s][info][gc,phases   ] GC(226) Concurrent Relocate 2.930ms
[124.747s][info][gc,load     ] GC(226) Load: 0.00/0.00/0.00
[124.748s][info][gc,mmu      ] GC(226) MMU: 2ms/96.2%, 5ms/98.5%, 10ms/99.0%, 20ms/99.5%, 50ms/99.8%, 100ms/99.9%
[124.748s][info][gc,marking  ] GC(226) Mark: 1 stripe(s), 2 proactive flush(es), 1 terminate flush(es), 0 completion(s), 0 continuation(s) 
[124.748s][info][gc,marking  ] GC(226) Mark Stack Usage: 32M
[124.748s][info][gc,nmethod  ] GC(226) NMethods: 1394 registered, 5 unregistered
[124.748s][info][gc,metaspace] GC(226) Metaspace: 11M used, 11M committed, 1088M reserved
[124.748s][info][gc,ref      ] GC(226) Soft: 197 encountered, 0 discovered, 0 enqueued
[124.748s][info][gc,ref      ] GC(226) Weak: 695 encountered, 187 discovered, 0 enqueued
[124.748s][info][gc,ref      ] GC(226) Final: 0 encountered, 0 discovered, 0 enqueued
[124.748s][info][gc,ref      ] GC(226) Phantom: 36 encountered, 21 discovered, 0 enqueued
[124.748s][info][gc,reloc    ] GC(226) Small Pages: 929 / 1858M, Empty: 1720M, Relocated: 2M, In-Place: 0
[124.748s][info][gc,reloc    ] GC(226) Medium Pages: 10 / 320M, Empty: 320M, Relocated: 0M, In-Place: 0
[124.748s][info][gc,reloc    ] GC(226) Large Pages: 1 / 6M, Empty: 0M, Relocated: 0M, In-Place: 0
[124.748s][info][gc,reloc    ] GC(226) Forwarding Usage: 0M
[124.748s][info][gc,heap     ] GC(226) Min Capacity: 4096M(100%)
[124.748s][info][gc,heap     ] GC(226) Max Capacity: 4096M(100%)
[124.748s][info][gc,heap     ] GC(226) Soft Max Capacity: 4096M(100%)
[124.748s][info][gc,heap     ] GC(226)                Mark Start          Mark End        Relocate Start      Relocate End           High               Low         
[124.748s][info][gc,heap     ] GC(226)  Capacity:     4096M (100%)       4096M (100%)       4096M (100%)       4096M (100%)       4096M (100%)       4096M (100%)   
[124.748s][info][gc,heap     ] GC(226)      Free:     1912M (47%)        1250M (31%)        3240M (79%)        3274M (80%)        3284M (80%)        1226M (30%)    
[124.748s][info][gc,heap     ] GC(226)      Used:     2184M (53%)        2846M (69%)         856M (21%)         822M (20%)        2870M (70%)         812M (20%)    
[124.748s][info][gc,heap     ] GC(226)      Live:         -                97M (2%)           97M (2%)           97M (2%)             -                  -          
[124.748s][info][gc,heap     ] GC(226) Allocated:         -               662M (16%)         712M (17%)         721M (18%)            -                  -          
[124.748s][info][gc,heap     ] GC(226)   Garbage:         -              2086M (51%)          46M (1%)            2M (0%)             -                  -          
[124.748s][info][gc,heap     ] GC(226) Reclaimed:         -                  -              2040M (50%)        2083M (51%)            -                  -          
[124.748s][info][gc          ] GC(226) Garbage Collection (Allocation Rate) 2184M(53%)->822M(20%)
[125.077s][info][gc,start    ] GC(227) Garbage Collection (Allocation Rate)
[125.077s][info][gc,task     ] GC(227) Using 1 workers
[125.077s][info][gc,phases   ] GC(227) Pause Mark Start 0.008ms
[125.245s][info][gc,phases   ] GC(227) Concurrent Mark 168.226ms
[125.246s][info][gc,phases   ] GC(227) Pause Mark End 0.016ms
[125.246s][info][gc,phases   ] GC(227) Concurrent Mark Free 0.001ms
[125.249s][info][gc,phases   ] GC(227) Concurrent Process Non-Strong References 3.588ms
[125.249s][info][gc,phases   ] GC(227) Concurrent Reset Relocation Set 0.002ms
[125.252s][info][gc,phases   ] GC(227) Concurrent Select Relocation Set 2.624ms
[125.252s][info][gc,phases   ] GC(227) Pause Relocate Start 0.011ms
[125.254s][info][gc,phases   ] GC(227) Concurrent Relocate 1.408ms
[125.254s][info][gc,load     ] GC(227) Load: 0.00/0.00/0.00
[125.254s][info][gc,mmu      ] GC(227) MMU: 2ms/96.2%, 5ms/98.5%, 10ms/99.0%, 20ms/99.5%, 50ms/99.8%, 100ms/99.9%
[125.254s][info][gc,marking  ] GC(227) Mark: 1 stripe(s), 2 proactive flush(es), 1 terminate flush(es), 0 completion(s), 0 continuation(s) 
[125.254s][info][gc,marking  ] GC(227) Mark Stack Usage: 32M
[125.254s][info][gc,nmethod  ] GC(227) NMethods: 1394 registered, 5 unregistered
[125.254s][info][gc,metaspace] GC(227) Metaspace: 11M used, 11M committed, 1088M reserved
[125.254s][info][gc,ref      ] GC(227) Soft: 197 encountered, 0 discovered, 0 enqueued
[125.254s][info][gc,ref      ] GC(227) Weak: 695 encountered, 187 discovered, 0 enqueued
[125.254s][info][gc,ref      ] GC(227) Final: 0 encountered, 0 discovered, 0 enqueued
[125.254s][info][gc,ref      ] GC(227) Phantom: 36 encountered, 21 discovered, 0 enqueued
[125.254s][info][gc,reloc    ] GC(227) Small Pages: 998 / 1996M, Empty: 1858M, Relocated: 2M, In-Place: 0
[125.254s][info][gc,reloc    ] GC(227) Medium Pages: 10 / 320M, Empty: 320M, Relocated: 0M, In-Place: 0
[125.254s][info][gc,reloc    ] GC(227) Large Pages: 1 / 6M, Empty: 0M, Relocated: 0M, In-Place: 0
[125.254s][info][gc,reloc    ] GC(227) Forwarding Usage: 0M
[125.254s][info][gc,heap     ] GC(227) Min Capacity: 4096M(100%)
[125.254s][info][gc,heap     ] GC(227) Max Capacity: 4096M(100%)
[125.254s][info][gc,heap     ] GC(227) Soft Max Capacity: 4096M(100%)
[125.254s][info][gc,heap     ] GC(227)                Mark Start          Mark End        Relocate Start      Relocate End           High               Low         
[125.254s][info][gc,heap     ] GC(227)  Capacity:     4096M (100%)       4096M (100%)       4096M (100%)       4096M (100%)       4096M (100%)       4096M (100%)   
[125.254s][info][gc,heap     ] GC(227)      Free:     1774M (43%)        1056M (26%)        3184M (78%)        3228M (79%)        3228M (79%)        1008M (25%)    
[125.254s][info][gc,heap     ] GC(227)      Used:     2322M (57%)        3040M (74%)         912M (22%)         868M (21%)        3088M (75%)         868M (21%)    
[125.254s][info][gc,heap     ] GC(227)      Live:         -                97M (2%)           97M (2%)           97M (2%)             -                  -          
[125.254s][info][gc,heap     ] GC(227) Allocated:         -               718M (18%)         768M (19%)         767M (19%)            -                  -          
[125.254s][info][gc,heap     ] GC(227)   Garbage:         -              2224M (54%)          46M (1%)            2M (0%)             -                  -          
[125.254s][info][gc,heap     ] GC(227) Reclaimed:         -                  -              2178M (53%)        2221M (54%)            -                  -          
[125.254s][info][gc          ] GC(227) Garbage Collection (Allocation Rate) 2322M(57%)->868M(21%)
[125.674s][info][gc,start    ] GC(228) Garbage Collection (Allocation Rate)
[125.674s][info][gc,task     ] GC(228) Using 1 workers
[125.674s][info][gc,phases   ] GC(228) Pause Mark Start 0.011ms
[125.820s][info][gc,phases   ] GC(228) Concurrent Mark 145.895ms
[125.820s][info][gc,phases   ] GC(228) Pause Mark End 0.026ms
[125.820s][info][gc,phases   ] GC(228) Concurrent Mark Free 0.002ms
[125.824s][info][gc,phases   ] GC(228) Concurrent Process Non-Strong References 3.998ms
[125.824s][info][gc,phases   ] GC(228) Concurrent Reset Relocation Set 0.006ms
[125.827s][info][gc,phases   ] GC(228) Concurrent Select Relocation Set 2.809ms
[125.827s][info][gc,phases   ] GC(228) Pause Relocate Start 0.012ms
[125.829s][info][gc,phases   ] GC(228) Concurrent Relocate 1.710ms
[125.829s][info][gc,load     ] GC(228) Load: 0.00/0.00/0.00
[125.829s][info][gc,mmu      ] GC(228) MMU: 2ms/96.2%, 5ms/98.5%, 10ms/99.0%, 20ms/99.5%, 50ms/99.8%, 100ms/99.9%
[125.829s][info][gc,marking  ] GC(228) Mark: 1 stripe(s), 2 proactive flush(es), 1 terminate flush(es), 0 completion(s), 0 continuation(s) 
[125.829s][info][gc,marking  ] GC(228) Mark Stack Usage: 32M
[125.829s][info][gc,nmethod  ] GC(228) NMethods: 1394 registered, 5 unregistered
[125.829s][info][gc,metaspace] GC(228) Metaspace: 11M used, 11M committed, 1088M reserved
[125.829s][info][gc,ref      ] GC(228) Soft: 197 encountered, 0 discovered, 0 enqueued
[125.829s][info][gc,ref      ] GC(228) Weak: 695 encountered, 554 discovered, 0 enqueued
[125.829s][info][gc,ref      ] GC(228) Final: 0 encountered, 0 discovered, 0 enqueued
[125.829s][info][gc,ref      ] GC(228) Phantom: 36 encountered, 17 discovered, 0 enqueued
[125.829s][info][gc,reloc    ] GC(228) Small Pages: 1192 / 2384M, Empty: 2252M, Relocated: 1M, In-Place: 0
[125.829s][info][gc,reloc    ] GC(228) Medium Pages: 12 / 384M, Empty: 352M, Relocated: 0M, In-Place: 0
[125.829s][info][gc,reloc    ] GC(228) Large Pages: 1 / 6M, Empty: 0M, Relocated: 0M, In-Place: 0
[125.829s][info][gc,reloc    ] GC(228) Forwarding Usage: 0M
[125.829s][info][gc,heap     ] GC(228) Min Capacity: 4096M(100%)
[125.829s][info][gc,heap     ] GC(228) Max Capacity: 4096M(100%)
[125.829s][info][gc,heap     ] GC(228) Soft Max Capacity: 4096M(100%)
[125.829s][info][gc,heap     ] GC(228)                Mark Start          Mark End        Relocate Start      Relocate End           High               Low         
[125.829s][info][gc,heap     ] GC(228)  Capacity:     4096M (100%)       4096M (100%)       4096M (100%)       4096M (100%)       4096M (100%)       4096M (100%)   
[125.829s][info][gc,heap     ] GC(228)      Free:     1322M (32%)         752M (18%)        3328M (81%)        3368M (82%)        3368M (82%)         724M (18%)    
[125.829s][info][gc,heap     ] GC(228)      Used:     2774M (68%)        3344M (82%)         768M (19%)         728M (18%)        3372M (82%)         728M (18%)    
[125.829s][info][gc,heap     ] GC(228)      Live:         -               100M (2%)          100M (2%)          100M (2%)             -                  -          
[125.829s][info][gc,heap     ] GC(228) Allocated:         -               570M (14%)         598M (15%)         597M (15%)            -                  -          
[125.829s][info][gc,heap     ] GC(228)   Garbage:         -              2673M (65%)          69M (2%)           29M (1%)             -                  -          
[125.829s][info][gc,heap     ] GC(228) Reclaimed:         -                  -              2604M (64%)        2643M (65%)            -                  -          
[125.829s][info][gc          ] GC(228) Garbage Collection (Allocation Rate) 2774M(68%)->728M(18%)
[126.286s][info][gc,start    ] GC(229) Garbage Collection (Allocation Rate)
[126.286s][info][gc,task     ] GC(229) Using 1 workers
[126.286s][info][gc,phases   ] GC(229) Pause Mark Start 0.009ms
[126.495s][info][gc,phases   ] GC(229) Concurrent Mark 209.283ms
[126.495s][info][gc,phases   ] GC(229) Pause Mark End 0.018ms
[126.495s][info][gc,phases   ] GC(229) Concurrent Mark Free 0.001ms
[126.501s][info][gc,phases   ] GC(229) Concurrent Process Non-Strong References 5.250ms
[126.501s][info][gc,phases   ] GC(229) Concurrent Reset Relocation Set 0.003ms
[126.503s][info][gc,phases   ] GC(229) Concurrent Select Relocation Set 2.199ms
[126.503s][info][gc,phases   ] GC(229) Pause Relocate Start 0.008ms
[126.504s][info][gc,phases   ] GC(229) Concurrent Relocate 0.942ms
[126.504s][info][gc,load     ] GC(229) Load: 0.00/0.00/0.00
[126.504s][info][gc,mmu      ] GC(229) MMU: 2ms/96.2%, 5ms/98.5%, 10ms/99.0%, 20ms/99.5%, 50ms/99.8%, 100ms/99.9%
[126.504s][info][gc,marking  ] GC(229) Mark: 1 stripe(s), 2 proactive flush(es), 1 terminate flush(es), 0 completion(s), 0 continuation(s) 
[126.504s][info][gc,marking  ] GC(229) Mark Stack Usage: 32M
[126.504s][info][gc,nmethod  ] GC(229) NMethods: 1394 registered, 5 unregistered
[126.504s][info][gc,metaspace] GC(229) Metaspace: 11M used, 11M committed, 1088M reserved
[126.504s][info][gc,ref      ] GC(229) Soft: 197 encountered, 0 discovered, 0 enqueued
[126.504s][info][gc,ref      ] GC(229) Weak: 695 encountered, 187 discovered, 0 enqueued
[126.504s][info][gc,ref      ] GC(229) Final: 0 encountered, 0 discovered, 0 enqueued
[126.504s][info][gc,ref      ] GC(229) Phantom: 36 encountered, 21 discovered, 0 enqueued
[126.504s][info][gc,reloc    ] GC(229) Small Pages: 1202 / 2404M, Empty: 2286M, Relocated: 1M, In-Place: 0
[126.504s][info][gc,reloc    ] GC(229) Medium Pages: 13 / 416M, Empty: 384M, Relocated: 0M, In-Place: 0
[126.504s][info][gc,reloc    ] GC(229) Large Pages: 1 / 6M, Empty: 0M, Relocated: 0M, In-Place: 0
[126.504s][info][gc,reloc    ] GC(229) Forwarding Usage: 0M
[126.504s][info][gc,heap     ] GC(229) Min Capacity: 4096M(100%)
[126.504s][info][gc,heap     ] GC(229) Max Capacity: 4096M(100%)
[126.504s][info][gc,heap     ] GC(229) Soft Max Capacity: 4096M(100%)
[126.504s][info][gc,heap     ] GC(229)                Mark Start          Mark End        Relocate Start      Relocate End           High               Low         
[126.504s][info][gc,heap     ] GC(229)  Capacity:     4096M (100%)       4096M (100%)       4096M (100%)       4096M (100%)       4096M (100%)       4096M (100%)   
[126.504s][info][gc,heap     ] GC(229)      Free:     1270M (31%)         396M (10%)        3062M (75%)        3088M (75%)        3088M (75%)         392M (10%)    
[126.504s][info][gc,heap     ] GC(229)      Used:     2826M (69%)        3700M (90%)        1034M (25%)        1008M (25%)        3704M (90%)        1008M (25%)    
[126.504s][info][gc,heap     ] GC(229)      Live:         -                99M (2%)           99M (2%)           99M (2%)             -                  -          
[126.504s][info][gc,heap     ] GC(229) Allocated:         -               874M (21%)         878M (21%)         877M (21%)            -                  -          
[126.504s][info][gc,heap     ] GC(229)   Garbage:         -              2726M (67%)          56M (1%)           30M (1%)             -                  -          
[126.504s][info][gc,heap     ] GC(229) Reclaimed:         -                  -              2670M (65%)        2695M (66%)            -                  -          
[126.504s][info][gc          ] GC(229) Garbage Collection (Allocation Rate) 2826M(69%)->1008M(25%)
[126.772s][info][gc,start    ] GC(230) Garbage Collection (Allocation Rate)
[126.773s][info][gc,task     ] GC(230) Using 1 workers
[126.773s][info][gc,phases   ] GC(230) Pause Mark Start 0.010ms
[126.998s][info][gc,phases   ] GC(230) Concurrent Mark 225.466ms
[126.998s][info][gc,phases   ] GC(230) Pause Mark End 0.028ms
[126.998s][info][gc,phases   ] GC(230) Concurrent Mark Free 0.001ms
[127.002s][info][gc,phases   ] GC(230) Concurrent Process Non-Strong References 3.830ms
[127.002s][info][gc,phases   ] GC(230) Concurrent Reset Relocation Set 0.003ms
[127.005s][info][gc,phases   ] GC(230) Concurrent Select Relocation Set 2.920ms
[127.005s][info][gc,phases   ] GC(230) Pause Relocate Start 0.012ms
[127.007s][info][gc,phases   ] GC(230) Concurrent Relocate 1.829ms
[127.007s][info][gc,load     ] GC(230) Load: 0.00/0.00/0.00
[127.008s][info][gc,mmu      ] GC(230) MMU: 2ms/96.2%, 5ms/98.5%, 10ms/99.0%, 20ms/99.5%, 50ms/99.8%, 100ms/99.9%
[127.008s][info][gc,marking  ] GC(230) Mark: 1 stripe(s), 2 proactive flush(es), 1 terminate flush(es), 0 completion(s), 0 continuation(s) 
[127.008s][info][gc,marking  ] GC(230) Mark Stack Usage: 32M
[127.008s][info][gc,nmethod  ] GC(230) NMethods: 1394 registered, 5 unregistered
[127.008s][info][gc,metaspace] GC(230) Metaspace: 11M used, 11M committed, 1088M reserved
[127.008s][info][gc,ref      ] GC(230) Soft: 197 encountered, 0 discovered, 0 enqueued
[127.008s][info][gc,ref      ] GC(230) Weak: 695 encountered, 187 discovered, 0 enqueued
[127.008s][info][gc,ref      ] GC(230) Final: 0 encountered, 0 discovered, 0 enqueued
[127.008s][info][gc,ref      ] GC(230) Phantom: 36 encountered, 21 discovered, 0 enqueued
[127.008s][info][gc,reloc    ] GC(230) Small Pages: 957 / 1914M, Empty: 1794M, Relocated: 1M, In-Place: 0
[127.008s][info][gc,reloc    ] GC(230) Medium Pages: 11 / 352M, Empty: 288M, Relocated: 3M, In-Place: 0
[127.008s][info][gc,reloc    ] GC(230) Large Pages: 1 / 6M, Empty: 0M, Relocated: 0M, In-Place: 0
[127.008s][info][gc,reloc    ] GC(230) Forwarding Usage: 0M
[127.008s][info][gc,heap     ] GC(230) Min Capacity: 4096M(100%)
[127.008s][info][gc,heap     ] GC(230) Max Capacity: 4096M(100%)
[127.008s][info][gc,heap     ] GC(230) Soft Max Capacity: 4096M(100%)
[127.008s][info][gc,heap     ] GC(230)                Mark Start          Mark End        Relocate Start      Relocate End           High               Low         
[127.008s][info][gc,heap     ] GC(230)  Capacity:     4096M (100%)       4096M (100%)       4096M (100%)       4096M (100%)       4096M (100%)       4096M (100%)   
[127.008s][info][gc,heap     ] GC(230)      Free:     1824M (45%)         890M (22%)        2916M (71%)        2976M (73%)        2976M (73%)         866M (21%)    
[127.008s][info][gc,heap     ] GC(230)      Used:     2272M (55%)        3206M (78%)        1180M (29%)        1120M (27%)        3230M (79%)        1120M (27%)    
[127.008s][info][gc,heap     ] GC(230)      Live:         -                99M (2%)           99M (2%)           99M (2%)             -                  -          
[127.008s][info][gc,heap     ] GC(230) Allocated:         -               934M (23%)         990M (24%)         989M (24%)            -                  -          
[127.008s][info][gc,heap     ] GC(230)   Garbage:         -              2172M (53%)          90M (2%)           30M (1%)             -                  -          
[127.008s][info][gc,heap     ] GC(230) Reclaimed:         -                  -              2082M (51%)        2141M (52%)            -                  -          
[127.008s][info][gc          ] GC(230) Garbage Collection (Allocation Rate) 2272M(55%)->1120M(27%)
[127.275s][info][gc,start    ] GC(231) Garbage Collection (Allocation Rate)
[127.275s][info][gc,task     ] GC(231) Using 1 workers
[127.275s][info][gc,phases   ] GC(231) Pause Mark Start 0.012ms
[127.414s][info][gc,phases   ] GC(231) Concurrent Mark 138.882ms
[127.414s][info][gc,phases   ] GC(231) Pause Mark End 0.017ms
[127.414s][info][gc,phases   ] GC(231) Concurrent Mark Free 0.001ms
[127.419s][info][gc,phases   ] GC(231) Concurrent Process Non-Strong References 4.922ms
[127.419s][info][gc,phases   ] GC(231) Concurrent Reset Relocation Set 0.005ms
[127.423s][info][gc,phases   ] GC(231) Concurrent Select Relocation Set 3.443ms
[127.423s][info][gc,phases   ] GC(231) Pause Relocate Start 0.017ms
[127.423s][info][gc,phases   ] GC(231) Concurrent Relocate 0.352ms
[127.424s][info][gc,load     ] GC(231) Load: 0.00/0.00/0.00
[127.424s][info][gc,mmu      ] GC(231) MMU: 2ms/96.2%, 5ms/98.5%, 10ms/99.0%, 20ms/99.5%, 50ms/99.8%, 100ms/99.9%
[127.424s][info][gc,marking  ] GC(231) Mark: 1 stripe(s), 2 proactive flush(es), 1 terminate flush(es), 0 completion(s), 0 continuation(s) 
[127.424s][info][gc,marking  ] GC(231) Mark Stack Usage: 32M
[127.424s][info][gc,nmethod  ] GC(231) NMethods: 1394 registered, 5 unregistered
[127.424s][info][gc,metaspace] GC(231) Metaspace: 11M used, 11M committed, 1088M reserved
[127.424s][info][gc,ref      ] GC(231) Soft: 197 encountered, 0 discovered, 0 enqueued
[127.424s][info][gc,ref      ] GC(231) Weak: 695 encountered, 554 discovered, 0 enqueued
[127.424s][info][gc,ref      ] GC(231) Final: 0 encountered, 0 discovered, 0 enqueued
[127.424s][info][gc,ref      ] GC(231) Phantom: 36 encountered, 17 discovered, 0 enqueued
[127.424s][info][gc,reloc    ] GC(231) Small Pages: 995 / 1990M, Empty: 1874M, Relocated: 1M, In-Place: 0
[127.424s][info][gc,reloc    ] GC(231) Medium Pages: 11 / 352M, Empty: 320M, Relocated: 0M, In-Place: 0
[127.424s][info][gc,reloc    ] GC(231) Large Pages: 1 / 6M, Empty: 0M, Relocated: 0M, In-Place: 0
[127.424s][info][gc,reloc    ] GC(231) Forwarding Usage: 0M
[127.424s][info][gc,heap     ] GC(231) Min Capacity: 4096M(100%)
[127.424s][info][gc,heap     ] GC(231) Max Capacity: 4096M(100%)
[127.424s][info][gc,heap     ] GC(231) Soft Max Capacity: 4096M(100%)
[127.424s][info][gc,heap     ] GC(231)                Mark Start          Mark End        Relocate Start      Relocate End           High               Low         
[127.424s][info][gc,heap     ] GC(231)  Capacity:     4096M (100%)       4096M (100%)       4096M (100%)       4096M (100%)       4096M (100%)       4096M (100%)   
[127.424s][info][gc,heap     ] GC(231)      Free:     1748M (43%)        1230M (30%)        3376M (82%)        3396M (83%)        3396M (83%)        1198M (29%)    
[127.424s][info][gc,heap     ] GC(231)      Used:     2348M (57%)        2866M (70%)         720M (18%)         700M (17%)        2898M (71%)         700M (17%)    
[127.424s][info][gc,heap     ] GC(231)      Live:         -               100M (2%)          100M (2%)          100M (2%)             -                  -          
[127.424s][info][gc,heap     ] GC(231) Allocated:         -               518M (13%)         566M (14%)         568M (14%)            -                  -          
[127.424s][info][gc,heap     ] GC(231)   Garbage:         -              2247M (55%)          53M (1%)           31M (1%)             -                  -          
[127.424s][info][gc,heap     ] GC(231) Reclaimed:         -                  -              2194M (54%)        2216M (54%)            -                  -          
[127.424s][info][gc          ] GC(231) Garbage Collection (Allocation Rate) 2348M(57%)->700M(17%)
[127.532s][info][gc,start    ] GC(232) Garbage Collection (System.gc())
[127.533s][info][gc,task     ] GC(232) Using 2 workers
[127.533s][info][gc,phases   ] GC(232) Pause Mark Start 0.008ms
[127.590s][info][gc,phases   ] GC(232) Concurrent Mark 57.039ms
[127.590s][info][gc,phases   ] GC(232) Pause Mark End 0.022ms
[127.590s][info][gc,phases   ] GC(232) Concurrent Mark Free 0.003ms
[127.592s][info][gc,phases   ] GC(232) Concurrent Process Non-Strong References 1.898ms
[127.592s][info][gc,phases   ] GC(232) Concurrent Reset Relocation Set 0.001ms
[127.594s][info][gc,phases   ] GC(232) Concurrent Select Relocation Set 1.773ms
[127.594s][info][gc,phases   ] GC(232) Pause Relocate Start 0.004ms
[127.595s][info][gc,phases   ] GC(232) Concurrent Relocate 0.821ms
[127.595s][info][gc,load     ] GC(232) Load: 0.00/0.00/0.00
[127.595s][info][gc,mmu      ] GC(232) MMU: 2ms/96.2%, 5ms/98.5%, 10ms/99.0%, 20ms/99.5%, 50ms/99.8%, 100ms/99.9%
[127.595s][info][gc,marking  ] GC(232) Mark: 2 stripe(s), 1 proactive flush(es), 1 terminate flush(es), 0 completion(s), 0 continuation(s) 
[127.595s][info][gc,marking  ] GC(232) Mark Stack Usage: 32M
[127.595s][info][gc,nmethod  ] GC(232) NMethods: 1394 registered, 5 unregistered
[127.595s][info][gc,metaspace] GC(232) Metaspace: 11M used, 11M committed, 1088M reserved
[127.595s][info][gc,ref      ] GC(232) Soft: 197 encountered, 0 discovered, 0 enqueued
[127.595s][info][gc,ref      ] GC(232) Weak: 695 encountered, 5 discovered, 0 enqueued
[127.595s][info][gc,ref      ] GC(232) Final: 0 encountered, 0 discovered, 0 enqueued
[127.595s][info][gc,ref      ] GC(232) Phantom: 36 encountered, 16 discovered, 0 enqueued
[127.595s][info][gc,reloc    ] GC(232) Small Pages: 463 / 926M, Empty: 830M, Relocated: 1M, In-Place: 0
[127.595s][info][gc,reloc    ] GC(232) Medium Pages: 6 / 192M, Empty: 192M, Relocated: 0M, In-Place: 0
[127.595s][info][gc,reloc    ] GC(232) Large Pages: 1 / 6M, Empty: 0M, Relocated: 0M, In-Place: 0
[127.595s][info][gc,reloc    ] GC(232) Forwarding Usage: 0M
[127.595s][info][gc,heap     ] GC(232) Min Capacity: 4096M(100%)
[127.595s][info][gc,heap     ] GC(232) Max Capacity: 4096M(100%)
[127.595s][info][gc,heap     ] GC(232) Soft Max Capacity: 4096M(100%)
[127.595s][info][gc,heap     ] GC(232)                Mark Start          Mark End        Relocate Start      Relocate End           High               Low         
[127.595s][info][gc,heap     ] GC(232)  Capacity:     4096M (100%)       4096M (100%)       4096M (100%)       4096M (100%)       4096M (100%)       4096M (100%)   
[127.595s][info][gc,heap     ] GC(232)      Free:     2972M (73%)        2972M (73%)        3994M (98%)        3996M (98%)        3996M (98%)        2972M (73%)    
[127.595s][info][gc,heap     ] GC(232)      Used:     1124M (27%)        1124M (27%)         102M (2%)          100M (2%)         1124M (27%)         100M (2%)     
[127.595s][info][gc,heap     ] GC(232)      Live:         -                95M (2%)           95M (2%)           95M (2%)             -                  -          
[127.595s][info][gc,heap     ] GC(232) Allocated:         -                 0M (0%)            0M (0%)            0M (0%)             -                  -          
[127.595s][info][gc,heap     ] GC(232)   Garbage:         -              1028M (25%)           6M (0%)            4M (0%)             -                  -          
[127.595s][info][gc,heap     ] GC(232) Reclaimed:         -                  -              1022M (25%)        1024M (25%)            -                  -          
[127.595s][info][gc          ] GC(232) Garbage Collection (System.gc()) 1124M(27%)->100M(2%)
[128.186s][info][gc,start    ] GC(233) Garbage Collection (Allocation Rate)
[128.186s][info][gc,task     ] GC(233) Using 1 workers
[128.186s][info][gc,phases   ] GC(233) Pause Mark Start 0.009ms
[128.378s][info][gc,phases   ] GC(233) Concurrent Mark 191.384ms
[128.378s][info][gc,phases   ] GC(233) Pause Mark End 0.017ms
[128.378s][info][gc,phases   ] GC(233) Concurrent Mark Free 0.003ms
[128.381s][info][gc,phases   ] GC(233) Concurrent Process Non-Strong References 3.238ms
[128.381s][info][gc,phases   ] GC(233) Concurrent Reset Relocation Set 0.001ms
[128.384s][info][gc,phases   ] GC(233) Concurrent Select Relocation Set 2.663ms
[128.384s][info][gc,phases   ] GC(233) Pause Relocate Start 0.008ms
[128.385s][info][gc,phases   ] GC(233) Concurrent Relocate 0.625ms
[128.385s][info][gc,load     ] GC(233) Load: 0.00/0.00/0.00
[128.385s][info][gc,mmu      ] GC(233) MMU: 2ms/96.2%, 5ms/98.5%, 10ms/99.0%, 20ms/99.5%, 50ms/99.8%, 100ms/99.9%
[128.385s][info][gc,marking  ] GC(233) Mark: 1 stripe(s), 2 proactive flush(es), 1 terminate flush(es), 0 completion(s), 0 continuation(s) 
[128.385s][info][gc,marking  ] GC(233) Mark Stack Usage: 32M
[128.385s][info][gc,nmethod  ] GC(233) NMethods: 1404 registered, 5 unregistered
[128.385s][info][gc,metaspace] GC(233) Metaspace: 11M used, 11M committed, 1088M reserved
[128.385s][info][gc,ref      ] GC(233) Soft: 197 encountered, 0 discovered, 0 enqueued
[128.385s][info][gc,ref      ] GC(233) Weak: 695 encountered, 187 discovered, 0 enqueued
[128.385s][info][gc,ref      ] GC(233) Final: 0 encountered, 0 discovered, 0 enqueued
[128.385s][info][gc,ref      ] GC(233) Phantom: 36 encountered, 21 discovered, 0 enqueued
[128.385s][info][gc,reloc    ] GC(233) Small Pages: 1236 / 2472M, Empty: 2332M, Relocated: 3M, In-Place: 0
[128.385s][info][gc,reloc    ] GC(233) Medium Pages: 12 / 384M, Empty: 352M, Relocated: 0M, In-Place: 0
[128.385s][info][gc,reloc    ] GC(233) Large Pages: 1 / 6M, Empty: 0M, Relocated: 0M, In-Place: 0
[128.385s][info][gc,reloc    ] GC(233) Forwarding Usage: 0M
[128.385s][info][gc,heap     ] GC(233) Min Capacity: 4096M(100%)
[128.385s][info][gc,heap     ] GC(233) Max Capacity: 4096M(100%)
[128.385s][info][gc,heap     ] GC(233) Soft Max Capacity: 4096M(100%)
[128.385s][info][gc,heap     ] GC(233)                Mark Start          Mark End        Relocate Start      Relocate End           High               Low         
[128.385s][info][gc,heap     ] GC(233)  Capacity:     4096M (100%)       4096M (100%)       4096M (100%)       4096M (100%)       4096M (100%)       4096M (100%)   
[128.385s][info][gc,heap     ] GC(233)      Free:     1234M (30%)         424M (10%)        3104M (76%)        3148M (77%)        3148M (77%)         420M (10%)    
[128.385s][info][gc,heap     ] GC(233)      Used:     2862M (70%)        3672M (90%)         992M (24%)         948M (23%)        3676M (90%)         948M (23%)    
[128.385s][info][gc,heap     ] GC(233)      Live:         -                99M (2%)           99M (2%)           99M (2%)             -                  -          
[128.385s][info][gc,heap     ] GC(233) Allocated:         -               810M (20%)         814M (20%)         813M (20%)            -                  -          
[128.385s][info][gc,heap     ] GC(233)   Garbage:         -              2762M (67%)          78M (2%)           34M (1%)             -                  -          
[128.385s][info][gc,heap     ] GC(233) Reclaimed:         -                  -              2684M (66%)        2727M (67%)            -                  -          
[128.385s][info][gc          ] GC(233) Garbage Collection (Allocation Rate) 2862M(70%)->948M(23%)
[128.673s][info][gc,start    ] GC(234) Garbage Collection (Allocation Rate)
[128.673s][info][gc,task     ] GC(234) Using 1 workers
[128.673s][info][gc,phases   ] GC(234) Pause Mark Start 0.010ms
[128.806s][info][gc,phases   ] GC(234) Concurrent Mark 132.941ms
[128.806s][info][gc,phases   ] GC(234) Pause Mark End 0.017ms
[128.806s][info][gc,phases   ] GC(234) Concurrent Mark Free 0.001ms
[128.811s][info][gc,phases   ] GC(234) Concurrent Process Non-Strong References 4.297ms
[128.811s][info][gc,phases   ] GC(234) Concurrent Reset Relocation Set 0.002ms
[128.813s][info][gc,phases   ] GC(234) Concurrent Select Relocation Set 2.137ms
[128.813s][info][gc,phases   ] GC(234) Pause Relocate Start 0.015ms
[128.814s][info][gc,phases   ] GC(234) Concurrent Relocate 1.146ms
[128.815s][info][gc,load     ] GC(234) Load: 0.00/0.00/0.00
[128.815s][info][gc,mmu      ] GC(234) MMU: 2ms/96.2%, 5ms/98.5%, 10ms/99.0%, 20ms/99.5%, 50ms/99.8%, 100ms/99.9%
[128.815s][info][gc,marking  ] GC(234) Mark: 1 stripe(s), 2 proactive flush(es), 1 terminate flush(es), 0 completion(s), 0 continuation(s) 
[128.815s][info][gc,marking  ] GC(234) Mark Stack Usage: 32M
[128.815s][info][gc,nmethod  ] GC(234) NMethods: 1404 registered, 5 unregistered
[128.815s][info][gc,metaspace] GC(234) Metaspace: 11M used, 11M committed, 1088M reserved
[128.815s][info][gc,ref      ] GC(234) Soft: 197 encountered, 0 discovered, 0 enqueued
[128.815s][info][gc,ref      ] GC(234) Weak: 695 encountered, 554 discovered, 0 enqueued
[128.815s][info][gc,ref      ] GC(234) Final: 0 encountered, 0 discovered, 0 enqueued
[128.815s][info][gc,ref      ] GC(234) Phantom: 36 encountered, 17 discovered, 0 enqueued
[128.815s][info][gc,reloc    ] GC(234) Small Pages: 949 / 1898M, Empty: 1754M, Relocated: 3M, In-Place: 0
[128.815s][info][gc,reloc    ] GC(234) Medium Pages: 11 / 352M, Empty: 352M, Relocated: 0M, In-Place: 0
[128.815s][info][gc,reloc    ] GC(234) Large Pages: 1 / 6M, Empty: 0M, Relocated: 0M, In-Place: 0
[128.815s][info][gc,reloc    ] GC(234) Forwarding Usage: 0M
[128.815s][info][gc,heap     ] GC(234) Min Capacity: 4096M(100%)
[128.815s][info][gc,heap     ] GC(234) Max Capacity: 4096M(100%)
[128.815s][info][gc,heap     ] GC(234) Soft Max Capacity: 4096M(100%)
[128.815s][info][gc,heap     ] GC(234)                Mark Start          Mark End        Relocate Start      Relocate End           High               Low         
[128.815s][info][gc,heap     ] GC(234)  Capacity:     4096M (100%)       4096M (100%)       4096M (100%)       4096M (100%)       4096M (100%)       4096M (100%)   
[128.815s][info][gc,heap     ] GC(234)      Free:     1840M (45%)        1288M (31%)        3388M (83%)        3432M (84%)        3432M (84%)        1288M (31%)    
[128.815s][info][gc,heap     ] GC(234)      Used:     2256M (55%)        2808M (69%)         708M (17%)         664M (16%)        2808M (69%)         664M (16%)    
[128.815s][info][gc,heap     ] GC(234)      Live:         -                99M (2%)           99M (2%)           99M (2%)             -                  -          
[128.815s][info][gc,heap     ] GC(234) Allocated:         -               552M (13%)         558M (14%)         562M (14%)            -                  -          
[128.815s][info][gc,heap     ] GC(234)   Garbage:         -              2156M (53%)          50M (1%)            2M (0%)             -                  -          
[128.815s][info][gc,heap     ] GC(234) Reclaimed:         -                  -              2106M (51%)        2154M (53%)            -                  -          
[128.815s][info][gc          ] GC(234) Garbage Collection (Allocation Rate) 2256M(55%)->664M(16%)
[129.175s][info][gc,start    ] GC(235) Garbage Collection (Allocation Rate)
[129.176s][info][gc,task     ] GC(235) Using 1 workers
[129.176s][info][gc,phases   ] GC(235) Pause Mark Start 0.008ms
[129.316s][info][gc,phases   ] GC(235) Concurrent Mark 140.118ms
[129.316s][info][gc,phases   ] GC(235) Pause Mark End 0.017ms
[129.316s][info][gc,phases   ] GC(235) Concurrent Mark Free 0.001ms
[129.322s][info][gc,phases   ] GC(235) Concurrent Process Non-Strong References 5.636ms
[129.322s][info][gc,phases   ] GC(235) Concurrent Reset Relocation Set 0.006ms
[129.326s][info][gc,phases   ] GC(235) Concurrent Select Relocation Set 4.330ms
[129.326s][info][gc,phases   ] GC(235) Pause Relocate Start 0.011ms
[129.328s][info][gc,phases   ] GC(235) Concurrent Relocate 2.040ms
[129.329s][info][gc,load     ] GC(235) Load: 0.00/0.00/0.00
[129.329s][info][gc,mmu      ] GC(235) MMU: 2ms/96.2%, 5ms/98.5%, 10ms/99.0%, 20ms/99.5%, 50ms/99.8%, 100ms/99.9%
[129.329s][info][gc,marking  ] GC(235) Mark: 1 stripe(s), 2 proactive flush(es), 1 terminate flush(es), 0 completion(s), 0 continuation(s) 
[129.329s][info][gc,marking  ] GC(235) Mark Stack Usage: 32M
[129.329s][info][gc,nmethod  ] GC(235) NMethods: 1404 registered, 5 unregistered
[129.329s][info][gc,metaspace] GC(235) Metaspace: 11M used, 11M committed, 1088M reserved
[129.329s][info][gc,ref      ] GC(235) Soft: 197 encountered, 0 discovered, 0 enqueued
[129.329s][info][gc,ref      ] GC(235) Weak: 695 encountered, 554 discovered, 0 enqueued
[129.329s][info][gc,ref      ] GC(235) Final: 0 encountered, 0 discovered, 0 enqueued
[129.329s][info][gc,ref      ] GC(235) Phantom: 36 encountered, 17 discovered, 0 enqueued
[129.329s][info][gc,reloc    ] GC(235) Small Pages: 1016 / 2032M, Empty: 1910M, Relocated: 3M, In-Place: 0
[129.329s][info][gc,reloc    ] GC(235) Medium Pages: 10 / 320M, Empty: 288M, Relocated: 0M, In-Place: 0
[129.329s][info][gc,reloc    ] GC(235) Large Pages: 1 / 6M, Empty: 0M, Relocated: 0M, In-Place: 0
[129.329s][info][gc,reloc    ] GC(235) Forwarding Usage: 0M
[129.329s][info][gc,heap     ] GC(235) Min Capacity: 4096M(100%)
[129.329s][info][gc,heap     ] GC(235) Max Capacity: 4096M(100%)
[129.329s][info][gc,heap     ] GC(235) Soft Max Capacity: 4096M(100%)
[129.329s][info][gc,heap     ] GC(235)                Mark Start          Mark End        Relocate Start      Relocate End           High               Low         
[129.329s][info][gc,heap     ] GC(235)  Capacity:     4096M (100%)       4096M (100%)       4096M (100%)       4096M (100%)       4096M (100%)       4096M (100%)   
[129.329s][info][gc,heap     ] GC(235)      Free:     1738M (42%)        1206M (29%)        3342M (82%)        3366M (82%)        3366M (82%)        1172M (29%)    
[129.329s][info][gc,heap     ] GC(235)      Used:     2358M (58%)        2890M (71%)         754M (18%)         730M (18%)        2924M (71%)         730M (18%)    
[129.329s][info][gc,heap     ] GC(235)      Live:         -               100M (2%)          100M (2%)          100M (2%)             -                  -          
[129.329s][info][gc,heap     ] GC(235) Allocated:         -               532M (13%)         594M (15%)         597M (15%)            -                  -          
[129.329s][info][gc,heap     ] GC(235)   Garbage:         -              2257M (55%)          59M (1%)           31M (1%)             -                  -          
[129.329s][info][gc,heap     ] GC(235) Reclaimed:         -                  -              2198M (54%)        2225M (54%)            -                  -          
[129.329s][info][gc          ] GC(235) Garbage Collection (Allocation Rate) 2358M(58%)->730M(18%)
[129.788s][info][gc,start    ] GC(236) Garbage Collection (Allocation Rate)
[129.788s][info][gc,task     ] GC(236) Using 1 workers
[129.788s][info][gc,phases   ] GC(236) Pause Mark Start 0.009ms
[129.924s][info][gc,phases   ] GC(236) Concurrent Mark 135.773ms
[129.924s][info][gc,phases   ] GC(236) Pause Mark End 0.013ms
[129.924s][info][gc,phases   ] GC(236) Concurrent Mark Free 0.002ms
[129.928s][info][gc,phases   ] GC(236) Concurrent Process Non-Strong References 3.233ms
[129.928s][info][gc,phases   ] GC(236) Concurrent Reset Relocation Set 0.002ms
[129.930s][info][gc,phases   ] GC(236) Concurrent Select Relocation Set 2.264ms
[129.930s][info][gc,phases   ] GC(236) Pause Relocate Start 0.016ms
[129.933s][info][gc,phases   ] GC(236) Concurrent Relocate 3.151ms
[129.933s][info][gc,load     ] GC(236) Load: 0.00/0.00/0.00
[129.933s][info][gc,mmu      ] GC(236) MMU: 2ms/96.2%, 5ms/98.5%, 10ms/99.0%, 20ms/99.5%, 50ms/99.8%, 100ms/99.9%
[129.933s][info][gc,marking  ] GC(236) Mark: 1 stripe(s), 2 proactive flush(es), 1 terminate flush(es), 0 completion(s), 0 continuation(s) 
[129.933s][info][gc,marking  ] GC(236) Mark Stack Usage: 32M
[129.933s][info][gc,nmethod  ] GC(236) NMethods: 1404 registered, 5 unregistered
[129.934s][info][gc,metaspace] GC(236) Metaspace: 11M used, 11M committed, 1088M reserved
[129.934s][info][gc,ref      ] GC(236) Soft: 197 encountered, 0 discovered, 0 enqueued
[129.934s][info][gc,ref      ] GC(236) Weak: 695 encountered, 554 discovered, 0 enqueued
[129.934s][info][gc,ref      ] GC(236) Final: 0 encountered, 0 discovered, 0 enqueued
[129.934s][info][gc,ref      ] GC(236) Phantom: 36 encountered, 17 discovered, 0 enqueued
[129.934s][info][gc,reloc    ] GC(236) Small Pages: 1199 / 2398M, Empty: 2250M, Relocated: 4M, In-Place: 0
[129.934s][info][gc,reloc    ] GC(236) Medium Pages: 13 / 416M, Empty: 384M, Relocated: 0M, In-Place: 0
[129.934s][info][gc,reloc    ] GC(236) Large Pages: 1 / 6M, Empty: 0M, Relocated: 0M, In-Place: 0
[129.934s][info][gc,reloc    ] GC(236) Forwarding Usage: 0M
[129.934s][info][gc,heap     ] GC(236) Min Capacity: 4096M(100%)
[129.934s][info][gc,heap     ] GC(236) Max Capacity: 4096M(100%)
[129.934s][info][gc,heap     ] GC(236) Soft Max Capacity: 4096M(100%)
[129.934s][info][gc,heap     ] GC(236)                Mark Start          Mark End        Relocate Start      Relocate End           High               Low         
[129.934s][info][gc,heap     ] GC(236)  Capacity:     4096M (100%)       4096M (100%)       4096M (100%)       4096M (100%)       4096M (100%)       4096M (100%)   
[129.934s][info][gc,heap     ] GC(236)      Free:     1276M (31%)         746M (18%)        3378M (82%)        3420M (83%)        3426M (84%)         746M (18%)    
[129.934s][info][gc,heap     ] GC(236)      Used:     2820M (69%)        3350M (82%)         718M (18%)         676M (17%)        3350M (82%)         670M (16%)    
[129.934s][info][gc,heap     ] GC(236)      Live:         -                99M (2%)           99M (2%)           99M (2%)             -                  -          
[129.934s][info][gc,heap     ] GC(236) Allocated:         -               530M (13%)         532M (13%)         541M (13%)            -                  -          
[129.934s][info][gc,heap     ] GC(236)   Garbage:         -              2720M (66%)          86M (2%)           34M (1%)             -                  -          
[129.934s][info][gc,heap     ] GC(236) Reclaimed:         -                  -              2634M (64%)        2685M (66%)            -                  -          
[129.934s][info][gc          ] GC(236) Garbage Collection (Allocation Rate) 2820M(69%)->676M(17%)
[130.181s][info][gc,stats    ] === Garbage Collection Statistics =======================================================================================================================
[130.181s][info][gc,stats    ]                                                              Last 10s              Last 10m              Last 10h                Total
[130.181s][info][gc,stats    ]                                                              Avg / Max             Avg / Max             Avg / Max             Avg / Max
[130.181s][info][gc,stats    ]   Collector: Garbage Collection Cycle                    164.998 / 235.020     161.449 / 259.019     161.449 / 259.019     161.449 / 259.019     ms
[130.181s][info][gc,stats    ]  Contention: Mark Segment Reset Contention                     0 / 0                 0 / 2                 0 / 2                 0 / 2           ops/s
[130.181s][info][gc,stats    ]  Contention: Mark SeqNum Reset Contention                      0 / 0                 0 / 2                 0 / 2                 0 / 2           ops/s
[130.181s][info][gc,stats    ]    Critical: Allocation Stall                                  0 / 0                 0 / 0                 0 / 0                 0 / 0           ops/s
[130.181s][info][gc,stats    ]    Critical: Allocation Stall                              0.000 / 0.000         0.000 / 0.000         0.000 / 0.000         0.000 / 0.000       ms
[130.181s][info][gc,stats    ]    Critical: GC Locker Stall                                   0 / 0                 0 / 0                 0 / 0                 0 / 0           ops/s
[130.181s][info][gc,stats    ]    Critical: GC Locker Stall                               0.000 / 0.000         0.000 / 0.000         0.000 / 0.000         0.000 / 0.000       ms
[130.181s][info][gc,stats    ]    Critical: Relocation Stall                                  0 / 0                 0 / 0                 0 / 0                 0 / 0           ops/s
[130.181s][info][gc,stats    ]    Critical: Relocation Stall                              0.000 / 0.000         0.000 / 0.000         0.000 / 0.000         0.000 / 0.000       ms
[130.181s][info][gc,stats    ]      Memory: Allocation Rate                                4363 / 4522           4261 / 4592           4261 / 4592           4261 / 4592        MB/s
[130.181s][info][gc,stats    ]      Memory: Defragment                                        0 / 0                 0 / 0                 0 / 0                 0 / 0           ops/s
[130.181s][info][gc,stats    ]      Memory: Out Of Memory                                     0 / 0                 0 / 0                 0 / 0                 0 / 0           ops/s
[130.181s][info][gc,stats    ]      Memory: Page Cache Flush                                  0 / 0                 0 / 0                 0 / 0                 0 / 0           MB/s
[130.181s][info][gc,stats    ]      Memory: Page Cache Hit L1                              1886 / 1964           1831 / 2002           1831 / 2002           1831 / 2002        ops/s
[130.181s][info][gc,stats    ]      Memory: Page Cache Hit L2                                 0 / 0                 0 / 0                 0 / 0                 0 / 0           ops/s
[130.181s][info][gc,stats    ]      Memory: Page Cache Hit L3                                 0 / 0                13 / 437              13 / 437              13 / 437         ops/s
[130.181s][info][gc,stats    ]      Memory: Page Cache Miss                                   0 / 0                 0 / 1                 0 / 1                 0 / 1           ops/s
[130.181s][info][gc,stats    ]      Memory: Uncommit                                          0 / 0                 0 / 0                 0 / 0                 0 / 0           MB/s
[130.181s][info][gc,stats    ]      Memory: Undo Object Allocation Failed                     0 / 0                 0 / 1                 0 / 1                 0 / 1           ops/s
[130.181s][info][gc,stats    ]      Memory: Undo Object Allocation Succeeded                  3 / 32               15 / 357              15 / 357              15 / 357         ops/s
[130.181s][info][gc,stats    ]      Memory: Undo Page Allocation                              1 / 6                 2 / 7                 2 / 7                 2 / 7           ops/s
[130.181s][info][gc,stats    ]       Phase: Concurrent Mark                             153.794 / 225.466     150.019 / 251.310     150.019 / 251.310     150.019 / 251.310     ms
[130.181s][info][gc,stats    ]       Phase: Concurrent Mark Continue                      0.000 / 0.000         0.000 / 0.000         0.000 / 0.000         0.000 / 0.000       ms
[130.181s][info][gc,stats    ]       Phase: Concurrent Mark Free                          0.002 / 0.004         0.002 / 0.005         0.002 / 0.005         0.002 / 0.005       ms
[130.181s][info][gc,stats    ]       Phase: Concurrent Process Non-Strong References      5.586 / 20.235        5.324 / 24.469        5.324 / 24.469        5.324 / 24.469      ms
[130.181s][info][gc,stats    ]       Phase: Concurrent Relocate                           1.698 / 3.476         2.019 / 57.532        2.019 / 57.532        2.019 / 57.532      ms
[130.181s][info][gc,stats    ]       Phase: Concurrent Reset Relocation Set               0.004 / 0.007         0.004 / 0.026         0.004 / 0.026         0.004 / 0.026       ms
[130.181s][info][gc,stats    ]       Phase: Concurrent Select Relocation Set              2.955 / 4.330         3.048 / 13.885        3.048 / 13.885        3.048 / 13.885      ms
[130.181s][info][gc,stats    ]       Phase: Pause Mark End                                0.017 / 0.028         0.018 / 0.047         0.018 / 0.047         0.018 / 0.047       ms
[130.181s][info][gc,stats    ]       Phase: Pause Mark Start                              0.010 / 0.015         0.010 / 0.027         0.010 / 0.027         0.010 / 0.027       ms
[130.181s][info][gc,stats    ]       Phase: Pause Relocate Start                          0.011 / 0.017         0.012 / 0.077         0.012 / 0.077         0.012 / 0.077       ms
[130.181s][info][gc,stats    ]    Subphase: Concurrent Classes Purge                      0.016 / 0.053         0.017 / 0.208         0.017 / 0.208         0.017 / 0.208       ms
[130.181s][info][gc,stats    ]    Subphase: Concurrent Classes Unlink                     2.990 / 3.712         2.631 / 3.712         2.631 / 3.712         2.631 / 3.712       ms
[130.181s][info][gc,stats    ]    Subphase: Concurrent Mark                             143.093 / 224.716     134.919 / 250.559     134.919 / 250.559     134.919 / 250.559     ms
[130.181s][info][gc,stats    ]    Subphase: Concurrent Mark Try Flush                     0.398 / 5.253         0.822 / 17.896        0.822 / 17.896        0.822 / 17.896      ms
[130.181s][info][gc,stats    ]    Subphase: Concurrent Mark Try Terminate                 0.347 / 7.083         1.249 / 17.378        1.249 / 17.378        1.249 / 17.378      ms
[130.181s][info][gc,stats    ]    Subphase: Concurrent References Enqueue                 0.001 / 0.001         0.001 / 0.015         0.001 / 0.015         0.001 / 0.015       ms
[130.181s][info][gc,stats    ]    Subphase: Concurrent References Process                 0.093 / 0.142         0.084 / 0.535         0.084 / 0.535         0.084 / 0.535       ms
[130.181s][info][gc,stats    ]    Subphase: Concurrent Roots ClassLoaderDataGraph         0.074 / 0.152         0.069 / 0.272         0.069 / 0.272         0.069 / 0.272       ms
[130.181s][info][gc,stats    ]    Subphase: Concurrent Roots CodeCache                    0.000 / 0.000         0.000 / 0.000         0.000 / 0.000         0.000 / 0.000       ms
[130.181s][info][gc,stats    ]    Subphase: Concurrent Roots JavaThreads                  0.589 / 1.076         0.632 / 7.312         0.632 / 7.312         0.632 / 7.312       ms
[130.181s][info][gc,stats    ]    Subphase: Concurrent Roots OopStorageSet                0.030 / 0.059         0.028 / 0.069         0.028 / 0.069         0.028 / 0.069       ms
[130.181s][info][gc,stats    ]    Subphase: Concurrent Weak Roots OopStorageSet           0.209 / 0.337         0.185 / 0.369         0.185 / 0.369         0.185 / 0.369       ms
[130.181s][info][gc,stats    ]    Subphase: Pause Mark Try Complete                       0.000 / 0.000         0.000 / 0.000         0.000 / 0.000         0.000 / 0.000       ms
[130.181s][info][gc,stats    ]      System: Java Threads                                     24 / 24               23 / 24               23 / 24               23 / 24          threads
[130.181s][info][gc,stats    ] =========================================================================================================================================================
[130.385s][info][gc,start    ] GC(237) Garbage Collection (Allocation Rate)
[130.385s][info][gc,task     ] GC(237) Using 1 workers
[130.385s][info][gc,phases   ] GC(237) Pause Mark Start 0.011ms
[130.528s][info][gc,phases   ] GC(237) Concurrent Mark 143.015ms
[130.528s][info][gc,phases   ] GC(237) Pause Mark End 0.013ms
[130.528s][info][gc,phases   ] GC(237) Concurrent Mark Free 0.001ms
[130.534s][info][gc,phases   ] GC(237) Concurrent Process Non-Strong References 5.582ms
[130.534s][info][gc,phases   ] GC(237) Concurrent Reset Relocation Set 0.006ms
[130.538s][info][gc,phases   ] GC(237) Concurrent Select Relocation Set 4.521ms
[130.539s][info][gc,phases   ] GC(237) Pause Relocate Start 0.020ms
[130.543s][info][gc,phases   ] GC(237) Concurrent Relocate 3.907ms
[130.543s][info][gc,load     ] GC(237) Load: 0.00/0.00/0.00
[130.543s][info][gc,mmu      ] GC(237) MMU: 2ms/96.2%, 5ms/98.5%, 10ms/99.0%, 20ms/99.5%, 50ms/99.8%, 100ms/99.9%
[130.543s][info][gc,marking  ] GC(237) Mark: 1 stripe(s), 2 proactive flush(es), 1 terminate flush(es), 0 completion(s), 0 continuation(s) 
[130.543s][info][gc,marking  ] GC(237) Mark Stack Usage: 32M
[130.543s][info][gc,nmethod  ] GC(237) NMethods: 1404 registered, 5 unregistered
[130.543s][info][gc,metaspace] GC(237) Metaspace: 11M used, 11M committed, 1088M reserved
[130.543s][info][gc,ref      ] GC(237) Soft: 197 encountered, 0 discovered, 0 enqueued
[130.543s][info][gc,ref      ] GC(237) Weak: 695 encountered, 187 discovered, 0 enqueued
[130.543s][info][gc,ref      ] GC(237) Final: 0 encountered, 0 discovered, 0 enqueued
[130.543s][info][gc,ref      ] GC(237) Phantom: 36 encountered, 21 discovered, 0 enqueued
[130.543s][info][gc,reloc    ] GC(237) Small Pages: 1177 / 2354M, Empty: 2226M, Relocated: 3M, In-Place: 0
[130.543s][info][gc,reloc    ] GC(237) Medium Pages: 13 / 416M, Empty: 416M, Relocated: 0M, In-Place: 0
[130.543s][info][gc,reloc    ] GC(237) Large Pages: 1 / 6M, Empty: 0M, Relocated: 0M, In-Place: 0
[130.543s][info][gc,reloc    ] GC(237) Forwarding Usage: 1M
[130.543s][info][gc,heap     ] GC(237) Min Capacity: 4096M(100%)
[130.543s][info][gc,heap     ] GC(237) Max Capacity: 4096M(100%)
[130.543s][info][gc,heap     ] GC(237) Soft Max Capacity: 4096M(100%)
[130.543s][info][gc,heap     ] GC(237)                Mark Start          Mark End        Relocate Start      Relocate End           High               Low         
[130.543s][info][gc,heap     ] GC(237)  Capacity:     4096M (100%)       4096M (100%)       4096M (100%)       4096M (100%)       4096M (100%)       4096M (100%)   
[130.543s][info][gc,heap     ] GC(237)      Free:     1320M (32%)         738M (18%)        3326M (81%)        3348M (82%)        3358M (82%)         712M (17%)    
[130.543s][info][gc,heap     ] GC(237)      Used:     2776M (68%)        3358M (82%)         770M (19%)         748M (18%)        3384M (83%)         738M (18%)    
[130.543s][info][gc,heap     ] GC(237)      Live:         -                96M (2%)           96M (2%)           96M (2%)             -                  -          
[130.543s][info][gc,heap     ] GC(237) Allocated:         -               582M (14%)         636M (16%)         649M (16%)            -                  -          
[130.543s][info][gc,heap     ] GC(237)   Garbage:         -              2679M (65%)          37M (1%)            1M (0%)             -                  -          
[130.543s][info][gc,heap     ] GC(237) Reclaimed:         -                  -              2642M (65%)        2677M (65%)            -                  -          
[130.543s][info][gc          ] GC(237) Garbage Collection (Allocation Rate) 2776M(68%)->748M(18%)
[130.981s][info][gc,start    ] GC(238) Garbage Collection (Allocation Rate)
[130.981s][info][gc,task     ] GC(238) Using 1 workers
[130.981s][info][gc,phases   ] GC(238) Pause Mark Start 0.011ms
[131.137s][info][gc,phases   ] GC(238) Concurrent Mark 155.744ms
[131.137s][info][gc,phases   ] GC(238) Pause Mark End 0.019ms
[131.137s][info][gc,phases   ] GC(238) Concurrent Mark Free 0.002ms
[131.144s][info][gc,phases   ] GC(238) Concurrent Process Non-Strong References 6.859ms
[131.144s][info][gc,phases   ] GC(238) Concurrent Reset Relocation Set 0.007ms
[131.149s][info][gc,phases   ] GC(238) Concurrent Select Relocation Set 4.378ms
[131.149s][info][gc,phases   ] GC(238) Pause Relocate Start 0.015ms
[131.151s][info][gc,phases   ] GC(238) Concurrent Relocate 2.055ms
[131.151s][info][gc,load     ] GC(238) Load: 0.00/0.00/0.00
[131.151s][info][gc,mmu      ] GC(238) MMU: 2ms/96.2%, 5ms/98.5%, 10ms/99.0%, 20ms/99.5%, 50ms/99.8%, 100ms/99.9%
[131.151s][info][gc,marking  ] GC(238) Mark: 1 stripe(s), 2 proactive flush(es), 1 terminate flush(es), 0 completion(s), 0 continuation(s) 
[131.151s][info][gc,marking  ] GC(238) Mark Stack Usage: 32M
[131.151s][info][gc,nmethod  ] GC(238) NMethods: 1404 registered, 5 unregistered
[131.151s][info][gc,metaspace] GC(238) Metaspace: 11M used, 11M committed, 1088M reserved
[131.151s][info][gc,ref      ] GC(238) Soft: 197 encountered, 0 discovered, 0 enqueued
[131.151s][info][gc,ref      ] GC(238) Weak: 695 encountered, 554 discovered, 0 enqueued
[131.151s][info][gc,ref      ] GC(238) Final: 0 encountered, 0 discovered, 0 enqueued
[131.151s][info][gc,ref      ] GC(238) Phantom: 36 encountered, 17 discovered, 0 enqueued
[131.151s][info][gc,reloc    ] GC(238) Small Pages: 1195 / 2390M, Empty: 2264M, Relocated: 1M, In-Place: 0
[131.151s][info][gc,reloc    ] GC(238) Medium Pages: 12 / 384M, Empty: 352M, Relocated: 0M, In-Place: 0
[131.151s][info][gc,reloc    ] GC(238) Large Pages: 1 / 6M, Empty: 0M, Relocated: 0M, In-Place: 0
[131.151s][info][gc,reloc    ] GC(238) Forwarding Usage: 0M
[131.151s][info][gc,heap     ] GC(238) Min Capacity: 4096M(100%)
[131.151s][info][gc,heap     ] GC(238) Max Capacity: 4096M(100%)
[131.151s][info][gc,heap     ] GC(238) Soft Max Capacity: 4096M(100%)
[131.151s][info][gc,heap     ] GC(238)                Mark Start          Mark End        Relocate Start      Relocate End           High               Low         
[131.151s][info][gc,heap     ] GC(238)  Capacity:     4096M (100%)       4096M (100%)       4096M (100%)       4096M (100%)       4096M (100%)       4096M (100%)   
[131.151s][info][gc,heap     ] GC(238)      Free:     1316M (32%)         712M (17%)        3258M (80%)        3288M (80%)        3288M (80%)         668M (16%)    
[131.152s][info][gc,heap     ] GC(238)      Used:     2780M (68%)        3384M (83%)         838M (20%)         808M (20%)        3428M (84%)         808M (20%)    
[131.152s][info][gc,heap     ] GC(238)      Live:         -               101M (2%)          101M (2%)          101M (2%)             -                  -          
[131.152s][info][gc,heap     ] GC(238) Allocated:         -               604M (15%)         674M (16%)         677M (17%)            -                  -          
[131.152s][info][gc,heap     ] GC(238)   Garbage:         -              2678M (65%)          62M (2%)           28M (1%)             -                  -          
[131.152s][info][gc,heap     ] GC(238) Reclaimed:         -                  -              2616M (64%)        2649M (65%)            -                  -          
[131.152s][info][gc          ] GC(238) Garbage Collection (Allocation Rate) 2780M(68%)->808M(20%)
[131.578s][info][gc,start    ] GC(239) Garbage Collection (Allocation Rate)
[131.578s][info][gc,task     ] GC(239) Using 1 workers
[131.578s][info][gc,phases   ] GC(239) Pause Mark Start 0.009ms
[131.795s][info][gc,phases   ] GC(239) Concurrent Mark 217.255ms
[131.795s][info][gc,phases   ] GC(239) Pause Mark End 0.013ms
[131.795s][info][gc,phases   ] GC(239) Concurrent Mark Free 0.002ms
[131.799s][info][gc,phases   ] GC(239) Concurrent Process Non-Strong References 3.534ms
[131.799s][info][gc,phases   ] GC(239) Concurrent Reset Relocation Set 0.003ms
[131.802s][info][gc,phases   ] GC(239) Concurrent Select Relocation Set 2.639ms
[131.802s][info][gc,phases   ] GC(239) Pause Relocate Start 0.008ms
[131.804s][info][gc,phases   ] GC(239) Concurrent Relocate 1.550ms
[131.804s][info][gc,load     ] GC(239) Load: 0.00/0.00/0.00
[131.804s][info][gc,mmu      ] GC(239) MMU: 2ms/96.2%, 5ms/98.5%, 10ms/99.0%, 20ms/99.5%, 50ms/99.8%, 100ms/99.9%
[131.804s][info][gc,marking  ] GC(239) Mark: 1 stripe(s), 2 proactive flush(es), 1 terminate flush(es), 0 completion(s), 0 continuation(s) 
[131.804s][info][gc,marking  ] GC(239) Mark Stack Usage: 32M
[131.804s][info][gc,nmethod  ] GC(239) NMethods: 1404 registered, 5 unregistered
[131.804s][info][gc,metaspace] GC(239) Metaspace: 11M used, 11M committed, 1088M reserved
[131.804s][info][gc,ref      ] GC(239) Soft: 197 encountered, 0 discovered, 0 enqueued
[131.804s][info][gc,ref      ] GC(239) Weak: 695 encountered, 187 discovered, 0 enqueued
[131.804s][info][gc,ref      ] GC(239) Final: 0 encountered, 0 discovered, 0 enqueued
[131.804s][info][gc,ref      ] GC(239) Phantom: 36 encountered, 21 discovered, 0 enqueued
[131.804s][info][gc,reloc    ] GC(239) Small Pages: 1163 / 2326M, Empty: 2214M, Relocated: 0M, In-Place: 0
[131.804s][info][gc,reloc    ] GC(239) Medium Pages: 13 / 416M, Empty: 352M, Relocated: 3M, In-Place: 0
[131.804s][info][gc,reloc    ] GC(239) Large Pages: 1 / 6M, Empty: 0M, Relocated: 0M, In-Place: 0
[131.804s][info][gc,reloc    ] GC(239) Forwarding Usage: 0M
[131.804s][info][gc,heap     ] GC(239) Min Capacity: 4096M(100%)
[131.804s][info][gc,heap     ] GC(239) Max Capacity: 4096M(100%)
[131.804s][info][gc,heap     ] GC(239) Soft Max Capacity: 4096M(100%)
[131.804s][info][gc,heap     ] GC(239)                Mark Start          Mark End        Relocate Start      Relocate End           High               Low         
[131.804s][info][gc,heap     ] GC(239)  Capacity:     4096M (100%)       4096M (100%)       4096M (100%)       4096M (100%)       4096M (100%)       4096M (100%)   
[131.804s][info][gc,heap     ] GC(239)      Free:     1348M (33%)         404M (10%)        2926M (71%)        2976M (73%)        2976M (73%)         360M (9%)     
[131.804s][info][gc,heap     ] GC(239)      Used:     2748M (67%)        3692M (90%)        1170M (29%)        1120M (27%)        3736M (91%)        1120M (27%)    
[131.804s][info][gc,heap     ] GC(239)      Live:         -                99M (2%)           99M (2%)           99M (2%)             -                  -          
[131.804s][info][gc,heap     ] GC(239) Allocated:         -               944M (23%)         988M (24%)         989M (24%)            -                  -          
[131.804s][info][gc,heap     ] GC(239)   Garbage:         -              2648M (65%)          82M (2%)           30M (1%)             -                  -          
[131.804s][info][gc,heap     ] GC(239) Reclaimed:         -                  -              2566M (63%)        2617M (64%)            -                  -          
[131.804s][info][gc          ] GC(239) Garbage Collection (Allocation Rate) 2748M(67%)->1120M(27%)
[131.939s][info][gc,start    ] GC(240) Garbage Collection (System.gc())
[131.939s][info][gc,task     ] GC(240) Using 2 workers
[131.939s][info][gc,phases   ] GC(240) Pause Mark Start 0.007ms
[132.002s][info][gc,phases   ] GC(240) Concurrent Mark 62.996ms
[132.002s][info][gc,phases   ] GC(240) Pause Mark End 0.031ms
[132.002s][info][gc,phases   ] GC(240) Concurrent Mark Free 0.003ms
[132.005s][info][gc,phases   ] GC(240) Concurrent Process Non-Strong References 2.464ms
[132.005s][info][gc,phases   ] GC(240) Concurrent Reset Relocation Set 0.003ms
[132.007s][info][gc,phases   ] GC(240) Concurrent Select Relocation Set 1.977ms
[132.007s][info][gc,phases   ] GC(240) Pause Relocate Start 0.005ms
[132.008s][info][gc,phases   ] GC(240) Concurrent Relocate 0.956ms
[132.008s][info][gc,load     ] GC(240) Load: 0.00/0.00/0.00
[132.008s][info][gc,mmu      ] GC(240) MMU: 2ms/96.2%, 5ms/98.5%, 10ms/99.0%, 20ms/99.5%, 50ms/99.8%, 100ms/99.9%
[132.008s][info][gc,marking  ] GC(240) Mark: 2 stripe(s), 2 proactive flush(es), 1 terminate flush(es), 0 completion(s), 0 continuation(s) 
[132.008s][info][gc,marking  ] GC(240) Mark Stack Usage: 32M
[132.008s][info][gc,nmethod  ] GC(240) NMethods: 1406 registered, 7 unregistered
[132.008s][info][gc,metaspace] GC(240) Metaspace: 11M used, 11M committed, 1088M reserved
[132.008s][info][gc,ref      ] GC(240) Soft: 197 encountered, 0 discovered, 0 enqueued
[132.008s][info][gc,ref      ] GC(240) Weak: 695 encountered, 120 discovered, 0 enqueued
[132.008s][info][gc,ref      ] GC(240) Final: 0 encountered, 0 discovered, 0 enqueued
[132.008s][info][gc,ref      ] GC(240) Phantom: 36 encountered, 16 discovered, 0 enqueued
[132.008s][info][gc,reloc    ] GC(240) Small Pages: 708 / 1416M, Empty: 1316M, Relocated: 0M, In-Place: 0
[132.008s][info][gc,reloc    ] GC(240) Medium Pages: 8 / 256M, Empty: 256M, Relocated: 0M, In-Place: 0
[132.008s][info][gc,reloc    ] GC(240) Large Pages: 1 / 6M, Empty: 0M, Relocated: 0M, In-Place: 0
[132.008s][info][gc,reloc    ] GC(240) Forwarding Usage: 0M
[132.008s][info][gc,heap     ] GC(240) Min Capacity: 4096M(100%)
[132.008s][info][gc,heap     ] GC(240) Max Capacity: 4096M(100%)
[132.008s][info][gc,heap     ] GC(240) Soft Max Capacity: 4096M(100%)
[132.008s][info][gc,heap     ] GC(240)                Mark Start          Mark End        Relocate Start      Relocate End           High               Low         
[132.008s][info][gc,heap     ] GC(240)  Capacity:     4096M (100%)       4096M (100%)       4096M (100%)       4096M (100%)       4096M (100%)       4096M (100%)   
[132.008s][info][gc,heap     ] GC(240)      Free:     2418M (59%)        2418M (59%)        3990M (97%)        3996M (98%)        3996M (98%)        2418M (59%)    
[132.008s][info][gc,heap     ] GC(240)      Used:     1678M (41%)        1678M (41%)         106M (3%)          100M (2%)         1678M (41%)         100M (2%)     
[132.008s][info][gc,heap     ] GC(240)      Live:         -                95M (2%)           95M (2%)           95M (2%)             -                  -          
[132.008s][info][gc,heap     ] GC(240) Allocated:         -                 0M (0%)            0M (0%)            0M (0%)             -                  -          
[132.008s][info][gc,heap     ] GC(240)   Garbage:         -              1582M (39%)          10M (0%)            4M (0%)             -                  -          
[132.008s][info][gc,heap     ] GC(240) Reclaimed:         -                  -              1572M (38%)        1578M (39%)            -                  -          
[132.008s][info][gc          ] GC(240) Garbage Collection (System.gc()) 1678M(41%)->100M(2%)
[132.473s][info][gc,start    ] GC(241) Garbage Collection (Allocation Rate)
[132.473s][info][gc,task     ] GC(241) Using 1 workers
[132.473s][info][gc,phases   ] GC(241) Pause Mark Start 0.009ms
[132.673s][info][gc,phases   ] GC(241) Concurrent Mark 200.219ms
[132.674s][info][gc,phases   ] GC(241) Pause Mark End 0.018ms
[132.674s][info][gc,phases   ] GC(241) Concurrent Mark Free 0.002ms
[132.678s][info][gc,phases   ] GC(241) Concurrent Process Non-Strong References 4.162ms
[132.678s][info][gc,phases   ] GC(241) Concurrent Reset Relocation Set 0.002ms
[132.680s][info][gc,phases   ] GC(241) Concurrent Select Relocation Set 2.191ms
[132.680s][info][gc,phases   ] GC(241) Pause Relocate Start 0.009ms
[132.682s][info][gc,phases   ] GC(241) Concurrent Relocate 1.682ms
[132.682s][info][gc,load     ] GC(241) Load: 0.00/0.00/0.00
[132.682s][info][gc,mmu      ] GC(241) MMU: 2ms/96.2%, 5ms/98.5%, 10ms/99.0%, 20ms/99.5%, 50ms/99.8%, 100ms/99.9%
[132.682s][info][gc,marking  ] GC(241) Mark: 1 stripe(s), 2 proactive flush(es), 1 terminate flush(es), 0 completion(s), 0 continuation(s) 
[132.682s][info][gc,marking  ] GC(241) Mark Stack Usage: 32M
[132.682s][info][gc,nmethod  ] GC(241) NMethods: 1410 registered, 7 unregistered
[132.682s][info][gc,metaspace] GC(241) Metaspace: 11M used, 11M committed, 1088M reserved
[132.682s][info][gc,ref      ] GC(241) Soft: 197 encountered, 0 discovered, 0 enqueued
[132.682s][info][gc,ref      ] GC(241) Weak: 695 encountered, 554 discovered, 0 enqueued
[132.682s][info][gc,ref      ] GC(241) Final: 0 encountered, 0 discovered, 0 enqueued
[132.682s][info][gc,ref      ] GC(241) Phantom: 36 encountered, 17 discovered, 0 enqueued
[132.682s][info][gc,reloc    ] GC(241) Small Pages: 957 / 1914M, Empty: 1802M, Relocated: 0M, In-Place: 0
[132.682s][info][gc,reloc    ] GC(241) Medium Pages: 10 / 320M, Empty: 256M, Relocated: 3M, In-Place: 0
[132.682s][info][gc,reloc    ] GC(241) Large Pages: 1 / 6M, Empty: 0M, Relocated: 0M, In-Place: 0
[132.682s][info][gc,reloc    ] GC(241) Forwarding Usage: 0M
[132.682s][info][gc,heap     ] GC(241) Min Capacity: 4096M(100%)
[132.682s][info][gc,heap     ] GC(241) Max Capacity: 4096M(100%)
[132.682s][info][gc,heap     ] GC(241) Soft Max Capacity: 4096M(100%)
[132.682s][info][gc,heap     ] GC(241)                Mark Start          Mark End        Relocate Start      Relocate End           High               Low         
[132.682s][info][gc,heap     ] GC(241)  Capacity:     4096M (100%)       4096M (100%)       4096M (100%)       4096M (100%)       4096M (100%)       4096M (100%)   
[132.682s][info][gc,heap     ] GC(241)      Free:     1856M (45%)         982M (24%)        3040M (74%)        3092M (75%)        3092M (75%)         982M (24%)    
[132.682s][info][gc,heap     ] GC(241)      Used:     2240M (55%)        3114M (76%)        1056M (26%)        1004M (25%)        3114M (76%)        1004M (25%)    
[132.682s][info][gc,heap     ] GC(241)      Live:         -                99M (2%)           99M (2%)           99M (2%)             -                  -          
[132.682s][info][gc,heap     ] GC(241) Allocated:         -               874M (21%)         874M (21%)         873M (21%)            -                  -          
[132.682s][info][gc,heap     ] GC(241)   Garbage:         -              2140M (52%)          82M (2%)           30M (1%)             -                  -          
[132.682s][info][gc,heap     ] GC(241) Reclaimed:         -                  -              2058M (50%)        2109M (52%)            -                  -          
[132.682s][info][gc          ] GC(241) Garbage Collection (Allocation Rate) 2240M(55%)->1004M(25%)
[132.976s][info][gc,start    ] GC(242) Garbage Collection (Allocation Rate)
[132.976s][info][gc,task     ] GC(242) Using 1 workers
[132.976s][info][gc,phases   ] GC(242) Pause Mark Start 0.009ms
[133.136s][info][gc,phases   ] GC(242) Concurrent Mark 159.416ms
[133.136s][info][gc,phases   ] GC(242) Pause Mark End 0.014ms
[133.136s][info][gc,phases   ] GC(242) Concurrent Mark Free 0.001ms
[133.141s][info][gc,phases   ] GC(242) Concurrent Process Non-Strong References 4.904ms
[133.141s][info][gc,phases   ] GC(242) Concurrent Reset Relocation Set 0.005ms
[133.145s][info][gc,phases   ] GC(242) Concurrent Select Relocation Set 4.611ms
[133.146s][info][gc,phases   ] GC(242) Pause Relocate Start 0.022ms
[133.149s][info][gc,phases   ] GC(242) Concurrent Relocate 3.309ms
[133.149s][info][gc,load     ] GC(242) Load: 0.00/0.00/0.00
[133.149s][info][gc,mmu      ] GC(242) MMU: 2ms/96.2%, 5ms/98.5%, 10ms/99.0%, 20ms/99.5%, 50ms/99.8%, 100ms/99.9%
[133.149s][info][gc,marking  ] GC(242) Mark: 1 stripe(s), 2 proactive flush(es), 1 terminate flush(es), 0 completion(s), 0 continuation(s) 
[133.149s][info][gc,marking  ] GC(242) Mark Stack Usage: 32M
[133.149s][info][gc,nmethod  ] GC(242) NMethods: 1410 registered, 7 unregistered
[133.149s][info][gc,metaspace] GC(242) Metaspace: 11M used, 11M committed, 1088M reserved
[133.149s][info][gc,ref      ] GC(242) Soft: 197 encountered, 0 discovered, 0 enqueued
[133.149s][info][gc,ref      ] GC(242) Weak: 695 encountered, 187 discovered, 0 enqueued
[133.149s][info][gc,ref      ] GC(242) Final: 0 encountered, 0 discovered, 0 enqueued
[133.149s][info][gc,ref      ] GC(242) Phantom: 36 encountered, 21 discovered, 0 enqueued
[133.149s][info][gc,reloc    ] GC(242) Small Pages: 1003 / 2006M, Empty: 1880M, Relocated: 3M, In-Place: 0
[133.149s][info][gc,reloc    ] GC(242) Medium Pages: 11 / 352M, Empty: 352M, Relocated: 0M, In-Place: 0
[133.149s][info][gc,reloc    ] GC(242) Large Pages: 1 / 6M, Empty: 0M, Relocated: 0M, In-Place: 0
[133.149s][info][gc,reloc    ] GC(242) Forwarding Usage: 1M
[133.149s][info][gc,heap     ] GC(242) Min Capacity: 4096M(100%)
[133.149s][info][gc,heap     ] GC(242) Max Capacity: 4096M(100%)
[133.149s][info][gc,heap     ] GC(242) Soft Max Capacity: 4096M(100%)
[133.149s][info][gc,heap     ] GC(242)                Mark Start          Mark End        Relocate Start      Relocate End           High               Low         
[133.149s][info][gc,heap     ] GC(242)  Capacity:     4096M (100%)       4096M (100%)       4096M (100%)       4096M (100%)       4096M (100%)       4096M (100%)   
[133.149s][info][gc,heap     ] GC(242)      Free:     1732M (42%)        1066M (26%)        3244M (79%)        3268M (80%)        3274M (80%)        1040M (25%)    
[133.149s][info][gc,heap     ] GC(242)      Used:     2364M (58%)        3030M (74%)         852M (21%)         828M (20%)        3056M (75%)         822M (20%)    
[133.149s][info][gc,heap     ] GC(242)      Live:         -                96M (2%)           96M (2%)           96M (2%)             -                  -          
[133.149s][info][gc,heap     ] GC(242) Allocated:         -               666M (16%)         720M (18%)         729M (18%)            -                  -          
[133.149s][info][gc,heap     ] GC(242)   Garbage:         -              2267M (55%)          35M (1%)            1M (0%)             -                  -          
[133.149s][info][gc,heap     ] GC(242) Reclaimed:         -                  -              2232M (54%)        2265M (55%)            -                  -          
[133.149s][info][gc          ] GC(242) Garbage Collection (Allocation Rate) 2364M(58%)->828M(20%)
[133.478s][info][gc,start    ] GC(243) Garbage Collection (Allocation Rate)
[133.478s][info][gc,task     ] GC(243) Using 1 workers
[133.478s][info][gc,phases   ] GC(243) Pause Mark Start 0.006ms
[133.624s][info][gc,phases   ] GC(243) Concurrent Mark 145.823ms
[133.624s][info][gc,phases   ] GC(243) Pause Mark End 0.018ms
[133.624s][info][gc,phases   ] GC(243) Concurrent Mark Free 0.001ms
[133.630s][info][gc,phases   ] GC(243) Concurrent Process Non-Strong References 5.577ms
[133.630s][info][gc,phases   ] GC(243) Concurrent Reset Relocation Set 0.004ms
[133.634s][info][gc,phases   ] GC(243) Concurrent Select Relocation Set 4.049ms
[133.635s][info][gc,phases   ] GC(243) Pause Relocate Start 0.009ms
[133.636s][info][gc,phases   ] GC(243) Concurrent Relocate 1.657ms
[133.636s][info][gc,load     ] GC(243) Load: 0.00/0.00/0.00
[133.636s][info][gc,mmu      ] GC(243) MMU: 2ms/96.2%, 5ms/98.5%, 10ms/99.0%, 20ms/99.5%, 50ms/99.8%, 100ms/99.9%
[133.636s][info][gc,marking  ] GC(243) Mark: 1 stripe(s), 2 proactive flush(es), 1 terminate flush(es), 0 completion(s), 0 continuation(s) 
[133.636s][info][gc,marking  ] GC(243) Mark Stack Usage: 32M
[133.636s][info][gc,nmethod  ] GC(243) NMethods: 1410 registered, 7 unregistered
[133.636s][info][gc,metaspace] GC(243) Metaspace: 11M used, 11M committed, 1088M reserved
[133.636s][info][gc,ref      ] GC(243) Soft: 197 encountered, 0 discovered, 0 enqueued
[133.636s][info][gc,ref      ] GC(243) Weak: 695 encountered, 187 discovered, 0 enqueued
[133.636s][info][gc,ref      ] GC(243) Final: 0 encountered, 0 discovered, 0 enqueued
[133.636s][info][gc,ref      ] GC(243) Phantom: 36 encountered, 21 discovered, 0 enqueued
[133.636s][info][gc,reloc    ] GC(243) Small Pages: 992 / 1984M, Empty: 1846M, Relocated: 1M, In-Place: 0
[133.636s][info][gc,reloc    ] GC(243) Medium Pages: 10 / 320M, Empty: 320M, Relocated: 0M, In-Place: 0
[133.636s][info][gc,reloc    ] GC(243) Large Pages: 1 / 6M, Empty: 0M, Relocated: 0M, In-Place: 0
[133.636s][info][gc,reloc    ] GC(243) Forwarding Usage: 0M
[133.636s][info][gc,heap     ] GC(243) Min Capacity: 4096M(100%)
[133.636s][info][gc,heap     ] GC(243) Max Capacity: 4096M(100%)
[133.636s][info][gc,heap     ] GC(243) Soft Max Capacity: 4096M(100%)
[133.636s][info][gc,heap     ] GC(243)                Mark Start          Mark End        Relocate Start      Relocate End           High               Low         
[133.636s][info][gc,heap     ] GC(243)  Capacity:     4096M (100%)       4096M (100%)       4096M (100%)       4096M (100%)       4096M (100%)       4096M (100%)   
[133.637s][info][gc,heap     ] GC(243)      Free:     1786M (44%)        1160M (28%)        3276M (80%)        3322M (81%)        3322M (81%)        1130M (28%)    
[133.637s][info][gc,heap     ] GC(243)      Used:     2310M (56%)        2936M (72%)         820M (20%)         774M (19%)        2966M (72%)         774M (19%)    
[133.637s][info][gc,heap     ] GC(243)      Live:         -                96M (2%)           96M (2%)           96M (2%)             -                  -          
[133.637s][info][gc,heap     ] GC(243) Allocated:         -               626M (15%)         676M (17%)         675M (17%)            -                  -          
[133.637s][info][gc,heap     ] GC(243)   Garbage:         -              2213M (54%)          47M (1%)            1M (0%)             -                  -          
[133.637s][info][gc,heap     ] GC(243) Reclaimed:         -                  -              2166M (53%)        2211M (54%)            -                  -          
[133.637s][info][gc          ] GC(243) Garbage Collection (Allocation Rate) 2310M(56%)->774M(19%)
[134.076s][info][gc,start    ] GC(244) Garbage Collection (Allocation Rate)
[134.076s][info][gc,task     ] GC(244) Using 1 workers
[134.076s][info][gc,phases   ] GC(244) Pause Mark Start 0.012ms
[134.213s][info][gc,phases   ] GC(244) Concurrent Mark 137.458ms
[134.214s][info][gc,phases   ] GC(244) Pause Mark End 0.012ms
[134.214s][info][gc,phases   ] GC(244) Concurrent Mark Free 0.001ms
[134.219s][info][gc,phases   ] GC(244) Concurrent Process Non-Strong References 5.115ms
[134.219s][info][gc,phases   ] GC(244) Concurrent Reset Relocation Set 0.007ms
[134.223s][info][gc,phases   ] GC(244) Concurrent Select Relocation Set 4.272ms
[134.223s][info][gc,phases   ] GC(244) Pause Relocate Start 0.015ms
[134.227s][info][gc,phases   ] GC(244) Concurrent Relocate 3.930ms
[134.227s][info][gc,load     ] GC(244) Load: 0.00/0.00/0.00
[134.227s][info][gc,mmu      ] GC(244) MMU: 2ms/96.2%, 5ms/98.5%, 10ms/99.0%, 20ms/99.5%, 50ms/99.8%, 100ms/99.9%
[134.227s][info][gc,marking  ] GC(244) Mark: 1 stripe(s), 2 proactive flush(es), 1 terminate flush(es), 0 completion(s), 0 continuation(s) 
[134.227s][info][gc,marking  ] GC(244) Mark Stack Usage: 32M
[134.227s][info][gc,nmethod  ] GC(244) NMethods: 1410 registered, 7 unregistered
[134.227s][info][gc,metaspace] GC(244) Metaspace: 11M used, 11M committed, 1088M reserved
[134.227s][info][gc,ref      ] GC(244) Soft: 197 encountered, 0 discovered, 0 enqueued
[134.228s][info][gc,ref      ] GC(244) Weak: 695 encountered, 554 discovered, 0 enqueued
[134.228s][info][gc,ref      ] GC(244) Final: 0 encountered, 0 discovered, 0 enqueued
[134.228s][info][gc,ref      ] GC(244) Phantom: 36 encountered, 17 discovered, 0 enqueued
[134.228s][info][gc,reloc    ] GC(244) Small Pages: 1195 / 2390M, Empty: 2258M, Relocated: 4M, In-Place: 0
[134.228s][info][gc,reloc    ] GC(244) Medium Pages: 12 / 384M, Empty: 352M, Relocated: 0M, In-Place: 0
[134.228s][info][gc,reloc    ] GC(244) Large Pages: 1 / 6M, Empty: 0M, Relocated: 0M, In-Place: 0
[134.228s][info][gc,reloc    ] GC(244) Forwarding Usage: 0M
[134.228s][info][gc,heap     ] GC(244) Min Capacity: 4096M(100%)
[134.228s][info][gc,heap     ] GC(244) Max Capacity: 4096M(100%)
[134.228s][info][gc,heap     ] GC(244) Soft Max Capacity: 4096M(100%)
[134.228s][info][gc,heap     ] GC(244)                Mark Start          Mark End        Relocate Start      Relocate End           High               Low         
[134.228s][info][gc,heap     ] GC(244)  Capacity:     4096M (100%)       4096M (100%)       4096M (100%)       4096M (100%)       4096M (100%)       4096M (100%)   
[134.228s][info][gc,heap     ] GC(244)      Free:     1316M (32%)         786M (19%)        3342M (82%)        3356M (82%)        3372M (82%)         754M (18%)    
[134.228s][info][gc,heap     ] GC(244)      Used:     2780M (68%)        3310M (81%)         754M (18%)         740M (18%)        3342M (82%)         724M (18%)    
[134.228s][info][gc,heap     ] GC(244)      Live:         -                99M (2%)           99M (2%)           99M (2%)             -                  -          
[134.228s][info][gc,heap     ] GC(244) Allocated:         -               530M (13%)         584M (14%)         605M (15%)            -                  -          
[134.228s][info][gc,heap     ] GC(244)   Garbage:         -              2680M (65%)          70M (2%)           34M (1%)             -                  -          
[134.228s][info][gc,heap     ] GC(244) Reclaimed:         -                  -              2610M (64%)        2645M (65%)            -                  -          
[134.228s][info][gc          ] GC(244) Garbage Collection (Allocation Rate) 2780M(68%)->740M(18%)
[134.688s][info][gc,start    ] GC(245) Garbage Collection (Allocation Rate)
[134.688s][info][gc,task     ] GC(245) Using 1 workers
[134.688s][info][gc,phases   ] GC(245) Pause Mark Start 0.011ms
[134.835s][info][gc,phases   ] GC(245) Concurrent Mark 146.958ms
[134.835s][info][gc,phases   ] GC(245) Pause Mark End 0.016ms
[134.835s][info][gc,phases   ] GC(245) Concurrent Mark Free 0.001ms
[134.840s][info][gc,phases   ] GC(245) Concurrent Process Non-Strong References 4.112ms
[134.840s][info][gc,phases   ] GC(245) Concurrent Reset Relocation Set 0.004ms
[134.842s][info][gc,phases   ] GC(245) Concurrent Select Relocation Set 2.692ms
[134.843s][info][gc,phases   ] GC(245) Pause Relocate Start 0.011ms
[134.845s][info][gc,phases   ] GC(245) Concurrent Relocate 2.097ms
[134.845s][info][gc,load     ] GC(245) Load: 0.00/0.00/0.00
[134.845s][info][gc,mmu      ] GC(245) MMU: 2ms/96.2%, 5ms/98.5%, 10ms/99.0%, 20ms/99.5%, 50ms/99.8%, 100ms/99.9%
[134.845s][info][gc,marking  ] GC(245) Mark: 1 stripe(s), 2 proactive flush(es), 1 terminate flush(es), 0 completion(s), 0 continuation(s) 
[134.845s][info][gc,marking  ] GC(245) Mark Stack Usage: 32M
[134.845s][info][gc,nmethod  ] GC(245) NMethods: 1410 registered, 7 unregistered
[134.845s][info][gc,metaspace] GC(245) Metaspace: 11M used, 11M committed, 1088M reserved
[134.845s][info][gc,ref      ] GC(245) Soft: 197 encountered, 0 discovered, 0 enqueued
[134.845s][info][gc,ref      ] GC(245) Weak: 695 encountered, 554 discovered, 0 enqueued
[134.845s][info][gc,ref      ] GC(245) Final: 0 encountered, 0 discovered, 0 enqueued
[134.845s][info][gc,ref      ] GC(245) Phantom: 36 encountered, 17 discovered, 0 enqueued
[134.845s][info][gc,reloc    ] GC(245) Small Pages: 1210 / 2420M, Empty: 2266M, Relocated: 5M, In-Place: 0
[134.845s][info][gc,reloc    ] GC(245) Medium Pages: 13 / 416M, Empty: 384M, Relocated: 0M, In-Place: 0
[134.845s][info][gc,reloc    ] GC(245) Large Pages: 1 / 6M, Empty: 0M, Relocated: 0M, In-Place: 0
[134.845s][info][gc,reloc    ] GC(245) Forwarding Usage: 0M
[134.845s][info][gc,heap     ] GC(245) Min Capacity: 4096M(100%)
[134.845s][info][gc,heap     ] GC(245) Max Capacity: 4096M(100%)
[134.845s][info][gc,heap     ] GC(245) Soft Max Capacity: 4096M(100%)
[134.845s][info][gc,heap     ] GC(245)                Mark Start          Mark End        Relocate Start      Relocate End           High               Low         
[134.845s][info][gc,heap     ] GC(245)  Capacity:     4096M (100%)       4096M (100%)       4096M (100%)       4096M (100%)       4096M (100%)       4096M (100%)   
[134.845s][info][gc,heap     ] GC(245)      Free:     1254M (31%)         672M (16%)        3302M (81%)        3360M (82%)        3360M (82%)         652M (16%)    
[134.845s][info][gc,heap     ] GC(245)      Used:     2842M (69%)        3424M (84%)         794M (19%)         736M (18%)        3444M (84%)         736M (18%)    
[134.845s][info][gc,heap     ] GC(245)      Live:         -               101M (2%)          101M (2%)          101M (2%)             -                  -          
[134.845s][info][gc,heap     ] GC(245) Allocated:         -               582M (14%)         602M (15%)         601M (15%)            -                  -          
[134.845s][info][gc,heap     ] GC(245)   Garbage:         -              2740M (67%)          90M (2%)           32M (1%)             -                  -          
[134.845s][info][gc,heap     ] GC(245) Reclaimed:         -                  -              2650M (65%)        2707M (66%)            -                  -          
[134.845s][info][gc          ] GC(245) Garbage Collection (Allocation Rate) 2842M(69%)->736M(18%)
[135.284s][info][gc,start    ] GC(246) Garbage Collection (Allocation Rate)
[135.285s][info][gc,task     ] GC(246) Using 1 workers
[135.285s][info][gc,phases   ] GC(246) Pause Mark Start 0.009ms
[135.502s][info][gc,phases   ] GC(246) Concurrent Mark 217.359ms
[135.502s][info][gc,phases   ] GC(246) Pause Mark End 0.021ms
[135.502s][info][gc,phases   ] GC(246) Concurrent Mark Free 0.002ms
[135.508s][info][gc,phases   ] GC(246) Concurrent Process Non-Strong References 5.175ms
[135.508s][info][gc,phases   ] GC(246) Concurrent Reset Relocation Set 0.005ms
[135.512s][info][gc,phases   ] GC(246) Concurrent Select Relocation Set 4.159ms
[135.512s][info][gc,phases   ] GC(246) Pause Relocate Start 0.013ms
[135.513s][info][gc,phases   ] GC(246) Concurrent Relocate 0.973ms
[135.513s][info][gc,load     ] GC(246) Load: 0.00/0.00/0.00
[135.513s][info][gc,mmu      ] GC(246) MMU: 2ms/96.2%, 5ms/98.5%, 10ms/99.0%, 20ms/99.5%, 50ms/99.8%, 100ms/99.9%
[135.513s][info][gc,marking  ] GC(246) Mark: 1 stripe(s), 2 proactive flush(es), 1 terminate flush(es), 0 completion(s), 0 continuation(s) 
[135.513s][info][gc,marking  ] GC(246) Mark Stack Usage: 32M
[135.513s][info][gc,nmethod  ] GC(246) NMethods: 1410 registered, 7 unregistered
[135.513s][info][gc,metaspace] GC(246) Metaspace: 11M used, 11M committed, 1088M reserved
[135.513s][info][gc,ref      ] GC(246) Soft: 197 encountered, 0 discovered, 0 enqueued
[135.513s][info][gc,ref      ] GC(246) Weak: 695 encountered, 187 discovered, 0 enqueued
[135.513s][info][gc,ref      ] GC(246) Final: 0 encountered, 0 discovered, 0 enqueued
[135.513s][info][gc,ref      ] GC(246) Phantom: 36 encountered, 21 discovered, 0 enqueued
[135.513s][info][gc,reloc    ] GC(246) Small Pages: 1166 / 2332M, Empty: 2202M, Relocated: 0M, In-Place: 0
[135.513s][info][gc,reloc    ] GC(246) Medium Pages: 13 / 416M, Empty: 384M, Relocated: 0M, In-Place: 0
[135.513s][info][gc,reloc    ] GC(246) Large Pages: 1 / 6M, Empty: 0M, Relocated: 0M, In-Place: 0
[135.513s][info][gc,reloc    ] GC(246) Forwarding Usage: 0M
[135.513s][info][gc,heap     ] GC(246) Min Capacity: 4096M(100%)
[135.513s][info][gc,heap     ] GC(246) Max Capacity: 4096M(100%)
[135.513s][info][gc,heap     ] GC(246) Soft Max Capacity: 4096M(100%)
[135.513s][info][gc,heap     ] GC(246)                Mark Start          Mark End        Relocate Start      Relocate End           High               Low         
[135.513s][info][gc,heap     ] GC(246)  Capacity:     4096M (100%)       4096M (100%)       4096M (100%)       4096M (100%)       4096M (100%)       4096M (100%)   
[135.513s][info][gc,heap     ] GC(246)      Free:     1342M (33%)         440M (11%)        2970M (73%)        3008M (73%)        3008M (73%)         408M (10%)    
[135.513s][info][gc,heap     ] GC(246)      Used:     2754M (67%)        3656M (89%)        1126M (27%)        1088M (27%)        3688M (90%)        1088M (27%)    
[135.513s][info][gc,heap     ] GC(246)      Live:         -                99M (2%)           99M (2%)           99M (2%)             -                  -          
[135.513s][info][gc,heap     ] GC(246) Allocated:         -               902M (22%)         958M (23%)         957M (23%)            -                  -          
[135.513s][info][gc,heap     ] GC(246)   Garbage:         -              2654M (65%)          68M (2%)           30M (1%)             -                  -          
[135.513s][info][gc,heap     ] GC(246) Reclaimed:         -                  -              2586M (63%)        2623M (64%)            -                  -          
[135.513s][info][gc          ] GC(246) Garbage Collection (Allocation Rate) 2754M(67%)->1088M(27%)
[135.787s][info][gc,start    ] GC(247) Garbage Collection (Allocation Rate)
[135.787s][info][gc,task     ] GC(247) Using 1 workers
[135.787s][info][gc,phases   ] GC(247) Pause Mark Start 0.018ms
[135.927s][info][gc,phases   ] GC(247) Concurrent Mark 140.197ms
[135.928s][info][gc,phases   ] GC(247) Pause Mark End 0.020ms
[135.928s][info][gc,phases   ] GC(247) Concurrent Mark Free 0.002ms
[135.944s][info][gc,phases   ] GC(247) Concurrent Process Non-Strong References 16.192ms
[135.944s][info][gc,phases   ] GC(247) Concurrent Reset Relocation Set 0.003ms
[135.946s][info][gc,phases   ] GC(247) Concurrent Select Relocation Set 2.428ms
[135.946s][info][gc,phases   ] GC(247) Pause Relocate Start 0.014ms
[135.950s][info][gc,phases   ] GC(247) Concurrent Relocate 3.409ms
[135.950s][info][gc,load     ] GC(247) Load: 0.00/0.00/0.00
[135.950s][info][gc,mmu      ] GC(247) MMU: 2ms/96.2%, 5ms/98.5%, 10ms/99.0%, 20ms/99.5%, 50ms/99.8%, 100ms/99.9%
[135.950s][info][gc,marking  ] GC(247) Mark: 1 stripe(s), 2 proactive flush(es), 1 terminate flush(es), 0 completion(s), 0 continuation(s) 
[135.950s][info][gc,marking  ] GC(247) Mark Stack Usage: 32M
[135.950s][info][gc,nmethod  ] GC(247) NMethods: 1410 registered, 7 unregistered
[135.950s][info][gc,metaspace] GC(247) Metaspace: 11M used, 11M committed, 1088M reserved
[135.950s][info][gc,ref      ] GC(247) Soft: 197 encountered, 0 discovered, 0 enqueued
[135.950s][info][gc,ref      ] GC(247) Weak: 695 encountered, 554 discovered, 0 enqueued
[135.950s][info][gc,ref      ] GC(247) Final: 0 encountered, 0 discovered, 0 enqueued
[135.950s][info][gc,ref      ] GC(247) Phantom: 36 encountered, 17 discovered, 0 enqueued
[135.950s][info][gc,reloc    ] GC(247) Small Pages: 996 / 1992M, Empty: 1870M, Relocated: 5M, In-Place: 0
[135.950s][info][gc,reloc    ] GC(247) Medium Pages: 11 / 352M, Empty: 320M, Relocated: 0M, In-Place: 0
[135.950s][info][gc,reloc    ] GC(247) Large Pages: 1 / 6M, Empty: 0M, Relocated: 0M, In-Place: 0
[135.950s][info][gc,reloc    ] GC(247) Forwarding Usage: 1M
[135.950s][info][gc,heap     ] GC(247) Min Capacity: 4096M(100%)
[135.950s][info][gc,heap     ] GC(247) Max Capacity: 4096M(100%)
[135.950s][info][gc,heap     ] GC(247) Soft Max Capacity: 4096M(100%)
[135.950s][info][gc,heap     ] GC(247)                Mark Start          Mark End        Relocate Start      Relocate End           High               Low         
[135.950s][info][gc,heap     ] GC(247)  Capacity:     4096M (100%)       4096M (100%)       4096M (100%)       4096M (100%)       4096M (100%)       4096M (100%)   
[135.950s][info][gc,heap     ] GC(247)      Free:     1746M (43%)        1222M (30%)        3338M (81%)        3364M (82%)        3366M (82%)        1148M (28%)    
[135.950s][info][gc,heap     ] GC(247)      Used:     2350M (57%)        2874M (70%)         758M (19%)         732M (18%)        2948M (72%)         730M (18%)    
[135.950s][info][gc,heap     ] GC(247)      Live:         -               101M (2%)          101M (2%)          101M (2%)             -                  -          
[135.950s][info][gc,heap     ] GC(247) Allocated:         -               524M (13%)         598M (15%)         599M (15%)            -                  -          
[135.950s][info][gc,heap     ] GC(247)   Garbage:         -              2248M (55%)          58M (1%)           31M (1%)             -                  -          
[135.950s][info][gc,heap     ] GC(247) Reclaimed:         -                  -              2190M (53%)        2217M (54%)            -                  -          
[135.950s][info][gc          ] GC(247) Garbage Collection (Allocation Rate) 2350M(57%)->732M(18%)
[136.274s][info][gc,start    ] GC(248) Garbage Collection (Allocation Rate)
[136.274s][info][gc,task     ] GC(248) Using 1 workers
[136.274s][info][gc,phases   ] GC(248) Pause Mark Start 0.014ms
[136.426s][info][gc,phases   ] GC(248) Concurrent Mark 152.448ms
[136.427s][info][gc,phases   ] GC(248) Pause Mark End 0.015ms
[136.427s][info][gc,phases   ] GC(248) Concurrent Mark Free 0.002ms
[136.429s][info][gc,phases   ] GC(248) Concurrent Process Non-Strong References 2.070ms
[136.429s][info][gc,phases   ] GC(248) Concurrent Reset Relocation Set 0.002ms
[136.431s][info][gc,phases   ] GC(248) Concurrent Select Relocation Set 1.854ms
[136.431s][info][gc,phases   ] GC(248) Pause Relocate Start 0.007ms
[136.432s][info][gc,phases   ] GC(248) Concurrent Relocate 0.880ms
[136.432s][info][gc,load     ] GC(248) Load: 0.00/0.00/0.00
[136.432s][info][gc,mmu      ] GC(248) MMU: 2ms/96.2%, 5ms/98.5%, 10ms/99.0%, 20ms/99.5%, 50ms/99.8%, 100ms/99.9%
[136.432s][info][gc,marking  ] GC(248) Mark: 1 stripe(s), 2 proactive flush(es), 1 terminate flush(es), 0 completion(s), 0 continuation(s) 
[136.432s][info][gc,marking  ] GC(248) Mark Stack Usage: 32M
[136.432s][info][gc,nmethod  ] GC(248) NMethods: 1410 registered, 7 unregistered
[136.432s][info][gc,metaspace] GC(248) Metaspace: 11M used, 11M committed, 1088M reserved
[136.432s][info][gc,ref      ] GC(248) Soft: 197 encountered, 0 discovered, 0 enqueued
[136.432s][info][gc,ref      ] GC(248) Weak: 695 encountered, 554 discovered, 0 enqueued
[136.432s][info][gc,ref      ] GC(248) Final: 0 encountered, 0 discovered, 0 enqueued
[136.432s][info][gc,ref      ] GC(248) Phantom: 36 encountered, 17 discovered, 0 enqueued
[136.432s][info][gc,reloc    ] GC(248) Small Pages: 959 / 1918M, Empty: 1802M, Relocated: 1M, In-Place: 0
[136.432s][info][gc,reloc    ] GC(248) Medium Pages: 11 / 352M, Empty: 320M, Relocated: 0M, In-Place: 0
[136.432s][info][gc,reloc    ] GC(248) Large Pages: 1 / 6M, Empty: 0M, Relocated: 0M, In-Place: 0
[136.432s][info][gc,reloc    ] GC(248) Forwarding Usage: 0M
[136.432s][info][gc,heap     ] GC(248) Min Capacity: 4096M(100%)
[136.432s][info][gc,heap     ] GC(248) Max Capacity: 4096M(100%)
[136.432s][info][gc,heap     ] GC(248) Soft Max Capacity: 4096M(100%)
[136.432s][info][gc,heap     ] GC(248)                Mark Start          Mark End        Relocate Start      Relocate End           High               Low         
[136.432s][info][gc,heap     ] GC(248)  Capacity:     4096M (100%)       4096M (100%)       4096M (100%)       4096M (100%)       4096M (100%)       4096M (100%)   
[136.432s][info][gc,heap     ] GC(248)      Free:     1820M (44%)        1420M (35%)        3542M (86%)        3566M (87%)        3566M (87%)        1420M (35%)    
[136.432s][info][gc,heap     ] GC(248)      Used:     2276M (56%)        2676M (65%)         554M (14%)         530M (13%)        2676M (65%)         530M (13%)    
[136.432s][info][gc,heap     ] GC(248)      Live:         -               101M (2%)          101M (2%)          101M (2%)             -                  -          
[136.432s][info][gc,heap     ] GC(248) Allocated:         -               400M (10%)         400M (10%)         400M (10%)            -                  -          
[136.432s][info][gc,heap     ] GC(248)   Garbage:         -              2174M (53%)          52M (1%)           28M (1%)             -                  -          
[136.432s][info][gc,heap     ] GC(248) Reclaimed:         -                  -              2122M (52%)        2146M (52%)            -                  -          
[136.432s][info][gc          ] GC(248) Garbage Collection (Allocation Rate) 2276M(56%)->530M(13%)
[136.432s][info][gc,start    ] GC(249) Garbage Collection (System.gc())
[136.432s][info][gc,task     ] GC(249) Using 2 workers
[136.432s][info][gc,phases   ] GC(249) Pause Mark Start 0.007ms
[136.494s][info][gc,phases   ] GC(249) Concurrent Mark 61.586ms
[136.494s][info][gc,phases   ] GC(249) Pause Mark End 0.025ms
[136.494s][info][gc,phases   ] GC(249) Concurrent Mark Free 0.002ms
[136.496s][info][gc,phases   ] GC(249) Concurrent Process Non-Strong References 2.478ms
[136.496s][info][gc,phases   ] GC(249) Concurrent Reset Relocation Set 0.002ms
[136.498s][info][gc,phases   ] GC(249) Concurrent Select Relocation Set 1.679ms
[136.498s][info][gc,phases   ] GC(249) Pause Relocate Start 0.007ms
[136.499s][info][gc,phases   ] GC(249) Concurrent Relocate 1.059ms
[136.499s][info][gc,load     ] GC(249) Load: 0.00/0.00/0.00
[136.499s][info][gc,mmu      ] GC(249) MMU: 2ms/96.2%, 5ms/98.5%, 10ms/99.0%, 20ms/99.5%, 50ms/99.8%, 100ms/99.9%
[136.499s][info][gc,marking  ] GC(249) Mark: 2 stripe(s), 1 proactive flush(es), 1 terminate flush(es), 0 completion(s), 0 continuation(s) 
[136.499s][info][gc,marking  ] GC(249) Mark Stack Usage: 32M
[136.499s][info][gc,nmethod  ] GC(249) NMethods: 1410 registered, 7 unregistered
[136.499s][info][gc,metaspace] GC(249) Metaspace: 11M used, 11M committed, 1088M reserved
[136.499s][info][gc,ref      ] GC(249) Soft: 197 encountered, 0 discovered, 0 enqueued
[136.499s][info][gc,ref      ] GC(249) Weak: 695 encountered, 38 discovered, 0 enqueued
[136.499s][info][gc,ref      ] GC(249) Final: 0 encountered, 0 discovered, 0 enqueued
[136.499s][info][gc,ref      ] GC(249) Phantom: 36 encountered, 16 discovered, 0 enqueued
[136.499s][info][gc,reloc    ] GC(249) Small Pages: 214 / 428M, Empty: 334M, Relocated: 1M, In-Place: 0
[136.499s][info][gc,reloc    ] GC(249) Medium Pages: 3 / 96M, Empty: 96M, Relocated: 0M, In-Place: 0
[136.499s][info][gc,reloc    ] GC(249) Large Pages: 1 / 6M, Empty: 0M, Relocated: 0M, In-Place: 0
[136.499s][info][gc,reloc    ] GC(249) Forwarding Usage: 0M
[136.499s][info][gc,heap     ] GC(249) Min Capacity: 4096M(100%)
[136.499s][info][gc,heap     ] GC(249) Max Capacity: 4096M(100%)
[136.499s][info][gc,heap     ] GC(249) Soft Max Capacity: 4096M(100%)
[136.499s][info][gc,heap     ] GC(249)                Mark Start          Mark End        Relocate Start      Relocate End           High               Low         
[136.499s][info][gc,heap     ] GC(249)  Capacity:     4096M (100%)       4096M (100%)       4096M (100%)       4096M (100%)       4096M (100%)       4096M (100%)   
[136.499s][info][gc,heap     ] GC(249)      Free:     3566M (87%)        3566M (87%)        3996M (98%)        3996M (98%)        3996M (98%)        3566M (87%)    
[136.499s][info][gc,heap     ] GC(249)      Used:      530M (13%)         530M (13%)         100M (2%)          100M (2%)          530M (13%)         100M (2%)     
[136.499s][info][gc,heap     ] GC(249)      Live:         -                95M (2%)           95M (2%)           95M (2%)             -                  -          
[136.499s][info][gc,heap     ] GC(249) Allocated:         -                 0M (0%)            0M (0%)            0M (0%)             -                  -          
[136.499s][info][gc,heap     ] GC(249)   Garbage:         -               434M (11%)           4M (0%)            4M (0%)             -                  -          
[136.499s][info][gc,heap     ] GC(249) Reclaimed:         -                  -               430M (10%)         430M (10%)            -                  -          
[136.499s][info][gc          ] GC(249) Garbage Collection (System.gc()) 530M(13%)->100M(2%)
[137.075s][info][gc,start    ] GC(250) Garbage Collection (Allocation Rate)
[137.075s][info][gc,task     ] GC(250) Using 1 workers
[137.075s][info][gc,phases   ] GC(250) Pause Mark Start 0.009ms
[137.212s][info][gc,phases   ] GC(250) Concurrent Mark 137.010ms
[137.212s][info][gc,phases   ] GC(250) Pause Mark End 0.013ms
[137.212s][info][gc,phases   ] GC(250) Concurrent Mark Free 0.001ms
[137.216s][info][gc,phases   ] GC(250) Concurrent Process Non-Strong References 3.820ms
[137.216s][info][gc,phases   ] GC(250) Concurrent Reset Relocation Set 0.002ms
[137.220s][info][gc,phases   ] GC(250) Concurrent Select Relocation Set 4.034ms
[137.220s][info][gc,phases   ] GC(250) Pause Relocate Start 0.014ms
[137.221s][info][gc,phases   ] GC(250) Concurrent Relocate 0.374ms
[137.221s][info][gc,load     ] GC(250) Load: 0.00/0.00/0.00
[137.221s][info][gc,mmu      ] GC(250) MMU: 2ms/96.2%, 5ms/98.5%, 10ms/99.0%, 20ms/99.5%, 50ms/99.8%, 100ms/99.9%
[137.221s][info][gc,marking  ] GC(250) Mark: 1 stripe(s), 2 proactive flush(es), 1 terminate flush(es), 0 completion(s), 0 continuation(s) 
[137.221s][info][gc,marking  ] GC(250) Mark Stack Usage: 32M
[137.221s][info][gc,nmethod  ] GC(250) NMethods: 1410 registered, 7 unregistered
[137.221s][info][gc,metaspace] GC(250) Metaspace: 11M used, 11M committed, 1088M reserved
[137.221s][info][gc,ref      ] GC(250) Soft: 197 encountered, 0 discovered, 0 enqueued
[137.221s][info][gc,ref      ] GC(250) Weak: 695 encountered, 554 discovered, 0 enqueued
[137.221s][info][gc,ref      ] GC(250) Final: 0 encountered, 0 discovered, 0 enqueued
[137.221s][info][gc,ref      ] GC(250) Phantom: 36 encountered, 17 discovered, 0 enqueued
[137.221s][info][gc,reloc    ] GC(250) Small Pages: 1203 / 2406M, Empty: 2292M, Relocated: 1M, In-Place: 0
[137.221s][info][gc,reloc    ] GC(250) Medium Pages: 12 / 384M, Empty: 352M, Relocated: 0M, In-Place: 0
[137.221s][info][gc,reloc    ] GC(250) Large Pages: 1 / 6M, Empty: 0M, Relocated: 0M, In-Place: 0
[137.221s][info][gc,reloc    ] GC(250) Forwarding Usage: 0M
[137.221s][info][gc,heap     ] GC(250) Min Capacity: 4096M(100%)
[137.221s][info][gc,heap     ] GC(250) Max Capacity: 4096M(100%)
[137.221s][info][gc,heap     ] GC(250) Soft Max Capacity: 4096M(100%)
[137.221s][info][gc,heap     ] GC(250)                Mark Start          Mark End        Relocate Start      Relocate End           High               Low         
[137.221s][info][gc,heap     ] GC(250)  Capacity:     4096M (100%)       4096M (100%)       4096M (100%)       4096M (100%)       4096M (100%)       4096M (100%)   
[137.221s][info][gc,heap     ] GC(250)      Free:     1300M (32%)         784M (19%)        3392M (83%)        3410M (83%)        3410M (83%)         770M (19%)    
[137.221s][info][gc,heap     ] GC(250)      Used:     2796M (68%)        3312M (81%)         704M (17%)         686M (17%)        3326M (81%)         686M (17%)    
[137.221s][info][gc,heap     ] GC(250)      Live:         -               100M (2%)          100M (2%)          100M (2%)             -                  -          
[137.221s][info][gc,heap     ] GC(250) Allocated:         -               516M (13%)         552M (13%)         554M (14%)            -                  -          
[137.221s][info][gc,heap     ] GC(250)   Garbage:         -              2695M (66%)          51M (1%)           31M (1%)             -                  -          
[137.221s][info][gc,heap     ] GC(250) Reclaimed:         -                  -              2644M (65%)        2664M (65%)            -                  -          
[137.221s][info][gc          ] GC(250) Garbage Collection (Allocation Rate) 2796M(68%)->686M(17%)
[137.688s][info][gc,start    ] GC(251) Garbage Collection (Allocation Rate)
[137.688s][info][gc,task     ] GC(251) Using 1 workers
[137.688s][info][gc,phases   ] GC(251) Pause Mark Start 0.010ms
[137.834s][info][gc,phases   ] GC(251) Concurrent Mark 145.915ms
[137.834s][info][gc,phases   ] GC(251) Pause Mark End 0.022ms
[137.834s][info][gc,phases   ] GC(251) Concurrent Mark Free 0.001ms
[137.838s][info][gc,phases   ] GC(251) Concurrent Process Non-Strong References 4.152ms
[137.838s][info][gc,phases   ] GC(251) Concurrent Reset Relocation Set 0.002ms
[137.841s][info][gc,phases   ] GC(251) Concurrent Select Relocation Set 2.770ms
[137.841s][info][gc,phases   ] GC(251) Pause Relocate Start 0.015ms
[137.845s][info][gc,phases   ] GC(251) Concurrent Relocate 3.259ms
[137.845s][info][gc,load     ] GC(251) Load: 0.00/0.00/0.00
[137.845s][info][gc,mmu      ] GC(251) MMU: 2ms/96.2%, 5ms/98.5%, 10ms/99.0%, 20ms/99.5%, 50ms/99.8%, 100ms/99.9%
[137.845s][info][gc,marking  ] GC(251) Mark: 1 stripe(s), 2 proactive flush(es), 1 terminate flush(es), 0 completion(s), 0 continuation(s) 
[137.845s][info][gc,marking  ] GC(251) Mark Stack Usage: 32M
[137.845s][info][gc,nmethod  ] GC(251) NMethods: 1410 registered, 7 unregistered
[137.845s][info][gc,metaspace] GC(251) Metaspace: 11M used, 11M committed, 1088M reserved
[137.845s][info][gc,ref      ] GC(251) Soft: 197 encountered, 0 discovered, 0 enqueued
[137.845s][info][gc,ref      ] GC(251) Weak: 695 encountered, 554 discovered, 0 enqueued
[137.845s][info][gc,ref      ] GC(251) Final: 0 encountered, 0 discovered, 0 enqueued
[137.845s][info][gc,ref      ] GC(251) Phantom: 36 encountered, 17 discovered, 0 enqueued
[137.845s][info][gc,reloc    ] GC(251) Small Pages: 1206 / 2412M, Empty: 2282M, Relocated: 4M, In-Place: 0
[137.845s][info][gc,reloc    ] GC(251) Medium Pages: 13 / 416M, Empty: 384M, Relocated: 0M, In-Place: 0
[137.845s][info][gc,reloc    ] GC(251) Large Pages: 1 / 6M, Empty: 0M, Relocated: 0M, In-Place: 0
[137.845s][info][gc,reloc    ] GC(251) Forwarding Usage: 1M
[137.845s][info][gc,heap     ] GC(251) Min Capacity: 4096M(100%)
[137.845s][info][gc,heap     ] GC(251) Max Capacity: 4096M(100%)
[137.845s][info][gc,heap     ] GC(251) Soft Max Capacity: 4096M(100%)
[137.845s][info][gc,heap     ] GC(251)                Mark Start          Mark End        Relocate Start      Relocate End           High               Low         
[137.845s][info][gc,heap     ] GC(251)  Capacity:     4096M (100%)       4096M (100%)       4096M (100%)       4096M (100%)       4096M (100%)       4096M (100%)   
[137.845s][info][gc,heap     ] GC(251)      Free:     1262M (31%)         688M (17%)        3330M (81%)        3366M (82%)        3366M (82%)         664M (16%)    
[137.845s][info][gc,heap     ] GC(251)      Used:     2834M (69%)        3408M (83%)         766M (19%)         730M (18%)        3432M (84%)         730M (18%)    
[137.845s][info][gc,heap     ] GC(251)      Live:         -               100M (2%)          100M (2%)          100M (2%)             -                  -          
[137.845s][info][gc,heap     ] GC(251) Allocated:         -               574M (14%)         598M (15%)         597M (15%)            -                  -          
[137.845s][info][gc,heap     ] GC(251)   Garbage:         -              2733M (67%)          67M (2%)           31M (1%)             -                  -          
[137.845s][info][gc,heap     ] GC(251) Reclaimed:         -                  -              2666M (65%)        2701M (66%)            -                  -          
[137.845s][info][gc          ] GC(251) Garbage Collection (Allocation Rate) 2834M(69%)->730M(18%)
[138.284s][info][gc,start    ] GC(252) Garbage Collection (Allocation Rate)
[138.285s][info][gc,task     ] GC(252) Using 1 workers
[138.285s][info][gc,phases   ] GC(252) Pause Mark Start 0.007ms
[138.431s][info][gc,phases   ] GC(252) Concurrent Mark 146.698ms
[138.432s][info][gc,phases   ] GC(252) Pause Mark End 0.021ms
[138.432s][info][gc,phases   ] GC(252) Concurrent Mark Free 0.001ms
[138.436s][info][gc,phases   ] GC(252) Concurrent Process Non-Strong References 4.543ms
[138.436s][info][gc,phases   ] GC(252) Concurrent Reset Relocation Set 0.005ms
[138.440s][info][gc,phases   ] GC(252) Concurrent Select Relocation Set 3.811ms
[138.440s][info][gc,phases   ] GC(252) Pause Relocate Start 0.012ms
[138.441s][info][gc,phases   ] GC(252) Concurrent Relocate 0.939ms
[138.441s][info][gc,load     ] GC(252) Load: 0.00/0.00/0.00
[138.441s][info][gc,mmu      ] GC(252) MMU: 2ms/96.2%, 5ms/98.5%, 10ms/99.0%, 20ms/99.5%, 50ms/99.8%, 100ms/99.9%
[138.441s][info][gc,marking  ] GC(252) Mark: 1 stripe(s), 2 proactive flush(es), 1 terminate flush(es), 0 completion(s), 0 continuation(s) 
[138.441s][info][gc,marking  ] GC(252) Mark Stack Usage: 32M
[138.441s][info][gc,nmethod  ] GC(252) NMethods: 1410 registered, 7 unregistered
[138.441s][info][gc,metaspace] GC(252) Metaspace: 11M used, 11M committed, 1088M reserved
[138.441s][info][gc,ref      ] GC(252) Soft: 197 encountered, 0 discovered, 0 enqueued
[138.441s][info][gc,ref      ] GC(252) Weak: 695 encountered, 187 discovered, 0 enqueued
[138.441s][info][gc,ref      ] GC(252) Final: 0 encountered, 0 discovered, 0 enqueued
[138.441s][info][gc,ref      ] GC(252) Phantom: 36 encountered, 21 discovered, 0 enqueued
[138.441s][info][gc,reloc    ] GC(252) Small Pages: 1166 / 2332M, Empty: 2202M, Relocated: 1M, In-Place: 0
[138.442s][info][gc,reloc    ] GC(252) Medium Pages: 13 / 416M, Empty: 416M, Relocated: 0M, In-Place: 0
[138.442s][info][gc,reloc    ] GC(252) Large Pages: 1 / 6M, Empty: 0M, Relocated: 0M, In-Place: 0
[138.442s][info][gc,reloc    ] GC(252) Forwarding Usage: 0M
[138.442s][info][gc,heap     ] GC(252) Min Capacity: 4096M(100%)
[138.442s][info][gc,heap     ] GC(252) Max Capacity: 4096M(100%)
[138.442s][info][gc,heap     ] GC(252) Soft Max Capacity: 4096M(100%)
[138.442s][info][gc,heap     ] GC(252)                Mark Start          Mark End        Relocate Start      Relocate End           High               Low         
[138.442s][info][gc,heap     ] GC(252)  Capacity:     4096M (100%)       4096M (100%)       4096M (100%)       4096M (100%)       4096M (100%)       4096M (100%)   
[138.442s][info][gc,heap     ] GC(252)      Free:     1342M (33%)         720M (18%)        3290M (80%)        3328M (81%)        3328M (81%)         694M (17%)    
[138.442s][info][gc,heap     ] GC(252)      Used:     2754M (67%)        3376M (82%)         806M (20%)         768M (19%)        3402M (83%)         768M (19%)    
[138.442s][info][gc,heap     ] GC(252)      Live:         -                96M (2%)           96M (2%)           96M (2%)             -                  -          
[138.442s][info][gc,heap     ] GC(252) Allocated:         -               622M (15%)         670M (16%)         669M (16%)            -                  -          
[138.442s][info][gc,heap     ] GC(252)   Garbage:         -              2657M (65%)          39M (1%)            1M (0%)             -                  -          
[138.442s][info][gc,heap     ] GC(252) Reclaimed:         -                  -              2618M (64%)        2655M (65%)            -                  -          
[138.442s][info][gc          ] GC(252) Garbage Collection (Allocation Rate) 2754M(67%)->768M(19%)
[138.881s][info][gc,start    ] GC(253) Garbage Collection (Allocation Rate)
[138.881s][info][gc,task     ] GC(253) Using 1 workers
[138.881s][info][gc,phases   ] GC(253) Pause Mark Start 0.012ms
[139.021s][info][gc,phases   ] GC(253) Concurrent Mark 139.559ms
[139.021s][info][gc,phases   ] GC(253) Pause Mark End 0.018ms
[139.021s][info][gc,phases   ] GC(253) Concurrent Mark Free 0.001ms
[139.038s][info][gc,phases   ] GC(253) Concurrent Process Non-Strong References 16.677ms
[139.038s][info][gc,phases   ] GC(253) Concurrent Reset Relocation Set 0.002ms
[139.040s][info][gc,phases   ] GC(253) Concurrent Select Relocation Set 2.448ms
[139.040s][info][gc,phases   ] GC(253) Pause Relocate Start 0.014ms
[139.044s][info][gc,phases   ] GC(253) Concurrent Relocate 3.000ms
[139.044s][info][gc,load     ] GC(253) Load: 0.00/0.00/0.00
[139.044s][info][gc,mmu      ] GC(253) MMU: 2ms/96.2%, 5ms/98.5%, 10ms/99.0%, 20ms/99.5%, 50ms/99.8%, 100ms/99.9%
[139.044s][info][gc,marking  ] GC(253) Mark: 1 stripe(s), 2 proactive flush(es), 1 terminate flush(es), 0 completion(s), 0 continuation(s) 
[139.044s][info][gc,marking  ] GC(253) Mark Stack Usage: 32M
[139.044s][info][gc,nmethod  ] GC(253) NMethods: 1410 registered, 7 unregistered
[139.044s][info][gc,metaspace] GC(253) Metaspace: 11M used, 11M committed, 1088M reserved
[139.044s][info][gc,ref      ] GC(253) Soft: 197 encountered, 0 discovered, 0 enqueued
[139.044s][info][gc,ref      ] GC(253) Weak: 695 encountered, 554 discovered, 0 enqueued
[139.044s][info][gc,ref      ] GC(253) Final: 0 encountered, 0 discovered, 0 enqueued
[139.044s][info][gc,ref      ] GC(253) Phantom: 36 encountered, 17 discovered, 0 enqueued
[139.044s][info][gc,reloc    ] GC(253) Small Pages: 1201 / 2402M, Empty: 2276M, Relocated: 3M, In-Place: 0
[139.044s][info][gc,reloc    ] GC(253) Medium Pages: 12 / 384M, Empty: 352M, Relocated: 0M, In-Place: 0
[139.044s][info][gc,reloc    ] GC(253) Large Pages: 1 / 6M, Empty: 0M, Relocated: 0M, In-Place: 0
[139.044s][info][gc,reloc    ] GC(253) Forwarding Usage: 1M
[139.044s][info][gc,heap     ] GC(253) Min Capacity: 4096M(100%)
[139.044s][info][gc,heap     ] GC(253) Max Capacity: 4096M(100%)
[139.044s][info][gc,heap     ] GC(253) Soft Max Capacity: 4096M(100%)
[139.044s][info][gc,heap     ] GC(253)                Mark Start          Mark End        Relocate Start      Relocate End           High               Low         
[139.044s][info][gc,heap     ] GC(253)  Capacity:     4096M (100%)       4096M (100%)       4096M (100%)       4096M (100%)       4096M (100%)       4096M (100%)   
[139.044s][info][gc,heap     ] GC(253)      Free:     1304M (32%)         784M (19%)        3336M (81%)        3368M (82%)        3368M (82%)         708M (17%)    
[139.044s][info][gc,heap     ] GC(253)      Used:     2792M (68%)        3312M (81%)         760M (19%)         728M (18%)        3388M (83%)         728M (18%)    
[139.044s][info][gc,heap     ] GC(253)      Live:         -               101M (2%)          101M (2%)          101M (2%)             -                  -          
[139.044s][info][gc,heap     ] GC(253) Allocated:         -               520M (13%)         596M (15%)         597M (15%)            -                  -          
[139.044s][info][gc,heap     ] GC(253)   Garbage:         -              2690M (66%)          62M (2%)           28M (1%)             -                  -          
[139.044s][info][gc,heap     ] GC(253) Reclaimed:         -                  -              2628M (64%)        2661M (65%)            -                  -          
[139.044s][info][gc          ] GC(253) Garbage Collection (Allocation Rate) 2792M(68%)->728M(18%)
[139.477s][info][gc,start    ] GC(254) Garbage Collection (Allocation Rate)
[139.477s][info][gc,task     ] GC(254) Using 1 workers
[139.478s][info][gc,phases   ] GC(254) Pause Mark Start 0.009ms
[139.618s][info][gc,phases   ] GC(254) Concurrent Mark 140.284ms
[139.618s][info][gc,phases   ] GC(254) Pause Mark End 0.012ms
[139.618s][info][gc,phases   ] GC(254) Concurrent Mark Free 0.001ms
[139.628s][info][gc,phases   ] GC(254) Concurrent Process Non-Strong References 9.747ms
[139.628s][info][gc,phases   ] GC(254) Concurrent Reset Relocation Set 0.004ms
[139.632s][info][gc,phases   ] GC(254) Concurrent Select Relocation Set 3.547ms
[139.632s][info][gc,phases   ] GC(254) Pause Relocate Start 0.011ms
[139.633s][info][gc,phases   ] GC(254) Concurrent Relocate 1.154ms
[139.633s][info][gc,load     ] GC(254) Load: 0.00/0.00/0.00
[139.633s][info][gc,mmu      ] GC(254) MMU: 2ms/96.2%, 5ms/98.5%, 10ms/99.0%, 20ms/99.5%, 50ms/99.8%, 100ms/99.9%
[139.633s][info][gc,marking  ] GC(254) Mark: 1 stripe(s), 2 proactive flush(es), 1 terminate flush(es), 0 completion(s), 0 continuation(s) 
[139.633s][info][gc,marking  ] GC(254) Mark Stack Usage: 32M
[139.633s][info][gc,nmethod  ] GC(254) NMethods: 1410 registered, 7 unregistered
[139.633s][info][gc,metaspace] GC(254) Metaspace: 11M used, 11M committed, 1088M reserved
[139.633s][info][gc,ref      ] GC(254) Soft: 197 encountered, 0 discovered, 0 enqueued
[139.633s][info][gc,ref      ] GC(254) Weak: 695 encountered, 187 discovered, 0 enqueued
[139.633s][info][gc,ref      ] GC(254) Final: 0 encountered, 0 discovered, 0 enqueued
[139.633s][info][gc,ref      ] GC(254) Phantom: 36 encountered, 21 discovered, 0 enqueued
[139.633s][info][gc,reloc    ] GC(254) Small Pages: 1163 / 2326M, Empty: 2218M, Relocated: 0M, In-Place: 0
[139.633s][info][gc,reloc    ] GC(254) Medium Pages: 13 / 416M, Empty: 416M, Relocated: 0M, In-Place: 0
[139.633s][info][gc,reloc    ] GC(254) Large Pages: 1 / 6M, Empty: 0M, Relocated: 0M, In-Place: 0
[139.633s][info][gc,reloc    ] GC(254) Forwarding Usage: 0M
[139.633s][info][gc,heap     ] GC(254) Min Capacity: 4096M(100%)
[139.633s][info][gc,heap     ] GC(254) Max Capacity: 4096M(100%)
[139.633s][info][gc,heap     ] GC(254) Soft Max Capacity: 4096M(100%)
[139.633s][info][gc,heap     ] GC(254)                Mark Start          Mark End        Relocate Start      Relocate End           High               Low         
[139.633s][info][gc,heap     ] GC(254)  Capacity:     4096M (100%)       4096M (100%)       4096M (100%)       4096M (100%)       4096M (100%)       4096M (100%)   
[139.633s][info][gc,heap     ] GC(254)      Free:     1348M (33%)         752M (18%)        3306M (81%)        3320M (81%)        3320M (81%)         690M (17%)    
[139.633s][info][gc,heap     ] GC(254)      Used:     2748M (67%)        3344M (82%)         790M (19%)         776M (19%)        3406M (83%)         776M (19%)    
[139.633s][info][gc,heap     ] GC(254)      Live:         -                95M (2%)           95M (2%)           95M (2%)             -                  -          
[139.633s][info][gc,heap     ] GC(254) Allocated:         -               596M (15%)         676M (17%)         677M (17%)            -                  -          
[139.633s][info][gc,heap     ] GC(254)   Garbage:         -              2652M (65%)          18M (0%)            2M (0%)             -                  -          
[139.633s][info][gc,heap     ] GC(254) Reclaimed:         -                  -              2634M (64%)        2649M (65%)            -                  -          
[139.633s][info][gc          ] GC(254) Garbage Collection (Allocation Rate) 2748M(67%)->776M(19%)
[140.074s][info][gc,start    ] GC(255) Garbage Collection (Allocation Rate)
[140.074s][info][gc,task     ] GC(255) Using 1 workers
[140.074s][info][gc,phases   ] GC(255) Pause Mark Start 0.010ms
[140.183s][info][gc,stats    ] === Garbage Collection Statistics =======================================================================================================================
[140.184s][info][gc,stats    ]                                                              Last 10s              Last 10m              Last 10h                Total
[140.184s][info][gc,stats    ]                                                              Avg / Max             Avg / Max             Avg / Max             Avg / Max
[140.184s][info][gc,stats    ]   Collector: Garbage Collection Cycle                    159.371 / 228.765     161.302 / 259.019     161.302 / 259.019     161.302 / 259.019     ms
[140.184s][info][gc,stats    ]  Contention: Mark Segment Reset Contention                     0 / 1                 0 / 2                 0 / 2                 0 / 2           ops/s
[140.184s][info][gc,stats    ]  Contention: Mark SeqNum Reset Contention                      0 / 0                 0 / 2                 0 / 2                 0 / 2           ops/s
[140.184s][info][gc,stats    ]    Critical: Allocation Stall                                  0 / 0                 0 / 0                 0 / 0                 0 / 0           ops/s
[140.184s][info][gc,stats    ]    Critical: Allocation Stall                              0.000 / 0.000         0.000 / 0.000         0.000 / 0.000         0.000 / 0.000       ms
[140.184s][info][gc,stats    ]    Critical: GC Locker Stall                                   0 / 0                 0 / 0                 0 / 0                 0 / 0           ops/s
[140.184s][info][gc,stats    ]    Critical: GC Locker Stall                               0.000 / 0.000         0.000 / 0.000         0.000 / 0.000         0.000 / 0.000       ms
[140.184s][info][gc,stats    ]    Critical: Relocation Stall                                  0 / 0                 0 / 0                 0 / 0                 0 / 0           ops/s
[140.184s][info][gc,stats    ]    Critical: Relocation Stall                              0.000 / 0.000         0.000 / 0.000         0.000 / 0.000         0.000 / 0.000       ms
[140.184s][info][gc,stats    ]      Memory: Allocation Rate                                4370 / 4526           4269 / 4592           4269 / 4592           4269 / 4592        MB/s
[140.184s][info][gc,stats    ]      Memory: Defragment                                        0 / 0                 0 / 0                 0 / 0                 0 / 0           ops/s
[140.184s][info][gc,stats    ]      Memory: Out Of Memory                                     0 / 0                 0 / 0                 0 / 0                 0 / 0           ops/s
[140.184s][info][gc,stats    ]      Memory: Page Cache Flush                                  0 / 0                 0 / 0                 0 / 0                 0 / 0           MB/s
[140.184s][info][gc,stats    ]      Memory: Page Cache Hit L1                              1890 / 1949           1835 / 2002           1835 / 2002           1835 / 2002        ops/s
[140.184s][info][gc,stats    ]      Memory: Page Cache Hit L2                                 0 / 0                 0 / 0                 0 / 0                 0 / 0           ops/s
[140.184s][info][gc,stats    ]      Memory: Page Cache Hit L3                                 0 / 0                12 / 437              12 / 437              12 / 437         ops/s
[140.184s][info][gc,stats    ]      Memory: Page Cache Miss                                   0 / 0                 0 / 1                 0 / 1                 0 / 1           ops/s
[140.184s][info][gc,stats    ]      Memory: Uncommit                                          0 / 0                 0 / 0                 0 / 0                 0 / 0           MB/s
[140.184s][info][gc,stats    ]      Memory: Undo Object Allocation Failed                     0 / 0                 0 / 1                 0 / 1                 0 / 1           ops/s
[140.184s][info][gc,stats    ]      Memory: Undo Object Allocation Succeeded                  0 / 6                14 / 357              14 / 357              14 / 357         ops/s
[140.184s][info][gc,stats    ]      Memory: Undo Page Allocation                              1 / 4                 2 / 7                 2 / 7                 2 / 7           ops/s
[140.184s][info][gc,stats    ]       Phase: Concurrent Mark                             147.219 / 217.359     149.821 / 251.310     149.821 / 251.310     149.821 / 251.310     ms
[140.184s][info][gc,stats    ]       Phase: Concurrent Mark Continue                      0.000 / 0.000         0.000 / 0.000         0.000 / 0.000         0.000 / 0.000       ms
[140.184s][info][gc,stats    ]       Phase: Concurrent Mark Free                          0.001 / 0.003         0.002 / 0.005         0.002 / 0.005         0.002 / 0.005       ms
[140.184s][info][gc,stats    ]       Phase: Concurrent Process Non-Strong References      5.954 / 16.677        5.368 / 24.469        5.368 / 24.469        5.368 / 24.469      ms
[140.184s][info][gc,stats    ]       Phase: Concurrent Relocate                           2.010 / 3.930         2.019 / 57.532        2.019 / 57.532        2.019 / 57.532      ms
[140.184s][info][gc,stats    ]       Phase: Concurrent Reset Relocation Set               0.004 / 0.007         0.004 / 0.026         0.004 / 0.026         0.004 / 0.026       ms
[140.184s][info][gc,stats    ]       Phase: Concurrent Select Relocation Set              3.226 / 4.611         3.060 / 13.885        3.060 / 13.885        3.060 / 13.885      ms
[140.184s][info][gc,stats    ]       Phase: Pause Mark End                                0.018 / 0.031         0.018 / 0.047         0.018 / 0.047         0.018 / 0.047       ms
[140.184s][info][gc,stats    ]       Phase: Pause Mark Start                              0.010 / 0.018         0.010 / 0.027         0.010 / 0.027         0.010 / 0.027       ms
[140.184s][info][gc,stats    ]       Phase: Pause Relocate Start                          0.012 / 0.022         0.012 / 0.077         0.012 / 0.077         0.012 / 0.077       ms
[140.184s][info][gc,stats    ]    Subphase: Concurrent Classes Purge                      0.015 / 0.037         0.017 / 0.208         0.017 / 0.208         0.017 / 0.208       ms
[140.184s][info][gc,stats    ]    Subphase: Concurrent Classes Unlink                     3.139 / 3.848         2.667 / 3.848         2.667 / 3.848         2.667 / 3.848       ms
[140.184s][info][gc,stats    ]    Subphase: Concurrent Mark                             136.654 / 216.668     135.034 / 250.559     135.034 / 250.559     135.034 / 250.559     ms
[140.184s][info][gc,stats    ]    Subphase: Concurrent Mark Try Flush                     0.456 / 4.814         0.796 / 17.896        0.796 / 17.896        0.796 / 17.896      ms
[140.184s][info][gc,stats    ]    Subphase: Concurrent Mark Try Terminate                 0.837 / 15.230        1.222 / 17.378        1.222 / 17.378        1.222 / 17.378      ms
[140.184s][info][gc,stats    ]    Subphase: Concurrent References Enqueue                 0.001 / 0.002         0.001 / 0.015         0.001 / 0.015         0.001 / 0.015       ms
[140.184s][info][gc,stats    ]    Subphase: Concurrent References Process                 0.098 / 0.184         0.085 / 0.535         0.085 / 0.535         0.085 / 0.535       ms
[140.184s][info][gc,stats    ]    Subphase: Concurrent Roots ClassLoaderDataGraph         0.074 / 0.126         0.070 / 0.272         0.070 / 0.272         0.070 / 0.272       ms
[140.184s][info][gc,stats    ]    Subphase: Concurrent Roots CodeCache                    0.000 / 0.000         0.000 / 0.000         0.000 / 0.000         0.000 / 0.000       ms
[140.184s][info][gc,stats    ]    Subphase: Concurrent Roots JavaThreads                  0.579 / 0.978         0.628 / 7.312         0.628 / 7.312         0.628 / 7.312       ms
[140.184s][info][gc,stats    ]    Subphase: Concurrent Roots OopStorageSet                0.030 / 0.099         0.029 / 0.099         0.029 / 0.099         0.029 / 0.099       ms
[140.184s][info][gc,stats    ]    Subphase: Concurrent Weak Roots OopStorageSet           0.198 / 0.242         0.186 / 0.369         0.186 / 0.369         0.186 / 0.369       ms
[140.184s][info][gc,stats    ]    Subphase: Pause Mark Try Complete                       0.000 / 0.000         0.000 / 0.000         0.000 / 0.000         0.000 / 0.000       ms
[140.184s][info][gc,stats    ]      System: Java Threads                                     24 / 24               23 / 24               23 / 24               23 / 24          threads
[140.184s][info][gc,stats    ] =========================================================================================================================================================
[140.298s][info][gc,phases   ] GC(255) Concurrent Mark 223.631ms
[140.298s][info][gc,phases   ] GC(255) Pause Mark End 0.018ms
[140.298s][info][gc,phases   ] GC(255) Concurrent Mark Free 0.001ms
[140.302s][info][gc,phases   ] GC(255) Concurrent Process Non-Strong References 4.099ms
[140.302s][info][gc,phases   ] GC(255) Concurrent Reset Relocation Set 0.003ms
[140.305s][info][gc,phases   ] GC(255) Concurrent Select Relocation Set 2.756ms
[140.305s][info][gc,phases   ] GC(255) Pause Relocate Start 0.011ms
[140.306s][info][gc,phases   ] GC(255) Concurrent Relocate 1.197ms
[140.306s][info][gc,load     ] GC(255) Load: 0.00/0.00/0.00
[140.306s][info][gc,mmu      ] GC(255) MMU: 2ms/96.2%, 5ms/98.5%, 10ms/99.0%, 20ms/99.5%, 50ms/99.8%, 100ms/99.9%
[140.306s][info][gc,marking  ] GC(255) Mark: 1 stripe(s), 2 proactive flush(es), 1 terminate flush(es), 0 completion(s), 0 continuation(s) 
[140.306s][info][gc,marking  ] GC(255) Mark Stack Usage: 32M
[140.306s][info][gc,nmethod  ] GC(255) NMethods: 1411 registered, 7 unregistered
[140.306s][info][gc,metaspace] GC(255) Metaspace: 11M used, 11M committed, 1088M reserved
[140.306s][info][gc,ref      ] GC(255) Soft: 197 encountered, 0 discovered, 0 enqueued
[140.306s][info][gc,ref      ] GC(255) Weak: 695 encountered, 187 discovered, 0 enqueued
[140.306s][info][gc,ref      ] GC(255) Final: 0 encountered, 0 discovered, 0 enqueued
[140.306s][info][gc,ref      ] GC(255) Phantom: 36 encountered, 21 discovered, 0 enqueued
[140.306s][info][gc,reloc    ] GC(255) Small Pages: 1202 / 2404M, Empty: 2282M, Relocated: 0M, In-Place: 0
[140.306s][info][gc,reloc    ] GC(255) Medium Pages: 12 / 384M, Empty: 352M, Relocated: 0M, In-Place: 0
[140.306s][info][gc,reloc    ] GC(255) Large Pages: 1 / 6M, Empty: 0M, Relocated: 0M, In-Place: 0
[140.306s][info][gc,reloc    ] GC(255) Forwarding Usage: 0M
[140.306s][info][gc,heap     ] GC(255) Min Capacity: 4096M(100%)
[140.306s][info][gc,heap     ] GC(255) Max Capacity: 4096M(100%)
[140.306s][info][gc,heap     ] GC(255) Soft Max Capacity: 4096M(100%)
[140.306s][info][gc,heap     ] GC(255)                Mark Start          Mark End        Relocate Start      Relocate End           High               Low         
[140.306s][info][gc,heap     ] GC(255)  Capacity:     4096M (100%)       4096M (100%)       4096M (100%)       4096M (100%)       4096M (100%)       4096M (100%)   
[140.306s][info][gc,heap     ] GC(255)      Free:     1302M (32%)         374M (9%)         2948M (72%)        2978M (73%)        2980M (73%)         346M (8%)     
[140.306s][info][gc,heap     ] GC(255)      Used:     2794M (68%)        3722M (91%)        1148M (28%)        1118M (27%)        3750M (92%)        1116M (27%)    
[140.306s][info][gc,heap     ] GC(255)      Live:         -                99M (2%)           99M (2%)           99M (2%)             -                  -          
[140.306s][info][gc,heap     ] GC(255) Allocated:         -               928M (23%)         988M (24%)         987M (24%)            -                  -          
[140.306s][info][gc,heap     ] GC(255)   Garbage:         -              2694M (66%)          60M (1%)           30M (1%)             -                  -          
[140.306s][info][gc,heap     ] GC(255) Reclaimed:         -                  -              2634M (64%)        2663M (65%)            -                  -          
[140.306s][info][gc          ] GC(255) Garbage Collection (Allocation Rate) 2794M(68%)->1118M(27%)
[140.576s][info][gc,start    ] GC(256) Garbage Collection (Allocation Rate)
[140.576s][info][gc,task     ] GC(256) Using 1 workers
[140.576s][info][gc,phases   ] GC(256) Pause Mark Start 0.010ms
[140.739s][info][gc,phases   ] GC(256) Concurrent Mark 162.210ms
[140.739s][info][gc,phases   ] GC(256) Pause Mark End 0.020ms
[140.739s][info][gc,phases   ] GC(256) Concurrent Mark Free 0.001ms
[140.747s][info][gc,phases   ] GC(256) Concurrent Process Non-Strong References 8.056ms
[140.747s][info][gc,phases   ] GC(256) Concurrent Reset Relocation Set 0.006ms
[140.751s][info][gc,phases   ] GC(256) Concurrent Select Relocation Set 3.733ms
[140.751s][info][gc,phases   ] GC(256) Pause Relocate Start 0.012ms
[140.753s][info][gc,phases   ] GC(256) Concurrent Relocate 1.933ms
[140.753s][info][gc,load     ] GC(256) Load: 0.00/0.00/0.00
[140.753s][info][gc,mmu      ] GC(256) MMU: 2ms/96.2%, 5ms/98.5%, 10ms/99.0%, 20ms/99.5%, 50ms/99.8%, 100ms/99.9%
[140.753s][info][gc,marking  ] GC(256) Mark: 1 stripe(s), 2 proactive flush(es), 1 terminate flush(es), 0 completion(s), 0 continuation(s) 
[140.753s][info][gc,marking  ] GC(256) Mark Stack Usage: 32M
[140.753s][info][gc,nmethod  ] GC(256) NMethods: 1411 registered, 7 unregistered
[140.753s][info][gc,metaspace] GC(256) Metaspace: 11M used, 11M committed, 1088M reserved
[140.753s][info][gc,ref      ] GC(256) Soft: 197 encountered, 0 discovered, 0 enqueued
[140.753s][info][gc,ref      ] GC(256) Weak: 695 encountered, 187 discovered, 0 enqueued
[140.753s][info][gc,ref      ] GC(256) Final: 0 encountered, 0 discovered, 0 enqueued
[140.753s][info][gc,ref      ] GC(256) Phantom: 36 encountered, 21 discovered, 0 enqueued
[140.753s][info][gc,reloc    ] GC(256) Small Pages: 979 / 1958M, Empty: 1822M, Relocated: 4M, In-Place: 0
[140.753s][info][gc,reloc    ] GC(256) Medium Pages: 11 / 352M, Empty: 352M, Relocated: 0M, In-Place: 0
[140.753s][info][gc,reloc    ] GC(256) Large Pages: 1 / 6M, Empty: 0M, Relocated: 0M, In-Place: 0
[140.753s][info][gc,reloc    ] GC(256) Forwarding Usage: 0M
[140.753s][info][gc,heap     ] GC(256) Min Capacity: 4096M(100%)
[140.753s][info][gc,heap     ] GC(256) Max Capacity: 4096M(100%)
[140.753s][info][gc,heap     ] GC(256) Soft Max Capacity: 4096M(100%)
[140.753s][info][gc,heap     ] GC(256)                Mark Start          Mark End        Relocate Start      Relocate End           High               Low         
[140.753s][info][gc,heap     ] GC(256)  Capacity:     4096M (100%)       4096M (100%)       4096M (100%)       4096M (100%)       4096M (100%)       4096M (100%)   
[140.753s][info][gc,heap     ] GC(256)      Free:     1780M (43%)        1140M (28%)        3208M (78%)        3248M (79%)        3248M (79%)        1080M (26%)    
[140.753s][info][gc,heap     ] GC(256)      Used:     2316M (57%)        2956M (72%)         888M (22%)         848M (21%)        3016M (74%)         848M (21%)    
[140.753s][info][gc,heap     ] GC(256)      Live:         -                99M (2%)           99M (2%)           99M (2%)             -                  -          
[140.753s][info][gc,heap     ] GC(256) Allocated:         -               640M (16%)         746M (18%)         745M (18%)            -                  -          
[140.753s][info][gc,heap     ] GC(256)   Garbage:         -              2216M (54%)          42M (1%)            2M (0%)             -                  -          
[140.753s][info][gc,heap     ] GC(256) Reclaimed:         -                  -              2174M (53%)        2213M (54%)            -                  -          
[140.753s][info][gc          ] GC(256) Garbage Collection (Allocation Rate) 2316M(57%)->848M(21%)
[140.852s][info][gc,start    ] GC(257) Garbage Collection (System.gc())
[140.852s][info][gc,task     ] GC(257) Using 2 workers
[140.852s][info][gc,phases   ] GC(257) Pause Mark Start 0.007ms
[140.922s][info][gc,phases   ] GC(257) Concurrent Mark 69.182ms
[140.922s][info][gc,phases   ] GC(257) Pause Mark End 0.027ms
[140.922s][info][gc,phases   ] GC(257) Concurrent Mark Free 0.003ms
[140.924s][info][gc,phases   ] GC(257) Concurrent Process Non-Strong References 2.028ms
[140.924s][info][gc,phases   ] GC(257) Concurrent Reset Relocation Set 0.003ms
[140.926s][info][gc,phases   ] GC(257) Concurrent Select Relocation Set 2.324ms
[140.926s][info][gc,phases   ] GC(257) Pause Relocate Start 0.004ms
[140.927s][info][gc,phases   ] GC(257) Concurrent Relocate 0.743ms
[140.927s][info][gc,load     ] GC(257) Load: 0.00/0.00/0.00
[140.927s][info][gc,mmu      ] GC(257) MMU: 2ms/96.2%, 5ms/98.5%, 10ms/99.0%, 20ms/99.5%, 50ms/99.8%, 100ms/99.9%
[140.927s][info][gc,marking  ] GC(257) Mark: 2 stripe(s), 1 proactive flush(es), 1 terminate flush(es), 0 completion(s), 0 continuation(s) 
[140.927s][info][gc,marking  ] GC(257) Mark Stack Usage: 32M
[140.927s][info][gc,nmethod  ] GC(257) NMethods: 1412 registered, 7 unregistered
[140.927s][info][gc,metaspace] GC(257) Metaspace: 11M used, 11M committed, 1088M reserved
[140.927s][info][gc,ref      ] GC(257) Soft: 197 encountered, 0 discovered, 0 enqueued
[140.927s][info][gc,ref      ] GC(257) Weak: 695 encountered, 188 discovered, 0 enqueued
[140.927s][info][gc,ref      ] GC(257) Final: 0 encountered, 0 discovered, 0 enqueued
[140.927s][info][gc,ref      ] GC(257) Phantom: 36 encountered, 16 discovered, 0 enqueued
[140.927s][info][gc,reloc    ] GC(257) Small Pages: 521 / 1042M, Empty: 944M, Relocated: 0M, In-Place: 0
[140.927s][info][gc,reloc    ] GC(257) Medium Pages: 5 / 160M, Empty: 160M, Relocated: 0M, In-Place: 0
[140.927s][info][gc,reloc    ] GC(257) Large Pages: 1 / 6M, Empty: 0M, Relocated: 0M, In-Place: 0
[140.927s][info][gc,reloc    ] GC(257) Forwarding Usage: 0M
[140.927s][info][gc,heap     ] GC(257) Min Capacity: 4096M(100%)
[140.927s][info][gc,heap     ] GC(257) Max Capacity: 4096M(100%)
[140.927s][info][gc,heap     ] GC(257) Soft Max Capacity: 4096M(100%)
[140.927s][info][gc,heap     ] GC(257)                Mark Start          Mark End        Relocate Start      Relocate End           High               Low         
[140.927s][info][gc,heap     ] GC(257)  Capacity:     4096M (100%)       4096M (100%)       4096M (100%)       4096M (100%)       4096M (100%)       4096M (100%)   
[140.927s][info][gc,heap     ] GC(257)      Free:     2888M (71%)        2888M (71%)        3992M (97%)        3996M (98%)        3996M (98%)        2888M (71%)    
[140.927s][info][gc,heap     ] GC(257)      Used:     1208M (29%)        1208M (29%)         104M (3%)          100M (2%)         1208M (29%)         100M (2%)     
[140.927s][info][gc,heap     ] GC(257)      Live:         -                95M (2%)           95M (2%)           95M (2%)             -                  -          
[140.927s][info][gc,heap     ] GC(257) Allocated:         -                 0M (0%)            0M (0%)            0M (0%)             -                  -          
[140.927s][info][gc,heap     ] GC(257)   Garbage:         -              1112M (27%)           8M (0%)            4M (0%)             -                  -          
[140.927s][info][gc,heap     ] GC(257) Reclaimed:         -                  -              1104M (27%)        1108M (27%)            -                  -          
[140.927s][info][gc          ] GC(257) Garbage Collection (System.gc()) 1208M(29%)->100M(2%)
[141.487s][info][gc,start    ] GC(258) Garbage Collection (Allocation Rate)
[141.487s][info][gc,task     ] GC(258) Using 1 workers
[141.487s][info][gc,phases   ] GC(258) Pause Mark Start 0.011ms
[141.711s][info][gc,phases   ] GC(258) Concurrent Mark 223.649ms
[141.711s][info][gc,phases   ] GC(258) Pause Mark End 0.023ms
[141.711s][info][gc,phases   ] GC(258) Concurrent Mark Free 0.003ms
[141.715s][info][gc,phases   ] GC(258) Concurrent Process Non-Strong References 3.455ms
[141.715s][info][gc,phases   ] GC(258) Concurrent Reset Relocation Set 0.003ms
[141.718s][info][gc,phases   ] GC(258) Concurrent Select Relocation Set 2.625ms
[141.718s][info][gc,phases   ] GC(258) Pause Relocate Start 0.011ms
[141.719s][info][gc,phases   ] GC(258) Concurrent Relocate 1.623ms
[141.720s][info][gc,load     ] GC(258) Load: 0.00/0.00/0.00
[141.720s][info][gc,mmu      ] GC(258) MMU: 2ms/96.2%, 5ms/98.5%, 10ms/99.0%, 20ms/99.5%, 50ms/99.8%, 100ms/99.9%
[141.720s][info][gc,marking  ] GC(258) Mark: 1 stripe(s), 2 proactive flush(es), 1 terminate flush(es), 0 completion(s), 0 continuation(s) 
[141.720s][info][gc,marking  ] GC(258) Mark Stack Usage: 32M
[141.720s][info][gc,nmethod  ] GC(258) NMethods: 1412 registered, 7 unregistered
[141.720s][info][gc,metaspace] GC(258) Metaspace: 11M used, 11M committed, 1088M reserved
[141.720s][info][gc,ref      ] GC(258) Soft: 197 encountered, 0 discovered, 0 enqueued
[141.720s][info][gc,ref      ] GC(258) Weak: 695 encountered, 187 discovered, 0 enqueued
[141.720s][info][gc,ref      ] GC(258) Final: 0 encountered, 0 discovered, 0 enqueued
[141.720s][info][gc,ref      ] GC(258) Phantom: 36 encountered, 21 discovered, 0 enqueued
[141.720s][info][gc,reloc    ] GC(258) Small Pages: 1164 / 2328M, Empty: 2218M, Relocated: 0M, In-Place: 0
[141.720s][info][gc,reloc    ] GC(258) Medium Pages: 12 / 384M, Empty: 320M, Relocated: 3M, In-Place: 0
[141.720s][info][gc,reloc    ] GC(258) Large Pages: 1 / 6M, Empty: 0M, Relocated: 0M, In-Place: 0
[141.720s][info][gc,reloc    ] GC(258) Forwarding Usage: 0M
[141.720s][info][gc,heap     ] GC(258) Min Capacity: 4096M(100%)
[141.720s][info][gc,heap     ] GC(258) Max Capacity: 4096M(100%)
[141.720s][info][gc,heap     ] GC(258) Soft Max Capacity: 4096M(100%)
[141.720s][info][gc,heap     ] GC(258)                Mark Start          Mark End        Relocate Start      Relocate End           High               Low         
[141.720s][info][gc,heap     ] GC(258)  Capacity:     4096M (100%)       4096M (100%)       4096M (100%)       4096M (100%)       4096M (100%)       4096M (100%)   
[141.720s][info][gc,heap     ] GC(258)      Free:     1378M (34%)         432M (11%)        2926M (71%)        2972M (73%)        2972M (73%)         388M (9%)     
[141.720s][info][gc,heap     ] GC(258)      Used:     2718M (66%)        3664M (89%)        1170M (29%)        1124M (27%)        3708M (91%)        1124M (27%)    
[141.720s][info][gc,heap     ] GC(258)      Live:         -                99M (2%)           99M (2%)           99M (2%)             -                  -          
[141.720s][info][gc,heap     ] GC(258) Allocated:         -               946M (23%)         990M (24%)         993M (24%)            -                  -          
[141.720s][info][gc,heap     ] GC(258)   Garbage:         -              2618M (64%)          80M (2%)           30M (1%)             -                  -          
[141.720s][info][gc,heap     ] GC(258) Reclaimed:         -                  -              2538M (62%)        2587M (63%)            -                  -          
[141.720s][info][gc          ] GC(258) Garbage Collection (Allocation Rate) 2718M(66%)->1124M(27%)
[141.974s][info][gc,start    ] GC(259) Garbage Collection (Allocation Rate)
[141.974s][info][gc,task     ] GC(259) Using 1 workers
[141.974s][info][gc,phases   ] GC(259) Pause Mark Start 0.010ms
[142.196s][info][gc,phases   ] GC(259) Concurrent Mark 221.276ms
[142.196s][info][gc,phases   ] GC(259) Pause Mark End 0.013ms
[142.196s][info][gc,phases   ] GC(259) Concurrent Mark Free 0.001ms
[142.199s][info][gc,phases   ] GC(259) Concurrent Process Non-Strong References 3.679ms
[142.200s][info][gc,phases   ] GC(259) Concurrent Reset Relocation Set 0.004ms
[142.203s][info][gc,phases   ] GC(259) Concurrent Select Relocation Set 2.978ms
[142.203s][info][gc,phases   ] GC(259) Pause Relocate Start 0.009ms
[142.204s][info][gc,phases   ] GC(259) Concurrent Relocate 1.746ms
[142.205s][info][gc,load     ] GC(259) Load: 0.00/0.00/0.00
[142.205s][info][gc,mmu      ] GC(259) MMU: 2ms/96.2%, 5ms/98.5%, 10ms/99.0%, 20ms/99.5%, 50ms/99.8%, 100ms/99.9%
[142.205s][info][gc,marking  ] GC(259) Mark: 1 stripe(s), 2 proactive flush(es), 1 terminate flush(es), 0 completion(s), 0 continuation(s) 
[142.205s][info][gc,marking  ] GC(259) Mark Stack Usage: 32M
[142.205s][info][gc,nmethod  ] GC(259) NMethods: 1413 registered, 7 unregistered
[142.205s][info][gc,metaspace] GC(259) Metaspace: 11M used, 11M committed, 1088M reserved
[142.205s][info][gc,ref      ] GC(259) Soft: 197 encountered, 0 discovered, 0 enqueued
[142.205s][info][gc,ref      ] GC(259) Weak: 695 encountered, 187 discovered, 0 enqueued
[142.205s][info][gc,ref      ] GC(259) Final: 0 encountered, 0 discovered, 0 enqueued
[142.205s][info][gc,ref      ] GC(259) Phantom: 36 encountered, 21 discovered, 0 enqueued
[142.205s][info][gc,reloc    ] GC(259) Small Pages: 955 / 1910M, Empty: 1790M, Relocated: 0M, In-Place: 0
[142.205s][info][gc,reloc    ] GC(259) Medium Pages: 11 / 352M, Empty: 288M, Relocated: 3M, In-Place: 0
[142.205s][info][gc,reloc    ] GC(259) Large Pages: 1 / 6M, Empty: 0M, Relocated: 0M, In-Place: 0
[142.205s][info][gc,reloc    ] GC(259) Forwarding Usage: 0M
[142.205s][info][gc,heap     ] GC(259) Min Capacity: 4096M(100%)
[142.205s][info][gc,heap     ] GC(259) Max Capacity: 4096M(100%)
[142.205s][info][gc,heap     ] GC(259) Soft Max Capacity: 4096M(100%)
[142.205s][info][gc,heap     ] GC(259)                Mark Start          Mark End        Relocate Start      Relocate End           High               Low         
[142.205s][info][gc,heap     ] GC(259)  Capacity:     4096M (100%)       4096M (100%)       4096M (100%)       4096M (100%)       4096M (100%)       4096M (100%)   
[142.205s][info][gc,heap     ] GC(259)      Free:     1828M (45%)         886M (22%)        2914M (71%)        2974M (73%)        2974M (73%)         870M (21%)    
[142.205s][info][gc,heap     ] GC(259)      Used:     2268M (55%)        3210M (78%)        1182M (29%)        1122M (27%)        3226M (79%)        1122M (27%)    
[142.205s][info][gc,heap     ] GC(259)      Live:         -                99M (2%)           99M (2%)           99M (2%)             -                  -          
[142.205s][info][gc,heap     ] GC(259) Allocated:         -               942M (23%)         992M (24%)         991M (24%)            -                  -          
[142.205s][info][gc,heap     ] GC(259)   Garbage:         -              2168M (53%)          90M (2%)           30M (1%)             -                  -          
[142.205s][info][gc,heap     ] GC(259) Reclaimed:         -                  -              2078M (51%)        2137M (52%)            -                  -          
[142.205s][info][gc          ] GC(259) Garbage Collection (Allocation Rate) 2268M(55%)->1122M(27%)
[142.476s][info][gc,start    ] GC(260) Garbage Collection (Allocation Rate)
[142.476s][info][gc,task     ] GC(260) Using 1 workers
[142.476s][info][gc,phases   ] GC(260) Pause Mark Start 0.010ms
[142.614s][info][gc,phases   ] GC(260) Concurrent Mark 138.179ms
[142.614s][info][gc,phases   ] GC(260) Pause Mark End 0.013ms
[142.614s][info][gc,phases   ] GC(260) Concurrent Mark Free 0.001ms
[142.623s][info][gc,phases   ] GC(260) Concurrent Process Non-Strong References 8.978ms
[142.624s][info][gc,phases   ] GC(260) Concurrent Reset Relocation Set 0.005ms
[142.627s][info][gc,phases   ] GC(260) Concurrent Select Relocation Set 3.589ms
[142.627s][info][gc,phases   ] GC(260) Pause Relocate Start 0.012ms
[142.630s][info][gc,phases   ] GC(260) Concurrent Relocate 2.314ms
[142.630s][info][gc,load     ] GC(260) Load: 0.00/0.00/0.00
[142.630s][info][gc,mmu      ] GC(260) MMU: 2ms/96.2%, 5ms/98.5%, 10ms/99.0%, 20ms/99.5%, 50ms/99.8%, 100ms/99.9%
[142.630s][info][gc,marking  ] GC(260) Mark: 1 stripe(s), 2 proactive flush(es), 1 terminate flush(es), 0 completion(s), 0 continuation(s) 
[142.630s][info][gc,marking  ] GC(260) Mark Stack Usage: 32M
[142.630s][info][gc,nmethod  ] GC(260) NMethods: 1413 registered, 7 unregistered
[142.630s][info][gc,metaspace] GC(260) Metaspace: 11M used, 11M committed, 1088M reserved
[142.630s][info][gc,ref      ] GC(260) Soft: 197 encountered, 0 discovered, 0 enqueued
[142.630s][info][gc,ref      ] GC(260) Weak: 695 encountered, 554 discovered, 0 enqueued
[142.630s][info][gc,ref      ] GC(260) Final: 0 encountered, 0 discovered, 0 enqueued
[142.630s][info][gc,ref      ] GC(260) Phantom: 36 encountered, 17 discovered, 0 enqueued
[142.630s][info][gc,reloc    ] GC(260) Small Pages: 994 / 1988M, Empty: 1838M, Relocated: 4M, In-Place: 0
[142.630s][info][gc,reloc    ] GC(260) Medium Pages: 11 / 352M, Empty: 320M, Relocated: 0M, In-Place: 0
[142.630s][info][gc,reloc    ] GC(260) Large Pages: 1 / 6M, Empty: 0M, Relocated: 0M, In-Place: 0
[142.630s][info][gc,reloc    ] GC(260) Forwarding Usage: 0M
[142.630s][info][gc,heap     ] GC(260) Min Capacity: 4096M(100%)
[142.630s][info][gc,heap     ] GC(260) Max Capacity: 4096M(100%)
[142.630s][info][gc,heap     ] GC(260) Soft Max Capacity: 4096M(100%)
[142.630s][info][gc,heap     ] GC(260)                Mark Start          Mark End        Relocate Start      Relocate End           High               Low         
[142.630s][info][gc,heap     ] GC(260)  Capacity:     4096M (100%)       4096M (100%)       4096M (100%)       4096M (100%)       4096M (100%)       4096M (100%)   
[142.630s][info][gc,heap     ] GC(260)      Free:     1750M (43%)        1228M (30%)        3308M (81%)        3362M (82%)        3362M (82%)        1170M (29%)    
[142.630s][info][gc,heap     ] GC(260)      Used:     2346M (57%)        2868M (70%)         788M (19%)         734M (18%)        2926M (71%)         734M (18%)    
[142.630s][info][gc,heap     ] GC(260)      Live:         -               100M (2%)          100M (2%)          100M (2%)             -                  -          
[142.630s][info][gc,heap     ] GC(260) Allocated:         -               522M (13%)         600M (15%)         599M (15%)            -                  -          
[142.630s][info][gc,heap     ] GC(260)   Garbage:         -              2245M (55%)          87M (2%)           33M (1%)             -                  -          
[142.630s][info][gc,heap     ] GC(260) Reclaimed:         -                  -              2158M (53%)        2211M (54%)            -                  -          
[142.630s][info][gc          ] GC(260) Garbage Collection (Allocation Rate) 2346M(57%)->734M(18%)
[142.978s][info][gc,start    ] GC(261) Garbage Collection (Allocation Rate)
[142.978s][info][gc,task     ] GC(261) Using 1 workers
[142.978s][info][gc,phases   ] GC(261) Pause Mark Start 0.014ms
[143.159s][info][gc,phases   ] GC(261) Concurrent Mark 180.178ms
[143.159s][info][gc,phases   ] GC(261) Pause Mark End 0.013ms
[143.159s][info][gc,phases   ] GC(261) Concurrent Mark Free 0.001ms
[143.163s][info][gc,phases   ] GC(261) Concurrent Process Non-Strong References 3.706ms
[143.163s][info][gc,phases   ] GC(261) Concurrent Reset Relocation Set 0.005ms
[143.167s][info][gc,phases   ] GC(261) Concurrent Select Relocation Set 4.324ms
[143.167s][info][gc,phases   ] GC(261) Pause Relocate Start 0.012ms
[143.174s][info][gc,phases   ] GC(261) Concurrent Relocate 6.510ms
[143.174s][info][gc,load     ] GC(261) Load: 0.00/0.00/0.00
[143.174s][info][gc,mmu      ] GC(261) MMU: 2ms/96.2%, 5ms/98.5%, 10ms/99.0%, 20ms/99.5%, 50ms/99.8%, 100ms/99.9%
[143.174s][info][gc,marking  ] GC(261) Mark: 1 stripe(s), 2 proactive flush(es), 1 terminate flush(es), 0 completion(s), 0 continuation(s) 
[143.174s][info][gc,marking  ] GC(261) Mark Stack Usage: 32M
[143.174s][info][gc,nmethod  ] GC(261) NMethods: 1413 registered, 7 unregistered
[143.174s][info][gc,metaspace] GC(261) Metaspace: 11M used, 11M committed, 1088M reserved
[143.174s][info][gc,ref      ] GC(261) Soft: 197 encountered, 0 discovered, 0 enqueued
[143.174s][info][gc,ref      ] GC(261) Weak: 695 encountered, 187 discovered, 0 enqueued
[143.174s][info][gc,ref      ] GC(261) Final: 0 encountered, 0 discovered, 0 enqueued
[143.174s][info][gc,ref      ] GC(261) Phantom: 36 encountered, 21 discovered, 0 enqueued
[143.174s][info][gc,reloc    ] GC(261) Small Pages: 979 / 1958M, Empty: 1818M, Relocated: 4M, In-Place: 0
[143.174s][info][gc,reloc    ] GC(261) Medium Pages: 11 / 352M, Empty: 352M, Relocated: 0M, In-Place: 0
[143.174s][info][gc,reloc    ] GC(261) Large Pages: 1 / 6M, Empty: 0M, Relocated: 0M, In-Place: 0
[143.174s][info][gc,reloc    ] GC(261) Forwarding Usage: 1M
[143.174s][info][gc,heap     ] GC(261) Min Capacity: 4096M(100%)
[143.174s][info][gc,heap     ] GC(261) Max Capacity: 4096M(100%)
[143.174s][info][gc,heap     ] GC(261) Soft Max Capacity: 4096M(100%)
[143.174s][info][gc,heap     ] GC(261)                Mark Start          Mark End        Relocate Start      Relocate End           High               Low         
[143.174s][info][gc,heap     ] GC(261)  Capacity:     4096M (100%)       4096M (100%)       4096M (100%)       4096M (100%)       4096M (100%)       4096M (100%)   
[143.174s][info][gc,heap     ] GC(261)      Free:     1780M (43%)        1024M (25%)        3154M (77%)        3170M (77%)        3188M (78%)        1008M (25%)    
[143.174s][info][gc,heap     ] GC(261)      Used:     2316M (57%)        3072M (75%)         942M (23%)         926M (23%)        3088M (75%)         908M (22%)    
[143.174s][info][gc,heap     ] GC(261)      Live:         -                98M (2%)           98M (2%)           98M (2%)             -                  -          
[143.174s][info][gc,heap     ] GC(261) Allocated:         -               756M (18%)         796M (19%)         825M (20%)            -                  -          
[143.174s][info][gc,heap     ] GC(261)   Garbage:         -              2217M (54%)          47M (1%)            1M (0%)             -                  -          
[143.174s][info][gc,heap     ] GC(261) Reclaimed:         -                  -              2170M (53%)        2215M (54%)            -                  -          
[143.174s][info][gc          ] GC(261) Garbage Collection (Allocation Rate) 2316M(57%)->926M(23%)
[143.575s][info][gc,start    ] GC(262) Garbage Collection (Allocation Rate)
[143.575s][info][gc,task     ] GC(262) Using 1 workers
[143.575s][info][gc,phases   ] GC(262) Pause Mark Start 0.016ms
[143.801s][info][gc,phases   ] GC(262) Concurrent Mark 225.414ms
[143.801s][info][gc,phases   ] GC(262) Pause Mark End 0.028ms
[143.801s][info][gc,phases   ] GC(262) Concurrent Mark Free 0.004ms
[143.805s][info][gc,phases   ] GC(262) Concurrent Process Non-Strong References 4.422ms
[143.806s][info][gc,phases   ] GC(262) Concurrent Reset Relocation Set 0.004ms
[143.809s][info][gc,phases   ] GC(262) Concurrent Select Relocation Set 3.578ms
[143.809s][info][gc,phases   ] GC(262) Pause Relocate Start 0.014ms
[143.810s][info][gc,phases   ] GC(262) Concurrent Relocate 1.085ms
[143.810s][info][gc,load     ] GC(262) Load: 0.00/0.00/0.00
[143.810s][info][gc,mmu      ] GC(262) MMU: 2ms/96.2%, 5ms/98.5%, 10ms/99.0%, 20ms/99.5%, 50ms/99.8%, 100ms/99.9%
[143.810s][info][gc,marking  ] GC(262) Mark: 1 stripe(s), 2 proactive flush(es), 1 terminate flush(es), 0 completion(s), 0 continuation(s) 
[143.811s][info][gc,marking  ] GC(262) Mark Stack Usage: 32M
[143.811s][info][gc,nmethod  ] GC(262) NMethods: 1413 registered, 7 unregistered
[143.811s][info][gc,metaspace] GC(262) Metaspace: 11M used, 11M committed, 1088M reserved
[143.811s][info][gc,ref      ] GC(262) Soft: 197 encountered, 0 discovered, 0 enqueued
[143.811s][info][gc,ref      ] GC(262) Weak: 695 encountered, 187 discovered, 0 enqueued
[143.811s][info][gc,ref      ] GC(262) Final: 0 encountered, 0 discovered, 0 enqueued
[143.811s][info][gc,ref      ] GC(262) Phantom: 36 encountered, 21 discovered, 0 enqueued
[143.811s][info][gc,reloc    ] GC(262) Small Pages: 1185 / 2370M, Empty: 2234M, Relocated: 1M, In-Place: 0
[143.811s][info][gc,reloc    ] GC(262) Medium Pages: 12 / 384M, Empty: 352M, Relocated: 0M, In-Place: 0
[143.811s][info][gc,reloc    ] GC(262) Large Pages: 1 / 6M, Empty: 0M, Relocated: 0M, In-Place: 0
[143.811s][info][gc,reloc    ] GC(262) Forwarding Usage: 0M
[143.811s][info][gc,heap     ] GC(262) Min Capacity: 4096M(100%)
[143.811s][info][gc,heap     ] GC(262) Max Capacity: 4096M(100%)
[143.811s][info][gc,heap     ] GC(262) Soft Max Capacity: 4096M(100%)
[143.811s][info][gc,heap     ] GC(262)                Mark Start          Mark End        Relocate Start      Relocate End           High               Low         
[143.811s][info][gc,heap     ] GC(262)  Capacity:     4096M (100%)       4096M (100%)       4096M (100%)       4096M (100%)       4096M (100%)       4096M (100%)   
[143.811s][info][gc,heap     ] GC(262)      Free:     1336M (33%)         414M (10%)        2964M (72%)        3006M (73%)        3006M (73%)         392M (10%)    
[143.811s][info][gc,heap     ] GC(262)      Used:     2760M (67%)        3682M (90%)        1132M (28%)        1090M (27%)        3704M (90%)        1090M (27%)    
[143.811s][info][gc,heap     ] GC(262)      Live:         -                99M (2%)           99M (2%)           99M (2%)             -                  -          
[143.811s][info][gc,heap     ] GC(262) Allocated:         -               922M (23%)         958M (23%)         959M (23%)            -                  -          
[143.811s][info][gc,heap     ] GC(262)   Garbage:         -              2660M (65%)          74M (2%)           30M (1%)             -                  -          
[143.811s][info][gc,heap     ] GC(262) Reclaimed:         -                  -              2586M (63%)        2629M (64%)            -                  -          
[143.811s][info][gc          ] GC(262) Garbage Collection (Allocation Rate) 2760M(67%)->1090M(27%)
[144.077s][info][gc,start    ] GC(263) Garbage Collection (Allocation Rate)
[144.077s][info][gc,task     ] GC(263) Using 1 workers
[144.078s][info][gc,phases   ] GC(263) Pause Mark Start 0.010ms
[144.229s][info][gc,phases   ] GC(263) Concurrent Mark 151.155ms
[144.229s][info][gc,phases   ] GC(263) Pause Mark End 0.014ms
[144.229s][info][gc,phases   ] GC(263) Concurrent Mark Free 0.002ms
[144.233s][info][gc,phases   ] GC(263) Concurrent Process Non-Strong References 3.680ms
[144.233s][info][gc,phases   ] GC(263) Concurrent Reset Relocation Set 0.004ms
[144.235s][info][gc,phases   ] GC(263) Concurrent Select Relocation Set 2.333ms
[144.235s][info][gc,phases   ] GC(263) Pause Relocate Start 0.012ms
[144.238s][info][gc,phases   ] GC(263) Concurrent Relocate 2.942ms
[144.239s][info][gc,load     ] GC(263) Load: 0.00/0.00/0.00
[144.239s][info][gc,mmu      ] GC(263) MMU: 2ms/96.2%, 5ms/98.5%, 10ms/99.0%, 20ms/99.5%, 50ms/99.8%, 100ms/99.9%
[144.239s][info][gc,marking  ] GC(263) Mark: 1 stripe(s), 2 proactive flush(es), 1 terminate flush(es), 0 completion(s), 0 continuation(s) 
[144.239s][info][gc,marking  ] GC(263) Mark Stack Usage: 32M
[144.239s][info][gc,nmethod  ] GC(263) NMethods: 1413 registered, 7 unregistered
[144.239s][info][gc,metaspace] GC(263) Metaspace: 11M used, 11M committed, 1088M reserved
[144.239s][info][gc,ref      ] GC(263) Soft: 197 encountered, 0 discovered, 0 enqueued
[144.239s][info][gc,ref      ] GC(263) Weak: 695 encountered, 187 discovered, 0 enqueued
[144.239s][info][gc,ref      ] GC(263) Final: 0 encountered, 0 discovered, 0 enqueued
[144.239s][info][gc,ref      ] GC(263) Phantom: 36 encountered, 21 discovered, 0 enqueued
[144.239s][info][gc,reloc    ] GC(263) Small Pages: 975 / 1950M, Empty: 1812M, Relocated: 4M, In-Place: 0
[144.239s][info][gc,reloc    ] GC(263) Medium Pages: 11 / 352M, Empty: 352M, Relocated: 0M, In-Place: 0
[144.239s][info][gc,reloc    ] GC(263) Large Pages: 1 / 6M, Empty: 0M, Relocated: 0M, In-Place: 0
[144.239s][info][gc,reloc    ] GC(263) Forwarding Usage: 1M
[144.239s][info][gc,heap     ] GC(263) Min Capacity: 4096M(100%)
[144.239s][info][gc,heap     ] GC(263) Max Capacity: 4096M(100%)
[144.239s][info][gc,heap     ] GC(263) Soft Max Capacity: 4096M(100%)
[144.239s][info][gc,heap     ] GC(263)                Mark Start          Mark End        Relocate Start      Relocate End           High               Low         
[144.239s][info][gc,heap     ] GC(263)  Capacity:     4096M (100%)       4096M (100%)       4096M (100%)       4096M (100%)       4096M (100%)       4096M (100%)   
[144.239s][info][gc,heap     ] GC(263)      Free:     1788M (44%)        1148M (28%)        3312M (81%)        3354M (82%)        3356M (82%)        1148M (28%)    
[144.239s][info][gc,heap     ] GC(263)      Used:     2308M (56%)        2948M (72%)         784M (19%)         742M (18%)        2948M (72%)         740M (18%)    
[144.239s][info][gc,heap     ] GC(263)      Live:         -                98M (2%)           98M (2%)           98M (2%)             -                  -          
[144.239s][info][gc,heap     ] GC(263) Allocated:         -               640M (16%)         640M (16%)         641M (16%)            -                  -          
[144.239s][info][gc,heap     ] GC(263)   Garbage:         -              2209M (54%)          45M (1%)            1M (0%)             -                  -          
[144.239s][info][gc,heap     ] GC(263) Reclaimed:         -                  -              2164M (53%)        2207M (54%)            -                  -          
[144.239s][info][gc          ] GC(263) Garbage Collection (Allocation Rate) 2308M(56%)->742M(18%)
[144.581s][info][gc,start    ] GC(264) Garbage Collection (Allocation Rate)
[144.581s][info][gc,task     ] GC(264) Using 1 workers
[144.581s][info][gc,phases   ] GC(264) Pause Mark Start 0.012ms
[144.765s][info][gc,phases   ] GC(264) Concurrent Mark 184.410ms
[144.766s][info][gc,phases   ] GC(264) Pause Mark End 0.018ms
[144.766s][info][gc,phases   ] GC(264) Concurrent Mark Free 0.002ms
[144.770s][info][gc,phases   ] GC(264) Concurrent Process Non-Strong References 4.561ms
[144.770s][info][gc,phases   ] GC(264) Concurrent Reset Relocation Set 0.006ms
[144.774s][info][gc,phases   ] GC(264) Concurrent Select Relocation Set 3.749ms
[144.774s][info][gc,phases   ] GC(264) Pause Relocate Start 0.011ms
[144.776s][info][gc,phases   ] GC(264) Concurrent Relocate 2.096ms
[144.776s][info][gc,load     ] GC(264) Load: 0.00/0.00/0.00
[144.776s][info][gc,mmu      ] GC(264) MMU: 2ms/96.2%, 5ms/98.5%, 10ms/99.0%, 20ms/99.5%, 50ms/99.8%, 100ms/99.9%
[144.776s][info][gc,marking  ] GC(264) Mark: 1 stripe(s), 2 proactive flush(es), 1 terminate flush(es), 0 completion(s), 0 continuation(s) 
[144.776s][info][gc,marking  ] GC(264) Mark Stack Usage: 32M
[144.776s][info][gc,nmethod  ] GC(264) NMethods: 1413 registered, 7 unregistered
[144.776s][info][gc,metaspace] GC(264) Metaspace: 11M used, 11M committed, 1088M reserved
[144.776s][info][gc,ref      ] GC(264) Soft: 197 encountered, 0 discovered, 0 enqueued
[144.776s][info][gc,ref      ] GC(264) Weak: 695 encountered, 187 discovered, 0 enqueued
[144.777s][info][gc,ref      ] GC(264) Final: 0 encountered, 0 discovered, 0 enqueued
[144.777s][info][gc,ref      ] GC(264) Phantom: 36 encountered, 21 discovered, 0 enqueued
[144.777s][info][gc,reloc    ] GC(264) Small Pages: 1009 / 2018M, Empty: 1856M, Relocated: 4M, In-Place: 0
[144.777s][info][gc,reloc    ] GC(264) Medium Pages: 10 / 320M, Empty: 320M, Relocated: 0M, In-Place: 0
[144.777s][info][gc,reloc    ] GC(264) Large Pages: 1 / 6M, Empty: 0M, Relocated: 0M, In-Place: 0
[144.777s][info][gc,reloc    ] GC(264) Forwarding Usage: 0M
[144.777s][info][gc,heap     ] GC(264) Min Capacity: 4096M(100%)
[144.777s][info][gc,heap     ] GC(264) Max Capacity: 4096M(100%)
[144.777s][info][gc,heap     ] GC(264) Soft Max Capacity: 4096M(100%)
[144.777s][info][gc,heap     ] GC(264)                Mark Start          Mark End        Relocate Start      Relocate End           High               Low         
[144.777s][info][gc,heap     ] GC(264)  Capacity:     4096M (100%)       4096M (100%)       4096M (100%)       4096M (100%)       4096M (100%)       4096M (100%)   
[144.777s][info][gc,heap     ] GC(264)      Free:     1752M (43%)         978M (24%)        3108M (76%)        3174M (77%)        3174M (77%)         950M (23%)    
[144.777s][info][gc,heap     ] GC(264)      Used:     2344M (57%)        3118M (76%)         988M (24%)         922M (23%)        3146M (77%)         922M (23%)    
[144.777s][info][gc,heap     ] GC(264)      Live:         -                99M (2%)           99M (2%)           99M (2%)             -                  -          
[144.777s][info][gc,heap     ] GC(264) Allocated:         -               774M (19%)         820M (20%)         819M (20%)            -                  -          
[144.777s][info][gc,heap     ] GC(264)   Garbage:         -              2244M (55%)          68M (2%)            2M (0%)             -                  -          
[144.777s][info][gc,heap     ] GC(264) Reclaimed:         -                  -              2176M (53%)        2241M (55%)            -                  -          
[144.777s][info][gc          ] GC(264) Garbage Collection (Allocation Rate) 2344M(57%)->922M(23%)
[145.176s][info][gc,start    ] GC(265) Garbage Collection (Allocation Rate)
[145.177s][info][gc,task     ] GC(265) Using 1 workers
[145.177s][info][gc,phases   ] GC(265) Pause Mark Start 0.016ms
[145.329s][info][gc,phases   ] GC(265) Concurrent Mark 152.103ms
[145.329s][info][gc,phases   ] GC(265) Pause Mark End 0.013ms
[145.329s][info][gc,phases   ] GC(265) Concurrent Mark Free 0.002ms
[145.331s][info][gc,phases   ] GC(265) Concurrent Process Non-Strong References 2.180ms
[145.331s][info][gc,phases   ] GC(265) Concurrent Reset Relocation Set 0.002ms
[145.333s][info][gc,phases   ] GC(265) Concurrent Select Relocation Set 1.788ms
[145.333s][info][gc,phases   ] GC(265) Pause Relocate Start 0.006ms
[145.334s][info][gc,phases   ] GC(265) Concurrent Relocate 0.647ms
[145.334s][info][gc,load     ] GC(265) Load: 0.00/0.00/0.00
[145.334s][info][gc,mmu      ] GC(265) MMU: 2ms/96.2%, 5ms/98.5%, 10ms/99.0%, 20ms/99.5%, 50ms/99.8%, 100ms/99.9%
[145.334s][info][gc,marking  ] GC(265) Mark: 1 stripe(s), 2 proactive flush(es), 1 terminate flush(es), 0 completion(s), 0 continuation(s) 
[145.334s][info][gc,marking  ] GC(265) Mark Stack Usage: 32M
[145.334s][info][gc,nmethod  ] GC(265) NMethods: 1415 registered, 7 unregistered
[145.334s][info][gc,metaspace] GC(265) Metaspace: 11M used, 11M committed, 1088M reserved
[145.334s][info][gc,ref      ] GC(265) Soft: 197 encountered, 0 discovered, 0 enqueued
[145.334s][info][gc,ref      ] GC(265) Weak: 695 encountered, 554 discovered, 0 enqueued
[145.334s][info][gc,ref      ] GC(265) Final: 0 encountered, 0 discovered, 0 enqueued
[145.334s][info][gc,ref      ] GC(265) Phantom: 36 encountered, 17 discovered, 0 enqueued
[145.334s][info][gc,reloc    ] GC(265) Small Pages: 1176 / 2352M, Empty: 2238M, Relocated: 1M, In-Place: 0
[145.334s][info][gc,reloc    ] GC(265) Medium Pages: 12 / 384M, Empty: 352M, Relocated: 0M, In-Place: 0
[145.334s][info][gc,reloc    ] GC(265) Large Pages: 1 / 6M, Empty: 0M, Relocated: 0M, In-Place: 0
[145.334s][info][gc,reloc    ] GC(265) Forwarding Usage: 0M
[145.334s][info][gc,heap     ] GC(265) Min Capacity: 4096M(100%)
[145.334s][info][gc,heap     ] GC(265) Max Capacity: 4096M(100%)
[145.334s][info][gc,heap     ] GC(265) Soft Max Capacity: 4096M(100%)
[145.334s][info][gc,heap     ] GC(265)                Mark Start          Mark End        Relocate Start      Relocate End           High               Low         
[145.334s][info][gc,heap     ] GC(265)  Capacity:     4096M (100%)       4096M (100%)       4096M (100%)       4096M (100%)       4096M (100%)       4096M (100%)   
[145.334s][info][gc,heap     ] GC(265)      Free:     1354M (33%)         838M (20%)        3428M (84%)        3450M (84%)        3450M (84%)         838M (20%)    
[145.334s][info][gc,heap     ] GC(265)      Used:     2742M (67%)        3258M (80%)         668M (16%)         646M (16%)        3258M (80%)         646M (16%)    
[145.334s][info][gc,heap     ] GC(265)      Live:         -               101M (2%)          101M (2%)          101M (2%)             -                  -          
[145.334s][info][gc,heap     ] GC(265) Allocated:         -               516M (13%)         516M (13%)         516M (13%)            -                  -          
[145.334s][info][gc,heap     ] GC(265)   Garbage:         -              2640M (64%)          50M (1%)           28M (1%)             -                  -          
[145.334s][info][gc,heap     ] GC(265) Reclaimed:         -                  -              2590M (63%)        2612M (64%)            -                  -          
[145.334s][info][gc          ] GC(265) Garbage Collection (Allocation Rate) 2742M(67%)->646M(16%)
[145.334s][info][gc,start    ] GC(266) Garbage Collection (System.gc())
[145.334s][info][gc,task     ] GC(266) Using 2 workers
[145.334s][info][gc,phases   ] GC(266) Pause Mark Start 0.008ms
[145.397s][info][gc,phases   ] GC(266) Concurrent Mark 62.523ms
[145.397s][info][gc,phases   ] GC(266) Pause Mark End 0.030ms
[145.397s][info][gc,phases   ] GC(266) Concurrent Mark Free 0.003ms
[145.400s][info][gc,phases   ] GC(266) Concurrent Process Non-Strong References 2.437ms
[145.400s][info][gc,phases   ] GC(266) Concurrent Reset Relocation Set 0.001ms
[145.401s][info][gc,phases   ] GC(266) Concurrent Select Relocation Set 1.811ms
[145.401s][info][gc,phases   ] GC(266) Pause Relocate Start 0.006ms
[145.402s][info][gc,phases   ] GC(266) Concurrent Relocate 0.880ms
[145.402s][info][gc,load     ] GC(266) Load: 0.00/0.00/0.00
[145.402s][info][gc,mmu      ] GC(266) MMU: 2ms/96.2%, 5ms/98.5%, 10ms/99.0%, 20ms/99.5%, 50ms/99.8%, 100ms/99.9%
[145.402s][info][gc,marking  ] GC(266) Mark: 2 stripe(s), 1 proactive flush(es), 1 terminate flush(es), 0 completion(s), 0 continuation(s) 
[145.402s][info][gc,marking  ] GC(266) Mark Stack Usage: 32M
[145.402s][info][gc,nmethod  ] GC(266) NMethods: 1415 registered, 7 unregistered
[145.402s][info][gc,metaspace] GC(266) Metaspace: 11M used, 11M committed, 1088M reserved
[145.402s][info][gc,ref      ] GC(266) Soft: 197 encountered, 0 discovered, 0 enqueued
[145.402s][info][gc,ref      ] GC(266) Weak: 695 encountered, 192 discovered, 0 enqueued
[145.402s][info][gc,ref      ] GC(266) Final: 0 encountered, 0 discovered, 0 enqueued
[145.403s][info][gc,ref      ] GC(266) Phantom: 36 encountered, 16 discovered, 0 enqueued
[145.403s][info][gc,reloc    ] GC(266) Small Pages: 256 / 512M, Empty: 418M, Relocated: 1M, In-Place: 0
[145.403s][info][gc,reloc    ] GC(266) Medium Pages: 4 / 128M, Empty: 128M, Relocated: 0M, In-Place: 0
[145.403s][info][gc,reloc    ] GC(266) Large Pages: 1 / 6M, Empty: 0M, Relocated: 0M, In-Place: 0
[145.403s][info][gc,reloc    ] GC(266) Forwarding Usage: 0M
[145.403s][info][gc,heap     ] GC(266) Min Capacity: 4096M(100%)
[145.403s][info][gc,heap     ] GC(266) Max Capacity: 4096M(100%)
[145.403s][info][gc,heap     ] GC(266) Soft Max Capacity: 4096M(100%)
[145.403s][info][gc,heap     ] GC(266)                Mark Start          Mark End        Relocate Start      Relocate End           High               Low         
[145.403s][info][gc,heap     ] GC(266)  Capacity:     4096M (100%)       4096M (100%)       4096M (100%)       4096M (100%)       4096M (100%)       4096M (100%)   
[145.403s][info][gc,heap     ] GC(266)      Free:     3450M (84%)        3450M (84%)        3996M (98%)        3996M (98%)        3996M (98%)        3450M (84%)    
[145.403s][info][gc,heap     ] GC(266)      Used:      646M (16%)         646M (16%)         100M (2%)          100M (2%)          646M (16%)         100M (2%)     
[145.403s][info][gc,heap     ] GC(266)      Live:         -                95M (2%)           95M (2%)           95M (2%)             -                  -          
[145.403s][info][gc,heap     ] GC(266) Allocated:         -                 0M (0%)            0M (0%)            0M (0%)             -                  -          
[145.403s][info][gc,heap     ] GC(266)   Garbage:         -               550M (13%)           4M (0%)            4M (0%)             -                  -          
[145.403s][info][gc,heap     ] GC(266) Reclaimed:         -                  -               546M (13%)         546M (13%)            -                  -          
[145.403s][info][gc          ] GC(266) Garbage Collection (System.gc()) 646M(16%)->100M(2%)
[145.978s][info][gc,start    ] GC(267) Garbage Collection (Allocation Rate)
[145.978s][info][gc,task     ] GC(267) Using 1 workers
[145.978s][info][gc,phases   ] GC(267) Pause Mark Start 0.015ms
[146.158s][info][gc,phases   ] GC(267) Concurrent Mark 179.205ms
[146.158s][info][gc,phases   ] GC(267) Pause Mark End 0.013ms
[146.158s][info][gc,phases   ] GC(267) Concurrent Mark Free 0.001ms
[146.167s][info][gc,phases   ] GC(267) Concurrent Process Non-Strong References 9.257ms
[146.167s][info][gc,phases   ] GC(267) Concurrent Reset Relocation Set 0.007ms
[146.171s][info][gc,phases   ] GC(267) Concurrent Select Relocation Set 3.631ms
[146.171s][info][gc,phases   ] GC(267) Pause Relocate Start 0.041ms
[146.172s][info][gc,phases   ] GC(267) Concurrent Relocate 0.867ms
[146.172s][info][gc,load     ] GC(267) Load: 0.00/0.00/0.00
[146.172s][info][gc,mmu      ] GC(267) MMU: 2ms/96.2%, 5ms/98.5%, 10ms/99.0%, 20ms/99.5%, 50ms/99.8%, 100ms/99.9%
[146.172s][info][gc,marking  ] GC(267) Mark: 1 stripe(s), 2 proactive flush(es), 1 terminate flush(es), 0 completion(s), 0 continuation(s) 
[146.172s][info][gc,marking  ] GC(267) Mark Stack Usage: 32M
[146.172s][info][gc,nmethod  ] GC(267) NMethods: 1415 registered, 7 unregistered
[146.172s][info][gc,metaspace] GC(267) Metaspace: 11M used, 11M committed, 1088M reserved
[146.172s][info][gc,ref      ] GC(267) Soft: 197 encountered, 0 discovered, 0 enqueued
[146.172s][info][gc,ref      ] GC(267) Weak: 695 encountered, 187 discovered, 0 enqueued
[146.172s][info][gc,ref      ] GC(267) Final: 0 encountered, 0 discovered, 0 enqueued
[146.172s][info][gc,ref      ] GC(267) Phantom: 36 encountered, 21 discovered, 0 enqueued
[146.172s][info][gc,reloc    ] GC(267) Small Pages: 1191 / 2382M, Empty: 2260M, Relocated: 3M, In-Place: 0
[146.172s][info][gc,reloc    ] GC(267) Medium Pages: 12 / 384M, Empty: 384M, Relocated: 0M, In-Place: 0
[146.172s][info][gc,reloc    ] GC(267) Large Pages: 1 / 6M, Empty: 0M, Relocated: 0M, In-Place: 0
[146.172s][info][gc,reloc    ] GC(267) Forwarding Usage: 0M
[146.172s][info][gc,heap     ] GC(267) Min Capacity: 4096M(100%)
[146.172s][info][gc,heap     ] GC(267) Max Capacity: 4096M(100%)
[146.172s][info][gc,heap     ] GC(267) Soft Max Capacity: 4096M(100%)
[146.172s][info][gc,heap     ] GC(267)                Mark Start          Mark End        Relocate Start      Relocate End           High               Low         
[146.172s][info][gc,heap     ] GC(267)  Capacity:     4096M (100%)       4096M (100%)       4096M (100%)       4096M (100%)       4096M (100%)       4096M (100%)   
[146.172s][info][gc,heap     ] GC(267)      Free:     1324M (32%)         590M (14%)        3154M (77%)        3180M (78%)        3180M (78%)         528M (13%)    
[146.172s][info][gc,heap     ] GC(267)      Used:     2772M (68%)        3506M (86%)         942M (23%)         916M (22%)        3568M (87%)         916M (22%)    
[146.172s][info][gc,heap     ] GC(267)      Live:         -                99M (2%)           99M (2%)           99M (2%)             -                  -          
[146.172s][info][gc,heap     ] GC(267) Allocated:         -               734M (18%)         814M (20%)         814M (20%)            -                  -          
[146.172s][info][gc,heap     ] GC(267)   Garbage:         -              2672M (65%)          28M (1%)            2M (0%)             -                  -          
[146.172s][info][gc,heap     ] GC(267) Reclaimed:         -                  -              2644M (65%)        2670M (65%)            -                  -          
[146.172s][info][gc          ] GC(267) Garbage Collection (Allocation Rate) 2772M(68%)->916M(22%)
[146.480s][info][gc,start    ] GC(268) Garbage Collection (Allocation Rate)
[146.480s][info][gc,task     ] GC(268) Using 1 workers
[146.480s][info][gc,phases   ] GC(268) Pause Mark Start 0.009ms
[146.620s][info][gc,phases   ] GC(268) Concurrent Mark 139.867ms
[146.620s][info][gc,phases   ] GC(268) Pause Mark End 0.012ms
[146.620s][info][gc,phases   ] GC(268) Concurrent Mark Free 0.001ms
[146.625s][info][gc,phases   ] GC(268) Concurrent Process Non-Strong References 5.081ms
[146.625s][info][gc,phases   ] GC(268) Concurrent Reset Relocation Set 0.004ms
[146.630s][info][gc,phases   ] GC(268) Concurrent Select Relocation Set 4.483ms
[146.630s][info][gc,phases   ] GC(268) Pause Relocate Start 0.018ms
[146.635s][info][gc,phases   ] GC(268) Concurrent Relocate 4.794ms
[146.635s][info][gc,load     ] GC(268) Load: 0.00/0.00/0.00
[146.635s][info][gc,mmu      ] GC(268) MMU: 2ms/96.2%, 5ms/98.5%, 10ms/99.0%, 20ms/99.5%, 50ms/99.8%, 100ms/99.9%
[146.635s][info][gc,marking  ] GC(268) Mark: 1 stripe(s), 2 proactive flush(es), 1 terminate flush(es), 0 completion(s), 0 continuation(s) 
[146.635s][info][gc,marking  ] GC(268) Mark Stack Usage: 32M
[146.635s][info][gc,nmethod  ] GC(268) NMethods: 1415 registered, 8 unregistered
[146.635s][info][gc,metaspace] GC(268) Metaspace: 11M used, 11M committed, 1088M reserved
[146.635s][info][gc,ref      ] GC(268) Soft: 197 encountered, 0 discovered, 0 enqueued
[146.635s][info][gc,ref      ] GC(268) Weak: 695 encountered, 187 discovered, 0 enqueued
[146.635s][info][gc,ref      ] GC(268) Final: 0 encountered, 0 discovered, 0 enqueued
[146.635s][info][gc,ref      ] GC(268) Phantom: 36 encountered, 21 discovered, 0 enqueued
[146.635s][info][gc,reloc    ] GC(268) Small Pages: 974 / 1948M, Empty: 1830M, Relocated: 2M, In-Place: 0
[146.635s][info][gc,reloc    ] GC(268) Medium Pages: 10 / 320M, Empty: 320M, Relocated: 0M, In-Place: 0
[146.635s][info][gc,reloc    ] GC(268) Large Pages: 1 / 6M, Empty: 0M, Relocated: 0M, In-Place: 0
[146.635s][info][gc,reloc    ] GC(268) Forwarding Usage: 1M
[146.635s][info][gc,heap     ] GC(268) Min Capacity: 4096M(100%)
[146.635s][info][gc,heap     ] GC(268) Max Capacity: 4096M(100%)
[146.635s][info][gc,heap     ] GC(268) Soft Max Capacity: 4096M(100%)
[146.635s][info][gc,heap     ] GC(268)                Mark Start          Mark End        Relocate Start      Relocate End           High               Low         
[146.635s][info][gc,heap     ] GC(268)  Capacity:     4096M (100%)       4096M (100%)       4096M (100%)       4096M (100%)       4096M (100%)       4096M (100%)   
[146.635s][info][gc,heap     ] GC(268)      Free:     1822M (44%)        1234M (30%)        3326M (81%)        3332M (81%)        3350M (82%)        1204M (29%)    
[146.635s][info][gc,heap     ] GC(268)      Used:     2274M (56%)        2862M (70%)         770M (19%)         764M (19%)        2892M (71%)         746M (18%)    
[146.635s][info][gc,heap     ] GC(268)      Live:         -                96M (2%)           96M (2%)           96M (2%)             -                  -          
[146.635s][info][gc,heap     ] GC(268) Allocated:         -               588M (14%)         646M (16%)         665M (16%)            -                  -          
[146.635s][info][gc,heap     ] GC(268)   Garbage:         -              2177M (53%)          27M (1%)            1M (0%)             -                  -          
[146.635s][info][gc,heap     ] GC(268) Reclaimed:         -                  -              2150M (52%)        2175M (53%)            -                  -          
[146.635s][info][gc          ] GC(268) Garbage Collection (Allocation Rate) 2274M(56%)->764M(19%)
[146.983s][info][gc,start    ] GC(269) Garbage Collection (Allocation Rate)
[146.983s][info][gc,task     ] GC(269) Using 1 workers
[146.983s][info][gc,phases   ] GC(269) Pause Mark Start 0.016ms
[147.193s][info][gc,phases   ] GC(269) Concurrent Mark 210.593ms
[147.194s][info][gc,phases   ] GC(269) Pause Mark End 0.022ms
[147.194s][info][gc,phases   ] GC(269) Concurrent Mark Free 0.001ms
[147.197s][info][gc,phases   ] GC(269) Concurrent Process Non-Strong References 3.638ms
[147.197s][info][gc,phases   ] GC(269) Concurrent Reset Relocation Set 0.002ms
[147.201s][info][gc,phases   ] GC(269) Concurrent Select Relocation Set 3.262ms
[147.201s][info][gc,phases   ] GC(269) Pause Relocate Start 0.013ms
[147.204s][info][gc,phases   ] GC(269) Concurrent Relocate 3.331ms
[147.204s][info][gc,load     ] GC(269) Load: 0.00/0.00/0.00
[147.204s][info][gc,mmu      ] GC(269) MMU: 2ms/96.2%, 5ms/98.5%, 10ms/99.0%, 20ms/99.5%, 50ms/99.8%, 100ms/99.9%
[147.204s][info][gc,marking  ] GC(269) Mark: 1 stripe(s), 2 proactive flush(es), 1 terminate flush(es), 0 completion(s), 0 continuation(s) 
[147.204s][info][gc,marking  ] GC(269) Mark Stack Usage: 32M
[147.204s][info][gc,nmethod  ] GC(269) NMethods: 1415 registered, 8 unregistered
[147.204s][info][gc,metaspace] GC(269) Metaspace: 11M used, 11M committed, 1088M reserved
[147.204s][info][gc,ref      ] GC(269) Soft: 197 encountered, 0 discovered, 0 enqueued
[147.204s][info][gc,ref      ] GC(269) Weak: 695 encountered, 187 discovered, 0 enqueued
[147.204s][info][gc,ref      ] GC(269) Final: 0 encountered, 0 discovered, 0 enqueued
[147.204s][info][gc,ref      ] GC(269) Phantom: 36 encountered, 21 discovered, 0 enqueued
[147.204s][info][gc,reloc    ] GC(269) Small Pages: 1013 / 2026M, Empty: 1874M, Relocated: 4M, In-Place: 0
[147.204s][info][gc,reloc    ] GC(269) Medium Pages: 10 / 320M, Empty: 320M, Relocated: 0M, In-Place: 0
[147.204s][info][gc,reloc    ] GC(269) Large Pages: 1 / 6M, Empty: 0M, Relocated: 0M, In-Place: 0
[147.204s][info][gc,reloc    ] GC(269) Forwarding Usage: 1M
[147.204s][info][gc,heap     ] GC(269) Min Capacity: 4096M(100%)
[147.205s][info][gc,heap     ] GC(269) Max Capacity: 4096M(100%)
[147.205s][info][gc,heap     ] GC(269) Soft Max Capacity: 4096M(100%)
[147.205s][info][gc,heap     ] GC(269)                Mark Start          Mark End        Relocate Start      Relocate End           High               Low         
[147.205s][info][gc,heap     ] GC(269)  Capacity:     4096M (100%)       4096M (100%)       4096M (100%)       4096M (100%)       4096M (100%)       4096M (100%)   
[147.205s][info][gc,heap     ] GC(269)      Free:     1744M (43%)         844M (21%)        2986M (73%)        3044M (74%)        3044M (74%)         826M (20%)    
[147.205s][info][gc,heap     ] GC(269)      Used:     2352M (57%)        3252M (79%)        1110M (27%)        1052M (26%)        3270M (80%)        1052M (26%)    
[147.205s][info][gc,heap     ] GC(269)      Live:         -                98M (2%)           98M (2%)           98M (2%)             -                  -          
[147.205s][info][gc,heap     ] GC(269) Allocated:         -               900M (22%)         952M (23%)         951M (23%)            -                  -          
[147.205s][info][gc,heap     ] GC(269)   Garbage:         -              2253M (55%)          59M (1%)            1M (0%)             -                  -          
[147.205s][info][gc,heap     ] GC(269) Reclaimed:         -                  -              2194M (54%)        2251M (55%)            -                  -          
[147.205s][info][gc          ] GC(269) Garbage Collection (Allocation Rate) 2352M(57%)->1052M(26%)
[147.485s][info][gc,start    ] GC(270) Garbage Collection (Allocation Rate)
[147.486s][info][gc,task     ] GC(270) Using 1 workers
[147.486s][info][gc,phases   ] GC(270) Pause Mark Start 0.012ms
[147.611s][info][gc,phases   ] GC(270) Concurrent Mark 124.685ms
[147.611s][info][gc,phases   ] GC(270) Pause Mark End 0.022ms
[147.611s][info][gc,phases   ] GC(270) Concurrent Mark Free 0.002ms
[147.626s][info][gc,phases   ] GC(270) Concurrent Process Non-Strong References 15.187ms
[147.626s][info][gc,phases   ] GC(270) Concurrent Reset Relocation Set 0.004ms
[147.629s][info][gc,phases   ] GC(270) Concurrent Select Relocation Set 2.463ms
[147.629s][info][gc,phases   ] GC(270) Pause Relocate Start 0.017ms
[147.634s][info][gc,phases   ] GC(270) Concurrent Relocate 5.445ms
[147.634s][info][gc,load     ] GC(270) Load: 0.00/0.00/0.00
[147.634s][info][gc,mmu      ] GC(270) MMU: 2ms/96.2%, 5ms/98.5%, 10ms/99.0%, 20ms/99.5%, 50ms/99.8%, 100ms/99.9%
[147.634s][info][gc,marking  ] GC(270) Mark: 1 stripe(s), 2 proactive flush(es), 1 terminate flush(es), 0 completion(s), 0 continuation(s) 
[147.634s][info][gc,marking  ] GC(270) Mark Stack Usage: 32M
[147.634s][info][gc,nmethod  ] GC(270) NMethods: 1415 registered, 8 unregistered
[147.634s][info][gc,metaspace] GC(270) Metaspace: 11M used, 11M committed, 1088M reserved
[147.634s][info][gc,ref      ] GC(270) Soft: 197 encountered, 0 discovered, 0 enqueued
[147.634s][info][gc,ref      ] GC(270) Weak: 695 encountered, 554 discovered, 0 enqueued
[147.634s][info][gc,ref      ] GC(270) Final: 0 encountered, 0 discovered, 0 enqueued
[147.634s][info][gc,ref      ] GC(270) Phantom: 36 encountered, 17 discovered, 0 enqueued
[147.634s][info][gc,reloc    ] GC(270) Small Pages: 983 / 1966M, Empty: 1834M, Relocated: 2M, In-Place: 0
[147.634s][info][gc,reloc    ] GC(270) Medium Pages: 10 / 320M, Empty: 320M, Relocated: 0M, In-Place: 0
[147.634s][info][gc,reloc    ] GC(270) Large Pages: 1 / 6M, Empty: 0M, Relocated: 0M, In-Place: 0
[147.634s][info][gc,reloc    ] GC(270) Forwarding Usage: 1M
[147.634s][info][gc,heap     ] GC(270) Min Capacity: 4096M(100%)
[147.634s][info][gc,heap     ] GC(270) Max Capacity: 4096M(100%)
[147.634s][info][gc,heap     ] GC(270) Soft Max Capacity: 4096M(100%)
[147.634s][info][gc,heap     ] GC(270)                Mark Start          Mark End        Relocate Start      Relocate End           High               Low         
[147.635s][info][gc,heap     ] GC(270)  Capacity:     4096M (100%)       4096M (100%)       4096M (100%)       4096M (100%)       4096M (100%)       4096M (100%)   
[147.635s][info][gc,heap     ] GC(270)      Free:     1804M (44%)        1268M (31%)        3358M (82%)        3376M (82%)        3394M (83%)        1210M (30%)    
[147.635s][info][gc,heap     ] GC(270)      Used:     2292M (56%)        2828M (69%)         738M (18%)         720M (18%)        2886M (70%)         702M (17%)    
[147.635s][info][gc,heap     ] GC(270)      Live:         -                96M (2%)           96M (2%)           96M (2%)             -                  -          
[147.635s][info][gc,heap     ] GC(270) Allocated:         -               536M (13%)         600M (15%)         621M (15%)            -                  -          
[147.635s][info][gc,heap     ] GC(270)   Garbage:         -              2195M (54%)          41M (1%)            1M (0%)             -                  -          
[147.635s][info][gc,heap     ] GC(270) Reclaimed:         -                  -              2154M (53%)        2193M (54%)            -                  -          
[147.635s][info][gc          ] GC(270) Garbage Collection (Allocation Rate) 2292M(56%)->720M(18%)
[147.973s][info][gc,start    ] GC(271) Garbage Collection (Allocation Rate)
[147.973s][info][gc,task     ] GC(271) Using 1 workers
[147.973s][info][gc,phases   ] GC(271) Pause Mark Start 0.013ms
[148.111s][info][gc,phases   ] GC(271) Concurrent Mark 138.107ms
[148.111s][info][gc,phases   ] GC(271) Pause Mark End 0.012ms
[148.111s][info][gc,phases   ] GC(271) Concurrent Mark Free 0.001ms
[148.121s][info][gc,phases   ] GC(271) Concurrent Process Non-Strong References 9.356ms
[148.121s][info][gc,phases   ] GC(271) Concurrent Reset Relocation Set 0.005ms
[148.124s][info][gc,phases   ] GC(271) Concurrent Select Relocation Set 3.525ms
[148.124s][info][gc,phases   ] GC(271) Pause Relocate Start 0.015ms
[148.126s][info][gc,phases   ] GC(271) Concurrent Relocate 1.197ms
[148.126s][info][gc,load     ] GC(271) Load: 0.00/0.00/0.00
[148.126s][info][gc,mmu      ] GC(271) MMU: 2ms/96.2%, 5ms/98.5%, 10ms/99.0%, 20ms/99.5%, 50ms/99.8%, 100ms/99.9%
[148.126s][info][gc,marking  ] GC(271) Mark: 1 stripe(s), 2 proactive flush(es), 1 terminate flush(es), 0 completion(s), 0 continuation(s) 
[148.126s][info][gc,marking  ] GC(271) Mark Stack Usage: 32M
[148.126s][info][gc,nmethod  ] GC(271) NMethods: 1415 registered, 8 unregistered
[148.126s][info][gc,metaspace] GC(271) Metaspace: 11M used, 11M committed, 1088M reserved
[148.126s][info][gc,ref      ] GC(271) Soft: 197 encountered, 0 discovered, 0 enqueued
[148.126s][info][gc,ref      ] GC(271) Weak: 695 encountered, 554 discovered, 0 enqueued
[148.126s][info][gc,ref      ] GC(271) Final: 0 encountered, 0 discovered, 0 enqueued
[148.126s][info][gc,ref      ] GC(271) Phantom: 36 encountered, 17 discovered, 0 enqueued
[148.126s][info][gc,reloc    ] GC(271) Small Pages: 992 / 1984M, Empty: 1848M, Relocated: 1M, In-Place: 0
[148.126s][info][gc,reloc    ] GC(271) Medium Pages: 10 / 320M, Empty: 288M, Relocated: 0M, In-Place: 0
[148.126s][info][gc,reloc    ] GC(271) Large Pages: 1 / 6M, Empty: 0M, Relocated: 0M, In-Place: 0
[148.126s][info][gc,reloc    ] GC(271) Forwarding Usage: 0M
[148.126s][info][gc,heap     ] GC(271) Min Capacity: 4096M(100%)
[148.126s][info][gc,heap     ] GC(271) Max Capacity: 4096M(100%)
[148.126s][info][gc,heap     ] GC(271) Soft Max Capacity: 4096M(100%)
[148.126s][info][gc,heap     ] GC(271)                Mark Start          Mark End        Relocate Start      Relocate End           High               Low         
[148.126s][info][gc,heap     ] GC(271)  Capacity:     4096M (100%)       4096M (100%)       4096M (100%)       4096M (100%)       4096M (100%)       4096M (100%)   
[148.126s][info][gc,heap     ] GC(271)      Free:     1786M (44%)        1268M (31%)        3324M (81%)        3368M (82%)        3368M (82%)        1210M (30%)    
[148.126s][info][gc,heap     ] GC(271)      Used:     2310M (56%)        2828M (69%)         772M (19%)         728M (18%)        2886M (70%)         728M (18%)    
[148.126s][info][gc,heap     ] GC(271)      Live:         -               100M (2%)          100M (2%)          100M (2%)             -                  -          
[148.126s][info][gc,heap     ] GC(271) Allocated:         -               518M (13%)         598M (15%)         597M (15%)            -                  -          
[148.126s][info][gc,heap     ] GC(271)   Garbage:         -              2209M (54%)          73M (2%)           29M (1%)             -                  -          
[148.126s][info][gc,heap     ] GC(271) Reclaimed:         -                  -              2136M (52%)        2179M (53%)            -                  -          
[148.126s][info][gc          ] GC(271) Garbage Collection (Allocation Rate) 2310M(56%)->728M(18%)
[148.585s][info][gc,start    ] GC(272) Garbage Collection (Allocation Rate)
[148.585s][info][gc,task     ] GC(272) Using 1 workers
[148.585s][info][gc,phases   ] GC(272) Pause Mark Start 0.010ms
[148.752s][info][gc,phases   ] GC(272) Concurrent Mark 166.244ms
[148.752s][info][gc,phases   ] GC(272) Pause Mark End 0.016ms
[148.752s][info][gc,phases   ] GC(272) Concurrent Mark Free 0.003ms
[148.756s][info][gc,phases   ] GC(272) Concurrent Process Non-Strong References 4.403ms
[148.756s][info][gc,phases   ] GC(272) Concurrent Reset Relocation Set 0.003ms
[148.761s][info][gc,phases   ] GC(272) Concurrent Select Relocation Set 4.195ms
[148.761s][info][gc,phases   ] GC(272) Pause Relocate Start 0.014ms
[148.763s][info][gc,phases   ] GC(272) Concurrent Relocate 2.259ms
[148.763s][info][gc,load     ] GC(272) Load: 0.00/0.00/0.00
[148.763s][info][gc,mmu      ] GC(272) MMU: 2ms/96.2%, 5ms/98.5%, 10ms/99.0%, 20ms/99.5%, 50ms/99.8%, 100ms/99.9%
[148.763s][info][gc,marking  ] GC(272) Mark: 1 stripe(s), 2 proactive flush(es), 1 terminate flush(es), 0 completion(s), 0 continuation(s) 
[148.763s][info][gc,marking  ] GC(272) Mark Stack Usage: 32M
[148.763s][info][gc,nmethod  ] GC(272) NMethods: 1415 registered, 8 unregistered
[148.763s][info][gc,metaspace] GC(272) Metaspace: 11M used, 11M committed, 1088M reserved
[148.763s][info][gc,ref      ] GC(272) Soft: 197 encountered, 0 discovered, 0 enqueued
[148.763s][info][gc,ref      ] GC(272) Weak: 695 encountered, 187 discovered, 0 enqueued
[148.763s][info][gc,ref      ] GC(272) Final: 0 encountered, 0 discovered, 0 enqueued
[148.763s][info][gc,ref      ] GC(272) Phantom: 36 encountered, 21 discovered, 0 enqueued
[148.763s][info][gc,reloc    ] GC(272) Small Pages: 1180 / 2360M, Empty: 2224M, Relocated: 3M, In-Place: 0
[148.763s][info][gc,reloc    ] GC(272) Medium Pages: 13 / 416M, Empty: 416M, Relocated: 0M, In-Place: 0
[148.763s][info][gc,reloc    ] GC(272) Large Pages: 1 / 6M, Empty: 0M, Relocated: 0M, In-Place: 0
[148.763s][info][gc,reloc    ] GC(272) Forwarding Usage: 0M
[148.763s][info][gc,heap     ] GC(272) Min Capacity: 4096M(100%)
[148.763s][info][gc,heap     ] GC(272) Max Capacity: 4096M(100%)
[148.763s][info][gc,heap     ] GC(272) Soft Max Capacity: 4096M(100%)
[148.763s][info][gc,heap     ] GC(272)                Mark Start          Mark End        Relocate Start      Relocate End           High               Low         
[148.763s][info][gc,heap     ] GC(272)  Capacity:     4096M (100%)       4096M (100%)       4096M (100%)       4096M (100%)       4096M (100%)       4096M (100%)   
[148.763s][info][gc,heap     ] GC(272)      Free:     1314M (32%)         640M (16%)        3228M (79%)        3238M (79%)        3266M (80%)         614M (15%)    
[148.763s][info][gc,heap     ] GC(272)      Used:     2782M (68%)        3456M (84%)         868M (21%)         858M (21%)        3482M (85%)         830M (20%)    
[148.763s][info][gc,heap     ] GC(272)      Live:         -                98M (2%)           98M (2%)           98M (2%)             -                  -          
[148.763s][info][gc,heap     ] GC(272) Allocated:         -               674M (16%)         726M (18%)         757M (19%)            -                  -          
[148.763s][info][gc,heap     ] GC(272)   Garbage:         -              2683M (66%)          43M (1%)            1M (0%)             -                  -          
[148.763s][info][gc,heap     ] GC(272) Reclaimed:         -                  -              2640M (64%)        2681M (65%)            -                  -          
[148.763s][info][gc          ] GC(272) Garbage Collection (Allocation Rate) 2782M(68%)->858M(21%)
[149.182s][info][gc,start    ] GC(273) Garbage Collection (Allocation Rate)
[149.182s][info][gc,task     ] GC(273) Using 1 workers
[149.182s][info][gc,phases   ] GC(273) Pause Mark Start 0.005ms
[149.407s][info][gc,phases   ] GC(273) Concurrent Mark 225.474ms
[149.407s][info][gc,phases   ] GC(273) Pause Mark End 0.026ms
[149.407s][info][gc,phases   ] GC(273) Concurrent Mark Free 0.002ms
[149.411s][info][gc,phases   ] GC(273) Concurrent Process Non-Strong References 3.291ms
[149.411s][info][gc,phases   ] GC(273) Concurrent Reset Relocation Set 0.004ms
[149.415s][info][gc,phases   ] GC(273) Concurrent Select Relocation Set 3.829ms
[149.415s][info][gc,phases   ] GC(273) Pause Relocate Start 0.010ms
[149.416s][info][gc,phases   ] GC(273) Concurrent Relocate 0.969ms
[149.416s][info][gc,load     ] GC(273) Load: 0.00/0.00/0.00
[149.416s][info][gc,mmu      ] GC(273) MMU: 2ms/96.2%, 5ms/98.5%, 10ms/99.0%, 20ms/99.5%, 50ms/99.8%, 100ms/99.9%
[149.416s][info][gc,marking  ] GC(273) Mark: 1 stripe(s), 2 proactive flush(es), 1 terminate flush(es), 0 completion(s), 0 continuation(s) 
[149.416s][info][gc,marking  ] GC(273) Mark Stack Usage: 32M
[149.416s][info][gc,nmethod  ] GC(273) NMethods: 1415 registered, 8 unregistered
[149.416s][info][gc,metaspace] GC(273) Metaspace: 11M used, 11M committed, 1088M reserved
[149.416s][info][gc,ref      ] GC(273) Soft: 197 encountered, 0 discovered, 0 enqueued
[149.416s][info][gc,ref      ] GC(273) Weak: 695 encountered, 187 discovered, 0 enqueued
[149.416s][info][gc,ref      ] GC(273) Final: 0 encountered, 0 discovered, 0 enqueued
[149.416s][info][gc,ref      ] GC(273) Phantom: 36 encountered, 21 discovered, 0 enqueued
[149.416s][info][gc,reloc    ] GC(273) Small Pages: 1187 / 2374M, Empty: 2250M, Relocated: 0M, In-Place: 0
[149.416s][info][gc,reloc    ] GC(273) Medium Pages: 12 / 384M, Empty: 352M, Relocated: 0M, In-Place: 0
[149.416s][info][gc,reloc    ] GC(273) Large Pages: 1 / 6M, Empty: 0M, Relocated: 0M, In-Place: 0
[149.416s][info][gc,reloc    ] GC(273) Forwarding Usage: 0M
[149.416s][info][gc,heap     ] GC(273) Min Capacity: 4096M(100%)
[149.416s][info][gc,heap     ] GC(273) Max Capacity: 4096M(100%)
[149.416s][info][gc,heap     ] GC(273) Soft Max Capacity: 4096M(100%)
[149.416s][info][gc,heap     ] GC(273)                Mark Start          Mark End        Relocate Start      Relocate End           High               Low         
[149.416s][info][gc,heap     ] GC(273)  Capacity:     4096M (100%)       4096M (100%)       4096M (100%)       4096M (100%)       4096M (100%)       4096M (100%)   
[149.416s][info][gc,heap     ] GC(273)      Free:     1332M (33%)         378M (9%)         2942M (72%)        2974M (73%)        2974M (73%)         340M (8%)     
[149.416s][info][gc,heap     ] GC(273)      Used:     2764M (67%)        3718M (91%)        1154M (28%)        1122M (27%)        3756M (92%)        1122M (27%)    
[149.416s][info][gc,heap     ] GC(273)      Live:         -                99M (2%)           99M (2%)           99M (2%)             -                  -          
[149.416s][info][gc,heap     ] GC(273) Allocated:         -               954M (23%)         992M (24%)         991M (24%)            -                  -          
[149.416s][info][gc,heap     ] GC(273)   Garbage:         -              2664M (65%)          62M (2%)           30M (1%)             -                  -          
[149.416s][info][gc,heap     ] GC(273) Reclaimed:         -                  -              2602M (64%)        2633M (64%)            -                  -          
[149.416s][info][gc          ] GC(273) Garbage Collection (Allocation Rate) 2764M(67%)->1122M(27%)
[149.684s][info][gc,start    ] GC(274) Garbage Collection (Allocation Rate)
[149.684s][info][gc,task     ] GC(274) Using 1 workers
[149.684s][info][gc,phases   ] GC(274) Pause Mark Start 0.011ms
[149.819s][info][gc,phases   ] GC(274) Concurrent Mark 135.220ms
[149.820s][info][gc,phases   ] GC(274) Pause Mark End 0.015ms
[149.820s][info][gc,phases   ] GC(274) Concurrent Mark Free 0.002ms
[149.823s][info][gc,phases   ] GC(274) Concurrent Process Non-Strong References 2.797ms
[149.823s][info][gc,phases   ] GC(274) Concurrent Reset Relocation Set 0.002ms
[149.824s][info][gc,phases   ] GC(274) Concurrent Select Relocation Set 1.626ms
[149.824s][info][gc,phases   ] GC(274) Pause Relocate Start 0.008ms
[149.827s][info][gc,phases   ] GC(274) Concurrent Relocate 2.180ms
[149.827s][info][gc,load     ] GC(274) Load: 0.00/0.00/0.00
[149.827s][info][gc,mmu      ] GC(274) MMU: 2ms/96.2%, 5ms/98.5%, 10ms/99.0%, 20ms/99.5%, 50ms/99.8%, 100ms/99.9%
[149.827s][info][gc,marking  ] GC(274) Mark: 1 stripe(s), 2 proactive flush(es), 1 terminate flush(es), 0 completion(s), 0 continuation(s) 
[149.827s][info][gc,marking  ] GC(274) Mark Stack Usage: 32M
[149.827s][info][gc,nmethod  ] GC(274) NMethods: 1415 registered, 8 unregistered
[149.827s][info][gc,metaspace] GC(274) Metaspace: 11M used, 11M committed, 1088M reserved
[149.827s][info][gc,ref      ] GC(274) Soft: 197 encountered, 0 discovered, 0 enqueued
[149.827s][info][gc,ref      ] GC(274) Weak: 695 encountered, 554 discovered, 0 enqueued
[149.827s][info][gc,ref      ] GC(274) Final: 0 encountered, 0 discovered, 0 enqueued
[149.827s][info][gc,ref      ] GC(274) Phantom: 36 encountered, 17 discovered, 0 enqueued
[149.827s][info][gc,reloc    ] GC(274) Small Pages: 994 / 1988M, Empty: 1856M, Relocated: 5M, In-Place: 0
[149.827s][info][gc,reloc    ] GC(274) Medium Pages: 11 / 352M, Empty: 320M, Relocated: 0M, In-Place: 0
[149.827s][info][gc,reloc    ] GC(274) Large Pages: 1 / 6M, Empty: 0M, Relocated: 0M, In-Place: 0
[149.827s][info][gc,reloc    ] GC(274) Forwarding Usage: 0M
[149.827s][info][gc,heap     ] GC(274) Min Capacity: 4096M(100%)
[149.827s][info][gc,heap     ] GC(274) Max Capacity: 4096M(100%)
[149.827s][info][gc,heap     ] GC(274) Soft Max Capacity: 4096M(100%)
[149.827s][info][gc,heap     ] GC(274)                Mark Start          Mark End        Relocate Start      Relocate End           High               Low         
[149.827s][info][gc,heap     ] GC(274)  Capacity:     4096M (100%)       4096M (100%)       4096M (100%)       4096M (100%)       4096M (100%)       4096M (100%)   
[149.827s][info][gc,heap     ] GC(274)      Free:     1750M (43%)        1426M (35%)        3602M (88%)        3638M (89%)        3638M (89%)        1426M (35%)    
[149.827s][info][gc,heap     ] GC(274)      Used:     2346M (57%)        2670M (65%)         494M (12%)         458M (11%)        2670M (65%)         458M (11%)    
[149.827s][info][gc,heap     ] GC(274)      Live:         -               100M (2%)          100M (2%)          100M (2%)             -                  -          
[149.827s][info][gc,heap     ] GC(274) Allocated:         -               324M (8%)          324M (8%)          324M (8%)             -                  -          
[149.827s][info][gc,heap     ] GC(274)   Garbage:         -              2245M (55%)          69M (2%)           33M (1%)             -                  -          
[149.827s][info][gc,heap     ] GC(274) Reclaimed:         -                  -              2176M (53%)        2212M (54%)            -                  -          
[149.827s][info][gc          ] GC(274) Garbage Collection (Allocation Rate) 2346M(57%)->458M(11%)
[149.827s][info][gc,start    ] GC(275) Garbage Collection (System.gc())
[149.827s][info][gc,task     ] GC(275) Using 2 workers
[149.827s][info][gc,phases   ] GC(275) Pause Mark Start 0.009ms
[149.888s][info][gc,phases   ] GC(275) Concurrent Mark 61.419ms
[149.889s][info][gc,phases   ] GC(275) Pause Mark End 0.031ms
[149.889s][info][gc,phases   ] GC(275) Concurrent Mark Free 0.002ms
[149.891s][info][gc,phases   ] GC(275) Concurrent Process Non-Strong References 2.131ms
[149.891s][info][gc,phases   ] GC(275) Concurrent Reset Relocation Set 0.002ms
[149.893s][info][gc,phases   ] GC(275) Concurrent Select Relocation Set 1.456ms
[149.893s][info][gc,phases   ] GC(275) Pause Relocate Start 0.004ms
[149.893s][info][gc,phases   ] GC(275) Concurrent Relocate 0.638ms
[149.893s][info][gc,load     ] GC(275) Load: 0.00/0.00/0.00
[149.893s][info][gc,mmu      ] GC(275) MMU: 2ms/96.2%, 5ms/98.5%, 10ms/99.0%, 20ms/99.5%, 50ms/99.8%, 100ms/99.9%
[149.893s][info][gc,marking  ] GC(275) Mark: 2 stripe(s), 2 proactive flush(es), 1 terminate flush(es), 0 completion(s), 0 continuation(s) 
[149.893s][info][gc,marking  ] GC(275) Mark Stack Usage: 32M
[149.893s][info][gc,nmethod  ] GC(275) NMethods: 1415 registered, 8 unregistered
[149.893s][info][gc,metaspace] GC(275) Metaspace: 11M used, 11M committed, 1088M reserved
[149.893s][info][gc,ref      ] GC(275) Soft: 197 encountered, 0 discovered, 0 enqueued
[149.893s][info][gc,ref      ] GC(275) Weak: 695 encountered, 5 discovered, 0 enqueued
[149.893s][info][gc,ref      ] GC(275) Final: 0 encountered, 0 discovered, 0 enqueued
[149.893s][info][gc,ref      ] GC(275) Phantom: 36 encountered, 16 discovered, 0 enqueued
[149.893s][info][gc,reloc    ] GC(275) Small Pages: 178 / 356M, Empty: 260M, Relocated: 0M, In-Place: 0
[149.893s][info][gc,reloc    ] GC(275) Medium Pages: 3 / 96M, Empty: 96M, Relocated: 0M, In-Place: 0
[149.893s][info][gc,reloc    ] GC(275) Large Pages: 1 / 6M, Empty: 0M, Relocated: 0M, In-Place: 0
[149.893s][info][gc,reloc    ] GC(275) Forwarding Usage: 0M
[149.893s][info][gc,heap     ] GC(275) Min Capacity: 4096M(100%)
[149.893s][info][gc,heap     ] GC(275) Max Capacity: 4096M(100%)
[149.893s][info][gc,heap     ] GC(275) Soft Max Capacity: 4096M(100%)
[149.893s][info][gc,heap     ] GC(275)                Mark Start          Mark End        Relocate Start      Relocate End           High               Low         
[149.893s][info][gc,heap     ] GC(275)  Capacity:     4096M (100%)       4096M (100%)       4096M (100%)       4096M (100%)       4096M (100%)       4096M (100%)   
[149.893s][info][gc,heap     ] GC(275)      Free:     3638M (89%)        3638M (89%)        3994M (98%)        3996M (98%)        3996M (98%)        3638M (89%)    
[149.893s][info][gc,heap     ] GC(275)      Used:      458M (11%)         458M (11%)         102M (2%)          100M (2%)          458M (11%)         100M (2%)     
[149.893s][info][gc,heap     ] GC(275)      Live:         -                95M (2%)           95M (2%)           95M (2%)             -                  -          
[149.893s][info][gc,heap     ] GC(275) Allocated:         -                 0M (0%)            0M (0%)            0M (0%)             -                  -          
[149.893s][info][gc,heap     ] GC(275)   Garbage:         -               362M (9%)            6M (0%)            4M (0%)             -                  -          
[149.894s][info][gc,heap     ] GC(275) Reclaimed:         -                  -               356M (9%)          358M (9%)             -                  -          
[149.894s][info][gc          ] GC(275) Garbage Collection (System.gc()) 458M(11%)->100M(2%)
[150.187s][info][gc,stats    ] === Garbage Collection Statistics =======================================================================================================================
[150.187s][info][gc,stats    ]                                                              Last 10s              Last 10m              Last 10h                Total
[150.187s][info][gc,stats    ]                                                              Avg / Max             Avg / Max             Avg / Max             Avg / Max
[150.187s][info][gc,stats    ]   Collector: Garbage Collection Cycle                    171.937 / 235.662     162.111 / 259.019     162.111 / 259.019     162.111 / 259.019     ms
[150.187s][info][gc,stats    ]  Contention: Mark Segment Reset Contention                     0 / 0                 0 / 2                 0 / 2                 0 / 2           ops/s
[150.187s][info][gc,stats    ]  Contention: Mark SeqNum Reset Contention                      0 / 1                 0 / 2                 0 / 2                 0 / 2           ops/s
[150.187s][info][gc,stats    ]    Critical: Allocation Stall                                  0 / 0                 0 / 0                 0 / 0                 0 / 0           ops/s
[150.187s][info][gc,stats    ]    Critical: Allocation Stall                              0.000 / 0.000         0.000 / 0.000         0.000 / 0.000         0.000 / 0.000       ms
[150.187s][info][gc,stats    ]    Critical: GC Locker Stall                                   0 / 0                 0 / 0                 0 / 0                 0 / 0           ops/s
[150.187s][info][gc,stats    ]    Critical: GC Locker Stall                               0.000 / 0.000         0.000 / 0.000         0.000 / 0.000         0.000 / 0.000       ms
[150.187s][info][gc,stats    ]    Critical: Relocation Stall                                  0 / 0                 0 / 0                 0 / 0                 0 / 0           ops/s
[150.187s][info][gc,stats    ]    Critical: Relocation Stall                              0.000 / 0.000         0.000 / 0.000         0.000 / 0.000         0.000 / 0.000       ms
[150.187s][info][gc,stats    ]      Memory: Allocation Rate                                4300 / 4526           4271 / 4592           4271 / 4592           4271 / 4592        MB/s
[150.187s][info][gc,stats    ]      Memory: Defragment                                        0 / 0                 0 / 0                 0 / 0                 0 / 0           ops/s
[150.187s][info][gc,stats    ]      Memory: Out Of Memory                                     0 / 0                 0 / 0                 0 / 0                 0 / 0           ops/s
[150.187s][info][gc,stats    ]      Memory: Page Cache Flush                                  0 / 0                 0 / 0                 0 / 0                 0 / 0           MB/s
[150.187s][info][gc,stats    ]      Memory: Page Cache Hit L1                              1860 / 1965           1837 / 2002           1837 / 2002           1837 / 2002        ops/s
[150.187s][info][gc,stats    ]      Memory: Page Cache Hit L2                                 0 / 0                 0 / 0                 0 / 0                 0 / 0           ops/s
[150.187s][info][gc,stats    ]      Memory: Page Cache Hit L3                                 0 / 0                11 / 437              11 / 437              11 / 437         ops/s
[150.187s][info][gc,stats    ]      Memory: Page Cache Miss                                   0 / 0                 0 / 1                 0 / 1                 0 / 1           ops/s
[150.187s][info][gc,stats    ]      Memory: Uncommit                                          0 / 0                 0 / 0                 0 / 0                 0 / 0           MB/s
[150.187s][info][gc,stats    ]      Memory: Undo Object Allocation Failed                     0 / 0                 0 / 1                 0 / 1                 0 / 1           ops/s
[150.187s][info][gc,stats    ]      Memory: Undo Object Allocation Succeeded                121 / 1067             21 / 1067             21 / 1067             21 / 1067        ops/s
[150.187s][info][gc,stats    ]      Memory: Undo Page Allocation                              1 / 4                 2 / 7                 2 / 7                 2 / 7           ops/s
[150.187s][info][gc,stats    ]       Phase: Concurrent Mark                             160.701 / 225.474     150.649 / 251.310     150.649 / 251.310     150.649 / 251.310     ms
[150.187s][info][gc,stats    ]       Phase: Concurrent Mark Continue                      0.000 / 0.000         0.000 / 0.000         0.000 / 0.000         0.000 / 0.000       ms
[150.187s][info][gc,stats    ]       Phase: Concurrent Mark Free                          0.002 / 0.004         0.002 / 0.005         0.002 / 0.005         0.002 / 0.005       ms
[150.187s][info][gc,stats    ]       Phase: Concurrent Process Non-Strong References      5.068 / 15.187        5.345 / 24.469        5.345 / 24.469        5.345 / 24.469      ms
[150.187s][info][gc,stats    ]       Phase: Concurrent Relocate                           2.162 / 6.510         2.030 / 57.532        2.030 / 57.532        2.030 / 57.532      ms
[150.187s][info][gc,stats    ]       Phase: Concurrent Reset Relocation Set               0.004 / 0.007         0.004 / 0.026         0.004 / 0.026         0.004 / 0.026       ms
[150.187s][info][gc,stats    ]       Phase: Concurrent Select Relocation Set              3.050 / 4.483         3.060 / 13.885        3.060 / 13.885        3.060 / 13.885      ms
[150.187s][info][gc,stats    ]       Phase: Pause Mark End                                0.019 / 0.031         0.018 / 0.047         0.018 / 0.047         0.018 / 0.047       ms
[150.187s][info][gc,stats    ]       Phase: Pause Mark Start                              0.011 / 0.016         0.010 / 0.027         0.010 / 0.027         0.010 / 0.027       ms
[150.187s][info][gc,stats    ]       Phase: Pause Relocate Start                          0.012 / 0.041         0.012 / 0.077         0.012 / 0.077         0.012 / 0.077       ms
[150.187s][info][gc,stats    ]    Subphase: Concurrent Classes Purge                      0.014 / 0.044         0.017 / 0.208         0.017 / 0.208         0.017 / 0.208       ms
[150.187s][info][gc,stats    ]    Subphase: Concurrent Classes Unlink                     3.046 / 3.808         2.696 / 3.848         2.696 / 3.848         2.696 / 3.848       ms
[150.187s][info][gc,stats    ]    Subphase: Concurrent Mark                             146.280 / 224.763     135.859 / 250.559     135.859 / 250.559     135.859 / 250.559     ms
[150.187s][info][gc,stats    ]    Subphase: Concurrent Mark Try Flush                     0.741 / 15.410        0.792 / 17.896        0.792 / 17.896        0.792 / 17.896      ms
[150.187s][info][gc,stats    ]    Subphase: Concurrent Mark Try Terminate                 1.198 / 15.195        1.220 / 17.378        1.220 / 17.378        1.220 / 17.378      ms
[150.187s][info][gc,stats    ]    Subphase: Concurrent References Enqueue                 0.001 / 0.002         0.001 / 0.015         0.001 / 0.015         0.001 / 0.015       ms
[150.187s][info][gc,stats    ]    Subphase: Concurrent References Process                 0.085 / 0.176         0.085 / 0.535         0.085 / 0.535         0.085 / 0.535       ms
[150.187s][info][gc,stats    ]    Subphase: Concurrent Roots ClassLoaderDataGraph         0.075 / 0.136         0.070 / 0.272         0.070 / 0.272         0.070 / 0.272       ms
[150.187s][info][gc,stats    ]    Subphase: Concurrent Roots CodeCache                    0.000 / 0.000         0.000 / 0.000         0.000 / 0.000         0.000 / 0.000       ms
[150.187s][info][gc,stats    ]    Subphase: Concurrent Roots JavaThreads                  0.705 / 2.887         0.634 / 7.312         0.634 / 7.312         0.634 / 7.312       ms
[150.187s][info][gc,stats    ]    Subphase: Concurrent Roots OopStorageSet                0.030 / 0.068         0.029 / 0.099         0.029 / 0.099         0.029 / 0.099       ms
[150.187s][info][gc,stats    ]    Subphase: Concurrent Weak Roots OopStorageSet           0.185 / 0.259         0.186 / 0.369         0.186 / 0.369         0.186 / 0.369       ms
[150.187s][info][gc,stats    ]    Subphase: Pause Mark Try Complete                       0.000 / 0.000         0.000 / 0.000         0.000 / 0.000         0.000 / 0.000       ms
[150.187s][info][gc,stats    ]      System: Java Threads                                     24 / 24               23 / 24               23 / 24               23 / 24          threads
[150.187s][info][gc,stats    ] =========================================================================================================================================================
[150.485s][info][gc,start    ] GC(276) Garbage Collection (Allocation Rate)
[150.485s][info][gc,task     ] GC(276) Using 1 workers
[150.485s][info][gc,phases   ] GC(276) Pause Mark Start 0.020ms
[150.646s][info][gc,phases   ] GC(276) Concurrent Mark 160.973ms
[150.647s][info][gc,phases   ] GC(276) Pause Mark End 0.022ms
[150.647s][info][gc,phases   ] GC(276) Concurrent Mark Free 0.001ms
[150.655s][info][gc,phases   ] GC(276) Concurrent Process Non-Strong References 8.695ms
[150.655s][info][gc,phases   ] GC(276) Concurrent Reset Relocation Set 0.003ms
[150.659s][info][gc,phases   ] GC(276) Concurrent Select Relocation Set 3.494ms
[150.659s][info][gc,phases   ] GC(276) Pause Relocate Start 0.012ms
[150.661s][info][gc,phases   ] GC(276) Concurrent Relocate 1.641ms
[150.661s][info][gc,load     ] GC(276) Load: 0.00/0.00/0.00
[150.661s][info][gc,mmu      ] GC(276) MMU: 2ms/96.2%, 5ms/98.5%, 10ms/99.0%, 20ms/99.5%, 50ms/99.8%, 100ms/99.9%
[150.661s][info][gc,marking  ] GC(276) Mark: 1 stripe(s), 2 proactive flush(es), 1 terminate flush(es), 0 completion(s), 0 continuation(s) 
[150.661s][info][gc,marking  ] GC(276) Mark Stack Usage: 32M
[150.661s][info][gc,nmethod  ] GC(276) NMethods: 1415 registered, 8 unregistered
[150.661s][info][gc,metaspace] GC(276) Metaspace: 11M used, 11M committed, 1088M reserved
[150.661s][info][gc,ref      ] GC(276) Soft: 197 encountered, 0 discovered, 0 enqueued
[150.661s][info][gc,ref      ] GC(276) Weak: 695 encountered, 187 discovered, 0 enqueued
[150.661s][info][gc,ref      ] GC(276) Final: 0 encountered, 0 discovered, 0 enqueued
[150.661s][info][gc,ref      ] GC(276) Phantom: 36 encountered, 21 discovered, 0 enqueued
[150.661s][info][gc,reloc    ] GC(276) Small Pages: 1221 / 2442M, Empty: 2314M, Relocated: 3M, In-Place: 0
[150.661s][info][gc,reloc    ] GC(276) Medium Pages: 12 / 384M, Empty: 384M, Relocated: 0M, In-Place: 0
[150.661s][info][gc,reloc    ] GC(276) Large Pages: 1 / 6M, Empty: 0M, Relocated: 0M, In-Place: 0
[150.661s][info][gc,reloc    ] GC(276) Forwarding Usage: 0M
[150.661s][info][gc,heap     ] GC(276) Min Capacity: 4096M(100%)
[150.661s][info][gc,heap     ] GC(276) Max Capacity: 4096M(100%)
[150.661s][info][gc,heap     ] GC(276) Soft Max Capacity: 4096M(100%)
[150.661s][info][gc,heap     ] GC(276)                Mark Start          Mark End        Relocate Start      Relocate End           High               Low         
[150.661s][info][gc,heap     ] GC(276)  Capacity:     4096M (100%)       4096M (100%)       4096M (100%)       4096M (100%)       4096M (100%)       4096M (100%)   
[150.661s][info][gc,heap     ] GC(276)      Free:     1264M (31%)         610M (15%)        3206M (78%)        3240M (79%)        3240M (79%)         554M (14%)    
[150.661s][info][gc,heap     ] GC(276)      Used:     2832M (69%)        3486M (85%)         890M (22%)         856M (21%)        3542M (86%)         856M (21%)    
[150.661s][info][gc,heap     ] GC(276)      Live:         -                98M (2%)           98M (2%)           98M (2%)             -                  -          
[150.661s][info][gc,heap     ] GC(276) Allocated:         -               654M (16%)         756M (18%)         755M (18%)            -                  -          
[150.661s][info][gc,heap     ] GC(276)   Garbage:         -              2733M (67%)          35M (1%)            1M (0%)             -                  -          
[150.661s][info][gc,heap     ] GC(276) Reclaimed:         -                  -              2698M (66%)        2731M (67%)            -                  -          
[150.661s][info][gc          ] GC(276) Garbage Collection (Allocation Rate) 2832M(69%)->856M(21%)
[150.987s][info][gc,start    ] GC(277) Garbage Collection (Allocation Rate)
[150.988s][info][gc,task     ] GC(277) Using 1 workers
[150.988s][info][gc,phases   ] GC(277) Pause Mark Start 0.014ms
[151.152s][info][gc,phases   ] GC(277) Concurrent Mark 164.687ms
[151.153s][info][gc,phases   ] GC(277) Pause Mark End 0.020ms
[151.153s][info][gc,phases   ] GC(277) Concurrent Mark Free 0.002ms
[151.157s][info][gc,phases   ] GC(277) Concurrent Process Non-Strong References 4.318ms
[151.157s][info][gc,phases   ] GC(277) Concurrent Reset Relocation Set 0.005ms
[151.161s][info][gc,phases   ] GC(277) Concurrent Select Relocation Set 3.974ms
[151.161s][info][gc,phases   ] GC(277) Pause Relocate Start 0.014ms
[151.164s][info][gc,phases   ] GC(277) Concurrent Relocate 3.177ms
[151.164s][info][gc,load     ] GC(277) Load: 0.00/0.00/0.00
[151.165s][info][gc,mmu      ] GC(277) MMU: 2ms/96.2%, 5ms/98.5%, 10ms/99.0%, 20ms/99.5%, 50ms/99.8%, 100ms/99.9%
[151.165s][info][gc,marking  ] GC(277) Mark: 1 stripe(s), 2 proactive flush(es), 1 terminate flush(es), 0 completion(s), 0 continuation(s) 
[151.165s][info][gc,marking  ] GC(277) Mark Stack Usage: 32M
[151.165s][info][gc,nmethod  ] GC(277) NMethods: 1415 registered, 8 unregistered
[151.165s][info][gc,metaspace] GC(277) Metaspace: 11M used, 11M committed, 1088M reserved
[151.165s][info][gc,ref      ] GC(277) Soft: 197 encountered, 0 discovered, 0 enqueued
[151.165s][info][gc,ref      ] GC(277) Weak: 695 encountered, 187 discovered, 0 enqueued
[151.165s][info][gc,ref      ] GC(277) Final: 0 encountered, 0 discovered, 0 enqueued
[151.165s][info][gc,ref      ] GC(277) Phantom: 36 encountered, 21 discovered, 0 enqueued
[151.165s][info][gc,reloc    ] GC(277) Small Pages: 999 / 1998M, Empty: 1848M, Relocated: 4M, In-Place: 0
[151.165s][info][gc,reloc    ] GC(277) Medium Pages: 10 / 320M, Empty: 320M, Relocated: 0M, In-Place: 0
[151.165s][info][gc,reloc    ] GC(277) Large Pages: 1 / 6M, Empty: 0M, Relocated: 0M, In-Place: 0
[151.165s][info][gc,reloc    ] GC(277) Forwarding Usage: 1M
[151.165s][info][gc,heap     ] GC(277) Min Capacity: 4096M(100%)
[151.165s][info][gc,heap     ] GC(277) Max Capacity: 4096M(100%)
[151.165s][info][gc,heap     ] GC(277) Soft Max Capacity: 4096M(100%)
[151.165s][info][gc,heap     ] GC(277)                Mark Start          Mark End        Relocate Start      Relocate End           High               Low         
[151.165s][info][gc,heap     ] GC(277)  Capacity:     4096M (100%)       4096M (100%)       4096M (100%)       4096M (100%)       4096M (100%)       4096M (100%)   
[151.165s][info][gc,heap     ] GC(277)      Free:     1772M (43%)        1098M (27%)        3184M (78%)        3240M (79%)        3240M (79%)        1070M (26%)    
[151.165s][info][gc,heap     ] GC(277)      Used:     2324M (57%)        2998M (73%)         912M (22%)         856M (21%)        3026M (74%)         856M (21%)    
[151.165s][info][gc,heap     ] GC(277)      Live:         -                98M (2%)           98M (2%)           98M (2%)             -                  -          
[151.165s][info][gc,heap     ] GC(277) Allocated:         -               674M (16%)         756M (18%)         755M (18%)            -                  -          
[151.165s][info][gc,heap     ] GC(277)   Garbage:         -              2225M (54%)          57M (1%)            1M (0%)             -                  -          
[151.165s][info][gc,heap     ] GC(277) Reclaimed:         -                  -              2168M (53%)        2223M (54%)            -                  -          
[151.165s][info][gc          ] GC(277) Garbage Collection (Allocation Rate) 2324M(57%)->856M(21%)
[151.474s][info][gc,start    ] GC(278) Garbage Collection (Allocation Rate)
[151.474s][info][gc,task     ] GC(278) Using 1 workers
[151.474s][info][gc,phases   ] GC(278) Pause Mark Start 0.012ms
[151.610s][info][gc,phases   ] GC(278) Concurrent Mark 134.943ms
[151.610s][info][gc,phases   ] GC(278) Pause Mark End 0.015ms
[151.610s][info][gc,phases   ] GC(278) Concurrent Mark Free 0.001ms
[151.613s][info][gc,phases   ] GC(278) Concurrent Process Non-Strong References 3.515ms
[151.613s][info][gc,phases   ] GC(278) Concurrent Reset Relocation Set 0.004ms
[151.616s][info][gc,phases   ] GC(278) Concurrent Select Relocation Set 3.090ms
[151.617s][info][gc,phases   ] GC(278) Pause Relocate Start 0.015ms
[151.620s][info][gc,phases   ] GC(278) Concurrent Relocate 3.618ms
[151.620s][info][gc,load     ] GC(278) Load: 0.00/0.00/0.00
[151.620s][info][gc,mmu      ] GC(278) MMU: 2ms/96.2%, 5ms/98.5%, 10ms/99.0%, 20ms/99.5%, 50ms/99.8%, 100ms/99.9%
[151.620s][info][gc,marking  ] GC(278) Mark: 1 stripe(s), 2 proactive flush(es), 1 terminate flush(es), 0 completion(s), 0 continuation(s) 
[151.620s][info][gc,marking  ] GC(278) Mark Stack Usage: 32M
[151.620s][info][gc,nmethod  ] GC(278) NMethods: 1415 registered, 8 unregistered
[151.620s][info][gc,metaspace] GC(278) Metaspace: 11M used, 11M committed, 1088M reserved
[151.620s][info][gc,ref      ] GC(278) Soft: 197 encountered, 0 discovered, 0 enqueued
[151.620s][info][gc,ref      ] GC(278) Weak: 695 encountered, 554 discovered, 0 enqueued
[151.621s][info][gc,ref      ] GC(278) Final: 0 encountered, 0 discovered, 0 enqueued
[151.621s][info][gc,ref      ] GC(278) Phantom: 36 encountered, 17 discovered, 0 enqueued
[151.621s][info][gc,reloc    ] GC(278) Small Pages: 960 / 1920M, Empty: 1776M, Relocated: 4M, In-Place: 0
[151.621s][info][gc,reloc    ] GC(278) Medium Pages: 10 / 320M, Empty: 320M, Relocated: 0M, In-Place: 0
[151.621s][info][gc,reloc    ] GC(278) Large Pages: 1 / 6M, Empty: 0M, Relocated: 0M, In-Place: 0
[151.621s][info][gc,reloc    ] GC(278) Forwarding Usage: 0M
[151.621s][info][gc,heap     ] GC(278) Min Capacity: 4096M(100%)
[151.621s][info][gc,heap     ] GC(278) Max Capacity: 4096M(100%)
[151.621s][info][gc,heap     ] GC(278) Soft Max Capacity: 4096M(100%)
[151.621s][info][gc,heap     ] GC(278)                Mark Start          Mark End        Relocate Start      Relocate End           High               Low         
[151.621s][info][gc,heap     ] GC(278)  Capacity:     4096M (100%)       4096M (100%)       4096M (100%)       4096M (100%)       4096M (100%)       4096M (100%)   
[151.621s][info][gc,heap     ] GC(278)      Free:     1850M (45%)        1300M (32%)        3382M (83%)        3414M (83%)        3422M (84%)        1300M (32%)    
[151.621s][info][gc,heap     ] GC(278)      Used:     2246M (55%)        2796M (68%)         714M (17%)         682M (17%)        2796M (68%)         674M (16%)    
[151.621s][info][gc,heap     ] GC(278)      Live:         -                99M (2%)           99M (2%)           99M (2%)             -                  -          
[151.621s][info][gc,heap     ] GC(278) Allocated:         -               550M (13%)         564M (14%)         579M (14%)            -                  -          
[151.621s][info][gc,heap     ] GC(278)   Garbage:         -              2146M (52%)          50M (1%)            2M (0%)             -                  -          
[151.621s][info][gc,heap     ] GC(278) Reclaimed:         -                  -              2096M (51%)        2143M (52%)            -                  -          
[151.621s][info][gc          ] GC(278) Garbage Collection (Allocation Rate) 2246M(55%)->682M(17%)
[152.087s][info][gc,start    ] GC(279) Garbage Collection (Allocation Rate)
[152.087s][info][gc,task     ] GC(279) Using 1 workers
[152.087s][info][gc,phases   ] GC(279) Pause Mark Start 0.007ms
[152.300s][info][gc,phases   ] GC(279) Concurrent Mark 212.898ms
[152.300s][info][gc,phases   ] GC(279) Pause Mark End 0.013ms
[152.300s][info][gc,phases   ] GC(279) Concurrent Mark Free 0.001ms
[152.322s][info][gc,phases   ] GC(279) Concurrent Process Non-Strong References 21.589ms
[152.322s][info][gc,phases   ] GC(279) Concurrent Reset Relocation Set 0.006ms
[152.326s][info][gc,phases   ] GC(279) Concurrent Select Relocation Set 4.104ms
[152.326s][info][gc,phases   ] GC(279) Pause Relocate Start 0.015ms
[152.328s][info][gc,phases   ] GC(279) Concurrent Relocate 1.320ms
[152.328s][info][gc,load     ] GC(279) Load: 0.00/0.00/0.00
[152.328s][info][gc,mmu      ] GC(279) MMU: 2ms/96.2%, 5ms/98.5%, 10ms/99.0%, 20ms/99.5%, 50ms/99.8%, 100ms/99.9%
[152.328s][info][gc,marking  ] GC(279) Mark: 1 stripe(s), 2 proactive flush(es), 1 terminate flush(es), 0 completion(s), 0 continuation(s) 
[152.328s][info][gc,marking  ] GC(279) Mark Stack Usage: 32M
[152.328s][info][gc,nmethod  ] GC(279) NMethods: 1415 registered, 8 unregistered
[152.328s][info][gc,metaspace] GC(279) Metaspace: 11M used, 11M committed, 1088M reserved
[152.328s][info][gc,ref      ] GC(279) Soft: 197 encountered, 0 discovered, 0 enqueued
[152.328s][info][gc,ref      ] GC(279) Weak: 695 encountered, 187 discovered, 0 enqueued
[152.328s][info][gc,ref      ] GC(279) Final: 0 encountered, 0 discovered, 0 enqueued
[152.328s][info][gc,ref      ] GC(279) Phantom: 36 encountered, 21 discovered, 0 enqueued
[152.328s][info][gc,reloc    ] GC(279) Small Pages: 1224 / 2448M, Empty: 2322M, Relocated: 0M, In-Place: 0
[152.328s][info][gc,reloc    ] GC(279) Medium Pages: 12 / 384M, Empty: 352M, Relocated: 0M, In-Place: 0
[152.328s][info][gc,reloc    ] GC(279) Large Pages: 1 / 6M, Empty: 0M, Relocated: 0M, In-Place: 0
[152.328s][info][gc,reloc    ] GC(279) Forwarding Usage: 0M
[152.328s][info][gc,heap     ] GC(279) Min Capacity: 4096M(100%)
[152.328s][info][gc,heap     ] GC(279) Max Capacity: 4096M(100%)
[152.328s][info][gc,heap     ] GC(279) Soft Max Capacity: 4096M(100%)
[152.328s][info][gc,heap     ] GC(279)                Mark Start          Mark End        Relocate Start      Relocate End           High               Low         
[152.328s][info][gc,heap     ] GC(279)  Capacity:     4096M (100%)       4096M (100%)       4096M (100%)       4096M (100%)       4096M (100%)       4096M (100%)   
[152.328s][info][gc,heap     ] GC(279)      Free:     1258M (31%)         380M (9%)         2910M (71%)        2942M (72%)        2942M (72%)         260M (6%)     
[152.328s][info][gc,heap     ] GC(279)      Used:     2838M (69%)        3716M (91%)        1186M (29%)        1154M (28%)        3836M (94%)        1154M (28%)    
[152.328s][info][gc,heap     ] GC(279)      Live:         -                99M (2%)           99M (2%)           99M (2%)             -                  -          
[152.328s][info][gc,heap     ] GC(279) Allocated:         -               878M (21%)        1022M (25%)        1023M (25%)            -                  -          
[152.328s][info][gc,heap     ] GC(279)   Garbage:         -              2738M (67%)          64M (2%)           30M (1%)             -                  -          
[152.328s][info][gc,heap     ] GC(279) Reclaimed:         -                  -              2674M (65%)        2707M (66%)            -                  -          
[152.328s][info][gc          ] GC(279) Garbage Collection (Allocation Rate) 2838M(69%)->1154M(28%)
[152.589s][info][gc,start    ] GC(280) Garbage Collection (Allocation Rate)
[152.589s][info][gc,task     ] GC(280) Using 1 workers
[152.589s][info][gc,phases   ] GC(280) Pause Mark Start 0.016ms
[152.730s][info][gc,phases   ] GC(280) Concurrent Mark 140.942ms
[152.730s][info][gc,phases   ] GC(280) Pause Mark End 0.028ms
[152.730s][info][gc,phases   ] GC(280) Concurrent Mark Free 0.002ms
[152.733s][info][gc,phases   ] GC(280) Concurrent Process Non-Strong References 2.702ms
[152.733s][info][gc,phases   ] GC(280) Concurrent Reset Relocation Set 0.003ms
[152.736s][info][gc,phases   ] GC(280) Concurrent Select Relocation Set 2.794ms
[152.736s][info][gc,phases   ] GC(280) Pause Relocate Start 0.009ms
[152.738s][info][gc,phases   ] GC(280) Concurrent Relocate 2.027ms
[152.738s][info][gc,load     ] GC(280) Load: 0.00/0.00/0.00
[152.738s][info][gc,mmu      ] GC(280) MMU: 2ms/96.2%, 5ms/98.5%, 10ms/99.0%, 20ms/99.5%, 50ms/99.8%, 100ms/99.9%
[152.738s][info][gc,marking  ] GC(280) Mark: 1 stripe(s), 2 proactive flush(es), 1 terminate flush(es), 0 completion(s), 0 continuation(s) 
[152.738s][info][gc,marking  ] GC(280) Mark Stack Usage: 32M
[152.738s][info][gc,nmethod  ] GC(280) NMethods: 1415 registered, 8 unregistered
[152.738s][info][gc,metaspace] GC(280) Metaspace: 11M used, 11M committed, 1088M reserved
[152.738s][info][gc,ref      ] GC(280) Soft: 197 encountered, 0 discovered, 0 enqueued
[152.738s][info][gc,ref      ] GC(280) Weak: 695 encountered, 554 discovered, 0 enqueued
[152.738s][info][gc,ref      ] GC(280) Final: 0 encountered, 0 discovered, 0 enqueued
[152.738s][info][gc,ref      ] GC(280) Phantom: 36 encountered, 17 discovered, 0 enqueued
[152.738s][info][gc,reloc    ] GC(280) Small Pages: 988 / 1976M, Empty: 1832M, Relocated: 5M, In-Place: 0
[152.738s][info][gc,reloc    ] GC(280) Medium Pages: 11 / 352M, Empty: 352M, Relocated: 0M, In-Place: 0
[152.738s][info][gc,reloc    ] GC(280) Large Pages: 1 / 6M, Empty: 0M, Relocated: 0M, In-Place: 0
[152.738s][info][gc,reloc    ] GC(280) Forwarding Usage: 0M
[152.738s][info][gc,heap     ] GC(280) Min Capacity: 4096M(100%)
[152.738s][info][gc,heap     ] GC(280) Max Capacity: 4096M(100%)
[152.738s][info][gc,heap     ] GC(280) Soft Max Capacity: 4096M(100%)
[152.738s][info][gc,heap     ] GC(280)                Mark Start          Mark End        Relocate Start      Relocate End           High               Low         
[152.738s][info][gc,heap     ] GC(280)  Capacity:     4096M (100%)       4096M (100%)       4096M (100%)       4096M (100%)       4096M (100%)       4096M (100%)   
[152.738s][info][gc,heap     ] GC(280)      Free:     1762M (43%)        1234M (30%)        3414M (83%)        3462M (85%)        3462M (85%)        1230M (30%)    
[152.738s][info][gc,heap     ] GC(280)      Used:     2334M (57%)        2862M (70%)         682M (17%)         634M (15%)        2866M (70%)         634M (15%)    
[152.738s][info][gc,heap     ] GC(280)      Live:         -                99M (2%)           99M (2%)           99M (2%)             -                  -          
[152.738s][info][gc,heap     ] GC(280) Allocated:         -               528M (13%)         532M (13%)         532M (13%)            -                  -          
[152.738s][info][gc,heap     ] GC(280)   Garbage:         -              2234M (55%)          50M (1%)            2M (0%)             -                  -          
[152.738s][info][gc,heap     ] GC(280) Reclaimed:         -                  -              2184M (53%)        2232M (54%)            -                  -          
[152.738s][info][gc          ] GC(280) Garbage Collection (Allocation Rate) 2334M(57%)->634M(15%)
[153.186s][info][gc,start    ] GC(281) Garbage Collection (Allocation Rate)
[153.186s][info][gc,task     ] GC(281) Using 1 workers
[153.186s][info][gc,phases   ] GC(281) Pause Mark Start 0.010ms
[153.328s][info][gc,phases   ] GC(281) Concurrent Mark 141.791ms
[153.328s][info][gc,phases   ] GC(281) Pause Mark End 0.013ms
[153.328s][info][gc,phases   ] GC(281) Concurrent Mark Free 0.001ms
[153.338s][info][gc,phases   ] GC(281) Concurrent Process Non-Strong References 9.736ms
[153.338s][info][gc,phases   ] GC(281) Concurrent Reset Relocation Set 0.005ms
[153.342s][info][gc,phases   ] GC(281) Concurrent Select Relocation Set 3.720ms
[153.342s][info][gc,phases   ] GC(281) Pause Relocate Start 0.011ms
[153.344s][info][gc,phases   ] GC(281) Concurrent Relocate 2.363ms
[153.344s][info][gc,load     ] GC(281) Load: 0.00/0.00/0.00
[153.344s][info][gc,mmu      ] GC(281) MMU: 2ms/96.2%, 5ms/98.5%, 10ms/99.0%, 20ms/99.5%, 50ms/99.8%, 100ms/99.9%
[153.344s][info][gc,marking  ] GC(281) Mark: 1 stripe(s), 2 proactive flush(es), 1 terminate flush(es), 0 completion(s), 0 continuation(s) 
[153.344s][info][gc,marking  ] GC(281) Mark Stack Usage: 32M
[153.344s][info][gc,nmethod  ] GC(281) NMethods: 1415 registered, 8 unregistered
[153.344s][info][gc,metaspace] GC(281) Metaspace: 11M used, 11M committed, 1088M reserved
[153.344s][info][gc,ref      ] GC(281) Soft: 197 encountered, 0 discovered, 0 enqueued
[153.344s][info][gc,ref      ] GC(281) Weak: 695 encountered, 554 discovered, 0 enqueued
[153.344s][info][gc,ref      ] GC(281) Final: 0 encountered, 0 discovered, 0 enqueued
[153.344s][info][gc,ref      ] GC(281) Phantom: 36 encountered, 17 discovered, 0 enqueued
[153.344s][info][gc,reloc    ] GC(281) Small Pages: 1126 / 2252M, Empty: 2118M, Relocated: 5M, In-Place: 0
[153.344s][info][gc,reloc    ] GC(281) Medium Pages: 11 / 352M, Empty: 320M, Relocated: 0M, In-Place: 0
[153.344s][info][gc,reloc    ] GC(281) Large Pages: 1 / 6M, Empty: 0M, Relocated: 0M, In-Place: 0
[153.344s][info][gc,reloc    ] GC(281) Forwarding Usage: 0M
[153.344s][info][gc,heap     ] GC(281) Min Capacity: 4096M(100%)
[153.344s][info][gc,heap     ] GC(281) Max Capacity: 4096M(100%)
[153.344s][info][gc,heap     ] GC(281) Soft Max Capacity: 4096M(100%)
[153.344s][info][gc,heap     ] GC(281)                Mark Start          Mark End        Relocate Start      Relocate End           High               Low         
[153.344s][info][gc,heap     ] GC(281)  Capacity:     4096M (100%)       4096M (100%)       4096M (100%)       4096M (100%)       4096M (100%)       4096M (100%)   
[153.344s][info][gc,heap     ] GC(281)      Free:     1486M (36%)         964M (24%)        3320M (81%)        3358M (82%)        3358M (82%)         900M (22%)    
[153.344s][info][gc,heap     ] GC(281)      Used:     2610M (64%)        3132M (76%)         776M (19%)         738M (18%)        3196M (78%)         738M (18%)    
[153.344s][info][gc,heap     ] GC(281)      Live:         -               100M (2%)          100M (2%)          100M (2%)             -                  -          
[153.344s][info][gc,heap     ] GC(281) Allocated:         -               522M (13%)         604M (15%)         603M (15%)            -                  -          
[153.344s][info][gc,heap     ] GC(281)   Garbage:         -              2509M (61%)          71M (2%)           33M (1%)             -                  -          
[153.344s][info][gc,heap     ] GC(281) Reclaimed:         -                  -              2438M (60%)        2475M (60%)            -                  -          
[153.344s][info][gc          ] GC(281) Garbage Collection (Allocation Rate) 2610M(64%)->738M(18%)
[153.782s][info][gc,start    ] GC(282) Garbage Collection (Allocation Rate)
[153.782s][info][gc,task     ] GC(282) Using 1 workers
[153.782s][info][gc,phases   ] GC(282) Pause Mark Start 0.014ms
[153.948s][info][gc,phases   ] GC(282) Concurrent Mark 165.474ms
[153.948s][info][gc,phases   ] GC(282) Pause Mark End 0.036ms
[153.948s][info][gc,phases   ] GC(282) Concurrent Mark Free 0.002ms
[153.953s][info][gc,phases   ] GC(282) Concurrent Process Non-Strong References 4.388ms
[153.953s][info][gc,phases   ] GC(282) Concurrent Reset Relocation Set 0.004ms
[153.956s][info][gc,phases   ] GC(282) Concurrent Select Relocation Set 2.731ms
[153.956s][info][gc,phases   ] GC(282) Pause Relocate Start 0.014ms
[153.957s][info][gc,phases   ] GC(282) Concurrent Relocate 1.059ms
[153.957s][info][gc,load     ] GC(282) Load: 0.00/0.00/0.00
[153.957s][info][gc,mmu      ] GC(282) MMU: 2ms/96.2%, 5ms/98.5%, 10ms/99.0%, 20ms/99.5%, 50ms/99.8%, 100ms/99.9%
[153.957s][info][gc,marking  ] GC(282) Mark: 1 stripe(s), 2 proactive flush(es), 1 terminate flush(es), 0 completion(s), 0 continuation(s) 
[153.957s][info][gc,marking  ] GC(282) Mark Stack Usage: 32M
[153.957s][info][gc,nmethod  ] GC(282) NMethods: 1415 registered, 8 unregistered
[153.957s][info][gc,metaspace] GC(282) Metaspace: 11M used, 11M committed, 1088M reserved
[153.957s][info][gc,ref      ] GC(282) Soft: 197 encountered, 0 discovered, 0 enqueued
[153.957s][info][gc,ref      ] GC(282) Weak: 695 encountered, 554 discovered, 0 enqueued
[153.957s][info][gc,ref      ] GC(282) Final: 0 encountered, 0 discovered, 0 enqueued
[153.957s][info][gc,ref      ] GC(282) Phantom: 36 encountered, 17 discovered, 0 enqueued
[153.957s][info][gc,reloc    ] GC(282) Small Pages: 1169 / 2338M, Empty: 2226M, Relocated: 1M, In-Place: 0
[153.957s][info][gc,reloc    ] GC(282) Medium Pages: 13 / 416M, Empty: 384M, Relocated: 0M, In-Place: 0
[153.957s][info][gc,reloc    ] GC(282) Large Pages: 1 / 6M, Empty: 0M, Relocated: 0M, In-Place: 0
[153.957s][info][gc,reloc    ] GC(282) Forwarding Usage: 0M
[153.957s][info][gc,heap     ] GC(282) Min Capacity: 4096M(100%)
[153.957s][info][gc,heap     ] GC(282) Max Capacity: 4096M(100%)
[153.957s][info][gc,heap     ] GC(282) Soft Max Capacity: 4096M(100%)
[153.957s][info][gc,heap     ] GC(282)                Mark Start          Mark End        Relocate Start      Relocate End           High               Low         
[153.957s][info][gc,heap     ] GC(282)  Capacity:     4096M (100%)       4096M (100%)       4096M (100%)       4096M (100%)       4096M (100%)       4096M (100%)   
[153.957s][info][gc,heap     ] GC(282)      Free:     1336M (33%)         688M (17%)        3264M (80%)        3284M (80%)        3284M (80%)         656M (16%)    
[153.957s][info][gc,heap     ] GC(282)      Used:     2760M (67%)        3408M (83%)         832M (20%)         812M (20%)        3440M (84%)         812M (20%)    
[153.957s][info][gc,heap     ] GC(282)      Live:         -               101M (2%)          101M (2%)          101M (2%)             -                  -          
[153.957s][info][gc,heap     ] GC(282) Allocated:         -               648M (16%)         682M (17%)         681M (17%)            -                  -          
[153.957s][info][gc,heap     ] GC(282)   Garbage:         -              2658M (65%)          48M (1%)           28M (1%)             -                  -          
[153.957s][info][gc,heap     ] GC(282) Reclaimed:         -                  -              2610M (64%)        2629M (64%)            -                  -          
[153.957s][info][gc          ] GC(282) Garbage Collection (Allocation Rate) 2760M(67%)->812M(20%)
[154.279s][info][gc,start    ] GC(283) Garbage Collection (System.gc())
[154.279s][info][gc,task     ] GC(283) Using 2 workers
[154.279s][info][gc,phases   ] GC(283) Pause Mark Start 0.007ms
[154.347s][info][gc,phases   ] GC(283) Concurrent Mark 68.703ms
[154.348s][info][gc,phases   ] GC(283) Pause Mark End 0.023ms
[154.348s][info][gc,phases   ] GC(283) Concurrent Mark Free 0.003ms
[154.350s][info][gc,phases   ] GC(283) Concurrent Process Non-Strong References 1.996ms
[154.350s][info][gc,phases   ] GC(283) Concurrent Reset Relocation Set 0.001ms
[154.352s][info][gc,phases   ] GC(283) Concurrent Select Relocation Set 1.861ms
[154.352s][info][gc,phases   ] GC(283) Pause Relocate Start 0.004ms
[154.352s][info][gc,phases   ] GC(283) Concurrent Relocate 0.631ms
[154.352s][info][gc,load     ] GC(283) Load: 0.00/0.00/0.00
[154.352s][info][gc,mmu      ] GC(283) MMU: 2ms/96.2%, 5ms/98.5%, 10ms/99.0%, 20ms/99.5%, 50ms/99.8%, 100ms/99.9%
[154.352s][info][gc,marking  ] GC(283) Mark: 2 stripe(s), 1 proactive flush(es), 1 terminate flush(es), 0 completion(s), 0 continuation(s) 
[154.352s][info][gc,marking  ] GC(283) Mark Stack Usage: 32M
[154.352s][info][gc,nmethod  ] GC(283) NMethods: 1415 registered, 8 unregistered
[154.352s][info][gc,metaspace] GC(283) Metaspace: 11M used, 11M committed, 1088M reserved
[154.352s][info][gc,ref      ] GC(283) Soft: 197 encountered, 0 discovered, 0 enqueued
[154.352s][info][gc,ref      ] GC(283) Weak: 695 encountered, 53 discovered, 0 enqueued
[154.352s][info][gc,ref      ] GC(283) Final: 0 encountered, 0 discovered, 0 enqueued
[154.352s][info][gc,ref      ] GC(283) Phantom: 36 encountered, 15 discovered, 0 enqueued
[154.352s][info][gc,reloc    ] GC(283) Small Pages: 955 / 1910M, Empty: 1814M, Relocated: 0M, In-Place: 0
[154.353s][info][gc,reloc    ] GC(283) Medium Pages: 11 / 352M, Empty: 352M, Relocated: 0M, In-Place: 0
[154.353s][info][gc,reloc    ] GC(283) Large Pages: 1 / 6M, Empty: 0M, Relocated: 0M, In-Place: 0
[154.353s][info][gc,reloc    ] GC(283) Forwarding Usage: 0M
[154.353s][info][gc,heap     ] GC(283) Min Capacity: 4096M(100%)
[154.353s][info][gc,heap     ] GC(283) Max Capacity: 4096M(100%)
[154.353s][info][gc,heap     ] GC(283) Soft Max Capacity: 4096M(100%)
[154.353s][info][gc,heap     ] GC(283)                Mark Start          Mark End        Relocate Start      Relocate End           High               Low         
[154.353s][info][gc,heap     ] GC(283)  Capacity:     4096M (100%)       4096M (100%)       4096M (100%)       4096M (100%)       4096M (100%)       4096M (100%)   
[154.353s][info][gc,heap     ] GC(283)      Free:     1828M (45%)        1828M (45%)        3994M (98%)        3996M (98%)        3996M (98%)        1828M (45%)    
[154.353s][info][gc,heap     ] GC(283)      Used:     2268M (55%)        2268M (55%)         102M (2%)          100M (2%)         2268M (55%)         100M (2%)     
[154.353s][info][gc,heap     ] GC(283)      Live:         -                95M (2%)           95M (2%)           95M (2%)             -                  -          
[154.353s][info][gc,heap     ] GC(283) Allocated:         -                 0M (0%)            0M (0%)            0M (0%)             -                  -          
[154.353s][info][gc,heap     ] GC(283)   Garbage:         -              2172M (53%)           6M (0%)            4M (0%)             -                  -          
[154.353s][info][gc,heap     ] GC(283) Reclaimed:         -                  -              2166M (53%)        2168M (53%)            -                  -          
[154.353s][info][gc          ] GC(283) Garbage Collection (System.gc()) 2268M(55%)->100M(2%)
[154.975s][info][gc,start    ] GC(284) Garbage Collection (Allocation Rate)
[154.975s][info][gc,task     ] GC(284) Using 1 workers
[154.975s][info][gc,phases   ] GC(284) Pause Mark Start 0.011ms
[155.134s][info][gc,phases   ] GC(284) Concurrent Mark 158.357ms
[155.134s][info][gc,phases   ] GC(284) Pause Mark End 0.024ms
[155.134s][info][gc,phases   ] GC(284) Concurrent Mark Free 0.002ms
[155.138s][info][gc,phases   ] GC(284) Concurrent Process Non-Strong References 3.924ms
[155.138s][info][gc,phases   ] GC(284) Concurrent Reset Relocation Set 0.003ms
[155.141s][info][gc,phases   ] GC(284) Concurrent Select Relocation Set 2.577ms
[155.141s][info][gc,phases   ] GC(284) Pause Relocate Start 0.017ms
[155.143s][info][gc,phases   ] GC(284) Concurrent Relocate 1.496ms
[155.143s][info][gc,load     ] GC(284) Load: 0.00/0.00/0.00
[155.143s][info][gc,mmu      ] GC(284) MMU: 2ms/96.2%, 5ms/98.5%, 10ms/99.0%, 20ms/99.5%, 50ms/99.8%, 100ms/99.9%
[155.143s][info][gc,marking  ] GC(284) Mark: 1 stripe(s), 2 proactive flush(es), 1 terminate flush(es), 0 completion(s), 0 continuation(s) 
[155.143s][info][gc,marking  ] GC(284) Mark Stack Usage: 32M
[155.143s][info][gc,nmethod  ] GC(284) NMethods: 1417 registered, 8 unregistered
[155.143s][info][gc,metaspace] GC(284) Metaspace: 11M used, 11M committed, 1088M reserved
[155.143s][info][gc,ref      ] GC(284) Soft: 197 encountered, 0 discovered, 0 enqueued
[155.143s][info][gc,ref      ] GC(284) Weak: 695 encountered, 554 discovered, 0 enqueued
[155.143s][info][gc,ref      ] GC(284) Final: 0 encountered, 0 discovered, 0 enqueued
[155.143s][info][gc,ref      ] GC(284) Phantom: 36 encountered, 17 discovered, 0 enqueued
[155.143s][info][gc,reloc    ] GC(284) Small Pages: 1287 / 2574M, Empty: 2462M, Relocated: 0M, In-Place: 0
[155.143s][info][gc,reloc    ] GC(284) Medium Pages: 13 / 416M, Empty: 384M, Relocated: 0M, In-Place: 0
[155.143s][info][gc,reloc    ] GC(284) Large Pages: 1 / 6M, Empty: 0M, Relocated: 0M, In-Place: 0
[155.143s][info][gc,reloc    ] GC(284) Forwarding Usage: 0M
[155.143s][info][gc,heap     ] GC(284) Min Capacity: 4096M(100%)
[155.143s][info][gc,heap     ] GC(284) Max Capacity: 4096M(100%)
[155.143s][info][gc,heap     ] GC(284) Soft Max Capacity: 4096M(100%)
[155.143s][info][gc,heap     ] GC(284)                Mark Start          Mark End        Relocate Start      Relocate End           High               Low         
[155.143s][info][gc,heap     ] GC(284)  Capacity:     4096M (100%)       4096M (100%)       4096M (100%)       4096M (100%)       4096M (100%)       4096M (100%)   
[155.143s][info][gc,heap     ] GC(284)      Free:     1100M (27%)         444M (11%)        3266M (80%)        3286M (80%)        3286M (80%)         422M (10%)    
[155.143s][info][gc,heap     ] GC(284)      Used:     2996M (73%)        3652M (89%)         830M (20%)         810M (20%)        3674M (90%)         810M (20%)    
[155.143s][info][gc,heap     ] GC(284)      Live:         -                99M (2%)           99M (2%)           99M (2%)             -                  -          
[155.143s][info][gc,heap     ] GC(284) Allocated:         -               656M (16%)         680M (17%)         679M (17%)            -                  -          
[155.143s][info][gc,heap     ] GC(284)   Garbage:         -              2896M (71%)          50M (1%)           30M (1%)             -                  -          
[155.143s][info][gc,heap     ] GC(284) Reclaimed:         -                  -              2846M (69%)        2865M (70%)            -                  -          
[155.143s][info][gc          ] GC(284) Garbage Collection (Allocation Rate) 2996M(73%)->810M(20%)
[155.573s][info][gc,start    ] GC(285) Garbage Collection (Allocation Rate)
[155.573s][info][gc,task     ] GC(285) Using 1 workers
[155.573s][info][gc,phases   ] GC(285) Pause Mark Start 0.013ms
[155.746s][info][gc,phases   ] GC(285) Concurrent Mark 172.864ms
[155.748s][info][gc,phases   ] GC(285) Pause Mark End 0.015ms
[155.748s][info][gc,phases   ] GC(285) Concurrent Mark Free 0.001ms
[155.761s][info][gc,phases   ] GC(285) Concurrent Process Non-Strong References 13.074ms
[155.761s][info][gc,phases   ] GC(285) Concurrent Reset Relocation Set 0.003ms
[155.765s][info][gc,phases   ] GC(285) Concurrent Select Relocation Set 3.893ms
[155.765s][info][gc,phases   ] GC(285) Pause Relocate Start 0.013ms
[155.768s][info][gc,phases   ] GC(285) Concurrent Relocate 2.112ms
[155.768s][info][gc,load     ] GC(285) Load: 0.00/0.00/0.00
[155.768s][info][gc,mmu      ] GC(285) MMU: 2ms/96.2%, 5ms/98.5%, 10ms/99.0%, 20ms/99.5%, 50ms/99.8%, 100ms/99.9%
[155.768s][info][gc,marking  ] GC(285) Mark: 1 stripe(s), 2 proactive flush(es), 1 terminate flush(es), 0 completion(s), 0 continuation(s) 
[155.768s][info][gc,marking  ] GC(285) Mark Stack Usage: 32M
[155.768s][info][gc,nmethod  ] GC(285) NMethods: 1417 registered, 8 unregistered
[155.768s][info][gc,metaspace] GC(285) Metaspace: 11M used, 11M committed, 1088M reserved
[155.768s][info][gc,ref      ] GC(285) Soft: 197 encountered, 0 discovered, 0 enqueued
[155.768s][info][gc,ref      ] GC(285) Weak: 695 encountered, 187 discovered, 0 enqueued
[155.768s][info][gc,ref      ] GC(285) Final: 0 encountered, 0 discovered, 0 enqueued
[155.768s][info][gc,ref      ] GC(285) Phantom: 36 encountered, 21 discovered, 0 enqueued
[155.768s][info][gc,reloc    ] GC(285) Small Pages: 1177 / 2354M, Empty: 2218M, Relocated: 2M, In-Place: 0
[155.768s][info][gc,reloc    ] GC(285) Medium Pages: 13 / 416M, Empty: 416M, Relocated: 0M, In-Place: 0
[155.768s][info][gc,reloc    ] GC(285) Large Pages: 1 / 6M, Empty: 0M, Relocated: 0M, In-Place: 0
[155.768s][info][gc,reloc    ] GC(285) Forwarding Usage: 0M
[155.768s][info][gc,heap     ] GC(285) Min Capacity: 4096M(100%)
[155.768s][info][gc,heap     ] GC(285) Max Capacity: 4096M(100%)
[155.768s][info][gc,heap     ] GC(285) Soft Max Capacity: 4096M(100%)
[155.768s][info][gc,heap     ] GC(285)                Mark Start          Mark End        Relocate Start      Relocate End           High               Low         
[155.768s][info][gc,heap     ] GC(285)  Capacity:     4096M (100%)       4096M (100%)       4096M (100%)       4096M (100%)       4096M (100%)       4096M (100%)   
[155.768s][info][gc,heap     ] GC(285)      Free:     1320M (32%)         556M (14%)        3110M (76%)        3150M (77%)        3150M (77%)         504M (12%)    
[155.768s][info][gc,heap     ] GC(285)      Used:     2776M (68%)        3540M (86%)         986M (24%)         946M (23%)        3592M (88%)         946M (23%)    
[155.768s][info][gc,heap     ] GC(285)      Live:         -                97M (2%)           97M (2%)           97M (2%)             -                  -          
[155.768s][info][gc,heap     ] GC(285) Allocated:         -               764M (19%)         844M (21%)         845M (21%)            -                  -          
[155.768s][info][gc,heap     ] GC(285)   Garbage:         -              2678M (65%)          44M (1%)            2M (0%)             -                  -          
[155.768s][info][gc,heap     ] GC(285) Reclaimed:         -                  -              2634M (64%)        2675M (65%)            -                  -          
[155.768s][info][gc          ] GC(285) Garbage Collection (Allocation Rate) 2776M(68%)->946M(23%)
[156.075s][info][gc,start    ] GC(286) Garbage Collection (Allocation Rate)
[156.075s][info][gc,task     ] GC(286) Using 1 workers
[156.075s][info][gc,phases   ] GC(286) Pause Mark Start 0.010ms
[156.229s][info][gc,phases   ] GC(286) Concurrent Mark 153.742ms
[156.229s][info][gc,phases   ] GC(286) Pause Mark End 0.022ms
[156.229s][info][gc,phases   ] GC(286) Concurrent Mark Free 0.001ms
[156.234s][info][gc,phases   ] GC(286) Concurrent Process Non-Strong References 4.208ms
[156.234s][info][gc,phases   ] GC(286) Concurrent Reset Relocation Set 0.003ms
[156.236s][info][gc,phases   ] GC(286) Concurrent Select Relocation Set 2.404ms
[156.236s][info][gc,phases   ] GC(286) Pause Relocate Start 0.020ms
[156.242s][info][gc,phases   ] GC(286) Concurrent Relocate 5.530ms
[156.242s][info][gc,load     ] GC(286) Load: 0.00/0.00/0.00
[156.242s][info][gc,mmu      ] GC(286) MMU: 2ms/96.2%, 5ms/98.5%, 10ms/99.0%, 20ms/99.5%, 50ms/99.8%, 100ms/99.9%
[156.242s][info][gc,marking  ] GC(286) Mark: 1 stripe(s), 2 proactive flush(es), 1 terminate flush(es), 0 completion(s), 0 continuation(s) 
[156.242s][info][gc,marking  ] GC(286) Mark Stack Usage: 32M
[156.242s][info][gc,nmethod  ] GC(286) NMethods: 1417 registered, 8 unregistered
[156.242s][info][gc,metaspace] GC(286) Metaspace: 11M used, 11M committed, 1088M reserved
[156.242s][info][gc,ref      ] GC(286) Soft: 197 encountered, 0 discovered, 0 enqueued
[156.242s][info][gc,ref      ] GC(286) Weak: 695 encountered, 187 discovered, 0 enqueued
[156.242s][info][gc,ref      ] GC(286) Final: 0 encountered, 0 discovered, 0 enqueued
[156.242s][info][gc,ref      ] GC(286) Phantom: 36 encountered, 21 discovered, 0 enqueued
[156.242s][info][gc,reloc    ] GC(286) Small Pages: 1003 / 2006M, Empty: 1866M, Relocated: 4M, In-Place: 0
[156.242s][info][gc,reloc    ] GC(286) Medium Pages: 10 / 320M, Empty: 320M, Relocated: 0M, In-Place: 0
[156.242s][info][gc,reloc    ] GC(286) Large Pages: 1 / 6M, Empty: 0M, Relocated: 0M, In-Place: 0
[156.242s][info][gc,reloc    ] GC(286) Forwarding Usage: 1M
[156.242s][info][gc,heap     ] GC(286) Min Capacity: 4096M(100%)
[156.242s][info][gc,heap     ] GC(286) Max Capacity: 4096M(100%)
[156.242s][info][gc,heap     ] GC(286) Soft Max Capacity: 4096M(100%)
[156.242s][info][gc,heap     ] GC(286)                Mark Start          Mark End        Relocate Start      Relocate End           High               Low         
[156.242s][info][gc,heap     ] GC(286)  Capacity:     4096M (100%)       4096M (100%)       4096M (100%)       4096M (100%)       4096M (100%)       4096M (100%)   
[156.242s][info][gc,heap     ] GC(286)      Free:     1764M (43%)        1126M (27%)        3308M (81%)        3330M (81%)        3348M (82%)        1126M (27%)    
[156.242s][info][gc,heap     ] GC(286)      Used:     2332M (57%)        2970M (73%)         788M (19%)         766M (19%)        2970M (73%)         748M (18%)    
[156.242s][info][gc,heap     ] GC(286)      Live:         -                98M (2%)           98M (2%)           98M (2%)             -                  -          
[156.242s][info][gc,heap     ] GC(286) Allocated:         -               638M (16%)         642M (16%)         665M (16%)            -                  -          
[156.242s][info][gc,heap     ] GC(286)   Garbage:         -              2233M (55%)          47M (1%)            1M (0%)             -                  -          
[156.242s][info][gc,heap     ] GC(286) Reclaimed:         -                  -              2186M (53%)        2231M (54%)            -                  -          
[156.242s][info][gc          ] GC(286) Garbage Collection (Allocation Rate) 2332M(57%)->766M(19%)
[156.687s][info][gc,start    ] GC(287) Garbage Collection (Allocation Rate)
[156.687s][info][gc,task     ] GC(287) Using 1 workers
[156.687s][info][gc,phases   ] GC(287) Pause Mark Start 0.012ms
[156.829s][info][gc,phases   ] GC(287) Concurrent Mark 141.398ms
[156.829s][info][gc,phases   ] GC(287) Pause Mark End 0.020ms
[156.829s][info][gc,phases   ] GC(287) Concurrent Mark Free 0.002ms
[156.838s][info][gc,phases   ] GC(287) Concurrent Process Non-Strong References 8.361ms
[156.838s][info][gc,phases   ] GC(287) Concurrent Reset Relocation Set 0.007ms
[156.841s][info][gc,phases   ] GC(287) Concurrent Select Relocation Set 3.584ms
[156.841s][info][gc,phases   ] GC(287) Pause Relocate Start 0.012ms
[156.843s][info][gc,phases   ] GC(287) Concurrent Relocate 1.487ms
[156.843s][info][gc,load     ] GC(287) Load: 0.00/0.00/0.00
[156.843s][info][gc,mmu      ] GC(287) MMU: 2ms/96.2%, 5ms/98.5%, 10ms/99.0%, 20ms/99.5%, 50ms/99.8%, 100ms/99.9%
[156.843s][info][gc,marking  ] GC(287) Mark: 1 stripe(s), 2 proactive flush(es), 1 terminate flush(es), 0 completion(s), 0 continuation(s) 
[156.843s][info][gc,marking  ] GC(287) Mark Stack Usage: 32M
[156.843s][info][gc,nmethod  ] GC(287) NMethods: 1417 registered, 8 unregistered
[156.843s][info][gc,metaspace] GC(287) Metaspace: 11M used, 11M committed, 1088M reserved
[156.843s][info][gc,ref      ] GC(287) Soft: 197 encountered, 0 discovered, 0 enqueued
[156.843s][info][gc,ref      ] GC(287) Weak: 695 encountered, 554 discovered, 0 enqueued
[156.843s][info][gc,ref      ] GC(287) Final: 0 encountered, 0 discovered, 0 enqueued
[156.843s][info][gc,ref      ] GC(287) Phantom: 36 encountered, 17 discovered, 0 enqueued
[156.843s][info][gc,reloc    ] GC(287) Small Pages: 1225 / 2450M, Empty: 2298M, Relocated: 2M, In-Place: 0
[156.843s][info][gc,reloc    ] GC(287) Medium Pages: 12 / 384M, Empty: 352M, Relocated: 0M, In-Place: 0
[156.843s][info][gc,reloc    ] GC(287) Large Pages: 1 / 6M, Empty: 0M, Relocated: 0M, In-Place: 0
[156.843s][info][gc,reloc    ] GC(287) Forwarding Usage: 0M
[156.843s][info][gc,heap     ] GC(287) Min Capacity: 4096M(100%)
[156.843s][info][gc,heap     ] GC(287) Max Capacity: 4096M(100%)
[156.843s][info][gc,heap     ] GC(287) Soft Max Capacity: 4096M(100%)
[156.843s][info][gc,heap     ] GC(287)                Mark Start          Mark End        Relocate Start      Relocate End           High               Low         
[156.843s][info][gc,heap     ] GC(287)  Capacity:     4096M (100%)       4096M (100%)       4096M (100%)       4096M (100%)       4096M (100%)       4096M (100%)   
[156.843s][info][gc,heap     ] GC(287)      Free:     1256M (31%)         728M (18%)        3308M (81%)        3366M (82%)        3366M (82%)         676M (17%)    
[156.843s][info][gc,heap     ] GC(287)      Used:     2840M (69%)        3368M (82%)         788M (19%)         730M (18%)        3420M (83%)         730M (18%)    
[156.843s][info][gc,heap     ] GC(287)      Live:         -               101M (2%)          101M (2%)          101M (2%)             -                  -          
[156.843s][info][gc,heap     ] GC(287) Allocated:         -               528M (13%)         598M (15%)         597M (15%)            -                  -          
[156.843s][info][gc,heap     ] GC(287)   Garbage:         -              2738M (67%)          88M (2%)           30M (1%)             -                  -          
[156.843s][info][gc,heap     ] GC(287) Reclaimed:         -                  -              2650M (65%)        2707M (66%)            -                  -          
[156.843s][info][gc          ] GC(287) Garbage Collection (Allocation Rate) 2840M(69%)->730M(18%)
[157.283s][info][gc,start    ] GC(288) Garbage Collection (Allocation Rate)
[157.284s][info][gc,task     ] GC(288) Using 1 workers
[157.284s][info][gc,phases   ] GC(288) Pause Mark Start 0.009ms
[157.510s][info][gc,phases   ] GC(288) Concurrent Mark 226.660ms
[157.511s][info][gc,phases   ] GC(288) Pause Mark End 0.015ms
[157.511s][info][gc,phases   ] GC(288) Concurrent Mark Free 0.001ms
[157.514s][info][gc,phases   ] GC(288) Concurrent Process Non-Strong References 3.573ms
[157.514s][info][gc,phases   ] GC(288) Concurrent Reset Relocation Set 0.004ms
[157.517s][info][gc,phases   ] GC(288) Concurrent Select Relocation Set 2.886ms
[157.517s][info][gc,phases   ] GC(288) Pause Relocate Start 0.010ms
[157.518s][info][gc,phases   ] GC(288) Concurrent Relocate 0.872ms
[157.518s][info][gc,load     ] GC(288) Load: 0.00/0.00/0.00
[157.518s][info][gc,mmu      ] GC(288) MMU: 2ms/96.2%, 5ms/98.5%, 10ms/99.0%, 20ms/99.5%, 50ms/99.8%, 100ms/99.9%
[157.518s][info][gc,marking  ] GC(288) Mark: 1 stripe(s), 2 proactive flush(es), 1 terminate flush(es), 0 completion(s), 0 continuation(s) 
[157.518s][info][gc,marking  ] GC(288) Mark Stack Usage: 32M
[157.518s][info][gc,nmethod  ] GC(288) NMethods: 1417 registered, 8 unregistered
[157.518s][info][gc,metaspace] GC(288) Metaspace: 11M used, 11M committed, 1088M reserved
[157.518s][info][gc,ref      ] GC(288) Soft: 197 encountered, 0 discovered, 0 enqueued
[157.518s][info][gc,ref      ] GC(288) Weak: 695 encountered, 187 discovered, 0 enqueued
[157.518s][info][gc,ref      ] GC(288) Final: 0 encountered, 0 discovered, 0 enqueued
[157.518s][info][gc,ref      ] GC(288) Phantom: 36 encountered, 21 discovered, 0 enqueued
[157.518s][info][gc,reloc    ] GC(288) Small Pages: 1163 / 2326M, Empty: 2214M, Relocated: 0M, In-Place: 0
[157.518s][info][gc,reloc    ] GC(288) Medium Pages: 13 / 416M, Empty: 384M, Relocated: 0M, In-Place: 0
[157.518s][info][gc,reloc    ] GC(288) Large Pages: 1 / 6M, Empty: 0M, Relocated: 0M, In-Place: 0
[157.518s][info][gc,reloc    ] GC(288) Forwarding Usage: 0M
[157.518s][info][gc,heap     ] GC(288) Min Capacity: 4096M(100%)
[157.518s][info][gc,heap     ] GC(288) Max Capacity: 4096M(100%)
[157.519s][info][gc,heap     ] GC(288) Soft Max Capacity: 4096M(100%)
[157.519s][info][gc,heap     ] GC(288)                Mark Start          Mark End        Relocate Start      Relocate End           High               Low         
[157.519s][info][gc,heap     ] GC(288)  Capacity:     4096M (100%)       4096M (100%)       4096M (100%)       4096M (100%)       4096M (100%)       4096M (100%)   
[157.519s][info][gc,heap     ] GC(288)      Free:     1348M (33%)         406M (10%)        2954M (72%)        2974M (73%)        2974M (73%)         390M (10%)    
[157.519s][info][gc,heap     ] GC(288)      Used:     2748M (67%)        3690M (90%)        1142M (28%)        1122M (27%)        3706M (90%)        1122M (27%)    
[157.519s][info][gc,heap     ] GC(288)      Live:         -                99M (2%)           99M (2%)           99M (2%)             -                  -          
[157.519s][info][gc,heap     ] GC(288) Allocated:         -               942M (23%)         992M (24%)         991M (24%)            -                  -          
[157.519s][info][gc,heap     ] GC(288)   Garbage:         -              2648M (65%)          50M (1%)           30M (1%)             -                  -          
[157.519s][info][gc,heap     ] GC(288) Reclaimed:         -                  -              2598M (63%)        2617M (64%)            -                  -          
[157.519s][info][gc          ] GC(288) Garbage Collection (Allocation Rate) 2748M(67%)->1122M(27%)
[157.786s][info][gc,start    ] GC(289) Garbage Collection (Allocation Rate)
[157.786s][info][gc,task     ] GC(289) Using 1 workers
[157.786s][info][gc,phases   ] GC(289) Pause Mark Start 0.008ms
[157.925s][info][gc,phases   ] GC(289) Concurrent Mark 138.812ms
[157.925s][info][gc,phases   ] GC(289) Pause Mark End 0.011ms
[157.925s][info][gc,phases   ] GC(289) Concurrent Mark Free 0.001ms
[157.932s][info][gc,phases   ] GC(289) Concurrent Process Non-Strong References 7.004ms
[157.932s][info][gc,phases   ] GC(289) Concurrent Reset Relocation Set 0.006ms
[157.937s][info][gc,phases   ] GC(289) Concurrent Select Relocation Set 4.807ms
[157.937s][info][gc,phases   ] GC(289) Pause Relocate Start 0.013ms
[157.942s][info][gc,phases   ] GC(289) Concurrent Relocate 4.041ms
[157.942s][info][gc,load     ] GC(289) Load: 0.00/0.00/0.00
[157.942s][info][gc,mmu      ] GC(289) MMU: 2ms/96.2%, 5ms/98.5%, 10ms/99.0%, 20ms/99.5%, 50ms/99.8%, 100ms/99.9%
[157.942s][info][gc,marking  ] GC(289) Mark: 1 stripe(s), 2 proactive flush(es), 1 terminate flush(es), 0 completion(s), 0 continuation(s) 
[157.942s][info][gc,marking  ] GC(289) Mark Stack Usage: 32M
[157.942s][info][gc,nmethod  ] GC(289) NMethods: 1417 registered, 8 unregistered
[157.942s][info][gc,metaspace] GC(289) Metaspace: 11M used, 11M committed, 1088M reserved
[157.942s][info][gc,ref      ] GC(289) Soft: 197 encountered, 0 discovered, 0 enqueued
[157.942s][info][gc,ref      ] GC(289) Weak: 695 encountered, 554 discovered, 0 enqueued
[157.942s][info][gc,ref      ] GC(289) Final: 0 encountered, 0 discovered, 0 enqueued
[157.942s][info][gc,ref      ] GC(289) Phantom: 36 encountered, 17 discovered, 0 enqueued
[157.942s][info][gc,reloc    ] GC(289) Small Pages: 996 / 1992M, Empty: 1854M, Relocated: 4M, In-Place: 0
[157.942s][info][gc,reloc    ] GC(289) Medium Pages: 11 / 352M, Empty: 320M, Relocated: 0M, In-Place: 0
[157.942s][info][gc,reloc    ] GC(289) Large Pages: 1 / 6M, Empty: 0M, Relocated: 0M, In-Place: 0
[157.942s][info][gc,reloc    ] GC(289) Forwarding Usage: 1M
[157.942s][info][gc,heap     ] GC(289) Min Capacity: 4096M(100%)
[157.942s][info][gc,heap     ] GC(289) Max Capacity: 4096M(100%)
[157.942s][info][gc,heap     ] GC(289) Soft Max Capacity: 4096M(100%)
[157.942s][info][gc,heap     ] GC(289)                Mark Start          Mark End        Relocate Start      Relocate End           High               Low         
[157.942s][info][gc,heap     ] GC(289)  Capacity:     4096M (100%)       4096M (100%)       4096M (100%)       4096M (100%)       4096M (100%)       4096M (100%)   
[157.942s][info][gc,heap     ] GC(289)      Free:     1746M (43%)        1230M (30%)        3324M (81%)        3362M (82%)        3366M (82%)        1180M (29%)    
[157.942s][info][gc,heap     ] GC(289)      Used:     2350M (57%)        2866M (70%)         772M (19%)         734M (18%)        2916M (71%)         730M (18%)    
[157.942s][info][gc,heap     ] GC(289)      Live:         -               100M (2%)          100M (2%)          100M (2%)             -                  -          
[157.942s][info][gc,heap     ] GC(289) Allocated:         -               516M (13%)         596M (15%)         601M (15%)            -                  -          
[157.942s][info][gc,heap     ] GC(289)   Garbage:         -              2249M (55%)          75M (2%)           31M (1%)             -                  -          
[157.942s][info][gc,heap     ] GC(289) Reclaimed:         -                  -              2174M (53%)        2217M (54%)            -                  -          
[157.942s][info][gc          ] GC(289) Garbage Collection (Allocation Rate) 2350M(57%)->734M(18%)
[158.273s][info][gc,start    ] GC(290) Garbage Collection (Allocation Rate)
[158.273s][info][gc,task     ] GC(290) Using 1 workers
[158.273s][info][gc,phases   ] GC(290) Pause Mark Start 0.011ms
[158.415s][info][gc,phases   ] GC(290) Concurrent Mark 142.048ms
[158.415s][info][gc,phases   ] GC(290) Pause Mark End 0.026ms
[158.415s][info][gc,phases   ] GC(290) Concurrent Mark Free 0.003ms
[158.420s][info][gc,phases   ] GC(290) Concurrent Process Non-Strong References 4.332ms
[158.420s][info][gc,phases   ] GC(290) Concurrent Reset Relocation Set 0.005ms
[158.423s][info][gc,phases   ] GC(290) Concurrent Select Relocation Set 3.294ms
[158.423s][info][gc,phases   ] GC(290) Pause Relocate Start 0.017ms
[158.426s][info][gc,phases   ] GC(290) Concurrent Relocate 2.985ms
[158.426s][info][gc,load     ] GC(290) Load: 0.00/0.00/0.00
[158.426s][info][gc,mmu      ] GC(290) MMU: 2ms/96.2%, 5ms/98.5%, 10ms/99.0%, 20ms/99.5%, 50ms/99.8%, 100ms/99.9%
[158.426s][info][gc,marking  ] GC(290) Mark: 1 stripe(s), 2 proactive flush(es), 1 terminate flush(es), 0 completion(s), 0 continuation(s) 
[158.426s][info][gc,marking  ] GC(290) Mark Stack Usage: 32M
[158.426s][info][gc,nmethod  ] GC(290) NMethods: 1417 registered, 8 unregistered
[158.426s][info][gc,metaspace] GC(290) Metaspace: 11M used, 11M committed, 1088M reserved
[158.426s][info][gc,ref      ] GC(290) Soft: 197 encountered, 0 discovered, 0 enqueued
[158.426s][info][gc,ref      ] GC(290) Weak: 695 encountered, 554 discovered, 0 enqueued
[158.426s][info][gc,ref      ] GC(290) Final: 0 encountered, 0 discovered, 0 enqueued
[158.426s][info][gc,ref      ] GC(290) Phantom: 36 encountered, 17 discovered, 0 enqueued
[158.426s][info][gc,reloc    ] GC(290) Small Pages: 956 / 1912M, Empty: 1784M, Relocated: 2M, In-Place: 0
[158.426s][info][gc,reloc    ] GC(290) Medium Pages: 11 / 352M, Empty: 288M, Relocated: 3M, In-Place: 0
[158.426s][info][gc,reloc    ] GC(290) Large Pages: 1 / 6M, Empty: 0M, Relocated: 0M, In-Place: 0
[158.426s][info][gc,reloc    ] GC(290) Forwarding Usage: 0M
[158.426s][info][gc,heap     ] GC(290) Min Capacity: 4096M(100%)
[158.426s][info][gc,heap     ] GC(290) Max Capacity: 4096M(100%)
[158.426s][info][gc,heap     ] GC(290) Soft Max Capacity: 4096M(100%)
[158.426s][info][gc,heap     ] GC(290)                Mark Start          Mark End        Relocate Start      Relocate End           High               Low         
[158.426s][info][gc,heap     ] GC(290)  Capacity:     4096M (100%)       4096M (100%)       4096M (100%)       4096M (100%)       4096M (100%)       4096M (100%)   
[158.427s][info][gc,heap     ] GC(290)      Free:     1826M (45%)        1270M (31%)        3302M (81%)        3364M (82%)        3364M (82%)        1244M (30%)    
[158.427s][info][gc,heap     ] GC(290)      Used:     2270M (55%)        2826M (69%)         794M (19%)         732M (18%)        2852M (70%)         732M (18%)    
[158.427s][info][gc,heap     ] GC(290)      Live:         -               101M (2%)          101M (2%)          101M (2%)             -                  -          
[158.427s][info][gc,heap     ] GC(290) Allocated:         -               556M (14%)         596M (15%)         599M (15%)            -                  -          
[158.427s][info][gc,heap     ] GC(290)   Garbage:         -              2168M (53%)          96M (2%)           30M (1%)             -                  -          
[158.427s][info][gc,heap     ] GC(290) Reclaimed:         -                  -              2072M (51%)        2137M (52%)            -                  -          
[158.427s][info][gc          ] GC(290) Garbage Collection (Allocation Rate) 2270M(55%)->732M(18%)
[158.711s][info][gc,start    ] GC(291) Garbage Collection (System.gc())
[158.711s][info][gc,task     ] GC(291) Using 2 workers
[158.711s][info][gc,phases   ] GC(291) Pause Mark Start 0.006ms
[158.775s][info][gc,phases   ] GC(291) Concurrent Mark 64.029ms
[158.775s][info][gc,phases   ] GC(291) Pause Mark End 0.027ms
[158.775s][info][gc,phases   ] GC(291) Concurrent Mark Free 0.002ms
[158.777s][info][gc,phases   ] GC(291) Concurrent Process Non-Strong References 2.079ms
[158.777s][info][gc,phases   ] GC(291) Concurrent Reset Relocation Set 0.002ms
[158.779s][info][gc,phases   ] GC(291) Concurrent Select Relocation Set 1.814ms
[158.779s][info][gc,phases   ] GC(291) Pause Relocate Start 0.004ms
[158.780s][info][gc,phases   ] GC(291) Concurrent Relocate 0.462ms
[158.780s][info][gc,load     ] GC(291) Load: 0.00/0.00/0.00
[158.780s][info][gc,mmu      ] GC(291) MMU: 2ms/96.2%, 5ms/98.5%, 10ms/99.0%, 20ms/99.5%, 50ms/99.8%, 100ms/99.9%
[158.780s][info][gc,marking  ] GC(291) Mark: 2 stripe(s), 1 proactive flush(es), 1 terminate flush(es), 0 completion(s), 0 continuation(s) 
[158.780s][info][gc,marking  ] GC(291) Mark Stack Usage: 32M
[158.780s][info][gc,nmethod  ] GC(291) NMethods: 1418 registered, 8 unregistered
[158.780s][info][gc,metaspace] GC(291) Metaspace: 11M used, 11M committed, 1088M reserved
[158.780s][info][gc,ref      ] GC(291) Soft: 197 encountered, 0 discovered, 0 enqueued
[158.780s][info][gc,ref      ] GC(291) Weak: 695 encountered, 5 discovered, 0 enqueued
[158.780s][info][gc,ref      ] GC(291) Final: 0 encountered, 0 discovered, 0 enqueued
[158.780s][info][gc,ref      ] GC(291) Phantom: 36 encountered, 16 discovered, 0 enqueued
[158.780s][info][gc,reloc    ] GC(291) Small Pages: 834 / 1668M, Empty: 1568M, Relocated: 1M, In-Place: 0
[158.780s][info][gc,reloc    ] GC(291) Medium Pages: 10 / 320M, Empty: 320M, Relocated: 0M, In-Place: 0
[158.780s][info][gc,reloc    ] GC(291) Large Pages: 1 / 6M, Empty: 0M, Relocated: 0M, In-Place: 0
[158.780s][info][gc,reloc    ] GC(291) Forwarding Usage: 0M
[158.780s][info][gc,heap     ] GC(291) Min Capacity: 4096M(100%)
[158.780s][info][gc,heap     ] GC(291) Max Capacity: 4096M(100%)
[158.780s][info][gc,heap     ] GC(291) Soft Max Capacity: 4096M(100%)
[158.780s][info][gc,heap     ] GC(291)                Mark Start          Mark End        Relocate Start      Relocate End           High               Low         
[158.780s][info][gc,heap     ] GC(291)  Capacity:     4096M (100%)       4096M (100%)       4096M (100%)       4096M (100%)       4096M (100%)       4096M (100%)   
[158.780s][info][gc,heap     ] GC(291)      Free:     2102M (51%)        2102M (51%)        3990M (97%)        3996M (98%)        3996M (98%)        2102M (51%)    
[158.780s][info][gc,heap     ] GC(291)      Used:     1994M (49%)        1994M (49%)         106M (3%)          100M (2%)         1994M (49%)         100M (2%)     
[158.780s][info][gc,heap     ] GC(291)      Live:         -                95M (2%)           95M (2%)           95M (2%)             -                  -          
[158.780s][info][gc,heap     ] GC(291) Allocated:         -                 0M (0%)            0M (0%)            0M (0%)             -                  -          
[158.780s][info][gc,heap     ] GC(291)   Garbage:         -              1898M (46%)          10M (0%)            4M (0%)             -                  -          
[158.780s][info][gc,heap     ] GC(291) Reclaimed:         -                  -              1888M (46%)        1894M (46%)            -                  -          
[158.780s][info][gc          ] GC(291) Garbage Collection (System.gc()) 1994M(49%)->100M(2%)
[159.387s][info][gc,start    ] GC(292) Garbage Collection (Allocation Rate)
[159.387s][info][gc,task     ] GC(292) Using 1 workers
[159.387s][info][gc,phases   ] GC(292) Pause Mark Start 0.009ms
[159.542s][info][gc,phases   ] GC(292) Concurrent Mark 154.582ms
[159.542s][info][gc,phases   ] GC(292) Pause Mark End 0.014ms
[159.542s][info][gc,phases   ] GC(292) Concurrent Mark Free 0.002ms
[159.546s][info][gc,phases   ] GC(292) Concurrent Process Non-Strong References 3.626ms
[159.546s][info][gc,phases   ] GC(292) Concurrent Reset Relocation Set 0.001ms
[159.548s][info][gc,phases   ] GC(292) Concurrent Select Relocation Set 2.876ms
[159.549s][info][gc,phases   ] GC(292) Pause Relocate Start 0.009ms
[159.549s][info][gc,phases   ] GC(292) Concurrent Relocate 0.769ms
[159.549s][info][gc,load     ] GC(292) Load: 0.00/0.00/0.00
[159.549s][info][gc,mmu      ] GC(292) MMU: 2ms/96.2%, 5ms/98.5%, 10ms/99.0%, 20ms/99.5%, 50ms/99.8%, 100ms/99.9%
[159.549s][info][gc,marking  ] GC(292) Mark: 1 stripe(s), 2 proactive flush(es), 1 terminate flush(es), 0 completion(s), 0 continuation(s) 
[159.549s][info][gc,marking  ] GC(292) Mark Stack Usage: 32M
[159.550s][info][gc,nmethod  ] GC(292) NMethods: 1431 registered, 8 unregistered
[159.550s][info][gc,metaspace] GC(292) Metaspace: 11M used, 11M committed, 1088M reserved
[159.550s][info][gc,ref      ] GC(292) Soft: 197 encountered, 0 discovered, 0 enqueued
[159.550s][info][gc,ref      ] GC(292) Weak: 695 encountered, 187 discovered, 0 enqueued
[159.550s][info][gc,ref      ] GC(292) Final: 0 encountered, 0 discovered, 0 enqueued
[159.550s][info][gc,ref      ] GC(292) Phantom: 36 encountered, 21 discovered, 0 enqueued
[159.550s][info][gc,reloc    ] GC(292) Small Pages: 1272 / 2544M, Empty: 2400M, Relocated: 3M, In-Place: 0
[159.550s][info][gc,reloc    ] GC(292) Medium Pages: 12 / 384M, Empty: 384M, Relocated: 0M, In-Place: 0
[159.550s][info][gc,reloc    ] GC(292) Large Pages: 1 / 6M, Empty: 0M, Relocated: 0M, In-Place: 0
[159.550s][info][gc,reloc    ] GC(292) Forwarding Usage: 0M
[159.550s][info][gc,heap     ] GC(292) Min Capacity: 4096M(100%)
[159.550s][info][gc,heap     ] GC(292) Max Capacity: 4096M(100%)
[159.550s][info][gc,heap     ] GC(292) Soft Max Capacity: 4096M(100%)
[159.550s][info][gc,heap     ] GC(292)                Mark Start          Mark End        Relocate Start      Relocate End           High               Low         
[159.550s][info][gc,heap     ] GC(292)  Capacity:     4096M (100%)       4096M (100%)       4096M (100%)       4096M (100%)       4096M (100%)       4096M (100%)   
[159.550s][info][gc,heap     ] GC(292)      Free:     1162M (28%)         542M (13%)        3318M (81%)        3366M (82%)        3366M (82%)         534M (13%)    
[159.550s][info][gc,heap     ] GC(292)      Used:     2934M (72%)        3554M (87%)         778M (19%)         730M (18%)        3562M (87%)         730M (18%)    
[159.550s][info][gc,heap     ] GC(292)      Live:         -                99M (2%)           99M (2%)           99M (2%)             -                  -          
[159.550s][info][gc,heap     ] GC(292) Allocated:         -               620M (15%)         628M (15%)         627M (15%)            -                  -          
[159.550s][info][gc,heap     ] GC(292)   Garbage:         -              2834M (69%)          50M (1%)            2M (0%)             -                  -          
[159.550s][info][gc,heap     ] GC(292) Reclaimed:         -                  -              2784M (68%)        2831M (69%)            -                  -          
[159.550s][info][gc          ] GC(292) Garbage Collection (Allocation Rate) 2934M(72%)->730M(18%)
[159.983s][info][gc,start    ] GC(293) Garbage Collection (Allocation Rate)
[159.983s][info][gc,task     ] GC(293) Using 1 workers
[159.983s][info][gc,phases   ] GC(293) Pause Mark Start 0.009ms
[160.188s][info][gc,stats    ] === Garbage Collection Statistics =======================================================================================================================
[160.188s][info][gc,stats    ]                                                              Last 10s              Last 10m              Last 10h                Total
[160.188s][info][gc,stats    ]                                                              Avg / Max             Avg / Max             Avg / Max             Avg / Max
[160.188s][info][gc,stats    ]   Collector: Garbage Collection Cycle                    162.264 / 240.879     162.120 / 259.019     162.120 / 259.019     162.120 / 259.019     ms
[160.188s][info][gc,stats    ]  Contention: Mark Segment Reset Contention                     0 / 0                 0 / 2                 0 / 2                 0 / 2           ops/s
[160.188s][info][gc,stats    ]  Contention: Mark SeqNum Reset Contention                      0 / 0                 0 / 2                 0 / 2                 0 / 2           ops/s
[160.188s][info][gc,stats    ]    Critical: Allocation Stall                                  0 / 0                 0 / 0                 0 / 0                 0 / 0           ops/s
[160.188s][info][gc,stats    ]    Critical: Allocation Stall                              0.000 / 0.000         0.000 / 0.000         0.000 / 0.000         0.000 / 0.000       ms
[160.188s][info][gc,stats    ]    Critical: GC Locker Stall                                   0 / 0                 0 / 0                 0 / 0                 0 / 0           ops/s
[160.188s][info][gc,stats    ]    Critical: GC Locker Stall                               0.000 / 0.000         0.000 / 0.000         0.000 / 0.000         0.000 / 0.000       ms
[160.188s][info][gc,stats    ]    Critical: Relocation Stall                                  0 / 0                 0 / 0                 0 / 0                 0 / 0           ops/s
[160.188s][info][gc,stats    ]    Critical: Relocation Stall                              0.000 / 0.000         0.000 / 0.000         0.000 / 0.000         0.000 / 0.000       ms
[160.188s][info][gc,stats    ]      Memory: Allocation Rate                                4368 / 4532           4277 / 4592           4277 / 4592           4277 / 4592        MB/s
[160.188s][info][gc,stats    ]      Memory: Defragment                                        0 / 0                 0 / 0                 0 / 0                 0 / 0           ops/s
[160.188s][info][gc,stats    ]      Memory: Out Of Memory                                     0 / 0                 0 / 0                 0 / 0                 0 / 0           ops/s
[160.188s][info][gc,stats    ]      Memory: Page Cache Flush                                  0 / 0                 0 / 0                 0 / 0                 0 / 0           MB/s
[160.188s][info][gc,stats    ]      Memory: Page Cache Hit L1                              1892 / 1964           1841 / 2002           1841 / 2002           1841 / 2002        ops/s
[160.188s][info][gc,stats    ]      Memory: Page Cache Hit L2                                 0 / 0                 0 / 0                 0 / 0                 0 / 0           ops/s
[160.188s][info][gc,stats    ]      Memory: Page Cache Hit L3                                 0 / 0                10 / 437              10 / 437              10 / 437         ops/s
[160.188s][info][gc,stats    ]      Memory: Page Cache Miss                                   0 / 0                 0 / 1                 0 / 1                 0 / 1           ops/s
[160.188s][info][gc,stats    ]      Memory: Uncommit                                          0 / 0                 0 / 0                 0 / 0                 0 / 0           MB/s
[160.188s][info][gc,stats    ]      Memory: Undo Object Allocation Failed                     0 / 0                 0 / 1                 0 / 1                 0 / 1           ops/s
[160.188s][info][gc,stats    ]      Memory: Undo Object Allocation Succeeded                  1 / 4                20 / 1067             20 / 1067             20 / 1067        ops/s
[160.188s][info][gc,stats    ]      Memory: Undo Page Allocation                              2 / 5                 2 / 7                 2 / 7                 2 / 7           ops/s
[160.188s][info][gc,stats    ]       Phase: Concurrent Mark                             149.582 / 226.660     150.587 / 251.310     150.587 / 251.310     150.587 / 251.310     ms
[160.188s][info][gc,stats    ]       Phase: Concurrent Mark Continue                      0.000 / 0.000         0.000 / 0.000         0.000 / 0.000         0.000 / 0.000       ms
[160.188s][info][gc,stats    ]       Phase: Concurrent Mark Free                          0.002 / 0.003         0.002 / 0.005         0.002 / 0.005         0.002 / 0.005       ms
[160.188s][info][gc,stats    ]       Phase: Concurrent Process Non-Strong References      6.301 / 21.589        5.401 / 24.469        5.401 / 24.469        5.401 / 24.469      ms
[160.188s][info][gc,stats    ]       Phase: Concurrent Relocate                           2.094 / 5.530         2.034 / 57.532        2.034 / 57.532        2.034 / 57.532      ms
[160.188s][info][gc,stats    ]       Phase: Concurrent Reset Relocation Set               0.004 / 0.007         0.004 / 0.026         0.004 / 0.026         0.004 / 0.026       ms
[160.188s][info][gc,stats    ]       Phase: Concurrent Select Relocation Set              3.171 / 4.807         3.066 / 13.885        3.066 / 13.885        3.066 / 13.885      ms
[160.188s][info][gc,stats    ]       Phase: Pause Mark End                                0.020 / 0.036         0.018 / 0.047         0.018 / 0.047         0.018 / 0.047       ms
[160.188s][info][gc,stats    ]       Phase: Pause Mark Start                              0.011 / 0.020         0.010 / 0.027         0.010 / 0.027         0.010 / 0.027       ms
[160.188s][info][gc,stats    ]       Phase: Pause Relocate Start                          0.012 / 0.020         0.012 / 0.077         0.012 / 0.077         0.012 / 0.077       ms
[160.188s][info][gc,stats    ]    Subphase: Concurrent Classes Purge                      0.013 / 0.022         0.017 / 0.208         0.017 / 0.208         0.017 / 0.208       ms
[160.188s][info][gc,stats    ]    Subphase: Concurrent Classes Unlink                     3.023 / 3.818         2.715 / 3.848         2.715 / 3.848         2.715 / 3.848       ms
[160.188s][info][gc,stats    ]    Subphase: Concurrent Mark                             138.654 / 225.900     136.013 / 250.559     136.013 / 250.559     136.013 / 250.559     ms
[160.188s][info][gc,stats    ]    Subphase: Concurrent Mark Try Flush                     0.372 / 3.953         0.768 / 17.896        0.768 / 17.896        0.768 / 17.896      ms
[160.188s][info][gc,stats    ]    Subphase: Concurrent Mark Try Terminate                 1.050 / 13.473        1.210 / 17.378        1.210 / 17.378        1.210 / 17.378      ms
[160.188s][info][gc,stats    ]    Subphase: Concurrent References Enqueue                 0.001 / 0.001         0.001 / 0.015         0.001 / 0.015         0.001 / 0.015       ms
[160.188s][info][gc,stats    ]    Subphase: Concurrent References Process                 0.089 / 0.144         0.085 / 0.535         0.085 / 0.535         0.085 / 0.535       ms
[160.188s][info][gc,stats    ]    Subphase: Concurrent Roots ClassLoaderDataGraph         0.073 / 0.120         0.070 / 0.272         0.070 / 0.272         0.070 / 0.272       ms
[160.188s][info][gc,stats    ]    Subphase: Concurrent Roots CodeCache                    0.000 / 0.000         0.000 / 0.000         0.000 / 0.000         0.000 / 0.000       ms
[160.188s][info][gc,stats    ]    Subphase: Concurrent Roots JavaThreads                  0.579 / 1.153         0.630 / 7.312         0.630 / 7.312         0.630 / 7.312       ms
[160.188s][info][gc,stats    ]    Subphase: Concurrent Roots OopStorageSet                0.031 / 0.068         0.029 / 0.099         0.029 / 0.099         0.029 / 0.099       ms
[160.188s][info][gc,stats    ]    Subphase: Concurrent Weak Roots OopStorageSet           0.207 / 0.326         0.187 / 0.369         0.187 / 0.369         0.187 / 0.369       ms
[160.188s][info][gc,stats    ]    Subphase: Pause Mark Try Complete                       0.000 / 0.000         0.000 / 0.000         0.000 / 0.000         0.000 / 0.000       ms
[160.188s][info][gc,stats    ]      System: Java Threads                                     24 / 24               23 / 24               23 / 24               23 / 24          threads
[160.188s][info][gc,stats    ] =========================================================================================================================================================
[160.211s][info][gc,phases   ] GC(293) Concurrent Mark 227.450ms
[160.211s][info][gc,phases   ] GC(293) Pause Mark End 0.017ms
[160.211s][info][gc,phases   ] GC(293) Concurrent Mark Free 0.002ms
[160.215s][info][gc,phases   ] GC(293) Concurrent Process Non-Strong References 3.630ms
[160.215s][info][gc,phases   ] GC(293) Concurrent Reset Relocation Set 0.004ms
[160.218s][info][gc,phases   ] GC(293) Concurrent Select Relocation Set 2.802ms
[160.218s][info][gc,phases   ] GC(293) Pause Relocate Start 0.010ms
[160.219s][info][gc,phases   ] GC(293) Concurrent Relocate 1.198ms
[160.219s][info][gc,load     ] GC(293) Load: 0.00/0.00/0.00
[160.219s][info][gc,mmu      ] GC(293) MMU: 2ms/96.2%, 5ms/98.5%, 10ms/99.0%, 20ms/99.5%, 50ms/99.8%, 100ms/99.9%
[160.219s][info][gc,marking  ] GC(293) Mark: 1 stripe(s), 2 proactive flush(es), 1 terminate flush(es), 0 completion(s), 0 continuation(s) 
[160.219s][info][gc,marking  ] GC(293) Mark Stack Usage: 32M
[160.219s][info][gc,nmethod  ] GC(293) NMethods: 1431 registered, 8 unregistered
[160.219s][info][gc,metaspace] GC(293) Metaspace: 11M used, 11M committed, 1088M reserved
[160.219s][info][gc,ref      ] GC(293) Soft: 197 encountered, 0 discovered, 0 enqueued
[160.219s][info][gc,ref      ] GC(293) Weak: 695 encountered, 187 discovered, 0 enqueued
[160.219s][info][gc,ref      ] GC(293) Final: 0 encountered, 0 discovered, 0 enqueued
[160.219s][info][gc,ref      ] GC(293) Phantom: 36 encountered, 21 discovered, 0 enqueued
[160.219s][info][gc,reloc    ] GC(293) Small Pages: 1179 / 2358M, Empty: 2228M, Relocated: 1M, In-Place: 0
[160.219s][info][gc,reloc    ] GC(293) Medium Pages: 12 / 384M, Empty: 352M, Relocated: 0M, In-Place: 0
[160.219s][info][gc,reloc    ] GC(293) Large Pages: 1 / 6M, Empty: 0M, Relocated: 0M, In-Place: 0
[160.219s][info][gc,reloc    ] GC(293) Forwarding Usage: 0M
[160.219s][info][gc,heap     ] GC(293) Min Capacity: 4096M(100%)
[160.219s][info][gc,heap     ] GC(293) Max Capacity: 4096M(100%)
[160.219s][info][gc,heap     ] GC(293) Soft Max Capacity: 4096M(100%)
[160.219s][info][gc,heap     ] GC(293)                Mark Start          Mark End        Relocate Start      Relocate End           High               Low         
[160.219s][info][gc,heap     ] GC(293)  Capacity:     4096M (100%)       4096M (100%)       4096M (100%)       4096M (100%)       4096M (100%)       4096M (100%)   
[160.219s][info][gc,heap     ] GC(293)      Free:     1348M (33%)         408M (10%)        2936M (72%)        2974M (73%)        2974M (73%)         388M (9%)     
[160.219s][info][gc,heap     ] GC(293)      Used:     2748M (67%)        3688M (90%)        1160M (28%)        1122M (27%)        3708M (91%)        1122M (27%)    
[160.219s][info][gc,heap     ] GC(293)      Live:         -                99M (2%)           99M (2%)           99M (2%)             -                  -          
[160.219s][info][gc,heap     ] GC(293) Allocated:         -               940M (23%)         992M (24%)         991M (24%)            -                  -          
[160.219s][info][gc,heap     ] GC(293)   Garbage:         -              2648M (65%)          68M (2%)           30M (1%)             -                  -          
[160.219s][info][gc,heap     ] GC(293) Reclaimed:         -                  -              2580M (63%)        2617M (64%)            -                  -          
[160.219s][info][gc          ] GC(293) Garbage Collection (Allocation Rate) 2748M(67%)->1122M(27%)
[160.486s][info][gc,start    ] GC(294) Garbage Collection (Allocation Rate)
[160.486s][info][gc,task     ] GC(294) Using 1 workers
[160.486s][info][gc,phases   ] GC(294) Pause Mark Start 0.011ms
[160.638s][info][gc,phases   ] GC(294) Concurrent Mark 151.310ms
[160.638s][info][gc,phases   ] GC(294) Pause Mark End 0.016ms
[160.638s][info][gc,phases   ] GC(294) Concurrent Mark Free 0.001ms
[160.642s][info][gc,phases   ] GC(294) Concurrent Process Non-Strong References 4.278ms
[160.642s][info][gc,phases   ] GC(294) Concurrent Reset Relocation Set 0.003ms
[160.644s][info][gc,phases   ] GC(294) Concurrent Select Relocation Set 2.070ms
[160.644s][info][gc,phases   ] GC(294) Pause Relocate Start 0.009ms
[160.646s][info][gc,phases   ] GC(294) Concurrent Relocate 1.660ms
[160.646s][info][gc,load     ] GC(294) Load: 0.00/0.00/0.00
[160.646s][info][gc,mmu      ] GC(294) MMU: 2ms/96.2%, 5ms/98.5%, 10ms/99.0%, 20ms/99.5%, 50ms/99.8%, 100ms/99.9%
[160.646s][info][gc,marking  ] GC(294) Mark: 1 stripe(s), 2 proactive flush(es), 1 terminate flush(es), 0 completion(s), 0 continuation(s) 
[160.646s][info][gc,marking  ] GC(294) Mark Stack Usage: 32M
[160.646s][info][gc,nmethod  ] GC(294) NMethods: 1431 registered, 8 unregistered
[160.646s][info][gc,metaspace] GC(294) Metaspace: 11M used, 11M committed, 1088M reserved
[160.646s][info][gc,ref      ] GC(294) Soft: 197 encountered, 0 discovered, 0 enqueued
[160.646s][info][gc,ref      ] GC(294) Weak: 695 encountered, 187 discovered, 0 enqueued
[160.646s][info][gc,ref      ] GC(294) Final: 0 encountered, 0 discovered, 0 enqueued
[160.646s][info][gc,ref      ] GC(294) Phantom: 36 encountered, 21 discovered, 0 enqueued
[160.646s][info][gc,reloc    ] GC(294) Small Pages: 970 / 1940M, Empty: 1804M, Relocated: 3M, In-Place: 0
[160.646s][info][gc,reloc    ] GC(294) Medium Pages: 11 / 352M, Empty: 352M, Relocated: 0M, In-Place: 0
[160.646s][info][gc,reloc    ] GC(294) Large Pages: 1 / 6M, Empty: 0M, Relocated: 0M, In-Place: 0
[160.646s][info][gc,reloc    ] GC(294) Forwarding Usage: 0M
[160.646s][info][gc,heap     ] GC(294) Min Capacity: 4096M(100%)
[160.646s][info][gc,heap     ] GC(294) Max Capacity: 4096M(100%)
[160.646s][info][gc,heap     ] GC(294) Soft Max Capacity: 4096M(100%)
[160.646s][info][gc,heap     ] GC(294)                Mark Start          Mark End        Relocate Start      Relocate End           High               Low         
[160.646s][info][gc,heap     ] GC(294)  Capacity:     4096M (100%)       4096M (100%)       4096M (100%)       4096M (100%)       4096M (100%)       4096M (100%)   
[160.646s][info][gc,heap     ] GC(294)      Free:     1798M (44%)        1150M (28%)        3306M (81%)        3348M (82%)        3348M (82%)        1150M (28%)    
[160.646s][info][gc,heap     ] GC(294)      Used:     2298M (56%)        2946M (72%)         790M (19%)         748M (18%)        2946M (72%)         748M (18%)    
[160.646s][info][gc,heap     ] GC(294)      Live:         -                97M (2%)           97M (2%)           97M (2%)             -                  -          
[160.646s][info][gc,heap     ] GC(294) Allocated:         -               648M (16%)         648M (16%)         647M (16%)            -                  -          
[160.646s][info][gc,heap     ] GC(294)   Garbage:         -              2200M (54%)          44M (1%)            2M (0%)             -                  -          
[160.646s][info][gc,heap     ] GC(294) Reclaimed:         -                  -              2156M (53%)        2197M (54%)            -                  -          
[160.646s][info][gc          ] GC(294) Garbage Collection (Allocation Rate) 2298M(56%)->748M(18%)
[160.972s][info][gc,start    ] GC(295) Garbage Collection (Allocation Rate)
[160.972s][info][gc,task     ] GC(295) Using 1 workers
[160.972s][info][gc,phases   ] GC(295) Pause Mark Start 0.007ms
[161.199s][info][gc,phases   ] GC(295) Concurrent Mark 226.463ms
[161.199s][info][gc,phases   ] GC(295) Pause Mark End 0.013ms
[161.199s][info][gc,phases   ] GC(295) Concurrent Mark Free 0.002ms
[161.203s][info][gc,phases   ] GC(295) Concurrent Process Non-Strong References 3.824ms
[161.203s][info][gc,phases   ] GC(295) Concurrent Reset Relocation Set 0.004ms
[161.206s][info][gc,phases   ] GC(295) Concurrent Select Relocation Set 2.869ms
[161.206s][info][gc,phases   ] GC(295) Pause Relocate Start 0.009ms
[161.207s][info][gc,phases   ] GC(295) Concurrent Relocate 0.918ms
[161.207s][info][gc,load     ] GC(295) Load: 0.00/0.00/0.00
[161.207s][info][gc,mmu      ] GC(295) MMU: 2ms/96.2%, 5ms/98.5%, 10ms/99.0%, 20ms/99.5%, 50ms/99.8%, 100ms/99.9%
[161.207s][info][gc,marking  ] GC(295) Mark: 1 stripe(s), 2 proactive flush(es), 1 terminate flush(es), 0 completion(s), 0 continuation(s) 
[161.207s][info][gc,marking  ] GC(295) Mark Stack Usage: 32M
[161.207s][info][gc,nmethod  ] GC(295) NMethods: 1431 registered, 8 unregistered
[161.207s][info][gc,metaspace] GC(295) Metaspace: 11M used, 11M committed, 1088M reserved
[161.207s][info][gc,ref      ] GC(295) Soft: 197 encountered, 0 discovered, 0 enqueued
[161.207s][info][gc,ref      ] GC(295) Weak: 695 encountered, 187 discovered, 0 enqueued
[161.207s][info][gc,ref      ] GC(295) Final: 0 encountered, 0 discovered, 0 enqueued
[161.207s][info][gc,ref      ] GC(295) Phantom: 36 encountered, 21 discovered, 0 enqueued
[161.207s][info][gc,reloc    ] GC(295) Small Pages: 985 / 1970M, Empty: 1840M, Relocated: 1M, In-Place: 0
[161.207s][info][gc,reloc    ] GC(295) Medium Pages: 10 / 320M, Empty: 288M, Relocated: 0M, In-Place: 0
[161.207s][info][gc,reloc    ] GC(295) Large Pages: 1 / 6M, Empty: 0M, Relocated: 0M, In-Place: 0
[161.207s][info][gc,reloc    ] GC(295) Forwarding Usage: 0M
[161.207s][info][gc,heap     ] GC(295) Min Capacity: 4096M(100%)
[161.207s][info][gc,heap     ] GC(295) Max Capacity: 4096M(100%)
[161.207s][info][gc,heap     ] GC(295) Soft Max Capacity: 4096M(100%)
[161.207s][info][gc,heap     ] GC(295)                Mark Start          Mark End        Relocate Start      Relocate End           High               Low         
[161.207s][info][gc,heap     ] GC(295)  Capacity:     4096M (100%)       4096M (100%)       4096M (100%)       4096M (100%)       4096M (100%)       4096M (100%)   
[161.207s][info][gc,heap     ] GC(295)      Free:     1800M (44%)         864M (21%)        2936M (72%)        2974M (73%)        2974M (73%)         842M (21%)    
[161.207s][info][gc,heap     ] GC(295)      Used:     2296M (56%)        3232M (79%)        1160M (28%)        1122M (27%)        3254M (79%)        1122M (27%)    
[161.207s][info][gc,heap     ] GC(295)      Live:         -                99M (2%)           99M (2%)           99M (2%)             -                  -          
[161.207s][info][gc,heap     ] GC(295) Allocated:         -               936M (23%)         992M (24%)         991M (24%)            -                  -          
[161.207s][info][gc,heap     ] GC(295)   Garbage:         -              2196M (54%)          68M (2%)           30M (1%)             -                  -          
[161.207s][info][gc,heap     ] GC(295) Reclaimed:         -                  -              2128M (52%)        2165M (53%)            -                  -          
[161.207s][info][gc          ] GC(295) Garbage Collection (Allocation Rate) 2296M(56%)->1122M(27%)
[161.475s][info][gc,start    ] GC(296) Garbage Collection (Allocation Rate)
[161.475s][info][gc,task     ] GC(296) Using 1 workers
[161.475s][info][gc,phases   ] GC(296) Pause Mark Start 0.010ms
[161.622s][info][gc,phases   ] GC(296) Concurrent Mark 147.093ms
[161.622s][info][gc,phases   ] GC(296) Pause Mark End 0.013ms
[161.622s][info][gc,phases   ] GC(296) Concurrent Mark Free 0.001ms
[161.626s][info][gc,phases   ] GC(296) Concurrent Process Non-Strong References 3.819ms
[161.626s][info][gc,phases   ] GC(296) Concurrent Reset Relocation Set 0.002ms
[161.630s][info][gc,phases   ] GC(296) Concurrent Select Relocation Set 3.146ms
[161.630s][info][gc,phases   ] GC(296) Pause Relocate Start 0.009ms
[161.633s][info][gc,phases   ] GC(296) Concurrent Relocate 3.401ms
[161.633s][info][gc,load     ] GC(296) Load: 0.00/0.00/0.00
[161.633s][info][gc,mmu      ] GC(296) MMU: 2ms/96.2%, 5ms/98.5%, 10ms/99.0%, 20ms/99.5%, 50ms/99.8%, 100ms/99.9%
[161.633s][info][gc,marking  ] GC(296) Mark: 1 stripe(s), 2 proactive flush(es), 1 terminate flush(es), 0 completion(s), 0 continuation(s) 
[161.633s][info][gc,marking  ] GC(296) Mark Stack Usage: 32M
[161.633s][info][gc,nmethod  ] GC(296) NMethods: 1431 registered, 8 unregistered
[161.633s][info][gc,metaspace] GC(296) Metaspace: 11M used, 11M committed, 1088M reserved
[161.633s][info][gc,ref      ] GC(296) Soft: 197 encountered, 0 discovered, 0 enqueued
[161.633s][info][gc,ref      ] GC(296) Weak: 695 encountered, 187 discovered, 0 enqueued
[161.633s][info][gc,ref      ] GC(296) Final: 0 encountered, 0 discovered, 0 enqueued
[161.633s][info][gc,ref      ] GC(296) Phantom: 36 encountered, 21 discovered, 0 enqueued
[161.633s][info][gc,reloc    ] GC(296) Small Pages: 976 / 1952M, Empty: 1808M, Relocated: 4M, In-Place: 0
[161.633s][info][gc,reloc    ] GC(296) Medium Pages: 11 / 352M, Empty: 352M, Relocated: 0M, In-Place: 0
[161.633s][info][gc,reloc    ] GC(296) Large Pages: 1 / 6M, Empty: 0M, Relocated: 0M, In-Place: 0
[161.633s][info][gc,reloc    ] GC(296) Forwarding Usage: 1M
[161.633s][info][gc,heap     ] GC(296) Min Capacity: 4096M(100%)
[161.633s][info][gc,heap     ] GC(296) Max Capacity: 4096M(100%)
[161.633s][info][gc,heap     ] GC(296) Soft Max Capacity: 4096M(100%)
[161.633s][info][gc,heap     ] GC(296)                Mark Start          Mark End        Relocate Start      Relocate End           High               Low         
[161.633s][info][gc,heap     ] GC(296)  Capacity:     4096M (100%)       4096M (100%)       4096M (100%)       4096M (100%)       4096M (100%)       4096M (100%)   
[161.633s][info][gc,heap     ] GC(296)      Free:     1786M (44%)        1162M (28%)        3306M (81%)        3356M (82%)        3356M (82%)        1148M (28%)    
[161.633s][info][gc,heap     ] GC(296)      Used:     2310M (56%)        2934M (72%)         790M (19%)         740M (18%)        2948M (72%)         740M (18%)    
[161.633s][info][gc,heap     ] GC(296)      Live:         -                98M (2%)           98M (2%)           98M (2%)             -                  -          
[161.633s][info][gc,heap     ] GC(296) Allocated:         -               624M (15%)         640M (16%)         639M (16%)            -                  -          
[161.633s][info][gc,heap     ] GC(296)   Garbage:         -              2211M (54%)          51M (1%)            1M (0%)             -                  -          
[161.633s][info][gc,heap     ] GC(296) Reclaimed:         -                  -              2160M (53%)        2209M (54%)            -                  -          
[161.633s][info][gc          ] GC(296) Garbage Collection (Allocation Rate) 2310M(56%)->740M(18%)
[161.978s][info][gc,start    ] GC(297) Garbage Collection (Allocation Rate)
[161.978s][info][gc,task     ] GC(297) Using 1 workers
[161.978s][info][gc,phases   ] GC(297) Pause Mark Start 0.012ms
[162.128s][info][gc,phases   ] GC(297) Concurrent Mark 150.252ms
[162.128s][info][gc,phases   ] GC(297) Pause Mark End 0.016ms
[162.128s][info][gc,phases   ] GC(297) Concurrent Mark Free 0.001ms
[162.135s][info][gc,phases   ] GC(297) Concurrent Process Non-Strong References 6.163ms
[162.135s][info][gc,phases   ] GC(297) Concurrent Reset Relocation Set 0.003ms
[162.137s][info][gc,phases   ] GC(297) Concurrent Select Relocation Set 2.035ms
[162.137s][info][gc,phases   ] GC(297) Pause Relocate Start 0.010ms
[162.138s][info][gc,phases   ] GC(297) Concurrent Relocate 0.920ms
[162.138s][info][gc,load     ] GC(297) Load: 0.00/0.00/0.00
[162.138s][info][gc,mmu      ] GC(297) MMU: 2ms/96.2%, 5ms/98.5%, 10ms/99.0%, 20ms/99.5%, 50ms/99.8%, 100ms/99.9%
[162.138s][info][gc,marking  ] GC(297) Mark: 1 stripe(s), 2 proactive flush(es), 1 terminate flush(es), 0 completion(s), 0 continuation(s) 
[162.138s][info][gc,marking  ] GC(297) Mark Stack Usage: 32M
[162.138s][info][gc,nmethod  ] GC(297) NMethods: 1431 registered, 8 unregistered
[162.138s][info][gc,metaspace] GC(297) Metaspace: 11M used, 11M committed, 1088M reserved
[162.138s][info][gc,ref      ] GC(297) Soft: 197 encountered, 0 discovered, 0 enqueued
[162.138s][info][gc,ref      ] GC(297) Weak: 695 encountered, 187 discovered, 0 enqueued
[162.138s][info][gc,ref      ] GC(297) Final: 0 encountered, 0 discovered, 0 enqueued
[162.138s][info][gc,ref      ] GC(297) Phantom: 36 encountered, 21 discovered, 0 enqueued
[162.138s][info][gc,reloc    ] GC(297) Small Pages: 1008 / 2016M, Empty: 1874M, Relocated: 3M, In-Place: 0
[162.138s][info][gc,reloc    ] GC(297) Medium Pages: 10 / 320M, Empty: 320M, Relocated: 0M, In-Place: 0
[162.138s][info][gc,reloc    ] GC(297) Large Pages: 1 / 6M, Empty: 0M, Relocated: 0M, In-Place: 0
[162.138s][info][gc,reloc    ] GC(297) Forwarding Usage: 0M
[162.138s][info][gc,heap     ] GC(297) Min Capacity: 4096M(100%)
[162.138s][info][gc,heap     ] GC(297) Max Capacity: 4096M(100%)
[162.138s][info][gc,heap     ] GC(297) Soft Max Capacity: 4096M(100%)
[162.138s][info][gc,heap     ] GC(297)                Mark Start          Mark End        Relocate Start      Relocate End           High               Low         
[162.138s][info][gc,heap     ] GC(297)  Capacity:     4096M (100%)       4096M (100%)       4096M (100%)       4096M (100%)       4096M (100%)       4096M (100%)   
[162.138s][info][gc,heap     ] GC(297)      Free:     1754M (43%)        1134M (28%)        3326M (81%)        3368M (82%)        3368M (82%)        1134M (28%)    
[162.138s][info][gc,heap     ] GC(297)      Used:     2342M (57%)        2962M (72%)         770M (19%)         728M (18%)        2962M (72%)         728M (18%)    
[162.138s][info][gc,heap     ] GC(297)      Live:         -                99M (2%)           99M (2%)           99M (2%)             -                  -          
[162.138s][info][gc,heap     ] GC(297) Allocated:         -               620M (15%)         622M (15%)         625M (15%)            -                  -          
[162.138s][info][gc,heap     ] GC(297)   Garbage:         -              2242M (55%)          48M (1%)            2M (0%)             -                  -          
[162.138s][info][gc,heap     ] GC(297) Reclaimed:         -                  -              2194M (54%)        2239M (55%)            -                  -          
[162.138s][info][gc          ] GC(297) Garbage Collection (Allocation Rate) 2342M(57%)->728M(18%)
[162.575s][info][gc,start    ] GC(298) Garbage Collection (Allocation Rate)
[162.575s][info][gc,task     ] GC(298) Using 1 workers
[162.575s][info][gc,phases   ] GC(298) Pause Mark Start 0.010ms
[162.793s][info][gc,phases   ] GC(298) Concurrent Mark 218.417ms
[162.793s][info][gc,phases   ] GC(298) Pause Mark End 0.017ms
[162.793s][info][gc,phases   ] GC(298) Concurrent Mark Free 0.003ms
[162.797s][info][gc,phases   ] GC(298) Concurrent Process Non-Strong References 3.281ms
[162.797s][info][gc,phases   ] GC(298) Concurrent Reset Relocation Set 0.004ms
[162.799s][info][gc,phases   ] GC(298) Concurrent Select Relocation Set 2.504ms
[162.800s][info][gc,phases   ] GC(298) Pause Relocate Start 0.010ms
[162.801s][info][gc,phases   ] GC(298) Concurrent Relocate 1.354ms
[162.801s][info][gc,load     ] GC(298) Load: 0.00/0.00/0.00
[162.801s][info][gc,mmu      ] GC(298) MMU: 2ms/96.2%, 5ms/98.5%, 10ms/99.0%, 20ms/99.5%, 50ms/99.8%, 100ms/99.9%
[162.801s][info][gc,marking  ] GC(298) Mark: 1 stripe(s), 2 proactive flush(es), 1 terminate flush(es), 0 completion(s), 0 continuation(s) 
[162.801s][info][gc,marking  ] GC(298) Mark Stack Usage: 32M
[162.801s][info][gc,nmethod  ] GC(298) NMethods: 1431 registered, 8 unregistered
[162.801s][info][gc,metaspace] GC(298) Metaspace: 11M used, 11M committed, 1088M reserved
[162.801s][info][gc,ref      ] GC(298) Soft: 197 encountered, 0 discovered, 0 enqueued
[162.801s][info][gc,ref      ] GC(298) Weak: 695 encountered, 187 discovered, 0 enqueued
[162.801s][info][gc,ref      ] GC(298) Final: 0 encountered, 0 discovered, 0 enqueued
[162.801s][info][gc,ref      ] GC(298) Phantom: 36 encountered, 21 discovered, 0 enqueued
[162.801s][info][gc,reloc    ] GC(298) Small Pages: 1176 / 2352M, Empty: 2230M, Relocated: 1M, In-Place: 0
[162.801s][info][gc,reloc    ] GC(298) Medium Pages: 12 / 384M, Empty: 352M, Relocated: 0M, In-Place: 0
[162.801s][info][gc,reloc    ] GC(298) Large Pages: 1 / 6M, Empty: 0M, Relocated: 0M, In-Place: 0
[162.801s][info][gc,reloc    ] GC(298) Forwarding Usage: 0M
[162.801s][info][gc,heap     ] GC(298) Min Capacity: 4096M(100%)
[162.801s][info][gc,heap     ] GC(298) Max Capacity: 4096M(100%)
[162.801s][info][gc,heap     ] GC(298) Soft Max Capacity: 4096M(100%)
[162.801s][info][gc,heap     ] GC(298)                Mark Start          Mark End        Relocate Start      Relocate End           High               Low         
[162.801s][info][gc,heap     ] GC(298)  Capacity:     4096M (100%)       4096M (100%)       4096M (100%)       4096M (100%)       4096M (100%)       4096M (100%)   
[162.801s][info][gc,heap     ] GC(298)      Free:     1354M (33%)         406M (10%)        2946M (72%)        2976M (73%)        2976M (73%)         396M (10%)    
[162.801s][info][gc,heap     ] GC(298)      Used:     2742M (67%)        3690M (90%)        1150M (28%)        1120M (27%)        3700M (90%)        1120M (27%)    
[162.801s][info][gc,heap     ] GC(298)      Live:         -                99M (2%)           99M (2%)           99M (2%)             -                  -          
[162.801s][info][gc,heap     ] GC(298) Allocated:         -               948M (23%)         990M (24%)         989M (24%)            -                  -          
[162.801s][info][gc,heap     ] GC(298)   Garbage:         -              2642M (65%)          60M (1%)           30M (1%)             -                  -          
[162.801s][info][gc,heap     ] GC(298) Reclaimed:         -                  -              2582M (63%)        2611M (64%)            -                  -          
[162.801s][info][gc          ] GC(298) Garbage Collection (Allocation Rate) 2742M(67%)->1120M(27%)
[163.077s][info][gc,start    ] GC(299) Garbage Collection (Allocation Rate)
[163.077s][info][gc,task     ] GC(299) Using 1 workers
[163.077s][info][gc,phases   ] GC(299) Pause Mark Start 0.009ms
[163.258s][info][gc,phases   ] GC(299) Concurrent Mark 180.542ms
[163.258s][info][gc,phases   ] GC(299) Pause Mark End 0.012ms
[163.258s][info][gc,phases   ] GC(299) Concurrent Mark Free 0.002ms
[163.260s][info][gc,phases   ] GC(299) Concurrent Process Non-Strong References 2.230ms
[163.260s][info][gc,phases   ] GC(299) Concurrent Reset Relocation Set 0.002ms
[163.262s][info][gc,phases   ] GC(299) Concurrent Select Relocation Set 1.631ms
[163.262s][info][gc,phases   ] GC(299) Pause Relocate Start 0.005ms
[163.263s][info][gc,phases   ] GC(299) Concurrent Relocate 0.688ms
[163.263s][info][gc,load     ] GC(299) Load: 0.00/0.00/0.00
[163.263s][info][gc,mmu      ] GC(299) MMU: 2ms/96.2%, 5ms/98.5%, 10ms/99.0%, 20ms/99.5%, 50ms/99.8%, 100ms/99.9%
[163.263s][info][gc,marking  ] GC(299) Mark: 1 stripe(s), 2 proactive flush(es), 1 terminate flush(es), 0 completion(s), 0 continuation(s) 
[163.263s][info][gc,marking  ] GC(299) Mark Stack Usage: 32M
[163.263s][info][gc,nmethod  ] GC(299) NMethods: 1431 registered, 8 unregistered
[163.263s][info][gc,metaspace] GC(299) Metaspace: 11M used, 11M committed, 1088M reserved
[163.263s][info][gc,ref      ] GC(299) Soft: 197 encountered, 0 discovered, 0 enqueued
[163.263s][info][gc,ref      ] GC(299) Weak: 695 encountered, 187 discovered, 0 enqueued
[163.263s][info][gc,ref      ] GC(299) Final: 0 encountered, 0 discovered, 0 enqueued
[163.263s][info][gc,ref      ] GC(299) Phantom: 36 encountered, 21 discovered, 0 enqueued
[163.263s][info][gc,reloc    ] GC(299) Small Pages: 997 / 1994M, Empty: 1880M, Relocated: 1M, In-Place: 0
[163.263s][info][gc,reloc    ] GC(299) Medium Pages: 11 / 352M, Empty: 320M, Relocated: 0M, In-Place: 0
[163.263s][info][gc,reloc    ] GC(299) Large Pages: 1 / 6M, Empty: 0M, Relocated: 0M, In-Place: 0
[163.263s][info][gc,reloc    ] GC(299) Forwarding Usage: 0M
[163.263s][info][gc,heap     ] GC(299) Min Capacity: 4096M(100%)
[163.263s][info][gc,heap     ] GC(299) Max Capacity: 4096M(100%)
[163.263s][info][gc,heap     ] GC(299) Soft Max Capacity: 4096M(100%)
[163.263s][info][gc,heap     ] GC(299)                Mark Start          Mark End        Relocate Start      Relocate End           High               Low         
[163.263s][info][gc,heap     ] GC(299)  Capacity:     4096M (100%)       4096M (100%)       4096M (100%)       4096M (100%)       4096M (100%)       4096M (100%)   
[163.263s][info][gc,heap     ] GC(299)      Free:     1744M (43%)        1540M (38%)        3740M (91%)        3762M (92%)        3762M (92%)        1540M (38%)    
[163.263s][info][gc,heap     ] GC(299)      Used:     2352M (57%)        2556M (62%)         356M (9%)          334M (8%)         2556M (62%)         334M (8%)     
[163.263s][info][gc,heap     ] GC(299)      Live:         -                99M (2%)           99M (2%)           99M (2%)             -                  -          
[163.263s][info][gc,heap     ] GC(299) Allocated:         -               204M (5%)          204M (5%)          204M (5%)             -                  -          
[163.263s][info][gc,heap     ] GC(299)   Garbage:         -              2252M (55%)          52M (1%)           30M (1%)             -                  -          
[163.263s][info][gc,heap     ] GC(299) Reclaimed:         -                  -              2200M (54%)        2222M (54%)            -                  -          
[163.263s][info][gc          ] GC(299) Garbage Collection (Allocation Rate) 2352M(57%)->334M(8%)
[163.263s][info][gc,start    ] GC(300) Garbage Collection (System.gc())
[163.263s][info][gc,task     ] GC(300) Using 2 workers
[163.263s][info][gc,phases   ] GC(300) Pause Mark Start 0.004ms
[163.329s][info][gc,phases   ] GC(300) Concurrent Mark 65.938ms
[163.329s][info][gc,phases   ] GC(300) Pause Mark End 0.023ms
[163.329s][info][gc,phases   ] GC(300) Concurrent Mark Free 0.002ms
[163.331s][info][gc,phases   ] GC(300) Concurrent Process Non-Strong References 2.182ms
[163.331s][info][gc,phases   ] GC(300) Concurrent Reset Relocation Set 0.001ms
[163.333s][info][gc,phases   ] GC(300) Concurrent Select Relocation Set 1.919ms
[163.333s][info][gc,phases   ] GC(300) Pause Relocate Start 0.004ms
[163.335s][info][gc,phases   ] GC(300) Concurrent Relocate 1.596ms
[163.335s][info][gc,load     ] GC(300) Load: 0.00/0.00/0.00
[163.335s][info][gc,mmu      ] GC(300) MMU: 2ms/96.2%, 5ms/98.5%, 10ms/99.0%, 20ms/99.5%, 50ms/99.8%, 100ms/99.9%
[163.335s][info][gc,marking  ] GC(300) Mark: 2 stripe(s), 1 proactive flush(es), 1 terminate flush(es), 0 completion(s), 0 continuation(s) 
[163.335s][info][gc,marking  ] GC(300) Mark Stack Usage: 32M
[163.335s][info][gc,nmethod  ] GC(300) NMethods: 1431 registered, 8 unregistered
[163.335s][info][gc,metaspace] GC(300) Metaspace: 11M used, 11M committed, 1088M reserved
[163.335s][info][gc,ref      ] GC(300) Soft: 197 encountered, 0 discovered, 0 enqueued
[163.335s][info][gc,ref      ] GC(300) Weak: 695 encountered, 5 discovered, 0 enqueued
[163.335s][info][gc,ref      ] GC(300) Final: 0 encountered, 0 discovered, 0 enqueued
[163.335s][info][gc,ref      ] GC(300) Phantom: 36 encountered, 16 discovered, 0 enqueued
[163.335s][info][gc,reloc    ] GC(300) Small Pages: 132 / 264M, Empty: 170M, Relocated: 1M, In-Place: 0
[163.335s][info][gc,reloc    ] GC(300) Medium Pages: 2 / 64M, Empty: 64M, Relocated: 0M, In-Place: 0
[163.335s][info][gc,reloc    ] GC(300) Large Pages: 1 / 6M, Empty: 0M, Relocated: 0M, In-Place: 0
[163.335s][info][gc,reloc    ] GC(300) Forwarding Usage: 0M
[163.335s][info][gc,heap     ] GC(300) Min Capacity: 4096M(100%)
[163.335s][info][gc,heap     ] GC(300) Max Capacity: 4096M(100%)
[163.335s][info][gc,heap     ] GC(300) Soft Max Capacity: 4096M(100%)
[163.335s][info][gc,heap     ] GC(300)                Mark Start          Mark End        Relocate Start      Relocate End           High               Low         
[163.336s][info][gc,heap     ] GC(300)  Capacity:     4096M (100%)       4096M (100%)       4096M (100%)       4096M (100%)       4096M (100%)       4096M (100%)   
[163.336s][info][gc,heap     ] GC(300)      Free:     3762M (92%)        3762M (92%)        3996M (98%)        3996M (98%)        3996M (98%)        3762M (92%)    
[163.336s][info][gc,heap     ] GC(300)      Used:      334M (8%)          334M (8%)          100M (2%)          100M (2%)          334M (8%)          100M (2%)     
[163.336s][info][gc,heap     ] GC(300)      Live:         -                95M (2%)           95M (2%)           95M (2%)             -                  -          
[163.336s][info][gc,heap     ] GC(300) Allocated:         -                 0M (0%)            0M (0%)            0M (0%)             -                  -          
[163.336s][info][gc,heap     ] GC(300)   Garbage:         -               238M (6%)            4M (0%)            4M (0%)             -                  -          
[163.336s][info][gc,heap     ] GC(300) Reclaimed:         -                  -               234M (6%)          234M (6%)             -                  -          
[163.336s][info][gc          ] GC(300) Garbage Collection (System.gc()) 334M(8%)->100M(2%)
[163.784s][info][gc,start    ] GC(301) Garbage Collection (Allocation Rate)
[163.784s][info][gc,task     ] GC(301) Using 1 workers
[163.785s][info][gc,phases   ] GC(301) Pause Mark Start 0.010ms
[163.957s][info][gc,phases   ] GC(301) Concurrent Mark 172.703ms
[163.958s][info][gc,phases   ] GC(301) Pause Mark End 0.018ms
[163.958s][info][gc,phases   ] GC(301) Concurrent Mark Free 0.002ms
[163.963s][info][gc,phases   ] GC(301) Concurrent Process Non-Strong References 5.551ms
[163.963s][info][gc,phases   ] GC(301) Concurrent Reset Relocation Set 0.001ms
[163.966s][info][gc,phases   ] GC(301) Concurrent Select Relocation Set 2.264ms
[163.966s][info][gc,phases   ] GC(301) Pause Relocate Start 0.012ms
[163.970s][info][gc,phases   ] GC(301) Concurrent Relocate 4.307ms
[163.970s][info][gc,load     ] GC(301) Load: 0.00/0.00/0.00
[163.970s][info][gc,mmu      ] GC(301) MMU: 2ms/96.2%, 5ms/98.5%, 10ms/99.0%, 20ms/99.5%, 50ms/99.8%, 100ms/99.9%
[163.970s][info][gc,marking  ] GC(301) Mark: 1 stripe(s), 2 proactive flush(es), 1 terminate flush(es), 0 completion(s), 0 continuation(s) 
[163.970s][info][gc,marking  ] GC(301) Mark Stack Usage: 32M
[163.970s][info][gc,nmethod  ] GC(301) NMethods: 1437 registered, 8 unregistered
[163.970s][info][gc,metaspace] GC(301) Metaspace: 11M used, 11M committed, 1088M reserved
[163.970s][info][gc,ref      ] GC(301) Soft: 197 encountered, 0 discovered, 0 enqueued
[163.970s][info][gc,ref      ] GC(301) Weak: 695 encountered, 187 discovered, 0 enqueued
[163.970s][info][gc,ref      ] GC(301) Final: 0 encountered, 0 discovered, 0 enqueued
[163.970s][info][gc,ref      ] GC(301) Phantom: 36 encountered, 21 discovered, 0 enqueued
[163.970s][info][gc,reloc    ] GC(301) Small Pages: 939 / 1878M, Empty: 1732M, Relocated: 5M, In-Place: 0
[163.970s][info][gc,reloc    ] GC(301) Medium Pages: 9 / 288M, Empty: 288M, Relocated: 0M, In-Place: 0
[163.970s][info][gc,reloc    ] GC(301) Large Pages: 1 / 6M, Empty: 0M, Relocated: 0M, In-Place: 0
[163.970s][info][gc,reloc    ] GC(301) Forwarding Usage: 1M
[163.970s][info][gc,heap     ] GC(301) Min Capacity: 4096M(100%)
[163.970s][info][gc,heap     ] GC(301) Max Capacity: 4096M(100%)
[163.970s][info][gc,heap     ] GC(301) Soft Max Capacity: 4096M(100%)
[163.970s][info][gc,heap     ] GC(301)                Mark Start          Mark End        Relocate Start      Relocate End           High               Low         
[163.971s][info][gc,heap     ] GC(301)  Capacity:     4096M (100%)       4096M (100%)       4096M (100%)       4096M (100%)       4096M (100%)       4096M (100%)   
[163.971s][info][gc,heap     ] GC(301)      Free:     1924M (47%)        1176M (29%)        3192M (78%)        3234M (79%)        3242M (79%)        1172M (29%)    
[163.971s][info][gc,heap     ] GC(301)      Used:     2172M (53%)        2920M (71%)         904M (22%)         862M (21%)        2924M (71%)         854M (21%)    
[163.971s][info][gc,heap     ] GC(301)      Live:         -                98M (2%)           98M (2%)           98M (2%)             -                  -          
[163.971s][info][gc,heap     ] GC(301) Allocated:         -               748M (18%)         752M (18%)         761M (19%)            -                  -          
[163.971s][info][gc,heap     ] GC(301)   Garbage:         -              2073M (51%)          53M (1%)            1M (0%)             -                  -          
[163.971s][info][gc,heap     ] GC(301) Reclaimed:         -                  -              2020M (49%)        2071M (51%)            -                  -          
[163.971s][info][gc          ] GC(301) Garbage Collection (Allocation Rate) 2172M(53%)->862M(21%)
[164.381s][info][gc,start    ] GC(302) Garbage Collection (Allocation Rate)
[164.381s][info][gc,task     ] GC(302) Using 2 workers
[164.381s][info][gc,phases   ] GC(302) Pause Mark Start 0.009ms
[164.460s][info][gc,phases   ] GC(302) Concurrent Mark 78.237ms
[164.460s][info][gc,phases   ] GC(302) Pause Mark End 0.024ms
[164.460s][info][gc,phases   ] GC(302) Concurrent Mark Free 0.002ms
[164.462s][info][gc,phases   ] GC(302) Concurrent Process Non-Strong References 1.899ms
[164.462s][info][gc,phases   ] GC(302) Concurrent Reset Relocation Set 0.003ms
[164.465s][info][gc,phases   ] GC(302) Concurrent Select Relocation Set 2.719ms
[164.465s][info][gc,phases   ] GC(302) Pause Relocate Start 0.009ms
[164.465s][info][gc,phases   ] GC(302) Concurrent Relocate 0.211ms
[164.465s][info][gc,load     ] GC(302) Load: 0.00/0.00/0.00
[164.465s][info][gc,mmu      ] GC(302) MMU: 2ms/96.2%, 5ms/98.5%, 10ms/99.0%, 20ms/99.5%, 50ms/99.8%, 100ms/99.9%
[164.465s][info][gc,marking  ] GC(302) Mark: 2 stripe(s), 2 proactive flush(es), 1 terminate flush(es), 0 completion(s), 0 continuation(s) 
[164.465s][info][gc,marking  ] GC(302) Mark Stack Usage: 32M
[164.465s][info][gc,nmethod  ] GC(302) NMethods: 1437 registered, 8 unregistered
[164.465s][info][gc,metaspace] GC(302) Metaspace: 11M used, 11M committed, 1088M reserved
[164.465s][info][gc,ref      ] GC(302) Soft: 197 encountered, 0 discovered, 0 enqueued
[164.465s][info][gc,ref      ] GC(302) Weak: 695 encountered, 385 discovered, 0 enqueued
[164.465s][info][gc,ref      ] GC(302) Final: 0 encountered, 0 discovered, 0 enqueued
[164.465s][info][gc,ref      ] GC(302) Phantom: 36 encountered, 21 discovered, 0 enqueued
[164.465s][info][gc,reloc    ] GC(302) Small Pages: 1192 / 2384M, Empty: 2244M, Relocated: 1M, In-Place: 0
[164.465s][info][gc,reloc    ] GC(302) Medium Pages: 12 / 384M, Empty: 384M, Relocated: 0M, In-Place: 0
[164.465s][info][gc,reloc    ] GC(302) Large Pages: 1 / 6M, Empty: 0M, Relocated: 0M, In-Place: 0
[164.465s][info][gc,reloc    ] GC(302) Forwarding Usage: 0M
[164.465s][info][gc,heap     ] GC(302) Min Capacity: 4096M(100%)
[164.465s][info][gc,heap     ] GC(302) Max Capacity: 4096M(100%)
[164.465s][info][gc,heap     ] GC(302) Soft Max Capacity: 4096M(100%)
[164.465s][info][gc,heap     ] GC(302)                Mark Start          Mark End        Relocate Start      Relocate End           High               Low         
[164.465s][info][gc,heap     ] GC(302)  Capacity:     4096M (100%)       4096M (100%)       4096M (100%)       4096M (100%)       4096M (100%)       4096M (100%)   
[164.465s][info][gc,heap     ] GC(302)      Free:     1322M (32%)        1056M (26%)        3652M (89%)        3696M (90%)        3696M (90%)        1024M (25%)    
[164.465s][info][gc,heap     ] GC(302)      Used:     2774M (68%)        3040M (74%)         444M (11%)         400M (10%)        3072M (75%)         400M (10%)    
[164.465s][info][gc,heap     ] GC(302)      Live:         -                97M (2%)           97M (2%)           97M (2%)             -                  -          
[164.465s][info][gc,heap     ] GC(302) Allocated:         -               266M (6%)          298M (7%)          297M (7%)             -                  -          
[164.465s][info][gc,heap     ] GC(302)   Garbage:         -              2676M (65%)          48M (1%)            4M (0%)             -                  -          
[164.465s][info][gc,heap     ] GC(302) Reclaimed:         -                  -              2628M (64%)        2671M (65%)            -                  -          
[164.465s][info][gc          ] GC(302) Garbage Collection (Allocation Rate) 2774M(68%)->400M(10%)
[164.883s][info][gc,start    ] GC(303) Garbage Collection (Allocation Rate)
[164.883s][info][gc,task     ] GC(303) Using 1 workers
[164.884s][info][gc,phases   ] GC(303) Pause Mark Start 0.008ms
[165.011s][info][gc,phases   ] GC(303) Concurrent Mark 127.795ms
[165.012s][info][gc,phases   ] GC(303) Pause Mark End 0.016ms
[165.012s][info][gc,phases   ] GC(303) Concurrent Mark Free 0.001ms
[165.015s][info][gc,phases   ] GC(303) Concurrent Process Non-Strong References 3.675ms
[165.015s][info][gc,phases   ] GC(303) Concurrent Reset Relocation Set 0.004ms
[165.018s][info][gc,phases   ] GC(303) Concurrent Select Relocation Set 2.508ms
[165.018s][info][gc,phases   ] GC(303) Pause Relocate Start 0.015ms
[165.019s][info][gc,phases   ] GC(303) Concurrent Relocate 1.023ms
[165.019s][info][gc,load     ] GC(303) Load: 0.00/0.00/0.00
[165.019s][info][gc,mmu      ] GC(303) MMU: 2ms/96.2%, 5ms/98.5%, 10ms/99.0%, 20ms/99.5%, 50ms/99.8%, 100ms/99.9%
[165.019s][info][gc,marking  ] GC(303) Mark: 1 stripe(s), 2 proactive flush(es), 1 terminate flush(es), 0 completion(s), 0 continuation(s) 
[165.019s][info][gc,marking  ] GC(303) Mark Stack Usage: 32M
[165.019s][info][gc,nmethod  ] GC(303) NMethods: 1437 registered, 8 unregistered
[165.019s][info][gc,metaspace] GC(303) Metaspace: 11M used, 11M committed, 1088M reserved
[165.019s][info][gc,ref      ] GC(303) Soft: 197 encountered, 0 discovered, 0 enqueued
[165.019s][info][gc,ref      ] GC(303) Weak: 695 encountered, 187 discovered, 0 enqueued
[165.019s][info][gc,ref      ] GC(303) Final: 0 encountered, 0 discovered, 0 enqueued
[165.019s][info][gc,ref      ] GC(303) Phantom: 36 encountered, 21 discovered, 0 enqueued
[165.019s][info][gc,reloc    ] GC(303) Small Pages: 988 / 1976M, Empty: 1850M, Relocated: 1M, In-Place: 0
[165.019s][info][gc,reloc    ] GC(303) Medium Pages: 10 / 320M, Empty: 320M, Relocated: 0M, In-Place: 0
[165.019s][info][gc,reloc    ] GC(303) Large Pages: 1 / 6M, Empty: 0M, Relocated: 0M, In-Place: 0
[165.019s][info][gc,reloc    ] GC(303) Forwarding Usage: 0M
[165.019s][info][gc,heap     ] GC(303) Min Capacity: 4096M(100%)
[165.019s][info][gc,heap     ] GC(303) Max Capacity: 4096M(100%)
[165.019s][info][gc,heap     ] GC(303) Soft Max Capacity: 4096M(100%)
[165.019s][info][gc,heap     ] GC(303)                Mark Start          Mark End        Relocate Start      Relocate End           High               Low         
[165.019s][info][gc,heap     ] GC(303)  Capacity:     4096M (100%)       4096M (100%)       4096M (100%)       4096M (100%)       4096M (100%)       4096M (100%)   
[165.019s][info][gc,heap     ] GC(303)      Free:     1794M (44%)        1218M (30%)        3368M (82%)        3402M (83%)        3402M (83%)        1200M (29%)    
[165.019s][info][gc,heap     ] GC(303)      Used:     2302M (56%)        2878M (70%)         728M (18%)         694M (17%)        2896M (71%)         694M (17%)    
[165.019s][info][gc,heap     ] GC(303)      Live:         -                95M (2%)           95M (2%)           95M (2%)             -                  -          
[165.019s][info][gc,heap     ] GC(303) Allocated:         -               576M (14%)         596M (15%)         595M (15%)            -                  -          
[165.019s][info][gc,heap     ] GC(303)   Garbage:         -              2206M (54%)          36M (1%)            2M (0%)             -                  -          
[165.019s][info][gc,heap     ] GC(303) Reclaimed:         -                  -              2170M (53%)        2203M (54%)            -                  -          
[165.019s][info][gc          ] GC(303) Garbage Collection (Allocation Rate) 2302M(56%)->694M(17%)
[165.480s][info][gc,start    ] GC(304) Garbage Collection (Allocation Rate)
[165.480s][info][gc,task     ] GC(304) Using 1 workers
[165.480s][info][gc,phases   ] GC(304) Pause Mark Start 0.016ms
[165.633s][info][gc,phases   ] GC(304) Concurrent Mark 152.255ms
[165.633s][info][gc,phases   ] GC(304) Pause Mark End 0.021ms
[165.633s][info][gc,phases   ] GC(304) Concurrent Mark Free 0.002ms
[165.637s][info][gc,phases   ] GC(304) Concurrent Process Non-Strong References 3.436ms
[165.637s][info][gc,phases   ] GC(304) Concurrent Reset Relocation Set 0.002ms
[165.639s][info][gc,phases   ] GC(304) Concurrent Select Relocation Set 2.405ms
[165.639s][info][gc,phases   ] GC(304) Pause Relocate Start 0.009ms
[165.644s][info][gc,phases   ] GC(304) Concurrent Relocate 4.513ms
[165.644s][info][gc,load     ] GC(304) Load: 0.00/0.00/0.00
[165.644s][info][gc,mmu      ] GC(304) MMU: 2ms/96.2%, 5ms/98.5%, 10ms/99.0%, 20ms/99.5%, 50ms/99.8%, 100ms/99.9%
[165.644s][info][gc,marking  ] GC(304) Mark: 1 stripe(s), 2 proactive flush(es), 1 terminate flush(es), 0 completion(s), 0 continuation(s) 
[165.644s][info][gc,marking  ] GC(304) Mark Stack Usage: 32M
[165.644s][info][gc,nmethod  ] GC(304) NMethods: 1437 registered, 8 unregistered
[165.644s][info][gc,metaspace] GC(304) Metaspace: 11M used, 11M committed, 1088M reserved
[165.644s][info][gc,ref      ] GC(304) Soft: 197 encountered, 0 discovered, 0 enqueued
[165.644s][info][gc,ref      ] GC(304) Weak: 695 encountered, 554 discovered, 0 enqueued
[165.644s][info][gc,ref      ] GC(304) Final: 0 encountered, 0 discovered, 0 enqueued
[165.644s][info][gc,ref      ] GC(304) Phantom: 36 encountered, 17 discovered, 0 enqueued
[165.644s][info][gc,reloc    ] GC(304) Small Pages: 1203 / 2406M, Empty: 2294M, Relocated: 3M, In-Place: 0
[165.644s][info][gc,reloc    ] GC(304) Medium Pages: 12 / 384M, Empty: 352M, Relocated: 0M, In-Place: 0
[165.644s][info][gc,reloc    ] GC(304) Large Pages: 1 / 6M, Empty: 0M, Relocated: 0M, In-Place: 0
[165.644s][info][gc,reloc    ] GC(304) Forwarding Usage: 1M
[165.644s][info][gc,heap     ] GC(304) Min Capacity: 4096M(100%)
[165.644s][info][gc,heap     ] GC(304) Max Capacity: 4096M(100%)
[165.644s][info][gc,heap     ] GC(304) Soft Max Capacity: 4096M(100%)
[165.644s][info][gc,heap     ] GC(304)                Mark Start          Mark End        Relocate Start      Relocate End           High               Low         
[165.644s][info][gc,heap     ] GC(304)  Capacity:     4096M (100%)       4096M (100%)       4096M (100%)       4096M (100%)       4096M (100%)       4096M (100%)   
[165.644s][info][gc,heap     ] GC(304)      Free:     1300M (32%)         702M (17%)        3346M (82%)        3348M (82%)        3364M (82%)         702M (17%)    
[165.644s][info][gc,heap     ] GC(304)      Used:     2796M (68%)        3394M (83%)         750M (18%)         748M (18%)        3394M (83%)         732M (18%)    
[165.644s][info][gc,heap     ] GC(304)      Live:         -               101M (2%)          101M (2%)          101M (2%)             -                  -          
[165.644s][info][gc,heap     ] GC(304) Allocated:         -               598M (15%)         600M (15%)         617M (15%)            -                  -          
[165.644s][info][gc,heap     ] GC(304)   Garbage:         -              2694M (66%)          48M (1%)           28M (1%)             -                  -          
[165.644s][info][gc,heap     ] GC(304) Reclaimed:         -                  -              2646M (65%)        2665M (65%)            -                  -          
[165.644s][info][gc          ] GC(304) Garbage Collection (Allocation Rate) 2796M(68%)->748M(18%)
[166.077s][info][gc,start    ] GC(305) Garbage Collection (Allocation Rate)
[166.077s][info][gc,task     ] GC(305) Using 1 workers
[166.077s][info][gc,phases   ] GC(305) Pause Mark Start 0.008ms
[166.246s][info][gc,phases   ] GC(305) Concurrent Mark 169.580ms
[166.247s][info][gc,phases   ] GC(305) Pause Mark End 0.023ms
[166.247s][info][gc,phases   ] GC(305) Concurrent Mark Free 0.002ms
[166.251s][info][gc,phases   ] GC(305) Concurrent Process Non-Strong References 4.159ms
[166.251s][info][gc,phases   ] GC(305) Concurrent Reset Relocation Set 0.003ms
[166.254s][info][gc,phases   ] GC(305) Concurrent Select Relocation Set 2.979ms
[166.254s][info][gc,phases   ] GC(305) Pause Relocate Start 0.012ms
[166.257s][info][gc,phases   ] GC(305) Concurrent Relocate 3.091ms
[166.257s][info][gc,load     ] GC(305) Load: 0.00/0.00/0.00
[166.257s][info][gc,mmu      ] GC(305) MMU: 2ms/96.2%, 5ms/98.5%, 10ms/99.0%, 20ms/99.5%, 50ms/99.8%, 100ms/99.9%
[166.257s][info][gc,marking  ] GC(305) Mark: 1 stripe(s), 2 proactive flush(es), 1 terminate flush(es), 0 completion(s), 0 continuation(s) 
[166.257s][info][gc,marking  ] GC(305) Mark Stack Usage: 32M
[166.257s][info][gc,nmethod  ] GC(305) NMethods: 1436 registered, 9 unregistered
[166.257s][info][gc,metaspace] GC(305) Metaspace: 11M used, 11M committed, 1088M reserved
[166.257s][info][gc,ref      ] GC(305) Soft: 197 encountered, 0 discovered, 0 enqueued
[166.257s][info][gc,ref      ] GC(305) Weak: 695 encountered, 187 discovered, 0 enqueued
[166.257s][info][gc,ref      ] GC(305) Final: 0 encountered, 0 discovered, 0 enqueued
[166.257s][info][gc,ref      ] GC(305) Phantom: 36 encountered, 21 discovered, 0 enqueued
[166.257s][info][gc,reloc    ] GC(305) Small Pages: 1182 / 2364M, Empty: 2212M, Relocated: 4M, In-Place: 0
[166.257s][info][gc,reloc    ] GC(305) Medium Pages: 13 / 416M, Empty: 416M, Relocated: 0M, In-Place: 0
[166.257s][info][gc,reloc    ] GC(305) Large Pages: 1 / 6M, Empty: 0M, Relocated: 0M, In-Place: 0
[166.257s][info][gc,reloc    ] GC(305) Forwarding Usage: 1M
[166.257s][info][gc,heap     ] GC(305) Min Capacity: 4096M(100%)
[166.257s][info][gc,heap     ] GC(305) Max Capacity: 4096M(100%)
[166.257s][info][gc,heap     ] GC(305) Soft Max Capacity: 4096M(100%)
[166.257s][info][gc,heap     ] GC(305)                Mark Start          Mark End        Relocate Start      Relocate End           High               Low         
[166.258s][info][gc,heap     ] GC(305)  Capacity:     4096M (100%)       4096M (100%)       4096M (100%)       4096M (100%)       4096M (100%)       4096M (100%)   
[166.258s][info][gc,heap     ] GC(305)      Free:     1310M (32%)         610M (15%)        3184M (78%)        3242M (79%)        3242M (79%)         558M (14%)    
[166.258s][info][gc,heap     ] GC(305)      Used:     2786M (68%)        3486M (85%)         912M (22%)         854M (21%)        3538M (86%)         854M (21%)    
[166.258s][info][gc,heap     ] GC(305)      Live:         -                98M (2%)           98M (2%)           98M (2%)             -                  -          
[166.258s][info][gc,heap     ] GC(305) Allocated:         -               700M (17%)         754M (18%)         753M (18%)            -                  -          
[166.258s][info][gc,heap     ] GC(305)   Garbage:         -              2687M (66%)          59M (1%)            1M (0%)             -                  -          
[166.258s][info][gc,heap     ] GC(305) Reclaimed:         -                  -              2628M (64%)        2685M (66%)            -                  -          
[166.258s][info][gc          ] GC(305) Garbage Collection (Allocation Rate) 2786M(68%)->854M(21%)
[166.673s][info][gc,start    ] GC(306) Garbage Collection (Allocation Rate)
[166.673s][info][gc,task     ] GC(306) Using 1 workers
[166.674s][info][gc,phases   ] GC(306) Pause Mark Start 0.013ms
[166.827s][info][gc,phases   ] GC(306) Concurrent Mark 153.526ms
[166.827s][info][gc,phases   ] GC(306) Pause Mark End 0.014ms
[166.827s][info][gc,phases   ] GC(306) Concurrent Mark Free 0.001ms
[166.833s][info][gc,phases   ] GC(306) Concurrent Process Non-Strong References 5.903ms
[166.833s][info][gc,phases   ] GC(306) Concurrent Reset Relocation Set 0.008ms
[166.838s][info][gc,phases   ] GC(306) Concurrent Select Relocation Set 4.173ms
[166.838s][info][gc,phases   ] GC(306) Pause Relocate Start 0.011ms
[166.839s][info][gc,phases   ] GC(306) Concurrent Relocate 0.977ms
[166.839s][info][gc,load     ] GC(306) Load: 0.00/0.00/0.00
[166.839s][info][gc,mmu      ] GC(306) MMU: 2ms/96.2%, 5ms/98.5%, 10ms/99.0%, 20ms/99.5%, 50ms/99.8%, 100ms/99.9%
[166.839s][info][gc,marking  ] GC(306) Mark: 1 stripe(s), 2 proactive flush(es), 1 terminate flush(es), 0 completion(s), 0 continuation(s) 
[166.839s][info][gc,marking  ] GC(306) Mark Stack Usage: 32M
[166.839s][info][gc,nmethod  ] GC(306) NMethods: 1436 registered, 9 unregistered
[166.839s][info][gc,metaspace] GC(306) Metaspace: 11M used, 11M committed, 1088M reserved
[166.839s][info][gc,ref      ] GC(306) Soft: 197 encountered, 0 discovered, 0 enqueued
[166.839s][info][gc,ref      ] GC(306) Weak: 695 encountered, 554 discovered, 0 enqueued
[166.839s][info][gc,ref      ] GC(306) Final: 0 encountered, 0 discovered, 0 enqueued
[166.839s][info][gc,ref      ] GC(306) Phantom: 36 encountered, 17 discovered, 0 enqueued
[166.839s][info][gc,reloc    ] GC(306) Small Pages: 1186 / 2372M, Empty: 2242M, Relocated: 1M, In-Place: 0
[166.839s][info][gc,reloc    ] GC(306) Medium Pages: 12 / 384M, Empty: 352M, Relocated: 0M, In-Place: 0
[166.839s][info][gc,reloc    ] GC(306) Large Pages: 1 / 6M, Empty: 0M, Relocated: 0M, In-Place: 0
[166.839s][info][gc,reloc    ] GC(306) Forwarding Usage: 0M
[166.839s][info][gc,heap     ] GC(306) Min Capacity: 4096M(100%)
[166.839s][info][gc,heap     ] GC(306) Max Capacity: 4096M(100%)
[166.839s][info][gc,heap     ] GC(306) Soft Max Capacity: 4096M(100%)
[166.839s][info][gc,heap     ] GC(306)                Mark Start          Mark End        Relocate Start      Relocate End           High               Low         
[166.839s][info][gc,heap     ] GC(306)  Capacity:     4096M (100%)       4096M (100%)       4096M (100%)       4096M (100%)       4096M (100%)       4096M (100%)   
[166.839s][info][gc,heap     ] GC(306)      Free:     1334M (33%)         736M (18%)        3270M (80%)        3306M (81%)        3306M (81%)         702M (17%)    
[166.839s][info][gc,heap     ] GC(306)      Used:     2762M (67%)        3360M (82%)         826M (20%)         790M (19%)        3394M (83%)         790M (19%)    
[166.839s][info][gc,heap     ] GC(306)      Live:         -               101M (2%)          101M (2%)          101M (2%)             -                  -          
[166.839s][info][gc,heap     ] GC(306) Allocated:         -               598M (15%)         658M (16%)         659M (16%)            -                  -          
[166.839s][info][gc,heap     ] GC(306)   Garbage:         -              2660M (65%)          66M (2%)           28M (1%)             -                  -          
[166.839s][info][gc,heap     ] GC(306) Reclaimed:         -                  -              2594M (63%)        2631M (64%)            -                  -          
[166.839s][info][gc          ] GC(306) Garbage Collection (Allocation Rate) 2762M(67%)->790M(19%)
[167.285s][info][gc,start    ] GC(307) Garbage Collection (Allocation Rate)
[167.285s][info][gc,task     ] GC(307) Using 1 workers
[167.285s][info][gc,phases   ] GC(307) Pause Mark Start 0.006ms
[167.473s][info][gc,phases   ] GC(307) Concurrent Mark 187.618ms
[167.473s][info][gc,phases   ] GC(307) Pause Mark End 0.015ms
[167.473s][info][gc,phases   ] GC(307) Concurrent Mark Free 0.001ms
[167.476s][info][gc,phases   ] GC(307) Concurrent Process Non-Strong References 3.182ms
[167.477s][info][gc,phases   ] GC(307) Concurrent Reset Relocation Set 0.003ms
[167.481s][info][gc,phases   ] GC(307) Concurrent Select Relocation Set 4.248ms
[167.481s][info][gc,phases   ] GC(307) Pause Relocate Start 0.013ms
[167.482s][info][gc,phases   ] GC(307) Concurrent Relocate 1.295ms
[167.482s][info][gc,load     ] GC(307) Load: 0.00/0.00/0.00
[167.483s][info][gc,mmu      ] GC(307) MMU: 2ms/96.2%, 5ms/98.5%, 10ms/99.0%, 20ms/99.5%, 50ms/99.8%, 100ms/99.9%
[167.483s][info][gc,marking  ] GC(307) Mark: 1 stripe(s), 2 proactive flush(es), 1 terminate flush(es), 0 completion(s), 0 continuation(s) 
[167.483s][info][gc,marking  ] GC(307) Mark Stack Usage: 32M
[167.483s][info][gc,nmethod  ] GC(307) NMethods: 1436 registered, 9 unregistered
[167.483s][info][gc,metaspace] GC(307) Metaspace: 11M used, 11M committed, 1088M reserved
[167.483s][info][gc,ref      ] GC(307) Soft: 197 encountered, 0 discovered, 0 enqueued
[167.483s][info][gc,ref      ] GC(307) Weak: 695 encountered, 554 discovered, 0 enqueued
[167.483s][info][gc,ref      ] GC(307) Final: 0 encountered, 0 discovered, 0 enqueued
[167.483s][info][gc,ref      ] GC(307) Phantom: 36 encountered, 17 discovered, 0 enqueued
[167.483s][info][gc,reloc    ] GC(307) Small Pages: 1203 / 2406M, Empty: 2282M, Relocated: 0M, In-Place: 0
[167.483s][info][gc,reloc    ] GC(307) Medium Pages: 13 / 416M, Empty: 384M, Relocated: 0M, In-Place: 0
[167.483s][info][gc,reloc    ] GC(307) Large Pages: 1 / 6M, Empty: 0M, Relocated: 0M, In-Place: 0
[167.483s][info][gc,reloc    ] GC(307) Forwarding Usage: 0M
[167.483s][info][gc,heap     ] GC(307) Min Capacity: 4096M(100%)
[167.483s][info][gc,heap     ] GC(307) Max Capacity: 4096M(100%)
[167.483s][info][gc,heap     ] GC(307) Soft Max Capacity: 4096M(100%)
[167.483s][info][gc,heap     ] GC(307)                Mark Start          Mark End        Relocate Start      Relocate End           High               Low         
[167.483s][info][gc,heap     ] GC(307)  Capacity:     4096M (100%)       4096M (100%)       4096M (100%)       4096M (100%)       4096M (100%)       4096M (100%)   
[167.483s][info][gc,heap     ] GC(307)      Free:     1268M (31%)         474M (12%)        3110M (76%)        3142M (77%)        3142M (77%)         472M (12%)    
[167.483s][info][gc,heap     ] GC(307)      Used:     2828M (69%)        3622M (88%)         986M (24%)         954M (23%)        3624M (88%)         954M (23%)    
[167.483s][info][gc,heap     ] GC(307)      Live:         -                99M (2%)           99M (2%)           99M (2%)             -                  -          
[167.483s][info][gc,heap     ] GC(307) Allocated:         -               794M (19%)         824M (20%)         823M (20%)            -                  -          
[167.483s][info][gc,heap     ] GC(307)   Garbage:         -              2728M (67%)          62M (2%)           30M (1%)             -                  -          
[167.483s][info][gc,heap     ] GC(307) Reclaimed:         -                  -              2666M (65%)        2697M (66%)            -                  -          
[167.483s][info][gc          ] GC(307) Garbage Collection (Allocation Rate) 2828M(69%)->954M(23%)
[167.669s][info][gc,start    ] GC(308) Garbage Collection (System.gc())
[167.669s][info][gc,task     ] GC(308) Using 2 workers
[167.669s][info][gc,phases   ] GC(308) Pause Mark Start 0.008ms
[167.725s][info][gc,phases   ] GC(308) Concurrent Mark 56.667ms
[167.726s][info][gc,phases   ] GC(308) Pause Mark End 0.023ms
[167.726s][info][gc,phases   ] GC(308) Concurrent Mark Free 0.003ms
[167.727s][info][gc,phases   ] GC(308) Concurrent Process Non-Strong References 1.741ms
[167.727s][info][gc,phases   ] GC(308) Concurrent Reset Relocation Set 0.001ms
[167.729s][info][gc,phases   ] GC(308) Concurrent Select Relocation Set 1.691ms
[167.729s][info][gc,phases   ] GC(308) Pause Relocate Start 0.005ms
[167.730s][info][gc,phases   ] GC(308) Concurrent Relocate 0.857ms
[167.730s][info][gc,load     ] GC(308) Load: 0.00/0.00/0.00
[167.730s][info][gc,mmu      ] GC(308) MMU: 2ms/96.2%, 5ms/98.5%, 10ms/99.0%, 20ms/99.5%, 50ms/99.8%, 100ms/99.9%
[167.730s][info][gc,marking  ] GC(308) Mark: 2 stripe(s), 1 proactive flush(es), 1 terminate flush(es), 0 completion(s), 0 continuation(s) 
[167.730s][info][gc,marking  ] GC(308) Mark Stack Usage: 32M
[167.730s][info][gc,nmethod  ] GC(308) NMethods: 1436 registered, 9 unregistered
[167.730s][info][gc,metaspace] GC(308) Metaspace: 11M used, 11M committed, 1088M reserved
[167.730s][info][gc,ref      ] GC(308) Soft: 197 encountered, 0 discovered, 0 enqueued
[167.730s][info][gc,ref      ] GC(308) Weak: 695 encountered, 182 discovered, 0 enqueued
[167.730s][info][gc,ref      ] GC(308) Final: 0 encountered, 0 discovered, 0 enqueued
[167.730s][info][gc,ref      ] GC(308) Phantom: 36 encountered, 16 discovered, 0 enqueued
[167.730s][info][gc,reloc    ] GC(308) Small Pages: 750 / 1500M, Empty: 1402M, Relocated: 0M, In-Place: 0
[167.730s][info][gc,reloc    ] GC(308) Medium Pages: 9 / 288M, Empty: 288M, Relocated: 0M, In-Place: 0
[167.730s][info][gc,reloc    ] GC(308) Large Pages: 1 / 6M, Empty: 0M, Relocated: 0M, In-Place: 0
[167.730s][info][gc,reloc    ] GC(308) Forwarding Usage: 0M
[167.730s][info][gc,heap     ] GC(308) Min Capacity: 4096M(100%)
[167.730s][info][gc,heap     ] GC(308) Max Capacity: 4096M(100%)
[167.730s][info][gc,heap     ] GC(308) Soft Max Capacity: 4096M(100%)
[167.730s][info][gc,heap     ] GC(308)                Mark Start          Mark End        Relocate Start      Relocate End           High               Low         
[167.730s][info][gc,heap     ] GC(308)  Capacity:     4096M (100%)       4096M (100%)       4096M (100%)       4096M (100%)       4096M (100%)       4096M (100%)   
[167.730s][info][gc,heap     ] GC(308)      Free:     2302M (56%)        2302M (56%)        3992M (97%)        3996M (98%)        3996M (98%)        2302M (56%)    
[167.730s][info][gc,heap     ] GC(308)      Used:     1794M (44%)        1794M (44%)         104M (3%)          100M (2%)         1794M (44%)         100M (2%)     
[167.730s][info][gc,heap     ] GC(308)      Live:         -                95M (2%)           95M (2%)           95M (2%)             -                  -          
[167.730s][info][gc,heap     ] GC(308) Allocated:         -                 0M (0%)            0M (0%)            0M (0%)             -                  -          
[167.730s][info][gc,heap     ] GC(308)   Garbage:         -              1698M (41%)           8M (0%)            4M (0%)             -                  -          
[167.730s][info][gc,heap     ] GC(308) Reclaimed:         -                  -              1690M (41%)        1694M (41%)            -                  -          
[167.730s][info][gc          ] GC(308) Garbage Collection (System.gc()) 1794M(44%)->100M(2%)
[168.274s][info][gc,start    ] GC(309) Garbage Collection (Allocation Rate)
[168.275s][info][gc,task     ] GC(309) Using 1 workers
[168.275s][info][gc,phases   ] GC(309) Pause Mark Start 0.010ms
[168.404s][info][gc,phases   ] GC(309) Concurrent Mark 129.365ms
[168.404s][info][gc,phases   ] GC(309) Pause Mark End 0.014ms
[168.404s][info][gc,phases   ] GC(309) Concurrent Mark Free 0.001ms
[168.408s][info][gc,phases   ] GC(309) Concurrent Process Non-Strong References 3.800ms
[168.408s][info][gc,phases   ] GC(309) Concurrent Reset Relocation Set 0.001ms
[168.411s][info][gc,phases   ] GC(309) Concurrent Select Relocation Set 2.684ms
[168.411s][info][gc,phases   ] GC(309) Pause Relocate Start 0.008ms
[168.411s][info][gc,phases   ] GC(309) Concurrent Relocate 0.295ms
[168.411s][info][gc,load     ] GC(309) Load: 0.00/0.00/0.00
[168.412s][info][gc,mmu      ] GC(309) MMU: 2ms/96.2%, 5ms/98.5%, 10ms/99.0%, 20ms/99.5%, 50ms/99.8%, 100ms/99.9%
[168.412s][info][gc,marking  ] GC(309) Mark: 1 stripe(s), 2 proactive flush(es), 1 terminate flush(es), 0 completion(s), 0 continuation(s) 
[168.412s][info][gc,marking  ] GC(309) Mark Stack Usage: 32M
[168.412s][info][gc,nmethod  ] GC(309) NMethods: 1436 registered, 9 unregistered
[168.412s][info][gc,metaspace] GC(309) Metaspace: 11M used, 11M committed, 1088M reserved
[168.412s][info][gc,ref      ] GC(309) Soft: 197 encountered, 0 discovered, 0 enqueued
[168.412s][info][gc,ref      ] GC(309) Weak: 695 encountered, 554 discovered, 0 enqueued
[168.412s][info][gc,ref      ] GC(309) Final: 0 encountered, 0 discovered, 0 enqueued
[168.412s][info][gc,ref      ] GC(309) Phantom: 36 encountered, 17 discovered, 0 enqueued
[168.412s][info][gc,reloc    ] GC(309) Small Pages: 1134 / 2268M, Empty: 2146M, Relocated: 1M, In-Place: 0
[168.412s][info][gc,reloc    ] GC(309) Medium Pages: 11 / 352M, Empty: 352M, Relocated: 0M, In-Place: 0
[168.412s][info][gc,reloc    ] GC(309) Large Pages: 1 / 6M, Empty: 0M, Relocated: 0M, In-Place: 0
[168.412s][info][gc,reloc    ] GC(309) Forwarding Usage: 0M
[168.412s][info][gc,heap     ] GC(309) Min Capacity: 4096M(100%)
[168.412s][info][gc,heap     ] GC(309) Max Capacity: 4096M(100%)
[168.412s][info][gc,heap     ] GC(309) Soft Max Capacity: 4096M(100%)
[168.412s][info][gc,heap     ] GC(309)                Mark Start          Mark End        Relocate Start      Relocate End           High               Low         
[168.412s][info][gc,heap     ] GC(309)  Capacity:     4096M (100%)       4096M (100%)       4096M (100%)       4096M (100%)       4096M (100%)       4096M (100%)   
[168.412s][info][gc,heap     ] GC(309)      Free:     1470M (36%)         914M (22%)        3394M (83%)        3422M (84%)        3422M (84%)         896M (22%)    
[168.412s][info][gc,heap     ] GC(309)      Used:     2626M (64%)        3182M (78%)         702M (17%)         674M (16%)        3200M (78%)         674M (16%)    
[168.412s][info][gc,heap     ] GC(309)      Live:         -                97M (2%)           97M (2%)           97M (2%)             -                  -          
[168.412s][info][gc,heap     ] GC(309) Allocated:         -               556M (14%)         574M (14%)         573M (14%)            -                  -          
[168.412s][info][gc,heap     ] GC(309)   Garbage:         -              2528M (62%)          30M (1%)            2M (0%)             -                  -          
[168.412s][info][gc,heap     ] GC(309) Reclaimed:         -                  -              2498M (61%)        2525M (62%)            -                  -          
[168.412s][info][gc          ] GC(309) Garbage Collection (Allocation Rate) 2626M(64%)->674M(16%)
[168.887s][info][gc,start    ] GC(310) Garbage Collection (Allocation Rate)
[168.887s][info][gc,task     ] GC(310) Using 1 workers
[168.887s][info][gc,phases   ] GC(310) Pause Mark Start 0.010ms
[169.036s][info][gc,phases   ] GC(310) Concurrent Mark 149.254ms
[169.037s][info][gc,phases   ] GC(310) Pause Mark End 0.015ms
[169.037s][info][gc,phases   ] GC(310) Concurrent Mark Free 0.002ms
[169.044s][info][gc,phases   ] GC(310) Concurrent Process Non-Strong References 7.062ms
[169.044s][info][gc,phases   ] GC(310) Concurrent Reset Relocation Set 0.002ms
[169.046s][info][gc,phases   ] GC(310) Concurrent Select Relocation Set 2.491ms
[169.047s][info][gc,phases   ] GC(310) Pause Relocate Start 0.013ms
[169.048s][info][gc,phases   ] GC(310) Concurrent Relocate 1.113ms
[169.048s][info][gc,load     ] GC(310) Load: 0.00/0.00/0.00
[169.048s][info][gc,mmu      ] GC(310) MMU: 2ms/96.2%, 5ms/98.5%, 10ms/99.0%, 20ms/99.5%, 50ms/99.8%, 100ms/99.9%
[169.048s][info][gc,marking  ] GC(310) Mark: 1 stripe(s), 2 proactive flush(es), 1 terminate flush(es), 0 completion(s), 0 continuation(s) 
[169.048s][info][gc,marking  ] GC(310) Mark Stack Usage: 32M
[169.048s][info][gc,nmethod  ] GC(310) NMethods: 1436 registered, 9 unregistered
[169.048s][info][gc,metaspace] GC(310) Metaspace: 11M used, 11M committed, 1088M reserved
[169.048s][info][gc,ref      ] GC(310) Soft: 197 encountered, 0 discovered, 0 enqueued
[169.048s][info][gc,ref      ] GC(310) Weak: 695 encountered, 187 discovered, 0 enqueued
[169.048s][info][gc,ref      ] GC(310) Final: 0 encountered, 0 discovered, 0 enqueued
[169.048s][info][gc,ref      ] GC(310) Phantom: 36 encountered, 21 discovered, 0 enqueued
[169.048s][info][gc,reloc    ] GC(310) Small Pages: 1219 / 2438M, Empty: 2292M, Relocated: 3M, In-Place: 0
[169.048s][info][gc,reloc    ] GC(310) Medium Pages: 12 / 384M, Empty: 384M, Relocated: 0M, In-Place: 0
[169.048s][info][gc,reloc    ] GC(310) Large Pages: 1 / 6M, Empty: 0M, Relocated: 0M, In-Place: 0
[169.048s][info][gc,reloc    ] GC(310) Forwarding Usage: 0M
[169.048s][info][gc,heap     ] GC(310) Min Capacity: 4096M(100%)
[169.048s][info][gc,heap     ] GC(310) Max Capacity: 4096M(100%)
[169.048s][info][gc,heap     ] GC(310) Soft Max Capacity: 4096M(100%)
[169.048s][info][gc,heap     ] GC(310)                Mark Start          Mark End        Relocate Start      Relocate End           High               Low         
[169.048s][info][gc,heap     ] GC(310)  Capacity:     4096M (100%)       4096M (100%)       4096M (100%)       4096M (100%)       4096M (100%)       4096M (100%)   
[169.048s][info][gc,heap     ] GC(310)      Free:     1268M (31%)         646M (16%)        3308M (81%)        3358M (82%)        3358M (82%)         642M (16%)    
[169.048s][info][gc,heap     ] GC(310)      Used:     2828M (69%)        3450M (84%)         788M (19%)         738M (18%)        3454M (84%)         738M (18%)    
[169.048s][info][gc,heap     ] GC(310)      Live:         -                98M (2%)           98M (2%)           98M (2%)             -                  -          
[169.048s][info][gc,heap     ] GC(310) Allocated:         -               622M (15%)         636M (16%)         635M (16%)            -                  -          
[169.048s][info][gc,heap     ] GC(310)   Garbage:         -              2729M (67%)          53M (1%)            3M (0%)             -                  -          
[169.048s][info][gc,heap     ] GC(310) Reclaimed:         -                  -              2676M (65%)        2725M (67%)            -                  -          
[169.048s][info][gc          ] GC(310) Garbage Collection (Allocation Rate) 2828M(69%)->738M(18%)
[169.484s][info][gc,start    ] GC(311) Garbage Collection (Allocation Rate)
[169.484s][info][gc,task     ] GC(311) Using 1 workers
[169.484s][info][gc,phases   ] GC(311) Pause Mark Start 0.010ms
[169.631s][info][gc,phases   ] GC(311) Concurrent Mark 146.937ms
[169.631s][info][gc,phases   ] GC(311) Pause Mark End 0.015ms
[169.631s][info][gc,phases   ] GC(311) Concurrent Mark Free 0.001ms
[169.635s][info][gc,phases   ] GC(311) Concurrent Process Non-Strong References 3.963ms
[169.635s][info][gc,phases   ] GC(311) Concurrent Reset Relocation Set 0.006ms
[169.638s][info][gc,phases   ] GC(311) Concurrent Select Relocation Set 2.820ms
[169.638s][info][gc,phases   ] GC(311) Pause Relocate Start 0.009ms
[169.640s][info][gc,phases   ] GC(311) Concurrent Relocate 1.408ms
[169.640s][info][gc,load     ] GC(311) Load: 0.00/0.00/0.00
[169.640s][info][gc,mmu      ] GC(311) MMU: 2ms/96.2%, 5ms/98.5%, 10ms/99.0%, 20ms/99.5%, 50ms/99.8%, 100ms/99.9%
[169.640s][info][gc,marking  ] GC(311) Mark: 1 stripe(s), 2 proactive flush(es), 1 terminate flush(es), 0 completion(s), 0 continuation(s) 
[169.640s][info][gc,marking  ] GC(311) Mark Stack Usage: 32M
[169.640s][info][gc,nmethod  ] GC(311) NMethods: 1436 registered, 9 unregistered
[169.640s][info][gc,metaspace] GC(311) Metaspace: 11M used, 11M committed, 1088M reserved
[169.640s][info][gc,ref      ] GC(311) Soft: 197 encountered, 0 discovered, 0 enqueued
[169.640s][info][gc,ref      ] GC(311) Weak: 695 encountered, 187 discovered, 0 enqueued
[169.640s][info][gc,ref      ] GC(311) Final: 0 encountered, 0 discovered, 0 enqueued
[169.640s][info][gc,ref      ] GC(311) Phantom: 36 encountered, 21 discovered, 0 enqueued
[169.640s][info][gc,reloc    ] GC(311) Small Pages: 1183 / 2366M, Empty: 2242M, Relocated: 1M, In-Place: 0
[169.640s][info][gc,reloc    ] GC(311) Medium Pages: 12 / 384M, Empty: 384M, Relocated: 0M, In-Place: 0
[169.640s][info][gc,reloc    ] GC(311) Large Pages: 1 / 6M, Empty: 0M, Relocated: 0M, In-Place: 0
[169.640s][info][gc,reloc    ] GC(311) Forwarding Usage: 0M
[169.640s][info][gc,heap     ] GC(311) Min Capacity: 4096M(100%)
[169.640s][info][gc,heap     ] GC(311) Max Capacity: 4096M(100%)
[169.640s][info][gc,heap     ] GC(311) Soft Max Capacity: 4096M(100%)
[169.640s][info][gc,heap     ] GC(311)                Mark Start          Mark End        Relocate Start      Relocate End           High               Low         
[169.640s][info][gc,heap     ] GC(311)  Capacity:     4096M (100%)       4096M (100%)       4096M (100%)       4096M (100%)       4096M (100%)       4096M (100%)   
[169.640s][info][gc,heap     ] GC(311)      Free:     1340M (33%)         700M (17%)        3292M (80%)        3324M (81%)        3324M (81%)         672M (16%)    
[169.640s][info][gc,heap     ] GC(311)      Used:     2756M (67%)        3396M (83%)         804M (20%)         772M (19%)        3424M (84%)         772M (19%)    
[169.640s][info][gc,heap     ] GC(311)      Live:         -                96M (2%)           96M (2%)           96M (2%)             -                  -          
[169.640s][info][gc,heap     ] GC(311) Allocated:         -               640M (16%)         674M (16%)         673M (16%)            -                  -          
[169.640s][info][gc,heap     ] GC(311)   Garbage:         -              2659M (65%)          33M (1%)            1M (0%)             -                  -          
[169.640s][info][gc,heap     ] GC(311) Reclaimed:         -                  -              2626M (64%)        2657M (65%)            -                  -          
[169.640s][info][gc          ] GC(311) Garbage Collection (Allocation Rate) 2756M(67%)->772M(19%)
[170.081s][info][gc,start    ] GC(312) Garbage Collection (Allocation Rate)
[170.081s][info][gc,task     ] GC(312) Using 1 workers
[170.081s][info][gc,phases   ] GC(312) Pause Mark Start 0.010ms
[170.175s][info][gc,stats    ] === Garbage Collection Statistics =======================================================================================================================
[170.175s][info][gc,stats    ]                                                              Last 10s              Last 10m              Last 10h                Total
[170.175s][info][gc,stats    ]                                                              Avg / Max             Avg / Max             Avg / Max             Avg / Max
[170.175s][info][gc,stats    ]   Collector: Garbage Collection Cycle                    161.254 / 236.063     162.067 / 259.019     162.067 / 259.019     162.067 / 259.019     ms
[170.175s][info][gc,stats    ]  Contention: Mark Segment Reset Contention                     0 / 0                 0 / 2                 0 / 2                 0 / 2           ops/s
[170.175s][info][gc,stats    ]  Contention: Mark SeqNum Reset Contention                      0 / 1                 0 / 2                 0 / 2                 0 / 2           ops/s
[170.175s][info][gc,stats    ]    Critical: Allocation Stall                                  0 / 0                 0 / 0                 0 / 0                 0 / 0           ops/s
[170.175s][info][gc,stats    ]    Critical: Allocation Stall                              0.000 / 0.000         0.000 / 0.000         0.000 / 0.000         0.000 / 0.000       ms
[170.175s][info][gc,stats    ]    Critical: GC Locker Stall                                   0 / 0                 0 / 0                 0 / 0                 0 / 0           ops/s
[170.175s][info][gc,stats    ]    Critical: GC Locker Stall                               0.000 / 0.000         0.000 / 0.000         0.000 / 0.000         0.000 / 0.000       ms
[170.175s][info][gc,stats    ]    Critical: Relocation Stall                                  0 / 0                 0 / 0                 0 / 0                 0 / 0           ops/s
[170.175s][info][gc,stats    ]    Critical: Relocation Stall                              0.000 / 0.000         0.000 / 0.000         0.000 / 0.000         0.000 / 0.000       ms
[170.175s][info][gc,stats    ]      Memory: Allocation Rate                                4345 / 4520           4281 / 4592           4281 / 4592           4281 / 4592        MB/s
[170.175s][info][gc,stats    ]      Memory: Defragment                                        0 / 0                 0 / 0                 0 / 0                 0 / 0           ops/s
[170.175s][info][gc,stats    ]      Memory: Out Of Memory                                     0 / 0                 0 / 0                 0 / 0                 0 / 0           ops/s
[170.175s][info][gc,stats    ]      Memory: Page Cache Flush                                  0 / 0                 0 / 0                 0 / 0                 0 / 0           MB/s
[170.175s][info][gc,stats    ]      Memory: Page Cache Hit L1                              1879 / 1955           1843 / 2002           1843 / 2002           1843 / 2002        ops/s
[170.175s][info][gc,stats    ]      Memory: Page Cache Hit L2                                 0 / 0                 0 / 0                 0 / 0                 0 / 0           ops/s
[170.175s][info][gc,stats    ]      Memory: Page Cache Hit L3                                 0 / 0                10 / 437              10 / 437              10 / 437         ops/s
[170.175s][info][gc,stats    ]      Memory: Page Cache Miss                                   0 / 0                 0 / 1                 0 / 1                 0 / 1           ops/s
[170.175s][info][gc,stats    ]      Memory: Uncommit                                          0 / 0                 0 / 0                 0 / 0                 0 / 0           MB/s
[170.175s][info][gc,stats    ]      Memory: Undo Object Allocation Failed                     0 / 0                 0 / 1                 0 / 1                 0 / 1           ops/s
[170.175s][info][gc,stats    ]      Memory: Undo Object Allocation Succeeded                  0 / 0                18 / 1067             18 / 1067             18 / 1067        ops/s
[170.175s][info][gc,stats    ]      Memory: Undo Page Allocation                              2 / 5                 2 / 7                 2 / 7                 2 / 7           ops/s
[170.175s][info][gc,stats    ]       Phase: Concurrent Mark                             152.179 / 227.450     150.684 / 251.310     150.684 / 251.310     150.684 / 251.310     ms
[170.175s][info][gc,stats    ]       Phase: Concurrent Mark Continue                      0.000 / 0.000         0.000 / 0.000         0.000 / 0.000         0.000 / 0.000       ms
[170.175s][info][gc,stats    ]       Phase: Concurrent Mark Free                          0.002 / 0.003         0.002 / 0.005         0.002 / 0.005         0.002 / 0.005       ms
[170.175s][info][gc,stats    ]       Phase: Concurrent Process Non-Strong References      3.883 / 7.062         5.308 / 24.469        5.308 / 24.469        5.308 / 24.469      ms
[170.175s][info][gc,stats    ]       Phase: Concurrent Relocate                           1.622 / 4.513         2.008 / 57.532        2.008 / 57.532        2.008 / 57.532      ms
[170.175s][info][gc,stats    ]       Phase: Concurrent Reset Relocation Set               0.003 / 0.008         0.004 / 0.026         0.004 / 0.026         0.004 / 0.026       ms
[170.175s][info][gc,stats    ]       Phase: Concurrent Select Relocation Set              2.629 / 4.248         3.039 / 13.885        3.039 / 13.885        3.039 / 13.885      ms
[170.175s][info][gc,stats    ]       Phase: Pause Mark End                                0.017 / 0.024         0.018 / 0.047         0.018 / 0.047         0.018 / 0.047       ms
[170.175s][info][gc,stats    ]       Phase: Pause Mark Start                              0.009 / 0.016         0.010 / 0.027         0.010 / 0.027         0.010 / 0.027       ms
[170.175s][info][gc,stats    ]       Phase: Pause Relocate Start                          0.010 / 0.015         0.012 / 0.077         0.012 / 0.077         0.012 / 0.077       ms
[170.175s][info][gc,stats    ]    Subphase: Concurrent Classes Purge                      0.011 / 0.024         0.016 / 0.208         0.016 / 0.208         0.016 / 0.208       ms
[170.175s][info][gc,stats    ]    Subphase: Concurrent Classes Unlink                     2.758 / 3.640         2.717 / 3.848         2.717 / 3.848         2.717 / 3.848       ms
[170.175s][info][gc,stats    ]    Subphase: Concurrent Mark                             138.343 / 226.700     136.152 / 250.559     136.152 / 250.559     136.152 / 250.559     ms
[170.175s][info][gc,stats    ]    Subphase: Concurrent Mark Try Flush                     0.566 / 6.567         0.755 / 17.896        0.755 / 17.896        0.755 / 17.896      ms
[170.175s][info][gc,stats    ]    Subphase: Concurrent Mark Try Terminate                 0.973 / 15.511        1.196 / 17.378        1.196 / 17.378        1.196 / 17.378      ms
[170.175s][info][gc,stats    ]    Subphase: Concurrent References Enqueue                 0.001 / 0.001         0.001 / 0.015         0.001 / 0.015         0.001 / 0.015       ms
[170.175s][info][gc,stats    ]    Subphase: Concurrent References Process                 0.090 / 0.278         0.086 / 0.535         0.086 / 0.535         0.086 / 0.535       ms
[170.175s][info][gc,stats    ]    Subphase: Concurrent Roots ClassLoaderDataGraph         0.070 / 0.120         0.070 / 0.272         0.070 / 0.272         0.070 / 0.272       ms
[170.175s][info][gc,stats    ]    Subphase: Concurrent Roots CodeCache                    0.000 / 0.000         0.000 / 0.000         0.000 / 0.000         0.000 / 0.000       ms
[170.175s][info][gc,stats    ]    Subphase: Concurrent Roots JavaThreads                  0.594 / 1.478         0.628 / 7.312         0.628 / 7.312         0.628 / 7.312       ms
[170.175s][info][gc,stats    ]    Subphase: Concurrent Roots OopStorageSet                0.026 / 0.039         0.029 / 0.099         0.029 / 0.099         0.029 / 0.099       ms
[170.175s][info][gc,stats    ]    Subphase: Concurrent Weak Roots OopStorageSet           0.198 / 0.313         0.188 / 0.369         0.188 / 0.369         0.188 / 0.369       ms
[170.176s][info][gc,stats    ]    Subphase: Pause Mark Try Complete                       0.000 / 0.000         0.000 / 0.000         0.000 / 0.000         0.000 / 0.000       ms
[170.176s][info][gc,stats    ]      System: Java Threads                                     24 / 24               23 / 24               23 / 24               23 / 24          threads
[170.176s][info][gc,stats    ] =========================================================================================================================================================
[170.284s][info][gc,phases   ] GC(312) Concurrent Mark 203.676ms
[170.285s][info][gc,phases   ] GC(312) Pause Mark End 0.013ms
[170.285s][info][gc,phases   ] GC(312) Concurrent Mark Free 0.002ms
[170.291s][info][gc,phases   ] GC(312) Concurrent Process Non-Strong References 5.819ms
[170.291s][info][gc,phases   ] GC(312) Concurrent Reset Relocation Set 0.002ms
[170.294s][info][gc,phases   ] GC(312) Concurrent Select Relocation Set 2.992ms
[170.294s][info][gc,phases   ] GC(312) Pause Relocate Start 0.016ms
[170.295s][info][gc,phases   ] GC(312) Concurrent Relocate 0.906ms
[170.295s][info][gc,load     ] GC(312) Load: 0.00/0.00/0.00
[170.295s][info][gc,mmu      ] GC(312) MMU: 2ms/96.2%, 5ms/98.5%, 10ms/99.0%, 20ms/99.5%, 50ms/99.8%, 100ms/99.9%
[170.295s][info][gc,marking  ] GC(312) Mark: 1 stripe(s), 2 proactive flush(es), 1 terminate flush(es), 0 completion(s), 0 continuation(s) 
[170.295s][info][gc,marking  ] GC(312) Mark Stack Usage: 32M
[170.295s][info][gc,nmethod  ] GC(312) NMethods: 1436 registered, 9 unregistered
[170.295s][info][gc,metaspace] GC(312) Metaspace: 11M used, 11M committed, 1088M reserved
[170.295s][info][gc,ref      ] GC(312) Soft: 197 encountered, 0 discovered, 0 enqueued
[170.295s][info][gc,ref      ] GC(312) Weak: 695 encountered, 187 discovered, 0 enqueued
[170.295s][info][gc,ref      ] GC(312) Final: 0 encountered, 0 discovered, 0 enqueued
[170.295s][info][gc,ref      ] GC(312) Phantom: 36 encountered, 21 discovered, 0 enqueued
[170.295s][info][gc,reloc    ] GC(312) Small Pages: 1200 / 2400M, Empty: 2284M, Relocated: 0M, In-Place: 0
[170.295s][info][gc,reloc    ] GC(312) Medium Pages: 12 / 384M, Empty: 352M, Relocated: 0M, In-Place: 0
[170.295s][info][gc,reloc    ] GC(312) Large Pages: 1 / 6M, Empty: 0M, Relocated: 0M, In-Place: 0
[170.295s][info][gc,reloc    ] GC(312) Forwarding Usage: 0M
[170.295s][info][gc,heap     ] GC(312) Min Capacity: 4096M(100%)
[170.295s][info][gc,heap     ] GC(312) Max Capacity: 4096M(100%)
[170.295s][info][gc,heap     ] GC(312) Soft Max Capacity: 4096M(100%)
[170.295s][info][gc,heap     ] GC(312)                Mark Start          Mark End        Relocate Start      Relocate End           High               Low         
[170.295s][info][gc,heap     ] GC(312)  Capacity:     4096M (100%)       4096M (100%)       4096M (100%)       4096M (100%)       4096M (100%)       4096M (100%)   
[170.295s][info][gc,heap     ] GC(312)      Free:     1306M (32%)         432M (11%)        3052M (75%)        3074M (75%)        3074M (75%)         430M (10%)    
[170.295s][info][gc,heap     ] GC(312)      Used:     2790M (68%)        3664M (89%)        1044M (25%)        1022M (25%)        3666M (90%)        1022M (25%)    
[170.295s][info][gc,heap     ] GC(312)      Live:         -                99M (2%)           99M (2%)           99M (2%)             -                  -          
[170.295s][info][gc,heap     ] GC(312) Allocated:         -               874M (21%)         890M (22%)         891M (22%)            -                  -          
[170.295s][info][gc,heap     ] GC(312)   Garbage:         -              2690M (66%)          54M (1%)           30M (1%)             -                  -          
[170.295s][info][gc,heap     ] GC(312) Reclaimed:         -                  -              2636M (64%)        2659M (65%)            -                  -          
[170.295s][info][gc          ] GC(312) Garbage Collection (Allocation Rate) 2790M(68%)->1022M(25%)
[170.583s][info][gc,start    ] GC(313) Garbage Collection (Allocation Rate)
[170.583s][info][gc,task     ] GC(313) Using 1 workers
[170.584s][info][gc,phases   ] GC(313) Pause Mark Start 0.005ms
[170.798s][info][gc,phases   ] GC(313) Concurrent Mark 214.705ms
[170.798s][info][gc,phases   ] GC(313) Pause Mark End 0.020ms
[170.799s][info][gc,phases   ] GC(313) Concurrent Mark Free 0.002ms
[170.804s][info][gc,phases   ] GC(313) Concurrent Process Non-Strong References 5.483ms
[170.804s][info][gc,phases   ] GC(313) Concurrent Reset Relocation Set 0.009ms
[170.808s][info][gc,phases   ] GC(313) Concurrent Select Relocation Set 3.931ms
[170.808s][info][gc,phases   ] GC(313) Pause Relocate Start 0.013ms
[170.809s][info][gc,phases   ] GC(313) Concurrent Relocate 0.982ms
[170.809s][info][gc,load     ] GC(313) Load: 0.00/0.00/0.00
[170.809s][info][gc,mmu      ] GC(313) MMU: 2ms/96.2%, 5ms/98.5%, 10ms/99.0%, 20ms/99.5%, 50ms/99.8%, 100ms/99.9%
[170.809s][info][gc,marking  ] GC(313) Mark: 1 stripe(s), 2 proactive flush(es), 1 terminate flush(es), 0 completion(s), 0 continuation(s) 
[170.809s][info][gc,marking  ] GC(313) Mark Stack Usage: 32M
[170.809s][info][gc,nmethod  ] GC(313) NMethods: 1436 registered, 9 unregistered
[170.809s][info][gc,metaspace] GC(313) Metaspace: 11M used, 11M committed, 1088M reserved
[170.809s][info][gc,ref      ] GC(313) Soft: 197 encountered, 0 discovered, 0 enqueued
[170.809s][info][gc,ref      ] GC(313) Weak: 695 encountered, 187 discovered, 0 enqueued
[170.809s][info][gc,ref      ] GC(313) Final: 0 encountered, 0 discovered, 0 enqueued
[170.810s][info][gc,ref      ] GC(313) Phantom: 36 encountered, 21 discovered, 0 enqueued
[170.810s][info][gc,reloc    ] GC(313) Small Pages: 995 / 1990M, Empty: 1880M, Relocated: 0M, In-Place: 0
[170.810s][info][gc,reloc    ] GC(313) Medium Pages: 11 / 352M, Empty: 320M, Relocated: 0M, In-Place: 0
[170.810s][info][gc,reloc    ] GC(313) Large Pages: 1 / 6M, Empty: 0M, Relocated: 0M, In-Place: 0
[170.810s][info][gc,reloc    ] GC(313) Forwarding Usage: 0M
[170.810s][info][gc,heap     ] GC(313) Min Capacity: 4096M(100%)
[170.810s][info][gc,heap     ] GC(313) Max Capacity: 4096M(100%)
[170.810s][info][gc,heap     ] GC(313) Soft Max Capacity: 4096M(100%)
[170.810s][info][gc,heap     ] GC(313)                Mark Start          Mark End        Relocate Start      Relocate End           High               Low         
[170.810s][info][gc,heap     ] GC(313)  Capacity:     4096M (100%)       4096M (100%)       4096M (100%)       4096M (100%)       4096M (100%)       4096M (100%)   
[170.810s][info][gc,heap     ] GC(313)      Free:     1748M (43%)         860M (21%)        3004M (73%)        3016M (74%)        3020M (74%)         826M (20%)    
[170.810s][info][gc,heap     ] GC(313)      Used:     2348M (57%)        3236M (79%)        1092M (27%)        1080M (26%)        3270M (80%)        1076M (26%)    
[170.810s][info][gc,heap     ] GC(313)      Live:         -                99M (2%)           99M (2%)           99M (2%)             -                  -          
[170.810s][info][gc,heap     ] GC(313) Allocated:         -               888M (22%)         944M (23%)         949M (23%)            -                  -          
[170.810s][info][gc,heap     ] GC(313)   Garbage:         -              2248M (55%)          48M (1%)           30M (1%)             -                  -          
[170.810s][info][gc,heap     ] GC(313) Reclaimed:         -                  -              2200M (54%)        2217M (54%)            -                  -          
[170.810s][info][gc          ] GC(313) Garbage Collection (Allocation Rate) 2348M(57%)->1080M(26%)
[171.087s][info][gc,start    ] GC(314) Garbage Collection (Allocation Rate)
[171.087s][info][gc,task     ] GC(314) Using 1 workers
[171.087s][info][gc,phases   ] GC(314) Pause Mark Start 0.012ms
[171.226s][info][gc,phases   ] GC(314) Concurrent Mark 138.540ms
[171.226s][info][gc,phases   ] GC(314) Pause Mark End 0.015ms
[171.226s][info][gc,phases   ] GC(314) Concurrent Mark Free 0.001ms
[171.236s][info][gc,phases   ] GC(314) Concurrent Process Non-Strong References 9.845ms
[171.236s][info][gc,phases   ] GC(314) Concurrent Reset Relocation Set 0.005ms
[171.239s][info][gc,phases   ] GC(314) Concurrent Select Relocation Set 3.562ms
[171.239s][info][gc,phases   ] GC(314) Pause Relocate Start 0.017ms
[171.241s][info][gc,phases   ] GC(314) Concurrent Relocate 1.811ms
[171.241s][info][gc,load     ] GC(314) Load: 0.00/0.00/0.00
[171.241s][info][gc,mmu      ] GC(314) MMU: 2ms/96.2%, 5ms/98.5%, 10ms/99.0%, 20ms/99.5%, 50ms/99.8%, 100ms/99.9%
[171.241s][info][gc,marking  ] GC(314) Mark: 1 stripe(s), 2 proactive flush(es), 1 terminate flush(es), 0 completion(s), 0 continuation(s) 
[171.241s][info][gc,marking  ] GC(314) Mark Stack Usage: 32M
[171.241s][info][gc,nmethod  ] GC(314) NMethods: 1436 registered, 9 unregistered
[171.241s][info][gc,metaspace] GC(314) Metaspace: 11M used, 11M committed, 1088M reserved
[171.241s][info][gc,ref      ] GC(314) Soft: 197 encountered, 0 discovered, 0 enqueued
[171.241s][info][gc,ref      ] GC(314) Weak: 695 encountered, 554 discovered, 0 enqueued
[171.241s][info][gc,ref      ] GC(314) Final: 0 encountered, 0 discovered, 0 enqueued
[171.241s][info][gc,ref      ] GC(314) Phantom: 36 encountered, 17 discovered, 0 enqueued
[171.241s][info][gc,reloc    ] GC(314) Small Pages: 998 / 1996M, Empty: 1864M, Relocated: 2M, In-Place: 0
[171.241s][info][gc,reloc    ] GC(314) Medium Pages: 11 / 352M, Empty: 320M, Relocated: 0M, In-Place: 0
[171.241s][info][gc,reloc    ] GC(314) Large Pages: 1 / 6M, Empty: 0M, Relocated: 0M, In-Place: 0
[171.241s][info][gc,reloc    ] GC(314) Forwarding Usage: 0M
[171.241s][info][gc,heap     ] GC(314) Min Capacity: 4096M(100%)
[171.241s][info][gc,heap     ] GC(314) Max Capacity: 4096M(100%)
[171.241s][info][gc,heap     ] GC(314) Soft Max Capacity: 4096M(100%)
[171.241s][info][gc,heap     ] GC(314)                Mark Start          Mark End        Relocate Start      Relocate End           High               Low         
[171.241s][info][gc,heap     ] GC(314)  Capacity:     4096M (100%)       4096M (100%)       4096M (100%)       4096M (100%)       4096M (100%)       4096M (100%)   
[171.242s][info][gc,heap     ] GC(314)      Free:     1742M (43%)        1228M (30%)        3332M (81%)        3366M (82%)        3368M (82%)        1166M (28%)    
[171.242s][info][gc,heap     ] GC(314)      Used:     2354M (57%)        2868M (70%)         764M (19%)         730M (18%)        2930M (72%)         728M (18%)    
[171.242s][info][gc,heap     ] GC(314)      Live:         -               101M (2%)          101M (2%)          101M (2%)             -                  -          
[171.242s][info][gc,heap     ] GC(314) Allocated:         -               514M (13%)         594M (15%)         597M (15%)            -                  -          
[171.242s][info][gc,heap     ] GC(314)   Garbage:         -              2252M (55%)          68M (2%)           30M (1%)             -                  -          
[171.242s][info][gc,heap     ] GC(314) Reclaimed:         -                  -              2184M (53%)        2221M (54%)            -                  -          
[171.242s][info][gc          ] GC(314) Garbage Collection (Allocation Rate) 2354M(57%)->730M(18%)
[171.683s][info][gc,start    ] GC(315) Garbage Collection (Allocation Rate)
[171.683s][info][gc,task     ] GC(315) Using 2 workers
[171.684s][info][gc,phases   ] GC(315) Pause Mark Start 0.013ms
[171.793s][info][gc,phases   ] GC(315) Concurrent Mark 109.314ms
[171.793s][info][gc,phases   ] GC(315) Pause Mark End 0.024ms
[171.793s][info][gc,phases   ] GC(315) Concurrent Mark Free 0.004ms
[171.795s][info][gc,phases   ] GC(315) Concurrent Process Non-Strong References 1.848ms
[171.795s][info][gc,phases   ] GC(315) Concurrent Reset Relocation Set 0.002ms
[171.798s][info][gc,phases   ] GC(315) Concurrent Select Relocation Set 2.782ms
[171.798s][info][gc,phases   ] GC(315) Pause Relocate Start 0.009ms
[171.799s][info][gc,phases   ] GC(315) Concurrent Relocate 0.434ms
[171.799s][info][gc,load     ] GC(315) Load: 0.00/0.00/0.00
[171.799s][info][gc,mmu      ] GC(315) MMU: 2ms/96.2%, 5ms/98.5%, 10ms/99.0%, 20ms/99.5%, 50ms/99.8%, 100ms/99.9%
[171.799s][info][gc,marking  ] GC(315) Mark: 2 stripe(s), 2 proactive flush(es), 1 terminate flush(es), 0 completion(s), 0 continuation(s) 
[171.799s][info][gc,marking  ] GC(315) Mark Stack Usage: 32M
[171.799s][info][gc,nmethod  ] GC(315) NMethods: 1436 registered, 9 unregistered
[171.799s][info][gc,metaspace] GC(315) Metaspace: 11M used, 11M committed, 1088M reserved
[171.799s][info][gc,ref      ] GC(315) Soft: 197 encountered, 0 discovered, 0 enqueued
[171.799s][info][gc,ref      ] GC(315) Weak: 695 encountered, 41 discovered, 0 enqueued
[171.799s][info][gc,ref      ] GC(315) Final: 0 encountered, 0 discovered, 0 enqueued
[171.799s][info][gc,ref      ] GC(315) Phantom: 36 encountered, 14 discovered, 0 enqueued
[171.799s][info][gc,reloc    ] GC(315) Small Pages: 1162 / 2324M, Empty: 2214M, Relocated: 0M, In-Place: 0
[171.799s][info][gc,reloc    ] GC(315) Medium Pages: 13 / 416M, Empty: 384M, Relocated: 0M, In-Place: 0
[171.799s][info][gc,reloc    ] GC(315) Large Pages: 1 / 6M, Empty: 0M, Relocated: 0M, In-Place: 0
[171.799s][info][gc,reloc    ] GC(315) Forwarding Usage: 0M
[171.799s][info][gc,heap     ] GC(315) Min Capacity: 4096M(100%)
[171.799s][info][gc,heap     ] GC(315) Max Capacity: 4096M(100%)
[171.799s][info][gc,heap     ] GC(315) Soft Max Capacity: 4096M(100%)
[171.799s][info][gc,heap     ] GC(315)                Mark Start          Mark End        Relocate Start      Relocate End           High               Low         
[171.799s][info][gc,heap     ] GC(315)  Capacity:     4096M (100%)       4096M (100%)       4096M (100%)       4096M (100%)       4096M (100%)       4096M (100%)   
[171.799s][info][gc,heap     ] GC(315)      Free:     1350M (33%)         954M (23%)        3550M (87%)        3566M (87%)        3566M (87%)         952M (23%)    
[171.799s][info][gc,heap     ] GC(315)      Used:     2746M (67%)        3142M (77%)         546M (13%)         530M (13%)        3144M (77%)         530M (13%)    
[171.799s][info][gc,heap     ] GC(315)      Live:         -                99M (2%)           99M (2%)           99M (2%)             -                  -          
[171.799s][info][gc,heap     ] GC(315) Allocated:         -               396M (10%)         398M (10%)         397M (10%)            -                  -          
[171.799s][info][gc,heap     ] GC(315)   Garbage:         -              2646M (65%)          48M (1%)           32M (1%)             -                  -          
[171.799s][info][gc,heap     ] GC(315) Reclaimed:         -                  -              2598M (63%)        2613M (64%)            -                  -          
[171.799s][info][gc          ] GC(315) Garbage Collection (Allocation Rate) 2746M(67%)->530M(13%)
[172.077s][info][gc,start    ] GC(316) Garbage Collection (System.gc())
[172.077s][info][gc,task     ] GC(316) Using 2 workers
[172.077s][info][gc,phases   ] GC(316) Pause Mark Start 0.006ms
[172.138s][info][gc,phases   ] GC(316) Concurrent Mark 60.843ms
[172.139s][info][gc,phases   ] GC(316) Pause Mark End 0.028ms
[172.139s][info][gc,phases   ] GC(316) Concurrent Mark Free 0.003ms
[172.141s][info][gc,phases   ] GC(316) Concurrent Process Non-Strong References 1.805ms
[172.141s][info][gc,phases   ] GC(316) Concurrent Reset Relocation Set 0.001ms
[172.142s][info][gc,phases   ] GC(316) Concurrent Select Relocation Set 1.436ms
[172.142s][info][gc,phases   ] GC(316) Pause Relocate Start 0.006ms
[172.143s][info][gc,phases   ] GC(316) Concurrent Relocate 0.461ms
[172.143s][info][gc,load     ] GC(316) Load: 0.00/0.00/0.00
[172.143s][info][gc,mmu      ] GC(316) MMU: 2ms/96.2%, 5ms/98.5%, 10ms/99.0%, 20ms/99.5%, 50ms/99.8%, 100ms/99.9%
[172.143s][info][gc,marking  ] GC(316) Mark: 2 stripe(s), 1 proactive flush(es), 1 terminate flush(es), 0 completion(s), 0 continuation(s) 
[172.143s][info][gc,marking  ] GC(316) Mark Stack Usage: 32M
[172.143s][info][gc,nmethod  ] GC(316) NMethods: 1436 registered, 9 unregistered
[172.143s][info][gc,metaspace] GC(316) Metaspace: 11M used, 11M committed, 1088M reserved
[172.143s][info][gc,ref      ] GC(316) Soft: 197 encountered, 0 discovered, 0 enqueued
[172.143s][info][gc,ref      ] GC(316) Weak: 695 encountered, 5 discovered, 0 enqueued
[172.143s][info][gc,ref      ] GC(316) Final: 0 encountered, 0 discovered, 0 enqueued
[172.143s][info][gc,ref      ] GC(316) Phantom: 36 encountered, 16 discovered, 0 enqueued
[172.143s][info][gc,reloc    ] GC(316) Small Pages: 750 / 1500M, Empty: 1400M, Relocated: 0M, In-Place: 0
[172.143s][info][gc,reloc    ] GC(316) Medium Pages: 8 / 256M, Empty: 256M, Relocated: 0M, In-Place: 0
[172.143s][info][gc,reloc    ] GC(316) Large Pages: 1 / 6M, Empty: 0M, Relocated: 0M, In-Place: 0
[172.143s][info][gc,reloc    ] GC(316) Forwarding Usage: 0M
[172.143s][info][gc,heap     ] GC(316) Min Capacity: 4096M(100%)
[172.143s][info][gc,heap     ] GC(316) Max Capacity: 4096M(100%)
[172.143s][info][gc,heap     ] GC(316) Soft Max Capacity: 4096M(100%)
[172.143s][info][gc,heap     ] GC(316)                Mark Start          Mark End        Relocate Start      Relocate End           High               Low         
[172.143s][info][gc,heap     ] GC(316)  Capacity:     4096M (100%)       4096M (100%)       4096M (100%)       4096M (100%)       4096M (100%)       4096M (100%)   
[172.143s][info][gc,heap     ] GC(316)      Free:     2334M (57%)        2334M (57%)        3990M (97%)        3996M (98%)        3996M (98%)        2334M (57%)    
[172.143s][info][gc,heap     ] GC(316)      Used:     1762M (43%)        1762M (43%)         106M (3%)          100M (2%)         1762M (43%)         100M (2%)     
[172.143s][info][gc,heap     ] GC(316)      Live:         -                95M (2%)           95M (2%)           95M (2%)             -                  -          
[172.143s][info][gc,heap     ] GC(316) Allocated:         -                 0M (0%)            0M (0%)            0M (0%)             -                  -          
[172.143s][info][gc,heap     ] GC(316)   Garbage:         -              1666M (41%)          10M (0%)            4M (0%)             -                  -          
[172.143s][info][gc,heap     ] GC(316) Reclaimed:         -                  -              1656M (40%)        1662M (41%)            -                  -          
[172.143s][info][gc          ] GC(316) Garbage Collection (System.gc()) 1762M(43%)->100M(2%)
[172.688s][info][gc,start    ] GC(317) Garbage Collection (Allocation Rate)
[172.688s][info][gc,task     ] GC(317) Using 1 workers
[172.688s][info][gc,phases   ] GC(317) Pause Mark Start 0.009ms
[172.827s][info][gc,phases   ] GC(317) Concurrent Mark 139.210ms
[172.827s][info][gc,phases   ] GC(317) Pause Mark End 0.012ms
[172.827s][info][gc,phases   ] GC(317) Concurrent Mark Free 0.001ms
[172.836s][info][gc,phases   ] GC(317) Concurrent Process Non-Strong References 9.110ms
[172.836s][info][gc,phases   ] GC(317) Concurrent Reset Relocation Set 0.003ms
[172.840s][info][gc,phases   ] GC(317) Concurrent Select Relocation Set 3.455ms
[172.840s][info][gc,phases   ] GC(317) Pause Relocate Start 0.011ms
[172.841s][info][gc,phases   ] GC(317) Concurrent Relocate 0.709ms
[172.841s][info][gc,load     ] GC(317) Load: 0.00/0.00/0.00
[172.841s][info][gc,mmu      ] GC(317) MMU: 2ms/96.2%, 5ms/98.5%, 10ms/99.0%, 20ms/99.5%, 50ms/99.8%, 100ms/99.9%
[172.841s][info][gc,marking  ] GC(317) Mark: 1 stripe(s), 2 proactive flush(es), 1 terminate flush(es), 0 completion(s), 0 continuation(s) 
[172.841s][info][gc,marking  ] GC(317) Mark Stack Usage: 32M
[172.841s][info][gc,nmethod  ] GC(317) NMethods: 1436 registered, 9 unregistered
[172.841s][info][gc,metaspace] GC(317) Metaspace: 11M used, 11M committed, 1088M reserved
[172.841s][info][gc,ref      ] GC(317) Soft: 197 encountered, 0 discovered, 0 enqueued
[172.841s][info][gc,ref      ] GC(317) Weak: 695 encountered, 187 discovered, 0 enqueued
[172.841s][info][gc,ref      ] GC(317) Final: 0 encountered, 0 discovered, 0 enqueued
[172.841s][info][gc,ref      ] GC(317) Phantom: 36 encountered, 21 discovered, 0 enqueued
[172.841s][info][gc,reloc    ] GC(317) Small Pages: 1122 / 2244M, Empty: 2126M, Relocated: 0M, In-Place: 0
[172.841s][info][gc,reloc    ] GC(317) Medium Pages: 11 / 352M, Empty: 352M, Relocated: 0M, In-Place: 0
[172.841s][info][gc,reloc    ] GC(317) Large Pages: 1 / 6M, Empty: 0M, Relocated: 0M, In-Place: 0
[172.841s][info][gc,reloc    ] GC(317) Forwarding Usage: 0M
[172.841s][info][gc,heap     ] GC(317) Min Capacity: 4096M(100%)
[172.841s][info][gc,heap     ] GC(317) Max Capacity: 4096M(100%)
[172.841s][info][gc,heap     ] GC(317) Soft Max Capacity: 4096M(100%)
[172.841s][info][gc,heap     ] GC(317)                Mark Start          Mark End        Relocate Start      Relocate End           High               Low         
[172.841s][info][gc,heap     ] GC(317)  Capacity:     4096M (100%)       4096M (100%)       4096M (100%)       4096M (100%)       4096M (100%)       4096M (100%)   
[172.841s][info][gc,heap     ] GC(317)      Free:     1494M (36%)         898M (22%)        3294M (80%)        3320M (81%)        3320M (81%)         842M (21%)    
[172.841s][info][gc,heap     ] GC(317)      Used:     2602M (64%)        3198M (78%)         802M (20%)         776M (19%)        3254M (79%)         776M (19%)    
[172.841s][info][gc,heap     ] GC(317)      Live:         -                95M (2%)           95M (2%)           95M (2%)             -                  -          
[172.841s][info][gc,heap     ] GC(317) Allocated:         -               596M (15%)         678M (17%)         677M (17%)            -                  -          
[172.841s][info][gc,heap     ] GC(317)   Garbage:         -              2506M (61%)          28M (1%)            2M (0%)             -                  -          
[172.841s][info][gc,heap     ] GC(317) Reclaimed:         -                  -              2478M (60%)        2503M (61%)            -                  -          
[172.841s][info][gc          ] GC(317) Garbage Collection (Allocation Rate) 2602M(64%)->776M(19%)
[173.284s][info][gc,start    ] GC(318) Garbage Collection (Allocation Rate)
[173.284s][info][gc,task     ] GC(318) Using 1 workers
[173.284s][info][gc,phases   ] GC(318) Pause Mark Start 0.009ms
[173.496s][info][gc,phases   ] GC(318) Concurrent Mark 211.358ms
[173.496s][info][gc,phases   ] GC(318) Pause Mark End 0.023ms
[173.496s][info][gc,phases   ] GC(318) Concurrent Mark Free 0.002ms
[173.500s][info][gc,phases   ] GC(318) Concurrent Process Non-Strong References 3.516ms
[173.500s][info][gc,phases   ] GC(318) Concurrent Reset Relocation Set 0.003ms
[173.502s][info][gc,phases   ] GC(318) Concurrent Select Relocation Set 2.704ms
[173.503s][info][gc,phases   ] GC(318) Pause Relocate Start 0.010ms
[173.503s][info][gc,phases   ] GC(318) Concurrent Relocate 0.745ms
[173.503s][info][gc,load     ] GC(318) Load: 0.00/0.00/0.00
[173.503s][info][gc,mmu      ] GC(318) MMU: 2ms/96.2%, 5ms/98.5%, 10ms/99.0%, 20ms/99.5%, 50ms/99.8%, 100ms/99.9%
[173.503s][info][gc,marking  ] GC(318) Mark: 1 stripe(s), 2 proactive flush(es), 1 terminate flush(es), 0 completion(s), 0 continuation(s) 
[173.503s][info][gc,marking  ] GC(318) Mark Stack Usage: 32M
[173.503s][info][gc,nmethod  ] GC(318) NMethods: 1436 registered, 9 unregistered
[173.503s][info][gc,metaspace] GC(318) Metaspace: 11M used, 11M committed, 1088M reserved
[173.503s][info][gc,ref      ] GC(318) Soft: 197 encountered, 0 discovered, 0 enqueued
[173.503s][info][gc,ref      ] GC(318) Weak: 695 encountered, 187 discovered, 0 enqueued
[173.503s][info][gc,ref      ] GC(318) Final: 0 encountered, 0 discovered, 0 enqueued
[173.504s][info][gc,ref      ] GC(318) Phantom: 36 encountered, 21 discovered, 0 enqueued
[173.504s][info][gc,reloc    ] GC(318) Small Pages: 1204 / 2408M, Empty: 2286M, Relocated: 0M, In-Place: 0
[173.504s][info][gc,reloc    ] GC(318) Medium Pages: 12 / 384M, Empty: 352M, Relocated: 0M, In-Place: 0
[173.504s][info][gc,reloc    ] GC(318) Large Pages: 1 / 6M, Empty: 0M, Relocated: 0M, In-Place: 0
[173.504s][info][gc,reloc    ] GC(318) Forwarding Usage: 0M
[173.504s][info][gc,heap     ] GC(318) Min Capacity: 4096M(100%)
[173.504s][info][gc,heap     ] GC(318) Max Capacity: 4096M(100%)
[173.504s][info][gc,heap     ] GC(318) Soft Max Capacity: 4096M(100%)
[173.504s][info][gc,heap     ] GC(318)                Mark Start          Mark End        Relocate Start      Relocate End           High               Low         
[173.504s][info][gc,heap     ] GC(318)  Capacity:     4096M (100%)       4096M (100%)       4096M (100%)       4096M (100%)       4096M (100%)       4096M (100%)   
[173.504s][info][gc,heap     ] GC(318)      Free:     1298M (32%)         434M (11%)        3062M (75%)        3092M (75%)        3092M (75%)         424M (10%)    
[173.504s][info][gc,heap     ] GC(318)      Used:     2798M (68%)        3662M (89%)        1034M (25%)        1004M (25%)        3672M (90%)        1004M (25%)    
[173.504s][info][gc,heap     ] GC(318)      Live:         -                99M (2%)           99M (2%)           99M (2%)             -                  -          
[173.504s][info][gc,heap     ] GC(318) Allocated:         -               864M (21%)         874M (21%)         873M (21%)            -                  -          
[173.504s][info][gc,heap     ] GC(318)   Garbage:         -              2698M (66%)          60M (1%)           30M (1%)             -                  -          
[173.504s][info][gc,heap     ] GC(318) Reclaimed:         -                  -              2638M (64%)        2667M (65%)            -                  -          
[173.504s][info][gc          ] GC(318) Garbage Collection (Allocation Rate) 2798M(68%)->1004M(25%)
[173.787s][info][gc,start    ] GC(319) Garbage Collection (Allocation Rate)
[173.787s][info][gc,task     ] GC(319) Using 1 workers
[173.787s][info][gc,phases   ] GC(319) Pause Mark Start 0.008ms
[173.933s][info][gc,phases   ] GC(319) Concurrent Mark 146.537ms
[173.934s][info][gc,phases   ] GC(319) Pause Mark End 0.018ms
[173.934s][info][gc,phases   ] GC(319) Concurrent Mark Free 0.001ms
[173.938s][info][gc,phases   ] GC(319) Concurrent Process Non-Strong References 4.351ms
[173.938s][info][gc,phases   ] GC(319) Concurrent Reset Relocation Set 0.004ms
[173.940s][info][gc,phases   ] GC(319) Concurrent Select Relocation Set 2.377ms
[173.941s][info][gc,phases   ] GC(319) Pause Relocate Start 0.015ms
[173.941s][info][gc,phases   ] GC(319) Concurrent Relocate 0.753ms
[173.941s][info][gc,load     ] GC(319) Load: 0.00/0.00/0.00
[173.941s][info][gc,mmu      ] GC(319) MMU: 2ms/96.2%, 5ms/98.5%, 10ms/99.0%, 20ms/99.5%, 50ms/99.8%, 100ms/99.9%
[173.941s][info][gc,marking  ] GC(319) Mark: 1 stripe(s), 2 proactive flush(es), 1 terminate flush(es), 0 completion(s), 0 continuation(s) 
[173.941s][info][gc,marking  ] GC(319) Mark Stack Usage: 32M
[173.941s][info][gc,nmethod  ] GC(319) NMethods: 1436 registered, 9 unregistered
[173.941s][info][gc,metaspace] GC(319) Metaspace: 11M used, 11M committed, 1088M reserved
[173.941s][info][gc,ref      ] GC(319) Soft: 197 encountered, 0 discovered, 0 enqueued
[173.941s][info][gc,ref      ] GC(319) Weak: 695 encountered, 554 discovered, 0 enqueued
[173.941s][info][gc,ref      ] GC(319) Final: 0 encountered, 0 discovered, 0 enqueued
[173.941s][info][gc,ref      ] GC(319) Phantom: 36 encountered, 17 discovered, 0 enqueued
[173.941s][info][gc,reloc    ] GC(319) Small Pages: 981 / 1962M, Empty: 1808M, Relocated: 3M, In-Place: 0
[173.942s][info][gc,reloc    ] GC(319) Medium Pages: 11 / 352M, Empty: 352M, Relocated: 0M, In-Place: 0
[173.942s][info][gc,reloc    ] GC(319) Large Pages: 1 / 6M, Empty: 0M, Relocated: 0M, In-Place: 0
[173.942s][info][gc,reloc    ] GC(319) Forwarding Usage: 0M
[173.942s][info][gc,heap     ] GC(319) Min Capacity: 4096M(100%)
[173.942s][info][gc,heap     ] GC(319) Max Capacity: 4096M(100%)
[173.942s][info][gc,heap     ] GC(319) Soft Max Capacity: 4096M(100%)
[173.942s][info][gc,heap     ] GC(319)                Mark Start          Mark End        Relocate Start      Relocate End           High               Low         
[173.942s][info][gc,heap     ] GC(319)  Capacity:     4096M (100%)       4096M (100%)       4096M (100%)       4096M (100%)       4096M (100%)       4096M (100%)   
[173.942s][info][gc,heap     ] GC(319)      Free:     1776M (43%)        1174M (29%)        3304M (81%)        3362M (82%)        3362M (82%)        1146M (28%)    
[173.942s][info][gc,heap     ] GC(319)      Used:     2320M (57%)        2922M (71%)         792M (19%)         734M (18%)        2950M (72%)         734M (18%)    
[173.942s][info][gc,heap     ] GC(319)      Live:         -                99M (2%)           99M (2%)           99M (2%)             -                  -          
[173.942s][info][gc,heap     ] GC(319) Allocated:         -               602M (15%)         632M (15%)         631M (15%)            -                  -          
[173.942s][info][gc,heap     ] GC(319)   Garbage:         -              2220M (54%)          60M (1%)            2M (0%)             -                  -          
[173.942s][info][gc,heap     ] GC(319) Reclaimed:         -                  -              2160M (53%)        2217M (54%)            -                  -          
[173.942s][info][gc          ] GC(319) Garbage Collection (Allocation Rate) 2320M(57%)->734M(18%)
[174.383s][info][gc,start    ] GC(320) Garbage Collection (Allocation Rate)
[174.383s][info][gc,task     ] GC(320) Using 1 workers
[174.383s][info][gc,phases   ] GC(320) Pause Mark Start 0.010ms
[174.532s][info][gc,phases   ] GC(320) Concurrent Mark 148.634ms
[174.532s][info][gc,phases   ] GC(320) Pause Mark End 0.018ms
[174.532s][info][gc,phases   ] GC(320) Concurrent Mark Free 0.002ms
[174.536s][info][gc,phases   ] GC(320) Concurrent Process Non-Strong References 3.457ms
[174.536s][info][gc,phases   ] GC(320) Concurrent Reset Relocation Set 0.004ms
[174.538s][info][gc,phases   ] GC(320) Concurrent Select Relocation Set 2.459ms
[174.539s][info][gc,phases   ] GC(320) Pause Relocate Start 0.012ms
[174.539s][info][gc,phases   ] GC(320) Concurrent Relocate 0.680ms
[174.539s][info][gc,load     ] GC(320) Load: 0.00/0.00/0.00
[174.539s][info][gc,mmu      ] GC(320) MMU: 2ms/96.2%, 5ms/98.5%, 10ms/99.0%, 20ms/99.5%, 50ms/99.8%, 100ms/99.9%
[174.539s][info][gc,marking  ] GC(320) Mark: 1 stripe(s), 2 proactive flush(es), 1 terminate flush(es), 0 completion(s), 0 continuation(s) 
[174.539s][info][gc,marking  ] GC(320) Mark Stack Usage: 32M
[174.539s][info][gc,nmethod  ] GC(320) NMethods: 1436 registered, 9 unregistered
[174.539s][info][gc,metaspace] GC(320) Metaspace: 11M used, 11M committed, 1088M reserved
[174.539s][info][gc,ref      ] GC(320) Soft: 197 encountered, 0 discovered, 0 enqueued
[174.539s][info][gc,ref      ] GC(320) Weak: 695 encountered, 554 discovered, 0 enqueued
[174.539s][info][gc,ref      ] GC(320) Final: 0 encountered, 0 discovered, 0 enqueued
[174.539s][info][gc,ref      ] GC(320) Phantom: 36 encountered, 17 discovered, 0 enqueued
[174.540s][info][gc,reloc    ] GC(320) Small Pages: 1182 / 2364M, Empty: 2242M, Relocated: 0M, In-Place: 0
[174.540s][info][gc,reloc    ] GC(320) Medium Pages: 12 / 384M, Empty: 352M, Relocated: 0M, In-Place: 0
[174.540s][info][gc,reloc    ] GC(320) Large Pages: 1 / 6M, Empty: 0M, Relocated: 0M, In-Place: 0
[174.540s][info][gc,reloc    ] GC(320) Forwarding Usage: 0M
[174.540s][info][gc,heap     ] GC(320) Min Capacity: 4096M(100%)
[174.540s][info][gc,heap     ] GC(320) Max Capacity: 4096M(100%)
[174.540s][info][gc,heap     ] GC(320) Soft Max Capacity: 4096M(100%)
[174.540s][info][gc,heap     ] GC(320)                Mark Start          Mark End        Relocate Start      Relocate End           High               Low         
[174.540s][info][gc,heap     ] GC(320)  Capacity:     4096M (100%)       4096M (100%)       4096M (100%)       4096M (100%)       4096M (100%)       4096M (100%)   
[174.540s][info][gc,heap     ] GC(320)      Free:     1342M (33%)         756M (18%)        3340M (82%)        3370M (82%)        3370M (82%)         746M (18%)    
[174.540s][info][gc,heap     ] GC(320)      Used:     2754M (67%)        3340M (82%)         756M (18%)         726M (18%)        3350M (82%)         726M (18%)    
[174.540s][info][gc,heap     ] GC(320)      Live:         -                99M (2%)           99M (2%)           99M (2%)             -                  -          
[174.540s][info][gc,heap     ] GC(320) Allocated:         -               586M (14%)         596M (15%)         595M (15%)            -                  -          
[174.540s][info][gc,heap     ] GC(320)   Garbage:         -              2654M (65%)          60M (1%)           30M (1%)             -                  -          
[174.540s][info][gc,heap     ] GC(320) Reclaimed:         -                  -              2594M (63%)        2623M (64%)            -                  -          
[174.540s][info][gc          ] GC(320) Garbage Collection (Allocation Rate) 2754M(67%)->726M(18%)
[174.980s][info][gc,start    ] GC(321) Garbage Collection (Allocation Rate)
[174.980s][info][gc,task     ] GC(321) Using 1 workers
[174.980s][info][gc,phases   ] GC(321) Pause Mark Start 0.007ms
[175.202s][info][gc,phases   ] GC(321) Concurrent Mark 222.172ms
[175.202s][info][gc,phases   ] GC(321) Pause Mark End 0.021ms
[175.202s][info][gc,phases   ] GC(321) Concurrent Mark Free 0.002ms
[175.207s][info][gc,phases   ] GC(321) Concurrent Process Non-Strong References 4.925ms
[175.207s][info][gc,phases   ] GC(321) Concurrent Reset Relocation Set 0.003ms
[175.210s][info][gc,phases   ] GC(321) Concurrent Select Relocation Set 2.077ms
[175.210s][info][gc,phases   ] GC(321) Pause Relocate Start 0.010ms
[175.211s][info][gc,phases   ] GC(321) Concurrent Relocate 1.560ms
[175.211s][info][gc,load     ] GC(321) Load: 0.00/0.00/0.00
[175.211s][info][gc,mmu      ] GC(321) MMU: 2ms/96.2%, 5ms/98.5%, 10ms/99.0%, 20ms/99.5%, 50ms/99.8%, 100ms/99.9%
[175.211s][info][gc,marking  ] GC(321) Mark: 1 stripe(s), 2 proactive flush(es), 1 terminate flush(es), 0 completion(s), 0 continuation(s) 
[175.211s][info][gc,marking  ] GC(321) Mark Stack Usage: 32M
[175.211s][info][gc,nmethod  ] GC(321) NMethods: 1436 registered, 9 unregistered
[175.211s][info][gc,metaspace] GC(321) Metaspace: 11M used, 11M committed, 1088M reserved
[175.211s][info][gc,ref      ] GC(321) Soft: 197 encountered, 0 discovered, 0 enqueued
[175.211s][info][gc,ref      ] GC(321) Weak: 695 encountered, 187 discovered, 0 enqueued
[175.212s][info][gc,ref      ] GC(321) Final: 0 encountered, 0 discovered, 0 enqueued
[175.212s][info][gc,ref      ] GC(321) Phantom: 36 encountered, 21 discovered, 0 enqueued
[175.212s][info][gc,reloc    ] GC(321) Small Pages: 1162 / 2324M, Empty: 2202M, Relocated: 0M, In-Place: 0
[175.212s][info][gc,reloc    ] GC(321) Medium Pages: 13 / 416M, Empty: 352M, Relocated: 3M, In-Place: 0
[175.212s][info][gc,reloc    ] GC(321) Large Pages: 1 / 6M, Empty: 0M, Relocated: 0M, In-Place: 0
[175.212s][info][gc,reloc    ] GC(321) Forwarding Usage: 0M
[175.212s][info][gc,heap     ] GC(321) Min Capacity: 4096M(100%)
[175.212s][info][gc,heap     ] GC(321) Max Capacity: 4096M(100%)
[175.212s][info][gc,heap     ] GC(321) Soft Max Capacity: 4096M(100%)
[175.212s][info][gc,heap     ] GC(321)                Mark Start          Mark End        Relocate Start      Relocate End           High               Low         
[175.212s][info][gc,heap     ] GC(321)  Capacity:     4096M (100%)       4096M (100%)       4096M (100%)       4096M (100%)       4096M (100%)       4096M (100%)   
[175.212s][info][gc,heap     ] GC(321)      Free:     1350M (33%)         396M (10%)        2916M (71%)        2976M (73%)        2976M (73%)         362M (9%)     
[175.212s][info][gc,heap     ] GC(321)      Used:     2746M (67%)        3700M (90%)        1180M (29%)        1120M (27%)        3734M (91%)        1120M (27%)    
[175.212s][info][gc,heap     ] GC(321)      Live:         -                99M (2%)           99M (2%)           99M (2%)             -                  -          
[175.212s][info][gc,heap     ] GC(321) Allocated:         -               954M (23%)         988M (24%)         989M (24%)            -                  -          
[175.212s][info][gc,heap     ] GC(321)   Garbage:         -              2646M (65%)          92M (2%)           30M (1%)             -                  -          
[175.212s][info][gc,heap     ] GC(321) Reclaimed:         -                  -              2554M (62%)        2615M (64%)            -                  -          
[175.212s][info][gc          ] GC(321) Garbage Collection (Allocation Rate) 2746M(67%)->1120M(27%)
[175.482s][info][gc,start    ] GC(322) Garbage Collection (Allocation Rate)
[175.482s][info][gc,task     ] GC(322) Using 1 workers
[175.482s][info][gc,phases   ] GC(322) Pause Mark Start 0.006ms
[175.701s][info][gc,phases   ] GC(322) Concurrent Mark 218.160ms
[175.701s][info][gc,phases   ] GC(322) Pause Mark End 0.022ms
[175.701s][info][gc,phases   ] GC(322) Concurrent Mark Free 0.002ms
[175.705s][info][gc,phases   ] GC(322) Concurrent Process Non-Strong References 4.429ms
[175.705s][info][gc,phases   ] GC(322) Concurrent Reset Relocation Set 0.005ms
[175.709s][info][gc,phases   ] GC(322) Concurrent Select Relocation Set 3.221ms
[175.709s][info][gc,phases   ] GC(322) Pause Relocate Start 0.009ms
[175.710s][info][gc,phases   ] GC(322) Concurrent Relocate 0.556ms
[175.710s][info][gc,load     ] GC(322) Load: 0.00/0.00/0.00
[175.710s][info][gc,mmu      ] GC(322) MMU: 2ms/96.2%, 5ms/98.5%, 10ms/99.0%, 20ms/99.5%, 50ms/99.8%, 100ms/99.9%
[175.710s][info][gc,marking  ] GC(322) Mark: 1 stripe(s), 2 proactive flush(es), 1 terminate flush(es), 0 completion(s), 0 continuation(s) 
[175.710s][info][gc,marking  ] GC(322) Mark Stack Usage: 32M
[175.710s][info][gc,nmethod  ] GC(322) NMethods: 1436 registered, 9 unregistered
[175.710s][info][gc,metaspace] GC(322) Metaspace: 11M used, 11M committed, 1088M reserved
[175.710s][info][gc,ref      ] GC(322) Soft: 197 encountered, 0 discovered, 0 enqueued
[175.710s][info][gc,ref      ] GC(322) Weak: 695 encountered, 187 discovered, 0 enqueued
[175.710s][info][gc,ref      ] GC(322) Final: 0 encountered, 0 discovered, 0 enqueued
[175.710s][info][gc,ref      ] GC(322) Phantom: 36 encountered, 21 discovered, 0 enqueued
[175.710s][info][gc,reloc    ] GC(322) Small Pages: 999 / 1998M, Empty: 1874M, Relocated: 0M, In-Place: 0
[175.710s][info][gc,reloc    ] GC(322) Medium Pages: 11 / 352M, Empty: 320M, Relocated: 0M, In-Place: 0
[175.710s][info][gc,reloc    ] GC(322) Large Pages: 1 / 6M, Empty: 0M, Relocated: 0M, In-Place: 0
[175.710s][info][gc,reloc    ] GC(322) Forwarding Usage: 0M
[175.710s][info][gc,heap     ] GC(322) Min Capacity: 4096M(100%)
[175.710s][info][gc,heap     ] GC(322) Max Capacity: 4096M(100%)
[175.710s][info][gc,heap     ] GC(322) Soft Max Capacity: 4096M(100%)
[175.710s][info][gc,heap     ] GC(322)                Mark Start          Mark End        Relocate Start      Relocate End           High               Low         
[175.710s][info][gc,heap     ] GC(322)  Capacity:     4096M (100%)       4096M (100%)       4096M (100%)       4096M (100%)       4096M (100%)       4096M (100%)   
[175.710s][info][gc,heap     ] GC(322)      Free:     1740M (42%)         822M (20%)        2976M (73%)        3008M (73%)        3008M (73%)         792M (19%)    
[175.710s][info][gc,heap     ] GC(322)      Used:     2356M (58%)        3274M (80%)        1120M (27%)        1088M (27%)        3304M (81%)        1088M (27%)    
[175.710s][info][gc,heap     ] GC(322)      Live:         -                99M (2%)           99M (2%)           99M (2%)             -                  -          
[175.710s][info][gc,heap     ] GC(322) Allocated:         -               918M (22%)         958M (23%)         957M (23%)            -                  -          
[175.710s][info][gc,heap     ] GC(322)   Garbage:         -              2256M (55%)          62M (2%)           30M (1%)             -                  -          
[175.710s][info][gc,heap     ] GC(322) Reclaimed:         -                  -              2194M (54%)        2225M (54%)            -                  -          
[175.710s][info][gc          ] GC(322) Garbage Collection (Allocation Rate) 2356M(58%)->1088M(27%)
[175.985s][info][gc,start    ] GC(323) Garbage Collection (Allocation Rate)
[175.985s][info][gc,task     ] GC(323) Using 1 workers
[175.985s][info][gc,phases   ] GC(323) Pause Mark Start 0.013ms
[176.142s][info][gc,phases   ] GC(323) Concurrent Mark 157.592ms
[176.143s][info][gc,phases   ] GC(323) Pause Mark End 0.015ms
[176.143s][info][gc,phases   ] GC(323) Concurrent Mark Free 0.001ms
[176.153s][info][gc,phases   ] GC(323) Concurrent Process Non-Strong References 10.418ms
[176.153s][info][gc,phases   ] GC(323) Concurrent Reset Relocation Set 0.005ms
[176.157s][info][gc,phases   ] GC(323) Concurrent Select Relocation Set 3.487ms
[176.157s][info][gc,phases   ] GC(323) Pause Relocate Start 0.012ms
[176.158s][info][gc,phases   ] GC(323) Concurrent Relocate 1.505ms
[176.158s][info][gc,load     ] GC(323) Load: 0.00/0.00/0.00
[176.158s][info][gc,mmu      ] GC(323) MMU: 2ms/96.2%, 5ms/98.5%, 10ms/99.0%, 20ms/99.5%, 50ms/99.8%, 100ms/99.9%
[176.159s][info][gc,marking  ] GC(323) Mark: 1 stripe(s), 2 proactive flush(es), 1 terminate flush(es), 0 completion(s), 0 continuation(s) 
[176.159s][info][gc,marking  ] GC(323) Mark Stack Usage: 32M
[176.159s][info][gc,nmethod  ] GC(323) NMethods: 1436 registered, 9 unregistered
[176.159s][info][gc,metaspace] GC(323) Metaspace: 11M used, 11M committed, 1088M reserved
[176.159s][info][gc,ref      ] GC(323) Soft: 197 encountered, 0 discovered, 0 enqueued
[176.159s][info][gc,ref      ] GC(323) Weak: 695 encountered, 554 discovered, 0 enqueued
[176.159s][info][gc,ref      ] GC(323) Final: 0 encountered, 0 discovered, 0 enqueued
[176.159s][info][gc,ref      ] GC(323) Phantom: 36 encountered, 17 discovered, 0 enqueued
[176.159s][info][gc,reloc    ] GC(323) Small Pages: 997 / 1994M, Empty: 1882M, Relocated: 1M, In-Place: 0
[176.159s][info][gc,reloc    ] GC(323) Medium Pages: 11 / 352M, Empty: 320M, Relocated: 0M, In-Place: 0
[176.159s][info][gc,reloc    ] GC(323) Large Pages: 1 / 6M, Empty: 0M, Relocated: 0M, In-Place: 0
[176.159s][info][gc,reloc    ] GC(323) Forwarding Usage: 0M
[176.159s][info][gc,heap     ] GC(323) Min Capacity: 4096M(100%)
[176.159s][info][gc,heap     ] GC(323) Max Capacity: 4096M(100%)
[176.159s][info][gc,heap     ] GC(323) Soft Max Capacity: 4096M(100%)
[176.159s][info][gc,heap     ] GC(323)                Mark Start          Mark End        Relocate Start      Relocate End           High               Low         
[176.159s][info][gc,heap     ] GC(323)  Capacity:     4096M (100%)       4096M (100%)       4096M (100%)       4096M (100%)       4096M (100%)       4096M (100%)   
[176.159s][info][gc,heap     ] GC(323)      Free:     1744M (43%)        1146M (28%)        3268M (80%)        3288M (80%)        3288M (80%)        1076M (26%)    
[176.159s][info][gc,heap     ] GC(323)      Used:     2352M (57%)        2950M (72%)         828M (20%)         808M (20%)        3020M (74%)         808M (20%)    
[176.159s][info][gc,heap     ] GC(323)      Live:         -               100M (2%)          100M (2%)          100M (2%)             -                  -          
[176.159s][info][gc,heap     ] GC(323) Allocated:         -               598M (15%)         678M (17%)         677M (17%)            -                  -          
[176.159s][info][gc,heap     ] GC(323)   Garbage:         -              2251M (55%)          49M (1%)           29M (1%)             -                  -          
[176.159s][info][gc,heap     ] GC(323) Reclaimed:         -                  -              2202M (54%)        2221M (54%)            -                  -          
[176.159s][info][gc          ] GC(323) Garbage Collection (Allocation Rate) 2352M(57%)->808M(20%)
[176.487s][info][gc,start    ] GC(324) Garbage Collection (Allocation Rate)
[176.488s][info][gc,task     ] GC(324) Using 1 workers
[176.488s][info][gc,phases   ] GC(324) Pause Mark Start 0.017ms
[176.629s][info][gc,phases   ] GC(324) Concurrent Mark 141.672ms
[176.630s][info][gc,phases   ] GC(324) Pause Mark End 0.015ms
[176.630s][info][gc,phases   ] GC(324) Concurrent Mark Free 0.001ms
[176.632s][info][gc,phases   ] GC(324) Concurrent Process Non-Strong References 2.465ms
[176.632s][info][gc,phases   ] GC(324) Concurrent Reset Relocation Set 0.002ms
[176.634s][info][gc,phases   ] GC(324) Concurrent Select Relocation Set 2.050ms
[176.634s][info][gc,phases   ] GC(324) Pause Relocate Start 0.007ms
[176.636s][info][gc,phases   ] GC(324) Concurrent Relocate 1.430ms
[176.636s][info][gc,load     ] GC(324) Load: 0.00/0.00/0.00
[176.636s][info][gc,mmu      ] GC(324) MMU: 2ms/96.2%, 5ms/98.5%, 10ms/99.0%, 20ms/99.5%, 50ms/99.8%, 100ms/99.9%
[176.636s][info][gc,marking  ] GC(324) Mark: 1 stripe(s), 2 proactive flush(es), 1 terminate flush(es), 0 completion(s), 0 continuation(s) 
[176.636s][info][gc,marking  ] GC(324) Mark Stack Usage: 32M
[176.636s][info][gc,nmethod  ] GC(324) NMethods: 1436 registered, 9 unregistered
[176.636s][info][gc,metaspace] GC(324) Metaspace: 11M used, 11M committed, 1088M reserved
[176.636s][info][gc,ref      ] GC(324) Soft: 197 encountered, 0 discovered, 0 enqueued
[176.636s][info][gc,ref      ] GC(324) Weak: 695 encountered, 554 discovered, 0 enqueued
[176.636s][info][gc,ref      ] GC(324) Final: 0 encountered, 0 discovered, 0 enqueued
[176.636s][info][gc,ref      ] GC(324) Phantom: 36 encountered, 17 discovered, 0 enqueued
[176.636s][info][gc,reloc    ] GC(324) Small Pages: 974 / 1948M, Empty: 1812M, Relocated: 3M, In-Place: 0
[176.636s][info][gc,reloc    ] GC(324) Medium Pages: 11 / 352M, Empty: 352M, Relocated: 0M, In-Place: 0
[176.636s][info][gc,reloc    ] GC(324) Large Pages: 1 / 6M, Empty: 0M, Relocated: 0M, In-Place: 0
[176.636s][info][gc,reloc    ] GC(324) Forwarding Usage: 0M
[176.636s][info][gc,heap     ] GC(324) Min Capacity: 4096M(100%)
[176.636s][info][gc,heap     ] GC(324) Max Capacity: 4096M(100%)
[176.636s][info][gc,heap     ] GC(324) Soft Max Capacity: 4096M(100%)
[176.636s][info][gc,heap     ] GC(324)                Mark Start          Mark End        Relocate Start      Relocate End           High               Low         
[176.636s][info][gc,heap     ] GC(324)  Capacity:     4096M (100%)       4096M (100%)       4096M (100%)       4096M (100%)       4096M (100%)       4096M (100%)   
[176.636s][info][gc,heap     ] GC(324)      Free:     1790M (44%)        1706M (42%)        3870M (94%)        3912M (96%)        3912M (96%)        1706M (42%)    
[176.636s][info][gc,heap     ] GC(324)      Used:     2306M (56%)        2390M (58%)         226M (6%)          184M (4%)         2390M (58%)         184M (4%)     
[176.636s][info][gc,heap     ] GC(324)      Live:         -                98M (2%)           98M (2%)           98M (2%)             -                  -          
[176.636s][info][gc,heap     ] GC(324) Allocated:         -                84M (2%)           84M (2%)           84M (2%)             -                  -          
[176.636s][info][gc,heap     ] GC(324)   Garbage:         -              2207M (54%)          43M (1%)            1M (0%)             -                  -          
[176.636s][info][gc,heap     ] GC(324) Reclaimed:         -                  -              2164M (53%)        2206M (54%)            -                  -          
[176.636s][info][gc          ] GC(324) Garbage Collection (Allocation Rate) 2306M(56%)->184M(4%)
[176.636s][info][gc,start    ] GC(325) Garbage Collection (System.gc())
[176.636s][info][gc,task     ] GC(325) Using 2 workers
[176.636s][info][gc,phases   ] GC(325) Pause Mark Start 0.011ms
[176.692s][info][gc,phases   ] GC(325) Concurrent Mark 55.199ms
[176.692s][info][gc,phases   ] GC(325) Pause Mark End 0.028ms
[176.692s][info][gc,phases   ] GC(325) Concurrent Mark Free 0.002ms
[176.694s][info][gc,phases   ] GC(325) Concurrent Process Non-Strong References 1.949ms
[176.694s][info][gc,phases   ] GC(325) Concurrent Reset Relocation Set 0.003ms
[176.696s][info][gc,phases   ] GC(325) Concurrent Select Relocation Set 1.518ms
[176.696s][info][gc,phases   ] GC(325) Pause Relocate Start 0.007ms
[176.696s][info][gc,phases   ] GC(325) Concurrent Relocate 0.450ms
[176.696s][info][gc,load     ] GC(325) Load: 0.00/0.00/0.00
[176.696s][info][gc,mmu      ] GC(325) MMU: 2ms/96.2%, 5ms/98.5%, 10ms/99.0%, 20ms/99.5%, 50ms/99.8%, 100ms/99.9%
[176.696s][info][gc,marking  ] GC(325) Mark: 2 stripe(s), 2 proactive flush(es), 1 terminate flush(es), 0 completion(s), 0 continuation(s) 
[176.696s][info][gc,marking  ] GC(325) Mark Stack Usage: 32M
[176.696s][info][gc,nmethod  ] GC(325) NMethods: 1436 registered, 9 unregistered
[176.696s][info][gc,metaspace] GC(325) Metaspace: 11M used, 11M committed, 1088M reserved
[176.696s][info][gc,ref      ] GC(325) Soft: 197 encountered, 0 discovered, 0 enqueued
[176.696s][info][gc,ref      ] GC(325) Weak: 695 encountered, 5 discovered, 0 enqueued
[176.696s][info][gc,ref      ] GC(325) Final: 0 encountered, 0 discovered, 0 enqueued
[176.696s][info][gc,ref      ] GC(325) Phantom: 36 encountered, 16 discovered, 0 enqueued
[176.697s][info][gc,reloc    ] GC(325) Small Pages: 73 / 146M, Empty: 50M, Relocated: 0M, In-Place: 0
[176.697s][info][gc,reloc    ] GC(325) Medium Pages: 1 / 32M, Empty: 32M, Relocated: 0M, In-Place: 0
[176.697s][info][gc,reloc    ] GC(325) Large Pages: 1 / 6M, Empty: 0M, Relocated: 0M, In-Place: 0
[176.697s][info][gc,reloc    ] GC(325) Forwarding Usage: 0M
[176.697s][info][gc,heap     ] GC(325) Min Capacity: 4096M(100%)
[176.697s][info][gc,heap     ] GC(325) Max Capacity: 4096M(100%)
[176.697s][info][gc,heap     ] GC(325) Soft Max Capacity: 4096M(100%)
[176.697s][info][gc,heap     ] GC(325)                Mark Start          Mark End        Relocate Start      Relocate End           High               Low         
[176.697s][info][gc,heap     ] GC(325)  Capacity:     4096M (100%)       4096M (100%)       4096M (100%)       4096M (100%)       4096M (100%)       4096M (100%)   
[176.697s][info][gc,heap     ] GC(325)      Free:     3912M (96%)        3912M (96%)        3994M (98%)        3996M (98%)        3996M (98%)        3912M (96%)    
[176.697s][info][gc,heap     ] GC(325)      Used:      184M (4%)          184M (4%)          102M (2%)          100M (2%)          184M (4%)          100M (2%)     
[176.697s][info][gc,heap     ] GC(325)      Live:         -                95M (2%)           95M (2%)           95M (2%)             -                  -          
[176.697s][info][gc,heap     ] GC(325) Allocated:         -                 0M (0%)            0M (0%)            0M (0%)             -                  -          
[176.697s][info][gc,heap     ] GC(325)   Garbage:         -                88M (2%)            6M (0%)            4M (0%)             -                  -          
[176.697s][info][gc,heap     ] GC(325) Reclaimed:         -                  -                82M (2%)           84M (2%)             -                  -          
[176.697s][info][gc          ] GC(325) Garbage Collection (System.gc()) 184M(4%)->100M(2%)
[177.273s][info][gc,start    ] GC(326) Garbage Collection (Allocation Rate)
[177.273s][info][gc,task     ] GC(326) Using 1 workers
[177.273s][info][gc,phases   ] GC(326) Pause Mark Start 0.014ms
[177.427s][info][gc,phases   ] GC(326) Concurrent Mark 154.504ms
[177.427s][info][gc,phases   ] GC(326) Pause Mark End 0.013ms
[177.428s][info][gc,phases   ] GC(326) Concurrent Mark Free 0.001ms
[177.432s][info][gc,phases   ] GC(326) Concurrent Process Non-Strong References 4.882ms
[177.433s][info][gc,phases   ] GC(326) Concurrent Reset Relocation Set 0.003ms
[177.437s][info][gc,phases   ] GC(326) Concurrent Select Relocation Set 3.978ms
[177.437s][info][gc,phases   ] GC(326) Pause Relocate Start 0.019ms
[177.438s][info][gc,phases   ] GC(326) Concurrent Relocate 1.429ms
[177.438s][info][gc,load     ] GC(326) Load: 0.00/0.00/0.00
[177.438s][info][gc,mmu      ] GC(326) MMU: 2ms/96.2%, 5ms/98.5%, 10ms/99.0%, 20ms/99.5%, 50ms/99.8%, 100ms/99.9%
[177.439s][info][gc,marking  ] GC(326) Mark: 1 stripe(s), 2 proactive flush(es), 1 terminate flush(es), 0 completion(s), 0 continuation(s) 
[177.439s][info][gc,marking  ] GC(326) Mark Stack Usage: 32M
[177.439s][info][gc,nmethod  ] GC(326) NMethods: 1438 registered, 9 unregistered
[177.439s][info][gc,metaspace] GC(326) Metaspace: 11M used, 11M committed, 1088M reserved
[177.439s][info][gc,ref      ] GC(326) Soft: 197 encountered, 0 discovered, 0 enqueued
[177.439s][info][gc,ref      ] GC(326) Weak: 695 encountered, 554 discovered, 0 enqueued
[177.439s][info][gc,ref      ] GC(326) Final: 0 encountered, 0 discovered, 0 enqueued
[177.439s][info][gc,ref      ] GC(326) Phantom: 36 encountered, 17 discovered, 0 enqueued
[177.439s][info][gc,reloc    ] GC(326) Small Pages: 1206 / 2412M, Empty: 2298M, Relocated: 1M, In-Place: 0
[177.439s][info][gc,reloc    ] GC(326) Medium Pages: 12 / 384M, Empty: 352M, Relocated: 0M, In-Place: 0
[177.439s][info][gc,reloc    ] GC(326) Large Pages: 1 / 6M, Empty: 0M, Relocated: 0M, In-Place: 0
[177.439s][info][gc,reloc    ] GC(326) Forwarding Usage: 0M
[177.439s][info][gc,heap     ] GC(326) Min Capacity: 4096M(100%)
[177.439s][info][gc,heap     ] GC(326) Max Capacity: 4096M(100%)
[177.439s][info][gc,heap     ] GC(326) Soft Max Capacity: 4096M(100%)
[177.439s][info][gc,heap     ] GC(326)                Mark Start          Mark End        Relocate Start      Relocate End           High               Low         
[177.439s][info][gc,heap     ] GC(326)  Capacity:     4096M (100%)       4096M (100%)       4096M (100%)       4096M (100%)       4096M (100%)       4096M (100%)   
[177.439s][info][gc,heap     ] GC(326)      Free:     1294M (32%)         696M (17%)        3298M (81%)        3318M (81%)        3318M (81%)         674M (16%)    
[177.439s][info][gc,heap     ] GC(326)      Used:     2802M (68%)        3400M (83%)         798M (19%)         778M (19%)        3422M (84%)         778M (19%)    
[177.439s][info][gc,heap     ] GC(326)      Live:         -               101M (2%)          101M (2%)          101M (2%)             -                  -          
[177.439s][info][gc,heap     ] GC(326) Allocated:         -               598M (15%)         646M (16%)         647M (16%)            -                  -          
[177.439s][info][gc,heap     ] GC(326)   Garbage:         -              2700M (66%)          50M (1%)           28M (1%)             -                  -          
[177.439s][info][gc,heap     ] GC(326) Reclaimed:         -                  -              2650M (65%)        2671M (65%)            -                  -          
[177.439s][info][gc          ] GC(326) Garbage Collection (Allocation Rate) 2802M(68%)->778M(19%)
[177.775s][info][gc,start    ] GC(327) Garbage Collection (Allocation Rate)
[177.775s][info][gc,task     ] GC(327) Using 1 workers
[177.775s][info][gc,phases   ] GC(327) Pause Mark Start 0.008ms
[177.923s][info][gc,phases   ] GC(327) Concurrent Mark 147.378ms
[177.923s][info][gc,phases   ] GC(327) Pause Mark End 0.023ms
[177.923s][info][gc,phases   ] GC(327) Concurrent Mark Free 0.002ms
[177.927s][info][gc,phases   ] GC(327) Concurrent Process Non-Strong References 3.888ms
[177.927s][info][gc,phases   ] GC(327) Concurrent Reset Relocation Set 0.003ms
[177.929s][info][gc,phases   ] GC(327) Concurrent Select Relocation Set 2.455ms
[177.930s][info][gc,phases   ] GC(327) Pause Relocate Start 0.011ms
[177.931s][info][gc,phases   ] GC(327) Concurrent Relocate 1.636ms
[177.931s][info][gc,load     ] GC(327) Load: 0.00/0.00/0.00
[177.931s][info][gc,mmu      ] GC(327) MMU: 2ms/96.2%, 5ms/98.5%, 10ms/99.0%, 20ms/99.5%, 50ms/99.8%, 100ms/99.9%
[177.931s][info][gc,marking  ] GC(327) Mark: 1 stripe(s), 2 proactive flush(es), 1 terminate flush(es), 0 completion(s), 0 continuation(s) 
[177.931s][info][gc,marking  ] GC(327) Mark Stack Usage: 32M
[177.931s][info][gc,nmethod  ] GC(327) NMethods: 1438 registered, 9 unregistered
[177.931s][info][gc,metaspace] GC(327) Metaspace: 11M used, 11M committed, 1088M reserved
[177.931s][info][gc,ref      ] GC(327) Soft: 197 encountered, 0 discovered, 0 enqueued
[177.931s][info][gc,ref      ] GC(327) Weak: 695 encountered, 187 discovered, 0 enqueued
[177.931s][info][gc,ref      ] GC(327) Final: 0 encountered, 0 discovered, 0 enqueued
[177.931s][info][gc,ref      ] GC(327) Phantom: 36 encountered, 21 discovered, 0 enqueued
[177.931s][info][gc,reloc    ] GC(327) Small Pages: 971 / 1942M, Empty: 1808M, Relocated: 2M, In-Place: 0
[177.931s][info][gc,reloc    ] GC(327) Medium Pages: 11 / 352M, Empty: 352M, Relocated: 0M, In-Place: 0
[177.931s][info][gc,reloc    ] GC(327) Large Pages: 1 / 6M, Empty: 0M, Relocated: 0M, In-Place: 0
[177.931s][info][gc,reloc    ] GC(327) Forwarding Usage: 0M
[177.931s][info][gc,heap     ] GC(327) Min Capacity: 4096M(100%)
[177.931s][info][gc,heap     ] GC(327) Max Capacity: 4096M(100%)
[177.931s][info][gc,heap     ] GC(327) Soft Max Capacity: 4096M(100%)
[177.931s][info][gc,heap     ] GC(327)                Mark Start          Mark End        Relocate Start      Relocate End           High               Low         
[177.931s][info][gc,heap     ] GC(327)  Capacity:     4096M (100%)       4096M (100%)       4096M (100%)       4096M (100%)       4096M (100%)       4096M (100%)   
[177.931s][info][gc,heap     ] GC(327)      Free:     1796M (44%)        1170M (29%)        3304M (81%)        3344M (82%)        3344M (82%)        1146M (28%)    
[177.931s][info][gc,heap     ] GC(327)      Used:     2300M (56%)        2926M (71%)         792M (19%)         752M (18%)        2950M (72%)         752M (18%)    
[177.931s][info][gc,heap     ] GC(327)      Live:         -                97M (2%)           97M (2%)           97M (2%)             -                  -          
[177.931s][info][gc,heap     ] GC(327) Allocated:         -               626M (15%)         652M (16%)         651M (16%)            -                  -          
[177.931s][info][gc,heap     ] GC(327)   Garbage:         -              2202M (54%)          42M (1%)            2M (0%)             -                  -          
[177.931s][info][gc,heap     ] GC(327) Reclaimed:         -                  -              2160M (53%)        2199M (54%)            -                  -          
[177.931s][info][gc          ] GC(327) Garbage Collection (Allocation Rate) 2300M(56%)->752M(18%)
[178.277s][info][gc,start    ] GC(328) Garbage Collection (Allocation Rate)
[178.277s][info][gc,task     ] GC(328) Using 1 workers
[178.278s][info][gc,phases   ] GC(328) Pause Mark Start 0.008ms
[178.464s][info][gc,phases   ] GC(328) Concurrent Mark 186.110ms
[178.464s][info][gc,phases   ] GC(328) Pause Mark End 0.028ms
[178.464s][info][gc,phases   ] GC(328) Concurrent Mark Free 0.002ms
[178.468s][info][gc,phases   ] GC(328) Concurrent Process Non-Strong References 4.338ms
[178.468s][info][gc,phases   ] GC(328) Concurrent Reset Relocation Set 0.006ms
[178.472s][info][gc,phases   ] GC(328) Concurrent Select Relocation Set 3.545ms
[178.472s][info][gc,phases   ] GC(328) Pause Relocate Start 0.013ms
[178.473s][info][gc,phases   ] GC(328) Concurrent Relocate 0.698ms
[178.473s][info][gc,load     ] GC(328) Load: 0.00/0.00/0.00
[178.473s][info][gc,mmu      ] GC(328) MMU: 2ms/96.2%, 5ms/98.5%, 10ms/99.0%, 20ms/99.5%, 50ms/99.8%, 100ms/99.9%
[178.473s][info][gc,marking  ] GC(328) Mark: 1 stripe(s), 2 proactive flush(es), 1 terminate flush(es), 0 completion(s), 0 continuation(s) 
[178.473s][info][gc,marking  ] GC(328) Mark Stack Usage: 32M
[178.473s][info][gc,nmethod  ] GC(328) NMethods: 1438 registered, 9 unregistered
[178.473s][info][gc,metaspace] GC(328) Metaspace: 11M used, 11M committed, 1088M reserved
[178.473s][info][gc,ref      ] GC(328) Soft: 197 encountered, 0 discovered, 0 enqueued
[178.473s][info][gc,ref      ] GC(328) Weak: 695 encountered, 187 discovered, 0 enqueued
[178.473s][info][gc,ref      ] GC(328) Final: 0 encountered, 0 discovered, 0 enqueued
[178.473s][info][gc,ref      ] GC(328) Phantom: 36 encountered, 21 discovered, 0 enqueued
[178.473s][info][gc,reloc    ] GC(328) Small Pages: 1011 / 2022M, Empty: 1880M, Relocated: 3M, In-Place: 0
[178.473s][info][gc,reloc    ] GC(328) Medium Pages: 10 / 320M, Empty: 320M, Relocated: 0M, In-Place: 0
[178.473s][info][gc,reloc    ] GC(328) Large Pages: 1 / 6M, Empty: 0M, Relocated: 0M, In-Place: 0
[178.473s][info][gc,reloc    ] GC(328) Forwarding Usage: 0M
[178.473s][info][gc,heap     ] GC(328) Min Capacity: 4096M(100%)
[178.473s][info][gc,heap     ] GC(328) Max Capacity: 4096M(100%)
[178.473s][info][gc,heap     ] GC(328) Soft Max Capacity: 4096M(100%)
[178.473s][info][gc,heap     ] GC(328)                Mark Start          Mark End        Relocate Start      Relocate End           High               Low         
[178.473s][info][gc,heap     ] GC(328)  Capacity:     4096M (100%)       4096M (100%)       4096M (100%)       4096M (100%)       4096M (100%)       4096M (100%)   
[178.473s][info][gc,heap     ] GC(328)      Free:     1748M (43%)         970M (24%)        3128M (76%)        3174M (77%)        3174M (77%)         944M (23%)    
[178.473s][info][gc,heap     ] GC(328)      Used:     2348M (57%)        3126M (76%)         968M (24%)         922M (23%)        3152M (77%)         922M (23%)    
[178.473s][info][gc,heap     ] GC(328)      Live:         -                99M (2%)           99M (2%)           99M (2%)             -                  -          
[178.473s][info][gc,heap     ] GC(328) Allocated:         -               778M (19%)         820M (20%)         819M (20%)            -                  -          
[178.473s][info][gc,heap     ] GC(328)   Garbage:         -              2248M (55%)          48M (1%)            2M (0%)             -                  -          
[178.473s][info][gc,heap     ] GC(328) Reclaimed:         -                  -              2200M (54%)        2245M (55%)            -                  -          
[178.473s][info][gc          ] GC(328) Garbage Collection (Allocation Rate) 2348M(57%)->922M(23%)
[178.874s][info][gc,start    ] GC(329) Garbage Collection (Allocation Rate)
[178.874s][info][gc,task     ] GC(329) Using 1 workers
[178.874s][info][gc,phases   ] GC(329) Pause Mark Start 0.013ms
[179.021s][info][gc,phases   ] GC(329) Concurrent Mark 147.083ms
[179.021s][info][gc,phases   ] GC(329) Pause Mark End 0.028ms
[179.021s][info][gc,phases   ] GC(329) Concurrent Mark Free 0.002ms
[179.025s][info][gc,phases   ] GC(329) Concurrent Process Non-Strong References 3.798ms
[179.025s][info][gc,phases   ] GC(329) Concurrent Reset Relocation Set 0.003ms
[179.028s][info][gc,phases   ] GC(329) Concurrent Select Relocation Set 2.307ms
[179.028s][info][gc,phases   ] GC(329) Pause Relocate Start 0.013ms
[179.029s][info][gc,phases   ] GC(329) Concurrent Relocate 1.293ms
[179.029s][info][gc,load     ] GC(329) Load: 0.00/0.00/0.00
[179.029s][info][gc,mmu      ] GC(329) MMU: 2ms/96.2%, 5ms/98.5%, 10ms/99.0%, 20ms/99.5%, 50ms/99.8%, 100ms/99.9%
[179.029s][info][gc,marking  ] GC(329) Mark: 1 stripe(s), 2 proactive flush(es), 1 terminate flush(es), 0 completion(s), 0 continuation(s) 
[179.029s][info][gc,marking  ] GC(329) Mark Stack Usage: 32M
[179.029s][info][gc,nmethod  ] GC(329) NMethods: 1438 registered, 9 unregistered
[179.029s][info][gc,metaspace] GC(329) Metaspace: 11M used, 11M committed, 1088M reserved
[179.029s][info][gc,ref      ] GC(329) Soft: 197 encountered, 0 discovered, 0 enqueued
[179.029s][info][gc,ref      ] GC(329) Weak: 695 encountered, 554 discovered, 0 enqueued
[179.029s][info][gc,ref      ] GC(329) Final: 0 encountered, 0 discovered, 0 enqueued
[179.029s][info][gc,ref      ] GC(329) Phantom: 36 encountered, 17 discovered, 0 enqueued
[179.029s][info][gc,reloc    ] GC(329) Small Pages: 1177 / 2354M, Empty: 2238M, Relocated: 1M, In-Place: 0
[179.029s][info][gc,reloc    ] GC(329) Medium Pages: 12 / 384M, Empty: 352M, Relocated: 0M, In-Place: 0
[179.029s][info][gc,reloc    ] GC(329) Large Pages: 1 / 6M, Empty: 0M, Relocated: 0M, In-Place: 0
[179.029s][info][gc,reloc    ] GC(329) Forwarding Usage: 0M
[179.029s][info][gc,heap     ] GC(329) Min Capacity: 4096M(100%)
[179.029s][info][gc,heap     ] GC(329) Max Capacity: 4096M(100%)
[179.029s][info][gc,heap     ] GC(329) Soft Max Capacity: 4096M(100%)
[179.029s][info][gc,heap     ] GC(329)                Mark Start          Mark End        Relocate Start      Relocate End           High               Low         
[179.029s][info][gc,heap     ] GC(329)  Capacity:     4096M (100%)       4096M (100%)       4096M (100%)       4096M (100%)       4096M (100%)       4096M (100%)   
[179.029s][info][gc,heap     ] GC(329)      Free:     1352M (33%)         774M (19%)        3344M (82%)        3368M (82%)        3368M (82%)         754M (18%)    
[179.029s][info][gc,heap     ] GC(329)      Used:     2744M (67%)        3322M (81%)         752M (18%)         728M (18%)        3342M (82%)         728M (18%)    
[179.029s][info][gc,heap     ] GC(329)      Live:         -               100M (2%)          100M (2%)          100M (2%)             -                  -          
[179.029s][info][gc,heap     ] GC(329) Allocated:         -               578M (14%)         598M (15%)         597M (15%)            -                  -          
[179.029s][info][gc,heap     ] GC(329)   Garbage:         -              2643M (65%)          53M (1%)           29M (1%)             -                  -          
[179.030s][info][gc,heap     ] GC(329) Reclaimed:         -                  -              2590M (63%)        2613M (64%)            -                  -          
[179.030s][info][gc          ] GC(329) Garbage Collection (Allocation Rate) 2744M(67%)->728M(18%)
[179.486s][info][gc,start    ] GC(330) Garbage Collection (Allocation Rate)
[179.486s][info][gc,task     ] GC(330) Using 1 workers
[179.486s][info][gc,phases   ] GC(330) Pause Mark Start 0.013ms
[179.639s][info][gc,phases   ] GC(330) Concurrent Mark 152.718ms
[179.639s][info][gc,phases   ] GC(330) Pause Mark End 0.023ms
[179.639s][info][gc,phases   ] GC(330) Concurrent Mark Free 0.001ms
[179.645s][info][gc,phases   ] GC(330) Concurrent Process Non-Strong References 5.814ms
[179.645s][info][gc,phases   ] GC(330) Concurrent Reset Relocation Set 0.002ms
[179.648s][info][gc,phases   ] GC(330) Concurrent Select Relocation Set 3.305ms
[179.649s][info][gc,phases   ] GC(330) Pause Relocate Start 0.018ms
[179.650s][info][gc,phases   ] GC(330) Concurrent Relocate 1.763ms
[179.651s][info][gc,load     ] GC(330) Load: 0.00/0.00/0.00
[179.651s][info][gc,mmu      ] GC(330) MMU: 2ms/96.2%, 5ms/98.5%, 10ms/99.0%, 20ms/99.5%, 50ms/99.8%, 100ms/99.9%
[179.651s][info][gc,marking  ] GC(330) Mark: 1 stripe(s), 2 proactive flush(es), 1 terminate flush(es), 0 completion(s), 0 continuation(s) 
[179.651s][info][gc,marking  ] GC(330) Mark Stack Usage: 32M
[179.651s][info][gc,nmethod  ] GC(330) NMethods: 1438 registered, 9 unregistered
[179.651s][info][gc,metaspace] GC(330) Metaspace: 11M used, 11M committed, 1088M reserved
[179.651s][info][gc,ref      ] GC(330) Soft: 197 encountered, 0 discovered, 0 enqueued
[179.651s][info][gc,ref      ] GC(330) Weak: 695 encountered, 554 discovered, 0 enqueued
[179.651s][info][gc,ref      ] GC(330) Final: 0 encountered, 0 discovered, 0 enqueued
[179.651s][info][gc,ref      ] GC(330) Phantom: 36 encountered, 17 discovered, 0 enqueued
[179.651s][info][gc,reloc    ] GC(330) Small Pages: 1204 / 2408M, Empty: 2296M, Relocated: 1M, In-Place: 0
[179.651s][info][gc,reloc    ] GC(330) Medium Pages: 13 / 416M, Empty: 384M, Relocated: 0M, In-Place: 0
[179.651s][info][gc,reloc    ] GC(330) Large Pages: 1 / 6M, Empty: 0M, Relocated: 0M, In-Place: 0
[179.651s][info][gc,reloc    ] GC(330) Forwarding Usage: 0M
[179.651s][info][gc,heap     ] GC(330) Min Capacity: 4096M(100%)
[179.651s][info][gc,heap     ] GC(330) Max Capacity: 4096M(100%)
[179.651s][info][gc,heap     ] GC(330) Soft Max Capacity: 4096M(100%)
[179.651s][info][gc,heap     ] GC(330)                Mark Start          Mark End        Relocate Start      Relocate End           High               Low         
[179.651s][info][gc,heap     ] GC(330)  Capacity:     4096M (100%)       4096M (100%)       4096M (100%)       4096M (100%)       4096M (100%)       4096M (100%)   
[179.651s][info][gc,heap     ] GC(330)      Free:     1266M (31%)         670M (16%)        3332M (81%)        3342M (82%)        3350M (82%)         670M (16%)    
[179.651s][info][gc,heap     ] GC(330)      Used:     2830M (69%)        3426M (84%)         764M (19%)         754M (18%)        3426M (84%)         746M (18%)    
[179.651s][info][gc,heap     ] GC(330)      Live:         -               100M (2%)          100M (2%)          100M (2%)             -                  -          
[179.651s][info][gc,heap     ] GC(330) Allocated:         -               596M (15%)         614M (15%)         623M (15%)            -                  -          
[179.651s][info][gc,heap     ] GC(330)   Garbage:         -              2729M (67%)          49M (1%)           29M (1%)             -                  -          
[179.651s][info][gc,heap     ] GC(330) Reclaimed:         -                  -              2680M (65%)        2699M (66%)            -                  -          
[179.651s][info][gc          ] GC(330) Garbage Collection (Allocation Rate) 2830M(69%)->754M(18%)
[180.083s][info][gc,start    ] GC(331) Garbage Collection (Allocation Rate)
[180.083s][info][gc,task     ] GC(331) Using 1 workers
[180.083s][info][gc,phases   ] GC(331) Pause Mark Start 0.015ms
[180.177s][info][gc,stats    ] === Garbage Collection Statistics =======================================================================================================================
[180.177s][info][gc,stats    ]                                                              Last 10s              Last 10m              Last 10h                Total
[180.177s][info][gc,stats    ]                                                              Avg / Max             Avg / Max             Avg / Max             Avg / Max
[180.177s][info][gc,stats    ]   Collector: Garbage Collection Cycle                    165.263 / 231.631     162.251 / 259.019     162.251 / 259.019     162.251 / 259.019     ms
[180.177s][info][gc,stats    ]  Contention: Mark Segment Reset Contention                     0 / 0                 0 / 2                 0 / 2                 0 / 2           ops/s
[180.177s][info][gc,stats    ]  Contention: Mark SeqNum Reset Contention                      0 / 1                 0 / 2                 0 / 2                 0 / 2           ops/s
[180.177s][info][gc,stats    ]    Critical: Allocation Stall                                  0 / 0                 0 / 0                 0 / 0                 0 / 0           ops/s
[180.177s][info][gc,stats    ]    Critical: Allocation Stall                              0.000 / 0.000         0.000 / 0.000         0.000 / 0.000         0.000 / 0.000       ms
[180.177s][info][gc,stats    ]    Critical: GC Locker Stall                                   0 / 0                 0 / 0                 0 / 0                 0 / 0           ops/s
[180.177s][info][gc,stats    ]    Critical: GC Locker Stall                               0.000 / 0.000         0.000 / 0.000         0.000 / 0.000         0.000 / 0.000       ms
[180.177s][info][gc,stats    ]    Critical: Relocation Stall                                  0 / 0                 0 / 0                 0 / 0                 0 / 0           ops/s
[180.177s][info][gc,stats    ]    Critical: Relocation Stall                              0.000 / 0.000         0.000 / 0.000         0.000 / 0.000         0.000 / 0.000       ms
[180.177s][info][gc,stats    ]      Memory: Allocation Rate                                4330 / 4506           4284 / 4592           4284 / 4592           4284 / 4592        MB/s
[180.177s][info][gc,stats    ]      Memory: Defragment                                        0 / 0                 0 / 0                 0 / 0                 0 / 0           ops/s
[180.177s][info][gc,stats    ]      Memory: Out Of Memory                                     0 / 0                 0 / 0                 0 / 0                 0 / 0           ops/s
[180.177s][info][gc,stats    ]      Memory: Page Cache Flush                                  0 / 0                 0 / 0                 0 / 0                 0 / 0           MB/s
[180.177s][info][gc,stats    ]      Memory: Page Cache Hit L1                              1869 / 1954           1844 / 2002           1844 / 2002           1844 / 2002        ops/s
[180.177s][info][gc,stats    ]      Memory: Page Cache Hit L2                                 0 / 0                 0 / 0                 0 / 0                 0 / 0           ops/s
[180.177s][info][gc,stats    ]      Memory: Page Cache Hit L3                                 0 / 0                 9 / 437               9 / 437               9 / 437         ops/s
[180.177s][info][gc,stats    ]      Memory: Page Cache Miss                                   0 / 0                 0 / 1                 0 / 1                 0 / 1           ops/s
[180.177s][info][gc,stats    ]      Memory: Uncommit                                          0 / 0                 0 / 0                 0 / 0                 0 / 0           MB/s
[180.177s][info][gc,stats    ]      Memory: Undo Object Allocation Failed                     0 / 0                 0 / 1                 0 / 1                 0 / 1           ops/s
[180.177s][info][gc,stats    ]      Memory: Undo Object Allocation Succeeded                  0 / 5                17 / 1067             17 / 1067             17 / 1067        ops/s
[180.177s][info][gc,stats    ]      Memory: Undo Page Allocation                              2 / 4                 2 / 7                 2 / 7                 2 / 7           ops/s
[180.177s][info][gc,stats    ]       Phase: Concurrent Mark                             155.548 / 222.172     150.963 / 251.310     150.963 / 251.310     150.963 / 251.310     ms
[180.177s][info][gc,stats    ]       Phase: Concurrent Mark Continue                      0.000 / 0.000         0.000 / 0.000         0.000 / 0.000         0.000 / 0.000       ms
[180.177s][info][gc,stats    ]       Phase: Concurrent Mark Free                          0.002 / 0.004         0.002 / 0.005         0.002 / 0.005         0.002 / 0.005       ms
[180.177s][info][gc,stats    ]       Phase: Concurrent Process Non-Strong References      4.849 / 10.418        5.282 / 24.469        5.282 / 24.469        5.282 / 24.469      ms
[180.177s][info][gc,stats    ]       Phase: Concurrent Relocate                           1.042 / 1.811         1.953 / 57.532        1.953 / 57.532        1.953 / 57.532      ms
[180.177s][info][gc,stats    ]       Phase: Concurrent Reset Relocation Set               0.004 / 0.009         0.004 / 0.026         0.004 / 0.026         0.004 / 0.026       ms
[180.177s][info][gc,stats    ]       Phase: Concurrent Select Relocation Set              2.823 / 3.978         3.027 / 13.885        3.027 / 13.885        3.027 / 13.885      ms
[180.177s][info][gc,stats    ]       Phase: Pause Mark End                                0.020 / 0.028         0.018 / 0.047         0.018 / 0.047         0.018 / 0.047       ms
[180.177s][info][gc,stats    ]       Phase: Pause Mark Start                              0.010 / 0.017         0.010 / 0.027         0.010 / 0.027         0.010 / 0.027       ms
[180.177s][info][gc,stats    ]       Phase: Pause Relocate Start                          0.012 / 0.019         0.012 / 0.077         0.012 / 0.077         0.012 / 0.077       ms
[180.177s][info][gc,stats    ]    Subphase: Concurrent Classes Purge                      0.013 / 0.025         0.016 / 0.208         0.016 / 0.208         0.016 / 0.208       ms
[180.177s][info][gc,stats    ]    Subphase: Concurrent Classes Unlink                     2.958 / 3.880         2.731 / 3.880         2.731 / 3.880         2.731 / 3.880       ms
[180.177s][info][gc,stats    ]    Subphase: Concurrent Mark                             142.448 / 221.437     136.507 / 250.559     136.507 / 250.559     136.507 / 250.559     ms
[180.177s][info][gc,stats    ]    Subphase: Concurrent Mark Try Flush                     0.778 / 15.746        0.757 / 17.896        0.757 / 17.896        0.757 / 17.896      ms
[180.178s][info][gc,stats    ]    Subphase: Concurrent Mark Try Terminate                 0.795 / 13.751        1.174 / 17.378        1.174 / 17.378        1.174 / 17.378      ms
[180.178s][info][gc,stats    ]    Subphase: Concurrent References Enqueue                 0.001 / 0.002         0.001 / 0.015         0.001 / 0.015         0.001 / 0.015       ms
[180.178s][info][gc,stats    ]    Subphase: Concurrent References Process                 0.093 / 0.159         0.086 / 0.535         0.086 / 0.535         0.086 / 0.535       ms
[180.178s][info][gc,stats    ]    Subphase: Concurrent Roots ClassLoaderDataGraph         0.081 / 0.149         0.071 / 0.272         0.071 / 0.272         0.071 / 0.272       ms
[180.178s][info][gc,stats    ]    Subphase: Concurrent Roots CodeCache                    0.000 / 0.000         0.000 / 0.000         0.000 / 0.000         0.000 / 0.000       ms
[180.178s][info][gc,stats    ]    Subphase: Concurrent Roots JavaThreads                  0.643 / 1.186         0.629 / 7.312         0.629 / 7.312         0.629 / 7.312       ms
[180.178s][info][gc,stats    ]    Subphase: Concurrent Roots OopStorageSet                0.034 / 0.066         0.029 / 0.099         0.029 / 0.099         0.029 / 0.099       ms
[180.178s][info][gc,stats    ]    Subphase: Concurrent Weak Roots OopStorageSet           0.202 / 0.362         0.189 / 0.369         0.189 / 0.369         0.189 / 0.369       ms
[180.178s][info][gc,stats    ]    Subphase: Pause Mark Try Complete                       0.000 / 0.000         0.000 / 0.000         0.000 / 0.000         0.000 / 0.000       ms
[180.178s][info][gc,stats    ]      System: Java Threads                                     24 / 25               23 / 25               23 / 25               23 / 25          threads
[180.178s][info][gc,stats    ] =========================================================================================================================================================
[180.230s][info][gc,phases   ] GC(331) Concurrent Mark 147.137ms
[180.231s][info][gc,phases   ] GC(331) Pause Mark End 0.019ms
[180.231s][info][gc,phases   ] GC(331) Concurrent Mark Free 0.001ms
[180.235s][info][gc,phases   ] GC(331) Concurrent Process Non-Strong References 4.008ms
[180.235s][info][gc,phases   ] GC(331) Concurrent Reset Relocation Set 0.002ms
[180.238s][info][gc,phases   ] GC(331) Concurrent Select Relocation Set 2.952ms
[180.238s][info][gc,phases   ] GC(331) Pause Relocate Start 0.012ms
[180.239s][info][gc,phases   ] GC(331) Concurrent Relocate 1.355ms
[180.239s][info][gc,load     ] GC(331) Load: 0.00/0.00/0.00
[180.239s][info][gc,mmu      ] GC(331) MMU: 2ms/96.2%, 5ms/98.5%, 10ms/99.0%, 20ms/99.5%, 50ms/99.8%, 100ms/99.9%
[180.239s][info][gc,marking  ] GC(331) Mark: 1 stripe(s), 2 proactive flush(es), 1 terminate flush(es), 0 completion(s), 0 continuation(s) 
[180.239s][info][gc,marking  ] GC(331) Mark Stack Usage: 32M
[180.239s][info][gc,nmethod  ] GC(331) NMethods: 1438 registered, 9 unregistered
[180.239s][info][gc,metaspace] GC(331) Metaspace: 11M used, 11M committed, 1088M reserved
[180.239s][info][gc,ref      ] GC(331) Soft: 197 encountered, 0 discovered, 0 enqueued
[180.239s][info][gc,ref      ] GC(331) Weak: 695 encountered, 187 discovered, 0 enqueued
[180.240s][info][gc,ref      ] GC(331) Final: 0 encountered, 0 discovered, 0 enqueued
[180.240s][info][gc,ref      ] GC(331) Phantom: 36 encountered, 21 discovered, 0 enqueued
[180.240s][info][gc,reloc    ] GC(331) Small Pages: 1174 / 2348M, Empty: 2212M, Relocated: 2M, In-Place: 0
[180.240s][info][gc,reloc    ] GC(331) Medium Pages: 13 / 416M, Empty: 416M, Relocated: 0M, In-Place: 0
[180.240s][info][gc,reloc    ] GC(331) Large Pages: 1 / 6M, Empty: 0M, Relocated: 0M, In-Place: 0
[180.240s][info][gc,reloc    ] GC(331) Forwarding Usage: 0M
[180.240s][info][gc,heap     ] GC(331) Min Capacity: 4096M(100%)
[180.240s][info][gc,heap     ] GC(331) Max Capacity: 4096M(100%)
[180.240s][info][gc,heap     ] GC(331) Soft Max Capacity: 4096M(100%)
[180.240s][info][gc,heap     ] GC(331)                Mark Start          Mark End        Relocate Start      Relocate End           High               Low         
[180.240s][info][gc,heap     ] GC(331)  Capacity:     4096M (100%)       4096M (100%)       4096M (100%)       4096M (100%)       4096M (100%)       4096M (100%)   
[180.240s][info][gc,heap     ] GC(331)      Free:     1326M (32%)         690M (17%)        3300M (81%)        3342M (82%)        3342M (82%)         672M (16%)    
[180.240s][info][gc,heap     ] GC(331)      Used:     2770M (68%)        3406M (83%)         796M (19%)         754M (18%)        3424M (84%)         754M (18%)    
[180.240s][info][gc,heap     ] GC(331)      Live:         -                97M (2%)           97M (2%)           97M (2%)             -                  -          
[180.240s][info][gc,heap     ] GC(331) Allocated:         -               636M (16%)         654M (16%)         653M (16%)            -                  -          
[180.240s][info][gc,heap     ] GC(331)   Garbage:         -              2672M (65%)          44M (1%)            2M (0%)             -                  -          
[180.240s][info][gc,heap     ] GC(331) Reclaimed:         -                  -              2628M (64%)        2669M (65%)            -                  -          
[180.240s][info][gc          ] GC(331) Garbage Collection (Allocation Rate) 2770M(68%)->754M(18%)
[180.680s][info][gc,start    ] GC(332) Garbage Collection (Allocation Rate)
[180.680s][info][gc,task     ] GC(332) Using 1 workers
[180.680s][info][gc,phases   ] GC(332) Pause Mark Start 0.006ms
[180.904s][info][gc,phases   ] GC(332) Concurrent Mark 224.568ms
[180.905s][info][gc,phases   ] GC(332) Pause Mark End 0.019ms
[180.905s][info][gc,phases   ] GC(332) Concurrent Mark Free 0.002ms
[180.908s][info][gc,phases   ] GC(332) Concurrent Process Non-Strong References 3.736ms
[180.909s][info][gc,phases   ] GC(332) Concurrent Reset Relocation Set 0.003ms
[180.912s][info][gc,phases   ] GC(332) Concurrent Select Relocation Set 3.020ms
[180.912s][info][gc,phases   ] GC(332) Pause Relocate Start 0.010ms
[180.912s][info][gc,phases   ] GC(332) Concurrent Relocate 0.624ms
[180.912s][info][gc,load     ] GC(332) Load: 0.00/0.00/0.00
[180.912s][info][gc,mmu      ] GC(332) MMU: 2ms/96.2%, 5ms/98.5%, 10ms/99.0%, 20ms/99.5%, 50ms/99.8%, 100ms/99.9%
[180.912s][info][gc,marking  ] GC(332) Mark: 1 stripe(s), 2 proactive flush(es), 1 terminate flush(es), 0 completion(s), 0 continuation(s) 
[180.912s][info][gc,marking  ] GC(332) Mark Stack Usage: 32M
[180.913s][info][gc,nmethod  ] GC(332) NMethods: 1438 registered, 9 unregistered
[180.913s][info][gc,metaspace] GC(332) Metaspace: 11M used, 11M committed, 1088M reserved
[180.913s][info][gc,ref      ] GC(332) Soft: 197 encountered, 0 discovered, 0 enqueued
[180.913s][info][gc,ref      ] GC(332) Weak: 695 encountered, 187 discovered, 0 enqueued
[180.913s][info][gc,ref      ] GC(332) Final: 0 encountered, 0 discovered, 0 enqueued
[180.913s][info][gc,ref      ] GC(332) Phantom: 36 encountered, 21 discovered, 0 enqueued
[180.913s][info][gc,reloc    ] GC(332) Small Pages: 1191 / 2382M, Empty: 2268M, Relocated: 0M, In-Place: 0
[180.913s][info][gc,reloc    ] GC(332) Medium Pages: 12 / 384M, Empty: 352M, Relocated: 0M, In-Place: 0
[180.913s][info][gc,reloc    ] GC(332) Large Pages: 1 / 6M, Empty: 0M, Relocated: 0M, In-Place: 0
[180.913s][info][gc,reloc    ] GC(332) Forwarding Usage: 0M
[180.913s][info][gc,heap     ] GC(332) Min Capacity: 4096M(100%)
[180.913s][info][gc,heap     ] GC(332) Max Capacity: 4096M(100%)
[180.913s][info][gc,heap     ] GC(332) Soft Max Capacity: 4096M(100%)
[180.913s][info][gc,heap     ] GC(332)                Mark Start          Mark End        Relocate Start      Relocate End           High               Low         
[180.913s][info][gc,heap     ] GC(332)  Capacity:     4096M (100%)       4096M (100%)       4096M (100%)       4096M (100%)       4096M (100%)       4096M (100%)   
[180.913s][info][gc,heap     ] GC(332)      Free:     1324M (32%)         376M (9%)         2954M (72%)        2974M (73%)        2974M (73%)         334M (8%)     
[180.913s][info][gc,heap     ] GC(332)      Used:     2772M (68%)        3720M (91%)        1142M (28%)        1122M (27%)        3762M (92%)        1122M (27%)    
[180.913s][info][gc,heap     ] GC(332)      Live:         -                99M (2%)           99M (2%)           99M (2%)             -                  -          
[180.913s][info][gc,heap     ] GC(332) Allocated:         -               948M (23%)         990M (24%)         991M (24%)            -                  -          
[180.913s][info][gc,heap     ] GC(332)   Garbage:         -              2672M (65%)          52M (1%)           30M (1%)             -                  -          
[180.913s][info][gc,heap     ] GC(332) Reclaimed:         -                  -              2620M (64%)        2641M (65%)            -                  -          
[180.913s][info][gc          ] GC(332) Garbage Collection (Allocation Rate) 2772M(68%)->1122M(27%)
[181.046s][info][gc,start    ] GC(333) Garbage Collection (System.gc())
[181.046s][info][gc,task     ] GC(333) Using 2 workers
[181.047s][info][gc,phases   ] GC(333) Pause Mark Start 0.007ms
[181.104s][info][gc,phases   ] GC(333) Concurrent Mark 56.934ms
[181.104s][info][gc,phases   ] GC(333) Pause Mark End 0.027ms
[181.104s][info][gc,phases   ] GC(333) Concurrent Mark Free 0.003ms
[181.106s][info][gc,phases   ] GC(333) Concurrent Process Non-Strong References 1.714ms
[181.106s][info][gc,phases   ] GC(333) Concurrent Reset Relocation Set 0.002ms
[181.107s][info][gc,phases   ] GC(333) Concurrent Select Relocation Set 1.277ms
[181.107s][info][gc,phases   ] GC(333) Pause Relocate Start 0.006ms
[181.107s][info][gc,phases   ] GC(333) Concurrent Relocate 0.450ms
[181.108s][info][gc,load     ] GC(333) Load: 0.00/0.00/0.00
[181.108s][info][gc,mmu      ] GC(333) MMU: 2ms/96.2%, 5ms/98.5%, 10ms/99.0%, 20ms/99.5%, 50ms/99.8%, 100ms/99.9%
[181.108s][info][gc,marking  ] GC(333) Mark: 2 stripe(s), 1 proactive flush(es), 1 terminate flush(es), 0 completion(s), 0 continuation(s) 
[181.108s][info][gc,marking  ] GC(333) Mark Stack Usage: 32M
[181.108s][info][gc,nmethod  ] GC(333) NMethods: 1438 registered, 9 unregistered
[181.108s][info][gc,metaspace] GC(333) Metaspace: 11M used, 11M committed, 1088M reserved
[181.108s][info][gc,ref      ] GC(333) Soft: 197 encountered, 0 discovered, 0 enqueued
[181.108s][info][gc,ref      ] GC(333) Weak: 695 encountered, 185 discovered, 0 enqueued
[181.108s][info][gc,ref      ] GC(333) Final: 0 encountered, 0 discovered, 0 enqueued
[181.108s][info][gc,ref      ] GC(333) Phantom: 36 encountered, 16 discovered, 0 enqueued
[181.108s][info][gc,reloc    ] GC(333) Small Pages: 708 / 1416M, Empty: 1318M, Relocated: 0M, In-Place: 0
[181.108s][info][gc,reloc    ] GC(333) Medium Pages: 8 / 256M, Empty: 256M, Relocated: 0M, In-Place: 0
[181.108s][info][gc,reloc    ] GC(333) Large Pages: 1 / 6M, Empty: 0M, Relocated: 0M, In-Place: 0
[181.108s][info][gc,reloc    ] GC(333) Forwarding Usage: 0M
[181.108s][info][gc,heap     ] GC(333) Min Capacity: 4096M(100%)
[181.108s][info][gc,heap     ] GC(333) Max Capacity: 4096M(100%)
[181.108s][info][gc,heap     ] GC(333) Soft Max Capacity: 4096M(100%)
[181.108s][info][gc,heap     ] GC(333)                Mark Start          Mark End        Relocate Start      Relocate End           High               Low         
[181.108s][info][gc,heap     ] GC(333)  Capacity:     4096M (100%)       4096M (100%)       4096M (100%)       4096M (100%)       4096M (100%)       4096M (100%)   
[181.108s][info][gc,heap     ] GC(333)      Free:     2418M (59%)        2418M (59%)        3992M (97%)        3996M (98%)        3996M (98%)        2418M (59%)    
[181.108s][info][gc,heap     ] GC(333)      Used:     1678M (41%)        1678M (41%)         104M (3%)          100M (2%)         1678M (41%)         100M (2%)     
[181.108s][info][gc,heap     ] GC(333)      Live:         -                95M (2%)           95M (2%)           95M (2%)             -                  -          
[181.108s][info][gc,heap     ] GC(333) Allocated:         -                 0M (0%)            0M (0%)            0M (0%)             -                  -          
[181.108s][info][gc,heap     ] GC(333)   Garbage:         -              1582M (39%)           8M (0%)            4M (0%)             -                  -          
[181.108s][info][gc,heap     ] GC(333) Reclaimed:         -                  -              1574M (38%)        1578M (39%)            -                  -          
[181.108s][info][gc          ] GC(333) Garbage Collection (System.gc()) 1678M(41%)->100M(2%)
[181.779s][info][gc,start    ] GC(334) Garbage Collection (Allocation Rate)
[181.779s][info][gc,task     ] GC(334) Using 2 workers
[181.779s][info][gc,phases   ] GC(334) Pause Mark Start 0.009ms
[181.857s][info][gc,phases   ] GC(334) Concurrent Mark 78.185ms
[181.858s][info][gc,phases   ] GC(334) Pause Mark End 0.012ms
[181.858s][info][gc,phases   ] GC(334) Concurrent Mark Free 0.001ms
[181.861s][info][gc,phases   ] GC(334) Concurrent Process Non-Strong References 2.957ms
[181.861s][info][gc,phases   ] GC(334) Concurrent Reset Relocation Set 0.002ms
[181.864s][info][gc,phases   ] GC(334) Concurrent Select Relocation Set 3.644ms
[181.865s][info][gc,phases   ] GC(334) Pause Relocate Start 0.015ms
[181.867s][info][gc,phases   ] GC(334) Concurrent Relocate 2.498ms
[181.867s][info][gc,load     ] GC(334) Load: 0.00/0.00/0.00
[181.867s][info][gc,mmu      ] GC(334) MMU: 2ms/96.2%, 5ms/98.5%, 10ms/99.0%, 20ms/99.5%, 50ms/99.8%, 100ms/99.9%
[181.867s][info][gc,marking  ] GC(334) Mark: 2 stripe(s), 2 proactive flush(es), 1 terminate flush(es), 0 completion(s), 0 continuation(s) 
[181.867s][info][gc,marking  ] GC(334) Mark Stack Usage: 32M
[181.867s][info][gc,nmethod  ] GC(334) NMethods: 1438 registered, 9 unregistered
[181.867s][info][gc,metaspace] GC(334) Metaspace: 11M used, 11M committed, 1088M reserved
[181.867s][info][gc,ref      ] GC(334) Soft: 197 encountered, 0 discovered, 0 enqueued
[181.867s][info][gc,ref      ] GC(334) Weak: 695 encountered, 7 discovered, 0 enqueued
[181.867s][info][gc,ref      ] GC(334) Final: 0 encountered, 0 discovered, 0 enqueued
[181.867s][info][gc,ref      ] GC(334) Phantom: 36 encountered, 14 discovered, 0 enqueued
[181.867s][info][gc,reloc    ] GC(334) Small Pages: 1388 / 2776M, Empty: 2642M, Relocated: 3M, In-Place: 0
[181.867s][info][gc,reloc    ] GC(334) Medium Pages: 14 / 448M, Empty: 448M, Relocated: 0M, In-Place: 0
[181.867s][info][gc,reloc    ] GC(334) Large Pages: 1 / 6M, Empty: 0M, Relocated: 0M, In-Place: 0
[181.867s][info][gc,reloc    ] GC(334) Forwarding Usage: 0M
[181.867s][info][gc,heap     ] GC(334) Min Capacity: 4096M(100%)
[181.867s][info][gc,heap     ] GC(334) Max Capacity: 4096M(100%)
[181.867s][info][gc,heap     ] GC(334) Soft Max Capacity: 4096M(100%)
[181.867s][info][gc,heap     ] GC(334)                Mark Start          Mark End        Relocate Start      Relocate End           High               Low         
[181.867s][info][gc,heap     ] GC(334)  Capacity:     4096M (100%)       4096M (100%)       4096M (100%)       4096M (100%)       4096M (100%)       4096M (100%)   
[181.867s][info][gc,heap     ] GC(334)      Free:      866M (21%)         584M (14%)        3656M (89%)        3686M (90%)        3690M (90%)         584M (14%)    
[181.867s][info][gc,heap     ] GC(334)      Used:     3230M (79%)        3512M (86%)         440M (11%)         410M (10%)        3512M (86%)         406M (10%)    
[181.867s][info][gc,heap     ] GC(334)      Live:         -                98M (2%)           98M (2%)           98M (2%)             -                  -          
[181.867s][info][gc,heap     ] GC(334) Allocated:         -               282M (7%)          300M (7%)          309M (8%)             -                  -          
[181.867s][info][gc,heap     ] GC(334)   Garbage:         -              3131M (76%)          41M (1%)            1M (0%)             -                  -          
[181.867s][info][gc,heap     ] GC(334) Reclaimed:         -                  -              3090M (75%)        3129M (76%)            -                  -          
[181.867s][info][gc          ] GC(334) Garbage Collection (Allocation Rate) 3230M(79%)->410M(10%)
[182.281s][info][gc,start    ] GC(335) Garbage Collection (Allocation Rate)
[182.281s][info][gc,task     ] GC(335) Using 1 workers
[182.281s][info][gc,phases   ] GC(335) Pause Mark Start 0.010ms
[182.437s][info][gc,phases   ] GC(335) Concurrent Mark 156.244ms
[182.438s][info][gc,phases   ] GC(335) Pause Mark End 0.012ms
[182.438s][info][gc,phases   ] GC(335) Concurrent Mark Free 0.001ms
[182.445s][info][gc,phases   ] GC(335) Concurrent Process Non-Strong References 6.877ms
[182.445s][info][gc,phases   ] GC(335) Concurrent Reset Relocation Set 0.004ms
[182.449s][info][gc,phases   ] GC(335) Concurrent Select Relocation Set 3.876ms
[182.449s][info][gc,phases   ] GC(335) Pause Relocate Start 0.015ms
[182.451s][info][gc,phases   ] GC(335) Concurrent Relocate 2.315ms
[182.451s][info][gc,load     ] GC(335) Load: 0.00/0.00/0.00
[182.451s][info][gc,mmu      ] GC(335) MMU: 2ms/96.2%, 5ms/98.5%, 10ms/99.0%, 20ms/99.5%, 50ms/99.8%, 100ms/99.9%
[182.451s][info][gc,marking  ] GC(335) Mark: 1 stripe(s), 2 proactive flush(es), 1 terminate flush(es), 0 completion(s), 0 continuation(s) 
[182.451s][info][gc,marking  ] GC(335) Mark Stack Usage: 32M
[182.451s][info][gc,nmethod  ] GC(335) NMethods: 1438 registered, 9 unregistered
[182.451s][info][gc,metaspace] GC(335) Metaspace: 11M used, 11M committed, 1088M reserved
[182.451s][info][gc,ref      ] GC(335) Soft: 197 encountered, 0 discovered, 0 enqueued
[182.451s][info][gc,ref      ] GC(335) Weak: 695 encountered, 187 discovered, 0 enqueued
[182.451s][info][gc,ref      ] GC(335) Final: 0 encountered, 0 discovered, 0 enqueued
[182.451s][info][gc,ref      ] GC(335) Phantom: 36 encountered, 21 discovered, 0 enqueued
[182.451s][info][gc,reloc    ] GC(335) Small Pages: 1001 / 2002M, Empty: 1846M, Relocated: 3M, In-Place: 0
[182.451s][info][gc,reloc    ] GC(335) Medium Pages: 10 / 320M, Empty: 320M, Relocated: 0M, In-Place: 0
[182.451s][info][gc,reloc    ] GC(335) Large Pages: 1 / 6M, Empty: 0M, Relocated: 0M, In-Place: 0
[182.451s][info][gc,reloc    ] GC(335) Forwarding Usage: 0M
[182.451s][info][gc,heap     ] GC(335) Min Capacity: 4096M(100%)
[182.451s][info][gc,heap     ] GC(335) Max Capacity: 4096M(100%)
[182.451s][info][gc,heap     ] GC(335) Soft Max Capacity: 4096M(100%)
[182.451s][info][gc,heap     ] GC(335)                Mark Start          Mark End        Relocate Start      Relocate End           High               Low         
[182.451s][info][gc,heap     ] GC(335)  Capacity:     4096M (100%)       4096M (100%)       4096M (100%)       4096M (100%)       4096M (100%)       4096M (100%)   
[182.451s][info][gc,heap     ] GC(335)      Free:     1768M (43%)        1126M (27%)        3244M (79%)        3298M (81%)        3302M (81%)        1102M (27%)    
[182.451s][info][gc,heap     ] GC(335)      Used:     2328M (57%)        2970M (73%)         852M (21%)         798M (19%)        2994M (73%)         794M (19%)    
[182.451s][info][gc,heap     ] GC(335)      Live:         -                98M (2%)           98M (2%)           98M (2%)             -                  -          
[182.451s][info][gc,heap     ] GC(335) Allocated:         -               642M (16%)         690M (17%)         697M (17%)            -                  -          
[182.451s][info][gc,heap     ] GC(335)   Garbage:         -              2229M (54%)          63M (2%)            1M (0%)             -                  -          
[182.451s][info][gc,heap     ] GC(335) Reclaimed:         -                  -              2166M (53%)        2227M (54%)            -                  -          
[182.451s][info][gc          ] GC(335) Garbage Collection (Allocation Rate) 2328M(57%)->798M(19%)
[182.878s][info][gc,start    ] GC(336) Garbage Collection (Allocation Rate)
[182.878s][info][gc,task     ] GC(336) Using 1 workers
[182.878s][info][gc,phases   ] GC(336) Pause Mark Start 0.009ms
[183.093s][info][gc,phases   ] GC(336) Concurrent Mark 214.435ms
[183.093s][info][gc,phases   ] GC(336) Pause Mark End 0.013ms
[183.093s][info][gc,phases   ] GC(336) Concurrent Mark Free 0.001ms
[183.098s][info][gc,phases   ] GC(336) Concurrent Process Non-Strong References 5.008ms
[183.098s][info][gc,phases   ] GC(336) Concurrent Reset Relocation Set 0.005ms
[183.102s][info][gc,phases   ] GC(336) Concurrent Select Relocation Set 4.185ms
[183.103s][info][gc,phases   ] GC(336) Pause Relocate Start 0.012ms
[183.104s][info][gc,phases   ] GC(336) Concurrent Relocate 1.042ms
[183.104s][info][gc,load     ] GC(336) Load: 0.00/0.00/0.00
[183.104s][info][gc,mmu      ] GC(336) MMU: 2ms/96.2%, 5ms/98.5%, 10ms/99.0%, 20ms/99.5%, 50ms/99.8%, 100ms/99.9%
[183.104s][info][gc,marking  ] GC(336) Mark: 1 stripe(s), 2 proactive flush(es), 1 terminate flush(es), 0 completion(s), 0 continuation(s) 
[183.104s][info][gc,marking  ] GC(336) Mark Stack Usage: 32M
[183.104s][info][gc,nmethod  ] GC(336) NMethods: 1438 registered, 9 unregistered
[183.104s][info][gc,metaspace] GC(336) Metaspace: 11M used, 11M committed, 1088M reserved
[183.104s][info][gc,ref      ] GC(336) Soft: 197 encountered, 0 discovered, 0 enqueued
[183.104s][info][gc,ref      ] GC(336) Weak: 695 encountered, 187 discovered, 0 enqueued
[183.104s][info][gc,ref      ] GC(336) Final: 0 encountered, 0 discovered, 0 enqueued
[183.104s][info][gc,ref      ] GC(336) Phantom: 36 encountered, 21 discovered, 0 enqueued
[183.104s][info][gc,reloc    ] GC(336) Small Pages: 1185 / 2370M, Empty: 2256M, Relocated: 0M, In-Place: 0
[183.104s][info][gc,reloc    ] GC(336) Medium Pages: 12 / 384M, Empty: 352M, Relocated: 0M, In-Place: 0
[183.104s][info][gc,reloc    ] GC(336) Large Pages: 1 / 6M, Empty: 0M, Relocated: 0M, In-Place: 0
[183.104s][info][gc,reloc    ] GC(336) Forwarding Usage: 0M
[183.104s][info][gc,heap     ] GC(336) Min Capacity: 4096M(100%)
[183.104s][info][gc,heap     ] GC(336) Max Capacity: 4096M(100%)
[183.104s][info][gc,heap     ] GC(336) Soft Max Capacity: 4096M(100%)
[183.104s][info][gc,heap     ] GC(336)                Mark Start          Mark End        Relocate Start      Relocate End           High               Low         
[183.104s][info][gc,heap     ] GC(336)  Capacity:     4096M (100%)       4096M (100%)       4096M (100%)       4096M (100%)       4096M (100%)       4096M (100%)   
[183.104s][info][gc,heap     ] GC(336)      Free:     1336M (33%)         460M (11%)        3016M (74%)        3038M (74%)        3038M (74%)         434M (11%)    
[183.104s][info][gc,heap     ] GC(336)      Used:     2760M (67%)        3636M (89%)        1080M (26%)        1058M (26%)        3662M (89%)        1058M (26%)    
[183.104s][info][gc,heap     ] GC(336)      Live:         -                99M (2%)           99M (2%)           99M (2%)             -                  -          
[183.104s][info][gc,heap     ] GC(336) Allocated:         -               876M (21%)         928M (23%)         927M (23%)            -                  -          
[183.104s][info][gc,heap     ] GC(336)   Garbage:         -              2660M (65%)          52M (1%)           30M (1%)             -                  -          
[183.104s][info][gc,heap     ] GC(336) Reclaimed:         -                  -              2608M (64%)        2629M (64%)            -                  -          
[183.104s][info][gc          ] GC(336) Garbage Collection (Allocation Rate) 2760M(67%)->1058M(26%)
[183.380s][info][gc,start    ] GC(337) Garbage Collection (Allocation Rate)
[183.380s][info][gc,task     ] GC(337) Using 1 workers
[183.381s][info][gc,phases   ] GC(337) Pause Mark Start 0.013ms
[183.524s][info][gc,phases   ] GC(337) Concurrent Mark 143.602ms
[183.524s][info][gc,phases   ] GC(337) Pause Mark End 0.012ms
[183.524s][info][gc,phases   ] GC(337) Concurrent Mark Free 0.001ms
[183.532s][info][gc,phases   ] GC(337) Concurrent Process Non-Strong References 7.048ms
[183.532s][info][gc,phases   ] GC(337) Concurrent Reset Relocation Set 0.004ms
[183.536s][info][gc,phases   ] GC(337) Concurrent Select Relocation Set 4.149ms
[183.536s][info][gc,phases   ] GC(337) Pause Relocate Start 0.009ms
[183.538s][info][gc,phases   ] GC(337) Concurrent Relocate 1.699ms
[183.538s][info][gc,load     ] GC(337) Load: 0.00/0.00/0.00
[183.538s][info][gc,mmu      ] GC(337) MMU: 2ms/96.2%, 5ms/98.5%, 10ms/99.0%, 20ms/99.5%, 50ms/99.8%, 100ms/99.9%
[183.538s][info][gc,marking  ] GC(337) Mark: 1 stripe(s), 2 proactive flush(es), 1 terminate flush(es), 0 completion(s), 0 continuation(s) 
[183.538s][info][gc,marking  ] GC(337) Mark Stack Usage: 32M
[183.538s][info][gc,nmethod  ] GC(337) NMethods: 1438 registered, 9 unregistered
[183.538s][info][gc,metaspace] GC(337) Metaspace: 11M used, 11M committed, 1088M reserved
[183.538s][info][gc,ref      ] GC(337) Soft: 197 encountered, 0 discovered, 0 enqueued
[183.538s][info][gc,ref      ] GC(337) Weak: 695 encountered, 554 discovered, 0 enqueued
[183.538s][info][gc,ref      ] GC(337) Final: 0 encountered, 0 discovered, 0 enqueued
[183.538s][info][gc,ref      ] GC(337) Phantom: 36 encountered, 17 discovered, 0 enqueued
[183.538s][info][gc,reloc    ] GC(337) Small Pages: 998 / 1996M, Empty: 1868M, Relocated: 1M, In-Place: 0
[183.538s][info][gc,reloc    ] GC(337) Medium Pages: 11 / 352M, Empty: 320M, Relocated: 0M, In-Place: 0
[183.538s][info][gc,reloc    ] GC(337) Large Pages: 1 / 6M, Empty: 0M, Relocated: 0M, In-Place: 0
[183.538s][info][gc,reloc    ] GC(337) Forwarding Usage: 0M
[183.538s][info][gc,heap     ] GC(337) Min Capacity: 4096M(100%)
[183.538s][info][gc,heap     ] GC(337) Max Capacity: 4096M(100%)
[183.538s][info][gc,heap     ] GC(337) Soft Max Capacity: 4096M(100%)
[183.538s][info][gc,heap     ] GC(337)                Mark Start          Mark End        Relocate Start      Relocate End           High               Low         
[183.538s][info][gc,heap     ] GC(337)  Capacity:     4096M (100%)       4096M (100%)       4096M (100%)       4096M (100%)       4096M (100%)       4096M (100%)   
[183.538s][info][gc,heap     ] GC(337)      Free:     1742M (43%)        1228M (30%)        3342M (82%)        3372M (82%)        3376M (82%)        1176M (29%)    
[183.538s][info][gc,heap     ] GC(337)      Used:     2354M (57%)        2868M (70%)         754M (18%)         724M (18%)        2920M (71%)         720M (18%)    
[183.538s][info][gc,heap     ] GC(337)      Live:         -               101M (2%)          101M (2%)          101M (2%)             -                  -          
[183.538s][info][gc,heap     ] GC(337) Allocated:         -               514M (13%)         588M (14%)         593M (15%)            -                  -          
[183.538s][info][gc,heap     ] GC(337)   Garbage:         -              2252M (55%)          64M (2%)           28M (1%)             -                  -          
[183.538s][info][gc,heap     ] GC(337) Reclaimed:         -                  -              2188M (53%)        2223M (54%)            -                  -          
[183.538s][info][gc          ] GC(337) Garbage Collection (Allocation Rate) 2354M(57%)->724M(18%)
[183.977s][info][gc,start    ] GC(338) Garbage Collection (Allocation Rate)
[183.977s][info][gc,task     ] GC(338) Using 1 workers
[183.977s][info][gc,phases   ] GC(338) Pause Mark Start 0.006ms
[184.197s][info][gc,phases   ] GC(338) Concurrent Mark 220.051ms
[184.197s][info][gc,phases   ] GC(338) Pause Mark End 0.021ms
[184.198s][info][gc,phases   ] GC(338) Concurrent Mark Free 0.002ms
[184.203s][info][gc,phases   ] GC(338) Concurrent Process Non-Strong References 5.813ms
[184.204s][info][gc,phases   ] GC(338) Concurrent Reset Relocation Set 0.005ms
[184.207s][info][gc,phases   ] GC(338) Concurrent Select Relocation Set 3.858ms
[184.208s][info][gc,phases   ] GC(338) Pause Relocate Start 0.021ms
[184.209s][info][gc,phases   ] GC(338) Concurrent Relocate 1.081ms
[184.209s][info][gc,load     ] GC(338) Load: 0.00/0.00/0.00
[184.209s][info][gc,mmu      ] GC(338) MMU: 2ms/96.2%, 5ms/98.5%, 10ms/99.0%, 20ms/99.5%, 50ms/99.8%, 100ms/99.9%
[184.209s][info][gc,marking  ] GC(338) Mark: 1 stripe(s), 2 proactive flush(es), 1 terminate flush(es), 0 completion(s), 0 continuation(s) 
[184.209s][info][gc,marking  ] GC(338) Mark Stack Usage: 32M
[184.209s][info][gc,nmethod  ] GC(338) NMethods: 1438 registered, 9 unregistered
[184.209s][info][gc,metaspace] GC(338) Metaspace: 11M used, 11M committed, 1088M reserved
[184.209s][info][gc,ref      ] GC(338) Soft: 197 encountered, 0 discovered, 0 enqueued
[184.209s][info][gc,ref      ] GC(338) Weak: 695 encountered, 187 discovered, 0 enqueued
[184.209s][info][gc,ref      ] GC(338) Final: 0 encountered, 0 discovered, 0 enqueued
[184.209s][info][gc,ref      ] GC(338) Phantom: 36 encountered, 21 discovered, 0 enqueued
[184.209s][info][gc,reloc    ] GC(338) Small Pages: 1162 / 2324M, Empty: 2208M, Relocated: 0M, In-Place: 0
[184.209s][info][gc,reloc    ] GC(338) Medium Pages: 13 / 416M, Empty: 384M, Relocated: 0M, In-Place: 0
[184.209s][info][gc,reloc    ] GC(338) Large Pages: 1 / 6M, Empty: 0M, Relocated: 0M, In-Place: 0
[184.209s][info][gc,reloc    ] GC(338) Forwarding Usage: 0M
[184.209s][info][gc,heap     ] GC(338) Min Capacity: 4096M(100%)
[184.209s][info][gc,heap     ] GC(338) Max Capacity: 4096M(100%)
[184.209s][info][gc,heap     ] GC(338) Soft Max Capacity: 4096M(100%)
[184.209s][info][gc,heap     ] GC(338)                Mark Start          Mark End        Relocate Start      Relocate End           High               Low         
[184.209s][info][gc,heap     ] GC(338)  Capacity:     4096M (100%)       4096M (100%)       4096M (100%)       4096M (100%)       4096M (100%)       4096M (100%)   
[184.209s][info][gc,heap     ] GC(338)      Free:     1350M (33%)         448M (11%)        2986M (73%)        3008M (73%)        3008M (73%)         414M (10%)    
[184.209s][info][gc,heap     ] GC(338)      Used:     2746M (67%)        3648M (89%)        1110M (27%)        1088M (27%)        3682M (90%)        1088M (27%)    
[184.209s][info][gc,heap     ] GC(338)      Live:         -                99M (2%)           99M (2%)           99M (2%)             -                  -          
[184.209s][info][gc,heap     ] GC(338) Allocated:         -               902M (22%)         956M (23%)         957M (23%)            -                  -          
[184.209s][info][gc,heap     ] GC(338)   Garbage:         -              2646M (65%)          54M (1%)           30M (1%)             -                  -          
[184.209s][info][gc,heap     ] GC(338) Reclaimed:         -                  -              2592M (63%)        2615M (64%)            -                  -          
[184.209s][info][gc          ] GC(338) Garbage Collection (Allocation Rate) 2746M(67%)->1088M(27%)
[184.480s][info][gc,start    ] GC(339) Garbage Collection (Allocation Rate)
[184.480s][info][gc,task     ] GC(339) Using 1 workers
[184.480s][info][gc,phases   ] GC(339) Pause Mark Start 0.013ms
[184.639s][info][gc,phases   ] GC(339) Concurrent Mark 159.622ms
[184.640s][info][gc,phases   ] GC(339) Pause Mark End 0.012ms
[184.640s][info][gc,phases   ] GC(339) Concurrent Mark Free 0.001ms
[184.652s][info][gc,phases   ] GC(339) Concurrent Process Non-Strong References 12.230ms
[184.652s][info][gc,phases   ] GC(339) Concurrent Reset Relocation Set 0.003ms
[184.654s][info][gc,phases   ] GC(339) Concurrent Select Relocation Set 2.482ms
[184.655s][info][gc,phases   ] GC(339) Pause Relocate Start 0.010ms
[184.656s][info][gc,phases   ] GC(339) Concurrent Relocate 1.544ms
[184.657s][info][gc,load     ] GC(339) Load: 0.00/0.00/0.00
[184.657s][info][gc,mmu      ] GC(339) MMU: 2ms/96.2%, 5ms/98.5%, 10ms/99.0%, 20ms/99.5%, 50ms/99.8%, 100ms/99.9%
[184.657s][info][gc,marking  ] GC(339) Mark: 1 stripe(s), 2 proactive flush(es), 1 terminate flush(es), 0 completion(s), 0 continuation(s) 
[184.657s][info][gc,marking  ] GC(339) Mark Stack Usage: 32M
[184.657s][info][gc,nmethod  ] GC(339) NMethods: 1438 registered, 9 unregistered
[184.657s][info][gc,metaspace] GC(339) Metaspace: 11M used, 11M committed, 1088M reserved
[184.657s][info][gc,ref      ] GC(339) Soft: 197 encountered, 0 discovered, 0 enqueued
[184.657s][info][gc,ref      ] GC(339) Weak: 695 encountered, 187 discovered, 0 enqueued
[184.657s][info][gc,ref      ] GC(339) Final: 0 encountered, 0 discovered, 0 enqueued
[184.657s][info][gc,ref      ] GC(339) Phantom: 36 encountered, 21 discovered, 0 enqueued
[184.657s][info][gc,reloc    ] GC(339) Small Pages: 973 / 1946M, Empty: 1802M, Relocated: 3M, In-Place: 0
[184.657s][info][gc,reloc    ] GC(339) Medium Pages: 11 / 352M, Empty: 352M, Relocated: 0M, In-Place: 0
[184.657s][info][gc,reloc    ] GC(339) Large Pages: 1 / 6M, Empty: 0M, Relocated: 0M, In-Place: 0
[184.657s][info][gc,reloc    ] GC(339) Forwarding Usage: 0M
[184.657s][info][gc,heap     ] GC(339) Min Capacity: 4096M(100%)
[184.657s][info][gc,heap     ] GC(339) Max Capacity: 4096M(100%)
[184.657s][info][gc,heap     ] GC(339) Soft Max Capacity: 4096M(100%)
[184.657s][info][gc,heap     ] GC(339)                Mark Start          Mark End        Relocate Start      Relocate End           High               Low         
[184.657s][info][gc,heap     ] GC(339)  Capacity:     4096M (100%)       4096M (100%)       4096M (100%)       4096M (100%)       4096M (100%)       4096M (100%)   
[184.657s][info][gc,heap     ] GC(339)      Free:     1792M (44%)        1146M (28%)        3186M (78%)        3236M (79%)        3236M (79%)        1034M (25%)    
[184.657s][info][gc,heap     ] GC(339)      Used:     2304M (56%)        2950M (72%)         910M (22%)         860M (21%)        3062M (75%)         860M (21%)    
[184.657s][info][gc,heap     ] GC(339)      Live:         -                98M (2%)           98M (2%)           98M (2%)             -                  -          
[184.657s][info][gc,heap     ] GC(339) Allocated:         -               646M (16%)         760M (19%)         759M (19%)            -                  -          
[184.657s][info][gc,heap     ] GC(339)   Garbage:         -              2205M (54%)          51M (1%)            1M (0%)             -                  -          
[184.657s][info][gc,heap     ] GC(339) Reclaimed:         -                  -              2154M (53%)        2203M (54%)            -                  -          
[184.657s][info][gc          ] GC(339) Garbage Collection (Allocation Rate) 2304M(56%)->860M(21%)
[184.982s][info][gc,start    ] GC(340) Garbage Collection (Allocation Rate)
[184.982s][info][gc,task     ] GC(340) Using 1 workers
[184.982s][info][gc,phases   ] GC(340) Pause Mark Start 0.014ms
[185.155s][info][gc,phases   ] GC(340) Concurrent Mark 172.907ms
[185.155s][info][gc,phases   ] GC(340) Pause Mark End 0.019ms
[185.155s][info][gc,phases   ] GC(340) Concurrent Mark Free 0.001ms
[185.160s][info][gc,phases   ] GC(340) Concurrent Process Non-Strong References 5.296ms
[185.161s][info][gc,phases   ] GC(340) Concurrent Reset Relocation Set 0.004ms
[185.163s][info][gc,phases   ] GC(340) Concurrent Select Relocation Set 1.978ms
[185.163s][info][gc,phases   ] GC(340) Pause Relocate Start 0.008ms
[185.165s][info][gc,phases   ] GC(340) Concurrent Relocate 2.372ms
[185.165s][info][gc,load     ] GC(340) Load: 0.00/0.00/0.00
[185.165s][info][gc,mmu      ] GC(340) MMU: 2ms/96.2%, 5ms/98.5%, 10ms/99.0%, 20ms/99.5%, 50ms/99.8%, 100ms/99.9%
[185.165s][info][gc,marking  ] GC(340) Mark: 1 stripe(s), 2 proactive flush(es), 1 terminate flush(es), 0 completion(s), 0 continuation(s) 
[185.165s][info][gc,marking  ] GC(340) Mark Stack Usage: 32M
[185.165s][info][gc,nmethod  ] GC(340) NMethods: 1438 registered, 9 unregistered
[185.165s][info][gc,metaspace] GC(340) Metaspace: 11M used, 11M committed, 1088M reserved
[185.165s][info][gc,ref      ] GC(340) Soft: 197 encountered, 0 discovered, 0 enqueued
[185.165s][info][gc,ref      ] GC(340) Weak: 695 encountered, 187 discovered, 0 enqueued
[185.165s][info][gc,ref      ] GC(340) Final: 0 encountered, 0 discovered, 0 enqueued
[185.165s][info][gc,ref      ] GC(340) Phantom: 36 encountered, 21 discovered, 0 enqueued
[185.165s][info][gc,reloc    ] GC(340) Small Pages: 998 / 1996M, Empty: 1866M, Relocated: 3M, In-Place: 0
[185.165s][info][gc,reloc    ] GC(340) Medium Pages: 10 / 320M, Empty: 320M, Relocated: 0M, In-Place: 0
[185.165s][info][gc,reloc    ] GC(340) Large Pages: 1 / 6M, Empty: 0M, Relocated: 0M, In-Place: 0
[185.165s][info][gc,reloc    ] GC(340) Forwarding Usage: 0M
[185.165s][info][gc,heap     ] GC(340) Min Capacity: 4096M(100%)
[185.165s][info][gc,heap     ] GC(340) Max Capacity: 4096M(100%)
[185.165s][info][gc,heap     ] GC(340) Soft Max Capacity: 4096M(100%)
[185.165s][info][gc,heap     ] GC(340)                Mark Start          Mark End        Relocate Start      Relocate End           High               Low         
[185.165s][info][gc,heap     ] GC(340)  Capacity:     4096M (100%)       4096M (100%)       4096M (100%)       4096M (100%)       4096M (100%)       4096M (100%)   
[185.165s][info][gc,heap     ] GC(340)      Free:     1774M (43%)        1014M (25%)        3200M (78%)        3226M (79%)        3228M (79%)        1014M (25%)    
[185.165s][info][gc,heap     ] GC(340)      Used:     2322M (57%)        3082M (75%)         896M (22%)         870M (21%)        3082M (75%)         868M (21%)    
[185.165s][info][gc,heap     ] GC(340)      Live:         -                97M (2%)           97M (2%)           97M (2%)             -                  -          
[185.165s][info][gc,heap     ] GC(340) Allocated:         -               760M (19%)         760M (19%)         769M (19%)            -                  -          
[185.165s][info][gc,heap     ] GC(340)   Garbage:         -              2224M (54%)          38M (1%)            2M (0%)             -                  -          
[185.165s][info][gc,heap     ] GC(340) Reclaimed:         -                  -              2186M (53%)        2221M (54%)            -                  -          
[185.165s][info][gc          ] GC(340) Garbage Collection (Allocation Rate) 2322M(57%)->870M(21%)
[185.457s][info][gc,start    ] GC(341) Garbage Collection (System.gc())
[185.457s][info][gc,task     ] GC(341) Using 2 workers
[185.457s][info][gc,phases   ] GC(341) Pause Mark Start 0.008ms
[185.516s][info][gc,phases   ] GC(341) Concurrent Mark 59.107ms
[185.516s][info][gc,phases   ] GC(341) Pause Mark End 0.025ms
[185.516s][info][gc,phases   ] GC(341) Concurrent Mark Free 0.002ms
[185.518s][info][gc,phases   ] GC(341) Concurrent Process Non-Strong References 1.773ms
[185.518s][info][gc,phases   ] GC(341) Concurrent Reset Relocation Set 0.002ms
[185.519s][info][gc,phases   ] GC(341) Concurrent Select Relocation Set 1.385ms
[185.519s][info][gc,phases   ] GC(341) Pause Relocate Start 0.005ms
[185.520s][info][gc,phases   ] GC(341) Concurrent Relocate 0.615ms
[185.520s][info][gc,load     ] GC(341) Load: 0.00/0.00/0.00
[185.520s][info][gc,mmu      ] GC(341) MMU: 2ms/96.2%, 5ms/98.5%, 10ms/99.0%, 20ms/99.5%, 50ms/99.8%, 100ms/99.9%
[185.520s][info][gc,marking  ] GC(341) Mark: 2 stripe(s), 1 proactive flush(es), 1 terminate flush(es), 0 completion(s), 0 continuation(s) 
[185.520s][info][gc,marking  ] GC(341) Mark Stack Usage: 32M
[185.520s][info][gc,nmethod  ] GC(341) NMethods: 1438 registered, 9 unregistered
[185.520s][info][gc,metaspace] GC(341) Metaspace: 11M used, 11M committed, 1088M reserved
[185.520s][info][gc,ref      ] GC(341) Soft: 197 encountered, 0 discovered, 0 enqueued
[185.520s][info][gc,ref      ] GC(341) Weak: 695 encountered, 209 discovered, 0 enqueued
[185.520s][info][gc,ref      ] GC(341) Final: 0 encountered, 0 discovered, 0 enqueued
[185.520s][info][gc,ref      ] GC(341) Phantom: 36 encountered, 15 discovered, 0 enqueued
[185.520s][info][gc,reloc    ] GC(341) Small Pages: 941 / 1882M, Empty: 1782M, Relocated: 0M, In-Place: 0
[185.520s][info][gc,reloc    ] GC(341) Medium Pages: 10 / 320M, Empty: 320M, Relocated: 0M, In-Place: 0
[185.520s][info][gc,reloc    ] GC(341) Large Pages: 1 / 6M, Empty: 0M, Relocated: 0M, In-Place: 0
[185.520s][info][gc,reloc    ] GC(341) Forwarding Usage: 0M
[185.520s][info][gc,heap     ] GC(341) Min Capacity: 4096M(100%)
[185.520s][info][gc,heap     ] GC(341) Max Capacity: 4096M(100%)
[185.520s][info][gc,heap     ] GC(341) Soft Max Capacity: 4096M(100%)
[185.520s][info][gc,heap     ] GC(341)                Mark Start          Mark End        Relocate Start      Relocate End           High               Low         
[185.520s][info][gc,heap     ] GC(341)  Capacity:     4096M (100%)       4096M (100%)       4096M (100%)       4096M (100%)       4096M (100%)       4096M (100%)   
[185.520s][info][gc,heap     ] GC(341)      Free:     1888M (46%)        1888M (46%)        3990M (97%)        3996M (98%)        3996M (98%)        1888M (46%)    
[185.520s][info][gc,heap     ] GC(341)      Used:     2208M (54%)        2208M (54%)         106M (3%)          100M (2%)         2208M (54%)         100M (2%)     
[185.520s][info][gc,heap     ] GC(341)      Live:         -                95M (2%)           95M (2%)           95M (2%)             -                  -          
[185.520s][info][gc,heap     ] GC(341) Allocated:         -                 0M (0%)            0M (0%)            0M (0%)             -                  -          
[185.520s][info][gc,heap     ] GC(341)   Garbage:         -              2112M (52%)          10M (0%)            4M (0%)             -                  -          
[185.520s][info][gc,heap     ] GC(341) Reclaimed:         -                  -              2102M (51%)        2108M (51%)            -                  -          
[185.520s][info][gc          ] GC(341) Garbage Collection (System.gc()) 2208M(54%)->100M(2%)
[186.082s][info][gc,start    ] GC(342) Garbage Collection (Allocation Rate)
[186.082s][info][gc,task     ] GC(342) Using 1 workers
[186.082s][info][gc,phases   ] GC(342) Pause Mark Start 0.010ms
[186.297s][info][gc,phases   ] GC(342) Concurrent Mark 215.010ms
[186.297s][info][gc,phases   ] GC(342) Pause Mark End 0.018ms
[186.297s][info][gc,phases   ] GC(342) Concurrent Mark Free 0.001ms
[186.302s][info][gc,phases   ] GC(342) Concurrent Process Non-Strong References 4.281ms
[186.302s][info][gc,phases   ] GC(342) Concurrent Reset Relocation Set 0.002ms
[186.304s][info][gc,phases   ] GC(342) Concurrent Select Relocation Set 2.466ms
[186.304s][info][gc,phases   ] GC(342) Pause Relocate Start 0.016ms
[186.306s][info][gc,phases   ] GC(342) Concurrent Relocate 2.004ms
[186.306s][info][gc,load     ] GC(342) Load: 0.00/0.00/0.00
[186.306s][info][gc,mmu      ] GC(342) MMU: 2ms/96.2%, 5ms/98.5%, 10ms/99.0%, 20ms/99.5%, 50ms/99.8%, 100ms/99.9%
[186.306s][info][gc,marking  ] GC(342) Mark: 1 stripe(s), 2 proactive flush(es), 1 terminate flush(es), 0 completion(s), 0 continuation(s) 
[186.306s][info][gc,marking  ] GC(342) Mark Stack Usage: 32M
[186.306s][info][gc,nmethod  ] GC(342) NMethods: 1440 registered, 9 unregistered
[186.306s][info][gc,metaspace] GC(342) Metaspace: 11M used, 11M committed, 1088M reserved
[186.306s][info][gc,ref      ] GC(342) Soft: 197 encountered, 0 discovered, 0 enqueued
[186.306s][info][gc,ref      ] GC(342) Weak: 695 encountered, 187 discovered, 0 enqueued
[186.306s][info][gc,ref      ] GC(342) Final: 0 encountered, 0 discovered, 0 enqueued
[186.306s][info][gc,ref      ] GC(342) Phantom: 36 encountered, 21 discovered, 0 enqueued
[186.307s][info][gc,reloc    ] GC(342) Small Pages: 1163 / 2326M, Empty: 2212M, Relocated: 0M, In-Place: 0
[186.307s][info][gc,reloc    ] GC(342) Medium Pages: 12 / 384M, Empty: 320M, Relocated: 3M, In-Place: 0
[186.307s][info][gc,reloc    ] GC(342) Large Pages: 1 / 6M, Empty: 0M, Relocated: 0M, In-Place: 0
[186.307s][info][gc,reloc    ] GC(342) Forwarding Usage: 0M
[186.307s][info][gc,heap     ] GC(342) Min Capacity: 4096M(100%)
[186.307s][info][gc,heap     ] GC(342) Max Capacity: 4096M(100%)
[186.307s][info][gc,heap     ] GC(342) Soft Max Capacity: 4096M(100%)
[186.307s][info][gc,heap     ] GC(342)                Mark Start          Mark End        Relocate Start      Relocate End           High               Low         
[186.307s][info][gc,heap     ] GC(342)  Capacity:     4096M (100%)       4096M (100%)       4096M (100%)       4096M (100%)       4096M (100%)       4096M (100%)   
[186.307s][info][gc,heap     ] GC(342)      Free:     1380M (34%)         452M (11%)        2922M (71%)        2976M (73%)        2976M (73%)         424M (10%)    
[186.307s][info][gc,heap     ] GC(342)      Used:     2716M (66%)        3644M (89%)        1174M (29%)        1120M (27%)        3672M (90%)        1120M (27%)    
[186.307s][info][gc,heap     ] GC(342)      Live:         -                99M (2%)           99M (2%)           99M (2%)             -                  -          
[186.307s][info][gc,heap     ] GC(342) Allocated:         -               928M (23%)         990M (24%)         989M (24%)            -                  -          
[186.307s][info][gc,heap     ] GC(342)   Garbage:         -              2616M (64%)          84M (2%)           30M (1%)             -                  -          
[186.307s][info][gc,heap     ] GC(342) Reclaimed:         -                  -              2532M (62%)        2585M (63%)            -                  -          
[186.307s][info][gc          ] GC(342) Garbage Collection (Allocation Rate) 2716M(66%)->1120M(27%)
[186.584s][info][gc,start    ] GC(343) Garbage Collection (Allocation Rate)
[186.584s][info][gc,task     ] GC(343) Using 1 workers
[186.584s][info][gc,phases   ] GC(343) Pause Mark Start 0.009ms
[186.800s][info][gc,phases   ] GC(343) Concurrent Mark 216.219ms
[186.801s][info][gc,phases   ] GC(343) Pause Mark End 0.014ms
[186.801s][info][gc,phases   ] GC(343) Concurrent Mark Free 0.001ms
[186.804s][info][gc,phases   ] GC(343) Concurrent Process Non-Strong References 2.982ms
[186.804s][info][gc,phases   ] GC(343) Concurrent Reset Relocation Set 0.003ms
[186.808s][info][gc,phases   ] GC(343) Concurrent Select Relocation Set 4.076ms
[186.808s][info][gc,phases   ] GC(343) Pause Relocate Start 0.015ms
[186.809s][info][gc,phases   ] GC(343) Concurrent Relocate 1.010ms
[186.809s][info][gc,load     ] GC(343) Load: 0.00/0.00/0.00
[186.809s][info][gc,mmu      ] GC(343) MMU: 2ms/96.2%, 5ms/98.5%, 10ms/99.0%, 20ms/99.5%, 50ms/99.8%, 100ms/99.9%
[186.809s][info][gc,marking  ] GC(343) Mark: 1 stripe(s), 2 proactive flush(es), 1 terminate flush(es), 0 completion(s), 0 continuation(s) 
[186.809s][info][gc,marking  ] GC(343) Mark Stack Usage: 32M
[186.809s][info][gc,nmethod  ] GC(343) NMethods: 1440 registered, 9 unregistered
[186.809s][info][gc,metaspace] GC(343) Metaspace: 11M used, 11M committed, 1088M reserved
[186.809s][info][gc,ref      ] GC(343) Soft: 197 encountered, 0 discovered, 0 enqueued
[186.809s][info][gc,ref      ] GC(343) Weak: 695 encountered, 187 discovered, 0 enqueued
[186.809s][info][gc,ref      ] GC(343) Final: 0 encountered, 0 discovered, 0 enqueued
[186.809s][info][gc,ref      ] GC(343) Phantom: 36 encountered, 21 discovered, 0 enqueued
[186.809s][info][gc,reloc    ] GC(343) Small Pages: 996 / 1992M, Empty: 1884M, Relocated: 0M, In-Place: 0
[186.809s][info][gc,reloc    ] GC(343) Medium Pages: 11 / 352M, Empty: 320M, Relocated: 0M, In-Place: 0
[186.809s][info][gc,reloc    ] GC(343) Large Pages: 1 / 6M, Empty: 0M, Relocated: 0M, In-Place: 0
[186.809s][info][gc,reloc    ] GC(343) Forwarding Usage: 0M
[186.809s][info][gc,heap     ] GC(343) Min Capacity: 4096M(100%)
[186.809s][info][gc,heap     ] GC(343) Max Capacity: 4096M(100%)
[186.809s][info][gc,heap     ] GC(343) Soft Max Capacity: 4096M(100%)
[186.809s][info][gc,heap     ] GC(343)                Mark Start          Mark End        Relocate Start      Relocate End           High               Low         
[186.809s][info][gc,heap     ] GC(343)  Capacity:     4096M (100%)       4096M (100%)       4096M (100%)       4096M (100%)       4096M (100%)       4096M (100%)   
[186.809s][info][gc,heap     ] GC(343)      Free:     1746M (43%)         870M (21%)        3046M (74%)        3054M (75%)        3060M (75%)         864M (21%)    
[186.809s][info][gc,heap     ] GC(343)      Used:     2350M (57%)        3226M (79%)        1050M (26%)        1042M (25%)        3232M (79%)        1036M (25%)    
[186.809s][info][gc,heap     ] GC(343)      Live:         -                99M (2%)           99M (2%)           99M (2%)             -                  -          
[186.809s][info][gc,heap     ] GC(343) Allocated:         -               876M (21%)         904M (22%)         911M (22%)            -                  -          
[186.809s][info][gc,heap     ] GC(343)   Garbage:         -              2250M (55%)          46M (1%)           30M (1%)             -                  -          
[186.809s][info][gc,heap     ] GC(343) Reclaimed:         -                  -              2204M (54%)        2219M (54%)            -                  -          
[186.809s][info][gc          ] GC(343) Garbage Collection (Allocation Rate) 2350M(57%)->1042M(25%)
[187.086s][info][gc,start    ] GC(344) Garbage Collection (Allocation Rate)
[187.086s][info][gc,task     ] GC(344) Using 1 workers
[187.086s][info][gc,phases   ] GC(344) Pause Mark Start 0.012ms
[187.223s][info][gc,phases   ] GC(344) Concurrent Mark 136.589ms
[187.223s][info][gc,phases   ] GC(344) Pause Mark End 0.011ms
[187.223s][info][gc,phases   ] GC(344) Concurrent Mark Free 0.001ms
[187.227s][info][gc,phases   ] GC(344) Concurrent Process Non-Strong References 3.943ms
[187.227s][info][gc,phases   ] GC(344) Concurrent Reset Relocation Set 0.004ms
[187.232s][info][gc,phases   ] GC(344) Concurrent Select Relocation Set 4.837ms
[187.232s][info][gc,phases   ] GC(344) Pause Relocate Start 0.017ms
[187.238s][info][gc,phases   ] GC(344) Concurrent Relocate 5.572ms
[187.238s][info][gc,load     ] GC(344) Load: 0.00/0.00/0.00
[187.238s][info][gc,mmu      ] GC(344) MMU: 2ms/96.2%, 5ms/98.5%, 10ms/99.0%, 20ms/99.5%, 50ms/99.8%, 100ms/99.9%
[187.238s][info][gc,marking  ] GC(344) Mark: 1 stripe(s), 2 proactive flush(es), 1 terminate flush(es), 0 completion(s), 0 continuation(s) 
[187.238s][info][gc,marking  ] GC(344) Mark Stack Usage: 32M
[187.238s][info][gc,nmethod  ] GC(344) NMethods: 1440 registered, 9 unregistered
[187.238s][info][gc,metaspace] GC(344) Metaspace: 11M used, 11M committed, 1088M reserved
[187.238s][info][gc,ref      ] GC(344) Soft: 197 encountered, 0 discovered, 0 enqueued
[187.238s][info][gc,ref      ] GC(344) Weak: 695 encountered, 554 discovered, 0 enqueued
[187.238s][info][gc,ref      ] GC(344) Final: 0 encountered, 0 discovered, 0 enqueued
[187.238s][info][gc,ref      ] GC(344) Phantom: 36 encountered, 17 discovered, 0 enqueued
[187.238s][info][gc,reloc    ] GC(344) Small Pages: 998 / 1996M, Empty: 1872M, Relocated: 3M, In-Place: 0
[187.238s][info][gc,reloc    ] GC(344) Medium Pages: 11 / 352M, Empty: 320M, Relocated: 0M, In-Place: 0
[187.238s][info][gc,reloc    ] GC(344) Large Pages: 1 / 6M, Empty: 0M, Relocated: 0M, In-Place: 0
[187.238s][info][gc,reloc    ] GC(344) Forwarding Usage: 1M
[187.238s][info][gc,heap     ] GC(344) Min Capacity: 4096M(100%)
[187.238s][info][gc,heap     ] GC(344) Max Capacity: 4096M(100%)
[187.238s][info][gc,heap     ] GC(344) Soft Max Capacity: 4096M(100%)
[187.238s][info][gc,heap     ] GC(344)                Mark Start          Mark End        Relocate Start      Relocate End           High               Low         
[187.238s][info][gc,heap     ] GC(344)  Capacity:     4096M (100%)       4096M (100%)       4096M (100%)       4096M (100%)       4096M (100%)       4096M (100%)   
[187.238s][info][gc,heap     ] GC(344)      Free:     1742M (43%)        1226M (30%)        3372M (82%)        3382M (83%)        3400M (83%)        1210M (30%)    
[187.238s][info][gc,heap     ] GC(344)      Used:     2354M (57%)        2870M (70%)         724M (18%)         714M (17%)        2886M (70%)         696M (17%)    
[187.238s][info][gc,heap     ] GC(344)      Live:         -                99M (2%)           99M (2%)           99M (2%)             -                  -          
[187.238s][info][gc,heap     ] GC(344) Allocated:         -               516M (13%)         562M (14%)         583M (14%)            -                  -          
[187.238s][info][gc,heap     ] GC(344)   Garbage:         -              2254M (55%)          62M (2%)           30M (1%)             -                  -          
[187.238s][info][gc,heap     ] GC(344) Reclaimed:         -                  -              2192M (54%)        2223M (54%)            -                  -          
[187.238s][info][gc          ] GC(344) Garbage Collection (Allocation Rate) 2354M(57%)->714M(17%)
[187.588s][info][gc,start    ] GC(345) Garbage Collection (Allocation Rate)
[187.588s][info][gc,task     ] GC(345) Using 1 workers
[187.588s][info][gc,phases   ] GC(345) Pause Mark Start 0.011ms
[187.738s][info][gc,phases   ] GC(345) Concurrent Mark 149.591ms
[187.738s][info][gc,phases   ] GC(345) Pause Mark End 0.014ms
[187.738s][info][gc,phases   ] GC(345) Concurrent Mark Free 0.002ms
[187.742s][info][gc,phases   ] GC(345) Concurrent Process Non-Strong References 3.634ms
[187.742s][info][gc,phases   ] GC(345) Concurrent Reset Relocation Set 0.003ms
[187.745s][info][gc,phases   ] GC(345) Concurrent Select Relocation Set 2.927ms
[187.745s][info][gc,phases   ] GC(345) Pause Relocate Start 0.010ms
[187.747s][info][gc,phases   ] GC(345) Concurrent Relocate 2.556ms
[187.747s][info][gc,load     ] GC(345) Load: 0.00/0.00/0.00
[187.747s][info][gc,mmu      ] GC(345) MMU: 2ms/96.2%, 5ms/98.5%, 10ms/99.0%, 20ms/99.5%, 50ms/99.8%, 100ms/99.9%
[187.747s][info][gc,marking  ] GC(345) Mark: 1 stripe(s), 2 proactive flush(es), 1 terminate flush(es), 0 completion(s), 0 continuation(s) 
[187.747s][info][gc,marking  ] GC(345) Mark Stack Usage: 32M
[187.747s][info][gc,nmethod  ] GC(345) NMethods: 1440 registered, 9 unregistered
[187.747s][info][gc,metaspace] GC(345) Metaspace: 11M used, 11M committed, 1088M reserved
[187.747s][info][gc,ref      ] GC(345) Soft: 197 encountered, 0 discovered, 0 enqueued
[187.747s][info][gc,ref      ] GC(345) Weak: 695 encountered, 187 discovered, 0 enqueued
[187.747s][info][gc,ref      ] GC(345) Final: 0 encountered, 0 discovered, 0 enqueued
[187.748s][info][gc,ref      ] GC(345) Phantom: 36 encountered, 21 discovered, 0 enqueued
[187.748s][info][gc,reloc    ] GC(345) Small Pages: 962 / 1924M, Empty: 1788M, Relocated: 3M, In-Place: 0
[187.748s][info][gc,reloc    ] GC(345) Medium Pages: 11 / 352M, Empty: 352M, Relocated: 0M, In-Place: 0
[187.748s][info][gc,reloc    ] GC(345) Large Pages: 1 / 6M, Empty: 0M, Relocated: 0M, In-Place: 0
[187.748s][info][gc,reloc    ] GC(345) Forwarding Usage: 1M
[187.748s][info][gc,heap     ] GC(345) Min Capacity: 4096M(100%)
[187.748s][info][gc,heap     ] GC(345) Max Capacity: 4096M(100%)
[187.748s][info][gc,heap     ] GC(345) Soft Max Capacity: 4096M(100%)
[187.748s][info][gc,heap     ] GC(345)                Mark Start          Mark End        Relocate Start      Relocate End           High               Low         
[187.748s][info][gc,heap     ] GC(345)  Capacity:     4096M (100%)       4096M (100%)       4096M (100%)       4096M (100%)       4096M (100%)       4096M (100%)   
[187.748s][info][gc,heap     ] GC(345)      Free:     1814M (44%)        1156M (28%)        3284M (80%)        3328M (81%)        3328M (81%)        1144M (28%)    
[187.748s][info][gc,heap     ] GC(345)      Used:     2282M (56%)        2940M (72%)         812M (20%)         768M (19%)        2952M (72%)         768M (19%)    
[187.748s][info][gc,heap     ] GC(345)      Live:         -                96M (2%)           96M (2%)           96M (2%)             -                  -          
[187.748s][info][gc,heap     ] GC(345) Allocated:         -               658M (16%)         670M (16%)         669M (16%)            -                  -          
[187.748s][info][gc,heap     ] GC(345)   Garbage:         -              2185M (53%)          45M (1%)            1M (0%)             -                  -          
[187.748s][info][gc,heap     ] GC(345) Reclaimed:         -                  -              2140M (52%)        2183M (53%)            -                  -          
[187.748s][info][gc          ] GC(345) Garbage Collection (Allocation Rate) 2282M(56%)->768M(19%)
[188.184s][info][gc,start    ] GC(346) Garbage Collection (Allocation Rate)
[188.184s][info][gc,task     ] GC(346) Using 1 workers
[188.184s][info][gc,phases   ] GC(346) Pause Mark Start 0.009ms
[188.408s][info][gc,phases   ] GC(346) Concurrent Mark 223.811ms
[188.409s][info][gc,phases   ] GC(346) Pause Mark End 0.015ms
[188.409s][info][gc,phases   ] GC(346) Concurrent Mark Free 0.002ms
[188.412s][info][gc,phases   ] GC(346) Concurrent Process Non-Strong References 3.295ms
[188.412s][info][gc,phases   ] GC(346) Concurrent Reset Relocation Set 0.003ms
[188.415s][info][gc,phases   ] GC(346) Concurrent Select Relocation Set 2.527ms
[188.415s][info][gc,phases   ] GC(346) Pause Relocate Start 0.011ms
[188.416s][info][gc,phases   ] GC(346) Concurrent Relocate 1.020ms
[188.416s][info][gc,load     ] GC(346) Load: 0.00/0.00/0.00
[188.416s][info][gc,mmu      ] GC(346) MMU: 2ms/96.2%, 5ms/98.5%, 10ms/99.0%, 20ms/99.5%, 50ms/99.8%, 100ms/99.9%
[188.416s][info][gc,marking  ] GC(346) Mark: 1 stripe(s), 2 proactive flush(es), 1 terminate flush(es), 0 completion(s), 0 continuation(s) 
[188.416s][info][gc,marking  ] GC(346) Mark Stack Usage: 32M
[188.416s][info][gc,nmethod  ] GC(346) NMethods: 1440 registered, 9 unregistered
[188.416s][info][gc,metaspace] GC(346) Metaspace: 11M used, 11M committed, 1088M reserved
[188.416s][info][gc,ref      ] GC(346) Soft: 197 encountered, 0 discovered, 0 enqueued
[188.416s][info][gc,ref      ] GC(346) Weak: 695 encountered, 187 discovered, 0 enqueued
[188.416s][info][gc,ref      ] GC(346) Final: 0 encountered, 0 discovered, 0 enqueued
[188.416s][info][gc,ref      ] GC(346) Phantom: 36 encountered, 21 discovered, 0 enqueued
[188.416s][info][gc,reloc    ] GC(346) Small Pages: 1198 / 2396M, Empty: 2262M, Relocated: 1M, In-Place: 0
[188.416s][info][gc,reloc    ] GC(346) Medium Pages: 12 / 384M, Empty: 352M, Relocated: 0M, In-Place: 0
[188.416s][info][gc,reloc    ] GC(346) Large Pages: 1 / 6M, Empty: 0M, Relocated: 0M, In-Place: 0
[188.416s][info][gc,reloc    ] GC(346) Forwarding Usage: 0M
[188.416s][info][gc,heap     ] GC(346) Min Capacity: 4096M(100%)
[188.416s][info][gc,heap     ] GC(346) Max Capacity: 4096M(100%)
[188.416s][info][gc,heap     ] GC(346) Soft Max Capacity: 4096M(100%)
[188.416s][info][gc,heap     ] GC(346)                Mark Start          Mark End        Relocate Start      Relocate End           High               Low         
[188.416s][info][gc,heap     ] GC(346)  Capacity:     4096M (100%)       4096M (100%)       4096M (100%)       4096M (100%)       4096M (100%)       4096M (100%)   
[188.416s][info][gc,heap     ] GC(346)      Free:     1310M (32%)         362M (9%)         2936M (72%)        2978M (73%)        2978M (73%)         354M (9%)     
[188.416s][info][gc,heap     ] GC(346)      Used:     2786M (68%)        3734M (91%)        1160M (28%)        1118M (27%)        3742M (91%)        1118M (27%)    
[188.416s][info][gc,heap     ] GC(346)      Live:         -                99M (2%)           99M (2%)           99M (2%)             -                  -          
[188.416s][info][gc,heap     ] GC(346) Allocated:         -               948M (23%)         988M (24%)         987M (24%)            -                  -          
[188.416s][info][gc,heap     ] GC(346)   Garbage:         -              2686M (66%)          72M (2%)           30M (1%)             -                  -          
[188.416s][info][gc,heap     ] GC(346) Reclaimed:         -                  -              2614M (64%)        2655M (65%)            -                  -          
[188.416s][info][gc          ] GC(346) Garbage Collection (Allocation Rate) 2786M(68%)->1118M(27%)
[188.687s][info][gc,start    ] GC(347) Garbage Collection (Allocation Rate)
[188.687s][info][gc,task     ] GC(347) Using 1 workers
[188.687s][info][gc,phases   ] GC(347) Pause Mark Start 0.009ms
[188.846s][info][gc,phases   ] GC(347) Concurrent Mark 158.843ms
[188.846s][info][gc,phases   ] GC(347) Pause Mark End 0.012ms
[188.846s][info][gc,phases   ] GC(347) Concurrent Mark Free 0.001ms
[188.859s][info][gc,phases   ] GC(347) Concurrent Process Non-Strong References 12.476ms
[188.859s][info][gc,phases   ] GC(347) Concurrent Reset Relocation Set 0.005ms
[188.862s][info][gc,phases   ] GC(347) Concurrent Select Relocation Set 2.914ms
[188.862s][info][gc,phases   ] GC(347) Pause Relocate Start 0.015ms
[188.865s][info][gc,phases   ] GC(347) Concurrent Relocate 2.827ms
[188.865s][info][gc,load     ] GC(347) Load: 0.00/0.00/0.00
[188.865s][info][gc,mmu      ] GC(347) MMU: 2ms/96.2%, 5ms/98.5%, 10ms/99.0%, 20ms/99.5%, 50ms/99.8%, 100ms/99.9%
[188.865s][info][gc,marking  ] GC(347) Mark: 1 stripe(s), 2 proactive flush(es), 1 terminate flush(es), 0 completion(s), 0 continuation(s) 
[188.865s][info][gc,marking  ] GC(347) Mark Stack Usage: 32M
[188.865s][info][gc,nmethod  ] GC(347) NMethods: 1440 registered, 9 unregistered
[188.865s][info][gc,metaspace] GC(347) Metaspace: 11M used, 11M committed, 1088M reserved
[188.865s][info][gc,ref      ] GC(347) Soft: 197 encountered, 0 discovered, 0 enqueued
[188.865s][info][gc,ref      ] GC(347) Weak: 695 encountered, 187 discovered, 0 enqueued
[188.865s][info][gc,ref      ] GC(347) Final: 0 encountered, 0 discovered, 0 enqueued
[188.865s][info][gc,ref      ] GC(347) Phantom: 36 encountered, 21 discovered, 0 enqueued
[188.865s][info][gc,reloc    ] GC(347) Small Pages: 982 / 1964M, Empty: 1808M, Relocated: 4M, In-Place: 0
[188.865s][info][gc,reloc    ] GC(347) Medium Pages: 11 / 352M, Empty: 352M, Relocated: 0M, In-Place: 0
[188.865s][info][gc,reloc    ] GC(347) Large Pages: 1 / 6M, Empty: 0M, Relocated: 0M, In-Place: 0
[188.865s][info][gc,reloc    ] GC(347) Forwarding Usage: 0M
[188.865s][info][gc,heap     ] GC(347) Min Capacity: 4096M(100%)
[188.865s][info][gc,heap     ] GC(347) Max Capacity: 4096M(100%)
[188.865s][info][gc,heap     ] GC(347) Soft Max Capacity: 4096M(100%)
[188.865s][info][gc,heap     ] GC(347)                Mark Start          Mark End        Relocate Start      Relocate End           High               Low         
[188.865s][info][gc,heap     ] GC(347)  Capacity:     4096M (100%)       4096M (100%)       4096M (100%)       4096M (100%)       4096M (100%)       4096M (100%)   
[188.865s][info][gc,heap     ] GC(347)      Free:     1774M (43%)        1148M (28%)        3192M (78%)        3252M (79%)        3252M (79%)        1072M (26%)    
[188.865s][info][gc,heap     ] GC(347)      Used:     2322M (57%)        2948M (72%)         904M (22%)         844M (21%)        3024M (74%)         844M (21%)    
[188.865s][info][gc,heap     ] GC(347)      Live:         -                99M (2%)           99M (2%)           99M (2%)             -                  -          
[188.865s][info][gc,heap     ] GC(347) Allocated:         -               626M (15%)         742M (18%)         741M (18%)            -                  -          
[188.865s][info][gc,heap     ] GC(347)   Garbage:         -              2222M (54%)          62M (2%)            2M (0%)             -                  -          
[188.865s][info][gc,heap     ] GC(347) Reclaimed:         -                  -              2160M (53%)        2219M (54%)            -                  -          
[188.865s][info][gc          ] GC(347) Garbage Collection (Allocation Rate) 2322M(57%)->844M(21%)
[189.173s][info][gc,start    ] GC(348) Garbage Collection (Allocation Rate)
[189.173s][info][gc,task     ] GC(348) Using 1 workers
[189.173s][info][gc,phases   ] GC(348) Pause Mark Start 0.015ms
[189.363s][info][gc,phases   ] GC(348) Concurrent Mark 189.418ms
[189.363s][info][gc,phases   ] GC(348) Pause Mark End 0.013ms
[189.363s][info][gc,phases   ] GC(348) Concurrent Mark Free 0.002ms
[189.367s][info][gc,phases   ] GC(348) Concurrent Process Non-Strong References 3.995ms
[189.367s][info][gc,phases   ] GC(348) Concurrent Reset Relocation Set 0.004ms
[189.370s][info][gc,phases   ] GC(348) Concurrent Select Relocation Set 2.959ms
[189.370s][info][gc,phases   ] GC(348) Pause Relocate Start 0.021ms
[189.371s][info][gc,phases   ] GC(348) Concurrent Relocate 0.665ms
[189.371s][info][gc,load     ] GC(348) Load: 0.00/0.00/0.00
[189.371s][info][gc,mmu      ] GC(348) MMU: 2ms/96.2%, 5ms/98.5%, 10ms/99.0%, 20ms/99.5%, 50ms/99.8%, 100ms/99.9%
[189.371s][info][gc,marking  ] GC(348) Mark: 1 stripe(s), 2 proactive flush(es), 1 terminate flush(es), 0 completion(s), 0 continuation(s) 
[189.371s][info][gc,marking  ] GC(348) Mark Stack Usage: 32M
[189.371s][info][gc,nmethod  ] GC(348) NMethods: 1440 registered, 9 unregistered
[189.371s][info][gc,metaspace] GC(348) Metaspace: 11M used, 11M committed, 1088M reserved
[189.371s][info][gc,ref      ] GC(348) Soft: 197 encountered, 0 discovered, 0 enqueued
[189.371s][info][gc,ref      ] GC(348) Weak: 695 encountered, 187 discovered, 0 enqueued
[189.371s][info][gc,ref      ] GC(348) Final: 0 encountered, 0 discovered, 0 enqueued
[189.371s][info][gc,ref      ] GC(348) Phantom: 36 encountered, 21 discovered, 0 enqueued
[189.371s][info][gc,reloc    ] GC(348) Small Pages: 958 / 1916M, Empty: 1768M, Relocated: 3M, In-Place: 0
[189.371s][info][gc,reloc    ] GC(348) Medium Pages: 10 / 320M, Empty: 320M, Relocated: 0M, In-Place: 0
[189.371s][info][gc,reloc    ] GC(348) Large Pages: 1 / 6M, Empty: 0M, Relocated: 0M, In-Place: 0
[189.371s][info][gc,reloc    ] GC(348) Forwarding Usage: 0M
[189.371s][info][gc,heap     ] GC(348) Min Capacity: 4096M(100%)
[189.371s][info][gc,heap     ] GC(348) Max Capacity: 4096M(100%)
[189.371s][info][gc,heap     ] GC(348) Soft Max Capacity: 4096M(100%)
[189.371s][info][gc,heap     ] GC(348)                Mark Start          Mark End        Relocate Start      Relocate End           High               Low         
[189.371s][info][gc,heap     ] GC(348)  Capacity:     4096M (100%)       4096M (100%)       4096M (100%)       4096M (100%)       4096M (100%)       4096M (100%)   
[189.371s][info][gc,heap     ] GC(348)      Free:     1854M (45%)        1048M (26%)        3118M (76%)        3170M (77%)        3170M (77%)        1030M (25%)    
[189.371s][info][gc,heap     ] GC(348)      Used:     2242M (55%)        3048M (74%)         978M (24%)         926M (23%)        3066M (75%)         926M (23%)    
[189.371s][info][gc,heap     ] GC(348)      Live:         -                98M (2%)           98M (2%)           98M (2%)             -                  -          
[189.371s][info][gc,heap     ] GC(348) Allocated:         -               806M (20%)         824M (20%)         823M (20%)            -                  -          
[189.371s][info][gc,heap     ] GC(348)   Garbage:         -              2143M (52%)          55M (1%)            3M (0%)             -                  -          
[189.371s][info][gc,heap     ] GC(348) Reclaimed:         -                  -              2088M (51%)        2139M (52%)            -                  -          
[189.371s][info][gc          ] GC(348) Garbage Collection (Allocation Rate) 2242M(55%)->926M(23%)
[189.785s][info][gc,start    ] GC(349) Garbage Collection (Allocation Rate)
[189.785s][info][gc,task     ] GC(349) Using 1 workers
[189.785s][info][gc,phases   ] GC(349) Pause Mark Start 0.011ms
[189.919s][info][gc,phases   ] GC(349) Concurrent Mark 133.481ms
[189.919s][info][gc,phases   ] GC(349) Pause Mark End 0.011ms
[189.919s][info][gc,phases   ] GC(349) Concurrent Mark Free 0.002ms
[189.921s][info][gc,phases   ] GC(349) Concurrent Process Non-Strong References 2.091ms
[189.921s][info][gc,phases   ] GC(349) Concurrent Reset Relocation Set 0.002ms
[189.923s][info][gc,phases   ] GC(349) Concurrent Select Relocation Set 1.734ms
[189.923s][info][gc,phases   ] GC(349) Pause Relocate Start 0.007ms
[189.925s][info][gc,phases   ] GC(349) Concurrent Relocate 1.619ms
[189.925s][info][gc,load     ] GC(349) Load: 0.00/0.00/0.00
[189.925s][info][gc,mmu      ] GC(349) MMU: 2ms/96.2%, 5ms/98.5%, 10ms/99.0%, 20ms/99.5%, 50ms/99.8%, 100ms/99.9%
[189.925s][info][gc,marking  ] GC(349) Mark: 1 stripe(s), 2 proactive flush(es), 1 terminate flush(es), 0 completion(s), 0 continuation(s) 
[189.925s][info][gc,marking  ] GC(349) Mark Stack Usage: 32M
[189.925s][info][gc,nmethod  ] GC(349) NMethods: 1440 registered, 9 unregistered
[189.925s][info][gc,metaspace] GC(349) Metaspace: 11M used, 11M committed, 1088M reserved
[189.925s][info][gc,ref      ] GC(349) Soft: 197 encountered, 0 discovered, 0 enqueued
[189.925s][info][gc,ref      ] GC(349) Weak: 695 encountered, 554 discovered, 0 enqueued
[189.925s][info][gc,ref      ] GC(349) Final: 0 encountered, 0 discovered, 0 enqueued
[189.925s][info][gc,ref      ] GC(349) Phantom: 36 encountered, 17 discovered, 0 enqueued
[189.925s][info][gc,reloc    ] GC(349) Small Pages: 1211 / 2422M, Empty: 2270M, Relocated: 5M, In-Place: 0
[189.925s][info][gc,reloc    ] GC(349) Medium Pages: 12 / 384M, Empty: 384M, Relocated: 0M, In-Place: 0
[189.925s][info][gc,reloc    ] GC(349) Large Pages: 1 / 6M, Empty: 0M, Relocated: 0M, In-Place: 0
[189.925s][info][gc,reloc    ] GC(349) Forwarding Usage: 0M
[189.925s][info][gc,heap     ] GC(349) Min Capacity: 4096M(100%)
[189.925s][info][gc,heap     ] GC(349) Max Capacity: 4096M(100%)
[189.925s][info][gc,heap     ] GC(349) Soft Max Capacity: 4096M(100%)
[189.925s][info][gc,heap     ] GC(349)                Mark Start          Mark End        Relocate Start      Relocate End           High               Low         
[189.925s][info][gc,heap     ] GC(349)  Capacity:     4096M (100%)       4096M (100%)       4096M (100%)       4096M (100%)       4096M (100%)       4096M (100%)   
[189.925s][info][gc,heap     ] GC(349)      Free:     1284M (31%)         836M (20%)        3490M (85%)        3546M (87%)        3546M (87%)         836M (20%)    
[189.925s][info][gc,heap     ] GC(349)      Used:     2812M (69%)        3260M (80%)         606M (15%)         550M (13%)        3260M (80%)         550M (13%)    
[189.925s][info][gc,heap     ] GC(349)      Live:         -                99M (2%)           99M (2%)           99M (2%)             -                  -          
[189.925s][info][gc,heap     ] GC(349) Allocated:         -               448M (11%)         448M (11%)         448M (11%)            -                  -          
[189.925s][info][gc,heap     ] GC(349)   Garbage:         -              2712M (66%)          58M (1%)            2M (0%)             -                  -          
[189.925s][info][gc,heap     ] GC(349) Reclaimed:         -                  -              2654M (65%)        2710M (66%)            -                  -          
[189.925s][info][gc          ] GC(349) Garbage Collection (Allocation Rate) 2812M(69%)->550M(13%)
[189.925s][info][gc,start    ] GC(350) Garbage Collection (System.gc())
[189.925s][info][gc,task     ] GC(350) Using 2 workers
[189.925s][info][gc,phases   ] GC(350) Pause Mark Start 0.005ms
[189.990s][info][gc,phases   ] GC(350) Concurrent Mark 64.699ms
[189.990s][info][gc,phases   ] GC(350) Pause Mark End 0.027ms
[189.990s][info][gc,phases   ] GC(350) Concurrent Mark Free 0.003ms
[189.993s][info][gc,phases   ] GC(350) Concurrent Process Non-Strong References 2.747ms
[189.993s][info][gc,phases   ] GC(350) Concurrent Reset Relocation Set 0.003ms
[189.994s][info][gc,phases   ] GC(350) Concurrent Select Relocation Set 1.395ms
[189.994s][info][gc,phases   ] GC(350) Pause Relocate Start 0.005ms
[189.995s][info][gc,phases   ] GC(350) Concurrent Relocate 0.544ms
[189.995s][info][gc,load     ] GC(350) Load: 0.00/0.00/0.00
[189.995s][info][gc,mmu      ] GC(350) MMU: 2ms/96.2%, 5ms/98.5%, 10ms/99.0%, 20ms/99.5%, 50ms/99.8%, 100ms/99.9%
[189.995s][info][gc,marking  ] GC(350) Mark: 2 stripe(s), 1 proactive flush(es), 1 terminate flush(es), 0 completion(s), 0 continuation(s) 
[189.995s][info][gc,marking  ] GC(350) Mark Stack Usage: 32M
[189.995s][info][gc,nmethod  ] GC(350) NMethods: 1440 registered, 9 unregistered
[189.995s][info][gc,metaspace] GC(350) Metaspace: 11M used, 11M committed, 1088M reserved
[189.995s][info][gc,ref      ] GC(350) Soft: 197 encountered, 0 discovered, 0 enqueued
[189.995s][info][gc,ref      ] GC(350) Weak: 695 encountered, 48 discovered, 0 enqueued
[189.995s][info][gc,ref      ] GC(350) Final: 0 encountered, 0 discovered, 0 enqueued
[189.995s][info][gc,ref      ] GC(350) Phantom: 36 encountered, 15 discovered, 0 enqueued
[189.995s][info][gc,reloc    ] GC(350) Small Pages: 224 / 448M, Empty: 352M, Relocated: 1M, In-Place: 0
[189.995s][info][gc,reloc    ] GC(350) Medium Pages: 3 / 96M, Empty: 96M, Relocated: 0M, In-Place: 0
[189.995s][info][gc,reloc    ] GC(350) Large Pages: 1 / 6M, Empty: 0M, Relocated: 0M, In-Place: 0
[189.995s][info][gc,reloc    ] GC(350) Forwarding Usage: 0M
[189.995s][info][gc,heap     ] GC(350) Min Capacity: 4096M(100%)
[189.995s][info][gc,heap     ] GC(350) Max Capacity: 4096M(100%)
[189.995s][info][gc,heap     ] GC(350) Soft Max Capacity: 4096M(100%)
[189.995s][info][gc,heap     ] GC(350)                Mark Start          Mark End        Relocate Start      Relocate End           High               Low         
[189.995s][info][gc,heap     ] GC(350)  Capacity:     4096M (100%)       4096M (100%)       4096M (100%)       4096M (100%)       4096M (100%)       4096M (100%)   
[189.995s][info][gc,heap     ] GC(350)      Free:     3546M (87%)        3546M (87%)        3994M (98%)        3996M (98%)        3996M (98%)        3546M (87%)    
[189.995s][info][gc,heap     ] GC(350)      Used:      550M (13%)         550M (13%)         102M (2%)          100M (2%)          550M (13%)         100M (2%)     
[189.995s][info][gc,heap     ] GC(350)      Live:         -                95M (2%)           95M (2%)           95M (2%)             -                  -          
[189.995s][info][gc,heap     ] GC(350) Allocated:         -                 0M (0%)            0M (0%)            0M (0%)             -                  -          
[189.995s][info][gc,heap     ] GC(350)   Garbage:         -               454M (11%)           6M (0%)            4M (0%)             -                  -          
[189.995s][info][gc,heap     ] GC(350) Reclaimed:         -                  -               448M (11%)         450M (11%)            -                  -          
[189.995s][info][gc          ] GC(350) Garbage Collection (System.gc()) 550M(13%)->100M(2%)
[190.178s][info][gc,stats    ] === Garbage Collection Statistics =======================================================================================================================
[190.178s][info][gc,stats    ]                                                              Last 10s              Last 10m              Last 10h                Total
[190.178s][info][gc,stats    ]                                                              Avg / Max             Avg / Max             Avg / Max             Avg / Max
[190.178s][info][gc,stats    ]   Collector: Garbage Collection Cycle                    166.361 / 232.798     162.485 / 259.019     162.485 / 259.019     162.485 / 259.019     ms
[190.178s][info][gc,stats    ]  Contention: Mark Segment Reset Contention                     0 / 0                 0 / 2                 0 / 2                 0 / 2           ops/s
[190.178s][info][gc,stats    ]  Contention: Mark SeqNum Reset Contention                      0 / 1                 0 / 2                 0 / 2                 0 / 2           ops/s
[190.178s][info][gc,stats    ]    Critical: Allocation Stall                                  0 / 0                 0 / 0                 0 / 0                 0 / 0           ops/s
[190.178s][info][gc,stats    ]    Critical: Allocation Stall                              0.000 / 0.000         0.000 / 0.000         0.000 / 0.000         0.000 / 0.000       ms
[190.178s][info][gc,stats    ]    Critical: GC Locker Stall                                   0 / 0                 0 / 0                 0 / 0                 0 / 0           ops/s
[190.178s][info][gc,stats    ]    Critical: GC Locker Stall                               0.000 / 0.000         0.000 / 0.000         0.000 / 0.000         0.000 / 0.000       ms
[190.178s][info][gc,stats    ]    Critical: Relocation Stall                                  0 / 0                 0 / 0                 0 / 0                 0 / 0           ops/s
[190.178s][info][gc,stats    ]    Critical: Relocation Stall                              0.000 / 0.000         0.000 / 0.000         0.000 / 0.000         0.000 / 0.000       ms
[190.178s][info][gc,stats    ]      Memory: Allocation Rate                                4351 / 4598           4288 / 4598           4288 / 4598           4288 / 4598        MB/s
[190.179s][info][gc,stats    ]      Memory: Defragment                                        0 / 0                 0 / 0                 0 / 0                 0 / 0           ops/s
[190.179s][info][gc,stats    ]      Memory: Out Of Memory                                     0 / 0                 0 / 0                 0 / 0                 0 / 0           ops/s
[190.179s][info][gc,stats    ]      Memory: Page Cache Flush                                  0 / 0                 0 / 0                 0 / 0                 0 / 0           MB/s
[190.179s][info][gc,stats    ]      Memory: Page Cache Hit L1                              1881 / 2001           1846 / 2002           1846 / 2002           1846 / 2002        ops/s
[190.179s][info][gc,stats    ]      Memory: Page Cache Hit L2                                 0 / 0                 0 / 0                 0 / 0                 0 / 0           ops/s
[190.179s][info][gc,stats    ]      Memory: Page Cache Hit L3                                 0 / 0                 9 / 437               9 / 437               9 / 437         ops/s
[190.179s][info][gc,stats    ]      Memory: Page Cache Miss                                   0 / 0                 0 / 1                 0 / 1                 0 / 1           ops/s
[190.179s][info][gc,stats    ]      Memory: Uncommit                                          0 / 0                 0 / 0                 0 / 0                 0 / 0           MB/s
[190.179s][info][gc,stats    ]      Memory: Undo Object Allocation Failed                     0 / 0                 0 / 1                 0 / 1                 0 / 1           ops/s
[190.179s][info][gc,stats    ]      Memory: Undo Object Allocation Succeeded                  0 / 2                16 / 1067             16 / 1067             16 / 1067        ops/s
[190.179s][info][gc,stats    ]      Memory: Undo Page Allocation                              1 / 3                 2 / 7                 2 / 7                 2 / 7           ops/s
[190.179s][info][gc,stats    ]       Phase: Concurrent Mark                             156.023 / 224.568     151.252 / 251.310     151.252 / 251.310     151.252 / 251.310     ms
[190.179s][info][gc,stats    ]       Phase: Concurrent Mark Continue                      0.000 / 0.000         0.000 / 0.000         0.000 / 0.000         0.000 / 0.000       ms
[190.179s][info][gc,stats    ]       Phase: Concurrent Mark Free                          0.002 / 0.003         0.002 / 0.005         0.002 / 0.005         0.002 / 0.005       ms
[190.179s][info][gc,stats    ]       Phase: Concurrent Process Non-Strong References      4.795 / 12.476        5.254 / 24.469        5.254 / 24.469        5.254 / 24.469      ms
[190.179s][info][gc,stats    ]       Phase: Concurrent Relocate                           1.670 / 5.572         1.937 / 57.532        1.937 / 57.532        1.937 / 57.532      ms
[190.179s][info][gc,stats    ]       Phase: Concurrent Reset Relocation Set               0.003 / 0.005         0.004 / 0.026         0.004 / 0.026         0.004 / 0.026       ms
[190.179s][info][gc,stats    ]       Phase: Concurrent Select Relocation Set              2.932 / 4.837         3.022 / 13.885        3.022 / 13.885        3.022 / 13.885      ms
[190.179s][info][gc,stats    ]       Phase: Pause Mark End                                0.016 / 0.027         0.018 / 0.047         0.018 / 0.047         0.018 / 0.047       ms
[190.179s][info][gc,stats    ]       Phase: Pause Mark Start                              0.010 / 0.015         0.010 / 0.027         0.010 / 0.027         0.010 / 0.027       ms
[190.179s][info][gc,stats    ]       Phase: Pause Relocate Start                          0.012 / 0.021         0.012 / 0.077         0.012 / 0.077         0.012 / 0.077       ms
[190.179s][info][gc,stats    ]    Subphase: Concurrent Classes Purge                      0.013 / 0.023         0.016 / 0.208         0.016 / 0.208         0.016 / 0.208       ms
[190.179s][info][gc,stats    ]    Subphase: Concurrent Classes Unlink                     2.775 / 3.842         2.734 / 3.880         2.734 / 3.880         2.734 / 3.880       ms
[190.179s][info][gc,stats    ]    Subphase: Concurrent Mark                             138.743 / 223.793     136.637 / 250.559     136.637 / 250.559     136.637 / 250.559     ms
[190.179s][info][gc,stats    ]    Subphase: Concurrent Mark Try Flush                     0.282 / 4.949         0.730 / 17.896        0.730 / 17.896        0.730 / 17.896      ms
[190.179s][info][gc,stats    ]    Subphase: Concurrent Mark Try Terminate                 0.962 / 13.708        1.162 / 17.378        1.162 / 17.378        1.162 / 17.378      ms
[190.179s][info][gc,stats    ]    Subphase: Concurrent References Enqueue                 0.001 / 0.001         0.001 / 0.015         0.001 / 0.015         0.001 / 0.015       ms
[190.179s][info][gc,stats    ]    Subphase: Concurrent References Process                 0.073 / 0.135         0.085 / 0.535         0.085 / 0.535         0.085 / 0.535       ms
[190.179s][info][gc,stats    ]    Subphase: Concurrent Roots ClassLoaderDataGraph         0.069 / 0.117         0.071 / 0.272         0.071 / 0.272         0.071 / 0.272       ms
[190.179s][info][gc,stats    ]    Subphase: Concurrent Roots CodeCache                    0.000 / 0.000         0.000 / 0.000         0.000 / 0.000         0.000 / 0.000       ms
[190.179s][info][gc,stats    ]    Subphase: Concurrent Roots JavaThreads                  0.515 / 0.745         0.623 / 7.312         0.623 / 7.312         0.623 / 7.312       ms
[190.179s][info][gc,stats    ]    Subphase: Concurrent Roots OopStorageSet                0.025 / 0.052         0.029 / 0.099         0.029 / 0.099         0.029 / 0.099       ms
[190.179s][info][gc,stats    ]    Subphase: Concurrent Weak Roots OopStorageSet           0.198 / 0.250         0.189 / 0.369         0.189 / 0.369         0.189 / 0.369       ms
[190.179s][info][gc,stats    ]    Subphase: Pause Mark Try Complete                       0.000 / 0.000         0.000 / 0.000         0.000 / 0.000         0.000 / 0.000       ms
[190.179s][info][gc,stats    ]      System: Java Threads                                     25 / 25               23 / 25               23 / 25               23 / 25          threads
[190.179s][info][gc,stats    ] =========================================================================================================================================================
[190.587s][info][gc,start    ] GC(351) Garbage Collection (Allocation Rate)
[190.587s][info][gc,task     ] GC(351) Using 1 workers
[190.587s][info][gc,phases   ] GC(351) Pause Mark Start 0.010ms
[190.718s][info][gc,phases   ] GC(351) Concurrent Mark 131.544ms
[190.719s][info][gc,phases   ] GC(351) Pause Mark End 0.020ms
[190.719s][info][gc,phases   ] GC(351) Concurrent Mark Free 0.002ms
[190.723s][info][gc,phases   ] GC(351) Concurrent Process Non-Strong References 4.388ms
[190.723s][info][gc,phases   ] GC(351) Concurrent Reset Relocation Set 0.002ms
[190.725s][info][gc,phases   ] GC(351) Concurrent Select Relocation Set 2.049ms
[190.725s][info][gc,phases   ] GC(351) Pause Relocate Start 0.009ms
[190.727s][info][gc,phases   ] GC(351) Concurrent Relocate 1.979ms
[190.727s][info][gc,load     ] GC(351) Load: 0.00/0.00/0.00
[190.727s][info][gc,mmu      ] GC(351) MMU: 2ms/96.2%, 5ms/98.5%, 10ms/99.0%, 20ms/99.5%, 50ms/99.8%, 100ms/99.9%
[190.727s][info][gc,marking  ] GC(351) Mark: 1 stripe(s), 2 proactive flush(es), 1 terminate flush(es), 0 completion(s), 0 continuation(s) 
[190.728s][info][gc,marking  ] GC(351) Mark Stack Usage: 32M
[190.728s][info][gc,nmethod  ] GC(351) NMethods: 1450 registered, 9 unregistered
[190.728s][info][gc,metaspace] GC(351) Metaspace: 11M used, 11M committed, 1088M reserved
[190.728s][info][gc,ref      ] GC(351) Soft: 197 encountered, 0 discovered, 0 enqueued
[190.728s][info][gc,ref      ] GC(351) Weak: 695 encountered, 554 discovered, 0 enqueued
[190.728s][info][gc,ref      ] GC(351) Final: 0 encountered, 0 discovered, 0 enqueued
[190.728s][info][gc,ref      ] GC(351) Phantom: 36 encountered, 17 discovered, 0 enqueued
[190.728s][info][gc,reloc    ] GC(351) Small Pages: 1220 / 2440M, Empty: 2310M, Relocated: 3M, In-Place: 0
[190.728s][info][gc,reloc    ] GC(351) Medium Pages: 12 / 384M, Empty: 384M, Relocated: 0M, In-Place: 0
[190.728s][info][gc,reloc    ] GC(351) Large Pages: 1 / 6M, Empty: 0M, Relocated: 0M, In-Place: 0
[190.728s][info][gc,reloc    ] GC(351) Forwarding Usage: 0M
[190.728s][info][gc,heap     ] GC(351) Min Capacity: 4096M(100%)
[190.728s][info][gc,heap     ] GC(351) Max Capacity: 4096M(100%)
[190.728s][info][gc,heap     ] GC(351) Soft Max Capacity: 4096M(100%)
[190.728s][info][gc,heap     ] GC(351)                Mark Start          Mark End        Relocate Start      Relocate End           High               Low         
[190.728s][info][gc,heap     ] GC(351)  Capacity:     4096M (100%)       4096M (100%)       4096M (100%)       4096M (100%)       4096M (100%)       4096M (100%)   
[190.728s][info][gc,heap     ] GC(351)      Free:     1266M (31%)         702M (17%)        3394M (83%)        3430M (84%)        3430M (84%)         700M (17%)    
[190.728s][info][gc,heap     ] GC(351)      Used:     2830M (69%)        3394M (83%)         702M (17%)         666M (16%)        3396M (83%)         666M (16%)    
[190.728s][info][gc,heap     ] GC(351)      Live:         -                97M (2%)           97M (2%)           97M (2%)             -                  -          
[190.728s][info][gc,heap     ] GC(351) Allocated:         -               564M (14%)         566M (14%)         565M (14%)            -                  -          
[190.728s][info][gc,heap     ] GC(351)   Garbage:         -              2732M (67%)          38M (1%)            2M (0%)             -                  -          
[190.728s][info][gc,heap     ] GC(351) Reclaimed:         -                  -              2694M (66%)        2729M (67%)            -                  -          
[190.728s][info][gc          ] GC(351) Garbage Collection (Allocation Rate) 2830M(69%)->666M(16%)
[191.183s][info][gc,start    ] GC(352) Garbage Collection (Allocation Rate)
[191.183s][info][gc,task     ] GC(352) Using 1 workers
[191.183s][info][gc,phases   ] GC(352) Pause Mark Start 0.010ms
[191.312s][info][gc,phases   ] GC(352) Concurrent Mark 128.769ms
[191.313s][info][gc,phases   ] GC(352) Pause Mark End 0.023ms
[191.313s][info][gc,phases   ] GC(352) Concurrent Mark Free 0.002ms
[191.316s][info][gc,phases   ] GC(352) Concurrent Process Non-Strong References 3.488ms
[191.316s][info][gc,phases   ] GC(352) Concurrent Reset Relocation Set 0.005ms
[191.319s][info][gc,phases   ] GC(352) Concurrent Select Relocation Set 2.863ms
[191.319s][info][gc,phases   ] GC(352) Pause Relocate Start 0.009ms
[191.320s][info][gc,phases   ] GC(352) Concurrent Relocate 0.414ms
[191.320s][info][gc,load     ] GC(352) Load: 0.00/0.00/0.00
[191.320s][info][gc,mmu      ] GC(352) MMU: 2ms/96.2%, 5ms/98.5%, 10ms/99.0%, 20ms/99.5%, 50ms/99.8%, 100ms/99.9%
[191.320s][info][gc,marking  ] GC(352) Mark: 1 stripe(s), 2 proactive flush(es), 1 terminate flush(es), 0 completion(s), 0 continuation(s) 
[191.320s][info][gc,marking  ] GC(352) Mark Stack Usage: 32M
[191.320s][info][gc,nmethod  ] GC(352) NMethods: 1450 registered, 9 unregistered
[191.320s][info][gc,metaspace] GC(352) Metaspace: 11M used, 11M committed, 1088M reserved
[191.320s][info][gc,ref      ] GC(352) Soft: 197 encountered, 0 discovered, 0 enqueued
[191.320s][info][gc,ref      ] GC(352) Weak: 695 encountered, 554 discovered, 0 enqueued
[191.320s][info][gc,ref      ] GC(352) Final: 0 encountered, 0 discovered, 0 enqueued
[191.320s][info][gc,ref      ] GC(352) Phantom: 36 encountered, 17 discovered, 0 enqueued
[191.320s][info][gc,reloc    ] GC(352) Small Pages: 1198 / 2396M, Empty: 2250M, Relocated: 1M, In-Place: 0
[191.320s][info][gc,reloc    ] GC(352) Medium Pages: 12 / 384M, Empty: 384M, Relocated: 0M, In-Place: 0
[191.320s][info][gc,reloc    ] GC(352) Large Pages: 1 / 6M, Empty: 0M, Relocated: 0M, In-Place: 0
[191.320s][info][gc,reloc    ] GC(352) Forwarding Usage: 0M
[191.320s][info][gc,heap     ] GC(352) Min Capacity: 4096M(100%)
[191.320s][info][gc,heap     ] GC(352) Max Capacity: 4096M(100%)
[191.320s][info][gc,heap     ] GC(352) Soft Max Capacity: 4096M(100%)
[191.320s][info][gc,heap     ] GC(352)                Mark Start          Mark End        Relocate Start      Relocate End           High               Low         
[191.320s][info][gc,heap     ] GC(352)  Capacity:     4096M (100%)       4096M (100%)       4096M (100%)       4096M (100%)       4096M (100%)       4096M (100%)   
[191.320s][info][gc,heap     ] GC(352)      Free:     1310M (32%)         740M (18%)        3364M (82%)        3416M (83%)        3416M (83%)         732M (18%)    
[191.320s][info][gc,heap     ] GC(352)      Used:     2786M (68%)        3356M (82%)         732M (18%)         680M (17%)        3364M (82%)         680M (17%)    
[191.320s][info][gc,heap     ] GC(352)      Live:         -                97M (2%)           97M (2%)           97M (2%)             -                  -          
[191.320s][info][gc,heap     ] GC(352) Allocated:         -               570M (14%)         580M (14%)         579M (14%)            -                  -          
[191.320s][info][gc,heap     ] GC(352)   Garbage:         -              2688M (66%)          54M (1%)            2M (0%)             -                  -          
[191.320s][info][gc,heap     ] GC(352) Reclaimed:         -                  -              2634M (64%)        2685M (66%)            -                  -          
[191.320s][info][gc          ] GC(352) Garbage Collection (Allocation Rate) 2786M(68%)->680M(17%)
[191.780s][info][gc,start    ] GC(353) Garbage Collection (Allocation Rate)
[191.780s][info][gc,task     ] GC(353) Using 1 workers
[191.780s][info][gc,phases   ] GC(353) Pause Mark Start 0.011ms
[192.023s][info][gc,phases   ] GC(353) Concurrent Mark 243.107ms
[192.023s][info][gc,phases   ] GC(353) Pause Mark End 0.026ms
[192.023s][info][gc,phases   ] GC(353) Concurrent Mark Free 0.002ms
[192.027s][info][gc,phases   ] GC(353) Concurrent Process Non-Strong References 3.877ms
[192.027s][info][gc,phases   ] GC(353) Concurrent Reset Relocation Set 0.004ms
[192.030s][info][gc,phases   ] GC(353) Concurrent Select Relocation Set 3.064ms
[192.031s][info][gc,phases   ] GC(353) Pause Relocate Start 0.011ms
[192.032s][info][gc,phases   ] GC(353) Concurrent Relocate 1.311ms
[192.032s][info][gc,load     ] GC(353) Load: 0.00/0.00/0.00
[192.032s][info][gc,mmu      ] GC(353) MMU: 2ms/96.2%, 5ms/98.5%, 10ms/99.0%, 20ms/99.5%, 50ms/99.8%, 100ms/99.9%
[192.032s][info][gc,marking  ] GC(353) Mark: 1 stripe(s), 2 proactive flush(es), 1 terminate flush(es), 0 completion(s), 0 continuation(s) 
[192.032s][info][gc,marking  ] GC(353) Mark Stack Usage: 32M
[192.032s][info][gc,nmethod  ] GC(353) NMethods: 1450 registered, 9 unregistered
[192.032s][info][gc,metaspace] GC(353) Metaspace: 11M used, 11M committed, 1088M reserved
[192.032s][info][gc,ref      ] GC(353) Soft: 197 encountered, 0 discovered, 0 enqueued
[192.032s][info][gc,ref      ] GC(353) Weak: 695 encountered, 187 discovered, 0 enqueued
[192.032s][info][gc,ref      ] GC(353) Final: 0 encountered, 0 discovered, 0 enqueued
[192.032s][info][gc,ref      ] GC(353) Phantom: 36 encountered, 21 discovered, 0 enqueued
[192.032s][info][gc,reloc    ] GC(353) Small Pages: 1194 / 2388M, Empty: 2274M, Relocated: 1M, In-Place: 0
[192.032s][info][gc,reloc    ] GC(353) Medium Pages: 12 / 384M, Empty: 352M, Relocated: 0M, In-Place: 0
[192.032s][info][gc,reloc    ] GC(353) Large Pages: 1 / 6M, Empty: 0M, Relocated: 0M, In-Place: 0
[192.032s][info][gc,reloc    ] GC(353) Forwarding Usage: 0M
[192.032s][info][gc,heap     ] GC(353) Min Capacity: 4096M(100%)
[192.032s][info][gc,heap     ] GC(353) Max Capacity: 4096M(100%)
[192.032s][info][gc,heap     ] GC(353) Soft Max Capacity: 4096M(100%)
[192.032s][info][gc,heap     ] GC(353)                Mark Start          Mark End        Relocate Start      Relocate End           High               Low         
[192.032s][info][gc,heap     ] GC(353)  Capacity:     4096M (100%)       4096M (100%)       4096M (100%)       4096M (100%)       4096M (100%)       4096M (100%)   
[192.032s][info][gc,heap     ] GC(353)      Free:     1318M (32%)         266M (6%)         2872M (70%)        2894M (71%)        2894M (71%)         246M (6%)     
[192.032s][info][gc,heap     ] GC(353)      Used:     2778M (68%)        3830M (94%)        1224M (30%)        1202M (29%)        3850M (94%)        1202M (29%)    
[192.032s][info][gc,heap     ] GC(353)      Live:         -                99M (2%)           99M (2%)           99M (2%)             -                  -          
[192.032s][info][gc,heap     ] GC(353) Allocated:         -              1052M (26%)        1072M (26%)        1071M (26%)            -                  -          
[192.032s][info][gc,heap     ] GC(353)   Garbage:         -              2678M (65%)          52M (1%)           30M (1%)             -                  -          
[192.032s][info][gc,heap     ] GC(353) Reclaimed:         -                  -              2626M (64%)        2647M (65%)            -                  -          
[192.032s][info][gc          ] GC(353) Garbage Collection (Allocation Rate) 2778M(68%)->1202M(29%)
[192.187s][info][gc,start    ] GC(354) Garbage Collection (Allocation Rate)
[192.187s][info][gc,task     ] GC(354) Using 1 workers
[192.187s][info][gc,phases   ] GC(354) Pause Mark Start 0.006ms
[192.330s][info][gc,phases   ] GC(354) Concurrent Mark 142.350ms
[192.330s][info][gc,phases   ] GC(354) Pause Mark End 0.014ms
[192.330s][info][gc,phases   ] GC(354) Concurrent Mark Free 0.001ms
[192.335s][info][gc,phases   ] GC(354) Concurrent Process Non-Strong References 5.427ms
[192.336s][info][gc,phases   ] GC(354) Concurrent Reset Relocation Set 0.004ms
[192.340s][info][gc,phases   ] GC(354) Concurrent Select Relocation Set 3.987ms
[192.340s][info][gc,phases   ] GC(354) Pause Relocate Start 0.014ms
[192.342s][info][gc,phases   ] GC(354) Concurrent Relocate 1.734ms
[192.342s][info][gc,load     ] GC(354) Load: 0.00/0.00/0.00
[192.342s][info][gc,mmu      ] GC(354) MMU: 2ms/96.2%, 5ms/98.5%, 10ms/99.0%, 20ms/99.5%, 50ms/99.8%, 100ms/99.9%
[192.342s][info][gc,marking  ] GC(354) Mark: 1 stripe(s), 2 proactive flush(es), 1 terminate flush(es), 0 completion(s), 0 continuation(s) 
[192.342s][info][gc,marking  ] GC(354) Mark Stack Usage: 32M
[192.342s][info][gc,nmethod  ] GC(354) NMethods: 1450 registered, 9 unregistered
[192.342s][info][gc,metaspace] GC(354) Metaspace: 11M used, 11M committed, 1088M reserved
[192.342s][info][gc,ref      ] GC(354) Soft: 197 encountered, 0 discovered, 0 enqueued
[192.342s][info][gc,ref      ] GC(354) Weak: 695 encountered, 187 discovered, 0 enqueued
[192.342s][info][gc,ref      ] GC(354) Final: 0 encountered, 0 discovered, 0 enqueued
[192.342s][info][gc,ref      ] GC(354) Phantom: 36 encountered, 21 discovered, 0 enqueued
[192.342s][info][gc,reloc    ] GC(354) Small Pages: 793 / 1586M, Empty: 1458M, Relocated: 1M, In-Place: 0
[192.342s][info][gc,reloc    ] GC(354) Medium Pages: 9 / 288M, Empty: 288M, Relocated: 0M, In-Place: 0
[192.342s][info][gc,reloc    ] GC(354) Large Pages: 1 / 6M, Empty: 0M, Relocated: 0M, In-Place: 0
[192.342s][info][gc,reloc    ] GC(354) Forwarding Usage: 0M
[192.342s][info][gc,heap     ] GC(354) Min Capacity: 4096M(100%)
[192.342s][info][gc,heap     ] GC(354) Max Capacity: 4096M(100%)
[192.342s][info][gc,heap     ] GC(354) Soft Max Capacity: 4096M(100%)
[192.342s][info][gc,heap     ] GC(354)                Mark Start          Mark End        Relocate Start      Relocate End           High               Low         
[192.342s][info][gc,heap     ] GC(354)  Capacity:     4096M (100%)       4096M (100%)       4096M (100%)       4096M (100%)       4096M (100%)       4096M (100%)   
[192.342s][info][gc,heap     ] GC(354)      Free:     2216M (54%)        1620M (40%)        3312M (81%)        3338M (81%)        3344M (82%)        1588M (39%)    
[192.342s][info][gc,heap     ] GC(354)      Used:     1880M (46%)        2476M (60%)         784M (19%)         758M (19%)        2508M (61%)         752M (18%)    
[192.342s][info][gc,heap     ] GC(354)      Live:         -                96M (2%)           96M (2%)           96M (2%)             -                  -          
[192.342s][info][gc,heap     ] GC(354) Allocated:         -               596M (15%)         650M (16%)         659M (16%)            -                  -          
[192.342s][info][gc,heap     ] GC(354)   Garbage:         -              1783M (44%)          37M (1%)            1M (0%)             -                  -          
[192.342s][info][gc,heap     ] GC(354) Reclaimed:         -                  -              1746M (43%)        1781M (44%)            -                  -          
[192.342s][info][gc          ] GC(354) Garbage Collection (Allocation Rate) 1880M(46%)->758M(19%)
[192.674s][info][gc,start    ] GC(355) Garbage Collection (Allocation Rate)
[192.674s][info][gc,task     ] GC(355) Using 1 workers
[192.674s][info][gc,phases   ] GC(355) Pause Mark Start 0.017ms
[192.825s][info][gc,phases   ] GC(355) Concurrent Mark 151.073ms
[192.825s][info][gc,phases   ] GC(355) Pause Mark End 0.013ms
[192.825s][info][gc,phases   ] GC(355) Concurrent Mark Free 0.001ms
[192.829s][info][gc,phases   ] GC(355) Concurrent Process Non-Strong References 3.781ms
[192.829s][info][gc,phases   ] GC(355) Concurrent Reset Relocation Set 0.004ms
[192.831s][info][gc,phases   ] GC(355) Concurrent Select Relocation Set 2.011ms
[192.831s][info][gc,phases   ] GC(355) Pause Relocate Start 0.009ms
[192.832s][info][gc,phases   ] GC(355) Concurrent Relocate 0.329ms
[192.832s][info][gc,load     ] GC(355) Load: 0.00/0.00/0.00
[192.832s][info][gc,mmu      ] GC(355) MMU: 2ms/96.2%, 5ms/98.5%, 10ms/99.0%, 20ms/99.5%, 50ms/99.8%, 100ms/99.9%
[192.832s][info][gc,marking  ] GC(355) Mark: 1 stripe(s), 2 proactive flush(es), 1 terminate flush(es), 0 completion(s), 0 continuation(s) 
[192.832s][info][gc,marking  ] GC(355) Mark Stack Usage: 32M
[192.832s][info][gc,nmethod  ] GC(355) NMethods: 1450 registered, 9 unregistered
[192.832s][info][gc,metaspace] GC(355) Metaspace: 11M used, 11M committed, 1088M reserved
[192.832s][info][gc,ref      ] GC(355) Soft: 197 encountered, 0 discovered, 0 enqueued
[192.832s][info][gc,ref      ] GC(355) Weak: 695 encountered, 187 discovered, 0 enqueued
[192.832s][info][gc,ref      ] GC(355) Final: 0 encountered, 0 discovered, 0 enqueued
[192.832s][info][gc,ref      ] GC(355) Phantom: 36 encountered, 21 discovered, 0 enqueued
[192.832s][info][gc,reloc    ] GC(355) Small Pages: 966 / 1932M, Empty: 1802M, Relocated: 1M, In-Place: 0
[192.832s][info][gc,reloc    ] GC(355) Medium Pages: 10 / 320M, Empty: 320M, Relocated: 0M, In-Place: 0
[192.832s][info][gc,reloc    ] GC(355) Large Pages: 1 / 6M, Empty: 0M, Relocated: 0M, In-Place: 0
[192.832s][info][gc,reloc    ] GC(355) Forwarding Usage: 0M
[192.832s][info][gc,heap     ] GC(355) Min Capacity: 4096M(100%)
[192.832s][info][gc,heap     ] GC(355) Max Capacity: 4096M(100%)
[192.832s][info][gc,heap     ] GC(355) Soft Max Capacity: 4096M(100%)
[192.832s][info][gc,heap     ] GC(355)                Mark Start          Mark End        Relocate Start      Relocate End           High               Low         
[192.832s][info][gc,heap     ] GC(355)  Capacity:     4096M (100%)       4096M (100%)       4096M (100%)       4096M (100%)       4096M (100%)       4096M (100%)   
[192.832s][info][gc,heap     ] GC(355)      Free:     1838M (45%)        1184M (29%)        3306M (81%)        3342M (82%)        3342M (82%)        1184M (29%)    
[192.832s][info][gc,heap     ] GC(355)      Used:     2258M (55%)        2912M (71%)         790M (19%)         754M (18%)        2912M (71%)         754M (18%)    
[192.832s][info][gc,heap     ] GC(355)      Live:         -                97M (2%)           97M (2%)           97M (2%)             -                  -          
[192.832s][info][gc,heap     ] GC(355) Allocated:         -               654M (16%)         654M (16%)         653M (16%)            -                  -          
[192.832s][info][gc,heap     ] GC(355)   Garbage:         -              2160M (53%)          38M (1%)            2M (0%)             -                  -          
[192.832s][info][gc,heap     ] GC(355) Reclaimed:         -                  -              2122M (52%)        2157M (53%)            -                  -          
[192.832s][info][gc          ] GC(355) Garbage Collection (Allocation Rate) 2258M(55%)->754M(18%)
[193.287s][info][gc,start    ] GC(356) Garbage Collection (Allocation Rate)
[193.287s][info][gc,task     ] GC(356) Using 1 workers
[193.287s][info][gc,phases   ] GC(356) Pause Mark Start 0.009ms
[193.503s][info][gc,phases   ] GC(356) Concurrent Mark 215.562ms
[193.503s][info][gc,phases   ] GC(356) Pause Mark End 0.014ms
[193.503s][info][gc,phases   ] GC(356) Concurrent Mark Free 0.001ms
[193.507s][info][gc,phases   ] GC(356) Concurrent Process Non-Strong References 4.409ms
[193.507s][info][gc,phases   ] GC(356) Concurrent Reset Relocation Set 0.005ms
[193.512s][info][gc,phases   ] GC(356) Concurrent Select Relocation Set 4.716ms
[193.512s][info][gc,phases   ] GC(356) Pause Relocate Start 0.018ms
[193.514s][info][gc,phases   ] GC(356) Concurrent Relocate 1.319ms
[193.514s][info][gc,load     ] GC(356) Load: 0.00/0.00/0.00
[193.514s][info][gc,mmu      ] GC(356) MMU: 2ms/96.2%, 5ms/98.5%, 10ms/99.0%, 20ms/99.5%, 50ms/99.8%, 100ms/99.9%
[193.514s][info][gc,marking  ] GC(356) Mark: 1 stripe(s), 2 proactive flush(es), 1 terminate flush(es), 0 completion(s), 0 continuation(s) 
[193.514s][info][gc,marking  ] GC(356) Mark Stack Usage: 32M
[193.514s][info][gc,nmethod  ] GC(356) NMethods: 1450 registered, 9 unregistered
[193.514s][info][gc,metaspace] GC(356) Metaspace: 11M used, 11M committed, 1088M reserved
[193.514s][info][gc,ref      ] GC(356) Soft: 197 encountered, 0 discovered, 0 enqueued
[193.514s][info][gc,ref      ] GC(356) Weak: 695 encountered, 187 discovered, 0 enqueued
[193.514s][info][gc,ref      ] GC(356) Final: 0 encountered, 0 discovered, 0 enqueued
[193.514s][info][gc,ref      ] GC(356) Phantom: 36 encountered, 21 discovered, 0 enqueued
[193.514s][info][gc,reloc    ] GC(356) Small Pages: 1235 / 2470M, Empty: 2346M, Relocated: 1M, In-Place: 0
[193.514s][info][gc,reloc    ] GC(356) Medium Pages: 12 / 384M, Empty: 352M, Relocated: 0M, In-Place: 0
[193.514s][info][gc,reloc    ] GC(356) Large Pages: 1 / 6M, Empty: 0M, Relocated: 0M, In-Place: 0
[193.514s][info][gc,reloc    ] GC(356) Forwarding Usage: 0M
[193.514s][info][gc,heap     ] GC(356) Min Capacity: 4096M(100%)
[193.514s][info][gc,heap     ] GC(356) Max Capacity: 4096M(100%)
[193.514s][info][gc,heap     ] GC(356) Soft Max Capacity: 4096M(100%)
[193.514s][info][gc,heap     ] GC(356)                Mark Start          Mark End        Relocate Start      Relocate End           High               Low         
[193.514s][info][gc,heap     ] GC(356)  Capacity:     4096M (100%)       4096M (100%)       4096M (100%)       4096M (100%)       4096M (100%)       4096M (100%)   
[193.514s][info][gc,heap     ] GC(356)      Free:     1236M (30%)         360M (9%)         3008M (73%)        3040M (74%)        3040M (74%)         338M (8%)     
[193.514s][info][gc,heap     ] GC(356)      Used:     2860M (70%)        3736M (91%)        1088M (27%)        1056M (26%)        3758M (92%)        1056M (26%)    
[193.514s][info][gc,heap     ] GC(356)      Live:         -                99M (2%)           99M (2%)           99M (2%)             -                  -          
[193.514s][info][gc,heap     ] GC(356) Allocated:         -               876M (21%)         926M (23%)         925M (23%)            -                  -          
[193.514s][info][gc,heap     ] GC(356)   Garbage:         -              2760M (67%)          62M (2%)           30M (1%)             -                  -          
[193.514s][info][gc,heap     ] GC(356) Reclaimed:         -                  -              2698M (66%)        2729M (67%)            -                  -          
[193.514s][info][gc          ] GC(356) Garbage Collection (Allocation Rate) 2860M(70%)->1056M(26%)
[193.774s][info][gc,start    ] GC(357) Garbage Collection (Allocation Rate)
[193.774s][info][gc,task     ] GC(357) Using 1 workers
[193.774s][info][gc,phases   ] GC(357) Pause Mark Start 0.014ms
[193.997s][info][gc,phases   ] GC(357) Concurrent Mark 222.540ms
[193.997s][info][gc,phases   ] GC(357) Pause Mark End 0.024ms
[193.997s][info][gc,phases   ] GC(357) Concurrent Mark Free 0.002ms
[194.001s][info][gc,phases   ] GC(357) Concurrent Process Non-Strong References 4.260ms
[194.001s][info][gc,phases   ] GC(357) Concurrent Reset Relocation Set 0.002ms
[194.003s][info][gc,phases   ] GC(357) Concurrent Select Relocation Set 2.067ms
[194.003s][info][gc,phases   ] GC(357) Pause Relocate Start 0.010ms
[194.005s][info][gc,phases   ] GC(357) Concurrent Relocate 1.688ms
[194.005s][info][gc,load     ] GC(357) Load: 0.00/0.00/0.00
[194.005s][info][gc,mmu      ] GC(357) MMU: 2ms/96.2%, 5ms/98.5%, 10ms/99.0%, 20ms/99.5%, 50ms/99.8%, 100ms/99.9%
[194.005s][info][gc,marking  ] GC(357) Mark: 1 stripe(s), 2 proactive flush(es), 1 terminate flush(es), 0 completion(s), 0 continuation(s) 
[194.005s][info][gc,marking  ] GC(357) Mark Stack Usage: 32M
[194.005s][info][gc,nmethod  ] GC(357) NMethods: 1450 registered, 9 unregistered
[194.005s][info][gc,metaspace] GC(357) Metaspace: 11M used, 11M committed, 1088M reserved
[194.005s][info][gc,ref      ] GC(357) Soft: 197 encountered, 0 discovered, 0 enqueued
[194.005s][info][gc,ref      ] GC(357) Weak: 695 encountered, 187 discovered, 0 enqueued
[194.005s][info][gc,ref      ] GC(357) Final: 0 encountered, 0 discovered, 0 enqueued
[194.005s][info][gc,ref      ] GC(357) Phantom: 36 encountered, 21 discovered, 0 enqueued
[194.005s][info][gc,reloc    ] GC(357) Small Pages: 955 / 1910M, Empty: 1800M, Relocated: 1M, In-Place: 0
[194.005s][info][gc,reloc    ] GC(357) Medium Pages: 11 / 352M, Empty: 288M, Relocated: 3M, In-Place: 0
[194.005s][info][gc,reloc    ] GC(357) Large Pages: 1 / 6M, Empty: 0M, Relocated: 0M, In-Place: 0
[194.005s][info][gc,reloc    ] GC(357) Forwarding Usage: 0M
[194.005s][info][gc,heap     ] GC(357) Min Capacity: 4096M(100%)
[194.005s][info][gc,heap     ] GC(357) Max Capacity: 4096M(100%)
[194.005s][info][gc,heap     ] GC(357) Soft Max Capacity: 4096M(100%)
[194.005s][info][gc,heap     ] GC(357)                Mark Start          Mark End        Relocate Start      Relocate End           High               Low         
[194.005s][info][gc,heap     ] GC(357)  Capacity:     4096M (100%)       4096M (100%)       4096M (100%)       4096M (100%)       4096M (100%)       4096M (100%)   
[194.005s][info][gc,heap     ] GC(357)      Free:     1828M (45%)         950M (23%)        3038M (74%)        3088M (75%)        3088M (75%)         950M (23%)    
[194.005s][info][gc,heap     ] GC(357)      Used:     2268M (55%)        3146M (77%)        1058M (26%)        1008M (25%)        3146M (77%)        1008M (25%)    
[194.005s][info][gc,heap     ] GC(357)      Live:         -                99M (2%)           99M (2%)           99M (2%)             -                  -          
[194.005s][info][gc,heap     ] GC(357) Allocated:         -               878M (21%)         878M (21%)         877M (21%)            -                  -          
[194.005s][info][gc,heap     ] GC(357)   Garbage:         -              2168M (53%)          80M (2%)           30M (1%)             -                  -          
[194.005s][info][gc,heap     ] GC(357) Reclaimed:         -                  -              2088M (51%)        2137M (52%)            -                  -          
[194.005s][info][gc          ] GC(357) Garbage Collection (Allocation Rate) 2268M(55%)->1008M(25%)
[194.277s][info][gc,start    ] GC(358) Garbage Collection (Allocation Rate)
[194.277s][info][gc,task     ] GC(358) Using 1 workers
[194.277s][info][gc,phases   ] GC(358) Pause Mark Start 0.009ms
[194.413s][info][gc,phases   ] GC(358) Concurrent Mark 135.680ms
[194.413s][info][gc,phases   ] GC(358) Pause Mark End 0.012ms
[194.413s][info][gc,phases   ] GC(358) Concurrent Mark Free 0.002ms
[194.415s][info][gc,phases   ] GC(358) Concurrent Process Non-Strong References 2.461ms
[194.415s][info][gc,phases   ] GC(358) Concurrent Reset Relocation Set 0.001ms
[194.417s][info][gc,phases   ] GC(358) Concurrent Select Relocation Set 1.742ms
[194.417s][info][gc,phases   ] GC(358) Pause Relocate Start 0.005ms
[194.418s][info][gc,phases   ] GC(358) Concurrent Relocate 0.416ms
[194.418s][info][gc,load     ] GC(358) Load: 0.00/0.00/0.00
[194.418s][info][gc,mmu      ] GC(358) MMU: 2ms/96.2%, 5ms/98.5%, 10ms/99.0%, 20ms/99.5%, 50ms/99.8%, 100ms/99.9%
[194.418s][info][gc,marking  ] GC(358) Mark: 1 stripe(s), 2 proactive flush(es), 1 terminate flush(es), 0 completion(s), 0 continuation(s) 
[194.418s][info][gc,marking  ] GC(358) Mark Stack Usage: 32M
[194.418s][info][gc,nmethod  ] GC(358) NMethods: 1450 registered, 9 unregistered
[194.418s][info][gc,metaspace] GC(358) Metaspace: 11M used, 11M committed, 1088M reserved
[194.418s][info][gc,ref      ] GC(358) Soft: 197 encountered, 0 discovered, 0 enqueued
[194.418s][info][gc,ref      ] GC(358) Weak: 695 encountered, 187 discovered, 0 enqueued
[194.418s][info][gc,ref      ] GC(358) Final: 0 encountered, 0 discovered, 0 enqueued
[194.418s][info][gc,ref      ] GC(358) Phantom: 36 encountered, 21 discovered, 0 enqueued
[194.418s][info][gc,reloc    ] GC(358) Small Pages: 963 / 1926M, Empty: 1798M, Relocated: 1M, In-Place: 0
[194.418s][info][gc,reloc    ] GC(358) Medium Pages: 11 / 352M, Empty: 352M, Relocated: 0M, In-Place: 0
[194.418s][info][gc,reloc    ] GC(358) Large Pages: 1 / 6M, Empty: 0M, Relocated: 0M, In-Place: 0
[194.418s][info][gc,reloc    ] GC(358) Forwarding Usage: 0M
[194.418s][info][gc,heap     ] GC(358) Min Capacity: 4096M(100%)
[194.418s][info][gc,heap     ] GC(358) Max Capacity: 4096M(100%)
[194.418s][info][gc,heap     ] GC(358) Soft Max Capacity: 4096M(100%)
[194.418s][info][gc,heap     ] GC(358)                Mark Start          Mark End        Relocate Start      Relocate End           High               Low         
[194.418s][info][gc,heap     ] GC(358)  Capacity:     4096M (100%)       4096M (100%)       4096M (100%)       4096M (100%)       4096M (100%)       4096M (100%)   
[194.418s][info][gc,heap     ] GC(358)      Free:     1812M (44%)        1512M (37%)        3662M (89%)        3696M (90%)        3696M (90%)        1512M (37%)    
[194.418s][info][gc,heap     ] GC(358)      Used:     2284M (56%)        2584M (63%)         434M (11%)         400M (10%)        2584M (63%)         400M (10%)    
[194.418s][info][gc,heap     ] GC(358)      Live:         -                97M (2%)           97M (2%)           97M (2%)             -                  -          
[194.418s][info][gc,heap     ] GC(358) Allocated:         -               300M (7%)          300M (7%)          300M (7%)             -                  -          
[194.418s][info][gc,heap     ] GC(358)   Garbage:         -              2186M (53%)          36M (1%)            2M (0%)             -                  -          
[194.418s][info][gc,heap     ] GC(358) Reclaimed:         -                  -              2150M (52%)        2184M (53%)            -                  -          
[194.418s][info][gc          ] GC(358) Garbage Collection (Allocation Rate) 2284M(56%)->400M(10%)
[194.418s][info][gc,start    ] GC(359) Garbage Collection (System.gc())
[194.418s][info][gc,task     ] GC(359) Using 2 workers
[194.418s][info][gc,phases   ] GC(359) Pause Mark Start 0.004ms
[194.481s][info][gc,phases   ] GC(359) Concurrent Mark 63.341ms
[194.481s][info][gc,phases   ] GC(359) Pause Mark End 0.014ms
[194.481s][info][gc,phases   ] GC(359) Concurrent Mark Free 0.002ms
[194.484s][info][gc,phases   ] GC(359) Concurrent Process Non-Strong References 2.089ms
[194.484s][info][gc,phases   ] GC(359) Concurrent Reset Relocation Set 0.002ms
[194.485s][info][gc,phases   ] GC(359) Concurrent Select Relocation Set 1.272ms
[194.485s][info][gc,phases   ] GC(359) Pause Relocate Start 0.005ms
[194.486s][info][gc,phases   ] GC(359) Concurrent Relocate 0.558ms
[194.486s][info][gc,load     ] GC(359) Load: 0.00/0.00/0.00
[194.486s][info][gc,mmu      ] GC(359) MMU: 2ms/96.2%, 5ms/98.5%, 10ms/99.0%, 20ms/99.5%, 50ms/99.8%, 100ms/99.9%
[194.486s][info][gc,marking  ] GC(359) Mark: 2 stripe(s), 1 proactive flush(es), 1 terminate flush(es), 0 completion(s), 0 continuation(s) 
[194.486s][info][gc,marking  ] GC(359) Mark Stack Usage: 32M
[194.486s][info][gc,nmethod  ] GC(359) NMethods: 1450 registered, 9 unregistered
[194.486s][info][gc,metaspace] GC(359) Metaspace: 11M used, 11M committed, 1088M reserved
[194.486s][info][gc,ref      ] GC(359) Soft: 197 encountered, 0 discovered, 0 enqueued
[194.486s][info][gc,ref      ] GC(359) Weak: 695 encountered, 163 discovered, 0 enqueued
[194.486s][info][gc,ref      ] GC(359) Final: 0 encountered, 0 discovered, 0 enqueued
[194.486s][info][gc,ref      ] GC(359) Phantom: 36 encountered, 16 discovered, 0 enqueued
[194.486s][info][gc,reloc    ] GC(359) Small Pages: 165 / 330M, Empty: 234M, Relocated: 1M, In-Place: 0
[194.486s][info][gc,reloc    ] GC(359) Medium Pages: 2 / 64M, Empty: 64M, Relocated: 0M, In-Place: 0
[194.486s][info][gc,reloc    ] GC(359) Large Pages: 1 / 6M, Empty: 0M, Relocated: 0M, In-Place: 0
[194.486s][info][gc,reloc    ] GC(359) Forwarding Usage: 0M
[194.486s][info][gc,heap     ] GC(359) Min Capacity: 4096M(100%)
[194.486s][info][gc,heap     ] GC(359) Max Capacity: 4096M(100%)
[194.486s][info][gc,heap     ] GC(359) Soft Max Capacity: 4096M(100%)
[194.486s][info][gc,heap     ] GC(359)                Mark Start          Mark End        Relocate Start      Relocate End           High               Low         
[194.486s][info][gc,heap     ] GC(359)  Capacity:     4096M (100%)       4096M (100%)       4096M (100%)       4096M (100%)       4096M (100%)       4096M (100%)   
[194.486s][info][gc,heap     ] GC(359)      Free:     3696M (90%)        3696M (90%)        3994M (98%)        3996M (98%)        3996M (98%)        3696M (90%)    
[194.486s][info][gc,heap     ] GC(359)      Used:      400M (10%)         400M (10%)         102M (2%)          100M (2%)          400M (10%)         100M (2%)     
[194.486s][info][gc,heap     ] GC(359)      Live:         -                95M (2%)           95M (2%)           95M (2%)             -                  -          
[194.486s][info][gc,heap     ] GC(359) Allocated:         -                 0M (0%)            0M (0%)            0M (0%)             -                  -          
[194.486s][info][gc,heap     ] GC(359)   Garbage:         -               304M (7%)            6M (0%)            4M (0%)             -                  -          
[194.486s][info][gc,heap     ] GC(359) Reclaimed:         -                  -               298M (7%)          300M (7%)             -                  -          
[194.486s][info][gc          ] GC(359) Garbage Collection (System.gc()) 400M(10%)->100M(2%)
[194.983s][info][gc,start    ] GC(360) Garbage Collection (Allocation Rate)
[194.983s][info][gc,task     ] GC(360) Using 1 workers
[194.983s][info][gc,phases   ] GC(360) Pause Mark Start 0.010ms
[195.206s][info][gc,phases   ] GC(360) Concurrent Mark 222.047ms
[195.206s][info][gc,phases   ] GC(360) Pause Mark End 0.029ms
[195.206s][info][gc,phases   ] GC(360) Concurrent Mark Free 0.001ms
[195.210s][info][gc,phases   ] GC(360) Concurrent Process Non-Strong References 3.788ms
[195.210s][info][gc,phases   ] GC(360) Concurrent Reset Relocation Set 0.002ms
[195.212s][info][gc,phases   ] GC(360) Concurrent Select Relocation Set 2.570ms
[195.213s][info][gc,phases   ] GC(360) Pause Relocate Start 0.011ms
[195.214s][info][gc,phases   ] GC(360) Concurrent Relocate 1.293ms
[195.214s][info][gc,load     ] GC(360) Load: 0.00/0.00/0.00
[195.214s][info][gc,mmu      ] GC(360) MMU: 2ms/96.2%, 5ms/98.5%, 10ms/99.0%, 20ms/99.5%, 50ms/99.8%, 100ms/99.9%
[195.214s][info][gc,marking  ] GC(360) Mark: 1 stripe(s), 2 proactive flush(es), 1 terminate flush(es), 0 completion(s), 0 continuation(s) 
[195.214s][info][gc,marking  ] GC(360) Mark Stack Usage: 32M
[195.214s][info][gc,nmethod  ] GC(360) NMethods: 1450 registered, 9 unregistered
[195.214s][info][gc,metaspace] GC(360) Metaspace: 11M used, 11M committed, 1088M reserved
[195.214s][info][gc,ref      ] GC(360) Soft: 197 encountered, 0 discovered, 0 enqueued
[195.214s][info][gc,ref      ] GC(360) Weak: 695 encountered, 187 discovered, 0 enqueued
[195.214s][info][gc,ref      ] GC(360) Final: 0 encountered, 0 discovered, 0 enqueued
[195.214s][info][gc,ref      ] GC(360) Phantom: 36 encountered, 21 discovered, 0 enqueued
[195.214s][info][gc,reloc    ] GC(360) Small Pages: 1040 / 2080M, Empty: 1972M, Relocated: 1M, In-Place: 0
[195.214s][info][gc,reloc    ] GC(360) Medium Pages: 10 / 320M, Empty: 288M, Relocated: 0M, In-Place: 0
[195.214s][info][gc,reloc    ] GC(360) Large Pages: 1 / 6M, Empty: 0M, Relocated: 0M, In-Place: 0
[195.214s][info][gc,reloc    ] GC(360) Forwarding Usage: 0M
[195.214s][info][gc,heap     ] GC(360) Min Capacity: 4096M(100%)
[195.214s][info][gc,heap     ] GC(360) Max Capacity: 4096M(100%)
[195.214s][info][gc,heap     ] GC(360) Soft Max Capacity: 4096M(100%)
[195.214s][info][gc,heap     ] GC(360)                Mark Start          Mark End        Relocate Start      Relocate End           High               Low         
[195.214s][info][gc,heap     ] GC(360)  Capacity:     4096M (100%)       4096M (100%)       4096M (100%)       4096M (100%)       4096M (100%)       4096M (100%)   
[195.214s][info][gc,heap     ] GC(360)      Free:     1690M (41%)         748M (18%)        2958M (72%)        2974M (73%)        2974M (73%)         732M (18%)    
[195.214s][info][gc,heap     ] GC(360)      Used:     2406M (59%)        3348M (82%)        1138M (28%)        1122M (27%)        3364M (82%)        1122M (27%)    
[195.214s][info][gc,heap     ] GC(360)      Live:         -                99M (2%)           99M (2%)           99M (2%)             -                  -          
[195.214s][info][gc,heap     ] GC(360) Allocated:         -               942M (23%)         992M (24%)         991M (24%)            -                  -          
[195.214s][info][gc,heap     ] GC(360)   Garbage:         -              2306M (56%)          46M (1%)           30M (1%)             -                  -          
[195.214s][info][gc,heap     ] GC(360) Reclaimed:         -                  -              2260M (55%)        2275M (56%)            -                  -          
[195.214s][info][gc          ] GC(360) Garbage Collection (Allocation Rate) 2406M(59%)->1122M(27%)
[195.486s][info][gc,start    ] GC(361) Garbage Collection (Allocation Rate)
[195.486s][info][gc,task     ] GC(361) Using 2 workers
[195.486s][info][gc,phases   ] GC(361) Pause Mark Start 0.007ms
[195.579s][info][gc,phases   ] GC(361) Concurrent Mark 93.554ms
[195.580s][info][gc,phases   ] GC(361) Pause Mark End 0.019ms
[195.580s][info][gc,phases   ] GC(361) Concurrent Mark Free 0.002ms
[195.582s][info][gc,phases   ] GC(361) Concurrent Process Non-Strong References 1.888ms
[195.582s][info][gc,phases   ] GC(361) Concurrent Reset Relocation Set 0.002ms
[195.585s][info][gc,phases   ] GC(361) Concurrent Select Relocation Set 2.765ms
[195.585s][info][gc,phases   ] GC(361) Pause Relocate Start 0.010ms
[195.587s][info][gc,phases   ] GC(361) Concurrent Relocate 1.785ms
[195.587s][info][gc,load     ] GC(361) Load: 0.00/0.00/0.00
[195.587s][info][gc,mmu      ] GC(361) MMU: 2ms/96.2%, 5ms/98.5%, 10ms/99.0%, 20ms/99.5%, 50ms/99.8%, 100ms/99.9%
[195.587s][info][gc,marking  ] GC(361) Mark: 2 stripe(s), 2 proactive flush(es), 1 terminate flush(es), 0 completion(s), 0 continuation(s) 
[195.587s][info][gc,marking  ] GC(361) Mark Stack Usage: 32M
[195.587s][info][gc,nmethod  ] GC(361) NMethods: 1450 registered, 9 unregistered
[195.587s][info][gc,metaspace] GC(361) Metaspace: 11M used, 11M committed, 1088M reserved
[195.587s][info][gc,ref      ] GC(361) Soft: 197 encountered, 0 discovered, 0 enqueued
[195.587s][info][gc,ref      ] GC(361) Weak: 695 encountered, 77 discovered, 0 enqueued
[195.587s][info][gc,ref      ] GC(361) Final: 0 encountered, 0 discovered, 0 enqueued
[195.587s][info][gc,ref      ] GC(361) Phantom: 36 encountered, 14 discovered, 0 enqueued
[195.587s][info][gc,reloc    ] GC(361) Small Pages: 993 / 1986M, Empty: 1848M, Relocated: 4M, In-Place: 0
[195.587s][info][gc,reloc    ] GC(361) Medium Pages: 11 / 352M, Empty: 320M, Relocated: 0M, In-Place: 0
[195.587s][info][gc,reloc    ] GC(361) Large Pages: 1 / 6M, Empty: 0M, Relocated: 0M, In-Place: 0
[195.587s][info][gc,reloc    ] GC(361) Forwarding Usage: 0M
[195.587s][info][gc,heap     ] GC(361) Min Capacity: 4096M(100%)
[195.587s][info][gc,heap     ] GC(361) Max Capacity: 4096M(100%)
[195.587s][info][gc,heap     ] GC(361) Soft Max Capacity: 4096M(100%)
[195.587s][info][gc,heap     ] GC(361)                Mark Start          Mark End        Relocate Start      Relocate End           High               Low         
[195.587s][info][gc,heap     ] GC(361)  Capacity:     4096M (100%)       4096M (100%)       4096M (100%)       4096M (100%)       4096M (100%)       4096M (100%)   
[195.587s][info][gc,heap     ] GC(361)      Free:     1752M (43%)        1424M (35%)        3590M (88%)        3632M (89%)        3632M (89%)        1422M (35%)    
[195.587s][info][gc,heap     ] GC(361)      Used:     2344M (57%)        2672M (65%)         506M (12%)         464M (11%)        2674M (65%)         464M (11%)    
[195.587s][info][gc,heap     ] GC(361)      Live:         -                99M (2%)           99M (2%)           99M (2%)             -                  -          
[195.587s][info][gc,heap     ] GC(361) Allocated:         -               328M (8%)          330M (8%)          329M (8%)             -                  -          
[195.587s][info][gc,heap     ] GC(361)   Garbage:         -              2244M (55%)          76M (2%)           34M (1%)             -                  -          
[195.587s][info][gc,heap     ] GC(361) Reclaimed:         -                  -              2168M (53%)        2209M (54%)            -                  -          
[195.587s][info][gc          ] GC(361) Garbage Collection (Allocation Rate) 2344M(57%)->464M(11%)
[196.083s][info][gc,start    ] GC(362) Garbage Collection (Allocation Rate)
[196.083s][info][gc,task     ] GC(362) Using 2 workers
[196.083s][info][gc,phases   ] GC(362) Pause Mark Start 0.008ms
[196.161s][info][gc,phases   ] GC(362) Concurrent Mark 78.143ms
[196.162s][info][gc,phases   ] GC(362) Pause Mark End 0.019ms
[196.162s][info][gc,phases   ] GC(362) Concurrent Mark Free 0.002ms
[196.163s][info][gc,phases   ] GC(362) Concurrent Process Non-Strong References 1.822ms
[196.164s][info][gc,phases   ] GC(362) Concurrent Reset Relocation Set 0.003ms
[196.166s][info][gc,phases   ] GC(362) Concurrent Select Relocation Set 2.732ms
[196.166s][info][gc,phases   ] GC(362) Pause Relocate Start 0.010ms
[196.167s][info][gc,phases   ] GC(362) Concurrent Relocate 0.744ms
[196.167s][info][gc,load     ] GC(362) Load: 0.00/0.00/0.00
[196.167s][info][gc,mmu      ] GC(362) MMU: 2ms/96.2%, 5ms/98.5%, 10ms/99.0%, 20ms/99.5%, 50ms/99.8%, 100ms/99.9%
[196.167s][info][gc,marking  ] GC(362) Mark: 2 stripe(s), 2 proactive flush(es), 1 terminate flush(es), 0 completion(s), 0 continuation(s) 
[196.167s][info][gc,marking  ] GC(362) Mark Stack Usage: 32M
[196.167s][info][gc,nmethod  ] GC(362) NMethods: 1450 registered, 9 unregistered
[196.167s][info][gc,metaspace] GC(362) Metaspace: 11M used, 11M committed, 1088M reserved
[196.167s][info][gc,ref      ] GC(362) Soft: 197 encountered, 0 discovered, 0 enqueued
[196.167s][info][gc,ref      ] GC(362) Weak: 695 encountered, 9 discovered, 0 enqueued
[196.167s][info][gc,ref      ] GC(362) Final: 0 encountered, 0 discovered, 0 enqueued
[196.167s][info][gc,ref      ] GC(362) Phantom: 36 encountered, 14 discovered, 0 enqueued
[196.167s][info][gc,reloc    ] GC(362) Small Pages: 1171 / 2342M, Empty: 2218M, Relocated: 1M, In-Place: 0
[196.167s][info][gc,reloc    ] GC(362) Medium Pages: 13 / 416M, Empty: 384M, Relocated: 0M, In-Place: 0
[196.167s][info][gc,reloc    ] GC(362) Large Pages: 1 / 6M, Empty: 0M, Relocated: 0M, In-Place: 0
[196.167s][info][gc,reloc    ] GC(362) Forwarding Usage: 0M
[196.167s][info][gc,heap     ] GC(362) Min Capacity: 4096M(100%)
[196.167s][info][gc,heap     ] GC(362) Max Capacity: 4096M(100%)
[196.167s][info][gc,heap     ] GC(362) Soft Max Capacity: 4096M(100%)
[196.167s][info][gc,heap     ] GC(362)                Mark Start          Mark End        Relocate Start      Relocate End           High               Low         
[196.167s][info][gc,heap     ] GC(362)  Capacity:     4096M (100%)       4096M (100%)       4096M (100%)       4096M (100%)       4096M (100%)       4096M (100%)   
[196.167s][info][gc,heap     ] GC(362)      Free:     1332M (33%)        1050M (26%)        3616M (88%)        3646M (89%)        3646M (89%)        1016M (25%)    
[196.167s][info][gc,heap     ] GC(362)      Used:     2764M (67%)        3046M (74%)         480M (12%)         450M (11%)        3080M (75%)         450M (11%)    
[196.167s][info][gc,heap     ] GC(362)      Live:         -                99M (2%)           99M (2%)           99M (2%)             -                  -          
[196.167s][info][gc,heap     ] GC(362) Allocated:         -               282M (7%)          318M (8%)          317M (8%)             -                  -          
[196.167s][info][gc,heap     ] GC(362)   Garbage:         -              2664M (65%)          62M (2%)           32M (1%)             -                  -          
[196.167s][info][gc,heap     ] GC(362) Reclaimed:         -                  -              2602M (64%)        2631M (64%)            -                  -          
[196.168s][info][gc          ] GC(362) Garbage Collection (Allocation Rate) 2764M(67%)->450M(11%)
[196.679s][info][gc,start    ] GC(363) Garbage Collection (Allocation Rate)
[196.680s][info][gc,task     ] GC(363) Using 1 workers
[196.680s][info][gc,phases   ] GC(363) Pause Mark Start 0.012ms
[196.852s][info][gc,phases   ] GC(363) Concurrent Mark 172.125ms
[196.852s][info][gc,phases   ] GC(363) Pause Mark End 0.019ms
[196.852s][info][gc,phases   ] GC(363) Concurrent Mark Free 0.002ms
[196.856s][info][gc,phases   ] GC(363) Concurrent Process Non-Strong References 3.459ms
[196.856s][info][gc,phases   ] GC(363) Concurrent Reset Relocation Set 0.002ms
[196.859s][info][gc,phases   ] GC(363) Concurrent Select Relocation Set 3.020ms
[196.859s][info][gc,phases   ] GC(363) Pause Relocate Start 0.011ms
[196.862s][info][gc,phases   ] GC(363) Concurrent Relocate 3.384ms
[196.862s][info][gc,load     ] GC(363) Load: 0.00/0.00/0.00
[196.862s][info][gc,mmu      ] GC(363) MMU: 2ms/96.2%, 5ms/98.5%, 10ms/99.0%, 20ms/99.5%, 50ms/99.8%, 100ms/99.9%
[196.862s][info][gc,marking  ] GC(363) Mark: 1 stripe(s), 2 proactive flush(es), 1 terminate flush(es), 0 completion(s), 0 continuation(s) 
[196.862s][info][gc,marking  ] GC(363) Mark Stack Usage: 32M
[196.862s][info][gc,nmethod  ] GC(363) NMethods: 1450 registered, 9 unregistered
[196.862s][info][gc,metaspace] GC(363) Metaspace: 11M used, 11M committed, 1088M reserved
[196.862s][info][gc,ref      ] GC(363) Soft: 197 encountered, 0 discovered, 0 enqueued
[196.862s][info][gc,ref      ] GC(363) Weak: 695 encountered, 187 discovered, 0 enqueued
[196.862s][info][gc,ref      ] GC(363) Final: 0 encountered, 0 discovered, 0 enqueued
[196.862s][info][gc,ref      ] GC(363) Phantom: 36 encountered, 21 discovered, 0 enqueued
[196.862s][info][gc,reloc    ] GC(363) Small Pages: 1185 / 2370M, Empty: 2220M, Relocated: 4M, In-Place: 0
[196.862s][info][gc,reloc    ] GC(363) Medium Pages: 13 / 416M, Empty: 416M, Relocated: 0M, In-Place: 0
[196.862s][info][gc,reloc    ] GC(363) Large Pages: 1 / 6M, Empty: 0M, Relocated: 0M, In-Place: 0
[196.862s][info][gc,reloc    ] GC(363) Forwarding Usage: 1M
[196.862s][info][gc,heap     ] GC(363) Min Capacity: 4096M(100%)
[196.863s][info][gc,heap     ] GC(363) Max Capacity: 4096M(100%)
[196.863s][info][gc,heap     ] GC(363) Soft Max Capacity: 4096M(100%)
[196.863s][info][gc,heap     ] GC(363)                Mark Start          Mark End        Relocate Start      Relocate End           High               Low         
[196.863s][info][gc,heap     ] GC(363)  Capacity:     4096M (100%)       4096M (100%)       4096M (100%)       4096M (100%)       4096M (100%)       4096M (100%)   
[196.863s][info][gc,heap     ] GC(363)      Free:     1304M (32%)         586M (14%)        3186M (78%)        3242M (79%)        3242M (79%)         550M (13%)    
[196.863s][info][gc,heap     ] GC(363)      Used:     2792M (68%)        3510M (86%)         910M (22%)         854M (21%)        3546M (87%)         854M (21%)    
[196.863s][info][gc,heap     ] GC(363)      Live:         -                98M (2%)           98M (2%)           98M (2%)             -                  -          
[196.863s][info][gc,heap     ] GC(363) Allocated:         -               718M (18%)         754M (18%)         753M (18%)            -                  -          
[196.863s][info][gc,heap     ] GC(363)   Garbage:         -              2693M (66%)          57M (1%)            1M (0%)             -                  -          
[196.863s][info][gc,heap     ] GC(363) Reclaimed:         -                  -              2636M (64%)        2691M (66%)            -                  -          
[196.863s][info][gc          ] GC(363) Garbage Collection (Allocation Rate) 2792M(68%)->854M(21%)
[197.276s][info][gc,start    ] GC(364) Garbage Collection (Allocation Rate)
[197.276s][info][gc,task     ] GC(364) Using 1 workers
[197.276s][info][gc,phases   ] GC(364) Pause Mark Start 0.009ms
[197.425s][info][gc,phases   ] GC(364) Concurrent Mark 148.749ms
[197.425s][info][gc,phases   ] GC(364) Pause Mark End 0.030ms
[197.425s][info][gc,phases   ] GC(364) Concurrent Mark Free 0.002ms
[197.429s][info][gc,phases   ] GC(364) Concurrent Process Non-Strong References 3.932ms
[197.429s][info][gc,phases   ] GC(364) Concurrent Reset Relocation Set 0.006ms
[197.432s][info][gc,phases   ] GC(364) Concurrent Select Relocation Set 2.782ms
[197.432s][info][gc,phases   ] GC(364) Pause Relocate Start 0.010ms
[197.433s][info][gc,phases   ] GC(364) Concurrent Relocate 0.974ms
[197.433s][info][gc,load     ] GC(364) Load: 0.00/0.00/0.00
[197.433s][info][gc,mmu      ] GC(364) MMU: 2ms/96.2%, 5ms/98.5%, 10ms/99.0%, 20ms/99.5%, 50ms/99.8%, 100ms/99.9%
[197.433s][info][gc,marking  ] GC(364) Mark: 1 stripe(s), 2 proactive flush(es), 1 terminate flush(es), 0 completion(s), 0 continuation(s) 
[197.433s][info][gc,marking  ] GC(364) Mark Stack Usage: 32M
[197.433s][info][gc,nmethod  ] GC(364) NMethods: 1450 registered, 9 unregistered
[197.433s][info][gc,metaspace] GC(364) Metaspace: 11M used, 11M committed, 1088M reserved
[197.433s][info][gc,ref      ] GC(364) Soft: 197 encountered, 0 discovered, 0 enqueued
[197.433s][info][gc,ref      ] GC(364) Weak: 695 encountered, 187 discovered, 0 enqueued
[197.433s][info][gc,ref      ] GC(364) Final: 0 encountered, 0 discovered, 0 enqueued
[197.433s][info][gc,ref      ] GC(364) Phantom: 36 encountered, 21 discovered, 0 enqueued
[197.433s][info][gc,reloc    ] GC(364) Small Pages: 1185 / 2370M, Empty: 2244M, Relocated: 1M, In-Place: 0
[197.433s][info][gc,reloc    ] GC(364) Medium Pages: 12 / 384M, Empty: 384M, Relocated: 0M, In-Place: 0
[197.433s][info][gc,reloc    ] GC(364) Large Pages: 1 / 6M, Empty: 0M, Relocated: 0M, In-Place: 0
[197.433s][info][gc,reloc    ] GC(364) Forwarding Usage: 0M
[197.433s][info][gc,heap     ] GC(364) Min Capacity: 4096M(100%)
[197.433s][info][gc,heap     ] GC(364) Max Capacity: 4096M(100%)
[197.434s][info][gc,heap     ] GC(364) Soft Max Capacity: 4096M(100%)
[197.434s][info][gc,heap     ] GC(364)                Mark Start          Mark End        Relocate Start      Relocate End           High               Low         
[197.434s][info][gc,heap     ] GC(364)  Capacity:     4096M (100%)       4096M (100%)       4096M (100%)       4096M (100%)       4096M (100%)       4096M (100%)   
[197.434s][info][gc,heap     ] GC(364)      Free:     1336M (33%)         674M (16%)        3284M (80%)        3318M (81%)        3318M (81%)         658M (16%)    
[197.434s][info][gc,heap     ] GC(364)      Used:     2760M (67%)        3422M (84%)         812M (20%)         778M (19%)        3438M (84%)         778M (19%)    
[197.434s][info][gc,heap     ] GC(364)      Live:         -                95M (2%)           95M (2%)           95M (2%)             -                  -          
[197.434s][info][gc,heap     ] GC(364) Allocated:         -               662M (16%)         680M (17%)         679M (17%)            -                  -          
[197.434s][info][gc,heap     ] GC(364)   Garbage:         -              2664M (65%)          36M (1%)            2M (0%)             -                  -          
[197.434s][info][gc,heap     ] GC(364) Reclaimed:         -                  -              2628M (64%)        2661M (65%)            -                  -          
[197.434s][info][gc          ] GC(364) Garbage Collection (Allocation Rate) 2760M(67%)->778M(19%)
[197.888s][info][gc,start    ] GC(365) Garbage Collection (Allocation Rate)
[197.888s][info][gc,task     ] GC(365) Using 1 workers
[197.888s][info][gc,phases   ] GC(365) Pause Mark Start 0.009ms
[198.038s][info][gc,phases   ] GC(365) Concurrent Mark 149.749ms
[198.038s][info][gc,phases   ] GC(365) Pause Mark End 0.019ms
[198.038s][info][gc,phases   ] GC(365) Concurrent Mark Free 0.002ms
[198.044s][info][gc,phases   ] GC(365) Concurrent Process Non-Strong References 6.107ms
[198.044s][info][gc,phases   ] GC(365) Concurrent Reset Relocation Set 0.003ms
[198.047s][info][gc,phases   ] GC(365) Concurrent Select Relocation Set 2.313ms
[198.047s][info][gc,phases   ] GC(365) Pause Relocate Start 0.009ms
[198.050s][info][gc,phases   ] GC(365) Concurrent Relocate 2.642ms
[198.050s][info][gc,load     ] GC(365) Load: 0.00/0.00/0.00
[198.050s][info][gc,mmu      ] GC(365) MMU: 2ms/96.2%, 5ms/98.5%, 10ms/99.0%, 20ms/99.5%, 50ms/99.8%, 100ms/99.9%
[198.050s][info][gc,marking  ] GC(365) Mark: 1 stripe(s), 2 proactive flush(es), 1 terminate flush(es), 0 completion(s), 0 continuation(s) 
[198.050s][info][gc,marking  ] GC(365) Mark Stack Usage: 32M
[198.050s][info][gc,nmethod  ] GC(365) NMethods: 1450 registered, 9 unregistered
[198.050s][info][gc,metaspace] GC(365) Metaspace: 11M used, 11M committed, 1088M reserved
[198.050s][info][gc,ref      ] GC(365) Soft: 197 encountered, 0 discovered, 0 enqueued
[198.050s][info][gc,ref      ] GC(365) Weak: 695 encountered, 554 discovered, 0 enqueued
[198.050s][info][gc,ref      ] GC(365) Final: 0 encountered, 0 discovered, 0 enqueued
[198.050s][info][gc,ref      ] GC(365) Phantom: 36 encountered, 17 discovered, 0 enqueued
[198.050s][info][gc,reloc    ] GC(365) Small Pages: 1238 / 2476M, Empty: 2326M, Relocated: 4M, In-Place: 0
[198.050s][info][gc,reloc    ] GC(365) Medium Pages: 12 / 384M, Empty: 352M, Relocated: 0M, In-Place: 0
[198.050s][info][gc,reloc    ] GC(365) Large Pages: 1 / 6M, Empty: 0M, Relocated: 0M, In-Place: 0
[198.050s][info][gc,reloc    ] GC(365) Forwarding Usage: 0M
[198.050s][info][gc,heap     ] GC(365) Min Capacity: 4096M(100%)
[198.050s][info][gc,heap     ] GC(365) Max Capacity: 4096M(100%)
[198.050s][info][gc,heap     ] GC(365) Soft Max Capacity: 4096M(100%)
[198.050s][info][gc,heap     ] GC(365)                Mark Start          Mark End        Relocate Start      Relocate End           High               Low         
[198.050s][info][gc,heap     ] GC(365)  Capacity:     4096M (100%)       4096M (100%)       4096M (100%)       4096M (100%)       4096M (100%)       4096M (100%)   
[198.050s][info][gc,heap     ] GC(365)      Free:     1230M (30%)         624M (15%)        3300M (81%)        3346M (82%)        3354M (82%)         622M (15%)    
[198.050s][info][gc,heap     ] GC(365)      Used:     2866M (70%)        3472M (85%)         796M (19%)         750M (18%)        3474M (85%)         742M (18%)    
[198.050s][info][gc,heap     ] GC(365)      Live:         -               100M (2%)          100M (2%)          100M (2%)             -                  -          
[198.050s][info][gc,heap     ] GC(365) Allocated:         -               606M (15%)         608M (15%)         615M (15%)            -                  -          
[198.050s][info][gc,heap     ] GC(365)   Garbage:         -              2765M (68%)          87M (2%)           33M (1%)             -                  -          
[198.050s][info][gc,heap     ] GC(365) Reclaimed:         -                  -              2678M (65%)        2731M (67%)            -                  -          
[198.050s][info][gc          ] GC(365) Garbage Collection (Allocation Rate) 2866M(70%)->750M(18%)
[198.484s][info][gc,start    ] GC(366) Garbage Collection (Allocation Rate)
[198.484s][info][gc,task     ] GC(366) Using 1 workers
[198.484s][info][gc,phases   ] GC(366) Pause Mark Start 0.016ms
[198.634s][info][gc,phases   ] GC(366) Concurrent Mark 149.887ms
[198.634s][info][gc,phases   ] GC(366) Pause Mark End 0.023ms
[198.635s][info][gc,phases   ] GC(366) Concurrent Mark Free 0.002ms
[198.639s][info][gc,phases   ] GC(366) Concurrent Process Non-Strong References 4.001ms
[198.639s][info][gc,phases   ] GC(366) Concurrent Reset Relocation Set 0.005ms
[198.641s][info][gc,phases   ] GC(366) Concurrent Select Relocation Set 2.724ms
[198.642s][info][gc,phases   ] GC(366) Pause Relocate Start 0.010ms
[198.643s][info][gc,phases   ] GC(366) Concurrent Relocate 1.204ms
[198.643s][info][gc,load     ] GC(366) Load: 0.00/0.00/0.00
[198.643s][info][gc,mmu      ] GC(366) MMU: 2ms/96.2%, 5ms/98.5%, 10ms/99.0%, 20ms/99.5%, 50ms/99.8%, 100ms/99.9%
[198.643s][info][gc,marking  ] GC(366) Mark: 1 stripe(s), 2 proactive flush(es), 1 terminate flush(es), 0 completion(s), 0 continuation(s) 
[198.643s][info][gc,marking  ] GC(366) Mark Stack Usage: 32M
[198.643s][info][gc,nmethod  ] GC(366) NMethods: 1450 registered, 9 unregistered
[198.643s][info][gc,metaspace] GC(366) Metaspace: 11M used, 11M committed, 1088M reserved
[198.643s][info][gc,ref      ] GC(366) Soft: 197 encountered, 0 discovered, 0 enqueued
[198.643s][info][gc,ref      ] GC(366) Weak: 695 encountered, 187 discovered, 0 enqueued
[198.643s][info][gc,ref      ] GC(366) Final: 0 encountered, 0 discovered, 0 enqueued
[198.643s][info][gc,ref      ] GC(366) Phantom: 36 encountered, 21 discovered, 0 enqueued
[198.643s][info][gc,reloc    ] GC(366) Small Pages: 1171 / 2342M, Empty: 2218M, Relocated: 1M, In-Place: 0
[198.643s][info][gc,reloc    ] GC(366) Medium Pages: 13 / 416M, Empty: 416M, Relocated: 0M, In-Place: 0
[198.643s][info][gc,reloc    ] GC(366) Large Pages: 1 / 6M, Empty: 0M, Relocated: 0M, In-Place: 0
[198.643s][info][gc,reloc    ] GC(366) Forwarding Usage: 0M
[198.643s][info][gc,heap     ] GC(366) Min Capacity: 4096M(100%)
[198.643s][info][gc,heap     ] GC(366) Max Capacity: 4096M(100%)
[198.643s][info][gc,heap     ] GC(366) Soft Max Capacity: 4096M(100%)
[198.643s][info][gc,heap     ] GC(366)                Mark Start          Mark End        Relocate Start      Relocate End           High               Low         
[198.643s][info][gc,heap     ] GC(366)  Capacity:     4096M (100%)       4096M (100%)       4096M (100%)       4096M (100%)       4096M (100%)       4096M (100%)   
[198.643s][info][gc,heap     ] GC(366)      Free:     1332M (33%)         688M (17%)        3294M (80%)        3326M (81%)        3326M (81%)         660M (16%)    
[198.643s][info][gc,heap     ] GC(366)      Used:     2764M (67%)        3408M (83%)         802M (20%)         770M (19%)        3436M (84%)         770M (19%)    
[198.643s][info][gc,heap     ] GC(366)      Live:         -                96M (2%)           96M (2%)           96M (2%)             -                  -          
[198.643s][info][gc,heap     ] GC(366) Allocated:         -               644M (16%)         672M (16%)         671M (16%)            -                  -          
[198.643s][info][gc,heap     ] GC(366)   Garbage:         -              2667M (65%)          33M (1%)            1M (0%)             -                  -          
[198.643s][info][gc,heap     ] GC(366) Reclaimed:         -                  -              2634M (64%)        2665M (65%)            -                  -          
[198.643s][info][gc          ] GC(366) Garbage Collection (Allocation Rate) 2764M(67%)->770M(19%)
[198.820s][info][gc,start    ] GC(367) Garbage Collection (System.gc())
[198.820s][info][gc,task     ] GC(367) Using 2 workers
[198.820s][info][gc,phases   ] GC(367) Pause Mark Start 0.007ms
[198.877s][info][gc,phases   ] GC(367) Concurrent Mark 57.426ms
[198.877s][info][gc,phases   ] GC(367) Pause Mark End 0.036ms
[198.877s][info][gc,phases   ] GC(367) Concurrent Mark Free 0.003ms
[198.879s][info][gc,phases   ] GC(367) Concurrent Process Non-Strong References 1.963ms
[198.880s][info][gc,phases   ] GC(367) Concurrent Reset Relocation Set 0.002ms
[198.881s][info][gc,phases   ] GC(367) Concurrent Select Relocation Set 1.662ms
[198.881s][info][gc,phases   ] GC(367) Pause Relocate Start 0.005ms
[198.882s][info][gc,phases   ] GC(367) Concurrent Relocate 0.651ms
[198.882s][info][gc,load     ] GC(367) Load: 0.00/0.00/0.00
[198.882s][info][gc,mmu      ] GC(367) MMU: 2ms/96.2%, 5ms/98.5%, 10ms/99.0%, 20ms/99.5%, 50ms/99.8%, 100ms/99.9%
[198.882s][info][gc,marking  ] GC(367) Mark: 2 stripe(s), 1 proactive flush(es), 1 terminate flush(es), 0 completion(s), 0 continuation(s) 
[198.882s][info][gc,marking  ] GC(367) Mark Stack Usage: 32M
[198.882s][info][gc,nmethod  ] GC(367) NMethods: 1450 registered, 9 unregistered
[198.882s][info][gc,metaspace] GC(367) Metaspace: 11M used, 11M committed, 1088M reserved
[198.882s][info][gc,ref      ] GC(367) Soft: 197 encountered, 0 discovered, 0 enqueued
[198.882s][info][gc,ref      ] GC(367) Weak: 695 encountered, 115 discovered, 0 enqueued
[198.882s][info][gc,ref      ] GC(367) Final: 0 encountered, 0 discovered, 0 enqueued
[198.882s][info][gc,ref      ] GC(367) Phantom: 36 encountered, 15 discovered, 0 enqueued
[198.882s][info][gc,reloc    ] GC(367) Small Pages: 664 / 1328M, Empty: 1232M, Relocated: 0M, In-Place: 0
[198.882s][info][gc,reloc    ] GC(367) Medium Pages: 7 / 224M, Empty: 224M, Relocated: 0M, In-Place: 0
[198.882s][info][gc,reloc    ] GC(367) Large Pages: 1 / 6M, Empty: 0M, Relocated: 0M, In-Place: 0
[198.882s][info][gc,reloc    ] GC(367) Forwarding Usage: 0M
[198.882s][info][gc,heap     ] GC(367) Min Capacity: 4096M(100%)
[198.882s][info][gc,heap     ] GC(367) Max Capacity: 4096M(100%)
[198.882s][info][gc,heap     ] GC(367) Soft Max Capacity: 4096M(100%)
[198.882s][info][gc,heap     ] GC(367)                Mark Start          Mark End        Relocate Start      Relocate End           High               Low         
[198.882s][info][gc,heap     ] GC(367)  Capacity:     4096M (100%)       4096M (100%)       4096M (100%)       4096M (100%)       4096M (100%)       4096M (100%)   
[198.882s][info][gc,heap     ] GC(367)      Free:     2538M (62%)        2538M (62%)        3994M (98%)        3998M (98%)        3998M (98%)        2538M (62%)    
[198.882s][info][gc,heap     ] GC(367)      Used:     1558M (38%)        1558M (38%)         102M (2%)           98M (2%)         1558M (38%)          98M (2%)     
[198.882s][info][gc,heap     ] GC(367)      Live:         -                95M (2%)           95M (2%)           95M (2%)             -                  -          
[198.882s][info][gc,heap     ] GC(367) Allocated:         -                 0M (0%)            0M (0%)            0M (0%)             -                  -          
[198.882s][info][gc,heap     ] GC(367)   Garbage:         -              1462M (36%)           6M (0%)            2M (0%)             -                  -          
[198.882s][info][gc,heap     ] GC(367) Reclaimed:         -                  -              1456M (36%)        1460M (36%)            -                  -          
[198.882s][info][gc          ] GC(367) Garbage Collection (System.gc()) 1558M(38%)->98M(2%)
[199.474s][info][gc,start    ] GC(368) Garbage Collection (Allocation Rate)
[199.474s][info][gc,task     ] GC(368) Using 1 workers
[199.474s][info][gc,phases   ] GC(368) Pause Mark Start 0.013ms
[199.609s][info][gc,phases   ] GC(368) Concurrent Mark 134.522ms
[199.609s][info][gc,phases   ] GC(368) Pause Mark End 0.011ms
[199.609s][info][gc,phases   ] GC(368) Concurrent Mark Free 0.001ms
[199.612s][info][gc,phases   ] GC(368) Concurrent Process Non-Strong References 2.874ms
[199.612s][info][gc,phases   ] GC(368) Concurrent Reset Relocation Set 0.002ms
[199.615s][info][gc,phases   ] GC(368) Concurrent Select Relocation Set 3.566ms
[199.616s][info][gc,phases   ] GC(368) Pause Relocate Start 0.021ms
[199.617s][info][gc,phases   ] GC(368) Concurrent Relocate 1.012ms
[199.617s][info][gc,load     ] GC(368) Load: 0.00/0.00/0.00
[199.617s][info][gc,mmu      ] GC(368) MMU: 2ms/96.2%, 5ms/98.5%, 10ms/99.0%, 20ms/99.5%, 50ms/99.8%, 100ms/99.9%
[199.617s][info][gc,marking  ] GC(368) Mark: 1 stripe(s), 2 proactive flush(es), 1 terminate flush(es), 0 completion(s), 0 continuation(s) 
[199.617s][info][gc,marking  ] GC(368) Mark Stack Usage: 32M
[199.617s][info][gc,nmethod  ] GC(368) NMethods: 1450 registered, 9 unregistered
[199.617s][info][gc,metaspace] GC(368) Metaspace: 11M used, 11M committed, 1088M reserved
[199.617s][info][gc,ref      ] GC(368) Soft: 197 encountered, 0 discovered, 0 enqueued
[199.617s][info][gc,ref      ] GC(368) Weak: 695 encountered, 187 discovered, 0 enqueued
[199.617s][info][gc,ref      ] GC(368) Final: 0 encountered, 0 discovered, 0 enqueued
[199.617s][info][gc,ref      ] GC(368) Phantom: 36 encountered, 21 discovered, 0 enqueued
[199.617s][info][gc,reloc    ] GC(368) Small Pages: 1232 / 2464M, Empty: 2322M, Relocated: 3M, In-Place: 0
[199.617s][info][gc,reloc    ] GC(368) Medium Pages: 12 / 384M, Empty: 352M, Relocated: 0M, In-Place: 0
[199.617s][info][gc,reloc    ] GC(368) Large Pages: 1 / 6M, Empty: 0M, Relocated: 0M, In-Place: 0
[199.617s][info][gc,reloc    ] GC(368) Forwarding Usage: 0M
[199.617s][info][gc,heap     ] GC(368) Min Capacity: 4096M(100%)
[199.617s][info][gc,heap     ] GC(368) Max Capacity: 4096M(100%)
[199.617s][info][gc,heap     ] GC(368) Soft Max Capacity: 4096M(100%)
[199.617s][info][gc,heap     ] GC(368)                Mark Start          Mark End        Relocate Start      Relocate End           High               Low         
[199.617s][info][gc,heap     ] GC(368)  Capacity:     4096M (100%)       4096M (100%)       4096M (100%)       4096M (100%)       4096M (100%)       4096M (100%)   
[199.617s][info][gc,heap     ] GC(368)      Free:     1242M (30%)         706M (17%)        3356M (82%)        3396M (83%)        3396M (83%)         704M (17%)    
[199.617s][info][gc,heap     ] GC(368)      Used:     2854M (70%)        3390M (83%)         740M (18%)         700M (17%)        3392M (83%)         700M (17%)    
[199.617s][info][gc,heap     ] GC(368)      Live:         -                99M (2%)           99M (2%)           99M (2%)             -                  -          
[199.617s][info][gc,heap     ] GC(368) Allocated:         -               536M (13%)         560M (14%)         566M (14%)            -                  -          
[199.617s][info][gc,heap     ] GC(368)   Garbage:         -              2754M (67%)          80M (2%)           34M (1%)             -                  -          
[199.617s][info][gc,heap     ] GC(368) Reclaimed:         -                  -              2674M (65%)        2720M (66%)            -                  -          
[199.617s][info][gc          ] GC(368) Garbage Collection (Allocation Rate) 2854M(70%)->700M(17%)
[200.086s][info][gc,start    ] GC(369) Garbage Collection (Allocation Rate)
[200.086s][info][gc,task     ] GC(369) Using 1 workers
[200.086s][info][gc,phases   ] GC(369) Pause Mark Start 0.010ms
[200.181s][info][gc,stats    ] === Garbage Collection Statistics =======================================================================================================================
[200.181s][info][gc,stats    ]                                                              Last 10s              Last 10m              Last 10h                Total
[200.181s][info][gc,stats    ]                                                              Avg / Max             Avg / Max             Avg / Max             Avg / Max
[200.181s][info][gc,stats    ]   Collector: Garbage Collection Cycle                    155.134 / 252.418     162.126 / 259.019     162.126 / 259.019     162.126 / 259.019     ms
[200.181s][info][gc,stats    ]  Contention: Mark Segment Reset Contention                     0 / 0                 0 / 2                 0 / 2                 0 / 2           ops/s
[200.181s][info][gc,stats    ]  Contention: Mark SeqNum Reset Contention                      0 / 0                 0 / 2                 0 / 2                 0 / 2           ops/s
[200.181s][info][gc,stats    ]    Critical: Allocation Stall                                  0 / 0                 0 / 0                 0 / 0                 0 / 0           ops/s
[200.181s][info][gc,stats    ]    Critical: Allocation Stall                              0.000 / 0.000         0.000 / 0.000         0.000 / 0.000         0.000 / 0.000       ms
[200.181s][info][gc,stats    ]    Critical: GC Locker Stall                                   0 / 0                 0 / 0                 0 / 0                 0 / 0           ops/s
[200.181s][info][gc,stats    ]    Critical: GC Locker Stall                               0.000 / 0.000         0.000 / 0.000         0.000 / 0.000         0.000 / 0.000       ms
[200.181s][info][gc,stats    ]    Critical: Relocation Stall                                  0 / 0                 0 / 0                 0 / 0                 0 / 0           ops/s
[200.181s][info][gc,stats    ]    Critical: Relocation Stall                              0.000 / 0.000         0.000 / 0.000         0.000 / 0.000         0.000 / 0.000       ms
[200.181s][info][gc,stats    ]      Memory: Allocation Rate                                4375 / 4576           4292 / 4598           4292 / 4598           4292 / 4598        MB/s
[200.181s][info][gc,stats    ]      Memory: Defragment                                        0 / 0                 0 / 0                 0 / 0                 0 / 0           ops/s
[200.181s][info][gc,stats    ]      Memory: Out Of Memory                                     0 / 0                 0 / 0                 0 / 0                 0 / 0           ops/s
[200.181s][info][gc,stats    ]      Memory: Page Cache Flush                                  0 / 0                 0 / 0                 0 / 0                 0 / 0           MB/s
[200.181s][info][gc,stats    ]      Memory: Page Cache Hit L1                              1893 / 1991           1848 / 2002           1848 / 2002           1848 / 2002        ops/s
[200.181s][info][gc,stats    ]      Memory: Page Cache Hit L2                                 0 / 0                 0 / 0                 0 / 0                 0 / 0           ops/s
[200.181s][info][gc,stats    ]      Memory: Page Cache Hit L3                                 0 / 0                 8 / 437               8 / 437               8 / 437         ops/s
[200.181s][info][gc,stats    ]      Memory: Page Cache Miss                                   0 / 0                 0 / 1                 0 / 1                 0 / 1           ops/s
[200.181s][info][gc,stats    ]      Memory: Uncommit                                          0 / 0                 0 / 0                 0 / 0                 0 / 0           MB/s
[200.181s][info][gc,stats    ]      Memory: Undo Object Allocation Failed                     0 / 0                 0 / 1                 0 / 1                 0 / 1           ops/s
[200.181s][info][gc,stats    ]      Memory: Undo Object Allocation Succeeded                 40 / 234              18 / 1067             18 / 1067             18 / 1067        ops/s
[200.181s][info][gc,stats    ]      Memory: Undo Page Allocation                              2 / 4                 2 / 7                 2 / 7                 2 / 7           ops/s
[200.181s][info][gc,stats    ]       Phase: Concurrent Mark                             146.676 / 243.107     151.028 / 251.310     151.028 / 251.310     151.028 / 251.310     ms
[200.181s][info][gc,stats    ]       Phase: Concurrent Mark Continue                      0.000 / 0.000         0.000 / 0.000         0.000 / 0.000         0.000 / 0.000       ms
[200.181s][info][gc,stats    ]       Phase: Concurrent Mark Free                          0.002 / 0.003         0.002 / 0.005         0.002 / 0.005         0.002 / 0.005       ms
[200.181s][info][gc,stats    ]       Phase: Concurrent Process Non-Strong References      3.556 / 6.107         5.171 / 24.469        5.171 / 24.469        5.171 / 24.469      ms
[200.181s][info][gc,stats    ]       Phase: Concurrent Relocate                           1.302 / 3.384         1.906 / 57.532        1.906 / 57.532        1.906 / 57.532      ms
[200.181s][info][gc,stats    ]       Phase: Concurrent Reset Relocation Set               0.003 / 0.006         0.004 / 0.026         0.004 / 0.026         0.004 / 0.026       ms
[200.181s][info][gc,stats    ]       Phase: Concurrent Select Relocation Set              2.661 / 4.716         3.004 / 13.885        3.004 / 13.885        3.004 / 13.885      ms
[200.181s][info][gc,stats    ]       Phase: Pause Mark End                                0.020 / 0.036         0.018 / 0.047         0.018 / 0.047         0.018 / 0.047       ms
[200.181s][info][gc,stats    ]       Phase: Pause Mark Start                              0.010 / 0.017         0.010 / 0.027         0.010 / 0.027         0.010 / 0.027       ms
[200.181s][info][gc,stats    ]       Phase: Pause Relocate Start                          0.010 / 0.021         0.012 / 0.077         0.012 / 0.077         0.012 / 0.077       ms
[200.181s][info][gc,stats    ]    Subphase: Concurrent Classes Purge                      0.010 / 0.021         0.016 / 0.208         0.016 / 0.208         0.016 / 0.208       ms
[200.181s][info][gc,stats    ]    Subphase: Concurrent Classes Unlink                     2.711 / 3.625         2.733 / 3.880         2.733 / 3.880         2.733 / 3.880       ms
[200.181s][info][gc,stats    ]    Subphase: Concurrent Mark                             130.744 / 242.351     136.339 / 250.559     136.339 / 250.559     136.339 / 250.559     ms
[200.181s][info][gc,stats    ]    Subphase: Concurrent Mark Try Flush                     1.089 / 13.758        0.748 / 17.896        0.748 / 17.896        0.748 / 17.896      ms
[200.181s][info][gc,stats    ]    Subphase: Concurrent Mark Try Terminate                 1.435 / 13.869        1.175 / 17.378        1.175 / 17.378        1.175 / 17.378      ms
[200.181s][info][gc,stats    ]    Subphase: Concurrent References Enqueue                 0.001 / 0.001         0.001 / 0.015         0.001 / 0.015         0.001 / 0.015       ms
[200.181s][info][gc,stats    ]    Subphase: Concurrent References Process                 0.081 / 0.162         0.085 / 0.535         0.085 / 0.535         0.085 / 0.535       ms
[200.181s][info][gc,stats    ]    Subphase: Concurrent Roots ClassLoaderDataGraph         0.065 / 0.134         0.070 / 0.272         0.070 / 0.272         0.070 / 0.272       ms
[200.181s][info][gc,stats    ]    Subphase: Concurrent Roots CodeCache                    0.000 / 0.000         0.000 / 0.000         0.000 / 0.000         0.000 / 0.000       ms
[200.181s][info][gc,stats    ]    Subphase: Concurrent Roots JavaThreads                  0.551 / 1.144         0.619 / 7.312         0.619 / 7.312         0.619 / 7.312       ms
[200.181s][info][gc,stats    ]    Subphase: Concurrent Roots OopStorageSet                0.028 / 0.055         0.029 / 0.099         0.029 / 0.099         0.029 / 0.099       ms
[200.181s][info][gc,stats    ]    Subphase: Concurrent Weak Roots OopStorageSet           0.185 / 0.264         0.189 / 0.369         0.189 / 0.369         0.189 / 0.369       ms
[200.181s][info][gc,stats    ]    Subphase: Pause Mark Try Complete                       0.000 / 0.000         0.000 / 0.000         0.000 / 0.000         0.000 / 0.000       ms
[200.181s][info][gc,stats    ]      System: Java Threads                                     25 / 25               23 / 25               23 / 25               23 / 25          threads
[200.181s][info][gc,stats    ] =========================================================================================================================================================
[200.312s][info][gc,phases   ] GC(369) Concurrent Mark 225.419ms
[200.312s][info][gc,phases   ] GC(369) Pause Mark End 0.026ms
[200.312s][info][gc,phases   ] GC(369) Concurrent Mark Free 0.002ms
[200.316s][info][gc,phases   ] GC(369) Concurrent Process Non-Strong References 3.993ms
[200.316s][info][gc,phases   ] GC(369) Concurrent Reset Relocation Set 0.004ms
[200.319s][info][gc,phases   ] GC(369) Concurrent Select Relocation Set 2.505ms
[200.319s][info][gc,phases   ] GC(369) Pause Relocate Start 0.012ms
[200.320s][info][gc,phases   ] GC(369) Concurrent Relocate 0.805ms
[200.320s][info][gc,load     ] GC(369) Load: 0.00/0.00/0.00
[200.320s][info][gc,mmu      ] GC(369) MMU: 2ms/96.2%, 5ms/98.5%, 10ms/99.0%, 20ms/99.5%, 50ms/99.8%, 100ms/99.9%
[200.320s][info][gc,marking  ] GC(369) Mark: 1 stripe(s), 2 proactive flush(es), 1 terminate flush(es), 0 completion(s), 0 continuation(s) 
[200.320s][info][gc,marking  ] GC(369) Mark Stack Usage: 32M
[200.320s][info][gc,nmethod  ] GC(369) NMethods: 1450 registered, 9 unregistered
[200.320s][info][gc,metaspace] GC(369) Metaspace: 11M used, 11M committed, 1088M reserved
[200.320s][info][gc,ref      ] GC(369) Soft: 197 encountered, 0 discovered, 0 enqueued
[200.320s][info][gc,ref      ] GC(369) Weak: 695 encountered, 187 discovered, 0 enqueued
[200.320s][info][gc,ref      ] GC(369) Final: 0 encountered, 0 discovered, 0 enqueued
[200.320s][info][gc,ref      ] GC(369) Phantom: 36 encountered, 21 discovered, 0 enqueued
[200.320s][info][gc,reloc    ] GC(369) Small Pages: 1218 / 2436M, Empty: 2320M, Relocated: 0M, In-Place: 0
[200.320s][info][gc,reloc    ] GC(369) Medium Pages: 13 / 416M, Empty: 384M, Relocated: 0M, In-Place: 0
[200.320s][info][gc,reloc    ] GC(369) Large Pages: 1 / 6M, Empty: 0M, Relocated: 0M, In-Place: 0
[200.320s][info][gc,reloc    ] GC(369) Forwarding Usage: 0M
[200.320s][info][gc,heap     ] GC(369) Min Capacity: 4096M(100%)
[200.320s][info][gc,heap     ] GC(369) Max Capacity: 4096M(100%)
[200.320s][info][gc,heap     ] GC(369) Soft Max Capacity: 4096M(100%)
[200.320s][info][gc,heap     ] GC(369)                Mark Start          Mark End        Relocate Start      Relocate End           High               Low         
[200.320s][info][gc,heap     ] GC(369)  Capacity:     4096M (100%)       4096M (100%)       4096M (100%)       4096M (100%)       4096M (100%)       4096M (100%)   
[200.320s][info][gc,heap     ] GC(369)      Free:     1238M (30%)         304M (7%)         2950M (72%)        2974M (73%)        2974M (73%)         280M (7%)     
[200.320s][info][gc,heap     ] GC(369)      Used:     2858M (70%)        3792M (93%)        1146M (28%)        1122M (27%)        3816M (93%)        1122M (27%)    
[200.320s][info][gc,heap     ] GC(369)      Live:         -                99M (2%)           99M (2%)           99M (2%)             -                  -          
[200.320s][info][gc,heap     ] GC(369) Allocated:         -               934M (23%)         992M (24%)         991M (24%)            -                  -          
[200.320s][info][gc,heap     ] GC(369)   Garbage:         -              2758M (67%)          54M (1%)           30M (1%)             -                  -          
[200.320s][info][gc,heap     ] GC(369) Reclaimed:         -                  -              2704M (66%)        2727M (67%)            -                  -          
[200.320s][info][gc          ] GC(369) Garbage Collection (Allocation Rate) 2858M(70%)->1122M(27%)
[200.573s][info][gc,start    ] GC(370) Garbage Collection (Allocation Rate)
[200.574s][info][gc,task     ] GC(370) Using 1 workers
[200.574s][info][gc,phases   ] GC(370) Pause Mark Start 0.017ms
[200.715s][info][gc,phases   ] GC(370) Concurrent Mark 141.463ms
[200.716s][info][gc,phases   ] GC(370) Pause Mark End 0.026ms
[200.716s][info][gc,phases   ] GC(370) Concurrent Mark Free 0.003ms
[200.720s][info][gc,phases   ] GC(370) Concurrent Process Non-Strong References 4.686ms
[200.720s][info][gc,phases   ] GC(370) Concurrent Reset Relocation Set 0.003ms
[200.725s][info][gc,phases   ] GC(370) Concurrent Select Relocation Set 4.422ms
[200.725s][info][gc,phases   ] GC(370) Pause Relocate Start 0.010ms
[200.728s][info][gc,phases   ] GC(370) Concurrent Relocate 3.173ms
[200.728s][info][gc,load     ] GC(370) Load: 0.00/0.00/0.00
[200.728s][info][gc,mmu      ] GC(370) MMU: 2ms/96.2%, 5ms/98.5%, 10ms/99.0%, 20ms/99.5%, 50ms/99.8%, 100ms/99.9%
[200.728s][info][gc,marking  ] GC(370) Mark: 1 stripe(s), 2 proactive flush(es), 1 terminate flush(es), 0 completion(s), 0 continuation(s) 
[200.728s][info][gc,marking  ] GC(370) Mark Stack Usage: 32M
[200.728s][info][gc,nmethod  ] GC(370) NMethods: 1450 registered, 9 unregistered
[200.728s][info][gc,metaspace] GC(370) Metaspace: 11M used, 11M committed, 1088M reserved
[200.728s][info][gc,ref      ] GC(370) Soft: 197 encountered, 0 discovered, 0 enqueued
[200.728s][info][gc,ref      ] GC(370) Weak: 695 encountered, 554 discovered, 0 enqueued
[200.728s][info][gc,ref      ] GC(370) Final: 0 encountered, 0 discovered, 0 enqueued
[200.729s][info][gc,ref      ] GC(370) Phantom: 36 encountered, 17 discovered, 0 enqueued
[200.729s][info][gc,reloc    ] GC(370) Small Pages: 954 / 1908M, Empty: 1780M, Relocated: 5M, In-Place: 0
[200.729s][info][gc,reloc    ] GC(370) Medium Pages: 10 / 320M, Empty: 288M, Relocated: 0M, In-Place: 0
[200.729s][info][gc,reloc    ] GC(370) Large Pages: 1 / 6M, Empty: 0M, Relocated: 0M, In-Place: 0
[200.729s][info][gc,reloc    ] GC(370) Forwarding Usage: 1M
[200.729s][info][gc,heap     ] GC(370) Min Capacity: 4096M(100%)
[200.729s][info][gc,heap     ] GC(370) Max Capacity: 4096M(100%)
[200.729s][info][gc,heap     ] GC(370) Soft Max Capacity: 4096M(100%)
[200.729s][info][gc,heap     ] GC(370)                Mark Start          Mark End        Relocate Start      Relocate End           High               Low         
[200.729s][info][gc,heap     ] GC(370)  Capacity:     4096M (100%)       4096M (100%)       4096M (100%)       4096M (100%)       4096M (100%)       4096M (100%)   
[200.729s][info][gc,heap     ] GC(370)      Free:     1862M (45%)        1316M (32%)        3330M (81%)        3362M (82%)        3362M (82%)        1286M (31%)    
[200.729s][info][gc,heap     ] GC(370)      Used:     2234M (55%)        2780M (68%)         766M (19%)         734M (18%)        2810M (69%)         734M (18%)    
[200.729s][info][gc,heap     ] GC(370)      Live:         -               100M (2%)          100M (2%)          100M (2%)             -                  -          
[200.729s][info][gc,heap     ] GC(370) Allocated:         -               546M (13%)         600M (15%)         601M (15%)            -                  -          
[200.729s][info][gc,heap     ] GC(370)   Garbage:         -              2133M (52%)          65M (2%)           31M (1%)             -                  -          
[200.729s][info][gc,heap     ] GC(370) Reclaimed:         -                  -              2068M (50%)        2101M (51%)            -                  -          
[200.729s][info][gc          ] GC(370) Garbage Collection (Allocation Rate) 2234M(55%)->734M(18%)
[201.076s][info][gc,start    ] GC(371) Garbage Collection (Allocation Rate)
[201.076s][info][gc,task     ] GC(371) Using 1 workers
[201.076s][info][gc,phases   ] GC(371) Pause Mark Start 0.011ms
[201.220s][info][gc,phases   ] GC(371) Concurrent Mark 143.262ms
[201.220s][info][gc,phases   ] GC(371) Pause Mark End 0.024ms
[201.220s][info][gc,phases   ] GC(371) Concurrent Mark Free 0.002ms
[201.225s][info][gc,phases   ] GC(371) Concurrent Process Non-Strong References 5.058ms
[201.225s][info][gc,phases   ] GC(371) Concurrent Reset Relocation Set 0.005ms
[201.229s][info][gc,phases   ] GC(371) Concurrent Select Relocation Set 3.954ms
[201.229s][info][gc,phases   ] GC(371) Pause Relocate Start 0.013ms
[201.232s][info][gc,phases   ] GC(371) Concurrent Relocate 3.101ms
[201.232s][info][gc,load     ] GC(371) Load: 0.00/0.00/0.00
[201.232s][info][gc,mmu      ] GC(371) MMU: 2ms/96.2%, 5ms/98.5%, 10ms/99.0%, 20ms/99.5%, 50ms/99.8%, 100ms/99.9%
[201.232s][info][gc,marking  ] GC(371) Mark: 1 stripe(s), 2 proactive flush(es), 1 terminate flush(es), 0 completion(s), 0 continuation(s) 
[201.232s][info][gc,marking  ] GC(371) Mark Stack Usage: 32M
[201.232s][info][gc,nmethod  ] GC(371) NMethods: 1450 registered, 9 unregistered
[201.232s][info][gc,metaspace] GC(371) Metaspace: 11M used, 11M committed, 1088M reserved
[201.232s][info][gc,ref      ] GC(371) Soft: 197 encountered, 0 discovered, 0 enqueued
[201.232s][info][gc,ref      ] GC(371) Weak: 695 encountered, 554 discovered, 0 enqueued
[201.232s][info][gc,ref      ] GC(371) Final: 0 encountered, 0 discovered, 0 enqueued
[201.232s][info][gc,ref      ] GC(371) Phantom: 36 encountered, 17 discovered, 0 enqueued
[201.232s][info][gc,reloc    ] GC(371) Small Pages: 981 / 1962M, Empty: 1806M, Relocated: 5M, In-Place: 0
[201.232s][info][gc,reloc    ] GC(371) Medium Pages: 11 / 352M, Empty: 352M, Relocated: 0M, In-Place: 0
[201.233s][info][gc,reloc    ] GC(371) Large Pages: 1 / 6M, Empty: 0M, Relocated: 0M, In-Place: 0
[201.233s][info][gc,reloc    ] GC(371) Forwarding Usage: 1M
[201.233s][info][gc,heap     ] GC(371) Min Capacity: 4096M(100%)
[201.233s][info][gc,heap     ] GC(371) Max Capacity: 4096M(100%)
[201.233s][info][gc,heap     ] GC(371) Soft Max Capacity: 4096M(100%)
[201.233s][info][gc,heap     ] GC(371)                Mark Start          Mark End        Relocate Start      Relocate End           High               Low         
[201.233s][info][gc,heap     ] GC(371)  Capacity:     4096M (100%)       4096M (100%)       4096M (100%)       4096M (100%)       4096M (100%)       4096M (100%)   
[201.233s][info][gc,heap     ] GC(371)      Free:     1776M (43%)        1192M (29%)        3298M (81%)        3360M (82%)        3360M (82%)        1158M (28%)    
[201.233s][info][gc,heap     ] GC(371)      Used:     2320M (57%)        2904M (71%)         798M (19%)         736M (18%)        2938M (72%)         736M (18%)    
[201.233s][info][gc,heap     ] GC(371)      Live:         -                98M (2%)           98M (2%)           98M (2%)             -                  -          
[201.233s][info][gc,heap     ] GC(371) Allocated:         -               584M (14%)         636M (16%)         635M (16%)            -                  -          
[201.233s][info][gc,heap     ] GC(371)   Garbage:         -              2221M (54%)          63M (2%)            1M (0%)             -                  -          
[201.233s][info][gc,heap     ] GC(371) Reclaimed:         -                  -              2158M (53%)        2219M (54%)            -                  -          
[201.233s][info][gc          ] GC(371) Garbage Collection (Allocation Rate) 2320M(57%)->736M(18%)
[201.673s][info][gc,start    ] GC(372) Garbage Collection (Allocation Rate)
[201.673s][info][gc,task     ] GC(372) Using 1 workers
[201.673s][info][gc,phases   ] GC(372) Pause Mark Start 0.009ms
[201.899s][info][gc,phases   ] GC(372) Concurrent Mark 225.721ms
[201.899s][info][gc,phases   ] GC(372) Pause Mark End 0.019ms
[201.899s][info][gc,phases   ] GC(372) Concurrent Mark Free 0.001ms
[201.904s][info][gc,phases   ] GC(372) Concurrent Process Non-Strong References 4.160ms
[201.904s][info][gc,phases   ] GC(372) Concurrent Reset Relocation Set 0.004ms
[201.906s][info][gc,phases   ] GC(372) Concurrent Select Relocation Set 2.541ms
[201.906s][info][gc,phases   ] GC(372) Pause Relocate Start 0.011ms
[201.908s][info][gc,phases   ] GC(372) Concurrent Relocate 1.382ms
[201.908s][info][gc,load     ] GC(372) Load: 0.00/0.00/0.00
[201.908s][info][gc,mmu      ] GC(372) MMU: 2ms/96.2%, 5ms/98.5%, 10ms/99.0%, 20ms/99.5%, 50ms/99.8%, 100ms/99.9%
[201.908s][info][gc,marking  ] GC(372) Mark: 1 stripe(s), 2 proactive flush(es), 1 terminate flush(es), 0 completion(s), 0 continuation(s) 
[201.908s][info][gc,marking  ] GC(372) Mark Stack Usage: 32M
[201.908s][info][gc,nmethod  ] GC(372) NMethods: 1450 registered, 9 unregistered
[201.908s][info][gc,metaspace] GC(372) Metaspace: 11M used, 11M committed, 1088M reserved
[201.908s][info][gc,ref      ] GC(372) Soft: 197 encountered, 0 discovered, 0 enqueued
[201.908s][info][gc,ref      ] GC(372) Weak: 695 encountered, 187 discovered, 0 enqueued
[201.908s][info][gc,ref      ] GC(372) Final: 0 encountered, 0 discovered, 0 enqueued
[201.908s][info][gc,ref      ] GC(372) Phantom: 36 encountered, 21 discovered, 0 enqueued
[201.908s][info][gc,reloc    ] GC(372) Small Pages: 1183 / 2366M, Empty: 2256M, Relocated: 1M, In-Place: 0
[201.908s][info][gc,reloc    ] GC(372) Medium Pages: 12 / 384M, Empty: 352M, Relocated: 0M, In-Place: 0
[201.908s][info][gc,reloc    ] GC(372) Large Pages: 1 / 6M, Empty: 0M, Relocated: 0M, In-Place: 0
[201.908s][info][gc,reloc    ] GC(372) Forwarding Usage: 0M
[201.908s][info][gc,heap     ] GC(372) Min Capacity: 4096M(100%)
[201.908s][info][gc,heap     ] GC(372) Max Capacity: 4096M(100%)
[201.908s][info][gc,heap     ] GC(372) Soft Max Capacity: 4096M(100%)
[201.908s][info][gc,heap     ] GC(372)                Mark Start          Mark End        Relocate Start      Relocate End           High               Low         
[201.908s][info][gc,heap     ] GC(372)  Capacity:     4096M (100%)       4096M (100%)       4096M (100%)       4096M (100%)       4096M (100%)       4096M (100%)   
[201.908s][info][gc,heap     ] GC(372)      Free:     1340M (33%)         402M (10%)        2958M (72%)        2976M (73%)        2976M (73%)         382M (9%)     
[201.908s][info][gc,heap     ] GC(372)      Used:     2756M (67%)        3694M (90%)        1138M (28%)        1120M (27%)        3714M (91%)        1120M (27%)    
[201.908s][info][gc,heap     ] GC(372)      Live:         -                99M (2%)           99M (2%)           99M (2%)             -                  -          
[201.908s][info][gc,heap     ] GC(372) Allocated:         -               938M (23%)         990M (24%)         989M (24%)            -                  -          
[201.908s][info][gc,heap     ] GC(372)   Garbage:         -              2656M (65%)          48M (1%)           30M (1%)             -                  -          
[201.908s][info][gc,heap     ] GC(372) Reclaimed:         -                  -              2608M (64%)        2625M (64%)            -                  -          
[201.908s][info][gc          ] GC(372) Garbage Collection (Allocation Rate) 2756M(67%)->1120M(27%)
[202.176s][info][gc,start    ] GC(373) Garbage Collection (Allocation Rate)
[202.176s][info][gc,task     ] GC(373) Using 1 workers
[202.176s][info][gc,phases   ] GC(373) Pause Mark Start 0.015ms
[202.314s][info][gc,phases   ] GC(373) Concurrent Mark 137.589ms
[202.314s][info][gc,phases   ] GC(373) Pause Mark End 0.012ms
[202.314s][info][gc,phases   ] GC(373) Concurrent Mark Free 0.001ms
[202.324s][info][gc,phases   ] GC(373) Concurrent Process Non-Strong References 9.570ms
[202.324s][info][gc,phases   ] GC(373) Concurrent Reset Relocation Set 0.004ms
[202.328s][info][gc,phases   ] GC(373) Concurrent Select Relocation Set 4.097ms
[202.328s][info][gc,phases   ] GC(373) Pause Relocate Start 0.011ms
[202.332s][info][gc,phases   ] GC(373) Concurrent Relocate 3.539ms
[202.332s][info][gc,load     ] GC(373) Load: 0.00/0.00/0.00
[202.332s][info][gc,mmu      ] GC(373) MMU: 2ms/96.2%, 5ms/98.5%, 10ms/99.0%, 20ms/99.5%, 50ms/99.8%, 100ms/99.9%
[202.332s][info][gc,marking  ] GC(373) Mark: 1 stripe(s), 2 proactive flush(es), 1 terminate flush(es), 0 completion(s), 0 continuation(s) 
[202.332s][info][gc,marking  ] GC(373) Mark Stack Usage: 32M
[202.332s][info][gc,nmethod  ] GC(373) NMethods: 1450 registered, 9 unregistered
[202.332s][info][gc,metaspace] GC(373) Metaspace: 11M used, 11M committed, 1088M reserved
[202.332s][info][gc,ref      ] GC(373) Soft: 197 encountered, 0 discovered, 0 enqueued
[202.332s][info][gc,ref      ] GC(373) Weak: 695 encountered, 554 discovered, 0 enqueued
[202.332s][info][gc,ref      ] GC(373) Final: 0 encountered, 0 discovered, 0 enqueued
[202.332s][info][gc,ref      ] GC(373) Phantom: 36 encountered, 17 discovered, 0 enqueued
[202.332s][info][gc,reloc    ] GC(373) Small Pages: 989 / 1978M, Empty: 1824M, Relocated: 6M, In-Place: 0
[202.332s][info][gc,reloc    ] GC(373) Medium Pages: 10 / 320M, Empty: 320M, Relocated: 0M, In-Place: 0
[202.332s][info][gc,reloc    ] GC(373) Large Pages: 1 / 6M, Empty: 0M, Relocated: 0M, In-Place: 0
[202.332s][info][gc,reloc    ] GC(373) Forwarding Usage: 1M
[202.332s][info][gc,heap     ] GC(373) Min Capacity: 4096M(100%)
[202.332s][info][gc,heap     ] GC(373) Max Capacity: 4096M(100%)
[202.332s][info][gc,heap     ] GC(373) Soft Max Capacity: 4096M(100%)
[202.332s][info][gc,heap     ] GC(373)                Mark Start          Mark End        Relocate Start      Relocate End           High               Low         
[202.332s][info][gc,heap     ] GC(373)  Capacity:     4096M (100%)       4096M (100%)       4096M (100%)       4096M (100%)       4096M (100%)       4096M (100%)   
[202.332s][info][gc,heap     ] GC(373)      Free:     1792M (44%)        1260M (31%)        3322M (81%)        3380M (83%)        3380M (83%)        1198M (29%)    
[202.332s][info][gc,heap     ] GC(373)      Used:     2304M (56%)        2836M (69%)         774M (19%)         716M (17%)        2898M (71%)         716M (17%)    
[202.332s][info][gc,heap     ] GC(373)      Live:         -               100M (2%)          100M (2%)          100M (2%)             -                  -          
[202.332s][info][gc,heap     ] GC(373) Allocated:         -               532M (13%)         614M (15%)         613M (15%)            -                  -          
[202.332s][info][gc,heap     ] GC(373)   Garbage:         -              2203M (54%)          59M (1%)            1M (0%)             -                  -          
[202.332s][info][gc,heap     ] GC(373) Reclaimed:         -                  -              2144M (52%)        2201M (54%)            -                  -          
[202.332s][info][gc          ] GC(373) Garbage Collection (Allocation Rate) 2304M(56%)->716M(17%)
[202.679s][info][gc,start    ] GC(374) Garbage Collection (Allocation Rate)
[202.679s][info][gc,task     ] GC(374) Using 1 workers
[202.679s][info][gc,phases   ] GC(374) Pause Mark Start 0.009ms
[202.805s][info][gc,phases   ] GC(374) Concurrent Mark 125.965ms
[202.806s][info][gc,phases   ] GC(374) Pause Mark End 0.025ms
[202.806s][info][gc,phases   ] GC(374) Concurrent Mark Free 0.002ms
[202.810s][info][gc,phases   ] GC(374) Concurrent Process Non-Strong References 4.408ms
[202.810s][info][gc,phases   ] GC(374) Concurrent Reset Relocation Set 0.010ms
[202.814s][info][gc,phases   ] GC(374) Concurrent Select Relocation Set 3.265ms
[202.814s][info][gc,phases   ] GC(374) Pause Relocate Start 0.008ms
[202.815s][info][gc,phases   ] GC(374) Concurrent Relocate 0.943ms
[202.815s][info][gc,load     ] GC(374) Load: 0.00/0.00/0.00
[202.815s][info][gc,mmu      ] GC(374) MMU: 2ms/96.2%, 5ms/98.5%, 10ms/99.0%, 20ms/99.5%, 50ms/99.8%, 100ms/99.9%
[202.815s][info][gc,marking  ] GC(374) Mark: 1 stripe(s), 2 proactive flush(es), 1 terminate flush(es), 0 completion(s), 0 continuation(s) 
[202.815s][info][gc,marking  ] GC(374) Mark Stack Usage: 32M
[202.815s][info][gc,nmethod  ] GC(374) NMethods: 1450 registered, 9 unregistered
[202.815s][info][gc,metaspace] GC(374) Metaspace: 11M used, 11M committed, 1088M reserved
[202.815s][info][gc,ref      ] GC(374) Soft: 197 encountered, 0 discovered, 0 enqueued
[202.815s][info][gc,ref      ] GC(374) Weak: 695 encountered, 554 discovered, 0 enqueued
[202.815s][info][gc,ref      ] GC(374) Final: 0 encountered, 0 discovered, 0 enqueued
[202.815s][info][gc,ref      ] GC(374) Phantom: 36 encountered, 17 discovered, 0 enqueued
[202.815s][info][gc,reloc    ] GC(374) Small Pages: 969 / 1938M, Empty: 1822M, Relocated: 1M, In-Place: 0
[202.815s][info][gc,reloc    ] GC(374) Medium Pages: 10 / 320M, Empty: 320M, Relocated: 0M, In-Place: 0
[202.815s][info][gc,reloc    ] GC(374) Large Pages: 1 / 6M, Empty: 0M, Relocated: 0M, In-Place: 0
[202.815s][info][gc,reloc    ] GC(374) Forwarding Usage: 0M
[202.815s][info][gc,heap     ] GC(374) Min Capacity: 4096M(100%)
[202.815s][info][gc,heap     ] GC(374) Max Capacity: 4096M(100%)
[202.815s][info][gc,heap     ] GC(374) Soft Max Capacity: 4096M(100%)
[202.815s][info][gc,heap     ] GC(374)                Mark Start          Mark End        Relocate Start      Relocate End           High               Low         
[202.815s][info][gc,heap     ] GC(374)  Capacity:     4096M (100%)       4096M (100%)       4096M (100%)       4096M (100%)       4096M (100%)       4096M (100%)   
[202.815s][info][gc,heap     ] GC(374)      Free:     1832M (45%)        1284M (31%)        3384M (83%)        3408M (83%)        3408M (83%)        1252M (31%)    
[202.815s][info][gc,heap     ] GC(374)      Used:     2264M (55%)        2812M (69%)         712M (17%)         688M (17%)        2844M (69%)         688M (17%)    
[202.815s][info][gc,heap     ] GC(374)      Live:         -                96M (2%)           96M (2%)           96M (2%)             -                  -          
[202.815s][info][gc,heap     ] GC(374) Allocated:         -               548M (13%)         590M (14%)         589M (14%)            -                  -          
[202.815s][info][gc,heap     ] GC(374)   Garbage:         -              2167M (53%)          25M (1%)            1M (0%)             -                  -          
[202.815s][info][gc,heap     ] GC(374) Reclaimed:         -                  -              2142M (52%)        2165M (53%)            -                  -          
[202.815s][info][gc          ] GC(374) Garbage Collection (Allocation Rate) 2264M(55%)->688M(17%)
[203.241s][info][gc,start    ] GC(375) Garbage Collection (System.gc())
[203.241s][info][gc,task     ] GC(375) Using 2 workers
[203.241s][info][gc,phases   ] GC(375) Pause Mark Start 0.007ms
[203.307s][info][gc,phases   ] GC(375) Concurrent Mark 66.053ms
[203.307s][info][gc,phases   ] GC(375) Pause Mark End 0.026ms
[203.307s][info][gc,phases   ] GC(375) Concurrent Mark Free 0.002ms
[203.309s][info][gc,phases   ] GC(375) Concurrent Process Non-Strong References 2.317ms
[203.309s][info][gc,phases   ] GC(375) Concurrent Reset Relocation Set 0.002ms
[203.312s][info][gc,phases   ] GC(375) Concurrent Select Relocation Set 2.086ms
[203.312s][info][gc,phases   ] GC(375) Pause Relocate Start 0.004ms
[203.312s][info][gc,phases   ] GC(375) Concurrent Relocate 0.376ms
[203.312s][info][gc,load     ] GC(375) Load: 0.00/0.00/0.00
[203.312s][info][gc,mmu      ] GC(375) MMU: 2ms/96.2%, 5ms/98.5%, 10ms/99.0%, 20ms/99.5%, 50ms/99.8%, 100ms/99.9%
[203.312s][info][gc,marking  ] GC(375) Mark: 2 stripe(s), 1 proactive flush(es), 1 terminate flush(es), 0 completion(s), 0 continuation(s) 
[203.312s][info][gc,marking  ] GC(375) Mark Stack Usage: 32M
[203.312s][info][gc,nmethod  ] GC(375) NMethods: 1450 registered, 9 unregistered
[203.312s][info][gc,metaspace] GC(375) Metaspace: 11M used, 11M committed, 1088M reserved
[203.312s][info][gc,ref      ] GC(375) Soft: 197 encountered, 0 discovered, 0 enqueued
[203.312s][info][gc,ref      ] GC(375) Weak: 695 encountered, 225 discovered, 0 enqueued
[203.312s][info][gc,ref      ] GC(375) Final: 0 encountered, 0 discovered, 0 enqueued
[203.312s][info][gc,ref      ] GC(375) Phantom: 36 encountered, 14 discovered, 0 enqueued
[203.312s][info][gc,reloc    ] GC(375) Small Pages: 1116 / 2232M, Empty: 2136M, Relocated: 0M, In-Place: 0
[203.312s][info][gc,reloc    ] GC(375) Medium Pages: 11 / 352M, Empty: 352M, Relocated: 0M, In-Place: 0
[203.312s][info][gc,reloc    ] GC(375) Large Pages: 1 / 6M, Empty: 0M, Relocated: 0M, In-Place: 0
[203.312s][info][gc,reloc    ] GC(375) Forwarding Usage: 0M
[203.312s][info][gc,heap     ] GC(375) Min Capacity: 4096M(100%)
[203.312s][info][gc,heap     ] GC(375) Max Capacity: 4096M(100%)
[203.312s][info][gc,heap     ] GC(375) Soft Max Capacity: 4096M(100%)
[203.312s][info][gc,heap     ] GC(375)                Mark Start          Mark End        Relocate Start      Relocate End           High               Low         
[203.312s][info][gc,heap     ] GC(375)  Capacity:     4096M (100%)       4096M (100%)       4096M (100%)       4096M (100%)       4096M (100%)       4096M (100%)   
[203.312s][info][gc,heap     ] GC(375)      Free:     1506M (37%)        1506M (37%)        3994M (98%)        3996M (98%)        3996M (98%)        1506M (37%)    
[203.312s][info][gc,heap     ] GC(375)      Used:     2590M (63%)        2590M (63%)         102M (2%)          100M (2%)         2590M (63%)         100M (2%)     
[203.312s][info][gc,heap     ] GC(375)      Live:         -                95M (2%)           95M (2%)           95M (2%)             -                  -          
[203.312s][info][gc,heap     ] GC(375) Allocated:         -                 0M (0%)            0M (0%)            0M (0%)             -                  -          
[203.312s][info][gc,heap     ] GC(375)   Garbage:         -              2494M (61%)           6M (0%)            4M (0%)             -                  -          
[203.312s][info][gc,heap     ] GC(375) Reclaimed:         -                  -              2488M (61%)        2490M (61%)            -                  -          
[203.312s][info][gc          ] GC(375) Garbage Collection (System.gc()) 2590M(63%)->100M(2%)
[203.888s][info][gc,start    ] GC(376) Garbage Collection (Allocation Rate)
[203.888s][info][gc,task     ] GC(376) Using 1 workers
[203.888s][info][gc,phases   ] GC(376) Pause Mark Start 0.009ms
[204.063s][info][gc,phases   ] GC(376) Concurrent Mark 175.191ms
[204.063s][info][gc,phases   ] GC(376) Pause Mark End 0.014ms
[204.063s][info][gc,phases   ] GC(376) Concurrent Mark Free 0.001ms
[204.068s][info][gc,phases   ] GC(376) Concurrent Process Non-Strong References 4.787ms
[204.068s][info][gc,phases   ] GC(376) Concurrent Reset Relocation Set 0.001ms
[204.072s][info][gc,phases   ] GC(376) Concurrent Select Relocation Set 3.342ms
[204.072s][info][gc,phases   ] GC(376) Pause Relocate Start 0.013ms
[204.073s][info][gc,phases   ] GC(376) Concurrent Relocate 1.431ms
[204.073s][info][gc,load     ] GC(376) Load: 0.00/0.00/0.00
[204.073s][info][gc,mmu      ] GC(376) MMU: 2ms/96.2%, 5ms/98.5%, 10ms/99.0%, 20ms/99.5%, 50ms/99.8%, 100ms/99.9%
[204.073s][info][gc,marking  ] GC(376) Mark: 1 stripe(s), 2 proactive flush(es), 1 terminate flush(es), 0 completion(s), 0 continuation(s) 
[204.073s][info][gc,marking  ] GC(376) Mark Stack Usage: 32M
[204.073s][info][gc,nmethod  ] GC(376) NMethods: 1453 registered, 9 unregistered
[204.073s][info][gc,metaspace] GC(376) Metaspace: 11M used, 11M committed, 1088M reserved
[204.073s][info][gc,ref      ] GC(376) Soft: 197 encountered, 0 discovered, 0 enqueued
[204.073s][info][gc,ref      ] GC(376) Weak: 695 encountered, 187 discovered, 0 enqueued
[204.073s][info][gc,ref      ] GC(376) Final: 0 encountered, 0 discovered, 0 enqueued
[204.073s][info][gc,ref      ] GC(376) Phantom: 36 encountered, 21 discovered, 0 enqueued
[204.073s][info][gc,reloc    ] GC(376) Small Pages: 1189 / 2378M, Empty: 2232M, Relocated: 3M, In-Place: 0
[204.073s][info][gc,reloc    ] GC(376) Medium Pages: 12 / 384M, Empty: 384M, Relocated: 0M, In-Place: 0
[204.073s][info][gc,reloc    ] GC(376) Large Pages: 1 / 6M, Empty: 0M, Relocated: 0M, In-Place: 0
[204.073s][info][gc,reloc    ] GC(376) Forwarding Usage: 0M
[204.073s][info][gc,heap     ] GC(376) Min Capacity: 4096M(100%)
[204.073s][info][gc,heap     ] GC(376) Max Capacity: 4096M(100%)
[204.073s][info][gc,heap     ] GC(376) Soft Max Capacity: 4096M(100%)
[204.073s][info][gc,heap     ] GC(376)                Mark Start          Mark End        Relocate Start      Relocate End           High               Low         
[204.073s][info][gc,heap     ] GC(376)  Capacity:     4096M (100%)       4096M (100%)       4096M (100%)       4096M (100%)       4096M (100%)       4096M (100%)   
[204.073s][info][gc,heap     ] GC(376)      Free:     1328M (32%)         586M (14%)        3184M (78%)        3230M (79%)        3230M (79%)         586M (14%)    
[204.073s][info][gc,heap     ] GC(376)      Used:     2768M (68%)        3510M (86%)         912M (22%)         866M (21%)        3510M (86%)         866M (21%)    
[204.074s][info][gc,heap     ] GC(376)      Live:         -                99M (2%)           99M (2%)           99M (2%)             -                  -          
[204.074s][info][gc,heap     ] GC(376) Allocated:         -               742M (18%)         760M (19%)         763M (19%)            -                  -          
[204.074s][info][gc,heap     ] GC(376)   Garbage:         -              2668M (65%)          52M (1%)            2M (0%)             -                  -          
[204.074s][info][gc,heap     ] GC(376) Reclaimed:         -                  -              2616M (64%)        2665M (65%)            -                  -          
[204.074s][info][gc          ] GC(376) Garbage Collection (Allocation Rate) 2768M(68%)->866M(21%)
[204.484s][info][gc,start    ] GC(377) Garbage Collection (Allocation Rate)
[204.484s][info][gc,task     ] GC(377) Using 1 workers
[204.484s][info][gc,phases   ] GC(377) Pause Mark Start 0.009ms
[204.702s][info][gc,phases   ] GC(377) Concurrent Mark 217.841ms
[204.703s][info][gc,phases   ] GC(377) Pause Mark End 0.016ms
[204.703s][info][gc,phases   ] GC(377) Concurrent Mark Free 0.001ms
[204.707s][info][gc,phases   ] GC(377) Concurrent Process Non-Strong References 4.493ms
[204.707s][info][gc,phases   ] GC(377) Concurrent Reset Relocation Set 0.004ms
[204.711s][info][gc,phases   ] GC(377) Concurrent Select Relocation Set 3.346ms
[204.711s][info][gc,phases   ] GC(377) Pause Relocate Start 0.013ms
[204.711s][info][gc,phases   ] GC(377) Concurrent Relocate 0.514ms
[204.711s][info][gc,load     ] GC(377) Load: 0.00/0.00/0.00
[204.711s][info][gc,mmu      ] GC(377) MMU: 2ms/96.2%, 5ms/98.5%, 10ms/99.0%, 20ms/99.5%, 50ms/99.8%, 100ms/99.9%
[204.711s][info][gc,marking  ] GC(377) Mark: 1 stripe(s), 2 proactive flush(es), 1 terminate flush(es), 0 completion(s), 0 continuation(s) 
[204.711s][info][gc,marking  ] GC(377) Mark Stack Usage: 32M
[204.711s][info][gc,nmethod  ] GC(377) NMethods: 1453 registered, 9 unregistered
[204.711s][info][gc,metaspace] GC(377) Metaspace: 11M used, 11M committed, 1088M reserved
[204.711s][info][gc,ref      ] GC(377) Soft: 197 encountered, 0 discovered, 0 enqueued
[204.711s][info][gc,ref      ] GC(377) Weak: 695 encountered, 187 discovered, 0 enqueued
[204.711s][info][gc,ref      ] GC(377) Final: 0 encountered, 0 discovered, 0 enqueued
[204.711s][info][gc,ref      ] GC(377) Phantom: 36 encountered, 21 discovered, 0 enqueued
[204.711s][info][gc,reloc    ] GC(377) Small Pages: 1179 / 2358M, Empty: 2234M, Relocated: 0M, In-Place: 0
[204.711s][info][gc,reloc    ] GC(377) Medium Pages: 12 / 384M, Empty: 352M, Relocated: 0M, In-Place: 0
[204.712s][info][gc,reloc    ] GC(377) Large Pages: 1 / 6M, Empty: 0M, Relocated: 0M, In-Place: 0
[204.712s][info][gc,reloc    ] GC(377) Forwarding Usage: 0M
[204.712s][info][gc,heap     ] GC(377) Min Capacity: 4096M(100%)
[204.712s][info][gc,heap     ] GC(377) Max Capacity: 4096M(100%)
[204.712s][info][gc,heap     ] GC(377) Soft Max Capacity: 4096M(100%)
[204.712s][info][gc,heap     ] GC(377)                Mark Start          Mark End        Relocate Start      Relocate End           High               Low         
[204.712s][info][gc,heap     ] GC(377)  Capacity:     4096M (100%)       4096M (100%)       4096M (100%)       4096M (100%)       4096M (100%)       4096M (100%)   
[204.712s][info][gc,heap     ] GC(377)      Free:     1348M (33%)         432M (11%)        2976M (73%)        3008M (73%)        3008M (73%)         404M (10%)    
[204.712s][info][gc,heap     ] GC(377)      Used:     2748M (67%)        3664M (89%)        1120M (27%)        1088M (27%)        3692M (90%)        1088M (27%)    
[204.712s][info][gc,heap     ] GC(377)      Live:         -                99M (2%)           99M (2%)           99M (2%)             -                  -          
[204.712s][info][gc,heap     ] GC(377) Allocated:         -               916M (22%)         958M (23%)         957M (23%)            -                  -          
[204.712s][info][gc,heap     ] GC(377)   Garbage:         -              2648M (65%)          62M (2%)           30M (1%)             -                  -          
[204.712s][info][gc,heap     ] GC(377) Reclaimed:         -                  -              2586M (63%)        2617M (64%)            -                  -          
[204.712s][info][gc          ] GC(377) Garbage Collection (Allocation Rate) 2748M(67%)->1088M(27%)
[204.987s][info][gc,start    ] GC(378) Garbage Collection (Allocation Rate)
[204.987s][info][gc,task     ] GC(378) Using 1 workers
[204.987s][info][gc,phases   ] GC(378) Pause Mark Start 0.013ms
[205.214s][info][gc,phases   ] GC(378) Concurrent Mark 226.571ms
[205.214s][info][gc,phases   ] GC(378) Pause Mark End 0.020ms
[205.214s][info][gc,phases   ] GC(378) Concurrent Mark Free 0.003ms
[205.223s][info][gc,phases   ] GC(378) Concurrent Process Non-Strong References 8.644ms
[205.223s][info][gc,phases   ] GC(378) Concurrent Reset Relocation Set 0.003ms
[205.225s][info][gc,phases   ] GC(378) Concurrent Select Relocation Set 2.550ms
[205.225s][info][gc,phases   ] GC(378) Pause Relocate Start 0.011ms
[205.226s][info][gc,phases   ] GC(378) Concurrent Relocate 0.619ms
[205.226s][info][gc,load     ] GC(378) Load: 0.00/0.00/0.00
[205.226s][info][gc,mmu      ] GC(378) MMU: 2ms/96.2%, 5ms/98.5%, 10ms/99.0%, 20ms/99.5%, 50ms/99.8%, 100ms/99.9%
[205.226s][info][gc,marking  ] GC(378) Mark: 1 stripe(s), 2 proactive flush(es), 1 terminate flush(es), 0 completion(s), 0 continuation(s) 
[205.226s][info][gc,marking  ] GC(378) Mark Stack Usage: 32M
[205.226s][info][gc,nmethod  ] GC(378) NMethods: 1453 registered, 9 unregistered
[205.226s][info][gc,metaspace] GC(378) Metaspace: 11M used, 11M committed, 1088M reserved
[205.226s][info][gc,ref      ] GC(378) Soft: 197 encountered, 0 discovered, 0 enqueued
[205.226s][info][gc,ref      ] GC(378) Weak: 695 encountered, 187 discovered, 0 enqueued
[205.226s][info][gc,ref      ] GC(378) Final: 0 encountered, 0 discovered, 0 enqueued
[205.226s][info][gc,ref      ] GC(378) Phantom: 36 encountered, 21 discovered, 0 enqueued
[205.226s][info][gc,reloc    ] GC(378) Small Pages: 997 / 1994M, Empty: 1888M, Relocated: 0M, In-Place: 0
[205.226s][info][gc,reloc    ] GC(378) Medium Pages: 11 / 352M, Empty: 320M, Relocated: 0M, In-Place: 0
[205.226s][info][gc,reloc    ] GC(378) Large Pages: 1 / 6M, Empty: 0M, Relocated: 0M, In-Place: 0
[205.226s][info][gc,reloc    ] GC(378) Forwarding Usage: 0M
[205.226s][info][gc,heap     ] GC(378) Min Capacity: 4096M(100%)
[205.226s][info][gc,heap     ] GC(378) Max Capacity: 4096M(100%)
[205.226s][info][gc,heap     ] GC(378) Soft Max Capacity: 4096M(100%)
[205.226s][info][gc,heap     ] GC(378)                Mark Start          Mark End        Relocate Start      Relocate End           High               Low         
[205.226s][info][gc,heap     ] GC(378)  Capacity:     4096M (100%)       4096M (100%)       4096M (100%)       4096M (100%)       4096M (100%)       4096M (100%)   
[205.226s][info][gc,heap     ] GC(378)      Free:     1744M (43%)         838M (20%)        2960M (72%)        2974M (73%)        2974M (73%)         786M (19%)    
[205.227s][info][gc,heap     ] GC(378)      Used:     2352M (57%)        3258M (80%)        1136M (28%)        1122M (27%)        3310M (81%)        1122M (27%)    
[205.227s][info][gc,heap     ] GC(378)      Live:         -                99M (2%)           99M (2%)           99M (2%)             -                  -          
[205.227s][info][gc,heap     ] GC(378) Allocated:         -               906M (22%)         992M (24%)         991M (24%)            -                  -          
[205.227s][info][gc,heap     ] GC(378)   Garbage:         -              2252M (55%)          44M (1%)           30M (1%)             -                  -          
[205.227s][info][gc,heap     ] GC(378) Reclaimed:         -                  -              2208M (54%)        2221M (54%)            -                  -          
[205.227s][info][gc          ] GC(378) Garbage Collection (Allocation Rate) 2352M(57%)->1122M(27%)
[205.474s][info][gc,start    ] GC(379) Garbage Collection (Allocation Rate)
[205.474s][info][gc,task     ] GC(379) Using 1 workers
[205.474s][info][gc,phases   ] GC(379) Pause Mark Start 0.012ms
[205.644s][info][gc,phases   ] GC(379) Concurrent Mark 169.599ms
[205.644s][info][gc,phases   ] GC(379) Pause Mark End 0.022ms
[205.644s][info][gc,phases   ] GC(379) Concurrent Mark Free 0.001ms
[205.648s][info][gc,phases   ] GC(379) Concurrent Process Non-Strong References 4.189ms
[205.648s][info][gc,phases   ] GC(379) Concurrent Reset Relocation Set 0.002ms
[205.651s][info][gc,phases   ] GC(379) Concurrent Select Relocation Set 2.732ms
[205.651s][info][gc,phases   ] GC(379) Pause Relocate Start 0.010ms
[205.652s][info][gc,phases   ] GC(379) Concurrent Relocate 0.600ms
[205.652s][info][gc,load     ] GC(379) Load: 0.00/0.00/0.00
[205.652s][info][gc,mmu      ] GC(379) MMU: 2ms/96.2%, 5ms/98.5%, 10ms/99.0%, 20ms/99.5%, 50ms/99.8%, 100ms/99.9%
[205.652s][info][gc,marking  ] GC(379) Mark: 1 stripe(s), 2 proactive flush(es), 1 terminate flush(es), 0 completion(s), 0 continuation(s) 
[205.652s][info][gc,marking  ] GC(379) Mark Stack Usage: 32M
[205.652s][info][gc,nmethod  ] GC(379) NMethods: 1453 registered, 9 unregistered
[205.652s][info][gc,metaspace] GC(379) Metaspace: 11M used, 11M committed, 1088M reserved
[205.652s][info][gc,ref      ] GC(379) Soft: 197 encountered, 0 discovered, 0 enqueued
[205.652s][info][gc,ref      ] GC(379) Weak: 695 encountered, 187 discovered, 0 enqueued
[205.652s][info][gc,ref      ] GC(379) Final: 0 encountered, 0 discovered, 0 enqueued
[205.652s][info][gc,ref      ] GC(379) Phantom: 36 encountered, 21 discovered, 0 enqueued
[205.652s][info][gc,reloc    ] GC(379) Small Pages: 937 / 1874M, Empty: 1750M, Relocated: 2M, In-Place: 0
[205.652s][info][gc,reloc    ] GC(379) Medium Pages: 10 / 320M, Empty: 320M, Relocated: 0M, In-Place: 0
[205.652s][info][gc,reloc    ] GC(379) Large Pages: 1 / 6M, Empty: 0M, Relocated: 0M, In-Place: 0
[205.652s][info][gc,reloc    ] GC(379) Forwarding Usage: 0M
[205.652s][info][gc,heap     ] GC(379) Min Capacity: 4096M(100%)
[205.652s][info][gc,heap     ] GC(379) Max Capacity: 4096M(100%)
[205.652s][info][gc,heap     ] GC(379) Soft Max Capacity: 4096M(100%)
[205.652s][info][gc,heap     ] GC(379)                Mark Start          Mark End        Relocate Start      Relocate End           High               Low         
[205.652s][info][gc,heap     ] GC(379)  Capacity:     4096M (100%)       4096M (100%)       4096M (100%)       4096M (100%)       4096M (100%)       4096M (100%)   
[205.652s][info][gc,heap     ] GC(379)      Free:     1896M (46%)        1202M (29%)        3220M (79%)        3248M (79%)        3248M (79%)        1150M (28%)    
[205.652s][info][gc,heap     ] GC(379)      Used:     2200M (54%)        2894M (71%)         876M (21%)         848M (21%)        2946M (72%)         848M (21%)    
[205.652s][info][gc,heap     ] GC(379)      Live:         -                98M (2%)           98M (2%)           98M (2%)             -                  -          
[205.652s][info][gc,heap     ] GC(379) Allocated:         -               694M (17%)         746M (18%)         745M (18%)            -                  -          
[205.652s][info][gc,heap     ] GC(379)   Garbage:         -              2101M (51%)          31M (1%)            3M (0%)             -                  -          
[205.652s][info][gc,heap     ] GC(379) Reclaimed:         -                  -              2070M (51%)        2097M (51%)            -                  -          
[205.652s][info][gc          ] GC(379) Garbage Collection (Allocation Rate) 2200M(54%)->848M(21%)
[206.085s][info][gc,start    ] GC(380) Garbage Collection (Allocation Rate)
[206.086s][info][gc,task     ] GC(380) Using 2 workers
[206.086s][info][gc,phases   ] GC(380) Pause Mark Start 0.024ms
[206.211s][info][gc,phases   ] GC(380) Concurrent Mark 125.594ms
[206.212s][info][gc,phases   ] GC(380) Pause Mark End 0.025ms
[206.212s][info][gc,phases   ] GC(380) Concurrent Mark Free 0.003ms
[206.216s][info][gc,phases   ] GC(380) Concurrent Process Non-Strong References 4.484ms
[206.216s][info][gc,phases   ] GC(380) Concurrent Reset Relocation Set 0.004ms
[206.220s][info][gc,phases   ] GC(380) Concurrent Select Relocation Set 4.109ms
[206.221s][info][gc,phases   ] GC(380) Pause Relocate Start 0.014ms
[206.221s][info][gc,phases   ] GC(380) Concurrent Relocate 0.671ms
[206.221s][info][gc,load     ] GC(380) Load: 0.00/0.00/0.00
[206.221s][info][gc,mmu      ] GC(380) MMU: 2ms/96.2%, 5ms/98.5%, 10ms/99.0%, 20ms/99.5%, 50ms/99.8%, 100ms/99.9%
[206.221s][info][gc,marking  ] GC(380) Mark: 2 stripe(s), 2 proactive flush(es), 1 terminate flush(es), 0 completion(s), 0 continuation(s) 
[206.221s][info][gc,marking  ] GC(380) Mark Stack Usage: 32M
[206.221s][info][gc,nmethod  ] GC(380) NMethods: 1453 registered, 9 unregistered
[206.221s][info][gc,metaspace] GC(380) Metaspace: 11M used, 11M committed, 1088M reserved
[206.221s][info][gc,ref      ] GC(380) Soft: 197 encountered, 0 discovered, 0 enqueued
[206.221s][info][gc,ref      ] GC(380) Weak: 695 encountered, 354 discovered, 0 enqueued
[206.221s][info][gc,ref      ] GC(380) Final: 0 encountered, 0 discovered, 0 enqueued
[206.221s][info][gc,ref      ] GC(380) Phantom: 36 encountered, 22 discovered, 0 enqueued
[206.221s][info][gc,reloc    ] GC(380) Small Pages: 1224 / 2448M, Empty: 2324M, Relocated: 1M, In-Place: 0
[206.221s][info][gc,reloc    ] GC(380) Medium Pages: 12 / 384M, Empty: 352M, Relocated: 0M, In-Place: 0
[206.222s][info][gc,reloc    ] GC(380) Large Pages: 1 / 6M, Empty: 0M, Relocated: 0M, In-Place: 0
[206.222s][info][gc,reloc    ] GC(380) Forwarding Usage: 0M
[206.222s][info][gc,heap     ] GC(380) Min Capacity: 4096M(100%)
[206.222s][info][gc,heap     ] GC(380) Max Capacity: 4096M(100%)
[206.222s][info][gc,heap     ] GC(380) Soft Max Capacity: 4096M(100%)
[206.222s][info][gc,heap     ] GC(380)                Mark Start          Mark End        Relocate Start      Relocate End           High               Low         
[206.222s][info][gc,heap     ] GC(380)  Capacity:     4096M (100%)       4096M (100%)       4096M (100%)       4096M (100%)       4096M (100%)       4096M (100%)   
[206.222s][info][gc,heap     ] GC(380)      Free:     1258M (31%)         832M (20%)        3456M (84%)        3484M (85%)        3484M (85%)         806M (20%)    
[206.222s][info][gc,heap     ] GC(380)      Used:     2838M (69%)        3264M (80%)         640M (16%)         612M (15%)        3290M (80%)         612M (15%)    
[206.222s][info][gc,heap     ] GC(380)      Live:         -               102M (3%)          102M (3%)          102M (3%)             -                  -          
[206.222s][info][gc,heap     ] GC(380) Allocated:         -               426M (10%)         478M (12%)         479M (12%)            -                  -          
[206.222s][info][gc,heap     ] GC(380)   Garbage:         -              2735M (67%)          59M (1%)           29M (1%)             -                  -          
[206.222s][info][gc,heap     ] GC(380) Reclaimed:         -                  -              2676M (65%)        2705M (66%)            -                  -          
[206.222s][info][gc          ] GC(380) Garbage Collection (Allocation Rate) 2838M(69%)->612M(15%)
[206.777s][info][gc,start    ] GC(381) Garbage Collection (Allocation Rate)
[206.777s][info][gc,task     ] GC(381) Using 2 workers
[206.777s][info][gc,phases   ] GC(381) Pause Mark Start 0.013ms
[206.855s][info][gc,phases   ] GC(381) Concurrent Mark 77.787ms
[206.855s][info][gc,phases   ] GC(381) Pause Mark End 0.013ms
[206.855s][info][gc,phases   ] GC(381) Concurrent Mark Free 0.001ms
[206.871s][info][gc,phases   ] GC(381) Concurrent Process Non-Strong References 15.304ms
[206.871s][info][gc,phases   ] GC(381) Concurrent Reset Relocation Set 0.005ms
[206.873s][info][gc,phases   ] GC(381) Concurrent Select Relocation Set 2.509ms
[206.873s][info][gc,phases   ] GC(381) Pause Relocate Start 0.008ms
[206.874s][info][gc,phases   ] GC(381) Concurrent Relocate 0.597ms
[206.874s][info][gc,load     ] GC(381) Load: 0.00/0.00/0.00
[206.874s][info][gc,mmu      ] GC(381) MMU: 2ms/96.2%, 5ms/98.5%, 10ms/99.0%, 20ms/99.5%, 50ms/99.8%, 100ms/99.9%
[206.874s][info][gc,marking  ] GC(381) Mark: 2 stripe(s), 2 proactive flush(es), 1 terminate flush(es), 0 completion(s), 0 continuation(s) 
[206.874s][info][gc,marking  ] GC(381) Mark Stack Usage: 32M
[206.874s][info][gc,nmethod  ] GC(381) NMethods: 1453 registered, 9 unregistered
[206.874s][info][gc,metaspace] GC(381) Metaspace: 11M used, 11M committed, 1088M reserved
[206.874s][info][gc,ref      ] GC(381) Soft: 197 encountered, 0 discovered, 0 enqueued
[206.874s][info][gc,ref      ] GC(381) Weak: 695 encountered, 5 discovered, 0 enqueued
[206.874s][info][gc,ref      ] GC(381) Final: 0 encountered, 0 discovered, 0 enqueued
[206.874s][info][gc,ref      ] GC(381) Phantom: 36 encountered, 13 discovered, 0 enqueued
[206.874s][info][gc,reloc    ] GC(381) Small Pages: 1348 / 2696M, Empty: 2550M, Relocated: 2M, In-Place: 0
[206.874s][info][gc,reloc    ] GC(381) Medium Pages: 14 / 448M, Empty: 448M, Relocated: 0M, In-Place: 0
[206.874s][info][gc,reloc    ] GC(381) Large Pages: 1 / 6M, Empty: 0M, Relocated: 0M, In-Place: 0
[206.874s][info][gc,reloc    ] GC(381) Forwarding Usage: 0M
[206.874s][info][gc,heap     ] GC(381) Min Capacity: 4096M(100%)
[206.874s][info][gc,heap     ] GC(381) Max Capacity: 4096M(100%)
[206.874s][info][gc,heap     ] GC(381) Soft Max Capacity: 4096M(100%)
[206.874s][info][gc,heap     ] GC(381)                Mark Start          Mark End        Relocate Start      Relocate End           High               Low         
[206.874s][info][gc,heap     ] GC(381)  Capacity:     4096M (100%)       4096M (100%)       4096M (100%)       4096M (100%)       4096M (100%)       4096M (100%)   
[206.874s][info][gc,heap     ] GC(381)      Free:      946M (23%)         670M (16%)        3584M (88%)        3632M (89%)        3632M (89%)         590M (14%)    
[206.874s][info][gc,heap     ] GC(381)      Used:     3150M (77%)        3426M (84%)         512M (12%)         464M (11%)        3506M (86%)         464M (11%)    
[206.874s][info][gc,heap     ] GC(381)      Live:         -                98M (2%)           98M (2%)           98M (2%)             -                  -          
[206.874s][info][gc,heap     ] GC(381) Allocated:         -               276M (7%)          360M (9%)          361M (9%)             -                  -          
[206.874s][info][gc,heap     ] GC(381)   Garbage:         -              3051M (74%)          53M (1%)            3M (0%)             -                  -          
[206.874s][info][gc,heap     ] GC(381) Reclaimed:         -                  -              2998M (73%)        3047M (74%)            -                  -          
[206.874s][info][gc          ] GC(381) Garbage Collection (Allocation Rate) 3150M(77%)->464M(11%)
[207.373s][info][gc,start    ] GC(382) Garbage Collection (Allocation Rate)
[207.374s][info][gc,task     ] GC(382) Using 2 workers
[207.374s][info][gc,phases   ] GC(382) Pause Mark Start 0.009ms
[207.452s][info][gc,phases   ] GC(382) Concurrent Mark 78.353ms
[207.452s][info][gc,phases   ] GC(382) Pause Mark End 0.021ms
[207.452s][info][gc,phases   ] GC(382) Concurrent Mark Free 0.002ms
[207.468s][info][gc,phases   ] GC(382) Concurrent Process Non-Strong References 15.409ms
[207.468s][info][gc,phases   ] GC(382) Concurrent Reset Relocation Set 0.003ms
[207.470s][info][gc,phases   ] GC(382) Concurrent Select Relocation Set 2.605ms
[207.471s][info][gc,phases   ] GC(382) Pause Relocate Start 0.014ms
[207.471s][info][gc,phases   ] GC(382) Concurrent Relocate 0.472ms
[207.471s][info][gc,load     ] GC(382) Load: 0.00/0.00/0.00
[207.471s][info][gc,mmu      ] GC(382) MMU: 2ms/96.2%, 5ms/98.5%, 10ms/99.0%, 20ms/99.5%, 50ms/99.8%, 100ms/99.9%
[207.471s][info][gc,marking  ] GC(382) Mark: 2 stripe(s), 2 proactive flush(es), 1 terminate flush(es), 0 completion(s), 0 continuation(s) 
[207.471s][info][gc,marking  ] GC(382) Mark Stack Usage: 32M
[207.471s][info][gc,nmethod  ] GC(382) NMethods: 1453 registered, 9 unregistered
[207.471s][info][gc,metaspace] GC(382) Metaspace: 11M used, 11M committed, 1088M reserved
[207.471s][info][gc,ref      ] GC(382) Soft: 197 encountered, 0 discovered, 0 enqueued
[207.471s][info][gc,ref      ] GC(382) Weak: 695 encountered, 361 discovered, 0 enqueued
[207.471s][info][gc,ref      ] GC(382) Final: 0 encountered, 0 discovered, 0 enqueued
[207.471s][info][gc,ref      ] GC(382) Phantom: 36 encountered, 22 discovered, 0 enqueued
[207.471s][info][gc,reloc    ] GC(382) Small Pages: 1183 / 2366M, Empty: 2256M, Relocated: 0M, In-Place: 0
[207.471s][info][gc,reloc    ] GC(382) Medium Pages: 12 / 384M, Empty: 352M, Relocated: 0M, In-Place: 0
[207.471s][info][gc,reloc    ] GC(382) Large Pages: 1 / 6M, Empty: 0M, Relocated: 0M, In-Place: 0
[207.471s][info][gc,reloc    ] GC(382) Forwarding Usage: 0M
[207.471s][info][gc,heap     ] GC(382) Min Capacity: 4096M(100%)
[207.471s][info][gc,heap     ] GC(382) Max Capacity: 4096M(100%)
[207.471s][info][gc,heap     ] GC(382) Soft Max Capacity: 4096M(100%)
[207.471s][info][gc,heap     ] GC(382)                Mark Start          Mark End        Relocate Start      Relocate End           High               Low         
[207.471s][info][gc,heap     ] GC(382)  Capacity:     4096M (100%)       4096M (100%)       4096M (100%)       4096M (100%)       4096M (100%)       4096M (100%)   
[207.471s][info][gc,heap     ] GC(382)      Free:     1340M (33%)        1090M (27%)        3620M (88%)        3636M (89%)        3636M (89%)        1022M (25%)    
[207.471s][info][gc,heap     ] GC(382)      Used:     2756M (67%)        3006M (73%)         476M (12%)         460M (11%)        3074M (75%)         460M (11%)    
[207.471s][info][gc,heap     ] GC(382)      Live:         -                99M (2%)           99M (2%)           99M (2%)             -                  -          
[207.471s][info][gc,heap     ] GC(382) Allocated:         -               250M (6%)          328M (8%)          327M (8%)             -                  -          
[207.471s][info][gc,heap     ] GC(382)   Garbage:         -              2656M (65%)          48M (1%)           32M (1%)             -                  -          
[207.471s][info][gc,heap     ] GC(382) Reclaimed:         -                  -              2608M (64%)        2623M (64%)            -                  -          
[207.471s][info][gc          ] GC(382) Garbage Collection (Allocation Rate) 2756M(67%)->460M(11%)
[207.680s][info][gc,start    ] GC(383) Garbage Collection (System.gc())
[207.680s][info][gc,task     ] GC(383) Using 2 workers
[207.680s][info][gc,phases   ] GC(383) Pause Mark Start 0.007ms
[207.735s][info][gc,phases   ] GC(383) Concurrent Mark 54.837ms
[207.735s][info][gc,phases   ] GC(383) Pause Mark End 0.025ms
[207.735s][info][gc,phases   ] GC(383) Concurrent Mark Free 0.004ms
[207.737s][info][gc,phases   ] GC(383) Concurrent Process Non-Strong References 2.192ms
[207.737s][info][gc,phases   ] GC(383) Concurrent Reset Relocation Set 0.002ms
[207.739s][info][gc,phases   ] GC(383) Concurrent Select Relocation Set 1.486ms
[207.739s][info][gc,phases   ] GC(383) Pause Relocate Start 0.005ms
[207.739s][info][gc,phases   ] GC(383) Concurrent Relocate 0.371ms
[207.739s][info][gc,load     ] GC(383) Load: 0.00/0.00/0.00
[207.739s][info][gc,mmu      ] GC(383) MMU: 2ms/96.2%, 5ms/98.5%, 10ms/99.0%, 20ms/99.5%, 50ms/99.8%, 100ms/99.9%
[207.739s][info][gc,marking  ] GC(383) Mark: 2 stripe(s), 1 proactive flush(es), 1 terminate flush(es), 0 completion(s), 0 continuation(s) 
[207.739s][info][gc,marking  ] GC(383) Mark Stack Usage: 32M
[207.739s][info][gc,nmethod  ] GC(383) NMethods: 1453 registered, 9 unregistered
[207.739s][info][gc,metaspace] GC(383) Metaspace: 11M used, 11M committed, 1088M reserved
[207.739s][info][gc,ref      ] GC(383) Soft: 197 encountered, 0 discovered, 0 enqueued
[207.739s][info][gc,ref      ] GC(383) Weak: 695 encountered, 5 discovered, 0 enqueued
[207.739s][info][gc,ref      ] GC(383) Final: 0 encountered, 0 discovered, 0 enqueued
[207.739s][info][gc,ref      ] GC(383) Phantom: 36 encountered, 16 discovered, 0 enqueued
[207.739s][info][gc,reloc    ] GC(383) Small Pages: 585 / 1170M, Empty: 1070M, Relocated: 0M, In-Place: 0
[207.739s][info][gc,reloc    ] GC(383) Medium Pages: 7 / 224M, Empty: 224M, Relocated: 0M, In-Place: 0
[207.739s][info][gc,reloc    ] GC(383) Large Pages: 1 / 6M, Empty: 0M, Relocated: 0M, In-Place: 0
[207.739s][info][gc,reloc    ] GC(383) Forwarding Usage: 0M
[207.739s][info][gc,heap     ] GC(383) Min Capacity: 4096M(100%)
[207.739s][info][gc,heap     ] GC(383) Max Capacity: 4096M(100%)
[207.739s][info][gc,heap     ] GC(383) Soft Max Capacity: 4096M(100%)
[207.739s][info][gc,heap     ] GC(383)                Mark Start          Mark End        Relocate Start      Relocate End           High               Low         
[207.739s][info][gc,heap     ] GC(383)  Capacity:     4096M (100%)       4096M (100%)       4096M (100%)       4096M (100%)       4096M (100%)       4096M (100%)   
[207.739s][info][gc,heap     ] GC(383)      Free:     2696M (66%)        2696M (66%)        3990M (97%)        3996M (98%)        3996M (98%)        2696M (66%)    
[207.739s][info][gc,heap     ] GC(383)      Used:     1400M (34%)        1400M (34%)         106M (3%)          100M (2%)         1400M (34%)         100M (2%)     
[207.740s][info][gc,heap     ] GC(383)      Live:         -                95M (2%)           95M (2%)           95M (2%)             -                  -          
[207.740s][info][gc,heap     ] GC(383) Allocated:         -                 0M (0%)            0M (0%)            0M (0%)             -                  -          
[207.740s][info][gc,heap     ] GC(383)   Garbage:         -              1304M (32%)          10M (0%)            4M (0%)             -                  -          
[207.740s][info][gc,heap     ] GC(383) Reclaimed:         -                  -              1294M (32%)        1300M (32%)            -                  -          
[207.740s][info][gc          ] GC(383) Garbage Collection (System.gc()) 1400M(34%)->100M(2%)
[208.284s][info][gc,start    ] GC(384) Garbage Collection (Allocation Rate)
[208.284s][info][gc,task     ] GC(384) Using 1 workers
[208.284s][info][gc,phases   ] GC(384) Pause Mark Start 0.010ms
[208.426s][info][gc,phases   ] GC(384) Concurrent Mark 141.659ms
[208.426s][info][gc,phases   ] GC(384) Pause Mark End 0.020ms
[208.426s][info][gc,phases   ] GC(384) Concurrent Mark Free 0.002ms
[208.431s][info][gc,phases   ] GC(384) Concurrent Process Non-Strong References 5.055ms
[208.432s][info][gc,phases   ] GC(384) Concurrent Reset Relocation Set 0.002ms
[208.435s][info][gc,phases   ] GC(384) Concurrent Select Relocation Set 3.609ms
[208.435s][info][gc,phases   ] GC(384) Pause Relocate Start 0.011ms
[208.437s][info][gc,phases   ] GC(384) Concurrent Relocate 1.306ms
[208.437s][info][gc,load     ] GC(384) Load: 0.00/0.00/0.00
[208.437s][info][gc,mmu      ] GC(384) MMU: 2ms/96.2%, 5ms/98.5%, 10ms/99.0%, 20ms/99.5%, 50ms/99.8%, 100ms/99.9%
[208.437s][info][gc,marking  ] GC(384) Mark: 1 stripe(s), 2 proactive flush(es), 1 terminate flush(es), 0 completion(s), 0 continuation(s) 
[208.437s][info][gc,marking  ] GC(384) Mark Stack Usage: 32M
[208.437s][info][gc,nmethod  ] GC(384) NMethods: 1453 registered, 9 unregistered
[208.437s][info][gc,metaspace] GC(384) Metaspace: 11M used, 11M committed, 1088M reserved
[208.437s][info][gc,ref      ] GC(384) Soft: 197 encountered, 0 discovered, 0 enqueued
[208.437s][info][gc,ref      ] GC(384) Weak: 695 encountered, 187 discovered, 0 enqueued
[208.437s][info][gc,ref      ] GC(384) Final: 0 encountered, 0 discovered, 0 enqueued
[208.437s][info][gc,ref      ] GC(384) Phantom: 36 encountered, 21 discovered, 0 enqueued
[208.437s][info][gc,reloc    ] GC(384) Small Pages: 1140 / 2280M, Empty: 2136M, Relocated: 3M, In-Place: 0
[208.437s][info][gc,reloc    ] GC(384) Medium Pages: 11 / 352M, Empty: 352M, Relocated: 0M, In-Place: 0
[208.437s][info][gc,reloc    ] GC(384) Large Pages: 1 / 6M, Empty: 0M, Relocated: 0M, In-Place: 0
[208.437s][info][gc,reloc    ] GC(384) Forwarding Usage: 0M
[208.437s][info][gc,heap     ] GC(384) Min Capacity: 4096M(100%)
[208.437s][info][gc,heap     ] GC(384) Max Capacity: 4096M(100%)
[208.437s][info][gc,heap     ] GC(384) Soft Max Capacity: 4096M(100%)
[208.437s][info][gc,heap     ] GC(384)                Mark Start          Mark End        Relocate Start      Relocate End           High               Low         
[208.437s][info][gc,heap     ] GC(384)  Capacity:     4096M (100%)       4096M (100%)       4096M (100%)       4096M (100%)       4096M (100%)       4096M (100%)   
[208.437s][info][gc,heap     ] GC(384)      Free:     1458M (36%)         870M (21%)        3306M (81%)        3356M (82%)        3356M (82%)         834M (20%)    
[208.437s][info][gc,heap     ] GC(384)      Used:     2638M (64%)        3226M (79%)         790M (19%)         740M (18%)        3262M (80%)         740M (18%)    
[208.437s][info][gc,heap     ] GC(384)      Live:         -                98M (2%)           98M (2%)           98M (2%)             -                  -          
[208.437s][info][gc,heap     ] GC(384) Allocated:         -               588M (14%)         640M (16%)         639M (16%)            -                  -          
[208.437s][info][gc,heap     ] GC(384)   Garbage:         -              2539M (62%)          51M (1%)            1M (0%)             -                  -          
[208.437s][info][gc,heap     ] GC(384) Reclaimed:         -                  -              2488M (61%)        2537M (62%)            -                  -          
[208.437s][info][gc          ] GC(384) Garbage Collection (Allocation Rate) 2638M(64%)->740M(18%)
[208.881s][info][gc,start    ] GC(385) Garbage Collection (Allocation Rate)
[208.881s][info][gc,task     ] GC(385) Using 1 workers
[208.881s][info][gc,phases   ] GC(385) Pause Mark Start 0.011ms
[209.028s][info][gc,phases   ] GC(385) Concurrent Mark 146.864ms
[209.028s][info][gc,phases   ] GC(385) Pause Mark End 0.015ms
[209.028s][info][gc,phases   ] GC(385) Concurrent Mark Free 0.002ms
[209.032s][info][gc,phases   ] GC(385) Concurrent Process Non-Strong References 3.711ms
[209.032s][info][gc,phases   ] GC(385) Concurrent Reset Relocation Set 0.004ms
[209.035s][info][gc,phases   ] GC(385) Concurrent Select Relocation Set 2.658ms
[209.035s][info][gc,phases   ] GC(385) Pause Relocate Start 0.009ms
[209.035s][info][gc,phases   ] GC(385) Concurrent Relocate 0.511ms
[209.035s][info][gc,load     ] GC(385) Load: 0.00/0.00/0.00
[209.035s][info][gc,mmu      ] GC(385) MMU: 2ms/96.2%, 5ms/98.5%, 10ms/99.0%, 20ms/99.5%, 50ms/99.8%, 100ms/99.9%
[209.035s][info][gc,marking  ] GC(385) Mark: 1 stripe(s), 2 proactive flush(es), 1 terminate flush(es), 0 completion(s), 0 continuation(s) 
[209.035s][info][gc,marking  ] GC(385) Mark Stack Usage: 32M
[209.035s][info][gc,nmethod  ] GC(385) NMethods: 1453 registered, 9 unregistered
[209.035s][info][gc,metaspace] GC(385) Metaspace: 11M used, 11M committed, 1088M reserved
[209.035s][info][gc,ref      ] GC(385) Soft: 197 encountered, 0 discovered, 0 enqueued
[209.035s][info][gc,ref      ] GC(385) Weak: 695 encountered, 554 discovered, 0 enqueued
[209.035s][info][gc,ref      ] GC(385) Final: 0 encountered, 0 discovered, 0 enqueued
[209.035s][info][gc,ref      ] GC(385) Phantom: 36 encountered, 17 discovered, 0 enqueued
[209.035s][info][gc,reloc    ] GC(385) Small Pages: 1184 / 2368M, Empty: 2246M, Relocated: 1M, In-Place: 0
[209.035s][info][gc,reloc    ] GC(385) Medium Pages: 12 / 384M, Empty: 352M, Relocated: 0M, In-Place: 0
[209.035s][info][gc,reloc    ] GC(385) Large Pages: 1 / 6M, Empty: 0M, Relocated: 0M, In-Place: 0
[209.035s][info][gc,reloc    ] GC(385) Forwarding Usage: 0M
[209.035s][info][gc,heap     ] GC(385) Min Capacity: 4096M(100%)
[209.035s][info][gc,heap     ] GC(385) Max Capacity: 4096M(100%)
[209.035s][info][gc,heap     ] GC(385) Soft Max Capacity: 4096M(100%)
[209.035s][info][gc,heap     ] GC(385)                Mark Start          Mark End        Relocate Start      Relocate End           High               Low         
[209.035s][info][gc,heap     ] GC(385)  Capacity:     4096M (100%)       4096M (100%)       4096M (100%)       4096M (100%)       4096M (100%)       4096M (100%)   
[209.036s][info][gc,heap     ] GC(385)      Free:     1338M (33%)         756M (18%)        3338M (81%)        3368M (82%)        3368M (82%)         740M (18%)    
[209.036s][info][gc,heap     ] GC(385)      Used:     2758M (67%)        3340M (82%)         758M (19%)         728M (18%)        3356M (82%)         728M (18%)    
[209.036s][info][gc,heap     ] GC(385)      Live:         -               100M (2%)          100M (2%)          100M (2%)             -                  -          
[209.036s][info][gc,heap     ] GC(385) Allocated:         -               582M (14%)         598M (15%)         597M (15%)            -                  -          
[209.036s][info][gc,heap     ] GC(385)   Garbage:         -              2657M (65%)          59M (1%)           29M (1%)             -                  -          
[209.036s][info][gc,heap     ] GC(385) Reclaimed:         -                  -              2598M (63%)        2627M (64%)            -                  -          
[209.036s][info][gc          ] GC(385) Garbage Collection (Allocation Rate) 2758M(67%)->728M(18%)
[209.477s][info][gc,start    ] GC(386) Garbage Collection (Allocation Rate)
[209.477s][info][gc,task     ] GC(386) Using 1 workers
[209.478s][info][gc,phases   ] GC(386) Pause Mark Start 0.009ms
[209.589s][info][gc,phases   ] GC(386) Concurrent Mark 111.861ms
[209.590s][info][gc,phases   ] GC(386) Pause Mark End 0.022ms
[209.590s][info][gc,phases   ] GC(386) Concurrent Mark Free 0.001ms
[209.597s][info][gc,phases   ] GC(386) Concurrent Process Non-Strong References 7.184ms
[209.597s][info][gc,phases   ] GC(386) Concurrent Reset Relocation Set 0.002ms
[209.600s][info][gc,phases   ] GC(386) Concurrent Select Relocation Set 3.089ms
[209.600s][info][gc,phases   ] GC(386) Pause Relocate Start 0.015ms
[209.601s][info][gc,phases   ] GC(386) Concurrent Relocate 0.457ms
[209.601s][info][gc,load     ] GC(386) Load: 0.00/0.00/0.00
[209.601s][info][gc,mmu      ] GC(386) MMU: 2ms/96.2%, 5ms/98.5%, 10ms/99.0%, 20ms/99.5%, 50ms/99.8%, 100ms/99.9%
[209.601s][info][gc,marking  ] GC(386) Mark: 1 stripe(s), 2 proactive flush(es), 1 terminate flush(es), 0 completion(s), 0 continuation(s) 
[209.601s][info][gc,marking  ] GC(386) Mark Stack Usage: 32M
[209.601s][info][gc,nmethod  ] GC(386) NMethods: 1453 registered, 9 unregistered
[209.601s][info][gc,metaspace] GC(386) Metaspace: 11M used, 11M committed, 1088M reserved
[209.601s][info][gc,ref      ] GC(386) Soft: 197 encountered, 0 discovered, 0 enqueued
[209.601s][info][gc,ref      ] GC(386) Weak: 695 encountered, 554 discovered, 0 enqueued
[209.601s][info][gc,ref      ] GC(386) Final: 0 encountered, 0 discovered, 0 enqueued
[209.601s][info][gc,ref      ] GC(386) Phantom: 36 encountered, 17 discovered, 0 enqueued
[209.601s][info][gc,reloc    ] GC(386) Small Pages: 1161 / 2322M, Empty: 2216M, Relocated: 0M, In-Place: 0
[209.601s][info][gc,reloc    ] GC(386) Medium Pages: 13 / 416M, Empty: 416M, Relocated: 0M, In-Place: 0
[209.601s][info][gc,reloc    ] GC(386) Large Pages: 1 / 6M, Empty: 0M, Relocated: 0M, In-Place: 0
[209.601s][info][gc,reloc    ] GC(386) Forwarding Usage: 0M
[209.601s][info][gc,heap     ] GC(386) Min Capacity: 4096M(100%)
[209.601s][info][gc,heap     ] GC(386) Max Capacity: 4096M(100%)
[209.601s][info][gc,heap     ] GC(386) Soft Max Capacity: 4096M(100%)
[209.601s][info][gc,heap     ] GC(386)                Mark Start          Mark End        Relocate Start      Relocate End           High               Low         
[209.601s][info][gc,heap     ] GC(386)  Capacity:     4096M (100%)       4096M (100%)       4096M (100%)       4096M (100%)       4096M (100%)       4096M (100%)   
[209.601s][info][gc,heap     ] GC(386)      Free:     1352M (33%)         870M (21%)        3452M (84%)        3464M (85%)        3464M (85%)         838M (20%)    
[209.601s][info][gc,heap     ] GC(386)      Used:     2744M (67%)        3226M (79%)         644M (16%)         632M (15%)        3258M (80%)         632M (15%)    
[209.601s][info][gc,heap     ] GC(386)      Live:         -                95M (2%)           95M (2%)           95M (2%)             -                  -          
[209.601s][info][gc,heap     ] GC(386) Allocated:         -               482M (12%)         532M (13%)         533M (13%)            -                  -          
[209.601s][info][gc,heap     ] GC(386)   Garbage:         -              2648M (65%)          16M (0%)            2M (0%)             -                  -          
[209.601s][info][gc,heap     ] GC(386) Reclaimed:         -                  -              2632M (64%)        2645M (65%)            -                  -          
[209.601s][info][gc          ] GC(386) Garbage Collection (Allocation Rate) 2744M(67%)->632M(15%)
[210.074s][info][gc,start    ] GC(387) Garbage Collection (Allocation Rate)
[210.074s][info][gc,task     ] GC(387) Using 1 workers
[210.074s][info][gc,phases   ] GC(387) Pause Mark Start 0.008ms
[210.185s][info][gc,stats    ] === Garbage Collection Statistics =======================================================================================================================
[210.185s][info][gc,stats    ]                                                              Last 10s              Last 10m              Last 10h                Total
[210.185s][info][gc,stats    ]                                                              Avg / Max             Avg / Max             Avg / Max             Avg / Max
[210.185s][info][gc,stats    ]   Collector: Garbage Collection Cycle                    155.240 / 239.452     161.806 / 259.019     161.806 / 259.019     161.806 / 259.019     ms
[210.185s][info][gc,stats    ]  Contention: Mark Segment Reset Contention                     0 / 0                 0 / 2                 0 / 2                 0 / 2           ops/s
[210.185s][info][gc,stats    ]  Contention: Mark SeqNum Reset Contention                      0 / 1                 0 / 2                 0 / 2                 0 / 2           ops/s
[210.185s][info][gc,stats    ]    Critical: Allocation Stall                                  0 / 0                 0 / 0                 0 / 0                 0 / 0           ops/s
[210.185s][info][gc,stats    ]    Critical: Allocation Stall                              0.000 / 0.000         0.000 / 0.000         0.000 / 0.000         0.000 / 0.000       ms
[210.185s][info][gc,stats    ]    Critical: GC Locker Stall                                   0 / 0                 0 / 0                 0 / 0                 0 / 0           ops/s
[210.185s][info][gc,stats    ]    Critical: GC Locker Stall                               0.000 / 0.000         0.000 / 0.000         0.000 / 0.000         0.000 / 0.000       ms
[210.185s][info][gc,stats    ]    Critical: Relocation Stall                                  0 / 0                 0 / 0                 0 / 0                 0 / 0           ops/s
[210.185s][info][gc,stats    ]    Critical: Relocation Stall                              0.000 / 0.000         0.000 / 0.000         0.000 / 0.000         0.000 / 0.000       ms
[210.185s][info][gc,stats    ]      Memory: Allocation Rate                                4373 / 4576           4296 / 4598           4296 / 4598           4296 / 4598        MB/s
[210.185s][info][gc,stats    ]      Memory: Defragment                                        0 / 0                 0 / 0                 0 / 0                 0 / 0           ops/s
[210.185s][info][gc,stats    ]      Memory: Out Of Memory                                     0 / 0                 0 / 0                 0 / 0                 0 / 0           ops/s
[210.185s][info][gc,stats    ]      Memory: Page Cache Flush                                  0 / 0                 0 / 0                 0 / 0                 0 / 0           MB/s
[210.185s][info][gc,stats    ]      Memory: Page Cache Hit L1                              1897 / 1974           1851 / 2002           1851 / 2002           1851 / 2002        ops/s
[210.185s][info][gc,stats    ]      Memory: Page Cache Hit L2                                 0 / 0                 0 / 0                 0 / 0                 0 / 0           ops/s
[210.185s][info][gc,stats    ]      Memory: Page Cache Hit L3                                 0 / 0                 8 / 437               8 / 437               8 / 437         ops/s
[210.185s][info][gc,stats    ]      Memory: Page Cache Miss                                   0 / 0                 0 / 1                 0 / 1                 0 / 1           ops/s
[210.185s][info][gc,stats    ]      Memory: Uncommit                                          0 / 0                 0 / 0                 0 / 0                 0 / 0           MB/s
[210.185s][info][gc,stats    ]      Memory: Undo Object Allocation Failed                     0 / 0                 0 / 1                 0 / 1                 0 / 1           ops/s
[210.185s][info][gc,stats    ]      Memory: Undo Object Allocation Succeeded                  0 / 3                17 / 1067             17 / 1067             17 / 1067        ops/s
[210.185s][info][gc,stats    ]      Memory: Undo Page Allocation                              1 / 4                 2 / 7                 2 / 7                 2 / 7           ops/s
[210.185s][info][gc,stats    ]       Phase: Concurrent Mark                             143.979 / 226.571     150.700 / 251.310     150.700 / 251.310     150.700 / 251.310     ms
[210.185s][info][gc,stats    ]       Phase: Concurrent Mark Continue                      0.000 / 0.000         0.000 / 0.000         0.000 / 0.000         0.000 / 0.000       ms
[210.185s][info][gc,stats    ]       Phase: Concurrent Mark Free                          0.002 / 0.004         0.002 / 0.005         0.002 / 0.005         0.002 / 0.005       ms
[210.185s][info][gc,stats    ]       Phase: Concurrent Process Non-Strong References      6.091 / 15.409        5.214 / 24.469        5.214 / 24.469        5.214 / 24.469      ms
[210.185s][info][gc,stats    ]       Phase: Concurrent Relocate                           1.159 / 3.539         1.871 / 57.532        1.871 / 57.532        1.871 / 57.532      ms
[210.185s][info][gc,stats    ]       Phase: Concurrent Reset Relocation Set               0.004 / 0.010         0.004 / 0.026         0.004 / 0.026         0.004 / 0.026       ms
[210.185s][info][gc,stats    ]       Phase: Concurrent Select Relocation Set              3.050 / 4.422         3.006 / 13.885        3.006 / 13.885        3.006 / 13.885      ms
[210.185s][info][gc,stats    ]       Phase: Pause Mark End                                0.021 / 0.026         0.018 / 0.047         0.018 / 0.047         0.018 / 0.047       ms
[210.185s][info][gc,stats    ]       Phase: Pause Mark Start                              0.011 / 0.024         0.010 / 0.027         0.010 / 0.027         0.010 / 0.027       ms
[210.185s][info][gc,stats    ]       Phase: Pause Relocate Start                          0.010 / 0.015         0.012 / 0.077         0.012 / 0.077         0.012 / 0.077       ms
[210.185s][info][gc,stats    ]    Subphase: Concurrent Classes Purge                      0.014 / 0.024         0.016 / 0.208         0.016 / 0.208         0.016 / 0.208       ms
[210.185s][info][gc,stats    ]    Subphase: Concurrent Classes Unlink                     3.013 / 3.968         2.746 / 3.968         2.746 / 3.968         2.746 / 3.968       ms
[210.185s][info][gc,stats    ]    Subphase: Concurrent Mark                             127.809 / 225.662     135.912 / 250.559     135.912 / 250.559     135.912 / 250.559     ms
[210.185s][info][gc,stats    ]    Subphase: Concurrent Mark Try Flush                     0.861 / 5.707         0.753 / 17.896        0.753 / 17.896        0.753 / 17.896      ms
[210.185s][info][gc,stats    ]    Subphase: Concurrent Mark Try Terminate                 1.350 / 16.746        1.184 / 17.378        1.184 / 17.378        1.184 / 17.378      ms
[210.185s][info][gc,stats    ]    Subphase: Concurrent References Enqueue                 0.001 / 0.001         0.001 / 0.015         0.001 / 0.015         0.001 / 0.015       ms
[210.185s][info][gc,stats    ]    Subphase: Concurrent References Process                 0.090 / 0.155         0.085 / 0.535         0.085 / 0.535         0.085 / 0.535       ms
[210.185s][info][gc,stats    ]    Subphase: Concurrent Roots ClassLoaderDataGraph         0.063 / 0.117         0.070 / 0.272         0.070 / 0.272         0.070 / 0.272       ms
[210.185s][info][gc,stats    ]    Subphase: Concurrent Roots CodeCache                    0.000 / 0.000         0.000 / 0.000         0.000 / 0.000         0.000 / 0.000       ms
[210.185s][info][gc,stats    ]    Subphase: Concurrent Roots JavaThreads                  0.532 / 1.076         0.615 / 7.312         0.615 / 7.312         0.615 / 7.312       ms
[210.185s][info][gc,stats    ]    Subphase: Concurrent Roots OopStorageSet                0.024 / 0.046         0.028 / 0.099         0.028 / 0.099         0.028 / 0.099       ms
[210.185s][info][gc,stats    ]    Subphase: Concurrent Weak Roots OopStorageSet           0.179 / 0.249         0.189 / 0.369         0.189 / 0.369         0.189 / 0.369       ms
[210.185s][info][gc,stats    ]    Subphase: Pause Mark Try Complete                       0.000 / 0.000         0.000 / 0.000         0.000 / 0.000         0.000 / 0.000       ms
[210.185s][info][gc,stats    ]      System: Java Threads                                     25 / 25               23 / 25               23 / 25               23 / 25          threads
[210.185s][info][gc,stats    ] =========================================================================================================================================================
[210.214s][info][gc,phases   ] GC(387) Concurrent Mark 139.413ms
[210.214s][info][gc,phases   ] GC(387) Pause Mark End 0.013ms
[210.214s][info][gc,phases   ] GC(387) Concurrent Mark Free 0.001ms
[210.232s][info][gc,phases   ] GC(387) Concurrent Process Non-Strong References 17.735ms
[210.232s][info][gc,phases   ] GC(387) Concurrent Reset Relocation Set 0.002ms
[210.234s][info][gc,phases   ] GC(387) Concurrent Select Relocation Set 2.020ms
[210.234s][info][gc,phases   ] GC(387) Pause Relocate Start 0.011ms
[210.234s][info][gc,phases   ] GC(387) Concurrent Relocate 0.234ms
[210.234s][info][gc,load     ] GC(387) Load: 0.00/0.00/0.00
[210.234s][info][gc,mmu      ] GC(387) MMU: 2ms/96.2%, 5ms/98.5%, 10ms/99.0%, 20ms/99.5%, 50ms/99.8%, 100ms/99.9%
[210.234s][info][gc,marking  ] GC(387) Mark: 1 stripe(s), 2 proactive flush(es), 1 terminate flush(es), 0 completion(s), 0 continuation(s) 
[210.234s][info][gc,marking  ] GC(387) Mark Stack Usage: 32M
[210.234s][info][gc,nmethod  ] GC(387) NMethods: 1453 registered, 9 unregistered
[210.234s][info][gc,metaspace] GC(387) Metaspace: 11M used, 11M committed, 1088M reserved
[210.234s][info][gc,ref      ] GC(387) Soft: 197 encountered, 0 discovered, 0 enqueued
[210.235s][info][gc,ref      ] GC(387) Weak: 695 encountered, 187 discovered, 0 enqueued
[210.235s][info][gc,ref      ] GC(387) Final: 0 encountered, 0 discovered, 0 enqueued
[210.235s][info][gc,ref      ] GC(387) Phantom: 36 encountered, 21 discovered, 0 enqueued
[210.235s][info][gc,reloc    ] GC(387) Small Pages: 1211 / 2422M, Empty: 2286M, Relocated: 1M, In-Place: 0
[210.235s][info][gc,reloc    ] GC(387) Medium Pages: 12 / 384M, Empty: 384M, Relocated: 0M, In-Place: 0
[210.235s][info][gc,reloc    ] GC(387) Large Pages: 1 / 6M, Empty: 0M, Relocated: 0M, In-Place: 0
[210.235s][info][gc,reloc    ] GC(387) Forwarding Usage: 0M
[210.235s][info][gc,heap     ] GC(387) Min Capacity: 4096M(100%)
[210.235s][info][gc,heap     ] GC(387) Max Capacity: 4096M(100%)
[210.235s][info][gc,heap     ] GC(387) Soft Max Capacity: 4096M(100%)
[210.235s][info][gc,heap     ] GC(387)                Mark Start          Mark End        Relocate Start      Relocate End           High               Low         
[210.235s][info][gc,heap     ] GC(387)  Capacity:     4096M (100%)       4096M (100%)       4096M (100%)       4096M (100%)       4096M (100%)       4096M (100%)   
[210.235s][info][gc,heap     ] GC(387)      Free:     1284M (31%)         698M (17%)        3286M (80%)        3328M (81%)        3328M (81%)         616M (15%)    
[210.235s][info][gc,heap     ] GC(387)      Used:     2812M (69%)        3398M (83%)         810M (20%)         768M (19%)        3480M (85%)         768M (19%)    
[210.235s][info][gc,heap     ] GC(387)      Live:         -                96M (2%)           96M (2%)           96M (2%)             -                  -          
[210.235s][info][gc,heap     ] GC(387) Allocated:         -               586M (14%)         668M (16%)         667M (16%)            -                  -          
[210.235s][info][gc,heap     ] GC(387)   Garbage:         -              2715M (66%)          45M (1%)            3M (0%)             -                  -          
[210.235s][info][gc,heap     ] GC(387) Reclaimed:         -                  -              2670M (65%)        2711M (66%)            -                  -          
[210.235s][info][gc          ] GC(387) Garbage Collection (Allocation Rate) 2812M(69%)->768M(19%)
[210.687s][info][gc,start    ] GC(388) Garbage Collection (Allocation Rate)
[210.687s][info][gc,task     ] GC(388) Using 1 workers
[210.687s][info][gc,phases   ] GC(388) Pause Mark Start 0.013ms
[210.906s][info][gc,phases   ] GC(388) Concurrent Mark 218.607ms
[210.906s][info][gc,phases   ] GC(388) Pause Mark End 0.013ms
[210.906s][info][gc,phases   ] GC(388) Concurrent Mark Free 0.001ms
[210.915s][info][gc,phases   ] GC(388) Concurrent Process Non-Strong References 8.842ms
[210.915s][info][gc,phases   ] GC(388) Concurrent Reset Relocation Set 0.006ms
[210.919s][info][gc,phases   ] GC(388) Concurrent Select Relocation Set 4.160ms
[210.919s][info][gc,phases   ] GC(388) Pause Relocate Start 0.011ms
[210.920s][info][gc,phases   ] GC(388) Concurrent Relocate 0.650ms
[210.920s][info][gc,load     ] GC(388) Load: 0.00/0.00/0.00
[210.920s][info][gc,mmu      ] GC(388) MMU: 2ms/96.2%, 5ms/98.5%, 10ms/99.0%, 20ms/99.5%, 50ms/99.8%, 100ms/99.9%
[210.920s][info][gc,marking  ] GC(388) Mark: 1 stripe(s), 2 proactive flush(es), 1 terminate flush(es), 0 completion(s), 0 continuation(s) 
[210.920s][info][gc,marking  ] GC(388) Mark Stack Usage: 32M
[210.920s][info][gc,nmethod  ] GC(388) NMethods: 1453 registered, 9 unregistered
[210.920s][info][gc,metaspace] GC(388) Metaspace: 11M used, 11M committed, 1088M reserved
[210.920s][info][gc,ref      ] GC(388) Soft: 197 encountered, 0 discovered, 0 enqueued
[210.920s][info][gc,ref      ] GC(388) Weak: 695 encountered, 187 discovered, 0 enqueued
[210.920s][info][gc,ref      ] GC(388) Final: 0 encountered, 0 discovered, 0 enqueued
[210.920s][info][gc,ref      ] GC(388) Phantom: 36 encountered, 21 discovered, 0 enqueued
[210.920s][info][gc,reloc    ] GC(388) Small Pages: 1237 / 2474M, Empty: 2368M, Relocated: 0M, In-Place: 0
[210.920s][info][gc,reloc    ] GC(388) Medium Pages: 12 / 384M, Empty: 352M, Relocated: 0M, In-Place: 0
[210.920s][info][gc,reloc    ] GC(388) Large Pages: 1 / 6M, Empty: 0M, Relocated: 0M, In-Place: 0
[210.920s][info][gc,reloc    ] GC(388) Forwarding Usage: 0M
[210.920s][info][gc,heap     ] GC(388) Min Capacity: 4096M(100%)
[210.920s][info][gc,heap     ] GC(388) Max Capacity: 4096M(100%)
[210.920s][info][gc,heap     ] GC(388) Soft Max Capacity: 4096M(100%)
[210.920s][info][gc,heap     ] GC(388)                Mark Start          Mark End        Relocate Start      Relocate End           High               Low         
[210.920s][info][gc,heap     ] GC(388)  Capacity:     4096M (100%)       4096M (100%)       4096M (100%)       4096M (100%)       4096M (100%)       4096M (100%)   
[210.920s][info][gc,heap     ] GC(388)      Free:     1232M (30%)         354M (9%)         2998M (73%)        3010M (73%)        3010M (73%)         302M (7%)     
[210.920s][info][gc,heap     ] GC(388)      Used:     2864M (70%)        3742M (91%)        1098M (27%)        1086M (27%)        3794M (93%)        1086M (27%)    
[210.920s][info][gc,heap     ] GC(388)      Live:         -                99M (2%)           99M (2%)           99M (2%)             -                  -          
[210.920s][info][gc,heap     ] GC(388) Allocated:         -               878M (21%)         954M (23%)         955M (23%)            -                  -          
[210.920s][info][gc,heap     ] GC(388)   Garbage:         -              2764M (67%)          44M (1%)           30M (1%)             -                  -          
[210.920s][info][gc,heap     ] GC(388) Reclaimed:         -                  -              2720M (66%)        2733M (67%)            -                  -          
[210.920s][info][gc          ] GC(388) Garbage Collection (Allocation Rate) 2864M(70%)->1086M(27%)
[211.174s][info][gc,start    ] GC(389) Garbage Collection (Allocation Rate)
[211.174s][info][gc,task     ] GC(389) Using 1 workers
[211.174s][info][gc,phases   ] GC(389) Pause Mark Start 0.010ms
[211.322s][info][gc,phases   ] GC(389) Concurrent Mark 148.006ms
[211.322s][info][gc,phases   ] GC(389) Pause Mark End 0.020ms
[211.322s][info][gc,phases   ] GC(389) Concurrent Mark Free 0.002ms
[211.326s][info][gc,phases   ] GC(389) Concurrent Process Non-Strong References 3.743ms
[211.326s][info][gc,phases   ] GC(389) Concurrent Reset Relocation Set 0.003ms
[211.329s][info][gc,phases   ] GC(389) Concurrent Select Relocation Set 2.722ms
[211.329s][info][gc,phases   ] GC(389) Pause Relocate Start 0.008ms
[211.330s][info][gc,phases   ] GC(389) Concurrent Relocate 1.051ms
[211.330s][info][gc,load     ] GC(389) Load: 0.00/0.00/0.00
[211.330s][info][gc,mmu      ] GC(389) MMU: 2ms/96.2%, 5ms/98.5%, 10ms/99.0%, 20ms/99.5%, 50ms/99.8%, 100ms/99.9%
[211.330s][info][gc,marking  ] GC(389) Mark: 1 stripe(s), 2 proactive flush(es), 1 terminate flush(es), 0 completion(s), 0 continuation(s) 
[211.330s][info][gc,marking  ] GC(389) Mark Stack Usage: 32M
[211.330s][info][gc,nmethod  ] GC(389) NMethods: 1453 registered, 9 unregistered
[211.330s][info][gc,metaspace] GC(389) Metaspace: 11M used, 11M committed, 1088M reserved
[211.330s][info][gc,ref      ] GC(389) Soft: 197 encountered, 0 discovered, 0 enqueued
[211.330s][info][gc,ref      ] GC(389) Weak: 695 encountered, 554 discovered, 0 enqueued
[211.330s][info][gc,ref      ] GC(389) Final: 0 encountered, 0 discovered, 0 enqueued
[211.330s][info][gc,ref      ] GC(389) Phantom: 36 encountered, 17 discovered, 0 enqueued
[211.330s][info][gc,reloc    ] GC(389) Small Pages: 953 / 1906M, Empty: 1776M, Relocated: 2M, In-Place: 0
[211.330s][info][gc,reloc    ] GC(389) Medium Pages: 10 / 320M, Empty: 288M, Relocated: 0M, In-Place: 0
[211.330s][info][gc,reloc    ] GC(389) Large Pages: 1 / 6M, Empty: 0M, Relocated: 0M, In-Place: 0
[211.330s][info][gc,reloc    ] GC(389) Forwarding Usage: 0M
[211.330s][info][gc,heap     ] GC(389) Min Capacity: 4096M(100%)
[211.330s][info][gc,heap     ] GC(389) Max Capacity: 4096M(100%)
[211.330s][info][gc,heap     ] GC(389) Soft Max Capacity: 4096M(100%)
[211.330s][info][gc,heap     ] GC(389)                Mark Start          Mark End        Relocate Start      Relocate End           High               Low         
[211.330s][info][gc,heap     ] GC(389)  Capacity:     4096M (100%)       4096M (100%)       4096M (100%)       4096M (100%)       4096M (100%)       4096M (100%)   
[211.330s][info][gc,heap     ] GC(389)      Free:     1864M (46%)        1272M (31%)        3328M (81%)        3364M (82%)        3364M (82%)        1264M (31%)    
[211.330s][info][gc,heap     ] GC(389)      Used:     2232M (54%)        2824M (69%)         768M (19%)         732M (18%)        2832M (69%)         732M (18%)    
[211.330s][info][gc,heap     ] GC(389)      Live:         -                99M (2%)           99M (2%)           99M (2%)             -                  -          
[211.330s][info][gc,heap     ] GC(389) Allocated:         -               592M (14%)         600M (15%)         599M (15%)            -                  -          
[211.330s][info][gc,heap     ] GC(389)   Garbage:         -              2132M (52%)          68M (2%)           32M (1%)             -                  -          
[211.330s][info][gc,heap     ] GC(389) Reclaimed:         -                  -              2064M (50%)        2099M (51%)            -                  -          
[211.330s][info][gc          ] GC(389) Garbage Collection (Allocation Rate) 2232M(54%)->732M(18%)
[211.676s][info][gc,start    ] GC(390) Garbage Collection (Allocation Rate)
[211.676s][info][gc,task     ] GC(390) Using 1 workers
[211.677s][info][gc,phases   ] GC(390) Pause Mark Start 0.010ms
[211.846s][info][gc,phases   ] GC(390) Concurrent Mark 169.448ms
[211.846s][info][gc,phases   ] GC(390) Pause Mark End 0.015ms
[211.846s][info][gc,phases   ] GC(390) Concurrent Mark Free 0.002ms
[211.850s][info][gc,phases   ] GC(390) Concurrent Process Non-Strong References 4.123ms
[211.850s][info][gc,phases   ] GC(390) Concurrent Reset Relocation Set 0.004ms
[211.853s][info][gc,phases   ] GC(390) Concurrent Select Relocation Set 2.530ms
[211.853s][info][gc,phases   ] GC(390) Pause Relocate Start 0.010ms
[211.855s][info][gc,phases   ] GC(390) Concurrent Relocate 1.307ms
[211.855s][info][gc,load     ] GC(390) Load: 0.00/0.00/0.00
[211.855s][info][gc,mmu      ] GC(390) MMU: 2ms/96.2%, 5ms/98.5%, 10ms/99.0%, 20ms/99.5%, 50ms/99.8%, 100ms/99.9%
[211.855s][info][gc,marking  ] GC(390) Mark: 1 stripe(s), 2 proactive flush(es), 1 terminate flush(es), 0 completion(s), 0 continuation(s) 
[211.855s][info][gc,marking  ] GC(390) Mark Stack Usage: 32M
[211.855s][info][gc,nmethod  ] GC(390) NMethods: 1453 registered, 9 unregistered
[211.855s][info][gc,metaspace] GC(390) Metaspace: 11M used, 11M committed, 1088M reserved
[211.855s][info][gc,ref      ] GC(390) Soft: 197 encountered, 0 discovered, 0 enqueued
[211.855s][info][gc,ref      ] GC(390) Weak: 695 encountered, 187 discovered, 0 enqueued
[211.855s][info][gc,ref      ] GC(390) Final: 0 encountered, 0 discovered, 0 enqueued
[211.855s][info][gc,ref      ] GC(390) Phantom: 36 encountered, 21 discovered, 0 enqueued
[211.855s][info][gc,reloc    ] GC(390) Small Pages: 975 / 1950M, Empty: 1812M, Relocated: 2M, In-Place: 0
[211.855s][info][gc,reloc    ] GC(390) Medium Pages: 11 / 352M, Empty: 352M, Relocated: 0M, In-Place: 0
[211.855s][info][gc,reloc    ] GC(390) Large Pages: 1 / 6M, Empty: 0M, Relocated: 0M, In-Place: 0
[211.855s][info][gc,reloc    ] GC(390) Forwarding Usage: 0M
[211.855s][info][gc,heap     ] GC(390) Min Capacity: 4096M(100%)
[211.855s][info][gc,heap     ] GC(390) Max Capacity: 4096M(100%)
[211.855s][info][gc,heap     ] GC(390) Soft Max Capacity: 4096M(100%)
[211.855s][info][gc,heap     ] GC(390)                Mark Start          Mark End        Relocate Start      Relocate End           High               Low         
[211.855s][info][gc,heap     ] GC(390)  Capacity:     4096M (100%)       4096M (100%)       4096M (100%)       4096M (100%)       4096M (100%)       4096M (100%)   
[211.855s][info][gc,heap     ] GC(390)      Free:     1788M (44%)        1080M (26%)        3192M (78%)        3236M (79%)        3236M (79%)        1028M (25%)    
[211.855s][info][gc,heap     ] GC(390)      Used:     2308M (56%)        3016M (74%)         904M (22%)         860M (21%)        3068M (75%)         860M (21%)    
[211.855s][info][gc,heap     ] GC(390)      Live:         -                98M (2%)           98M (2%)           98M (2%)             -                  -          
[211.855s][info][gc,heap     ] GC(390) Allocated:         -               708M (17%)         760M (19%)         759M (19%)            -                  -          
[211.855s][info][gc,heap     ] GC(390)   Garbage:         -              2209M (54%)          45M (1%)            1M (0%)             -                  -          
[211.855s][info][gc,heap     ] GC(390) Reclaimed:         -                  -              2164M (53%)        2207M (54%)            -                  -          
[211.855s][info][gc          ] GC(390) Garbage Collection (Allocation Rate) 2308M(56%)->860M(21%)
[212.073s][info][gc,start    ] GC(391) Garbage Collection (System.gc())
[212.073s][info][gc,task     ] GC(391) Using 2 workers
[212.073s][info][gc,phases   ] GC(391) Pause Mark Start 0.007ms
[212.132s][info][gc,phases   ] GC(391) Concurrent Mark 58.805ms
[212.132s][info][gc,phases   ] GC(391) Pause Mark End 0.028ms
[212.132s][info][gc,phases   ] GC(391) Concurrent Mark Free 0.002ms
[212.134s][info][gc,phases   ] GC(391) Concurrent Process Non-Strong References 1.952ms
[212.134s][info][gc,phases   ] GC(391) Concurrent Reset Relocation Set 0.002ms
[212.135s][info][gc,phases   ] GC(391) Concurrent Select Relocation Set 1.360ms
[212.136s][info][gc,phases   ] GC(391) Pause Relocate Start 0.006ms
[212.136s][info][gc,phases   ] GC(391) Concurrent Relocate 0.260ms
[212.136s][info][gc,load     ] GC(391) Load: 0.00/0.00/0.00
[212.136s][info][gc,mmu      ] GC(391) MMU: 2ms/96.2%, 5ms/98.5%, 10ms/99.0%, 20ms/99.5%, 50ms/99.8%, 100ms/99.9%
[212.136s][info][gc,marking  ] GC(391) Mark: 2 stripe(s), 1 proactive flush(es), 1 terminate flush(es), 0 completion(s), 0 continuation(s) 
[212.136s][info][gc,marking  ] GC(391) Mark Stack Usage: 32M
[212.136s][info][gc,nmethod  ] GC(391) NMethods: 1454 registered, 9 unregistered
[212.136s][info][gc,metaspace] GC(391) Metaspace: 11M used, 11M committed, 1088M reserved
[212.136s][info][gc,ref      ] GC(391) Soft: 197 encountered, 0 discovered, 0 enqueued
[212.136s][info][gc,ref      ] GC(391) Weak: 695 encountered, 95 discovered, 0 enqueued
[212.136s][info][gc,ref      ] GC(391) Final: 0 encountered, 0 discovered, 0 enqueued
[212.136s][info][gc,ref      ] GC(391) Phantom: 36 encountered, 15 discovered, 0 enqueued
[212.136s][info][gc,reloc    ] GC(391) Small Pages: 775 / 1550M, Empty: 1448M, Relocated: 0M, In-Place: 0
[212.136s][info][gc,reloc    ] GC(391) Medium Pages: 8 / 256M, Empty: 256M, Relocated: 0M, In-Place: 0
[212.136s][info][gc,reloc    ] GC(391) Large Pages: 1 / 6M, Empty: 0M, Relocated: 0M, In-Place: 0
[212.136s][info][gc,reloc    ] GC(391) Forwarding Usage: 0M
[212.136s][info][gc,heap     ] GC(391) Min Capacity: 4096M(100%)
[212.136s][info][gc,heap     ] GC(391) Max Capacity: 4096M(100%)
[212.136s][info][gc,heap     ] GC(391) Soft Max Capacity: 4096M(100%)
[212.136s][info][gc,heap     ] GC(391)                Mark Start          Mark End        Relocate Start      Relocate End           High               Low         
[212.136s][info][gc,heap     ] GC(391)  Capacity:     4096M (100%)       4096M (100%)       4096M (100%)       4096M (100%)       4096M (100%)       4096M (100%)   
[212.136s][info][gc,heap     ] GC(391)      Free:     2284M (56%)        2284M (56%)        3988M (97%)        3996M (98%)        3996M (98%)        2284M (56%)    
[212.136s][info][gc,heap     ] GC(391)      Used:     1812M (44%)        1812M (44%)         108M (3%)          100M (2%)         1812M (44%)         100M (2%)     
[212.136s][info][gc,heap     ] GC(391)      Live:         -                95M (2%)           95M (2%)           95M (2%)             -                  -          
[212.136s][info][gc,heap     ] GC(391) Allocated:         -                 0M (0%)            0M (0%)            0M (0%)             -                  -          
[212.136s][info][gc,heap     ] GC(391)   Garbage:         -              1716M (42%)          12M (0%)            4M (0%)             -                  -          
[212.136s][info][gc,heap     ] GC(391) Reclaimed:         -                  -              1704M (42%)        1712M (42%)            -                  -          
[212.136s][info][gc          ] GC(391) Garbage Collection (System.gc()) 1812M(44%)->100M(2%)
[212.681s][info][gc,start    ] GC(392) Garbage Collection (Allocation Rate)
[212.681s][info][gc,task     ] GC(392) Using 1 workers
[212.682s][info][gc,phases   ] GC(392) Pause Mark Start 0.008ms
[212.831s][info][gc,phases   ] GC(392) Concurrent Mark 149.066ms
[212.831s][info][gc,phases   ] GC(392) Pause Mark End 0.014ms
[212.831s][info][gc,phases   ] GC(392) Concurrent Mark Free 0.002ms
[212.835s][info][gc,phases   ] GC(392) Concurrent Process Non-Strong References 3.695ms
[212.835s][info][gc,phases   ] GC(392) Concurrent Reset Relocation Set 0.002ms
[212.837s][info][gc,phases   ] GC(392) Concurrent Select Relocation Set 2.686ms
[212.838s][info][gc,phases   ] GC(392) Pause Relocate Start 0.009ms
[212.839s][info][gc,phases   ] GC(392) Concurrent Relocate 1.169ms
[212.839s][info][gc,load     ] GC(392) Load: 0.00/0.00/0.00
[212.839s][info][gc,mmu      ] GC(392) MMU: 2ms/96.2%, 5ms/98.5%, 10ms/99.0%, 20ms/99.5%, 50ms/99.8%, 100ms/99.9%
[212.839s][info][gc,marking  ] GC(392) Mark: 1 stripe(s), 2 proactive flush(es), 1 terminate flush(es), 0 completion(s), 0 continuation(s) 
[212.839s][info][gc,marking  ] GC(392) Mark Stack Usage: 32M
[212.839s][info][gc,nmethod  ] GC(392) NMethods: 1454 registered, 9 unregistered
[212.839s][info][gc,metaspace] GC(392) Metaspace: 11M used, 11M committed, 1088M reserved
[212.839s][info][gc,ref      ] GC(392) Soft: 197 encountered, 0 discovered, 0 enqueued
[212.839s][info][gc,ref      ] GC(392) Weak: 695 encountered, 187 discovered, 0 enqueued
[212.839s][info][gc,ref      ] GC(392) Final: 0 encountered, 0 discovered, 0 enqueued
[212.839s][info][gc,ref      ] GC(392) Phantom: 36 encountered, 21 discovered, 0 enqueued
[212.839s][info][gc,reloc    ] GC(392) Small Pages: 1127 / 2254M, Empty: 2128M, Relocated: 1M, In-Place: 0
[212.839s][info][gc,reloc    ] GC(392) Medium Pages: 11 / 352M, Empty: 352M, Relocated: 0M, In-Place: 0
[212.839s][info][gc,reloc    ] GC(392) Large Pages: 1 / 6M, Empty: 0M, Relocated: 0M, In-Place: 0
[212.839s][info][gc,reloc    ] GC(392) Forwarding Usage: 0M
[212.839s][info][gc,heap     ] GC(392) Min Capacity: 4096M(100%)
[212.839s][info][gc,heap     ] GC(392) Max Capacity: 4096M(100%)
[212.839s][info][gc,heap     ] GC(392) Soft Max Capacity: 4096M(100%)
[212.839s][info][gc,heap     ] GC(392)                Mark Start          Mark End        Relocate Start      Relocate End           High               Low         
[212.839s][info][gc,heap     ] GC(392)  Capacity:     4096M (100%)       4096M (100%)       4096M (100%)       4096M (100%)       4096M (100%)       4096M (100%)   
[212.839s][info][gc,heap     ] GC(392)      Free:     1484M (36%)         832M (20%)        3292M (80%)        3326M (81%)        3326M (81%)         814M (20%)    
[212.839s][info][gc,heap     ] GC(392)      Used:     2612M (64%)        3264M (80%)         804M (20%)         770M (19%)        3282M (80%)         770M (19%)    
[212.839s][info][gc,heap     ] GC(392)      Live:         -                96M (2%)           96M (2%)           96M (2%)             -                  -          
[212.839s][info][gc,heap     ] GC(392) Allocated:         -               652M (16%)         672M (16%)         671M (16%)            -                  -          
[212.839s][info][gc,heap     ] GC(392)   Garbage:         -              2515M (61%)          35M (1%)            1M (0%)             -                  -          
[212.839s][info][gc,heap     ] GC(392) Reclaimed:         -                  -              2480M (61%)        2513M (61%)            -                  -          
[212.839s][info][gc          ] GC(392) Garbage Collection (Allocation Rate) 2612M(64%)->770M(19%)
[213.278s][info][gc,start    ] GC(393) Garbage Collection (Allocation Rate)
[213.278s][info][gc,task     ] GC(393) Using 1 workers
[213.278s][info][gc,phases   ] GC(393) Pause Mark Start 0.009ms
[213.505s][info][gc,phases   ] GC(393) Concurrent Mark 227.173ms
[213.505s][info][gc,phases   ] GC(393) Pause Mark End 0.018ms
[213.506s][info][gc,phases   ] GC(393) Concurrent Mark Free 0.001ms
[213.509s][info][gc,phases   ] GC(393) Concurrent Process Non-Strong References 3.654ms
[213.509s][info][gc,phases   ] GC(393) Concurrent Reset Relocation Set 0.005ms
[213.512s][info][gc,phases   ] GC(393) Concurrent Select Relocation Set 3.036ms
[213.512s][info][gc,phases   ] GC(393) Pause Relocate Start 0.011ms
[213.513s][info][gc,phases   ] GC(393) Concurrent Relocate 0.444ms
[213.513s][info][gc,load     ] GC(393) Load: 0.00/0.00/0.00
[213.513s][info][gc,mmu      ] GC(393) MMU: 2ms/96.2%, 5ms/98.5%, 10ms/99.0%, 20ms/99.5%, 50ms/99.8%, 100ms/99.9%
[213.513s][info][gc,marking  ] GC(393) Mark: 1 stripe(s), 2 proactive flush(es), 1 terminate flush(es), 0 completion(s), 0 continuation(s) 
[213.513s][info][gc,marking  ] GC(393) Mark Stack Usage: 32M
[213.513s][info][gc,nmethod  ] GC(393) NMethods: 1454 registered, 9 unregistered
[213.513s][info][gc,metaspace] GC(393) Metaspace: 11M used, 11M committed, 1088M reserved
[213.513s][info][gc,ref      ] GC(393) Soft: 197 encountered, 0 discovered, 0 enqueued
[213.513s][info][gc,ref      ] GC(393) Weak: 695 encountered, 187 discovered, 0 enqueued
[213.513s][info][gc,ref      ] GC(393) Final: 0 encountered, 0 discovered, 0 enqueued
[213.513s][info][gc,ref      ] GC(393) Phantom: 36 encountered, 21 discovered, 0 enqueued
[213.513s][info][gc,reloc    ] GC(393) Small Pages: 1200 / 2400M, Empty: 2278M, Relocated: 0M, In-Place: 0
[213.513s][info][gc,reloc    ] GC(393) Medium Pages: 12 / 384M, Empty: 352M, Relocated: 0M, In-Place: 0
[213.513s][info][gc,reloc    ] GC(393) Large Pages: 1 / 6M, Empty: 0M, Relocated: 0M, In-Place: 0
[213.513s][info][gc,reloc    ] GC(393) Forwarding Usage: 0M
[213.513s][info][gc,heap     ] GC(393) Min Capacity: 4096M(100%)
[213.513s][info][gc,heap     ] GC(393) Max Capacity: 4096M(100%)
[213.513s][info][gc,heap     ] GC(393) Soft Max Capacity: 4096M(100%)
[213.513s][info][gc,heap     ] GC(393)                Mark Start          Mark End        Relocate Start      Relocate End           High               Low         
[213.513s][info][gc,heap     ] GC(393)  Capacity:     4096M (100%)       4096M (100%)       4096M (100%)       4096M (100%)       4096M (100%)       4096M (100%)   
[213.513s][info][gc,heap     ] GC(393)      Free:     1306M (32%)         448M (11%)        3060M (75%)        3090M (75%)        3090M (75%)         430M (10%)    
[213.513s][info][gc,heap     ] GC(393)      Used:     2790M (68%)        3648M (89%)        1036M (25%)        1006M (25%)        3666M (90%)        1006M (25%)    
[213.513s][info][gc,heap     ] GC(393)      Live:         -                99M (2%)           99M (2%)           99M (2%)             -                  -          
[213.513s][info][gc,heap     ] GC(393) Allocated:         -               858M (21%)         876M (21%)         875M (21%)            -                  -          
[213.513s][info][gc,heap     ] GC(393)   Garbage:         -              2690M (66%)          60M (1%)           30M (1%)             -                  -          
[213.513s][info][gc,heap     ] GC(393) Reclaimed:         -                  -              2630M (64%)        2659M (65%)            -                  -          
[213.513s][info][gc          ] GC(393) Garbage Collection (Allocation Rate) 2790M(68%)->1006M(25%)
[213.781s][info][gc,start    ] GC(394) Garbage Collection (Allocation Rate)
[213.781s][info][gc,task     ] GC(394) Using 1 workers
[213.781s][info][gc,phases   ] GC(394) Pause Mark Start 0.009ms
[214.007s][info][gc,phases   ] GC(394) Concurrent Mark 225.846ms
[214.007s][info][gc,phases   ] GC(394) Pause Mark End 0.023ms
[214.007s][info][gc,phases   ] GC(394) Concurrent Mark Free 0.003ms
[214.012s][info][gc,phases   ] GC(394) Concurrent Process Non-Strong References 4.530ms
[214.012s][info][gc,phases   ] GC(394) Concurrent Reset Relocation Set 0.004ms
[214.015s][info][gc,phases   ] GC(394) Concurrent Select Relocation Set 2.553ms
[214.015s][info][gc,phases   ] GC(394) Pause Relocate Start 0.011ms
[214.016s][info][gc,phases   ] GC(394) Concurrent Relocate 0.884ms
[214.016s][info][gc,load     ] GC(394) Load: 0.00/0.00/0.00
[214.016s][info][gc,mmu      ] GC(394) MMU: 2ms/96.2%, 5ms/98.5%, 10ms/99.0%, 20ms/99.5%, 50ms/99.8%, 100ms/99.9%
[214.016s][info][gc,marking  ] GC(394) Mark: 1 stripe(s), 2 proactive flush(es), 1 terminate flush(es), 0 completion(s), 0 continuation(s) 
[214.016s][info][gc,marking  ] GC(394) Mark Stack Usage: 32M
[214.016s][info][gc,nmethod  ] GC(394) NMethods: 1454 registered, 9 unregistered
[214.016s][info][gc,metaspace] GC(394) Metaspace: 11M used, 11M committed, 1088M reserved
[214.016s][info][gc,ref      ] GC(394) Soft: 197 encountered, 0 discovered, 0 enqueued
[214.016s][info][gc,ref      ] GC(394) Weak: 695 encountered, 187 discovered, 0 enqueued
[214.016s][info][gc,ref      ] GC(394) Final: 0 encountered, 0 discovered, 0 enqueued
[214.016s][info][gc,ref      ] GC(394) Phantom: 36 encountered, 21 discovered, 0 enqueued
[214.016s][info][gc,reloc    ] GC(394) Small Pages: 914 / 1828M, Empty: 1714M, Relocated: 0M, In-Place: 0
[214.016s][info][gc,reloc    ] GC(394) Medium Pages: 10 / 320M, Empty: 288M, Relocated: 0M, In-Place: 0
[214.016s][info][gc,reloc    ] GC(394) Large Pages: 1 / 6M, Empty: 0M, Relocated: 0M, In-Place: 0
[214.016s][info][gc,reloc    ] GC(394) Forwarding Usage: 0M
[214.016s][info][gc,heap     ] GC(394) Min Capacity: 4096M(100%)
[214.016s][info][gc,heap     ] GC(394) Max Capacity: 4096M(100%)
[214.016s][info][gc,heap     ] GC(394) Soft Max Capacity: 4096M(100%)
[214.016s][info][gc,heap     ] GC(394)                Mark Start          Mark End        Relocate Start      Relocate End           High               Low         
[214.016s][info][gc,heap     ] GC(394)  Capacity:     4096M (100%)       4096M (100%)       4096M (100%)       4096M (100%)       4096M (100%)       4096M (100%)   
[214.016s][info][gc,heap     ] GC(394)      Free:     1942M (47%)        1014M (25%)        2954M (72%)        2974M (73%)        2974M (73%)         984M (24%)    
[214.016s][info][gc,heap     ] GC(394)      Used:     2154M (53%)        3082M (75%)        1142M (28%)        1122M (27%)        3112M (76%)        1122M (27%)    
[214.016s][info][gc,heap     ] GC(394)      Live:         -                99M (2%)           99M (2%)           99M (2%)             -                  -          
[214.016s][info][gc,heap     ] GC(394) Allocated:         -               928M (23%)         990M (24%)         991M (24%)            -                  -          
[214.016s][info][gc,heap     ] GC(394)   Garbage:         -              2054M (50%)          52M (1%)           30M (1%)             -                  -          
[214.016s][info][gc,heap     ] GC(394) Reclaimed:         -                  -              2002M (49%)        2023M (49%)            -                  -          
[214.016s][info][gc          ] GC(394) Garbage Collection (Allocation Rate) 2154M(53%)->1122M(27%)
[214.283s][info][gc,start    ] GC(395) Garbage Collection (Allocation Rate)
[214.283s][info][gc,task     ] GC(395) Using 1 workers
[214.283s][info][gc,phases   ] GC(395) Pause Mark Start 0.014ms
[214.425s][info][gc,phases   ] GC(395) Concurrent Mark 141.614ms
[214.425s][info][gc,phases   ] GC(395) Pause Mark End 0.012ms
[214.425s][info][gc,phases   ] GC(395) Concurrent Mark Free 0.001ms
[214.431s][info][gc,phases   ] GC(395) Concurrent Process Non-Strong References 6.072ms
[214.431s][info][gc,phases   ] GC(395) Concurrent Reset Relocation Set 0.005ms
[214.435s][info][gc,phases   ] GC(395) Concurrent Select Relocation Set 4.025ms
[214.436s][info][gc,phases   ] GC(395) Pause Relocate Start 0.016ms
[214.437s][info][gc,phases   ] GC(395) Concurrent Relocate 1.507ms
[214.437s][info][gc,load     ] GC(395) Load: 0.00/0.00/0.00
[214.437s][info][gc,mmu      ] GC(395) MMU: 2ms/96.2%, 5ms/98.5%, 10ms/99.0%, 20ms/99.5%, 50ms/99.8%, 100ms/99.9%
[214.437s][info][gc,marking  ] GC(395) Mark: 1 stripe(s), 2 proactive flush(es), 1 terminate flush(es), 0 completion(s), 0 continuation(s) 
[214.437s][info][gc,marking  ] GC(395) Mark Stack Usage: 32M
[214.437s][info][gc,nmethod  ] GC(395) NMethods: 1454 registered, 9 unregistered
[214.437s][info][gc,metaspace] GC(395) Metaspace: 11M used, 11M committed, 1088M reserved
[214.437s][info][gc,ref      ] GC(395) Soft: 197 encountered, 0 discovered, 0 enqueued
[214.437s][info][gc,ref      ] GC(395) Weak: 695 encountered, 554 discovered, 0 enqueued
[214.437s][info][gc,ref      ] GC(395) Final: 0 encountered, 0 discovered, 0 enqueued
[214.437s][info][gc,ref      ] GC(395) Phantom: 36 encountered, 17 discovered, 0 enqueued
[214.437s][info][gc,reloc    ] GC(395) Small Pages: 970 / 1940M, Empty: 1814M, Relocated: 2M, In-Place: 0
[214.437s][info][gc,reloc    ] GC(395) Medium Pages: 11 / 352M, Empty: 352M, Relocated: 0M, In-Place: 0
[214.437s][info][gc,reloc    ] GC(395) Large Pages: 1 / 6M, Empty: 0M, Relocated: 0M, In-Place: 0
[214.437s][info][gc,reloc    ] GC(395) Forwarding Usage: 0M
[214.437s][info][gc,heap     ] GC(395) Min Capacity: 4096M(100%)
[214.437s][info][gc,heap     ] GC(395) Max Capacity: 4096M(100%)
[214.437s][info][gc,heap     ] GC(395) Soft Max Capacity: 4096M(100%)
[214.437s][info][gc,heap     ] GC(395)                Mark Start          Mark End        Relocate Start      Relocate End           High               Low         
[214.437s][info][gc,heap     ] GC(395)  Capacity:     4096M (100%)       4096M (100%)       4096M (100%)       4096M (100%)       4096M (100%)       4096M (100%)   
[214.437s][info][gc,heap     ] GC(395)      Free:     1798M (44%)        1226M (30%)        3332M (81%)        3354M (82%)        3360M (82%)        1190M (29%)    
[214.437s][info][gc,heap     ] GC(395)      Used:     2298M (56%)        2870M (70%)         764M (19%)         742M (18%)        2906M (71%)         736M (18%)    
[214.437s][info][gc,heap     ] GC(395)      Live:         -                97M (2%)           97M (2%)           97M (2%)             -                  -          
[214.437s][info][gc,heap     ] GC(395) Allocated:         -               572M (14%)         632M (15%)         641M (16%)            -                  -          
[214.437s][info][gc,heap     ] GC(395)   Garbage:         -              2200M (54%)          34M (1%)            2M (0%)             -                  -          
[214.437s][info][gc,heap     ] GC(395) Reclaimed:         -                  -              2166M (53%)        2197M (54%)            -                  -          
[214.437s][info][gc          ] GC(395) Garbage Collection (Allocation Rate) 2298M(56%)->742M(18%)
[214.785s][info][gc,start    ] GC(396) Garbage Collection (Allocation Rate)
[214.785s][info][gc,task     ] GC(396) Using 1 workers
[214.786s][info][gc,phases   ] GC(396) Pause Mark Start 0.006ms
[215.024s][info][gc,phases   ] GC(396) Concurrent Mark 238.637ms
[215.024s][info][gc,phases   ] GC(396) Pause Mark End 0.011ms
[215.024s][info][gc,phases   ] GC(396) Concurrent Mark Free 0.001ms
[215.030s][info][gc,phases   ] GC(396) Concurrent Process Non-Strong References 5.798ms
[215.030s][info][gc,phases   ] GC(396) Concurrent Reset Relocation Set 0.005ms
[215.035s][info][gc,phases   ] GC(396) Concurrent Select Relocation Set 4.184ms
[215.035s][info][gc,phases   ] GC(396) Pause Relocate Start 0.018ms
[215.036s][info][gc,phases   ] GC(396) Concurrent Relocate 0.739ms
[215.036s][info][gc,load     ] GC(396) Load: 0.00/0.00/0.00
[215.036s][info][gc,mmu      ] GC(396) MMU: 2ms/96.2%, 5ms/98.5%, 10ms/99.0%, 20ms/99.5%, 50ms/99.8%, 100ms/99.9%
[215.036s][info][gc,marking  ] GC(396) Mark: 1 stripe(s), 2 proactive flush(es), 1 terminate flush(es), 0 completion(s), 0 continuation(s) 
[215.036s][info][gc,marking  ] GC(396) Mark Stack Usage: 32M
[215.036s][info][gc,nmethod  ] GC(396) NMethods: 1454 registered, 9 unregistered
[215.036s][info][gc,metaspace] GC(396) Metaspace: 11M used, 11M committed, 1088M reserved
[215.036s][info][gc,ref      ] GC(396) Soft: 197 encountered, 0 discovered, 0 enqueued
[215.036s][info][gc,ref      ] GC(396) Weak: 695 encountered, 187 discovered, 0 enqueued
[215.036s][info][gc,ref      ] GC(396) Final: 0 encountered, 0 discovered, 0 enqueued
[215.036s][info][gc,ref      ] GC(396) Phantom: 36 encountered, 21 discovered, 0 enqueued
[215.036s][info][gc,reloc    ] GC(396) Small Pages: 986 / 1972M, Empty: 1846M, Relocated: 0M, In-Place: 0
[215.036s][info][gc,reloc    ] GC(396) Medium Pages: 10 / 320M, Empty: 288M, Relocated: 0M, In-Place: 0
[215.036s][info][gc,reloc    ] GC(396) Large Pages: 1 / 6M, Empty: 0M, Relocated: 0M, In-Place: 0
[215.036s][info][gc,reloc    ] GC(396) Forwarding Usage: 0M
[215.036s][info][gc,heap     ] GC(396) Min Capacity: 4096M(100%)
[215.036s][info][gc,heap     ] GC(396) Max Capacity: 4096M(100%)
[215.036s][info][gc,heap     ] GC(396) Soft Max Capacity: 4096M(100%)
[215.036s][info][gc,heap     ] GC(396)                Mark Start          Mark End        Relocate Start      Relocate End           High               Low         
[215.036s][info][gc,heap     ] GC(396)  Capacity:     4096M (100%)       4096M (100%)       4096M (100%)       4096M (100%)       4096M (100%)       4096M (100%)   
[215.036s][info][gc,heap     ] GC(396)      Free:     1798M (44%)         920M (22%)        3002M (73%)        3036M (74%)        3036M (74%)         896M (22%)    
[215.036s][info][gc,heap     ] GC(396)      Used:     2298M (56%)        3176M (78%)        1094M (27%)        1060M (26%)        3200M (78%)        1060M (26%)    
[215.036s][info][gc,heap     ] GC(396)      Live:         -                99M (2%)           99M (2%)           99M (2%)             -                  -          
[215.036s][info][gc,heap     ] GC(396) Allocated:         -               878M (21%)         930M (23%)         929M (23%)            -                  -          
[215.036s][info][gc,heap     ] GC(396)   Garbage:         -              2198M (54%)          64M (2%)           30M (1%)             -                  -          
[215.036s][info][gc,heap     ] GC(396) Reclaimed:         -                  -              2134M (52%)        2167M (53%)            -                  -          
[215.036s][info][gc          ] GC(396) Garbage Collection (Allocation Rate) 2298M(56%)->1060M(26%)
[215.273s][info][gc,start    ] GC(397) Garbage Collection (Allocation Rate)
[215.273s][info][gc,task     ] GC(397) Using 1 workers
[215.273s][info][gc,phases   ] GC(397) Pause Mark Start 0.012ms
[215.410s][info][gc,phases   ] GC(397) Concurrent Mark 137.326ms
[215.410s][info][gc,phases   ] GC(397) Pause Mark End 0.016ms
[215.410s][info][gc,phases   ] GC(397) Concurrent Mark Free 0.001ms
[215.415s][info][gc,phases   ] GC(397) Concurrent Process Non-Strong References 4.532ms
[215.415s][info][gc,phases   ] GC(397) Concurrent Reset Relocation Set 0.004ms
[215.419s][info][gc,phases   ] GC(397) Concurrent Select Relocation Set 4.258ms
[215.419s][info][gc,phases   ] GC(397) Pause Relocate Start 0.016ms
[215.421s][info][gc,phases   ] GC(397) Concurrent Relocate 1.106ms
[215.421s][info][gc,load     ] GC(397) Load: 0.00/0.00/0.00
[215.421s][info][gc,mmu      ] GC(397) MMU: 2ms/96.2%, 5ms/98.5%, 10ms/99.0%, 20ms/99.5%, 50ms/99.8%, 100ms/99.9%
[215.421s][info][gc,marking  ] GC(397) Mark: 1 stripe(s), 2 proactive flush(es), 1 terminate flush(es), 0 completion(s), 0 continuation(s) 
[215.421s][info][gc,marking  ] GC(397) Mark Stack Usage: 32M
[215.421s][info][gc,nmethod  ] GC(397) NMethods: 1454 registered, 9 unregistered
[215.421s][info][gc,metaspace] GC(397) Metaspace: 11M used, 11M committed, 1088M reserved
[215.421s][info][gc,ref      ] GC(397) Soft: 197 encountered, 0 discovered, 0 enqueued
[215.421s][info][gc,ref      ] GC(397) Weak: 695 encountered, 554 discovered, 0 enqueued
[215.421s][info][gc,ref      ] GC(397) Final: 0 encountered, 0 discovered, 0 enqueued
[215.421s][info][gc,ref      ] GC(397) Phantom: 36 encountered, 17 discovered, 0 enqueued
[215.421s][info][gc,reloc    ] GC(397) Small Pages: 915 / 1830M, Empty: 1714M, Relocated: 1M, In-Place: 0
[215.421s][info][gc,reloc    ] GC(397) Medium Pages: 10 / 320M, Empty: 288M, Relocated: 0M, In-Place: 0
[215.421s][info][gc,reloc    ] GC(397) Large Pages: 1 / 6M, Empty: 0M, Relocated: 0M, In-Place: 0
[215.421s][info][gc,reloc    ] GC(397) Forwarding Usage: 0M
[215.421s][info][gc,heap     ] GC(397) Min Capacity: 4096M(100%)
[215.421s][info][gc,heap     ] GC(397) Max Capacity: 4096M(100%)
[215.421s][info][gc,heap     ] GC(397) Soft Max Capacity: 4096M(100%)
[215.421s][info][gc,heap     ] GC(397)                Mark Start          Mark End        Relocate Start      Relocate End           High               Low         
[215.421s][info][gc,heap     ] GC(397)  Capacity:     4096M (100%)       4096M (100%)       4096M (100%)       4096M (100%)       4096M (100%)       4096M (100%)   
[215.421s][info][gc,heap     ] GC(397)      Free:     1940M (47%)        1420M (35%)        3368M (82%)        3388M (83%)        3388M (83%)        1392M (34%)    
[215.421s][info][gc,heap     ] GC(397)      Used:     2156M (53%)        2676M (65%)         728M (18%)         708M (17%)        2704M (66%)         708M (17%)    
[215.421s][info][gc,heap     ] GC(397)      Live:         -               101M (2%)          101M (2%)          101M (2%)             -                  -          
[215.421s][info][gc,heap     ] GC(397) Allocated:         -               520M (13%)         574M (14%)         577M (14%)            -                  -          
[215.421s][info][gc,heap     ] GC(397)   Garbage:         -              2054M (50%)          52M (1%)           28M (1%)             -                  -          
[215.421s][info][gc,heap     ] GC(397) Reclaimed:         -                  -              2002M (49%)        2025M (49%)            -                  -          
[215.421s][info][gc          ] GC(397) Garbage Collection (Allocation Rate) 2156M(53%)->708M(17%)
[215.774s][info][gc,start    ] GC(398) Garbage Collection (Allocation Rate)
[215.774s][info][gc,task     ] GC(398) Using 1 workers
[215.774s][info][gc,phases   ] GC(398) Pause Mark Start 0.009ms
[215.937s][info][gc,phases   ] GC(398) Concurrent Mark 162.663ms
[215.937s][info][gc,phases   ] GC(398) Pause Mark End 0.011ms
[215.937s][info][gc,phases   ] GC(398) Concurrent Mark Free 0.001ms
[215.942s][info][gc,phases   ] GC(398) Concurrent Process Non-Strong References 4.189ms
[215.942s][info][gc,phases   ] GC(398) Concurrent Reset Relocation Set 0.004ms
[215.946s][info][gc,phases   ] GC(398) Concurrent Select Relocation Set 3.927ms
[215.946s][info][gc,phases   ] GC(398) Pause Relocate Start 0.014ms
[215.948s][info][gc,phases   ] GC(398) Concurrent Relocate 1.796ms
[215.948s][info][gc,load     ] GC(398) Load: 0.00/0.00/0.00
[215.948s][info][gc,mmu      ] GC(398) MMU: 2ms/96.2%, 5ms/98.5%, 10ms/99.0%, 20ms/99.5%, 50ms/99.8%, 100ms/99.9%
[215.948s][info][gc,marking  ] GC(398) Mark: 1 stripe(s), 2 proactive flush(es), 1 terminate flush(es), 0 completion(s), 0 continuation(s) 
[215.948s][info][gc,marking  ] GC(398) Mark Stack Usage: 32M
[215.948s][info][gc,nmethod  ] GC(398) NMethods: 1454 registered, 9 unregistered
[215.948s][info][gc,metaspace] GC(398) Metaspace: 11M used, 11M committed, 1088M reserved
[215.948s][info][gc,ref      ] GC(398) Soft: 197 encountered, 0 discovered, 0 enqueued
[215.948s][info][gc,ref      ] GC(398) Weak: 695 encountered, 187 discovered, 0 enqueued
[215.948s][info][gc,ref      ] GC(398) Final: 0 encountered, 0 discovered, 0 enqueued
[215.948s][info][gc,ref      ] GC(398) Phantom: 36 encountered, 21 discovered, 0 enqueued
[215.948s][info][gc,reloc    ] GC(398) Small Pages: 970 / 1940M, Empty: 1796M, Relocated: 2M, In-Place: 0
[215.948s][info][gc,reloc    ] GC(398) Medium Pages: 11 / 352M, Empty: 352M, Relocated: 0M, In-Place: 0
[215.948s][info][gc,reloc    ] GC(398) Large Pages: 1 / 6M, Empty: 0M, Relocated: 0M, In-Place: 0
[215.948s][info][gc,reloc    ] GC(398) Forwarding Usage: 0M
[215.948s][info][gc,heap     ] GC(398) Min Capacity: 4096M(100%)
[215.948s][info][gc,heap     ] GC(398) Max Capacity: 4096M(100%)
[215.948s][info][gc,heap     ] GC(398) Soft Max Capacity: 4096M(100%)
[215.948s][info][gc,heap     ] GC(398)                Mark Start          Mark End        Relocate Start      Relocate End           High               Low         
[215.948s][info][gc,heap     ] GC(398)  Capacity:     4096M (100%)       4096M (100%)       4096M (100%)       4096M (100%)       4096M (100%)       4096M (100%)   
[215.948s][info][gc,heap     ] GC(398)      Free:     1798M (44%)        1142M (28%)        3242M (79%)        3288M (80%)        3292M (80%)        1118M (27%)    
[215.948s][info][gc,heap     ] GC(398)      Used:     2298M (56%)        2954M (72%)         854M (21%)         808M (20%)        2978M (73%)         804M (20%)    
[215.948s][info][gc,heap     ] GC(398)      Live:         -                97M (2%)           97M (2%)           97M (2%)             -                  -          
[215.948s][info][gc,heap     ] GC(398) Allocated:         -               656M (16%)         704M (17%)         707M (17%)            -                  -          
[215.948s][info][gc,heap     ] GC(398)   Garbage:         -              2200M (54%)          52M (1%)            2M (0%)             -                  -          
[215.948s][info][gc,heap     ] GC(398) Reclaimed:         -                  -              2148M (52%)        2197M (54%)            -                  -          
[215.948s][info][gc          ] GC(398) Garbage Collection (Allocation Rate) 2298M(56%)->808M(20%)
[216.386s][info][gc,start    ] GC(399) Garbage Collection (Allocation Rate)
[216.386s][info][gc,task     ] GC(399) Using 2 workers
[216.386s][info][gc,phases   ] GC(399) Pause Mark Start 0.009ms
[216.480s][info][gc,phases   ] GC(399) Concurrent Mark 94.117ms
[216.481s][info][gc,phases   ] GC(399) Pause Mark End 0.022ms
[216.481s][info][gc,phases   ] GC(399) Concurrent Mark Free 0.001ms
[216.483s][info][gc,phases   ] GC(399) Concurrent Process Non-Strong References 1.902ms
[216.483s][info][gc,phases   ] GC(399) Concurrent Reset Relocation Set 0.006ms
[216.486s][info][gc,phases   ] GC(399) Concurrent Select Relocation Set 3.586ms
[216.487s][info][gc,phases   ] GC(399) Pause Relocate Start 0.009ms
[216.488s][info][gc,phases   ] GC(399) Concurrent Relocate 1.273ms
[216.488s][info][gc,load     ] GC(399) Load: 0.00/0.00/0.00
[216.488s][info][gc,mmu      ] GC(399) MMU: 2ms/96.2%, 5ms/98.5%, 10ms/99.0%, 20ms/99.5%, 50ms/99.8%, 100ms/99.9%
[216.488s][info][gc,marking  ] GC(399) Mark: 2 stripe(s), 2 proactive flush(es), 1 terminate flush(es), 0 completion(s), 0 continuation(s) 
[216.488s][info][gc,marking  ] GC(399) Mark Stack Usage: 32M
[216.488s][info][gc,nmethod  ] GC(399) NMethods: 1454 registered, 9 unregistered
[216.488s][info][gc,metaspace] GC(399) Metaspace: 11M used, 11M committed, 1088M reserved
[216.488s][info][gc,ref      ] GC(399) Soft: 197 encountered, 0 discovered, 0 enqueued
[216.488s][info][gc,ref      ] GC(399) Weak: 695 encountered, 331 discovered, 0 enqueued
[216.488s][info][gc,ref      ] GC(399) Final: 0 encountered, 0 discovered, 0 enqueued
[216.488s][info][gc,ref      ] GC(399) Phantom: 36 encountered, 25 discovered, 0 enqueued
[216.488s][info][gc,reloc    ] GC(399) Small Pages: 1226 / 2452M, Empty: 2310M, Relocated: 4M, In-Place: 0
[216.488s][info][gc,reloc    ] GC(399) Medium Pages: 12 / 384M, Empty: 384M, Relocated: 0M, In-Place: 0
[216.488s][info][gc,reloc    ] GC(399) Large Pages: 1 / 6M, Empty: 0M, Relocated: 0M, In-Place: 0
[216.488s][info][gc,reloc    ] GC(399) Forwarding Usage: 0M
[216.488s][info][gc,heap     ] GC(399) Min Capacity: 4096M(100%)
[216.488s][info][gc,heap     ] GC(399) Max Capacity: 4096M(100%)
[216.488s][info][gc,heap     ] GC(399) Soft Max Capacity: 4096M(100%)
[216.488s][info][gc,heap     ] GC(399)                Mark Start          Mark End        Relocate Start      Relocate End           High               Low         
[216.488s][info][gc,heap     ] GC(399)  Capacity:     4096M (100%)       4096M (100%)       4096M (100%)       4096M (100%)       4096M (100%)       4096M (100%)   
[216.488s][info][gc,heap     ] GC(399)      Free:     1254M (31%)         948M (23%)        3614M (88%)        3658M (89%)        3658M (89%)         936M (23%)    
[216.488s][info][gc,heap     ] GC(399)      Used:     2842M (69%)        3148M (77%)         482M (12%)         438M (11%)        3160M (77%)         438M (11%)    
[216.488s][info][gc,heap     ] GC(399)      Live:         -                99M (2%)           99M (2%)           99M (2%)             -                  -          
[216.488s][info][gc,heap     ] GC(399) Allocated:         -               306M (7%)          334M (8%)          333M (8%)             -                  -          
[216.488s][info][gc,heap     ] GC(399)   Garbage:         -              2742M (67%)          48M (1%)            4M (0%)             -                  -          
[216.488s][info][gc,heap     ] GC(399) Reclaimed:         -                  -              2694M (66%)        2737M (67%)            -                  -          
[216.488s][info][gc          ] GC(399) Garbage Collection (Allocation Rate) 2842M(69%)->438M(11%)
[216.609s][info][gc,start    ] GC(400) Garbage Collection (System.gc())
[216.609s][info][gc,task     ] GC(400) Using 2 workers
[216.609s][info][gc,phases   ] GC(400) Pause Mark Start 0.008ms
[216.669s][info][gc,phases   ] GC(400) Concurrent Mark 59.619ms
[216.669s][info][gc,phases   ] GC(400) Pause Mark End 0.017ms
[216.669s][info][gc,phases   ] GC(400) Concurrent Mark Free 0.002ms
[216.670s][info][gc,phases   ] GC(400) Concurrent Process Non-Strong References 1.570ms
[216.670s][info][gc,phases   ] GC(400) Concurrent Reset Relocation Set 0.001ms
[216.672s][info][gc,phases   ] GC(400) Concurrent Select Relocation Set 1.671ms
[216.672s][info][gc,phases   ] GC(400) Pause Relocate Start 0.008ms
[216.673s][info][gc,phases   ] GC(400) Concurrent Relocate 0.306ms
[216.673s][info][gc,load     ] GC(400) Load: 0.00/0.00/0.00
[216.673s][info][gc,mmu      ] GC(400) MMU: 2ms/96.2%, 5ms/98.5%, 10ms/99.0%, 20ms/99.5%, 50ms/99.8%, 100ms/99.9%
[216.673s][info][gc,marking  ] GC(400) Mark: 2 stripe(s), 1 proactive flush(es), 1 terminate flush(es), 0 completion(s), 0 continuation(s) 
[216.673s][info][gc,marking  ] GC(400) Mark Stack Usage: 32M
[216.673s][info][gc,nmethod  ] GC(400) NMethods: 1454 registered, 9 unregistered
[216.673s][info][gc,metaspace] GC(400) Metaspace: 11M used, 11M committed, 1088M reserved
[216.673s][info][gc,ref      ] GC(400) Soft: 197 encountered, 0 discovered, 0 enqueued
[216.673s][info][gc,ref      ] GC(400) Weak: 695 encountered, 5 discovered, 0 enqueued
[216.673s][info][gc,ref      ] GC(400) Final: 0 encountered, 0 discovered, 0 enqueued
[216.673s][info][gc,ref      ] GC(400) Phantom: 36 encountered, 16 discovered, 0 enqueued
[216.673s][info][gc,reloc    ] GC(400) Small Pages: 388 / 776M, Empty: 676M, Relocated: 0M, In-Place: 0
[216.673s][info][gc,reloc    ] GC(400) Medium Pages: 4 / 128M, Empty: 128M, Relocated: 0M, In-Place: 0
[216.673s][info][gc,reloc    ] GC(400) Large Pages: 1 / 6M, Empty: 0M, Relocated: 0M, In-Place: 0
[216.673s][info][gc,reloc    ] GC(400) Forwarding Usage: 0M
[216.673s][info][gc,heap     ] GC(400) Min Capacity: 4096M(100%)
[216.673s][info][gc,heap     ] GC(400) Max Capacity: 4096M(100%)
[216.673s][info][gc,heap     ] GC(400) Soft Max Capacity: 4096M(100%)
[216.673s][info][gc,heap     ] GC(400)                Mark Start          Mark End        Relocate Start      Relocate End           High               Low         
[216.673s][info][gc,heap     ] GC(400)  Capacity:     4096M (100%)       4096M (100%)       4096M (100%)       4096M (100%)       4096M (100%)       4096M (100%)   
[216.673s][info][gc,heap     ] GC(400)      Free:     3186M (78%)        3186M (78%)        3990M (97%)        3996M (98%)        3996M (98%)        3186M (78%)    
[216.673s][info][gc,heap     ] GC(400)      Used:      910M (22%)         910M (22%)         106M (3%)          100M (2%)          910M (22%)         100M (2%)     
[216.673s][info][gc,heap     ] GC(400)      Live:         -                95M (2%)           95M (2%)           95M (2%)             -                  -          
[216.673s][info][gc,heap     ] GC(400) Allocated:         -                 0M (0%)            0M (0%)            0M (0%)             -                  -          
[216.673s][info][gc,heap     ] GC(400)   Garbage:         -               814M (20%)          10M (0%)            4M (0%)             -                  -          
[216.673s][info][gc,heap     ] GC(400) Reclaimed:         -                  -               804M (20%)         810M (20%)            -                  -          
[216.673s][info][gc          ] GC(400) Garbage Collection (System.gc()) 910M(22%)->100M(2%)
[217.187s][info][gc,start    ] GC(401) Garbage Collection (Allocation Rate)
[217.187s][info][gc,task     ] GC(401) Using 1 workers
[217.187s][info][gc,phases   ] GC(401) Pause Mark Start 0.011ms
[217.394s][info][gc,phases   ] GC(401) Concurrent Mark 206.621ms
[217.394s][info][gc,phases   ] GC(401) Pause Mark End 0.025ms
[217.394s][info][gc,phases   ] GC(401) Concurrent Mark Free 0.001ms
[217.398s][info][gc,phases   ] GC(401) Concurrent Process Non-Strong References 3.932ms
[217.398s][info][gc,phases   ] GC(401) Concurrent Reset Relocation Set 0.002ms
[217.400s][info][gc,phases   ] GC(401) Concurrent Select Relocation Set 2.449ms
[217.401s][info][gc,phases   ] GC(401) Pause Relocate Start 0.012ms
[217.401s][info][gc,phases   ] GC(401) Concurrent Relocate 0.778ms
[217.401s][info][gc,load     ] GC(401) Load: 0.00/0.00/0.00
[217.401s][info][gc,mmu      ] GC(401) MMU: 2ms/96.2%, 5ms/98.5%, 10ms/99.0%, 20ms/99.5%, 50ms/99.8%, 100ms/99.9%
[217.401s][info][gc,marking  ] GC(401) Mark: 1 stripe(s), 2 proactive flush(es), 1 terminate flush(es), 0 completion(s), 0 continuation(s) 
[217.401s][info][gc,marking  ] GC(401) Mark Stack Usage: 32M
[217.402s][info][gc,nmethod  ] GC(401) NMethods: 1456 registered, 10 unregistered
[217.402s][info][gc,metaspace] GC(401) Metaspace: 11M used, 11M committed, 1088M reserved
[217.402s][info][gc,ref      ] GC(401) Soft: 197 encountered, 0 discovered, 0 enqueued
[217.402s][info][gc,ref      ] GC(401) Weak: 695 encountered, 554 discovered, 0 enqueued
[217.402s][info][gc,ref      ] GC(401) Final: 0 encountered, 0 discovered, 0 enqueued
[217.402s][info][gc,ref      ] GC(401) Phantom: 36 encountered, 17 discovered, 0 enqueued
[217.402s][info][gc,reloc    ] GC(401) Small Pages: 1080 / 2160M, Empty: 2060M, Relocated: 0M, In-Place: 0
[217.402s][info][gc,reloc    ] GC(401) Medium Pages: 11 / 352M, Empty: 320M, Relocated: 0M, In-Place: 0
[217.402s][info][gc,reloc    ] GC(401) Large Pages: 1 / 6M, Empty: 0M, Relocated: 0M, In-Place: 0
[217.402s][info][gc,reloc    ] GC(401) Forwarding Usage: 0M
[217.402s][info][gc,heap     ] GC(401) Min Capacity: 4096M(100%)
[217.402s][info][gc,heap     ] GC(401) Max Capacity: 4096M(100%)
[217.402s][info][gc,heap     ] GC(401) Soft Max Capacity: 4096M(100%)
[217.402s][info][gc,heap     ] GC(401)                Mark Start          Mark End        Relocate Start      Relocate End           High               Low         
[217.402s][info][gc,heap     ] GC(401)  Capacity:     4096M (100%)       4096M (100%)       4096M (100%)       4096M (100%)       4096M (100%)       4096M (100%)   
[217.402s][info][gc,heap     ] GC(401)      Free:     1578M (39%)         720M (18%)        3080M (75%)        3088M (75%)        3088M (75%)         700M (17%)    
[217.402s][info][gc,heap     ] GC(401)      Used:     2518M (61%)        3376M (82%)        1016M (25%)        1008M (25%)        3396M (83%)        1008M (25%)    
[217.402s][info][gc,heap     ] GC(401)      Live:         -                99M (2%)           99M (2%)           99M (2%)             -                  -          
[217.402s][info][gc,heap     ] GC(401) Allocated:         -               858M (21%)         878M (21%)         877M (21%)            -                  -          
[217.402s][info][gc,heap     ] GC(401)   Garbage:         -              2418M (59%)          38M (1%)           30M (1%)             -                  -          
[217.402s][info][gc,heap     ] GC(401) Reclaimed:         -                  -              2380M (58%)        2387M (58%)            -                  -          
[217.402s][info][gc          ] GC(401) Garbage Collection (Allocation Rate) 2518M(61%)->1008M(25%)
[217.674s][info][gc,start    ] GC(402) Garbage Collection (Allocation Rate)
[217.674s][info][gc,task     ] GC(402) Using 1 workers
[217.674s][info][gc,phases   ] GC(402) Pause Mark Start 0.015ms
[217.830s][info][gc,phases   ] GC(402) Concurrent Mark 156.240ms
[217.830s][info][gc,phases   ] GC(402) Pause Mark End 0.012ms
[217.830s][info][gc,phases   ] GC(402) Concurrent Mark Free 0.001ms
[217.836s][info][gc,phases   ] GC(402) Concurrent Process Non-Strong References 5.407ms
[217.836s][info][gc,phases   ] GC(402) Concurrent Reset Relocation Set 0.002ms
[217.840s][info][gc,phases   ] GC(402) Concurrent Select Relocation Set 4.061ms
[217.840s][info][gc,phases   ] GC(402) Pause Relocate Start 0.025ms
[217.842s][info][gc,phases   ] GC(402) Concurrent Relocate 1.188ms
[217.842s][info][gc,load     ] GC(402) Load: 0.00/0.00/0.00
[217.842s][info][gc,mmu      ] GC(402) MMU: 2ms/96.2%, 5ms/98.5%, 10ms/99.0%, 20ms/99.5%, 50ms/99.8%, 100ms/99.9%
[217.842s][info][gc,marking  ] GC(402) Mark: 1 stripe(s), 2 proactive flush(es), 1 terminate flush(es), 0 completion(s), 0 continuation(s) 
[217.842s][info][gc,marking  ] GC(402) Mark Stack Usage: 32M
[217.842s][info][gc,nmethod  ] GC(402) NMethods: 1456 registered, 10 unregistered
[217.842s][info][gc,metaspace] GC(402) Metaspace: 11M used, 11M committed, 1088M reserved
[217.842s][info][gc,ref      ] GC(402) Soft: 197 encountered, 0 discovered, 0 enqueued
[217.842s][info][gc,ref      ] GC(402) Weak: 695 encountered, 187 discovered, 0 enqueued
[217.842s][info][gc,ref      ] GC(402) Final: 0 encountered, 0 discovered, 0 enqueued
[217.842s][info][gc,ref      ] GC(402) Phantom: 36 encountered, 21 discovered, 0 enqueued
[217.842s][info][gc,reloc    ] GC(402) Small Pages: 939 / 1878M, Empty: 1738M, Relocated: 3M, In-Place: 0
[217.842s][info][gc,reloc    ] GC(402) Medium Pages: 10 / 320M, Empty: 320M, Relocated: 0M, In-Place: 0
[217.842s][info][gc,reloc    ] GC(402) Large Pages: 1 / 6M, Empty: 0M, Relocated: 0M, In-Place: 0
[217.842s][info][gc,reloc    ] GC(402) Forwarding Usage: 0M
[217.842s][info][gc,heap     ] GC(402) Min Capacity: 4096M(100%)
[217.842s][info][gc,heap     ] GC(402) Max Capacity: 4096M(100%)
[217.842s][info][gc,heap     ] GC(402) Soft Max Capacity: 4096M(100%)
[217.842s][info][gc,heap     ] GC(402)                Mark Start          Mark End        Relocate Start      Relocate End           High               Low         
[217.842s][info][gc,heap     ] GC(402)  Capacity:     4096M (100%)       4096M (100%)       4096M (100%)       4096M (100%)       4096M (100%)       4096M (100%)   
[217.842s][info][gc,heap     ] GC(402)      Free:     1892M (46%)        1262M (31%)        3278M (80%)        3318M (81%)        3318M (81%)        1244M (30%)    
[217.842s][info][gc,heap     ] GC(402)      Used:     2204M (54%)        2834M (69%)         818M (20%)         778M (19%)        2852M (70%)         778M (19%)    
[217.842s][info][gc,heap     ] GC(402)      Live:         -                98M (2%)           98M (2%)           98M (2%)             -                  -          
[217.842s][info][gc,heap     ] GC(402) Allocated:         -               630M (15%)         672M (16%)         676M (17%)            -                  -          
[217.842s][info][gc,heap     ] GC(402)   Garbage:         -              2105M (51%)          47M (1%)            3M (0%)             -                  -          
[217.842s][info][gc,heap     ] GC(402) Reclaimed:         -                  -              2058M (50%)        2102M (51%)            -                  -          
[217.842s][info][gc          ] GC(402) Garbage Collection (Allocation Rate) 2204M(54%)->778M(19%)
[218.177s][info][gc,start    ] GC(403) Garbage Collection (Allocation Rate)
[218.177s][info][gc,task     ] GC(403) Using 1 workers
[218.177s][info][gc,phases   ] GC(403) Pause Mark Start 0.012ms
[218.315s][info][gc,phases   ] GC(403) Concurrent Mark 137.851ms
[218.315s][info][gc,phases   ] GC(403) Pause Mark End 0.013ms
[218.315s][info][gc,phases   ] GC(403) Concurrent Mark Free 0.001ms
[218.322s][info][gc,phases   ] GC(403) Concurrent Process Non-Strong References 6.714ms
[218.322s][info][gc,phases   ] GC(403) Concurrent Reset Relocation Set 0.005ms
[218.325s][info][gc,phases   ] GC(403) Concurrent Select Relocation Set 3.665ms
[218.326s][info][gc,phases   ] GC(403) Pause Relocate Start 0.018ms
[218.327s][info][gc,phases   ] GC(403) Concurrent Relocate 1.116ms
[218.327s][info][gc,load     ] GC(403) Load: 0.00/0.00/0.00
[218.327s][info][gc,mmu      ] GC(403) MMU: 2ms/96.2%, 5ms/98.5%, 10ms/99.0%, 20ms/99.5%, 50ms/99.8%, 100ms/99.9%
[218.327s][info][gc,marking  ] GC(403) Mark: 1 stripe(s), 2 proactive flush(es), 1 terminate flush(es), 0 completion(s), 0 continuation(s) 
[218.327s][info][gc,marking  ] GC(403) Mark Stack Usage: 32M
[218.327s][info][gc,nmethod  ] GC(403) NMethods: 1456 registered, 10 unregistered
[218.327s][info][gc,metaspace] GC(403) Metaspace: 11M used, 11M committed, 1088M reserved
[218.327s][info][gc,ref      ] GC(403) Soft: 197 encountered, 0 discovered, 0 enqueued
[218.327s][info][gc,ref      ] GC(403) Weak: 695 encountered, 554 discovered, 0 enqueued
[218.327s][info][gc,ref      ] GC(403) Final: 0 encountered, 0 discovered, 0 enqueued
[218.327s][info][gc,ref      ] GC(403) Phantom: 36 encountered, 17 discovered, 0 enqueued
[218.327s][info][gc,reloc    ] GC(403) Small Pages: 1007 / 2014M, Empty: 1864M, Relocated: 3M, In-Place: 0
[218.327s][info][gc,reloc    ] GC(403) Medium Pages: 10 / 320M, Empty: 288M, Relocated: 0M, In-Place: 0
[218.327s][info][gc,reloc    ] GC(403) Large Pages: 1 / 6M, Empty: 0M, Relocated: 0M, In-Place: 0
[218.327s][info][gc,reloc    ] GC(403) Forwarding Usage: 0M
[218.327s][info][gc,heap     ] GC(403) Min Capacity: 4096M(100%)
[218.327s][info][gc,heap     ] GC(403) Max Capacity: 4096M(100%)
[218.327s][info][gc,heap     ] GC(403) Soft Max Capacity: 4096M(100%)
[218.327s][info][gc,heap     ] GC(403)                Mark Start          Mark End        Relocate Start      Relocate End           High               Low         
[218.327s][info][gc,heap     ] GC(403)  Capacity:     4096M (100%)       4096M (100%)       4096M (100%)       4096M (100%)       4096M (100%)       4096M (100%)   
[218.327s][info][gc,heap     ] GC(403)      Free:     1756M (43%)        1224M (30%)        3326M (81%)        3376M (82%)        3376M (82%)        1192M (29%)    
[218.327s][info][gc,heap     ] GC(403)      Used:     2340M (57%)        2872M (70%)         770M (19%)         720M (18%)        2904M (71%)         720M (18%)    
[218.327s][info][gc,heap     ] GC(403)      Live:         -                99M (2%)           99M (2%)           99M (2%)             -                  -          
[218.327s][info][gc,heap     ] GC(403) Allocated:         -               532M (13%)         582M (14%)         586M (14%)            -                  -          
[218.327s][info][gc,heap     ] GC(403)   Garbage:         -              2240M (55%)          88M (2%)           34M (1%)             -                  -          
[218.327s][info][gc,heap     ] GC(403) Reclaimed:         -                  -              2152M (53%)        2206M (54%)            -                  -          
[218.327s][info][gc          ] GC(403) Garbage Collection (Allocation Rate) 2340M(57%)->720M(18%)
[218.773s][info][gc,start    ] GC(404) Garbage Collection (Allocation Rate)
[218.773s][info][gc,task     ] GC(404) Using 1 workers
[218.774s][info][gc,phases   ] GC(404) Pause Mark Start 0.015ms
[218.999s][info][gc,phases   ] GC(404) Concurrent Mark 225.265ms
[218.999s][info][gc,phases   ] GC(404) Pause Mark End 0.020ms
[218.999s][info][gc,phases   ] GC(404) Concurrent Mark Free 0.001ms
[219.004s][info][gc,phases   ] GC(404) Concurrent Process Non-Strong References 4.655ms
[219.004s][info][gc,phases   ] GC(404) Concurrent Reset Relocation Set 0.007ms
[219.008s][info][gc,phases   ] GC(404) Concurrent Select Relocation Set 3.476ms
[219.008s][info][gc,phases   ] GC(404) Pause Relocate Start 0.010ms
[219.008s][info][gc,phases   ] GC(404) Concurrent Relocate 0.732ms
[219.009s][info][gc,load     ] GC(404) Load: 0.00/0.00/0.00
[219.009s][info][gc,mmu      ] GC(404) MMU: 2ms/96.2%, 5ms/98.5%, 10ms/99.0%, 20ms/99.5%, 50ms/99.8%, 100ms/99.9%
[219.009s][info][gc,marking  ] GC(404) Mark: 1 stripe(s), 2 proactive flush(es), 1 terminate flush(es), 0 completion(s), 0 continuation(s) 
[219.009s][info][gc,marking  ] GC(404) Mark Stack Usage: 32M
[219.009s][info][gc,nmethod  ] GC(404) NMethods: 1456 registered, 10 unregistered
[219.009s][info][gc,metaspace] GC(404) Metaspace: 11M used, 11M committed, 1088M reserved
[219.009s][info][gc,ref      ] GC(404) Soft: 197 encountered, 0 discovered, 0 enqueued
[219.009s][info][gc,ref      ] GC(404) Weak: 695 encountered, 187 discovered, 0 enqueued
[219.009s][info][gc,ref      ] GC(404) Final: 0 encountered, 0 discovered, 0 enqueued
[219.009s][info][gc,ref      ] GC(404) Phantom: 36 encountered, 21 discovered, 0 enqueued
[219.009s][info][gc,reloc    ] GC(404) Small Pages: 1174 / 2348M, Empty: 2242M, Relocated: 0M, In-Place: 0
[219.009s][info][gc,reloc    ] GC(404) Medium Pages: 13 / 416M, Empty: 384M, Relocated: 0M, In-Place: 0
[219.009s][info][gc,reloc    ] GC(404) Large Pages: 1 / 6M, Empty: 0M, Relocated: 0M, In-Place: 0
[219.009s][info][gc,reloc    ] GC(404) Forwarding Usage: 0M
[219.009s][info][gc,heap     ] GC(404) Min Capacity: 4096M(100%)
[219.009s][info][gc,heap     ] GC(404) Max Capacity: 4096M(100%)
[219.009s][info][gc,heap     ] GC(404) Soft Max Capacity: 4096M(100%)
[219.009s][info][gc,heap     ] GC(404)                Mark Start          Mark End        Relocate Start      Relocate End           High               Low         
[219.009s][info][gc,heap     ] GC(404)  Capacity:     4096M (100%)       4096M (100%)       4096M (100%)       4096M (100%)       4096M (100%)       4096M (100%)   
[219.009s][info][gc,heap     ] GC(404)      Free:     1326M (32%)         412M (10%)        2994M (73%)        3008M (73%)        3008M (73%)         384M (9%)     
[219.009s][info][gc,heap     ] GC(404)      Used:     2770M (68%)        3684M (90%)        1102M (27%)        1088M (27%)        3712M (91%)        1088M (27%)    
[219.009s][info][gc,heap     ] GC(404)      Live:         -                99M (2%)           99M (2%)           99M (2%)             -                  -          
[219.009s][info][gc,heap     ] GC(404) Allocated:         -               914M (22%)         958M (23%)         957M (23%)            -                  -          
[219.009s][info][gc,heap     ] GC(404)   Garbage:         -              2670M (65%)          44M (1%)           30M (1%)             -                  -          
[219.009s][info][gc,heap     ] GC(404) Reclaimed:         -                  -              2626M (64%)        2639M (64%)            -                  -          
[219.009s][info][gc          ] GC(404) Garbage Collection (Allocation Rate) 2770M(68%)->1088M(27%)
[219.275s][info][gc,start    ] GC(405) Garbage Collection (Allocation Rate)
[219.276s][info][gc,task     ] GC(405) Using 1 workers
[219.276s][info][gc,phases   ] GC(405) Pause Mark Start 0.012ms
[219.435s][info][gc,phases   ] GC(405) Concurrent Mark 159.602ms
[219.435s][info][gc,phases   ] GC(405) Pause Mark End 0.011ms
[219.435s][info][gc,phases   ] GC(405) Concurrent Mark Free 0.001ms
[219.440s][info][gc,phases   ] GC(405) Concurrent Process Non-Strong References 4.251ms
[219.440s][info][gc,phases   ] GC(405) Concurrent Reset Relocation Set 0.003ms
[219.444s][info][gc,phases   ] GC(405) Concurrent Select Relocation Set 4.102ms
[219.444s][info][gc,phases   ] GC(405) Pause Relocate Start 0.012ms
[219.445s][info][gc,phases   ] GC(405) Concurrent Relocate 0.910ms
[219.445s][info][gc,load     ] GC(405) Load: 0.00/0.00/0.00
[219.445s][info][gc,mmu      ] GC(405) MMU: 2ms/96.2%, 5ms/98.5%, 10ms/99.0%, 20ms/99.5%, 50ms/99.8%, 100ms/99.9%
[219.445s][info][gc,marking  ] GC(405) Mark: 1 stripe(s), 2 proactive flush(es), 1 terminate flush(es), 0 completion(s), 0 continuation(s) 
[219.445s][info][gc,marking  ] GC(405) Mark Stack Usage: 32M
[219.445s][info][gc,nmethod  ] GC(405) NMethods: 1456 registered, 10 unregistered
[219.445s][info][gc,metaspace] GC(405) Metaspace: 11M used, 11M committed, 1088M reserved
[219.445s][info][gc,ref      ] GC(405) Soft: 197 encountered, 0 discovered, 0 enqueued
[219.445s][info][gc,ref      ] GC(405) Weak: 695 encountered, 187 discovered, 0 enqueued
[219.445s][info][gc,ref      ] GC(405) Final: 0 encountered, 0 discovered, 0 enqueued
[219.445s][info][gc,ref      ] GC(405) Phantom: 36 encountered, 21 discovered, 0 enqueued
[219.445s][info][gc,reloc    ] GC(405) Small Pages: 977 / 1954M, Empty: 1802M, Relocated: 2M, In-Place: 0
[219.445s][info][gc,reloc    ] GC(405) Medium Pages: 11 / 352M, Empty: 352M, Relocated: 0M, In-Place: 0
[219.445s][info][gc,reloc    ] GC(405) Large Pages: 1 / 6M, Empty: 0M, Relocated: 0M, In-Place: 0
[219.445s][info][gc,reloc    ] GC(405) Forwarding Usage: 0M
[219.445s][info][gc,heap     ] GC(405) Min Capacity: 4096M(100%)
[219.445s][info][gc,heap     ] GC(405) Max Capacity: 4096M(100%)
[219.445s][info][gc,heap     ] GC(405) Soft Max Capacity: 4096M(100%)
[219.445s][info][gc,heap     ] GC(405)                Mark Start          Mark End        Relocate Start      Relocate End           High               Low         
[219.445s][info][gc,heap     ] GC(405)  Capacity:     4096M (100%)       4096M (100%)       4096M (100%)       4096M (100%)       4096M (100%)       4096M (100%)   
[219.445s][info][gc,heap     ] GC(405)      Free:     1784M (44%)        1144M (28%)        3246M (79%)        3302M (81%)        3302M (81%)        1118M (27%)    
[219.445s][info][gc,heap     ] GC(405)      Used:     2312M (56%)        2952M (72%)         850M (21%)         794M (19%)        2978M (73%)         794M (19%)    
[219.445s][info][gc,heap     ] GC(405)      Live:         -                98M (2%)           98M (2%)           98M (2%)             -                  -          
[219.445s][info][gc,heap     ] GC(405) Allocated:         -               640M (16%)         692M (17%)         691M (17%)            -                  -          
[219.445s][info][gc,heap     ] GC(405)   Garbage:         -              2213M (54%)          59M (1%)            3M (0%)             -                  -          
[219.445s][info][gc,heap     ] GC(405) Reclaimed:         -                  -              2154M (53%)        2209M (54%)            -                  -          
[219.445s][info][gc          ] GC(405) Garbage Collection (Allocation Rate) 2312M(56%)->794M(19%)
[219.887s][info][gc,start    ] GC(406) Garbage Collection (Allocation Rate)
[219.887s][info][gc,task     ] GC(406) Using 2 workers
[219.888s][info][gc,phases   ] GC(406) Pause Mark Start 0.009ms
[219.981s][info][gc,phases   ] GC(406) Concurrent Mark 93.785ms
[219.982s][info][gc,phases   ] GC(406) Pause Mark End 0.023ms
[219.982s][info][gc,phases   ] GC(406) Concurrent Mark Free 0.003ms
[219.988s][info][gc,phases   ] GC(406) Concurrent Process Non-Strong References 6.198ms
[219.988s][info][gc,phases   ] GC(406) Concurrent Reset Relocation Set 0.003ms
[219.992s][info][gc,phases   ] GC(406) Concurrent Select Relocation Set 3.438ms
[219.992s][info][gc,phases   ] GC(406) Pause Relocate Start 0.022ms
[219.994s][info][gc,phases   ] GC(406) Concurrent Relocate 1.743ms
[219.994s][info][gc,load     ] GC(406) Load: 0.00/0.00/0.00
[219.994s][info][gc,mmu      ] GC(406) MMU: 2ms/96.2%, 5ms/98.5%, 10ms/99.0%, 20ms/99.5%, 50ms/99.8%, 100ms/99.9%
[219.994s][info][gc,marking  ] GC(406) Mark: 2 stripe(s), 2 proactive flush(es), 1 terminate flush(es), 0 completion(s), 0 continuation(s) 
[219.994s][info][gc,marking  ] GC(406) Mark Stack Usage: 32M
[219.994s][info][gc,nmethod  ] GC(406) NMethods: 1456 registered, 10 unregistered
[219.994s][info][gc,metaspace] GC(406) Metaspace: 11M used, 11M committed, 1088M reserved
[219.994s][info][gc,ref      ] GC(406) Soft: 197 encountered, 0 discovered, 0 enqueued
[219.994s][info][gc,ref      ] GC(406) Weak: 695 encountered, 10 discovered, 0 enqueued
[219.994s][info][gc,ref      ] GC(406) Final: 0 encountered, 0 discovered, 0 enqueued
[219.994s][info][gc,ref      ] GC(406) Phantom: 36 encountered, 27 discovered, 0 enqueued
[219.994s][info][gc,reloc    ] GC(406) Small Pages: 1216 / 2432M, Empty: 2300M, Relocated: 3M, In-Place: 0
[219.994s][info][gc,reloc    ] GC(406) Medium Pages: 12 / 384M, Empty: 352M, Relocated: 0M, In-Place: 0
[219.994s][info][gc,reloc    ] GC(406) Large Pages: 1 / 6M, Empty: 0M, Relocated: 0M, In-Place: 0
[219.994s][info][gc,reloc    ] GC(406) Forwarding Usage: 0M
[219.994s][info][gc,heap     ] GC(406) Min Capacity: 4096M(100%)
[219.994s][info][gc,heap     ] GC(406) Max Capacity: 4096M(100%)
[219.994s][info][gc,heap     ] GC(406) Soft Max Capacity: 4096M(100%)
[219.994s][info][gc,heap     ] GC(406)                Mark Start          Mark End        Relocate Start      Relocate End           High               Low         
[219.994s][info][gc,heap     ] GC(406)  Capacity:     4096M (100%)       4096M (100%)       4096M (100%)       4096M (100%)       4096M (100%)       4096M (100%)   
[219.994s][info][gc,heap     ] GC(406)      Free:     1274M (31%)         936M (23%)        3566M (87%)        3600M (88%)        3600M (88%)         936M (23%)    
[219.994s][info][gc,heap     ] GC(406)      Used:     2822M (69%)        3160M (77%)         530M (13%)         496M (12%)        3160M (77%)         496M (12%)    
[219.994s][info][gc,heap     ] GC(406)      Live:         -               100M (2%)          100M (2%)          100M (2%)             -                  -          
[219.994s][info][gc,heap     ] GC(406) Allocated:         -               338M (8%)          360M (9%)          363M (9%)             -                  -          
[219.994s][info][gc,heap     ] GC(406)   Garbage:         -              2721M (66%)          69M (2%)           31M (1%)             -                  -          
[219.994s][info][gc,heap     ] GC(406) Reclaimed:         -                  -              2652M (65%)        2689M (66%)            -                  -          
[219.994s][info][gc          ] GC(406) Garbage Collection (Allocation Rate) 2822M(69%)->496M(12%)
[220.186s][info][gc,stats    ] === Garbage Collection Statistics =======================================================================================================================
[220.186s][info][gc,stats    ]                                                              Last 10s              Last 10m              Last 10h                Total
[220.186s][info][gc,stats    ]                                                              Avg / Max             Avg / Max             Avg / Max             Avg / Max
[220.186s][info][gc,stats    ]   Collector: Garbage Collection Cycle                    167.772 / 250.302     162.099 / 259.019     162.099 / 259.019     162.099 / 259.019     ms
[220.186s][info][gc,stats    ]  Contention: Mark Segment Reset Contention                     0 / 1                 0 / 2                 0 / 2                 0 / 2           ops/s
[220.186s][info][gc,stats    ]  Contention: Mark SeqNum Reset Contention                      0 / 1                 0 / 2                 0 / 2                 0 / 2           ops/s
[220.186s][info][gc,stats    ]    Critical: Allocation Stall                                  0 / 0                 0 / 0                 0 / 0                 0 / 0           ops/s
[220.186s][info][gc,stats    ]    Critical: Allocation Stall                              0.000 / 0.000         0.000 / 0.000         0.000 / 0.000         0.000 / 0.000       ms
[220.186s][info][gc,stats    ]    Critical: GC Locker Stall                                   0 / 0                 0 / 0                 0 / 0                 0 / 0           ops/s
[220.186s][info][gc,stats    ]    Critical: GC Locker Stall                               0.000 / 0.000         0.000 / 0.000         0.000 / 0.000         0.000 / 0.000       ms
[220.186s][info][gc,stats    ]    Critical: Relocation Stall                                  0 / 0                 0 / 0                 0 / 0                 0 / 0           ops/s
[220.186s][info][gc,stats    ]    Critical: Relocation Stall                              0.000 / 0.000         0.000 / 0.000         0.000 / 0.000         0.000 / 0.000       ms
[220.186s][info][gc,stats    ]      Memory: Allocation Rate                                4334 / 4564           4298 / 4598           4298 / 4598           4298 / 4598        MB/s
[220.186s][info][gc,stats    ]      Memory: Defragment                                        0 / 0                 0 / 0                 0 / 0                 0 / 0           ops/s
[220.186s][info][gc,stats    ]      Memory: Out Of Memory                                     0 / 0                 0 / 0                 0 / 0                 0 / 0           ops/s
[220.186s][info][gc,stats    ]      Memory: Page Cache Flush                                  0 / 0                 0 / 0                 0 / 0                 0 / 0           MB/s
[220.186s][info][gc,stats    ]      Memory: Page Cache Hit L1                              1872 / 1983           1852 / 2002           1852 / 2002           1852 / 2002        ops/s
[220.186s][info][gc,stats    ]      Memory: Page Cache Hit L2                                 0 / 0                 0 / 0                 0 / 0                 0 / 0           ops/s
[220.186s][info][gc,stats    ]      Memory: Page Cache Hit L3                                 0 / 0                 7 / 437               7 / 437               7 / 437         ops/s
[220.186s][info][gc,stats    ]      Memory: Page Cache Miss                                   0 / 0                 0 / 1                 0 / 1                 0 / 1           ops/s
[220.186s][info][gc,stats    ]      Memory: Uncommit                                          0 / 0                 0 / 0                 0 / 0                 0 / 0           MB/s
[220.186s][info][gc,stats    ]      Memory: Undo Object Allocation Failed                     0 / 0                 0 / 1                 0 / 1                 0 / 1           ops/s
[220.186s][info][gc,stats    ]      Memory: Undo Object Allocation Succeeded                  0 / 1                16 / 1067             16 / 1067             16 / 1067        ops/s
[220.186s][info][gc,stats    ]      Memory: Undo Page Allocation                              2 / 7                 2 / 7                 2 / 7                 2 / 7           ops/s
[220.186s][info][gc,stats    ]       Phase: Concurrent Mark                             157.485 / 238.637     151.034 / 251.310     151.034 / 251.310     151.034 / 251.310     ms
[220.186s][info][gc,stats    ]       Phase: Concurrent Mark Continue                      0.000 / 0.000         0.000 / 0.000         0.000 / 0.000         0.000 / 0.000       ms
[220.186s][info][gc,stats    ]       Phase: Concurrent Mark Free                          0.001 / 0.003         0.002 / 0.005         0.002 / 0.005         0.002 / 0.005       ms
[220.186s][info][gc,stats    ]       Phase: Concurrent Process Non-Strong References      5.175 / 17.735        5.212 / 24.469        5.212 / 24.469        5.212 / 24.469      ms
[220.186s][info][gc,stats    ]       Phase: Concurrent Relocate                           0.960 / 1.796         1.826 / 57.532        1.826 / 57.532        1.826 / 57.532      ms
[220.186s][info][gc,stats    ]       Phase: Concurrent Reset Relocation Set               0.004 / 0.007         0.004 / 0.026         0.004 / 0.026         0.004 / 0.026       ms
[220.186s][info][gc,stats    ]       Phase: Concurrent Select Relocation Set              3.196 / 4.258         3.015 / 13.885        3.015 / 13.885        3.015 / 13.885      ms
[220.186s][info][gc,stats    ]       Phase: Pause Mark End                                0.017 / 0.028         0.018 / 0.047         0.018 / 0.047         0.018 / 0.047       ms
[220.186s][info][gc,stats    ]       Phase: Pause Mark Start                              0.010 / 0.015         0.010 / 0.027         0.010 / 0.027         0.010 / 0.027       ms
[220.186s][info][gc,stats    ]       Phase: Pause Relocate Start                          0.013 / 0.025         0.012 / 0.077         0.012 / 0.077         0.012 / 0.077       ms
[220.186s][info][gc,stats    ]    Subphase: Concurrent Classes Purge                      0.013 / 0.025         0.015 / 0.208         0.015 / 0.208         0.015 / 0.208       ms
[220.186s][info][gc,stats    ]    Subphase: Concurrent Classes Unlink                     3.051 / 4.011         2.761 / 4.011         2.761 / 4.011         2.761 / 4.011       ms
[220.186s][info][gc,stats    ]    Subphase: Concurrent Mark                             140.902 / 237.889     136.160 / 250.559     136.160 / 250.559     136.160 / 250.559     ms
[220.186s][info][gc,stats    ]    Subphase: Concurrent Mark Try Flush                     1.438 / 27.025        0.786 / 27.025        0.786 / 27.025        0.786 / 27.025      ms
[220.186s][info][gc,stats    ]    Subphase: Concurrent Mark Try Terminate                 1.293 / 15.600        1.189 / 17.378        1.189 / 17.378        1.189 / 17.378      ms
[220.186s][info][gc,stats    ]    Subphase: Concurrent References Enqueue                 0.001 / 0.002         0.001 / 0.015         0.001 / 0.015         0.001 / 0.015       ms
[220.186s][info][gc,stats    ]    Subphase: Concurrent References Process                 0.079 / 0.168         0.085 / 0.535         0.085 / 0.535         0.085 / 0.535       ms
[220.186s][info][gc,stats    ]    Subphase: Concurrent Roots ClassLoaderDataGraph         0.068 / 0.150         0.070 / 0.272         0.070 / 0.272         0.070 / 0.272       ms
[220.186s][info][gc,stats    ]    Subphase: Concurrent Roots CodeCache                    0.000 / 0.000         0.000 / 0.000         0.000 / 0.000         0.000 / 0.000       ms
[220.186s][info][gc,stats    ]    Subphase: Concurrent Roots JavaThreads                  0.953 / 8.931         0.631 / 8.931         0.631 / 8.931         0.631 / 8.931       ms
[220.186s][info][gc,stats    ]    Subphase: Concurrent Roots OopStorageSet                0.027 / 0.084         0.028 / 0.099         0.028 / 0.099         0.028 / 0.099       ms
[220.186s][info][gc,stats    ]    Subphase: Concurrent Weak Roots OopStorageSet           0.180 / 0.236         0.188 / 0.369         0.188 / 0.369         0.188 / 0.369       ms
[220.186s][info][gc,stats    ]    Subphase: Pause Mark Try Complete                       0.000 / 0.000         0.000 / 0.000         0.000 / 0.000         0.000 / 0.000       ms
[220.186s][info][gc,stats    ]      System: Java Threads                                     25 / 25               23 / 25               23 / 25               23 / 25          threads
[220.186s][info][gc,stats    ] =========================================================================================================================================================
[220.484s][info][gc,start    ] GC(407) Garbage Collection (Allocation Rate)
[220.484s][info][gc,task     ] GC(407) Using 1 workers
[220.484s][info][gc,phases   ] GC(407) Pause Mark Start 0.012ms
[220.701s][info][gc,phases   ] GC(407) Concurrent Mark 216.413ms
[220.701s][info][gc,phases   ] GC(407) Pause Mark End 0.013ms
[220.701s][info][gc,phases   ] GC(407) Concurrent Mark Free 0.001ms
[220.704s][info][gc,phases   ] GC(407) Concurrent Process Non-Strong References 2.897ms
[220.704s][info][gc,phases   ] GC(407) Concurrent Reset Relocation Set 0.003ms
[220.708s][info][gc,phases   ] GC(407) Concurrent Select Relocation Set 3.921ms
[220.708s][info][gc,phases   ] GC(407) Pause Relocate Start 0.018ms
[220.709s][info][gc,phases   ] GC(407) Concurrent Relocate 0.588ms
[220.709s][info][gc,load     ] GC(407) Load: 0.00/0.00/0.00
[220.709s][info][gc,mmu      ] GC(407) MMU: 2ms/96.2%, 5ms/98.5%, 10ms/99.0%, 20ms/99.5%, 50ms/99.8%, 100ms/99.9%
[220.709s][info][gc,marking  ] GC(407) Mark: 1 stripe(s), 2 proactive flush(es), 1 terminate flush(es), 0 completion(s), 0 continuation(s) 
[220.709s][info][gc,marking  ] GC(407) Mark Stack Usage: 32M
[220.709s][info][gc,nmethod  ] GC(407) NMethods: 1456 registered, 10 unregistered
[220.709s][info][gc,metaspace] GC(407) Metaspace: 11M used, 11M committed, 1088M reserved
[220.709s][info][gc,ref      ] GC(407) Soft: 197 encountered, 0 discovered, 0 enqueued
[220.709s][info][gc,ref      ] GC(407) Weak: 695 encountered, 187 discovered, 0 enqueued
[220.709s][info][gc,ref      ] GC(407) Final: 0 encountered, 0 discovered, 0 enqueued
[220.709s][info][gc,ref      ] GC(407) Phantom: 36 encountered, 21 discovered, 0 enqueued
[220.709s][info][gc,reloc    ] GC(407) Small Pages: 1174 / 2348M, Empty: 2224M, Relocated: 0M, In-Place: 0
[220.709s][info][gc,reloc    ] GC(407) Medium Pages: 13 / 416M, Empty: 384M, Relocated: 0M, In-Place: 0
[220.709s][info][gc,reloc    ] GC(407) Large Pages: 1 / 6M, Empty: 0M, Relocated: 0M, In-Place: 0
[220.709s][info][gc,reloc    ] GC(407) Forwarding Usage: 0M
[220.709s][info][gc,heap     ] GC(407) Min Capacity: 4096M(100%)
[220.709s][info][gc,heap     ] GC(407) Max Capacity: 4096M(100%)
[220.709s][info][gc,heap     ] GC(407) Soft Max Capacity: 4096M(100%)
[220.709s][info][gc,heap     ] GC(407)                Mark Start          Mark End        Relocate Start      Relocate End           High               Low         
[220.709s][info][gc,heap     ] GC(407)  Capacity:     4096M (100%)       4096M (100%)       4096M (100%)       4096M (100%)       4096M (100%)       4096M (100%)   
[220.709s][info][gc,heap     ] GC(407)      Free:     1326M (32%)         450M (11%)        3034M (74%)        3060M (75%)        3062M (75%)         450M (11%)    
[220.709s][info][gc,heap     ] GC(407)      Used:     2770M (68%)        3646M (89%)        1062M (26%)        1036M (25%)        3646M (89%)        1034M (25%)    
[220.709s][info][gc,heap     ] GC(407)      Live:         -                99M (2%)           99M (2%)           99M (2%)             -                  -          
[220.709s][info][gc,heap     ] GC(407) Allocated:         -               876M (21%)         900M (22%)         905M (22%)            -                  -          
[220.709s][info][gc,heap     ] GC(407)   Garbage:         -              2670M (65%)          62M (2%)           30M (1%)             -                  -          
[220.709s][info][gc,heap     ] GC(407) Reclaimed:         -                  -              2608M (64%)        2639M (64%)            -                  -          
[220.709s][info][gc          ] GC(407) Garbage Collection (Allocation Rate) 2770M(68%)->1036M(25%)
[220.986s][info][gc,start    ] GC(408) Garbage Collection (Allocation Rate)
[220.987s][info][gc,task     ] GC(408) Using 1 workers
[220.987s][info][gc,phases   ] GC(408) Pause Mark Start 0.009ms
[221.149s][info][gc,phases   ] GC(408) Concurrent Mark 162.401ms
[221.149s][info][gc,phases   ] GC(408) Pause Mark End 0.011ms
[221.149s][info][gc,phases   ] GC(408) Concurrent Mark Free 0.002ms
[221.152s][info][gc,phases   ] GC(408) Concurrent Process Non-Strong References 2.227ms
[221.152s][info][gc,phases   ] GC(408) Concurrent Reset Relocation Set 0.002ms
[221.153s][info][gc,phases   ] GC(408) Concurrent Select Relocation Set 1.740ms
[221.154s][info][gc,phases   ] GC(408) Pause Relocate Start 0.008ms
[221.155s][info][gc,phases   ] GC(408) Concurrent Relocate 1.741ms
[221.155s][info][gc,load     ] GC(408) Load: 0.00/0.00/0.00
[221.155s][info][gc,mmu      ] GC(408) MMU: 2ms/96.2%, 5ms/98.5%, 10ms/99.0%, 20ms/99.5%, 50ms/99.8%, 100ms/99.9%
[221.155s][info][gc,marking  ] GC(408) Mark: 1 stripe(s), 2 proactive flush(es), 1 terminate flush(es), 0 completion(s), 0 continuation(s) 
[221.155s][info][gc,marking  ] GC(408) Mark Stack Usage: 32M
[221.155s][info][gc,nmethod  ] GC(408) NMethods: 1456 registered, 10 unregistered
[221.155s][info][gc,metaspace] GC(408) Metaspace: 11M used, 11M committed, 1088M reserved
[221.156s][info][gc,ref      ] GC(408) Soft: 197 encountered, 0 discovered, 0 enqueued
[221.156s][info][gc,ref      ] GC(408) Weak: 695 encountered, 187 discovered, 0 enqueued
[221.156s][info][gc,ref      ] GC(408) Final: 0 encountered, 0 discovered, 0 enqueued
[221.156s][info][gc,ref      ] GC(408) Phantom: 36 encountered, 21 discovered, 0 enqueued
[221.156s][info][gc,reloc    ] GC(408) Small Pages: 987 / 1974M, Empty: 1830M, Relocated: 4M, In-Place: 0
[221.156s][info][gc,reloc    ] GC(408) Medium Pages: 11 / 352M, Empty: 352M, Relocated: 0M, In-Place: 0
[221.156s][info][gc,reloc    ] GC(408) Large Pages: 1 / 6M, Empty: 0M, Relocated: 0M, In-Place: 0
[221.156s][info][gc,reloc    ] GC(408) Forwarding Usage: 0M
[221.156s][info][gc,heap     ] GC(408) Min Capacity: 4096M(100%)
[221.156s][info][gc,heap     ] GC(408) Max Capacity: 4096M(100%)
[221.156s][info][gc,heap     ] GC(408) Soft Max Capacity: 4096M(100%)
[221.156s][info][gc,heap     ] GC(408)                Mark Start          Mark End        Relocate Start      Relocate End           High               Low         
[221.156s][info][gc,heap     ] GC(408)  Capacity:     4096M (100%)       4096M (100%)       4096M (100%)       4096M (100%)       4096M (100%)       4096M (100%)   
[221.156s][info][gc,heap     ] GC(408)      Free:     1764M (43%)        1506M (37%)        3688M (90%)        3736M (91%)        3736M (91%)        1506M (37%)    
[221.156s][info][gc,heap     ] GC(408)      Used:     2332M (57%)        2590M (63%)         408M (10%)         360M (9%)         2590M (63%)         360M (9%)     
[221.156s][info][gc,heap     ] GC(408)      Live:         -                99M (2%)           99M (2%)           99M (2%)             -                  -          
[221.156s][info][gc,heap     ] GC(408) Allocated:         -               258M (6%)          258M (6%)          258M (6%)             -                  -          
[221.156s][info][gc,heap     ] GC(408)   Garbage:         -              2232M (54%)          50M (1%)            2M (0%)             -                  -          
[221.156s][info][gc,heap     ] GC(408) Reclaimed:         -                  -              2182M (53%)        2230M (54%)            -                  -          
[221.156s][info][gc          ] GC(408) Garbage Collection (Allocation Rate) 2332M(57%)->360M(9%)
[221.156s][info][gc,start    ] GC(409) Garbage Collection (System.gc())
[221.156s][info][gc,task     ] GC(409) Using 2 workers
[221.156s][info][gc,phases   ] GC(409) Pause Mark Start 0.005ms
[221.206s][info][gc,phases   ] GC(409) Concurrent Mark 50.277ms
[221.206s][info][gc,phases   ] GC(409) Pause Mark End 0.012ms
[221.206s][info][gc,phases   ] GC(409) Concurrent Mark Free 0.002ms
[221.208s][info][gc,phases   ] GC(409) Concurrent Process Non-Strong References 1.890ms
[221.208s][info][gc,phases   ] GC(409) Concurrent Reset Relocation Set 0.002ms
[221.210s][info][gc,phases   ] GC(409) Concurrent Select Relocation Set 1.331ms
[221.210s][info][gc,phases   ] GC(409) Pause Relocate Start 0.005ms
[221.210s][info][gc,phases   ] GC(409) Concurrent Relocate 0.371ms
[221.210s][info][gc,load     ] GC(409) Load: 0.00/0.00/0.00
[221.210s][info][gc,mmu      ] GC(409) MMU: 2ms/96.2%, 5ms/98.5%, 10ms/99.0%, 20ms/99.5%, 50ms/99.8%, 100ms/99.9%
[221.210s][info][gc,marking  ] GC(409) Mark: 2 stripe(s), 1 proactive flush(es), 1 terminate flush(es), 0 completion(s), 0 continuation(s) 
[221.210s][info][gc,marking  ] GC(409) Mark Stack Usage: 32M
[221.210s][info][gc,nmethod  ] GC(409) NMethods: 1456 registered, 10 unregistered
[221.210s][info][gc,metaspace] GC(409) Metaspace: 11M used, 11M committed, 1088M reserved
[221.210s][info][gc,ref      ] GC(409) Soft: 197 encountered, 0 discovered, 0 enqueued
[221.210s][info][gc,ref      ] GC(409) Weak: 695 encountered, 5 discovered, 0 enqueued
[221.210s][info][gc,ref      ] GC(409) Final: 0 encountered, 0 discovered, 0 enqueued
[221.210s][info][gc,ref      ] GC(409) Phantom: 36 encountered, 16 discovered, 0 enqueued
[221.210s][info][gc,reloc    ] GC(409) Small Pages: 145 / 290M, Empty: 194M, Relocated: 0M, In-Place: 0
[221.210s][info][gc,reloc    ] GC(409) Medium Pages: 2 / 64M, Empty: 64M, Relocated: 0M, In-Place: 0
[221.210s][info][gc,reloc    ] GC(409) Large Pages: 1 / 6M, Empty: 0M, Relocated: 0M, In-Place: 0
[221.210s][info][gc,reloc    ] GC(409) Forwarding Usage: 0M
[221.210s][info][gc,heap     ] GC(409) Min Capacity: 4096M(100%)
[221.210s][info][gc,heap     ] GC(409) Max Capacity: 4096M(100%)
[221.210s][info][gc,heap     ] GC(409) Soft Max Capacity: 4096M(100%)
[221.210s][info][gc,heap     ] GC(409)                Mark Start          Mark End        Relocate Start      Relocate End           High               Low         
[221.210s][info][gc,heap     ] GC(409)  Capacity:     4096M (100%)       4096M (100%)       4096M (100%)       4096M (100%)       4096M (100%)       4096M (100%)   
[221.210s][info][gc,heap     ] GC(409)      Free:     3736M (91%)        3736M (91%)        3994M (98%)        3996M (98%)        3996M (98%)        3736M (91%)    
[221.210s][info][gc,heap     ] GC(409)      Used:      360M (9%)          360M (9%)          102M (2%)          100M (2%)          360M (9%)          100M (2%)     
[221.210s][info][gc,heap     ] GC(409)      Live:         -                95M (2%)           95M (2%)           95M (2%)             -                  -          
[221.210s][info][gc,heap     ] GC(409) Allocated:         -                 0M (0%)            0M (0%)            0M (0%)             -                  -          
[221.210s][info][gc,heap     ] GC(409)   Garbage:         -               264M (6%)            6M (0%)            4M (0%)             -                  -          
[221.210s][info][gc,heap     ] GC(409) Reclaimed:         -                  -               258M (6%)          260M (6%)             -                  -          
[221.210s][info][gc          ] GC(409) Garbage Collection (System.gc()) 360M(9%)->100M(2%)
[221.678s][info][gc,start    ] GC(410) Garbage Collection (Allocation Rate)
[221.678s][info][gc,task     ] GC(410) Using 1 workers
[221.678s][info][gc,phases   ] GC(410) Pause Mark Start 0.011ms
[221.808s][info][gc,phases   ] GC(410) Concurrent Mark 129.901ms
[221.808s][info][gc,phases   ] GC(410) Pause Mark End 0.022ms
[221.808s][info][gc,phases   ] GC(410) Concurrent Mark Free 0.002ms
[221.815s][info][gc,phases   ] GC(410) Concurrent Process Non-Strong References 7.261ms
[221.816s][info][gc,phases   ] GC(410) Concurrent Reset Relocation Set 0.002ms
[221.819s][info][gc,phases   ] GC(410) Concurrent Select Relocation Set 3.352ms
[221.819s][info][gc,phases   ] GC(410) Pause Relocate Start 0.015ms
[221.820s][info][gc,phases   ] GC(410) Concurrent Relocate 0.446ms
[221.820s][info][gc,load     ] GC(410) Load: 0.00/0.00/0.00
[221.820s][info][gc,mmu      ] GC(410) MMU: 2ms/96.2%, 5ms/98.5%, 10ms/99.0%, 20ms/99.5%, 50ms/99.8%, 100ms/99.9%
[221.820s][info][gc,marking  ] GC(410) Mark: 1 stripe(s), 2 proactive flush(es), 1 terminate flush(es), 0 completion(s), 0 continuation(s) 
[221.820s][info][gc,marking  ] GC(410) Mark Stack Usage: 32M
[221.820s][info][gc,nmethod  ] GC(410) NMethods: 1456 registered, 10 unregistered
[221.820s][info][gc,metaspace] GC(410) Metaspace: 11M used, 11M committed, 1088M reserved
[221.820s][info][gc,ref      ] GC(410) Soft: 197 encountered, 0 discovered, 0 enqueued
[221.820s][info][gc,ref      ] GC(410) Weak: 695 encountered, 187 discovered, 0 enqueued
[221.820s][info][gc,ref      ] GC(410) Final: 0 encountered, 0 discovered, 0 enqueued
[221.820s][info][gc,ref      ] GC(410) Phantom: 36 encountered, 21 discovered, 0 enqueued
[221.820s][info][gc,reloc    ] GC(410) Small Pages: 965 / 1930M, Empty: 1806M, Relocated: 1M, In-Place: 0
[221.820s][info][gc,reloc    ] GC(410) Medium Pages: 10 / 320M, Empty: 320M, Relocated: 0M, In-Place: 0
[221.820s][info][gc,reloc    ] GC(410) Large Pages: 1 / 6M, Empty: 0M, Relocated: 0M, In-Place: 0
[221.820s][info][gc,reloc    ] GC(410) Forwarding Usage: 0M
[221.820s][info][gc,heap     ] GC(410) Min Capacity: 4096M(100%)
[221.820s][info][gc,heap     ] GC(410) Max Capacity: 4096M(100%)
[221.820s][info][gc,heap     ] GC(410) Soft Max Capacity: 4096M(100%)
[221.820s][info][gc,heap     ] GC(410)                Mark Start          Mark End        Relocate Start      Relocate End           High               Low         
[221.820s][info][gc,heap     ] GC(410)  Capacity:     4096M (100%)       4096M (100%)       4096M (100%)       4096M (100%)       4096M (100%)       4096M (100%)   
[221.820s][info][gc,heap     ] GC(410)      Free:     1840M (45%)        1258M (31%)        3366M (82%)        3394M (83%)        3394M (83%)        1258M (31%)    
[221.820s][info][gc,heap     ] GC(410)      Used:     2256M (55%)        2838M (69%)         730M (18%)         702M (17%)        2838M (69%)         702M (17%)    
[221.820s][info][gc,heap     ] GC(410)      Live:         -                96M (2%)           96M (2%)           96M (2%)             -                  -          
[221.820s][info][gc,heap     ] GC(410) Allocated:         -               582M (14%)         600M (15%)         601M (15%)            -                  -          
[221.820s][info][gc,heap     ] GC(410)   Garbage:         -              2159M (53%)          33M (1%)            3M (0%)             -                  -          
[221.820s][info][gc,heap     ] GC(410) Reclaimed:         -                  -              2126M (52%)        2155M (53%)            -                  -          
[221.820s][info][gc          ] GC(410) Garbage Collection (Allocation Rate) 2256M(55%)->702M(17%)
[222.274s][info][gc,start    ] GC(411) Garbage Collection (Allocation Rate)
[222.274s][info][gc,task     ] GC(411) Using 1 workers
[222.275s][info][gc,phases   ] GC(411) Pause Mark Start 0.009ms
[222.423s][info][gc,phases   ] GC(411) Concurrent Mark 148.368ms
[222.423s][info][gc,phases   ] GC(411) Pause Mark End 0.013ms
[222.423s][info][gc,phases   ] GC(411) Concurrent Mark Free 0.001ms
[222.427s][info][gc,phases   ] GC(411) Concurrent Process Non-Strong References 3.778ms
[222.427s][info][gc,phases   ] GC(411) Concurrent Reset Relocation Set 0.002ms
[222.430s][info][gc,phases   ] GC(411) Concurrent Select Relocation Set 2.566ms
[222.430s][info][gc,phases   ] GC(411) Pause Relocate Start 0.008ms
[222.431s][info][gc,phases   ] GC(411) Concurrent Relocate 1.168ms
[222.431s][info][gc,load     ] GC(411) Load: 0.00/0.00/0.00
[222.431s][info][gc,mmu      ] GC(411) MMU: 2ms/96.2%, 5ms/98.5%, 10ms/99.0%, 20ms/99.5%, 50ms/99.8%, 100ms/99.9%
[222.431s][info][gc,marking  ] GC(411) Mark: 1 stripe(s), 2 proactive flush(es), 1 terminate flush(es), 0 completion(s), 0 continuation(s) 
[222.431s][info][gc,marking  ] GC(411) Mark Stack Usage: 32M
[222.431s][info][gc,nmethod  ] GC(411) NMethods: 1456 registered, 10 unregistered
[222.431s][info][gc,metaspace] GC(411) Metaspace: 11M used, 11M committed, 1088M reserved
[222.431s][info][gc,ref      ] GC(411) Soft: 197 encountered, 0 discovered, 0 enqueued
[222.431s][info][gc,ref      ] GC(411) Weak: 695 encountered, 187 discovered, 0 enqueued
[222.431s][info][gc,ref      ] GC(411) Final: 0 encountered, 0 discovered, 0 enqueued
[222.431s][info][gc,ref      ] GC(411) Phantom: 36 encountered, 21 discovered, 0 enqueued
[222.431s][info][gc,reloc    ] GC(411) Small Pages: 1212 / 2424M, Empty: 2290M, Relocated: 2M, In-Place: 0
[222.431s][info][gc,reloc    ] GC(411) Medium Pages: 12 / 384M, Empty: 384M, Relocated: 0M, In-Place: 0
[222.431s][info][gc,reloc    ] GC(411) Large Pages: 1 / 6M, Empty: 0M, Relocated: 0M, In-Place: 0
[222.431s][info][gc,reloc    ] GC(411) Forwarding Usage: 0M
[222.431s][info][gc,heap     ] GC(411) Min Capacity: 4096M(100%)
[222.431s][info][gc,heap     ] GC(411) Max Capacity: 4096M(100%)
[222.431s][info][gc,heap     ] GC(411) Soft Max Capacity: 4096M(100%)
[222.431s][info][gc,heap     ] GC(411)                Mark Start          Mark End        Relocate Start      Relocate End           High               Low         
[222.431s][info][gc,heap     ] GC(411)  Capacity:     4096M (100%)       4096M (100%)       4096M (100%)       4096M (100%)       4096M (100%)       4096M (100%)   
[222.431s][info][gc,heap     ] GC(411)      Free:     1282M (31%)         646M (16%)        3304M (81%)        3344M (82%)        3344M (82%)         630M (15%)    
[222.431s][info][gc,heap     ] GC(411)      Used:     2814M (69%)        3450M (84%)         792M (19%)         752M (18%)        3466M (85%)         752M (18%)    
[222.431s][info][gc,heap     ] GC(411)      Live:         -                97M (2%)           97M (2%)           97M (2%)             -                  -          
[222.431s][info][gc,heap     ] GC(411) Allocated:         -               636M (16%)         652M (16%)         651M (16%)            -                  -          
[222.431s][info][gc,heap     ] GC(411)   Garbage:         -              2716M (66%)          42M (1%)            2M (0%)             -                  -          
[222.431s][info][gc,heap     ] GC(411) Reclaimed:         -                  -              2674M (65%)        2713M (66%)            -                  -          
[222.431s][info][gc          ] GC(411) Garbage Collection (Allocation Rate) 2814M(69%)->752M(18%)
[222.777s][info][gc,start    ] GC(412) Garbage Collection (Allocation Rate)
[222.777s][info][gc,task     ] GC(412) Using 1 workers
[222.777s][info][gc,phases   ] GC(412) Pause Mark Start 0.010ms
[222.928s][info][gc,phases   ] GC(412) Concurrent Mark 150.537ms
[222.928s][info][gc,phases   ] GC(412) Pause Mark End 0.021ms
[222.928s][info][gc,phases   ] GC(412) Concurrent Mark Free 0.005ms
[222.932s][info][gc,phases   ] GC(412) Concurrent Process Non-Strong References 3.524ms
[222.932s][info][gc,phases   ] GC(412) Concurrent Reset Relocation Set 0.002ms
[222.934s][info][gc,phases   ] GC(412) Concurrent Select Relocation Set 2.464ms
[222.934s][info][gc,phases   ] GC(412) Pause Relocate Start 0.011ms
[222.935s][info][gc,phases   ] GC(412) Concurrent Relocate 1.001ms
[222.935s][info][gc,load     ] GC(412) Load: 0.00/0.00/0.00
[222.935s][info][gc,mmu      ] GC(412) MMU: 2ms/96.2%, 5ms/98.5%, 10ms/99.0%, 20ms/99.5%, 50ms/99.8%, 100ms/99.9%
[222.935s][info][gc,marking  ] GC(412) Mark: 1 stripe(s), 2 proactive flush(es), 1 terminate flush(es), 0 completion(s), 0 continuation(s) 
[222.935s][info][gc,marking  ] GC(412) Mark Stack Usage: 32M
[222.935s][info][gc,nmethod  ] GC(412) NMethods: 1456 registered, 10 unregistered
[222.935s][info][gc,metaspace] GC(412) Metaspace: 11M used, 11M committed, 1088M reserved
[222.935s][info][gc,ref      ] GC(412) Soft: 197 encountered, 0 discovered, 0 enqueued
[222.935s][info][gc,ref      ] GC(412) Weak: 695 encountered, 187 discovered, 0 enqueued
[222.935s][info][gc,ref      ] GC(412) Final: 0 encountered, 0 discovered, 0 enqueued
[222.936s][info][gc,ref      ] GC(412) Phantom: 36 encountered, 21 discovered, 0 enqueued
[222.936s][info][gc,reloc    ] GC(412) Small Pages: 998 / 1996M, Empty: 1870M, Relocated: 2M, In-Place: 0
[222.936s][info][gc,reloc    ] GC(412) Medium Pages: 10 / 320M, Empty: 320M, Relocated: 0M, In-Place: 0
[222.936s][info][gc,reloc    ] GC(412) Large Pages: 1 / 6M, Empty: 0M, Relocated: 0M, In-Place: 0
[222.936s][info][gc,reloc    ] GC(412) Forwarding Usage: 0M
[222.936s][info][gc,heap     ] GC(412) Min Capacity: 4096M(100%)
[222.936s][info][gc,heap     ] GC(412) Max Capacity: 4096M(100%)
[222.936s][info][gc,heap     ] GC(412) Soft Max Capacity: 4096M(100%)
[222.936s][info][gc,heap     ] GC(412)                Mark Start          Mark End        Relocate Start      Relocate End           High               Low         
[222.936s][info][gc,heap     ] GC(412)  Capacity:     4096M (100%)       4096M (100%)       4096M (100%)       4096M (100%)       4096M (100%)       4096M (100%)   
[222.936s][info][gc,heap     ] GC(412)      Free:     1774M (43%)        1128M (28%)        3312M (81%)        3344M (82%)        3344M (82%)        1122M (27%)    
[222.936s][info][gc,heap     ] GC(412)      Used:     2322M (57%)        2968M (72%)         784M (19%)         752M (18%)        2974M (73%)         752M (18%)    
[222.936s][info][gc,heap     ] GC(412)      Live:         -                97M (2%)           97M (2%)           97M (2%)             -                  -          
[222.936s][info][gc,heap     ] GC(412) Allocated:         -               646M (16%)         652M (16%)         651M (16%)            -                  -          
[222.936s][info][gc,heap     ] GC(412)   Garbage:         -              2224M (54%)          34M (1%)            2M (0%)             -                  -          
[222.936s][info][gc,heap     ] GC(412) Reclaimed:         -                  -              2190M (53%)        2221M (54%)            -                  -          
[222.936s][info][gc          ] GC(412) Garbage Collection (Allocation Rate) 2322M(57%)->752M(18%)
[223.373s][info][gc,start    ] GC(413) Garbage Collection (Allocation Rate)
[223.373s][info][gc,task     ] GC(413) Using 1 workers
[223.373s][info][gc,phases   ] GC(413) Pause Mark Start 0.010ms
[223.602s][info][gc,phases   ] GC(413) Concurrent Mark 228.535ms
[223.602s][info][gc,phases   ] GC(413) Pause Mark End 0.017ms
[223.602s][info][gc,phases   ] GC(413) Concurrent Mark Free 0.002ms
[223.606s][info][gc,phases   ] GC(413) Concurrent Process Non-Strong References 3.449ms
[223.606s][info][gc,phases   ] GC(413) Concurrent Reset Relocation Set 0.002ms
[223.608s][info][gc,phases   ] GC(413) Concurrent Select Relocation Set 2.617ms
[223.609s][info][gc,phases   ] GC(413) Pause Relocate Start 0.009ms
[223.609s][info][gc,phases   ] GC(413) Concurrent Relocate 0.498ms
[223.609s][info][gc,load     ] GC(413) Load: 0.00/0.00/0.00
[223.609s][info][gc,mmu      ] GC(413) MMU: 2ms/96.2%, 5ms/98.5%, 10ms/99.0%, 20ms/99.5%, 50ms/99.8%, 100ms/99.9%
[223.609s][info][gc,marking  ] GC(413) Mark: 1 stripe(s), 2 proactive flush(es), 1 terminate flush(es), 0 completion(s), 0 continuation(s) 
[223.609s][info][gc,marking  ] GC(413) Mark Stack Usage: 32M
[223.609s][info][gc,nmethod  ] GC(413) NMethods: 1456 registered, 10 unregistered
[223.609s][info][gc,metaspace] GC(413) Metaspace: 11M used, 11M committed, 1088M reserved
[223.609s][info][gc,ref      ] GC(413) Soft: 197 encountered, 0 discovered, 0 enqueued
[223.609s][info][gc,ref      ] GC(413) Weak: 695 encountered, 187 discovered, 0 enqueued
[223.609s][info][gc,ref      ] GC(413) Final: 0 encountered, 0 discovered, 0 enqueued
[223.609s][info][gc,ref      ] GC(413) Phantom: 36 encountered, 21 discovered, 0 enqueued
[223.609s][info][gc,reloc    ] GC(413) Small Pages: 1191 / 2382M, Empty: 2258M, Relocated: 0M, In-Place: 0
[223.609s][info][gc,reloc    ] GC(413) Medium Pages: 12 / 384M, Empty: 352M, Relocated: 0M, In-Place: 0
[223.609s][info][gc,reloc    ] GC(413) Large Pages: 1 / 6M, Empty: 0M, Relocated: 0M, In-Place: 0
[223.609s][info][gc,reloc    ] GC(413) Forwarding Usage: 0M
[223.609s][info][gc,heap     ] GC(413) Min Capacity: 4096M(100%)
[223.609s][info][gc,heap     ] GC(413) Max Capacity: 4096M(100%)
[223.609s][info][gc,heap     ] GC(413) Soft Max Capacity: 4096M(100%)
[223.609s][info][gc,heap     ] GC(413)                Mark Start          Mark End        Relocate Start      Relocate End           High               Low         
[223.609s][info][gc,heap     ] GC(413)  Capacity:     4096M (100%)       4096M (100%)       4096M (100%)       4096M (100%)       4096M (100%)       4096M (100%)   
[223.609s][info][gc,heap     ] GC(413)      Free:     1324M (32%)         370M (9%)         2944M (72%)        2976M (73%)        2976M (73%)         334M (8%)     
[223.609s][info][gc,heap     ] GC(413)      Used:     2772M (68%)        3726M (91%)        1152M (28%)        1120M (27%)        3762M (92%)        1120M (27%)    
[223.609s][info][gc,heap     ] GC(413)      Live:         -                99M (2%)           99M (2%)           99M (2%)             -                  -          
[223.609s][info][gc,heap     ] GC(413) Allocated:         -               954M (23%)         990M (24%)         990M (24%)            -                  -          
[223.609s][info][gc,heap     ] GC(413)   Garbage:         -              2672M (65%)          62M (2%)           30M (1%)             -                  -          
[223.609s][info][gc,heap     ] GC(413) Reclaimed:         -                  -              2610M (64%)        2642M (65%)            -                  -          
[223.609s][info][gc          ] GC(413) Garbage Collection (Allocation Rate) 2772M(68%)->1120M(27%)
[223.875s][info][gc,start    ] GC(414) Garbage Collection (Allocation Rate)
[223.875s][info][gc,task     ] GC(414) Using 1 workers
[223.875s][info][gc,phases   ] GC(414) Pause Mark Start 0.011ms
[224.014s][info][gc,phases   ] GC(414) Concurrent Mark 138.588ms
[224.014s][info][gc,phases   ] GC(414) Pause Mark End 0.012ms
[224.014s][info][gc,phases   ] GC(414) Concurrent Mark Free 0.001ms
[224.024s][info][gc,phases   ] GC(414) Concurrent Process Non-Strong References 9.253ms
[224.024s][info][gc,phases   ] GC(414) Concurrent Reset Relocation Set 0.004ms
[224.027s][info][gc,phases   ] GC(414) Concurrent Select Relocation Set 3.596ms
[224.028s][info][gc,phases   ] GC(414) Pause Relocate Start 0.009ms
[224.028s][info][gc,phases   ] GC(414) Concurrent Relocate 0.887ms
[224.029s][info][gc,load     ] GC(414) Load: 0.00/0.00/0.00
[224.029s][info][gc,mmu      ] GC(414) MMU: 2ms/96.2%, 5ms/98.5%, 10ms/99.0%, 20ms/99.5%, 50ms/99.8%, 100ms/99.9%
[224.029s][info][gc,marking  ] GC(414) Mark: 1 stripe(s), 2 proactive flush(es), 1 terminate flush(es), 0 completion(s), 0 continuation(s) 
[224.029s][info][gc,marking  ] GC(414) Mark Stack Usage: 32M
[224.029s][info][gc,nmethod  ] GC(414) NMethods: 1456 registered, 10 unregistered
[224.029s][info][gc,metaspace] GC(414) Metaspace: 11M used, 11M committed, 1088M reserved
[224.029s][info][gc,ref      ] GC(414) Soft: 197 encountered, 0 discovered, 0 enqueued
[224.029s][info][gc,ref      ] GC(414) Weak: 695 encountered, 554 discovered, 0 enqueued
[224.029s][info][gc,ref      ] GC(414) Final: 0 encountered, 0 discovered, 0 enqueued
[224.029s][info][gc,ref      ] GC(414) Phantom: 36 encountered, 17 discovered, 0 enqueued
[224.029s][info][gc,reloc    ] GC(414) Small Pages: 990 / 1980M, Empty: 1844M, Relocated: 3M, In-Place: 0
[224.029s][info][gc,reloc    ] GC(414) Medium Pages: 11 / 352M, Empty: 320M, Relocated: 0M, In-Place: 0
[224.029s][info][gc,reloc    ] GC(414) Large Pages: 1 / 6M, Empty: 0M, Relocated: 0M, In-Place: 0
[224.029s][info][gc,reloc    ] GC(414) Forwarding Usage: 0M
[224.029s][info][gc,heap     ] GC(414) Min Capacity: 4096M(100%)
[224.029s][info][gc,heap     ] GC(414) Max Capacity: 4096M(100%)
[224.029s][info][gc,heap     ] GC(414) Soft Max Capacity: 4096M(100%)
[224.029s][info][gc,heap     ] GC(414)                Mark Start          Mark End        Relocate Start      Relocate End           High               Low         
[224.029s][info][gc,heap     ] GC(414)  Capacity:     4096M (100%)       4096M (100%)       4096M (100%)       4096M (100%)       4096M (100%)       4096M (100%)   
[224.029s][info][gc,heap     ] GC(414)      Free:     1758M (43%)        1228M (30%)        3316M (81%)        3354M (82%)        3354M (82%)        1172M (29%)    
[224.029s][info][gc,heap     ] GC(414)      Used:     2338M (57%)        2868M (70%)         780M (19%)         742M (18%)        2924M (71%)         742M (18%)    
[224.029s][info][gc,heap     ] GC(414)      Live:         -                99M (2%)           99M (2%)           99M (2%)             -                  -          
[224.029s][info][gc,heap     ] GC(414) Allocated:         -               530M (13%)         606M (15%)         608M (15%)            -                  -          
[224.029s][info][gc,heap     ] GC(414)   Garbage:         -              2238M (55%)          74M (2%)           34M (1%)             -                  -          
[224.029s][info][gc,heap     ] GC(414) Reclaimed:         -                  -              2164M (53%)        2204M (54%)            -                  -          
[224.029s][info][gc          ] GC(414) Garbage Collection (Allocation Rate) 2338M(57%)->742M(18%)
[224.378s][info][gc,start    ] GC(415) Garbage Collection (Allocation Rate)
[224.378s][info][gc,task     ] GC(415) Using 1 workers
[224.378s][info][gc,phases   ] GC(415) Pause Mark Start 0.013ms
[224.534s][info][gc,phases   ] GC(415) Concurrent Mark 156.579ms
[224.535s][info][gc,phases   ] GC(415) Pause Mark End 0.019ms
[224.535s][info][gc,phases   ] GC(415) Concurrent Mark Free 0.002ms
[224.540s][info][gc,phases   ] GC(415) Concurrent Process Non-Strong References 4.971ms
[224.540s][info][gc,phases   ] GC(415) Concurrent Reset Relocation Set 0.003ms
[224.542s][info][gc,phases   ] GC(415) Concurrent Select Relocation Set 2.034ms
[224.542s][info][gc,phases   ] GC(415) Pause Relocate Start 0.009ms
[224.543s][info][gc,phases   ] GC(415) Concurrent Relocate 1.417ms
[224.543s][info][gc,load     ] GC(415) Load: 0.00/0.00/0.00
[224.544s][info][gc,mmu      ] GC(415) MMU: 2ms/96.2%, 5ms/98.5%, 10ms/99.0%, 20ms/99.5%, 50ms/99.8%, 100ms/99.9%
[224.544s][info][gc,marking  ] GC(415) Mark: 1 stripe(s), 2 proactive flush(es), 1 terminate flush(es), 0 completion(s), 0 continuation(s) 
[224.544s][info][gc,marking  ] GC(415) Mark Stack Usage: 32M
[224.544s][info][gc,nmethod  ] GC(415) NMethods: 1456 registered, 10 unregistered
[224.544s][info][gc,metaspace] GC(415) Metaspace: 11M used, 11M committed, 1088M reserved
[224.544s][info][gc,ref      ] GC(415) Soft: 197 encountered, 0 discovered, 0 enqueued
[224.544s][info][gc,ref      ] GC(415) Weak: 695 encountered, 187 discovered, 0 enqueued
[224.544s][info][gc,ref      ] GC(415) Final: 0 encountered, 0 discovered, 0 enqueued
[224.544s][info][gc,ref      ] GC(415) Phantom: 36 encountered, 21 discovered, 0 enqueued
[224.544s][info][gc,reloc    ] GC(415) Small Pages: 987 / 1974M, Empty: 1838M, Relocated: 3M, In-Place: 0
[224.544s][info][gc,reloc    ] GC(415) Medium Pages: 11 / 352M, Empty: 352M, Relocated: 0M, In-Place: 0
[224.544s][info][gc,reloc    ] GC(415) Large Pages: 1 / 6M, Empty: 0M, Relocated: 0M, In-Place: 0
[224.544s][info][gc,reloc    ] GC(415) Forwarding Usage: 0M
[224.544s][info][gc,heap     ] GC(415) Min Capacity: 4096M(100%)
[224.544s][info][gc,heap     ] GC(415) Max Capacity: 4096M(100%)
[224.544s][info][gc,heap     ] GC(415) Soft Max Capacity: 4096M(100%)
[224.544s][info][gc,heap     ] GC(415)                Mark Start          Mark End        Relocate Start      Relocate End           High               Low         
[224.544s][info][gc,heap     ] GC(415)  Capacity:     4096M (100%)       4096M (100%)       4096M (100%)       4096M (100%)       4096M (100%)       4096M (100%)   
[224.544s][info][gc,heap     ] GC(415)      Free:     1764M (43%)        1126M (27%)        3316M (81%)        3358M (82%)        3358M (82%)        1126M (27%)    
[224.544s][info][gc,heap     ] GC(415)      Used:     2332M (57%)        2970M (73%)         780M (19%)         738M (18%)        2970M (73%)         738M (18%)    
[224.544s][info][gc,heap     ] GC(415)      Live:         -                98M (2%)           98M (2%)           98M (2%)             -                  -          
[224.544s][info][gc,heap     ] GC(415) Allocated:         -               638M (16%)         638M (16%)         637M (16%)            -                  -          
[224.544s][info][gc,heap     ] GC(415)   Garbage:         -              2233M (55%)          43M (1%)            1M (0%)             -                  -          
[224.544s][info][gc,heap     ] GC(415) Reclaimed:         -                  -              2190M (53%)        2231M (54%)            -                  -          
[224.544s][info][gc          ] GC(415) Garbage Collection (Allocation Rate) 2332M(57%)->738M(18%)
[224.974s][info][gc,start    ] GC(416) Garbage Collection (Allocation Rate)
[224.974s][info][gc,task     ] GC(416) Using 1 workers
[224.975s][info][gc,phases   ] GC(416) Pause Mark Start 0.009ms
[225.204s][info][gc,phases   ] GC(416) Concurrent Mark 229.604ms
[225.204s][info][gc,phases   ] GC(416) Pause Mark End 0.021ms
[225.204s][info][gc,phases   ] GC(416) Concurrent Mark Free 0.001ms
[225.209s][info][gc,phases   ] GC(416) Concurrent Process Non-Strong References 4.697ms
[225.209s][info][gc,phases   ] GC(416) Concurrent Reset Relocation Set 0.007ms
[225.213s][info][gc,phases   ] GC(416) Concurrent Select Relocation Set 3.862ms
[225.213s][info][gc,phases   ] GC(416) Pause Relocate Start 0.041ms
[225.215s][info][gc,phases   ] GC(416) Concurrent Relocate 1.076ms
[225.215s][info][gc,load     ] GC(416) Load: 0.00/0.00/0.00
[225.215s][info][gc,mmu      ] GC(416) MMU: 2ms/96.2%, 5ms/98.5%, 10ms/99.0%, 20ms/99.5%, 50ms/99.8%, 100ms/99.9%
[225.215s][info][gc,marking  ] GC(416) Mark: 1 stripe(s), 2 proactive flush(es), 1 terminate flush(es), 0 completion(s), 0 continuation(s) 
[225.215s][info][gc,marking  ] GC(416) Mark Stack Usage: 32M
[225.215s][info][gc,nmethod  ] GC(416) NMethods: 1456 registered, 10 unregistered
[225.215s][info][gc,metaspace] GC(416) Metaspace: 11M used, 11M committed, 1088M reserved
[225.215s][info][gc,ref      ] GC(416) Soft: 197 encountered, 0 discovered, 0 enqueued
[225.215s][info][gc,ref      ] GC(416) Weak: 695 encountered, 187 discovered, 0 enqueued
[225.215s][info][gc,ref      ] GC(416) Final: 0 encountered, 0 discovered, 0 enqueued
[225.215s][info][gc,ref      ] GC(416) Phantom: 36 encountered, 21 discovered, 0 enqueued
[225.215s][info][gc,reloc    ] GC(416) Small Pages: 1184 / 2368M, Empty: 2246M, Relocated: 0M, In-Place: 0
[225.215s][info][gc,reloc    ] GC(416) Medium Pages: 12 / 384M, Empty: 352M, Relocated: 0M, In-Place: 0
[225.215s][info][gc,reloc    ] GC(416) Large Pages: 1 / 6M, Empty: 0M, Relocated: 0M, In-Place: 0
[225.215s][info][gc,reloc    ] GC(416) Forwarding Usage: 0M
[225.215s][info][gc,heap     ] GC(416) Min Capacity: 4096M(100%)
[225.215s][info][gc,heap     ] GC(416) Max Capacity: 4096M(100%)
[225.215s][info][gc,heap     ] GC(416) Soft Max Capacity: 4096M(100%)
[225.215s][info][gc,heap     ] GC(416)                Mark Start          Mark End        Relocate Start      Relocate End           High               Low         
[225.215s][info][gc,heap     ] GC(416)  Capacity:     4096M (100%)       4096M (100%)       4096M (100%)       4096M (100%)       4096M (100%)       4096M (100%)   
[225.215s][info][gc,heap     ] GC(416)      Free:     1338M (33%)         340M (8%)         2888M (71%)        2910M (71%)        2916M (71%)         310M (8%)     
[225.215s][info][gc,heap     ] GC(416)      Used:     2758M (67%)        3756M (92%)        1208M (29%)        1186M (29%)        3786M (92%)        1180M (29%)    
[225.215s][info][gc,heap     ] GC(416)      Live:         -                99M (2%)           99M (2%)           99M (2%)             -                  -          
[225.215s][info][gc,heap     ] GC(416) Allocated:         -               998M (24%)        1048M (26%)        1055M (26%)            -                  -          
[225.215s][info][gc,heap     ] GC(416)   Garbage:         -              2658M (65%)          60M (1%)           30M (1%)             -                  -          
[225.215s][info][gc,heap     ] GC(416) Reclaimed:         -                  -              2598M (63%)        2627M (64%)            -                  -          
[225.215s][info][gc          ] GC(416) Garbage Collection (Allocation Rate) 2758M(67%)->1186M(29%)
[225.477s][info][gc,start    ] GC(417) Garbage Collection (Allocation Rate)
[225.477s][info][gc,task     ] GC(417) Using 1 workers
[225.477s][info][gc,phases   ] GC(417) Pause Mark Start 0.010ms
[225.664s][info][gc,phases   ] GC(417) Concurrent Mark 187.608ms
[225.665s][info][gc,phases   ] GC(417) Pause Mark End 0.015ms
[225.665s][info][gc,phases   ] GC(417) Concurrent Mark Free 0.002ms
[225.667s][info][gc,phases   ] GC(417) Concurrent Process Non-Strong References 2.413ms
[225.667s][info][gc,phases   ] GC(417) Concurrent Reset Relocation Set 0.002ms
[225.669s][info][gc,phases   ] GC(417) Concurrent Select Relocation Set 1.437ms
[225.669s][info][gc,phases   ] GC(417) Pause Relocate Start 0.008ms
[225.669s][info][gc,phases   ] GC(417) Concurrent Relocate 0.391ms
[225.669s][info][gc,load     ] GC(417) Load: 0.00/0.00/0.00
[225.669s][info][gc,mmu      ] GC(417) MMU: 2ms/96.2%, 5ms/98.5%, 10ms/99.0%, 20ms/99.5%, 50ms/99.8%, 100ms/99.9%
[225.669s][info][gc,marking  ] GC(417) Mark: 1 stripe(s), 2 proactive flush(es), 1 terminate flush(es), 0 completion(s), 0 continuation(s) 
[225.669s][info][gc,marking  ] GC(417) Mark Stack Usage: 32M
[225.669s][info][gc,nmethod  ] GC(417) NMethods: 1456 registered, 10 unregistered
[225.669s][info][gc,metaspace] GC(417) Metaspace: 11M used, 11M committed, 1088M reserved
[225.669s][info][gc,ref      ] GC(417) Soft: 197 encountered, 0 discovered, 0 enqueued
[225.669s][info][gc,ref      ] GC(417) Weak: 695 encountered, 187 discovered, 0 enqueued
[225.669s][info][gc,ref      ] GC(417) Final: 0 encountered, 0 discovered, 0 enqueued
[225.669s][info][gc,ref      ] GC(417) Phantom: 36 encountered, 21 discovered, 0 enqueued
[225.669s][info][gc,reloc    ] GC(417) Small Pages: 997 / 1994M, Empty: 1890M, Relocated: 0M, In-Place: 0
[225.669s][info][gc,reloc    ] GC(417) Medium Pages: 11 / 352M, Empty: 320M, Relocated: 0M, In-Place: 0
[225.669s][info][gc,reloc    ] GC(417) Large Pages: 1 / 6M, Empty: 0M, Relocated: 0M, In-Place: 0
[225.669s][info][gc,reloc    ] GC(417) Forwarding Usage: 0M
[225.669s][info][gc,heap     ] GC(417) Min Capacity: 4096M(100%)
[225.669s][info][gc,heap     ] GC(417) Max Capacity: 4096M(100%)
[225.669s][info][gc,heap     ] GC(417) Soft Max Capacity: 4096M(100%)
[225.669s][info][gc,heap     ] GC(417)                Mark Start          Mark End        Relocate Start      Relocate End           High               Low         
[225.669s][info][gc,heap     ] GC(417)  Capacity:     4096M (100%)       4096M (100%)       4096M (100%)       4096M (100%)       4096M (100%)       4096M (100%)   
[225.669s][info][gc,heap     ] GC(417)      Free:     1744M (43%)        1426M (35%)        3636M (89%)        3648M (89%)        3648M (89%)        1426M (35%)    
[225.669s][info][gc,heap     ] GC(417)      Used:     2352M (57%)        2670M (65%)         460M (11%)         448M (11%)        2670M (65%)         448M (11%)    
[225.669s][info][gc,heap     ] GC(417)      Live:         -                99M (2%)           99M (2%)           99M (2%)             -                  -          
[225.669s][info][gc,heap     ] GC(417) Allocated:         -               318M (8%)          318M (8%)          318M (8%)             -                  -          
[225.669s][info][gc,heap     ] GC(417)   Garbage:         -              2252M (55%)          42M (1%)           30M (1%)             -                  -          
[225.669s][info][gc,heap     ] GC(417) Reclaimed:         -                  -              2210M (54%)        2222M (54%)            -                  -          
[225.669s][info][gc          ] GC(417) Garbage Collection (Allocation Rate) 2352M(57%)->448M(11%)
[225.669s][info][gc,start    ] GC(418) Garbage Collection (System.gc())
[225.669s][info][gc,task     ] GC(418) Using 2 workers
[225.670s][info][gc,phases   ] GC(418) Pause Mark Start 0.005ms
[225.727s][info][gc,phases   ] GC(418) Concurrent Mark 57.915ms
[225.728s][info][gc,phases   ] GC(418) Pause Mark End 0.026ms
[225.728s][info][gc,phases   ] GC(418) Concurrent Mark Free 0.002ms
[225.730s][info][gc,phases   ] GC(418) Concurrent Process Non-Strong References 2.070ms
[225.730s][info][gc,phases   ] GC(418) Concurrent Reset Relocation Set 0.001ms
[225.732s][info][gc,phases   ] GC(418) Concurrent Select Relocation Set 1.502ms
[225.732s][info][gc,phases   ] GC(418) Pause Relocate Start 0.004ms
[225.732s][info][gc,phases   ] GC(418) Concurrent Relocate 0.372ms
[225.732s][info][gc,load     ] GC(418) Load: 0.00/0.00/0.00
[225.732s][info][gc,mmu      ] GC(418) MMU: 2ms/96.2%, 5ms/98.5%, 10ms/99.0%, 20ms/99.5%, 50ms/99.8%, 100ms/99.9%
[225.732s][info][gc,marking  ] GC(418) Mark: 2 stripe(s), 1 proactive flush(es), 1 terminate flush(es), 0 completion(s), 0 continuation(s) 
[225.732s][info][gc,marking  ] GC(418) Mark Stack Usage: 32M
[225.732s][info][gc,nmethod  ] GC(418) NMethods: 1456 registered, 10 unregistered
[225.732s][info][gc,metaspace] GC(418) Metaspace: 11M used, 11M committed, 1088M reserved
[225.732s][info][gc,ref      ] GC(418) Soft: 197 encountered, 0 discovered, 0 enqueued
[225.732s][info][gc,ref      ] GC(418) Weak: 695 encountered, 5 discovered, 0 enqueued
[225.732s][info][gc,ref      ] GC(418) Final: 0 encountered, 0 discovered, 0 enqueued
[225.732s][info][gc,ref      ] GC(418) Phantom: 36 encountered, 16 discovered, 0 enqueued
[225.732s][info][gc,reloc    ] GC(418) Small Pages: 173 / 346M, Empty: 252M, Relocated: 0M, In-Place: 0
[225.732s][info][gc,reloc    ] GC(418) Medium Pages: 3 / 96M, Empty: 96M, Relocated: 0M, In-Place: 0
[225.732s][info][gc,reloc    ] GC(418) Large Pages: 1 / 6M, Empty: 0M, Relocated: 0M, In-Place: 0
[225.732s][info][gc,reloc    ] GC(418) Forwarding Usage: 0M
[225.732s][info][gc,heap     ] GC(418) Min Capacity: 4096M(100%)
[225.732s][info][gc,heap     ] GC(418) Max Capacity: 4096M(100%)
[225.732s][info][gc,heap     ] GC(418) Soft Max Capacity: 4096M(100%)
[225.732s][info][gc,heap     ] GC(418)                Mark Start          Mark End        Relocate Start      Relocate End           High               Low         
[225.732s][info][gc,heap     ] GC(418)  Capacity:     4096M (100%)       4096M (100%)       4096M (100%)       4096M (100%)       4096M (100%)       4096M (100%)   
[225.732s][info][gc,heap     ] GC(418)      Free:     3648M (89%)        3648M (89%)        3996M (98%)        3996M (98%)        3996M (98%)        3648M (89%)    
[225.732s][info][gc,heap     ] GC(418)      Used:      448M (11%)         448M (11%)         100M (2%)          100M (2%)          448M (11%)         100M (2%)     
[225.732s][info][gc,heap     ] GC(418)      Live:         -                95M (2%)           95M (2%)           95M (2%)             -                  -          
[225.732s][info][gc,heap     ] GC(418) Allocated:         -                 0M (0%)            0M (0%)            0M (0%)             -                  -          
[225.732s][info][gc,heap     ] GC(418)   Garbage:         -               352M (9%)            4M (0%)            4M (0%)             -                  -          
[225.732s][info][gc,heap     ] GC(418) Reclaimed:         -                  -               348M (8%)          348M (8%)             -                  -          
[225.732s][info][gc          ] GC(418) Garbage Collection (System.gc()) 448M(11%)->100M(2%)
[226.183s][info][gc,start    ] GC(419) Garbage Collection (Allocation Rate)
[226.183s][info][gc,task     ] GC(419) Using 1 workers
[226.183s][info][gc,phases   ] GC(419) Pause Mark Start 0.013ms
[226.328s][info][gc,phases   ] GC(419) Concurrent Mark 144.729ms
[226.328s][info][gc,phases   ] GC(419) Pause Mark End 0.026ms
[226.329s][info][gc,phases   ] GC(419) Concurrent Mark Free 0.002ms
[226.333s][info][gc,phases   ] GC(419) Concurrent Process Non-Strong References 4.315ms
[226.333s][info][gc,phases   ] GC(419) Concurrent Reset Relocation Set 0.003ms
[226.336s][info][gc,phases   ] GC(419) Concurrent Select Relocation Set 2.739ms
[226.336s][info][gc,phases   ] GC(419) Pause Relocate Start 0.017ms
[226.337s][info][gc,phases   ] GC(419) Concurrent Relocate 0.696ms
[226.337s][info][gc,load     ] GC(419) Load: 0.00/0.00/0.00
[226.337s][info][gc,mmu      ] GC(419) MMU: 2ms/96.2%, 5ms/98.5%, 10ms/99.0%, 20ms/99.5%, 50ms/99.8%, 100ms/99.9%
[226.337s][info][gc,marking  ] GC(419) Mark: 1 stripe(s), 2 proactive flush(es), 1 terminate flush(es), 0 completion(s), 0 continuation(s) 
[226.337s][info][gc,marking  ] GC(419) Mark Stack Usage: 32M
[226.337s][info][gc,nmethod  ] GC(419) NMethods: 1456 registered, 10 unregistered
[226.337s][info][gc,metaspace] GC(419) Metaspace: 11M used, 11M committed, 1088M reserved
[226.337s][info][gc,ref      ] GC(419) Soft: 197 encountered, 0 discovered, 0 enqueued
[226.337s][info][gc,ref      ] GC(419) Weak: 695 encountered, 554 discovered, 0 enqueued
[226.337s][info][gc,ref      ] GC(419) Final: 0 encountered, 0 discovered, 0 enqueued
[226.337s][info][gc,ref      ] GC(419) Phantom: 36 encountered, 17 discovered, 0 enqueued
[226.337s][info][gc,reloc    ] GC(419) Small Pages: 957 / 1914M, Empty: 1804M, Relocated: 1M, In-Place: 0
[226.337s][info][gc,reloc    ] GC(419) Medium Pages: 9 / 288M, Empty: 256M, Relocated: 0M, In-Place: 0
[226.337s][info][gc,reloc    ] GC(419) Large Pages: 1 / 6M, Empty: 0M, Relocated: 0M, In-Place: 0
[226.337s][info][gc,reloc    ] GC(419) Forwarding Usage: 0M
[226.337s][info][gc,heap     ] GC(419) Min Capacity: 4096M(100%)
[226.337s][info][gc,heap     ] GC(419) Max Capacity: 4096M(100%)
[226.337s][info][gc,heap     ] GC(419) Soft Max Capacity: 4096M(100%)
[226.337s][info][gc,heap     ] GC(419)                Mark Start          Mark End        Relocate Start      Relocate End           High               Low         
[226.337s][info][gc,heap     ] GC(419)  Capacity:     4096M (100%)       4096M (100%)       4096M (100%)       4096M (100%)       4096M (100%)       4096M (100%)   
[226.337s][info][gc,heap     ] GC(419)      Free:     1888M (46%)        1324M (32%)        3350M (82%)        3368M (82%)        3368M (82%)        1296M (32%)    
[226.337s][info][gc,heap     ] GC(419)      Used:     2208M (54%)        2772M (68%)         746M (18%)         728M (18%)        2800M (68%)         728M (18%)    
[226.337s][info][gc,heap     ] GC(419)      Live:         -               101M (2%)          101M (2%)          101M (2%)             -                  -          
[226.337s][info][gc,heap     ] GC(419) Allocated:         -               564M (14%)         598M (15%)         597M (15%)            -                  -          
[226.337s][info][gc,heap     ] GC(419)   Garbage:         -              2106M (51%)          46M (1%)           28M (1%)             -                  -          
[226.337s][info][gc,heap     ] GC(419) Reclaimed:         -                  -              2060M (50%)        2077M (51%)            -                  -          
[226.337s][info][gc          ] GC(419) Garbage Collection (Allocation Rate) 2208M(54%)->728M(18%)
[226.779s][info][gc,start    ] GC(420) Garbage Collection (Allocation Rate)
[226.779s][info][gc,task     ] GC(420) Using 1 workers
[226.780s][info][gc,phases   ] GC(420) Pause Mark Start 0.011ms
[226.943s][info][gc,phases   ] GC(420) Concurrent Mark 163.857ms
[226.944s][info][gc,phases   ] GC(420) Pause Mark End 0.025ms
[226.944s][info][gc,phases   ] GC(420) Concurrent Mark Free 0.002ms
[226.948s][info][gc,phases   ] GC(420) Concurrent Process Non-Strong References 4.214ms
[226.948s][info][gc,phases   ] GC(420) Concurrent Reset Relocation Set 0.003ms
[226.951s][info][gc,phases   ] GC(420) Concurrent Select Relocation Set 2.507ms
[226.951s][info][gc,phases   ] GC(420) Pause Relocate Start 0.013ms
[226.953s][info][gc,phases   ] GC(420) Concurrent Relocate 2.217ms
[226.953s][info][gc,load     ] GC(420) Load: 0.00/0.00/0.00
[226.953s][info][gc,mmu      ] GC(420) MMU: 2ms/96.2%, 5ms/98.5%, 10ms/99.0%, 20ms/99.5%, 50ms/99.8%, 100ms/99.9%
[226.953s][info][gc,marking  ] GC(420) Mark: 1 stripe(s), 2 proactive flush(es), 1 terminate flush(es), 0 completion(s), 0 continuation(s) 
[226.953s][info][gc,marking  ] GC(420) Mark Stack Usage: 32M
[226.953s][info][gc,nmethod  ] GC(420) NMethods: 1456 registered, 10 unregistered
[226.953s][info][gc,metaspace] GC(420) Metaspace: 11M used, 11M committed, 1088M reserved
[226.953s][info][gc,ref      ] GC(420) Soft: 197 encountered, 0 discovered, 0 enqueued
[226.953s][info][gc,ref      ] GC(420) Weak: 695 encountered, 554 discovered, 0 enqueued
[226.953s][info][gc,ref      ] GC(420) Final: 0 encountered, 0 discovered, 0 enqueued
[226.953s][info][gc,ref      ] GC(420) Phantom: 36 encountered, 17 discovered, 0 enqueued
[226.953s][info][gc,reloc    ] GC(420) Small Pages: 1161 / 2322M, Empty: 2206M, Relocated: 1M, In-Place: 0
[226.953s][info][gc,reloc    ] GC(420) Medium Pages: 13 / 416M, Empty: 352M, Relocated: 4M, In-Place: 0
[226.953s][info][gc,reloc    ] GC(420) Large Pages: 1 / 6M, Empty: 0M, Relocated: 0M, In-Place: 0
[226.953s][info][gc,reloc    ] GC(420) Forwarding Usage: 0M
[226.953s][info][gc,heap     ] GC(420) Min Capacity: 4096M(100%)
[226.953s][info][gc,heap     ] GC(420) Max Capacity: 4096M(100%)
[226.953s][info][gc,heap     ] GC(420) Soft Max Capacity: 4096M(100%)
[226.953s][info][gc,heap     ] GC(420)                Mark Start          Mark End        Relocate Start      Relocate End           High               Low         
[226.953s][info][gc,heap     ] GC(420)  Capacity:     4096M (100%)       4096M (100%)       4096M (100%)       4096M (100%)       4096M (100%)       4096M (100%)   
[226.953s][info][gc,heap     ] GC(420)      Free:     1352M (33%)         698M (17%)        3228M (79%)        3284M (80%)        3284M (80%)         674M (16%)    
[226.953s][info][gc,heap     ] GC(420)      Used:     2744M (67%)        3398M (83%)         868M (21%)         812M (20%)        3422M (84%)         812M (20%)    
[226.953s][info][gc,heap     ] GC(420)      Live:         -               101M (2%)          101M (2%)          101M (2%)             -                  -          
[226.953s][info][gc,heap     ] GC(420) Allocated:         -               654M (16%)         682M (17%)         681M (17%)            -                  -          
[226.953s][info][gc,heap     ] GC(420)   Garbage:         -              2642M (65%)          84M (2%)           28M (1%)             -                  -          
[226.953s][info][gc,heap     ] GC(420) Reclaimed:         -                  -              2558M (62%)        2613M (64%)            -                  -          
[226.953s][info][gc          ] GC(420) Garbage Collection (Allocation Rate) 2744M(67%)->812M(20%)
[227.282s][info][gc,start    ] GC(421) Garbage Collection (Allocation Rate)
[227.282s][info][gc,task     ] GC(421) Using 1 workers
[227.282s][info][gc,phases   ] GC(421) Pause Mark Start 0.010ms
[227.420s][info][gc,phases   ] GC(421) Concurrent Mark 137.622ms
[227.420s][info][gc,phases   ] GC(421) Pause Mark End 0.012ms
[227.420s][info][gc,phases   ] GC(421) Concurrent Mark Free 0.001ms
[227.423s][info][gc,phases   ] GC(421) Concurrent Process Non-Strong References 3.064ms
[227.423s][info][gc,phases   ] GC(421) Concurrent Reset Relocation Set 0.003ms
[227.427s][info][gc,phases   ] GC(421) Concurrent Select Relocation Set 3.909ms
[227.428s][info][gc,phases   ] GC(421) Pause Relocate Start 0.049ms
[227.431s][info][gc,phases   ] GC(421) Concurrent Relocate 2.779ms
[227.431s][info][gc,load     ] GC(421) Load: 0.00/0.00/0.00
[227.431s][info][gc,mmu      ] GC(421) MMU: 2ms/96.2%, 5ms/98.5%, 10ms/99.0%, 20ms/99.5%, 50ms/99.8%, 100ms/99.9%
[227.431s][info][gc,marking  ] GC(421) Mark: 1 stripe(s), 2 proactive flush(es), 1 terminate flush(es), 0 completion(s), 0 continuation(s) 
[227.431s][info][gc,marking  ] GC(421) Mark Stack Usage: 32M
[227.431s][info][gc,nmethod  ] GC(421) NMethods: 1456 registered, 10 unregistered
[227.431s][info][gc,metaspace] GC(421) Metaspace: 11M used, 11M committed, 1088M reserved
[227.431s][info][gc,ref      ] GC(421) Soft: 197 encountered, 0 discovered, 0 enqueued
[227.431s][info][gc,ref      ] GC(421) Weak: 695 encountered, 554 discovered, 0 enqueued
[227.431s][info][gc,ref      ] GC(421) Final: 0 encountered, 0 discovered, 0 enqueued
[227.431s][info][gc,ref      ] GC(421) Phantom: 36 encountered, 17 discovered, 0 enqueued
[227.431s][info][gc,reloc    ] GC(421) Small Pages: 989 / 1978M, Empty: 1818M, Relocated: 4M, In-Place: 0
[227.431s][info][gc,reloc    ] GC(421) Medium Pages: 11 / 352M, Empty: 352M, Relocated: 0M, In-Place: 0
[227.431s][info][gc,reloc    ] GC(421) Large Pages: 1 / 6M, Empty: 0M, Relocated: 0M, In-Place: 0
[227.431s][info][gc,reloc    ] GC(421) Forwarding Usage: 0M
[227.431s][info][gc,heap     ] GC(421) Min Capacity: 4096M(100%)
[227.431s][info][gc,heap     ] GC(421) Max Capacity: 4096M(100%)
[227.431s][info][gc,heap     ] GC(421) Soft Max Capacity: 4096M(100%)
[227.431s][info][gc,heap     ] GC(421)                Mark Start          Mark End        Relocate Start      Relocate End           High               Low         
[227.431s][info][gc,heap     ] GC(421)  Capacity:     4096M (100%)       4096M (100%)       4096M (100%)       4096M (100%)       4096M (100%)       4096M (100%)   
[227.431s][info][gc,heap     ] GC(421)      Free:     1760M (43%)        1226M (30%)        3368M (82%)        3422M (84%)        3428M (84%)        1220M (30%)    
[227.431s][info][gc,heap     ] GC(421)      Used:     2336M (57%)        2870M (70%)         728M (18%)         674M (16%)        2876M (70%)         668M (16%)    
[227.431s][info][gc,heap     ] GC(421)      Live:         -                99M (2%)           99M (2%)           99M (2%)             -                  -          
[227.431s][info][gc,heap     ] GC(421) Allocated:         -               534M (13%)         562M (14%)         571M (14%)            -                  -          
[227.431s][info][gc,heap     ] GC(421)   Garbage:         -              2236M (55%)          66M (2%)            2M (0%)             -                  -          
[227.431s][info][gc,heap     ] GC(421) Reclaimed:         -                  -              2170M (53%)        2233M (55%)            -                  -          
[227.431s][info][gc          ] GC(421) Garbage Collection (Allocation Rate) 2336M(57%)->674M(16%)
[227.879s][info][gc,start    ] GC(422) Garbage Collection (Allocation Rate)
[227.879s][info][gc,task     ] GC(422) Using 1 workers
[227.879s][info][gc,phases   ] GC(422) Pause Mark Start 0.012ms
[228.092s][info][gc,phases   ] GC(422) Concurrent Mark 213.110ms
[228.092s][info][gc,phases   ] GC(422) Pause Mark End 0.022ms
[228.092s][info][gc,phases   ] GC(422) Concurrent Mark Free 0.002ms
[228.098s][info][gc,phases   ] GC(422) Concurrent Process Non-Strong References 5.785ms
[228.098s][info][gc,phases   ] GC(422) Concurrent Reset Relocation Set 0.004ms
[228.102s][info][gc,phases   ] GC(422) Concurrent Select Relocation Set 3.705ms
[228.102s][info][gc,phases   ] GC(422) Pause Relocate Start 0.020ms
[228.103s][info][gc,phases   ] GC(422) Concurrent Relocate 0.523ms
[228.103s][info][gc,load     ] GC(422) Load: 0.00/0.00/0.00
[228.103s][info][gc,mmu      ] GC(422) MMU: 2ms/96.2%, 5ms/98.5%, 10ms/99.0%, 20ms/99.5%, 50ms/99.8%, 100ms/99.9%
[228.103s][info][gc,marking  ] GC(422) Mark: 1 stripe(s), 2 proactive flush(es), 1 terminate flush(es), 0 completion(s), 0 continuation(s) 
[228.103s][info][gc,marking  ] GC(422) Mark Stack Usage: 32M
[228.103s][info][gc,nmethod  ] GC(422) NMethods: 1456 registered, 10 unregistered
[228.103s][info][gc,metaspace] GC(422) Metaspace: 11M used, 11M committed, 1088M reserved
[228.103s][info][gc,ref      ] GC(422) Soft: 197 encountered, 0 discovered, 0 enqueued
[228.103s][info][gc,ref      ] GC(422) Weak: 695 encountered, 187 discovered, 0 enqueued
[228.103s][info][gc,ref      ] GC(422) Final: 0 encountered, 0 discovered, 0 enqueued
[228.103s][info][gc,ref      ] GC(422) Phantom: 36 encountered, 21 discovered, 0 enqueued
[228.103s][info][gc,reloc    ] GC(422) Small Pages: 1172 / 2344M, Empty: 2228M, Relocated: 0M, In-Place: 0
[228.103s][info][gc,reloc    ] GC(422) Medium Pages: 12 / 384M, Empty: 352M, Relocated: 0M, In-Place: 0
[228.103s][info][gc,reloc    ] GC(422) Large Pages: 1 / 6M, Empty: 0M, Relocated: 0M, In-Place: 0
[228.103s][info][gc,reloc    ] GC(422) Forwarding Usage: 0M
[228.103s][info][gc,heap     ] GC(422) Min Capacity: 4096M(100%)
[228.103s][info][gc,heap     ] GC(422) Max Capacity: 4096M(100%)
[228.103s][info][gc,heap     ] GC(422) Soft Max Capacity: 4096M(100%)
[228.103s][info][gc,heap     ] GC(422)                Mark Start          Mark End        Relocate Start      Relocate End           High               Low         
[228.103s][info][gc,heap     ] GC(422)  Capacity:     4096M (100%)       4096M (100%)       4096M (100%)       4096M (100%)       4096M (100%)       4096M (100%)   
[228.103s][info][gc,heap     ] GC(422)      Free:     1362M (33%)         484M (12%)        3040M (74%)        3064M (75%)        3064M (75%)         482M (12%)    
[228.103s][info][gc,heap     ] GC(422)      Used:     2734M (67%)        3612M (88%)        1056M (26%)        1032M (25%)        3614M (88%)        1032M (25%)    
[228.103s][info][gc,heap     ] GC(422)      Live:         -                99M (2%)           99M (2%)           99M (2%)             -                  -          
[228.103s][info][gc,heap     ] GC(422) Allocated:         -               878M (21%)         902M (22%)         901M (22%)            -                  -          
[228.103s][info][gc,heap     ] GC(422)   Garbage:         -              2634M (64%)          54M (1%)           30M (1%)             -                  -          
[228.103s][info][gc,heap     ] GC(422) Reclaimed:         -                  -              2580M (63%)        2603M (64%)            -                  -          
[228.103s][info][gc          ] GC(422) Garbage Collection (Allocation Rate) 2734M(67%)->1032M(25%)
[228.381s][info][gc,start    ] GC(423) Garbage Collection (Allocation Rate)
[228.381s][info][gc,task     ] GC(423) Using 1 workers
[228.381s][info][gc,phases   ] GC(423) Pause Mark Start 0.011ms
[228.538s][info][gc,phases   ] GC(423) Concurrent Mark 157.012ms
[228.539s][info][gc,phases   ] GC(423) Pause Mark End 0.017ms
[228.539s][info][gc,phases   ] GC(423) Concurrent Mark Free 0.002ms
[228.543s][info][gc,phases   ] GC(423) Concurrent Process Non-Strong References 4.865ms
[228.544s][info][gc,phases   ] GC(423) Concurrent Reset Relocation Set 0.002ms
[228.546s][info][gc,phases   ] GC(423) Concurrent Select Relocation Set 2.049ms
[228.546s][info][gc,phases   ] GC(423) Pause Relocate Start 0.009ms
[228.547s][info][gc,phases   ] GC(423) Concurrent Relocate 1.564ms
[228.547s][info][gc,load     ] GC(423) Load: 0.00/0.00/0.00
[228.547s][info][gc,mmu      ] GC(423) MMU: 2ms/96.2%, 5ms/98.5%, 10ms/99.0%, 20ms/99.5%, 50ms/99.8%, 100ms/99.9%
[228.547s][info][gc,marking  ] GC(423) Mark: 1 stripe(s), 2 proactive flush(es), 1 terminate flush(es), 0 completion(s), 0 continuation(s) 
[228.547s][info][gc,marking  ] GC(423) Mark Stack Usage: 32M
[228.548s][info][gc,nmethod  ] GC(423) NMethods: 1456 registered, 10 unregistered
[228.548s][info][gc,metaspace] GC(423) Metaspace: 11M used, 11M committed, 1088M reserved
[228.548s][info][gc,ref      ] GC(423) Soft: 197 encountered, 0 discovered, 0 enqueued
[228.548s][info][gc,ref      ] GC(423) Weak: 695 encountered, 554 discovered, 0 enqueued
[228.548s][info][gc,ref      ] GC(423) Final: 0 encountered, 0 discovered, 0 enqueued
[228.548s][info][gc,ref      ] GC(423) Phantom: 36 encountered, 17 discovered, 0 enqueued
[228.548s][info][gc,reloc    ] GC(423) Small Pages: 993 / 1986M, Empty: 1830M, Relocated: 4M, In-Place: 0
[228.548s][info][gc,reloc    ] GC(423) Medium Pages: 11 / 352M, Empty: 320M, Relocated: 0M, In-Place: 0
[228.548s][info][gc,reloc    ] GC(423) Large Pages: 1 / 6M, Empty: 0M, Relocated: 0M, In-Place: 0
[228.548s][info][gc,reloc    ] GC(423) Forwarding Usage: 0M
[228.548s][info][gc,heap     ] GC(423) Min Capacity: 4096M(100%)
[228.548s][info][gc,heap     ] GC(423) Max Capacity: 4096M(100%)
[228.548s][info][gc,heap     ] GC(423) Soft Max Capacity: 4096M(100%)
[228.548s][info][gc,heap     ] GC(423)                Mark Start          Mark End        Relocate Start      Relocate End           High               Low         
[228.548s][info][gc,heap     ] GC(423)  Capacity:     4096M (100%)       4096M (100%)       4096M (100%)       4096M (100%)       4096M (100%)       4096M (100%)   
[228.548s][info][gc,heap     ] GC(423)      Free:     1752M (43%)        1144M (28%)        3292M (80%)        3352M (82%)        3352M (82%)        1142M (28%)    
[228.548s][info][gc,heap     ] GC(423)      Used:     2344M (57%)        2952M (72%)         804M (20%)         744M (18%)        2954M (72%)         744M (18%)    
[228.548s][info][gc,heap     ] GC(423)      Live:         -               100M (2%)          100M (2%)          100M (2%)             -                  -          
[228.548s][info][gc,heap     ] GC(423) Allocated:         -               608M (15%)         610M (15%)         609M (15%)            -                  -          
[228.548s][info][gc,heap     ] GC(423)   Garbage:         -              2243M (55%)          93M (2%)           33M (1%)             -                  -          
[228.548s][info][gc,heap     ] GC(423) Reclaimed:         -                  -              2150M (52%)        2209M (54%)            -                  -          
[228.548s][info][gc          ] GC(423) Garbage Collection (Allocation Rate) 2344M(57%)->744M(18%)
[228.978s][info][gc,start    ] GC(424) Garbage Collection (Allocation Rate)
[228.978s][info][gc,task     ] GC(424) Using 1 workers
[228.978s][info][gc,phases   ] GC(424) Pause Mark Start 0.012ms
[229.186s][info][gc,phases   ] GC(424) Concurrent Mark 207.475ms
[229.186s][info][gc,phases   ] GC(424) Pause Mark End 0.022ms
[229.186s][info][gc,phases   ] GC(424) Concurrent Mark Free 0.002ms
[229.190s][info][gc,phases   ] GC(424) Concurrent Process Non-Strong References 3.616ms
[229.190s][info][gc,phases   ] GC(424) Concurrent Reset Relocation Set 0.004ms
[229.192s][info][gc,phases   ] GC(424) Concurrent Select Relocation Set 2.416ms
[229.192s][info][gc,phases   ] GC(424) Pause Relocate Start 0.013ms
[229.193s][info][gc,phases   ] GC(424) Concurrent Relocate 0.760ms
[229.193s][info][gc,load     ] GC(424) Load: 0.00/0.00/0.00
[229.193s][info][gc,mmu      ] GC(424) MMU: 2ms/96.2%, 5ms/98.5%, 10ms/99.0%, 20ms/99.5%, 50ms/99.8%, 100ms/99.9%
[229.193s][info][gc,marking  ] GC(424) Mark: 1 stripe(s), 2 proactive flush(es), 1 terminate flush(es), 0 completion(s), 0 continuation(s) 
[229.193s][info][gc,marking  ] GC(424) Mark Stack Usage: 32M
[229.193s][info][gc,nmethod  ] GC(424) NMethods: 1456 registered, 10 unregistered
[229.193s][info][gc,metaspace] GC(424) Metaspace: 11M used, 11M committed, 1088M reserved
[229.193s][info][gc,ref      ] GC(424) Soft: 197 encountered, 0 discovered, 0 enqueued
[229.193s][info][gc,ref      ] GC(424) Weak: 695 encountered, 187 discovered, 0 enqueued
[229.193s][info][gc,ref      ] GC(424) Final: 0 encountered, 0 discovered, 0 enqueued
[229.193s][info][gc,ref      ] GC(424) Phantom: 36 encountered, 21 discovered, 0 enqueued
[229.193s][info][gc,reloc    ] GC(424) Small Pages: 1168 / 2336M, Empty: 2220M, Relocated: 0M, In-Place: 0
[229.193s][info][gc,reloc    ] GC(424) Medium Pages: 13 / 416M, Empty: 384M, Relocated: 0M, In-Place: 0
[229.193s][info][gc,reloc    ] GC(424) Large Pages: 1 / 6M, Empty: 0M, Relocated: 0M, In-Place: 0
[229.193s][info][gc,reloc    ] GC(424) Forwarding Usage: 0M
[229.193s][info][gc,heap     ] GC(424) Min Capacity: 4096M(100%)
[229.193s][info][gc,heap     ] GC(424) Max Capacity: 4096M(100%)
[229.193s][info][gc,heap     ] GC(424) Soft Max Capacity: 4096M(100%)
[229.193s][info][gc,heap     ] GC(424)                Mark Start          Mark End        Relocate Start      Relocate End           High               Low         
[229.193s][info][gc,heap     ] GC(424)  Capacity:     4096M (100%)       4096M (100%)       4096M (100%)       4096M (100%)       4096M (100%)       4096M (100%)   
[229.194s][info][gc,heap     ] GC(424)      Free:     1338M (33%)         476M (12%)        3064M (75%)        3088M (75%)        3088M (75%)         462M (11%)    
[229.194s][info][gc,heap     ] GC(424)      Used:     2758M (67%)        3620M (88%)        1032M (25%)        1008M (25%)        3634M (89%)        1008M (25%)    
[229.194s][info][gc,heap     ] GC(424)      Live:         -                99M (2%)           99M (2%)           99M (2%)             -                  -          
[229.194s][info][gc,heap     ] GC(424) Allocated:         -               862M (21%)         878M (21%)         877M (21%)            -                  -          
[229.194s][info][gc,heap     ] GC(424)   Garbage:         -              2658M (65%)          54M (1%)           30M (1%)             -                  -          
[229.194s][info][gc,heap     ] GC(424) Reclaimed:         -                  -              2604M (64%)        2627M (64%)            -                  -          
[229.194s][info][gc          ] GC(424) Garbage Collection (Allocation Rate) 2758M(67%)->1008M(25%)
[229.481s][info][gc,start    ] GC(425) Garbage Collection (Allocation Rate)
[229.481s][info][gc,task     ] GC(425) Using 1 workers
[229.481s][info][gc,phases   ] GC(425) Pause Mark Start 0.012ms
[229.655s][info][gc,phases   ] GC(425) Concurrent Mark 173.372ms
[229.655s][info][gc,phases   ] GC(425) Pause Mark End 0.023ms
[229.655s][info][gc,phases   ] GC(425) Concurrent Mark Free 0.001ms
[229.659s][info][gc,phases   ] GC(425) Concurrent Process Non-Strong References 3.950ms
[229.659s][info][gc,phases   ] GC(425) Concurrent Reset Relocation Set 0.002ms
[229.661s][info][gc,phases   ] GC(425) Concurrent Select Relocation Set 2.504ms
[229.662s][info][gc,phases   ] GC(425) Pause Relocate Start 0.013ms
[229.663s][info][gc,phases   ] GC(425) Concurrent Relocate 1.564ms
[229.663s][info][gc,load     ] GC(425) Load: 0.00/0.00/0.00
[229.663s][info][gc,mmu      ] GC(425) MMU: 2ms/96.2%, 5ms/98.5%, 10ms/99.0%, 20ms/99.5%, 50ms/99.8%, 100ms/99.9%
[229.663s][info][gc,marking  ] GC(425) Mark: 1 stripe(s), 2 proactive flush(es), 1 terminate flush(es), 0 completion(s), 0 continuation(s) 
[229.663s][info][gc,marking  ] GC(425) Mark Stack Usage: 32M
[229.663s][info][gc,nmethod  ] GC(425) NMethods: 1456 registered, 10 unregistered
[229.663s][info][gc,metaspace] GC(425) Metaspace: 11M used, 11M committed, 1088M reserved
[229.663s][info][gc,ref      ] GC(425) Soft: 197 encountered, 0 discovered, 0 enqueued
[229.663s][info][gc,ref      ] GC(425) Weak: 695 encountered, 187 discovered, 0 enqueued
[229.663s][info][gc,ref      ] GC(425) Final: 0 encountered, 0 discovered, 0 enqueued
[229.663s][info][gc,ref      ] GC(425) Phantom: 36 encountered, 21 discovered, 0 enqueued
[229.663s][info][gc,reloc    ] GC(425) Small Pages: 968 / 1936M, Empty: 1790M, Relocated: 2M, In-Place: 0
[229.663s][info][gc,reloc    ] GC(425) Medium Pages: 11 / 352M, Empty: 352M, Relocated: 0M, In-Place: 0
[229.663s][info][gc,reloc    ] GC(425) Large Pages: 1 / 6M, Empty: 0M, Relocated: 0M, In-Place: 0
[229.663s][info][gc,reloc    ] GC(425) Forwarding Usage: 0M
[229.663s][info][gc,heap     ] GC(425) Min Capacity: 4096M(100%)
[229.663s][info][gc,heap     ] GC(425) Max Capacity: 4096M(100%)
[229.663s][info][gc,heap     ] GC(425) Soft Max Capacity: 4096M(100%)
[229.663s][info][gc,heap     ] GC(425)                Mark Start          Mark End        Relocate Start      Relocate End           High               Low         
[229.663s][info][gc,heap     ] GC(425)  Capacity:     4096M (100%)       4096M (100%)       4096M (100%)       4096M (100%)       4096M (100%)       4096M (100%)   
[229.663s][info][gc,heap     ] GC(425)      Free:     1802M (44%)        1088M (27%)        3176M (78%)        3228M (79%)        3228M (79%)        1034M (25%)    
[229.663s][info][gc,heap     ] GC(425)      Used:     2294M (56%)        3008M (73%)         920M (22%)         868M (21%)        3062M (75%)         868M (21%)    
[229.663s][info][gc,heap     ] GC(425)      Live:         -                97M (2%)           97M (2%)           97M (2%)             -                  -          
[229.663s][info][gc,heap     ] GC(425) Allocated:         -               714M (17%)         768M (19%)         767M (19%)            -                  -          
[229.663s][info][gc,heap     ] GC(425)   Garbage:         -              2196M (54%)          54M (1%)            2M (0%)             -                  -          
[229.663s][info][gc,heap     ] GC(425) Reclaimed:         -                  -              2142M (52%)        2193M (54%)            -                  -          
[229.663s][info][gc          ] GC(425) Garbage Collection (Allocation Rate) 2294M(56%)->868M(21%)
[230.077s][info][gc,start    ] GC(426) Garbage Collection (Allocation Rate)
[230.078s][info][gc,task     ] GC(426) Using 1 workers
[230.078s][info][gc,phases   ] GC(426) Pause Mark Start 0.013ms
[230.187s][info][gc,stats    ] === Garbage Collection Statistics =======================================================================================================================
[230.187s][info][gc,stats    ]                                                              Last 10s              Last 10m              Last 10h                Total
[230.187s][info][gc,stats    ]                                                              Avg / Max             Avg / Max             Avg / Max             Avg / Max
[230.187s][info][gc,stats    ]   Collector: Garbage Collection Cycle                    169.524 / 240.461     162.431 / 259.019     162.431 / 259.019     162.431 / 259.019     ms
[230.187s][info][gc,stats    ]  Contention: Mark Segment Reset Contention                     0 / 0                 0 / 2                 0 / 2                 0 / 2           ops/s
[230.187s][info][gc,stats    ]  Contention: Mark SeqNum Reset Contention                      0 / 1                 0 / 2                 0 / 2                 0 / 2           ops/s
[230.187s][info][gc,stats    ]    Critical: Allocation Stall                                  0 / 0                 0 / 0                 0 / 0                 0 / 0           ops/s
[230.187s][info][gc,stats    ]    Critical: Allocation Stall                              0.000 / 0.000         0.000 / 0.000         0.000 / 0.000         0.000 / 0.000       ms
[230.187s][info][gc,stats    ]    Critical: GC Locker Stall                                   0 / 0                 0 / 0                 0 / 0                 0 / 0           ops/s
[230.187s][info][gc,stats    ]    Critical: GC Locker Stall                               0.000 / 0.000         0.000 / 0.000         0.000 / 0.000         0.000 / 0.000       ms
[230.187s][info][gc,stats    ]    Critical: Relocation Stall                                  0 / 0                 0 / 0                 0 / 0                 0 / 0           ops/s
[230.187s][info][gc,stats    ]    Critical: Relocation Stall                              0.000 / 0.000         0.000 / 0.000         0.000 / 0.000         0.000 / 0.000       ms
[230.187s][info][gc,stats    ]      Memory: Allocation Rate                                4270 / 4484           4296 / 4598           4296 / 4598           4296 / 4598        MB/s
[230.187s][info][gc,stats    ]      Memory: Defragment                                        0 / 0                 0 / 0                 0 / 0                 0 / 0           ops/s
[230.187s][info][gc,stats    ]      Memory: Out Of Memory                                     0 / 0                 0 / 0                 0 / 0                 0 / 0           ops/s
[230.187s][info][gc,stats    ]      Memory: Page Cache Flush                                  0 / 0                 0 / 0                 0 / 0                 0 / 0           MB/s
[230.188s][info][gc,stats    ]      Memory: Page Cache Hit L1                              1842 / 1931           1851 / 2002           1851 / 2002           1851 / 2002        ops/s
[230.188s][info][gc,stats    ]      Memory: Page Cache Hit L2                                 0 / 0                 0 / 0                 0 / 0                 0 / 0           ops/s
[230.188s][info][gc,stats    ]      Memory: Page Cache Hit L3                                 0 / 0                 7 / 437               7 / 437               7 / 437         ops/s
[230.188s][info][gc,stats    ]      Memory: Page Cache Miss                                   0 / 0                 0 / 1                 0 / 1                 0 / 1           ops/s
[230.188s][info][gc,stats    ]      Memory: Uncommit                                          0 / 0                 0 / 0                 0 / 0                 0 / 0           MB/s
[230.188s][info][gc,stats    ]      Memory: Undo Object Allocation Failed                     0 / 0                 0 / 1                 0 / 1                 0 / 1           ops/s
[230.188s][info][gc,stats    ]      Memory: Undo Object Allocation Succeeded                  0 / 1                15 / 1067             15 / 1067             15 / 1067        ops/s
[230.188s][info][gc,stats    ]      Memory: Undo Page Allocation                              2 / 4                 2 / 7                 2 / 7                 2 / 7           ops/s
[230.188s][info][gc,stats    ]       Phase: Concurrent Mark                             160.732 / 229.604     151.466 / 251.310     151.466 / 251.310     151.466 / 251.310     ms
[230.188s][info][gc,stats    ]       Phase: Concurrent Mark Continue                      0.000 / 0.000         0.000 / 0.000         0.000 / 0.000         0.000 / 0.000       ms
[230.188s][info][gc,stats    ]       Phase: Concurrent Mark Free                          0.002 / 0.005         0.002 / 0.005         0.002 / 0.005         0.002 / 0.005       ms
[230.188s][info][gc,stats    ]       Phase: Concurrent Process Non-Strong References      4.118 / 9.253         5.163 / 24.469        5.163 / 24.469        5.163 / 24.469      ms
[230.188s][info][gc,stats    ]       Phase: Concurrent Relocate                           1.056 / 2.779         1.792 / 57.532        1.792 / 57.532        1.792 / 57.532      ms
[230.188s][info][gc,stats    ]       Phase: Concurrent Reset Relocation Set               0.003 / 0.007         0.004 / 0.026         0.004 / 0.026         0.004 / 0.026       ms
[230.188s][info][gc,stats    ]       Phase: Concurrent Select Relocation Set              2.645 / 3.921         2.999 / 13.885        2.999 / 13.885        2.999 / 13.885      ms
[230.188s][info][gc,stats    ]       Phase: Pause Mark End                                0.018 / 0.026         0.018 / 0.047         0.018 / 0.047         0.018 / 0.047       ms
[230.188s][info][gc,stats    ]       Phase: Pause Mark Start                              0.010 / 0.013         0.010 / 0.027         0.010 / 0.027         0.010 / 0.027       ms
[230.188s][info][gc,stats    ]       Phase: Pause Relocate Start                          0.015 / 0.049         0.012 / 0.077         0.012 / 0.077         0.012 / 0.077       ms
[230.188s][info][gc,stats    ]    Subphase: Concurrent Classes Purge                      0.011 / 0.018         0.015 / 0.208         0.015 / 0.208         0.015 / 0.208       ms
[230.188s][info][gc,stats    ]    Subphase: Concurrent Classes Unlink                     2.881 / 3.780         2.766 / 4.011         2.766 / 4.011         2.766 / 4.011       ms
[230.188s][info][gc,stats    ]    Subphase: Concurrent Mark                             149.301 / 228.862     136.707 / 250.559     136.707 / 250.559     136.707 / 250.559     ms
[230.188s][info][gc,stats    ]    Subphase: Concurrent Mark Try Flush                     1.089 / 17.015        0.800 / 27.025        0.800 / 27.025        0.800 / 27.025      ms
[230.188s][info][gc,stats    ]    Subphase: Concurrent Mark Try Terminate                 0.511 / 8.161         1.161 / 17.378        1.161 / 17.378        1.161 / 17.378      ms
[230.188s][info][gc,stats    ]    Subphase: Concurrent References Enqueue                 0.001 / 0.002         0.001 / 0.015         0.001 / 0.015         0.001 / 0.015       ms
[230.188s][info][gc,stats    ]    Subphase: Concurrent References Process                 0.090 / 0.164         0.085 / 0.535         0.085 / 0.535         0.085 / 0.535       ms
[230.188s][info][gc,stats    ]    Subphase: Concurrent Roots ClassLoaderDataGraph         0.070 / 0.113         0.070 / 0.272         0.070 / 0.272         0.070 / 0.272       ms
[230.188s][info][gc,stats    ]    Subphase: Concurrent Roots CodeCache                    0.000 / 0.000         0.000 / 0.000         0.000 / 0.000         0.000 / 0.000       ms
[230.188s][info][gc,stats    ]    Subphase: Concurrent Roots JavaThreads                  0.619 / 1.102         0.630 / 8.931         0.630 / 8.931         0.630 / 8.931       ms
[230.188s][info][gc,stats    ]    Subphase: Concurrent Roots OopStorageSet                0.026 / 0.049         0.028 / 0.099         0.028 / 0.099         0.028 / 0.099       ms
[230.188s][info][gc,stats    ]    Subphase: Concurrent Weak Roots OopStorageSet           0.182 / 0.221         0.188 / 0.369         0.188 / 0.369         0.188 / 0.369       ms
[230.188s][info][gc,stats    ]    Subphase: Pause Mark Try Complete                       0.000 / 0.000         0.000 / 0.000         0.000 / 0.000         0.000 / 0.000       ms
[230.188s][info][gc,stats    ]      System: Java Threads                                     25 / 25               23 / 25               23 / 25               23 / 25          threads
[230.188s][info][gc,stats    ] =========================================================================================================================================================
[230.217s][info][gc,phases   ] GC(426) Concurrent Mark 139.040ms
[230.217s][info][gc,phases   ] GC(426) Pause Mark End 0.016ms
[230.217s][info][gc,phases   ] GC(426) Concurrent Mark Free 0.002ms
[230.220s][info][gc,phases   ] GC(426) Concurrent Process Non-Strong References 2.545ms
[230.220s][info][gc,phases   ] GC(426) Concurrent Reset Relocation Set 0.003ms
[230.222s][info][gc,phases   ] GC(426) Concurrent Select Relocation Set 1.701ms
[230.222s][info][gc,phases   ] GC(426) Pause Relocate Start 0.006ms
[230.223s][info][gc,phases   ] GC(426) Concurrent Relocate 1.145ms
[230.223s][info][gc,load     ] GC(426) Load: 0.00/0.00/0.00
[230.223s][info][gc,mmu      ] GC(426) MMU: 2ms/96.2%, 5ms/98.5%, 10ms/99.0%, 20ms/99.5%, 50ms/99.8%, 100ms/99.9%
[230.223s][info][gc,marking  ] GC(426) Mark: 1 stripe(s), 2 proactive flush(es), 1 terminate flush(es), 0 completion(s), 0 continuation(s) 
[230.223s][info][gc,marking  ] GC(426) Mark Stack Usage: 32M
[230.223s][info][gc,nmethod  ] GC(426) NMethods: 1458 registered, 10 unregistered
[230.223s][info][gc,metaspace] GC(426) Metaspace: 11M used, 11M committed, 1088M reserved
[230.223s][info][gc,ref      ] GC(426) Soft: 197 encountered, 0 discovered, 0 enqueued
[230.223s][info][gc,ref      ] GC(426) Weak: 695 encountered, 554 discovered, 0 enqueued
[230.223s][info][gc,ref      ] GC(426) Final: 0 encountered, 0 discovered, 0 enqueued
[230.223s][info][gc,ref      ] GC(426) Phantom: 36 encountered, 17 discovered, 0 enqueued
[230.223s][info][gc,reloc    ] GC(426) Small Pages: 1187 / 2374M, Empty: 2242M, Relocated: 4M, In-Place: 0
[230.223s][info][gc,reloc    ] GC(426) Medium Pages: 12 / 384M, Empty: 384M, Relocated: 0M, In-Place: 0
[230.223s][info][gc,reloc    ] GC(426) Large Pages: 1 / 6M, Empty: 0M, Relocated: 0M, In-Place: 0
[230.223s][info][gc,reloc    ] GC(426) Forwarding Usage: 0M
[230.223s][info][gc,heap     ] GC(426) Min Capacity: 4096M(100%)
[230.223s][info][gc,heap     ] GC(426) Max Capacity: 4096M(100%)
[230.223s][info][gc,heap     ] GC(426) Soft Max Capacity: 4096M(100%)
[230.223s][info][gc,heap     ] GC(426)                Mark Start          Mark End        Relocate Start      Relocate End           High               Low         
[230.223s][info][gc,heap     ] GC(426)  Capacity:     4096M (100%)       4096M (100%)       4096M (100%)       4096M (100%)       4096M (100%)       4096M (100%)   
[230.223s][info][gc,heap     ] GC(426)      Free:     1332M (33%)        1206M (29%)        3832M (94%)        3866M (94%)        3866M (94%)        1206M (29%)    
[230.223s][info][gc,heap     ] GC(426)      Used:     2764M (67%)        2890M (71%)         264M (6%)          230M (6%)         2890M (71%)         230M (6%)     
[230.223s][info][gc,heap     ] GC(426)      Live:         -               101M (2%)          101M (2%)          101M (2%)             -                  -          
[230.223s][info][gc,heap     ] GC(426) Allocated:         -               126M (3%)          126M (3%)          126M (3%)             -                  -          
[230.223s][info][gc,heap     ] GC(426)   Garbage:         -              2662M (65%)          36M (1%)            2M (0%)             -                  -          
[230.223s][info][gc,heap     ] GC(426) Reclaimed:         -                  -              2626M (64%)        2660M (65%)            -                  -          
[230.223s][info][gc          ] GC(426) Garbage Collection (Allocation Rate) 2764M(67%)->230M(6%)
[230.223s][info][gc,start    ] GC(427) Garbage Collection (System.gc())
[230.223s][info][gc,task     ] GC(427) Using 2 workers
[230.223s][info][gc,phases   ] GC(427) Pause Mark Start 0.011ms
[230.282s][info][gc,phases   ] GC(427) Concurrent Mark 58.776ms
[230.282s][info][gc,phases   ] GC(427) Pause Mark End 0.026ms
[230.282s][info][gc,phases   ] GC(427) Concurrent Mark Free 0.002ms
[230.284s][info][gc,phases   ] GC(427) Concurrent Process Non-Strong References 1.693ms
[230.284s][info][gc,phases   ] GC(427) Concurrent Reset Relocation Set 0.001ms
[230.285s][info][gc,phases   ] GC(427) Concurrent Select Relocation Set 1.163ms
[230.285s][info][gc,phases   ] GC(427) Pause Relocate Start 0.006ms
[230.286s][info][gc,phases   ] GC(427) Concurrent Relocate 0.266ms
[230.286s][info][gc,load     ] GC(427) Load: 0.00/0.00/0.00
[230.286s][info][gc,mmu      ] GC(427) MMU: 2ms/96.2%, 5ms/98.5%, 10ms/99.0%, 20ms/99.5%, 50ms/99.8%, 100ms/99.9%
[230.286s][info][gc,marking  ] GC(427) Mark: 2 stripe(s), 1 proactive flush(es), 1 terminate flush(es), 0 completion(s), 0 continuation(s) 
[230.286s][info][gc,marking  ] GC(427) Mark Stack Usage: 32M
[230.286s][info][gc,nmethod  ] GC(427) NMethods: 1458 registered, 10 unregistered
[230.286s][info][gc,metaspace] GC(427) Metaspace: 11M used, 11M committed, 1088M reserved
[230.286s][info][gc,ref      ] GC(427) Soft: 197 encountered, 0 discovered, 0 enqueued
[230.286s][info][gc,ref      ] GC(427) Weak: 695 encountered, 135 discovered, 0 enqueued
[230.286s][info][gc,ref      ] GC(427) Final: 0 encountered, 0 discovered, 0 enqueued
[230.286s][info][gc,ref      ] GC(427) Phantom: 36 encountered, 15 discovered, 0 enqueued
[230.286s][info][gc,reloc    ] GC(427) Small Pages: 96 / 192M, Empty: 96M, Relocated: 0M, In-Place: 0
[230.286s][info][gc,reloc    ] GC(427) Medium Pages: 1 / 32M, Empty: 32M, Relocated: 0M, In-Place: 0
[230.286s][info][gc,reloc    ] GC(427) Large Pages: 1 / 6M, Empty: 0M, Relocated: 0M, In-Place: 0
[230.286s][info][gc,reloc    ] GC(427) Forwarding Usage: 0M
[230.286s][info][gc,heap     ] GC(427) Min Capacity: 4096M(100%)
[230.286s][info][gc,heap     ] GC(427) Max Capacity: 4096M(100%)
[230.286s][info][gc,heap     ] GC(427) Soft Max Capacity: 4096M(100%)
[230.286s][info][gc,heap     ] GC(427)                Mark Start          Mark End        Relocate Start      Relocate End           High               Low         
[230.286s][info][gc,heap     ] GC(427)  Capacity:     4096M (100%)       4096M (100%)       4096M (100%)       4096M (100%)       4096M (100%)       4096M (100%)   
[230.286s][info][gc,heap     ] GC(427)      Free:     3866M (94%)        3866M (94%)        3994M (98%)        3996M (98%)        3996M (98%)        3866M (94%)    
[230.286s][info][gc,heap     ] GC(427)      Used:      230M (6%)          230M (6%)          102M (2%)          100M (2%)          230M (6%)          100M (2%)     
[230.286s][info][gc,heap     ] GC(427)      Live:         -                95M (2%)           95M (2%)           95M (2%)             -                  -          
[230.286s][info][gc,heap     ] GC(427) Allocated:         -                 0M (0%)            0M (0%)            0M (0%)             -                  -          
[230.286s][info][gc,heap     ] GC(427)   Garbage:         -               134M (3%)            6M (0%)            4M (0%)             -                  -          
[230.286s][info][gc,heap     ] GC(427) Reclaimed:         -                  -               128M (3%)          130M (3%)             -                  -          
[230.286s][info][gc          ] GC(427) Garbage Collection (System.gc()) 230M(6%)->100M(2%)
[230.879s][info][gc,start    ] GC(428) Garbage Collection (Allocation Rate)
[230.879s][info][gc,task     ] GC(428) Using 1 workers
[230.879s][info][gc,phases   ] GC(428) Pause Mark Start 0.008ms
[231.027s][info][gc,phases   ] GC(428) Concurrent Mark 147.425ms
[231.027s][info][gc,phases   ] GC(428) Pause Mark End 0.019ms
[231.027s][info][gc,phases   ] GC(428) Concurrent Mark Free 0.001ms
[231.031s][info][gc,phases   ] GC(428) Concurrent Process Non-Strong References 3.672ms
[231.031s][info][gc,phases   ] GC(428) Concurrent Reset Relocation Set 0.001ms
[231.034s][info][gc,phases   ] GC(428) Concurrent Select Relocation Set 2.741ms
[231.034s][info][gc,phases   ] GC(428) Pause Relocate Start 0.007ms
[231.035s][info][gc,phases   ] GC(428) Concurrent Relocate 1.200ms
[231.035s][info][gc,load     ] GC(428) Load: 0.00/0.00/0.00
[231.035s][info][gc,mmu      ] GC(428) MMU: 2ms/96.2%, 5ms/98.5%, 10ms/99.0%, 20ms/99.5%, 50ms/99.8%, 100ms/99.9%
[231.035s][info][gc,marking  ] GC(428) Mark: 1 stripe(s), 2 proactive flush(es), 1 terminate flush(es), 0 completion(s), 0 continuation(s) 
[231.035s][info][gc,marking  ] GC(428) Mark Stack Usage: 32M
[231.035s][info][gc,nmethod  ] GC(428) NMethods: 1458 registered, 12 unregistered
[231.035s][info][gc,metaspace] GC(428) Metaspace: 11M used, 11M committed, 1088M reserved
[231.035s][info][gc,ref      ] GC(428) Soft: 197 encountered, 0 discovered, 0 enqueued
[231.035s][info][gc,ref      ] GC(428) Weak: 695 encountered, 187 discovered, 0 enqueued
[231.035s][info][gc,ref      ] GC(428) Final: 0 encountered, 0 discovered, 0 enqueued
[231.035s][info][gc,ref      ] GC(428) Phantom: 36 encountered, 21 discovered, 0 enqueued
[231.035s][info][gc,reloc    ] GC(428) Small Pages: 1225 / 2450M, Empty: 2316M, Relocated: 3M, In-Place: 0
[231.035s][info][gc,reloc    ] GC(428) Medium Pages: 12 / 384M, Empty: 384M, Relocated: 0M, In-Place: 0
[231.035s][info][gc,reloc    ] GC(428) Large Pages: 1 / 6M, Empty: 0M, Relocated: 0M, In-Place: 0
[231.035s][info][gc,reloc    ] GC(428) Forwarding Usage: 0M
[231.035s][info][gc,heap     ] GC(428) Min Capacity: 4096M(100%)
[231.035s][info][gc,heap     ] GC(428) Max Capacity: 4096M(100%)
[231.035s][info][gc,heap     ] GC(428) Soft Max Capacity: 4096M(100%)
[231.035s][info][gc,heap     ] GC(428)                Mark Start          Mark End        Relocate Start      Relocate End           High               Low         
[231.035s][info][gc,heap     ] GC(428)  Capacity:     4096M (100%)       4096M (100%)       4096M (100%)       4096M (100%)       4096M (100%)       4096M (100%)   
[231.035s][info][gc,heap     ] GC(428)      Free:     1256M (31%)         628M (15%)        3318M (81%)        3358M (82%)        3358M (82%)         620M (15%)    
[231.035s][info][gc,heap     ] GC(428)      Used:     2840M (69%)        3468M (85%)         778M (19%)         738M (18%)        3476M (85%)         738M (18%)    
[231.035s][info][gc,heap     ] GC(428)      Live:         -                98M (2%)           98M (2%)           98M (2%)             -                  -          
[231.035s][info][gc,heap     ] GC(428) Allocated:         -               628M (15%)         638M (16%)         637M (16%)            -                  -          
[231.035s][info][gc,heap     ] GC(428)   Garbage:         -              2741M (67%)          41M (1%)            1M (0%)             -                  -          
[231.035s][info][gc,heap     ] GC(428) Reclaimed:         -                  -              2700M (66%)        2739M (67%)            -                  -          
[231.035s][info][gc          ] GC(428) Garbage Collection (Allocation Rate) 2840M(69%)->738M(18%)
[231.381s][info][gc,start    ] GC(429) Garbage Collection (Allocation Rate)
[231.381s][info][gc,task     ] GC(429) Using 1 workers
[231.381s][info][gc,phases   ] GC(429) Pause Mark Start 0.016ms
[231.523s][info][gc,phases   ] GC(429) Concurrent Mark 141.603ms
[231.523s][info][gc,phases   ] GC(429) Pause Mark End 0.015ms
[231.523s][info][gc,phases   ] GC(429) Concurrent Mark Free 0.001ms
[231.533s][info][gc,phases   ] GC(429) Concurrent Process Non-Strong References 9.869ms
[231.533s][info][gc,phases   ] GC(429) Concurrent Reset Relocation Set 0.008ms
[231.537s][info][gc,phases   ] GC(429) Concurrent Select Relocation Set 3.928ms
[231.537s][info][gc,phases   ] GC(429) Pause Relocate Start 0.013ms
[231.539s][info][gc,phases   ] GC(429) Concurrent Relocate 1.886ms
[231.539s][info][gc,load     ] GC(429) Load: 0.00/0.00/0.00
[231.539s][info][gc,mmu      ] GC(429) MMU: 2ms/96.2%, 5ms/98.5%, 10ms/99.0%, 20ms/99.5%, 50ms/99.8%, 100ms/99.9%
[231.539s][info][gc,marking  ] GC(429) Mark: 1 stripe(s), 2 proactive flush(es), 1 terminate flush(es), 0 completion(s), 0 continuation(s) 
[231.539s][info][gc,marking  ] GC(429) Mark Stack Usage: 32M
[231.539s][info][gc,nmethod  ] GC(429) NMethods: 1458 registered, 12 unregistered
[231.539s][info][gc,metaspace] GC(429) Metaspace: 11M used, 11M committed, 1088M reserved
[231.539s][info][gc,ref      ] GC(429) Soft: 197 encountered, 0 discovered, 0 enqueued
[231.539s][info][gc,ref      ] GC(429) Weak: 695 encountered, 554 discovered, 0 enqueued
[231.539s][info][gc,ref      ] GC(429) Final: 0 encountered, 0 discovered, 0 enqueued
[231.539s][info][gc,ref      ] GC(429) Phantom: 36 encountered, 17 discovered, 0 enqueued
[231.539s][info][gc,reloc    ] GC(429) Small Pages: 1014 / 2028M, Empty: 1880M, Relocated: 4M, In-Place: 0
[231.539s][info][gc,reloc    ] GC(429) Medium Pages: 10 / 320M, Empty: 320M, Relocated: 0M, In-Place: 0
[231.539s][info][gc,reloc    ] GC(429) Large Pages: 1 / 6M, Empty: 0M, Relocated: 0M, In-Place: 0
[231.539s][info][gc,reloc    ] GC(429) Forwarding Usage: 0M
[231.539s][info][gc,heap     ] GC(429) Min Capacity: 4096M(100%)
[231.539s][info][gc,heap     ] GC(429) Max Capacity: 4096M(100%)
[231.539s][info][gc,heap     ] GC(429) Soft Max Capacity: 4096M(100%)
[231.540s][info][gc,heap     ] GC(429)                Mark Start          Mark End        Relocate Start      Relocate End           High               Low         
[231.540s][info][gc,heap     ] GC(429)  Capacity:     4096M (100%)       4096M (100%)       4096M (100%)       4096M (100%)       4096M (100%)       4096M (100%)   
[231.540s][info][gc,heap     ] GC(429)      Free:     1742M (43%)        1220M (30%)        3344M (82%)        3394M (83%)        3394M (83%)        1166M (28%)    
[231.540s][info][gc,heap     ] GC(429)      Used:     2354M (57%)        2876M (70%)         752M (18%)         702M (17%)        2930M (72%)         702M (17%)    
[231.540s][info][gc,heap     ] GC(429)      Live:         -               100M (2%)          100M (2%)          100M (2%)             -                  -          
[231.540s][info][gc,heap     ] GC(429) Allocated:         -               522M (13%)         598M (15%)         597M (15%)            -                  -          
[231.540s][info][gc,heap     ] GC(429)   Garbage:         -              2253M (55%)          53M (1%)            3M (0%)             -                  -          
[231.540s][info][gc,heap     ] GC(429) Reclaimed:         -                  -              2200M (54%)        2249M (55%)            -                  -          
[231.540s][info][gc          ] GC(429) Garbage Collection (Allocation Rate) 2354M(57%)->702M(17%)
[231.977s][info][gc,start    ] GC(430) Garbage Collection (Allocation Rate)
[231.978s][info][gc,task     ] GC(430) Using 1 workers
[231.978s][info][gc,phases   ] GC(430) Pause Mark Start 0.012ms
[232.137s][info][gc,phases   ] GC(430) Concurrent Mark 159.546ms
[232.138s][info][gc,phases   ] GC(430) Pause Mark End 0.021ms
[232.138s][info][gc,phases   ] GC(430) Concurrent Mark Free 0.001ms
[232.142s][info][gc,phases   ] GC(430) Concurrent Process Non-Strong References 4.399ms
[232.142s][info][gc,phases   ] GC(430) Concurrent Reset Relocation Set 0.006ms
[232.146s][info][gc,phases   ] GC(430) Concurrent Select Relocation Set 3.695ms
[232.146s][info][gc,phases   ] GC(430) Pause Relocate Start 0.010ms
[232.147s][info][gc,phases   ] GC(430) Concurrent Relocate 0.542ms
[232.147s][info][gc,load     ] GC(430) Load: 0.00/0.00/0.00
[232.147s][info][gc,mmu      ] GC(430) MMU: 2ms/96.2%, 5ms/98.5%, 10ms/99.0%, 20ms/99.5%, 50ms/99.8%, 100ms/99.9%
[232.147s][info][gc,marking  ] GC(430) Mark: 1 stripe(s), 2 proactive flush(es), 1 terminate flush(es), 0 completion(s), 0 continuation(s) 
[232.147s][info][gc,marking  ] GC(430) Mark Stack Usage: 32M
[232.147s][info][gc,nmethod  ] GC(430) NMethods: 1458 registered, 12 unregistered
[232.147s][info][gc,metaspace] GC(430) Metaspace: 11M used, 11M committed, 1088M reserved
[232.147s][info][gc,ref      ] GC(430) Soft: 197 encountered, 0 discovered, 0 enqueued
[232.147s][info][gc,ref      ] GC(430) Weak: 695 encountered, 554 discovered, 0 enqueued
[232.147s][info][gc,ref      ] GC(430) Final: 0 encountered, 0 discovered, 0 enqueued
[232.147s][info][gc,ref      ] GC(430) Phantom: 36 encountered, 17 discovered, 0 enqueued
[232.147s][info][gc,reloc    ] GC(430) Small Pages: 1169 / 2338M, Empty: 2226M, Relocated: 1M, In-Place: 0
[232.147s][info][gc,reloc    ] GC(430) Medium Pages: 12 / 384M, Empty: 352M, Relocated: 0M, In-Place: 0
[232.147s][info][gc,reloc    ] GC(430) Large Pages: 1 / 6M, Empty: 0M, Relocated: 0M, In-Place: 0
[232.147s][info][gc,reloc    ] GC(430) Forwarding Usage: 0M
[232.147s][info][gc,heap     ] GC(430) Min Capacity: 4096M(100%)
[232.147s][info][gc,heap     ] GC(430) Max Capacity: 4096M(100%)
[232.147s][info][gc,heap     ] GC(430) Soft Max Capacity: 4096M(100%)
[232.147s][info][gc,heap     ] GC(430)                Mark Start          Mark End        Relocate Start      Relocate End           High               Low         
[232.147s][info][gc,heap     ] GC(430)  Capacity:     4096M (100%)       4096M (100%)       4096M (100%)       4096M (100%)       4096M (100%)       4096M (100%)   
[232.147s][info][gc,heap     ] GC(430)      Free:     1368M (33%)         736M (18%)        3268M (80%)        3288M (80%)        3288M (80%)         708M (17%)    
[232.147s][info][gc,heap     ] GC(430)      Used:     2728M (67%)        3360M (82%)         828M (20%)         808M (20%)        3388M (83%)         808M (20%)    
[232.147s][info][gc,heap     ] GC(430)      Live:         -               101M (2%)          101M (2%)          101M (2%)             -                  -          
[232.147s][info][gc,heap     ] GC(430) Allocated:         -               632M (15%)         678M (17%)         677M (17%)            -                  -          
[232.147s][info][gc,heap     ] GC(430)   Garbage:         -              2626M (64%)          48M (1%)           28M (1%)             -                  -          
[232.147s][info][gc,heap     ] GC(430) Reclaimed:         -                  -              2578M (63%)        2597M (63%)            -                  -          
[232.147s][info][gc          ] GC(430) Garbage Collection (Allocation Rate) 2728M(67%)->808M(20%)
[232.575s][info][gc,start    ] GC(431) Garbage Collection (Allocation Rate)
[232.575s][info][gc,task     ] GC(431) Using 1 workers
[232.575s][info][gc,phases   ] GC(431) Pause Mark Start 0.009ms
[232.725s][info][gc,phases   ] GC(431) Concurrent Mark 150.069ms
[232.725s][info][gc,phases   ] GC(431) Pause Mark End 0.015ms
[232.725s][info][gc,phases   ] GC(431) Concurrent Mark Free 0.001ms
[232.729s][info][gc,phases   ] GC(431) Concurrent Process Non-Strong References 3.811ms
[232.729s][info][gc,phases   ] GC(431) Concurrent Reset Relocation Set 0.002ms
[232.732s][info][gc,phases   ] GC(431) Concurrent Select Relocation Set 2.995ms
[232.732s][info][gc,phases   ] GC(431) Pause Relocate Start 0.011ms
[232.733s][info][gc,phases   ] GC(431) Concurrent Relocate 0.588ms
[232.733s][info][gc,load     ] GC(431) Load: 0.00/0.00/0.00
[232.733s][info][gc,mmu      ] GC(431) MMU: 2ms/96.2%, 5ms/98.5%, 10ms/99.0%, 20ms/99.5%, 50ms/99.8%, 100ms/99.9%
[232.733s][info][gc,marking  ] GC(431) Mark: 1 stripe(s), 2 proactive flush(es), 1 terminate flush(es), 0 completion(s), 0 continuation(s) 
[232.733s][info][gc,marking  ] GC(431) Mark Stack Usage: 32M
[232.733s][info][gc,nmethod  ] GC(431) NMethods: 1460 registered, 12 unregistered
[232.733s][info][gc,metaspace] GC(431) Metaspace: 11M used, 11M committed, 1088M reserved
[232.733s][info][gc,ref      ] GC(431) Soft: 197 encountered, 0 discovered, 0 enqueued
[232.733s][info][gc,ref      ] GC(431) Weak: 695 encountered, 187 discovered, 0 enqueued
[232.733s][info][gc,ref      ] GC(431) Final: 0 encountered, 0 discovered, 0 enqueued
[232.733s][info][gc,ref      ] GC(431) Phantom: 36 encountered, 21 discovered, 0 enqueued
[232.733s][info][gc,reloc    ] GC(431) Small Pages: 1163 / 2326M, Empty: 2202M, Relocated: 0M, In-Place: 0
[232.733s][info][gc,reloc    ] GC(431) Medium Pages: 13 / 416M, Empty: 416M, Relocated: 0M, In-Place: 0
[232.733s][info][gc,reloc    ] GC(431) Large Pages: 1 / 6M, Empty: 0M, Relocated: 0M, In-Place: 0
[232.733s][info][gc,reloc    ] GC(431) Forwarding Usage: 0M
[232.733s][info][gc,heap     ] GC(431) Min Capacity: 4096M(100%)
[232.733s][info][gc,heap     ] GC(431) Max Capacity: 4096M(100%)
[232.733s][info][gc,heap     ] GC(431) Soft Max Capacity: 4096M(100%)
[232.733s][info][gc,heap     ] GC(431)                Mark Start          Mark End        Relocate Start      Relocate End           High               Low         
[232.733s][info][gc,heap     ] GC(431)  Capacity:     4096M (100%)       4096M (100%)       4096M (100%)       4096M (100%)       4096M (100%)       4096M (100%)   
[232.733s][info][gc,heap     ] GC(431)      Free:     1348M (33%)         686M (17%)        3290M (80%)        3322M (81%)        3322M (81%)         672M (16%)    
[232.733s][info][gc,heap     ] GC(431)      Used:     2748M (67%)        3410M (83%)         806M (20%)         774M (19%)        3424M (84%)         774M (19%)    
[232.733s][info][gc,heap     ] GC(431)      Live:         -                96M (2%)           96M (2%)           96M (2%)             -                  -          
[232.733s][info][gc,heap     ] GC(431) Allocated:         -               662M (16%)         676M (17%)         675M (17%)            -                  -          
[232.733s][info][gc,heap     ] GC(431)   Garbage:         -              2651M (65%)          33M (1%)            1M (0%)             -                  -          
[232.733s][info][gc,heap     ] GC(431) Reclaimed:         -                  -              2618M (64%)        2649M (65%)            -                  -          
[232.733s][info][gc          ] GC(431) Garbage Collection (Allocation Rate) 2748M(67%)->774M(19%)
[233.187s][info][gc,start    ] GC(432) Garbage Collection (Allocation Rate)
[233.187s][info][gc,task     ] GC(432) Using 1 workers
[233.187s][info][gc,phases   ] GC(432) Pause Mark Start 0.014ms
[233.340s][info][gc,phases   ] GC(432) Concurrent Mark 152.853ms
[233.340s][info][gc,phases   ] GC(432) Pause Mark End 0.013ms
[233.341s][info][gc,phases   ] GC(432) Concurrent Mark Free 0.001ms
[233.344s][info][gc,phases   ] GC(432) Concurrent Process Non-Strong References 3.359ms
[233.344s][info][gc,phases   ] GC(432) Concurrent Reset Relocation Set 0.004ms
[233.348s][info][gc,phases   ] GC(432) Concurrent Select Relocation Set 4.030ms
[233.348s][info][gc,phases   ] GC(432) Pause Relocate Start 0.016ms
[233.349s][info][gc,phases   ] GC(432) Concurrent Relocate 0.763ms
[233.349s][info][gc,load     ] GC(432) Load: 0.00/0.00/0.00
[233.349s][info][gc,mmu      ] GC(432) MMU: 2ms/96.2%, 5ms/98.5%, 10ms/99.0%, 20ms/99.5%, 50ms/99.8%, 100ms/99.9%
[233.349s][info][gc,marking  ] GC(432) Mark: 1 stripe(s), 2 proactive flush(es), 1 terminate flush(es), 0 completion(s), 0 continuation(s) 
[233.349s][info][gc,marking  ] GC(432) Mark Stack Usage: 32M
[233.349s][info][gc,nmethod  ] GC(432) NMethods: 1460 registered, 12 unregistered
[233.349s][info][gc,metaspace] GC(432) Metaspace: 11M used, 11M committed, 1088M reserved
[233.349s][info][gc,ref      ] GC(432) Soft: 197 encountered, 0 discovered, 0 enqueued
[233.349s][info][gc,ref      ] GC(432) Weak: 695 encountered, 554 discovered, 0 enqueued
[233.349s][info][gc,ref      ] GC(432) Final: 0 encountered, 0 discovered, 0 enqueued
[233.349s][info][gc,ref      ] GC(432) Phantom: 36 encountered, 17 discovered, 0 enqueued
[233.349s][info][gc,reloc    ] GC(432) Small Pages: 1243 / 2486M, Empty: 2374M, Relocated: 1M, In-Place: 0
[233.349s][info][gc,reloc    ] GC(432) Medium Pages: 12 / 384M, Empty: 352M, Relocated: 0M, In-Place: 0
[233.349s][info][gc,reloc    ] GC(432) Large Pages: 1 / 6M, Empty: 0M, Relocated: 0M, In-Place: 0
[233.349s][info][gc,reloc    ] GC(432) Forwarding Usage: 0M
[233.349s][info][gc,heap     ] GC(432) Min Capacity: 4096M(100%)
[233.349s][info][gc,heap     ] GC(432) Max Capacity: 4096M(100%)
[233.349s][info][gc,heap     ] GC(432) Soft Max Capacity: 4096M(100%)
[233.349s][info][gc,heap     ] GC(432)                Mark Start          Mark End        Relocate Start      Relocate End           High               Low         
[233.349s][info][gc,heap     ] GC(432)  Capacity:     4096M (100%)       4096M (100%)       4096M (100%)       4096M (100%)       4096M (100%)       4096M (100%)   
[233.349s][info][gc,heap     ] GC(432)      Free:     1220M (30%)         622M (15%)        3314M (81%)        3332M (81%)        3332M (81%)         612M (15%)    
[233.349s][info][gc,heap     ] GC(432)      Used:     2876M (70%)        3474M (85%)         782M (19%)         764M (19%)        3484M (85%)         764M (19%)    
[233.349s][info][gc,heap     ] GC(432)      Live:         -               101M (2%)          101M (2%)          101M (2%)             -                  -          
[233.349s][info][gc,heap     ] GC(432) Allocated:         -               598M (15%)         632M (15%)         633M (15%)            -                  -          
[233.349s][info][gc,heap     ] GC(432)   Garbage:         -              2774M (68%)          48M (1%)           28M (1%)             -                  -          
[233.349s][info][gc,heap     ] GC(432) Reclaimed:         -                  -              2726M (67%)        2745M (67%)            -                  -          
[233.349s][info][gc          ] GC(432) Garbage Collection (Allocation Rate) 2876M(70%)->764M(19%)
[233.784s][info][gc,start    ] GC(433) Garbage Collection (Allocation Rate)
[233.784s][info][gc,task     ] GC(433) Using 1 workers
[233.784s][info][gc,phases   ] GC(433) Pause Mark Start 0.011ms
[233.924s][info][gc,phases   ] GC(433) Concurrent Mark 140.415ms
[233.925s][info][gc,phases   ] GC(433) Pause Mark End 0.012ms
[233.925s][info][gc,phases   ] GC(433) Concurrent Mark Free 0.001ms
[233.941s][info][gc,phases   ] GC(433) Concurrent Process Non-Strong References 15.830ms
[233.941s][info][gc,phases   ] GC(433) Concurrent Reset Relocation Set 0.005ms
[233.943s][info][gc,phases   ] GC(433) Concurrent Select Relocation Set 2.324ms
[233.943s][info][gc,phases   ] GC(433) Pause Relocate Start 0.010ms
[233.943s][info][gc,phases   ] GC(433) Concurrent Relocate 0.300ms
[233.944s][info][gc,load     ] GC(433) Load: 0.00/0.00/0.00
[233.944s][info][gc,mmu      ] GC(433) MMU: 2ms/96.2%, 5ms/98.5%, 10ms/99.0%, 20ms/99.5%, 50ms/99.8%, 100ms/99.9%
[233.944s][info][gc,marking  ] GC(433) Mark: 1 stripe(s), 2 proactive flush(es), 1 terminate flush(es), 0 completion(s), 0 continuation(s) 
[233.944s][info][gc,marking  ] GC(433) Mark Stack Usage: 32M
[233.944s][info][gc,nmethod  ] GC(433) NMethods: 1460 registered, 12 unregistered
[233.944s][info][gc,metaspace] GC(433) Metaspace: 11M used, 11M committed, 1088M reserved
[233.944s][info][gc,ref      ] GC(433) Soft: 197 encountered, 0 discovered, 0 enqueued
[233.944s][info][gc,ref      ] GC(433) Weak: 695 encountered, 187 discovered, 0 enqueued
[233.944s][info][gc,ref      ] GC(433) Final: 0 encountered, 0 discovered, 0 enqueued
[233.944s][info][gc,ref      ] GC(433) Phantom: 36 encountered, 21 discovered, 0 enqueued
[233.944s][info][gc,reloc    ] GC(433) Small Pages: 1171 / 2342M, Empty: 2202M, Relocated: 1M, In-Place: 0
[233.944s][info][gc,reloc    ] GC(433) Medium Pages: 13 / 416M, Empty: 416M, Relocated: 0M, In-Place: 0
[233.944s][info][gc,reloc    ] GC(433) Large Pages: 1 / 6M, Empty: 0M, Relocated: 0M, In-Place: 0
[233.944s][info][gc,reloc    ] GC(433) Forwarding Usage: 0M
[233.944s][info][gc,heap     ] GC(433) Min Capacity: 4096M(100%)
[233.944s][info][gc,heap     ] GC(433) Max Capacity: 4096M(100%)
[233.944s][info][gc,heap     ] GC(433) Soft Max Capacity: 4096M(100%)
[233.944s][info][gc,heap     ] GC(433)                Mark Start          Mark End        Relocate Start      Relocate End           High               Low         
[233.944s][info][gc,heap     ] GC(433)  Capacity:     4096M (100%)       4096M (100%)       4096M (100%)       4096M (100%)       4096M (100%)       4096M (100%)   
[233.944s][info][gc,heap     ] GC(433)      Free:     1332M (33%)         754M (18%)        3288M (80%)        3334M (81%)        3334M (81%)         670M (16%)    
[233.944s][info][gc,heap     ] GC(433)      Used:     2764M (67%)        3342M (82%)         808M (20%)         762M (19%)        3426M (84%)         762M (19%)    
[233.944s][info][gc,heap     ] GC(433)      Live:         -                97M (2%)           97M (2%)           97M (2%)             -                  -          
[233.944s][info][gc,heap     ] GC(433) Allocated:         -               578M (14%)         662M (16%)         662M (16%)            -                  -          
[233.944s][info][gc,heap     ] GC(433)   Garbage:         -              2666M (65%)          48M (1%)            2M (0%)             -                  -          
[233.944s][info][gc,heap     ] GC(433) Reclaimed:         -                  -              2618M (64%)        2664M (65%)            -                  -          
[233.944s][info][gc          ] GC(433) Garbage Collection (Allocation Rate) 2764M(67%)->762M(19%)
[234.381s][info][gc,start    ] GC(434) Garbage Collection (Allocation Rate)
[234.381s][info][gc,task     ] GC(434) Using 1 workers
[234.381s][info][gc,phases   ] GC(434) Pause Mark Start 0.017ms
[234.524s][info][gc,phases   ] GC(434) Concurrent Mark 143.169ms
[234.524s][info][gc,phases   ] GC(434) Pause Mark End 0.012ms
[234.524s][info][gc,phases   ] GC(434) Concurrent Mark Free 0.001ms
[234.535s][info][gc,phases   ] GC(434) Concurrent Process Non-Strong References 10.230ms
[234.535s][info][gc,phases   ] GC(434) Concurrent Reset Relocation Set 0.005ms
[234.538s][info][gc,phases   ] GC(434) Concurrent Select Relocation Set 3.364ms
[234.538s][info][gc,phases   ] GC(434) Pause Relocate Start 0.014ms
[234.539s][info][gc,phases   ] GC(434) Concurrent Relocate 0.753ms
[234.539s][info][gc,load     ] GC(434) Load: 0.00/0.00/0.00
[234.539s][info][gc,mmu      ] GC(434) MMU: 2ms/96.2%, 5ms/98.5%, 10ms/99.0%, 20ms/99.5%, 50ms/99.8%, 100ms/99.9%
[234.539s][info][gc,marking  ] GC(434) Mark: 1 stripe(s), 2 proactive flush(es), 1 terminate flush(es), 0 completion(s), 0 continuation(s) 
[234.539s][info][gc,marking  ] GC(434) Mark Stack Usage: 32M
[234.539s][info][gc,nmethod  ] GC(434) NMethods: 1460 registered, 12 unregistered
[234.539s][info][gc,metaspace] GC(434) Metaspace: 11M used, 11M committed, 1088M reserved
[234.539s][info][gc,ref      ] GC(434) Soft: 197 encountered, 0 discovered, 0 enqueued
[234.539s][info][gc,ref      ] GC(434) Weak: 695 encountered, 187 discovered, 0 enqueued
[234.539s][info][gc,ref      ] GC(434) Final: 0 encountered, 0 discovered, 0 enqueued
[234.539s][info][gc,ref      ] GC(434) Phantom: 36 encountered, 21 discovered, 0 enqueued
[234.539s][info][gc,reloc    ] GC(434) Small Pages: 1200 / 2400M, Empty: 2282M, Relocated: 1M, In-Place: 0
[234.539s][info][gc,reloc    ] GC(434) Medium Pages: 12 / 384M, Empty: 384M, Relocated: 0M, In-Place: 0
[234.539s][info][gc,reloc    ] GC(434) Large Pages: 1 / 6M, Empty: 0M, Relocated: 0M, In-Place: 0
[234.539s][info][gc,reloc    ] GC(434) Forwarding Usage: 0M
[234.539s][info][gc,heap     ] GC(434) Min Capacity: 4096M(100%)
[234.539s][info][gc,heap     ] GC(434) Max Capacity: 4096M(100%)
[234.539s][info][gc,heap     ] GC(434) Soft Max Capacity: 4096M(100%)
[234.539s][info][gc,heap     ] GC(434)                Mark Start          Mark End        Relocate Start      Relocate End           High               Low         
[234.539s][info][gc,heap     ] GC(434)  Capacity:     4096M (100%)       4096M (100%)       4096M (100%)       4096M (100%)       4096M (100%)       4096M (100%)   
[234.539s][info][gc,heap     ] GC(434)      Free:     1306M (32%)         720M (18%)        3308M (81%)        3334M (81%)        3334M (81%)         656M (16%)    
[234.539s][info][gc,heap     ] GC(434)      Used:     2790M (68%)        3376M (82%)         788M (19%)         762M (19%)        3440M (84%)         762M (19%)    
[234.539s][info][gc,heap     ] GC(434)      Live:         -                96M (2%)           96M (2%)           96M (2%)             -                  -          
[234.539s][info][gc,heap     ] GC(434) Allocated:         -               586M (14%)         664M (16%)         663M (16%)            -                  -          
[234.539s][info][gc,heap     ] GC(434)   Garbage:         -              2693M (66%)          27M (1%)            1M (0%)             -                  -          
[234.539s][info][gc,heap     ] GC(434) Reclaimed:         -                  -              2666M (65%)        2691M (66%)            -                  -          
[234.539s][info][gc          ] GC(434) Garbage Collection (Allocation Rate) 2790M(68%)->762M(19%)
[234.619s][info][gc,start    ] GC(435) Garbage Collection (System.gc())
[234.619s][info][gc,task     ] GC(435) Using 2 workers
[234.619s][info][gc,phases   ] GC(435) Pause Mark Start 0.008ms
[234.679s][info][gc,phases   ] GC(435) Concurrent Mark 59.439ms
[234.679s][info][gc,phases   ] GC(435) Pause Mark End 0.020ms
[234.679s][info][gc,phases   ] GC(435) Concurrent Mark Free 0.002ms
[234.681s][info][gc,phases   ] GC(435) Concurrent Process Non-Strong References 2.283ms
[234.681s][info][gc,phases   ] GC(435) Concurrent Reset Relocation Set 0.003ms
[234.683s][info][gc,phases   ] GC(435) Concurrent Select Relocation Set 1.535ms
[234.683s][info][gc,phases   ] GC(435) Pause Relocate Start 0.004ms
[234.683s][info][gc,phases   ] GC(435) Concurrent Relocate 0.364ms
[234.684s][info][gc,load     ] GC(435) Load: 0.00/0.00/0.00
[234.684s][info][gc,mmu      ] GC(435) MMU: 2ms/96.2%, 5ms/98.5%, 10ms/99.0%, 20ms/99.5%, 50ms/99.8%, 100ms/99.9%
[234.684s][info][gc,marking  ] GC(435) Mark: 2 stripe(s), 3 proactive flush(es), 1 terminate flush(es), 0 completion(s), 0 continuation(s) 
[234.684s][info][gc,marking  ] GC(435) Mark Stack Usage: 32M
[234.684s][info][gc,nmethod  ] GC(435) NMethods: 1460 registered, 12 unregistered
[234.684s][info][gc,metaspace] GC(435) Metaspace: 11M used, 11M committed, 1088M reserved
[234.684s][info][gc,ref      ] GC(435) Soft: 197 encountered, 0 discovered, 0 enqueued
[234.684s][info][gc,ref      ] GC(435) Weak: 695 encountered, 40 discovered, 0 enqueued
[234.684s][info][gc,ref      ] GC(435) Final: 0 encountered, 0 discovered, 0 enqueued
[234.684s][info][gc,ref      ] GC(435) Phantom: 36 encountered, 16 discovered, 0 enqueued
[234.684s][info][gc,reloc    ] GC(435) Small Pages: 455 / 910M, Empty: 814M, Relocated: 0M, In-Place: 0
[234.684s][info][gc,reloc    ] GC(435) Medium Pages: 5 / 160M, Empty: 160M, Relocated: 0M, In-Place: 0
[234.684s][info][gc,reloc    ] GC(435) Large Pages: 1 / 6M, Empty: 0M, Relocated: 0M, In-Place: 0
[234.684s][info][gc,reloc    ] GC(435) Forwarding Usage: 0M
[234.684s][info][gc,heap     ] GC(435) Min Capacity: 4096M(100%)
[234.684s][info][gc,heap     ] GC(435) Max Capacity: 4096M(100%)
[234.684s][info][gc,heap     ] GC(435) Soft Max Capacity: 4096M(100%)
[234.684s][info][gc,heap     ] GC(435)                Mark Start          Mark End        Relocate Start      Relocate End           High               Low         
[234.684s][info][gc,heap     ] GC(435)  Capacity:     4096M (100%)       4096M (100%)       4096M (100%)       4096M (100%)       4096M (100%)       4096M (100%)   
[234.684s][info][gc,heap     ] GC(435)      Free:     3020M (74%)        3020M (74%)        3994M (98%)        3996M (98%)        3996M (98%)        3020M (74%)    
[234.684s][info][gc,heap     ] GC(435)      Used:     1076M (26%)        1076M (26%)         102M (2%)          100M (2%)         1076M (26%)         100M (2%)     
[234.684s][info][gc,heap     ] GC(435)      Live:         -                95M (2%)           95M (2%)           95M (2%)             -                  -          
[234.684s][info][gc,heap     ] GC(435) Allocated:         -                 0M (0%)            0M (0%)            0M (0%)             -                  -          
[234.684s][info][gc,heap     ] GC(435)   Garbage:         -               980M (24%)           6M (0%)            4M (0%)             -                  -          
[234.684s][info][gc,heap     ] GC(435) Reclaimed:         -                  -               974M (24%)         976M (24%)            -                  -          
[234.684s][info][gc          ] GC(435) Garbage Collection (System.gc()) 1076M(26%)->100M(2%)
[235.275s][info][gc,start    ] GC(436) Garbage Collection (Allocation Rate)
[235.276s][info][gc,task     ] GC(436) Using 1 workers
[235.276s][info][gc,phases   ] GC(436) Pause Mark Start 0.010ms
[235.413s][info][gc,phases   ] GC(436) Concurrent Mark 136.808ms
[235.413s][info][gc,phases   ] GC(436) Pause Mark End 0.013ms
[235.413s][info][gc,phases   ] GC(436) Concurrent Mark Free 0.001ms
[235.417s][info][gc,phases   ] GC(436) Concurrent Process Non-Strong References 4.329ms
[235.417s][info][gc,phases   ] GC(436) Concurrent Reset Relocation Set 0.003ms
[235.421s][info][gc,phases   ] GC(436) Concurrent Select Relocation Set 4.051ms
[235.421s][info][gc,phases   ] GC(436) Pause Relocate Start 0.016ms
[235.423s][info][gc,phases   ] GC(436) Concurrent Relocate 1.816ms
[235.423s][info][gc,load     ] GC(436) Load: 0.00/0.00/0.00
[235.423s][info][gc,mmu      ] GC(436) MMU: 2ms/96.2%, 5ms/98.5%, 10ms/99.0%, 20ms/99.5%, 50ms/99.8%, 100ms/99.9%
[235.423s][info][gc,marking  ] GC(436) Mark: 1 stripe(s), 2 proactive flush(es), 1 terminate flush(es), 0 completion(s), 0 continuation(s) 
[235.423s][info][gc,marking  ] GC(436) Mark Stack Usage: 32M
[235.423s][info][gc,nmethod  ] GC(436) NMethods: 1465 registered, 12 unregistered
[235.423s][info][gc,metaspace] GC(436) Metaspace: 11M used, 11M committed, 1088M reserved
[235.424s][info][gc,ref      ] GC(436) Soft: 197 encountered, 0 discovered, 0 enqueued
[235.424s][info][gc,ref      ] GC(436) Weak: 695 encountered, 554 discovered, 0 enqueued
[235.424s][info][gc,ref      ] GC(436) Final: 0 encountered, 0 discovered, 0 enqueued
[235.424s][info][gc,ref      ] GC(436) Phantom: 36 encountered, 17 discovered, 0 enqueued
[235.424s][info][gc,reloc    ] GC(436) Small Pages: 1228 / 2456M, Empty: 2310M, Relocated: 3M, In-Place: 0
[235.424s][info][gc,reloc    ] GC(436) Medium Pages: 12 / 384M, Empty: 384M, Relocated: 0M, In-Place: 0
[235.424s][info][gc,reloc    ] GC(436) Large Pages: 1 / 6M, Empty: 0M, Relocated: 0M, In-Place: 0
[235.424s][info][gc,reloc    ] GC(436) Forwarding Usage: 0M
[235.424s][info][gc,heap     ] GC(436) Min Capacity: 4096M(100%)
[235.424s][info][gc,heap     ] GC(436) Max Capacity: 4096M(100%)
[235.424s][info][gc,heap     ] GC(436) Soft Max Capacity: 4096M(100%)
[235.424s][info][gc,heap     ] GC(436)                Mark Start          Mark End        Relocate Start      Relocate End           High               Low         
[235.424s][info][gc,heap     ] GC(436)  Capacity:     4096M (100%)       4096M (100%)       4096M (100%)       4096M (100%)       4096M (100%)       4096M (100%)   
[235.424s][info][gc,heap     ] GC(436)      Free:     1250M (31%)         700M (17%)        3350M (82%)        3394M (83%)        3396M (83%)         682M (17%)    
[235.424s][info][gc,heap     ] GC(436)      Used:     2846M (69%)        3396M (83%)         746M (18%)         702M (17%)        3414M (83%)         700M (17%)    
[235.424s][info][gc,heap     ] GC(436)      Live:         -                99M (2%)           99M (2%)           99M (2%)             -                  -          
[235.424s][info][gc,heap     ] GC(436) Allocated:         -               550M (13%)         594M (15%)         599M (15%)            -                  -          
[235.424s][info][gc,heap     ] GC(436)   Garbage:         -              2746M (67%)          52M (1%)            2M (0%)             -                  -          
[235.424s][info][gc,heap     ] GC(436) Reclaimed:         -                  -              2694M (66%)        2743M (67%)            -                  -          
[235.424s][info][gc          ] GC(436) Garbage Collection (Allocation Rate) 2846M(69%)->702M(17%)
[235.888s][info][gc,start    ] GC(437) Garbage Collection (Allocation Rate)
[235.888s][info][gc,task     ] GC(437) Using 1 workers
[235.888s][info][gc,phases   ] GC(437) Pause Mark Start 0.013ms
[236.039s][info][gc,phases   ] GC(437) Concurrent Mark 150.199ms
[236.039s][info][gc,phases   ] GC(437) Pause Mark End 0.018ms
[236.039s][info][gc,phases   ] GC(437) Concurrent Mark Free 0.001ms
[236.044s][info][gc,phases   ] GC(437) Concurrent Process Non-Strong References 5.244ms
[236.044s][info][gc,phases   ] GC(437) Concurrent Reset Relocation Set 0.003ms
[236.047s][info][gc,phases   ] GC(437) Concurrent Select Relocation Set 2.438ms
[236.047s][info][gc,phases   ] GC(437) Pause Relocate Start 0.015ms
[236.048s][info][gc,phases   ] GC(437) Concurrent Relocate 1.012ms
[236.048s][info][gc,load     ] GC(437) Load: 0.00/0.00/0.00
[236.048s][info][gc,mmu      ] GC(437) MMU: 2ms/96.2%, 5ms/98.5%, 10ms/99.0%, 20ms/99.5%, 50ms/99.8%, 100ms/99.9%
[236.048s][info][gc,marking  ] GC(437) Mark: 1 stripe(s), 2 proactive flush(es), 1 terminate flush(es), 0 completion(s), 0 continuation(s) 
[236.048s][info][gc,marking  ] GC(437) Mark Stack Usage: 32M
[236.048s][info][gc,nmethod  ] GC(437) NMethods: 1465 registered, 12 unregistered
[236.048s][info][gc,metaspace] GC(437) Metaspace: 11M used, 11M committed, 1088M reserved
[236.048s][info][gc,ref      ] GC(437) Soft: 197 encountered, 0 discovered, 0 enqueued
[236.048s][info][gc,ref      ] GC(437) Weak: 695 encountered, 554 discovered, 0 enqueued
[236.048s][info][gc,ref      ] GC(437) Final: 0 encountered, 0 discovered, 0 enqueued
[236.048s][info][gc,ref      ] GC(437) Phantom: 36 encountered, 17 discovered, 0 enqueued
[236.048s][info][gc,reloc    ] GC(437) Small Pages: 1224 / 2448M, Empty: 2322M, Relocated: 1M, In-Place: 0
[236.048s][info][gc,reloc    ] GC(437) Medium Pages: 12 / 384M, Empty: 352M, Relocated: 0M, In-Place: 0
[236.048s][info][gc,reloc    ] GC(437) Large Pages: 1 / 6M, Empty: 0M, Relocated: 0M, In-Place: 0
[236.048s][info][gc,reloc    ] GC(437) Forwarding Usage: 0M
[236.048s][info][gc,heap     ] GC(437) Min Capacity: 4096M(100%)
[236.048s][info][gc,heap     ] GC(437) Max Capacity: 4096M(100%)
[236.048s][info][gc,heap     ] GC(437) Soft Max Capacity: 4096M(100%)
[236.048s][info][gc,heap     ] GC(437)                Mark Start          Mark End        Relocate Start      Relocate End           High               Low         
[236.048s][info][gc,heap     ] GC(437)  Capacity:     4096M (100%)       4096M (100%)       4096M (100%)       4096M (100%)       4096M (100%)       4096M (100%)   
[236.048s][info][gc,heap     ] GC(437)      Free:     1258M (31%)         662M (16%)        3326M (81%)        3358M (82%)        3358M (82%)         662M (16%)    
[236.048s][info][gc,heap     ] GC(437)      Used:     2838M (69%)        3434M (84%)         770M (19%)         738M (18%)        3434M (84%)         738M (18%)    
[236.048s][info][gc,heap     ] GC(437)      Live:         -               101M (2%)          101M (2%)          101M (2%)             -                  -          
[236.048s][info][gc,heap     ] GC(437) Allocated:         -               596M (15%)         606M (15%)         607M (15%)            -                  -          
[236.048s][info][gc,heap     ] GC(437)   Garbage:         -              2736M (67%)          62M (2%)           28M (1%)             -                  -          
[236.048s][info][gc,heap     ] GC(437) Reclaimed:         -                  -              2674M (65%)        2707M (66%)            -                  -          
[236.048s][info][gc          ] GC(437) Garbage Collection (Allocation Rate) 2838M(69%)->738M(18%)
[236.484s][info][gc,start    ] GC(438) Garbage Collection (Allocation Rate)
[236.485s][info][gc,task     ] GC(438) Using 1 workers
[236.485s][info][gc,phases   ] GC(438) Pause Mark Start 0.010ms
[236.623s][info][gc,phases   ] GC(438) Concurrent Mark 138.355ms
[236.623s][info][gc,phases   ] GC(438) Pause Mark End 0.012ms
[236.623s][info][gc,phases   ] GC(438) Concurrent Mark Free 0.001ms
[236.633s][info][gc,phases   ] GC(438) Concurrent Process Non-Strong References 9.992ms
[236.633s][info][gc,phases   ] GC(438) Concurrent Reset Relocation Set 0.004ms
[236.637s][info][gc,phases   ] GC(438) Concurrent Select Relocation Set 3.391ms
[236.637s][info][gc,phases   ] GC(438) Pause Relocate Start 0.010ms
[236.638s][info][gc,phases   ] GC(438) Concurrent Relocate 0.996ms
[236.638s][info][gc,load     ] GC(438) Load: 0.00/0.00/0.00
[236.638s][info][gc,mmu      ] GC(438) MMU: 2ms/96.2%, 5ms/98.5%, 10ms/99.0%, 20ms/99.5%, 50ms/99.8%, 100ms/99.9%
[236.638s][info][gc,marking  ] GC(438) Mark: 1 stripe(s), 2 proactive flush(es), 1 terminate flush(es), 0 completion(s), 0 continuation(s) 
[236.638s][info][gc,marking  ] GC(438) Mark Stack Usage: 32M
[236.638s][info][gc,nmethod  ] GC(438) NMethods: 1465 registered, 12 unregistered
[236.638s][info][gc,metaspace] GC(438) Metaspace: 11M used, 11M committed, 1088M reserved
[236.638s][info][gc,ref      ] GC(438) Soft: 197 encountered, 0 discovered, 0 enqueued
[236.638s][info][gc,ref      ] GC(438) Weak: 695 encountered, 187 discovered, 0 enqueued
[236.638s][info][gc,ref      ] GC(438) Final: 0 encountered, 0 discovered, 0 enqueued
[236.638s][info][gc,ref      ] GC(438) Phantom: 36 encountered, 21 discovered, 0 enqueued
[236.638s][info][gc,reloc    ] GC(438) Small Pages: 1174 / 2348M, Empty: 2224M, Relocated: 2M, In-Place: 0
[236.638s][info][gc,reloc    ] GC(438) Medium Pages: 13 / 416M, Empty: 416M, Relocated: 0M, In-Place: 0
[236.638s][info][gc,reloc    ] GC(438) Large Pages: 1 / 6M, Empty: 0M, Relocated: 0M, In-Place: 0
[236.638s][info][gc,reloc    ] GC(438) Forwarding Usage: 0M
[236.638s][info][gc,heap     ] GC(438) Min Capacity: 4096M(100%)
[236.638s][info][gc,heap     ] GC(438) Max Capacity: 4096M(100%)
[236.638s][info][gc,heap     ] GC(438) Soft Max Capacity: 4096M(100%)
[236.638s][info][gc,heap     ] GC(438)                Mark Start          Mark End        Relocate Start      Relocate End           High               Low         
[236.638s][info][gc,heap     ] GC(438)  Capacity:     4096M (100%)       4096M (100%)       4096M (100%)       4096M (100%)       4096M (100%)       4096M (100%)   
[236.638s][info][gc,heap     ] GC(438)      Free:     1326M (32%)         754M (18%)        3314M (81%)        3344M (82%)        3344M (82%)         690M (17%)    
[236.638s][info][gc,heap     ] GC(438)      Used:     2770M (68%)        3342M (82%)         782M (19%)         752M (18%)        3406M (83%)         752M (18%)    
[236.638s][info][gc,heap     ] GC(438)      Live:         -                97M (2%)           97M (2%)           97M (2%)             -                  -          
[236.638s][info][gc,heap     ] GC(438) Allocated:         -               572M (14%)         652M (16%)         651M (16%)            -                  -          
[236.638s][info][gc,heap     ] GC(438)   Garbage:         -              2672M (65%)          32M (1%)            2M (0%)             -                  -          
[236.638s][info][gc,heap     ] GC(438) Reclaimed:         -                  -              2640M (64%)        2669M (65%)            -                  -          
[236.638s][info][gc          ] GC(438) Garbage Collection (Allocation Rate) 2770M(68%)->752M(18%)
[237.081s][info][gc,start    ] GC(439) Garbage Collection (Allocation Rate)
[237.081s][info][gc,task     ] GC(439) Using 1 workers
[237.081s][info][gc,phases   ] GC(439) Pause Mark Start 0.007ms
[237.301s][info][gc,phases   ] GC(439) Concurrent Mark 220.544ms
[237.302s][info][gc,phases   ] GC(439) Pause Mark End 0.025ms
[237.302s][info][gc,phases   ] GC(439) Concurrent Mark Free 0.001ms
[237.309s][info][gc,phases   ] GC(439) Concurrent Process Non-Strong References 7.117ms
[237.309s][info][gc,phases   ] GC(439) Concurrent Reset Relocation Set 0.002ms
[237.312s][info][gc,phases   ] GC(439) Concurrent Select Relocation Set 3.357ms
[237.312s][info][gc,phases   ] GC(439) Pause Relocate Start 0.016ms
[237.313s][info][gc,phases   ] GC(439) Concurrent Relocate 0.892ms
[237.313s][info][gc,load     ] GC(439) Load: 0.00/0.00/0.00
[237.313s][info][gc,mmu      ] GC(439) MMU: 2ms/96.2%, 5ms/98.5%, 10ms/99.0%, 20ms/99.5%, 50ms/99.8%, 100ms/99.9%
[237.313s][info][gc,marking  ] GC(439) Mark: 1 stripe(s), 2 proactive flush(es), 1 terminate flush(es), 0 completion(s), 0 continuation(s) 
[237.313s][info][gc,marking  ] GC(439) Mark Stack Usage: 32M
[237.313s][info][gc,nmethod  ] GC(439) NMethods: 1465 registered, 12 unregistered
[237.313s][info][gc,metaspace] GC(439) Metaspace: 11M used, 11M committed, 1088M reserved
[237.313s][info][gc,ref      ] GC(439) Soft: 197 encountered, 0 discovered, 0 enqueued
[237.313s][info][gc,ref      ] GC(439) Weak: 695 encountered, 187 discovered, 0 enqueued
[237.313s][info][gc,ref      ] GC(439) Final: 0 encountered, 0 discovered, 0 enqueued
[237.313s][info][gc,ref      ] GC(439) Phantom: 36 encountered, 21 discovered, 0 enqueued
[237.313s][info][gc,reloc    ] GC(439) Small Pages: 1192 / 2384M, Empty: 2262M, Relocated: 0M, In-Place: 0
[237.313s][info][gc,reloc    ] GC(439) Medium Pages: 12 / 384M, Empty: 352M, Relocated: 0M, In-Place: 0
[237.313s][info][gc,reloc    ] GC(439) Large Pages: 1 / 6M, Empty: 0M, Relocated: 0M, In-Place: 0
[237.313s][info][gc,reloc    ] GC(439) Forwarding Usage: 0M
[237.313s][info][gc,heap     ] GC(439) Min Capacity: 4096M(100%)
[237.313s][info][gc,heap     ] GC(439) Max Capacity: 4096M(100%)
[237.314s][info][gc,heap     ] GC(439) Soft Max Capacity: 4096M(100%)
[237.314s][info][gc,heap     ] GC(439)                Mark Start          Mark End        Relocate Start      Relocate End           High               Low         
[237.314s][info][gc,heap     ] GC(439)  Capacity:     4096M (100%)       4096M (100%)       4096M (100%)       4096M (100%)       4096M (100%)       4096M (100%)   
[237.314s][info][gc,heap     ] GC(439)      Free:     1322M (32%)         364M (9%)         2926M (71%)        2954M (72%)        2954M (72%)         332M (8%)     
[237.314s][info][gc,heap     ] GC(439)      Used:     2774M (68%)        3732M (91%)        1170M (29%)        1142M (28%)        3764M (92%)        1142M (28%)    
[237.314s][info][gc,heap     ] GC(439)      Live:         -                99M (2%)           99M (2%)           99M (2%)             -                  -          
[237.314s][info][gc,heap     ] GC(439) Allocated:         -               958M (23%)        1010M (25%)        1011M (25%)            -                  -          
[237.314s][info][gc,heap     ] GC(439)   Garbage:         -              2674M (65%)          60M (1%)           30M (1%)             -                  -          
[237.314s][info][gc,heap     ] GC(439) Reclaimed:         -                  -              2614M (64%)        2643M (65%)            -                  -          
[237.314s][info][gc          ] GC(439) Garbage Collection (Allocation Rate) 2774M(68%)->1142M(28%)
[237.583s][info][gc,start    ] GC(440) Garbage Collection (Allocation Rate)
[237.583s][info][gc,task     ] GC(440) Using 1 workers
[237.583s][info][gc,phases   ] GC(440) Pause Mark Start 0.006ms
[237.801s][info][gc,phases   ] GC(440) Concurrent Mark 217.747ms
[237.801s][info][gc,phases   ] GC(440) Pause Mark End 0.016ms
[237.801s][info][gc,phases   ] GC(440) Concurrent Mark Free 0.002ms
[237.805s][info][gc,phases   ] GC(440) Concurrent Process Non-Strong References 3.433ms
[237.805s][info][gc,phases   ] GC(440) Concurrent Reset Relocation Set 0.003ms
[237.807s][info][gc,phases   ] GC(440) Concurrent Select Relocation Set 2.437ms
[237.807s][info][gc,phases   ] GC(440) Pause Relocate Start 0.009ms
[237.808s][info][gc,phases   ] GC(440) Concurrent Relocate 0.403ms
[237.808s][info][gc,load     ] GC(440) Load: 0.00/0.00/0.00
[237.808s][info][gc,mmu      ] GC(440) MMU: 2ms/96.2%, 5ms/98.5%, 10ms/99.0%, 20ms/99.5%, 50ms/99.8%, 100ms/99.9%
[237.808s][info][gc,marking  ] GC(440) Mark: 1 stripe(s), 2 proactive flush(es), 1 terminate flush(es), 0 completion(s), 0 continuation(s) 
[237.808s][info][gc,marking  ] GC(440) Mark Stack Usage: 32M
[237.808s][info][gc,nmethod  ] GC(440) NMethods: 1465 registered, 12 unregistered
[237.808s][info][gc,metaspace] GC(440) Metaspace: 11M used, 11M committed, 1088M reserved
[237.808s][info][gc,ref      ] GC(440) Soft: 197 encountered, 0 discovered, 0 enqueued
[237.808s][info][gc,ref      ] GC(440) Weak: 695 encountered, 187 discovered, 0 enqueued
[237.808s][info][gc,ref      ] GC(440) Final: 0 encountered, 0 discovered, 0 enqueued
[237.808s][info][gc,ref      ] GC(440) Phantom: 36 encountered, 21 discovered, 0 enqueued
[237.808s][info][gc,reloc    ] GC(440) Small Pages: 997 / 1994M, Empty: 1876M, Relocated: 0M, In-Place: 0
[237.808s][info][gc,reloc    ] GC(440) Medium Pages: 11 / 352M, Empty: 320M, Relocated: 0M, In-Place: 0
[237.808s][info][gc,reloc    ] GC(440) Large Pages: 1 / 6M, Empty: 0M, Relocated: 0M, In-Place: 0
[237.808s][info][gc,reloc    ] GC(440) Forwarding Usage: 0M
[237.808s][info][gc,heap     ] GC(440) Min Capacity: 4096M(100%)
[237.808s][info][gc,heap     ] GC(440) Max Capacity: 4096M(100%)
[237.808s][info][gc,heap     ] GC(440) Soft Max Capacity: 4096M(100%)
[237.808s][info][gc,heap     ] GC(440)                Mark Start          Mark End        Relocate Start      Relocate End           High               Low         
[237.808s][info][gc,heap     ] GC(440)  Capacity:     4096M (100%)       4096M (100%)       4096M (100%)       4096M (100%)       4096M (100%)       4096M (100%)   
[237.808s][info][gc,heap     ] GC(440)      Free:     1744M (43%)         788M (19%)        2950M (72%)        2974M (73%)        2974M (73%)         754M (18%)    
[237.808s][info][gc,heap     ] GC(440)      Used:     2352M (57%)        3308M (81%)        1146M (28%)        1122M (27%)        3342M (82%)        1122M (27%)    
[237.808s][info][gc,heap     ] GC(440)      Live:         -                99M (2%)           99M (2%)           99M (2%)             -                  -          
[237.808s][info][gc,heap     ] GC(440) Allocated:         -               956M (23%)         990M (24%)         991M (24%)            -                  -          
[237.808s][info][gc,heap     ] GC(440)   Garbage:         -              2252M (55%)          56M (1%)           30M (1%)             -                  -          
[237.808s][info][gc,heap     ] GC(440) Reclaimed:         -                  -              2196M (54%)        2221M (54%)            -                  -          
[237.808s][info][gc          ] GC(440) Garbage Collection (Allocation Rate) 2352M(57%)->1122M(27%)
[238.085s][info][gc,start    ] GC(441) Garbage Collection (Allocation Rate)
[238.085s][info][gc,task     ] GC(441) Using 1 workers
[238.086s][info][gc,phases   ] GC(441) Pause Mark Start 0.010ms
[238.226s][info][gc,phases   ] GC(441) Concurrent Mark 140.177ms
[238.226s][info][gc,phases   ] GC(441) Pause Mark End 0.011ms
[238.226s][info][gc,phases   ] GC(441) Concurrent Mark Free 0.001ms
[238.232s][info][gc,phases   ] GC(441) Concurrent Process Non-Strong References 5.915ms
[238.232s][info][gc,phases   ] GC(441) Concurrent Reset Relocation Set 0.004ms
[238.236s][info][gc,phases   ] GC(441) Concurrent Select Relocation Set 3.835ms
[238.236s][info][gc,phases   ] GC(441) Pause Relocate Start 0.017ms
[238.237s][info][gc,phases   ] GC(441) Concurrent Relocate 0.746ms
[238.237s][info][gc,load     ] GC(441) Load: 0.00/0.00/0.00
[238.237s][info][gc,mmu      ] GC(441) MMU: 2ms/96.2%, 5ms/98.5%, 10ms/99.0%, 20ms/99.5%, 50ms/99.8%, 100ms/99.9%
[238.237s][info][gc,marking  ] GC(441) Mark: 1 stripe(s), 2 proactive flush(es), 1 terminate flush(es), 0 completion(s), 0 continuation(s) 
[238.237s][info][gc,marking  ] GC(441) Mark Stack Usage: 32M
[238.237s][info][gc,nmethod  ] GC(441) NMethods: 1465 registered, 12 unregistered
[238.237s][info][gc,metaspace] GC(441) Metaspace: 11M used, 11M committed, 1088M reserved
[238.237s][info][gc,ref      ] GC(441) Soft: 197 encountered, 0 discovered, 0 enqueued
[238.237s][info][gc,ref      ] GC(441) Weak: 695 encountered, 187 discovered, 0 enqueued
[238.237s][info][gc,ref      ] GC(441) Final: 0 encountered, 0 discovered, 0 enqueued
[238.237s][info][gc,ref      ] GC(441) Phantom: 36 encountered, 21 discovered, 0 enqueued
[238.237s][info][gc,reloc    ] GC(441) Small Pages: 998 / 1996M, Empty: 1868M, Relocated: 0M, In-Place: 0
[238.237s][info][gc,reloc    ] GC(441) Medium Pages: 11 / 352M, Empty: 352M, Relocated: 0M, In-Place: 0
[238.237s][info][gc,reloc    ] GC(441) Large Pages: 1 / 6M, Empty: 0M, Relocated: 0M, In-Place: 0
[238.237s][info][gc,reloc    ] GC(441) Forwarding Usage: 0M
[238.237s][info][gc,heap     ] GC(441) Min Capacity: 4096M(100%)
[238.237s][info][gc,heap     ] GC(441) Max Capacity: 4096M(100%)
[238.237s][info][gc,heap     ] GC(441) Soft Max Capacity: 4096M(100%)
[238.237s][info][gc,heap     ] GC(441)                Mark Start          Mark End        Relocate Start      Relocate End           High               Low         
[238.237s][info][gc,heap     ] GC(441)  Capacity:     4096M (100%)       4096M (100%)       4096M (100%)       4096M (100%)       4096M (100%)       4096M (100%)   
[238.237s][info][gc,heap     ] GC(441)      Free:     1742M (43%)        1144M (28%)        3308M (81%)        3338M (81%)        3342M (82%)        1110M (27%)    
[238.237s][info][gc,heap     ] GC(441)      Used:     2354M (57%)        2952M (72%)         788M (19%)         758M (19%)        2986M (73%)         754M (18%)    
[238.237s][info][gc,heap     ] GC(441)      Live:         -                95M (2%)           95M (2%)           95M (2%)             -                  -          
[238.237s][info][gc,heap     ] GC(441) Allocated:         -               598M (15%)         654M (16%)         659M (16%)            -                  -          
[238.237s][info][gc,heap     ] GC(441)   Garbage:         -              2258M (55%)          38M (1%)            2M (0%)             -                  -          
[238.237s][info][gc,heap     ] GC(441) Reclaimed:         -                  -              2220M (54%)        2255M (55%)            -                  -          
[238.237s][info][gc          ] GC(441) Garbage Collection (Allocation Rate) 2354M(57%)->758M(19%)
[238.588s][info][gc,start    ] GC(442) Garbage Collection (Allocation Rate)
[238.588s][info][gc,task     ] GC(442) Using 1 workers
[238.589s][info][gc,phases   ] GC(442) Pause Mark Start 0.012ms
[238.736s][info][gc,phases   ] GC(442) Concurrent Mark 147.872ms
[238.737s][info][gc,phases   ] GC(442) Pause Mark End 0.023ms
[238.737s][info][gc,phases   ] GC(442) Concurrent Mark Free 0.002ms
[238.741s][info][gc,phases   ] GC(442) Concurrent Process Non-Strong References 3.986ms
[238.741s][info][gc,phases   ] GC(442) Concurrent Reset Relocation Set 0.003ms
[238.744s][info][gc,phases   ] GC(442) Concurrent Select Relocation Set 2.934ms
[238.744s][info][gc,phases   ] GC(442) Pause Relocate Start 0.010ms
[238.744s][info][gc,phases   ] GC(442) Concurrent Relocate 0.316ms
[238.744s][info][gc,load     ] GC(442) Load: 0.00/0.00/0.00
[238.744s][info][gc,mmu      ] GC(442) MMU: 2ms/96.2%, 5ms/98.5%, 10ms/99.0%, 20ms/99.5%, 50ms/99.8%, 100ms/99.9%
[238.744s][info][gc,marking  ] GC(442) Mark: 1 stripe(s), 2 proactive flush(es), 1 terminate flush(es), 0 completion(s), 0 continuation(s) 
[238.744s][info][gc,marking  ] GC(442) Mark Stack Usage: 32M
[238.744s][info][gc,nmethod  ] GC(442) NMethods: 1465 registered, 12 unregistered
[238.744s][info][gc,metaspace] GC(442) Metaspace: 11M used, 11M committed, 1088M reserved
[238.744s][info][gc,ref      ] GC(442) Soft: 197 encountered, 0 discovered, 0 enqueued
[238.744s][info][gc,ref      ] GC(442) Weak: 695 encountered, 187 discovered, 0 enqueued
[238.744s][info][gc,ref      ] GC(442) Final: 0 encountered, 0 discovered, 0 enqueued
[238.744s][info][gc,ref      ] GC(442) Phantom: 36 encountered, 21 discovered, 0 enqueued
[238.744s][info][gc,reloc    ] GC(442) Small Pages: 1009 / 2018M, Empty: 1890M, Relocated: 1M, In-Place: 0
[238.744s][info][gc,reloc    ] GC(442) Medium Pages: 10 / 320M, Empty: 320M, Relocated: 0M, In-Place: 0
[238.744s][info][gc,reloc    ] GC(442) Large Pages: 1 / 6M, Empty: 0M, Relocated: 0M, In-Place: 0
[238.744s][info][gc,reloc    ] GC(442) Forwarding Usage: 0M
[238.744s][info][gc,heap     ] GC(442) Min Capacity: 4096M(100%)
[238.744s][info][gc,heap     ] GC(442) Max Capacity: 4096M(100%)
[238.744s][info][gc,heap     ] GC(442) Soft Max Capacity: 4096M(100%)
[238.744s][info][gc,heap     ] GC(442)                Mark Start          Mark End        Relocate Start      Relocate End           High               Low         
[238.744s][info][gc,heap     ] GC(442)  Capacity:     4096M (100%)       4096M (100%)       4096M (100%)       4096M (100%)       4096M (100%)       4096M (100%)   
[238.744s][info][gc,heap     ] GC(442)      Free:     1752M (43%)        1112M (27%)        3306M (81%)        3340M (82%)        3340M (82%)        1096M (27%)    
[238.744s][info][gc,heap     ] GC(442)      Used:     2344M (57%)        2984M (73%)         790M (19%)         756M (18%)        3000M (73%)         756M (18%)    
[238.744s][info][gc,heap     ] GC(442)      Live:         -                97M (2%)           97M (2%)           97M (2%)             -                  -          
[238.744s][info][gc,heap     ] GC(442) Allocated:         -               640M (16%)         656M (16%)         655M (16%)            -                  -          
[238.744s][info][gc,heap     ] GC(442)   Garbage:         -              2246M (55%)          36M (1%)            2M (0%)             -                  -          
[238.745s][info][gc,heap     ] GC(442) Reclaimed:         -                  -              2210M (54%)        2243M (55%)            -                  -          
[238.745s][info][gc          ] GC(442) Garbage Collection (Allocation Rate) 2344M(57%)->756M(18%)
[239.001s][info][gc,start    ] GC(443) Garbage Collection (System.gc())
[239.001s][info][gc,task     ] GC(443) Using 2 workers
[239.001s][info][gc,phases   ] GC(443) Pause Mark Start 0.006ms
[239.059s][info][gc,phases   ] GC(443) Concurrent Mark 57.490ms
[239.059s][info][gc,phases   ] GC(443) Pause Mark End 0.028ms
[239.059s][info][gc,phases   ] GC(443) Concurrent Mark Free 0.003ms
[239.061s][info][gc,phases   ] GC(443) Concurrent Process Non-Strong References 1.673ms
[239.061s][info][gc,phases   ] GC(443) Concurrent Reset Relocation Set 0.001ms
[239.062s][info][gc,phases   ] GC(443) Concurrent Select Relocation Set 1.253ms
[239.062s][info][gc,phases   ] GC(443) Pause Relocate Start 0.008ms
[239.063s][info][gc,phases   ] GC(443) Concurrent Relocate 0.361ms
[239.063s][info][gc,load     ] GC(443) Load: 0.00/0.00/0.00
[239.063s][info][gc,mmu      ] GC(443) MMU: 2ms/96.2%, 5ms/98.5%, 10ms/99.0%, 20ms/99.5%, 50ms/99.8%, 100ms/99.9%
[239.063s][info][gc,marking  ] GC(443) Mark: 2 stripe(s), 1 proactive flush(es), 1 terminate flush(es), 0 completion(s), 0 continuation(s) 
[239.063s][info][gc,marking  ] GC(443) Mark Stack Usage: 32M
[239.063s][info][gc,nmethod  ] GC(443) NMethods: 1465 registered, 12 unregistered
[239.063s][info][gc,metaspace] GC(443) Metaspace: 11M used, 11M committed, 1088M reserved
[239.063s][info][gc,ref      ] GC(443) Soft: 197 encountered, 0 discovered, 0 enqueued
[239.063s][info][gc,ref      ] GC(443) Weak: 695 encountered, 212 discovered, 0 enqueued
[239.063s][info][gc,ref      ] GC(443) Final: 0 encountered, 0 discovered, 0 enqueued
[239.063s][info][gc,ref      ] GC(443) Phantom: 36 encountered, 14 discovered, 0 enqueued
[239.063s][info][gc,reloc    ] GC(443) Small Pages: 822 / 1644M, Empty: 1546M, Relocated: 0M, In-Place: 0
[239.063s][info][gc,reloc    ] GC(443) Medium Pages: 8 / 256M, Empty: 256M, Relocated: 0M, In-Place: 0
[239.063s][info][gc,reloc    ] GC(443) Large Pages: 1 / 6M, Empty: 0M, Relocated: 0M, In-Place: 0
[239.063s][info][gc,reloc    ] GC(443) Forwarding Usage: 0M
[239.063s][info][gc,heap     ] GC(443) Min Capacity: 4096M(100%)
[239.063s][info][gc,heap     ] GC(443) Max Capacity: 4096M(100%)
[239.063s][info][gc,heap     ] GC(443) Soft Max Capacity: 4096M(100%)
[239.063s][info][gc,heap     ] GC(443)                Mark Start          Mark End        Relocate Start      Relocate End           High               Low         
[239.063s][info][gc,heap     ] GC(443)  Capacity:     4096M (100%)       4096M (100%)       4096M (100%)       4096M (100%)       4096M (100%)       4096M (100%)   
[239.063s][info][gc,heap     ] GC(443)      Free:     2190M (53%)        2190M (53%)        3992M (97%)        3996M (98%)        3996M (98%)        2190M (53%)    
[239.063s][info][gc,heap     ] GC(443)      Used:     1906M (47%)        1906M (47%)         104M (3%)          100M (2%)         1906M (47%)         100M (2%)     
[239.063s][info][gc,heap     ] GC(443)      Live:         -                95M (2%)           95M (2%)           95M (2%)             -                  -          
[239.063s][info][gc,heap     ] GC(443) Allocated:         -                 0M (0%)            0M (0%)            0M (0%)             -                  -          
[239.063s][info][gc,heap     ] GC(443)   Garbage:         -              1810M (44%)           8M (0%)            4M (0%)             -                  -          
[239.063s][info][gc,heap     ] GC(443) Reclaimed:         -                  -              1802M (44%)        1806M (44%)            -                  -          
[239.063s][info][gc          ] GC(443) Garbage Collection (System.gc()) 1906M(47%)->100M(2%)
[239.687s][info][gc,start    ] GC(444) Garbage Collection (Allocation Rate)
[239.687s][info][gc,task     ] GC(444) Using 1 workers
[239.687s][info][gc,phases   ] GC(444) Pause Mark Start 0.006ms
[239.908s][info][gc,phases   ] GC(444) Concurrent Mark 220.347ms
[239.908s][info][gc,phases   ] GC(444) Pause Mark End 0.015ms
[239.908s][info][gc,phases   ] GC(444) Concurrent Mark Free 0.002ms
[239.911s][info][gc,phases   ] GC(444) Concurrent Process Non-Strong References 3.544ms
[239.912s][info][gc,phases   ] GC(444) Concurrent Reset Relocation Set 0.001ms
[239.915s][info][gc,phases   ] GC(444) Concurrent Select Relocation Set 3.482ms
[239.915s][info][gc,phases   ] GC(444) Pause Relocate Start 0.010ms
[239.916s][info][gc,phases   ] GC(444) Concurrent Relocate 0.421ms
[239.916s][info][gc,load     ] GC(444) Load: 0.00/0.00/0.00
[239.916s][info][gc,mmu      ] GC(444) MMU: 2ms/96.2%, 5ms/98.5%, 10ms/99.0%, 20ms/99.5%, 50ms/99.8%, 100ms/99.9%
[239.916s][info][gc,marking  ] GC(444) Mark: 1 stripe(s), 2 proactive flush(es), 1 terminate flush(es), 0 completion(s), 0 continuation(s) 
[239.916s][info][gc,marking  ] GC(444) Mark Stack Usage: 32M
[239.916s][info][gc,nmethod  ] GC(444) NMethods: 1465 registered, 12 unregistered
[239.916s][info][gc,metaspace] GC(444) Metaspace: 11M used, 11M committed, 1088M reserved
[239.916s][info][gc,ref      ] GC(444) Soft: 197 encountered, 0 discovered, 0 enqueued
[239.916s][info][gc,ref      ] GC(444) Weak: 695 encountered, 187 discovered, 0 enqueued
[239.916s][info][gc,ref      ] GC(444) Final: 0 encountered, 0 discovered, 0 enqueued
[239.916s][info][gc,ref      ] GC(444) Phantom: 36 encountered, 21 discovered, 0 enqueued
[239.916s][info][gc,reloc    ] GC(444) Small Pages: 1286 / 2572M, Empty: 2462M, Relocated: 0M, In-Place: 0
[239.916s][info][gc,reloc    ] GC(444) Medium Pages: 13 / 416M, Empty: 384M, Relocated: 0M, In-Place: 0
[239.916s][info][gc,reloc    ] GC(444) Large Pages: 1 / 6M, Empty: 0M, Relocated: 0M, In-Place: 0
[239.916s][info][gc,reloc    ] GC(444) Forwarding Usage: 0M
[239.916s][info][gc,heap     ] GC(444) Min Capacity: 4096M(100%)
[239.916s][info][gc,heap     ] GC(444) Max Capacity: 4096M(100%)
[239.916s][info][gc,heap     ] GC(444) Soft Max Capacity: 4096M(100%)
[239.916s][info][gc,heap     ] GC(444)                Mark Start          Mark End        Relocate Start      Relocate End           High               Low         
[239.916s][info][gc,heap     ] GC(444)  Capacity:     4096M (100%)       4096M (100%)       4096M (100%)       4096M (100%)       4096M (100%)       4096M (100%)   
[239.916s][info][gc,heap     ] GC(444)      Free:     1102M (27%)         154M (4%)         2958M (72%)        2976M (73%)        2976M (73%)         146M (4%)     
[239.916s][info][gc,heap     ] GC(444)      Used:     2994M (73%)        3942M (96%)        1138M (28%)        1120M (27%)        3950M (96%)        1120M (27%)    
[239.916s][info][gc,heap     ] GC(444)      Live:         -                99M (2%)           99M (2%)           99M (2%)             -                  -          
[239.916s][info][gc,heap     ] GC(444) Allocated:         -               948M (23%)         990M (24%)         989M (24%)            -                  -          
[239.916s][info][gc,heap     ] GC(444)   Garbage:         -              2894M (71%)          48M (1%)           30M (1%)             -                  -          
[239.916s][info][gc,heap     ] GC(444) Reclaimed:         -                  -              2846M (69%)        2863M (70%)            -                  -          
[239.916s][info][gc          ] GC(444) Garbage Collection (Allocation Rate) 2994M(73%)->1120M(27%)
[240.174s][info][gc,stats    ] === Garbage Collection Statistics =======================================================================================================================
[240.174s][info][gc,start    ] GC(445) Garbage Collection (Allocation Rate)
[240.174s][info][gc,stats    ]                                                              Last 10s              Last 10m              Last 10h                Total
[240.174s][info][gc,task     ] GC(445) Using 1 workers
[240.174s][info][gc,stats    ]                                                              Avg / Max             Avg / Max             Avg / Max             Avg / Max
[240.174s][info][gc,stats    ]   Collector: Garbage Collection Cycle                    153.247 / 232.778     162.038 / 259.019     162.038 / 259.019     162.038 / 259.019     ms
[240.174s][info][gc,stats    ]  Contention: Mark Segment Reset Contention                     0 / 1                 0 / 2                 0 / 2                 0 / 2           ops/s
[240.174s][info][gc,stats    ]  Contention: Mark SeqNum Reset Contention                      0 / 1                 0 / 2                 0 / 2                 0 / 2           ops/s
[240.174s][info][gc,stats    ]    Critical: Allocation Stall                                  0 / 0                 0 / 0                 0 / 0                 0 / 0           ops/s
[240.174s][info][gc,stats    ]    Critical: Allocation Stall                              0.000 / 0.000         0.000 / 0.000         0.000 / 0.000         0.000 / 0.000       ms
[240.174s][info][gc,stats    ]    Critical: GC Locker Stall                                   0 / 0                 0 / 0                 0 / 0                 0 / 0           ops/s
[240.174s][info][gc,stats    ]    Critical: GC Locker Stall                               0.000 / 0.000         0.000 / 0.000         0.000 / 0.000         0.000 / 0.000       ms
[240.174s][info][gc,stats    ]    Critical: Relocation Stall                                  0 / 0                 0 / 0                 0 / 0                 0 / 0           ops/s
[240.174s][info][gc,stats    ]    Critical: Relocation Stall                              0.000 / 0.000         0.000 / 0.000         0.000 / 0.000         0.000 / 0.000       ms
[240.174s][info][gc,stats    ]      Memory: Allocation Rate                                4369 / 4606           4299 / 4606           4299 / 4606           4299 / 4606        MB/s
[240.174s][info][gc,stats    ]      Memory: Defragment                                        0 / 0                 0 / 0                 0 / 0                 0 / 0           ops/s
[240.174s][info][gc,stats    ]      Memory: Out Of Memory                                     0 / 0                 0 / 0                 0 / 0                 0 / 0           ops/s
[240.174s][info][gc,stats    ]      Memory: Page Cache Flush                                  0 / 0                 0 / 0                 0 / 0                 0 / 0           MB/s
[240.174s][info][gc,stats    ]      Memory: Page Cache Hit L1                              1893 / 2004           1853 / 2004           1853 / 2004           1853 / 2004        ops/s
[240.174s][info][gc,stats    ]      Memory: Page Cache Hit L2                                 0 / 0                 0 / 0                 0 / 0                 0 / 0           ops/s
[240.174s][info][gc,stats    ]      Memory: Page Cache Hit L3                                 0 / 0                 7 / 437               7 / 437               7 / 437         ops/s
[240.174s][info][gc,phases   ] GC(445) Pause Mark Start 0.017ms
[240.174s][info][gc,stats    ]      Memory: Page Cache Miss                                   0 / 0                 0 / 1                 0 / 1                 0 / 1           ops/s
[240.174s][info][gc,stats    ]      Memory: Uncommit                                          0 / 0                 0 / 0                 0 / 0                 0 / 0           MB/s
[240.174s][info][gc,stats    ]      Memory: Undo Object Allocation Failed                     0 / 0                 0 / 1                 0 / 1                 0 / 1           ops/s
[240.174s][info][gc,stats    ]      Memory: Undo Object Allocation Succeeded                  7 / 67               15 / 1067             15 / 1067             15 / 1067        ops/s
[240.174s][info][gc,stats    ]      Memory: Undo Page Allocation                              1 / 3                 2 / 7                 2 / 7                 2 / 7           ops/s
[240.174s][info][gc,stats    ]       Phase: Concurrent Mark                             143.256 / 220.544     151.116 / 251.310     151.116 / 251.310     151.116 / 251.310     ms
[240.174s][info][gc,stats    ]       Phase: Concurrent Mark Continue                      0.000 / 0.000         0.000 / 0.000         0.000 / 0.000         0.000 / 0.000       ms
[240.174s][info][gc,stats    ]       Phase: Concurrent Mark Free                          0.001 / 0.003         0.002 / 0.005         0.002 / 0.005         0.002 / 0.005       ms
[240.174s][info][gc,stats    ]       Phase: Concurrent Process Non-Strong References      5.417 / 15.830        5.174 / 24.469        5.174 / 24.469        5.174 / 24.469      ms
[240.174s][info][gc,stats    ]       Phase: Concurrent Relocate                           0.777 / 1.886         1.749 / 57.532        1.749 / 57.532        1.749 / 57.532      ms
[240.174s][info][gc,stats    ]       Phase: Concurrent Reset Relocation Set               0.003 / 0.008         0.004 / 0.026         0.004 / 0.026         0.004 / 0.026       ms
[240.174s][info][gc,stats    ]       Phase: Concurrent Select Relocation Set              2.877 / 4.051         2.994 / 13.885        2.994 / 13.885        2.994 / 13.885      ms
[240.174s][info][gc,stats    ]       Phase: Pause Mark End                                0.017 / 0.028         0.018 / 0.047         0.018 / 0.047         0.018 / 0.047       ms
[240.174s][info][gc,stats    ]       Phase: Pause Mark Start                              0.010 / 0.017         0.010 / 0.027         0.010 / 0.027         0.010 / 0.027       ms
[240.174s][info][gc,stats    ]       Phase: Pause Relocate Start                          0.011 / 0.017         0.012 / 0.077         0.012 / 0.077         0.012 / 0.077       ms
[240.174s][info][gc,stats    ]    Subphase: Concurrent Classes Purge                      0.013 / 0.038         0.015 / 0.208         0.015 / 0.208         0.015 / 0.208       ms
[240.174s][info][gc,stats    ]    Subphase: Concurrent Classes Unlink                     2.870 / 3.858         2.770 / 4.011         2.770 / 4.011         2.770 / 4.011       ms
[240.174s][info][gc,stats    ]    Subphase: Concurrent Mark                             129.577 / 219.829     136.409 / 250.559     136.409 / 250.559     136.409 / 250.559     ms
[240.174s][info][gc,stats    ]    Subphase: Concurrent Mark Try Flush                     0.387 / 3.392         0.782 / 27.025        0.782 / 27.025        0.782 / 27.025      ms
[240.175s][info][gc,stats    ]    Subphase: Concurrent Mark Try Terminate                 0.817 / 12.533        1.146 / 17.378        1.146 / 17.378        1.146 / 17.378      ms
[240.175s][info][gc,stats    ]    Subphase: Concurrent References Enqueue                 0.001 / 0.002         0.001 / 0.015         0.001 / 0.015         0.001 / 0.015       ms
[240.175s][info][gc,stats    ]    Subphase: Concurrent References Process                 0.091 / 0.204         0.086 / 0.535         0.086 / 0.535         0.086 / 0.535       ms
[240.175s][info][gc,stats    ]    Subphase: Concurrent Roots ClassLoaderDataGraph         0.072 / 0.131         0.070 / 0.272         0.070 / 0.272         0.070 / 0.272       ms
[240.175s][info][gc,stats    ]    Subphase: Concurrent Roots CodeCache                    0.000 / 0.000         0.000 / 0.000         0.000 / 0.000         0.000 / 0.000       ms
[240.175s][info][gc,stats    ]    Subphase: Concurrent Roots JavaThreads                  0.840 / 5.489         0.639 / 8.931         0.639 / 8.931         0.639 / 8.931       ms
[240.175s][info][gc,stats    ]    Subphase: Concurrent Roots OopStorageSet                0.027 / 0.064         0.028 / 0.099         0.028 / 0.099         0.028 / 0.099       ms
[240.175s][info][gc,stats    ]    Subphase: Concurrent Weak Roots OopStorageSet           0.198 / 0.307         0.188 / 0.369         0.188 / 0.369         0.188 / 0.369       ms
[240.175s][info][gc,stats    ]    Subphase: Pause Mark Try Complete                       0.000 / 0.000         0.000 / 0.000         0.000 / 0.000         0.000 / 0.000       ms
[240.175s][info][gc,stats    ]      System: Java Threads                                     25 / 25               23 / 25               23 / 25               23 / 25          threads
[240.175s][info][gc,stats    ] =========================================================================================================================================================
[240.324s][info][gc,phases   ] GC(445) Concurrent Mark 149.663ms
[240.324s][info][gc,phases   ] GC(445) Pause Mark End 0.013ms
[240.324s][info][gc,phases   ] GC(445) Concurrent Mark Free 0.002ms
[240.328s][info][gc,phases   ] GC(445) Concurrent Process Non-Strong References 3.595ms
[240.328s][info][gc,phases   ] GC(445) Concurrent Reset Relocation Set 0.002ms
[240.331s][info][gc,phases   ] GC(445) Concurrent Select Relocation Set 2.764ms
[240.331s][info][gc,phases   ] GC(445) Pause Relocate Start 0.010ms
[240.331s][info][gc,phases   ] GC(445) Concurrent Relocate 0.294ms
[240.331s][info][gc,load     ] GC(445) Load: 0.00/0.00/0.00
[240.331s][info][gc,mmu      ] GC(445) MMU: 2ms/96.2%, 5ms/98.5%, 10ms/99.0%, 20ms/99.5%, 50ms/99.8%, 100ms/99.9%
[240.331s][info][gc,marking  ] GC(445) Mark: 1 stripe(s), 2 proactive flush(es), 1 terminate flush(es), 0 completion(s), 0 continuation(s) 
[240.331s][info][gc,marking  ] GC(445) Mark Stack Usage: 32M
[240.331s][info][gc,nmethod  ] GC(445) NMethods: 1465 registered, 12 unregistered
[240.331s][info][gc,metaspace] GC(445) Metaspace: 11M used, 11M committed, 1088M reserved
[240.331s][info][gc,ref      ] GC(445) Soft: 197 encountered, 0 discovered, 0 enqueued
[240.331s][info][gc,ref      ] GC(445) Weak: 695 encountered, 187 discovered, 0 enqueued
[240.331s][info][gc,ref      ] GC(445) Final: 0 encountered, 0 discovered, 0 enqueued
[240.331s][info][gc,ref      ] GC(445) Phantom: 36 encountered, 21 discovered, 0 enqueued
[240.331s][info][gc,reloc    ] GC(445) Small Pages: 968 / 1936M, Empty: 1804M, Relocated: 1M, In-Place: 0
[240.331s][info][gc,reloc    ] GC(445) Medium Pages: 10 / 320M, Empty: 320M, Relocated: 0M, In-Place: 0
[240.331s][info][gc,reloc    ] GC(445) Large Pages: 1 / 6M, Empty: 0M, Relocated: 0M, In-Place: 0
[240.331s][info][gc,reloc    ] GC(445) Forwarding Usage: 0M
[240.331s][info][gc,heap     ] GC(445) Min Capacity: 4096M(100%)
[240.331s][info][gc,heap     ] GC(445) Max Capacity: 4096M(100%)
[240.331s][info][gc,heap     ] GC(445) Soft Max Capacity: 4096M(100%)
[240.331s][info][gc,heap     ] GC(445)                Mark Start          Mark End        Relocate Start      Relocate End           High               Low         
[240.331s][info][gc,heap     ] GC(445)  Capacity:     4096M (100%)       4096M (100%)       4096M (100%)       4096M (100%)       4096M (100%)       4096M (100%)   
[240.331s][info][gc,heap     ] GC(445)      Free:     1834M (45%)        1186M (29%)        3304M (81%)        3342M (82%)        3342M (82%)        1180M (29%)    
[240.331s][info][gc,heap     ] GC(445)      Used:     2262M (55%)        2910M (71%)         792M (19%)         754M (18%)        2916M (71%)         754M (18%)    
[240.331s][info][gc,heap     ] GC(445)      Live:         -                97M (2%)           97M (2%)           97M (2%)             -                  -          
[240.331s][info][gc,heap     ] GC(445) Allocated:         -               648M (16%)         654M (16%)         653M (16%)            -                  -          
[240.331s][info][gc,heap     ] GC(445)   Garbage:         -              2164M (53%)          40M (1%)            2M (0%)             -                  -          
[240.331s][info][gc,heap     ] GC(445) Reclaimed:         -                  -              2124M (52%)        2161M (53%)            -                  -          
[240.331s][info][gc          ] GC(445) Garbage Collection (Allocation Rate) 2262M(55%)->754M(18%)
[240.678s][info][gc,start    ] GC(446) Garbage Collection (Allocation Rate)
[240.678s][info][gc,task     ] GC(446) Using 1 workers
[240.678s][info][gc,phases   ] GC(446) Pause Mark Start 0.015ms
[240.845s][info][gc,phases   ] GC(446) Concurrent Mark 166.544ms
[240.845s][info][gc,phases   ] GC(446) Pause Mark End 0.022ms
[240.845s][info][gc,phases   ] GC(446) Concurrent Mark Free 0.001ms
[240.849s][info][gc,phases   ] GC(446) Concurrent Process Non-Strong References 4.047ms
[240.849s][info][gc,phases   ] GC(446) Concurrent Reset Relocation Set 0.005ms
[240.852s][info][gc,phases   ] GC(446) Concurrent Select Relocation Set 2.741ms
[240.852s][info][gc,phases   ] GC(446) Pause Relocate Start 0.009ms
[240.852s][info][gc,phases   ] GC(446) Concurrent Relocate 0.423ms
[240.852s][info][gc,load     ] GC(446) Load: 0.00/0.00/0.00
[240.852s][info][gc,mmu      ] GC(446) MMU: 2ms/96.2%, 5ms/98.5%, 10ms/99.0%, 20ms/99.5%, 50ms/99.8%, 100ms/99.9%
[240.852s][info][gc,marking  ] GC(446) Mark: 1 stripe(s), 2 proactive flush(es), 1 terminate flush(es), 0 completion(s), 0 continuation(s) 
[240.852s][info][gc,marking  ] GC(446) Mark Stack Usage: 32M
[240.852s][info][gc,nmethod  ] GC(446) NMethods: 1465 registered, 12 unregistered
[240.852s][info][gc,metaspace] GC(446) Metaspace: 11M used, 11M committed, 1088M reserved
[240.852s][info][gc,ref      ] GC(446) Soft: 197 encountered, 0 discovered, 0 enqueued
[240.852s][info][gc,ref      ] GC(446) Weak: 695 encountered, 187 discovered, 0 enqueued
[240.852s][info][gc,ref      ] GC(446) Final: 0 encountered, 0 discovered, 0 enqueued
[240.852s][info][gc,ref      ] GC(446) Phantom: 36 encountered, 21 discovered, 0 enqueued
[240.852s][info][gc,reloc    ] GC(446) Small Pages: 998 / 1996M, Empty: 1868M, Relocated: 1M, In-Place: 0
[240.852s][info][gc,reloc    ] GC(446) Medium Pages: 10 / 320M, Empty: 320M, Relocated: 0M, In-Place: 0
[240.852s][info][gc,reloc    ] GC(446) Large Pages: 1 / 6M, Empty: 0M, Relocated: 0M, In-Place: 0
[240.852s][info][gc,reloc    ] GC(446) Forwarding Usage: 0M
[240.852s][info][gc,heap     ] GC(446) Min Capacity: 4096M(100%)
[240.852s][info][gc,heap     ] GC(446) Max Capacity: 4096M(100%)
[240.852s][info][gc,heap     ] GC(446) Soft Max Capacity: 4096M(100%)
[240.852s][info][gc,heap     ] GC(446)                Mark Start          Mark End        Relocate Start      Relocate End           High               Low         
[240.853s][info][gc,heap     ] GC(446)  Capacity:     4096M (100%)       4096M (100%)       4096M (100%)       4096M (100%)       4096M (100%)       4096M (100%)   
[240.853s][info][gc,heap     ] GC(446)      Free:     1774M (43%)        1070M (26%)        3194M (78%)        3228M (79%)        3228M (79%)        1044M (25%)    
[240.853s][info][gc,heap     ] GC(446)      Used:     2322M (57%)        3026M (74%)         902M (22%)         868M (21%)        3052M (75%)         868M (21%)    
[240.853s][info][gc,heap     ] GC(446)      Live:         -                97M (2%)           97M (2%)           97M (2%)             -                  -          
[240.853s][info][gc,heap     ] GC(446) Allocated:         -               704M (17%)         768M (19%)         767M (19%)            -                  -          
[240.853s][info][gc,heap     ] GC(446)   Garbage:         -              2224M (54%)          36M (1%)            2M (0%)             -                  -          
[240.853s][info][gc,heap     ] GC(446) Reclaimed:         -                  -              2188M (53%)        2221M (54%)            -                  -          
[240.853s][info][gc          ] GC(446) Garbage Collection (Allocation Rate) 2322M(57%)->868M(21%)
[241.274s][info][gc,start    ] GC(447) Garbage Collection (Allocation Rate)
[241.274s][info][gc,task     ] GC(447) Using 1 workers
[241.274s][info][gc,phases   ] GC(447) Pause Mark Start 0.006ms
[241.513s][info][gc,phases   ] GC(447) Concurrent Mark 238.828ms
[241.513s][info][gc,phases   ] GC(447) Pause Mark End 0.026ms
[241.513s][info][gc,phases   ] GC(447) Concurrent Mark Free 0.001ms
[241.518s][info][gc,phases   ] GC(447) Concurrent Process Non-Strong References 4.466ms
[241.518s][info][gc,phases   ] GC(447) Concurrent Reset Relocation Set 0.004ms
[241.522s][info][gc,phases   ] GC(447) Concurrent Select Relocation Set 3.411ms
[241.522s][info][gc,phases   ] GC(447) Pause Relocate Start 0.031ms
[241.523s][info][gc,phases   ] GC(447) Concurrent Relocate 0.750ms
[241.523s][info][gc,load     ] GC(447) Load: 0.00/0.00/0.00
[241.523s][info][gc,mmu      ] GC(447) MMU: 2ms/96.2%, 5ms/98.5%, 10ms/99.0%, 20ms/99.5%, 50ms/99.8%, 100ms/99.9%
[241.523s][info][gc,marking  ] GC(447) Mark: 1 stripe(s), 2 proactive flush(es), 1 terminate flush(es), 0 completion(s), 0 continuation(s) 
[241.523s][info][gc,marking  ] GC(447) Mark Stack Usage: 32M
[241.523s][info][gc,nmethod  ] GC(447) NMethods: 1465 registered, 12 unregistered
[241.523s][info][gc,metaspace] GC(447) Metaspace: 11M used, 11M committed, 1088M reserved
[241.523s][info][gc,ref      ] GC(447) Soft: 197 encountered, 0 discovered, 0 enqueued
[241.523s][info][gc,ref      ] GC(447) Weak: 695 encountered, 187 discovered, 0 enqueued
[241.523s][info][gc,ref      ] GC(447) Final: 0 encountered, 0 discovered, 0 enqueued
[241.523s][info][gc,ref      ] GC(447) Phantom: 36 encountered, 21 discovered, 0 enqueued
[241.523s][info][gc,reloc    ] GC(447) Small Pages: 1191 / 2382M, Empty: 2260M, Relocated: 0M, In-Place: 0
[241.523s][info][gc,reloc    ] GC(447) Medium Pages: 12 / 384M, Empty: 352M, Relocated: 0M, In-Place: 0
[241.523s][info][gc,reloc    ] GC(447) Large Pages: 1 / 6M, Empty: 0M, Relocated: 0M, In-Place: 0
[241.523s][info][gc,reloc    ] GC(447) Forwarding Usage: 0M
[241.523s][info][gc,heap     ] GC(447) Min Capacity: 4096M(100%)
[241.523s][info][gc,heap     ] GC(447) Max Capacity: 4096M(100%)
[241.523s][info][gc,heap     ] GC(447) Soft Max Capacity: 4096M(100%)
[241.523s][info][gc,heap     ] GC(447)                Mark Start          Mark End        Relocate Start      Relocate End           High               Low         
[241.523s][info][gc,heap     ] GC(447)  Capacity:     4096M (100%)       4096M (100%)       4096M (100%)       4096M (100%)       4096M (100%)       4096M (100%)   
[241.523s][info][gc,heap     ] GC(447)      Free:     1324M (32%)         298M (7%)         2864M (70%)        2894M (71%)        2894M (71%)         266M (6%)     
[241.523s][info][gc,heap     ] GC(447)      Used:     2772M (68%)        3798M (93%)        1232M (30%)        1202M (29%)        3830M (94%)        1202M (29%)    
[241.523s][info][gc,heap     ] GC(447)      Live:         -                99M (2%)           99M (2%)           99M (2%)             -                  -          
[241.523s][info][gc,heap     ] GC(447) Allocated:         -              1026M (25%)        1072M (26%)        1071M (26%)            -                  -          
[241.523s][info][gc,heap     ] GC(447)   Garbage:         -              2672M (65%)          60M (1%)           30M (1%)             -                  -          
[241.523s][info][gc,heap     ] GC(447) Reclaimed:         -                  -              2612M (64%)        2641M (65%)            -                  -          
[241.523s][info][gc          ] GC(447) Garbage Collection (Allocation Rate) 2772M(68%)->1202M(29%)
[241.777s][info][gc,start    ] GC(448) Garbage Collection (Allocation Rate)
[241.777s][info][gc,task     ] GC(448) Using 1 workers
[241.777s][info][gc,phases   ] GC(448) Pause Mark Start 0.010ms
[241.916s][info][gc,phases   ] GC(448) Concurrent Mark 139.002ms
[241.916s][info][gc,phases   ] GC(448) Pause Mark End 0.012ms
[241.916s][info][gc,phases   ] GC(448) Concurrent Mark Free 0.001ms
[241.921s][info][gc,phases   ] GC(448) Concurrent Process Non-Strong References 5.150ms
[241.921s][info][gc,phases   ] GC(448) Concurrent Reset Relocation Set 0.005ms
[241.926s][info][gc,phases   ] GC(448) Concurrent Select Relocation Set 4.235ms
[241.926s][info][gc,phases   ] GC(448) Pause Relocate Start 0.017ms
[241.927s][info][gc,phases   ] GC(448) Concurrent Relocate 1.329ms
[241.927s][info][gc,load     ] GC(448) Load: 0.00/0.00/0.00
[241.927s][info][gc,mmu      ] GC(448) MMU: 2ms/96.2%, 5ms/98.5%, 10ms/99.0%, 20ms/99.5%, 50ms/99.8%, 100ms/99.9%
[241.927s][info][gc,marking  ] GC(448) Mark: 1 stripe(s), 2 proactive flush(es), 1 terminate flush(es), 0 completion(s), 0 continuation(s) 
[241.927s][info][gc,marking  ] GC(448) Mark Stack Usage: 32M
[241.927s][info][gc,nmethod  ] GC(448) NMethods: 1466 registered, 12 unregistered
[241.927s][info][gc,metaspace] GC(448) Metaspace: 11M used, 11M committed, 1088M reserved
[241.927s][info][gc,ref      ] GC(448) Soft: 197 encountered, 0 discovered, 0 enqueued
[241.927s][info][gc,ref      ] GC(448) Weak: 695 encountered, 554 discovered, 0 enqueued
[241.927s][info][gc,ref      ] GC(448) Final: 0 encountered, 0 discovered, 0 enqueued
[241.927s][info][gc,ref      ] GC(448) Phantom: 36 encountered, 17 discovered, 0 enqueued
[241.927s][info][gc,reloc    ] GC(448) Small Pages: 997 / 1994M, Empty: 1884M, Relocated: 1M, In-Place: 0
[241.927s][info][gc,reloc    ] GC(448) Medium Pages: 11 / 352M, Empty: 320M, Relocated: 0M, In-Place: 0
[241.927s][info][gc,reloc    ] GC(448) Large Pages: 1 / 6M, Empty: 0M, Relocated: 0M, In-Place: 0
[241.927s][info][gc,reloc    ] GC(448) Forwarding Usage: 0M
[241.927s][info][gc,heap     ] GC(448) Min Capacity: 4096M(100%)
[241.927s][info][gc,heap     ] GC(448) Max Capacity: 4096M(100%)
[241.927s][info][gc,heap     ] GC(448) Soft Max Capacity: 4096M(100%)
[241.928s][info][gc,heap     ] GC(448)                Mark Start          Mark End        Relocate Start      Relocate End           High               Low         
[241.928s][info][gc,heap     ] GC(448)  Capacity:     4096M (100%)       4096M (100%)       4096M (100%)       4096M (100%)       4096M (100%)       4096M (100%)   
[241.928s][info][gc,heap     ] GC(448)      Free:     1744M (43%)        1226M (30%)        3376M (82%)        3388M (83%)        3392M (83%)        1198M (29%)    
[241.928s][info][gc,heap     ] GC(448)      Used:     2352M (57%)        2870M (70%)         720M (18%)         708M (17%)        2898M (71%)         704M (17%)    
[241.928s][info][gc,heap     ] GC(448)      Live:         -               100M (2%)          100M (2%)          100M (2%)             -                  -          
[241.928s][info][gc,heap     ] GC(448) Allocated:         -               518M (13%)         572M (14%)         577M (14%)            -                  -          
[241.928s][info][gc,heap     ] GC(448)   Garbage:         -              2251M (55%)          47M (1%)           29M (1%)             -                  -          
[241.928s][info][gc,heap     ] GC(448) Reclaimed:         -                  -              2204M (54%)        2221M (54%)            -                  -          
[241.928s][info][gc          ] GC(448) Garbage Collection (Allocation Rate) 2352M(57%)->708M(17%)
[242.279s][info][gc,start    ] GC(449) Garbage Collection (Allocation Rate)
[242.279s][info][gc,task     ] GC(449) Using 1 workers
[242.279s][info][gc,phases   ] GC(449) Pause Mark Start 0.008ms
[242.430s][info][gc,phases   ] GC(449) Concurrent Mark 150.345ms
[242.430s][info][gc,phases   ] GC(449) Pause Mark End 0.018ms
[242.430s][info][gc,phases   ] GC(449) Concurrent Mark Free 0.003ms
[242.434s][info][gc,phases   ] GC(449) Concurrent Process Non-Strong References 3.459ms
[242.434s][info][gc,phases   ] GC(449) Concurrent Reset Relocation Set 0.003ms
[242.436s][info][gc,phases   ] GC(449) Concurrent Select Relocation Set 2.566ms
[242.436s][info][gc,phases   ] GC(449) Pause Relocate Start 0.010ms
[242.438s][info][gc,phases   ] GC(449) Concurrent Relocate 1.192ms
[242.438s][info][gc,load     ] GC(449) Load: 0.00/0.00/0.00
[242.438s][info][gc,mmu      ] GC(449) MMU: 2ms/96.2%, 5ms/98.5%, 10ms/99.0%, 20ms/99.5%, 50ms/99.8%, 100ms/99.9%
[242.438s][info][gc,marking  ] GC(449) Mark: 1 stripe(s), 2 proactive flush(es), 1 terminate flush(es), 0 completion(s), 0 continuation(s) 
[242.438s][info][gc,marking  ] GC(449) Mark Stack Usage: 32M
[242.438s][info][gc,nmethod  ] GC(449) NMethods: 1467 registered, 13 unregistered
[242.438s][info][gc,metaspace] GC(449) Metaspace: 11M used, 11M committed, 1088M reserved
[242.438s][info][gc,ref      ] GC(449) Soft: 197 encountered, 0 discovered, 0 enqueued
[242.438s][info][gc,ref      ] GC(449) Weak: 695 encountered, 187 discovered, 0 enqueued
[242.438s][info][gc,ref      ] GC(449) Final: 0 encountered, 0 discovered, 0 enqueued
[242.438s][info][gc,ref      ] GC(449) Phantom: 36 encountered, 21 discovered, 0 enqueued
[242.438s][info][gc,reloc    ] GC(449) Small Pages: 977 / 1954M, Empty: 1812M, Relocated: 3M, In-Place: 0
[242.438s][info][gc,reloc    ] GC(449) Medium Pages: 11 / 352M, Empty: 352M, Relocated: 0M, In-Place: 0
[242.438s][info][gc,reloc    ] GC(449) Large Pages: 1 / 6M, Empty: 0M, Relocated: 0M, In-Place: 0
[242.438s][info][gc,reloc    ] GC(449) Forwarding Usage: 0M
[242.438s][info][gc,heap     ] GC(449) Min Capacity: 4096M(100%)
[242.438s][info][gc,heap     ] GC(449) Max Capacity: 4096M(100%)
[242.438s][info][gc,heap     ] GC(449) Soft Max Capacity: 4096M(100%)
[242.438s][info][gc,heap     ] GC(449)                Mark Start          Mark End        Relocate Start      Relocate End           High               Low         
[242.438s][info][gc,heap     ] GC(449)  Capacity:     4096M (100%)       4096M (100%)       4096M (100%)       4096M (100%)       4096M (100%)       4096M (100%)   
[242.438s][info][gc,heap     ] GC(449)      Free:     1784M (44%)        1146M (28%)        3306M (81%)        3354M (82%)        3354M (82%)        1142M (28%)    
[242.438s][info][gc,heap     ] GC(449)      Used:     2312M (56%)        2950M (72%)         790M (19%)         742M (18%)        2954M (72%)         742M (18%)    
[242.438s][info][gc,heap     ] GC(449)      Live:         -                98M (2%)           98M (2%)           98M (2%)             -                  -          
[242.438s][info][gc,heap     ] GC(449) Allocated:         -               638M (16%)         642M (16%)         641M (16%)            -                  -          
[242.438s][info][gc,heap     ] GC(449)   Garbage:         -              2213M (54%)          49M (1%)            1M (0%)             -                  -          
[242.438s][info][gc,heap     ] GC(449) Reclaimed:         -                  -              2164M (53%)        2211M (54%)            -                  -          
[242.438s][info][gc          ] GC(449) Garbage Collection (Allocation Rate) 2312M(56%)->742M(18%)
[242.875s][info][gc,start    ] GC(450) Garbage Collection (Allocation Rate)
[242.875s][info][gc,task     ] GC(450) Using 1 workers
[242.875s][info][gc,phases   ] GC(450) Pause Mark Start 0.010ms
[243.095s][info][gc,phases   ] GC(450) Concurrent Mark 219.771ms
[243.095s][info][gc,phases   ] GC(450) Pause Mark End 0.013ms
[243.095s][info][gc,phases   ] GC(450) Concurrent Mark Free 0.001ms
[243.103s][info][gc,phases   ] GC(450) Concurrent Process Non-Strong References 7.107ms
[243.103s][info][gc,phases   ] GC(450) Concurrent Reset Relocation Set 0.006ms
[243.107s][info][gc,phases   ] GC(450) Concurrent Select Relocation Set 4.007ms
[243.107s][info][gc,phases   ] GC(450) Pause Relocate Start 0.010ms
[243.108s][info][gc,phases   ] GC(450) Concurrent Relocate 0.581ms
[243.108s][info][gc,load     ] GC(450) Load: 0.00/0.00/0.00
[243.108s][info][gc,mmu      ] GC(450) MMU: 2ms/96.2%, 5ms/98.5%, 10ms/99.0%, 20ms/99.5%, 50ms/99.8%, 100ms/99.9%
[243.108s][info][gc,marking  ] GC(450) Mark: 1 stripe(s), 2 proactive flush(es), 1 terminate flush(es), 0 completion(s), 0 continuation(s) 
[243.108s][info][gc,marking  ] GC(450) Mark Stack Usage: 32M
[243.108s][info][gc,nmethod  ] GC(450) NMethods: 1465 registered, 15 unregistered
[243.108s][info][gc,metaspace] GC(450) Metaspace: 11M used, 11M committed, 1088M reserved
[243.108s][info][gc,ref      ] GC(450) Soft: 197 encountered, 0 discovered, 0 enqueued
[243.108s][info][gc,ref      ] GC(450) Weak: 695 encountered, 187 discovered, 0 enqueued
[243.108s][info][gc,ref      ] GC(450) Final: 0 encountered, 0 discovered, 0 enqueued
[243.108s][info][gc,ref      ] GC(450) Phantom: 36 encountered, 21 discovered, 0 enqueued
[243.108s][info][gc,reloc    ] GC(450) Small Pages: 1186 / 2372M, Empty: 2248M, Relocated: 0M, In-Place: 0
[243.108s][info][gc,reloc    ] GC(450) Medium Pages: 12 / 384M, Empty: 352M, Relocated: 0M, In-Place: 0
[243.108s][info][gc,reloc    ] GC(450) Large Pages: 1 / 6M, Empty: 0M, Relocated: 0M, In-Place: 0
[243.108s][info][gc,reloc    ] GC(450) Forwarding Usage: 0M
[243.108s][info][gc,heap     ] GC(450) Min Capacity: 4096M(100%)
[243.108s][info][gc,heap     ] GC(450) Max Capacity: 4096M(100%)
[243.108s][info][gc,heap     ] GC(450) Soft Max Capacity: 4096M(100%)
[243.108s][info][gc,heap     ] GC(450)                Mark Start          Mark End        Relocate Start      Relocate End           High               Low         
[243.108s][info][gc,heap     ] GC(450)  Capacity:     4096M (100%)       4096M (100%)       4096M (100%)       4096M (100%)       4096M (100%)       4096M (100%)   
[243.108s][info][gc,heap     ] GC(450)      Free:     1334M (33%)         456M (11%)        2986M (73%)        3016M (74%)        3016M (74%)         410M (10%)    
[243.108s][info][gc,heap     ] GC(450)      Used:     2762M (67%)        3640M (89%)        1110M (27%)        1080M (26%)        3686M (90%)        1080M (26%)    
[243.108s][info][gc,heap     ] GC(450)      Live:         -                99M (2%)           99M (2%)           99M (2%)             -                  -          
[243.108s][info][gc,heap     ] GC(450) Allocated:         -               878M (21%)         948M (23%)         949M (23%)            -                  -          
[243.108s][info][gc,heap     ] GC(450)   Garbage:         -              2662M (65%)          62M (2%)           30M (1%)             -                  -          
[243.108s][info][gc,heap     ] GC(450) Reclaimed:         -                  -              2600M (63%)        2631M (64%)            -                  -          
[243.108s][info][gc          ] GC(450) Garbage Collection (Allocation Rate) 2762M(67%)->1080M(26%)
[243.378s][info][gc,start    ] GC(451) Garbage Collection (Allocation Rate)
[243.378s][info][gc,task     ] GC(451) Using 1 workers
[243.378s][info][gc,phases   ] GC(451) Pause Mark Start 0.007ms
[243.533s][info][gc,phases   ] GC(451) Concurrent Mark 154.202ms
[243.533s][info][gc,phases   ] GC(451) Pause Mark End 0.011ms
[243.533s][info][gc,phases   ] GC(451) Concurrent Mark Free 0.002ms
[243.535s][info][gc,phases   ] GC(451) Concurrent Process Non-Strong References 2.353ms
[243.535s][info][gc,phases   ] GC(451) Concurrent Reset Relocation Set 0.002ms
[243.537s][info][gc,phases   ] GC(451) Concurrent Select Relocation Set 1.810ms
[243.537s][info][gc,phases   ] GC(451) Pause Relocate Start 0.005ms
[243.538s][info][gc,phases   ] GC(451) Concurrent Relocate 0.546ms
[243.538s][info][gc,load     ] GC(451) Load: 0.00/0.00/0.00
[243.538s][info][gc,mmu      ] GC(451) MMU: 2ms/96.2%, 5ms/98.5%, 10ms/99.0%, 20ms/99.5%, 50ms/99.8%, 100ms/99.9%
[243.538s][info][gc,marking  ] GC(451) Mark: 1 stripe(s), 2 proactive flush(es), 1 terminate flush(es), 0 completion(s), 0 continuation(s) 
[243.538s][info][gc,marking  ] GC(451) Mark Stack Usage: 32M
[243.538s][info][gc,nmethod  ] GC(451) NMethods: 1465 registered, 15 unregistered
[243.538s][info][gc,metaspace] GC(451) Metaspace: 11M used, 11M committed, 1088M reserved
[243.538s][info][gc,ref      ] GC(451) Soft: 197 encountered, 0 discovered, 0 enqueued
[243.538s][info][gc,ref      ] GC(451) Weak: 695 encountered, 187 discovered, 0 enqueued
[243.538s][info][gc,ref      ] GC(451) Final: 0 encountered, 0 discovered, 0 enqueued
[243.538s][info][gc,ref      ] GC(451) Phantom: 36 encountered, 21 discovered, 0 enqueued
[243.538s][info][gc,reloc    ] GC(451) Small Pages: 980 / 1960M, Empty: 1818M, Relocated: 3M, In-Place: 0
[243.538s][info][gc,reloc    ] GC(451) Medium Pages: 11 / 352M, Empty: 352M, Relocated: 0M, In-Place: 0
[243.538s][info][gc,reloc    ] GC(451) Large Pages: 1 / 6M, Empty: 0M, Relocated: 0M, In-Place: 0
[243.538s][info][gc,reloc    ] GC(451) Forwarding Usage: 0M
[243.538s][info][gc,heap     ] GC(451) Min Capacity: 4096M(100%)
[243.538s][info][gc,heap     ] GC(451) Max Capacity: 4096M(100%)
[243.538s][info][gc,heap     ] GC(451) Soft Max Capacity: 4096M(100%)
[243.538s][info][gc,heap     ] GC(451)                Mark Start          Mark End        Relocate Start      Relocate End           High               Low         
[243.538s][info][gc,heap     ] GC(451)  Capacity:     4096M (100%)       4096M (100%)       4096M (100%)       4096M (100%)       4096M (100%)       4096M (100%)   
[243.538s][info][gc,heap     ] GC(451)      Free:     1778M (43%)        1622M (40%)        3792M (93%)        3838M (94%)        3838M (94%)        1622M (40%)    
[243.538s][info][gc,heap     ] GC(451)      Used:     2318M (57%)        2474M (60%)         304M (7%)          258M (6%)         2474M (60%)         258M (6%)     
[243.538s][info][gc,heap     ] GC(451)      Live:         -                98M (2%)           98M (2%)           98M (2%)             -                  -          
[243.538s][info][gc,heap     ] GC(451) Allocated:         -               156M (4%)          156M (4%)          156M (4%)             -                  -          
[243.538s][info][gc,heap     ] GC(451)   Garbage:         -              2219M (54%)          49M (1%)            3M (0%)             -                  -          
[243.538s][info][gc,heap     ] GC(451) Reclaimed:         -                  -              2170M (53%)        2216M (54%)            -                  -          
[243.538s][info][gc          ] GC(451) Garbage Collection (Allocation Rate) 2318M(57%)->258M(6%)
[243.538s][info][gc,start    ] GC(452) Garbage Collection (System.gc())
[243.538s][info][gc,task     ] GC(452) Using 2 workers
[243.538s][info][gc,phases   ] GC(452) Pause Mark Start 0.005ms
[243.598s][info][gc,phases   ] GC(452) Concurrent Mark 59.557ms
[243.598s][info][gc,phases   ] GC(452) Pause Mark End 0.045ms
[243.598s][info][gc,phases   ] GC(452) Concurrent Mark Free 0.002ms
[243.600s][info][gc,phases   ] GC(452) Concurrent Process Non-Strong References 1.529ms
[243.600s][info][gc,phases   ] GC(452) Concurrent Reset Relocation Set 0.001ms
[243.601s][info][gc,phases   ] GC(452) Concurrent Select Relocation Set 1.169ms
[243.601s][info][gc,phases   ] GC(452) Pause Relocate Start 0.005ms
[243.601s][info][gc,phases   ] GC(452) Concurrent Relocate 0.360ms
[243.601s][info][gc,load     ] GC(452) Load: 0.00/0.00/0.00
[243.601s][info][gc,mmu      ] GC(452) MMU: 2ms/96.2%, 5ms/98.5%, 10ms/99.0%, 20ms/99.5%, 50ms/99.8%, 100ms/99.9%
[243.602s][info][gc,marking  ] GC(452) Mark: 2 stripe(s), 1 proactive flush(es), 1 terminate flush(es), 0 completion(s), 0 continuation(s) 
[243.602s][info][gc,marking  ] GC(452) Mark Stack Usage: 32M
[243.602s][info][gc,nmethod  ] GC(452) NMethods: 1465 registered, 15 unregistered
[243.602s][info][gc,metaspace] GC(452) Metaspace: 11M used, 11M committed, 1088M reserved
[243.602s][info][gc,ref      ] GC(452) Soft: 197 encountered, 0 discovered, 0 enqueued
[243.602s][info][gc,ref      ] GC(452) Weak: 695 encountered, 5 discovered, 0 enqueued
[243.602s][info][gc,ref      ] GC(452) Final: 0 encountered, 0 discovered, 0 enqueued
[243.602s][info][gc,ref      ] GC(452) Phantom: 36 encountered, 16 discovered, 0 enqueued
[243.602s][info][gc,reloc    ] GC(452) Small Pages: 110 / 220M, Empty: 124M, Relocated: 0M, In-Place: 0
[243.602s][info][gc,reloc    ] GC(452) Medium Pages: 1 / 32M, Empty: 32M, Relocated: 0M, In-Place: 0
[243.602s][info][gc,reloc    ] GC(452) Large Pages: 1 / 6M, Empty: 0M, Relocated: 0M, In-Place: 0
[243.602s][info][gc,reloc    ] GC(452) Forwarding Usage: 0M
[243.602s][info][gc,heap     ] GC(452) Min Capacity: 4096M(100%)
[243.602s][info][gc,heap     ] GC(452) Max Capacity: 4096M(100%)
[243.602s][info][gc,heap     ] GC(452) Soft Max Capacity: 4096M(100%)
[243.602s][info][gc,heap     ] GC(452)                Mark Start          Mark End        Relocate Start      Relocate End           High               Low         
[243.602s][info][gc,heap     ] GC(452)  Capacity:     4096M (100%)       4096M (100%)       4096M (100%)       4096M (100%)       4096M (100%)       4096M (100%)   
[243.602s][info][gc,heap     ] GC(452)      Free:     3838M (94%)        3838M (94%)        3994M (98%)        3996M (98%)        3996M (98%)        3838M (94%)    
[243.602s][info][gc,heap     ] GC(452)      Used:      258M (6%)          258M (6%)          102M (2%)          100M (2%)          258M (6%)          100M (2%)     
[243.602s][info][gc,heap     ] GC(452)      Live:         -                95M (2%)           95M (2%)           95M (2%)             -                  -          
[243.602s][info][gc,heap     ] GC(452) Allocated:         -                 0M (0%)            0M (0%)            0M (0%)             -                  -          
[243.602s][info][gc,heap     ] GC(452)   Garbage:         -               162M (4%)            6M (0%)            4M (0%)             -                  -          
[243.602s][info][gc,heap     ] GC(452) Reclaimed:         -                  -               156M (4%)          158M (4%)             -                  -          
[243.602s][info][gc          ] GC(452) Garbage Collection (System.gc()) 258M(6%)->100M(2%)
[244.084s][info][gc,start    ] GC(453) Garbage Collection (Allocation Rate)
[244.085s][info][gc,task     ] GC(453) Using 1 workers
[244.085s][info][gc,phases   ] GC(453) Pause Mark Start 0.015ms
[244.234s][info][gc,phases   ] GC(453) Concurrent Mark 148.837ms
[244.234s][info][gc,phases   ] GC(453) Pause Mark End 0.018ms
[244.234s][info][gc,phases   ] GC(453) Concurrent Mark Free 0.002ms
[244.238s][info][gc,phases   ] GC(453) Concurrent Process Non-Strong References 3.905ms
[244.238s][info][gc,phases   ] GC(453) Concurrent Reset Relocation Set 0.002ms
[244.241s][info][gc,phases   ] GC(453) Concurrent Select Relocation Set 2.871ms
[244.241s][info][gc,phases   ] GC(453) Pause Relocate Start 0.009ms
[244.241s][info][gc,phases   ] GC(453) Concurrent Relocate 0.215ms
[244.241s][info][gc,load     ] GC(453) Load: 0.00/0.00/0.00
[244.241s][info][gc,mmu      ] GC(453) MMU: 2ms/96.2%, 5ms/98.5%, 10ms/99.0%, 20ms/99.5%, 50ms/99.8%, 100ms/99.9%
[244.241s][info][gc,marking  ] GC(453) Mark: 1 stripe(s), 2 proactive flush(es), 1 terminate flush(es), 0 completion(s), 0 continuation(s) 
[244.241s][info][gc,marking  ] GC(453) Mark Stack Usage: 32M
[244.241s][info][gc,nmethod  ] GC(453) NMethods: 1465 registered, 15 unregistered
[244.241s][info][gc,metaspace] GC(453) Metaspace: 11M used, 11M committed, 1088M reserved
[244.241s][info][gc,ref      ] GC(453) Soft: 197 encountered, 0 discovered, 0 enqueued
[244.241s][info][gc,ref      ] GC(453) Weak: 695 encountered, 187 discovered, 0 enqueued
[244.241s][info][gc,ref      ] GC(453) Final: 0 encountered, 0 discovered, 0 enqueued
[244.241s][info][gc,ref      ] GC(453) Phantom: 36 encountered, 21 discovered, 0 enqueued
[244.241s][info][gc,reloc    ] GC(453) Small Pages: 1006 / 2012M, Empty: 1884M, Relocated: 1M, In-Place: 0
[244.241s][info][gc,reloc    ] GC(453) Medium Pages: 10 / 320M, Empty: 320M, Relocated: 0M, In-Place: 0
[244.241s][info][gc,reloc    ] GC(453) Large Pages: 1 / 6M, Empty: 0M, Relocated: 0M, In-Place: 0
[244.241s][info][gc,reloc    ] GC(453) Forwarding Usage: 0M
[244.241s][info][gc,heap     ] GC(453) Min Capacity: 4096M(100%)
[244.241s][info][gc,heap     ] GC(453) Max Capacity: 4096M(100%)
[244.242s][info][gc,heap     ] GC(453) Soft Max Capacity: 4096M(100%)
[244.242s][info][gc,heap     ] GC(453)                Mark Start          Mark End        Relocate Start      Relocate End           High               Low         
[244.242s][info][gc,heap     ] GC(453)  Capacity:     4096M (100%)       4096M (100%)       4096M (100%)       4096M (100%)       4096M (100%)       4096M (100%)   
[244.242s][info][gc,heap     ] GC(453)      Free:     1758M (43%)        1114M (27%)        3296M (80%)        3328M (81%)        3328M (81%)        1094M (27%)    
[244.242s][info][gc,heap     ] GC(453)      Used:     2338M (57%)        2982M (73%)         800M (20%)         768M (19%)        3002M (73%)         768M (19%)    
[244.242s][info][gc,heap     ] GC(453)      Live:         -                96M (2%)           96M (2%)           96M (2%)             -                  -          
[244.242s][info][gc,heap     ] GC(453) Allocated:         -               644M (16%)         666M (16%)         667M (16%)            -                  -          
[244.242s][info][gc,heap     ] GC(453)   Garbage:         -              2241M (55%)          37M (1%)            3M (0%)             -                  -          
[244.242s][info][gc,heap     ] GC(453) Reclaimed:         -                  -              2204M (54%)        2237M (55%)            -                  -          
[244.242s][info][gc          ] GC(453) Garbage Collection (Allocation Rate) 2338M(57%)->768M(19%)
[244.681s][info][gc,start    ] GC(454) Garbage Collection (Allocation Rate)
[244.681s][info][gc,task     ] GC(454) Using 1 workers
[244.681s][info][gc,phases   ] GC(454) Pause Mark Start 0.009ms
[244.911s][info][gc,phases   ] GC(454) Concurrent Mark 229.419ms
[244.911s][info][gc,phases   ] GC(454) Pause Mark End 0.020ms
[244.911s][info][gc,phases   ] GC(454) Concurrent Mark Free 0.001ms
[244.917s][info][gc,phases   ] GC(454) Concurrent Process Non-Strong References 5.837ms
[244.917s][info][gc,phases   ] GC(454) Concurrent Reset Relocation Set 0.002ms
[244.920s][info][gc,phases   ] GC(454) Concurrent Select Relocation Set 3.432ms
[244.920s][info][gc,phases   ] GC(454) Pause Relocate Start 0.018ms
[244.921s][info][gc,phases   ] GC(454) Concurrent Relocate 0.571ms
[244.921s][info][gc,load     ] GC(454) Load: 0.00/0.00/0.00
[244.921s][info][gc,mmu      ] GC(454) MMU: 2ms/96.2%, 5ms/98.5%, 10ms/99.0%, 20ms/99.5%, 50ms/99.8%, 100ms/99.9%
[244.921s][info][gc,marking  ] GC(454) Mark: 1 stripe(s), 2 proactive flush(es), 1 terminate flush(es), 0 completion(s), 0 continuation(s) 
[244.921s][info][gc,marking  ] GC(454) Mark Stack Usage: 32M
[244.921s][info][gc,nmethod  ] GC(454) NMethods: 1465 registered, 15 unregistered
[244.921s][info][gc,metaspace] GC(454) Metaspace: 11M used, 11M committed, 1088M reserved
[244.921s][info][gc,ref      ] GC(454) Soft: 197 encountered, 0 discovered, 0 enqueued
[244.921s][info][gc,ref      ] GC(454) Weak: 695 encountered, 187 discovered, 0 enqueued
[244.921s][info][gc,ref      ] GC(454) Final: 0 encountered, 0 discovered, 0 enqueued
[244.921s][info][gc,ref      ] GC(454) Phantom: 36 encountered, 21 discovered, 0 enqueued
[244.921s][info][gc,reloc    ] GC(454) Small Pages: 1198 / 2396M, Empty: 2278M, Relocated: 0M, In-Place: 0
[244.921s][info][gc,reloc    ] GC(454) Medium Pages: 12 / 384M, Empty: 352M, Relocated: 0M, In-Place: 0
[244.921s][info][gc,reloc    ] GC(454) Large Pages: 1 / 6M, Empty: 0M, Relocated: 0M, In-Place: 0
[244.921s][info][gc,reloc    ] GC(454) Forwarding Usage: 0M
[244.921s][info][gc,heap     ] GC(454) Min Capacity: 4096M(100%)
[244.921s][info][gc,heap     ] GC(454) Max Capacity: 4096M(100%)
[244.921s][info][gc,heap     ] GC(454) Soft Max Capacity: 4096M(100%)
[244.921s][info][gc,heap     ] GC(454)                Mark Start          Mark End        Relocate Start      Relocate End           High               Low         
[244.921s][info][gc,heap     ] GC(454)  Capacity:     4096M (100%)       4096M (100%)       4096M (100%)       4096M (100%)       4096M (100%)       4096M (100%)   
[244.921s][info][gc,heap     ] GC(454)      Free:     1310M (32%)         352M (9%)         2940M (72%)        2960M (72%)        2962M (72%)         320M (8%)     
[244.921s][info][gc,heap     ] GC(454)      Used:     2786M (68%)        3744M (91%)        1156M (28%)        1136M (28%)        3776M (92%)        1134M (28%)    
[244.921s][info][gc,heap     ] GC(454)      Live:         -                99M (2%)           99M (2%)           99M (2%)             -                  -          
[244.921s][info][gc,heap     ] GC(454) Allocated:         -               958M (23%)        1000M (24%)        1005M (25%)            -                  -          
[244.921s][info][gc,heap     ] GC(454)   Garbage:         -              2686M (66%)          56M (1%)           30M (1%)             -                  -          
[244.921s][info][gc,heap     ] GC(454) Reclaimed:         -                  -              2630M (64%)        2655M (65%)            -                  -          
[244.921s][info][gc          ] GC(454) Garbage Collection (Allocation Rate) 2786M(68%)->1136M(28%)
[244.979s][info][gc,start    ] GC(455) Garbage Collection (Allocation Rate)
[244.979s][info][gc,task     ] GC(455) Using 1 workers
[244.980s][info][gc,phases   ] GC(455) Pause Mark Start 0.011ms
[245.118s][info][gc,phases   ] GC(455) Concurrent Mark 138.740ms
[245.119s][info][gc,phases   ] GC(455) Pause Mark End 0.012ms
[245.119s][info][gc,phases   ] GC(455) Concurrent Mark Free 0.001ms
[245.124s][info][gc,phases   ] GC(455) Concurrent Process Non-Strong References 5.124ms
[245.124s][info][gc,phases   ] GC(455) Concurrent Reset Relocation Set 0.004ms
[245.128s][info][gc,phases   ] GC(455) Concurrent Select Relocation Set 4.248ms
[245.128s][info][gc,phases   ] GC(455) Pause Relocate Start 0.017ms
[245.131s][info][gc,phases   ] GC(455) Concurrent Relocate 2.750ms
[245.131s][info][gc,load     ] GC(455) Load: 0.00/0.00/0.00
[245.131s][info][gc,mmu      ] GC(455) MMU: 2ms/96.2%, 5ms/98.5%, 10ms/99.0%, 20ms/99.5%, 50ms/99.8%, 100ms/99.9%
[245.131s][info][gc,marking  ] GC(455) Mark: 1 stripe(s), 2 proactive flush(es), 1 terminate flush(es), 0 completion(s), 0 continuation(s) 
[245.131s][info][gc,marking  ] GC(455) Mark Stack Usage: 32M
[245.131s][info][gc,nmethod  ] GC(455) NMethods: 1465 registered, 15 unregistered
[245.131s][info][gc,metaspace] GC(455) Metaspace: 11M used, 11M committed, 1088M reserved
[245.131s][info][gc,ref      ] GC(455) Soft: 197 encountered, 0 discovered, 0 enqueued
[245.131s][info][gc,ref      ] GC(455) Weak: 695 encountered, 554 discovered, 0 enqueued
[245.131s][info][gc,ref      ] GC(455) Final: 0 encountered, 0 discovered, 0 enqueued
[245.131s][info][gc,ref      ] GC(455) Phantom: 36 encountered, 17 discovered, 0 enqueued
[245.131s][info][gc,reloc    ] GC(455) Small Pages: 586 / 1172M, Empty: 1058M, Relocated: 1M, In-Place: 0
[245.131s][info][gc,reloc    ] GC(455) Medium Pages: 7 / 224M, Empty: 160M, Relocated: 3M, In-Place: 0
[245.131s][info][gc,reloc    ] GC(455) Large Pages: 1 / 6M, Empty: 0M, Relocated: 0M, In-Place: 0
[245.131s][info][gc,reloc    ] GC(455) Forwarding Usage: 0M
[245.131s][info][gc,heap     ] GC(455) Min Capacity: 4096M(100%)
[245.131s][info][gc,heap     ] GC(455) Max Capacity: 4096M(100%)
[245.131s][info][gc,heap     ] GC(455) Soft Max Capacity: 4096M(100%)
[245.131s][info][gc,heap     ] GC(455)                Mark Start          Mark End        Relocate Start      Relocate End           High               Low         
[245.131s][info][gc,heap     ] GC(455)  Capacity:     4096M (100%)       4096M (100%)       4096M (100%)       4096M (100%)       4096M (100%)       4096M (100%)   
[245.131s][info][gc,heap     ] GC(455)      Free:     2694M (66%)        2176M (53%)        3340M (82%)        3380M (83%)        3384M (83%)        2144M (52%)    
[245.131s][info][gc,heap     ] GC(455)      Used:     1402M (34%)        1920M (47%)         756M (18%)         716M (17%)        1952M (48%)         712M (17%)    
[245.131s][info][gc,heap     ] GC(455)      Live:         -               100M (2%)          100M (2%)          100M (2%)             -                  -          
[245.131s][info][gc,heap     ] GC(455) Allocated:         -               518M (13%)         572M (14%)         585M (14%)            -                  -          
[245.132s][info][gc,heap     ] GC(455)   Garbage:         -              1301M (32%)          83M (2%)           29M (1%)             -                  -          
[245.132s][info][gc,heap     ] GC(455) Reclaimed:         -                  -              1218M (30%)        1271M (31%)            -                  -          
[245.132s][info][gc          ] GC(455) Garbage Collection (Allocation Rate) 1402M(34%)->716M(17%)
[245.481s][info][gc,start    ] GC(456) Garbage Collection (Allocation Rate)
[245.481s][info][gc,task     ] GC(456) Using 1 workers
[245.482s][info][gc,phases   ] GC(456) Pause Mark Start 0.010ms
[245.640s][info][gc,phases   ] GC(456) Concurrent Mark 158.816ms
[245.641s][info][gc,phases   ] GC(456) Pause Mark End 0.013ms
[245.641s][info][gc,phases   ] GC(456) Concurrent Mark Free 0.001ms
[245.646s][info][gc,phases   ] GC(456) Concurrent Process Non-Strong References 5.742ms
[245.647s][info][gc,phases   ] GC(456) Concurrent Reset Relocation Set 0.004ms
[245.651s][info][gc,phases   ] GC(456) Concurrent Select Relocation Set 4.256ms
[245.651s][info][gc,phases   ] GC(456) Pause Relocate Start 0.013ms
[245.652s][info][gc,phases   ] GC(456) Concurrent Relocate 1.248ms
[245.652s][info][gc,load     ] GC(456) Load: 0.00/0.00/0.00
[245.652s][info][gc,mmu      ] GC(456) MMU: 2ms/96.2%, 5ms/98.5%, 10ms/99.0%, 20ms/99.5%, 50ms/99.8%, 100ms/99.9%
[245.652s][info][gc,marking  ] GC(456) Mark: 1 stripe(s), 2 proactive flush(es), 1 terminate flush(es), 0 completion(s), 0 continuation(s) 
[245.652s][info][gc,marking  ] GC(456) Mark Stack Usage: 32M
[245.652s][info][gc,nmethod  ] GC(456) NMethods: 1465 registered, 15 unregistered
[245.653s][info][gc,metaspace] GC(456) Metaspace: 11M used, 11M committed, 1088M reserved
[245.653s][info][gc,ref      ] GC(456) Soft: 197 encountered, 0 discovered, 0 enqueued
[245.653s][info][gc,ref      ] GC(456) Weak: 695 encountered, 187 discovered, 0 enqueued
[245.653s][info][gc,ref      ] GC(456) Final: 0 encountered, 0 discovered, 0 enqueued
[245.653s][info][gc,ref      ] GC(456) Phantom: 36 encountered, 21 discovered, 0 enqueued
[245.653s][info][gc,reloc    ] GC(456) Small Pages: 968 / 1936M, Empty: 1796M, Relocated: 2M, In-Place: 0
[245.653s][info][gc,reloc    ] GC(456) Medium Pages: 11 / 352M, Empty: 352M, Relocated: 0M, In-Place: 0
[245.653s][info][gc,reloc    ] GC(456) Large Pages: 1 / 6M, Empty: 0M, Relocated: 0M, In-Place: 0
[245.653s][info][gc,reloc    ] GC(456) Forwarding Usage: 0M
[245.653s][info][gc,heap     ] GC(456) Min Capacity: 4096M(100%)
[245.653s][info][gc,heap     ] GC(456) Max Capacity: 4096M(100%)
[245.653s][info][gc,heap     ] GC(456) Soft Max Capacity: 4096M(100%)
[245.653s][info][gc,heap     ] GC(456)                Mark Start          Mark End        Relocate Start      Relocate End           High               Low         
[245.653s][info][gc,heap     ] GC(456)  Capacity:     4096M (100%)       4096M (100%)       4096M (100%)       4096M (100%)       4096M (100%)       4096M (100%)   
[245.653s][info][gc,heap     ] GC(456)      Free:     1802M (44%)        1144M (28%)        3240M (79%)        3280M (80%)        3282M (80%)        1116M (27%)    
[245.653s][info][gc,heap     ] GC(456)      Used:     2294M (56%)        2952M (72%)         856M (21%)         816M (20%)        2980M (73%)         814M (20%)    
[245.653s][info][gc,heap     ] GC(456)      Live:         -                97M (2%)           97M (2%)           97M (2%)             -                  -          
[245.653s][info][gc,heap     ] GC(456) Allocated:         -               658M (16%)         710M (17%)         715M (17%)            -                  -          
[245.653s][info][gc,heap     ] GC(456)   Garbage:         -              2196M (54%)          48M (1%)            2M (0%)             -                  -          
[245.653s][info][gc,heap     ] GC(456) Reclaimed:         -                  -              2148M (52%)        2193M (54%)            -                  -          
[245.653s][info][gc          ] GC(456) Garbage Collection (Allocation Rate) 2294M(56%)->816M(20%)
[246.078s][info][gc,start    ] GC(457) Garbage Collection (Allocation Rate)
[246.078s][info][gc,task     ] GC(457) Using 1 workers
[246.078s][info][gc,phases   ] GC(457) Pause Mark Start 0.010ms
[246.296s][info][gc,phases   ] GC(457) Concurrent Mark 218.231ms
[246.297s][info][gc,phases   ] GC(457) Pause Mark End 0.017ms
[246.297s][info][gc,phases   ] GC(457) Concurrent Mark Free 0.001ms
[246.301s][info][gc,phases   ] GC(457) Concurrent Process Non-Strong References 4.212ms
[246.301s][info][gc,phases   ] GC(457) Concurrent Reset Relocation Set 0.004ms
[246.304s][info][gc,phases   ] GC(457) Concurrent Select Relocation Set 3.450ms
[246.305s][info][gc,phases   ] GC(457) Pause Relocate Start 0.015ms
[246.305s][info][gc,phases   ] GC(457) Concurrent Relocate 0.778ms
[246.305s][info][gc,load     ] GC(457) Load: 0.00/0.00/0.00
[246.305s][info][gc,mmu      ] GC(457) MMU: 2ms/96.2%, 5ms/98.5%, 10ms/99.0%, 20ms/99.5%, 50ms/99.8%, 100ms/99.9%
[246.305s][info][gc,marking  ] GC(457) Mark: 1 stripe(s), 2 proactive flush(es), 1 terminate flush(es), 0 completion(s), 0 continuation(s) 
[246.305s][info][gc,marking  ] GC(457) Mark Stack Usage: 32M
[246.305s][info][gc,nmethod  ] GC(457) NMethods: 1465 registered, 15 unregistered
[246.306s][info][gc,metaspace] GC(457) Metaspace: 11M used, 11M committed, 1088M reserved
[246.306s][info][gc,ref      ] GC(457) Soft: 197 encountered, 0 discovered, 0 enqueued
[246.306s][info][gc,ref      ] GC(457) Weak: 695 encountered, 187 discovered, 0 enqueued
[246.306s][info][gc,ref      ] GC(457) Final: 0 encountered, 0 discovered, 0 enqueued
[246.306s][info][gc,ref      ] GC(457) Phantom: 36 encountered, 21 discovered, 0 enqueued
[246.306s][info][gc,reloc    ] GC(457) Small Pages: 1194 / 2388M, Empty: 2260M, Relocated: 0M, In-Place: 0
[246.306s][info][gc,reloc    ] GC(457) Medium Pages: 12 / 384M, Empty: 352M, Relocated: 0M, In-Place: 0
[246.306s][info][gc,reloc    ] GC(457) Large Pages: 1 / 6M, Empty: 0M, Relocated: 0M, In-Place: 0
[246.306s][info][gc,reloc    ] GC(457) Forwarding Usage: 0M
[246.306s][info][gc,heap     ] GC(457) Min Capacity: 4096M(100%)
[246.306s][info][gc,heap     ] GC(457) Max Capacity: 4096M(100%)
[246.306s][info][gc,heap     ] GC(457) Soft Max Capacity: 4096M(100%)
[246.306s][info][gc,heap     ] GC(457)                Mark Start          Mark End        Relocate Start      Relocate End           High               Low         
[246.306s][info][gc,heap     ] GC(457)  Capacity:     4096M (100%)       4096M (100%)       4096M (100%)       4096M (100%)       4096M (100%)       4096M (100%)   
[246.306s][info][gc,heap     ] GC(457)      Free:     1318M (32%)         392M (10%)        2938M (72%)        2974M (73%)        2974M (73%)         362M (9%)     
[246.306s][info][gc,heap     ] GC(457)      Used:     2778M (68%)        3704M (90%)        1158M (28%)        1122M (27%)        3734M (91%)        1122M (27%)    
[246.306s][info][gc,heap     ] GC(457)      Live:         -                99M (2%)           99M (2%)           99M (2%)             -                  -          
[246.306s][info][gc,heap     ] GC(457) Allocated:         -               926M (23%)         992M (24%)         991M (24%)            -                  -          
[246.306s][info][gc,heap     ] GC(457)   Garbage:         -              2678M (65%)          66M (2%)           30M (1%)             -                  -          
[246.306s][info][gc,heap     ] GC(457) Reclaimed:         -                  -              2612M (64%)        2647M (65%)            -                  -          
[246.306s][info][gc          ] GC(457) Garbage Collection (Allocation Rate) 2778M(68%)->1122M(27%)
[246.581s][info][gc,start    ] GC(458) Garbage Collection (Allocation Rate)
[246.581s][info][gc,task     ] GC(458) Using 1 workers
[246.581s][info][gc,phases   ] GC(458) Pause Mark Start 0.011ms
[246.729s][info][gc,phases   ] GC(458) Concurrent Mark 147.567ms
[246.729s][info][gc,phases   ] GC(458) Pause Mark End 0.012ms
[246.729s][info][gc,phases   ] GC(458) Concurrent Mark Free 0.002ms
[246.732s][info][gc,phases   ] GC(458) Concurrent Process Non-Strong References 3.342ms
[246.732s][info][gc,phases   ] GC(458) Concurrent Reset Relocation Set 0.003ms
[246.735s][info][gc,phases   ] GC(458) Concurrent Select Relocation Set 2.735ms
[246.735s][info][gc,phases   ] GC(458) Pause Relocate Start 0.009ms
[246.736s][info][gc,phases   ] GC(458) Concurrent Relocate 0.593ms
[246.736s][info][gc,load     ] GC(458) Load: 0.00/0.00/0.00
[246.736s][info][gc,mmu      ] GC(458) MMU: 2ms/96.2%, 5ms/98.5%, 10ms/99.0%, 20ms/99.5%, 50ms/99.8%, 100ms/99.9%
[246.736s][info][gc,marking  ] GC(458) Mark: 1 stripe(s), 2 proactive flush(es), 1 terminate flush(es), 0 completion(s), 0 continuation(s) 
[246.736s][info][gc,marking  ] GC(458) Mark Stack Usage: 32M
[246.736s][info][gc,nmethod  ] GC(458) NMethods: 1465 registered, 15 unregistered
[246.736s][info][gc,metaspace] GC(458) Metaspace: 11M used, 11M committed, 1088M reserved
[246.736s][info][gc,ref      ] GC(458) Soft: 197 encountered, 0 discovered, 0 enqueued
[246.736s][info][gc,ref      ] GC(458) Weak: 695 encountered, 554 discovered, 0 enqueued
[246.736s][info][gc,ref      ] GC(458) Final: 0 encountered, 0 discovered, 0 enqueued
[246.736s][info][gc,ref      ] GC(458) Phantom: 36 encountered, 17 discovered, 0 enqueued
[246.736s][info][gc,reloc    ] GC(458) Small Pages: 997 / 1994M, Empty: 1878M, Relocated: 1M, In-Place: 0
[246.736s][info][gc,reloc    ] GC(458) Medium Pages: 11 / 352M, Empty: 320M, Relocated: 0M, In-Place: 0
[246.736s][info][gc,reloc    ] GC(458) Large Pages: 1 / 6M, Empty: 0M, Relocated: 0M, In-Place: 0
[246.736s][info][gc,reloc    ] GC(458) Forwarding Usage: 0M
[246.736s][info][gc,heap     ] GC(458) Min Capacity: 4096M(100%)
[246.736s][info][gc,heap     ] GC(458) Max Capacity: 4096M(100%)
[246.736s][info][gc,heap     ] GC(458) Soft Max Capacity: 4096M(100%)
[246.736s][info][gc,heap     ] GC(458)                Mark Start          Mark End        Relocate Start      Relocate End           High               Low         
[246.736s][info][gc,heap     ] GC(458)  Capacity:     4096M (100%)       4096M (100%)       4096M (100%)       4096M (100%)       4096M (100%)       4096M (100%)   
[246.736s][info][gc,heap     ] GC(458)      Free:     1744M (43%)        1154M (28%)        3346M (82%)        3370M (82%)        3370M (82%)        1148M (28%)    
[246.736s][info][gc,heap     ] GC(458)      Used:     2352M (57%)        2942M (72%)         750M (18%)         726M (18%)        2948M (72%)         726M (18%)    
[246.736s][info][gc,heap     ] GC(458)      Live:         -               101M (2%)          101M (2%)          101M (2%)             -                  -          
[246.736s][info][gc,heap     ] GC(458) Allocated:         -               590M (14%)         596M (15%)         595M (15%)            -                  -          
[246.736s][info][gc,heap     ] GC(458)   Garbage:         -              2250M (55%)          52M (1%)           28M (1%)             -                  -          
[246.736s][info][gc,heap     ] GC(458) Reclaimed:         -                  -              2198M (54%)        2221M (54%)            -                  -          
[246.736s][info][gc          ] GC(458) Garbage Collection (Allocation Rate) 2352M(57%)->726M(18%)
[247.084s][info][gc,start    ] GC(459) Garbage Collection (Allocation Rate)
[247.084s][info][gc,task     ] GC(459) Using 1 workers
[247.085s][info][gc,phases   ] GC(459) Pause Mark Start 0.011ms
[247.236s][info][gc,phases   ] GC(459) Concurrent Mark 148.834ms
[247.236s][info][gc,phases   ] GC(459) Pause Mark End 0.015ms
[247.236s][info][gc,phases   ] GC(459) Concurrent Mark Free 0.002ms
[247.240s][info][gc,phases   ] GC(459) Concurrent Process Non-Strong References 4.083ms
[247.240s][info][gc,phases   ] GC(459) Concurrent Reset Relocation Set 0.003ms
[247.243s][info][gc,phases   ] GC(459) Concurrent Select Relocation Set 2.840ms
[247.243s][info][gc,phases   ] GC(459) Pause Relocate Start 0.008ms
[247.244s][info][gc,phases   ] GC(459) Concurrent Relocate 0.626ms
[247.244s][info][gc,load     ] GC(459) Load: 0.00/0.00/0.00
[247.244s][info][gc,mmu      ] GC(459) MMU: 2ms/96.2%, 5ms/98.5%, 10ms/99.0%, 20ms/99.5%, 50ms/99.8%, 100ms/99.9%
[247.244s][info][gc,marking  ] GC(459) Mark: 1 stripe(s), 2 proactive flush(es), 1 terminate flush(es), 0 completion(s), 0 continuation(s) 
[247.244s][info][gc,marking  ] GC(459) Mark Stack Usage: 32M
[247.244s][info][gc,nmethod  ] GC(459) NMethods: 1467 registered, 15 unregistered
[247.244s][info][gc,metaspace] GC(459) Metaspace: 11M used, 11M committed, 1088M reserved
[247.244s][info][gc,ref      ] GC(459) Soft: 197 encountered, 0 discovered, 0 enqueued
[247.244s][info][gc,ref      ] GC(459) Weak: 695 encountered, 554 discovered, 0 enqueued
[247.244s][info][gc,ref      ] GC(459) Final: 0 encountered, 0 discovered, 0 enqueued
[247.244s][info][gc,ref      ] GC(459) Phantom: 36 encountered, 17 discovered, 0 enqueued
[247.244s][info][gc,reloc    ] GC(459) Small Pages: 994 / 1988M, Empty: 1848M, Relocated: 3M, In-Place: 0
[247.244s][info][gc,reloc    ] GC(459) Medium Pages: 11 / 352M, Empty: 320M, Relocated: 0M, In-Place: 0
[247.244s][info][gc,reloc    ] GC(459) Large Pages: 1 / 6M, Empty: 0M, Relocated: 0M, In-Place: 0
[247.244s][info][gc,reloc    ] GC(459) Forwarding Usage: 0M
[247.244s][info][gc,heap     ] GC(459) Min Capacity: 4096M(100%)
[247.244s][info][gc,heap     ] GC(459) Max Capacity: 4096M(100%)
[247.244s][info][gc,heap     ] GC(459) Soft Max Capacity: 4096M(100%)
[247.244s][info][gc,heap     ] GC(459)                Mark Start          Mark End        Relocate Start      Relocate End           High               Low         
[247.244s][info][gc,heap     ] GC(459)  Capacity:     4096M (100%)       4096M (100%)       4096M (100%)       4096M (100%)       4096M (100%)       4096M (100%)   
[247.244s][info][gc,heap     ] GC(459)      Free:     1750M (43%)        1164M (28%)        3314M (81%)        3358M (82%)        3358M (82%)        1146M (28%)    
[247.244s][info][gc,heap     ] GC(459)      Used:     2346M (57%)        2932M (72%)         782M (19%)         738M (18%)        2950M (72%)         738M (18%)    
[247.244s][info][gc,heap     ] GC(459)      Live:         -               100M (2%)          100M (2%)          100M (2%)             -                  -          
[247.244s][info][gc,heap     ] GC(459) Allocated:         -               586M (14%)         604M (15%)         603M (15%)            -                  -          
[247.244s][info][gc,heap     ] GC(459)   Garbage:         -              2245M (55%)          77M (2%)           33M (1%)             -                  -          
[247.244s][info][gc,heap     ] GC(459) Reclaimed:         -                  -              2168M (53%)        2211M (54%)            -                  -          
[247.244s][info][gc          ] GC(459) Garbage Collection (Allocation Rate) 2346M(57%)->738M(18%)
[247.681s][info][gc,start    ] GC(460) Garbage Collection (Allocation Rate)
[247.681s][info][gc,task     ] GC(460) Using 1 workers
[247.681s][info][gc,phases   ] GC(460) Pause Mark Start 0.011ms
[247.820s][info][gc,phases   ] GC(460) Concurrent Mark 138.636ms
[247.820s][info][gc,phases   ] GC(460) Pause Mark End 0.017ms
[247.820s][info][gc,phases   ] GC(460) Concurrent Mark Free 0.001ms
[247.829s][info][gc,phases   ] GC(460) Concurrent Process Non-Strong References 9.113ms
[247.829s][info][gc,phases   ] GC(460) Concurrent Reset Relocation Set 0.006ms
[247.833s][info][gc,phases   ] GC(460) Concurrent Select Relocation Set 3.667ms
[247.833s][info][gc,phases   ] GC(460) Pause Relocate Start 0.011ms
[247.835s][info][gc,phases   ] GC(460) Concurrent Relocate 1.411ms
[247.835s][info][gc,load     ] GC(460) Load: 0.00/0.00/0.00
[247.835s][info][gc,mmu      ] GC(460) MMU: 2ms/96.2%, 5ms/98.5%, 10ms/99.0%, 20ms/99.5%, 50ms/99.8%, 100ms/99.9%
[247.835s][info][gc,marking  ] GC(460) Mark: 1 stripe(s), 2 proactive flush(es), 1 terminate flush(es), 0 completion(s), 0 continuation(s) 
[247.835s][info][gc,marking  ] GC(460) Mark Stack Usage: 32M
[247.835s][info][gc,nmethod  ] GC(460) NMethods: 1467 registered, 15 unregistered
[247.835s][info][gc,metaspace] GC(460) Metaspace: 11M used, 11M committed, 1088M reserved
[247.835s][info][gc,ref      ] GC(460) Soft: 197 encountered, 0 discovered, 0 enqueued
[247.835s][info][gc,ref      ] GC(460) Weak: 695 encountered, 554 discovered, 0 enqueued
[247.835s][info][gc,ref      ] GC(460) Final: 0 encountered, 0 discovered, 0 enqueued
[247.835s][info][gc,ref      ] GC(460) Phantom: 36 encountered, 17 discovered, 0 enqueued
[247.835s][info][gc,reloc    ] GC(460) Small Pages: 1165 / 2330M, Empty: 2208M, Relocated: 2M, In-Place: 0
[247.835s][info][gc,reloc    ] GC(460) Medium Pages: 13 / 416M, Empty: 384M, Relocated: 0M, In-Place: 0
[247.835s][info][gc,reloc    ] GC(460) Large Pages: 1 / 6M, Empty: 0M, Relocated: 0M, In-Place: 0
[247.835s][info][gc,reloc    ] GC(460) Forwarding Usage: 0M
[247.835s][info][gc,heap     ] GC(460) Min Capacity: 4096M(100%)
[247.835s][info][gc,heap     ] GC(460) Max Capacity: 4096M(100%)
[247.835s][info][gc,heap     ] GC(460) Soft Max Capacity: 4096M(100%)
[247.835s][info][gc,heap     ] GC(460)                Mark Start          Mark End        Relocate Start      Relocate End           High               Low         
[247.835s][info][gc,heap     ] GC(460)  Capacity:     4096M (100%)       4096M (100%)       4096M (100%)       4096M (100%)       4096M (100%)       4096M (100%)   
[247.835s][info][gc,heap     ] GC(460)      Free:     1344M (33%)         822M (20%)        3336M (81%)        3364M (82%)        3364M (82%)         766M (19%)    
[247.835s][info][gc,heap     ] GC(460)      Used:     2752M (67%)        3274M (80%)         760M (19%)         732M (18%)        3330M (81%)         732M (18%)    
[247.835s][info][gc,heap     ] GC(460)      Live:         -               102M (2%)          102M (2%)          102M (2%)             -                  -          
[247.835s][info][gc,heap     ] GC(460) Allocated:         -               522M (13%)         600M (15%)         599M (15%)            -                  -          
[247.835s][info][gc,heap     ] GC(460)   Garbage:         -              2649M (65%)          57M (1%)           29M (1%)             -                  -          
[247.835s][info][gc,heap     ] GC(460) Reclaimed:         -                  -              2592M (63%)        2619M (64%)            -                  -          
[247.835s][info][gc          ] GC(460) Garbage Collection (Allocation Rate) 2752M(67%)->732M(18%)
[247.995s][info][gc,start    ] GC(461) Garbage Collection (System.gc())
[247.995s][info][gc,task     ] GC(461) Using 2 workers
[247.995s][info][gc,phases   ] GC(461) Pause Mark Start 0.006ms
[248.058s][info][gc,phases   ] GC(461) Concurrent Mark 63.164ms
[248.058s][info][gc,phases   ] GC(461) Pause Mark End 0.025ms
[248.059s][info][gc,phases   ] GC(461) Concurrent Mark Free 0.003ms
[248.061s][info][gc,phases   ] GC(461) Concurrent Process Non-Strong References 2.162ms
[248.061s][info][gc,phases   ] GC(461) Concurrent Reset Relocation Set 0.002ms
[248.062s][info][gc,phases   ] GC(461) Concurrent Select Relocation Set 1.407ms
[248.062s][info][gc,phases   ] GC(461) Pause Relocate Start 0.006ms
[248.063s][info][gc,phases   ] GC(461) Concurrent Relocate 0.319ms
[248.063s][info][gc,load     ] GC(461) Load: 0.00/0.00/0.00
[248.063s][info][gc,mmu      ] GC(461) MMU: 2ms/96.2%, 5ms/98.5%, 10ms/99.0%, 20ms/99.5%, 50ms/99.8%, 100ms/99.9%
[248.063s][info][gc,marking  ] GC(461) Mark: 2 stripe(s), 2 proactive flush(es), 1 terminate flush(es), 0 completion(s), 0 continuation(s) 
[248.063s][info][gc,marking  ] GC(461) Mark Stack Usage: 32M
[248.063s][info][gc,nmethod  ] GC(461) NMethods: 1467 registered, 15 unregistered
[248.063s][info][gc,metaspace] GC(461) Metaspace: 11M used, 11M committed, 1088M reserved
[248.063s][info][gc,ref      ] GC(461) Soft: 197 encountered, 0 discovered, 0 enqueued
[248.063s][info][gc,ref      ] GC(461) Weak: 695 encountered, 44 discovered, 0 enqueued
[248.063s][info][gc,ref      ] GC(461) Final: 0 encountered, 0 discovered, 0 enqueued
[248.063s][info][gc,ref      ] GC(461) Phantom: 36 encountered, 16 discovered, 0 enqueued
[248.063s][info][gc,reloc    ] GC(461) Small Pages: 587 / 1174M, Empty: 1076M, Relocated: 0M, In-Place: 0
[248.063s][info][gc,reloc    ] GC(461) Medium Pages: 7 / 224M, Empty: 224M, Relocated: 0M, In-Place: 0
[248.063s][info][gc,reloc    ] GC(461) Large Pages: 1 / 6M, Empty: 0M, Relocated: 0M, In-Place: 0
[248.063s][info][gc,reloc    ] GC(461) Forwarding Usage: 0M
[248.063s][info][gc,heap     ] GC(461) Min Capacity: 4096M(100%)
[248.063s][info][gc,heap     ] GC(461) Max Capacity: 4096M(100%)
[248.063s][info][gc,heap     ] GC(461) Soft Max Capacity: 4096M(100%)
[248.063s][info][gc,heap     ] GC(461)                Mark Start          Mark End        Relocate Start      Relocate End           High               Low         
[248.063s][info][gc,heap     ] GC(461)  Capacity:     4096M (100%)       4096M (100%)       4096M (100%)       4096M (100%)       4096M (100%)       4096M (100%)   
[248.063s][info][gc,heap     ] GC(461)      Free:     2692M (66%)        2692M (66%)        3992M (97%)        3996M (98%)        3996M (98%)        2692M (66%)    
[248.063s][info][gc,heap     ] GC(461)      Used:     1404M (34%)        1404M (34%)         104M (3%)          100M (2%)         1404M (34%)         100M (2%)     
[248.063s][info][gc,heap     ] GC(461)      Live:         -                95M (2%)           95M (2%)           95M (2%)             -                  -          
[248.063s][info][gc,heap     ] GC(461) Allocated:         -                 0M (0%)            0M (0%)            0M (0%)             -                  -          
[248.063s][info][gc,heap     ] GC(461)   Garbage:         -              1308M (32%)           8M (0%)            4M (0%)             -                  -          
[248.063s][info][gc,heap     ] GC(461) Reclaimed:         -                  -              1300M (32%)        1304M (32%)            -                  -          
[248.063s][info][gc          ] GC(461) Garbage Collection (System.gc()) 1404M(34%)->100M(2%)
[248.686s][info][gc,start    ] GC(462) Garbage Collection (Allocation Rate)
[248.686s][info][gc,task     ] GC(462) Using 1 workers
[248.686s][info][gc,phases   ] GC(462) Pause Mark Start 0.011ms
[248.910s][info][gc,phases   ] GC(462) Concurrent Mark 223.603ms
[248.910s][info][gc,phases   ] GC(462) Pause Mark End 0.020ms
[248.910s][info][gc,phases   ] GC(462) Concurrent Mark Free 0.002ms
[248.916s][info][gc,phases   ] GC(462) Concurrent Process Non-Strong References 5.387ms
[248.916s][info][gc,phases   ] GC(462) Concurrent Reset Relocation Set 0.003ms
[248.920s][info][gc,phases   ] GC(462) Concurrent Select Relocation Set 3.911ms
[248.920s][info][gc,phases   ] GC(462) Pause Relocate Start 0.012ms
[248.921s][info][gc,phases   ] GC(462) Concurrent Relocate 0.602ms
[248.921s][info][gc,load     ] GC(462) Load: 0.00/0.00/0.00
[248.921s][info][gc,mmu      ] GC(462) MMU: 2ms/96.2%, 5ms/98.5%, 10ms/99.0%, 20ms/99.5%, 50ms/99.8%, 100ms/99.9%
[248.921s][info][gc,marking  ] GC(462) Mark: 1 stripe(s), 2 proactive flush(es), 1 terminate flush(es), 0 completion(s), 0 continuation(s) 
[248.921s][info][gc,marking  ] GC(462) Mark Stack Usage: 32M
[248.921s][info][gc,nmethod  ] GC(462) NMethods: 1467 registered, 15 unregistered
[248.921s][info][gc,metaspace] GC(462) Metaspace: 11M used, 11M committed, 1088M reserved
[248.921s][info][gc,ref      ] GC(462) Soft: 197 encountered, 0 discovered, 0 enqueued
[248.921s][info][gc,ref      ] GC(462) Weak: 695 encountered, 187 discovered, 0 enqueued
[248.921s][info][gc,ref      ] GC(462) Final: 0 encountered, 0 discovered, 0 enqueued
[248.921s][info][gc,ref      ] GC(462) Phantom: 36 encountered, 21 discovered, 0 enqueued
[248.921s][info][gc,reloc    ] GC(462) Small Pages: 1287 / 2574M, Empty: 2464M, Relocated: 0M, In-Place: 0
[248.921s][info][gc,reloc    ] GC(462) Medium Pages: 13 / 416M, Empty: 384M, Relocated: 0M, In-Place: 0
[248.921s][info][gc,reloc    ] GC(462) Large Pages: 1 / 6M, Empty: 0M, Relocated: 0M, In-Place: 0
[248.921s][info][gc,reloc    ] GC(462) Forwarding Usage: 0M
[248.921s][info][gc,heap     ] GC(462) Min Capacity: 4096M(100%)
[248.921s][info][gc,heap     ] GC(462) Max Capacity: 4096M(100%)
[248.921s][info][gc,heap     ] GC(462) Soft Max Capacity: 4096M(100%)
[248.921s][info][gc,heap     ] GC(462)                Mark Start          Mark End        Relocate Start      Relocate End           High               Low         
[248.921s][info][gc,heap     ] GC(462)  Capacity:     4096M (100%)       4096M (100%)       4096M (100%)       4096M (100%)       4096M (100%)       4096M (100%)   
[248.921s][info][gc,heap     ] GC(462)      Free:     1100M (27%)         202M (5%)         2992M (73%)        3010M (73%)        3010M (73%)         168M (4%)     
[248.921s][info][gc,heap     ] GC(462)      Used:     2996M (73%)        3894M (95%)        1104M (27%)        1086M (27%)        3928M (96%)        1086M (27%)    
[248.921s][info][gc,heap     ] GC(462)      Live:         -                99M (2%)           99M (2%)           99M (2%)             -                  -          
[248.921s][info][gc,heap     ] GC(462) Allocated:         -               898M (22%)         956M (23%)         955M (23%)            -                  -          
[248.921s][info][gc,heap     ] GC(462)   Garbage:         -              2896M (71%)          48M (1%)           30M (1%)             -                  -          
[248.921s][info][gc,heap     ] GC(462) Reclaimed:         -                  -              2848M (70%)        2865M (70%)            -                  -          
[248.921s][info][gc          ] GC(462) Garbage Collection (Allocation Rate) 2996M(73%)->1086M(27%)
[249.173s][info][gc,start    ] GC(463) Garbage Collection (Allocation Rate)
[249.173s][info][gc,task     ] GC(463) Using 1 workers
[249.173s][info][gc,phases   ] GC(463) Pause Mark Start 0.014ms
[249.310s][info][gc,phases   ] GC(463) Concurrent Mark 137.089ms
[249.310s][info][gc,phases   ] GC(463) Pause Mark End 0.012ms
[249.310s][info][gc,phases   ] GC(463) Concurrent Mark Free 0.001ms
[249.321s][info][gc,phases   ] GC(463) Concurrent Process Non-Strong References 10.250ms
[249.321s][info][gc,phases   ] GC(463) Concurrent Reset Relocation Set 0.003ms
[249.324s][info][gc,phases   ] GC(463) Concurrent Select Relocation Set 3.249ms
[249.324s][info][gc,phases   ] GC(463) Pause Relocate Start 0.009ms
[249.326s][info][gc,phases   ] GC(463) Concurrent Relocate 1.517ms
[249.326s][info][gc,load     ] GC(463) Load: 0.00/0.00/0.00
[249.326s][info][gc,mmu      ] GC(463) MMU: 2ms/96.2%, 5ms/98.5%, 10ms/99.0%, 20ms/99.5%, 50ms/99.8%, 100ms/99.9%
[249.326s][info][gc,marking  ] GC(463) Mark: 1 stripe(s), 2 proactive flush(es), 1 terminate flush(es), 0 completion(s), 0 continuation(s) 
[249.326s][info][gc,marking  ] GC(463) Mark Stack Usage: 32M
[249.326s][info][gc,nmethod  ] GC(463) NMethods: 1467 registered, 15 unregistered
[249.326s][info][gc,metaspace] GC(463) Metaspace: 11M used, 11M committed, 1088M reserved
[249.326s][info][gc,ref      ] GC(463) Soft: 197 encountered, 0 discovered, 0 enqueued
[249.326s][info][gc,ref      ] GC(463) Weak: 695 encountered, 554 discovered, 0 enqueued
[249.326s][info][gc,ref      ] GC(463) Final: 0 encountered, 0 discovered, 0 enqueued
[249.326s][info][gc,ref      ] GC(463) Phantom: 36 encountered, 17 discovered, 0 enqueued
[249.326s][info][gc,reloc    ] GC(463) Small Pages: 948 / 1896M, Empty: 1730M, Relocated: 4M, In-Place: 0
[249.326s][info][gc,reloc    ] GC(463) Medium Pages: 10 / 320M, Empty: 288M, Relocated: 0M, In-Place: 0
[249.326s][info][gc,reloc    ] GC(463) Large Pages: 1 / 6M, Empty: 0M, Relocated: 0M, In-Place: 0
[249.326s][info][gc,reloc    ] GC(463) Forwarding Usage: 0M
[249.326s][info][gc,heap     ] GC(463) Min Capacity: 4096M(100%)
[249.326s][info][gc,heap     ] GC(463) Max Capacity: 4096M(100%)
[249.326s][info][gc,heap     ] GC(463) Soft Max Capacity: 4096M(100%)
[249.326s][info][gc,heap     ] GC(463)                Mark Start          Mark End        Relocate Start      Relocate End           High               Low         
[249.326s][info][gc,heap     ] GC(463)  Capacity:     4096M (100%)       4096M (100%)       4096M (100%)       4096M (100%)       4096M (100%)       4096M (100%)   
[249.326s][info][gc,heap     ] GC(463)      Free:     1874M (46%)        1344M (33%)        3278M (80%)        3348M (82%)        3348M (82%)        1276M (31%)    
[249.326s][info][gc,heap     ] GC(463)      Used:     2222M (54%)        2752M (67%)         818M (20%)         748M (18%)        2820M (69%)         748M (18%)    
[249.326s][info][gc,heap     ] GC(463)      Live:         -               100M (2%)          100M (2%)          100M (2%)             -                  -          
[249.326s][info][gc,heap     ] GC(463) Allocated:         -               530M (13%)         614M (15%)         613M (15%)            -                  -          
[249.326s][info][gc,heap     ] GC(463)   Garbage:         -              2121M (52%)         103M (3%)           33M (1%)             -                  -          
[249.326s][info][gc,heap     ] GC(463) Reclaimed:         -                  -              2018M (49%)        2087M (51%)            -                  -          
[249.326s][info][gc          ] GC(463) Garbage Collection (Allocation Rate) 2222M(54%)->748M(18%)
[249.675s][info][gc,start    ] GC(464) Garbage Collection (Allocation Rate)
[249.676s][info][gc,task     ] GC(464) Using 1 workers
[249.676s][info][gc,phases   ] GC(464) Pause Mark Start 0.013ms
[249.845s][info][gc,phases   ] GC(464) Concurrent Mark 169.505ms
[249.845s][info][gc,phases   ] GC(464) Pause Mark End 0.020ms
[249.845s][info][gc,phases   ] GC(464) Concurrent Mark Free 0.001ms
[249.850s][info][gc,phases   ] GC(464) Concurrent Process Non-Strong References 4.028ms
[249.850s][info][gc,phases   ] GC(464) Concurrent Reset Relocation Set 0.006ms
[249.852s][info][gc,phases   ] GC(464) Concurrent Select Relocation Set 2.628ms
[249.853s][info][gc,phases   ] GC(464) Pause Relocate Start 0.013ms
[249.854s][info][gc,phases   ] GC(464) Concurrent Relocate 1.190ms
[249.854s][info][gc,load     ] GC(464) Load: 0.00/0.00/0.00
[249.854s][info][gc,mmu      ] GC(464) MMU: 2ms/96.2%, 5ms/98.5%, 10ms/99.0%, 20ms/99.5%, 50ms/99.8%, 100ms/99.9%
[249.854s][info][gc,marking  ] GC(464) Mark: 1 stripe(s), 2 proactive flush(es), 1 terminate flush(es), 0 completion(s), 0 continuation(s) 
[249.854s][info][gc,marking  ] GC(464) Mark Stack Usage: 32M
[249.854s][info][gc,nmethod  ] GC(464) NMethods: 1467 registered, 15 unregistered
[249.854s][info][gc,metaspace] GC(464) Metaspace: 11M used, 11M committed, 1088M reserved
[249.854s][info][gc,ref      ] GC(464) Soft: 197 encountered, 0 discovered, 0 enqueued
[249.854s][info][gc,ref      ] GC(464) Weak: 695 encountered, 187 discovered, 0 enqueued
[249.854s][info][gc,ref      ] GC(464) Final: 0 encountered, 0 discovered, 0 enqueued
[249.854s][info][gc,ref      ] GC(464) Phantom: 36 encountered, 21 discovered, 0 enqueued
[249.854s][info][gc,reloc    ] GC(464) Small Pages: 982 / 1964M, Empty: 1834M, Relocated: 2M, In-Place: 0
[249.854s][info][gc,reloc    ] GC(464) Medium Pages: 11 / 352M, Empty: 352M, Relocated: 0M, In-Place: 0
[249.854s][info][gc,reloc    ] GC(464) Large Pages: 1 / 6M, Empty: 0M, Relocated: 0M, In-Place: 0
[249.854s][info][gc,reloc    ] GC(464) Forwarding Usage: 0M
[249.854s][info][gc,heap     ] GC(464) Min Capacity: 4096M(100%)
[249.854s][info][gc,heap     ] GC(464) Max Capacity: 4096M(100%)
[249.854s][info][gc,heap     ] GC(464) Soft Max Capacity: 4096M(100%)
[249.854s][info][gc,heap     ] GC(464)                Mark Start          Mark End        Relocate Start      Relocate End           High               Low         
[249.854s][info][gc,heap     ] GC(464)  Capacity:     4096M (100%)       4096M (100%)       4096M (100%)       4096M (100%)       4096M (100%)       4096M (100%)   
[249.854s][info][gc,heap     ] GC(464)      Free:     1774M (43%)        1064M (26%)        3196M (78%)        3232M (79%)        3232M (79%)        1012M (25%)    
[249.854s][info][gc,heap     ] GC(464)      Used:     2322M (57%)        3032M (74%)         900M (22%)         864M (21%)        3084M (75%)         864M (21%)    
[249.854s][info][gc,heap     ] GC(464)      Live:         -                97M (2%)           97M (2%)           97M (2%)             -                  -          
[249.854s][info][gc,heap     ] GC(464) Allocated:         -               710M (17%)         764M (19%)         763M (19%)            -                  -          
[249.854s][info][gc,heap     ] GC(464)   Garbage:         -              2224M (54%)          38M (1%)            2M (0%)             -                  -          
[249.854s][info][gc,heap     ] GC(464) Reclaimed:         -                  -              2186M (53%)        2221M (54%)            -                  -          
[249.854s][info][gc          ] GC(464) Garbage Collection (Allocation Rate) 2322M(57%)->864M(21%)
[250.178s][info][gc,stats    ] === Garbage Collection Statistics =======================================================================================================================
[250.178s][info][gc,stats    ]                                                              Last 10s              Last 10m              Last 10h                Total
[250.178s][info][gc,stats    ]                                                              Avg / Max             Avg / Max             Avg / Max             Avg / Max
[250.178s][info][gc,stats    ]   Collector: Garbage Collection Cycle                    169.807 / 248.832     162.373 / 259.019     162.373 / 259.019     162.373 / 259.019     ms
[250.178s][info][gc,stats    ]  Contention: Mark Segment Reset Contention                     0 / 0                 0 / 2                 0 / 2                 0 / 2           ops/s
[250.178s][info][gc,stats    ]  Contention: Mark SeqNum Reset Contention                      0 / 1                 0 / 2                 0 / 2                 0 / 2           ops/s
[250.178s][info][gc,stats    ]    Critical: Allocation Stall                                  0 / 0                 0 / 0                 0 / 0                 0 / 0           ops/s
[250.178s][info][gc,stats    ]    Critical: Allocation Stall                              0.000 / 0.000         0.000 / 0.000         0.000 / 0.000         0.000 / 0.000       ms
[250.178s][info][gc,stats    ]    Critical: GC Locker Stall                                   0 / 0                 0 / 0                 0 / 0                 0 / 0           ops/s
[250.178s][info][gc,stats    ]    Critical: GC Locker Stall                               0.000 / 0.000         0.000 / 0.000         0.000 / 0.000         0.000 / 0.000       ms
[250.178s][info][gc,stats    ]    Critical: Relocation Stall                                  0 / 0                 0 / 0                 0 / 0                 0 / 0           ops/s
[250.178s][info][gc,stats    ]    Critical: Relocation Stall                              0.000 / 0.000         0.000 / 0.000         0.000 / 0.000         0.000 / 0.000       ms
[250.178s][info][gc,stats    ]      Memory: Allocation Rate                                4320 / 4504           4300 / 4606           4300 / 4606           4300 / 4606        MB/s
[250.178s][info][gc,stats    ]      Memory: Defragment                                        0 / 0                 0 / 0                 0 / 0                 0 / 0           ops/s
[250.178s][info][gc,stats    ]      Memory: Out Of Memory                                     0 / 0                 0 / 0                 0 / 0                 0 / 0           ops/s
[250.178s][info][gc,stats    ]      Memory: Page Cache Flush                                  0 / 0                 0 / 0                 0 / 0                 0 / 0           MB/s
[250.178s][info][gc,stats    ]      Memory: Page Cache Hit L1                              1866 / 1954           1854 / 2004           1854 / 2004           1854 / 2004        ops/s
[250.178s][info][gc,stats    ]      Memory: Page Cache Hit L2                                 0 / 0                 0 / 0                 0 / 0                 0 / 0           ops/s
[250.178s][info][gc,stats    ]      Memory: Page Cache Hit L3                                 0 / 0                 6 / 437               6 / 437               6 / 437         ops/s
[250.178s][info][gc,stats    ]      Memory: Page Cache Miss                                   0 / 0                 0 / 1                 0 / 1                 0 / 1           ops/s
[250.178s][info][gc,stats    ]      Memory: Uncommit                                          0 / 0                 0 / 0                 0 / 0                 0 / 0           MB/s
[250.178s][info][gc,stats    ]      Memory: Undo Object Allocation Failed                     0 / 0                 0 / 1                 0 / 1                 0 / 1           ops/s
[250.178s][info][gc,stats    ]      Memory: Undo Object Allocation Succeeded                 30 / 302              16 / 1067             16 / 1067             16 / 1067        ops/s
[250.178s][info][gc,stats    ]      Memory: Undo Page Allocation                              2 / 5                 2 / 7                 2 / 7                 2 / 7           ops/s
[250.178s][info][gc,stats    ]       Phase: Concurrent Mark                             160.018 / 238.828     151.499 / 251.310     151.499 / 251.310     151.499 / 251.310     ms
[250.178s][info][gc,stats    ]       Phase: Concurrent Mark Continue                      0.000 / 0.000         0.000 / 0.000         0.000 / 0.000         0.000 / 0.000       ms
[250.178s][info][gc,stats    ]       Phase: Concurrent Mark Free                          0.001 / 0.003         0.002 / 0.005         0.002 / 0.005         0.002 / 0.005       ms
[250.178s][info][gc,stats    ]       Phase: Concurrent Process Non-Strong References      4.744 / 10.250        5.156 / 24.469        5.156 / 24.469        5.156 / 24.469      ms
[250.178s][info][gc,stats    ]       Phase: Concurrent Relocate                           0.865 / 2.750         1.711 / 57.532        1.711 / 57.532        1.711 / 57.532      ms
[250.178s][info][gc,stats    ]       Phase: Concurrent Reset Relocation Set               0.004 / 0.006         0.004 / 0.026         0.004 / 0.026         0.004 / 0.026       ms
[250.178s][info][gc,stats    ]       Phase: Concurrent Select Relocation Set              3.070 / 4.256         2.997 / 13.885        2.997 / 13.885        2.997 / 13.885      ms
[250.178s][info][gc,stats    ]       Phase: Pause Mark End                                0.018 / 0.045         0.018 / 0.047         0.018 / 0.047         0.018 / 0.047       ms
[250.178s][info][gc,stats    ]       Phase: Pause Mark Start                              0.010 / 0.017         0.010 / 0.027         0.010 / 0.027         0.010 / 0.027       ms
[250.178s][info][gc,stats    ]       Phase: Pause Relocate Start                          0.012 / 0.031         0.012 / 0.077         0.012 / 0.077         0.012 / 0.077       ms
[250.178s][info][gc,stats    ]    Subphase: Concurrent Classes Purge                      0.016 / 0.062         0.015 / 0.208         0.015 / 0.208         0.015 / 0.208       ms
[250.178s][info][gc,stats    ]    Subphase: Concurrent Classes Unlink                     3.228 / 4.715         2.790 / 4.715         2.790 / 4.715         2.790 / 4.715       ms
[250.178s][info][gc,stats    ]    Subphase: Concurrent Mark                             149.161 / 238.054     136.921 / 250.559     136.921 / 250.559     136.921 / 250.559     ms
[250.178s][info][gc,stats    ]    Subphase: Concurrent Mark Try Flush                     0.832 / 15.711        0.784 / 27.025        0.784 / 27.025        0.784 / 27.025      ms
[250.178s][info][gc,stats    ]    Subphase: Concurrent Mark Try Terminate                 0.650 / 11.921        1.126 / 17.378        1.126 / 17.378        1.126 / 17.378      ms
[250.178s][info][gc,stats    ]    Subphase: Concurrent References Enqueue                 0.001 / 0.002         0.001 / 0.015         0.001 / 0.015         0.001 / 0.015       ms
[250.178s][info][gc,stats    ]    Subphase: Concurrent References Process                 0.086 / 0.143         0.086 / 0.535         0.086 / 0.535         0.086 / 0.535       ms
[250.178s][info][gc,stats    ]    Subphase: Concurrent Roots ClassLoaderDataGraph         0.079 / 0.130         0.070 / 0.272         0.070 / 0.272         0.070 / 0.272       ms
[250.178s][info][gc,stats    ]    Subphase: Concurrent Roots CodeCache                    0.000 / 0.000         0.000 / 0.000         0.000 / 0.000         0.000 / 0.000       ms
[250.178s][info][gc,stats    ]    Subphase: Concurrent Roots JavaThreads                  0.667 / 1.305         0.640 / 8.931         0.640 / 8.931         0.640 / 8.931       ms
[250.179s][info][gc,stats    ]    Subphase: Concurrent Roots OopStorageSet                0.028 / 0.055         0.028 / 0.099         0.028 / 0.099         0.028 / 0.099       ms
[250.179s][info][gc,stats    ]    Subphase: Concurrent Weak Roots OopStorageSet           0.197 / 0.259         0.189 / 0.369         0.189 / 0.369         0.189 / 0.369       ms
[250.179s][info][gc,stats    ]    Subphase: Pause Mark Try Complete                       0.000 / 0.000         0.000 / 0.000         0.000 / 0.000         0.000 / 0.000       ms
[250.179s][info][gc,stats    ]      System: Java Threads                                     25 / 25               23 / 25               23 / 25               23 / 25          threads
[250.179s][info][gc,stats    ] =========================================================================================================================================================
[250.288s][info][gc,start    ] GC(465) Garbage Collection (Allocation Rate)
[250.288s][info][gc,task     ] GC(465) Using 1 workers
[250.288s][info][gc,phases   ] GC(465) Pause Mark Start 0.011ms
[250.426s][info][gc,phases   ] GC(465) Concurrent Mark 137.940ms
[250.426s][info][gc,phases   ] GC(465) Pause Mark End 0.012ms
[250.426s][info][gc,phases   ] GC(465) Concurrent Mark Free 0.001ms
[250.431s][info][gc,phases   ] GC(465) Concurrent Process Non-Strong References 5.001ms
[250.431s][info][gc,phases   ] GC(465) Concurrent Reset Relocation Set 0.005ms
[250.435s][info][gc,phases   ] GC(465) Concurrent Select Relocation Set 3.948ms
[250.435s][info][gc,phases   ] GC(465) Pause Relocate Start 0.018ms
[250.437s][info][gc,phases   ] GC(465) Concurrent Relocate 1.825ms
[250.437s][info][gc,load     ] GC(465) Load: 0.00/0.00/0.00
[250.437s][info][gc,mmu      ] GC(465) MMU: 2ms/96.2%, 5ms/98.5%, 10ms/99.0%, 20ms/99.5%, 50ms/99.8%, 100ms/99.9%
[250.438s][info][gc,marking  ] GC(465) Mark: 1 stripe(s), 2 proactive flush(es), 1 terminate flush(es), 0 completion(s), 0 continuation(s) 
[250.438s][info][gc,marking  ] GC(465) Mark Stack Usage: 32M
[250.438s][info][gc,nmethod  ] GC(465) NMethods: 1467 registered, 15 unregistered
[250.438s][info][gc,metaspace] GC(465) Metaspace: 11M used, 11M committed, 1088M reserved
[250.438s][info][gc,ref      ] GC(465) Soft: 197 encountered, 0 discovered, 0 enqueued
[250.438s][info][gc,ref      ] GC(465) Weak: 695 encountered, 554 discovered, 0 enqueued
[250.438s][info][gc,ref      ] GC(465) Final: 0 encountered, 0 discovered, 0 enqueued
[250.438s][info][gc,ref      ] GC(465) Phantom: 36 encountered, 17 discovered, 0 enqueued
[250.438s][info][gc,reloc    ] GC(465) Small Pages: 1230 / 2460M, Empty: 2324M, Relocated: 2M, In-Place: 0
[250.438s][info][gc,reloc    ] GC(465) Medium Pages: 12 / 384M, Empty: 352M, Relocated: 0M, In-Place: 0
[250.438s][info][gc,reloc    ] GC(465) Large Pages: 1 / 6M, Empty: 0M, Relocated: 0M, In-Place: 0
[250.438s][info][gc,reloc    ] GC(465) Forwarding Usage: 0M
[250.438s][info][gc,heap     ] GC(465) Min Capacity: 4096M(100%)
[250.438s][info][gc,heap     ] GC(465) Max Capacity: 4096M(100%)
[250.438s][info][gc,heap     ] GC(465) Soft Max Capacity: 4096M(100%)
[250.438s][info][gc,heap     ] GC(465)                Mark Start          Mark End        Relocate Start      Relocate End           High               Low         
[250.438s][info][gc,heap     ] GC(465)  Capacity:     4096M (100%)       4096M (100%)       4096M (100%)       4096M (100%)       4096M (100%)       4096M (100%)   
[250.438s][info][gc,heap     ] GC(465)      Free:     1246M (30%)         726M (18%)        3350M (82%)        3382M (83%)        3388M (83%)         694M (17%)    
[250.438s][info][gc,heap     ] GC(465)      Used:     2850M (70%)        3370M (82%)         746M (18%)         714M (17%)        3402M (83%)         708M (17%)    
[250.438s][info][gc,heap     ] GC(465)      Live:         -                99M (2%)           99M (2%)           99M (2%)             -                  -          
[250.438s][info][gc,heap     ] GC(465) Allocated:         -               520M (13%)         572M (14%)         581M (14%)            -                  -          
[250.438s][info][gc,heap     ] GC(465)   Garbage:         -              2750M (67%)          74M (2%)           32M (1%)             -                  -          
[250.438s][info][gc,heap     ] GC(465) Reclaimed:         -                  -              2676M (65%)        2717M (66%)            -                  -          
[250.438s][info][gc          ] GC(465) Garbage Collection (Allocation Rate) 2850M(70%)->714M(17%)
[250.884s][info][gc,start    ] GC(466) Garbage Collection (Allocation Rate)
[250.884s][info][gc,task     ] GC(466) Using 1 workers
[250.884s][info][gc,phases   ] GC(466) Pause Mark Start 0.012ms
[251.121s][info][gc,phases   ] GC(466) Concurrent Mark 236.925ms
[251.122s][info][gc,phases   ] GC(466) Pause Mark End 0.013ms
[251.122s][info][gc,phases   ] GC(466) Concurrent Mark Free 0.001ms
[251.132s][info][gc,phases   ] GC(466) Concurrent Process Non-Strong References 9.979ms
[251.132s][info][gc,phases   ] GC(466) Concurrent Reset Relocation Set 0.005ms
[251.136s][info][gc,phases   ] GC(466) Concurrent Select Relocation Set 3.998ms
[251.136s][info][gc,phases   ] GC(466) Pause Relocate Start 0.018ms
[251.137s][info][gc,phases   ] GC(466) Concurrent Relocate 0.575ms
[251.137s][info][gc,load     ] GC(466) Load: 0.00/0.00/0.00
[251.137s][info][gc,mmu      ] GC(466) MMU: 2ms/96.2%, 5ms/98.5%, 10ms/99.0%, 20ms/99.5%, 50ms/99.8%, 100ms/99.9%
[251.137s][info][gc,marking  ] GC(466) Mark: 1 stripe(s), 2 proactive flush(es), 1 terminate flush(es), 0 completion(s), 0 continuation(s) 
[251.137s][info][gc,marking  ] GC(466) Mark Stack Usage: 32M
[251.137s][info][gc,nmethod  ] GC(466) NMethods: 1467 registered, 15 unregistered
[251.137s][info][gc,metaspace] GC(466) Metaspace: 11M used, 11M committed, 1088M reserved
[251.137s][info][gc,ref      ] GC(466) Soft: 197 encountered, 0 discovered, 0 enqueued
[251.137s][info][gc,ref      ] GC(466) Weak: 695 encountered, 187 discovered, 0 enqueued
[251.137s][info][gc,ref      ] GC(466) Final: 0 encountered, 0 discovered, 0 enqueued
[251.137s][info][gc,ref      ] GC(466) Phantom: 36 encountered, 21 discovered, 0 enqueued
[251.137s][info][gc,reloc    ] GC(466) Small Pages: 1165 / 2330M, Empty: 2218M, Relocated: 0M, In-Place: 0
[251.137s][info][gc,reloc    ] GC(466) Medium Pages: 13 / 416M, Empty: 384M, Relocated: 0M, In-Place: 0
[251.137s][info][gc,reloc    ] GC(466) Large Pages: 1 / 6M, Empty: 0M, Relocated: 0M, In-Place: 0
[251.137s][info][gc,reloc    ] GC(466) Forwarding Usage: 0M
[251.137s][info][gc,heap     ] GC(466) Min Capacity: 4096M(100%)
[251.137s][info][gc,heap     ] GC(466) Max Capacity: 4096M(100%)
[251.137s][info][gc,heap     ] GC(466) Soft Max Capacity: 4096M(100%)
[251.137s][info][gc,heap     ] GC(466)                Mark Start          Mark End        Relocate Start      Relocate End           High               Low         
[251.137s][info][gc,heap     ] GC(466)  Capacity:     4096M (100%)       4096M (100%)       4096M (100%)       4096M (100%)       4096M (100%)       4096M (100%)   
[251.137s][info][gc,heap     ] GC(466)      Free:     1344M (33%)         354M (9%)         2874M (70%)        2894M (71%)        2894M (71%)         300M (7%)     
[251.137s][info][gc,heap     ] GC(466)      Used:     2752M (67%)        3742M (91%)        1222M (30%)        1202M (29%)        3796M (93%)        1202M (29%)    
[251.137s][info][gc,heap     ] GC(466)      Live:         -                99M (2%)           99M (2%)           99M (2%)             -                  -          
[251.137s][info][gc,heap     ] GC(466) Allocated:         -               990M (24%)        1072M (26%)        1071M (26%)            -                  -          
[251.137s][info][gc,heap     ] GC(466)   Garbage:         -              2652M (65%)          50M (1%)           30M (1%)             -                  -          
[251.137s][info][gc,heap     ] GC(466) Reclaimed:         -                  -              2602M (64%)        2621M (64%)            -                  -          
[251.137s][info][gc          ] GC(466) Garbage Collection (Allocation Rate) 2752M(67%)->1202M(29%)
[251.387s][info][gc,start    ] GC(467) Garbage Collection (Allocation Rate)
[251.387s][info][gc,task     ] GC(467) Using 2 workers
[251.387s][info][gc,phases   ] GC(467) Pause Mark Start 0.013ms
[251.465s][info][gc,phases   ] GC(467) Concurrent Mark 77.954ms
[251.466s][info][gc,phases   ] GC(467) Pause Mark End 0.016ms
[251.466s][info][gc,phases   ] GC(467) Concurrent Mark Free 0.001ms
[251.481s][info][gc,phases   ] GC(467) Concurrent Process Non-Strong References 15.524ms
[251.481s][info][gc,phases   ] GC(467) Concurrent Reset Relocation Set 0.003ms
[251.485s][info][gc,phases   ] GC(467) Concurrent Select Relocation Set 3.519ms
[251.485s][info][gc,phases   ] GC(467) Pause Relocate Start 0.009ms
[251.486s][info][gc,phases   ] GC(467) Concurrent Relocate 0.575ms
[251.486s][info][gc,load     ] GC(467) Load: 0.00/0.00/0.00
[251.486s][info][gc,mmu      ] GC(467) MMU: 2ms/96.2%, 5ms/98.5%, 10ms/99.0%, 20ms/99.5%, 50ms/99.8%, 100ms/99.9%
[251.486s][info][gc,marking  ] GC(467) Mark: 2 stripe(s), 2 proactive flush(es), 1 terminate flush(es), 0 completion(s), 0 continuation(s) 
[251.486s][info][gc,marking  ] GC(467) Mark Stack Usage: 32M
[251.486s][info][gc,nmethod  ] GC(467) NMethods: 1467 registered, 15 unregistered
[251.486s][info][gc,metaspace] GC(467) Metaspace: 11M used, 11M committed, 1088M reserved
[251.486s][info][gc,ref      ] GC(467) Soft: 197 encountered, 0 discovered, 0 enqueued
[251.486s][info][gc,ref      ] GC(467) Weak: 695 encountered, 496 discovered, 0 enqueued
[251.486s][info][gc,ref      ] GC(467) Final: 0 encountered, 0 discovered, 0 enqueued
[251.486s][info][gc,ref      ] GC(467) Phantom: 36 encountered, 26 discovered, 0 enqueued
[251.486s][info][gc,reloc    ] GC(467) Small Pages: 985 / 1970M, Empty: 1832M, Relocated: 3M, In-Place: 0
[251.486s][info][gc,reloc    ] GC(467) Medium Pages: 11 / 352M, Empty: 352M, Relocated: 0M, In-Place: 0
[251.486s][info][gc,reloc    ] GC(467) Large Pages: 1 / 6M, Empty: 0M, Relocated: 0M, In-Place: 0
[251.486s][info][gc,reloc    ] GC(467) Forwarding Usage: 0M
[251.486s][info][gc,heap     ] GC(467) Min Capacity: 4096M(100%)
[251.486s][info][gc,heap     ] GC(467) Max Capacity: 4096M(100%)
[251.486s][info][gc,heap     ] GC(467) Soft Max Capacity: 4096M(100%)
[251.486s][info][gc,heap     ] GC(467)                Mark Start          Mark End        Relocate Start      Relocate End           High               Low         
[251.486s][info][gc,heap     ] GC(467)  Capacity:     4096M (100%)       4096M (100%)       4096M (100%)       4096M (100%)       4096M (100%)       4096M (100%)   
[251.486s][info][gc,heap     ] GC(467)      Free:     1768M (43%)        1504M (37%)        3608M (88%)        3650M (89%)        3650M (89%)        1444M (35%)    
[251.486s][info][gc,heap     ] GC(467)      Used:     2328M (57%)        2592M (63%)         488M (12%)         446M (11%)        2652M (65%)         446M (11%)    
[251.486s][info][gc,heap     ] GC(467)      Live:         -                98M (2%)           98M (2%)           98M (2%)             -                  -          
[251.486s][info][gc,heap     ] GC(467) Allocated:         -               264M (6%)          344M (8%)          343M (8%)             -                  -          
[251.486s][info][gc,heap     ] GC(467)   Garbage:         -              2229M (54%)          45M (1%)            3M (0%)             -                  -          
[251.486s][info][gc,heap     ] GC(467) Reclaimed:         -                  -              2184M (53%)        2225M (54%)            -                  -          
[251.486s][info][gc          ] GC(467) Garbage Collection (Allocation Rate) 2328M(57%)->446M(11%)
[252.077s][info][gc,start    ] GC(468) Garbage Collection (Allocation Rate)
[252.077s][info][gc,task     ] GC(468) Using 2 workers
[252.078s][info][gc,phases   ] GC(468) Pause Mark Start 0.009ms
[252.140s][info][gc,phases   ] GC(468) Concurrent Mark 62.545ms
[252.140s][info][gc,phases   ] GC(468) Pause Mark End 0.016ms
[252.140s][info][gc,phases   ] GC(468) Concurrent Mark Free 0.001ms
[252.145s][info][gc,phases   ] GC(468) Concurrent Process Non-Strong References 4.519ms
[252.145s][info][gc,phases   ] GC(468) Concurrent Reset Relocation Set 0.006ms
[252.149s][info][gc,phases   ] GC(468) Concurrent Select Relocation Set 4.196ms
[252.149s][info][gc,phases   ] GC(468) Pause Relocate Start 0.024ms
[252.151s][info][gc,phases   ] GC(468) Concurrent Relocate 1.274ms
[252.151s][info][gc,load     ] GC(468) Load: 0.00/0.00/0.00
[252.151s][info][gc,mmu      ] GC(468) MMU: 2ms/96.2%, 5ms/98.5%, 10ms/99.0%, 20ms/99.5%, 50ms/99.8%, 100ms/99.9%
[252.151s][info][gc,marking  ] GC(468) Mark: 2 stripe(s), 2 proactive flush(es), 1 terminate flush(es), 0 completion(s), 0 continuation(s) 
[252.151s][info][gc,marking  ] GC(468) Mark Stack Usage: 32M
[252.151s][info][gc,nmethod  ] GC(468) NMethods: 1467 registered, 15 unregistered
[252.151s][info][gc,metaspace] GC(468) Metaspace: 11M used, 11M committed, 1088M reserved
[252.151s][info][gc,ref      ] GC(468) Soft: 197 encountered, 0 discovered, 0 enqueued
[252.151s][info][gc,ref      ] GC(468) Weak: 695 encountered, 24 discovered, 0 enqueued
[252.151s][info][gc,ref      ] GC(468) Final: 0 encountered, 0 discovered, 0 enqueued
[252.151s][info][gc,ref      ] GC(468) Phantom: 36 encountered, 13 discovered, 0 enqueued
[252.151s][info][gc,reloc    ] GC(468) Small Pages: 1346 / 2692M, Empty: 2572M, Relocated: 1M, In-Place: 0
[252.151s][info][gc,reloc    ] GC(468) Medium Pages: 14 / 448M, Empty: 448M, Relocated: 0M, In-Place: 0
[252.151s][info][gc,reloc    ] GC(468) Large Pages: 1 / 6M, Empty: 0M, Relocated: 0M, In-Place: 0
[252.151s][info][gc,reloc    ] GC(468) Forwarding Usage: 0M
[252.151s][info][gc,heap     ] GC(468) Min Capacity: 4096M(100%)
[252.151s][info][gc,heap     ] GC(468) Max Capacity: 4096M(100%)
[252.151s][info][gc,heap     ] GC(468) Soft Max Capacity: 4096M(100%)
[252.151s][info][gc,heap     ] GC(468)                Mark Start          Mark End        Relocate Start      Relocate End           High               Low         
[252.151s][info][gc,heap     ] GC(468)  Capacity:     4096M (100%)       4096M (100%)       4096M (100%)       4096M (100%)       4096M (100%)       4096M (100%)   
[252.151s][info][gc,heap     ] GC(468)      Free:      950M (23%)         750M (18%)        3718M (91%)        3740M (91%)        3742M (91%)         724M (18%)    
[252.151s][info][gc,heap     ] GC(468)      Used:     3146M (77%)        3346M (82%)         378M (9%)          356M (9%)         3372M (82%)         354M (9%)     
[252.151s][info][gc,heap     ] GC(468)      Live:         -                96M (2%)           96M (2%)           96M (2%)             -                  -          
[252.151s][info][gc,heap     ] GC(468) Allocated:         -               200M (5%)          252M (6%)          255M (6%)             -                  -          
[252.151s][info][gc,heap     ] GC(468)   Garbage:         -              3049M (74%)          29M (1%)            3M (0%)             -                  -          
[252.151s][info][gc,heap     ] GC(468) Reclaimed:         -                  -              3020M (74%)        3045M (74%)            -                  -          
[252.151s][info][gc          ] GC(468) Garbage Collection (Allocation Rate) 3146M(77%)->356M(9%)
[252.437s][info][gc,start    ] GC(469) Garbage Collection (System.gc())
[252.437s][info][gc,task     ] GC(469) Using 2 workers
[252.437s][info][gc,phases   ] GC(469) Pause Mark Start 0.007ms
[252.501s][info][gc,phases   ] GC(469) Concurrent Mark 63.840ms
[252.501s][info][gc,phases   ] GC(469) Pause Mark End 0.026ms
[252.501s][info][gc,phases   ] GC(469) Concurrent Mark Free 0.003ms
[252.504s][info][gc,phases   ] GC(469) Concurrent Process Non-Strong References 2.267ms
[252.504s][info][gc,phases   ] GC(469) Concurrent Reset Relocation Set 0.003ms
[252.506s][info][gc,phases   ] GC(469) Concurrent Select Relocation Set 2.164ms
[252.506s][info][gc,phases   ] GC(469) Pause Relocate Start 0.004ms
[252.507s][info][gc,phases   ] GC(469) Concurrent Relocate 0.674ms
[252.507s][info][gc,load     ] GC(469) Load: 0.00/0.00/0.00
[252.507s][info][gc,mmu      ] GC(469) MMU: 2ms/96.2%, 5ms/98.5%, 10ms/99.0%, 20ms/99.5%, 50ms/99.8%, 100ms/99.9%
[252.507s][info][gc,marking  ] GC(469) Mark: 2 stripe(s), 1 proactive flush(es), 1 terminate flush(es), 0 completion(s), 0 continuation(s) 
[252.507s][info][gc,marking  ] GC(469) Mark Stack Usage: 32M
[252.507s][info][gc,nmethod  ] GC(469) NMethods: 1467 registered, 15 unregistered
[252.507s][info][gc,metaspace] GC(469) Metaspace: 11M used, 11M committed, 1088M reserved
[252.507s][info][gc,ref      ] GC(469) Soft: 197 encountered, 0 discovered, 0 enqueued
[252.507s][info][gc,ref      ] GC(469) Weak: 695 encountered, 5 discovered, 0 enqueued
[252.507s][info][gc,ref      ] GC(469) Final: 0 encountered, 0 discovered, 0 enqueued
[252.507s][info][gc,ref      ] GC(469) Phantom: 36 encountered, 16 discovered, 0 enqueued
[252.507s][info][gc,reloc    ] GC(469) Small Pages: 706 / 1412M, Empty: 1310M, Relocated: 0M, In-Place: 0
[252.507s][info][gc,reloc    ] GC(469) Medium Pages: 7 / 224M, Empty: 224M, Relocated: 0M, In-Place: 0
[252.507s][info][gc,reloc    ] GC(469) Large Pages: 1 / 6M, Empty: 0M, Relocated: 0M, In-Place: 0
[252.507s][info][gc,reloc    ] GC(469) Forwarding Usage: 0M
[252.507s][info][gc,heap     ] GC(469) Min Capacity: 4096M(100%)
[252.507s][info][gc,heap     ] GC(469) Max Capacity: 4096M(100%)
[252.507s][info][gc,heap     ] GC(469) Soft Max Capacity: 4096M(100%)
[252.507s][info][gc,heap     ] GC(469)                Mark Start          Mark End        Relocate Start      Relocate End           High               Low         
[252.507s][info][gc,heap     ] GC(469)  Capacity:     4096M (100%)       4096M (100%)       4096M (100%)       4096M (100%)       4096M (100%)       4096M (100%)   
[252.507s][info][gc,heap     ] GC(469)      Free:     2454M (60%)        2454M (60%)        3988M (97%)        3996M (98%)        3996M (98%)        2454M (60%)    
[252.507s][info][gc,heap     ] GC(469)      Used:     1642M (40%)        1642M (40%)         108M (3%)          100M (2%)         1642M (40%)         100M (2%)     
[252.507s][info][gc,heap     ] GC(469)      Live:         -                95M (2%)           95M (2%)           95M (2%)             -                  -          
[252.507s][info][gc,heap     ] GC(469) Allocated:         -                 0M (0%)            0M (0%)            0M (0%)             -                  -          
[252.507s][info][gc,heap     ] GC(469)   Garbage:         -              1546M (38%)          12M (0%)            4M (0%)             -                  -          
[252.507s][info][gc,heap     ] GC(469) Reclaimed:         -                  -              1534M (37%)        1542M (38%)            -                  -          
[252.507s][info][gc          ] GC(469) Garbage Collection (System.gc()) 1642M(40%)->100M(2%)
[253.082s][info][gc,start    ] GC(470) Garbage Collection (Allocation Rate)
[253.082s][info][gc,task     ] GC(470) Using 1 workers
[253.082s][info][gc,phases   ] GC(470) Pause Mark Start 0.007ms
[253.300s][info][gc,phases   ] GC(470) Concurrent Mark 217.489ms
[253.300s][info][gc,phases   ] GC(470) Pause Mark End 0.013ms
[253.300s][info][gc,phases   ] GC(470) Concurrent Mark Free 0.001ms
[253.317s][info][gc,phases   ] GC(470) Concurrent Process Non-Strong References 17.354ms
[253.318s][info][gc,phases   ] GC(470) Concurrent Reset Relocation Set 0.002ms
[253.320s][info][gc,phases   ] GC(470) Concurrent Select Relocation Set 2.137ms
[253.320s][info][gc,phases   ] GC(470) Pause Relocate Start 0.010ms
[253.320s][info][gc,phases   ] GC(470) Concurrent Relocate 0.503ms
[253.321s][info][gc,load     ] GC(470) Load: 0.00/0.00/0.00
[253.321s][info][gc,mmu      ] GC(470) MMU: 2ms/96.2%, 5ms/98.5%, 10ms/99.0%, 20ms/99.5%, 50ms/99.8%, 100ms/99.9%
[253.321s][info][gc,marking  ] GC(470) Mark: 1 stripe(s), 2 proactive flush(es), 1 terminate flush(es), 0 completion(s), 0 continuation(s) 
[253.321s][info][gc,marking  ] GC(470) Mark Stack Usage: 32M
[253.321s][info][gc,nmethod  ] GC(470) NMethods: 1467 registered, 15 unregistered
[253.321s][info][gc,metaspace] GC(470) Metaspace: 11M used, 11M committed, 1088M reserved
[253.321s][info][gc,ref      ] GC(470) Soft: 197 encountered, 0 discovered, 0 enqueued
[253.321s][info][gc,ref      ] GC(470) Weak: 695 encountered, 187 discovered, 0 enqueued
[253.321s][info][gc,ref      ] GC(470) Final: 0 encountered, 0 discovered, 0 enqueued
[253.321s][info][gc,ref      ] GC(470) Phantom: 36 encountered, 21 discovered, 0 enqueued
[253.321s][info][gc,reloc    ] GC(470) Small Pages: 1206 / 2412M, Empty: 2300M, Relocated: 0M, In-Place: 0
[253.321s][info][gc,reloc    ] GC(470) Medium Pages: 12 / 384M, Empty: 352M, Relocated: 0M, In-Place: 0
[253.321s][info][gc,reloc    ] GC(470) Large Pages: 1 / 6M, Empty: 0M, Relocated: 0M, In-Place: 0
[253.321s][info][gc,reloc    ] GC(470) Forwarding Usage: 0M
[253.321s][info][gc,heap     ] GC(470) Min Capacity: 4096M(100%)
[253.321s][info][gc,heap     ] GC(470) Max Capacity: 4096M(100%)
[253.321s][info][gc,heap     ] GC(470) Soft Max Capacity: 4096M(100%)
[253.321s][info][gc,heap     ] GC(470)                Mark Start          Mark End        Relocate Start      Relocate End           High               Low         
[253.321s][info][gc,heap     ] GC(470)  Capacity:     4096M (100%)       4096M (100%)       4096M (100%)       4096M (100%)       4096M (100%)       4096M (100%)   
[253.321s][info][gc,heap     ] GC(470)      Free:     1294M (32%)         414M (10%)        2956M (72%)        2976M (73%)        2976M (73%)         304M (7%)     
[253.321s][info][gc,heap     ] GC(470)      Used:     2802M (68%)        3682M (90%)        1140M (28%)        1120M (27%)        3792M (93%)        1120M (27%)    
[253.321s][info][gc,heap     ] GC(470)      Live:         -                99M (2%)           99M (2%)           99M (2%)             -                  -          
[253.321s][info][gc,heap     ] GC(470) Allocated:         -               880M (21%)         990M (24%)         989M (24%)            -                  -          
[253.321s][info][gc,heap     ] GC(470)   Garbage:         -              2702M (66%)          50M (1%)           30M (1%)             -                  -          
[253.321s][info][gc,heap     ] GC(470) Reclaimed:         -                  -              2652M (65%)        2671M (65%)            -                  -          
[253.321s][info][gc          ] GC(470) Garbage Collection (Allocation Rate) 2802M(68%)->1120M(27%)
[253.585s][info][gc,start    ] GC(471) Garbage Collection (Allocation Rate)
[253.585s][info][gc,task     ] GC(471) Using 2 workers
[253.585s][info][gc,phases   ] GC(471) Pause Mark Start 0.013ms
[253.663s][info][gc,phases   ] GC(471) Concurrent Mark 78.163ms
[253.664s][info][gc,phases   ] GC(471) Pause Mark End 0.014ms
[253.664s][info][gc,phases   ] GC(471) Concurrent Mark Free 0.001ms
[253.671s][info][gc,phases   ] GC(471) Concurrent Process Non-Strong References 7.045ms
[253.671s][info][gc,phases   ] GC(471) Concurrent Reset Relocation Set 0.004ms
[253.675s][info][gc,phases   ] GC(471) Concurrent Select Relocation Set 3.929ms
[253.675s][info][gc,phases   ] GC(471) Pause Relocate Start 0.010ms
[253.676s][info][gc,phases   ] GC(471) Concurrent Relocate 0.854ms
[253.676s][info][gc,load     ] GC(471) Load: 0.00/0.00/0.00
[253.676s][info][gc,mmu      ] GC(471) MMU: 2ms/96.2%, 5ms/98.5%, 10ms/99.0%, 20ms/99.5%, 50ms/99.8%, 100ms/99.9%
[253.676s][info][gc,marking  ] GC(471) Mark: 2 stripe(s), 2 proactive flush(es), 1 terminate flush(es), 0 completion(s), 0 continuation(s) 
[253.676s][info][gc,marking  ] GC(471) Mark Stack Usage: 32M
[253.676s][info][gc,nmethod  ] GC(471) NMethods: 1467 registered, 15 unregistered
[253.676s][info][gc,metaspace] GC(471) Metaspace: 11M used, 11M committed, 1088M reserved
[253.676s][info][gc,ref      ] GC(471) Soft: 197 encountered, 0 discovered, 0 enqueued
[253.676s][info][gc,ref      ] GC(471) Weak: 695 encountered, 398 discovered, 0 enqueued
[253.676s][info][gc,ref      ] GC(471) Final: 0 encountered, 0 discovered, 0 enqueued
[253.676s][info][gc,ref      ] GC(471) Phantom: 36 encountered, 25 discovered, 0 enqueued
[253.676s][info][gc,reloc    ] GC(471) Small Pages: 982 / 1964M, Empty: 1816M, Relocated: 3M, In-Place: 0
[253.676s][info][gc,reloc    ] GC(471) Medium Pages: 11 / 352M, Empty: 352M, Relocated: 0M, In-Place: 0
[253.676s][info][gc,reloc    ] GC(471) Large Pages: 1 / 6M, Empty: 0M, Relocated: 0M, In-Place: 0
[253.676s][info][gc,reloc    ] GC(471) Forwarding Usage: 0M
[253.676s][info][gc,heap     ] GC(471) Min Capacity: 4096M(100%)
[253.676s][info][gc,heap     ] GC(471) Max Capacity: 4096M(100%)
[253.676s][info][gc,heap     ] GC(471) Soft Max Capacity: 4096M(100%)
[253.676s][info][gc,heap     ] GC(471)                Mark Start          Mark End        Relocate Start      Relocate End           High               Low         
[253.676s][info][gc,heap     ] GC(471)  Capacity:     4096M (100%)       4096M (100%)       4096M (100%)       4096M (100%)       4096M (100%)       4096M (100%)   
[253.676s][info][gc,heap     ] GC(471)      Free:     1774M (43%)        1506M (37%)        3606M (88%)        3656M (89%)        3656M (89%)        1462M (36%)    
[253.676s][info][gc,heap     ] GC(471)      Used:     2322M (57%)        2590M (63%)         490M (12%)         440M (11%)        2634M (64%)         440M (11%)    
[253.676s][info][gc,heap     ] GC(471)      Live:         -                99M (2%)           99M (2%)           99M (2%)             -                  -          
[253.676s][info][gc,heap     ] GC(471) Allocated:         -               268M (7%)          336M (8%)          337M (8%)             -                  -          
[253.676s][info][gc,heap     ] GC(471)   Garbage:         -              2222M (54%)          54M (1%)            2M (0%)             -                  -          
[253.676s][info][gc,heap     ] GC(471) Reclaimed:         -                  -              2168M (53%)        2219M (54%)            -                  -          
[253.676s][info][gc          ] GC(471) Garbage Collection (Allocation Rate) 2322M(57%)->440M(11%)
[254.277s][info][gc,start    ] GC(472) Garbage Collection (Allocation Rate)
[254.277s][info][gc,task     ] GC(472) Using 2 workers
[254.278s][info][gc,phases   ] GC(472) Pause Mark Start 0.013ms
[254.356s][info][gc,phases   ] GC(472) Concurrent Mark 78.458ms
[254.356s][info][gc,phases   ] GC(472) Pause Mark End 0.016ms
[254.356s][info][gc,phases   ] GC(472) Concurrent Mark Free 0.002ms
[254.372s][info][gc,phases   ] GC(472) Concurrent Process Non-Strong References 15.369ms
[254.372s][info][gc,phases   ] GC(472) Concurrent Reset Relocation Set 0.006ms
[254.375s][info][gc,phases   ] GC(472) Concurrent Select Relocation Set 2.983ms
[254.375s][info][gc,phases   ] GC(472) Pause Relocate Start 0.009ms
[254.376s][info][gc,phases   ] GC(472) Concurrent Relocate 0.833ms
[254.376s][info][gc,load     ] GC(472) Load: 0.00/0.00/0.00
[254.376s][info][gc,mmu      ] GC(472) MMU: 2ms/96.2%, 5ms/98.5%, 10ms/99.0%, 20ms/99.5%, 50ms/99.8%, 100ms/99.9%
[254.376s][info][gc,marking  ] GC(472) Mark: 2 stripe(s), 2 proactive flush(es), 1 terminate flush(es), 0 completion(s), 0 continuation(s) 
[254.376s][info][gc,marking  ] GC(472) Mark Stack Usage: 32M
[254.376s][info][gc,nmethod  ] GC(472) NMethods: 1467 registered, 15 unregistered
[254.376s][info][gc,metaspace] GC(472) Metaspace: 11M used, 11M committed, 1088M reserved
[254.376s][info][gc,ref      ] GC(472) Soft: 197 encountered, 0 discovered, 0 enqueued
[254.376s][info][gc,ref      ] GC(472) Weak: 695 encountered, 44 discovered, 0 enqueued
[254.376s][info][gc,ref      ] GC(472) Final: 0 encountered, 0 discovered, 0 enqueued
[254.376s][info][gc,ref      ] GC(472) Phantom: 36 encountered, 25 discovered, 0 enqueued
[254.376s][info][gc,reloc    ] GC(472) Small Pages: 1358 / 2716M, Empty: 2586M, Relocated: 2M, In-Place: 0
[254.376s][info][gc,reloc    ] GC(472) Medium Pages: 14 / 448M, Empty: 448M, Relocated: 0M, In-Place: 0
[254.376s][info][gc,reloc    ] GC(472) Large Pages: 1 / 6M, Empty: 0M, Relocated: 0M, In-Place: 0
[254.376s][info][gc,reloc    ] GC(472) Forwarding Usage: 0M
[254.376s][info][gc,heap     ] GC(472) Min Capacity: 4096M(100%)
[254.376s][info][gc,heap     ] GC(472) Max Capacity: 4096M(100%)
[254.376s][info][gc,heap     ] GC(472) Soft Max Capacity: 4096M(100%)
[254.376s][info][gc,heap     ] GC(472)                Mark Start          Mark End        Relocate Start      Relocate End           High               Low         
[254.376s][info][gc,heap     ] GC(472)  Capacity:     4096M (100%)       4096M (100%)       4096M (100%)       4096M (100%)       4096M (100%)       4096M (100%)   
[254.376s][info][gc,heap     ] GC(472)      Free:      926M (23%)         634M (15%)        3590M (88%)        3626M (89%)        3626M (89%)         560M (14%)    
[254.376s][info][gc,heap     ] GC(472)      Used:     3170M (77%)        3462M (85%)         506M (12%)         470M (11%)        3536M (86%)         470M (11%)    
[254.376s][info][gc,heap     ] GC(472)      Live:         -                97M (2%)           97M (2%)           97M (2%)             -                  -          
[254.376s][info][gc,heap     ] GC(472) Allocated:         -               292M (7%)          370M (9%)          369M (9%)             -                  -          
[254.376s][info][gc,heap     ] GC(472)   Garbage:         -              3072M (75%)          38M (1%)            2M (0%)             -                  -          
[254.376s][info][gc,heap     ] GC(472) Reclaimed:         -                  -              3034M (74%)        3069M (75%)            -                  -          
[254.376s][info][gc          ] GC(472) Garbage Collection (Allocation Rate) 3170M(77%)->470M(11%)
[254.874s][info][gc,start    ] GC(473) Garbage Collection (Allocation Rate)
[254.875s][info][gc,task     ] GC(473) Using 1 workers
[254.875s][info][gc,phases   ] GC(473) Pause Mark Start 0.020ms
[255.054s][info][gc,phases   ] GC(473) Concurrent Mark 179.083ms
[255.054s][info][gc,phases   ] GC(473) Pause Mark End 0.011ms
[255.054s][info][gc,phases   ] GC(473) Concurrent Mark Free 0.001ms
[255.059s][info][gc,phases   ] GC(473) Concurrent Process Non-Strong References 5.236ms
[255.059s][info][gc,phases   ] GC(473) Concurrent Reset Relocation Set 0.006ms
[255.063s][info][gc,phases   ] GC(473) Concurrent Select Relocation Set 3.721ms
[255.063s][info][gc,phases   ] GC(473) Pause Relocate Start 0.014ms
[255.064s][info][gc,phases   ] GC(473) Concurrent Relocate 0.826ms
[255.064s][info][gc,load     ] GC(473) Load: 0.00/0.00/0.00
[255.064s][info][gc,mmu      ] GC(473) MMU: 2ms/96.2%, 5ms/98.5%, 10ms/99.0%, 20ms/99.5%, 50ms/99.8%, 100ms/99.9%
[255.064s][info][gc,marking  ] GC(473) Mark: 1 stripe(s), 2 proactive flush(es), 1 terminate flush(es), 0 completion(s), 0 continuation(s) 
[255.064s][info][gc,marking  ] GC(473) Mark Stack Usage: 32M
[255.064s][info][gc,nmethod  ] GC(473) NMethods: 1467 registered, 15 unregistered
[255.064s][info][gc,metaspace] GC(473) Metaspace: 11M used, 11M committed, 1088M reserved
[255.064s][info][gc,ref      ] GC(473) Soft: 197 encountered, 0 discovered, 0 enqueued
[255.064s][info][gc,ref      ] GC(473) Weak: 695 encountered, 187 discovered, 0 enqueued
[255.064s][info][gc,ref      ] GC(473) Final: 0 encountered, 0 discovered, 0 enqueued
[255.064s][info][gc,ref      ] GC(473) Phantom: 36 encountered, 21 discovered, 0 enqueued
[255.064s][info][gc,reloc    ] GC(473) Small Pages: 1176 / 2352M, Empty: 2214M, Relocated: 2M, In-Place: 0
[255.064s][info][gc,reloc    ] GC(473) Medium Pages: 12 / 384M, Empty: 384M, Relocated: 0M, In-Place: 0
[255.065s][info][gc,reloc    ] GC(473) Large Pages: 1 / 6M, Empty: 0M, Relocated: 0M, In-Place: 0
[255.065s][info][gc,reloc    ] GC(473) Forwarding Usage: 0M
[255.065s][info][gc,heap     ] GC(473) Min Capacity: 4096M(100%)
[255.065s][info][gc,heap     ] GC(473) Max Capacity: 4096M(100%)
[255.065s][info][gc,heap     ] GC(473) Soft Max Capacity: 4096M(100%)
[255.065s][info][gc,heap     ] GC(473)                Mark Start          Mark End        Relocate Start      Relocate End           High               Low         
[255.065s][info][gc,heap     ] GC(473)  Capacity:     4096M (100%)       4096M (100%)       4096M (100%)       4096M (100%)       4096M (100%)       4096M (100%)   
[255.065s][info][gc,heap     ] GC(473)      Free:     1354M (33%)         614M (15%)        3160M (77%)        3200M (78%)        3200M (78%)         582M (14%)    
[255.065s][info][gc,heap     ] GC(473)      Used:     2742M (67%)        3482M (85%)         936M (23%)         896M (22%)        3514M (86%)         896M (22%)    
[255.065s][info][gc,heap     ] GC(473)      Live:         -                98M (2%)           98M (2%)           98M (2%)             -                  -          
[255.065s][info][gc,heap     ] GC(473) Allocated:         -               740M (18%)         792M (19%)         793M (19%)            -                  -          
[255.065s][info][gc,heap     ] GC(473)   Garbage:         -              2643M (65%)          45M (1%)            3M (0%)             -                  -          
[255.065s][info][gc,heap     ] GC(473) Reclaimed:         -                  -              2598M (63%)        2639M (64%)            -                  -          
[255.065s][info][gc          ] GC(473) Garbage Collection (Allocation Rate) 2742M(67%)->896M(22%)
[255.486s][info][gc,start    ] GC(474) Garbage Collection (Allocation Rate)
[255.486s][info][gc,task     ] GC(474) Using 1 workers
[255.486s][info][gc,phases   ] GC(474) Pause Mark Start 0.010ms
[255.686s][info][gc,phases   ] GC(474) Concurrent Mark 199.754ms
[255.686s][info][gc,phases   ] GC(474) Pause Mark End 0.012ms
[255.686s][info][gc,phases   ] GC(474) Concurrent Mark Free 0.001ms
[255.696s][info][gc,phases   ] GC(474) Concurrent Process Non-Strong References 9.417ms
[255.696s][info][gc,phases   ] GC(474) Concurrent Reset Relocation Set 0.006ms
[255.700s][info][gc,phases   ] GC(474) Concurrent Select Relocation Set 3.583ms
[255.700s][info][gc,phases   ] GC(474) Pause Relocate Start 0.011ms
[255.701s][info][gc,phases   ] GC(474) Concurrent Relocate 1.593ms
[255.701s][info][gc,load     ] GC(474) Load: 0.00/0.00/0.00
[255.701s][info][gc,mmu      ] GC(474) MMU: 2ms/96.2%, 5ms/98.5%, 10ms/99.0%, 20ms/99.5%, 50ms/99.8%, 100ms/99.9%
[255.701s][info][gc,marking  ] GC(474) Mark: 1 stripe(s), 2 proactive flush(es), 1 terminate flush(es), 0 completion(s), 0 continuation(s) 
[255.701s][info][gc,marking  ] GC(474) Mark Stack Usage: 32M
[255.701s][info][gc,nmethod  ] GC(474) NMethods: 1467 registered, 15 unregistered
[255.701s][info][gc,metaspace] GC(474) Metaspace: 11M used, 11M committed, 1088M reserved
[255.701s][info][gc,ref      ] GC(474) Soft: 197 encountered, 0 discovered, 0 enqueued
[255.701s][info][gc,ref      ] GC(474) Weak: 695 encountered, 187 discovered, 0 enqueued
[255.701s][info][gc,ref      ] GC(474) Final: 0 encountered, 0 discovered, 0 enqueued
[255.701s][info][gc,ref      ] GC(474) Phantom: 36 encountered, 21 discovered, 0 enqueued
[255.701s][info][gc,reloc    ] GC(474) Small Pages: 1209 / 2418M, Empty: 2274M, Relocated: 4M, In-Place: 0
[255.701s][info][gc,reloc    ] GC(474) Medium Pages: 12 / 384M, Empty: 384M, Relocated: 0M, In-Place: 0
[255.701s][info][gc,reloc    ] GC(474) Large Pages: 1 / 6M, Empty: 0M, Relocated: 0M, In-Place: 0
[255.701s][info][gc,reloc    ] GC(474) Forwarding Usage: 0M
[255.701s][info][gc,heap     ] GC(474) Min Capacity: 4096M(100%)
[255.701s][info][gc,heap     ] GC(474) Max Capacity: 4096M(100%)
[255.702s][info][gc,heap     ] GC(474) Soft Max Capacity: 4096M(100%)
[255.702s][info][gc,heap     ] GC(474)                Mark Start          Mark End        Relocate Start      Relocate End           High               Low         
[255.702s][info][gc,heap     ] GC(474)  Capacity:     4096M (100%)       4096M (100%)       4096M (100%)       4096M (100%)       4096M (100%)       4096M (100%)   
[255.702s][info][gc,heap     ] GC(474)      Free:     1288M (31%)         474M (12%)        3052M (75%)        3098M (76%)        3098M (76%)         412M (10%)    
[255.702s][info][gc,heap     ] GC(474)      Used:     2808M (69%)        3622M (88%)        1044M (25%)         998M (24%)        3684M (90%)         998M (24%)    
[255.702s][info][gc,heap     ] GC(474)      Live:         -                99M (2%)           99M (2%)           99M (2%)             -                  -          
[255.702s][info][gc,heap     ] GC(474) Allocated:         -               814M (20%)         894M (22%)         895M (22%)            -                  -          
[255.702s][info][gc,heap     ] GC(474)   Garbage:         -              2708M (66%)          50M (1%)            2M (0%)             -                  -          
[255.702s][info][gc,heap     ] GC(474) Reclaimed:         -                  -              2658M (65%)        2705M (66%)            -                  -          
[255.702s][info][gc          ] GC(474) Garbage Collection (Allocation Rate) 2808M(69%)->998M(24%)
[256.083s][info][gc,start    ] GC(475) Garbage Collection (Allocation Rate)
[256.083s][info][gc,task     ] GC(475) Using 1 workers
[256.083s][info][gc,phases   ] GC(475) Pause Mark Start 0.006ms
[256.303s][info][gc,phases   ] GC(475) Concurrent Mark 220.497ms
[256.304s][info][gc,phases   ] GC(475) Pause Mark End 0.016ms
[256.304s][info][gc,phases   ] GC(475) Concurrent Mark Free 0.003ms
[256.307s][info][gc,phases   ] GC(475) Concurrent Process Non-Strong References 3.550ms
[256.307s][info][gc,phases   ] GC(475) Concurrent Reset Relocation Set 0.004ms
[256.310s][info][gc,phases   ] GC(475) Concurrent Select Relocation Set 2.793ms
[256.310s][info][gc,phases   ] GC(475) Pause Relocate Start 0.008ms
[256.311s][info][gc,phases   ] GC(475) Concurrent Relocate 0.416ms
[256.311s][info][gc,load     ] GC(475) Load: 0.00/0.00/0.00
[256.311s][info][gc,mmu      ] GC(475) MMU: 2ms/96.2%, 5ms/98.5%, 10ms/99.0%, 20ms/99.5%, 50ms/99.8%, 100ms/99.9%
[256.311s][info][gc,marking  ] GC(475) Mark: 1 stripe(s), 2 proactive flush(es), 1 terminate flush(es), 0 completion(s), 0 continuation(s) 
[256.311s][info][gc,marking  ] GC(475) Mark Stack Usage: 32M
[256.311s][info][gc,nmethod  ] GC(475) NMethods: 1467 registered, 15 unregistered
[256.311s][info][gc,metaspace] GC(475) Metaspace: 11M used, 11M committed, 1088M reserved
[256.311s][info][gc,ref      ] GC(475) Soft: 197 encountered, 0 discovered, 0 enqueued
[256.311s][info][gc,ref      ] GC(475) Weak: 695 encountered, 187 discovered, 0 enqueued
[256.311s][info][gc,ref      ] GC(475) Final: 0 encountered, 0 discovered, 0 enqueued
[256.311s][info][gc,ref      ] GC(475) Phantom: 36 encountered, 21 discovered, 0 enqueued
[256.311s][info][gc,reloc    ] GC(475) Small Pages: 1175 / 2350M, Empty: 2224M, Relocated: 0M, In-Place: 0
[256.311s][info][gc,reloc    ] GC(475) Medium Pages: 12 / 384M, Empty: 352M, Relocated: 0M, In-Place: 0
[256.311s][info][gc,reloc    ] GC(475) Large Pages: 1 / 6M, Empty: 0M, Relocated: 0M, In-Place: 0
[256.311s][info][gc,reloc    ] GC(475) Forwarding Usage: 0M
[256.311s][info][gc,heap     ] GC(475) Min Capacity: 4096M(100%)
[256.311s][info][gc,heap     ] GC(475) Max Capacity: 4096M(100%)
[256.311s][info][gc,heap     ] GC(475) Soft Max Capacity: 4096M(100%)
[256.311s][info][gc,heap     ] GC(475)                Mark Start          Mark End        Relocate Start      Relocate End           High               Low         
[256.311s][info][gc,heap     ] GC(475)  Capacity:     4096M (100%)       4096M (100%)       4096M (100%)       4096M (100%)       4096M (100%)       4096M (100%)   
[256.311s][info][gc,heap     ] GC(475)      Free:     1356M (33%)         406M (10%)        2944M (72%)        2976M (73%)        2976M (73%)         368M (9%)     
[256.311s][info][gc,heap     ] GC(475)      Used:     2740M (67%)        3690M (90%)        1152M (28%)        1120M (27%)        3728M (91%)        1120M (27%)    
[256.311s][info][gc,heap     ] GC(475)      Live:         -                99M (2%)           99M (2%)           99M (2%)             -                  -          
[256.311s][info][gc,heap     ] GC(475) Allocated:         -               950M (23%)         988M (24%)         989M (24%)            -                  -          
[256.311s][info][gc,heap     ] GC(475)   Garbage:         -              2640M (64%)          64M (2%)           30M (1%)             -                  -          
[256.311s][info][gc,heap     ] GC(475) Reclaimed:         -                  -              2576M (63%)        2609M (64%)            -                  -          
[256.311s][info][gc          ] GC(475) Garbage Collection (Allocation Rate) 2740M(67%)->1120M(27%)
[256.585s][info][gc,start    ] GC(476) Garbage Collection (Allocation Rate)
[256.585s][info][gc,task     ] GC(476) Using 1 workers
[256.585s][info][gc,phases   ] GC(476) Pause Mark Start 0.013ms
[256.728s][info][gc,phases   ] GC(476) Concurrent Mark 143.015ms
[256.728s][info][gc,phases   ] GC(476) Pause Mark End 0.024ms
[256.728s][info][gc,phases   ] GC(476) Concurrent Mark Free 0.001ms
[256.733s][info][gc,phases   ] GC(476) Concurrent Process Non-Strong References 4.369ms
[256.733s][info][gc,phases   ] GC(476) Concurrent Reset Relocation Set 0.004ms
[256.737s][info][gc,phases   ] GC(476) Concurrent Select Relocation Set 3.655ms
[256.737s][info][gc,phases   ] GC(476) Pause Relocate Start 0.011ms
[256.738s][info][gc,phases   ] GC(476) Concurrent Relocate 1.206ms
[256.738s][info][gc,load     ] GC(476) Load: 0.00/0.00/0.00
[256.738s][info][gc,mmu      ] GC(476) MMU: 2ms/96.2%, 5ms/98.5%, 10ms/99.0%, 20ms/99.5%, 50ms/99.8%, 100ms/99.9%
[256.738s][info][gc,marking  ] GC(476) Mark: 1 stripe(s), 2 proactive flush(es), 1 terminate flush(es), 0 completion(s), 0 continuation(s) 
[256.738s][info][gc,marking  ] GC(476) Mark Stack Usage: 32M
[256.738s][info][gc,nmethod  ] GC(476) NMethods: 1467 registered, 15 unregistered
[256.738s][info][gc,metaspace] GC(476) Metaspace: 11M used, 11M committed, 1088M reserved
[256.738s][info][gc,ref      ] GC(476) Soft: 197 encountered, 0 discovered, 0 enqueued
[256.738s][info][gc,ref      ] GC(476) Weak: 695 encountered, 554 discovered, 0 enqueued
[256.738s][info][gc,ref      ] GC(476) Final: 0 encountered, 0 discovered, 0 enqueued
[256.738s][info][gc,ref      ] GC(476) Phantom: 36 encountered, 17 discovered, 0 enqueued
[256.738s][info][gc,reloc    ] GC(476) Small Pages: 995 / 1990M, Empty: 1874M, Relocated: 1M, In-Place: 0
[256.738s][info][gc,reloc    ] GC(476) Medium Pages: 11 / 352M, Empty: 320M, Relocated: 0M, In-Place: 0
[256.738s][info][gc,reloc    ] GC(476) Large Pages: 1 / 6M, Empty: 0M, Relocated: 0M, In-Place: 0
[256.738s][info][gc,reloc    ] GC(476) Forwarding Usage: 0M
[256.738s][info][gc,heap     ] GC(476) Min Capacity: 4096M(100%)
[256.738s][info][gc,heap     ] GC(476) Max Capacity: 4096M(100%)
[256.738s][info][gc,heap     ] GC(476) Soft Max Capacity: 4096M(100%)
[256.738s][info][gc,heap     ] GC(476)                Mark Start          Mark End        Relocate Start      Relocate End           High               Low         
[256.738s][info][gc,heap     ] GC(476)  Capacity:     4096M (100%)       4096M (100%)       4096M (100%)       4096M (100%)       4096M (100%)       4096M (100%)   
[256.738s][info][gc,heap     ] GC(476)      Free:     1748M (43%)        1198M (29%)        3346M (82%)        3370M (82%)        3370M (82%)        1168M (29%)    
[256.738s][info][gc,heap     ] GC(476)      Used:     2348M (57%)        2898M (71%)         750M (18%)         726M (18%)        2928M (71%)         726M (18%)    
[256.739s][info][gc,heap     ] GC(476)      Live:         -               101M (2%)          101M (2%)          101M (2%)             -                  -          
[256.739s][info][gc,heap     ] GC(476) Allocated:         -               550M (13%)         596M (15%)         595M (15%)            -                  -          
[256.739s][info][gc,heap     ] GC(476)   Garbage:         -              2246M (55%)          52M (1%)           28M (1%)             -                  -          
[256.739s][info][gc,heap     ] GC(476) Reclaimed:         -                  -              2194M (54%)        2217M (54%)            -                  -          
[256.739s][info][gc          ] GC(476) Garbage Collection (Allocation Rate) 2348M(57%)->726M(18%)
[256.877s][info][gc,start    ] GC(477) Garbage Collection (System.gc())
[256.877s][info][gc,task     ] GC(477) Using 2 workers
[256.877s][info][gc,phases   ] GC(477) Pause Mark Start 0.007ms
[256.930s][info][gc,phases   ] GC(477) Concurrent Mark 52.419ms
[256.930s][info][gc,phases   ] GC(477) Pause Mark End 0.026ms
[256.930s][info][gc,phases   ] GC(477) Concurrent Mark Free 0.003ms
[256.932s][info][gc,phases   ] GC(477) Concurrent Process Non-Strong References 1.568ms
[256.932s][info][gc,phases   ] GC(477) Concurrent Reset Relocation Set 0.002ms
[256.933s][info][gc,phases   ] GC(477) Concurrent Select Relocation Set 1.367ms
[256.933s][info][gc,phases   ] GC(477) Pause Relocate Start 0.005ms
[256.934s][info][gc,phases   ] GC(477) Concurrent Relocate 0.341ms
[256.934s][info][gc,load     ] GC(477) Load: 0.00/0.00/0.00
[256.934s][info][gc,mmu      ] GC(477) MMU: 2ms/96.2%, 5ms/98.5%, 10ms/99.0%, 20ms/99.5%, 50ms/99.8%, 100ms/99.9%
[256.934s][info][gc,marking  ] GC(477) Mark: 2 stripe(s), 1 proactive flush(es), 1 terminate flush(es), 0 completion(s), 0 continuation(s) 
[256.934s][info][gc,marking  ] GC(477) Mark Stack Usage: 32M
[256.934s][info][gc,nmethod  ] GC(477) NMethods: 1467 registered, 15 unregistered
[256.934s][info][gc,metaspace] GC(477) Metaspace: 11M used, 11M committed, 1088M reserved
[256.934s][info][gc,ref      ] GC(477) Soft: 197 encountered, 0 discovered, 0 enqueued
[256.934s][info][gc,ref      ] GC(477) Weak: 695 encountered, 124 discovered, 0 enqueued
[256.934s][info][gc,ref      ] GC(477) Final: 0 encountered, 0 discovered, 0 enqueued
[256.934s][info][gc,ref      ] GC(477) Phantom: 36 encountered, 15 discovered, 0 enqueued
[256.934s][info][gc,reloc    ] GC(477) Small Pages: 545 / 1090M, Empty: 994M, Relocated: 0M, In-Place: 0
[256.934s][info][gc,reloc    ] GC(477) Medium Pages: 7 / 224M, Empty: 224M, Relocated: 0M, In-Place: 0
[256.934s][info][gc,reloc    ] GC(477) Large Pages: 1 / 6M, Empty: 0M, Relocated: 0M, In-Place: 0
[256.934s][info][gc,reloc    ] GC(477) Forwarding Usage: 0M
[256.934s][info][gc,heap     ] GC(477) Min Capacity: 4096M(100%)
[256.934s][info][gc,heap     ] GC(477) Max Capacity: 4096M(100%)
[256.934s][info][gc,heap     ] GC(477) Soft Max Capacity: 4096M(100%)
[256.934s][info][gc,heap     ] GC(477)                Mark Start          Mark End        Relocate Start      Relocate End           High               Low         
[256.934s][info][gc,heap     ] GC(477)  Capacity:     4096M (100%)       4096M (100%)       4096M (100%)       4096M (100%)       4096M (100%)       4096M (100%)   
[256.934s][info][gc,heap     ] GC(477)      Free:     2776M (68%)        2776M (68%)        3994M (98%)        3996M (98%)        3996M (98%)        2776M (68%)    
[256.934s][info][gc,heap     ] GC(477)      Used:     1320M (32%)        1320M (32%)         102M (2%)          100M (2%)         1320M (32%)         100M (2%)     
[256.934s][info][gc,heap     ] GC(477)      Live:         -                95M (2%)           95M (2%)           95M (2%)             -                  -          
[256.934s][info][gc,heap     ] GC(477) Allocated:         -                 0M (0%)            0M (0%)            0M (0%)             -                  -          
[256.934s][info][gc,heap     ] GC(477)   Garbage:         -              1224M (30%)           6M (0%)            4M (0%)             -                  -          
[256.934s][info][gc,heap     ] GC(477) Reclaimed:         -                  -              1218M (30%)        1220M (30%)            -                  -          
[256.934s][info][gc          ] GC(477) Garbage Collection (System.gc()) 1320M(32%)->100M(2%)
[257.479s][info][gc,start    ] GC(478) Garbage Collection (Allocation Rate)
[257.480s][info][gc,task     ] GC(478) Using 1 workers
[257.480s][info][gc,phases   ] GC(478) Pause Mark Start 0.008ms
[257.637s][info][gc,phases   ] GC(478) Concurrent Mark 156.868ms
[257.637s][info][gc,phases   ] GC(478) Pause Mark End 0.015ms
[257.637s][info][gc,phases   ] GC(478) Concurrent Mark Free 0.002ms
[257.640s][info][gc,phases   ] GC(478) Concurrent Process Non-Strong References 3.279ms
[257.640s][info][gc,phases   ] GC(478) Concurrent Reset Relocation Set 0.001ms
[257.642s][info][gc,phases   ] GC(478) Concurrent Select Relocation Set 1.996ms
[257.642s][info][gc,phases   ] GC(478) Pause Relocate Start 0.009ms
[257.644s][info][gc,phases   ] GC(478) Concurrent Relocate 1.421ms
[257.644s][info][gc,load     ] GC(478) Load: 0.00/0.00/0.00
[257.644s][info][gc,mmu      ] GC(478) MMU: 2ms/96.2%, 5ms/98.5%, 10ms/99.0%, 20ms/99.5%, 50ms/99.8%, 100ms/99.9%
[257.644s][info][gc,marking  ] GC(478) Mark: 1 stripe(s), 2 proactive flush(es), 1 terminate flush(es), 0 completion(s), 0 continuation(s) 
[257.644s][info][gc,marking  ] GC(478) Mark Stack Usage: 32M
[257.644s][info][gc,nmethod  ] GC(478) NMethods: 1467 registered, 15 unregistered
[257.644s][info][gc,metaspace] GC(478) Metaspace: 11M used, 11M committed, 1088M reserved
[257.644s][info][gc,ref      ] GC(478) Soft: 197 encountered, 0 discovered, 0 enqueued
[257.644s][info][gc,ref      ] GC(478) Weak: 695 encountered, 187 discovered, 0 enqueued
[257.644s][info][gc,ref      ] GC(478) Final: 0 encountered, 0 discovered, 0 enqueued
[257.644s][info][gc,ref      ] GC(478) Phantom: 36 encountered, 21 discovered, 0 enqueued
[257.644s][info][gc,reloc    ] GC(478) Small Pages: 1136 / 2272M, Empty: 2144M, Relocated: 2M, In-Place: 0
[257.644s][info][gc,reloc    ] GC(478) Medium Pages: 11 / 352M, Empty: 352M, Relocated: 0M, In-Place: 0
[257.644s][info][gc,reloc    ] GC(478) Large Pages: 1 / 6M, Empty: 0M, Relocated: 0M, In-Place: 0
[257.644s][info][gc,reloc    ] GC(478) Forwarding Usage: 0M
[257.644s][info][gc,heap     ] GC(478) Min Capacity: 4096M(100%)
[257.644s][info][gc,heap     ] GC(478) Max Capacity: 4096M(100%)
[257.644s][info][gc,heap     ] GC(478) Soft Max Capacity: 4096M(100%)
[257.644s][info][gc,heap     ] GC(478)                Mark Start          Mark End        Relocate Start      Relocate End           High               Low         
[257.644s][info][gc,heap     ] GC(478)  Capacity:     4096M (100%)       4096M (100%)       4096M (100%)       4096M (100%)       4096M (100%)       4096M (100%)   
[257.644s][info][gc,heap     ] GC(478)      Free:     1466M (36%)         816M (20%)        3312M (81%)        3338M (81%)        3344M (82%)         816M (20%)    
[257.644s][info][gc,heap     ] GC(478)      Used:     2630M (64%)        3280M (80%)         784M (19%)         758M (19%)        3280M (80%)         752M (18%)    
[257.644s][info][gc,heap     ] GC(478)      Live:         -                97M (2%)           97M (2%)           97M (2%)             -                  -          
[257.644s][info][gc,heap     ] GC(478) Allocated:         -               650M (16%)         650M (16%)         657M (16%)            -                  -          
[257.644s][info][gc,heap     ] GC(478)   Garbage:         -              2532M (62%)          36M (1%)            2M (0%)             -                  -          
[257.644s][info][gc,heap     ] GC(478) Reclaimed:         -                  -              2496M (61%)        2529M (62%)            -                  -          
[257.644s][info][gc          ] GC(478) Garbage Collection (Allocation Rate) 2630M(64%)->758M(19%)
[258.076s][info][gc,start    ] GC(479) Garbage Collection (Allocation Rate)
[258.076s][info][gc,task     ] GC(479) Using 1 workers
[258.076s][info][gc,phases   ] GC(479) Pause Mark Start 0.015ms
[258.217s][info][gc,phases   ] GC(479) Concurrent Mark 140.922ms
[258.217s][info][gc,phases   ] GC(479) Pause Mark End 0.023ms
[258.218s][info][gc,phases   ] GC(479) Concurrent Mark Free 0.002ms
[258.223s][info][gc,phases   ] GC(479) Concurrent Process Non-Strong References 5.485ms
[258.223s][info][gc,phases   ] GC(479) Concurrent Reset Relocation Set 0.006ms
[258.227s][info][gc,phases   ] GC(479) Concurrent Select Relocation Set 4.045ms
[258.227s][info][gc,phases   ] GC(479) Pause Relocate Start 0.010ms
[258.229s][info][gc,phases   ] GC(479) Concurrent Relocate 1.295ms
[258.229s][info][gc,load     ] GC(479) Load: 0.00/0.00/0.00
[258.229s][info][gc,mmu      ] GC(479) MMU: 2ms/96.2%, 5ms/98.5%, 10ms/99.0%, 20ms/99.5%, 50ms/99.8%, 100ms/99.9%
[258.229s][info][gc,marking  ] GC(479) Mark: 1 stripe(s), 2 proactive flush(es), 1 terminate flush(es), 0 completion(s), 0 continuation(s) 
[258.229s][info][gc,marking  ] GC(479) Mark Stack Usage: 32M
[258.229s][info][gc,nmethod  ] GC(479) NMethods: 1467 registered, 15 unregistered
[258.229s][info][gc,metaspace] GC(479) Metaspace: 11M used, 11M committed, 1088M reserved
[258.229s][info][gc,ref      ] GC(479) Soft: 197 encountered, 0 discovered, 0 enqueued
[258.229s][info][gc,ref      ] GC(479) Weak: 695 encountered, 554 discovered, 0 enqueued
[258.229s][info][gc,ref      ] GC(479) Final: 0 encountered, 0 discovered, 0 enqueued
[258.229s][info][gc,ref      ] GC(479) Phantom: 36 encountered, 17 discovered, 0 enqueued
[258.229s][info][gc,reloc    ] GC(479) Small Pages: 1191 / 2382M, Empty: 2248M, Relocated: 1M, In-Place: 0
[258.229s][info][gc,reloc    ] GC(479) Medium Pages: 12 / 384M, Empty: 384M, Relocated: 0M, In-Place: 0
[258.229s][info][gc,reloc    ] GC(479) Large Pages: 1 / 6M, Empty: 0M, Relocated: 0M, In-Place: 0
[258.229s][info][gc,reloc    ] GC(479) Forwarding Usage: 0M
[258.229s][info][gc,heap     ] GC(479) Min Capacity: 4096M(100%)
[258.229s][info][gc,heap     ] GC(479) Max Capacity: 4096M(100%)
[258.229s][info][gc,heap     ] GC(479) Soft Max Capacity: 4096M(100%)
[258.229s][info][gc,heap     ] GC(479)                Mark Start          Mark End        Relocate Start      Relocate End           High               Low         
[258.229s][info][gc,heap     ] GC(479)  Capacity:     4096M (100%)       4096M (100%)       4096M (100%)       4096M (100%)       4096M (100%)       4096M (100%)   
[258.229s][info][gc,heap     ] GC(479)      Free:     1324M (32%)         720M (18%)        3286M (80%)        3326M (81%)        3326M (81%)         682M (17%)    
[258.229s][info][gc,heap     ] GC(479)      Used:     2772M (68%)        3376M (82%)         810M (20%)         770M (19%)        3414M (83%)         770M (19%)    
[258.229s][info][gc,heap     ] GC(479)      Live:         -                96M (2%)           96M (2%)           96M (2%)             -                  -          
[258.229s][info][gc,heap     ] GC(479) Allocated:         -               604M (15%)         670M (16%)         671M (16%)            -                  -          
[258.229s][info][gc,heap     ] GC(479)   Garbage:         -              2675M (65%)          43M (1%)            1M (0%)             -                  -          
[258.229s][info][gc,heap     ] GC(479) Reclaimed:         -                  -              2632M (64%)        2673M (65%)            -                  -          
[258.229s][info][gc          ] GC(479) Garbage Collection (Allocation Rate) 2772M(68%)->770M(19%)
[258.688s][info][gc,start    ] GC(480) Garbage Collection (Allocation Rate)
[258.688s][info][gc,task     ] GC(480) Using 1 workers
[258.688s][info][gc,phases   ] GC(480) Pause Mark Start 0.013ms
[258.826s][info][gc,phases   ] GC(480) Concurrent Mark 137.970ms
[258.826s][info][gc,phases   ] GC(480) Pause Mark End 0.012ms
[258.826s][info][gc,phases   ] GC(480) Concurrent Mark Free 0.001ms
[258.836s][info][gc,phases   ] GC(480) Concurrent Process Non-Strong References 9.706ms
[258.836s][info][gc,phases   ] GC(480) Concurrent Reset Relocation Set 0.006ms
[258.840s][info][gc,phases   ] GC(480) Concurrent Select Relocation Set 3.708ms
[258.840s][info][gc,phases   ] GC(480) Pause Relocate Start 0.022ms
[258.842s][info][gc,phases   ] GC(480) Concurrent Relocate 1.565ms
[258.842s][info][gc,load     ] GC(480) Load: 0.00/0.00/0.00
[258.842s][info][gc,mmu      ] GC(480) MMU: 2ms/96.2%, 5ms/98.5%, 10ms/99.0%, 20ms/99.5%, 50ms/99.8%, 100ms/99.9%
[258.842s][info][gc,marking  ] GC(480) Mark: 1 stripe(s), 2 proactive flush(es), 1 terminate flush(es), 0 completion(s), 0 continuation(s) 
[258.842s][info][gc,marking  ] GC(480) Mark Stack Usage: 32M
[258.842s][info][gc,nmethod  ] GC(480) NMethods: 1467 registered, 15 unregistered
[258.842s][info][gc,metaspace] GC(480) Metaspace: 11M used, 11M committed, 1088M reserved
[258.842s][info][gc,ref      ] GC(480) Soft: 197 encountered, 0 discovered, 0 enqueued
[258.842s][info][gc,ref      ] GC(480) Weak: 695 encountered, 554 discovered, 0 enqueued
[258.842s][info][gc,ref      ] GC(480) Final: 0 encountered, 0 discovered, 0 enqueued
[258.842s][info][gc,ref      ] GC(480) Phantom: 36 encountered, 17 discovered, 0 enqueued
[258.842s][info][gc,reloc    ] GC(480) Small Pages: 1234 / 2468M, Empty: 2324M, Relocated: 4M, In-Place: 0
[258.842s][info][gc,reloc    ] GC(480) Medium Pages: 12 / 384M, Empty: 352M, Relocated: 0M, In-Place: 0
[258.842s][info][gc,reloc    ] GC(480) Large Pages: 1 / 6M, Empty: 0M, Relocated: 0M, In-Place: 0
[258.842s][info][gc,reloc    ] GC(480) Forwarding Usage: 0M
[258.842s][info][gc,heap     ] GC(480) Min Capacity: 4096M(100%)
[258.842s][info][gc,heap     ] GC(480) Max Capacity: 4096M(100%)
[258.842s][info][gc,heap     ] GC(480) Soft Max Capacity: 4096M(100%)
[258.842s][info][gc,heap     ] GC(480)                Mark Start          Mark End        Relocate Start      Relocate End           High               Low         
[258.842s][info][gc,heap     ] GC(480)  Capacity:     4096M (100%)       4096M (100%)       4096M (100%)       4096M (100%)       4096M (100%)       4096M (100%)   
[258.842s][info][gc,heap     ] GC(480)      Free:     1238M (30%)         712M (17%)        3308M (81%)        3354M (82%)        3354M (82%)         652M (16%)    
[258.842s][info][gc,heap     ] GC(480)      Used:     2858M (70%)        3384M (83%)         788M (19%)         742M (18%)        3444M (84%)         742M (18%)    
[258.842s][info][gc,heap     ] GC(480)      Live:         -               100M (2%)          100M (2%)          100M (2%)             -                  -          
[258.842s][info][gc,heap     ] GC(480) Allocated:         -               526M (13%)         606M (15%)         607M (15%)            -                  -          
[258.842s][info][gc,heap     ] GC(480)   Garbage:         -              2757M (67%)          81M (2%)           33M (1%)             -                  -          
[258.842s][info][gc,heap     ] GC(480) Reclaimed:         -                  -              2676M (65%)        2723M (67%)            -                  -          
[258.842s][info][gc          ] GC(480) Garbage Collection (Allocation Rate) 2858M(70%)->742M(18%)
[259.284s][info][gc,start    ] GC(481) Garbage Collection (Allocation Rate)
[259.284s][info][gc,task     ] GC(481) Using 1 workers
[259.284s][info][gc,phases   ] GC(481) Pause Mark Start 0.010ms
[259.506s][info][gc,phases   ] GC(481) Concurrent Mark 221.578ms
[259.506s][info][gc,phases   ] GC(481) Pause Mark End 0.026ms
[259.506s][info][gc,phases   ] GC(481) Concurrent Mark Free 0.002ms
[259.511s][info][gc,phases   ] GC(481) Concurrent Process Non-Strong References 4.259ms
[259.511s][info][gc,phases   ] GC(481) Concurrent Reset Relocation Set 0.008ms
[259.515s][info][gc,phases   ] GC(481) Concurrent Select Relocation Set 4.082ms
[259.515s][info][gc,phases   ] GC(481) Pause Relocate Start 0.014ms
[259.516s][info][gc,phases   ] GC(481) Concurrent Relocate 0.492ms
[259.516s][info][gc,load     ] GC(481) Load: 0.00/0.00/0.00
[259.516s][info][gc,mmu      ] GC(481) MMU: 2ms/96.2%, 5ms/98.5%, 10ms/99.0%, 20ms/99.5%, 50ms/99.8%, 100ms/99.9%
[259.516s][info][gc,marking  ] GC(481) Mark: 1 stripe(s), 2 proactive flush(es), 1 terminate flush(es), 0 completion(s), 0 continuation(s) 
[259.516s][info][gc,marking  ] GC(481) Mark Stack Usage: 32M
[259.516s][info][gc,nmethod  ] GC(481) NMethods: 1469 registered, 15 unregistered
[259.516s][info][gc,metaspace] GC(481) Metaspace: 11M used, 11M committed, 1088M reserved
[259.516s][info][gc,ref      ] GC(481) Soft: 197 encountered, 0 discovered, 0 enqueued
[259.516s][info][gc,ref      ] GC(481) Weak: 695 encountered, 187 discovered, 0 enqueued
[259.516s][info][gc,ref      ] GC(481) Final: 0 encountered, 0 discovered, 0 enqueued
[259.516s][info][gc,ref      ] GC(481) Phantom: 36 encountered, 21 discovered, 0 enqueued
[259.516s][info][gc,reloc    ] GC(481) Small Pages: 1170 / 2340M, Empty: 2212M, Relocated: 0M, In-Place: 0
[259.516s][info][gc,reloc    ] GC(481) Medium Pages: 13 / 416M, Empty: 384M, Relocated: 0M, In-Place: 0
[259.516s][info][gc,reloc    ] GC(481) Large Pages: 1 / 6M, Empty: 0M, Relocated: 0M, In-Place: 0
[259.516s][info][gc,reloc    ] GC(481) Forwarding Usage: 0M
[259.516s][info][gc,heap     ] GC(481) Min Capacity: 4096M(100%)
[259.516s][info][gc,heap     ] GC(481) Max Capacity: 4096M(100%)
[259.516s][info][gc,heap     ] GC(481) Soft Max Capacity: 4096M(100%)
[259.516s][info][gc,heap     ] GC(481)                Mark Start          Mark End        Relocate Start      Relocate End           High               Low         
[259.516s][info][gc,heap     ] GC(481)  Capacity:     4096M (100%)       4096M (100%)       4096M (100%)       4096M (100%)       4096M (100%)       4096M (100%)   
[259.516s][info][gc,heap     ] GC(481)      Free:     1334M (33%)         426M (10%)        2972M (73%)        3008M (73%)        3008M (73%)         396M (10%)    
[259.516s][info][gc,heap     ] GC(481)      Used:     2762M (67%)        3670M (90%)        1124M (27%)        1088M (27%)        3700M (90%)        1088M (27%)    
[259.516s][info][gc,heap     ] GC(481)      Live:         -                99M (2%)           99M (2%)           99M (2%)             -                  -          
[259.516s][info][gc,heap     ] GC(481) Allocated:         -               908M (22%)         958M (23%)         957M (23%)            -                  -          
[259.516s][info][gc,heap     ] GC(481)   Garbage:         -              2662M (65%)          66M (2%)           30M (1%)             -                  -          
[259.516s][info][gc,heap     ] GC(481) Reclaimed:         -                  -              2596M (63%)        2631M (64%)            -                  -          
[259.516s][info][gc          ] GC(481) Garbage Collection (Allocation Rate) 2762M(67%)->1088M(27%)
[259.787s][info][gc,start    ] GC(482) Garbage Collection (Allocation Rate)
[259.787s][info][gc,task     ] GC(482) Using 1 workers
[259.787s][info][gc,phases   ] GC(482) Pause Mark Start 0.010ms
[259.926s][info][gc,phases   ] GC(482) Concurrent Mark 138.682ms
[259.926s][info][gc,phases   ] GC(482) Pause Mark End 0.013ms
[259.926s][info][gc,phases   ] GC(482) Concurrent Mark Free 0.001ms
[259.935s][info][gc,phases   ] GC(482) Concurrent Process Non-Strong References 9.393ms
[259.935s][info][gc,phases   ] GC(482) Concurrent Reset Relocation Set 0.006ms
[259.939s][info][gc,phases   ] GC(482) Concurrent Select Relocation Set 3.628ms
[259.939s][info][gc,phases   ] GC(482) Pause Relocate Start 0.011ms
[259.940s][info][gc,phases   ] GC(482) Concurrent Relocate 0.772ms
[259.940s][info][gc,load     ] GC(482) Load: 0.00/0.00/0.00
[259.940s][info][gc,mmu      ] GC(482) MMU: 2ms/96.2%, 5ms/98.5%, 10ms/99.0%, 20ms/99.5%, 50ms/99.8%, 100ms/99.9%
[259.940s][info][gc,marking  ] GC(482) Mark: 1 stripe(s), 2 proactive flush(es), 1 terminate flush(es), 0 completion(s), 0 continuation(s) 
[259.940s][info][gc,marking  ] GC(482) Mark Stack Usage: 32M
[259.940s][info][gc,nmethod  ] GC(482) NMethods: 1469 registered, 15 unregistered
[259.940s][info][gc,metaspace] GC(482) Metaspace: 11M used, 11M committed, 1088M reserved
[259.940s][info][gc,ref      ] GC(482) Soft: 197 encountered, 0 discovered, 0 enqueued
[259.940s][info][gc,ref      ] GC(482) Weak: 695 encountered, 554 discovered, 0 enqueued
[259.940s][info][gc,ref      ] GC(482) Final: 0 encountered, 0 discovered, 0 enqueued
[259.940s][info][gc,ref      ] GC(482) Phantom: 36 encountered, 17 discovered, 0 enqueued
[259.940s][info][gc,reloc    ] GC(482) Small Pages: 993 / 1986M, Empty: 1860M, Relocated: 3M, In-Place: 0
[259.940s][info][gc,reloc    ] GC(482) Medium Pages: 11 / 352M, Empty: 320M, Relocated: 0M, In-Place: 0
[259.940s][info][gc,reloc    ] GC(482) Large Pages: 1 / 6M, Empty: 0M, Relocated: 0M, In-Place: 0
[259.940s][info][gc,reloc    ] GC(482) Forwarding Usage: 0M
[259.940s][info][gc,heap     ] GC(482) Min Capacity: 4096M(100%)
[259.940s][info][gc,heap     ] GC(482) Max Capacity: 4096M(100%)
[259.940s][info][gc,heap     ] GC(482) Soft Max Capacity: 4096M(100%)
[259.940s][info][gc,heap     ] GC(482)                Mark Start          Mark End        Relocate Start      Relocate End           High               Low         
[259.940s][info][gc,heap     ] GC(482)  Capacity:     4096M (100%)       4096M (100%)       4096M (100%)       4096M (100%)       4096M (100%)       4096M (100%)   
[259.940s][info][gc,heap     ] GC(482)      Free:     1752M (43%)        1232M (30%)        3332M (81%)        3360M (82%)        3360M (82%)        1172M (29%)    
[259.940s][info][gc,heap     ] GC(482)      Used:     2344M (57%)        2864M (70%)         764M (19%)         736M (18%)        2924M (71%)         736M (18%)    
[259.940s][info][gc,heap     ] GC(482)      Live:         -               100M (2%)          100M (2%)          100M (2%)             -                  -          
[259.940s][info][gc,heap     ] GC(482) Allocated:         -               520M (13%)         600M (15%)         601M (15%)            -                  -          
[259.940s][info][gc,heap     ] GC(482)   Garbage:         -              2243M (55%)          63M (2%)           33M (1%)             -                  -          
[259.940s][info][gc,heap     ] GC(482) Reclaimed:         -                  -              2180M (53%)        2209M (54%)            -                  -          
[259.940s][info][gc          ] GC(482) Garbage Collection (Allocation Rate) 2344M(57%)->736M(18%)
[260.180s][info][gc,stats    ] === Garbage Collection Statistics =======================================================================================================================
[260.180s][info][gc,stats    ]                                                              Last 10s              Last 10m              Last 10h                Total
[260.180s][info][gc,stats    ]                                                              Avg / Max             Avg / Max             Avg / Max             Avg / Max
[260.180s][info][gc,stats    ]   Collector: Garbage Collection Cycle                    153.994 / 252.494     162.060 / 259.019     162.060 / 259.019     162.060 / 259.019     ms
[260.180s][info][gc,stats    ]  Contention: Mark Segment Reset Contention                     0 / 0                 0 / 2                 0 / 2                 0 / 2           ops/s
[260.180s][info][gc,stats    ]  Contention: Mark SeqNum Reset Contention                      0 / 0                 0 / 2                 0 / 2                 0 / 2           ops/s
[260.180s][info][gc,stats    ]    Critical: Allocation Stall                                  0 / 0                 0 / 0                 0 / 0                 0 / 0           ops/s
[260.180s][info][gc,stats    ]    Critical: Allocation Stall                              0.000 / 0.000         0.000 / 0.000         0.000 / 0.000         0.000 / 0.000       ms
[260.180s][info][gc,stats    ]    Critical: GC Locker Stall                                   0 / 0                 0 / 0                 0 / 0                 0 / 0           ops/s
[260.180s][info][gc,stats    ]    Critical: GC Locker Stall                               0.000 / 0.000         0.000 / 0.000         0.000 / 0.000         0.000 / 0.000       ms
[260.180s][info][gc,stats    ]    Critical: Relocation Stall                                  0 / 0                 0 / 0                 0 / 0                 0 / 0           ops/s
[260.180s][info][gc,stats    ]    Critical: Relocation Stall                              0.000 / 0.000         0.000 / 0.000         0.000 / 0.000         0.000 / 0.000       ms
[260.180s][info][gc,stats    ]      Memory: Allocation Rate                                4383 / 4528           4303 / 4606           4303 / 4606           4303 / 4606        MB/s
[260.180s][info][gc,stats    ]      Memory: Defragment                                        0 / 0                 0 / 0                 0 / 0                 0 / 0           ops/s
[260.180s][info][gc,stats    ]      Memory: Out Of Memory                                     0 / 0                 0 / 0                 0 / 0                 0 / 0           ops/s
[260.180s][info][gc,stats    ]      Memory: Page Cache Flush                                  0 / 0                 0 / 0                 0 / 0                 0 / 0           MB/s
[260.180s][info][gc,stats    ]      Memory: Page Cache Hit L1                              1896 / 1966           1855 / 2004           1855 / 2004           1855 / 2004        ops/s
[260.180s][info][gc,stats    ]      Memory: Page Cache Hit L2                                 0 / 0                 0 / 0                 0 / 0                 0 / 0           ops/s
[260.180s][info][gc,stats    ]      Memory: Page Cache Hit L3                                 0 / 0                 6 / 437               6 / 437               6 / 437         ops/s
[260.180s][info][gc,stats    ]      Memory: Page Cache Miss                                   0 / 0                 0 / 1                 0 / 1                 0 / 1           ops/s
[260.180s][info][gc,stats    ]      Memory: Uncommit                                          0 / 0                 0 / 0                 0 / 0                 0 / 0           MB/s
[260.180s][info][gc,stats    ]      Memory: Undo Object Allocation Failed                     0 / 0                 0 / 1                 0 / 1                 0 / 1           ops/s
[260.180s][info][gc,stats    ]      Memory: Undo Object Allocation Succeeded                 34 / 222              16 / 1067             16 / 1067             16 / 1067        ops/s
[260.180s][info][gc,stats    ]      Memory: Undo Page Allocation                              1 / 4                 2 / 7                 2 / 7                 2 / 7           ops/s
[260.180s][info][gc,stats    ]       Phase: Concurrent Mark                             141.339 / 236.925     151.120 / 251.310     151.120 / 251.310     151.120 / 251.310     ms
[260.180s][info][gc,stats    ]       Phase: Concurrent Mark Continue                      0.000 / 0.000         0.000 / 0.000         0.000 / 0.000         0.000 / 0.000       ms
[260.180s][info][gc,stats    ]       Phase: Concurrent Mark Free                          0.001 / 0.003         0.002 / 0.005         0.002 / 0.005         0.002 / 0.005       ms
[260.180s][info][gc,stats    ]       Phase: Concurrent Process Non-Strong References      7.407 / 17.354        5.240 / 24.469        5.240 / 24.469        5.240 / 24.469      ms
[260.180s][info][gc,stats    ]       Phase: Concurrent Relocate                           0.947 / 1.825         1.682 / 57.532        1.682 / 57.532        1.682 / 57.532      ms
[260.180s][info][gc,stats    ]       Phase: Concurrent Reset Relocation Set               0.005 / 0.008         0.004 / 0.026         0.004 / 0.026         0.004 / 0.026       ms
[260.180s][info][gc,stats    ]       Phase: Concurrent Select Relocation Set              3.303 / 4.196         3.008 / 13.885        3.008 / 13.885        3.008 / 13.885      ms
[260.180s][info][gc,stats    ]       Phase: Pause Mark End                                0.017 / 0.026         0.018 / 0.047         0.018 / 0.047         0.018 / 0.047       ms
[260.180s][info][gc,stats    ]       Phase: Pause Mark Start                              0.011 / 0.020         0.010 / 0.027         0.010 / 0.027         0.010 / 0.027       ms
[260.180s][info][gc,stats    ]       Phase: Pause Relocate Start                          0.012 / 0.024         0.012 / 0.077         0.012 / 0.077         0.012 / 0.077       ms
[260.180s][info][gc,stats    ]    Subphase: Concurrent Classes Purge                      0.015 / 0.024         0.015 / 0.208         0.015 / 0.208         0.015 / 0.208       ms
[260.180s][info][gc,stats    ]    Subphase: Concurrent Classes Unlink                     2.825 / 3.868         2.792 / 4.715         2.792 / 4.715         2.792 / 4.715       ms
[260.180s][info][gc,stats    ]    Subphase: Concurrent Mark                             121.208 / 235.639     136.262 / 250.559     136.262 / 250.559     136.262 / 250.559     ms
[260.180s][info][gc,stats    ]    Subphase: Concurrent Mark Try Flush                     1.213 / 14.007        0.800 / 27.025        0.800 / 27.025        0.800 / 27.025      ms
[260.180s][info][gc,stats    ]    Subphase: Concurrent Mark Try Terminate                 1.550 / 14.013        1.143 / 17.378        1.143 / 17.378        1.143 / 17.378      ms
[260.180s][info][gc,stats    ]    Subphase: Concurrent References Enqueue                 0.001 / 0.002         0.001 / 0.015         0.001 / 0.015         0.001 / 0.015       ms
[260.180s][info][gc,stats    ]    Subphase: Concurrent References Process                 0.073 / 0.139         0.085 / 0.535         0.085 / 0.535         0.085 / 0.535       ms
[260.180s][info][gc,stats    ]    Subphase: Concurrent Roots ClassLoaderDataGraph         0.060 / 0.114         0.070 / 0.272         0.070 / 0.272         0.070 / 0.272       ms
[260.180s][info][gc,stats    ]    Subphase: Concurrent Roots CodeCache                    0.000 / 0.000         0.000 / 0.000         0.000 / 0.000         0.000 / 0.000       ms
[260.180s][info][gc,stats    ]    Subphase: Concurrent Roots JavaThreads                  0.491 / 1.040         0.633 / 8.931         0.633 / 8.931         0.633 / 8.931       ms
[260.180s][info][gc,stats    ]    Subphase: Concurrent Roots OopStorageSet                0.024 / 0.059         0.028 / 0.099         0.028 / 0.099         0.028 / 0.099       ms
[260.180s][info][gc,stats    ]    Subphase: Concurrent Weak Roots OopStorageSet           0.156 / 0.222         0.187 / 0.369         0.187 / 0.369         0.187 / 0.369       ms
[260.180s][info][gc,stats    ]    Subphase: Pause Mark Try Complete                       0.000 / 0.000         0.000 / 0.000         0.000 / 0.000         0.000 / 0.000       ms
[260.180s][info][gc,stats    ]      System: Java Threads                                     25 / 25               23 / 25               23 / 25               23 / 25          threads
[260.180s][info][gc,stats    ] =========================================================================================================================================================
[260.274s][info][gc,start    ] GC(483) Garbage Collection (Allocation Rate)
[260.274s][info][gc,task     ] GC(483) Using 1 workers
[260.274s][info][gc,phases   ] GC(483) Pause Mark Start 0.013ms
[260.419s][info][gc,phases   ] GC(483) Concurrent Mark 144.988ms
[260.420s][info][gc,phases   ] GC(483) Pause Mark End 0.031ms
[260.420s][info][gc,phases   ] GC(483) Concurrent Mark Free 0.002ms
[260.424s][info][gc,phases   ] GC(483) Concurrent Process Non-Strong References 4.136ms
[260.424s][info][gc,phases   ] GC(483) Concurrent Reset Relocation Set 0.003ms
[260.427s][info][gc,phases   ] GC(483) Concurrent Select Relocation Set 2.621ms
[260.427s][info][gc,phases   ] GC(483) Pause Relocate Start 0.012ms
[260.428s][info][gc,phases   ] GC(483) Concurrent Relocate 1.521ms
[260.428s][info][gc,load     ] GC(483) Load: 0.00/0.00/0.00
[260.428s][info][gc,mmu      ] GC(483) MMU: 2ms/96.2%, 5ms/98.5%, 10ms/99.0%, 20ms/99.5%, 50ms/99.8%, 100ms/99.9%
[260.428s][info][gc,marking  ] GC(483) Mark: 1 stripe(s), 2 proactive flush(es), 1 terminate flush(es), 0 completion(s), 0 continuation(s) 
[260.428s][info][gc,marking  ] GC(483) Mark Stack Usage: 32M
[260.428s][info][gc,nmethod  ] GC(483) NMethods: 1469 registered, 15 unregistered
[260.428s][info][gc,metaspace] GC(483) Metaspace: 11M used, 11M committed, 1088M reserved
[260.428s][info][gc,ref      ] GC(483) Soft: 197 encountered, 0 discovered, 0 enqueued
[260.428s][info][gc,ref      ] GC(483) Weak: 695 encountered, 554 discovered, 0 enqueued
[260.428s][info][gc,ref      ] GC(483) Final: 0 encountered, 0 discovered, 0 enqueued
[260.428s][info][gc,ref      ] GC(483) Phantom: 36 encountered, 17 discovered, 0 enqueued
[260.428s][info][gc,reloc    ] GC(483) Small Pages: 959 / 1918M, Empty: 1788M, Relocated: 3M, In-Place: 0
[260.428s][info][gc,reloc    ] GC(483) Medium Pages: 11 / 352M, Empty: 288M, Relocated: 1M, In-Place: 0
[260.428s][info][gc,reloc    ] GC(483) Large Pages: 1 / 6M, Empty: 0M, Relocated: 0M, In-Place: 0
[260.428s][info][gc,reloc    ] GC(483) Forwarding Usage: 0M
[260.428s][info][gc,heap     ] GC(483) Min Capacity: 4096M(100%)
[260.428s][info][gc,heap     ] GC(483) Max Capacity: 4096M(100%)
[260.428s][info][gc,heap     ] GC(483) Soft Max Capacity: 4096M(100%)
[260.428s][info][gc,heap     ] GC(483)                Mark Start          Mark End        Relocate Start      Relocate End           High               Low         
[260.428s][info][gc,heap     ] GC(483)  Capacity:     4096M (100%)       4096M (100%)       4096M (100%)       4096M (100%)       4096M (100%)       4096M (100%)   
[260.428s][info][gc,heap     ] GC(483)      Free:     1820M (44%)        1248M (30%)        3298M (81%)        3364M (82%)        3364M (82%)        1226M (30%)    
[260.428s][info][gc,heap     ] GC(483)      Used:     2276M (56%)        2848M (70%)         798M (19%)         732M (18%)        2870M (70%)         732M (18%)    
[260.428s][info][gc,heap     ] GC(483)      Live:         -               100M (2%)          100M (2%)          100M (2%)             -                  -          
[260.428s][info][gc,heap     ] GC(483) Allocated:         -               572M (14%)         598M (15%)         597M (15%)            -                  -          
[260.428s][info][gc,heap     ] GC(483)   Garbage:         -              2175M (53%)          99M (2%)           33M (1%)             -                  -          
[260.428s][info][gc,heap     ] GC(483) Reclaimed:         -                  -              2076M (51%)        2141M (52%)            -                  -          
[260.428s][info][gc          ] GC(483) Garbage Collection (Allocation Rate) 2276M(56%)->732M(18%)
[260.886s][info][gc,start    ] GC(484) Garbage Collection (Allocation Rate)
[260.886s][info][gc,task     ] GC(484) Using 1 workers
[260.887s][info][gc,phases   ] GC(484) Pause Mark Start 0.012ms
[261.024s][info][gc,phases   ] GC(484) Concurrent Mark 137.607ms
[261.024s][info][gc,phases   ] GC(484) Pause Mark End 0.014ms
[261.024s][info][gc,phases   ] GC(484) Concurrent Mark Free 0.001ms
[261.030s][info][gc,phases   ] GC(484) Concurrent Process Non-Strong References 5.122ms
[261.030s][info][gc,phases   ] GC(484) Concurrent Reset Relocation Set 0.005ms
[261.034s][info][gc,phases   ] GC(484) Concurrent Select Relocation Set 4.026ms
[261.034s][info][gc,phases   ] GC(484) Pause Relocate Start 0.016ms
[261.034s][info][gc,phases   ] GC(484) Concurrent Relocate 0.329ms
[261.034s][info][gc,load     ] GC(484) Load: 0.00/0.00/0.00
[261.034s][info][gc,mmu      ] GC(484) MMU: 2ms/96.2%, 5ms/98.5%, 10ms/99.0%, 20ms/99.5%, 50ms/99.8%, 100ms/99.9%
[261.034s][info][gc,marking  ] GC(484) Mark: 1 stripe(s), 2 proactive flush(es), 1 terminate flush(es), 0 completion(s), 0 continuation(s) 
[261.034s][info][gc,marking  ] GC(484) Mark Stack Usage: 32M
[261.034s][info][gc,nmethod  ] GC(484) NMethods: 1469 registered, 15 unregistered
[261.034s][info][gc,metaspace] GC(484) Metaspace: 11M used, 11M committed, 1088M reserved
[261.034s][info][gc,ref      ] GC(484) Soft: 197 encountered, 0 discovered, 0 enqueued
[261.034s][info][gc,ref      ] GC(484) Weak: 695 encountered, 554 discovered, 0 enqueued
[261.034s][info][gc,ref      ] GC(484) Final: 0 encountered, 0 discovered, 0 enqueued
[261.034s][info][gc,ref      ] GC(484) Phantom: 36 encountered, 17 discovered, 0 enqueued
[261.034s][info][gc,reloc    ] GC(484) Small Pages: 1206 / 2412M, Empty: 2292M, Relocated: 1M, In-Place: 0
[261.034s][info][gc,reloc    ] GC(484) Medium Pages: 13 / 416M, Empty: 384M, Relocated: 0M, In-Place: 0
[261.034s][info][gc,reloc    ] GC(484) Large Pages: 1 / 6M, Empty: 0M, Relocated: 0M, In-Place: 0
[261.034s][info][gc,reloc    ] GC(484) Forwarding Usage: 0M
[261.035s][info][gc,heap     ] GC(484) Min Capacity: 4096M(100%)
[261.035s][info][gc,heap     ] GC(484) Max Capacity: 4096M(100%)
[261.035s][info][gc,heap     ] GC(484) Soft Max Capacity: 4096M(100%)
[261.035s][info][gc,heap     ] GC(484)                Mark Start          Mark End        Relocate Start      Relocate End           High               Low         
[261.035s][info][gc,heap     ] GC(484)  Capacity:     4096M (100%)       4096M (100%)       4096M (100%)       4096M (100%)       4096M (100%)       4096M (100%)   
[261.035s][info][gc,heap     ] GC(484)      Free:     1262M (31%)         744M (18%)        3366M (82%)        3392M (83%)        3392M (83%)         714M (17%)    
[261.035s][info][gc,heap     ] GC(484)      Used:     2834M (69%)        3352M (82%)         730M (18%)         704M (17%)        3382M (83%)         704M (17%)    
[261.035s][info][gc,heap     ] GC(484)      Live:         -               100M (2%)          100M (2%)          100M (2%)             -                  -          
[261.035s][info][gc,heap     ] GC(484) Allocated:         -               518M (13%)         572M (14%)         571M (14%)            -                  -          
[261.035s][info][gc,heap     ] GC(484)   Garbage:         -              2733M (67%)          57M (1%)           31M (1%)             -                  -          
[261.035s][info][gc,heap     ] GC(484) Reclaimed:         -                  -              2676M (65%)        2701M (66%)            -                  -          
[261.035s][info][gc          ] GC(484) Garbage Collection (Allocation Rate) 2834M(69%)->704M(17%)
[261.279s][info][gc,start    ] GC(485) Garbage Collection (System.gc())
[261.279s][info][gc,task     ] GC(485) Using 2 workers
[261.279s][info][gc,phases   ] GC(485) Pause Mark Start 0.007ms
[261.342s][info][gc,phases   ] GC(485) Concurrent Mark 63.521ms
[261.342s][info][gc,phases   ] GC(485) Pause Mark End 0.032ms
[261.343s][info][gc,phases   ] GC(485) Concurrent Mark Free 0.003ms
[261.344s][info][gc,phases   ] GC(485) Concurrent Process Non-Strong References 1.587ms
[261.344s][info][gc,phases   ] GC(485) Concurrent Reset Relocation Set 0.001ms
[261.346s][info][gc,phases   ] GC(485) Concurrent Select Relocation Set 1.331ms
[261.346s][info][gc,phases   ] GC(485) Pause Relocate Start 0.006ms
[261.346s][info][gc,phases   ] GC(485) Concurrent Relocate 0.365ms
[261.346s][info][gc,load     ] GC(485) Load: 0.00/0.00/0.00
[261.346s][info][gc,mmu      ] GC(485) MMU: 2ms/96.2%, 5ms/98.5%, 10ms/99.0%, 20ms/99.5%, 50ms/99.8%, 100ms/99.9%
[261.346s][info][gc,marking  ] GC(485) Mark: 2 stripe(s), 1 proactive flush(es), 1 terminate flush(es), 0 completion(s), 0 continuation(s) 
[261.346s][info][gc,marking  ] GC(485) Mark Stack Usage: 32M
[261.346s][info][gc,nmethod  ] GC(485) NMethods: 1469 registered, 15 unregistered
[261.346s][info][gc,metaspace] GC(485) Metaspace: 11M used, 11M committed, 1088M reserved
[261.346s][info][gc,ref      ] GC(485) Soft: 197 encountered, 0 discovered, 0 enqueued
[261.346s][info][gc,ref      ] GC(485) Weak: 695 encountered, 56 discovered, 0 enqueued
[261.346s][info][gc,ref      ] GC(485) Final: 0 encountered, 0 discovered, 0 enqueued
[261.346s][info][gc,ref      ] GC(485) Phantom: 36 encountered, 15 discovered, 0 enqueued
[261.346s][info][gc,reloc    ] GC(485) Small Pages: 751 / 1502M, Empty: 1406M, Relocated: 0M, In-Place: 0
[261.346s][info][gc,reloc    ] GC(485) Medium Pages: 9 / 288M, Empty: 288M, Relocated: 0M, In-Place: 0
[261.346s][info][gc,reloc    ] GC(485) Large Pages: 1 / 6M, Empty: 0M, Relocated: 0M, In-Place: 0
[261.346s][info][gc,reloc    ] GC(485) Forwarding Usage: 0M
[261.346s][info][gc,heap     ] GC(485) Min Capacity: 4096M(100%)
[261.346s][info][gc,heap     ] GC(485) Max Capacity: 4096M(100%)
[261.346s][info][gc,heap     ] GC(485) Soft Max Capacity: 4096M(100%)
[261.346s][info][gc,heap     ] GC(485)                Mark Start          Mark End        Relocate Start      Relocate End           High               Low         
[261.346s][info][gc,heap     ] GC(485)  Capacity:     4096M (100%)       4096M (100%)       4096M (100%)       4096M (100%)       4096M (100%)       4096M (100%)   
[261.346s][info][gc,heap     ] GC(485)      Free:     2300M (56%)        2300M (56%)        3994M (98%)        3996M (98%)        3996M (98%)        2300M (56%)    
[261.346s][info][gc,heap     ] GC(485)      Used:     1796M (44%)        1796M (44%)         102M (2%)          100M (2%)         1796M (44%)         100M (2%)     
[261.346s][info][gc,heap     ] GC(485)      Live:         -                95M (2%)           95M (2%)           95M (2%)             -                  -          
[261.346s][info][gc,heap     ] GC(485) Allocated:         -                 0M (0%)            0M (0%)            0M (0%)             -                  -          
[261.346s][info][gc,heap     ] GC(485)   Garbage:         -              1700M (42%)           6M (0%)            4M (0%)             -                  -          
[261.346s][info][gc,heap     ] GC(485) Reclaimed:         -                  -              1694M (41%)        1696M (41%)            -                  -          
[261.346s][info][gc          ] GC(485) Garbage Collection (System.gc()) 1796M(44%)->100M(2%)
[261.985s][info][gc,start    ] GC(486) Garbage Collection (Allocation Rate)
[261.985s][info][gc,task     ] GC(486) Using 1 workers
[261.986s][info][gc,phases   ] GC(486) Pause Mark Start 0.010ms
[262.123s][info][gc,phases   ] GC(486) Concurrent Mark 137.564ms
[262.123s][info][gc,phases   ] GC(486) Pause Mark End 0.013ms
[262.123s][info][gc,phases   ] GC(486) Concurrent Mark Free 0.001ms
[262.129s][info][gc,phases   ] GC(486) Concurrent Process Non-Strong References 5.669ms
[262.129s][info][gc,phases   ] GC(486) Concurrent Reset Relocation Set 0.005ms
[262.133s][info][gc,phases   ] GC(486) Concurrent Select Relocation Set 3.835ms
[262.133s][info][gc,phases   ] GC(486) Pause Relocate Start 0.026ms
[262.135s][info][gc,phases   ] GC(486) Concurrent Relocate 1.712ms
[262.135s][info][gc,load     ] GC(486) Load: 0.00/0.00/0.00
[262.135s][info][gc,mmu      ] GC(486) MMU: 2ms/96.2%, 5ms/98.5%, 10ms/99.0%, 20ms/99.5%, 50ms/99.8%, 100ms/99.9%
[262.135s][info][gc,marking  ] GC(486) Mark: 1 stripe(s), 2 proactive flush(es), 1 terminate flush(es), 0 completion(s), 0 continuation(s) 
[262.135s][info][gc,marking  ] GC(486) Mark Stack Usage: 32M
[262.135s][info][gc,nmethod  ] GC(486) NMethods: 1469 registered, 15 unregistered
[262.135s][info][gc,metaspace] GC(486) Metaspace: 11M used, 11M committed, 1088M reserved
[262.135s][info][gc,ref      ] GC(486) Soft: 197 encountered, 0 discovered, 0 enqueued
[262.135s][info][gc,ref      ] GC(486) Weak: 695 encountered, 554 discovered, 0 enqueued
[262.135s][info][gc,ref      ] GC(486) Final: 0 encountered, 0 discovered, 0 enqueued
[262.135s][info][gc,ref      ] GC(486) Phantom: 36 encountered, 17 discovered, 0 enqueued
[262.135s][info][gc,reloc    ] GC(486) Small Pages: 1327 / 2654M, Empty: 2540M, Relocated: 1M, In-Place: 0
[262.135s][info][gc,reloc    ] GC(486) Medium Pages: 13 / 416M, Empty: 384M, Relocated: 0M, In-Place: 0
[262.135s][info][gc,reloc    ] GC(486) Large Pages: 1 / 6M, Empty: 0M, Relocated: 0M, In-Place: 0
[262.135s][info][gc,reloc    ] GC(486) Forwarding Usage: 0M
[262.135s][info][gc,heap     ] GC(486) Min Capacity: 4096M(100%)
[262.135s][info][gc,heap     ] GC(486) Max Capacity: 4096M(100%)
[262.135s][info][gc,heap     ] GC(486) Soft Max Capacity: 4096M(100%)
[262.135s][info][gc,heap     ] GC(486)                Mark Start          Mark End        Relocate Start      Relocate End           High               Low         
[262.135s][info][gc,heap     ] GC(486)  Capacity:     4096M (100%)       4096M (100%)       4096M (100%)       4096M (100%)       4096M (100%)       4096M (100%)   
[262.135s][info][gc,heap     ] GC(486)      Free:     1020M (25%)         502M (12%)        3370M (82%)        3382M (83%)        3390M (83%)         472M (12%)    
[262.136s][info][gc,heap     ] GC(486)      Used:     3076M (75%)        3594M (88%)         726M (18%)         714M (17%)        3624M (88%)         706M (17%)    
[262.136s][info][gc,heap     ] GC(486)      Live:         -                99M (2%)           99M (2%)           99M (2%)             -                  -          
[262.136s][info][gc,heap     ] GC(486) Allocated:         -               518M (13%)         574M (14%)         583M (14%)            -                  -          
[262.136s][info][gc,heap     ] GC(486)   Garbage:         -              2976M (73%)          52M (1%)           30M (1%)             -                  -          
[262.136s][info][gc,heap     ] GC(486) Reclaimed:         -                  -              2924M (71%)        2945M (72%)            -                  -          
[262.136s][info][gc          ] GC(486) Garbage Collection (Allocation Rate) 3076M(75%)->714M(17%)
[262.583s][info][gc,start    ] GC(487) Garbage Collection (Allocation Rate)
[262.583s][info][gc,task     ] GC(487) Using 1 workers
[262.583s][info][gc,phases   ] GC(487) Pause Mark Start 0.009ms
[262.808s][info][gc,phases   ] GC(487) Concurrent Mark 225.180ms
[262.808s][info][gc,phases   ] GC(487) Pause Mark End 0.019ms
[262.808s][info][gc,phases   ] GC(487) Concurrent Mark Free 0.005ms
[262.812s][info][gc,phases   ] GC(487) Concurrent Process Non-Strong References 3.627ms
[262.812s][info][gc,phases   ] GC(487) Concurrent Reset Relocation Set 0.003ms
[262.815s][info][gc,phases   ] GC(487) Concurrent Select Relocation Set 2.654ms
[262.815s][info][gc,phases   ] GC(487) Pause Relocate Start 0.008ms
[262.815s][info][gc,phases   ] GC(487) Concurrent Relocate 0.406ms
[262.815s][info][gc,load     ] GC(487) Load: 0.00/0.00/0.00
[262.815s][info][gc,mmu      ] GC(487) MMU: 2ms/96.2%, 5ms/98.5%, 10ms/99.0%, 20ms/99.5%, 50ms/99.8%, 100ms/99.9%
