[0.026s][info][gc] Using Serial
[0.029s][info][gc,init] Version: 17.0.12+7-adhoc..jdk17u (release)
[0.029s][info][gc,init] CPUs: 6 total, 6 available
[0.029s][info][gc,init] Memory: 15591M
[0.029s][info][gc,init] Large Page Support: Disabled
[0.029s][info][gc,init] NUMA Support: Disabled
[0.029s][info][gc,init] Compressed Oops: Enabled (32-bit)
[0.029s][info][gc,init] Heap Min Capacity: 1G
[0.029s][info][gc,init] Heap Initial Capacity: 1G
[0.029s][info][gc,init] Heap Max Capacity: 1G
[0.029s][info][gc,init] Pre-touch: Disabled
[0.041s][info][gc,metaspace] CDS archive(s) mapped at: [0x0000021fcc000000-0x0000021fccbc0000-0x0000021fccbc0000), size 12320768, SharedBaseAddress: 0x0000021fcc000000, ArchiveRelocationMode: 1.
[0.042s][info][gc,metaspace] Compressed class space mapped at: 0x0000021fcd000000-0x000002200d000000, reserved size: 1073741824
[0.042s][info][gc,metaspace] Narrow klass base: 0x0000021fcc000000, Narrow klass shift: 0, Narrow klass range: 0x100000000
[0.455s][info][gc,start    ] GC(0) Pause Full (System.gc())
[0.455s][info][gc,phases,start] GC(0) Phase 1: Mark live objects
[0.458s][info][gc,phases      ] GC(0) Phase 1: Mark live objects 3.476ms
[0.459s][info][gc,phases,start] GC(0) Phase 2: Compute new object addresses
[0.460s][info][gc,phases      ] GC(0) Phase 2: Compute new object addresses 1.820ms
[0.460s][info][gc,phases,start] GC(0) Phase 3: Adjust pointers
[0.463s][info][gc,phases      ] GC(0) Phase 3: Adjust pointers 2.339ms
[0.463s][info][gc,phases,start] GC(0) Phase 4: Move objects
[0.464s][info][gc,phases      ] GC(0) Phase 4: Move objects 1.417ms
[0.465s][info][gc,heap        ] GC(0) DefNew: 28051K(314560K)->0K(314560K) Eden: 28051K(279616K)->0K(279616K) From: 0K(34944K)->0K(34944K)
[0.465s][info][gc,heap        ] GC(0) Tenured: 0K(699072K)->3268K(699072K)
[0.465s][info][gc,metaspace   ] GC(0) Metaspace: 6053K(6272K)->6053K(6272K) NonClass: 5234K(5376K)->5234K(5376K) Class: 819K(896K)->819K(896K)
[0.465s][info][gc             ] GC(0) Pause Full (System.gc()) 27M->3M(989M) 9.710ms
[0.465s][info][gc,cpu         ] GC(0) User=0.02s Sys=0.02s Real=0.02s
[1.090s][info][gc,start       ] GC(1) Pause Young (Allocation Failure)
[1.095s][info][gc,heap        ] GC(1) DefNew: 279616K(314560K)->1477K(314560K) Eden: 279616K(279616K)->0K(279616K) From: 0K(34944K)->1477K(34944K)
[1.095s][info][gc,heap        ] GC(1) Tenured: 3268K(699072K)->3268K(699072K)
[1.095s][info][gc,metaspace   ] GC(1) Metaspace: 7991K(8128K)->7991K(8128K) NonClass: 7028K(7104K)->7028K(7104K) Class: 963K(1024K)->963K(1024K)
[1.095s][info][gc             ] GC(1) Pause Young (Allocation Failure) 276M->4M(989M) 4.902ms
[1.095s][info][gc,cpu         ] GC(1) User=0.00s Sys=0.00s Real=0.01s
[1.500s][info][gc,start       ] GC(2) Pause Young (Allocation Failure)
[1.502s][info][gc,heap        ] GC(2) DefNew: 281093K(314560K)->1361K(314560K) Eden: 279616K(279616K)->0K(279616K) From: 1477K(34944K)->1361K(34944K)
[1.503s][info][gc,heap        ] GC(2) Tenured: 3268K(699072K)->3268K(699072K)
[1.503s][info][gc,metaspace   ] GC(2) Metaspace: 8080K(8192K)->8080K(8192K) NonClass: 7116K(7168K)->7116K(7168K) Class: 963K(1024K)->963K(1024K)
[1.503s][info][gc             ] GC(2) Pause Young (Allocation Failure) 277M->4M(989M) 2.360ms
[1.503s][info][gc,cpu         ] GC(2) User=0.00s Sys=0.00s Real=0.00s
[1.865s][info][gc,start       ] GC(3) Pause Young (Allocation Failure)
[1.867s][info][gc,heap        ] GC(3) DefNew: 280977K(314560K)->2006K(314560K) Eden: 279616K(279616K)->0K(279616K) From: 1361K(34944K)->2006K(34944K)
[1.867s][info][gc,heap        ] GC(3) Tenured: 3268K(699072K)->3268K(699072K)
[1.867s][info][gc,metaspace   ] GC(3) Metaspace: 8082K(8192K)->8082K(8192K) NonClass: 7119K(7168K)->7119K(7168K) Class: 963K(1024K)->963K(1024K)
[1.867s][info][gc             ] GC(3) Pause Young (Allocation Failure) 277M->5M(989M) 2.403ms
[1.867s][info][gc,cpu         ] GC(3) User=0.00s Sys=0.00s Real=0.00s
[2.198s][info][gc,start       ] GC(4) Pause Young (Allocation Failure)
[2.201s][info][gc,heap        ] GC(4) DefNew: 281622K(314560K)->2084K(314560K) Eden: 279616K(279616K)->0K(279616K) From: 2006K(34944K)->2084K(34944K)
[2.201s][info][gc,heap        ] GC(4) Tenured: 3268K(699072K)->3268K(699072K)
[2.201s][info][gc,metaspace   ] GC(4) Metaspace: 8082K(8192K)->8082K(8192K) NonClass: 7119K(7168K)->7119K(7168K) Class: 963K(1024K)->963K(1024K)
[2.201s][info][gc             ] GC(4) Pause Young (Allocation Failure) 278M->5M(989M) 3.661ms
[2.201s][info][gc,cpu         ] GC(4) User=0.00s Sys=0.00s Real=0.00s
[2.515s][info][gc,start       ] GC(5) Pause Young (Allocation Failure)
[2.517s][info][gc,heap        ] GC(5) DefNew: 281700K(314560K)->1745K(314560K) Eden: 279616K(279616K)->0K(279616K) From: 2084K(34944K)->1745K(34944K)
[2.517s][info][gc,heap        ] GC(5) Tenured: 3268K(699072K)->3268K(699072K)
[2.517s][info][gc,metaspace   ] GC(5) Metaspace: 8082K(8192K)->8082K(8192K) NonClass: 7119K(7168K)->7119K(7168K) Class: 963K(1024K)->963K(1024K)
[2.517s][info][gc             ] GC(5) Pause Young (Allocation Failure) 278M->4M(989M) 2.308ms
[2.517s][info][gc,cpu         ] GC(5) User=0.00s Sys=0.00s Real=0.00s
[2.801s][info][gc,start       ] GC(6) Pause Young (Allocation Failure)
[2.804s][info][gc,heap        ] GC(6) DefNew: 281361K(314560K)->2147K(314560K) Eden: 279616K(279616K)->0K(279616K) From: 1745K(34944K)->2147K(34944K)
[2.804s][info][gc,heap        ] GC(6) Tenured: 3268K(699072K)->3268K(699072K)
[2.804s][info][gc,metaspace   ] GC(6) Metaspace: 8083K(8192K)->8083K(8192K) NonClass: 7119K(7168K)->7119K(7168K) Class: 963K(1024K)->963K(1024K)
[2.804s][info][gc             ] GC(6) Pause Young (Allocation Failure) 277M->5M(989M) 2.482ms
[2.804s][info][gc,cpu         ] GC(6) User=0.00s Sys=0.00s Real=0.00s
[3.076s][info][gc,start       ] GC(7) Pause Young (Allocation Failure)
[3.078s][info][gc,heap        ] GC(7) DefNew: 281763K(314560K)->2031K(314560K) Eden: 279616K(279616K)->0K(279616K) From: 2147K(34944K)->2031K(34944K)
[3.078s][info][gc,heap        ] GC(7) Tenured: 3268K(699072K)->3268K(699072K)
[3.078s][info][gc,metaspace   ] GC(7) Metaspace: 8088K(8192K)->8088K(8192K) NonClass: 7124K(7168K)->7124K(7168K) Class: 963K(1024K)->963K(1024K)
[3.078s][info][gc             ] GC(7) Pause Young (Allocation Failure) 278M->5M(989M) 2.443ms
[3.078s][info][gc,cpu         ] GC(7) User=0.00s Sys=0.00s Real=0.00s
[3.343s][info][gc,start       ] GC(8) Pause Young (Allocation Failure)
[3.345s][info][gc,heap        ] GC(8) DefNew: 281647K(314560K)->1615K(314560K) Eden: 279616K(279616K)->0K(279616K) From: 2031K(34944K)->1615K(34944K)
[3.345s][info][gc,heap        ] GC(8) Tenured: 3268K(699072K)->3268K(699072K)
[3.345s][info][gc,metaspace   ] GC(8) Metaspace: 8088K(8192K)->8088K(8192K) NonClass: 7124K(7168K)->7124K(7168K) Class: 963K(1024K)->963K(1024K)
[3.345s][info][gc             ] GC(8) Pause Young (Allocation Failure) 278M->4M(989M) 2.195ms
[3.345s][info][gc,cpu         ] GC(8) User=0.00s Sys=0.00s Real=0.00s
[3.599s][info][gc,start       ] GC(9) Pause Young (Allocation Failure)
[3.601s][info][gc,heap        ] GC(9) DefNew: 281231K(314560K)->1794K(314560K) Eden: 279616K(279616K)->0K(279616K) From: 1615K(34944K)->1794K(34944K)
[3.601s][info][gc,heap        ] GC(9) Tenured: 3268K(699072K)->3268K(699072K)
[3.601s][info][gc,metaspace   ] GC(9) Metaspace: 8088K(8192K)->8088K(8192K) NonClass: 7124K(7168K)->7124K(7168K) Class: 963K(1024K)->963K(1024K)
[3.601s][info][gc             ] GC(9) Pause Young (Allocation Failure) 277M->4M(989M) 2.036ms
[3.601s][info][gc,cpu         ] GC(9) User=0.00s Sys=0.00s Real=0.00s
[3.849s][info][gc,start       ] GC(10) Pause Young (Allocation Failure)
[3.851s][info][gc,heap        ] GC(10) DefNew: 281410K(314560K)->1745K(314560K) Eden: 279616K(279616K)->0K(279616K) From: 1794K(34944K)->1745K(34944K)
[3.851s][info][gc,heap        ] GC(10) Tenured: 3268K(699072K)->3268K(699072K)
[3.851s][info][gc,metaspace   ] GC(10) Metaspace: 8088K(8192K)->8088K(8192K) NonClass: 7124K(7168K)->7124K(7168K) Class: 963K(1024K)->963K(1024K)
[3.851s][info][gc             ] GC(10) Pause Young (Allocation Failure) 278M->4M(989M) 2.107ms
[3.851s][info][gc,cpu         ] GC(10) User=0.00s Sys=0.00s Real=0.00s
[4.099s][info][gc,start       ] GC(11) Pause Young (Allocation Failure)
[4.101s][info][gc,heap        ] GC(11) DefNew: 281361K(314560K)->2000K(314560K) Eden: 279616K(279616K)->0K(279616K) From: 1745K(34944K)->2000K(34944K)
[4.101s][info][gc,heap        ] GC(11) Tenured: 3268K(699072K)->3268K(699072K)
[4.101s][info][gc,metaspace   ] GC(11) Metaspace: 8088K(8192K)->8088K(8192K) NonClass: 7124K(7168K)->7124K(7168K) Class: 963K(1024K)->963K(1024K)
[4.101s][info][gc             ] GC(11) Pause Young (Allocation Failure) 277M->5M(989M) 2.342ms
[4.101s][info][gc,cpu         ] GC(11) User=0.00s Sys=0.00s Real=0.00s
[4.345s][info][gc,start       ] GC(12) Pause Young (Allocation Failure)
[4.347s][info][gc,heap        ] GC(12) DefNew: 281616K(314560K)->1871K(314560K) Eden: 279616K(279616K)->0K(279616K) From: 2000K(34944K)->1871K(34944K)
[4.347s][info][gc,heap        ] GC(12) Tenured: 3268K(699072K)->3268K(699072K)
[4.347s][info][gc,metaspace   ] GC(12) Metaspace: 8088K(8192K)->8088K(8192K) NonClass: 7125K(7168K)->7125K(7168K) Class: 963K(1024K)->963K(1024K)
[4.347s][info][gc             ] GC(12) Pause Young (Allocation Failure) 278M->5M(989M) 2.138ms
[4.347s][info][gc,cpu         ] GC(12) User=0.02s Sys=0.00s Real=0.00s
[4.558s][info][gc,start       ] GC(13) Pause Young (Allocation Failure)
[4.560s][info][gc,heap        ] GC(13) DefNew: 281487K(314560K)->1172K(314560K) Eden: 279616K(279616K)->0K(279616K) From: 1871K(34944K)->1172K(34944K)
[4.560s][info][gc,heap        ] GC(13) Tenured: 3268K(699072K)->3268K(699072K)
[4.560s][info][gc,metaspace   ] GC(13) Metaspace: 8088K(8192K)->8088K(8192K) NonClass: 7125K(7168K)->7125K(7168K) Class: 963K(1024K)->963K(1024K)
[4.560s][info][gc             ] GC(13) Pause Young (Allocation Failure) 278M->4M(989M) 1.955ms
[4.560s][info][gc,cpu         ] GC(13) User=0.00s Sys=0.00s Real=0.00s
[4.775s][info][gc,start       ] GC(14) Pause Young (Allocation Failure)
[4.777s][info][gc,heap        ] GC(14) DefNew: 280788K(314560K)->1398K(314560K) Eden: 279616K(279616K)->0K(279616K) From: 1172K(34944K)->1398K(34944K)
[4.777s][info][gc,heap        ] GC(14) Tenured: 3268K(699072K)->3268K(699072K)
[4.777s][info][gc,metaspace   ] GC(14) Metaspace: 8095K(8256K)->8095K(8256K) NonClass: 7130K(7232K)->7130K(7232K) Class: 964K(1024K)->964K(1024K)
[4.777s][info][gc             ] GC(14) Pause Young (Allocation Failure) 277M->4M(989M) 2.122ms
[4.777s][info][gc,cpu         ] GC(14) User=0.00s Sys=0.00s Real=0.00s
[4.999s][info][gc,start       ] GC(15) Pause Young (Allocation Failure)
[5.000s][info][gc,heap        ] GC(15) DefNew: 281014K(314560K)->1025K(314560K) Eden: 279616K(279616K)->0K(279616K) From: 1398K(34944K)->1025K(34944K)
[5.000s][info][gc,heap        ] GC(15) Tenured: 3268K(699072K)->3268K(699072K)
[5.000s][info][gc,metaspace   ] GC(15) Metaspace: 8095K(8256K)->8095K(8256K) NonClass: 7130K(7232K)->7130K(7232K) Class: 964K(1024K)->964K(1024K)
[5.001s][info][gc             ] GC(15) Pause Young (Allocation Failure) 277M->4M(989M) 1.858ms
[5.001s][info][gc,cpu         ] GC(15) User=0.00s Sys=0.00s Real=0.00s
[5.253s][info][gc,start       ] GC(16) Pause Young (Allocation Failure)
[5.255s][info][gc,heap        ] GC(16) DefNew: 280641K(314560K)->577K(314560K) Eden: 279616K(279616K)->0K(279616K) From: 1025K(34944K)->577K(34944K)
[5.255s][info][gc,heap        ] GC(16) Tenured: 3268K(699072K)->3777K(699072K)
[5.255s][info][gc,metaspace   ] GC(16) Metaspace: 8095K(8256K)->8095K(8256K) NonClass: 7130K(7232K)->7130K(7232K) Class: 964K(1024K)->964K(1024K)
[5.255s][info][gc             ] GC(16) Pause Young (Allocation Failure) 277M->4M(989M) 1.838ms
[5.255s][info][gc,cpu         ] GC(16) User=0.02s Sys=0.00s Real=0.00s
[5.494s][info][gc,start       ] GC(17) Pause Young (Allocation Failure)
[5.495s][info][gc,heap        ] GC(17) DefNew: 280193K(314560K)->625K(314560K) Eden: 279616K(279616K)->0K(279616K) From: 577K(34944K)->625K(34944K)
[5.495s][info][gc,heap        ] GC(17) Tenured: 3777K(699072K)->3782K(699072K)
[5.495s][info][gc,metaspace   ] GC(17) Metaspace: 8095K(8256K)->8095K(8256K) NonClass: 7130K(7232K)->7130K(7232K) Class: 964K(1024K)->964K(1024K)
[5.495s][info][gc             ] GC(17) Pause Young (Allocation Failure) 277M->4M(989M) 0.883ms
[5.495s][info][gc,cpu         ] GC(17) User=0.00s Sys=0.00s Real=0.00s
[5.812s][info][gc,start       ] GC(18) Pause Young (Allocation Failure)
[5.813s][info][gc,heap        ] GC(18) DefNew: 280241K(314560K)->241K(314560K) Eden: 279616K(279616K)->0K(279616K) From: 625K(34944K)->241K(34944K)
[5.813s][info][gc,heap        ] GC(18) Tenured: 3782K(699072K)->3785K(699072K)
[5.813s][info][gc,metaspace   ] GC(18) Metaspace: 8098K(8256K)->8098K(8256K) NonClass: 7134K(7232K)->7134K(7232K) Class: 964K(1024K)->964K(1024K)
[5.813s][info][gc             ] GC(18) Pause Young (Allocation Failure) 277M->3M(989M) 0.936ms
[5.813s][info][gc,cpu         ] GC(18) User=0.00s Sys=0.00s Real=0.00s
[5.948s][info][gc,start       ] GC(19) Pause Full (System.gc())
[5.948s][info][gc,phases,start] GC(19) Phase 1: Mark live objects
[5.955s][info][gc,phases      ] GC(19) Phase 1: Mark live objects 6.496ms
[5.955s][info][gc,phases,start] GC(19) Phase 2: Compute new object addresses
[5.960s][info][gc,phases      ] GC(19) Phase 2: Compute new object addresses 5.131ms
[5.960s][info][gc,phases,start] GC(19) Phase 3: Adjust pointers
[5.963s][info][gc,phases      ] GC(19) Phase 3: Adjust pointers 3.535ms
[5.963s][info][gc,phases,start] GC(19) Phase 4: Move objects
[5.964s][info][gc,phases      ] GC(19) Phase 4: Move objects 0.021ms
[5.964s][info][gc,heap        ] GC(19) DefNew: 59434K(314560K)->0K(314560K) Eden: 59192K(279616K)->0K(279616K) From: 241K(34944K)->0K(34944K)
[5.964s][info][gc,heap        ] GC(19) Tenured: 3785K(699072K)->3825K(699072K)
[5.964s][info][gc,metaspace   ] GC(19) Metaspace: 8200K(8384K)->8200K(8384K) NonClass: 7227K(7360K)->7227K(7360K) Class: 973K(1024K)->973K(1024K)
[5.964s][info][gc             ] GC(19) Pause Full (System.gc()) 61M->3M(989M) 15.492ms
[5.964s][info][gc,cpu         ] GC(19) User=0.02s Sys=0.00s Real=0.02s
[6.119s][info][gc,start       ] GC(20) Pause Young (Allocation Failure)
[6.121s][info][gc,heap        ] GC(20) DefNew: 279616K(314560K)->1423K(314560K) Eden: 279616K(279616K)->0K(279616K) From: 0K(34944K)->1423K(34944K)
[6.121s][info][gc,heap        ] GC(20) Tenured: 3825K(699072K)->3825K(699072K)
[6.121s][info][gc,metaspace   ] GC(20) Metaspace: 8201K(8384K)->8201K(8384K) NonClass: 7228K(7360K)->7228K(7360K) Class: 973K(1024K)->973K(1024K)
[6.121s][info][gc             ] GC(20) Pause Young (Allocation Failure) 276M->5M(989M) 1.818ms
[6.121s][info][gc,cpu         ] GC(20) User=0.00s Sys=0.00s Real=0.00s
[6.275s][info][gc,start       ] GC(21) Pause Young (Allocation Failure)
[6.276s][info][gc,heap        ] GC(21) DefNew: 281039K(314560K)->1732K(314560K) Eden: 279616K(279616K)->0K(279616K) From: 1423K(34944K)->1732K(34944K)
[6.276s][info][gc,heap        ] GC(21) Tenured: 3825K(699072K)->3825K(699072K)
[6.276s][info][gc,metaspace   ] GC(21) Metaspace: 8201K(8384K)->8201K(8384K) NonClass: 7228K(7360K)->7228K(7360K) Class: 973K(1024K)->973K(1024K)
[6.276s][info][gc             ] GC(21) Pause Young (Allocation Failure) 278M->5M(989M) 1.296ms
[6.276s][info][gc,cpu         ] GC(21) User=0.00s Sys=0.00s Real=0.00s
[6.402s][info][gc,start       ] GC(22) Pause Young (Allocation Failure)
[6.403s][info][gc,heap        ] GC(22) DefNew: 281348K(314560K)->1222K(314560K) Eden: 279616K(279616K)->0K(279616K) From: 1732K(34944K)->1222K(34944K)
[6.403s][info][gc,heap        ] GC(22) Tenured: 3825K(699072K)->3825K(699072K)
[6.403s][info][gc,metaspace   ] GC(22) Metaspace: 8201K(8384K)->8201K(8384K) NonClass: 7228K(7360K)->7228K(7360K) Class: 973K(1024K)->973K(1024K)
[6.403s][info][gc             ] GC(22) Pause Young (Allocation Failure) 278M->4M(989M) 1.001ms
[6.403s][info][gc,cpu         ] GC(22) User=0.00s Sys=0.00s Real=0.00s
[6.568s][info][gc,start       ] GC(23) Pause Young (Allocation Failure)
[6.569s][info][gc,heap        ] GC(23) DefNew: 280838K(314560K)->1585K(314560K) Eden: 279616K(279616K)->0K(279616K) From: 1222K(34944K)->1585K(34944K)
[6.569s][info][gc,heap        ] GC(23) Tenured: 3825K(699072K)->3825K(699072K)
[6.569s][info][gc,metaspace   ] GC(23) Metaspace: 8201K(8384K)->8201K(8384K) NonClass: 7228K(7360K)->7228K(7360K) Class: 973K(1024K)->973K(1024K)
[6.569s][info][gc             ] GC(23) Pause Young (Allocation Failure) 277M->5M(989M) 1.395ms
[6.569s][info][gc,cpu         ] GC(23) User=0.00s Sys=0.00s Real=0.00s
[6.703s][info][gc,start       ] GC(24) Pause Young (Allocation Failure)
[6.704s][info][gc,heap        ] GC(24) DefNew: 281201K(314560K)->1355K(314560K) Eden: 279616K(279616K)->0K(279616K) From: 1585K(34944K)->1355K(34944K)
[6.704s][info][gc,heap        ] GC(24) Tenured: 3825K(699072K)->3825K(699072K)
[6.704s][info][gc,metaspace   ] GC(24) Metaspace: 8201K(8384K)->8201K(8384K) NonClass: 7228K(7360K)->7228K(7360K) Class: 973K(1024K)->973K(1024K)
[6.704s][info][gc             ] GC(24) Pause Young (Allocation Failure) 278M->5M(989M) 1.029ms
[6.704s][info][gc,cpu         ] GC(24) User=0.00s Sys=0.00s Real=0.00s
[6.852s][info][gc,start       ] GC(25) Pause Young (Allocation Failure)
[6.853s][info][gc,heap        ] GC(25) DefNew: 280971K(314560K)->1531K(314560K) Eden: 279616K(279616K)->0K(279616K) From: 1355K(34944K)->1531K(34944K)
[6.853s][info][gc,heap        ] GC(25) Tenured: 3825K(699072K)->3825K(699072K)
[6.853s][info][gc,metaspace   ] GC(25) Metaspace: 8201K(8384K)->8201K(8384K) NonClass: 7228K(7360K)->7228K(7360K) Class: 973K(1024K)->973K(1024K)
[6.853s][info][gc             ] GC(25) Pause Young (Allocation Failure) 278M->5M(989M) 1.127ms
[6.853s][info][gc,cpu         ] GC(25) User=0.00s Sys=0.00s Real=0.00s
[6.979s][info][gc,start       ] GC(26) Pause Young (Allocation Failure)
[6.980s][info][gc,heap        ] GC(26) DefNew: 281147K(314560K)->1294K(314560K) Eden: 279616K(279616K)->0K(279616K) From: 1531K(34944K)->1294K(34944K)
[6.980s][info][gc,heap        ] GC(26) Tenured: 3825K(699072K)->3825K(699072K)
[6.980s][info][gc,metaspace   ] GC(26) Metaspace: 8201K(8384K)->8201K(8384K) NonClass: 7228K(7360K)->7228K(7360K) Class: 973K(1024K)->973K(1024K)
[6.980s][info][gc             ] GC(26) Pause Young (Allocation Failure) 278M->5M(989M) 1.072ms
[6.980s][info][gc,cpu         ] GC(26) User=0.00s Sys=0.00s Real=0.00s
[7.116s][info][gc,start       ] GC(27) Pause Young (Allocation Failure)
[7.117s][info][gc,heap        ] GC(27) DefNew: 280910K(314560K)->1154K(314560K) Eden: 279616K(279616K)->0K(279616K) From: 1294K(34944K)->1154K(34944K)
[7.117s][info][gc,heap        ] GC(27) Tenured: 3825K(699072K)->3825K(699072K)
[7.117s][info][gc,metaspace   ] GC(27) Metaspace: 8201K(8384K)->8201K(8384K) NonClass: 7228K(7360K)->7228K(7360K) Class: 973K(1024K)->973K(1024K)
[7.117s][info][gc             ] GC(27) Pause Young (Allocation Failure) 278M->4M(989M) 1.156ms
[7.117s][info][gc,cpu         ] GC(27) User=0.00s Sys=0.00s Real=0.00s
[7.269s][info][gc,start       ] GC(28) Pause Young (Allocation Failure)
[7.270s][info][gc,heap        ] GC(28) DefNew: 280770K(314560K)->1521K(314560K) Eden: 279616K(279616K)->0K(279616K) From: 1154K(34944K)->1521K(34944K)
[7.270s][info][gc,heap        ] GC(28) Tenured: 3825K(699072K)->3825K(699072K)
[7.270s][info][gc,metaspace   ] GC(28) Metaspace: 8201K(8384K)->8201K(8384K) NonClass: 7228K(7360K)->7228K(7360K) Class: 973K(1024K)->973K(1024K)
[7.270s][info][gc             ] GC(28) Pause Young (Allocation Failure) 277M->5M(989M) 1.062ms
[7.270s][info][gc,cpu         ] GC(28) User=0.00s Sys=0.00s Real=0.00s
[7.392s][info][gc,start       ] GC(29) Pause Young (Allocation Failure)
[7.393s][info][gc,heap        ] GC(29) DefNew: 281137K(314560K)->1442K(314560K) Eden: 279616K(279616K)->0K(279616K) From: 1521K(34944K)->1442K(34944K)
[7.393s][info][gc,heap        ] GC(29) Tenured: 3825K(699072K)->3825K(699072K)
[7.393s][info][gc,metaspace   ] GC(29) Metaspace: 8201K(8384K)->8201K(8384K) NonClass: 7228K(7360K)->7228K(7360K) Class: 973K(1024K)->973K(1024K)
[7.393s][info][gc             ] GC(29) Pause Young (Allocation Failure) 278M->5M(989M) 1.045ms
[7.394s][info][gc,cpu         ] GC(29) User=0.00s Sys=0.00s Real=0.00s
[7.517s][info][gc,start       ] GC(30) Pause Young (Allocation Failure)
[7.518s][info][gc,heap        ] GC(30) DefNew: 281058K(314560K)->1345K(314560K) Eden: 279616K(279616K)->0K(279616K) From: 1442K(34944K)->1345K(34944K)
[7.518s][info][gc,heap        ] GC(30) Tenured: 3825K(699072K)->3825K(699072K)
[7.518s][info][gc,metaspace   ] GC(30) Metaspace: 8201K(8384K)->8201K(8384K) NonClass: 7228K(7360K)->7228K(7360K) Class: 973K(1024K)->973K(1024K)
[7.518s][info][gc             ] GC(30) Pause Young (Allocation Failure) 278M->5M(989M) 1.016ms
[7.518s][info][gc,cpu         ] GC(30) User=0.00s Sys=0.00s Real=0.00s
[7.640s][info][gc,start       ] GC(31) Pause Young (Allocation Failure)
[7.641s][info][gc,heap        ] GC(31) DefNew: 280961K(314560K)->1588K(314560K) Eden: 279616K(279616K)->0K(279616K) From: 1345K(34944K)->1588K(34944K)
[7.641s][info][gc,heap        ] GC(31) Tenured: 3825K(699072K)->3825K(699072K)
[7.641s][info][gc,metaspace   ] GC(31) Metaspace: 8201K(8384K)->8201K(8384K) NonClass: 7228K(7360K)->7228K(7360K) Class: 973K(1024K)->973K(1024K)
[7.641s][info][gc             ] GC(31) Pause Young (Allocation Failure) 278M->5M(989M) 1.210ms
[7.641s][info][gc,cpu         ] GC(31) User=0.00s Sys=0.00s Real=0.00s
[7.771s][info][gc,start       ] GC(32) Pause Young (Allocation Failure)
[7.772s][info][gc,heap        ] GC(32) DefNew: 281204K(314560K)->1128K(314560K) Eden: 279616K(279616K)->0K(279616K) From: 1588K(34944K)->1128K(34944K)
[7.772s][info][gc,heap        ] GC(32) Tenured: 3825K(699072K)->3825K(699072K)
[7.772s][info][gc,metaspace   ] GC(32) Metaspace: 8201K(8384K)->8201K(8384K) NonClass: 7228K(7360K)->7228K(7360K) Class: 973K(1024K)->973K(1024K)
[7.772s][info][gc             ] GC(32) Pause Young (Allocation Failure) 278M->4M(989M) 0.978ms
[7.772s][info][gc,cpu         ] GC(32) User=0.00s Sys=0.00s Real=0.00s
[7.893s][info][gc,start       ] GC(33) Pause Young (Allocation Failure)
[7.894s][info][gc,heap        ] GC(33) DefNew: 280744K(314560K)->1467K(314560K) Eden: 279616K(279616K)->0K(279616K) From: 1128K(34944K)->1467K(34944K)
[7.894s][info][gc,heap        ] GC(33) Tenured: 3825K(699072K)->3825K(699072K)
[7.894s][info][gc,metaspace   ] GC(33) Metaspace: 8201K(8384K)->8201K(8384K) NonClass: 7228K(7360K)->7228K(7360K) Class: 973K(1024K)->973K(1024K)
[7.894s][info][gc             ] GC(33) Pause Young (Allocation Failure) 277M->5M(989M) 1.045ms
[7.894s][info][gc,cpu         ] GC(33) User=0.00s Sys=0.00s Real=0.00s
[8.018s][info][gc,start       ] GC(34) Pause Young (Allocation Failure)
[8.019s][info][gc,heap        ] GC(34) DefNew: 281083K(314560K)->1546K(314560K) Eden: 279616K(279616K)->0K(279616K) From: 1467K(34944K)->1546K(34944K)
[8.019s][info][gc,heap        ] GC(34) Tenured: 3825K(699072K)->3825K(699072K)
[8.019s][info][gc,metaspace   ] GC(34) Metaspace: 8201K(8384K)->8201K(8384K) NonClass: 7228K(7360K)->7228K(7360K) Class: 973K(1024K)->973K(1024K)
[8.019s][info][gc             ] GC(34) Pause Young (Allocation Failure) 278M->5M(989M) 1.124ms
[8.019s][info][gc,cpu         ] GC(34) User=0.00s Sys=0.00s Real=0.00s
[8.142s][info][gc,start       ] GC(35) Pause Young (Allocation Failure)
[8.144s][info][gc,heap        ] GC(35) DefNew: 281162K(314560K)->1273K(314560K) Eden: 279616K(279616K)->0K(279616K) From: 1546K(34944K)->1273K(34944K)
[8.144s][info][gc,heap        ] GC(35) Tenured: 3825K(699072K)->3954K(699072K)
[8.144s][info][gc,metaspace   ] GC(35) Metaspace: 8201K(8384K)->8201K(8384K) NonClass: 7228K(7360K)->7228K(7360K) Class: 973K(1024K)->973K(1024K)
[8.144s][info][gc             ] GC(35) Pause Young (Allocation Failure) 278M->5M(989M) 1.141ms
[8.144s][info][gc,cpu         ] GC(35) User=0.02s Sys=0.00s Real=0.00s
[8.264s][info][gc,start       ] GC(36) Pause Young (Allocation Failure)
[8.265s][info][gc,heap        ] GC(36) DefNew: 280889K(314560K)->1332K(314560K) Eden: 279616K(279616K)->0K(279616K) From: 1273K(34944K)->1332K(34944K)
[8.265s][info][gc,heap        ] GC(36) Tenured: 3954K(699072K)->3954K(699072K)
[8.265s][info][gc,metaspace   ] GC(36) Metaspace: 8201K(8384K)->8201K(8384K) NonClass: 7228K(7360K)->7228K(7360K) Class: 973K(1024K)->973K(1024K)
[8.265s][info][gc             ] GC(36) Pause Young (Allocation Failure) 278M->5M(989M) 1.003ms
[8.265s][info][gc,cpu         ] GC(36) User=0.00s Sys=0.00s Real=0.00s
[8.436s][info][gc,start       ] GC(37) Pause Young (Allocation Failure)
[8.437s][info][gc,heap        ] GC(37) DefNew: 280948K(314560K)->505K(314560K) Eden: 279616K(279616K)->0K(279616K) From: 1332K(34944K)->505K(34944K)
[8.437s][info][gc,heap        ] GC(37) Tenured: 3954K(699072K)->3954K(699072K)
[8.437s][info][gc,metaspace   ] GC(37) Metaspace: 8201K(8384K)->8201K(8384K) NonClass: 7228K(7360K)->7228K(7360K) Class: 973K(1024K)->973K(1024K)
[8.437s][info][gc             ] GC(37) Pause Young (Allocation Failure) 278M->4M(989M) 0.631ms
[8.437s][info][gc,cpu         ] GC(37) User=0.00s Sys=0.00s Real=0.00s
[8.446s][info][gc,start       ] GC(38) Pause Full (System.gc())
[8.446s][info][gc,phases,start] GC(38) Phase 1: Mark live objects
[8.452s][info][gc,phases      ] GC(38) Phase 1: Mark live objects 5.816ms
[8.452s][info][gc,phases,start] GC(38) Phase 2: Compute new object addresses
[8.453s][info][gc,phases      ] GC(38) Phase 2: Compute new object addresses 1.017ms
[8.453s][info][gc,phases,start] GC(38) Phase 3: Adjust pointers
[8.457s][info][gc,phases      ] GC(38) Phase 3: Adjust pointers 3.797ms
[8.457s][info][gc,phases,start] GC(38) Phase 4: Move objects
[8.457s][info][gc,phases      ] GC(38) Phase 4: Move objects 0.011ms
[8.457s][info][gc,heap        ] GC(38) DefNew: 6687K(314560K)->0K(314560K) Eden: 6181K(279616K)->0K(279616K) From: 505K(34944K)->0K(34944K)
[8.457s][info][gc,heap        ] GC(38) Tenured: 3954K(699072K)->3962K(699072K)
[8.457s][info][gc,metaspace   ] GC(38) Metaspace: 8201K(8384K)->8201K(8384K) NonClass: 7228K(7360K)->7228K(7360K) Class: 973K(1024K)->973K(1024K)
[8.457s][info][gc             ] GC(38) Pause Full (System.gc()) 10M->3M(989M) 10.881ms
[8.457s][info][gc,cpu         ] GC(38) User=0.02s Sys=0.00s Real=0.02s
[8.592s][info][gc,start       ] GC(39) Pause Young (Allocation Failure)
[8.593s][info][gc,heap        ] GC(39) DefNew: 279616K(314560K)->1570K(314560K) Eden: 279616K(279616K)->0K(279616K) From: 0K(34944K)->1570K(34944K)
[8.593s][info][gc,heap        ] GC(39) Tenured: 3962K(699072K)->3962K(699072K)
[8.593s][info][gc,metaspace   ] GC(39) Metaspace: 8217K(8384K)->8217K(8384K) NonClass: 7242K(7360K)->7242K(7360K) Class: 975K(1024K)->975K(1024K)
[8.593s][info][gc             ] GC(39) Pause Young (Allocation Failure) 276M->5M(989M) 1.124ms
[8.593s][info][gc,cpu         ] GC(39) User=0.00s Sys=0.00s Real=0.00s
[8.719s][info][gc,start       ] GC(40) Pause Young (Allocation Failure)
[8.720s][info][gc,heap        ] GC(40) DefNew: 281186K(314560K)->1494K(314560K) Eden: 279616K(279616K)->0K(279616K) From: 1570K(34944K)->1494K(34944K)
[8.721s][info][gc,heap        ] GC(40) Tenured: 3962K(699072K)->3962K(699072K)
[8.721s][info][gc,metaspace   ] GC(40) Metaspace: 8217K(8384K)->8217K(8384K) NonClass: 7242K(7360K)->7242K(7360K) Class: 975K(1024K)->975K(1024K)
[8.721s][info][gc             ] GC(40) Pause Young (Allocation Failure) 278M->5M(989M) 1.246ms
[8.721s][info][gc,cpu         ] GC(40) User=0.00s Sys=0.00s Real=0.00s
[8.847s][info][gc,start       ] GC(41) Pause Young (Allocation Failure)
[8.848s][info][gc,heap        ] GC(41) DefNew: 281110K(314560K)->1754K(314560K) Eden: 279616K(279616K)->0K(279616K) From: 1494K(34944K)->1754K(34944K)
[8.848s][info][gc,heap        ] GC(41) Tenured: 3962K(699072K)->3962K(699072K)
[8.848s][info][gc,metaspace   ] GC(41) Metaspace: 8217K(8384K)->8217K(8384K) NonClass: 7242K(7360K)->7242K(7360K) Class: 975K(1024K)->975K(1024K)
[8.848s][info][gc             ] GC(41) Pause Young (Allocation Failure) 278M->5M(989M) 1.166ms
[8.848s][info][gc,cpu         ] GC(41) User=0.00s Sys=0.00s Real=0.00s
[8.969s][info][gc,start       ] GC(42) Pause Young (Allocation Failure)
[8.970s][info][gc,heap        ] GC(42) DefNew: 281370K(314560K)->1580K(314560K) Eden: 279616K(279616K)->0K(279616K) From: 1754K(34944K)->1580K(34944K)
[8.971s][info][gc,heap        ] GC(42) Tenured: 3962K(699072K)->3962K(699072K)
[8.971s][info][gc,metaspace   ] GC(42) Metaspace: 8217K(8384K)->8217K(8384K) NonClass: 7242K(7360K)->7242K(7360K) Class: 975K(1024K)->975K(1024K)
[8.971s][info][gc             ] GC(42) Pause Young (Allocation Failure) 278M->5M(989M) 1.077ms
[8.971s][info][gc,cpu         ] GC(42) User=0.00s Sys=0.00s Real=0.00s
[9.092s][info][gc,start       ] GC(43) Pause Young (Allocation Failure)
[9.094s][info][gc,heap        ] GC(43) DefNew: 281196K(314560K)->1625K(314560K) Eden: 279616K(279616K)->0K(279616K) From: 1580K(34944K)->1625K(34944K)
[9.094s][info][gc,heap        ] GC(43) Tenured: 3962K(699072K)->3962K(699072K)
[9.094s][info][gc,metaspace   ] GC(43) Metaspace: 8217K(8384K)->8217K(8384K) NonClass: 7242K(7360K)->7242K(7360K) Class: 975K(1024K)->975K(1024K)
[9.094s][info][gc             ] GC(43) Pause Young (Allocation Failure) 278M->5M(989M) 1.668ms
[9.094s][info][gc,cpu         ] GC(43) User=0.00s Sys=0.00s Real=0.00s
[9.217s][info][gc,start       ] GC(44) Pause Young (Allocation Failure)
[9.218s][info][gc,heap        ] GC(44) DefNew: 281241K(314560K)->1524K(314560K) Eden: 279616K(279616K)->0K(279616K) From: 1625K(34944K)->1524K(34944K)
[9.218s][info][gc,heap        ] GC(44) Tenured: 3962K(699072K)->3962K(699072K)
[9.218s][info][gc,metaspace   ] GC(44) Metaspace: 8217K(8384K)->8217K(8384K) NonClass: 7242K(7360K)->7242K(7360K) Class: 975K(1024K)->975K(1024K)
[9.218s][info][gc             ] GC(44) Pause Young (Allocation Failure) 278M->5M(989M) 1.133ms
[9.218s][info][gc,cpu         ] GC(44) User=0.00s Sys=0.00s Real=0.00s
[9.345s][info][gc,start       ] GC(45) Pause Young (Allocation Failure)
[9.346s][info][gc,heap        ] GC(45) DefNew: 281140K(314560K)->1380K(314560K) Eden: 279616K(279616K)->0K(279616K) From: 1524K(34944K)->1380K(34944K)
[9.346s][info][gc,heap        ] GC(45) Tenured: 3962K(699072K)->3962K(699072K)
[9.346s][info][gc,metaspace   ] GC(45) Metaspace: 8217K(8384K)->8217K(8384K) NonClass: 7242K(7360K)->7242K(7360K) Class: 975K(1024K)->975K(1024K)
[9.346s][info][gc             ] GC(45) Pause Young (Allocation Failure) 278M->5M(989M) 1.224ms
[9.346s][info][gc,cpu         ] GC(45) User=0.00s Sys=0.00s Real=0.00s
[9.469s][info][gc,start       ] GC(46) Pause Young (Allocation Failure)
[9.470s][info][gc,heap        ] GC(46) DefNew: 280996K(314560K)->1752K(314560K) Eden: 279616K(279616K)->0K(279616K) From: 1380K(34944K)->1752K(34944K)
[9.470s][info][gc,heap        ] GC(46) Tenured: 3962K(699072K)->3962K(699072K)
[9.470s][info][gc,metaspace   ] GC(46) Metaspace: 8217K(8384K)->8217K(8384K) NonClass: 7242K(7360K)->7242K(7360K) Class: 975K(1024K)->975K(1024K)
[9.470s][info][gc             ] GC(46) Pause Young (Allocation Failure) 278M->5M(989M) 1.134ms
[9.470s][info][gc,cpu         ] GC(46) User=0.00s Sys=0.00s Real=0.00s
[9.591s][info][gc,start       ] GC(47) Pause Young (Allocation Failure)
[9.592s][info][gc,heap        ] GC(47) DefNew: 281368K(314560K)->1484K(314560K) Eden: 279616K(279616K)->0K(279616K) From: 1752K(34944K)->1484K(34944K)
[9.592s][info][gc,heap        ] GC(47) Tenured: 3962K(699072K)->3962K(699072K)
[9.592s][info][gc,metaspace   ] GC(47) Metaspace: 8217K(8384K)->8217K(8384K) NonClass: 7242K(7360K)->7242K(7360K) Class: 975K(1024K)->975K(1024K)
[9.592s][info][gc             ] GC(47) Pause Young (Allocation Failure) 278M->5M(989M) 1.202ms
[9.592s][info][gc,cpu         ] GC(47) User=0.00s Sys=0.00s Real=0.00s
[9.716s][info][gc,start       ] GC(48) Pause Young (Allocation Failure)
[9.717s][info][gc,heap        ] GC(48) DefNew: 281100K(314560K)->1362K(314560K) Eden: 279616K(279616K)->0K(279616K) From: 1484K(34944K)->1362K(34944K)
[9.717s][info][gc,heap        ] GC(48) Tenured: 3962K(699072K)->3962K(699072K)
[9.717s][info][gc,metaspace   ] GC(48) Metaspace: 8217K(8384K)->8217K(8384K) NonClass: 7242K(7360K)->7242K(7360K) Class: 975K(1024K)->975K(1024K)
[9.717s][info][gc             ] GC(48) Pause Young (Allocation Failure) 278M->5M(989M) 1.076ms
[9.717s][info][gc,cpu         ] GC(48) User=0.00s Sys=0.00s Real=0.00s
[9.846s][info][gc,start       ] GC(49) Pause Young (Allocation Failure)
[9.847s][info][gc,heap        ] GC(49) DefNew: 280978K(314560K)->1209K(314560K) Eden: 279616K(279616K)->0K(279616K) From: 1362K(34944K)->1209K(34944K)
[9.847s][info][gc,heap        ] GC(49) Tenured: 3962K(699072K)->3962K(699072K)
[9.847s][info][gc,metaspace   ] GC(49) Metaspace: 8217K(8384K)->8217K(8384K) NonClass: 7242K(7360K)->7242K(7360K) Class: 975K(1024K)->975K(1024K)
[9.847s][info][gc             ] GC(49) Pause Young (Allocation Failure) 278M->5M(989M) 1.176ms
[9.847s][info][gc,cpu         ] GC(49) User=0.00s Sys=0.00s Real=0.00s
[9.970s][info][gc,start       ] GC(50) Pause Young (Allocation Failure)
[9.971s][info][gc,heap        ] GC(50) DefNew: 280825K(314560K)->1625K(314560K) Eden: 279616K(279616K)->0K(279616K) From: 1209K(34944K)->1625K(34944K)
[9.971s][info][gc,heap        ] GC(50) Tenured: 3962K(699072K)->3962K(699072K)
[9.971s][info][gc,metaspace   ] GC(50) Metaspace: 8217K(8384K)->8217K(8384K) NonClass: 7242K(7360K)->7242K(7360K) Class: 975K(1024K)->975K(1024K)
[9.971s][info][gc             ] GC(50) Pause Young (Allocation Failure) 278M->5M(989M) 1.163ms
[9.971s][info][gc,cpu         ] GC(50) User=0.00s Sys=0.00s Real=0.00s
[10.094s][info][gc,start       ] GC(51) Pause Young (Allocation Failure)
[10.095s][info][gc,heap        ] GC(51) DefNew: 281241K(314560K)->1460K(314560K) Eden: 279616K(279616K)->0K(279616K) From: 1625K(34944K)->1460K(34944K)
[10.095s][info][gc,heap        ] GC(51) Tenured: 3962K(699072K)->3962K(699072K)
[10.095s][info][gc,metaspace   ] GC(51) Metaspace: 8217K(8384K)->8217K(8384K) NonClass: 7242K(7360K)->7242K(7360K) Class: 975K(1024K)->975K(1024K)
[10.095s][info][gc             ] GC(51) Pause Young (Allocation Failure) 278M->5M(989M) 1.178ms
[10.095s][info][gc,cpu         ] GC(51) User=0.00s Sys=0.00s Real=0.00s
[10.218s][info][gc,start       ] GC(52) Pause Young (Allocation Failure)
[10.219s][info][gc,heap        ] GC(52) DefNew: 281076K(314560K)->1399K(314560K) Eden: 279616K(279616K)->0K(279616K) From: 1460K(34944K)->1399K(34944K)
[10.219s][info][gc,heap        ] GC(52) Tenured: 3962K(699072K)->3962K(699072K)
[10.219s][info][gc,metaspace   ] GC(52) Metaspace: 8217K(8384K)->8217K(8384K) NonClass: 7242K(7360K)->7242K(7360K) Class: 975K(1024K)->975K(1024K)
[10.219s][info][gc             ] GC(52) Pause Young (Allocation Failure) 278M->5M(989M) 1.039ms
[10.219s][info][gc,cpu         ] GC(52) User=0.00s Sys=0.00s Real=0.00s
[10.345s][info][gc,start       ] GC(53) Pause Young (Allocation Failure)
[10.346s][info][gc,heap        ] GC(53) DefNew: 281015K(314560K)->1538K(314560K) Eden: 279616K(279616K)->0K(279616K) From: 1399K(34944K)->1538K(34944K)
[10.346s][info][gc,heap        ] GC(53) Tenured: 3962K(699072K)->3962K(699072K)
[10.346s][info][gc,metaspace   ] GC(53) Metaspace: 8217K(8384K)->8217K(8384K) NonClass: 7242K(7360K)->7242K(7360K) Class: 975K(1024K)->975K(1024K)
[10.346s][info][gc             ] GC(53) Pause Young (Allocation Failure) 278M->5M(989M) 1.179ms
[10.346s][info][gc,cpu         ] GC(53) User=0.00s Sys=0.00s Real=0.00s
[10.473s][info][gc,start       ] GC(54) Pause Young (Allocation Failure)
[10.475s][info][gc,heap        ] GC(54) DefNew: 281154K(314560K)->1477K(314560K) Eden: 279616K(279616K)->0K(279616K) From: 1538K(34944K)->1477K(34944K)
[10.475s][info][gc,heap        ] GC(54) Tenured: 3962K(699072K)->4094K(699072K)
[10.475s][info][gc,metaspace   ] GC(54) Metaspace: 8217K(8384K)->8217K(8384K) NonClass: 7242K(7360K)->7242K(7360K) Class: 975K(1024K)->975K(1024K)
[10.475s][info][gc             ] GC(54) Pause Young (Allocation Failure) 278M->5M(989M) 1.140ms
[10.475s][info][gc,cpu         ] GC(54) User=0.00s Sys=0.00s Real=0.00s
[10.597s][info][gc,start       ] GC(55) Pause Young (Allocation Failure)
[10.598s][info][gc,heap        ] GC(55) DefNew: 281093K(314560K)->1607K(314560K) Eden: 279616K(279616K)->0K(279616K) From: 1477K(34944K)->1607K(34944K)
[10.598s][info][gc,heap        ] GC(55) Tenured: 4094K(699072K)->4094K(699072K)
[10.598s][info][gc,metaspace   ] GC(55) Metaspace: 8217K(8384K)->8217K(8384K) NonClass: 7242K(7360K)->7242K(7360K) Class: 975K(1024K)->975K(1024K)
[10.598s][info][gc             ] GC(55) Pause Young (Allocation Failure) 278M->5M(989M) 1.062ms
[10.598s][info][gc,cpu         ] GC(55) User=0.00s Sys=0.00s Real=0.00s
[10.741s][info][gc,start       ] GC(56) Pause Full (System.gc())
[10.741s][info][gc,phases,start] GC(56) Phase 1: Mark live objects
[10.747s][info][gc,phases      ] GC(56) Phase 1: Mark live objects 5.694ms
[10.747s][info][gc,phases,start] GC(56) Phase 2: Compute new object addresses
[10.769s][info][gc,phases      ] GC(56) Phase 2: Compute new object addresses 22.011ms
[10.769s][info][gc,phases,start] GC(56) Phase 3: Adjust pointers
[10.773s][info][gc,phases      ] GC(56) Phase 3: Adjust pointers 3.866ms
[10.773s][info][gc,phases,start] GC(56) Phase 4: Move objects
[10.773s][info][gc,phases      ] GC(56) Phase 4: Move objects 0.657ms
[10.773s][info][gc,heap        ] GC(56) DefNew: 270926K(314560K)->0K(314560K) Eden: 269318K(279616K)->0K(279616K) From: 1607K(34944K)->0K(34944K)
[10.773s][info][gc,heap        ] GC(56) Tenured: 4094K(699072K)->3748K(699072K)
[10.773s][info][gc,metaspace   ] GC(56) Metaspace: 8217K(8384K)->8217K(8384K) NonClass: 7242K(7360K)->7242K(7360K) Class: 975K(1024K)->975K(1024K)
[10.773s][info][gc             ] GC(56) Pause Full (System.gc()) 268M->3M(989M) 32.522ms
[10.773s][info][gc,cpu         ] GC(56) User=0.03s Sys=0.00s Real=0.03s
[10.908s][info][gc,start       ] GC(57) Pause Young (Allocation Failure)
[10.909s][info][gc,heap        ] GC(57) DefNew: 279616K(314560K)->1331K(314560K) Eden: 279616K(279616K)->0K(279616K) From: 0K(34944K)->1331K(34944K)
[10.909s][info][gc,heap        ] GC(57) Tenured: 3748K(699072K)->3748K(699072K)
[10.909s][info][gc,metaspace   ] GC(57) Metaspace: 8217K(8384K)->8217K(8384K) NonClass: 7242K(7360K)->7242K(7360K) Class: 975K(1024K)->975K(1024K)
[10.909s][info][gc             ] GC(57) Pause Young (Allocation Failure) 276M->4M(989M) 1.060ms
[10.909s][info][gc,cpu         ] GC(57) User=0.00s Sys=0.00s Real=0.00s
[11.031s][info][gc,start       ] GC(58) Pause Young (Allocation Failure)
[11.032s][info][gc,heap        ] GC(58) DefNew: 280947K(314560K)->1475K(314560K) Eden: 279616K(279616K)->0K(279616K) From: 1331K(34944K)->1475K(34944K)
[11.032s][info][gc,heap        ] GC(58) Tenured: 3748K(699072K)->3748K(699072K)
[11.032s][info][gc,metaspace   ] GC(58) Metaspace: 8217K(8384K)->8217K(8384K) NonClass: 7242K(7360K)->7242K(7360K) Class: 975K(1024K)->975K(1024K)
[11.033s][info][gc             ] GC(58) Pause Young (Allocation Failure) 278M->5M(989M) 1.065ms
[11.033s][info][gc,cpu         ] GC(58) User=0.00s Sys=0.00s Real=0.00s
[11.155s][info][gc,start       ] GC(59) Pause Young (Allocation Failure)
[11.156s][info][gc,heap        ] GC(59) DefNew: 281091K(314560K)->1482K(314560K) Eden: 279616K(279616K)->0K(279616K) From: 1475K(34944K)->1482K(34944K)
[11.156s][info][gc,heap        ] GC(59) Tenured: 3748K(699072K)->3748K(699072K)
[11.156s][info][gc,metaspace   ] GC(59) Metaspace: 8217K(8384K)->8217K(8384K) NonClass: 7242K(7360K)->7242K(7360K) Class: 975K(1024K)->975K(1024K)
[11.156s][info][gc             ] GC(59) Pause Young (Allocation Failure) 278M->5M(989M) 1.196ms
[11.156s][info][gc,cpu         ] GC(59) User=0.00s Sys=0.00s Real=0.00s
[11.282s][info][gc,start       ] GC(60) Pause Young (Allocation Failure)
[11.283s][info][gc,heap        ] GC(60) DefNew: 281098K(314560K)->1492K(314560K) Eden: 279616K(279616K)->0K(279616K) From: 1482K(34944K)->1492K(34944K)
[11.283s][info][gc,heap        ] GC(60) Tenured: 3748K(699072K)->3748K(699072K)
[11.283s][info][gc,metaspace   ] GC(60) Metaspace: 8217K(8384K)->8217K(8384K) NonClass: 7242K(7360K)->7242K(7360K) Class: 975K(1024K)->975K(1024K)
[11.283s][info][gc             ] GC(60) Pause Young (Allocation Failure) 278M->5M(989M) 1.043ms
[11.283s][info][gc,cpu         ] GC(60) User=0.00s Sys=0.00s Real=0.00s
[11.404s][info][gc,start       ] GC(61) Pause Young (Allocation Failure)
[11.405s][info][gc,heap        ] GC(61) DefNew: 281108K(314560K)->1521K(314560K) Eden: 279616K(279616K)->0K(279616K) From: 1492K(34944K)->1521K(34944K)
[11.405s][info][gc,heap        ] GC(61) Tenured: 3748K(699072K)->3748K(699072K)
[11.405s][info][gc,metaspace   ] GC(61) Metaspace: 8217K(8384K)->8217K(8384K) NonClass: 7242K(7360K)->7242K(7360K) Class: 975K(1024K)->975K(1024K)
[11.405s][info][gc             ] GC(61) Pause Young (Allocation Failure) 278M->5M(989M) 1.106ms
[11.405s][info][gc,cpu         ] GC(61) User=0.00s Sys=0.00s Real=0.00s
[11.526s][info][gc,start       ] GC(62) Pause Young (Allocation Failure)
[11.527s][info][gc,heap        ] GC(62) DefNew: 281137K(314560K)->815K(314560K) Eden: 279616K(279616K)->0K(279616K) From: 1521K(34944K)->815K(34944K)
[11.527s][info][gc,heap        ] GC(62) Tenured: 3748K(699072K)->3748K(699072K)
[11.527s][info][gc,metaspace   ] GC(62) Metaspace: 8217K(8384K)->8217K(8384K) NonClass: 7242K(7360K)->7242K(7360K) Class: 975K(1024K)->975K(1024K)
[11.527s][info][gc             ] GC(62) Pause Young (Allocation Failure) 278M->4M(989M) 0.820ms
[11.527s][info][gc,cpu         ] GC(62) User=0.00s Sys=0.00s Real=0.00s
[11.649s][info][gc,start       ] GC(63) Pause Young (Allocation Failure)
[11.650s][info][gc,heap        ] GC(63) DefNew: 280431K(314560K)->1466K(314560K) Eden: 279616K(279616K)->0K(279616K) From: 815K(34944K)->1466K(34944K)
[11.650s][info][gc,heap        ] GC(63) Tenured: 3748K(699072K)->3748K(699072K)
[11.650s][info][gc,metaspace   ] GC(63) Metaspace: 8217K(8384K)->8217K(8384K) NonClass: 7242K(7360K)->7242K(7360K) Class: 975K(1024K)->975K(1024K)
[11.650s][info][gc             ] GC(63) Pause Young (Allocation Failure) 277M->5M(989M) 1.056ms
[11.650s][info][gc,cpu         ] GC(63) User=0.00s Sys=0.00s Real=0.00s
[11.779s][info][gc,start       ] GC(64) Pause Young (Allocation Failure)
[11.780s][info][gc,heap        ] GC(64) DefNew: 281082K(314560K)->1518K(314560K) Eden: 279616K(279616K)->0K(279616K) From: 1466K(34944K)->1518K(34944K)
[11.780s][info][gc,heap        ] GC(64) Tenured: 3748K(699072K)->3748K(699072K)
[11.780s][info][gc,metaspace   ] GC(64) Metaspace: 8217K(8384K)->8217K(8384K) NonClass: 7242K(7360K)->7242K(7360K) Class: 975K(1024K)->975K(1024K)
[11.780s][info][gc             ] GC(64) Pause Young (Allocation Failure) 278M->5M(989M) 1.050ms
[11.780s][info][gc,cpu         ] GC(64) User=0.00s Sys=0.00s Real=0.00s
[11.901s][info][gc,start       ] GC(65) Pause Young (Allocation Failure)
[11.902s][info][gc,heap        ] GC(65) DefNew: 281134K(314560K)->1595K(314560K) Eden: 279616K(279616K)->0K(279616K) From: 1518K(34944K)->1595K(34944K)
[11.902s][info][gc,heap        ] GC(65) Tenured: 3748K(699072K)->3748K(699072K)
[11.902s][info][gc,metaspace   ] GC(65) Metaspace: 8217K(8384K)->8217K(8384K) NonClass: 7242K(7360K)->7242K(7360K) Class: 975K(1024K)->975K(1024K)
[11.902s][info][gc             ] GC(65) Pause Young (Allocation Failure) 278M->5M(989M) 1.134ms
[11.902s][info][gc,cpu         ] GC(65) User=0.00s Sys=0.00s Real=0.00s
[12.024s][info][gc,start       ] GC(66) Pause Young (Allocation Failure)
[12.025s][info][gc,heap        ] GC(66) DefNew: 281211K(314560K)->1425K(314560K) Eden: 279616K(279616K)->0K(279616K) From: 1595K(34944K)->1425K(34944K)
[12.025s][info][gc,heap        ] GC(66) Tenured: 3748K(699072K)->3748K(699072K)
[12.025s][info][gc,metaspace   ] GC(66) Metaspace: 8217K(8384K)->8217K(8384K) NonClass: 7242K(7360K)->7242K(7360K) Class: 975K(1024K)->975K(1024K)
[12.025s][info][gc             ] GC(66) Pause Young (Allocation Failure) 278M->5M(989M) 1.031ms
[12.025s][info][gc,cpu         ] GC(66) User=0.00s Sys=0.00s Real=0.00s
[12.147s][info][gc,start       ] GC(67) Pause Young (Allocation Failure)
[12.148s][info][gc,heap        ] GC(67) DefNew: 281041K(314560K)->1516K(314560K) Eden: 279616K(279616K)->0K(279616K) From: 1425K(34944K)->1516K(34944K)
[12.148s][info][gc,heap        ] GC(67) Tenured: 3748K(699072K)->3748K(699072K)
[12.148s][info][gc,metaspace   ] GC(67) Metaspace: 8217K(8384K)->8217K(8384K) NonClass: 7242K(7360K)->7242K(7360K) Class: 975K(1024K)->975K(1024K)
[12.148s][info][gc             ] GC(67) Pause Young (Allocation Failure) 278M->5M(989M) 1.137ms
[12.148s][info][gc,cpu         ] GC(67) User=0.00s Sys=0.00s Real=0.00s
[12.272s][info][gc,start       ] GC(68) Pause Young (Allocation Failure)
[12.273s][info][gc,heap        ] GC(68) DefNew: 281132K(314560K)->1519K(314560K) Eden: 279616K(279616K)->0K(279616K) From: 1516K(34944K)->1519K(34944K)
[12.273s][info][gc,heap        ] GC(68) Tenured: 3748K(699072K)->3748K(699072K)
[12.273s][info][gc,metaspace   ] GC(68) Metaspace: 8217K(8384K)->8217K(8384K) NonClass: 7242K(7360K)->7242K(7360K) Class: 975K(1024K)->975K(1024K)
[12.273s][info][gc             ] GC(68) Pause Young (Allocation Failure) 278M->5M(989M) 1.059ms
[12.273s][info][gc,cpu         ] GC(68) User=0.00s Sys=0.00s Real=0.00s
[12.395s][info][gc,start       ] GC(69) Pause Young (Allocation Failure)
[12.396s][info][gc,heap        ] GC(69) DefNew: 281135K(314560K)->1518K(314560K) Eden: 279616K(279616K)->0K(279616K) From: 1519K(34944K)->1518K(34944K)
[12.396s][info][gc,heap        ] GC(69) Tenured: 3748K(699072K)->3748K(699072K)
[12.396s][info][gc,metaspace   ] GC(69) Metaspace: 8217K(8384K)->8217K(8384K) NonClass: 7242K(7360K)->7242K(7360K) Class: 975K(1024K)->975K(1024K)
[12.396s][info][gc             ] GC(69) Pause Young (Allocation Failure) 278M->5M(989M) 1.126ms
[12.396s][info][gc,cpu         ] GC(69) User=0.00s Sys=0.00s Real=0.00s
[12.520s][info][gc,start       ] GC(70) Pause Young (Allocation Failure)
[12.521s][info][gc,heap        ] GC(70) DefNew: 281134K(314560K)->1532K(314560K) Eden: 279616K(279616K)->0K(279616K) From: 1518K(34944K)->1532K(34944K)
[12.521s][info][gc,heap        ] GC(70) Tenured: 3748K(699072K)->3748K(699072K)
[12.521s][info][gc,metaspace   ] GC(70) Metaspace: 8217K(8384K)->8217K(8384K) NonClass: 7242K(7360K)->7242K(7360K) Class: 975K(1024K)->975K(1024K)
[12.521s][info][gc             ] GC(70) Pause Young (Allocation Failure) 278M->5M(989M) 1.045ms
[12.521s][info][gc,cpu         ] GC(70) User=0.00s Sys=0.00s Real=0.00s
[12.645s][info][gc,start       ] GC(71) Pause Young (Allocation Failure)
[12.646s][info][gc,heap        ] GC(71) DefNew: 281148K(314560K)->1313K(314560K) Eden: 279616K(279616K)->0K(279616K) From: 1532K(34944K)->1313K(34944K)
[12.646s][info][gc,heap        ] GC(71) Tenured: 3748K(699072K)->3748K(699072K)
[12.646s][info][gc,metaspace   ] GC(71) Metaspace: 8217K(8384K)->8217K(8384K) NonClass: 7242K(7360K)->7242K(7360K) Class: 975K(1024K)->975K(1024K)
[12.646s][info][gc             ] GC(71) Pause Young (Allocation Failure) 278M->4M(989M) 1.072ms
[12.646s][info][gc,cpu         ] GC(71) User=0.00s Sys=0.00s Real=0.00s
[12.777s][info][gc,start       ] GC(72) Pause Young (Allocation Failure)
[12.778s][info][gc,heap        ] GC(72) DefNew: 280929K(314560K)->1230K(314560K) Eden: 279616K(279616K)->0K(279616K) From: 1313K(34944K)->1230K(34944K)
[12.778s][info][gc,heap        ] GC(72) Tenured: 3748K(699072K)->3877K(699072K)
[12.778s][info][gc,metaspace   ] GC(72) Metaspace: 8217K(8384K)->8217K(8384K) NonClass: 7242K(7360K)->7242K(7360K) Class: 975K(1024K)->975K(1024K)
[12.778s][info][gc             ] GC(72) Pause Young (Allocation Failure) 278M->4M(989M) 1.128ms
[12.778s][info][gc,cpu         ] GC(72) User=0.00s Sys=0.00s Real=0.00s
[12.899s][info][gc,start       ] GC(73) Pause Young (Allocation Failure)
[12.900s][info][gc,heap        ] GC(73) DefNew: 280846K(314560K)->1301K(314560K) Eden: 279616K(279616K)->0K(279616K) From: 1230K(34944K)->1301K(34944K)
[12.900s][info][gc,heap        ] GC(73) Tenured: 3877K(699072K)->3877K(699072K)
[12.900s][info][gc,metaspace   ] GC(73) Metaspace: 8217K(8384K)->8217K(8384K) NonClass: 7242K(7360K)->7242K(7360K) Class: 975K(1024K)->975K(1024K)
[12.900s][info][gc             ] GC(73) Pause Young (Allocation Failure) 278M->5M(989M) 0.897ms
[12.900s][info][gc,cpu         ] GC(73) User=0.00s Sys=0.00s Real=0.00s
[13.037s][info][gc,start       ] GC(74) Pause Full (System.gc())
[13.037s][info][gc,phases,start] GC(74) Phase 1: Mark live objects
[13.043s][info][gc,phases      ] GC(74) Phase 1: Mark live objects 5.393ms
[13.043s][info][gc,phases,start] GC(74) Phase 2: Compute new object addresses
[13.065s][info][gc,phases      ] GC(74) Phase 2: Compute new object addresses 22.021ms
[13.065s][info][gc,phases,start] GC(74) Phase 3: Adjust pointers
[13.068s][info][gc,phases      ] GC(74) Phase 3: Adjust pointers 3.756ms
[13.068s][info][gc,phases,start] GC(74) Phase 4: Move objects
[13.068s][info][gc,phases      ] GC(74) Phase 4: Move objects 0.022ms
[13.068s][info][gc,heap        ] GC(74) DefNew: 262376K(314560K)->0K(314560K) Eden: 261074K(279616K)->0K(279616K) From: 1301K(34944K)->0K(34944K)
[13.068s][info][gc,heap        ] GC(74) Tenured: 3877K(699072K)->3881K(699072K)
[13.068s][info][gc,metaspace   ] GC(74) Metaspace: 8217K(8384K)->8217K(8384K) NonClass: 7242K(7360K)->7242K(7360K) Class: 975K(1024K)->975K(1024K)
[13.068s][info][gc             ] GC(74) Pause Full (System.gc()) 260M->3M(989M) 31.440ms
[13.069s][info][gc,cpu         ] GC(74) User=0.03s Sys=0.00s Real=0.04s
[13.202s][info][gc,start       ] GC(75) Pause Young (Allocation Failure)
[13.203s][info][gc,heap        ] GC(75) DefNew: 279616K(314560K)->1643K(314560K) Eden: 279616K(279616K)->0K(279616K) From: 0K(34944K)->1643K(34944K)
[13.203s][info][gc,heap        ] GC(75) Tenured: 3881K(699072K)->3881K(699072K)
[13.203s][info][gc,metaspace   ] GC(75) Metaspace: 8217K(8384K)->8217K(8384K) NonClass: 7242K(7360K)->7242K(7360K) Class: 975K(1024K)->975K(1024K)
[13.203s][info][gc             ] GC(75) Pause Young (Allocation Failure) 276M->5M(989M) 1.291ms
[13.203s][info][gc,cpu         ] GC(75) User=0.00s Sys=0.00s Real=0.00s
[13.329s][info][gc,start       ] GC(76) Pause Young (Allocation Failure)
[13.330s][info][gc,heap        ] GC(76) DefNew: 281259K(314560K)->1495K(314560K) Eden: 279616K(279616K)->0K(279616K) From: 1643K(34944K)->1495K(34944K)
[13.330s][info][gc,heap        ] GC(76) Tenured: 3881K(699072K)->3881K(699072K)
[13.330s][info][gc,metaspace   ] GC(76) Metaspace: 8217K(8384K)->8217K(8384K) NonClass: 7242K(7360K)->7242K(7360K) Class: 975K(1024K)->975K(1024K)
[13.330s][info][gc             ] GC(76) Pause Young (Allocation Failure) 278M->5M(989M) 1.015ms
[13.330s][info][gc,cpu         ] GC(76) User=0.00s Sys=0.00s Real=0.00s
[13.456s][info][gc,start       ] GC(77) Pause Young (Allocation Failure)
[13.457s][info][gc,heap        ] GC(77) DefNew: 281111K(314560K)->1586K(314560K) Eden: 279616K(279616K)->0K(279616K) From: 1495K(34944K)->1586K(34944K)
[13.458s][info][gc,heap        ] GC(77) Tenured: 3881K(699072K)->3881K(699072K)
[13.458s][info][gc,metaspace   ] GC(77) Metaspace: 8217K(8384K)->8217K(8384K) NonClass: 7242K(7360K)->7242K(7360K) Class: 975K(1024K)->975K(1024K)
[13.458s][info][gc             ] GC(77) Pause Young (Allocation Failure) 278M->5M(989M) 1.096ms
[13.458s][info][gc,cpu         ] GC(77) User=0.00s Sys=0.00s Real=0.00s
[13.579s][info][gc,start       ] GC(78) Pause Young (Allocation Failure)
[13.580s][info][gc,heap        ] GC(78) DefNew: 281202K(314560K)->1608K(314560K) Eden: 279616K(279616K)->0K(279616K) From: 1586K(34944K)->1608K(34944K)
[13.581s][info][gc,heap        ] GC(78) Tenured: 3881K(699072K)->3881K(699072K)
[13.581s][info][gc,metaspace   ] GC(78) Metaspace: 8217K(8384K)->8217K(8384K) NonClass: 7242K(7360K)->7242K(7360K) Class: 975K(1024K)->975K(1024K)
[13.581s][info][gc             ] GC(78) Pause Young (Allocation Failure) 278M->5M(989M) 1.072ms
[13.581s][info][gc,cpu         ] GC(78) User=0.00s Sys=0.00s Real=0.00s
[13.702s][info][gc,start       ] GC(79) Pause Young (Allocation Failure)
[13.703s][info][gc,heap        ] GC(79) DefNew: 281224K(314560K)->1576K(314560K) Eden: 279616K(279616K)->0K(279616K) From: 1608K(34944K)->1576K(34944K)
[13.703s][info][gc,heap        ] GC(79) Tenured: 3881K(699072K)->3881K(699072K)
[13.703s][info][gc,metaspace   ] GC(79) Metaspace: 8217K(8384K)->8217K(8384K) NonClass: 7242K(7360K)->7242K(7360K) Class: 975K(1024K)->975K(1024K)
[13.703s][info][gc             ] GC(79) Pause Young (Allocation Failure) 278M->5M(989M) 1.104ms
[13.703s][info][gc,cpu         ] GC(79) User=0.00s Sys=0.00s Real=0.00s
[13.833s][info][gc,start       ] GC(80) Pause Young (Allocation Failure)
[13.834s][info][gc,heap        ] GC(80) DefNew: 281192K(314560K)->1338K(314560K) Eden: 279616K(279616K)->0K(279616K) From: 1576K(34944K)->1338K(34944K)
[13.834s][info][gc,heap        ] GC(80) Tenured: 3881K(699072K)->3881K(699072K)
[13.834s][info][gc,metaspace   ] GC(80) Metaspace: 8217K(8384K)->8217K(8384K) NonClass: 7242K(7360K)->7242K(7360K) Class: 975K(1024K)->975K(1024K)
[13.834s][info][gc             ] GC(80) Pause Young (Allocation Failure) 278M->5M(989M) 1.023ms
[13.834s][info][gc,cpu         ] GC(80) User=0.00s Sys=0.00s Real=0.00s
[13.960s][info][gc,start       ] GC(81) Pause Young (Allocation Failure)
[13.961s][info][gc,heap        ] GC(81) DefNew: 280954K(314560K)->1330K(314560K) Eden: 279616K(279616K)->0K(279616K) From: 1338K(34944K)->1330K(34944K)
[13.961s][info][gc,heap        ] GC(81) Tenured: 3881K(699072K)->3881K(699072K)
[13.961s][info][gc,metaspace   ] GC(81) Metaspace: 8217K(8384K)->8217K(8384K) NonClass: 7242K(7360K)->7242K(7360K) Class: 975K(1024K)->975K(1024K)
[13.961s][info][gc             ] GC(81) Pause Young (Allocation Failure) 278M->5M(989M) 1.021ms
[13.961s][info][gc,cpu         ] GC(81) User=0.00s Sys=0.00s Real=0.00s
[14.082s][info][gc,start       ] GC(82) Pause Young (Allocation Failure)
[14.083s][info][gc,heap        ] GC(82) DefNew: 280946K(314560K)->1472K(314560K) Eden: 279616K(279616K)->0K(279616K) From: 1330K(34944K)->1472K(34944K)
[14.083s][info][gc,heap        ] GC(82) Tenured: 3881K(699072K)->3881K(699072K)
[14.083s][info][gc,metaspace   ] GC(82) Metaspace: 8217K(8384K)->8217K(8384K) NonClass: 7242K(7360K)->7242K(7360K) Class: 975K(1024K)->975K(1024K)
[14.083s][info][gc             ] GC(82) Pause Young (Allocation Failure) 278M->5M(989M) 1.208ms
[14.083s][info][gc,cpu         ] GC(82) User=0.00s Sys=0.00s Real=0.00s
[14.207s][info][gc,start       ] GC(83) Pause Young (Allocation Failure)
[14.209s][info][gc,heap        ] GC(83) DefNew: 281088K(314560K)->1314K(314560K) Eden: 279616K(279616K)->0K(279616K) From: 1472K(34944K)->1314K(34944K)
[14.209s][info][gc,heap        ] GC(83) Tenured: 3881K(699072K)->3881K(699072K)
[14.209s][info][gc,metaspace   ] GC(83) Metaspace: 8217K(8384K)->8217K(8384K) NonClass: 7242K(7360K)->7242K(7360K) Class: 975K(1024K)->975K(1024K)
[14.209s][info][gc             ] GC(83) Pause Young (Allocation Failure) 278M->5M(989M) 1.090ms
[14.209s][info][gc,cpu         ] GC(83) User=0.00s Sys=0.00s Real=0.00s
[14.333s][info][gc,start       ] GC(84) Pause Young (Allocation Failure)
[14.334s][info][gc,heap        ] GC(84) DefNew: 280930K(314560K)->1647K(314560K) Eden: 279616K(279616K)->0K(279616K) From: 1314K(34944K)->1647K(34944K)
[14.334s][info][gc,heap        ] GC(84) Tenured: 3881K(699072K)->3881K(699072K)
[14.334s][info][gc,metaspace   ] GC(84) Metaspace: 8217K(8384K)->8217K(8384K) NonClass: 7242K(7360K)->7242K(7360K) Class: 975K(1024K)->975K(1024K)
[14.334s][info][gc             ] GC(84) Pause Young (Allocation Failure) 278M->5M(989M) 1.175ms
[14.334s][info][gc,cpu         ] GC(84) User=0.00s Sys=0.00s Real=0.00s
[14.461s][info][gc,start       ] GC(85) Pause Young (Allocation Failure)
[14.463s][info][gc,heap        ] GC(85) DefNew: 281263K(314560K)->1543K(314560K) Eden: 279616K(279616K)->0K(279616K) From: 1647K(34944K)->1543K(34944K)
[14.463s][info][gc,heap        ] GC(85) Tenured: 3881K(699072K)->3881K(699072K)
[14.463s][info][gc,metaspace   ] GC(85) Metaspace: 8217K(8384K)->8217K(8384K) NonClass: 7242K(7360K)->7242K(7360K) Class: 975K(1024K)->975K(1024K)
[14.463s][info][gc             ] GC(85) Pause Young (Allocation Failure) 278M->5M(989M) 1.142ms
[14.463s][info][gc,cpu         ] GC(85) User=0.00s Sys=0.00s Real=0.00s
[14.586s][info][gc,start       ] GC(86) Pause Young (Allocation Failure)
[14.587s][info][gc,heap        ] GC(86) DefNew: 281159K(314560K)->1577K(314560K) Eden: 279616K(279616K)->0K(279616K) From: 1543K(34944K)->1577K(34944K)
[14.587s][info][gc,heap        ] GC(86) Tenured: 3881K(699072K)->3881K(699072K)
[14.587s][info][gc,metaspace   ] GC(86) Metaspace: 8217K(8384K)->8217K(8384K) NonClass: 7242K(7360K)->7242K(7360K) Class: 975K(1024K)->975K(1024K)
[14.588s][info][gc             ] GC(86) Pause Young (Allocation Failure) 278M->5M(989M) 1.229ms
[14.588s][info][gc,cpu         ] GC(86) User=0.00s Sys=0.00s Real=0.00s
[14.710s][info][gc,start       ] GC(87) Pause Young (Allocation Failure)
[14.711s][info][gc,heap        ] GC(87) DefNew: 281193K(314560K)->1258K(314560K) Eden: 279616K(279616K)->0K(279616K) From: 1577K(34944K)->1258K(34944K)
[14.711s][info][gc,heap        ] GC(87) Tenured: 3881K(699072K)->3881K(699072K)
[14.711s][info][gc,metaspace   ] GC(87) Metaspace: 8217K(8384K)->8217K(8384K) NonClass: 7242K(7360K)->7242K(7360K) Class: 975K(1024K)->975K(1024K)
[14.711s][info][gc             ] GC(87) Pause Young (Allocation Failure) 278M->5M(989M) 0.998ms
[14.711s][info][gc,cpu         ] GC(87) User=0.00s Sys=0.00s Real=0.00s
[14.839s][info][gc,start       ] GC(88) Pause Young (Allocation Failure)
[14.840s][info][gc,heap        ] GC(88) DefNew: 280874K(314560K)->1394K(314560K) Eden: 279616K(279616K)->0K(279616K) From: 1258K(34944K)->1394K(34944K)
[14.840s][info][gc,heap        ] GC(88) Tenured: 3881K(699072K)->3881K(699072K)
[14.840s][info][gc,metaspace   ] GC(88) Metaspace: 8217K(8384K)->8217K(8384K) NonClass: 7242K(7360K)->7242K(7360K) Class: 975K(1024K)->975K(1024K)
[14.840s][info][gc             ] GC(88) Pause Young (Allocation Failure) 278M->5M(989M) 1.069ms
[14.840s][info][gc,cpu         ] GC(88) User=0.00s Sys=0.00s Real=0.00s
[14.961s][info][gc,start       ] GC(89) Pause Young (Allocation Failure)
[14.962s][info][gc,heap        ] GC(89) DefNew: 281010K(314560K)->1353K(314560K) Eden: 279616K(279616K)->0K(279616K) From: 1394K(34944K)->1353K(34944K)
[14.962s][info][gc,heap        ] GC(89) Tenured: 3881K(699072K)->3881K(699072K)
[14.963s][info][gc,metaspace   ] GC(89) Metaspace: 8217K(8384K)->8217K(8384K) NonClass: 7242K(7360K)->7242K(7360K) Class: 975K(1024K)->975K(1024K)
[14.963s][info][gc             ] GC(89) Pause Young (Allocation Failure) 278M->5M(989M) 1.069ms
[14.963s][info][gc,cpu         ] GC(89) User=0.00s Sys=0.00s Real=0.00s
[15.085s][info][gc,start       ] GC(90) Pause Young (Allocation Failure)
[15.087s][info][gc,heap        ] GC(90) DefNew: 280969K(314560K)->1606K(314560K) Eden: 279616K(279616K)->0K(279616K) From: 1353K(34944K)->1606K(34944K)
[15.087s][info][gc,heap        ] GC(90) Tenured: 3881K(699072K)->4010K(699072K)
[15.087s][info][gc,metaspace   ] GC(90) Metaspace: 8217K(8384K)->8217K(8384K) NonClass: 7242K(7360K)->7242K(7360K) Class: 975K(1024K)->975K(1024K)
[15.087s][info][gc             ] GC(90) Pause Young (Allocation Failure) 278M->5M(989M) 1.254ms
[15.087s][info][gc,cpu         ] GC(90) User=0.00s Sys=0.00s Real=0.00s
[15.210s][info][gc,start       ] GC(91) Pause Young (Allocation Failure)
[15.210s][info][gc,heap        ] GC(91) DefNew: 281222K(314560K)->1231K(314560K) Eden: 279616K(279616K)->0K(279616K) From: 1606K(34944K)->1231K(34944K)
[15.210s][info][gc,heap        ] GC(91) Tenured: 4010K(699072K)->4010K(699072K)
[15.210s][info][gc,metaspace   ] GC(91) Metaspace: 8217K(8384K)->8217K(8384K) NonClass: 7242K(7360K)->7242K(7360K) Class: 975K(1024K)->975K(1024K)
[15.210s][info][gc             ] GC(91) Pause Young (Allocation Failure) 278M->5M(989M) 0.970ms
[15.211s][info][gc,cpu         ] GC(91) User=0.00s Sys=0.00s Real=0.00s
[15.356s][info][gc,start       ] GC(92) Pause Full (System.gc())
[15.356s][info][gc,phases,start] GC(92) Phase 1: Mark live objects
[15.362s][info][gc,phases      ] GC(92) Phase 1: Mark live objects 5.805ms
[15.362s][info][gc,phases,start] GC(92) Phase 2: Compute new object addresses
[15.384s][info][gc,phases      ] GC(92) Phase 2: Compute new object addresses 21.758ms
[15.384s][info][gc,phases,start] GC(92) Phase 3: Adjust pointers
[15.388s][info][gc,phases      ] GC(92) Phase 3: Adjust pointers 3.722ms
[15.388s][info][gc,phases,start] GC(92) Phase 4: Move objects
[15.388s][info][gc,phases      ] GC(92) Phase 4: Move objects 0.015ms
[15.388s][info][gc,heap        ] GC(92) DefNew: 269251K(314560K)->0K(314560K) Eden: 268020K(279616K)->0K(279616K) From: 1231K(34944K)->0K(34944K)
[15.388s][info][gc,heap        ] GC(92) Tenured: 4010K(699072K)->4013K(699072K)
[15.388s][info][gc,metaspace   ] GC(92) Metaspace: 8218K(8384K)->8218K(8384K) NonClass: 7243K(7360K)->7243K(7360K) Class: 975K(1024K)->975K(1024K)
[15.388s][info][gc             ] GC(92) Pause Full (System.gc()) 266M->3M(989M) 31.557ms
[15.388s][info][gc,cpu         ] GC(92) User=0.03s Sys=0.00s Real=0.04s
[15.520s][info][gc,start       ] GC(93) Pause Young (Allocation Failure)
[15.521s][info][gc,heap        ] GC(93) DefNew: 279616K(314560K)->1443K(314560K) Eden: 279616K(279616K)->0K(279616K) From: 0K(34944K)->1443K(34944K)
[15.521s][info][gc,heap        ] GC(93) Tenured: 4013K(699072K)->4013K(699072K)
[15.521s][info][gc,metaspace   ] GC(93) Metaspace: 8223K(8384K)->8223K(8384K) NonClass: 7247K(7360K)->7247K(7360K) Class: 975K(1024K)->975K(1024K)
[15.521s][info][gc             ] GC(93) Pause Young (Allocation Failure) 276M->5M(989M) 1.181ms
[15.521s][info][gc,cpu         ] GC(93) User=0.00s Sys=0.00s Real=0.00s
[15.644s][info][gc,start       ] GC(94) Pause Young (Allocation Failure)
[15.645s][info][gc,heap        ] GC(94) DefNew: 281059K(314560K)->1057K(314560K) Eden: 279616K(279616K)->0K(279616K) From: 1443K(34944K)->1057K(34944K)
[15.645s][info][gc,heap        ] GC(94) Tenured: 4013K(699072K)->4013K(699072K)
[15.645s][info][gc,metaspace   ] GC(94) Metaspace: 8223K(8384K)->8223K(8384K) NonClass: 7247K(7360K)->7247K(7360K) Class: 975K(1024K)->975K(1024K)
[15.645s][info][gc             ] GC(94) Pause Young (Allocation Failure) 278M->4M(989M) 0.961ms
[15.645s][info][gc,cpu         ] GC(94) User=0.00s Sys=0.00s Real=0.00s
[15.773s][info][gc,start       ] GC(95) Pause Young (Allocation Failure)
[15.774s][info][gc,heap        ] GC(95) DefNew: 280673K(314560K)->1348K(314560K) Eden: 279616K(279616K)->0K(279616K) From: 1057K(34944K)->1348K(34944K)
[15.774s][info][gc,heap        ] GC(95) Tenured: 4013K(699072K)->4013K(699072K)
[15.774s][info][gc,metaspace   ] GC(95) Metaspace: 8223K(8384K)->8223K(8384K) NonClass: 7247K(7360K)->7247K(7360K) Class: 975K(1024K)->975K(1024K)
[15.774s][info][gc             ] GC(95) Pause Young (Allocation Failure) 278M->5M(989M) 1.082ms
[15.774s][info][gc,cpu         ] GC(95) User=0.00s Sys=0.00s Real=0.00s
[15.894s][info][gc,start       ] GC(96) Pause Young (Allocation Failure)
[15.895s][info][gc,heap        ] GC(96) DefNew: 280964K(314560K)->1320K(314560K) Eden: 279616K(279616K)->0K(279616K) From: 1348K(34944K)->1320K(34944K)
[15.895s][info][gc,heap        ] GC(96) Tenured: 4013K(699072K)->4013K(699072K)
[15.895s][info][gc,metaspace   ] GC(96) Metaspace: 8223K(8384K)->8223K(8384K) NonClass: 7247K(7360K)->7247K(7360K) Class: 975K(1024K)->975K(1024K)
[15.895s][info][gc             ] GC(96) Pause Young (Allocation Failure) 278M->5M(989M) 1.013ms
[15.895s][info][gc,cpu         ] GC(96) User=0.00s Sys=0.00s Real=0.00s
[16.026s][info][gc,start       ] GC(97) Pause Young (Allocation Failure)
[16.027s][info][gc,heap        ] GC(97) DefNew: 280936K(314560K)->1536K(314560K) Eden: 279616K(279616K)->0K(279616K) From: 1320K(34944K)->1536K(34944K)
[16.027s][info][gc,heap        ] GC(97) Tenured: 4013K(699072K)->4013K(699072K)
[16.027s][info][gc,metaspace   ] GC(97) Metaspace: 8223K(8384K)->8223K(8384K) NonClass: 7247K(7360K)->7247K(7360K) Class: 975K(1024K)->975K(1024K)
[16.027s][info][gc             ] GC(97) Pause Young (Allocation Failure) 278M->5M(989M) 1.216ms
[16.027s][info][gc,cpu         ] GC(97) User=0.00s Sys=0.00s Real=0.00s
[16.163s][info][gc,start       ] GC(98) Pause Young (Allocation Failure)
[16.164s][info][gc,heap        ] GC(98) DefNew: 281152K(314560K)->1223K(314560K) Eden: 279616K(279616K)->0K(279616K) From: 1536K(34944K)->1223K(34944K)
[16.164s][info][gc,heap        ] GC(98) Tenured: 4013K(699072K)->4013K(699072K)
[16.165s][info][gc,metaspace   ] GC(98) Metaspace: 8223K(8384K)->8223K(8384K) NonClass: 7247K(7360K)->7247K(7360K) Class: 975K(1024K)->975K(1024K)
[16.165s][info][gc             ] GC(98) Pause Young (Allocation Failure) 278M->5M(989M) 1.148ms
[16.165s][info][gc,cpu         ] GC(98) User=0.00s Sys=0.00s Real=0.00s
[16.304s][info][gc,start       ] GC(99) Pause Young (Allocation Failure)
[16.305s][info][gc,heap        ] GC(99) DefNew: 280839K(314560K)->1148K(314560K) Eden: 279616K(279616K)->0K(279616K) From: 1223K(34944K)->1148K(34944K)
[16.305s][info][gc,heap        ] GC(99) Tenured: 4013K(699072K)->4013K(699072K)
[16.305s][info][gc,metaspace   ] GC(99) Metaspace: 8223K(8384K)->8223K(8384K) NonClass: 7247K(7360K)->7247K(7360K) Class: 975K(1024K)->975K(1024K)
[16.305s][info][gc             ] GC(99) Pause Young (Allocation Failure) 278M->5M(989M) 1.090ms
[16.305s][info][gc,cpu         ] GC(99) User=0.00s Sys=0.00s Real=0.00s
[16.440s][info][gc,start       ] GC(100) Pause Young (Allocation Failure)
[16.441s][info][gc,heap        ] GC(100) DefNew: 280764K(314560K)->1271K(314560K) Eden: 279616K(279616K)->0K(279616K) From: 1148K(34944K)->1271K(34944K)
[16.441s][info][gc,heap        ] GC(100) Tenured: 4013K(699072K)->4013K(699072K)
[16.441s][info][gc,metaspace   ] GC(100) Metaspace: 8223K(8384K)->8223K(8384K) NonClass: 7247K(7360K)->7247K(7360K) Class: 975K(1024K)->975K(1024K)
[16.441s][info][gc             ] GC(100) Pause Young (Allocation Failure) 278M->5M(989M) 1.030ms
[16.441s][info][gc,cpu         ] GC(100) User=0.02s Sys=0.00s Real=0.00s
[16.569s][info][gc,start       ] GC(101) Pause Young (Allocation Failure)
[16.570s][info][gc,heap        ] GC(101) DefNew: 280887K(314560K)->1620K(314560K) Eden: 279616K(279616K)->0K(279616K) From: 1271K(34944K)->1620K(34944K)
[16.570s][info][gc,heap        ] GC(101) Tenured: 4013K(699072K)->4013K(699072K)
[16.570s][info][gc,metaspace   ] GC(101) Metaspace: 8223K(8384K)->8223K(8384K) NonClass: 7247K(7360K)->7247K(7360K) Class: 975K(1024K)->975K(1024K)
[16.570s][info][gc             ] GC(101) Pause Young (Allocation Failure) 278M->5M(989M) 1.183ms
[16.570s][info][gc,cpu         ] GC(101) User=0.00s Sys=0.00s Real=0.00s
[16.708s][info][gc,start       ] GC(102) Pause Young (Allocation Failure)
[16.709s][info][gc,heap        ] GC(102) DefNew: 281236K(314560K)->1463K(314560K) Eden: 279616K(279616K)->0K(279616K) From: 1620K(34944K)->1463K(34944K)
[16.709s][info][gc,heap        ] GC(102) Tenured: 4013K(699072K)->4013K(699072K)
[16.709s][info][gc,metaspace   ] GC(102) Metaspace: 8223K(8384K)->8223K(8384K) NonClass: 7247K(7360K)->7247K(7360K) Class: 975K(1024K)->975K(1024K)
[16.709s][info][gc             ] GC(102) Pause Young (Allocation Failure) 278M->5M(989M) 1.151ms
[16.709s][info][gc,cpu         ] GC(102) User=0.00s Sys=0.00s Real=0.00s
[16.838s][info][gc,start       ] GC(103) Pause Young (Allocation Failure)
[16.839s][info][gc,heap        ] GC(103) DefNew: 281079K(314560K)->1829K(314560K) Eden: 279616K(279616K)->0K(279616K) From: 1463K(34944K)->1829K(34944K)
[16.839s][info][gc,heap        ] GC(103) Tenured: 4013K(699072K)->4013K(699072K)
[16.839s][info][gc,metaspace   ] GC(103) Metaspace: 8223K(8384K)->8223K(8384K) NonClass: 7247K(7360K)->7247K(7360K) Class: 975K(1024K)->975K(1024K)
[16.839s][info][gc             ] GC(103) Pause Young (Allocation Failure) 278M->5M(989M) 1.319ms
[16.839s][info][gc,cpu         ] GC(103) User=0.00s Sys=0.00s Real=0.00s
[16.962s][info][gc,start       ] GC(104) Pause Young (Allocation Failure)
[16.963s][info][gc,heap        ] GC(104) DefNew: 281445K(314560K)->1518K(314560K) Eden: 279616K(279616K)->0K(279616K) From: 1829K(34944K)->1518K(34944K)
[16.963s][info][gc,heap        ] GC(104) Tenured: 4013K(699072K)->4013K(699072K)
[16.963s][info][gc,metaspace   ] GC(104) Metaspace: 8223K(8384K)->8223K(8384K) NonClass: 7247K(7360K)->7247K(7360K) Class: 975K(1024K)->975K(1024K)
[16.963s][info][gc             ] GC(104) Pause Young (Allocation Failure) 278M->5M(989M) 1.115ms
[16.963s][info][gc,cpu         ] GC(104) User=0.00s Sys=0.00s Real=0.00s
[17.088s][info][gc,start       ] GC(105) Pause Young (Allocation Failure)
[17.089s][info][gc,heap        ] GC(105) DefNew: 281134K(314560K)->1269K(314560K) Eden: 279616K(279616K)->0K(279616K) From: 1518K(34944K)->1269K(34944K)
[17.090s][info][gc,heap        ] GC(105) Tenured: 4013K(699072K)->4013K(699072K)
[17.090s][info][gc,metaspace   ] GC(105) Metaspace: 8223K(8384K)->8223K(8384K) NonClass: 7247K(7360K)->7247K(7360K) Class: 975K(1024K)->975K(1024K)
[17.090s][info][gc             ] GC(105) Pause Young (Allocation Failure) 278M->5M(989M) 1.270ms
[17.090s][info][gc,cpu         ] GC(105) User=0.00s Sys=0.00s Real=0.00s
[17.211s][info][gc,start       ] GC(106) Pause Young (Allocation Failure)
[17.212s][info][gc,heap        ] GC(106) DefNew: 280885K(314560K)->1592K(314560K) Eden: 279616K(279616K)->0K(279616K) From: 1269K(34944K)->1592K(34944K)
[17.212s][info][gc,heap        ] GC(106) Tenured: 4013K(699072K)->4013K(699072K)
[17.212s][info][gc,metaspace   ] GC(106) Metaspace: 8223K(8384K)->8223K(8384K) NonClass: 7247K(7360K)->7247K(7360K) Class: 975K(1024K)->975K(1024K)
[17.212s][info][gc             ] GC(106) Pause Young (Allocation Failure) 278M->5M(989M) 1.107ms
[17.212s][info][gc,cpu         ] GC(106) User=0.00s Sys=0.00s Real=0.00s
[17.334s][info][gc,start       ] GC(107) Pause Young (Allocation Failure)
[17.335s][info][gc,heap        ] GC(107) DefNew: 281208K(314560K)->1348K(314560K) Eden: 279616K(279616K)->0K(279616K) From: 1592K(34944K)->1348K(34944K)
[17.335s][info][gc,heap        ] GC(107) Tenured: 4013K(699072K)->4013K(699072K)
[17.335s][info][gc,metaspace   ] GC(107) Metaspace: 8223K(8384K)->8223K(8384K) NonClass: 7247K(7360K)->7247K(7360K) Class: 975K(1024K)->975K(1024K)
[17.335s][info][gc             ] GC(107) Pause Young (Allocation Failure) 278M->5M(989M) 1.069ms
[17.335s][info][gc,cpu         ] GC(107) User=0.00s Sys=0.00s Real=0.00s
[17.456s][info][gc,start       ] GC(108) Pause Young (Allocation Failure)
[17.457s][info][gc,heap        ] GC(108) DefNew: 280964K(314560K)->1187K(314560K) Eden: 279616K(279616K)->0K(279616K) From: 1348K(34944K)->1187K(34944K)
[17.457s][info][gc,heap        ] GC(108) Tenured: 4013K(699072K)->4142K(699072K)
[17.457s][info][gc,metaspace   ] GC(108) Metaspace: 8223K(8384K)->8223K(8384K) NonClass: 7247K(7360K)->7247K(7360K) Class: 975K(1024K)->975K(1024K)
[17.457s][info][gc             ] GC(108) Pause Young (Allocation Failure) 278M->5M(989M) 1.073ms
[17.457s][info][gc,cpu         ] GC(108) User=0.00s Sys=0.00s Real=0.00s
[17.578s][info][gc,start       ] GC(109) Pause Young (Allocation Failure)
[17.579s][info][gc,heap        ] GC(109) DefNew: 280803K(314560K)->1332K(314560K) Eden: 279616K(279616K)->0K(279616K) From: 1187K(34944K)->1332K(34944K)
[17.579s][info][gc,heap        ] GC(109) Tenured: 4142K(699072K)->4142K(699072K)
[17.579s][info][gc,metaspace   ] GC(109) Metaspace: 8223K(8384K)->8223K(8384K) NonClass: 7247K(7360K)->7247K(7360K) Class: 975K(1024K)->975K(1024K)
[17.579s][info][gc             ] GC(109) Pause Young (Allocation Failure) 278M->5M(989M) 1.008ms
[17.579s][info][gc,cpu         ] GC(109) User=0.00s Sys=0.00s Real=0.00s
[17.716s][info][gc,start       ] GC(110) Pause Full (System.gc())
[17.716s][info][gc,phases,start] GC(110) Phase 1: Mark live objects
[17.722s][info][gc,phases      ] GC(110) Phase 1: Mark live objects 5.392ms
[17.722s][info][gc,phases,start] GC(110) Phase 2: Compute new object addresses
[17.745s][info][gc,phases      ] GC(110) Phase 2: Compute new object addresses 22.807ms
[17.745s][info][gc,phases,start] GC(110) Phase 3: Adjust pointers
[17.749s][info][gc,phases      ] GC(110) Phase 3: Adjust pointers 3.864ms
[17.749s][info][gc,phases,start] GC(110) Phase 4: Move objects
[17.749s][info][gc,phases      ] GC(110) Phase 4: Move objects 0.010ms
[17.749s][info][gc,heap        ] GC(110) DefNew: 266575K(314560K)->0K(314560K) Eden: 265243K(279616K)->0K(279616K) From: 1332K(34944K)->0K(34944K)
[17.749s][info][gc,heap        ] GC(110) Tenured: 4142K(699072K)->4146K(699072K)
[17.749s][info][gc,metaspace   ] GC(110) Metaspace: 8223K(8384K)->8223K(8384K) NonClass: 7247K(7360K)->7247K(7360K) Class: 975K(1024K)->975K(1024K)
[17.749s][info][gc             ] GC(110) Pause Full (System.gc()) 264M->4M(989M) 32.342ms
[17.749s][info][gc,cpu         ] GC(110) User=0.03s Sys=0.00s Real=0.03s
[17.882s][info][gc,start       ] GC(111) Pause Young (Allocation Failure)
[17.883s][info][gc,heap        ] GC(111) DefNew: 279616K(314560K)->1346K(314560K) Eden: 279616K(279616K)->0K(279616K) From: 0K(34944K)->1346K(34944K)
[17.883s][info][gc,heap        ] GC(111) Tenured: 4146K(699072K)->4146K(699072K)
[17.883s][info][gc,metaspace   ] GC(111) Metaspace: 8225K(8384K)->8225K(8384K) NonClass: 7249K(7360K)->7249K(7360K) Class: 975K(1024K)->975K(1024K)
[17.883s][info][gc             ] GC(111) Pause Young (Allocation Failure) 277M->5M(989M) 1.110ms
[17.883s][info][gc,cpu         ] GC(111) User=0.00s Sys=0.00s Real=0.00s
[18.009s][info][gc,start       ] GC(112) Pause Young (Allocation Failure)
[18.010s][info][gc,heap        ] GC(112) DefNew: 280943K(314560K)->1573K(314560K) Eden: 279596K(279616K)->0K(279616K) From: 1346K(34944K)->1573K(34944K)
[18.010s][info][gc,heap        ] GC(112) Tenured: 4146K(699072K)->4146K(699072K)
[18.010s][info][gc,metaspace   ] GC(112) Metaspace: 8225K(8384K)->8225K(8384K) NonClass: 7249K(7360K)->7249K(7360K) Class: 975K(1024K)->975K(1024K)
[18.010s][info][gc             ] GC(112) Pause Young (Allocation Failure) 278M->5M(989M) 1.153ms
[18.011s][info][gc,cpu         ] GC(112) User=0.00s Sys=0.00s Real=0.00s
[18.135s][info][gc,start       ] GC(113) Pause Young (Allocation Failure)
[18.136s][info][gc,heap        ] GC(113) DefNew: 281189K(314560K)->1410K(314560K) Eden: 279616K(279616K)->0K(279616K) From: 1573K(34944K)->1410K(34944K)
[18.136s][info][gc,heap        ] GC(113) Tenured: 4146K(699072K)->4146K(699072K)
[18.136s][info][gc,metaspace   ] GC(113) Metaspace: 8225K(8384K)->8225K(8384K) NonClass: 7249K(7360K)->7249K(7360K) Class: 975K(1024K)->975K(1024K)
[18.136s][info][gc             ] GC(113) Pause Young (Allocation Failure) 278M->5M(989M) 1.184ms
[18.136s][info][gc,cpu         ] GC(113) User=0.00s Sys=0.00s Real=0.00s
[18.259s][info][gc,start       ] GC(114) Pause Young (Allocation Failure)
[18.260s][info][gc,heap        ] GC(114) DefNew: 281026K(314560K)->1239K(314560K) Eden: 279616K(279616K)->0K(279616K) From: 1410K(34944K)->1239K(34944K)
[18.260s][info][gc,heap        ] GC(114) Tenured: 4146K(699072K)->4146K(699072K)
[18.260s][info][gc,metaspace   ] GC(114) Metaspace: 8225K(8384K)->8225K(8384K) NonClass: 7249K(7360K)->7249K(7360K) Class: 975K(1024K)->975K(1024K)
[18.260s][info][gc             ] GC(114) Pause Young (Allocation Failure) 278M->5M(989M) 0.950ms
[18.260s][info][gc,cpu         ] GC(114) User=0.00s Sys=0.00s Real=0.00s
[18.388s][info][gc,start       ] GC(115) Pause Young (Allocation Failure)
[18.389s][info][gc,heap        ] GC(115) DefNew: 280855K(314560K)->1524K(314560K) Eden: 279616K(279616K)->0K(279616K) From: 1239K(34944K)->1524K(34944K)
[18.390s][info][gc,heap        ] GC(115) Tenured: 4146K(699072K)->4146K(699072K)
[18.390s][info][gc,metaspace   ] GC(115) Metaspace: 8225K(8384K)->8225K(8384K) NonClass: 7249K(7360K)->7249K(7360K) Class: 975K(1024K)->975K(1024K)
[18.390s][info][gc             ] GC(115) Pause Young (Allocation Failure) 278M->5M(989M) 1.081ms
[18.390s][info][gc,cpu         ] GC(115) User=0.00s Sys=0.00s Real=0.00s
[18.513s][info][gc,start       ] GC(116) Pause Young (Allocation Failure)
[18.514s][info][gc,heap        ] GC(116) DefNew: 281140K(314560K)->1515K(314560K) Eden: 279616K(279616K)->0K(279616K) From: 1524K(34944K)->1515K(34944K)
[18.514s][info][gc,heap        ] GC(116) Tenured: 4146K(699072K)->4146K(699072K)
[18.514s][info][gc,metaspace   ] GC(116) Metaspace: 8225K(8384K)->8225K(8384K) NonClass: 7249K(7360K)->7249K(7360K) Class: 975K(1024K)->975K(1024K)
[18.514s][info][gc             ] GC(116) Pause Young (Allocation Failure) 278M->5M(989M) 1.077ms
[18.514s][info][gc,cpu         ] GC(116) User=0.00s Sys=0.00s Real=0.00s
[18.639s][info][gc,start       ] GC(117) Pause Young (Allocation Failure)
[18.640s][info][gc,heap        ] GC(117) DefNew: 281131K(314560K)->1389K(314560K) Eden: 279616K(279616K)->0K(279616K) From: 1515K(34944K)->1389K(34944K)
[18.640s][info][gc,heap        ] GC(117) Tenured: 4146K(699072K)->4146K(699072K)
[18.640s][info][gc,metaspace   ] GC(117) Metaspace: 8225K(8384K)->8225K(8384K) NonClass: 7249K(7360K)->7249K(7360K) Class: 975K(1024K)->975K(1024K)
[18.640s][info][gc             ] GC(117) Pause Young (Allocation Failure) 278M->5M(989M) 1.022ms
[18.640s][info][gc,cpu         ] GC(117) User=0.00s Sys=0.00s Real=0.00s
[18.771s][info][gc,start       ] GC(118) Pause Young (Allocation Failure)
[18.772s][info][gc,heap        ] GC(118) DefNew: 281005K(314560K)->1606K(314560K) Eden: 279616K(279616K)->0K(279616K) From: 1389K(34944K)->1606K(34944K)
[18.772s][info][gc,heap        ] GC(118) Tenured: 4146K(699072K)->4146K(699072K)
[18.772s][info][gc,metaspace   ] GC(118) Metaspace: 8225K(8384K)->8225K(8384K) NonClass: 7249K(7360K)->7249K(7360K) Class: 975K(1024K)->975K(1024K)
[18.772s][info][gc             ] GC(118) Pause Young (Allocation Failure) 278M->5M(989M) 1.206ms
[18.772s][info][gc,cpu         ] GC(118) User=0.00s Sys=0.00s Real=0.00s
[18.894s][info][gc,start       ] GC(119) Pause Young (Allocation Failure)
[18.895s][info][gc,heap        ] GC(119) DefNew: 281222K(314560K)->1185K(314560K) Eden: 279616K(279616K)->0K(279616K) From: 1606K(34944K)->1185K(34944K)
[18.895s][info][gc,heap        ] GC(119) Tenured: 4146K(699072K)->4146K(699072K)
[18.895s][info][gc,metaspace   ] GC(119) Metaspace: 8225K(8384K)->8225K(8384K) NonClass: 7249K(7360K)->7249K(7360K) Class: 975K(1024K)->975K(1024K)
[18.895s][info][gc             ] GC(119) Pause Young (Allocation Failure) 278M->5M(989M) 1.002ms
[18.895s][info][gc,cpu         ] GC(119) User=0.00s Sys=0.00s Real=0.00s
[19.018s][info][gc,start       ] GC(120) Pause Young (Allocation Failure)
[19.019s][info][gc,heap        ] GC(120) DefNew: 280801K(314560K)->1409K(314560K) Eden: 279616K(279616K)->0K(279616K) From: 1185K(34944K)->1409K(34944K)
[19.019s][info][gc,heap        ] GC(120) Tenured: 4146K(699072K)->4146K(699072K)
[19.019s][info][gc,metaspace   ] GC(120) Metaspace: 8225K(8384K)->8225K(8384K) NonClass: 7249K(7360K)->7249K(7360K) Class: 975K(1024K)->975K(1024K)
[19.019s][info][gc             ] GC(120) Pause Young (Allocation Failure) 278M->5M(989M) 1.085ms
[19.019s][info][gc,cpu         ] GC(120) User=0.00s Sys=0.00s Real=0.00s
[19.144s][info][gc,start       ] GC(121) Pause Young (Allocation Failure)
[19.145s][info][gc,heap        ] GC(121) DefNew: 281025K(314560K)->1426K(314560K) Eden: 279616K(279616K)->0K(279616K) From: 1409K(34944K)->1426K(34944K)
[19.145s][info][gc,heap        ] GC(121) Tenured: 4146K(699072K)->4146K(699072K)
[19.145s][info][gc,metaspace   ] GC(121) Metaspace: 8225K(8384K)->8225K(8384K) NonClass: 7249K(7360K)->7249K(7360K) Class: 975K(1024K)->975K(1024K)
[19.146s][info][gc             ] GC(121) Pause Young (Allocation Failure) 278M->5M(989M) 1.050ms
[19.146s][info][gc,cpu         ] GC(121) User=0.00s Sys=0.00s Real=0.00s
[19.268s][info][gc,start       ] GC(122) Pause Young (Allocation Failure)
[19.269s][info][gc,heap        ] GC(122) DefNew: 281042K(314560K)->1372K(314560K) Eden: 279616K(279616K)->0K(279616K) From: 1426K(34944K)->1372K(34944K)
[19.269s][info][gc,heap        ] GC(122) Tenured: 4146K(699072K)->4146K(699072K)
[19.269s][info][gc,metaspace   ] GC(122) Metaspace: 8225K(8384K)->8225K(8384K) NonClass: 7249K(7360K)->7249K(7360K) Class: 975K(1024K)->975K(1024K)
[19.269s][info][gc             ] GC(122) Pause Young (Allocation Failure) 278M->5M(989M) 1.089ms
[19.269s][info][gc,cpu         ] GC(122) User=0.00s Sys=0.00s Real=0.00s
[19.392s][info][gc,start       ] GC(123) Pause Young (Allocation Failure)
[19.393s][info][gc,heap        ] GC(123) DefNew: 280988K(314560K)->1537K(314560K) Eden: 279616K(279616K)->0K(279616K) From: 1372K(34944K)->1537K(34944K)
[19.393s][info][gc,heap        ] GC(123) Tenured: 4146K(699072K)->4146K(699072K)
[19.393s][info][gc,metaspace   ] GC(123) Metaspace: 8225K(8384K)->8225K(8384K) NonClass: 7249K(7360K)->7249K(7360K) Class: 975K(1024K)->975K(1024K)
[19.393s][info][gc             ] GC(123) Pause Young (Allocation Failure) 278M->5M(989M) 1.122ms
[19.393s][info][gc,cpu         ] GC(123) User=0.00s Sys=0.00s Real=0.00s
[19.516s][info][gc,start       ] GC(124) Pause Young (Allocation Failure)
[19.517s][info][gc,heap        ] GC(124) DefNew: 281153K(314560K)->1580K(314560K) Eden: 279616K(279616K)->0K(279616K) From: 1537K(34944K)->1580K(34944K)
[19.517s][info][gc,heap        ] GC(124) Tenured: 4146K(699072K)->4146K(699072K)
[19.517s][info][gc,metaspace   ] GC(124) Metaspace: 8225K(8384K)->8225K(8384K) NonClass: 7249K(7360K)->7249K(7360K) Class: 975K(1024K)->975K(1024K)
[19.517s][info][gc             ] GC(124) Pause Young (Allocation Failure) 278M->5M(989M) 1.128ms
[19.517s][info][gc,cpu         ] GC(124) User=0.00s Sys=0.00s Real=0.00s
[19.639s][info][gc,start       ] GC(125) Pause Young (Allocation Failure)
[19.640s][info][gc,heap        ] GC(125) DefNew: 281196K(314560K)->1774K(314560K) Eden: 279616K(279616K)->0K(279616K) From: 1580K(34944K)->1774K(34944K)
[19.640s][info][gc,heap        ] GC(125) Tenured: 4146K(699072K)->4146K(699072K)
[19.640s][info][gc,metaspace   ] GC(125) Metaspace: 8225K(8384K)->8225K(8384K) NonClass: 7249K(7360K)->7249K(7360K) Class: 975K(1024K)->975K(1024K)
[19.640s][info][gc             ] GC(125) Pause Young (Allocation Failure) 278M->5M(989M) 1.217ms
[19.640s][info][gc,cpu         ] GC(125) User=0.00s Sys=0.00s Real=0.00s
[19.770s][info][gc,start       ] GC(126) Pause Young (Allocation Failure)
[19.771s][info][gc,heap        ] GC(126) DefNew: 281390K(314560K)->1158K(314560K) Eden: 279616K(279616K)->0K(279616K) From: 1774K(34944K)->1158K(34944K)
[19.771s][info][gc,heap        ] GC(126) Tenured: 4146K(699072K)->4274K(699072K)
[19.771s][info][gc,metaspace   ] GC(126) Metaspace: 8225K(8384K)->8225K(8384K) NonClass: 7249K(7360K)->7249K(7360K) Class: 975K(1024K)->975K(1024K)
[19.771s][info][gc             ] GC(126) Pause Young (Allocation Failure) 278M->5M(989M) 1.191ms
[19.771s][info][gc,cpu         ] GC(126) User=0.00s Sys=0.00s Real=0.00s
[19.892s][info][gc,start       ] GC(127) Pause Young (Allocation Failure)
[19.893s][info][gc,heap        ] GC(127) DefNew: 280774K(314560K)->1484K(314560K) Eden: 279616K(279616K)->0K(279616K) From: 1158K(34944K)->1484K(34944K)
[19.893s][info][gc,heap        ] GC(127) Tenured: 4274K(699072K)->4275K(699072K)
[19.893s][info][gc,metaspace   ] GC(127) Metaspace: 8228K(8384K)->8228K(8384K) NonClass: 7253K(7360K)->7253K(7360K) Class: 975K(1024K)->975K(1024K)
[19.893s][info][gc             ] GC(127) Pause Young (Allocation Failure) 278M->5M(989M) 1.023ms
[19.893s][info][gc,cpu         ] GC(127) User=0.00s Sys=0.00s Real=0.00s
[20.032s][info][gc,start       ] GC(128) Pause Full (System.gc())
[20.032s][info][gc,phases,start] GC(128) Phase 1: Mark live objects
[20.038s][info][gc,phases      ] GC(128) Phase 1: Mark live objects 5.491ms
[20.038s][info][gc,phases,start] GC(128) Phase 2: Compute new object addresses
[20.060s][info][gc,phases      ] GC(128) Phase 2: Compute new object addresses 22.232ms
[20.060s][info][gc,phases,start] GC(128) Phase 3: Adjust pointers
[20.064s][info][gc,phases      ] GC(128) Phase 3: Adjust pointers 3.729ms
[20.064s][info][gc,phases,start] GC(128) Phase 4: Move objects
[20.064s][info][gc,phases      ] GC(128) Phase 4: Move objects 0.019ms
[20.064s][info][gc,heap        ] GC(128) DefNew: 264820K(314560K)->0K(314560K) Eden: 263336K(279616K)->0K(279616K) From: 1484K(34944K)->0K(34944K)
[20.064s][info][gc,heap        ] GC(128) Tenured: 4275K(699072K)->3752K(699072K)
[20.064s][info][gc,metaspace   ] GC(128) Metaspace: 8228K(8384K)->8228K(8384K) NonClass: 7253K(7360K)->7253K(7360K) Class: 975K(1024K)->975K(1024K)
[20.064s][info][gc             ] GC(128) Pause Full (System.gc()) 262M->3M(989M) 31.772ms
[20.064s][info][gc,cpu         ] GC(128) User=0.03s Sys=0.00s Real=0.03s
[20.198s][info][gc,start       ] GC(129) Pause Young (Allocation Failure)
[20.200s][info][gc,heap        ] GC(129) DefNew: 279616K(314560K)->1230K(314560K) Eden: 279616K(279616K)->0K(279616K) From: 0K(34944K)->1230K(34944K)
[20.200s][info][gc,heap        ] GC(129) Tenured: 3752K(699072K)->3752K(699072K)
[20.200s][info][gc,metaspace   ] GC(129) Metaspace: 8228K(8384K)->8228K(8384K) NonClass: 7253K(7360K)->7253K(7360K) Class: 975K(1024K)->975K(1024K)
[20.200s][info][gc             ] GC(129) Pause Young (Allocation Failure) 276M->4M(989M) 1.230ms
[20.200s][info][gc,cpu         ] GC(129) User=0.00s Sys=0.00s Real=0.00s
[20.324s][info][gc,start       ] GC(130) Pause Young (Allocation Failure)
[20.325s][info][gc,heap        ] GC(130) DefNew: 280846K(314560K)->1583K(314560K) Eden: 279616K(279616K)->0K(279616K) From: 1230K(34944K)->1583K(34944K)
[20.325s][info][gc,heap        ] GC(130) Tenured: 3752K(699072K)->3752K(699072K)
[20.325s][info][gc,metaspace   ] GC(130) Metaspace: 8228K(8384K)->8228K(8384K) NonClass: 7253K(7360K)->7253K(7360K) Class: 975K(1024K)->975K(1024K)
[20.325s][info][gc             ] GC(130) Pause Young (Allocation Failure) 277M->5M(989M) 1.140ms
[20.325s][info][gc,cpu         ] GC(130) User=0.00s Sys=0.00s Real=0.00s
[20.449s][info][gc,start       ] GC(131) Pause Young (Allocation Failure)
[20.450s][info][gc,heap        ] GC(131) DefNew: 281199K(314560K)->1502K(314560K) Eden: 279616K(279616K)->0K(279616K) From: 1583K(34944K)->1502K(34944K)
[20.450s][info][gc,heap        ] GC(131) Tenured: 3752K(699072K)->3752K(699072K)
[20.450s][info][gc,metaspace   ] GC(131) Metaspace: 8228K(8384K)->8228K(8384K) NonClass: 7253K(7360K)->7253K(7360K) Class: 975K(1024K)->975K(1024K)
[20.450s][info][gc             ] GC(131) Pause Young (Allocation Failure) 278M->5M(989M) 1.099ms
[20.450s][info][gc,cpu         ] GC(131) User=0.00s Sys=0.00s Real=0.00s
[20.572s][info][gc,start       ] GC(132) Pause Young (Allocation Failure)
[20.573s][info][gc,heap        ] GC(132) DefNew: 281118K(314560K)->1316K(314560K) Eden: 279616K(279616K)->0K(279616K) From: 1502K(34944K)->1316K(34944K)
[20.573s][info][gc,heap        ] GC(132) Tenured: 3752K(699072K)->3752K(699072K)
[20.573s][info][gc,metaspace   ] GC(132) Metaspace: 8228K(8384K)->8228K(8384K) NonClass: 7253K(7360K)->7253K(7360K) Class: 975K(1024K)->975K(1024K)
[20.573s][info][gc             ] GC(132) Pause Young (Allocation Failure) 278M->4M(989M) 1.058ms
[20.573s][info][gc,cpu         ] GC(132) User=0.00s Sys=0.00s Real=0.00s
[20.695s][info][gc,start       ] GC(133) Pause Young (Allocation Failure)
[20.696s][info][gc,heap        ] GC(133) DefNew: 280932K(314560K)->1679K(314560K) Eden: 279616K(279616K)->0K(279616K) From: 1316K(34944K)->1679K(34944K)
[20.696s][info][gc,heap        ] GC(133) Tenured: 3752K(699072K)->3752K(699072K)
[20.696s][info][gc,metaspace   ] GC(133) Metaspace: 8228K(8384K)->8228K(8384K) NonClass: 7253K(7360K)->7253K(7360K) Class: 975K(1024K)->975K(1024K)
[20.696s][info][gc             ] GC(133) Pause Young (Allocation Failure) 278M->5M(989M) 1.164ms
[20.696s][info][gc,cpu         ] GC(133) User=0.00s Sys=0.00s Real=0.00s
[20.826s][info][gc,start       ] GC(134) Pause Young (Allocation Failure)
[20.827s][info][gc,heap        ] GC(134) DefNew: 281295K(314560K)->1533K(314560K) Eden: 279616K(279616K)->0K(279616K) From: 1679K(34944K)->1533K(34944K)
[20.827s][info][gc,heap        ] GC(134) Tenured: 3752K(699072K)->3752K(699072K)
[20.827s][info][gc,metaspace   ] GC(134) Metaspace: 8228K(8384K)->8228K(8384K) NonClass: 7253K(7360K)->7253K(7360K) Class: 975K(1024K)->975K(1024K)
[20.827s][info][gc             ] GC(134) Pause Young (Allocation Failure) 278M->5M(989M) 1.111ms
[20.827s][info][gc,cpu         ] GC(134) User=0.00s Sys=0.00s Real=0.00s
[20.949s][info][gc,start       ] GC(135) Pause Young (Allocation Failure)
[20.950s][info][gc,heap        ] GC(135) DefNew: 281149K(314560K)->1421K(314560K) Eden: 279616K(279616K)->0K(279616K) From: 1533K(34944K)->1421K(34944K)
[20.950s][info][gc,heap        ] GC(135) Tenured: 3752K(699072K)->3752K(699072K)
[20.950s][info][gc,metaspace   ] GC(135) Metaspace: 8228K(8384K)->8228K(8384K) NonClass: 7253K(7360K)->7253K(7360K) Class: 975K(1024K)->975K(1024K)
[20.950s][info][gc             ] GC(135) Pause Young (Allocation Failure) 278M->5M(989M) 1.040ms
[20.950s][info][gc,cpu         ] GC(135) User=0.00s Sys=0.00s Real=0.00s
[21.072s][info][gc,start       ] GC(136) Pause Young (Allocation Failure)
[21.073s][info][gc,heap        ] GC(136) DefNew: 281037K(314560K)->1484K(314560K) Eden: 279616K(279616K)->0K(279616K) From: 1421K(34944K)->1484K(34944K)
[21.073s][info][gc,heap        ] GC(136) Tenured: 3752K(699072K)->3752K(699072K)
[21.073s][info][gc,metaspace   ] GC(136) Metaspace: 8228K(8384K)->8228K(8384K) NonClass: 7253K(7360K)->7253K(7360K) Class: 975K(1024K)->975K(1024K)
[21.073s][info][gc             ] GC(136) Pause Young (Allocation Failure) 278M->5M(989M) 1.069ms
[21.073s][info][gc,cpu         ] GC(136) User=0.00s Sys=0.00s Real=0.00s
[21.196s][info][gc,start       ] GC(137) Pause Young (Allocation Failure)
[21.197s][info][gc,heap        ] GC(137) DefNew: 281100K(314560K)->1395K(314560K) Eden: 279616K(279616K)->0K(279616K) From: 1484K(34944K)->1395K(34944K)
[21.197s][info][gc,heap        ] GC(137) Tenured: 3752K(699072K)->3752K(699072K)
[21.197s][info][gc,metaspace   ] GC(137) Metaspace: 8228K(8384K)->8228K(8384K) NonClass: 7253K(7360K)->7253K(7360K) Class: 975K(1024K)->975K(1024K)
[21.197s][info][gc             ] GC(137) Pause Young (Allocation Failure) 278M->5M(989M) 1.060ms
[21.197s][info][gc,cpu         ] GC(137) User=0.00s Sys=0.00s Real=0.00s
[21.319s][info][gc,start       ] GC(138) Pause Young (Allocation Failure)
[21.320s][info][gc,heap        ] GC(138) DefNew: 281011K(314560K)->1139K(314560K) Eden: 279616K(279616K)->0K(279616K) From: 1395K(34944K)->1139K(34944K)
[21.320s][info][gc,heap        ] GC(138) Tenured: 3752K(699072K)->3752K(699072K)
[21.320s][info][gc,metaspace   ] GC(138) Metaspace: 8228K(8384K)->8228K(8384K) NonClass: 7253K(7360K)->7253K(7360K) Class: 975K(1024K)->975K(1024K)
[21.320s][info][gc             ] GC(138) Pause Young (Allocation Failure) 278M->4M(989M) 0.973ms
[21.320s][info][gc,cpu         ] GC(138) User=0.00s Sys=0.00s Real=0.00s
[21.443s][info][gc,start       ] GC(139) Pause Young (Allocation Failure)
[21.444s][info][gc,heap        ] GC(139) DefNew: 280755K(314560K)->1586K(314560K) Eden: 279616K(279616K)->0K(279616K) From: 1139K(34944K)->1586K(34944K)
[21.444s][info][gc,heap        ] GC(139) Tenured: 3752K(699072K)->3752K(699072K)
[21.444s][info][gc,metaspace   ] GC(139) Metaspace: 8228K(8384K)->8228K(8384K) NonClass: 7253K(7360K)->7253K(7360K) Class: 975K(1024K)->975K(1024K)
[21.444s][info][gc             ] GC(139) Pause Young (Allocation Failure) 277M->5M(989M) 1.139ms
[21.444s][info][gc,cpu         ] GC(139) User=0.00s Sys=0.00s Real=0.00s
[21.565s][info][gc,start       ] GC(140) Pause Young (Allocation Failure)
[21.566s][info][gc,heap        ] GC(140) DefNew: 281202K(314560K)->1675K(314560K) Eden: 279616K(279616K)->0K(279616K) From: 1586K(34944K)->1675K(34944K)
[21.566s][info][gc,heap        ] GC(140) Tenured: 3752K(699072K)->3752K(699072K)
[21.566s][info][gc,metaspace   ] GC(140) Metaspace: 8228K(8384K)->8228K(8384K) NonClass: 7253K(7360K)->7253K(7360K) Class: 975K(1024K)->975K(1024K)
[21.566s][info][gc             ] GC(140) Pause Young (Allocation Failure) 278M->5M(989M) 1.157ms
[21.566s][info][gc,cpu         ] GC(140) User=0.02s Sys=0.00s Real=0.00s
[21.688s][info][gc,start       ] GC(141) Pause Young (Allocation Failure)
[21.689s][info][gc,heap        ] GC(141) DefNew: 281291K(314560K)->1574K(314560K) Eden: 279616K(279616K)->0K(279616K) From: 1675K(34944K)->1574K(34944K)
[21.689s][info][gc,heap        ] GC(141) Tenured: 3752K(699072K)->3752K(699072K)
[21.689s][info][gc,metaspace   ] GC(141) Metaspace: 8228K(8384K)->8228K(8384K) NonClass: 7253K(7360K)->7253K(7360K) Class: 975K(1024K)->975K(1024K)
[21.689s][info][gc             ] GC(141) Pause Young (Allocation Failure) 278M->5M(989M) 1.099ms
[21.689s][info][gc,cpu         ] GC(141) User=0.00s Sys=0.00s Real=0.00s
[21.818s][info][gc,start       ] GC(142) Pause Young (Allocation Failure)
[21.819s][info][gc,heap        ] GC(142) DefNew: 281190K(314560K)->1470K(314560K) Eden: 279616K(279616K)->0K(279616K) From: 1574K(34944K)->1470K(34944K)
[21.819s][info][gc,heap        ] GC(142) Tenured: 3752K(699072K)->3752K(699072K)
[21.819s][info][gc,metaspace   ] GC(142) Metaspace: 8228K(8384K)->8228K(8384K) NonClass: 7253K(7360K)->7253K(7360K) Class: 975K(1024K)->975K(1024K)
[21.819s][info][gc             ] GC(142) Pause Young (Allocation Failure) 278M->5M(989M) 1.178ms
[21.819s][info][gc,cpu         ] GC(142) User=0.00s Sys=0.00s Real=0.00s
[21.939s][info][gc,start       ] GC(143) Pause Young (Allocation Failure)
[21.941s][info][gc,heap        ] GC(143) DefNew: 281086K(314560K)->1909K(314560K) Eden: 279616K(279616K)->0K(279616K) From: 1470K(34944K)->1909K(34944K)
[21.941s][info][gc,heap        ] GC(143) Tenured: 3752K(699072K)->3752K(699072K)
[21.941s][info][gc,metaspace   ] GC(143) Metaspace: 8228K(8384K)->8228K(8384K) NonClass: 7253K(7360K)->7253K(7360K) Class: 975K(1024K)->975K(1024K)
[21.941s][info][gc             ] GC(143) Pause Young (Allocation Failure) 278M->5M(989M) 1.198ms
[21.941s][info][gc,cpu         ] GC(143) User=0.02s Sys=0.00s Real=0.00s
[22.061s][info][gc,start       ] GC(144) Pause Young (Allocation Failure)
[22.062s][info][gc,heap        ] GC(144) DefNew: 281525K(314560K)->1466K(314560K) Eden: 279616K(279616K)->0K(279616K) From: 1909K(34944K)->1466K(34944K)
[22.062s][info][gc,heap        ] GC(144) Tenured: 3752K(699072K)->3880K(699072K)
[22.062s][info][gc,metaspace   ] GC(144) Metaspace: 8228K(8384K)->8228K(8384K) NonClass: 7253K(7360K)->7253K(7360K) Class: 975K(1024K)->975K(1024K)
[22.062s][info][gc             ] GC(144) Pause Young (Allocation Failure) 278M->5M(989M) 1.096ms
[22.062s][info][gc,cpu         ] GC(144) User=0.00s Sys=0.00s Real=0.00s
[22.187s][info][gc,start       ] GC(145) Pause Young (Allocation Failure)
[22.188s][info][gc,heap        ] GC(145) DefNew: 281082K(314560K)->1522K(314560K) Eden: 279616K(279616K)->0K(279616K) From: 1466K(34944K)->1522K(34944K)
[22.188s][info][gc,heap        ] GC(145) Tenured: 3880K(699072K)->3880K(699072K)
[22.188s][info][gc,metaspace   ] GC(145) Metaspace: 8228K(8384K)->8228K(8384K) NonClass: 7253K(7360K)->7253K(7360K) Class: 975K(1024K)->975K(1024K)
[22.188s][info][gc             ] GC(145) Pause Young (Allocation Failure) 278M->5M(989M) 1.172ms
[22.188s][info][gc,cpu         ] GC(145) User=0.00s Sys=0.00s Real=0.00s
[22.329s][info][gc,start       ] GC(146) Pause Full (System.gc())
[22.329s][info][gc,phases,start] GC(146) Phase 1: Mark live objects
[22.335s][info][gc,phases      ] GC(146) Phase 1: Mark live objects 5.464ms
[22.335s][info][gc,phases,start] GC(146) Phase 2: Compute new object addresses
[22.357s][info][gc,phases      ] GC(146) Phase 2: Compute new object addresses 22.109ms
[22.357s][info][gc,phases,start] GC(146) Phase 3: Adjust pointers
[22.361s][info][gc,phases      ] GC(146) Phase 3: Adjust pointers 3.745ms
[22.361s][info][gc,phases,start] GC(146) Phase 4: Move objects
[22.361s][info][gc,phases      ] GC(146) Phase 4: Move objects 0.010ms
[22.361s][info][gc,heap        ] GC(146) DefNew: 271806K(314560K)->0K(314560K) Eden: 270284K(279616K)->0K(279616K) From: 1522K(34944K)->0K(34944K)
[22.361s][info][gc,heap        ] GC(146) Tenured: 3880K(699072K)->3885K(699072K)
[22.361s][info][gc,metaspace   ] GC(146) Metaspace: 8234K(8448K)->8234K(8448K) NonClass: 7258K(7360K)->7258K(7360K) Class: 975K(1088K)->975K(1088K)
[22.361s][info][gc             ] GC(146) Pause Full (System.gc()) 269M->3M(989M) 31.576ms
[22.361s][info][gc,cpu         ] GC(146) User=0.03s Sys=0.00s Real=0.03s
[22.493s][info][gc,start       ] GC(147) Pause Young (Allocation Failure)
[22.494s][info][gc,heap        ] GC(147) DefNew: 279616K(314560K)->1791K(314560K) Eden: 279616K(279616K)->0K(279616K) From: 0K(34944K)->1791K(34944K)
[22.494s][info][gc,heap        ] GC(147) Tenured: 3885K(699072K)->3885K(699072K)
[22.494s][info][gc,metaspace   ] GC(147) Metaspace: 8239K(8448K)->8239K(8448K) NonClass: 7263K(7360K)->7263K(7360K) Class: 975K(1088K)->975K(1088K)
[22.494s][info][gc             ] GC(147) Pause Young (Allocation Failure) 276M->5M(989M) 1.201ms
[22.494s][info][gc,cpu         ] GC(147) User=0.00s Sys=0.00s Real=0.00s
[22.616s][info][gc,start       ] GC(148) Pause Young (Allocation Failure)
[22.617s][info][gc,heap        ] GC(148) DefNew: 281407K(314560K)->1380K(314560K) Eden: 279616K(279616K)->0K(279616K) From: 1791K(34944K)->1380K(34944K)
[22.617s][info][gc,heap        ] GC(148) Tenured: 3885K(699072K)->3885K(699072K)
[22.617s][info][gc,metaspace   ] GC(148) Metaspace: 8239K(8448K)->8239K(8448K) NonClass: 7263K(7360K)->7263K(7360K) Class: 975K(1088K)->975K(1088K)
[22.617s][info][gc             ] GC(148) Pause Young (Allocation Failure) 278M->5M(989M) 1.156ms
[22.617s][info][gc,cpu         ] GC(148) User=0.00s Sys=0.00s Real=0.00s
[22.743s][info][gc,start       ] GC(149) Pause Young (Allocation Failure)
[22.744s][info][gc,heap        ] GC(149) DefNew: 280996K(314560K)->1255K(314560K) Eden: 279616K(279616K)->0K(279616K) From: 1380K(34944K)->1255K(34944K)
[22.744s][info][gc,heap        ] GC(149) Tenured: 3885K(699072K)->3885K(699072K)
[22.744s][info][gc,metaspace   ] GC(149) Metaspace: 8239K(8448K)->8239K(8448K) NonClass: 7263K(7360K)->7263K(7360K) Class: 975K(1088K)->975K(1088K)
[22.744s][info][gc             ] GC(149) Pause Young (Allocation Failure) 278M->5M(989M) 1.049ms
[22.744s][info][gc,cpu         ] GC(149) User=0.00s Sys=0.00s Real=0.00s
[22.869s][info][gc,start       ] GC(150) Pause Young (Allocation Failure)
[22.870s][info][gc,heap        ] GC(150) DefNew: 280871K(314560K)->1453K(314560K) Eden: 279616K(279616K)->0K(279616K) From: 1255K(34944K)->1453K(34944K)
[22.870s][info][gc,heap        ] GC(150) Tenured: 3885K(699072K)->3885K(699072K)
[22.870s][info][gc,metaspace   ] GC(150) Metaspace: 8239K(8448K)->8239K(8448K) NonClass: 7263K(7360K)->7263K(7360K) Class: 975K(1088K)->975K(1088K)
[22.870s][info][gc             ] GC(150) Pause Young (Allocation Failure) 278M->5M(989M) 1.123ms
[22.870s][info][gc,cpu         ] GC(150) User=0.00s Sys=0.00s Real=0.00s
[22.991s][info][gc,start       ] GC(151) Pause Young (Allocation Failure)
[22.992s][info][gc,heap        ] GC(151) DefNew: 281069K(314560K)->1424K(314560K) Eden: 279616K(279616K)->0K(279616K) From: 1453K(34944K)->1424K(34944K)
[22.992s][info][gc,heap        ] GC(151) Tenured: 3885K(699072K)->3885K(699072K)
[22.992s][info][gc,metaspace   ] GC(151) Metaspace: 8239K(8448K)->8239K(8448K) NonClass: 7263K(7360K)->7263K(7360K) Class: 975K(1088K)->975K(1088K)
[22.992s][info][gc             ] GC(151) Pause Young (Allocation Failure) 278M->5M(989M) 1.093ms
[22.992s][info][gc,cpu         ] GC(151) User=0.00s Sys=0.00s Real=0.00s
[23.117s][info][gc,start       ] GC(152) Pause Young (Allocation Failure)
[23.118s][info][gc,heap        ] GC(152) DefNew: 281040K(314560K)->1525K(314560K) Eden: 279616K(279616K)->0K(279616K) From: 1424K(34944K)->1525K(34944K)
[23.118s][info][gc,heap        ] GC(152) Tenured: 3885K(699072K)->3885K(699072K)
[23.118s][info][gc,metaspace   ] GC(152) Metaspace: 8239K(8448K)->8239K(8448K) NonClass: 7263K(7360K)->7263K(7360K) Class: 975K(1088K)->975K(1088K)
[23.118s][info][gc             ] GC(152) Pause Young (Allocation Failure) 278M->5M(989M) 1.226ms
[23.118s][info][gc,cpu         ] GC(152) User=0.00s Sys=0.00s Real=0.00s
[23.240s][info][gc,start       ] GC(153) Pause Young (Allocation Failure)
[23.241s][info][gc,heap        ] GC(153) DefNew: 281141K(314560K)->1336K(314560K) Eden: 279616K(279616K)->0K(279616K) From: 1525K(34944K)->1336K(34944K)
[23.241s][info][gc,heap        ] GC(153) Tenured: 3885K(699072K)->3885K(699072K)
[23.241s][info][gc,metaspace   ] GC(153) Metaspace: 8239K(8448K)->8239K(8448K) NonClass: 7263K(7360K)->7263K(7360K) Class: 975K(1088K)->975K(1088K)
[23.241s][info][gc             ] GC(153) Pause Young (Allocation Failure) 278M->5M(989M) 1.079ms
[23.241s][info][gc,cpu         ] GC(153) User=0.00s Sys=0.00s Real=0.00s
[23.362s][info][gc,start       ] GC(154) Pause Young (Allocation Failure)
[23.363s][info][gc,heap        ] GC(154) DefNew: 280952K(314560K)->1467K(314560K) Eden: 279616K(279616K)->0K(279616K) From: 1336K(34944K)->1467K(34944K)
[23.363s][info][gc,heap        ] GC(154) Tenured: 3885K(699072K)->3885K(699072K)
[23.363s][info][gc,metaspace   ] GC(154) Metaspace: 8239K(8448K)->8239K(8448K) NonClass: 7263K(7360K)->7263K(7360K) Class: 975K(1088K)->975K(1088K)
[23.363s][info][gc             ] GC(154) Pause Young (Allocation Failure) 278M->5M(989M) 1.083ms
[23.363s][info][gc,cpu         ] GC(154) User=0.00s Sys=0.00s Real=0.00s
[23.485s][info][gc,start       ] GC(155) Pause Young (Allocation Failure)
[23.486s][info][gc,heap        ] GC(155) DefNew: 281083K(314560K)->1648K(314560K) Eden: 279616K(279616K)->0K(279616K) From: 1467K(34944K)->1648K(34944K)
[23.486s][info][gc,heap        ] GC(155) Tenured: 3885K(699072K)->3885K(699072K)
[23.486s][info][gc,metaspace   ] GC(155) Metaspace: 8239K(8448K)->8239K(8448K) NonClass: 7263K(7360K)->7263K(7360K) Class: 975K(1088K)->975K(1088K)
[23.486s][info][gc             ] GC(155) Pause Young (Allocation Failure) 278M->5M(989M) 1.140ms
[23.486s][info][gc,cpu         ] GC(155) User=0.00s Sys=0.00s Real=0.00s
[23.609s][info][gc,start       ] GC(156) Pause Young (Allocation Failure)
[23.610s][info][gc,heap        ] GC(156) DefNew: 281264K(314560K)->1398K(314560K) Eden: 279616K(279616K)->0K(279616K) From: 1648K(34944K)->1398K(34944K)
[23.610s][info][gc,heap        ] GC(156) Tenured: 3885K(699072K)->3885K(699072K)
[23.610s][info][gc,metaspace   ] GC(156) Metaspace: 8239K(8448K)->8239K(8448K) NonClass: 7263K(7360K)->7263K(7360K) Class: 975K(1088K)->975K(1088K)
[23.610s][info][gc             ] GC(156) Pause Young (Allocation Failure) 278M->5M(989M) 1.075ms
[23.610s][info][gc,cpu         ] GC(156) User=0.00s Sys=0.00s Real=0.00s
[23.738s][info][gc,start       ] GC(157) Pause Young (Allocation Failure)
[23.739s][info][gc,heap        ] GC(157) DefNew: 281014K(314560K)->1653K(314560K) Eden: 279616K(279616K)->0K(279616K) From: 1398K(34944K)->1653K(34944K)
[23.739s][info][gc,heap        ] GC(157) Tenured: 3885K(699072K)->3885K(699072K)
[23.739s][info][gc,metaspace   ] GC(157) Metaspace: 8239K(8448K)->8239K(8448K) NonClass: 7263K(7360K)->7263K(7360K) Class: 975K(1088K)->975K(1088K)
[23.740s][info][gc             ] GC(157) Pause Young (Allocation Failure) 278M->5M(989M) 1.184ms
[23.740s][info][gc,cpu         ] GC(157) User=0.00s Sys=0.00s Real=0.00s
[23.865s][info][gc,start       ] GC(158) Pause Young (Allocation Failure)
[23.866s][info][gc,heap        ] GC(158) DefNew: 281269K(314560K)->1692K(314560K) Eden: 279616K(279616K)->0K(279616K) From: 1653K(34944K)->1692K(34944K)
[23.866s][info][gc,heap        ] GC(158) Tenured: 3885K(699072K)->3885K(699072K)
[23.866s][info][gc,metaspace   ] GC(158) Metaspace: 8239K(8448K)->8239K(8448K) NonClass: 7263K(7360K)->7263K(7360K) Class: 975K(1088K)->975K(1088K)
[23.866s][info][gc             ] GC(158) Pause Young (Allocation Failure) 278M->5M(989M) 1.100ms
[23.866s][info][gc,cpu         ] GC(158) User=0.00s Sys=0.00s Real=0.00s
[23.989s][info][gc,start       ] GC(159) Pause Young (Allocation Failure)
[23.990s][info][gc,heap        ] GC(159) DefNew: 281308K(314560K)->1613K(314560K) Eden: 279616K(279616K)->0K(279616K) From: 1692K(34944K)->1613K(34944K)
[23.991s][info][gc,heap        ] GC(159) Tenured: 3885K(699072K)->3885K(699072K)
[23.991s][info][gc,metaspace   ] GC(159) Metaspace: 8239K(8448K)->8239K(8448K) NonClass: 7263K(7360K)->7263K(7360K) Class: 975K(1088K)->975K(1088K)
[23.991s][info][gc             ] GC(159) Pause Young (Allocation Failure) 278M->5M(989M) 1.106ms
[23.991s][info][gc,cpu         ] GC(159) User=0.00s Sys=0.00s Real=0.00s
[24.115s][info][gc,start       ] GC(160) Pause Young (Allocation Failure)
[24.116s][info][gc,heap        ] GC(160) DefNew: 281229K(314560K)->1312K(314560K) Eden: 279616K(279616K)->0K(279616K) From: 1613K(34944K)->1312K(34944K)
[24.116s][info][gc,heap        ] GC(160) Tenured: 3885K(699072K)->3885K(699072K)
[24.116s][info][gc,metaspace   ] GC(160) Metaspace: 8239K(8448K)->8239K(8448K) NonClass: 7263K(7360K)->7263K(7360K) Class: 975K(1088K)->975K(1088K)
[24.116s][info][gc             ] GC(160) Pause Young (Allocation Failure) 278M->5M(989M) 1.045ms
[24.116s][info][gc,cpu         ] GC(160) User=0.00s Sys=0.00s Real=0.00s
[24.239s][info][gc,start       ] GC(161) Pause Young (Allocation Failure)
[24.240s][info][gc,heap        ] GC(161) DefNew: 280928K(314560K)->1616K(314560K) Eden: 279616K(279616K)->0K(279616K) From: 1312K(34944K)->1616K(34944K)
[24.240s][info][gc,heap        ] GC(161) Tenured: 3885K(699072K)->3885K(699072K)
[24.240s][info][gc,metaspace   ] GC(161) Metaspace: 8239K(8448K)->8239K(8448K) NonClass: 7263K(7360K)->7263K(7360K) Class: 975K(1088K)->975K(1088K)
[24.240s][info][gc             ] GC(161) Pause Young (Allocation Failure) 278M->5M(989M) 1.118ms
[24.240s][info][gc,cpu         ] GC(161) User=0.00s Sys=0.00s Real=0.00s
[24.362s][info][gc,start       ] GC(162) Pause Young (Allocation Failure)
[24.364s][info][gc,heap        ] GC(162) DefNew: 281232K(314560K)->1471K(314560K) Eden: 279616K(279616K)->0K(279616K) From: 1616K(34944K)->1471K(34944K)
[24.364s][info][gc,heap        ] GC(162) Tenured: 3885K(699072K)->4013K(699072K)
[24.364s][info][gc,metaspace   ] GC(162) Metaspace: 8240K(8448K)->8240K(8448K) NonClass: 7265K(7360K)->7265K(7360K) Class: 975K(1088K)->975K(1088K)
[24.364s][info][gc             ] GC(162) Pause Young (Allocation Failure) 278M->5M(989M) 1.147ms
[24.364s][info][gc,cpu         ] GC(162) User=0.00s Sys=0.00s Real=0.00s
[24.485s][info][gc,start       ] GC(163) Pause Young (Allocation Failure)
[24.486s][info][gc,heap        ] GC(163) DefNew: 281087K(314560K)->1493K(314560K) Eden: 279616K(279616K)->0K(279616K) From: 1471K(34944K)->1493K(34944K)
[24.486s][info][gc,heap        ] GC(163) Tenured: 4013K(699072K)->4013K(699072K)
[24.486s][info][gc,metaspace   ] GC(163) Metaspace: 8240K(8448K)->8240K(8448K) NonClass: 7265K(7360K)->7265K(7360K) Class: 975K(1088K)->975K(1088K)
[24.486s][info][gc             ] GC(163) Pause Young (Allocation Failure) 278M->5M(989M) 1.018ms
[24.486s][info][gc,cpu         ] GC(163) User=0.00s Sys=0.00s Real=0.00s
[24.622s][info][gc,start       ] GC(164) Pause Full (System.gc())
[24.622s][info][gc,phases,start] GC(164) Phase 1: Mark live objects
[24.628s][info][gc,phases      ] GC(164) Phase 1: Mark live objects 5.816ms
[24.628s][info][gc,phases,start] GC(164) Phase 2: Compute new object addresses
[24.650s][info][gc,phases      ] GC(164) Phase 2: Compute new object addresses 21.962ms
[24.650s][info][gc,phases,start] GC(164) Phase 3: Adjust pointers
[24.654s][info][gc,phases      ] GC(164) Phase 3: Adjust pointers 4.182ms
[24.654s][info][gc,phases,start] GC(164) Phase 4: Move objects
[24.654s][info][gc,phases      ] GC(164) Phase 4: Move objects 0.011ms
[24.654s][info][gc,heap        ] GC(164) DefNew: 269854K(314560K)->0K(314560K) Eden: 268361K(279616K)->0K(279616K) From: 1493K(34944K)->0K(34944K)
[24.654s][info][gc,heap        ] GC(164) Tenured: 4013K(699072K)->4017K(699072K)
[24.654s][info][gc,metaspace   ] GC(164) Metaspace: 8240K(8448K)->8240K(8448K) NonClass: 7265K(7360K)->7265K(7360K) Class: 975K(1088K)->975K(1088K)
[24.654s][info][gc             ] GC(164) Pause Full (System.gc()) 267M->3M(989M) 32.238ms
[24.654s][info][gc,cpu         ] GC(164) User=0.03s Sys=0.00s Real=0.03s
[24.793s][info][gc,start       ] GC(165) Pause Young (Allocation Failure)
[24.795s][info][gc,heap        ] GC(165) DefNew: 279616K(314560K)->1331K(314560K) Eden: 279616K(279616K)->0K(279616K) From: 0K(34944K)->1331K(34944K)
[24.795s][info][gc,heap        ] GC(165) Tenured: 4017K(699072K)->4017K(699072K)
[24.795s][info][gc,metaspace   ] GC(165) Metaspace: 8241K(8448K)->8241K(8448K) NonClass: 7265K(7360K)->7265K(7360K) Class: 975K(1088K)->975K(1088K)
[24.795s][info][gc             ] GC(165) Pause Young (Allocation Failure) 276M->5M(989M) 1.112ms
[24.795s][info][gc,cpu         ] GC(165) User=0.00s Sys=0.00s Real=0.00s
[24.918s][info][gc,start       ] GC(166) Pause Young (Allocation Failure)
[24.919s][info][gc,heap        ] GC(166) DefNew: 280947K(314560K)->1543K(314560K) Eden: 279616K(279616K)->0K(279616K) From: 1331K(34944K)->1543K(34944K)
[24.919s][info][gc,heap        ] GC(166) Tenured: 4017K(699072K)->4017K(699072K)
[24.920s][info][gc,metaspace   ] GC(166) Metaspace: 8241K(8448K)->8241K(8448K) NonClass: 7265K(7360K)->7265K(7360K) Class: 975K(1088K)->975K(1088K)
[24.920s][info][gc             ] GC(166) Pause Young (Allocation Failure) 278M->5M(989M) 1.128ms
[24.920s][info][gc,cpu         ] GC(166) User=0.00s Sys=0.00s Real=0.00s
[25.040s][info][gc,start       ] GC(167) Pause Young (Allocation Failure)
[25.041s][info][gc,heap        ] GC(167) DefNew: 281159K(314560K)->1263K(314560K) Eden: 279616K(279616K)->0K(279616K) From: 1543K(34944K)->1263K(34944K)
[25.041s][info][gc,heap        ] GC(167) Tenured: 4017K(699072K)->4017K(699072K)
[25.041s][info][gc,metaspace   ] GC(167) Metaspace: 8241K(8448K)->8241K(8448K) NonClass: 7265K(7360K)->7265K(7360K) Class: 975K(1088K)->975K(1088K)
[25.041s][info][gc             ] GC(167) Pause Young (Allocation Failure) 278M->5M(989M) 0.987ms
[25.041s][info][gc,cpu         ] GC(167) User=0.00s Sys=0.00s Real=0.00s
[25.164s][info][gc,start       ] GC(168) Pause Young (Allocation Failure)
[25.165s][info][gc,heap        ] GC(168) DefNew: 280879K(314560K)->1585K(314560K) Eden: 279616K(279616K)->0K(279616K) From: 1263K(34944K)->1585K(34944K)
[25.165s][info][gc,heap        ] GC(168) Tenured: 4017K(699072K)->4017K(699072K)
[25.165s][info][gc,metaspace   ] GC(168) Metaspace: 8241K(8448K)->8241K(8448K) NonClass: 7265K(7360K)->7265K(7360K) Class: 975K(1088K)->975K(1088K)
[25.165s][info][gc             ] GC(168) Pause Young (Allocation Failure) 278M->5M(989M) 1.219ms
[25.165s][info][gc,cpu         ] GC(168) User=0.00s Sys=0.00s Real=0.00s
[25.294s][info][gc,start       ] GC(169) Pause Young (Allocation Failure)
[25.295s][info][gc,heap        ] GC(169) DefNew: 281201K(314560K)->1530K(314560K) Eden: 279616K(279616K)->0K(279616K) From: 1585K(34944K)->1530K(34944K)
[25.295s][info][gc,heap        ] GC(169) Tenured: 4017K(699072K)->4017K(699072K)
[25.295s][info][gc,metaspace   ] GC(169) Metaspace: 8241K(8448K)->8241K(8448K) NonClass: 7265K(7360K)->7265K(7360K) Class: 975K(1088K)->975K(1088K)
[25.295s][info][gc             ] GC(169) Pause Young (Allocation Failure) 278M->5M(989M) 1.087ms
[25.295s][info][gc,cpu         ] GC(169) User=0.00s Sys=0.00s Real=0.00s
[25.416s][info][gc,start       ] GC(170) Pause Young (Allocation Failure)
[25.417s][info][gc,heap        ] GC(170) DefNew: 281146K(314560K)->1321K(314560K) Eden: 279616K(279616K)->0K(279616K) From: 1530K(34944K)->1321K(34944K)
[25.417s][info][gc,heap        ] GC(170) Tenured: 4017K(699072K)->4017K(699072K)
[25.417s][info][gc,metaspace   ] GC(170) Metaspace: 8241K(8448K)->8241K(8448K) NonClass: 7265K(7360K)->7265K(7360K) Class: 975K(1088K)->975K(1088K)
[25.417s][info][gc             ] GC(170) Pause Young (Allocation Failure) 278M->5M(989M) 1.014ms
[25.417s][info][gc,cpu         ] GC(170) User=0.00s Sys=0.00s Real=0.00s
[25.538s][info][gc,start       ] GC(171) Pause Young (Allocation Failure)
[25.539s][info][gc,heap        ] GC(171) DefNew: 280937K(314560K)->1748K(314560K) Eden: 279616K(279616K)->0K(279616K) From: 1321K(34944K)->1748K(34944K)
[25.539s][info][gc,heap        ] GC(171) Tenured: 4017K(699072K)->4017K(699072K)
[25.539s][info][gc,metaspace   ] GC(171) Metaspace: 8241K(8448K)->8241K(8448K) NonClass: 7265K(7360K)->7265K(7360K) Class: 975K(1088K)->975K(1088K)
[25.539s][info][gc             ] GC(171) Pause Young (Allocation Failure) 278M->5M(989M) 1.133ms
[25.539s][info][gc,cpu         ] GC(171) User=0.00s Sys=0.00s Real=0.00s
[25.661s][info][gc,start       ] GC(172) Pause Young (Allocation Failure)
[25.662s][info][gc,heap        ] GC(172) DefNew: 281364K(314560K)->1484K(314560K) Eden: 279616K(279616K)->0K(279616K) From: 1748K(34944K)->1484K(34944K)
[25.662s][info][gc,heap        ] GC(172) Tenured: 4017K(699072K)->4017K(699072K)
[25.662s][info][gc,metaspace   ] GC(172) Metaspace: 8241K(8448K)->8241K(8448K) NonClass: 7265K(7360K)->7265K(7360K) Class: 975K(1088K)->975K(1088K)
[25.662s][info][gc             ] GC(172) Pause Young (Allocation Failure) 278M->5M(989M) 1.141ms
[25.662s][info][gc,cpu         ] GC(172) User=0.00s Sys=0.00s Real=0.00s
[25.792s][info][gc,start       ] GC(173) Pause Young (Allocation Failure)
[25.793s][info][gc,heap        ] GC(173) DefNew: 281100K(314560K)->1455K(314560K) Eden: 279616K(279616K)->0K(279616K) From: 1484K(34944K)->1455K(34944K)
[25.793s][info][gc,heap        ] GC(173) Tenured: 4017K(699072K)->4017K(699072K)
[25.793s][info][gc,metaspace   ] GC(173) Metaspace: 8246K(8448K)->8246K(8448K) NonClass: 7270K(7360K)->7270K(7360K) Class: 975K(1088K)->975K(1088K)
[25.793s][info][gc             ] GC(173) Pause Young (Allocation Failure) 278M->5M(989M) 1.146ms
[25.793s][info][gc,cpu         ] GC(173) User=0.00s Sys=0.00s Real=0.00s
[25.915s][info][gc,start       ] GC(174) Pause Young (Allocation Failure)
[25.916s][info][gc,heap        ] GC(174) DefNew: 281071K(314560K)->1503K(314560K) Eden: 279616K(279616K)->0K(279616K) From: 1455K(34944K)->1503K(34944K)
[25.916s][info][gc,heap        ] GC(174) Tenured: 4017K(699072K)->4017K(699072K)
[25.916s][info][gc,metaspace   ] GC(174) Metaspace: 8246K(8448K)->8246K(8448K) NonClass: 7270K(7360K)->7270K(7360K) Class: 975K(1088K)->975K(1088K)
[25.916s][info][gc             ] GC(174) Pause Young (Allocation Failure) 278M->5M(989M) 1.218ms
[25.916s][info][gc,cpu         ] GC(174) User=0.00s Sys=0.00s Real=0.00s
[26.037s][info][gc,start       ] GC(175) Pause Young (Allocation Failure)
[26.038s][info][gc,heap        ] GC(175) DefNew: 281119K(314560K)->1710K(314560K) Eden: 279616K(279616K)->0K(279616K) From: 1503K(34944K)->1710K(34944K)
[26.038s][info][gc,heap        ] GC(175) Tenured: 4017K(699072K)->4017K(699072K)
[26.038s][info][gc,metaspace   ] GC(175) Metaspace: 8246K(8448K)->8246K(8448K) NonClass: 7270K(7360K)->7270K(7360K) Class: 975K(1088K)->975K(1088K)
[26.038s][info][gc             ] GC(175) Pause Young (Allocation Failure) 278M->5M(989M) 1.144ms
[26.038s][info][gc,cpu         ] GC(175) User=0.00s Sys=0.00s Real=0.00s
[26.162s][info][gc,start       ] GC(176) Pause Young (Allocation Failure)
[26.163s][info][gc,heap        ] GC(176) DefNew: 281326K(314560K)->1509K(314560K) Eden: 279616K(279616K)->0K(279616K) From: 1710K(34944K)->1509K(34944K)
[26.163s][info][gc,heap        ] GC(176) Tenured: 4017K(699072K)->4017K(699072K)
[26.163s][info][gc,metaspace   ] GC(176) Metaspace: 8246K(8448K)->8246K(8448K) NonClass: 7270K(7360K)->7270K(7360K) Class: 975K(1088K)->975K(1088K)
[26.163s][info][gc             ] GC(176) Pause Young (Allocation Failure) 278M->5M(989M) 1.047ms
[26.163s][info][gc,cpu         ] GC(176) User=0.00s Sys=0.00s Real=0.00s
[26.284s][info][gc,start       ] GC(177) Pause Young (Allocation Failure)
[26.285s][info][gc,heap        ] GC(177) DefNew: 281125K(314560K)->1642K(314560K) Eden: 279616K(279616K)->0K(279616K) From: 1509K(34944K)->1642K(34944K)
[26.285s][info][gc,heap        ] GC(177) Tenured: 4017K(699072K)->4017K(699072K)
[26.285s][info][gc,metaspace   ] GC(177) Metaspace: 8246K(8448K)->8246K(8448K) NonClass: 7270K(7360K)->7270K(7360K) Class: 975K(1088K)->975K(1088K)
[26.285s][info][gc             ] GC(177) Pause Young (Allocation Failure) 278M->5M(989M) 1.154ms
[26.285s][info][gc,cpu         ] GC(177) User=0.00s Sys=0.00s Real=0.00s
[26.405s][info][gc,start       ] GC(178) Pause Young (Allocation Failure)
[26.406s][info][gc,heap        ] GC(178) DefNew: 281258K(314560K)->1656K(314560K) Eden: 279616K(279616K)->0K(279616K) From: 1642K(34944K)->1656K(34944K)
[26.406s][info][gc,heap        ] GC(178) Tenured: 4017K(699072K)->4017K(699072K)
[26.406s][info][gc,metaspace   ] GC(178) Metaspace: 8246K(8448K)->8246K(8448K) NonClass: 7270K(7360K)->7270K(7360K) Class: 975K(1088K)->975K(1088K)
[26.406s][info][gc             ] GC(178) Pause Young (Allocation Failure) 278M->5M(989M) 1.210ms
[26.406s][info][gc,cpu         ] GC(178) User=0.00s Sys=0.00s Real=0.00s
[26.528s][info][gc,start       ] GC(179) Pause Young (Allocation Failure)
[26.529s][info][gc,heap        ] GC(179) DefNew: 281272K(314560K)->1550K(314560K) Eden: 279616K(279616K)->0K(279616K) From: 1656K(34944K)->1550K(34944K)
[26.529s][info][gc,heap        ] GC(179) Tenured: 4017K(699072K)->4017K(699072K)
[26.529s][info][gc,metaspace   ] GC(179) Metaspace: 8246K(8448K)->8246K(8448K) NonClass: 7270K(7360K)->7270K(7360K) Class: 975K(1088K)->975K(1088K)
[26.529s][info][gc             ] GC(179) Pause Young (Allocation Failure) 278M->5M(989M) 1.078ms
[26.529s][info][gc,cpu         ] GC(179) User=0.00s Sys=0.00s Real=0.00s
[26.649s][info][gc,start       ] GC(180) Pause Young (Allocation Failure)
[26.650s][info][gc,heap        ] GC(180) DefNew: 281166K(314560K)->1533K(314560K) Eden: 279616K(279616K)->0K(279616K) From: 1550K(34944K)->1533K(34944K)
[26.651s][info][gc,heap        ] GC(180) Tenured: 4017K(699072K)->4145K(699072K)
[26.651s][info][gc,metaspace   ] GC(180) Metaspace: 8246K(8448K)->8246K(8448K) NonClass: 7270K(7360K)->7270K(7360K) Class: 975K(1088K)->975K(1088K)
[26.651s][info][gc             ] GC(180) Pause Young (Allocation Failure) 278M->5M(989M) 1.157ms
[26.651s][info][gc,cpu         ] GC(180) User=0.00s Sys=0.00s Real=0.00s
[26.780s][info][gc,start       ] GC(181) Pause Young (Allocation Failure)
[26.781s][info][gc,heap        ] GC(181) DefNew: 281149K(314560K)->1095K(314560K) Eden: 279616K(279616K)->0K(279616K) From: 1533K(34944K)->1095K(34944K)
[26.781s][info][gc,heap        ] GC(181) Tenured: 4145K(699072K)->4145K(699072K)
[26.781s][info][gc,metaspace   ] GC(181) Metaspace: 8246K(8448K)->8246K(8448K) NonClass: 7270K(7360K)->7270K(7360K) Class: 975K(1088K)->975K(1088K)
[26.781s][info][gc             ] GC(181) Pause Young (Allocation Failure) 278M->5M(989M) 0.854ms
[26.781s][info][gc,cpu         ] GC(181) User=0.00s Sys=0.00s Real=0.00s
[26.915s][info][gc,heap,exit   ] Heap
[26.915s][info][gc,heap,exit   ]  def new generation   total 314560K, used 271096K [0x00000000c0000000, 0x00000000d5550000, 0x00000000d5550000)
[26.915s][info][gc,heap,exit   ]   eden space 279616K,  96% used [0x00000000c0000000, 0x00000000d07ac638, 0x00000000d1110000)
[26.915s][info][gc,heap,exit   ]   from space 34944K,   3% used [0x00000000d1110000, 0x00000000d1221d10, 0x00000000d3330000)
[26.915s][info][gc,heap,exit   ]   to   space 34944K,   0% used [0x00000000d3330000, 0x00000000d3330000, 0x00000000d5550000)
[26.915s][info][gc,heap,exit   ]  tenured generation   total 699072K, used 4145K [0x00000000d5550000, 0x0000000100000000, 0x0000000100000000)
[26.915s][info][gc,heap,exit   ]    the space 699072K,   0% used [0x00000000d5550000, 0x00000000d595c5c8, 0x00000000d595c600, 0x0000000100000000)
[26.915s][info][gc,heap,exit   ]  Metaspace       used 8246K, committed 8448K, reserved 1114112K
[26.915s][info][gc,heap,exit   ]   class space    used 975K, committed 1088K, reserved 1048576K
