OpenJDK 64-Bit Server VM (25.422-b05) for windows-amd64 JRE (1.8.0_422-422-b05), built on Jul 18 2024 05:34:18 by "Administrator" with MS VC++ 16.10 / 16.11 (VS2019)
Memory: 4k page, physical 15965620k(10921188k free), swap 19635636k(12475008k free)
CommandLine flags: -XX:InitialHeapSize=629145600 -XX:MaxHeapSize=629145600 -XX:+PrintGC -XX:+PrintGCApplicationConcurrentTime -XX:+PrintGCApplicationStoppedTime -XX:+PrintGCDateStamps -XX:+PrintGCDetails -XX:+PrintGCTimeStamps -XX:+UnlockExperimentalVMOptions -XX:+UseCompressedClassPointers -XX:+UseCompressedOops -XX:-UseLargePagesIndividualAllocation -XX:+UseParallelGC -XX:+UseParallelOldGC 
2024-10-04T13:59:59.160+0300: 0.063: Application time: 0.0169872 seconds
2024-10-04T13:59:59.160+0300: 0.063: Total time for which application threads were stopped: 0.0000793 seconds, Stopping threads took: 0.0000323 seconds
2024-10-04T13:59:59.332+0300: 0.238: Application time: 0.1743172 seconds
2024-10-04T13:59:59.332+0300: 0.238: [GC (System.gc()) [PSYoungGen: 18492K->3926K(179200K)] 18492K->3934K(588800K), 0.0032777 secs] [Times: user=0.00 sys=0.00, real=0.00 secs] 
2024-10-04T13:59:59.332+0300: 0.241: [Full GC (System.gc()) [PSYoungGen: 3926K->0K(179200K)] [ParOldGen: 8K->3704K(409600K)] 3934K->3704K(588800K), [Metaspace: 7071K->7071K(1056768K)], 0.0120424 secs] [Times: user=0.05 sys=0.00, real=0.02 secs] 
2024-10-04T13:59:59.348+0300: 0.253: Total time for which application threads were stopped: 0.0156420 seconds, Stopping threads took: 0.0000278 seconds
2024-10-04T13:59:59.348+0300: 0.254: Application time: 0.0001064 seconds
2024-10-04T13:59:59.348+0300: 0.254: [GC (System.gc()) [PSYoungGen: 0K->0K(179200K)] 3704K->3704K(588800K), 0.0005172 secs] [Times: user=0.00 sys=0.00, real=0.00 secs] 
2024-10-04T13:59:59.348+0300: 0.254: [Full GC (System.gc()) [PSYoungGen: 0K->0K(179200K)] [ParOldGen: 3704K->3704K(409600K)] 3704K->3704K(588800K), [Metaspace: 7071K->7071K(1056768K)], 0.0045708 secs] [Times: user=0.00 sys=0.00, real=0.00 secs] 
2024-10-04T13:59:59.348+0300: 0.259: Total time for which application threads were stopped: 0.0052906 seconds, Stopping threads took: 0.0000351 seconds
2024-10-04T14:00:00.007+0300: 0.906: Application time: 0.6471327 seconds
2024-10-04T14:00:00.007+0300: 0.906: [GC (Allocation Failure) [PSYoungGen: 153322K->18598K(179200K)] 157027K->22310K(588800K), 0.0053727 secs] [Times: user=0.00 sys=0.00, real=0.00 secs] 
2024-10-04T14:00:00.007+0300: 0.912: Total time for which application threads were stopped: 0.0058755 seconds, Stopping threads took: 0.0002066 seconds
2024-10-04T14:00:00.055+0300: 0.952: Application time: 0.0405974 seconds
2024-10-04T14:00:00.055+0300: 0.953: [GC (Allocation Failure) [PSYoungGen: 171923K->14891K(179200K)] 175636K->18619K(588800K), 0.0037134 secs] [Times: user=0.00 sys=0.00, real=0.00 secs] 
2024-10-04T14:00:00.055+0300: 0.956: Total time for which application threads were stopped: 0.0040670 seconds, Stopping threads took: 0.0001825 seconds
2024-10-04T14:00:00.070+0300: 0.980: Application time: 0.0234495 seconds
2024-10-04T14:00:00.070+0300: 0.980: [GC (Allocation Failure) [PSYoungGen: 167892K->16317K(179200K)] 171621K->20053K(588800K), 0.0033776 secs] [Times: user=0.02 sys=0.00, real=0.02 secs] 
2024-10-04T14:00:00.086+0300: 0.984: Total time for which application threads were stopped: 0.0037611 seconds, Stopping threads took: 0.0002191 seconds
2024-10-04T14:00:00.353+0300: 1.256: Application time: 0.2724620 seconds
2024-10-04T14:00:00.353+0300: 1.256: [GC (Allocation Failure) [PSYoungGen: 169854K->14097K(179200K)] 173591K->17842K(588800K), 0.0026050 secs] [Times: user=0.00 sys=0.00, real=0.00 secs] 
2024-10-04T14:00:00.353+0300: 1.259: Total time for which application threads were stopped: 0.0029221 seconds, Stopping threads took: 0.0001776 seconds
2024-10-04T14:00:01.044+0300: 1.952: Application time: 0.6933345 seconds
2024-10-04T14:00:01.044+0300: 1.953: [GC (Allocation Failure) [PSYoungGen: 167123K->15586K(179200K)] 170867K->19339K(588800K), 0.0026626 secs] [Times: user=0.00 sys=0.00, real=0.00 secs] 
2024-10-04T14:00:01.060+0300: 1.958: Total time for which application threads were stopped: 0.0055244 seconds, Stopping threads took: 0.0001254 seconds
2024-10-04T14:00:01.546+0300: 2.447: Application time: 0.4886423 seconds
2024-10-04T14:00:01.546+0300: 2.447: [GC (Allocation Failure) [PSYoungGen: 168484K->14114K(180224K)] 172237K->17875K(589824K), 0.0025628 secs] [Times: user=0.00 sys=0.00, real=0.00 secs] 
2024-10-04T14:00:01.546+0300: 2.449: Total time for which application threads were stopped: 0.0028883 seconds, Stopping threads took: 0.0001334 seconds
2024-10-04T14:00:02.048+0300: 2.951: Application time: 0.5012613 seconds
2024-10-04T14:00:02.048+0300: 2.951: [GC (Allocation Failure) [PSYoungGen: 169095K->17293K(172544K)] 172855K->22282K(582144K), 0.0035667 secs] [Times: user=0.00 sys=0.00, real=0.00 secs] 
2024-10-04T14:00:02.048+0300: 2.955: Total time for which application threads were stopped: 0.0038692 seconds, Stopping threads took: 0.0001319 seconds
2024-10-04T14:00:02.111+0300: 3.014: Application time: 0.0589078 seconds
2024-10-04T14:00:02.111+0300: 3.014: [GC (Allocation Failure) [PSYoungGen: 171735K->13129K(180224K)] 176724K->18134K(589824K), 0.0023788 secs] [Times: user=0.00 sys=0.00, real=0.00 secs] 
2024-10-04T14:00:02.111+0300: 3.016: Total time for which application threads were stopped: 0.0027646 seconds, Stopping threads took: 0.0002158 seconds
2024-10-04T14:00:02.142+0300: 3.043: Application time: 0.0263613 seconds
2024-10-04T14:00:02.142+0300: 3.043: [GC (Allocation Failure) [PSYoungGen: 167713K->13858K(179200K)] 172718K->18871K(588800K), 0.0025107 secs] [Times: user=0.02 sys=0.00, real=0.00 secs] 
2024-10-04T14:00:02.142+0300: 3.046: Total time for which application threads were stopped: 0.0029592 seconds, Stopping threads took: 0.0002836 seconds
2024-10-04T14:00:02.174+0300: 3.072: Application time: 0.0260858 seconds
2024-10-04T14:00:02.174+0300: 3.072: [GC (Allocation Failure) [PSYoungGen: 168002K->13018K(182272K)] 173015K->18244K(591872K), 0.0025047 secs] [Times: user=0.00 sys=0.00, real=0.00 secs] 
2024-10-04T14:00:02.174+0300: 3.075: Total time for which application threads were stopped: 0.0028629 seconds, Stopping threads took: 0.0001953 seconds
2024-10-04T14:00:02.519+0300: 3.422: Application time: 0.3470566 seconds
2024-10-04T14:00:02.519+0300: 3.422: [GC (Allocation Failure) [PSYoungGen: 171495K->11528K(181248K)] 176720K->18202K(590848K), 0.0024235 secs] [Times: user=0.00 sys=0.00, real=0.00 secs] 
2024-10-04T14:00:02.519+0300: 3.424: Total time for which application threads were stopped: 0.0027540 seconds, Stopping threads took: 0.0001501 seconds
2024-10-04T14:00:03.210+0300: 4.106: Application time: 0.6815326 seconds
2024-10-04T14:00:03.210+0300: 4.106: Total time for which application threads were stopped: 0.0003019 seconds, Stopping threads took: 0.0001766 seconds
2024-10-04T14:00:03.288+0300: 4.185: Application time: 0.0784628 seconds
2024-10-04T14:00:03.288+0300: 4.185: [GC (Allocation Failure) [PSYoungGen: 169557K->13017K(183808K)] 176231K->21132K(593408K), 0.0027123 secs] [Times: user=0.02 sys=0.00, real=0.00 secs] 
2024-10-04T14:00:03.288+0300: 4.188: Total time for which application threads were stopped: 0.0029963 seconds, Stopping threads took: 0.0001275 seconds
2024-10-04T14:00:03.838+0300: 4.734: Application time: 0.5467165 seconds
2024-10-04T14:00:03.838+0300: 4.735: [GC (Allocation Failure) [PSYoungGen: 174390K->12274K(182784K)] 182505K->23263K(592384K), 0.0028471 secs] [Times: user=0.00 sys=0.00, real=0.00 secs] 
2024-10-04T14:00:03.838+0300: 4.738: Total time for which application threads were stopped: 0.0032528 seconds, Stopping threads took: 0.0001836 seconds
2024-10-04T14:00:04.323+0300: 5.225: Application time: 0.4871126 seconds
2024-10-04T14:00:04.323+0300: 5.225: [GC (Allocation Failure) [PSYoungGen: 173981K->7317K(184320K)] 184971K->20484K(593920K), 0.0019775 secs] [Times: user=0.00 sys=0.00, real=0.00 secs] 
2024-10-04T14:00:04.323+0300: 5.227: Total time for which application threads were stopped: 0.0022707 seconds, Stopping threads took: 0.0001145 seconds
2024-10-04T14:00:04.379+0300: 5.281: Application time: 0.0539937 seconds
2024-10-04T14:00:04.379+0300: 5.281: [GC (Allocation Failure) [PSYoungGen: 170667K->11592K(184320K)] 183835K->24867K(593920K), 0.0025366 secs] [Times: user=0.02 sys=0.00, real=0.01 secs] 
2024-10-04T14:00:04.386+0300: 5.284: Total time for which application threads were stopped: 0.0029535 seconds, Stopping threads took: 0.0002233 seconds
2024-10-04T14:00:04.417+0300: 5.319: Application time: 0.0349374 seconds
2024-10-04T14:00:04.417+0300: 5.319: [GC (Allocation Failure) [PSYoungGen: 175142K->11561K(185344K)] 188417K->27066K(594944K), 0.0027529 secs] [Times: user=0.00 sys=0.00, real=0.00 secs] 
2024-10-04T14:00:04.417+0300: 5.322: Total time for which application threads were stopped: 0.0031148 seconds, Stopping threads took: 0.0001961 seconds
2024-10-04T14:00:04.532+0300: 5.437: Application time: 0.1152357 seconds
2024-10-04T14:00:04.532+0300: 5.438: [GC (Allocation Failure) [PSYoungGen: 176445K->12304K(184832K)] 191950K->27818K(594432K), 0.0026607 secs] [Times: user=0.02 sys=0.00, real=0.01 secs] 
2024-10-04T14:00:04.543+0300: 5.440: Total time for which application threads were stopped: 0.0030810 seconds, Stopping threads took: 0.0002161 seconds
2024-10-04T14:00:05.139+0300: 6.041: Application time: 0.6009119 seconds
2024-10-04T14:00:05.139+0300: 6.042: [GC (Allocation Failure) [PSYoungGen: 177305K->13017K(186368K)] 192818K->31420K(595968K), 0.0029944 secs] [Times: user=0.00 sys=0.00, real=0.00 secs] 
2024-10-04T14:00:05.139+0300: 6.045: Total time for which application threads were stopped: 0.0033763 seconds, Stopping threads took: 0.0002237 seconds
2024-10-04T14:00:05.845+0300: 6.748: Application time: 0.7032325 seconds
2024-10-04T14:00:05.845+0300: 6.748: [GC (Allocation Failure) [PSYoungGen: 180914K->13017K(186368K)] 199317K->31437K(595968K), 0.0025192 secs] [Times: user=0.00 sys=0.00, real=0.00 secs] 
2024-10-04T14:00:05.845+0300: 6.751: Total time for which application threads were stopped: 0.0028671 seconds, Stopping threads took: 0.0001918 seconds
2024-10-04T14:00:06.425+0300: 7.330: Application time: 0.5788909 seconds
2024-10-04T14:00:06.425+0300: 7.330: [GC (Allocation Failure) [PSYoungGen: 180923K->13018K(186880K)] 199342K->35736K(596480K), 0.0037666 secs] [Times: user=0.00 sys=0.02, real=0.01 secs] 
2024-10-04T14:00:06.436+0300: 7.334: Total time for which application threads were stopped: 0.0041882 seconds, Stopping threads took: 0.0002466 seconds
2024-10-04T14:00:06.582+0300: 7.485: Application time: 0.1509625 seconds
2024-10-04T14:00:06.582+0300: 7.485: [GC (Allocation Failure) [PSYoungGen: 181415K->9358K(186880K)] 204134K->34967K(596480K), 0.0024181 secs] [Times: user=0.00 sys=0.00, real=0.00 secs] 
2024-10-04T14:00:06.582+0300: 7.488: Total time for which application threads were stopped: 0.0028576 seconds, Stopping threads took: 0.0002149 seconds
2024-10-04T14:00:06.723+0300: 7.628: Application time: 0.1406951 seconds
2024-10-04T14:00:06.723+0300: 7.629: [GC (Allocation Failure) [PSYoungGen: 177844K->10199K(187392K)] 203452K->36596K(596992K), 0.0020511 secs] [Times: user=0.00 sys=0.00, real=0.00 secs] 
2024-10-04T14:00:06.723+0300: 7.631: Total time for which application threads were stopped: 0.0024149 seconds, Stopping threads took: 0.0001959 seconds
2024-10-04T14:00:06.786+0300: 7.684: Application time: 0.0530316 seconds
2024-10-04T14:00:06.786+0300: 7.684: [GC (Allocation Failure) [PSYoungGen: 179425K->10784K(186880K)] 205822K->38727K(596480K), 0.0023933 secs] [Times: user=0.00 sys=0.00, real=0.00 secs] 
2024-10-04T14:00:06.786+0300: 7.687: Total time for which application threads were stopped: 0.0028783 seconds, Stopping threads took: 0.0003239 seconds
2024-10-04T14:00:07.163+0300: 8.072: Application time: 0.3857297 seconds
2024-10-04T14:00:07.163+0300: 8.073: [GC (Allocation Failure) [PSYoungGen: 180152K->10879K(187904K)] 208094K->38870K(597504K), 0.0021367 secs] [Times: user=0.01 sys=0.00, real=0.02 secs] 
2024-10-04T14:00:07.179+0300: 8.075: Total time for which application threads were stopped: 0.0024601 seconds, Stopping threads took: 0.0001659 seconds
2024-10-04T14:00:07.939+0300: 8.838: Application time: 0.7630645 seconds
2024-10-04T14:00:07.939+0300: 8.838: [GC (Allocation Failure) [PSYoungGen: 180998K->12305K(187392K)] 208988K->40295K(596992K), 0.0025315 secs] [Times: user=0.00 sys=0.00, real=0.00 secs] 
2024-10-04T14:00:07.939+0300: 8.841: Total time for which application threads were stopped: 0.0028316 seconds, Stopping threads took: 0.0001120 seconds
2024-10-04T14:00:08.559+0300: 9.462: Application time: 0.6210136 seconds
2024-10-04T14:00:08.559+0300: 9.462: [GC (Allocation Failure) [PSYoungGen: 182404K->12305K(188416K)] 210395K->44579K(598016K), 0.0029243 secs] [Times: user=0.00 sys=0.00, real=0.00 secs] 
2024-10-04T14:00:08.559+0300: 9.465: Total time for which application threads were stopped: 0.0032329 seconds, Stopping threads took: 0.0001119 seconds
2024-10-04T14:00:08.935+0300: 9.835: Application time: 0.3697870 seconds
2024-10-04T14:00:08.935+0300: 9.835: [GC (Allocation Failure) [PSYoungGen: 183688K->8582K(188416K)] 215961K->44466K(598016K), 0.0026685 secs] [Times: user=0.00 sys=0.00, real=0.01 secs] 
2024-10-04T14:00:08.941+0300: 9.838: Total time for which application threads were stopped: 0.0030374 seconds, Stopping threads took: 0.0001994 seconds
2024-10-04T14:00:09.061+0300: 9.958: Application time: 0.1197359 seconds
2024-10-04T14:00:09.061+0300: 9.958: [GC (Allocation Failure) [PSYoungGen: 180443K->8678K(188416K)] 216327K->45331K(598016K), 0.0018598 secs] [Times: user=0.00 sys=0.00, real=0.00 secs] 
2024-10-04T14:00:09.061+0300: 9.960: Total time for which application threads were stopped: 0.0021915 seconds, Stopping threads took: 0.0001878 seconds
2024-10-04T14:00:09.156+0300: 10.063: Application time: 0.1032734 seconds
2024-10-04T14:00:09.156+0300: 10.064: [GC (Allocation Failure) [PSYoungGen: 180040K->10912K(188416K)] 216693K->48353K(598016K), 0.0022488 secs] [Times: user=0.00 sys=0.00, real=0.00 secs] 
2024-10-04T14:00:09.156+0300: 10.066: Total time for which application threads were stopped: 0.0029327 seconds, Stopping threads took: 0.0005218 seconds
2024-10-04T14:00:09.312+0300: 10.210: Application time: 0.1439178 seconds
2024-10-04T14:00:09.312+0300: 10.210: [GC (Allocation Failure) [PSYoungGen: 182509K->10167K(188928K)] 219950K->49150K(598528K), 0.0022725 secs] [Times: user=0.00 sys=0.00, real=0.00 secs] 
2024-10-04T14:00:09.312+0300: 10.213: Total time for which application threads were stopped: 0.0025901 seconds, Stopping threads took: 0.0001589 seconds
2024-10-04T14:00:10.112+0300: 11.020: Application time: 0.8072565 seconds
2024-10-04T14:00:10.112+0300: 11.020: [GC (Allocation Failure) [PSYoungGen: 183162K->11592K(188928K)] 222145K->52720K(598528K), 0.0024735 secs] [Times: user=0.00 sys=0.00, real=0.00 secs] 
2024-10-04T14:00:10.112+0300: 11.023: Total time for which application threads were stopped: 0.0027271 seconds, Stopping threads took: 0.0000892 seconds
2024-10-04T14:00:10.709+0300: 11.606: Application time: 0.5838275 seconds
2024-10-04T14:00:10.709+0300: 11.607: [GC (Allocation Failure) [PSYoungGen: 184405K->10816K(189952K)] 225533K->53402K(599552K), 0.0023214 secs] [Times: user=0.01 sys=0.00, real=0.00 secs] 
2024-10-04T14:00:10.709+0300: 11.609: Total time for which application threads were stopped: 0.0028488 seconds, Stopping threads took: 0.0003714 seconds
2024-10-04T14:00:11.054+0300: 11.958: Application time: 0.3488648 seconds
2024-10-04T14:00:11.054+0300: 11.958: [GC (Allocation Failure) [PSYoungGen: 185269K->12305K(189440K)] 227855K->57076K(599040K), 0.0027260 secs] [Times: user=0.00 sys=0.00, real=0.00 secs] 
2024-10-04T14:00:11.054+0300: 11.961: Total time for which application threads were stopped: 0.0030025 seconds, Stopping threads took: 0.0001148 seconds
2024-10-04T14:00:11.258+0300: 12.161: Application time: 0.1994984 seconds
2024-10-04T14:00:11.258+0300: 12.161: [GC (Allocation Failure) [PSYoungGen: 186218K->8678K(189440K)] 230989K->56331K(599040K), 0.0024777 secs] [Times: user=0.00 sys=0.00, real=0.00 secs] 
2024-10-04T14:00:11.258+0300: 12.164: Total time for which application threads were stopped: 0.0029041 seconds, Stopping threads took: 0.0001678 seconds
2024-10-04T14:00:11.345+0300: 12.242: Application time: 0.0780904 seconds
2024-10-04T14:00:11.345+0300: 12.242: [GC (Allocation Failure) [PSYoungGen: 182558K->10167K(189440K)] 230211K->58621K(599040K), 0.0021543 secs] [Times: user=0.00 sys=0.00, real=0.00 secs] 
2024-10-04T14:00:11.345+0300: 12.244: Total time for which application threads were stopped: 0.0025065 seconds, Stopping threads took: 0.0001366 seconds
2024-10-04T14:00:11.415+0300: 12.321: Application time: 0.0770680 seconds
2024-10-04T14:00:11.415+0300: 12.321: [GC (Allocation Failure) [PSYoungGen: 183736K->9358K(189952K)] 232190K->60042K(599552K), 0.0023772 secs] [Times: user=0.00 sys=0.00, real=0.00 secs] 
2024-10-04T14:00:11.415+0300: 12.324: Total time for which application threads were stopped: 0.0027058 seconds, Stopping threads took: 0.0001897 seconds
2024-10-04T14:00:12.262+0300: 13.167: Application time: 0.8427786 seconds
2024-10-04T14:00:12.262+0300: 13.167: [GC (Allocation Failure) [PSYoungGen: 183831K->9454K(189952K)] 234515K->60891K(599552K), 0.0020197 secs] [Times: user=0.01 sys=0.00, real=0.00 secs] 
2024-10-04T14:00:12.262+0300: 13.169: Total time for which application threads were stopped: 0.0023118 seconds, Stopping threads took: 0.0001492 seconds
2024-10-04T14:00:12.733+0300: 13.633: Application time: 0.4642771 seconds
2024-10-04T14:00:12.733+0300: 13.634: [GC (Allocation Failure) [PSYoungGen: 184431K->10880K(190464K)] 235867K->62316K(600064K), 0.0023062 secs] [Times: user=0.00 sys=0.00, real=0.00 secs] 
2024-10-04T14:00:12.733+0300: 13.636: Total time for which application threads were stopped: 0.0029392 seconds, Stopping threads took: 0.0004912 seconds
2024-10-04T14:00:13.249+0300: 14.145: Application time: 0.5089654 seconds
2024-10-04T14:00:13.249+0300: 14.145: [GC (Allocation Failure) [PSYoungGen: 186075K->8710K(189952K)] 237511K->63757K(599552K), 0.0026545 secs] [Times: user=0.00 sys=0.00, real=0.00 secs] 
2024-10-04T14:00:13.251+0300: 14.148: Total time for which application threads were stopped: 0.0029323 seconds, Stopping threads took: 0.0001238 seconds
2024-10-04T14:00:13.423+0300: 14.323: Application time: 0.1753278 seconds
2024-10-04T14:00:13.423+0300: 14.324: [GC (Allocation Failure) [PSYoungGen: 184250K->8662K(190464K)] 239297K->64461K(600064K), 0.0020493 secs] [Times: user=0.00 sys=0.00, real=0.00 secs] 
2024-10-04T14:00:13.423+0300: 14.326: Total time for which application threads were stopped: 0.0026156 seconds, Stopping threads took: 0.0003841 seconds
2024-10-04T14:00:13.596+0300: 14.498: Application time: 0.1719842 seconds
2024-10-04T14:00:13.596+0300: 14.498: [GC (Allocation Failure) [PSYoungGen: 184329K->9422K(190464K)] 240128K->65306K(600064K), 0.0020316 secs] [Times: user=0.02 sys=0.00, real=0.00 secs] 
2024-10-04T14:00:13.596+0300: 14.500: Total time for which application threads were stopped: 0.0023774 seconds, Stopping threads took: 0.0001847 seconds
2024-10-04T14:00:13.816+0300: 14.724: Application time: 0.2234918 seconds
2024-10-04T14:00:13.816+0300: 14.724: [GC (Allocation Failure) [PSYoungGen: 185032K->8678K(190976K)] 240915K->66763K(600576K), 0.0022735 secs] [Times: user=0.00 sys=0.00, real=0.00 secs] 
2024-10-04T14:00:13.816+0300: 14.727: Total time for which application threads were stopped: 0.0026076 seconds, Stopping threads took: 0.0001731 seconds
2024-10-04T14:00:14.428+0300: 15.326: Application time: 0.5994720 seconds
2024-10-04T14:00:14.428+0300: 15.326: [GC (Allocation Failure) [PSYoungGen: 185342K->8742K(190976K)] 243427K->67615K(600576K), 0.0018249 secs] [Times: user=0.00 sys=0.00, real=0.00 secs] 
2024-10-04T14:00:14.428+0300: 15.328: Total time for which application threads were stopped: 0.0020852 seconds, Stopping threads took: 0.0001107 seconds
2024-10-04T14:00:15.024+0300: 15.929: Application time: 0.6011358 seconds
2024-10-04T14:00:15.024+0300: 15.929: [GC (Allocation Failure) [PSYoungGen: 185853K->11592K(190976K)] 244726K->71202K(600576K), 0.0027859 secs] [Times: user=0.00 sys=0.00, real=0.00 secs] 
2024-10-04T14:00:15.024+0300: 15.932: Total time for which application threads were stopped: 0.0031202 seconds, Stopping threads took: 0.0001836 seconds
2024-10-04T14:00:15.417+0300: 16.328: Application time: 0.3955809 seconds
2024-10-04T14:00:15.417+0300: 16.328: [GC (Allocation Failure) [PSYoungGen: 188139K->10135K(190976K)] 247749K->71931K(600576K), 0.0025701 secs] [Times: user=0.02 sys=0.00, real=0.02 secs] 
2024-10-04T14:00:15.433+0300: 16.331: Total time for which application threads were stopped: 0.0029246 seconds, Stopping threads took: 0.0001948 seconds
2024-10-04T14:00:15.653+0300: 16.560: Application time: 0.2287167 seconds
2024-10-04T14:00:15.653+0300: 16.560: [GC (Allocation Failure) [PSYoungGen: 187244K->9455K(191488K)] 249040K->72723K(601088K), 0.0023585 secs] [Times: user=0.05 sys=0.00, real=0.00 secs] 
2024-10-04T14:00:15.653+0300: 16.562: Total time for which application threads were stopped: 0.0027130 seconds, Stopping threads took: 0.0001651 seconds
2024-10-04T14:00:15.919+0300: 16.827: Application time: 0.2644832 seconds
2024-10-04T14:00:15.919+0300: 16.827: [GC (Allocation Failure) [PSYoungGen: 186478K->9422K(190976K)] 249746K->73468K(600576K), 0.0020645 secs] [Times: user=0.00 sys=0.00, real=0.00 secs] 
2024-10-04T14:00:15.919+0300: 16.829: Total time for which application threads were stopped: 0.0023920 seconds, Stopping threads took: 0.0001591 seconds
2024-10-04T14:00:16.312+0300: 17.222: Application time: 0.3928615 seconds
2024-10-04T14:00:16.312+0300: 17.222: [GC (Allocation Failure) [PSYoungGen: 186442K->8774K(191488K)] 250487K->73571K(601088K), 0.0020207 secs] [Times: user=0.02 sys=0.00, real=0.01 secs] 
2024-10-04T14:00:16.327+0300: 17.224: Total time for which application threads were stopped: 0.0023009 seconds, Stopping threads took: 0.0001470 seconds
2024-10-04T14:00:17.206+0300: 18.106: Application time: 0.8814025 seconds
2024-10-04T14:00:17.206+0300: 18.106: [GC (Allocation Failure) [PSYoungGen: 186615K->8742K(191488K)] 251413K->75005K(601088K), 0.0020305 secs] [Times: user=0.00 sys=0.00, real=0.00 secs] 
2024-10-04T14:00:17.206+0300: 18.108: Total time for which application threads were stopped: 0.0023038 seconds, Stopping threads took: 0.0001463 seconds
2024-10-04T14:00:18.118+0300: 19.029: Application time: 0.9208213 seconds
2024-10-04T14:00:18.133+0300: 19.029: Total time for which application threads were stopped: 0.0003993 seconds, Stopping threads took: 0.0003531 seconds
2024-10-04T14:00:18.133+0300: 19.037: Application time: 0.0079677 seconds
2024-10-04T14:00:18.149+0300: 19.045: [GC (Allocation Failure) [PSYoungGen: 186575K->8870K(192000K)] 252837K->75149K(601600K), 0.0022643 secs] [Times: user=0.00 sys=0.00, real=0.00 secs] 
2024-10-04T14:00:18.149+0300: 19.047: Total time for which application threads were stopped: 0.0101938 seconds, Stopping threads took: 0.0077124 seconds
2024-10-04T14:00:18.165+0300: 19.071: Application time: 0.0236260 seconds
2024-10-04T14:00:18.165+0300: 19.072: [GC (Allocation Failure) [PSYoungGen: 187983K->5147K(184832K)] 254261K->73055K(594432K), 0.0016646 secs] [Times: user=0.00 sys=0.00, real=0.00 secs] 
2024-10-04T14:00:18.165+0300: 19.074: Total time for which application threads were stopped: 0.0024509 seconds, Stopping threads took: 0.0006394 seconds
2024-10-04T14:00:18.197+0300: 19.096: Application time: 0.0227436 seconds
2024-10-04T14:00:18.197+0300: 19.097: [GC (Allocation Failure) [PSYoungGen: 183972K->6605K(191488K)] 251880K->76675K(601088K), 0.0018438 secs] [Times: user=0.00 sys=0.00, real=0.00 secs] 
2024-10-04T14:00:18.197+0300: 19.098: Total time for which application threads were stopped: 0.0021312 seconds, Stopping threads took: 0.0001573 seconds
2024-10-04T14:00:18.322+0300: 19.231: Application time: 0.1323480 seconds
2024-10-04T14:00:18.322+0300: 19.231: [GC (Allocation Failure) [PSYoungGen: 184238K->12304K(190976K)] 254308K->82374K(600576K), 0.0022383 secs] [Times: user=0.00 sys=0.00, real=0.00 secs] 
2024-10-04T14:00:18.322+0300: 19.233: Total time for which application threads were stopped: 0.0024992 seconds, Stopping threads took: 0.0000836 seconds
2024-10-04T14:00:19.248+0300: 20.152: Application time: 0.9189710 seconds
2024-10-04T14:00:19.248+0300: 20.153: [GC (Allocation Failure) [PSYoungGen: 190074K->9454K(190976K)] 260144K->82382K(600576K), 0.0025072 secs] [Times: user=0.00 sys=0.00, real=0.00 secs] 
2024-10-04T14:00:19.248+0300: 20.155: Total time for which application threads were stopped: 0.0029150 seconds, Stopping threads took: 0.0002318 seconds
2024-10-04T14:00:19.829+0300: 20.737: Application time: 0.5815207 seconds
2024-10-04T14:00:19.829+0300: 20.737: [GC (Allocation Failure) [PSYoungGen: 185906K->10880K(190976K)] 258833K->85249K(600576K), 0.0022361 secs] [Times: user=0.00 sys=0.00, real=0.00 secs] 
2024-10-04T14:00:19.829+0300: 20.739: Total time for which application threads were stopped: 0.0025657 seconds, Stopping threads took: 0.0002024 seconds
2024-10-04T14:00:20.222+0300: 21.127: Application time: 0.3876586 seconds
2024-10-04T14:00:20.222+0300: 21.127: [GC (Allocation Failure) [PSYoungGen: 187970K->8646K(190976K)] 262339K->85897K(600576K), 0.0022259 secs] [Times: user=0.00 sys=0.00, real=0.00 secs] 
2024-10-04T14:00:20.222+0300: 21.130: Total time for which application threads were stopped: 0.0026100 seconds, Stopping threads took: 0.0002428 seconds
2024-10-04T14:00:20.348+0300: 21.251: Application time: 0.1210358 seconds
2024-10-04T14:00:20.348+0300: 21.251: [GC (Allocation Failure) [PSYoungGen: 185798K->8061K(190976K)] 263049K->85352K(600576K), 0.0016641 secs] [Times: user=0.00 sys=0.00, real=0.00 secs] 
2024-10-04T14:00:20.348+0300: 21.253: Total time for which application threads were stopped: 0.0020015 seconds, Stopping threads took: 0.0001516 seconds
2024-10-04T14:00:20.395+0300: 21.301: Application time: 0.0487974 seconds
2024-10-04T14:00:20.395+0300: 21.302: [GC (Allocation Failure) [PSYoungGen: 184995K->8646K(191488K)] 262286K->87474K(601088K), 0.0022746 secs] [Times: user=0.00 sys=0.00, real=0.00 secs] 
2024-10-04T14:00:20.395+0300: 21.304: Total time for which application threads were stopped: 0.0026267 seconds, Stopping threads took: 0.0001980 seconds
2024-10-04T14:00:20.489+0300: 21.396: Application time: 0.0921642 seconds
2024-10-04T14:00:20.489+0300: 21.396: [GC (Allocation Failure) [PSYoungGen: 186472K->9326K(191488K)] 265300K->89635K(601088K), 0.0023835 secs] [Times: user=0.02 sys=0.00, real=0.00 secs] 
2024-10-04T14:00:20.489+0300: 21.399: Total time for which application threads were stopped: 0.0026775 seconds, Stopping threads took: 0.0001278 seconds
2024-10-04T14:00:21.336+0300: 22.237: Application time: 0.8377710 seconds
2024-10-04T14:00:21.336+0300: 22.237: [GC (Allocation Failure) [PSYoungGen: 187395K->8742K(192000K)] 267704K->90524K(601600K), 0.0020509 secs] [Times: user=0.00 sys=0.00, real=0.00 secs] 
2024-10-04T14:00:21.336+0300: 22.239: Total time for which application threads were stopped: 0.0023837 seconds, Stopping threads took: 0.0001733 seconds
2024-10-04T14:00:21.932+0300: 22.836: Application time: 0.5974816 seconds
2024-10-04T14:00:21.932+0300: 22.837: [GC (Allocation Failure) [PSYoungGen: 187805K->10880K(192000K)] 269587K->94103K(601600K), 0.0023203 secs] [Times: user=0.00 sys=0.00, real=0.00 secs] 
2024-10-04T14:00:21.932+0300: 22.839: Total time for which application threads were stopped: 0.0026268 seconds, Stopping threads took: 0.0001545 seconds
2024-10-04T14:00:22.293+0300: 23.198: Application time: 0.3592844 seconds
2024-10-04T14:00:22.293+0300: 23.199: [GC (Allocation Failure) [PSYoungGen: 189486K->8678K(192000K)] 272710K->94775K(601600K), 0.0024832 secs] [Times: user=0.00 sys=0.00, real=0.00 secs] 
2024-10-04T14:00:22.293+0300: 23.201: Total time for which application threads were stopped: 0.0028444 seconds, Stopping threads took: 0.0002355 seconds
2024-10-04T14:00:22.513+0300: 23.416: Application time: 0.2148401 seconds
2024-10-04T14:00:22.513+0300: 23.417: [GC (Allocation Failure) [PSYoungGen: 187369K->9518K(192000K)] 273466K->95671K(601600K), 0.0020707 secs] [Times: user=0.00 sys=0.00, real=0.00 secs] 
2024-10-04T14:00:22.513+0300: 23.419: Total time for which application threads were stopped: 0.0027428 seconds, Stopping threads took: 0.0005009 seconds
2024-10-04T14:00:22.544+0300: 23.446: Application time: 0.0269249 seconds
2024-10-04T14:00:22.544+0300: 23.446: [GC (Allocation Failure) [PSYoungGen: 188636K->7253K(192512K)] 274790K->96404K(602112K), 0.0023853 secs] [Times: user=0.00 sys=0.00, real=0.00 secs] 
2024-10-04T14:00:22.544+0300: 23.449: Total time for which application threads were stopped: 0.0029480 seconds, Stopping threads took: 0.0004093 seconds
2024-10-04T14:00:22.685+0300: 23.596: Application time: 0.1475816 seconds
2024-10-04T14:00:22.685+0300: 23.597: [GC (Allocation Failure) [PSYoungGen: 187288K->10879K(191488K)] 276439K->100079K(601088K), 0.0022117 secs] [Times: user=0.01 sys=0.00, real=0.02 secs] 
2024-10-04T14:00:22.701+0300: 23.599: Total time for which application threads were stopped: 0.0024990 seconds, Stopping threads took: 0.0001403 seconds
2024-10-04T14:00:23.596+0300: 24.505: Application time: 0.9057602 seconds
2024-10-04T14:00:23.596+0300: 24.505: [GC (Allocation Failure) [PSYoungGen: 190580K->9454K(192000K)] 279779K->100799K(601600K), 0.0021234 secs] [Times: user=0.00 sys=0.00, real=0.00 secs] 
2024-10-04T14:00:23.596+0300: 24.507: Total time for which application threads were stopped: 0.0024687 seconds, Stopping threads took: 0.0001957 seconds
2024-10-04T14:00:24.224+0300: 25.126: Application time: 0.6190534 seconds
2024-10-04T14:00:24.224+0300: 25.126: [GC (Allocation Failure) [PSYoungGen: 188397K->10168K(192000K)] 279742K->103658K(601600K), 0.0023366 secs] [Times: user=0.00 sys=0.00, real=0.00 secs] 
2024-10-04T14:00:24.224+0300: 25.129: Total time for which application threads were stopped: 0.0026916 seconds, Stopping threads took: 0.0001935 seconds
2024-10-04T14:00:24.679+0300: 25.575: Application time: 0.4466313 seconds
2024-10-04T14:00:24.679+0300: 25.576: [GC (Allocation Failure) [PSYoungGen: 188887K->8678K(192512K)] 282377K->103642K(602112K), 0.0021023 secs] [Times: user=0.00 sys=0.00, real=0.00 secs] 
2024-10-04T14:00:24.679+0300: 25.578: Total time for which application threads were stopped: 0.0024112 seconds, Stopping threads took: 0.0001767 seconds
2024-10-04T14:00:24.710+0300: 25.607: Application time: 0.0292471 seconds
2024-10-04T14:00:24.710+0300: 25.608: [GC (Allocation Failure) [PSYoungGen: 187862K->8774K(192000K)] 282826K->103817K(601600K), 0.0020042 secs] [Times: user=0.00 sys=0.00, real=0.00 secs] 
2024-10-04T14:00:24.710+0300: 25.610: Total time for which application threads were stopped: 0.0025099 seconds, Stopping threads took: 0.0003554 seconds
2024-10-04T14:00:24.789+0300: 25.691: Application time: 0.0811004 seconds
2024-10-04T14:00:24.789+0300: 25.691: [GC (Allocation Failure) [PSYoungGen: 188350K->10135K(192512K)] 283394K->106695K(602112K), 0.0041529 secs] [Times: user=0.00 sys=0.00, real=0.00 secs] 
2024-10-04T14:00:24.789+0300: 25.695: Total time for which application threads were stopped: 0.0047466 seconds, Stopping threads took: 0.0004662 seconds
2024-10-04T14:00:25.008+0300: 25.917: Application time: 0.2215437 seconds
2024-10-04T14:00:25.008+0300: 25.917: [GC (Allocation Failure) [PSYoungGen: 189722K->9326K(192512K)] 286282K->107396K(602112K), 0.0020815 secs] [Times: user=0.00 sys=0.00, real=0.00 secs] 
2024-10-04T14:00:25.008+0300: 25.919: Total time for which application threads were stopped: 0.0024353 seconds, Stopping threads took: 0.0001971 seconds
2024-10-04T14:00:25.840+0300: 26.746: Application time: 0.8268736 seconds
2024-10-04T14:00:25.840+0300: 26.747: [GC (Allocation Failure) [PSYoungGen: 188891K->10879K(192512K)] 286961K->108949K(602112K), 0.0023517 secs] [Times: user=0.00 sys=0.00, real=0.00 secs] 
2024-10-04T14:00:25.840+0300: 26.749: Total time for which application threads were stopped: 0.0026582 seconds, Stopping threads took: 0.0001475 seconds
2024-10-04T14:00:26.530+0300: 27.435: Application time: 0.6862095 seconds
2024-10-04T14:00:26.530+0300: 27.436: [GC (Allocation Failure) [PSYoungGen: 190544K->8030K(192512K)] 288613K->110383K(602112K), 0.0029167 secs] [Times: user=0.00 sys=0.00, real=0.00 secs] 
2024-10-04T14:00:26.530+0300: 27.439: Total time for which application threads were stopped: 0.0033580 seconds, Stopping threads took: 0.0002804 seconds
2024-10-04T14:00:26.954+0300: 27.855: Application time: 0.4160607 seconds
2024-10-04T14:00:26.954+0300: 27.855: [GC (Allocation Failure) [PSYoungGen: 188254K->6508K(191488K)] 290607K->108901K(601088K), 0.0015892 secs] [Times: user=0.00 sys=0.00, real=0.00 secs] 
2024-10-04T14:00:26.954+0300: 27.856: Total time for which application threads were stopped: 0.0018858 seconds, Stopping threads took: 0.0001476 seconds
2024-10-04T14:00:27.079+0300: 27.986: Application time: 0.1296478 seconds
2024-10-04T14:00:27.079+0300: 27.986: [GC (Allocation Failure) [PSYoungGen: 185167K->9390K(192000K)] 287560K->112576K(601600K), 0.0019556 secs] [Times: user=0.00 sys=0.00, real=0.00 secs] 
2024-10-04T14:00:27.079+0300: 27.988: Total time for which application threads were stopped: 0.0023195 seconds, Stopping threads took: 0.0001854 seconds
2024-10-04T14:00:27.158+0300: 28.055: Application time: 0.0669211 seconds
2024-10-04T14:00:27.158+0300: 28.056: [GC (Allocation Failure) [PSYoungGen: 188574K->9486K(192512K)] 291760K->113448K(602112K), 0.0020229 secs] [Times: user=0.00 sys=0.00, real=0.00 secs] 
2024-10-04T14:00:27.158+0300: 28.058: Total time for which application threads were stopped: 0.0026280 seconds, Stopping threads took: 0.0004825 seconds
2024-10-04T14:00:27.393+0300: 28.292: Application time: 0.2340037 seconds
2024-10-04T14:00:27.393+0300: 28.292: [GC (Allocation Failure) [PSYoungGen: 189046K->9390K(192512K)] 293008K->114905K(602112K), 0.0021176 secs] [Times: user=0.00 sys=0.00, real=0.00 secs] 
2024-10-04T14:00:27.393+0300: 28.294: Total time for which application threads were stopped: 0.0024330 seconds, Stopping threads took: 0.0001861 seconds
2024-10-04T14:00:28.209+0300: 29.111: Application time: 0.8165038 seconds
2024-10-04T14:00:28.209+0300: 29.111: [GC (Allocation Failure) [PSYoungGen: 188969K->10880K(192000K)] 294484K->117828K(601600K), 0.0024776 secs] [Times: user=0.00 sys=0.00, real=0.00 secs] 
2024-10-04T14:00:28.209+0300: 29.114: Total time for which application threads were stopped: 0.0027623 seconds, Stopping threads took: 0.0001365 seconds
2024-10-04T14:00:28.821+0300: 29.724: Application time: 0.6100130 seconds
2024-10-04T14:00:28.821+0300: 29.724: [GC (Allocation Failure) [PSYoungGen: 190451K->9455K(192512K)] 297399K->119261K(602112K), 0.0024138 secs] [Times: user=0.00 sys=0.00, real=0.00 secs] 
2024-10-04T14:00:28.821+0300: 29.727: Total time for which application threads were stopped: 0.0028480 seconds, Stopping threads took: 0.0002751 seconds
2024-10-04T14:00:29.104+0300: 30.010: Application time: 0.2830856 seconds
2024-10-04T14:00:29.104+0300: 30.010: [GC (Allocation Failure) [PSYoungGen: 189383K->9422K(193024K)] 299190K->120678K(602624K), 0.0022203 secs] [Times: user=0.03 sys=0.00, real=0.00 secs] 
2024-10-04T14:00:29.104+0300: 30.012: Total time for which application threads were stopped: 0.0027129 seconds, Stopping threads took: 0.0002688 seconds
2024-10-04T14:00:29.276+0300: 30.173: Application time: 0.1604331 seconds
2024-10-04T14:00:29.292+0300: 30.189: [GC (Allocation Failure) [PSYoungGen: 189734K->8742K(192512K)] 300990K->120802K(602112K), 0.0030521 secs] [Times: user=0.00 sys=0.00, real=0.00 secs] 
2024-10-04T14:00:29.292+0300: 30.192: Total time for which application threads were stopped: 0.0189624 seconds, Stopping threads took: 0.0156948 seconds
2024-10-04T14:00:29.324+0300: 30.222: Application time: 0.0298684 seconds
2024-10-04T14:00:29.324+0300: 30.222: [GC (Allocation Failure) [PSYoungGen: 189022K->7253K(193024K)] 301082K->120137K(602624K), 0.0017690 secs] [Times: user=0.00 sys=0.00, real=0.00 secs] 
2024-10-04T14:00:29.324+0300: 30.224: Total time for which application threads were stopped: 0.0023402 seconds, Stopping threads took: 0.0004442 seconds
2024-10-04T14:00:29.653+0300: 30.550: Application time: 0.3255987 seconds
2024-10-04T14:00:29.653+0300: 30.550: [GC (Allocation Failure) [PSYoungGen: 188091K->10135K(191488K)] 300976K->123756K(601088K), 0.0021617 secs] [Times: user=0.00 sys=0.00, real=0.00 secs] 
2024-10-04T14:00:29.653+0300: 30.552: Total time for which application threads were stopped: 0.0024888 seconds, Stopping threads took: 0.0001811 seconds
2024-10-04T14:00:30.452+0300: 31.359: Application time: 0.8065890 seconds
2024-10-04T14:00:30.452+0300: 31.359: [GC (Allocation Failure) [PSYoungGen: 191140K->11592K(191488K)] 304761K->125974K(601088K), 0.0023703 secs] [Times: user=0.00 sys=0.00, real=0.00 secs] 
2024-10-04T14:00:30.452+0300: 31.361: Total time for which application threads were stopped: 0.0027001 seconds, Stopping threads took: 0.0001808 seconds
2024-10-04T14:00:31.033+0300: 31.943: Application time: 0.5819403 seconds
2024-10-04T14:00:31.033+0300: 31.944: [GC (Allocation Failure) [PSYoungGen: 190206K->9487K(192000K)] 304587K->126727K(601600K), 0.0026509 secs] [Times: user=0.01 sys=0.00, real=0.02 secs] 
2024-10-04T14:00:31.048+0300: 31.946: Total time for which application threads were stopped: 0.0030257 seconds, Stopping threads took: 0.0002112 seconds
2024-10-04T14:00:31.268+0300: 32.171: Application time: 0.2251121 seconds
2024-10-04T14:00:31.268+0300: 32.172: [GC (Allocation Failure) [PSYoungGen: 188119K->9390K(192512K)] 305359K->127415K(602112K), 0.0019787 secs] [Times: user=0.00 sys=0.00, real=0.00 secs] 
2024-10-04T14:00:31.268+0300: 32.174: Total time for which application threads were stopped: 0.0022857 seconds, Stopping threads took: 0.0001814 seconds
2024-10-04T14:00:31.394+0300: 32.302: Application time: 0.1279272 seconds
2024-10-04T14:00:31.394+0300: 32.302: [GC (Allocation Failure) [PSYoungGen: 189124K->9454K(192512K)] 307148K->128239K(602112K), 0.0021354 secs] [Times: user=0.00 sys=0.00, real=0.00 secs] 
2024-10-04T14:00:31.394+0300: 32.304: Total time for which application threads were stopped: 0.0025577 seconds, Stopping threads took: 0.0002678 seconds
2024-10-04T14:00:31.519+0300: 32.424: Application time: 0.1200451 seconds
2024-10-04T14:00:31.519+0300: 32.425: [GC (Allocation Failure) [PSYoungGen: 189342K->9358K(193024K)] 308127K->129652K(602624K), 0.0022540 secs] [Times: user=0.00 sys=0.00, real=0.00 secs] 
2024-10-04T14:00:31.519+0300: 32.427: Total time for which application threads were stopped: 0.0026411 seconds, Stopping threads took: 0.0002054 seconds
2024-10-04T14:00:31.927+0300: 32.828: Application time: 0.4007688 seconds
2024-10-04T14:00:31.927+0300: 32.828: [GC (Allocation Failure) [PSYoungGen: 190225K->9422K(193024K)] 310519K->130477K(602624K), 0.0020260 secs] [Times: user=0.00 sys=0.00, real=0.00 secs] 
2024-10-04T14:00:31.927+0300: 32.830: Total time for which application threads were stopped: 0.0023335 seconds, Stopping threads took: 0.0001671 seconds
2024-10-04T14:00:32.685+0300: 33.583: Application time: 0.7533416 seconds
2024-10-04T14:00:32.685+0300: 33.584: [GC (Allocation Failure) [PSYoungGen: 190427K->10880K(192512K)] 311482K->133399K(602112K), 0.0024763 secs] [Times: user=0.00 sys=0.00, real=0.00 secs] 
2024-10-04T14:00:32.685+0300: 33.586: Total time for which application threads were stopped: 0.0027270 seconds, Stopping threads took: 0.0000829 seconds
2024-10-04T14:00:33.088+0300: 33.990: Application time: 0.4038023 seconds
2024-10-04T14:00:33.088+0300: 33.990: [GC (Allocation Failure) [PSYoungGen: 191716K->8679K(193024K)] 314236K->134072K(602624K), 0.0023230 secs] [Times: user=0.00 sys=0.00, real=0.00 secs] 
2024-10-04T14:00:33.088+0300: 33.993: Total time for which application threads were stopped: 0.0027374 seconds, Stopping threads took: 0.0002605 seconds
2024-10-04T14:00:33.574+0300: 34.476: Application time: 0.4832194 seconds
2024-10-04T14:00:33.574+0300: 34.476: [GC (Allocation Failure) [PSYoungGen: 189458K->9390K(193024K)] 314852K->134848K(602624K), 0.0019775 secs] [Times: user=0.00 sys=0.00, real=0.00 secs] 
2024-10-04T14:00:33.574+0300: 34.478: Total time for which application threads were stopped: 0.0023202 seconds, Stopping threads took: 0.0001734 seconds
2024-10-04T14:00:33.683+0300: 34.580: Application time: 0.1021139 seconds
2024-10-04T14:00:33.683+0300: 34.581: [GC (Allocation Failure) [PSYoungGen: 190368K->8141K(193024K)] 315826K->134351K(602624K), 0.0018649 secs] [Times: user=0.00 sys=0.00, real=0.00 secs] 
2024-10-04T14:00:33.687+0300: 34.583: Total time for which application threads were stopped: 0.0023503 seconds, Stopping threads took: 0.0003382 seconds
2024-10-04T14:00:33.700+0300: 34.605: Application time: 0.0223638 seconds
2024-10-04T14:00:33.700+0300: 34.605: [GC (Allocation Failure) [PSYoungGen: 189086K->5828K(192000K)] 315296K->135749K(601600K), 0.0024949 secs] [Times: user=0.00 sys=0.00, real=0.00 secs] 
2024-10-04T14:00:33.700+0300: 34.608: Total time for which application threads were stopped: 0.0029247 seconds, Stopping threads took: 0.0002104 seconds
2024-10-04T14:00:34.233+0300: 35.130: Application time: 0.5222886 seconds
2024-10-04T14:00:34.233+0300: 35.130: [GC (Allocation Failure) [PSYoungGen: 186052K->10135K(192512K)] 315973K->140776K(602112K), 0.0021187 secs] [Times: user=0.00 sys=0.00, real=0.00 secs] 
2024-10-04T14:00:34.233+0300: 35.133: Total time for which application threads were stopped: 0.0023967 seconds, Stopping threads took: 0.0001419 seconds
2024-10-04T14:00:35.002+0300: 35.902: Application time: 0.7698260 seconds
2024-10-04T14:00:35.002+0300: 35.903: [GC (Allocation Failure) [PSYoungGen: 190020K->11592K(191488K)] 320661K->142946K(601088K), 0.0026435 secs] [Times: user=0.00 sys=0.00, real=0.00 secs] 
2024-10-04T14:00:35.002+0300: 35.906: Total time for which application threads were stopped: 0.0030669 seconds, Stopping threads took: 0.0002472 seconds
2024-10-04T14:00:35.395+0300: 36.292: Application time: 0.3866164 seconds
2024-10-04T14:00:35.395+0300: 36.292: [GC (Allocation Failure) [PSYoungGen: 190516K->8711K(192000K)] 321870K->142931K(601600K), 0.0024635 secs] [Times: user=0.02 sys=0.00, real=0.00 secs] 
2024-10-04T14:00:35.395+0300: 36.295: Total time for which application threads were stopped: 0.0028423 seconds, Stopping threads took: 0.0002095 seconds
2024-10-04T14:00:35.803+0300: 36.701: Application time: 0.4059108 seconds
2024-10-04T14:00:35.803+0300: 36.701: [GC (Allocation Failure) [PSYoungGen: 187488K->9391K(192512K)] 321708K->143683K(602112K), 0.0020658 secs] [Times: user=0.00 sys=0.00, real=0.00 secs] 
2024-10-04T14:00:35.803+0300: 36.703: Total time for which application threads were stopped: 0.0024773 seconds, Stopping threads took: 0.0002596 seconds
2024-10-04T14:00:35.928+0300: 36.837: Application time: 0.1335014 seconds
2024-10-04T14:00:35.928+0300: 36.837: [GC (Allocation Failure) [PSYoungGen: 188549K->10151K(192000K)] 322841K->145203K(601600K), 0.0022742 secs] [Times: user=0.00 sys=0.00, real=0.00 secs] 
2024-10-04T14:00:35.928+0300: 36.840: Total time for which application threads were stopped: 0.0026872 seconds, Stopping threads took: 0.0002363 seconds
2024-10-04T14:00:36.006+0300: 36.918: Application time: 0.0781992 seconds
2024-10-04T14:00:36.006+0300: 36.918: [GC (Allocation Failure) [PSYoungGen: 189735K->9390K(192512K)] 324788K->145952K(602112K), 0.0023963 secs] [Times: user=0.00 sys=0.00, real=0.02 secs] 
2024-10-04T14:00:36.022+0300: 36.921: Total time for which application threads were stopped: 0.0027736 seconds, Stopping threads took: 0.0002209 seconds
2024-10-04T14:00:36.571+0300: 37.482: Application time: 0.5611701 seconds
2024-10-04T14:00:36.571+0300: 37.482: [GC (Allocation Failure) [PSYoungGen: 188994K->8710K(192512K)] 325555K->146780K(602112K), 0.0022183 secs] [Times: user=0.03 sys=0.00, real=0.02 secs] 
2024-10-04T14:00:36.587+0300: 37.484: Total time for which application threads were stopped: 0.0026327 seconds, Stopping threads took: 0.0002410 seconds
2024-10-04T14:00:37.309+0300: 38.206: Application time: 0.7211401 seconds
2024-10-04T14:00:37.309+0300: 38.206: [GC (Allocation Failure) [PSYoungGen: 188295K->11592K(190976K)] 326366K->150376K(600576K), 0.0022779 secs] [Times: user=0.00 sys=0.00, real=0.00 secs] 
2024-10-04T14:00:37.309+0300: 38.208: Total time for which application threads were stopped: 0.0026159 seconds, Stopping threads took: 0.0001881 seconds
2024-10-04T14:00:37.669+0300: 38.569: Application time: 0.3610541 seconds
2024-10-04T14:00:37.669+0300: 38.569: [GC (Allocation Failure) [PSYoungGen: 190232K->8775K(192000K)] 329015K->151128K(601600K), 0.0024383 secs] [Times: user=0.00 sys=0.00, real=0.00 secs] 
2024-10-04T14:00:37.669+0300: 38.572: Total time for which application threads were stopped: 0.0027666 seconds, Stopping threads took: 0.0001992 seconds
2024-10-04T14:00:38.046+0300: 38.951: Application time: 0.3790219 seconds
2024-10-04T14:00:38.046+0300: 38.951: [GC (Allocation Failure) [PSYoungGen: 187440K->9391K(192512K)] 329794K->151816K(602112K), 0.0018745 secs] [Times: user=0.00 sys=0.00, real=0.00 secs] 
2024-10-04T14:00:38.046+0300: 38.953: Total time for which application threads were stopped: 0.0021769 seconds, Stopping threads took: 0.0001693 seconds
2024-10-04T14:00:38.250+0300: 39.155: Application time: 0.2013227 seconds
2024-10-04T14:00:38.250+0300: 39.155: [GC (Allocation Failure) [PSYoungGen: 189112K->10199K(192512K)] 331538K->153385K(602112K), 0.0023414 secs] [Times: user=0.00 sys=0.00, real=0.00 secs] 
2024-10-04T14:00:38.250+0300: 39.157: Total time for which application threads were stopped: 0.0026902 seconds, Stopping threads took: 0.0001799 seconds
2024-10-04T14:00:38.328+0300: 39.238: Application time: 0.0808680 seconds
2024-10-04T14:00:38.328+0300: 39.238: [GC (Allocation Failure) [PSYoungGen: 190403K->9438K(193024K)] 333589K->154142K(602624K), 0.0024936 secs] [Times: user=0.02 sys=0.00, real=0.02 secs] 
2024-10-04T14:00:38.344+0300: 39.241: Total time for which application threads were stopped: 0.0028859 seconds, Stopping threads took: 0.0002260 seconds
2024-10-04T14:00:38.909+0300: 39.810: Application time: 0.5688559 seconds
2024-10-04T14:00:38.909+0300: 39.810: [GC (Allocation Failure) [PSYoungGen: 189736K->8742K(192512K)] 334439K->154946K(602112K), 0.0021164 secs] [Times: user=0.00 sys=0.00, real=0.00 secs] 
2024-10-04T14:00:38.909+0300: 39.812: Total time for which application threads were stopped: 0.0023932 seconds, Stopping threads took: 0.0001410 seconds
2024-10-04T14:00:39.599+0300: 40.506: Application time: 0.6932878 seconds
2024-10-04T14:00:39.599+0300: 40.506: [GC (Allocation Failure) [PSYoungGen: 189032K->11592K(192000K)] 335237K->158517K(601600K), 0.0024963 secs] [Times: user=0.00 sys=0.00, real=0.00 secs] 
2024-10-04T14:00:39.599+0300: 40.508: Total time for which application threads were stopped: 0.0028537 seconds, Stopping threads took: 0.0001688 seconds
2024-10-04T14:00:39.944+0300: 40.842: Application time: 0.3335529 seconds
2024-10-04T14:00:39.944+0300: 40.842: [GC (Allocation Failure) [PSYoungGen: 191686K->8678K(192512K)] 338611K->159190K(602112K), 0.0024449 secs] [Times: user=0.00 sys=0.00, real=0.00 secs] 
2024-10-04T14:00:39.944+0300: 40.845: Total time for which application threads were stopped: 0.0027551 seconds, Stopping threads took: 0.0001807 seconds
2024-10-04T14:00:40.289+0300: 41.195: Application time: 0.3506329 seconds
2024-10-04T14:00:40.289+0300: 41.196: [GC (Allocation Failure) [PSYoungGen: 188681K->8678K(192512K)] 339193K->159958K(602112K), 0.0019799 secs] [Times: user=0.00 sys=0.00, real=0.01 secs] 
2024-10-04T14:00:40.300+0300: 41.198: Total time for which application threads were stopped: 0.0023021 seconds, Stopping threads took: 0.0001799 seconds
2024-10-04T14:00:40.430+0300: 41.335: Application time: 0.1371421 seconds
2024-10-04T14:00:40.430+0300: 41.335: [GC (Allocation Failure) [PSYoungGen: 188452K->8678K(192512K)] 339732K->160735K(602112K), 0.0020908 secs] [Times: user=0.00 sys=0.00, real=0.00 secs] 
2024-10-04T14:00:40.430+0300: 41.337: Total time for which application threads were stopped: 0.0024199 seconds, Stopping threads took: 0.0001985 seconds
2024-10-04T14:00:40.571+0300: 41.476: Application time: 0.1386112 seconds
2024-10-04T14:00:40.571+0300: 41.476: [GC (Allocation Failure) [PSYoungGen: 188883K->9486K(193024K)] 340940K->162344K(602624K), 0.0022977 secs] [Times: user=0.00 sys=0.00, real=0.00 secs] 
2024-10-04T14:00:40.571+0300: 41.478: Total time for which application threads were stopped: 0.0026415 seconds, Stopping threads took: 0.0001599 seconds
2024-10-04T14:00:41.214+0300: 42.112: Application time: 0.6338397 seconds
2024-10-04T14:00:41.214+0300: 42.113: [GC (Allocation Failure) [PSYoungGen: 189777K->9454K(192512K)] 342634K->163821K(602112K), 0.0021875 secs] [Times: user=0.00 sys=0.00, real=0.00 secs] 
2024-10-04T14:00:41.214+0300: 42.115: Total time for which application threads were stopped: 0.0024981 seconds, Stopping threads took: 0.0001829 seconds
2024-10-04T14:00:41.905+0300: 42.805: Application time: 0.6906082 seconds
2024-10-04T14:00:41.905+0300: 42.806: [GC (Allocation Failure) [PSYoungGen: 189785K->11592K(192000K)] 344152K->166679K(601600K), 0.0024603 secs] [Times: user=0.00 sys=0.00, real=0.00 secs] 
2024-10-04T14:00:41.905+0300: 42.808: Total time for which application threads were stopped: 0.0028489 seconds, Stopping threads took: 0.0002158 seconds
2024-10-04T14:00:42.250+0300: 43.153: Application time: 0.3444581 seconds
2024-10-04T14:00:42.250+0300: 43.153: [GC (Allocation Failure) [PSYoungGen: 191638K->8678K(192512K)] 346725K->167352K(602112K), 0.0026388 secs] [Times: user=0.00 sys=0.00, real=0.00 secs] 
2024-10-04T14:00:42.250+0300: 43.156: Total time for which application threads were stopped: 0.0029934 seconds, Stopping threads took: 0.0001981 seconds
2024-10-04T14:00:42.628+0300: 43.534: Application time: 0.3781294 seconds
2024-10-04T14:00:42.628+0300: 43.534: [GC (Allocation Failure) [PSYoungGen: 188669K->8646K(192512K)] 347343K->168096K(602112K), 0.0020878 secs] [Times: user=0.00 sys=0.00, real=0.00 secs] 
2024-10-04T14:00:42.628+0300: 43.536: Total time for which application threads were stopped: 0.0024139 seconds, Stopping threads took: 0.0001854 seconds
2024-10-04T14:00:42.690+0300: 43.597: Application time: 0.0610023 seconds
2024-10-04T14:00:42.690+0300: 43.597: [GC (Allocation Failure) [PSYoungGen: 188388K->8710K(192512K)] 347838K->168937K(602112K), 0.0021025 secs] [Times: user=0.00 sys=0.00, real=0.00 secs] 
2024-10-04T14:00:42.690+0300: 43.600: Total time for which application threads were stopped: 0.0024166 seconds, Stopping threads took: 0.0001656 seconds
2024-10-04T14:00:42.832+0300: 43.732: Application time: 0.1320074 seconds
2024-10-04T14:00:42.832+0300: 43.732: [GC (Allocation Failure) [PSYoungGen: 188442K->10167K(192000K)] 348669K->171186K(601600K), 0.0021813 secs] [Times: user=0.00 sys=0.00, real=0.00 secs] 
2024-10-04T14:00:42.832+0300: 43.734: Total time for which application threads were stopped: 0.0025281 seconds, Stopping threads took: 0.0001683 seconds
2024-10-04T14:00:43.459+0300: 44.361: Application time: 0.6270227 seconds
2024-10-04T14:00:43.459+0300: 44.362: [GC (Allocation Failure) [PSYoungGen: 189731K->10167K(192512K)] 350750K->172687K(602112K), 0.0023002 secs] [Times: user=0.00 sys=0.00, real=0.00 secs] 
2024-10-04T14:00:43.459+0300: 44.364: Total time for which application threads were stopped: 0.0026428 seconds, Stopping threads took: 0.0001917 seconds
2024-10-04T14:00:44.181+0300: 45.081: Application time: 0.7171435 seconds
2024-10-04T14:00:44.181+0300: 45.081: [GC (Allocation Failure) [PSYoungGen: 189739K->10880K(192512K)] 352259K->174841K(602112K), 0.0025157 secs] [Times: user=0.00 sys=0.00, real=0.00 secs] 
2024-10-04T14:00:44.181+0300: 45.084: Total time for which application threads were stopped: 0.0028232 seconds, Stopping threads took: 0.0001751 seconds
2024-10-04T14:00:44.511+0300: 45.414: Application time: 0.3301534 seconds
2024-10-04T14:00:44.511+0300: 45.414: [GC (Allocation Failure) [PSYoungGen: 190943K->8742K(192512K)] 354904K->175562K(602112K), 0.0024573 secs] [Times: user=0.01 sys=0.00, real=0.00 secs] 
2024-10-04T14:00:44.511+0300: 45.417: Total time for which application threads were stopped: 0.0027661 seconds, Stopping threads took: 0.0001371 seconds
2024-10-04T14:00:44.824+0300: 45.728: Application time: 0.3110963 seconds
2024-10-04T14:00:44.824+0300: 45.728: [GC (Allocation Failure) [PSYoungGen: 188499K->9406K(192512K)] 355319K->176994K(602112K), 0.0021343 secs] [Times: user=0.00 sys=0.00, real=0.00 secs] 
2024-10-04T14:00:44.824+0300: 45.730: Total time for which application threads were stopped: 0.0024715 seconds, Stopping threads took: 0.0001948 seconds
2024-10-04T14:00:44.908+0300: 45.807: Application time: 0.0764770 seconds
2024-10-04T14:00:44.908+0300: 45.807: [GC (Allocation Failure) [PSYoungGen: 189107K->9454K(192512K)] 356695K->177843K(602112K), 0.0021252 secs] [Times: user=0.00 sys=0.00, real=0.00 secs] 
2024-10-04T14:00:44.908+0300: 45.809: Total time for which application threads were stopped: 0.0024158 seconds, Stopping threads took: 0.0001626 seconds
2024-10-04T14:00:45.091+0300: 45.988: Application time: 0.1785425 seconds
2024-10-04T14:00:45.091+0300: 45.988: [GC (Allocation Failure) [PSYoungGen: 189331K->9390K(193024K)] 357720K->179296K(602624K), 0.0022536 secs] [Times: user=0.00 sys=0.00, real=0.00 secs] 
2024-10-04T14:00:45.091+0300: 45.990: Total time for which application threads were stopped: 0.0026738 seconds, Stopping threads took: 0.0002502 seconds
2024-10-04T14:00:45.810+0300: 46.708: Application time: 0.7179169 seconds
2024-10-04T14:00:45.810+0300: 46.709: [GC (Allocation Failure) [PSYoungGen: 190395K->10167K(193024K)] 360301K->180825K(602624K), 0.0021622 secs] [Times: user=0.00 sys=0.00, real=0.00 secs] 
2024-10-04T14:00:45.813+0300: 46.711: Total time for which application threads were stopped: 0.0024337 seconds, Stopping threads took: 0.0001268 seconds
2024-10-04T14:00:46.487+0300: 47.384: Application time: 0.6736279 seconds
2024-10-04T14:00:46.487+0300: 47.385: [GC (Allocation Failure) [PSYoungGen: 190716K->10848K(193024K)] 361374K->182939K(602624K), 0.0025523 secs] [Times: user=0.00 sys=0.00, real=0.00 secs] 
2024-10-04T14:00:46.487+0300: 47.387: Total time for which application threads were stopped: 0.0028775 seconds, Stopping threads took: 0.0001732 seconds
2024-10-04T14:00:46.629+0300: 47.525: Application time: 0.1377948 seconds
2024-10-04T14:00:46.629+0300: 47.525: [GC (Allocation Failure) [PSYoungGen: 191515K->8679K(193024K)] 363607K->183660K(602624K), 0.0025062 secs] [Times: user=0.00 sys=0.00, real=0.00 secs] 
2024-10-04T14:00:46.629+0300: 47.528: Total time for which application threads were stopped: 0.0028723 seconds, Stopping threads took: 0.0002046 seconds
2024-10-04T14:00:47.036+0300: 47.934: Application time: 0.4061902 seconds
2024-10-04T14:00:47.036+0300: 47.934: [GC (Allocation Failure) [PSYoungGen: 189425K->9390K(193024K)] 364406K->185176K(602624K), 0.0021356 secs] [Times: user=0.00 sys=0.00, real=0.00 secs] 
2024-10-04T14:00:47.036+0300: 47.937: Total time for which application threads were stopped: 0.0024274 seconds, Stopping threads took: 0.0001457 seconds
2024-10-04T14:00:47.162+0300: 48.064: Application time: 0.1271901 seconds
2024-10-04T14:00:47.162+0300: 48.064: [GC (Allocation Failure) [PSYoungGen: 190503K->9470K(193024K)] 366289K->186017K(602624K), 0.0023556 secs] [Times: user=0.02 sys=0.00, real=0.00 secs] 
2024-10-04T14:00:47.162+0300: 48.067: Total time for which application threads were stopped: 0.0026956 seconds, Stopping threads took: 0.0001886 seconds
2024-10-04T14:00:47.240+0300: 48.145: Application time: 0.0786814 seconds
2024-10-04T14:00:47.240+0300: 48.145: [GC (Allocation Failure) [PSYoungGen: 190123K->9390K(193536K)] 366670K->186749K(603136K), 0.0021313 secs] [Times: user=0.00 sys=0.00, real=0.00 secs] 
2024-10-04T14:00:47.240+0300: 48.148: Total time for which application threads were stopped: 0.0024663 seconds, Stopping threads took: 0.0001448 seconds
2024-10-04T14:00:48.166+0300: 49.066: Application time: 0.9185521 seconds
2024-10-04T14:00:48.166+0300: 49.066: [GC (Allocation Failure) [PSYoungGen: 191125K->9455K(193024K)] 368484K->189007K(602624K), 0.0024121 secs] [Times: user=0.00 sys=0.00, real=0.00 secs] 
2024-10-04T14:00:48.166+0300: 49.069: Total time for which application threads were stopped: 0.0027010 seconds, Stopping threads took: 0.0001539 seconds
2024-10-04T14:00:48.732+0300: 49.639: Application time: 0.5703201 seconds
2024-10-04T14:00:48.732+0300: 49.640: [GC (Allocation Failure) [PSYoungGen: 190975K->10880K(192512K)] 370527K->191866K(602112K), 0.0025155 secs] [Times: user=0.00 sys=0.00, real=0.00 secs] 
2024-10-04T14:00:48.732+0300: 49.642: Total time for which application threads were stopped: 0.0029040 seconds, Stopping threads took: 0.0002226 seconds
2024-10-04T14:00:48.815+0300: 49.720: Application time: 0.0783440 seconds
2024-10-04T14:00:48.815+0300: 49.721: [GC (Allocation Failure) [PSYoungGen: 191691K->8678K(193024K)] 372676K->191858K(602624K), 0.0024506 secs] [Times: user=0.01 sys=0.00, real=0.01 secs] 
2024-10-04T14:00:48.826+0300: 49.723: Total time for which application threads were stopped: 0.0027742 seconds, Stopping threads took: 0.0001677 seconds
2024-10-04T14:00:49.250+0300: 50.155: Application time: 0.4320833 seconds
2024-10-04T14:00:49.250+0300: 50.156: [GC (Allocation Failure) [PSYoungGen: 189353K->8646K(193024K)] 372532K->193322K(602624K), 0.0023110 secs] [Times: user=0.00 sys=0.00, real=0.00 secs] 
2024-10-04T14:00:49.250+0300: 50.158: Total time for which application threads were stopped: 0.0027316 seconds, Stopping threads took: 0.0002621 seconds
2024-10-04T14:00:49.438+0300: 50.342: Application time: 0.1841812 seconds
2024-10-04T14:00:49.438+0300: 50.343: [GC (Allocation Failure) [PSYoungGen: 189765K->8758K(193024K)] 374442K->193474K(602624K), 0.0019852 secs] [Times: user=0.00 sys=0.00, real=0.00 secs] 
2024-10-04T14:00:49.438+0300: 50.345: Total time for which application threads were stopped: 0.0023998 seconds, Stopping threads took: 0.0002395 seconds
2024-10-04T14:00:49.642+0300: 50.540: Application time: 0.1955588 seconds
2024-10-04T14:00:49.642+0300: 50.541: [GC (Allocation Failure) [PSYoungGen: 189409K->10135K(193024K)] 374125K->195652K(602624K), 0.0022327 secs] [Times: user=0.00 sys=0.00, real=0.00 secs] 
2024-10-04T14:00:49.642+0300: 50.543: Total time for which application threads were stopped: 0.0025725 seconds, Stopping threads took: 0.0001765 seconds
2024-10-04T14:00:50.457+0300: 51.360: Application time: 0.8171218 seconds
2024-10-04T14:00:50.457+0300: 51.360: [GC (Allocation Failure) [PSYoungGen: 191131K->10167K(193024K)] 376648K->197149K(602624K), 0.0024679 secs] [Times: user=0.00 sys=0.00, real=0.00 secs] 
2024-10-04T14:00:50.457+0300: 51.363: Total time for which application threads were stopped: 0.0027781 seconds, Stopping threads took: 0.0001654 seconds
2024-10-04T14:00:51.039+0300: 51.946: Application time: 0.5831888 seconds
2024-10-04T14:00:51.039+0300: 51.946: [GC (Allocation Failure) [PSYoungGen: 190725K->8774K(193024K)] 377707K->197205K(602624K), 0.0022051 secs] [Times: user=0.00 sys=0.00, real=0.00 secs] 
2024-10-04T14:00:51.039+0300: 51.948: Total time for which application threads were stopped: 0.0025014 seconds, Stopping threads took: 0.0001540 seconds
2024-10-04T14:00:51.149+0300: 52.046: Application time: 0.0978287 seconds
2024-10-04T14:00:51.149+0300: 52.046: [GC (Allocation Failure) [PSYoungGen: 189788K->9455K(193024K)] 378219K->199391K(602624K), 0.0022496 secs] [Times: user=0.00 sys=0.00, real=0.00 secs] 
2024-10-04T14:00:51.149+0300: 52.049: Total time for which application threads were stopped: 0.0025411 seconds, Stopping threads took: 0.0001655 seconds
2024-10-04T14:00:51.541+0300: 52.448: Application time: 0.3996934 seconds
2024-10-04T14:00:51.541+0300: 52.449: [GC (Allocation Failure) [PSYoungGen: 190519K->7221K(192512K)] 380455K->198622K(602112K), 0.0021016 secs] [Times: user=0.00 sys=0.00, real=0.00 secs] 
2024-10-04T14:00:51.541+0300: 52.451: Total time for which application threads were stopped: 0.0024320 seconds, Stopping threads took: 0.0001526 seconds
2024-10-04T14:00:51.730+0300: 52.631: Application time: 0.1804603 seconds
2024-10-04T14:00:51.730+0300: 52.632: [GC (Allocation Failure) [PSYoungGen: 188319K->8029K(193024K)] 379720K->200219K(602624K), 0.0018648 secs] [Times: user=0.00 sys=0.00, real=0.00 secs] 
2024-10-04T14:00:51.730+0300: 52.634: Total time for which application threads were stopped: 0.0021806 seconds, Stopping threads took: 0.0001818 seconds
2024-10-04T14:00:51.981+0300: 52.887: Application time: 0.2532051 seconds
2024-10-04T14:00:51.981+0300: 52.887: [GC (Allocation Failure) [PSYoungGen: 189048K->9422K(193024K)] 381238K->202421K(602624K), 0.0021101 secs] [Times: user=0.00 sys=0.00, real=0.00 secs] 
2024-10-04T14:00:51.981+0300: 52.889: Total time for which application threads were stopped: 0.0024446 seconds, Stopping threads took: 0.0001988 seconds
2024-10-04T14:00:52.734+0300: 53.644: Application time: 0.7549530 seconds
2024-10-04T14:00:52.734+0300: 53.644: [GC (Allocation Failure) [PSYoungGen: 190426K->10880K(193024K)] 383425K->205311K(602624K), 0.0027794 secs] [Times: user=0.02 sys=0.00, real=0.02 secs] 
2024-10-04T14:00:52.750+0300: 53.647: Total time for which application threads were stopped: 0.0030704 seconds, Stopping threads took: 0.0001120 seconds
2024-10-04T14:00:53.205+0300: 54.116: Application time: 0.4687011 seconds
2024-10-04T14:00:53.205+0300: 54.116: [GC (Allocation Failure) [PSYoungGen: 191669K->10199K(192000K)] 386100K->206776K(601600K), 0.0026967 secs] [Times: user=0.02 sys=0.00, real=0.02 secs] 
2024-10-04T14:00:53.221+0300: 54.119: Total time for which application threads were stopped: 0.0031101 seconds, Stopping threads took: 0.0002615 seconds
2024-10-04T14:00:53.425+0300: 54.321: Application time: 0.2023954 seconds
2024-10-04T14:00:53.425+0300: 54.322: [GC (Allocation Failure) [PSYoungGen: 190213K->9455K(192512K)] 386790K->207505K(602112K), 0.0023724 secs] [Times: user=0.00 sys=0.00, real=0.00 secs] 
2024-10-04T14:00:53.425+0300: 54.324: Total time for which application threads were stopped: 0.0026997 seconds, Stopping threads took: 0.0001953 seconds
2024-10-04T14:00:53.676+0300: 54.586: Application time: 0.2614617 seconds
2024-10-04T14:00:53.676+0300: 54.586: [GC (Allocation Failure) [PSYoungGen: 189110K->10103K(193024K)] 387160K->208921K(602624K), 0.0022460 secs] [Times: user=0.02 sys=0.00, real=0.02 secs] 
2024-10-04T14:00:53.692+0300: 54.588: Total time for which application threads were stopped: 0.0026669 seconds, Stopping threads took: 0.0002092 seconds
2024-10-04T14:00:53.895+0300: 54.794: Application time: 0.2059987 seconds
2024-10-04T14:00:53.895+0300: 54.795: [GC (Allocation Failure) [PSYoungGen: 191175K->9422K(193024K)] 389994K->209754K(602624K), 0.0023889 secs] [Times: user=0.00 sys=0.00, real=0.00 secs] 
2024-10-04T14:00:53.895+0300: 54.797: Total time for which application threads were stopped: 0.0031470 seconds, Stopping threads took: 0.0006153 seconds
2024-10-04T14:00:54.241+0300: 55.139: Application time: 0.3411767 seconds
2024-10-04T14:00:54.241+0300: 55.139: [GC (Allocation Failure) [PSYoungGen: 190441K->9454K(193536K)] 390773K->210582K(603136K), 0.0020269 secs] [Times: user=0.00 sys=0.00, real=0.00 secs] 
2024-10-04T14:00:54.241+0300: 55.141: Total time for which application threads were stopped: 0.0023319 seconds, Stopping threads took: 0.0001573 seconds
2024-10-04T14:00:54.978+0300: 55.884: Application time: 0.7435220 seconds
2024-10-04T14:00:54.978+0300: 55.885: [GC (Allocation Failure) [PSYoungGen: 191179K->10880K(193024K)] 392307K->212008K(602624K), 0.0022763 secs] [Times: user=0.00 sys=0.00, real=0.00 secs] 
2024-10-04T14:00:54.978+0300: 55.887: Total time for which application threads were stopped: 0.0026644 seconds, Stopping threads took: 0.0001815 seconds
2024-10-04T14:00:55.339+0300: 56.238: Application time: 0.3505522 seconds
2024-10-04T14:00:55.339+0300: 56.238: [GC (Allocation Failure) [PSYoungGen: 192422K->7966K(193024K)] 393551K->212681K(602624K), 0.0025362 secs] [Times: user=0.00 sys=0.00, real=0.00 secs] 
2024-10-04T14:00:55.339+0300: 56.241: Total time for which application threads were stopped: 0.0029420 seconds, Stopping threads took: 0.0002605 seconds
2024-10-04T14:00:55.728+0300: 56.628: Application time: 0.3871545 seconds
2024-10-04T14:00:55.732+0300: 56.628: [GC (Allocation Failure) [PSYoungGen: 188654K->8678K(193024K)] 393369K->214161K(602624K), 0.0021373 secs] [Times: user=0.00 sys=0.00, real=0.00 secs] 
2024-10-04T14:00:55.732+0300: 56.630: Total time for which application threads were stopped: 0.0025282 seconds, Stopping threads took: 0.0001392 seconds
2024-10-04T14:00:55.920+0300: 56.816: Application time: 0.1858132 seconds
2024-10-04T14:00:55.920+0300: 56.816: [GC (Allocation Failure) [PSYoungGen: 189797K->9454K(193024K)] 395280K->215706K(602624K), 0.0022299 secs] [Times: user=0.00 sys=0.00, real=0.00 secs] 
2024-10-04T14:00:55.920+0300: 56.819: Total time for which application threads were stopped: 0.0025676 seconds, Stopping threads took: 0.0002091 seconds
2024-10-04T14:00:56.155+0300: 57.052: Application time: 0.2337029 seconds
2024-10-04T14:00:56.155+0300: 57.053: [GC (Allocation Failure) [PSYoungGen: 190174K->9358K(193024K)] 396426K->216399K(602624K), 0.0020576 secs] [Times: user=0.00 sys=0.00, real=0.00 secs] 
2024-10-04T14:00:56.155+0300: 57.055: Total time for which application threads were stopped: 0.0023366 seconds, Stopping threads took: 0.0001265 seconds
2024-10-04T14:00:56.579+0300: 57.486: Application time: 0.4312094 seconds
2024-10-04T14:00:56.579+0300: 57.486: [GC (Allocation Failure) [PSYoungGen: 190246K->9486K(193536K)] 397286K->217992K(603136K), 0.0024080 secs] [Times: user=0.00 sys=0.00, real=0.00 secs] 
2024-10-04T14:00:56.579+0300: 57.489: Total time for which application threads were stopped: 0.0027708 seconds, Stopping threads took: 0.0001573 seconds
2024-10-04T14:00:57.317+0300: 58.223: Application time: 0.7347006 seconds
2024-10-04T14:00:57.317+0300: 58.224: [GC (Allocation Failure) [PSYoungGen: 191225K->10848K(193536K)] 399730K->220114K(603136K), 0.0025348 secs] [Times: user=0.00 sys=0.00, real=0.00 secs] 
2024-10-04T14:00:57.317+0300: 58.226: Total time for which application threads were stopped: 0.0028720 seconds, Stopping threads took: 0.0001539 seconds
2024-10-04T14:00:57.646+0300: 58.548: Application time: 0.3217221 seconds
2024-10-04T14:00:57.646+0300: 58.548: [GC (Allocation Failure) [PSYoungGen: 193080K->8678K(192512K)] 402346K->221531K(602112K), 0.0025748 secs] [Times: user=0.00 sys=0.00, real=0.00 secs] 
2024-10-04T14:00:57.646+0300: 58.551: Total time for which application threads were stopped: 0.0030062 seconds, Stopping threads took: 0.0002215 seconds
2024-10-04T14:00:57.944+0300: 58.854: Application time: 0.3027100 seconds
2024-10-04T14:00:57.944+0300: 58.854: [GC (Allocation Failure) [PSYoungGen: 189878K->9455K(193024K)] 402730K->223076K(602624K), 0.0022771 secs] [Times: user=0.00 sys=0.00, real=0.02 secs] 
2024-10-04T14:00:57.960+0300: 58.856: Total time for which application threads were stopped: 0.0025927 seconds, Stopping threads took: 0.0001619 seconds
2024-10-04T14:00:58.148+0300: 59.054: Application time: 0.1981176 seconds
2024-10-04T14:00:58.148+0300: 59.055: [GC (Allocation Failure) [PSYoungGen: 190149K->9422K(193536K)] 403770K->223844K(603136K), 0.0021805 secs] [Times: user=0.00 sys=0.00, real=0.00 secs] 
2024-10-04T14:00:58.148+0300: 59.057: Total time for which application threads were stopped: 0.0025492 seconds, Stopping threads took: 0.0002349 seconds
2024-10-04T14:00:58.384+0300: 59.283: Application time: 0.2261331 seconds
2024-10-04T14:00:58.384+0300: 59.283: [GC (Allocation Failure) [PSYoungGen: 191362K->10167K(193536K)] 405784K->225357K(603136K), 0.0021867 secs] [Times: user=0.00 sys=0.00, real=0.00 secs] 
2024-10-04T14:00:58.384+0300: 59.286: Total time for which application threads were stopped: 0.0025050 seconds, Stopping threads took: 0.0001818 seconds
2024-10-04T14:00:58.870+0300: 59.773: Application time: 0.4871234 seconds
2024-10-04T14:00:58.870+0300: 59.773: [GC (Allocation Failure) [PSYoungGen: 191907K->9454K(193536K)] 407097K->226146K(603136K), 0.0022342 secs] [Times: user=0.00 sys=0.00, real=0.00 secs] 
2024-10-04T14:00:58.870+0300: 59.775: Total time for which application threads were stopped: 0.0025855 seconds, Stopping threads took: 0.0002048 seconds
2024-10-04T14:00:59.529+0300: 60.429: Application time: 0.6535909 seconds
2024-10-04T14:00:59.529+0300: 60.429: [GC (Allocation Failure) [PSYoungGen: 191198K->10880K(193536K)] 407890K->228292K(603136K), 0.0023473 secs] [Times: user=0.00 sys=0.00, real=0.00 secs] 
2024-10-04T14:00:59.529+0300: 60.432: Total time for which application threads were stopped: 0.0026865 seconds, Stopping threads took: 0.0001519 seconds
2024-10-04T14:00:59.875+0300: 60.785: Application time: 0.3530909 seconds
2024-10-04T14:00:59.875+0300: 60.785: [GC (Allocation Failure) [PSYoungGen: 193124K->8678K(192512K)] 410536K->229685K(602112K), 0.0027286 secs] [Times: user=0.00 sys=0.01, real=0.02 secs] 
2024-10-04T14:00:59.891+0300: 60.788: Total time for which application threads were stopped: 0.0031080 seconds, Stopping threads took: 0.0002382 seconds
2024-10-04T14:01:00.095+0300: 60.995: Application time: 0.2074024 seconds
2024-10-04T14:01:00.095+0300: 60.996: [GC (Allocation Failure) [PSYoungGen: 189873K->8710K(193024K)] 410879K->230477K(602624K), 0.0021424 secs] [Times: user=0.00 sys=0.00, real=0.00 secs] 
2024-10-04T14:01:00.095+0300: 60.998: Total time for which application threads were stopped: 0.0025509 seconds, Stopping threads took: 0.0002499 seconds
2024-10-04T14:01:00.299+0300: 61.201: Application time: 0.2027190 seconds
2024-10-04T14:01:00.299+0300: 61.201: [GC (Allocation Failure) [PSYoungGen: 189395K->10167K(193024K)] 411162K->232026K(602624K), 0.0021335 secs] [Times: user=0.00 sys=0.00, real=0.00 secs] 
2024-10-04T14:01:00.299+0300: 61.203: Total time for which application threads were stopped: 0.0024374 seconds, Stopping threads took: 0.0001748 seconds
2024-10-04T14:01:00.519+0300: 61.425: Application time: 0.2215516 seconds
2024-10-04T14:01:00.519+0300: 61.425: [GC (Allocation Failure) [PSYoungGen: 191415K->9390K(193024K)] 413274K->233451K(602624K), 0.0027159 secs] [Times: user=0.02 sys=0.00, real=0.00 secs] 
2024-10-04T14:01:00.519+0300: 61.428: Total time for which application threads were stopped: 0.0031005 seconds, Stopping threads took: 0.0002054 seconds
2024-10-04T14:01:01.161+0300: 62.058: Application time: 0.6302006 seconds
2024-10-04T14:01:01.161+0300: 62.058: [GC (Allocation Failure) [PSYoungGen: 190403K->10879K(192512K)] 414464K->235733K(602112K), 0.0023267 secs] [Times: user=0.00 sys=0.00, real=0.00 secs] 
2024-10-04T14:01:01.161+0300: 62.060: Total time for which application threads were stopped: 0.0026299 seconds, Stopping threads took: 0.0001516 seconds
2024-10-04T14:01:01.872+0300: 62.768: Application time: 0.7075435 seconds
2024-10-04T14:01:01.872+0300: 62.768: [GC (Allocation Failure) [PSYoungGen: 191921K->10167K(193024K)] 416774K->237166K(602624K), 0.0028132 secs] [Times: user=0.00 sys=0.00, real=0.00 secs] 
2024-10-04T14:01:01.874+0300: 62.771: Total time for which application threads were stopped: 0.0031656 seconds, Stopping threads took: 0.0001991 seconds
2024-10-04T14:01:02.197+0300: 63.094: Application time: 0.3227623 seconds
2024-10-04T14:01:02.197+0300: 63.094: [GC (Allocation Failure) [PSYoungGen: 190958K->8710K(193024K)] 417957K->237871K(602624K), 0.0024276 secs] [Times: user=0.00 sys=0.00, real=0.00 secs] 
2024-10-04T14:01:02.197+0300: 63.097: Total time for which application threads were stopped: 0.0027898 seconds, Stopping threads took: 0.0002022 seconds
2024-10-04T14:01:02.370+0300: 63.277: Application time: 0.1802886 seconds
2024-10-04T14:01:02.385+0300: 63.282: [GC (Allocation Failure) [PSYoungGen: 189660K->8678K(193024K)] 418820K->238615K(602624K), 0.0025478 secs] [Times: user=0.00 sys=0.00, real=0.00 secs] 
2024-10-04T14:01:02.385+0300: 63.284: Total time for which application threads were stopped: 0.0073223 seconds, Stopping threads took: 0.0045641 seconds
2024-10-04T14:01:02.480+0300: 63.386: Application time: 0.1017370 seconds
2024-10-04T14:01:02.480+0300: 63.386: [GC (Allocation Failure) [PSYoungGen: 189398K->10911K(192000K)] 419335K->240960K(601600K), 0.0024860 secs] [Times: user=0.00 sys=0.00, real=0.00 secs] 
2024-10-04T14:01:02.480+0300: 63.389: Total time for which application threads were stopped: 0.0028509 seconds, Stopping threads took: 0.0001608 seconds
2024-10-04T14:01:02.699+0300: 63.607: Application time: 0.2178802 seconds
2024-10-04T14:01:02.699+0300: 63.607: [GC (Allocation Failure) [PSYoungGen: 190798K->9358K(192512K)] 420847K->241609K(602112K), 0.0024271 secs] [Times: user=0.00 sys=0.00, real=0.00 secs] 
2024-10-04T14:01:02.699+0300: 63.610: Total time for which application threads were stopped: 0.0027875 seconds, Stopping threads took: 0.0002291 seconds
2024-10-04T14:01:03.515+0300: 64.424: Application time: 0.8147429 seconds
2024-10-04T14:01:03.515+0300: 64.425: [GC (Allocation Failure) [PSYoungGen: 188912K->10167K(193024K)] 421162K->242458K(602624K), 0.0021966 secs] [Times: user=0.02 sys=0.00, real=0.02 secs] 
2024-10-04T14:01:03.531+0300: 64.427: Total time for which application threads were stopped: 0.0024994 seconds, Stopping threads took: 0.0001300 seconds
2024-10-04T14:01:04.080+0300: 64.978: Application time: 0.5506818 seconds
2024-10-04T14:01:04.080+0300: 64.978: [GC (Allocation Failure) [PSYoungGen: 190974K->10880K(192512K)] 423264K->244604K(602112K), 0.0024817 secs] [Times: user=0.00 sys=0.00, real=0.00 secs] 
2024-10-04T14:01:04.080+0300: 64.980: Total time for which application threads were stopped: 0.0027797 seconds, Stopping threads took: 0.0001720 seconds
2024-10-04T14:01:04.457+0300: 65.363: Application time: 0.3827684 seconds
2024-10-04T14:01:04.457+0300: 65.363: [GC (Allocation Failure) [PSYoungGen: 191893K->8646K(192512K)] 425616K->244571K(602112K), 0.0022865 secs] [Times: user=0.00 sys=0.00, real=0.00 secs] 
2024-10-04T14:01:04.457+0300: 65.366: Total time for which application threads were stopped: 0.0025900 seconds, Stopping threads took: 0.0001622 seconds
2024-10-04T14:01:04.629+0300: 65.537: Application time: 0.1710117 seconds
2024-10-04T14:01:04.629+0300: 65.537: [GC (Allocation Failure) [PSYoungGen: 188523K->9390K(192512K)] 424448K->246052K(602112K), 0.0021488 secs] [Times: user=0.00 sys=0.00, real=0.00 secs] 
2024-10-04T14:01:04.629+0300: 65.539: Total time for which application threads were stopped: 0.0024820 seconds, Stopping threads took: 0.0002073 seconds
2024-10-04T14:01:04.677+0300: 65.583: Application time: 0.0436381 seconds
2024-10-04T14:01:04.677+0300: 65.583: [GC (Allocation Failure) [PSYoungGen: 189612K->8710K(193024K)] 426274K->246172K(602624K), 0.0021760 secs] [Times: user=0.00 sys=0.00, real=0.00 secs] 
2024-10-04T14:01:04.677+0300: 65.585: Total time for which application threads were stopped: 0.0024920 seconds, Stopping threads took: 0.0001803 seconds
2024-10-04T14:01:04.928+0300: 65.831: Application time: 0.2460982 seconds
2024-10-04T14:01:04.928+0300: 65.832: [GC (Allocation Failure) [PSYoungGen: 189594K->10135K(193024K)] 427056K->248394K(602624K), 0.0024377 secs] [Times: user=0.00 sys=0.00, real=0.00 secs] 
2024-10-04T14:01:04.928+0300: 65.834: Total time for which application threads were stopped: 0.0027487 seconds, Stopping threads took: 0.0001572 seconds
2024-10-04T14:01:05.760+0300: 66.668: Application time: 0.8338248 seconds
2024-10-04T14:01:05.760+0300: 66.668: [GC (Allocation Failure) [PSYoungGen: 191134K->10167K(193024K)] 429393K->249179K(602624K), 0.0021836 secs] [Times: user=0.00 sys=0.00, real=0.00 secs] 
2024-10-04T14:01:05.760+0300: 66.671: Total time for which application threads were stopped: 0.0025603 seconds, Stopping threads took: 0.0002205 seconds
2024-10-04T14:01:06.466+0300: 67.378: Application time: 0.7072008 seconds
2024-10-04T14:01:06.482+0300: 67.378: [GC (Allocation Failure) [PSYoungGen: 190961K->9455K(193024K)] 429972K->251333K(602624K), 0.0027542 secs] [Times: user=0.00 sys=0.00, real=0.00 secs] 
2024-10-04T14:01:06.482+0300: 67.381: Total time for which application threads were stopped: 0.0031937 seconds, Stopping threads took: 0.0002573 seconds
2024-10-04T14:01:06.796+0300: 67.704: Application time: 0.3234975 seconds
2024-10-04T14:01:06.796+0300: 67.705: [GC (Allocation Failure) [PSYoungGen: 190608K->9422K(193024K)] 432486K->252077K(602624K), 0.0022824 secs] [Times: user=0.00 sys=0.00, real=0.00 secs] 
2024-10-04T14:01:06.796+0300: 67.707: Total time for which application threads were stopped: 0.0026546 seconds, Stopping threads took: 0.0002290 seconds
2024-10-04T14:01:06.859+0300: 67.768: Application time: 0.0604566 seconds
2024-10-04T14:01:06.859+0300: 67.768: [GC (Allocation Failure) [PSYoungGen: 190151K->8646K(193024K)] 432806K->252069K(602624K), 0.0023183 secs] [Times: user=0.00 sys=0.00, real=0.02 secs] 
2024-10-04T14:01:06.874+0300: 67.770: Total time for which application threads were stopped: 0.0027192 seconds, Stopping threads took: 0.0002304 seconds
2024-10-04T14:01:06.953+0300: 67.858: Application time: 0.0879960 seconds
2024-10-04T14:01:06.953+0300: 67.859: [GC (Allocation Failure) [PSYoungGen: 189698K->8678K(193024K)] 433120K->252877K(602624K), 0.0020727 secs] [Times: user=0.00 sys=0.00, real=0.00 secs] 
2024-10-04T14:01:06.953+0300: 67.861: Total time for which application threads were stopped: 0.0023601 seconds, Stopping threads took: 0.0001448 seconds
2024-10-04T14:01:07.297+0300: 68.206: Application time: 0.3449691 seconds
2024-10-04T14:01:07.297+0300: 68.206: [GC (Allocation Failure) [PSYoungGen: 189491K->9390K(193024K)] 433690K->255115K(602624K), 0.0023309 secs] [Times: user=0.00 sys=0.00, real=0.00 secs] 
2024-10-04T14:01:07.297+0300: 68.208: Total time for which application threads were stopped: 0.0026666 seconds, Stopping threads took: 0.0002000 seconds
2024-10-04T14:01:08.066+0300: 68.973: Application time: 0.7646283 seconds
2024-10-04T14:01:08.066+0300: 68.973: [GC (Allocation Failure) [PSYoungGen: 190394K->10880K(192512K)] 436119K->258085K(602112K), 0.0026455 secs] [Times: user=0.00 sys=0.00, real=0.00 secs] 
2024-10-04T14:01:08.066+0300: 68.976: Total time for which application threads were stopped: 0.0029356 seconds, Stopping threads took: 0.0001488 seconds
2024-10-04T14:01:08.646+0300: 69.543: Application time: 0.5669920 seconds
2024-10-04T14:01:08.646+0300: 69.543: [GC (Allocation Failure) [PSYoungGen: 191691K->9455K(193024K)] 438896K->259518K(602624K), 0.0025936 secs] [Times: user=0.00 sys=0.00, real=0.00 secs] 
2024-10-04T14:01:08.646+0300: 69.546: Total time for which application threads were stopped: 0.0029293 seconds, Stopping threads took: 0.0001897 seconds
2024-10-04T14:01:08.866+0300: 69.772: Application time: 0.2259170 seconds
2024-10-04T14:01:08.866+0300: 69.772: [GC (Allocation Failure) [PSYoungGen: 190254K->9455K(193536K)] 440317K->260303K(603136K), 0.0023388 secs] [Times: user=0.00 sys=0.00, real=0.00 secs] 
2024-10-04T14:01:08.866+0300: 69.774: Total time for which application threads were stopped: 0.0027462 seconds, Stopping threads took: 0.0002418 seconds
2024-10-04T14:01:09.070+0300: 69.976: Application time: 0.2016544 seconds
2024-10-04T14:01:09.070+0300: 69.977: [GC (Allocation Failure) [PSYoungGen: 190619K->9438K(193024K)] 441467K->261063K(602624K), 0.0021961 secs] [Times: user=0.00 sys=0.00, real=0.00 secs] 
2024-10-04T14:01:09.070+0300: 69.979: Total time for which application threads were stopped: 0.0026357 seconds, Stopping threads took: 0.0002849 seconds
2024-10-04T14:01:09.164+0300: 70.065: Application time: 0.0860784 seconds
2024-10-04T14:01:09.164+0300: 70.065: [GC (Allocation Failure) [PSYoungGen: 190810K->10135K(193536K)] 442434K->262560K(603136K), 0.0023385 secs] [Times: user=0.00 sys=0.00, real=0.00 secs] 
2024-10-04T14:01:09.164+0300: 70.068: Total time for which application threads were stopped: 0.0026638 seconds, Stopping threads took: 0.0001778 seconds
2024-10-04T14:01:09.619+0300: 70.528: Application time: 0.4600337 seconds
2024-10-04T14:01:09.619+0300: 70.528: [GC (Allocation Failure) [PSYoungGen: 191729K->9390K(193536K)] 444155K->263296K(603136K), 0.0022716 secs] [Times: user=0.00 sys=0.00, real=0.00 secs] 
2024-10-04T14:01:09.619+0300: 70.530: Total time for which application threads were stopped: 0.0025510 seconds, Stopping threads took: 0.0001473 seconds
2024-10-04T14:01:10.357+0300: 71.256: Application time: 0.7263593 seconds
2024-10-04T14:01:10.357+0300: 71.257: [GC (Allocation Failure) [PSYoungGen: 191126K->10880K(192512K)] 445032K->266251K(602112K), 0.0026286 secs] [Times: user=0.00 sys=0.00, real=0.00 secs] 
2024-10-04T14:01:10.357+0300: 71.259: Total time for which application threads were stopped: 0.0029224 seconds, Stopping threads took: 0.0001503 seconds
2024-10-04T14:01:10.718+0300: 71.619: Application time: 0.3593754 seconds
2024-10-04T14:01:10.718+0300: 71.619: [GC (Allocation Failure) [PSYoungGen: 191721K->8646K(193024K)] 447092K->266195K(602624K), 0.0024196 secs] [Times: user=0.00 sys=0.00, real=0.00 secs] 
2024-10-04T14:01:10.718+0300: 71.622: Total time for which application threads were stopped: 0.0028245 seconds, Stopping threads took: 0.0001790 seconds
2024-10-04T14:01:11.126+0300: 72.025: Application time: 0.4038773 seconds
2024-10-04T14:01:11.126+0300: 72.026: [GC (Allocation Failure) [PSYoungGen: 189404K->9423K(193536K)] 446953K->267020K(603136K), 0.0019460 secs] [Times: user=0.00 sys=0.00, real=0.00 secs] 
2024-10-04T14:01:11.126+0300: 72.028: Total time for which application threads were stopped: 0.0022254 seconds, Stopping threads took: 0.0001425 seconds
2024-10-04T14:01:11.644+0300: 72.554: Application time: 0.5262316 seconds
2024-10-04T14:01:11.644+0300: 72.554: [GC (Allocation Failure) [PSYoungGen: 190707K->9422K(193024K)] 448303K->268500K(602624K), 0.0026745 secs] [Times: user=0.01 sys=0.00, real=0.02 secs] 
2024-10-04T14:01:11.660+0300: 72.557: Total time for which application threads were stopped: 0.0030506 seconds, Stopping threads took: 0.0002010 seconds
2024-10-04T14:01:11.759+0300: 72.662: Application time: 0.1045779 seconds
2024-10-04T14:01:11.759+0300: 72.662: [GC (Allocation Failure) [PSYoungGen: 190799K->9358K(193536K)] 449877K->269225K(603136K), 0.0024079 secs] [Times: user=0.00 sys=0.00, real=0.00 secs] 
2024-10-04T14:01:11.759+0300: 72.664: Total time for which application threads were stopped: 0.0027489 seconds, Stopping threads took: 0.0001634 seconds
2024-10-04T14:01:12.241+0300: 73.138: Application time: 0.4737893 seconds
2024-10-04T14:01:12.241+0300: 73.138: [GC (Allocation Failure) [PSYoungGen: 191623K->10135K(193536K)] 451490K->270762K(603136K), 0.0022446 secs] [Times: user=0.03 sys=0.00, real=0.00 secs] 
2024-10-04T14:01:12.241+0300: 73.141: Total time for which application threads were stopped: 0.0025931 seconds, Stopping threads took: 0.0001758 seconds
2024-10-04T14:01:12.961+0300: 73.859: Application time: 0.7180859 seconds
2024-10-04T14:01:12.961+0300: 73.859: [GC (Allocation Failure) [PSYoungGen: 191881K->10880K(192512K)] 452508K->272259K(602112K), 0.0024410 secs] [Times: user=0.00 sys=0.00, real=0.00 secs] 
2024-10-04T14:01:12.963+0300: 73.862: Total time for which application threads were stopped: 0.0028042 seconds, Stopping threads took: 0.0002080 seconds
2024-10-04T14:01:13.361+0300: 74.258: Application time: 0.3960268 seconds
2024-10-04T14:01:13.361+0300: 74.258: [GC (Allocation Failure) [PSYoungGen: 191674K->8614K(193024K)] 453054K->273596K(602624K), 0.0025688 secs] [Times: user=0.00 sys=0.00, real=0.00 secs] 
2024-10-04T14:01:13.361+0300: 74.261: Total time for which application threads were stopped: 0.0029504 seconds, Stopping threads took: 0.0002089 seconds
2024-10-04T14:01:13.606+0300: 74.514: Application time: 0.2538527 seconds
2024-10-04T14:01:13.606+0300: 74.515: [GC (Allocation Failure) [PSYoungGen: 189821K->8694K(193024K)] 454803K->274437K(602624K), 0.0021612 secs] [Times: user=0.00 sys=0.00, real=0.00 secs] 
2024-10-04T14:01:13.606+0300: 74.517: Total time for which application threads were stopped: 0.0025500 seconds, Stopping threads took: 0.0001714 seconds
2024-10-04T14:01:13.889+0300: 74.787: Application time: 0.2700927 seconds
2024-10-04T14:01:13.889+0300: 74.787: [GC (Allocation Failure) [PSYoungGen: 189416K->9390K(193024K)] 455159K->275934K(602624K), 0.0022876 secs] [Times: user=0.00 sys=0.00, real=0.00 secs] 
2024-10-04T14:01:13.889+0300: 74.790: Total time for which application threads were stopped: 0.0026025 seconds, Stopping threads took: 0.0001676 seconds
2024-10-04T14:01:14.094+0300: 74.995: Application time: 0.2053474 seconds
2024-10-04T14:01:14.094+0300: 74.995: [GC (Allocation Failure) [PSYoungGen: 190056K->9422K(193536K)] 456599K->276742K(603136K), 0.0022009 secs] [Times: user=0.00 sys=0.00, real=0.00 secs] 
2024-10-04T14:01:14.094+0300: 74.998: Total time for which application threads were stopped: 0.0024996 seconds, Stopping threads took: 0.0001578 seconds
2024-10-04T14:01:14.501+0300: 75.407: Application time: 0.4089802 seconds
2024-10-04T14:01:14.501+0300: 75.407: [GC (Allocation Failure) [PSYoungGen: 191495K->10103K(193536K)] 458815K->278896K(603136K), 0.0028903 secs] [Times: user=0.05 sys=0.00, real=0.00 secs] 
2024-10-04T14:01:14.501+0300: 75.410: Total time for which application threads were stopped: 0.0031951 seconds, Stopping threads took: 0.0001280 seconds
2024-10-04T14:01:15.165+0300: 76.068: Application time: 0.6577867 seconds
2024-10-04T14:01:15.165+0300: 76.068: [GC (Allocation Failure) [PSYoungGen: 192265K->10167K(193536K)] 461058K->279713K(603136K), 0.0022998 secs] [Times: user=0.00 sys=0.00, real=0.00 secs] 
2024-10-04T14:01:15.165+0300: 76.071: Total time for which application threads were stopped: 0.0029713 seconds, Stopping threads took: 0.0005232 seconds
2024-10-04T14:01:15.521+0300: 76.429: Application time: 0.3589634 seconds
2024-10-04T14:01:15.521+0300: 76.430: [GC (Allocation Failure) [PSYoungGen: 192415K->9359K(193536K)] 461960K->281810K(603136K), 0.0029081 secs] [Times: user=0.00 sys=0.00, real=0.00 secs] 
2024-10-04T14:01:15.521+0300: 76.433: Total time for which application threads were stopped: 0.0033992 seconds, Stopping threads took: 0.0003034 seconds
2024-10-04T14:01:15.804+0300: 76.705: Application time: 0.2716527 seconds
2024-10-04T14:01:15.804+0300: 76.705: [GC (Allocation Failure) [PSYoungGen: 191533K->8742K(193536K)] 463985K->281954K(603136K), 0.0021332 secs] [Times: user=0.00 sys=0.00, real=0.00 secs] 
2024-10-04T14:01:15.804+0300: 76.707: Total time for which application threads were stopped: 0.0024399 seconds, Stopping threads took: 0.0001653 seconds
2024-10-04T14:01:15.992+0300: 76.898: Application time: 0.1907741 seconds
2024-10-04T14:01:15.992+0300: 76.898: [GC (Allocation Failure) [PSYoungGen: 190897K->9390K(193536K)] 464109K->283387K(603136K), 0.0022001 secs] [Times: user=0.00 sys=0.00, real=0.00 secs] 
2024-10-04T14:01:15.992+0300: 76.900: Total time for which application threads were stopped: 0.0025380 seconds, Stopping threads took: 0.0002083 seconds
2024-10-04T14:01:16.243+0300: 77.147: Application time: 0.2464223 seconds
2024-10-04T14:01:16.243+0300: 77.147: [GC (Allocation Failure) [PSYoungGen: 191167K->9422K(193536K)] 465164K->284187K(603136K), 0.0022309 secs] [Times: user=0.00 sys=0.00, real=0.00 secs] 
2024-10-04T14:01:16.243+0300: 77.149: Total time for which application threads were stopped: 0.0024969 seconds, Stopping threads took: 0.0001036 seconds
2024-10-04T14:01:16.745+0300: 77.645: Application time: 0.4959965 seconds
2024-10-04T14:01:16.745+0300: 77.645: [GC (Allocation Failure) [PSYoungGen: 191168K->9454K(193536K)] 465933K->286433K(603136K), 0.0024212 secs] [Times: user=0.00 sys=0.00, real=0.00 secs] 
2024-10-04T14:01:16.745+0300: 77.648: Total time for which application threads were stopped: 0.0027107 seconds, Stopping threads took: 0.0001201 seconds
2024-10-04T14:01:17.468+0300: 78.365: Application time: 0.7172149 seconds
2024-10-04T14:01:17.468+0300: 78.365: [GC (Allocation Failure) [PSYoungGen: 191622K->10199K(193024K)] 468600K->289324K(602624K), 0.0025235 secs] [Times: user=0.00 sys=0.00, real=0.00 secs] 
2024-10-04T14:01:17.468+0300: 78.368: Total time for which application threads were stopped: 0.0029661 seconds, Stopping threads took: 0.0002747 seconds
2024-10-04T14:01:17.813+0300: 78.717: Application time: 0.3493414 seconds
2024-10-04T14:01:17.813+0300: 78.718: [GC (Allocation Failure) [PSYoungGen: 192445K->9359K(193536K)] 471569K->289980K(603136K), 0.0025146 secs] [Times: user=0.00 sys=0.00, real=0.00 secs] 
2024-10-04T14:01:17.813+0300: 78.720: Total time for which application threads were stopped: 0.0028232 seconds, Stopping threads took: 0.0001419 seconds
2024-10-04T14:01:17.985+0300: 78.883: Application time: 0.1624944 seconds
2024-10-04T14:01:17.985+0300: 78.883: [GC (Allocation Failure) [PSYoungGen: 191557K->9455K(194048K)] 472178K->290845K(603648K), 0.0024117 secs] [Times: user=0.00 sys=0.00, real=0.00 secs] 
2024-10-04T14:01:17.985+0300: 78.886: Total time for which application threads were stopped: 0.0027865 seconds, Stopping threads took: 0.0001995 seconds
2024-10-04T14:01:18.299+0300: 79.208: Application time: 0.3222728 seconds
2024-10-04T14:01:18.299+0300: 79.208: [GC (Allocation Failure) [PSYoungGen: 192299K->9390K(194048K)] 473689K->291557K(603648K), 0.0023458 secs] [Times: user=0.00 sys=0.00, real=0.01 secs] 
2024-10-04T14:01:18.314+0300: 79.211: Total time for which application threads were stopped: 0.0026635 seconds, Stopping threads took: 0.0001063 seconds
2024-10-04T14:01:18.440+0300: 79.344: Application time: 0.1338991 seconds
2024-10-04T14:01:18.440+0300: 79.345: [GC (Allocation Failure) [PSYoungGen: 192630K->8710K(194048K)] 474796K->292365K(603648K), 0.0024114 secs] [Times: user=0.00 sys=0.00, real=0.00 secs] 
2024-10-04T14:01:18.440+0300: 79.347: Total time for which application threads were stopped: 0.0027574 seconds, Stopping threads took: 0.0001999 seconds
2024-10-04T14:01:19.161+0300: 80.062: Application time: 0.7149469 seconds
2024-10-04T14:01:19.161+0300: 80.062: [GC (Allocation Failure) [PSYoungGen: 192004K->10103K(194048K)] 475660K->295256K(603648K), 0.0025559 secs] [Times: user=0.00 sys=0.00, real=0.00 secs] 
2024-10-04T14:01:19.161+0300: 80.065: Total time for which application threads were stopped: 0.0028629 seconds, Stopping threads took: 0.0001588 seconds
2024-10-04T14:01:19.648+0300: 80.558: Application time: 0.4933979 seconds
2024-10-04T14:01:19.648+0300: 80.559: [GC (Allocation Failure) [PSYoungGen: 193057K->9423K(194048K)] 478209K->296025K(603648K), 0.0025541 secs] [Times: user=0.02 sys=0.00, real=0.02 secs] 
2024-10-04T14:01:19.664+0300: 80.561: Total time for which application threads were stopped: 0.0030929 seconds, Stopping threads took: 0.0003613 seconds
2024-10-04T14:01:20.056+0300: 80.955: Application time: 0.3938376 seconds
2024-10-04T14:01:20.056+0300: 80.956: [GC (Allocation Failure) [PSYoungGen: 192367K->10135K(194048K)] 478969K->297506K(603648K), 0.0023414 secs] [Times: user=0.00 sys=0.00, real=0.00 secs] 
2024-10-04T14:01:20.056+0300: 80.958: Total time for which application threads were stopped: 0.0027231 seconds, Stopping threads took: 0.0002258 seconds
2024-10-04T14:01:20.229+0300: 81.130: Application time: 0.1723392 seconds
2024-10-04T14:01:20.229+0300: 81.131: [GC (Allocation Failure) [PSYoungGen: 192784K->8742K(193024K)] 480154K->297585K(602624K), 0.0023506 secs] [Times: user=0.00 sys=0.00, real=0.00 secs] 
2024-10-04T14:01:20.229+0300: 81.133: Total time for which application threads were stopped: 0.0026437 seconds, Stopping threads took: 0.0001310 seconds
2024-10-04T14:01:20.527+0300: 81.425: Application time: 0.2916514 seconds
2024-10-04T14:01:20.527+0300: 81.425: [GC (Allocation Failure) [PSYoungGen: 190907K->9326K(193536K)] 479751K->299671K(603136K), 0.0032781 secs] [Times: user=0.00 sys=0.00, real=0.00 secs] 
2024-10-04T14:01:20.527+0300: 81.428: Total time for which application threads were stopped: 0.0035535 seconds, Stopping threads took: 0.0001246 seconds
2024-10-04T14:01:20.875+0300: 81.776: Application time: 0.3475785 seconds
2024-10-04T14:01:20.875+0300: 81.776: [GC (Allocation Failure) [PSYoungGen: 191398K->9454K(194048K)] 481742K->300559K(603648K), 0.0023319 secs] [Times: user=0.03 sys=0.00, real=0.00 secs] 
2024-10-04T14:01:20.875+0300: 81.779: Total time for which application threads were stopped: 0.0026724 seconds, Stopping threads took: 0.0001573 seconds
2024-10-04T14:01:21.532+0300: 82.432: Application time: 0.6530938 seconds
2024-10-04T14:01:21.532+0300: 82.432: [GC (Allocation Failure) [PSYoungGen: 192689K->10167K(194048K)] 483794K->303450K(603648K), 0.0025335 secs] [Times: user=0.03 sys=0.02, real=0.00 secs] 
2024-10-04T14:01:21.532+0300: 82.434: Total time for which application threads were stopped: 0.0028408 seconds, Stopping threads took: 0.0001427 seconds
2024-10-04T14:01:22.033+0300: 82.933: Application time: 0.4985791 seconds
2024-10-04T14:01:22.033+0300: 82.933: [GC (Allocation Failure) [PSYoungGen: 193099K->10167K(193024K)] 486382K->305604K(602624K), 0.0026711 secs] [Times: user=0.02 sys=0.00, real=0.00 secs] 
2024-10-04T14:01:22.033+0300: 82.936: Total time for which application threads were stopped: 0.0030433 seconds, Stopping threads took: 0.0002023 seconds
2024-10-04T14:01:22.285+0300: 83.183: Application time: 0.2467638 seconds
2024-10-04T14:01:22.285+0300: 83.183: [GC (Allocation Failure) [PSYoungGen: 191786K->9423K(193536K)] 487222K->306340K(603136K), 0.0025016 secs] [Times: user=0.02 sys=0.00, real=0.00 secs] 
2024-10-04T14:01:22.285+0300: 83.186: Total time for which application threads were stopped: 0.0028244 seconds, Stopping threads took: 0.0001556 seconds
2024-10-04T14:01:22.583+0300: 83.488: Application time: 0.3026743 seconds
2024-10-04T14:01:22.583+0300: 83.489: [GC (Allocation Failure) [PSYoungGen: 191312K->10199K(193024K)] 488229K->307877K(602624K), 0.0026177 secs] [Times: user=0.00 sys=0.00, real=0.00 secs] 
2024-10-04T14:01:22.583+0300: 83.491: Total time for which application threads were stopped: 0.0029268 seconds, Stopping threads took: 0.0001551 seconds
2024-10-04T14:01:22.708+0300: 83.608: Application time: 0.1163404 seconds
2024-10-04T14:01:22.708+0300: 83.608: [GC (Allocation Failure) [PSYoungGen: 192267K->9390K(193536K)] 489945K->308585K(603136K), 0.0023431 secs] [Times: user=0.00 sys=0.00, real=0.00 secs] 
2024-10-04T14:01:22.708+0300: 83.610: Total time for which application threads were stopped: 0.0025890 seconds, Stopping threads took: 0.0001003 seconds
2024-10-04T14:01:23.148+0300: 84.059: Application time: 0.4486152 seconds
2024-10-04T14:01:23.148+0300: 84.059: [GC (Allocation Failure) [PSYoungGen: 191007K->9454K(194048K)] 490202K->310114K(603648K), 0.0025810 secs] [Times: user=0.00 sys=0.00, real=0.02 secs] 
2024-10-04T14:01:23.163+0300: 84.062: Total time for which application threads were stopped: 0.0029568 seconds, Stopping threads took: 0.0001906 seconds
2024-10-04T14:01:23.869+0300: 84.766: Application time: 0.7038758 seconds
2024-10-04T14:01:23.869+0300: 84.766: [GC (Allocation Failure) [PSYoungGen: 191920K->10167K(193536K)] 492580K->313013K(603136K), 0.0026619 secs] [Times: user=0.02 sys=0.02, real=0.00 secs] 
2024-10-04T14:01:23.869+0300: 84.769: Total time for which application threads were stopped: 0.0029187 seconds, Stopping threads took: 0.0001063 seconds
2024-10-04T14:01:24.215+0300: 85.123: Application time: 0.3541671 seconds
2024-10-04T14:01:24.215+0300: 85.123: [GC (Allocation Failure) [PSYoungGen: 192432K->8742K(193536K)] 495277K->313733K(603136K), 0.0024701 secs] [Times: user=0.01 sys=0.00, real=0.00 secs] 
2024-10-04T14:01:24.215+0300: 85.125: Total time for which application threads were stopped: 0.0027255 seconds, Stopping threads took: 0.0001224 seconds
2024-10-04T14:01:24.591+0300: 85.498: Application time: 0.3723626 seconds
2024-10-04T14:01:24.591+0300: 85.498: [GC (Allocation Failure) [PSYoungGen: 190922K->9422K(193536K)] 495913K->315182K(603136K), 0.0023811 secs] [Times: user=0.00 sys=0.00, real=0.00 secs] 
2024-10-04T14:01:24.591+0300: 85.501: Total time for which application threads were stopped: 0.0027093 seconds, Stopping threads took: 0.0001820 seconds
2024-10-04T14:01:24.748+0300: 85.654: Application time: 0.1529974 seconds
2024-10-04T14:01:24.748+0300: 85.654: [GC (Allocation Failure) [PSYoungGen: 191310K->8694K(194048K)] 497069K->315935K(603648K), 0.0025333 secs] [Times: user=0.00 sys=0.00, real=0.00 secs] 
2024-10-04T14:01:24.748+0300: 85.656: Total time for which application threads were stopped: 0.0029227 seconds, Stopping threads took: 0.0002494 seconds
2024-10-04T14:01:25.015+0300: 85.917: Application time: 0.2602386 seconds
2024-10-04T14:01:25.015+0300: 85.917: [GC (Allocation Failure) [PSYoungGen: 191508K->9390K(194048K)] 498749K->317432K(603648K), 0.0045412 secs] [Times: user=0.00 sys=0.00, real=0.00 secs] 
2024-10-04T14:01:25.015+0300: 85.922: Total time for which application threads were stopped: 0.0049109 seconds, Stopping threads took: 0.0001512 seconds
2024-10-04T14:01:25.454+0300: 86.364: Application time: 0.4426975 seconds
2024-10-04T14:01:25.454+0300: 86.365: [GC (Allocation Failure) [PSYoungGen: 192213K->9454K(194048K)] 500255K->318969K(603648K), 0.0025611 secs] [Times: user=0.02 sys=0.00, real=0.02 secs] 
2024-10-04T14:01:25.470+0300: 86.367: Total time for which application threads were stopped: 0.0029154 seconds, Stopping threads took: 0.0001781 seconds
2024-10-04T14:01:26.185+0300: 87.087: Application time: 0.7200662 seconds
2024-10-04T14:01:26.185+0300: 87.088: [GC (Allocation Failure) [PSYoungGen: 192645K->10167K(194048K)] 502159K->321867K(603648K), 0.0026895 secs] [Times: user=0.02 sys=0.00, real=0.01 secs] 
2024-10-04T14:01:26.192+0300: 87.090: Total time for which application threads were stopped: 0.0030056 seconds, Stopping threads took: 0.0001335 seconds
2024-10-04T14:01:26.552+0300: 87.454: Application time: 0.3634452 seconds
2024-10-04T14:01:26.552+0300: 87.454: [GC (Allocation Failure) [PSYoungGen: 192947K->9423K(194048K)] 504647K->322564K(603648K), 0.0024589 secs] [Times: user=0.00 sys=0.00, real=0.00 secs] 
2024-10-04T14:01:26.552+0300: 87.457: Total time for which application threads were stopped: 0.0027464 seconds, Stopping threads took: 0.0001302 seconds
2024-10-04T14:01:26.960+0300: 87.871: Application time: 0.4142264 seconds
2024-10-04T14:01:26.960+0300: 87.871: [GC (Allocation Failure) [PSYoungGen: 192361K->9390K(194048K)] 505502K->324048K(603648K), 0.0025537 secs] [Times: user=0.02 sys=0.00, real=0.02 secs] 
2024-10-04T14:01:26.976+0300: 87.874: Total time for which application threads were stopped: 0.0028736 seconds, Stopping threads took: 0.0001771 seconds
2024-10-04T14:01:27.087+0300: 87.983: Application time: 0.1089088 seconds
2024-10-04T14:01:27.087+0300: 87.983: [GC (Allocation Failure) [PSYoungGen: 192262K->9455K(194048K)] 506920K->324881K(603648K), 0.0022416 secs] [Times: user=0.00 sys=0.00, real=0.00 secs] 
2024-10-04T14:01:27.087+0300: 87.985: Total time for which application threads were stopped: 0.0025565 seconds, Stopping threads took: 0.0001640 seconds
2024-10-04T14:01:27.431+0300: 88.338: Application time: 0.3530459 seconds
2024-10-04T14:01:27.431+0300: 88.338: [GC (Allocation Failure) [PSYoungGen: 192241K->9422K(194048K)] 507668K->325625K(603648K), 0.0022002 secs] [Times: user=0.00 sys=0.00, real=0.00 secs] 
2024-10-04T14:01:27.431+0300: 88.341: Total time for which application threads were stopped: 0.0024633 seconds, Stopping threads took: 0.0001368 seconds
2024-10-04T14:01:27.839+0300: 88.744: Application time: 0.4032527 seconds
2024-10-04T14:01:27.839+0300: 88.744: [GC (Allocation Failure) [PSYoungGen: 192257K->10199K(194048K)] 508460K->327867K(603648K), 0.0024938 secs] [Times: user=0.00 sys=0.00, real=0.00 secs] 
2024-10-04T14:01:27.839+0300: 88.747: Total time for which application threads were stopped: 0.0027748 seconds, Stopping threads took: 0.0001480 seconds
2024-10-04T14:01:28.451+0300: 89.355: Application time: 0.6085129 seconds
2024-10-04T14:01:28.451+0300: 89.356: [GC (Allocation Failure) [PSYoungGen: 193108K->10199K(194048K)] 510777K->330045K(603648K), 0.0029920 secs] [Times: user=0.00 sys=0.00, real=0.00 secs] 
2024-10-04T14:01:28.451+0300: 89.359: Total time for which application threads were stopped: 0.0034195 seconds, Stopping threads took: 0.0002282 seconds
2024-10-04T14:01:28.624+0300: 89.529: Application time: 0.1703869 seconds
2024-10-04T14:01:28.624+0300: 89.529: [GC (Allocation Failure) [PSYoungGen: 193213K->9359K(194048K)] 513059K->330702K(603648K), 0.0025348 secs] [Times: user=0.00 sys=0.00, real=0.00 secs] 
2024-10-04T14:01:28.624+0300: 89.532: Total time for which application threads were stopped: 0.0029355 seconds, Stopping threads took: 0.0002623 seconds
2024-10-04T14:01:29.032+0300: 89.931: Application time: 0.3990038 seconds
2024-10-04T14:01:29.032+0300: 89.931: [GC (Allocation Failure) [PSYoungGen: 192227K->10167K(194048K)] 513570K->332271K(603648K), 0.0023379 secs] [Times: user=0.00 sys=0.00, real=0.00 secs] 
2024-10-04T14:01:29.032+0300: 89.934: Total time for which application threads were stopped: 0.0026505 seconds, Stopping threads took: 0.0001724 seconds
2024-10-04T14:01:29.290+0300: 90.192: Application time: 0.2580270 seconds
2024-10-04T14:01:29.290+0300: 90.192: [GC (Allocation Failure) [PSYoungGen: 193450K->9486K(194048K)] 515553K->333063K(603648K), 0.0026632 secs] [Times: user=0.00 sys=0.00, real=0.00 secs] 
2024-10-04T14:01:29.290+0300: 90.195: Total time for which application threads were stopped: 0.0029529 seconds, Stopping threads took: 0.0001434 seconds
2024-10-04T14:01:29.723+0300: 90.627: Application time: 0.4329310 seconds
2024-10-04T14:01:29.723+0300: 90.628: [GC (Allocation Failure) [PSYoungGen: 192674K->9422K(194048K)] 516251K->334500K(603648K), 0.0023009 secs] [Times: user=0.00 sys=0.00, real=0.00 secs] 
2024-10-04T14:01:29.723+0300: 90.630: Total time for which application threads were stopped: 0.0026485 seconds, Stopping threads took: 0.0002021 seconds
2024-10-04T14:01:30.116+0300: 91.014: Application time: 0.3841617 seconds
2024-10-04T14:01:30.116+0300: 91.015: [GC (Allocation Failure) [PSYoungGen: 192385K->9455K(194048K)] 517463K->336686K(603648K), 0.0025503 secs] [Times: user=0.00 sys=0.00, real=0.00 secs] 
2024-10-04T14:01:30.116+0300: 91.017: Total time for which application threads were stopped: 0.0028672 seconds, Stopping threads took: 0.0001749 seconds
2024-10-04T14:01:30.570+0300: 91.476: Application time: 0.4585546 seconds
2024-10-04T14:01:30.570+0300: 91.476: [GC (Allocation Failure) [PSYoungGen: 192361K->10135K(194048K)] 519592K->338839K(603648K), 0.0024688 secs] [Times: user=0.00 sys=0.00, real=0.00 secs] 
2024-10-04T14:01:30.570+0300: 91.479: Total time for which application threads were stopped: 0.0029468 seconds, Stopping threads took: 0.0002926 seconds
2024-10-04T14:01:30.837+0300: 91.737: Application time: 0.2587783 seconds
2024-10-04T14:01:30.837+0300: 91.738: [GC (Allocation Failure) [PSYoungGen: 193070K->9391K(194048K)] 521774K->339576K(603648K), 0.0024531 secs] [Times: user=0.00 sys=0.00, real=0.00 secs] 
2024-10-04T14:01:30.837+0300: 91.740: Total time for which application threads were stopped: 0.0027638 seconds, Stopping threads took: 0.0001737 seconds
2024-10-04T14:01:31.230+0300: 92.132: Application time: 0.3920546 seconds
2024-10-04T14:01:31.230+0300: 92.132: [GC (Allocation Failure) [PSYoungGen: 192252K->9390K(194048K)] 522437K->341049K(603648K), 0.0024186 secs] [Times: user=0.00 sys=0.00, real=0.00 secs] 
2024-10-04T14:01:31.230+0300: 92.135: Total time for which application threads were stopped: 0.0027013 seconds, Stopping threads took: 0.0001549 seconds
2024-10-04T14:01:31.465+0300: 92.363: Application time: 0.2283059 seconds
2024-10-04T14:01:31.465+0300: 92.364: [GC (Allocation Failure) [PSYoungGen: 192000K->9454K(194048K)] 523658K->342586K(603648K), 0.0025248 secs] [Times: user=0.00 sys=0.00, real=0.00 secs] 
2024-10-04T14:01:31.465+0300: 92.366: Total time for which application threads were stopped: 0.0029183 seconds, Stopping threads took: 0.0002496 seconds
2024-10-04T14:01:31.936+0300: 92.836: Application time: 0.4696862 seconds
2024-10-04T14:01:31.936+0300: 92.836: [GC (Allocation Failure) [PSYoungGen: 192331K->10167K(194048K)] 525462K->344799K(603648K), 0.0025945 secs] [Times: user=0.00 sys=0.00, real=0.00 secs] 
2024-10-04T14:01:31.936+0300: 92.839: Total time for which application threads were stopped: 0.0029618 seconds, Stopping threads took: 0.0002064 seconds
2024-10-04T14:01:32.438+0300: 93.336: Application time: 0.4973170 seconds
2024-10-04T14:01:32.438+0300: 93.336: [GC (Allocation Failure) [PSYoungGen: 193358K->9423K(194048K)] 527991K->345536K(603648K), 0.0023228 secs] [Times: user=0.00 sys=0.00, real=0.00 secs] 
2024-10-04T14:01:32.438+0300: 93.339: Total time for which application threads were stopped: 0.0026473 seconds, Stopping threads took: 0.0001834 seconds
2024-10-04T14:01:32.971+0300: 93.870: Application time: 0.5314983 seconds
2024-10-04T14:01:32.971+0300: 93.871: [GC (Allocation Failure) [PSYoungGen: 192336K->8030K(194048K)] 528450K->345600K(603648K), 0.0021385 secs] [Times: user=0.00 sys=0.00, real=0.00 secs] 
2024-10-04T14:01:32.971+0300: 93.873: Total time for which application threads were stopped: 0.0025834 seconds, Stopping threads took: 0.0001904 seconds
2024-10-04T14:01:33.128+0300: 94.040: Application time: 0.1668939 seconds
2024-10-04T14:01:33.144+0300: 94.040: [GC (Allocation Failure) [PSYoungGen: 190617K->9391K(194048K)] 528188K->348478K(603648K), 0.0024331 secs] [Times: user=0.00 sys=0.00, real=0.00 secs] 
2024-10-04T14:01:33.144+0300: 94.043: Total time for which application threads were stopped: 0.0027888 seconds, Stopping threads took: 0.0002077 seconds
2024-10-04T14:01:33.583+0300: 94.483: Application time: 0.4404683 seconds
2024-10-04T14:01:33.583+0300: 94.483: [GC (Allocation Failure) [PSYoungGen: 192237K->8646K(194048K)] 531325K->349199K(603648K), 0.0024353 secs] [Times: user=0.00 sys=0.00, real=0.00 secs] 
2024-10-04T14:01:33.583+0300: 94.486: Total time for which application threads were stopped: 0.0027985 seconds, Stopping threads took: 0.0001893 seconds
2024-10-04T14:01:33.662+0300: 94.560: Application time: 0.0738831 seconds
2024-10-04T14:01:33.662+0300: 94.560: [GC (Allocation Failure) [PSYoungGen: 191921K->8678K(194048K)] 532473K->350015K(603648K), 0.0023632 secs] [Times: user=0.00 sys=0.00, real=0.00 secs] 
2024-10-04T14:01:33.662+0300: 94.562: Total time for which application threads were stopped: 0.0026791 seconds, Stopping threads took: 0.0001758 seconds
2024-10-04T14:01:34.132+0300: 95.034: Application time: 0.4713837 seconds
2024-10-04T14:01:34.132+0300: 95.034: [GC (Allocation Failure) [PSYoungGen: 191481K->10167K(193536K)] 532818K->352305K(603136K), 0.0024611 secs] [Times: user=0.00 sys=0.00, real=0.00 secs] 
2024-10-04T14:01:34.132+0300: 95.037: Total time for which application threads were stopped: 0.0028324 seconds, Stopping threads took: 0.0002171 seconds
2024-10-04T14:01:34.729+0300: 95.632: Application time: 0.5953674 seconds
2024-10-04T14:01:34.729+0300: 95.632: [GC (Allocation Failure) [PSYoungGen: 193435K->10880K(193536K)] 535573K->354491K(603136K), 0.0027100 secs] [Times: user=0.02 sys=0.00, real=0.00 secs] 
2024-10-04T14:01:34.729+0300: 95.635: Total time for which application threads were stopped: 0.0030266 seconds, Stopping threads took: 0.0001527 seconds
2024-10-04T14:01:35.152+0300: 96.060: Application time: 0.4252933 seconds
2024-10-04T14:01:35.152+0300: 96.061: [GC (Allocation Failure) [PSYoungGen: 193099K->8614K(193536K)] 536710K->355123K(603136K), 0.0025453 secs] [Times: user=0.00 sys=0.00, real=0.00 secs] 
2024-10-04T14:01:35.152+0300: 96.063: Total time for which application threads were stopped: 0.0029369 seconds, Stopping threads took: 0.0001712 seconds
2024-10-04T14:01:35.356+0300: 96.256: Application time: 0.1924398 seconds
2024-10-04T14:01:35.356+0300: 96.256: [GC (Allocation Failure) [PSYoungGen: 190524K->10167K(192512K)] 537033K->357445K(602112K), 0.0023493 secs] [Times: user=0.00 sys=0.00, real=0.00 secs] 
2024-10-04T14:01:35.356+0300: 96.258: Total time for which application threads were stopped: 0.0027039 seconds, Stopping threads took: 0.0002184 seconds
2024-10-04T14:01:35.733+0300: 96.640: Application time: 0.3810753 seconds
2024-10-04T14:01:35.733+0300: 96.640: [GC (Allocation Failure) [PSYoungGen: 190916K->9422K(193024K)] 538194K->358205K(602624K), 0.0023853 secs] [Times: user=0.00 sys=0.00, real=0.00 secs] 
2024-10-04T14:01:35.733+0300: 96.642: Total time for which application threads were stopped: 0.0027722 seconds, Stopping threads took: 0.0002457 seconds
2024-10-04T14:01:35.921+0300: 96.833: Application time: 0.1905956 seconds
2024-10-04T14:01:35.937+0300: 96.833: [GC (Allocation Failure) [PSYoungGen: 190089K->9422K(193536K)] 538872K->358981K(603136K), 0.0047311 secs] [Times: user=0.00 sys=0.00, real=0.00 secs] 
2024-10-04T14:01:35.937+0300: 96.838: Total time for which application threads were stopped: 0.0051450 seconds, Stopping threads took: 0.0002485 seconds
2024-10-04T14:01:36.330+0300: 97.231: Application time: 0.3932629 seconds
2024-10-04T14:01:36.330+0300: 97.232: [GC (Allocation Failure) [PSYoungGen: 191524K->10911K(193536K)] 541083K->361223K(603136K), 0.0025129 secs] [Times: user=0.02 sys=0.00, real=0.00 secs] 
2024-10-04T14:01:36.330+0300: 97.234: Total time for which application threads were stopped: 0.0028831 seconds, Stopping threads took: 0.0002080 seconds
2024-10-04T14:01:37.067+0300: 97.977: Application time: 0.7428666 seconds
2024-10-04T14:01:37.067+0300: 97.977: [GC (Allocation Failure) [PSYoungGen: 192648K->10167K(192512K)] 542960K->362656K(602112K), 0.0029138 secs] [Times: user=0.02 sys=0.00, real=0.02 secs] 
2024-10-04T14:01:37.082+0300: 97.980: Total time for which application threads were stopped: 0.0032429 seconds, Stopping threads took: 0.0001518 seconds
2024-10-04T14:01:37.427+0300: 98.328: Application time: 0.3480276 seconds
2024-10-04T14:01:37.427+0300: 98.329: [GC (Allocation Failure) [PSYoungGen: 190872K->9455K(193024K)] 543361K->363393K(602624K), 0.0025844 secs] [Times: user=0.00 sys=0.00, real=0.00 secs] 
2024-10-04T14:01:37.427+0300: 98.331: Total time for which application threads were stopped: 0.0029034 seconds, Stopping threads took: 0.0001549 seconds
2024-10-04T14:01:37.568+0300: 98.477: Application time: 0.1458792 seconds
2024-10-04T14:01:37.568+0300: 98.478: [GC (Allocation Failure) [PSYoungGen: 190501K->10103K(193536K)] 544439K->364850K(603136K), 0.0024939 secs] [Times: user=0.00 sys=0.00, real=0.02 secs] 
2024-10-04T14:01:37.584+0300: 98.480: Total time for which application threads were stopped: 0.0029893 seconds, Stopping threads took: 0.0003180 seconds
2024-10-04T14:01:38.009+0300: 98.919: Application time: 0.4388597 seconds
2024-10-04T14:01:38.009+0300: 98.919: [GC (Allocation Failure) [PSYoungGen: 192244K->8678K(190976K)] 546991K->364914K(600576K), 0.0024470 secs] [Times: user=0.02 sys=0.00, real=0.01 secs] 
2024-10-04T14:01:38.024+0300: 98.922: Total time for which application threads were stopped: 0.0028708 seconds, Stopping threads took: 0.0002819 seconds
2024-10-04T14:01:38.259+0300: 99.171: Application time: 0.2490978 seconds
2024-10-04T14:01:38.275+0300: 99.171: [GC (Allocation Failure) [PSYoungGen: 190816K->9454K(193536K)] 547052K->366451K(603136K), 0.0022818 secs] [Times: user=0.00 sys=0.00, real=0.00 secs] 
2024-10-04T14:01:38.275+0300: 99.174: Total time for which application threads were stopped: 0.0026786 seconds, Stopping threads took: 0.0002370 seconds
2024-10-04T14:01:38.746+0300: 99.657: Application time: 0.4834584 seconds
2024-10-04T14:01:38.746+0300: 99.657: [GC (Allocation Failure) [PSYoungGen: 190834K->10911K(193024K)] 547830K->369373K(602624K), 0.0027116 secs] [Times: user=0.00 sys=0.02, real=0.01 secs] 
2024-10-04T14:01:38.761+0300: 99.660: Total time for which application threads were stopped: 0.0030450 seconds, Stopping threads took: 0.0001211 seconds
2024-10-04T14:01:39.483+0300: 100.385: Application time: 0.7251553 seconds
2024-10-04T14:01:39.483+0300: 100.385: [GC (Allocation Failure) [PSYoungGen: 192645K->9455K(193024K)] 551107K->370814K(602624K), 0.0027761 secs] [Times: user=0.02 sys=0.00, real=0.00 secs] 
2024-10-04T14:01:39.483+0300: 100.388: Total time for which application threads were stopped: 0.0030325 seconds, Stopping threads took: 0.0000884 seconds
2024-10-04T14:01:39.876+0300: 100.777: Application time: 0.3890696 seconds
2024-10-04T14:01:39.876+0300: 100.778: [GC (Allocation Failure) [PSYoungGen: 190535K->8110K(193024K)] 551895K->370910K(602624K), 0.0022748 secs] [Times: user=0.00 sys=0.00, real=0.00 secs] 
2024-10-04T14:01:39.876+0300: 100.780: Total time for which application threads were stopped: 0.0025796 seconds, Stopping threads took: 0.0001726 seconds
2024-10-04T14:01:39.910+0300: 100.808: Application time: 0.0282100 seconds
2024-10-04T14:01:39.910+0300: 100.808: [GC (Allocation Failure) [PSYoungGen: 188767K->5796K(192000K)] 551568K->372288K(601600K), 0.0022631 secs] [Times: user=0.00 sys=0.00, real=0.00 secs] 
2024-10-04T14:01:39.910+0300: 100.811: Total time for which application threads were stopped: 0.0026221 seconds, Stopping threads took: 0.0002186 seconds
2024-10-04T14:01:40.251+0300: 101.151: Application time: 0.3405407 seconds
2024-10-04T14:01:40.251+0300: 101.152: [GC (Allocation Failure) [PSYoungGen: 185571K->9390K(192512K)] 552063K->377339K(602112K), 0.0024227 secs] [Times: user=0.00 sys=0.00, real=0.00 secs] 
2024-10-04T14:01:40.251+0300: 101.154: Total time for which application threads were stopped: 0.0027626 seconds, Stopping threads took: 0.0002018 seconds
2024-10-04T14:01:40.644+0300: 101.541: Application time: 0.3872855 seconds
2024-10-04T14:01:40.644+0300: 101.542: [GC (Allocation Failure) [PSYoungGen: 189298K->8742K(193024K)] 557247K->378171K(602624K), 0.0023471 secs] [Times: user=0.00 sys=0.00, real=0.00 secs] 
2024-10-04T14:01:40.644+0300: 101.544: Total time for which application threads were stopped: 0.0028721 seconds, Stopping threads took: 0.0003829 seconds
2024-10-04T14:01:41.083+0300: 101.989: Application time: 0.4445157 seconds
2024-10-04T14:01:41.083+0300: 101.989: [GC (Allocation Failure) [PSYoungGen: 189905K->10879K(192512K)] 559335K->381098K(602112K), 0.0024896 secs] [Times: user=0.00 sys=0.00, real=0.00 secs] 
2024-10-04T14:01:41.083+0300: 101.992: Total time for which application threads were stopped: 0.0027618 seconds, Stopping threads took: 0.0001283 seconds
2024-10-04T14:01:41.805+0300: 102.706: Application time: 0.7145805 seconds
2024-10-04T14:01:41.805+0300: 102.706: [GC (Allocation Failure) [PSYoungGen: 191992K->10167K(192512K)] 562210K->382531K(602112K), 0.0027848 secs] [Times: user=0.00 sys=0.00, real=0.00 secs] 
2024-10-04T14:01:41.805+0300: 102.709: Total time for which application threads were stopped: 0.0031845 seconds, Stopping threads took: 0.0002414 seconds
2024-10-04T14:01:42.056+0300: 102.959: Application time: 0.2497780 seconds
2024-10-04T14:01:42.056+0300: 102.959: [GC (Allocation Failure) [PSYoungGen: 189939K->8030K(192512K)] 562303K->382563K(602112K), 0.0024353 secs] [Times: user=0.00 sys=0.00, real=0.00 secs] 
2024-10-04T14:01:42.056+0300: 102.962: Total time for which application threads were stopped: 0.0027622 seconds, Stopping threads took: 0.0001776 seconds
2024-10-04T14:01:42.166+0300: 103.062: Application time: 0.1005858 seconds
2024-10-04T14:01:42.166+0300: 103.063: [GC (Allocation Failure) [PSYoungGen: 187626K->9423K(193024K)] 562160K->384785K(602624K), 0.0022911 secs] [Times: user=0.00 sys=0.00, real=0.00 secs] 
2024-10-04T14:01:42.166+0300: 103.065: Total time for which application threads were stopped: 0.0026116 seconds, Stopping threads took: 0.0001759 seconds
2024-10-04T14:01:42.527+0300: 103.435: Application time: 0.3700362 seconds
2024-10-04T14:01:42.527+0300: 103.435: [GC (Allocation Failure) [PSYoungGen: 190078K->8678K(192512K)] 565440K->385505K(602112K), 0.0024197 secs] [Times: user=0.00 sys=0.00, real=0.00 secs] 
2024-10-04T14:01:42.527+0300: 103.438: Total time for which application threads were stopped: 0.0027396 seconds, Stopping threads took: 0.0001225 seconds
2024-10-04T14:01:42.809+0300: 103.711: Application time: 0.2729487 seconds
2024-10-04T14:01:42.809+0300: 103.711: [GC (Allocation Failure) [PSYoungGen: 189021K->8678K(193024K)] 565848K->386281K(602624K), 0.0022689 secs] [Times: user=0.00 sys=0.00, real=0.01 secs] 
2024-10-04T14:01:42.816+0300: 103.713: Total time for which application threads were stopped: 0.0026509 seconds, Stopping threads took: 0.0002191 seconds
2024-10-04T14:01:43.327+0300: 104.228: Application time: 0.5143501 seconds
2024-10-04T14:01:43.327+0300: 104.228: [GC (Allocation Failure) [PSYoungGen: 189707K->10880K(192512K)] 567311K->389272K(602112K), 0.0024545 secs] [Times: user=0.00 sys=0.00, real=0.00 secs] 
2024-10-04T14:01:43.327+0300: 104.231: Total time for which application threads were stopped: 0.0027984 seconds, Stopping threads took: 0.0001979 seconds
2024-10-04T14:01:43.939+0300: 104.849: Application time: 0.6184984 seconds
2024-10-04T14:01:43.939+0300: 104.849: [GC (Allocation Failure) [PSYoungGen: 191762K->10880K(192512K)] 570154K->390705K(602112K), 0.0028557 secs] [Times: user=0.02 sys=0.00, real=0.02 secs] 
2024-10-04T14:01:43.954+0300: 104.852: Total time for which application threads were stopped: 0.0031784 seconds, Stopping threads took: 0.0001758 seconds
2024-10-04T14:01:44.158+0300: 105.058: Application time: 0.2053835 seconds
2024-10-04T14:01:44.158+0300: 105.058: [GC (Allocation Failure) [PSYoungGen: 191021K->9391K(192512K)] 570846K->391409K(602112K), 0.0025661 secs] [Times: user=0.00 sys=0.00, real=0.00 secs] 
2024-10-04T14:01:44.158+0300: 105.061: Total time for which application threads were stopped: 0.0029456 seconds, Stopping threads took: 0.0001913 seconds
2024-10-04T14:01:44.409+0300: 105.313: Application time: 0.2524572 seconds
2024-10-04T14:01:44.409+0300: 105.313: [GC (Allocation Failure) [PSYoungGen: 189324K->9423K(193024K)] 571343K->392210K(602624K), 0.0023570 secs] [Times: user=0.02 sys=0.00, real=0.01 secs] 
2024-10-04T14:01:44.419+0300: 105.316: Total time for which application threads were stopped: 0.0026844 seconds, Stopping threads took: 0.0001859 seconds
2024-10-04T14:01:44.820+0300: 105.721: Application time: 0.4053693 seconds
2024-10-04T14:01:44.820+0300: 105.721: [GC (Allocation Failure) [PSYoungGen: 190053K->8742K(192512K)] 572840K->393002K(602112K), 0.0025261 secs] [Times: user=0.00 sys=0.00, real=0.00 secs] 
2024-10-04T14:01:44.820+0300: 105.724: Total time for which application threads were stopped: 0.0028404 seconds, Stopping threads took: 0.0001722 seconds
2024-10-04T14:01:45.022+0300: 105.923: Application time: 0.1988911 seconds
2024-10-04T14:01:45.022+0300: 105.923: [GC (Allocation Failure) [PSYoungGen: 189090K->8678K(193024K)] 573350K->393715K(602624K), 0.0022688 secs] [Times: user=0.00 sys=0.00, real=0.00 secs] 
2024-10-04T14:01:45.022+0300: 105.925: Total time for which application threads were stopped: 0.0025647 seconds, Stopping threads took: 0.0001645 seconds
2024-10-04T14:01:45.634+0300: 106.538: Application time: 0.6120621 seconds
2024-10-04T14:01:45.634+0300: 106.538: [GC (Allocation Failure) [PSYoungGen: 189698K->10880K(192512K)] 574735K->396705K(602112K), 0.0025982 secs] [Times: user=0.00 sys=0.00, real=0.00 secs] 
2024-10-04T14:01:45.634+0300: 106.541: Total time for which application threads were stopped: 0.0029680 seconds, Stopping threads took: 0.0002308 seconds
2024-10-04T14:01:46.183+0300: 107.090: Application time: 0.5495393 seconds
2024-10-04T14:01:46.183+0300: 107.090: [GC (Allocation Failure) [PSYoungGen: 191648K->10167K(192512K)] 577474K->398146K(602112K), 0.0027140 secs] [Times: user=0.02 sys=0.00, real=0.00 secs] 
2024-10-04T14:01:46.183+0300: 107.093: Total time for which application threads were stopped: 0.0030930 seconds, Stopping threads took: 0.0002313 seconds
2024-10-04T14:01:46.544+0300: 107.445: Application time: 0.3521058 seconds
2024-10-04T14:01:46.544+0300: 107.446: [GC (Allocation Failure) [PSYoungGen: 190154K->9423K(192512K)] 578133K->398883K(602112K), 0.0025833 secs] [Times: user=0.00 sys=0.00, real=0.00 secs] 
2024-10-04T14:01:46.544+0300: 107.448: Total time for which application threads were stopped: 0.0030442 seconds, Stopping threads took: 0.0002378 seconds
2024-10-04T14:01:46.749+0300: 107.658: Application time: 0.2093277 seconds
2024-10-04T14:01:46.749+0300: 107.658: [GC (Allocation Failure) [PSYoungGen: 189110K->8742K(193024K)] 578570K->398971K(602624K), 0.0021992 secs] [Times: user=0.00 sys=0.00, real=0.00 secs] 
2024-10-04T14:01:46.749+0300: 107.660: Total time for which application threads were stopped: 0.0025232 seconds, Stopping threads took: 0.0001918 seconds
2024-10-04T14:01:47.047+0300: 107.948: Application time: 0.2881059 seconds
2024-10-04T14:01:47.047+0300: 107.949: [GC (Allocation Failure) [PSYoungGen: 189471K->8646K(193024K)] 579700K->400400K(602624K), 0.0023566 secs] [Times: user=0.00 sys=0.00, real=0.00 secs] 
2024-10-04T14:01:47.047+0300: 107.951: Total time for which application threads were stopped: 0.0026823 seconds, Stopping threads took: 0.0001853 seconds
2024-10-04T14:01:47.282+0300: 108.180: Application time: 0.2286372 seconds
2024-10-04T14:01:47.282+0300: 108.180: [GC (Allocation Failure) [PSYoungGen: 189318K->9422K(193024K)] 581072K->401929K(602624K), 0.0024530 secs] [Times: user=0.00 sys=0.00, real=0.00 secs] 
2024-10-04T14:01:47.282+0300: 108.182: Total time for which application threads were stopped: 0.0027962 seconds, Stopping threads took: 0.0001897 seconds
2024-10-04T14:01:47.957+0300: 108.860: Application time: 0.6776534 seconds
2024-10-04T14:01:47.957+0300: 108.860: [GC (Allocation Failure) [PSYoungGen: 190437K->10880K(193024K)] 582944K->404138K(602624K), 0.0025397 secs] [Times: user=0.00 sys=0.00, real=0.00 secs] 
2024-10-04T14:01:47.957+0300: 108.863: Total time for which application threads were stopped: 0.0028340 seconds, Stopping threads took: 0.0001267 seconds
2024-10-04T14:01:48.365+0300: 109.261: Application time: 0.3978904 seconds
2024-10-04T14:01:48.365+0300: 109.261: [GC (Allocation Failure) [PSYoungGen: 191646K->10167K(193024K)] 584904K->405588K(602624K), 0.0025963 secs] [Times: user=0.00 sys=0.00, real=0.00 secs] 
2024-10-04T14:01:48.365+0300: 109.264: Total time for which application threads were stopped: 0.0033887 seconds, Stopping threads took: 0.0006399 seconds
2024-10-04T14:01:48.694+0300: 109.598: Application time: 0.3337853 seconds
2024-10-04T14:01:48.694+0300: 109.598: [GC (Allocation Failure) [PSYoungGen: 190909K->9391K(193024K)] 586329K->406300K(602624K), 0.0026835 secs] [Times: user=0.00 sys=0.00, real=0.00 secs] 
2024-10-04T14:01:48.694+0300: 109.601: Total time for which application threads were stopped: 0.0031235 seconds, Stopping threads took: 0.0002316 seconds
2024-10-04T14:01:48.930+0300: 109.838: Application time: 0.2367625 seconds
2024-10-04T14:01:48.930+0300: 109.838: [GC (Allocation Failure) [PSYoungGen: 190528K->10167K(193024K)] 587437K->407845K(602624K), 0.0024728 secs] [Times: user=0.00 sys=0.00, real=0.00 secs] 
2024-10-04T14:01:48.930+0300: 109.841: Total time for which application threads were stopped: 0.0028735 seconds, Stopping threads took: 0.0002455 seconds
2024-10-04T14:01:49.196+0300: 110.105: Application time: 0.2644508 seconds
2024-10-04T14:01:49.196+0300: 110.105: [GC (Allocation Failure) [PSYoungGen: 190845K->9390K(193024K)] 588523K->408586K(602624K), 0.0026153 secs] [Times: user=0.00 sys=0.00, real=0.02 secs] 
2024-10-04T14:01:49.212+0300: 110.108: Total time for which application threads were stopped: 0.0031019 seconds, Stopping threads took: 0.0002274 seconds
2024-10-04T14:01:49.448+0300: 110.351: Application time: 0.2425864 seconds
2024-10-04T14:01:49.448+0300: 110.351: [GC (Allocation Failure) [PSYoungGen: 190046K->9454K(193536K)] 589241K->409402K(603136K), 0.0023003 secs] [Times: user=0.00 sys=0.00, real=0.00 secs] 
2024-10-04T14:01:49.448+0300: 110.353: Total time for which application threads were stopped: 0.0026134 seconds, Stopping threads took: 0.0001680 seconds
2024-10-04T14:01:50.232+0300: 111.129: Application time: 0.7751655 seconds
2024-10-04T14:01:50.232+0300: 111.129: [GC (Allocation Failure) [PSYoungGen: 191192K->10167K(193024K)] 591140K->412300K(602624K), 0.0025959 secs] [Times: user=0.00 sys=0.00, real=0.00 secs] 
2024-10-04T14:01:50.232+0300: 111.132: Total time for which application threads were stopped: 0.0029334 seconds, Stopping threads took: 0.0002001 seconds
2024-10-04T14:01:50.562+0300: 111.463: Application time: 0.3315078 seconds
2024-10-04T14:01:50.562+0300: 111.463: [GC (Allocation Failure) [PSYoungGen: 191695K->9455K(193536K)] 593828K->413742K(603136K), 0.0025742 secs] [Times: user=0.00 sys=0.00, real=0.00 secs] 
2024-10-04T14:01:50.562+0300: 111.466: Total time for which application threads were stopped: 0.0029470 seconds, Stopping threads took: 0.0002108 seconds
2024-10-04T14:01:50.970+0300: 111.869: Application time: 0.4031262 seconds
2024-10-04T14:01:50.970+0300: 111.869: [GC (Allocation Failure) [PSYoungGen: 190889K->8678K(193024K)] 595176K->415167K(602624K), 0.0051383 secs] [Times: user=0.00 sys=0.00, real=0.00 secs] 
2024-10-04T14:01:50.970+0300: 111.875: Total time for which application threads were stopped: 0.0055070 seconds, Stopping threads took: 0.0002262 seconds
2024-10-04T14:01:51.174+0300: 112.084: Application time: 0.2096820 seconds
2024-10-04T14:01:51.174+0300: 112.085: [GC (Allocation Failure) [PSYoungGen: 189858K->10135K(193536K)] 596346K->416679K(603136K), 0.0024718 secs] [Times: user=0.02 sys=0.00, real=0.02 secs] 
2024-10-04T14:01:51.190+0300: 112.087: [Full GC (Ergonomics) [PSYoungGen: 10135K->0K(193536K)] [ParOldGen: 406544K->16106K(409600K)] 416679K->16106K(603136K), [Metaspace: 8311K->8300K(1056768K)], 0.0345463 secs] [Times: user=0.02 sys=0.00, real=0.03 secs] 
2024-10-04T14:01:51.221+0300: 112.122: Total time for which application threads were stopped: 0.0374834 seconds, Stopping threads took: 0.0001731 seconds
2024-10-04T14:01:51.472+0300: 112.378: Application time: 0.2559244 seconds
2024-10-04T14:01:51.472+0300: 112.378: [GC (Allocation Failure) [PSYoungGen: 182157K->9358K(193536K)] 198263K->25465K(603136K), 0.0020989 secs] [Times: user=0.00 sys=0.00, real=0.00 secs] 
2024-10-04T14:01:51.472+0300: 112.380: Total time for which application threads were stopped: 0.0024868 seconds, Stopping threads took: 0.0002232 seconds
2024-10-04T14:01:51.864+0300: 112.765: Application time: 0.3851350 seconds
2024-10-04T14:01:51.864+0300: 112.766: [GC (Allocation Failure) [PSYoungGen: 191391K->9454K(193536K)] 207497K->26321K(603136K), 0.0018624 secs] [Times: user=0.00 sys=0.00, real=0.00 secs] 
2024-10-04T14:01:51.864+0300: 112.768: Total time for which application threads were stopped: 0.0021792 seconds, Stopping threads took: 0.0001732 seconds
2024-10-04T14:01:52.618+0300: 113.519: Application time: 0.7515756 seconds
2024-10-04T14:01:52.618+0300: 113.519: [GC (Allocation Failure) [PSYoungGen: 191573K->10880K(193536K)] 208440K->29211K(603136K), 0.0023281 secs] [Times: user=0.01 sys=0.00, real=0.00 secs] 
2024-10-04T14:01:52.618+0300: 113.522: Total time for which application threads were stopped: 0.0027467 seconds, Stopping threads took: 0.0002013 seconds
2024-10-04T14:01:52.994+0300: 113.893: Application time: 0.3709848 seconds
2024-10-04T14:01:52.994+0300: 113.893: [GC (Allocation Failure) [PSYoungGen: 192623K->9423K(193536K)] 210954K->29948K(603136K), 0.0020919 secs] [Times: user=0.00 sys=0.00, real=0.00 secs] 
2024-10-04T14:01:52.994+0300: 113.895: Total time for which application threads were stopped: 0.0023806 seconds, Stopping threads took: 0.0001521 seconds
2024-10-04T14:01:53.356+0300: 114.260: Application time: 0.3648932 seconds
2024-10-04T14:01:53.356+0300: 114.260: [GC (Allocation Failure) [PSYoungGen: 191560K->8742K(193536K)] 212086K->30708K(603136K), 0.0020076 secs] [Times: user=0.00 sys=0.00, real=0.00 secs] 
2024-10-04T14:01:53.356+0300: 114.263: Total time for which application threads were stopped: 0.0023852 seconds, Stopping threads took: 0.0002246 seconds
2024-10-04T14:01:53.450+0300: 114.359: Application time: 0.0967558 seconds
2024-10-04T14:01:53.450+0300: 114.360: [GC (Allocation Failure) [PSYoungGen: 190630K->9439K(193536K)] 212597K->31469K(603136K), 0.0020257 secs] [Times: user=0.00 sys=0.00, real=0.01 secs] 
2024-10-04T14:01:53.465+0300: 114.362: Total time for which application threads were stopped: 0.0023952 seconds, Stopping threads took: 0.0002321 seconds
2024-10-04T14:01:53.795+0300: 114.701: Application time: 0.3397661 seconds
2024-10-04T14:01:53.795+0300: 114.702: [GC (Allocation Failure) [PSYoungGen: 191519K->10071K(193536K)] 213549K->33602K(603136K), 0.0021246 secs] [Times: user=0.00 sys=0.00, real=0.00 secs] 
2024-10-04T14:01:53.795+0300: 114.704: Total time for which application threads were stopped: 0.0023970 seconds, Stopping threads took: 0.0001309 seconds
2024-10-04T14:01:54.203+0300: 115.108: Application time: 0.4044524 seconds
2024-10-04T14:01:54.203+0300: 115.109: [GC (Allocation Failure) [PSYoungGen: 192177K->8710K(193536K)] 215708K->34435K(603136K), 0.0019496 secs] [Times: user=0.00 sys=0.00, real=0.00 secs] 
2024-10-04T14:01:54.203+0300: 115.111: Total time for which application threads were stopped: 0.0022733 seconds, Stopping threads took: 0.0001593 seconds
2024-10-04T14:01:54.739+0300: 115.648: Application time: 0.5376523 seconds
2024-10-04T14:01:54.739+0300: 115.649: [GC (Allocation Failure) [PSYoungGen: 190866K->10199K(193536K)] 216591K->36677K(603136K), 0.0020317 secs] [Times: user=0.02 sys=0.00, real=0.01 secs] 
2024-10-04T14:01:54.753+0300: 115.651: Total time for which application threads were stopped: 0.0024853 seconds, Stopping threads took: 0.0002975 seconds
2024-10-04T14:01:55.271+0300: 116.177: Application time: 0.5258190 seconds
2024-10-04T14:01:55.271+0300: 116.177: [GC (Allocation Failure) [PSYoungGen: 191968K->9423K(193536K)] 218446K->38798K(603136K), 0.0023155 secs] [Times: user=0.00 sys=0.00, real=0.00 secs] 
2024-10-04T14:01:55.271+0300: 116.179: Total time for which application threads were stopped: 0.0026249 seconds, Stopping threads took: 0.0001608 seconds
2024-10-04T14:01:55.569+0300: 116.468: Application time: 0.2883619 seconds
2024-10-04T14:01:55.569+0300: 116.468: [GC (Allocation Failure) [PSYoungGen: 191469K->9422K(193536K)] 220845K->40247K(603136K), 0.0020643 secs] [Times: user=0.00 sys=0.00, real=0.00 secs] 
2024-10-04T14:01:55.569+0300: 116.470: Total time for which application threads were stopped: 0.0024573 seconds, Stopping threads took: 0.0001926 seconds
2024-10-04T14:01:55.694+0300: 116.606: Application time: 0.1354996 seconds
2024-10-04T14:01:55.710+0300: 116.606: [GC (Allocation Failure) [PSYoungGen: 191553K->8710K(193536K)] 222378K->40331K(603136K), 0.0016371 secs] [Times: user=0.00 sys=0.00, real=0.00 secs] 
2024-10-04T14:01:55.710+0300: 116.608: Total time for which application threads were stopped: 0.0024489 seconds, Stopping threads took: 0.0006811 seconds
2024-10-04T14:01:56.141+0300: 117.045: Application time: 0.4370073 seconds
2024-10-04T14:01:56.149+0300: 117.045: [GC (Allocation Failure) [PSYoungGen: 190780K->9390K(193536K)] 222402K->42493K(603136K), 0.0019402 secs] [Times: user=0.00 sys=0.00, real=0.00 secs] 
2024-10-04T14:01:56.149+0300: 117.047: Total time for which application threads were stopped: 0.0022719 seconds, Stopping threads took: 0.0001695 seconds
2024-10-04T14:01:56.620+0300: 117.518: Application time: 0.4704458 seconds
2024-10-04T14:01:56.620+0300: 117.518: [GC (Allocation Failure) [PSYoungGen: 191481K->8742K(193536K)] 224584K->43317K(603136K), 0.0020036 secs] [Times: user=0.00 sys=0.00, real=0.00 secs] 
2024-10-04T14:01:56.620+0300: 117.520: Total time for which application threads were stopped: 0.0022931 seconds, Stopping threads took: 0.0000960 seconds
2024-10-04T14:01:56.981+0300: 117.879: Application time: 0.3592903 seconds
2024-10-04T14:01:56.981+0300: 117.880: [GC (Allocation Failure) [PSYoungGen: 190919K->10167K(193536K)] 225495K->45503K(603136K), 0.0019914 secs] [Times: user=0.00 sys=0.00, real=0.00 secs] 
2024-10-04T14:01:56.981+0300: 117.882: Total time for which application threads were stopped: 0.0023450 seconds, Stopping threads took: 0.0001938 seconds
2024-10-04T14:01:57.671+0300: 118.568: Application time: 0.6861958 seconds
2024-10-04T14:01:57.671+0300: 118.568: [GC (Allocation Failure) [PSYoungGen: 191908K->9455K(193536K)] 227244K->47681K(603136K), 0.0022448 secs] [Times: user=0.00 sys=0.00, real=0.00 secs] 
2024-10-04T14:01:57.671+0300: 118.570: Total time for which application threads were stopped: 0.0025881 seconds, Stopping threads took: 0.0001569 seconds
2024-10-04T14:01:57.766+0300: 118.672: Application time: 0.1013712 seconds
2024-10-04T14:01:57.766+0300: 118.672: [GC (Allocation Failure) [PSYoungGen: 191527K->9391K(193536K)] 229753K->49074K(603136K), 0.0021389 secs] [Times: user=0.00 sys=0.00, real=0.00 secs] 
2024-10-04T14:01:57.766+0300: 118.674: Total time for which application threads were stopped: 0.0024837 seconds, Stopping threads took: 0.0002136 seconds
2024-10-04T14:01:58.048+0300: 118.948: Application time: 0.2734996 seconds
2024-10-04T14:01:58.048+0300: 118.948: [GC (Allocation Failure) [PSYoungGen: 191210K->10167K(193024K)] 230893K->50647K(602624K), 0.0020789 secs] [Times: user=0.00 sys=0.00, real=0.00 secs] 
2024-10-04T14:01:58.048+0300: 118.950: Total time for which application threads were stopped: 0.0024679 seconds, Stopping threads took: 0.0001211 seconds
2024-10-04T14:01:58.502+0300: 119.402: Application time: 0.4522077 seconds
2024-10-04T14:01:58.502+0300: 119.403: [GC (Allocation Failure) [PSYoungGen: 191898K->9390K(193536K)] 232378K->51371K(603136K), 0.0023588 secs] [Times: user=0.00 sys=0.00, real=0.00 secs] 
2024-10-04T14:01:58.502+0300: 119.405: Total time for which application threads were stopped: 0.0027012 seconds, Stopping threads took: 0.0001583 seconds
2024-10-04T14:01:58.942+0300: 119.840: Application time: 0.4346593 seconds
2024-10-04T14:01:58.942+0300: 119.840: [GC (Allocation Failure) [PSYoungGen: 191508K->9454K(194048K)] 233489K->52876K(603648K), 0.0019009 secs] [Times: user=0.00 sys=0.00, real=0.00 secs] 
2024-10-04T14:01:58.942+0300: 119.842: Total time for which application threads were stopped: 0.0022063 seconds, Stopping threads took: 0.0001740 seconds
2024-10-04T14:01:59.303+0300: 120.203: Application time: 0.3608959 seconds
2024-10-04T14:01:59.303+0300: 120.203: [GC (Allocation Failure) [PSYoungGen: 192369K->10167K(194048K)] 235791K->55783K(603648K), 0.0022295 secs] [Times: user=0.00 sys=0.00, real=0.00 secs] 
2024-10-04T14:01:59.303+0300: 120.205: Total time for which application threads were stopped: 0.0024852 seconds, Stopping threads took: 0.0001169 seconds
2024-10-04T14:01:59.758+0300: 120.655: Application time: 0.4500412 seconds
2024-10-04T14:01:59.758+0300: 120.656: [GC (Allocation Failure) [PSYoungGen: 193080K->8710K(193024K)] 238695K->56511K(602624K), 0.0021981 secs] [Times: user=0.00 sys=0.00, real=0.00 secs] 
2024-10-04T14:01:59.758+0300: 120.658: Total time for which application threads were stopped: 0.0026148 seconds, Stopping threads took: 0.0002161 seconds
2024-10-04T14:02:00.072+0300: 120.976: Application time: 0.3178399 seconds
2024-10-04T14:02:00.072+0300: 120.976: [GC (Allocation Failure) [PSYoungGen: 190949K->9390K(193536K)] 238750K->57968K(603136K), 0.0020963 secs] [Times: user=0.00 sys=0.00, real=0.00 secs] 
2024-10-04T14:02:00.072+0300: 120.978: Total time for which application threads were stopped: 0.0024340 seconds, Stopping threads took: 0.0001578 seconds
2024-10-04T14:02:00.292+0300: 121.198: Application time: 0.2199949 seconds
2024-10-04T14:02:00.292+0300: 121.199: [GC (Allocation Failure) [PSYoungGen: 191190K->8678K(194048K)] 239768K->58729K(603648K), 0.0019524 secs] [Times: user=0.00 sys=0.00, real=0.00 secs] 
2024-10-04T14:02:00.292+0300: 121.201: Total time for which application threads were stopped: 0.0022675 seconds, Stopping threads took: 0.0001821 seconds
2024-10-04T14:02:00.849+0300: 121.750: Application time: 0.5490344 seconds
2024-10-04T14:02:00.849+0300: 121.750: [GC (Allocation Failure) [PSYoungGen: 191518K->10199K(193536K)] 241569K->61751K(603136K), 0.0022050 secs] [Times: user=0.02 sys=0.00, real=0.00 secs] 
2024-10-04T14:02:00.849+0300: 121.752: Total time for which application threads were stopped: 0.0025761 seconds, Stopping threads took: 0.0001962 seconds
2024-10-04T14:02:01.296+0300: 122.204: Application time: 0.4517853 seconds
2024-10-04T14:02:01.296+0300: 122.204: [GC (Allocation Failure) [PSYoungGen: 193392K->9390K(194048K)] 244944K->62423K(603648K), 0.0020355 secs] [Times: user=0.00 sys=0.00, real=0.00 secs] 
2024-10-04T14:02:01.296+0300: 122.206: Total time for which application threads were stopped: 0.0023441 seconds, Stopping threads took: 0.0001127 seconds
2024-10-04T14:02:01.651+0300: 122.548: Application time: 0.3418207 seconds
2024-10-04T14:02:01.651+0300: 122.548: [GC (Allocation Failure) [PSYoungGen: 191579K->10199K(193536K)] 244611K->64665K(603136K), 0.0022467 secs] [Times: user=0.00 sys=0.00, real=0.00 secs] 
2024-10-04T14:02:01.651+0300: 122.551: Total time for which application threads were stopped: 0.0026053 seconds, Stopping threads took: 0.0001490 seconds
2024-10-04T14:02:02.051+0300: 122.948: Application time: 0.3967689 seconds
2024-10-04T14:02:02.051+0300: 122.948: [GC (Allocation Failure) [PSYoungGen: 192385K->9455K(194048K)] 246850K->66106K(603648K), 0.0021252 secs] [Times: user=0.02 sys=0.00, real=0.00 secs] 
2024-10-04T14:02:02.051+0300: 122.950: Total time for which application threads were stopped: 0.0023950 seconds, Stopping threads took: 0.0001226 seconds
2024-10-04T14:02:02.457+0300: 123.356: Application time: 0.4060920 seconds
2024-10-04T14:02:02.457+0300: 123.356: [GC (Allocation Failure) [PSYoungGen: 191598K->8710K(193536K)] 248249K->66850K(603136K), 0.0019517 secs] [Times: user=0.00 sys=0.00, real=0.00 secs] 
2024-10-04T14:02:02.457+0300: 123.358: Total time for which application threads were stopped: 0.0022486 seconds, Stopping threads took: 0.0001404 seconds
2024-10-04T14:02:02.613+0300: 123.521: Application time: 0.1623425 seconds
2024-10-04T14:02:02.613+0300: 123.521: [GC (Allocation Failure) [PSYoungGen: 191294K->9423K(194048K)] 249434K->68332K(603648K), 0.0020759 secs] [Times: user=0.00 sys=0.00, real=0.00 secs] 
2024-10-04T14:02:02.613+0300: 123.523: Total time for which application threads were stopped: 0.0025130 seconds, Stopping threads took: 0.0002154 seconds
2024-10-04T14:02:03.131+0300: 124.032: Application time: 0.5084936 seconds
2024-10-04T14:02:03.131+0300: 124.032: [GC (Allocation Failure) [PSYoungGen: 191602K->10199K(193536K)] 250511K->70609K(603136K), 0.0021881 secs] [Times: user=0.00 sys=0.00, real=0.00 secs] 
2024-10-04T14:02:03.131+0300: 124.034: Total time for which application threads were stopped: 0.0025662 seconds, Stopping threads took: 0.0002225 seconds
2024-10-04T14:02:03.649+0300: 124.545: Application time: 0.5111289 seconds
2024-10-04T14:02:03.649+0300: 124.546: [GC (Allocation Failure) [PSYoungGen: 192667K->10167K(193536K)] 253077K->72050K(603136K), 0.0022753 secs] [Times: user=0.00 sys=0.00, real=0.00 secs] 
2024-10-04T14:02:03.649+0300: 124.548: Total time for which application threads were stopped: 0.0026212 seconds, Stopping threads took: 0.0002054 seconds
2024-10-04T14:02:04.026+0300: 124.924: Application time: 0.3764106 seconds
2024-10-04T14:02:04.026+0300: 124.925: [GC (Allocation Failure) [PSYoungGen: 192320K->9391K(193536K)] 254203K->73435K(603136K), 0.0022143 secs] [Times: user=0.00 sys=0.00, real=0.00 secs] 
2024-10-04T14:02:04.026+0300: 124.927: Total time for which application threads were stopped: 0.0025258 seconds, Stopping threads took: 0.0001626 seconds
2024-10-04T14:02:04.324+0300: 125.225: Application time: 0.2978001 seconds
2024-10-04T14:02:04.324+0300: 125.225: [GC (Allocation Failure) [PSYoungGen: 191317K->10199K(193536K)] 255362K->75709K(603136K), 0.0024123 secs] [Times: user=0.00 sys=0.00, real=0.00 secs] 
2024-10-04T14:02:04.324+0300: 125.228: Total time for which application threads were stopped: 0.0027730 seconds, Stopping threads took: 0.0001773 seconds
2024-10-04T14:02:04.638+0300: 125.548: Application time: 0.3201633 seconds
2024-10-04T14:02:04.638+0300: 125.548: [GC (Allocation Failure) [PSYoungGen: 192380K->9390K(193536K)] 257890K->76425K(603136K), 0.0024147 secs] [Times: user=0.02 sys=0.00, real=0.02 secs] 
2024-10-04T14:02:04.653+0300: 125.551: Total time for which application threads were stopped: 0.0028603 seconds, Stopping threads took: 0.0002155 seconds
2024-10-04T14:02:04.826+0300: 125.729: Application time: 0.1779668 seconds
2024-10-04T14:02:04.826+0300: 125.729: [GC (Allocation Failure) [PSYoungGen: 191527K->8710K(193536K)] 258562K->76521K(603136K), 0.0018947 secs] [Times: user=0.00 sys=0.00, real=0.00 secs] 
2024-10-04T14:02:04.826+0300: 125.731: Total time for which application threads were stopped: 0.0022071 seconds, Stopping threads took: 0.0001691 seconds
2024-10-04T14:02:05.376+0300: 126.275: Application time: 0.5438363 seconds
2024-10-04T14:02:05.376+0300: 126.275: [GC (Allocation Failure) [PSYoungGen: 190767K->8742K(193536K)] 258579K->78747K(603136K), 0.0019842 secs] [Times: user=0.00 sys=0.00, real=0.00 secs] 
2024-10-04T14:02:05.376+0300: 126.277: Total time for which application threads were stopped: 0.0023037 seconds, Stopping threads took: 0.0001929 seconds
2024-10-04T14:02:05.941+0300: 126.842: Application time: 0.5655474 seconds
2024-10-04T14:02:05.941+0300: 126.843: [GC (Allocation Failure) [PSYoungGen: 190885K->10880K(193536K)] 260890K->82358K(603136K), 0.0022740 secs] [Times: user=0.00 sys=0.00, real=0.00 secs] 
2024-10-04T14:02:05.941+0300: 126.845: Total time for which application threads were stopped: 0.0025909 seconds, Stopping threads took: 0.0001803 seconds
2024-10-04T14:02:06.317+0300: 127.218: Application time: 0.3732457 seconds
2024-10-04T14:02:06.317+0300: 127.219: [GC (Allocation Failure) [PSYoungGen: 193121K->9359K(193536K)] 264599K->83038K(603136K), 0.0021437 secs] [Times: user=0.00 sys=0.00, real=0.00 secs] 
2024-10-04T14:02:06.317+0300: 127.221: Total time for which application threads were stopped: 0.0024743 seconds, Stopping threads took: 0.0001892 seconds
2024-10-04T14:02:06.615+0300: 127.525: Application time: 0.3047335 seconds
2024-10-04T14:02:06.615+0300: 127.526: [GC (Allocation Failure) [PSYoungGen: 191530K->9454K(193536K)] 265210K->83887K(603136K), 0.0020118 secs] [Times: user=0.02 sys=0.00, real=0.02 secs] 
2024-10-04T14:02:06.630+0300: 127.528: Total time for which application threads were stopped: 0.0023554 seconds, Stopping threads took: 0.0001885 seconds
2024-10-04T14:02:07.060+0300: 127.965: Application time: 0.4368386 seconds
2024-10-04T14:02:07.060+0300: 127.965: [GC (Allocation Failure) [PSYoungGen: 191653K->9390K(193536K)] 266085K->85312K(603136K), 0.0022866 secs] [Times: user=0.01 sys=0.00, real=0.01 secs] 
2024-10-04T14:02:07.069+0300: 127.967: Total time for which application threads were stopped: 0.0026591 seconds, Stopping threads took: 0.0002182 seconds
2024-10-04T14:02:07.242+0300: 128.146: Application time: 0.1784386 seconds
2024-10-04T14:02:07.242+0300: 128.146: [GC (Allocation Failure) [PSYoungGen: 191501K->9390K(193536K)] 267422K->86793K(603136K), 0.0021927 secs] [Times: user=0.00 sys=0.00, real=0.00 secs] 
2024-10-04T14:02:07.242+0300: 128.148: Total time for which application threads were stopped: 0.0024998 seconds, Stopping threads took: 0.0001687 seconds
2024-10-04T14:02:07.603+0300: 128.508: Application time: 0.3595366 seconds
2024-10-04T14:02:07.603+0300: 128.508: [GC (Allocation Failure) [PSYoungGen: 191498K->8678K(193536K)] 268900K->87569K(603136K), 0.0022530 secs] [Times: user=0.00 sys=0.00, real=0.00 secs] 
2024-10-04T14:02:07.603+0300: 128.510: Total time for which application threads were stopped: 0.0025699 seconds, Stopping threads took: 0.0001593 seconds
2024-10-04T14:02:08.152+0300: 129.049: Application time: 0.5388214 seconds
2024-10-04T14:02:08.152+0300: 129.049: [GC (Allocation Failure) [PSYoungGen: 190802K->9455K(194048K)] 269693K->89819K(603648K), 0.0021177 secs] [Times: user=0.00 sys=0.00, real=0.00 secs] 
2024-10-04T14:02:08.152+0300: 129.052: Total time for which application threads were stopped: 0.0024254 seconds, Stopping threads took: 0.0001653 seconds
2024-10-04T14:02:08.450+0300: 129.357: Application time: 0.3052934 seconds
2024-10-04T14:02:08.450+0300: 129.357: [GC (Allocation Failure) [PSYoungGen: 191664K->10071K(193536K)] 272028K->91925K(603136K), 0.0022171 secs] [Times: user=0.02 sys=0.00, real=0.01 secs] 
2024-10-04T14:02:08.463+0300: 129.360: Total time for which application threads were stopped: 0.0026039 seconds, Stopping threads took: 0.0002262 seconds
2024-10-04T14:02:08.812+0300: 129.709: Application time: 0.3496705 seconds
2024-10-04T14:02:08.812+0300: 129.709: [GC (Allocation Failure) [PSYoungGen: 192235K->10199K(193536K)] 274089K->93518K(603136K), 0.0022904 secs] [Times: user=0.00 sys=0.00, real=0.00 secs] 
2024-10-04T14:02:08.812+0300: 129.712: Total time for which application threads were stopped: 0.0026128 seconds, Stopping threads took: 0.0001726 seconds
2024-10-04T14:02:09.299+0300: 130.195: Application time: 0.4835735 seconds
2024-10-04T14:02:09.299+0300: 130.196: [GC (Allocation Failure) [PSYoungGen: 192354K->8710K(193536K)] 275673K->93510K(603136K), 0.0018974 secs] [Times: user=0.00 sys=0.00, real=0.00 secs] 
2024-10-04T14:02:09.299+0300: 130.198: Total time for which application threads were stopped: 0.0023592 seconds, Stopping threads took: 0.0003112 seconds
2024-10-04T14:02:09.566+0300: 130.476: Application time: 0.2783033 seconds
2024-10-04T14:02:09.566+0300: 130.476: [GC (Allocation Failure) [PSYoungGen: 190861K->9390K(193536K)] 275660K->95679K(603136K), 0.0019726 secs] [Times: user=0.01 sys=0.00, real=0.02 secs] 
2024-10-04T14:02:09.582+0300: 130.478: Total time for which application threads were stopped: 0.0023258 seconds, Stopping threads took: 0.0001860 seconds
2024-10-04T14:02:09.965+0300: 130.866: Application time: 0.3873690 seconds
2024-10-04T14:02:09.965+0300: 130.866: [GC (Allocation Failure) [PSYoungGen: 191526K->9455K(193536K)] 277815K->97216K(603136K), 0.0020397 secs] [Times: user=0.00 sys=0.00, real=0.00 secs] 
2024-10-04T14:02:09.965+0300: 130.868: Total time for which application threads were stopped: 0.0023381 seconds, Stopping threads took: 0.0001674 seconds
2024-10-04T14:02:10.382+0300: 131.291: Application time: 0.4224451 seconds
2024-10-04T14:02:10.382+0300: 131.291: [GC (Allocation Failure) [PSYoungGen: 191605K->7997K(193024K)] 279366K->97953K(602624K), 0.0019787 secs] [Times: user=0.00 sys=0.00, real=0.00 secs] 
2024-10-04T14:02:10.382+0300: 131.293: Total time for which application threads were stopped: 0.0023297 seconds, Stopping threads took: 0.0002208 seconds
2024-10-04T14:02:10.774+0300: 131.679: Application time: 0.3863520 seconds
2024-10-04T14:02:10.774+0300: 131.680: [GC (Allocation Failure) [PSYoungGen: 190165K->9359K(193536K)] 280121K->100795K(603136K), 0.0020918 secs] [Times: user=0.00 sys=0.00, real=0.00 secs] 
2024-10-04T14:02:10.774+0300: 131.682: Total time for which application threads were stopped: 0.0024328 seconds, Stopping threads took: 0.0001891 seconds
2024-10-04T14:02:11.151+0300: 132.048: Application time: 0.3659051 seconds
2024-10-04T14:02:11.151+0300: 132.048: [GC (Allocation Failure) [PSYoungGen: 191500K->8710K(194048K)] 282937K->101611K(603648K), 0.0020114 secs] [Times: user=0.00 sys=0.00, real=0.00 secs] 
2024-10-04T14:02:11.151+0300: 132.050: Total time for which application threads were stopped: 0.0023472 seconds, Stopping threads took: 0.0001792 seconds
2024-10-04T14:02:11.590+0300: 132.493: Application time: 0.4428115 seconds
2024-10-04T14:02:11.590+0300: 132.493: [GC (Allocation Failure) [PSYoungGen: 192006K->8029K(194048K)] 284907K->102412K(603648K), 0.0018792 secs] [Times: user=0.00 sys=0.00, real=0.00 secs] 
2024-10-04T14:02:11.590+0300: 132.495: Total time for which application threads were stopped: 0.0022242 seconds, Stopping threads took: 0.0001736 seconds
2024-10-04T14:02:11.969+0300: 132.867: Application time: 0.3723193 seconds
2024-10-04T14:02:11.969+0300: 132.868: [GC (Allocation Failure) [PSYoungGen: 191217K->9423K(194048K)] 285599K->105306K(603648K), 0.0020513 secs] [Times: user=0.00 sys=0.00, real=0.00 secs] 
2024-10-04T14:02:11.969+0300: 132.870: Total time for which application threads were stopped: 0.0023964 seconds, Stopping threads took: 0.0001845 seconds
2024-10-04T14:02:12.375+0300: 133.278: Application time: 0.4083107 seconds
2024-10-04T14:02:12.375+0300: 133.278: [GC (Allocation Failure) [PSYoungGen: 192289K->9422K(194048K)] 288173K->106747K(603648K), 0.0021360 secs] [Times: user=0.00 sys=0.00, real=0.00 secs] 
2024-10-04T14:02:12.375+0300: 133.281: Total time for which application threads were stopped: 0.0024756 seconds, Stopping threads took: 0.0001917 seconds
2024-10-04T14:02:12.830+0300: 133.727: Application time: 0.4469388 seconds
2024-10-04T14:02:12.830+0300: 133.728: [GC (Allocation Failure) [PSYoungGen: 192326K->9422K(194048K)] 289651K->108244K(603648K), 0.0021279 secs] [Times: user=0.00 sys=0.00, real=0.00 secs] 
2024-10-04T14:02:12.830+0300: 133.730: Total time for which application threads were stopped: 0.0024213 seconds, Stopping threads took: 0.0001464 seconds
2024-10-04T14:02:13.222+0300: 134.120: Application time: 0.3901154 seconds
2024-10-04T14:02:13.222+0300: 134.120: [GC (Allocation Failure) [PSYoungGen: 192292K->8710K(194048K)] 291114K->109725K(603648K), 0.0022404 secs] [Times: user=0.00 sys=0.00, real=0.00 secs] 
2024-10-04T14:02:13.222+0300: 134.123: Total time for which application threads were stopped: 0.0025695 seconds, Stopping threads took: 0.0001222 seconds
2024-10-04T14:02:13.583+0300: 134.495: Application time: 0.3719914 seconds
2024-10-04T14:02:13.599+0300: 134.495: [GC (Allocation Failure) [PSYoungGen: 191579K->10167K(194048K)] 292595K->111935K(603648K), 0.0021486 secs] [Times: user=0.01 sys=0.00, real=0.00 secs] 
2024-10-04T14:02:13.599+0300: 134.497: Total time for which application threads were stopped: 0.0026088 seconds, Stopping threads took: 0.0002894 seconds
2024-10-04T14:02:13.873+0300: 134.772: Application time: 0.2750199 seconds
2024-10-04T14:02:13.873+0300: 134.772: [GC (Allocation Failure) [PSYoungGen: 192816K->9359K(194048K)] 294584K->113328K(603648K), 0.0022883 secs] [Times: user=0.00 sys=0.00, real=0.00 secs] 
2024-10-04T14:02:13.873+0300: 134.775: Total time for which application threads were stopped: 0.0026481 seconds, Stopping threads took: 0.0002025 seconds
2024-10-04T14:02:14.414+0300: 135.311: Application time: 0.5362943 seconds
2024-10-04T14:02:14.414+0300: 135.311: [GC (Allocation Failure) [PSYoungGen: 192540K->9454K(194048K)] 296510K->114216K(603648K), 0.0020856 secs] [Times: user=0.00 sys=0.00, real=0.00 secs] 
2024-10-04T14:02:14.414+0300: 135.314: Total time for which application threads were stopped: 0.0024070 seconds, Stopping threads took: 0.0001283 seconds
2024-10-04T14:02:14.713+0300: 135.618: Application time: 0.3048287 seconds
2024-10-04T14:02:14.713+0300: 135.619: [GC (Allocation Failure) [PSYoungGen: 192099K->8678K(194048K)] 296861K->114897K(603648K), 0.0018504 secs] [Times: user=0.00 sys=0.00, real=0.00 secs] 
2024-10-04T14:02:14.713+0300: 135.621: Total time for which application threads were stopped: 0.0021457 seconds, Stopping threads took: 0.0001642 seconds
2024-10-04T14:02:15.199+0300: 136.100: Application time: 0.4798409 seconds
2024-10-04T14:02:15.199+0300: 136.101: [GC (Allocation Failure) [PSYoungGen: 191866K->10167K(194048K)] 298085K->117887K(603648K), 0.0022052 secs] [Times: user=0.00 sys=0.00, real=0.00 secs] 
2024-10-04T14:02:15.199+0300: 136.103: Total time for which application threads were stopped: 0.0024908 seconds, Stopping threads took: 0.0001319 seconds
2024-10-04T14:02:15.592+0300: 136.493: Application time: 0.3896618 seconds
2024-10-04T14:02:15.592+0300: 136.493: [GC (Allocation Failure) [PSYoungGen: 193049K->8678K(194048K)] 300769K->118560K(603648K), 0.0040900 secs] [Times: user=0.00 sys=0.00, real=0.00 secs] 
2024-10-04T14:02:15.592+0300: 136.497: Total time for which application threads were stopped: 0.0044889 seconds, Stopping threads took: 0.0002104 seconds
2024-10-04T14:02:15.812+0300: 136.712: Application time: 0.2147055 seconds
2024-10-04T14:02:15.812+0300: 136.712: [GC (Allocation Failure) [PSYoungGen: 191340K->10135K(193024K)] 301221K->121490K(602624K), 0.0022414 secs] [Times: user=0.00 sys=0.00, real=0.00 secs] 
2024-10-04T14:02:15.812+0300: 136.714: Total time for which application threads were stopped: 0.0025914 seconds, Stopping threads took: 0.0002138 seconds
2024-10-04T14:02:16.094+0300: 136.991: Application time: 0.2768568 seconds
2024-10-04T14:02:16.094+0300: 136.991: [GC (Allocation Failure) [PSYoungGen: 192273K->9391K(193536K)] 303628K->122259K(603136K), 0.0020606 secs] [Times: user=0.00 sys=0.00, real=0.00 secs] 
2024-10-04T14:02:16.094+0300: 136.994: Total time for which application threads were stopped: 0.0023320 seconds, Stopping threads took: 0.0001406 seconds
2024-10-04T14:02:16.769+0300: 137.670: Application time: 0.6768456 seconds
2024-10-04T14:02:16.769+0300: 137.671: [GC (Allocation Failure) [PSYoungGen: 191120K->9454K(194048K)] 303987K->123091K(603648K), 0.0019716 secs] [Times: user=0.00 sys=0.00, real=0.00 secs] 
2024-10-04T14:02:16.769+0300: 137.673: Total time for which application threads were stopped: 0.0022887 seconds, Stopping threads took: 0.0001805 seconds
2024-10-04T14:02:16.816+0300: 137.727: Application time: 0.0543957 seconds
2024-10-04T14:02:16.816+0300: 137.727: [GC (Allocation Failure) [PSYoungGen: 192177K->8646K(193536K)] 305814K->123747K(603136K), 0.0020718 secs] [Times: user=0.02 sys=0.00, real=0.02 secs] 
2024-10-04T14:02:16.832+0300: 137.729: Total time for which application threads were stopped: 0.0024015 seconds, Stopping threads took: 0.0001828 seconds
2024-10-04T14:02:17.460+0300: 138.362: Application time: 0.6326002 seconds
2024-10-04T14:02:17.460+0300: 138.362: [GC (Allocation Failure) [PSYoungGen: 190751K->10199K(193024K)] 305853K->126802K(602624K), 0.0022522 secs] [Times: user=0.00 sys=0.00, real=0.00 secs] 
2024-10-04T14:02:17.460+0300: 138.365: Total time for which application threads were stopped: 0.0026133 seconds, Stopping threads took: 0.0002260 seconds
2024-10-04T14:02:17.868+0300: 138.771: Application time: 0.4067525 seconds
2024-10-04T14:02:17.868+0300: 138.772: [GC (Allocation Failure) [PSYoungGen: 191939K->9390K(193536K)] 308542K->128187K(603136K), 0.0021475 secs] [Times: user=0.00 sys=0.00, real=0.00 secs] 
2024-10-04T14:02:17.868+0300: 138.774: Total time for which application threads were stopped: 0.0024323 seconds, Stopping threads took: 0.0001577 seconds
2024-10-04T14:02:17.946+0300: 138.845: Application time: 0.0707575 seconds
2024-10-04T14:02:17.946+0300: 138.845: [GC (Allocation Failure) [PSYoungGen: 191332K->9422K(194048K)] 310128K->129676K(603648K), 0.0020836 secs] [Times: user=0.00 sys=0.00, real=0.00 secs] 
2024-10-04T14:02:17.946+0300: 138.847: Total time for which application threads were stopped: 0.0024499 seconds, Stopping threads took: 0.0002331 seconds
2024-10-04T14:02:18.338+0300: 139.235: Application time: 0.3881631 seconds
2024-10-04T14:02:18.338+0300: 139.235: [GC (Allocation Failure) [PSYoungGen: 192244K->9358K(194048K)] 312497K->131121K(603648K), 0.0019686 secs] [Times: user=0.00 sys=0.00, real=0.00 secs] 
2024-10-04T14:02:18.338+0300: 139.237: Total time for which application threads were stopped: 0.0022344 seconds, Stopping threads took: 0.0001327 seconds
2024-10-04T14:02:18.888+0300: 139.791: Application time: 0.5540285 seconds
2024-10-04T14:02:18.888+0300: 139.792: [GC (Allocation Failure) [PSYoungGen: 192209K->9486K(194048K)] 313971K->132714K(603648K), 0.0021858 secs] [Times: user=0.02 sys=0.00, real=0.00 secs] 
2024-10-04T14:02:18.888+0300: 139.794: Total time for which application threads were stopped: 0.0025645 seconds, Stopping threads took: 0.0002087 seconds
2024-10-04T14:02:19.123+0300: 140.023: Application time: 0.2285185 seconds
2024-10-04T14:02:19.123+0300: 140.023: [GC (Allocation Failure) [PSYoungGen: 192386K->9422K(194048K)] 315613K->133426K(603648K), 0.0021259 secs] [Times: user=0.00 sys=0.00, real=0.00 secs] 
2024-10-04T14:02:19.123+0300: 140.025: Total time for which application threads were stopped: 0.0024942 seconds, Stopping threads took: 0.0002083 seconds
2024-10-04T14:02:19.553+0300: 140.456: Application time: 0.4313602 seconds
2024-10-04T14:02:19.553+0300: 140.457: [GC (Allocation Failure) [PSYoungGen: 192310K->10199K(194048K)] 316314K->136381K(603648K), 0.0024432 secs] [Times: user=0.01 sys=0.00, real=0.01 secs] 
2024-10-04T14:02:19.563+0300: 140.459: Total time for which application threads were stopped: 0.0028820 seconds, Stopping threads took: 0.0002516 seconds
2024-10-04T14:02:20.003+0300: 140.906: Application time: 0.4465188 seconds
2024-10-04T14:02:20.003+0300: 140.906: [GC (Allocation Failure) [PSYoungGen: 193154K->9423K(194048K)] 319335K->137077K(603648K), 0.0022046 secs] [Times: user=0.00 sys=0.00, real=0.00 secs] 
2024-10-04T14:02:20.003+0300: 140.908: Total time for which application threads were stopped: 0.0026362 seconds, Stopping threads took: 0.0002787 seconds
2024-10-04T14:02:20.253+0300: 141.156: Application time: 0.2477008 seconds
2024-10-04T14:02:20.253+0300: 141.156: [GC (Allocation Failure) [PSYoungGen: 192325K->9454K(194048K)] 319980K->137877K(603648K), 0.0019929 secs] [Times: user=0.00 sys=0.00, real=0.00 secs] 
2024-10-04T14:02:20.253+0300: 141.158: Total time for which application threads were stopped: 0.0022834 seconds, Stopping threads took: 0.0001629 seconds
2024-10-04T14:02:20.692+0300: 141.599: Application time: 0.4409811 seconds
2024-10-04T14:02:20.692+0300: 141.600: [GC (Allocation Failure) [PSYoungGen: 192296K->9391K(194048K)] 320719K->140712K(603648K), 0.0023391 secs] [Times: user=0.00 sys=0.00, real=0.00 secs] 
2024-10-04T14:02:20.692+0300: 141.602: Total time for which application threads were stopped: 0.0026639 seconds, Stopping threads took: 0.0001758 seconds
2024-10-04T14:02:21.242+0300: 142.143: Application time: 0.5406449 seconds
2024-10-04T14:02:21.242+0300: 142.143: [GC (Allocation Failure) [PSYoungGen: 192646K->8774K(194048K)] 323967K->141568K(603648K), 0.0021286 secs] [Times: user=0.00 sys=0.00, real=0.00 secs] 
2024-10-04T14:02:21.242+0300: 142.145: Total time for which application threads were stopped: 0.0025045 seconds, Stopping threads took: 0.0002439 seconds
2024-10-04T14:02:21.509+0300: 142.409: Application time: 0.2637553 seconds
2024-10-04T14:02:21.509+0300: 142.409: [GC (Allocation Failure) [PSYoungGen: 191598K->10135K(194048K)] 324392K->143726K(603648K), 0.0024447 secs] [Times: user=0.00 sys=0.00, real=0.00 secs] 
2024-10-04T14:02:21.509+0300: 142.412: Total time for which application threads were stopped: 0.0027666 seconds, Stopping threads took: 0.0001400 seconds
2024-10-04T14:02:21.901+0300: 142.811: Application time: 0.3994207 seconds
2024-10-04T14:02:21.901+0300: 142.811: [GC (Allocation Failure) [PSYoungGen: 192990K->9455K(194048K)] 326581K->145199K(603648K), 0.0023273 secs] [Times: user=0.02 sys=0.00, real=0.02 secs] 
2024-10-04T14:02:21.917+0300: 142.814: Total time for which application threads were stopped: 0.0026230 seconds, Stopping threads took: 0.0001564 seconds
2024-10-04T14:02:22.419+0300: 143.322: Application time: 0.5085884 seconds
2024-10-04T14:02:22.419+0300: 143.323: [GC (Allocation Failure) [PSYoungGen: 192318K->9391K(194048K)] 328063K->146608K(603648K), 0.0022007 secs] [Times: user=0.00 sys=0.00, real=0.00 secs] 
2024-10-04T14:02:22.419+0300: 143.325: Total time for which application threads were stopped: 0.0025617 seconds, Stopping threads took: 0.0002157 seconds
2024-10-04T14:02:22.717+0300: 143.614: Application time: 0.2893406 seconds
2024-10-04T14:02:22.717+0300: 143.615: [GC (Allocation Failure) [PSYoungGen: 192345K->9422K(194560K)] 329562K->147409K(604160K), 0.0021190 secs] [Times: user=0.00 sys=0.00, real=0.00 secs] 
2024-10-04T14:02:22.717+0300: 143.617: Total time for which application threads were stopped: 0.0025372 seconds, Stopping threads took: 0.0002411 seconds
2024-10-04T14:02:23.156+0300: 144.067: Application time: 0.4500791 seconds
2024-10-04T14:02:23.156+0300: 144.067: [GC (Allocation Failure) [PSYoungGen: 193017K->9486K(194048K)] 331003K->149650K(603648K), 0.0023747 secs] [Times: user=0.02 sys=0.00, real=0.02 secs] 
2024-10-04T14:02:23.171+0300: 144.070: Total time for which application threads were stopped: 0.0026788 seconds, Stopping threads took: 0.0001649 seconds
2024-10-04T14:02:23.564+0300: 144.471: Application time: 0.4013973 seconds
2024-10-04T14:02:23.564+0300: 144.471: [GC (Allocation Failure) [PSYoungGen: 193158K->9454K(194560K)] 333322K->151083K(604160K), 0.0021173 secs] [Times: user=0.00 sys=0.00, real=0.00 secs] 
2024-10-04T14:02:23.564+0300: 144.474: Total time for which application threads were stopped: 0.0025030 seconds, Stopping threads took: 0.0002270 seconds
2024-10-04T14:02:23.972+0300: 144.870: Application time: 0.3968118 seconds
2024-10-04T14:02:23.972+0300: 144.871: [GC (Allocation Failure) [PSYoungGen: 193767K->10135K(194560K)] 335396K->153237K(604160K), 0.0022328 secs] [Times: user=0.00 sys=0.00, real=0.00 secs] 
2024-10-04T14:02:23.972+0300: 144.873: Total time for which application threads were stopped: 0.0025752 seconds, Stopping threads took: 0.0002003 seconds
2024-10-04T14:02:24.318+0300: 145.222: Application time: 0.3488068 seconds
2024-10-04T14:02:24.318+0300: 145.222: [GC (Allocation Failure) [PSYoungGen: 194442K->8710K(193536K)] 337544K->154005K(603136K), 0.0022498 secs] [Times: user=0.00 sys=0.00, real=0.00 secs] 
2024-10-04T14:02:24.318+0300: 145.224: Total time for which application threads were stopped: 0.0025385 seconds, Stopping threads took: 0.0001295 seconds
2024-10-04T14:02:24.694+0300: 145.605: Application time: 0.3810835 seconds
2024-10-04T14:02:24.694+0300: 145.606: [GC (Allocation Failure) [PSYoungGen: 191574K->8678K(194048K)] 336869K->155454K(603648K), 0.0022807 secs] [Times: user=0.00 sys=0.00, real=0.02 secs] 
2024-10-04T14:02:24.710+0300: 145.608: Total time for which application threads were stopped: 0.0026203 seconds, Stopping threads took: 0.0001633 seconds
2024-10-04T14:02:24.898+0300: 145.799: Application time: 0.1913727 seconds
2024-10-04T14:02:24.898+0300: 145.800: [GC (Allocation Failure) [PSYoungGen: 191309K->10167K(194048K)] 338086K->157704K(603648K), 0.0022489 secs] [Times: user=0.00 sys=0.00, real=0.00 secs] 
2024-10-04T14:02:24.898+0300: 145.802: Total time for which application threads were stopped: 0.0026185 seconds, Stopping threads took: 0.0001907 seconds
2024-10-04T14:02:25.447+0300: 146.354: Application time: 0.5524866 seconds
2024-10-04T14:02:25.447+0300: 146.355: [GC (Allocation Failure) [PSYoungGen: 193034K->9422K(194048K)] 340571K->158464K(603648K), 0.0022162 secs] [Times: user=0.00 sys=0.00, real=0.00 secs] 
2024-10-04T14:02:25.447+0300: 146.357: Total time for which application threads were stopped: 0.0025754 seconds, Stopping threads took: 0.0001970 seconds
2024-10-04T14:02:25.919+0300: 146.827: Application time: 0.4698489 seconds
2024-10-04T14:02:25.919+0300: 146.827: [GC (Allocation Failure) [PSYoungGen: 192362K->10103K(194048K)] 341404K->160626K(603648K), 0.0024454 secs] [Times: user=0.00 sys=0.00, real=0.00 secs] 
2024-10-04T14:02:25.919+0300: 146.830: Total time for which application threads were stopped: 0.0027749 seconds, Stopping threads took: 0.0001752 seconds
2024-10-04T14:02:26.326+0300: 147.237: Application time: 0.4068540 seconds
2024-10-04T14:02:26.326+0300: 147.237: [GC (Allocation Failure) [PSYoungGen: 193285K->10167K(194048K)] 343809K->162155K(603648K), 0.0023525 secs] [Times: user=0.02 sys=0.00, real=0.02 secs] 
2024-10-04T14:02:26.342+0300: 147.239: Total time for which application threads were stopped: 0.0027070 seconds, Stopping threads took: 0.0001903 seconds
2024-10-04T14:02:26.735+0300: 147.631: Application time: 0.3916366 seconds
2024-10-04T14:02:26.735+0300: 147.631: [GC (Allocation Failure) [PSYoungGen: 192841K->10167K(193024K)] 344829K->164309K(602624K), 0.0023259 secs] [Times: user=0.00 sys=0.00, real=0.00 secs] 
2024-10-04T14:02:26.735+0300: 147.634: Total time for which application threads were stopped: 0.0026411 seconds, Stopping threads took: 0.0001620 seconds
2024-10-04T14:02:27.080+0300: 147.983: Application time: 0.3494173 seconds
2024-10-04T14:02:27.080+0300: 147.983: [GC (Allocation Failure) [PSYoungGen: 192368K->10103K(193536K)] 346510K->165754K(603136K), 0.0022300 secs] [Times: user=0.00 sys=0.00, real=0.00 secs] 
2024-10-04T14:02:27.080+0300: 147.986: Total time for which application threads were stopped: 0.0025677 seconds, Stopping threads took: 0.0001447 seconds
2024-10-04T14:02:27.331+0300: 148.242: Application time: 0.2560183 seconds
2024-10-04T14:02:27.331+0300: 148.242: [GC (Allocation Failure) [PSYoungGen: 192228K->9455K(193536K)] 347879K->166578K(603136K), 0.0023804 secs] [Times: user=0.02 sys=0.00, real=0.02 secs] 
2024-10-04T14:02:27.347+0300: 148.244: Total time for which application threads were stopped: 0.0027600 seconds, Stopping threads took: 0.0002210 seconds
2024-10-04T14:02:27.709+0300: 148.610: Application time: 0.3659344 seconds
2024-10-04T14:02:27.709+0300: 148.611: [GC (Allocation Failure) [PSYoungGen: 191589K->9455K(193536K)] 348713K->167339K(603136K), 0.0020534 secs] [Times: user=0.00 sys=0.00, real=0.00 secs] 
2024-10-04T14:02:27.709+0300: 148.613: Total time for which application threads were stopped: 0.0024099 seconds, Stopping threads took: 0.0001829 seconds
2024-10-04T14:02:28.179+0300: 149.084: Application time: 0.4713082 seconds
2024-10-04T14:02:28.179+0300: 149.084: [GC (Allocation Failure) [PSYoungGen: 191595K->10167K(193024K)] 349480K->170237K(602624K), 0.0023628 secs] [Times: user=0.05 sys=0.00, real=0.00 secs] 
2024-10-04T14:02:28.179+0300: 149.087: Total time for which application threads were stopped: 0.0026652 seconds, Stopping threads took: 0.0001142 seconds
2024-10-04T14:02:28.681+0300: 149.591: Application time: 0.5039181 seconds
2024-10-04T14:02:28.681+0300: 149.591: [GC (Allocation Failure) [PSYoungGen: 191913K->9455K(193536K)] 351983K->170990K(603136K), 0.0023007 secs] [Times: user=0.02 sys=0.00, real=0.02 secs] 
2024-10-04T14:02:28.697+0300: 149.593: Total time for which application threads were stopped: 0.0025814 seconds, Stopping threads took: 0.0001278 seconds
2024-10-04T14:02:28.917+0300: 149.827: Application time: 0.2337291 seconds
2024-10-04T14:02:28.917+0300: 149.827: [GC (Allocation Failure) [PSYoungGen: 191402K->10199K(193024K)] 352937K->173167K(602624K), 0.0024637 secs] [Times: user=0.01 sys=0.00, real=0.02 secs] 
2024-10-04T14:02:28.933+0300: 149.830: Total time for which application threads were stopped: 0.0029524 seconds, Stopping threads took: 0.0003009 seconds
2024-10-04T14:02:29.200+0300: 150.103: Application time: 0.2730052 seconds
2024-10-04T14:02:29.200+0300: 150.103: [GC (Allocation Failure) [PSYoungGen: 192352K->9327K(193536K)] 355320K->173820K(603136K), 0.0023164 secs] [Times: user=0.00 sys=0.00, real=0.00 secs] 
2024-10-04T14:02:29.200+0300: 150.105: Total time for which application threads were stopped: 0.0026446 seconds, Stopping threads took: 0.0001471 seconds
2024-10-04T14:02:29.576+0300: 150.477: Application time: 0.3717607 seconds
2024-10-04T14:02:29.576+0300: 150.478: [GC (Allocation Failure) [PSYoungGen: 191426K->10167K(193536K)] 355919K->175421K(603136K), 0.0022566 secs] [Times: user=0.00 sys=0.00, real=0.00 secs] 
2024-10-04T14:02:29.576+0300: 150.480: Total time for which application threads were stopped: 0.0027054 seconds, Stopping threads took: 0.0002345 seconds
2024-10-04T14:02:29.952+0300: 150.851: Application time: 0.3706094 seconds
2024-10-04T14:02:29.952+0300: 150.851: [GC (Allocation Failure) [PSYoungGen: 192298K->9422K(193536K)] 357551K->176157K(603136K), 0.0020685 secs] [Times: user=0.00 sys=0.00, real=0.00 secs] 
2024-10-04T14:02:29.952+0300: 150.853: Total time for which application threads were stopped: 0.0024160 seconds, Stopping threads took: 0.0002076 seconds
2024-10-04T14:02:30.455+0300: 151.357: Application time: 0.5037215 seconds
2024-10-04T14:02:30.455+0300: 151.357: [GC (Allocation Failure) [PSYoungGen: 191516K->10912K(193536K)] 358251K->179120K(603136K), 0.0025224 secs] [Times: user=0.00 sys=0.00, real=0.00 secs] 
2024-10-04T14:02:30.455+0300: 151.360: Total time for which application threads were stopped: 0.0029215 seconds, Stopping threads took: 0.0002388 seconds
2024-10-04T14:02:31.066+0300: 151.975: Application time: 0.6150630 seconds
2024-10-04T14:02:31.066+0300: 151.975: [GC (Allocation Failure) [PSYoungGen: 193158K->9486K(193536K)] 361365K->179159K(603136K), 0.0019991 secs] [Times: user=0.00 sys=0.00, real=0.00 secs] 
2024-10-04T14:02:31.066+0300: 151.977: Total time for which application threads were stopped: 0.0023191 seconds, Stopping threads took: 0.0001828 seconds
2024-10-04T14:02:31.192+0300: 152.100: Application time: 0.1225524 seconds
2024-10-04T14:02:31.192+0300: 152.100: [GC (Allocation Failure) [PSYoungGen: 191715K->9359K(193536K)] 361388K->181233K(603136K), 0.0023420 secs] [Times: user=0.02 sys=0.00, real=0.01 secs] 
2024-10-04T14:02:31.204+0300: 152.102: Total time for which application threads were stopped: 0.0027151 seconds, Stopping threads took: 0.0002275 seconds
2024-10-04T14:02:31.506+0300: 152.416: Application time: 0.3133227 seconds
2024-10-04T14:02:31.506+0300: 152.416: [GC (Allocation Failure) [PSYoungGen: 191510K->8646K(193536K)] 363384K->181281K(603136K), 0.0023989 secs] [Times: user=0.02 sys=0.02, real=0.02 secs] 
2024-10-04T14:02:31.522+0300: 152.418: Total time for which application threads were stopped: 0.0027232 seconds, Stopping threads took: 0.0001297 seconds
2024-10-04T14:02:31.883+0300: 152.791: Application time: 0.3722163 seconds
2024-10-04T14:02:31.883+0300: 152.791: [GC (Allocation Failure) [PSYoungGen: 190745K->9454K(193536K)] 363380K->183554K(603136K), 0.0022625 secs] [Times: user=0.00 sys=0.00, real=0.00 secs] 
2024-10-04T14:02:31.883+0300: 152.793: Total time for which application threads were stopped: 0.0025603 seconds, Stopping threads took: 0.0001401 seconds
2024-10-04T14:02:32.306+0300: 153.212: Application time: 0.4185919 seconds
2024-10-04T14:02:32.306+0300: 153.212: [GC (Allocation Failure) [PSYoungGen: 191567K->10167K(193536K)] 365667K->185732K(603136K), 0.0021651 secs] [Times: user=0.00 sys=0.00, real=0.00 secs] 
2024-10-04T14:02:32.306+0300: 153.214: Total time for which application threads were stopped: 0.0024979 seconds, Stopping threads took: 0.0001971 seconds
2024-10-04T14:02:32.730+0300: 153.629: Application time: 0.4147266 seconds
2024-10-04T14:02:32.730+0300: 153.629: [GC (Allocation Failure) [PSYoungGen: 192310K->9390K(193536K)] 367875K->187141K(603136K), 0.0023382 secs] [Times: user=0.00 sys=0.00, real=0.00 secs] 
2024-10-04T14:02:32.730+0300: 153.632: Total time for which application threads were stopped: 0.0026962 seconds, Stopping threads took: 0.0001833 seconds
2024-10-04T14:02:33.185+0300: 154.094: Application time: 0.4627480 seconds
2024-10-04T14:02:33.185+0300: 154.095: [GC (Allocation Failure) [PSYoungGen: 191562K->8710K(193536K)] 369313K->187942K(603136K), 0.0021009 secs] [Times: user=0.00 sys=0.00, real=0.00 secs] 
2024-10-04T14:02:33.185+0300: 154.097: Total time for which application threads were stopped: 0.0023893 seconds, Stopping threads took: 0.0001585 seconds
2024-10-04T14:02:33.515+0300: 154.424: Application time: 0.3274422 seconds
2024-10-04T14:02:33.515+0300: 154.424: [GC (Allocation Failure) [PSYoungGen: 190879K->10167K(193536K)] 370111K->190167K(603136K), 0.0022504 secs] [Times: user=0.00 sys=0.00, real=0.00 secs] 
2024-10-04T14:02:33.531+0300: 154.427: Total time for which application threads were stopped: 0.0025725 seconds, Stopping threads took: 0.0001380 seconds
2024-10-04T14:02:33.898+0300: 154.795: Application time: 0.3678412 seconds
2024-10-04T14:02:33.898+0300: 154.795: [GC (Allocation Failure) [PSYoungGen: 192307K->9391K(193536K)] 372307K->191576K(603136K), 0.0021961 secs] [Times: user=0.00 sys=0.00, real=0.00 secs] 
2024-10-04T14:02:33.900+0300: 154.797: Total time for which application threads were stopped: 0.0025026 seconds, Stopping threads took: 0.0001735 seconds
2024-10-04T14:02:34.300+0300: 155.204: Application time: 0.4070247 seconds
2024-10-04T14:02:34.300+0300: 155.204: [GC (Allocation Failure) [PSYoungGen: 191515K->9390K(193536K)] 373701K->193057K(603136K), 0.0021534 secs] [Times: user=0.02 sys=0.00, real=0.01 secs] 
2024-10-04T14:02:34.310+0300: 155.207: Total time for which application threads were stopped: 0.0024699 seconds, Stopping threads took: 0.0001794 seconds
2024-10-04T14:02:34.710+0300: 155.617: Application time: 0.4104150 seconds
2024-10-04T14:02:34.710+0300: 155.617: [GC (Allocation Failure) [PSYoungGen: 191554K->9390K(193536K)] 375221K->194555K(603136K), 0.0023263 secs] [Times: user=0.00 sys=0.00, real=0.00 secs] 
2024-10-04T14:02:34.710+0300: 155.620: Total time for which application threads were stopped: 0.0026563 seconds, Stopping threads took: 0.0001793 seconds
2024-10-04T14:02:35.053+0300: 155.963: Application time: 0.3430449 seconds
2024-10-04T14:02:35.053+0300: 155.963: [GC (Allocation Failure) [PSYoungGen: 191600K->9487K(194048K)] 376764K->196116K(603648K), 0.0022800 secs] [Times: user=0.02 sys=0.00, real=0.02 secs] 
2024-10-04T14:02:35.069+0300: 155.965: Total time for which application threads were stopped: 0.0026798 seconds, Stopping threads took: 0.0002311 seconds
2024-10-04T14:02:35.477+0300: 156.381: Application time: 0.4156711 seconds
2024-10-04T14:02:35.477+0300: 156.381: [GC (Allocation Failure) [PSYoungGen: 192363K->9422K(194048K)] 378992K->197525K(603648K), 0.0021190 secs] [Times: user=0.00 sys=0.00, real=0.00 secs] 
2024-10-04T14:02:35.477+0300: 156.384: Total time for which application threads were stopped: 0.0024506 seconds, Stopping threads took: 0.0001777 seconds
2024-10-04T14:02:35.853+0300: 156.758: Application time: 0.3739441 seconds
2024-10-04T14:02:35.853+0300: 156.758: [GC (Allocation Failure) [PSYoungGen: 192323K->9390K(194048K)] 380425K->198966K(603648K), 0.0020988 secs] [Times: user=0.00 sys=0.00, real=0.00 secs] 
2024-10-04T14:02:35.853+0300: 156.760: Total time for which application threads were stopped: 0.0024392 seconds, Stopping threads took: 0.0002109 seconds
2024-10-04T14:02:36.293+0300: 157.198: Application time: 0.4384864 seconds
2024-10-04T14:02:36.293+0300: 157.199: [GC (Allocation Failure) [PSYoungGen: 192285K->9422K(194048K)] 381860K->200479K(603648K), 0.0022377 secs] [Times: user=0.00 sys=0.00, real=0.00 secs] 
2024-10-04T14:02:36.293+0300: 157.201: Total time for which application threads were stopped: 0.0025321 seconds, Stopping threads took: 0.0001614 seconds
2024-10-04T14:02:36.685+0300: 157.584: Application time: 0.3828857 seconds
2024-10-04T14:02:36.685+0300: 157.584: [GC (Allocation Failure) [PSYoungGen: 192291K->9454K(194048K)] 383347K->201984K(603648K), 0.0022367 secs] [Times: user=0.00 sys=0.00, real=0.00 secs] 
2024-10-04T14:02:36.685+0300: 157.586: Total time for which application threads were stopped: 0.0025460 seconds, Stopping threads took: 0.0001778 seconds
2024-10-04T14:02:37.124+0300: 158.027: Application time: 0.4404145 seconds
2024-10-04T14:02:37.124+0300: 158.027: [GC (Allocation Failure) [PSYoungGen: 192334K->10167K(194048K)] 384863K->204169K(603648K), 0.0022104 secs] [Times: user=0.00 sys=0.00, real=0.00 secs] 
2024-10-04T14:02:37.124+0300: 158.029: Total time for which application threads were stopped: 0.0024701 seconds, Stopping threads took: 0.0001214 seconds
2024-10-04T14:02:37.532+0300: 158.440: Application time: 0.4104711 seconds
2024-10-04T14:02:37.532+0300: 158.440: [GC (Allocation Failure) [PSYoungGen: 193065K->8710K(194048K)] 387067K->204922K(603648K), 0.0021945 secs] [Times: user=0.00 sys=0.00, real=0.00 secs] 
2024-10-04T14:02:37.532+0300: 158.442: Total time for which application threads were stopped: 0.0024788 seconds, Stopping threads took: 0.0001304 seconds
2024-10-04T14:02:37.831+0300: 158.741: Application time: 0.2984716 seconds
2024-10-04T14:02:37.831+0300: 158.741: [GC (Allocation Failure) [PSYoungGen: 191393K->10167K(194048K)] 387605K->207139K(603648K), 0.0024974 secs] [Times: user=0.02 sys=0.00, real=0.01 secs] 
2024-10-04T14:02:37.846+0300: 158.744: Total time for which application threads were stopped: 0.0028373 seconds, Stopping threads took: 0.0001622 seconds
2024-10-04T14:02:38.129+0300: 159.034: Application time: 0.2905698 seconds
2024-10-04T14:02:38.129+0300: 159.035: [GC (Allocation Failure) [PSYoungGen: 193061K->10071K(193024K)] 390034K->208561K(602624K), 0.0021488 secs] [Times: user=0.00 sys=0.00, real=0.00 secs] 
2024-10-04T14:02:38.129+0300: 159.037: Total time for which application threads were stopped: 0.0025475 seconds, Stopping threads took: 0.0002518 seconds
2024-10-04T14:02:38.718+0300: 159.615: Application time: 0.5781212 seconds
2024-10-04T14:02:38.718+0300: 159.615: [GC (Allocation Failure) [PSYoungGen: 191818K->9454K(193536K)] 390308K->209409K(603136K), 0.0021969 secs] [Times: user=0.00 sys=0.00, real=0.00 secs] 
2024-10-04T14:02:38.718+0300: 159.617: Total time for which application threads were stopped: 0.0025294 seconds, Stopping threads took: 0.0001510 seconds
2024-10-04T14:02:39.055+0300: 159.960: Application time: 0.3431136 seconds
2024-10-04T14:02:39.055+0300: 159.961: [GC (Allocation Failure) [PSYoungGen: 191403K->10167K(193024K)] 391357K->212275K(602624K), 0.0025081 secs] [Times: user=0.00 sys=0.00, real=0.00 secs] 
2024-10-04T14:02:39.055+0300: 159.963: Total time for which application threads were stopped: 0.0028811 seconds, Stopping threads took: 0.0001905 seconds
2024-10-04T14:02:39.353+0300: 160.253: Application time: 0.2893710 seconds
2024-10-04T14:02:39.353+0300: 160.253: [GC (Allocation Failure) [PSYoungGen: 192362K->10135K(193536K)] 394470K->213752K(603136K), 0.0022976 secs] [Times: user=0.00 sys=0.00, real=0.00 secs] 
2024-10-04T14:02:39.353+0300: 160.255: Total time for which application threads were stopped: 0.0026073 seconds, Stopping threads took: 0.0001518 seconds
2024-10-04T14:02:39.902+0300: 160.801: Application time: 0.5452296 seconds
2024-10-04T14:02:39.902+0300: 160.801: [GC (Allocation Failure) [PSYoungGen: 191917K->8742K(193536K)] 395534K->213832K(603136K), 0.0020069 secs] [Times: user=0.00 sys=0.00, real=0.00 secs] 
2024-10-04T14:02:39.902+0300: 160.803: Total time for which application threads were stopped: 0.0023444 seconds, Stopping threads took: 0.0001983 seconds
2024-10-04T14:02:40.075+0300: 160.982: Application time: 0.1792773 seconds
2024-10-04T14:02:40.075+0300: 160.983: [GC (Allocation Failure) [PSYoungGen: 190683K->9423K(193536K)] 395774K->215970K(603136K), 0.0022327 secs] [Times: user=0.00 sys=0.00, real=0.00 secs] 
2024-10-04T14:02:40.075+0300: 160.985: Total time for which application threads were stopped: 0.0025787 seconds, Stopping threads took: 0.0002041 seconds
2024-10-04T14:02:40.577+0300: 161.481: Application time: 0.4961443 seconds
2024-10-04T14:02:40.577+0300: 161.481: [GC (Allocation Failure) [PSYoungGen: 191562K->10167K(193536K)] 398110K->217507K(603136K), 0.0024901 secs] [Times: user=0.00 sys=0.00, real=0.00 secs] 
2024-10-04T14:02:40.577+0300: 161.484: Total time for which application threads were stopped: 0.0029171 seconds, Stopping threads took: 0.0001938 seconds
2024-10-04T14:02:41.111+0300: 162.010: Application time: 0.5260567 seconds
2024-10-04T14:02:41.111+0300: 162.010: [GC (Allocation Failure) [PSYoungGen: 192293K->10880K(193536K)] 399633K->219685K(603136K), 0.0024627 secs] [Times: user=0.00 sys=0.00, real=0.00 secs] 
2024-10-04T14:02:41.111+0300: 162.013: Total time for which application threads were stopped: 0.0027859 seconds, Stopping threads took: 0.0001797 seconds
2024-10-04T14:02:41.441+0300: 162.350: Application time: 0.3371105 seconds
2024-10-04T14:02:41.441+0300: 162.350: [GC (Allocation Failure) [PSYoungGen: 193063K->9358K(193536K)] 401868K->220365K(603136K), 0.0022966 secs] [Times: user=0.00 sys=0.00, real=0.00 secs] 
2024-10-04T14:02:41.441+0300: 162.353: Total time for which application threads were stopped: 0.0026680 seconds, Stopping threads took: 0.0002219 seconds
2024-10-04T14:02:41.582+0300: 162.492: Application time: 0.1392567 seconds
2024-10-04T14:02:41.582+0300: 162.492: [GC (Allocation Failure) [PSYoungGen: 191559K->9391K(193536K)] 402566K->221166K(603136K), 0.0023955 secs] [Times: user=0.02 sys=0.00, real=0.02 secs] 
2024-10-04T14:02:41.598+0300: 162.495: Total time for which application threads were stopped: 0.0027408 seconds, Stopping threads took: 0.0002137 seconds
2024-10-04T14:02:42.225+0300: 163.124: Application time: 0.6294440 seconds
2024-10-04T14:02:42.225+0300: 163.124: [GC (Allocation Failure) [PSYoungGen: 191461K->10199K(193536K)] 403237K->222727K(603136K), 0.0021627 secs] [Times: user=0.00 sys=0.00, real=0.00 secs] 
2024-10-04T14:02:42.225+0300: 163.127: Total time for which application threads were stopped: 0.0026344 seconds, Stopping threads took: 0.0003402 seconds
2024-10-04T14:02:42.288+0300: 163.188: Application time: 0.0614409 seconds
2024-10-04T14:02:42.288+0300: 163.188: [GC (Allocation Failure) [PSYoungGen: 192413K->7933K(190464K)] 404941K->222671K(600064K), 0.0020817 secs] [Times: user=0.00 sys=0.00, real=0.00 secs] 
2024-10-04T14:02:42.288+0300: 163.190: Total time for which application threads were stopped: 0.0023717 seconds, Stopping threads took: 0.0001354 seconds
2024-10-04T14:02:42.759+0300: 163.662: Application time: 0.4714099 seconds
2024-10-04T14:02:42.759+0300: 163.662: [GC (Allocation Failure) [PSYoungGen: 190016K->10167K(193024K)] 404754K->226370K(602624K), 0.0023688 secs] [Times: user=0.00 sys=0.00, real=0.00 secs] 
2024-10-04T14:02:42.759+0300: 163.665: Total time for which application threads were stopped: 0.0027150 seconds, Stopping threads took: 0.0001790 seconds
2024-10-04T14:02:43.402+0300: 164.309: Application time: 0.6446037 seconds
2024-10-04T14:02:43.402+0300: 164.310: [GC (Allocation Failure) [PSYoungGen: 190875K->9454K(193024K)] 407077K->227130K(602624K), 0.0022356 secs] [Times: user=0.00 sys=0.00, real=0.00 secs] 
2024-10-04T14:02:43.402+0300: 164.312: Total time for which application threads were stopped: 0.0028891 seconds, Stopping threads took: 0.0005158 seconds
2024-10-04T14:02:43.748+0300: 164.649: Application time: 0.3370624 seconds
2024-10-04T14:02:43.748+0300: 164.649: [GC (Allocation Failure) [PSYoungGen: 190267K->8646K(193536K)] 407942K->228531K(603136K), 0.0023105 secs] [Times: user=0.00 sys=0.00, real=0.00 secs] 
2024-10-04T14:02:43.748+0300: 164.652: Total time for which application threads were stopped: 0.0027760 seconds, Stopping threads took: 0.0002700 seconds
2024-10-04T14:02:43.873+0300: 164.772: Application time: 0.1198114 seconds
2024-10-04T14:02:43.873+0300: 164.772: [GC (Allocation Failure) [PSYoungGen: 190803K->10103K(193536K)] 410688K->230757K(603136K), 0.0021309 secs] [Times: user=0.00 sys=0.00, real=0.00 secs] 
2024-10-04T14:02:43.873+0300: 164.774: Total time for which application threads were stopped: 0.0024515 seconds, Stopping threads took: 0.0001664 seconds
2024-10-04T14:02:44.376+0300: 165.284: Application time: 0.5101330 seconds
2024-10-04T14:02:44.376+0300: 165.285: [GC (Allocation Failure) [PSYoungGen: 191864K->8774K(193536K)] 412517K->231613K(603136K), 0.0023489 secs] [Times: user=0.00 sys=0.00, real=0.00 secs] 
2024-10-04T14:02:44.376+0300: 165.287: Total time for which application threads were stopped: 0.0027432 seconds, Stopping threads took: 0.0002424 seconds
2024-10-04T14:02:44.628+0300: 165.528: Application time: 0.2407887 seconds
2024-10-04T14:02:44.628+0300: 165.528: [GC (Allocation Failure) [PSYoungGen: 190516K->10167K(192512K)] 413355K->233098K(602112K), 0.0020818 secs] [Times: user=0.00 sys=0.00, real=0.00 secs] 
2024-10-04T14:02:44.628+0300: 165.530: Total time for which application threads were stopped: 0.0023680 seconds, Stopping threads took: 0.0001066 seconds
2024-10-04T14:02:45.035+0300: 165.932: Application time: 0.4013781 seconds
2024-10-04T14:02:45.035+0300: 165.932: [GC (Allocation Failure) [PSYoungGen: 192285K->9486K(193536K)] 415216K->234563K(603136K), 0.0021380 secs] [Times: user=0.00 sys=0.00, real=0.00 secs] 
2024-10-04T14:02:45.035+0300: 165.934: Total time for which application threads were stopped: 0.0024233 seconds, Stopping threads took: 0.0001549 seconds
2024-10-04T14:02:45.430+0300: 166.330: Application time: 0.3956827 seconds
2024-10-04T14:02:45.430+0300: 166.330: [GC (Allocation Failure) [PSYoungGen: 190928K->7933K(193024K)] 416005K->235204K(602624K), 0.0020984 secs] [Times: user=0.00 sys=0.00, real=0.00 secs] 
2024-10-04T14:02:45.430+0300: 166.332: Total time for which application threads were stopped: 0.0024675 seconds, Stopping threads took: 0.0002032 seconds
2024-10-04T14:02:45.992+0300: 166.897: Application time: 0.5651835 seconds
2024-10-04T14:02:45.992+0300: 166.898: [GC (Allocation Failure) [PSYoungGen: 189370K->10167K(192512K)] 416640K->238911K(602112K), 0.0023892 secs] [Times: user=0.00 sys=0.00, real=0.00 secs] 
2024-10-04T14:02:45.992+0300: 166.900: Total time for which application threads were stopped: 0.0029073 seconds, Stopping threads took: 0.0003555 seconds
2024-10-04T14:02:46.165+0300: 167.065: Application time: 0.1645350 seconds
2024-10-04T14:02:46.165+0300: 167.065: [GC (Allocation Failure) [PSYoungGen: 190900K->8710K(193024K)] 419643K->238943K(602624K), 0.0020438 secs] [Times: user=0.00 sys=0.00, real=0.00 secs] 
2024-10-04T14:02:46.165+0300: 167.067: Total time for which application threads were stopped: 0.0022961 seconds, Stopping threads took: 0.0000878 seconds
2024-10-04T14:02:46.573+0300: 167.471: Application time: 0.4040822 seconds
2024-10-04T14:02:46.573+0300: 167.472: [GC (Allocation Failure) [PSYoungGen: 189769K->9455K(193536K)] 420001K->241160K(603136K), 0.0025339 secs] [Times: user=0.00 sys=0.00, real=0.00 secs] 
2024-10-04T14:02:46.573+0300: 167.474: Total time for which application threads were stopped: 0.0033190 seconds, Stopping threads took: 0.0005941 seconds
2024-10-04T14:02:46.918+0300: 167.827: Application time: 0.3527972 seconds
2024-10-04T14:02:46.918+0300: 167.828: [GC (Allocation Failure) [PSYoungGen: 191212K->9422K(193024K)] 422917K->241936K(602624K), 0.0021279 secs] [Times: user=0.02 sys=0.00, real=0.02 secs] 
2024-10-04T14:02:46.933+0300: 167.830: Total time for which application threads were stopped: 0.0024286 seconds, Stopping threads took: 0.0001474 seconds
2024-10-04T14:02:47.310+0300: 168.221: Application time: 0.3911766 seconds
2024-10-04T14:02:47.310+0300: 168.221: [GC (Allocation Failure) [PSYoungGen: 190837K->10199K(193536K)] 423351K->244146K(603136K), 0.0023499 secs] [Times: user=0.02 sys=0.00, real=0.02 secs] 
2024-10-04T14:02:47.326+0300: 168.224: Total time for which application threads were stopped: 0.0026849 seconds, Stopping threads took: 0.0001877 seconds
2024-10-04T14:02:47.735+0300: 168.632: Application time: 0.4080701 seconds
2024-10-04T14:02:47.735+0300: 168.632: [GC (Allocation Failure) [PSYoungGen: 192377K->9423K(193536K)] 426324K->245555K(603136K), 0.0023679 secs] [Times: user=0.02 sys=0.00, real=0.00 secs] 
2024-10-04T14:02:47.735+0300: 168.634: Total time for which application threads were stopped: 0.0026635 seconds, Stopping threads took: 0.0001265 seconds
2024-10-04T14:02:48.159+0300: 169.056: Application time: 0.4217603 seconds
2024-10-04T14:02:48.159+0300: 169.056: [GC (Allocation Failure) [PSYoungGen: 191679K->10167K(193536K)] 427812K->247773K(603136K), 0.0023895 secs] [Times: user=0.00 sys=0.00, real=0.00 secs] 
2024-10-04T14:02:48.159+0300: 169.059: Total time for which application threads were stopped: 0.0027270 seconds, Stopping threads took: 0.0002065 seconds
2024-10-04T14:02:48.441+0300: 169.345: Application time: 0.2866792 seconds
2024-10-04T14:02:48.441+0300: 169.346: [GC (Allocation Failure) [PSYoungGen: 192324K->9391K(193536K)] 429930K->248477K(603136K), 0.0022195 secs] [Times: user=0.00 sys=0.00, real=0.00 secs] 
2024-10-04T14:02:48.441+0300: 169.348: Total time for which application threads were stopped: 0.0025621 seconds, Stopping threads took: 0.0001998 seconds
2024-10-04T14:02:48.833+0300: 169.730: Application time: 0.3819563 seconds
2024-10-04T14:02:48.833+0300: 169.730: [GC (Allocation Failure) [PSYoungGen: 191530K->8093K(193536K)] 430617K->248645K(603136K), 0.0019960 secs] [Times: user=0.00 sys=0.00, real=0.00 secs] 
2024-10-04T14:02:48.833+0300: 169.732: Total time for which application threads were stopped: 0.0023271 seconds, Stopping threads took: 0.0001738 seconds
2024-10-04T14:02:49.225+0300: 170.130: Application time: 0.3977971 seconds
2024-10-04T14:02:49.225+0300: 170.130: [GC (Allocation Failure) [PSYoungGen: 190296K->9390K(193536K)] 430848K->251451K(603136K), 0.0022793 secs] [Times: user=0.00 sys=0.00, real=0.00 secs] 
2024-10-04T14:02:49.225+0300: 170.133: Total time for which application threads were stopped: 0.0026987 seconds, Stopping threads took: 0.0002485 seconds
2024-10-04T14:02:49.555+0300: 170.465: Application time: 0.3321393 seconds
2024-10-04T14:02:49.555+0300: 170.465: [GC (Allocation Failure) [PSYoungGen: 191608K->10911K(192512K)] 433669K->253725K(602112K), 0.0023916 secs] [Times: user=0.02 sys=0.00, real=0.01 secs] 
2024-10-04T14:02:49.570+0300: 170.468: Total time for which application threads were stopped: 0.0027662 seconds, Stopping threads took: 0.0002232 seconds
2024-10-04T14:02:50.104+0300: 171.011: Application time: 0.5433044 seconds
2024-10-04T14:02:50.104+0300: 171.011: [GC (Allocation Failure) [PSYoungGen: 191921K->10135K(193024K)] 434735K->255134K(602624K), 0.0023763 secs] [Times: user=0.00 sys=0.00, real=0.00 secs] 
2024-10-04T14:02:50.104+0300: 171.014: Total time for which application threads were stopped: 0.0026571 seconds, Stopping threads took: 0.0001471 seconds
2024-10-04T14:02:50.621+0300: 171.518: Application time: 0.5038054 seconds
2024-10-04T14:02:50.621+0300: 171.518: [GC (Allocation Failure) [PSYoungGen: 190813K->9391K(193536K)] 435812K->256560K(603136K), 0.0024440 secs] [Times: user=0.00 sys=0.00, real=0.00 secs] 
2024-10-04T14:02:50.621+0300: 171.520: Total time for which application threads were stopped: 0.0028019 seconds, Stopping threads took: 0.0001295 seconds
2024-10-04T14:02:50.841+0300: 171.752: Application time: 0.2312421 seconds
2024-10-04T14:02:50.841+0300: 171.752: [GC (Allocation Failure) [PSYoungGen: 190838K->10199K(193024K)] 438007K->258120K(602624K), 0.0023138 secs] [Times: user=0.02 sys=0.00, real=0.02 secs] 
2024-10-04T14:02:50.857+0300: 171.754: Total time for which application threads were stopped: 0.0025998 seconds, Stopping threads took: 0.0000930 seconds
2024-10-04T14:02:51.249+0300: 172.147: Application time: 0.3923455 seconds
2024-10-04T14:02:51.249+0300: 172.147: [GC (Allocation Failure) [PSYoungGen: 191293K->9390K(193536K)] 439215K->259505K(603136K), 0.0022326 secs] [Times: user=0.00 sys=0.00, real=0.00 secs] 
2024-10-04T14:02:51.249+0300: 172.149: Total time for which application threads were stopped: 0.0025280 seconds, Stopping threads took: 0.0001591 seconds
2024-10-04T14:02:51.390+0300: 172.300: Application time: 0.1506934 seconds
2024-10-04T14:02:51.390+0300: 172.300: [GC (Allocation Failure) [PSYoungGen: 190848K->9391K(193024K)] 440962K->260306K(602624K), 0.0026988 secs] [Times: user=0.02 sys=0.00, real=0.02 secs] 
2024-10-04T14:02:51.406+0300: 172.303: Total time for which application threads were stopped: 0.0030819 seconds, Stopping threads took: 0.0002216 seconds
2024-10-04T14:02:51.908+0300: 172.806: Application time: 0.5036420 seconds
2024-10-04T14:02:51.908+0300: 172.807: [GC (Allocation Failure) [PSYoungGen: 190734K->10911K(192512K)] 441649K->262579K(602112K), 0.0025188 secs] [Times: user=0.02 sys=0.00, real=0.00 secs] 
2024-10-04T14:02:51.908+0300: 172.809: Total time for which application threads were stopped: 0.0028253 seconds, Stopping threads took: 0.0001243 seconds
2024-10-04T14:02:52.425+0300: 173.336: Application time: 0.5269186 seconds
2024-10-04T14:02:52.440+0300: 173.337: [GC (Allocation Failure) [PSYoungGen: 191929K->10135K(193024K)] 443597K->263997K(602624K), 0.0024385 secs] [Times: user=0.00 sys=0.00, real=0.00 secs] 
2024-10-04T14:02:52.440+0300: 173.339: Total time for which application threads were stopped: 0.0028086 seconds, Stopping threads took: 0.0001143 seconds
2024-10-04T14:02:52.786+0300: 173.697: Application time: 0.3579381 seconds
2024-10-04T14:02:52.786+0300: 173.697: [GC (Allocation Failure) [PSYoungGen: 190897K->8646K(193024K)] 444759K->264685K(602624K), 0.0022721 secs] [Times: user=0.02 sys=0.00, real=0.02 secs] 
2024-10-04T14:02:52.801+0300: 173.700: Total time for which application threads were stopped: 0.0026353 seconds, Stopping threads took: 0.0002220 seconds
2024-10-04T14:02:53.045+0300: 173.945: Application time: 0.2453785 seconds
2024-10-04T14:02:53.045+0300: 173.945: [GC (Allocation Failure) [PSYoungGen: 189796K->8710K(193024K)] 445836K->266222K(602624K), 0.0022213 secs] [Times: user=0.00 sys=0.00, real=0.00 secs] 
2024-10-04T14:02:53.045+0300: 173.948: Total time for which application threads were stopped: 0.0026960 seconds, Stopping threads took: 0.0003196 seconds
2024-10-04T14:02:53.345+0300: 174.246: Application time: 0.2982149 seconds
2024-10-04T14:02:53.345+0300: 174.246: [GC (Allocation Failure) [PSYoungGen: 189462K->10135K(193024K)] 446974K->268452K(602624K), 0.0023824 secs] [Times: user=0.02 sys=0.00, real=0.01 secs] 
2024-10-04T14:02:53.351+0300: 174.249: Total time for which application threads were stopped: 0.0028724 seconds, Stopping threads took: 0.0003307 seconds
2024-10-04T14:02:53.555+0300: 174.467: Application time: 0.2178132 seconds
2024-10-04T14:02:53.571+0300: 174.467: [GC (Allocation Failure) [PSYoungGen: 190805K->9422K(193024K)] 449122K->269212K(602624K), 0.0025368 secs] [Times: user=0.00 sys=0.00, real=0.00 secs] 
2024-10-04T14:02:53.571+0300: 174.470: Total time for which application threads were stopped: 0.0030314 seconds, Stopping threads took: 0.0003086 seconds
2024-10-04T14:02:54.198+0300: 175.109: Application time: 0.6391472 seconds
2024-10-04T14:02:54.198+0300: 175.109: [GC (Allocation Failure) [PSYoungGen: 190070K->10880K(192512K)] 449859K->272142K(602112K), 0.0026177 secs] [Times: user=0.02 sys=0.00, real=0.02 secs] 
2024-10-04T14:02:54.214+0300: 175.112: Total time for which application threads were stopped: 0.0029798 seconds, Stopping threads took: 0.0002113 seconds
2024-10-04T14:02:54.701+0300: 175.601: Application time: 0.4894309 seconds
2024-10-04T14:02:54.701+0300: 175.601: [GC (Allocation Failure) [PSYoungGen: 191983K->9455K(193024K)] 453246K->272895K(602624K), 0.0024985 secs] [Times: user=0.00 sys=0.00, real=0.00 secs] 
2024-10-04T14:02:54.701+0300: 175.604: Total time for which application threads were stopped: 0.0028117 seconds, Stopping threads took: 0.0000927 seconds
2024-10-04T14:02:55.030+0300: 175.938: Application time: 0.3344422 seconds
2024-10-04T14:02:55.030+0300: 175.939: [GC (Allocation Failure) [PSYoungGen: 190227K->9391K(193024K)] 453668K->274280K(602624K), 0.0022685 secs] [Times: user=0.00 sys=0.00, real=0.00 secs] 
2024-10-04T14:02:55.030+0300: 175.941: Total time for which application threads were stopped: 0.0026002 seconds, Stopping threads took: 0.0001436 seconds
2024-10-04T14:02:55.187+0300: 176.086: Application time: 0.1453187 seconds
2024-10-04T14:02:55.187+0300: 176.087: [GC (Allocation Failure) [PSYoungGen: 190572K->9359K(193024K)] 455461K->275737K(602624K), 0.0023094 secs] [Times: user=0.00 sys=0.00, real=0.00 secs] 
2024-10-04T14:02:55.187+0300: 176.089: Total time for which application threads were stopped: 0.0026389 seconds, Stopping threads took: 0.0001750 seconds
2024-10-04T14:02:55.485+0300: 176.387: Application time: 0.2977580 seconds
2024-10-04T14:02:55.485+0300: 176.387: [GC (Allocation Failure) [PSYoungGen: 190336K->10135K(193536K)] 456715K->277298K(603136K), 0.0023133 secs] [Times: user=0.00 sys=0.00, real=0.00 secs] 
2024-10-04T14:02:55.485+0300: 176.389: Total time for which application threads were stopped: 0.0026443 seconds, Stopping threads took: 0.0001863 seconds
2024-10-04T14:02:55.878+0300: 176.774: Application time: 0.3848984 seconds
2024-10-04T14:02:55.878+0300: 176.775: [GC (Allocation Failure) [PSYoungGen: 192188K->9454K(193536K)] 459351K->278091K(603136K), 0.0022718 secs] [Times: user=0.00 sys=0.00, real=0.00 secs] 
2024-10-04T14:02:55.878+0300: 176.777: Total time for which application threads were stopped: 0.0025837 seconds, Stopping threads took: 0.0001623 seconds
2024-10-04T14:02:56.317+0300: 177.218: Application time: 0.4411700 seconds
2024-10-04T14:02:56.317+0300: 177.218: [GC (Allocation Failure) [PSYoungGen: 191599K->10880K(192512K)] 460235K->280997K(602112K), 0.0024386 secs] [Times: user=0.00 sys=0.00, real=0.00 secs] 
2024-10-04T14:02:56.317+0300: 177.221: Total time for which application threads were stopped: 0.0027857 seconds, Stopping threads took: 0.0001936 seconds
2024-10-04T14:02:56.866+0300: 177.764: Application time: 0.5430996 seconds
2024-10-04T14:02:56.866+0300: 177.764: [GC (Allocation Failure) [PSYoungGen: 191605K->10167K(193024K)] 461722K->282470K(602624K), 0.0024499 secs] [Times: user=0.00 sys=0.00, real=0.00 secs] 
2024-10-04T14:02:56.866+0300: 177.767: Total time for which application threads were stopped: 0.0027864 seconds, Stopping threads took: 0.0001737 seconds
2024-10-04T14:02:57.211+0300: 178.119: Application time: 0.3524709 seconds
2024-10-04T14:02:57.211+0300: 178.120: [GC (Allocation Failure) [PSYoungGen: 190944K->10135K(193024K)] 463247K->283911K(602624K), 0.0024018 secs] [Times: user=0.00 sys=0.00, real=0.00 secs] 
2024-10-04T14:02:57.211+0300: 178.122: Total time for which application threads were stopped: 0.0027795 seconds, Stopping threads took: 0.0002447 seconds
2024-10-04T14:02:57.400+0300: 178.302: Application time: 0.1798831 seconds
2024-10-04T14:02:57.400+0300: 178.302: [GC (Allocation Failure) [PSYoungGen: 190878K->9423K(193024K)] 464654K->284680K(602624K), 0.0021872 secs] [Times: user=0.00 sys=0.00, real=0.00 secs] 
2024-10-04T14:02:57.400+0300: 178.304: Total time for which application threads were stopped: 0.0024709 seconds, Stopping threads took: 0.0001419 seconds
2024-10-04T14:02:57.666+0300: 178.572: Application time: 0.2675140 seconds
2024-10-04T14:02:57.666+0300: 178.572: [GC (Allocation Failure) [PSYoungGen: 190080K->9358K(193536K)] 465337K->286104K(603136K), 0.0022358 secs] [Times: user=0.00 sys=0.00, real=0.00 secs] 
2024-10-04T14:02:57.666+0300: 178.574: Total time for which application threads were stopped: 0.0025400 seconds, Stopping threads took: 0.0001625 seconds
2024-10-04T14:02:58.075+0300: 178.981: Application time: 0.4066435 seconds
2024-10-04T14:02:58.075+0300: 178.981: [GC (Allocation Failure) [PSYoungGen: 190720K->9422K(193024K)] 467466K->287641K(602624K), 0.0022301 secs] [Times: user=0.00 sys=0.00, real=0.00 secs] 
2024-10-04T14:02:58.075+0300: 178.984: Total time for which application threads were stopped: 0.0025414 seconds, Stopping threads took: 0.0001841 seconds
2024-10-04T14:02:58.514+0300: 179.413: Application time: 0.4297984 seconds
2024-10-04T14:02:58.514+0300: 179.414: [GC (Allocation Failure) [PSYoungGen: 190827K->7965K(192512K)] 469046K->287674K(602112K), 0.0021868 secs] [Times: user=0.00 sys=0.00, real=0.00 secs] 
2024-10-04T14:02:58.514+0300: 179.416: Total time for which application threads were stopped: 0.0027936 seconds, Stopping threads took: 0.0004165 seconds
2024-10-04T14:02:59.031+0300: 179.935: Application time: 0.5189176 seconds
2024-10-04T14:02:59.031+0300: 179.935: [GC (Allocation Failure) [PSYoungGen: 188662K->10912K(193024K)] 468370K->291372K(602624K), 0.0023070 secs] [Times: user=0.00 sys=0.00, real=0.00 secs] 
2024-10-04T14:02:59.031+0300: 179.938: Total time for which application threads were stopped: 0.0026847 seconds, Stopping threads took: 0.0002431 seconds
2024-10-04T14:02:59.377+0300: 180.283: Application time: 0.3454521 seconds
2024-10-04T14:02:59.377+0300: 180.284: [GC (Allocation Failure) [PSYoungGen: 191705K->10135K(193024K)] 472166K->292789K(602624K), 0.0024436 secs] [Times: user=0.00 sys=0.00, real=0.00 secs] 
2024-10-04T14:02:59.377+0300: 180.286: Total time for which application threads were stopped: 0.0028133 seconds, Stopping threads took: 0.0002190 seconds
2024-10-04T14:02:59.628+0300: 180.528: Application time: 0.2416582 seconds
2024-10-04T14:02:59.628+0300: 180.528: [GC (Allocation Failure) [PSYoungGen: 191094K->9390K(193024K)] 473748K->293510K(602624K), 0.0022939 secs] [Times: user=0.00 sys=0.00, real=0.00 secs] 
2024-10-04T14:02:59.628+0300: 180.530: Total time for which application threads were stopped: 0.0026933 seconds, Stopping threads took: 0.0002330 seconds
2024-10-04T14:03:00.036+0300: 180.940: Application time: 0.4095195 seconds
2024-10-04T14:03:00.036+0300: 180.940: [GC (Allocation Failure) [PSYoungGen: 189997K->10071K(193024K)] 474116K->294959K(602624K), 0.0022897 secs] [Times: user=0.00 sys=0.00, real=0.00 secs] 
2024-10-04T14:03:00.036+0300: 180.943: Total time for which application threads were stopped: 0.0026196 seconds, Stopping threads took: 0.0001811 seconds
2024-10-04T14:03:00.429+0300: 181.329: Application time: 0.3859829 seconds
2024-10-04T14:03:00.429+0300: 181.329: [GC (Allocation Failure) [PSYoungGen: 190717K->9486K(193024K)] 475605K->296544K(602624K), 0.0025144 secs] [Times: user=0.00 sys=0.00, real=0.00 secs] 
2024-10-04T14:03:00.429+0300: 181.331: Total time for which application threads were stopped: 0.0028696 seconds, Stopping threads took: 0.0002015 seconds
2024-10-04T14:03:00.859+0300: 181.756: Application time: 0.4244510 seconds
2024-10-04T14:03:00.859+0300: 181.756: [GC (Allocation Failure) [PSYoungGen: 190200K->10103K(193024K)] 477257K->298642K(602624K), 0.0024186 secs] [Times: user=0.00 sys=0.00, real=0.00 secs] 
2024-10-04T14:03:00.859+0300: 181.759: Total time for which application threads were stopped: 0.0027333 seconds, Stopping threads took: 0.0001635 seconds
2024-10-04T14:03:01.370+0300: 182.274: Application time: 0.5152618 seconds
2024-10-04T14:03:01.370+0300: 182.274: [GC (Allocation Failure) [PSYoungGen: 190779K->7317K(193024K)] 479318K->298746K(602624K), 0.0021843 secs] [Times: user=0.00 sys=0.00, real=0.00 secs] 
2024-10-04T14:03:01.370+0300: 182.276: Total time for which application threads were stopped: 0.0025464 seconds, Stopping threads took: 0.0002212 seconds
2024-10-04T14:03:01.683+0300: 182.580: Application time: 0.3037123 seconds
2024-10-04T14:03:01.683+0300: 182.580: [GC (Allocation Failure) [PSYoungGen: 188082K->10103K(193024K)] 479511K->301596K(602624K), 0.0021874 secs] [Times: user=0.00 sys=0.00, real=0.00 secs] 
2024-10-04T14:03:01.683+0300: 182.583: Total time for which application threads were stopped: 0.0025223 seconds, Stopping threads took: 0.0001563 seconds
2024-10-04T14:03:01.919+0300: 182.827: Application time: 0.2444429 seconds
2024-10-04T14:03:01.919+0300: 182.827: [GC (Allocation Failure) [PSYoungGen: 191245K->10911K(192512K)] 482738K->303869K(602112K), 0.0024752 secs] [Times: user=0.00 sys=0.00, real=0.00 secs] 
2024-10-04T14:03:01.919+0300: 182.830: Total time for which application threads were stopped: 0.0027943 seconds, Stopping threads took: 0.0001932 seconds
2024-10-04T14:03:02.362+0300: 183.269: Application time: 0.4393781 seconds
2024-10-04T14:03:02.362+0300: 183.270: [GC (Allocation Failure) [PSYoungGen: 191918K->8646K(192512K)] 484876K->303833K(602112K), 0.0023465 secs] [Times: user=0.00 sys=0.00, real=0.01 secs] 
2024-10-04T14:03:02.374+0300: 183.272: Total time for which application threads were stopped: 0.0026994 seconds, Stopping threads took: 0.0002017 seconds
2024-10-04T14:03:02.750+0300: 183.655: Application time: 0.3834011 seconds
2024-10-04T14:03:02.750+0300: 183.656: [GC (Allocation Failure) [PSYoungGen: 188600K->10199K(192512K)] 483787K->306107K(602112K), 0.0023208 secs] [Times: user=0.00 sys=0.00, real=0.00 secs] 
2024-10-04T14:03:02.750+0300: 183.658: Total time for which application threads were stopped: 0.0026626 seconds, Stopping threads took: 0.0001905 seconds
2024-10-04T14:03:03.142+0300: 184.040: Application time: 0.3817890 seconds
2024-10-04T14:03:03.142+0300: 184.040: [GC (Allocation Failure) [PSYoungGen: 190156K->10167K(192512K)] 486064K->308261K(602112K), 0.0023875 secs] [Times: user=0.00 sys=0.00, real=0.00 secs] 
2024-10-04T14:03:03.142+0300: 184.043: Total time for which application threads were stopped: 0.0027356 seconds, Stopping threads took: 0.0001970 seconds
2024-10-04T14:03:03.726+0300: 184.623: Application time: 0.5799924 seconds
2024-10-04T14:03:03.726+0300: 184.623: [GC (Allocation Failure) [PSYoungGen: 190153K->7381K(192512K)] 488246K->307652K(602112K), 0.0022782 secs] [Times: user=0.02 sys=0.00, real=0.00 secs] 
2024-10-04T14:03:03.728+0300: 184.625: Total time for which application threads were stopped: 0.0026598 seconds, Stopping threads took: 0.0002018 seconds
2024-10-04T14:03:03.880+0300: 184.779: Application time: 0.1533753 seconds
2024-10-04T14:03:03.880+0300: 184.779: [GC (Allocation Failure) [PSYoungGen: 186939K->9422K(193024K)] 487210K->310502K(602624K), 0.0021530 secs] [Times: user=0.00 sys=0.00, real=0.00 secs] 
2024-10-04T14:03:03.880+0300: 184.781: Total time for which application threads were stopped: 0.0024548 seconds, Stopping threads took: 0.0001614 seconds
2024-10-04T14:03:04.084+0300: 184.981: Application time: 0.1995414 seconds
2024-10-04T14:03:04.084+0300: 184.981: [GC (Allocation Failure) [PSYoungGen: 189795K->9422K(192512K)] 490875K->311959K(602112K), 0.0023582 secs] [Times: user=0.00 sys=0.00, real=0.00 secs] 
2024-10-04T14:03:04.084+0300: 184.983: Total time for which application threads were stopped: 0.0026738 seconds, Stopping threads took: 0.0001778 seconds
2024-10-04T14:03:04.667+0300: 185.567: Application time: 0.5835857 seconds
2024-10-04T14:03:04.667+0300: 185.567: [GC (Allocation Failure) [PSYoungGen: 189711K->9454K(193024K)] 492248K->312780K(602624K), 0.0021354 secs] [Times: user=0.00 sys=0.00, real=0.00 secs] 
2024-10-04T14:03:04.667+0300: 185.569: Total time for which application threads were stopped: 0.0024926 seconds, Stopping threads took: 0.0002088 seconds
2024-10-04T14:03:05.135+0300: 186.045: Application time: 0.4757798 seconds
2024-10-04T14:03:05.135+0300: 186.045: [GC (Allocation Failure) [PSYoungGen: 190182K->10103K(193024K)] 493508K->314877K(602624K), 0.0023679 secs] [Times: user=0.01 sys=0.00, real=0.02 secs] 
2024-10-04T14:03:05.151+0300: 186.048: Total time for which application threads were stopped: 0.0026448 seconds, Stopping threads took: 0.0001250 seconds
2024-10-04T14:03:05.496+0300: 186.407: Application time: 0.3592805 seconds
2024-10-04T14:03:05.496+0300: 186.407: [GC (Allocation Failure) [PSYoungGen: 190819K->10135K(193024K)] 495594K->317095K(602624K), 0.0027394 secs] [Times: user=0.02 sys=0.00, real=0.02 secs] 
2024-10-04T14:03:05.512+0300: 186.410: Total time for which application threads were stopped: 0.0029997 seconds, Stopping threads took: 0.0000980 seconds
2024-10-04T14:03:06.013+0300: 186.918: Application time: 0.5079039 seconds
2024-10-04T14:03:06.013+0300: 186.918: [GC (Allocation Failure) [PSYoungGen: 190842K->9423K(193024K)] 497802K->318560K(602624K), 0.0026238 secs] [Times: user=0.00 sys=0.00, real=0.00 secs] 
2024-10-04T14:03:06.013+0300: 186.921: Total time for which application threads were stopped: 0.0030564 seconds, Stopping threads took: 0.0002231 seconds
2024-10-04T14:03:06.202+0300: 187.106: Application time: 0.1851619 seconds
2024-10-04T14:03:06.202+0300: 187.107: [GC (Allocation Failure) [PSYoungGen: 190640K->9422K(193536K)] 499778K->319336K(603136K), 0.0023496 secs] [Times: user=0.00 sys=0.00, real=0.00 secs] 
2024-10-04T14:03:06.202+0300: 187.109: Total time for which application threads were stopped: 0.0027240 seconds, Stopping threads took: 0.0002345 seconds
2024-10-04T14:03:06.406+0300: 187.317: Application time: 0.2080272 seconds
2024-10-04T14:03:06.421+0300: 187.317: [GC (Allocation Failure) [PSYoungGen: 191546K->9455K(193536K)] 501460K->320878K(603136K), 0.0043335 secs] [Times: user=0.00 sys=0.00, real=0.00 secs] 
2024-10-04T14:03:06.421+0300: 187.322: Total time for which application threads were stopped: 0.0048088 seconds, Stopping threads took: 0.0002926 seconds
2024-10-04T14:03:06.971+0300: 187.873: Application time: 0.5508476 seconds
2024-10-04T14:03:06.971+0300: 187.873: [GC (Allocation Failure) [PSYoungGen: 191632K->10167K(193536K)] 503055K->322342K(603136K), 0.0023443 secs] [Times: user=0.00 sys=0.00, real=0.00 secs] 
2024-10-04T14:03:06.971+0300: 187.875: Total time for which application threads were stopped: 0.0026719 seconds, Stopping threads took: 0.0001848 seconds
2024-10-04T14:03:07.457+0300: 188.360: Application time: 0.4845257 seconds
2024-10-04T14:03:07.457+0300: 188.360: [GC (Allocation Failure) [PSYoungGen: 191914K->10880K(193536K)] 504090K->323808K(603136K), 0.0025283 secs] [Times: user=0.00 sys=0.00, real=0.00 secs] 
2024-10-04T14:03:07.457+0300: 188.363: Total time for which application threads were stopped: 0.0029182 seconds, Stopping threads took: 0.0002053 seconds
2024-10-04T14:03:07.818+0300: 188.715: Application time: 0.3523121 seconds
2024-10-04T14:03:07.818+0300: 188.715: [GC (Allocation Failure) [PSYoungGen: 193080K->8678K(192512K)] 506008K->325193K(602112K), 0.0024936 secs] [Times: user=0.00 sys=0.00, real=0.00 secs] 
2024-10-04T14:03:07.818+0300: 188.718: Total time for which application threads were stopped: 0.0027755 seconds, Stopping threads took: 0.0001297 seconds
2024-10-04T14:03:08.179+0300: 189.080: Application time: 0.3617624 seconds
2024-10-04T14:03:08.179+0300: 189.080: [GC (Allocation Failure) [PSYoungGen: 189405K->9422K(193024K)] 505919K->326706K(602624K), 0.0022045 secs] [Times: user=0.00 sys=0.00, real=0.00 secs] 
2024-10-04T14:03:08.179+0300: 189.082: Total time for which application threads were stopped: 0.0024867 seconds, Stopping threads took: 0.0001527 seconds
2024-10-04T14:03:08.430+0300: 189.337: Application time: 0.2552206 seconds
2024-10-04T14:03:08.430+0300: 189.338: [GC (Allocation Failure) [PSYoungGen: 190527K->7933K(192512K)] 507811K->326714K(602112K), 0.0020694 secs] [Times: user=0.00 sys=0.00, real=0.00 secs] 
2024-10-04T14:03:08.430+0300: 189.340: Total time for which application threads were stopped: 0.0024865 seconds, Stopping threads took: 0.0002871 seconds
2024-10-04T14:03:08.587+0300: 189.485: Application time: 0.1447270 seconds
2024-10-04T14:03:08.587+0300: 189.485: [GC (Allocation Failure) [PSYoungGen: 188647K->10167K(193024K)] 507427K->329023K(602624K), 0.0022397 secs] [Times: user=0.00 sys=0.00, real=0.00 secs] 
2024-10-04T14:03:08.587+0300: 189.487: Total time for which application threads were stopped: 0.0025436 seconds, Stopping threads took: 0.0001368 seconds
2024-10-04T14:03:09.293+0300: 190.201: Application time: 0.7141762 seconds
2024-10-04T14:03:09.293+0300: 190.202: [GC (Allocation Failure) [PSYoungGen: 190788K->10199K(193024K)] 509645K->331233K(602624K), 0.0025125 secs] [Times: user=0.00 sys=0.00, real=0.00 secs] 
2024-10-04T14:03:09.293+0300: 190.204: Total time for which application threads were stopped: 0.0028866 seconds, Stopping threads took: 0.0002392 seconds
2024-10-04T14:03:09.921+0300: 190.822: Application time: 0.6182601 seconds
2024-10-04T14:03:09.921+0300: 190.823: [GC (Allocation Failure) [PSYoungGen: 190988K->11592K(193024K)] 512022K->333379K(602624K), 0.0024319 secs] [Times: user=0.00 sys=0.00, real=0.00 secs] 
2024-10-04T14:03:09.921+0300: 190.825: Total time for which application threads were stopped: 0.0027324 seconds, Stopping threads took: 0.0001459 seconds
2024-10-04T14:03:10.314+0300: 191.214: Application time: 0.3886822 seconds
2024-10-04T14:03:10.314+0300: 191.214: [GC (Allocation Failure) [PSYoungGen: 192599K->8742K(192000K)] 514385K->332722K(601600K), 0.0022602 secs] [Times: user=0.00 sys=0.00, real=0.00 secs] 
2024-10-04T14:03:10.314+0300: 191.216: Total time for which application threads were stopped: 0.0025722 seconds, Stopping threads took: 0.0001676 seconds
2024-10-04T14:03:10.643+0300: 191.554: Application time: 0.3374357 seconds
2024-10-04T14:03:10.643+0300: 191.554: [GC (Allocation Failure) [PSYoungGen: 188717K->8678K(192512K)] 512697K->334115K(602112K), 0.0022625 secs] [Times: user=0.02 sys=0.00, real=0.02 secs] 
2024-10-04T14:03:10.659+0300: 191.556: Total time for which application threads were stopped: 0.0025337 seconds, Stopping threads took: 0.0000966 seconds
2024-10-04T14:03:10.941+0300: 191.842: Application time: 0.2859047 seconds
2024-10-04T14:03:10.941+0300: 191.843: [GC (Allocation Failure) [PSYoungGen: 188392K->9486K(193024K)] 513829K->335684K(602624K), 0.0022842 secs] [Times: user=0.00 sys=0.00, real=0.00 secs] 
2024-10-04T14:03:10.941+0300: 191.845: Total time for which application threads were stopped: 0.0026369 seconds, Stopping threads took: 0.0002202 seconds
2024-10-04T14:03:11.051+0300: 191.948: Application time: 0.1032746 seconds
2024-10-04T14:03:11.051+0300: 191.948: [GC (Allocation Failure) [PSYoungGen: 190127K->8710K(192512K)] 516325K->335708K(602112K), 0.0020429 secs] [Times: user=0.00 sys=0.00, real=0.00 secs] 
2024-10-04T14:03:11.051+0300: 191.951: Total time for which application threads were stopped: 0.0022691 seconds, Stopping threads took: 0.0000956 seconds
2024-10-04T14:03:11.459+0300: 192.362: Application time: 0.4115050 seconds
2024-10-04T14:03:11.459+0300: 192.362: [GC (Allocation Failure) [PSYoungGen: 189342K->7933K(193024K)] 516341K->337133K(602624K), 0.0021593 secs] [Times: user=0.00 sys=0.00, real=0.00 secs] 
2024-10-04T14:03:11.459+0300: 192.364: Total time for which application threads were stopped: 0.0024436 seconds, Stopping threads took: 0.0001233 seconds
2024-10-04T14:03:12.133+0300: 193.042: Application time: 0.6773085 seconds
2024-10-04T14:03:12.133+0300: 193.042: [GC (Allocation Failure) [PSYoungGen: 188585K->11592K(193024K)] 517784K->341552K(602624K), 0.0026809 secs] [Times: user=0.00 sys=0.00, real=0.00 secs] 
2024-10-04T14:03:12.133+0300: 193.045: Total time for which application threads were stopped: 0.0030806 seconds, Stopping threads took: 0.0002339 seconds
2024-10-04T14:03:12.557+0300: 193.467: Application time: 0.4219570 seconds
2024-10-04T14:03:12.557+0300: 193.467: [GC (Allocation Failure) [PSYoungGen: 192608K->9359K(192000K)] 522569K->342233K(601600K), 0.0026929 secs] [Times: user=0.02 sys=0.00, real=0.02 secs] 
2024-10-04T14:03:12.573+0300: 193.470: Total time for which application threads were stopped: 0.0030170 seconds, Stopping threads took: 0.0001518 seconds
2024-10-04T14:03:12.839+0300: 193.750: Application time: 0.2802442 seconds
2024-10-04T14:03:12.870+0300: 193.766: [GC (Allocation Failure) [PSYoungGen: 189128K->8742K(192512K)] 522002K->343074K(602112K), 0.0020437 secs] [Times: user=0.00 sys=0.00, real=0.00 secs] 
2024-10-04T14:03:12.870+0300: 193.768: Total time for which application threads were stopped: 0.0182890 seconds, Stopping threads took: 0.0161106 seconds
2024-10-04T14:03:13.247+0300: 194.152: Application time: 0.3833016 seconds
2024-10-04T14:03:13.247+0300: 194.152: [GC (Allocation Failure) [PSYoungGen: 188728K->9358K(193024K)] 523060K->344502K(602624K), 0.0025318 secs] [Times: user=0.00 sys=0.00, real=0.00 secs] 
2024-10-04T14:03:13.247+0300: 194.155: Total time for which application threads were stopped: 0.0029623 seconds, Stopping threads took: 0.0002329 seconds
2024-10-04T14:03:13.341+0300: 194.244: Application time: 0.0895644 seconds
2024-10-04T14:03:13.341+0300: 194.245: [GC (Allocation Failure) [PSYoungGen: 190014K->10135K(192512K)] 525158K->346047K(602112K), 0.0023709 secs] [Times: user=0.00 sys=0.00, real=0.01 secs] 
2024-10-04T14:03:13.350+0300: 194.247: Total time for which application threads were stopped: 0.0028028 seconds, Stopping threads took: 0.0002577 seconds
2024-10-04T14:03:13.796+0300: 194.707: Application time: 0.4602688 seconds
2024-10-04T14:03:13.796+0300: 194.708: [GC (Allocation Failure) [PSYoungGen: 190754K->9454K(193024K)] 526667K->346848K(602624K), 0.0024877 secs] [Times: user=0.02 sys=0.00, real=0.02 secs] 
2024-10-04T14:03:13.812+0300: 194.710: Total time for which application threads were stopped: 0.0028178 seconds, Stopping threads took: 0.0001579 seconds
2024-10-04T14:03:14.408+0300: 195.311: Application time: 0.6008040 seconds
2024-10-04T14:03:14.408+0300: 195.311: [GC (Allocation Failure) [PSYoungGen: 190119K->11592K(193024K)] 527513K->349738K(602624K), 0.0028704 secs] [Times: user=0.02 sys=0.00, real=0.00 secs] 
2024-10-04T14:03:14.408+0300: 195.314: Total time for which application threads were stopped: 0.0032764 seconds, Stopping threads took: 0.0002029 seconds
2024-10-04T14:03:14.863+0300: 195.769: Application time: 0.4546767 seconds
2024-10-04T14:03:14.863+0300: 195.769: [GC (Allocation Failure) [PSYoungGen: 192604K->9359K(192000K)] 530750K->350419K(601600K), 0.0024907 secs] [Times: user=0.02 sys=0.00, real=0.00 secs] 
2024-10-04T14:03:14.863+0300: 195.772: Total time for which application threads were stopped: 0.0027540 seconds, Stopping threads took: 0.0000977 seconds
2024-10-04T14:03:14.989+0300: 195.899: Application time: 0.1272210 seconds
2024-10-04T14:03:14.989+0300: 195.899: [GC (Allocation Failure) [PSYoungGen: 189125K->8774K(192512K)] 530185K->351284K(602112K), 0.0026141 secs] [Times: user=0.02 sys=0.00, real=0.02 secs] 
2024-10-04T14:03:15.005+0300: 195.902: Total time for which application threads were stopped: 0.0031224 seconds, Stopping threads took: 0.0002801 seconds
2024-10-04T14:03:15.365+0300: 196.275: Application time: 0.3734948 seconds
2024-10-04T14:03:15.365+0300: 196.276: [GC (Allocation Failure) [PSYoungGen: 188742K->9422K(193024K)] 531251K->352736K(602624K), 0.0024354 secs] [Times: user=0.02 sys=0.00, real=0.02 secs] 
2024-10-04T14:03:15.381+0300: 196.278: Total time for which application threads were stopped: 0.0028281 seconds, Stopping threads took: 0.0002289 seconds
2024-10-04T14:03:15.588+0300: 196.493: Application time: 0.2143450 seconds
2024-10-04T14:03:15.588+0300: 196.493: [GC (Allocation Failure) [PSYoungGen: 189788K->9486K(192512K)] 533102K->353569K(602112K), 0.0023617 secs] [Times: user=0.00 sys=0.00, real=0.00 secs] 
2024-10-04T14:03:15.588+0300: 196.495: Total time for which application threads were stopped: 0.0027297 seconds, Stopping threads took: 0.0001804 seconds
2024-10-04T14:03:16.072+0300: 196.976: Application time: 0.4802577 seconds
2024-10-04T14:03:16.072+0300: 196.976: [GC (Allocation Failure) [PSYoungGen: 189775K->8742K(193024K)] 533857K->355046K(602624K), 0.0024566 secs] [Times: user=0.00 sys=0.00, real=0.00 secs] 
2024-10-04T14:03:16.072+0300: 196.978: Total time for which application threads were stopped: 0.0027817 seconds, Stopping threads took: 0.0001719 seconds
2024-10-04T14:03:16.731+0300: 197.628: Application time: 0.6494917 seconds
2024-10-04T14:03:16.731+0300: 197.628: [GC (Allocation Failure) [PSYoungGen: 189456K->11624K(193024K)] 535760K->357928K(602624K), 0.0025754 secs] [Times: user=0.00 sys=0.00, real=0.00 secs] 
2024-10-04T14:03:16.731+0300: 197.631: Total time for which application threads were stopped: 0.0029208 seconds, Stopping threads took: 0.0001958 seconds
2024-10-04T14:03:17.139+0300: 198.043: Application time: 0.4117351 seconds
2024-10-04T14:03:17.139+0300: 198.043: [GC (Allocation Failure) [PSYoungGen: 192480K->9391K(192000K)] 538785K->358617K(601600K), 0.0024534 secs] [Times: user=0.00 sys=0.00, real=0.00 secs] 
2024-10-04T14:03:17.139+0300: 198.045: Total time for which application threads were stopped: 0.0028368 seconds, Stopping threads took: 0.0002431 seconds
2024-10-04T14:03:17.217+0300: 198.118: Application time: 0.0729699 seconds
2024-10-04T14:03:17.217+0300: 198.119: [GC (Allocation Failure) [PSYoungGen: 189377K->9391K(192512K)] 538604K->359378K(602112K), 0.0022716 secs] [Times: user=0.00 sys=0.00, real=0.00 secs] 
2024-10-04T14:03:17.217+0300: 198.121: Total time for which application threads were stopped: 0.0026419 seconds, Stopping threads took: 0.0002366 seconds
2024-10-04T14:03:17.594+0300: 198.491: Application time: 0.3699813 seconds
2024-10-04T14:03:17.594+0300: 198.491: [GC (Allocation Failure) [PSYoungGen: 189293K->9390K(193024K)] 539280K->360154K(602624K), 0.0023538 secs] [Times: user=0.00 sys=0.00, real=0.00 secs] 
2024-10-04T14:03:17.594+0300: 198.494: Total time for which application threads were stopped: 0.0028509 seconds, Stopping threads took: 0.0003149 seconds
2024-10-04T14:03:17.876+0300: 198.775: Application time: 0.2807054 seconds
2024-10-04T14:03:17.876+0300: 198.775: [GC (Allocation Failure) [PSYoungGen: 190459K->10911K(192512K)] 541222K->362427K(602112K), 0.0025356 secs] [Times: user=0.00 sys=0.00, real=0.00 secs] 
2024-10-04T14:03:17.876+0300: 198.777: Total time for which application threads were stopped: 0.0028435 seconds, Stopping threads took: 0.0001772 seconds
2024-10-04T14:03:18.347+0300: 199.249: Application time: 0.4717751 seconds
2024-10-04T14:03:18.347+0300: 199.249: [GC (Allocation Failure) [PSYoungGen: 192054K->10167K(193024K)] 543570K->363904K(602624K), 0.0024215 secs] [Times: user=0.00 sys=0.00, real=0.00 secs] 
2024-10-04T14:03:18.347+0300: 199.252: Total time for which application threads were stopped: 0.0027322 seconds, Stopping threads took: 0.0001787 seconds
2024-10-04T14:03:18.850+0300: 199.750: Application time: 0.4982527 seconds
2024-10-04T14:03:18.850+0300: 199.750: [GC (Allocation Failure) [PSYoungGen: 190864K->10199K(192512K)] 544601K->366090K(602112K), 0.0027769 secs] [Times: user=0.00 sys=0.00, real=0.00 secs] 
2024-10-04T14:03:18.850+0300: 199.753: Total time for which application threads were stopped: 0.0031162 seconds, Stopping threads took: 0.0001409 seconds
2024-10-04T14:03:19.304+0300: 200.211: Application time: 0.4574056 seconds
2024-10-04T14:03:19.304+0300: 200.211: [GC (Allocation Failure) [PSYoungGen: 190249K->10167K(193024K)] 546140K->367531K(602624K), 0.0024779 secs] [Times: user=0.00 sys=0.00, real=0.00 secs] 
2024-10-04T14:03:19.304+0300: 200.214: Total time for which application threads were stopped: 0.0029115 seconds, Stopping threads took: 0.0002789 seconds
2024-10-04T14:03:19.398+0300: 200.302: Application time: 0.0886379 seconds
2024-10-04T14:03:19.398+0300: 200.303: [GC (Allocation Failure) [PSYoungGen: 190910K->8678K(193024K)] 548274K->367523K(602624K), 0.0022967 secs] [Times: user=0.00 sys=0.00, real=0.00 secs] 
2024-10-04T14:03:19.398+0300: 200.305: Total time for which application threads were stopped: 0.0026606 seconds, Stopping threads took: 0.0002168 seconds
2024-10-04T14:03:19.822+0300: 200.723: Application time: 0.4183417 seconds
2024-10-04T14:03:19.822+0300: 200.724: [GC (Allocation Failure) [PSYoungGen: 189693K->7285K(192000K)] 548538K->367627K(601600K), 0.0019745 secs] [Times: user=0.00 sys=0.00, real=0.00 secs] 
2024-10-04T14:03:19.822+0300: 200.726: Total time for which application threads were stopped: 0.0022944 seconds, Stopping threads took: 0.0001741 seconds
2024-10-04T14:03:19.900+0300: 200.811: Application time: 0.0850358 seconds
2024-10-04T14:03:19.900+0300: 200.811: [GC (Allocation Failure) [PSYoungGen: 187300K->9358K(192512K)] 547643K->370501K(602112K), 0.0023615 secs] [Times: user=0.02 sys=0.00, real=0.02 secs] 
2024-10-04T14:03:19.916+0300: 200.813: Total time for which application threads were stopped: 0.0026769 seconds, Stopping threads took: 0.0001781 seconds
2024-10-04T14:03:20.669+0300: 201.571: Application time: 0.7576031 seconds
2024-10-04T14:03:20.669+0300: 201.571: [GC (Allocation Failure) [PSYoungGen: 188920K->9454K(193024K)] 550063K->371350K(602624K), 0.0023755 secs] [Times: user=0.00 sys=0.00, real=0.00 secs] 
2024-10-04T14:03:20.669+0300: 201.574: Total time for which application threads were stopped: 0.0026208 seconds, Stopping threads took: 0.0000874 seconds
2024-10-04T14:03:21.203+0300: 202.111: Application time: 0.5376762 seconds
2024-10-04T14:03:21.203+0300: 202.111: [GC (Allocation Failure) [PSYoungGen: 190211K->11624K(193024K)] 552106K->374248K(602624K), 0.0026121 secs] [Times: user=0.00 sys=0.00, real=0.00 secs] 
2024-10-04T14:03:21.203+0300: 202.114: Total time for which application threads were stopped: 0.0029364 seconds, Stopping threads took: 0.0001759 seconds
2024-10-04T14:03:21.699+0300: 202.597: Application time: 0.4833117 seconds
2024-10-04T14:03:21.699+0300: 202.598: [GC (Allocation Failure) [PSYoungGen: 192636K->8710K(192000K)] 555260K->374232K(601600K), 0.0024265 secs] [Times: user=0.00 sys=0.00, real=0.00 secs] 
2024-10-04T14:03:21.699+0300: 202.600: Total time for which application threads were stopped: 0.0027777 seconds, Stopping threads took: 0.0001992 seconds
2024-10-04T14:03:21.752+0300: 202.654: Application time: 0.0539424 seconds
2024-10-04T14:03:21.752+0300: 202.655: [GC (Allocation Failure) [PSYoungGen: 188297K->8742K(192512K)] 553819K->375009K(602112K), 0.0022346 secs] [Times: user=0.00 sys=0.00, real=0.00 secs] 
2024-10-04T14:03:21.752+0300: 202.657: Total time for which application threads were stopped: 0.0026640 seconds, Stopping threads took: 0.0002741 seconds
2024-10-04T14:03:22.004+0300: 202.903: Application time: 0.2464685 seconds
2024-10-04T14:03:22.004+0300: 202.904: [GC (Allocation Failure) [PSYoungGen: 188686K->10167K(192512K)] 554953K->377258K(602112K), 0.0024626 secs] [Times: user=0.00 sys=0.00, real=0.00 secs] 
2024-10-04T14:03:22.004+0300: 202.906: Total time for which application threads were stopped: 0.0028494 seconds, Stopping threads took: 0.0002344 seconds
2024-10-04T14:03:22.113+0300: 203.011: Application time: 0.1052572 seconds
2024-10-04T14:03:22.113+0300: 203.012: [GC (Allocation Failure) [PSYoungGen: 190075K->8678K(192512K)] 557166K->377258K(602112K), 0.0021377 secs] [Times: user=0.00 sys=0.00, real=0.00 secs] 
2024-10-04T14:03:22.113+0300: 203.014: Total time for which application threads were stopped: 0.0024622 seconds, Stopping threads took: 0.0001867 seconds
2024-10-04T14:03:22.914+0300: 203.825: Application time: 0.8106844 seconds
2024-10-04T14:03:22.914+0300: 203.825: [GC (Allocation Failure) [PSYoungGen: 188236K->10879K(192512K)] 556816K->380925K(602112K), 0.0027721 secs] [Times: user=0.00 sys=0.02, real=0.01 secs] 
2024-10-04T14:03:22.929+0300: 203.828: Total time for which application threads were stopped: 0.0031168 seconds, Stopping threads took: 0.0001964 seconds
2024-10-04T14:03:23.384+0300: 204.281: Application time: 0.4529593 seconds
2024-10-04T14:03:23.384+0300: 204.281: [GC (Allocation Failure) [PSYoungGen: 190992K->9359K(192512K)] 561037K->381574K(602112K), 0.0023754 secs] [Times: user=0.00 sys=0.00, real=0.00 secs] 
2024-10-04T14:03:23.384+0300: 204.283: Total time for which application threads were stopped: 0.0027067 seconds, Stopping threads took: 0.0001806 seconds
2024-10-04T14:03:23.872+0300: 204.775: Application time: 0.4919553 seconds
2024-10-04T14:03:23.872+0300: 204.776: [GC (Allocation Failure) [PSYoungGen: 189369K->8774K(192512K)] 561584K->381741K(602112K), 0.0021447 secs] [Times: user=0.00 sys=0.00, real=0.00 secs] 
2024-10-04T14:03:23.872+0300: 204.778: Total time for which application threads were stopped: 0.0024832 seconds, Stopping threads took: 0.0002067 seconds
2024-10-04T14:03:23.997+0300: 204.896: Application time: 0.1185652 seconds
2024-10-04T14:03:23.997+0300: 204.897: [GC (Allocation Failure) [PSYoungGen: 188589K->9455K(192512K)] 561556K->383903K(602112K), 0.0023633 secs] [Times: user=0.00 sys=0.00, real=0.00 secs] 
2024-10-04T14:03:23.997+0300: 204.899: Total time for which application threads were stopped: 0.0027292 seconds, Stopping threads took: 0.0002135 seconds
2024-10-04T14:03:24.312+0300: 205.218: Application time: 0.3186223 seconds
2024-10-04T14:03:24.312+0300: 205.218: [GC (Allocation Failure) [PSYoungGen: 189382K->9358K(193024K)] 563830K->385328K(602624K), 0.0024538 secs] [Times: user=0.00 sys=0.00, real=0.00 secs] 
2024-10-04T14:03:24.312+0300: 205.221: Total time for which application threads were stopped: 0.0027712 seconds, Stopping threads took: 0.0001802 seconds
2024-10-04T14:03:24.505+0300: 205.411: Application time: 0.1900110 seconds
2024-10-04T14:03:24.505+0300: 205.411: [GC (Allocation Failure) [PSYoungGen: 190010K->10135K(193024K)] 565980K->386873K(602624K), 0.0026275 secs] [Times: user=0.03 sys=0.00, real=0.01 secs] 
2024-10-04T14:03:24.516+0300: 205.414: Total time for which application threads were stopped: 0.0030816 seconds, Stopping threads took: 0.0002599 seconds
2024-10-04T14:03:25.237+0300: 206.148: Application time: 0.7341890 seconds
2024-10-04T14:03:25.237+0300: 206.148: [GC (Allocation Failure) [PSYoungGen: 191138K->10880K(193024K)] 567876K->389083K(602624K), 0.0026988 secs] [Times: user=0.02 sys=0.00, real=0.02 secs] 
2024-10-04T14:03:25.253+0300: 206.151: Total time for which application threads were stopped: 0.0030474 seconds, Stopping threads took: 0.0001958 seconds
2024-10-04T14:03:25.645+0300: 206.551: Application time: 0.4005556 seconds
2024-10-04T14:03:25.645+0300: 206.552: [GC (Allocation Failure) [PSYoungGen: 191640K->10135K(193024K)] 569843K->390492K(602624K), 0.0025603 secs] [Times: user=0.00 sys=0.00, real=0.00 secs] 
2024-10-04T14:03:25.645+0300: 206.554: Total time for which application threads were stopped: 0.0028952 seconds, Stopping threads took: 0.0001365 seconds
2024-10-04T14:03:26.132+0300: 207.033: Application time: 0.4784400 seconds
2024-10-04T14:03:26.132+0300: 207.033: [GC (Allocation Failure) [PSYoungGen: 190838K->8742K(193024K)] 571194K->391284K(602624K), 0.0023252 secs] [Times: user=0.00 sys=0.00, real=0.00 secs] 
2024-10-04T14:03:26.132+0300: 207.035: Total time for which application threads were stopped: 0.0026898 seconds, Stopping threads took: 0.0002087 seconds
2024-10-04T14:03:26.273+0300: 207.180: Application time: 0.1442812 seconds
2024-10-04T14:03:26.273+0300: 207.180: [GC (Allocation Failure) [PSYoungGen: 189931K->9438K(193024K)] 572473K->392045K(602624K), 0.0022371 secs] [Times: user=0.00 sys=0.00, real=0.00 secs] 
2024-10-04T14:03:26.273+0300: 207.182: Total time for which application threads were stopped: 0.0025502 seconds, Stopping threads took: 0.0001756 seconds
2024-10-04T14:03:26.430+0300: 207.330: Application time: 0.1481946 seconds
2024-10-04T14:03:26.430+0300: 207.331: [GC (Allocation Failure) [PSYoungGen: 190144K->9390K(193024K)] 572750K->393510K(602624K), 0.0023771 secs] [Times: user=0.00 sys=0.00, real=0.00 secs] 
2024-10-04T14:03:26.430+0300: 207.333: Total time for which application threads were stopped: 0.0027015 seconds, Stopping threads took: 0.0001317 seconds
2024-10-04T14:03:26.808+0300: 207.716: Application time: 0.3827450 seconds
2024-10-04T14:03:26.808+0300: 207.716: [GC (Allocation Failure) [PSYoungGen: 189994K->10167K(193024K)] 574114K->395047K(602624K), 0.0023427 secs] [Times: user=0.00 sys=0.00, real=0.00 secs] 
2024-10-04T14:03:26.808+0300: 207.719: Total time for which application threads were stopped: 0.0026400 seconds, Stopping threads took: 0.0001664 seconds
2024-10-04T14:03:27.575+0300: 208.484: Application time: 0.7658764 seconds
2024-10-04T14:03:27.575+0300: 208.485: [GC (Allocation Failure) [PSYoungGen: 191370K->10880K(193024K)] 576250K->397233K(602624K), 0.0026928 secs] [Times: user=0.00 sys=0.00, real=0.02 secs] 
2024-10-04T14:03:27.591+0300: 208.488: Total time for which application threads were stopped: 0.0030402 seconds, Stopping threads took: 0.0001601 seconds
2024-10-04T14:03:27.968+0300: 208.868: Application time: 0.3801769 seconds
2024-10-04T14:03:27.968+0300: 208.868: [GC (Allocation Failure) [PSYoungGen: 191636K->8742K(193024K)] 577989K->397961K(602624K), 0.0025663 secs] [Times: user=0.00 sys=0.00, real=0.00 secs] 
2024-10-04T14:03:27.968+0300: 208.871: Total time for which application threads were stopped: 0.0029215 seconds, Stopping threads took: 0.0002006 seconds
2024-10-04T14:03:28.344+0300: 209.247: Application time: 0.3764920 seconds
2024-10-04T14:03:28.344+0300: 209.247: [GC (Allocation Failure) [PSYoungGen: 189516K->10103K(193024K)] 578735K->399386K(602624K), 0.0026678 secs] [Times: user=0.02 sys=0.00, real=0.00 secs] 
2024-10-04T14:03:28.344+0300: 209.250: Total time for which application threads were stopped: 0.0030038 seconds, Stopping threads took: 0.0001911 seconds
2024-10-04T14:03:28.470+0300: 209.368: Application time: 0.1181582 seconds
2024-10-04T14:03:28.470+0300: 209.369: [GC (Allocation Failure) [PSYoungGen: 191311K->9391K(193024K)] 580594K->400155K(602624K), 0.0023897 secs] [Times: user=0.00 sys=0.00, real=0.00 secs] 
2024-10-04T14:03:28.470+0300: 209.371: Total time for which application threads were stopped: 0.0027205 seconds, Stopping threads took: 0.0001803 seconds
2024-10-04T14:03:28.737+0300: 209.634: Application time: 0.2628562 seconds
2024-10-04T14:03:28.737+0300: 209.634: [GC (Allocation Failure) [PSYoungGen: 190002K->9390K(193024K)] 580767K->401664K(602624K), 0.0023047 secs] [Times: user=0.00 sys=0.00, real=0.00 secs] 
2024-10-04T14:03:28.737+0300: 209.636: Total time for which application threads were stopped: 0.0025943 seconds, Stopping threads took: 0.0001389 seconds
2024-10-04T14:03:29.191+0300: 210.095: Application time: 0.4583928 seconds
2024-10-04T14:03:29.191+0300: 210.095: [GC (Allocation Failure) [PSYoungGen: 190010K->9454K(193024K)] 582283K->403193K(602624K), 0.0024184 secs] [Times: user=0.00 sys=0.00, real=0.00 secs] 
2024-10-04T14:03:29.191+0300: 210.098: Total time for which application threads were stopped: 0.0027325 seconds, Stopping threads took: 0.0001555 seconds
2024-10-04T14:03:29.914+0300: 210.824: Application time: 0.7260307 seconds
2024-10-04T14:03:29.914+0300: 210.824: [GC (Allocation Failure) [PSYoungGen: 190476K->10880K(192512K)] 584215K->406083K(602112K), 0.0027414 secs] [Times: user=0.02 sys=0.00, real=0.01 secs] 
2024-10-04T14:03:29.929+0300: 210.827: Total time for which application threads were stopped: 0.0031182 seconds, Stopping threads took: 0.0002126 seconds
2024-10-04T14:03:30.315+0300: 211.211: Application time: 0.3845739 seconds
2024-10-04T14:03:30.315+0300: 211.212: [GC (Allocation Failure) [PSYoungGen: 191670K->7966K(193024K)] 586874K->406051K(602624K), 0.0027539 secs] [Times: user=0.00 sys=0.00, real=0.00 secs] 
2024-10-04T14:03:30.315+0300: 211.214: Total time for which application threads were stopped: 0.0030382 seconds, Stopping threads took: 0.0001049 seconds
2024-10-04T14:03:30.620+0300: 211.517: Application time: 0.3024248 seconds
2024-10-04T14:03:30.620+0300: 211.517: [GC (Allocation Failure) [PSYoungGen: 188523K->9390K(193024K)] 586609K->408965K(602624K), 0.0023974 secs] [Times: user=0.00 sys=0.00, real=0.00 secs] 
2024-10-04T14:03:30.620+0300: 211.519: Total time for which application threads were stopped: 0.0027024 seconds, Stopping threads took: 0.0001323 seconds
2024-10-04T14:03:30.699+0300: 211.608: Application time: 0.0884448 seconds
2024-10-04T14:03:30.699+0300: 211.608: [GC (Allocation Failure) [PSYoungGen: 190085K->8678K(193024K)] 589659K->409045K(602624K), 0.0022609 secs] [Times: user=0.00 sys=0.00, real=0.02 secs] 
2024-10-04T14:03:30.714+0300: 211.610: Total time for which application threads were stopped: 0.0025202 seconds, Stopping threads took: 0.0000926 seconds
2024-10-04T14:03:31.122+0300: 212.025: Application time: 0.4146414 seconds
2024-10-04T14:03:31.122+0300: 212.025: [GC (Allocation Failure) [PSYoungGen: 189265K->8678K(193024K)] 589632K->410526K(602624K), 0.0023252 secs] [Times: user=0.00 sys=0.00, real=0.00 secs] 
2024-10-04T14:03:31.122+0300: 212.028: Total time for which application threads were stopped: 0.0026257 seconds, Stopping threads took: 0.0001145 seconds
2024-10-04T14:03:31.545+0300: 212.447: Application time: 0.4189546 seconds
2024-10-04T14:03:31.545+0300: 212.447: [GC (Allocation Failure) [PSYoungGen: 189352K->10199K(193024K)] 591200K->412800K(602624K), 0.0023292 secs] [Times: user=0.02 sys=0.00, real=0.00 secs] 
2024-10-04T14:03:31.545+0300: 212.449: Total time for which application threads were stopped: 0.0026434 seconds, Stopping threads took: 0.0001624 seconds
2024-10-04T14:03:32.267+0300: 213.170: Application time: 0.7210950 seconds
2024-10-04T14:03:32.267+0300: 213.171: [GC (Allocation Failure) [PSYoungGen: 191214K->10167K(193024K)] 593815K->414954K(602624K), 0.0027596 secs] [Times: user=0.00 sys=0.00, real=0.00 secs] 
2024-10-04T14:03:32.267+0300: 213.173: Total time for which application threads were stopped: 0.0030404 seconds, Stopping threads took: 0.0001005 seconds
2024-10-04T14:03:32.660+0300: 213.564: Application time: 0.3900888 seconds
2024-10-04T14:03:32.660+0300: 213.564: [GC (Allocation Failure) [PSYoungGen: 190942K->9391K(193024K)] 595728K->416338K(602624K), 0.0024680 secs] [Times: user=0.01 sys=0.00, real=0.00 secs] 
2024-10-04T14:03:32.660+0300: 213.566: [Full GC (Ergonomics) [PSYoungGen: 9391K->0K(193024K)] [ParOldGen: 406947K->16405K(409600K)] 416338K->16405K(602624K), [Metaspace: 8300K->8300K(1056768K)], 0.0090770 secs] [Times: user=0.02 sys=0.00, real=0.02 secs] 
2024-10-04T14:03:32.679+0300: 213.575: Total time for which application threads were stopped: 0.0119094 seconds, Stopping threads took: 0.0001173 seconds
2024-10-04T14:03:32.848+0300: 213.749: Application time: 0.1734482 seconds
2024-10-04T14:03:32.848+0300: 213.749: [GC (Allocation Failure) [PSYoungGen: 181196K->8710K(193024K)] 197601K->25115K(602624K), 0.0018466 secs] [Times: user=0.00 sys=0.00, real=0.00 secs] 
2024-10-04T14:03:32.848+0300: 213.751: Total time for which application threads were stopped: 0.0022272 seconds, Stopping threads took: 0.0001979 seconds
2024-10-04T14:03:33.068+0300: 213.978: Application time: 0.2269619 seconds
2024-10-04T14:03:33.068+0300: 213.978: [GC (Allocation Failure) [PSYoungGen: 189438K->8678K(193024K)] 205843K->25872K(602624K), 0.0019752 secs] [Times: user=0.02 sys=0.00, real=0.02 secs] 
2024-10-04T14:03:33.084+0300: 213.980: Total time for which application threads were stopped: 0.0022698 seconds, Stopping threads took: 0.0001288 seconds
2024-10-04T14:03:33.492+0300: 214.396: Application time: 0.4152208 seconds
2024-10-04T14:03:33.492+0300: 214.396: [GC (Allocation Failure) [PSYoungGen: 189295K->8710K(193536K)] 206489K->27368K(603136K), 0.0021578 secs] [Times: user=0.00 sys=0.00, real=0.00 secs] 
2024-10-04T14:03:33.492+0300: 214.398: Total time for which application threads were stopped: 0.0024547 seconds, Stopping threads took: 0.0001540 seconds
2024-10-04T14:03:33.947+0300: 214.852: Application time: 0.4540103 seconds
2024-10-04T14:03:33.947+0300: 214.852: [GC (Allocation Failure) [PSYoungGen: 190818K->9454K(193536K)] 209477K->28874K(603136K), 0.0020122 secs] [Times: user=0.00 sys=0.00, real=0.00 secs] 
2024-10-04T14:03:33.947+0300: 214.854: Total time for which application threads were stopped: 0.0023210 seconds, Stopping threads took: 0.0001405 seconds
2024-10-04T14:03:34.575+0300: 215.486: Application time: 0.6315231 seconds
2024-10-04T14:03:34.575+0300: 215.486: [GC (Allocation Failure) [PSYoungGen: 191194K->10167K(193536K)] 210613K->31756K(603136K), 0.0025782 secs] [Times: user=0.02 sys=0.00, real=0.02 secs] 
2024-10-04T14:03:34.591+0300: 215.489: Total time for which application threads were stopped: 0.0029520 seconds, Stopping threads took: 0.0002019 seconds
2024-10-04T14:03:34.968+0300: 215.877: Application time: 0.3884135 seconds
2024-10-04T14:03:34.968+0300: 215.878: [GC (Allocation Failure) [PSYoungGen: 192408K->9422K(193536K)] 213997K->33173K(603136K), 0.0024314 secs] [Times: user=0.01 sys=0.00, real=0.02 secs] 
2024-10-04T14:03:34.983+0300: 215.880: Total time for which application threads were stopped: 0.0027263 seconds, Stopping threads took: 0.0001276 seconds
2024-10-04T14:03:35.125+0300: 216.027: Application time: 0.1474729 seconds
2024-10-04T14:03:35.125+0300: 216.028: [GC (Allocation Failure) [PSYoungGen: 191322K->8678K(193536K)] 215072K->33918K(603136K), 0.0040700 secs] [Times: user=0.00 sys=0.00, real=0.00 secs] 
2024-10-04T14:03:35.125+0300: 216.032: Total time for which application threads were stopped: 0.0044913 seconds, Stopping threads took: 0.0002299 seconds
2024-10-04T14:03:35.360+0300: 216.257: Application time: 0.2251840 seconds
2024-10-04T14:03:35.360+0300: 216.257: [GC (Allocation Failure) [PSYoungGen: 190710K->10167K(193536K)] 215949K->36199K(603136K), 0.0019729 secs] [Times: user=0.00 sys=0.00, real=0.00 secs] 
2024-10-04T14:03:35.360+0300: 216.259: Total time for which application threads were stopped: 0.0022636 seconds, Stopping threads took: 0.0001348 seconds
2024-10-04T14:03:35.753+0300: 216.650: Application time: 0.3907601 seconds
2024-10-04T14:03:35.753+0300: 216.650: [GC (Allocation Failure) [PSYoungGen: 192272K->9454K(193536K)] 218304K->36987K(603136K), 0.0022321 secs] [Times: user=0.00 sys=0.00, real=0.00 secs] 
2024-10-04T14:03:35.753+0300: 216.653: Total time for which application threads were stopped: 0.0025952 seconds, Stopping threads took: 0.0001986 seconds
2024-10-04T14:03:36.254+0300: 217.151: Application time: 0.4977294 seconds
2024-10-04T14:03:36.254+0300: 217.151: [GC (Allocation Failure) [PSYoungGen: 191196K->9422K(193536K)] 218729K->38437K(603136K), 0.0019923 secs] [Times: user=0.00 sys=0.00, real=0.00 secs] 
2024-10-04T14:03:36.254+0300: 217.153: Total time for which application threads were stopped: 0.0022995 seconds, Stopping threads took: 0.0001661 seconds
2024-10-04T14:03:36.772+0300: 217.669: Application time: 0.5166075 seconds
2024-10-04T14:03:36.772+0300: 217.670: [GC (Allocation Failure) [PSYoungGen: 191628K->10880K(193536K)] 220643K->40623K(603136K), 0.0020992 secs] [Times: user=0.00 sys=0.00, real=0.00 secs] 
2024-10-04T14:03:36.772+0300: 217.672: Total time for which application threads were stopped: 0.0024564 seconds, Stopping threads took: 0.0002063 seconds
2024-10-04T14:03:37.243+0300: 218.139: Application time: 0.4675302 seconds
2024-10-04T14:03:37.243+0300: 218.140: [GC (Allocation Failure) [PSYoungGen: 192622K->8742K(193536K)] 222365K->41383K(603136K), 0.0020096 secs] [Times: user=0.00 sys=0.00, real=0.00 secs] 
2024-10-04T14:03:37.243+0300: 218.142: Total time for which application threads were stopped: 0.0023557 seconds, Stopping threads took: 0.0002008 seconds
2024-10-04T14:03:37.368+0300: 218.268: Application time: 0.1260997 seconds
2024-10-04T14:03:37.368+0300: 218.268: [GC (Allocation Failure) [PSYoungGen: 190717K->8742K(193536K)] 223358K->42119K(603136K), 0.0017462 secs] [Times: user=0.00 sys=0.00, real=0.00 secs] 
2024-10-04T14:03:37.368+0300: 218.270: Total time for which application threads were stopped: 0.0020875 seconds, Stopping threads took: 0.0002046 seconds
2024-10-04T14:03:37.447+0300: 218.345: Application time: 0.0751469 seconds
2024-10-04T14:03:37.462+0300: 218.359: [GC (Allocation Failure) [PSYoungGen: 190518K->9423K(193536K)] 223895K->43601K(603136K), 0.0023186 secs] [Times: user=0.00 sys=0.00, real=0.00 secs] 
2024-10-04T14:03:37.462+0300: 218.361: Total time for which application threads were stopped: 0.0159151 seconds, Stopping threads took: 0.0133994 seconds
2024-10-04T14:03:37.855+0300: 218.764: Application time: 0.4028882 seconds
2024-10-04T14:03:37.855+0300: 218.764: [GC (Allocation Failure) [PSYoungGen: 191512K->10103K(193536K)] 225689K->45081K(603136K), 0.0019481 secs] [Times: user=0.00 sys=0.00, real=0.00 secs] 
2024-10-04T14:03:37.855+0300: 218.766: Total time for which application threads were stopped: 0.0023014 seconds, Stopping threads took: 0.0001966 seconds
2024-10-04T14:03:38.514+0300: 219.424: Application time: 0.6574771 seconds
2024-10-04T14:03:38.514+0300: 219.424: [GC (Allocation Failure) [PSYoungGen: 191843K->10848K(193536K)] 226822K->46587K(603136K), 0.0025777 secs] [Times: user=0.05 sys=0.02, real=0.02 secs] 
2024-10-04T14:03:38.530+0300: 219.427: Total time for which application threads were stopped: 0.0029071 seconds, Stopping threads took: 0.0001518 seconds
2024-10-04T14:03:39.078+0300: 219.981: Application time: 0.5542568 seconds
2024-10-04T14:03:39.078+0300: 219.981: [GC (Allocation Failure) [PSYoungGen: 193047K->9455K(192512K)] 228786K->47348K(602112K), 0.0021514 secs] [Times: user=0.00 sys=0.00, real=0.00 secs] 
2024-10-04T14:03:39.078+0300: 219.983: Total time for which application threads were stopped: 0.0026002 seconds, Stopping threads took: 0.0002918 seconds
2024-10-04T14:03:39.397+0300: 220.293: Application time: 0.3097748 seconds
2024-10-04T14:03:39.397+0300: 220.294: [GC (Allocation Failure) [PSYoungGen: 190293K->8646K(193024K)] 228186K->47323K(602624K), 0.0018531 secs] [Times: user=0.01 sys=0.00, real=0.00 secs] 
2024-10-04T14:03:39.399+0300: 220.295: Total time for which application threads were stopped: 0.0022155 seconds, Stopping threads took: 0.0002112 seconds
2024-10-04T14:03:39.632+0300: 220.534: Application time: 0.2382442 seconds
2024-10-04T14:03:39.632+0300: 220.534: [GC (Allocation Failure) [PSYoungGen: 189845K->9455K(193536K)] 228522K->48892K(603136K), 0.0019705 secs] [Times: user=0.00 sys=0.00, real=0.00 secs] 
2024-10-04T14:03:39.632+0300: 220.536: Total time for which application threads were stopped: 0.0023424 seconds, Stopping threads took: 0.0002237 seconds
2024-10-04T14:03:39.675+0300: 220.572: Application time: 0.0361443 seconds
2024-10-04T14:03:39.675+0300: 220.572: [GC (Allocation Failure) [PSYoungGen: 190927K->7221K(193024K)] 230365K->48896K(602624K), 0.0018919 secs] [Times: user=0.00 sys=0.00, real=0.00 secs] 
2024-10-04T14:03:39.675+0300: 220.574: Total time for which application threads were stopped: 0.0021581 seconds, Stopping threads took: 0.0000991 seconds
2024-10-04T14:03:40.193+0300: 221.096: Application time: 0.5217980 seconds
2024-10-04T14:03:40.193+0300: 221.096: [GC (Allocation Failure) [PSYoungGen: 188290K->9454K(193536K)] 229966K->52603K(603136K), 0.0020665 secs] [Times: user=0.00 sys=0.00, real=0.00 secs] 
2024-10-04T14:03:40.193+0300: 221.099: Total time for which application threads were stopped: 0.0024049 seconds, Stopping threads took: 0.0001979 seconds
2024-10-04T14:03:40.868+0300: 221.769: Application time: 0.6701534 seconds
2024-10-04T14:03:40.868+0300: 221.769: [GC (Allocation Failure) [PSYoungGen: 190615K->10880K(193024K)] 233764K->55501K(602624K), 0.0024455 secs] [Times: user=0.00 sys=0.00, real=0.00 secs] 
2024-10-04T14:03:40.868+0300: 221.772: Total time for which application threads were stopped: 0.0027730 seconds, Stopping threads took: 0.0001918 seconds
2024-10-04T14:03:41.293+0300: 222.200: Application time: 0.4281094 seconds
2024-10-04T14:03:41.293+0300: 222.200: [GC (Allocation Failure) [PSYoungGen: 192568K->8030K(193024K)] 237189K->54813K(602624K), 0.0018455 secs] [Times: user=0.00 sys=0.00, real=0.00 secs] 
2024-10-04T14:03:41.293+0300: 222.202: Total time for which application threads were stopped: 0.0021609 seconds, Stopping threads took: 0.0001865 seconds
2024-10-04T14:03:41.638+0300: 222.549: Application time: 0.3472310 seconds
2024-10-04T14:03:41.638+0300: 222.549: [GC (Allocation Failure) [PSYoungGen: 188834K->9391K(193024K)] 235617K->56950K(602624K), 0.0021857 secs] [Times: user=0.01 sys=0.00, real=0.02 secs] 
2024-10-04T14:03:41.654+0300: 222.552: Total time for which application threads were stopped: 0.0025439 seconds, Stopping threads took: 0.0001431 seconds
2024-10-04T14:03:41.858+0300: 222.769: Application time: 0.2173788 seconds
2024-10-04T14:03:41.873+0300: 222.770: [GC (Allocation Failure) [PSYoungGen: 190638K->8062K(193024K)] 238197K->56374K(602624K), 0.0018215 secs] [Times: user=0.00 sys=0.00, real=0.00 secs] 
2024-10-04T14:03:41.873+0300: 222.771: Total time for which application threads were stopped: 0.0024588 seconds, Stopping threads took: 0.0004985 seconds
2024-10-04T14:03:42.014+0300: 222.925: Application time: 0.1537762 seconds
2024-10-04T14:03:42.014+0300: 222.925: [GC (Allocation Failure) [PSYoungGen: 189093K->10135K(193024K)] 237405K->59284K(602624K), 0.0019447 secs] [Times: user=0.02 sys=0.00, real=0.02 secs] 
2024-10-04T14:03:42.030+0300: 222.927: Total time for which application threads were stopped: 0.0022181 seconds, Stopping threads took: 0.0001343 seconds
2024-10-04T14:03:42.548+0300: 223.448: Application time: 0.5201809 seconds
2024-10-04T14:03:42.548+0300: 223.448: [GC (Allocation Failure) [PSYoungGen: 190759K->9422K(193024K)] 239908K->60725K(602624K), 0.0022309 secs] [Times: user=0.00 sys=0.00, real=0.00 secs] 
2024-10-04T14:03:42.548+0300: 223.450: Total time for which application threads were stopped: 0.0025384 seconds, Stopping threads took: 0.0001338 seconds
2024-10-04T14:03:43.222+0300: 224.131: Application time: 0.6806835 seconds
2024-10-04T14:03:43.222+0300: 224.131: [GC (Allocation Failure) [PSYoungGen: 190457K->11592K(193024K)] 241759K->63655K(602624K), 0.0021711 secs] [Times: user=0.00 sys=0.00, real=0.00 secs] 
2024-10-04T14:03:43.222+0300: 224.133: Total time for which application threads were stopped: 0.0024695 seconds, Stopping threads took: 0.0001672 seconds
2024-10-04T14:03:43.599+0300: 224.502: Application time: 0.3691388 seconds
2024-10-04T14:03:43.599+0300: 224.503: [GC (Allocation Failure) [PSYoungGen: 192415K->8678K(192000K)] 244478K->63615K(601600K), 0.0020799 secs] [Times: user=0.00 sys=0.00, real=0.00 secs] 
2024-10-04T14:03:43.599+0300: 224.505: Total time for which application threads were stopped: 0.0023535 seconds, Stopping threads took: 0.0001094 seconds
2024-10-04T14:03:43.960+0300: 224.864: Application time: 0.3588876 seconds
2024-10-04T14:03:43.960+0300: 224.864: [GC (Allocation Failure) [PSYoungGen: 188675K->8646K(192512K)] 243612K->65072K(602112K), 0.0018276 secs] [Times: user=0.00 sys=0.00, real=0.00 secs] 
2024-10-04T14:03:43.960+0300: 224.866: Total time for which application threads were stopped: 0.0021019 seconds, Stopping threads took: 0.0001246 seconds
2024-10-04T14:03:44.148+0300: 225.057: Application time: 0.1910428 seconds
2024-10-04T14:03:44.148+0300: 225.057: [GC (Allocation Failure) [PSYoungGen: 188363K->8710K(193024K)] 244789K->65896K(602624K), 0.0017892 secs] [Times: user=0.00 sys=0.00, real=0.00 secs] 
2024-10-04T14:03:44.148+0300: 225.059: Total time for which application threads were stopped: 0.0021160 seconds, Stopping threads took: 0.0001700 seconds
2024-10-04T14:03:44.368+0300: 225.272: Application time: 0.2135230 seconds
2024-10-04T14:03:44.368+0300: 225.273: [GC (Allocation Failure) [PSYoungGen: 189340K->9422K(192512K)] 246526K->67409K(602112K), 0.0018454 secs] [Times: user=0.00 sys=0.00, real=0.00 secs] 
2024-10-04T14:03:44.368+0300: 225.275: Total time for which application threads were stopped: 0.0021457 seconds, Stopping threads took: 0.0001707 seconds
2024-10-04T14:03:44.870+0300: 225.767: Application time: 0.4926085 seconds
2024-10-04T14:03:44.870+0300: 225.767: [GC (Allocation Failure) [PSYoungGen: 190050K->9454K(193024K)] 248037K->68914K(602624K), 0.0022129 secs] [Times: user=0.00 sys=0.00, real=0.00 secs] 
2024-10-04T14:03:44.870+0300: 225.770: Total time for which application threads were stopped: 0.0024820 seconds, Stopping threads took: 0.0000804 seconds
2024-10-04T14:03:45.576+0300: 226.487: Application time: 0.7176508 seconds
2024-10-04T14:03:45.576+0300: 226.488: [GC (Allocation Failure) [PSYoungGen: 190462K->10880K(193024K)] 249922K->71805K(602624K), 0.0022242 secs] [Times: user=0.02 sys=0.00, real=0.02 secs] 
2024-10-04T14:03:45.592+0300: 226.490: Total time for which application threads were stopped: 0.0025018 seconds, Stopping threads took: 0.0000992 seconds
2024-10-04T14:03:46.000+0300: 226.900: Application time: 0.4103456 seconds
2024-10-04T14:03:46.000+0300: 226.900: [GC (Allocation Failure) [PSYoungGen: 192128K->8030K(193024K)] 253053K->71100K(602624K), 0.0018621 secs] [Times: user=0.00 sys=0.00, real=0.00 secs] 
2024-10-04T14:03:46.000+0300: 226.902: Total time for which application threads were stopped: 0.0021402 seconds, Stopping threads took: 0.0001492 seconds
2024-10-04T14:03:46.392+0300: 227.293: Application time: 0.3903427 seconds
2024-10-04T14:03:46.392+0300: 227.293: [GC (Allocation Failure) [PSYoungGen: 189027K->8678K(193024K)] 252098K->73262K(602624K), 0.0018933 secs] [Times: user=0.00 sys=0.00, real=0.00 secs] 
2024-10-04T14:03:46.392+0300: 227.295: Total time for which application threads were stopped: 0.0022472 seconds, Stopping threads took: 0.0002044 seconds
2024-10-04T14:03:46.471+0300: 227.376: Application time: 0.0808808 seconds
2024-10-04T14:03:46.471+0300: 227.376: [GC (Allocation Failure) [PSYoungGen: 189886K->7997K(193024K)] 254470K->73342K(602624K), 0.0017963 secs] [Times: user=0.00 sys=0.00, real=0.00 secs] 
2024-10-04T14:03:46.471+0300: 227.378: Total time for which application threads were stopped: 0.0021171 seconds, Stopping threads took: 0.0001703 seconds
2024-10-04T14:03:46.816+0300: 227.716: Application time: 0.3383942 seconds
2024-10-04T14:03:46.816+0300: 227.717: [GC (Allocation Failure) [PSYoungGen: 188600K->9454K(193024K)] 253945K->75591K(602624K), 0.0018498 secs] [Times: user=0.00 sys=0.00, real=0.00 secs] 
2024-10-04T14:03:46.816+0300: 227.719: Total time for which application threads were stopped: 0.0021548 seconds, Stopping threads took: 0.0001760 seconds
2024-10-04T14:03:47.208+0300: 228.116: Application time: 0.3975917 seconds
2024-10-04T14:03:47.208+0300: 228.116: [GC (Allocation Failure) [PSYoungGen: 190095K->8774K(193024K)] 256232K->76376K(602624K), 0.0019180 secs] [Times: user=0.00 sys=0.00, real=0.00 secs] 
2024-10-04T14:03:47.208+0300: 228.118: Total time for which application threads were stopped: 0.0023416 seconds, Stopping threads took: 0.0002477 seconds
2024-10-04T14:03:47.852+0300: 228.758: Application time: 0.6393094 seconds
2024-10-04T14:03:47.852+0300: 228.758: [GC (Allocation Failure) [PSYoungGen: 189493K->11624K(193024K)] 257095K->79979K(602624K), 0.0025683 secs] [Times: user=0.00 sys=0.00, real=0.00 secs] 
2024-10-04T14:03:47.852+0300: 228.761: Total time for which application threads were stopped: 0.0029317 seconds, Stopping threads took: 0.0002016 seconds
2024-10-04T14:03:48.247+0300: 229.156: Application time: 0.3949205 seconds
2024-10-04T14:03:48.260+0300: 229.156: [GC (Allocation Failure) [PSYoungGen: 192410K->9423K(193024K)] 260764K->80683K(602624K), 0.0025440 secs] [Times: user=0.00 sys=0.00, real=0.00 secs] 
2024-10-04T14:03:48.260+0300: 229.158: Total time for which application threads were stopped: 0.0028415 seconds, Stopping threads took: 0.0001595 seconds
2024-10-04T14:03:48.547+0300: 229.445: Application time: 0.2869178 seconds
2024-10-04T14:03:48.547+0300: 229.446: [GC (Allocation Failure) [PSYoungGen: 190187K->10135K(191488K)] 261448K->82156K(601088K), 0.0021528 secs] [Times: user=0.00 sys=0.00, real=0.00 secs] 
2024-10-04T14:03:48.547+0300: 229.448: Total time for which application threads were stopped: 0.0024732 seconds, Stopping threads took: 0.0001179 seconds
2024-10-04T14:03:48.699+0300: 229.602: Application time: 0.1543539 seconds
2024-10-04T14:03:48.699+0300: 229.603: [GC (Allocation Failure) [PSYoungGen: 191270K->9391K(193024K)] 263291K->82901K(602624K), 0.0021229 secs] [Times: user=0.00 sys=0.00, real=0.00 secs] 
2024-10-04T14:03:48.699+0300: 229.605: Total time for which application threads were stopped: 0.0026615 seconds, Stopping threads took: 0.0003782 seconds
2024-10-04T14:03:49.076+0300: 229.982: Application time: 0.3768639 seconds
2024-10-04T14:03:49.076+0300: 229.982: [GC (Allocation Failure) [PSYoungGen: 189672K->10167K(192512K)] 263182K->84474K(602112K), 0.0020248 secs] [Times: user=0.00 sys=0.00, real=0.00 secs] 
2024-10-04T14:03:49.076+0300: 229.984: Total time for which application threads were stopped: 0.0023705 seconds, Stopping threads took: 0.0001952 seconds
2024-10-04T14:03:49.499+0300: 230.410: Application time: 0.4254682 seconds
2024-10-04T14:03:49.499+0300: 230.410: [GC (Allocation Failure) [PSYoungGen: 190814K->8710K(193024K)] 265120K->85178K(602624K), 0.0023805 secs] [Times: user=0.00 sys=0.00, real=0.02 secs] 
2024-10-04T14:03:49.515+0300: 230.412: Total time for which application threads were stopped: 0.0026935 seconds, Stopping threads took: 0.0001460 seconds
2024-10-04T14:03:50.191+0300: 231.099: Application time: 0.6867911 seconds
2024-10-04T14:03:50.191+0300: 231.099: [GC (Allocation Failure) [PSYoungGen: 189410K->10880K(192512K)] 265879K->88821K(602112K), 0.0023486 secs] [Times: user=0.00 sys=0.00, real=0.00 secs] 
2024-10-04T14:03:50.191+0300: 231.102: Total time for which application threads were stopped: 0.0027196 seconds, Stopping threads took: 0.0002245 seconds
2024-10-04T14:03:50.556+0300: 231.453: Application time: 0.3511049 seconds
2024-10-04T14:03:50.557+0300: 231.453: [GC (Allocation Failure) [PSYoungGen: 191691K->9422K(193024K)] 269633K->89558K(602624K), 0.0022867 secs] [Times: user=0.00 sys=0.00, real=0.00 secs] 
2024-10-04T14:03:50.559+0300: 231.456: Total time for which application threads were stopped: 0.0026443 seconds, Stopping threads took: 0.0001703 seconds
2024-10-04T14:03:50.739+0300: 231.646: Application time: 0.1905208 seconds
2024-10-04T14:03:50.739+0300: 231.646: [GC (Allocation Failure) [PSYoungGen: 190157K->10103K(192512K)] 270292K->91007K(602112K), 0.0021436 secs] [Times: user=0.02 sys=0.00, real=0.01 secs] 
2024-10-04T14:03:50.751+0300: 231.649: Total time for which application threads were stopped: 0.0025003 seconds, Stopping threads took: 0.0001929 seconds
2024-10-04T14:03:50.881+0300: 231.791: Application time: 0.1427552 seconds
2024-10-04T14:03:50.881+0300: 231.792: [GC (Allocation Failure) [PSYoungGen: 190458K->9390K(193024K)] 271361K->91783K(602624K), 0.0021448 secs] [Times: user=0.01 sys=0.00, real=0.01 secs] 
2024-10-04T14:03:50.896+0300: 231.794: Total time for which application threads were stopped: 0.0024835 seconds, Stopping threads took: 0.0001912 seconds
2024-10-04T14:03:51.453+0300: 232.350: Application time: 0.5558087 seconds
2024-10-04T14:03:51.453+0300: 232.350: [GC (Allocation Failure) [PSYoungGen: 190513K->9454K(193024K)] 272906K->93348K(602624K), 0.0021387 secs] [Times: user=0.00 sys=0.00, real=0.00 secs] 
2024-10-04T14:03:51.453+0300: 232.352: Total time for which application threads were stopped: 0.0024376 seconds, Stopping threads took: 0.0001279 seconds
2024-10-04T14:03:51.900+0300: 232.805: Application time: 0.4533887 seconds
2024-10-04T14:03:51.900+0300: 232.806: [GC (Allocation Failure) [PSYoungGen: 190239K->9390K(193536K)] 274133K->94029K(603136K), 0.0018825 secs] [Times: user=0.00 sys=0.00, real=0.00 secs] 
2024-10-04T14:03:51.900+0300: 232.808: Total time for which application threads were stopped: 0.0022039 seconds, Stopping threads took: 0.0001807 seconds
2024-10-04T14:03:52.433+0300: 233.330: Application time: 0.5221259 seconds
2024-10-04T14:03:52.433+0300: 233.330: [GC (Allocation Failure) [PSYoungGen: 190805K->7966K(193024K)] 275443K->95502K(602624K), 0.0019774 secs] [Times: user=0.00 sys=0.00, real=0.00 secs] 
2024-10-04T14:03:52.433+0300: 233.332: Total time for which application threads were stopped: 0.0023009 seconds, Stopping threads took: 0.0001597 seconds
2024-10-04T14:03:52.779+0300: 233.685: Application time: 0.3525433 seconds
2024-10-04T14:03:52.779+0300: 233.685: [GC (Allocation Failure) [PSYoungGen: 189467K->9454K(193536K)] 277004K->97759K(603136K), 0.0020563 secs] [Times: user=0.00 sys=0.00, real=0.00 secs] 
2024-10-04T14:03:52.779+0300: 233.687: Total time for which application threads were stopped: 0.0024053 seconds, Stopping threads took: 0.0002113 seconds
2024-10-04T14:03:52.998+0300: 233.904: Application time: 0.2167246 seconds
2024-10-04T14:03:52.998+0300: 233.904: [GC (Allocation Failure) [PSYoungGen: 190672K->9390K(193024K)] 278977K->98480K(602624K), 0.0023194 secs] [Times: user=0.00 sys=0.00, real=0.00 secs] 
2024-10-04T14:03:52.998+0300: 233.906: Total time for which application threads were stopped: 0.0026341 seconds, Stopping threads took: 0.0001760 seconds
2024-10-04T14:03:53.093+0300: 233.999: Application time: 0.0926361 seconds
2024-10-04T14:03:53.093+0300: 233.999: [GC (Allocation Failure) [PSYoungGen: 190767K->10879K(192512K)] 279856K->100765K(602112K), 0.0021834 secs] [Times: user=0.00 sys=0.00, real=0.00 secs] 
2024-10-04T14:03:53.093+0300: 234.002: Total time for which application threads were stopped: 0.0024997 seconds, Stopping threads took: 0.0001263 seconds
2024-10-04T14:03:53.831+0300: 234.734: Application time: 0.7324553 seconds
2024-10-04T14:03:53.831+0300: 234.734: [GC (Allocation Failure) [PSYoungGen: 191879K->10167K(193024K)] 281765K->102231K(602624K), 0.0023337 secs] [Times: user=0.00 sys=0.00, real=0.00 secs] 
2024-10-04T14:03:53.831+0300: 234.737: Total time for which application threads were stopped: 0.0027311 seconds, Stopping threads took: 0.0002320 seconds
2024-10-04T14:03:54.302+0300: 235.203: Application time: 0.4663832 seconds
2024-10-04T14:03:54.302+0300: 235.203: [GC (Allocation Failure) [PSYoungGen: 190858K->10167K(193024K)] 282922K->103672K(602624K), 0.0021305 secs] [Times: user=0.00 sys=0.00, real=0.00 secs] 
2024-10-04T14:03:54.302+0300: 235.206: Total time for which application threads were stopped: 0.0024663 seconds, Stopping threads took: 0.0002030 seconds
2024-10-04T14:03:54.615+0300: 235.516: Application time: 0.3105321 seconds
2024-10-04T14:03:54.615+0300: 235.516: [GC (Allocation Failure) [PSYoungGen: 190927K->9391K(193024K)] 284432K->105089K(602624K), 0.0024201 secs] [Times: user=0.00 sys=0.00, real=0.00 secs] 
2024-10-04T14:03:54.615+0300: 235.519: Total time for which application threads were stopped: 0.0027664 seconds, Stopping threads took: 0.0001259 seconds
2024-10-04T14:03:54.882+0300: 235.790: Application time: 0.2706478 seconds
2024-10-04T14:03:54.882+0300: 235.790: [GC (Allocation Failure) [PSYoungGen: 190114K->9423K(193536K)] 285813K->105889K(603136K), 0.0019383 secs] [Times: user=0.00 sys=0.00, real=0.00 secs] 
2024-10-04T14:03:54.882+0300: 235.792: Total time for which application threads were stopped: 0.0022857 seconds, Stopping threads took: 0.0002178 seconds
2024-10-04T14:03:55.148+0300: 236.045: Application time: 0.2534283 seconds
2024-10-04T14:03:55.148+0300: 236.046: [GC (Allocation Failure) [PSYoungGen: 190604K->9422K(193024K)] 287071K->106666K(602624K), 0.0019570 secs] [Times: user=0.00 sys=0.00, real=0.00 secs] 
2024-10-04T14:03:55.148+0300: 236.048: Total time for which application threads were stopped: 0.0022862 seconds, Stopping threads took: 0.0001768 seconds
2024-10-04T14:03:55.305+0300: 236.213: Application time: 0.1649303 seconds
2024-10-04T14:03:55.305+0300: 236.213: [GC (Allocation Failure) [PSYoungGen: 190786K->9390K(193536K)] 288029K->108151K(603136K), 0.0019837 secs] [Times: user=0.00 sys=0.00, real=0.00 secs] 
2024-10-04T14:03:55.305+0300: 236.215: Total time for which application threads were stopped: 0.0022877 seconds, Stopping threads took: 0.0001593 seconds
2024-10-04T14:03:56.120+0300: 237.027: Application time: 0.8119640 seconds
2024-10-04T14:03:56.120+0300: 237.027: [GC (Allocation Failure) [PSYoungGen: 191134K->10167K(193536K)] 289894K->110392K(603136K), 0.0022176 secs] [Times: user=0.00 sys=0.00, real=0.00 secs] 
2024-10-04T14:03:56.120+0300: 237.029: Total time for which application threads were stopped: 0.0025934 seconds, Stopping threads took: 0.0002211 seconds
2024-10-04T14:03:56.481+0300: 237.392: Application time: 0.3629997 seconds
2024-10-04T14:03:56.481+0300: 237.393: [GC (Allocation Failure) [PSYoungGen: 191730K->10848K(192512K)] 291955K->112514K(602112K), 0.0026226 secs] [Times: user=0.02 sys=0.00, real=0.02 secs] 
2024-10-04T14:03:56.497+0300: 237.395: Total time for which application threads were stopped: 0.0029220 seconds, Stopping threads took: 0.0001364 seconds
2024-10-04T14:03:56.858+0300: 237.754: Application time: 0.3591545 seconds
2024-10-04T14:03:56.858+0300: 237.755: [GC (Allocation Failure) [PSYoungGen: 191579K->8678K(193024K)] 293245K->113251K(602624K), 0.0022494 secs] [Times: user=0.00 sys=0.00, real=0.00 secs] 
2024-10-04T14:03:56.858+0300: 237.757: Total time for which application threads were stopped: 0.0026186 seconds, Stopping threads took: 0.0001805 seconds
2024-10-04T14:03:57.234+0300: 238.143: Application time: 0.3855399 seconds
2024-10-04T14:03:57.234+0300: 238.143: [GC (Allocation Failure) [PSYoungGen: 189380K->9422K(193536K)] 293953K->114051K(603136K), 0.0019413 secs] [Times: user=0.00 sys=0.00, real=0.00 secs] 
2024-10-04T14:03:57.234+0300: 238.145: Total time for which application threads were stopped: 0.0022689 seconds, Stopping threads took: 0.0001993 seconds
2024-10-04T14:03:57.439+0300: 238.344: Application time: 0.1986286 seconds
2024-10-04T14:03:57.439+0300: 238.344: [GC (Allocation Failure) [PSYoungGen: 190554K->9422K(193024K)] 295182K->115532K(602624K), 0.0021305 secs] [Times: user=0.00 sys=0.00, real=0.00 secs] 
2024-10-04T14:03:57.439+0300: 238.346: Total time for which application threads were stopped: 0.0025260 seconds, Stopping threads took: 0.0002510 seconds
2024-10-04T14:03:57.675+0300: 238.576: Application time: 0.2303017 seconds
2024-10-04T14:03:57.675+0300: 238.577: [GC (Allocation Failure) [PSYoungGen: 190809K->10103K(193536K)] 296919K->117009K(603136K), 0.0020540 secs] [Times: user=0.00 sys=0.00, real=0.00 secs] 
2024-10-04T14:03:57.675+0300: 238.579: Total time for which application threads were stopped: 0.0023529 seconds, Stopping threads took: 0.0001446 seconds
2024-10-04T14:03:58.443+0300: 239.343: Application time: 0.7646195 seconds
2024-10-04T14:03:58.443+0300: 239.344: [GC (Allocation Failure) [PSYoungGen: 191847K->10167K(193536K)] 298753K->119259K(603136K), 0.0023330 secs] [Times: user=0.00 sys=0.00, real=0.00 secs] 
2024-10-04T14:03:58.443+0300: 239.346: Total time for which application threads were stopped: 0.0026860 seconds, Stopping threads took: 0.0001836 seconds
2024-10-04T14:03:58.788+0300: 239.699: Application time: 0.3528732 seconds
2024-10-04T14:03:58.788+0300: 239.699: [GC (Allocation Failure) [PSYoungGen: 192377K->10103K(193536K)] 301469K->121357K(603136K), 0.0024465 secs] [Times: user=0.01 sys=0.00, real=0.02 secs] 
2024-10-04T14:03:58.804+0300: 239.702: Total time for which application threads were stopped: 0.0027277 seconds, Stopping threads took: 0.0001007 seconds
2024-10-04T14:03:59.164+0300: 240.062: Application time: 0.3606918 seconds
2024-10-04T14:03:59.164+0300: 240.063: [GC (Allocation Failure) [PSYoungGen: 192284K->8678K(193536K)] 303538K->122117K(603136K), 0.0022309 secs] [Times: user=0.00 sys=0.00, real=0.00 secs] 
2024-10-04T14:03:59.167+0300: 240.065: Total time for which application threads were stopped: 0.0025264 seconds, Stopping threads took: 0.0001428 seconds
2024-10-04T14:03:59.400+0300: 240.308: Application time: 0.2427796 seconds
2024-10-04T14:03:59.400+0300: 240.308: [GC (Allocation Failure) [PSYoungGen: 190621K->8029K(192512K)] 304060K->122237K(602112K), 0.0017947 secs] [Times: user=0.00 sys=0.00, real=0.00 secs] 
2024-10-04T14:03:59.400+0300: 240.310: Total time for which application threads were stopped: 0.0021846 seconds, Stopping threads took: 0.0002469 seconds
2024-10-04T14:03:59.760+0300: 240.661: Application time: 0.3510264 seconds
2024-10-04T14:03:59.760+0300: 240.661: [GC (Allocation Failure) [PSYoungGen: 188696K->9422K(193024K)] 302904K->124431K(602624K), 0.0020851 secs] [Times: user=0.00 sys=0.00, real=0.00 secs] 
2024-10-04T14:03:59.760+0300: 240.663: Total time for which application threads were stopped: 0.0025204 seconds, Stopping threads took: 0.0002280 seconds
2024-10-04T14:04:00.043+0300: 240.954: Application time: 0.2908685 seconds
2024-10-04T14:04:00.058+0300: 240.954: [GC (Allocation Failure) [PSYoungGen: 190071K->10167K(193536K)] 305079K->125927K(603136K), 0.0022914 secs] [Times: user=0.00 sys=0.00, real=0.00 secs] 
2024-10-04T14:04:00.058+0300: 240.957: Total time for which application threads were stopped: 0.0026083 seconds, Stopping threads took: 0.0001305 seconds
2024-10-04T14:04:00.812+0300: 241.723: Application time: 0.7659081 seconds
2024-10-04T14:04:00.812+0300: 241.723: [GC (Allocation Failure) [PSYoungGen: 191906K->10167K(192512K)] 307666K->128121K(602112K), 0.0026542 secs] [Times: user=0.02 sys=0.00, real=0.01 secs] 
2024-10-04T14:04:00.827+0300: 241.726: Total time for which application threads were stopped: 0.0030084 seconds, Stopping threads took: 0.0002111 seconds
2024-10-04T14:04:01.173+0300: 242.073: Application time: 0.3475859 seconds
2024-10-04T14:04:01.173+0300: 242.074: [GC (Allocation Failure) [PSYoungGen: 191730K->9423K(193536K)] 309684K->129530K(603136K), 0.0021535 secs] [Times: user=0.00 sys=0.00, real=0.00 secs] 
2024-10-04T14:04:01.173+0300: 242.076: Total time for which application threads were stopped: 0.0024191 seconds, Stopping threads took: 0.0000972 seconds
2024-10-04T14:04:01.455+0300: 242.355: Application time: 0.2796870 seconds
2024-10-04T14:04:01.455+0300: 242.356: [GC (Allocation Failure) [PSYoungGen: 190589K->9423K(193024K)] 310696K->131011K(602624K), 0.0023221 secs] [Times: user=0.00 sys=0.00, real=0.00 secs] 
2024-10-04T14:04:01.455+0300: 242.358: Total time for which application threads were stopped: 0.0026980 seconds, Stopping threads took: 0.0001876 seconds
2024-10-04T14:04:01.672+0300: 242.570: Application time: 0.2121411 seconds
2024-10-04T14:04:01.672+0300: 242.571: [GC (Allocation Failure) [PSYoungGen: 190839K->9359K(193536K)] 312428K->131752K(603136K), 0.0021050 secs] [Times: user=0.00 sys=0.00, real=0.00 secs] 
2024-10-04T14:04:01.675+0300: 242.573: Total time for which application threads were stopped: 0.0024326 seconds, Stopping threads took: 0.0001850 seconds
2024-10-04T14:04:01.957+0300: 242.861: Application time: 0.2885664 seconds
2024-10-04T14:04:01.957+0300: 242.862: [GC (Allocation Failure) [PSYoungGen: 191478K->9422K(193536K)] 313871K->132584K(603136K), 0.0019798 secs] [Times: user=0.00 sys=0.00, real=0.00 secs] 
2024-10-04T14:04:01.957+0300: 242.864: Total time for which application threads were stopped: 0.0022951 seconds, Stopping threads took: 0.0001784 seconds
2024-10-04T14:04:02.397+0300: 243.296: Application time: 0.4324396 seconds
2024-10-04T14:04:02.397+0300: 243.296: [GC (Allocation Failure) [PSYoungGen: 191512K->10167K(193536K)] 314674K->134794K(603136K), 0.0021242 secs] [Times: user=0.00 sys=0.00, real=0.00 secs] 
2024-10-04T14:04:02.397+0300: 243.299: Total time for which application threads were stopped: 0.0024610 seconds, Stopping threads took: 0.0001836 seconds
2024-10-04T14:04:03.088+0300: 243.986: Application time: 0.6879337 seconds
2024-10-04T14:04:03.088+0300: 243.987: [GC (Allocation Failure) [PSYoungGen: 191917K->10167K(193536K)] 316544K->136980K(603136K), 0.0022923 secs] [Times: user=0.00 sys=0.00, real=0.00 secs] 
2024-10-04T14:04:03.088+0300: 243.989: Total time for which application threads were stopped: 0.0025901 seconds, Stopping threads took: 0.0001469 seconds
2024-10-04T14:04:03.418+0300: 244.317: Application time: 0.3281043 seconds
2024-10-04T14:04:03.418+0300: 244.317: [GC (Allocation Failure) [PSYoungGen: 192213K->10167K(193536K)] 319026K->139133K(603136K), 0.0023051 secs] [Times: user=0.00 sys=0.00, real=0.00 secs] 
2024-10-04T14:04:03.418+0300: 244.320: Total time for which application threads were stopped: 0.0026090 seconds, Stopping threads took: 0.0001507 seconds
2024-10-04T14:04:03.496+0300: 244.403: Application time: 0.0829385 seconds
2024-10-04T14:04:03.496+0300: 244.403: [GC (Allocation Failure) [PSYoungGen: 192382K->9359K(193536K)] 321348K->139850K(603136K), 0.0024120 secs] [Times: user=0.00 sys=0.00, real=0.00 secs] 
2024-10-04T14:04:03.496+0300: 244.405: Total time for which application threads were stopped: 0.0027158 seconds, Stopping threads took: 0.0001055 seconds
2024-10-04T14:04:03.876+0300: 244.783: Application time: 0.3779848 seconds
2024-10-04T14:04:03.876+0300: 244.784: [GC (Allocation Failure) [PSYoungGen: 191435K->9422K(193536K)] 321926K->140690K(603136K), 0.0021252 secs] [Times: user=0.01 sys=0.00, real=0.01 secs] 
2024-10-04T14:04:03.889+0300: 244.786: Total time for which application threads were stopped: 0.0024753 seconds, Stopping threads took: 0.0002129 seconds
2024-10-04T14:04:04.276+0300: 245.174: Application time: 0.3884567 seconds
2024-10-04T14:04:04.276+0300: 245.175: [GC (Allocation Failure) [PSYoungGen: 191497K->10167K(193536K)] 322765K->142195K(603136K), 0.0020723 secs] [Times: user=0.00 sys=0.00, real=0.00 secs] 
2024-10-04T14:04:04.276+0300: 245.177: Total time for which application threads were stopped: 0.0023558 seconds, Stopping threads took: 0.0001498 seconds
2024-10-04T14:04:04.682+0300: 245.579: Application time: 0.4022100 seconds
2024-10-04T14:04:04.682+0300: 245.579: [GC (Allocation Failure) [PSYoungGen: 192284K->10167K(193536K)] 324312K->144381K(603136K), 0.0024705 secs] [Times: user=0.00 sys=0.00, real=0.00 secs] 
2024-10-04T14:04:04.685+0300: 245.582: Total time for which application threads were stopped: 0.0028336 seconds, Stopping threads took: 0.0001984 seconds
2024-10-04T14:04:05.269+0300: 246.172: Application time: 0.5897806 seconds
2024-10-04T14:04:05.269+0300: 246.172: [GC (Allocation Failure) [PSYoungGen: 192308K->10167K(193536K)] 326522K->146567K(603136K), 0.0023646 secs] [Times: user=0.00 sys=0.00, real=0.01 secs] 
2024-10-04T14:04:05.278+0300: 246.174: Total time for which application threads were stopped: 0.0027485 seconds, Stopping threads took: 0.0002507 seconds
2024-10-04T14:04:05.442+0300: 246.338: Application time: 0.1636539 seconds
2024-10-04T14:04:05.442+0300: 246.338: [GC (Allocation Failure) [PSYoungGen: 192433K->8646K(193536K)] 328832K->146535K(603136K), 0.0020617 secs] [Times: user=0.00 sys=0.00, real=0.00 secs] 
2024-10-04T14:04:05.442+0300: 246.340: Total time for which application threads were stopped: 0.0024014 seconds, Stopping threads took: 0.0001953 seconds
2024-10-04T14:04:05.740+0300: 246.648: Application time: 0.3079269 seconds
2024-10-04T14:04:05.740+0300: 246.649: [GC (Allocation Failure) [PSYoungGen: 190765K->10135K(193536K)] 328654K->148792K(603136K), 0.0020670 secs] [Times: user=0.00 sys=0.00, real=0.00 secs] 
2024-10-04T14:04:05.740+0300: 246.651: Total time for which application threads were stopped: 0.0024134 seconds, Stopping threads took: 0.0001638 seconds
2024-10-04T14:04:06.148+0300: 247.057: Application time: 0.4059031 seconds
2024-10-04T14:04:06.148+0300: 247.057: [GC (Allocation Failure) [PSYoungGen: 191948K->9422K(193536K)] 330605K->150265K(603136K), 0.0022254 secs] [Times: user=0.00 sys=0.00, real=0.00 secs] 
2024-10-04T14:04:06.148+0300: 247.059: Total time for which application threads were stopped: 0.0025585 seconds, Stopping threads took: 0.0001702 seconds
2024-10-04T14:04:06.603+0300: 247.504: Application time: 0.4449737 seconds
2024-10-04T14:04:06.603+0300: 247.504: [GC (Allocation Failure) [PSYoungGen: 191165K->10167K(193536K)] 332008K->151798K(603136K), 0.0021374 secs] [Times: user=0.00 sys=0.00, real=0.00 secs] 
2024-10-04T14:04:06.603+0300: 247.507: Total time for which application threads were stopped: 0.0024369 seconds, Stopping threads took: 0.0001556 seconds
2024-10-04T14:04:07.028+0300: 247.927: Application time: 0.4202422 seconds
2024-10-04T14:04:07.028+0300: 247.927: [GC (Allocation Failure) [PSYoungGen: 192287K->8710K(193536K)] 333918K->152503K(603136K), 0.0021220 secs] [Times: user=0.00 sys=0.00, real=0.00 secs] 
2024-10-04T14:04:07.028+0300: 247.929: Total time for which application threads were stopped: 0.0024890 seconds, Stopping threads took: 0.0002264 seconds
2024-10-04T14:04:07.467+0300: 248.372: Application time: 0.4428427 seconds
2024-10-04T14:04:07.467+0300: 248.372: [GC (Allocation Failure) [PSYoungGen: 190898K->10103K(193536K)] 334690K->155369K(603136K), 0.0022496 secs] [Times: user=0.00 sys=0.00, real=0.00 secs] 
2024-10-04T14:04:07.467+0300: 248.375: Total time for which application threads were stopped: 0.0026249 seconds, Stopping threads took: 0.0002304 seconds
2024-10-04T14:04:07.749+0300: 248.646: Application time: 0.2707441 seconds
2024-10-04T14:04:07.749+0300: 248.646: [GC (Allocation Failure) [PSYoungGen: 192348K->9455K(193536K)] 337614K->156194K(603136K), 0.0020173 secs] [Times: user=0.00 sys=0.00, real=0.00 secs] 
2024-10-04T14:04:07.749+0300: 248.648: Total time for which application threads were stopped: 0.0023033 seconds, Stopping threads took: 0.0001394 seconds
2024-10-04T14:04:08.189+0300: 249.085: Application time: 0.4372292 seconds
2024-10-04T14:04:08.189+0300: 249.085: [GC (Allocation Failure) [PSYoungGen: 191571K->8710K(193536K)] 338310K->156922K(603136K), 0.0019058 secs] [Times: user=0.00 sys=0.00, real=0.00 secs] 
2024-10-04T14:04:08.189+0300: 249.087: Total time for which application threads were stopped: 0.0022131 seconds, Stopping threads took: 0.0001654 seconds
2024-10-04T14:04:08.298+0300: 249.206: Application time: 0.1183499 seconds
2024-10-04T14:04:08.298+0300: 249.206: [GC (Allocation Failure) [PSYoungGen: 190615K->9390K(193536K)] 338827K->159092K(603136K), 0.0020603 secs] [Times: user=0.00 sys=0.00, real=0.00 secs] 
2024-10-04T14:04:08.298+0300: 249.208: Total time for which application threads were stopped: 0.0024172 seconds, Stopping threads took: 0.0002034 seconds
2024-10-04T14:04:08.973+0300: 249.879: Application time: 0.6711027 seconds
2024-10-04T14:04:08.973+0300: 249.879: [GC (Allocation Failure) [PSYoungGen: 191134K->10167K(193536K)] 340836K->160657K(603136K), 0.0021723 secs] [Times: user=0.01 sys=0.00, real=0.01 secs] 
2024-10-04T14:04:08.985+0300: 249.882: Total time for which application threads were stopped: 0.0024881 seconds, Stopping threads took: 0.0001696 seconds
2024-10-04T14:04:09.381+0300: 250.278: Application time: 0.3967414 seconds
2024-10-04T14:04:09.381+0300: 250.279: [GC (Allocation Failure) [PSYoungGen: 192357K->8742K(193536K)] 342846K->160665K(603136K), 0.0022203 secs] [Times: user=0.00 sys=0.00, real=0.00 secs] 
2024-10-04T14:04:09.381+0300: 250.281: Total time for which application threads were stopped: 0.0024705 seconds, Stopping threads took: 0.0000861 seconds
2024-10-04T14:04:09.773+0300: 250.681: Application time: 0.3999733 seconds
2024-10-04T14:04:09.773+0300: 250.681: [GC (Allocation Failure) [PSYoungGen: 190930K->8646K(193536K)] 342852K->162762K(603136K), 0.0021861 secs] [Times: user=0.00 sys=0.00, real=0.01 secs] 
2024-10-04T14:04:09.786+0300: 250.683: Total time for which application threads were stopped: 0.0024703 seconds, Stopping threads took: 0.0001359 seconds
2024-10-04T14:04:10.181+0300: 251.077: Application time: 0.3938830 seconds
2024-10-04T14:04:10.181+0300: 251.077: [GC (Allocation Failure) [PSYoungGen: 190832K->8710K(193536K)] 344948K->164307K(603136K), 0.0020159 secs] [Times: user=0.00 sys=0.00, real=0.00 secs] 
2024-10-04T14:04:10.181+0300: 251.080: Total time for which application threads were stopped: 0.0023120 seconds, Stopping threads took: 0.0001376 seconds
2024-10-04T14:04:10.401+0300: 251.300: Application time: 0.2203070 seconds
2024-10-04T14:04:10.401+0300: 251.300: [GC (Allocation Failure) [PSYoungGen: 190599K->9438K(193536K)] 346197K->165804K(603136K), 0.0021093 secs] [Times: user=0.02 sys=0.00, real=0.00 secs] 
2024-10-04T14:04:10.401+0300: 251.302: Total time for which application threads were stopped: 0.0024350 seconds, Stopping threads took: 0.0001738 seconds
2024-10-04T14:04:10.636+0300: 251.539: Application time: 0.2364826 seconds
2024-10-04T14:04:10.636+0300: 251.539: [GC (Allocation Failure) [PSYoungGen: 191539K->9390K(194048K)] 347905K->167269K(603648K), 0.0021752 secs] [Times: user=0.00 sys=0.00, real=0.00 secs] 
2024-10-04T14:04:10.636+0300: 251.541: Total time for which application threads were stopped: 0.0025680 seconds, Stopping threads took: 0.0001934 seconds
2024-10-04T14:04:11.358+0300: 252.264: Application time: 0.7225774 seconds
2024-10-04T14:04:11.358+0300: 252.264: [GC (Allocation Failure) [PSYoungGen: 191850K->10167K(193536K)] 349729K->168799K(603136K), 0.0022950 secs] [Times: user=0.00 sys=0.00, real=0.00 secs] 
2024-10-04T14:04:11.358+0300: 252.266: Total time for which application threads were stopped: 0.0025997 seconds, Stopping threads took: 0.0001574 seconds
2024-10-04T14:04:11.704+0300: 252.610: Application time: 0.3438057 seconds
2024-10-04T14:04:11.704+0300: 252.611: [GC (Allocation Failure) [PSYoungGen: 192390K->10880K(192512K)] 351022K->170944K(602112K), 0.0024165 secs] [Times: user=0.00 sys=0.00, real=0.00 secs] 
2024-10-04T14:04:11.704+0300: 252.613: Total time for which application threads were stopped: 0.0028162 seconds, Stopping threads took: 0.0002448 seconds
2024-10-04T14:04:12.064+0300: 252.971: Application time: 0.3581142 seconds
2024-10-04T14:04:12.064+0300: 252.972: [GC (Allocation Failure) [PSYoungGen: 191584K->8710K(193024K)] 351649K->171673K(602624K), 0.0023107 secs] [Times: user=0.00 sys=0.00, real=0.00 secs] 
2024-10-04T14:04:12.064+0300: 252.974: Total time for which application threads were stopped: 0.0026987 seconds, Stopping threads took: 0.0002295 seconds
2024-10-04T14:04:12.472+0300: 253.374: Application time: 0.4004025 seconds
2024-10-04T14:04:12.472+0300: 253.375: [GC (Allocation Failure) [PSYoungGen: 189404K->8646K(193536K)] 352367K->172385K(603136K), 0.0021364 secs] [Times: user=0.00 sys=0.00, real=0.00 secs] 
2024-10-04T14:04:12.472+0300: 253.377: Total time for which application threads were stopped: 0.0024261 seconds, Stopping threads took: 0.0001504 seconds
2024-10-04T14:04:12.629+0300: 253.534: Application time: 0.1571894 seconds
2024-10-04T14:04:12.629+0300: 253.534: [GC (Allocation Failure) [PSYoungGen: 190619K->9486K(193536K)] 354358K->173986K(603136K), 0.0020550 secs] [Times: user=0.00 sys=0.00, real=0.00 secs] 
2024-10-04T14:04:12.629+0300: 253.536: Total time for which application threads were stopped: 0.0024426 seconds, Stopping threads took: 0.0002566 seconds
2024-10-04T14:04:12.928+0300: 253.829: Application time: 0.2926383 seconds
2024-10-04T14:04:12.928+0300: 253.829: [GC (Allocation Failure) [PSYoungGen: 191145K->9390K(193536K)] 355645K->175407K(603136K), 0.0020805 secs] [Times: user=0.00 sys=0.00, real=0.00 secs] 
2024-10-04T14:04:12.928+0300: 253.831: Total time for which application threads were stopped: 0.0023869 seconds, Stopping threads took: 0.0001633 seconds
2024-10-04T14:04:13.603+0300: 254.511: Application time: 0.6795664 seconds
2024-10-04T14:04:13.603+0300: 254.511: [GC (Allocation Failure) [PSYoungGen: 191481K->10167K(193536K)] 357498K->177665K(603136K), 0.0023765 secs] [Times: user=0.00 sys=0.00, real=0.00 secs] 
2024-10-04T14:04:13.603+0300: 254.514: Total time for which application threads were stopped: 0.0027361 seconds, Stopping threads took: 0.0002170 seconds
2024-10-04T14:04:13.963+0300: 254.870: Application time: 0.3565565 seconds
2024-10-04T14:04:13.963+0300: 254.871: [GC (Allocation Failure) [PSYoungGen: 191918K->10880K(192512K)] 359416K->179851K(602112K), 0.0025468 secs] [Times: user=0.00 sys=0.00, real=0.00 secs] 
2024-10-04T14:04:13.963+0300: 254.873: Total time for which application threads were stopped: 0.0028556 seconds, Stopping threads took: 0.0001657 seconds
2024-10-04T14:04:14.245+0300: 255.153: Application time: 0.2801798 seconds
2024-10-04T14:04:14.245+0300: 255.154: [GC (Allocation Failure) [PSYoungGen: 192107K->9455K(193024K)] 361078K->181292K(602624K), 0.0023797 secs] [Times: user=0.00 sys=0.00, real=0.00 secs] 
2024-10-04T14:04:14.245+0300: 255.156: Total time for which application threads were stopped: 0.0027649 seconds, Stopping threads took: 0.0002412 seconds
2024-10-04T14:04:14.747+0300: 255.656: Application time: 0.4996325 seconds
2024-10-04T14:04:14.747+0300: 255.656: [GC (Allocation Failure) [PSYoungGen: 190703K->7965K(192512K)] 362540K->180615K(602112K), 0.0018460 secs] [Times: user=0.00 sys=0.00, real=0.00 secs] 
2024-10-04T14:04:14.747+0300: 255.658: Total time for which application threads were stopped: 0.0021899 seconds, Stopping threads took: 0.0001950 seconds
2024-10-04T14:04:14.857+0300: 255.764: Application time: 0.1059623 seconds
2024-10-04T14:04:14.857+0300: 255.764: [GC (Allocation Failure) [PSYoungGen: 189138K->9422K(193024K)] 361788K->183553K(602624K), 0.0022463 secs] [Times: user=0.00 sys=0.00, real=0.00 secs] 
2024-10-04T14:04:14.857+0300: 255.766: Total time for which application threads were stopped: 0.0025501 seconds, Stopping threads took: 0.0001619 seconds
2024-10-04T14:04:15.234+0300: 256.131: Application time: 0.3646993 seconds
2024-10-04T14:04:15.234+0300: 256.131: [GC (Allocation Failure) [PSYoungGen: 190430K->9358K(193536K)] 364561K->184290K(603136K), 0.0020276 secs] [Times: user=0.00 sys=0.00, real=0.00 secs] 
2024-10-04T14:04:15.234+0300: 256.133: Total time for which application threads were stopped: 0.0023286 seconds, Stopping threads took: 0.0001550 seconds
2024-10-04T14:04:15.861+0300: 256.759: Application time: 0.6252768 seconds
2024-10-04T14:04:15.861+0300: 256.759: [GC (Allocation Failure) [PSYoungGen: 191475K->9487K(193536K)] 366406K->185851K(603136K), 0.0021830 secs] [Times: user=0.00 sys=0.00, real=0.00 secs] 
2024-10-04T14:04:15.861+0300: 256.761: Total time for which application threads were stopped: 0.0025037 seconds, Stopping threads took: 0.0001169 seconds
2024-10-04T14:04:16.253+0300: 257.157: Application time: 0.3962081 seconds
2024-10-04T14:04:16.253+0300: 257.158: [GC (Allocation Failure) [PSYoungGen: 191230K->9359K(194048K)] 367594K->187925K(603648K), 0.0022189 secs] [Times: user=0.00 sys=0.00, real=0.00 secs] 
2024-10-04T14:04:16.253+0300: 257.160: Total time for which application threads were stopped: 0.0025569 seconds, Stopping threads took: 0.0001692 seconds
2024-10-04T14:04:16.378+0300: 257.282: Application time: 0.1216621 seconds
2024-10-04T14:04:16.378+0300: 257.282: [GC (Allocation Failure) [PSYoungGen: 192010K->9391K(193536K)] 370576K->189414K(603136K), 0.0021504 secs] [Times: user=0.00 sys=0.00, real=0.00 secs] 
2024-10-04T14:04:16.378+0300: 257.284: Total time for which application threads were stopped: 0.0024727 seconds, Stopping threads took: 0.0001945 seconds
2024-10-04T14:04:16.865+0300: 257.773: Application time: 0.4888366 seconds
2024-10-04T14:04:16.865+0300: 257.773: [GC (Allocation Failure) [PSYoungGen: 191533K->9454K(194048K)] 371556K->190278K(603648K), 0.0021369 secs] [Times: user=0.00 sys=0.00, real=0.00 secs] 
2024-10-04T14:04:16.865+0300: 257.776: Total time for which application threads were stopped: 0.0024898 seconds, Stopping threads took: 0.0002054 seconds
2024-10-04T14:04:16.959+0300: 257.857: Application time: 0.0813278 seconds
2024-10-04T14:04:16.959+0300: 257.857: [GC (Allocation Failure) [PSYoungGen: 192089K->9454K(194048K)] 372912K->191046K(603648K), 0.0020441 secs] [Times: user=0.00 sys=0.00, real=0.00 secs] 
2024-10-04T14:04:16.959+0300: 257.859: Total time for which application threads were stopped: 0.0024153 seconds, Stopping threads took: 0.0002257 seconds
2024-10-04T14:04:17.524+0300: 258.436: Application time: 0.5762649 seconds
2024-10-04T14:04:17.524+0300: 258.436: [GC (Allocation Failure) [PSYoungGen: 192650K->9390K(194048K)] 374242K->193212K(603648K), 0.0022815 secs] [Times: user=0.02 sys=0.00, real=0.02 secs] 
2024-10-04T14:04:17.540+0300: 258.438: Total time for which application threads were stopped: 0.0026308 seconds, Stopping threads took: 0.0001958 seconds
2024-10-04T14:04:18.042+0300: 258.953: Application time: 0.5150809 seconds
2024-10-04T14:04:18.042+0300: 258.954: [GC (Allocation Failure) [PSYoungGen: 192288K->9487K(194048K)] 376110K->194029K(603648K), 0.0020632 secs] [Times: user=0.00 sys=0.00, real=0.02 secs] 
2024-10-04T14:04:18.058+0300: 258.956: Total time for which application threads were stopped: 0.0024140 seconds, Stopping threads took: 0.0001913 seconds
2024-10-04T14:04:18.481+0300: 259.387: Application time: 0.4311100 seconds
2024-10-04T14:04:18.481+0300: 259.387: [GC (Allocation Failure) [PSYoungGen: 192444K->10135K(194048K)] 376986K->196871K(603648K), 0.0025873 secs] [Times: user=0.00 sys=0.00, real=0.00 secs] 
2024-10-04T14:04:18.481+0300: 259.390: Total time for which application threads were stopped: 0.0030215 seconds, Stopping threads took: 0.0002396 seconds
2024-10-04T14:04:18.638+0300: 259.539: Application time: 0.1493463 seconds
2024-10-04T14:04:18.638+0300: 259.540: [GC (Allocation Failure) [PSYoungGen: 193074K->9455K(194048K)] 379810K->197664K(603648K), 0.0022980 secs] [Times: user=0.00 sys=0.00, real=0.00 secs] 
2024-10-04T14:04:18.638+0300: 259.542: Total time for which application threads were stopped: 0.0027504 seconds, Stopping threads took: 0.0002387 seconds
2024-10-04T14:04:19.046+0300: 259.956: Application time: 0.4138154 seconds
2024-10-04T14:04:19.046+0300: 259.956: [GC (Allocation Failure) [PSYoungGen: 192319K->9326K(194048K)] 380528K->198320K(603648K), 0.0021961 secs] [Times: user=0.00 sys=0.00, real=0.02 secs] 
2024-10-04T14:04:19.062+0300: 259.958: Total time for which application threads were stopped: 0.0025682 seconds, Stopping threads took: 0.0002268 seconds
2024-10-04T14:04:19.172+0300: 260.076: Application time: 0.1176164 seconds
2024-10-04T14:04:19.172+0300: 260.076: [GC (Allocation Failure) [PSYoungGen: 192613K->10199K(194048K)] 381607K->199945K(603648K), 0.0022122 secs] [Times: user=0.00 sys=0.00, real=0.00 secs] 
2024-10-04T14:04:19.172+0300: 260.078: Total time for which application threads were stopped: 0.0025870 seconds, Stopping threads took: 0.0002132 seconds
2024-10-04T14:04:19.941+0300: 260.853: Application time: 0.7743472 seconds
2024-10-04T14:04:19.957+0300: 260.853: [GC (Allocation Failure) [PSYoungGen: 193382K->10167K(194048K)] 383128K->202127K(603648K), 0.0025458 secs] [Times: user=0.02 sys=0.00, real=0.00 secs] 
2024-10-04T14:04:19.957+0300: 260.856: Total time for which application threads were stopped: 0.0028995 seconds, Stopping threads took: 0.0001756 seconds
2024-10-04T14:04:20.678+0300: 261.576: Application time: 0.7205615 seconds
2024-10-04T14:04:20.678+0300: 261.576: [GC (Allocation Failure) [PSYoungGen: 193357K->8742K(194048K)] 385317K->202135K(603648K), 0.0020631 secs] [Times: user=0.00 sys=0.00, real=0.00 secs] 
2024-10-04T14:04:20.678+0300: 261.579: Total time for which application threads were stopped: 0.0023225 seconds, Stopping threads took: 0.0001273 seconds
2024-10-04T14:04:20.804+0300: 261.703: Application time: 0.1240342 seconds
2024-10-04T14:04:20.804+0300: 261.703: Total time for which application threads were stopped: 0.0001262 seconds, Stopping threads took: 0.0000858 seconds
2024-10-04T14:04:21.228+0300: 262.139: Application time: 0.4364933 seconds
2024-10-04T14:04:21.243+0300: 262.140: Total time for which application threads were stopped: 0.0002076 seconds, Stopping threads took: 0.0001421 seconds
2024-10-04T14:04:21.353+0300: 262.258: Application time: 0.1181915 seconds
2024-10-04T14:04:21.353+0300: 262.258: Total time for which application threads were stopped: 0.0003096 seconds, Stopping threads took: 0.0002635 seconds
2024-10-04T14:04:21.369+0300: 262.271: Application time: 0.0134350 seconds
2024-10-04T14:04:21.369+0300: 262.272: [GC (Allocation Failure) [PSYoungGen: 191781K->9598K(194048K)] 385174K->202999K(603648K), 0.0022938 secs] [Times: user=0.00 sys=0.00, real=0.00 secs] 
2024-10-04T14:04:21.369+0300: 262.275: Total time for which application threads were stopped: 0.0031548 seconds, Stopping threads took: 0.0006264 seconds
2024-10-04T14:04:21.400+0300: 262.298: Application time: 0.0229096 seconds
2024-10-04T14:04:21.400+0300: 262.298: [GC (Allocation Failure) [PSYoungGen: 192406K->7317K(190976K)] 385807K->201634K(600576K), 0.0019123 secs] [Times: user=0.00 sys=0.00, real=0.00 secs] 
2024-10-04T14:04:21.400+0300: 262.300: Total time for which application threads were stopped: 0.0021366 seconds, Stopping threads took: 0.0000431 seconds
2024-10-04T14:04:21.416+0300: 262.322: Application time: 0.0221789 seconds
2024-10-04T14:04:21.416+0300: 262.322: [GC (Allocation Failure) [PSYoungGen: 190547K->5892K(192512K)] 384864K->203796K(602112K), 0.0020464 secs] [Times: user=0.00 sys=0.00, real=0.00 secs] 
2024-10-04T14:04:21.416+0300: 262.324: Total time for which application threads were stopped: 0.0023520 seconds, Stopping threads took: 0.0001606 seconds
2024-10-04T14:04:21.824+0300: 262.725: Application time: 0.4009927 seconds
2024-10-04T14:04:21.824+0300: 262.725: [GC (Allocation Failure) [PSYoungGen: 186435K->11592K(193024K)] 384339K->210208K(602624K), 0.0023485 secs] [Times: user=0.00 sys=0.00, real=0.00 secs] 
2024-10-04T14:04:21.824+0300: 262.728: Total time for which application threads were stopped: 0.0026409 seconds, Stopping threads took: 0.0001388 seconds
2024-10-04T14:04:22.608+0300: 263.504: Application time: 0.7766610 seconds
2024-10-04T14:04:22.608+0300: 263.505: [GC (Allocation Failure) [PSYoungGen: 192294K->11592K(190976K)] 390910K->210921K(600576K), 0.0024452 secs] [Times: user=0.00 sys=0.00, real=0.00 secs] 
2024-10-04T14:04:22.611+0300: 263.507: Total time for which application threads were stopped: 0.0028058 seconds, Stopping threads took: 0.0002156 seconds
2024-10-04T14:04:23.212+0300: 264.109: Application time: 0.6017202 seconds
2024-10-04T14:04:23.212+0300: 264.109: [GC (Allocation Failure) [PSYoungGen: 190235K->8030K(192000K)] 389564K->210929K(601600K), 0.0023903 secs] [Times: user=0.00 sys=0.00, real=0.00 secs] 
2024-10-04T14:04:23.212+0300: 264.112: Total time for which application threads were stopped: 0.0027068 seconds, Stopping threads took: 0.0001761 seconds
2024-10-04T14:04:23.503+0300: 264.408: Application time: 0.2966345 seconds
2024-10-04T14:04:23.513+0300: 264.409: [GC (Allocation Failure) [PSYoungGen: 187141K->8742K(192000K)] 390041K->211666K(601600K), 0.0021606 secs] [Times: user=0.00 sys=0.00, real=0.00 secs] 
2024-10-04T14:04:23.513+0300: 264.411: Total time for which application threads were stopped: 0.0029096 seconds, Stopping threads took: 0.0005661 seconds
2024-10-04T14:04:23.551+0300: 264.455: Application time: 0.0441278 seconds
2024-10-04T14:04:23.551+0300: 264.456: [GC (Allocation Failure) [PSYoungGen: 187802K->5860K(192000K)] 390725K->211741K(601600K), 0.0018863 secs] [Times: user=0.00 sys=0.00, real=0.00 secs] 
2024-10-04T14:04:23.551+0300: 264.458: Total time for which application threads were stopped: 0.0021851 seconds, Stopping threads took: 0.0001456 seconds
2024-10-04T14:04:23.676+0300: 264.577: Application time: 0.1196616 seconds
2024-10-04T14:04:23.676+0300: 264.578: [GC (Allocation Failure) [PSYoungGen: 184372K->9390K(192000K)] 390254K->217474K(601600K), 0.0023671 secs] [Times: user=0.00 sys=0.00, real=0.00 secs] 
2024-10-04T14:04:23.676+0300: 264.580: Total time for which application threads were stopped: 0.0028314 seconds, Stopping threads took: 0.0003349 seconds
2024-10-04T14:04:24.099+0300: 265.003: Application time: 0.4232305 seconds
2024-10-04T14:04:24.099+0300: 265.004: [GC (Allocation Failure) [PSYoungGen: 188380K->9422K(192000K)] 396464K->218302K(601600K), 0.0020411 secs] [Times: user=0.00 sys=0.00, real=0.00 secs] 
2024-10-04T14:04:24.099+0300: 265.006: Total time for which application threads were stopped: 0.0023380 seconds, Stopping threads took: 0.0001701 seconds
2024-10-04T14:04:24.868+0300: 265.767: Application time: 0.7612842 seconds
2024-10-04T14:04:24.868+0300: 265.767: [GC (Allocation Failure) [PSYoungGen: 188347K->11592K(190464K)] 397227K->221185K(600064K), 0.0023058 secs] [Times: user=0.00 sys=0.00, real=0.00 secs] 
2024-10-04T14:04:24.868+0300: 265.770: Total time for which application threads were stopped: 0.0026563 seconds, Stopping threads took: 0.0001790 seconds
2024-10-04T14:04:25.526+0300: 266.436: Application time: 0.6665308 seconds
2024-10-04T14:04:25.526+0300: 266.436: [GC (Allocation Failure) [PSYoungGen: 189085K->8030K(191488K)] 398678K->221193K(601088K), 0.0022756 secs] [Times: user=0.00 sys=0.00, real=0.02 secs] 
2024-10-04T14:04:25.542+0300: 266.439: Total time for which application threads were stopped: 0.0025660 seconds, Stopping threads took: 0.0001247 seconds
2024-10-04T14:04:25.777+0300: 266.680: Application time: 0.2408787 seconds
2024-10-04T14:04:25.777+0300: 266.680: [GC (Allocation Failure) [PSYoungGen: 185976K->9374K(192000K)] 399139K->222577K(601600K), 0.0020480 secs] [Times: user=0.01 sys=0.00, real=0.00 secs] 
2024-10-04T14:04:25.777+0300: 266.682: Total time for which application threads were stopped: 0.0025182 seconds, Stopping threads took: 0.0002956 seconds
2024-10-04T14:04:25.871+0300: 266.780: Application time: 0.0975523 seconds
2024-10-04T14:04:25.871+0300: 266.780: [GC (Allocation Failure) [PSYoungGen: 188453K->9422K(192000K)] 401656K->223426K(601600K), 0.0021297 secs] [Times: user=0.00 sys=0.00, real=0.00 secs] 
2024-10-04T14:04:25.871+0300: 266.782: Total time for which application threads were stopped: 0.0024419 seconds, Stopping threads took: 0.0001710 seconds
2024-10-04T14:04:25.949+0300: 266.848: Application time: 0.0659466 seconds
2024-10-04T14:04:25.949+0300: 266.848: [GC (Allocation Failure) [PSYoungGen: 188477K->7997K(192512K)] 402481K->223518K(602112K), 0.0019033 secs] [Times: user=0.00 sys=0.00, real=0.00 secs] 
2024-10-04T14:04:25.949+0300: 266.850: Total time for which application threads were stopped: 0.0021823 seconds, Stopping threads took: 0.0001526 seconds
2024-10-04T14:04:26.420+0300: 267.326: Application time: 0.4759079 seconds
2024-10-04T14:04:26.420+0300: 267.326: [GC (Allocation Failure) [PSYoungGen: 187579K->8710K(192512K)] 403100K->225740K(602112K), 0.0020886 secs] [Times: user=0.00 sys=0.00, real=0.00 secs] 
2024-10-04T14:04:26.420+0300: 267.329: Total time for which application threads were stopped: 0.0023619 seconds, Stopping threads took: 0.0000976 seconds
2024-10-04T14:04:27.220+0300: 268.119: Application time: 0.7903395 seconds
2024-10-04T14:04:27.220+0300: 268.119: [GC (Allocation Failure) [PSYoungGen: 188287K->11592K(191488K)] 405317K->229335K(601088K), 0.0043490 secs] [Times: user=0.00 sys=0.00, real=0.00 secs] 
2024-10-04T14:04:27.220+0300: 268.124: Total time for which application threads were stopped: 0.0046882 seconds, Stopping threads took: 0.0001986 seconds
2024-10-04T14:04:27.801+0300: 268.712: Application time: 0.5884605 seconds
2024-10-04T14:04:27.801+0300: 268.712: [GC (Allocation Failure) [PSYoungGen: 190291K->8742K(192000K)] 408033K->229343K(601600K), 0.0025766 secs] [Times: user=0.02 sys=0.00, real=0.01 secs] 
2024-10-04T14:04:27.816+0300: 268.715: Total time for which application threads were stopped: 0.0029572 seconds, Stopping threads took: 0.0002289 seconds
2024-10-04T14:04:27.864+0300: 268.763: Application time: 0.0475089 seconds
2024-10-04T14:04:27.864+0300: 268.763: [GC (Allocation Failure) [PSYoungGen: 187388K->7966K(192512K)] 407989K->228638K(602112K), 0.0017337 secs] [Times: user=0.00 sys=0.00, real=0.00 secs] 
2024-10-04T14:04:27.864+0300: 268.765: Total time for which application threads were stopped: 0.0020152 seconds, Stopping threads took: 0.0001359 seconds
2024-10-04T14:04:28.146+0300: 269.055: Application time: 0.2907176 seconds
2024-10-04T14:04:28.146+0300: 269.056: [GC (Allocation Failure) [PSYoungGen: 187651K->9390K(192000K)] 408324K->231544K(601600K), 0.0021986 secs] [Times: user=0.00 sys=0.00, real=0.00 secs] 
2024-10-04T14:04:28.146+0300: 269.058: Total time for which application threads were stopped: 0.0025380 seconds, Stopping threads took: 0.0002116 seconds
2024-10-04T14:04:28.303+0300: 269.211: Application time: 0.1531438 seconds
2024-10-04T14:04:28.303+0300: 269.211: [GC (Allocation Failure) [PSYoungGen: 188529K->9390K(192512K)] 410682K->232344K(602112K), 0.0021506 secs] [Times: user=0.00 sys=0.00, real=0.00 secs] 
2024-10-04T14:04:28.303+0300: 269.213: Total time for which application threads were stopped: 0.0024992 seconds, Stopping threads took: 0.0002204 seconds
2024-10-04T14:04:28.727+0300: 269.625: Application time: 0.4119070 seconds
2024-10-04T14:04:28.727+0300: 269.626: [GC (Allocation Failure) [PSYoungGen: 189482K->9486K(192512K)] 412437K->233193K(602112K), 0.0020757 secs] [Times: user=0.00 sys=0.00, real=0.00 secs] 
2024-10-04T14:04:28.727+0300: 269.628: Total time for which application threads were stopped: 0.0023999 seconds, Stopping threads took: 0.0001233 seconds
2024-10-04T14:04:29.449+0300: 270.359: Application time: 0.7314764 seconds
2024-10-04T14:04:29.449+0300: 270.359: [GC (Allocation Failure) [PSYoungGen: 189048K->11592K(190976K)] 412755K->235331K(600576K), 0.0023886 secs] [Times: user=0.02 sys=0.00, real=0.02 secs] 
2024-10-04T14:04:29.465+0300: 270.362: Total time for which application threads were stopped: 0.0026913 seconds, Stopping threads took: 0.0001439 seconds
2024-10-04T14:04:29.967+0300: 270.875: Application time: 0.5126527 seconds
2024-10-04T14:04:29.967+0300: 270.875: [GC (Allocation Failure) [PSYoungGen: 190194K->8710K(192000K)] 413933K->236044K(601600K), 0.0024402 secs] [Times: user=0.00 sys=0.00, real=0.00 secs] 
2024-10-04T14:04:29.967+0300: 270.877: Total time for which application threads were stopped: 0.0027859 seconds, Stopping threads took: 0.0002030 seconds
2024-10-04T14:04:30.093+0300: 270.994: Application time: 0.1166960 seconds
2024-10-04T14:04:30.093+0300: 270.994: [GC (Allocation Failure) [PSYoungGen: 187894K->9487K(192512K)] 415227K->236884K(602112K), 0.0020876 secs] [Times: user=0.00 sys=0.00, real=0.00 secs] 
2024-10-04T14:04:30.093+0300: 270.996: Total time for which application threads were stopped: 0.0024051 seconds, Stopping threads took: 0.0001552 seconds
2024-10-04T14:04:30.328+0300: 271.232: Application time: 0.2357578 seconds
2024-10-04T14:04:30.328+0300: 271.233: [GC (Allocation Failure) [PSYoungGen: 189433K->8646K(192512K)] 416830K->237568K(602112K), 0.0021165 secs] [Times: user=0.00 sys=0.00, real=0.00 secs] 
2024-10-04T14:04:30.328+0300: 271.235: Total time for which application threads were stopped: 0.0024671 seconds, Stopping threads took: 0.0002242 seconds
2024-10-04T14:04:30.532+0300: 271.438: Application time: 0.2028731 seconds
2024-10-04T14:04:30.532+0300: 271.438: [GC (Allocation Failure) [PSYoungGen: 188561K->9422K(193024K)] 417484K->239105K(602624K), 0.0020554 secs] [Times: user=0.00 sys=0.00, real=0.00 secs] 
2024-10-04T14:04:30.532+0300: 271.440: Total time for which application threads were stopped: 0.0023514 seconds, Stopping threads took: 0.0001357 seconds
2024-10-04T14:04:30.971+0300: 271.874: Application time: 0.4336056 seconds
2024-10-04T14:04:30.971+0300: 271.874: [GC (Allocation Failure) [PSYoungGen: 189589K->8774K(192512K)] 419272K->239922K(602112K), 0.0021965 secs] [Times: user=0.00 sys=0.00, real=0.00 secs] 
2024-10-04T14:04:30.971+0300: 271.876: Total time for which application threads were stopped: 0.0025010 seconds, Stopping threads took: 0.0001707 seconds
2024-10-04T14:04:31.678+0300: 272.589: Application time: 0.7127150 seconds
2024-10-04T14:04:31.678+0300: 272.589: [GC (Allocation Failure) [PSYoungGen: 189058K->11592K(192000K)] 420206K->243493K(601600K), 0.0024978 secs] [Times: user=0.01 sys=0.00, real=0.02 secs] 
2024-10-04T14:04:31.694+0300: 272.592: Total time for which application threads were stopped: 0.0028435 seconds, Stopping threads took: 0.0001145 seconds
2024-10-04T14:04:32.149+0300: 273.059: Application time: 0.4673360 seconds
2024-10-04T14:04:32.149+0300: 273.059: [GC (Allocation Failure) [PSYoungGen: 191721K->8742K(192512K)] 423621K->243509K(602112K), 0.0024123 secs] [Times: user=0.01 sys=0.00, real=0.02 secs] 
2024-10-04T14:04:32.164+0300: 273.062: Total time for which application threads were stopped: 0.0027853 seconds, Stopping threads took: 0.0002190 seconds
2024-10-04T14:04:32.211+0300: 273.112: Application time: 0.0502455 seconds
2024-10-04T14:04:32.211+0300: 273.112: [GC (Allocation Failure) [PSYoungGen: 188530K->8710K(192512K)] 423297K->243541K(602112K), 0.0020506 secs] [Times: user=0.00 sys=0.00, real=0.00 secs] 
2024-10-04T14:04:32.211+0300: 273.114: Total time for which application threads were stopped: 0.0023784 seconds, Stopping threads took: 0.0001883 seconds
2024-10-04T14:04:32.557+0300: 273.454: Application time: 0.3399443 seconds
2024-10-04T14:04:32.557+0300: 273.455: [GC (Allocation Failure) [PSYoungGen: 188638K->9390K(192512K)] 423469K->245010K(602112K), 0.0023195 secs] [Times: user=0.00 sys=0.00, real=0.00 secs] 
2024-10-04T14:04:32.557+0300: 273.457: Total time for which application threads were stopped: 0.0029485 seconds, Stopping threads took: 0.0004559 seconds
2024-10-04T14:04:32.761+0300: 273.672: Application time: 0.2150428 seconds
2024-10-04T14:04:32.776+0300: 273.673: [GC (Allocation Failure) [PSYoungGen: 188974K->8061K(193024K)] 424593K->245146K(602624K), 0.0020091 secs] [Times: user=0.00 sys=0.00, real=0.00 secs] 
2024-10-04T14:04:32.776+0300: 273.675: Total time for which application threads were stopped: 0.0023575 seconds, Stopping threads took: 0.0001764 seconds
2024-10-04T14:04:33.373+0300: 274.281: Application time: 0.6064221 seconds
2024-10-04T14:04:33.373+0300: 274.281: [GC (Allocation Failure) [PSYoungGen: 189067K->8678K(193024K)] 426152K->247279K(602624K), 0.0020933 secs] [Times: user=0.00 sys=0.00, real=0.00 secs] 
2024-10-04T14:04:33.373+0300: 274.283: Total time for which application threads were stopped: 0.0024053 seconds, Stopping threads took: 0.0001817 seconds
2024-10-04T14:04:34.095+0300: 274.996: Application time: 0.7128680 seconds
2024-10-04T14:04:34.095+0300: 274.997: [GC (Allocation Failure) [PSYoungGen: 189693K->11592K(192000K)] 428295K->250906K(601600K), 0.0024859 secs] [Times: user=0.00 sys=0.00, real=0.00 secs] 
2024-10-04T14:04:34.095+0300: 274.999: Total time for which application threads were stopped: 0.0027243 seconds, Stopping threads took: 0.0000800 seconds
2024-10-04T14:04:34.424+0300: 275.324: Application time: 0.3251852 seconds
2024-10-04T14:04:34.424+0300: 275.325: [GC (Allocation Failure) [PSYoungGen: 191558K->7221K(192512K)] 430872K->248721K(602112K), 0.0020148 secs] [Times: user=0.00 sys=0.00, real=0.00 secs] 
2024-10-04T14:04:34.424+0300: 275.327: Total time for which application threads were stopped: 0.0026565 seconds, Stopping threads took: 0.0004825 seconds
2024-10-04T14:04:34.518+0300: 275.420: Application time: 0.0934025 seconds
2024-10-04T14:04:34.518+0300: 275.421: [GC (Allocation Failure) [PSYoungGen: 187188K->10167K(192512K)] 428688K->251743K(602112K), 0.0024278 secs] [Times: user=0.00 sys=0.00, real=0.00 secs] 
2024-10-04T14:04:34.518+0300: 275.423: Total time for which application threads were stopped: 0.0028177 seconds, Stopping threads took: 0.0002043 seconds
2024-10-04T14:04:34.989+0300: 275.891: Application time: 0.4681027 seconds
2024-10-04T14:04:34.989+0300: 275.892: [GC (Allocation Failure) [PSYoungGen: 190063K->9454K(192512K)] 431639K->252495K(602112K), 0.0024348 secs] [Times: user=0.02 sys=0.00, real=0.00 secs] 
2024-10-04T14:04:34.989+0300: 275.894: Total time for which application threads were stopped: 0.0028079 seconds, Stopping threads took: 0.0002172 seconds
2024-10-04T14:04:35.146+0300: 276.056: Application time: 0.1623198 seconds
2024-10-04T14:04:35.146+0300: 276.057: [GC (Allocation Failure) [PSYoungGen: 189093K->9422K(192512K)] 432133K->253232K(602112K), 0.0022408 secs] [Times: user=0.02 sys=0.00, real=0.02 secs] 
2024-10-04T14:04:35.162+0300: 276.059: Total time for which application threads were stopped: 0.0028249 seconds, Stopping threads took: 0.0004305 seconds
2024-10-04T14:04:35.680+0300: 276.591: Application time: 0.5316754 seconds
2024-10-04T14:04:35.680+0300: 276.591: [GC (Allocation Failure) [PSYoungGen: 188998K->11528K(192000K)] 432808K->256130K(601600K), 0.0029314 secs] [Times: user=0.02 sys=0.00, real=0.01 secs] 
2024-10-04T14:04:35.695+0300: 276.594: Total time for which application threads were stopped: 0.0032743 seconds, Stopping threads took: 0.0002049 seconds
2024-10-04T14:04:36.401+0300: 277.298: Application time: 0.7034630 seconds
2024-10-04T14:04:36.401+0300: 277.298: [GC (Allocation Failure) [PSYoungGen: 191100K->10167K(192000K)] 435702K->256915K(601600K), 0.0025571 secs] [Times: user=0.00 sys=0.00, real=0.00 secs] 
2024-10-04T14:04:36.401+0300: 277.301: Total time for which application threads were stopped: 0.0029511 seconds, Stopping threads took: 0.0002277 seconds
2024-10-04T14:04:36.684+0300: 277.590: Application time: 0.2889866 seconds
2024-10-04T14:04:36.684+0300: 277.590: [GC (Allocation Failure) [PSYoungGen: 189328K->8710K(192000K)] 436075K->257627K(601600K), 0.0023101 secs] [Times: user=0.03 sys=0.00, real=0.00 secs] 
2024-10-04T14:04:36.684+0300: 277.592: Total time for which application threads were stopped: 0.0026853 seconds, Stopping threads took: 0.0001723 seconds
2024-10-04T14:04:36.809+0300: 277.714: Application time: 0.1215752 seconds
2024-10-04T14:04:36.809+0300: 277.714: [GC (Allocation Failure) [PSYoungGen: 187216K->10103K(192512K)] 436133K->259104K(602112K), 0.0045789 secs] [Times: user=0.00 sys=0.00, real=0.00 secs] 
2024-10-04T14:04:36.809+0300: 277.719: Total time for which application threads were stopped: 0.0049389 seconds, Stopping threads took: 0.0001473 seconds
2024-10-04T14:04:37.186+0300: 278.086: Application time: 0.3676882 seconds
2024-10-04T14:04:37.186+0300: 278.087: [GC (Allocation Failure) [PSYoungGen: 190007K->8678K(192512K)] 439008K->259176K(602112K), 0.0022948 secs] [Times: user=0.00 sys=0.00, real=0.00 secs] 
2024-10-04T14:04:37.186+0300: 278.089: Total time for which application threads were stopped: 0.0026415 seconds, Stopping threads took: 0.0001873 seconds
2024-10-04T14:04:37.578+0300: 278.485: Application time: 0.3963122 seconds
2024-10-04T14:04:37.578+0300: 278.486: [GC (Allocation Failure) [PSYoungGen: 188256K->9422K(192512K)] 438754K->261393K(602112K), 0.0024815 secs] [Times: user=0.00 sys=0.00, real=0.00 secs] 
2024-10-04T14:04:37.578+0300: 278.488: Total time for which application threads were stopped: 0.0029374 seconds, Stopping threads took: 0.0002718 seconds
2024-10-04T14:04:38.049+0300: 278.956: Application time: 0.4676639 seconds
2024-10-04T14:04:38.049+0300: 278.956: [GC (Allocation Failure) [PSYoungGen: 188999K->10879K(192512K)] 440970K->263639K(602112K), 0.0022826 secs] [Times: user=0.00 sys=0.00, real=0.00 secs] 
2024-10-04T14:04:38.049+0300: 278.959: Total time for which application threads were stopped: 0.0025774 seconds, Stopping threads took: 0.0001290 seconds
2024-10-04T14:04:38.771+0300: 279.672: Application time: 0.7128952 seconds
2024-10-04T14:04:38.771+0300: 279.672: [GC (Allocation Failure) [PSYoungGen: 191103K->10167K(192512K)] 443863K->265080K(602112K), 0.0023516 secs] [Times: user=0.00 sys=0.00, real=0.00 secs] 
2024-10-04T14:04:38.771+0300: 279.674: Total time for which application threads were stopped: 0.0026502 seconds, Stopping threads took: 0.0001293 seconds
2024-10-04T14:04:39.043+0300: 279.943: Application time: 0.2691733 seconds
2024-10-04T14:04:39.043+0300: 279.944: [GC (Allocation Failure) [PSYoungGen: 190037K->7998K(192512K)] 444951K->265080K(602112K), 0.0022424 secs] [Times: user=0.00 sys=0.00, real=0.00 secs] 
2024-10-04T14:04:39.043+0300: 279.946: Total time for which application threads were stopped: 0.0027731 seconds, Stopping threads took: 0.0003628 seconds
2024-10-04T14:04:39.117+0300: 280.022: Application time: 0.0756502 seconds
2024-10-04T14:04:39.117+0300: 280.022: [GC (Allocation Failure) [PSYoungGen: 187935K->8646K(192512K)] 445018K->266533K(602112K), 0.0021334 secs] [Times: user=0.00 sys=0.00, real=0.00 secs] 
2024-10-04T14:04:39.117+0300: 280.024: Total time for which application threads were stopped: 0.0024603 seconds, Stopping threads took: 0.0001517 seconds
2024-10-04T14:04:39.478+0300: 280.387: Application time: 0.3629983 seconds
2024-10-04T14:04:39.478+0300: 280.387: [GC (Allocation Failure) [PSYoungGen: 188536K->8678K(192512K)] 446423K->268038K(602112K), 0.0023658 secs] [Times: user=0.03 sys=0.02, real=0.02 secs] 
2024-10-04T14:04:39.493+0300: 280.390: Total time for which application threads were stopped: 0.0026969 seconds, Stopping threads took: 0.0001618 seconds
2024-10-04T14:04:39.697+0300: 280.594: Application time: 0.2040800 seconds
2024-10-04T14:04:39.697+0300: 280.594: [GC (Allocation Failure) [PSYoungGen: 188300K->8742K(193024K)] 447661K->268863K(602624K), 0.0021449 secs] [Times: user=0.02 sys=0.00, real=0.00 secs] 
2024-10-04T14:04:39.697+0300: 280.596: Total time for which application threads were stopped: 0.0024195 seconds, Stopping threads took: 0.0000980 seconds
2024-10-04T14:04:40.356+0300: 281.252: Application time: 0.6555172 seconds
2024-10-04T14:04:40.356+0300: 281.252: [GC (Allocation Failure) [PSYoungGen: 189028K->10879K(192512K)] 449149K->271789K(602112K), 0.0022993 secs] [Times: user=0.00 sys=0.00, real=0.00 secs] 
2024-10-04T14:04:40.356+0300: 281.255: Total time for which application threads were stopped: 0.0026477 seconds, Stopping threads took: 0.0001889 seconds
2024-10-04T14:04:41.015+0300: 281.920: Application time: 0.6649652 seconds
2024-10-04T14:04:41.015+0300: 281.920: [GC (Allocation Failure) [PSYoungGen: 191167K->10167K(192512K)] 452076K->273222K(602112K), 0.0024359 secs] [Times: user=0.00 sys=0.00, real=0.00 secs] 
2024-10-04T14:04:41.015+0300: 281.922: Total time for which application threads were stopped: 0.0027069 seconds, Stopping threads took: 0.0001183 seconds
2024-10-04T14:04:41.235+0300: 282.141: Application time: 0.2184896 seconds
2024-10-04T14:04:41.235+0300: 282.141: [GC (Allocation Failure) [PSYoungGen: 190057K->9391K(192512K)] 453112K->274615K(602112K), 0.0024057 secs] [Times: user=0.02 sys=0.00, real=0.01 secs] 
2024-10-04T14:04:41.247+0300: 282.144: Total time for which application threads were stopped: 0.0027367 seconds, Stopping threads took: 0.0001781 seconds
2024-10-04T14:04:41.454+0300: 282.360: Application time: 0.2162143 seconds
2024-10-04T14:04:41.454+0300: 282.360: [GC (Allocation Failure) [PSYoungGen: 189328K->8030K(192512K)] 454552K->274063K(602112K), 0.0019451 secs] [Times: user=0.00 sys=0.00, real=0.00 secs] 
2024-10-04T14:04:41.454+0300: 282.362: Total time for which application threads were stopped: 0.0023388 seconds, Stopping threads took: 0.0002512 seconds
2024-10-04T14:04:41.783+0300: 282.689: Application time: 0.3273087 seconds
2024-10-04T14:04:41.783+0300: 282.690: [GC (Allocation Failure) [PSYoungGen: 187997K->10135K(192512K)] 454030K->276969K(602112K), 0.0021395 secs] [Times: user=0.00 sys=0.00, real=0.00 secs] 
2024-10-04T14:04:41.783+0300: 282.692: Total time for which application threads were stopped: 0.0024301 seconds, Stopping threads took: 0.0001527 seconds
2024-10-04T14:04:42.003+0300: 282.908: Application time: 0.2157979 seconds
2024-10-04T14:04:42.003+0300: 282.908: [GC (Allocation Failure) [PSYoungGen: 190046K->9422K(193024K)] 456880K->277729K(602624K), 0.0023171 secs] [Times: user=0.00 sys=0.00, real=0.00 secs] 
2024-10-04T14:04:42.003+0300: 282.910: Total time for which application threads were stopped: 0.0026966 seconds, Stopping threads took: 0.0002115 seconds
2024-10-04T14:04:42.600+0300: 283.509: Application time: 0.5988714 seconds
2024-10-04T14:04:42.600+0300: 283.510: [GC (Allocation Failure) [PSYoungGen: 189715K->11592K(192512K)] 458022K->280660K(602112K), 0.0026018 secs] [Times: user=0.00 sys=0.00, real=0.02 secs] 
2024-10-04T14:04:42.616+0300: 283.512: Total time for which application threads were stopped: 0.0030602 seconds, Stopping threads took: 0.0002684 seconds
2024-10-04T14:04:43.149+0300: 284.046: Application time: 0.5338033 seconds
2024-10-04T14:04:43.149+0300: 284.046: [GC (Allocation Failure) [PSYoungGen: 191795K->9423K(192512K)] 460862K->280644K(602112K), 0.0024131 secs] [Times: user=0.00 sys=0.00, real=0.00 secs] 
2024-10-04T14:04:43.150+0300: 284.049: Total time for which application threads were stopped: 0.0027510 seconds, Stopping threads took: 0.0001546 seconds
2024-10-04T14:04:43.651+0300: 284.549: Application time: 0.5001936 seconds
2024-10-04T14:04:43.651+0300: 284.549: [GC (Allocation Failure) [PSYoungGen: 189479K->9391K(192512K)] 460700K->282093K(602112K), 0.0041765 secs] [Times: user=0.00 sys=0.00, real=0.00 secs] 
2024-10-04T14:04:43.651+0300: 284.554: Total time for which application threads were stopped: 0.0045460 seconds, Stopping threads took: 0.0002124 seconds
2024-10-04T14:04:43.714+0300: 284.613: Application time: 0.0597715 seconds
2024-10-04T14:04:43.714+0300: 284.614: [GC (Allocation Failure) [PSYoungGen: 189116K->8710K(193024K)] 461818K->282189K(602624K), 0.0021302 secs] [Times: user=0.00 sys=0.00, real=0.00 secs] 
2024-10-04T14:04:43.714+0300: 284.616: Total time for which application threads were stopped: 0.0024909 seconds, Stopping threads took: 0.0002302 seconds
2024-10-04T14:04:44.043+0300: 284.948: Application time: 0.3321787 seconds
2024-10-04T14:04:44.052+0300: 284.948: [GC (Allocation Failure) [PSYoungGen: 189374K->10135K(192512K)] 462853K->284410K(602112K), 0.0021421 secs] [Times: user=0.00 sys=0.00, real=0.00 secs] 
2024-10-04T14:04:44.052+0300: 284.950: Total time for which application threads were stopped: 0.0024785 seconds, Stopping threads took: 0.0001984 seconds
2024-10-04T14:04:44.247+0300: 285.145: Application time: 0.1946853 seconds
2024-10-04T14:04:44.247+0300: 285.145: [GC (Allocation Failure) [PSYoungGen: 190788K->10199K(193024K)] 465063K->285939K(602624K), 0.0023771 secs] [Times: user=0.00 sys=0.00, real=0.00 secs] 
2024-10-04T14:04:44.247+0300: 285.148: Total time for which application threads were stopped: 0.0027316 seconds, Stopping threads took: 0.0002150 seconds
2024-10-04T14:04:44.969+0300: 285.869: Application time: 0.7214618 seconds
2024-10-04T14:04:44.969+0300: 285.870: [GC (Allocation Failure) [PSYoungGen: 191223K->8742K(193024K)] 466963K->285947K(602624K), 0.0021232 secs] [Times: user=0.00 sys=0.00, real=0.00 secs] 
2024-10-04T14:04:44.969+0300: 285.872: Total time for which application threads were stopped: 0.0024813 seconds, Stopping threads took: 0.0002120 seconds
2024-10-04T14:04:45.315+0300: 286.226: Application time: 0.3536419 seconds
2024-10-04T14:04:45.315+0300: 286.226: [GC (Allocation Failure) [PSYoungGen: 189562K->10135K(193024K)] 466767K->289502K(602624K), 0.0024803 secs] [Times: user=0.01 sys=0.00, real=0.02 secs] 
2024-10-04T14:04:45.331+0300: 286.228: Total time for which application threads were stopped: 0.0028281 seconds, Stopping threads took: 0.0002038 seconds
2024-10-04T14:04:45.855+0300: 286.757: Application time: 0.5283653 seconds
2024-10-04T14:04:45.855+0300: 286.757: [GC (Allocation Failure) [PSYoungGen: 190840K->8742K(193024K)] 470207K->290295K(602624K), 0.0023270 secs] [Times: user=0.00 sys=0.00, real=0.00 secs] 
2024-10-04T14:04:45.855+0300: 286.759: Total time for which application threads were stopped: 0.0027367 seconds, Stopping threads took: 0.0001664 seconds
2024-10-04T14:04:46.055+0300: 286.963: Application time: 0.2038606 seconds
2024-10-04T14:04:46.055+0300: 286.964: [GC (Allocation Failure) [PSYoungGen: 189508K->9390K(193024K)] 471060K->291015K(602624K), 0.0021719 secs] [Times: user=0.02 sys=0.00, real=0.01 secs] 
2024-10-04T14:04:46.069+0300: 286.966: Total time for which application threads were stopped: 0.0024435 seconds, Stopping threads took: 0.0001447 seconds
2024-10-04T14:04:46.304+0300: 287.205: Application time: 0.2393509 seconds
2024-10-04T14:04:46.304+0300: 287.205: [GC (Allocation Failure) [PSYoungGen: 190398K->8710K(193024K)] 472022K->291823K(602624K), 0.0020652 secs] [Times: user=0.00 sys=0.00, real=0.00 secs] 
2024-10-04T14:04:46.304+0300: 287.208: Total time for which application threads were stopped: 0.0024037 seconds, Stopping threads took: 0.0001569 seconds
2024-10-04T14:04:46.477+0300: 287.382: Application time: 0.1747076 seconds
2024-10-04T14:04:46.477+0300: 287.382: [GC (Allocation Failure) [PSYoungGen: 189375K->9454K(193536K)] 472488K->293348K(603136K), 0.0021446 secs] [Times: user=0.00 sys=0.00, real=0.00 secs] 
2024-10-04T14:04:46.477+0300: 287.385: Total time for which application threads were stopped: 0.0024856 seconds, Stopping threads took: 0.0002074 seconds
2024-10-04T14:04:47.293+0300: 288.195: Application time: 0.8104306 seconds
2024-10-04T14:04:47.293+0300: 288.195: [GC (Allocation Failure) [PSYoungGen: 191189K->10167K(193024K)] 475083K->296255K(602624K), 0.0024937 secs] [Times: user=0.00 sys=0.00, real=0.00 secs] 
2024-10-04T14:04:47.293+0300: 288.198: Total time for which application threads were stopped: 0.0028315 seconds, Stopping threads took: 0.0002083 seconds
2024-10-04T14:04:47.659+0300: 288.556: Application time: 0.3580396 seconds
2024-10-04T14:04:47.659+0300: 288.556: [GC (Allocation Failure) [PSYoungGen: 191666K->9455K(193536K)] 477754K->297696K(603136K), 0.0023370 secs] [Times: user=0.00 sys=0.00, real=0.00 secs] 
2024-10-04T14:04:47.659+0300: 288.559: Total time for which application threads were stopped: 0.0026611 seconds, Stopping threads took: 0.0001707 seconds
2024-10-04T14:04:48.077+0300: 288.982: Application time: 0.4229477 seconds
2024-10-04T14:04:48.077+0300: 288.982: [GC (Allocation Failure) [PSYoungGen: 190940K->9359K(193024K)] 479182K->299089K(602624K), 0.0023167 secs] [Times: user=0.01 sys=0.00, real=0.00 secs] 
2024-10-04T14:04:48.077+0300: 288.984: Total time for which application threads were stopped: 0.0026640 seconds, Stopping threads took: 0.0002128 seconds
2024-10-04T14:04:48.297+0300: 289.195: Application time: 0.2103160 seconds
2024-10-04T14:04:48.297+0300: 289.195: [GC (Allocation Failure) [PSYoungGen: 190522K->10199K(193536K)] 480252K->300690K(603136K), 0.0022042 secs] [Times: user=0.00 sys=0.00, real=0.00 secs] 
2024-10-04T14:04:48.297+0300: 289.197: Total time for which application threads were stopped: 0.0025619 seconds, Stopping threads took: 0.0002124 seconds
2024-10-04T14:04:48.517+0300: 289.428: Application time: 0.2309471 seconds
2024-10-04T14:04:48.532+0300: 289.429: [GC (Allocation Failure) [PSYoungGen: 192314K->9358K(193536K)] 482805K->301374K(603136K), 0.0027549 secs] [Times: user=0.00 sys=0.00, real=0.00 secs] 
2024-10-04T14:04:48.532+0300: 289.431: Total time for which application threads were stopped: 0.0032737 seconds, Stopping threads took: 0.0003122 seconds
2024-10-04T14:04:48.925+0300: 289.828: Application time: 0.3964086 seconds
2024-10-04T14:04:48.925+0300: 289.828: [GC (Allocation Failure) [PSYoungGen: 191425K->8774K(193536K)] 483441K->301542K(603136K), 0.0021392 secs] [Times: user=0.00 sys=0.00, real=0.00 secs] 
2024-10-04T14:04:48.925+0300: 289.830: Total time for which application threads were stopped: 0.0024873 seconds, Stopping threads took: 0.0002078 seconds
2024-10-04T14:04:49.725+0300: 290.629: Application time: 0.7991237 seconds
2024-10-04T14:04:49.725+0300: 290.630: [GC (Allocation Failure) [PSYoungGen: 190524K->10880K(193536K)] 483292K->305113K(603136K), 0.0024524 secs] [Times: user=0.05 sys=0.00, real=0.00 secs] 
2024-10-04T14:04:49.725+0300: 290.632: Total time for which application threads were stopped: 0.0027569 seconds, Stopping threads took: 0.0001171 seconds
2024-10-04T14:04:50.102+0300: 290.999: Application time: 0.3664074 seconds
2024-10-04T14:04:50.102+0300: 290.999: [GC (Allocation Failure) [PSYoungGen: 193111K->9455K(193536K)] 487345K->305850K(603136K), 0.0023595 secs] [Times: user=0.00 sys=0.00, real=0.00 secs] 
2024-10-04T14:04:50.102+0300: 291.001: Total time for which application threads were stopped: 0.0026366 seconds, Stopping threads took: 0.0001322 seconds
2024-10-04T14:04:50.447+0300: 291.353: Application time: 0.3518495 seconds
2024-10-04T14:04:50.447+0300: 291.353: [GC (Allocation Failure) [PSYoungGen: 191653K->8710K(193536K)] 488048K->306586K(603136K), 0.0021883 secs] [Times: user=0.00 sys=0.00, real=0.00 secs] 
2024-10-04T14:04:50.447+0300: 291.356: Total time for which application threads were stopped: 0.0024822 seconds, Stopping threads took: 0.0001575 seconds
2024-10-04T14:04:50.698+0300: 291.609: Application time: 0.2530570 seconds
2024-10-04T14:04:50.698+0300: 291.609: [GC (Allocation Failure) [PSYoungGen: 190660K->9422K(193536K)] 488536K->308075K(603136K), 0.0023387 secs] [Times: user=0.02 sys=0.00, real=0.02 secs] 
2024-10-04T14:04:50.714+0300: 291.611: Total time for which application threads were stopped: 0.0026967 seconds, Stopping threads took: 0.0002114 seconds
2024-10-04T14:04:50.871+0300: 291.782: Application time: 0.1709411 seconds
2024-10-04T14:04:50.886+0300: 291.783: [GC (Allocation Failure) [PSYoungGen: 191489K->9358K(193536K)] 490142K->308808K(603136K), 0.0023517 secs] [Times: user=0.00 sys=0.00, real=0.00 secs] 
2024-10-04T14:04:50.886+0300: 291.785: Total time for which application threads were stopped: 0.0027149 seconds, Stopping threads took: 0.0001717 seconds
2024-10-04T14:04:51.310+0300: 292.209: Application time: 0.4242628 seconds
2024-10-04T14:04:51.310+0300: 292.209: [GC (Allocation Failure) [PSYoungGen: 191452K->9454K(193536K)] 490901K->310377K(603136K), 0.0023207 secs] [Times: user=0.00 sys=0.00, real=0.00 secs] 
2024-10-04T14:04:51.310+0300: 292.212: Total time for which application threads were stopped: 0.0026351 seconds, Stopping threads took: 0.0001643 seconds
2024-10-04T14:04:51.970+0300: 292.877: Application time: 0.6648716 seconds
2024-10-04T14:04:51.970+0300: 292.877: [GC (Allocation Failure) [PSYoungGen: 191597K->10880K(193536K)] 492520K->313275K(603136K), 0.0026637 secs] [Times: user=0.00 sys=0.00, real=0.00 secs] 
2024-10-04T14:04:51.970+0300: 292.880: Total time for which application threads were stopped: 0.0030347 seconds, Stopping threads took: 0.0002081 seconds
2024-10-04T14:04:52.330+0300: 293.238: Application time: 0.3585643 seconds
2024-10-04T14:04:52.330+0300: 293.239: [GC (Allocation Failure) [PSYoungGen: 192631K->9423K(193536K)] 495026K->314004K(603136K), 0.0024606 secs] [Times: user=0.00 sys=0.00, real=0.00 secs] 
2024-10-04T14:04:52.330+0300: 293.241: Total time for which application threads were stopped: 0.0028057 seconds, Stopping threads took: 0.0002026 seconds
2024-10-04T14:04:52.598+0300: 293.509: Application time: 0.2676613 seconds
2024-10-04T14:04:52.598+0300: 293.509: [GC (Allocation Failure) [PSYoungGen: 191373K->8678K(193536K)] 495954K->314716K(603136K), 0.0021621 secs] [Times: user=0.00 sys=0.00, real=0.01 secs] 
2024-10-04T14:04:52.613+0300: 293.511: Total time for which application threads were stopped: 0.0025135 seconds, Stopping threads took: 0.0001985 seconds
2024-10-04T14:04:52.849+0300: 293.757: Application time: 0.2456897 seconds
2024-10-04T14:04:52.849+0300: 293.757: [GC (Allocation Failure) [PSYoungGen: 190807K->9390K(193536K)] 496845K->316229K(603136K), 0.0022311 secs] [Times: user=0.00 sys=0.00, real=0.00 secs] 
2024-10-04T14:04:52.849+0300: 293.760: Total time for which application threads were stopped: 0.0026007 seconds, Stopping threads took: 0.0002278 seconds
2024-10-04T14:04:53.147+0300: 294.057: Application time: 0.2977364 seconds
2024-10-04T14:04:53.147+0300: 294.058: [GC (Allocation Failure) [PSYoungGen: 191530K->10167K(193536K)] 498369K->317758K(603136K), 0.0023819 secs] [Times: user=0.02 sys=0.00, real=0.02 secs] 
2024-10-04T14:04:53.163+0300: 294.060: Total time for which application threads were stopped: 0.0026867 seconds, Stopping threads took: 0.0001734 seconds
2024-10-04T14:04:53.696+0300: 294.595: Application time: 0.5351416 seconds
2024-10-04T14:04:53.696+0300: 294.595: [GC (Allocation Failure) [PSYoungGen: 192244K->8646K(193536K)] 499835K->318439K(603136K), 0.0022355 secs] [Times: user=0.00 sys=0.00, real=0.00 secs] 
2024-10-04T14:04:53.696+0300: 294.598: Total time for which application threads were stopped: 0.0025276 seconds, Stopping threads took: 0.0001368 seconds
2024-10-04T14:04:54.230+0300: 295.139: Application time: 0.5408343 seconds
2024-10-04T14:04:54.230+0300: 295.139: [GC (Allocation Failure) [PSYoungGen: 190791K->10848K(193536K)] 500584K->322114K(603136K), 0.0025650 secs] [Times: user=0.02 sys=0.00, real=0.01 secs] 
2024-10-04T14:04:54.245+0300: 295.141: Total time for which application threads were stopped: 0.0028765 seconds, Stopping threads took: 0.0001547 seconds
2024-10-04T14:04:54.748+0300: 295.657: Application time: 0.5155186 seconds
2024-10-04T14:04:54.748+0300: 295.657: [GC (Allocation Failure) [PSYoungGen: 192423K->8742K(192512K)] 503688K->321473K(602112K), 0.0022583 secs] [Times: user=0.01 sys=0.00, real=0.02 secs] 
2024-10-04T14:04:54.763+0300: 295.660: Total time for which application threads were stopped: 0.0026335 seconds, Stopping threads took: 0.0001883 seconds
2024-10-04T14:04:54.795+0300: 295.706: Application time: 0.0467025 seconds
2024-10-04T14:04:54.811+0300: 295.707: [GC (Allocation Failure) [PSYoungGen: 189568K->7221K(193024K)] 502299K->322874K(602624K), 0.0022444 secs] [Times: user=0.00 sys=0.00, real=0.00 secs] 
2024-10-04T14:04:54.811+0300: 295.709: Total time for which application threads were stopped: 0.0026554 seconds, Stopping threads took: 0.0001787 seconds
2024-10-04T14:04:55.313+0300: 296.220: Application time: 0.5108547 seconds
2024-10-04T14:04:55.313+0300: 296.220: [GC (Allocation Failure) [PSYoungGen: 188452K->9422K(193024K)] 504105K->325836K(602624K), 0.0023339 secs] [Times: user=0.00 sys=0.00, real=0.00 secs] 
2024-10-04T14:04:55.313+0300: 296.223: Total time for which application threads were stopped: 0.0026916 seconds, Stopping threads took: 0.0002180 seconds
2024-10-04T14:04:55.454+0300: 296.354: Application time: 0.1317867 seconds
2024-10-04T14:04:55.454+0300: 296.355: [GC (Allocation Failure) [PSYoungGen: 190566K->9422K(193024K)] 506979K->326613K(602624K), 0.0022725 secs] [Times: user=0.00 sys=0.00, real=0.00 secs] 
2024-10-04T14:04:55.454+0300: 296.357: Total time for which application threads were stopped: 0.0025820 seconds, Stopping threads took: 0.0001603 seconds
2024-10-04T14:04:56.065+0300: 296.970: Application time: 0.6129496 seconds
2024-10-04T14:04:56.065+0300: 296.970: [GC (Allocation Failure) [PSYoungGen: 190533K->10167K(192512K)] 507723K->328858K(602112K), 0.0023289 secs] [Times: user=0.02 sys=0.00, real=0.01 secs] 
2024-10-04T14:04:56.074+0300: 296.972: Total time for which application threads were stopped: 0.0025649 seconds, Stopping threads took: 0.0000917 seconds
2024-10-04T14:04:56.583+0300: 297.483: Application time: 0.5106451 seconds
2024-10-04T14:04:56.583+0300: 297.483: [GC (Allocation Failure) [PSYoungGen: 190914K->8710K(193024K)] 509605K->329563K(602624K), 0.0023415 secs] [Times: user=0.00 sys=0.00, real=0.00 secs] 
2024-10-04T14:04:56.583+0300: 297.486: Total time for which application threads were stopped: 0.0027112 seconds, Stopping threads took: 0.0001630 seconds
2024-10-04T14:04:56.991+0300: 297.898: Application time: 0.4121158 seconds
2024-10-04T14:04:56.991+0300: 297.898: [GC (Allocation Failure) [PSYoungGen: 189502K->10816K(193024K)] 510355K->332437K(602624K), 0.0024608 secs] [Times: user=0.00 sys=0.00, real=0.00 secs] 
2024-10-04T14:04:56.991+0300: 297.901: Total time for which application threads were stopped: 0.0028242 seconds, Stopping threads took: 0.0002123 seconds
2024-10-04T14:04:57.211+0300: 298.121: Application time: 0.2198323 seconds
2024-10-04T14:04:57.211+0300: 298.121: [GC (Allocation Failure) [PSYoungGen: 191578K->9487K(193024K)] 513200K->333286K(602624K), 0.0025505 secs] [Times: user=0.02 sys=0.00, real=0.02 secs] 
2024-10-04T14:04:57.227+0300: 298.123: Total time for which application threads were stopped: 0.0029130 seconds, Stopping threads took: 0.0002133 seconds
2024-10-04T14:04:57.697+0300: 298.602: Application time: 0.4789832 seconds
2024-10-04T14:04:57.697+0300: 298.603: [GC (Allocation Failure) [PSYoungGen: 190186K->8710K(193024K)] 513985K->333998K(602624K), 0.0022400 secs] [Times: user=0.00 sys=0.00, real=0.00 secs] 
2024-10-04T14:04:57.697+0300: 298.605: Total time for which application threads were stopped: 0.0025816 seconds, Stopping threads took: 0.0002047 seconds
2024-10-04T14:04:57.822+0300: 298.728: Application time: 0.1233647 seconds
2024-10-04T14:04:57.822+0300: 298.729: [GC (Allocation Failure) [PSYoungGen: 189817K->10863K(193024K)] 515105K->336208K(602624K), 0.0023807 secs] [Times: user=0.00 sys=0.00, real=0.00 secs] 
2024-10-04T14:04:57.822+0300: 298.731: Total time for which application threads were stopped: 0.0027245 seconds, Stopping threads took: 0.0002080 seconds
2024-10-04T14:04:58.529+0300: 299.438: Application time: 0.7069726 seconds
2024-10-04T14:04:58.529+0300: 299.438: [GC (Allocation Failure) [PSYoungGen: 191932K->10167K(193024K)] 517276K->337725K(602624K), 0.0025042 secs] [Times: user=0.00 sys=0.00, real=0.01 secs] 
2024-10-04T14:04:58.544+0300: 299.441: Total time for which application threads were stopped: 0.0027850 seconds, Stopping threads took: 0.0001156 seconds
2024-10-04T14:04:58.936+0300: 299.833: Application time: 0.3922662 seconds
2024-10-04T14:04:58.936+0300: 299.833: [GC (Allocation Failure) [PSYoungGen: 190936K->10880K(192512K)] 518494K->339887K(602112K), 0.0025877 secs] [Times: user=0.01 sys=0.00, real=0.00 secs] 
2024-10-04T14:04:58.936+0300: 299.836: Total time for which application threads were stopped: 0.0029474 seconds, Stopping threads took: 0.0002019 seconds
2024-10-04T14:04:59.470+0300: 300.367: Application time: 0.5311507 seconds
2024-10-04T14:04:59.470+0300: 300.368: [GC (Allocation Failure) [PSYoungGen: 191589K->8774K(192512K)] 520596K->340671K(602112K), 0.0051151 secs] [Times: user=0.00 sys=0.00, real=0.00 secs] 
2024-10-04T14:04:59.470+0300: 300.373: Total time for which application threads were stopped: 0.0054764 seconds, Stopping threads took: 0.0002043 seconds
2024-10-04T14:04:59.658+0300: 300.569: Application time: 0.1958221 seconds
2024-10-04T14:04:59.658+0300: 300.569: [GC (Allocation Failure) [PSYoungGen: 188770K->9391K(192512K)] 520667K->341351K(602112K), 0.0023587 secs] [Times: user=0.01 sys=0.00, real=0.02 secs] 
2024-10-04T14:04:59.674+0300: 300.571: Total time for which application threads were stopped: 0.0027368 seconds, Stopping threads took: 0.0002005 seconds
2024-10-04T14:05:00.129+0300: 301.027: Application time: 0.4556116 seconds
2024-10-04T14:05:00.129+0300: 301.027: [GC (Allocation Failure) [PSYoungGen: 189056K->8758K(193024K)] 521017K->342192K(602624K), 0.0022740 secs] [Times: user=0.01 sys=0.00, real=0.00 secs] 
2024-10-04T14:05:00.129+0300: 301.030: Total time for which application threads were stopped: 0.0025805 seconds, Stopping threads took: 0.0001625 seconds
2024-10-04T14:05:00.160+0300: 301.071: Application time: 0.0412788 seconds
2024-10-04T14:05:00.160+0300: 301.071: [GC (Allocation Failure) [PSYoungGen: 189432K->8614K(193024K)] 522866K->343565K(602624K), 0.0023360 secs] [Times: user=0.02 sys=0.00, real=0.02 secs] 
2024-10-04T14:05:00.176+0300: 301.073: Total time for which application threads were stopped: 0.0026444 seconds, Stopping threads took: 0.0001173 seconds
2024-10-04T14:05:00.984+0300: 301.883: Application time: 0.8091106 seconds
2024-10-04T14:05:00.984+0300: 301.883: [GC (Allocation Failure) [PSYoungGen: 189626K->10167K(193024K)] 524577K->345871K(602624K), 0.0024332 secs] [Times: user=0.00 sys=0.00, real=0.00 secs] 
2024-10-04T14:05:00.984+0300: 301.885: Total time for which application threads were stopped: 0.0027531 seconds, Stopping threads took: 0.0001809 seconds
2024-10-04T14:05:01.385+0300: 302.288: Application time: 0.4030946 seconds
2024-10-04T14:05:01.385+0300: 302.289: [GC (Allocation Failure) [PSYoungGen: 190887K->10912K(192512K)] 526590K->348048K(602112K), 0.0027625 secs] [Times: user=0.00 sys=0.00, real=0.00 secs] 
2024-10-04T14:05:01.385+0300: 302.292: Total time for which application threads were stopped: 0.0031358 seconds, Stopping threads took: 0.0002234 seconds
2024-10-04T14:05:01.682+0300: 302.581: Application time: 0.2890920 seconds
2024-10-04T14:05:01.682+0300: 302.581: [GC (Allocation Failure) [PSYoungGen: 192154K->9391K(193024K)] 529290K->348729K(602624K), 0.0024161 secs] [Times: user=0.00 sys=0.00, real=0.00 secs] 
2024-10-04T14:05:01.685+0300: 302.583: Total time for which application threads were stopped: 0.0027866 seconds, Stopping threads took: 0.0002140 seconds
2024-10-04T14:05:02.091+0300: 302.998: Application time: 0.4144453 seconds
2024-10-04T14:05:02.091+0300: 302.998: [GC (Allocation Failure) [PSYoungGen: 189672K->8710K(192512K)] 529010K->349557K(602112K), 0.0021254 secs] [Times: user=0.00 sys=0.00, real=0.00 secs] 
2024-10-04T14:05:02.091+0300: 303.000: Total time for which application threads were stopped: 0.0024570 seconds, Stopping threads took: 0.0001891 seconds
2024-10-04T14:05:02.295+0300: 303.203: Application time: 0.2029031 seconds
2024-10-04T14:05:02.295+0300: 303.204: [GC (Allocation Failure) [PSYoungGen: 189156K->8045K(193024K)] 530004K->349621K(602624K), 0.0020913 secs] [Times: user=0.00 sys=0.00, real=0.00 secs] 
2024-10-04T14:05:02.295+0300: 303.206: Total time for which application threads were stopped: 0.0024125 seconds, Stopping threads took: 0.0001873 seconds
2024-10-04T14:05:02.530+0300: 303.426: Application time: 0.2205396 seconds
2024-10-04T14:05:02.530+0300: 303.427: [GC (Allocation Failure) [PSYoungGen: 188718K->10103K(191488K)] 530294K->352475K(601088K), 0.0024817 secs] [Times: user=0.03 sys=0.00, real=0.00 secs] 
2024-10-04T14:05:02.530+0300: 303.429: Total time for which application threads were stopped: 0.0028790 seconds, Stopping threads took: 0.0002428 seconds
2024-10-04T14:05:03.299+0300: 304.206: Application time: 0.7764778 seconds
2024-10-04T14:05:03.299+0300: 304.206: [GC (Allocation Failure) [PSYoungGen: 191113K->9455K(193024K)] 533486K->353292K(602624K), 0.0023967 secs] [Times: user=0.00 sys=0.00, real=0.00 secs] 
2024-10-04T14:05:03.299+0300: 304.208: Total time for which application threads were stopped: 0.0027222 seconds, Stopping threads took: 0.0001925 seconds
2024-10-04T14:05:03.801+0300: 304.697: Application time: 0.4889069 seconds
2024-10-04T14:05:03.801+0300: 304.697: [GC (Allocation Failure) [PSYoungGen: 189520K->10135K(192512K)] 533357K->356134K(602112K), 0.0025576 secs] [Times: user=0.00 sys=0.00, real=0.00 secs] 
2024-10-04T14:05:03.801+0300: 304.700: Total time for which application threads were stopped: 0.0029193 seconds, Stopping threads took: 0.0001969 seconds
2024-10-04T14:05:03.926+0300: 304.833: Application time: 0.1327556 seconds
2024-10-04T14:05:03.926+0300: 304.833: [GC (Allocation Failure) [PSYoungGen: 190666K->10167K(193024K)] 536665K->357639K(602624K), 0.0025060 secs] [Times: user=0.00 sys=0.00, real=0.00 secs] 
2024-10-04T14:05:03.926+0300: 304.836: Total time for which application threads were stopped: 0.0028771 seconds, Stopping threads took: 0.0002234 seconds
2024-10-04T14:05:04.390+0300: 305.289: Application time: 0.4536855 seconds
2024-10-04T14:05:04.390+0300: 305.290: [GC (Allocation Failure) [PSYoungGen: 190884K->9390K(193024K)] 538356K->358376K(602624K), 0.0022828 secs] [Times: user=0.00 sys=0.00, real=0.00 secs] 
2024-10-04T14:05:04.390+0300: 305.292: Total time for which application threads were stopped: 0.0026638 seconds, Stopping threads took: 0.0002300 seconds
2024-10-04T14:05:04.538+0300: 305.438: Application time: 0.1462336 seconds
2024-10-04T14:05:04.538+0300: 305.439: [GC (Allocation Failure) [PSYoungGen: 190583K->9486K(193024K)] 539568K->359224K(602624K), 0.0023327 secs] [Times: user=0.00 sys=0.00, real=0.00 secs] 
2024-10-04T14:05:04.538+0300: 305.441: Total time for which application threads were stopped: 0.0029020 seconds, Stopping threads took: 0.0003582 seconds
2024-10-04T14:05:04.915+0300: 305.818: Application time: 0.3765419 seconds
2024-10-04T14:05:04.915+0300: 305.818: [GC (Allocation Failure) [PSYoungGen: 190100K->9422K(193024K)] 539837K->359969K(602624K), 0.0021970 secs] [Times: user=0.00 sys=0.00, real=0.00 secs] 
2024-10-04T14:05:04.915+0300: 305.820: Total time for which application threads were stopped: 0.0024701 seconds, Stopping threads took: 0.0001315 seconds
2024-10-04T14:05:05.637+0300: 306.535: Application time: 0.7150081 seconds
2024-10-04T14:05:05.637+0300: 306.536: [GC (Allocation Failure) [PSYoungGen: 190427K->10880K(192512K)] 540973K->362851K(602112K), 0.0026132 secs] [Times: user=0.00 sys=0.00, real=0.00 secs] 
2024-10-04T14:05:05.637+0300: 306.538: Total time for which application threads were stopped: 0.0029098 seconds, Stopping threads took: 0.0001002 seconds
2024-10-04T14:05:06.029+0300: 306.937: Application time: 0.3984431 seconds
2024-10-04T14:05:06.029+0300: 306.937: [GC (Allocation Failure) [PSYoungGen: 191712K->8614K(193024K)] 543683K->362763K(602624K), 0.0023573 secs] [Times: user=0.00 sys=0.00, real=0.00 secs] 
2024-10-04T14:05:06.029+0300: 306.939: Total time for which application threads were stopped: 0.0027469 seconds, Stopping threads took: 0.0002553 seconds
2024-10-04T14:05:06.249+0300: 307.155: Application time: 0.2152182 seconds
2024-10-04T14:05:06.249+0300: 307.155: [GC (Allocation Failure) [PSYoungGen: 189775K->10199K(193024K)] 543924K->364396K(602624K), 0.0023711 secs] [Times: user=0.00 sys=0.00, real=0.00 secs] 
2024-10-04T14:05:06.249+0300: 307.157: Total time for which application threads were stopped: 0.0027477 seconds, Stopping threads took: 0.0002288 seconds
2024-10-04T14:05:06.672+0300: 307.580: Application time: 0.4224407 seconds
2024-10-04T14:05:06.672+0300: 307.580: [GC (Allocation Failure) [PSYoungGen: 190955K->7317K(193024K)] 545152K->363023K(602624K), 0.0020812 secs] [Times: user=0.00 sys=0.00, real=0.00 secs] 
2024-10-04T14:05:06.672+0300: 307.582: Total time for which application threads were stopped: 0.0025036 seconds, Stopping threads took: 0.0002614 seconds
2024-10-04T14:05:06.767+0300: 307.669: Application time: 0.0870689 seconds
2024-10-04T14:05:06.767+0300: 307.670: [GC (Allocation Failure) [PSYoungGen: 188000K->10135K(193024K)] 543706K->366653K(602624K), 0.0024569 secs] [Times: user=0.00 sys=0.00, real=0.00 secs] 
2024-10-04T14:05:06.767+0300: 307.672: Total time for which application threads were stopped: 0.0028541 seconds, Stopping threads took: 0.0002415 seconds
2024-10-04T14:05:07.253+0300: 308.153: Application time: 0.4811385 seconds
2024-10-04T14:05:07.253+0300: 308.154: [GC (Allocation Failure) [PSYoungGen: 191149K->10103K(193024K)] 547668K->368103K(602624K), 0.0023897 secs] [Times: user=0.00 sys=0.00, real=0.00 secs] 
2024-10-04T14:05:07.253+0300: 308.156: Total time for which application threads were stopped: 0.0027483 seconds, Stopping threads took: 0.0002202 seconds
2024-10-04T14:05:07.960+0300: 308.868: Application time: 0.7117960 seconds
2024-10-04T14:05:07.960+0300: 308.868: [GC (Allocation Failure) [PSYoungGen: 191119K->10880K(192000K)] 549118K->370312K(601600K), 0.0025167 secs] [Times: user=0.00 sys=0.00, real=0.00 secs] 
2024-10-04T14:05:07.960+0300: 308.871: Total time for which application threads were stopped: 0.0028173 seconds, Stopping threads took: 0.0001581 seconds
2024-10-04T14:05:08.352+0300: 309.258: Application time: 0.3871121 seconds
2024-10-04T14:05:08.352+0300: 309.258: [GC (Allocation Failure) [PSYoungGen: 190914K->8614K(192512K)] 550347K->370937K(602112K), 0.0023633 secs] [Times: user=0.00 sys=0.00, real=0.00 secs] 
2024-10-04T14:05:08.352+0300: 309.261: Total time for which application threads were stopped: 0.0026649 seconds, Stopping threads took: 0.0001599 seconds
2024-10-04T14:05:08.509+0300: 309.411: Application time: 0.1504655 seconds
2024-10-04T14:05:08.509+0300: 309.411: [GC (Allocation Failure) [PSYoungGen: 188323K->8742K(192512K)] 550646K->371810K(602112K), 0.0025771 secs] [Times: user=0.00 sys=0.00, real=0.00 secs] 
2024-10-04T14:05:08.509+0300: 309.414: Total time for which application threads were stopped: 0.0029497 seconds, Stopping threads took: 0.0001822 seconds
2024-10-04T14:05:08.980+0300: 309.890: Application time: 0.4756744 seconds
2024-10-04T14:05:08.980+0300: 309.890: [GC (Allocation Failure) [PSYoungGen: 188763K->9390K(192512K)] 551831K->373262K(602112K), 0.0025001 secs] [Times: user=0.02 sys=0.00, real=0.01 secs] 
2024-10-04T14:05:08.995+0300: 309.893: Total time for which application threads were stopped: 0.0028757 seconds, Stopping threads took: 0.0002303 seconds
2024-10-04T14:05:09.121+0300: 310.026: Application time: 0.1334090 seconds
2024-10-04T14:05:09.121+0300: 310.026: [GC (Allocation Failure) [PSYoungGen: 189006K->8710K(193024K)] 552878K->373358K(602624K), 0.0022412 secs] [Times: user=0.00 sys=0.00, real=0.00 secs] 
2024-10-04T14:05:09.121+0300: 310.029: Total time for which application threads were stopped: 0.0027469 seconds, Stopping threads took: 0.0003777 seconds
2024-10-04T14:05:09.599+0300: 310.500: Application time: 0.4708659 seconds
2024-10-04T14:05:09.599+0300: 310.500: [GC (Allocation Failure) [PSYoungGen: 189726K->10879K(192512K)] 554375K->376325K(602112K), 0.0024112 secs] [Times: user=0.02 sys=0.00, real=0.00 secs] 
2024-10-04T14:05:09.599+0300: 310.502: Total time for which application threads were stopped: 0.0027245 seconds, Stopping threads took: 0.0001701 seconds
2024-10-04T14:05:10.156+0300: 311.054: Application time: 0.5519017 seconds
2024-10-04T14:05:10.156+0300: 311.054: [GC (Allocation Failure) [PSYoungGen: 191682K->9455K(193024K)] 557127K->375620K(602624K), 0.0022356 secs] [Times: user=0.00 sys=0.00, real=0.00 secs] 
2024-10-04T14:05:10.156+0300: 311.057: Total time for which application threads were stopped: 0.0025507 seconds, Stopping threads took: 0.0001636 seconds
2024-10-04T14:05:10.701+0300: 311.600: Application time: 0.5436173 seconds
2024-10-04T14:05:10.701+0300: 311.601: [GC (Allocation Failure) [PSYoungGen: 189739K->9359K(192512K)] 555904K->377726K(602112K), 0.0025048 secs] [Times: user=0.00 sys=0.00, real=0.01 secs] 
2024-10-04T14:05:10.706+0300: 311.603: Total time for which application threads were stopped: 0.0027995 seconds, Stopping threads took: 0.0001005 seconds
2024-10-04T14:05:10.816+0300: 311.715: Application time: 0.1117861 seconds
2024-10-04T14:05:10.816+0300: 311.715: [GC (Allocation Failure) [PSYoungGen: 189835K->8710K(193024K)] 558202K->378535K(602624K), 0.0024538 secs] [Times: user=0.02 sys=0.00, real=0.00 secs] 
2024-10-04T14:05:10.816+0300: 311.718: Total time for which application threads were stopped: 0.0028865 seconds, Stopping threads took: 0.0002219 seconds
2024-10-04T14:05:11.240+0300: 312.139: Application time: 0.4207818 seconds
2024-10-04T14:05:11.240+0300: 312.139: [GC (Allocation Failure) [PSYoungGen: 189386K->9390K(193024K)] 559210K->380019K(602624K), 0.0022169 secs] [Times: user=0.00 sys=0.00, real=0.00 secs] 
2024-10-04T14:05:11.240+0300: 312.141: Total time for which application threads were stopped: 0.0025526 seconds, Stopping threads took: 0.0001983 seconds
2024-10-04T14:05:11.287+0300: 312.196: Application time: 0.0548537 seconds
2024-10-04T14:05:11.287+0300: 312.196: [GC (Allocation Failure) [PSYoungGen: 190535K->9390K(193536K)] 561164K->381508K(603136K), 0.0024902 secs] [Times: user=0.02 sys=0.00, real=0.02 secs] 
2024-10-04T14:05:11.302+0300: 312.199: Total time for which application threads were stopped: 0.0028317 seconds, Stopping threads took: 0.0002078 seconds
2024-10-04T14:05:11.852+0300: 312.758: Application time: 0.5592547 seconds
2024-10-04T14:05:11.852+0300: 312.758: [GC (Allocation Failure) [PSYoungGen: 191132K->10167K(193536K)] 563250K->383786K(603136K), 0.0024133 secs] [Times: user=0.00 sys=0.00, real=0.00 secs] 
2024-10-04T14:05:11.852+0300: 312.761: Total time for which application threads were stopped: 0.0028320 seconds, Stopping threads took: 0.0002836 seconds
2024-10-04T14:05:12.386+0300: 313.282: Application time: 0.5210400 seconds
2024-10-04T14:05:12.386+0300: 313.282: [GC (Allocation Failure) [PSYoungGen: 192384K->8646K(193536K)] 566003K->384443K(603136K), 0.0022311 secs] [Times: user=0.00 sys=0.00, real=0.00 secs] 
2024-10-04T14:05:12.386+0300: 313.285: Total time for which application threads were stopped: 0.0025414 seconds, Stopping threads took: 0.0001625 seconds
2024-10-04T14:05:12.982+0300: 313.890: Application time: 0.6053046 seconds
2024-10-04T14:05:12.982+0300: 313.890: [GC (Allocation Failure) [PSYoungGen: 190807K->10167K(193536K)] 566603K->387437K(603136K), 0.0026071 secs] [Times: user=0.00 sys=0.00, real=0.00 secs] 
2024-10-04T14:05:12.982+0300: 313.893: Total time for which application threads were stopped: 0.0029595 seconds, Stopping threads took: 0.0001471 seconds
2024-10-04T14:05:13.092+0300: 313.993: Application time: 0.1004176 seconds
2024-10-04T14:05:13.092+0300: 313.993: [GC (Allocation Failure) [PSYoungGen: 192404K->9487K(193536K)] 569674K->388221K(603136K), 0.0023764 secs] [Times: user=0.00 sys=0.00, real=0.00 secs] 
2024-10-04T14:05:13.092+0300: 313.996: Total time for which application threads were stopped: 0.0027030 seconds, Stopping threads took: 0.0001913 seconds
2024-10-04T14:05:13.672+0300: 314.572: Application time: 0.5756983 seconds
2024-10-04T14:05:13.672+0300: 314.572: [GC (Allocation Failure) [PSYoungGen: 191585K->9391K(193536K)] 570320K->389598K(603136K), 0.0024042 secs] [Times: user=0.00 sys=0.00, real=0.00 secs] 
2024-10-04T14:05:13.672+0300: 314.574: Total time for which application threads were stopped: 0.0027770 seconds, Stopping threads took: 0.0002180 seconds
2024-10-04T14:05:13.807+0300: 314.706: Application time: 0.1319215 seconds
2024-10-04T14:05:13.807+0300: 314.707: [GC (Allocation Failure) [PSYoungGen: 191228K->10135K(193536K)] 571436K->391111K(603136K), 0.0046201 secs] [Times: user=0.00 sys=0.00, real=0.01 secs] 
2024-10-04T14:05:13.814+0300: 314.711: Total time for which application threads were stopped: 0.0049768 seconds, Stopping threads took: 0.0002125 seconds
2024-10-04T14:05:14.425+0300: 315.322: Application time: 0.6105954 seconds
2024-10-04T14:05:14.425+0300: 315.322: [GC (Allocation Failure) [PSYoungGen: 191870K->10135K(193536K)] 572846K->392604K(603136K), 0.0025114 secs] [Times: user=0.02 sys=0.00, real=0.00 secs] 
2024-10-04T14:05:14.425+0300: 315.325: Total time for which application threads were stopped: 0.0028893 seconds, Stopping threads took: 0.0002156 seconds
2024-10-04T14:05:14.849+0300: 315.747: Application time: 0.4220882 seconds
2024-10-04T14:05:14.849+0300: 315.747: [GC (Allocation Failure) [PSYoungGen: 192353K->9455K(193536K)] 574823K->393357K(603136K), 0.0022960 secs] [Times: user=0.00 sys=0.00, real=0.00 secs] 
2024-10-04T14:05:14.849+0300: 315.750: Total time for which application threads were stopped: 0.0026566 seconds, Stopping threads took: 0.0002193 seconds
2024-10-04T14:05:15.351+0300: 316.258: Application time: 0.5084853 seconds
2024-10-04T14:05:15.351+0300: 316.259: [GC (Allocation Failure) [PSYoungGen: 191363K->9455K(193536K)] 575266K->394838K(603136K), 0.0023668 secs] [Times: user=0.00 sys=0.00, real=0.00 secs] 
2024-10-04T14:05:15.351+0300: 316.261: Total time for which application threads were stopped: 0.0029426 seconds, Stopping threads took: 0.0004315 seconds
2024-10-04T14:05:15.543+0300: 316.439: Application time: 0.1783183 seconds
2024-10-04T14:05:15.543+0300: 316.440: [GC (Allocation Failure) [PSYoungGen: 191204K->9455K(193536K)] 576588K->396355K(603136K), 0.0024690 secs] [Times: user=0.00 sys=0.00, real=0.00 secs] 
2024-10-04T14:05:15.546+0300: 316.442: Total time for which application threads were stopped: 0.0027981 seconds, Stopping threads took: 0.0001427 seconds
2024-10-04T14:05:15.994+0300: 316.897: Application time: 0.4546185 seconds
2024-10-04T14:05:15.994+0300: 316.897: [GC (Allocation Failure) [PSYoungGen: 191314K->9487K(193536K)] 578214K->397828K(603136K), 0.0024070 secs] [Times: user=0.00 sys=0.00, real=0.00 secs] 
2024-10-04T14:05:15.994+0300: 316.900: Total time for which application threads were stopped: 0.0028071 seconds, Stopping threads took: 0.0002463 seconds
2024-10-04T14:05:16.104+0300: 317.001: Application time: 0.1017833 seconds
2024-10-04T14:05:16.104+0300: 317.002: [GC (Allocation Failure) [PSYoungGen: 191621K->9391K(194048K)] 579963K->398533K(603648K), 0.0022685 secs] [Times: user=0.00 sys=0.00, real=0.00 secs] 
2024-10-04T14:05:16.104+0300: 317.004: Total time for which application threads were stopped: 0.0025835 seconds, Stopping threads took: 0.0001730 seconds
2024-10-04T14:05:16.653+0300: 317.556: Application time: 0.5521388 seconds
2024-10-04T14:05:16.653+0300: 317.556: [GC (Allocation Failure) [PSYoungGen: 192237K->10135K(194048K)] 581379K->401463K(603648K), 0.0025850 secs] [Times: user=0.00 sys=0.00, real=0.00 secs] 
2024-10-04T14:05:16.653+0300: 317.559: Total time for which application threads were stopped: 0.0029166 seconds, Stopping threads took: 0.0001925 seconds
2024-10-04T14:05:17.203+0300: 318.099: Application time: 0.5398673 seconds
2024-10-04T14:05:17.203+0300: 318.099: [GC (Allocation Failure) [PSYoungGen: 193320K->10167K(193024K)] 584648K->402960K(602624K), 0.0024128 secs] [Times: user=0.00 sys=0.00, real=0.00 secs] 
2024-10-04T14:05:17.203+0300: 318.102: Total time for which application threads were stopped: 0.0027383 seconds, Stopping threads took: 0.0001856 seconds
2024-10-04T14:05:17.642+0300: 318.542: Application time: 0.4405733 seconds
2024-10-04T14:05:17.642+0300: 318.542: [GC (Allocation Failure) [PSYoungGen: 192364K->7870K(193536K)] 585156K->402848K(603136K), 0.0022867 secs] [Times: user=0.00 sys=0.00, real=0.00 secs] 
2024-10-04T14:05:17.642+0300: 318.545: Total time for which application threads were stopped: 0.0026462 seconds, Stopping threads took: 0.0002102 seconds
2024-10-04T14:05:18.018+0300: 318.920: Application time: 0.3756778 seconds
2024-10-04T14:05:18.018+0300: 318.921: [GC (Allocation Failure) [PSYoungGen: 189979K->9423K(193536K)] 584957K->405153K(603136K), 0.0021658 secs] [Times: user=0.00 sys=0.00, real=0.00 secs] 
2024-10-04T14:05:18.018+0300: 318.923: Total time for which application threads were stopped: 0.0024933 seconds, Stopping threads took: 0.0001800 seconds
2024-10-04T14:05:18.317+0300: 319.219: Application time: 0.2964463 seconds
2024-10-04T14:05:18.317+0300: 319.220: [GC (Allocation Failure) [PSYoungGen: 191367K->9422K(193536K)] 587098K->406634K(603136K), 0.0023621 secs] [Times: user=0.00 sys=0.00, real=0.00 secs] 
2024-10-04T14:05:18.317+0300: 319.222: Total time for which application threads were stopped: 0.0026901 seconds, Stopping threads took: 0.0002003 seconds
2024-10-04T14:05:18.442+0300: 319.347: Application time: 0.1252252 seconds
2024-10-04T14:05:18.442+0300: 319.348: [GC (Allocation Failure) [PSYoungGen: 191526K->9358K(194048K)] 588738K->407375K(603648K), 0.0021982 secs] [Times: user=0.00 sys=0.00, real=0.00 secs] 
2024-10-04T14:05:18.442+0300: 319.350: Total time for which application threads were stopped: 0.0025034 seconds, Stopping threads took: 0.0001582 seconds
2024-10-04T14:05:19.023+0300: 319.923: Application time: 0.5732352 seconds
2024-10-04T14:05:19.023+0300: 319.923: [GC (Allocation Failure) [PSYoungGen: 192141K->8029K(194048K)] 590158K->407511K(603648K), 0.0021826 secs] [Times: user=0.00 sys=0.00, real=0.00 secs] 
2024-10-04T14:05:19.023+0300: 319.926: Total time for which application threads were stopped: 0.0025110 seconds, Stopping threads took: 0.0001533 seconds
2024-10-04T14:05:19.651+0300: 320.560: Application time: 0.6346111 seconds
2024-10-04T14:05:19.651+0300: 320.561: [GC (Allocation Failure) [PSYoungGen: 190954K->10199K(193024K)] 590436K->410433K(602624K), 0.0025413 secs] [Times: user=0.00 sys=0.00, real=0.02 secs] 
2024-10-04T14:05:19.667+0300: 320.563: Total time for which application threads were stopped: 0.0029756 seconds, Stopping threads took: 0.0002624 seconds
2024-10-04T14:05:20.059+0300: 320.959: Application time: 0.3956636 seconds
2024-10-04T14:05:20.059+0300: 320.959: [GC (Allocation Failure) [PSYoungGen: 191941K->8646K(193536K)] 592175K->411794K(603136K), 0.0024410 secs] [Times: user=0.00 sys=0.00, real=0.00 secs] 
2024-10-04T14:05:20.059+0300: 320.962: Total time for which application threads were stopped: 0.0027357 seconds, Stopping threads took: 0.0001405 seconds
2024-10-04T14:05:20.388+0300: 321.295: Application time: 0.3338012 seconds
2024-10-04T14:05:20.388+0300: 321.296: [GC (Allocation Failure) [PSYoungGen: 190596K->8774K(193536K)] 593744K->412643K(603136K), 0.0022316 secs] [Times: user=0.00 sys=0.00, real=0.00 secs] 
2024-10-04T14:05:20.388+0300: 321.298: Total time for which application threads were stopped: 0.0025199 seconds, Stopping threads took: 0.0001509 seconds
2024-10-04T14:05:20.764+0300: 321.665: Application time: 0.3670020 seconds
2024-10-04T14:05:20.764+0300: 321.665: [GC (Allocation Failure) [PSYoungGen: 190965K->9454K(193536K)] 594834K->414828K(603136K), 0.0024825 secs] [Times: user=0.00 sys=0.00, real=0.00 secs] 
2024-10-04T14:05:20.764+0300: 321.668: Total time for which application threads were stopped: 0.0028553 seconds, Stopping threads took: 0.0001842 seconds
2024-10-04T14:05:20.905+0300: 321.813: Application time: 0.1455653 seconds
2024-10-04T14:05:20.905+0300: 321.814: [GC (Allocation Failure) [PSYoungGen: 191563K->10135K(193024K)] 596937K->416277K(602624K), 0.0023149 secs] [Times: user=0.00 sys=0.00, real=0.00 secs] 
2024-10-04T14:05:20.905+0300: 321.816: Total time for which application threads were stopped: 0.0026132 seconds, Stopping threads took: 0.0001568 seconds
2024-10-04T14:05:21.313+0300: 322.210: Application time: 0.3941286 seconds
2024-10-04T14:05:21.313+0300: 322.210: [GC (Allocation Failure) [PSYoungGen: 192208K->8678K(193536K)] 598350K->417006K(603136K), 0.0025109 secs] [Times: user=0.00 sys=0.00, real=0.00 secs] 
2024-10-04T14:05:21.313+0300: 322.213: [Full GC (Ergonomics) [PSYoungGen: 8678K->0K(193536K)] [ParOldGen: 408328K->15721K(409600K)] 417006K->15721K(603136K), [Metaspace: 8311K->8311K(1056768K)], 0.0082388 secs] [Times: user=0.00 sys=0.00, real=0.01 secs] 
2024-10-04T14:05:21.321+0300: 322.221: Total time for which application threads were stopped: 0.0112120 seconds, Stopping threads took: 0.0002175 seconds
2024-10-04T14:05:21.910+0300: 322.806: Application time: 0.5849325 seconds
2024-10-04T14:05:21.910+0300: 322.807: [GC (Allocation Failure) [PSYoungGen: 182118K->10912K(192512K)] 197839K->26633K(602112K), 0.0020843 secs] [Times: user=0.00 sys=0.00, real=0.00 secs] 
2024-10-04T14:05:21.910+0300: 322.809: Total time for which application threads were stopped: 0.0024354 seconds, Stopping threads took: 0.0002035 seconds
2024-10-04T14:05:22.412+0300: 323.313: Application time: 0.5041992 seconds
2024-10-04T14:05:22.412+0300: 323.313: [GC (Allocation Failure) [PSYoungGen: 191902K->9391K(193024K)] 207624K->27305K(602624K), 0.0020222 secs] [Times: user=0.00 sys=0.00, real=0.00 secs] 
2024-10-04T14:05:22.412+0300: 323.315: Total time for which application threads were stopped: 0.0023196 seconds, Stopping threads took: 0.0001661 seconds
2024-10-04T14:05:22.490+0300: 323.389: Application time: 0.0742211 seconds
2024-10-04T14:05:22.490+0300: 323.390: [GC (Allocation Failure) [PSYoungGen: 190635K->8614K(193536K)] 208550K->27994K(603136K), 0.0019411 secs] [Times: user=0.00 sys=0.00, real=0.00 secs] 
2024-10-04T14:05:22.490+0300: 323.392: Total time for which application threads were stopped: 0.0022076 seconds, Stopping threads took: 0.0001264 seconds
2024-10-04T14:05:23.024+0300: 323.935: Application time: 0.5436966 seconds
2024-10-04T14:05:23.024+0300: 323.936: [GC (Allocation Failure) [PSYoungGen: 190333K->9470K(193536K)] 209713K->29643K(603136K), 0.0021159 secs] [Times: user=0.02 sys=0.00, real=0.02 secs] 
2024-10-04T14:05:23.040+0300: 323.938: Total time for which application threads were stopped: 0.0025567 seconds, Stopping threads took: 0.0002129 seconds
2024-10-04T14:05:23.181+0300: 324.085: Application time: 0.1467030 seconds
2024-10-04T14:05:23.181+0300: 324.085: [GC (Allocation Failure) [PSYoungGen: 191204K->9422K(193536K)] 211376K->31116K(603136K), 0.0019331 secs] [Times: user=0.00 sys=0.00, real=0.00 secs] 
2024-10-04T14:05:23.181+0300: 324.087: Total time for which application threads were stopped: 0.0022201 seconds, Stopping threads took: 0.0001312 seconds
2024-10-04T14:05:23.604+0300: 324.506: Application time: 0.4195129 seconds
2024-10-04T14:05:23.604+0300: 324.507: [GC (Allocation Failure) [PSYoungGen: 191523K->10103K(193536K)] 213217K->33246K(603136K), 0.0020473 secs] [Times: user=0.00 sys=0.00, real=0.00 secs] 
2024-10-04T14:05:23.604+0300: 324.509: Total time for which application threads were stopped: 0.0023736 seconds, Stopping threads took: 0.0001724 seconds
2024-10-04T14:05:23.997+0300: 324.895: Application time: 0.3864059 seconds
2024-10-04T14:05:23.997+0300: 324.895: [GC (Allocation Failure) [PSYoungGen: 192265K->8678K(193536K)] 215408K->34022K(603136K), 0.0020486 secs] [Times: user=0.00 sys=0.00, real=0.00 secs] 
2024-10-04T14:05:23.997+0300: 324.898: Total time for which application threads were stopped: 0.0023905 seconds, Stopping threads took: 0.0001975 seconds
2024-10-04T14:05:24.640+0300: 325.546: Application time: 0.6486815 seconds
2024-10-04T14:05:24.640+0300: 325.547: [GC (Allocation Failure) [PSYoungGen: 190293K->10912K(193536K)] 215637K->37009K(603136K), 0.0021146 secs] [Times: user=0.00 sys=0.00, real=0.00 secs] 
2024-10-04T14:05:24.640+0300: 325.549: Total time for which application threads were stopped: 0.0025556 seconds, Stopping threads took: 0.0001896 seconds
2024-10-04T14:05:24.703+0300: 325.600: Application time: 0.0510164 seconds
2024-10-04T14:05:24.703+0300: 325.600: [GC (Allocation Failure) [PSYoungGen: 193138K->8678K(192512K)] 219235K->36969K(602112K), 0.0020016 secs] [Times: user=0.00 sys=0.00, real=0.00 secs] 
2024-10-04T14:05:24.703+0300: 325.602: Total time for which application threads were stopped: 0.0023318 seconds, Stopping threads took: 0.0001874 seconds
2024-10-04T14:05:25.157+0300: 326.062: Application time: 0.4595497 seconds
2024-10-04T14:05:25.157+0300: 326.062: [GC (Allocation Failure) [PSYoungGen: 189703K->8742K(193024K)] 217994K->37793K(602624K), 0.0019066 secs] [Times: user=0.00 sys=0.00, real=0.00 secs] 
2024-10-04T14:05:25.157+0300: 326.064: Total time for which application threads were stopped: 0.0024058 seconds, Stopping threads took: 0.0003613 seconds
2024-10-04T14:05:25.440+0300: 326.342: Application time: 0.2779683 seconds
2024-10-04T14:05:25.440+0300: 326.342: [GC (Allocation Failure) [PSYoungGen: 189769K->9422K(193536K)] 218820K->39986K(603136K), 0.0019432 secs] [Times: user=0.00 sys=0.00, real=0.00 secs] 
2024-10-04T14:05:25.440+0300: 326.344: Total time for which application threads were stopped: 0.0022463 seconds, Stopping threads took: 0.0001574 seconds
2024-10-04T14:05:25.864+0300: 326.769: Application time: 0.4251772 seconds
2024-10-04T14:05:25.864+0300: 326.770: [GC (Allocation Failure) [PSYoungGen: 191520K->10199K(193536K)] 222084K->42196K(603136K), 0.0020834 secs] [Times: user=0.00 sys=0.00, real=0.00 secs] 
2024-10-04T14:05:25.864+0300: 326.772: Total time for which application threads were stopped: 0.0024448 seconds, Stopping threads took: 0.0002188 seconds
2024-10-04T14:05:26.272+0300: 327.172: Application time: 0.3998954 seconds
2024-10-04T14:05:26.272+0300: 327.172: [GC (Allocation Failure) [PSYoungGen: 192355K->8710K(193536K)] 224352K->42901K(603136K), 0.0019643 secs] [Times: user=0.00 sys=0.00, real=0.00 secs] 
2024-10-04T14:05:26.272+0300: 327.174: Total time for which application threads were stopped: 0.0022605 seconds, Stopping threads took: 0.0001654 seconds
2024-10-04T14:05:26.743+0300: 327.647: Application time: 0.4725876 seconds
2024-10-04T14:05:26.743+0300: 327.647: [GC (Allocation Failure) [PSYoungGen: 190899K->10103K(193536K)] 225089K->45767K(603136K), 0.0021366 secs] [Times: user=0.00 sys=0.00, real=0.00 secs] 
2024-10-04T14:05:26.743+0300: 327.649: Total time for which application threads were stopped: 0.0024882 seconds, Stopping threads took: 0.0002079 seconds
2024-10-04T14:05:27.041+0300: 327.937: Application time: 0.2881848 seconds
2024-10-04T14:05:27.041+0300: 327.938: [GC (Allocation Failure) [PSYoungGen: 192289K->9423K(193536K)] 227953K->46567K(603136K), 0.0020098 secs] [Times: user=0.00 sys=0.00, real=0.00 secs] 
2024-10-04T14:05:27.041+0300: 327.940: Total time for which application threads were stopped: 0.0023170 seconds, Stopping threads took: 0.0001276 seconds
2024-10-04T14:05:27.417+0300: 328.315: Application time: 0.3749864 seconds
2024-10-04T14:05:27.417+0300: 328.315: [GC (Allocation Failure) [PSYoungGen: 191550K->8710K(193536K)] 228694K->47336K(603136K), 0.0018109 secs] [Times: user=0.00 sys=0.00, real=0.00 secs] 
2024-10-04T14:05:27.417+0300: 328.317: Total time for which application threads were stopped: 0.0021265 seconds, Stopping threads took: 0.0001648 seconds
2024-10-04T14:05:27.762+0300: 328.659: Application time: 0.3425201 seconds
2024-10-04T14:05:27.762+0300: 328.660: [GC (Allocation Failure) [PSYoungGen: 190565K->9406K(193536K)] 229191K->49513K(603136K), 0.0020945 secs] [Times: user=0.00 sys=0.00, real=0.00 secs] 
2024-10-04T14:05:27.762+0300: 328.662: Total time for which application threads were stopped: 0.0024351 seconds, Stopping threads took: 0.0001921 seconds
2024-10-04T14:05:28.186+0300: 329.097: Application time: 0.4356611 seconds
2024-10-04T14:05:28.201+0300: 329.098: [GC (Allocation Failure) [PSYoungGen: 191152K->10167K(193536K)] 231259K->51066K(603136K), 0.0019821 secs] [Times: user=0.00 sys=0.00, real=0.00 secs] 
2024-10-04T14:05:28.201+0300: 329.100: Total time for which application threads were stopped: 0.0023783 seconds, Stopping threads took: 0.0002381 seconds
2024-10-04T14:05:28.562+0300: 329.473: Application time: 0.3733042 seconds
2024-10-04T14:05:28.562+0300: 329.473: [GC (Allocation Failure) [PSYoungGen: 192339K->9454K(193536K)] 233238K->52499K(603136K), 0.0022516 secs] [Times: user=0.02 sys=0.00, real=0.02 secs] 
2024-10-04T14:05:28.578+0300: 329.476: Total time for which application threads were stopped: 0.0026442 seconds, Stopping threads took: 0.0002015 seconds
2024-10-04T14:05:28.954+0300: 329.852: Application time: 0.3763278 seconds
2024-10-04T14:05:28.954+0300: 329.852: [GC (Allocation Failure) [PSYoungGen: 191631K->10103K(193536K)] 234676K->54621K(603136K), 0.0021607 secs] [Times: user=0.01 sys=0.00, real=0.00 secs] 
2024-10-04T14:05:28.954+0300: 329.855: Total time for which application threads were stopped: 0.0024899 seconds, Stopping threads took: 0.0001855 seconds
2024-10-04T14:05:29.299+0300: 330.202: Application time: 0.3476766 seconds
2024-10-04T14:05:29.299+0300: 330.202: [GC (Allocation Failure) [PSYoungGen: 192223K->8742K(193536K)] 236741K->55438K(603136K), 0.0019850 secs] [Times: user=0.00 sys=0.00, real=0.00 secs] 
2024-10-04T14:05:29.299+0300: 330.205: Total time for which application threads were stopped: 0.0022845 seconds, Stopping threads took: 0.0001605 seconds
2024-10-04T14:05:29.691+0300: 330.597: Application time: 0.3927036 seconds
2024-10-04T14:05:29.691+0300: 330.597: [GC (Allocation Failure) [PSYoungGen: 190639K->10135K(193536K)] 237335K->57599K(603136K), 0.0020558 secs] [Times: user=0.00 sys=0.00, real=0.00 secs] 
2024-10-04T14:05:29.691+0300: 330.600: Total time for which application threads were stopped: 0.0023821 seconds, Stopping threads took: 0.0001866 seconds
2024-10-04T14:05:29.958+0300: 330.867: Application time: 0.2673490 seconds
2024-10-04T14:05:29.958+0300: 330.867: [GC (Allocation Failure) [PSYoungGen: 192274K->9390K(193536K)] 239738K->58368K(603136K), 0.0020620 secs] [Times: user=0.00 sys=0.00, real=0.00 secs] 
2024-10-04T14:05:29.958+0300: 330.869: Total time for which application threads were stopped: 0.0024165 seconds, Stopping threads took: 0.0002262 seconds
2024-10-04T14:05:30.507+0300: 331.418: Application time: 0.5485230 seconds
2024-10-04T14:05:30.522+0300: 331.418: [GC (Allocation Failure) [PSYoungGen: 191515K->10167K(193536K)] 240493K->60617K(603136K), 0.0024383 secs] [Times: user=0.02 sys=0.00, real=0.00 secs] 
2024-10-04T14:05:30.524+0300: 331.421: Total time for which application threads were stopped: 0.0027844 seconds, Stopping threads took: 0.0001814 seconds
2024-10-04T14:05:30.916+0300: 331.822: Application time: 0.4014670 seconds
2024-10-04T14:05:30.916+0300: 331.822: [GC (Allocation Failure) [PSYoungGen: 191903K->10135K(193536K)] 242354K->62058K(603136K), 0.0022838 secs] [Times: user=0.00 sys=0.00, real=0.00 secs] 
2024-10-04T14:05:30.916+0300: 331.825: Total time for which application threads were stopped: 0.0025639 seconds, Stopping threads took: 0.0001039 seconds
2024-10-04T14:05:31.292+0300: 332.197: Application time: 0.3721307 seconds
2024-10-04T14:05:31.292+0300: 332.197: [GC (Allocation Failure) [PSYoungGen: 192309K->9423K(193536K)] 244233K->63500K(603136K), 0.0022310 secs] [Times: user=0.00 sys=0.00, real=0.00 secs] 
2024-10-04T14:05:31.292+0300: 332.199: Total time for which application threads were stopped: 0.0025666 seconds, Stopping threads took: 0.0001991 seconds
2024-10-04T14:05:31.701+0300: 332.612: Application time: 0.4124871 seconds
2024-10-04T14:05:31.701+0300: 332.612: [GC (Allocation Failure) [PSYoungGen: 191267K->10199K(193536K)] 245344K->65741K(603136K), 0.0021309 secs] [Times: user=0.01 sys=0.00, real=0.02 secs] 
2024-10-04T14:05:31.716+0300: 332.614: Total time for which application threads were stopped: 0.0024519 seconds, Stopping threads took: 0.0001779 seconds
2024-10-04T14:05:31.983+0300: 332.888: Application time: 0.2732598 seconds
2024-10-04T14:05:31.983+0300: 332.888: [GC (Allocation Failure) [PSYoungGen: 192383K->9358K(193536K)] 247925K->66422K(603136K), 0.0020235 secs] [Times: user=0.00 sys=0.00, real=0.00 secs] 
2024-10-04T14:05:31.983+0300: 332.890: Total time for which application threads were stopped: 0.0023003 seconds, Stopping threads took: 0.0001463 seconds
2024-10-04T14:05:32.281+0300: 333.185: Application time: 0.2954335 seconds
2024-10-04T14:05:32.281+0300: 333.186: [GC (Allocation Failure) [PSYoungGen: 191465K->9455K(193536K)] 248528K->67278K(603136K), 0.0019318 secs] [Times: user=0.00 sys=0.00, real=0.00 secs] 
2024-10-04T14:05:32.281+0300: 333.188: Total time for which application threads were stopped: 0.0022256 seconds, Stopping threads took: 0.0001079 seconds
2024-10-04T14:05:32.768+0300: 333.674: Application time: 0.4859277 seconds
2024-10-04T14:05:32.768+0300: 333.674: [GC (Allocation Failure) [PSYoungGen: 191559K->10135K(193536K)] 249383K->69432K(603136K), 0.0021609 secs] [Times: user=0.02 sys=0.00, real=0.00 secs] 
2024-10-04T14:05:32.768+0300: 333.676: Total time for which application threads were stopped: 0.0025716 seconds, Stopping threads took: 0.0002661 seconds
2024-10-04T14:05:33.332+0300: 334.228: Application time: 0.5522959 seconds
2024-10-04T14:05:33.332+0300: 334.229: [GC (Allocation Failure) [PSYoungGen: 191872K->10880K(193536K)] 251169K->70929K(603136K), 0.0022075 secs] [Times: user=0.02 sys=0.00, real=0.00 secs] 
2024-10-04T14:05:33.332+0300: 334.231: Total time for which application threads were stopped: 0.0025252 seconds, Stopping threads took: 0.0001807 seconds
2024-10-04T14:05:33.677+0300: 334.585: Application time: 0.3535955 seconds
2024-10-04T14:05:33.677+0300: 334.585: [GC (Allocation Failure) [PSYoungGen: 192850K->9423K(193536K)] 252899K->72362K(603136K), 0.0023361 secs] [Times: user=0.00 sys=0.00, real=0.00 secs] 
2024-10-04T14:05:33.677+0300: 334.587: Total time for which application threads were stopped: 0.0026882 seconds, Stopping threads took: 0.0002135 seconds
2024-10-04T14:05:33.928+0300: 334.838: Application time: 0.2506090 seconds
2024-10-04T14:05:33.928+0300: 334.838: [GC (Allocation Failure) [PSYoungGen: 191621K->8678K(193536K)] 254560K->72410K(603136K), 0.0019183 secs] [Times: user=0.00 sys=0.00, real=0.02 secs] 
2024-10-04T14:05:33.944+0300: 334.840: Total time for which application threads were stopped: 0.0026438 seconds, Stopping threads took: 0.0005619 seconds
2024-10-04T14:05:34.258+0300: 335.168: Application time: 0.3270595 seconds
2024-10-04T14:05:34.258+0300: 335.168: [GC (Allocation Failure) [PSYoungGen: 190798K->10167K(193536K)] 254530K->74651K(603136K), 0.0021459 secs] [Times: user=0.00 sys=0.00, real=0.02 secs] 
2024-10-04T14:05:34.274+0300: 335.170: Total time for which application threads were stopped: 0.0026414 seconds, Stopping threads took: 0.0003314 seconds
2024-10-04T14:05:34.509+0300: 335.412: Application time: 0.2418440 seconds
2024-10-04T14:05:34.509+0300: 335.412: [GC (Allocation Failure) [PSYoungGen: 192317K->10167K(192512K)] 256801K->76132K(602112K), 0.0023702 secs] [Times: user=0.00 sys=0.00, real=0.00 secs] 
2024-10-04T14:05:34.509+0300: 335.415: Total time for which application threads were stopped: 0.0027424 seconds, Stopping threads took: 0.0001717 seconds
2024-10-04T14:05:35.089+0300: 335.993: Application time: 0.5779483 seconds
2024-10-04T14:05:35.089+0300: 335.993: [GC (Allocation Failure) [PSYoungGen: 190788K->10199K(193024K)] 256754K->78342K(602624K), 0.0022479 secs] [Times: user=0.00 sys=0.00, real=0.00 secs] 
2024-10-04T14:05:35.089+0300: 335.995: Total time for which application threads were stopped: 0.0025878 seconds, Stopping threads took: 0.0001668 seconds
2024-10-04T14:05:35.649+0300: 336.548: Application time: 0.5523442 seconds
2024-10-04T14:05:35.649+0300: 336.548: [GC (Allocation Failure) [PSYoungGen: 190970K->10880K(193024K)] 259113K->80488K(602624K), 0.0024631 secs] [Times: user=0.00 sys=0.00, real=0.00 secs] 
2024-10-04T14:05:35.649+0300: 336.551: Total time for which application threads were stopped: 0.0028710 seconds, Stopping threads took: 0.0002648 seconds
2024-10-04T14:05:35.874+0300: 336.781: Application time: 0.2305471 seconds
2024-10-04T14:05:35.874+0300: 336.781: [GC (Allocation Failure) [PSYoungGen: 191658K->9327K(193024K)] 261266K->81144K(602624K), 0.0022181 secs] [Times: user=0.00 sys=0.00, real=0.00 secs] 
2024-10-04T14:05:35.874+0300: 336.784: Total time for which application threads were stopped: 0.0025687 seconds, Stopping threads took: 0.0002058 seconds
2024-10-04T14:05:36.203+0300: 337.109: Application time: 0.3254357 seconds
2024-10-04T14:05:36.203+0300: 337.109: [GC (Allocation Failure) [PSYoungGen: 190012K->10167K(193024K)] 261830K->82745K(602624K), 0.0020994 secs] [Times: user=0.00 sys=0.00, real=0.00 secs] 
2024-10-04T14:05:36.203+0300: 337.112: Total time for which application threads were stopped: 0.0024664 seconds, Stopping threads took: 0.0002219 seconds
2024-10-04T14:05:36.454+0300: 337.357: Application time: 0.2458392 seconds
2024-10-04T14:05:36.454+0300: 337.358: [GC (Allocation Failure) [PSYoungGen: 190900K->9422K(193024K)] 263478K->83482K(602624K), 0.0020656 secs] [Times: user=0.00 sys=0.00, real=0.00 secs] 
2024-10-04T14:05:36.454+0300: 337.360: Total time for which application threads were stopped: 0.0023919 seconds, Stopping threads took: 0.0001945 seconds
2024-10-04T14:05:36.851+0300: 337.754: Application time: 0.3943977 seconds
2024-10-04T14:05:36.851+0300: 337.754: [GC (Allocation Failure) [PSYoungGen: 190016K->10167K(193024K)] 264076K->84987K(602624K), 0.0020670 secs] [Times: user=0.00 sys=0.00, real=0.00 secs] 
2024-10-04T14:05:36.851+0300: 337.757: Total time for which application threads were stopped: 0.0023472 seconds, Stopping threads took: 0.0001486 seconds
2024-10-04T14:05:37.255+0300: 338.152: Application time: 0.3955503 seconds
2024-10-04T14:05:37.255+0300: 338.152: [GC (Allocation Failure) [PSYoungGen: 190840K->8710K(193024K)] 265660K->85723K(602624K), 0.0020177 secs] [Times: user=0.00 sys=0.00, real=0.00 secs] 
2024-10-04T14:05:37.255+0300: 338.154: Total time for which application threads were stopped: 0.0023050 seconds, Stopping threads took: 0.0001344 seconds
2024-10-04T14:05:37.883+0300: 338.786: Application time: 0.6315161 seconds
2024-10-04T14:05:37.883+0300: 338.786: [GC (Allocation Failure) [PSYoungGen: 189388K->10880K(193024K)] 266402K->89358K(602624K), 0.0023524 secs] [Times: user=0.00 sys=0.00, real=0.00 secs] 
2024-10-04T14:05:37.883+0300: 338.789: Total time for which application threads were stopped: 0.0027637 seconds, Stopping threads took: 0.0002537 seconds
2024-10-04T14:05:37.961+0300: 338.870: Application time: 0.0808398 seconds
2024-10-04T14:05:37.961+0300: 338.870: [GC (Allocation Failure) [PSYoungGen: 191718K->9327K(193024K)] 270196K->90015K(602624K), 0.0022253 secs] [Times: user=0.00 sys=0.00, real=0.00 secs] 
2024-10-04T14:05:37.961+0300: 338.872: Total time for which application threads were stopped: 0.0025763 seconds, Stopping threads took: 0.0002056 seconds
2024-10-04T14:05:38.463+0300: 339.367: Application time: 0.4952780 seconds
2024-10-04T14:05:38.463+0300: 339.368: [GC (Allocation Failure) [PSYoungGen: 189983K->10167K(193024K)] 270672K->91616K(602624K), 0.0021611 secs] [Times: user=0.00 sys=0.00, real=0.00 secs] 
2024-10-04T14:05:38.463+0300: 339.370: Total time for which application threads were stopped: 0.0025080 seconds, Stopping threads took: 0.0002116 seconds
2024-10-04T14:05:38.793+0300: 339.699: Application time: 0.3287166 seconds
2024-10-04T14:05:38.793+0300: 339.699: [GC (Allocation Failure) [PSYoungGen: 190868K->9358K(193024K)] 272316K->92296K(602624K), 0.0019679 secs] [Times: user=0.00 sys=0.00, real=0.00 secs] 
2024-10-04T14:05:38.793+0300: 339.701: Total time for which application threads were stopped: 0.0022740 seconds, Stopping threads took: 0.0001678 seconds
2024-10-04T14:05:39.200+0300: 340.106: Application time: 0.4055724 seconds
2024-10-04T14:05:39.200+0300: 340.107: [GC (Allocation Failure) [PSYoungGen: 190018K->10199K(193024K)] 272956K->94602K(602624K), 0.0021163 secs] [Times: user=0.00 sys=0.00, real=0.00 secs] 
2024-10-04T14:05:39.200+0300: 340.109: Total time for which application threads were stopped: 0.0024137 seconds, Stopping threads took: 0.0001691 seconds
2024-10-04T14:05:39.718+0300: 340.619: Application time: 0.5103832 seconds
2024-10-04T14:05:39.718+0300: 340.620: [GC (Allocation Failure) [PSYoungGen: 190874K->9423K(193024K)] 275277K->96027K(602624K), 0.0023472 secs] [Times: user=0.00 sys=0.00, real=0.00 secs] 
2024-10-04T14:05:39.718+0300: 340.622: Total time for which application threads were stopped: 0.0026630 seconds, Stopping threads took: 0.0001266 seconds
2024-10-04T14:05:40.204+0300: 341.104: Application time: 0.4825230 seconds
2024-10-04T14:05:40.204+0300: 341.105: [GC (Allocation Failure) [PSYoungGen: 190247K->9422K(193536K)] 276851K->96795K(603136K), 0.0021564 secs] [Times: user=0.03 sys=0.00, real=0.00 secs] 
2024-10-04T14:05:40.204+0300: 341.107: Total time for which application threads were stopped: 0.0024528 seconds, Stopping threads took: 0.0001325 seconds
2024-10-04T14:05:40.361+0300: 341.272: Application time: 0.1649805 seconds
2024-10-04T14:05:40.361+0300: 341.272: [GC (Allocation Failure) [PSYoungGen: 190572K->10167K(193024K)] 277945K->99013K(602624K), 0.0023726 secs] [Times: user=0.02 sys=0.00, real=0.01 secs] 
2024-10-04T14:05:40.376+0300: 341.275: Total time for which application threads were stopped: 0.0027083 seconds, Stopping threads took: 0.0001609 seconds
2024-10-04T14:05:40.831+0300: 341.729: Application time: 0.4545710 seconds
2024-10-04T14:05:40.831+0300: 341.729: [GC (Allocation Failure) [PSYoungGen: 191578K->8646K(192512K)] 280424K->99693K(602112K), 0.0023089 secs] [Times: user=0.03 sys=0.00, real=0.00 secs] 
2024-10-04T14:05:40.831+0300: 341.732: Total time for which application threads were stopped: 0.0026634 seconds, Stopping threads took: 0.0001774 seconds
2024-10-04T14:05:41.224+0300: 342.131: Application time: 0.3992257 seconds
2024-10-04T14:05:41.224+0300: 342.131: [GC (Allocation Failure) [PSYoungGen: 189359K->8710K(193024K)] 280406K->101239K(602624K), 0.0019791 secs] [Times: user=0.00 sys=0.00, real=0.00 secs] 
2024-10-04T14:05:41.224+0300: 342.133: Total time for which application threads were stopped: 0.0023300 seconds, Stopping threads took: 0.0001698 seconds
2024-10-04T14:05:41.632+0300: 342.528: Application time: 0.3944183 seconds
2024-10-04T14:05:41.632+0300: 342.528: [GC (Allocation Failure) [PSYoungGen: 189393K->10911K(193024K)] 281922K->104193K(602624K), 0.0021929 secs] [Times: user=0.02 sys=0.00, real=0.00 secs] 
2024-10-04T14:05:41.632+0300: 342.530: Total time for which application threads were stopped: 0.0024654 seconds, Stopping threads took: 0.0000834 seconds
2024-10-04T14:05:42.060+0300: 342.964: Application time: 0.4340903 seconds
2024-10-04T14:05:42.060+0300: 342.965: [GC (Allocation Failure) [PSYoungGen: 191674K->9327K(193024K)] 284956K->105514K(602624K), 0.0024533 secs] [Times: user=0.02 sys=0.00, real=0.00 secs] 
2024-10-04T14:05:42.060+0300: 342.967: Total time for which application threads were stopped: 0.0027611 seconds, Stopping threads took: 0.0001293 seconds
2024-10-04T14:05:42.589+0300: 343.498: Application time: 0.5313095 seconds
2024-10-04T14:05:42.589+0300: 343.499: [GC (Allocation Failure) [PSYoungGen: 190001K->8742K(193024K)] 286188K->106402K(602624K), 0.0021073 secs] [Times: user=0.00 sys=0.00, real=0.02 secs] 
2024-10-04T14:05:42.605+0300: 343.501: Total time for which application threads were stopped: 0.0026822 seconds, Stopping threads took: 0.0003317 seconds
2024-10-04T14:05:42.746+0300: 343.654: Application time: 0.1529596 seconds
2024-10-04T14:05:42.746+0300: 343.654: [GC (Allocation Failure) [PSYoungGen: 189491K->10135K(193024K)] 287151K->107859K(602624K), 0.0020330 secs] [Times: user=0.00 sys=0.00, real=0.00 secs] 
2024-10-04T14:05:42.746+0300: 343.656: Total time for which application threads were stopped: 0.0023538 seconds, Stopping threads took: 0.0001674 seconds
2024-10-04T14:05:42.997+0300: 343.903: Application time: 0.2468910 seconds
2024-10-04T14:05:42.997+0300: 343.904: [GC (Allocation Failure) [PSYoungGen: 191213K->10103K(193024K)] 288938K->110029K(602624K), 0.0023883 secs] [Times: user=0.02 sys=0.00, real=0.00 secs] 
2024-10-04T14:05:42.997+0300: 343.906: Total time for which application threads were stopped: 0.0027549 seconds, Stopping threads took: 0.0002081 seconds
2024-10-04T14:05:43.546+0300: 344.447: Application time: 0.5410705 seconds
2024-10-04T14:05:43.546+0300: 344.447: [GC (Allocation Failure) [PSYoungGen: 191112K->8742K(193024K)] 291038K->110169K(602624K), 0.0022437 secs] [Times: user=0.00 sys=0.00, real=0.00 secs] 
2024-10-04T14:05:43.546+0300: 344.450: Total time for which application threads were stopped: 0.0025324 seconds, Stopping threads took: 0.0001266 seconds
2024-10-04T14:05:43.986+0300: 344.886: Application time: 0.4358330 seconds
2024-10-04T14:05:43.986+0300: 344.886: [GC (Allocation Failure) [PSYoungGen: 189527K->10815K(193024K)] 290954K->112979K(602624K), 0.0022387 secs] [Times: user=0.00 sys=0.00, real=0.00 secs] 
2024-10-04T14:05:43.986+0300: 344.888: Total time for which application threads were stopped: 0.0025239 seconds, Stopping threads took: 0.0001239 seconds
2024-10-04T14:05:44.378+0300: 345.283: Application time: 0.3953400 seconds
2024-10-04T14:05:44.378+0300: 345.284: [GC (Allocation Failure) [PSYoungGen: 191523K->9391K(193024K)] 293686K->114476K(602624K), 0.0023413 secs] [Times: user=0.03 sys=0.00, real=0.00 secs] 
2024-10-04T14:05:44.378+0300: 345.286: Total time for which application threads were stopped: 0.0026074 seconds, Stopping threads took: 0.0001081 seconds
2024-10-04T14:05:44.786+0300: 345.684: Application time: 0.3976069 seconds
2024-10-04T14:05:44.786+0300: 345.684: [GC (Allocation Failure) [PSYoungGen: 190133K->8710K(193024K)] 295219K->115277K(602624K), 0.0020372 secs] [Times: user=0.00 sys=0.00, real=0.00 secs] 
2024-10-04T14:05:44.786+0300: 345.686: Total time for which application threads were stopped: 0.0024008 seconds, Stopping threads took: 0.0001743 seconds
2024-10-04T14:05:45.084+0300: 345.994: Application time: 0.3075650 seconds
2024-10-04T14:05:45.084+0300: 345.994: [GC (Allocation Failure) [PSYoungGen: 189365K->10879K(192512K)] 295932K->117494K(602112K), 0.0020497 secs] [Times: user=0.00 sys=0.00, real=0.02 secs] 
2024-10-04T14:05:45.100+0300: 345.996: Total time for which application threads were stopped: 0.0023680 seconds, Stopping threads took: 0.0001449 seconds
2024-10-04T14:05:45.241+0300: 346.151: Application time: 0.1552965 seconds
2024-10-04T14:05:45.241+0300: 346.152: [GC (Allocation Failure) [PSYoungGen: 191967K->9391K(193024K)] 298581K->118927K(602624K), 0.0025515 secs] [Times: user=0.02 sys=0.00, real=0.02 secs] 
2024-10-04T14:05:45.256+0300: 346.156: Total time for which application threads were stopped: 0.0047844 seconds, Stopping threads took: 0.0003155 seconds
2024-10-04T14:05:45.868+0300: 346.779: Application time: 0.6231505 seconds
2024-10-04T14:05:45.868+0300: 346.779: [GC (Allocation Failure) [PSYoungGen: 189731K->8774K(192512K)] 299268K->119099K(602112K), 0.0020601 secs] [Times: user=0.01 sys=0.00, real=0.02 secs] 
2024-10-04T14:05:45.884+0300: 346.782: Total time for which application threads were stopped: 0.0023853 seconds, Stopping threads took: 0.0001595 seconds
2024-10-04T14:05:46.119+0300: 347.017: Application time: 0.2356502 seconds
2024-10-04T14:05:46.119+0300: 347.018: [GC (Allocation Failure) [PSYoungGen: 188820K->9358K(193024K)] 299145K->121181K(602624K), 0.0021684 secs] [Times: user=0.00 sys=0.00, real=0.00 secs] 
2024-10-04T14:05:46.119+0300: 347.020: Total time for which application threads were stopped: 0.0025007 seconds, Stopping threads took: 0.0001396 seconds
2024-10-04T14:05:46.622+0300: 347.531: Application time: 0.5114222 seconds
2024-10-04T14:05:46.622+0300: 347.531: [GC (Allocation Failure) [PSYoungGen: 190370K->10880K(193024K)] 302193K->123455K(602624K), 0.0024354 secs] [Times: user=0.02 sys=0.00, real=0.02 secs] 
2024-10-04T14:05:46.637+0300: 347.534: Total time for which application threads were stopped: 0.0028034 seconds, Stopping threads took: 0.0002205 seconds
2024-10-04T14:05:47.108+0300: 348.005: Application time: 0.4711581 seconds
2024-10-04T14:05:47.108+0300: 348.005: [GC (Allocation Failure) [PSYoungGen: 191597K->9423K(193024K)] 304172K->124872K(602624K), 0.0023286 secs] [Times: user=0.00 sys=0.00, real=0.00 secs] 
2024-10-04T14:05:47.108+0300: 348.008: Total time for which application threads were stopped: 0.0026437 seconds, Stopping threads took: 0.0001737 seconds
2024-10-04T14:05:47.312+0300: 348.216: Application time: 0.2082986 seconds
2024-10-04T14:05:47.312+0300: 348.216: [GC (Allocation Failure) [PSYoungGen: 190645K->10879K(192512K)] 306094K->127089K(602112K), 0.0022364 secs] [Times: user=0.00 sys=0.00, real=0.00 secs] 
2024-10-04T14:05:47.312+0300: 348.219: Total time for which application threads were stopped: 0.0025930 seconds, Stopping threads took: 0.0002162 seconds
2024-10-04T14:05:47.438+0300: 348.341: Application time: 0.1227089 seconds
2024-10-04T14:05:47.438+0300: 348.342: [GC (Allocation Failure) [PSYoungGen: 191573K->9358K(193024K)] 307783K->127798K(602624K), 0.0022948 secs] [Times: user=0.00 sys=0.00, real=0.00 secs] 
2024-10-04T14:05:47.438+0300: 348.344: Total time for which application threads were stopped: 0.0026528 seconds, Stopping threads took: 0.0001796 seconds
2024-10-04T14:05:48.034+0300: 348.938: Application time: 0.5944269 seconds
2024-10-04T14:05:48.034+0300: 348.939: [GC (Allocation Failure) [PSYoungGen: 189960K->9454K(192512K)] 308400K->128654K(602112K), 0.0019841 secs] [Times: user=0.00 sys=0.00, real=0.00 secs] 
2024-10-04T14:05:48.034+0300: 348.941: Total time for which application threads were stopped: 0.0023494 seconds, Stopping threads took: 0.0002059 seconds
2024-10-04T14:05:48.285+0300: 349.185: Application time: 0.2439835 seconds
2024-10-04T14:05:48.285+0300: 349.185: [GC (Allocation Failure) [PSYoungGen: 190188K->10848K(192000K)] 309388K->130808K(601600K), 0.0022029 secs] [Times: user=0.00 sys=0.00, real=0.00 secs] 
2024-10-04T14:05:48.285+0300: 349.187: Total time for which application threads were stopped: 0.0025186 seconds, Stopping threads took: 0.0001756 seconds
2024-10-04T14:05:48.898+0300: 349.796: Application time: 0.6083137 seconds
2024-10-04T14:05:48.898+0300: 349.796: [GC (Allocation Failure) [PSYoungGen: 190419K->10167K(192512K)] 310379K->132305K(602112K), 0.0022483 secs] [Times: user=0.00 sys=0.00, real=0.00 secs] 
2024-10-04T14:05:48.898+0300: 349.798: Total time for which application threads were stopped: 0.0025643 seconds, Stopping threads took: 0.0001542 seconds
2024-10-04T14:05:49.305+0300: 350.208: Application time: 0.4100109 seconds
2024-10-04T14:05:49.305+0300: 350.209: [GC (Allocation Failure) [PSYoungGen: 190164K->9391K(193024K)] 312302K->132977K(602624K), 0.0021467 secs] [Times: user=0.00 sys=0.00, real=0.00 secs] 
2024-10-04T14:05:49.305+0300: 350.211: Total time for which application threads were stopped: 0.0025377 seconds, Stopping threads took: 0.0002529 seconds
2024-10-04T14:05:49.430+0300: 350.328: Application time: 0.1175497 seconds
2024-10-04T14:05:49.430+0300: 350.329: [GC (Allocation Failure) [PSYoungGen: 190600K->9422K(193024K)] 314187K->134498K(602624K), 0.0021663 secs] [Times: user=0.00 sys=0.00, real=0.00 secs] 
2024-10-04T14:05:49.430+0300: 350.331: Total time for which application threads were stopped: 0.0024577 seconds, Stopping threads took: 0.0001134 seconds
2024-10-04T14:05:49.635+0300: 350.546: Application time: 0.2153735 seconds
2024-10-04T14:05:49.650+0300: 350.547: [GC (Allocation Failure) [PSYoungGen: 190131K->9390K(193024K)] 315208K->135980K(602624K), 0.0021935 secs] [Times: user=0.00 sys=0.00, real=0.00 secs] 
2024-10-04T14:05:49.650+0300: 350.549: Total time for which application threads were stopped: 0.0027099 seconds, Stopping threads took: 0.0003231 seconds
2024-10-04T14:05:50.262+0300: 351.159: Application time: 0.6100457 seconds
2024-10-04T14:05:50.262+0300: 351.159: [GC (Allocation Failure) [PSYoungGen: 190009K->8742K(193024K)] 316598K->136804K(602624K), 0.0020934 secs] [Times: user=0.00 sys=0.00, real=0.00 secs] 
2024-10-04T14:05:50.262+0300: 351.161: Total time for which application threads were stopped: 0.0024558 seconds, Stopping threads took: 0.0002130 seconds
2024-10-04T14:05:50.514+0300: 351.421: Application time: 0.2594446 seconds
2024-10-04T14:05:50.514+0300: 351.421: [GC (Allocation Failure) [PSYoungGen: 189503K->10135K(193024K)] 317565K->138253K(602624K), 0.0020180 secs] [Times: user=0.00 sys=0.00, real=0.00 secs] 
2024-10-04T14:05:50.514+0300: 351.423: Total time for which application threads were stopped: 0.0023201 seconds, Stopping threads took: 0.0001320 seconds
2024-10-04T14:05:51.177+0300: 352.077: Application time: 0.6537515 seconds
2024-10-04T14:05:51.177+0300: 352.077: [GC (Allocation Failure) [PSYoungGen: 191145K->10167K(193024K)] 319264K->140463K(602624K), 0.0023538 secs] [Times: user=0.00 sys=0.00, real=0.00 secs] 
2024-10-04T14:05:51.177+0300: 352.080: Total time for which application threads were stopped: 0.0026839 seconds, Stopping threads took: 0.0001892 seconds
2024-10-04T14:05:51.502+0300: 352.412: Application time: 0.3319044 seconds
2024-10-04T14:05:51.502+0300: 352.412: [GC (Allocation Failure) [PSYoungGen: 190960K->10103K(193024K)] 321256K->142560K(602624K), 0.0027500 secs] [Times: user=0.02 sys=0.00, real=0.02 secs] 
2024-10-04T14:05:51.518+0300: 352.415: Total time for which application threads were stopped: 0.0031731 seconds, Stopping threads took: 0.0002193 seconds
2024-10-04T14:05:51.706+0300: 352.614: Application time: 0.1991626 seconds
2024-10-04T14:05:51.706+0300: 352.614: [GC (Allocation Failure) [PSYoungGen: 191311K->7317K(193024K)] 323768K->141976K(602624K), 0.0018272 secs] [Times: user=0.00 sys=0.00, real=0.00 secs] 
2024-10-04T14:05:51.706+0300: 352.616: Total time for which application threads were stopped: 0.0021559 seconds, Stopping threads took: 0.0001904 seconds
2024-10-04T14:05:51.941+0300: 352.847: Application time: 0.2314263 seconds
2024-10-04T14:05:51.941+0300: 352.848: [GC (Allocation Failure) [PSYoungGen: 187965K->9422K(193024K)] 322624K->144906K(602624K), 0.0020682 secs] [Times: user=0.00 sys=0.00, real=0.00 secs] 
2024-10-04T14:05:51.941+0300: 352.850: Total time for which application threads were stopped: 0.0024296 seconds, Stopping threads took: 0.0001824 seconds
2024-10-04T14:05:52.349+0300: 353.260: Application time: 0.4099539 seconds
2024-10-04T14:05:52.349+0300: 353.260: [GC (Allocation Failure) [PSYoungGen: 190085K->8774K(193024K)] 325568K->145690K(602624K), 0.0021118 secs] [Times: user=0.01 sys=0.00, real=0.02 secs] 
2024-10-04T14:05:52.364+0300: 353.262: Total time for which application threads were stopped: 0.0024615 seconds, Stopping threads took: 0.0002082 seconds
2024-10-04T14:05:52.804+0300: 353.702: Application time: 0.4399835 seconds
2024-10-04T14:05:52.804+0300: 353.703: [GC (Allocation Failure) [PSYoungGen: 189423K->9422K(193536K)] 326340K->146387K(603136K), 0.0019070 secs] [Times: user=0.02 sys=0.00, real=0.00 secs] 
2024-10-04T14:05:52.804+0300: 353.705: Total time for which application threads were stopped: 0.0022590 seconds, Stopping threads took: 0.0002081 seconds
2024-10-04T14:05:53.494+0300: 354.403: Application time: 0.6986058 seconds
2024-10-04T14:05:53.494+0300: 354.403: [GC (Allocation Failure) [PSYoungGen: 191154K->10135K(193024K)] 328119K->149285K(602624K), 0.0025940 secs] [Times: user=0.00 sys=0.00, real=0.02 secs] 
2024-10-04T14:05:53.510+0300: 354.406: Total time for which application threads were stopped: 0.0028340 seconds, Stopping threads took: 0.0000752 seconds
2024-10-04T14:05:53.855+0300: 354.762: Application time: 0.3564430 seconds
2024-10-04T14:05:53.855+0300: 354.763: [GC (Allocation Failure) [PSYoungGen: 191664K->9422K(193536K)] 330815K->150030K(603136K), 0.0021645 secs] [Times: user=0.00 sys=0.00, real=0.00 secs] 
2024-10-04T14:05:53.855+0300: 354.765: Total time for which application threads were stopped: 0.0024976 seconds, Stopping threads took: 0.0002007 seconds
2024-10-04T14:05:53.933+0300: 354.842: Application time: 0.0766390 seconds
2024-10-04T14:05:53.933+0300: 354.842: [GC (Allocation Failure) [PSYoungGen: 190827K->9390K(193024K)] 331434K->150798K(602624K), 0.0021180 secs] [Times: user=0.00 sys=0.00, real=0.00 secs] 
2024-10-04T14:05:53.933+0300: 354.844: Total time for which application threads were stopped: 0.0025135 seconds, Stopping threads took: 0.0002606 seconds
2024-10-04T14:05:54.310+0300: 355.208: Application time: 0.3634482 seconds
2024-10-04T14:05:54.310+0300: 355.208: [GC (Allocation Failure) [PSYoungGen: 190742K->10103K(193536K)] 332150K->152279K(603136K), 0.0020932 secs] [Times: user=0.00 sys=0.00, real=0.00 secs] 
2024-10-04T14:05:54.310+0300: 355.210: Total time for which application threads were stopped: 0.0023817 seconds, Stopping threads took: 0.0001483 seconds
2024-10-04T14:05:54.750+0300: 355.647: Application time: 0.4366063 seconds
2024-10-04T14:05:54.750+0300: 355.647: [GC (Allocation Failure) [PSYoungGen: 192221K->8742K(193536K)] 334397K->153104K(603136K), 0.0021118 secs] [Times: user=0.00 sys=0.00, real=0.00 secs] 
2024-10-04T14:05:54.750+0300: 355.649: Total time for which application threads were stopped: 0.0023986 seconds, Stopping threads took: 0.0001415 seconds
2024-10-04T14:05:55.111+0300: 356.013: Application time: 0.3642129 seconds
2024-10-04T14:05:55.111+0300: 356.013: [GC (Allocation Failure) [PSYoungGen: 190861K->10911K(192512K)] 335223K->156026K(602112K), 0.0021175 secs] [Times: user=0.00 sys=0.00, real=0.00 secs] 
2024-10-04T14:05:55.111+0300: 356.016: Total time for which application threads were stopped: 0.0024522 seconds, Stopping threads took: 0.0001855 seconds
2024-10-04T14:05:55.832+0300: 356.739: Application time: 0.7236255 seconds
2024-10-04T14:05:55.832+0300: 356.739: [GC (Allocation Failure) [PSYoungGen: 192049K->8742K(193024K)] 337163K->157459K(602624K), 0.0023342 secs] [Times: user=0.00 sys=0.00, real=0.00 secs] 
2024-10-04T14:05:55.832+0300: 356.742: Total time for which application threads were stopped: 0.0026384 seconds, Stopping threads took: 0.0001649 seconds
2024-10-04T14:05:56.037+0300: 356.946: Application time: 0.2042925 seconds
2024-10-04T14:05:56.037+0300: 356.946: [GC (Allocation Failure) [PSYoungGen: 189353K->9391K(193536K)] 338070K->158860K(603136K), 0.0021493 secs] [Times: user=0.01 sys=0.00, real=0.02 secs] 
2024-10-04T14:05:56.052+0300: 356.949: Total time for which application threads were stopped: 0.0024822 seconds, Stopping threads took: 0.0001853 seconds
2024-10-04T14:05:56.240+0300: 357.146: Application time: 0.1971680 seconds
2024-10-04T14:05:56.240+0300: 357.146: [GC (Allocation Failure) [PSYoungGen: 190703K->10167K(193024K)] 340173K->160429K(602624K), 0.0021027 secs] [Times: user=0.00 sys=0.00, real=0.00 secs] 
2024-10-04T14:05:56.240+0300: 357.148: Total time for which application threads were stopped: 0.0024213 seconds, Stopping threads took: 0.0001795 seconds
2024-10-04T14:05:56.649+0300: 357.555: Application time: 0.4064649 seconds
2024-10-04T14:05:56.649+0300: 357.555: [GC (Allocation Failure) [PSYoungGen: 191889K->9422K(193536K)] 342151K->161194K(603136K), 0.0022172 secs] [Times: user=0.00 sys=0.00, real=0.00 secs] 
2024-10-04T14:05:56.649+0300: 357.557: Total time for which application threads were stopped: 0.0025879 seconds, Stopping threads took: 0.0002092 seconds
2024-10-04T14:05:57.089+0300: 357.991: Application time: 0.4337045 seconds
2024-10-04T14:05:57.089+0300: 357.991: [GC (Allocation Failure) [PSYoungGen: 190826K->9454K(193024K)] 342597K->162667K(602624K), 0.0020298 secs] [Times: user=0.00 sys=0.00, real=0.00 secs] 
2024-10-04T14:05:57.089+0300: 357.993: Total time for which application threads were stopped: 0.0023963 seconds, Stopping threads took: 0.0002272 seconds
2024-10-04T14:05:57.465+0300: 358.374: Application time: 0.3806223 seconds
2024-10-04T14:05:57.465+0300: 358.374: [GC (Allocation Failure) [PSYoungGen: 190856K->10880K(192512K)] 344068K->165565K(602112K), 0.0024108 secs] [Times: user=0.00 sys=0.00, real=0.00 secs] 
2024-10-04T14:05:57.465+0300: 358.377: Total time for which application threads were stopped: 0.0027575 seconds, Stopping threads took: 0.0002048 seconds
2024-10-04T14:05:57.968+0300: 358.878: Application time: 0.5008360 seconds
2024-10-04T14:05:57.968+0300: 358.878: [GC (Allocation Failure) [PSYoungGen: 191633K->10167K(193024K)] 346319K->167030K(602624K), 0.0025229 secs] [Times: user=0.02 sys=0.00, real=0.02 secs] 
2024-10-04T14:05:57.983+0300: 358.881: Total time for which application threads were stopped: 0.0028918 seconds, Stopping threads took: 0.0002295 seconds
2024-10-04T14:05:58.250+0300: 359.153: Application time: 0.2726866 seconds
2024-10-04T14:05:58.250+0300: 359.154: [GC (Allocation Failure) [PSYoungGen: 190898K->7998K(193024K)] 347761K->166350K(602624K), 0.0019633 secs] [Times: user=0.00 sys=0.00, real=0.00 secs] 
2024-10-04T14:05:58.250+0300: 359.156: Total time for which application threads were stopped: 0.0023607 seconds, Stopping threads took: 0.0002241 seconds
2024-10-04T14:05:58.344+0300: 359.242: Application time: 0.0864303 seconds
2024-10-04T14:05:58.344+0300: 359.242: [GC (Allocation Failure) [PSYoungGen: 188735K->10103K(193024K)] 347087K->169268K(602624K), 0.0022483 secs] [Times: user=0.00 sys=0.00, real=0.00 secs] 
2024-10-04T14:05:58.344+0300: 359.245: Total time for which application threads were stopped: 0.0026301 seconds, Stopping threads took: 0.0002249 seconds
2024-10-04T14:05:58.893+0300: 359.794: Application time: 0.5493710 seconds
2024-10-04T14:05:58.893+0300: 359.794: [GC (Allocation Failure) [PSYoungGen: 190736K->10167K(193024K)] 349900K->170805K(602624K), 0.0024479 secs] [Times: user=0.00 sys=0.00, real=0.00 secs] 
2024-10-04T14:05:58.893+0300: 359.797: Total time for which application threads were stopped: 0.0028180 seconds, Stopping threads took: 0.0001482 seconds
2024-10-04T14:05:59.302+0300: 360.211: Application time: 0.4144435 seconds
2024-10-04T14:05:59.302+0300: 360.212: [GC (Allocation Failure) [PSYoungGen: 191180K->9390K(193024K)] 351817K->171517K(602624K), 0.0023156 secs] [Times: user=0.02 sys=0.00, real=0.01 secs] 
2024-10-04T14:05:59.317+0300: 360.214: Total time for which application threads were stopped: 0.0026418 seconds, Stopping threads took: 0.0001739 seconds
2024-10-04T14:05:59.647+0300: 360.548: Application time: 0.3340040 seconds
2024-10-04T14:05:59.647+0300: 360.548: [GC (Allocation Failure) [PSYoungGen: 190116K->10880K(193024K)] 352243K->174439K(602624K), 0.0022544 secs] [Times: user=0.00 sys=0.00, real=0.00 secs] 
2024-10-04T14:05:59.647+0300: 360.550: Total time for which application threads were stopped: 0.0025310 seconds, Stopping threads took: 0.0001433 seconds
2024-10-04T14:06:00.070+0300: 360.978: Application time: 0.4280259 seconds
2024-10-04T14:06:00.070+0300: 360.979: [GC (Allocation Failure) [PSYoungGen: 191601K->9455K(193024K)] 355160K->175913K(602624K), 0.0023912 secs] [Times: user=0.00 sys=0.00, real=0.00 secs] 
2024-10-04T14:06:00.070+0300: 360.981: Total time for which application threads were stopped: 0.0027170 seconds, Stopping threads took: 0.0001761 seconds
2024-10-04T14:06:00.368+0300: 361.274: Application time: 0.2927884 seconds
2024-10-04T14:06:00.368+0300: 361.274: [GC (Allocation Failure) [PSYoungGen: 190685K->9455K(193024K)] 357143K->176681K(602624K), 0.0022483 secs] [Times: user=0.00 sys=0.00, real=0.00 secs] 
2024-10-04T14:06:00.368+0300: 361.277: Total time for which application threads were stopped: 0.0026703 seconds, Stopping threads took: 0.0002769 seconds
2024-10-04T14:06:00.478+0300: 361.387: Application time: 0.1107987 seconds
2024-10-04T14:06:00.478+0300: 361.388: [GC (Allocation Failure) [PSYoungGen: 190131K->10103K(193024K)] 357357K->178142K(602624K), 0.0022137 secs] [Times: user=0.05 sys=0.00, real=0.02 secs] 
2024-10-04T14:06:00.494+0300: 361.390: Total time for which application threads were stopped: 0.0026089 seconds, Stopping threads took: 0.0002005 seconds
2024-10-04T14:06:00.964+0300: 361.869: Application time: 0.4789433 seconds
2024-10-04T14:06:00.964+0300: 361.870: [GC (Allocation Failure) [PSYoungGen: 190739K->9486K(193536K)] 358778K->178990K(603136K), 0.0021303 secs] [Times: user=0.03 sys=0.00, real=0.00 secs] 
2024-10-04T14:06:00.964+0300: 361.872: Total time for which application threads were stopped: 0.0029610 seconds, Stopping threads took: 0.0006744 seconds
2024-10-04T14:06:01.514+0300: 362.414: Application time: 0.5420516 seconds
2024-10-04T14:06:01.514+0300: 362.414: [GC (Allocation Failure) [PSYoungGen: 191221K->10135K(193024K)] 360725K->180392K(602624K), 0.0022628 secs] [Times: user=0.00 sys=0.00, real=0.00 secs] 
2024-10-04T14:06:01.514+0300: 362.417: Total time for which application threads were stopped: 0.0025774 seconds, Stopping threads took: 0.0001218 seconds
2024-10-04T14:06:01.906+0300: 362.809: Application time: 0.3919478 seconds
2024-10-04T14:06:01.906+0300: 362.809: [GC (Allocation Failure) [PSYoungGen: 191601K->8646K(192512K)] 361858K->182497K(602112K), 0.0025608 secs] [Times: user=0.00 sys=0.00, real=0.00 secs] 
2024-10-04T14:06:01.906+0300: 362.811: Total time for which application threads were stopped: 0.0029224 seconds, Stopping threads took: 0.0002073 seconds
2024-10-04T14:06:02.251+0300: 363.157: Application time: 0.3455359 seconds
2024-10-04T14:06:02.251+0300: 363.157: [GC (Allocation Failure) [PSYoungGen: 189370K->9487K(193024K)] 363221K->184090K(602624K), 0.0020332 secs] [Times: user=0.00 sys=0.00, real=0.00 secs] 
2024-10-04T14:06:02.251+0300: 363.159: Total time for which application threads were stopped: 0.0024114 seconds, Stopping threads took: 0.0002395 seconds
2024-10-04T14:06:02.597+0300: 363.505: Application time: 0.3456644 seconds
2024-10-04T14:06:02.597+0300: 363.505: [GC (Allocation Failure) [PSYoungGen: 190669K->8710K(193536K)] 365272K->184803K(603136K), 0.0021735 secs] [Times: user=0.00 sys=0.00, real=0.00 secs] 
2024-10-04T14:06:02.597+0300: 363.508: Total time for which application threads were stopped: 0.0025862 seconds, Stopping threads took: 0.0002161 seconds
2024-10-04T14:06:02.832+0300: 363.731: Application time: 0.2233977 seconds
2024-10-04T14:06:02.832+0300: 363.731: [GC (Allocation Failure) [PSYoungGen: 190839K->9423K(193536K)] 366932K->186320K(603136K), 0.0020884 secs] [Times: user=0.00 sys=0.00, real=0.00 secs] 
2024-10-04T14:06:02.832+0300: 363.734: Total time for which application threads were stopped: 0.0024516 seconds, Stopping threads took: 0.0002214 seconds
2024-10-04T14:06:03.208+0300: 364.116: Application time: 0.3828928 seconds
2024-10-04T14:06:03.208+0300: 364.117: [GC (Allocation Failure) [PSYoungGen: 191528K->10167K(193536K)] 368425K->187825K(603136K), 0.0022452 secs] [Times: user=0.00 sys=0.00, real=0.00 secs] 
2024-10-04T14:06:03.208+0300: 364.119: Total time for which application threads were stopped: 0.0026976 seconds, Stopping threads took: 0.0002707 seconds
2024-10-04T14:06:03.867+0300: 364.777: Application time: 0.6575809 seconds
2024-10-04T14:06:03.867+0300: 364.777: [GC (Allocation Failure) [PSYoungGen: 192339K->10912K(193536K)] 369997K->189322K(603136K), 0.0023369 secs] [Times: user=0.02 sys=0.00, real=0.02 secs] 
2024-10-04T14:06:03.883+0300: 364.779: Total time for which application threads were stopped: 0.0026797 seconds, Stopping threads took: 0.0001960 seconds
2024-10-04T14:06:04.291+0300: 365.187: Application time: 0.4076737 seconds
2024-10-04T14:06:04.291+0300: 365.187: [GC (Allocation Failure) [PSYoungGen: 192652K->8646K(192512K)] 371062K->189971K(602112K), 0.0024007 secs] [Times: user=0.02 sys=0.00, real=0.00 secs] 
2024-10-04T14:06:04.291+0300: 365.190: Total time for which application threads were stopped: 0.0027499 seconds, Stopping threads took: 0.0001921 seconds
2024-10-04T14:06:04.636+0300: 365.544: Application time: 0.3543410 seconds
2024-10-04T14:06:04.636+0300: 365.544: [GC (Allocation Failure) [PSYoungGen: 189374K->9455K(193024K)] 370699K->191508K(602624K), 0.0022272 secs] [Times: user=0.00 sys=0.00, real=0.00 secs] 
2024-10-04T14:06:04.636+0300: 365.547: Total time for which application threads were stopped: 0.0025477 seconds, Stopping threads took: 0.0001079 seconds
2024-10-04T14:06:04.871+0300: 365.769: Application time: 0.2218810 seconds
2024-10-04T14:06:04.871+0300: 365.769: [GC (Allocation Failure) [PSYoungGen: 190570K->8710K(193024K)] 372623K->192244K(602624K), 0.0020648 secs] [Times: user=0.00 sys=0.00, real=0.00 secs] 
2024-10-04T14:06:04.871+0300: 365.771: Total time for which application threads were stopped: 0.0023840 seconds, Stopping threads took: 0.0001673 seconds
2024-10-04T14:06:05.059+0300: 365.957: Application time: 0.1857864 seconds
2024-10-04T14:06:05.059+0300: 365.957: [GC (Allocation Failure) [PSYoungGen: 189377K->10135K(193024K)] 372911K->194466K(602624K), 0.0020644 secs] [Times: user=0.00 sys=0.00, real=0.00 secs] 
2024-10-04T14:06:05.059+0300: 365.959: Total time for which application threads were stopped: 0.0023574 seconds, Stopping threads took: 0.0001543 seconds
2024-10-04T14:06:05.483+0300: 366.388: Application time: 0.4284636 seconds
2024-10-04T14:06:05.483+0300: 366.388: [GC (Allocation Failure) [PSYoungGen: 190743K->8678K(193024K)] 375074K->195202K(602624K), 0.0022676 secs] [Times: user=0.00 sys=0.00, real=0.00 secs] 
2024-10-04T14:06:05.483+0300: 366.390: Total time for which application threads were stopped: 0.0027189 seconds, Stopping threads took: 0.0002781 seconds
2024-10-04T14:06:06.174+0300: 367.078: Application time: 0.6879738 seconds
2024-10-04T14:06:06.174+0300: 367.079: [GC (Allocation Failure) [PSYoungGen: 189336K->10912K(193024K)] 375861K->198188K(602624K), 0.0023770 secs] [Times: user=0.00 sys=0.00, real=0.00 secs] 
2024-10-04T14:06:06.174+0300: 367.081: Total time for which application threads were stopped: 0.0028261 seconds, Stopping threads took: 0.0002838 seconds
2024-10-04T14:06:06.629+0300: 367.529: Application time: 0.4477460 seconds
2024-10-04T14:06:06.629+0300: 367.529: [GC (Allocation Failure) [PSYoungGen: 191714K->9391K(193024K)] 378991K->198869K(602624K), 0.0024511 secs] [Times: user=0.00 sys=0.00, real=0.00 secs] 
2024-10-04T14:06:06.629+0300: 367.532: Total time for which application threads were stopped: 0.0027837 seconds, Stopping threads took: 0.0001002 seconds
2024-10-04T14:06:07.005+0300: 367.905: Application time: 0.3733876 seconds
2024-10-04T14:06:07.005+0300: 367.905: [GC (Allocation Failure) [PSYoungGen: 190390K->7965K(193024K)] 379868K->198933K(602624K), 0.0017806 secs] [Times: user=0.00 sys=0.00, real=0.00 secs] 
2024-10-04T14:06:07.005+0300: 367.907: Total time for which application threads were stopped: 0.0020634 seconds, Stopping threads took: 0.0001440 seconds
2024-10-04T14:06:07.206+0300: 368.103: Application time: 0.1956888 seconds
2024-10-04T14:06:07.206+0300: 368.103: [GC (Allocation Failure) [PSYoungGen: 189124K->8758K(193024K)] 380092K->200462K(602624K), 0.0019804 secs] [Times: user=0.00 sys=0.00, real=0.00 secs] 
2024-10-04T14:06:07.209+0300: 368.105: Total time for which application threads were stopped: 0.0025831 seconds, Stopping threads took: 0.0004489 seconds
2024-10-04T14:06:07.429+0300: 368.333: Application time: 0.2276922 seconds
2024-10-04T14:06:07.429+0300: 368.333: [GC (Allocation Failure) [PSYoungGen: 189412K->9422K(193024K)] 381116K->202635K(602624K), 0.0020740 secs] [Times: user=0.00 sys=0.00, real=0.00 secs] 
2024-10-04T14:06:07.429+0300: 368.336: Total time for which application threads were stopped: 0.0023973 seconds, Stopping threads took: 0.0001818 seconds
2024-10-04T14:06:07.837+0300: 368.741: Application time: 0.4057530 seconds
2024-10-04T14:06:07.837+0300: 368.741: [GC (Allocation Failure) [PSYoungGen: 190029K->8710K(193536K)] 383242K->203404K(603136K), 0.0020781 secs] [Times: user=0.00 sys=0.00, real=0.00 secs] 
2024-10-04T14:06:07.837+0300: 368.744: Total time for which application threads were stopped: 0.0023687 seconds, Stopping threads took: 0.0001541 seconds
2024-10-04T14:06:08.261+0300: 369.162: Application time: 0.4180819 seconds
2024-10-04T14:06:08.261+0300: 369.162: [GC (Allocation Failure) [PSYoungGen: 190164K->9422K(193024K)] 384858K->205598K(602624K), 0.0022495 secs] [Times: user=0.00 sys=0.00, real=0.00 secs] 
2024-10-04T14:06:08.261+0300: 369.164: Total time for which application threads were stopped: 0.0026201 seconds, Stopping threads took: 0.0002241 seconds
2024-10-04T14:06:08.825+0300: 369.724: Application time: 0.5597563 seconds
2024-10-04T14:06:08.825+0300: 369.724: [GC (Allocation Failure) [PSYoungGen: 190853K->10912K(192512K)] 387028K->207840K(602112K), 0.0023437 secs] [Times: user=0.00 sys=0.00, real=0.00 secs] 
2024-10-04T14:06:08.825+0300: 369.727: Total time for which application threads were stopped: 0.0026978 seconds, Stopping threads took: 0.0001788 seconds
2024-10-04T14:06:09.296+0300: 370.203: Application time: 0.4763606 seconds
2024-10-04T14:06:09.296+0300: 370.203: [GC (Allocation Failure) [PSYoungGen: 191911K->8710K(193024K)] 388839K->207839K(602624K), 0.0022731 secs] [Times: user=0.00 sys=0.00, real=0.01 secs] 
2024-10-04T14:06:09.310+0300: 370.206: Total time for which application threads were stopped: 0.0026405 seconds, Stopping threads took: 0.0002160 seconds
2024-10-04T14:06:09.421+0300: 370.329: Application time: 0.1236175 seconds
2024-10-04T14:06:09.421+0300: 370.330: [GC (Allocation Failure) [PSYoungGen: 189880K->8710K(193024K)] 389010K->209288K(602624K), 0.0021867 secs] [Times: user=0.00 sys=0.00, real=0.00 secs] 
2024-10-04T14:06:09.421+0300: 370.332: Total time for which application threads were stopped: 0.0025026 seconds, Stopping threads took: 0.0001868 seconds
2024-10-04T14:06:09.688+0300: 370.593: Application time: 0.2614438 seconds
2024-10-04T14:06:09.688+0300: 370.594: [GC (Allocation Failure) [PSYoungGen: 189378K->9422K(193024K)] 389957K->210801K(602624K), 0.0021384 secs] [Times: user=0.00 sys=0.00, real=0.00 secs] 
2024-10-04T14:06:09.688+0300: 370.596: Total time for which application threads were stopped: 0.0024556 seconds, Stopping threads took: 0.0001872 seconds
2024-10-04T14:06:10.096+0300: 370.992: Application time: 0.3965652 seconds
2024-10-04T14:06:10.096+0300: 370.993: [GC (Allocation Failure) [PSYoungGen: 190040K->9486K(193536K)] 391419K->212330K(603136K), 0.0021337 secs] [Times: user=0.00 sys=0.00, real=0.00 secs] 
2024-10-04T14:06:10.096+0300: 370.995: Total time for which application threads were stopped: 0.0023852 seconds, Stopping threads took: 0.0001235 seconds
2024-10-04T14:06:10.534+0300: 371.442: Application time: 0.4474693 seconds
2024-10-04T14:06:10.534+0300: 371.443: [GC (Allocation Failure) [PSYoungGen: 191633K->9390K(193536K)] 394478K->213708K(603136K), 0.0023121 secs] [Times: user=0.00 sys=0.00, real=0.00 secs] 
2024-10-04T14:06:10.534+0300: 371.445: Total time for which application threads were stopped: 0.0026596 seconds, Stopping threads took: 0.0001603 seconds
2024-10-04T14:06:11.052+0300: 371.963: Application time: 0.5179672 seconds
2024-10-04T14:06:11.052+0300: 371.963: [GC (Allocation Failure) [PSYoungGen: 191518K->10135K(193536K)] 395835K->216646K(603136K), 0.0025451 secs] [Times: user=0.03 sys=0.00, real=0.01 secs] 
2024-10-04T14:06:11.067+0300: 371.966: Total time for which application threads were stopped: 0.0029080 seconds, Stopping threads took: 0.0002125 seconds
2024-10-04T14:06:11.414+0300: 372.314: Application time: 0.3481396 seconds
2024-10-04T14:06:11.414+0300: 372.314: [GC (Allocation Failure) [PSYoungGen: 192365K->9391K(193536K)] 398876K->217390K(603136K), 0.0022875 secs] [Times: user=0.00 sys=0.00, real=0.00 secs] 
2024-10-04T14:06:11.414+0300: 372.317: Total time for which application threads were stopped: 0.0026639 seconds, Stopping threads took: 0.0002347 seconds
2024-10-04T14:06:11.663+0300: 372.565: Application time: 0.2488681 seconds
2024-10-04T14:06:11.663+0300: 372.566: [GC (Allocation Failure) [PSYoungGen: 191637K->10167K(193536K)] 399637K->218927K(603136K), 0.0021639 secs] [Times: user=0.00 sys=0.00, real=0.00 secs] 
2024-10-04T14:06:11.663+0300: 372.568: Total time for which application threads were stopped: 0.0025310 seconds, Stopping threads took: 0.0002287 seconds
2024-10-04T14:06:12.087+0300: 372.985: Application time: 0.4172903 seconds
2024-10-04T14:06:12.087+0300: 372.986: [GC (Allocation Failure) [PSYoungGen: 192246K->8710K(193536K)] 401006K->218959K(603136K), 0.0020324 secs] [Times: user=0.00 sys=0.00, real=0.00 secs] 
2024-10-04T14:06:12.087+0300: 372.988: Total time for which application threads were stopped: 0.0023008 seconds, Stopping threads took: 0.0001397 seconds
2024-10-04T14:06:12.479+0300: 373.389: Application time: 0.4013557 seconds
2024-10-04T14:06:12.479+0300: 373.389: [GC (Allocation Failure) [PSYoungGen: 190818K->9454K(193536K)] 401068K->221177K(603136K), 0.0024155 secs] [Times: user=0.02 sys=0.00, real=0.02 secs] 
2024-10-04T14:06:12.495+0300: 373.392: Total time for which application threads were stopped: 0.0027318 seconds, Stopping threads took: 0.0001570 seconds
2024-10-04T14:06:12.871+0300: 373.772: Application time: 0.3800715 seconds
2024-10-04T14:06:12.871+0300: 373.772: [GC (Allocation Failure) [PSYoungGen: 191597K->10199K(193536K)] 403319K->223387K(603136K), 0.0023290 secs] [Times: user=0.00 sys=0.00, real=0.00 secs] 
2024-10-04T14:06:12.871+0300: 373.774: Total time for which application threads were stopped: 0.0026470 seconds, Stopping threads took: 0.0001767 seconds
2024-10-04T14:06:13.421+0300: 374.332: Application time: 0.5573486 seconds
2024-10-04T14:06:13.421+0300: 374.332: [GC (Allocation Failure) [PSYoungGen: 192365K->8742K(193536K)] 405553K->224828K(603136K), 0.0026807 secs] [Times: user=0.02 sys=0.00, real=0.02 secs] 
2024-10-04T14:06:13.437+0300: 374.335: Total time for which application threads were stopped: 0.0030341 seconds, Stopping threads took: 0.0001401 seconds
2024-10-04T14:06:13.672+0300: 374.582: Application time: 0.2473536 seconds
2024-10-04T14:06:13.672+0300: 374.582: [GC (Allocation Failure) [PSYoungGen: 191000K->9390K(193536K)] 407086K->226261K(603136K), 0.0023024 secs] [Times: user=0.02 sys=0.00, real=0.02 secs] 
2024-10-04T14:06:13.688+0300: 374.585: Total time for which application threads were stopped: 0.0026155 seconds, Stopping threads took: 0.0001597 seconds
2024-10-04T14:06:13.955+0300: 374.866: Application time: 0.2812635 seconds
2024-10-04T14:06:13.955+0300: 374.866: [GC (Allocation Failure) [PSYoungGen: 191222K->10167K(193536K)] 408092K->228502K(603136K), 0.0023001 secs] [Times: user=0.01 sys=0.00, real=0.02 secs] 
2024-10-04T14:06:13.971+0300: 374.869: Total time for which application threads were stopped: 0.0026702 seconds, Stopping threads took: 0.0002331 seconds
2024-10-04T14:06:14.505+0300: 375.410: Application time: 0.5409820 seconds
2024-10-04T14:06:14.505+0300: 375.410: [GC (Allocation Failure) [PSYoungGen: 192044K->8742K(193536K)] 410379K->228590K(603136K), 0.0023960 secs] [Times: user=0.00 sys=0.00, real=0.00 secs] 
2024-10-04T14:06:14.505+0300: 375.412: Total time for which application threads were stopped: 0.0026956 seconds, Stopping threads took: 0.0001458 seconds
2024-10-04T14:06:14.897+0300: 375.802: Application time: 0.3898372 seconds
2024-10-04T14:06:14.897+0300: 375.803: [GC (Allocation Failure) [PSYoungGen: 190912K->10103K(193536K)] 410761K->230688K(603136K), 0.0022057 secs] [Times: user=0.00 sys=0.00, real=0.00 secs] 
2024-10-04T14:06:14.897+0300: 375.805: Total time for which application threads were stopped: 0.0025474 seconds, Stopping threads took: 0.0001795 seconds
2024-10-04T14:06:15.243+0300: 376.147: Application time: 0.3424583 seconds
2024-10-04T14:06:15.243+0300: 376.148: [GC (Allocation Failure) [PSYoungGen: 192272K->10167K(193536K)] 412856K->232930K(603136K), 0.0022971 secs] [Times: user=0.00 sys=0.00, real=0.00 secs] 
2024-10-04T14:06:15.243+0300: 376.150: Total time for which application threads were stopped: 0.0026297 seconds, Stopping threads took: 0.0001886 seconds
2024-10-04T14:06:15.666+0300: 376.573: Application time: 0.4230089 seconds
2024-10-04T14:06:15.666+0300: 376.573: [GC (Allocation Failure) [PSYoungGen: 192397K->8710K(193536K)] 415160K->233666K(603136K), 0.0023024 secs] [Times: user=0.02 sys=0.00, real=0.00 secs] 
2024-10-04T14:06:15.666+0300: 376.576: Total time for which application threads were stopped: 0.0026762 seconds, Stopping threads took: 0.0001862 seconds
2024-10-04T14:06:16.059+0300: 376.964: Application time: 0.3880309 seconds
2024-10-04T14:06:16.059+0300: 376.964: [GC (Allocation Failure) [PSYoungGen: 190877K->8678K(193536K)] 415833K->235123K(603136K), 0.0020607 secs] [Times: user=0.00 sys=0.00, real=0.00 secs] 
2024-10-04T14:06:16.059+0300: 376.966: Total time for which application threads were stopped: 0.0023540 seconds, Stopping threads took: 0.0001554 seconds
2024-10-04T14:06:16.294+0300: 377.200: Application time: 0.2337049 seconds
2024-10-04T14:06:16.294+0300: 377.200: [GC (Allocation Failure) [PSYoungGen: 190505K->10199K(193536K)] 416950K->237404K(603136K), 0.0022486 secs] [Times: user=0.00 sys=0.00, real=0.00 secs] 
2024-10-04T14:06:16.294+0300: 377.202: Total time for which application threads were stopped: 0.0025788 seconds, Stopping threads took: 0.0001624 seconds
2024-10-04T14:06:16.764+0300: 377.667: Application time: 0.4652133 seconds
2024-10-04T14:06:16.764+0300: 377.668: [GC (Allocation Failure) [PSYoungGen: 192356K->9422K(193536K)] 419561K->238141K(603136K), 0.0023620 secs] [Times: user=0.00 sys=0.00, real=0.00 secs] 
2024-10-04T14:06:16.764+0300: 377.670: Total time for which application threads were stopped: 0.0028895 seconds, Stopping threads took: 0.0003596 seconds
2024-10-04T14:06:17.345+0300: 378.244: Application time: 0.5737032 seconds
2024-10-04T14:06:17.345+0300: 378.244: [GC (Allocation Failure) [PSYoungGen: 191570K->9455K(193536K)] 420288K->238934K(603136K), 0.0019557 secs] [Times: user=0.00 sys=0.00, real=0.00 secs] 
2024-10-04T14:06:17.345+0300: 378.246: Total time for which application threads were stopped: 0.0022324 seconds, Stopping threads took: 0.0001363 seconds
2024-10-04T14:06:17.691+0300: 378.601: Application time: 0.3545286 seconds
2024-10-04T14:06:17.691+0300: 378.601: [GC (Allocation Failure) [PSYoungGen: 191202K->10135K(193536K)] 420681K->241800K(603136K), 0.0027662 secs] [Times: user=0.01 sys=0.00, real=0.02 secs] 
2024-10-04T14:06:17.706+0300: 378.604: Total time for which application threads were stopped: 0.0032360 seconds, Stopping threads took: 0.0002861 seconds
2024-10-04T14:06:18.083+0300: 378.992: Application time: 0.3875641 seconds
2024-10-04T14:06:18.083+0300: 378.992: [GC (Allocation Failure) [PSYoungGen: 192046K->9455K(193536K)] 423710K->243273K(603136K), 0.0022330 secs] [Times: user=0.00 sys=0.00, real=0.00 secs] 
2024-10-04T14:06:18.083+0300: 378.994: Total time for which application threads were stopped: 0.0026185 seconds, Stopping threads took: 0.0002207 seconds
2024-10-04T14:06:18.569+0300: 379.470: Application time: 0.4753835 seconds
2024-10-04T14:06:18.569+0300: 379.470: [GC (Allocation Failure) [PSYoungGen: 191644K->8742K(193536K)] 425462K->243365K(603136K), 0.0021542 secs] [Times: user=0.00 sys=0.00, real=0.00 secs] 
2024-10-04T14:06:18.569+0300: 379.472: Total time for which application threads were stopped: 0.0024891 seconds, Stopping threads took: 0.0001592 seconds
2024-10-04T14:06:18.710+0300: 379.620: Application time: 0.1476413 seconds
2024-10-04T14:06:18.710+0300: 379.620: [GC (Allocation Failure) [PSYoungGen: 190901K->10167K(193536K)] 425524K->246263K(603136K), 0.0025107 secs] [Times: user=0.01 sys=0.00, real=0.02 secs] 
2024-10-04T14:06:18.726+0300: 379.623: Total time for which application threads were stopped: 0.0028948 seconds, Stopping threads took: 0.0002225 seconds
2024-10-04T14:06:19.400+0300: 380.297: Application time: 0.6741623 seconds
2024-10-04T14:06:19.400+0300: 380.297: [GC (Allocation Failure) [PSYoungGen: 191772K->10848K(193536K)] 427868K->248417K(603136K), 0.0025914 secs] [Times: user=0.00 sys=0.00, real=0.00 secs] 
2024-10-04T14:06:19.400+0300: 380.300: Total time for which application threads were stopped: 0.0029285 seconds, Stopping threads took: 0.0001755 seconds
2024-10-04T14:06:19.902+0300: 380.808: Application time: 0.5085013 seconds
2024-10-04T14:06:19.902+0300: 380.809: [GC (Allocation Failure) [PSYoungGen: 192991K->9358K(193536K)] 430560K->249105K(603136K), 0.0025355 secs] [Times: user=0.00 sys=0.00, real=0.00 secs] 
2024-10-04T14:06:19.902+0300: 380.811: Total time for which application threads were stopped: 0.0028841 seconds, Stopping threads took: 0.0002055 seconds
2024-10-04T14:06:20.153+0300: 381.061: Application time: 0.2495567 seconds
2024-10-04T14:06:20.153+0300: 381.061: [GC (Allocation Failure) [PSYoungGen: 191577K->10848K(193536K)] 431323K->251371K(603136K), 0.0027681 secs] [Times: user=0.00 sys=0.00, real=0.00 secs] 
2024-10-04T14:06:20.153+0300: 381.064: Total time for which application threads were stopped: 0.0031759 seconds, Stopping threads took: 0.0002208 seconds
2024-10-04T14:06:20.514+0300: 381.413: Application time: 0.3486597 seconds
2024-10-04T14:06:20.514+0300: 381.413: [GC (Allocation Failure) [PSYoungGen: 192964K->9327K(192512K)] 433487K->252035K(602112K), 0.0032142 secs] [Times: user=0.00 sys=0.00, real=0.00 secs] 
2024-10-04T14:06:20.514+0300: 381.416: Total time for which application threads were stopped: 0.0035560 seconds, Stopping threads took: 0.0001589 seconds
2024-10-04T14:06:21.094+0300: 381.995: Application time: 0.5792767 seconds
2024-10-04T14:06:21.094+0300: 381.996: [GC (Allocation Failure) [PSYoungGen: 190038K->10167K(193024K)] 432747K->254349K(602624K), 0.0032388 secs] [Times: user=0.00 sys=0.00, real=0.00 secs] 
2024-10-04T14:06:21.094+0300: 381.999: Total time for which application threads were stopped: 0.0035479 seconds, Stopping threads took: 0.0001672 seconds
2024-10-04T14:06:21.142+0300: 382.040: Application time: 0.0407701 seconds
2024-10-04T14:06:21.142+0300: 382.040: [GC (Allocation Failure) [PSYoungGen: 190973K->6508K(192000K)] 435155K->253612K(601600K), 0.0031521 secs] [Times: user=0.00 sys=0.00, real=0.00 secs] 
2024-10-04T14:06:21.142+0300: 382.043: Total time for which application threads were stopped: 0.0035572 seconds, Stopping threads took: 0.0002368 seconds
2024-10-04T14:06:21.660+0300: 382.562: Application time: 0.5189523 seconds
2024-10-04T14:06:21.660+0300: 382.563: [GC (Allocation Failure) [PSYoungGen: 186665K->10167K(192512K)] 433769K->258024K(602112K), 0.0023695 secs] [Times: user=0.00 sys=0.00, real=0.00 secs] 
2024-10-04T14:06:21.660+0300: 382.565: Total time for which application threads were stopped: 0.0027243 seconds, Stopping threads took: 0.0001995 seconds
2024-10-04T14:06:22.193+0300: 383.098: Application time: 0.5332895 seconds
2024-10-04T14:06:22.193+0300: 383.099: [GC (Allocation Failure) [PSYoungGen: 190280K->10880K(192512K)] 438136K->260209K(602112K), 0.0031524 secs] [Times: user=0.00 sys=0.00, real=0.00 secs] 
2024-10-04T14:06:22.193+0300: 383.102: Total time for which application threads were stopped: 0.0035376 seconds, Stopping threads took: 0.0002299 seconds
2024-10-04T14:06:22.303+0300: 383.200: Application time: 0.0978182 seconds
2024-10-04T14:06:22.303+0300: 383.200: [GC (Allocation Failure) [PSYoungGen: 191094K->9327K(192512K)] 440424K->260866K(602112K), 0.0025335 secs] [Times: user=0.00 sys=0.00, real=0.00 secs] 
2024-10-04T14:06:22.303+0300: 383.202: Total time for which application threads were stopped: 0.0028503 seconds, Stopping threads took: 0.0001397 seconds
2024-10-04T14:06:22.899+0300: 383.805: Application time: 0.6027696 seconds
2024-10-04T14:06:22.899+0300: 383.806: [GC (Allocation Failure) [PSYoungGen: 189297K->10167K(192512K)] 440836K->262467K(602112K), 0.0024870 secs] [Times: user=0.00 sys=0.00, real=0.00 secs] 
2024-10-04T14:06:22.899+0300: 383.808: Total time for which application threads were stopped: 0.0029596 seconds, Stopping threads took: 0.0002182 seconds
2024-10-04T14:06:23.307+0300: 384.213: Application time: 0.4051821 seconds
2024-10-04T14:06:23.307+0300: 384.214: [GC (Allocation Failure) [PSYoungGen: 190204K->9422K(192512K)] 442503K->263203K(602112K), 0.0034006 secs] [Times: user=0.00 sys=0.00, real=0.00 secs] 
2024-10-04T14:06:23.307+0300: 384.217: Total time for which application threads were stopped: 0.0037724 seconds, Stopping threads took: 0.0002318 seconds
2024-10-04T14:06:23.543+0300: 384.443: Application time: 0.2257616 seconds
2024-10-04T14:06:23.543+0300: 384.443: [GC (Allocation Failure) [PSYoungGen: 189465K->10103K(193024K)] 443246K->265365K(602624K), 0.0027396 secs] [Times: user=0.00 sys=0.00, real=0.00 secs] 
2024-10-04T14:06:23.543+0300: 384.446: Total time for which application threads were stopped: 0.0033187 seconds, Stopping threads took: 0.0003339 seconds
2024-10-04T14:06:23.903+0300: 384.808: Application time: 0.3622061 seconds
2024-10-04T14:06:23.903+0300: 384.809: [GC (Allocation Failure) [PSYoungGen: 190796K->8678K(193024K)] 446058K->265437K(602624K), 0.0031625 secs] [Times: user=0.00 sys=0.00, real=0.00 secs] 
2024-10-04T14:06:23.903+0300: 384.812: Total time for which application threads were stopped: 0.0036069 seconds, Stopping threads took: 0.0002671 seconds
2024-10-04T14:06:24.421+0300: 385.324: Application time: 0.5118079 seconds
2024-10-04T14:06:24.421+0300: 385.324: [GC (Allocation Failure) [PSYoungGen: 189368K->10199K(193024K)] 446127K->268423K(602624K), 0.0035617 secs] [Times: user=0.00 sys=0.00, real=0.00 secs] 
2024-10-04T14:06:24.421+0300: 385.328: Total time for which application threads were stopped: 0.0039383 seconds, Stopping threads took: 0.0002261 seconds
2024-10-04T14:06:24.641+0300: 385.540: Application time: 0.2122370 seconds
2024-10-04T14:06:24.641+0300: 385.540: [GC (Allocation Failure) [PSYoungGen: 191012K->10135K(193024K)] 449236K->269832K(602624K), 0.0035464 secs] [Times: user=0.00 sys=0.00, real=0.00 secs] 
2024-10-04T14:06:24.641+0300: 385.544: Total time for which application threads were stopped: 0.0038225 seconds, Stopping threads took: 0.0001357 seconds
2024-10-04T14:06:25.017+0300: 385.929: Application time: 0.3846842 seconds
2024-10-04T14:06:25.017+0300: 385.929: [GC (Allocation Failure) [PSYoungGen: 190818K->9455K(193024K)] 450515K->271337K(602624K), 0.0040077 secs] [Times: user=0.00 sys=0.00, real=0.02 secs] 
2024-10-04T14:06:25.033+0300: 385.933: Total time for which application threads were stopped: 0.0043238 seconds, Stopping threads took: 0.0001674 seconds
2024-10-04T14:06:25.378+0300: 386.278: Application time: 0.3452629 seconds
2024-10-04T14:06:25.378+0300: 386.278: [GC (Allocation Failure) [PSYoungGen: 190213K->7965K(193024K)] 452095K->270625K(602624K), 0.0027718 secs] [Times: user=0.00 sys=0.00, real=0.00 secs] 
2024-10-04T14:06:25.378+0300: 386.281: Total time for which application threads were stopped: 0.0030908 seconds, Stopping threads took: 0.0001752 seconds
2024-10-04T14:06:25.771+0300: 386.673: Application time: 0.3919225 seconds
2024-10-04T14:06:25.771+0300: 386.673: [GC (Allocation Failure) [PSYoungGen: 188659K->10911K(192000K)] 451318K->274323K(601600K), 0.0030279 secs] [Times: user=0.00 sys=0.00, real=0.00 secs] 
2024-10-04T14:06:25.771+0300: 386.677: Total time for which application threads were stopped: 0.0033461 seconds, Stopping threads took: 0.0001653 seconds
2024-10-04T14:06:26.194+0300: 387.093: Application time: 0.4162231 seconds
2024-10-04T14:06:26.194+0300: 387.093: [GC (Allocation Failure) [PSYoungGen: 190877K->8678K(192512K)] 454288K->274988K(602112K), 0.0045591 secs] [Times: user=0.00 sys=0.00, real=0.00 secs] 
2024-10-04T14:06:26.194+0300: 387.098: Total time for which application threads were stopped: 0.0048475 seconds, Stopping threads took: 0.0001528 seconds
2024-10-04T14:06:26.602+0300: 387.499: Application time: 0.4009428 seconds
2024-10-04T14:06:26.602+0300: 387.499: [GC (Allocation Failure) [PSYoungGen: 188676K->9422K(193024K)] 454985K->277213K(602624K), 0.0034822 secs] [Times: user=0.00 sys=0.00, real=0.00 secs] 
2024-10-04T14:06:26.602+0300: 387.502: Total time for which application threads were stopped: 0.0037222 seconds, Stopping threads took: 0.0001024 seconds
2024-10-04T14:06:26.948+0300: 387.846: Application time: 0.3436405 seconds
2024-10-04T14:06:26.948+0300: 387.846: [GC (Allocation Failure) [PSYoungGen: 190119K->10135K(192512K)] 457909K->278694K(602112K), 0.0027020 secs] [Times: user=0.00 sys=0.00, real=0.00 secs] 
2024-10-04T14:06:26.948+0300: 387.849: Total time for which application threads were stopped: 0.0029931 seconds, Stopping threads took: 0.0001592 seconds
2024-10-04T14:06:27.308+0300: 388.212: Application time: 0.3632041 seconds
2024-10-04T14:06:27.308+0300: 388.212: [GC (Allocation Failure) [PSYoungGen: 190810K->8742K(193024K)] 459369K->279495K(602624K), 0.0036840 secs] [Times: user=0.00 sys=0.00, real=0.00 secs] 
2024-10-04T14:06:27.308+0300: 388.216: Total time for which application threads were stopped: 0.0039930 seconds, Stopping threads took: 0.0001728 seconds
2024-10-04T14:06:27.716+0300: 388.616: Application time: 0.4001051 seconds
2024-10-04T14:06:27.716+0300: 388.616: [GC (Allocation Failure) [PSYoungGen: 189428K->7997K(193024K)] 460180K->280231K(602624K), 0.0031795 secs] [Times: user=0.00 sys=0.00, real=0.00 secs] 
2024-10-04T14:06:27.716+0300: 388.620: Total time for which application threads were stopped: 0.0035065 seconds, Stopping threads took: 0.0001337 seconds
2024-10-04T14:06:28.062+0300: 388.962: Application time: 0.3421602 seconds
2024-10-04T14:06:28.062+0300: 388.962: [GC (Allocation Failure) [PSYoungGen: 188727K->10135K(193024K)] 460961K->283129K(602624K), 0.0027479 secs] [Times: user=0.00 sys=0.00, real=0.00 secs] 
2024-10-04T14:06:28.062+0300: 388.965: Total time for which application threads were stopped: 0.0030521 seconds, Stopping threads took: 0.0001621 seconds
2024-10-04T14:06:28.470+0300: 389.372: Application time: 0.4073431 seconds
2024-10-04T14:06:28.470+0300: 389.373: [GC (Allocation Failure) [PSYoungGen: 190867K->9487K(193024K)] 463862K->284659K(602624K), 0.0033665 secs] [Times: user=0.00 sys=0.00, real=0.00 secs] 
2024-10-04T14:06:28.470+0300: 389.376: Total time for which application threads were stopped: 0.0037011 seconds, Stopping threads took: 0.0002047 seconds
2024-10-04T14:06:28.956+0300: 389.855: Application time: 0.4785619 seconds
2024-10-04T14:06:28.956+0300: 389.855: [GC (Allocation Failure) [PSYoungGen: 190160K->9423K(193024K)] 465332K->286076K(602624K), 0.0035390 secs] [Times: user=0.02 sys=0.00, real=0.00 secs] 
2024-10-04T14:06:28.956+0300: 389.859: Total time for which application threads were stopped: 0.0040100 seconds, Stopping threads took: 0.0002563 seconds
2024-10-04T14:06:29.302+0300: 390.207: Application time: 0.3486438 seconds
2024-10-04T14:06:29.302+0300: 390.207: [GC (Allocation Failure) [PSYoungGen: 190126K->10167K(193024K)] 466780K->287581K(602624K), 0.0029264 secs] [Times: user=0.00 sys=0.00, real=0.00 secs] 
2024-10-04T14:06:29.302+0300: 390.210: Total time for which application threads were stopped: 0.0032334 seconds, Stopping threads took: 0.0001649 seconds
2024-10-04T14:06:29.725+0300: 390.626: Application time: 0.4156719 seconds
2024-10-04T14:06:29.725+0300: 390.626: [GC (Allocation Failure) [PSYoungGen: 190841K->9391K(193536K)] 468254K->289006K(603136K), 0.0033412 secs] [Times: user=0.00 sys=0.00, real=0.00 secs] 
2024-10-04T14:06:29.725+0300: 390.630: Total time for which application threads were stopped: 0.0036999 seconds, Stopping threads took: 0.0002017 seconds
2024-10-04T14:06:30.087+0300: 390.988: Application time: 0.3582908 seconds
2024-10-04T14:06:30.087+0300: 390.988: [GC (Allocation Failure) [PSYoungGen: 190827K->9454K(193024K)] 470442K->290543K(602624K), 0.0030660 secs] [Times: user=0.00 sys=0.00, real=0.00 secs] 
2024-10-04T14:06:30.087+0300: 390.991: Total time for which application threads were stopped: 0.0033704 seconds, Stopping threads took: 0.0001696 seconds
2024-10-04T14:06:30.364+0300: 391.262: Application time: 0.2709533 seconds
2024-10-04T14:06:30.364+0300: 391.263: [GC (Allocation Failure) [PSYoungGen: 190616K->10167K(193536K)] 471704K->292728K(603136K), 0.0030857 secs] [Times: user=0.02 sys=0.00, real=0.00 secs] 
2024-10-04T14:06:30.369+0300: 391.268: Total time for which application threads were stopped: 0.0052670 seconds, Stopping threads took: 0.0001870 seconds
2024-10-04T14:06:30.903+0300: 391.805: Application time: 0.5373122 seconds
2024-10-04T14:06:30.903+0300: 391.805: [GC (Allocation Failure) [PSYoungGen: 191912K->9390K(193536K)] 474473K->293469K(603136K), 0.0022936 secs] [Times: user=0.00 sys=0.00, real=0.00 secs] 
2024-10-04T14:06:30.903+0300: 391.808: Total time for which application threads were stopped: 0.0025746 seconds, Stopping threads took: 0.0001344 seconds
2024-10-04T14:06:31.279+0300: 392.182: Application time: 0.3745219 seconds
2024-10-04T14:06:31.279+0300: 392.182: [GC (Allocation Failure) [PSYoungGen: 191588K->9422K(193536K)] 475667K->294950K(603136K), 0.0025139 secs] [Times: user=0.02 sys=0.00, real=0.00 secs] 
2024-10-04T14:06:31.279+0300: 392.185: Total time for which application threads were stopped: 0.0028621 seconds, Stopping threads took: 0.0002098 seconds
2024-10-04T14:06:31.624+0300: 392.522: Application time: 0.3371347 seconds
2024-10-04T14:06:31.624+0300: 392.522: [GC (Allocation Failure) [PSYoungGen: 191555K->10167K(193536K)] 477083K->297160K(603136K), 0.0036278 secs] [Times: user=0.00 sys=0.00, real=0.00 secs] 
2024-10-04T14:06:31.624+0300: 392.526: Total time for which application threads were stopped: 0.0039429 seconds, Stopping threads took: 0.0001577 seconds
2024-10-04T14:06:31.969+0300: 392.872: Application time: 0.3461515 seconds
2024-10-04T14:06:31.969+0300: 392.873: [GC (Allocation Failure) [PSYoungGen: 192080K->9359K(193536K)] 479073K->298553K(603136K), 0.0045937 secs] [Times: user=0.00 sys=0.00, real=0.00 secs] 
2024-10-04T14:06:31.969+0300: 392.877: Total time for which application threads were stopped: 0.0049613 seconds, Stopping threads took: 0.0002041 seconds
2024-10-04T14:06:32.424+0300: 393.325: Application time: 0.4474034 seconds
2024-10-04T14:06:32.424+0300: 393.325: [GC (Allocation Failure) [PSYoungGen: 191095K->9454K(193536K)] 480289K->299441K(603136K), 0.0029980 secs] [Times: user=0.00 sys=0.00, real=0.00 secs] 
2024-10-04T14:06:32.424+0300: 393.328: Total time for which application threads were stopped: 0.0033341 seconds, Stopping threads took: 0.0002039 seconds
2024-10-04T14:06:32.643+0300: 393.546: Application time: 0.2183347 seconds
2024-10-04T14:06:32.643+0300: 393.547: [GC (Allocation Failure) [PSYoungGen: 191356K->9422K(194048K)] 481342K->300866K(603648K), 0.0030393 secs] [Times: user=0.00 sys=0.00, real=0.00 secs] 
2024-10-04T14:06:32.643+0300: 393.550: Total time for which application threads were stopped: 0.0033905 seconds, Stopping threads took: 0.0002036 seconds
2024-10-04T14:06:33.177+0300: 394.076: Application time: 0.5259138 seconds
2024-10-04T14:06:33.177+0300: 394.076: [GC (Allocation Failure) [PSYoungGen: 192206K->10199K(193536K)] 483650K->302432K(603136K), 0.0028987 secs] [Times: user=0.00 sys=0.00, real=0.00 secs] 
2024-10-04T14:06:33.177+0300: 394.079: Total time for which application threads were stopped: 0.0031904 seconds, Stopping threads took: 0.0001505 seconds
2024-10-04T14:06:33.611+0300: 394.509: Application time: 0.4299062 seconds
2024-10-04T14:06:33.611+0300: 394.509: [GC (Allocation Failure) [PSYoungGen: 192666K->8646K(193536K)] 484899K->303785K(603136K), 0.0047886 secs] [Times: user=0.00 sys=0.02, real=0.00 secs] 
2024-10-04T14:06:33.616+0300: 394.514: Total time for which application threads were stopped: 0.0050858 seconds, Stopping threads took: 0.0001566 seconds
2024-10-04T14:06:33.883+0300: 394.784: Application time: 0.2700713 seconds
2024-10-04T14:06:33.883+0300: 394.784: [GC (Allocation Failure) [PSYoungGen: 190555K->10911K(193536K)] 485693K->306771K(603136K), 0.0030746 secs] [Times: user=0.00 sys=0.00, real=0.00 secs] 
2024-10-04T14:06:33.883+0300: 394.787: Total time for which application threads were stopped: 0.0034142 seconds, Stopping threads took: 0.0002064 seconds
2024-10-04T14:06:34.150+0300: 395.052: Application time: 0.2648367 seconds
2024-10-04T14:06:34.150+0300: 395.052: [GC (Allocation Failure) [PSYoungGen: 193058K->9327K(193536K)] 488917K->307423K(603136K), 0.0037116 secs] [Times: user=0.00 sys=0.00, real=0.01 secs] 
2024-10-04T14:06:34.157+0300: 395.056: Total time for which application threads were stopped: 0.0040431 seconds, Stopping threads took: 0.0001939 seconds
2024-10-04T14:06:34.699+0300: 395.610: Application time: 0.5538591 seconds
2024-10-04T14:06:34.699+0300: 395.610: [GC (Allocation Failure) [PSYoungGen: 191433K->10167K(193536K)] 489530K->309024K(603136K), 0.0031169 secs] [Times: user=0.00 sys=0.02, real=0.02 secs] 
2024-10-04T14:06:34.714+0300: 395.613: Total time for which application threads were stopped: 0.0034355 seconds, Stopping threads took: 0.0001687 seconds
2024-10-04T14:06:34.934+0300: 395.837: Application time: 0.2233748 seconds
2024-10-04T14:06:34.934+0300: 395.837: [GC (Allocation Failure) [PSYoungGen: 192337K->9423K(193536K)] 491194K->309761K(603136K), 0.0036633 secs] [Times: user=0.00 sys=0.00, real=0.00 secs] 
2024-10-04T14:06:34.934+0300: 395.841: Total time for which application threads were stopped: 0.0040385 seconds, Stopping threads took: 0.0002361 seconds
2024-10-04T14:06:35.326+0300: 396.226: Application time: 0.3847033 seconds
2024-10-04T14:06:35.326+0300: 396.226: [GC (Allocation Failure) [PSYoungGen: 191585K->10103K(193536K)] 491923K->312643K(603136K), 0.0040278 secs] [Times: user=0.00 sys=0.00, real=0.00 secs] 
2024-10-04T14:06:35.326+0300: 396.230: Total time for which application threads were stopped: 0.0043744 seconds, Stopping threads took: 0.0001808 seconds
2024-10-04T14:06:35.844+0300: 396.753: Application time: 0.5231850 seconds
2024-10-04T14:06:35.844+0300: 396.753: [GC (Allocation Failure) [PSYoungGen: 192118K->9454K(193536K)] 494658K->313467K(603136K), 0.0033425 secs] [Times: user=0.00 sys=0.00, real=0.02 secs] 
2024-10-04T14:06:35.860+0300: 396.757: Total time for which application threads were stopped: 0.0037030 seconds, Stopping threads took: 0.0001606 seconds
2024-10-04T14:06:35.938+0300: 396.844: Application time: 0.0873413 seconds
2024-10-04T14:06:35.938+0300: 396.844: [GC (Allocation Failure) [PSYoungGen: 191413K->8678K(193536K)] 495426K->314156K(603136K), 0.0033677 secs] [Times: user=0.00 sys=0.00, real=0.00 secs] 
2024-10-04T14:06:35.938+0300: 396.848: Total time for which application threads were stopped: 0.0037215 seconds, Stopping threads took: 0.0002162 seconds
2024-10-04T14:06:36.283+0300: 397.195: Application time: 0.3466916 seconds
2024-10-04T14:06:36.299+0300: 397.195: [GC (Allocation Failure) [PSYoungGen: 190778K->10135K(193536K)] 496256K->316406K(603136K), 0.0031375 secs] [Times: user=0.00 sys=0.00, real=0.00 secs] 
2024-10-04T14:06:36.299+0300: 397.198: Total time for which application threads were stopped: 0.0035361 seconds, Stopping threads took: 0.0002266 seconds
2024-10-04T14:06:36.738+0300: 397.642: Application time: 0.4435334 seconds
2024-10-04T14:06:36.738+0300: 397.642: [GC (Allocation Failure) [PSYoungGen: 192275K->10199K(193536K)] 498545K->317935K(603136K), 0.0033895 secs] [Times: user=0.00 sys=0.00, real=0.00 secs] 
2024-10-04T14:06:36.738+0300: 397.645: Total time for which application threads were stopped: 0.0037107 seconds, Stopping threads took: 0.0001350 seconds
2024-10-04T14:06:37.083+0300: 397.985: Application time: 0.3393005 seconds
2024-10-04T14:06:37.083+0300: 397.985: [GC (Allocation Failure) [PSYoungGen: 192360K->10199K(193536K)] 500096K->319400K(603136K), 0.0040436 secs] [Times: user=0.00 sys=0.00, real=0.00 secs] 
2024-10-04T14:06:37.083+0300: 397.989: Total time for which application threads were stopped: 0.0044137 seconds, Stopping threads took: 0.0002111 seconds
2024-10-04T14:06:37.585+0300: 398.483: Application time: 0.4937564 seconds
2024-10-04T14:06:37.585+0300: 398.483: [GC (Allocation Failure) [PSYoungGen: 192335K->10167K(193536K)] 501536K->321545K(603136K), 0.0046138 secs] [Times: user=0.00 sys=0.00, real=0.00 secs] 
2024-10-04T14:06:37.585+0300: 398.488: Total time for which application threads were stopped: 0.0050003 seconds, Stopping threads took: 0.0001695 seconds
2024-10-04T14:06:38.072+0300: 398.972: Application time: 0.4842304 seconds
2024-10-04T14:06:38.072+0300: 398.972: [GC (Allocation Failure) [PSYoungGen: 192402K->10167K(193536K)] 503780K->322306K(603136K), 0.0030979 secs] [Times: user=0.00 sys=0.00, real=0.00 secs] 
2024-10-04T14:06:38.072+0300: 398.976: Total time for which application threads were stopped: 0.0034442 seconds, Stopping threads took: 0.0002034 seconds
2024-10-04T14:06:38.182+0300: 399.085: Application time: 0.1091246 seconds
2024-10-04T14:06:38.182+0300: 399.085: [GC (Allocation Failure) [PSYoungGen: 192366K->8678K(190976K)] 504505K->323010K(600576K), 0.0026268 secs] [Times: user=0.00 sys=0.00, real=0.00 secs] 
2024-10-04T14:06:38.182+0300: 399.088: Total time for which application threads were stopped: 0.0028793 seconds, Stopping threads took: 0.0000879 seconds
2024-10-04T14:06:38.574+0300: 399.476: Application time: 0.3881861 seconds
2024-10-04T14:06:38.574+0300: 399.476: [GC (Allocation Failure) [PSYoungGen: 190766K->8678K(193024K)] 505098K->324491K(602624K), 0.0027382 secs] [Times: user=0.00 sys=0.00, real=0.00 secs] 
2024-10-04T14:06:38.574+0300: 399.479: Total time for which application threads were stopped: 0.0030004 seconds, Stopping threads took: 0.0000920 seconds
2024-10-04T14:06:39.013+0300: 399.917: Application time: 0.4379838 seconds
2024-10-04T14:06:39.013+0300: 399.917: [GC (Allocation Failure) [PSYoungGen: 189366K->9422K(193024K)] 505179K->326004K(602624K), 0.0023371 secs] [Times: user=0.00 sys=0.00, real=0.00 secs] 
2024-10-04T14:06:39.013+0300: 399.919: Total time for which application threads were stopped: 0.0027601 seconds, Stopping threads took: 0.0002033 seconds
2024-10-04T14:06:39.358+0300: 400.261: Application time: 0.3419965 seconds
2024-10-04T14:06:39.358+0300: 400.262: [GC (Allocation Failure) [PSYoungGen: 190140K->10879K(192512K)] 506721K->328222K(602112K), 0.0031014 secs] [Times: user=0.02 sys=0.00, real=0.01 secs] 
2024-10-04T14:06:39.367+0300: 400.265: Total time for which application threads were stopped: 0.0033596 seconds, Stopping threads took: 0.0000934 seconds
2024-10-04T14:06:39.767+0300: 400.667: Application time: 0.4020184 seconds
2024-10-04T14:06:39.767+0300: 400.667: [GC (Allocation Failure) [PSYoungGen: 191611K->9423K(193024K)] 508954K->329671K(602624K), 0.0032045 secs] [Times: user=0.00 sys=0.00, real=0.00 secs] 
2024-10-04T14:06:39.767+0300: 400.670: Total time for which application threads were stopped: 0.0034790 seconds, Stopping threads took: 0.0001336 seconds
2024-10-04T14:06:40.269+0300: 401.180: Application time: 0.5094086 seconds
2024-10-04T14:06:40.269+0300: 401.180: [GC (Allocation Failure) [PSYoungGen: 190137K->9455K(193536K)] 510386K->331176K(603136K), 0.0031950 secs] [Times: user=0.01 sys=0.00, real=0.02 secs] 
2024-10-04T14:06:40.285+0300: 401.183: Total time for which application threads were stopped: 0.0035617 seconds, Stopping threads took: 0.0002245 seconds
2024-10-04T14:06:40.536+0300: 401.436: Application time: 0.2522544 seconds
2024-10-04T14:06:40.536+0300: 401.436: [GC (Allocation Failure) [PSYoungGen: 190931K->10071K(193024K)] 512653K->332569K(602624K), 0.0026657 secs] [Times: user=0.06 sys=0.00, real=0.00 secs] 
2024-10-04T14:06:40.536+0300: 401.439: Total time for which application threads were stopped: 0.0029722 seconds, Stopping threads took: 0.0001476 seconds
2024-10-04T14:06:40.912+0300: 401.811: Application time: 0.3726880 seconds
2024-10-04T14:06:40.912+0300: 401.812: [GC (Allocation Failure) [PSYoungGen: 191455K->9487K(193536K)] 513954K->334162K(603136K), 0.0034780 secs] [Times: user=0.00 sys=0.00, real=0.00 secs] 
2024-10-04T14:06:40.912+0300: 401.815: Total time for which application threads were stopped: 0.0038157 seconds, Stopping threads took: 0.0001985 seconds
2024-10-04T14:06:41.336+0300: 402.238: Application time: 0.4226414 seconds
2024-10-04T14:06:41.336+0300: 402.238: [GC (Allocation Failure) [PSYoungGen: 191626K->9390K(193536K)] 516302K->334843K(603136K), 0.0022192 secs] [Times: user=0.00 sys=0.00, real=0.00 secs] 
2024-10-04T14:06:41.336+0300: 402.240: Total time for which application threads were stopped: 0.0025170 seconds, Stopping threads took: 0.0001617 seconds
2024-10-04T14:06:41.681+0300: 402.587: Application time: 0.3468642 seconds
2024-10-04T14:06:41.681+0300: 402.587: [GC (Allocation Failure) [PSYoungGen: 191519K->9455K(193536K)] 516971K->337092K(603136K), 0.0036478 secs] [Times: user=0.00 sys=0.00, real=0.00 secs] 
2024-10-04T14:06:41.681+0300: 402.591: Total time for which application threads were stopped: 0.0039695 seconds, Stopping threads took: 0.0001887 seconds
2024-10-04T14:06:42.073+0300: 402.970: Application time: 0.3793618 seconds
2024-10-04T14:06:42.073+0300: 402.971: [GC (Allocation Failure) [PSYoungGen: 191708K->9454K(193536K)] 519346K->338565K(603136K), 0.0024002 secs] [Times: user=0.00 sys=0.00, real=0.00 secs] 
2024-10-04T14:06:42.073+0300: 402.973: Total time for which application threads were stopped: 0.0027080 seconds, Stopping threads took: 0.0001708 seconds
2024-10-04T14:06:42.449+0300: 403.353: Application time: 0.3793808 seconds
2024-10-04T14:06:42.449+0300: 403.353: [GC (Allocation Failure) [PSYoungGen: 191699K->9391K(194048K)] 520810K->339983K(603648K), 0.0029312 secs] [Times: user=0.00 sys=0.00, real=0.00 secs] 
2024-10-04T14:06:42.449+0300: 403.356: Total time for which application threads were stopped: 0.0032340 seconds, Stopping threads took: 0.0001211 seconds
2024-10-04T14:06:42.810+0300: 403.719: Application time: 0.3628390 seconds
2024-10-04T14:06:42.810+0300: 403.719: [GC (Allocation Failure) [PSYoungGen: 191603K->9422K(193536K)] 522195K->341488K(603136K), 0.0025297 secs] [Times: user=0.00 sys=0.00, real=0.00 secs] 
2024-10-04T14:06:42.810+0300: 403.721: Total time for which application threads were stopped: 0.0028690 seconds, Stopping threads took: 0.0002024 seconds
2024-10-04T14:06:43.187+0300: 404.087: Application time: 0.3654044 seconds
2024-10-04T14:06:43.187+0300: 404.087: [GC (Allocation Failure) [PSYoungGen: 191568K->9454K(194048K)] 523633K->342993K(603648K), 0.0028631 secs] [Times: user=0.00 sys=0.00, real=0.00 secs] 
2024-10-04T14:06:43.187+0300: 404.090: Total time for which application threads were stopped: 0.0031560 seconds, Stopping threads took: 0.0001632 seconds
2024-10-04T14:06:43.580+0300: 404.485: Application time: 0.3953977 seconds
2024-10-04T14:06:43.580+0300: 404.486: [GC (Allocation Failure) [PSYoungGen: 192340K->9422K(194048K)] 525878K->344434K(603648K), 0.0035427 secs] [Times: user=0.00 sys=0.00, real=0.00 secs] 
2024-10-04T14:06:43.580+0300: 404.489: Total time for which application threads were stopped: 0.0038077 seconds, Stopping threads took: 0.0001041 seconds
2024-10-04T14:06:43.975+0300: 404.876: Application time: 0.3865640 seconds
2024-10-04T14:06:43.975+0300: 404.876: [GC (Allocation Failure) [PSYoungGen: 192311K->9423K(194048K)] 527322K->345907K(603648K), 0.0022356 secs] [Times: user=0.00 sys=0.00, real=0.00 secs] 
2024-10-04T14:06:43.975+0300: 404.878: Total time for which application threads were stopped: 0.0025512 seconds, Stopping threads took: 0.0001853 seconds
2024-10-04T14:06:44.332+0300: 405.243: Application time: 0.3645435 seconds
2024-10-04T14:06:44.332+0300: 405.243: [GC (Allocation Failure) [PSYoungGen: 192719K->10167K(194048K)] 529203K->348124K(603648K), 0.0025216 secs] [Times: user=0.02 sys=0.00, real=0.02 secs] 
2024-10-04T14:06:44.348+0300: 405.246: Total time for which application threads were stopped: 0.0028252 seconds, Stopping threads took: 0.0001660 seconds
2024-10-04T14:06:44.725+0300: 405.625: Application time: 0.3793866 seconds
2024-10-04T14:06:44.725+0300: 405.625: [GC (Allocation Failure) [PSYoungGen: 192804K->8030K(194048K)] 530762K->348172K(603648K), 0.0024043 secs] [Times: user=0.00 sys=0.00, real=0.00 secs] 
2024-10-04T14:06:44.725+0300: 405.628: Total time for which application threads were stopped: 0.0026777 seconds, Stopping threads took: 0.0000991 seconds
2024-10-04T14:06:45.180+0300: 406.087: Application time: 0.4591565 seconds
2024-10-04T14:06:45.180+0300: 406.087: [GC (Allocation Failure) [PSYoungGen: 191287K->8710K(194048K)] 531430K->350366K(603648K), 0.0026465 secs] [Times: user=0.00 sys=0.00, real=0.00 secs] 
2024-10-04T14:06:45.180+0300: 406.090: Total time for which application threads were stopped: 0.0028716 seconds, Stopping threads took: 0.0000779 seconds
2024-10-04T14:06:45.399+0300: 406.304: Application time: 0.2140392 seconds
2024-10-04T14:06:45.399+0300: 406.304: [GC (Allocation Failure) [PSYoungGen: 191348K->10199K(193024K)] 533004K->352576K(602624K), 0.0024901 secs] [Times: user=0.00 sys=0.00, real=0.00 secs] 
2024-10-04T14:06:45.399+0300: 406.307: Total time for which application threads were stopped: 0.0028754 seconds, Stopping threads took: 0.0002105 seconds
2024-10-04T14:06:45.981+0300: 406.877: Application time: 0.5706744 seconds
2024-10-04T14:06:45.981+0300: 406.878: [GC (Allocation Failure) [PSYoungGen: 191944K->10167K(193536K)] 534321K->354045K(603136K), 0.0024048 secs] [Times: user=0.00 sys=0.00, real=0.00 secs] 
2024-10-04T14:06:45.981+0300: 406.880: Total time for which application threads were stopped: 0.0027206 seconds, Stopping threads took: 0.0001464 seconds
2024-10-04T14:06:46.404+0300: 407.302: Application time: 0.4214274 seconds
2024-10-04T14:06:46.404+0300: 407.302: [GC (Allocation Failure) [PSYoungGen: 192303K->9358K(193536K)] 536181K->355406K(603136K), 0.0023971 secs] [Times: user=0.00 sys=0.00, real=0.00 secs] 
2024-10-04T14:06:46.404+0300: 407.304: Total time for which application threads were stopped: 0.0026362 seconds, Stopping threads took: 0.0000808 seconds
2024-10-04T14:06:46.593+0300: 407.502: Application time: 0.1974295 seconds
2024-10-04T14:06:46.593+0300: 407.502: [GC (Allocation Failure) [PSYoungGen: 191265K->8710K(193536K)] 537313K->356230K(603136K), 0.0030221 secs] [Times: user=0.00 sys=0.02, real=0.02 secs] 
2024-10-04T14:06:46.609+0300: 407.505: Total time for which application threads were stopped: 0.0032831 seconds, Stopping threads took: 0.0001051 seconds
2024-10-04T14:06:47.000+0300: 407.899: Application time: 0.3943755 seconds
2024-10-04T14:06:47.000+0300: 407.900: [GC (Allocation Failure) [PSYoungGen: 190841K->10103K(193536K)] 538361K->358412K(603136K), 0.0032375 secs] [Times: user=0.00 sys=0.00, real=0.00 secs] 
2024-10-04T14:06:47.000+0300: 407.903: Total time for which application threads were stopped: 0.0035780 seconds, Stopping threads took: 0.0001735 seconds
2024-10-04T14:06:47.330+0300: 408.241: Application time: 0.3377375 seconds
2024-10-04T14:06:47.330+0300: 408.241: [GC (Allocation Failure) [PSYoungGen: 192300K->10199K(193536K)] 540609K->359973K(603136K), 0.0035900 secs] [Times: user=0.03 sys=0.00, real=0.02 secs] 
2024-10-04T14:06:47.345+0300: 408.245: Total time for which application threads were stopped: 0.0038835 seconds, Stopping threads took: 0.0001627 seconds
2024-10-04T14:06:47.847+0300: 408.754: Application time: 0.5095576 seconds
2024-10-04T14:06:47.847+0300: 408.754: [GC (Allocation Failure) [PSYoungGen: 192320K->10880K(192512K)] 542094K->362119K(602112K), 0.0029983 secs] [Times: user=0.00 sys=0.00, real=0.00 secs] 
2024-10-04T14:06:47.847+0300: 408.758: Total time for which application threads were stopped: 0.0034461 seconds, Stopping threads took: 0.0002724 seconds
2024-10-04T14:06:48.350+0300: 409.261: Application time: 0.5034663 seconds
2024-10-04T14:06:48.350+0300: 409.261: [GC (Allocation Failure) [PSYoungGen: 191882K->9423K(193024K)] 543121K->362855K(602624K), 0.0025995 secs] [Times: user=0.03 sys=0.00, real=0.02 secs] 
2024-10-04T14:06:48.366+0300: 409.264: Total time for which application threads were stopped: 0.0029227 seconds, Stopping threads took: 0.0001555 seconds
2024-10-04T14:06:48.742+0300: 409.642: Application time: 0.3780973 seconds
2024-10-04T14:06:48.742+0300: 409.642: [GC (Allocation Failure) [PSYoungGen: 190126K->9423K(193536K)] 543559K->364304K(603136K), 0.0024505 secs] [Times: user=0.00 sys=0.00, real=0.00 secs] 
2024-10-04T14:06:48.742+0300: 409.645: Total time for which application threads were stopped: 0.0027866 seconds, Stopping threads took: 0.0001740 seconds
2024-10-04T14:06:48.790+0300: 409.688: Application time: 0.0431052 seconds
2024-10-04T14:06:48.790+0300: 409.688: [GC (Allocation Failure) [PSYoungGen: 190594K->8678K(193024K)] 545475K->365049K(602624K), 0.0031115 secs] [Times: user=0.03 sys=0.00, real=0.00 secs] 
2024-10-04T14:06:48.790+0300: 409.691: Total time for which application threads were stopped: 0.0034074 seconds, Stopping threads took: 0.0001437 seconds
2024-10-04T14:06:49.229+0300: 410.135: Application time: 0.4437745 seconds
2024-10-04T14:06:49.229+0300: 410.135: [GC (Allocation Failure) [PSYoungGen: 190022K->10135K(193536K)] 546393K->367302K(603136K), 0.0025597 secs] [Times: user=0.05 sys=0.00, real=0.00 secs] 
2024-10-04T14:06:49.229+0300: 410.138: Total time for which application threads were stopped: 0.0028960 seconds, Stopping threads took: 0.0001661 seconds
2024-10-04T14:06:49.543+0300: 410.442: Application time: 0.3036496 seconds
2024-10-04T14:06:49.543+0300: 410.442: [GC (Allocation Failure) [PSYoungGen: 192276K->9454K(193536K)] 549443K->368095K(603136K), 0.0029148 secs] [Times: user=0.00 sys=0.00, real=0.00 secs] 
2024-10-04T14:06:49.543+0300: 410.445: Total time for which application threads were stopped: 0.0032760 seconds, Stopping threads took: 0.0002263 seconds
2024-10-04T14:06:50.013+0300: 410.923: Application time: 0.4777714 seconds
2024-10-04T14:06:50.013+0300: 410.923: [GC (Allocation Failure) [PSYoungGen: 191583K->10135K(193536K)] 550223K->370961K(603136K), 0.0027805 secs] [Times: user=0.03 sys=0.00, real=0.02 secs] 
2024-10-04T14:06:50.029+0300: 410.926: Total time for which application threads were stopped: 0.0031140 seconds, Stopping threads took: 0.0001816 seconds
2024-10-04T14:06:50.594+0300: 411.498: Application time: 0.5719556 seconds
2024-10-04T14:06:50.594+0300: 411.498: [GC (Allocation Failure) [PSYoungGen: 192342K->10199K(193536K)] 553168K->372490K(603136K), 0.0026065 secs] [Times: user=0.00 sys=0.00, real=0.00 secs] 
2024-10-04T14:06:50.594+0300: 411.501: Total time for which application threads were stopped: 0.0031058 seconds, Stopping threads took: 0.0003390 seconds
2024-10-04T14:06:50.876+0300: 411.780: Application time: 0.2791309 seconds
2024-10-04T14:06:50.876+0300: 411.780: [GC (Allocation Failure) [PSYoungGen: 192446K->8646K(193536K)] 554737K->373147K(603136K), 0.0033704 secs] [Times: user=0.00 sys=0.00, real=0.00 secs] 
2024-10-04T14:06:50.876+0300: 411.784: Total time for which application threads were stopped: 0.0037316 seconds, Stopping threads took: 0.0001978 seconds
2024-10-04T14:06:51.064+0300: 411.965: Application time: 0.1811008 seconds
2024-10-04T14:06:51.064+0300: 411.965: [GC (Allocation Failure) [PSYoungGen: 190806K->9358K(193536K)] 555307K->374627K(603136K), 0.0023392 secs] [Times: user=0.00 sys=0.00, real=0.00 secs] 
2024-10-04T14:06:51.064+0300: 411.968: Total time for which application threads were stopped: 0.0026800 seconds, Stopping threads took: 0.0001864 seconds
2024-10-04T14:06:51.426+0300: 412.335: Application time: 0.3677165 seconds
2024-10-04T14:06:51.426+0300: 412.336: [GC (Allocation Failure) [PSYoungGen: 191446K->8678K(193536K)] 556715K->375436K(603136K), 0.0037195 secs] [Times: user=0.02 sys=0.00, real=0.02 secs] 
2024-10-04T14:06:51.443+0300: 412.339: Total time for which application threads were stopped: 0.0040321 seconds, Stopping threads took: 0.0001758 seconds
2024-10-04T14:06:51.834+0300: 412.737: Application time: 0.3979216 seconds
2024-10-04T14:06:51.834+0300: 412.737: [GC (Allocation Failure) [PSYoungGen: 190807K->9422K(193536K)] 557565K->377654K(603136K), 0.0025940 secs] [Times: user=0.00 sys=0.00, real=0.00 secs] 
2024-10-04T14:06:51.834+0300: 412.740: Total time for which application threads were stopped: 0.0028696 seconds, Stopping threads took: 0.0000991 seconds
2024-10-04T14:06:52.211+0300: 413.109: Application time: 0.3685999 seconds
2024-10-04T14:06:52.211+0300: 413.109: [GC (Allocation Failure) [PSYoungGen: 191584K->10199K(193536K)] 559815K->379895K(603136K), 0.0024489 secs] [Times: user=0.00 sys=0.00, real=0.00 secs] 
2024-10-04T14:06:52.211+0300: 413.111: Total time for which application threads were stopped: 0.0027463 seconds, Stopping threads took: 0.0001486 seconds
2024-10-04T14:06:52.776+0300: 413.675: Application time: 0.5635265 seconds
2024-10-04T14:06:52.776+0300: 413.676: [GC (Allocation Failure) [PSYoungGen: 192388K->9487K(193536K)] 562084K->381360K(603136K), 0.0025901 secs] [Times: user=0.00 sys=0.00, real=0.00 secs] 
2024-10-04T14:06:52.776+0300: 413.678: Total time for which application threads were stopped: 0.0032044 seconds, Stopping threads took: 0.0004528 seconds
2024-10-04T14:06:53.093+0300: 413.996: Application time: 0.3173258 seconds
2024-10-04T14:06:53.093+0300: 413.996: [GC (Allocation Failure) [PSYoungGen: 191689K->9391K(193536K)] 563563K->382754K(603136K), 0.0023826 secs] [Times: user=0.00 sys=0.00, real=0.00 secs] 
2024-10-04T14:06:53.093+0300: 413.998: Total time for which application threads were stopped: 0.0027776 seconds, Stopping threads took: 0.0002315 seconds
2024-10-04T14:06:53.435+0300: 414.341: Application time: 0.3426443 seconds
2024-10-04T14:06:53.435+0300: 414.341: [GC (Allocation Failure) [PSYoungGen: 191482K->10167K(193536K)] 564845K->384290K(603136K), 0.0023204 secs] [Times: user=0.00 sys=0.00, real=0.00 secs] 
2024-10-04T14:06:53.435+0300: 414.344: Total time for which application threads were stopped: 0.0025888 seconds, Stopping threads took: 0.0001254 seconds
2024-10-04T14:06:53.844+0300: 414.747: Application time: 0.4035154 seconds
2024-10-04T14:06:53.844+0300: 414.747: [GC (Allocation Failure) [PSYoungGen: 192007K->9390K(193536K)] 566131K->385715K(603136K), 0.0025430 secs] [Times: user=0.00 sys=0.00, real=0.00 secs] 
2024-10-04T14:06:53.844+0300: 414.750: Total time for which application threads were stopped: 0.0029050 seconds, Stopping threads took: 0.0002073 seconds
2024-10-04T14:06:54.251+0300: 415.148: Application time: 0.3982631 seconds
2024-10-04T14:06:54.251+0300: 415.148: [GC (Allocation Failure) [PSYoungGen: 191142K->10167K(193536K)] 567467K->387281K(603136K), 0.0024011 secs] [Times: user=0.00 sys=0.00, real=0.00 secs] 
2024-10-04T14:06:54.251+0300: 415.151: Total time for which application threads were stopped: 0.0026967 seconds, Stopping threads took: 0.0001488 seconds
2024-10-04T14:06:54.659+0300: 415.568: Application time: 0.4174206 seconds
2024-10-04T14:06:54.659+0300: 415.569: [GC (Allocation Failure) [PSYoungGen: 192314K->10167K(193536K)] 569427K->389442K(603136K), 0.0034820 secs] [Times: user=0.01 sys=0.00, real=0.02 secs] 
2024-10-04T14:06:54.675+0300: 415.572: Total time for which application threads were stopped: 0.0037954 seconds, Stopping threads took: 0.0001341 seconds
2024-10-04T14:06:55.005+0300: 415.916: Application time: 0.3439597 seconds
2024-10-04T14:06:55.020+0300: 415.916: [GC (Allocation Failure) [PSYoungGen: 192387K->9359K(193536K)] 571662K->390827K(603136K), 0.0032158 secs] [Times: user=0.00 sys=0.00, real=0.00 secs] 
2024-10-04T14:06:55.020+0300: 415.920: Total time for which application threads were stopped: 0.0036285 seconds, Stopping threads took: 0.0002504 seconds
2024-10-04T14:06:55.365+0300: 416.267: Application time: 0.3467770 seconds
2024-10-04T14:06:55.365+0300: 416.267: [GC (Allocation Failure) [PSYoungGen: 191555K->9423K(193536K)] 573024K->391668K(603136K), 0.0021423 secs] [Times: user=0.00 sys=0.00, real=0.00 secs] 
2024-10-04T14:06:55.365+0300: 416.269: Total time for which application threads were stopped: 0.0025397 seconds, Stopping threads took: 0.0002645 seconds
2024-10-04T14:06:55.663+0300: 416.574: Application time: 0.3052956 seconds
2024-10-04T14:06:55.678+0300: 416.575: [GC (Allocation Failure) [PSYoungGen: 191278K->10167K(193536K)] 573523K->393885K(603136K), 0.0032596 secs] [Times: user=0.00 sys=0.00, real=0.00 secs] 
2024-10-04T14:06:55.678+0300: 416.578: Total time for which application threads were stopped: 0.0036743 seconds, Stopping threads took: 0.0002602 seconds
2024-10-04T14:06:55.961+0300: 416.859: Application time: 0.2810726 seconds
2024-10-04T14:06:55.961+0300: 416.859: [GC (Allocation Failure) [PSYoungGen: 192336K->9390K(193536K)] 576054K->394622K(603136K), 0.0032605 secs] [Times: user=0.00 sys=0.00, real=0.00 secs] 
2024-10-04T14:06:55.961+0300: 416.863: Total time for which application threads were stopped: 0.0035748 seconds, Stopping threads took: 0.0001839 seconds
2024-10-04T14:06:56.511+0300: 417.409: Application time: 0.5461906 seconds
2024-10-04T14:06:56.511+0300: 417.409: [GC (Allocation Failure) [PSYoungGen: 191139K->10167K(193536K)] 576371K->396151K(603136K), 0.0030404 secs] [Times: user=0.00 sys=0.00, real=0.00 secs] 
2024-10-04T14:06:56.511+0300: 417.412: Total time for which application threads were stopped: 0.0033601 seconds, Stopping threads took: 0.0001402 seconds
2024-10-04T14:06:56.887+0300: 417.793: Application time: 0.3810049 seconds
2024-10-04T14:06:56.887+0300: 417.794: [GC (Allocation Failure) [PSYoungGen: 192335K->10167K(193536K)] 578319K->398305K(603136K), 0.0034305 secs] [Times: user=0.00 sys=0.02, real=0.01 secs] 
2024-10-04T14:06:56.899+0300: 417.797: Total time for which application threads were stopped: 0.0037761 seconds, Stopping threads took: 0.0002022 seconds
2024-10-04T14:06:57.248+0300: 418.146: Application time: 0.3490428 seconds
2024-10-04T14:06:57.248+0300: 418.146: [GC (Allocation Failure) [PSYoungGen: 192340K->9391K(193536K)] 580478K->399722K(603136K), 0.0038031 secs] [Times: user=0.00 sys=0.00, real=0.00 secs] 
2024-10-04T14:06:57.248+0300: 418.150: Total time for which application threads were stopped: 0.0041365 seconds, Stopping threads took: 0.0001851 seconds
2024-10-04T14:06:57.640+0300: 418.545: Application time: 0.3949327 seconds
2024-10-04T14:06:57.640+0300: 418.545: [GC (Allocation Failure) [PSYoungGen: 191534K->8742K(193536K)] 581865K->400546K(603136K), 0.0033595 secs] [Times: user=0.00 sys=0.00, real=0.00 secs] 
2024-10-04T14:06:57.640+0300: 418.549: Total time for which application threads were stopped: 0.0037005 seconds, Stopping threads took: 0.0001939 seconds
2024-10-04T14:06:57.954+0300: 418.852: Application time: 0.3029851 seconds
2024-10-04T14:06:57.954+0300: 418.852: [GC (Allocation Failure) [PSYoungGen: 190592K->10103K(193536K)] 582396K->402675K(603136K), 0.0024852 secs] [Times: user=0.00 sys=0.00, real=0.00 secs] 
2024-10-04T14:06:57.954+0300: 418.855: Total time for which application threads were stopped: 0.0027999 seconds, Stopping threads took: 0.0001783 seconds
2024-10-04T14:06:58.079+0300: 418.986: Application time: 0.1314021 seconds
2024-10-04T14:06:58.079+0300: 418.986: [GC (Allocation Failure) [PSYoungGen: 192260K->8678K(193536K)] 584833K->402772K(603136K), 0.0021684 secs] [Times: user=0.00 sys=0.00, real=0.00 secs] 
2024-10-04T14:06:58.079+0300: 418.989: Total time for which application threads were stopped: 0.0024828 seconds, Stopping threads took: 0.0001746 seconds
2024-10-04T14:06:58.817+0300: 419.718: Application time: 0.7294993 seconds
2024-10-04T14:06:58.817+0300: 419.718: [GC (Allocation Failure) [PSYoungGen: 190412K->10167K(193536K)] 584505K->405726K(603136K), 0.0024725 secs] [Times: user=0.00 sys=0.00, real=0.00 secs] 
2024-10-04T14:06:58.817+0300: 419.721: Total time for which application threads were stopped: 0.0027601 seconds, Stopping threads took: 0.0001384 seconds
2024-10-04T14:06:59.147+0300: 420.054: Application time: 0.3331880 seconds
2024-10-04T14:06:59.147+0300: 420.054: [GC (Allocation Failure) [PSYoungGen: 192161K->10167K(193536K)] 587720K->407167K(603136K), 0.0032394 secs] [Times: user=0.00 sys=0.00, real=0.00 secs] 
2024-10-04T14:06:59.147+0300: 420.058: Total time for which application threads were stopped: 0.0036276 seconds, Stopping threads took: 0.0002381 seconds
2024-10-04T14:06:59.586+0300: 420.488: Application time: 0.4308460 seconds
2024-10-04T14:06:59.586+0300: 420.489: [GC (Allocation Failure) [PSYoungGen: 191902K->8710K(193536K)] 588902K->407940K(603136K), 0.0039618 secs] [Times: user=0.00 sys=0.00, real=0.00 secs] 
2024-10-04T14:06:59.586+0300: 420.493: Total time for which application threads were stopped: 0.0042774 seconds, Stopping threads took: 0.0001407 seconds
2024-10-04T14:06:59.837+0300: 420.744: Application time: 0.2514443 seconds
2024-10-04T14:06:59.837+0300: 420.745: [GC (Allocation Failure) [PSYoungGen: 190641K->9454K(193536K)] 589871K->409420K(603136K), 0.0026295 secs] [Times: user=0.00 sys=0.00, real=0.00 secs] 
2024-10-04T14:06:59.837+0300: 420.747: Total time for which application threads were stopped: 0.0030317 seconds, Stopping threads took: 0.0002382 seconds
2024-10-04T14:07:00.120+0300: 421.020: Application time: 0.2728014 seconds
2024-10-04T14:07:00.120+0300: 421.020: [GC (Allocation Failure) [PSYoungGen: 191600K->9422K(193536K)] 591566K->410189K(603136K), 0.0029928 secs] [Times: user=0.00 sys=0.00, real=0.00 secs] 
2024-10-04T14:07:00.120+0300: 421.023: Total time for which application threads were stopped: 0.0034152 seconds, Stopping threads took: 0.0002460 seconds
2024-10-04T14:07:00.418+0300: 421.325: Application time: 0.3013785 seconds
2024-10-04T14:07:00.429+0300: 421.325: [GC (Allocation Failure) [PSYoungGen: 191516K->10911K(192512K)] 592282K->412431K(602112K), 0.0029778 secs] [Times: user=0.00 sys=0.00, real=0.00 secs] 
2024-10-04T14:07:00.432+0300: 421.328: Total time for which application threads were stopped: 0.0033413 seconds, Stopping threads took: 0.0002156 seconds
2024-10-04T14:07:01.186+0300: 422.095: Application time: 0.7664956 seconds
2024-10-04T14:07:01.186+0300: 422.095: [GC (Allocation Failure) [PSYoungGen: 191653K->8029K(193024K)] 593172K->411022K(602624K), 0.0041078 secs] [Times: user=0.01 sys=0.01, real=0.01 secs] 
2024-10-04T14:07:01.201+0300: 422.099: Total time for which application threads were stopped: 0.0044433 seconds, Stopping threads took: 0.0001926 seconds
2024-10-04T14:07:01.532+0300: 422.435: Application time: 0.3361035 seconds
2024-10-04T14:07:01.532+0300: 422.436: [GC (Allocation Failure) [PSYoungGen: 188767K->10103K(193024K)] 591760K->415289K(602624K), 0.0034642 secs] [Times: user=0.00 sys=0.00, real=0.00 secs] 
2024-10-04T14:07:01.532+0300: 422.439: Total time for which application threads were stopped: 0.0038563 seconds, Stopping threads took: 0.0002015 seconds
2024-10-04T14:07:01.909+0300: 422.805: Application time: 0.3659205 seconds
2024-10-04T14:07:01.909+0300: 422.805: [GC (Allocation Failure) [PSYoungGen: 190883K->9455K(193024K)] 596069K->416121K(602624K), 0.0059231 secs] [Times: user=0.00 sys=0.00, real=0.00 secs] 
2024-10-04T14:07:01.909+0300: 422.811: Total time for which application threads were stopped: 0.0062752 seconds, Stopping threads took: 0.0001978 seconds
2024-10-04T14:07:02.065+0300: 422.970: Application time: 0.1587088 seconds
2024-10-04T14:07:02.065+0300: 422.970: [GC (Allocation Failure) [PSYoungGen: 190203K->9423K(193536K)] 596870K->416866K(603136K), 0.0023290 secs] [Times: user=0.00 sys=0.00, real=0.00 secs] 
2024-10-04T14:07:02.065+0300: 422.973: [Full GC (Ergonomics) [PSYoungGen: 9423K->0K(193536K)] [ParOldGen: 407443K->16916K(409600K)] 416866K->16916K(603136K), [Metaspace: 8311K->8311K(1056768K)], 0.0119141 secs] [Times: user=0.00 sys=0.00, real=0.02 secs] 
2024-10-04T14:07:02.081+0300: 422.985: Total time for which application threads were stopped: 0.0146691 seconds, Stopping threads took: 0.0001484 seconds
2024-10-04T14:07:02.379+0300: 423.279: Application time: 0.2942141 seconds
2024-10-04T14:07:02.379+0300: 423.279: [GC (Allocation Failure) [PSYoungGen: 181364K->8742K(193024K)] 198280K->25658K(602624K), 0.0018600 secs] [Times: user=0.00 sys=0.00, real=0.00 secs] 
2024-10-04T14:07:02.379+0300: 423.281: Total time for which application threads were stopped: 0.0022044 seconds, Stopping threads took: 0.0001453 seconds
2024-10-04T14:07:02.771+0300: 423.675: Application time: 0.3939637 seconds
2024-10-04T14:07:02.771+0300: 423.675: [GC (Allocation Failure) [PSYoungGen: 190075K->10167K(193536K)] 206991K->28556K(603136K), 0.0031806 secs] [Times: user=0.00 sys=0.00, real=0.00 secs] 
2024-10-04T14:07:02.771+0300: 423.679: Total time for which application threads were stopped: 0.0034911 seconds, Stopping threads took: 0.0001697 seconds
2024-10-04T14:07:03.321+0300: 424.219: Application time: 0.5408050 seconds
2024-10-04T14:07:03.321+0300: 424.220: [GC (Allocation Failure) [PSYoungGen: 192316K->9455K(193536K)] 210705K->30029K(603136K), 0.0038923 secs] [Times: user=0.00 sys=0.00, real=0.00 secs] 
2024-10-04T14:07:03.321+0300: 424.224: Total time for which application threads were stopped: 0.0043150 seconds, Stopping threads took: 0.0002917 seconds
2024-10-04T14:07:03.760+0300: 424.670: Application time: 0.4468044 seconds
2024-10-04T14:07:03.760+0300: 424.671: [GC (Allocation Failure) [PSYoungGen: 191631K->10880K(192512K)] 212206K->32920K(602112K), 0.0028911 secs] [Times: user=0.01 sys=0.00, real=0.02 secs] 
2024-10-04T14:07:03.776+0300: 424.674: Total time for which application threads were stopped: 0.0032623 seconds, Stopping threads took: 0.0002366 seconds
2024-10-04T14:07:04.013+0300: 424.910: Application time: 0.2362058 seconds
2024-10-04T14:07:04.013+0300: 424.910: [GC (Allocation Failure) [PSYoungGen: 191637K->9359K(193024K)] 213677K->33592K(602624K), 0.0028673 secs] [Times: user=0.00 sys=0.00, real=0.00 secs] 
2024-10-04T14:07:04.013+0300: 424.913: Total time for which application threads were stopped: 0.0032615 seconds, Stopping threads took: 0.0002236 seconds
2024-10-04T14:07:04.215+0300: 425.127: Application time: 0.2138743 seconds
2024-10-04T14:07:04.231+0300: 425.127: [GC (Allocation Failure) [PSYoungGen: 190057K->9390K(193536K)] 214291K->34401K(603136K), 0.0025464 secs] [Times: user=0.00 sys=0.00, real=0.00 secs] 
2024-10-04T14:07:04.231+0300: 425.130: Total time for which application threads were stopped: 0.0030173 seconds, Stopping threads took: 0.0003121 seconds
2024-10-04T14:07:04.593+0300: 425.498: Application time: 0.3681773 seconds
2024-10-04T14:07:04.593+0300: 425.499: [GC (Allocation Failure) [PSYoungGen: 190755K->10167K(193024K)] 215765K->35937K(602624K), 0.0023108 secs] [Times: user=0.00 sys=0.00, real=0.00 secs] 
2024-10-04T14:07:04.593+0300: 425.501: Total time for which application threads were stopped: 0.0026678 seconds, Stopping threads took: 0.0001286 seconds
2024-10-04T14:07:04.985+0300: 425.894: Application time: 0.3933553 seconds
2024-10-04T14:07:04.985+0300: 425.895: [GC (Allocation Failure) [PSYoungGen: 191567K->9454K(193536K)] 217338K->37411K(603136K), 0.0032733 secs] [Times: user=0.02 sys=0.00, real=0.02 secs] 
2024-10-04T14:07:05.001+0300: 425.898: Total time for which application threads were stopped: 0.0035920 seconds, Stopping threads took: 0.0001770 seconds
2024-10-04T14:07:05.440+0300: 426.346: Application time: 0.4476705 seconds
2024-10-04T14:07:05.440+0300: 426.346: [GC (Allocation Failure) [PSYoungGen: 191620K->10135K(193536K)] 219577K->39565K(603136K), 0.0030141 secs] [Times: user=0.00 sys=0.00, real=0.00 secs] 
2024-10-04T14:07:05.440+0300: 426.349: Total time for which application threads were stopped: 0.0033705 seconds, Stopping threads took: 0.0002100 seconds
2024-10-04T14:07:06.004+0300: 426.906: Application time: 0.5573313 seconds
2024-10-04T14:07:06.004+0300: 426.906: [GC (Allocation Failure) [PSYoungGen: 192359K->10912K(192512K)] 221788K->41093K(602112K), 0.0022798 secs] [Times: user=0.00 sys=0.00, real=0.00 secs] 
2024-10-04T14:07:06.004+0300: 426.909: Total time for which application threads were stopped: 0.0025505 seconds, Stopping threads took: 0.0001264 seconds
2024-10-04T14:07:06.100+0300: 426.998: Application time: 0.0892231 seconds
2024-10-04T14:07:06.100+0300: 426.998: [GC (Allocation Failure) [PSYoungGen: 191656K->9391K(193024K)] 221837K->41782K(602624K), 0.0039070 secs] [Times: user=0.00 sys=0.00, real=0.00 secs] 
2024-10-04T14:07:06.100+0300: 427.002: Total time for which application threads were stopped: 0.0041893 seconds, Stopping threads took: 0.0001540 seconds
2024-10-04T14:07:06.506+0300: 427.406: Application time: 0.4042426 seconds
2024-10-04T14:07:06.506+0300: 427.407: [GC (Allocation Failure) [PSYoungGen: 190038K->8646K(193024K)] 222430K->42518K(602624K), 0.0034956 secs] [Times: user=0.00 sys=0.00, real=0.00 secs] 
2024-10-04T14:07:06.506+0300: 427.410: Total time for which application threads were stopped: 0.0038472 seconds, Stopping threads took: 0.0001582 seconds
2024-10-04T14:07:06.805+0300: 427.710: Application time: 0.3000799 seconds
2024-10-04T14:07:06.805+0300: 427.711: [GC (Allocation Failure) [PSYoungGen: 189697K->10167K(193024K)] 223569K->44800K(602624K), 0.0030139 secs] [Times: user=0.00 sys=0.00, real=0.00 secs] 
2024-10-04T14:07:06.805+0300: 427.714: Total time for which application threads were stopped: 0.0033719 seconds, Stopping threads took: 0.0002183 seconds
2024-10-04T14:07:07.244+0300: 428.143: Application time: 0.4296766 seconds
2024-10-04T14:07:07.244+0300: 428.144: [GC (Allocation Failure) [PSYoungGen: 191184K->10135K(193024K)] 225817K->46269K(602624K), 0.0031393 secs] [Times: user=0.00 sys=0.00, real=0.00 secs] 
2024-10-04T14:07:07.244+0300: 428.147: Total time for which application threads were stopped: 0.0034189 seconds, Stopping threads took: 0.0001363 seconds
2024-10-04T14:07:07.637+0300: 428.539: Application time: 0.3917186 seconds
2024-10-04T14:07:07.637+0300: 428.539: [GC (Allocation Failure) [PSYoungGen: 190878K->8030K(193024K)] 227012K->46309K(602624K), 0.0036150 secs] [Times: user=0.00 sys=0.02, real=0.00 secs] 
2024-10-04T14:07:07.637+0300: 428.543: Total time for which application threads were stopped: 0.0039935 seconds, Stopping threads took: 0.0002032 seconds
2024-10-04T14:07:08.321+0300: 429.220: Application time: 0.6775049 seconds
2024-10-04T14:07:08.321+0300: 429.220: [GC (Allocation Failure) [PSYoungGen: 188726K->10912K(192000K)] 227006K->49944K(601600K), 0.0030234 secs] [Times: user=0.00 sys=0.00, real=0.00 secs] 
2024-10-04T14:07:08.327+0300: 429.224: Total time for which application threads were stopped: 0.0033981 seconds, Stopping threads took: 0.0001796 seconds
2024-10-04T14:07:08.406+0300: 429.312: Application time: 0.0889290 seconds
2024-10-04T14:07:08.406+0300: 429.313: [GC (Allocation Failure) [PSYoungGen: 190895K->9327K(192512K)] 229927K->50568K(602112K), 0.0043344 secs] [Times: user=0.00 sys=0.00, real=0.02 secs] 
2024-10-04T14:07:08.421+0300: 429.317: Total time for which application threads were stopped: 0.0047457 seconds, Stopping threads took: 0.0002426 seconds
2024-10-04T14:07:08.782+0300: 429.692: Application time: 0.3745531 seconds
2024-10-04T14:07:08.782+0300: 429.692: [GC (Allocation Failure) [PSYoungGen: 189239K->10103K(193024K)] 230481K->52113K(602624K), 0.0027741 secs] [Times: user=0.00 sys=0.02, real=0.02 secs] 
2024-10-04T14:07:08.798+0300: 429.695: Total time for which application threads were stopped: 0.0030385 seconds, Stopping threads took: 0.0000985 seconds
2024-10-04T14:07:08.955+0300: 429.863: Application time: 0.1681907 seconds
2024-10-04T14:07:08.955+0300: 429.863: [GC (Allocation Failure) [PSYoungGen: 191198K->9422K(193024K)] 233209K->53618K(602624K), 0.0039399 secs] [Times: user=0.00 sys=0.01, real=0.02 secs] 
2024-10-04T14:07:08.970+0300: 429.867: Total time for which application threads were stopped: 0.0042995 seconds, Stopping threads took: 0.0002286 seconds
2024-10-04T14:07:09.650+0300: 430.547: Application time: 0.6799254 seconds
2024-10-04T14:07:09.651+0300: 430.547: [GC (Allocation Failure) [PSYoungGen: 190440K->9454K(193024K)] 234636K->54443K(602624K), 0.0021534 secs] [Times: user=0.00 sys=0.00, real=0.00 secs] 
2024-10-04T14:07:09.654+0300: 430.550: Total time for which application threads were stopped: 0.0025290 seconds, Stopping threads took: 0.0000909 seconds
2024-10-04T14:07:10.024+0300: 430.928: Application time: 0.3782732 seconds
2024-10-04T14:07:10.024+0300: 430.928: [GC (Allocation Failure) [PSYoungGen: 190258K->9423K(193024K)] 235247K->55852K(602624K), 0.0022836 secs] [Times: user=0.00 sys=0.00, real=0.00 secs] 
2024-10-04T14:07:10.024+0300: 430.931: Total time for which application threads were stopped: 0.0025668 seconds, Stopping threads took: 0.0001384 seconds
2024-10-04T14:07:10.368+0300: 431.274: Application time: 0.3437107 seconds
2024-10-04T14:07:10.368+0300: 431.275: [GC (Allocation Failure) [PSYoungGen: 190184K->9391K(193536K)] 236614K->58006K(603136K), 0.0025750 secs] [Times: user=0.00 sys=0.00, real=0.00 secs] 
2024-10-04T14:07:10.368+0300: 431.277: Total time for which application threads were stopped: 0.0029344 seconds, Stopping threads took: 0.0002265 seconds
2024-10-04T14:07:10.760+0300: 431.667: Application time: 0.3894437 seconds
2024-10-04T14:07:10.760+0300: 431.667: [GC (Allocation Failure) [PSYoungGen: 191583K->9455K(193536K)] 240199K->58838K(603136K), 0.0026381 secs] [Times: user=0.00 sys=0.00, real=0.00 secs] 
2024-10-04T14:07:10.760+0300: 431.670: Total time for which application threads were stopped: 0.0031431 seconds, Stopping threads took: 0.0003386 seconds
2024-10-04T14:07:11.074+0300: 431.982: Application time: 0.3125292 seconds
2024-10-04T14:07:11.074+0300: 431.983: [GC (Allocation Failure) [PSYoungGen: 191315K->10879K(192512K)] 240699K->61024K(602112K), 0.0030148 secs] [Times: user=0.00 sys=0.00, real=0.02 secs] 
2024-10-04T14:07:11.090+0300: 431.986: Total time for which application threads were stopped: 0.0034023 seconds, Stopping threads took: 0.0002340 seconds
2024-10-04T14:07:11.168+0300: 432.076: Application time: 0.0900371 seconds
2024-10-04T14:07:11.168+0300: 432.076: [GC (Allocation Failure) [PSYoungGen: 191564K->9358K(193024K)] 241709K->61732K(602624K), 0.0029659 secs] [Times: user=0.00 sys=0.00, real=0.00 secs] 
2024-10-04T14:07:11.168+0300: 432.079: Total time for which application threads were stopped: 0.0033200 seconds, Stopping threads took: 0.0002107 seconds
2024-10-04T14:07:11.921+0300: 432.820: Application time: 0.7405990 seconds
2024-10-04T14:07:11.921+0300: 432.820: [GC (Allocation Failure) [PSYoungGen: 190365K->10167K(193536K)] 242739K->63301K(603136K), 0.0020515 secs] [Times: user=0.00 sys=0.00, real=0.00 secs] 
2024-10-04T14:07:11.921+0300: 432.822: Total time for which application threads were stopped: 0.0023951 seconds, Stopping threads took: 0.0002085 seconds
2024-10-04T14:07:12.266+0300: 433.174: Application time: 0.3515089 seconds
2024-10-04T14:07:12.266+0300: 433.174: [GC (Allocation Failure) [PSYoungGen: 192389K->10103K(193536K)] 245523K->65407K(603136K), 0.0036235 secs] [Times: user=0.00 sys=0.00, real=0.00 secs] 
2024-10-04T14:07:12.266+0300: 433.178: Total time for which application threads were stopped: 0.0039996 seconds, Stopping threads took: 0.0002293 seconds
2024-10-04T14:07:12.645+0300: 433.553: Application time: 0.3756748 seconds
2024-10-04T14:07:12.645+0300: 433.554: [GC (Allocation Failure) [PSYoungGen: 192265K->8678K(192512K)] 247569K->66176K(602112K), 0.0032591 secs] [Times: user=0.02 sys=0.02, real=0.01 secs] 
2024-10-04T14:07:12.659+0300: 433.557: Total time for which application threads were stopped: 0.0036688 seconds, Stopping threads took: 0.0001991 seconds
2024-10-04T14:07:12.910+0300: 433.810: Application time: 0.2533629 seconds
2024-10-04T14:07:12.910+0300: 433.811: [GC (Allocation Failure) [PSYoungGen: 189885K->9486K(193024K)] 247383K->67040K(602624K), 0.0018519 secs] [Times: user=0.00 sys=0.00, real=0.00 secs] 
2024-10-04T14:07:12.910+0300: 433.813: Total time for which application threads were stopped: 0.0021609 seconds, Stopping threads took: 0.0001655 seconds
2024-10-04T14:07:13.286+0300: 434.189: Application time: 0.3765019 seconds
2024-10-04T14:07:13.286+0300: 434.189: [GC (Allocation Failure) [PSYoungGen: 190195K->10135K(193536K)] 247748K->69206K(603136K), 0.0039907 secs] [Times: user=0.00 sys=0.00, real=0.00 secs] 
2024-10-04T14:07:13.286+0300: 434.193: Total time for which application threads were stopped: 0.0043506 seconds, Stopping threads took: 0.0002101 seconds
2024-10-04T14:07:13.411+0300: 434.317: Application time: 0.1239011 seconds
2024-10-04T14:07:13.411+0300: 434.318: [GC (Allocation Failure) [PSYoungGen: 192259K->9390K(193536K)] 251330K->69950K(603136K), 0.0037105 secs] [Times: user=0.00 sys=0.00, real=0.00 secs] 
2024-10-04T14:07:13.411+0300: 434.321: Total time for which application threads were stopped: 0.0040378 seconds, Stopping threads took: 0.0001852 seconds
2024-10-04T14:07:14.054+0300: 434.963: Application time: 0.6420455 seconds
2024-10-04T14:07:14.054+0300: 434.964: [GC (Allocation Failure) [PSYoungGen: 191477K->10879K(192512K)] 252036K->72920K(602112K), 0.0024237 secs] [Times: user=0.00 sys=0.00, real=0.02 secs] 
2024-10-04T14:07:14.070+0300: 434.966: Total time for which application threads were stopped: 0.0028596 seconds, Stopping threads took: 0.0002909 seconds
2024-10-04T14:07:14.525+0300: 435.425: Application time: 0.4584614 seconds
2024-10-04T14:07:14.525+0300: 435.425: [GC (Allocation Failure) [PSYoungGen: 191914K->10167K(193024K)] 253955K->74386K(602624K), 0.0028620 secs] [Times: user=0.00 sys=0.00, real=0.00 secs] 
2024-10-04T14:07:14.525+0300: 435.428: Total time for which application threads were stopped: 0.0032132 seconds, Stopping threads took: 0.0001990 seconds
2024-10-04T14:07:14.870+0300: 435.776: Application time: 0.3481766 seconds
2024-10-04T14:07:14.870+0300: 435.776: [GC (Allocation Failure) [PSYoungGen: 190908K->8678K(193024K)] 255127K->75066K(602624K), 0.0035913 secs] [Times: user=0.00 sys=0.00, real=0.00 secs] 
2024-10-04T14:07:14.870+0300: 435.780: Total time for which application threads were stopped: 0.0039236 seconds, Stopping threads took: 0.0001765 seconds
2024-10-04T14:07:15.027+0300: 435.929: Application time: 0.1488713 seconds
2024-10-04T14:07:15.027+0300: 435.929: [GC (Allocation Failure) [PSYoungGen: 189849K->8742K(193024K)] 256237K->75899K(602624K), 0.0023424 secs] [Times: user=0.00 sys=0.00, real=0.01 secs] 
2024-10-04T14:07:15.033+0300: 435.932: Total time for which application threads were stopped: 0.0026981 seconds, Stopping threads took: 0.0001786 seconds
2024-10-04T14:07:15.404+0300: 436.310: Application time: 0.3781562 seconds
2024-10-04T14:07:15.404+0300: 436.310: [GC (Allocation Failure) [PSYoungGen: 189453K->10879K(193024K)] 256609K->78128K(602624K), 0.0023351 secs] [Times: user=0.00 sys=0.00, real=0.00 secs] 
2024-10-04T14:07:15.404+0300: 436.312: Total time for which application threads were stopped: 0.0027366 seconds, Stopping threads took: 0.0002496 seconds
2024-10-04T14:07:15.656+0300: 436.558: Application time: 0.2459354 seconds
2024-10-04T14:07:15.656+0300: 436.559: [GC (Allocation Failure) [PSYoungGen: 191858K->9454K(193024K)] 259107K->78880K(602624K), 0.0023283 secs] [Times: user=0.00 sys=0.00, real=0.00 secs] 
2024-10-04T14:07:15.656+0300: 436.561: Total time for which application threads were stopped: 0.0026777 seconds, Stopping threads took: 0.0001806 seconds
2024-10-04T14:07:16.299+0300: 437.204: Application time: 0.6426372 seconds
2024-10-04T14:07:16.299+0300: 437.204: [GC (Allocation Failure) [PSYoungGen: 190109K->10880K(192000K)] 259535K->81779K(601600K), 0.0027778 secs] [Times: user=0.00 sys=0.00, real=0.00 secs] 
2024-10-04T14:07:16.299+0300: 437.207: Total time for which application threads were stopped: 0.0030174 seconds, Stopping threads took: 0.0000767 seconds
2024-10-04T14:07:16.785+0300: 437.691: Application time: 0.4842213 seconds
2024-10-04T14:07:16.785+0300: 437.691: [GC (Allocation Failure) [PSYoungGen: 190575K->10103K(192512K)] 261474K->82483K(602112K), 0.0024715 secs] [Times: user=0.00 sys=0.00, real=0.00 secs] 
2024-10-04T14:07:16.785+0300: 437.694: Total time for which application threads were stopped: 0.0028102 seconds, Stopping threads took: 0.0001829 seconds
2024-10-04T14:07:17.193+0300: 438.092: Application time: 0.3981887 seconds
2024-10-04T14:07:17.193+0300: 438.092: [GC (Allocation Failure) [PSYoungGen: 189658K->9454K(193024K)] 262038K->83308K(602624K), 0.0027784 secs] [Times: user=0.00 sys=0.00, real=0.00 secs] 
2024-10-04T14:07:17.193+0300: 438.095: Total time for which application threads were stopped: 0.0031319 seconds, Stopping threads took: 0.0001865 seconds
2024-10-04T14:07:17.338+0300: 438.244: Application time: 0.1490856 seconds
2024-10-04T14:07:17.338+0300: 438.245: [GC (Allocation Failure) [PSYoungGen: 190617K->8742K(193024K)] 264470K->84044K(602624K), 0.0021622 secs] [Times: user=0.00 sys=0.00, real=0.01 secs] 
2024-10-04T14:07:17.350+0300: 438.247: Total time for which application threads were stopped: 0.0025501 seconds, Stopping threads took: 0.0002303 seconds
2024-10-04T14:07:17.601+0300: 438.502: Application time: 0.2551115 seconds
2024-10-04T14:07:17.601+0300: 438.502: [GC (Allocation Failure) [PSYoungGen: 189438K->9390K(193024K)] 264740K->86206K(602624K), 0.0033080 secs] [Times: user=0.00 sys=0.00, real=0.00 secs] 
2024-10-04T14:07:17.601+0300: 438.506: Total time for which application threads were stopped: 0.0036406 seconds, Stopping threads took: 0.0001533 seconds
2024-10-04T14:07:18.024+0300: 438.925: Application time: 0.4198633 seconds
2024-10-04T14:07:18.024+0300: 438.926: [GC (Allocation Failure) [PSYoungGen: 189992K->9422K(193024K)] 266808K->87703K(602624K), 0.0031035 secs] [Times: user=0.00 sys=0.00, real=0.00 secs] 
2024-10-04T14:07:18.024+0300: 438.929: Total time for which application threads were stopped: 0.0034501 seconds, Stopping threads took: 0.0001934 seconds
2024-10-04T14:07:18.606+0300: 439.508: Application time: 0.5788509 seconds
2024-10-04T14:07:18.606+0300: 439.508: [GC (Allocation Failure) [PSYoungGen: 190137K->10103K(193024K)] 268418K->89881K(602624K), 0.0035692 secs] [Times: user=0.00 sys=0.00, real=0.00 secs] 
2024-10-04T14:07:18.606+0300: 439.512: Total time for which application threads were stopped: 0.0039726 seconds, Stopping threads took: 0.0002501 seconds
2024-10-04T14:07:19.141+0300: 440.048: Application time: 0.5363567 seconds
2024-10-04T14:07:19.141+0300: 440.048: [GC (Allocation Failure) [PSYoungGen: 190820K->9487K(193024K)] 270598K->90737K(602624K), 0.0031541 secs] [Times: user=0.02 sys=0.00, real=0.01 secs] 
2024-10-04T14:07:19.155+0300: 440.052: Total time for which application threads were stopped: 0.0035291 seconds, Stopping threads took: 0.0002422 seconds
2024-10-04T14:07:19.579+0300: 440.475: Application time: 0.4234422 seconds
2024-10-04T14:07:19.579+0300: 440.475: [GC (Allocation Failure) [PSYoungGen: 190489K->9390K(193536K)] 271740K->92130K(603136K), 0.0021117 secs] [Times: user=0.02 sys=0.00, real=0.00 secs] 
2024-10-04T14:07:19.579+0300: 440.478: Total time for which application threads were stopped: 0.0025645 seconds, Stopping threads took: 0.0003224 seconds
2024-10-04T14:07:19.751+0300: 440.661: Application time: 0.1836910 seconds
2024-10-04T14:07:19.751+0300: 440.662: [GC (Allocation Failure) [PSYoungGen: 191241K->9422K(193536K)] 273980K->93635K(603136K), 0.0034248 secs] [Times: user=0.00 sys=0.01, real=0.02 secs] 
2024-10-04T14:07:19.767+0300: 440.665: Total time for which application threads were stopped: 0.0038162 seconds, Stopping threads took: 0.0002274 seconds
2024-10-04T14:07:20.018+0300: 440.926: Application time: 0.2606669 seconds
2024-10-04T14:07:20.018+0300: 440.926: [GC (Allocation Failure) [PSYoungGen: 191171K->10071K(193536K)] 275383K->95096K(603136K), 0.0028087 secs] [Times: user=0.00 sys=0.00, real=0.00 secs] 
2024-10-04T14:07:20.018+0300: 440.929: Total time for which application threads were stopped: 0.0031860 seconds, Stopping threads took: 0.0002133 seconds
2024-10-04T14:07:20.441+0300: 441.338: Application time: 0.4091043 seconds
2024-10-04T14:07:20.441+0300: 441.338: [GC (Allocation Failure) [PSYoungGen: 192162K->9486K(193536K)] 277187K->96657K(603136K), 0.0031746 secs] [Times: user=0.00 sys=0.00, real=0.00 secs] 
2024-10-04T14:07:20.443+0300: 441.342: Total time for which application threads were stopped: 0.0035219 seconds, Stopping threads took: 0.0001487 seconds
2024-10-04T14:07:21.021+0300: 441.931: Application time: 0.5891937 seconds
2024-10-04T14:07:21.021+0300: 441.931: [GC (Allocation Failure) [PSYoungGen: 191610K->10912K(193536K)] 278781K->99548K(603136K), 0.0031950 secs] [Times: user=0.02 sys=0.00, real=0.02 secs] 
2024-10-04T14:07:21.037+0300: 441.934: Total time for which application threads were stopped: 0.0036047 seconds, Stopping threads took: 0.0002657 seconds
2024-10-04T14:07:21.382+0300: 442.284: Application time: 0.3492368 seconds
2024-10-04T14:07:21.382+0300: 442.284: [GC (Allocation Failure) [PSYoungGen: 193177K->9391K(193536K)] 281813K->100220K(603136K), 0.0030181 secs] [Times: user=0.00 sys=0.00, real=0.00 secs] 
2024-10-04T14:07:21.382+0300: 442.287: Total time for which application threads were stopped: 0.0034984 seconds, Stopping threads took: 0.0003236 seconds
2024-10-04T14:07:21.853+0300: 442.755: Application time: 0.4680629 seconds
2024-10-04T14:07:21.853+0300: 442.756: [GC (Allocation Failure) [PSYoungGen: 191563K->10167K(193536K)] 282392K->101757K(603136K), 0.0026968 secs] [Times: user=0.00 sys=0.00, real=0.00 secs] 
2024-10-04T14:07:21.853+0300: 442.758: Total time for which application threads were stopped: 0.0031112 seconds, Stopping threads took: 0.0002406 seconds
2024-10-04T14:07:21.963+0300: 442.871: Application time: 0.1127682 seconds
2024-10-04T14:07:21.963+0300: 442.871: [GC (Allocation Failure) [PSYoungGen: 192133K->9454K(193536K)] 283723K->102518K(603136K), 0.0026461 secs] [Times: user=0.00 sys=0.00, real=0.00 secs] 
2024-10-04T14:07:21.963+0300: 442.874: Total time for which application threads were stopped: 0.0031173 seconds, Stopping threads took: 0.0002651 seconds
2024-10-04T14:07:22.465+0300: 443.365: Application time: 0.4904550 seconds
2024-10-04T14:07:22.465+0300: 443.365: [GC (Allocation Failure) [PSYoungGen: 191198K->9422K(193536K)] 284261K->103991K(603136K), 0.0031162 secs] [Times: user=0.00 sys=0.00, real=0.00 secs] 
2024-10-04T14:07:22.465+0300: 443.368: Total time for which application threads were stopped: 0.0033962 seconds, Stopping threads took: 0.0001142 seconds
2024-10-04T14:07:22.848+0300: 443.750: Application time: 0.3823426 seconds
2024-10-04T14:07:22.848+0300: 443.751: [GC (Allocation Failure) [PSYoungGen: 191581K->9486K(193536K)] 286149K->105488K(603136K), 0.0025673 secs] [Times: user=0.00 sys=0.00, real=0.00 secs] 
2024-10-04T14:07:22.848+0300: 443.753: Total time for which application threads were stopped: 0.0029615 seconds, Stopping threads took: 0.0002026 seconds
2024-10-04T14:07:23.219+0300: 444.123: Application time: 0.3692357 seconds
2024-10-04T14:07:23.219+0300: 444.123: [GC (Allocation Failure) [PSYoungGen: 191647K->10880K(193536K)] 287649K->108354K(603136K), 0.0034884 secs] [Times: user=0.00 sys=0.00, real=0.00 secs] 
2024-10-04T14:07:23.219+0300: 444.126: Total time for which application threads were stopped: 0.0038354 seconds, Stopping threads took: 0.0001878 seconds
2024-10-04T14:07:23.596+0300: 444.504: Application time: 0.3774974 seconds
2024-10-04T14:07:23.596+0300: 444.504: [GC (Allocation Failure) [PSYoungGen: 193037K->8646K(190976K)] 290511K->109027K(600576K), 0.0035728 secs] [Times: user=0.00 sys=0.00, real=0.02 secs] 
2024-10-04T14:07:23.612+0300: 444.508: Total time for which application threads were stopped: 0.0039072 seconds, Stopping threads took: 0.0001685 seconds
2024-10-04T14:07:24.020+0300: 444.929: Application time: 0.4212434 seconds
2024-10-04T14:07:24.020+0300: 444.929: [GC (Allocation Failure) [PSYoungGen: 190884K->9391K(193536K)] 291264K->110540K(603136K), 0.0029253 secs] [Times: user=0.02 sys=0.00, real=0.02 secs] 
2024-10-04T14:07:24.036+0300: 444.932: Total time for which application threads were stopped: 0.0033017 seconds, Stopping threads took: 0.0002175 seconds
2024-10-04T14:07:24.145+0300: 445.043: Application time: 0.1103898 seconds
2024-10-04T14:07:24.145+0300: 445.043: [GC (Allocation Failure) [PSYoungGen: 190566K->9454K(193024K)] 291715K->111372K(602624K), 0.0028341 secs] [Times: user=0.00 sys=0.00, real=0.00 secs] 
2024-10-04T14:07:24.145+0300: 445.046: Total time for which application threads were stopped: 0.0031348 seconds, Stopping threads took: 0.0001716 seconds
2024-10-04T14:07:24.632+0300: 445.536: Application time: 0.4905444 seconds
2024-10-04T14:07:24.632+0300: 445.537: [GC (Allocation Failure) [PSYoungGen: 190834K->10815K(192512K)] 292751K->114258K(602112K), 0.0032935 secs] [Times: user=0.00 sys=0.00, real=0.00 secs] 
2024-10-04T14:07:24.632+0300: 445.540: Total time for which application threads were stopped: 0.0036894 seconds, Stopping threads took: 0.0001906 seconds
2024-10-04T14:07:25.102+0300: 446.007: Application time: 0.4664800 seconds
2024-10-04T14:07:25.102+0300: 446.007: [GC (Allocation Failure) [PSYoungGen: 191829K->8742K(193024K)] 295272K->114362K(602624K), 0.0034161 secs] [Times: user=0.00 sys=0.00, real=0.00 secs] 
2024-10-04T14:07:25.102+0300: 446.010: Total time for which application threads were stopped: 0.0038380 seconds, Stopping threads took: 0.0002661 seconds
2024-10-04T14:07:25.453+0300: 446.355: Application time: 0.3444213 seconds
2024-10-04T14:07:25.453+0300: 446.355: [GC (Allocation Failure) [PSYoungGen: 189480K->10880K(193024K)] 295100K->117228K(602624K), 0.0028596 secs] [Times: user=0.00 sys=0.00, real=0.00 secs] 
2024-10-04T14:07:25.453+0300: 446.358: Total time for which application threads were stopped: 0.0032149 seconds, Stopping threads took: 0.0002067 seconds
2024-10-04T14:07:25.830+0300: 446.726: Application time: 0.3682809 seconds
2024-10-04T14:07:25.830+0300: 446.727: [GC (Allocation Failure) [PSYoungGen: 191617K->9423K(193024K)] 297966K->118670K(602624K), 0.0044959 secs] [Times: user=0.00 sys=0.00, real=0.00 secs] 
2024-10-04T14:07:25.834+0300: 446.731: Total time for which application threads were stopped: 0.0048654 seconds, Stopping threads took: 0.0001808 seconds
2024-10-04T14:07:26.374+0300: 447.280: Application time: 0.5487237 seconds
2024-10-04T14:07:26.374+0300: 447.280: [GC (Allocation Failure) [PSYoungGen: 190209K->9422K(193024K)] 299455K->120150K(602624K), 0.0036290 secs] [Times: user=0.00 sys=0.00, real=0.00 secs] 
2024-10-04T14:07:26.374+0300: 447.284: Total time for which application threads were stopped: 0.0040232 seconds, Stopping threads took: 0.0002330 seconds
2024-10-04T14:07:26.468+0300: 447.367: Application time: 0.0830219 seconds
2024-10-04T14:07:26.468+0300: 447.367: [GC (Allocation Failure) [PSYoungGen: 190515K->10103K(193024K)] 301243K->121607K(602624K), 0.0028393 secs] [Times: user=0.00 sys=0.00, real=0.00 secs] 
2024-10-04T14:07:26.468+0300: 447.370: Total time for which application threads were stopped: 0.0031964 seconds, Stopping threads took: 0.0002002 seconds
2024-10-04T14:07:26.782+0300: 447.681: Application time: 0.3107511 seconds
2024-10-04T14:07:26.782+0300: 447.681: [GC (Allocation Failure) [PSYoungGen: 190771K->10071K(193024K)] 302276K->123089K(602624K), 0.0033869 secs] [Times: user=0.00 sys=0.00, real=0.00 secs] 
2024-10-04T14:07:26.782+0300: 447.685: Total time for which application threads were stopped: 0.0037865 seconds, Stopping threads took: 0.0002617 seconds
2024-10-04T14:07:27.394+0300: 448.297: Application time: 0.6125122 seconds
2024-10-04T14:07:27.394+0300: 448.298: [GC (Allocation Failure) [PSYoungGen: 190737K->9454K(193024K)] 303754K->123945K(602624K), 0.0039915 secs] [Times: user=0.00 sys=0.00, real=0.00 secs] 
2024-10-04T14:07:27.394+0300: 448.302: Total time for which application threads were stopped: 0.0043529 seconds, Stopping threads took: 0.0002255 seconds
2024-10-04T14:07:27.661+0300: 448.570: Application time: 0.2687863 seconds
2024-10-04T14:07:27.661+0300: 448.571: [GC (Allocation Failure) [PSYoungGen: 190261K->10847K(192512K)] 304751K->126819K(602112K), 0.0039291 secs] [Times: user=0.02 sys=0.00, real=0.02 secs] 
2024-10-04T14:07:27.676+0300: 448.575: Total time for which application threads were stopped: 0.0043115 seconds, Stopping threads took: 0.0001743 seconds
2024-10-04T14:07:28.158+0300: 449.055: Application time: 0.4805705 seconds
2024-10-04T14:07:28.158+0300: 449.056: [GC (Allocation Failure) [PSYoungGen: 191868K->8742K(193024K)] 307840K->126891K(602624K), 0.0035495 secs] [Times: user=0.00 sys=0.00, real=0.00 secs] 
2024-10-04T14:07:28.158+0300: 449.059: Total time for which application threads were stopped: 0.0038212 seconds, Stopping threads took: 0.0001374 seconds
2024-10-04T14:07:28.712+0300: 449.622: Application time: 0.5624571 seconds
2024-10-04T14:07:28.712+0300: 449.622: [GC (Allocation Failure) [PSYoungGen: 189919K->10167K(193024K)] 308068K->129045K(602624K), 0.0030385 secs] [Times: user=0.02 sys=0.00, real=0.02 secs] 
2024-10-04T14:07:28.728+0300: 449.625: Total time for which application threads were stopped: 0.0036110 seconds, Stopping threads took: 0.0003975 seconds
2024-10-04T14:07:28.775+0300: 449.685: Application time: 0.0601455 seconds
2024-10-04T14:07:28.775+0300: 449.686: [GC (Allocation Failure) [PSYoungGen: 190894K->8646K(193024K)] 309772K->129045K(602624K), 0.0035459 secs] [Times: user=0.02 sys=0.00, real=0.01 secs] 
2024-10-04T14:07:28.790+0300: 449.689: Total time for which application threads were stopped: 0.0038960 seconds, Stopping threads took: 0.0002090 seconds
2024-10-04T14:07:28.916+0300: 449.826: Application time: 0.1371365 seconds
2024-10-04T14:07:28.916+0300: 449.827: [GC (Allocation Failure) [PSYoungGen: 189319K->9390K(193024K)] 309718K->131278K(602624K), 0.0033997 secs] [Times: user=0.02 sys=0.00, real=0.02 secs] 
2024-10-04T14:07:28.931+0300: 449.830: Total time for which application threads were stopped: 0.0037295 seconds, Stopping threads took: 0.0001919 seconds
2024-10-04T14:07:29.464+0300: 450.362: Application time: 0.5322138 seconds
2024-10-04T14:07:29.464+0300: 450.363: [GC (Allocation Failure) [PSYoungGen: 190014K->8742K(193024K)] 311902K->132111K(602624K), 0.0030745 secs] [Times: user=0.00 sys=0.00, real=0.00 secs] 
2024-10-04T14:07:29.464+0300: 450.366: Total time for which application threads were stopped: 0.0034157 seconds, Stopping threads took: 0.0002094 seconds
2024-10-04T14:07:29.746+0300: 450.646: Application time: 0.2800684 seconds
2024-10-04T14:07:29.746+0300: 450.646: [GC (Allocation Failure) [PSYoungGen: 189478K->8646K(193024K)] 312846K->132087K(602624K), 0.0019059 secs] [Times: user=0.00 sys=0.00, real=0.00 secs] 
2024-10-04T14:07:29.746+0300: 450.648: Total time for which application threads were stopped: 0.0022571 seconds, Stopping threads took: 0.0001847 seconds
2024-10-04T14:07:30.436+0300: 451.337: Application time: 0.6888142 seconds
2024-10-04T14:07:30.436+0300: 451.337: [GC (Allocation Failure) [PSYoungGen: 189665K->10880K(193024K)] 313106K->135786K(602624K), 0.0030907 secs] [Times: user=0.00 sys=0.00, real=0.00 secs] 
2024-10-04T14:07:30.436+0300: 451.340: Total time for which application threads were stopped: 0.0033536 seconds, Stopping threads took: 0.0000869 seconds
2024-10-04T14:07:30.797+0300: 451.708: Application time: 0.3681840 seconds
2024-10-04T14:07:30.797+0300: 451.709: [GC (Allocation Failure) [PSYoungGen: 191694K->10167K(193024K)] 316600K->137227K(602624K), 0.0036442 secs] [Times: user=0.01 sys=0.00, real=0.02 secs] 
2024-10-04T14:07:30.813+0300: 451.713: Total time for which application threads were stopped: 0.0040805 seconds, Stopping threads took: 0.0002406 seconds
2024-10-04T14:07:30.970+0300: 451.870: Application time: 0.1571070 seconds
2024-10-04T14:07:30.986+0300: 451.882: [GC (Allocation Failure) [PSYoungGen: 191146K->10199K(193024K)] 318206K->138732K(602624K), 0.0035281 secs] [Times: user=0.00 sys=0.00, real=0.00 secs] 
2024-10-04T14:07:30.986+0300: 451.886: Total time for which application threads were stopped: 0.0160989 seconds, Stopping threads took: 0.0123729 seconds
2024-10-04T14:07:31.142+0300: 452.049: Application time: 0.1628206 seconds
2024-10-04T14:07:31.142+0300: 452.049: [GC (Allocation Failure) [PSYoungGen: 191200K->9390K(193024K)] 319733K->139472K(602624K), 0.0033366 secs] [Times: user=0.00 sys=0.00, real=0.00 secs] 
2024-10-04T14:07:31.142+0300: 452.052: Total time for which application threads were stopped: 0.0036560 seconds, Stopping threads took: 0.0001765 seconds
2024-10-04T14:07:31.581+0300: 452.488: Application time: 0.4361317 seconds
2024-10-04T14:07:31.581+0300: 452.489: [GC (Allocation Failure) [PSYoungGen: 190008K->8678K(193024K)] 320089K->140209K(602624K), 0.0028211 secs] [Times: user=0.00 sys=0.00, real=0.00 secs] 
2024-10-04T14:07:31.581+0300: 452.491: Total time for which application threads were stopped: 0.0031073 seconds, Stopping threads took: 0.0001358 seconds
2024-10-04T14:07:32.065+0300: 452.962: Application time: 0.4705447 seconds
2024-10-04T14:07:32.065+0300: 452.962: [GC (Allocation Failure) [PSYoungGen: 189385K->9422K(193024K)] 320916K->141722K(602624K), 0.0027530 secs] [Times: user=0.00 sys=0.00, real=0.00 secs] 
2024-10-04T14:07:32.068+0300: 452.965: Total time for which application threads were stopped: 0.0030557 seconds, Stopping threads took: 0.0001644 seconds
2024-10-04T14:07:32.711+0300: 453.616: Application time: 0.6509144 seconds
2024-10-04T14:07:32.711+0300: 453.616: [GC (Allocation Failure) [PSYoungGen: 190437K->10880K(193024K)] 322737K->144660K(602624K), 0.0033314 secs] [Times: user=0.00 sys=0.00, real=0.00 secs] 
2024-10-04T14:07:32.711+0300: 453.620: Total time for which application threads were stopped: 0.0036177 seconds, Stopping threads took: 0.0001283 seconds
2024-10-04T14:07:33.134+0300: 454.033: Application time: 0.4129937 seconds
2024-10-04T14:07:33.134+0300: 454.033: [GC (Allocation Failure) [PSYoungGen: 191665K->9359K(193024K)] 325446K->146021K(602624K), 0.0040555 secs] [Times: user=0.00 sys=0.00, real=0.00 secs] 
2024-10-04T14:07:33.134+0300: 454.037: Total time for which application threads were stopped: 0.0044365 seconds, Stopping threads took: 0.0002232 seconds
2024-10-04T14:07:33.182+0300: 454.080: Application time: 0.0431363 seconds
2024-10-04T14:07:33.182+0300: 454.080: [GC (Allocation Failure) [PSYoungGen: 189901K->8710K(193024K)] 326563K->146149K(602624K), 0.0027248 secs] [Times: user=0.00 sys=0.00, real=0.00 secs] 
2024-10-04T14:07:33.182+0300: 454.083: Total time for which application threads were stopped: 0.0030696 seconds, Stopping threads took: 0.0002128 seconds
2024-10-04T14:07:33.433+0300: 454.340: Application time: 0.2564241 seconds
2024-10-04T14:07:33.433+0300: 454.340: [GC (Allocation Failure) [PSYoungGen: 189335K->9358K(193024K)] 326774K->148311K(602624K), 0.0030585 secs] [Times: user=0.00 sys=0.00, real=0.00 secs] 
2024-10-04T14:07:33.433+0300: 454.343: Total time for which application threads were stopped: 0.0033824 seconds, Stopping threads took: 0.0001883 seconds
2024-10-04T14:07:33.869+0300: 454.766: Application time: 0.4233801 seconds
2024-10-04T14:07:33.869+0300: 454.767: [GC (Allocation Failure) [PSYoungGen: 189976K->8742K(193024K)] 328928K->149167K(602624K), 0.0033382 secs] [Times: user=0.00 sys=0.00, real=0.00 secs] 
2024-10-04T14:07:33.872+0300: 454.770: Total time for which application threads were stopped: 0.0036590 seconds, Stopping threads took: 0.0001864 seconds
2024-10-04T14:07:34.312+0300: 455.213: Application time: 0.4432978 seconds
2024-10-04T14:07:34.312+0300: 455.214: [GC (Allocation Failure) [PSYoungGen: 189414K->10135K(193024K)] 329839K->151329K(602624K), 0.0029117 secs] [Times: user=0.00 sys=0.00, real=0.00 secs] 
2024-10-04T14:07:34.312+0300: 455.217: Total time for which application threads were stopped: 0.0031787 seconds, Stopping threads took: 0.0001299 seconds
2024-10-04T14:07:35.002+0300: 455.901: Application time: 0.6844846 seconds
2024-10-04T14:07:35.002+0300: 455.901: [GC (Allocation Failure) [PSYoungGen: 191167K->10167K(193024K)] 332361K->153547K(602624K), 0.0041397 secs] [Times: user=0.00 sys=0.00, real=0.00 secs] 
2024-10-04T14:07:35.002+0300: 455.906: Total time for which application threads were stopped: 0.0045507 seconds, Stopping threads took: 0.0002402 seconds
2024-10-04T14:07:35.332+0300: 456.240: Application time: 0.3343252 seconds
2024-10-04T14:07:35.332+0300: 456.240: [GC (Allocation Failure) [PSYoungGen: 190969K->9359K(193024K)] 334349K->154915K(602624K), 0.0043149 secs] [Times: user=0.02 sys=0.00, real=0.01 secs] 
2024-10-04T14:07:35.347+0300: 456.245: Total time for which application threads were stopped: 0.0046031 seconds, Stopping threads took: 0.0001412 seconds
2024-10-04T14:07:35.473+0300: 456.373: Application time: 0.1287915 seconds
2024-10-04T14:07:35.473+0300: 456.374: [GC (Allocation Failure) [PSYoungGen: 190281K->9455K(193024K)] 335838K->156508K(602624K), 0.0034952 secs] [Times: user=0.00 sys=0.00, real=0.00 secs] 
2024-10-04T14:07:35.473+0300: 456.377: Total time for which application threads were stopped: 0.0038837 seconds, Stopping threads took: 0.0002299 seconds
2024-10-04T14:07:35.740+0300: 456.650: Application time: 0.2730297 seconds
2024-10-04T14:07:35.740+0300: 456.651: [GC (Allocation Failure) [PSYoungGen: 190503K->9390K(193536K)] 337557K->157273K(603136K), 0.0028620 secs] [Times: user=0.01 sys=0.00, real=0.02 secs] 
2024-10-04T14:07:35.755+0300: 456.653: Total time for which application threads were stopped: 0.0031534 seconds, Stopping threads took: 0.0001385 seconds
2024-10-04T14:07:36.132+0300: 457.035: Application time: 0.3816446 seconds
2024-10-04T14:07:36.132+0300: 457.035: [GC (Allocation Failure) [PSYoungGen: 191107K->9486K(193536K)] 338990K->158810K(603136K), 0.0036411 secs] [Times: user=0.00 sys=0.00, real=0.00 secs] 
2024-10-04T14:07:36.132+0300: 457.039: Total time for which application threads were stopped: 0.0039937 seconds, Stopping threads took: 0.0001978 seconds
2024-10-04T14:07:36.604+0300: 457.501: Application time: 0.4620767 seconds
2024-10-04T14:07:36.604+0300: 457.501: [GC (Allocation Failure) [PSYoungGen: 191228K->10167K(193536K)] 340552K->160275K(603136K), 0.0021120 secs] [Times: user=0.00 sys=0.00, real=0.00 secs] 
2024-10-04T14:07:36.607+0300: 457.504: Total time for which application threads were stopped: 0.0023821 seconds, Stopping threads took: 0.0001358 seconds
2024-10-04T14:07:37.261+0300: 458.158: Application time: 0.6548056 seconds
2024-10-04T14:07:37.261+0300: 458.159: [GC (Allocation Failure) [PSYoungGen: 191909K->10167K(193536K)] 342017K->162437K(603136K), 0.0032668 secs] [Times: user=0.00 sys=0.00, real=0.01 secs] 
2024-10-04T14:07:37.266+0300: 458.162: Total time for which application threads were stopped: 0.0035690 seconds, Stopping threads took: 0.0001645 seconds
2024-10-04T14:07:37.497+0300: 458.395: Application time: 0.2331124 seconds
2024-10-04T14:07:37.497+0300: 458.395: [GC (Allocation Failure) [PSYoungGen: 192223K->9391K(193536K)] 344493K->163838K(603136K), 0.0039799 secs] [Times: user=0.00 sys=0.00, real=0.00 secs] 
2024-10-04T14:07:37.497+0300: 458.399: Total time for which application threads were stopped: 0.0043882 seconds, Stopping threads took: 0.0001880 seconds
2024-10-04T14:07:37.685+0300: 458.596: Application time: 0.1963553 seconds
2024-10-04T14:07:37.685+0300: 458.596: [GC (Allocation Failure) [PSYoungGen: 191564K->9423K(193536K)] 346011K->164666K(603136K), 0.0030189 secs] [Times: user=0.02 sys=0.00, real=0.02 secs] 
2024-10-04T14:07:37.701+0300: 458.599: Total time for which application threads were stopped: 0.0034353 seconds, Stopping threads took: 0.0002581 seconds
2024-10-04T14:07:38.014+0300: 458.926: Application time: 0.3263329 seconds
2024-10-04T14:07:38.014+0300: 458.926: [GC (Allocation Failure) [PSYoungGen: 191153K->9486K(194048K)] 346397K->165483K(603648K), 0.0026630 secs] [Times: user=0.00 sys=0.00, real=0.02 secs] 
2024-10-04T14:07:38.032+0300: 458.929: Total time for which application threads were stopped: 0.0029437 seconds, Stopping threads took: 0.0001376 seconds
2024-10-04T14:07:38.329+0300: 459.232: Application time: 0.3031514 seconds
2024-10-04T14:07:38.329+0300: 459.232: [GC (Allocation Failure) [PSYoungGen: 191637K->9422K(193536K)] 347634K->166932K(603136K), 0.0029962 secs] [Times: user=0.00 sys=0.00, real=0.00 secs] 
2024-10-04T14:07:38.329+0300: 459.235: Total time for which application threads were stopped: 0.0033095 seconds, Stopping threads took: 0.0001752 seconds
2024-10-04T14:07:38.893+0300: 459.796: Application time: 0.5607781 seconds
2024-10-04T14:07:38.893+0300: 459.796: [GC (Allocation Failure) [PSYoungGen: 191887K->10167K(193024K)] 349397K->169142K(602624K), 0.0036177 secs] [Times: user=0.00 sys=0.01, real=0.01 secs] 
2024-10-04T14:07:38.903+0300: 459.800: Total time for which application threads were stopped: 0.0039100 seconds, Stopping threads took: 0.0001071 seconds
2024-10-04T14:07:39.427+0300: 460.334: Application time: 0.5338783 seconds
2024-10-04T14:07:39.427+0300: 460.334: [GC (Allocation Failure) [PSYoungGen: 192387K->10880K(193536K)] 351361K->171295K(603136K), 0.0030587 secs] [Times: user=0.00 sys=0.00, real=0.00 secs] 
2024-10-04T14:07:39.427+0300: 460.337: Total time for which application threads were stopped: 0.0033751 seconds, Stopping threads took: 0.0001899 seconds
2024-10-04T14:07:39.663+0300: 460.565: Application time: 0.2284640 seconds
2024-10-04T14:07:39.663+0300: 460.566: [GC (Allocation Failure) [PSYoungGen: 192832K->9359K(193536K)] 353247K->171984K(603136K), 0.0040783 secs] [Times: user=0.00 sys=0.00, real=0.00 secs] 
2024-10-04T14:07:39.663+0300: 460.570: Total time for which application threads were stopped: 0.0044155 seconds, Stopping threads took: 0.0002066 seconds
2024-10-04T14:07:39.945+0300: 460.856: Application time: 0.2857178 seconds
2024-10-04T14:07:39.945+0300: 460.856: [GC (Allocation Failure) [PSYoungGen: 191456K->9454K(193536K)] 354081K->172840K(603136K), 0.0030637 secs] [Times: user=0.01 sys=0.00, real=0.02 secs] 
2024-10-04T14:07:39.961+0300: 460.859: Total time for which application threads were stopped: 0.0033342 seconds, Stopping threads took: 0.0001069 seconds
2024-10-04T14:07:40.337+0300: 461.247: Application time: 0.3877475 seconds
2024-10-04T14:07:40.337+0300: 461.247: [GC (Allocation Failure) [PSYoungGen: 191222K->9454K(193536K)] 354608K->174313K(603136K), 0.0033106 secs] [Times: user=0.01 sys=0.00, real=0.02 secs] 
2024-10-04T14:07:40.353+0300: 461.250: Total time for which application threads were stopped: 0.0036306 seconds, Stopping threads took: 0.0001882 seconds
2024-10-04T14:07:40.481+0300: 461.378: Application time: 0.1277882 seconds
2024-10-04T14:07:40.481+0300: 461.378: [GC (Allocation Failure) [PSYoungGen: 191629K->9422K(193536K)] 356488K->175082K(603136K), 0.0029000 secs] [Times: user=0.00 sys=0.00, real=0.00 secs] 
2024-10-04T14:07:40.481+0300: 461.381: Total time for which application threads were stopped: 0.0032735 seconds, Stopping threads took: 0.0002086 seconds
2024-10-04T14:07:41.216+0300: 462.128: Application time: 0.7465285 seconds
2024-10-04T14:07:41.232+0300: 462.128: [GC (Allocation Failure) [PSYoungGen: 191161K->10880K(193536K)] 356820K->178020K(603136K), 0.0038486 secs] [Times: user=0.00 sys=0.00, real=0.00 secs] 
2024-10-04T14:07:41.232+0300: 462.132: Total time for which application threads were stopped: 0.0042354 seconds, Stopping threads took: 0.0002332 seconds
2024-10-04T14:07:41.624+0300: 462.525: Application time: 0.3930453 seconds
2024-10-04T14:07:41.624+0300: 462.525: [GC (Allocation Failure) [PSYoungGen: 193114K->8742K(193536K)] 360255K->177332K(603136K), 0.0031930 secs] [Times: user=0.03 sys=0.00, real=0.00 secs] 
2024-10-04T14:07:41.624+0300: 462.529: Total time for which application threads were stopped: 0.0036055 seconds, Stopping threads took: 0.0002258 seconds
2024-10-04T14:07:42.001+0300: 462.903: Application time: 0.3740366 seconds
2024-10-04T14:07:42.001+0300: 462.903: [GC (Allocation Failure) [PSYoungGen: 190899K->9359K(193536K)] 359489K->179445K(603136K), 0.0039028 secs] [Times: user=0.00 sys=0.00, real=0.00 secs] 
2024-10-04T14:07:42.001+0300: 462.907: Total time for which application threads were stopped: 0.0042363 seconds, Stopping threads took: 0.0001899 seconds
2024-10-04T14:07:42.252+0300: 463.163: Application time: 0.2559297 seconds
2024-10-04T14:07:42.252+0300: 463.163: [GC (Allocation Failure) [PSYoungGen: 191208K->8742K(193536K)] 361294K->180310K(603136K), 0.0037702 secs] [Times: user=0.02 sys=0.00, real=0.02 secs] 
2024-10-04T14:07:42.268+0300: 463.167: Total time for which application threads were stopped: 0.0041083 seconds, Stopping threads took: 0.0002048 seconds
2024-10-04T14:07:42.802+0300: 463.706: Application time: 0.5390597 seconds
2024-10-04T14:07:42.802+0300: 463.707: [GC (Allocation Failure) [PSYoungGen: 190933K->9454K(193536K)] 362500K->181814K(603136K), 0.0024740 secs] [Times: user=0.00 sys=0.00, real=0.00 secs] 
2024-10-04T14:07:42.802+0300: 463.709: Total time for which application threads were stopped: 0.0030964 seconds, Stopping threads took: 0.0004936 seconds
2024-10-04T14:07:42.865+0300: 463.768: Application time: 0.0591836 seconds
2024-10-04T14:07:42.865+0300: 463.769: [GC (Allocation Failure) [PSYoungGen: 191597K->8678K(193536K)] 363957K->182527K(603136K), 0.0038349 secs] [Times: user=0.00 sys=0.00, real=0.00 secs] 
2024-10-04T14:07:42.865+0300: 463.773: Total time for which application threads were stopped: 0.0041826 seconds, Stopping threads took: 0.0002066 seconds
2024-10-04T14:07:43.602+0300: 464.502: Application time: 0.7292179 seconds
2024-10-04T14:07:43.602+0300: 464.502: [GC (Allocation Failure) [PSYoungGen: 190417K->10880K(192512K)] 364266K->185481K(602112K), 0.0028067 secs] [Times: user=0.00 sys=0.00, real=0.00 secs] 
2024-10-04T14:07:43.602+0300: 464.505: Total time for which application threads were stopped: 0.0030900 seconds, Stopping threads took: 0.0001510 seconds
2024-10-04T14:07:44.011+0300: 464.910: Application time: 0.4054369 seconds
2024-10-04T14:07:44.011+0300: 464.911: [GC (Allocation Failure) [PSYoungGen: 191665K->10103K(193024K)] 366267K->186866K(602624K), 0.0045395 secs] [Times: user=0.00 sys=0.00, real=0.00 secs] 
2024-10-04T14:07:44.011+0300: 464.915: Total time for which application threads were stopped: 0.0049191 seconds, Stopping threads took: 0.0002209 seconds
2024-10-04T14:07:44.356+0300: 465.262: Application time: 0.3462515 seconds
2024-10-04T14:07:44.356+0300: 465.262: [GC (Allocation Failure) [PSYoungGen: 190826K->8646K(193024K)] 367590K->187619K(602624K), 0.0035336 secs] [Times: user=0.00 sys=0.00, real=0.00 secs] 
2024-10-04T14:07:44.356+0300: 465.265: Total time for which application threads were stopped: 0.0038517 seconds, Stopping threads took: 0.0001839 seconds
2024-10-04T14:07:44.489+0300: 465.388: Application time: 0.1229012 seconds
2024-10-04T14:07:44.489+0300: 465.389: [GC (Allocation Failure) [PSYoungGen: 189812K->7934K(193024K)] 368785K->187691K(602624K), 0.0028251 secs] [Times: user=0.00 sys=0.00, real=0.00 secs] 
2024-10-04T14:07:44.489+0300: 465.391: Total time for which application threads were stopped: 0.0031954 seconds, Stopping threads took: 0.0002379 seconds
2024-10-04T14:07:44.921+0300: 465.821: Application time: 0.4296658 seconds
2024-10-04T14:07:44.921+0300: 465.822: [GC (Allocation Failure) [PSYoungGen: 188594K->10135K(193024K)] 368352K->190685K(602624K), 0.0029863 secs] [Times: user=0.00 sys=0.02, real=0.00 secs] 
2024-10-04T14:07:44.921+0300: 465.825: Total time for which application threads were stopped: 0.0034076 seconds, Stopping threads took: 0.0001828 seconds
2024-10-04T14:07:45.140+0300: 466.040: Application time: 0.2156215 seconds
2024-10-04T14:07:45.140+0300: 466.040: [GC (Allocation Failure) [PSYoungGen: 191114K->10167K(193024K)] 371664K->192198K(602624K), 0.0034295 secs] [Times: user=0.00 sys=0.00, real=0.00 secs] 
2024-10-04T14:07:45.140+0300: 466.044: Total time for which application threads were stopped: 0.0037762 seconds, Stopping threads took: 0.0002060 seconds
2024-10-04T14:07:45.831+0300: 466.741: Application time: 0.6966779 seconds
2024-10-04T14:07:45.831+0300: 466.741: [GC (Allocation Failure) [PSYoungGen: 190823K->10167K(193024K)] 372854K->194384K(602624K), 0.0032526 secs] [Times: user=0.02 sys=0.00, real=0.01 secs] 
2024-10-04T14:07:45.846+0300: 466.744: Total time for which application threads were stopped: 0.0036491 seconds, Stopping threads took: 0.0002612 seconds
2024-10-04T14:07:46.097+0300: 467.001: Application time: 0.2562224 seconds
2024-10-04T14:07:46.097+0300: 467.001: [GC (Allocation Failure) [PSYoungGen: 190984K->10167K(193024K)] 375200K->195857K(602624K), 0.0023233 secs] [Times: user=0.00 sys=0.00, real=0.00 secs] 
2024-10-04T14:07:46.097+0300: 467.003: Total time for which application threads were stopped: 0.0026301 seconds, Stopping threads took: 0.0001632 seconds
2024-10-04T14:07:46.630+0300: 467.528: Application time: 0.5246101 seconds
2024-10-04T14:07:46.630+0300: 467.528: [GC (Allocation Failure) [PSYoungGen: 191171K->9423K(193024K)] 376861K->196593K(602624K), 0.0028694 secs] [Times: user=0.00 sys=0.00, real=0.00 secs] 
2024-10-04T14:07:46.630+0300: 467.531: Total time for which application threads were stopped: 0.0031908 seconds, Stopping threads took: 0.0001673 seconds
2024-10-04T14:07:46.771+0300: 467.676: Application time: 0.1450342 seconds
2024-10-04T14:07:46.771+0300: 467.676: [GC (Allocation Failure) [PSYoungGen: 190566K->9391K(193024K)] 377737K->198018K(602624K), 0.0029601 secs] [Times: user=0.00 sys=0.00, real=0.00 secs] 
2024-10-04T14:07:46.771+0300: 467.679: Total time for which application threads were stopped: 0.0032942 seconds, Stopping threads took: 0.0001877 seconds
2024-10-04T14:07:47.180+0300: 468.086: Application time: 0.4071092 seconds
2024-10-04T14:07:47.180+0300: 468.087: [GC (Allocation Failure) [PSYoungGen: 190446K->10135K(193024K)] 379074K->199555K(602624K), 0.0024734 secs] [Times: user=0.00 sys=0.00, real=0.00 secs] 
2024-10-04T14:07:47.180+0300: 468.089: Total time for which application threads were stopped: 0.0028740 seconds, Stopping threads took: 0.0002433 seconds
2024-10-04T14:07:47.415+0300: 468.326: Application time: 0.2362764 seconds
2024-10-04T14:07:47.415+0300: 468.326: [GC (Allocation Failure) [PSYoungGen: 191175K->10135K(193024K)] 380596K->201064K(602624K), 0.0033447 secs] [Times: user=0.01 sys=0.00, real=0.02 secs] 
2024-10-04T14:07:47.431+0300: 468.329: Total time for which application threads were stopped: 0.0036229 seconds, Stopping threads took: 0.0001414 seconds
2024-10-04T14:07:47.933+0300: 468.841: Application time: 0.5116241 seconds
2024-10-04T14:07:47.933+0300: 468.841: [GC (Allocation Failure) [PSYoungGen: 190813K->9487K(193536K)] 381742K->202562K(603136K), 0.0031787 secs] [Times: user=0.00 sys=0.00, real=0.00 secs] 
2024-10-04T14:07:47.933+0300: 468.844: Total time for which application threads were stopped: 0.0035458 seconds, Stopping threads took: 0.0002181 seconds
2024-10-04T14:07:48.373+0300: 469.276: Application time: 0.4319099 seconds
2024-10-04T14:07:48.373+0300: 469.277: [GC (Allocation Failure) [PSYoungGen: 190922K->9391K(193024K)] 383997K->203955K(602624K), 0.0041225 secs] [Times: user=0.00 sys=0.00, real=0.00 secs] 
2024-10-04T14:07:48.373+0300: 469.281: Total time for which application threads were stopped: 0.0044349 seconds, Stopping threads took: 0.0001720 seconds
2024-10-04T14:07:48.812+0300: 469.711: Application time: 0.4302566 seconds
2024-10-04T14:07:48.812+0300: 469.711: [GC (Allocation Failure) [PSYoungGen: 190861K->10880K(192512K)] 385425K->206204K(602112K), 0.0031341 secs] [Times: user=0.00 sys=0.00, real=0.00 secs] 
2024-10-04T14:07:48.812+0300: 469.714: Total time for which application threads were stopped: 0.0034362 seconds, Stopping threads took: 0.0001729 seconds
2024-10-04T14:07:48.984+0300: 469.888: Application time: 0.1732818 seconds
2024-10-04T14:07:48.984+0300: 469.888: [GC (Allocation Failure) [PSYoungGen: 191839K->10135K(193024K)] 387164K->207653K(602624K), 0.0033017 secs] [Times: user=0.00 sys=0.00, real=0.00 secs] 
2024-10-04T14:07:48.984+0300: 469.891: Total time for which application threads were stopped: 0.0036633 seconds, Stopping threads took: 0.0002316 seconds
2024-10-04T14:07:49.498+0300: 470.395: Application time: 0.5035283 seconds
2024-10-04T14:07:49.502+0300: 470.399: [GC (Allocation Failure) [PSYoungGen: 191141K->10199K(193024K)] 388659K->209182K(602624K), 0.0038056 secs] [Times: user=0.00 sys=0.00, real=0.00 secs] 
2024-10-04T14:07:49.502+0300: 470.403: Total time for which application threads were stopped: 0.0076877 seconds, Stopping threads took: 0.0036394 seconds
2024-10-04T14:07:49.753+0300: 470.654: Application time: 0.2513602 seconds
2024-10-04T14:07:49.753+0300: 470.654: [GC (Allocation Failure) [PSYoungGen: 191244K->9390K(193024K)] 390228K->209895K(602624K), 0.0031911 secs] [Times: user=0.00 sys=0.00, real=0.00 secs] 
2024-10-04T14:07:49.753+0300: 470.657: Total time for which application threads were stopped: 0.0034772 seconds, Stopping threads took: 0.0001343 seconds
2024-10-04T14:07:50.177+0300: 471.088: Application time: 0.4305869 seconds
2024-10-04T14:07:50.177+0300: 471.088: [GC (Allocation Failure) [PSYoungGen: 190089K->9454K(193536K)] 390594K->211400K(603136K), 0.0039231 secs] [Times: user=0.00 sys=0.00, real=0.01 secs] 
2024-10-04T14:07:50.192+0300: 471.092: Total time for which application threads were stopped: 0.0042152 seconds, Stopping threads took: 0.0001499 seconds
2024-10-04T14:07:50.851+0300: 471.753: Application time: 0.6607107 seconds
2024-10-04T14:07:50.851+0300: 471.753: [GC (Allocation Failure) [PSYoungGen: 190843K->10880K(193024K)] 392788K->214298K(602624K), 0.0034073 secs] [Times: user=0.00 sys=0.00, real=0.00 secs] 
2024-10-04T14:07:50.851+0300: 471.757: Total time for which application threads were stopped: 0.0037613 seconds, Stopping threads took: 0.0002213 seconds
2024-10-04T14:07:50.992+0300: 471.890: Application time: 0.1329949 seconds
2024-10-04T14:07:50.992+0300: 471.890: [GC (Allocation Failure) [PSYoungGen: 192454K->9358K(193024K)] 395872K->214979K(602624K), 0.0038609 secs] [Times: user=0.00 sys=0.00, real=0.00 secs] 
2024-10-04T14:07:50.992+0300: 471.894: Total time for which application threads were stopped: 0.0041353 seconds, Stopping threads took: 0.0001214 seconds
2024-10-04T14:07:51.385+0300: 472.282: Application time: 0.3877211 seconds
2024-10-04T14:07:51.385+0300: 472.282: [GC (Allocation Failure) [PSYoungGen: 190025K->9422K(193024K)] 395645K->216516K(602624K), 0.0038122 secs] [Times: user=0.00 sys=0.00, real=0.00 secs] 
2024-10-04T14:07:51.385+0300: 472.286: Total time for which application threads were stopped: 0.0042427 seconds, Stopping threads took: 0.0002753 seconds
2024-10-04T14:07:51.841+0300: 472.740: Application time: 0.4538471 seconds
2024-10-04T14:07:51.841+0300: 472.740: [GC (Allocation Failure) [PSYoungGen: 190150K->8678K(193024K)] 397243K->217260K(602624K), 0.0036459 secs] [Times: user=0.03 sys=0.00, real=0.00 secs] 
2024-10-04T14:07:51.841+0300: 472.744: Total time for which application threads were stopped: 0.0039585 seconds, Stopping threads took: 0.0001101 seconds
2024-10-04T14:07:52.217+0300: 473.120: Application time: 0.3763824 seconds
2024-10-04T14:07:52.217+0300: 473.120: [GC (Allocation Failure) [PSYoungGen: 189346K->10167K(193024K)] 397928K->219510K(602624K), 0.0029228 secs] [Times: user=0.05 sys=0.00, real=0.00 secs] 
2024-10-04T14:07:52.217+0300: 473.123: Total time for which application threads were stopped: 0.0031739 seconds, Stopping threads took: 0.0001001 seconds
2024-10-04T14:07:52.593+0300: 473.500: Application time: 0.3770348 seconds
2024-10-04T14:07:52.604+0300: 473.500: [GC (Allocation Failure) [PSYoungGen: 190841K->8030K(193024K)] 400183K->219558K(602624K), 0.0045954 secs] [Times: user=0.03 sys=0.03, real=0.00 secs] 
2024-10-04T14:07:52.609+0300: 473.505: Total time for which application threads were stopped: 0.0049568 seconds, Stopping threads took: 0.0001972 seconds
2024-10-04T14:07:53.143+0300: 474.044: Application time: 0.5391988 seconds
2024-10-04T14:07:53.143+0300: 474.045: [GC (Allocation Failure) [PSYoungGen: 189201K->10199K(193024K)] 400730K->222488K(602624K), 0.0028721 secs] [Times: user=0.00 sys=0.00, real=0.00 secs] 
2024-10-04T14:07:53.143+0300: 474.048: Total time for which application threads were stopped: 0.0036480 seconds, Stopping threads took: 0.0006367 seconds
2024-10-04T14:07:53.393+0300: 474.296: Application time: 0.2483926 seconds
2024-10-04T14:07:53.393+0300: 474.297: [GC (Allocation Failure) [PSYoungGen: 191216K->10135K(193024K)] 403504K->223933K(602624K), 0.0035640 secs] [Times: user=0.00 sys=0.00, real=0.00 secs] 
2024-10-04T14:07:53.393+0300: 474.300: Total time for which application threads were stopped: 0.0039002 seconds, Stopping threads took: 0.0001419 seconds
2024-10-04T14:07:53.817+0300: 474.725: Application time: 0.4243760 seconds
2024-10-04T14:07:53.817+0300: 474.725: [GC (Allocation Failure) [PSYoungGen: 190794K->9422K(193024K)] 404592K->225374K(602624K), 0.0038855 secs] [Times: user=0.02 sys=0.00, real=0.02 secs] 
2024-10-04T14:07:53.833+0300: 474.729: Total time for which application threads were stopped: 0.0042165 seconds, Stopping threads took: 0.0001457 seconds
2024-10-04T14:07:54.288+0300: 475.184: Application time: 0.4553582 seconds
2024-10-04T14:07:54.288+0300: 475.184: [GC (Allocation Failure) [PSYoungGen: 190120K->8678K(193024K)] 406072K->226110K(602624K), 0.0034854 secs] [Times: user=0.01 sys=0.00, real=0.00 secs] 
2024-10-04T14:07:54.288+0300: 475.188: Total time for which application threads were stopped: 0.0037464 seconds, Stopping threads took: 0.0001180 seconds
2024-10-04T14:07:54.633+0300: 475.543: Application time: 0.3551627 seconds
2024-10-04T14:07:54.633+0300: 475.543: [GC (Allocation Failure) [PSYoungGen: 189391K->10167K(193024K)] 406824K->228368K(602624K), 0.0025336 secs] [Times: user=0.02 sys=0.00, real=0.02 secs] 
2024-10-04T14:07:54.649+0300: 475.546: Total time for which application threads were stopped: 0.0028883 seconds, Stopping threads took: 0.0001963 seconds
2024-10-04T14:07:55.041+0300: 475.947: Application time: 0.4011107 seconds
2024-10-04T14:07:55.041+0300: 475.947: [GC (Allocation Failure) [PSYoungGen: 190894K->10167K(193024K)] 409095K->230554K(602624K), 0.0038436 secs] [Times: user=0.05 sys=0.02, real=0.00 secs] 
2024-10-04T14:07:55.041+0300: 475.951: Total time for which application threads were stopped: 0.0040752 seconds, Stopping threads took: 0.0001026 seconds
2024-10-04T14:07:55.434+0300: 476.345: Application time: 0.3935007 seconds
2024-10-04T14:07:55.434+0300: 476.345: [GC (Allocation Failure) [PSYoungGen: 190886K->8678K(193024K)] 411273K->231266K(602624K), 0.0033941 secs] [Times: user=0.03 sys=0.00, real=0.02 secs] 
2024-10-04T14:07:55.450+0300: 476.349: Total time for which application threads were stopped: 0.0038302 seconds, Stopping threads took: 0.0002650 seconds
2024-10-04T14:07:55.779+0300: 476.688: Application time: 0.3390963 seconds
2024-10-04T14:07:55.779+0300: 476.688: [GC (Allocation Failure) [PSYoungGen: 189331K->9423K(193024K)] 411920K->232787K(602624K), 0.0029532 secs] [Times: user=0.02 sys=0.00, real=0.01 secs] 
2024-10-04T14:07:55.794+0300: 476.691: Total time for which application threads were stopped: 0.0032330 seconds, Stopping threads took: 0.0001273 seconds
2024-10-04T14:07:56.062+0300: 476.961: Application time: 0.2696822 seconds
2024-10-04T14:07:56.062+0300: 476.961: [GC (Allocation Failure) [PSYoungGen: 190539K->9422K(193024K)] 413904K->234973K(602624K), 0.0033211 secs] [Times: user=0.00 sys=0.00, real=0.00 secs] 
2024-10-04T14:07:56.062+0300: 476.964: Total time for which application threads were stopped: 0.0036253 seconds, Stopping threads took: 0.0001495 seconds
2024-10-04T14:07:56.470+0300: 477.376: Application time: 0.4114363 seconds
2024-10-04T14:07:56.470+0300: 477.376: [GC (Allocation Failure) [PSYoungGen: 190131K->9422K(193536K)] 415681K->235777K(603136K), 0.0023353 secs] [Times: user=0.00 sys=0.00, real=0.00 secs] 
2024-10-04T14:07:56.470+0300: 477.378: Total time for which application threads were stopped: 0.0026662 seconds, Stopping threads took: 0.0001745 seconds
2024-10-04T14:07:56.784+0300: 477.683: Application time: 0.3048886 seconds
2024-10-04T14:07:56.784+0300: 477.683: [GC (Allocation Failure) [PSYoungGen: 191669K->10167K(193536K)] 418024K->237282K(603136K), 0.0029970 secs] [Times: user=0.02 sys=0.00, real=0.00 secs] 
2024-10-04T14:07:56.784+0300: 477.687: Total time for which application threads were stopped: 0.0033325 seconds, Stopping threads took: 0.0001605 seconds
2024-10-04T14:07:57.349+0300: 478.257: Application time: 0.5705530 seconds
2024-10-04T14:07:57.349+0300: 478.257: [GC (Allocation Failure) [PSYoungGen: 191909K->10167K(193536K)] 419025K->239468K(603136K), 0.0043918 secs] [Times: user=0.00 sys=0.02, real=0.02 secs] 
2024-10-04T14:07:57.365+0300: 478.262: Total time for which application threads were stopped: 0.0047159 seconds, Stopping threads took: 0.0001682 seconds
2024-10-04T14:07:57.726+0300: 478.627: Application time: 0.3651497 seconds
2024-10-04T14:07:57.726+0300: 478.627: [GC (Allocation Failure) [PSYoungGen: 192381K->8678K(193536K)] 421682K->240149K(603136K), 0.0033751 secs] [Times: user=0.00 sys=0.00, real=0.00 secs] 
2024-10-04T14:07:57.726+0300: 478.631: Total time for which application threads were stopped: 0.0036826 seconds, Stopping threads took: 0.0001688 seconds
2024-10-04T14:07:58.055+0300: 478.958: Application time: 0.3268527 seconds
2024-10-04T14:07:58.055+0300: 478.958: [GC (Allocation Failure) [PSYoungGen: 190776K->9423K(193536K)] 422247K->242366K(603136K), 0.0027083 secs] [Times: user=0.00 sys=0.00, real=0.00 secs] 
2024-10-04T14:07:58.055+0300: 478.961: Total time for which application threads were stopped: 0.0030717 seconds, Stopping threads took: 0.0002316 seconds
2024-10-04T14:07:58.290+0300: 479.196: Application time: 0.2351858 seconds
2024-10-04T14:07:58.290+0300: 479.196: [GC (Allocation Failure) [PSYoungGen: 191286K->7253K(193536K)] 424230K->241686K(603136K), 0.0021105 secs] [Times: user=0.00 sys=0.00, real=0.00 secs] 
2024-10-04T14:07:58.290+0300: 479.198: Total time for which application threads were stopped: 0.0025165 seconds, Stopping threads took: 0.0002712 seconds
2024-10-04T14:07:58.589+0300: 479.486: Application time: 0.2877640 seconds
2024-10-04T14:07:58.589+0300: 479.486: [GC (Allocation Failure) [PSYoungGen: 189385K->9422K(193536K)] 423817K->244656K(603136K), 0.0022919 secs] [Times: user=0.00 sys=0.00, real=0.00 secs] 
2024-10-04T14:07:58.589+0300: 479.489: Total time for which application threads were stopped: 0.0026197 seconds, Stopping threads took: 0.0001968 seconds
2024-10-04T14:07:58.916+0300: 479.814: Application time: 0.3252440 seconds
2024-10-04T14:07:58.916+0300: 479.814: [GC (Allocation Failure) [PSYoungGen: 191556K->10199K(193536K)] 426789K->246185K(603136K), 0.0024005 secs] [Times: user=0.00 sys=0.00, real=0.00 secs] 
2024-10-04T14:07:58.919+0300: 479.817: Total time for which application threads were stopped: 0.0026727 seconds, Stopping threads took: 0.0001194 seconds
2024-10-04T14:07:59.719+0300: 480.618: Application time: 0.8009096 seconds
2024-10-04T14:07:59.719+0300: 480.618: [GC (Allocation Failure) [PSYoungGen: 191939K->10167K(192512K)] 427924K->248331K(602112K), 0.0024756 secs] [Times: user=0.00 sys=0.00, real=0.00 secs] 
2024-10-04T14:07:59.719+0300: 480.620: Total time for which application threads were stopped: 0.0028032 seconds, Stopping threads took: 0.0001530 seconds
2024-10-04T14:08:00.048+0300: 480.952: Application time: 0.3314558 seconds
2024-10-04T14:08:00.048+0300: 480.952: [GC (Allocation Failure) [PSYoungGen: 190772K->9359K(193024K)] 428935K->249700K(602624K), 0.0026998 secs] [Times: user=0.00 sys=0.00, real=0.00 secs] 
2024-10-04T14:08:00.048+0300: 480.955: Total time for which application threads were stopped: 0.0029953 seconds, Stopping threads took: 0.0000951 seconds
2024-10-04T14:08:00.472+0300: 481.376: Application time: 0.4214098 seconds
2024-10-04T14:08:00.472+0300: 481.377: [GC (Allocation Failure) [PSYoungGen: 190364K->9455K(193536K)] 430706K->250588K(603136K), 0.0022695 secs] [Times: user=0.00 sys=0.00, real=0.00 secs] 
2024-10-04T14:08:00.472+0300: 481.379: Total time for which application threads were stopped: 0.0026835 seconds, Stopping threads took: 0.0002155 seconds
2024-10-04T14:08:00.723+0300: 481.620: Application time: 0.2414556 seconds
2024-10-04T14:08:00.723+0300: 481.621: [GC (Allocation Failure) [PSYoungGen: 191334K->8061K(193536K)] 432467K->250644K(603136K), 0.0021076 secs] [Times: user=0.00 sys=0.00, real=0.00 secs] 
2024-10-04T14:08:00.723+0300: 481.623: Total time for which application threads were stopped: 0.0024893 seconds, Stopping threads took: 0.0001938 seconds
2024-10-04T14:08:00.927+0300: 481.825: Application time: 0.2025954 seconds
2024-10-04T14:08:00.927+0300: 481.826: [GC (Allocation Failure) [PSYoungGen: 190196K->8646K(193536K)] 432779K->252033K(603136K), 0.0021793 secs] [Times: user=0.00 sys=0.00, real=0.00 secs] 
2024-10-04T14:08:00.927+0300: 481.828: Total time for which application threads were stopped: 0.0024491 seconds, Stopping threads took: 0.0000980 seconds
2024-10-04T14:08:01.321+0300: 482.230: Application time: 0.4016959 seconds
2024-10-04T14:08:01.321+0300: 482.230: [GC (Allocation Failure) [PSYoungGen: 190716K->10199K(193536K)] 434103K->255043K(603136K), 0.0023951 secs] [Times: user=0.00 sys=0.00, real=0.01 secs] 
2024-10-04T14:08:01.334+0300: 482.232: Total time for which application threads were stopped: 0.0026940 seconds, Stopping threads took: 0.0001411 seconds
2024-10-04T14:08:02.024+0300: 482.935: Application time: 0.7027107 seconds
2024-10-04T14:08:02.024+0300: 482.935: [GC (Allocation Failure) [PSYoungGen: 192363K->10848K(192512K)] 437207K->257165K(602112K), 0.0028141 secs] [Times: user=0.01 sys=0.00, real=0.02 secs] 
2024-10-04T14:08:02.040+0300: 482.938: Total time for which application threads were stopped: 0.0033223 seconds, Stopping threads took: 0.0003083 seconds
2024-10-04T14:08:02.463+0300: 483.364: Application time: 0.4254817 seconds
2024-10-04T14:08:02.463+0300: 483.364: [GC (Allocation Failure) [PSYoungGen: 191594K->8710K(193024K)] 437911K->257221K(602624K), 0.0022140 secs] [Times: user=0.00 sys=0.00, real=0.00 secs] 
2024-10-04T14:08:02.463+0300: 483.366: Total time for which application threads were stopped: 0.0025899 seconds, Stopping threads took: 0.0002420 seconds
2024-10-04T14:08:02.839+0300: 483.751: Application time: 0.3845690 seconds
2024-10-04T14:08:02.855+0300: 483.751: [GC (Allocation Failure) [PSYoungGen: 189709K->10167K(193024K)] 438220K->259439K(602624K), 0.0022285 secs] [Times: user=0.00 sys=0.00, real=0.00 secs] 
2024-10-04T14:08:02.855+0300: 483.754: Total time for which application threads were stopped: 0.0026544 seconds, Stopping threads took: 0.0002720 seconds
2024-10-04T14:08:02.996+0300: 483.904: Application time: 0.1503175 seconds
2024-10-04T14:08:02.996+0300: 483.904: [GC (Allocation Failure) [PSYoungGen: 190890K->9359K(193024K)] 440161K->260127K(602624K), 0.0022729 secs] [Times: user=0.00 sys=0.00, real=0.00 secs] 
2024-10-04T14:08:02.996+0300: 483.907: Total time for which application threads were stopped: 0.0026400 seconds, Stopping threads took: 0.0002151 seconds
2024-10-04T14:08:03.279+0300: 484.180: Application time: 0.2735394 seconds
2024-10-04T14:08:03.279+0300: 484.180: [GC (Allocation Failure) [PSYoungGen: 189982K->10135K(193024K)] 440750K->261672K(602624K), 0.0022804 secs] [Times: user=0.00 sys=0.00, real=0.00 secs] 
2024-10-04T14:08:03.279+0300: 484.183: Total time for which application threads were stopped: 0.0025707 seconds, Stopping threads took: 0.0001593 seconds
2024-10-04T14:08:03.687+0300: 484.597: Application time: 0.4143460 seconds
2024-10-04T14:08:03.687+0300: 484.597: [GC (Allocation Failure) [PSYoungGen: 190771K->9422K(193024K)] 442308K->263153K(602624K), 0.0025683 secs] [Times: user=0.02 sys=0.00, real=0.02 secs] 
2024-10-04T14:08:03.703+0300: 484.600: Total time for which application threads were stopped: 0.0029820 seconds, Stopping threads took: 0.0002566 seconds
2024-10-04T14:08:04.205+0300: 485.116: Application time: 0.5160057 seconds
2024-10-04T14:08:04.220+0300: 485.116: [GC (Allocation Failure) [PSYoungGen: 190088K->10880K(193024K)] 443818K->266083K(602624K), 0.0025178 secs] [Times: user=0.00 sys=0.00, real=0.00 secs] 
2024-10-04T14:08:04.220+0300: 485.119: Total time for which application threads were stopped: 0.0030195 seconds, Stopping threads took: 0.0003383 seconds
2024-10-04T14:08:04.519+0300: 485.415: Application time: 0.2963101 seconds
2024-10-04T14:08:04.519+0300: 485.416: [GC (Allocation Failure) [PSYoungGen: 191656K->9359K(193024K)] 446860K->266772K(602624K), 0.0025191 secs] [Times: user=0.00 sys=0.03, real=0.00 secs] 
2024-10-04T14:08:04.519+0300: 485.418: Total time for which application threads were stopped: 0.0029443 seconds, Stopping threads took: 0.0002484 seconds
2024-10-04T14:08:05.037+0300: 485.945: Application time: 0.5268134 seconds
2024-10-04T14:08:05.037+0300: 485.945: [GC (Allocation Failure) [PSYoungGen: 190031K->10167K(193024K)] 447444K->268341K(602624K), 0.0022960 secs] [Times: user=0.00 sys=0.00, real=0.00 secs] 
2024-10-04T14:08:05.037+0300: 485.948: Total time for which application threads were stopped: 0.0026032 seconds, Stopping threads took: 0.0001541 seconds
2024-10-04T14:08:05.147+0300: 486.047: Application time: 0.0989290 seconds
2024-10-04T14:08:05.147+0300: 486.047: [GC (Allocation Failure) [PSYoungGen: 190948K->9390K(193024K)] 449122K->269053K(602624K), 0.0022406 secs] [Times: user=0.00 sys=0.00, real=0.00 secs] 
2024-10-04T14:08:05.147+0300: 486.049: Total time for which application threads were stopped: 0.0025477 seconds, Stopping threads took: 0.0001695 seconds
2024-10-04T14:08:05.529+0300: 486.432: Application time: 0.3822678 seconds
2024-10-04T14:08:05.529+0300: 486.432: [GC (Allocation Failure) [PSYoungGen: 190051K->9422K(193536K)] 449714K->270566K(603136K), 0.0022720 secs] [Times: user=0.00 sys=0.00, real=0.00 secs] 
2024-10-04T14:08:05.529+0300: 486.434: Total time for which application threads were stopped: 0.0025768 seconds, Stopping threads took: 0.0001316 seconds
2024-10-04T14:08:05.900+0300: 486.812: Application time: 0.3774951 seconds
2024-10-04T14:08:05.916+0300: 486.812: [GC (Allocation Failure) [PSYoungGen: 190805K->9454K(193024K)] 451949K->272072K(602624K), 0.0022619 secs] [Times: user=0.00 sys=0.00, real=0.00 secs] 
2024-10-04T14:08:05.916+0300: 486.814: Total time for which application threads were stopped: 0.0026838 seconds, Stopping threads took: 0.0002582 seconds
2024-10-04T14:08:06.387+0300: 487.291: Application time: 0.4770613 seconds
2024-10-04T14:08:06.387+0300: 487.292: [GC (Allocation Failure) [PSYoungGen: 190877K->10848K(192512K)] 453494K->274938K(602112K), 0.0024826 secs] [Times: user=0.00 sys=0.00, real=0.00 secs] 
2024-10-04T14:08:06.387+0300: 487.294: Total time for which application threads were stopped: 0.0028528 seconds, Stopping threads took: 0.0002162 seconds
2024-10-04T14:08:06.669+0300: 487.578: Application time: 0.2839974 seconds
2024-10-04T14:08:06.669+0300: 487.578: [GC (Allocation Failure) [PSYoungGen: 191583K->8678K(193024K)] 455673K->274970K(602624K), 0.0022078 secs] [Times: user=0.00 sys=0.00, real=0.00 secs] 
2024-10-04T14:08:06.669+0300: 487.581: Total time for which application threads were stopped: 0.0025162 seconds, Stopping threads took: 0.0001797 seconds
2024-10-04T14:08:07.156+0300: 488.062: Application time: 0.4814028 seconds
2024-10-04T14:08:07.156+0300: 488.062: [GC (Allocation Failure) [PSYoungGen: 189357K->9454K(193024K)] 455649K->277219K(602624K), 0.0022717 secs] [Times: user=0.00 sys=0.00, real=0.00 secs] 
2024-10-04T14:08:07.156+0300: 488.065: Total time for which application threads were stopped: 0.0026577 seconds, Stopping threads took: 0.0002314 seconds
2024-10-04T14:08:07.313+0300: 488.216: Application time: 0.1511826 seconds
2024-10-04T14:08:07.313+0300: 488.216: [GC (Allocation Failure) [PSYoungGen: 190667K->10119K(193024K)] 458432K->278660K(602624K), 0.0022396 secs] [Times: user=0.00 sys=0.00, real=0.00 secs] 
2024-10-04T14:08:07.313+0300: 488.219: Total time for which application threads were stopped: 0.0025555 seconds, Stopping threads took: 0.0001917 seconds
2024-10-04T14:08:07.814+0300: 488.719: Application time: 0.5005335 seconds
2024-10-04T14:08:07.814+0300: 488.719: [GC (Allocation Failure) [PSYoungGen: 191132K->10135K(193024K)] 459674K->280177K(602624K), 0.0024612 secs] [Times: user=0.00 sys=0.00, real=0.00 secs] 
2024-10-04T14:08:07.814+0300: 488.722: Total time for which application threads were stopped: 0.0028275 seconds, Stopping threads took: 0.0002315 seconds
2024-10-04T14:08:08.191+0300: 489.099: Application time: 0.3771244 seconds
2024-10-04T14:08:08.191+0300: 489.099: [GC (Allocation Failure) [PSYoungGen: 190854K->8742K(193024K)] 460896K->280938K(602624K), 0.0022261 secs] [Times: user=0.00 sys=0.00, real=0.00 secs] 
2024-10-04T14:08:08.191+0300: 489.102: Total time for which application threads were stopped: 0.0025449 seconds, Stopping threads took: 0.0001776 seconds
2024-10-04T14:08:08.537+0300: 489.434: Application time: 0.3321981 seconds
2024-10-04T14:08:08.537+0300: 489.434: [GC (Allocation Failure) [PSYoungGen: 189480K->10816K(193024K)] 461676K->283772K(602624K), 0.0029895 secs] [Times: user=0.00 sys=0.00, real=0.00 secs] 
2024-10-04T14:08:08.537+0300: 489.437: Total time for which application threads were stopped: 0.0032829 seconds, Stopping threads took: 0.0001218 seconds
2024-10-04T14:08:08.945+0300: 489.849: Application time: 0.4115979 seconds
2024-10-04T14:08:08.945+0300: 489.849: [GC (Allocation Failure) [PSYoungGen: 191527K->8678K(193024K)] 464484K->284533K(602624K), 0.0024020 secs] [Times: user=0.00 sys=0.00, real=0.00 secs] 
2024-10-04T14:08:08.945+0300: 489.851: Total time for which application threads were stopped: 0.0026887 seconds, Stopping threads took: 0.0001482 seconds
2024-10-04T14:08:09.416+0300: 490.319: Application time: 0.4673055 seconds
2024-10-04T14:08:09.416+0300: 490.319: [GC (Allocation Failure) [PSYoungGen: 189456K->9423K(193024K)] 465311K->286054K(602624K), 0.0022454 secs] [Times: user=0.00 sys=0.00, real=0.00 secs] 
2024-10-04T14:08:09.416+0300: 490.321: Total time for which application threads were stopped: 0.0025687 seconds, Stopping threads took: 0.0001762 seconds
2024-10-04T14:08:09.604+0300: 490.511: Application time: 0.1893841 seconds
2024-10-04T14:08:09.604+0300: 490.511: [GC (Allocation Failure) [PSYoungGen: 190538K->10199K(193024K)] 467169K->287591K(602624K), 0.0023995 secs] [Times: user=0.02 sys=0.00, real=0.00 secs] 
2024-10-04T14:08:09.604+0300: 490.513: Total time for which application threads were stopped: 0.0027812 seconds, Stopping threads took: 0.0002368 seconds
2024-10-04T14:08:10.184+0300: 491.082: Application time: 0.5683802 seconds
2024-10-04T14:08:10.184+0300: 491.082: [GC (Allocation Failure) [PSYoungGen: 191206K->9422K(193024K)] 468598K->289028K(602624K), 0.0022658 secs] [Times: user=0.00 sys=0.00, real=0.00 secs] 
2024-10-04T14:08:10.184+0300: 491.084: Total time for which application threads were stopped: 0.0025841 seconds, Stopping threads took: 0.0001428 seconds
2024-10-04T14:08:10.604+0300: 491.501: Application time: 0.4169600 seconds
2024-10-04T14:08:10.604+0300: 491.502: [GC (Allocation Failure) [PSYoungGen: 190136K->8678K(193024K)] 469742K->289732K(602624K), 0.0021403 secs] [Times: user=0.00 sys=0.00, real=0.00 secs] 
2024-10-04T14:08:10.608+0300: 491.504: Total time for which application threads were stopped: 0.0025405 seconds, Stopping threads took: 0.0002106 seconds
2024-10-04T14:08:10.922+0300: 491.830: Application time: 0.3261819 seconds
2024-10-04T14:08:10.922+0300: 491.830: [GC (Allocation Failure) [PSYoungGen: 189891K->11592K(192000K)] 470945K->293399K(601600K), 0.0024997 secs] [Times: user=0.00 sys=0.00, real=0.00 secs] 
2024-10-04T14:08:10.922+0300: 491.833: Total time for which application threads were stopped: 0.0029106 seconds, Stopping threads took: 0.0002592 seconds
2024-10-04T14:08:11.361+0300: 492.258: Application time: 0.4249611 seconds
2024-10-04T14:08:11.361+0300: 492.258: [GC (Allocation Failure) [PSYoungGen: 191158K->9455K(192512K)] 472964K->294176K(602112K), 0.0023023 secs] [Times: user=0.00 sys=0.00, real=0.00 secs] 
2024-10-04T14:08:11.361+0300: 492.261: Total time for which application threads were stopped: 0.0027508 seconds, Stopping threads took: 0.0002943 seconds
2024-10-04T14:08:11.801+0300: 492.705: Application time: 0.4441952 seconds
2024-10-04T14:08:11.801+0300: 492.705: [GC (Allocation Failure) [PSYoungGen: 189501K->8678K(193024K)] 474222K->294856K(602624K), 0.0022559 secs] [Times: user=0.00 sys=0.00, real=0.00 secs] 
2024-10-04T14:08:11.801+0300: 492.707: Total time for which application threads were stopped: 0.0026215 seconds, Stopping threads took: 0.0002092 seconds
2024-10-04T14:08:11.974+0300: 492.880: Application time: 0.1724952 seconds
2024-10-04T14:08:11.974+0300: 492.880: [GC (Allocation Failure) [PSYoungGen: 189782K->9455K(193024K)] 475960K->296409K(602624K), 0.0022532 secs] [Times: user=0.00 sys=0.00, real=0.00 secs] 
2024-10-04T14:08:11.974+0300: 492.883: Total time for which application threads were stopped: 0.0028037 seconds, Stopping threads took: 0.0004218 seconds
2024-10-04T14:08:12.460+0300: 493.365: Application time: 0.4817148 seconds
2024-10-04T14:08:12.460+0300: 493.365: [GC (Allocation Failure) [PSYoungGen: 190130K->10199K(193024K)] 477085K->298655K(602624K), 0.0024950 secs] [Times: user=0.00 sys=0.00, real=0.00 secs] 
2024-10-04T14:08:12.460+0300: 493.367: Total time for which application threads were stopped: 0.0028323 seconds, Stopping threads took: 0.0001661 seconds
2024-10-04T14:08:12.806+0300: 493.711: Application time: 0.3432621 seconds
2024-10-04T14:08:12.806+0300: 493.711: [GC (Allocation Failure) [PSYoungGen: 190960K->9390K(193024K)] 479416K->299327K(602624K), 0.0022718 secs] [Times: user=0.00 sys=0.00, real=0.00 secs] 
2024-10-04T14:08:12.806+0300: 493.713: Total time for which application threads were stopped: 0.0026070 seconds, Stopping threads took: 0.0002040 seconds
2024-10-04T14:08:12.978+0300: 493.881: Application time: 0.1681648 seconds
2024-10-04T14:08:12.978+0300: 493.882: [GC (Allocation Failure) [PSYoungGen: 190169K->10103K(193024K)] 480106K->300816K(602624K), 0.0023340 secs] [Times: user=0.00 sys=0.00, real=0.00 secs] 
2024-10-04T14:08:12.978+0300: 493.884: Total time for which application threads were stopped: 0.0026702 seconds, Stopping threads took: 0.0001950 seconds
2024-10-04T14:08:13.591+0300: 494.500: Application time: 0.6157374 seconds
2024-10-04T14:08:13.591+0300: 494.500: [GC (Allocation Failure) [PSYoungGen: 191120K->10880K(193024K)] 481833K->303066K(602624K), 0.0026174 secs] [Times: user=0.00 sys=0.00, real=0.02 secs] 
2024-10-04T14:08:13.607+0300: 494.503: Total time for which application threads were stopped: 0.0029235 seconds, Stopping threads took: 0.0001085 seconds
2024-10-04T14:08:13.984+0300: 494.882: Application time: 0.3794925 seconds
2024-10-04T14:08:13.984+0300: 494.883: [GC (Allocation Failure) [PSYoungGen: 191434K->9423K(193024K)] 483621K->303066K(602624K), 0.0024764 secs] [Times: user=0.00 sys=0.00, real=0.00 secs] 
2024-10-04T14:08:13.984+0300: 494.885: Total time for which application threads were stopped: 0.0028820 seconds, Stopping threads took: 0.0002241 seconds
2024-10-04T14:08:14.047+0300: 494.949: Application time: 0.0643078 seconds
2024-10-04T14:08:14.047+0300: 494.950: [GC (Allocation Failure) [PSYoungGen: 190168K->9391K(193024K)] 483812K->304555K(602624K), 0.0021996 secs] [Times: user=0.00 sys=0.00, real=0.00 secs] 
2024-10-04T14:08:14.047+0300: 494.952: Total time for which application threads were stopped: 0.0024579 seconds, Stopping threads took: 0.0000892 seconds
2024-10-04T14:08:14.675+0300: 495.578: Application time: 0.6262126 seconds
2024-10-04T14:08:14.675+0300: 495.578: [GC (Allocation Failure) [PSYoungGen: 190392K->9422K(193024K)] 485557K->306060K(602624K), 0.0023860 secs] [Times: user=0.00 sys=0.00, real=0.00 secs] 
2024-10-04T14:08:14.675+0300: 495.581: Total time for which application threads were stopped: 0.0026994 seconds, Stopping threads took: 0.0001488 seconds
2024-10-04T14:08:14.894+0300: 495.792: Application time: 0.2114672 seconds
2024-10-04T14:08:14.894+0300: 495.793: [GC (Allocation Failure) [PSYoungGen: 190243K->9390K(193024K)] 486880K->306812K(602624K), 0.0022032 secs] [Times: user=0.00 sys=0.00, real=0.00 secs] 
2024-10-04T14:08:14.894+0300: 495.795: Total time for which application threads were stopped: 0.0025565 seconds, Stopping threads took: 0.0002210 seconds
2024-10-04T14:08:15.177+0300: 496.076: Application time: 0.2814890 seconds
2024-10-04T14:08:15.177+0300: 496.077: [GC (Allocation Failure) [PSYoungGen: 190134K->10103K(193536K)] 487556K->308293K(603136K), 0.0022376 secs] [Times: user=0.00 sys=0.00, real=0.00 secs] 
2024-10-04T14:08:15.177+0300: 496.079: Total time for which application threads were stopped: 0.0025003 seconds, Stopping threads took: 0.0001218 seconds
2024-10-04T14:08:15.868+0300: 496.772: Application time: 0.6933721 seconds
2024-10-04T14:08:15.868+0300: 496.772: [GC (Allocation Failure) [PSYoungGen: 191843K->9455K(193536K)] 490034K->310535K(603136K), 0.0026530 secs] [Times: user=0.00 sys=0.00, real=0.00 secs] 
2024-10-04T14:08:15.868+0300: 496.775: Total time for which application threads were stopped: 0.0030225 seconds, Stopping threads took: 0.0002357 seconds
2024-10-04T14:08:16.151+0300: 497.053: Application time: 0.2777347 seconds
2024-10-04T14:08:16.151+0300: 497.053: [GC (Allocation Failure) [PSYoungGen: 191548K->10135K(193536K)] 492628K->312665K(603136K), 0.0024154 secs] [Times: user=0.00 sys=0.00, real=0.00 secs] 
2024-10-04T14:08:16.151+0300: 497.056: Total time for which application threads were stopped: 0.0029745 seconds, Stopping threads took: 0.0004303 seconds
2024-10-04T14:08:16.386+0300: 497.288: Application time: 0.2318840 seconds
2024-10-04T14:08:16.386+0300: 497.288: [GC (Allocation Failure) [PSYoungGen: 191776K->10103K(193536K)] 494306K->314150K(603136K), 0.0024066 secs] [Times: user=0.00 sys=0.00, real=0.00 secs] 
2024-10-04T14:08:16.386+0300: 497.291: Total time for which application threads were stopped: 0.0027487 seconds, Stopping threads took: 0.0001941 seconds
2024-10-04T14:08:16.849+0300: 497.746: Application time: 0.4550457 seconds
2024-10-04T14:08:16.849+0300: 497.746: [GC (Allocation Failure) [PSYoungGen: 192214K->9454K(193536K)] 496261K->314974K(603136K), 0.0023395 secs] [Times: user=0.00 sys=0.00, real=0.00 secs] 
2024-10-04T14:08:16.849+0300: 497.748: Total time for which application threads were stopped: 0.0027032 seconds, Stopping threads took: 0.0002100 seconds
2024-10-04T14:08:16.951+0300: 497.859: Application time: 0.1102523 seconds
2024-10-04T14:08:16.951+0300: 497.859: [GC (Allocation Failure) [PSYoungGen: 191646K->8710K(193536K)] 497166K->315006K(603136K), 0.0020777 secs] [Times: user=0.00 sys=0.00, real=0.00 secs] 
2024-10-04T14:08:16.951+0300: 497.861: Total time for which application threads were stopped: 0.0023833 seconds, Stopping threads took: 0.0001539 seconds
2024-10-04T14:08:17.405+0300: 498.303: Application time: 0.4423892 seconds
2024-10-04T14:08:17.405+0300: 498.304: [GC (Allocation Failure) [PSYoungGen: 190790K->10103K(193536K)] 497087K->317872K(603136K), 0.0023422 secs] [Times: user=0.00 sys=0.00, real=0.00 secs] 
2024-10-04T14:08:17.405+0300: 498.306: Total time for which application threads were stopped: 0.0026860 seconds, Stopping threads took: 0.0001938 seconds
2024-10-04T14:08:18.127+0300: 499.038: Application time: 0.7322508 seconds
2024-10-04T14:08:18.142+0300: 499.039: [GC (Allocation Failure) [PSYoungGen: 191847K->9454K(193536K)] 499617K->319402K(603136K), 0.0024425 secs] [Times: user=0.00 sys=0.00, real=0.00 secs] 
2024-10-04T14:08:18.142+0300: 499.041: Total time for which application threads were stopped: 0.0029001 seconds, Stopping threads took: 0.0002807 seconds
2024-10-04T14:08:18.268+0300: 499.179: Application time: 0.1381504 seconds
2024-10-04T14:08:18.283+0300: 499.180: [GC (Allocation Failure) [PSYoungGen: 191510K->8678K(193536K)] 501457K->320803K(603136K), 0.0023622 secs] [Times: user=0.00 sys=0.00, real=0.00 secs] 
2024-10-04T14:08:18.283+0300: 499.182: Total time for which application threads were stopped: 0.0028190 seconds, Stopping threads took: 0.0003013 seconds
2024-10-04T14:08:18.553+0300: 499.457: Application time: 0.2751498 seconds
2024-10-04T14:08:18.553+0300: 499.458: [GC (Allocation Failure) [PSYoungGen: 190818K->9423K(193536K)] 502943K->322336K(603136K), 0.0024534 secs] [Times: user=0.00 sys=0.00, real=0.00 secs] 
2024-10-04T14:08:18.553+0300: 499.460: Total time for which application threads were stopped: 0.0027541 seconds, Stopping threads took: 0.0001198 seconds
2024-10-04T14:08:19.194+0300: 500.101: Application time: 0.6405344 seconds
2024-10-04T14:08:19.194+0300: 500.101: [GC (Allocation Failure) [PSYoungGen: 191502K->8742K(193536K)] 504416K->323841K(603136K), 0.0023957 secs] [Times: user=0.02 sys=0.00, real=0.00 secs] 
2024-10-04T14:08:19.194+0300: 500.103: Total time for which application threads were stopped: 0.0028179 seconds, Stopping threads took: 0.0002702 seconds
2024-10-04T14:08:19.272+0300: 500.175: Application time: 0.0711973 seconds
2024-10-04T14:08:19.272+0300: 500.175: [GC (Allocation Failure) [PSYoungGen: 190772K->9422K(193536K)] 505870K->324585K(603136K), 0.0021138 secs] [Times: user=0.00 sys=0.00, real=0.00 secs] 
2024-10-04T14:08:19.272+0300: 500.177: Total time for which application threads were stopped: 0.0024076 seconds, Stopping threads took: 0.0001543 seconds
2024-10-04T14:08:19.727+0300: 500.623: Application time: 0.4463104 seconds
2024-10-04T14:08:19.728+0300: 500.624: [GC (Allocation Failure) [PSYoungGen: 191175K->10815K(193536K)] 506338K->327503K(603136K), 0.0024516 secs] [Times: user=0.00 sys=0.00, real=0.00 secs] 
2024-10-04T14:08:19.728+0300: 500.626: Total time for which application threads were stopped: 0.0028252 seconds, Stopping threads took: 0.0002011 seconds
2024-10-04T14:08:20.354+0300: 501.252: Application time: 0.6257802 seconds
2024-10-04T14:08:20.356+0300: 501.252: [GC (Allocation Failure) [PSYoungGen: 192988K->10879K(193536K)] 509676K->329009K(603136K), 0.0025949 secs] [Times: user=0.00 sys=0.00, real=0.00 secs] 
2024-10-04T14:08:20.356+0300: 501.255: Total time for which application threads were stopped: 0.0029855 seconds, Stopping threads took: 0.0002129 seconds
2024-10-04T14:08:20.417+0300: 501.314: Application time: 0.0587499 seconds
2024-10-04T14:08:20.417+0300: 501.314: [GC (Allocation Failure) [PSYoungGen: 193118K->7965K(192512K)] 511247K->328296K(602112K), 0.0020863 secs] [Times: user=0.00 sys=0.00, real=0.00 secs] 
2024-10-04T14:08:20.417+0300: 501.316: Total time for which application threads were stopped: 0.0023646 seconds, Stopping threads took: 0.0001456 seconds
2024-10-04T14:08:20.809+0300: 501.706: Application time: 0.3899168 seconds
2024-10-04T14:08:20.809+0300: 501.706: [GC (Allocation Failure) [PSYoungGen: 188608K->8646K(193024K)] 508938K->330466K(602624K), 0.0021384 secs] [Times: user=0.00 sys=0.00, real=0.00 secs] 
2024-10-04T14:08:20.809+0300: 501.708: Total time for which application threads were stopped: 0.0024964 seconds, Stopping threads took: 0.0002119 seconds
2024-10-04T14:08:21.343+0300: 502.248: Application time: 0.5395145 seconds
2024-10-04T14:08:21.343+0300: 502.249: [GC (Allocation Failure) [PSYoungGen: 189720K->8742K(193024K)] 511540K->331322K(602624K), 0.0021210 secs] [Times: user=0.00 sys=0.00, real=0.00 secs] 
2024-10-04T14:08:21.343+0300: 502.251: Total time for which application threads were stopped: 0.0028003 seconds, Stopping threads took: 0.0005325 seconds
2024-10-04T14:08:21.406+0300: 502.306: Application time: 0.0551927 seconds
2024-10-04T14:08:21.406+0300: 502.306: [GC (Allocation Failure) [PSYoungGen: 189526K->8710K(193024K)] 512106K->331386K(602624K), 0.0020965 secs] [Times: user=0.00 sys=0.00, real=0.00 secs] 
2024-10-04T14:08:21.406+0300: 502.308: Total time for which application threads were stopped: 0.0024075 seconds, Stopping threads took: 0.0001663 seconds
2024-10-04T14:08:21.908+0300: 502.819: Application time: 0.5108670 seconds
2024-10-04T14:08:21.908+0300: 502.820: [GC (Allocation Failure) [PSYoungGen: 189722K->10135K(193024K)] 512398K->334997K(602624K), 0.0026234 secs] [Times: user=0.02 sys=0.00, real=0.02 secs] 
2024-10-04T14:08:21.924+0300: 502.822: Total time for which application threads were stopped: 0.0029492 seconds, Stopping threads took: 0.0001802 seconds
2024-10-04T14:08:22.427+0300: 503.324: Application time: 0.5014492 seconds
2024-10-04T14:08:22.427+0300: 503.324: [GC (Allocation Failure) [PSYoungGen: 190858K->8614K(193024K)] 515720K->335653K(602624K), 0.0022785 secs] [Times: user=0.00 sys=0.00, real=0.00 secs] 
2024-10-04T14:08:22.427+0300: 503.326: Total time for which application threads were stopped: 0.0026714 seconds, Stopping threads took: 0.0002223 seconds
2024-10-04T14:08:22.741+0300: 503.652: Application time: 0.3257516 seconds
2024-10-04T14:08:22.741+0300: 503.652: [GC (Allocation Failure) [PSYoungGen: 189312K->11624K(192000K)] 516352K->338703K(601600K), 0.0024220 secs] [Times: user=0.02 sys=0.00, real=0.02 secs] 
2024-10-04T14:08:22.757+0300: 503.655: Total time for which application threads were stopped: 0.0027223 seconds, Stopping threads took: 0.0001443 seconds
2024-10-04T14:08:23.133+0300: 504.030: Application time: 0.3748333 seconds
2024-10-04T14:08:23.133+0300: 504.030: [GC (Allocation Failure) [PSYoungGen: 191583K->8030K(192512K)] 518663K->338712K(602112K), 0.0024311 secs] [Times: user=0.00 sys=0.00, real=0.00 secs] 
2024-10-04T14:08:23.133+0300: 504.032: Total time for which application threads were stopped: 0.0027603 seconds, Stopping threads took: 0.0001800 seconds
2024-10-04T14:08:23.667+0300: 504.578: Application time: 0.5453438 seconds
2024-10-04T14:08:23.667+0300: 504.578: [GC (Allocation Failure) [PSYoungGen: 188109K->10167K(192512K)] 518791K->341610K(602112K), 0.0023575 secs] [Times: user=0.02 sys=0.00, real=0.01 secs] 
2024-10-04T14:08:23.682+0300: 504.581: Total time for which application threads were stopped: 0.0027500 seconds, Stopping threads took: 0.0002343 seconds
2024-10-04T14:08:23.887+0300: 504.787: Application time: 0.2061657 seconds
2024-10-04T14:08:23.887+0300: 504.787: [GC (Allocation Failure) [PSYoungGen: 190155K->7933K(192512K)] 521598K->340857K(602112K), 0.0020063 secs] [Times: user=0.00 sys=0.00, real=0.00 secs] 
2024-10-04T14:08:23.887+0300: 504.789: Total time for which application threads were stopped: 0.0022903 seconds, Stopping threads took: 0.0001537 seconds
2024-10-04T14:08:24.718+0300: 505.620: Application time: 0.8308313 seconds
2024-10-04T14:08:24.718+0300: 505.620: [GC (Allocation Failure) [PSYoungGen: 187919K->5860K(191488K)] 520843K->338823K(601088K), 0.0017169 secs] [Times: user=0.00 sys=0.00, real=0.00 secs] 
2024-10-04T14:08:24.718+0300: 505.622: Total time for which application threads were stopped: 0.0020434 seconds, Stopping threads took: 0.0001707 seconds
2024-10-04T14:08:24.875+0300: 505.772: Application time: 0.1505351 seconds
2024-10-04T14:08:24.875+0300: 505.773: Total time for which application threads were stopped: 0.0001642 seconds, Stopping threads took: 0.0001052 seconds
2024-10-04T14:08:25.534+0300: 506.437: Application time: 0.6645052 seconds
2024-10-04T14:08:25.534+0300: 506.437: Total time for which application threads were stopped: 0.0001160 seconds, Stopping threads took: 0.0000708 seconds
2024-10-04T14:08:25.597+0300: 506.501: Application time: 0.0642342 seconds
2024-10-04T14:08:25.597+0300: 506.502: Total time for which application threads were stopped: 0.0002772 seconds, Stopping threads took: 0.0002274 seconds
2024-10-04T14:08:25.613+0300: 506.515: Application time: 0.0129456 seconds
2024-10-04T14:08:25.613+0300: 506.515: [GC (Allocation Failure) [PSYoungGen: 184809K->8870K(192000K)] 517773K->341841K(601600K), 0.0023669 secs] [Times: user=0.00 sys=0.00, real=0.00 secs] 
2024-10-04T14:08:25.613+0300: 506.518: Total time for which application threads were stopped: 0.0030936 seconds, Stopping threads took: 0.0005542 seconds
2024-10-04T14:08:25.644+0300: 506.540: Application time: 0.0220562 seconds
2024-10-04T14:08:25.644+0300: 506.540: [GC (Allocation Failure) [PSYoungGen: 187698K->8742K(192512K)] 520670K->342634K(602112K), 0.0023548 secs] [Times: user=0.00 sys=0.00, real=0.00 secs] 
2024-10-04T14:08:25.644+0300: 506.543: Total time for which application threads were stopped: 0.0030298 seconds, Stopping threads took: 0.0004721 seconds
2024-10-04T14:08:25.665+0300: 506.564: Application time: 0.0214411 seconds
2024-10-04T14:08:25.665+0300: 506.565: [GC (Allocation Failure) [PSYoungGen: 188580K->5180K(192512K)] 522473K->342651K(602112K), 0.0021805 secs] [Times: user=0.00 sys=0.00, real=0.00 secs] 
2024-10-04T14:08:25.665+0300: 506.567: Total time for which application threads were stopped: 0.0025639 seconds, Stopping threads took: 0.0001752 seconds
2024-10-04T14:08:25.989+0300: 506.890: Application time: 0.3234972 seconds
2024-10-04T14:08:25.989+0300: 506.891: [GC (Allocation Failure) [PSYoungGen: 185139K->11592K(190464K)] 522610K->349775K(600064K), 0.0024367 secs] [Times: user=0.00 sys=0.00, real=0.00 secs] 
2024-10-04T14:08:25.989+0300: 506.893: Total time for which application threads were stopped: 0.0027636 seconds, Stopping threads took: 0.0001856 seconds
2024-10-04T14:08:26.805+0300: 507.702: Application time: 0.8089318 seconds
2024-10-04T14:08:26.805+0300: 507.702: [GC (Allocation Failure) [PSYoungGen: 189474K->12305K(190976K)] 527657K->350488K(600576K), 0.0026593 secs] [Times: user=0.00 sys=0.00, real=0.00 secs] 
2024-10-04T14:08:26.805+0300: 507.705: Total time for which application threads were stopped: 0.0029801 seconds, Stopping threads took: 0.0001657 seconds
2024-10-04T14:08:27.448+0300: 508.351: Application time: 0.6458171 seconds
2024-10-04T14:08:27.448+0300: 508.351: [GC (Allocation Failure) [PSYoungGen: 190285K->8030K(190976K)] 528469K->350496K(600576K), 0.0025178 secs] [Times: user=0.00 sys=0.00, real=0.00 secs] 
2024-10-04T14:08:27.448+0300: 508.354: Total time for which application threads were stopped: 0.0028619 seconds, Stopping threads took: 0.0001946 seconds
2024-10-04T14:08:27.746+0300: 508.656: Application time: 0.3019944 seconds
2024-10-04T14:08:27.746+0300: 508.656: [GC (Allocation Failure) [PSYoungGen: 185163K->9390K(190976K)] 527630K->351889K(600576K), 0.0023276 secs] [Times: user=0.01 sys=0.00, real=0.02 secs] 
2024-10-04T14:08:27.762+0300: 508.658: Total time for which application threads were stopped: 0.0026865 seconds, Stopping threads took: 0.0001795 seconds
2024-10-04T14:08:27.825+0300: 508.724: Application time: 0.0657010 seconds
2024-10-04T14:08:27.825+0300: 508.724: [GC (Allocation Failure) [PSYoungGen: 186424K->8710K(191488K)] 528922K->352009K(601088K), 0.0022179 secs] [Times: user=0.00 sys=0.00, real=0.00 secs] 
2024-10-04T14:08:27.825+0300: 508.727: Total time for which application threads were stopped: 0.0025404 seconds, Stopping threads took: 0.0001390 seconds
2024-10-04T14:08:27.982+0300: 508.892: Application time: 0.1657889 seconds
2024-10-04T14:08:27.982+0300: 508.893: [GC (Allocation Failure) [PSYoungGen: 186239K->8710K(191488K)] 529538K->353490K(601088K), 0.0023862 secs] [Times: user=0.02 sys=0.00, real=0.01 secs] 
2024-10-04T14:08:27.997+0300: 508.895: Total time for which application threads were stopped: 0.0027256 seconds, Stopping threads took: 0.0001466 seconds
2024-10-04T14:08:28.296+0300: 509.198: Application time: 0.3023036 seconds
2024-10-04T14:08:28.296+0300: 509.198: [GC (Allocation Failure) [PSYoungGen: 186554K->9422K(192000K)] 531335K->355007K(601600K), 0.0021493 secs] [Times: user=0.00 sys=0.00, real=0.00 secs] 
2024-10-04T14:08:28.296+0300: 509.200: Total time for which application threads were stopped: 0.0024544 seconds, Stopping threads took: 0.0001721 seconds
2024-10-04T14:08:29.081+0300: 509.985: Application time: 0.7848792 seconds
2024-10-04T14:08:29.081+0300: 509.985: [GC (Allocation Failure) [PSYoungGen: 188276K->12305K(192000K)] 533861K->357937K(601600K), 0.0025642 secs] [Times: user=0.00 sys=0.00, real=0.00 secs] 
2024-10-04T14:08:29.081+0300: 509.988: Total time for which application threads were stopped: 0.0029136 seconds, Stopping threads took: 0.0002077 seconds
2024-10-04T14:08:29.677+0300: 510.587: Application time: 0.5988543 seconds
2024-10-04T14:08:29.677+0300: 510.587: [GC (Allocation Failure) [PSYoungGen: 190933K->8774K(190976K)] 536566K->357978K(600576K), 0.0027245 secs] [Times: user=0.02 sys=0.00, real=0.02 secs] 
2024-10-04T14:08:29.693+0300: 510.590: Total time for which application threads were stopped: 0.0031118 seconds, Stopping threads took: 0.0002214 seconds
2024-10-04T14:08:30.022+0300: 510.924: Application time: 0.3341310 seconds
2024-10-04T14:08:30.022+0300: 510.924: [GC (Allocation Failure) [PSYoungGen: 186848K->9422K(191488K)] 536051K->358698K(601088K), 0.0022214 secs] [Times: user=0.00 sys=0.00, real=0.00 secs] 
2024-10-04T14:08:30.022+0300: 510.926: Total time for which application threads were stopped: 0.0025742 seconds, Stopping threads took: 0.0001977 seconds
2024-10-04T14:08:30.179+0300: 511.089: Application time: 0.1622463 seconds
2024-10-04T14:08:30.179+0300: 511.089: [GC (Allocation Failure) [PSYoungGen: 187016K->8029K(192000K)] 536291K->358057K(601600K), 0.0021418 secs] [Times: user=0.00 sys=0.00, real=0.02 secs] 
2024-10-04T14:08:30.195+0300: 511.091: Total time for which application threads were stopped: 0.0025606 seconds, Stopping threads took: 0.0002697 seconds
2024-10-04T14:08:30.257+0300: 511.166: Application time: 0.0751424 seconds
2024-10-04T14:08:30.257+0300: 511.167: [GC (Allocation Failure) [PSYoungGen: 186851K->10135K(192000K)] 536879K->360963K(601600K), 0.0024170 secs] [Times: user=0.00 sys=0.00, real=0.02 secs] 
2024-10-04T14:08:30.273+0300: 511.169: Total time for which application threads were stopped: 0.0027826 seconds, Stopping threads took: 0.0002194 seconds
2024-10-04T14:08:30.540+0300: 511.441: Application time: 0.2718468 seconds
2024-10-04T14:08:30.540+0300: 511.441: [GC (Allocation Failure) [PSYoungGen: 188963K->9358K(192512K)] 539792K->361704K(602112K), 0.0023443 secs] [Times: user=0.00 sys=0.00, real=0.00 secs] 
2024-10-04T14:08:30.540+0300: 511.444: Total time for which application threads were stopped: 0.0026737 seconds, Stopping threads took: 0.0001550 seconds
2024-10-04T14:08:31.309+0300: 512.209: Application time: 0.7657061 seconds
2024-10-04T14:08:31.309+0300: 512.210: [GC (Allocation Failure) [PSYoungGen: 188905K->10880K(192000K)] 541250K->363225K(601600K), 0.0022391 secs] [Times: user=0.00 sys=0.00, real=0.00 secs] 
2024-10-04T14:08:31.309+0300: 512.212: Total time for which application threads were stopped: 0.0025559 seconds, Stopping threads took: 0.0001801 seconds
2024-10-04T14:08:31.877+0300: 512.777: Application time: 0.5647000 seconds
2024-10-04T14:08:31.877+0300: 512.777: [GC (Allocation Failure) [PSYoungGen: 190429K->8742K(192000K)] 542775K->364667K(601600K), 0.0025904 secs] [Times: user=0.01 sys=0.00, real=0.00 secs] 
2024-10-04T14:08:31.877+0300: 512.780: Total time for which application threads were stopped: 0.0028993 seconds, Stopping threads took: 0.0001542 seconds
2024-10-04T14:08:32.266+0300: 513.167: Application time: 0.3870517 seconds
2024-10-04T14:08:32.266+0300: 513.167: [GC (Allocation Failure) [PSYoungGen: 187356K->9358K(192000K)] 543280K->365355K(601600K), 0.0042541 secs] [Times: user=0.00 sys=0.00, real=0.00 secs] 
2024-10-04T14:08:32.266+0300: 513.171: Total time for which application threads were stopped: 0.0046751 seconds, Stopping threads took: 0.0002279 seconds
2024-10-04T14:08:32.344+0300: 513.253: Application time: 0.0814761 seconds
2024-10-04T14:08:32.344+0300: 513.253: [GC (Allocation Failure) [PSYoungGen: 187931K->9422K(192512K)] 543927K->366187K(602112K), 0.0023309 secs] [Times: user=0.00 sys=0.00, real=0.00 secs] 
2024-10-04T14:08:32.344+0300: 513.255: Total time for which application threads were stopped: 0.0026662 seconds, Stopping threads took: 0.0001829 seconds
2024-10-04T14:08:32.423+0300: 513.329: Application time: 0.0732789 seconds
2024-10-04T14:08:32.423+0300: 513.329: [GC (Allocation Failure) [PSYoungGen: 188991K->9438K(192512K)] 545756K->366980K(602112K), 0.0022494 secs] [Times: user=0.00 sys=0.00, real=0.00 secs] 
2024-10-04T14:08:32.423+0300: 513.331: Total time for which application threads were stopped: 0.0025546 seconds, Stopping threads took: 0.0001559 seconds
2024-10-04T14:08:32.784+0300: 513.681: Application time: 0.3500055 seconds
2024-10-04T14:08:32.784+0300: 513.682: [GC (Allocation Failure) [PSYoungGen: 189512K->9390K(193024K)] 547053K->368445K(602624K), 0.0023260 secs] [Times: user=0.00 sys=0.00, real=0.00 secs] 
2024-10-04T14:08:32.784+0300: 513.684: Total time for which application threads were stopped: 0.0026285 seconds, Stopping threads took: 0.0001547 seconds
2024-10-04T14:08:33.537+0300: 514.438: Application time: 0.7535908 seconds
2024-10-04T14:08:33.537+0300: 514.438: [GC (Allocation Failure) [PSYoungGen: 190396K->11592K(193024K)] 549450K->371399K(602624K), 0.0025014 secs] [Times: user=0.02 sys=0.00, real=0.00 secs] 
2024-10-04T14:08:33.537+0300: 514.440: Total time for which application threads were stopped: 0.0028153 seconds, Stopping threads took: 0.0001584 seconds
2024-10-04T14:08:33.981+0300: 514.878: Application time: 0.4375678 seconds
2024-10-04T14:08:33.981+0300: 514.878: [GC (Allocation Failure) [PSYoungGen: 192544K->9423K(193024K)] 552351K->372104K(602624K), 0.0025848 secs] [Times: user=0.00 sys=0.00, real=0.00 secs] 
2024-10-04T14:08:33.981+0300: 514.881: Total time for which application threads were stopped: 0.0029302 seconds, Stopping threads took: 0.0002033 seconds
2024-10-04T14:08:34.352+0300: 515.249: Application time: 0.3682302 seconds
2024-10-04T14:08:34.352+0300: 515.249: [GC (Allocation Failure) [PSYoungGen: 190185K->8742K(193024K)] 552867K->372184K(602624K), 0.0021660 secs] [Times: user=0.00 sys=0.00, real=0.00 secs] 
2024-10-04T14:08:34.352+0300: 515.252: Total time for which application threads were stopped: 0.0025206 seconds, Stopping threads took: 0.0002209 seconds
2024-10-04T14:08:34.525+0300: 515.423: Application time: 0.1716532 seconds
2024-10-04T14:08:34.525+0300: 515.424: [GC (Allocation Failure) [PSYoungGen: 189947K->10199K(193024K)] 553388K->374401K(602624K), 0.0024794 secs] [Times: user=0.00 sys=0.00, real=0.00 secs] 
2024-10-04T14:08:34.525+0300: 515.426: Total time for which application threads were stopped: 0.0028511 seconds, Stopping threads took: 0.0001967 seconds
2024-10-04T14:08:34.588+0300: 515.497: Application time: 0.0706616 seconds
2024-10-04T14:08:34.588+0300: 515.497: [GC (Allocation Failure) [PSYoungGen: 190901K->8646K(193024K)] 555103K->374365K(602624K), 0.0024914 secs] [Times: user=0.00 sys=0.00, real=0.01 secs] 
2024-10-04T14:08:34.603+0300: 515.500: Total time for which application threads were stopped: 0.0028375 seconds, Stopping threads took: 0.0001762 seconds
2024-10-04T14:08:35.043+0300: 515.941: Application time: 0.4410040 seconds
2024-10-04T14:08:35.043+0300: 515.941: [GC (Allocation Failure) [PSYoungGen: 189435K->8710K(193024K)] 555155K->375910K(602624K), 0.0021901 secs] [Times: user=0.00 sys=0.00, real=0.00 secs] 
2024-10-04T14:08:35.043+0300: 515.943: Total time for which application threads were stopped: 0.0024479 seconds, Stopping threads took: 0.0001280 seconds
2024-10-04T14:08:35.756+0300: 516.653: Application time: 0.7095496 seconds
2024-10-04T14:08:35.756+0300: 516.653: [GC (Allocation Failure) [PSYoungGen: 189726K->10880K(192512K)] 556926K->378833K(602112K), 0.0026117 secs] [Times: user=0.00 sys=0.00, real=0.00 secs] 
2024-10-04T14:08:35.756+0300: 516.656: Total time for which application threads were stopped: 0.0030328 seconds, Stopping threads took: 0.0002199 seconds
2024-10-04T14:08:36.204+0300: 517.105: Application time: 0.4488580 seconds
2024-10-04T14:08:36.204+0300: 517.105: [GC (Allocation Failure) [PSYoungGen: 191654K->8679K(192512K)] 559607K->380218K(602112K), 0.0025387 secs] [Times: user=0.02 sys=0.00, real=0.00 secs] 
2024-10-04T14:08:36.204+0300: 517.107: Total time for which application threads were stopped: 0.0029254 seconds, Stopping threads took: 0.0002208 seconds
2024-10-04T14:08:36.487+0300: 517.389: Application time: 0.2816084 seconds
2024-10-04T14:08:36.487+0300: 517.389: [GC (Allocation Failure) [PSYoungGen: 188714K->9423K(192512K)] 560254K->381018K(602112K), 0.0022433 secs] [Times: user=0.00 sys=0.00, real=0.00 secs] 
2024-10-04T14:08:36.487+0300: 517.392: Total time for which application threads were stopped: 0.0025782 seconds, Stopping threads took: 0.0001878 seconds
2024-10-04T14:08:36.722+0300: 517.619: Application time: 0.2276851 seconds
2024-10-04T14:08:36.722+0300: 517.620: [GC (Allocation Failure) [PSYoungGen: 189106K->10135K(193024K)] 560702K->382499K(602624K), 0.0023145 secs] [Times: user=0.00 sys=0.00, real=0.00 secs] 
2024-10-04T14:08:36.722+0300: 517.622: Total time for which application threads were stopped: 0.0026310 seconds, Stopping threads took: 0.0001634 seconds
2024-10-04T14:08:36.863+0300: 517.775: Application time: 0.1525510 seconds
2024-10-04T14:08:36.879+0300: 517.775: [GC (Allocation Failure) [PSYoungGen: 191215K->7997K(193024K)] 563579K->381874K(602624K), 0.0022235 secs] [Times: user=0.00 sys=0.00, real=0.00 secs] 
2024-10-04T14:08:36.879+0300: 517.777: Total time for which application threads were stopped: 0.0026002 seconds, Stopping threads took: 0.0002098 seconds
2024-10-04T14:08:37.397+0300: 518.299: Application time: 0.5220260 seconds
2024-10-04T14:08:37.397+0300: 518.299: [GC (Allocation Failure) [PSYoungGen: 189013K->8710K(193024K)] 562890K->384100K(602624K), 0.0022894 secs] [Times: user=0.00 sys=0.00, real=0.00 secs] 
2024-10-04T14:08:37.397+0300: 518.302: Total time for which application threads were stopped: 0.0025722 seconds, Stopping threads took: 0.0001552 seconds
2024-10-04T14:08:38.088+0300: 518.988: Application time: 0.6864110 seconds
2024-10-04T14:08:38.088+0300: 518.988: [GC (Allocation Failure) [PSYoungGen: 189723K->11592K(193024K)] 565114K->387703K(602624K), 0.0026322 secs] [Times: user=0.00 sys=0.00, real=0.00 secs] 
2024-10-04T14:08:38.088+0300: 518.991: Total time for which application threads were stopped: 0.0029446 seconds, Stopping threads took: 0.0001237 seconds
2024-10-04T14:08:38.432+0300: 519.343: Application time: 0.3520901 seconds
2024-10-04T14:08:38.432+0300: 519.343: [GC (Allocation Failure) [PSYoungGen: 192380K->8678K(192000K)] 568490K->388384K(601600K), 0.0026138 secs] [Times: user=0.02 sys=0.00, real=0.02 secs] 
2024-10-04T14:08:38.448+0300: 519.346: Total time for which application threads were stopped: 0.0029269 seconds, Stopping threads took: 0.0001261 seconds
2024-10-04T14:08:38.730+0300: 519.641: Application time: 0.2946310 seconds
2024-10-04T14:08:38.730+0300: 519.641: [GC (Allocation Failure) [PSYoungGen: 188665K->9422K(192512K)] 568371K->389192K(602112K), 0.0023940 secs] [Times: user=0.01 sys=0.00, real=0.02 secs] 
2024-10-04T14:08:38.746+0300: 519.643: Total time for which application threads were stopped: 0.0026944 seconds, Stopping threads took: 0.0000934 seconds
2024-10-04T14:08:38.934+0300: 519.834: Application time: 0.1909280 seconds
2024-10-04T14:08:38.934+0300: 519.835: [GC (Allocation Failure) [PSYoungGen: 189117K->9390K(193024K)] 568886K->390649K(602624K), 0.0023081 secs] [Times: user=0.00 sys=0.00, real=0.00 secs] 
2024-10-04T14:08:38.934+0300: 519.837: Total time for which application threads were stopped: 0.0026133 seconds, Stopping threads took: 0.0001178 seconds
2024-10-04T14:08:39.013+0300: 519.917: Application time: 0.0796361 seconds
2024-10-04T14:08:39.013+0300: 519.917: [GC (Allocation Failure) [PSYoungGen: 189692K->10135K(192512K)] 570951K->392190K(602112K), 0.0026157 secs] [Times: user=0.00 sys=0.00, real=0.00 secs] 
2024-10-04T14:08:39.013+0300: 519.920: Total time for which application threads were stopped: 0.0029889 seconds, Stopping threads took: 0.0002105 seconds
2024-10-04T14:08:39.594+0300: 520.501: Application time: 0.5813721 seconds
2024-10-04T14:08:39.594+0300: 520.501: [GC (Allocation Failure) [PSYoungGen: 190427K->9454K(193024K)] 572483K->393010K(602624K), 0.0023332 secs] [Times: user=0.00 sys=0.00, real=0.00 secs] 
2024-10-04T14:08:39.594+0300: 520.504: Total time for which application threads were stopped: 0.0026575 seconds, Stopping threads took: 0.0001359 seconds
2024-10-04T14:08:40.331+0300: 521.242: Application time: 0.7381879 seconds
2024-10-04T14:08:40.331+0300: 521.242: [GC (Allocation Failure) [PSYoungGen: 190633K->11592K(193024K)] 574189K->395869K(602624K), 0.0026861 secs] [Times: user=0.02 sys=0.00, real=0.02 secs] 
2024-10-04T14:08:40.347+0300: 521.245: Total time for which application threads were stopped: 0.0029804 seconds, Stopping threads took: 0.0001423 seconds
2024-10-04T14:08:40.693+0300: 521.594: Application time: 0.3495961 seconds
2024-10-04T14:08:40.693+0300: 521.595: [GC (Allocation Failure) [PSYoungGen: 192395K->8710K(192000K)] 576671K->396574K(601600K), 0.0027357 secs] [Times: user=0.00 sys=0.00, real=0.00 secs] 
2024-10-04T14:08:40.693+0300: 521.597: Total time for which application threads were stopped: 0.0030418 seconds, Stopping threads took: 0.0001087 seconds
2024-10-04T14:08:41.068+0300: 521.969: Application time: 0.3719928 seconds
2024-10-04T14:08:41.068+0300: 521.970: [GC (Allocation Failure) [PSYoungGen: 188710K->8710K(192512K)] 576573K->397350K(602112K), 0.0020739 secs] [Times: user=0.00 sys=0.00, real=0.00 secs] 
2024-10-04T14:08:41.068+0300: 521.972: Total time for which application threads were stopped: 0.0023607 seconds, Stopping threads took: 0.0001555 seconds
2024-10-04T14:08:41.115+0300: 522.021: Application time: 0.0490961 seconds
2024-10-04T14:08:41.115+0300: 522.021: [GC (Allocation Failure) [PSYoungGen: 188404K->8710K(193024K)] 577043K->398126K(602624K), 0.0022293 secs] [Times: user=0.00 sys=0.00, real=0.00 secs] 
2024-10-04T14:08:41.115+0300: 522.023: Total time for which application threads were stopped: 0.0025386 seconds, Stopping threads took: 0.0001786 seconds
2024-10-04T14:08:41.272+0300: 522.173: Application time: 0.1497041 seconds
2024-10-04T14:08:41.272+0300: 522.174: [GC (Allocation Failure) [PSYoungGen: 188921K->8742K(192512K)] 578337K->398971K(602112K), 0.0021782 secs] [Times: user=0.00 sys=0.00, real=0.00 secs] 
2024-10-04T14:08:41.272+0300: 522.176: Total time for which application threads were stopped: 0.0026620 seconds, Stopping threads took: 0.0003373 seconds
2024-10-04T14:08:41.915+0300: 522.819: Application time: 0.6435840 seconds
2024-10-04T14:08:41.915+0300: 522.820: [GC (Allocation Failure) [PSYoungGen: 189032K->10879K(192000K)] 579261K->401897K(601600K), 0.0024100 secs] [Times: user=0.00 sys=0.00, real=0.00 secs] 
2024-10-04T14:08:41.915+0300: 522.822: Total time for which application threads were stopped: 0.0027647 seconds, Stopping threads took: 0.0002110 seconds
2024-10-04T14:08:42.605+0300: 523.506: Application time: 0.6836354 seconds
2024-10-04T14:08:42.605+0300: 523.506: [GC (Allocation Failure) [PSYoungGen: 190446K->10848K(192512K)] 581463K->403298K(602112K), 0.0028604 secs] [Times: user=0.00 sys=0.00, real=0.00 secs] 
2024-10-04T14:08:42.605+0300: 523.509: Total time for which application threads were stopped: 0.0031683 seconds, Stopping threads took: 0.0001311 seconds
2024-10-04T14:08:42.809+0300: 523.720: Application time: 0.2106541 seconds
2024-10-04T14:08:42.809+0300: 523.720: [GC (Allocation Failure) [PSYoungGen: 190766K->7982K(192512K)] 583217K->403306K(602112K), 0.0027098 secs] [Times: user=0.02 sys=0.00, real=0.02 secs] 
2024-10-04T14:08:42.825+0300: 523.723: Total time for which application threads were stopped: 0.0030268 seconds, Stopping threads took: 0.0001666 seconds
2024-10-04T14:08:43.185+0300: 524.088: Application time: 0.3657149 seconds
2024-10-04T14:08:43.185+0300: 524.089: [GC (Allocation Failure) [PSYoungGen: 187962K->9422K(192512K)] 583287K->405540K(602112K), 0.0023018 secs] [Times: user=0.00 sys=0.00, real=0.00 secs] 
2024-10-04T14:08:43.185+0300: 524.091: Total time for which application threads were stopped: 0.0026431 seconds, Stopping threads took: 0.0002050 seconds
2024-10-04T14:08:43.311+0300: 524.216: Application time: 0.1246256 seconds
2024-10-04T14:08:43.311+0300: 524.216: [GC (Allocation Failure) [PSYoungGen: 189375K->9390K(193024K)] 585492K->406284K(602624K), 0.0022606 secs] [Times: user=0.00 sys=0.00, real=0.00 secs] 
2024-10-04T14:08:43.311+0300: 524.218: Total time for which application threads were stopped: 0.0026132 seconds, Stopping threads took: 0.0002220 seconds
2024-10-04T14:08:43.468+0300: 524.368: Application time: 0.1501982 seconds
2024-10-04T14:08:43.468+0300: 524.369: [GC (Allocation Failure) [PSYoungGen: 189640K->9390K(192512K)] 586534K->407069K(602112K), 0.0023823 secs] [Times: user=0.00 sys=0.00, real=0.00 secs] 
2024-10-04T14:08:43.468+0300: 524.371: Total time for which application threads were stopped: 0.0026720 seconds, Stopping threads took: 0.0001393 seconds
2024-10-04T14:08:44.158+0300: 525.055: Application time: 0.6841106 seconds
2024-10-04T14:08:44.158+0300: 525.056: [GC (Allocation Failure) [PSYoungGen: 189681K->10167K(193024K)] 587359K->409338K(602624K), 0.0024871 secs] [Times: user=0.00 sys=0.00, real=0.00 secs] 
2024-10-04T14:08:44.158+0300: 525.058: Total time for which application threads were stopped: 0.0027956 seconds, Stopping threads took: 0.0001627 seconds
2024-10-04T14:08:44.786+0300: 525.683: Application time: 0.6245227 seconds
2024-10-04T14:08:44.786+0300: 525.683: [GC (Allocation Failure) [PSYoungGen: 190925K->10912K(192512K)] 590097K->410804K(602112K), 0.0026286 secs] [Times: user=0.00 sys=0.00, real=0.00 secs] 
2024-10-04T14:08:44.786+0300: 525.686: Total time for which application threads were stopped: 0.0029219 seconds, Stopping threads took: 0.0001064 seconds
2024-10-04T14:08:45.147+0300: 526.051: Application time: 0.3649830 seconds
2024-10-04T14:08:45.147+0300: 526.051: [GC (Allocation Failure) [PSYoungGen: 191688K->9391K(193024K)] 591580K->412197K(602624K), 0.0026190 secs] [Times: user=0.00 sys=0.00, real=0.00 secs] 
2024-10-04T14:08:45.147+0300: 526.053: Total time for which application threads were stopped: 0.0029760 seconds, Stopping threads took: 0.0002064 seconds
2024-10-04T14:08:45.350+0300: 526.252: Application time: 0.1982788 seconds
2024-10-04T14:08:45.350+0300: 526.252: [GC (Allocation Failure) [PSYoungGen: 189424K->9455K(192512K)] 592230K->413029K(602112K), 0.0023433 secs] [Times: user=0.00 sys=0.00, real=0.00 secs] 
2024-10-04T14:08:45.350+0300: 526.254: Total time for which application threads were stopped: 0.0027095 seconds, Stopping threads took: 0.0002358 seconds
2024-10-04T14:08:45.633+0300: 526.533: Application time: 0.2789824 seconds
2024-10-04T14:08:45.633+0300: 526.534: [GC (Allocation Failure) [PSYoungGen: 189814K->9390K(193024K)] 593389K->413742K(602624K), 0.0025189 secs] [Times: user=0.00 sys=0.00, real=0.00 secs] 
2024-10-04T14:08:45.633+0300: 526.536: Total time for which application threads were stopped: 0.0029819 seconds, Stopping threads took: 0.0002286 seconds
2024-10-04T14:08:45.806+0300: 526.711: Application time: 0.1741301 seconds
2024-10-04T14:08:45.806+0300: 526.711: [GC (Allocation Failure) [PSYoungGen: 190042K->9422K(193024K)] 594394K->414586K(602624K), 0.0024272 secs] [Times: user=0.00 sys=0.00, real=0.00 secs] 
2024-10-04T14:08:45.806+0300: 526.713: Total time for which application threads were stopped: 0.0027682 seconds, Stopping threads took: 0.0001599 seconds
2024-10-04T14:08:46.465+0300: 527.374: Application time: 0.6610202 seconds
2024-10-04T14:08:46.465+0300: 527.375: [GC (Allocation Failure) [PSYoungGen: 190429K->10879K(192512K)] 595593K->417516K(602112K), 0.0026668 secs] [Times: user=0.02 sys=0.00, real=0.02 secs] 
2024-10-04T14:08:46.480+0300: 527.377: [Full GC (Ergonomics) [PSYoungGen: 10879K->0K(192512K)] [ParOldGen: 406636K->16940K(409600K)] 417516K->16940K(602112K), [Metaspace: 8311K->8311K(1056768K)], 0.0084826 secs] [Times: user=0.00 sys=0.00, real=0.00 secs] 
2024-10-04T14:08:46.480+0300: 527.386: Total time for which application threads were stopped: 0.0115773 seconds, Stopping threads took: 0.0001883 seconds
2024-10-04T14:08:46.952+0300: 527.857: Application time: 0.4712032 seconds
2024-10-04T14:08:46.952+0300: 527.857: [GC (Allocation Failure) [PSYoungGen: 180768K->10880K(192512K)] 197708K->27820K(602112K), 0.0020953 secs] [Times: user=0.00 sys=0.00, real=0.00 secs] 
2024-10-04T14:08:46.952+0300: 527.860: Total time for which application threads were stopped: 0.0024291 seconds, Stopping threads took: 0.0001982 seconds
2024-10-04T14:08:47.281+0300: 528.178: Application time: 0.3179788 seconds
2024-10-04T14:08:47.281+0300: 528.178: [GC (Allocation Failure) [PSYoungGen: 191650K->9359K(193024K)] 208591K->28501K(602624K), 0.0020300 secs] [Times: user=0.00 sys=0.00, real=0.00 secs] 
2024-10-04T14:08:47.281+0300: 528.180: Total time for which application threads were stopped: 0.0023937 seconds, Stopping threads took: 0.0002055 seconds
2024-10-04T14:08:47.532+0300: 528.440: Application time: 0.2599153 seconds
2024-10-04T14:08:47.532+0300: 528.440: [GC (Allocation Failure) [PSYoungGen: 190081K->9455K(192512K)] 209223K->29349K(602112K), 0.0019965 secs] [Times: user=0.00 sys=0.00, real=0.00 secs] 
2024-10-04T14:08:47.532+0300: 528.442: Total time for which application threads were stopped: 0.0023008 seconds, Stopping threads took: 0.0001365 seconds
2024-10-04T14:08:47.987+0300: 528.898: Application time: 0.4562626 seconds
2024-10-04T14:08:47.987+0300: 528.899: [GC (Allocation Failure) [PSYoungGen: 190107K->8678K(193024K)] 210002K->30062K(602624K), 0.0020167 secs] [Times: user=0.00 sys=0.00, real=0.02 secs] 
2024-10-04T14:08:48.003+0300: 528.901: Total time for which application threads were stopped: 0.0023437 seconds, Stopping threads took: 0.0001769 seconds
2024-10-04T14:08:48.129+0300: 529.033: Application time: 0.1323771 seconds
2024-10-04T14:08:48.129+0300: 529.033: [GC (Allocation Failure) [PSYoungGen: 189708K->10199K(193024K)] 211091K->32351K(602624K), 0.0021133 secs] [Times: user=0.00 sys=0.00, real=0.00 secs] 
2024-10-04T14:08:48.129+0300: 529.036: Total time for which application threads were stopped: 0.0024375 seconds, Stopping threads took: 0.0001817 seconds
2024-10-04T14:08:48.787+0300: 529.686: Application time: 0.6502769 seconds
2024-10-04T14:08:48.787+0300: 529.686: [GC (Allocation Failure) [PSYoungGen: 191204K->10167K(193024K)] 213356K->33820K(602624K), 0.0020563 secs] [Times: user=0.00 sys=0.00, real=0.00 secs] 
2024-10-04T14:08:48.787+0300: 529.688: Total time for which application threads were stopped: 0.0023897 seconds, Stopping threads took: 0.0001889 seconds
2024-10-04T14:08:49.227+0300: 530.124: Application time: 0.4355909 seconds
2024-10-04T14:08:49.227+0300: 530.124: [GC (Allocation Failure) [PSYoungGen: 190942K->9455K(193024K)] 214595K->35261K(602624K), 0.0020664 secs] [Times: user=0.00 sys=0.00, real=0.00 secs] 
2024-10-04T14:08:49.227+0300: 530.126: Total time for which application threads were stopped: 0.0024061 seconds, Stopping threads took: 0.0001981 seconds
2024-10-04T14:08:49.587+0300: 530.484: Application time: 0.3574763 seconds
2024-10-04T14:08:49.587+0300: 530.484: [GC (Allocation Failure) [PSYoungGen: 190172K->9359K(193024K)] 215979K->37367K(602624K), 0.0022809 secs] [Times: user=0.00 sys=0.00, real=0.00 secs] 
2024-10-04T14:08:49.587+0300: 530.486: Total time for which application threads were stopped: 0.0026662 seconds, Stopping threads took: 0.0001920 seconds
2024-10-04T14:08:49.886+0300: 530.789: Application time: 0.3024437 seconds
2024-10-04T14:08:49.886+0300: 530.789: [GC (Allocation Failure) [PSYoungGen: 190068K->9454K(193024K)] 218076K->38224K(602624K), 0.0020614 secs] [Times: user=0.00 sys=0.00, real=0.00 secs] 
2024-10-04T14:08:49.886+0300: 530.791: Total time for which application threads were stopped: 0.0023711 seconds, Stopping threads took: 0.0001560 seconds
2024-10-04T14:08:50.262+0300: 531.170: Application time: 0.3783523 seconds
2024-10-04T14:08:50.262+0300: 531.170: [GC (Allocation Failure) [PSYoungGen: 190569K->10199K(193536K)] 219338K->40433K(603136K), 0.0023130 secs] [Times: user=0.00 sys=0.00, real=0.00 secs] 
2024-10-04T14:08:50.262+0300: 531.172: Total time for which application threads were stopped: 0.0026720 seconds, Stopping threads took: 0.0001926 seconds
2024-10-04T14:08:50.325+0300: 531.235: Application time: 0.0627746 seconds
2024-10-04T14:08:50.325+0300: 531.235: [GC (Allocation Failure) [PSYoungGen: 192357K->7221K(189952K)] 222592K->38980K(599552K), 0.0016619 secs] [Times: user=0.00 sys=0.00, real=0.02 secs] 
2024-10-04T14:08:50.341+0300: 531.237: Total time for which application threads were stopped: 0.0020032 seconds, Stopping threads took: 0.0002020 seconds
2024-10-04T14:08:51.110+0300: 532.006: Application time: 0.7689019 seconds
2024-10-04T14:08:51.110+0300: 532.006: [GC (Allocation Failure) [PSYoungGen: 188960K->10167K(193024K)] 220719K->42687K(602624K), 0.0018800 secs] [Times: user=0.00 sys=0.00, real=0.00 secs] 
2024-10-04T14:08:51.110+0300: 532.008: Total time for which application threads were stopped: 0.0021840 seconds, Stopping threads took: 0.0001627 seconds
2024-10-04T14:08:51.471+0300: 532.378: Application time: 0.3694385 seconds
2024-10-04T14:08:51.471+0300: 532.378: [GC (Allocation Failure) [PSYoungGen: 190933K->10167K(193024K)] 223453K->44840K(602624K), 0.0023300 secs] [Times: user=0.00 sys=0.00, real=0.00 secs] 
2024-10-04T14:08:51.471+0300: 532.380: Total time for which application threads were stopped: 0.0027657 seconds, Stopping threads took: 0.0002401 seconds
2024-10-04T14:08:51.878+0300: 532.786: Application time: 0.4057585 seconds
2024-10-04T14:08:51.878+0300: 532.786: [GC (Allocation Failure) [PSYoungGen: 190913K->8646K(193024K)] 225586K->45521K(602624K), 0.0020374 secs] [Times: user=0.00 sys=0.00, real=0.00 secs] 
2024-10-04T14:08:51.878+0300: 532.789: Total time for which application threads were stopped: 0.0023898 seconds, Stopping threads took: 0.0002128 seconds
2024-10-04T14:08:52.161+0300: 533.068: Application time: 0.2797228 seconds
2024-10-04T14:08:52.161+0300: 533.069: [GC (Allocation Failure) [PSYoungGen: 189806K->9455K(193024K)] 226681K->47090K(602624K), 0.0020450 secs] [Times: user=0.00 sys=0.00, real=0.00 secs] 
2024-10-04T14:08:52.161+0300: 533.071: Total time for which application threads were stopped: 0.0024275 seconds, Stopping threads took: 0.0002308 seconds
2024-10-04T14:08:52.569+0300: 533.472: Application time: 0.4012986 seconds
2024-10-04T14:08:52.569+0300: 533.472: [GC (Allocation Failure) [PSYoungGen: 190158K->10135K(193024K)] 227794K->48571K(602624K), 0.0021221 secs] [Times: user=0.00 sys=0.00, real=0.00 secs] 
2024-10-04T14:08:52.569+0300: 533.475: Total time for which application threads were stopped: 0.0025794 seconds, Stopping threads took: 0.0002498 seconds
2024-10-04T14:08:52.694+0300: 533.595: Application time: 0.1202915 seconds
2024-10-04T14:08:52.694+0300: 533.595: [GC (Allocation Failure) [PSYoungGen: 190816K->10103K(193024K)] 229252K->50020K(602624K), 0.0021348 secs] [Times: user=0.00 sys=0.00, real=0.00 secs] 
2024-10-04T14:08:52.694+0300: 533.597: Total time for which application threads were stopped: 0.0024295 seconds, Stopping threads took: 0.0001551 seconds
2024-10-04T14:08:53.447+0300: 534.357: Application time: 0.7594098 seconds
2024-10-04T14:08:53.447+0300: 534.357: [GC (Allocation Failure) [PSYoungGen: 191117K->9455K(193024K)] 231034K->51549K(602624K), 0.0021882 secs] [Times: user=0.00 sys=0.00, real=0.02 secs] 
2024-10-04T14:08:53.463+0300: 534.359: Total time for which application threads were stopped: 0.0024798 seconds, Stopping threads took: 0.0001390 seconds
2024-10-04T14:08:53.730+0300: 534.629: Application time: 0.2702362 seconds
2024-10-04T14:08:53.730+0300: 534.630: [GC (Allocation Failure) [PSYoungGen: 190053K->8710K(193024K)] 232148K->52270K(602624K), 0.0019249 secs] [Times: user=0.00 sys=0.00, real=0.00 secs] 
2024-10-04T14:08:53.730+0300: 534.632: Total time for which application threads were stopped: 0.0022615 seconds, Stopping threads took: 0.0001666 seconds
2024-10-04T14:08:54.232+0300: 535.129: Application time: 0.4970365 seconds
2024-10-04T14:08:54.232+0300: 535.129: [GC (Allocation Failure) [PSYoungGen: 189782K->10135K(192512K)] 233341K->54479K(602112K), 0.0020132 secs] [Times: user=0.00 sys=0.00, real=0.00 secs] 
2024-10-04T14:08:54.232+0300: 535.131: Total time for which application threads were stopped: 0.0023569 seconds, Stopping threads took: 0.0001941 seconds
2024-10-04T14:08:54.327+0300: 535.224: Application time: 0.0924864 seconds
2024-10-04T14:08:54.327+0300: 535.224: [GC (Allocation Failure) [PSYoungGen: 191348K->8678K(193024K)] 235692K->55192K(602624K), 0.0020753 secs] [Times: user=0.00 sys=0.00, real=0.00 secs] 
2024-10-04T14:08:54.327+0300: 535.226: Total time for which application threads were stopped: 0.0024103 seconds, Stopping threads took: 0.0002025 seconds
2024-10-04T14:08:54.876+0300: 535.779: Application time: 0.5526379 seconds
2024-10-04T14:08:54.876+0300: 535.779: [GC (Allocation Failure) [PSYoungGen: 189312K->10911K(193024K)] 235826K->58214K(602624K), 0.0021323 secs] [Times: user=0.00 sys=0.00, real=0.00 secs] 
2024-10-04T14:08:54.876+0300: 535.781: Total time for which application threads were stopped: 0.0024512 seconds, Stopping threads took: 0.0001913 seconds
2024-10-04T14:08:55.020+0300: 535.916: Application time: 0.1354130 seconds
2024-10-04T14:08:55.020+0300: 535.917: [GC (Allocation Failure) [PSYoungGen: 191629K->9422K(193024K)] 238932K->58926K(602624K), 0.0020046 secs] [Times: user=0.00 sys=0.00, real=0.00 secs] 
2024-10-04T14:08:55.020+0300: 535.919: Total time for which application threads were stopped: 0.0022832 seconds, Stopping threads took: 0.0001404 seconds
2024-10-04T14:08:55.817+0300: 536.716: Application time: 0.7972943 seconds
2024-10-04T14:08:55.817+0300: 536.716: [GC (Allocation Failure) [PSYoungGen: 190426K->9455K(193024K)] 239930K->60424K(602624K), 0.0021517 secs] [Times: user=0.02 sys=0.00, real=0.01 secs] 
2024-10-04T14:08:55.822+0300: 536.719: Total time for which application threads were stopped: 0.0024729 seconds, Stopping threads took: 0.0001360 seconds
2024-10-04T14:08:55.990+0300: 536.901: Application time: 0.1827718 seconds
2024-10-04T14:08:55.990+0300: 536.902: [GC (Allocation Failure) [PSYoungGen: 190002K->10071K(193024K)] 240971K->62497K(602624K), 0.0026191 secs] [Times: user=0.02 sys=0.00, real=0.02 secs] 
2024-10-04T14:08:56.006+0300: 536.904: Total time for which application threads were stopped: 0.0029721 seconds, Stopping threads took: 0.0001929 seconds
2024-10-04T14:08:56.524+0300: 537.429: Application time: 0.5249180 seconds
2024-10-04T14:08:56.524+0300: 537.430: [GC (Allocation Failure) [PSYoungGen: 190779K->9423K(193536K)] 243205K->64066K(603136K), 0.0024316 secs] [Times: user=0.00 sys=0.00, real=0.00 secs] 
2024-10-04T14:08:56.524+0300: 537.432: Total time for which application threads were stopped: 0.0027913 seconds, Stopping threads took: 0.0001952 seconds
2024-10-04T14:08:56.634+0300: 537.538: Application time: 0.1061102 seconds
2024-10-04T14:08:56.634+0300: 537.538: [GC (Allocation Failure) [PSYoungGen: 190880K->9423K(193024K)] 245523K->64835K(602624K), 0.0019850 secs] [Times: user=0.00 sys=0.00, real=0.00 secs] 
2024-10-04T14:08:56.634+0300: 537.541: Total time for which application threads were stopped: 0.0023887 seconds, Stopping threads took: 0.0002114 seconds
2024-10-04T14:08:56.994+0300: 537.895: Application time: 0.3548723 seconds
2024-10-04T14:08:56.994+0300: 537.896: [GC (Allocation Failure) [PSYoungGen: 190841K->9390K(193536K)] 246253K->65579K(603136K), 0.0020092 secs] [Times: user=0.00 sys=0.00, real=0.00 secs] 
2024-10-04T14:08:56.994+0300: 537.898: Total time for which application threads were stopped: 0.0022919 seconds, Stopping threads took: 0.0001138 seconds
2024-10-04T14:08:57.387+0300: 538.288: Application time: 0.3906774 seconds
2024-10-04T14:08:57.387+0300: 538.289: [GC (Allocation Failure) [PSYoungGen: 191662K->10135K(193536K)] 247851K->67821K(603136K), 0.0022926 secs] [Times: user=0.00 sys=0.00, real=0.00 secs] 
2024-10-04T14:08:57.387+0300: 538.291: Total time for which application threads were stopped: 0.0026174 seconds, Stopping threads took: 0.0001604 seconds
2024-10-04T14:08:58.062+0300: 538.959: Application time: 0.6676414 seconds
2024-10-04T14:08:58.062+0300: 538.959: [GC (Allocation Failure) [PSYoungGen: 192321K->10880K(192512K)] 250007K->70031K(602112K), 0.0029202 secs] [Times: user=0.00 sys=0.00, real=0.00 secs] 
2024-10-04T14:08:58.062+0300: 538.962: Total time for which application threads were stopped: 0.0032958 seconds, Stopping threads took: 0.0001993 seconds
2024-10-04T14:08:58.235+0300: 539.139: Application time: 0.1767560 seconds
2024-10-04T14:08:58.235+0300: 539.139: [GC (Allocation Failure) [PSYoungGen: 191661K->9423K(193024K)] 250812K->70759K(602624K), 0.0022505 secs] [Times: user=0.00 sys=0.00, real=0.00 secs] 
2024-10-04T14:08:58.235+0300: 539.141: Total time for which application threads were stopped: 0.0025893 seconds, Stopping threads took: 0.0001843 seconds
2024-10-04T14:08:58.783+0300: 539.691: Application time: 0.5500187 seconds
2024-10-04T14:08:58.783+0300: 539.692: [GC (Allocation Failure) [PSYoungGen: 190185K->9454K(193536K)] 251522K->71544K(603136K), 0.0021597 secs] [Times: user=0.00 sys=0.00, real=0.00 secs] 
2024-10-04T14:08:58.783+0300: 539.694: Total time for which application threads were stopped: 0.0025587 seconds, Stopping threads took: 0.0002416 seconds
2024-10-04T14:08:58.972+0300: 539.870: Application time: 0.1757812 seconds
2024-10-04T14:08:58.972+0300: 539.870: [GC (Allocation Failure) [PSYoungGen: 191388K->7965K(190464K)] 253477K->71551K(600064K), 0.0018575 secs] [Times: user=0.01 sys=0.00, real=0.00 secs] 
2024-10-04T14:08:58.972+0300: 539.872: Total time for which application threads were stopped: 0.0025327 seconds, Stopping threads took: 0.0005303 seconds
2024-10-04T14:08:59.348+0300: 540.246: Application time: 0.3733633 seconds
2024-10-04T14:08:59.348+0300: 540.246: [GC (Allocation Failure) [PSYoungGen: 189713K->10103K(193024K)] 253299K->74470K(602624K), 0.0021352 secs] [Times: user=0.02 sys=0.00, real=0.00 secs] 
2024-10-04T14:08:59.348+0300: 540.248: Total time for which application threads were stopped: 0.0023982 seconds, Stopping threads took: 0.0001169 seconds
2024-10-04T14:08:59.803+0300: 540.704: Application time: 0.4562362 seconds
2024-10-04T14:08:59.803+0300: 540.704: [GC (Allocation Failure) [PSYoungGen: 190761K->9422K(193024K)] 255128K->75943K(602624K), 0.0020563 secs] [Times: user=0.01 sys=0.00, real=0.00 secs] 
2024-10-04T14:08:59.803+0300: 540.707: Total time for which application threads were stopped: 0.0023528 seconds, Stopping threads took: 0.0001421 seconds
2024-10-04T14:09:00.431+0300: 541.336: Application time: 0.6289874 seconds
2024-10-04T14:09:00.431+0300: 541.336: [GC (Allocation Failure) [PSYoungGen: 190082K->10135K(193536K)] 256602K->78120K(603136K), 0.0023819 secs] [Times: user=0.00 sys=0.00, real=0.00 secs] 
2024-10-04T14:09:00.431+0300: 541.338: Total time for which application threads were stopped: 0.0026935 seconds, Stopping threads took: 0.0001273 seconds
2024-10-04T14:09:00.509+0300: 541.418: Application time: 0.0800836 seconds
2024-10-04T14:09:00.509+0300: 541.419: [GC (Allocation Failure) [PSYoungGen: 192380K->9391K(193536K)] 260365K->79570K(603136K), 0.0022503 secs] [Times: user=0.05 sys=0.00, real=0.00 secs] 
2024-10-04T14:09:00.509+0300: 541.421: Total time for which application threads were stopped: 0.0025787 seconds, Stopping threads took: 0.0001586 seconds
2024-10-04T14:09:01.032+0300: 541.929: Application time: 0.5080161 seconds
2024-10-04T14:09:01.032+0300: 541.929: [GC (Allocation Failure) [PSYoungGen: 191511K->9454K(193536K)] 261690K->81098K(603136K), 0.0022610 secs] [Times: user=0.00 sys=0.00, real=0.00 secs] 
2024-10-04T14:09:01.032+0300: 541.932: Total time for which application threads were stopped: 0.0025995 seconds, Stopping threads took: 0.0001765 seconds
2024-10-04T14:09:01.106+0300: 542.004: Application time: 0.0727162 seconds
2024-10-04T14:09:01.106+0300: 542.004: [GC (Allocation Failure) [PSYoungGen: 191387K->9454K(193536K)] 263031K->81875K(603136K), 0.0020682 secs] [Times: user=0.00 sys=0.00, real=0.00 secs] 
2024-10-04T14:09:01.106+0300: 542.007: Total time for which application threads were stopped: 0.0024286 seconds, Stopping threads took: 0.0001897 seconds
2024-10-04T14:09:01.514+0300: 542.418: Application time: 0.4114110 seconds
2024-10-04T14:09:01.514+0300: 542.418: [GC (Allocation Failure) [PSYoungGen: 191563K->9358K(193536K)] 263984K->83288K(603136K), 0.0021868 secs] [Times: user=0.02 sys=0.00, real=0.00 secs] 
2024-10-04T14:09:01.514+0300: 542.421: Total time for which application threads were stopped: 0.0025135 seconds, Stopping threads took: 0.0001549 seconds
2024-10-04T14:09:02.033+0300: 542.932: Application time: 0.5115964 seconds
2024-10-04T14:09:02.033+0300: 542.932: [GC (Allocation Failure) [PSYoungGen: 191099K->10167K(193536K)] 265029K->84857K(603136K), 0.0021416 secs] [Times: user=0.03 sys=0.00, real=0.00 secs] 
2024-10-04T14:09:02.033+0300: 542.935: Total time for which application threads were stopped: 0.0024175 seconds, Stopping threads took: 0.0001192 seconds
2024-10-04T14:09:02.551+0300: 543.461: Application time: 0.5264169 seconds
2024-10-04T14:09:02.551+0300: 543.461: [GC (Allocation Failure) [PSYoungGen: 192376K->10912K(193536K)] 267066K->86322K(603136K), 0.0026575 secs] [Times: user=0.05 sys=0.00, real=0.02 secs] 
2024-10-04T14:09:02.568+0300: 543.464: Total time for which application threads were stopped: 0.0029619 seconds, Stopping threads took: 0.0001770 seconds
2024-10-04T14:09:02.691+0300: 543.600: Application time: 0.1361385 seconds
2024-10-04T14:09:02.691+0300: 543.600: [GC (Allocation Failure) [PSYoungGen: 193135K->9455K(193536K)] 268546K->87772K(603136K), 0.0023409 secs] [Times: user=0.00 sys=0.00, real=0.00 secs] 
2024-10-04T14:09:02.707+0300: 543.603: Total time for which application threads were stopped: 0.0026903 seconds, Stopping threads took: 0.0001199 seconds
2024-10-04T14:09:03.147+0300: 544.055: Application time: 0.4526331 seconds
2024-10-04T14:09:03.147+0300: 544.056: [GC (Allocation Failure) [PSYoungGen: 191700K->8710K(193536K)] 270017K->88508K(603136K), 0.0021766 secs] [Times: user=0.00 sys=0.00, real=0.00 secs] 
2024-10-04T14:09:03.147+0300: 544.058: Total time for which application threads were stopped: 0.0024940 seconds, Stopping threads took: 0.0001527 seconds
2024-10-04T14:09:03.178+0300: 544.084: Application time: 0.0263841 seconds
2024-10-04T14:09:03.178+0300: 544.085: [GC (Allocation Failure) [PSYoungGen: 190467K->7317K(189952K)] 270265K->88656K(599552K), 0.0019392 secs] [Times: user=0.00 sys=0.00, real=0.00 secs] 
2024-10-04T14:09:03.178+0300: 544.087: Total time for which application threads were stopped: 0.0023986 seconds, Stopping threads took: 0.0002849 seconds
2024-10-04T14:09:03.711+0300: 544.617: Application time: 0.5299658 seconds
2024-10-04T14:09:03.711+0300: 544.617: [GC (Allocation Failure) [PSYoungGen: 188888K->10911K(193024K)] 270227K->93683K(602624K), 0.0025572 secs] [Times: user=0.00 sys=0.00, real=0.00 secs] 
2024-10-04T14:09:03.711+0300: 544.620: Total time for which application threads were stopped: 0.0030040 seconds, Stopping threads took: 0.0001884 seconds
2024-10-04T14:09:04.370+0300: 545.278: Application time: 0.6586485 seconds
2024-10-04T14:09:04.370+0300: 545.279: [GC (Allocation Failure) [PSYoungGen: 192076K->9390K(193024K)] 274848K->93644K(602624K), 0.0021278 secs] [Times: user=0.02 sys=0.00, real=0.00 secs] 
2024-10-04T14:09:04.370+0300: 545.281: Total time for which application threads were stopped: 0.0024912 seconds, Stopping threads took: 0.0001912 seconds
2024-10-04T14:09:04.716+0300: 545.614: Application time: 0.3332062 seconds
2024-10-04T14:09:04.716+0300: 545.614: [GC (Allocation Failure) [PSYoungGen: 190497K->9391K(193024K)] 274750K->95101K(602624K), 0.0021164 secs] [Times: user=0.00 sys=0.00, real=0.00 secs] 
2024-10-04T14:09:04.716+0300: 545.617: Total time for which application threads were stopped: 0.0024482 seconds, Stopping threads took: 0.0001751 seconds
2024-10-04T14:09:05.061+0300: 545.972: Application time: 0.3556125 seconds
2024-10-04T14:09:05.061+0300: 545.972: [GC (Allocation Failure) [PSYoungGen: 190161K->8030K(193024K)] 275871K->95925K(602624K), 0.0022321 secs] [Times: user=0.02 sys=0.00, real=0.02 secs] 
2024-10-04T14:09:05.077+0300: 545.975: Total time for which application threads were stopped: 0.0025686 seconds, Stopping threads took: 0.0001816 seconds
2024-10-04T14:09:05.444+0300: 546.343: Application time: 0.3679604 seconds
2024-10-04T14:09:05.444+0300: 546.343: [GC (Allocation Failure) [PSYoungGen: 188792K->8710K(193024K)] 276688K->97382K(602624K), 0.0020645 secs] [Times: user=0.00 sys=0.00, real=0.00 secs] 
2024-10-04T14:09:05.444+0300: 546.345: Total time for which application threads were stopped: 0.0024346 seconds, Stopping threads took: 0.0002351 seconds
2024-10-04T14:09:05.595+0300: 546.491: Application time: 0.1462598 seconds
2024-10-04T14:09:05.595+0300: 546.492: [GC (Allocation Failure) [PSYoungGen: 189857K->10167K(193024K)] 278529K->98903K(602624K), 0.0018447 secs] [Times: user=0.00 sys=0.00, real=0.00 secs] 
2024-10-04T14:09:05.595+0300: 546.494: Total time for which application threads were stopped: 0.0021823 seconds, Stopping threads took: 0.0001741 seconds
2024-10-04T14:09:05.830+0300: 546.736: Application time: 0.2422590 seconds
2024-10-04T14:09:05.830+0300: 546.736: [GC (Allocation Failure) [PSYoungGen: 190900K->10103K(193024K)] 279636K->100348K(602624K), 0.0021705 secs] [Times: user=0.02 sys=0.00, real=0.01 secs] 
2024-10-04T14:09:05.840+0300: 546.738: Total time for which application threads were stopped: 0.0025463 seconds, Stopping threads took: 0.0002392 seconds
2024-10-04T14:09:06.584+0300: 547.482: Application time: 0.7440192 seconds
2024-10-04T14:09:06.584+0300: 547.483: [GC (Allocation Failure) [PSYoungGen: 191124K->9454K(193024K)] 281370K->101877K(602624K), 0.0021712 secs] [Times: user=0.00 sys=0.00, real=0.00 secs] 
2024-10-04T14:09:06.584+0300: 547.485: Total time for which application threads were stopped: 0.0024430 seconds, Stopping threads took: 0.0000717 seconds
2024-10-04T14:09:06.960+0300: 547.860: Application time: 0.3751876 seconds
2024-10-04T14:09:06.960+0300: 547.860: [GC (Allocation Failure) [PSYoungGen: 190266K->10103K(193024K)] 282689K->104696K(602624K), 0.0022591 secs] [Times: user=0.00 sys=0.00, real=0.00 secs] 
2024-10-04T14:09:06.960+0300: 547.863: Total time for which application threads were stopped: 0.0025889 seconds, Stopping threads took: 0.0001841 seconds
2024-10-04T14:09:07.290+0300: 548.191: Application time: 0.3281521 seconds
2024-10-04T14:09:07.290+0300: 548.191: [GC (Allocation Failure) [PSYoungGen: 190840K->8774K(193024K)] 285433K->105544K(602624K), 0.0021101 secs] [Times: user=0.00 sys=0.00, real=0.00 secs] 
2024-10-04T14:09:07.290+0300: 548.193: Total time for which application threads were stopped: 0.0024234 seconds, Stopping threads took: 0.0001645 seconds
2024-10-04T14:09:07.745+0300: 548.646: Application time: 0.4526434 seconds
2024-10-04T14:09:07.745+0300: 548.646: [GC (Allocation Failure) [PSYoungGen: 189911K->8726K(193536K)] 286681K->106272K(603136K), 0.0018929 secs] [Times: user=0.00 sys=0.00, real=0.00 secs] 
2024-10-04T14:09:07.745+0300: 548.648: Total time for which application threads were stopped: 0.0024678 seconds, Stopping threads took: 0.0004399 seconds
2024-10-04T14:09:07.844+0300: 548.742: Application time: 0.0936601 seconds
2024-10-04T14:09:07.844+0300: 548.742: [GC (Allocation Failure) [PSYoungGen: 190186K->9390K(193024K)] 287732K->107738K(602624K), 0.0044191 secs] [Times: user=0.00 sys=0.00, real=0.00 secs] 
2024-10-04T14:09:07.844+0300: 548.747: Total time for which application threads were stopped: 0.0047650 seconds, Stopping threads took: 0.0001657 seconds
2024-10-04T14:09:08.200+0300: 549.111: Application time: 0.3645186 seconds
2024-10-04T14:09:08.200+0300: 549.111: [GC (Allocation Failure) [PSYoungGen: 190735K->10103K(193536K)] 289082K->109211K(603136K), 0.0022201 secs] [Times: user=0.02 sys=0.00, real=0.02 secs] 
2024-10-04T14:09:08.216+0300: 549.114: Total time for which application threads were stopped: 0.0025348 seconds, Stopping threads took: 0.0001662 seconds
2024-10-04T14:09:08.937+0300: 549.839: Application time: 0.7253796 seconds
2024-10-04T14:09:08.937+0300: 549.839: [GC (Allocation Failure) [PSYoungGen: 191846K->10167K(193536K)] 290954K->111452K(603136K), 0.0022824 secs] [Times: user=0.00 sys=0.00, real=0.00 secs] 
2024-10-04T14:09:08.937+0300: 549.842: Total time for which application threads were stopped: 0.0026146 seconds, Stopping threads took: 0.0001945 seconds
2024-10-04T14:09:09.236+0300: 550.133: Application time: 0.2912421 seconds
2024-10-04T14:09:09.236+0300: 550.133: [GC (Allocation Failure) [PSYoungGen: 192202K->10135K(192512K)] 293488K->113590K(602112K), 0.0023740 secs] [Times: user=0.00 sys=0.00, real=0.00 secs] 
2024-10-04T14:09:09.236+0300: 550.136: Total time for which application threads were stopped: 0.0027009 seconds, Stopping threads took: 0.0001798 seconds
2024-10-04T14:09:09.647+0300: 550.556: Application time: 0.4200566 seconds
2024-10-04T14:09:09.647+0300: 550.556: [GC (Allocation Failure) [PSYoungGen: 191136K->8742K(193024K)] 294591K->113694K(602624K), 0.0019547 secs] [Times: user=0.00 sys=0.00, real=0.01 secs] 
2024-10-04T14:09:09.660+0300: 550.558: Total time for which application threads were stopped: 0.0023110 seconds, Stopping threads took: 0.0001814 seconds
2024-10-04T14:09:09.896+0300: 550.802: Application time: 0.2441954 seconds
2024-10-04T14:09:09.896+0300: 550.803: [GC (Allocation Failure) [PSYoungGen: 189912K->9422K(193536K)] 294864K->115119K(603136K), 0.0020628 secs] [Times: user=0.00 sys=0.00, real=0.00 secs] 
2024-10-04T14:09:09.896+0300: 550.805: Total time for which application threads were stopped: 0.0024093 seconds, Stopping threads took: 0.0002141 seconds
2024-10-04T14:09:10.100+0300: 551.004: Application time: 0.1993138 seconds
2024-10-04T14:09:10.100+0300: 551.004: [GC (Allocation Failure) [PSYoungGen: 190832K->8646K(193024K)] 296529K->115143K(602624K), 0.0019662 secs] [Times: user=0.00 sys=0.00, real=0.00 secs] 
2024-10-04T14:09:10.100+0300: 551.006: Total time for which application threads were stopped: 0.0022695 seconds, Stopping threads took: 0.0001731 seconds
2024-10-04T14:09:10.508+0300: 551.409: Application time: 0.4029425 seconds
2024-10-04T14:09:10.508+0300: 551.409: [GC (Allocation Failure) [PSYoungGen: 189992K->10167K(193536K)] 296489K->118129K(603136K), 0.0022073 secs] [Times: user=0.00 sys=0.00, real=0.00 secs] 
2024-10-04T14:09:10.508+0300: 551.412: Total time for which application threads were stopped: 0.0024981 seconds, Stopping threads took: 0.0001212 seconds
2024-10-04T14:09:11.230+0300: 552.137: Application time: 0.7250030 seconds
2024-10-04T14:09:11.230+0300: 552.137: [GC (Allocation Failure) [PSYoungGen: 191904K->10167K(192512K)] 299867K->119586K(602112K), 0.0022334 secs] [Times: user=0.00 sys=0.00, real=0.00 secs] 
2024-10-04T14:09:11.230+0300: 552.139: Total time for which application threads were stopped: 0.0025655 seconds, Stopping threads took: 0.0001934 seconds
2024-10-04T14:09:11.403+0300: 552.308: Application time: 0.1685291 seconds
2024-10-04T14:09:11.403+0300: 552.308: [GC (Allocation Failure) [PSYoungGen: 192218K->9359K(193536K)] 301638K->121676K(603136K), 0.0025454 secs] [Times: user=0.02 sys=0.00, real=0.00 secs] 
2024-10-04T14:09:11.403+0300: 552.311: Total time for which application threads were stopped: 0.0029321 seconds, Stopping threads took: 0.0002311 seconds
2024-10-04T14:09:11.936+0300: 552.846: Application time: 0.5351091 seconds
2024-10-04T14:09:11.936+0300: 552.846: [GC (Allocation Failure) [PSYoungGen: 191079K->8742K(193024K)] 303397K->121864K(602624K), 0.0032587 secs] [Times: user=0.01 sys=0.00, real=0.02 secs] 
2024-10-04T14:09:11.952+0300: 552.850: Total time for which application threads were stopped: 0.0036022 seconds, Stopping threads took: 0.0001929 seconds
2024-10-04T14:09:12.109+0300: 553.016: Application time: 0.1660738 seconds
2024-10-04T14:09:12.109+0300: 553.016: [GC (Allocation Failure) [PSYoungGen: 189963K->9422K(193536K)] 303084K->123289K(603136K), 0.0021008 secs] [Times: user=0.00 sys=0.00, real=0.00 secs] 
2024-10-04T14:09:12.109+0300: 553.018: Total time for which application threads were stopped: 0.0025013 seconds, Stopping threads took: 0.0002474 seconds
2024-10-04T14:09:12.376+0300: 553.273: Application time: 0.2550912 seconds
2024-10-04T14:09:12.376+0300: 553.273: [GC (Allocation Failure) [PSYoungGen: 191247K->10847K(193536K)] 305113K->125502K(603136K), 0.0022521 secs] [Times: user=0.00 sys=0.00, real=0.00 secs] 
2024-10-04T14:09:12.376+0300: 553.276: Total time for which application threads were stopped: 0.0025166 seconds, Stopping threads took: 0.0001368 seconds
2024-10-04T14:09:12.830+0300: 553.729: Application time: 0.4535674 seconds
2024-10-04T14:09:12.830+0300: 553.730: [GC (Allocation Failure) [PSYoungGen: 192595K->9422K(193536K)] 307250K->126299K(603136K), 0.0024329 secs] [Times: user=0.00 sys=0.00, real=0.00 secs] 
2024-10-04T14:09:12.830+0300: 553.732: Total time for which application threads were stopped: 0.0027695 seconds, Stopping threads took: 0.0001957 seconds
2024-10-04T14:09:13.458+0300: 554.363: Application time: 0.6312413 seconds
2024-10-04T14:09:13.458+0300: 554.364: [GC (Allocation Failure) [PSYoungGen: 191536K->10880K(193536K)] 308412K->129189K(603136K), 0.0024400 secs] [Times: user=0.00 sys=0.00, real=0.00 secs] 
2024-10-04T14:09:13.458+0300: 554.366: Total time for which application threads were stopped: 0.0028573 seconds, Stopping threads took: 0.0002623 seconds
2024-10-04T14:09:13.568+0300: 554.476: Application time: 0.1099222 seconds
2024-10-04T14:09:13.568+0300: 554.477: [GC (Allocation Failure) [PSYoungGen: 193123K->9391K(192512K)] 311433K->129894K(602112K), 0.0023526 secs] [Times: user=0.00 sys=0.00, real=0.00 secs] 
2024-10-04T14:09:13.568+0300: 554.479: Total time for which application threads were stopped: 0.0029134 seconds, Stopping threads took: 0.0003785 seconds
2024-10-04T14:09:14.056+0300: 554.962: Application time: 0.4830855 seconds
2024-10-04T14:09:14.056+0300: 554.962: [GC (Allocation Failure) [PSYoungGen: 190060K->9455K(193024K)] 310563K->130718K(602624K), 0.0022108 secs] [Times: user=0.01 sys=0.00, real=0.00 secs] 
2024-10-04T14:09:14.056+0300: 554.965: Total time for which application threads were stopped: 0.0026186 seconds, Stopping threads took: 0.0002338 seconds
2024-10-04T14:09:14.306+0300: 555.211: Application time: 0.2467270 seconds
2024-10-04T14:09:14.306+0300: 555.212: [GC (Allocation Failure) [PSYoungGen: 190163K->9390K(193536K)] 311427K->131423K(603136K), 0.0023131 secs] [Times: user=0.02 sys=0.00, real=0.00 secs] 
2024-10-04T14:09:14.306+0300: 555.214: Total time for which application threads were stopped: 0.0027290 seconds, Stopping threads took: 0.0002472 seconds
2024-10-04T14:09:14.657+0300: 555.560: Application time: 0.3456905 seconds
2024-10-04T14:09:14.657+0300: 555.560: [GC (Allocation Failure) [PSYoungGen: 191158K->10879K(193536K)] 313191K->133680K(603136K), 0.0025754 secs] [Times: user=0.05 sys=0.00, real=0.01 secs] 
2024-10-04T14:09:14.667+0300: 555.563: Total time for which application threads were stopped: 0.0029679 seconds, Stopping threads took: 0.0001908 seconds
2024-10-04T14:09:15.153+0300: 556.054: Application time: 0.4913874 seconds
2024-10-04T14:09:15.158+0300: 556.054: [GC (Allocation Failure) [PSYoungGen: 192683K->9455K(192512K)] 315484K->135182K(602112K), 0.0024477 secs] [Times: user=0.00 sys=0.00, real=0.00 secs] 
2024-10-04T14:09:15.158+0300: 556.057: Total time for which application threads were stopped: 0.0027824 seconds, Stopping threads took: 0.0001718 seconds
2024-10-04T14:09:15.640+0300: 556.536: Application time: 0.4794998 seconds
2024-10-04T14:09:15.640+0300: 556.537: [GC (Allocation Failure) [PSYoungGen: 190182K->9455K(193024K)] 315909K->136623K(602624K), 0.0022180 secs] [Times: user=0.00 sys=0.00, real=0.00 secs] 
2024-10-04T14:09:15.640+0300: 556.539: Total time for which application threads were stopped: 0.0026723 seconds, Stopping threads took: 0.0002548 seconds
2024-10-04T14:09:15.891+0300: 556.802: Application time: 0.2624950 seconds
2024-10-04T14:09:15.891+0300: 556.802: [GC (Allocation Failure) [PSYoungGen: 190222K->10848K(192512K)] 317390K->138792K(602112K), 0.0023520 secs] [Times: user=0.02 sys=0.00, real=0.01 secs] 
2024-10-04T14:09:15.906+0300: 556.804: Total time for which application threads were stopped: 0.0026094 seconds, Stopping threads took: 0.0000885 seconds
2024-10-04T14:09:16.283+0300: 557.182: Application time: 0.3774947 seconds
2024-10-04T14:09:16.283+0300: 557.182: [GC (Allocation Failure) [PSYoungGen: 191554K->8710K(193024K)] 319498K->139553K(602624K), 0.0022868 secs] [Times: user=0.01 sys=0.00, real=0.01 secs] 
2024-10-04T14:09:16.288+0300: 557.184: Total time for which application threads were stopped: 0.0027035 seconds, Stopping threads took: 0.0002679 seconds
2024-10-04T14:09:16.691+0300: 557.591: Application time: 0.4063145 seconds
2024-10-04T14:09:16.691+0300: 557.591: [GC (Allocation Failure) [PSYoungGen: 189396K->7997K(193024K)] 320239K->139608K(602624K), 0.0019025 secs] [Times: user=0.00 sys=0.00, real=0.00 secs] 
2024-10-04T14:09:16.691+0300: 557.593: Total time for which application threads were stopped: 0.0022345 seconds, Stopping threads took: 0.0001564 seconds
2024-10-04T14:09:16.864+0300: 557.769: Application time: 0.1763032 seconds
2024-10-04T14:09:16.864+0300: 557.770: [GC (Allocation Failure) [PSYoungGen: 189173K->10151K(193024K)] 320784K->142523K(602624K), 0.0021602 secs] [Times: user=0.00 sys=0.00, real=0.00 secs] 
2024-10-04T14:09:16.864+0300: 557.772: Total time for which application threads were stopped: 0.0025057 seconds, Stopping threads took: 0.0001841 seconds
2024-10-04T14:09:17.538+0300: 558.436: Application time: 0.6641969 seconds
2024-10-04T14:09:17.538+0300: 558.436: [GC (Allocation Failure) [PSYoungGen: 191157K->9423K(193024K)] 323529K->144016K(602624K), 0.0022035 secs] [Times: user=0.00 sys=0.00, real=0.00 secs] 
2024-10-04T14:09:17.538+0300: 558.439: Total time for which application threads were stopped: 0.0025081 seconds, Stopping threads took: 0.0001349 seconds
2024-10-04T14:09:17.978+0300: 558.885: Application time: 0.4469316 seconds
2024-10-04T14:09:17.978+0300: 558.886: [GC (Allocation Failure) [PSYoungGen: 190154K->9423K(193024K)] 324747K->144753K(602624K), 0.0020944 secs] [Times: user=0.00 sys=0.00, real=0.00 secs] 
2024-10-04T14:09:17.978+0300: 558.888: Total time for which application threads were stopped: 0.0024377 seconds, Stopping threads took: 0.0001545 seconds
2024-10-04T14:09:18.264+0300: 559.172: Application time: 0.2839230 seconds
2024-10-04T14:09:18.264+0300: 559.172: [GC (Allocation Failure) [PSYoungGen: 190143K->10135K(193024K)] 325473K->146938K(602624K), 0.0023707 secs] [Times: user=0.01 sys=0.00, real=0.01 secs] 
2024-10-04T14:09:18.276+0300: 559.175: Total time for which application threads were stopped: 0.0026933 seconds, Stopping threads took: 0.0001714 seconds
2024-10-04T14:09:18.716+0300: 559.615: Application time: 0.4403496 seconds
2024-10-04T14:09:18.716+0300: 559.615: [GC (Allocation Failure) [PSYoungGen: 190778K->8742K(193024K)] 327581K->147731K(602624K), 0.0022242 secs] [Times: user=0.00 sys=0.00, real=0.00 secs] 
2024-10-04T14:09:18.716+0300: 559.617: Total time for which application threads were stopped: 0.0025037 seconds, Stopping threads took: 0.0000991 seconds
2024-10-04T14:09:18.967+0300: 559.874: Application time: 0.2569959 seconds
2024-10-04T14:09:18.967+0300: 559.875: [GC (Allocation Failure) [PSYoungGen: 189906K->9454K(193536K)] 328894K->149203K(603136K), 0.0023466 secs] [Times: user=0.00 sys=0.00, real=0.00 secs] 
2024-10-04T14:09:18.967+0300: 559.877: Total time for which application threads were stopped: 0.0030601 seconds, Stopping threads took: 0.0005349 seconds
2024-10-04T14:09:19.328+0300: 560.236: Application time: 0.3584203 seconds
2024-10-04T14:09:19.328+0300: 560.236: [GC (Allocation Failure) [PSYoungGen: 190809K->10135K(193024K)] 330558K->150681K(602624K), 0.0022745 secs] [Times: user=0.00 sys=0.00, real=0.00 secs] 
2024-10-04T14:09:19.328+0300: 560.239: Total time for which application threads were stopped: 0.0026808 seconds, Stopping threads took: 0.0002297 seconds
2024-10-04T14:09:19.919+0300: 560.815: Application time: 0.5761650 seconds
2024-10-04T14:09:19.919+0300: 560.815: [GC (Allocation Failure) [PSYoungGen: 191873K->9455K(193536K)] 332419K->152178K(603136K), 0.0021871 secs] [Times: user=0.00 sys=0.00, real=0.00 secs] 
2024-10-04T14:09:19.919+0300: 560.817: Total time for which application threads were stopped: 0.0024699 seconds, Stopping threads took: 0.0001312 seconds
2024-10-04T14:09:20.269+0300: 561.165: Application time: 0.3479628 seconds
2024-10-04T14:09:20.269+0300: 561.165: [GC (Allocation Failure) [PSYoungGen: 191648K->9423K(193536K)] 334371K->153595K(603136K), 0.0021067 secs] [Times: user=0.00 sys=0.00, real=0.00 secs] 
2024-10-04T14:09:20.269+0300: 561.168: Total time for which application threads were stopped: 0.0024078 seconds, Stopping threads took: 0.0001599 seconds
2024-10-04T14:09:20.669+0300: 561.565: Application time: 0.3973935 seconds
2024-10-04T14:09:20.669+0300: 561.565: [GC (Allocation Failure) [PSYoungGen: 191565K->9359K(193536K)] 335737K->155724K(603136K), 0.0022827 secs] [Times: user=0.00 sys=0.00, real=0.00 secs] 
2024-10-04T14:09:20.669+0300: 561.568: Total time for which application threads were stopped: 0.0025734 seconds, Stopping threads took: 0.0001552 seconds
2024-10-04T14:09:20.991+0300: 561.899: Application time: 0.3315476 seconds
2024-10-04T14:09:20.991+0300: 561.899: [GC (Allocation Failure) [PSYoungGen: 191220K->9423K(193536K)] 337586K->157269K(603136K), 0.0021124 secs] [Times: user=0.00 sys=0.00, real=0.00 secs] 
2024-10-04T14:09:20.991+0300: 561.902: Total time for which application threads were stopped: 0.0024275 seconds, Stopping threads took: 0.0001771 seconds
2024-10-04T14:09:21.336+0300: 562.246: Application time: 0.3441986 seconds
2024-10-04T14:09:21.336+0300: 562.246: [GC (Allocation Failure) [PSYoungGen: 191556K->10167K(193024K)] 339403K->158806K(602624K), 0.0023718 secs] [Times: user=0.02 sys=0.00, real=0.02 secs] 
2024-10-04T14:09:21.352+0300: 562.249: Total time for which application threads were stopped: 0.0027832 seconds, Stopping threads took: 0.0002213 seconds
2024-10-04T14:09:21.540+0300: 562.437: Application time: 0.1881428 seconds
2024-10-04T14:09:21.540+0300: 562.437: [GC (Allocation Failure) [PSYoungGen: 192325K->9422K(193536K)] 340964K->159535K(603136K), 0.0023847 secs] [Times: user=0.02 sys=0.00, real=0.00 secs] 
2024-10-04T14:09:21.540+0300: 562.439: Total time for which application threads were stopped: 0.0027748 seconds, Stopping threads took: 0.0002012 seconds
2024-10-04T14:09:22.246+0300: 563.144: Application time: 0.7046710 seconds
2024-10-04T14:09:22.246+0300: 563.144: [GC (Allocation Failure) [PSYoungGen: 191155K->10167K(193024K)] 341267K->161745K(602624K), 0.0022163 secs] [Times: user=0.00 sys=0.00, real=0.00 secs] 
2024-10-04T14:09:22.246+0300: 563.147: Total time for which application threads were stopped: 0.0025228 seconds, Stopping threads took: 0.0001682 seconds
2024-10-04T14:09:22.622+0300: 563.523: Application time: 0.3766942 seconds
2024-10-04T14:09:22.622+0300: 563.524: [GC (Allocation Failure) [PSYoungGen: 192385K->10103K(193536K)] 343963K->163138K(603136K), 0.0022721 secs] [Times: user=0.02 sys=0.00, real=0.00 secs] 
2024-10-04T14:09:22.622+0300: 563.526: Total time for which application threads were stopped: 0.0026973 seconds, Stopping threads took: 0.0002296 seconds
2024-10-04T14:09:22.842+0300: 563.739: Application time: 0.2129093 seconds
2024-10-04T14:09:22.842+0300: 563.739: [GC (Allocation Failure) [PSYoungGen: 192008K->8678K(193536K)] 345043K->163906K(603136K), 0.0020300 secs] [Times: user=0.00 sys=0.00, real=0.00 secs] 
2024-10-04T14:09:22.842+0300: 563.741: Total time for which application threads were stopped: 0.0023145 seconds, Stopping threads took: 0.0001531 seconds
2024-10-04T14:09:23.273+0300: 564.172: Application time: 0.4309121 seconds
2024-10-04T14:09:23.273+0300: 564.172: [GC (Allocation Failure) [PSYoungGen: 190789K->9422K(193536K)] 346017K->165443K(603136K), 0.0020772 secs] [Times: user=0.00 sys=0.00, real=0.00 secs] 
2024-10-04T14:09:23.273+0300: 564.175: Total time for which application threads were stopped: 0.0024315 seconds, Stopping threads took: 0.0001987 seconds
2024-10-04T14:09:23.423+0300: 564.320: Application time: 0.1455073 seconds
2024-10-04T14:09:23.423+0300: 564.320: [GC (Allocation Failure) [PSYoungGen: 191633K->9454K(194048K)] 347653K->166236K(603648K), 0.0020405 secs] [Times: user=0.00 sys=0.00, real=0.00 secs] 
2024-10-04T14:09:23.423+0300: 564.323: Total time for which application threads were stopped: 0.0023910 seconds, Stopping threads took: 0.0002171 seconds
2024-10-04T14:09:23.799+0300: 564.698: Application time: 0.3757032 seconds
2024-10-04T14:09:23.799+0300: 564.698: [GC (Allocation Failure) [PSYoungGen: 191541K->10135K(193536K)] 348322K->167685K(603136K), 0.0020451 secs] [Times: user=0.00 sys=0.00, real=0.00 secs] 
2024-10-04T14:09:23.799+0300: 564.701: Total time for which application threads were stopped: 0.0023215 seconds, Stopping threads took: 0.0001456 seconds
2024-10-04T14:09:24.459+0300: 565.364: Application time: 0.6634525 seconds
2024-10-04T14:09:24.459+0300: 565.364: [GC (Allocation Failure) [PSYoungGen: 192319K->10912K(193536K)] 349869K->169214K(603136K), 0.0022419 secs] [Times: user=0.00 sys=0.00, real=0.00 secs] 
2024-10-04T14:09:24.459+0300: 565.367: Total time for which application threads were stopped: 0.0025759 seconds, Stopping threads took: 0.0001987 seconds
2024-10-04T14:09:24.945+0300: 565.844: Application time: 0.4778542 seconds
2024-10-04T14:09:24.945+0300: 565.845: [GC (Allocation Failure) [PSYoungGen: 192658K->9359K(193536K)] 350960K->170575K(603136K), 0.0024136 secs] [Times: user=0.00 sys=0.00, real=0.00 secs] 
2024-10-04T14:09:24.945+0300: 565.847: Total time for which application threads were stopped: 0.0027035 seconds, Stopping threads took: 0.0001394 seconds
2024-10-04T14:09:25.180+0300: 566.081: Application time: 0.2341802 seconds
2024-10-04T14:09:25.180+0300: 566.082: [GC (Allocation Failure) [PSYoungGen: 191273K->9455K(193536K)] 352490K->172120K(603136K), 0.0021269 secs] [Times: user=0.00 sys=0.00, real=0.00 secs] 
2024-10-04T14:09:25.180+0300: 566.084: Total time for which application threads were stopped: 0.0025164 seconds, Stopping threads took: 0.0002418 seconds
2024-10-04T14:09:25.588+0300: 566.495: Application time: 0.4111451 seconds
2024-10-04T14:09:25.588+0300: 566.495: [GC (Allocation Failure) [PSYoungGen: 191717K->10199K(193536K)] 354383K->173657K(603136K), 0.0022630 secs] [Times: user=0.00 sys=0.00, real=0.00 secs] 
2024-10-04T14:09:25.588+0300: 566.498: Total time for which application threads were stopped: 0.0026921 seconds, Stopping threads took: 0.0002054 seconds
2024-10-04T14:09:25.729+0300: 566.628: Application time: 0.1306413 seconds
2024-10-04T14:09:25.729+0300: 566.628: [GC (Allocation Failure) [PSYoungGen: 192330K->9390K(193536K)] 355788K->174337K(603136K), 0.0021448 secs] [Times: user=0.00 sys=0.00, real=0.00 secs] 
2024-10-04T14:09:25.729+0300: 566.631: Total time for which application threads were stopped: 0.0023744 seconds, Stopping threads took: 0.0000671 seconds
2024-10-04T14:09:26.184+0300: 567.090: Application time: 0.4593234 seconds
2024-10-04T14:09:26.184+0300: 567.090: [GC (Allocation Failure) [PSYoungGen: 191474K->9390K(193536K)] 356422K->175819K(603136K), 0.0022001 secs] [Times: user=0.00 sys=0.00, real=0.00 secs] 
2024-10-04T14:09:26.184+0300: 567.093: Total time for which application threads were stopped: 0.0025049 seconds, Stopping threads took: 0.0001467 seconds
2024-10-04T14:09:26.733+0300: 567.635: Application time: 0.5425140 seconds
2024-10-04T14:09:26.733+0300: 567.635: [GC (Allocation Failure) [PSYoungGen: 191540K->9455K(193536K)] 357969K->177356K(603136K), 0.0021068 secs] [Times: user=0.00 sys=0.00, real=0.00 secs] 
2024-10-04T14:09:26.733+0300: 567.638: Total time for which application threads were stopped: 0.0024864 seconds, Stopping threads took: 0.0002292 seconds
2024-10-04T14:09:27.283+0300: 568.189: Application time: 0.5514349 seconds
2024-10-04T14:09:27.283+0300: 568.189: [GC (Allocation Failure) [PSYoungGen: 191207K->10135K(193536K)] 359108K->179510K(603136K), 0.0023331 secs] [Times: user=0.00 sys=0.00, real=0.00 secs] 
2024-10-04T14:09:27.283+0300: 568.192: Total time for which application threads were stopped: 0.0026239 seconds, Stopping threads took: 0.0001418 seconds
2024-10-04T14:09:27.392+0300: 568.303: Application time: 0.1110220 seconds
2024-10-04T14:09:27.392+0300: 568.303: [GC (Allocation Failure) [PSYoungGen: 192052K->7966K(193536K)] 361426K->179518K(603136K), 0.0021934 secs] [Times: user=0.02 sys=0.00, real=0.02 secs] 
2024-10-04T14:09:27.408+0300: 568.305: Total time for which application threads were stopped: 0.0024859 seconds, Stopping threads took: 0.0001124 seconds
2024-10-04T14:09:27.941+0300: 568.847: Application time: 0.5422992 seconds
2024-10-04T14:09:27.941+0300: 568.848: [GC (Allocation Failure) [PSYoungGen: 190083K->10103K(193536K)] 361635K->182443K(603136K), 0.0021260 secs] [Times: user=0.00 sys=0.00, real=0.00 secs] 
2024-10-04T14:09:27.941+0300: 568.850: Total time for which application threads were stopped: 0.0025288 seconds, Stopping threads took: 0.0002282 seconds
2024-10-04T14:09:28.004+0300: 568.912: Application time: 0.0623639 seconds
2024-10-04T14:09:28.004+0300: 568.913: [GC (Allocation Failure) [PSYoungGen: 191977K->9391K(193536K)] 364317K->183212K(603136K), 0.0023537 secs] [Times: user=0.00 sys=0.00, real=0.00 secs] 
2024-10-04T14:09:28.004+0300: 568.915: Total time for which application threads were stopped: 0.0028292 seconds, Stopping threads took: 0.0003220 seconds
2024-10-04T14:09:28.616+0300: 569.515: Application time: 0.6000171 seconds
2024-10-04T14:09:28.616+0300: 569.515: [GC (Allocation Failure) [PSYoungGen: 191135K->10879K(193536K)] 364957K->185498K(603136K), 0.0023427 secs] [Times: user=0.00 sys=0.00, real=0.00 secs] 
2024-10-04T14:09:28.616+0300: 569.518: Total time for which application threads were stopped: 0.0027045 seconds, Stopping threads took: 0.0001372 seconds
2024-10-04T14:09:29.087+0300: 569.990: Application time: 0.4721945 seconds
2024-10-04T14:09:29.087+0300: 569.990: [GC (Allocation Failure) [PSYoungGen: 193058K->9391K(193536K)] 367676K->186891K(603136K), 0.0024603 secs] [Times: user=0.00 sys=0.00, real=0.00 secs] 
2024-10-04T14:09:29.087+0300: 569.993: Total time for which application threads were stopped: 0.0028040 seconds, Stopping threads took: 0.0001990 seconds
2024-10-04T14:09:29.715+0300: 570.619: Application time: 0.6264195 seconds
2024-10-04T14:09:29.715+0300: 570.620: [GC (Allocation Failure) [PSYoungGen: 191549K->10848K(193536K)] 369050K->189109K(603136K), 0.0023452 secs] [Times: user=0.01 sys=0.00, real=0.00 secs] 
2024-10-04T14:09:29.715+0300: 570.622: Total time for which application threads were stopped: 0.0026984 seconds, Stopping threads took: 0.0002012 seconds
2024-10-04T14:09:29.809+0300: 570.708: Application time: 0.0857496 seconds
2024-10-04T14:09:29.809+0300: 570.708: [GC (Allocation Failure) [PSYoungGen: 193047K->8646K(192512K)] 371308K->189116K(602112K), 0.0021811 secs] [Times: user=0.00 sys=0.00, real=0.00 secs] 
2024-10-04T14:09:29.809+0300: 570.710: Total time for which application threads were stopped: 0.0024501 seconds, Stopping threads took: 0.0001403 seconds
2024-10-04T14:09:30.186+0300: 571.087: Application time: 0.3770516 seconds
2024-10-04T14:09:30.186+0300: 571.088: [GC (Allocation Failure) [PSYoungGen: 189779K->7965K(193024K)] 370249K->189917K(602624K), 0.0019460 secs] [Times: user=0.00 sys=0.00, real=0.00 secs] 
2024-10-04T14:09:30.186+0300: 571.090: Total time for which application threads were stopped: 0.0023154 seconds, Stopping threads took: 0.0002018 seconds
2024-10-04T14:09:30.295+0300: 571.200: Application time: 0.1102652 seconds
2024-10-04T14:09:30.295+0300: 571.200: [GC (Allocation Failure) [PSYoungGen: 188635K->9358K(193024K)] 370586K->192827K(602624K), 0.0022486 secs] [Times: user=0.00 sys=0.00, real=0.00 secs] 
2024-10-04T14:09:30.295+0300: 571.202: Total time for which application threads were stopped: 0.0026049 seconds, Stopping threads took: 0.0002027 seconds
2024-10-04T14:09:31.002+0300: 571.900: Application time: 0.6971177 seconds
2024-10-04T14:09:31.002+0300: 571.900: [GC (Allocation Failure) [PSYoungGen: 190367K->10167K(193024K)] 373835K->194396K(602624K), 0.0022633 secs] [Times: user=0.00 sys=0.00, real=0.00 secs] 
2024-10-04T14:09:31.002+0300: 571.902: Total time for which application threads were stopped: 0.0026050 seconds, Stopping threads took: 0.0001792 seconds
2024-10-04T14:09:31.425+0300: 572.322: Application time: 0.4201599 seconds
2024-10-04T14:09:31.425+0300: 572.323: [GC (Allocation Failure) [PSYoungGen: 190934K->10848K(192000K)] 375163K->196526K(601600K), 0.0022475 secs] [Times: user=0.00 sys=0.00, real=0.00 secs] 
2024-10-04T14:09:31.425+0300: 572.325: Total time for which application threads were stopped: 0.0025243 seconds, Stopping threads took: 0.0001488 seconds
2024-10-04T14:09:31.973+0300: 572.882: Application time: 0.5571553 seconds
2024-10-04T14:09:31.973+0300: 572.882: [GC (Allocation Failure) [PSYoungGen: 190821K->8774K(192512K)] 376499K->197342K(602112K), 0.0024510 secs] [Times: user=0.02 sys=0.00, real=0.01 secs] 
2024-10-04T14:09:31.988+0300: 572.885: Total time for which application threads were stopped: 0.0029729 seconds, Stopping threads took: 0.0003104 seconds
2024-10-04T14:09:32.083+0300: 572.982: Application time: 0.0973912 seconds
2024-10-04T14:09:32.083+0300: 572.983: [GC (Allocation Failure) [PSYoungGen: 188815K->8678K(193024K)] 377384K->197310K(602624K), 0.0019143 secs] [Times: user=0.00 sys=0.00, real=0.00 secs] 
2024-10-04T14:09:32.083+0300: 572.985: Total time for which application threads were stopped: 0.0022814 seconds, Stopping threads took: 0.0002245 seconds
2024-10-04T14:09:32.397+0300: 573.303: Application time: 0.3179782 seconds
2024-10-04T14:09:32.397+0300: 573.303: [GC (Allocation Failure) [PSYoungGen: 189757K->10103K(193024K)] 378389K->200208K(602624K), 0.0024640 secs] [Times: user=0.00 sys=0.00, real=0.00 secs] 
2024-10-04T14:09:32.397+0300: 573.305: Total time for which application threads were stopped: 0.0027968 seconds, Stopping threads took: 0.0001362 seconds
2024-10-04T14:09:32.491+0300: 573.395: Application time: 0.0898200 seconds
2024-10-04T14:09:32.491+0300: 573.395: [GC (Allocation Failure) [PSYoungGen: 190763K->8710K(193024K)] 380869K->200336K(602624K), 0.0021604 secs] [Times: user=0.00 sys=0.00, real=0.00 secs] 
2024-10-04T14:09:32.491+0300: 573.398: Total time for which application threads were stopped: 0.0023810 seconds, Stopping threads took: 0.0000659 seconds
2024-10-04T14:09:33.244+0300: 574.140: Application time: 0.7427587 seconds
2024-10-04T14:09:33.244+0300: 574.141: [GC (Allocation Failure) [PSYoungGen: 189315K->10199K(193024K)] 380942K->203290K(602624K), 0.0023174 secs] [Times: user=0.00 sys=0.00, real=0.00 secs] 
2024-10-04T14:09:33.244+0300: 574.143: Total time for which application threads were stopped: 0.0026334 seconds, Stopping threads took: 0.0001815 seconds
2024-10-04T14:09:33.621+0300: 574.527: Application time: 0.3839659 seconds
2024-10-04T14:09:33.621+0300: 574.527: [GC (Allocation Failure) [PSYoungGen: 191229K->10816K(192000K)] 384321K->205388K(601600K), 0.0025090 secs] [Times: user=0.00 sys=0.00, real=0.00 secs] 
2024-10-04T14:09:33.621+0300: 574.530: Total time for which application threads were stopped: 0.0029039 seconds, Stopping threads took: 0.0002308 seconds
2024-10-04T14:09:34.139+0300: 575.038: Application time: 0.5081575 seconds
2024-10-04T14:09:34.139+0300: 575.038: [GC (Allocation Failure) [PSYoungGen: 190786K->8774K(192512K)] 385358K->206205K(602112K), 0.0022598 secs] [Times: user=0.00 sys=0.00, real=0.00 secs] 
2024-10-04T14:09:34.139+0300: 575.041: Total time for which application threads were stopped: 0.0026049 seconds, Stopping threads took: 0.0001946 seconds
2024-10-04T14:09:34.296+0300: 575.198: Application time: 0.1572745 seconds
2024-10-04T14:09:34.296+0300: 575.198: [GC (Allocation Failure) [PSYoungGen: 188798K->9390K(193024K)] 386229K->206885K(602624K), 0.0018697 secs] [Times: user=0.00 sys=0.00, real=0.00 secs] 
2024-10-04T14:09:34.296+0300: 575.200: Total time for which application threads were stopped: 0.0021563 seconds, Stopping threads took: 0.0001565 seconds
2024-10-04T14:09:34.538+0300: 575.441: Application time: 0.2404622 seconds
2024-10-04T14:09:34.538+0300: 575.441: [GC (Allocation Failure) [PSYoungGen: 189437K->10231K(192512K)] 386932K->209198K(602112K), 0.0023249 secs] [Times: user=0.00 sys=0.00, real=0.00 secs] 
2024-10-04T14:09:34.538+0300: 575.443: Total time for which application threads were stopped: 0.0027408 seconds, Stopping threads took: 0.0002777 seconds
2024-10-04T14:09:34.693+0300: 575.600: Application time: 0.1567992 seconds
2024-10-04T14:09:34.693+0300: 575.600: [GC (Allocation Failure) [PSYoungGen: 190528K->9390K(193024K)] 389495K->209911K(602624K), 0.0022269 secs] [Times: user=0.02 sys=0.00, real=0.01 secs] 
2024-10-04T14:09:34.705+0300: 575.603: Total time for which application threads were stopped: 0.0025347 seconds, Stopping threads took: 0.0001698 seconds
2024-10-04T14:09:35.396+0300: 576.301: Application time: 0.6986531 seconds
2024-10-04T14:09:35.396+0300: 576.302: [GC (Allocation Failure) [PSYoungGen: 190004K->10911K(192512K)] 390525K->212865K(602112K), 0.0023908 secs] [Times: user=0.00 sys=0.00, real=0.00 secs] 
2024-10-04T14:09:35.396+0300: 576.304: Total time for which application threads were stopped: 0.0027671 seconds, Stopping threads took: 0.0002439 seconds
2024-10-04T14:09:35.929+0300: 576.827: Application time: 0.5230398 seconds
2024-10-04T14:09:35.929+0300: 576.827: [GC (Allocation Failure) [PSYoungGen: 191924K->10103K(193024K)] 393878K->214251K(602624K), 0.0024479 secs] [Times: user=0.00 sys=0.00, real=0.00 secs] 
2024-10-04T14:09:35.929+0300: 576.830: Total time for which application threads were stopped: 0.0027805 seconds, Stopping threads took: 0.0001012 seconds
2024-10-04T14:09:36.431+0300: 577.342: Application time: 0.5116792 seconds
2024-10-04T14:09:36.431+0300: 577.342: [GC (Allocation Failure) [PSYoungGen: 190808K->9486K(192512K)] 394956K->215067K(602112K), 0.0023715 secs] [Times: user=0.01 sys=0.00, real=0.02 secs] 
2024-10-04T14:09:36.447+0300: 577.344: Total time for which application threads were stopped: 0.0027504 seconds, Stopping threads took: 0.0002284 seconds
2024-10-04T14:09:36.510+0300: 577.408: Application time: 0.0632248 seconds
2024-10-04T14:09:36.510+0300: 577.408: [GC (Allocation Failure) [PSYoungGen: 190020K->9422K(193024K)] 395600K->215771K(602624K), 0.0024367 secs] [Times: user=0.06 sys=0.00, real=0.00 secs] 
2024-10-04T14:09:36.510+0300: 577.411: Total time for which application threads were stopped: 0.0029262 seconds, Stopping threads took: 0.0002957 seconds
2024-10-04T14:09:36.698+0300: 577.606: Application time: 0.1956361 seconds
2024-10-04T14:09:36.698+0300: 577.606: [GC (Allocation Failure) [PSYoungGen: 190100K->10103K(193024K)] 396449K->217253K(602624K), 0.0022345 secs] [Times: user=0.00 sys=0.00, real=0.00 secs] 
2024-10-04T14:09:36.698+0300: 577.609: Total time for which application threads were stopped: 0.0025893 seconds, Stopping threads took: 0.0002228 seconds
2024-10-04T14:09:37.012+0300: 577.917: Application time: 0.3086501 seconds
2024-10-04T14:09:37.012+0300: 577.918: [GC (Allocation Failure) [PSYoungGen: 190699K->9390K(193024K)] 397848K->218021K(602624K), 0.0022557 secs] [Times: user=0.00 sys=0.00, real=0.00 secs] 
2024-10-04T14:09:37.012+0300: 577.920: Total time for which application threads were stopped: 0.0026289 seconds, Stopping threads took: 0.0002274 seconds
2024-10-04T14:09:37.608+0300: 578.510: Application time: 0.5898181 seconds
2024-10-04T14:09:37.608+0300: 578.510: [GC (Allocation Failure) [PSYoungGen: 190045K->9454K(193024K)] 398675K->219558K(602624K), 0.0025151 secs] [Times: user=0.02 sys=0.00, real=0.00 secs] 
2024-10-04T14:09:37.608+0300: 578.513: Total time for which application threads were stopped: 0.0029832 seconds, Stopping threads took: 0.0002430 seconds
2024-10-04T14:09:38.188+0300: 579.089: Application time: 0.5760623 seconds
2024-10-04T14:09:38.188+0300: 579.089: [GC (Allocation Failure) [PSYoungGen: 190477K->10167K(193536K)] 400581K->222457K(603136K), 0.0024398 secs] [Times: user=0.00 sys=0.00, real=0.00 secs] 
2024-10-04T14:09:38.188+0300: 579.092: Total time for which application threads were stopped: 0.0027156 seconds, Stopping threads took: 0.0001396 seconds
2024-10-04T14:09:38.659+0300: 579.568: Application time: 0.4761088 seconds
2024-10-04T14:09:38.659+0300: 579.568: [GC (Allocation Failure) [PSYoungGen: 191747K->8678K(190976K)] 404036K->223137K(600576K), 0.0024135 secs] [Times: user=0.00 sys=0.00, real=0.02 secs] 
2024-10-04T14:09:38.674+0300: 579.571: Total time for which application threads were stopped: 0.0029409 seconds, Stopping threads took: 0.0003131 seconds
2024-10-04T14:09:38.722+0300: 579.631: Application time: 0.0604519 seconds
2024-10-04T14:09:38.722+0300: 579.632: [GC (Allocation Failure) [PSYoungGen: 190641K->9455K(193536K)] 405100K->223969K(603136K), 0.0023165 secs] [Times: user=0.01 sys=0.00, real=0.02 secs] 
2024-10-04T14:09:38.737+0300: 579.634: Total time for which application threads were stopped: 0.0027369 seconds, Stopping threads took: 0.0002371 seconds
2024-10-04T14:09:39.004+0300: 579.902: Application time: 0.2681972 seconds
2024-10-04T14:09:39.004+0300: 579.902: [GC (Allocation Failure) [PSYoungGen: 190833K->10167K(193024K)] 405348K->226191K(602624K), 0.0024285 secs] [Times: user=0.00 sys=0.00, real=0.00 secs] 
2024-10-04T14:09:39.004+0300: 579.905: Total time for which application threads were stopped: 0.0027604 seconds, Stopping threads took: 0.0001890 seconds
2024-10-04T14:09:39.443+0300: 580.347: Application time: 0.4424050 seconds
2024-10-04T14:09:39.443+0300: 580.348: [GC (Allocation Failure) [PSYoungGen: 191523K->8742K(193536K)] 407547K->226951K(603136K), 0.0021395 secs] [Times: user=0.00 sys=0.00, real=0.00 secs] 
2024-10-04T14:09:39.443+0300: 580.350: Total time for which application threads were stopped: 0.0024754 seconds, Stopping threads took: 0.0001694 seconds
2024-10-04T14:09:39.929+0300: 580.829: Application time: 0.4797132 seconds
2024-10-04T14:09:39.929+0300: 580.830: [GC (Allocation Failure) [PSYoungGen: 190876K->9422K(193536K)] 409086K->228400K(603136K), 0.0023474 secs] [Times: user=0.00 sys=0.00, real=0.00 secs] 
2024-10-04T14:09:39.929+0300: 580.832: Total time for which application threads were stopped: 0.0026570 seconds, Stopping threads took: 0.0001386 seconds
2024-10-04T14:09:40.588+0300: 581.494: Application time: 0.6619893 seconds
2024-10-04T14:09:40.588+0300: 581.494: [GC (Allocation Failure) [PSYoungGen: 191367K->10880K(192512K)] 410345K->231331K(602112K), 0.0024607 secs] [Times: user=0.02 sys=0.00, real=0.00 secs] 
2024-10-04T14:09:40.588+0300: 581.497: Total time for which application threads were stopped: 0.0027246 seconds, Stopping threads took: 0.0001172 seconds
2024-10-04T14:09:40.917+0300: 581.822: Application time: 0.3253845 seconds
2024-10-04T14:09:40.917+0300: 581.822: [GC (Allocation Failure) [PSYoungGen: 191723K->6668K(193024K)] 412174K->229273K(602624K), 0.0018674 secs] [Times: user=0.00 sys=0.00, real=0.00 secs] 
2024-10-04T14:09:40.917+0300: 581.824: Total time for which application threads were stopped: 0.0021650 seconds, Stopping threads took: 0.0001704 seconds
2024-10-04T14:09:41.121+0300: 582.031: Application time: 0.2068587 seconds
2024-10-04T14:09:41.121+0300: 582.032: [GC (Allocation Failure) [PSYoungGen: 187363K->10167K(192000K)] 409968K->233568K(601600K), 0.0024475 secs] [Times: user=0.02 sys=0.00, real=0.02 secs] 
2024-10-04T14:09:41.137+0300: 582.034: Total time for which application threads were stopped: 0.0028197 seconds, Stopping threads took: 0.0002147 seconds
2024-10-04T14:09:41.262+0300: 582.172: Application time: 0.1382501 seconds
2024-10-04T14:09:41.262+0300: 582.173: [GC (Allocation Failure) [PSYoungGen: 189781K->10103K(192512K)] 413182K->234977K(602112K), 0.0024478 secs] [Times: user=0.02 sys=0.00, real=0.02 secs] 
2024-10-04T14:09:41.278+0300: 582.175: Total time for which application threads were stopped: 0.0028318 seconds, Stopping threads took: 0.0002270 seconds
2024-10-04T14:09:41.749+0300: 582.653: Application time: 0.4774897 seconds
2024-10-04T14:09:41.749+0300: 582.653: [GC (Allocation Failure) [PSYoungGen: 189654K->8742K(193024K)] 414529K->235117K(602624K), 0.0021209 secs] [Times: user=0.00 sys=0.00, real=0.00 secs] 
2024-10-04T14:09:41.749+0300: 582.655: Total time for which application threads were stopped: 0.0024358 seconds, Stopping threads took: 0.0001479 seconds
2024-10-04T14:09:42.207+0300: 583.112: Application time: 0.4566207 seconds
2024-10-04T14:09:42.207+0300: 583.112: [GC (Allocation Failure) [PSYoungGen: 189397K->10199K(192512K)] 415772K->237295K(602112K), 0.0021978 secs] [Times: user=0.00 sys=0.00, real=0.00 secs] 
2024-10-04T14:09:42.207+0300: 583.114: Total time for which application threads were stopped: 0.0024947 seconds, Stopping threads took: 0.0001640 seconds
2024-10-04T14:09:42.926+0300: 583.829: Application time: 0.7152093 seconds
2024-10-04T14:09:42.926+0300: 583.830: [GC (Allocation Failure) [PSYoungGen: 190495K->9455K(193024K)] 417591K->239441K(602624K), 0.0024573 secs] [Times: user=0.00 sys=0.00, real=0.00 secs] 
2024-10-04T14:09:42.926+0300: 583.832: Total time for which application threads were stopped: 0.0027821 seconds, Stopping threads took: 0.0001902 seconds
2024-10-04T14:09:43.271+0300: 584.171: Application time: 0.3391973 seconds
2024-10-04T14:09:43.271+0300: 584.172: [GC (Allocation Failure) [PSYoungGen: 190231K->8710K(193024K)] 420217K->239449K(602624K), 0.0021003 secs] [Times: user=0.00 sys=0.00, real=0.00 secs] 
2024-10-04T14:09:43.271+0300: 584.174: Total time for which application threads were stopped: 0.0024990 seconds, Stopping threads took: 0.0002492 seconds
2024-10-04T14:09:43.380+0300: 584.278: Application time: 0.1040264 seconds
2024-10-04T14:09:43.380+0300: 584.278: [GC (Allocation Failure) [PSYoungGen: 189560K->9454K(193024K)] 420299K->240273K(602624K), 0.0020754 secs] [Times: user=0.00 sys=0.00, real=0.00 secs] 
2024-10-04T14:09:43.380+0300: 584.280: Total time for which application threads were stopped: 0.0024182 seconds, Stopping threads took: 0.0001854 seconds
2024-10-04T14:09:43.537+0300: 584.445: Application time: 0.1643315 seconds
2024-10-04T14:09:43.537+0300: 584.445: [GC (Allocation Failure) [PSYoungGen: 190626K->10135K(193024K)] 421445K->242435K(602624K), 0.0024671 secs] [Times: user=0.00 sys=0.00, real=0.00 secs] 
2024-10-04T14:09:43.537+0300: 584.448: Total time for which application threads were stopped: 0.0028495 seconds, Stopping threads took: 0.0001788 seconds
2024-10-04T14:09:44.165+0300: 585.075: Application time: 0.6278013 seconds
2024-10-04T14:09:44.165+0300: 585.076: [GC (Allocation Failure) [PSYoungGen: 191141K->8742K(193024K)] 423441K->243255K(602624K), 0.0022924 secs] [Times: user=0.02 sys=0.00, real=0.02 secs] 
2024-10-04T14:09:44.180+0300: 585.078: Total time for which application threads were stopped: 0.0026029 seconds, Stopping threads took: 0.0001456 seconds
2024-10-04T14:09:44.604+0300: 585.503: Application time: 0.4252825 seconds
2024-10-04T14:09:44.604+0300: 585.503: [GC (Allocation Failure) [PSYoungGen: 189453K->10879K(193024K)] 423967K->246129K(602624K), 0.0023157 secs] [Times: user=0.00 sys=0.00, real=0.00 secs] 
2024-10-04T14:09:44.604+0300: 585.506: Total time for which application threads were stopped: 0.0026093 seconds, Stopping threads took: 0.0001383 seconds
2024-10-04T14:09:45.232+0300: 586.134: Application time: 0.6284410 seconds
2024-10-04T14:09:45.232+0300: 586.135: [GC (Allocation Failure) [PSYoungGen: 191904K->8742K(193024K)] 427154K->247603K(602624K), 0.0024295 secs] [Times: user=0.00 sys=0.00, real=0.00 secs] 
2024-10-04T14:09:45.232+0300: 586.137: Total time for which application threads were stopped: 0.0027257 seconds, Stopping threads took: 0.0001199 seconds
2024-10-04T14:09:45.483+0300: 586.393: Application time: 0.2557747 seconds
2024-10-04T14:09:45.483+0300: 586.393: [GC (Allocation Failure) [PSYoungGen: 189347K->8678K(193024K)] 428207K->248291K(602624K), 0.0023608 secs] [Times: user=0.02 sys=0.00, real=0.01 secs] 
2024-10-04T14:09:45.498+0300: 586.396: Total time for which application threads were stopped: 0.0026666 seconds, Stopping threads took: 0.0001494 seconds
2024-10-04T14:09:45.702+0300: 586.609: Application time: 0.2134364 seconds
2024-10-04T14:09:45.702+0300: 586.609: [GC (Allocation Failure) [PSYoungGen: 189901K->9406K(193024K)] 429514K->249816K(602624K), 0.0021495 secs] [Times: user=0.00 sys=0.00, real=0.01 secs] 
2024-10-04T14:09:45.713+0300: 586.612: Total time for which application threads were stopped: 0.0025129 seconds, Stopping threads took: 0.0002192 seconds
2024-10-04T14:09:45.765+0300: 586.676: Application time: 0.0645969 seconds
2024-10-04T14:09:45.765+0300: 586.676: [GC (Allocation Failure) [PSYoungGen: 190017K->10103K(193024K)] 430427K->251309K(602624K), 0.0024130 secs] [Times: user=0.01 sys=0.00, real=0.02 secs] 
2024-10-04T14:09:45.781+0300: 586.679: Total time for which application threads were stopped: 0.0027778 seconds, Stopping threads took: 0.0002170 seconds
2024-10-04T14:09:46.518+0300: 587.422: Application time: 0.7429642 seconds
2024-10-04T14:09:46.518+0300: 587.422: [GC (Allocation Failure) [PSYoungGen: 191100K->10847K(193024K)] 432306K->253519K(602624K), 0.0026008 secs] [Times: user=0.00 sys=0.00, real=0.00 secs] 
2024-10-04T14:09:46.518+0300: 587.425: Total time for which application threads were stopped: 0.0028757 seconds, Stopping threads took: 0.0001159 seconds
2024-10-04T14:09:46.926+0300: 587.824: Application time: 0.3995551 seconds
2024-10-04T14:09:46.926+0300: 587.825: [GC (Allocation Failure) [PSYoungGen: 191595K->9422K(193024K)] 434266K->253543K(602624K), 0.0022294 secs] [Times: user=0.00 sys=0.00, real=0.00 secs] 
2024-10-04T14:09:46.926+0300: 587.827: Total time for which application threads were stopped: 0.0025158 seconds, Stopping threads took: 0.0001528 seconds
2024-10-04T14:09:47.381+0300: 588.285: Application time: 0.4581916 seconds
2024-10-04T14:09:47.381+0300: 588.285: [GC (Allocation Failure) [PSYoungGen: 190188K->8614K(193024K)] 434309K->255649K(602624K), 0.0023557 secs] [Times: user=0.00 sys=0.00, real=0.00 secs] 
2024-10-04T14:09:47.381+0300: 588.288: Total time for which application threads were stopped: 0.0027072 seconds, Stopping threads took: 0.0002078 seconds
2024-10-04T14:09:47.711+0300: 588.612: Application time: 0.3237994 seconds
2024-10-04T14:09:47.711+0300: 588.612: [GC (Allocation Failure) [PSYoungGen: 189372K->9455K(193024K)] 436407K->256537K(602624K), 0.0020738 secs] [Times: user=0.00 sys=0.00, real=0.01 secs] 
2024-10-04T14:09:47.717+0300: 588.614: Total time for which application threads were stopped: 0.0024394 seconds, Stopping threads took: 0.0002125 seconds
2024-10-04T14:09:48.072+0300: 588.980: Application time: 0.3655915 seconds
2024-10-04T14:09:48.072+0300: 588.980: [GC (Allocation Failure) [PSYoungGen: 190542K->7349K(193024K)] 437624K->255904K(602624K), 0.0017505 secs] [Times: user=0.00 sys=0.00, real=0.00 secs] 
2024-10-04T14:09:48.072+0300: 588.982: Total time for which application threads were stopped: 0.0020323 seconds, Stopping threads took: 0.0001550 seconds
2024-10-04T14:09:48.229+0300: 589.130: Application time: 0.1487230 seconds
2024-10-04T14:09:48.229+0300: 589.131: [GC (Allocation Failure) [PSYoungGen: 188008K->9390K(193024K)] 436563K->259463K(602624K), 0.0022897 secs] [Times: user=0.00 sys=0.00, real=0.00 secs] 
2024-10-04T14:09:48.229+0300: 589.133: Total time for which application threads were stopped: 0.0026184 seconds, Stopping threads took: 0.0001998 seconds
2024-10-04T14:09:48.841+0300: 589.752: Application time: 0.6193228 seconds
2024-10-04T14:09:48.856+0300: 589.753: [GC (Allocation Failure) [PSYoungGen: 190405K->10167K(193024K)] 440478K->260992K(602624K), 0.0023238 secs] [Times: user=0.00 sys=0.00, real=0.00 secs] 
2024-10-04T14:09:48.856+0300: 589.755: Total time for which application threads were stopped: 0.0027102 seconds, Stopping threads took: 0.0001814 seconds
2024-10-04T14:09:49.233+0300: 590.133: Application time: 0.3783621 seconds
2024-10-04T14:09:49.233+0300: 590.134: [GC (Allocation Failure) [PSYoungGen: 190922K->10199K(193024K)] 441747K->262457K(602624K), 0.0022624 secs] [Times: user=0.00 sys=0.00, real=0.00 secs] 
2024-10-04T14:09:49.233+0300: 590.136: Total time for which application threads were stopped: 0.0025623 seconds, Stopping threads took: 0.0001510 seconds
2024-10-04T14:09:49.610+0300: 590.516: Application time: 0.3798935 seconds
2024-10-04T14:09:49.610+0300: 590.516: [GC (Allocation Failure) [PSYoungGen: 190926K->8614K(193024K)] 443184K->263794K(602624K), 0.0022956 secs] [Times: user=0.01 sys=0.00, real=0.01 secs] 
2024-10-04T14:09:49.621+0300: 590.518: Total time for which application threads were stopped: 0.0026928 seconds, Stopping threads took: 0.0002383 seconds
2024-10-04T14:09:50.002+0300: 590.908: Application time: 0.3893647 seconds
2024-10-04T14:09:50.002+0300: 590.908: [GC (Allocation Failure) [PSYoungGen: 189309K->8710K(193024K)] 444490K->264651K(602624K), 0.0018166 secs] [Times: user=0.00 sys=0.00, real=0.00 secs] 
2024-10-04T14:09:50.002+0300: 590.910: Total time for which application threads were stopped: 0.0020818 seconds, Stopping threads took: 0.0001292 seconds
2024-10-04T14:09:50.284+0300: 591.186: Application time: 0.2765005 seconds
2024-10-04T14:09:50.284+0300: 591.187: [GC (Allocation Failure) [PSYoungGen: 189914K->8694K(193024K)] 445855K->265411K(602624K), 0.0020546 secs] [Times: user=0.00 sys=0.00, real=0.00 secs] 
2024-10-04T14:09:50.284+0300: 591.189: Total time for which application threads were stopped: 0.0024080 seconds, Stopping threads took: 0.0002005 seconds
2024-10-04T14:09:50.378+0300: 591.280: Application time: 0.0909973 seconds
2024-10-04T14:09:50.378+0300: 591.280: [GC (Allocation Failure) [PSYoungGen: 189359K->9358K(193024K)] 446076K->267593K(602624K), 0.0022389 secs] [Times: user=0.00 sys=0.00, real=0.00 secs] 
2024-10-04T14:09:50.378+0300: 591.282: Total time for which application threads were stopped: 0.0025509 seconds, Stopping threads took: 0.0001612 seconds
2024-10-04T14:09:51.132+0300: 592.031: Application time: 0.7483004 seconds
2024-10-04T14:09:51.132+0300: 592.031: [GC (Allocation Failure) [PSYoungGen: 190371K->9455K(193536K)] 448605K->269154K(603136K), 0.0021751 secs] [Times: user=0.00 sys=0.00, real=0.00 secs] 
2024-10-04T14:09:51.132+0300: 592.033: Total time for which application threads were stopped: 0.0024788 seconds, Stopping threads took: 0.0001569 seconds
2024-10-04T14:09:51.493+0300: 592.394: Application time: 0.3609596 seconds
2024-10-04T14:09:51.493+0300: 592.394: [GC (Allocation Failure) [PSYoungGen: 191015K->10848K(193536K)] 450715K->271988K(603136K), 0.0027240 secs] [Times: user=0.05 sys=0.01, real=0.00 secs] 
2024-10-04T14:09:51.493+0300: 592.397: Total time for which application threads were stopped: 0.0029979 seconds, Stopping threads took: 0.0000967 seconds
2024-10-04T14:09:51.854+0300: 592.764: Application time: 0.3665786 seconds
2024-10-04T14:09:51.854+0300: 592.764: [GC (Allocation Failure) [PSYoungGen: 193014K->8678K(192512K)] 454155K->272725K(602112K), 0.0024181 secs] [Times: user=0.02 sys=0.00, real=0.02 secs] 
2024-10-04T14:09:51.870+0300: 592.766: Total time for which application threads were stopped: 0.0027461 seconds, Stopping threads took: 0.0001924 seconds
2024-10-04T14:09:52.215+0300: 593.118: Application time: 0.3514725 seconds
2024-10-04T14:09:52.215+0300: 593.118: [GC (Allocation Failure) [PSYoungGen: 189346K->8678K(193024K)] 453392K->273501K(602624K), 0.0020282 secs] [Times: user=0.00 sys=0.00, real=0.00 secs] 
2024-10-04T14:09:52.215+0300: 593.120: Total time for which application threads were stopped: 0.0023170 seconds, Stopping threads took: 0.0001541 seconds
2024-10-04T14:09:52.426+0300: 593.322: Application time: 0.2021971 seconds
2024-10-04T14:09:52.426+0300: 593.323: [GC (Allocation Failure) [PSYoungGen: 189867K->9390K(193536K)] 454690K->274982K(603136K), 0.0021734 secs] [Times: user=0.00 sys=0.00, real=0.00 secs] 
2024-10-04T14:09:52.426+0300: 593.325: Total time for which application threads were stopped: 0.0025302 seconds, Stopping threads took: 0.0002207 seconds
2024-10-04T14:09:52.654+0300: 593.562: Application time: 0.2374912 seconds
2024-10-04T14:09:52.654+0300: 593.563: [GC (Allocation Failure) [PSYoungGen: 191487K->9422K(193536K)] 457078K->276527K(603136K), 0.0023433 secs] [Times: user=0.00 sys=0.00, real=0.00 secs] 
2024-10-04T14:09:52.654+0300: 593.565: Total time for which application threads were stopped: 0.0027153 seconds, Stopping threads took: 0.0002311 seconds
2024-10-04T14:09:53.329+0300: 594.231: Application time: 0.6656976 seconds
2024-10-04T14:09:53.329+0300: 594.231: [GC (Allocation Failure) [PSYoungGen: 191524K->10879K(192512K)] 458629K->279465K(602112K), 0.0025060 secs] [Times: user=0.00 sys=0.00, real=0.00 secs] 
2024-10-04T14:09:53.329+0300: 594.234: Total time for which application threads were stopped: 0.0029196 seconds, Stopping threads took: 0.0002406 seconds
2024-10-04T14:09:53.728+0300: 594.625: Application time: 0.3912931 seconds
2024-10-04T14:09:53.728+0300: 594.625: [GC (Allocation Failure) [PSYoungGen: 191896K->10103K(193024K)] 460482K->280883K(602624K), 0.0023820 secs] [Times: user=0.00 sys=0.00, real=0.00 secs] 
2024-10-04T14:09:53.728+0300: 594.628: Total time for which application threads were stopped: 0.0026792 seconds, Stopping threads took: 0.0001521 seconds
2024-10-04T14:09:54.066+0300: 594.971: Application time: 0.3435983 seconds
2024-10-04T14:09:54.066+0300: 594.972: [GC (Allocation Failure) [PSYoungGen: 190828K->8742K(193024K)] 461607K->281675K(602624K), 0.0022775 secs] [Times: user=0.00 sys=0.00, real=0.00 secs] 
2024-10-04T14:09:54.066+0300: 594.974: Total time for which application threads were stopped: 0.0026464 seconds, Stopping threads took: 0.0001763 seconds
2024-10-04T14:09:54.348+0300: 595.251: Application time: 0.2767990 seconds
2024-10-04T14:09:54.348+0300: 595.251: [GC (Allocation Failure) [PSYoungGen: 189928K->9390K(193024K)] 462861K->283100K(602624K), 0.0021718 secs] [Times: user=0.00 sys=0.00, real=0.00 secs] 
2024-10-04T14:09:54.348+0300: 595.253: Total time for which application threads were stopped: 0.0025593 seconds, Stopping threads took: 0.0002066 seconds
2024-10-04T14:09:54.584+0300: 595.483: Application time: 0.2297291 seconds
2024-10-04T14:09:54.584+0300: 595.484: [GC (Allocation Failure) [PSYoungGen: 190493K->10167K(192512K)] 464203K->284669K(602112K), 0.0023458 secs] [Times: user=0.00 sys=0.00, real=0.00 secs] 
2024-10-04T14:09:54.584+0300: 595.486: Total time for which application threads were stopped: 0.0030081 seconds, Stopping threads took: 0.0005000 seconds
2024-10-04T14:09:54.882+0300: 595.784: Application time: 0.2980338 seconds
2024-10-04T14:09:54.882+0300: 595.784: [GC (Allocation Failure) [PSYoungGen: 191180K->9422K(193024K)] 465682K->285442K(602624K), 0.0021992 secs] [Times: user=0.00 sys=0.00, real=0.00 secs] 
2024-10-04T14:09:54.882+0300: 595.787: Total time for which application threads were stopped: 0.0025356 seconds, Stopping threads took: 0.0001969 seconds
2024-10-04T14:09:55.447+0300: 596.346: Application time: 0.5589711 seconds
2024-10-04T14:09:55.447+0300: 596.346: [GC (Allocation Failure) [PSYoungGen: 190074K->9455K(193536K)] 466094K->286907K(603136K), 0.0022279 secs] [Times: user=0.00 sys=0.00, real=0.00 secs] 
2024-10-04T14:09:55.447+0300: 596.348: Total time for which application threads were stopped: 0.0026355 seconds, Stopping threads took: 0.0002679 seconds
2024-10-04T14:09:56.011+0300: 596.910: Application time: 0.5616034 seconds
2024-10-04T14:09:56.011+0300: 596.910: [GC (Allocation Failure) [PSYoungGen: 191199K->10135K(193536K)] 468652K->289789K(603136K), 0.0026810 secs] [Times: user=0.00 sys=0.00, real=0.00 secs] 
2024-10-04T14:09:56.011+0300: 596.913: Total time for which application threads were stopped: 0.0030335 seconds, Stopping threads took: 0.0001928 seconds
2024-10-04T14:09:56.200+0300: 597.103: Application time: 0.1895868 seconds
2024-10-04T14:09:56.200+0300: 597.103: [GC (Allocation Failure) [PSYoungGen: 192136K->9455K(193536K)] 471790K->291262K(603136K), 0.0023870 secs] [Times: user=0.00 sys=0.00, real=0.00 secs] 
2024-10-04T14:09:56.200+0300: 597.105: Total time for which application threads were stopped: 0.0026799 seconds, Stopping threads took: 0.0001590 seconds
2024-10-04T14:09:56.687+0300: 597.588: Application time: 0.4829222 seconds
2024-10-04T14:09:56.687+0300: 597.589: [GC (Allocation Failure) [PSYoungGen: 191650K->10103K(193536K)] 473458K->292715K(603136K), 0.0023430 secs] [Times: user=0.00 sys=0.00, real=0.00 secs] 
2024-10-04T14:09:56.687+0300: 597.591: Total time for which application threads were stopped: 0.0028615 seconds, Stopping threads took: 0.0003197 seconds
2024-10-04T14:09:56.812+0300: 597.713: Application time: 0.1218933 seconds
2024-10-04T14:09:56.812+0300: 597.713: [GC (Allocation Failure) [PSYoungGen: 192238K->9422K(193536K)] 474850K->293516K(603136K), 0.0022272 secs] [Times: user=0.00 sys=0.00, real=0.00 secs] 
2024-10-04T14:09:56.812+0300: 597.716: Total time for which application threads were stopped: 0.0025709 seconds, Stopping threads took: 0.0002102 seconds
2024-10-04T14:09:57.205+0300: 598.107: Application time: 0.3914896 seconds
2024-10-04T14:09:57.205+0300: 598.107: [GC (Allocation Failure) [PSYoungGen: 191460K->9454K(193536K)] 475553K->294308K(603136K), 0.0021426 secs] [Times: user=0.00 sys=0.00, real=0.00 secs] 
2024-10-04T14:09:57.205+0300: 598.109: Total time for which application threads were stopped: 0.0024166 seconds, Stopping threads took: 0.0001485 seconds
2024-10-04T14:09:57.581+0300: 598.489: Application time: 0.3795417 seconds
2024-10-04T14:09:57.581+0300: 598.489: [GC (Allocation Failure) [PSYoungGen: 191604K->9454K(194048K)] 476457K->296494K(603648K), 0.0024082 secs] [Times: user=0.00 sys=0.00, real=0.00 secs] 
2024-10-04T14:09:57.581+0300: 598.492: Total time for which application threads were stopped: 0.0027992 seconds, Stopping threads took: 0.0002237 seconds
2024-10-04T14:09:58.194+0300: 599.103: Application time: 0.6109411 seconds
2024-10-04T14:09:58.194+0300: 599.103: [GC (Allocation Failure) [PSYoungGen: 191624K->10167K(193536K)] 478663K->299384K(603136K), 0.0024640 secs] [Times: user=0.00 sys=0.00, real=0.00 secs] 
2024-10-04T14:09:58.194+0300: 599.106: Total time for which application threads were stopped: 0.0028236 seconds, Stopping threads took: 0.0002035 seconds
2024-10-04T14:09:58.368+0300: 599.274: Application time: 0.1688570 seconds
2024-10-04T14:09:58.368+0300: 599.275: [GC (Allocation Failure) [PSYoungGen: 192457K->9423K(194048K)] 481674K->300121K(603648K), 0.0021745 secs] [Times: user=0.00 sys=0.00, real=0.00 secs] 
2024-10-04T14:09:58.368+0300: 599.277: Total time for which application threads were stopped: 0.0025458 seconds, Stopping threads took: 0.0002443 seconds
2024-10-04T14:09:58.870+0300: 599.781: Application time: 0.5043013 seconds
2024-10-04T14:09:58.885+0300: 599.782: [GC (Allocation Failure) [PSYoungGen: 191550K->10167K(193536K)] 482248K->301617K(603136K), 0.0025168 secs] [Times: user=0.00 sys=0.00, real=0.00 secs] 
2024-10-04T14:09:58.885+0300: 599.784: Total time for which application threads were stopped: 0.0030000 seconds, Stopping threads took: 0.0003086 seconds
2024-10-04T14:09:59.121+0300: 600.022: Application time: 0.2376667 seconds
2024-10-04T14:09:59.121+0300: 600.022: [GC (Allocation Failure) [PSYoungGen: 192356K->9358K(194048K)] 483807K->302306K(603648K), 0.0022650 secs] [Times: user=0.00 sys=0.00, real=0.00 secs] 
2024-10-04T14:09:59.121+0300: 600.025: Total time for which application threads were stopped: 0.0025961 seconds, Stopping threads took: 0.0001798 seconds
2024-10-04T14:09:59.514+0300: 600.417: Application time: 0.3923415 seconds
2024-10-04T14:09:59.514+0300: 600.417: [GC (Allocation Failure) [PSYoungGen: 191469K->10199K(193536K)] 484416K->304611K(603136K), 0.0026161 secs] [Times: user=0.01 sys=0.00, real=0.00 secs] 
2024-10-04T14:09:59.514+0300: 600.420: Total time for which application threads were stopped: 0.0030766 seconds, Stopping threads took: 0.0002740 seconds
2024-10-04T14:09:59.940+0300: 600.842: Application time: 0.4218481 seconds
2024-10-04T14:09:59.940+0300: 600.842: [GC (Allocation Failure) [PSYoungGen: 192338K->8774K(193536K)] 486751K->305372K(603136K), 0.0021997 secs] [Times: user=0.00 sys=0.00, real=0.00 secs] 
2024-10-04T14:09:59.940+0300: 600.844: Total time for which application threads were stopped: 0.0025483 seconds, Stopping threads took: 0.0001907 seconds
2024-10-04T14:10:00.517+0300: 601.418: Application time: 0.5739296 seconds
2024-10-04T14:10:00.517+0300: 601.419: [GC (Allocation Failure) [PSYoungGen: 190979K->10135K(193536K)] 487577K->308198K(603136K), 0.0025625 secs] [Times: user=0.00 sys=0.00, real=0.00 secs] 
2024-10-04T14:10:00.517+0300: 601.421: Total time for which application threads were stopped: 0.0029512 seconds, Stopping threads took: 0.0002220 seconds
2024-10-04T14:10:00.706+0300: 601.606: Application time: 0.1845503 seconds
2024-10-04T14:10:00.706+0300: 601.606: [GC (Allocation Failure) [PSYoungGen: 192281K->9422K(193536K)] 490344K->308967K(603136K), 0.0023242 secs] [Times: user=0.00 sys=0.00, real=0.00 secs] 
2024-10-04T14:10:00.706+0300: 601.608: Total time for which application threads were stopped: 0.0026068 seconds, Stopping threads took: 0.0001251 seconds
2024-10-04T14:10:01.082+0300: 601.993: Application time: 0.3849549 seconds
2024-10-04T14:10:01.082+0300: 601.994: [GC (Allocation Failure) [PSYoungGen: 191302K->10151K(193536K)] 490846K->311168K(603136K), 0.0026089 secs] [Times: user=0.02 sys=0.00, real=0.02 secs] 
2024-10-04T14:10:01.098+0300: 601.996: Total time for which application threads were stopped: 0.0030005 seconds, Stopping threads took: 0.0002304 seconds
2024-10-04T14:10:01.553+0300: 602.459: Application time: 0.4628448 seconds
2024-10-04T14:10:01.553+0300: 602.460: [GC (Allocation Failure) [PSYoungGen: 191898K->7997K(193536K)] 492915K->310532K(603136K), 0.0020205 secs] [Times: user=0.00 sys=0.00, real=0.00 secs] 
2024-10-04T14:10:01.553+0300: 602.462: Total time for which application threads were stopped: 0.0027207 seconds, Stopping threads took: 0.0005352 seconds
2024-10-04T14:10:01.930+0300: 602.839: Application time: 0.3770954 seconds
2024-10-04T14:10:01.943+0300: 602.839: [GC (Allocation Failure) [PSYoungGen: 190147K->10199K(193536K)] 492681K->313454K(603136K), 0.0023644 secs] [Times: user=0.00 sys=0.00, real=0.00 secs] 
2024-10-04T14:10:01.946+0300: 602.842: Total time for which application threads were stopped: 0.0027915 seconds, Stopping threads took: 0.0002550 seconds
2024-10-04T14:10:02.291+0300: 603.201: Application time: 0.3588418 seconds
2024-10-04T14:10:02.291+0300: 603.201: [GC (Allocation Failure) [PSYoungGen: 192349K->9391K(193536K)] 495604K->315552K(603136K), 0.0027279 secs] [Times: user=0.02 sys=0.00, real=0.02 secs] 
2024-10-04T14:10:02.306+0300: 603.204: Total time for which application threads were stopped: 0.0030934 seconds, Stopping threads took: 0.0002120 seconds
2024-10-04T14:10:02.840+0300: 603.738: Application time: 0.5345526 seconds
2024-10-04T14:10:02.856+0300: 603.752: [GC (Allocation Failure) [PSYoungGen: 191230K->8062K(193536K)] 497391K->315688K(603136K), 0.0025516 secs] [Times: user=0.00 sys=0.00, real=0.00 secs] 
2024-10-04T14:10:02.856+0300: 603.755: Total time for which application threads were stopped: 0.0166897 seconds, Stopping threads took: 0.0139335 seconds
2024-10-04T14:10:02.965+0300: 603.866: Application time: 0.1107546 seconds
2024-10-04T14:10:02.965+0300: 603.866: [GC (Allocation Failure) [PSYoungGen: 189628K->10071K(193536K)] 497254K->318510K(603136K), 0.0023885 secs] [Times: user=0.00 sys=0.00, real=0.00 secs] 
2024-10-04T14:10:02.965+0300: 603.869: Total time for which application threads were stopped: 0.0027613 seconds, Stopping threads took: 0.0001910 seconds
2024-10-04T14:10:03.404+0300: 604.306: Application time: 0.4372775 seconds
2024-10-04T14:10:03.404+0300: 604.306: [GC (Allocation Failure) [PSYoungGen: 192172K->8678K(193536K)] 500610K->318606K(603136K), 0.0021778 secs] [Times: user=0.00 sys=0.00, real=0.00 secs] 
2024-10-04T14:10:03.404+0300: 604.308: Total time for which application threads were stopped: 0.0025125 seconds, Stopping threads took: 0.0001885 seconds
2024-10-04T14:10:03.922+0300: 604.833: Application time: 0.5245643 seconds
2024-10-04T14:10:03.922+0300: 604.833: [GC (Allocation Failure) [PSYoungGen: 190797K->9454K(193536K)] 500725K->320855K(603136K), 0.0024984 secs] [Times: user=0.01 sys=0.00, real=0.02 secs] 
2024-10-04T14:10:03.938+0300: 604.836: Total time for which application threads were stopped: 0.0027870 seconds, Stopping threads took: 0.0001335 seconds
2024-10-04T14:10:04.283+0300: 605.185: Application time: 0.3497389 seconds
2024-10-04T14:10:04.283+0300: 605.186: [GC (Allocation Failure) [PSYoungGen: 191199K->10848K(193536K)] 502600K->323009K(603136K), 0.0024891 secs] [Times: user=0.05 sys=0.00, real=0.00 secs] 
2024-10-04T14:10:04.283+0300: 605.188: Total time for which application threads were stopped: 0.0028523 seconds, Stopping threads took: 0.0001918 seconds
2024-10-04T14:10:04.675+0300: 605.574: Application time: 0.3854448 seconds
2024-10-04T14:10:04.675+0300: 605.574: [GC (Allocation Failure) [PSYoungGen: 193026K->9455K(193536K)] 505187K->324482K(603136K), 0.0025313 secs] [Times: user=0.02 sys=0.00, real=0.00 secs] 
2024-10-04T14:10:04.675+0300: 605.577: Total time for which application threads were stopped: 0.0028378 seconds, Stopping threads took: 0.0001545 seconds
2024-10-04T14:10:05.082+0300: 605.982: Application time: 0.4058551 seconds
2024-10-04T14:10:05.082+0300: 605.983: [GC (Allocation Failure) [PSYoungGen: 191635K->8710K(193536K)] 506663K->325218K(603136K), 0.0023421 secs] [Times: user=0.00 sys=0.00, real=0.00 secs] 
2024-10-04T14:10:05.082+0300: 605.985: Total time for which application threads were stopped: 0.0025872 seconds, Stopping threads took: 0.0001043 seconds
2024-10-04T14:10:05.192+0300: 606.097: Application time: 0.1123362 seconds
2024-10-04T14:10:05.192+0300: 606.098: [GC (Allocation Failure) [PSYoungGen: 190565K->9391K(193536K)] 507074K->326676K(603136K), 0.0023911 secs] [Times: user=0.00 sys=0.00, real=0.00 secs] 
2024-10-04T14:10:05.192+0300: 606.100: Total time for which application threads were stopped: 0.0027226 seconds, Stopping threads took: 0.0001300 seconds
2024-10-04T14:10:05.663+0300: 606.566: Application time: 0.4663782 seconds
2024-10-04T14:10:05.663+0300: 606.567: [GC (Allocation Failure) [PSYoungGen: 191505K->10199K(193536K)] 508790K->328985K(603136K), 0.0025338 secs] [Times: user=0.00 sys=0.00, real=0.00 secs] 
2024-10-04T14:10:05.663+0300: 606.569: Total time for which application threads were stopped: 0.0029608 seconds, Stopping threads took: 0.0002303 seconds
2024-10-04T14:10:06.212+0300: 607.120: Application time: 0.5503415 seconds
2024-10-04T14:10:06.212+0300: 607.120: [GC (Allocation Failure) [PSYoungGen: 191762K->10911K(192512K)] 510549K->330450K(602112K), 0.0025128 secs] [Times: user=0.03 sys=0.00, real=0.00 secs] 
2024-10-04T14:10:06.212+0300: 607.123: Total time for which application threads were stopped: 0.0028751 seconds, Stopping threads took: 0.0002137 seconds
2024-10-04T14:10:06.635+0300: 607.533: Application time: 0.4106879 seconds
2024-10-04T14:10:06.635+0300: 607.534: [GC (Allocation Failure) [PSYoungGen: 191692K->9391K(193024K)] 511231K->331843K(602624K), 0.0024969 secs] [Times: user=0.00 sys=0.00, real=0.00 secs] 
2024-10-04T14:10:06.635+0300: 607.537: Total time for which application threads were stopped: 0.0032117 seconds, Stopping threads took: 0.0005604 seconds
2024-10-04T14:10:07.028+0300: 607.931: Application time: 0.3942860 seconds
2024-10-04T14:10:07.028+0300: 607.931: [GC (Allocation Failure) [PSYoungGen: 190386K->9423K(193536K)] 512838K->332628K(603136K), 0.0024467 secs] [Times: user=0.00 sys=0.00, real=0.00 secs] 
2024-10-04T14:10:07.028+0300: 607.934: Total time for which application threads were stopped: 0.0027341 seconds, Stopping threads took: 0.0001099 seconds
2024-10-04T14:10:07.420+0300: 608.319: Application time: 0.3857782 seconds
2024-10-04T14:10:07.420+0300: 608.320: [GC (Allocation Failure) [PSYoungGen: 190633K->10199K(193024K)] 513838K->334837K(602624K), 0.0025987 secs] [Times: user=0.00 sys=0.00, real=0.00 secs] 
2024-10-04T14:10:07.420+0300: 608.322: Total time for which application threads were stopped: 0.0029444 seconds, Stopping threads took: 0.0001637 seconds
2024-10-04T14:10:07.468+0300: 608.370: Application time: 0.0479671 seconds
2024-10-04T14:10:07.468+0300: 608.371: [GC (Allocation Failure) [PSYoungGen: 191610K->7933K(193024K)] 516248K->334093K(602624K), 0.0022080 secs] [Times: user=0.19 sys=0.00, real=0.00 secs] 
2024-10-04T14:10:07.468+0300: 608.373: Total time for which application threads were stopped: 0.0026403 seconds, Stopping threads took: 0.0002432 seconds
2024-10-04T14:10:08.001+0300: 608.905: Application time: 0.5319467 seconds
2024-10-04T14:10:08.001+0300: 608.905: [GC (Allocation Failure) [PSYoungGen: 188521K->9487K(193024K)] 514680K->337111K(602624K), 0.0025757 secs] [Times: user=0.00 sys=0.00, real=0.00 secs] 
2024-10-04T14:10:08.001+0300: 608.908: Total time for which application threads were stopped: 0.0030459 seconds, Stopping threads took: 0.0002503 seconds
2024-10-04T14:10:08.519+0300: 609.418: Application time: 0.5105827 seconds
2024-10-04T14:10:08.519+0300: 609.419: [GC (Allocation Failure) [PSYoungGen: 190522K->10879K(192512K)] 518147K->339264K(602112K), 0.0029090 secs] [Times: user=0.02 sys=0.00, real=0.00 secs] 
2024-10-04T14:10:08.519+0300: 609.422: Total time for which application threads were stopped: 0.0033040 seconds, Stopping threads took: 0.0001880 seconds
2024-10-04T14:10:08.708+0300: 609.617: Application time: 0.1951348 seconds
2024-10-04T14:10:08.708+0300: 609.617: [GC (Allocation Failure) [PSYoungGen: 191655K->9327K(193024K)] 520040K->340634K(602624K), 0.0025377 secs] [Times: user=0.01 sys=0.00, real=0.02 secs] 
2024-10-04T14:10:08.723+0300: 609.620: Total time for which application threads were stopped: 0.0029670 seconds, Stopping threads took: 0.0002349 seconds
2024-10-04T14:10:09.430+0300: 610.333: Application time: 0.7132868 seconds
2024-10-04T14:10:09.430+0300: 610.333: [GC (Allocation Failure) [PSYoungGen: 190320K->9455K(193024K)] 521627K->341522K(602624K), 0.0022355 secs] [Times: user=0.00 sys=0.00, real=0.00 secs] 
2024-10-04T14:10:09.430+0300: 610.336: Total time for which application threads were stopped: 0.0026018 seconds, Stopping threads took: 0.0002324 seconds
2024-10-04T14:10:09.728+0300: 610.625: Application time: 0.2887360 seconds
2024-10-04T14:10:09.728+0300: 610.625: [GC (Allocation Failure) [PSYoungGen: 190674K->9422K(193024K)] 522742K->342947K(602624K), 0.0023568 secs] [Times: user=0.00 sys=0.00, real=0.00 secs] 
2024-10-04T14:10:09.728+0300: 610.627: Total time for which application threads were stopped: 0.0027898 seconds, Stopping threads took: 0.0002235 seconds
2024-10-04T14:10:09.838+0300: 610.744: Application time: 0.1170320 seconds
2024-10-04T14:10:09.838+0300: 610.745: [GC (Allocation Failure) [PSYoungGen: 190114K->10103K(193536K)] 523639K->345137K(603136K), 0.0025228 secs] [Times: user=0.00 sys=0.00, real=0.00 secs] 
2024-10-04T14:10:09.838+0300: 610.747: Total time for which application threads were stopped: 0.0028683 seconds, Stopping threads took: 0.0001980 seconds
2024-10-04T14:10:10.387+0300: 611.293: Application time: 0.5458845 seconds
2024-10-04T14:10:10.387+0300: 611.293: [GC (Allocation Failure) [PSYoungGen: 192168K->8742K(193536K)] 527201K->345953K(603136K), 0.0025083 secs] [Times: user=0.00 sys=0.00, real=0.00 secs] 
2024-10-04T14:10:10.387+0300: 611.296: Total time for which application threads were stopped: 0.0028851 seconds, Stopping threads took: 0.0002298 seconds
2024-10-04T14:10:10.669+0300: 611.572: Application time: 0.2762669 seconds
2024-10-04T14:10:10.669+0300: 611.572: [GC (Allocation Failure) [PSYoungGen: 190979K->9422K(193536K)] 528190K->346690K(603136K), 0.0025528 secs] [Times: user=0.00 sys=0.00, real=0.00 secs] 
2024-10-04T14:10:10.669+0300: 611.575: Total time for which application threads were stopped: 0.0028373 seconds, Stopping threads took: 0.0001460 seconds
2024-10-04T14:10:11.045+0300: 611.942: Application time: 0.3671846 seconds
2024-10-04T14:10:11.045+0300: 611.942: [GC (Allocation Failure) [PSYoungGen: 191545K->10847K(193536K)] 528812K->349596K(603136K), 0.0024054 secs] [Times: user=0.00 sys=0.00, real=0.00 secs] 
2024-10-04T14:10:11.045+0300: 611.945: Total time for which application threads were stopped: 0.0026377 seconds, Stopping threads took: 0.0000712 seconds
2024-10-04T14:10:11.704+0300: 612.612: Application time: 0.6673127 seconds
2024-10-04T14:10:11.704+0300: 612.613: [GC (Allocation Failure) [PSYoungGen: 193032K->10199K(192512K)] 531780K->351117K(602112K), 0.0026099 secs] [Times: user=0.00 sys=0.00, real=0.00 secs] 
2024-10-04T14:10:11.704+0300: 612.615: Total time for which application threads were stopped: 0.0030906 seconds, Stopping threads took: 0.0002984 seconds
2024-10-04T14:10:11.862+0300: 612.768: Application time: 0.1522269 seconds
2024-10-04T14:10:11.862+0300: 612.768: [GC (Allocation Failure) [PSYoungGen: 191019K->9359K(193024K)] 531937K->351766K(602624K), 0.0024378 secs] [Times: user=0.00 sys=0.00, real=0.00 secs] 
2024-10-04T14:10:11.862+0300: 612.770: Total time for which application threads were stopped: 0.0028291 seconds, Stopping threads took: 0.0002268 seconds
2024-10-04T14:10:12.159+0300: 613.056: Application time: 0.2860148 seconds
2024-10-04T14:10:12.159+0300: 613.057: [GC (Allocation Failure) [PSYoungGen: 190060K->10167K(193024K)] 532467K->353335K(602624K), 0.0023670 secs] [Times: user=0.00 sys=0.00, real=0.00 secs] 
2024-10-04T14:10:12.163+0300: 613.059: Total time for which application threads were stopped: 0.0027561 seconds, Stopping threads took: 0.0001932 seconds
2024-10-04T14:10:12.645+0300: 613.545: Application time: 0.4862176 seconds
2024-10-04T14:10:12.645+0300: 613.546: [GC (Allocation Failure) [PSYoungGen: 190854K->8742K(193024K)] 534022K->354095K(602624K), 0.0022875 secs] [Times: user=0.00 sys=0.00, real=0.00 secs] 
2024-10-04T14:10:12.645+0300: 613.548: Total time for which application threads were stopped: 0.0026932 seconds, Stopping threads took: 0.0002598 seconds
2024-10-04T14:10:12.964+0300: 613.869: Application time: 0.3210654 seconds
2024-10-04T14:10:12.964+0300: 613.869: [GC (Allocation Failure) [PSYoungGen: 189381K->10167K(193024K)] 534734K->355576K(602624K), 0.0023602 secs] [Times: user=0.01 sys=0.00, real=0.01 secs] 
2024-10-04T14:10:12.975+0300: 613.872: Total time for which application threads were stopped: 0.0026503 seconds, Stopping threads took: 0.0001284 seconds
2024-10-04T14:10:13.352+0300: 614.248: Application time: 0.3759784 seconds
2024-10-04T14:10:13.352+0300: 614.248: [GC (Allocation Failure) [PSYoungGen: 190857K->10167K(193024K)] 536266K->357778K(602624K), 0.0024795 secs] [Times: user=0.00 sys=0.00, real=0.00 secs] 
2024-10-04T14:10:13.352+0300: 614.251: Total time for which application threads were stopped: 0.0027796 seconds, Stopping threads took: 0.0001640 seconds
2024-10-04T14:10:13.743+0300: 614.648: Application time: 0.3970574 seconds
2024-10-04T14:10:13.743+0300: 614.648: [GC (Allocation Failure) [PSYoungGen: 190920K->8678K(193024K)] 538531K->358474K(602624K), 0.0024233 secs] [Times: user=0.00 sys=0.00, real=0.00 secs] 
2024-10-04T14:10:13.743+0300: 614.650: Total time for which application threads were stopped: 0.0027921 seconds, Stopping threads took: 0.0001799 seconds
2024-10-04T14:10:14.041+0300: 614.947: Application time: 0.2961690 seconds
2024-10-04T14:10:14.041+0300: 614.947: [GC (Allocation Failure) [PSYoungGen: 189437K->9422K(193024K)] 539234K->359987K(602624K), 0.0022073 secs] [Times: user=0.00 sys=0.00, real=0.00 secs] 
2024-10-04T14:10:14.041+0300: 614.949: Total time for which application threads were stopped: 0.0025673 seconds, Stopping threads took: 0.0002098 seconds
2024-10-04T14:10:14.434+0300: 615.331: Application time: 0.3815892 seconds
2024-10-04T14:10:14.434+0300: 615.331: [GC (Allocation Failure) [PSYoungGen: 190089K->9455K(193536K)] 540654K->362197K(603136K), 0.0023835 secs] [Times: user=0.00 sys=0.00, real=0.00 secs] 
2024-10-04T14:10:14.434+0300: 615.333: Total time for which application threads were stopped: 0.0026935 seconds, Stopping threads took: 0.0001618 seconds
2024-10-04T14:10:14.873+0300: 615.769: Application time: 0.4358523 seconds
2024-10-04T14:10:14.873+0300: 615.770: [GC (Allocation Failure) [PSYoungGen: 191619K->8742K(193536K)] 544362K->362958K(603136K), 0.0021843 secs] [Times: user=0.00 sys=0.00, real=0.00 secs] 
2024-10-04T14:10:14.873+0300: 615.772: Total time for which application threads were stopped: 0.0024652 seconds, Stopping threads took: 0.0001532 seconds
2024-10-04T14:10:15.250+0300: 616.151: Application time: 0.3789595 seconds
2024-10-04T14:10:15.250+0300: 616.151: [GC (Allocation Failure) [PSYoungGen: 190869K->10135K(193536K)] 545084K->365103K(603136K), 0.0022958 secs] [Times: user=0.00 sys=0.00, real=0.00 secs] 
2024-10-04T14:10:15.250+0300: 616.153: Total time for which application threads were stopped: 0.0025781 seconds, Stopping threads took: 0.0001300 seconds
2024-10-04T14:10:15.658+0300: 616.555: Application time: 0.4021034 seconds
2024-10-04T14:10:15.658+0300: 616.556: [GC (Allocation Failure) [PSYoungGen: 192267K->8710K(193536K)] 547235K->366576K(603136K), 0.0025177 secs] [Times: user=0.00 sys=0.00, real=0.00 secs] 
2024-10-04T14:10:15.658+0300: 616.558: Total time for which application threads were stopped: 0.0028350 seconds, Stopping threads took: 0.0001631 seconds
2024-10-04T14:10:16.206+0300: 617.105: Application time: 0.5470953 seconds
2024-10-04T14:10:16.206+0300: 617.106: [GC (Allocation Failure) [PSYoungGen: 190840K->9455K(193536K)] 548707K->368081K(603136K), 0.0022352 secs] [Times: user=0.00 sys=0.00, real=0.00 secs] 
2024-10-04T14:10:16.206+0300: 617.108: Total time for which application threads were stopped: 0.0025644 seconds, Stopping threads took: 0.0001385 seconds
2024-10-04T14:10:16.370+0300: 617.266: Application time: 0.1582274 seconds
2024-10-04T14:10:16.370+0300: 617.266: [GC (Allocation Failure) [PSYoungGen: 191446K->10167K(193536K)] 550073K->370267K(603136K), 0.0024245 secs] [Times: user=0.00 sys=0.00, real=0.00 secs] 
2024-10-04T14:10:16.370+0300: 617.269: Total time for which application threads were stopped: 0.0028010 seconds, Stopping threads took: 0.0002234 seconds
2024-10-04T14:10:16.849+0300: 617.752: Application time: 0.4829133 seconds
2024-10-04T14:10:16.849+0300: 617.752: [GC (Allocation Failure) [PSYoungGen: 191905K->9422K(193536K)] 552005K->371027K(603136K), 0.0023598 secs] [Times: user=0.00 sys=0.00, real=0.00 secs] 
2024-10-04T14:10:16.849+0300: 617.755: Total time for which application threads were stopped: 0.0027039 seconds, Stopping threads took: 0.0001929 seconds
2024-10-04T14:10:17.195+0300: 618.102: Application time: 0.3474870 seconds
2024-10-04T14:10:17.195+0300: 618.102: [GC (Allocation Failure) [PSYoungGen: 191316K->8742K(193536K)] 552921K->371804K(603136K), 0.0023712 secs] [Times: user=0.00 sys=0.00, real=0.00 secs] 
2024-10-04T14:10:17.195+0300: 618.105: Total time for which application threads were stopped: 0.0026469 seconds, Stopping threads took: 0.0000977 seconds
2024-10-04T14:10:17.618+0300: 618.526: Application time: 0.4207782 seconds
2024-10-04T14:10:17.618+0300: 618.526: [GC (Allocation Failure) [PSYoungGen: 190488K->10880K(192512K)] 553550K->374734K(602112K), 0.0025532 secs] [Times: user=0.02 sys=0.00, real=0.00 secs] 
2024-10-04T14:10:17.618+0300: 618.528: Total time for which application threads were stopped: 0.0028942 seconds, Stopping threads took: 0.0001659 seconds
2024-10-04T14:10:18.011+0300: 618.916: Application time: 0.3876352 seconds
2024-10-04T14:10:18.011+0300: 618.916: [GC (Allocation Failure) [PSYoungGen: 191682K->8774K(193024K)] 555536K->375487K(602624K), 0.0023973 secs] [Times: user=0.01 sys=0.00, real=0.00 secs] 
2024-10-04T14:10:18.011+0300: 618.919: Total time for which application threads were stopped: 0.0027223 seconds, Stopping threads took: 0.0001730 seconds
2024-10-04T14:10:18.481+0300: 619.380: Application time: 0.4615187 seconds
2024-10-04T14:10:18.481+0300: 619.381: [GC (Allocation Failure) [PSYoungGen: 189982K->9455K(193536K)] 556694K->377648K(603136K), 0.0023631 secs] [Times: user=0.00 sys=0.00, real=0.00 secs] 
2024-10-04T14:10:18.481+0300: 619.383: Total time for which application threads were stopped: 0.0029444 seconds, Stopping threads took: 0.0004274 seconds
2024-10-04T14:10:18.575+0300: 619.482: Application time: 0.0991488 seconds
2024-10-04T14:10:18.575+0300: 619.483: [GC (Allocation Failure) [PSYoungGen: 190857K->9423K(193024K)] 559051K->378417K(602624K), 0.0022804 secs] [Times: user=0.00 sys=0.00, real=0.00 secs] 
2024-10-04T14:10:18.575+0300: 619.485: Total time for which application threads were stopped: 0.0025937 seconds, Stopping threads took: 0.0001707 seconds
2024-10-04T14:10:19.061+0300: 619.962: Application time: 0.4769156 seconds
2024-10-04T14:10:19.061+0300: 619.962: [GC (Allocation Failure) [PSYoungGen: 190803K->10199K(193536K)] 559797K->380658K(603136K), 0.0024286 secs] [Times: user=0.00 sys=0.00, real=0.00 secs] 
2024-10-04T14:10:19.061+0300: 619.965: Total time for which application threads were stopped: 0.0027847 seconds, Stopping threads took: 0.0001364 seconds
2024-10-04T14:10:19.438+0300: 620.336: Application time: 0.3712986 seconds
2024-10-04T14:10:19.438+0300: 620.336: [GC (Allocation Failure) [PSYoungGen: 192407K->9422K(193536K)] 562867K->381355K(603136K), 0.0023460 secs] [Times: user=0.00 sys=0.00, real=0.00 secs] 
2024-10-04T14:10:19.438+0300: 620.339: Total time for which application threads were stopped: 0.0027206 seconds, Stopping threads took: 0.0002194 seconds
2024-10-04T14:10:19.909+0300: 620.816: Application time: 0.4772640 seconds
2024-10-04T14:10:19.909+0300: 620.816: [GC (Allocation Failure) [PSYoungGen: 191161K->10880K(192512K)] 563094K->383565K(602112K), 0.0024465 secs] [Times: user=0.00 sys=0.00, real=0.00 secs] 
2024-10-04T14:10:19.909+0300: 620.819: Total time for which application threads were stopped: 0.0027368 seconds, Stopping threads took: 0.0001565 seconds
2024-10-04T14:10:20.277+0300: 621.177: Application time: 0.3586630 seconds
2024-10-04T14:10:20.277+0300: 621.178: [GC (Allocation Failure) [PSYoungGen: 191615K->9455K(193024K)] 564300K->385006K(602624K), 0.0024467 secs] [Times: user=0.00 sys=0.00, real=0.00 secs] 
2024-10-04T14:10:20.277+0300: 621.180: Total time for which application threads were stopped: 0.0027360 seconds, Stopping threads took: 0.0001611 seconds
2024-10-04T14:10:20.647+0300: 621.556: Application time: 0.3761412 seconds
2024-10-04T14:10:20.647+0300: 621.557: [GC (Allocation Failure) [PSYoungGen: 190164K->9390K(193536K)] 565715K->386423K(603136K), 0.0024594 secs] [Times: user=0.02 sys=0.00, real=0.02 secs] 
2024-10-04T14:10:20.663+0300: 621.559: Total time for which application threads were stopped: 0.0028345 seconds, Stopping threads took: 0.0001820 seconds
2024-10-04T14:10:20.726+0300: 621.632: Application time: 0.0729441 seconds
2024-10-04T14:10:20.726+0300: 621.632: [GC (Allocation Failure) [PSYoungGen: 191251K->8678K(193536K)] 568283K->387199K(603136K), 0.0023806 secs] [Times: user=0.00 sys=0.00, real=0.00 secs] 
2024-10-04T14:10:20.726+0300: 621.635: Total time for which application threads were stopped: 0.0027326 seconds, Stopping threads took: 0.0002042 seconds
2024-10-04T14:10:21.197+0300: 622.105: Application time: 0.4697808 seconds
2024-10-04T14:10:21.197+0300: 622.105: [GC (Allocation Failure) [PSYoungGen: 190747K->10167K(193536K)] 569268K->389481K(603136K), 0.0023609 secs] [Times: user=0.00 sys=0.00, real=0.00 secs] 
2024-10-04T14:10:21.197+0300: 622.107: Total time for which application threads were stopped: 0.0026918 seconds, Stopping threads took: 0.0001686 seconds
2024-10-04T14:10:21.667+0300: 622.568: Application time: 0.4602830 seconds
2024-10-04T14:10:21.667+0300: 622.568: [GC (Allocation Failure) [PSYoungGen: 192350K->9454K(193536K)] 571664K->390241K(603136K), 0.0022941 secs] [Times: user=0.00 sys=0.00, real=0.00 secs] 
2024-10-04T14:10:21.667+0300: 622.570: Total time for which application threads were stopped: 0.0026784 seconds, Stopping threads took: 0.0002441 seconds
2024-10-04T14:10:22.138+0300: 623.039: Application time: 0.4687452 seconds
2024-10-04T14:10:22.138+0300: 623.039: [GC (Allocation Failure) [PSYoungGen: 191644K->10880K(192512K)] 572431K->393148K(602112K), 0.0025248 secs] [Times: user=0.00 sys=0.00, real=0.00 secs] 
2024-10-04T14:10:22.138+0300: 623.042: Total time for which application threads were stopped: 0.0029085 seconds, Stopping threads took: 0.0002312 seconds
2024-10-04T14:10:22.546+0300: 623.448: Application time: 0.4058555 seconds
2024-10-04T14:10:22.546+0300: 623.448: [GC (Allocation Failure) [PSYoungGen: 191896K->9455K(193024K)] 574164K->393908K(602624K), 0.0024736 secs] [Times: user=0.00 sys=0.00, real=0.00 secs] 
2024-10-04T14:10:22.546+0300: 623.451: Total time for which application threads were stopped: 0.0028640 seconds, Stopping threads took: 0.0002019 seconds
2024-10-04T14:10:22.844+0300: 623.746: Application time: 0.2956668 seconds
2024-10-04T14:10:22.844+0300: 623.747: [GC (Allocation Failure) [PSYoungGen: 190687K->10199K(192512K)] 575140K->396085K(602112K), 0.0025255 secs] [Times: user=0.02 sys=0.00, real=0.00 secs] 
2024-10-04T14:10:22.844+0300: 623.749: Total time for which application threads were stopped: 0.0029010 seconds, Stopping threads took: 0.0002323 seconds
2024-10-04T14:10:22.971+0300: 623.868: Application time: 0.1189155 seconds
2024-10-04T14:10:22.971+0300: 623.868: [GC (Allocation Failure) [PSYoungGen: 190895K->9390K(193024K)] 576781K->396794K(602624K), 0.0023532 secs] [Times: user=0.00 sys=0.00, real=0.00 secs] 
2024-10-04T14:10:22.974+0300: 623.871: Total time for which application threads were stopped: 0.0026262 seconds, Stopping threads took: 0.0001327 seconds
2024-10-04T14:10:23.394+0300: 624.305: Application time: 0.4343469 seconds
2024-10-04T14:10:23.394+0300: 624.305: [GC (Allocation Failure) [PSYoungGen: 190012K->9390K(193536K)] 577416K->398267K(603136K), 0.0023438 secs] [Times: user=0.02 sys=0.00, real=0.01 secs] 
2024-10-04T14:10:23.409+0300: 624.308: Total time for which application threads were stopped: 0.0026389 seconds, Stopping threads took: 0.0001569 seconds
2024-10-04T14:10:23.927+0300: 624.835: Application time: 0.5267937 seconds
2024-10-04T14:10:23.927+0300: 624.835: [GC (Allocation Failure) [PSYoungGen: 191461K->9454K(193536K)] 580337K->399804K(603136K), 0.0023185 secs] [Times: user=0.00 sys=0.00, real=0.00 secs] 
2024-10-04T14:10:23.927+0300: 624.837: Total time for which application threads were stopped: 0.0026858 seconds, Stopping threads took: 0.0002268 seconds
2024-10-04T14:10:24.241+0300: 625.151: Application time: 0.3139696 seconds
2024-10-04T14:10:24.241+0300: 625.151: [GC (Allocation Failure) [PSYoungGen: 191672K->9359K(193536K)] 582022K->401910K(603136K), 0.0026323 secs] [Times: user=0.01 sys=0.00, real=0.02 secs] 
2024-10-04T14:10:24.256+0300: 625.154: Total time for which application threads were stopped: 0.0029710 seconds, Stopping threads took: 0.0001974 seconds
2024-10-04T14:10:24.821+0300: 625.729: Application time: 0.5744857 seconds
2024-10-04T14:10:24.821+0300: 625.729: [GC (Allocation Failure) [PSYoungGen: 191086K->9455K(193536K)] 583638K->402758K(603136K), 0.0022400 secs] [Times: user=0.00 sys=0.00, real=0.00 secs] 
2024-10-04T14:10:24.821+0300: 625.731: Total time for which application threads were stopped: 0.0026061 seconds, Stopping threads took: 0.0001870 seconds
2024-10-04T14:10:25.025+0300: 625.935: Application time: 0.2040923 seconds
2024-10-04T14:10:25.025+0300: 625.936: [GC (Allocation Failure) [PSYoungGen: 191432K->9422K(194048K)] 584736K->404183K(603648K), 0.0024192 secs] [Times: user=0.02 sys=0.00, real=0.02 secs] 
2024-10-04T14:10:25.041+0300: 625.938: Total time for which application threads were stopped: 0.0027933 seconds, Stopping threads took: 0.0002337 seconds
2024-10-04T14:10:25.276+0300: 626.174: Application time: 0.2362410 seconds
2024-10-04T14:10:25.276+0300: 626.175: [GC (Allocation Failure) [PSYoungGen: 191551K->9390K(193536K)] 586311K->405668K(603136K), 0.0023253 secs] [Times: user=0.00 sys=0.00, real=0.00 secs] 
2024-10-04T14:10:25.276+0300: 626.177: Total time for which application threads were stopped: 0.0026740 seconds, Stopping threads took: 0.0002074 seconds
2024-10-04T14:10:25.731+0300: 626.630: Application time: 0.4532792 seconds
2024-10-04T14:10:25.731+0300: 626.631: [GC (Allocation Failure) [PSYoungGen: 191488K->9486K(194048K)] 587766K->407229K(603648K), 0.0024446 secs] [Times: user=0.00 sys=0.00, real=0.00 secs] 
2024-10-04T14:10:25.731+0300: 626.633: Total time for which application threads were stopped: 0.0027784 seconds, Stopping threads took: 0.0001576 seconds
2024-10-04T14:10:26.155+0300: 627.062: Application time: 0.4290466 seconds
2024-10-04T14:10:26.155+0300: 627.062: [GC (Allocation Failure) [PSYoungGen: 192352K->9422K(194048K)] 590095K->408646K(603648K), 0.0024815 secs] [Times: user=0.00 sys=0.00, real=0.00 secs] 
2024-10-04T14:10:26.155+0300: 627.065: Total time for which application threads were stopped: 0.0027881 seconds, Stopping threads took: 0.0001523 seconds
2024-10-04T14:10:26.532+0300: 627.437: Application time: 0.3717020 seconds
2024-10-04T14:10:26.532+0300: 627.437: [GC (Allocation Failure) [PSYoungGen: 192353K->8742K(194048K)] 591577K->409447K(603648K), 0.0023578 secs] [Times: user=0.00 sys=0.00, real=0.00 secs] 
2024-10-04T14:10:26.532+0300: 627.439: Total time for which application threads were stopped: 0.0027190 seconds, Stopping threads took: 0.0001703 seconds
2024-10-04T14:10:27.159+0300: 628.068: Application time: 0.6285259 seconds
2024-10-04T14:10:27.159+0300: 628.068: [GC (Allocation Failure) [PSYoungGen: 191672K->8029K(194048K)] 592377K->410912K(603648K), 0.0022443 secs] [Times: user=0.00 sys=0.00, real=0.00 secs] 
2024-10-04T14:10:27.159+0300: 628.071: Total time for which application threads were stopped: 0.0026057 seconds, Stopping threads took: 0.0002224 seconds
2024-10-04T14:10:27.269+0300: 628.180: Application time: 0.1090440 seconds
2024-10-04T14:10:27.269+0300: 628.180: [GC (Allocation Failure) [PSYoungGen: 190783K->10151K(193024K)] 593666K->413090K(602624K), 0.0024214 secs] [Times: user=0.02 sys=0.00, real=0.02 secs] 
2024-10-04T14:10:27.285+0300: 628.182: Total time for which application threads were stopped: 0.0029045 seconds, Stopping threads took: 0.0003377 seconds
2024-10-04T14:10:27.599+0300: 628.505: Application time: 0.3221175 seconds
2024-10-04T14:10:27.599+0300: 628.505: [GC (Allocation Failure) [PSYoungGen: 192366K->10135K(193536K)] 595305K->414591K(603136K), 0.0027174 secs] [Times: user=0.00 sys=0.00, real=0.00 secs] 
2024-10-04T14:10:27.599+0300: 628.508: Total time for which application threads were stopped: 0.0031446 seconds, Stopping threads took: 0.0002223 seconds
2024-10-04T14:10:28.020+0300: 628.916: Application time: 0.4086048 seconds
2024-10-04T14:10:28.020+0300: 628.917: [GC (Allocation Failure) [PSYoungGen: 191871K->9454K(193536K)] 596327K->415375K(603136K), 0.0025390 secs] [Times: user=0.02 sys=0.00, real=0.00 secs] 
2024-10-04T14:10:28.023+0300: 628.919: Total time for which application threads were stopped: 0.0029443 seconds, Stopping threads took: 0.0002361 seconds
2024-10-04T14:10:28.461+0300: 629.358: Application time: 0.4387881 seconds
2024-10-04T14:10:28.461+0300: 629.358: [GC (Allocation Failure) [PSYoungGen: 191605K->10879K(193536K)] 597526K->418233K(603136K), 0.0025520 secs] [Times: user=0.00 sys=0.00, real=0.00 secs] 
2024-10-04T14:10:28.461+0300: 629.361: [Full GC (Ergonomics) [PSYoungGen: 10879K->0K(193536K)] [ParOldGen: 407353K->17428K(409600K)] 418233K->17428K(603136K), [Metaspace: 8311K->8301K(1056768K)], 0.0082539 secs] [Times: user=0.00 sys=0.00, real=0.00 secs] 
2024-10-04T14:10:28.461+0300: 629.369: Total time for which application threads were stopped: 0.0112085 seconds, Stopping threads took: 0.0001841 seconds
2024-10-04T14:10:28.869+0300: 629.780: Application time: 0.4107798 seconds
2024-10-04T14:10:28.869+0300: 629.780: [GC (Allocation Failure) [PSYoungGen: 182150K->9423K(193536K)] 199578K->26851K(603136K), 0.0018863 secs] [Times: user=0.01 sys=0.00, real=0.02 secs] 
2024-10-04T14:10:28.885+0300: 629.782: Total time for which application threads were stopped: 0.0021876 seconds, Stopping threads took: 0.0001570 seconds
2024-10-04T14:10:29.419+0300: 630.317: Application time: 0.5349305 seconds
2024-10-04T14:10:29.419+0300: 630.318: [GC (Allocation Failure) [PSYoungGen: 191329K->8029K(193536K)] 208758K->26939K(603136K), 0.0019369 secs] [Times: user=0.00 sys=0.00, real=0.00 secs] 
2024-10-04T14:10:29.419+0300: 630.320: Total time for which application threads were stopped: 0.0023913 seconds, Stopping threads took: 0.0003152 seconds
2024-10-04T14:10:29.497+0300: 630.406: Application time: 0.0861008 seconds
2024-10-04T14:10:29.497+0300: 630.406: [GC (Allocation Failure) [PSYoungGen: 190248K->10103K(193536K)] 209157K->29096K(603136K), 0.0021121 secs] [Times: user=0.00 sys=0.00, real=0.00 secs] 
2024-10-04T14:10:29.497+0300: 630.408: Total time for which application threads were stopped: 0.0024179 seconds, Stopping threads took: 0.0000997 seconds
2024-10-04T14:10:30.110+0300: 631.008: Application time: 0.5994223 seconds
2024-10-04T14:10:30.110+0300: 631.008: [GC (Allocation Failure) [PSYoungGen: 191831K->9423K(193536K)] 210824K->30601K(603136K), 0.0020257 secs] [Times: user=0.00 sys=0.00, real=0.00 secs] 
2024-10-04T14:10:30.110+0300: 631.010: Total time for which application threads were stopped: 0.0022634 seconds, Stopping threads took: 0.0000835 seconds
2024-10-04T14:10:30.502+0300: 631.412: Application time: 0.4024346 seconds
2024-10-04T14:10:30.502+0300: 631.412: [GC (Allocation Failure) [PSYoungGen: 191495K->8678K(193536K)] 212674K->31322K(603136K), 0.0023530 secs] [Times: user=0.02 sys=0.00, real=0.01 secs] 
2024-10-04T14:10:30.517+0300: 631.415: Total time for which application threads were stopped: 0.0026550 seconds, Stopping threads took: 0.0001113 seconds
2024-10-04T14:10:30.862+0300: 631.760: Application time: 0.3449960 seconds
2024-10-04T14:10:30.862+0300: 631.760: [GC (Allocation Failure) [PSYoungGen: 190601K->10911K(193536K)] 213245K->35028K(603136K), 0.0022186 secs] [Times: user=0.00 sys=0.00, real=0.00 secs] 
2024-10-04T14:10:30.862+0300: 631.763: Total time for which application threads were stopped: 0.0026441 seconds, Stopping threads took: 0.0002480 seconds
2024-10-04T14:10:31.298+0300: 632.197: Application time: 0.4341846 seconds
2024-10-04T14:10:31.298+0300: 632.197: [GC (Allocation Failure) [PSYoungGen: 192660K->8030K(192512K)] 216777K->34352K(602112K), 0.0018400 secs] [Times: user=0.00 sys=0.00, real=0.00 secs] 
2024-10-04T14:10:31.301+0300: 632.199: Total time for which application threads were stopped: 0.0021242 seconds, Stopping threads took: 0.0001434 seconds
2024-10-04T14:10:31.646+0300: 632.554: Application time: 0.3552950 seconds
2024-10-04T14:10:31.646+0300: 632.554: [GC (Allocation Failure) [PSYoungGen: 188863K->8710K(193024K)] 215186K->35769K(602624K), 0.0018972 secs] [Times: user=0.00 sys=0.00, real=0.00 secs] 
2024-10-04T14:10:31.646+0300: 632.556: Total time for which application threads were stopped: 0.0021903 seconds, Stopping threads took: 0.0001092 seconds
2024-10-04T14:10:31.882+0300: 632.791: Application time: 0.2351483 seconds
2024-10-04T14:10:31.882+0300: 632.792: [GC (Allocation Failure) [PSYoungGen: 189810K->9390K(193536K)] 216869K->37931K(603136K), 0.0021768 secs] [Times: user=0.02 sys=0.00, real=0.02 secs] 
2024-10-04T14:10:31.897+0300: 632.794: Total time for which application threads were stopped: 0.0025369 seconds, Stopping threads took: 0.0001989 seconds
2024-10-04T14:10:32.384+0300: 633.290: Application time: 0.4959008 seconds
2024-10-04T14:10:32.384+0300: 633.290: [GC (Allocation Failure) [PSYoungGen: 190759K->8774K(193024K)] 219299K->38815K(602624K), 0.0018798 secs] [Times: user=0.00 sys=0.00, real=0.00 secs] 
2024-10-04T14:10:32.384+0300: 633.292: Total time for which application threads were stopped: 0.0022437 seconds, Stopping threads took: 0.0002169 seconds
2024-10-04T14:10:32.729+0300: 633.635: Application time: 0.3432031 seconds
2024-10-04T14:10:32.729+0300: 633.636: [GC (Allocation Failure) [PSYoungGen: 190256K->9454K(193536K)] 220297K->40969K(603136K), 0.0019847 secs] [Times: user=0.00 sys=0.00, real=0.00 secs] 
2024-10-04T14:10:32.729+0300: 633.638: Total time for which application threads were stopped: 0.0023365 seconds, Stopping threads took: 0.0002124 seconds
2024-10-04T14:10:32.965+0300: 633.866: Application time: 0.2287301 seconds
2024-10-04T14:10:32.965+0300: 633.867: [GC (Allocation Failure) [PSYoungGen: 191644K->10847K(193536K)] 223159K->43835K(603136K), 0.0022242 secs] [Times: user=0.00 sys=0.00, real=0.00 secs] 
2024-10-04T14:10:32.965+0300: 633.869: Total time for which application threads were stopped: 0.0026116 seconds, Stopping threads took: 0.0002441 seconds
2024-10-04T14:10:33.545+0300: 634.455: Application time: 0.5860843 seconds
2024-10-04T14:10:33.545+0300: 634.455: [GC (Allocation Failure) [PSYoungGen: 192590K->9455K(193536K)] 225578K->44620K(603136K), 0.0021983 secs] [Times: user=0.00 sys=0.00, real=0.02 secs] 
2024-10-04T14:10:33.561+0300: 634.458: Total time for which application threads were stopped: 0.0024795 seconds, Stopping threads took: 0.0001209 seconds
2024-10-04T14:10:34.003+0300: 634.900: Application time: 0.4426801 seconds
2024-10-04T14:10:34.003+0300: 634.901: [GC (Allocation Failure) [PSYoungGen: 191402K->7997K(190464K)] 226567K->44611K(600064K), 0.0019201 secs] [Times: user=0.00 sys=0.00, real=0.00 secs] 
2024-10-04T14:10:34.003+0300: 634.903: Total time for which application threads were stopped: 0.0022721 seconds, Stopping threads took: 0.0001968 seconds
2024-10-04T14:10:34.219+0300: 635.127: Application time: 0.2248713 seconds
2024-10-04T14:10:34.219+0300: 635.128: [GC (Allocation Failure) [PSYoungGen: 190134K->10103K(193024K)] 226748K->48226K(602624K), 0.0020605 secs] [Times: user=0.00 sys=0.00, real=0.00 secs] 
2024-10-04T14:10:34.219+0300: 635.130: Total time for which application threads were stopped: 0.0023569 seconds, Stopping threads took: 0.0001655 seconds
2024-10-04T14:10:34.643+0300: 635.552: Application time: 0.4218190 seconds
2024-10-04T14:10:34.643+0300: 635.552: [GC (Allocation Failure) [PSYoungGen: 190781K->9455K(193024K)] 228904K->49051K(602624K), 0.0022722 secs] [Times: user=0.00 sys=0.00, real=0.00 secs] 
2024-10-04T14:10:34.643+0300: 635.554: Total time for which application threads were stopped: 0.0027291 seconds, Stopping threads took: 0.0002009 seconds
2024-10-04T14:10:35.005+0300: 635.904: Application time: 0.3498205 seconds
2024-10-04T14:10:35.005+0300: 635.904: [GC (Allocation Failure) [PSYoungGen: 190148K->10135K(192512K)] 229745K->50516K(602112K), 0.0020887 secs] [Times: user=0.00 sys=0.00, real=0.00 secs] 
2024-10-04T14:10:35.005+0300: 635.907: Total time for which application threads were stopped: 0.0024260 seconds, Stopping threads took: 0.0001782 seconds
2024-10-04T14:10:35.161+0300: 636.058: Application time: 0.1513071 seconds
2024-10-04T14:10:35.161+0300: 636.058: [GC (Allocation Failure) [PSYoungGen: 190852K->10103K(193024K)] 231233K->51965K(602624K), 0.0021034 secs] [Times: user=0.00 sys=0.00, real=0.00 secs] 
2024-10-04T14:10:35.161+0300: 636.060: Total time for which application threads were stopped: 0.0024168 seconds, Stopping threads took: 0.0001825 seconds
2024-10-04T14:10:35.835+0300: 636.734: Application time: 0.6731447 seconds
2024-10-04T14:10:35.835+0300: 636.734: [GC (Allocation Failure) [PSYoungGen: 190741K->8758K(193024K)] 232603K->52085K(602624K), 0.0020217 secs] [Times: user=0.00 sys=0.00, real=0.00 secs] 
2024-10-04T14:10:35.835+0300: 636.736: Total time for which application threads were stopped: 0.0023492 seconds, Stopping threads took: 0.0001942 seconds
2024-10-04T14:10:36.133+0300: 637.034: Application time: 0.2981922 seconds
2024-10-04T14:10:36.133+0300: 637.034: [GC (Allocation Failure) [PSYoungGen: 189533K->10103K(193024K)] 232860K->55631K(602624K), 0.0021639 secs] [Times: user=0.00 sys=0.00, real=0.00 secs] 
2024-10-04T14:10:36.133+0300: 637.037: Total time for which application threads were stopped: 0.0025676 seconds, Stopping threads took: 0.0002534 seconds
2024-10-04T14:10:36.290+0300: 637.192: Application time: 0.1558276 seconds
2024-10-04T14:10:36.290+0300: 637.193: [GC (Allocation Failure) [PSYoungGen: 190840K->10103K(193024K)] 236369K->57113K(602624K), 0.0022122 secs] [Times: user=0.00 sys=0.00, real=0.00 secs] 
2024-10-04T14:10:36.290+0300: 637.195: Total time for which application threads were stopped: 0.0025691 seconds, Stopping threads took: 0.0002142 seconds
2024-10-04T14:10:36.687+0300: 637.583: Application time: 0.3883760 seconds
2024-10-04T14:10:36.688+0300: 637.584: [GC (Allocation Failure) [PSYoungGen: 190771K->9455K(193024K)] 237780K->57937K(602624K), 0.0022825 secs] [Times: user=0.00 sys=0.00, real=0.00 secs] 
2024-10-04T14:10:36.690+0300: 637.586: Total time for which application threads were stopped: 0.0027885 seconds, Stopping threads took: 0.0002595 seconds
2024-10-04T14:10:37.110+0300: 638.009: Application time: 0.4226129 seconds
2024-10-04T14:10:37.110+0300: 638.009: [GC (Allocation Failure) [PSYoungGen: 190138K->10135K(192512K)] 238621K->59386K(602112K), 0.0021059 secs] [Times: user=0.00 sys=0.00, real=0.00 secs] 
2024-10-04T14:10:37.110+0300: 638.011: Total time for which application threads were stopped: 0.0024290 seconds, Stopping threads took: 0.0001910 seconds
2024-10-04T14:10:37.293+0300: 638.204: Application time: 0.1928390 seconds
2024-10-04T14:10:37.293+0300: 638.204: [GC (Allocation Failure) [PSYoungGen: 190856K->10135K(193024K)] 240108K->60859K(602624K), 0.0021198 secs] [Times: user=0.01 sys=0.00, real=0.02 secs] 
2024-10-04T14:10:37.310+0300: 638.207: Total time for which application threads were stopped: 0.0024220 seconds, Stopping threads took: 0.0001519 seconds
2024-10-04T14:10:37.911+0300: 638.811: Application time: 0.6042998 seconds
2024-10-04T14:10:37.911+0300: 638.811: [GC (Allocation Failure) [PSYoungGen: 190803K->10167K(193024K)] 241527K->63077K(602624K), 0.0022591 secs] [Times: user=0.00 sys=0.00, real=0.00 secs] 
2024-10-04T14:10:37.911+0300: 638.813: Total time for which application threads were stopped: 0.0026415 seconds, Stopping threads took: 0.0002070 seconds
2024-10-04T14:10:38.361+0300: 639.264: Application time: 0.4503131 seconds
2024-10-04T14:10:38.361+0300: 639.264: [GC (Allocation Failure) [PSYoungGen: 190974K->10816K(193024K)] 243884K->64494K(602624K), 0.0021803 secs] [Times: user=0.00 sys=0.00, real=0.00 secs] 
2024-10-04T14:10:38.361+0300: 639.266: Total time for which application threads were stopped: 0.0025293 seconds, Stopping threads took: 0.0002030 seconds
2024-10-04T14:10:38.502+0300: 639.399: Application time: 0.1329390 seconds
2024-10-04T14:10:38.502+0300: 639.399: [GC (Allocation Failure) [PSYoungGen: 191503K->9391K(193024K)] 245181K->65271K(602624K), 0.0022305 secs] [Times: user=0.00 sys=0.00, real=0.00 secs] 
2024-10-04T14:10:38.502+0300: 639.402: Total time for which application threads were stopped: 0.0025313 seconds, Stopping threads took: 0.0001172 seconds
2024-10-04T14:10:39.051+0300: 639.955: Application time: 0.5535075 seconds
2024-10-04T14:10:39.051+0300: 639.956: [GC (Allocation Failure) [PSYoungGen: 190028K->9454K(193024K)] 245908K->66095K(602624K), 0.0020097 secs] [Times: user=0.00 sys=0.00, real=0.00 secs] 
2024-10-04T14:10:39.051+0300: 639.958: Total time for which application threads were stopped: 0.0023541 seconds, Stopping threads took: 0.0001999 seconds
2024-10-04T14:10:39.208+0300: 640.107: Application time: 0.1494921 seconds
2024-10-04T14:10:39.208+0300: 640.107: [GC (Allocation Failure) [PSYoungGen: 190243K->8646K(193024K)] 246884K->66775K(602624K), 0.0018145 secs] [Times: user=0.00 sys=0.00, real=0.00 secs] 
2024-10-04T14:10:39.208+0300: 640.109: Total time for which application threads were stopped: 0.0021198 seconds, Stopping threads took: 0.0001578 seconds
2024-10-04T14:10:39.663+0300: 640.564: Application time: 0.4542466 seconds
2024-10-04T14:10:39.663+0300: 640.564: [GC (Allocation Failure) [PSYoungGen: 189298K->9454K(193024K)] 247428K->69057K(602624K), 0.0019420 secs] [Times: user=0.00 sys=0.00, real=0.00 secs] 
2024-10-04T14:10:39.663+0300: 640.566: Total time for which application threads were stopped: 0.0022666 seconds, Stopping threads took: 0.0001865 seconds
2024-10-04T14:10:40.215+0300: 641.113: Application time: 0.5468251 seconds
2024-10-04T14:10:40.215+0300: 641.113: [GC (Allocation Failure) [PSYoungGen: 190110K->10199K(192512K)] 249713K->71979K(602112K), 0.0022046 secs] [Times: user=0.00 sys=0.00, real=0.00 secs] 
2024-10-04T14:10:40.215+0300: 641.115: Total time for which application threads were stopped: 0.0025615 seconds, Stopping threads took: 0.0002055 seconds
2024-10-04T14:10:40.716+0300: 641.621: Application time: 0.5055442 seconds
2024-10-04T14:10:40.716+0300: 641.621: [GC (Allocation Failure) [PSYoungGen: 191040K->10103K(193024K)] 252820K->73364K(602624K), 0.0022537 secs] [Times: user=0.00 sys=0.00, real=0.00 secs] 
2024-10-04T14:10:40.716+0300: 641.623: Total time for which application threads were stopped: 0.0025955 seconds, Stopping threads took: 0.0002024 seconds
2024-10-04T14:10:40.816+0300: 641.718: Application time: 0.0948351 seconds
2024-10-04T14:10:40.816+0300: 641.718: [GC (Allocation Failure) [PSYoungGen: 190795K->8710K(193024K)] 254056K->73460K(602624K), 0.0020064 secs] [Times: user=0.00 sys=0.00, real=0.00 secs] 
2024-10-04T14:10:40.816+0300: 641.720: Total time for which application threads were stopped: 0.0023260 seconds, Stopping threads took: 0.0001763 seconds
2024-10-04T14:10:41.468+0300: 642.375: Application time: 0.6545769 seconds
2024-10-04T14:10:41.468+0300: 642.375: [GC (Allocation Failure) [PSYoungGen: 189335K->8774K(193024K)] 254086K->74997K(602624K), 0.0020435 secs] [Times: user=0.00 sys=0.00, real=0.00 secs] 
2024-10-04T14:10:41.468+0300: 642.378: Total time for which application threads were stopped: 0.0024903 seconds, Stopping threads took: 0.0002668 seconds
2024-10-04T14:10:41.609+0300: 642.512: Application time: 0.1342414 seconds
2024-10-04T14:10:41.609+0300: 642.512: [GC (Allocation Failure) [PSYoungGen: 189982K->9422K(193536K)] 256205K->76414K(603136K), 0.0020456 secs] [Times: user=0.00 sys=0.00, real=0.01 secs] 
2024-10-04T14:10:41.618+0300: 642.514: Total time for which application threads were stopped: 0.0024244 seconds, Stopping threads took: 0.0001816 seconds
2024-10-04T14:10:42.019+0300: 642.919: Application time: 0.4048001 seconds
2024-10-04T14:10:42.019+0300: 642.919: [GC (Allocation Failure) [PSYoungGen: 191155K->10135K(193024K)] 258147K->78628K(602624K), 0.0021080 secs] [Times: user=0.00 sys=0.00, real=0.00 secs] 
2024-10-04T14:10:42.019+0300: 642.921: Total time for which application threads were stopped: 0.0024233 seconds, Stopping threads took: 0.0001653 seconds
2024-10-04T14:10:42.425+0300: 643.334: Application time: 0.4124511 seconds
2024-10-04T14:10:42.425+0300: 643.334: [GC (Allocation Failure) [PSYoungGen: 191587K->8710K(193536K)] 260080K->79365K(603136K), 0.0019565 secs] [Times: user=0.00 sys=0.00, real=0.00 secs] 
2024-10-04T14:10:42.425+0300: 643.336: Total time for which application threads were stopped: 0.0022286 seconds, Stopping threads took: 0.0001429 seconds
2024-10-04T14:10:42.881+0300: 643.779: Application time: 0.4430067 seconds
2024-10-04T14:10:42.881+0300: 643.779: [GC (Allocation Failure) [PSYoungGen: 190888K->10912K(193536K)] 261543K->82319K(603136K), 0.0021311 secs] [Times: user=0.00 sys=0.00, real=0.00 secs] 
2024-10-04T14:10:42.881+0300: 643.782: Total time for which application threads were stopped: 0.0024581 seconds, Stopping threads took: 0.0001862 seconds
2024-10-04T14:10:43.194+0300: 644.101: Application time: 0.3194396 seconds
2024-10-04T14:10:43.194+0300: 644.101: [GC (Allocation Failure) [PSYoungGen: 193079K->9423K(192512K)] 264486K->83015K(602112K), 0.0021408 secs] [Times: user=0.00 sys=0.00, real=0.00 secs] 
2024-10-04T14:10:43.194+0300: 644.103: Total time for which application threads were stopped: 0.0024392 seconds, Stopping threads took: 0.0001637 seconds
2024-10-04T14:10:43.774+0300: 644.672: Application time: 0.5684135 seconds
2024-10-04T14:10:43.774+0300: 644.672: [GC (Allocation Failure) [PSYoungGen: 190548K->9486K(193024K)] 264141K->84544K(602624K), 0.0020757 secs] [Times: user=0.00 sys=0.00, real=0.00 secs] 
2024-10-04T14:10:43.774+0300: 644.674: Total time for which application threads were stopped: 0.0024676 seconds, Stopping threads took: 0.0001686 seconds
2024-10-04T14:10:43.853+0300: 644.758: Application time: 0.0832386 seconds
2024-10-04T14:10:43.853+0300: 644.758: [GC (Allocation Failure) [PSYoungGen: 190282K->10103K(193536K)] 265340K->85969K(603136K), 0.0021184 secs] [Times: user=0.00 sys=0.00, real=0.00 secs] 
2024-10-04T14:10:43.853+0300: 644.760: Total time for which application threads were stopped: 0.0024587 seconds, Stopping threads took: 0.0002038 seconds
2024-10-04T14:10:44.355+0300: 645.263: Application time: 0.5033755 seconds
2024-10-04T14:10:44.355+0300: 645.264: [GC (Allocation Failure) [PSYoungGen: 191850K->10167K(192512K)] 267717K->87490K(602112K), 0.0021155 secs] [Times: user=0.00 sys=0.00, real=0.00 secs] 
2024-10-04T14:10:44.355+0300: 645.266: Total time for which application threads were stopped: 0.0024433 seconds, Stopping threads took: 0.0001845 seconds
2024-10-04T14:10:44.826+0300: 645.727: Application time: 0.4610653 seconds
2024-10-04T14:10:44.826+0300: 645.727: [GC (Allocation Failure) [PSYoungGen: 192377K->8646K(193024K)] 269701K->88147K(602624K), 0.0021457 secs] [Times: user=0.00 sys=0.00, real=0.00 secs] 
2024-10-04T14:10:44.826+0300: 645.730: Total time for which application threads were stopped: 0.0025870 seconds, Stopping threads took: 0.0002387 seconds
2024-10-04T14:10:45.202+0300: 646.099: Application time: 0.3689694 seconds
2024-10-04T14:10:45.202+0300: 646.099: [GC (Allocation Failure) [PSYoungGen: 189375K->10912K(193024K)] 268876K->91165K(602624K), 0.0021257 secs] [Times: user=0.00 sys=0.00, real=0.00 secs] 
2024-10-04T14:10:45.202+0300: 646.101: Total time for which application threads were stopped: 0.0024072 seconds, Stopping threads took: 0.0001275 seconds
2024-10-04T14:10:45.595+0300: 646.496: Application time: 0.3950019 seconds
2024-10-04T14:10:45.595+0300: 646.496: [GC (Allocation Failure) [PSYoungGen: 191602K->9455K(193024K)] 271856K->92606K(602624K), 0.0023728 secs] [Times: user=0.00 sys=0.00, real=0.00 secs] 
2024-10-04T14:10:45.595+0300: 646.499: Total time for which application threads were stopped: 0.0026658 seconds, Stopping threads took: 0.0001397 seconds
2024-10-04T14:10:46.097+0300: 646.999: Application time: 0.5005922 seconds
2024-10-04T14:10:46.097+0300: 647.000: [GC (Allocation Failure) [PSYoungGen: 190675K->8678K(193024K)] 273827K->93327K(602624K), 0.0020580 secs] [Times: user=0.00 sys=0.00, real=0.00 secs] 
2024-10-04T14:10:46.097+0300: 647.002: Total time for which application threads were stopped: 0.0024615 seconds, Stopping threads took: 0.0002513 seconds
2024-10-04T14:10:46.207+0300: 647.107: Application time: 0.1051673 seconds
2024-10-04T14:10:46.207+0300: 647.107: [GC (Allocation Failure) [PSYoungGen: 189406K->10103K(193024K)] 274054K->95564K(602624K), 0.0021835 secs] [Times: user=0.00 sys=0.00, real=0.00 secs] 
2024-10-04T14:10:46.207+0300: 647.109: Total time for which application threads were stopped: 0.0025195 seconds, Stopping threads took: 0.0001265 seconds
2024-10-04T14:10:46.678+0300: 647.579: Application time: 0.4691974 seconds
2024-10-04T14:10:46.678+0300: 647.579: [GC (Allocation Failure) [PSYoungGen: 190750K->10167K(193024K)] 276211K->97093K(602624K), 0.0022489 secs] [Times: user=0.00 sys=0.00, real=0.00 secs] 
2024-10-04T14:10:46.678+0300: 647.581: Total time for which application threads were stopped: 0.0027241 seconds, Stopping threads took: 0.0002833 seconds
2024-10-04T14:10:47.102+0300: 648.006: Application time: 0.4244731 seconds
2024-10-04T14:10:47.102+0300: 648.006: [GC (Allocation Failure) [PSYoungGen: 190908K->9422K(193024K)] 277834K->97830K(602624K), 0.0021674 secs] [Times: user=0.00 sys=0.00, real=0.00 secs] 
2024-10-04T14:10:47.102+0300: 648.008: Total time for which application threads were stopped: 0.0025591 seconds, Stopping threads took: 0.0002358 seconds
2024-10-04T14:10:47.479+0300: 648.378: Application time: 0.3700250 seconds
2024-10-04T14:10:47.479+0300: 648.379: [GC (Allocation Failure) [PSYoungGen: 190437K->10848K(193024K)] 278844K->100015K(602624K), 0.0021513 secs] [Times: user=0.00 sys=0.00, real=0.00 secs] 
2024-10-04T14:10:47.479+0300: 648.381: Total time for which application threads were stopped: 0.0024804 seconds, Stopping threads took: 0.0001798 seconds
2024-10-04T14:10:47.902+0300: 648.805: Application time: 0.4244894 seconds
2024-10-04T14:10:47.902+0300: 648.806: [GC (Allocation Failure) [PSYoungGen: 191566K->9455K(193024K)] 280734K->101481K(602624K), 0.0024602 secs] [Times: user=0.00 sys=0.00, real=0.00 secs] 
2024-10-04T14:10:47.902+0300: 648.808: Total time for which application threads were stopped: 0.0027597 seconds, Stopping threads took: 0.0001335 seconds
2024-10-04T14:10:48.295+0300: 649.194: Application time: 0.3855417 seconds
2024-10-04T14:10:48.295+0300: 649.194: [GC (Allocation Failure) [PSYoungGen: 190173K->9390K(193024K)] 282199K->102906K(602624K), 0.0020302 secs] [Times: user=0.00 sys=0.00, real=0.00 secs] 
2024-10-04T14:10:48.295+0300: 649.196: Total time for which application threads were stopped: 0.0023804 seconds, Stopping threads took: 0.0002036 seconds
2024-10-04T14:10:48.405+0300: 649.314: Application time: 0.1177789 seconds
2024-10-04T14:10:48.405+0300: 649.314: [GC (Allocation Failure) [PSYoungGen: 190466K->9455K(193536K)] 283982K->103746K(603136K), 0.0020301 secs] [Times: user=0.00 sys=0.00, real=0.00 secs] 
2024-10-04T14:10:48.405+0300: 649.316: Total time for which application threads were stopped: 0.0024410 seconds, Stopping threads took: 0.0002794 seconds
2024-10-04T14:10:48.907+0300: 649.807: Application time: 0.4906348 seconds
2024-10-04T14:10:48.907+0300: 649.807: [GC (Allocation Failure) [PSYoungGen: 190807K->10167K(193024K)] 285099K->105960K(602624K), 0.0022741 secs] [Times: user=0.00 sys=0.00, real=0.00 secs] 
2024-10-04T14:10:48.907+0300: 649.810: Total time for which application threads were stopped: 0.0026260 seconds, Stopping threads took: 0.0002067 seconds
2024-10-04T14:10:49.378+0300: 650.288: Application time: 0.4784816 seconds
2024-10-04T14:10:49.378+0300: 650.288: [GC (Allocation Failure) [PSYoungGen: 191622K->8029K(193024K)] 287414K->104591K(602624K), 0.0017832 secs] [Times: user=0.00 sys=0.00, real=0.02 secs] 
2024-10-04T14:10:49.394+0300: 650.290: Total time for which application threads were stopped: 0.0023220 seconds, Stopping threads took: 0.0003931 seconds
2024-10-04T14:10:49.633+0300: 650.533: Application time: 0.2422279 seconds
2024-10-04T14:10:49.633+0300: 650.533: [GC (Allocation Failure) [PSYoungGen: 188794K->10167K(193024K)] 285356K->107489K(602624K), 0.0022230 secs] [Times: user=0.00 sys=0.00, real=0.00 secs] 
2024-10-04T14:10:49.633+0300: 650.535: Total time for which application threads were stopped: 0.0025849 seconds, Stopping threads took: 0.0002248 seconds
2024-10-04T14:10:50.134+0300: 651.034: Application time: 0.4990775 seconds
2024-10-04T14:10:50.134+0300: 651.035: [GC (Allocation Failure) [PSYoungGen: 191182K->9455K(193024K)] 288504K->109666K(602624K), 0.0022271 secs] [Times: user=0.00 sys=0.00, real=0.00 secs] 
2024-10-04T14:10:50.134+0300: 651.037: Total time for which application threads were stopped: 0.0026051 seconds, Stopping threads took: 0.0002151 seconds
2024-10-04T14:10:50.524+0300: 651.429: Application time: 0.3921335 seconds
2024-10-04T14:10:50.524+0300: 651.429: [GC (Allocation Failure) [PSYoungGen: 190221K->9422K(193024K)] 290433K->111099K(602624K), 0.0023690 secs] [Times: user=0.06 sys=0.00, real=0.01 secs] 
2024-10-04T14:10:50.535+0300: 651.432: Total time for which application threads were stopped: 0.0028624 seconds, Stopping threads took: 0.0003263 seconds
2024-10-04T14:10:50.587+0300: 651.485: Application time: 0.0534277 seconds
2024-10-04T14:10:50.587+0300: 651.486: [GC (Allocation Failure) [PSYoungGen: 190492K->8710K(193536K)] 292168K->111163K(603136K), 0.0019596 secs] [Times: user=0.00 sys=0.00, real=0.00 secs] 
2024-10-04T14:10:50.587+0300: 651.488: Total time for which application threads were stopped: 0.0022781 seconds, Stopping threads took: 0.0001708 seconds
2024-10-04T14:10:50.994+0300: 651.904: Application time: 0.4162238 seconds
2024-10-04T14:10:50.994+0300: 651.904: [GC (Allocation Failure) [PSYoungGen: 190774K->10103K(193536K)] 293228K->114066K(603136K), 0.0023636 secs] [Times: user=0.00 sys=0.00, real=0.02 secs] 
2024-10-04T14:10:51.010+0300: 651.907: Total time for which application threads were stopped: 0.0027667 seconds, Stopping threads took: 0.0002290 seconds
2024-10-04T14:10:51.402+0300: 652.305: Application time: 0.3984387 seconds
2024-10-04T14:10:51.402+0300: 652.305: [GC (Allocation Failure) [PSYoungGen: 192286K->9454K(193536K)] 296248K->114890K(603136K), 0.0021782 secs] [Times: user=0.00 sys=0.00, real=0.00 secs] 
2024-10-04T14:10:51.402+0300: 652.308: Total time for which application threads were stopped: 0.0025385 seconds, Stopping threads took: 0.0001858 seconds
2024-10-04T14:10:51.763+0300: 652.667: Application time: 0.3591625 seconds
2024-10-04T14:10:51.763+0300: 652.667: [GC (Allocation Failure) [PSYoungGen: 191615K->10880K(193536K)] 297051K->117788K(603136K), 0.0024699 secs] [Times: user=0.00 sys=0.00, real=0.00 secs] 
2024-10-04T14:10:51.763+0300: 652.670: Total time for which application threads were stopped: 0.0028401 seconds, Stopping threads took: 0.0002055 seconds
2024-10-04T14:10:52.392+0300: 653.300: Application time: 0.6303075 seconds
2024-10-04T14:10:52.392+0300: 653.300: [GC (Allocation Failure) [PSYoungGen: 192628K->9455K(192512K)] 299536K->118541K(602112K), 0.0020975 secs] [Times: user=0.00 sys=0.00, real=0.00 secs] 
2024-10-04T14:10:52.392+0300: 653.302: Total time for which application threads were stopped: 0.0024518 seconds, Stopping threads took: 0.0002225 seconds
2024-10-04T14:10:52.674+0300: 653.582: Application time: 0.2794347 seconds
2024-10-04T14:10:52.674+0300: 653.582: [GC (Allocation Failure) [PSYoungGen: 189994K->9438K(193024K)] 299080K->119974K(602624K), 0.0021269 secs] [Times: user=0.00 sys=0.00, real=0.00 secs] 
2024-10-04T14:10:52.674+0300: 653.584: Total time for which application threads were stopped: 0.0024745 seconds, Stopping threads took: 0.0002065 seconds
2024-10-04T14:10:52.799+0300: 653.707: Application time: 0.1232871 seconds
2024-10-04T14:10:52.799+0300: 653.708: [GC (Allocation Failure) [PSYoungGen: 190162K->9390K(193536K)] 300697K->121443K(603136K), 0.0021403 secs] [Times: user=0.00 sys=0.00, real=0.00 secs] 
2024-10-04T14:10:52.799+0300: 653.710: Total time for which application threads were stopped: 0.0024732 seconds, Stopping threads took: 0.0001823 seconds
2024-10-04T14:10:53.332+0300: 654.235: Application time: 0.5253719 seconds
2024-10-04T14:10:53.332+0300: 654.236: [GC (Allocation Failure) [PSYoungGen: 191456K->9423K(193536K)] 303509K->122948K(603136K), 0.0021582 secs] [Times: user=0.02 sys=0.00, real=0.01 secs] 
2024-10-04T14:10:53.340+0300: 654.238: Total time for which application threads were stopped: 0.0025359 seconds, Stopping threads took: 0.0002152 seconds
2024-10-04T14:10:53.757+0300: 654.655: Application time: 0.4172977 seconds
2024-10-04T14:10:53.757+0300: 654.656: [GC (Allocation Failure) [PSYoungGen: 191583K->9454K(193536K)] 305108K->123740K(603136K), 0.0021652 secs] [Times: user=0.00 sys=0.00, real=0.00 secs] 
2024-10-04T14:10:53.757+0300: 654.658: Total time for which application threads were stopped: 0.0025827 seconds, Stopping threads took: 0.0002018 seconds
2024-10-04T14:10:54.071+0300: 654.974: Application time: 0.3157910 seconds
2024-10-04T14:10:54.071+0300: 654.974: [GC (Allocation Failure) [PSYoungGen: 191593K->10879K(193536K)] 305879K->126639K(603136K), 0.0023283 secs] [Times: user=0.02 sys=0.00, real=0.00 secs] 
2024-10-04T14:10:54.071+0300: 654.976: Total time for which application threads were stopped: 0.0026913 seconds, Stopping threads took: 0.0001768 seconds
2024-10-04T14:10:54.793+0300: 655.701: Application time: 0.7245960 seconds
2024-10-04T14:10:54.793+0300: 655.701: [GC (Allocation Failure) [PSYoungGen: 192620K->8742K(193536K)] 308379K->127391K(603136K), 0.0021739 secs] [Times: user=0.00 sys=0.00, real=0.00 secs] 
2024-10-04T14:10:54.793+0300: 655.703: Total time for which application threads were stopped: 0.0025223 seconds, Stopping threads took: 0.0001965 seconds
2024-10-04T14:10:54.950+0300: 655.859: Application time: 0.1559625 seconds
2024-10-04T14:10:54.950+0300: 655.860: [GC (Allocation Failure) [PSYoungGen: 190840K->9455K(193536K)] 309489K->128840K(603136K), 0.0021120 secs] [Times: user=0.02 sys=0.00, real=0.01 secs] 
2024-10-04T14:10:54.965+0300: 655.862: Total time for which application threads were stopped: 0.0027890 seconds, Stopping threads took: 0.0005166 seconds
2024-10-04T14:10:55.185+0300: 656.088: Application time: 0.2254798 seconds
2024-10-04T14:10:55.185+0300: 656.088: [GC (Allocation Failure) [PSYoungGen: 191132K->10103K(193536K)] 310518K->130998K(603136K), 0.0020999 secs] [Times: user=0.00 sys=0.00, real=0.00 secs] 
2024-10-04T14:10:55.185+0300: 656.090: Total time for which application threads were stopped: 0.0023840 seconds, Stopping threads took: 0.0001559 seconds
2024-10-04T14:10:55.562+0300: 656.469: Application time: 0.3787165 seconds
2024-10-04T14:10:55.562+0300: 656.469: [GC (Allocation Failure) [PSYoungGen: 192248K->8742K(193536K)] 313143K->131822K(603136K), 0.0022530 secs] [Times: user=0.00 sys=0.00, real=0.00 secs] 
2024-10-04T14:10:55.562+0300: 656.471: Total time for which application threads were stopped: 0.0026066 seconds, Stopping threads took: 0.0001996 seconds
2024-10-04T14:10:56.001+0300: 656.906: Application time: 0.4341989 seconds
2024-10-04T14:10:56.001+0300: 656.906: [GC (Allocation Failure) [PSYoungGen: 190858K->8710K(193536K)] 313938K->132559K(603136K), 0.0019837 secs] [Times: user=0.00 sys=0.00, real=0.00 secs] 
2024-10-04T14:10:56.001+0300: 656.908: Total time for which application threads were stopped: 0.0023635 seconds, Stopping threads took: 0.0002201 seconds
2024-10-04T14:10:56.393+0300: 657.293: Application time: 0.3848868 seconds
2024-10-04T14:10:56.393+0300: 657.293: [GC (Allocation Failure) [PSYoungGen: 190885K->10135K(193536K)] 314734K->135457K(603136K), 0.0021213 secs] [Times: user=0.00 sys=0.00, real=0.00 secs] 
2024-10-04T14:10:56.393+0300: 657.295: Total time for which application threads were stopped: 0.0024552 seconds, Stopping threads took: 0.0001932 seconds
2024-10-04T14:10:57.037+0300: 657.934: Application time: 0.6383102 seconds
2024-10-04T14:10:57.037+0300: 657.934: [GC (Allocation Failure) [PSYoungGen: 191718K->10167K(193536K)] 317040K->137675K(603136K), 0.0022665 secs] [Times: user=0.00 sys=0.00, real=0.00 secs] 
2024-10-04T14:10:57.037+0300: 657.936: Total time for which application threads were stopped: 0.0025770 seconds, Stopping threads took: 0.0001534 seconds
2024-10-04T14:10:57.100+0300: 657.998: Application time: 0.0616225 seconds
2024-10-04T14:10:57.100+0300: 657.998: [GC (Allocation Failure) [PSYoungGen: 192419K->7997K(190464K)] 319927K->136994K(600064K), 0.0020712 secs] [Times: user=0.00 sys=0.00, real=0.00 secs] 
2024-10-04T14:10:57.100+0300: 658.000: Total time for which application threads were stopped: 0.0024059 seconds, Stopping threads took: 0.0001330 seconds
2024-10-04T14:10:57.460+0300: 658.361: Application time: 0.3605680 seconds
2024-10-04T14:10:57.460+0300: 658.361: [GC (Allocation Failure) [PSYoungGen: 190083K->10103K(193024K)] 319079K->139868K(602624K), 0.0019979 secs] [Times: user=0.00 sys=0.00, real=0.00 secs] 
2024-10-04T14:10:57.460+0300: 658.363: Total time for which application threads were stopped: 0.0022524 seconds, Stopping threads took: 0.0000930 seconds
2024-10-04T14:10:57.822+0300: 658.727: Application time: 0.3641137 seconds
2024-10-04T14:10:57.822+0300: 658.727: [GC (Allocation Failure) [PSYoungGen: 190778K->8742K(193024K)] 320543K->140685K(602624K), 0.0021063 secs] [Times: user=0.00 sys=0.00, real=0.00 secs] 
2024-10-04T14:10:57.822+0300: 658.730: Total time for which application threads were stopped: 0.0024220 seconds, Stopping threads took: 0.0001762 seconds
2024-10-04T14:10:58.251+0300: 659.151: Application time: 0.4213822 seconds
2024-10-04T14:10:58.251+0300: 659.151: [GC (Allocation Failure) [PSYoungGen: 189882K->10847K(193024K)] 321825K->143551K(602624K), 0.0022123 secs] [Times: user=0.00 sys=0.00, real=0.00 secs] 
2024-10-04T14:10:58.251+0300: 659.153: Total time for which application threads were stopped: 0.0025729 seconds, Stopping threads took: 0.0002022 seconds
2024-10-04T14:10:58.716+0300: 659.614: Application time: 0.4606100 seconds
2024-10-04T14:10:58.716+0300: 659.614: [GC (Allocation Failure) [PSYoungGen: 191855K->9391K(193024K)] 324558K->144323K(602624K), 0.0021498 secs] [Times: user=0.00 sys=0.00, real=0.00 secs] 
2024-10-04T14:10:58.716+0300: 659.617: Total time for which application threads were stopped: 0.0024206 seconds, Stopping threads took: 0.0001340 seconds
2024-10-04T14:10:59.312+0300: 660.223: Application time: 0.6063987 seconds
2024-10-04T14:10:59.312+0300: 660.223: [GC (Allocation Failure) [PSYoungGen: 190610K->10199K(193024K)] 325543K->145132K(602624K), 0.0022380 secs] [Times: user=0.00 sys=0.00, real=0.01 secs] 
2024-10-04T14:10:59.327+0300: 660.226: Total time for which application threads were stopped: 0.0026427 seconds, Stopping threads took: 0.0002122 seconds
2024-10-04T14:10:59.390+0300: 660.291: Application time: 0.0658001 seconds
2024-10-04T14:10:59.390+0300: 660.292: [GC (Allocation Failure) [PSYoungGen: 191201K->7901K(193024K)] 326134K->145064K(602624K), 0.0020340 secs] [Times: user=0.00 sys=0.00, real=0.00 secs] 
2024-10-04T14:10:59.390+0300: 660.294: Total time for which application threads were stopped: 0.0025567 seconds, Stopping threads took: 0.0003869 seconds
2024-10-04T14:10:59.814+0300: 660.717: Application time: 0.4230471 seconds
2024-10-04T14:10:59.814+0300: 660.717: [GC (Allocation Failure) [PSYoungGen: 188502K->8646K(193024K)] 325664K->147274K(602624K), 0.0020879 secs] [Times: user=0.00 sys=0.00, real=0.00 secs] 
2024-10-04T14:10:59.814+0300: 660.719: Total time for which application threads were stopped: 0.0024361 seconds, Stopping threads took: 0.0002055 seconds
2024-10-04T14:11:00.191+0300: 661.092: Application time: 0.3723567 seconds
2024-10-04T14:11:00.191+0300: 661.092: [GC (Allocation Failure) [PSYoungGen: 189305K->8742K(193024K)] 327933K->148130K(602624K), 0.0019167 secs] [Times: user=0.00 sys=0.00, real=0.00 secs] 
2024-10-04T14:11:00.191+0300: 661.094: Total time for which application threads were stopped: 0.0022858 seconds, Stopping threads took: 0.0002149 seconds
2024-10-04T14:11:00.410+0300: 661.321: Application time: 0.2269119 seconds
2024-10-04T14:11:00.410+0300: 661.321: [GC (Allocation Failure) [PSYoungGen: 189885K->9422K(193024K)] 329274K->149587K(602624K), 0.0023273 secs] [Times: user=0.00 sys=0.00, real=0.02 secs] 
2024-10-04T14:11:00.426+0300: 661.324: Total time for which application threads were stopped: 0.0027157 seconds, Stopping threads took: 0.0002159 seconds
2024-10-04T14:11:00.928+0300: 661.839: Application time: 0.5150512 seconds
2024-10-04T14:11:00.928+0300: 661.839: [GC (Allocation Failure) [PSYoungGen: 190435K->9455K(193024K)] 330599K->151121K(602624K), 0.0022127 secs] [Times: user=0.02 sys=0.00, real=0.02 secs] 
2024-10-04T14:11:00.944+0300: 661.841: Total time for which application threads were stopped: 0.0025674 seconds, Stopping threads took: 0.0001926 seconds
2024-10-04T14:11:01.430+0300: 662.341: Application time: 0.4996337 seconds
2024-10-04T14:11:01.430+0300: 662.341: [GC (Allocation Failure) [PSYoungGen: 190220K->10103K(193536K)] 331885K->153218K(603136K), 0.0023986 secs] [Times: user=0.03 sys=0.00, real=0.02 secs] 
2024-10-04T14:11:01.446+0300: 662.344: Total time for which application threads were stopped: 0.0028049 seconds, Stopping threads took: 0.0002520 seconds
2024-10-04T14:11:01.587+0300: 662.497: Application time: 0.1529575 seconds
2024-10-04T14:11:01.587+0300: 662.497: [GC (Allocation Failure) [PSYoungGen: 192035K->9422K(193536K)] 335150K->154026K(603136K), 0.0021256 secs] [Times: user=0.02 sys=0.00, real=0.02 secs] 
2024-10-04T14:11:01.603+0300: 662.499: Total time for which application threads were stopped: 0.0024697 seconds, Stopping threads took: 0.0001614 seconds
2024-10-04T14:11:01.964+0300: 662.864: Application time: 0.3644768 seconds
2024-10-04T14:11:01.964+0300: 662.864: [GC (Allocation Failure) [PSYoungGen: 191576K->9391K(193536K)] 336180K->156216K(603136K), 0.0022268 secs] [Times: user=0.00 sys=0.00, real=0.00 secs] 
2024-10-04T14:11:01.964+0300: 662.866: Total time for which application threads were stopped: 0.0025801 seconds, Stopping threads took: 0.0002032 seconds
2024-10-04T14:11:02.388+0300: 663.285: Application time: 0.4187280 seconds
2024-10-04T14:11:02.388+0300: 663.285: [GC (Allocation Failure) [PSYoungGen: 191536K->9422K(193536K)] 338361K->157024K(603136K), 0.0021388 secs] [Times: user=0.00 sys=0.00, real=0.00 secs] 
2024-10-04T14:11:02.388+0300: 663.287: Total time for which application threads were stopped: 0.0024022 seconds, Stopping threads took: 0.0000979 seconds
2024-10-04T14:11:02.623+0300: 663.522: Application time: 0.2341374 seconds
2024-10-04T14:11:02.623+0300: 663.522: [GC (Allocation Failure) [PSYoungGen: 191597K->10167K(193536K)] 339199K->158530K(603136K), 0.0022947 secs] [Times: user=0.00 sys=0.00, real=0.00 secs] 
2024-10-04T14:11:02.623+0300: 663.524: Total time for which application threads were stopped: 0.0027103 seconds, Stopping threads took: 0.0002332 seconds
2024-10-04T14:11:03.259+0300: 664.159: Application time: 0.6347163 seconds
2024-10-04T14:11:03.259+0300: 664.159: [GC (Allocation Failure) [PSYoungGen: 192439K->10135K(193536K)] 340802K->160691K(603136K), 0.0023757 secs] [Times: user=0.00 sys=0.00, real=0.00 secs] 
2024-10-04T14:11:03.259+0300: 664.162: Total time for which application threads were stopped: 0.0027057 seconds, Stopping threads took: 0.0001934 seconds
2024-10-04T14:11:03.626+0300: 664.526: Application time: 0.3645214 seconds
2024-10-04T14:11:03.626+0300: 664.527: [GC (Allocation Failure) [PSYoungGen: 192314K->8678K(193536K)] 342870K->161396K(603136K), 0.0022849 secs] [Times: user=0.00 sys=0.00, real=0.00 secs] 
2024-10-04T14:11:03.626+0300: 664.529: Total time for which application threads were stopped: 0.0027212 seconds, Stopping threads took: 0.0002495 seconds
2024-10-04T14:11:03.830+0300: 664.728: Application time: 0.1989231 seconds
2024-10-04T14:11:03.830+0300: 664.728: [GC (Allocation Failure) [PSYoungGen: 190581K->10880K(193536K)] 343298K->164358K(603136K), 0.0022465 secs] [Times: user=0.00 sys=0.00, real=0.00 secs] 
2024-10-04T14:11:03.830+0300: 664.730: Total time for which application threads were stopped: 0.0024998 seconds, Stopping threads took: 0.0000841 seconds
2024-10-04T14:11:04.176+0300: 665.077: Application time: 0.3462207 seconds
2024-10-04T14:11:04.176+0300: 665.077: [GC (Allocation Failure) [PSYoungGen: 192985K->9359K(193536K)] 346463K->165067K(603136K), 0.0022638 secs] [Times: user=0.00 sys=0.00, real=0.00 secs] 
2024-10-04T14:11:04.176+0300: 665.079: Total time for which application threads were stopped: 0.0025702 seconds, Stopping threads took: 0.0001645 seconds
2024-10-04T14:11:04.630+0300: 665.528: Application time: 0.4486645 seconds
2024-10-04T14:11:04.630+0300: 665.528: [GC (Allocation Failure) [PSYoungGen: 191099K->8029K(190464K)] 346807K->164490K(600064K), 0.0019493 secs] [Times: user=0.00 sys=0.00, real=0.00 secs] 
2024-10-04T14:11:04.630+0300: 665.530: Total time for which application threads were stopped: 0.0023101 seconds, Stopping threads took: 0.0001631 seconds
2024-10-04T14:11:04.819+0300: 665.722: Application time: 0.1916240 seconds
2024-10-04T14:11:04.819+0300: 665.722: [GC (Allocation Failure) [PSYoungGen: 190191K->10167K(193024K)] 346651K->167388K(602624K), 0.0020711 secs] [Times: user=0.00 sys=0.00, real=0.00 secs] 
2024-10-04T14:11:04.819+0300: 665.724: Total time for which application threads were stopped: 0.0023578 seconds, Stopping threads took: 0.0001329 seconds
2024-10-04T14:11:05.588+0300: 666.484: Application time: 0.7598198 seconds
2024-10-04T14:11:05.588+0300: 666.484: [GC (Allocation Failure) [PSYoungGen: 191174K->9455K(193024K)] 348395K->169566K(602624K), 0.0023966 secs] [Times: user=0.00 sys=0.00, real=0.00 secs] 
2024-10-04T14:11:05.588+0300: 666.487: Total time for which application threads were stopped: 0.0028031 seconds, Stopping threads took: 0.0001910 seconds
2024-10-04T14:11:05.948+0300: 666.859: Application time: 0.3720809 seconds
2024-10-04T14:11:05.948+0300: 666.859: [GC (Allocation Failure) [PSYoungGen: 190022K->10135K(192512K)] 350133K->171695K(602112K), 0.0024144 secs] [Times: user=0.01 sys=0.00, real=0.02 secs] 
2024-10-04T14:11:05.964+0300: 666.862: Total time for which application threads were stopped: 0.0027455 seconds, Stopping threads took: 0.0001774 seconds
2024-10-04T14:11:06.027+0300: 666.923: Application time: 0.0609999 seconds
2024-10-04T14:11:06.027+0300: 666.923: [GC (Allocation Failure) [PSYoungGen: 190884K->8678K(193024K)] 352444K->171743K(602624K), 0.0022231 secs] [Times: user=0.00 sys=0.00, real=0.00 secs] 
2024-10-04T14:11:06.027+0300: 666.925: Total time for which application threads were stopped: 0.0026503 seconds, Stopping threads took: 0.0002539 seconds
2024-10-04T14:11:06.665+0300: 667.563: Application time: 0.6380439 seconds
2024-10-04T14:11:06.665+0300: 667.564: [GC (Allocation Failure) [PSYoungGen: 189274K->9454K(193536K)] 352339K->173993K(603136K), 0.0022419 secs] [Times: user=0.00 sys=0.00, real=0.00 secs] 
2024-10-04T14:11:06.665+0300: 667.566: Total time for which application threads were stopped: 0.0026806 seconds, Stopping threads took: 0.0002529 seconds
2024-10-04T14:11:06.780+0300: 667.678: Application time: 0.1125196 seconds
2024-10-04T14:11:06.780+0300: 667.679: [GC (Allocation Failure) [PSYoungGen: 190951K->8646K(193024K)] 355490K->173961K(602624K), 0.0018982 secs] [Times: user=0.00 sys=0.00, real=0.00 secs] 
2024-10-04T14:11:06.780+0300: 667.681: Total time for which application threads were stopped: 0.0022109 seconds, Stopping threads took: 0.0001785 seconds
2024-10-04T14:11:07.156+0300: 668.061: Application time: 0.3805098 seconds
2024-10-04T14:11:07.156+0300: 668.061: [GC (Allocation Failure) [PSYoungGen: 189986K->10816K(192512K)] 355300K->177619K(602112K), 0.0023701 secs] [Times: user=0.02 sys=0.00, real=0.01 secs] 
2024-10-04T14:11:07.166+0300: 668.064: Total time for which application threads were stopped: 0.0027120 seconds, Stopping threads took: 0.0001983 seconds
2024-10-04T14:11:07.769+0300: 668.675: Application time: 0.6114981 seconds
2024-10-04T14:11:07.769+0300: 668.676: [GC (Allocation Failure) [PSYoungGen: 191618K->9486K(193024K)] 358422K->178468K(602624K), 0.0024053 secs] [Times: user=0.02 sys=0.00, real=0.00 secs] 
2024-10-04T14:11:07.769+0300: 668.678: Total time for which application threads were stopped: 0.0030563 seconds, Stopping threads took: 0.0004834 seconds
2024-10-04T14:11:08.019+0300: 668.921: Application time: 0.2420852 seconds
2024-10-04T14:11:08.019+0300: 668.921: [GC (Allocation Failure) [PSYoungGen: 190288K->10103K(192512K)] 359270K->180565K(602112K), 0.0023634 secs] [Times: user=0.00 sys=0.00, real=0.00 secs] 
2024-10-04T14:11:08.019+0300: 668.923: Total time for which application threads were stopped: 0.0027082 seconds, Stopping threads took: 0.0002100 seconds
2024-10-04T14:11:08.223+0300: 669.135: Application time: 0.2114592 seconds
2024-10-04T14:11:08.223+0300: 669.135: [GC (Allocation Failure) [PSYoungGen: 190829K->9359K(193024K)] 361291K->181302K(602624K), 0.0020390 secs] [Times: user=0.00 sys=0.00, real=0.02 secs] 
2024-10-04T14:11:08.239+0300: 669.137: Total time for which application threads were stopped: 0.0023487 seconds, Stopping threads took: 0.0001629 seconds
2024-10-04T14:11:08.773+0300: 669.679: Application time: 0.5418493 seconds
2024-10-04T14:11:08.773+0300: 669.679: [GC (Allocation Failure) [PSYoungGen: 189990K->9454K(193536K)] 361934K->182871K(603136K), 0.0022785 secs] [Times: user=0.00 sys=0.00, real=0.00 secs] 
2024-10-04T14:11:08.773+0300: 669.682: Total time for which application threads were stopped: 0.0026785 seconds, Stopping threads took: 0.0002339 seconds
2024-10-04T14:11:08.977+0300: 669.884: Application time: 0.2024292 seconds
2024-10-04T14:11:08.977+0300: 669.884: [GC (Allocation Failure) [PSYoungGen: 191644K->10103K(193536K)] 365061K->184288K(603136K), 0.0020946 secs] [Times: user=0.00 sys=0.00, real=0.00 secs] 
2024-10-04T14:11:08.977+0300: 669.886: Total time for which application threads were stopped: 0.0023869 seconds, Stopping threads took: 0.0001336 seconds
2024-10-04T14:11:09.400+0300: 670.301: Application time: 0.4141193 seconds
2024-10-04T14:11:09.400+0300: 670.301: [GC (Allocation Failure) [PSYoungGen: 192200K->7997K(193536K)] 366386K->184376K(603136K), 0.0021105 secs] [Times: user=0.00 sys=0.00, real=0.00 secs] 
2024-10-04T14:11:09.400+0300: 670.303: Total time for which application threads were stopped: 0.0028910 seconds, Stopping threads took: 0.0006047 seconds
2024-10-04T14:11:10.058+0300: 670.962: Application time: 0.6583816 seconds
2024-10-04T14:11:10.058+0300: 670.962: [GC (Allocation Failure) [PSYoungGen: 190247K->10199K(192512K)] 366626K->188043K(602112K), 0.0025037 secs] [Times: user=0.06 sys=0.00, real=0.00 secs] 
2024-10-04T14:11:10.058+0300: 670.965: Total time for which application threads were stopped: 0.0028400 seconds, Stopping threads took: 0.0001374 seconds
2024-10-04T14:11:10.262+0300: 671.165: Application time: 0.2001352 seconds
2024-10-04T14:11:10.262+0300: 671.165: [GC (Allocation Failure) [PSYoungGen: 192438K->9358K(193536K)] 370282K->189404K(603136K), 0.0023692 secs] [Times: user=0.01 sys=0.00, real=0.00 secs] 
2024-10-04T14:11:10.262+0300: 671.168: Total time for which application threads were stopped: 0.0026916 seconds, Stopping threads took: 0.0001812 seconds
2024-10-04T14:11:10.674+0300: 671.571: Application time: 0.4031853 seconds
2024-10-04T14:11:10.674+0300: 671.571: [GC (Allocation Failure) [PSYoungGen: 190704K->8710K(193024K)] 370750K->189516K(602624K), 0.0021717 secs] [Times: user=0.01 sys=0.00, real=0.00 secs] 
2024-10-04T14:11:10.674+0300: 671.573: Total time for which application threads were stopped: 0.0025006 seconds, Stopping threads took: 0.0001540 seconds
2024-10-04T14:11:11.046+0300: 671.950: Application time: 0.3768626 seconds
2024-10-04T14:11:11.062+0300: 671.958: [GC (Allocation Failure) [PSYoungGen: 190124K->7285K(192512K)] 370930K->190284K(602112K), 0.0019333 secs] [Times: user=0.00 sys=0.00, real=0.00 secs] 
2024-10-04T14:11:11.062+0300: 671.960: Total time for which application threads were stopped: 0.0098610 seconds, Stopping threads took: 0.0077724 seconds
2024-10-04T14:11:11.408+0300: 672.306: Application time: 0.3456880 seconds
2024-10-04T14:11:11.408+0300: 672.306: [GC (Allocation Failure) [PSYoungGen: 187969K->10879K(193024K)] 370969K->193927K(602624K), 0.0021781 secs] [Times: user=0.00 sys=0.00, real=0.00 secs] 
2024-10-04T14:11:11.408+0300: 672.308: Total time for which application threads were stopped: 0.0024684 seconds, Stopping threads took: 0.0001316 seconds
2024-10-04T14:11:11.847+0300: 672.747: Application time: 0.4384736 seconds
2024-10-04T14:11:11.847+0300: 672.747: [GC (Allocation Failure) [PSYoungGen: 191596K->8678K(193024K)] 374643K->194624K(602624K), 0.0024766 secs] [Times: user=0.00 sys=0.00, real=0.00 secs] 
2024-10-04T14:11:11.847+0300: 672.749: Total time for which application threads were stopped: 0.0027613 seconds, Stopping threads took: 0.0000930 seconds
2024-10-04T14:11:12.239+0300: 673.137: Application time: 0.3874179 seconds
2024-10-04T14:11:12.239+0300: 673.137: [GC (Allocation Failure) [PSYoungGen: 189440K->9454K(193024K)] 375386K->196161K(602624K), 0.0022137 secs] [Times: user=0.00 sys=0.00, real=0.00 secs] 
2024-10-04T14:11:12.239+0300: 673.139: Total time for which application threads were stopped: 0.0025541 seconds, Stopping threads took: 0.0001920 seconds
2024-10-04T14:11:12.616+0300: 673.515: Application time: 0.3756492 seconds
2024-10-04T14:11:12.616+0300: 673.515: [GC (Allocation Failure) [PSYoungGen: 190171K->9390K(193536K)] 376877K->198282K(603136K), 0.0022691 secs] [Times: user=0.00 sys=0.00, real=0.00 secs] 
2024-10-04T14:11:12.616+0300: 673.518: Total time for which application threads were stopped: 0.0025448 seconds, Stopping threads took: 0.0001240 seconds
2024-10-04T14:11:13.009+0300: 673.912: Application time: 0.3947294 seconds
2024-10-04T14:11:13.009+0300: 673.912: [GC (Allocation Failure) [PSYoungGen: 190806K->9487K(193024K)] 379698K->199843K(602624K), 0.0020483 secs] [Times: user=0.00 sys=0.00, real=0.00 secs] 
2024-10-04T14:11:13.009+0300: 673.915: Total time for which application threads were stopped: 0.0023185 seconds, Stopping threads took: 0.0001076 seconds
2024-10-04T14:11:13.432+0300: 674.337: Application time: 0.4228811 seconds
2024-10-04T14:11:13.432+0300: 674.338: [GC (Allocation Failure) [PSYoungGen: 190961K->9390K(193536K)] 381318K->201228K(603136K), 0.0023030 secs] [Times: user=0.00 sys=0.00, real=0.00 secs] 
2024-10-04T14:11:13.432+0300: 674.340: Total time for which application threads were stopped: 0.0026674 seconds, Stopping threads took: 0.0001773 seconds
2024-10-04T14:11:13.824+0300: 674.728: Application time: 0.3882675 seconds
2024-10-04T14:11:13.824+0300: 674.729: [GC (Allocation Failure) [PSYoungGen: 191548K->9422K(193536K)] 383386K->202733K(603136K), 0.0022626 secs] [Times: user=0.03 sys=0.00, real=0.00 secs] 
2024-10-04T14:11:13.824+0300: 674.731: Total time for which application threads were stopped: 0.0025690 seconds, Stopping threads took: 0.0001557 seconds
2024-10-04T14:11:14.264+0300: 675.169: Application time: 0.4382171 seconds
2024-10-04T14:11:14.264+0300: 675.169: [GC (Allocation Failure) [PSYoungGen: 191560K->9423K(194048K)] 384871K->204215K(603648K), 0.0022702 secs] [Times: user=0.02 sys=0.00, real=0.00 secs] 
2024-10-04T14:11:14.264+0300: 675.172: Total time for which application threads were stopped: 0.0025814 seconds, Stopping threads took: 0.0001538 seconds
2024-10-04T14:11:14.609+0300: 675.517: Application time: 0.3449351 seconds
2024-10-04T14:11:14.609+0300: 675.517: [GC (Allocation Failure) [PSYoungGen: 191582K->9422K(193536K)] 386374K->205696K(603136K), 0.0023482 secs] [Times: user=0.01 sys=0.00, real=0.00 secs] 
2024-10-04T14:11:14.609+0300: 675.519: Total time for which application threads were stopped: 0.0026441 seconds, Stopping threads took: 0.0001412 seconds
2024-10-04T14:11:14.986+0300: 675.886: Application time: 0.3662861 seconds
2024-10-04T14:11:14.986+0300: 675.886: [GC (Allocation Failure) [PSYoungGen: 192027K->10167K(193024K)] 388301K->207905K(602624K), 0.0023143 secs] [Times: user=0.00 sys=0.00, real=0.00 secs] 
2024-10-04T14:11:14.986+0300: 675.888: Total time for which application threads were stopped: 0.0026200 seconds, Stopping threads took: 0.0001415 seconds
2024-10-04T14:11:15.394+0300: 676.291: Application time: 0.4031540 seconds
2024-10-04T14:11:15.394+0300: 676.292: [GC (Allocation Failure) [PSYoungGen: 191908K->8710K(193536K)] 389646K->208670K(603136K), 0.0024334 secs] [Times: user=0.00 sys=0.00, real=0.00 secs] 
2024-10-04T14:11:15.394+0300: 676.294: Total time for which application threads were stopped: 0.0027726 seconds, Stopping threads took: 0.0001812 seconds
2024-10-04T14:11:15.817+0300: 676.714: Application time: 0.4196844 seconds
2024-10-04T14:11:15.817+0300: 676.714: [GC (Allocation Failure) [PSYoungGen: 190982K->9454K(194048K)] 390942K->210143K(603648K), 0.0020567 secs] [Times: user=0.00 sys=0.00, real=0.00 secs] 
2024-10-04T14:11:15.817+0300: 676.716: Total time for which application threads were stopped: 0.0023271 seconds, Stopping threads took: 0.0001210 seconds
2024-10-04T14:11:16.037+0300: 676.943: Application time: 0.2269150 seconds
2024-10-04T14:11:16.037+0300: 676.943: [GC (Allocation Failure) [PSYoungGen: 192078K->9406K(193536K)] 392766K->211584K(603136K), 0.0022072 secs] [Times: user=0.00 sys=0.00, real=0.00 secs] 
2024-10-04T14:11:16.037+0300: 676.946: Total time for which application threads were stopped: 0.0025492 seconds, Stopping threads took: 0.0001762 seconds
2024-10-04T14:11:16.554+0300: 677.450: Application time: 0.5048012 seconds
2024-10-04T14:11:16.554+0300: 677.451: [GC (Allocation Failure) [PSYoungGen: 191883K->10167K(194048K)] 394060K->213137K(603648K), 0.0022608 secs] [Times: user=0.00 sys=0.00, real=0.00 secs] 
2024-10-04T14:11:16.554+0300: 677.453: Total time for which application threads were stopped: 0.0026253 seconds, Stopping threads took: 0.0001950 seconds
2024-10-04T14:11:16.947+0300: 677.858: Application time: 0.4044623 seconds
2024-10-04T14:11:16.947+0300: 677.858: [GC (Allocation Failure) [PSYoungGen: 193086K->8678K(194048K)] 396055K->214530K(603648K), 0.0023941 secs] [Times: user=0.01 sys=0.00, real=0.01 secs] 
2024-10-04T14:11:16.962+0300: 677.860: Total time for which application threads were stopped: 0.0026921 seconds, Stopping threads took: 0.0001158 seconds
2024-10-04T14:11:17.198+0300: 678.100: Application time: 0.2395630 seconds
2024-10-04T14:11:17.198+0300: 678.100: [GC (Allocation Failure) [PSYoungGen: 191348K->10183K(193024K)] 397200K->216795K(602624K), 0.0021516 secs] [Times: user=0.00 sys=0.00, real=0.00 secs] 
2024-10-04T14:11:17.198+0300: 678.102: Total time for which application threads were stopped: 0.0024596 seconds, Stopping threads took: 0.0001794 seconds
2024-10-04T14:11:17.700+0300: 678.605: Application time: 0.5029219 seconds
2024-10-04T14:11:17.700+0300: 678.605: [GC (Allocation Failure) [PSYoungGen: 192337K->9391K(193536K)] 398950K->218225K(603136K), 0.0022473 secs] [Times: user=0.00 sys=0.00, real=0.00 secs] 
2024-10-04T14:11:17.700+0300: 678.608: Total time for which application threads were stopped: 0.0025503 seconds, Stopping threads took: 0.0001024 seconds
2024-10-04T14:11:18.156+0300: 679.063: Application time: 0.4555575 seconds
2024-10-04T14:11:18.156+0300: 679.064: [GC (Allocation Failure) [PSYoungGen: 191129K->8029K(193024K)] 399963K->217624K(602624K), 0.0018928 secs] [Times: user=0.00 sys=0.00, real=0.00 secs] 
2024-10-04T14:11:18.156+0300: 679.066: Total time for which application threads were stopped: 0.0022503 seconds, Stopping threads took: 0.0002297 seconds
2024-10-04T14:11:18.375+0300: 679.279: Application time: 0.2131591 seconds
2024-10-04T14:11:18.375+0300: 679.279: [GC (Allocation Failure) [PSYoungGen: 190205K->10880K(193536K)] 399799K->221947K(603136K), 0.0024698 secs] [Times: user=0.00 sys=0.00, real=0.00 secs] 
2024-10-04T14:11:18.375+0300: 679.282: Total time for which application threads were stopped: 0.0028607 seconds, Stopping threads took: 0.0002075 seconds
2024-10-04T14:11:18.893+0300: 679.805: Application time: 0.5230073 seconds
2024-10-04T14:11:18.909+0300: 679.805: [GC (Allocation Failure) [PSYoungGen: 193016K->10167K(192512K)] 404084K->223412K(602112K), 0.0024085 secs] [Times: user=0.00 sys=0.00, real=0.00 secs] 
2024-10-04T14:11:18.909+0300: 679.808: Total time for which application threads were stopped: 0.0029642 seconds, Stopping threads took: 0.0003446 seconds
2024-10-04T14:11:19.223+0300: 680.122: Application time: 0.3148089 seconds
2024-10-04T14:11:19.223+0300: 680.123: [GC (Allocation Failure) [PSYoungGen: 190934K->9326K(193024K)] 404179K->224069K(602624K), 0.0022154 secs] [Times: user=0.00 sys=0.00, real=0.00 secs] 
2024-10-04T14:11:19.223+0300: 680.125: Total time for which application threads were stopped: 0.0025409 seconds, Stopping threads took: 0.0001905 seconds
2024-10-04T14:11:19.590+0300: 680.494: Application time: 0.3695358 seconds
2024-10-04T14:11:19.590+0300: 680.495: [GC (Allocation Failure) [PSYoungGen: 189990K->9455K(193536K)] 404732K->224958K(603136K), 0.0021820 secs] [Times: user=0.00 sys=0.00, real=0.01 secs] 
2024-10-04T14:11:19.600+0300: 680.497: Total time for which application threads were stopped: 0.0028979 seconds, Stopping threads took: 0.0005470 seconds
2024-10-04T14:11:20.227+0300: 681.128: Application time: 0.6303195 seconds
2024-10-04T14:11:20.227+0300: 681.128: [GC (Allocation Failure) [PSYoungGen: 191584K->9455K(193536K)] 407087K->227135K(603136K), 0.0023127 secs] [Times: user=0.00 sys=0.00, real=0.00 secs] 
2024-10-04T14:11:20.227+0300: 681.130: Total time for which application threads were stopped: 0.0026491 seconds, Stopping threads took: 0.0002075 seconds
2024-10-04T14:11:20.510+0300: 681.418: Application time: 0.2880377 seconds
2024-10-04T14:11:20.510+0300: 681.419: [GC (Allocation Failure) [PSYoungGen: 191667K->9391K(193536K)] 409348K->228560K(603136K), 0.0025174 secs] [Times: user=0.00 sys=0.00, real=0.00 secs] 
2024-10-04T14:11:20.510+0300: 681.421: Total time for which application threads were stopped: 0.0030495 seconds, Stopping threads took: 0.0003472 seconds
2024-10-04T14:11:20.776+0300: 681.679: Application time: 0.2577071 seconds
2024-10-04T14:11:20.776+0300: 681.679: [GC (Allocation Failure) [PSYoungGen: 191534K->10199K(193536K)] 410703K->230834K(603136K), 0.0047177 secs] [Times: user=0.00 sys=0.00, real=0.00 secs] 
2024-10-04T14:11:20.776+0300: 681.684: Total time for which application threads were stopped: 0.0051169 seconds, Stopping threads took: 0.0002207 seconds
2024-10-04T14:11:21.106+0300: 682.013: Application time: 0.3290879 seconds
2024-10-04T14:11:21.106+0300: 682.014: [GC (Allocation Failure) [PSYoungGen: 192329K->9455K(193536K)] 412964K->231562K(603136K), 0.0023368 secs] [Times: user=0.00 sys=0.00, real=0.00 secs] 
2024-10-04T14:11:21.106+0300: 682.016: Total time for which application threads were stopped: 0.0026713 seconds, Stopping threads took: 0.0001384 seconds
2024-10-04T14:11:21.393+0300: 682.295: Application time: 0.2787258 seconds
2024-10-04T14:11:21.393+0300: 682.295: [GC (Allocation Failure) [PSYoungGen: 191589K->10135K(193536K)] 413696K->233011K(603136K), 0.0021707 secs] [Times: user=0.00 sys=0.00, real=0.00 secs] 
2024-10-04T14:11:21.393+0300: 682.297: Total time for which application threads were stopped: 0.0025310 seconds, Stopping threads took: 0.0002079 seconds
2024-10-04T14:11:21.797+0300: 682.700: Application time: 0.4029359 seconds
2024-10-04T14:11:21.797+0300: 682.700: [GC (Allocation Failure) [PSYoungGen: 192236K->9422K(193536K)] 415112K->234476K(603136K), 0.0024889 secs] [Times: user=0.00 sys=0.00, real=0.00 secs] 
2024-10-04T14:11:21.797+0300: 682.703: Total time for which application threads were stopped: 0.0027743 seconds, Stopping threads took: 0.0000953 seconds
2024-10-04T14:11:22.267+0300: 683.171: Application time: 0.4678687 seconds
2024-10-04T14:11:22.267+0300: 683.171: [GC (Allocation Failure) [PSYoungGen: 191599K->9423K(193536K)] 416653K->235950K(603136K), 0.0022486 secs] [Times: user=0.00 sys=0.00, real=0.00 secs] 
2024-10-04T14:11:22.267+0300: 683.173: Total time for which application threads were stopped: 0.0025763 seconds, Stopping threads took: 0.0001298 seconds
2024-10-04T14:11:22.754+0300: 683.651: Application time: 0.4776661 seconds
2024-10-04T14:11:22.754+0300: 683.651: [GC (Allocation Failure) [PSYoungGen: 191611K->10199K(193024K)] 418138K->237479K(602624K), 0.0022582 secs] [Times: user=0.00 sys=0.00, real=0.00 secs] 
2024-10-04T14:11:22.754+0300: 683.654: Total time for which application threads were stopped: 0.0026028 seconds, Stopping threads took: 0.0002074 seconds
2024-10-04T14:11:22.911+0300: 683.819: Application time: 0.1653056 seconds
2024-10-04T14:11:22.911+0300: 683.819: [GC (Allocation Failure) [PSYoungGen: 192407K->8742K(193536K)] 419686K->238207K(603136K), 0.0023121 secs] [Times: user=0.00 sys=0.00, real=0.00 secs] 
2024-10-04T14:11:22.911+0300: 683.822: Total time for which application threads were stopped: 0.0027205 seconds, Stopping threads took: 0.0002666 seconds
2024-10-04T14:11:23.444+0300: 684.341: Application time: 0.5187763 seconds
2024-10-04T14:11:23.444+0300: 684.341: [GC (Allocation Failure) [PSYoungGen: 190837K->9455K(194048K)] 420302K->240393K(603648K), 0.0022712 secs] [Times: user=0.00 sys=0.00, real=0.00 secs] 
2024-10-04T14:11:23.444+0300: 684.343: Total time for which application threads were stopped: 0.0025723 seconds, Stopping threads took: 0.0001601 seconds
2024-10-04T14:11:23.758+0300: 684.656: Application time: 0.3133472 seconds
2024-10-04T14:11:23.758+0300: 684.657: [GC (Allocation Failure) [PSYoungGen: 191599K->9422K(193536K)] 422537K->241849K(603136K), 0.0022104 secs] [Times: user=0.00 sys=0.00, real=0.00 secs] 
2024-10-04T14:11:23.758+0300: 684.659: Total time for which application threads were stopped: 0.0024796 seconds, Stopping threads took: 0.0001238 seconds
2024-10-04T14:11:24.165+0300: 685.075: Application time: 0.4160883 seconds
2024-10-04T14:11:24.165+0300: 685.075: [GC (Allocation Failure) [PSYoungGen: 191586K->10199K(193024K)] 424013K->244083K(602624K), 0.0023427 secs] [Times: user=0.01 sys=0.00, real=0.02 secs] 
2024-10-04T14:11:24.181+0300: 685.078: Total time for which application threads were stopped: 0.0026724 seconds, Stopping threads took: 0.0001752 seconds
2024-10-04T14:11:24.683+0300: 685.585: Application time: 0.5072242 seconds
2024-10-04T14:11:24.683+0300: 685.585: [GC (Allocation Failure) [PSYoungGen: 192345K->10167K(193536K)] 426230K->246245K(603136K), 0.0024840 secs] [Times: user=0.00 sys=0.00, real=0.00 secs] 
2024-10-04T14:11:24.683+0300: 685.588: Total time for which application threads were stopped: 0.0030281 seconds, Stopping threads took: 0.0003424 seconds
2024-10-04T14:11:25.076+0300: 685.985: Application time: 0.3974317 seconds
2024-10-04T14:11:25.076+0300: 685.986: [GC (Allocation Failure) [PSYoungGen: 192381K->8030K(193536K)] 428459K->245588K(603136K), 0.0021492 secs] [Times: user=0.02 sys=0.00, real=0.02 secs] 
2024-10-04T14:11:25.091+0300: 685.988: Total time for which application threads were stopped: 0.0025019 seconds, Stopping threads took: 0.0002168 seconds
2024-10-04T14:11:25.311+0300: 686.210: Application time: 0.2218052 seconds
2024-10-04T14:11:25.311+0300: 686.210: [GC (Allocation Failure) [PSYoungGen: 189770K->9423K(193536K)] 427329K->248491K(603136K), 0.0022809 secs] [Times: user=0.00 sys=0.00, real=0.00 secs] 
2024-10-04T14:11:25.311+0300: 686.212: Total time for which application threads were stopped: 0.0026534 seconds, Stopping threads took: 0.0002074 seconds
2024-10-04T14:11:25.782+0300: 686.688: Application time: 0.4753251 seconds
2024-10-04T14:11:25.782+0300: 686.688: [GC (Allocation Failure) [PSYoungGen: 191546K->9486K(194048K)] 430614K->249995K(603648K), 0.0023565 secs] [Times: user=0.00 sys=0.00, real=0.00 secs] 
2024-10-04T14:11:25.782+0300: 686.690: Total time for which application threads were stopped: 0.0027133 seconds, Stopping threads took: 0.0002215 seconds
2024-10-04T14:11:25.986+0300: 686.882: Application time: 0.1918168 seconds
2024-10-04T14:11:25.986+0300: 686.883: [GC (Allocation Failure) [PSYoungGen: 192127K->9390K(193536K)] 432636K->250676K(603136K), 0.0020328 secs] [Times: user=0.00 sys=0.00, real=0.00 secs] 
2024-10-04T14:11:25.986+0300: 686.885: Total time for which application threads were stopped: 0.0024402 seconds, Stopping threads took: 0.0002418 seconds
2024-10-04T14:11:26.583+0300: 687.483: Application time: 0.5983188 seconds
2024-10-04T14:11:26.583+0300: 687.483: [GC (Allocation Failure) [PSYoungGen: 191862K->10167K(193024K)] 433147K->252954K(602624K), 0.0023516 secs] [Times: user=0.00 sys=0.00, real=0.00 secs] 
2024-10-04T14:11:26.583+0300: 687.486: Total time for which application threads were stopped: 0.0026945 seconds, Stopping threads took: 0.0001701 seconds
2024-10-04T14:11:27.023+0300: 687.927: Application time: 0.4413926 seconds
2024-10-04T14:11:27.023+0300: 687.927: [GC (Allocation Failure) [PSYoungGen: 192336K->9423K(193536K)] 435122K->253642K(603136K), 0.0024625 secs] [Times: user=0.00 sys=0.00, real=0.00 secs] 
2024-10-04T14:11:27.023+0300: 687.930: Total time for which application threads were stopped: 0.0029010 seconds, Stopping threads took: 0.0002623 seconds
2024-10-04T14:11:27.384+0300: 688.285: Application time: 0.3549319 seconds
2024-10-04T14:11:27.384+0300: 688.285: [GC (Allocation Failure) [PSYoungGen: 191625K->9359K(194048K)] 435845K->255780K(603648K), 0.0022936 secs] [Times: user=0.00 sys=0.00, real=0.00 secs] 
2024-10-04T14:11:27.384+0300: 688.288: Total time for which application threads were stopped: 0.0025865 seconds, Stopping threads took: 0.0001412 seconds
2024-10-04T14:11:27.745+0300: 688.651: Application time: 0.3633380 seconds
2024-10-04T14:11:27.745+0300: 688.651: [GC (Allocation Failure) [PSYoungGen: 192211K->8742K(194048K)] 438633K->256636K(603648K), 0.0021283 secs] [Times: user=0.00 sys=0.00, real=0.00 secs] 
2024-10-04T14:11:27.745+0300: 688.653: Total time for which application threads were stopped: 0.0023915 seconds, Stopping threads took: 0.0001217 seconds
2024-10-04T14:11:28.137+0300: 689.034: Application time: 0.3806383 seconds
2024-10-04T14:11:28.137+0300: 689.034: [GC (Allocation Failure) [PSYoungGen: 191417K->10103K(194048K)] 439311K->258766K(603648K), 0.0022104 secs] [Times: user=0.00 sys=0.00, real=0.00 secs] 
2024-10-04T14:11:28.137+0300: 689.036: Total time for which application threads were stopped: 0.0025145 seconds, Stopping threads took: 0.0001512 seconds
2024-10-04T14:11:28.184+0300: 689.094: Application time: 0.0576454 seconds
2024-10-04T14:11:28.184+0300: 689.094: [GC (Allocation Failure) [PSYoungGen: 192948K->8678K(192000K)] 441611K->258854K(601600K), 0.0023201 secs] [Times: user=0.02 sys=0.00, real=0.02 secs] 
2024-10-04T14:11:28.200+0300: 689.097: Total time for which application threads were stopped: 0.0025953 seconds, Stopping threads took: 0.0001001 seconds
2024-10-04T14:11:28.937+0300: 689.839: Application time: 0.7426300 seconds
2024-10-04T14:11:28.937+0300: 689.840: [GC (Allocation Failure) [PSYoungGen: 191864K->10167K(193536K)] 442040K->261095K(603136K), 0.0024625 secs] [Times: user=0.00 sys=0.00, real=0.00 secs] 
2024-10-04T14:11:28.937+0300: 689.842: Total time for which application threads were stopped: 0.0027827 seconds, Stopping threads took: 0.0001287 seconds
2024-10-04T14:11:29.346+0300: 690.251: Application time: 0.4087778 seconds
2024-10-04T14:11:29.346+0300: 690.251: [GC (Allocation Failure) [PSYoungGen: 192439K->10199K(193536K)] 443367K->261848K(603136K), 0.0021010 secs] [Times: user=0.00 sys=0.00, real=0.00 secs] 
2024-10-04T14:11:29.346+0300: 690.253: Total time for which application threads were stopped: 0.0024130 seconds, Stopping threads took: 0.0001721 seconds
2024-10-04T14:11:29.816+0300: 690.721: Application time: 0.4676777 seconds
2024-10-04T14:11:29.816+0300: 690.721: [GC (Allocation Failure) [PSYoungGen: 191950K->8646K(193536K)] 443599K->263237K(603136K), 0.0024023 secs] [Times: user=0.00 sys=0.00, real=0.00 secs] 
2024-10-04T14:11:29.816+0300: 690.724: Total time for which application threads were stopped: 0.0027264 seconds, Stopping threads took: 0.0001396 seconds
2024-10-04T14:11:30.177+0300: 691.078: Application time: 0.3542524 seconds
2024-10-04T14:11:30.177+0300: 691.078: [GC (Allocation Failure) [PSYoungGen: 190838K->8710K(193536K)] 445429K->264038K(603136K), 0.0019929 secs] [Times: user=0.00 sys=0.00, real=0.00 secs] 
2024-10-04T14:11:30.177+0300: 691.080: Total time for which application threads were stopped: 0.0023062 seconds, Stopping threads took: 0.0001779 seconds
2024-10-04T14:11:30.428+0300: 691.332: Application time: 0.2521303 seconds
2024-10-04T14:11:30.428+0300: 691.333: [GC (Allocation Failure) [PSYoungGen: 190586K->10167K(193536K)] 445914K->266255K(603136K), 0.0021946 secs] [Times: user=0.00 sys=0.00, real=0.00 secs] 
2024-10-04T14:11:30.428+0300: 691.335: Total time for which application threads were stopped: 0.0025264 seconds, Stopping threads took: 0.0002038 seconds
2024-10-04T14:11:30.632+0300: 691.543: Application time: 0.2076856 seconds
2024-10-04T14:11:30.632+0300: 691.543: [GC (Allocation Failure) [PSYoungGen: 192276K->9358K(193536K)] 448365K->267684K(603136K), 0.0024380 secs] [Times: user=0.02 sys=0.00, real=0.02 secs] 
2024-10-04T14:11:30.647+0300: 691.545: Total time for which application threads were stopped: 0.0026950 seconds, Stopping threads took: 0.0000882 seconds
2024-10-04T14:11:31.400+0300: 692.296: Application time: 0.7506888 seconds
2024-10-04T14:11:31.400+0300: 692.296: [GC (Allocation Failure) [PSYoungGen: 191100K->8742K(193536K)] 449426K->268533K(603136K), 0.0021422 secs] [Times: user=0.00 sys=0.00, real=0.00 secs] 
2024-10-04T14:11:31.400+0300: 692.298: Total time for which application threads were stopped: 0.0024501 seconds, Stopping threads took: 0.0001750 seconds
2024-10-04T14:11:31.573+0300: 692.475: Application time: 0.1770626 seconds
2024-10-04T14:11:31.573+0300: 692.476: [GC (Allocation Failure) [PSYoungGen: 190770K->8710K(193536K)] 450561K->269966K(603136K), 0.0021584 secs] [Times: user=0.00 sys=0.00, real=0.00 secs] 
2024-10-04T14:11:31.573+0300: 692.478: Total time for which application threads were stopped: 0.0024607 seconds, Stopping threads took: 0.0001082 seconds
2024-10-04T14:11:32.154+0300: 693.057: Application time: 0.5788230 seconds
2024-10-04T14:11:32.154+0300: 693.057: [GC (Allocation Failure) [PSYoungGen: 190508K->10135K(193536K)] 451764K->272188K(603136K), 0.0022218 secs] [Times: user=0.00 sys=0.00, real=0.00 secs] 
2024-10-04T14:11:32.154+0300: 693.059: Total time for which application threads were stopped: 0.0024978 seconds, Stopping threads took: 0.0001303 seconds
2024-10-04T14:11:32.389+0300: 693.298: Application time: 0.2383498 seconds
2024-10-04T14:11:32.389+0300: 693.298: [GC (Allocation Failure) [PSYoungGen: 192086K->9390K(193536K)] 454139K->273613K(603136K), 0.0023120 secs] [Times: user=0.00 sys=0.00, real=0.00 secs] 
2024-10-04T14:11:32.389+0300: 693.300: Total time for which application threads were stopped: 0.0026679 seconds, Stopping threads took: 0.0002136 seconds
2024-10-04T14:11:32.765+0300: 693.676: Application time: 0.3756735 seconds
2024-10-04T14:11:32.765+0300: 693.676: [GC (Allocation Failure) [PSYoungGen: 191533K->10847K(192512K)] 455755K->275870K(602112K), 0.0025066 secs] [Times: user=0.03 sys=0.00, real=0.02 secs] 
2024-10-04T14:11:32.781+0300: 693.679: Total time for which application threads were stopped: 0.0029035 seconds, Stopping threads took: 0.0002440 seconds
2024-10-04T14:11:32.953+0300: 693.861: Application time: 0.1816794 seconds
2024-10-04T14:11:32.953+0300: 693.861: [GC (Allocation Failure) [PSYoungGen: 191523K->9390K(193024K)] 456546K->276607K(602624K), 0.0023083 secs] [Times: user=0.00 sys=0.00, real=0.00 secs] 
2024-10-04T14:11:32.953+0300: 693.863: Total time for which application threads were stopped: 0.0026281 seconds, Stopping threads took: 0.0001809 seconds
2024-10-04T14:11:33.616+0300: 694.520: Application time: 0.6565804 seconds
2024-10-04T14:11:33.616+0300: 694.520: [GC (Allocation Failure) [PSYoungGen: 190055K->9454K(193536K)] 457271K->278144K(603136K), 0.0022683 secs] [Times: user=0.00 sys=0.00, real=0.00 secs] 
2024-10-04T14:11:33.616+0300: 694.522: Total time for which application threads were stopped: 0.0026803 seconds, Stopping threads took: 0.0002542 seconds
2024-10-04T14:11:33.738+0300: 694.642: Application time: 0.1194102 seconds
2024-10-04T14:11:33.738+0300: 694.642: [GC (Allocation Failure) [PSYoungGen: 191672K->8646K(193536K)] 460361K->278832K(603136K), 0.0020485 secs] [Times: user=0.00 sys=0.00, real=0.00 secs] 
2024-10-04T14:11:33.738+0300: 694.644: Total time for which application threads were stopped: 0.0023905 seconds, Stopping threads took: 0.0002112 seconds
2024-10-04T14:11:34.288+0300: 695.189: Application time: 0.5451533 seconds
2024-10-04T14:11:34.288+0300: 695.190: [GC (Allocation Failure) [PSYoungGen: 190740K->10199K(193536K)] 460926K->281850K(603136K), 0.0023130 secs] [Times: user=0.00 sys=0.00, real=0.00 secs] 
2024-10-04T14:11:34.288+0300: 695.192: Total time for which application threads were stopped: 0.0026594 seconds, Stopping threads took: 0.0002019 seconds
2024-10-04T14:11:34.555+0300: 695.457: Application time: 0.2647214 seconds
2024-10-04T14:11:34.555+0300: 695.457: [GC (Allocation Failure) [PSYoungGen: 192404K->9423K(193536K)] 464055K->282563K(603136K), 0.0021413 secs] [Times: user=0.00 sys=0.00, real=0.00 secs] 
2024-10-04T14:11:34.555+0300: 695.459: Total time for which application threads were stopped: 0.0024270 seconds, Stopping threads took: 0.0001482 seconds
2024-10-04T14:11:35.136+0300: 696.038: Application time: 0.5782968 seconds
2024-10-04T14:11:35.136+0300: 696.038: [GC (Allocation Failure) [PSYoungGen: 191493K->10199K(193536K)] 464633K->284805K(603136K), 0.0023105 secs] [Times: user=0.00 sys=0.00, real=0.00 secs] 
2024-10-04T14:11:35.136+0300: 696.040: Total time for which application threads were stopped: 0.0027433 seconds, Stopping threads took: 0.0002887 seconds
2024-10-04T14:11:35.292+0300: 696.202: Application time: 0.1620269 seconds
2024-10-04T14:11:35.292+0300: 696.203: [GC (Allocation Failure) [PSYoungGen: 192384K->9422K(193536K)] 466989K->285509K(603136K), 0.0023252 secs] [Times: user=0.02 sys=0.00, real=0.02 secs] 
2024-10-04T14:11:35.308+0300: 696.205: Total time for which application threads were stopped: 0.0026274 seconds, Stopping threads took: 0.0001524 seconds
2024-10-04T14:11:35.858+0300: 696.755: Application time: 0.5498705 seconds
2024-10-04T14:11:35.858+0300: 696.755: [GC (Allocation Failure) [PSYoungGen: 191240K->10199K(193536K)] 467327K->287751K(603136K), 0.0024304 secs] [Times: user=0.02 sys=0.00, real=0.00 secs] 
2024-10-04T14:11:35.858+0300: 696.758: Total time for which application threads were stopped: 0.0027938 seconds, Stopping threads took: 0.0001909 seconds
2024-10-04T14:11:36.093+0300: 696.995: Application time: 0.2377654 seconds
2024-10-04T14:11:36.093+0300: 696.996: [GC (Allocation Failure) [PSYoungGen: 191987K->9423K(193536K)] 469539K->288491K(603136K), 0.0021930 secs] [Times: user=0.00 sys=0.00, real=0.00 secs] 
2024-10-04T14:11:36.093+0300: 696.998: Total time for which application threads were stopped: 0.0025240 seconds, Stopping threads took: 0.0001908 seconds
2024-10-04T14:11:36.533+0300: 697.432: Application time: 0.4343926 seconds
2024-10-04T14:11:36.533+0300: 697.433: [GC (Allocation Failure) [PSYoungGen: 191539K->8742K(193536K)] 470608K->289260K(603136K), 0.0022714 secs] [Times: user=0.00 sys=0.00, real=0.00 secs] 
2024-10-04T14:11:36.533+0300: 697.435: Total time for which application threads were stopped: 0.0025826 seconds, Stopping threads took: 0.0001622 seconds
2024-10-04T14:11:36.988+0300: 697.894: Application time: 0.4589543 seconds
2024-10-04T14:11:36.988+0300: 697.894: [GC (Allocation Failure) [PSYoungGen: 190897K->8646K(193536K)] 471415K->291365K(603136K), 0.0022511 secs] [Times: user=0.00 sys=0.00, real=0.00 secs] 
2024-10-04T14:11:36.988+0300: 697.896: Total time for which application threads were stopped: 0.0025310 seconds, Stopping threads took: 0.0001526 seconds
2024-10-04T14:11:37.552+0300: 698.450: Application time: 0.5537718 seconds
2024-10-04T14:11:37.552+0300: 698.450: [GC (Allocation Failure) [PSYoungGen: 190785K->9455K(193536K)] 473504K->292927K(603136K), 0.0024948 secs] [Times: user=0.00 sys=0.00, real=0.00 secs] 
2024-10-04T14:11:37.552+0300: 698.453: Total time for which application threads were stopped: 0.0029071 seconds, Stopping threads took: 0.0002250 seconds
2024-10-04T14:11:37.662+0300: 698.571: Application time: 0.1182049 seconds
2024-10-04T14:11:37.662+0300: 698.572: [GC (Allocation Failure) [PSYoungGen: 191645K->10135K(193536K)] 475117K->295088K(603136K), 0.0025575 secs] [Times: user=0.00 sys=0.00, real=0.02 secs] 
2024-10-04T14:11:37.678+0300: 698.574: Total time for which application threads were stopped: 0.0029270 seconds, Stopping threads took: 0.0001929 seconds
2024-10-04T14:11:38.086+0300: 698.994: Application time: 0.4196486 seconds
2024-10-04T14:11:38.086+0300: 698.994: [GC (Allocation Failure) [PSYoungGen: 192275K->7901K(193536K)] 477228K->295064K(603136K), 0.0023521 secs] [Times: user=0.00 sys=0.00, real=0.00 secs] 
2024-10-04T14:11:38.086+0300: 698.996: Total time for which application threads were stopped: 0.0026522 seconds, Stopping threads took: 0.0001663 seconds
2024-10-04T14:11:38.462+0300: 699.368: Application time: 0.3710212 seconds
2024-10-04T14:11:38.462+0300: 699.368: [GC (Allocation Failure) [PSYoungGen: 190004K->8710K(193536K)] 477167K->296633K(603136K), 0.0020908 secs] [Times: user=0.00 sys=0.00, real=0.00 secs] 
2024-10-04T14:11:38.462+0300: 699.370: Total time for which application threads were stopped: 0.0024284 seconds, Stopping threads took: 0.0001937 seconds
2024-10-04T14:11:38.745+0300: 699.644: Application time: 0.2745360 seconds
2024-10-04T14:11:38.745+0300: 699.645: [GC (Allocation Failure) [PSYoungGen: 190611K->9470K(193536K)] 478535K->298162K(603136K), 0.0022734 secs] [Times: user=0.00 sys=0.00, real=0.00 secs] 
2024-10-04T14:11:38.745+0300: 699.647: Total time for which application threads were stopped: 0.0026410 seconds, Stopping threads took: 0.0002109 seconds
2024-10-04T14:11:39.278+0300: 700.182: Application time: 0.5352477 seconds
2024-10-04T14:11:39.278+0300: 700.183: [GC (Allocation Failure) [PSYoungGen: 191218K->10167K(193536K)] 479910K->300360K(603136K), 0.0023532 secs] [Times: user=0.00 sys=0.00, real=0.00 secs] 
2024-10-04T14:11:39.278+0300: 700.185: Total time for which application threads were stopped: 0.0027099 seconds, Stopping threads took: 0.0002163 seconds
2024-10-04T14:11:39.967+0300: 700.873: Application time: 0.6879687 seconds
2024-10-04T14:11:39.967+0300: 700.873: [GC (Allocation Failure) [PSYoungGen: 192086K->10912K(192512K)] 482279K->301825K(602112K), 0.0024761 secs] [Times: user=0.00 sys=0.00, real=0.00 secs] 
2024-10-04T14:11:39.967+0300: 700.876: Total time for which application threads were stopped: 0.0028293 seconds, Stopping threads took: 0.0002187 seconds
2024-10-04T14:11:40.124+0300: 701.024: Application time: 0.1479254 seconds
2024-10-04T14:11:40.124+0300: 701.024: [GC (Allocation Failure) [PSYoungGen: 191922K->9390K(193024K)] 482835K->302541K(602624K), 0.0022689 secs] [Times: user=0.00 sys=0.00, real=0.00 secs] 
2024-10-04T14:11:40.129+0300: 701.026: Total time for which application threads were stopped: 0.0025216 seconds, Stopping threads took: 0.0001160 seconds
2024-10-04T14:11:40.470+0300: 701.366: Application time: 0.3397304 seconds
2024-10-04T14:11:40.470+0300: 701.366: [GC (Allocation Failure) [PSYoungGen: 190465K->9407K(193536K)] 483616K->304007K(603136K), 0.0022321 secs] [Times: user=0.00 sys=0.00, real=0.00 secs] 
2024-10-04T14:11:40.470+0300: 701.369: Total time for which application threads were stopped: 0.0025447 seconds, Stopping threads took: 0.0001706 seconds
2024-10-04T14:11:40.925+0300: 701.826: Application time: 0.4570544 seconds
2024-10-04T14:11:40.925+0300: 701.826: [GC (Allocation Failure) [PSYoungGen: 191131K->8742K(193024K)] 485731K->304134K(602624K), 0.0022092 secs] [Times: user=0.02 sys=0.00, real=0.01 secs] 
2024-10-04T14:11:40.930+0300: 701.828: Total time for which application threads were stopped: 0.0024949 seconds, Stopping threads took: 0.0001454 seconds
2024-10-04T14:11:41.082+0300: 701.982: Application time: 0.1542997 seconds
2024-10-04T14:11:41.082+0300: 701.983: [GC (Allocation Failure) [PSYoungGen: 189909K->9486K(193536K)] 485302K->305615K(603136K), 0.0021346 secs] [Times: user=0.00 sys=0.00, real=0.00 secs] 
2024-10-04T14:11:41.082+0300: 701.985: Total time for which application threads were stopped: 0.0024690 seconds, Stopping threads took: 0.0002037 seconds
2024-10-04T14:11:41.709+0300: 702.616: Application time: 0.6313370 seconds
2024-10-04T14:11:41.709+0300: 702.617: [GC (Allocation Failure) [PSYoungGen: 191230K->10880K(193536K)] 487359K->308510K(603136K), 0.0025443 secs] [Times: user=0.00 sys=0.00, real=0.00 secs] 
2024-10-04T14:11:41.709+0300: 702.619: Total time for which application threads were stopped: 0.0029160 seconds, Stopping threads took: 0.0001776 seconds
2024-10-04T14:11:42.132+0300: 703.030: Application time: 0.4112001 seconds
2024-10-04T14:11:42.132+0300: 703.031: [GC (Allocation Failure) [PSYoungGen: 193100K->7933K(192512K)] 490730K->307741K(602112K), 0.0020978 secs] [Times: user=0.00 sys=0.00, real=0.00 secs] 
2024-10-04T14:11:42.132+0300: 703.033: Total time for which application threads were stopped: 0.0024734 seconds, Stopping threads took: 0.0002199 seconds
2024-10-04T14:11:42.320+0300: 703.222: Application time: 0.1891639 seconds
2024-10-04T14:11:42.320+0300: 703.222: [GC (Allocation Failure) [PSYoungGen: 189112K->10912K(192512K)] 488920K->310759K(602112K), 0.0024002 secs] [Times: user=0.00 sys=0.00, real=0.00 secs] 
2024-10-04T14:11:42.320+0300: 703.225: Total time for which application threads were stopped: 0.0027576 seconds, Stopping threads took: 0.0001745 seconds
2024-10-04T14:11:42.713+0300: 703.610: Application time: 0.3851483 seconds
2024-10-04T14:11:42.713+0300: 703.610: [GC (Allocation Failure) [PSYoungGen: 191572K->9391K(193024K)] 491419K->312172K(602624K), 0.0025313 secs] [Times: user=0.00 sys=0.00, real=0.00 secs] 
2024-10-04T14:11:42.713+0300: 703.613: Total time for which application threads were stopped: 0.0031103 seconds, Stopping threads took: 0.0004036 seconds
2024-10-04T14:11:43.183+0300: 704.092: Application time: 0.4791322 seconds
2024-10-04T14:11:43.183+0300: 704.092: [GC (Allocation Failure) [PSYoungGen: 190075K->9454K(192512K)] 492856K->312997K(602112K), 0.0022435 secs] [Times: user=0.00 sys=0.00, real=0.00 secs] 
2024-10-04T14:11:43.183+0300: 704.095: Total time for which application threads were stopped: 0.0025981 seconds, Stopping threads took: 0.0002050 seconds
2024-10-04T14:11:43.235+0300: 704.139: Application time: 0.0439551 seconds
2024-10-04T14:11:43.235+0300: 704.139: [GC (Allocation Failure) [PSYoungGen: 189489K->8678K(193024K)] 493031K->313709K(602624K), 0.0022241 secs] [Times: user=0.00 sys=0.00, real=0.00 secs] 
2024-10-04T14:11:43.235+0300: 704.141: Total time for which application threads were stopped: 0.0025303 seconds, Stopping threads took: 0.0001707 seconds
2024-10-04T14:11:43.921+0300: 704.830: Application time: 0.6889244 seconds
2024-10-04T14:11:43.921+0300: 704.831: [GC (Allocation Failure) [PSYoungGen: 189679K->10880K(193024K)] 494710K->316664K(602624K), 0.0024291 secs] [Times: user=0.02 sys=0.00, real=0.02 secs] 
2024-10-04T14:11:43.937+0300: 704.833: Total time for which application threads were stopped: 0.0027992 seconds, Stopping threads took: 0.0002266 seconds
2024-10-04T14:11:44.345+0300: 705.253: Application time: 0.4197795 seconds
2024-10-04T14:11:44.345+0300: 705.253: [GC (Allocation Failure) [PSYoungGen: 191626K->9359K(193024K)] 497410K->317312K(602624K), 0.0024500 secs] [Times: user=0.00 sys=0.00, real=0.00 secs] 
2024-10-04T14:11:44.345+0300: 705.256: Total time for which application threads were stopped: 0.0028164 seconds, Stopping threads took: 0.0002272 seconds
2024-10-04T14:11:44.454+0300: 705.363: Application time: 0.1072218 seconds
2024-10-04T14:11:44.454+0300: 705.363: [GC (Allocation Failure) [PSYoungGen: 190574K->9407K(193024K)] 498527K->318849K(602624K), 0.0023886 secs] [Times: user=0.00 sys=0.00, real=0.00 secs] 
2024-10-04T14:11:44.454+0300: 705.366: Total time for which application threads were stopped: 0.0027419 seconds, Stopping threads took: 0.0002118 seconds
2024-10-04T14:11:44.878+0300: 705.788: Application time: 0.4227442 seconds
2024-10-04T14:11:44.878+0300: 705.789: [GC (Allocation Failure) [PSYoungGen: 190047K->10135K(193024K)] 499489K->320366K(602624K), 0.0024224 secs] [Times: user=0.03 sys=0.00, real=0.02 secs] 
2024-10-04T14:11:44.894+0300: 705.791: Total time for which application threads were stopped: 0.0028004 seconds, Stopping threads took: 0.0002139 seconds
2024-10-04T14:11:45.444+0300: 706.340: Application time: 0.5493460 seconds
2024-10-04T14:11:45.444+0300: 706.341: [GC (Allocation Failure) [PSYoungGen: 190790K->10199K(193024K)] 501021K->321183K(602624K), 0.0022664 secs] [Times: user=0.00 sys=0.00, real=0.00 secs] 
2024-10-04T14:11:45.444+0300: 706.343: Total time for which application threads were stopped: 0.0025995 seconds, Stopping threads took: 0.0001948 seconds
2024-10-04T14:11:45.506+0300: 706.410: Application time: 0.0671643 seconds
2024-10-04T14:11:45.506+0300: 706.410: [GC (Allocation Failure) [PSYoungGen: 190948K->9358K(193024K)] 501932K->322544K(602624K), 0.0023405 secs] [Times: user=0.00 sys=0.00, real=0.00 secs] 
2024-10-04T14:11:45.506+0300: 706.413: Total time for which application threads were stopped: 0.0025965 seconds, Stopping threads took: 0.0001313 seconds
2024-10-04T14:11:46.240+0300: 707.139: Application time: 0.7259697 seconds
2024-10-04T14:11:46.240+0300: 707.139: [GC (Allocation Failure) [PSYoungGen: 190370K->8742K(193024K)] 503555K->324105K(602624K), 0.0024614 secs] [Times: user=0.02 sys=0.00, real=0.00 secs] 
2024-10-04T14:11:46.245+0300: 707.142: Total time for which application threads were stopped: 0.0028132 seconds, Stopping threads took: 0.0002083 seconds
2024-10-04T14:11:46.543+0300: 707.447: Application time: 0.3056262 seconds
2024-10-04T14:11:46.543+0300: 707.448: [GC (Allocation Failure) [PSYoungGen: 189373K->9390K(193536K)] 504736K->325498K(603136K), 0.0022268 secs] [Times: user=0.03 sys=0.00, real=0.00 secs] 
2024-10-04T14:11:46.543+0300: 707.450: Total time for which application threads were stopped: 0.0026613 seconds, Stopping threads took: 0.0002415 seconds
2024-10-04T14:11:46.715+0300: 707.614: Application time: 0.1641606 seconds
2024-10-04T14:11:46.715+0300: 707.614: [GC (Allocation Failure) [PSYoungGen: 190816K->7965K(193024K)] 506924K->325598K(602624K), 0.0020224 secs] [Times: user=0.00 sys=0.00, real=0.00 secs] 
2024-10-04T14:11:46.715+0300: 707.616: Total time for which application threads were stopped: 0.0023532 seconds, Stopping threads took: 0.0001885 seconds
2024-10-04T14:11:47.264+0300: 708.172: Application time: 0.5559462 seconds
2024-10-04T14:11:47.264+0300: 708.173: [GC (Allocation Failure) [PSYoungGen: 189310K->9423K(193536K)] 506943K->328536K(603136K), 0.0023921 secs] [Times: user=0.00 sys=0.00, real=0.00 secs] 
2024-10-04T14:11:47.264+0300: 708.175: Total time for which application threads were stopped: 0.0027331 seconds, Stopping threads took: 0.0002121 seconds
2024-10-04T14:11:47.703+0300: 708.604: Application time: 0.4289175 seconds
2024-10-04T14:11:47.703+0300: 708.604: [GC (Allocation Failure) [PSYoungGen: 191598K->10135K(193536K)] 510711K->330017K(603136K), 0.0023078 secs] [Times: user=0.00 sys=0.00, real=0.00 secs] 
2024-10-04T14:11:47.703+0300: 708.607: Total time for which application threads were stopped: 0.0026243 seconds, Stopping threads took: 0.0001591 seconds
2024-10-04T14:11:47.891+0300: 708.800: Application time: 0.1932953 seconds
2024-10-04T14:11:47.891+0300: 708.800: [GC (Allocation Failure) [PSYoungGen: 192340K->10103K(193536K)] 512222K->332187K(603136K), 0.0024740 secs] [Times: user=0.00 sys=0.00, real=0.00 secs] 
2024-10-04T14:11:47.891+0300: 708.803: Total time for which application threads were stopped: 0.0027848 seconds, Stopping threads took: 0.0001815 seconds
2024-10-04T14:11:48.551+0300: 709.455: Application time: 0.6523974 seconds
2024-10-04T14:11:48.551+0300: 709.455: [GC (Allocation Failure) [PSYoungGen: 192218K->8710K(193536K)] 514302K->332971K(603136K), 0.0028413 secs] [Times: user=0.00 sys=0.00, real=0.00 secs] 
2024-10-04T14:11:48.551+0300: 709.458: Total time for which application threads were stopped: 0.0031660 seconds, Stopping threads took: 0.0001598 seconds
2024-10-04T14:11:48.725+0300: 709.625: Application time: 0.1664733 seconds
2024-10-04T14:11:48.725+0300: 709.625: [GC (Allocation Failure) [PSYoungGen: 190965K->9327K(193536K)] 515226K->334372K(603136K), 0.0023665 secs] [Times: user=0.00 sys=0.00, real=0.00 secs] 
2024-10-04T14:11:48.725+0300: 709.628: Total time for which application threads were stopped: 0.0027298 seconds, Stopping threads took: 0.0002214 seconds
2024-10-04T14:11:49.053+0300: 709.952: Application time: 0.3244823 seconds
2024-10-04T14:11:49.053+0300: 709.953: [GC (Allocation Failure) [PSYoungGen: 191472K->9422K(193536K)] 516518K->335237K(603136K), 0.0021333 secs] [Times: user=0.00 sys=0.00, real=0.00 secs] 
2024-10-04T14:11:49.053+0300: 709.955: Total time for which application threads were stopped: 0.0026662 seconds, Stopping threads took: 0.0004062 seconds
2024-10-04T14:11:49.461+0300: 710.363: Application time: 0.4087669 seconds
2024-10-04T14:11:49.461+0300: 710.364: [GC (Allocation Failure) [PSYoungGen: 191551K->9487K(193536K)] 517365K->337479K(603136K), 0.0023798 secs] [Times: user=0.00 sys=0.00, real=0.00 secs] 
2024-10-04T14:11:49.461+0300: 710.366: Total time for which application threads were stopped: 0.0027305 seconds, Stopping threads took: 0.0002097 seconds
2024-10-04T14:11:50.010+0300: 710.918: Application time: 0.5513471 seconds
2024-10-04T14:11:50.010+0300: 710.918: [GC (Allocation Failure) [PSYoungGen: 191647K->10880K(193536K)] 519639K->340345K(603136K), 0.0026118 secs] [Times: user=0.00 sys=0.00, real=0.00 secs] 
2024-10-04T14:11:50.010+0300: 710.921: Total time for which application threads were stopped: 0.0030150 seconds, Stopping threads took: 0.0002327 seconds
2024-10-04T14:11:50.198+0300: 711.096: Application time: 0.1749258 seconds
2024-10-04T14:11:50.198+0300: 711.096: [GC (Allocation Failure) [PSYoungGen: 193093K->9359K(193536K)] 522558K->341017K(603136K), 0.0024375 secs] [Times: user=0.00 sys=0.00, real=0.00 secs] 
2024-10-04T14:11:50.198+0300: 711.098: Total time for which application threads were stopped: 0.0027403 seconds, Stopping threads took: 0.0001474 seconds
2024-10-04T14:11:50.654+0300: 711.553: Application time: 0.4544553 seconds
2024-10-04T14:11:50.654+0300: 711.553: [GC (Allocation Failure) [PSYoungGen: 191490K->9487K(193536K)] 523149K->342610K(603136K), 0.0023347 secs] [Times: user=0.00 sys=0.00, real=0.00 secs] 
2024-10-04T14:11:50.654+0300: 711.556: Total time for which application threads were stopped: 0.0028044 seconds, Stopping threads took: 0.0002832 seconds
2024-10-04T14:11:50.983+0300: 711.885: Application time: 0.3299565 seconds
2024-10-04T14:11:50.983+0300: 711.886: [GC (Allocation Failure) [PSYoungGen: 191669K->9422K(193536K)] 524793K->343323K(603136K), 0.0021655 secs] [Times: user=0.00 sys=0.00, real=0.00 secs] 
2024-10-04T14:11:50.983+0300: 711.888: Total time for which application threads were stopped: 0.0024659 seconds, Stopping threads took: 0.0001681 seconds
2024-10-04T14:11:51.360+0300: 712.271: Application time: 0.3831562 seconds
2024-10-04T14:11:51.360+0300: 712.271: [GC (Allocation Failure) [PSYoungGen: 191523K->10167K(193536K)] 525423K->345532K(603136K), 0.0025405 secs] [Times: user=0.00 sys=0.00, real=0.02 secs] 
2024-10-04T14:11:51.375+0300: 712.274: Total time for which application threads were stopped: 0.0029258 seconds, Stopping threads took: 0.0002364 seconds
2024-10-04T14:11:51.783+0300: 712.689: Application time: 0.4154346 seconds
2024-10-04T14:11:51.783+0300: 712.690: [GC (Allocation Failure) [PSYoungGen: 192324K->9486K(193536K)] 527690K->347029K(603136K), 0.0023957 secs] [Times: user=0.00 sys=0.00, real=0.00 secs] 
2024-10-04T14:11:51.783+0300: 712.692: Total time for which application threads were stopped: 0.0027413 seconds, Stopping threads took: 0.0001902 seconds
2024-10-04T14:11:52.238+0300: 713.146: Application time: 0.4537900 seconds
2024-10-04T14:11:52.238+0300: 713.146: [GC (Allocation Failure) [PSYoungGen: 191651K->10103K(193536K)] 529194K->349127K(603136K), 0.0024871 secs] [Times: user=0.02 sys=0.00, real=0.01 secs] 
2024-10-04T14:11:52.251+0300: 713.149: Total time for which application threads were stopped: 0.0028960 seconds, Stopping threads took: 0.0002586 seconds
2024-10-04T14:11:52.568+0300: 713.467: Application time: 0.3178988 seconds
2024-10-04T14:11:52.568+0300: 713.467: [GC (Allocation Failure) [PSYoungGen: 192270K->9423K(193536K)] 531294K->349920K(603136K), 0.0023676 secs] [Times: user=0.00 sys=0.00, real=0.00 secs] 
2024-10-04T14:11:52.568+0300: 713.469: Total time for which application threads were stopped: 0.0026517 seconds, Stopping threads took: 0.0001127 seconds
2024-10-04T14:11:52.952+0300: 713.852: Application time: 0.3826245 seconds
2024-10-04T14:11:52.952+0300: 713.852: [GC (Allocation Failure) [PSYoungGen: 191539K->8710K(193536K)] 532036K->350680K(603136K), 0.0022070 secs] [Times: user=0.00 sys=0.00, real=0.00 secs] 
2024-10-04T14:11:52.952+0300: 713.855: Total time for which application threads were stopped: 0.0025020 seconds, Stopping threads took: 0.0001620 seconds
2024-10-04T14:11:53.211+0300: 714.117: Application time: 0.2623292 seconds
2024-10-04T14:11:53.211+0300: 714.117: [GC (Allocation Failure) [PSYoungGen: 190603K->9390K(194048K)] 532573K->352842K(603648K), 0.0022993 secs] [Times: user=0.00 sys=0.00, real=0.00 secs] 
2024-10-04T14:11:53.211+0300: 714.120: Total time for which application threads were stopped: 0.0027876 seconds, Stopping threads took: 0.0003051 seconds
2024-10-04T14:11:53.761+0300: 714.665: Application time: 0.5450140 seconds
2024-10-04T14:11:53.761+0300: 714.665: [GC (Allocation Failure) [PSYoungGen: 191861K->10167K(193536K)] 535312K->354407K(603136K), 0.0022802 secs] [Times: user=0.00 sys=0.00, real=0.00 secs] 
2024-10-04T14:11:53.761+0300: 714.667: Total time for which application threads were stopped: 0.0026286 seconds, Stopping threads took: 0.0001571 seconds
2024-10-04T14:11:54.169+0300: 715.072: Application time: 0.4051116 seconds
2024-10-04T14:11:54.169+0300: 715.073: [GC (Allocation Failure) [PSYoungGen: 192336K->9486K(194048K)] 536576K->355880K(603648K), 0.0024469 secs] [Times: user=0.00 sys=0.00, real=0.00 secs] 
2024-10-04T14:11:54.169+0300: 715.075: Total time for which application threads were stopped: 0.0028048 seconds, Stopping threads took: 0.0002002 seconds
2024-10-04T14:11:54.577+0300: 715.486: Application time: 0.4105828 seconds
2024-10-04T14:11:54.577+0300: 715.486: [GC (Allocation Failure) [PSYoungGen: 191662K->9423K(193536K)] 538056K->358009K(603136K), 0.0023753 secs] [Times: user=0.00 sys=0.00, real=0.00 secs] 
2024-10-04T14:11:54.577+0300: 715.489: Total time for which application threads were stopped: 0.0027643 seconds, Stopping threads took: 0.0002387 seconds
2024-10-04T14:11:54.953+0300: 715.850: Application time: 0.3614860 seconds
2024-10-04T14:11:54.953+0300: 715.850: [GC (Allocation Failure) [PSYoungGen: 191581K->8710K(194048K)] 540168K->358770K(603648K), 0.0021850 secs] [Times: user=0.00 sys=0.00, real=0.00 secs] 
2024-10-04T14:11:54.956+0300: 715.853: Total time for which application threads were stopped: 0.0025151 seconds, Stopping threads took: 0.0001819 seconds
2024-10-04T14:11:55.346+0300: 716.251: Application time: 0.3981891 seconds
2024-10-04T14:11:55.346+0300: 716.251: [GC (Allocation Failure) [PSYoungGen: 191617K->9422K(194048K)] 541677K->360251K(603648K), 0.0022219 secs] [Times: user=0.02 sys=0.00, real=0.01 secs] 
2024-10-04T14:11:55.356+0300: 716.253: Total time for which application threads were stopped: 0.0025696 seconds, Stopping threads took: 0.0002000 seconds
2024-10-04T14:11:55.488+0300: 716.388: Application time: 0.1343496 seconds
2024-10-04T14:11:55.488+0300: 716.388: [GC (Allocation Failure) [PSYoungGen: 192713K->8646K(194048K)] 543541K->360972K(603648K), 0.0022694 secs] [Times: user=0.00 sys=0.00, real=0.00 secs] 
2024-10-04T14:11:55.488+0300: 716.390: Total time for which application threads were stopped: 0.0026092 seconds, Stopping threads took: 0.0002017 seconds
2024-10-04T14:11:56.130+0300: 717.040: Application time: 0.6497190 seconds
2024-10-04T14:11:56.130+0300: 717.040: [GC (Allocation Failure) [PSYoungGen: 191829K->10167K(193536K)] 544155K->363994K(603136K), 0.0026049 secs] [Times: user=0.02 sys=0.00, real=0.01 secs] 
2024-10-04T14:11:56.145+0300: 717.043: Total time for which application threads were stopped: 0.0029433 seconds, Stopping threads took: 0.0001448 seconds
2024-10-04T14:11:56.522+0300: 717.421: Application time: 0.3782663 seconds
2024-10-04T14:11:56.522+0300: 717.422: [GC (Allocation Failure) [PSYoungGen: 193094K->8646K(193536K)] 546920K->363938K(603136K), 0.0022177 secs] [Times: user=0.00 sys=0.00, real=0.00 secs] 
2024-10-04T14:11:56.522+0300: 717.424: Total time for which application threads were stopped: 0.0025249 seconds, Stopping threads took: 0.0001568 seconds
2024-10-04T14:11:56.709+0300: 717.605: Application time: 0.1814856 seconds
2024-10-04T14:11:56.709+0300: 717.606: [GC (Allocation Failure) [PSYoungGen: 190594K->10135K(193536K)] 545886K->366900K(603136K), 0.0024111 secs] [Times: user=0.00 sys=0.00, real=0.00 secs] 
2024-10-04T14:11:56.709+0300: 717.608: Total time for which application threads were stopped: 0.0028036 seconds, Stopping threads took: 0.0002319 seconds
2024-10-04T14:11:57.180+0300: 718.090: Application time: 0.4821398 seconds
2024-10-04T14:11:57.180+0300: 718.091: [GC (Allocation Failure) [PSYoungGen: 191897K->9391K(193536K)] 548661K->367664K(603136K), 0.0024527 secs] [Times: user=0.02 sys=0.00, real=0.02 secs] 
2024-10-04T14:11:57.196+0300: 718.093: Total time for which application threads were stopped: 0.0028218 seconds, Stopping threads took: 0.0002338 seconds
2024-10-04T14:11:57.561+0300: 718.467: Application time: 0.3739052 seconds
2024-10-04T14:11:57.561+0300: 718.467: [GC (Allocation Failure) [PSYoungGen: 191600K->10135K(193536K)] 549874K->369161K(603136K), 0.0031524 secs] [Times: user=0.02 sys=0.00, real=0.01 secs] 
2024-10-04T14:11:57.573+0300: 718.471: Total time for which application threads were stopped: 0.0035766 seconds, Stopping threads took: 0.0002182 seconds
2024-10-04T14:11:57.777+0300: 718.673: Application time: 0.2027728 seconds
2024-10-04T14:11:57.777+0300: 718.674: [GC (Allocation Failure) [PSYoungGen: 192255K->10167K(193536K)] 551282K->370667K(603136K), 0.0024563 secs] [Times: user=0.02 sys=0.00, real=0.00 secs] 
2024-10-04T14:11:57.777+0300: 718.676: Total time for which application threads were stopped: 0.0027482 seconds, Stopping threads took: 0.0000931 seconds
2024-10-04T14:11:58.295+0300: 719.196: Application time: 0.5201560 seconds
2024-10-04T14:11:58.295+0300: 719.197: [GC (Allocation Failure) [PSYoungGen: 192293K->9359K(193536K)] 552793K->372060K(603136K), 0.0024181 secs] [Times: user=0.00 sys=0.00, real=0.00 secs] 
2024-10-04T14:11:58.295+0300: 719.199: Total time for which application threads were stopped: 0.0028221 seconds, Stopping threads took: 0.0001995 seconds
2024-10-04T14:11:58.797+0300: 719.703: Application time: 0.5037899 seconds
2024-10-04T14:11:58.797+0300: 719.703: [GC (Allocation Failure) [PSYoungGen: 191620K->10135K(193536K)] 554321K->373613K(603136K), 0.0024766 secs] [Times: user=0.00 sys=0.00, real=0.00 secs] 
2024-10-04T14:11:58.797+0300: 719.706: Total time for which application threads were stopped: 0.0028010 seconds, Stopping threads took: 0.0001780 seconds
2024-10-04T14:11:58.876+0300: 719.782: Application time: 0.0762564 seconds
2024-10-04T14:11:58.876+0300: 719.782: [GC (Allocation Failure) [PSYoungGen: 192335K->8646K(193536K)] 555813K->373604K(603136K), 0.0022162 secs] [Times: user=0.00 sys=0.00, real=0.00 secs] 
2024-10-04T14:11:58.876+0300: 719.785: Total time for which application threads were stopped: 0.0025964 seconds, Stopping threads took: 0.0002404 seconds
2024-10-04T14:11:59.361+0300: 720.260: Application time: 0.4752859 seconds
2024-10-04T14:11:59.361+0300: 720.260: [GC (Allocation Failure) [PSYoungGen: 190729K->10880K(192512K)] 555687K->377319K(602112K), 0.0026337 secs] [Times: user=0.00 sys=0.00, real=0.00 secs] 
2024-10-04T14:11:59.364+0300: 720.263: Total time for which application threads were stopped: 0.0029491 seconds, Stopping threads took: 0.0001440 seconds
2024-10-04T14:11:59.895+0300: 720.793: Application time: 0.5299828 seconds
2024-10-04T14:11:59.895+0300: 720.793: [GC (Allocation Failure) [PSYoungGen: 191693K->10199K(193024K)] 558133K->378104K(602624K), 0.0024485 secs] [Times: user=0.00 sys=0.00, real=0.00 secs] 
2024-10-04T14:11:59.895+0300: 720.795: Total time for which application threads were stopped: 0.0027405 seconds, Stopping threads took: 0.0001460 seconds
2024-10-04T14:11:59.942+0300: 720.847: Application time: 0.0516585 seconds
2024-10-04T14:11:59.942+0300: 720.847: [GC (Allocation Failure) [PSYoungGen: 190948K->8614K(193024K)] 558852K->378728K(602624K), 0.0022973 secs] [Times: user=0.00 sys=0.00, real=0.00 secs] 
2024-10-04T14:11:59.942+0300: 720.850: Total time for which application threads were stopped: 0.0025796 seconds, Stopping threads took: 0.0001405 seconds
2024-10-04T14:12:00.466+0300: 721.366: Application time: 0.5163880 seconds
2024-10-04T14:12:00.466+0300: 721.366: [GC (Allocation Failure) [PSYoungGen: 189264K->9391K(193024K)] 559378K->380266K(602624K), 0.0025066 secs] [Times: user=0.00 sys=0.00, real=0.00 secs] 
2024-10-04T14:12:00.466+0300: 721.369: Total time for which application threads were stopped: 0.0029107 seconds, Stopping threads took: 0.0002057 seconds
2024-10-04T14:12:00.994+0300: 721.904: Application time: 0.5346999 seconds
2024-10-04T14:12:00.994+0300: 721.904: [GC (Allocation Failure) [PSYoungGen: 190079K->10912K(192512K)] 560954K->382539K(602112K), 0.0026123 secs] [Times: user=0.02 sys=0.00, real=0.02 secs] 
2024-10-04T14:12:01.010+0300: 721.907: Total time for which application threads were stopped: 0.0030338 seconds, Stopping threads took: 0.0002399 seconds
2024-10-04T14:12:01.119+0300: 722.028: Application time: 0.1214330 seconds
2024-10-04T14:12:01.119+0300: 722.028: [GC (Allocation Failure) [PSYoungGen: 191641K->8646K(193024K)] 563269K->382483K(602624K), 0.0025527 secs] [Times: user=0.03 sys=0.00, real=0.02 secs] 
2024-10-04T14:12:01.135+0300: 722.031: Total time for which application threads were stopped: 0.0029088 seconds, Stopping threads took: 0.0001858 seconds
2024-10-04T14:12:01.622+0300: 722.523: Application time: 0.4917999 seconds
2024-10-04T14:12:01.622+0300: 722.523: [GC (Allocation Failure) [PSYoungGen: 189308K->10167K(193024K)] 563145K->384765K(602624K), 0.0023894 secs] [Times: user=0.00 sys=0.00, real=0.00 secs] 
2024-10-04T14:12:01.622+0300: 722.526: Total time for which application threads were stopped: 0.0027910 seconds, Stopping threads took: 0.0001951 seconds
2024-10-04T14:12:01.935+0300: 722.845: Application time: 0.3196620 seconds
2024-10-04T14:12:01.935+0300: 722.846: [GC (Allocation Failure) [PSYoungGen: 190919K->9358K(193024K)] 565516K->385453K(602624K), 0.0025228 secs] [Times: user=0.02 sys=0.00, real=0.02 secs] 
2024-10-04T14:12:01.950+0300: 722.848: Total time for which application threads were stopped: 0.0029244 seconds, Stopping threads took: 0.0002435 seconds
2024-10-04T14:12:02.296+0300: 723.202: Application time: 0.3539859 seconds
2024-10-04T14:12:02.296+0300: 723.203: [GC (Allocation Failure) [PSYoungGen: 190023K->10199K(193024K)] 566118K->387046K(602624K), 0.0023709 secs] [Times: user=0.00 sys=0.00, real=0.00 secs] 
2024-10-04T14:12:02.296+0300: 723.205: Total time for which application threads were stopped: 0.0026664 seconds, Stopping threads took: 0.0001565 seconds
2024-10-04T14:12:02.704+0300: 723.611: Application time: 0.4063656 seconds
2024-10-04T14:12:02.704+0300: 723.612: [GC (Allocation Failure) [PSYoungGen: 190894K->9391K(193024K)] 567741K->389152K(602624K), 0.0027095 secs] [Times: user=0.00 sys=0.00, real=0.00 secs] 
2024-10-04T14:12:02.704+0300: 723.614: Total time for which application threads were stopped: 0.0030481 seconds, Stopping threads took: 0.0001478 seconds
2024-10-04T14:12:03.175+0300: 724.079: Application time: 0.4647059 seconds
2024-10-04T14:12:03.175+0300: 724.079: [GC (Allocation Failure) [PSYoungGen: 190112K->9487K(193536K)] 569874K->390713K(603136K), 0.0024074 secs] [Times: user=0.00 sys=0.00, real=0.00 secs] 
2024-10-04T14:12:03.175+0300: 724.082: Total time for which application threads were stopped: 0.0027586 seconds, Stopping threads took: 0.0002178 seconds
2024-10-04T14:12:03.441+0300: 724.339: Application time: 0.2573476 seconds
2024-10-04T14:12:03.441+0300: 724.339: [GC (Allocation Failure) [PSYoungGen: 190928K->9422K(193024K)] 572155K->391417K(602624K), 0.0021397 secs] [Times: user=0.00 sys=0.00, real=0.00 secs] 
2024-10-04T14:12:03.441+0300: 724.342: Total time for which application threads were stopped: 0.0024536 seconds, Stopping threads took: 0.0001669 seconds
2024-10-04T14:12:03.872+0300: 724.774: Application time: 0.4327884 seconds
2024-10-04T14:12:03.872+0300: 724.775: [GC (Allocation Failure) [PSYoungGen: 190842K->9390K(193536K)] 572837K->393571K(603136K), 0.0025454 secs] [Times: user=0.00 sys=0.00, real=0.01 secs] 
2024-10-04T14:12:03.880+0300: 724.777: Total time for which application threads were stopped: 0.0028688 seconds, Stopping threads took: 0.0001814 seconds
2024-10-04T14:12:04.273+0300: 725.176: Application time: 0.3984569 seconds
2024-10-04T14:12:04.273+0300: 725.176: [GC (Allocation Failure) [PSYoungGen: 191571K->8710K(193536K)] 575751K->394371K(603136K), 0.0022366 secs] [Times: user=0.00 sys=0.00, real=0.00 secs] 
2024-10-04T14:12:04.273+0300: 725.178: Total time for which application threads were stopped: 0.0025184 seconds, Stopping threads took: 0.0001510 seconds
2024-10-04T14:12:04.696+0300: 725.600: Application time: 0.4219848 seconds
2024-10-04T14:12:04.696+0300: 725.601: [GC (Allocation Failure) [PSYoungGen: 190835K->10167K(193536K)] 576497K->396589K(603136K), 0.0023186 secs] [Times: user=0.00 sys=0.00, real=0.00 secs] 
2024-10-04T14:12:04.696+0300: 725.603: Total time for which application threads were stopped: 0.0027253 seconds, Stopping threads took: 0.0002713 seconds
2024-10-04T14:12:05.041+0300: 725.946: Application time: 0.3426542 seconds
2024-10-04T14:12:05.041+0300: 725.946: [GC (Allocation Failure) [PSYoungGen: 192314K->10135K(193536K)] 578736K->398030K(603136K), 0.0022715 secs] [Times: user=0.00 sys=0.00, real=0.00 secs] 
2024-10-04T14:12:05.041+0300: 725.948: Total time for which application threads were stopped: 0.0025590 seconds, Stopping threads took: 0.0001466 seconds
2024-10-04T14:12:05.480+0300: 726.383: Application time: 0.4351079 seconds
2024-10-04T14:12:05.480+0300: 726.384: [GC (Allocation Failure) [PSYoungGen: 192302K->9455K(193536K)] 580197K->399527K(603136K), 0.0023993 secs] [Times: user=0.00 sys=0.00, real=0.00 secs] 
2024-10-04T14:12:05.480+0300: 726.386: Total time for which application threads were stopped: 0.0027548 seconds, Stopping threads took: 0.0002168 seconds
2024-10-04T14:12:05.826+0300: 726.732: Application time: 0.3455329 seconds
2024-10-04T14:12:05.826+0300: 726.732: [GC (Allocation Failure) [PSYoungGen: 191634K->10199K(193536K)] 581707K->401024K(603136K), 0.0024194 secs] [Times: user=0.02 sys=0.00, real=0.00 secs] 
2024-10-04T14:12:05.826+0300: 726.734: Total time for which application threads were stopped: 0.0028144 seconds, Stopping threads took: 0.0002416 seconds
2024-10-04T14:12:06.296+0300: 727.200: Application time: 0.4655747 seconds
2024-10-04T14:12:06.296+0300: 727.200: [GC (Allocation Failure) [PSYoungGen: 192323K->9422K(193536K)] 583148K->402433K(603136K), 0.0023855 secs] [Times: user=0.00 sys=0.00, real=0.00 secs] 
2024-10-04T14:12:06.296+0300: 727.203: Total time for which application threads were stopped: 0.0026909 seconds, Stopping threads took: 0.0001661 seconds
2024-10-04T14:12:06.735+0300: 727.639: Application time: 0.4363874 seconds
2024-10-04T14:12:06.735+0300: 727.639: [GC (Allocation Failure) [PSYoungGen: 191577K->8742K(193536K)] 584588K->403234K(603136K), 0.0022745 secs] [Times: user=0.00 sys=0.00, real=0.00 secs] 
2024-10-04T14:12:06.735+0300: 727.642: Total time for which application threads were stopped: 0.0025802 seconds, Stopping threads took: 0.0001691 seconds
2024-10-04T14:12:07.096+0300: 728.002: Application time: 0.3603329 seconds
2024-10-04T14:12:07.096+0300: 728.002: [GC (Allocation Failure) [PSYoungGen: 190917K->9423K(193536K)] 585409K->405395K(603136K), 0.0024305 secs] [Times: user=0.00 sys=0.00, real=0.00 secs] 
2024-10-04T14:12:07.096+0300: 728.005: Total time for which application threads were stopped: 0.0027800 seconds, Stopping threads took: 0.0001900 seconds
2024-10-04T14:12:07.457+0300: 728.366: Application time: 0.3614523 seconds
2024-10-04T14:12:07.457+0300: 728.367: [GC (Allocation Failure) [PSYoungGen: 191602K->9422K(193536K)] 587575K->406877K(603136K), 0.0025579 secs] [Times: user=0.00 sys=0.00, real=0.02 secs] 
2024-10-04T14:12:07.473+0300: 728.369: Total time for which application threads were stopped: 0.0028935 seconds, Stopping threads took: 0.0001711 seconds
2024-10-04T14:12:07.850+0300: 728.753: Application time: 0.3836405 seconds
2024-10-04T14:12:07.850+0300: 728.753: [GC (Allocation Failure) [PSYoungGen: 191596K->9454K(194048K)] 589050K->408382K(603648K), 0.0025100 secs] [Times: user=0.00 sys=0.00, real=0.00 secs] 
2024-10-04T14:12:07.850+0300: 728.756: Total time for which application threads were stopped: 0.0029693 seconds, Stopping threads took: 0.0002883 seconds
2024-10-04T14:12:08.211+0300: 729.112: Application time: 0.3566045 seconds
2024-10-04T14:12:08.211+0300: 729.113: [GC (Allocation Failure) [PSYoungGen: 192091K->10199K(193536K)] 591018K->410591K(603136K), 0.0025639 secs] [Times: user=0.00 sys=0.00, real=0.00 secs] 
2024-10-04T14:12:08.211+0300: 729.115: Total time for which application threads were stopped: 0.0029093 seconds, Stopping threads took: 0.0001573 seconds
2024-10-04T14:12:08.649+0300: 729.547: Application time: 0.4315071 seconds
2024-10-04T14:12:08.649+0300: 729.547: [GC (Allocation Failure) [PSYoungGen: 192362K->9454K(194048K)] 592755K->411352K(603648K), 0.0024682 secs] [Times: user=0.00 sys=0.00, real=0.00 secs] 
2024-10-04T14:12:08.649+0300: 729.550: Total time for which application threads were stopped: 0.0027804 seconds, Stopping threads took: 0.0001664 seconds
2024-10-04T14:12:09.057+0300: 729.965: Application time: 0.4155737 seconds
2024-10-04T14:12:09.057+0300: 729.965: [GC (Allocation Failure) [PSYoungGen: 191654K->10167K(193536K)] 593552K->413537K(603136K), 0.0024203 secs] [Times: user=0.00 sys=0.00, real=0.00 secs] 
2024-10-04T14:12:09.057+0300: 729.968: Total time for which application threads were stopped: 0.0027740 seconds, Stopping threads took: 0.0002229 seconds
2024-10-04T14:12:09.483+0300: 730.387: Application time: 0.4191343 seconds
2024-10-04T14:12:09.483+0300: 730.387: [GC (Allocation Failure) [PSYoungGen: 192627K->10135K(193536K)] 595997K->414978K(603136K), 0.0024283 secs] [Times: user=0.00 sys=0.00, real=0.00 secs] 
2024-10-04T14:12:09.483+0300: 730.390: Total time for which application threads were stopped: 0.0027288 seconds, Stopping threads took: 0.0001416 seconds
2024-10-04T14:12:09.858+0300: 730.762: Application time: 0.3718490 seconds
2024-10-04T14:12:09.858+0300: 730.762: [GC (Allocation Failure) [PSYoungGen: 192276K->9423K(193536K)] 597119K->416419K(603136K), 0.0024440 secs] [Times: user=0.00 sys=0.00, real=0.00 secs] 
2024-10-04T14:12:09.858+0300: 730.764: Total time for which application threads were stopped: 0.0028195 seconds, Stopping threads took: 0.0002276 seconds
2024-10-04T14:12:10.188+0300: 731.087: Application time: 0.3229205 seconds
2024-10-04T14:12:10.188+0300: 731.088: [GC (Allocation Failure) [PSYoungGen: 191308K->8742K(193536K)] 598305K->417220K(603136K), 0.0031436 secs] [Times: user=0.00 sys=0.00, real=0.00 secs] 
2024-10-04T14:12:10.188+0300: 731.091: [Full GC (Ergonomics) [PSYoungGen: 8742K->0K(193536K)] [ParOldGen: 408478K->16734K(409600K)] 417220K->16734K(603136K), [Metaspace: 8301K->8301K(1056768K)], 0.0075874 secs] [Times: user=0.00 sys=0.00, real=0.00 secs] 
2024-10-04T14:12:10.188+0300: 731.099: Total time for which application threads were stopped: 0.0111398 seconds, Stopping threads took: 0.0001863 seconds
2024-10-04T14:12:10.439+0300: 731.341: Application time: 0.2427352 seconds
2024-10-04T14:12:10.439+0300: 731.342: [GC (Allocation Failure) [PSYoungGen: 182149K->10135K(193536K)] 198884K->26870K(603136K), 0.0020013 secs] [Times: user=0.00 sys=0.00, real=0.00 secs] 
2024-10-04T14:12:10.439+0300: 731.344: Total time for which application threads were stopped: 0.0023194 seconds, Stopping threads took: 0.0001762 seconds
2024-10-04T14:12:10.925+0300: 731.836: Application time: 0.4928178 seconds
2024-10-04T14:12:10.925+0300: 731.837: [GC (Allocation Failure) [PSYoungGen: 192234K->10199K(193536K)] 208969K->28399K(603136K), 0.0023382 secs] [Times: user=0.02 sys=0.00, real=0.02 secs] 
2024-10-04T14:12:10.941+0300: 731.839: Total time for which application threads were stopped: 0.0027134 seconds, Stopping threads took: 0.0002332 seconds
2024-10-04T14:12:11.443+0300: 732.353: Application time: 0.5142173 seconds
2024-10-04T14:12:11.443+0300: 732.354: [GC (Allocation Failure) [PSYoungGen: 192314K->9422K(193536K)] 210514K->29096K(603136K), 0.0020702 secs] [Times: user=0.01 sys=0.00, real=0.02 secs] 
2024-10-04T14:12:11.459+0300: 732.356: Total time for which application threads were stopped: 0.0023878 seconds, Stopping threads took: 0.0001837 seconds
2024-10-04T14:12:11.710+0300: 732.618: Application time: 0.2621215 seconds
2024-10-04T14:12:11.710+0300: 732.618: [GC (Allocation Failure) [PSYoungGen: 191639K->9390K(193536K)] 211312K->31257K(603136K), 0.0022777 secs] [Times: user=0.00 sys=0.00, real=0.00 secs] 
2024-10-04T14:12:11.710+0300: 732.621: Total time for which application threads were stopped: 0.0026968 seconds, Stopping threads took: 0.0002217 seconds
2024-10-04T14:12:12.149+0300: 733.048: Application time: 0.4274353 seconds
2024-10-04T14:12:12.149+0300: 733.048: [GC (Allocation Failure) [PSYoungGen: 191566K->10167K(193536K)] 213433K->33507K(603136K), 0.0020768 secs] [Times: user=0.00 sys=0.00, real=0.00 secs] 
2024-10-04T14:12:12.149+0300: 733.051: Total time for which application threads were stopped: 0.0024918 seconds, Stopping threads took: 0.0002281 seconds
2024-10-04T14:12:12.526+0300: 733.431: Application time: 0.3803381 seconds
2024-10-04T14:12:12.526+0300: 733.431: [GC (Allocation Failure) [PSYoungGen: 192339K->9454K(193536K)] 215679K->34267K(603136K), 0.0023004 secs] [Times: user=0.00 sys=0.00, real=0.00 secs] 
2024-10-04T14:12:12.526+0300: 733.434: Total time for which application threads were stopped: 0.0026830 seconds, Stopping threads took: 0.0001592 seconds
2024-10-04T14:12:12.714+0300: 733.613: Application time: 0.1789890 seconds
2024-10-04T14:12:12.714+0300: 733.613: [GC (Allocation Failure) [PSYoungGen: 191598K->9423K(193536K)] 216411K->35716K(603136K), 0.0020808 secs] [Times: user=0.00 sys=0.00, real=0.00 secs] 
2024-10-04T14:12:12.714+0300: 733.615: Total time for which application threads were stopped: 0.0024333 seconds, Stopping threads took: 0.0002011 seconds
2024-10-04T14:12:13.138+0300: 734.040: Application time: 0.4253785 seconds
2024-10-04T14:12:13.138+0300: 734.041: [GC (Allocation Failure) [PSYoungGen: 191518K->10135K(193536K)] 217812K->37198K(603136K), 0.0021319 secs] [Times: user=0.00 sys=0.00, real=0.00 secs] 
2024-10-04T14:12:13.138+0300: 734.043: Total time for which application threads were stopped: 0.0025625 seconds, Stopping threads took: 0.0002302 seconds
2024-10-04T14:12:13.515+0300: 734.422: Application time: 0.3792420 seconds
2024-10-04T14:12:13.515+0300: 734.422: [GC (Allocation Failure) [PSYoungGen: 192311K->10199K(193536K)] 219374K->38727K(603136K), 0.0021514 secs] [Times: user=0.00 sys=0.00, real=0.00 secs] 
2024-10-04T14:12:13.515+0300: 734.425: Total time for which application threads were stopped: 0.0024817 seconds, Stopping threads took: 0.0001777 seconds
2024-10-04T14:12:13.845+0300: 734.744: Application time: 0.3196485 seconds
2024-10-04T14:12:13.845+0300: 734.745: [GC (Allocation Failure) [PSYoungGen: 192374K->10167K(193536K)] 220901K->40159K(603136K), 0.0021482 secs] [Times: user=0.00 sys=0.00, real=0.00 secs] 
2024-10-04T14:12:13.845+0300: 734.747: Total time for which application threads were stopped: 0.0024442 seconds, Stopping threads took: 0.0001528 seconds
2024-10-04T14:12:14.425+0300: 735.329: Application time: 0.5827244 seconds
2024-10-04T14:12:14.425+0300: 735.330: [GC (Allocation Failure) [PSYoungGen: 192246K->9487K(193536K)] 222239K->42369K(603136K), 0.0022717 secs] [Times: user=0.00 sys=0.00, real=0.00 secs] 
2024-10-04T14:12:14.425+0300: 735.332: Total time for which application threads were stopped: 0.0026486 seconds, Stopping threads took: 0.0002244 seconds
2024-10-04T14:12:14.770+0300: 735.675: Application time: 0.3428415 seconds
2024-10-04T14:12:14.770+0300: 735.675: [GC (Allocation Failure) [PSYoungGen: 191744K->10135K(193536K)] 224626K->43786K(603136K), 0.0022799 secs] [Times: user=0.00 sys=0.00, real=0.00 secs] 
2024-10-04T14:12:14.770+0300: 735.678: Total time for which application threads were stopped: 0.0026685 seconds, Stopping threads took: 0.0001692 seconds
2024-10-04T14:12:15.038+0300: 735.936: Application time: 0.2585189 seconds
2024-10-04T14:12:15.038+0300: 735.936: [GC (Allocation Failure) [PSYoungGen: 192239K->9455K(193536K)] 225890K->44579K(603136K), 0.0020293 secs] [Times: user=0.00 sys=0.00, real=0.00 secs] 
2024-10-04T14:12:15.038+0300: 735.939: Total time for which application threads were stopped: 0.0024023 seconds, Stopping threads took: 0.0002134 seconds
2024-10-04T14:12:15.383+0300: 736.282: Application time: 0.3438312 seconds
2024-10-04T14:12:15.383+0300: 736.283: [GC (Allocation Failure) [PSYoungGen: 191578K->9390K(193536K)] 226702K->46004K(603136K), 0.0022551 secs] [Times: user=0.00 sys=0.00, real=0.00 secs] 
2024-10-04T14:12:15.383+0300: 736.285: Total time for which application threads were stopped: 0.0026019 seconds, Stopping threads took: 0.0001339 seconds
2024-10-04T14:12:15.775+0300: 736.677: Application time: 0.3916833 seconds
2024-10-04T14:12:15.775+0300: 736.677: [GC (Allocation Failure) [PSYoungGen: 191626K->9454K(193536K)] 228239K->47533K(603136K), 0.0021927 secs] [Times: user=0.02 sys=0.02, real=0.00 secs] 
2024-10-04T14:12:15.775+0300: 736.679: Total time for which application threads were stopped: 0.0024991 seconds, Stopping threads took: 0.0001315 seconds
2024-10-04T14:12:16.199+0300: 737.095: Application time: 0.4159444 seconds
2024-10-04T14:12:16.199+0300: 737.095: [GC (Allocation Failure) [PSYoungGen: 191594K->9454K(194048K)] 229673K->49006K(603648K), 0.0020704 secs] [Times: user=0.00 sys=0.00, real=0.00 secs] 
2024-10-04T14:12:16.199+0300: 737.097: Total time for which application threads were stopped: 0.0023436 seconds, Stopping threads took: 0.0001164 seconds
2024-10-04T14:12:16.637+0300: 737.536: Application time: 0.4380471 seconds
2024-10-04T14:12:16.637+0300: 737.536: [GC (Allocation Failure) [PSYoungGen: 192336K->9391K(194048K)] 231887K->51128K(603648K), 0.0021729 secs] [Times: user=0.00 sys=0.00, real=0.00 secs] 
2024-10-04T14:12:16.637+0300: 737.539: Total time for which application threads were stopped: 0.0030659 seconds, Stopping threads took: 0.0007288 seconds
2024-10-04T14:12:16.998+0300: 737.908: Application time: 0.3693742 seconds
2024-10-04T14:12:16.998+0300: 737.908: [GC (Allocation Failure) [PSYoungGen: 192302K->10167K(194048K)] 234039K->52665K(603648K), 0.0021947 secs] [Times: user=0.01 sys=0.00, real=0.02 secs] 
2024-10-04T14:12:17.014+0300: 737.910: Total time for which application threads were stopped: 0.0025015 seconds, Stopping threads took: 0.0001597 seconds
2024-10-04T14:12:17.312+0300: 738.221: Application time: 0.3106579 seconds
2024-10-04T14:12:17.312+0300: 738.221: [GC (Allocation Failure) [PSYoungGen: 193070K->10167K(193536K)] 235567K->54138K(603136K), 0.0022257 secs] [Times: user=0.00 sys=0.00, real=0.00 secs] 
2024-10-04T14:12:17.312+0300: 738.224: Total time for which application threads were stopped: 0.0024917 seconds, Stopping threads took: 0.0001109 seconds
2024-10-04T14:12:17.814+0300: 738.713: Application time: 0.4889360 seconds
2024-10-04T14:12:17.814+0300: 738.713: [GC (Allocation Failure) [PSYoungGen: 193038K->8678K(193536K)] 237008K->54834K(603136K), 0.0020079 secs] [Times: user=0.00 sys=0.00, real=0.00 secs] 
2024-10-04T14:12:17.814+0300: 738.715: Total time for which application threads were stopped: 0.0022986 seconds, Stopping threads took: 0.0001560 seconds
2024-10-04T14:12:18.175+0300: 739.080: Application time: 0.3647423 seconds
2024-10-04T14:12:18.175+0300: 739.080: [GC (Allocation Failure) [PSYoungGen: 190861K->9454K(193536K)] 237017K->57084K(603136K), 0.0020978 secs] [Times: user=0.00 sys=0.00, real=0.00 secs] 
2024-10-04T14:12:18.175+0300: 739.082: Total time for which application threads were stopped: 0.0024119 seconds, Stopping threads took: 0.0001661 seconds
2024-10-04T14:12:18.537+0300: 739.444: Application time: 0.3620193 seconds
2024-10-04T14:12:18.537+0300: 739.444: [GC (Allocation Failure) [PSYoungGen: 191616K->10135K(193536K)] 239245K->59237K(603136K), 0.0024609 secs] [Times: user=0.00 sys=0.00, real=0.00 secs] 
2024-10-04T14:12:18.537+0300: 739.447: Total time for which application threads were stopped: 0.0028429 seconds, Stopping threads took: 0.0001948 seconds
2024-10-04T14:12:18.929+0300: 739.838: Application time: 0.3916108 seconds
2024-10-04T14:12:18.929+0300: 739.839: [GC (Allocation Failure) [PSYoungGen: 192309K->8710K(193536K)] 241411K->59998K(603136K), 0.0021453 secs] [Times: user=0.01 sys=0.00, real=0.02 secs] 
2024-10-04T14:12:18.945+0300: 739.841: Total time for which application threads were stopped: 0.0024714 seconds, Stopping threads took: 0.0001738 seconds
2024-10-04T14:12:19.321+0300: 740.229: Application time: 0.3876827 seconds
2024-10-04T14:12:19.321+0300: 740.229: [GC (Allocation Failure) [PSYoungGen: 190871K->9422K(193536K)] 242159K->61463K(603136K), 0.0020629 secs] [Times: user=0.02 sys=0.00, real=0.00 secs] 
2024-10-04T14:12:19.321+0300: 740.231: Total time for which application threads were stopped: 0.0024121 seconds, Stopping threads took: 0.0001847 seconds
2024-10-04T14:12:19.666+0300: 740.577: Application time: 0.3461391 seconds
2024-10-04T14:12:19.666+0300: 740.578: [GC (Allocation Failure) [PSYoungGen: 191299K->10167K(193536K)] 243340K->63672K(603136K), 0.0023057 secs] [Times: user=0.06 sys=0.00, real=0.02 secs] 
2024-10-04T14:12:19.682+0300: 740.580: Total time for which application threads were stopped: 0.0029037 seconds, Stopping threads took: 0.0003925 seconds
2024-10-04T14:12:20.122+0300: 741.022: Application time: 0.4415744 seconds
2024-10-04T14:12:20.122+0300: 741.022: [GC (Allocation Failure) [PSYoungGen: 191910K->9455K(193536K)] 245416K->64457K(603136K), 0.0020761 secs] [Times: user=0.00 sys=0.00, real=0.00 secs] 
2024-10-04T14:12:20.122+0300: 741.024: Total time for which application threads were stopped: 0.0023255 seconds, Stopping threads took: 0.0001053 seconds
2024-10-04T14:12:20.513+0300: 741.415: Application time: 0.3912731 seconds
2024-10-04T14:12:20.513+0300: 741.416: [GC (Allocation Failure) [PSYoungGen: 191608K->9422K(193536K)] 246611K->65874K(603136K), 0.0021032 secs] [Times: user=0.00 sys=0.00, real=0.00 secs] 
2024-10-04T14:12:20.513+0300: 741.418: Total time for which application threads were stopped: 0.0024697 seconds, Stopping threads took: 0.0001780 seconds
2024-10-04T14:12:20.906+0300: 741.805: Application time: 0.3872640 seconds
2024-10-04T14:12:20.906+0300: 741.805: [GC (Allocation Failure) [PSYoungGen: 191564K->10167K(193024K)] 248016K->68092K(602624K), 0.0021935 secs] [Times: user=0.00 sys=0.00, real=0.00 secs] 
2024-10-04T14:12:20.906+0300: 741.808: Total time for which application threads were stopped: 0.0025003 seconds, Stopping threads took: 0.0001461 seconds
2024-10-04T14:12:21.305+0300: 742.207: Application time: 0.3993808 seconds
2024-10-04T14:12:21.305+0300: 742.207: [GC (Allocation Failure) [PSYoungGen: 192058K->7349K(193536K)] 249982K->67451K(603136K), 0.0017738 secs] [Times: user=0.00 sys=0.00, real=0.00 secs] 
2024-10-04T14:12:21.305+0300: 742.209: Total time for which application threads were stopped: 0.0023599 seconds, Stopping threads took: 0.0004313 seconds
2024-10-04T14:12:21.690+0300: 742.588: Application time: 0.3788242 seconds
2024-10-04T14:12:21.690+0300: 742.588: [GC (Allocation Failure) [PSYoungGen: 189079K->9454K(193536K)] 249182K->70357K(603136K), 0.0019111 secs] [Times: user=0.00 sys=0.00, real=0.00 secs] 
2024-10-04T14:12:21.690+0300: 742.590: Total time for which application threads were stopped: 0.0022385 seconds, Stopping threads took: 0.0001549 seconds
2024-10-04T14:12:21.926+0300: 742.824: Application time: 0.2336813 seconds
2024-10-04T14:12:21.926+0300: 742.824: [GC (Allocation Failure) [PSYoungGen: 191304K->10135K(193536K)] 252207K->72487K(603136K), 0.0022590 secs] [Times: user=0.00 sys=0.00, real=0.00 secs] 
2024-10-04T14:12:21.926+0300: 742.827: Total time for which application threads were stopped: 0.0026000 seconds, Stopping threads took: 0.0001699 seconds
2024-10-04T14:12:22.444+0300: 743.350: Application time: 0.5229978 seconds
2024-10-04T14:12:22.444+0300: 743.350: [GC (Allocation Failure) [PSYoungGen: 192275K->10880K(192512K)] 254627K->74733K(602112K), 0.0024666 secs] [Times: user=0.00 sys=0.00, real=0.00 secs] 
2024-10-04T14:12:22.444+0300: 743.353: Total time for which application threads were stopped: 0.0030352 seconds, Stopping threads took: 0.0002794 seconds
2024-10-04T14:12:22.883+0300: 743.787: Application time: 0.4341203 seconds
2024-10-04T14:12:22.883+0300: 743.787: [GC (Allocation Failure) [PSYoungGen: 191887K->8710K(193024K)] 255740K->74756K(602624K), 0.0025492 secs] [Times: user=0.00 sys=0.00, real=0.00 secs] 
2024-10-04T14:12:22.883+0300: 743.790: Total time for which application threads were stopped: 0.0028744 seconds, Stopping threads took: 0.0001428 seconds
2024-10-04T14:12:23.071+0300: 743.972: Application time: 0.1822718 seconds
2024-10-04T14:12:23.071+0300: 743.972: [GC (Allocation Failure) [PSYoungGen: 189900K->9486K(193536K)] 255947K->76254K(603136K), 0.0020359 secs] [Times: user=0.00 sys=0.00, real=0.00 secs] 
2024-10-04T14:12:23.071+0300: 743.974: Total time for which application threads were stopped: 0.0023771 seconds, Stopping threads took: 0.0002011 seconds
2024-10-04T14:12:23.589+0300: 744.499: Application time: 0.5249078 seconds
2024-10-04T14:12:23.589+0300: 744.500: [GC (Allocation Failure) [PSYoungGen: 190912K->9359K(193024K)] 257680K->78355K(602624K), 0.0022750 secs] [Times: user=0.01 sys=0.00, real=0.02 secs] 
2024-10-04T14:12:23.605+0300: 744.502: Total time for which application threads were stopped: 0.0027845 seconds, Stopping threads took: 0.0003260 seconds
2024-10-04T14:12:24.107+0300: 745.004: Application time: 0.5024516 seconds
2024-10-04T14:12:24.107+0300: 745.005: [GC (Allocation Failure) [PSYoungGen: 191078K->10167K(193536K)] 260074K->79212K(603136K), 0.0019480 secs] [Times: user=0.00 sys=0.00, real=0.00 secs] 
2024-10-04T14:12:24.110+0300: 745.007: Total time for which application threads were stopped: 0.0022672 seconds, Stopping threads took: 0.0001712 seconds
2024-10-04T14:12:24.248+0300: 745.153: Application time: 0.1457957 seconds
2024-10-04T14:12:24.248+0300: 745.153: [GC (Allocation Failure) [PSYoungGen: 192093K->10167K(193536K)] 261138K->81365K(603136K), 0.0023329 secs] [Times: user=0.02 sys=0.00, real=0.00 secs] 
2024-10-04T14:12:24.248+0300: 745.155: Total time for which application threads were stopped: 0.0027049 seconds, Stopping threads took: 0.0002243 seconds
2024-10-04T14:12:24.798+0300: 745.694: Application time: 0.5383554 seconds
2024-10-04T14:12:24.798+0300: 745.694: [GC (Allocation Failure) [PSYoungGen: 192319K->10199K(192512K)] 263517K->82898K(602112K), 0.0022802 secs] [Times: user=0.00 sys=0.00, real=0.00 secs] 
2024-10-04T14:12:24.798+0300: 745.696: Total time for which application threads were stopped: 0.0027013 seconds, Stopping threads took: 0.0002125 seconds
2024-10-04T14:12:25.128+0300: 746.026: Application time: 0.3299611 seconds
2024-10-04T14:12:25.128+0300: 746.027: [GC (Allocation Failure) [PSYoungGen: 191001K->9358K(193024K)] 263701K->83547K(602624K), 0.0020582 secs] [Times: user=0.00 sys=0.00, real=0.00 secs] 
2024-10-04T14:12:25.128+0300: 746.029: Total time for which application threads were stopped: 0.0024231 seconds, Stopping threads took: 0.0002253 seconds
2024-10-04T14:12:25.316+0300: 746.212: Application time: 0.1834725 seconds
2024-10-04T14:12:25.316+0300: 746.212: [GC (Allocation Failure) [PSYoungGen: 190070K->8710K(193536K)] 264259K->83659K(603136K), 0.0018090 secs] [Times: user=0.00 sys=0.00, real=0.00 secs] 
2024-10-04T14:12:25.316+0300: 746.214: Total time for which application threads were stopped: 0.0020862 seconds, Stopping threads took: 0.0001325 seconds
2024-10-04T14:12:25.802+0300: 746.703: Application time: 0.4883229 seconds
2024-10-04T14:12:25.802+0300: 746.703: [GC (Allocation Failure) [PSYoungGen: 190796K->10199K(193536K)] 265745K->86613K(603136K), 0.0022377 secs] [Times: user=0.00 sys=0.00, real=0.00 secs] 
2024-10-04T14:12:25.802+0300: 746.705: Total time for which application threads were stopped: 0.0026102 seconds, Stopping threads took: 0.0001995 seconds
2024-10-04T14:12:26.321+0300: 747.220: Application time: 0.5143341 seconds
2024-10-04T14:12:26.321+0300: 747.220: [GC (Allocation Failure) [PSYoungGen: 192462K->10103K(193536K)] 268876K->87998K(603136K), 0.0021339 secs] [Times: user=0.00 sys=0.00, real=0.00 secs] 
2024-10-04T14:12:26.321+0300: 747.222: Total time for which application threads were stopped: 0.0024974 seconds, Stopping threads took: 0.0002253 seconds
2024-10-04T14:12:26.478+0300: 747.378: Application time: 0.1554626 seconds
2024-10-04T14:12:26.478+0300: 747.378: [GC (Allocation Failure) [PSYoungGen: 192284K->10103K(193536K)] 270179K->89479K(603136K), 0.0022162 secs] [Times: user=0.00 sys=0.00, real=0.00 secs] 
2024-10-04T14:12:26.478+0300: 747.380: Total time for which application threads were stopped: 0.0025275 seconds, Stopping threads took: 0.0001603 seconds
2024-10-04T14:12:26.839+0300: 747.746: Application time: 0.3664535 seconds
2024-10-04T14:12:26.839+0300: 747.747: [GC (Allocation Failure) [PSYoungGen: 192233K->9391K(193536K)] 271609K->90256K(603136K), 0.0021644 secs] [Times: user=0.00 sys=0.00, real=0.00 secs] 
2024-10-04T14:12:26.839+0300: 747.749: Total time for which application threads were stopped: 0.0025694 seconds, Stopping threads took: 0.0002461 seconds
2024-10-04T14:12:27.309+0300: 748.209: Application time: 0.4596301 seconds
2024-10-04T14:12:27.309+0300: 748.209: [GC (Allocation Failure) [PSYoungGen: 191514K->9423K(193536K)] 272379K->91769K(603136K), 0.0020948 secs] [Times: user=0.00 sys=0.00, real=0.00 secs] 
2024-10-04T14:12:27.309+0300: 748.211: Total time for which application threads were stopped: 0.0024356 seconds, Stopping threads took: 0.0001914 seconds
2024-10-04T14:12:27.466+0300: 748.371: Application time: 0.1601764 seconds
2024-10-04T14:12:27.466+0300: 748.372: Total time for which application threads were stopped: 0.0002354 seconds, Stopping threads took: 0.0001872 seconds
2024-10-04T14:12:27.817+0300: 748.720: Application time: 0.3481324 seconds
2024-10-04T14:12:27.817+0300: 748.720: Total time for which application threads were stopped: 0.0001909 seconds, Stopping threads took: 0.0001360 seconds
2024-10-04T14:12:27.921+0300: 748.829: Application time: 0.1088099 seconds
2024-10-04T14:12:27.921+0300: 748.829: [GC (Allocation Failure) [PSYoungGen: 191157K->7997K(193536K)] 273503K->90384K(603136K), 0.0016910 secs] [Times: user=0.00 sys=0.00, real=0.00 secs] 
2024-10-04T14:12:27.921+0300: 748.831: Total time for which application threads were stopped: 0.0019586 seconds, Stopping threads took: 0.0001069 seconds
2024-10-04T14:12:28.407+0300: 749.310: Application time: 0.4790018 seconds
2024-10-04T14:12:28.407+0300: 749.310: Total time for which application threads were stopped: 0.0002013 seconds, Stopping threads took: 0.0001401 seconds
2024-10-04T14:12:28.423+0300: 749.334: Application time: 0.0246130 seconds
2024-10-04T14:12:28.423+0300: 749.335: Total time for which application threads were stopped: 0.0001321 seconds, Stopping threads took: 0.0000930 seconds
2024-10-04T14:12:29.207+0300: 750.113: Application time: 0.7785159 seconds
2024-10-04T14:12:29.207+0300: 750.113: Total time for which application threads were stopped: 0.0002824 seconds, Stopping threads took: 0.0002171 seconds
2024-10-04T14:12:29.223+0300: 750.120: Application time: 0.0066964 seconds
2024-10-04T14:12:29.239+0300: 750.135: [GC (Allocation Failure) [PSYoungGen: 189565K->7413K(189952K)] 271951K->89807K(599552K), 0.0016255 secs] [Times: user=0.00 sys=0.00, real=0.00 secs] 
2024-10-04T14:12:29.239+0300: 750.137: Total time for which application threads were stopped: 0.0167796 seconds, Stopping threads took: 0.0149679 seconds
2024-10-04T14:12:29.254+0300: 750.160: Application time: 0.0231799 seconds
2024-10-04T14:12:29.254+0300: 750.161: [GC (Allocation Failure) [PSYoungGen: 189676K->7997K(193024K)] 272070K->90564K(602624K), 0.0019535 secs] [Times: user=0.00 sys=0.00, real=0.00 secs] 
2024-10-04T14:12:29.254+0300: 750.163: Total time for which application threads were stopped: 0.0025775 seconds, Stopping threads took: 0.0004772 seconds
2024-10-04T14:12:29.286+0300: 750.185: Application time: 0.0220659 seconds
2024-10-04T14:12:29.286+0300: 750.185: [GC (Allocation Failure) [PSYoungGen: 189091K->5180K(186880K)] 271657K->92078K(596480K), 0.0019847 secs] [Times: user=0.00 sys=0.00, real=0.00 secs] 
2024-10-04T14:12:29.286+0300: 750.187: Total time for which application threads were stopped: 0.0023183 seconds, Stopping threads took: 0.0001668 seconds
2024-10-04T14:12:29.411+0300: 750.315: Application time: 0.1282668 seconds
2024-10-04T14:12:29.411+0300: 750.316: [GC (Allocation Failure) [PSYoungGen: 185765K->11592K(191488K)] 272663K->99202K(601088K), 0.0021753 secs] [Times: user=0.02 sys=0.00, real=0.01 secs] 
2024-10-04T14:12:29.420+0300: 750.318: Total time for which application threads were stopped: 0.0024671 seconds, Stopping threads took: 0.0001464 seconds
2024-10-04T14:12:30.368+0300: 751.273: Application time: 0.9550321 seconds
2024-10-04T14:12:30.368+0300: 751.273: [GC (Allocation Failure) [PSYoungGen: 190120K->8742K(192000K)] 277730K->99210K(601600K), 0.0022195 secs] [Times: user=0.00 sys=0.00, real=0.00 secs] 
2024-10-04T14:12:30.368+0300: 751.275: Total time for which application threads were stopped: 0.0025699 seconds, Stopping threads took: 0.0001969 seconds
2024-10-04T14:12:30.965+0300: 751.864: Application time: 0.5882898 seconds
2024-10-04T14:12:30.965+0300: 751.864: [GC (Allocation Failure) [PSYoungGen: 187396K->11593K(190464K)] 277864K->102781K(600064K), 0.0024002 secs] [Times: user=0.00 sys=0.00, real=0.00 secs] 
2024-10-04T14:12:30.965+0300: 751.866: Total time for which application threads were stopped: 0.0027387 seconds, Stopping threads took: 0.0001620 seconds
2024-10-04T14:12:31.263+0300: 752.173: Application time: 0.3065899 seconds
2024-10-04T14:12:31.263+0300: 752.173: [GC (Allocation Failure) [PSYoungGen: 189455K->7934K(191488K)] 280644K->102725K(601088K), 0.0025817 secs] [Times: user=0.02 sys=0.00, real=0.02 secs] 
2024-10-04T14:12:31.279+0300: 752.176: Total time for which application threads were stopped: 0.0029186 seconds, Stopping threads took: 0.0001840 seconds
2024-10-04T14:12:31.524+0300: 752.426: Application time: 0.2498653 seconds
2024-10-04T14:12:31.530+0300: 752.426: [GC (Allocation Failure) [PSYoungGen: 185488K->9358K(192000K)] 280280K->104934K(601600K), 0.0022479 secs] [Times: user=0.00 sys=0.00, real=0.00 secs] 
2024-10-04T14:12:31.530+0300: 752.428: Total time for which application threads were stopped: 0.0026125 seconds, Stopping threads took: 0.0001866 seconds
2024-10-04T14:12:31.577+0300: 752.485: Application time: 0.0561306 seconds
2024-10-04T14:12:31.593+0300: 752.489: [GC (Allocation Failure) [PSYoungGen: 188186K->6604K(192000K)] 283762K->102973K(601600K), 0.0021664 secs] [Times: user=0.00 sys=0.00, real=0.00 secs] 
2024-10-04T14:12:31.593+0300: 752.491: Total time for which application threads were stopped: 0.0065448 seconds, Stopping threads took: 0.0041711 seconds
2024-10-04T14:12:31.671+0300: 752.569: Application time: 0.0775455 seconds
2024-10-04T14:12:31.671+0300: 752.569: [GC (Allocation Failure) [PSYoungGen: 185162K->10135K(192000K)] 281530K->107304K(601600K), 0.0019143 secs] [Times: user=0.00 sys=0.00, real=0.00 secs] 
2024-10-04T14:12:31.671+0300: 752.571: Total time for which application threads were stopped: 0.0022274 seconds, Stopping threads took: 0.0001861 seconds
2024-10-04T14:12:32.472+0300: 753.382: Application time: 0.8111054 seconds
2024-10-04T14:12:32.472+0300: 753.382: [GC (Allocation Failure) [PSYoungGen: 189062K->9454K(192000K)] 286231K->108809K(601600K), 0.0023077 secs] [Times: user=0.02 sys=0.00, real=0.02 secs] 
2024-10-04T14:12:32.487+0300: 753.385: Total time for which application threads were stopped: 0.0027272 seconds, Stopping threads took: 0.0002267 seconds
2024-10-04T14:12:33.115+0300: 754.015: Application time: 0.6303773 seconds
2024-10-04T14:12:33.115+0300: 754.015: [GC (Allocation Failure) [PSYoungGen: 188404K->10880K(190976K)] 287759K->111668K(600576K), 0.0022584 secs] [Times: user=0.00 sys=0.00, real=0.00 secs] 
2024-10-04T14:12:33.115+0300: 754.018: Total time for which application threads were stopped: 0.0025818 seconds, Stopping threads took: 0.0001602 seconds
2024-10-04T14:12:33.427+0300: 754.325: Application time: 0.3070653 seconds
2024-10-04T14:12:33.427+0300: 754.325: [GC (Allocation Failure) [PSYoungGen: 188764K->8710K(191488K)] 289551K->112364K(601088K), 0.0022350 secs] [Times: user=0.02 sys=0.00, real=0.00 secs] 
2024-10-04T14:12:33.429+0300: 754.327: Total time for which application threads were stopped: 0.0025305 seconds, Stopping threads took: 0.0001584 seconds
2024-10-04T14:12:33.586+0300: 754.493: Application time: 0.1655607 seconds
2024-10-04T14:12:33.586+0300: 754.493: [GC (Allocation Failure) [PSYoungGen: 186272K->9390K(192512K)] 289926K->113813K(602112K), 0.0021936 secs] [Times: user=0.00 sys=0.00, real=0.00 secs] 
2024-10-04T14:12:33.586+0300: 754.495: Total time for which application threads were stopped: 0.0025404 seconds, Stopping threads took: 0.0001436 seconds
2024-10-04T14:12:33.759+0300: 754.655: Application time: 0.1600229 seconds
2024-10-04T14:12:33.759+0300: 754.656: [GC (Allocation Failure) [PSYoungGen: 189020K->9390K(192000K)] 293442K->114613K(601600K), 0.0020204 secs] [Times: user=0.00 sys=0.00, real=0.00 secs] 
2024-10-04T14:12:33.759+0300: 754.658: Total time for which application threads were stopped: 0.0025590 seconds, Stopping threads took: 0.0004029 seconds
2024-10-04T14:12:33.837+0300: 754.744: Application time: 0.0864209 seconds
2024-10-04T14:12:33.837+0300: 754.745: [GC (Allocation Failure) [PSYoungGen: 188798K->10135K(192512K)] 294021K->116150K(602112K), 0.0021250 secs] [Times: user=0.00 sys=0.00, real=0.01 secs] 
2024-10-04T14:12:33.850+0300: 754.747: Total time for which application threads were stopped: 0.0023984 seconds, Stopping threads took: 0.0001374 seconds
2024-10-04T14:12:34.654+0300: 755.559: Application time: 0.8123900 seconds
2024-10-04T14:12:34.654+0300: 755.559: [GC (Allocation Failure) [PSYoungGen: 189680K->10167K(192512K)] 295695K->118360K(602112K), 0.0024223 secs] [Times: user=0.00 sys=0.00, real=0.00 secs] 
2024-10-04T14:12:34.654+0300: 755.562: Total time for which application threads were stopped: 0.0027822 seconds, Stopping threads took: 0.0001526 seconds
2024-10-04T14:12:35.297+0300: 756.203: Application time: 0.6405845 seconds
2024-10-04T14:12:35.297+0300: 756.203: [GC (Allocation Failure) [PSYoungGen: 189875K->10167K(192512K)] 298068K->120506K(602112K), 0.0024069 secs] [Times: user=0.00 sys=0.00, real=0.00 secs] 
2024-10-04T14:12:35.297+0300: 756.205: Total time for which application threads were stopped: 0.0027434 seconds, Stopping threads took: 0.0001930 seconds
2024-10-04T14:12:35.595+0300: 756.502: Application time: 0.2969050 seconds
2024-10-04T14:12:35.595+0300: 756.503: [GC (Allocation Failure) [PSYoungGen: 190220K->9391K(192512K)] 300558K->121891K(602112K), 0.0026080 secs] [Times: user=0.00 sys=0.00, real=0.00 secs] 
2024-10-04T14:12:35.595+0300: 756.505: Total time for which application threads were stopped: 0.0030939 seconds, Stopping threads took: 0.0002269 seconds
2024-10-04T14:12:35.658+0300: 756.563: Application time: 0.0572865 seconds
2024-10-04T14:12:35.658+0300: 756.563: [GC (Allocation Failure) [PSYoungGen: 189371K->8678K(192512K)] 301871K->121983K(602112K), 0.0019604 secs] [Times: user=0.00 sys=0.00, real=0.00 secs] 
2024-10-04T14:12:35.658+0300: 756.565: Total time for which application threads were stopped: 0.0023254 seconds, Stopping threads took: 0.0002068 seconds
2024-10-04T14:12:36.003+0300: 756.906: Application time: 0.3413071 seconds
2024-10-04T14:12:36.003+0300: 756.907: [GC (Allocation Failure) [PSYoungGen: 188200K->10135K(192512K)] 301505K->124200K(602112K), 0.0023040 secs] [Times: user=0.00 sys=0.00, real=0.00 secs] 
2024-10-04T14:12:36.003+0300: 756.909: Total time for which application threads were stopped: 0.0026726 seconds, Stopping threads took: 0.0002076 seconds
2024-10-04T14:12:36.066+0300: 756.973: Application time: 0.0639488 seconds
2024-10-04T14:12:36.066+0300: 756.973: [GC (Allocation Failure) [PSYoungGen: 190027K->8646K(193024K)] 304092K->124232K(602624K), 0.0019134 secs] [Times: user=0.00 sys=0.00, real=0.00 secs] 
2024-10-04T14:12:36.066+0300: 756.975: Total time for which application threads were stopped: 0.0022104 seconds, Stopping threads took: 0.0001590 seconds
2024-10-04T14:12:36.881+0300: 757.778: Application time: 0.8030555 seconds
2024-10-04T14:12:36.881+0300: 757.778: [GC (Allocation Failure) [PSYoungGen: 188924K->10167K(192512K)] 304510K->127218K(602112K), 0.0023007 secs] [Times: user=0.00 sys=0.00, real=0.00 secs] 
2024-10-04T14:12:36.881+0300: 757.781: Total time for which application threads were stopped: 0.0025741 seconds, Stopping threads took: 0.0000930 seconds
2024-10-04T14:12:37.556+0300: 758.460: Application time: 0.6793925 seconds
2024-10-04T14:12:37.556+0300: 758.460: [GC (Allocation Failure) [PSYoungGen: 190676K->9455K(193024K)] 307728K->129364K(602624K), 0.0022536 secs] [Times: user=0.00 sys=0.00, real=0.00 secs] 
2024-10-04T14:12:37.556+0300: 758.463: Total time for which application threads were stopped: 0.0024901 seconds, Stopping threads took: 0.0000734 seconds
2024-10-04T14:12:37.760+0300: 758.657: Application time: 0.1941881 seconds
2024-10-04T14:12:37.760+0300: 758.657: [GC (Allocation Failure) [PSYoungGen: 190098K->9487K(193024K)] 310007K->130837K(602624K), 0.0021352 secs] [Times: user=0.00 sys=0.00, real=0.00 secs] 
2024-10-04T14:12:37.760+0300: 758.659: Total time for which application threads were stopped: 0.0025265 seconds, Stopping threads took: 0.0002204 seconds
2024-10-04T14:12:38.011+0300: 758.911: Application time: 0.2516164 seconds
2024-10-04T14:12:38.011+0300: 758.911: [GC (Allocation Failure) [PSYoungGen: 190154K->9390K(193536K)] 311504K->131550K(603136K), 0.0020212 secs] [Times: user=0.00 sys=0.00, real=0.00 secs] 
2024-10-04T14:12:38.011+0300: 758.913: Total time for which application threads were stopped: 0.0023498 seconds, Stopping threads took: 0.0001823 seconds
2024-10-04T14:12:38.136+0300: 759.038: Application time: 0.1250298 seconds
2024-10-04T14:12:38.136+0300: 759.039: [GC (Allocation Failure) [PSYoungGen: 190468K->9390K(193024K)] 312627K->132326K(602624K), 0.0020991 secs] [Times: user=0.00 sys=0.00, real=0.00 secs] 
2024-10-04T14:12:38.136+0300: 759.041: Total time for which application threads were stopped: 0.0024733 seconds, Stopping threads took: 0.0002207 seconds
2024-10-04T14:12:38.387+0300: 759.284: Application time: 0.2434570 seconds
2024-10-04T14:12:38.387+0300: 759.285: [GC (Allocation Failure) [PSYoungGen: 190992K->10135K(193536K)] 313928K->133863K(603136K), 0.0020171 secs] [Times: user=0.00 sys=0.00, real=0.00 secs] 
2024-10-04T14:12:38.387+0300: 759.287: Total time for which application threads were stopped: 0.0023660 seconds, Stopping threads took: 0.0001787 seconds
2024-10-04T14:12:39.187+0300: 760.087: Application time: 0.8008489 seconds
2024-10-04T14:12:39.187+0300: 760.088: [GC (Allocation Failure) [PSYoungGen: 191866K->10167K(193536K)] 315594K->134648K(603136K), 0.0020772 secs] [Times: user=0.00 sys=0.00, real=0.00 secs] 
2024-10-04T14:12:39.187+0300: 760.090: Total time for which application threads were stopped: 0.0024107 seconds, Stopping threads took: 0.0001804 seconds
2024-10-04T14:12:39.721+0300: 760.627: Application time: 0.5370678 seconds
2024-10-04T14:12:39.721+0300: 760.627: [GC (Allocation Failure) [PSYoungGen: 192412K->9391K(193536K)] 316893K->136754K(603136K), 0.0023481 secs] [Times: user=0.00 sys=0.00, real=0.00 secs] 
2024-10-04T14:12:39.721+0300: 760.630: Total time for which application threads were stopped: 0.0027250 seconds, Stopping threads took: 0.0002422 seconds
2024-10-04T14:12:39.847+0300: 760.754: Application time: 0.1243781 seconds
2024-10-04T14:12:39.847+0300: 760.754: [GC (Allocation Failure) [PSYoungGen: 190974K->8742K(193536K)] 318337K->136866K(603136K), 0.0020572 secs] [Times: user=0.00 sys=0.00, real=0.00 secs] 
2024-10-04T14:12:39.847+0300: 760.756: Total time for which application threads were stopped: 0.0023669 seconds, Stopping threads took: 0.0001639 seconds
2024-10-04T14:12:40.301+0300: 761.203: Application time: 0.4466144 seconds
2024-10-04T14:12:40.301+0300: 761.203: [GC (Allocation Failure) [PSYoungGen: 190857K->8678K(193536K)] 318981K->138290K(603136K), 0.0019515 secs] [Times: user=0.00 sys=0.00, real=0.00 secs] 
2024-10-04T14:12:40.301+0300: 761.205: Total time for which application threads were stopped: 0.0022518 seconds, Stopping threads took: 0.0001585 seconds
2024-10-04T14:12:40.475+0300: 761.384: Application time: 0.1784407 seconds
2024-10-04T14:12:40.475+0300: 761.384: [GC (Allocation Failure) [PSYoungGen: 190563K->8678K(193536K)] 320176K->139059K(603136K), 0.0020102 secs] [Times: user=0.00 sys=0.00, real=0.00 secs] 
2024-10-04T14:12:40.475+0300: 761.386: Total time for which application threads were stopped: 0.0023527 seconds, Stopping threads took: 0.0001999 seconds
2024-10-04T14:12:40.757+0300: 761.666: Application time: 0.2801971 seconds
2024-10-04T14:12:40.757+0300: 761.667: [GC (Allocation Failure) [PSYoungGen: 190275K->9390K(193536K)] 320656K->140580K(603136K), 0.0021287 secs] [Times: user=0.01 sys=0.00, real=0.02 secs] 
2024-10-04T14:12:40.772+0300: 761.669: Total time for which application threads were stopped: 0.0024628 seconds, Stopping threads took: 0.0001851 seconds
2024-10-04T14:12:41.510+0300: 762.410: Application time: 0.7412046 seconds
2024-10-04T14:12:41.510+0300: 762.410: [GC (Allocation Failure) [PSYoungGen: 191129K->10880K(193536K)] 322318K->143534K(603136K), 0.0023964 secs] [Times: user=0.00 sys=0.00, real=0.00 secs] 
2024-10-04T14:12:41.510+0300: 762.413: Total time for which application threads were stopped: 0.0027070 seconds, Stopping threads took: 0.0001680 seconds
2024-10-04T14:12:41.965+0300: 762.862: Application time: 0.4489258 seconds
2024-10-04T14:12:41.965+0300: 762.862: [GC (Allocation Failure) [PSYoungGen: 193128K->9423K(193536K)] 325782K->144952K(603136K), 0.0022003 secs] [Times: user=0.00 sys=0.00, real=0.00 secs] 
2024-10-04T14:12:41.965+0300: 762.864: Total time for which application threads were stopped: 0.0027641 seconds, Stopping threads took: 0.0004328 seconds
2024-10-04T14:12:42.106+0300: 763.004: Application time: 0.1396419 seconds
2024-10-04T14:12:42.106+0300: 763.004: [GC (Allocation Failure) [PSYoungGen: 191448K->10167K(193536K)] 326977K->146464K(603136K), 0.0021327 secs] [Times: user=0.00 sys=0.00, real=0.00 secs] 
2024-10-04T14:12:42.106+0300: 763.007: Total time for which application threads were stopped: 0.0024751 seconds, Stopping threads took: 0.0001894 seconds
2024-10-04T14:12:42.577+0300: 763.478: Application time: 0.4711373 seconds
2024-10-04T14:12:42.577+0300: 763.478: [GC (Allocation Failure) [PSYoungGen: 192285K->9390K(193536K)] 328582K->147197K(603136K), 0.0023264 secs] [Times: user=0.05 sys=0.00, real=0.00 secs] 
2024-10-04T14:12:42.577+0300: 763.480: Total time for which application threads were stopped: 0.0027516 seconds, Stopping threads took: 0.0002306 seconds
2024-10-04T14:12:42.644+0300: 763.541: Application time: 0.0601389 seconds
2024-10-04T14:12:42.644+0300: 763.541: [GC (Allocation Failure) [PSYoungGen: 191607K->8029K(193536K)] 329413K->146604K(603136K), 0.0017496 secs] [Times: user=0.00 sys=0.00, real=0.00 secs] 
2024-10-04T14:12:42.644+0300: 763.543: Total time for which application threads were stopped: 0.0020565 seconds, Stopping threads took: 0.0001628 seconds
2024-10-04T14:12:43.158+0300: 764.062: Application time: 0.5198844 seconds
2024-10-04T14:12:43.158+0300: 764.063: [GC (Allocation Failure) [PSYoungGen: 189658K->8646K(193536K)] 328233K->148710K(603136K), 0.0019784 secs] [Times: user=0.00 sys=0.00, real=0.00 secs] 
2024-10-04T14:12:43.158+0300: 764.065: Total time for which application threads were stopped: 0.0022438 seconds, Stopping threads took: 0.0001359 seconds
2024-10-04T14:12:43.849+0300: 764.755: Application time: 0.6902913 seconds
2024-10-04T14:12:43.849+0300: 764.755: [GC (Allocation Failure) [PSYoungGen: 190390K->10880K(193536K)] 330454K->151696K(603136K), 0.0022842 secs] [Times: user=0.00 sys=0.00, real=0.00 secs] 
2024-10-04T14:12:43.849+0300: 764.758: Total time for which application threads were stopped: 0.0025887 seconds, Stopping threads took: 0.0001571 seconds
2024-10-04T14:12:44.335+0300: 765.235: Application time: 0.4769816 seconds
2024-10-04T14:12:44.335+0300: 765.235: [GC (Allocation Failure) [PSYoungGen: 192472K->8678K(192512K)] 333289K->152369K(602112K), 0.0022568 secs] [Times: user=0.00 sys=0.00, real=0.00 secs] 
2024-10-04T14:12:44.335+0300: 765.237: Total time for which application threads were stopped: 0.0026092 seconds, Stopping threads took: 0.0002081 seconds
2024-10-04T14:12:44.492+0300: 765.399: Application time: 0.1619784 seconds
2024-10-04T14:12:44.492+0300: 765.399: [GC (Allocation Failure) [PSYoungGen: 189848K->10167K(193024K)] 333539K->153914K(602624K), 0.0020433 secs] [Times: user=0.00 sys=0.00, real=0.00 secs] 
2024-10-04T14:12:44.492+0300: 765.402: Total time for which application threads were stopped: 0.0023396 seconds, Stopping threads took: 0.0001636 seconds
2024-10-04T14:12:44.868+0300: 765.770: Application time: 0.3680564 seconds
2024-10-04T14:12:44.868+0300: 765.770: [GC (Allocation Failure) [PSYoungGen: 191348K->8710K(193024K)] 335094K->153981K(602624K), 0.0021498 secs] [Times: user=0.00 sys=0.00, real=0.00 secs] 
2024-10-04T14:12:44.868+0300: 765.772: Total time for which application threads were stopped: 0.0024688 seconds, Stopping threads took: 0.0001213 seconds
2024-10-04T14:12:44.931+0300: 765.829: Application time: 0.0568474 seconds
2024-10-04T14:12:44.931+0300: 765.829: [GC (Allocation Failure) [PSYoungGen: 189378K->8742K(193024K)] 334649K->154818K(602624K), 0.0020055 secs] [Times: user=0.00 sys=0.00, real=0.00 secs] 
2024-10-04T14:12:44.931+0300: 765.831: Total time for which application threads were stopped: 0.0023571 seconds, Stopping threads took: 0.0002000 seconds
2024-10-04T14:12:45.511+0300: 766.418: Application time: 0.5869349 seconds
2024-10-04T14:12:45.511+0300: 766.418: [GC (Allocation Failure) [PSYoungGen: 189751K->10135K(193024K)] 335827K->157684K(602624K), 0.0021876 secs] [Times: user=0.00 sys=0.00, real=0.00 secs] 
2024-10-04T14:12:45.511+0300: 766.421: Total time for which application threads were stopped: 0.0024572 seconds, Stopping threads took: 0.0001353 seconds
2024-10-04T14:12:46.264+0300: 767.162: Application time: 0.7416238 seconds
2024-10-04T14:12:46.264+0300: 767.163: [GC (Allocation Failure) [PSYoungGen: 191146K->10167K(193024K)] 338696K->159870K(602624K), 0.0022841 secs] [Times: user=0.00 sys=0.00, real=0.00 secs] 
2024-10-04T14:12:46.264+0300: 767.165: Total time for which application threads were stopped: 0.0025673 seconds, Stopping threads took: 0.0001307 seconds
2024-10-04T14:12:46.610+0300: 767.514: Application time: 0.3491816 seconds
2024-10-04T14:12:46.610+0300: 767.515: [GC (Allocation Failure) [PSYoungGen: 190951K->8710K(193024K)] 340654K->160583K(602624K), 0.0022019 secs] [Times: user=0.00 sys=0.00, real=0.00 secs] 
2024-10-04T14:12:46.610+0300: 767.517: Total time for which application threads were stopped: 0.0030080 seconds, Stopping threads took: 0.0006403 seconds
2024-10-04T14:12:46.767+0300: 767.676: Application time: 0.1592059 seconds
2024-10-04T14:12:46.767+0300: 767.677: [GC (Allocation Failure) [PSYoungGen: 189383K->10167K(193024K)] 341256K->162120K(602624K), 0.0021816 secs] [Times: user=0.00 sys=0.00, real=0.02 secs] 
2024-10-04T14:12:46.783+0300: 767.679: Total time for which application threads were stopped: 0.0025229 seconds, Stopping threads took: 0.0001973 seconds
2024-10-04T14:12:47.049+0300: 767.947: Application time: 0.2678576 seconds
2024-10-04T14:12:47.049+0300: 767.947: [GC (Allocation Failure) [PSYoungGen: 190918K->9390K(193024K)] 342870K->162832K(602624K), 0.0021589 secs] [Times: user=0.00 sys=0.00, real=0.00 secs] 
2024-10-04T14:12:47.052+0300: 767.949: Total time for which application threads were stopped: 0.0025015 seconds, Stopping threads took: 0.0001868 seconds
2024-10-04T14:12:47.301+0300: 768.205: Application time: 0.2562042 seconds
2024-10-04T14:12:47.301+0300: 768.206: [GC (Allocation Failure) [PSYoungGen: 190343K->10183K(193024K)] 343785K->164385K(602624K), 0.0021504 secs] [Times: user=0.00 sys=0.00, real=0.00 secs] 
2024-10-04T14:12:47.301+0300: 768.208: Total time for which application threads were stopped: 0.0024654 seconds, Stopping threads took: 0.0001842 seconds
2024-10-04T14:12:47.897+0300: 768.800: Application time: 0.5920116 seconds
2024-10-04T14:12:47.897+0300: 768.800: [GC (Allocation Failure) [PSYoungGen: 191201K->10135K(193024K)] 345403K->165846K(602624K), 0.0021113 secs] [Times: user=0.00 sys=0.00, real=0.00 secs] 
2024-10-04T14:12:47.897+0300: 768.802: Total time for which application threads were stopped: 0.0023932 seconds, Stopping threads took: 0.0001449 seconds
2024-10-04T14:12:48.525+0300: 769.424: Application time: 0.6217555 seconds
2024-10-04T14:12:48.525+0300: 769.424: [GC (Allocation Failure) [PSYoungGen: 191160K->10880K(193024K)] 346871K->168024K(602624K), 0.0024838 secs] [Times: user=0.00 sys=0.00, real=0.00 secs] 
2024-10-04T14:12:48.525+0300: 769.427: Total time for which application threads were stopped: 0.0027856 seconds, Stopping threads took: 0.0001386 seconds
2024-10-04T14:12:48.886+0300: 769.782: Application time: 0.3550909 seconds
2024-10-04T14:12:48.886+0300: 769.782: [GC (Allocation Failure) [PSYoungGen: 191526K->9455K(193024K)] 348670K->169465K(602624K), 0.0022648 secs] [Times: user=0.00 sys=0.00, real=0.00 secs] 
2024-10-04T14:12:48.886+0300: 769.784: Total time for which application threads were stopped: 0.0026034 seconds, Stopping threads took: 0.0001869 seconds
2024-10-04T14:12:48.996+0300: 769.904: Application time: 0.1192080 seconds
2024-10-04T14:12:48.996+0300: 769.904: [GC (Allocation Failure) [PSYoungGen: 190180K->9391K(193024K)] 350190K->170210K(602624K), 0.0021486 secs] [Times: user=0.00 sys=0.00, real=0.00 secs] 
2024-10-04T14:12:48.996+0300: 769.906: Total time for which application threads were stopped: 0.0024868 seconds, Stopping threads took: 0.0002079 seconds
2024-10-04T14:12:49.357+0300: 770.256: Application time: 0.3501499 seconds
2024-10-04T14:12:49.357+0300: 770.257: [GC (Allocation Failure) [PSYoungGen: 190031K->9390K(193024K)] 350849K->170978K(602624K), 0.0021113 secs] [Times: user=0.00 sys=0.00, real=0.00 secs] 
2024-10-04T14:12:49.357+0300: 770.259: Total time for which application threads were stopped: 0.0024532 seconds, Stopping threads took: 0.0001982 seconds
2024-10-04T14:12:49.450+0300: 770.352: Application time: 0.0934536 seconds
2024-10-04T14:12:49.450+0300: 770.353: [GC (Allocation Failure) [PSYoungGen: 190427K->9422K(193024K)] 352014K->171786K(602624K), 0.0020291 secs] [Times: user=0.00 sys=0.00, real=0.01 secs] 
2024-10-04T14:12:49.457+0300: 770.355: Total time for which application threads were stopped: 0.0023667 seconds, Stopping threads took: 0.0001869 seconds
2024-10-04T14:12:50.141+0300: 771.042: Application time: 0.6878726 seconds
2024-10-04T14:12:50.141+0300: 771.043: [GC (Allocation Failure) [PSYoungGen: 190436K->10879K(192512K)] 352800K->174757K(602112K), 0.0023048 secs] [Times: user=0.00 sys=0.00, real=0.00 secs] 
2024-10-04T14:12:50.141+0300: 771.045: Total time for which application threads were stopped: 0.0027062 seconds, Stopping threads took: 0.0002500 seconds
2024-10-04T14:12:50.769+0300: 771.674: Application time: 0.6284098 seconds
2024-10-04T14:12:50.769+0300: 771.674: [GC (Allocation Failure) [PSYoungGen: 192096K->10167K(193024K)] 355973K->176198K(602624K), 0.0024097 secs] [Times: user=0.00 sys=0.00, real=0.00 secs] 
2024-10-04T14:12:50.769+0300: 771.676: Total time for which application threads were stopped: 0.0027337 seconds, Stopping threads took: 0.0001554 seconds
2024-10-04T14:12:50.910+0300: 771.821: Application time: 0.1442125 seconds
2024-10-04T14:12:50.910+0300: 771.821: [GC (Allocation Failure) [PSYoungGen: 190807K->8678K(193024K)] 356838K->176886K(602624K), 0.0022405 secs] [Times: user=0.02 sys=0.00, real=0.02 secs] 
2024-10-04T14:12:50.926+0300: 771.823: Total time for which application threads were stopped: 0.0025418 seconds, Stopping threads took: 0.0001583 seconds
2024-10-04T14:12:51.161+0300: 772.060: Application time: 0.2366263 seconds
2024-10-04T14:12:51.161+0300: 772.060: [GC (Allocation Failure) [PSYoungGen: 189367K->9423K(193024K)] 357575K->178431K(602624K), 0.0019760 secs] [Times: user=0.00 sys=0.00, real=0.00 secs] 
2024-10-04T14:12:51.161+0300: 772.062: Total time for which application threads were stopped: 0.0023244 seconds, Stopping threads took: 0.0002155 seconds
2024-10-04T14:12:51.522+0300: 772.432: Application time: 0.3697847 seconds
2024-10-04T14:12:51.522+0300: 772.432: [GC (Allocation Failure) [PSYoungGen: 190426K->8742K(193024K)] 359434K->179224K(602624K), 0.0023201 secs] [Times: user=0.02 sys=0.00, real=0.02 secs] 
2024-10-04T14:12:51.538+0300: 772.435: Total time for which application threads were stopped: 0.0028668 seconds, Stopping threads took: 0.0003861 seconds
2024-10-04T14:12:51.585+0300: 772.494: Application time: 0.0589023 seconds
2024-10-04T14:12:51.585+0300: 772.494: [GC (Allocation Failure) [PSYoungGen: 189424K->9422K(193024K)] 359906K->179996K(602624K), 0.0022044 secs] [Times: user=0.00 sys=0.00, real=0.00 secs] 
2024-10-04T14:12:51.585+0300: 772.496: Total time for which application threads were stopped: 0.0025573 seconds, Stopping threads took: 0.0001720 seconds
2024-10-04T14:12:52.385+0300: 773.289: Application time: 0.7928494 seconds
2024-10-04T14:12:52.385+0300: 773.289: [GC (Allocation Failure) [PSYoungGen: 190434K->10880K(192512K)] 361008K->182927K(602112K), 0.0022770 secs] [Times: user=0.00 sys=0.00, real=0.00 secs] 
2024-10-04T14:12:52.385+0300: 773.292: Total time for which application threads were stopped: 0.0026679 seconds, Stopping threads took: 0.0002191 seconds
2024-10-04T14:12:52.840+0300: 773.740: Application time: 0.4487689 seconds
2024-10-04T14:12:52.840+0300: 773.741: [GC (Allocation Failure) [PSYoungGen: 191668K->10167K(193024K)] 363715K->183647K(602624K), 0.0023261 secs] [Times: user=0.00 sys=0.00, real=0.00 secs] 
2024-10-04T14:12:52.840+0300: 773.743: Total time for which application threads were stopped: 0.0026254 seconds, Stopping threads took: 0.0001445 seconds
2024-10-04T14:12:53.138+0300: 774.037: Application time: 0.2936928 seconds
2024-10-04T14:12:53.138+0300: 774.037: [GC (Allocation Failure) [PSYoungGen: 190928K->10135K(193024K)] 364408K->185088K(602624K), 0.0025446 secs] [Times: user=0.00 sys=0.00, real=0.00 secs] 
2024-10-04T14:12:53.138+0300: 774.040: Total time for which application threads were stopped: 0.0029286 seconds, Stopping threads took: 0.0002222 seconds
2024-10-04T14:12:53.452+0300: 774.357: Application time: 0.3173170 seconds
2024-10-04T14:12:53.452+0300: 774.357: [GC (Allocation Failure) [PSYoungGen: 190815K->9422K(193024K)] 365769K->185857K(602624K), 0.0020893 secs] [Times: user=0.00 sys=0.00, real=0.00 secs] 
2024-10-04T14:12:53.452+0300: 774.359: Total time for which application threads were stopped: 0.0023582 seconds, Stopping threads took: 0.0001326 seconds
2024-10-04T14:12:53.703+0300: 774.612: Application time: 0.2525832 seconds
2024-10-04T14:12:53.703+0300: 774.612: [GC (Allocation Failure) [PSYoungGen: 190584K->9454K(193536K)] 367018K->187361K(603136K), 0.0021465 secs] [Times: user=0.00 sys=0.00, real=0.00 secs] 
2024-10-04T14:12:53.703+0300: 774.614: Total time for which application threads were stopped: 0.0024558 seconds, Stopping threads took: 0.0001825 seconds
2024-10-04T14:12:54.064+0300: 774.961: Application time: 0.3467900 seconds
2024-10-04T14:12:54.064+0300: 774.962: [GC (Allocation Failure) [PSYoungGen: 190782K->10135K(193024K)] 368689K->188835K(602624K), 0.0021577 secs] [Times: user=0.00 sys=0.00, real=0.00 secs] 
2024-10-04T14:12:54.066+0300: 774.964: Total time for which application threads were stopped: 0.0024808 seconds, Stopping threads took: 0.0001878 seconds
2024-10-04T14:12:54.667+0300: 775.572: Application time: 0.6081115 seconds
2024-10-04T14:12:54.667+0300: 775.572: [GC (Allocation Failure) [PSYoungGen: 191878K->10167K(193536K)] 370578K->190332K(603136K), 0.0023076 secs] [Times: user=0.00 sys=0.00, real=0.01 secs] 
2024-10-04T14:12:54.677+0300: 775.574: Total time for which application threads were stopped: 0.0026248 seconds, Stopping threads took: 0.0001702 seconds
2024-10-04T14:12:55.053+0300: 775.955: Application time: 0.3801615 seconds
2024-10-04T14:12:55.053+0300: 775.955: [GC (Allocation Failure) [PSYoungGen: 192394K->9455K(193536K)] 372558K->191773K(603136K), 0.0023050 secs] [Times: user=0.00 sys=0.00, real=0.00 secs] 
2024-10-04T14:12:55.053+0300: 775.957: Total time for which application threads were stopped: 0.0026300 seconds, Stopping threads took: 0.0001876 seconds
2024-10-04T14:12:55.368+0300: 776.276: Application time: 0.3184910 seconds
2024-10-04T14:12:55.368+0300: 776.276: [GC (Allocation Failure) [PSYoungGen: 191642K->9423K(193536K)] 373961K->193222K(603136K), 0.0021782 secs] [Times: user=0.00 sys=0.00, real=0.00 secs] 
2024-10-04T14:12:55.368+0300: 776.278: Total time for which application threads were stopped: 0.0025080 seconds, Stopping threads took: 0.0001569 seconds
2024-10-04T14:12:55.769+0300: 776.671: Application time: 0.3924607 seconds
2024-10-04T14:12:55.769+0300: 776.671: [GC (Allocation Failure) [PSYoungGen: 191550K->8646K(193536K)] 375349K->193934K(603136K), 0.0021471 secs] [Times: user=0.00 sys=0.00, real=0.01 secs] 
2024-10-04T14:12:55.775+0300: 776.673: Total time for which application threads were stopped: 0.0025567 seconds, Stopping threads took: 0.0001948 seconds
2024-10-04T14:12:55.885+0300: 776.796: Application time: 0.1230983 seconds
2024-10-04T14:12:55.901+0300: 776.797: [GC (Allocation Failure) [PSYoungGen: 190507K->8710K(193536K)] 375796K->194767K(603136K), 0.0020444 secs] [Times: user=0.00 sys=0.00, real=0.00 secs] 
2024-10-04T14:12:55.901+0300: 776.799: Total time for which application threads were stopped: 0.0023917 seconds, Stopping threads took: 0.0001355 seconds
2024-10-04T14:12:56.246+0300: 777.150: Application time: 0.3512793 seconds
2024-10-04T14:12:56.246+0300: 777.150: [GC (Allocation Failure) [PSYoungGen: 190797K->9422K(193536K)] 376854K->196284K(603136K), 0.0020317 secs] [Times: user=0.00 sys=0.00, real=0.00 secs] 
2024-10-04T14:12:56.246+0300: 777.152: Total time for which application threads were stopped: 0.0023629 seconds, Stopping threads took: 0.0001914 seconds
2024-10-04T14:12:56.984+0300: 777.892: Application time: 0.7400297 seconds
2024-10-04T14:12:56.984+0300: 777.893: [GC (Allocation Failure) [PSYoungGen: 191256K->10880K(192512K)] 378117K->199206K(602112K), 0.0025226 secs] [Times: user=0.00 sys=0.00, real=0.02 secs] 
2024-10-04T14:12:56.999+0300: 777.895: Total time for which application threads were stopped: 0.0028622 seconds, Stopping threads took: 0.0001668 seconds
2024-10-04T14:12:57.344+0300: 778.245: Application time: 0.3500148 seconds
2024-10-04T14:12:57.344+0300: 778.246: [GC (Allocation Failure) [PSYoungGen: 191652K->9359K(193024K)] 379978K->200575K(602624K), 0.0023540 secs] [Times: user=0.00 sys=0.00, real=0.00 secs] 
2024-10-04T14:12:57.344+0300: 778.248: Total time for which application threads were stopped: 0.0026598 seconds, Stopping threads took: 0.0001687 seconds
2024-10-04T14:12:57.689+0300: 778.587: Application time: 0.3391463 seconds
2024-10-04T14:12:57.689+0300: 778.587: [GC (Allocation Failure) [PSYoungGen: 190550K->8742K(193536K)] 381766K->200727K(603136K), 0.0020336 secs] [Times: user=0.00 sys=0.00, real=0.00 secs] 
2024-10-04T14:12:57.689+0300: 778.590: Total time for which application threads were stopped: 0.0024325 seconds, Stopping threads took: 0.0001971 seconds
2024-10-04T14:12:58.003+0300: 778.914: Application time: 0.3246153 seconds
2024-10-04T14:12:58.003+0300: 778.914: [GC (Allocation Failure) [PSYoungGen: 190932K->9422K(193536K)] 382917K->202917K(603136K), 0.0022224 secs] [Times: user=0.02 sys=0.00, real=0.02 secs] 
2024-10-04T14:12:58.019+0300: 778.917: Total time for which application threads were stopped: 0.0025568 seconds, Stopping threads took: 0.0001883 seconds
2024-10-04T14:12:58.176+0300: 779.087: Application time: 0.1703707 seconds
2024-10-04T14:12:58.191+0300: 779.087: [GC (Allocation Failure) [PSYoungGen: 191536K->9358K(193536K)] 385030K->203637K(603136K), 0.0021265 secs] [Times: user=0.00 sys=0.00, real=0.00 secs] 
2024-10-04T14:12:58.191+0300: 779.090: Total time for which application threads were stopped: 0.0024872 seconds, Stopping threads took: 0.0002030 seconds
2024-10-04T14:12:58.599+0300: 779.511: Application time: 0.4210070 seconds
2024-10-04T14:12:58.615+0300: 779.511: [GC (Allocation Failure) [PSYoungGen: 191436K->10103K(193536K)] 385715K->205158K(603136K), 0.0021390 secs] [Times: user=0.00 sys=0.00, real=0.00 secs] 
2024-10-04T14:12:58.615+0300: 779.513: Total time for which application threads were stopped: 0.0024641 seconds, Stopping threads took: 0.0001445 seconds
2024-10-04T14:12:59.275+0300: 780.184: Application time: 0.6713579 seconds
2024-10-04T14:12:59.275+0300: 780.185: [GC (Allocation Failure) [PSYoungGen: 191842K->10880K(192512K)] 386898K->207400K(602112K), 0.0024980 secs] [Times: user=0.02 sys=0.00, real=0.01 secs] 
2024-10-04T14:12:59.290+0300: 780.187: Total time for which application threads were stopped: 0.0029085 seconds, Stopping threads took: 0.0002218 seconds
2024-10-04T14:12:59.650+0300: 780.556: Application time: 0.3690120 seconds
2024-10-04T14:12:59.650+0300: 780.557: [GC (Allocation Failure) [PSYoungGen: 191685K->9391K(193024K)] 388206K->208793K(602624K), 0.0023332 secs] [Times: user=0.00 sys=0.00, real=0.00 secs] 
2024-10-04T14:12:59.650+0300: 780.559: Total time for which application threads were stopped: 0.0026145 seconds, Stopping threads took: 0.0001304 seconds
2024-10-04T14:12:59.933+0300: 780.836: Application time: 0.2765158 seconds
2024-10-04T14:12:59.933+0300: 780.836: [GC (Allocation Failure) [PSYoungGen: 190545K->8062K(192512K)] 389948K->208937K(602112K), 0.0020373 secs] [Times: user=0.00 sys=0.00, real=0.00 secs] 
2024-10-04T14:12:59.933+0300: 780.838: Total time for which application threads were stopped: 0.0023483 seconds, Stopping threads took: 0.0001792 seconds
2024-10-04T14:13:00.215+0300: 781.112: Application time: 0.2742102 seconds
2024-10-04T14:13:00.215+0300: 781.112: [GC (Allocation Failure) [PSYoungGen: 188757K->10135K(193024K)] 389633K->211099K(602624K), 0.0021137 secs] [Times: user=0.00 sys=0.00, real=0.00 secs] 
2024-10-04T14:13:00.215+0300: 781.115: Total time for which application threads were stopped: 0.0025133 seconds, Stopping threads took: 0.0002176 seconds
2024-10-04T14:13:00.419+0300: 781.316: Application time: 0.2017777 seconds
2024-10-04T14:13:00.419+0300: 781.317: [GC (Allocation Failure) [PSYoungGen: 191233K->10135K(193024K)] 392197K->212580K(602624K), 0.0022455 secs] [Times: user=0.00 sys=0.00, real=0.00 secs] 
2024-10-04T14:13:00.419+0300: 781.319: Total time for which application threads were stopped: 0.0025516 seconds, Stopping threads took: 0.0001456 seconds
2024-10-04T14:13:00.905+0300: 781.802: Application time: 0.4826223 seconds
2024-10-04T14:13:00.905+0300: 781.802: [GC (Allocation Failure) [PSYoungGen: 191146K->9454K(193024K)] 393591K->213400K(602624K), 0.0023917 secs] [Times: user=0.00 sys=0.00, real=0.00 secs] 
2024-10-04T14:13:00.905+0300: 781.804: Total time for which application threads were stopped: 0.0027650 seconds, Stopping threads took: 0.0002295 seconds
2024-10-04T14:13:01.489+0300: 782.386: Application time: 0.5815232 seconds
2024-10-04T14:13:01.490+0300: 782.386: [GC (Allocation Failure) [PSYoungGen: 190177K->11592K(192000K)] 394122K->216251K(601600K), 0.0025149 secs] [Times: user=0.02 sys=0.00, real=0.00 secs] 
2024-10-04T14:13:01.492+0300: 782.389: Total time for which application threads were stopped: 0.0028788 seconds, Stopping threads took: 0.0002167 seconds
2024-10-04T14:13:01.925+0300: 782.835: Application time: 0.4465893 seconds
2024-10-04T14:13:01.925+0300: 782.836: [GC (Allocation Failure) [PSYoungGen: 191168K->8678K(192512K)] 395827K->216251K(602112K), 0.0024340 secs] [Times: user=0.02 sys=0.00, real=0.02 secs] 
2024-10-04T14:13:01.941+0300: 782.838: Total time for which application threads were stopped: 0.0028031 seconds, Stopping threads took: 0.0002199 seconds
2024-10-04T14:13:02.129+0300: 783.035: Application time: 0.1967731 seconds
2024-10-04T14:13:02.129+0300: 783.035: [GC (Allocation Failure) [PSYoungGen: 188444K->9439K(193024K)] 396017K->217756K(602624K), 0.0021538 secs] [Times: user=0.00 sys=0.00, real=0.00 secs] 
2024-10-04T14:13:02.129+0300: 783.037: Total time for which application threads were stopped: 0.0024961 seconds, Stopping threads took: 0.0001867 seconds
2024-10-04T14:13:02.480+0300: 783.378: Application time: 0.3410729 seconds
2024-10-04T14:13:02.480+0300: 783.379: [GC (Allocation Failure) [PSYoungGen: 189489K->9390K(192512K)] 397806K->218516K(602112K), 0.0021415 secs] [Times: user=0.00 sys=0.00, real=0.00 secs] 
2024-10-04T14:13:02.480+0300: 783.381: Total time for which application threads were stopped: 0.0024511 seconds, Stopping threads took: 0.0001747 seconds
2024-10-04T14:13:02.521+0300: 783.420: Application time: 0.0394798 seconds
2024-10-04T14:13:02.521+0300: 783.421: [GC (Allocation Failure) [PSYoungGen: 189774K->8678K(193024K)] 398899K->218572K(602624K), 0.0020829 secs] [Times: user=0.00 sys=0.00, real=0.00 secs] 
2024-10-04T14:13:02.521+0300: 783.423: Total time for which application threads were stopped: 0.0024110 seconds, Stopping threads took: 0.0001913 seconds
2024-10-04T14:13:03.071+0300: 783.975: Application time: 0.5517895 seconds
2024-10-04T14:13:03.071+0300: 783.975: [GC (Allocation Failure) [PSYoungGen: 189685K->8742K(193024K)] 399579K->220854K(602624K), 0.0020873 secs] [Times: user=0.00 sys=0.00, real=0.00 secs] 
2024-10-04T14:13:03.071+0300: 783.977: Total time for which application threads were stopped: 0.0024028 seconds, Stopping threads took: 0.0001782 seconds
2024-10-04T14:13:03.683+0300: 784.581: Application time: 0.6038477 seconds
2024-10-04T14:13:03.683+0300: 784.581: [GC (Allocation Failure) [PSYoungGen: 189467K->10167K(193024K)] 401579K->223728K(602624K), 0.0024273 secs] [Times: user=0.00 sys=0.00, real=0.00 secs] 
2024-10-04T14:13:03.683+0300: 784.584: Total time for which application threads were stopped: 0.0027545 seconds, Stopping threads took: 0.0001203 seconds
2024-10-04T14:13:04.185+0300: 785.094: Application time: 0.5101266 seconds
2024-10-04T14:13:04.185+0300: 785.094: [GC (Allocation Failure) [PSYoungGen: 191175K->8014K(193024K)] 404736K->223768K(602624K), 0.0019826 secs] [Times: user=0.00 sys=0.00, real=0.00 secs] 
2024-10-04T14:13:04.185+0300: 785.096: Total time for which application threads were stopped: 0.0022865 seconds, Stopping threads took: 0.0001744 seconds
2024-10-04T14:13:04.310+0300: 785.207: Application time: 0.1107436 seconds
2024-10-04T14:13:04.310+0300: 785.207: [GC (Allocation Failure) [PSYoungGen: 188776K->9359K(193024K)] 404530K->226602K(602624K), 0.0021987 secs] [Times: user=0.00 sys=0.00, real=0.00 secs] 
2024-10-04T14:13:04.310+0300: 785.209: Total time for which application threads were stopped: 0.0025189 seconds, Stopping threads took: 0.0001706 seconds
2024-10-04T14:13:04.718+0300: 785.622: Application time: 0.4131335 seconds
2024-10-04T14:13:04.718+0300: 785.623: [GC (Allocation Failure) [PSYoungGen: 190046K->9358K(193024K)] 407289K->227362K(602624K), 0.0022149 secs] [Times: user=0.00 sys=0.00, real=0.00 secs] 
2024-10-04T14:13:04.718+0300: 785.625: Total time for which application threads were stopped: 0.0025975 seconds, Stopping threads took: 0.0001863 seconds
2024-10-04T14:13:04.859+0300: 785.759: Application time: 0.1338694 seconds
2024-10-04T14:13:04.859+0300: 785.759: [GC (Allocation Failure) [PSYoungGen: 190463K->10167K(192512K)] 408467K->228931K(602112K), 0.0021822 secs] [Times: user=0.00 sys=0.00, real=0.00 secs] 
2024-10-04T14:13:04.859+0300: 785.761: Total time for which application threads were stopped: 0.0024879 seconds, Stopping threads took: 0.0001668 seconds
2024-10-04T14:13:05.408+0300: 786.311: Application time: 0.5497162 seconds
2024-10-04T14:13:05.408+0300: 786.311: [GC (Allocation Failure) [PSYoungGen: 191249K->9454K(193024K)] 410014K->230433K(602624K), 0.0022897 secs] [Times: user=0.00 sys=0.00, real=0.00 secs] 
2024-10-04T14:13:05.408+0300: 786.314: Total time for which application threads were stopped: 0.0026102 seconds, Stopping threads took: 0.0001547 seconds
2024-10-04T14:13:06.004+0300: 786.907: Application time: 0.5936953 seconds
2024-10-04T14:13:06.004+0300: 786.908: [GC (Allocation Failure) [PSYoungGen: 190195K->10167K(193536K)] 411173K->233299K(603136K), 0.0026140 secs] [Times: user=0.00 sys=0.00, real=0.00 secs] 
2024-10-04T14:13:06.004+0300: 786.910: Total time for which application threads were stopped: 0.0029477 seconds, Stopping threads took: 0.0001596 seconds
2024-10-04T14:13:06.288+0300: 787.185: Application time: 0.2742474 seconds
2024-10-04T14:13:06.288+0300: 787.185: [GC (Allocation Failure) [PSYoungGen: 192417K->10103K(193536K)] 415549K->234716K(603136K), 0.0023196 secs] [Times: user=0.00 sys=0.00, real=0.00 secs] 
2024-10-04T14:13:06.288+0300: 787.187: Total time for which application threads were stopped: 0.0026658 seconds, Stopping threads took: 0.0002010 seconds
2024-10-04T14:13:06.569+0300: 787.469: Application time: 0.2813553 seconds
2024-10-04T14:13:06.569+0300: 787.469: [GC (Allocation Failure) [PSYoungGen: 192240K->8742K(193536K)] 416853K->234836K(603136K), 0.0021264 secs] [Times: user=0.00 sys=0.00, real=0.00 secs] 
2024-10-04T14:13:06.569+0300: 787.471: Total time for which application threads were stopped: 0.0024020 seconds, Stopping threads took: 0.0001191 seconds
2024-10-04T14:13:06.915+0300: 787.826: Application time: 0.3545668 seconds
2024-10-04T14:13:06.915+0300: 787.826: [GC (Allocation Failure) [PSYoungGen: 190583K->9454K(193536K)] 416677K->237021K(603136K), 0.0023422 secs] [Times: user=0.02 sys=0.00, real=0.02 secs] 
2024-10-04T14:13:06.931+0300: 787.828: Total time for which application threads were stopped: 0.0027169 seconds, Stopping threads took: 0.0002186 seconds
2024-10-04T14:13:07.119+0300: 788.025: Application time: 0.1964504 seconds
2024-10-04T14:13:07.119+0300: 788.025: [GC (Allocation Failure) [PSYoungGen: 191624K->10135K(193536K)] 419190K->238494K(603136K), 0.0021432 secs] [Times: user=0.00 sys=0.00, real=0.00 secs] 
2024-10-04T14:13:07.119+0300: 788.027: Total time for which application threads were stopped: 0.0025163 seconds, Stopping threads took: 0.0002334 seconds
2024-10-04T14:13:07.778+0300: 788.674: Application time: 0.6462147 seconds
2024-10-04T14:13:07.778+0300: 788.674: [GC (Allocation Failure) [PSYoungGen: 192191K->10167K(193536K)] 420551K->239984K(603136K), 0.0026372 secs] [Times: user=0.00 sys=0.00, real=0.00 secs] 
2024-10-04T14:13:07.778+0300: 788.677: Total time for which application threads were stopped: 0.0031074 seconds, Stopping threads took: 0.0002620 seconds
2024-10-04T14:13:08.232+0300: 789.130: Application time: 0.4536305 seconds
2024-10-04T14:13:08.232+0300: 789.131: [GC (Allocation Failure) [PSYoungGen: 192373K->10167K(193536K)] 422190K->241425K(603136K), 0.0022572 secs] [Times: user=0.00 sys=0.00, real=0.00 secs] 
2024-10-04T14:13:08.232+0300: 789.133: Total time for which application threads were stopped: 0.0026142 seconds, Stopping threads took: 0.0002123 seconds
2024-10-04T14:13:08.593+0300: 789.490: Application time: 0.3570007 seconds
2024-10-04T14:13:08.593+0300: 789.490: [GC (Allocation Failure) [PSYoungGen: 192387K->9423K(193536K)] 423644K->242874K(603136K), 0.0024874 secs] [Times: user=0.00 sys=0.00, real=0.00 secs] 
2024-10-04T14:13:08.593+0300: 789.493: Total time for which application threads were stopped: 0.0027759 seconds, Stopping threads took: 0.0000982 seconds
2024-10-04T14:13:08.908+0300: 789.804: Application time: 0.3116750 seconds
2024-10-04T14:13:08.908+0300: 789.805: [GC (Allocation Failure) [PSYoungGen: 191538K->9486K(193536K)] 424989K->243698K(603136K), 0.0022284 secs] [Times: user=0.00 sys=0.00, real=0.00 secs] 
2024-10-04T14:13:08.908+0300: 789.807: Total time for which application threads were stopped: 0.0025557 seconds, Stopping threads took: 0.0001513 seconds
2024-10-04T14:13:09.158+0300: 790.060: Application time: 0.2530997 seconds
2024-10-04T14:13:09.158+0300: 790.060: [GC (Allocation Failure) [PSYoungGen: 191330K->8662K(193536K)] 425541K->244371K(603136K), 0.0020649 secs] [Times: user=0.00 sys=0.00, real=0.00 secs] 
2024-10-04T14:13:09.158+0300: 790.062: Total time for which application threads were stopped: 0.0024483 seconds, Stopping threads took: 0.0002273 seconds
2024-10-04T14:13:09.378+0300: 790.285: Application time: 0.2222970 seconds
2024-10-04T14:13:09.378+0300: 790.285: [GC (Allocation Failure) [PSYoungGen: 190772K->9422K(193536K)] 426481K->245932K(603136K), 0.0022434 secs] [Times: user=0.00 sys=0.00, real=0.00 secs] 
2024-10-04T14:13:09.378+0300: 790.287: Total time for which application threads were stopped: 0.0025875 seconds, Stopping threads took: 0.0002120 seconds
2024-10-04T14:13:10.131+0300: 791.039: Application time: 0.7515516 seconds
2024-10-04T14:13:10.131+0300: 791.039: [GC (Allocation Failure) [PSYoungGen: 191168K->10880K(193536K)] 427677K->248862K(603136K), 0.0023398 secs] [Times: user=0.00 sys=0.00, real=0.00 secs] 
2024-10-04T14:13:10.131+0300: 791.042: Total time for which application threads were stopped: 0.0026686 seconds, Stopping threads took: 0.0001625 seconds
2024-10-04T14:13:10.495+0300: 791.394: Application time: 0.3525286 seconds
2024-10-04T14:13:10.495+0300: 791.394: [GC (Allocation Failure) [PSYoungGen: 193056K->10135K(192512K)] 431038K->250271K(602112K), 0.0025278 secs] [Times: user=0.00 sys=0.00, real=0.00 secs] 
2024-10-04T14:13:10.495+0300: 791.397: Total time for which application threads were stopped: 0.0028840 seconds, Stopping threads took: 0.0002145 seconds
2024-10-04T14:13:10.796+0300: 791.702: Application time: 0.3051364 seconds
2024-10-04T14:13:10.806+0300: 791.702: [GC (Allocation Failure) [PSYoungGen: 190930K->9423K(193024K)] 431066K->251032K(602624K), 0.0022120 secs] [Times: user=0.00 sys=0.00, real=0.00 secs] 
2024-10-04T14:13:10.806+0300: 791.705: Total time for which application threads were stopped: 0.0025914 seconds, Stopping threads took: 0.0002187 seconds
2024-10-04T14:13:11.096+0300: 791.997: Application time: 0.2921169 seconds
2024-10-04T14:13:11.096+0300: 791.997: [GC (Allocation Failure) [PSYoungGen: 190535K->9422K(193536K)] 432144K->252512K(603136K), 0.0022494 secs] [Times: user=0.00 sys=0.00, real=0.00 secs] 
2024-10-04T14:13:11.096+0300: 791.999: Total time for which application threads were stopped: 0.0026168 seconds, Stopping threads took: 0.0002200 seconds
2024-10-04T14:13:11.403+0300: 792.315: Application time: 0.3150616 seconds
2024-10-04T14:13:11.403+0300: 792.315: [GC (Allocation Failure) [PSYoungGen: 191538K->9422K(193536K)] 434628K->253309K(603136K), 0.0022055 secs] [Times: user=0.02 sys=0.00, real=0.02 secs] 
2024-10-04T14:13:11.419+0300: 792.317: Total time for which application threads were stopped: 0.0025403 seconds, Stopping threads took: 0.0001443 seconds
2024-10-04T14:13:11.669+0300: 792.572: Application time: 0.2552300 seconds
2024-10-04T14:13:11.669+0300: 792.573: [GC (Allocation Failure) [PSYoungGen: 191561K->10103K(193536K)] 435448K->254766K(603136K), 0.0021863 secs] [Times: user=0.00 sys=0.00, real=0.00 secs] 
2024-10-04T14:13:11.669+0300: 792.575: Total time for which application threads were stopped: 0.0025245 seconds, Stopping threads took: 0.0001632 seconds
2024-10-04T14:13:12.399+0300: 793.300: Application time: 0.7253362 seconds
2024-10-04T14:13:12.399+0300: 793.300: [GC (Allocation Failure) [PSYoungGen: 191846K->10167K(193536K)] 436509K->257008K(603136K), 0.0025512 secs] [Times: user=0.00 sys=0.00, real=0.00 secs] 
2024-10-04T14:13:12.399+0300: 793.303: Total time for which application threads were stopped: 0.0028315 seconds, Stopping threads took: 0.0001475 seconds
2024-10-04T14:13:12.752+0300: 793.656: Application time: 0.3530368 seconds
2024-10-04T14:13:12.752+0300: 793.656: [GC (Allocation Failure) [PSYoungGen: 191733K->10135K(193536K)] 438574K->259146K(603136K), 0.0025612 secs] [Times: user=0.00 sys=0.00, real=0.00 secs] 
2024-10-04T14:13:12.752+0300: 793.659: Total time for which application threads were stopped: 0.0028998 seconds, Stopping threads took: 0.0001393 seconds
2024-10-04T14:13:13.035+0300: 793.932: Application time: 0.2731572 seconds
2024-10-04T14:13:13.035+0300: 793.932: [GC (Allocation Failure) [PSYoungGen: 192027K->8710K(193536K)] 441037K->259906K(603136K), 0.0021750 secs] [Times: user=0.00 sys=0.00, real=0.00 secs] 
2024-10-04T14:13:13.035+0300: 793.935: Total time for which application threads were stopped: 0.0024757 seconds, Stopping threads took: 0.0001749 seconds
2024-10-04T14:13:13.270+0300: 794.178: Application time: 0.2437613 seconds
2024-10-04T14:13:13.270+0300: 794.179: [GC (Allocation Failure) [PSYoungGen: 190911K->10167K(193536K)] 442107K->261447K(603136K), 0.0022725 secs] [Times: user=0.00 sys=0.00, real=0.00 secs] 
2024-10-04T14:13:13.270+0300: 794.181: Total time for which application threads were stopped: 0.0027034 seconds, Stopping threads took: 0.0002655 seconds
2024-10-04T14:13:13.552+0300: 794.464: Application time: 0.2826056 seconds
2024-10-04T14:13:13.552+0300: 794.464: [GC (Allocation Failure) [PSYoungGen: 192439K->9358K(193536K)] 443719K->262135K(603136K), 0.0024639 secs] [Times: user=0.03 sys=0.02, real=0.02 secs] 
2024-10-04T14:13:13.568+0300: 794.466: Total time for which application threads were stopped: 0.0027188 seconds, Stopping threads took: 0.0000788 seconds
2024-10-04T14:13:13.977+0300: 794.873: Application time: 0.4070080 seconds
2024-10-04T14:13:13.977+0300: 794.874: [GC (Allocation Failure) [PSYoungGen: 191414K->9454K(193536K)] 444191K->263720K(603136K), 0.0023267 secs] [Times: user=0.00 sys=0.00, real=0.00 secs] 
2024-10-04T14:13:13.977+0300: 794.876: Total time for which application threads were stopped: 0.0026587 seconds, Stopping threads took: 0.0001859 seconds
2024-10-04T14:13:14.703+0300: 795.600: Application time: 0.7235875 seconds
2024-10-04T14:13:14.703+0300: 795.600: [GC (Allocation Failure) [PSYoungGen: 191386K->10880K(193536K)] 445652K->266611K(603136K), 0.0025496 secs] [Times: user=0.00 sys=0.00, real=0.00 secs] 
2024-10-04T14:13:14.703+0300: 795.603: Total time for which application threads were stopped: 0.0028526 seconds, Stopping threads took: 0.0001176 seconds
2024-10-04T14:13:15.059+0300: 795.964: Application time: 0.3614084 seconds
2024-10-04T14:13:15.059+0300: 795.964: [GC (Allocation Failure) [PSYoungGen: 193102K->9423K(193536K)] 448833K->268028K(603136K), 0.0024419 secs] [Times: user=0.02 sys=0.00, real=0.00 secs] 
2024-10-04T14:13:15.059+0300: 795.967: Total time for which application threads were stopped: 0.0027725 seconds, Stopping threads took: 0.0001744 seconds
2024-10-04T14:13:15.263+0300: 796.163: Application time: 0.1963342 seconds
2024-10-04T14:13:15.263+0300: 796.163: [GC (Allocation Failure) [PSYoungGen: 191341K->8614K(193536K)] 449946K->268716K(603136K), 0.0021758 secs] [Times: user=0.00 sys=0.00, real=0.00 secs] 
2024-10-04T14:13:15.263+0300: 796.166: Total time for which application threads were stopped: 0.0025151 seconds, Stopping threads took: 0.0001981 seconds
2024-10-04T14:13:15.483+0300: 796.382: Application time: 0.2165917 seconds
2024-10-04T14:13:15.483+0300: 796.382: [GC (Allocation Failure) [PSYoungGen: 190759K->8678K(193536K)] 450861K->269585K(603136K), 0.0020491 secs] [Times: user=0.00 sys=0.00, real=0.00 secs] 
2024-10-04T14:13:15.483+0300: 796.385: Total time for which application threads were stopped: 0.0023647 seconds, Stopping threads took: 0.0001719 seconds
2024-10-04T14:13:15.922+0300: 796.823: Application time: 0.4386093 seconds
2024-10-04T14:13:15.922+0300: 796.823: [GC (Allocation Failure) [PSYoungGen: 190754K->9422K(193536K)] 451661K->271802K(603136K), 0.0021989 secs] [Times: user=0.01 sys=0.00, real=0.00 secs] 
2024-10-04T14:13:15.922+0300: 796.826: Total time for which application threads were stopped: 0.0024958 seconds, Stopping threads took: 0.0001365 seconds
2024-10-04T14:13:16.330+0300: 797.229: Application time: 0.4034114 seconds
2024-10-04T14:13:16.330+0300: 797.229: [GC (Allocation Failure) [PSYoungGen: 191544K->9390K(193536K)] 453924K->273251K(603136K), 0.0022424 secs] [Times: user=0.00 sys=0.00, real=0.00 secs] 
2024-10-04T14:13:16.330+0300: 797.232: Total time for which application threads were stopped: 0.0025025 seconds, Stopping threads took: 0.0000992 seconds
2024-10-04T14:13:16.879+0300: 797.784: Application time: 0.5527884 seconds
2024-10-04T14:13:16.879+0300: 797.785: [GC (Allocation Failure) [PSYoungGen: 191558K->10880K(193536K)] 455419K->276206K(603136K), 0.0023649 secs] [Times: user=0.00 sys=0.00, real=0.00 secs] 
2024-10-04T14:13:16.879+0300: 797.787: Total time for which application threads were stopped: 0.0027633 seconds, Stopping threads took: 0.0002527 seconds
2024-10-04T14:13:17.287+0300: 798.186: Application time: 0.3985258 seconds
2024-10-04T14:13:17.287+0300: 798.186: [GC (Allocation Failure) [PSYoungGen: 193110K->10167K(192512K)] 458436K->277671K(602112K), 0.0024710 secs] [Times: user=0.00 sys=0.00, real=0.00 secs] 
2024-10-04T14:13:17.287+0300: 798.188: Total time for which application threads were stopped: 0.0028455 seconds, Stopping threads took: 0.0002314 seconds
2024-10-04T14:13:17.428+0300: 798.332: Application time: 0.1431168 seconds
2024-10-04T14:13:17.428+0300: 798.332: [GC (Allocation Failure) [PSYoungGen: 190921K->9423K(193024K)] 458424K->278407K(602624K), 0.0023153 secs] [Times: user=0.00 sys=0.00, real=0.00 secs] 
2024-10-04T14:13:17.428+0300: 798.334: Total time for which application threads were stopped: 0.0026718 seconds, Stopping threads took: 0.0002128 seconds
2024-10-04T14:13:17.789+0300: 798.688: Application time: 0.3536003 seconds
2024-10-04T14:13:17.789+0300: 798.688: [GC (Allocation Failure) [PSYoungGen: 190056K->9422K(193536K)] 459041K->279184K(603136K), 0.0022349 secs] [Times: user=0.00 sys=0.00, real=0.00 secs] 
2024-10-04T14:13:17.789+0300: 798.690: Total time for which application threads were stopped: 0.0025777 seconds, Stopping threads took: 0.0001705 seconds
2024-10-04T14:13:18.210+0300: 799.108: Application time: 0.4176273 seconds
2024-10-04T14:13:18.210+0300: 799.108: [GC (Allocation Failure) [PSYoungGen: 191513K->9390K(193536K)] 461274K->280625K(603136K), 0.0023836 secs] [Times: user=0.00 sys=0.00, real=0.00 secs] 
2024-10-04T14:13:18.213+0300: 799.111: Total time for which application threads were stopped: 0.0027184 seconds, Stopping threads took: 0.0001855 seconds
2024-10-04T14:13:18.622+0300: 799.533: Application time: 0.4222538 seconds
2024-10-04T14:13:18.637+0300: 799.533: [GC (Allocation Failure) [PSYoungGen: 191503K->10199K(193536K)] 462737K->282898K(603136K), 0.0023649 secs] [Times: user=0.00 sys=0.00, real=0.00 secs] 
2024-10-04T14:13:18.637+0300: 799.536: Total time for which application threads were stopped: 0.0027763 seconds, Stopping threads took: 0.0002412 seconds
2024-10-04T14:13:19.140+0300: 800.045: Application time: 0.5087756 seconds
2024-10-04T14:13:19.140+0300: 800.045: [GC (Allocation Failure) [PSYoungGen: 192362K->10167K(193536K)] 465061K->285044K(603136K), 0.0025362 secs] [Times: user=0.00 sys=0.00, real=0.00 secs] 
2024-10-04T14:13:19.140+0300: 800.048: Total time for which application threads were stopped: 0.0029316 seconds, Stopping threads took: 0.0002367 seconds
2024-10-04T14:13:19.531+0300: 800.439: Application time: 0.3919039 seconds
2024-10-04T14:13:19.531+0300: 800.440: [GC (Allocation Failure) [PSYoungGen: 191730K->10167K(193536K)] 466607K->286509K(603136K), 0.0024273 secs] [Times: user=0.02 sys=0.00, real=0.00 secs] 
2024-10-04T14:13:19.531+0300: 800.442: Total time for which application threads were stopped: 0.0027709 seconds, Stopping threads took: 0.0001952 seconds
2024-10-04T14:13:19.751+0300: 800.657: Application time: 0.2150631 seconds
2024-10-04T14:13:19.751+0300: 800.658: [GC (Allocation Failure) [PSYoungGen: 192352K->9390K(193536K)] 468694K->287230K(603136K), 0.0022031 secs] [Times: user=0.00 sys=0.00, real=0.00 secs] 
2024-10-04T14:13:19.751+0300: 800.660: Total time for which application threads were stopped: 0.0025713 seconds, Stopping threads took: 0.0001851 seconds
2024-10-04T14:13:20.018+0300: 800.915: Application time: 0.2547740 seconds
2024-10-04T14:13:20.018+0300: 800.915: [GC (Allocation Failure) [PSYoungGen: 191179K->8710K(193536K)] 469018K->288022K(603136K), 0.0023682 secs] [Times: user=0.00 sys=0.00, real=0.00 secs] 
2024-10-04T14:13:20.018+0300: 800.917: Total time for which application threads were stopped: 0.0028247 seconds, Stopping threads took: 0.0002252 seconds
2024-10-04T14:13:20.489+0300: 801.399: Application time: 0.4813986 seconds
2024-10-04T14:13:20.489+0300: 801.399: [GC (Allocation Failure) [PSYoungGen: 190842K->10167K(193536K)] 470154K->290272K(603136K), 0.0024642 secs] [Times: user=0.02 sys=0.00, real=0.02 secs] 
2024-10-04T14:13:20.505+0300: 801.402: Total time for which application threads were stopped: 0.0028869 seconds, Stopping threads took: 0.0002537 seconds
2024-10-04T14:13:20.929+0300: 801.830: Application time: 0.4281196 seconds
2024-10-04T14:13:20.929+0300: 801.830: [GC (Allocation Failure) [PSYoungGen: 191922K->9455K(193536K)] 472026K->291024K(603136K), 0.0021587 secs] [Times: user=0.00 sys=0.00, real=0.00 secs] 
2024-10-04T14:13:20.929+0300: 801.832: Total time for which application threads were stopped: 0.0025326 seconds, Stopping threads took: 0.0002221 seconds
2024-10-04T14:13:21.305+0300: 802.203: Application time: 0.3701774 seconds
2024-10-04T14:13:21.305+0300: 802.203: [GC (Allocation Failure) [PSYoungGen: 191617K->10135K(193536K)] 473187K->293875K(603136K), 0.0023850 secs] [Times: user=0.00 sys=0.00, real=0.00 secs] 
2024-10-04T14:13:21.305+0300: 802.205: Total time for which application threads were stopped: 0.0027309 seconds, Stopping threads took: 0.0002024 seconds
2024-10-04T14:13:21.666+0300: 802.571: Application time: 0.3654665 seconds
2024-10-04T14:13:21.666+0300: 802.571: [GC (Allocation Failure) [PSYoungGen: 192307K->9487K(193536K)] 476046K->294691K(603136K), 0.0023215 secs] [Times: user=0.00 sys=0.00, real=0.00 secs] 
2024-10-04T14:13:21.666+0300: 802.573: Total time for which application threads were stopped: 0.0026663 seconds, Stopping threads took: 0.0002035 seconds
2024-10-04T14:13:21.964+0300: 802.864: Application time: 0.2906792 seconds
2024-10-04T14:13:21.964+0300: 802.864: [GC (Allocation Failure) [PSYoungGen: 191398K->10135K(193536K)] 476602K->296820K(603136K), 0.0023568 secs] [Times: user=0.00 sys=0.00, real=0.00 secs] 
2024-10-04T14:13:21.964+0300: 802.867: Total time for which application threads were stopped: 0.0027042 seconds, Stopping threads took: 0.0002040 seconds
2024-10-04T14:13:22.371+0300: 803.274: Application time: 0.4069684 seconds
2024-10-04T14:13:22.371+0300: 803.274: [GC (Allocation Failure) [PSYoungGen: 192222K->9454K(193536K)] 478908K->297645K(603136K), 0.0023716 secs] [Times: user=0.00 sys=0.00, real=0.00 secs] 
2024-10-04T14:13:22.371+0300: 803.277: Total time for which application threads were stopped: 0.0027643 seconds, Stopping threads took: 0.0002355 seconds
2024-10-04T14:13:22.936+0300: 803.843: Application time: 0.5662889 seconds
2024-10-04T14:13:22.936+0300: 803.843: [GC (Allocation Failure) [PSYoungGen: 191240K->10167K(193536K)] 479431K->299118K(603136K), 0.0024183 secs] [Times: user=0.00 sys=0.00, real=0.00 secs] 
2024-10-04T14:13:22.936+0300: 803.846: Total time for which application threads were stopped: 0.0026850 seconds, Stopping threads took: 0.0001179 seconds
2024-10-04T14:13:23.265+0300: 804.175: Application time: 0.3290154 seconds
2024-10-04T14:13:23.265+0300: 804.175: [GC (Allocation Failure) [PSYoungGen: 192308K->10135K(193536K)] 481259K->301248K(603136K), 0.0025465 secs] [Times: user=0.02 sys=0.00, real=0.02 secs] 
2024-10-04T14:13:23.281+0300: 804.177: Total time for which application threads were stopped: 0.0028359 seconds, Stopping threads took: 0.0001296 seconds
2024-10-04T14:13:23.642+0300: 804.545: Application time: 0.3674136 seconds
2024-10-04T14:13:23.642+0300: 804.545: [GC (Allocation Failure) [PSYoungGen: 192319K->9487K(193536K)] 483431K->302777K(603136K), 0.0024196 secs] [Times: user=0.02 sys=0.00, real=0.00 secs] 
2024-10-04T14:13:23.642+0300: 804.548: Total time for which application threads were stopped: 0.0028166 seconds, Stopping threads took: 0.0002451 seconds
2024-10-04T14:13:24.003+0300: 804.908: Application time: 0.3605472 seconds
2024-10-04T14:13:24.003+0300: 804.908: [GC (Allocation Failure) [PSYoungGen: 191436K->9390K(193536K)] 484726K->304162K(603136K), 0.0025515 secs] [Times: user=0.00 sys=0.00, real=0.00 secs] 
2024-10-04T14:13:24.003+0300: 804.911: Total time for which application threads were stopped: 0.0029114 seconds, Stopping threads took: 0.0001628 seconds
2024-10-04T14:13:24.121+0300: 805.021: Application time: 0.1099574 seconds
2024-10-04T14:13:24.121+0300: 805.021: [GC (Allocation Failure) [PSYoungGen: 191530K->10135K(193536K)] 486301K->305703K(603136K), 0.0024124 secs] [Times: user=0.00 sys=0.00, real=0.00 secs] 
2024-10-04T14:13:24.121+0300: 805.024: Total time for which application threads were stopped: 0.0027356 seconds, Stopping threads took: 0.0001523 seconds
2024-10-04T14:13:24.622+0300: 805.522: Application time: 0.4977004 seconds
2024-10-04T14:13:24.622+0300: 805.522: [GC (Allocation Failure) [PSYoungGen: 192186K->10199K(193536K)] 487754K->307232K(603136K), 0.0023669 secs] [Times: user=0.00 sys=0.00, real=0.00 secs] 
2024-10-04T14:13:24.622+0300: 805.524: Total time for which application threads were stopped: 0.0027042 seconds, Stopping threads took: 0.0001367 seconds
2024-10-04T14:13:25.274+0300: 806.174: Application time: 0.6497239 seconds
2024-10-04T14:13:25.274+0300: 806.174: [GC (Allocation Failure) [PSYoungGen: 192348K->10135K(193536K)] 489381K->308641K(603136K), 0.0024594 secs] [Times: user=0.00 sys=0.00, real=0.00 secs] 
2024-10-04T14:13:25.274+0300: 806.177: Total time for which application threads were stopped: 0.0027219 seconds, Stopping threads took: 0.0001026 seconds
2024-10-04T14:13:25.556+0300: 806.461: Application time: 0.2838442 seconds
2024-10-04T14:13:25.556+0300: 806.461: [GC (Allocation Failure) [PSYoungGen: 192400K->10816K(193536K)] 490906K->310787K(603136K), 0.0031215 secs] [Times: user=0.01 sys=0.00, real=0.00 secs] 
2024-10-04T14:13:25.556+0300: 806.464: Total time for which application threads were stopped: 0.0034281 seconds, Stopping threads took: 0.0001397 seconds
2024-10-04T14:13:25.933+0300: 806.842: Application time: 0.3781256 seconds
2024-10-04T14:13:25.933+0300: 806.842: [GC (Allocation Failure) [PSYoungGen: 193041K->10167K(193536K)] 493012K->312316K(603136K), 0.0026457 secs] [Times: user=0.01 sys=0.00, real=0.02 secs] 
2024-10-04T14:13:25.949+0300: 806.845: Total time for which application threads were stopped: 0.0030129 seconds, Stopping threads took: 0.0001974 seconds
2024-10-04T14:13:26.372+0300: 807.269: Application time: 0.4241565 seconds
2024-10-04T14:13:26.372+0300: 807.269: [GC (Allocation Failure) [PSYoungGen: 192312K->9422K(193536K)] 494460K->313052K(603136K), 0.0023728 secs] [Times: user=0.02 sys=0.00, real=0.00 secs] 
2024-10-04T14:13:26.372+0300: 807.272: Total time for which application threads were stopped: 0.0026776 seconds, Stopping threads took: 0.0001455 seconds
2024-10-04T14:13:26.482+0300: 807.390: Application time: 0.1177186 seconds
2024-10-04T14:13:26.482+0300: 807.390: [GC (Allocation Failure) [PSYoungGen: 191566K->10103K(193536K)] 495195K->314501K(603136K), 0.0023137 secs] [Times: user=0.02 sys=0.00, real=0.00 secs] 
2024-10-04T14:13:26.482+0300: 807.392: Total time for which application threads were stopped: 0.0026728 seconds, Stopping threads took: 0.0001856 seconds
2024-10-04T14:13:26.811+0300: 807.722: Application time: 0.3291722 seconds
2024-10-04T14:13:26.811+0300: 807.722: [GC (Allocation Failure) [PSYoungGen: 192219K->10103K(193536K)] 496618K->315982K(603136K), 0.0025164 secs] [Times: user=0.03 sys=0.02, real=0.02 secs] 
2024-10-04T14:13:26.827+0300: 807.724: Total time for which application threads were stopped: 0.0027792 seconds, Stopping threads took: 0.0001100 seconds
2024-10-04T14:13:27.565+0300: 808.471: Application time: 0.7467811 seconds
2024-10-04T14:13:27.565+0300: 808.472: [GC (Allocation Failure) [PSYoungGen: 191873K->10167K(193536K)] 497752K->317511K(603136K), 0.0027884 secs] [Times: user=0.00 sys=0.00, real=0.00 secs] 
2024-10-04T14:13:27.565+0300: 808.475: Total time for which application threads were stopped: 0.0034585 seconds, Stopping threads took: 0.0005062 seconds
2024-10-04T14:13:27.674+0300: 808.582: Application time: 0.1078836 seconds
2024-10-04T14:13:27.674+0300: 808.583: [GC (Allocation Failure) [PSYoungGen: 192177K->9423K(193536K)] 499521K->318929K(603136K), 0.0024882 secs] [Times: user=0.02 sys=0.00, real=0.00 secs] 
2024-10-04T14:13:27.674+0300: 808.585: Total time for which application threads were stopped: 0.0028284 seconds, Stopping threads took: 0.0001730 seconds
2024-10-04T14:13:28.208+0300: 809.104: Application time: 0.5189606 seconds
2024-10-04T14:13:28.208+0300: 809.105: [GC (Allocation Failure) [PSYoungGen: 191549K->10135K(193536K)] 501055K->320434K(603136K), 0.0024375 secs] [Times: user=0.05 sys=0.00, real=0.00 secs] 
2024-10-04T14:13:28.208+0300: 809.107: Total time for which application threads were stopped: 0.0029813 seconds, Stopping threads took: 0.0003562 seconds
2024-10-04T14:13:28.632+0300: 809.540: Application time: 0.4325181 seconds
2024-10-04T14:13:28.632+0300: 809.540: [GC (Allocation Failure) [PSYoungGen: 192294K->9390K(193536K)] 502593K->321170K(603136K), 0.0024572 secs] [Times: user=0.02 sys=0.00, real=0.00 secs] 
2024-10-04T14:13:28.632+0300: 809.543: Total time for which application threads were stopped: 0.0028583 seconds, Stopping threads took: 0.0002102 seconds
2024-10-04T14:13:28.742+0300: 809.640: Application time: 0.0973756 seconds
2024-10-04T14:13:28.742+0300: 809.640: [GC (Allocation Failure) [PSYoungGen: 191345K->10167K(193536K)] 503124K->322707K(603136K), 0.0023302 secs] [Times: user=0.00 sys=0.00, real=0.00 secs] 
2024-10-04T14:13:28.742+0300: 809.643: Total time for which application threads were stopped: 0.0026119 seconds, Stopping threads took: 0.0001106 seconds
2024-10-04T14:13:29.231+0300: 810.131: Application time: 0.4881821 seconds
2024-10-04T14:13:29.231+0300: 810.131: [GC (Allocation Failure) [PSYoungGen: 191914K->9359K(193536K)] 504454K->324128K(603136K), 0.0023799 secs] [Times: user=0.00 sys=0.00, real=0.00 secs] 
2024-10-04T14:13:29.231+0300: 810.133: Total time for which application threads were stopped: 0.0027172 seconds, Stopping threads took: 0.0001795 seconds
2024-10-04T14:13:29.746+0300: 810.653: Application time: 0.5198493 seconds
2024-10-04T14:13:29.746+0300: 810.654: [GC (Allocation Failure) [PSYoungGen: 191526K->9455K(193536K)] 506295K->324224K(603136K), 0.0022876 secs] [Times: user=0.00 sys=0.00, real=0.00 secs] 
2024-10-04T14:13:29.746+0300: 810.656: Total time for which application threads were stopped: 0.0026460 seconds, Stopping threads took: 0.0002198 seconds
2024-10-04T14:13:29.997+0300: 810.896: Application time: 0.2403571 seconds
2024-10-04T14:13:29.997+0300: 810.897: [GC (Allocation Failure) [PSYoungGen: 191621K->10167K(193536K)] 506390K->326410K(603136K), 0.0024628 secs] [Times: user=0.00 sys=0.00, real=0.00 secs] 
2024-10-04T14:13:29.997+0300: 810.899: Total time for which application threads were stopped: 0.0027623 seconds, Stopping threads took: 0.0001433 seconds
2024-10-04T14:13:30.609+0300: 811.512: Application time: 0.6132831 seconds
2024-10-04T14:13:30.609+0300: 811.513: [GC (Allocation Failure) [PSYoungGen: 192264K->8710K(193536K)] 508507K->327851K(603136K), 0.0022770 secs] [Times: user=0.02 sys=0.00, real=0.00 secs] 
2024-10-04T14:13:30.609+0300: 811.515: Total time for which application threads were stopped: 0.0025940 seconds, Stopping threads took: 0.0001537 seconds
2024-10-04T14:13:30.797+0300: 811.708: Application time: 0.1934617 seconds
2024-10-04T14:13:30.797+0300: 811.709: [GC (Allocation Failure) [PSYoungGen: 190336K->8710K(193536K)] 509477K->327907K(603136K), 0.0019873 secs] [Times: user=0.02 sys=0.00, real=0.02 secs] 
2024-10-04T14:13:30.813+0300: 811.711: Total time for which application threads were stopped: 0.0023152 seconds, Stopping threads took: 0.0001788 seconds
2024-10-04T14:13:31.190+0300: 812.091: Application time: 0.3801417 seconds
2024-10-04T14:13:31.190+0300: 812.091: [GC (Allocation Failure) [PSYoungGen: 190416K->8646K(193536K)] 509613K->330044K(603136K), 0.0023202 secs] [Times: user=0.00 sys=0.00, real=0.00 secs] 
2024-10-04T14:13:31.190+0300: 812.094: Total time for which application threads were stopped: 0.0026511 seconds, Stopping threads took: 0.0001995 seconds
2024-10-04T14:13:31.614+0300: 812.524: Application time: 0.4304824 seconds
2024-10-04T14:13:31.614+0300: 812.524: [GC (Allocation Failure) [PSYoungGen: 190394K->9422K(193536K)] 511793K->331610K(603136K), 0.0027200 secs] [Times: user=0.02 sys=0.00, real=0.02 secs] 
2024-10-04T14:13:31.630+0300: 812.527: Total time for which application threads were stopped: 0.0030485 seconds, Stopping threads took: 0.0001254 seconds
2024-10-04T14:13:31.991+0300: 812.901: Application time: 0.3737680 seconds
2024-10-04T14:13:31.991+0300: 812.901: [GC (Allocation Failure) [PSYoungGen: 191603K->9454K(193536K)] 513791K->333075K(603136K), 0.0025367 secs] [Times: user=0.02 sys=0.00, real=0.02 secs] 
2024-10-04T14:13:32.007+0300: 812.904: Total time for which application threads were stopped: 0.0028674 seconds, Stopping threads took: 0.0001749 seconds
2024-10-04T14:13:32.398+0300: 813.303: Application time: 0.3991900 seconds
2024-10-04T14:13:32.398+0300: 813.303: [GC (Allocation Failure) [PSYoungGen: 191609K->10135K(193536K)] 515229K->335941K(603136K), 0.0025277 secs] [Times: user=0.00 sys=0.00, real=0.00 secs] 
2024-10-04T14:13:32.398+0300: 813.306: Total time for which application threads were stopped: 0.0028863 seconds, Stopping threads took: 0.0002069 seconds
2024-10-04T14:13:32.916+0300: 813.817: Application time: 0.5112145 seconds
2024-10-04T14:13:32.916+0300: 813.817: [GC (Allocation Failure) [PSYoungGen: 192315K->8710K(193536K)] 518120K->336709K(603136K), 0.0023424 secs] [Times: user=0.00 sys=0.00, real=0.00 secs] 
2024-10-04T14:13:32.916+0300: 813.820: Total time for which application threads were stopped: 0.0026661 seconds, Stopping threads took: 0.0001818 seconds
2024-10-04T14:13:33.152+0300: 814.050: Application time: 0.2298567 seconds
2024-10-04T14:13:33.152+0300: 814.050: [GC (Allocation Failure) [PSYoungGen: 190838K->9422K(193536K)] 518837K->338198K(603136K), 0.0020683 secs] [Times: user=0.00 sys=0.00, real=0.00 secs] 
2024-10-04T14:13:33.152+0300: 814.052: Total time for which application threads were stopped: 0.0023355 seconds, Stopping threads took: 0.0001374 seconds
2024-10-04T14:13:33.497+0300: 814.393: Application time: 0.3414533 seconds
2024-10-04T14:13:33.497+0300: 814.394: [GC (Allocation Failure) [PSYoungGen: 191233K->10167K(193536K)] 520008K->340408K(603136K), 0.0023551 secs] [Times: user=0.00 sys=0.00, real=0.00 secs] 
2024-10-04T14:13:33.497+0300: 814.396: Total time for which application threads were stopped: 0.0026862 seconds, Stopping threads took: 0.0002003 seconds
2024-10-04T14:13:33.904+0300: 814.807: Application time: 0.4110274 seconds
2024-10-04T14:13:33.904+0300: 814.807: [GC (Allocation Failure) [PSYoungGen: 192347K->9422K(193536K)] 522588K->341176K(603136K), 0.0022936 secs] [Times: user=0.00 sys=0.00, real=0.00 secs] 
2024-10-04T14:13:33.904+0300: 814.810: Total time for which application threads were stopped: 0.0026563 seconds, Stopping threads took: 0.0002011 seconds
2024-10-04T14:13:34.312+0300: 815.215: Application time: 0.4053249 seconds
2024-10-04T14:13:34.312+0300: 815.215: [GC (Allocation Failure) [PSYoungGen: 191168K->10167K(193536K)] 522922K->342682K(603136K), 0.0023794 secs] [Times: user=0.00 sys=0.00, real=0.00 secs] 
2024-10-04T14:13:34.312+0300: 815.218: Total time for which application threads were stopped: 0.0027039 seconds, Stopping threads took: 0.0001594 seconds
2024-10-04T14:13:34.673+0300: 815.575: Application time: 0.3573746 seconds
2024-10-04T14:13:34.673+0300: 815.575: [GC (Allocation Failure) [PSYoungGen: 192346K->10167K(193536K)] 524861K->344835K(603136K), 0.0027118 secs] [Times: user=0.00 sys=0.00, real=0.00 secs] 
2024-10-04T14:13:34.673+0300: 815.578: Total time for which application threads were stopped: 0.0030670 seconds, Stopping threads took: 0.0002054 seconds
2024-10-04T14:13:35.066+0300: 815.972: Application time: 0.3939826 seconds
2024-10-04T14:13:35.066+0300: 815.972: [GC (Allocation Failure) [PSYoungGen: 192354K->9423K(193536K)] 527023K->346276K(603136K), 0.0025019 secs] [Times: user=0.00 sys=0.00, real=0.00 secs] 
2024-10-04T14:13:35.066+0300: 815.975: Total time for which application threads were stopped: 0.0028685 seconds, Stopping threads took: 0.0002081 seconds
2024-10-04T14:13:35.443+0300: 816.344: Application time: 0.3687977 seconds
2024-10-04T14:13:35.443+0300: 816.344: [GC (Allocation Failure) [PSYoungGen: 191510K->9390K(193536K)] 528364K->347021K(603136K), 0.0021607 secs] [Times: user=0.00 sys=0.00, real=0.00 secs] 
2024-10-04T14:13:35.443+0300: 816.346: Total time for which application threads were stopped: 0.0024943 seconds, Stopping threads took: 0.0002031 seconds
2024-10-04T14:13:35.662+0300: 816.571: Application time: 0.2247884 seconds
2024-10-04T14:13:35.662+0300: 816.571: [GC (Allocation Failure) [PSYoungGen: 191230K->10167K(193536K)] 528860K->349270K(603136K), 0.0024913 secs] [Times: user=0.00 sys=0.02, real=0.02 secs] 
2024-10-04T14:13:35.678+0300: 816.574: Total time for which application threads were stopped: 0.0029007 seconds, Stopping threads took: 0.0001858 seconds
2024-10-04T14:13:36.054+0300: 816.963: Application time: 0.3890141 seconds
2024-10-04T14:13:36.054+0300: 816.963: [GC (Allocation Failure) [PSYoungGen: 192297K->9422K(193536K)] 531400K->350031K(603136K), 0.0022127 secs] [Times: user=0.00 sys=0.00, real=0.00 secs] 
2024-10-04T14:13:36.054+0300: 816.966: Total time for which application threads were stopped: 0.0025596 seconds, Stopping threads took: 0.0001944 seconds
2024-10-04T14:13:36.509+0300: 817.410: Application time: 0.4439648 seconds
2024-10-04T14:13:36.509+0300: 817.410: [GC (Allocation Failure) [PSYoungGen: 191601K->10911K(193536K)] 532209K->352272K(603136K), 0.0023509 secs] [Times: user=0.00 sys=0.00, real=0.00 secs] 
2024-10-04T14:13:36.509+0300: 817.412: Total time for which application threads were stopped: 0.0026716 seconds, Stopping threads took: 0.0001759 seconds
2024-10-04T14:13:36.933+0300: 817.835: Application time: 0.4228354 seconds
2024-10-04T14:13:36.933+0300: 817.835: [GC (Allocation Failure) [PSYoungGen: 192662K->10167K(193536K)] 534023K->353714K(603136K), 0.0025392 secs] [Times: user=0.00 sys=0.00, real=0.00 secs] 
2024-10-04T14:13:36.933+0300: 817.838: Total time for which application threads were stopped: 0.0028527 seconds, Stopping threads took: 0.0001526 seconds
2024-10-04T14:13:37.294+0300: 818.201: Application time: 0.3629748 seconds
2024-10-04T14:13:37.294+0300: 818.201: [GC (Allocation Failure) [PSYoungGen: 192343K->8062K(190464K)] 535890K->353754K(600064K), 0.0021128 secs] [Times: user=0.00 sys=0.00, real=0.00 secs] 
2024-10-04T14:13:37.294+0300: 818.203: Total time for which application threads were stopped: 0.0025401 seconds, Stopping threads took: 0.0002734 seconds
2024-10-04T14:13:37.718+0300: 818.628: Application time: 0.4248828 seconds
2024-10-04T14:13:37.718+0300: 818.629: [GC (Allocation Failure) [PSYoungGen: 190334K->8774K(193024K)] 536026K->355939K(602624K), 0.0023444 secs] [Times: user=0.02 sys=0.00, real=0.02 secs] 
2024-10-04T14:13:37.733+0300: 818.631: Total time for which application threads were stopped: 0.0026988 seconds, Stopping threads took: 0.0002041 seconds
2024-10-04T14:13:37.922+0300: 818.831: Application time: 0.2002680 seconds
2024-10-04T14:13:37.922+0300: 818.832: [GC (Allocation Failure) [PSYoungGen: 189481K->9423K(193024K)] 536646K->358101K(602624K), 0.0024144 secs] [Times: user=0.02 sys=0.00, real=0.02 secs] 
2024-10-04T14:13:37.937+0300: 818.834: Total time for which application threads were stopped: 0.0027666 seconds, Stopping threads took: 0.0002048 seconds
2024-10-04T14:13:38.236+0300: 819.138: Application time: 0.3043707 seconds
2024-10-04T14:13:38.236+0300: 819.139: [GC (Allocation Failure) [PSYoungGen: 190090K->9390K(193536K)] 538768K->358853K(603136K), 0.0021657 secs] [Times: user=0.00 sys=0.00, real=0.00 secs] 
2024-10-04T14:13:38.236+0300: 819.141: Total time for which application threads were stopped: 0.0025678 seconds, Stopping threads took: 0.0002304 seconds
2024-10-04T14:13:38.503+0300: 819.414: Application time: 0.2724832 seconds
2024-10-04T14:13:38.503+0300: 819.414: [GC (Allocation Failure) [PSYoungGen: 191544K->10199K(193536K)] 541007K->360414K(603136K), 0.0023460 secs] [Times: user=0.02 sys=0.00, real=0.01 secs] 
2024-10-04T14:13:38.518+0300: 819.416: Total time for which application threads were stopped: 0.0026477 seconds, Stopping threads took: 0.0001590 seconds
2024-10-04T14:13:39.256+0300: 820.165: Application time: 0.7489370 seconds
2024-10-04T14:13:39.256+0300: 820.165: [GC (Allocation Failure) [PSYoungGen: 191934K->9455K(193536K)] 542150K->362568K(603136K), 0.0025416 secs] [Times: user=0.00 sys=0.00, real=0.02 secs] 
2024-10-04T14:13:39.272+0300: 820.168: Total time for which application threads were stopped: 0.0028850 seconds, Stopping threads took: 0.0001438 seconds
2024-10-04T14:13:39.554+0300: 820.456: Application time: 0.2877166 seconds
2024-10-04T14:13:39.554+0300: 820.456: [GC (Allocation Failure) [PSYoungGen: 191460K->10199K(193536K)] 544574K->364745K(603136K), 0.0027741 secs] [Times: user=0.00 sys=0.00, real=0.00 secs] 
2024-10-04T14:13:39.554+0300: 820.459: Total time for which application threads were stopped: 0.0031592 seconds, Stopping threads took: 0.0001503 seconds
2024-10-04T14:13:39.883+0300: 820.787: Application time: 0.3281015 seconds
2024-10-04T14:13:39.883+0300: 820.787: [GC (Allocation Failure) [PSYoungGen: 192390K->10135K(193536K)] 546937K->366183K(603136K), 0.0026094 secs] [Times: user=0.00 sys=0.00, real=0.00 secs] 
2024-10-04T14:13:39.883+0300: 820.790: Total time for which application threads were stopped: 0.0029763 seconds, Stopping threads took: 0.0001864 seconds
2024-10-04T14:13:40.008+0300: 820.911: Application time: 0.1214779 seconds
2024-10-04T14:13:40.008+0300: 820.912: [GC (Allocation Failure) [PSYoungGen: 192325K->9422K(193536K)] 548373K->366951K(603136K), 0.0025393 secs] [Times: user=0.00 sys=0.00, real=0.00 secs] 
2024-10-04T14:13:40.008+0300: 820.914: Total time for which application threads were stopped: 0.0028640 seconds, Stopping threads took: 0.0001461 seconds
2024-10-04T14:13:40.451+0300: 821.357: Application time: 0.4430475 seconds
2024-10-04T14:13:40.451+0300: 821.358: [GC (Allocation Failure) [PSYoungGen: 191487K->7933K(193536K)] 549016K->366959K(603136K), 0.0022943 secs] [Times: user=0.00 sys=0.00, real=0.01 secs] 
2024-10-04T14:13:40.464+0300: 821.360: Total time for which application threads were stopped: 0.0025799 seconds, Stopping threads took: 0.0001456 seconds
2024-10-04T14:13:40.852+0300: 821.749: Application time: 0.3889311 seconds
2024-10-04T14:13:40.852+0300: 821.749: [GC (Allocation Failure) [PSYoungGen: 190039K->10135K(193536K)] 549065K->369921K(603136K), 0.0025615 secs] [Times: user=0.00 sys=0.00, real=0.00 secs] 
2024-10-04T14:13:40.855+0300: 821.752: Total time for which application threads were stopped: 0.0028606 seconds, Stopping threads took: 0.0000911 seconds
2024-10-04T14:13:41.546+0300: 822.445: Application time: 0.6928468 seconds
2024-10-04T14:13:41.546+0300: 822.445: [GC (Allocation Failure) [PSYoungGen: 191915K->10135K(192512K)] 551701K->372099K(602112K), 0.0025509 secs] [Times: user=0.00 sys=0.00, real=0.00 secs] 
2024-10-04T14:13:41.546+0300: 822.447: Total time for which application threads were stopped: 0.0028436 seconds, Stopping threads took: 0.0001257 seconds
2024-10-04T14:13:41.766+0300: 822.663: Application time: 0.2154505 seconds
2024-10-04T14:13:41.766+0300: 822.663: [GC (Allocation Failure) [PSYoungGen: 190690K->8710K(193024K)] 552654K->372843K(602624K), 0.0023604 secs] [Times: user=0.00 sys=0.00, real=0.00 secs] 
2024-10-04T14:13:41.766+0300: 822.666: Total time for which application threads were stopped: 0.0026737 seconds, Stopping threads took: 0.0001693 seconds
2024-10-04T14:13:42.142+0300: 823.042: Application time: 0.3766103 seconds
2024-10-04T14:13:42.142+0300: 823.043: [GC (Allocation Failure) [PSYoungGen: 189428K->10135K(193024K)] 553561K->375065K(602624K), 0.0022920 secs] [Times: user=0.00 sys=0.00, real=0.00 secs] 
2024-10-04T14:13:42.142+0300: 823.045: Total time for which application threads were stopped: 0.0027098 seconds, Stopping threads took: 0.0002574 seconds
2024-10-04T14:13:42.377+0300: 823.287: Application time: 0.2422448 seconds
2024-10-04T14:13:42.377+0300: 823.287: [GC (Allocation Failure) [PSYoungGen: 190795K->9422K(193024K)] 555725K->375833K(602624K), 0.0024399 secs] [Times: user=0.02 sys=0.00, real=0.02 secs] 
2024-10-04T14:13:42.393+0300: 823.290: Total time for which application threads were stopped: 0.0027565 seconds, Stopping threads took: 0.0001663 seconds
2024-10-04T14:13:42.817+0300: 823.720: Application time: 0.4304931 seconds
2024-10-04T14:13:42.817+0300: 823.721: [GC (Allocation Failure) [PSYoungGen: 190078K->8678K(193536K)] 556489K->376570K(603136K), 0.0022153 secs] [Times: user=0.00 sys=0.00, real=0.00 secs] 
2024-10-04T14:13:42.817+0300: 823.723: Total time for which application threads were stopped: 0.0025382 seconds, Stopping threads took: 0.0001787 seconds
2024-10-04T14:13:43.240+0300: 824.151: Application time: 0.4276817 seconds
2024-10-04T14:13:43.240+0300: 824.151: [GC (Allocation Failure) [PSYoungGen: 190857K->10167K(193536K)] 558749K->378819K(603136K), 0.0024481 secs] [Times: user=0.02 sys=0.00, real=0.02 secs] 
2024-10-04T14:13:43.256+0300: 824.153: Total time for which application threads were stopped: 0.0027964 seconds, Stopping threads took: 0.0001371 seconds
2024-10-04T14:13:43.915+0300: 824.825: Application time: 0.6713986 seconds
2024-10-04T14:13:43.915+0300: 824.825: [GC (Allocation Failure) [PSYoungGen: 191966K->10167K(192512K)] 560618K->380997K(602112K), 0.0026480 secs] [Times: user=0.02 sys=0.00, real=0.02 secs] 
2024-10-04T14:13:43.931+0300: 824.828: Total time for which application threads were stopped: 0.0029974 seconds, Stopping threads took: 0.0001925 seconds
2024-10-04T14:13:44.010+0300: 824.916: Application time: 0.0883797 seconds
2024-10-04T14:13:44.010+0300: 824.917: [GC (Allocation Failure) [PSYoungGen: 190747K->9391K(193024K)] 561577K->382391K(602624K), 0.0026957 secs] [Times: user=0.02 sys=0.00, real=0.00 secs] 
2024-10-04T14:13:44.010+0300: 824.919: Total time for which application threads were stopped: 0.0030829 seconds, Stopping threads took: 0.0002240 seconds
2024-10-04T14:13:44.480+0300: 825.379: Application time: 0.4598099 seconds
2024-10-04T14:13:44.480+0300: 825.379: [GC (Allocation Failure) [PSYoungGen: 190056K->9391K(193536K)] 563056K->383899K(603136K), 0.0024580 secs] [Times: user=0.00 sys=0.00, real=0.00 secs] 
2024-10-04T14:13:44.480+0300: 825.382: Total time for which application threads were stopped: 0.0028794 seconds, Stopping threads took: 0.0002163 seconds
2024-10-04T14:13:44.700+0300: 825.607: Application time: 0.2249720 seconds
2024-10-04T14:13:44.700+0300: 825.607: [GC (Allocation Failure) [PSYoungGen: 191514K->9422K(193536K)] 566023K->384692K(603136K), 0.0021549 secs] [Times: user=0.00 sys=0.00, real=0.00 secs] 
2024-10-04T14:13:44.700+0300: 825.609: Total time for which application threads were stopped: 0.0024023 seconds, Stopping threads took: 0.0000857 seconds
2024-10-04T14:13:44.919+0300: 825.827: Application time: 0.2177209 seconds
2024-10-04T14:13:44.919+0300: 825.827: [GC (Allocation Failure) [PSYoungGen: 191220K->9358K(193536K)] 566489K->386117K(603136K), 0.0022645 secs] [Times: user=0.00 sys=0.00, real=0.00 secs] 
2024-10-04T14:13:44.919+0300: 825.830: Total time for which application threads were stopped: 0.0026317 seconds, Stopping threads took: 0.0002237 seconds
2024-10-04T14:13:45.532+0300: 826.432: Application time: 0.6019105 seconds
2024-10-04T14:13:45.532+0300: 826.432: [GC (Allocation Failure) [PSYoungGen: 191110K->10167K(193536K)] 567868K->387718K(603136K), 0.0023181 secs] [Times: user=0.00 sys=0.00, real=0.00 secs] 
2024-10-04T14:13:45.532+0300: 826.434: Total time for which application threads were stopped: 0.0026358 seconds, Stopping threads took: 0.0001641 seconds
2024-10-04T14:13:46.081+0300: 826.991: Application time: 0.5571518 seconds
2024-10-04T14:13:46.081+0300: 826.992: [GC (Allocation Failure) [PSYoungGen: 192362K->10880K(192512K)] 569913K->389864K(602112K), 0.0026120 secs] [Times: user=0.02 sys=0.00, real=0.01 secs] 
2024-10-04T14:13:46.096+0300: 826.994: Total time for which application threads were stopped: 0.0030337 seconds, Stopping threads took: 0.0002657 seconds
2024-10-04T14:13:46.206+0300: 827.117: Application time: 0.1221493 seconds
2024-10-04T14:13:46.206+0300: 827.117: [GC (Allocation Failure) [PSYoungGen: 191704K->9359K(193024K)] 570688K->390544K(602624K), 0.0024936 secs] [Times: user=0.01 sys=0.00, real=0.02 secs] 
2024-10-04T14:13:46.222+0300: 827.119: Total time for which application threads were stopped: 0.0028043 seconds, Stopping threads took: 0.0001678 seconds
2024-10-04T14:13:46.678+0300: 827.584: Application time: 0.4644775 seconds
2024-10-04T14:13:46.678+0300: 827.584: [GC (Allocation Failure) [PSYoungGen: 189999K->8774K(193536K)] 571185K->391425K(603136K), 0.0022765 secs] [Times: user=0.00 sys=0.00, real=0.00 secs] 
2024-10-04T14:13:46.678+0300: 827.587: Total time for which application threads were stopped: 0.0026738 seconds, Stopping threads took: 0.0002436 seconds
2024-10-04T14:13:46.976+0300: 827.874: Application time: 0.2874435 seconds
2024-10-04T14:13:46.976+0300: 827.874: [GC (Allocation Failure) [PSYoungGen: 190948K->9390K(193536K)] 573598K->392105K(603136K), 0.0048004 secs] [Times: user=0.00 sys=0.00, real=0.00 secs] 
2024-10-04T14:13:46.976+0300: 827.879: Total time for which application threads were stopped: 0.0050512 seconds, Stopping threads took: 0.0000859 seconds
2024-10-04T14:13:47.023+0300: 827.924: Application time: 0.0444877 seconds
2024-10-04T14:13:47.023+0300: 827.924: [GC (Allocation Failure) [PSYoungGen: 191110K->7285K(192512K)] 573825K->392898K(602112K), 0.0023063 secs] [Times: user=0.00 sys=0.00, real=0.00 secs] 
2024-10-04T14:13:47.023+0300: 827.926: Total time for which application threads were stopped: 0.0026615 seconds, Stopping threads took: 0.0001910 seconds
2024-10-04T14:13:47.765+0300: 828.663: Application time: 0.7368498 seconds
2024-10-04T14:13:47.765+0300: 828.663: [GC (Allocation Failure) [PSYoungGen: 187865K->10880K(193024K)] 573478K->397281K(602624K), 0.0025017 secs] [Times: user=0.01 sys=0.00, real=0.00 secs] 
2024-10-04T14:13:47.765+0300: 828.666: Total time for which application threads were stopped: 0.0027962 seconds, Stopping threads took: 0.0000940 seconds
2024-10-04T14:13:48.166+0300: 829.063: Application time: 0.3968531 seconds
2024-10-04T14:13:48.166+0300: 829.063: [GC (Allocation Failure) [PSYoungGen: 191835K->9327K(193024K)] 578237K->397906K(602624K), 0.0025512 secs] [Times: user=0.00 sys=0.00, real=0.00 secs] 
2024-10-04T14:13:48.168+0300: 829.066: Total time for which application threads were stopped: 0.0029122 seconds, Stopping threads took: 0.0002151 seconds
2024-10-04T14:13:48.482+0300: 829.384: Application time: 0.3188207 seconds
2024-10-04T14:13:48.482+0300: 829.385: [GC (Allocation Failure) [PSYoungGen: 190170K->10167K(193024K)] 578749K->399507K(602624K), 0.0022906 secs] [Times: user=0.00 sys=0.00, real=0.00 secs] 
2024-10-04T14:13:48.482+0300: 829.387: Total time for which application threads were stopped: 0.0026337 seconds, Stopping threads took: 0.0002008 seconds
2024-10-04T14:13:48.890+0300: 829.795: Application time: 0.4075949 seconds
2024-10-04T14:13:48.890+0300: 829.795: [GC (Allocation Failure) [PSYoungGen: 191018K->7997K(193024K)] 580358K->399538K(602624K), 0.0024257 secs] [Times: user=0.01 sys=0.00, real=0.00 secs] 
2024-10-04T14:13:48.890+0300: 829.797: Total time for which application threads were stopped: 0.0027583 seconds, Stopping threads took: 0.0001664 seconds
2024-10-04T14:13:49.094+0300: 829.992: Application time: 0.1948508 seconds
2024-10-04T14:13:49.094+0300: 829.993: [GC (Allocation Failure) [PSYoungGen: 189166K->8678K(193024K)] 580707K->400995K(602624K), 0.0023533 secs] [Times: user=0.00 sys=0.00, real=0.00 secs] 
2024-10-04T14:13:49.094+0300: 829.995: Total time for which application threads were stopped: 0.0026904 seconds, Stopping threads took: 0.0001796 seconds
2024-10-04T14:13:49.329+0300: 830.236: Application time: 0.2408356 seconds
2024-10-04T14:13:49.329+0300: 830.236: [GC (Allocation Failure) [PSYoungGen: 189365K->9390K(193024K)] 581683K->402496K(602624K), 0.0022899 secs] [Times: user=0.00 sys=0.00, real=0.00 secs] 
2024-10-04T14:13:49.329+0300: 830.238: Total time for which application threads were stopped: 0.0025761 seconds, Stopping threads took: 0.0001495 seconds
2024-10-04T14:13:50.114+0300: 831.017: Application time: 0.7786027 seconds
2024-10-04T14:13:50.114+0300: 831.017: [GC (Allocation Failure) [PSYoungGen: 190416K->10167K(193024K)] 583522K->405443K(602624K), 0.0026372 secs] [Times: user=0.00 sys=0.00, real=0.00 secs] 
2024-10-04T14:13:50.114+0300: 831.020: Total time for which application threads were stopped: 0.0031447 seconds, Stopping threads took: 0.0003301 seconds
2024-10-04T14:13:50.568+0300: 831.466: Application time: 0.4457992 seconds
2024-10-04T14:13:50.568+0300: 831.466: [GC (Allocation Failure) [PSYoungGen: 190926K->9455K(193536K)] 586202K->406884K(603136K), 0.0028425 secs] [Times: user=0.00 sys=0.02, real=0.00 secs] 
2024-10-04T14:13:50.570+0300: 831.469: Total time for which application threads were stopped: 0.0032307 seconds, Stopping threads took: 0.0001721 seconds
2024-10-04T14:13:50.851+0300: 831.757: Application time: 0.2880659 seconds
2024-10-04T14:13:50.851+0300: 831.758: [GC (Allocation Failure) [PSYoungGen: 190935K->9423K(193024K)] 588365K->408333K(602624K), 0.0024767 secs] [Times: user=0.00 sys=0.00, real=0.00 secs] 
2024-10-04T14:13:50.851+0300: 831.760: Total time for which application threads were stopped: 0.0028143 seconds, Stopping threads took: 0.0001859 seconds
2024-10-04T14:13:51.181+0300: 832.087: Application time: 0.3269973 seconds
2024-10-04T14:13:51.181+0300: 832.087: [GC (Allocation Failure) [PSYoungGen: 190600K->9454K(193536K)] 589511K->409838K(603136K), 0.0024302 secs] [Times: user=0.00 sys=0.00, real=0.00 secs] 
2024-10-04T14:13:51.181+0300: 832.090: Total time for which application threads were stopped: 0.0028190 seconds, Stopping threads took: 0.0002149 seconds
2024-10-04T14:13:51.372+0300: 832.280: Application time: 0.1897194 seconds
2024-10-04T14:13:51.372+0300: 832.280: [GC (Allocation Failure) [PSYoungGen: 191591K->8710K(193536K)] 591975K->409898K(603136K), 0.0022450 secs] [Times: user=0.02 sys=0.00, real=0.01 secs] 
2024-10-04T14:13:51.385+0300: 832.282: Total time for which application threads were stopped: 0.0026204 seconds, Stopping threads took: 0.0002143 seconds
2024-10-04T14:13:51.698+0300: 832.601: Application time: 0.3184511 seconds
2024-10-04T14:13:51.698+0300: 832.601: [GC (Allocation Failure) [PSYoungGen: 190790K->9454K(193536K)] 591978K->411411K(603136K), 0.0023475 secs] [Times: user=0.00 sys=0.00, real=0.00 secs] 
2024-10-04T14:13:51.698+0300: 832.603: Total time for which application threads were stopped: 0.0026976 seconds, Stopping threads took: 0.0001684 seconds
2024-10-04T14:13:52.389+0300: 833.296: Application time: 0.6923262 seconds
2024-10-04T14:13:52.389+0300: 833.296: [GC (Allocation Failure) [PSYoungGen: 191215K->8742K(193536K)] 593171K->413589K(603136K), 0.0025581 secs] [Times: user=0.00 sys=0.00, real=0.00 secs] 
2024-10-04T14:13:52.389+0300: 833.299: Total time for which application threads were stopped: 0.0031044 seconds, Stopping threads took: 0.0003250 seconds
2024-10-04T14:13:52.774+0300: 833.674: Application time: 0.3749434 seconds
2024-10-04T14:13:52.774+0300: 833.674: [GC (Allocation Failure) [PSYoungGen: 190962K->9455K(194048K)] 595809K->415742K(603648K), 0.0023140 secs] [Times: user=0.00 sys=0.00, real=0.00 secs] 
2024-10-04T14:13:52.774+0300: 833.676: Total time for which application threads were stopped: 0.0025996 seconds, Stopping threads took: 0.0001082 seconds
2024-10-04T14:13:53.096+0300: 833.999: Application time: 0.3223527 seconds
2024-10-04T14:13:53.096+0300: 833.999: [GC (Allocation Failure) [PSYoungGen: 192146K->9423K(194048K)] 598434K->417896K(603648K), 0.0024891 secs] [Times: user=0.00 sys=0.00, real=0.00 secs] 
2024-10-04T14:13:53.096+0300: 834.002: [Full GC (Ergonomics) [PSYoungGen: 9423K->0K(194048K)] [ParOldGen: 408473K->17945K(409600K)] 417896K->17945K(603648K), [Metaspace: 8301K->8301K(1056768K)], 0.0078532 secs] [Times: user=0.02 sys=0.00, real=0.02 secs] 
2024-10-04T14:13:53.111+0300: 834.010: Total time for which application threads were stopped: 0.0107848 seconds, Stopping threads took: 0.0001923 seconds
2024-10-04T14:13:53.346+0300: 834.250: Application time: 0.2406250 seconds
2024-10-04T14:13:53.346+0300: 834.250: [GC (Allocation Failure) [PSYoungGen: 182920K->9455K(194048K)] 200865K->27400K(603648K), 0.0019075 secs] [Times: user=0.00 sys=0.00, real=0.00 secs] 
2024-10-04T14:13:53.346+0300: 834.252: Total time for which application threads were stopped: 0.0022356 seconds, Stopping threads took: 0.0001906 seconds
2024-10-04T14:13:53.598+0300: 834.502: Application time: 0.2492756 seconds
2024-10-04T14:13:53.598+0300: 834.502: [GC (Allocation Failure) [PSYoungGen: 192284K->9390K(194048K)] 210230K->28112K(603648K), 0.0018634 secs] [Times: user=0.00 sys=0.00, real=0.00 secs] 
2024-10-04T14:13:53.598+0300: 834.504: Total time for which application threads were stopped: 0.0021673 seconds, Stopping threads took: 0.0001358 seconds
2024-10-04T14:13:54.022+0300: 834.929: Application time: 0.4252446 seconds
2024-10-04T14:13:54.022+0300: 834.929: [GC (Allocation Failure) [PSYoungGen: 192181K->9486K(194048K)] 210903K->29681K(603648K), 0.0018066 secs] [Times: user=0.00 sys=0.00, real=0.00 secs] 
2024-10-04T14:13:54.022+0300: 834.931: Total time for which application threads were stopped: 0.0020735 seconds, Stopping threads took: 0.0001199 seconds
2024-10-04T14:13:54.742+0300: 835.638: Application time: 0.7073103 seconds
2024-10-04T14:13:54.742+0300: 835.639: [GC (Allocation Failure) [PSYoungGen: 192689K->10167K(194048K)] 212884K->32540K(603648K), 0.0023217 secs] [Times: user=0.00 sys=0.00, real=0.00 secs] 
2024-10-04T14:13:54.744+0300: 835.641: Total time for which application threads were stopped: 0.0026137 seconds, Stopping threads took: 0.0001436 seconds
2024-10-04T14:13:54.964+0300: 835.873: Application time: 0.2322656 seconds
2024-10-04T14:13:54.964+0300: 835.874: [GC (Allocation Failure) [PSYoungGen: 192926K->7998K(194048K)] 215299K->32548K(603648K), 0.0019900 secs] [Times: user=0.02 sys=0.00, real=0.01 secs] 
2024-10-04T14:13:54.978+0300: 835.876: Total time for which application threads were stopped: 0.0023516 seconds, Stopping threads took: 0.0002257 seconds
2024-10-04T14:13:55.246+0300: 836.147: Application time: 0.2711081 seconds
2024-10-04T14:13:55.246+0300: 836.147: [GC (Allocation Failure) [PSYoungGen: 190916K->10103K(193536K)] 215466K->35454K(603136K), 0.0019425 secs] [Times: user=0.00 sys=0.00, real=0.00 secs] 
2024-10-04T14:13:55.246+0300: 836.149: Total time for which application threads were stopped: 0.0022760 seconds, Stopping threads took: 0.0001978 seconds
2024-10-04T14:13:55.529+0300: 836.430: Application time: 0.2807872 seconds
2024-10-04T14:13:55.529+0300: 836.430: [GC (Allocation Failure) [PSYoungGen: 192994K->7221K(193536K)] 218345K->34061K(603136K), 0.0016811 secs] [Times: user=0.00 sys=0.00, real=0.00 secs] 
2024-10-04T14:13:55.529+0300: 836.432: Total time for which application threads were stopped: 0.0019834 seconds, Stopping threads took: 0.0001247 seconds
2024-10-04T14:13:55.936+0300: 836.844: Application time: 0.4122537 seconds
2024-10-04T14:13:55.936+0300: 836.844: [GC (Allocation Failure) [PSYoungGen: 189313K->8742K(193536K)] 216152K->37055K(603136K), 0.0019646 secs] [Times: user=0.00 sys=0.00, real=0.00 secs] 
2024-10-04T14:13:55.936+0300: 836.846: Total time for which application threads were stopped: 0.0022656 seconds, Stopping threads took: 0.0001636 seconds
2024-10-04T14:13:56.344+0300: 837.243: Application time: 0.3964987 seconds
2024-10-04T14:13:56.344+0300: 837.243: [GC (Allocation Failure) [PSYoungGen: 190871K->10911K(192512K)] 219184K->39977K(602112K), 0.0020782 secs] [Times: user=0.00 sys=0.00, real=0.00 secs] 
2024-10-04T14:13:56.344+0300: 837.245: Total time for which application threads were stopped: 0.0023779 seconds, Stopping threads took: 0.0001358 seconds
2024-10-04T14:13:57.019+0300: 837.928: Application time: 0.6825611 seconds
2024-10-04T14:13:57.019+0300: 837.928: [GC (Allocation Failure) [PSYoungGen: 191637K->10167K(193024K)] 220703K->41418K(602624K), 0.0022662 secs] [Times: user=0.00 sys=0.00, real=0.00 secs] 
2024-10-04T14:13:57.019+0300: 837.930: Total time for which application threads were stopped: 0.0025806 seconds, Stopping threads took: 0.0001571 seconds
2024-10-04T14:13:57.223+0300: 838.127: Application time: 0.1969046 seconds
2024-10-04T14:13:57.223+0300: 838.128: [GC (Allocation Failure) [PSYoungGen: 190943K->9391K(193024K)] 222194K->42131K(602624K), 0.0019709 secs] [Times: user=0.00 sys=0.00, real=0.00 secs] 
2024-10-04T14:13:57.223+0300: 838.130: Total time for which application threads were stopped: 0.0022665 seconds, Stopping threads took: 0.0001207 seconds
2024-10-04T14:13:57.396+0300: 838.304: Application time: 0.1747928 seconds
2024-10-04T14:13:57.396+0300: 838.305: [GC (Allocation Failure) [PSYoungGen: 190101K->10135K(193024K)] 222841K->43644K(602624K), 0.0020919 secs] [Times: user=0.00 sys=0.00, real=0.00 secs] 
2024-10-04T14:13:57.396+0300: 838.307: Total time for which application threads were stopped: 0.0023966 seconds, Stopping threads took: 0.0001697 seconds
2024-10-04T14:13:57.725+0300: 838.634: Application time: 0.3270084 seconds
2024-10-04T14:13:57.725+0300: 838.634: [GC (Allocation Failure) [PSYoungGen: 191153K->9390K(193536K)] 224662K->45093K(603136K), 0.0021961 secs] [Times: user=0.00 sys=0.00, real=0.00 secs] 
2024-10-04T14:13:57.725+0300: 838.636: Total time for which application threads were stopped: 0.0025908 seconds, Stopping threads took: 0.0002179 seconds
2024-10-04T14:13:58.243+0300: 839.151: Application time: 0.5145810 seconds
2024-10-04T14:13:58.243+0300: 839.151: [GC (Allocation Failure) [PSYoungGen: 191126K->9454K(193024K)] 226828K->45957K(602624K), 0.0020158 secs] [Times: user=0.00 sys=0.00, real=0.00 secs] 
2024-10-04T14:13:58.243+0300: 839.153: Total time for which application threads were stopped: 0.0023010 seconds, Stopping threads took: 0.0001427 seconds
2024-10-04T14:13:58.619+0300: 839.516: Application time: 0.3623241 seconds
2024-10-04T14:13:58.619+0300: 839.516: [GC (Allocation Failure) [PSYoungGen: 190884K->10103K(193536K)] 227386K->48063K(603136K), 0.0022407 secs] [Times: user=0.00 sys=0.00, real=0.00 secs] 
2024-10-04T14:13:58.619+0300: 839.518: Total time for which application threads were stopped: 0.0025168 seconds, Stopping threads took: 0.0000914 seconds
2024-10-04T14:13:59.186+0300: 840.093: Application time: 0.5744652 seconds
2024-10-04T14:13:59.186+0300: 840.093: [GC (Allocation Failure) [PSYoungGen: 192258K->10167K(193536K)] 230218K->50321K(603136K), 0.0023884 secs] [Times: user=0.01 sys=0.00, real=0.00 secs] 
2024-10-04T14:13:59.186+0300: 840.095: Total time for which application threads were stopped: 0.0027783 seconds, Stopping threads took: 0.0002377 seconds
2024-10-04T14:13:59.310+0300: 840.221: Application time: 0.1251418 seconds
2024-10-04T14:13:59.310+0300: 840.221: [GC (Allocation Failure) [PSYoungGen: 192417K->9423K(193536K)] 232570K->51057K(603136K), 0.0021394 secs] [Times: user=0.02 sys=0.00, real=0.02 secs] 
2024-10-04T14:13:59.326+0300: 840.223: Total time for which application threads were stopped: 0.0025019 seconds, Stopping threads took: 0.0002165 seconds
2024-10-04T14:13:59.718+0300: 840.616: Application time: 0.3932833 seconds
2024-10-04T14:13:59.718+0300: 840.617: [GC (Allocation Failure) [PSYoungGen: 191500K->10135K(193536K)] 233134K->52538K(603136K), 0.0020267 secs] [Times: user=0.00 sys=0.00, real=0.00 secs] 
2024-10-04T14:13:59.718+0300: 840.619: Total time for which application threads were stopped: 0.0023205 seconds, Stopping threads took: 0.0001662 seconds
2024-10-04T14:13:59.887+0300: 840.783: Application time: 0.1643967 seconds
2024-10-04T14:13:59.887+0300: 840.783: [GC (Allocation Failure) [PSYoungGen: 191992K->9422K(193536K)] 234395K->54011K(603136K), 0.0020579 secs] [Times: user=0.00 sys=0.00, real=0.00 secs] 
2024-10-04T14:13:59.887+0300: 840.785: Total time for which application threads were stopped: 0.0023723 seconds, Stopping threads took: 0.0001797 seconds
2024-10-04T14:14:00.581+0300: 841.481: Application time: 0.6959359 seconds
2024-10-04T14:14:00.581+0300: 841.482: [GC (Allocation Failure) [PSYoungGen: 191217K->10167K(193536K)] 235805K->55544K(603136K), 0.0021212 secs] [Times: user=0.00 sys=0.00, real=0.00 secs] 
2024-10-04T14:14:00.581+0300: 841.484: Total time for which application threads were stopped: 0.0023650 seconds, Stopping threads took: 0.0000768 seconds
2024-10-04T14:14:00.957+0300: 841.860: Application time: 0.3758114 seconds
2024-10-04T14:14:00.957+0300: 841.860: [GC (Allocation Failure) [PSYoungGen: 192328K->8742K(193536K)] 237705K->55552K(603136K), 0.0020637 secs] [Times: user=0.00 sys=0.00, real=0.00 secs] 
2024-10-04T14:14:00.957+0300: 841.862: Total time for which application threads were stopped: 0.0024149 seconds, Stopping threads took: 0.0002107 seconds
2024-10-04T14:14:01.318+0300: 842.227: Application time: 0.3648694 seconds
2024-10-04T14:14:01.318+0300: 842.227: [GC (Allocation Failure) [PSYoungGen: 190948K->8646K(193536K)] 237758K->57650K(603136K), 0.0020235 secs] [Times: user=0.00 sys=0.00, real=0.00 secs] 
2024-10-04T14:14:01.318+0300: 842.229: Total time for which application threads were stopped: 0.0023708 seconds, Stopping threads took: 0.0001864 seconds
2024-10-04T14:14:01.710+0300: 842.616: Application time: 0.3864058 seconds
2024-10-04T14:14:01.710+0300: 842.616: [GC (Allocation Failure) [PSYoungGen: 190802K->8710K(193536K)] 239805K->59195K(603136K), 0.0020177 secs] [Times: user=0.00 sys=0.00, real=0.00 secs] 
2024-10-04T14:14:01.710+0300: 842.618: Total time for which application threads were stopped: 0.0023594 seconds, Stopping threads took: 0.0001707 seconds
2024-10-04T14:14:02.055+0300: 842.958: Application time: 0.3395418 seconds
2024-10-04T14:14:02.055+0300: 842.958: [GC (Allocation Failure) [PSYoungGen: 190681K->9486K(193536K)] 241166K->60740K(603136K), 0.0019503 secs] [Times: user=0.00 sys=0.00, real=0.00 secs] 
2024-10-04T14:14:02.055+0300: 842.960: Total time for which application threads were stopped: 0.0023365 seconds, Stopping threads took: 0.0002358 seconds
2024-10-04T14:14:02.149+0300: 843.058: Application time: 0.0979771 seconds
2024-10-04T14:14:02.149+0300: 843.058: [GC (Allocation Failure) [PSYoungGen: 191573K->9358K(193536K)] 242826K->62133K(603136K), 0.0019887 secs] [Times: user=0.00 sys=0.00, real=0.00 secs] 
2024-10-04T14:14:02.149+0300: 843.060: Total time for which application threads were stopped: 0.0023046 seconds, Stopping threads took: 0.0001701 seconds
2024-10-04T14:14:02.919+0300: 843.827: Application time: 0.7673141 seconds
2024-10-04T14:14:02.919+0300: 843.828: [GC (Allocation Failure) [PSYoungGen: 191094K->10167K(193536K)] 243868K->63694K(603136K), 0.0021364 secs] [Times: user=0.00 sys=0.02, real=0.00 secs] 
2024-10-04T14:14:02.919+0300: 843.830: Total time for which application threads were stopped: 0.0025051 seconds, Stopping threads took: 0.0001802 seconds
2024-10-04T14:14:03.311+0300: 844.209: Application time: 0.3793204 seconds
2024-10-04T14:14:03.311+0300: 844.210: [GC (Allocation Failure) [PSYoungGen: 192345K->9455K(193536K)] 245872K->64423K(603136K), 0.0020329 secs] [Times: user=0.00 sys=0.00, real=0.00 secs] 
2024-10-04T14:14:03.311+0300: 844.212: Total time for which application threads were stopped: 0.0023617 seconds, Stopping threads took: 0.0001812 seconds
2024-10-04T14:14:03.703+0300: 844.610: Application time: 0.3982004 seconds
2024-10-04T14:14:03.703+0300: 844.610: [GC (Allocation Failure) [PSYoungGen: 191642K->9423K(193536K)] 246610K->66576K(603136K), 0.0021266 secs] [Times: user=0.00 sys=0.00, real=0.00 secs] 
2024-10-04T14:14:03.703+0300: 844.612: Total time for which application threads were stopped: 0.0024365 seconds, Stopping threads took: 0.0001597 seconds
2024-10-04T14:14:04.064+0300: 844.973: Application time: 0.3602686 seconds
2024-10-04T14:14:04.064+0300: 844.973: [GC (Allocation Failure) [PSYoungGen: 191546K->8742K(194048K)] 248700K->67368K(603648K), 0.0019608 secs] [Times: user=0.00 sys=0.00, real=0.00 secs] 
2024-10-04T14:14:04.064+0300: 844.975: Total time for which application threads were stopped: 0.0022841 seconds, Stopping threads took: 0.0001896 seconds
2024-10-04T14:14:04.237+0300: 845.134: Application time: 0.1595712 seconds
2024-10-04T14:14:04.237+0300: 845.135: [GC (Allocation Failure) [PSYoungGen: 191381K->8710K(194048K)] 250007K->68113K(603648K), 0.0019316 secs] [Times: user=0.00 sys=0.00, real=0.00 secs] 
2024-10-04T14:14:04.237+0300: 845.137: Total time for which application threads were stopped: 0.0025214 seconds, Stopping threads took: 0.0004644 seconds
2024-10-04T14:14:04.551+0300: 845.457: Application time: 0.3197841 seconds
2024-10-04T14:14:04.551+0300: 845.457: [GC (Allocation Failure) [PSYoungGen: 191535K->10199K(193024K)] 250938K->71103K(602624K), 0.0024712 secs] [Times: user=0.00 sys=0.00, real=0.00 secs] 
2024-10-04T14:14:04.551+0300: 845.459: Total time for which application threads were stopped: 0.0027421 seconds, Stopping threads took: 0.0001117 seconds
2024-10-04T14:14:05.288+0300: 846.188: Application time: 0.7283815 seconds
2024-10-04T14:14:05.288+0300: 846.188: [GC (Allocation Failure) [PSYoungGen: 191944K->10167K(193536K)] 252848K->73265K(603136K), 0.0024083 secs] [Times: user=0.00 sys=0.00, real=0.00 secs] 
2024-10-04T14:14:05.288+0300: 846.191: Total time for which application threads were stopped: 0.0027135 seconds, Stopping threads took: 0.0001675 seconds
2024-10-04T14:14:05.633+0300: 846.538: Application time: 0.3475873 seconds
2024-10-04T14:14:05.633+0300: 846.538: [GC (Allocation Failure) [PSYoungGen: 192416K->9455K(193536K)] 255514K->74714K(603136K), 0.0020995 secs] [Times: user=0.00 sys=0.00, real=0.00 secs] 
2024-10-04T14:14:05.633+0300: 846.541: Total time for which application threads were stopped: 0.0024450 seconds, Stopping threads took: 0.0001847 seconds
2024-10-04T14:14:05.998+0300: 846.897: Application time: 0.3561978 seconds
2024-10-04T14:14:05.998+0300: 846.897: [GC (Allocation Failure) [PSYoungGen: 191614K->7998K(193536K)] 256873K->74730K(603136K), 0.0018296 secs] [Times: user=0.00 sys=0.00, real=0.00 secs] 
2024-10-04T14:14:05.998+0300: 846.899: Total time for which application threads were stopped: 0.0022016 seconds, Stopping threads took: 0.0002102 seconds
2024-10-04T14:14:06.229+0300: 847.138: Application time: 0.2394504 seconds
2024-10-04T14:14:06.229+0300: 847.139: [GC (Allocation Failure) [PSYoungGen: 189880K->9422K(193536K)] 256612K->76923K(603136K), 0.0019904 secs] [Times: user=0.00 sys=0.00, real=0.00 secs] 
2024-10-04T14:14:06.229+0300: 847.141: Total time for which application threads were stopped: 0.0023763 seconds, Stopping threads took: 0.0002272 seconds
2024-10-04T14:14:06.465+0300: 847.367: Application time: 0.2262988 seconds
2024-10-04T14:14:06.465+0300: 847.367: [GC (Allocation Failure) [PSYoungGen: 191553K->9390K(193536K)] 259054K->77680K(603136K), 0.0018308 secs] [Times: user=0.00 sys=0.00, real=0.00 secs] 
2024-10-04T14:14:06.465+0300: 847.369: Total time for which application threads were stopped: 0.0020938 seconds, Stopping threads took: 0.0001244 seconds
2024-10-04T14:14:06.904+0300: 847.806: Application time: 0.4368558 seconds
2024-10-04T14:14:06.904+0300: 847.806: [GC (Allocation Failure) [PSYoungGen: 191441K->10167K(193024K)] 259730K->79922K(602624K), 0.0021506 secs] [Times: user=0.00 sys=0.00, real=0.00 secs] 
2024-10-04T14:14:06.904+0300: 847.809: Total time for which application threads were stopped: 0.0024614 seconds, Stopping threads took: 0.0001711 seconds
2024-10-04T14:14:07.579+0300: 848.490: Application time: 0.6810895 seconds
2024-10-04T14:14:07.579+0300: 848.490: [GC (Allocation Failure) [PSYoungGen: 192309K->10880K(193536K)] 262064K->82107K(603136K), 0.0025748 secs] [Times: user=0.00 sys=0.00, real=0.02 secs] 
2024-10-04T14:14:07.594+0300: 848.493: Total time for which application threads were stopped: 0.0029987 seconds, Stopping threads took: 0.0001935 seconds
2024-10-04T14:14:07.941+0300: 848.852: Application time: 0.3589508 seconds
2024-10-04T14:14:07.941+0300: 848.852: [GC (Allocation Failure) [PSYoungGen: 193125K->10135K(192512K)] 264353K->83549K(602112K), 0.0023570 secs] [Times: user=0.01 sys=0.00, real=0.02 secs] 
2024-10-04T14:14:07.956+0300: 848.854: Total time for which application threads were stopped: 0.0027018 seconds, Stopping threads took: 0.0001805 seconds
2024-10-04T14:14:08.239+0300: 849.146: Application time: 0.2915976 seconds
2024-10-04T14:14:08.239+0300: 849.146: [GC (Allocation Failure) [PSYoungGen: 190908K->9455K(193024K)] 264321K->84341K(602624K), 0.0021017 secs] [Times: user=0.00 sys=0.00, real=0.00 secs] 
2024-10-04T14:14:08.239+0300: 849.148: Total time for which application threads were stopped: 0.0024849 seconds, Stopping threads took: 0.0002362 seconds
2024-10-04T14:14:08.458+0300: 849.362: Application time: 0.2139428 seconds
2024-10-04T14:14:08.458+0300: 849.363: [GC (Allocation Failure) [PSYoungGen: 190197K->9390K(193536K)] 265083K->85053K(603136K), 0.0021765 secs] [Times: user=0.00 sys=0.00, real=0.00 secs] 
2024-10-04T14:14:08.458+0300: 849.365: Total time for which application threads were stopped: 0.0024541 seconds, Stopping threads took: 0.0001130 seconds
2024-10-04T14:14:08.741+0300: 849.644: Application time: 0.2789430 seconds
2024-10-04T14:14:08.741+0300: 849.644: [GC (Allocation Failure) [PSYoungGen: 191146K->10879K(193536K)] 266809K->87303K(603136K), 0.0022077 secs] [Times: user=0.00 sys=0.00, real=0.00 secs] 
2024-10-04T14:14:08.741+0300: 849.646: Total time for which application threads were stopped: 0.0025575 seconds, Stopping threads took: 0.0001843 seconds
2024-10-04T14:14:09.180+0300: 850.082: Application time: 0.4354843 seconds
2024-10-04T14:14:09.180+0300: 850.082: [GC (Allocation Failure) [PSYoungGen: 192617K->9422K(193536K)] 269040K->88060K(603136K), 0.0021069 secs] [Times: user=0.00 sys=0.00, real=0.00 secs] 
2024-10-04T14:14:09.180+0300: 850.084: Total time for which application threads were stopped: 0.0024145 seconds, Stopping threads took: 0.0001645 seconds
2024-10-04T14:14:09.776+0300: 850.685: Application time: 0.6003635 seconds
2024-10-04T14:14:09.776+0300: 850.685: [GC (Allocation Failure) [PSYoungGen: 191537K->10880K(193536K)] 270175K->90237K(603136K), 0.0021850 secs] [Times: user=0.00 sys=0.00, real=0.00 secs] 
2024-10-04T14:14:09.776+0300: 850.687: Total time for which application threads were stopped: 0.0025467 seconds, Stopping threads took: 0.0002254 seconds
2024-10-04T14:14:10.090+0300: 850.992: Application time: 0.3046249 seconds
2024-10-04T14:14:10.090+0300: 850.992: [GC (Allocation Failure) [PSYoungGen: 193123K->9391K(192512K)] 272481K->91662K(602112K), 0.0024575 secs] [Times: user=0.00 sys=0.00, real=0.00 secs] 
2024-10-04T14:14:10.090+0300: 850.995: Total time for which application threads were stopped: 0.0028357 seconds, Stopping threads took: 0.0002191 seconds
2024-10-04T14:14:10.263+0300: 851.174: Application time: 0.1796279 seconds
2024-10-04T14:14:10.279+0300: 851.175: [GC (Allocation Failure) [PSYoungGen: 190137K->9423K(193024K)] 272408K->92471K(602624K), 0.0020483 secs] [Times: user=0.00 sys=0.00, real=0.00 secs] 
2024-10-04T14:14:10.279+0300: 851.177: Total time for which application threads were stopped: 0.0025297 seconds, Stopping threads took: 0.0002840 seconds
2024-10-04T14:14:10.686+0300: 851.587: Application time: 0.4102008 seconds
2024-10-04T14:14:10.686+0300: 851.587: [GC (Allocation Failure) [PSYoungGen: 190431K->9422K(193536K)] 273479K->93239K(603136K), 0.0020803 secs] [Times: user=0.00 sys=0.00, real=0.00 secs] 
2024-10-04T14:14:10.686+0300: 851.590: Total time for which application threads were stopped: 0.0026733 seconds, Stopping threads took: 0.0004135 seconds
2024-10-04T14:14:10.781+0300: 851.688: Application time: 0.0985670 seconds
2024-10-04T14:14:10.781+0300: 851.689: [GC (Allocation Failure) [PSYoungGen: 190886K->10167K(193024K)] 274703K->94776K(602624K), 0.0020523 secs] [Times: user=0.00 sys=0.00, real=0.00 secs] 
2024-10-04T14:14:10.781+0300: 851.691: Total time for which application threads were stopped: 0.0024180 seconds, Stopping threads took: 0.0002157 seconds
2024-10-04T14:14:11.377+0300: 852.283: Application time: 0.5919790 seconds
2024-10-04T14:14:11.377+0300: 852.283: [GC (Allocation Failure) [PSYoungGen: 191907K->10167K(193536K)] 276517K->96954K(603136K), 0.0022881 secs] [Times: user=0.00 sys=0.00, real=0.00 secs] 
2024-10-04T14:14:11.377+0300: 852.285: Total time for which application threads were stopped: 0.0026005 seconds, Stopping threads took: 0.0001848 seconds
2024-10-04T14:14:11.958+0300: 852.866: Application time: 0.5803256 seconds
2024-10-04T14:14:11.958+0300: 852.866: [GC (Allocation Failure) [PSYoungGen: 192368K->10135K(193536K)] 279155K->99084K(603136K), 0.0022198 secs] [Times: user=0.00 sys=0.00, real=0.00 secs] 
2024-10-04T14:14:11.958+0300: 852.868: Total time for which application threads were stopped: 0.0025724 seconds, Stopping threads took: 0.0002113 seconds
2024-10-04T14:14:12.303+0300: 853.203: Application time: 0.3347373 seconds
2024-10-04T14:14:12.303+0300: 853.203: [GC (Allocation Failure) [PSYoungGen: 192331K->10071K(193536K)] 281280K->100509K(603136K), 0.0023690 secs] [Times: user=0.00 sys=0.00, real=0.00 secs] 
2024-10-04T14:14:12.303+0300: 853.206: Total time for which application threads were stopped: 0.0028195 seconds, Stopping threads took: 0.0002268 seconds
2024-10-04T14:14:12.585+0300: 853.495: Application time: 0.2890066 seconds
2024-10-04T14:14:12.585+0300: 853.495: [GC (Allocation Failure) [PSYoungGen: 192226K->9487K(193536K)] 282663K->101389K(603136K), 0.0020353 secs] [Times: user=0.01 sys=0.00, real=0.02 secs] 
2024-10-04T14:14:12.601+0300: 853.497: Total time for which application threads were stopped: 0.0024771 seconds, Stopping threads took: 0.0002614 seconds
2024-10-04T14:14:12.915+0300: 853.818: Application time: 0.3204160 seconds
2024-10-04T14:14:12.915+0300: 853.818: [GC (Allocation Failure) [PSYoungGen: 191313K->8694K(193536K)] 283216K->102086K(603136K), 0.0020977 secs] [Times: user=0.01 sys=0.00, real=0.00 secs] 
2024-10-04T14:14:12.915+0300: 853.820: Total time for which application threads were stopped: 0.0024584 seconds, Stopping threads took: 0.0002139 seconds
2024-10-04T14:14:13.181+0300: 854.084: Application time: 0.2639440 seconds
2024-10-04T14:14:13.181+0300: 854.084: [GC (Allocation Failure) [PSYoungGen: 190803K->10879K(193536K)] 284195K->104351K(603136K), 0.0020901 secs] [Times: user=0.00 sys=0.00, real=0.00 secs] 
2024-10-04T14:14:13.181+0300: 854.086: Total time for which application threads were stopped: 0.0024108 seconds, Stopping threads took: 0.0001658 seconds
2024-10-04T14:14:13.813+0300: 854.712: Application time: 0.6257596 seconds
2024-10-04T14:14:13.813+0300: 854.712: [GC (Allocation Failure) [PSYoungGen: 192714K->10167K(192512K)] 286185K->105824K(602112K), 0.0024174 secs] [Times: user=0.00 sys=0.00, real=0.00 secs] 
2024-10-04T14:14:13.813+0300: 854.715: Total time for which application threads were stopped: 0.0027863 seconds, Stopping threads took: 0.0001657 seconds
2024-10-04T14:14:14.170+0300: 855.080: Application time: 0.3649005 seconds
2024-10-04T14:14:14.170+0300: 855.080: [GC (Allocation Failure) [PSYoungGen: 190916K->9454K(193024K)] 286574K->107265K(602624K), 0.0022770 secs] [Times: user=0.01 sys=0.00, real=0.01 secs] 
2024-10-04T14:14:14.185+0300: 855.082: Total time for which application threads were stopped: 0.0025612 seconds, Stopping threads took: 0.0001437 seconds
2024-10-04T14:14:14.546+0300: 855.452: Application time: 0.3695679 seconds
2024-10-04T14:14:14.546+0300: 855.452: [GC (Allocation Failure) [PSYoungGen: 190209K->9391K(193536K)] 288019K->109395K(603136K), 0.0021125 secs] [Times: user=0.00 sys=0.00, real=0.00 secs] 
2024-10-04T14:14:14.546+0300: 855.454: Total time for which application threads were stopped: 0.0023830 seconds, Stopping threads took: 0.0001102 seconds
2024-10-04T14:14:14.907+0300: 855.808: Application time: 0.3538390 seconds
2024-10-04T14:14:14.907+0300: 855.808: [GC (Allocation Failure) [PSYoungGen: 190788K->8742K(193024K)] 290792K->110228K(602624K), 0.0020509 secs] [Times: user=0.00 sys=0.00, real=0.00 secs] 
2024-10-04T14:14:14.907+0300: 855.811: Total time for which application threads were stopped: 0.0023939 seconds, Stopping threads took: 0.0001381 seconds
2024-10-04T14:14:15.237+0300: 856.134: Application time: 0.3238453 seconds
2024-10-04T14:14:15.237+0300: 856.135: [GC (Allocation Failure) [PSYoungGen: 189837K->8646K(193024K)] 291323K->110908K(602624K), 0.0018889 secs] [Times: user=0.00 sys=0.00, real=0.00 secs] 
2024-10-04T14:14:15.237+0300: 856.137: Total time for which application threads were stopped: 0.0022328 seconds, Stopping threads took: 0.0001983 seconds
2024-10-04T14:14:15.363+0300: 856.262: Application time: 0.1254973 seconds
2024-10-04T14:14:15.363+0300: 856.262: [GC (Allocation Failure) [PSYoungGen: 189354K->10103K(193024K)] 291617K->113169K(602624K), 0.0022125 secs] [Times: user=0.00 sys=0.00, real=0.00 secs] 
2024-10-04T14:14:15.363+0300: 856.265: Total time for which application threads were stopped: 0.0025592 seconds, Stopping threads took: 0.0002091 seconds
2024-10-04T14:14:16.117+0300: 857.024: Application time: 0.7591325 seconds
2024-10-04T14:14:16.117+0300: 857.024: [GC (Allocation Failure) [PSYoungGen: 191113K->10167K(193024K)] 294180K->114699K(602624K), 0.0022263 secs] [Times: user=0.00 sys=0.00, real=0.00 secs] 
2024-10-04T14:14:16.117+0300: 857.026: Total time for which application threads were stopped: 0.0025599 seconds, Stopping threads took: 0.0001922 seconds
2024-10-04T14:14:16.571+0300: 857.468: Application time: 0.4415460 seconds
2024-10-04T14:14:16.587+0300: 857.483: [GC (Allocation Failure) [PSYoungGen: 190712K->10199K(193024K)] 295244K->115451K(602624K), 0.0022796 secs] [Times: user=0.00 sys=0.00, real=0.00 secs] 
2024-10-04T14:14:16.587+0300: 857.486: Total time for which application threads were stopped: 0.0176721 seconds, Stopping threads took: 0.0151697 seconds
2024-10-04T14:14:16.900+0300: 857.797: Application time: 0.3111675 seconds
2024-10-04T14:14:16.900+0300: 857.797: [GC (Allocation Failure) [PSYoungGen: 191210K->9391K(193024K)] 296462K->116872K(602624K), 0.0023007 secs] [Times: user=0.00 sys=0.00, real=0.00 secs] 
2024-10-04T14:14:16.900+0300: 857.799: Total time for which application threads were stopped: 0.0026165 seconds, Stopping threads took: 0.0001645 seconds
2024-10-04T14:14:17.183+0300: 858.079: Application time: 0.2793751 seconds
2024-10-04T14:14:17.183+0300: 858.079: [GC (Allocation Failure) [PSYoungGen: 190557K->9454K(193024K)] 298039K->118385K(602624K), 0.0020876 secs] [Times: user=0.00 sys=0.00, real=0.00 secs] 
2024-10-04T14:14:17.183+0300: 858.081: Total time for which application threads were stopped: 0.0024758 seconds, Stopping threads took: 0.0002451 seconds
2024-10-04T14:14:17.528+0300: 858.438: Application time: 0.3565869 seconds
2024-10-04T14:14:17.528+0300: 858.438: [GC (Allocation Failure) [PSYoungGen: 190148K->9390K(193536K)] 299079K->119126K(603136K), 0.0021676 secs] [Times: user=0.02 sys=0.00, real=0.02 secs] 
2024-10-04T14:14:17.544+0300: 858.440: Total time for which application threads were stopped: 0.0025523 seconds, Stopping threads took: 0.0002333 seconds
2024-10-04T14:14:17.700+0300: 858.602: Application time: 0.1610559 seconds
2024-10-04T14:14:17.700+0300: 858.602: [GC (Allocation Failure) [PSYoungGen: 191523K->10135K(193536K)] 301258K->120639K(603136K), 0.0020429 secs] [Times: user=0.00 sys=0.00, real=0.00 secs] 
2024-10-04T14:14:17.700+0300: 858.604: Total time for which application threads were stopped: 0.0023411 seconds, Stopping threads took: 0.0001690 seconds
2024-10-04T14:14:18.439+0300: 859.350: Application time: 0.7457360 seconds
2024-10-04T14:14:18.439+0300: 859.350: [GC (Allocation Failure) [PSYoungGen: 191878K->9455K(193536K)] 302382K->122857K(603136K), 0.0024540 secs] [Times: user=0.02 sys=0.00, real=0.02 secs] 
2024-10-04T14:14:18.454+0300: 859.352: Total time for which application threads were stopped: 0.0028213 seconds, Stopping threads took: 0.0002069 seconds
2024-10-04T14:14:18.809+0300: 859.706: Application time: 0.3532416 seconds
2024-10-04T14:14:18.809+0300: 859.706: [GC (Allocation Failure) [PSYoungGen: 191644K->9423K(193536K)] 305046K->124282K(603136K), 0.0020883 secs] [Times: user=0.00 sys=0.00, real=0.00 secs] 
2024-10-04T14:14:18.811+0300: 859.708: Total time for which application threads were stopped: 0.0024282 seconds, Stopping threads took: 0.0001784 seconds
2024-10-04T14:14:19.146+0300: 860.046: Application time: 0.3377833 seconds
2024-10-04T14:14:19.146+0300: 860.046: [GC (Allocation Failure) [PSYoungGen: 191334K->9359K(193536K)] 306193K->126419K(603136K), 0.0022151 secs] [Times: user=0.00 sys=0.00, real=0.00 secs] 
2024-10-04T14:14:19.146+0300: 860.048: Total time for which application threads were stopped: 0.0025892 seconds, Stopping threads took: 0.0002214 seconds
2024-10-04T14:14:19.412+0300: 860.315: Application time: 0.2667567 seconds
2024-10-04T14:14:19.412+0300: 860.316: [GC (Allocation Failure) [PSYoungGen: 191543K->9423K(193536K)] 308604K->127284K(603136K), 0.0019973 secs] [Times: user=0.00 sys=0.00, real=0.00 secs] 
2024-10-04T14:14:19.412+0300: 860.318: Total time for which application threads were stopped: 0.0023477 seconds, Stopping threads took: 0.0002027 seconds
2024-10-04T14:14:19.742+0300: 860.643: Application time: 0.3253315 seconds
2024-10-04T14:14:19.742+0300: 860.643: [GC (Allocation Failure) [PSYoungGen: 191545K->9390K(194048K)] 309407K->128028K(603648K), 0.0020116 secs] [Times: user=0.00 sys=0.00, real=0.00 secs] 
2024-10-04T14:14:19.742+0300: 860.645: Total time for which application threads were stopped: 0.0023481 seconds, Stopping threads took: 0.0001825 seconds
2024-10-04T14:14:20.071+0300: 860.975: Application time: 0.3302167 seconds
2024-10-04T14:14:20.071+0300: 860.976: [GC (Allocation Failure) [PSYoungGen: 192218K->10199K(193536K)] 310856K->130302K(603136K), 0.0021706 secs] [Times: user=0.00 sys=0.00, real=0.00 secs] 
2024-10-04T14:14:20.071+0300: 860.978: Total time for which application threads were stopped: 0.0024376 seconds, Stopping threads took: 0.0001274 seconds
2024-10-04T14:14:20.793+0300: 861.694: Application time: 0.7164794 seconds
2024-10-04T14:14:20.793+0300: 861.695: [GC (Allocation Failure) [PSYoungGen: 193381K->9455K(194048K)] 313484K->131023K(603648K), 0.0021761 secs] [Times: user=0.00 sys=0.00, real=0.00 secs] 
2024-10-04T14:14:20.793+0300: 861.697: Total time for which application threads were stopped: 0.0025436 seconds, Stopping threads took: 0.0001718 seconds
2024-10-04T14:14:21.126+0300: 862.024: Application time: 0.3273470 seconds
2024-10-04T14:14:21.126+0300: 862.025: [GC (Allocation Failure) [PSYoungGen: 192204K->10135K(193536K)] 313772K->133873K(603136K), 0.0022468 secs] [Times: user=0.00 sys=0.00, real=0.00 secs] 
2024-10-04T14:14:21.126+0300: 862.027: Total time for which application threads were stopped: 0.0026838 seconds, Stopping threads took: 0.0002711 seconds
2024-10-04T14:14:21.294+0300: 862.203: Application time: 0.1758685 seconds
2024-10-04T14:14:21.294+0300: 862.203: [GC (Allocation Failure) [PSYoungGen: 192347K->9359K(194048K)] 316084K->134617K(603648K), 0.0021545 secs] [Times: user=0.00 sys=0.00, real=0.00 secs] 
2024-10-04T14:14:21.294+0300: 862.205: Total time for which application threads were stopped: 0.0025303 seconds, Stopping threads took: 0.0002243 seconds
2024-10-04T14:14:21.640+0300: 862.540: Application time: 0.3344359 seconds
2024-10-04T14:14:21.640+0300: 862.540: [GC (Allocation Failure) [PSYoungGen: 191466K->9455K(193536K)] 316725K->135474K(603136K), 0.0019922 secs] [Times: user=0.00 sys=0.00, real=0.00 secs] 
2024-10-04T14:14:21.640+0300: 862.542: Total time for which application threads were stopped: 0.0023513 seconds, Stopping threads took: 0.0001677 seconds
2024-10-04T14:14:22.000+0300: 862.903: Application time: 0.3604564 seconds
2024-10-04T14:14:22.000+0300: 862.903: [GC (Allocation Failure) [PSYoungGen: 191587K->8710K(194048K)] 317606K->135497K(603648K), 0.0019751 secs] [Times: user=0.00 sys=0.00, real=0.00 secs] 
2024-10-04T14:14:22.000+0300: 862.905: Total time for which application threads were stopped: 0.0022694 seconds, Stopping threads took: 0.0001470 seconds
2024-10-04T14:14:22.408+0300: 863.310: Application time: 0.4047727 seconds
2024-10-04T14:14:22.408+0300: 863.310: [GC (Allocation Failure) [PSYoungGen: 191542K->10135K(193536K)] 318330K->139116K(603136K), 0.0023461 secs] [Times: user=0.00 sys=0.00, real=0.00 secs] 
2024-10-04T14:14:22.408+0300: 863.312: Total time for which application threads were stopped: 0.0026311 seconds, Stopping threads took: 0.0001446 seconds
2024-10-04T14:14:23.099+0300: 863.995: Application time: 0.6827938 seconds
2024-10-04T14:14:23.099+0300: 863.995: [GC (Allocation Failure) [PSYoungGen: 193109K->10167K(193536K)] 322090K->141334K(603136K), 0.0024912 secs] [Times: user=0.00 sys=0.00, real=0.00 secs] 
2024-10-04T14:14:23.099+0300: 863.998: Total time for which application threads were stopped: 0.0027758 seconds, Stopping threads took: 0.0001302 seconds
2024-10-04T14:14:23.255+0300: 864.162: Application time: 0.1637533 seconds
2024-10-04T14:14:23.255+0300: 864.162: [GC (Allocation Failure) [PSYoungGen: 192386K->10103K(193536K)] 323553K->142751K(603136K), 0.0021913 secs] [Times: user=0.00 sys=0.00, real=0.00 secs] 
2024-10-04T14:14:23.255+0300: 864.164: Total time for which application threads were stopped: 0.0025320 seconds, Stopping threads took: 0.0002114 seconds
2024-10-04T14:14:23.490+0300: 864.392: Application time: 0.2277268 seconds
2024-10-04T14:14:23.490+0300: 864.392: [GC (Allocation Failure) [PSYoungGen: 192259K->9391K(193536K)] 324907K->143528K(603136K), 0.0019941 secs] [Times: user=0.00 sys=0.00, real=0.00 secs] 
2024-10-04T14:14:23.490+0300: 864.394: Total time for which application threads were stopped: 0.0022849 seconds, Stopping threads took: 0.0001559 seconds
2024-10-04T14:14:23.867+0300: 864.775: Application time: 0.3807823 seconds
2024-10-04T14:14:23.867+0300: 864.775: [GC (Allocation Failure) [PSYoungGen: 191454K->7997K(193536K)] 325591K->143607K(603136K), 0.0019219 secs] [Times: user=0.00 sys=0.00, real=0.00 secs] 
2024-10-04T14:14:23.867+0300: 864.777: Total time for which application threads were stopped: 0.0022357 seconds, Stopping threads took: 0.0001522 seconds
2024-10-04T14:14:24.165+0300: 865.063: Application time: 0.2859255 seconds
2024-10-04T14:14:24.165+0300: 865.063: [GC (Allocation Failure) [PSYoungGen: 189822K->8646K(193536K)] 325432K->145032K(603136K), 0.0019845 secs] [Times: user=0.00 sys=0.00, real=0.00 secs] 
2024-10-04T14:14:24.165+0300: 865.065: Total time for which application threads were stopped: 0.0022549 seconds, Stopping threads took: 0.0001224 seconds
2024-10-04T14:14:24.636+0300: 865.547: Application time: 0.4815734 seconds
2024-10-04T14:14:24.636+0300: 865.547: [GC (Allocation Failure) [PSYoungGen: 190397K->10880K(193536K)] 326784K->148055K(603136K), 0.0024397 secs] [Times: user=0.00 sys=0.00, real=0.02 secs] 
2024-10-04T14:14:24.651+0300: 865.550: Total time for which application threads were stopped: 0.0027935 seconds, Stopping threads took: 0.0001754 seconds
2024-10-04T14:14:25.234+0300: 866.132: Application time: 0.5820062 seconds
2024-10-04T14:14:25.234+0300: 866.132: [GC (Allocation Failure) [PSYoungGen: 193056K->10199K(192512K)] 330231K->148807K(602112K), 0.0022192 secs] [Times: user=0.00 sys=0.00, real=0.00 secs] 
2024-10-04T14:14:25.234+0300: 866.134: Total time for which application threads were stopped: 0.0026115 seconds, Stopping threads took: 0.0002319 seconds
2024-10-04T14:14:25.325+0300: 866.230: Application time: 0.0953196 seconds
2024-10-04T14:14:25.325+0300: 866.230: [GC (Allocation Failure) [PSYoungGen: 190998K->9390K(193024K)] 329606K->150200K(602624K), 0.0022131 secs] [Times: user=0.00 sys=0.00, real=0.01 secs] 
2024-10-04T14:14:25.334+0300: 866.232: Total time for which application threads were stopped: 0.0025431 seconds, Stopping threads took: 0.0001941 seconds
2024-10-04T14:14:25.749+0300: 866.655: Application time: 0.4230642 seconds
2024-10-04T14:14:25.749+0300: 866.656: [GC (Allocation Failure) [PSYoungGen: 190046K->8678K(193024K)] 330856K->150961K(602624K), 0.0019247 secs] [Times: user=0.00 sys=0.00, real=0.00 secs] 
2024-10-04T14:14:25.749+0300: 866.658: Total time for which application threads were stopped: 0.0023089 seconds, Stopping threads took: 0.0002376 seconds
2024-10-04T14:14:26.110+0300: 867.021: Application time: 0.3628855 seconds
2024-10-04T14:14:26.110+0300: 867.021: [GC (Allocation Failure) [PSYoungGen: 189360K->8742K(193024K)] 331643K->151785K(602624K), 0.0021657 secs] [Times: user=0.01 sys=0.00, real=0.02 secs] 
2024-10-04T14:14:26.126+0300: 867.023: Total time for which application threads were stopped: 0.0026568 seconds, Stopping threads took: 0.0003326 seconds
2024-10-04T14:14:26.346+0300: 867.255: Application time: 0.2316323 seconds
2024-10-04T14:14:26.346+0300: 867.255: [GC (Allocation Failure) [PSYoungGen: 189877K->8742K(193536K)] 332920K->152562K(603136K), 0.0019786 secs] [Times: user=0.00 sys=0.00, real=0.00 secs] 
2024-10-04T14:14:26.346+0300: 867.257: Total time for which application threads were stopped: 0.0023339 seconds, Stopping threads took: 0.0002191 seconds
2024-10-04T14:14:26.973+0300: 867.872: Application time: 0.6147281 seconds
2024-10-04T14:14:26.973+0300: 867.872: [GC (Allocation Failure) [PSYoungGen: 190485K->10880K(193536K)] 334305K->155488K(603136K), 0.0023290 secs] [Times: user=0.00 sys=0.00, real=0.00 secs] 
2024-10-04T14:14:26.973+0300: 867.875: Total time for which application threads were stopped: 0.0026836 seconds, Stopping threads took: 0.0001489 seconds
2024-10-04T14:14:27.522+0300: 868.427: Application time: 0.5527777 seconds
2024-10-04T14:14:27.522+0300: 868.428: [GC (Allocation Failure) [PSYoungGen: 193060K->10880K(191488K)] 337669K->156921K(601088K), 0.0023571 secs] [Times: user=0.00 sys=0.00, real=0.00 secs] 
2024-10-04T14:14:27.522+0300: 868.430: Total time for which application threads were stopped: 0.0026869 seconds, Stopping threads took: 0.0001961 seconds
2024-10-04T14:14:27.639+0300: 868.539: Application time: 0.1094313 seconds
2024-10-04T14:14:27.639+0300: 868.540: [GC (Allocation Failure) [PSYoungGen: 190902K->8030K(192512K)] 336944K->156265K(602112K), 0.0020292 secs] [Times: user=0.00 sys=0.00, real=0.00 secs] 
2024-10-04T14:14:27.639+0300: 868.542: Total time for which application threads were stopped: 0.0023596 seconds, Stopping threads took: 0.0001585 seconds
2024-10-04T14:14:28.024+0300: 868.925: Application time: 0.3829455 seconds
2024-10-04T14:14:28.024+0300: 868.925: [GC (Allocation Failure) [PSYoungGen: 187577K->8646K(192512K)] 335812K->158402K(602112K), 0.0018539 secs] [Times: user=0.00 sys=0.00, real=0.00 secs] 
2024-10-04T14:14:28.024+0300: 868.927: Total time for which application threads were stopped: 0.0021001 seconds, Stopping threads took: 0.0001044 seconds
2024-10-04T14:14:28.353+0300: 869.257: Application time: 0.3305590 seconds
2024-10-04T14:14:28.353+0300: 869.258: [GC (Allocation Failure) [PSYoungGen: 188313K->8710K(192512K)] 338070K->159203K(602112K), 0.0020370 secs] [Times: user=0.00 sys=0.00, real=0.00 secs] 
2024-10-04T14:14:28.353+0300: 869.260: Total time for which application threads were stopped: 0.0024235 seconds, Stopping threads took: 0.0002108 seconds
2024-10-04T14:14:28.400+0300: 869.310: Application time: 0.0497723 seconds
2024-10-04T14:14:28.400+0300: 869.310: [GC (Allocation Failure) [PSYoungGen: 188687K->7221K(192000K)] 339180K->158526K(601600K), 0.0019561 secs] [Times: user=0.02 sys=0.00, real=0.02 secs] 
2024-10-04T14:14:28.416+0300: 869.312: Total time for which application threads were stopped: 0.0023708 seconds, Stopping threads took: 0.0001382 seconds
2024-10-04T14:14:29.215+0300: 870.113: Application time: 0.8008043 seconds
2024-10-04T14:14:29.215+0300: 870.113: [GC (Allocation Failure) [PSYoungGen: 186779K->10880K(192512K)] 338084K->162938K(602112K), 0.0023177 secs] [Times: user=0.00 sys=0.00, real=0.00 secs] 
2024-10-04T14:14:29.215+0300: 870.116: Total time for which application threads were stopped: 0.0027114 seconds, Stopping threads took: 0.0002090 seconds
2024-10-04T14:14:29.733+0300: 870.637: Application time: 0.5213322 seconds
2024-10-04T14:14:29.733+0300: 870.637: [GC (Allocation Failure) [PSYoungGen: 190897K->10199K(192512K)] 342955K->163690K(602112K), 0.0023084 secs] [Times: user=0.02 sys=0.00, real=0.01 secs] 
2024-10-04T14:14:29.743+0300: 870.640: Total time for which application threads were stopped: 0.0028280 seconds, Stopping threads took: 0.0003593 seconds
2024-10-04T14:14:29.843+0300: 870.745: Application time: 0.1048711 seconds
2024-10-04T14:14:29.843+0300: 870.745: [GC (Allocation Failure) [PSYoungGen: 190288K->9391K(192512K)] 343779K->165075K(602112K), 0.0023971 secs] [Times: user=0.01 sys=0.00, real=0.00 secs] 
2024-10-04T14:14:29.843+0300: 870.747: Total time for which application threads were stopped: 0.0026557 seconds, Stopping threads took: 0.0001101 seconds
2024-10-04T14:14:30.219+0300: 871.117: Application time: 0.3693119 seconds
2024-10-04T14:14:30.219+0300: 871.117: [GC (Allocation Failure) [PSYoungGen: 189277K->8710K(192512K)] 344961K->165876K(602112K), 0.0020635 secs] [Times: user=0.00 sys=0.00, real=0.00 secs] 
2024-10-04T14:14:30.219+0300: 871.119: Total time for which application threads were stopped: 0.0023500 seconds, Stopping threads took: 0.0001419 seconds
2024-10-04T14:14:30.408+0300: 871.314: Application time: 0.1948831 seconds
2024-10-04T14:14:30.408+0300: 871.314: [GC (Allocation Failure) [PSYoungGen: 188361K->6668K(192512K)] 345526K->164586K(602112K), 0.0017365 secs] [Times: user=0.00 sys=0.00, real=0.00 secs] 
2024-10-04T14:14:30.408+0300: 871.316: Total time for which application threads were stopped: 0.0021421 seconds, Stopping threads took: 0.0002408 seconds
2024-10-04T14:14:30.659+0300: 871.559: Application time: 0.2427808 seconds
2024-10-04T14:14:30.659+0300: 871.559: [GC (Allocation Failure) [PSYoungGen: 186233K->9422K(192512K)] 344151K->168181K(602112K), 0.0022455 secs] [Times: user=0.00 sys=0.00, real=0.00 secs] 
2024-10-04T14:14:30.659+0300: 871.561: Total time for which application threads were stopped: 0.0026258 seconds, Stopping threads took: 0.0002293 seconds
2024-10-04T14:14:31.428+0300: 872.332: Application time: 0.7703552 seconds
2024-10-04T14:14:31.428+0300: 872.332: [GC (Allocation Failure) [PSYoungGen: 188985K->10167K(192512K)] 347743K->169646K(602112K), 0.0020663 secs] [Times: user=0.00 sys=0.00, real=0.00 secs] 
2024-10-04T14:14:31.428+0300: 872.334: Total time for which application threads were stopped: 0.0023777 seconds, Stopping threads took: 0.0001560 seconds
2024-10-04T14:14:31.789+0300: 872.700: Application time: 0.3654973 seconds
2024-10-04T14:14:31.789+0300: 872.700: [GC (Allocation Failure) [PSYoungGen: 190391K->9487K(192512K)] 349870K->171112K(602112K), 0.0023255 secs] [Times: user=0.02 sys=0.00, real=0.01 secs] 
2024-10-04T14:14:31.804+0300: 872.702: Total time for which application threads were stopped: 0.0026714 seconds, Stopping threads took: 0.0001778 seconds
2024-10-04T14:14:32.103+0300: 873.001: Application time: 0.2986946 seconds
2024-10-04T14:14:32.103+0300: 873.001: [GC (Allocation Failure) [PSYoungGen: 189482K->9455K(192512K)] 351106K->172553K(602112K), 0.0022871 secs] [Times: user=0.02 sys=0.00, real=0.00 secs] 
2024-10-04T14:14:32.103+0300: 873.004: Total time for which application threads were stopped: 0.0026879 seconds, Stopping threads took: 0.0001799 seconds
2024-10-04T14:14:32.526+0300: 873.424: Application time: 0.4206598 seconds
2024-10-04T14:14:32.526+0300: 873.425: [GC (Allocation Failure) [PSYoungGen: 189376K->9390K(193024K)] 352474K->173257K(602624K), 0.0019887 secs] [Times: user=0.00 sys=0.00, real=0.00 secs] 
2024-10-04T14:14:32.526+0300: 873.427: Total time for which application threads were stopped: 0.0022795 seconds, Stopping threads took: 0.0001245 seconds
2024-10-04T14:14:32.652+0300: 873.562: Application time: 0.1357545 seconds
2024-10-04T14:14:32.652+0300: 873.563: [GC (Allocation Failure) [PSYoungGen: 190538K->9454K(193024K)] 354405K->174794K(602624K), 0.0023164 secs] [Times: user=0.01 sys=0.00, real=0.02 secs] 
2024-10-04T14:14:32.668+0300: 873.565: Total time for which application threads were stopped: 0.0027162 seconds, Stopping threads took: 0.0002427 seconds
2024-10-04T14:14:32.997+0300: 873.893: Application time: 0.3281236 seconds
2024-10-04T14:14:32.997+0300: 873.894: [GC (Allocation Failure) [PSYoungGen: 190349K->10103K(193024K)] 355688K->176243K(602624K), 0.0020741 secs] [Times: user=0.00 sys=0.00, real=0.00 secs] 
2024-10-04T14:14:32.997+0300: 873.896: Total time for which application threads were stopped: 0.0025146 seconds, Stopping threads took: 0.0002830 seconds
2024-10-04T14:14:33.719+0300: 874.616: Application time: 0.7203556 seconds
2024-10-04T14:14:33.719+0300: 874.616: [GC (Allocation Failure) [PSYoungGen: 191111K->10167K(193024K)] 357251K->178493K(602624K), 0.0023642 secs] [Times: user=0.05 sys=0.00, real=0.00 secs] 
2024-10-04T14:14:33.719+0300: 874.619: Total time for which application threads were stopped: 0.0026984 seconds, Stopping threads took: 0.0001924 seconds
2024-10-04T14:14:34.017+0300: 874.920: Application time: 0.3009023 seconds
2024-10-04T14:14:34.017+0300: 874.920: [GC (Allocation Failure) [PSYoungGen: 190960K->9359K(193024K)] 359285K->179862K(602624K), 0.0024239 secs] [Times: user=0.00 sys=0.00, real=0.00 secs] 
2024-10-04T14:14:34.017+0300: 874.922: Total time for which application threads were stopped: 0.0027398 seconds, Stopping threads took: 0.0001409 seconds
2024-10-04T14:14:34.221+0300: 875.133: Application time: 0.2100968 seconds
2024-10-04T14:14:34.221+0300: 875.133: [GC (Allocation Failure) [PSYoungGen: 190565K->8678K(193024K)] 361069K->181383K(602624K), 0.0023136 secs] [Times: user=0.00 sys=0.00, real=0.02 secs] 
2024-10-04T14:14:34.237+0300: 875.135: Total time for which application threads were stopped: 0.0026497 seconds, Stopping threads took: 0.0001131 seconds
2024-10-04T14:14:34.708+0300: 875.607: Application time: 0.4723060 seconds
2024-10-04T14:14:34.708+0300: 875.608: [GC (Allocation Failure) [PSYoungGen: 189399K->9486K(193536K)] 362104K->182980K(603136K), 0.0022968 secs] [Times: user=0.00 sys=0.00, real=0.00 secs] 
2024-10-04T14:14:34.708+0300: 875.610: Total time for which application threads were stopped: 0.0028039 seconds, Stopping threads took: 0.0003149 seconds
2024-10-04T14:14:34.818+0300: 875.728: Application time: 0.1178695 seconds
2024-10-04T14:14:34.818+0300: 875.728: [GC (Allocation Failure) [PSYoungGen: 191392K->9422K(193536K)] 364885K->183684K(603136K), 0.0023043 secs] [Times: user=0.02 sys=0.00, real=0.01 secs] 
2024-10-04T14:14:34.833+0300: 875.731: Total time for which application threads were stopped: 0.0026979 seconds, Stopping threads took: 0.0002409 seconds
2024-10-04T14:14:35.225+0300: 876.134: Application time: 0.4033745 seconds
2024-10-04T14:14:35.225+0300: 876.135: [GC (Allocation Failure) [PSYoungGen: 191175K->10135K(193536K)] 365437K->185185K(603136K), 0.0021774 secs] [Times: user=0.00 sys=0.00, real=0.00 secs] 
2024-10-04T14:14:35.225+0300: 876.137: Total time for which application threads were stopped: 0.0025354 seconds, Stopping threads took: 0.0002134 seconds
2024-10-04T14:14:35.900+0300: 876.805: Application time: 0.6683941 seconds
2024-10-04T14:14:35.900+0300: 876.805: [GC (Allocation Failure) [PSYoungGen: 191884K->10880K(193536K)] 366935K->187363K(603136K), 0.0023809 secs] [Times: user=0.00 sys=0.00, real=0.00 secs] 
2024-10-04T14:14:35.900+0300: 876.808: Total time for which application threads were stopped: 0.0027166 seconds, Stopping threads took: 0.0001949 seconds
2024-10-04T14:14:36.308+0300: 877.213: Application time: 0.4049685 seconds
2024-10-04T14:14:36.308+0300: 877.213: [GC (Allocation Failure) [PSYoungGen: 193083K->8614K(192512K)] 369566K->187988K(602112K), 0.0022314 secs] [Times: user=0.00 sys=0.00, real=0.00 secs] 
2024-10-04T14:14:36.308+0300: 877.215: Total time for which application threads were stopped: 0.0025240 seconds, Stopping threads took: 0.0001609 seconds
2024-10-04T14:14:36.417+0300: 877.319: Application time: 0.1040872 seconds
2024-10-04T14:14:36.417+0300: 877.320: [GC (Allocation Failure) [PSYoungGen: 189790K->8646K(193024K)] 369163K->188797K(602624K), 0.0020283 secs] [Times: user=0.00 sys=0.00, real=0.00 secs] 
2024-10-04T14:14:36.417+0300: 877.322: Total time for which application threads were stopped: 0.0024057 seconds, Stopping threads took: 0.0002471 seconds
2024-10-04T14:14:36.841+0300: 877.751: Application time: 0.4291133 seconds
2024-10-04T14:14:36.841+0300: 877.751: [GC (Allocation Failure) [PSYoungGen: 189311K->9454K(193536K)] 369461K->190397K(603136K), 0.0023124 secs] [Times: user=0.02 sys=0.00, real=0.02 secs] 
2024-10-04T14:14:36.857+0300: 877.754: Total time for which application threads were stopped: 0.0027185 seconds, Stopping threads took: 0.0002451 seconds
2024-10-04T14:14:36.998+0300: 877.903: Application time: 0.1490286 seconds
2024-10-04T14:14:36.998+0300: 877.903: [GC (Allocation Failure) [PSYoungGen: 190787K->9470K(193024K)] 371730K->191182K(602624K), 0.0021923 secs] [Times: user=0.00 sys=0.00, real=0.00 secs] 
2024-10-04T14:14:36.998+0300: 877.905: Total time for which application threads were stopped: 0.0027202 seconds, Stopping threads took: 0.0003842 seconds
2024-10-04T14:14:37.469+0300: 878.372: Application time: 0.4662787 seconds
2024-10-04T14:14:37.469+0300: 878.372: [GC (Allocation Failure) [PSYoungGen: 190531K->10879K(192512K)] 372243K->193379K(602112K), 0.0024273 secs] [Times: user=0.00 sys=0.00, real=0.00 secs] 
2024-10-04T14:14:37.469+0300: 878.374: Total time for which application threads were stopped: 0.0027139 seconds, Stopping threads took: 0.0001251 seconds
2024-10-04T14:14:38.143+0300: 879.047: Application time: 0.6724672 seconds
2024-10-04T14:14:38.143+0300: 879.047: [GC (Allocation Failure) [PSYoungGen: 191893K->10167K(193024K)] 374393K->194813K(602624K), 0.0023059 secs] [Times: user=0.00 sys=0.00, real=0.00 secs] 
2024-10-04T14:14:38.143+0300: 879.050: Total time for which application threads were stopped: 0.0026650 seconds, Stopping threads took: 0.0002136 seconds
2024-10-04T14:14:38.426+0300: 879.327: Application time: 0.2777222 seconds
2024-10-04T14:14:38.426+0300: 879.328: [GC (Allocation Failure) [PSYoungGen: 190789K->9359K(193024K)] 375434K->196182K(602624K), 0.0021873 secs] [Times: user=0.00 sys=0.00, real=0.00 secs] 
2024-10-04T14:14:38.426+0300: 879.330: Total time for which application threads were stopped: 0.0025030 seconds, Stopping threads took: 0.0001782 seconds
2024-10-04T14:14:38.630+0300: 879.531: Application time: 0.2010939 seconds
2024-10-04T14:14:38.630+0300: 879.531: [GC (Allocation Failure) [PSYoungGen: 190075K->9455K(193024K)] 376898K->197078K(602624K), 0.0021608 secs] [Times: user=0.00 sys=0.00, real=0.00 secs] 
2024-10-04T14:14:38.630+0300: 879.533: Total time for which application threads were stopped: 0.0024998 seconds, Stopping threads took: 0.0001777 seconds
2024-10-04T14:14:39.100+0300: 879.999: Application time: 0.4654717 seconds
2024-10-04T14:14:39.116+0300: 880.012: [GC (Allocation Failure) [PSYoungGen: 190498K->9438K(193536K)] 378122K->197830K(603136K), 0.0029786 secs] [Times: user=0.00 sys=0.00, real=0.00 secs] 
2024-10-04T14:14:39.116+0300: 880.015: Total time for which application threads were stopped: 0.0165317 seconds, Stopping threads took: 0.0133514 seconds
2024-10-04T14:14:39.257+0300: 880.154: Application time: 0.1390050 seconds
2024-10-04T14:14:39.257+0300: 880.155: [GC (Allocation Failure) [PSYoungGen: 191569K->10879K(193536K)] 379961K->200068K(603136K), 0.0024383 secs] [Times: user=0.00 sys=0.00, real=0.00 secs] 
2024-10-04T14:14:39.261+0300: 880.157: Total time for which application threads were stopped: 0.0029268 seconds, Stopping threads took: 0.0003329 seconds
2024-10-04T14:14:39.807+0300: 880.709: Application time: 0.5515438 seconds
2024-10-04T14:14:39.807+0300: 880.709: [GC (Allocation Failure) [PSYoungGen: 192625K->10167K(192512K)] 381814K->201533K(602112K), 0.0023355 secs] [Times: user=0.00 sys=0.00, real=0.00 secs] 
2024-10-04T14:14:39.807+0300: 880.712: Total time for which application threads were stopped: 0.0026474 seconds, Stopping threads took: 0.0001725 seconds
2024-10-04T14:14:40.215+0300: 881.114: Application time: 0.4028351 seconds
2024-10-04T14:14:40.215+0300: 881.115: [GC (Allocation Failure) [PSYoungGen: 190926K->8678K(193024K)] 382292K->202214K(602624K), 0.0021901 secs] [Times: user=0.00 sys=0.00, real=0.00 secs] 
2024-10-04T14:14:40.215+0300: 881.117: Total time for which application threads were stopped: 0.0025137 seconds, Stopping threads took: 0.0001686 seconds
2024-10-04T14:14:40.622+0300: 881.526: Application time: 0.4086914 seconds
2024-10-04T14:14:40.622+0300: 881.526: [GC (Allocation Failure) [PSYoungGen: 189411K->10912K(193024K)] 382947K->204488K(602624K), 0.0023199 secs] [Times: user=0.02 sys=0.00, real=0.00 secs] 
2024-10-04T14:14:40.622+0300: 881.528: Total time for which application threads were stopped: 0.0028062 seconds, Stopping threads took: 0.0003264 seconds
2024-10-04T14:14:40.968+0300: 881.867: Application time: 0.3386805 seconds
2024-10-04T14:14:40.968+0300: 881.867: [GC (Allocation Failure) [PSYoungGen: 191597K->9455K(193024K)] 385173K->205937K(602624K), 0.0023813 secs] [Times: user=0.00 sys=0.00, real=0.00 secs] 
2024-10-04T14:14:40.968+0300: 881.870: Total time for which application threads were stopped: 0.0027501 seconds, Stopping threads took: 0.0002395 seconds
2024-10-04T14:14:41.266+0300: 882.166: Application time: 0.2963628 seconds
2024-10-04T14:14:41.266+0300: 882.167: [GC (Allocation Failure) [PSYoungGen: 190242K->9390K(193024K)] 386724K->206649K(602624K), 0.0020709 secs] [Times: user=0.00 sys=0.00, real=0.00 secs] 
2024-10-04T14:14:41.266+0300: 882.169: Total time for which application threads were stopped: 0.0024086 seconds, Stopping threads took: 0.0001910 seconds
2024-10-04T14:14:41.422+0300: 882.330: Application time: 0.1613432 seconds
2024-10-04T14:14:41.422+0300: 882.330: [GC (Allocation Failure) [PSYoungGen: 190414K->10167K(193024K)] 387673K->208194K(602624K), 0.0022330 secs] [Times: user=0.00 sys=0.00, real=0.00 secs] 
2024-10-04T14:14:41.422+0300: 882.333: Total time for which application threads were stopped: 0.0025708 seconds, Stopping threads took: 0.0001928 seconds
2024-10-04T14:14:42.034+0300: 882.944: Application time: 0.6116446 seconds
2024-10-04T14:14:42.034+0300: 882.945: [GC (Allocation Failure) [PSYoungGen: 191192K->10167K(193024K)] 389219K->210404K(602624K), 0.0024898 secs] [Times: user=0.01 sys=0.00, real=0.02 secs] 
2024-10-04T14:14:42.050+0300: 882.947: Total time for which application threads were stopped: 0.0028439 seconds, Stopping threads took: 0.0002210 seconds
2024-10-04T14:14:42.442+0300: 883.340: Application time: 0.3924974 seconds
2024-10-04T14:14:42.442+0300: 883.340: [GC (Allocation Failure) [PSYoungGen: 190889K->9423K(193024K)] 391126K->211100K(602624K), 0.0020988 secs] [Times: user=0.00 sys=0.00, real=0.00 secs] 
2024-10-04T14:14:42.442+0300: 883.342: Total time for which application threads were stopped: 0.0023848 seconds, Stopping threads took: 0.0001551 seconds
2024-10-04T14:14:42.803+0300: 883.708: Application time: 0.3659840 seconds
2024-10-04T14:14:42.803+0300: 883.708: [GC (Allocation Failure) [PSYoungGen: 190143K->9423K(193536K)] 391821K->213294K(603136K), 0.0025454 secs] [Times: user=0.00 sys=0.00, real=0.00 secs] 
2024-10-04T14:14:42.803+0300: 883.711: Total time for which application threads were stopped: 0.0028770 seconds, Stopping threads took: 0.0001315 seconds
2024-10-04T14:14:43.133+0300: 884.043: Application time: 0.3319371 seconds
2024-10-04T14:14:43.133+0300: 884.043: [GC (Allocation Failure) [PSYoungGen: 190859K->8742K(193024K)] 394730K->213374K(602624K), 0.0020894 secs] [Times: user=0.02 sys=0.00, real=0.02 secs] 
2024-10-04T14:14:43.148+0300: 884.045: Total time for which application threads were stopped: 0.0024123 seconds, Stopping threads took: 0.0001743 seconds
2024-10-04T14:14:43.603+0300: 884.504: Application time: 0.4586282 seconds
2024-10-04T14:14:43.603+0300: 884.504: [GC (Allocation Failure) [PSYoungGen: 190160K->8710K(193536K)] 394792K->214823K(603136K), 0.0020000 secs] [Times: user=0.00 sys=0.00, real=0.00 secs] 
2024-10-04T14:14:43.603+0300: 884.506: Total time for which application threads were stopped: 0.0022630 seconds, Stopping threads took: 0.0000912 seconds
2024-10-04T14:14:43.713+0300: 884.620: Application time: 0.1141143 seconds
2024-10-04T14:14:43.713+0300: 884.621: [GC (Allocation Failure) [PSYoungGen: 190557K->10151K(192512K)] 396670K->217024K(602112K), 0.0022110 secs] [Times: user=0.00 sys=0.00, real=0.00 secs] 
2024-10-04T14:14:43.713+0300: 884.623: Total time for which application threads were stopped: 0.0026114 seconds, Stopping threads took: 0.0001968 seconds
2024-10-04T14:14:44.388+0300: 885.293: Application time: 0.6706208 seconds
2024-10-04T14:14:44.388+0300: 885.294: [GC (Allocation Failure) [PSYoungGen: 191902K->10167K(193024K)] 398776K->218542K(602624K), 0.0022667 secs] [Times: user=0.00 sys=0.00, real=0.00 secs] 
2024-10-04T14:14:44.388+0300: 885.296: Total time for which application threads were stopped: 0.0025942 seconds, Stopping threads took: 0.0001975 seconds
2024-10-04T14:14:44.748+0300: 885.650: Application time: 0.3544702 seconds
2024-10-04T14:14:44.748+0300: 885.651: [GC (Allocation Failure) [PSYoungGen: 190919K->10167K(193024K)] 399294K->220703K(602624K), 0.0025301 secs] [Times: user=0.00 sys=0.00, real=0.00 secs] 
2024-10-04T14:14:44.748+0300: 885.653: Total time for which application threads were stopped: 0.0029399 seconds, Stopping threads took: 0.0002132 seconds
2024-10-04T14:14:45.078+0300: 885.982: Application time: 0.3287472 seconds
2024-10-04T14:14:45.078+0300: 885.982: [GC (Allocation Failure) [PSYoungGen: 190887K->9423K(193536K)] 401423K->222144K(603136K), 0.0023083 secs] [Times: user=0.00 sys=0.00, real=0.00 secs] 
2024-10-04T14:14:45.078+0300: 885.985: Total time for which application threads were stopped: 0.0026069 seconds, Stopping threads took: 0.0001513 seconds
2024-10-04T14:14:45.486+0300: 886.387: Application time: 0.4024055 seconds
2024-10-04T14:14:45.486+0300: 886.388: [GC (Allocation Failure) [PSYoungGen: 190847K->8710K(193024K)] 403569K->222905K(602624K), 0.0020374 secs] [Times: user=0.00 sys=0.00, real=0.00 secs] 
2024-10-04T14:14:45.486+0300: 886.390: Total time for which application threads were stopped: 0.0024140 seconds, Stopping threads took: 0.0002400 seconds
2024-10-04T14:14:45.705+0300: 886.614: Application time: 0.2242596 seconds
2024-10-04T14:14:45.705+0300: 886.614: [GC (Allocation Failure) [PSYoungGen: 189854K->9374K(193536K)] 404049K->224346K(603136K), 0.0023265 secs] [Times: user=0.00 sys=0.00, real=0.00 secs] 
2024-10-04T14:14:45.705+0300: 886.617: Total time for which application threads were stopped: 0.0027074 seconds, Stopping threads took: 0.0001583 seconds
2024-10-04T14:14:45.941+0300: 886.846: Application time: 0.2293446 seconds
2024-10-04T14:14:45.941+0300: 886.846: [GC (Allocation Failure) [PSYoungGen: 191472K->9390K(193536K)] 406443K->225166K(603136K), 0.0022327 secs] [Times: user=0.00 sys=0.00, real=0.00 secs] 
2024-10-04T14:14:45.941+0300: 886.849: Total time for which application threads were stopped: 0.0025637 seconds, Stopping threads took: 0.0001748 seconds
2024-10-04T14:14:46.678+0300: 887.575: Application time: 0.7262164 seconds
2024-10-04T14:14:46.678+0300: 887.575: [GC (Allocation Failure) [PSYoungGen: 191128K->10880K(192512K)] 406904K->228129K(602112K), 0.0023203 secs] [Times: user=0.00 sys=0.00, real=0.00 secs] 
2024-10-04T14:14:46.678+0300: 887.577: Total time for which application threads were stopped: 0.0026132 seconds, Stopping threads took: 0.0001626 seconds
2024-10-04T14:14:47.054+0300: 887.952: Application time: 0.3750488 seconds
2024-10-04T14:14:47.054+0300: 887.953: [GC (Allocation Failure) [PSYoungGen: 191643K->10167K(193024K)] 408892K->229578K(602624K), 0.0024037 secs] [Times: user=0.00 sys=0.00, real=0.00 secs] 
2024-10-04T14:14:47.054+0300: 887.955: Total time for which application threads were stopped: 0.0027848 seconds, Stopping threads took: 0.0002349 seconds
2024-10-04T14:14:47.384+0300: 888.292: Application time: 0.3371406 seconds
2024-10-04T14:14:47.384+0300: 888.293: [GC (Allocation Failure) [PSYoungGen: 190899K->8710K(193024K)] 410309K->230306K(602624K), 0.0021314 secs] [Times: user=0.00 sys=0.00, real=0.00 secs] 
2024-10-04T14:14:47.384+0300: 888.295: Total time for which application threads were stopped: 0.0024993 seconds, Stopping threads took: 0.0002231 seconds
2024-10-04T14:14:47.744+0300: 888.650: Application time: 0.3555640 seconds
2024-10-04T14:14:47.744+0300: 888.651: [GC (Allocation Failure) [PSYoungGen: 189879K->8678K(193024K)] 411475K->231042K(602624K), 0.0020448 secs] [Times: user=0.00 sys=0.00, real=0.00 secs] 
2024-10-04T14:14:47.744+0300: 888.653: Total time for which application threads were stopped: 0.0025370 seconds, Stopping threads took: 0.0003335 seconds
2024-10-04T14:14:47.996+0300: 888.898: Application time: 0.2455076 seconds
2024-10-04T14:14:47.996+0300: 888.899: [GC (Allocation Failure) [PSYoungGen: 189367K->10167K(193024K)] 411732K->233328K(602624K), 0.0021764 secs] [Times: user=0.00 sys=0.00, real=0.00 secs] 
2024-10-04T14:14:47.996+0300: 888.901: Total time for which application threads were stopped: 0.0024805 seconds, Stopping threads took: 0.0001714 seconds
2024-10-04T14:14:48.216+0300: 889.112: Application time: 0.2110657 seconds
2024-10-04T14:14:48.216+0300: 889.112: [GC (Allocation Failure) [PSYoungGen: 190854K->9358K(193024K)] 414015K->234009K(602624K), 0.0021816 secs] [Times: user=0.00 sys=0.00, real=0.00 secs] 
2024-10-04T14:14:48.216+0300: 889.114: Total time for which application threads were stopped: 0.0024725 seconds, Stopping threads took: 0.0001195 seconds
2024-10-04T14:14:48.937+0300: 889.834: Application time: 0.7200070 seconds
2024-10-04T14:14:48.937+0300: 889.835: [GC (Allocation Failure) [PSYoungGen: 190358K->10167K(192512K)] 415009K->236282K(602112K), 0.0022305 secs] [Times: user=0.00 sys=0.00, real=0.00 secs] 
2024-10-04T14:14:48.937+0300: 889.837: Total time for which application threads were stopped: 0.0025034 seconds, Stopping threads took: 0.0001299 seconds
2024-10-04T14:14:49.251+0300: 890.160: Application time: 0.3225369 seconds
2024-10-04T14:14:49.251+0300: 890.160: [GC (Allocation Failure) [PSYoungGen: 190927K->10135K(193024K)] 417042K->238412K(602624K), 0.0024215 secs] [Times: user=0.00 sys=0.00, real=0.00 secs] 
2024-10-04T14:14:49.251+0300: 890.162: Total time for which application threads were stopped: 0.0027595 seconds, Stopping threads took: 0.0002089 seconds
2024-10-04T14:14:49.549+0300: 890.450: Application time: 0.2875496 seconds
2024-10-04T14:14:49.549+0300: 890.450: [GC (Allocation Failure) [PSYoungGen: 191329K->9423K(193536K)] 419606K->239885K(603136K), 0.0023462 secs] [Times: user=0.00 sys=0.00, real=0.00 secs] 
2024-10-04T14:14:49.549+0300: 890.453: Total time for which application threads were stopped: 0.0026815 seconds, Stopping threads took: 0.0001918 seconds
2024-10-04T14:14:49.957+0300: 890.861: Application time: 0.4082843 seconds
2024-10-04T14:14:49.957+0300: 890.861: [GC (Allocation Failure) [PSYoungGen: 190862K->9454K(193024K)] 421324K->240717K(602624K), 0.0020489 secs] [Times: user=0.00 sys=0.00, real=0.00 secs] 
2024-10-04T14:14:49.957+0300: 890.863: Total time for which application threads were stopped: 0.0024380 seconds, Stopping threads took: 0.0002342 seconds
2024-10-04T14:14:50.115+0300: 891.017: Application time: 0.1532633 seconds
2024-10-04T14:14:50.115+0300: 891.017: [GC (Allocation Failure) [PSYoungGen: 190902K->10167K(193536K)] 422165K->242190K(603136K), 0.0022576 secs] [Times: user=0.00 sys=0.00, real=0.00 secs] 
2024-10-04T14:14:50.115+0300: 891.019: Total time for which application threads were stopped: 0.0026674 seconds, Stopping threads took: 0.0002672 seconds
2024-10-04T14:14:50.482+0300: 891.383: Application time: 0.3640628 seconds
2024-10-04T14:14:50.482+0300: 891.383: [GC (Allocation Failure) [PSYoungGen: 192240K->9358K(193536K)] 424264K->242863K(603136K), 0.0023123 secs] [Times: user=0.00 sys=0.00, real=0.00 secs] 
2024-10-04T14:14:50.482+0300: 891.386: Total time for which application threads were stopped: 0.0026169 seconds, Stopping threads took: 0.0001460 seconds
2024-10-04T14:14:51.103+0300: 891.999: Application time: 0.6131531 seconds
2024-10-04T14:14:51.103+0300: 891.999: [GC (Allocation Failure) [PSYoungGen: 191507K->10199K(193536K)] 425011K->245169K(603136K), 0.0022964 secs] [Times: user=0.00 sys=0.00, real=0.00 secs] 
2024-10-04T14:14:51.103+0300: 892.002: Total time for which application threads were stopped: 0.0027074 seconds, Stopping threads took: 0.0002455 seconds
2024-10-04T14:14:51.542+0300: 892.448: Application time: 0.4465514 seconds
2024-10-04T14:14:51.542+0300: 892.448: [GC (Allocation Failure) [PSYoungGen: 191941K->9423K(193536K)] 426910K->246586K(603136K), 0.0022499 secs] [Times: user=0.00 sys=0.00, real=0.00 secs] 
2024-10-04T14:14:51.542+0300: 892.451: Total time for which application threads were stopped: 0.0025240 seconds, Stopping threads took: 0.0001475 seconds
2024-10-04T14:14:51.652+0300: 892.555: Application time: 0.1043120 seconds
2024-10-04T14:14:51.652+0300: 892.556: [GC (Allocation Failure) [PSYoungGen: 191378K->8774K(193536K)] 428542K->247379K(603136K), 0.0022290 secs] [Times: user=0.00 sys=0.00, real=0.00 secs] 
2024-10-04T14:14:51.652+0300: 892.558: Total time for which application threads were stopped: 0.0026846 seconds, Stopping threads took: 0.0002336 seconds
2024-10-04T14:14:52.123+0300: 893.019: Application time: 0.4615470 seconds
2024-10-04T14:14:52.123+0300: 893.020: [GC (Allocation Failure) [PSYoungGen: 190870K->9422K(193536K)] 429474K->248827K(603136K), 0.0022232 secs] [Times: user=0.00 sys=0.00, real=0.00 secs] 
2024-10-04T14:14:52.123+0300: 893.022: Total time for which application threads were stopped: 0.0026193 seconds, Stopping threads took: 0.0002335 seconds
2024-10-04T14:14:52.232+0300: 893.139: Application time: 0.1171846 seconds
2024-10-04T14:14:52.232+0300: 893.139: [GC (Allocation Failure) [PSYoungGen: 191339K->9422K(193536K)] 430744K->250308K(603136K), 0.0024395 secs] [Times: user=0.00 sys=0.00, real=0.00 secs] 
2024-10-04T14:14:52.232+0300: 893.142: Total time for which application threads were stopped: 0.0028299 seconds, Stopping threads took: 0.0002334 seconds
2024-10-04T14:14:52.734+0300: 893.632: Application time: 0.4901991 seconds
2024-10-04T14:14:52.734+0300: 893.632: [GC (Allocation Failure) [PSYoungGen: 191168K->8742K(193536K)] 432054K->251133K(603136K), 0.0020718 secs] [Times: user=0.00 sys=0.00, real=0.00 secs] 
2024-10-04T14:14:52.734+0300: 893.635: Total time for which application threads were stopped: 0.0024141 seconds, Stopping threads took: 0.0001739 seconds
2024-10-04T14:14:53.252+0300: 894.160: Application time: 0.5257931 seconds
2024-10-04T14:14:53.252+0300: 894.161: [GC (Allocation Failure) [PSYoungGen: 190991K->10135K(193536K)] 433382K->253263K(603136K), 0.0022343 secs] [Times: user=0.00 sys=0.00, real=0.00 secs] 
2024-10-04T14:14:53.252+0300: 894.163: Total time for which application threads were stopped: 0.0025967 seconds, Stopping threads took: 0.0002238 seconds
2024-10-04T14:14:53.754+0300: 894.659: Application time: 0.4963595 seconds
2024-10-04T14:14:53.754+0300: 894.660: [GC (Allocation Failure) [PSYoungGen: 192316K->9487K(193536K)] 435444K->254792K(603136K), 0.0023442 secs] [Times: user=0.00 sys=0.00, real=0.00 secs] 
2024-10-04T14:14:53.754+0300: 894.662: Total time for which application threads were stopped: 0.0028966 seconds, Stopping threads took: 0.0004178 seconds
2024-10-04T14:14:53.801+0300: 894.712: Application time: 0.0493769 seconds
2024-10-04T14:14:53.801+0300: 894.712: [GC (Allocation Failure) [PSYoungGen: 191700K->8678K(193536K)] 437005K->255472K(603136K), 0.0023595 secs] [Times: user=0.01 sys=0.00, real=0.01 secs] 
2024-10-04T14:14:53.816+0300: 894.714: Total time for which application threads were stopped: 0.0027593 seconds, Stopping threads took: 0.0002113 seconds
2024-10-04T14:14:54.334+0300: 895.233: Application time: 0.5187671 seconds
2024-10-04T14:14:54.334+0300: 895.233: [GC (Allocation Failure) [PSYoungGen: 190777K->10167K(193536K)] 437572K->257714K(603136K), 0.0021684 secs] [Times: user=0.00 sys=0.00, real=0.00 secs] 
2024-10-04T14:14:54.334+0300: 895.236: Total time for which application threads were stopped: 0.0024874 seconds, Stopping threads took: 0.0001696 seconds
2024-10-04T14:14:54.381+0300: 895.283: Application time: 0.0474053 seconds
2024-10-04T14:14:54.381+0300: 895.283: [GC (Allocation Failure) [PSYoungGen: 192077K->8710K(193536K)] 439623K->257746K(603136K), 0.0022093 secs] [Times: user=0.00 sys=0.00, real=0.01 secs] 
2024-10-04T14:14:54.389+0300: 895.286: Total time for which application threads were stopped: 0.0025693 seconds, Stopping threads took: 0.0002254 seconds
2024-10-04T14:14:55.009+0300: 895.908: Application time: 0.6221029 seconds
2024-10-04T14:14:55.009+0300: 895.908: [GC (Allocation Failure) [PSYoungGen: 190446K->10167K(193536K)] 439482K->260696K(603136K), 0.0023381 secs] [Times: user=0.00 sys=0.00, real=0.00 secs] 
2024-10-04T14:14:55.009+0300: 895.910: Total time for which application threads were stopped: 0.0026561 seconds, Stopping threads took: 0.0001759 seconds
2024-10-04T14:14:55.371+0300: 896.276: Application time: 0.3654188 seconds
2024-10-04T14:14:55.371+0300: 896.276: [GC (Allocation Failure) [PSYoungGen: 192375K->8742K(193536K)] 442904K->260720K(603136K), 0.0021300 secs] [Times: user=0.02 sys=0.00, real=0.00 secs] 
2024-10-04T14:14:55.371+0300: 896.278: Total time for which application threads were stopped: 0.0024321 seconds, Stopping threads took: 0.0001540 seconds
2024-10-04T14:14:55.842+0300: 896.753: Application time: 0.4745977 seconds
2024-10-04T14:14:55.842+0300: 896.753: [GC (Allocation Failure) [PSYoungGen: 190936K->10135K(193536K)] 442914K->263602K(603136K), 0.0024806 secs] [Times: user=0.01 sys=0.00, real=0.02 secs] 
2024-10-04T14:14:55.858+0300: 896.756: Total time for which application threads were stopped: 0.0028267 seconds, Stopping threads took: 0.0001837 seconds
2024-10-04T14:14:56.078+0300: 896.977: Application time: 0.2212023 seconds
2024-10-04T14:14:56.078+0300: 896.977: [GC (Allocation Failure) [PSYoungGen: 192331K->9455K(193536K)] 445798K->264395K(603136K), 0.0022606 secs] [Times: user=0.00 sys=0.00, real=0.00 secs] 
2024-10-04T14:14:56.078+0300: 896.980: Total time for which application threads were stopped: 0.0026034 seconds, Stopping threads took: 0.0001606 seconds
2024-10-04T14:14:56.501+0300: 897.413: Application time: 0.4334783 seconds
2024-10-04T14:14:56.517+0300: 897.413: [GC (Allocation Failure) [PSYoungGen: 191640K->9390K(193536K)] 446580K->265803K(603136K), 0.0021923 secs] [Times: user=0.00 sys=0.00, real=0.00 secs] 
2024-10-04T14:14:56.517+0300: 897.416: Total time for which application threads were stopped: 0.0025181 seconds, Stopping threads took: 0.0001806 seconds
2024-10-04T14:14:56.643+0300: 897.546: Application time: 0.1304153 seconds
2024-10-04T14:14:56.643+0300: 897.546: [GC (Allocation Failure) [PSYoungGen: 191179K->8646K(193536K)] 447592K->266556K(603136K), 0.0021447 secs] [Times: user=0.00 sys=0.00, real=0.00 secs] 
2024-10-04T14:14:56.643+0300: 897.548: Total time for which application threads were stopped: 0.0024819 seconds, Stopping threads took: 0.0001558 seconds
2024-10-04T14:14:57.349+0300: 898.251: Application time: 0.7030077 seconds
2024-10-04T14:14:57.349+0300: 898.252: [GC (Allocation Failure) [PSYoungGen: 190390K->10167K(193536K)] 448300K->268870K(603136K), 0.0021685 secs] [Times: user=0.00 sys=0.00, real=0.00 secs] 
2024-10-04T14:14:57.349+0300: 898.254: Total time for which application threads were stopped: 0.0025437 seconds, Stopping threads took: 0.0002175 seconds
2024-10-04T14:14:57.726+0300: 898.635: Application time: 0.3809791 seconds
2024-10-04T14:14:57.726+0300: 898.635: [GC (Allocation Failure) [PSYoungGen: 192331K->10199K(193536K)] 451034K->270335K(603136K), 0.0023698 secs] [Times: user=0.00 sys=0.00, real=0.01 secs] 
2024-10-04T14:14:57.741+0300: 898.638: Total time for which application threads were stopped: 0.0026907 seconds, Stopping threads took: 0.0001746 seconds
2024-10-04T14:14:58.181+0300: 899.088: Application time: 0.4504567 seconds
2024-10-04T14:14:58.181+0300: 899.088: [GC (Allocation Failure) [PSYoungGen: 192408K->8646K(193536K)] 452544K->271696K(603136K), 0.0023280 secs] [Times: user=0.00 sys=0.00, real=0.00 secs] 
2024-10-04T14:14:58.181+0300: 899.091: Total time for which application threads were stopped: 0.0026714 seconds, Stopping threads took: 0.0002082 seconds
2024-10-04T14:14:58.510+0300: 899.409: Application time: 0.3180915 seconds
2024-10-04T14:14:58.510+0300: 899.409: [GC (Allocation Failure) [PSYoungGen: 190775K->9422K(193536K)] 453824K->272536K(603136K), 0.0020520 secs] [Times: user=0.00 sys=0.00, real=0.00 secs] 
2024-10-04T14:14:58.510+0300: 899.411: Total time for which application threads were stopped: 0.0023484 seconds, Stopping threads took: 0.0001691 seconds
2024-10-04T14:14:58.761+0300: 899.664: Application time: 0.2532339 seconds
2024-10-04T14:14:58.761+0300: 899.665: [GC (Allocation Failure) [PSYoungGen: 191370K->9422K(193536K)] 454484K->274009K(603136K), 0.0023162 secs] [Times: user=0.01 sys=0.00, real=0.00 secs] 
2024-10-04T14:14:58.761+0300: 899.667: Total time for which application threads were stopped: 0.0027105 seconds, Stopping threads took: 0.0001859 seconds
2024-10-04T14:14:58.949+0300: 899.859: Application time: 0.1921751 seconds
2024-10-04T14:14:58.949+0300: 899.860: [GC (Allocation Failure) [PSYoungGen: 191474K->10103K(193536K)] 456061K->275502K(603136K), 0.0024217 secs] [Times: user=0.01 sys=0.00, real=0.02 secs] 
2024-10-04T14:14:58.965+0300: 899.862: Total time for which application threads were stopped: 0.0027003 seconds, Stopping threads took: 0.0001365 seconds
2024-10-04T14:14:59.718+0300: 900.616: Application time: 0.7537185 seconds
2024-10-04T14:14:59.718+0300: 900.616: [GC (Allocation Failure) [PSYoungGen: 191849K->9454K(193536K)] 457248K->277032K(603136K), 0.0023981 secs] [Times: user=0.00 sys=0.00, real=0.00 secs] 
2024-10-04T14:14:59.718+0300: 900.619: Total time for which application threads were stopped: 0.0027605 seconds, Stopping threads took: 0.0001879 seconds
2024-10-04T14:15:00.079+0300: 900.986: Application time: 0.3672551 seconds
2024-10-04T14:15:00.079+0300: 900.986: [GC (Allocation Failure) [PSYoungGen: 191694K->10912K(193536K)] 459271K->279922K(603136K), 0.0025119 secs] [Times: user=0.00 sys=0.00, real=0.00 secs] 
2024-10-04T14:15:00.079+0300: 900.989: Total time for which application threads were stopped: 0.0028356 seconds, Stopping threads took: 0.0001269 seconds
2024-10-04T14:15:00.486+0300: 901.388: Application time: 0.3991103 seconds
2024-10-04T14:15:00.486+0300: 901.388: [GC (Allocation Failure) [PSYoungGen: 193132K->8678K(193536K)] 462142K->280586K(603136K), 0.0022917 secs] [Times: user=0.00 sys=0.00, real=0.00 secs] 
2024-10-04T14:15:00.486+0300: 901.390: Total time for which application threads were stopped: 0.0026054 seconds, Stopping threads took: 0.0001796 seconds
2024-10-04T14:15:00.878+0300: 901.780: Application time: 0.3897289 seconds
2024-10-04T14:15:00.878+0300: 901.780: [GC (Allocation Failure) [PSYoungGen: 190625K->9422K(193536K)] 462533K->282099K(603136K), 0.0022588 secs] [Times: user=0.00 sys=0.00, real=0.00 secs] 
2024-10-04T14:15:00.878+0300: 901.783: Total time for which application threads were stopped: 0.0025919 seconds, Stopping threads took: 0.0001255 seconds
2024-10-04T14:15:01.102+0300: 902.003: Application time: 0.2200591 seconds
2024-10-04T14:15:01.102+0300: 902.003: [GC (Allocation Failure) [PSYoungGen: 191269K->10167K(193536K)] 463946K->283636K(603136K), 0.0023715 secs] [Times: user=0.00 sys=0.00, real=0.00 secs] 
2024-10-04T14:15:01.102+0300: 902.005: Total time for which application threads were stopped: 0.0027387 seconds, Stopping threads took: 0.0002315 seconds
2024-10-04T14:15:01.317+0300: 902.227: Application time: 0.2218072 seconds
2024-10-04T14:15:01.317+0300: 902.228: [GC (Allocation Failure) [PSYoungGen: 191923K->9358K(193536K)] 465393K->284353K(603136K), 0.0023081 secs] [Times: user=0.02 sys=0.00, real=0.02 secs] 
2024-10-04T14:15:01.333+0300: 902.230: Total time for which application threads were stopped: 0.0026581 seconds, Stopping threads took: 0.0001986 seconds
2024-10-04T14:15:02.055+0300: 902.964: Application time: 0.7335782 seconds
2024-10-04T14:15:02.055+0300: 902.964: [GC (Allocation Failure) [PSYoungGen: 191462K->10880K(193536K)] 466457K->287307K(603136K), 0.0025250 secs] [Times: user=0.00 sys=0.00, real=0.00 secs] 
2024-10-04T14:15:02.055+0300: 902.966: Total time for which application threads were stopped: 0.0029021 seconds, Stopping threads took: 0.0002302 seconds
2024-10-04T14:15:02.448+0300: 903.349: Application time: 0.3821845 seconds
2024-10-04T14:15:02.448+0300: 903.349: [GC (Allocation Failure) [PSYoungGen: 192626K->10167K(192512K)] 469053K->288772K(602112K), 0.0024053 secs] [Times: user=0.00 sys=0.00, real=0.00 secs] 
2024-10-04T14:15:02.448+0300: 903.351: Total time for which application threads were stopped: 0.0026830 seconds, Stopping threads took: 0.0001002 seconds
2024-10-04T14:15:02.761+0300: 903.660: Application time: 0.3090472 seconds
2024-10-04T14:15:02.761+0300: 903.661: [GC (Allocation Failure) [PSYoungGen: 191371K->9423K(193024K)] 469976K->290189K(602624K), 0.0023332 secs] [Times: user=0.00 sys=0.00, real=0.00 secs] 
2024-10-04T14:15:02.761+0300: 903.663: Total time for which application threads were stopped: 0.0026165 seconds, Stopping threads took: 0.0001183 seconds
2024-10-04T14:15:03.028+0300: 903.933: Application time: 0.2697227 seconds
2024-10-04T14:15:03.028+0300: 903.933: [GC (Allocation Failure) [PSYoungGen: 190175K->9423K(193536K)] 470942K->290986K(603136K), 0.0023036 secs] [Times: user=0.00 sys=0.00, real=0.00 secs] 
2024-10-04T14:15:03.028+0300: 903.935: Total time for which application threads were stopped: 0.0026712 seconds, Stopping threads took: 0.0001705 seconds
2024-10-04T14:15:03.420+0300: 904.317: Application time: 0.3815929 seconds
2024-10-04T14:15:03.420+0300: 904.317: [GC (Allocation Failure) [PSYoungGen: 191538K->9454K(193536K)] 473102K->291778K(603136K), 0.0021636 secs] [Times: user=0.00 sys=0.00, real=0.00 secs] 
2024-10-04T14:15:03.420+0300: 904.320: Total time for which application threads were stopped: 0.0027633 seconds, Stopping threads took: 0.0004681 seconds
2024-10-04T14:15:03.640+0300: 904.538: Application time: 0.2185015 seconds
2024-10-04T14:15:03.640+0300: 904.538: [GC (Allocation Failure) [PSYoungGen: 191543K->10167K(193536K)] 473867K->293956K(603136K), 0.0023026 secs] [Times: user=0.00 sys=0.00, real=0.00 secs] 
2024-10-04T14:15:03.640+0300: 904.541: Total time for which application threads were stopped: 0.0025643 seconds, Stopping threads took: 0.0000945 seconds
2024-10-04T14:15:04.157+0300: 905.060: Application time: 0.5194741 seconds
2024-10-04T14:15:04.157+0300: 905.061: [GC (Allocation Failure) [PSYoungGen: 192299K->9455K(193536K)] 476088K->295429K(603136K), 0.0024845 secs] [Times: user=0.00 sys=0.00, real=0.00 secs] 
2024-10-04T14:15:04.157+0300: 905.063: Total time for which application threads were stopped: 0.0028576 seconds, Stopping threads took: 0.0002003 seconds
2024-10-04T14:15:04.708+0300: 905.618: Application time: 0.5543682 seconds
2024-10-04T14:15:04.708+0300: 905.618: [GC (Allocation Failure) [PSYoungGen: 191582K->9390K(193536K)] 477557K->296133K(603136K), 0.0022612 secs] [Times: user=0.02 sys=0.00, real=0.02 secs] 
2024-10-04T14:15:04.723+0300: 905.620: Total time for which application threads were stopped: 0.0026055 seconds, Stopping threads took: 0.0002036 seconds
2024-10-04T14:15:04.911+0300: 905.818: Application time: 0.1976623 seconds
2024-10-04T14:15:04.911+0300: 905.818: [GC (Allocation Failure) [PSYoungGen: 191223K->10103K(193536K)] 477966K->298327K(603136K), 0.0022978 secs] [Times: user=0.00 sys=0.00, real=0.00 secs] 
2024-10-04T14:15:04.911+0300: 905.820: Total time for which application threads were stopped: 0.0026360 seconds, Stopping threads took: 0.0002063 seconds
2024-10-04T14:15:05.350+0300: 906.253: Application time: 0.4326626 seconds
2024-10-04T14:15:05.350+0300: 906.253: [GC (Allocation Failure) [PSYoungGen: 192234K->9423K(193536K)] 480458K->300545K(603136K), 0.0024811 secs] [Times: user=0.00 sys=0.00, real=0.00 secs] 
2024-10-04T14:15:05.350+0300: 906.256: Total time for which application threads were stopped: 0.0027505 seconds, Stopping threads took: 0.0001163 seconds
2024-10-04T14:15:05.962+0300: 906.868: Application time: 0.6126658 seconds
2024-10-04T14:15:05.962+0300: 906.869: [GC (Allocation Failure) [PSYoungGen: 191151K->10199K(193536K)] 482273K->302786K(603136K), 0.0025576 secs] [Times: user=0.00 sys=0.00, real=0.00 secs] 
2024-10-04T14:15:05.962+0300: 906.872: Total time for which application threads were stopped: 0.0031076 seconds, Stopping threads took: 0.0003906 seconds
2024-10-04T14:15:06.135+0300: 907.036: Application time: 0.1642675 seconds
2024-10-04T14:15:06.135+0300: 907.036: [GC (Allocation Failure) [PSYoungGen: 191943K->9391K(193536K)] 484530K->303503K(603136K), 0.0023661 secs] [Times: user=0.00 sys=0.00, real=0.00 secs] 
2024-10-04T14:15:06.135+0300: 907.039: Total time for which application threads were stopped: 0.0026526 seconds, Stopping threads took: 0.0001545 seconds
2024-10-04T14:15:06.574+0300: 907.475: Application time: 0.4363822 seconds
2024-10-04T14:15:06.574+0300: 907.475: [GC (Allocation Failure) [PSYoungGen: 191479K->7997K(193536K)] 485591K->303567K(603136K), 0.0022695 secs] [Times: user=0.00 sys=0.00, real=0.00 secs] 
2024-10-04T14:15:06.574+0300: 907.478: Total time for which application threads were stopped: 0.0027284 seconds, Stopping threads took: 0.0003052 seconds
2024-10-04T14:15:06.920+0300: 907.825: Application time: 0.3477577 seconds
2024-10-04T14:15:06.920+0300: 907.826: [GC (Allocation Failure) [PSYoungGen: 190177K->8742K(193536K)] 485747K->305064K(603136K), 0.0020812 secs] [Times: user=0.00 sys=0.00, real=0.00 secs] 
2024-10-04T14:15:06.920+0300: 907.828: Total time for which application threads were stopped: 0.0023848 seconds, Stopping threads took: 0.0001645 seconds
2024-10-04T14:15:07.343+0300: 908.253: Application time: 0.4252012 seconds
2024-10-04T14:15:07.343+0300: 908.253: [GC (Allocation Failure) [PSYoungGen: 190916K->10167K(193536K)] 487238K->307954K(603136K), 0.0023731 secs] [Times: user=0.02 sys=0.00, real=0.02 secs] 
2024-10-04T14:15:07.359+0300: 908.256: Total time for which application threads were stopped: 0.0027212 seconds, Stopping threads took: 0.0001608 seconds
2024-10-04T14:15:07.767+0300: 908.664: Application time: 0.4078400 seconds
2024-10-04T14:15:07.767+0300: 908.664: [GC (Allocation Failure) [PSYoungGen: 192321K->8710K(193536K)] 490108K->308691K(603136K), 0.0024453 secs] [Times: user=0.06 sys=0.00, real=0.00 secs] 
2024-10-04T14:15:07.767+0300: 908.666: Total time for which application threads were stopped: 0.0027854 seconds, Stopping threads took: 0.0001618 seconds
2024-10-04T14:15:08.301+0300: 909.204: Application time: 0.5375968 seconds
2024-10-04T14:15:08.301+0300: 909.204: [GC (Allocation Failure) [PSYoungGen: 190846K->10199K(193536K)] 490827K->311645K(603136K), 0.0024446 secs] [Times: user=0.00 sys=0.00, real=0.00 secs] 
2024-10-04T14:15:08.301+0300: 909.207: Total time for which application threads were stopped: 0.0028163 seconds, Stopping threads took: 0.0002159 seconds
2024-10-04T14:15:08.516+0300: 909.414: Application time: 0.2073928 seconds
2024-10-04T14:15:08.516+0300: 909.414: [GC (Allocation Failure) [PSYoungGen: 192392K->9391K(193536K)] 493837K->312317K(603136K), 0.0023878 secs] [Times: user=0.00 sys=0.00, real=0.00 secs] 
2024-10-04T14:15:08.521+0300: 909.417: Total time for which application threads were stopped: 0.0026867 seconds, Stopping threads took: 0.0001439 seconds
2024-10-04T14:15:08.976+0300: 909.878: Application time: 0.4606949 seconds
2024-10-04T14:15:08.976+0300: 909.878: [GC (Allocation Failure) [PSYoungGen: 191493K->9390K(193536K)] 494420K->313798K(603136K), 0.0021941 secs] [Times: user=0.00 sys=0.00, real=0.00 secs] 
2024-10-04T14:15:08.976+0300: 909.880: Total time for which application threads were stopped: 0.0025240 seconds, Stopping threads took: 0.0001872 seconds
2024-10-04T14:15:09.305+0300: 910.205: Application time: 0.3250875 seconds
2024-10-04T14:15:09.305+0300: 910.205: [GC (Allocation Failure) [PSYoungGen: 191237K->9422K(193536K)] 495645K->315311K(603136K), 0.0023294 secs] [Times: user=0.00 sys=0.00, real=0.00 secs] 
2024-10-04T14:15:09.305+0300: 910.208: Total time for which application threads were stopped: 0.0026840 seconds, Stopping threads took: 0.0002164 seconds
2024-10-04T14:15:09.743+0300: 910.651: Application time: 0.4434823 seconds
2024-10-04T14:15:09.743+0300: 910.652: [GC (Allocation Failure) [PSYoungGen: 191178K->9423K(193536K)] 497067K->316824K(603136K), 0.0023356 secs] [Times: user=0.00 sys=0.00, real=0.00 secs] 
2024-10-04T14:15:09.743+0300: 910.654: Total time for which application threads were stopped: 0.0026613 seconds, Stopping threads took: 0.0001699 seconds
2024-10-04T14:15:10.135+0300: 911.047: Application time: 0.3925365 seconds
2024-10-04T14:15:10.135+0300: 911.047: [GC (Allocation Failure) [PSYoungGen: 191564K->9455K(194048K)] 498966K->318297K(603648K), 0.0022208 secs] [Times: user=0.02 sys=0.00, real=0.02 secs] 
2024-10-04T14:15:10.151+0300: 911.049: Total time for which application threads were stopped: 0.0025726 seconds, Stopping threads took: 0.0001972 seconds
2024-10-04T14:15:10.519+0300: 911.418: Application time: 0.3688516 seconds
2024-10-04T14:15:10.519+0300: 911.418: [GC (Allocation Failure) [PSYoungGen: 192379K->10167K(194048K)] 501221K->320483K(603648K), 0.0023778 secs] [Times: user=0.00 sys=0.00, real=0.00 secs] 
2024-10-04T14:15:10.519+0300: 911.421: Total time for which application threads were stopped: 0.0026807 seconds, Stopping threads took: 0.0001673 seconds
2024-10-04T14:15:10.920+0300: 911.829: Application time: 0.4082338 seconds
2024-10-04T14:15:10.920+0300: 911.829: [GC (Allocation Failure) [PSYoungGen: 193033K->8710K(194048K)] 503349K->321220K(603648K), 0.0023294 secs] [Times: user=0.00 sys=0.00, real=0.01 secs] 
2024-10-04T14:15:10.935+0300: 911.834: Total time for which application threads were stopped: 0.0050064 seconds, Stopping threads took: 0.0001804 seconds
2024-10-04T14:15:11.328+0300: 912.230: Application time: 0.3960010 seconds
2024-10-04T14:15:11.328+0300: 912.230: [GC (Allocation Failure) [PSYoungGen: 191580K->9422K(194048K)] 504089K->322700K(603648K), 0.0021523 secs] [Times: user=0.00 sys=0.00, real=0.00 secs] 
2024-10-04T14:15:11.328+0300: 912.232: Total time for which application threads were stopped: 0.0024351 seconds, Stopping threads took: 0.0001535 seconds
2024-10-04T14:15:11.516+0300: 912.417: Application time: 0.1845052 seconds
2024-10-04T14:15:11.521+0300: 912.417: [GC (Allocation Failure) [PSYoungGen: 192062K->10135K(193024K)] 505340K->324886K(602624K), 0.0023617 secs] [Times: user=0.00 sys=0.00, real=0.00 secs] 
2024-10-04T14:15:11.521+0300: 912.420: Total time for which application threads were stopped: 0.0027949 seconds, Stopping threads took: 0.0002966 seconds
2024-10-04T14:15:12.097+0300: 913.004: Application time: 0.5847342 seconds
2024-10-04T14:15:12.097+0300: 913.005: [GC (Allocation Failure) [PSYoungGen: 191875K->9454K(193536K)] 506627K->325707K(603136K), 0.0022669 secs] [Times: user=0.00 sys=0.00, real=0.00 secs] 
2024-10-04T14:15:12.097+0300: 913.007: Total time for which application threads were stopped: 0.0025669 seconds, Stopping threads took: 0.0001493 seconds
2024-10-04T14:15:12.522+0300: 913.431: Application time: 0.4236572 seconds
2024-10-04T14:15:12.522+0300: 913.431: [GC (Allocation Failure) [PSYoungGen: 191620K->9391K(194048K)] 507872K->327092K(603648K), 0.0022998 secs] [Times: user=0.00 sys=0.00, real=0.00 secs] 
2024-10-04T14:15:12.522+0300: 913.433: Total time for which application threads were stopped: 0.0025987 seconds, Stopping threads took: 0.0001604 seconds
2024-10-04T14:15:12.898+0300: 913.797: Application time: 0.3642103 seconds
2024-10-04T14:15:12.898+0300: 913.798: [GC (Allocation Failure) [PSYoungGen: 192290K->10167K(194048K)] 509991K->329334K(603648K), 0.0023442 secs] [Times: user=0.00 sys=0.00, real=0.00 secs] 
2024-10-04T14:15:12.898+0300: 913.800: Total time for which application threads were stopped: 0.0026603 seconds, Stopping threads took: 0.0001719 seconds
2024-10-04T14:15:13.324+0300: 914.224: Application time: 0.4238536 seconds
2024-10-04T14:15:13.324+0300: 914.224: [GC (Allocation Failure) [PSYoungGen: 193024K->8710K(194048K)] 512191K->330070K(603648K), 0.0023653 secs] [Times: user=0.00 sys=0.00, real=0.00 secs] 
2024-10-04T14:15:13.324+0300: 914.227: Total time for which application threads were stopped: 0.0026244 seconds, Stopping threads took: 0.0001024 seconds
2024-10-04T14:15:13.682+0300: 914.580: Application time: 0.3536921 seconds
2024-10-04T14:15:13.682+0300: 914.581: [GC (Allocation Failure) [PSYoungGen: 191307K->10199K(193536K)] 512667K->332311K(603136K), 0.0023219 secs] [Times: user=0.00 sys=0.00, real=0.00 secs] 
2024-10-04T14:15:13.682+0300: 914.583: Total time for which application threads were stopped: 0.0027298 seconds, Stopping threads took: 0.0002155 seconds
2024-10-04T14:15:13.871+0300: 914.778: Application time: 0.1952923 seconds
2024-10-04T14:15:13.871+0300: 914.779: [GC (Allocation Failure) [PSYoungGen: 193056K->9359K(193536K)] 515168K->333701K(603136K), 0.0024153 secs] [Times: user=0.00 sys=0.00, real=0.00 secs] 
2024-10-04T14:15:13.871+0300: 914.781: Total time for which application threads were stopped: 0.0027558 seconds, Stopping threads took: 0.0001886 seconds
2024-10-04T14:15:14.452+0300: 915.352: Application time: 0.5708256 seconds
2024-10-04T14:15:14.452+0300: 915.352: [GC (Allocation Failure) [PSYoungGen: 191452K->10912K(193536K)] 515795K->336006K(603136K), 0.0024415 secs] [Times: user=0.00 sys=0.00, real=0.00 secs] 
2024-10-04T14:15:14.452+0300: 915.355: Total time for which application threads were stopped: 0.0028509 seconds, Stopping threads took: 0.0001735 seconds
2024-10-04T14:15:14.750+0300: 915.654: Application time: 0.2994749 seconds
2024-10-04T14:15:14.750+0300: 915.655: [GC (Allocation Failure) [PSYoungGen: 193133K->10135K(193536K)] 518228K->337423K(603136K), 0.0026102 secs] [Times: user=0.00 sys=0.00, real=0.00 secs] 
2024-10-04T14:15:14.750+0300: 915.657: Total time for which application threads were stopped: 0.0029860 seconds, Stopping threads took: 0.0002384 seconds
2024-10-04T14:15:15.196+0300: 916.093: Application time: 0.4355714 seconds
2024-10-04T14:15:15.197+0300: 916.093: [GC (Allocation Failure) [PSYoungGen: 192319K->10135K(193536K)] 519608K->338904K(603136K), 0.0024582 secs] [Times: user=0.00 sys=0.00, real=0.00 secs] 
2024-10-04T14:15:15.199+0300: 916.096: Total time for which application threads were stopped: 0.0027831 seconds, Stopping threads took: 0.0001002 seconds
2024-10-04T14:15:15.472+0300: 916.372: Application time: 0.2762455 seconds
2024-10-04T14:15:15.472+0300: 916.372: [GC (Allocation Failure) [PSYoungGen: 192329K->9391K(193536K)] 521099K->339649K(603136K), 0.0023934 secs] [Times: user=0.00 sys=0.00, real=0.00 secs] 
2024-10-04T14:15:15.472+0300: 916.375: Total time for which application threads were stopped: 0.0027943 seconds, Stopping threads took: 0.0002062 seconds
2024-10-04T14:15:15.911+0300: 916.822: Application time: 0.4478555 seconds
2024-10-04T14:15:15.927+0300: 916.823: [GC (Allocation Failure) [PSYoungGen: 191565K->10199K(193536K)] 521824K->341210K(603136K), 0.0024303 secs] [Times: user=0.02 sys=0.00, real=0.00 secs] 
2024-10-04T14:15:15.929+0300: 916.825: Total time for which application threads were stopped: 0.0028058 seconds, Stopping threads took: 0.0002227 seconds
2024-10-04T14:15:16.084+0300: 916.990: Application time: 0.1644885 seconds
2024-10-04T14:15:16.084+0300: 916.990: [GC (Allocation Failure) [PSYoungGen: 192371K->9454K(193536K)] 523382K->342659K(603136K), 0.0024422 secs] [Times: user=0.00 sys=0.00, real=0.00 secs] 
2024-10-04T14:15:16.084+0300: 916.992: Total time for which application threads were stopped: 0.0027206 seconds, Stopping threads took: 0.0001434 seconds
2024-10-04T14:15:16.696+0300: 917.607: Application time: 0.6143577 seconds
2024-10-04T14:15:16.696+0300: 917.607: [GC (Allocation Failure) [PSYoungGen: 191553K->9486K(193536K)] 524757K->344156K(603136K), 0.0023857 secs] [Times: user=0.02 sys=0.00, real=0.02 secs] 
2024-10-04T14:15:16.712+0300: 917.610: Total time for which application threads were stopped: 0.0027508 seconds, Stopping threads took: 0.0001712 seconds
2024-10-04T14:15:16.900+0300: 917.802: Application time: 0.1920917 seconds
2024-10-04T14:15:16.900+0300: 917.802: [GC (Allocation Failure) [PSYoungGen: 191681K->9359K(193536K)] 526350K->345525K(603136K), 0.0022553 secs] [Times: user=0.00 sys=0.00, real=0.00 secs] 
2024-10-04T14:15:16.900+0300: 917.804: Total time for which application threads were stopped: 0.0025576 seconds, Stopping threads took: 0.0001720 seconds
2024-10-04T14:15:17.481+0300: 918.386: Application time: 0.5816298 seconds
2024-10-04T14:15:17.481+0300: 918.386: [GC (Allocation Failure) [PSYoungGen: 191449K->10912K(193536K)] 527616K->347831K(603136K), 0.0024477 secs] [Times: user=0.00 sys=0.00, real=0.00 secs] 
2024-10-04T14:15:17.481+0300: 918.389: Total time for which application threads were stopped: 0.0028912 seconds, Stopping threads took: 0.0002930 seconds
2024-10-04T14:15:17.606+0300: 918.510: Application time: 0.1215242 seconds
2024-10-04T14:15:17.606+0300: 918.511: [GC (Allocation Failure) [PSYoungGen: 193137K->8646K(192512K)] 530056K->347775K(602112K), 0.0022217 secs] [Times: user=0.00 sys=0.00, real=0.00 secs] 
2024-10-04T14:15:17.606+0300: 918.513: Total time for which application threads were stopped: 0.0025325 seconds, Stopping threads took: 0.0001323 seconds
2024-10-04T14:15:18.140+0300: 919.040: Application time: 0.5274209 seconds
2024-10-04T14:15:18.140+0300: 919.041: [GC (Allocation Failure) [PSYoungGen: 189672K->10199K(193024K)] 528801K->350793K(602624K), 0.0023665 secs] [Times: user=0.00 sys=0.00, real=0.00 secs] 
2024-10-04T14:15:18.140+0300: 919.043: Total time for which application threads were stopped: 0.0027916 seconds, Stopping threads took: 0.0002728 seconds
2024-10-04T14:15:18.406+0300: 919.303: Application time: 0.2598759 seconds
2024-10-04T14:15:18.406+0300: 919.303: [GC (Allocation Failure) [PSYoungGen: 191218K->9423K(193536K)] 531811K->351529K(603136K), 0.0022525 secs] [Times: user=0.00 sys=0.00, real=0.00 secs] 
2024-10-04T14:15:18.406+0300: 919.305: Total time for which application threads were stopped: 0.0025469 seconds, Stopping threads took: 0.0001556 seconds
2024-10-04T14:15:18.846+0300: 919.744: Application time: 0.4380453 seconds
2024-10-04T14:15:18.846+0300: 919.744: [GC (Allocation Failure) [PSYoungGen: 190819K->10199K(193024K)] 532925K->353739K(602624K), 0.0026548 secs] [Times: user=0.00 sys=0.00, real=0.00 secs] 
2024-10-04T14:15:18.846+0300: 919.747: Total time for which application threads were stopped: 0.0031026 seconds, Stopping threads took: 0.0002174 seconds
2024-10-04T14:15:19.238+0300: 920.146: Application time: 0.3990524 seconds
2024-10-04T14:15:19.238+0300: 920.146: [GC (Allocation Failure) [PSYoungGen: 191631K->9391K(193536K)] 535171K->354420K(603136K), 0.0024366 secs] [Times: user=0.00 sys=0.00, real=0.00 secs] 
2024-10-04T14:15:19.238+0300: 920.148: Total time for which application threads were stopped: 0.0027772 seconds, Stopping threads took: 0.0001958 seconds
2024-10-04T14:15:19.802+0300: 920.704: Application time: 0.5553948 seconds
2024-10-04T14:15:19.802+0300: 920.704: [GC (Allocation Failure) [PSYoungGen: 191527K->9487K(193536K)] 536556K->355981K(603136K), 0.0024955 secs] [Times: user=0.00 sys=0.00, real=0.00 secs] 
2024-10-04T14:15:19.802+0300: 920.707: Total time for which application threads were stopped: 0.0028992 seconds, Stopping threads took: 0.0001493 seconds
2024-10-04T14:15:19.944+0300: 920.845: Application time: 0.1384547 seconds
2024-10-04T14:15:19.944+0300: 920.845: [GC (Allocation Failure) [PSYoungGen: 191670K->9390K(193536K)] 538164K->357366K(603136K), 0.0024869 secs] [Times: user=0.00 sys=0.00, real=0.00 secs] 
2024-10-04T14:15:19.944+0300: 920.848: Total time for which application threads were stopped: 0.0028413 seconds, Stopping threads took: 0.0001843 seconds
2024-10-04T14:15:20.338+0300: 921.242: Application time: 0.3935667 seconds
2024-10-04T14:15:20.338+0300: 921.242: [GC (Allocation Failure) [PSYoungGen: 191190K->9423K(193536K)] 539165K->359591K(603136K), 0.0024601 secs] [Times: user=0.00 sys=0.00, real=0.00 secs] 
2024-10-04T14:15:20.338+0300: 921.244: Total time for which application threads were stopped: 0.0028462 seconds, Stopping threads took: 0.0002468 seconds
2024-10-04T14:15:20.681+0300: 921.586: Application time: 0.3413864 seconds
2024-10-04T14:15:20.681+0300: 921.586: [GC (Allocation Failure) [PSYoungGen: 191169K->9422K(193536K)] 541337K->360396K(603136K), 0.0022925 secs] [Times: user=0.00 sys=0.00, real=0.00 secs] 
2024-10-04T14:15:20.681+0300: 921.589: Total time for which application threads were stopped: 0.0026422 seconds, Stopping threads took: 0.0001744 seconds
2024-10-04T14:15:21.104+0300: 922.005: Application time: 0.4160058 seconds
2024-10-04T14:15:21.104+0300: 922.005: [GC (Allocation Failure) [PSYoungGen: 191575K->10167K(193536K)] 542548K->362581K(603136K), 0.0024087 secs] [Times: user=0.00 sys=0.00, real=0.00 secs] 
2024-10-04T14:15:21.104+0300: 922.007: Total time for which application threads were stopped: 0.0026986 seconds, Stopping threads took: 0.0001241 seconds
2024-10-04T14:15:21.575+0300: 922.483: Application time: 0.4754426 seconds
2024-10-04T14:15:21.575+0300: 922.483: [GC (Allocation Failure) [PSYoungGen: 192328K->8742K(193536K)] 544743K->363350K(603136K), 0.0026762 secs] [Times: user=0.00 sys=0.00, real=0.00 secs] 
2024-10-04T14:15:21.575+0300: 922.486: Total time for which application threads were stopped: 0.0029840 seconds, Stopping threads took: 0.0001298 seconds
2024-10-04T14:15:21.967+0300: 922.870: Application time: 0.3846186 seconds
2024-10-04T14:15:21.967+0300: 922.871: [GC (Allocation Failure) [PSYoungGen: 190915K->10912K(193536K)] 545523K->366272K(603136K), 0.0025142 secs] [Times: user=0.02 sys=0.00, real=0.00 secs] 
2024-10-04T14:15:21.967+0300: 922.873: Total time for which application threads were stopped: 0.0028888 seconds, Stopping threads took: 0.0002177 seconds
2024-10-04T14:15:22.281+0300: 923.190: Application time: 0.3167062 seconds
2024-10-04T14:15:22.281+0300: 923.190: [GC (Allocation Failure) [PSYoungGen: 193076K->10167K(192512K)] 548436K->367705K(602112K), 0.0024630 secs] [Times: user=0.00 sys=0.00, real=0.00 secs] 
2024-10-04T14:15:22.281+0300: 923.193: Total time for which application threads were stopped: 0.0027561 seconds, Stopping threads took: 0.0001557 seconds
2024-10-04T14:15:22.658+0300: 923.569: Application time: 0.3764406 seconds
2024-10-04T14:15:22.673+0300: 923.569: [GC (Allocation Failure) [PSYoungGen: 190858K->8678K(193024K)] 548396K->368402K(602624K), 0.0024677 secs] [Times: user=0.03 sys=0.00, real=0.00 secs] 
2024-10-04T14:15:22.673+0300: 923.572: Total time for which application threads were stopped: 0.0029596 seconds, Stopping threads took: 0.0002495 seconds
2024-10-04T14:15:22.943+0300: 923.850: Application time: 0.2778524 seconds
2024-10-04T14:15:22.943+0300: 923.850: [GC (Allocation Failure) [PSYoungGen: 189806K->10135K(193024K)] 549529K->369914K(602624K), 0.0024991 secs] [Times: user=0.02 sys=0.00, real=0.01 secs] 
2024-10-04T14:15:22.956+0300: 923.853: Total time for which application threads were stopped: 0.0028432 seconds, Stopping threads took: 0.0002043 seconds
2024-10-04T14:15:23.192+0300: 924.098: Application time: 0.2454276 seconds
2024-10-04T14:15:23.192+0300: 924.098: [GC (Allocation Failure) [PSYoungGen: 190860K->10103K(193024K)] 550640K->371392K(602624K), 0.0023503 secs] [Times: user=0.00 sys=0.00, real=0.00 secs] 
2024-10-04T14:15:23.192+0300: 924.101: Total time for which application threads were stopped: 0.0027082 seconds, Stopping threads took: 0.0002303 seconds
2024-10-04T14:15:23.882+0300: 924.787: Application time: 0.6864067 seconds
2024-10-04T14:15:23.882+0300: 924.788: [GC (Allocation Failure) [PSYoungGen: 191117K->10167K(193024K)] 552405K->373633K(602624K), 0.0026790 secs] [Times: user=0.00 sys=0.00, real=0.00 secs] 
2024-10-04T14:15:23.882+0300: 924.790: Total time for which application threads were stopped: 0.0029675 seconds, Stopping threads took: 0.0001364 seconds
2024-10-04T14:15:24.337+0300: 925.240: Application time: 0.4498287 seconds
2024-10-04T14:15:24.337+0300: 925.240: [GC (Allocation Failure) [PSYoungGen: 191011K->10135K(193024K)] 554478K->375043K(602624K), 0.0025372 secs] [Times: user=0.00 sys=0.00, real=0.01 secs] 
2024-10-04T14:15:24.345+0300: 925.243: Total time for which application threads were stopped: 0.0029096 seconds, Stopping threads took: 0.0002404 seconds
2024-10-04T14:15:24.588+0300: 925.498: Application time: 0.2546192 seconds
2024-10-04T14:15:24.588+0300: 925.498: [GC (Allocation Failure) [PSYoungGen: 190863K->9423K(193536K)] 555771K->375811K(603136K), 0.0022785 secs] [Times: user=0.00 sys=0.00, real=0.02 secs] 
2024-10-04T14:15:24.604+0300: 925.500: Total time for which application threads were stopped: 0.0025976 seconds, Stopping threads took: 0.0001362 seconds
2024-10-04T14:15:24.965+0300: 925.877: Application time: 0.3765499 seconds
2024-10-04T14:15:24.965+0300: 925.877: [GC (Allocation Failure) [PSYoungGen: 190847K->8742K(193024K)] 557235K->376603K(602624K), 0.0022493 secs] [Times: user=0.00 sys=0.00, real=0.02 secs] 
2024-10-04T14:15:24.981+0300: 925.879: Total time for which application threads were stopped: 0.0025595 seconds, Stopping threads took: 0.0001535 seconds
2024-10-04T14:15:25.169+0300: 926.080: Application time: 0.2006094 seconds
2024-10-04T14:15:25.169+0300: 926.080: [GC (Allocation Failure) [PSYoungGen: 189842K->9390K(193536K)] 557703K->378020K(603136K), 0.0022807 secs] [Times: user=0.01 sys=0.00, real=0.02 secs] 
2024-10-04T14:15:25.185+0300: 926.083: Total time for which application threads were stopped: 0.0026735 seconds, Stopping threads took: 0.0002270 seconds
2024-10-04T14:15:25.452+0300: 926.351: Application time: 0.2679719 seconds
2024-10-04T14:15:25.452+0300: 926.351: [GC (Allocation Failure) [PSYoungGen: 191521K->9358K(193536K)] 560151K->378777K(603136K), 0.0021515 secs] [Times: user=0.00 sys=0.00, real=0.00 secs] 
2024-10-04T14:15:25.452+0300: 926.353: Total time for which application threads were stopped: 0.0024319 seconds, Stopping threads took: 0.0001538 seconds
2024-10-04T14:15:26.189+0300: 927.091: Application time: 0.7381709 seconds
2024-10-04T14:15:26.189+0300: 927.091: [GC (Allocation Failure) [PSYoungGen: 191100K->10880K(192512K)] 560519K->381763K(602112K), 0.0026558 secs] [Times: user=0.00 sys=0.00, real=0.00 secs] 
2024-10-04T14:15:26.189+0300: 927.094: Total time for which application threads were stopped: 0.0029806 seconds, Stopping threads took: 0.0001746 seconds
2024-10-04T14:15:26.631+0300: 927.527: Application time: 0.4332308 seconds
2024-10-04T14:15:26.631+0300: 927.528: [GC (Allocation Failure) [PSYoungGen: 191674K->10136K(193024K)] 562557K->383189K(602624K), 0.0025364 secs] [Times: user=0.00 sys=0.00, real=0.00 secs] 
2024-10-04T14:15:26.631+0300: 927.530: Total time for which application threads were stopped: 0.0029586 seconds, Stopping threads took: 0.0002325 seconds
2024-10-04T14:15:26.849+0300: 927.757: Application time: 0.2270500 seconds
2024-10-04T14:15:26.849+0300: 927.758: [GC (Allocation Failure) [PSYoungGen: 190829K->9455K(193536K)] 563882K->383981K(603136K), 0.0023966 secs] [Times: user=0.00 sys=0.00, real=0.00 secs] 
2024-10-04T14:15:26.849+0300: 927.760: Total time for which application threads were stopped: 0.0027424 seconds, Stopping threads took: 0.0002142 seconds
2024-10-04T14:15:27.053+0300: 927.954: Application time: 0.1942986 seconds
2024-10-04T14:15:27.053+0300: 927.955: [GC (Allocation Failure) [PSYoungGen: 190590K->8710K(193024K)] 565117K->384725K(602624K), 0.0021895 secs] [Times: user=0.00 sys=0.00, real=0.00 secs] 
2024-10-04T14:15:27.053+0300: 927.957: Total time for which application threads were stopped: 0.0025109 seconds, Stopping threads took: 0.0001780 seconds
2024-10-04T14:15:27.382+0300: 928.292: Application time: 0.3346864 seconds
2024-10-04T14:15:27.382+0300: 928.292: [GC (Allocation Failure) [PSYoungGen: 190437K->9454K(193536K)] 566453K->386274K(603136K), 0.0023574 secs] [Times: user=0.00 sys=0.00, real=0.02 secs] 
2024-10-04T14:15:27.398+0300: 928.294: Total time for which application threads were stopped: 0.0027339 seconds, Stopping threads took: 0.0002310 seconds
2024-10-04T14:15:27.727+0300: 928.635: Application time: 0.3404928 seconds
2024-10-04T14:15:27.727+0300: 928.635: [GC (Allocation Failure) [PSYoungGen: 191191K->9422K(193024K)] 568011K->387043K(602624K), 0.0023020 secs] [Times: user=0.00 sys=0.00, real=0.00 secs] 
2024-10-04T14:15:27.727+0300: 928.638: Total time for which application threads were stopped: 0.0026088 seconds, Stopping threads took: 0.0001496 seconds
2024-10-04T14:15:28.402+0300: 929.309: Application time: 0.6717039 seconds
2024-10-04T14:15:28.402+0300: 929.309: [GC (Allocation Failure) [PSYoungGen: 191152K->10880K(192512K)] 568773K->389221K(602112K), 0.0025060 secs] [Times: user=0.00 sys=0.00, real=0.00 secs] 
2024-10-04T14:15:28.402+0300: 929.312: Total time for which application threads were stopped: 0.0028234 seconds, Stopping threads took: 0.0001869 seconds
2024-10-04T14:15:28.794+0300: 929.705: Application time: 0.3931279 seconds
2024-10-04T14:15:28.794+0300: 929.705: [GC (Allocation Failure) [PSYoungGen: 191677K->9423K(193024K)] 570018K->390638K(602624K), 0.0027412 secs] [Times: user=0.01 sys=0.00, real=0.02 secs] 
2024-10-04T14:15:28.809+0300: 929.708: Total time for which application threads were stopped: 0.0031318 seconds, Stopping threads took: 0.0002186 seconds
2024-10-04T14:15:29.077+0300: 929.979: Application time: 0.2702464 seconds
2024-10-04T14:15:29.077+0300: 929.979: [GC (Allocation Failure) [PSYoungGen: 190156K->9423K(193536K)] 571371K->391406K(603136K), 0.0023334 secs] [Times: user=0.00 sys=0.00, real=0.00 secs] 
2024-10-04T14:15:29.077+0300: 929.981: Total time for which application threads were stopped: 0.0026956 seconds, Stopping threads took: 0.0001876 seconds
2024-10-04T14:15:29.233+0300: 930.130: Application time: 0.1484066 seconds
2024-10-04T14:15:29.233+0300: 930.130: [GC (Allocation Failure) [PSYoungGen: 191243K->9390K(193536K)] 573226K->392863K(603136K), 0.0023860 secs] [Times: user=0.00 sys=0.00, real=0.00 secs] 
2024-10-04T14:15:29.233+0300: 930.132: Total time for which application threads were stopped: 0.0027087 seconds, Stopping threads took: 0.0001909 seconds
2024-10-04T14:15:29.437+0300: 930.347: Application time: 0.2143644 seconds
2024-10-04T14:15:29.437+0300: 930.347: [GC (Allocation Failure) [PSYoungGen: 191177K->8774K(193536K)] 574650K->393043K(603136K), 0.0024102 secs] [Times: user=0.00 sys=0.02, real=0.02 secs] 
2024-10-04T14:15:29.453+0300: 930.350: Total time for which application threads were stopped: 0.0030232 seconds, Stopping threads took: 0.0004684 seconds
2024-10-04T14:15:29.987+0300: 930.883: Application time: 0.5337111 seconds
2024-10-04T14:15:29.987+0300: 930.884: [GC (Allocation Failure) [PSYoungGen: 190535K->10135K(193536K)] 574804K->395905K(603136K), 0.0023890 secs] [Times: user=0.00 sys=0.00, real=0.00 secs] 
2024-10-04T14:15:29.987+0300: 930.886: Total time for which application threads were stopped: 0.0026938 seconds, Stopping threads took: 0.0001713 seconds
2024-10-04T14:15:30.693+0300: 931.594: Application time: 0.7080995 seconds
2024-10-04T14:15:30.693+0300: 931.595: [GC (Allocation Failure) [PSYoungGen: 191871K->10880K(192512K)] 577642K->398083K(602112K), 0.0026416 secs] [Times: user=0.00 sys=0.00, real=0.00 secs] 
2024-10-04T14:15:30.693+0300: 931.597: Total time for which application threads were stopped: 0.0030279 seconds, Stopping threads took: 0.0001925 seconds
2024-10-04T14:15:31.069+0300: 931.976: Application time: 0.3783074 seconds
2024-10-04T14:15:31.069+0300: 931.976: [GC (Allocation Failure) [PSYoungGen: 191472K->8742K(193024K)] 578675K->398812K(602624K), 0.0025537 secs] [Times: user=0.00 sys=0.00, real=0.00 secs] 
2024-10-04T14:15:31.069+0300: 931.979: Total time for which application threads were stopped: 0.0029778 seconds, Stopping threads took: 0.0002744 seconds
2024-10-04T14:15:31.225+0300: 932.132: Application time: 0.1536490 seconds
2024-10-04T14:15:31.225+0300: 932.133: [GC (Allocation Failure) [PSYoungGen: 189529K->10135K(193024K)] 579599K->400301K(602624K), 0.0023205 secs] [Times: user=0.00 sys=0.00, real=0.00 secs] 
2024-10-04T14:15:31.225+0300: 932.135: Total time for which application threads were stopped: 0.0026703 seconds, Stopping threads took: 0.0002123 seconds
2024-10-04T14:15:31.477+0300: 932.374: Application time: 0.2388146 seconds
2024-10-04T14:15:31.477+0300: 932.374: [GC (Allocation Failure) [PSYoungGen: 190787K->9390K(193024K)] 580952K->401045K(602624K), 0.0024701 secs] [Times: user=0.00 sys=0.00, real=0.00 secs] 
2024-10-04T14:15:31.477+0300: 932.377: Total time for which application threads were stopped: 0.0028023 seconds, Stopping threads took: 0.0001977 seconds
2024-10-04T14:15:31.649+0300: 932.551: Application time: 0.1748456 seconds
2024-10-04T14:15:31.649+0300: 932.552: [GC (Allocation Failure) [PSYoungGen: 190426K->10071K(193024K)] 582081K->402486K(602624K), 0.0023736 secs] [Times: user=0.00 sys=0.00, real=0.00 secs] 
2024-10-04T14:15:31.649+0300: 932.554: Total time for which application threads were stopped: 0.0026794 seconds, Stopping threads took: 0.0001554 seconds
2024-10-04T14:15:32.261+0300: 933.171: Application time: 0.6168558 seconds
2024-10-04T14:15:32.261+0300: 933.171: [GC (Allocation Failure) [PSYoungGen: 191086K->10879K(193024K)] 583501K->404796K(602624K), 0.0026987 secs] [Times: user=0.01 sys=0.00, real=0.02 secs] 
2024-10-04T14:15:32.277+0300: 933.174: Total time for which application threads were stopped: 0.0030395 seconds, Stopping threads took: 0.0001609 seconds
2024-10-04T14:15:32.952+0300: 933.852: Application time: 0.6779656 seconds
2024-10-04T14:15:32.952+0300: 933.852: [GC (Allocation Failure) [PSYoungGen: 191898K->10167K(193024K)] 585814K->406237K(602624K), 0.0026398 secs] [Times: user=0.00 sys=0.00, real=0.00 secs] 
2024-10-04T14:15:32.952+0300: 933.855: Total time for which application threads were stopped: 0.0030423 seconds, Stopping threads took: 0.0001986 seconds
2024-10-04T14:15:33.328+0300: 934.233: Application time: 0.3776653 seconds
2024-10-04T14:15:33.344+0300: 934.240: [GC (Allocation Failure) [PSYoungGen: 190821K->8742K(193024K)] 586890K->406966K(602624K), 0.0025287 secs] [Times: user=0.00 sys=0.00, real=0.00 secs] 
2024-10-04T14:15:33.344+0300: 934.243: Total time for which application threads were stopped: 0.0098310 seconds, Stopping threads took: 0.0070992 seconds
2024-10-04T14:15:33.438+0300: 934.338: Application time: 0.0951612 seconds
2024-10-04T14:15:33.438+0300: 934.338: [GC (Allocation Failure) [PSYoungGen: 189438K->10135K(193024K)] 587662K->408455K(602624K), 0.0023491 secs] [Times: user=0.00 sys=0.00, real=0.00 secs] 
2024-10-04T14:15:33.438+0300: 934.340: Total time for which application threads were stopped: 0.0027017 seconds, Stopping threads took: 0.0002103 seconds
2024-10-04T14:15:33.689+0300: 934.585: Application time: 0.2448031 seconds
2024-10-04T14:15:33.689+0300: 934.585: [GC (Allocation Failure) [PSYoungGen: 190801K->9390K(193024K)] 589121K->409191K(602624K), 0.0022538 secs] [Times: user=0.00 sys=0.00, real=0.00 secs] 
2024-10-04T14:15:33.689+0300: 934.588: Total time for which application threads were stopped: 0.0025596 seconds, Stopping threads took: 0.0001657 seconds
2024-10-04T14:15:33.751+0300: 934.653: Application time: 0.0649582 seconds
2024-10-04T14:15:33.751+0300: 934.653: [GC (Allocation Failure) [PSYoungGen: 190406K->8646K(193024K)] 590206K->409935K(602624K), 0.0021965 secs] [Times: user=0.00 sys=0.00, real=0.00 secs] 
2024-10-04T14:15:33.751+0300: 934.655: Total time for which application threads were stopped: 0.0025357 seconds, Stopping threads took: 0.0001972 seconds
2024-10-04T14:15:34.536+0300: 935.447: Application time: 0.7920708 seconds
2024-10-04T14:15:34.536+0300: 935.448: [GC (Allocation Failure) [PSYoungGen: 189650K->10167K(193024K)] 590939K->412245K(602624K), 0.0026755 secs] [Times: user=0.03 sys=0.00, real=0.02 secs] 
2024-10-04T14:15:34.552+0300: 935.450: Total time for which application threads were stopped: 0.0029449 seconds, Stopping threads took: 0.0000888 seconds
2024-10-04T14:15:35.163+0300: 936.060: Application time: 0.6093330 seconds
2024-10-04T14:15:35.163+0300: 936.060: [GC (Allocation Failure) [PSYoungGen: 191189K->10168K(193024K)] 593267K->414391K(602624K), 0.0025667 secs] [Times: user=0.00 sys=0.00, real=0.00 secs] 
2024-10-04T14:15:35.166+0300: 936.062: Total time for which application threads were stopped: 0.0028416 seconds, Stopping threads took: 0.0001170 seconds
2024-10-04T14:15:35.555+0300: 936.452: Application time: 0.3896674 seconds
2024-10-04T14:15:35.555+0300: 936.452: [GC (Allocation Failure) [PSYoungGen: 190955K->7997K(193024K)] 595179K->414383K(602624K), 0.0025137 secs] [Times: user=0.03 sys=0.00, real=0.00 secs] 
2024-10-04T14:15:35.555+0300: 936.455: Total time for which application threads were stopped: 0.0028833 seconds, Stopping threads took: 0.0002106 seconds
2024-10-04T14:15:35.696+0300: 936.598: Application time: 0.1431729 seconds
2024-10-04T14:15:35.696+0300: 936.598: [GC (Allocation Failure) [PSYoungGen: 189145K->8710K(193024K)] 595530K->415864K(602624K), 0.0024047 secs] [Times: user=0.00 sys=0.00, real=0.00 secs] 
2024-10-04T14:15:35.696+0300: 936.601: [Full GC (Ergonomics) [PSYoungGen: 8710K->0K(193024K)] [ParOldGen: 407153K->17252K(409600K)] 415864K->17252K(602624K), [Metaspace: 8301K->8301K(1056768K)], 0.0082705 secs] [Times: user=0.00 sys=0.00, real=0.02 secs] 
2024-10-04T14:15:35.712+0300: 936.609: Total time for which application threads were stopped: 0.0111233 seconds, Stopping threads took: 0.0001652 seconds
2024-10-04T14:15:35.790+0300: 936.691: Application time: 0.0815207 seconds
2024-10-04T14:15:35.790+0300: 936.691: [GC (Allocation Failure) [PSYoungGen: 180804K->9486K(193024K)] 198056K->26739K(602624K), 0.0022862 secs] [Times: user=0.00 sys=0.00, real=0.00 secs] 
2024-10-04T14:15:35.790+0300: 936.693: Total time for which application threads were stopped: 0.0025325 seconds, Stopping threads took: 0.0000851 seconds
2024-10-04T14:15:35.994+0300: 936.905: Application time: 0.2116736 seconds
2024-10-04T14:15:35.994+0300: 936.905: [GC (Allocation Failure) [PSYoungGen: 190483K->10135K(193024K)] 207736K->28224K(602624K), 0.0021760 secs] [Times: user=0.02 sys=0.00, real=0.02 secs] 
2024-10-04T14:15:36.010+0300: 936.908: Total time for which application threads were stopped: 0.0024824 seconds, Stopping threads took: 0.0001444 seconds
2024-10-04T14:15:36.810+0300: 937.715: Application time: 0.8074857 seconds
2024-10-04T14:15:36.810+0300: 937.715: [GC (Allocation Failure) [PSYoungGen: 191120K->10167K(193024K)] 209209K->28256K(602624K), 0.0020167 secs] [Times: user=0.00 sys=0.00, real=0.00 secs] 
2024-10-04T14:15:36.810+0300: 937.717: Total time for which application threads were stopped: 0.0022943 seconds, Stopping threads took: 0.0001141 seconds
2024-10-04T14:15:37.485+0300: 938.384: Application time: 0.6668082 seconds
2024-10-04T14:15:37.485+0300: 938.384: [GC (Allocation Failure) [PSYoungGen: 191170K->7998K(193024K)] 209260K->30386K(602624K), 0.0021346 secs] [Times: user=0.00 sys=0.00, real=0.00 secs] 
2024-10-04T14:15:37.485+0300: 938.387: Total time for which application threads were stopped: 0.0024154 seconds, Stopping threads took: 0.0001189 seconds
2024-10-04T14:15:37.720+0300: 938.622: Application time: 0.2356388 seconds
2024-10-04T14:15:37.720+0300: 938.622: [GC (Allocation Failure) [PSYoungGen: 188675K->9391K(193024K)] 211063K->31811K(602624K), 0.0020788 secs] [Times: user=0.00 sys=0.00, real=0.00 secs] 
2024-10-04T14:15:37.720+0300: 938.625: Total time for which application threads were stopped: 0.0024179 seconds, Stopping threads took: 0.0001449 seconds
2024-10-04T14:15:37.830+0300: 938.742: Application time: 0.1173178 seconds
2024-10-04T14:15:37.846+0300: 938.742: [GC (Allocation Failure) [PSYoungGen: 190117K->8614K(193024K)] 212537K->31831K(602624K), 0.0019449 secs] [Times: user=0.00 sys=0.00, real=0.00 secs] 
2024-10-04T14:15:37.846+0300: 938.744: Total time for which application threads were stopped: 0.0024640 seconds, Stopping threads took: 0.0003314 seconds
2024-10-04T14:15:38.019+0300: 938.926: Application time: 0.1818738 seconds
2024-10-04T14:15:38.019+0300: 938.927: [GC (Allocation Failure) [PSYoungGen: 189595K->8694K(193024K)] 212812K->33392K(602624K), 0.0021787 secs] [Times: user=0.00 sys=0.00, real=0.00 secs] 
2024-10-04T14:15:38.019+0300: 938.929: Total time for which application threads were stopped: 0.0026445 seconds, Stopping threads took: 0.0002389 seconds
2024-10-04T14:15:38.286+0300: 939.183: Application time: 0.2542420 seconds
2024-10-04T14:15:38.286+0300: 939.183: [GC (Allocation Failure) [PSYoungGen: 189942K->10135K(192512K)] 214640K->34917K(602112K), 0.0019818 secs] [Times: user=0.00 sys=0.00, real=0.00 secs] 
2024-10-04T14:15:38.286+0300: 939.185: Total time for which application threads were stopped: 0.0022738 seconds, Stopping threads took: 0.0001263 seconds
2024-10-04T14:15:39.086+0300: 939.997: Application time: 0.8120517 seconds
2024-10-04T14:15:39.086+0300: 939.998: [GC (Allocation Failure) [PSYoungGen: 191274K->10880K(193024K)] 216056K->37127K(602624K), 0.0023699 secs] [Times: user=0.02 sys=0.00, real=0.02 secs] 
2024-10-04T14:15:39.102+0300: 940.000: Total time for which application threads were stopped: 0.0026544 seconds, Stopping threads took: 0.0001253 seconds
2024-10-04T14:15:39.619+0300: 940.522: Application time: 0.5216915 seconds
2024-10-04T14:15:39.619+0300: 940.522: [GC (Allocation Failure) [PSYoungGen: 191684K->10199K(193024K)] 217931K->38592K(602624K), 0.0025765 secs] [Times: user=0.00 sys=0.00, real=0.00 secs] 
2024-10-04T14:15:39.619+0300: 940.525: Total time for which application threads were stopped: 0.0029870 seconds, Stopping threads took: 0.0002055 seconds
2024-10-04T14:15:39.964+0300: 940.864: Application time: 0.3396792 seconds
2024-10-04T14:15:39.964+0300: 940.865: [GC (Allocation Failure) [PSYoungGen: 190983K->9422K(193024K)] 219375K->39312K(602624K), 0.0022125 secs] [Times: user=0.00 sys=0.00, real=0.00 secs] 
2024-10-04T14:15:39.964+0300: 940.867: Total time for which application threads were stopped: 0.0025888 seconds, Stopping threads took: 0.0002316 seconds
2024-10-04T14:15:40.090+0300: 941.000: Application time: 0.1330456 seconds
2024-10-04T14:15:40.090+0300: 941.000: [GC (Allocation Failure) [PSYoungGen: 190140K->9390K(193024K)] 220029K->40056K(602624K), 0.0021194 secs] [Times: user=0.02 sys=0.00, real=0.02 secs] 
2024-10-04T14:15:40.105+0300: 941.003: Total time for which application threads were stopped: 0.0024084 seconds, Stopping threads took: 0.0001218 seconds
2024-10-04T14:15:40.231+0300: 941.137: Application time: 0.1343520 seconds
2024-10-04T14:15:40.231+0300: 941.137: [GC (Allocation Failure) [PSYoungGen: 190109K->9438K(193024K)] 220775K->41586K(602624K), 0.0020724 secs] [Times: user=0.00 sys=0.00, real=0.00 secs] 
2024-10-04T14:15:40.231+0300: 941.139: Total time for which application threads were stopped: 0.0023947 seconds, Stopping threads took: 0.0001678 seconds
2024-10-04T14:15:40.561+0300: 941.469: Application time: 0.3300636 seconds
2024-10-04T14:15:40.561+0300: 941.470: [GC (Allocation Failure) [PSYoungGen: 190471K->9422K(193536K)] 222618K->42390K(603136K), 0.0019772 secs] [Times: user=0.00 sys=0.00, real=0.00 secs] 
2024-10-04T14:15:40.561+0300: 941.472: Total time for which application threads were stopped: 0.0022666 seconds, Stopping threads took: 0.0001162 seconds
2024-10-04T14:15:41.298+0300: 942.204: Application time: 0.7322246 seconds
2024-10-04T14:15:41.298+0300: 942.204: [GC (Allocation Failure) [PSYoungGen: 191192K->10880K(193536K)] 224160K->45272K(603136K), 0.0022647 secs] [Times: user=0.00 sys=0.00, real=0.00 secs] 
2024-10-04T14:15:41.298+0300: 942.206: Total time for which application threads were stopped: 0.0025963 seconds, Stopping threads took: 0.0001570 seconds
2024-10-04T14:15:41.706+0300: 942.611: Application time: 0.4048619 seconds
2024-10-04T14:15:41.706+0300: 942.612: [GC (Allocation Failure) [PSYoungGen: 193142K->8711K(192512K)] 227535K->45265K(602112K), 0.0021827 secs] [Times: user=0.00 sys=0.00, real=0.00 secs] 
2024-10-04T14:15:41.706+0300: 942.614: Total time for which application threads were stopped: 0.0026784 seconds, Stopping threads took: 0.0002991 seconds
2024-10-04T14:15:42.254+0300: 943.153: Application time: 0.5391316 seconds
2024-10-04T14:15:42.254+0300: 943.153: [GC (Allocation Failure) [PSYoungGen: 189455K->9454K(193024K)] 226010K->46065K(602624K), 0.0019305 secs] [Times: user=0.00 sys=0.00, real=0.00 secs] 
2024-10-04T14:15:42.254+0300: 943.155: Total time for which application threads were stopped: 0.0022946 seconds, Stopping threads took: 0.0002198 seconds
2024-10-04T14:15:42.302+0300: 943.201: Application time: 0.0451637 seconds
2024-10-04T14:15:42.302+0300: 943.201: [GC (Allocation Failure) [PSYoungGen: 190282K->5908K(192512K)] 226892K->44712K(602112K), 0.0016294 secs] [Times: user=0.00 sys=0.00, real=0.00 secs] 
2024-10-04T14:15:42.302+0300: 943.203: Total time for which application threads were stopped: 0.0019797 seconds, Stopping threads took: 0.0002025 seconds
2024-10-04T14:15:42.317+0300: 943.229: Application time: 0.0262468 seconds
2024-10-04T14:15:42.333+0300: 943.229: [GC (Allocation Failure) [PSYoungGen: 186471K->7237K(193024K)] 225275K->48299K(602624K), 0.0019126 secs] [Times: user=0.00 sys=0.00, real=0.00 secs] 
2024-10-04T14:15:42.333+0300: 943.231: Total time for which application threads were stopped: 0.0022556 seconds, Stopping threads took: 0.0001638 seconds
2024-10-04T14:15:42.850+0300: 943.760: Application time: 0.5284217 seconds
2024-10-04T14:15:42.850+0300: 943.760: [GC (Allocation Failure) [PSYoungGen: 187995K->10879K(192000K)] 229056K->51989K(601600K), 0.0021067 secs] [Times: user=0.00 sys=0.00, real=0.02 secs] 
2024-10-04T14:15:42.865+0300: 943.762: Total time for which application threads were stopped: 0.0024792 seconds, Stopping threads took: 0.0002029 seconds
2024-10-04T14:15:43.619+0300: 944.526: Application time: 0.7637789 seconds
2024-10-04T14:15:43.619+0300: 944.526: [GC (Allocation Failure) [PSYoungGen: 190724K->11592K(192000K)] 231833K->53422K(601600K), 0.0021954 secs] [Times: user=0.00 sys=0.00, real=0.00 secs] 
2024-10-04T14:15:43.619+0300: 944.528: Total time for which application threads were stopped: 0.0025347 seconds, Stopping threads took: 0.0001535 seconds
2024-10-04T14:15:43.948+0300: 944.849: Application time: 0.3206313 seconds
2024-10-04T14:15:43.948+0300: 944.849: [GC (Allocation Failure) [PSYoungGen: 191174K->8679K(192000K)] 233004K->54103K(601600K), 0.0021029 secs] [Times: user=0.00 sys=0.00, real=0.00 secs] 
2024-10-04T14:15:43.948+0300: 944.851: Total time for which application threads were stopped: 0.0023725 seconds, Stopping threads took: 0.0001327 seconds
2024-10-04T14:15:44.387+0300: 945.292: Application time: 0.4411332 seconds
2024-10-04T14:15:44.387+0300: 945.293: [GC (Allocation Failure) [PSYoungGen: 187353K->8742K(192000K)] 232778K->54935K(601600K), 0.0019011 secs] [Times: user=0.00 sys=0.00, real=0.00 secs] 
2024-10-04T14:15:44.387+0300: 945.295: Total time for which application threads were stopped: 0.0022624 seconds, Stopping threads took: 0.0002260 seconds
2024-10-04T14:15:44.466+0300: 945.366: Application time: 0.0716743 seconds
2024-10-04T14:15:44.481+0300: 945.378: [GC (Allocation Failure) [PSYoungGen: 187745K->10199K(192000K)] 233938K->56448K(601600K), 0.0026650 secs] [Times: user=0.00 sys=0.00, real=0.00 secs] 
2024-10-04T14:15:44.484+0300: 945.381: Total time for which application threads were stopped: 0.0141447 seconds, Stopping threads took: 0.0112809 seconds
2024-10-04T14:15:44.498+0300: 945.404: Application time: 0.0237789 seconds
2024-10-04T14:15:44.498+0300: 945.405: [GC (Allocation Failure) [PSYoungGen: 188736K->7253K(192000K)] 234985K->54335K(601600K), 0.0017249 secs] [Times: user=0.00 sys=0.00, real=0.00 secs] 
2024-10-04T14:15:44.498+0300: 945.406: Total time for which application threads were stopped: 0.0020871 seconds, Stopping threads took: 0.0002318 seconds
2024-10-04T14:15:45.062+0300: 945.966: Application time: 0.5595039 seconds
2024-10-04T14:15:45.062+0300: 945.966: [GC (Allocation Failure) [PSYoungGen: 186142K->10103K(192000K)] 233224K->58666K(601600K), 0.0021544 secs] [Times: user=0.00 sys=0.00, real=0.00 secs] 
2024-10-04T14:15:45.062+0300: 945.968: Total time for which application threads were stopped: 0.0024534 seconds, Stopping threads took: 0.0001368 seconds
2024-10-04T14:15:45.799+0300: 946.698: Application time: 0.7294199 seconds
2024-10-04T14:15:45.799+0300: 946.698: [GC (Allocation Failure) [PSYoungGen: 188641K->12305K(192000K)] 237204K->60868K(601600K), 0.0022914 secs] [Times: user=0.02 sys=0.00, real=0.00 secs] 
2024-10-04T14:15:45.799+0300: 946.701: Total time for which application threads were stopped: 0.0028295 seconds, Stopping threads took: 0.0003627 seconds
2024-10-04T14:15:46.128+0300: 947.037: Application time: 0.3368238 seconds
2024-10-04T14:15:46.128+0300: 947.038: [GC (Allocation Failure) [PSYoungGen: 191155K->8710K(190976K)] 239718K->60900K(600576K), 0.0021310 secs] [Times: user=0.00 sys=0.00, real=0.00 secs] 
2024-10-04T14:15:46.128+0300: 947.040: Total time for which application threads were stopped: 0.0024888 seconds, Stopping threads took: 0.0002009 seconds
2024-10-04T14:15:46.473+0300: 947.383: Application time: 0.3426674 seconds
2024-10-04T14:15:46.473+0300: 947.383: [GC (Allocation Failure) [PSYoungGen: 186540K->8710K(191488K)] 238730K->61636K(601088K), 0.0019638 secs] [Times: user=0.01 sys=0.00, real=0.01 secs] 
2024-10-04T14:15:46.488+0300: 947.385: Total time for which application threads were stopped: 0.0023337 seconds, Stopping threads took: 0.0002263 seconds
2024-10-04T14:15:46.662+0300: 947.562: Application time: 0.1773100 seconds
2024-10-04T14:15:46.662+0300: 947.563: [GC (Allocation Failure) [PSYoungGen: 186268K->9454K(192000K)] 239194K->62445K(601600K), 0.0019111 secs] [Times: user=0.00 sys=0.00, real=0.00 secs] 
2024-10-04T14:15:46.662+0300: 947.565: Total time for which application threads were stopped: 0.0022403 seconds, Stopping threads took: 0.0001953 seconds
2024-10-04T14:15:46.740+0300: 947.642: Application time: 0.0773708 seconds
2024-10-04T14:15:46.740+0300: 947.642: [GC (Allocation Failure) [PSYoungGen: 187570K->9390K(191488K)] 240560K->63890K(601088K), 0.0022201 secs] [Times: user=0.00 sys=0.00, real=0.00 secs] 
2024-10-04T14:15:46.740+0300: 947.644: Total time for which application threads were stopped: 0.0025615 seconds, Stopping threads took: 0.0001783 seconds
2024-10-04T14:15:47.243+0300: 948.146: Application time: 0.5016975 seconds
2024-10-04T14:15:47.243+0300: 948.146: [GC (Allocation Failure) [PSYoungGen: 187505K->9422K(192512K)] 242005K->65423K(602112K), 0.0019334 secs] [Times: user=0.00 sys=0.00, real=0.00 secs] 
2024-10-04T14:15:47.243+0300: 948.148: Total time for which application threads were stopped: 0.0022223 seconds, Stopping threads took: 0.0001298 seconds
2024-10-04T14:15:47.854+0300: 948.753: Application time: 0.6045640 seconds
2024-10-04T14:15:47.854+0300: 948.753: [GC (Allocation Failure) [PSYoungGen: 189391K->10815K(192512K)] 245391K->67552K(602112K), 0.0022605 secs] [Times: user=0.00 sys=0.00, real=0.00 secs] 
2024-10-04T14:15:47.854+0300: 948.756: Total time for which application threads were stopped: 0.0026602 seconds, Stopping threads took: 0.0002130 seconds
2024-10-04T14:15:48.341+0300: 949.241: Application time: 0.4852019 seconds
2024-10-04T14:15:48.341+0300: 949.241: [GC (Allocation Failure) [PSYoungGen: 190392K->10167K(192512K)] 247129K->69090K(602112K), 0.0023761 secs] [Times: user=0.00 sys=0.00, real=0.00 secs] 
2024-10-04T14:15:48.341+0300: 949.244: Total time for which application threads were stopped: 0.0027160 seconds, Stopping threads took: 0.0001917 seconds
2024-10-04T14:15:48.639+0300: 949.546: Application time: 0.3020712 seconds
2024-10-04T14:15:48.639+0300: 949.546: [GC (Allocation Failure) [PSYoungGen: 190166K->8742K(192512K)] 249088K->69810K(602112K), 0.0021684 secs] [Times: user=0.00 sys=0.00, real=0.00 secs] 
2024-10-04T14:15:48.639+0300: 949.548: Total time for which application threads were stopped: 0.0025591 seconds, Stopping threads took: 0.0002037 seconds
2024-10-04T14:15:48.906+0300: 949.812: Application time: 0.2634322 seconds
2024-10-04T14:15:48.906+0300: 949.812: [GC (Allocation Failure) [PSYoungGen: 188526K->10167K(192512K)] 249594K->71291K(602112K), 0.0020030 secs] [Times: user=0.00 sys=0.00, real=0.00 secs] 
2024-10-04T14:15:48.906+0300: 949.814: Total time for which application threads were stopped: 0.0023186 seconds, Stopping threads took: 0.0001420 seconds
2024-10-04T14:15:48.969+0300: 949.867: Application time: 0.0530402 seconds
2024-10-04T14:15:48.984+0300: 949.881: [GC (Allocation Failure) [PSYoungGen: 189740K->8646K(192512K)] 250864K->71996K(602112K), 0.0031207 secs] [Times: user=0.00 sys=0.00, real=0.00 secs] 
2024-10-04T14:15:48.984+0300: 949.884: Total time for which application threads were stopped: 0.0168273 seconds, Stopping threads took: 0.0134972 seconds
2024-10-04T14:15:49.493+0300: 950.392: Application time: 0.5084754 seconds
2024-10-04T14:15:49.493+0300: 950.393: [GC (Allocation Failure) [PSYoungGen: 188210K->9454K(193024K)] 251559K->73597K(602624K), 0.0019709 secs] [Times: user=0.00 sys=0.00, real=0.00 secs] 
2024-10-04T14:15:49.493+0300: 950.395: Total time for which application threads were stopped: 0.0023190 seconds, Stopping threads took: 0.0002069 seconds
2024-10-04T14:15:50.083+0300: 950.988: Application time: 0.5937308 seconds
2024-10-04T14:15:50.083+0300: 950.989: [GC (Allocation Failure) [PSYoungGen: 190132K->10103K(192512K)] 254275K->75694K(602112K), 0.0022457 secs] [Times: user=0.00 sys=0.02, real=0.01 secs] 
2024-10-04T14:15:50.094+0300: 950.991: Total time for which application threads were stopped: 0.0026105 seconds, Stopping threads took: 0.0002058 seconds
2024-10-04T14:15:50.632+0300: 951.536: Application time: 0.5446209 seconds
2024-10-04T14:15:50.632+0300: 951.536: [GC (Allocation Failure) [PSYoungGen: 190393K->10167K(193024K)] 255984K->77944K(602624K), 0.0021996 secs] [Times: user=0.00 sys=0.00, real=0.00 secs] 
2024-10-04T14:15:50.632+0300: 951.538: Total time for which application threads were stopped: 0.0024524 seconds, Stopping threads took: 0.0001177 seconds
2024-10-04T14:15:51.025+0300: 951.922: Application time: 0.3844688 seconds
2024-10-04T14:15:51.025+0300: 951.923: [GC (Allocation Failure) [PSYoungGen: 190927K->8710K(193024K)] 258704K->78656K(602624K), 0.0021269 secs] [Times: user=0.00 sys=0.00, real=0.00 secs] 
2024-10-04T14:15:51.025+0300: 951.925: Total time for which application threads were stopped: 0.0024606 seconds, Stopping threads took: 0.0001827 seconds
2024-10-04T14:15:51.135+0300: 952.045: Application time: 0.1196788 seconds
2024-10-04T14:15:51.135+0300: 952.045: [GC (Allocation Failure) [PSYoungGen: 189914K->9390K(193024K)] 259861K->80090K(602624K), 0.0021697 secs] [Times: user=0.00 sys=0.02, real=0.02 secs] 
2024-10-04T14:15:51.151+0300: 952.047: Total time for which application threads were stopped: 0.0025264 seconds, Stopping threads took: 0.0001936 seconds
2024-10-04T14:15:51.276+0300: 952.187: Application time: 0.1403270 seconds
2024-10-04T14:15:51.292+0300: 952.188: [GC (Allocation Failure) [PSYoungGen: 190394K->8742K(193024K)] 261093K->80229K(602624K), 0.0017412 secs] [Times: user=0.00 sys=0.00, real=0.00 secs] 
2024-10-04T14:15:51.292+0300: 952.190: Total time for which application threads were stopped: 0.0021105 seconds, Stopping threads took: 0.0002329 seconds
2024-10-04T14:15:51.951+0300: 952.850: Application time: 0.6604283 seconds
2024-10-04T14:15:51.951+0300: 952.850: [GC (Allocation Failure) [PSYoungGen: 189766K->9422K(193536K)] 261254K->83132K(603136K), 0.0021414 secs] [Times: user=0.00 sys=0.00, real=0.00 secs] 
2024-10-04T14:15:51.951+0300: 952.852: Total time for which application threads were stopped: 0.0024149 seconds, Stopping threads took: 0.0000913 seconds
2024-10-04T14:15:52.453+0300: 953.361: Application time: 0.5086937 seconds
2024-10-04T14:15:52.453+0300: 953.361: [GC (Allocation Failure) [PSYoungGen: 190796K->10167K(193024K)] 264505K->84605K(602624K), 0.0021140 secs] [Times: user=0.00 sys=0.00, real=0.00 secs] 
2024-10-04T14:15:52.453+0300: 953.364: Total time for which application threads were stopped: 0.0025167 seconds, Stopping threads took: 0.0001959 seconds
2024-10-04T14:15:52.940+0300: 953.839: Application time: 0.4753461 seconds
2024-10-04T14:15:52.940+0300: 953.839: [GC (Allocation Failure) [PSYoungGen: 191682K->10167K(193024K)] 266120K->86791K(602624K), 0.0022902 secs] [Times: user=0.00 sys=0.00, real=0.00 secs] 
2024-10-04T14:15:52.940+0300: 953.842: Total time for which application threads were stopped: 0.0026810 seconds, Stopping threads took: 0.0002397 seconds
2024-10-04T14:15:53.175+0300: 954.073: Application time: 0.2317135 seconds
2024-10-04T14:15:53.175+0300: 954.074: [GC (Allocation Failure) [PSYoungGen: 190959K->9455K(193024K)] 267582K->87551K(602624K), 0.0020795 secs] [Times: user=0.00 sys=0.00, real=0.00 secs] 
2024-10-04T14:15:53.175+0300: 954.076: Total time for which application threads were stopped: 0.0024653 seconds, Stopping threads took: 0.0002240 seconds
2024-10-04T14:15:53.364+0300: 954.262: Application time: 0.1856844 seconds
2024-10-04T14:15:53.364+0300: 954.262: [GC (Allocation Failure) [PSYoungGen: 190229K->9358K(193536K)] 268326K->88239K(603136K), 0.0020161 secs] [Times: user=0.00 sys=0.00, real=0.00 secs] 
2024-10-04T14:15:53.364+0300: 954.264: Total time for which application threads were stopped: 0.0023460 seconds, Stopping threads took: 0.0001865 seconds
2024-10-04T14:15:53.583+0300: 954.480: Application time: 0.2157354 seconds
2024-10-04T14:15:53.583+0300: 954.480: [GC (Allocation Failure) [PSYoungGen: 191055K->10167K(193536K)] 269936K->89808K(603136K), 0.0024395 secs] [Times: user=0.00 sys=0.00, real=0.00 secs] 
2024-10-04T14:15:53.583+0300: 954.483: Total time for which application threads were stopped: 0.0030191 seconds, Stopping threads took: 0.0004017 seconds
2024-10-04T14:15:54.164+0300: 955.065: Application time: 0.5823766 seconds
2024-10-04T14:15:54.164+0300: 955.065: [GC (Allocation Failure) [PSYoungGen: 191905K->8742K(193536K)] 271547K->90597K(603136K), 0.0021501 secs] [Times: user=0.00 sys=0.00, real=0.00 secs] 
2024-10-04T14:15:54.164+0300: 955.068: Total time for which application threads were stopped: 0.0024675 seconds, Stopping threads took: 0.0001842 seconds
2024-10-04T14:15:54.682+0300: 955.583: Application time: 0.5152893 seconds
2024-10-04T14:15:54.697+0300: 955.594: [GC (Allocation Failure) [PSYoungGen: 190927K->10912K(193536K)] 272782K->93487K(603136K), 0.0028336 secs] [Times: user=0.00 sys=0.00, real=0.00 secs] 
2024-10-04T14:15:54.697+0300: 955.597: Total time for which application threads were stopped: 0.0137912 seconds, Stopping threads took: 0.0107438 seconds
2024-10-04T14:15:55.074+0300: 955.973: Application time: 0.3768921 seconds
2024-10-04T14:15:55.074+0300: 955.974: [GC (Allocation Failure) [PSYoungGen: 193118K->9391K(192512K)] 275693K->94881K(602112K), 0.0022551 secs] [Times: user=0.00 sys=0.00, real=0.00 secs] 
2024-10-04T14:15:55.074+0300: 955.976: Total time for which application threads were stopped: 0.0025920 seconds, Stopping threads took: 0.0001864 seconds
2024-10-04T14:15:55.372+0300: 956.282: Application time: 0.3063190 seconds
2024-10-04T14:15:55.372+0300: 956.283: [GC (Allocation Failure) [PSYoungGen: 190104K->9455K(193024K)] 275594K->95713K(602624K), 0.0021447 secs] [Times: user=0.02 sys=0.00, real=0.02 secs] 
2024-10-04T14:15:55.388+0300: 956.285: Total time for which application threads were stopped: 0.0025205 seconds, Stopping threads took: 0.0002232 seconds
2024-10-04T14:15:55.576+0300: 956.479: Application time: 0.1943005 seconds
2024-10-04T14:15:55.576+0300: 956.479: [GC (Allocation Failure) [PSYoungGen: 190626K->10167K(192512K)] 276884K->97194K(602112K), 0.0023267 secs] [Times: user=0.00 sys=0.00, real=0.00 secs] 
2024-10-04T14:15:55.576+0300: 956.482: Total time for which application threads were stopped: 0.0026281 seconds, Stopping threads took: 0.0001417 seconds
2024-10-04T14:15:55.874+0300: 956.771: Application time: 0.2888536 seconds
2024-10-04T14:15:55.874+0300: 956.771: [GC (Allocation Failure) [PSYoungGen: 190808K->10103K(193024K)] 277835K->98639K(602624K), 0.0021579 secs] [Times: user=0.00 sys=0.00, real=0.00 secs] 
2024-10-04T14:15:55.874+0300: 956.773: Total time for which application threads were stopped: 0.0024881 seconds, Stopping threads took: 0.0001970 seconds
2024-10-04T14:15:56.470+0300: 957.379: Application time: 0.6054936 seconds
2024-10-04T14:15:56.470+0300: 957.379: [GC (Allocation Failure) [PSYoungGen: 191120K->10167K(193024K)] 279656K->100168K(602624K), 0.0021697 secs] [Times: user=0.00 sys=0.00, real=0.00 secs] 
2024-10-04T14:15:56.470+0300: 957.381: Total time for which application threads were stopped: 0.0024555 seconds, Stopping threads took: 0.0001430 seconds
2024-10-04T14:15:56.878+0300: 957.782: Application time: 0.4008683 seconds
2024-10-04T14:15:56.878+0300: 957.782: [GC (Allocation Failure) [PSYoungGen: 190910K->9391K(193024K)] 280911K->102274K(602624K), 0.0024009 secs] [Times: user=0.00 sys=0.00, real=0.00 secs] 
2024-10-04T14:15:56.878+0300: 957.785: Total time for which application threads were stopped: 0.0027970 seconds, Stopping threads took: 0.0001671 seconds
2024-10-04T14:15:57.364+0300: 958.275: Application time: 0.4897526 seconds
2024-10-04T14:15:57.364+0300: 958.275: [GC (Allocation Failure) [PSYoungGen: 190087K->9487K(193536K)] 282970K->103122K(603136K), 0.0020666 secs] [Times: user=0.02 sys=0.00, real=0.02 secs] 
2024-10-04T14:15:57.380+0300: 958.277: Total time for which application threads were stopped: 0.0024172 seconds, Stopping threads took: 0.0001687 seconds
2024-10-04T14:15:57.537+0300: 958.445: Application time: 0.1675790 seconds
2024-10-04T14:15:57.537+0300: 958.445: [GC (Allocation Failure) [PSYoungGen: 191688K->9422K(193536K)] 285323K->104539K(603136K), 0.0021206 secs] [Times: user=0.00 sys=0.00, real=0.00 secs] 
2024-10-04T14:15:57.537+0300: 958.447: Total time for which application threads were stopped: 0.0024772 seconds, Stopping threads took: 0.0002181 seconds
2024-10-04T14:15:57.725+0300: 958.623: Application time: 0.1757936 seconds
2024-10-04T14:15:57.741+0300: 958.637: [GC (Allocation Failure) [PSYoungGen: 191230K->9406K(193536K)] 286346K->105300K(603136K), 0.0028972 secs] [Times: user=0.00 sys=0.00, real=0.00 secs] 
2024-10-04T14:15:57.741+0300: 958.640: Total time for which application threads were stopped: 0.0170579 seconds, Stopping threads took: 0.0139293 seconds
2024-10-04T14:15:58.007+0300: 958.905: Application time: 0.2650383 seconds
2024-10-04T14:15:58.009+0300: 958.905: [GC (Allocation Failure) [PSYoungGen: 191500K->9422K(193536K)] 287393K->106841K(603136K), 0.0021536 secs] [Times: user=0.00 sys=0.00, real=0.00 secs] 
2024-10-04T14:15:58.009+0300: 958.907: Total time for which application threads were stopped: 0.0025121 seconds, Stopping threads took: 0.0002089 seconds
2024-10-04T14:15:58.810+0300: 959.710: Application time: 0.8028530 seconds
2024-10-04T14:15:58.810+0300: 959.711: [GC (Allocation Failure) [PSYoungGen: 191162K->10167K(193536K)] 288581K->109763K(603136K), 0.0024995 secs] [Times: user=0.00 sys=0.00, real=0.00 secs] 
2024-10-04T14:15:58.810+0300: 959.713: Total time for which application threads were stopped: 0.0028103 seconds, Stopping threads took: 0.0001526 seconds
2024-10-04T14:15:59.184+0300: 960.082: Application time: 0.3685621 seconds
2024-10-04T14:15:59.184+0300: 960.082: [GC (Allocation Failure) [PSYoungGen: 192404K->10167K(193536K)] 292000K->111917K(603136K), 0.0022237 secs] [Times: user=0.00 sys=0.00, real=0.00 secs] 
2024-10-04T14:15:59.184+0300: 960.084: Total time for which application threads were stopped: 0.0024754 seconds, Stopping threads took: 0.0001257 seconds
2024-10-04T14:15:59.670+0300: 960.581: Application time: 0.4972290 seconds
2024-10-04T14:15:59.670+0300: 960.582: [GC (Allocation Failure) [PSYoungGen: 192364K->8678K(193536K)] 294113K->112613K(603136K), 0.0022787 secs] [Times: user=0.02 sys=0.00, real=0.02 secs] 
2024-10-04T14:15:59.686+0300: 960.584: Total time for which application threads were stopped: 0.0026602 seconds, Stopping threads took: 0.0002260 seconds
2024-10-04T14:15:59.733+0300: 960.643: Application time: 0.0590404 seconds
2024-10-04T14:15:59.733+0300: 960.644: [GC (Allocation Failure) [PSYoungGen: 190645K->9423K(193536K)] 294580K->113422K(603136K), 0.0020260 secs] [Times: user=0.02 sys=0.00, real=0.02 secs] 
2024-10-04T14:15:59.749+0300: 960.646: Total time for which application threads were stopped: 0.0025485 seconds, Stopping threads took: 0.0003710 seconds
2024-10-04T14:15:59.984+0300: 960.893: Application time: 0.2468581 seconds
2024-10-04T14:15:59.984+0300: 960.893: [GC (Allocation Failure) [PSYoungGen: 191509K->10167K(193536K)] 295508K->114963K(603136K), 0.0022428 secs] [Times: user=0.00 sys=0.00, real=0.00 secs] 
2024-10-04T14:15:59.984+0300: 960.895: Total time for which application threads were stopped: 0.0025792 seconds, Stopping threads took: 0.0001803 seconds
2024-10-04T14:16:00.345+0300: 961.252: Application time: 0.3572751 seconds
2024-10-04T14:16:00.345+0300: 961.253: [GC (Allocation Failure) [PSYoungGen: 192254K->10199K(193536K)] 297050K->116459K(603136K), 0.0044802 secs] [Times: user=0.02 sys=0.00, real=0.01 secs] 
2024-10-04T14:16:00.360+0300: 961.257: Total time for which application threads were stopped: 0.0048307 seconds, Stopping threads took: 0.0002005 seconds
2024-10-04T14:16:01.082+0300: 961.987: Application time: 0.7300448 seconds
2024-10-04T14:16:01.082+0300: 961.988: [GC (Allocation Failure) [PSYoungGen: 191970K->10880K(192512K)] 298231K->118605K(602112K), 0.0024036 secs] [Times: user=0.00 sys=0.00, real=0.00 secs] 
2024-10-04T14:16:01.082+0300: 961.990: Total time for which application threads were stopped: 0.0027383 seconds, Stopping threads took: 0.0001878 seconds
2024-10-04T14:16:01.428+0300: 962.330: Application time: 0.3395895 seconds
2024-10-04T14:16:01.428+0300: 962.330: [GC (Allocation Failure) [PSYoungGen: 191679K->8678K(193024K)] 299405K->119294K(602624K), 0.0022539 secs] [Times: user=0.00 sys=0.00, real=0.00 secs] 
2024-10-04T14:16:01.428+0300: 962.332: Total time for which application threads were stopped: 0.0026014 seconds, Stopping threads took: 0.0002101 seconds
2024-10-04T14:16:01.804+0300: 962.710: Application time: 0.3776072 seconds
2024-10-04T14:16:01.804+0300: 962.710: [GC (Allocation Failure) [PSYoungGen: 189439K->8710K(193024K)] 300055K->120102K(602624K), 0.0021302 secs] [Times: user=0.02 sys=0.00, real=0.00 secs] 
2024-10-04T14:16:01.804+0300: 962.712: Total time for which application threads were stopped: 0.0025315 seconds, Stopping threads took: 0.0001816 seconds
2024-10-04T14:16:01.917+0300: 962.825: Application time: 0.1121964 seconds
2024-10-04T14:16:01.917+0300: 962.825: [GC (Allocation Failure) [PSYoungGen: 189852K->10167K(193024K)] 301244K->121615K(602624K), 0.0021345 secs] [Times: user=0.01 sys=0.00, real=0.01 secs] 
2024-10-04T14:16:01.930+0300: 962.827: Total time for which application threads were stopped: 0.0024930 seconds, Stopping threads took: 0.0002141 seconds
2024-10-04T14:16:02.071+0300: 962.981: Application time: 0.1540865 seconds
2024-10-04T14:16:02.071+0300: 962.981: [GC (Allocation Failure) [PSYoungGen: 191227K->9422K(193024K)] 302676K->122380K(602624K), 0.0023344 secs] [Times: user=0.02 sys=0.00, real=0.01 secs] 
2024-10-04T14:16:02.086+0300: 962.984: Total time for which application threads were stopped: 0.0026461 seconds, Stopping threads took: 0.0001716 seconds
2024-10-04T14:16:02.573+0300: 963.482: Application time: 0.4981880 seconds
2024-10-04T14:16:02.573+0300: 963.482: [GC (Allocation Failure) [PSYoungGen: 190445K->10167K(193024K)] 303402K->123913K(602624K), 0.0023689 secs] [Times: user=0.00 sys=0.00, real=0.02 secs] 
2024-10-04T14:16:02.588+0300: 963.485: Total time for which application threads were stopped: 0.0027518 seconds, Stopping threads took: 0.0001889 seconds
2024-10-04T14:16:03.310+0300: 964.210: Application time: 0.7253986 seconds
2024-10-04T14:16:03.310+0300: 964.210: [GC (Allocation Failure) [PSYoungGen: 191178K->11592K(192000K)] 304924K->126059K(601600K), 0.0022063 secs] [Times: user=0.00 sys=0.00, real=0.00 secs] 
2024-10-04T14:16:03.310+0300: 964.213: Total time for which application threads were stopped: 0.0025384 seconds, Stopping threads took: 0.0001859 seconds
2024-10-04T14:16:03.641+0300: 964.541: Application time: 0.3281263 seconds
2024-10-04T14:16:03.641+0300: 964.541: [GC (Allocation Failure) [PSYoungGen: 191671K->8742K(192512K)] 306138K->126788K(602112K), 0.0023412 secs] [Times: user=0.00 sys=0.00, real=0.00 secs] 
2024-10-04T14:16:03.641+0300: 964.543: Total time for which application threads were stopped: 0.0026942 seconds, Stopping threads took: 0.0001375 seconds
2024-10-04T14:16:04.080+0300: 964.980: Application time: 0.4361528 seconds
2024-10-04T14:16:04.080+0300: 964.980: [GC (Allocation Failure) [PSYoungGen: 188801K->8742K(192512K)] 306846K->127556K(602112K), 0.0020981 secs] [Times: user=0.00 sys=0.00, real=0.00 secs] 
2024-10-04T14:16:04.080+0300: 964.982: Total time for which application threads were stopped: 0.0025368 seconds, Stopping threads took: 0.0002813 seconds
2024-10-04T14:16:04.159+0300: 965.059: Application time: 0.0771386 seconds
2024-10-04T14:16:04.159+0300: 965.060: [GC (Allocation Failure) [PSYoungGen: 188678K->8774K(192512K)] 307492K->127672K(602112K), 0.0016915 secs] [Times: user=0.00 sys=0.00, real=0.00 secs] 
2024-10-04T14:16:04.159+0300: 965.061: Total time for which application threads were stopped: 0.0020098 seconds, Stopping threads took: 0.0001761 seconds
2024-10-04T14:16:04.190+0300: 965.101: Application time: 0.0399656 seconds
2024-10-04T14:16:04.205+0300: 965.102: [GC (Allocation Failure) [PSYoungGen: 188637K->8678K(193024K)] 307535K->129093K(602624K), 0.0019870 secs] [Times: user=0.00 sys=0.00, real=0.00 secs] 
2024-10-04T14:16:04.205+0300: 965.104: Total time for which application threads were stopped: 0.0024145 seconds, Stopping threads took: 0.0002698 seconds
2024-10-04T14:16:04.880+0300: 965.791: Application time: 0.6870245 seconds
2024-10-04T14:16:04.880+0300: 965.791: [GC (Allocation Failure) [PSYoungGen: 189694K->9454K(193024K)] 310109K->131334K(602624K), 0.0021355 secs] [Times: user=0.00 sys=0.02, real=0.01 secs] 
2024-10-04T14:16:04.895+0300: 965.793: Total time for which application threads were stopped: 0.0024629 seconds, Stopping threads took: 0.0001774 seconds
2024-10-04T14:16:05.445+0300: 966.349: Application time: 0.5558636 seconds
2024-10-04T14:16:05.445+0300: 966.349: [GC (Allocation Failure) [PSYoungGen: 190229K->11592K(192000K)] 312109K->134185K(601600K), 0.0023998 secs] [Times: user=0.00 sys=0.00, real=0.00 secs] 
2024-10-04T14:16:05.445+0300: 966.352: Total time for which application threads were stopped: 0.0027623 seconds, Stopping threads took: 0.0002065 seconds
2024-10-04T14:16:06.009+0300: 966.909: Application time: 0.5571740 seconds
2024-10-04T14:16:06.009+0300: 966.909: [GC (Allocation Failure) [PSYoungGen: 191156K->8678K(192512K)] 313749K->134169K(602112K), 0.0023913 secs] [Times: user=0.00 sys=0.00, real=0.00 secs] 
2024-10-04T14:16:06.009+0300: 966.912: Total time for which application threads were stopped: 0.0027659 seconds, Stopping threads took: 0.0002062 seconds
2024-10-04T14:16:06.401+0300: 967.305: Application time: 0.3930823 seconds
2024-10-04T14:16:06.401+0300: 967.305: [GC (Allocation Failure) [PSYoungGen: 188810K->8646K(192512K)] 314301K->134889K(602112K), 0.0020201 secs] [Times: user=0.00 sys=0.00, real=0.00 secs] 
2024-10-04T14:16:06.401+0300: 967.307: Total time for which application threads were stopped: 0.0023395 seconds, Stopping threads took: 0.0001805 seconds
2024-10-04T14:16:06.559+0300: 967.459: Application time: 0.1521267 seconds
2024-10-04T14:16:06.559+0300: 967.460: [GC (Allocation Failure) [PSYoungGen: 188418K->8678K(192512K)] 314661K->135674K(602112K), 0.0021669 secs] [Times: user=0.00 sys=0.00, real=0.00 secs] 
2024-10-04T14:16:06.559+0300: 967.462: Total time for which application threads were stopped: 0.0024951 seconds, Stopping threads took: 0.0001761 seconds
2024-10-04T14:16:06.637+0300: 967.540: Application time: 0.0786139 seconds
2024-10-04T14:16:06.637+0300: 967.541: [GC (Allocation Failure) [PSYoungGen: 188445K->9454K(193024K)] 315441K->137947K(602624K), 0.0022116 secs] [Times: user=0.00 sys=0.00, real=0.00 secs] 
2024-10-04T14:16:06.637+0300: 967.543: Total time for which application threads were stopped: 0.0026306 seconds, Stopping threads took: 0.0002465 seconds
2024-10-04T14:16:07.202+0300: 968.109: Application time: 0.5658849 seconds
2024-10-04T14:16:07.202+0300: 968.109: [GC (Allocation Failure) [PSYoungGen: 189745K->9454K(192512K)] 318237K->139448K(602112K), 0.0021632 secs] [Times: user=0.00 sys=0.00, real=0.00 secs] 
2024-10-04T14:16:07.202+0300: 968.111: Total time for which application threads were stopped: 0.0024468 seconds, Stopping threads took: 0.0001527 seconds
2024-10-04T14:16:07.610+0300: 968.513: Application time: 0.4020145 seconds
2024-10-04T14:16:07.610+0300: 968.514: [GC (Allocation Failure) [PSYoungGen: 190179K->9390K(193536K)] 320173K->140841K(603136K), 0.0020725 secs] [Times: user=0.00 sys=0.00, real=0.00 secs] 
2024-10-04T14:16:07.610+0300: 968.516: Total time for which application threads were stopped: 0.0024846 seconds, Stopping threads took: 0.0002388 seconds
2024-10-04T14:16:08.144+0300: 969.050: Application time: 0.5343070 seconds
2024-10-04T14:16:08.144+0300: 969.051: [GC (Allocation Failure) [PSYoungGen: 190870K->10167K(193024K)] 322321K->143804K(602624K), 0.0022980 secs] [Times: user=0.00 sys=0.00, real=0.00 secs] 
2024-10-04T14:16:08.144+0300: 969.053: Total time for which application threads were stopped: 0.0026210 seconds, Stopping threads took: 0.0001846 seconds
2024-10-04T14:16:08.599+0300: 969.503: Application time: 0.4501281 seconds
2024-10-04T14:16:08.599+0300: 969.503: [GC (Allocation Failure) [PSYoungGen: 191900K->8742K(193536K)] 325536K->143859K(603136K), 0.0020709 secs] [Times: user=0.00 sys=0.00, real=0.00 secs] 
2024-10-04T14:16:08.599+0300: 969.505: Total time for which application threads were stopped: 0.0024210 seconds, Stopping threads took: 0.0001403 seconds
2024-10-04T14:16:08.677+0300: 969.581: Application time: 0.0758680 seconds
2024-10-04T14:16:08.677+0300: 969.582: [GC (Allocation Failure) [PSYoungGen: 189980K->7253K(193024K)] 325098K->143835K(602624K), 0.0018450 secs] [Times: user=0.00 sys=0.00, real=0.00 secs] 
2024-10-04T14:16:08.677+0300: 969.583: Total time for which application threads were stopped: 0.0021606 seconds, Stopping threads took: 0.0001633 seconds
2024-10-04T14:16:08.803+0300: 969.705: Application time: 0.1217938 seconds
2024-10-04T14:16:08.803+0300: 969.705: [GC (Allocation Failure) [PSYoungGen: 188980K->10135K(193024K)] 325563K->146802K(602624K), 0.0021195 secs] [Times: user=0.00 sys=0.00, real=0.00 secs] 
2024-10-04T14:16:08.803+0300: 969.708: Total time for which application threads were stopped: 0.0024223 seconds, Stopping threads took: 0.0001533 seconds
2024-10-04T14:16:09.431+0300: 970.334: Application time: 0.6261678 seconds
2024-10-04T14:16:09.431+0300: 970.334: [GC (Allocation Failure) [PSYoungGen: 191144K->9454K(193024K)] 327811K->148335K(602624K), 0.0021999 secs] [Times: user=0.00 sys=0.00, real=0.00 secs] 
2024-10-04T14:16:09.431+0300: 970.336: Total time for which application threads were stopped: 0.0024973 seconds, Stopping threads took: 0.0001654 seconds
2024-10-04T14:16:09.901+0300: 970.805: Application time: 0.4684592 seconds
2024-10-04T14:16:09.901+0300: 970.805: [GC (Allocation Failure) [PSYoungGen: 190189K->9390K(193536K)] 329070K->149720K(603136K), 0.0020493 secs] [Times: user=0.00 sys=0.00, real=0.00 secs] 
2024-10-04T14:16:09.901+0300: 970.807: Total time for which application threads were stopped: 0.0024063 seconds, Stopping threads took: 0.0002134 seconds
2024-10-04T14:16:10.278+0300: 971.183: Application time: 0.3756803 seconds
2024-10-04T14:16:10.278+0300: 971.183: [GC (Allocation Failure) [PSYoungGen: 190876K->10135K(193024K)] 331206K->152658K(602624K), 0.0022328 secs] [Times: user=0.00 sys=0.00, real=0.00 secs] 
2024-10-04T14:16:10.278+0300: 971.186: Total time for which application threads were stopped: 0.0026432 seconds, Stopping threads took: 0.0002675 seconds
2024-10-04T14:16:10.844+0300: 971.742: Application time: 0.5562553 seconds
2024-10-04T14:16:10.844+0300: 971.742: [GC (Allocation Failure) [PSYoungGen: 191571K->10199K(193024K)] 334094K->154187K(602624K), 0.0022781 secs] [Times: user=0.00 sys=0.00, real=0.00 secs] 
2024-10-04T14:16:10.844+0300: 971.744: Total time for which application threads were stopped: 0.0025723 seconds, Stopping threads took: 0.0001579 seconds
2024-10-04T14:16:10.953+0300: 971.858: Application time: 0.1134645 seconds
2024-10-04T14:16:10.953+0300: 971.858: [GC (Allocation Failure) [PSYoungGen: 190950K->8710K(193024K)] 334938K->154187K(602624K), 0.0020090 secs] [Times: user=0.00 sys=0.00, real=0.00 secs] 
2024-10-04T14:16:10.953+0300: 971.860: Total time for which application threads were stopped: 0.0023049 seconds, Stopping threads took: 0.0001483 seconds
2024-10-04T14:16:11.048+0300: 971.944: Application time: 0.0839821 seconds
2024-10-04T14:16:11.048+0300: 971.944: [GC (Allocation Failure) [PSYoungGen: 189739K->8646K(193024K)] 335216K->155612K(602624K), 0.0020323 secs] [Times: user=0.00 sys=0.00, real=0.00 secs] 
2024-10-04T14:16:11.048+0300: 971.946: Total time for which application threads were stopped: 0.0023173 seconds, Stopping threads took: 0.0001575 seconds
2024-10-04T14:16:11.769+0300: 972.665: Application time: 0.7186477 seconds
2024-10-04T14:16:11.769+0300: 972.665: [GC (Allocation Failure) [PSYoungGen: 189653K->9454K(193024K)] 336619K->157213K(602624K), 0.0020094 secs] [Times: user=0.00 sys=0.00, real=0.00 secs] 
2024-10-04T14:16:11.769+0300: 972.667: Total time for which application threads were stopped: 0.0023672 seconds, Stopping threads took: 0.0001876 seconds
2024-10-04T14:16:12.145+0300: 973.057: Application time: 0.3893852 seconds
2024-10-04T14:16:12.161+0300: 973.057: [GC (Allocation Failure) [PSYoungGen: 190212K->10879K(192512K)] 337971K->160071K(602112K), 0.0023141 secs] [Times: user=0.00 sys=0.00, real=0.00 secs] 
2024-10-04T14:16:12.161+0300: 973.060: Total time for which application threads were stopped: 0.0027517 seconds, Stopping threads took: 0.0002637 seconds
2024-10-04T14:16:12.506+0300: 973.413: Application time: 0.3535853 seconds
2024-10-04T14:16:12.506+0300: 973.413: [GC (Allocation Failure) [PSYoungGen: 191642K->8678K(193024K)] 340834K->160776K(602624K), 0.0024299 secs] [Times: user=0.00 sys=0.00, real=0.00 secs] 
2024-10-04T14:16:12.506+0300: 973.416: Total time for which application threads were stopped: 0.0027908 seconds, Stopping threads took: 0.0001984 seconds
2024-10-04T14:16:13.008+0300: 973.910: Application time: 0.4940418 seconds
2024-10-04T14:16:13.008+0300: 973.910: [GC (Allocation Failure) [PSYoungGen: 189395K->9454K(193024K)] 341493K->162313K(602624K), 0.0021705 secs] [Times: user=0.00 sys=0.00, real=0.00 secs] 
2024-10-04T14:16:13.008+0300: 973.913: Total time for which application threads were stopped: 0.0026134 seconds, Stopping threads took: 0.0002642 seconds
2024-10-04T14:16:13.150+0300: 974.055: Application time: 0.1426443 seconds
2024-10-04T14:16:13.150+0300: 974.056: [GC (Allocation Failure) [PSYoungGen: 190689K->9358K(193024K)] 343547K->163001K(602624K), 0.0020096 secs] [Times: user=0.00 sys=0.00, real=0.00 secs] 
2024-10-04T14:16:13.150+0300: 974.058: Total time for which application threads were stopped: 0.0023775 seconds, Stopping threads took: 0.0002248 seconds
2024-10-04T14:16:13.237+0300: 974.137: Application time: 0.0796654 seconds
2024-10-04T14:16:13.237+0300: 974.138: [GC (Allocation Failure) [PSYoungGen: 190006K->9390K(193536K)] 343649K->163826K(603136K), 0.0020775 secs] [Times: user=0.00 sys=0.00, real=0.00 secs] 
2024-10-04T14:16:13.237+0300: 974.140: Total time for which application threads were stopped: 0.0023576 seconds, Stopping threads took: 0.0001486 seconds
2024-10-04T14:16:13.997+0300: 974.908: Application time: 0.7679232 seconds
2024-10-04T14:16:13.997+0300: 974.908: [GC (Allocation Failure) [PSYoungGen: 191134K->8710K(193536K)] 345569K->165323K(603136K), 0.0024712 secs] [Times: user=0.02 sys=0.00, real=0.02 secs] 
2024-10-04T14:16:14.012+0300: 974.911: Total time for which application threads were stopped: 0.0028893 seconds, Stopping threads took: 0.0002665 seconds
2024-10-04T14:16:14.439+0300: 975.347: Application time: 0.4366074 seconds
2024-10-04T14:16:14.439+0300: 975.347: [GC (Allocation Failure) [PSYoungGen: 190926K->10816K(192512K)] 347539K->168878K(602112K), 0.0024080 secs] [Times: user=0.02 sys=0.00, real=0.01 secs] 
2024-10-04T14:16:14.452+0300: 975.350: Total time for which application threads were stopped: 0.0027312 seconds, Stopping threads took: 0.0001737 seconds
2024-10-04T14:16:14.781+0300: 975.683: Application time: 0.3326895 seconds
2024-10-04T14:16:14.781+0300: 975.683: [GC (Allocation Failure) [PSYoungGen: 191531K->8678K(193024K)] 349593K->169646K(602624K), 0.0022974 secs] [Times: user=0.00 sys=0.00, real=0.00 secs] 
2024-10-04T14:16:14.781+0300: 975.685: Total time for which application threads were stopped: 0.0026170 seconds, Stopping threads took: 0.0001801 seconds
2024-10-04T14:16:15.142+0300: 976.051: Application time: 0.3656089 seconds
2024-10-04T14:16:15.142+0300: 976.051: [GC (Allocation Failure) [PSYoungGen: 189398K->8029K(192512K)] 350366K->169766K(602112K), 0.0017025 secs] [Times: user=0.00 sys=0.00, real=0.00 secs] 
2024-10-04T14:16:15.142+0300: 976.053: Total time for which application threads were stopped: 0.0020334 seconds, Stopping threads took: 0.0001878 seconds
2024-10-04T14:16:15.441+0300: 976.346: Application time: 0.2934622 seconds
2024-10-04T14:16:15.441+0300: 976.347: [GC (Allocation Failure) [PSYoungGen: 189178K->10167K(193024K)] 350915K->172664K(602624K), 0.0020708 secs] [Times: user=0.00 sys=0.00, real=0.00 secs] 
2024-10-04T14:16:15.441+0300: 976.349: Total time for which application threads were stopped: 0.0023596 seconds, Stopping threads took: 0.0001590 seconds
2024-10-04T14:16:15.581+0300: 976.484: Application time: 0.1349644 seconds
2024-10-04T14:16:15.581+0300: 976.484: [GC (Allocation Failure) [PSYoungGen: 190837K->9358K(193536K)] 353335K->173365K(603136K), 0.0023235 secs] [Times: user=0.00 sys=0.00, real=0.00 secs] 
2024-10-04T14:16:15.581+0300: 976.486: Total time for which application threads were stopped: 0.0026724 seconds, Stopping threads took: 0.0001784 seconds
2024-10-04T14:16:16.177+0300: 977.081: Application time: 0.5944285 seconds
2024-10-04T14:16:16.177+0300: 977.081: [GC (Allocation Failure) [PSYoungGen: 190718K->9454K(193024K)] 354725K->174934K(602624K), 0.0022415 secs] [Times: user=0.00 sys=0.00, real=0.00 secs] 
2024-10-04T14:16:16.177+0300: 977.083: Total time for which application threads were stopped: 0.0025630 seconds, Stopping threads took: 0.0001340 seconds
2024-10-04T14:16:16.663+0300: 977.568: Application time: 0.4851418 seconds
2024-10-04T14:16:16.663+0300: 977.569: [GC (Allocation Failure) [PSYoungGen: 190630K->10880K(192512K)] 356110K->177816K(602112K), 0.0023652 secs] [Times: user=0.00 sys=0.00, real=0.00 secs] 
2024-10-04T14:16:16.663+0300: 977.571: Total time for which application threads were stopped: 0.0027866 seconds, Stopping threads took: 0.0002009 seconds
2024-10-04T14:16:17.024+0300: 977.924: Application time: 0.3526951 seconds
2024-10-04T14:16:17.024+0300: 977.924: [GC (Allocation Failure) [PSYoungGen: 191624K->8742K(193024K)] 358561K->178537K(602624K), 0.0024465 secs] [Times: user=0.00 sys=0.00, real=0.00 secs] 
2024-10-04T14:16:17.024+0300: 977.927: Total time for which application threads were stopped: 0.0027317 seconds, Stopping threads took: 0.0001081 seconds
2024-10-04T14:16:17.307+0300: 978.210: Application time: 0.2833683 seconds
2024-10-04T14:16:17.307+0300: 978.210: [GC (Allocation Failure) [PSYoungGen: 189928K->8742K(193024K)] 359722K->179297K(602624K), 0.0019725 secs] [Times: user=0.00 sys=0.00, real=0.00 secs] 
2024-10-04T14:16:17.307+0300: 978.212: Total time for which application threads were stopped: 0.0023446 seconds, Stopping threads took: 0.0002401 seconds
2024-10-04T14:16:17.526+0300: 978.428: Application time: 0.2159906 seconds
2024-10-04T14:16:17.526+0300: 978.429: [GC (Allocation Failure) [PSYoungGen: 189473K->9358K(193024K)] 360028K->181435K(602624K), 0.0020939 secs] [Times: user=0.00 sys=0.00, real=0.00 secs] 
2024-10-04T14:16:17.526+0300: 978.431: Total time for which application threads were stopped: 0.0024413 seconds, Stopping threads took: 0.0002090 seconds
2024-10-04T14:16:17.825+0300: 978.735: Application time: 0.3037646 seconds
2024-10-04T14:16:17.825+0300: 978.735: [GC (Allocation Failure) [PSYoungGen: 190038K->9422K(193536K)] 362114K->182251K(603136K), 0.0022105 secs] [Times: user=0.02 sys=0.00, real=0.02 secs] 
2024-10-04T14:16:17.841+0300: 978.737: Total time for which application threads were stopped: 0.0025413 seconds, Stopping threads took: 0.0001879 seconds
2024-10-04T14:16:18.390+0300: 979.299: Application time: 0.5622925 seconds
2024-10-04T14:16:18.390+0300: 979.300: [GC (Allocation Failure) [PSYoungGen: 191489K->10199K(193536K)] 364317K->184493K(603136K), 0.0023363 secs] [Times: user=0.00 sys=0.00, real=0.02 secs] 
2024-10-04T14:16:18.406+0300: 979.302: Total time for which application threads were stopped: 0.0027316 seconds, Stopping threads took: 0.0002498 seconds
2024-10-04T14:16:18.892+0300: 979.798: Application time: 0.4957793 seconds
2024-10-04T14:16:18.892+0300: 979.798: [GC (Allocation Failure) [PSYoungGen: 191948K->10880K(192512K)] 366242K->186647K(602112K), 0.0024322 secs] [Times: user=0.00 sys=0.00, real=0.00 secs] 
2024-10-04T14:16:18.892+0300: 979.801: Total time for which application threads were stopped: 0.0027177 seconds, Stopping threads took: 0.0001082 seconds
2024-10-04T14:16:19.253+0300: 980.157: Application time: 0.3558967 seconds
2024-10-04T14:16:19.253+0300: 980.157: [GC (Allocation Failure) [PSYoungGen: 191630K->8710K(193024K)] 367396K->187343K(602624K), 0.0024296 secs] [Times: user=0.00 sys=0.00, real=0.00 secs] 
2024-10-04T14:16:19.253+0300: 980.159: Total time for which application threads were stopped: 0.0027917 seconds, Stopping threads took: 0.0001753 seconds
2024-10-04T14:16:19.449+0300: 980.351: Application time: 0.1921313 seconds
2024-10-04T14:16:19.449+0300: 980.352: [GC (Allocation Failure) [PSYoungGen: 189870K->6572K(193024K)] 368503K->185982K(602624K), 0.0017594 secs] [Times: user=0.00 sys=0.00, real=0.01 secs] 
2024-10-04T14:16:19.457+0300: 980.354: Total time for which application threads were stopped: 0.0023711 seconds, Stopping threads took: 0.0004720 seconds
2024-10-04T14:16:19.708+0300: 980.605: Application time: 0.2514813 seconds
2024-10-04T14:16:19.708+0300: 980.606: [GC (Allocation Failure) [PSYoungGen: 187242K->10135K(191488K)] 366651K->190341K(601088K), 0.0021780 secs] [Times: user=0.00 sys=0.00, real=0.00 secs] 
2024-10-04T14:16:19.708+0300: 980.608: Total time for which application threads were stopped: 0.0025439 seconds, Stopping threads took: 0.0002156 seconds
2024-10-04T14:16:20.100+0300: 981.004: Application time: 0.3962627 seconds
2024-10-04T14:16:20.100+0300: 981.004: [GC (Allocation Failure) [PSYoungGen: 190754K->9454K(193024K)] 370960K->191134K(602624K), 0.0025020 secs] [Times: user=0.00 sys=0.00, real=0.00 secs] 
2024-10-04T14:16:20.100+0300: 981.007: Total time for which application threads were stopped: 0.0028454 seconds, Stopping threads took: 0.0001961 seconds
2024-10-04T14:16:20.775+0300: 981.684: Application time: 0.6765138 seconds
2024-10-04T14:16:20.775+0300: 981.684: [GC (Allocation Failure) [PSYoungGen: 190097K->10167K(192512K)] 371776K->193311K(602112K), 0.0024472 secs] [Times: user=0.00 sys=0.00, real=0.00 secs] 
2024-10-04T14:16:20.775+0300: 981.686: Total time for which application threads were stopped: 0.0027487 seconds, Stopping threads took: 0.0001525 seconds
2024-10-04T14:16:21.183+0300: 982.079: Application time: 0.3931093 seconds
2024-10-04T14:16:21.183+0300: 982.080: [GC (Allocation Failure) [PSYoungGen: 190460K->9423K(193024K)] 373604K->194753K(602624K), 0.0021748 secs] [Times: user=0.00 sys=0.00, real=0.00 secs] 
2024-10-04T14:16:21.183+0300: 982.082: Total time for which application threads were stopped: 0.0024315 seconds, Stopping threads took: 0.0001170 seconds
2024-10-04T14:16:21.466+0300: 982.367: Application time: 0.2850089 seconds
2024-10-04T14:16:21.466+0300: 982.367: [GC (Allocation Failure) [PSYoungGen: 190662K->9439K(193024K)] 375991K->196217K(602624K), 0.0022213 secs] [Times: user=0.00 sys=0.00, real=0.00 secs] 
2024-10-04T14:16:21.466+0300: 982.369: Total time for which application threads were stopped: 0.0025304 seconds, Stopping threads took: 0.0001568 seconds
2024-10-04T14:16:21.669+0300: 982.569: Application time: 0.2000922 seconds
2024-10-04T14:16:21.669+0300: 982.570: [GC (Allocation Failure) [PSYoungGen: 190631K->9422K(193536K)] 377409K->197002K(603136K), 0.0022578 secs] [Times: user=0.00 sys=0.00, real=0.00 secs] 
2024-10-04T14:16:21.669+0300: 982.572: Total time for which application threads were stopped: 0.0027165 seconds, Stopping threads took: 0.0002715 seconds
2024-10-04T14:16:21.889+0300: 982.787: Application time: 0.2144405 seconds
2024-10-04T14:16:21.889+0300: 982.787: [GC (Allocation Failure) [PSYoungGen: 190863K->10879K(193024K)] 378442K->199255K(602624K), 0.0022389 secs] [Times: user=0.00 sys=0.00, real=0.00 secs] 
2024-10-04T14:16:21.889+0300: 982.789: Total time for which application threads were stopped: 0.0025531 seconds, Stopping threads took: 0.0001645 seconds
2024-10-04T14:16:22.407+0300: 983.317: Application time: 0.5273425 seconds
2024-10-04T14:16:22.407+0300: 983.317: [GC (Allocation Failure) [PSYoungGen: 192599K->9422K(193024K)] 380975K->199984K(602624K), 0.0023881 secs] [Times: user=0.02 sys=0.00, real=0.01 secs] 
2024-10-04T14:16:22.422+0300: 983.319: Total time for which application threads were stopped: 0.0027353 seconds, Stopping threads took: 0.0002003 seconds
2024-10-04T14:16:22.924+0300: 983.829: Application time: 0.5094995 seconds
2024-10-04T14:16:22.924+0300: 983.829: [GC (Allocation Failure) [PSYoungGen: 190100K->10135K(193024K)] 380661K->202138K(602624K), 0.0023300 secs] [Times: user=0.00 sys=0.00, real=0.00 secs] 
2024-10-04T14:16:22.924+0300: 983.831: Total time for which application threads were stopped: 0.0026840 seconds, Stopping threads took: 0.0001865 seconds
2024-10-04T14:16:23.458+0300: 984.356: Application time: 0.5246279 seconds
2024-10-04T14:16:23.458+0300: 984.356: [GC (Allocation Failure) [PSYoungGen: 190971K->9455K(193536K)] 382973K->202218K(603136K), 0.0019612 secs] [Times: user=0.00 sys=0.00, real=0.00 secs] 
2024-10-04T14:16:23.458+0300: 984.358: Total time for which application threads were stopped: 0.0022759 seconds, Stopping threads took: 0.0001800 seconds
2024-10-04T14:16:23.490+0300: 984.393: Application time: 0.0346870 seconds
2024-10-04T14:16:23.490+0300: 984.393: [GC (Allocation Failure) [PSYoungGen: 190921K->8678K(193024K)] 383684K->203635K(602624K), 0.0022746 secs] [Times: user=0.00 sys=0.00, real=0.00 secs] 
2024-10-04T14:16:23.490+0300: 984.396: Total time for which application threads were stopped: 0.0026007 seconds, Stopping threads took: 0.0001749 seconds
2024-10-04T14:16:23.992+0300: 984.892: Application time: 0.4965971 seconds
2024-10-04T14:16:23.992+0300: 984.893: [GC (Allocation Failure) [PSYoungGen: 190115K->9422K(193536K)] 385072K->205132K(603136K), 0.0022045 secs] [Times: user=0.00 sys=0.00, real=0.00 secs] 
2024-10-04T14:16:23.992+0300: 984.895: Total time for which application threads were stopped: 0.0026092 seconds, Stopping threads took: 0.0002487 seconds
2024-10-04T14:16:24.133+0300: 985.042: Application time: 0.1467591 seconds
2024-10-04T14:16:24.133+0300: 985.042: [GC (Allocation Failure) [PSYoungGen: 191141K->10135K(193536K)] 386850K->207325K(603136K), 0.0022426 secs] [Times: user=0.00 sys=0.00, real=0.00 secs] 
2024-10-04T14:16:24.133+0300: 985.044: Total time for which application threads were stopped: 0.0025582 seconds, Stopping threads took: 0.0001309 seconds
2024-10-04T14:16:24.729+0300: 985.636: Application time: 0.5917324 seconds
2024-10-04T14:16:24.729+0300: 985.636: [GC (Allocation Failure) [PSYoungGen: 191875K->10167K(193536K)] 389065K->208858K(603136K), 0.0022279 secs] [Times: user=0.00 sys=0.00, real=0.00 secs] 
2024-10-04T14:16:24.729+0300: 985.638: Total time for which application threads were stopped: 0.0025537 seconds, Stopping threads took: 0.0001871 seconds
2024-10-04T14:16:25.231+0300: 986.136: Application time: 0.4975964 seconds
2024-10-04T14:16:25.231+0300: 986.136: [GC (Allocation Failure) [PSYoungGen: 192352K->7998K(190464K)] 391043K->208859K(600064K), 0.0020251 secs] [Times: user=0.00 sys=0.00, real=0.00 secs] 
2024-10-04T14:16:25.231+0300: 986.138: Total time for which application threads were stopped: 0.0024069 seconds, Stopping threads took: 0.0002227 seconds
2024-10-04T14:16:25.717+0300: 986.618: Application time: 0.4794422 seconds
2024-10-04T14:16:25.717+0300: 986.618: [GC (Allocation Failure) [PSYoungGen: 190200K->10880K(193024K)] 391061K->212501K(602624K), 0.0022951 secs] [Times: user=0.00 sys=0.00, real=0.00 secs] 
2024-10-04T14:16:25.717+0300: 986.621: Total time for which application threads were stopped: 0.0026866 seconds, Stopping threads took: 0.0002076 seconds
2024-10-04T14:16:25.921+0300: 986.830: Application time: 0.2091860 seconds
2024-10-04T14:16:25.921+0300: 986.830: [GC (Allocation Failure) [PSYoungGen: 191619K->9455K(193024K)] 393240K->213254K(602624K), 0.0022993 secs] [Times: user=0.00 sys=0.00, real=0.00 secs] 
2024-10-04T14:16:25.921+0300: 986.832: Total time for which application threads were stopped: 0.0026645 seconds, Stopping threads took: 0.0002107 seconds
2024-10-04T14:16:26.471+0300: 987.367: Application time: 0.5345052 seconds
2024-10-04T14:16:26.471+0300: 987.367: [GC (Allocation Failure) [PSYoungGen: 190145K->9423K(193024K)] 393944K->214695K(602624K), 0.0021733 secs] [Times: user=0.00 sys=0.00, real=0.00 secs] 
2024-10-04T14:16:26.471+0300: 987.369: Total time for which application threads were stopped: 0.0025219 seconds, Stopping threads took: 0.0001956 seconds
2024-10-04T14:16:26.517+0300: 987.423: Application time: 0.0537408 seconds
2024-10-04T14:16:26.517+0300: 987.424: [GC (Allocation Failure) [PSYoungGen: 190522K->9390K(193024K)] 395794K->215439K(602624K), 0.0022140 secs] [Times: user=0.00 sys=0.00, real=0.00 secs] 
2024-10-04T14:16:26.517+0300: 987.426: Total time for which application threads were stopped: 0.0025715 seconds, Stopping threads took: 0.0002033 seconds
2024-10-04T14:16:27.114+0300: 988.014: Application time: 0.5878058 seconds
2024-10-04T14:16:27.114+0300: 988.014: [GC (Allocation Failure) [PSYoungGen: 190418K->10167K(193536K)] 396467K->217717K(603136K), 0.0023437 secs] [Times: user=0.00 sys=0.00, real=0.00 secs] 
2024-10-04T14:16:27.114+0300: 988.016: Total time for which application threads were stopped: 0.0026859 seconds, Stopping threads took: 0.0001990 seconds
2024-10-04T14:16:27.537+0300: 988.441: Application time: 0.4247965 seconds
2024-10-04T14:16:27.537+0300: 988.441: [GC (Allocation Failure) [PSYoungGen: 192365K->7997K(190464K)] 399915K->217004K(600064K), 0.0018803 secs] [Times: user=0.00 sys=0.00, real=0.00 secs] 
2024-10-04T14:16:27.537+0300: 988.443: Total time for which application threads were stopped: 0.0021645 seconds, Stopping threads took: 0.0001457 seconds
2024-10-04T14:16:27.883+0300: 988.791: Application time: 0.3473461 seconds
2024-10-04T14:16:27.883+0300: 988.791: [GC (Allocation Failure) [PSYoungGen: 190213K->10167K(193024K)] 399219K->220639K(602624K), 0.0023352 secs] [Times: user=0.00 sys=0.00, real=0.00 secs] 
2024-10-04T14:16:27.883+0300: 988.793: Total time for which application threads were stopped: 0.0026108 seconds, Stopping threads took: 0.0001002 seconds
2024-10-04T14:16:28.275+0300: 989.174: Application time: 0.3802939 seconds
2024-10-04T14:16:28.275+0300: 989.174: [GC (Allocation Failure) [PSYoungGen: 190897K->8710K(193024K)] 401369K->221368K(602624K), 0.0021486 secs] [Times: user=0.00 sys=0.00, real=0.00 secs] 
2024-10-04T14:16:28.275+0300: 989.176: Total time for which application threads were stopped: 0.0025119 seconds, Stopping threads took: 0.0001875 seconds
2024-10-04T14:16:28.605+0300: 989.511: Application time: 0.3346035 seconds
2024-10-04T14:16:28.605+0300: 989.511: [GC (Allocation Failure) [PSYoungGen: 189618K->10231K(193024K)] 402276K->223641K(602624K), 0.0022631 secs] [Times: user=0.01 sys=0.00, real=0.00 secs] 
2024-10-04T14:16:28.605+0300: 989.514: Total time for which application threads were stopped: 0.0029195 seconds, Stopping threads took: 0.0004439 seconds
2024-10-04T14:16:28.636+0300: 989.544: Application time: 0.0301886 seconds
2024-10-04T14:16:28.636+0300: 989.544: [GC (Allocation Failure) [PSYoungGen: 191399K->5115K(186368K)] 404810K->222212K(595968K), 0.0018454 secs] [Times: user=0.00 sys=0.00, real=0.00 secs] 
2024-10-04T14:16:28.636+0300: 989.546: Total time for which application threads were stopped: 0.0022355 seconds, Stopping threads took: 0.0001991 seconds
2024-10-04T14:16:29.373+0300: 990.272: Application time: 0.7259123 seconds
2024-10-04T14:16:29.373+0300: 990.272: [GC (Allocation Failure) [PSYoungGen: 185852K->9455K(192512K)] 402949K->228697K(602112K), 0.0021505 secs] [Times: user=0.00 sys=0.00, real=0.00 secs] 
2024-10-04T14:16:29.373+0300: 990.274: Total time for which application threads were stopped: 0.0024155 seconds, Stopping threads took: 0.0001309 seconds
2024-10-04T14:16:29.734+0300: 990.633: Application time: 0.3586543 seconds
2024-10-04T14:16:29.734+0300: 990.633: [GC (Allocation Failure) [PSYoungGen: 189065K->10847K(192512K)] 408307K->231539K(602112K), 0.0025016 secs] [Times: user=0.00 sys=0.00, real=0.00 secs] 
2024-10-04T14:16:29.734+0300: 990.636: Total time for which application threads were stopped: 0.0028187 seconds, Stopping threads took: 0.0001337 seconds
2024-10-04T14:16:30.048+0300: 990.950: Application time: 0.3144800 seconds
2024-10-04T14:16:30.048+0300: 990.951: [GC (Allocation Failure) [PSYoungGen: 190400K->9407K(192512K)] 411092K->233012K(602112K), 0.0023268 secs] [Times: user=0.00 sys=0.00, real=0.00 secs] 
2024-10-04T14:16:30.048+0300: 990.953: Total time for which application threads were stopped: 0.0026706 seconds, Stopping threads took: 0.0001937 seconds
2024-10-04T14:16:30.424+0300: 991.331: Application time: 0.3775780 seconds
2024-10-04T14:16:30.424+0300: 991.331: [GC (Allocation Failure) [PSYoungGen: 189098K->8742K(192512K)] 412704K->233148K(602112K), 0.0020302 secs] [Times: user=0.00 sys=0.00, real=0.00 secs] 
2024-10-04T14:16:30.424+0300: 991.333: Total time for which application threads were stopped: 0.0023163 seconds, Stopping threads took: 0.0001515 seconds
2024-10-04T14:16:30.739+0300: 991.642: Application time: 0.3086914 seconds
2024-10-04T14:16:30.739+0300: 991.642: Total time for which application threads were stopped: 0.0002787 seconds, Stopping threads took: 0.0001892 seconds
2024-10-04T14:16:30.739+0300: 991.647: Application time: 0.0051387 seconds
2024-10-04T14:16:30.739+0300: 991.647: [GC (Allocation Failure) [PSYoungGen: 188509K->7997K(193024K)] 412915K->233860K(602624K), 0.0019715 secs] [Times: user=0.00 sys=0.00, real=0.00 secs] 
2024-10-04T14:16:30.739+0300: 991.649: Total time for which application threads were stopped: 0.0022418 seconds, Stopping threads took: 0.0001176 seconds
2024-10-04T14:16:31.225+0300: 992.128: Application time: 0.4786646 seconds
2024-10-04T14:16:31.225+0300: 992.128: [GC (Allocation Failure) [PSYoungGen: 188652K->8742K(192512K)] 414515K->235397K(602112K), 0.0018845 secs] [Times: user=0.00 sys=0.00, real=0.00 secs] 
2024-10-04T14:16:31.225+0300: 992.130: Total time for which application threads were stopped: 0.0021836 seconds, Stopping threads took: 0.0001647 seconds
2024-10-04T14:16:32.198+0300: 993.099: Application time: 0.9687706 seconds
2024-10-04T14:16:32.198+0300: 993.099: [GC (Allocation Failure) [PSYoungGen: 188809K->3690K(192000K)] 415464K->230354K(601600K), 0.0012483 secs] [Times: user=0.00 sys=0.00, real=0.00 secs] 
2024-10-04T14:16:32.198+0300: 993.100: Total time for which application threads were stopped: 0.0014604 seconds, Stopping threads took: 0.0000744 seconds
2024-10-04T14:16:32.653+0300: 993.557: Application time: 0.4563556 seconds
2024-10-04T14:16:32.653+0300: 993.557: Total time for which application threads were stopped: 0.0002950 seconds, Stopping threads took: 0.0002631 seconds
2024-10-04T14:16:32.674+0300: 993.577: Application time: 0.0204274 seconds
2024-10-04T14:16:32.674+0300: 993.578: [GC (Allocation Failure) [PSYoungGen: 183681K->8902K(192512K)] 410345K->235573K(602112K), 0.0021008 secs] [Times: user=0.00 sys=0.00, real=0.00 secs] 
2024-10-04T14:16:32.674+0300: 993.580: Total time for which application threads were stopped: 0.0028350 seconds, Stopping threads took: 0.0005702 seconds
2024-10-04T14:16:32.701+0300: 993.602: Application time: 0.0220120 seconds
2024-10-04T14:16:32.701+0300: 993.603: [GC (Allocation Failure) [PSYoungGen: 188846K->8742K(193024K)] 415518K->235614K(602624K), 0.0023542 secs] [Times: user=0.00 sys=0.00, real=0.00 secs] 
2024-10-04T14:16:32.701+0300: 993.605: Total time for which application threads were stopped: 0.0029320 seconds, Stopping threads took: 0.0004263 seconds
2024-10-04T14:16:32.716+0300: 993.626: Application time: 0.0204892 seconds
2024-10-04T14:16:32.716+0300: 993.626: [GC (Allocation Failure) [PSYoungGen: 189351K->4467K(192512K)] 416223K->234197K(602112K), 0.0017118 secs] [Times: user=0.00 sys=0.00, real=0.00 secs] 
2024-10-04T14:16:32.732+0300: 993.628: Total time for which application threads were stopped: 0.0020837 seconds, Stopping threads took: 0.0001616 seconds
2024-10-04T14:16:33.313+0300: 994.222: Application time: 0.5939525 seconds
2024-10-04T14:16:33.313+0300: 994.222: [GC (Allocation Failure) [PSYoungGen: 184880K->11592K(190464K)] 414610K->242042K(600064K), 0.0024781 secs] [Times: user=0.00 sys=0.00, real=0.02 secs] 
2024-10-04T14:16:33.328+0300: 994.224: Total time for which application threads were stopped: 0.0027793 seconds, Stopping threads took: 0.0000989 seconds
2024-10-04T14:16:34.050+0300: 994.948: Application time: 0.7238576 seconds
2024-10-04T14:16:34.050+0300: 994.949: [GC (Allocation Failure) [PSYoungGen: 189057K->12305K(190976K)] 419507K->242755K(600576K), 0.0023926 secs] [Times: user=0.00 sys=0.00, real=0.00 secs] 
2024-10-04T14:16:34.050+0300: 994.951: Total time for which application threads were stopped: 0.0028199 seconds, Stopping threads took: 0.0002787 seconds
2024-10-04T14:16:34.615+0300: 995.525: Application time: 0.5734327 seconds
2024-10-04T14:16:34.615+0300: 995.525: [GC (Allocation Failure) [PSYoungGen: 190469K->8029K(190976K)] 420919K->242763K(600576K), 0.0025583 secs] [Times: user=0.00 sys=0.02, real=0.02 secs] 
2024-10-04T14:16:34.631+0300: 995.528: Total time for which application threads were stopped: 0.0029932 seconds, Stopping threads took: 0.0002475 seconds
2024-10-04T14:16:34.694+0300: 995.601: Application time: 0.0733318 seconds
2024-10-04T14:16:34.694+0300: 995.601: [GC (Allocation Failure) [PSYoungGen: 184566K->8742K(190976K)] 419300K->243516K(600576K), 0.0021757 secs] [Times: user=0.00 sys=0.00, real=0.00 secs] 
2024-10-04T14:16:34.694+0300: 995.604: Total time for which application threads were stopped: 0.0025772 seconds, Stopping threads took: 0.0002576 seconds
2024-10-04T14:16:34.804+0300: 995.704: Application time: 0.1003528 seconds
2024-10-04T14:16:34.804+0300: 995.704: [GC (Allocation Failure) [PSYoungGen: 185504K->8726K(192000K)] 420278K->244312K(601600K), 0.0021289 secs] [Times: user=0.00 sys=0.00, real=0.00 secs] 
2024-10-04T14:16:34.804+0300: 995.706: Total time for which application threads were stopped: 0.0024909 seconds, Stopping threads took: 0.0002062 seconds
2024-10-04T14:16:34.914+0300: 995.816: Application time: 0.1099355 seconds
2024-10-04T14:16:34.914+0300: 995.817: [GC (Allocation Failure) [PSYoungGen: 186984K->9390K(191488K)] 422570K->246501K(601088K), 0.0023356 secs] [Times: user=0.02 sys=0.00, real=0.00 secs] 
2024-10-04T14:16:34.914+0300: 995.819: Total time for which application threads were stopped: 0.0026659 seconds, Stopping threads took: 0.0001966 seconds
2024-10-04T14:16:35.431+0300: 996.338: Application time: 0.5187709 seconds
2024-10-04T14:16:35.431+0300: 996.338: [GC (Allocation Failure) [PSYoungGen: 187513K->8742K(192512K)] 424625K->247354K(602112K), 0.0021114 secs] [Times: user=0.00 sys=0.00, real=0.00 secs] 
2024-10-04T14:16:35.431+0300: 996.340: Total time for which application threads were stopped: 0.0023878 seconds, Stopping threads took: 0.0001403 seconds
2024-10-04T14:16:36.217+0300: 997.118: Application time: 0.7779464 seconds
2024-10-04T14:16:36.217+0300: 997.118: [GC (Allocation Failure) [PSYoungGen: 188304K->11592K(191488K)] 426916K->250917K(601088K), 0.0024890 secs] [Times: user=0.00 sys=0.00, real=0.00 secs] 
2024-10-04T14:16:36.217+0300: 997.121: Total time for which application threads were stopped: 0.0027835 seconds, Stopping threads took: 0.0001397 seconds
2024-10-04T14:16:36.751+0300: 997.652: Application time: 0.5309636 seconds
2024-10-04T14:16:36.751+0300: 997.652: [GC (Allocation Failure) [PSYoungGen: 190978K->8774K(192000K)] 430303K->250957K(601600K), 0.0024274 secs] [Times: user=0.00 sys=0.00, real=0.00 secs] 
2024-10-04T14:16:36.751+0300: 997.655: Total time for which application threads were stopped: 0.0027785 seconds, Stopping threads took: 0.0002096 seconds
2024-10-04T14:16:36.845+0300: 997.750: Application time: 0.0951246 seconds
2024-10-04T14:16:36.845+0300: 997.750: [GC (Allocation Failure) [PSYoungGen: 187397K->9422K(191488K)] 429580K->251669K(601088K), 0.0019907 secs] [Times: user=0.00 sys=0.00, real=0.00 secs] 
2024-10-04T14:16:36.845+0300: 997.752: Total time for which application threads were stopped: 0.0023489 seconds, Stopping threads took: 0.0002071 seconds
2024-10-04T14:16:37.033+0300: 997.945: Application time: 0.1925246 seconds
2024-10-04T14:16:37.049+0300: 997.945: [GC (Allocation Failure) [PSYoungGen: 187592K->9454K(192512K)] 429839K->253174K(602112K), 0.0023727 secs] [Times: user=0.00 sys=0.00, real=0.00 secs] 
2024-10-04T14:16:37.049+0300: 997.947: Total time for which application threads were stopped: 0.0027692 seconds, Stopping threads took: 0.0002198 seconds
2024-10-04T14:16:37.190+0300: 998.098: Application time: 0.1510408 seconds
2024-10-04T14:16:37.190+0300: 998.099: [GC (Allocation Failure) [PSYoungGen: 188943K->9406K(192000K)] 432663K->253919K(601600K), 0.0022594 secs] [Times: user=0.00 sys=0.00, real=0.00 secs] 
2024-10-04T14:16:37.190+0300: 998.101: Total time for which application threads were stopped: 0.0026481 seconds, Stopping threads took: 0.0002493 seconds
2024-10-04T14:16:37.739+0300: 998.636: Application time: 0.5349988 seconds
2024-10-04T14:16:37.739+0300: 998.636: [GC (Allocation Failure) [PSYoungGen: 188963K->9454K(193024K)] 433476K->254755K(602624K), 0.0022236 secs] [Times: user=0.00 sys=0.00, real=0.00 secs] 
2024-10-04T14:16:37.739+0300: 998.639: Total time for which application threads were stopped: 0.0025111 seconds, Stopping threads took: 0.0001326 seconds
2024-10-04T14:16:38.477+0300: 999.376: Application time: 0.7369954 seconds
2024-10-04T14:16:38.477+0300: 999.376: [GC (Allocation Failure) [PSYoungGen: 189732K->11592K(192512K)] 435033K->257606K(602112K), 0.0023715 secs] [Times: user=0.00 sys=0.00, real=0.00 secs] 
2024-10-04T14:16:38.477+0300: 999.378: Total time for which application threads were stopped: 0.0026984 seconds, Stopping threads took: 0.0001879 seconds
2024-10-04T14:16:38.947+0300: 999.857: Application time: 0.4782880 seconds
2024-10-04T14:16:38.947+0300: 999.857: [GC (Allocation Failure) [PSYoungGen: 191655K->8774K(192512K)] 437669K->258358K(602112K), 0.0026732 secs] [Times: user=0.02 sys=0.00, real=0.02 secs] 
2024-10-04T14:16:38.963+0300: 999.860: Total time for which application threads were stopped: 0.0030361 seconds, Stopping threads took: 0.0002223 seconds
2024-10-04T14:16:39.041+0300: 999.944: Application time: 0.0845111 seconds
2024-10-04T14:16:39.041+0300: 999.944: [GC (Allocation Failure) [PSYoungGen: 188955K->9422K(192512K)] 438539K->259071K(602112K), 0.0019994 secs] [Times: user=0.00 sys=0.00, real=0.00 secs] 
2024-10-04T14:16:39.041+0300: 999.947: Total time for which application threads were stopped: 0.0023886 seconds, Stopping threads took: 0.0002471 seconds
2024-10-04T14:16:39.167+0300: 1000.066: Application time: 0.1196758 seconds
2024-10-04T14:16:39.167+0300: 1000.067: [GC (Allocation Failure) [PSYoungGen: 189363K->9358K(193024K)] 439012K->260516K(602624K), 0.0022201 secs] [Times: user=0.00 sys=0.00, real=0.00 secs] 
2024-10-04T14:16:39.167+0300: 1000.069: Total time for which application threads were stopped: 0.0026369 seconds, Stopping threads took: 0.0002585 seconds
2024-10-04T14:16:39.418+0300: 1000.329: Application time: 0.2606376 seconds
2024-10-04T14:16:39.434+0300: 1000.330: [GC (Allocation Failure) [PSYoungGen: 189539K->8742K(192512K)] 440696K->260684K(602112K), 0.0020616 secs] [Times: user=0.00 sys=0.00, real=0.00 secs] 
2024-10-04T14:16:39.434+0300: 1000.332: Total time for which application threads were stopped: 0.0025565 seconds, Stopping threads took: 0.0002820 seconds
2024-10-04T14:16:39.967+0300: 1000.871: Application time: 0.5388165 seconds
2024-10-04T14:16:39.967+0300: 1000.871: [GC (Allocation Failure) [PSYoungGen: 189033K->9454K(193024K)] 440975K->262185K(602624K), 0.0021396 secs] [Times: user=0.01 sys=0.00, real=0.00 secs] 
2024-10-04T14:16:39.967+0300: 1000.873: Total time for which application threads were stopped: 0.0024187 seconds, Stopping threads took: 0.0001334 seconds
2024-10-04T14:16:40.642+0300: 1001.548: Application time: 0.6743786 seconds
2024-10-04T14:16:40.642+0300: 1001.548: [GC (Allocation Failure) [PSYoungGen: 190460K->11592K(193024K)] 443191K->265036K(602624K), 0.0023702 secs] [Times: user=0.00 sys=0.00, real=0.00 secs] 
2024-10-04T14:16:40.642+0300: 1001.550: Total time for which application threads were stopped: 0.0026268 seconds, Stopping threads took: 0.0001068 seconds
2024-10-04T14:16:41.113+0300: 1002.015: Application time: 0.4648842 seconds
2024-10-04T14:16:41.113+0300: 1002.015: [GC (Allocation Failure) [PSYoungGen: 192415K->7934K(192000K)] 445858K->264267K(601600K), 0.0022345 secs] [Times: user=0.00 sys=0.00, real=0.00 secs] 
2024-10-04T14:16:41.113+0300: 1002.018: Total time for which application threads were stopped: 0.0025961 seconds, Stopping threads took: 0.0001898 seconds
2024-10-04T14:16:41.223+0300: 1002.135: Application time: 0.1167326 seconds
2024-10-04T14:16:41.239+0300: 1002.135: [GC (Allocation Failure) [PSYoungGen: 187767K->8061K(192512K)] 444100K->264443K(602112K), 0.0043545 secs] [Times: user=0.00 sys=0.00, real=0.00 secs] 
2024-10-04T14:16:41.239+0300: 1002.140: Total time for which application threads were stopped: 0.0053590 seconds, Stopping threads took: 0.0008482 seconds
2024-10-04T14:16:41.396+0300: 1002.300: Application time: 0.1598893 seconds
2024-10-04T14:16:41.396+0300: 1002.300: [GC (Allocation Failure) [PSYoungGen: 187957K->10103K(192512K)] 444338K->267289K(602112K), 0.0023440 secs] [Times: user=0.00 sys=0.00, real=0.00 secs] 
2024-10-04T14:16:41.396+0300: 1002.302: Total time for which application threads were stopped: 0.0026516 seconds, Stopping threads took: 0.0001287 seconds
2024-10-04T14:16:41.740+0300: 1002.642: Application time: 0.3393515 seconds
2024-10-04T14:16:41.740+0300: 1002.642: [GC (Allocation Failure) [PSYoungGen: 190299K->9422K(192512K)] 447485K->268794K(602112K), 0.0024327 secs] [Times: user=0.00 sys=0.00, real=0.00 secs] 
2024-10-04T14:16:41.740+0300: 1002.645: Total time for which application threads were stopped: 0.0028366 seconds, Stopping threads took: 0.0002193 seconds
2024-10-04T14:16:42.291+0300: 1003.197: Application time: 0.5524531 seconds
2024-10-04T14:16:42.291+0300: 1003.197: [GC (Allocation Failure) [PSYoungGen: 188992K->9454K(193024K)] 448364K->269626K(602624K), 0.0020986 secs] [Times: user=0.00 sys=0.00, real=0.00 secs] 
2024-10-04T14:16:42.291+0300: 1003.199: Total time for which application threads were stopped: 0.0024054 seconds, Stopping threads took: 0.0001486 seconds
2024-10-04T14:16:42.918+0300: 1003.815: Application time: 0.6151875 seconds
2024-10-04T14:16:42.918+0300: 1003.815: [GC (Allocation Failure) [PSYoungGen: 189925K->11592K(192512K)] 450097K->272485K(602112K), 0.0023791 secs] [Times: user=0.00 sys=0.00, real=0.00 secs] 
2024-10-04T14:16:42.918+0300: 1003.817: Total time for which application threads were stopped: 0.0027552 seconds, Stopping threads took: 0.0002069 seconds
2024-10-04T14:16:43.295+0300: 1004.203: Application time: 0.3851563 seconds
2024-10-04T14:16:43.295+0300: 1004.203: [GC (Allocation Failure) [PSYoungGen: 191690K->8646K(192512K)] 452582K->273141K(602112K), 0.0026876 secs] [Times: user=0.00 sys=0.00, real=0.00 secs] 
2024-10-04T14:16:43.295+0300: 1004.206: Total time for which application threads were stopped: 0.0030297 seconds, Stopping threads took: 0.0001671 seconds
2024-10-04T14:16:43.530+0300: 1004.438: Application time: 0.2322680 seconds
2024-10-04T14:16:43.530+0300: 1004.438: [GC (Allocation Failure) [PSYoungGen: 188357K->9390K(192512K)] 452852K->274646K(602112K), 0.0023495 secs] [Times: user=0.00 sys=0.00, real=0.00 secs] 
2024-10-04T14:16:43.530+0300: 1004.441: Total time for which application threads were stopped: 0.0027101 seconds, Stopping threads took: 0.0001977 seconds
2024-10-04T14:16:43.656+0300: 1004.552: Application time: 0.1113438 seconds
2024-10-04T14:16:43.656+0300: 1004.552: [GC (Allocation Failure) [PSYoungGen: 189054K->10103K(192512K)] 454310K->276159K(602112K), 0.0023565 secs] [Times: user=0.05 sys=0.00, real=0.00 secs] 
2024-10-04T14:16:43.656+0300: 1004.555: Total time for which application threads were stopped: 0.0027323 seconds, Stopping threads took: 0.0002040 seconds
2024-10-04T14:16:43.875+0300: 1004.783: Application time: 0.2280876 seconds
2024-10-04T14:16:43.875+0300: 1004.783: [GC (Allocation Failure) [PSYoungGen: 190013K->9358K(192512K)] 456069K->276924K(602112K), 0.0024039 secs] [Times: user=0.00 sys=0.00, real=0.00 secs] 
2024-10-04T14:16:43.875+0300: 1004.786: Total time for which application threads were stopped: 0.0027442 seconds, Stopping threads took: 0.0001645 seconds
2024-10-04T14:16:44.535+0300: 1005.439: Application time: 0.6537007 seconds
2024-10-04T14:16:44.535+0300: 1005.439: [GC (Allocation Failure) [PSYoungGen: 188923K->9454K(193024K)] 456488K->277772K(602624K), 0.0021921 secs] [Times: user=0.00 sys=0.00, real=0.00 secs] 
2024-10-04T14:16:44.535+0300: 1005.442: Total time for which application threads were stopped: 0.0024925 seconds, Stopping threads took: 0.0001374 seconds
2024-10-04T14:16:45.178+0300: 1006.075: Application time: 0.6330500 seconds
2024-10-04T14:16:45.178+0300: 1006.075: [GC (Allocation Failure) [PSYoungGen: 190474K->10880K(193024K)] 458792K->280631K(602624K), 0.0025772 secs] [Times: user=0.00 sys=0.00, real=0.00 secs] 
2024-10-04T14:16:45.178+0300: 1006.078: Total time for which application threads were stopped: 0.0028960 seconds, Stopping threads took: 0.0001313 seconds
2024-10-04T14:16:45.554+0300: 1006.454: Application time: 0.3758599 seconds
2024-10-04T14:16:45.554+0300: 1006.454: [GC (Allocation Failure) [PSYoungGen: 191628K->7966K(192000K)] 461379K->280598K(601600K), 0.0022540 secs] [Times: user=0.03 sys=0.00, real=0.00 secs] 
2024-10-04T14:16:45.554+0300: 1006.456: Total time for which application threads were stopped: 0.0026399 seconds, Stopping threads took: 0.0002102 seconds
2024-10-04T14:16:45.649+0300: 1006.554: Application time: 0.0979551 seconds
2024-10-04T14:16:45.649+0300: 1006.554: [GC (Allocation Failure) [PSYoungGen: 187503K->8742K(192512K)] 460136K->282152K(602112K), 0.0022912 secs] [Times: user=0.00 sys=0.00, real=0.00 secs] 
2024-10-04T14:16:45.649+0300: 1006.557: Total time for which application threads were stopped: 0.0026499 seconds, Stopping threads took: 0.0001703 seconds
2024-10-04T14:16:45.998+0300: 1006.894: Application time: 0.3369331 seconds
2024-10-04T14:16:45.998+0300: 1006.894: [GC (Allocation Failure) [PSYoungGen: 188302K->9358K(193024K)] 461711K->283592K(602624K), 0.0021900 secs] [Times: user=0.00 sys=0.00, real=0.00 secs] 
2024-10-04T14:16:45.998+0300: 1006.896: Total time for which application threads were stopped: 0.0024721 seconds, Stopping threads took: 0.0001270 seconds
2024-10-04T14:16:46.135+0300: 1007.035: Application time: 0.1386682 seconds
2024-10-04T14:16:46.135+0300: 1007.035: [GC (Allocation Failure) [PSYoungGen: 190323K->8662K(193024K)] 464557K->284353K(602624K), 0.0023587 secs] [Times: user=0.00 sys=0.00, real=0.00 secs] 
2024-10-04T14:16:46.135+0300: 1007.038: Total time for which application threads were stopped: 0.0026625 seconds, Stopping threads took: 0.0001260 seconds
2024-10-04T14:16:46.826+0300: 1007.724: Application time: 0.6868371 seconds
2024-10-04T14:16:46.826+0300: 1007.725: [GC (Allocation Failure) [PSYoungGen: 189672K->11592K(192000K)] 465363K->288060K(601600K), 0.0024758 secs] [Times: user=0.00 sys=0.00, real=0.00 secs] 
2024-10-04T14:16:46.826+0300: 1007.727: Total time for which application threads were stopped: 0.0027762 seconds, Stopping threads took: 0.0001158 seconds
2024-10-04T14:16:47.469+0300: 1008.377: Application time: 0.6495527 seconds
2024-10-04T14:16:47.469+0300: 1008.377: [GC (Allocation Failure) [PSYoungGen: 191177K->9455K(192512K)] 467645K->288781K(602112K), 0.0024838 secs] [Times: user=0.00 sys=0.00, real=0.00 secs] 
2024-10-04T14:16:47.469+0300: 1008.380: Total time for which application threads were stopped: 0.0027946 seconds, Stopping threads took: 0.0001375 seconds
2024-10-04T14:16:47.766+0300: 1008.671: Application time: 0.2914058 seconds
2024-10-04T14:16:47.766+0300: 1008.671: [GC (Allocation Failure) [PSYoungGen: 189485K->9439K(193024K)] 468811K->290213K(602624K), 0.0023469 secs] [Times: user=0.00 sys=0.00, real=0.00 secs] 
2024-10-04T14:16:47.766+0300: 1008.674: Total time for which application threads were stopped: 0.0026750 seconds, Stopping threads took: 0.0001549 seconds
2024-10-04T14:16:47.829+0300: 1008.729: Application time: 0.0551648 seconds
2024-10-04T14:16:47.829+0300: 1008.729: [GC (Allocation Failure) [PSYoungGen: 189868K->8694K(192512K)] 470643K->290281K(602112K), 0.0021327 secs] [Times: user=0.01 sys=0.00, real=0.00 secs] 
2024-10-04T14:16:47.829+0300: 1008.731: Total time for which application threads were stopped: 0.0025539 seconds, Stopping threads took: 0.0002699 seconds
2024-10-04T14:16:48.237+0300: 1009.135: Application time: 0.4034749 seconds
2024-10-04T14:16:48.237+0300: 1009.135: [GC (Allocation Failure) [PSYoungGen: 189347K->9422K(193024K)] 470934K->291810K(602624K), 0.0022912 secs] [Times: user=0.03 sys=0.00, real=0.00 secs] 
2024-10-04T14:16:48.237+0300: 1009.138: Total time for which application threads were stopped: 0.0027005 seconds, Stopping threads took: 0.0002415 seconds
2024-10-04T14:16:48.363+0300: 1009.259: Application time: 0.1216107 seconds
2024-10-04T14:16:48.363+0300: 1009.259: [GC (Allocation Failure) [PSYoungGen: 190057K->9454K(193024K)] 472445K->293315K(602624K), 0.0023141 secs] [Times: user=0.00 sys=0.00, real=0.00 secs] 
2024-10-04T14:16:48.363+0300: 1009.262: Total time for which application threads were stopped: 0.0026205 seconds, Stopping threads took: 0.0001268 seconds
2024-10-04T14:16:49.132+0300: 1010.041: Application time: 0.7794238 seconds
2024-10-04T14:16:49.132+0300: 1010.041: [GC (Allocation Failure) [PSYoungGen: 190461K->10880K(192512K)] 474322K->296198K(602112K), 0.0027518 secs] [Times: user=0.03 sys=0.00, real=0.02 secs] 
2024-10-04T14:16:49.147+0300: 1010.044: Total time for which application threads were stopped: 0.0030465 seconds, Stopping threads took: 0.0001123 seconds
2024-10-04T14:16:49.775+0300: 1010.681: Application time: 0.6371410 seconds
2024-10-04T14:16:49.775+0300: 1010.682: [GC (Allocation Failure) [PSYoungGen: 191900K->9455K(193024K)] 477218K->296918K(602624K), 0.0024579 secs] [Times: user=0.03 sys=0.00, real=0.00 secs] 
2024-10-04T14:16:49.775+0300: 1010.684: Total time for which application threads were stopped: 0.0029444 seconds, Stopping threads took: 0.0003159 seconds
2024-10-04T14:16:50.074+0300: 1010.970: Application time: 0.2855407 seconds
2024-10-04T14:16:50.074+0300: 1010.970: [GC (Allocation Failure) [PSYoungGen: 190090K->8774K(193024K)] 477553K->297687K(602624K), 0.0021173 secs] [Times: user=0.00 sys=0.00, real=0.00 secs] 
2024-10-04T14:16:50.074+0300: 1010.972: Total time for which application threads were stopped: 0.0024490 seconds, Stopping threads took: 0.0001925 seconds
2024-10-04T14:16:50.105+0300: 1011.002: Application time: 0.0297315 seconds
2024-10-04T14:16:50.105+0300: 1011.003: [GC (Allocation Failure) [PSYoungGen: 189756K->5147K(186880K)] 478669K->297723K(596480K), 0.0020493 secs] [Times: user=0.00 sys=0.00, real=0.00 secs] 
2024-10-04T14:16:50.105+0300: 1011.005: Total time for which application threads were stopped: 0.0026902 seconds, Stopping threads took: 0.0004951 seconds
2024-10-04T14:16:50.387+0300: 1011.293: Application time: 0.2885538 seconds
2024-10-04T14:16:50.387+0300: 1011.294: [GC (Allocation Failure) [PSYoungGen: 185924K->10103K(192512K)] 478499K->303479K(602112K), 0.0022753 secs] [Times: user=0.00 sys=0.00, real=0.00 secs] 
2024-10-04T14:16:50.387+0300: 1011.296: Total time for which application threads were stopped: 0.0026257 seconds, Stopping threads took: 0.0002007 seconds
2024-10-04T14:16:50.658+0300: 1011.554: Application time: 0.2584864 seconds
2024-10-04T14:16:50.658+0300: 1011.555: [GC (Allocation Failure) [PSYoungGen: 189706K->9390K(192512K)] 483082K->304255K(602112K), 0.0023301 secs] [Times: user=0.00 sys=0.00, real=0.00 secs] 
2024-10-04T14:16:50.660+0300: 1011.557: Total time for which application threads were stopped: 0.0026679 seconds, Stopping threads took: 0.0001613 seconds
2024-10-04T14:16:51.407+0300: 1012.304: Application time: 0.7467326 seconds
2024-10-04T14:16:51.407+0300: 1012.304: [GC (Allocation Failure) [PSYoungGen: 189175K->10880K(192000K)] 484040K->307202K(601600K), 0.0026064 secs] [Times: user=0.00 sys=0.00, real=0.00 secs] 
2024-10-04T14:16:51.407+0300: 1012.307: Total time for which application threads were stopped: 0.0028530 seconds, Stopping threads took: 0.0000873 seconds
2024-10-04T14:16:52.009+0300: 1012.906: Application time: 0.5995407 seconds
2024-10-04T14:16:52.009+0300: 1012.907: [GC (Allocation Failure) [PSYoungGen: 190604K->9455K(192512K)] 486926K->307922K(602112K), 0.0027309 secs] [Times: user=0.00 sys=0.00, real=0.00 secs] 
2024-10-04T14:16:52.009+0300: 1012.909: Total time for which application threads were stopped: 0.0032096 seconds, Stopping threads took: 0.0002945 seconds
2024-10-04T14:16:52.161+0300: 1013.060: Application time: 0.1503992 seconds
2024-10-04T14:16:52.161+0300: 1013.060: [GC (Allocation Failure) [PSYoungGen: 189102K->9391K(193024K)] 487570K->309348K(602624K), 0.0022472 secs] [Times: user=0.00 sys=0.00, real=0.00 secs] 
2024-10-04T14:16:52.161+0300: 1013.062: Total time for which application threads were stopped: 0.0025721 seconds, Stopping threads took: 0.0001944 seconds
2024-10-04T14:16:52.309+0300: 1013.210: Application time: 0.1479656 seconds
2024-10-04T14:16:52.309+0300: 1013.211: [GC (Allocation Failure) [PSYoungGen: 189807K->10103K(192512K)] 489764K->310828K(602112K), 0.0022806 secs] [Times: user=0.00 sys=0.00, real=0.00 secs] 
2024-10-04T14:16:52.309+0300: 1013.213: Total time for which application threads were stopped: 0.0026304 seconds, Stopping threads took: 0.0002149 seconds
2024-10-04T14:16:52.474+0300: 1013.380: Application time: 0.1673175 seconds
2024-10-04T14:16:52.474+0300: 1013.381: [GC (Allocation Failure) [PSYoungGen: 190797K->9358K(193024K)] 491522K->311597K(602624K), 0.0022278 secs] [Times: user=0.00 sys=0.00, real=0.00 secs] 
2024-10-04T14:16:52.474+0300: 1013.383: Total time for which application threads were stopped: 0.0027092 seconds, Stopping threads took: 0.0003269 seconds
2024-10-04T14:16:52.898+0300: 1013.797: Application time: 0.4140950 seconds
2024-10-04T14:16:52.898+0300: 1013.797: [GC (Allocation Failure) [PSYoungGen: 190267K->9454K(193024K)] 492505K->312453K(602624K), 0.0021790 secs] [Times: user=0.00 sys=0.00, real=0.00 secs] 
2024-10-04T14:16:52.898+0300: 1013.800: Total time for which application threads were stopped: 0.0024972 seconds, Stopping threads took: 0.0001713 seconds
2024-10-04T14:16:53.652+0300: 1014.553: Application time: 0.7537094 seconds
2024-10-04T14:16:53.652+0300: 1014.554: [GC (Allocation Failure) [PSYoungGen: 190476K->11592K(192000K)] 493475K->315344K(601600K), 0.0023466 secs] [Times: user=0.00 sys=0.00, real=0.00 secs] 
2024-10-04T14:16:53.652+0300: 1014.556: Total time for which application threads were stopped: 0.0025995 seconds, Stopping threads took: 0.0000915 seconds
2024-10-04T14:16:54.154+0300: 1015.056: Application time: 0.5002274 seconds
2024-10-04T14:16:54.154+0300: 1015.057: [GC (Allocation Failure) [PSYoungGen: 191671K->9455K(192512K)] 495422K->316072K(602112K), 0.0025863 secs] [Times: user=0.00 sys=0.00, real=0.00 secs] 
2024-10-04T14:16:54.154+0300: 1015.059: Total time for which application threads were stopped: 0.0030001 seconds, Stopping threads took: 0.0002618 seconds
2024-10-04T14:16:54.374+0300: 1015.282: Application time: 0.2225962 seconds
2024-10-04T14:16:54.374+0300: 1015.282: [GC (Allocation Failure) [PSYoungGen: 189563K->9391K(193024K)] 496181K->316793K(602624K), 0.0022421 secs] [Times: user=0.00 sys=0.00, real=0.00 secs] 
2024-10-04T14:16:54.374+0300: 1015.284: Total time for which application threads were stopped: 0.0025933 seconds, Stopping threads took: 0.0002117 seconds
2024-10-04T14:16:54.499+0300: 1015.399: Application time: 0.1141870 seconds
2024-10-04T14:16:54.499+0300: 1015.399: [GC (Allocation Failure) [PSYoungGen: 190468K->9454K(193024K)] 497870K->317633K(602624K), 0.0021937 secs] [Times: user=0.00 sys=0.00, real=0.00 secs] 
2024-10-04T14:16:54.499+0300: 1015.401: Total time for which application threads were stopped: 0.0025260 seconds, Stopping threads took: 0.0001900 seconds
2024-10-04T14:16:54.719+0300: 1015.622: Application time: 0.2212997 seconds
2024-10-04T14:16:54.719+0300: 1015.623: [GC (Allocation Failure) [PSYoungGen: 190094K->9422K(193536K)] 498273K->319118K(603136K), 0.0024231 secs] [Times: user=0.08 sys=0.00, real=0.00 secs] 
2024-10-04T14:16:54.719+0300: 1015.625: Total time for which application threads were stopped: 0.0027995 seconds, Stopping threads took: 0.0001879 seconds
2024-10-04T14:16:55.143+0300: 1016.045: Application time: 0.4196623 seconds
2024-10-04T14:16:55.143+0300: 1016.045: [GC (Allocation Failure) [PSYoungGen: 190770K->8742K(193024K)] 500465K->319911K(602624K), 0.0021762 secs] [Times: user=0.00 sys=0.00, real=0.00 secs] 
2024-10-04T14:16:55.143+0300: 1016.047: Total time for which application threads were stopped: 0.0025357 seconds, Stopping threads took: 0.0001814 seconds
2024-10-04T14:16:55.928+0300: 1016.827: Application time: 0.7792101 seconds
2024-10-04T14:16:55.928+0300: 1016.827: [GC (Allocation Failure) [PSYoungGen: 190476K->10880K(192512K)] 501645K->323514K(602112K), 0.0024542 secs] [Times: user=0.00 sys=0.00, real=0.00 secs] 
2024-10-04T14:16:55.928+0300: 1016.829: Total time for which application threads were stopped: 0.0027546 seconds, Stopping threads took: 0.0001597 seconds
2024-10-04T14:16:56.226+0300: 1017.130: Application time: 0.3005605 seconds
2024-10-04T14:16:56.226+0300: 1017.130: [GC (Allocation Failure) [PSYoungGen: 191751K->9455K(193024K)] 504385K->324242K(602624K), 0.0022803 secs] [Times: user=0.00 sys=0.00, real=0.00 secs] 
2024-10-04T14:16:56.226+0300: 1017.133: Total time for which application threads were stopped: 0.0025952 seconds, Stopping threads took: 0.0001834 seconds
2024-10-04T14:16:56.587+0300: 1017.490: Application time: 0.3571809 seconds
2024-10-04T14:16:56.587+0300: 1017.490: [GC (Allocation Failure) [PSYoungGen: 190634K->8742K(193024K)] 505421K->325011K(602624K), 0.0024216 secs] [Times: user=0.00 sys=0.00, real=0.00 secs] 
2024-10-04T14:16:56.587+0300: 1017.493: Total time for which application threads were stopped: 0.0029951 seconds, Stopping threads took: 0.0003673 seconds
2024-10-04T14:16:56.744+0300: 1017.643: Application time: 0.1499368 seconds
2024-10-04T14:16:56.744+0300: 1017.643: [GC (Allocation Failure) [PSYoungGen: 189448K->10167K(193024K)] 505717K->326524K(602624K), 0.0023667 secs] [Times: user=0.00 sys=0.00, real=0.00 secs] 
2024-10-04T14:16:56.744+0300: 1017.645: Total time for which application threads were stopped: 0.0026884 seconds, Stopping threads took: 0.0001835 seconds
2024-10-04T14:16:57.027+0300: 1017.934: Application time: 0.2888276 seconds
2024-10-04T14:16:57.027+0300: 1017.934: [GC (Allocation Failure) [PSYoungGen: 190813K->9390K(193536K)] 507170K->327236K(603136K), 0.0021462 secs] [Times: user=0.00 sys=0.00, real=0.00 secs] 
2024-10-04T14:16:57.027+0300: 1017.937: Total time for which application threads were stopped: 0.0024352 seconds, Stopping threads took: 0.0001599 seconds
2024-10-04T14:16:57.450+0300: 1018.356: Application time: 0.4192872 seconds
2024-10-04T14:16:57.450+0300: 1018.356: [GC (Allocation Failure) [PSYoungGen: 190749K->9454K(193024K)] 508595K->328773K(602624K), 0.0026471 secs] [Times: user=0.00 sys=0.00, real=0.00 secs] 
2024-10-04T14:16:57.450+0300: 1018.359: Total time for which application threads were stopped: 0.0029907 seconds, Stopping threads took: 0.0002076 seconds
2024-10-04T14:16:58.126+0300: 1019.031: Application time: 0.6720766 seconds
2024-10-04T14:16:58.126+0300: 1019.031: [GC (Allocation Failure) [PSYoungGen: 191198K->10880K(192512K)] 510516K->331664K(602112K), 0.0026633 secs] [Times: user=0.00 sys=0.00, real=0.00 secs] 
2024-10-04T14:16:58.126+0300: 1019.034: Total time for which application threads were stopped: 0.0030155 seconds, Stopping threads took: 0.0001776 seconds
2024-10-04T14:16:58.424+0300: 1019.326: Application time: 0.2920089 seconds
2024-10-04T14:16:58.424+0300: 1019.326: [GC (Allocation Failure) [PSYoungGen: 191669K->9423K(193024K)] 512453K->333080K(602624K), 0.0024198 secs] [Times: user=0.00 sys=0.00, real=0.00 secs] 
2024-10-04T14:16:58.424+0300: 1019.329: Total time for which application threads were stopped: 0.0027613 seconds, Stopping threads took: 0.0001963 seconds
2024-10-04T14:16:58.643+0300: 1019.549: Application time: 0.2199191 seconds
2024-10-04T14:16:58.643+0300: 1019.549: [GC (Allocation Failure) [PSYoungGen: 190627K->8678K(193024K)] 514285K->333825K(602624K), 0.0022099 secs] [Times: user=0.00 sys=0.00, real=0.00 secs] 
2024-10-04T14:16:58.643+0300: 1019.551: Total time for which application threads were stopped: 0.0026046 seconds, Stopping threads took: 0.0002092 seconds
2024-10-04T14:16:58.832+0300: 1019.729: Application time: 0.1774981 seconds
2024-10-04T14:16:58.832+0300: 1019.729: [GC (Allocation Failure) [PSYoungGen: 189399K->8646K(193024K)] 514546K->334589K(602624K), 0.0019934 secs] [Times: user=0.00 sys=0.00, real=0.00 secs] 
2024-10-04T14:16:58.832+0300: 1019.731: Total time for which application threads were stopped: 0.0022720 seconds, Stopping threads took: 0.0001306 seconds
2024-10-04T14:16:59.224+0300: 1020.128: Application time: 0.3973231 seconds
2024-10-04T14:16:59.224+0300: 1020.129: [GC (Allocation Failure) [PSYoungGen: 189518K->8710K(193536K)] 515461K->336126K(603136K), 0.0021991 secs] [Times: user=0.00 sys=0.00, real=0.00 secs] 
2024-10-04T14:16:59.224+0300: 1020.131: Total time for which application threads were stopped: 0.0025440 seconds, Stopping threads took: 0.0001713 seconds
2024-10-04T14:16:59.663+0300: 1020.560: Application time: 0.4286660 seconds
2024-10-04T14:16:59.663+0300: 1020.560: [GC (Allocation Failure) [PSYoungGen: 190092K->8678K(193024K)] 517509K->336863K(602624K), 0.0020962 secs] [Times: user=0.00 sys=0.00, real=0.00 secs] 
2024-10-04T14:16:59.663+0300: 1020.562: Total time for which application threads were stopped: 0.0024565 seconds, Stopping threads took: 0.0001919 seconds
2024-10-04T14:17:00.338+0300: 1021.242: Application time: 0.6798757 seconds
2024-10-04T14:17:00.338+0300: 1021.242: [GC (Allocation Failure) [PSYoungGen: 190412K->10880K(192512K)] 518597K->340546K(602112K), 0.0025195 secs] [Times: user=0.00 sys=0.00, real=0.00 secs] 
2024-10-04T14:17:00.338+0300: 1021.245: Total time for which application threads were stopped: 0.0028882 seconds, Stopping threads took: 0.0001763 seconds
2024-10-04T14:17:00.652+0300: 1021.562: Application time: 0.3170436 seconds
2024-10-04T14:17:00.652+0300: 1021.562: [GC (Allocation Failure) [PSYoungGen: 191509K->10167K(193024K)] 521175K->341987K(602624K), 0.0026444 secs] [Times: user=0.02 sys=0.00, real=0.02 secs] 
2024-10-04T14:17:00.667+0300: 1021.565: Total time for which application threads were stopped: 0.0030746 seconds, Stopping threads took: 0.0002311 seconds
2024-10-04T14:17:00.746+0300: 1021.657: Application time: 0.0918192 seconds
2024-10-04T14:17:00.746+0300: 1021.657: [GC (Allocation Failure) [PSYoungGen: 190916K->9359K(193024K)] 522736K->342703K(602624K), 0.0026860 secs] [Times: user=0.02 sys=0.00, real=0.02 secs] 
2024-10-04T14:17:00.762+0300: 1021.660: Total time for which application threads were stopped: 0.0030862 seconds, Stopping threads took: 0.0002405 seconds
2024-10-04T14:17:01.025+0300: 1021.923: Application time: 0.2635679 seconds
2024-10-04T14:17:01.025+0300: 1021.924: [GC (Allocation Failure) [PSYoungGen: 190356K->9454K(193024K)] 523700K->343568K(602624K), 0.0025188 secs] [Times: user=0.00 sys=0.00, real=0.00 secs] 
2024-10-04T14:17:01.029+0300: 1021.926: Total time for which application threads were stopped: 0.0028258 seconds, Stopping threads took: 0.0001521 seconds
2024-10-04T14:17:01.468+0300: 1022.370: Application time: 0.4442222 seconds
2024-10-04T14:17:01.468+0300: 1022.371: [GC (Allocation Failure) [PSYoungGen: 190455K->9422K(193536K)] 524568K->345041K(603136K), 0.0023972 secs] [Times: user=0.00 sys=0.00, real=0.00 secs] 
2024-10-04T14:17:01.468+0300: 1022.373: Total time for which application threads were stopped: 0.0027394 seconds, Stopping threads took: 0.0001741 seconds
2024-10-04T14:17:01.861+0300: 1022.766: Application time: 0.3932248 seconds
2024-10-04T14:17:01.861+0300: 1022.767: [GC (Allocation Failure) [PSYoungGen: 190831K->10167K(193024K)] 526449K->347226K(602624K), 0.0025184 secs] [Times: user=0.02 sys=0.00, real=0.00 secs] 
2024-10-04T14:17:01.861+0300: 1022.769: Total time for which application threads were stopped: 0.0029558 seconds, Stopping threads took: 0.0002361 seconds
2024-10-04T14:17:02.409+0300: 1023.317: Application time: 0.5479209 seconds
2024-10-04T14:17:02.409+0300: 1023.318: [GC (Allocation Failure) [PSYoungGen: 191617K->10167K(193536K)] 528676K->349396K(603136K), 0.0024828 secs] [Times: user=0.00 sys=0.00, real=0.00 secs] 
2024-10-04T14:17:02.409+0300: 1023.320: Total time for which application threads were stopped: 0.0028798 seconds, Stopping threads took: 0.0002448 seconds
2024-10-04T14:17:02.833+0300: 1023.740: Application time: 0.4202153 seconds
2024-10-04T14:17:02.833+0300: 1023.741: [GC (Allocation Failure) [PSYoungGen: 192437K->10135K(192512K)] 531666K->350845K(602112K), 0.0024838 secs] [Times: user=0.00 sys=0.00, real=0.00 secs] 
2024-10-04T14:17:02.833+0300: 1023.743: Total time for which application threads were stopped: 0.0028711 seconds, Stopping threads took: 0.0002268 seconds
2024-10-04T14:17:02.943+0300: 1023.852: Application time: 0.1085998 seconds
2024-10-04T14:17:02.943+0300: 1023.852: [GC (Allocation Failure) [PSYoungGen: 192323K->9422K(193536K)] 533033K->351614K(603136K), 0.0022229 secs] [Times: user=0.00 sys=0.00, real=0.00 secs] 
2024-10-04T14:17:02.943+0300: 1023.854: Total time for which application threads were stopped: 0.0025319 seconds, Stopping threads took: 0.0001740 seconds
2024-10-04T14:17:03.304+0300: 1024.204: Application time: 0.3493108 seconds
2024-10-04T14:17:03.304+0300: 1024.204: [GC (Allocation Failure) [PSYoungGen: 191166K->9358K(193024K)] 533357K->353031K(602624K), 0.0023394 secs] [Times: user=0.00 sys=0.00, real=0.00 secs] 
2024-10-04T14:17:03.304+0300: 1024.206: Total time for which application threads were stopped: 0.0026467 seconds, Stopping threads took: 0.0001783 seconds
2024-10-04T14:17:03.791+0300: 1024.693: Application time: 0.4864972 seconds
2024-10-04T14:17:03.791+0300: 1024.693: [GC (Allocation Failure) [PSYoungGen: 191088K->9454K(193536K)] 534760K->353923K(603136K), 0.0023711 secs] [Times: user=0.00 sys=0.00, real=0.00 secs] 
2024-10-04T14:17:03.791+0300: 1024.696: Total time for which application threads were stopped: 0.0026404 seconds, Stopping threads took: 0.0000803 seconds
2024-10-04T14:17:04.183+0300: 1025.092: Application time: 0.3961963 seconds
2024-10-04T14:17:04.183+0300: 1025.092: [GC (Allocation Failure) [PSYoungGen: 191617K->10880K(193536K)] 536086K->356789K(603136K), 0.0024735 secs] [Times: user=0.00 sys=0.00, real=0.00 secs] 
2024-10-04T14:17:04.183+0300: 1025.095: Total time for which application threads were stopped: 0.0028019 seconds, Stopping threads took: 0.0001730 seconds
2024-10-04T14:17:04.607+0300: 1025.516: Application time: 0.4214565 seconds
2024-10-04T14:17:04.607+0300: 1025.516: [GC (Allocation Failure) [PSYoungGen: 193045K->9423K(193536K)] 538955K->358231K(603136K), 0.0027461 secs] [Times: user=0.02 sys=0.00, real=0.02 secs] 
2024-10-04T14:17:04.623+0300: 1025.519: Total time for which application threads were stopped: 0.0031078 seconds, Stopping threads took: 0.0001355 seconds
2024-10-04T14:17:05.109+0300: 1026.014: Application time: 0.4946318 seconds
2024-10-04T14:17:05.109+0300: 1026.014: [GC (Allocation Failure) [PSYoungGen: 191407K->10199K(193536K)] 540215K->359767K(603136K), 0.0023192 secs] [Times: user=0.00 sys=0.00, real=0.00 secs] 
2024-10-04T14:17:05.109+0300: 1026.016: Total time for which application threads were stopped: 0.0026268 seconds, Stopping threads took: 0.0001794 seconds
2024-10-04T14:17:05.140+0300: 1026.049: Application time: 0.0328809 seconds
2024-10-04T14:17:05.140+0300: 1026.050: [GC (Allocation Failure) [PSYoungGen: 191813K->7221K(192512K)] 541382K->359727K(602112K), 0.0023023 secs] [Times: user=0.00 sys=0.00, real=0.00 secs] 
2024-10-04T14:17:05.140+0300: 1026.052: Total time for which application threads were stopped: 0.0027034 seconds, Stopping threads took: 0.0002324 seconds
2024-10-04T14:17:05.517+0300: 1026.414: Application time: 0.3619437 seconds
2024-10-04T14:17:05.517+0300: 1026.414: [GC (Allocation Failure) [PSYoungGen: 188239K->9358K(193024K)] 540745K->363354K(602624K), 0.0023126 secs] [Times: user=0.00 sys=0.00, real=0.00 secs] 
2024-10-04T14:17:05.517+0300: 1026.417: Total time for which application threads were stopped: 0.0026149 seconds, Stopping threads took: 0.0001736 seconds
2024-10-04T14:17:06.082+0300: 1026.984: Application time: 0.5670065 seconds
2024-10-04T14:17:06.082+0300: 1026.984: [GC (Allocation Failure) [PSYoungGen: 190127K->10167K(193024K)] 544123K->364915K(602624K), 0.0023411 secs] [Times: user=0.00 sys=0.00, real=0.00 secs] 
2024-10-04T14:17:06.082+0300: 1026.986: Total time for which application threads were stopped: 0.0026903 seconds, Stopping threads took: 0.0001571 seconds
2024-10-04T14:17:06.435+0300: 1027.338: Application time: 0.3520120 seconds
2024-10-04T14:17:06.435+0300: 1027.338: [GC (Allocation Failure) [PSYoungGen: 191254K->10848K(193024K)] 546003K->367077K(602624K), 0.0026287 secs] [Times: user=0.00 sys=0.00, real=0.01 secs] 
2024-10-04T14:17:06.443+0300: 1027.341: Total time for which application threads were stopped: 0.0029604 seconds, Stopping threads took: 0.0001799 seconds
2024-10-04T14:17:06.804+0300: 1027.715: Application time: 0.3733992 seconds
2024-10-04T14:17:06.804+0300: 1027.715: [GC (Allocation Failure) [PSYoungGen: 191620K->9487K(193024K)] 547849K->368574K(602624K), 0.0026016 secs] [Times: user=0.02 sys=0.00, real=0.02 secs] 
2024-10-04T14:17:06.820+0300: 1027.718: Total time for which application threads were stopped: 0.0029694 seconds, Stopping threads took: 0.0002236 seconds
2024-10-04T14:17:07.212+0300: 1028.111: Application time: 0.3938120 seconds
2024-10-04T14:17:07.212+0300: 1028.112: [GC (Allocation Failure) [PSYoungGen: 190318K->7317K(193024K)] 549406K->367181K(602624K), 0.0017986 secs] [Times: user=0.00 sys=0.00, real=0.00 secs] 
2024-10-04T14:17:07.212+0300: 1028.114: Total time for which application threads were stopped: 0.0021950 seconds, Stopping threads took: 0.0002649 seconds
2024-10-04T14:17:07.322+0300: 1028.227: Application time: 0.1135574 seconds
2024-10-04T14:17:07.322+0300: 1028.227: [GC (Allocation Failure) [PSYoungGen: 188011K->10167K(192000K)] 547875K->370824K(601600K), 0.0023202 secs] [Times: user=0.00 sys=0.00, real=0.00 secs] 
2024-10-04T14:17:07.322+0300: 1028.230: Total time for which application threads were stopped: 0.0026787 seconds, Stopping threads took: 0.0002198 seconds
2024-10-04T14:17:07.699+0300: 1028.596: Application time: 0.3657105 seconds
2024-10-04T14:17:07.699+0300: 1028.596: [GC (Allocation Failure) [PSYoungGen: 190090K->10103K(192512K)] 550746K->372257K(602112K), 0.0024955 secs] [Times: user=0.00 sys=0.00, real=0.00 secs] 
2024-10-04T14:17:07.699+0300: 1028.598: Total time for which application threads were stopped: 0.0028774 seconds, Stopping threads took: 0.0002275 seconds
2024-10-04T14:17:08.326+0300: 1029.229: Application time: 0.6309769 seconds
2024-10-04T14:17:08.326+0300: 1029.230: [GC (Allocation Failure) [PSYoungGen: 190179K->11624K(190976K)] 552332K->373818K(600576K), 0.0025342 secs] [Times: user=0.00 sys=0.00, real=0.00 secs] 
2024-10-04T14:17:08.326+0300: 1029.232: Total time for which application threads were stopped: 0.0028966 seconds, Stopping threads took: 0.0002095 seconds
2024-10-04T14:17:08.719+0300: 1029.623: Application time: 0.3903367 seconds
2024-10-04T14:17:08.719+0300: 1029.623: [GC (Allocation Failure) [PSYoungGen: 190467K->8614K(192000K)] 552661K->374442K(601600K), 0.0025585 secs] [Times: user=0.00 sys=0.00, real=0.00 secs] 
2024-10-04T14:17:08.719+0300: 1029.626: Total time for which application threads were stopped: 0.0029319 seconds, Stopping threads took: 0.0002181 seconds
2024-10-04T14:17:09.080+0300: 1029.978: Application time: 0.3526949 seconds
2024-10-04T14:17:09.080+0300: 1029.978: [GC (Allocation Failure) [PSYoungGen: 187172K->9455K(192512K)] 553000K->376003K(602112K), 0.0021832 secs] [Times: user=0.00 sys=0.00, real=0.00 secs] 
2024-10-04T14:17:09.080+0300: 1029.981: Total time for which application threads were stopped: 0.0024833 seconds, Stopping threads took: 0.0001662 seconds
2024-10-04T14:17:09.410+0300: 1030.314: Application time: 0.3333231 seconds
2024-10-04T14:17:09.410+0300: 1030.315: [GC (Allocation Failure) [PSYoungGen: 189201K->7934K(192512K)] 555750K->375971K(602112K), 0.0020399 secs] [Times: user=0.00 sys=0.00, real=0.00 secs] 
2024-10-04T14:17:09.410+0300: 1030.317: Total time for which application threads were stopped: 0.0029207 seconds, Stopping threads took: 0.0007405 seconds
2024-10-04T14:17:09.441+0300: 1030.353: Application time: 0.0355863 seconds
2024-10-04T14:17:09.457+0300: 1030.353: [GC (Allocation Failure) [PSYoungGen: 187879K->8029K(192512K)] 555916K->376147K(602112K), 0.0018784 secs] [Times: user=0.00 sys=0.00, real=0.00 secs] 
2024-10-04T14:17:09.457+0300: 1030.355: Total time for which application threads were stopped: 0.0022625 seconds, Stopping threads took: 0.0002357 seconds
2024-10-04T14:17:09.896+0300: 1030.793: Application time: 0.4376986 seconds
2024-10-04T14:17:09.896+0300: 1030.793: [GC (Allocation Failure) [PSYoungGen: 187897K->7933K(192512K)] 556015K->378965K(602112K), 0.0022352 secs] [Times: user=0.00 sys=0.00, real=0.00 secs] 
2024-10-04T14:17:09.896+0300: 1030.795: Total time for which application threads were stopped: 0.0025406 seconds, Stopping threads took: 0.0001583 seconds
2024-10-04T14:17:10.555+0300: 1031.462: Application time: 0.6669789 seconds
2024-10-04T14:17:10.555+0300: 1031.462: [GC (Allocation Failure) [PSYoungGen: 187854K->10167K(192512K)] 558886K->381960K(602112K), 0.0024129 secs] [Times: user=0.00 sys=0.00, real=0.00 secs] 
2024-10-04T14:17:10.555+0300: 1031.465: Total time for which application threads were stopped: 0.0027526 seconds, Stopping threads took: 0.0001281 seconds
2024-10-04T14:17:10.994+0300: 1031.894: Application time: 0.4289259 seconds
2024-10-04T14:17:10.994+0300: 1031.894: [GC (Allocation Failure) [PSYoungGen: 189741K->10135K(192512K)] 561534K->384129K(602112K), 0.0025131 secs] [Times: user=0.00 sys=0.00, real=0.00 secs] 
2024-10-04T14:17:10.994+0300: 1031.897: Total time for which application threads were stopped: 0.0028135 seconds, Stopping threads took: 0.0001576 seconds
2024-10-04T14:17:11.324+0300: 1032.227: Application time: 0.3309186 seconds
2024-10-04T14:17:11.324+0300: 1032.228: [GC (Allocation Failure) [PSYoungGen: 190148K->8742K(192512K)] 564143K->384898K(602112K), 0.0023251 secs] [Times: user=0.00 sys=0.00, real=0.00 secs] 
2024-10-04T14:17:11.324+0300: 1032.230: Total time for which application threads were stopped: 0.0026634 seconds, Stopping threads took: 0.0001942 seconds
2024-10-04T14:17:11.638+0300: 1032.534: Application time: 0.3038468 seconds
2024-10-04T14:17:11.638+0300: 1032.534: [GC (Allocation Failure) [PSYoungGen: 188524K->10167K(192512K)] 564680K->387091K(602112K), 0.0026184 secs] [Times: user=0.00 sys=0.00, real=0.00 secs] 
2024-10-04T14:17:11.638+0300: 1032.537: Total time for which application threads were stopped: 0.0029626 seconds, Stopping threads took: 0.0001516 seconds
2024-10-04T14:17:11.732+0300: 1032.641: Application time: 0.1038878 seconds
2024-10-04T14:17:11.732+0300: 1032.641: [GC (Allocation Failure) [PSYoungGen: 190100K->9390K(193024K)] 567024K->387828K(602624K), 0.0023582 secs] [Times: user=0.02 sys=0.00, real=0.01 secs] 
2024-10-04T14:17:11.745+0300: 1032.644: Total time for which application threads were stopped: 0.0027198 seconds, Stopping threads took: 0.0002056 seconds
2024-10-04T14:17:12.124+0300: 1033.033: Application time: 0.3893482 seconds
2024-10-04T14:17:12.124+0300: 1033.033: [GC (Allocation Failure) [PSYoungGen: 189988K->9390K(192512K)] 568426K->388596K(602112K), 0.0021871 secs] [Times: user=0.00 sys=0.00, real=0.00 secs] 
2024-10-04T14:17:12.124+0300: 1033.035: Total time for which application threads were stopped: 0.0024794 seconds, Stopping threads took: 0.0001499 seconds
2024-10-04T14:17:12.721+0300: 1033.628: Application time: 0.5929102 seconds
2024-10-04T14:17:12.721+0300: 1033.629: [GC (Allocation Failure) [PSYoungGen: 190019K->10879K(192000K)] 569225K->391550K(601600K), 0.0026661 secs] [Times: user=0.00 sys=0.00, real=0.00 secs] 
2024-10-04T14:17:12.721+0300: 1033.631: Total time for which application threads were stopped: 0.0029840 seconds, Stopping threads took: 0.0001262 seconds
2024-10-04T14:17:13.176+0300: 1034.085: Application time: 0.4535624 seconds
2024-10-04T14:17:13.176+0300: 1034.085: [GC (Allocation Failure) [PSYoungGen: 190453K->10135K(192512K)] 571124K->393000K(602112K), 0.0026992 secs] [Times: user=0.03 sys=0.00, real=0.01 secs] 
2024-10-04T14:17:13.191+0300: 1034.088: Total time for which application threads were stopped: 0.0030118 seconds, Stopping threads took: 0.0001616 seconds
2024-10-04T14:17:13.536+0300: 1034.443: Application time: 0.3554369 seconds
2024-10-04T14:17:13.536+0300: 1034.444: [GC (Allocation Failure) [PSYoungGen: 190119K->8678K(192512K)] 572984K->393712K(602112K), 0.0023340 secs] [Times: user=0.02 sys=0.00, real=0.01 secs] 
2024-10-04T14:17:13.549+0300: 1034.446: Total time for which application threads were stopped: 0.0026230 seconds, Stopping threads took: 0.0001084 seconds
2024-10-04T14:17:13.772+0300: 1034.676: Application time: 0.2299449 seconds
2024-10-04T14:17:13.787+0300: 1034.684: [GC (Allocation Failure) [PSYoungGen: 188384K->8758K(192512K)] 573418K->394545K(602112K), 0.0025050 secs] [Times: user=0.00 sys=0.00, real=0.00 secs] 
2024-10-04T14:17:13.787+0300: 1034.686: Total time for which application threads were stopped: 0.0102550 seconds, Stopping threads took: 0.0075250 seconds
2024-10-04T14:17:13.928+0300: 1034.827: Application time: 0.1406518 seconds
2024-10-04T14:17:13.928+0300: 1034.827: [GC (Allocation Failure) [PSYoungGen: 188700K->10167K(193024K)] 574487K->396754K(602624K), 0.0023040 secs] [Times: user=0.00 sys=0.00, real=0.00 secs] 
2024-10-04T14:17:13.928+0300: 1034.829: Total time for which application threads were stopped: 0.0026183 seconds, Stopping threads took: 0.0001736 seconds
2024-10-04T14:17:14.368+0300: 1035.270: Application time: 0.4401385 seconds
2024-10-04T14:17:14.368+0300: 1035.270: [GC (Allocation Failure) [PSYoungGen: 191415K->8678K(193024K)] 578002K->397459K(602624K), 0.0022601 secs] [Times: user=0.00 sys=0.00, real=0.00 secs] 
2024-10-04T14:17:14.368+0300: 1035.272: Total time for which application threads were stopped: 0.0025720 seconds, Stopping threads took: 0.0001849 seconds
2024-10-04T14:17:14.761+0300: 1035.671: Application time: 0.3989440 seconds
2024-10-04T14:17:14.792+0300: 1035.688: [GC (Allocation Failure) [PSYoungGen: 189402K->7317K(192000K)] 578183K->396858K(601600K), 0.0030321 secs] [Times: user=0.00 sys=0.00, real=0.00 secs] 
2024-10-04T14:17:14.792+0300: 1035.692: Total time for which application threads were stopped: 0.0204170 seconds, Stopping threads took: 0.0171514 seconds
2024-10-04T14:17:15.435+0300: 1036.338: Application time: 0.6462058 seconds
2024-10-04T14:17:15.451+0300: 1036.347: [GC (Allocation Failure) [PSYoungGen: 186884K->10880K(192512K)] 576425K->400461K(602112K), 0.0030993 secs] [Times: user=0.00 sys=0.00, real=0.00 secs] 
2024-10-04T14:17:15.452+0300: 1036.351: Total time for which application threads were stopped: 0.0129059 seconds, Stopping threads took: 0.0096023 seconds
2024-10-04T14:17:15.828+0300: 1036.734: Application time: 0.3836235 seconds
2024-10-04T14:17:15.828+0300: 1036.735: [GC (Allocation Failure) [PSYoungGen: 190941K->8678K(192512K)] 580522K->401862K(602112K), 0.0025991 secs] [Times: user=0.00 sys=0.00, real=0.00 secs] 
2024-10-04T14:17:15.828+0300: 1036.737: Total time for which application threads were stopped: 0.0029779 seconds, Stopping threads took: 0.0002130 seconds
2024-10-04T14:17:16.032+0300: 1036.943: Application time: 0.2059898 seconds
2024-10-04T14:17:16.048+0300: 1036.944: [GC (Allocation Failure) [PSYoungGen: 188901K->10231K(192512K)] 582085K->404167K(602112K), 0.0022695 secs] [Times: user=0.00 sys=0.00, real=0.00 secs] 
2024-10-04T14:17:16.048+0300: 1036.946: Total time for which application threads were stopped: 0.0032515 seconds, Stopping threads took: 0.0008338 seconds
2024-10-04T14:17:16.236+0300: 1037.134: Application time: 0.1876991 seconds
2024-10-04T14:17:16.236+0300: 1037.134: [GC (Allocation Failure) [PSYoungGen: 189792K->9390K(192512K)] 583728K->404876K(602112K), 0.0022497 secs] [Times: user=0.00 sys=0.00, real=0.00 secs] 
2024-10-04T14:17:16.236+0300: 1037.137: Total time for which application threads were stopped: 0.0025591 seconds, Stopping threads took: 0.0001790 seconds
2024-10-04T14:17:16.654+0300: 1037.555: Application time: 0.4179180 seconds
2024-10-04T14:17:16.654+0300: 1037.555: [GC (Allocation Failure) [PSYoungGen: 189266K->9454K(192512K)] 584751K->406373K(602112K), 0.0024851 secs] [Times: user=0.00 sys=0.00, real=0.01 secs] 
2024-10-04T14:17:16.660+0300: 1037.558: Total time for which application threads were stopped: 0.0028588 seconds, Stopping threads took: 0.0001969 seconds
2024-10-04T14:17:17.100+0300: 1038.009: Application time: 0.4509720 seconds
2024-10-04T14:17:17.100+0300: 1038.009: [GC (Allocation Failure) [PSYoungGen: 189374K->8678K(193024K)] 586293K->407070K(602624K), 0.0023374 secs] [Times: user=0.00 sys=0.00, real=0.00 secs] 
2024-10-04T14:17:17.115+0300: 1038.011: Total time for which application threads were stopped: 0.0026821 seconds, Stopping threads took: 0.0001799 seconds
2024-10-04T14:17:17.712+0300: 1038.614: Application time: 0.6026327 seconds
2024-10-04T14:17:17.712+0300: 1038.614: [GC (Allocation Failure) [PSYoungGen: 189368K->10135K(193024K)] 587760K->410713K(602624K), 0.0026588 secs] [Times: user=0.00 sys=0.00, real=0.00 secs] 
2024-10-04T14:17:17.712+0300: 1038.617: Total time for which application threads were stopped: 0.0031538 seconds, Stopping threads took: 0.0002694 seconds
2024-10-04T14:17:18.167+0300: 1039.067: Application time: 0.4502866 seconds
2024-10-04T14:17:18.167+0300: 1039.068: [GC (Allocation Failure) [PSYoungGen: 191136K->8678K(193024K)] 591713K->410040K(602624K), 0.0023745 secs] [Times: user=0.00 sys=0.00, real=0.00 secs] 
2024-10-04T14:17:18.167+0300: 1039.070: Total time for which application threads were stopped: 0.0027557 seconds, Stopping threads took: 0.0001997 seconds
2024-10-04T14:17:18.245+0300: 1039.144: Application time: 0.0742589 seconds
2024-10-04T14:17:18.245+0300: 1039.145: [GC (Allocation Failure) [PSYoungGen: 189414K->9422K(193024K)] 590775K->411545K(602624K), 0.0022132 secs] [Times: user=0.00 sys=0.00, real=0.00 secs] 
2024-10-04T14:17:18.245+0300: 1039.147: Total time for which application threads were stopped: 0.0026036 seconds, Stopping threads took: 0.0002208 seconds
2024-10-04T14:17:18.637+0300: 1039.546: Application time: 0.3993566 seconds
2024-10-04T14:17:18.637+0300: 1039.546: [GC (Allocation Failure) [PSYoungGen: 190037K->9390K(193536K)] 592159K->412994K(603136K), 0.0022867 secs] [Times: user=0.00 sys=0.00, real=0.00 secs] 
2024-10-04T14:17:18.637+0300: 1039.549: Total time for which application threads were stopped: 0.0026418 seconds, Stopping threads took: 0.0001512 seconds
2024-10-04T14:17:19.014+0300: 1039.922: Application time: 0.3730894 seconds
2024-10-04T14:17:19.014+0300: 1039.922: [GC (Allocation Failure) [PSYoungGen: 190747K->8774K(193024K)] 594351K->413842K(602624K), 0.0022330 secs] [Times: user=0.00 sys=0.00, real=0.00 secs] 
2024-10-04T14:17:19.014+0300: 1039.924: Total time for which application threads were stopped: 0.0024811 seconds, Stopping threads took: 0.0001101 seconds
2024-10-04T14:17:19.444+0300: 1040.340: Application time: 0.4155213 seconds
2024-10-04T14:17:19.444+0300: 1040.340: [GC (Allocation Failure) [PSYoungGen: 190181K->10103K(193536K)] 595249K->416645K(603136K), 0.0024294 secs] [Times: user=0.00 sys=0.00, real=0.00 secs] 
2024-10-04T14:17:19.444+0300: 1040.343: Total time for which application threads were stopped: 0.0027217 seconds, Stopping threads took: 0.0001509 seconds
2024-10-04T14:17:19.846+0300: 1040.751: Application time: 0.4083021 seconds
2024-10-04T14:17:19.846+0300: 1040.751: [GC (Allocation Failure) [PSYoungGen: 192294K->9455K(193536K)] 598836K->418174K(603136K), 0.0025475 secs] [Times: user=0.02 sys=0.00, real=0.00 secs] 
2024-10-04T14:17:19.846+0300: 1040.754: [Full GC (Ergonomics) [PSYoungGen: 9455K->0K(193536K)] [ParOldGen: 408719K->18457K(409600K)] 418174K->18457K(603136K), [Metaspace: 8301K->8301K(1056768K)], 0.0080591 secs] [Times: user=0.00 sys=0.00, real=0.02 secs] 
2024-10-04T14:17:19.862+0300: 1040.762: Total time for which application threads were stopped: 0.0110966 seconds, Stopping threads took: 0.0002441 seconds
2024-10-04T14:17:20.380+0300: 1041.281: Application time: 0.5191229 seconds
2024-10-04T14:17:20.380+0300: 1041.282: [GC (Allocation Failure) [PSYoungGen: 182198K->10167K(193536K)] 200655K->28625K(603136K), 0.0019798 secs] [Times: user=0.00 sys=0.00, real=0.00 secs] 
2024-10-04T14:17:20.380+0300: 1041.284: Total time for which application threads were stopped: 0.0023609 seconds, Stopping threads took: 0.0002251 seconds
2024-10-04T14:17:20.631+0300: 1041.540: Application time: 0.2567913 seconds
2024-10-04T14:17:20.631+0300: 1041.541: [GC (Allocation Failure) [PSYoungGen: 192312K->10103K(193536K)] 210770K->30050K(603136K), 0.0021840 secs] [Times: user=0.00 sys=0.00, real=0.02 secs] 
2024-10-04T14:17:20.647+0300: 1041.543: Total time for which application threads were stopped: 0.0024888 seconds, Stopping threads took: 0.0001288 seconds
2024-10-04T14:17:20.991+0300: 1041.895: Application time: 0.3516606 seconds
2024-10-04T14:17:20.991+0300: 1041.895: [GC (Allocation Failure) [PSYoungGen: 192191K->9455K(193536K)] 212138K->31579K(603136K), 0.0022152 secs] [Times: user=0.02 sys=0.00, real=0.00 secs] 
2024-10-04T14:17:20.991+0300: 1041.897: Total time for which application threads were stopped: 0.0025258 seconds, Stopping threads took: 0.0001675 seconds
2024-10-04T14:17:21.446+0300: 1042.343: Application time: 0.4456251 seconds
2024-10-04T14:17:21.446+0300: 1042.343: [GC (Allocation Failure) [PSYoungGen: 191568K->8678K(193536K)] 213692K->32283K(603136K), 0.0018621 secs] [Times: user=0.00 sys=0.00, real=0.00 secs] 
2024-10-04T14:17:21.446+0300: 1042.345: Total time for which application threads were stopped: 0.0021663 seconds, Stopping threads took: 0.0001663 seconds
2024-10-04T14:17:21.823+0300: 1042.726: Application time: 0.3814154 seconds
2024-10-04T14:17:21.823+0300: 1042.727: [GC (Allocation Failure) [PSYoungGen: 190863K->8710K(193536K)] 214469K->33788K(603136K), 0.0019021 secs] [Times: user=0.00 sys=0.00, real=0.00 secs] 
2024-10-04T14:17:21.823+0300: 1042.729: Total time for which application threads were stopped: 0.0022448 seconds, Stopping threads took: 0.0001929 seconds
2024-10-04T14:17:22.215+0300: 1043.112: Application time: 0.3839362 seconds
2024-10-04T14:17:22.215+0300: 1043.113: [GC (Allocation Failure) [PSYoungGen: 190872K->9487K(193536K)] 215950K->36030K(603136K), 0.0018996 secs] [Times: user=0.00 sys=0.00, real=0.00 secs] 
2024-10-04T14:17:22.218+0300: 1043.115: Total time for which application threads were stopped: 0.0022744 seconds, Stopping threads took: 0.0002442 seconds
2024-10-04T14:17:22.639+0300: 1043.549: Application time: 0.4344007 seconds
2024-10-04T14:17:22.639+0300: 1043.549: [GC (Allocation Failure) [PSYoungGen: 191634K->8742K(193536K)] 218178K->36759K(603136K), 0.0020034 secs] [Times: user=0.00 sys=0.00, real=0.02 secs] 
2024-10-04T14:17:22.655+0300: 1043.552: Total time for which application threads were stopped: 0.0023709 seconds, Stopping threads took: 0.0002001 seconds
2024-10-04T14:17:23.032+0300: 1043.934: Application time: 0.3828292 seconds
2024-10-04T14:17:23.032+0300: 1043.935: [GC (Allocation Failure) [PSYoungGen: 190844K->9391K(193536K)] 218861K->38880K(603136K), 0.0018554 secs] [Times: user=0.00 sys=0.00, real=0.00 secs] 
2024-10-04T14:17:23.032+0300: 1043.937: Total time for which application threads were stopped: 0.0021367 seconds, Stopping threads took: 0.0001212 seconds
2024-10-04T14:17:23.393+0300: 1044.301: Application time: 0.3640262 seconds
2024-10-04T14:17:23.393+0300: 1044.301: [GC (Allocation Failure) [PSYoungGen: 191505K->8710K(194048K)] 220995K->40393K(603648K), 0.0020974 secs] [Times: user=0.00 sys=0.00, real=0.00 secs] 
2024-10-04T14:17:23.393+0300: 1044.303: Total time for which application threads were stopped: 0.0024306 seconds, Stopping threads took: 0.0001871 seconds
2024-10-04T14:17:23.801+0300: 1044.702: Application time: 0.3992233 seconds
2024-10-04T14:17:23.801+0300: 1044.702: [GC (Allocation Failure) [PSYoungGen: 191321K->8061K(194048K)] 223004K->40513K(603648K), 0.0016421 secs] [Times: user=0.00 sys=0.00, real=0.00 secs] 
2024-10-04T14:17:23.801+0300: 1044.704: Total time for which application threads were stopped: 0.0019285 seconds, Stopping threads took: 0.0001460 seconds
2024-10-04T14:17:24.021+0300: 1044.924: Application time: 0.2197142 seconds
2024-10-04T14:17:24.021+0300: 1044.924: [GC (Allocation Failure) [PSYoungGen: 191022K->10071K(193024K)] 223474K->44040K(602624K), 0.0023293 secs] [Times: user=0.02 sys=0.00, real=0.00 secs] 
2024-10-04T14:17:24.021+0300: 1044.927: Total time for which application threads were stopped: 0.0026869 seconds, Stopping threads took: 0.0002039 seconds
2024-10-04T14:17:24.539+0300: 1045.445: Application time: 0.5185752 seconds
2024-10-04T14:17:24.539+0300: 1045.445: [GC (Allocation Failure) [PSYoungGen: 191818K->9454K(193536K)] 225787K->44896K(603136K), 0.0021204 secs] [Times: user=0.00 sys=0.00, real=0.00 secs] 
2024-10-04T14:17:24.539+0300: 1045.448: Total time for which application threads were stopped: 0.0024264 seconds, Stopping threads took: 0.0001676 seconds
2024-10-04T14:17:24.916+0300: 1045.823: Application time: 0.3750771 seconds
2024-10-04T14:17:24.916+0300: 1045.823: [GC (Allocation Failure) [PSYoungGen: 191726K->9455K(193536K)] 227168K->46345K(603136K), 0.0020165 secs] [Times: user=0.00 sys=0.00, real=0.00 secs] 
2024-10-04T14:17:24.916+0300: 1045.825: Total time for which application threads were stopped: 0.0024072 seconds, Stopping threads took: 0.0002195 seconds
2024-10-04T14:17:25.292+0300: 1046.189: Application time: 0.3643545 seconds
2024-10-04T14:17:25.292+0300: 1046.190: [GC (Allocation Failure) [PSYoungGen: 191196K->9423K(193536K)] 228087K->48535K(603136K), 0.0020622 secs] [Times: user=0.00 sys=0.00, real=0.00 secs] 
2024-10-04T14:17:25.292+0300: 1046.192: Total time for which application threads were stopped: 0.0023948 seconds, Stopping threads took: 0.0001992 seconds
2024-10-04T14:17:25.684+0300: 1046.588: Application time: 0.3966700 seconds
2024-10-04T14:17:25.684+0300: 1046.589: [GC (Allocation Failure) [PSYoungGen: 191555K->8742K(194048K)] 230667K->49296K(603648K), 0.0018708 secs] [Times: user=0.00 sys=0.00, real=0.00 secs] 
2024-10-04T14:17:25.684+0300: 1046.591: Total time for which application threads were stopped: 0.0022097 seconds, Stopping threads took: 0.0001819 seconds
2024-10-04T14:17:25.904+0300: 1046.807: Application time: 0.2163083 seconds
2024-10-04T14:17:25.904+0300: 1046.807: [GC (Allocation Failure) [PSYoungGen: 191394K->10167K(193536K)] 231948K->51481K(603136K), 0.0020353 secs] [Times: user=0.00 sys=0.00, real=0.00 secs] 
2024-10-04T14:17:25.904+0300: 1046.809: Total time for which application threads were stopped: 0.0023989 seconds, Stopping threads took: 0.0002023 seconds
2024-10-04T14:17:26.139+0300: 1047.048: Application time: 0.2390968 seconds
2024-10-04T14:17:26.139+0300: 1047.049: [GC (Allocation Failure) [PSYoungGen: 193027K->10071K(193536K)] 234341K->52902K(603136K), 0.0022511 secs] [Times: user=0.02 sys=0.00, real=0.02 secs] 
2024-10-04T14:17:26.154+0300: 1047.051: Total time for which application threads were stopped: 0.0026401 seconds, Stopping threads took: 0.0002293 seconds
2024-10-04T14:17:26.892+0300: 1047.799: Application time: 0.7482463 seconds
2024-10-04T14:17:26.892+0300: 1047.800: [GC (Allocation Failure) [PSYoungGen: 191807K->9455K(193536K)] 234638K->53759K(603136K), 0.0020744 secs] [Times: user=0.00 sys=0.00, real=0.00 secs] 
2024-10-04T14:17:26.892+0300: 1047.802: Total time for which application threads were stopped: 0.0024965 seconds, Stopping threads took: 0.0002624 seconds
2024-10-04T14:17:27.175+0300: 1048.073: Application time: 0.2711125 seconds
2024-10-04T14:17:27.175+0300: 1048.073: [GC (Allocation Failure) [PSYoungGen: 191429K->10911K(193536K)] 235734K->55936K(603136K), 0.0021439 secs] [Times: user=0.00 sys=0.00, real=0.00 secs] 
2024-10-04T14:17:27.175+0300: 1048.075: Total time for which application threads were stopped: 0.0024966 seconds, Stopping threads took: 0.0002078 seconds
2024-10-04T14:17:27.504+0300: 1048.413: Application time: 0.3372172 seconds
2024-10-04T14:17:27.504+0300: 1048.413: [GC (Allocation Failure) [PSYoungGen: 193123K->9455K(193536K)] 238148K->57418K(603136K), 0.0023044 secs] [Times: user=0.00 sys=0.00, real=0.00 secs] 
2024-10-04T14:17:27.504+0300: 1048.415: Total time for which application threads were stopped: 0.0026746 seconds, Stopping threads took: 0.0002352 seconds
2024-10-04T14:17:28.006+0300: 1048.915: Application time: 0.4996238 seconds
2024-10-04T14:17:28.006+0300: 1048.915: [GC (Allocation Failure) [PSYoungGen: 191283K->8029K(193536K)] 239246K->56753K(603136K), 0.0016289 secs] [Times: user=0.00 sys=0.00, real=0.00 secs] 
2024-10-04T14:17:28.006+0300: 1048.917: Total time for which application threads were stopped: 0.0018790 seconds, Stopping threads took: 0.0001219 seconds
2024-10-04T14:17:28.176+0300: 1049.073: Application time: 0.1559808 seconds
2024-10-04T14:17:28.176+0300: 1049.073: [GC (Allocation Failure) [PSYoungGen: 189931K->10151K(192512K)] 238655K->59611K(602112K), 0.0020891 secs] [Times: user=0.02 sys=0.00, real=0.00 secs] 
2024-10-04T14:17:28.179+0300: 1049.075: Total time for which application threads were stopped: 0.0024052 seconds, Stopping threads took: 0.0001574 seconds
2024-10-04T14:17:28.445+0300: 1049.357: Application time: 0.2814607 seconds
2024-10-04T14:17:28.445+0300: 1049.357: [GC (Allocation Failure) [PSYoungGen: 192315K->10071K(193024K)] 241775K->61040K(602624K), 0.0021672 secs] [Times: user=0.02 sys=0.00, real=0.02 secs] 
2024-10-04T14:17:28.461+0300: 1049.359: Total time for which application threads were stopped: 0.0024630 seconds, Stopping threads took: 0.0001496 seconds
2024-10-04T14:17:29.088+0300: 1049.998: Application time: 0.6386789 seconds
2024-10-04T14:17:29.088+0300: 1049.998: [GC (Allocation Failure) [PSYoungGen: 190718K->9486K(193024K)] 241688K->62633K(602624K), 0.0023274 secs] [Times: user=0.02 sys=0.00, real=0.02 secs] 
2024-10-04T14:17:29.104+0300: 1050.001: Total time for which application threads were stopped: 0.0027218 seconds, Stopping threads took: 0.0002320 seconds
2024-10-04T14:17:29.355+0300: 1050.256: Application time: 0.2552201 seconds
2024-10-04T14:17:29.355+0300: 1050.256: [GC (Allocation Failure) [PSYoungGen: 190269K->10880K(192512K)] 243416K->64779K(602112K), 0.0021020 secs] [Times: user=0.00 sys=0.00, real=0.00 secs] 
2024-10-04T14:17:29.355+0300: 1050.258: Total time for which application threads were stopped: 0.0025671 seconds, Stopping threads took: 0.0003221 seconds
2024-10-04T14:17:29.685+0300: 1050.590: Application time: 0.3319748 seconds
2024-10-04T14:17:29.685+0300: 1050.591: [GC (Allocation Failure) [PSYoungGen: 191588K->9455K(193024K)] 245487K->66260K(602624K), 0.0023027 secs] [Times: user=0.00 sys=0.00, real=0.00 secs] 
2024-10-04T14:17:29.685+0300: 1050.593: Total time for which application threads were stopped: 0.0026253 seconds, Stopping threads took: 0.0001138 seconds
2024-10-04T14:17:30.235+0300: 1051.136: Application time: 0.5429182 seconds
2024-10-04T14:17:30.235+0300: 1051.136: [GC (Allocation Failure) [PSYoungGen: 190140K->10167K(193024K)] 246946K->67733K(602624K), 0.0021696 secs] [Times: user=0.00 sys=0.00, real=0.00 secs] 
2024-10-04T14:17:30.235+0300: 1051.138: Total time for which application threads were stopped: 0.0025380 seconds, Stopping threads took: 0.0002281 seconds
2024-10-04T14:17:30.282+0300: 1051.183: Application time: 0.0442176 seconds
2024-10-04T14:17:30.282+0300: 1051.183: [GC (Allocation Failure) [PSYoungGen: 190720K->8678K(193024K)] 248286K->67741K(602624K), 0.0021532 secs] [Times: user=0.00 sys=0.00, real=0.00 secs] 
2024-10-04T14:17:30.282+0300: 1051.185: Total time for which application threads were stopped: 0.0025753 seconds, Stopping threads took: 0.0002816 seconds
2024-10-04T14:17:30.681+0300: 1051.581: Application time: 0.3956164 seconds
2024-10-04T14:17:30.681+0300: 1051.581: [GC (Allocation Failure) [PSYoungGen: 189690K->10135K(193024K)] 248753K->70003K(602624K), 0.0022248 secs] [Times: user=0.00 sys=0.00, real=0.00 secs] 
2024-10-04T14:17:30.681+0300: 1051.583: Total time for which application threads were stopped: 0.0025568 seconds, Stopping threads took: 0.0001529 seconds
2024-10-04T14:17:31.208+0300: 1052.109: Application time: 0.5260242 seconds
2024-10-04T14:17:31.208+0300: 1052.110: [GC (Allocation Failure) [PSYoungGen: 190808K->9487K(193024K)] 250676K->71500K(602624K), 0.0022203 secs] [Times: user=0.02 sys=0.00, real=0.00 secs] 
2024-10-04T14:17:31.208+0300: 1052.112: Total time for which application threads were stopped: 0.0026390 seconds, Stopping threads took: 0.0002317 seconds
2024-10-04T14:17:31.482+0300: 1052.383: Application time: 0.2708158 seconds
2024-10-04T14:17:31.482+0300: 1052.383: [GC (Allocation Failure) [PSYoungGen: 190267K->10880K(192512K)] 252280K->73653K(602112K), 0.0021987 secs] [Times: user=0.00 sys=0.00, real=0.00 secs] 
2024-10-04T14:17:31.482+0300: 1052.385: Total time for which application threads were stopped: 0.0024627 seconds, Stopping threads took: 0.0001298 seconds
2024-10-04T14:17:31.741+0300: 1052.650: Application time: 0.2644198 seconds
2024-10-04T14:17:31.741+0300: 1052.650: [GC (Allocation Failure) [PSYoungGen: 191603K->9359K(193024K)] 254377K->75046K(602624K), 0.0022929 secs] [Times: user=0.00 sys=0.00, real=0.00 secs] 
2024-10-04T14:17:31.741+0300: 1052.652: Total time for which application threads were stopped: 0.0025984 seconds, Stopping threads took: 0.0001427 seconds
2024-10-04T14:17:32.354+0300: 1053.256: Application time: 0.6038877 seconds
2024-10-04T14:17:32.354+0300: 1053.257: [GC (Allocation Failure) [PSYoungGen: 190078K->8742K(193024K)] 255765K->75911K(602624K), 0.0018733 secs] [Times: user=0.00 sys=0.00, real=0.00 secs] 
2024-10-04T14:17:32.354+0300: 1053.259: Total time for which application threads were stopped: 0.0022145 seconds, Stopping threads took: 0.0002122 seconds
2024-10-04T14:17:32.401+0300: 1053.307: Application time: 0.0483714 seconds
2024-10-04T14:17:32.401+0300: 1053.307: [GC (Allocation Failure) [PSYoungGen: 189301K->8710K(193024K)] 256470K->76663K(602624K), 0.0019350 secs] [Times: user=0.00 sys=0.00, real=0.00 secs] 
2024-10-04T14:17:32.401+0300: 1053.309: Total time for which application threads were stopped: 0.0022276 seconds, Stopping threads took: 0.0001672 seconds
2024-10-04T14:17:32.903+0300: 1053.804: Application time: 0.4952905 seconds
2024-10-04T14:17:32.903+0300: 1053.805: [GC (Allocation Failure) [PSYoungGen: 189720K->10880K(193024K)] 257673K->79622K(602624K), 0.0023172 secs] [Times: user=0.00 sys=0.00, real=0.00 secs] 
2024-10-04T14:17:32.903+0300: 1053.807: Total time for which application threads were stopped: 0.0026484 seconds, Stopping threads took: 0.0001781 seconds
2024-10-04T14:17:33.531+0300: 1054.438: Application time: 0.6307322 seconds
2024-10-04T14:17:33.531+0300: 1054.438: [GC (Allocation Failure) [PSYoungGen: 191583K->9391K(193024K)] 260325K->80294K(602624K), 0.0022031 secs] [Times: user=0.00 sys=0.00, real=0.00 secs] 
2024-10-04T14:17:33.531+0300: 1054.440: Total time for which application threads were stopped: 0.0025679 seconds, Stopping threads took: 0.0002117 seconds
2024-10-04T14:17:33.766+0300: 1054.676: Application time: 0.2358675 seconds
2024-10-04T14:17:33.766+0300: 1054.677: [GC (Allocation Failure) [PSYoungGen: 190196K->10848K(192000K)] 261099K->82512K(601600K), 0.0022315 secs] [Times: user=0.02 sys=0.00, real=0.02 secs] 
2024-10-04T14:17:33.782+0300: 1054.679: Total time for which application threads were stopped: 0.0026033 seconds, Stopping threads took: 0.0002254 seconds
2024-10-04T14:17:34.087+0300: 1054.986: Application time: 0.3068816 seconds
2024-10-04T14:17:34.087+0300: 1054.986: [GC (Allocation Failure) [PSYoungGen: 190777K->9359K(192512K)] 262441K->83224K(602112K), 0.0022110 secs] [Times: user=0.00 sys=0.00, real=0.00 secs] 
2024-10-04T14:17:34.087+0300: 1054.988: Total time for which application threads were stopped: 0.0025357 seconds, Stopping threads took: 0.0001714 seconds
2024-10-04T14:17:34.488+0300: 1055.399: Application time: 0.4106324 seconds
2024-10-04T14:17:34.488+0300: 1055.399: [GC (Allocation Failure) [PSYoungGen: 189382K->8742K(193024K)] 263248K->84081K(602624K), 0.0020383 secs] [Times: user=0.01 sys=0.00, real=0.02 secs] 
2024-10-04T14:17:34.503+0300: 1055.401: Total time for which application threads were stopped: 0.0024197 seconds, Stopping threads took: 0.0002279 seconds
2024-10-04T14:17:34.645+0300: 1055.552: Application time: 0.1511683 seconds
2024-10-04T14:17:34.645+0300: 1055.553: [GC (Allocation Failure) [PSYoungGen: 189867K->10199K(193024K)] 265205K->85586K(602624K), 0.0020250 secs] [Times: user=0.00 sys=0.00, real=0.00 secs] 
2024-10-04T14:17:34.645+0300: 1055.555: Total time for which application threads were stopped: 0.0024415 seconds, Stopping threads took: 0.0002128 seconds
2024-10-04T14:17:35.257+0300: 1056.155: Application time: 0.6002975 seconds
2024-10-04T14:17:35.257+0300: 1056.155: [GC (Allocation Failure) [PSYoungGen: 191222K->10167K(193024K)] 266609K->87771K(602624K), 0.0023107 secs] [Times: user=0.00 sys=0.00, real=0.00 secs] 
2024-10-04T14:17:35.257+0300: 1056.158: Total time for which application threads were stopped: 0.0025799 seconds, Stopping threads took: 0.0001299 seconds
2024-10-04T14:17:35.602+0300: 1056.514: Application time: 0.3561767 seconds
2024-10-04T14:17:35.618+0300: 1056.514: [GC (Allocation Failure) [PSYoungGen: 190915K->7189K(188928K)] 268520K->86963K(598528K), 0.0020636 secs] [Times: user=0.00 sys=0.00, real=0.00 secs] 
2024-10-04T14:17:35.618+0300: 1056.517: Total time for which application threads were stopped: 0.0025313 seconds, Stopping threads took: 0.0003024 seconds
2024-10-04T14:17:35.947+0300: 1056.844: Application time: 0.3271949 seconds
2024-10-04T14:17:35.947+0300: 1056.844: [GC (Allocation Failure) [PSYoungGen: 187919K->10880K(192512K)] 267693K->91414K(602112K), 0.0021567 secs] [Times: user=0.00 sys=0.00, real=0.00 secs] 
2024-10-04T14:17:35.947+0300: 1056.846: Total time for which application threads were stopped: 0.0024785 seconds, Stopping threads took: 0.0001812 seconds
2024-10-04T14:17:36.308+0300: 1057.207: Application time: 0.3603594 seconds
2024-10-04T14:17:36.308+0300: 1057.207: [GC (Allocation Failure) [PSYoungGen: 190828K->8774K(192512K)] 271362K->92199K(602112K), 0.0021724 secs] [Times: user=0.00 sys=0.00, real=0.00 secs] 
2024-10-04T14:17:36.308+0300: 1057.209: Total time for which application threads were stopped: 0.0026349 seconds, Stopping threads took: 0.0002651 seconds
2024-10-04T14:17:36.692+0300: 1057.591: Application time: 0.3817482 seconds
2024-10-04T14:17:36.692+0300: 1057.591: [GC (Allocation Failure) [PSYoungGen: 188542K->8710K(192512K)] 271966K->92911K(602112K), 0.0019680 secs] [Times: user=0.00 sys=0.00, real=0.00 secs] 
2024-10-04T14:17:36.692+0300: 1057.593: Total time for which application threads were stopped: 0.0022958 seconds, Stopping threads took: 0.0001410 seconds
2024-10-04T14:17:36.873+0300: 1057.776: Application time: 0.1826269 seconds
2024-10-04T14:17:36.873+0300: 1057.776: [GC (Allocation Failure) [PSYoungGen: 188644K->7965K(192512K)] 272845K->92971K(602112K), 0.0018140 secs] [Times: user=0.00 sys=0.00, real=0.00 secs] 
2024-10-04T14:17:36.873+0300: 1057.778: Total time for which application threads were stopped: 0.0022190 seconds, Stopping threads took: 0.0002489 seconds
2024-10-04T14:17:37.454+0300: 1058.365: Application time: 0.5868404 seconds
2024-10-04T14:17:37.454+0300: 1058.365: [GC (Allocation Failure) [PSYoungGen: 187524K->10880K(192512K)] 272530K->96646K(602112K), 0.0022387 secs] [Times: user=0.00 sys=0.00, real=0.02 secs] 
2024-10-04T14:17:37.469+0300: 1058.368: Total time for which application threads were stopped: 0.0025362 seconds, Stopping threads took: 0.0001419 seconds
2024-10-04T14:17:37.894+0300: 1058.802: Application time: 0.4343280 seconds
2024-10-04T14:17:37.894+0300: 1058.802: [GC (Allocation Failure) [PSYoungGen: 190931K->10135K(192512K)] 276698K->98079K(602112K), 0.0022528 secs] [Times: user=0.00 sys=0.00, real=0.00 secs] 
2024-10-04T14:17:37.894+0300: 1058.804: Total time for which application threads were stopped: 0.0025374 seconds, Stopping threads took: 0.0001148 seconds
2024-10-04T14:17:38.191+0300: 1059.090: Application time: 0.2857293 seconds
2024-10-04T14:17:38.191+0300: 1059.090: [GC (Allocation Failure) [PSYoungGen: 190079K->10103K(192512K)] 278023K->99528K(602112K), 0.0021266 secs] [Times: user=0.02 sys=0.00, real=0.00 secs] 
2024-10-04T14:17:38.195+0300: 1059.093: Total time for which application threads were stopped: 0.0024255 seconds, Stopping threads took: 0.0001519 seconds
2024-10-04T14:17:38.568+0300: 1059.466: Application time: 0.3732057 seconds
2024-10-04T14:17:38.568+0300: 1059.466: [GC (Allocation Failure) [PSYoungGen: 190052K->8678K(192512K)] 279477K->100296K(602112K), 0.0019728 secs] [Times: user=0.00 sys=0.00, real=0.00 secs] 
2024-10-04T14:17:38.568+0300: 1059.468: Total time for which application threads were stopped: 0.0022039 seconds, Stopping threads took: 0.0000730 seconds
2024-10-04T14:17:38.804+0300: 1059.707: Application time: 0.2389054 seconds
2024-10-04T14:17:38.804+0300: 1059.707: [GC (Allocation Failure) [PSYoungGen: 188385K->8678K(192512K)] 280003K->101073K(602112K), 0.0018788 secs] [Times: user=0.00 sys=0.00, real=0.00 secs] 
2024-10-04T14:17:38.804+0300: 1059.709: Total time for which application threads were stopped: 0.0022190 seconds, Stopping threads took: 0.0002026 seconds
2024-10-04T14:17:39.118+0300: 1060.026: Application time: 0.3172465 seconds
2024-10-04T14:17:39.118+0300: 1060.027: [GC (Allocation Failure) [PSYoungGen: 188589K->10911K(192512K)] 280984K->103382K(602112K), 0.0020916 secs] [Times: user=0.00 sys=0.00, real=0.00 secs] 
2024-10-04T14:17:39.118+0300: 1060.029: Total time for which application threads were stopped: 0.0024296 seconds, Stopping threads took: 0.0001875 seconds
2024-10-04T14:17:39.761+0300: 1060.669: Application time: 0.6401324 seconds
2024-10-04T14:17:39.761+0300: 1060.669: [GC (Allocation Failure) [PSYoungGen: 190501K->9455K(192512K)] 282972K->104824K(602112K), 0.0023229 secs] [Times: user=0.00 sys=0.00, real=0.00 secs] 
2024-10-04T14:17:39.761+0300: 1060.672: Total time for which application threads were stopped: 0.0026817 seconds, Stopping threads took: 0.0002025 seconds
2024-10-04T14:17:40.122+0300: 1061.031: Application time: 0.3597037 seconds
2024-10-04T14:17:40.122+0300: 1061.032: [GC (Allocation Failure) [PSYoungGen: 189453K->10135K(192512K)] 284822K->106945K(602112K), 0.0020317 secs] [Times: user=0.00 sys=0.00, real=0.00 secs] 
2024-10-04T14:17:40.122+0300: 1061.034: Total time for which application threads were stopped: 0.0023780 seconds, Stopping threads took: 0.0002032 seconds
2024-10-04T14:17:40.452+0300: 1061.360: Application time: 0.3266507 seconds
2024-10-04T14:17:40.452+0300: 1061.361: [GC (Allocation Failure) [PSYoungGen: 190111K->10135K(192512K)] 286921K->108418K(602112K), 0.0022524 secs] [Times: user=0.00 sys=0.00, real=0.00 secs] 
2024-10-04T14:17:40.452+0300: 1061.363: Total time for which application threads were stopped: 0.0025525 seconds, Stopping threads took: 0.0001601 seconds
2024-10-04T14:17:40.845+0300: 1061.751: Application time: 0.3885386 seconds
2024-10-04T14:17:40.845+0300: 1061.752: [GC (Allocation Failure) [PSYoungGen: 190072K->8710K(192512K)] 288355K->109179K(602112K), 0.0021488 secs] [Times: user=0.00 sys=0.00, real=0.00 secs] 
2024-10-04T14:17:40.845+0300: 1061.754: Total time for which application threads were stopped: 0.0024400 seconds, Stopping threads took: 0.0001341 seconds
2024-10-04T14:17:41.002+0300: 1061.909: Application time: 0.1555014 seconds
2024-10-04T14:17:41.002+0300: 1061.910: [GC (Allocation Failure) [PSYoungGen: 188389K->8710K(192512K)] 288858K->109947K(602112K), 0.0020634 secs] [Times: user=0.00 sys=0.00, real=0.00 secs] 
2024-10-04T14:17:41.002+0300: 1061.912: Total time for which application threads were stopped: 0.0024898 seconds, Stopping threads took: 0.0002747 seconds
2024-10-04T14:17:41.362+0300: 1062.268: Application time: 0.3566034 seconds
2024-10-04T14:17:41.362+0300: 1062.269: [GC (Allocation Failure) [PSYoungGen: 188633K->10135K(192512K)] 289870K->112165K(602112K), 0.0021557 secs] [Times: user=0.00 sys=0.00, real=0.00 secs] 
2024-10-04T14:17:41.362+0300: 1062.271: Total time for which application threads were stopped: 0.0025227 seconds, Stopping threads took: 0.0002306 seconds
2024-10-04T14:17:42.006+0300: 1062.906: Application time: 0.6345412 seconds
2024-10-04T14:17:42.006+0300: 1062.906: [GC (Allocation Failure) [PSYoungGen: 189697K->10167K(192512K)] 291727K->114375K(602112K), 0.0025028 secs] [Times: user=0.00 sys=0.00, real=0.00 secs] 
2024-10-04T14:17:42.006+0300: 1062.908: Total time for which application threads were stopped: 0.0028770 seconds, Stopping threads took: 0.0001796 seconds
2024-10-04T14:17:42.492+0300: 1063.392: Application time: 0.4833993 seconds
2024-10-04T14:17:42.492+0300: 1063.392: [GC (Allocation Failure) [PSYoungGen: 189920K->10167K(192512K)] 294127K->115816K(602112K), 0.0021919 secs] [Times: user=0.00 sys=0.00, real=0.00 secs] 
2024-10-04T14:17:42.492+0300: 1063.395: Total time for which application threads were stopped: 0.0027236 seconds, Stopping threads took: 0.0003866 seconds
2024-10-04T14:17:42.649+0300: 1063.554: Application time: 0.1597828 seconds
2024-10-04T14:17:42.649+0300: 1063.555: [GC (Allocation Failure) [PSYoungGen: 190251K->10167K(193024K)] 295899K->117325K(602624K), 0.0023074 secs] [Times: user=0.00 sys=0.00, real=0.00 secs] 
2024-10-04T14:17:42.649+0300: 1063.557: Total time for which application threads were stopped: 0.0025768 seconds, Stopping threads took: 0.0001174 seconds
2024-10-04T14:17:43.026+0300: 1063.924: Application time: 0.3670404 seconds
2024-10-04T14:17:43.026+0300: 1063.924: [GC (Allocation Failure) [PSYoungGen: 190900K->9358K(192512K)] 298058K->118005K(602112K), 0.0022837 secs] [Times: user=0.00 sys=0.00, real=0.00 secs] 
2024-10-04T14:17:43.026+0300: 1063.927: Total time for which application threads were stopped: 0.0027048 seconds, Stopping threads took: 0.0001956 seconds
2024-10-04T14:17:43.182+0300: 1064.086: Application time: 0.1590198 seconds
2024-10-04T14:17:43.182+0300: 1064.086: [GC (Allocation Failure) [PSYoungGen: 190016K->9454K(193024K)] 298663K->118862K(602624K), 0.0019573 secs] [Times: user=0.00 sys=0.00, real=0.00 secs] 
2024-10-04T14:17:43.182+0300: 1064.088: Total time for which application threads were stopped: 0.0022866 seconds, Stopping threads took: 0.0002030 seconds
2024-10-04T14:17:43.512+0300: 1064.413: Application time: 0.3249671 seconds
2024-10-04T14:17:43.512+0300: 1064.413: [GC (Allocation Failure) [PSYoungGen: 190104K->9390K(193024K)] 299511K->119574K(602624K), 0.0019965 secs] [Times: user=0.00 sys=0.00, real=0.00 secs] 
2024-10-04T14:17:43.512+0300: 1064.415: Total time for which application threads were stopped: 0.0023285 seconds, Stopping threads took: 0.0002035 seconds
2024-10-04T14:17:44.202+0300: 1065.102: Application time: 0.6865826 seconds
2024-10-04T14:17:44.202+0300: 1065.102: [GC (Allocation Failure) [PSYoungGen: 190410K->11592K(192000K)] 300594K->122529K(601600K), 0.0024485 secs] [Times: user=0.00 sys=0.00, real=0.00 secs] 
2024-10-04T14:17:44.206+0300: 1065.105: Total time for which application threads were stopped: 0.0028199 seconds, Stopping threads took: 0.0001871 seconds
2024-10-04T14:17:44.688+0300: 1065.597: Application time: 0.4927885 seconds
2024-10-04T14:17:44.688+0300: 1065.598: [GC (Allocation Failure) [PSYoungGen: 191646K->9359K(192512K)] 302583K->123193K(602112K), 0.0024368 secs] [Times: user=0.00 sys=0.00, real=0.02 secs] 
2024-10-04T14:17:44.704+0300: 1065.600: Total time for which application threads were stopped: 0.0028296 seconds, Stopping threads took: 0.0002079 seconds
2024-10-04T14:17:44.814+0300: 1065.717: Application time: 0.1169940 seconds
2024-10-04T14:17:44.814+0300: 1065.718: [GC (Allocation Failure) [PSYoungGen: 189124K->10167K(193024K)] 302959K->124770K(602624K), 0.0021919 secs] [Times: user=0.00 sys=0.00, real=0.00 secs] 
2024-10-04T14:17:44.814+0300: 1065.720: Total time for which application threads were stopped: 0.0026037 seconds, Stopping threads took: 0.0001979 seconds
2024-10-04T14:17:45.190+0300: 1066.088: Application time: 0.3682199 seconds
2024-10-04T14:17:45.190+0300: 1066.088: [GC (Allocation Failure) [PSYoungGen: 190845K->9422K(193024K)] 305448K->125542K(602624K), 0.0021394 secs] [Times: user=0.00 sys=0.00, real=0.00 secs] 
2024-10-04T14:17:45.190+0300: 1066.091: Total time for which application threads were stopped: 0.0025318 seconds, Stopping threads took: 0.0002067 seconds
2024-10-04T14:17:45.379+0300: 1066.285: Application time: 0.1940030 seconds
2024-10-04T14:17:45.379+0300: 1066.285: [GC (Allocation Failure) [PSYoungGen: 190113K->7997K(193024K)] 306233K->124878K(602624K), 0.0017863 secs] [Times: user=0.00 sys=0.00, real=0.00 secs] 
2024-10-04T14:17:45.379+0300: 1066.287: Total time for which application threads were stopped: 0.0021912 seconds, Stopping threads took: 0.0002595 seconds
2024-10-04T14:17:45.818+0300: 1066.723: Application time: 0.4358911 seconds
2024-10-04T14:17:45.818+0300: 1066.723: [GC (Allocation Failure) [PSYoungGen: 188640K->9454K(193024K)] 305520K->127095K(602624K), 0.0020067 secs] [Times: user=0.00 sys=0.00, real=0.00 secs] 
2024-10-04T14:17:45.818+0300: 1066.725: Total time for which application threads were stopped: 0.0023173 seconds, Stopping threads took: 0.0001680 seconds
2024-10-04T14:17:46.477+0300: 1067.388: Application time: 0.6629482 seconds
2024-10-04T14:17:46.477+0300: 1067.388: [GC (Allocation Failure) [PSYoungGen: 190463K->11592K(192000K)] 308104K->129274K(601600K), 0.0023502 secs] [Times: user=0.02 sys=0.00, real=0.02 secs] 
2024-10-04T14:17:46.492+0300: 1067.391: Total time for which application threads were stopped: 0.0026564 seconds, Stopping threads took: 0.0001399 seconds
2024-10-04T14:17:47.012+0300: 1067.921: Application time: 0.5299843 seconds
2024-10-04T14:17:47.012+0300: 1067.921: [GC (Allocation Failure) [PSYoungGen: 191431K->8710K(192512K)] 309112K->129281K(602112K), 0.0024574 secs] [Times: user=0.02 sys=0.00, real=0.01 secs] 
2024-10-04T14:17:47.027+0300: 1067.924: Total time for which application threads were stopped: 0.0029273 seconds, Stopping threads took: 0.0003167 seconds
2024-10-04T14:17:47.073+0300: 1067.984: Application time: 0.0608517 seconds
2024-10-04T14:17:47.073+0300: 1067.985: [GC (Allocation Failure) [PSYoungGen: 188743K->9455K(192512K)] 309315K->130110K(602112K), 0.0019449 secs] [Times: user=0.02 sys=0.00, real=0.02 secs] 
2024-10-04T14:17:47.089+0300: 1067.987: Total time for which application threads were stopped: 0.0022894 seconds, Stopping threads took: 0.0001983 seconds
2024-10-04T14:17:47.293+0300: 1068.204: Application time: 0.2168611 seconds
2024-10-04T14:17:47.293+0300: 1068.204: [GC (Allocation Failure) [PSYoungGen: 189395K->9390K(192512K)] 310050K->131535K(602112K), 0.0022561 secs] [Times: user=0.02 sys=0.00, real=0.02 secs] 
2024-10-04T14:17:47.309+0300: 1068.206: Total time for which application threads were stopped: 0.0026281 seconds, Stopping threads took: 0.0002115 seconds
2024-10-04T14:17:47.653+0300: 1068.563: Application time: 0.3571558 seconds
2024-10-04T14:17:47.653+0300: 1068.564: [GC (Allocation Failure) [PSYoungGen: 189282K->9454K(193024K)] 311426K->132359K(602624K), 0.0021658 secs] [Times: user=0.02 sys=0.00, real=0.02 secs] 
2024-10-04T14:17:47.669+0300: 1068.566: Total time for which application threads were stopped: 0.0024348 seconds, Stopping threads took: 0.0001078 seconds
2024-10-04T14:17:48.140+0300: 1069.039: Application time: 0.4732402 seconds
2024-10-04T14:17:48.140+0300: 1069.039: [GC (Allocation Failure) [PSYoungGen: 190101K->7317K(193024K)] 313006K->131687K(602624K), 0.0017386 secs] [Times: user=0.00 sys=0.00, real=0.00 secs] 
2024-10-04T14:17:48.140+0300: 1069.041: Total time for which application threads were stopped: 0.0021385 seconds, Stopping threads took: 0.0002528 seconds
2024-10-04T14:17:48.799+0300: 1069.697: Application time: 0.6558958 seconds
2024-10-04T14:17:48.799+0300: 1069.697: [GC (Allocation Failure) [PSYoungGen: 188512K->11592K(192000K)] 312882K->136715K(601600K), 0.0024414 secs] [Times: user=0.03 sys=0.00, real=0.00 secs] 
2024-10-04T14:17:48.799+0300: 1069.700: Total time for which application threads were stopped: 0.0027977 seconds, Stopping threads took: 0.0001919 seconds
2024-10-04T14:17:49.176+0300: 1070.081: Application time: 0.3810213 seconds
2024-10-04T14:17:49.176+0300: 1070.081: [GC (Allocation Failure) [PSYoungGen: 191517K->8678K(192512K)] 316639K->135970K(602112K), 0.0023600 secs] [Times: user=0.00 sys=0.00, real=0.00 secs] 
2024-10-04T14:17:49.176+0300: 1070.084: Total time for which application threads were stopped: 0.0026611 seconds, Stopping threads took: 0.0001326 seconds
2024-10-04T14:17:49.333+0300: 1070.235: Application time: 0.1513209 seconds
2024-10-04T14:17:49.333+0300: 1070.236: [GC (Allocation Failure) [PSYoungGen: 188659K->9455K(192512K)] 315951K->136839K(602112K), 0.0019272 secs] [Times: user=0.00 sys=0.00, real=0.00 secs] 
2024-10-04T14:17:49.333+0300: 1070.238: Total time for which application threads were stopped: 0.0026529 seconds, Stopping threads took: 0.0005642 seconds
2024-10-04T14:17:49.522+0300: 1070.433: Application time: 0.1953015 seconds
2024-10-04T14:17:49.522+0300: 1070.433: [GC (Allocation Failure) [PSYoungGen: 189383K->9390K(192512K)] 316767K->138264K(602112K), 0.0021965 secs] [Times: user=0.01 sys=0.00, real=0.01 secs] 
2024-10-04T14:17:49.537+0300: 1070.435: Total time for which application threads were stopped: 0.0024897 seconds, Stopping threads took: 0.0001438 seconds
2024-10-04T14:17:49.866+0300: 1070.776: Application time: 0.3406960 seconds
2024-10-04T14:17:49.866+0300: 1070.776: [GC (Allocation Failure) [PSYoungGen: 188927K->8694K(193024K)] 317800K->139056K(602624K), 0.0020508 secs] [Times: user=0.03 sys=0.00, real=0.02 secs] 
2024-10-04T14:17:49.882+0300: 1070.778: Total time for which application threads were stopped: 0.0024208 seconds, Stopping threads took: 0.0001798 seconds
2024-10-04T14:17:50.384+0300: 1071.289: Application time: 0.5108430 seconds
2024-10-04T14:17:50.384+0300: 1071.290: [GC (Allocation Failure) [PSYoungGen: 189710K->10167K(193024K)] 320072K->141322K(602624K), 0.0021203 secs] [Times: user=0.00 sys=0.00, real=0.00 secs] 
2024-10-04T14:17:50.384+0300: 1071.292: Total time for which application threads were stopped: 0.0024047 seconds, Stopping threads took: 0.0001344 seconds
2024-10-04T14:17:51.042+0300: 1071.940: Application time: 0.6479422 seconds
2024-10-04T14:17:51.042+0300: 1071.940: [GC (Allocation Failure) [PSYoungGen: 191195K->10135K(193024K)] 322350K->143436K(602624K), 0.0024706 secs] [Times: user=0.00 sys=0.00, real=0.00 secs] 
2024-10-04T14:17:51.042+0300: 1071.942: Total time for which application threads were stopped: 0.0027700 seconds, Stopping threads took: 0.0001473 seconds
2024-10-04T14:17:51.420+0300: 1072.324: Application time: 0.3817111 seconds
2024-10-04T14:17:51.420+0300: 1072.324: [GC (Allocation Failure) [PSYoungGen: 190935K->7966K(193024K)] 324236K->143444K(602624K), 0.0021967 secs] [Times: user=0.00 sys=0.00, real=0.00 secs] 
2024-10-04T14:17:51.420+0300: 1072.327: Total time for which application threads were stopped: 0.0024677 seconds, Stopping threads took: 0.0000974 seconds
2024-10-04T14:17:51.497+0300: 1072.404: Application time: 0.0772847 seconds
2024-10-04T14:17:51.497+0300: 1072.404: [GC (Allocation Failure) [PSYoungGen: 189136K->8646K(193024K)] 324614K->144885K(602624K), 0.0020700 secs] [Times: user=0.02 sys=0.00, real=0.00 secs] 
2024-10-04T14:17:51.497+0300: 1072.406: Total time for which application threads were stopped: 0.0024414 seconds, Stopping threads took: 0.0001713 seconds
2024-10-04T14:17:51.763+0300: 1072.675: Application time: 0.2684141 seconds
2024-10-04T14:17:51.763+0300: 1072.675: [GC (Allocation Failure) [PSYoungGen: 189656K->10151K(193024K)] 325895K->147182K(602624K), 0.0024114 secs] [Times: user=0.03 sys=0.02, real=0.02 secs] 
2024-10-04T14:17:51.779+0300: 1072.678: Total time for which application threads were stopped: 0.0027818 seconds, Stopping threads took: 0.0002174 seconds
2024-10-04T14:17:52.077+0300: 1072.984: Application time: 0.3068339 seconds
2024-10-04T14:17:52.077+0300: 1072.985: [GC (Allocation Failure) [PSYoungGen: 190797K->9422K(193024K)] 327828K->147962K(602624K), 0.0022467 secs] [Times: user=0.00 sys=0.00, real=0.00 secs] 
2024-10-04T14:17:52.077+0300: 1072.987: Total time for which application threads were stopped: 0.0025861 seconds, Stopping threads took: 0.0001623 seconds
2024-10-04T14:17:52.642+0300: 1073.547: Application time: 0.5602115 seconds
2024-10-04T14:17:52.642+0300: 1073.547: [GC (Allocation Failure) [PSYoungGen: 190441K->10879K(192512K)] 328981K->150172K(602112K), 0.0023893 secs] [Times: user=0.00 sys=0.00, real=0.00 secs] 
2024-10-04T14:17:52.642+0300: 1073.550: Total time for which application threads were stopped: 0.0026988 seconds, Stopping threads took: 0.0001518 seconds
2024-10-04T14:17:53.333+0300: 1074.234: Application time: 0.6845641 seconds
2024-10-04T14:17:53.333+0300: 1074.235: [GC (Allocation Failure) [PSYoungGen: 191895K->9455K(193024K)] 331188K->151614K(602624K), 0.0023119 secs] [Times: user=0.00 sys=0.00, real=0.00 secs] 
2024-10-04T14:17:53.333+0300: 1074.237: Total time for which application threads were stopped: 0.0026238 seconds, Stopping threads took: 0.0001382 seconds
2024-10-04T14:17:53.537+0300: 1074.435: Application time: 0.1978413 seconds
2024-10-04T14:17:53.537+0300: 1074.435: [GC (Allocation Failure) [PSYoungGen: 190097K->8646K(192512K)] 332256K->152270K(602112K), 0.0020824 secs] [Times: user=0.00 sys=0.00, real=0.00 secs] 
2024-10-04T14:17:53.537+0300: 1074.437: Total time for which application threads were stopped: 0.0024194 seconds, Stopping threads took: 0.0001625 seconds
2024-10-04T14:17:53.772+0300: 1074.680: Application time: 0.2430187 seconds
2024-10-04T14:17:53.772+0300: 1074.681: [GC (Allocation Failure) [PSYoungGen: 189062K->9391K(193024K)] 332686K->153823K(602624K), 0.0022024 secs] [Times: user=0.00 sys=0.00, real=0.00 secs] 
2024-10-04T14:17:53.772+0300: 1074.683: Total time for which application threads were stopped: 0.0027377 seconds, Stopping threads took: 0.0003632 seconds
2024-10-04T14:17:53.929+0300: 1074.829: Application time: 0.1456301 seconds
2024-10-04T14:17:53.929+0300: 1074.829: [GC (Allocation Failure) [PSYoungGen: 190098K->10135K(193024K)] 334531K->155368K(602624K), 0.0023593 secs] [Times: user=0.00 sys=0.00, real=0.00 secs] 
2024-10-04T14:17:53.929+0300: 1074.831: Total time for which application threads were stopped: 0.0026743 seconds, Stopping threads took: 0.0001638 seconds
2024-10-04T14:17:54.463+0300: 1075.364: Application time: 0.5326157 seconds
2024-10-04T14:17:54.463+0300: 1075.364: [GC (Allocation Failure) [PSYoungGen: 190802K->9454K(193536K)] 336035K->156144K(603136K), 0.0023874 secs] [Times: user=0.00 sys=0.00, real=0.00 secs] 
2024-10-04T14:17:54.463+0300: 1075.367: Total time for which application threads were stopped: 0.0027772 seconds, Stopping threads took: 0.0002204 seconds
2024-10-04T14:17:54.933+0300: 1075.839: Application time: 0.4724391 seconds
2024-10-04T14:17:54.933+0300: 1075.840: [GC (Allocation Failure) [PSYoungGen: 191187K->10879K(193024K)] 337877K->157610K(602624K), 0.0021139 secs] [Times: user=0.00 sys=0.00, real=0.00 secs] 
2024-10-04T14:17:54.933+0300: 1075.842: Total time for which application threads were stopped: 0.0024348 seconds, Stopping threads took: 0.0001670 seconds
2024-10-04T14:17:55.546+0300: 1076.444: Application time: 0.6027829 seconds
2024-10-04T14:17:55.546+0300: 1076.445: [GC (Allocation Failure) [PSYoungGen: 192411K->9455K(193024K)] 339141K->159051K(602624K), 0.0022978 secs] [Times: user=0.00 sys=0.00, real=0.00 secs] 
2024-10-04T14:17:55.546+0300: 1076.447: Total time for which application threads were stopped: 0.0026221 seconds, Stopping threads took: 0.0001653 seconds
2024-10-04T14:17:55.624+0300: 1076.522: Application time: 0.0752108 seconds
2024-10-04T14:17:55.624+0300: 1076.523: [GC (Allocation Failure) [PSYoungGen: 190247K->9391K(193024K)] 339844K->159771K(602624K), 0.0021967 secs] [Times: user=0.00 sys=0.00, real=0.00 secs] 
2024-10-04T14:17:55.627+0300: 1076.525: Total time for which application threads were stopped: 0.0025689 seconds, Stopping threads took: 0.0001910 seconds
2024-10-04T14:17:56.017+0300: 1076.917: Application time: 0.3918905 seconds
2024-10-04T14:17:56.017+0300: 1076.917: [GC (Allocation Failure) [PSYoungGen: 190044K->7965K(193024K)] 340424K->159107K(602624K), 0.0017749 secs] [Times: user=0.00 sys=0.00, real=0.00 secs] 
2024-10-04T14:17:56.017+0300: 1076.919: Total time for which application threads were stopped: 0.0024195 seconds, Stopping threads took: 0.0004951 seconds
2024-10-04T14:17:56.174+0300: 1077.081: Application time: 0.1616957 seconds
2024-10-04T14:17:56.174+0300: 1077.081: [GC (Allocation Failure) [PSYoungGen: 188971K->10167K(193024K)] 340112K->162069K(602624K), 0.0020881 secs] [Times: user=0.00 sys=0.00, real=0.00 secs] 
2024-10-04T14:17:56.174+0300: 1077.083: Total time for which application threads were stopped: 0.0024142 seconds, Stopping threads took: 0.0001887 seconds
2024-10-04T14:17:56.692+0300: 1077.594: Application time: 0.5106522 seconds
2024-10-04T14:17:56.692+0300: 1077.594: [GC (Allocation Failure) [PSYoungGen: 190780K->10167K(193024K)] 342682K->163558K(602624K), 0.0022528 secs] [Times: user=0.00 sys=0.00, real=0.00 secs] 
2024-10-04T14:17:56.692+0300: 1077.597: Total time for which application threads were stopped: 0.0026477 seconds, Stopping threads took: 0.0001708 seconds
2024-10-04T14:17:57.256+0300: 1078.163: Application time: 0.5662892 seconds
2024-10-04T14:17:57.256+0300: 1078.163: [GC (Allocation Failure) [PSYoungGen: 191209K->10848K(192512K)] 344600K->165712K(602112K), 0.0023429 secs] [Times: user=0.00 sys=0.00, real=0.00 secs] 
2024-10-04T14:17:57.256+0300: 1078.166: Total time for which application threads were stopped: 0.0026546 seconds, Stopping threads took: 0.0001761 seconds
2024-10-04T14:17:57.633+0300: 1078.534: Application time: 0.3682075 seconds
2024-10-04T14:17:57.633+0300: 1078.534: [GC (Allocation Failure) [PSYoungGen: 191641K->8646K(193024K)] 346505K->166392K(602624K), 0.0023917 secs] [Times: user=0.00 sys=0.00, real=0.00 secs] 
2024-10-04T14:17:57.633+0300: 1078.537: Total time for which application threads were stopped: 0.0027601 seconds, Stopping threads took: 0.0001506 seconds
2024-10-04T14:17:57.947+0300: 1078.853: Application time: 0.3168305 seconds
2024-10-04T14:17:57.947+0300: 1078.854: [GC (Allocation Failure) [PSYoungGen: 189359K->10167K(192512K)] 347105K->167961K(602112K), 0.0020239 secs] [Times: user=0.00 sys=0.00, real=0.00 secs] 
2024-10-04T14:17:57.947+0300: 1078.856: Total time for which application threads were stopped: 0.0022983 seconds, Stopping threads took: 0.0000986 seconds
2024-10-04T14:17:58.386+0300: 1079.283: Application time: 0.4273790 seconds
2024-10-04T14:17:58.386+0300: 1079.283: [GC (Allocation Failure) [PSYoungGen: 190208K->8678K(193024K)] 348002K->168665K(602624K), 0.0020838 secs] [Times: user=0.00 sys=0.00, real=0.00 secs] 
2024-10-04T14:17:58.386+0300: 1079.285: Total time for which application threads were stopped: 0.0023967 seconds, Stopping threads took: 0.0001722 seconds
2024-10-04T14:17:58.527+0300: 1079.424: Application time: 0.1381727 seconds
2024-10-04T14:17:58.527+0300: 1079.424: [GC (Allocation Failure) [PSYoungGen: 189715K->9423K(193024K)] 349702K->170179K(602624K), 0.0020453 secs] [Times: user=0.00 sys=0.00, real=0.00 secs] 
2024-10-04T14:17:58.527+0300: 1079.426: Total time for which application threads were stopped: 0.0024278 seconds, Stopping threads took: 0.0002163 seconds
2024-10-04T14:17:58.951+0300: 1079.849: Application time: 0.4225832 seconds
2024-10-04T14:17:58.951+0300: 1079.849: [GC (Allocation Failure) [PSYoungGen: 190078K->10135K(193024K)] 350834K->171696K(602624K), 0.0022723 secs] [Times: user=0.00 sys=0.00, real=0.00 secs] 
2024-10-04T14:17:58.951+0300: 1079.851: Total time for which application threads were stopped: 0.0026323 seconds, Stopping threads took: 0.0002136 seconds
2024-10-04T14:17:59.515+0300: 1080.425: Application time: 0.5735711 seconds
2024-10-04T14:17:59.515+0300: 1080.425: [GC (Allocation Failure) [PSYoungGen: 191149K->10880K(192512K)] 352710K->173897K(602112K), 0.0025860 secs] [Times: user=0.02 sys=0.00, real=0.02 secs] 
2024-10-04T14:17:59.531+0300: 1080.428: Total time for which application threads were stopped: 0.0029037 seconds, Stopping threads took: 0.0001760 seconds
2024-10-04T14:17:59.860+0300: 1080.757: Application time: 0.3293695 seconds
2024-10-04T14:17:59.860+0300: 1080.757: [GC (Allocation Failure) [PSYoungGen: 191636K->9391K(193024K)] 354654K->175283K(602624K), 0.0023330 secs] [Times: user=0.00 sys=0.00, real=0.00 secs] 
2024-10-04T14:17:59.860+0300: 1080.760: Total time for which application threads were stopped: 0.0026702 seconds, Stopping threads took: 0.0001648 seconds
2024-10-04T14:18:00.221+0300: 1081.122: Application time: 0.3619700 seconds
2024-10-04T14:18:00.221+0300: 1081.122: [GC (Allocation Failure) [PSYoungGen: 190097K->9423K(192512K)] 355989K->176788K(602112K), 0.0020572 secs] [Times: user=0.00 sys=0.00, real=0.00 secs] 
2024-10-04T14:18:00.221+0300: 1081.124: Total time for which application threads were stopped: 0.0023418 seconds, Stopping threads took: 0.0001029 seconds
2024-10-04T14:18:00.456+0300: 1081.366: Application time: 0.2422502 seconds
2024-10-04T14:18:00.456+0300: 1081.367: [GC (Allocation Failure) [PSYoungGen: 189853K->9422K(193024K)] 357218K->178268K(602624K), 0.0022883 secs] [Times: user=0.02 sys=0.00, real=0.01 secs] 
2024-10-04T14:18:00.471+0300: 1081.369: Total time for which application threads were stopped: 0.0026541 seconds, Stopping threads took: 0.0002139 seconds
2024-10-04T14:18:00.675+0300: 1081.576: Application time: 0.2073444 seconds
2024-10-04T14:18:00.675+0300: 1081.577: [GC (Allocation Failure) [PSYoungGen: 190095K->9390K(193024K)] 358941K->179033K(602624K), 0.0020729 secs] [Times: user=0.00 sys=0.00, real=0.00 secs] 
2024-10-04T14:18:00.675+0300: 1081.579: Total time for which application threads were stopped: 0.0024040 seconds, Stopping threads took: 0.0001206 seconds
2024-10-04T14:18:01.084+0300: 1081.985: Application time: 0.4061115 seconds
2024-10-04T14:18:01.084+0300: 1081.985: [GC (Allocation Failure) [PSYoungGen: 190012K->9454K(193536K)] 359655K->179857K(603136K), 0.0020497 secs] [Times: user=0.00 sys=0.00, real=0.00 secs] 
2024-10-04T14:18:01.084+0300: 1081.987: Total time for which application threads were stopped: 0.0024126 seconds, Stopping threads took: 0.0002052 seconds
2024-10-04T14:18:01.739+0300: 1082.637: Application time: 0.6492339 seconds
2024-10-04T14:18:01.739+0300: 1082.637: [GC (Allocation Failure) [PSYoungGen: 191203K->10880K(193536K)] 361606K->182748K(603136K), 0.0024428 secs] [Times: user=0.02 sys=0.00, real=0.00 secs] 
2024-10-04T14:18:01.743+0300: 1082.639: Total time for which application threads were stopped: 0.0028435 seconds, Stopping threads took: 0.0002365 seconds
2024-10-04T14:18:02.088+0300: 1082.995: Application time: 0.3555787 seconds
2024-10-04T14:18:02.088+0300: 1082.995: [GC (Allocation Failure) [PSYoungGen: 193089K->8678K(192512K)] 364957K->182716K(602112K), 0.0021415 secs] [Times: user=0.00 sys=0.00, real=0.00 secs] 
2024-10-04T14:18:02.088+0300: 1082.997: Total time for which application threads were stopped: 0.0025087 seconds, Stopping threads took: 0.0002175 seconds
2024-10-04T14:18:02.449+0300: 1083.349: Application time: 0.3518107 seconds
2024-10-04T14:18:02.449+0300: 1083.350: [GC (Allocation Failure) [PSYoungGen: 189407K->8678K(193024K)] 363445K->184205K(602624K), 0.0018887 secs] [Times: user=0.00 sys=0.00, real=0.00 secs] 
2024-10-04T14:18:02.449+0300: 1083.352: Total time for which application threads were stopped: 0.0022107 seconds, Stopping threads took: 0.0001903 seconds
2024-10-04T14:18:02.621+0300: 1083.518: Application time: 0.1662514 seconds
2024-10-04T14:18:02.621+0300: 1083.518: [GC (Allocation Failure) [PSYoungGen: 189796K->9423K(193536K)] 365323K->185726K(603136K), 0.0021338 secs] [Times: user=0.00 sys=0.00, real=0.00 secs] 
2024-10-04T14:18:02.621+0300: 1083.520: Total time for which application threads were stopped: 0.0024238 seconds, Stopping threads took: 0.0001293 seconds
2024-10-04T14:18:02.872+0300: 1083.769: Application time: 0.2484726 seconds
2024-10-04T14:18:02.872+0300: 1083.769: [GC (Allocation Failure) [PSYoungGen: 190805K->9390K(193024K)] 367109K->186502K(602624K), 0.0020714 secs] [Times: user=0.00 sys=0.00, real=0.00 secs] 
2024-10-04T14:18:02.872+0300: 1083.771: Total time for which application threads were stopped: 0.0023608 seconds, Stopping threads took: 0.0001474 seconds
2024-10-04T14:18:03.296+0300: 1084.196: Application time: 0.4249326 seconds
2024-10-04T14:18:03.296+0300: 1084.196: [GC (Allocation Failure) [PSYoungGen: 190763K->10199K(193536K)] 367875K->188776K(603136K), 0.0022071 secs] [Times: user=0.00 sys=0.00, real=0.00 secs] 
2024-10-04T14:18:03.296+0300: 1084.198: Total time for which application threads were stopped: 0.0024834 seconds, Stopping threads took: 0.0001102 seconds
2024-10-04T14:18:04.043+0300: 1084.943: Application time: 0.7449354 seconds
2024-10-04T14:18:04.043+0300: 1084.944: [GC (Allocation Failure) [PSYoungGen: 191944K->10167K(193536K)] 370521K->190922K(603136K), 0.0024012 secs] [Times: user=0.00 sys=0.00, real=0.01 secs] 
2024-10-04T14:18:04.050+0300: 1084.946: Total time for which application threads were stopped: 0.0026882 seconds, Stopping threads took: 0.0001245 seconds
2024-10-04T14:18:04.222+0300: 1085.129: Application time: 0.1834118 seconds
2024-10-04T14:18:04.222+0300: 1085.130: [GC (Allocation Failure) [PSYoungGen: 192245K->8646K(193536K)] 373000K->191578K(603136K), 0.0022572 secs] [Times: user=0.00 sys=0.00, real=0.00 secs] 
2024-10-04T14:18:04.222+0300: 1085.132: Total time for which application threads were stopped: 0.0026072 seconds, Stopping threads took: 0.0002060 seconds
2024-10-04T14:18:04.744+0300: 1085.641: Application time: 0.5089629 seconds
2024-10-04T14:18:04.744+0300: 1085.641: [GC (Allocation Failure) [PSYoungGen: 190374K->8742K(193536K)] 373306K->193179K(603136K), 0.0020067 secs] [Times: user=0.00 sys=0.00, real=0.00 secs] 
2024-10-04T14:18:04.744+0300: 1085.643: Total time for which application threads were stopped: 0.0024031 seconds, Stopping threads took: 0.0002307 seconds
2024-10-04T14:18:04.834+0300: 1085.731: Application time: 0.0876092 seconds
2024-10-04T14:18:04.834+0300: 1085.731: [GC (Allocation Failure) [PSYoungGen: 190672K->8646K(193536K)] 375109K->193836K(603136K), 0.0019303 secs] [Times: user=0.00 sys=0.00, real=0.00 secs] 
2024-10-04T14:18:04.834+0300: 1085.733: Total time for which application threads were stopped: 0.0022560 seconds, Stopping threads took: 0.0001976 seconds
2024-10-04T14:18:05.227+0300: 1086.133: Application time: 0.3992852 seconds
2024-10-04T14:18:05.227+0300: 1086.133: [GC (Allocation Failure) [PSYoungGen: 190730K->9422K(193536K)] 375919K->195405K(603136K), 0.0020561 secs] [Times: user=0.00 sys=0.00, real=0.00 secs] 
2024-10-04T14:18:05.227+0300: 1086.135: Total time for which application threads were stopped: 0.0023307 seconds, Stopping threads took: 0.0001507 seconds
2024-10-04T14:18:05.651+0300: 1086.559: Application time: 0.4239113 seconds
2024-10-04T14:18:05.651+0300: 1086.559: [GC (Allocation Failure) [PSYoungGen: 191520K->10199K(193536K)] 377502K->197646K(603136K), 0.0022933 secs] [Times: user=0.03 sys=0.00, real=0.00 secs] 
2024-10-04T14:18:05.651+0300: 1086.561: Total time for which application threads were stopped: 0.0026113 seconds, Stopping threads took: 0.0001405 seconds
2024-10-04T14:18:06.347+0300: 1087.246: Application time: 0.6842638 seconds
2024-10-04T14:18:06.347+0300: 1087.246: [GC (Allocation Failure) [PSYoungGen: 191951K->10167K(193536K)] 379398K->199800K(603136K), 0.0022950 secs] [Times: user=0.02 sys=0.00, real=0.00 secs] 
2024-10-04T14:18:06.347+0300: 1087.248: Total time for which application threads were stopped: 0.0026546 seconds, Stopping threads took: 0.0002090 seconds
2024-10-04T14:18:06.482+0300: 1087.383: Application time: 0.1341329 seconds
2024-10-04T14:18:06.482+0300: 1087.383: [GC (Allocation Failure) [PSYoungGen: 192187K->9423K(193536K)] 381820K->201217K(603136K), 0.0022115 secs] [Times: user=0.00 sys=0.00, real=0.00 secs] 
2024-10-04T14:18:06.482+0300: 1087.385: Total time for which application threads were stopped: 0.0025539 seconds, Stopping threads took: 0.0002043 seconds
2024-10-04T14:18:06.848+0300: 1087.750: Application time: 0.3651754 seconds
2024-10-04T14:18:06.848+0300: 1087.751: [GC (Allocation Failure) [PSYoungGen: 191579K->9391K(193536K)] 383374K->202702K(603136K), 0.0021385 secs] [Times: user=0.00 sys=0.00, real=0.00 secs] 
2024-10-04T14:18:06.848+0300: 1087.753: Total time for which application threads were stopped: 0.0024643 seconds, Stopping threads took: 0.0001673 seconds
2024-10-04T14:18:07.079+0300: 1087.975: Application time: 0.2227301 seconds
2024-10-04T14:18:07.079+0300: 1087.976: [GC (Allocation Failure) [PSYoungGen: 191228K->9454K(193536K)] 384540K->203535K(603136K), 0.0021373 secs] [Times: user=0.00 sys=0.00, real=0.00 secs] 
2024-10-04T14:18:07.079+0300: 1087.978: Total time for which application threads were stopped: 0.0024573 seconds, Stopping threads took: 0.0001763 seconds
2024-10-04T14:18:07.502+0300: 1088.413: Application time: 0.4349160 seconds
2024-10-04T14:18:07.502+0300: 1088.413: [GC (Allocation Failure) [PSYoungGen: 191195K->10135K(193536K)] 385275K->205716K(603136K), 0.0023218 secs] [Times: user=0.02 sys=0.00, real=0.02 secs] 
2024-10-04T14:18:07.518+0300: 1088.416: Total time for which application threads were stopped: 0.0026340 seconds, Stopping threads took: 0.0001709 seconds
2024-10-04T14:18:07.958+0300: 1088.858: Application time: 0.4425229 seconds
2024-10-04T14:18:07.958+0300: 1088.858: [GC (Allocation Failure) [PSYoungGen: 192283K->8678K(193536K)] 387865K->206429K(603136K), 0.0022264 secs] [Times: user=0.00 sys=0.00, real=0.00 secs] 
2024-10-04T14:18:07.958+0300: 1088.861: Total time for which application threads were stopped: 0.0024883 seconds, Stopping threads took: 0.0000860 seconds
2024-10-04T14:18:08.491+0300: 1089.400: Application time: 0.5393165 seconds
2024-10-04T14:18:08.491+0300: 1089.400: [GC (Allocation Failure) [PSYoungGen: 190899K->10912K(193536K)] 388649K->209415K(603136K), 0.0024865 secs] [Times: user=0.00 sys=0.00, real=0.00 secs] 
2024-10-04T14:18:08.491+0300: 1089.403: Total time for which application threads were stopped: 0.0029186 seconds, Stopping threads took: 0.0002341 seconds
2024-10-04T14:18:08.652+0300: 1089.553: Application time: 0.1504965 seconds
2024-10-04T14:18:08.652+0300: 1089.554: [GC (Allocation Failure) [PSYoungGen: 193140K->9423K(193536K)] 391643K->210112K(603136K), 0.0024871 secs] [Times: user=0.00 sys=0.00, real=0.00 secs] 
2024-10-04T14:18:08.652+0300: 1089.556: Total time for which application threads were stopped: 0.0028682 seconds, Stopping threads took: 0.0002174 seconds
2024-10-04T14:18:09.166+0300: 1090.066: Application time: 0.5096620 seconds
2024-10-04T14:18:09.166+0300: 1090.066: [GC (Allocation Failure) [PSYoungGen: 191203K->8030K(190464K)] 391892K->210200K(600064K), 0.0019121 secs] [Times: user=0.00 sys=0.00, real=0.00 secs] 
2024-10-04T14:18:09.166+0300: 1090.068: Total time for which application threads were stopped: 0.0022200 seconds, Stopping threads took: 0.0001767 seconds
2024-10-04T14:18:09.276+0300: 1090.180: Application time: 0.1119847 seconds
2024-10-04T14:18:09.276+0300: 1090.180: [GC (Allocation Failure) [PSYoungGen: 190211K->10103K(193024K)] 392381K->213082K(602624K), 0.0021526 secs] [Times: user=0.00 sys=0.00, real=0.00 secs] 
2024-10-04T14:18:09.276+0300: 1090.182: Total time for which application threads were stopped: 0.0024603 seconds, Stopping threads took: 0.0001697 seconds
2024-10-04T14:18:09.754+0300: 1090.654: Application time: 0.4719774 seconds
2024-10-04T14:18:09.754+0300: 1090.655: [GC (Allocation Failure) [PSYoungGen: 190753K->10199K(193024K)] 393732K->214642K(602624K), 0.0023313 secs] [Times: user=0.00 sys=0.00, real=0.00 secs] 
2024-10-04T14:18:09.754+0300: 1090.657: Total time for which application threads were stopped: 0.0027121 seconds, Stopping threads took: 0.0002276 seconds
2024-10-04T14:18:10.280+0300: 1091.179: Application time: 0.5220308 seconds
2024-10-04T14:18:10.280+0300: 1091.179: [GC (Allocation Failure) [PSYoungGen: 191226K->10135K(193024K)] 395669K->216052K(602624K), 0.0022354 secs] [Times: user=0.00 sys=0.00, real=0.00 secs] 
2024-10-04T14:18:10.280+0300: 1091.182: Total time for which application threads were stopped: 0.0025033 seconds, Stopping threads took: 0.0001381 seconds
2024-10-04T14:18:10.844+0300: 1091.744: Application time: 0.5620528 seconds
2024-10-04T14:18:10.860+0300: 1091.756: [GC (Allocation Failure) [PSYoungGen: 190860K->7966K(193024K)] 396777K->216764K(602624K), 0.0028978 secs] [Times: user=0.00 sys=0.00, real=0.00 secs] 
2024-10-04T14:18:10.860+0300: 1091.759: Total time for which application threads were stopped: 0.0152955 seconds, Stopping threads took: 0.0121732 seconds
2024-10-04T14:18:11.032+0300: 1091.934: Application time: 0.1748876 seconds
2024-10-04T14:18:11.032+0300: 1091.934: [GC (Allocation Failure) [PSYoungGen: 188735K->10167K(193024K)] 397534K->219014K(602624K), 0.0020768 secs] [Times: user=0.00 sys=0.00, real=0.00 secs] 
2024-10-04T14:18:11.032+0300: 1091.936: Total time for which application threads were stopped: 0.0024232 seconds, Stopping threads took: 0.0002173 seconds
2024-10-04T14:18:11.458+0300: 1092.365: Application time: 0.4282074 seconds
2024-10-04T14:18:11.458+0300: 1092.365: [GC (Allocation Failure) [PSYoungGen: 191246K->7221K(188928K)] 400092K->218269K(598528K), 0.0019640 secs] [Times: user=0.00 sys=0.00, real=0.00 secs] 
2024-10-04T14:18:11.458+0300: 1092.367: Total time for which application threads were stopped: 0.0022909 seconds, Stopping threads took: 0.0002051 seconds
2024-10-04T14:18:11.613+0300: 1092.524: Application time: 0.1570600 seconds
2024-10-04T14:18:11.613+0300: 1092.524: [GC (Allocation Failure) [PSYoungGen: 187924K->9455K(193024K)] 398972K->221291K(602624K), 0.0023802 secs] [Times: user=0.03 sys=0.00, real=0.02 secs] 
2024-10-04T14:18:11.628+0300: 1092.527: Total time for which application threads were stopped: 0.0027892 seconds, Stopping threads took: 0.0002076 seconds
2024-10-04T14:18:12.115+0300: 1093.023: Application time: 0.4957905 seconds
2024-10-04T14:18:12.115+0300: 1093.023: [GC (Allocation Failure) [PSYoungGen: 190080K->8774K(192512K)] 401917K->221363K(602112K), 0.0018827 secs] [Times: user=0.00 sys=0.00, real=0.00 secs] 
2024-10-04T14:18:12.115+0300: 1093.025: Total time for which application threads were stopped: 0.0024626 seconds, Stopping threads took: 0.0004403 seconds
2024-10-04T14:18:12.711+0300: 1093.614: Application time: 0.5887144 seconds
2024-10-04T14:18:12.711+0300: 1093.614: [GC (Allocation Failure) [PSYoungGen: 189063K->10135K(193024K)] 401652K->224910K(602624K), 0.0024297 secs] [Times: user=0.00 sys=0.00, real=0.00 secs] 
2024-10-04T14:18:12.711+0300: 1093.616: Total time for which application threads were stopped: 0.0027326 seconds, Stopping threads took: 0.0001033 seconds
2024-10-04T14:18:13.312+0300: 1094.218: Application time: 0.6017250 seconds
2024-10-04T14:18:13.312+0300: 1094.218: [GC (Allocation Failure) [PSYoungGen: 190880K->10199K(193024K)] 405655K->226407K(602624K), 0.0023231 secs] [Times: user=0.02 sys=0.00, real=0.01 secs] 
2024-10-04T14:18:13.324+0300: 1094.221: Total time for which application threads were stopped: 0.0026815 seconds, Stopping threads took: 0.0002043 seconds
2024-10-04T14:18:13.403+0300: 1094.302: Application time: 0.0809255 seconds
2024-10-04T14:18:13.403+0300: 1094.302: [GC (Allocation Failure) [PSYoungGen: 190932K->10103K(193024K)] 407140K->227800K(602624K), 0.0023490 secs] [Times: user=0.00 sys=0.00, real=0.00 secs] 
2024-10-04T14:18:13.403+0300: 1094.304: Total time for which application threads were stopped: 0.0026249 seconds, Stopping threads took: 0.0001456 seconds
2024-10-04T14:18:13.826+0300: 1094.723: Application time: 0.4190581 seconds
2024-10-04T14:18:13.826+0300: 1094.724: [GC (Allocation Failure) [PSYoungGen: 190818K->9326K(193024K)] 408516K->228533K(602624K), 0.0022522 secs] [Times: user=0.00 sys=0.00, real=0.00 secs] 
2024-10-04T14:18:13.826+0300: 1094.726: Total time for which application threads were stopped: 0.0025818 seconds, Stopping threads took: 0.0001792 seconds
2024-10-04T14:18:13.889+0300: 1094.793: Application time: 0.0669979 seconds
2024-10-04T14:18:13.889+0300: 1094.793: [GC (Allocation Failure) [PSYoungGen: 189974K->8678K(193024K)] 409180K->228661K(602624K), 0.0019110 secs] [Times: user=0.00 sys=0.00, real=0.00 secs] 
2024-10-04T14:18:13.889+0300: 1094.795: Total time for which application threads were stopped: 0.0022017 seconds, Stopping threads took: 0.0001496 seconds
2024-10-04T14:18:14.407+0300: 1095.310: Application time: 0.5143014 seconds
2024-10-04T14:18:14.407+0300: 1095.310: [GC (Allocation Failure) [PSYoungGen: 189562K->8742K(193024K)] 409545K->230198K(602624K), 0.0020854 secs] [Times: user=0.00 sys=0.00, real=0.00 secs] 
2024-10-04T14:18:14.407+0300: 1095.312: Total time for which application threads were stopped: 0.0024374 seconds, Stopping threads took: 0.0002147 seconds
2024-10-04T14:18:14.988+0300: 1095.899: Application time: 0.5873575 seconds
2024-10-04T14:18:15.004+0300: 1095.900: [GC (Allocation Failure) [PSYoungGen: 189755K->9423K(193536K)] 411211K->233072K(603136K), 0.0028859 secs] [Times: user=0.00 sys=0.00, real=0.00 secs] 
2024-10-04T14:18:15.004+0300: 1095.903: Total time for which application threads were stopped: 0.0031983 seconds, Stopping threads took: 0.0001059 seconds
2024-10-04T14:18:15.490+0300: 1096.390: Application time: 0.4873055 seconds
2024-10-04T14:18:15.490+0300: 1096.390: [GC (Allocation Failure) [PSYoungGen: 190927K->9487K(193024K)] 414577K->234569K(602624K), 0.0022104 secs] [Times: user=0.00 sys=0.00, real=0.00 secs] 
2024-10-04T14:18:15.490+0300: 1096.392: Total time for which application threads were stopped: 0.0025976 seconds, Stopping threads took: 0.0002093 seconds
2024-10-04T14:18:15.537+0300: 1096.438: Application time: 0.0454114 seconds
2024-10-04T14:18:15.537+0300: 1096.438: [GC (Allocation Failure) [PSYoungGen: 191010K->8710K(193536K)] 416093K->234601K(603136K), 0.0021556 secs] [Times: user=0.00 sys=0.00, real=0.00 secs] 
2024-10-04T14:18:15.537+0300: 1096.440: Total time for which application threads were stopped: 0.0025929 seconds, Stopping threads took: 0.0002589 seconds
2024-10-04T14:18:16.023+0300: 1096.920: Application time: 0.4792085 seconds
2024-10-04T14:18:16.023+0300: 1096.920: [GC (Allocation Failure) [PSYoungGen: 190812K->7221K(193536K)] 416703K->234609K(603136K), 0.0017896 secs] [Times: user=0.00 sys=0.00, real=0.00 secs] 
2024-10-04T14:18:16.023+0300: 1096.922: Total time for which application threads were stopped: 0.0024838 seconds, Stopping threads took: 0.0005402 seconds
2024-10-04T14:18:16.196+0300: 1097.102: Application time: 0.1800614 seconds
2024-10-04T14:18:16.196+0300: 1097.102: [GC (Allocation Failure) [PSYoungGen: 189326K->9486K(193536K)] 416715K->237627K(603136K), 0.0021330 secs] [Times: user=0.00 sys=0.00, real=0.00 secs] 
2024-10-04T14:18:16.196+0300: 1097.105: Total time for which application threads were stopped: 0.0024192 seconds, Stopping threads took: 0.0001272 seconds
2024-10-04T14:18:16.714+0300: 1097.611: Application time: 0.5065582 seconds
2024-10-04T14:18:16.714+0300: 1097.611: [GC (Allocation Failure) [PSYoungGen: 191572K->8710K(193536K)] 419713K->238331K(603136K), 0.0020817 secs] [Times: user=0.00 sys=0.00, real=0.00 secs] 
2024-10-04T14:18:16.714+0300: 1097.614: Total time for which application threads were stopped: 0.0023685 seconds, Stopping threads took: 0.0001423 seconds
2024-10-04T14:18:17.436+0300: 1098.343: Application time: 0.7297537 seconds
2024-10-04T14:18:17.436+0300: 1098.344: [GC (Allocation Failure) [PSYoungGen: 190455K->10880K(192512K)] 420076K->241967K(602112K), 0.0024548 secs] [Times: user=0.00 sys=0.00, real=0.00 secs] 
2024-10-04T14:18:17.436+0300: 1098.346: Total time for which application threads were stopped: 0.0027103 seconds, Stopping threads took: 0.0000916 seconds
2024-10-04T14:18:17.828+0300: 1098.727: Application time: 0.3805309 seconds
2024-10-04T14:18:17.828+0300: 1098.727: [GC (Allocation Failure) [PSYoungGen: 191673K->8062K(193024K)] 422760K->241302K(602624K), 0.0022681 secs] [Times: user=0.00 sys=0.00, real=0.00 secs] 
2024-10-04T14:18:17.828+0300: 1098.729: Total time for which application threads were stopped: 0.0026553 seconds, Stopping threads took: 0.0002334 seconds
2024-10-04T14:18:17.938+0300: 1098.843: Application time: 0.1134702 seconds
2024-10-04T14:18:17.938+0300: 1098.843: [GC (Allocation Failure) [PSYoungGen: 189237K->10071K(193024K)] 422477K->244112K(602624K), 0.0024357 secs] [Times: user=0.00 sys=0.00, real=0.00 secs] 
2024-10-04T14:18:17.938+0300: 1098.846: Total time for which application threads were stopped: 0.0028449 seconds, Stopping threads took: 0.0002367 seconds
2024-10-04T14:18:18.173+0300: 1099.081: Application time: 0.2355069 seconds
2024-10-04T14:18:18.173+0300: 1099.081: [GC (Allocation Failure) [PSYoungGen: 190764K->9390K(193024K)] 424805K->244920K(602624K), 0.0022348 secs] [Times: user=0.00 sys=0.00, real=0.00 secs] 
2024-10-04T14:18:18.173+0300: 1099.084: Total time for which application threads were stopped: 0.0026480 seconds, Stopping threads took: 0.0002490 seconds
2024-10-04T14:18:18.564+0300: 1099.462: Application time: 0.3787516 seconds
2024-10-04T14:18:18.564+0300: 1099.463: [GC (Allocation Failure) [PSYoungGen: 190004K->9486K(193536K)] 425534K->245769K(603136K), 0.0021057 secs] [Times: user=0.00 sys=0.00, real=0.00 secs] 
2024-10-04T14:18:18.564+0300: 1099.465: Total time for which application threads were stopped: 0.0023729 seconds, Stopping threads took: 0.0001217 seconds
2024-10-04T14:18:19.004+0300: 1099.903: Application time: 0.4385379 seconds
2024-10-04T14:18:19.004+0300: 1099.904: [GC (Allocation Failure) [PSYoungGen: 190901K->10847K(193024K)] 427184K->248595K(602624K), 0.0026484 secs] [Times: user=0.02 sys=0.00, real=0.00 secs] 
2024-10-04T14:18:19.004+0300: 1099.906: Total time for which application threads were stopped: 0.0029427 seconds, Stopping threads took: 0.0001056 seconds
2024-10-04T14:18:19.695+0300: 1100.592: Application time: 0.6857803 seconds
2024-10-04T14:18:19.695+0300: 1100.592: [GC (Allocation Failure) [PSYoungGen: 192582K->9455K(193024K)] 430330K->250101K(602624K), 0.0025131 secs] [Times: user=0.00 sys=0.00, real=0.00 secs] 
2024-10-04T14:18:19.695+0300: 1100.595: Total time for which application threads were stopped: 0.0028756 seconds, Stopping threads took: 0.0001749 seconds
2024-10-04T14:18:19.978+0300: 1100.885: Application time: 0.2902887 seconds
2024-10-04T14:18:19.978+0300: 1100.886: [GC (Allocation Failure) [PSYoungGen: 190105K->8646K(193024K)] 430750K->250757K(602624K), 0.0021953 secs] [Times: user=0.02 sys=0.00, real=0.00 secs] 
2024-10-04T14:18:19.978+0300: 1100.888: Total time for which application threads were stopped: 0.0025927 seconds, Stopping threads took: 0.0002553 seconds
2024-10-04T14:18:20.198+0300: 1101.106: Application time: 0.2183714 seconds
2024-10-04T14:18:20.198+0300: 1101.107: [GC (Allocation Failure) [PSYoungGen: 189441K->10880K(193024K)] 431552K->253074K(602624K), 0.0022364 secs] [Times: user=0.00 sys=0.00, real=0.00 secs] 
2024-10-04T14:18:20.198+0300: 1101.109: Total time for which application threads were stopped: 0.0026238 seconds, Stopping threads took: 0.0002458 seconds
2024-10-04T14:18:20.527+0300: 1101.428: Application time: 0.3189701 seconds
2024-10-04T14:18:20.527+0300: 1101.428: [GC (Allocation Failure) [PSYoungGen: 191484K->9358K(193024K)] 433679K->253747K(602624K), 0.0022597 secs] [Times: user=0.00 sys=0.00, real=0.00 secs] 
2024-10-04T14:18:20.527+0300: 1101.430: Total time for which application threads were stopped: 0.0025636 seconds, Stopping threads took: 0.0001739 seconds
2024-10-04T14:18:20.974+0300: 1101.871: Application time: 0.4403733 seconds
2024-10-04T14:18:20.974+0300: 1101.871: [GC (Allocation Failure) [PSYoungGen: 189992K->8742K(193024K)] 434380K->254595K(602624K), 0.0022234 secs] [Times: user=0.02 sys=0.00, real=0.00 secs] 
2024-10-04T14:18:20.977+0300: 1101.873: Total time for which application threads were stopped: 0.0025693 seconds, Stopping threads took: 0.0001654 seconds
2024-10-04T14:18:21.376+0300: 1102.282: Application time: 0.4087298 seconds
2024-10-04T14:18:21.376+0300: 1102.282: [GC (Allocation Failure) [PSYoungGen: 189445K->10879K(192512K)] 435298K->257493K(602112K), 0.0022993 secs] [Times: user=0.00 sys=0.00, real=0.00 secs] 
2024-10-04T14:18:21.376+0300: 1102.285: Total time for which application threads were stopped: 0.0025911 seconds, Stopping threads took: 0.0001598 seconds
2024-10-04T14:18:22.077+0300: 1102.974: Application time: 0.6894678 seconds
2024-10-04T14:18:22.077+0300: 1102.974: [GC (Allocation Failure) [PSYoungGen: 191900K->9455K(193024K)] 438514K->258959K(602624K), 0.0028287 secs] [Times: user=0.03 sys=0.00, real=0.00 secs] 
2024-10-04T14:18:22.081+0300: 1102.977: Total time for which application threads were stopped: 0.0031664 seconds, Stopping threads took: 0.0001896 seconds
2024-10-04T14:18:22.237+0300: 1103.140: Application time: 0.1630024 seconds
2024-10-04T14:18:22.237+0300: 1103.141: [GC (Allocation Failure) [PSYoungGen: 190090K->9391K(192512K)] 439594K->260352K(602112K), 0.0022449 secs] [Times: user=0.00 sys=0.00, real=0.00 secs] 
2024-10-04T14:18:22.237+0300: 1103.143: Total time for which application threads were stopped: 0.0026568 seconds, Stopping threads took: 0.0002626 seconds
2024-10-04T14:18:22.535+0300: 1103.437: Application time: 0.2943571 seconds
2024-10-04T14:18:22.535+0300: 1103.438: [GC (Allocation Failure) [PSYoungGen: 190083K->9422K(193536K)] 441044K->261176K(603136K), 0.0020820 secs] [Times: user=0.00 sys=0.00, real=0.00 secs] 
2024-10-04T14:18:22.535+0300: 1103.440: Total time for which application threads were stopped: 0.0023492 seconds, Stopping threads took: 0.0001199 seconds
2024-10-04T14:18:22.928+0300: 1103.825: Application time: 0.3854517 seconds
2024-10-04T14:18:22.928+0300: 1103.825: [GC (Allocation Failure) [PSYoungGen: 190870K->9422K(193024K)] 442623K->262649K(602624K), 0.0020812 secs] [Times: user=0.00 sys=0.00, real=0.00 secs] 
2024-10-04T14:18:22.928+0300: 1103.828: Total time for which application threads were stopped: 0.0023660 seconds, Stopping threads took: 0.0001462 seconds
2024-10-04T14:18:23.304+0300: 1104.202: Application time: 0.3743096 seconds
2024-10-04T14:18:23.304+0300: 1104.202: [GC (Allocation Failure) [PSYoungGen: 190808K->9454K(193536K)] 444035K->264154K(603136K), 0.0022308 secs] [Times: user=0.00 sys=0.00, real=0.00 secs] 
2024-10-04T14:18:23.304+0300: 1104.204: Total time for which application threads were stopped: 0.0025702 seconds, Stopping threads took: 0.0002025 seconds
2024-10-04T14:18:23.680+0300: 1104.586: Application time: 0.3819652 seconds
2024-10-04T14:18:23.680+0300: 1104.587: [GC (Allocation Failure) [PSYoungGen: 191603K->9391K(193536K)] 446303K->266292K(603136K), 0.0023988 secs] [Times: user=0.00 sys=0.00, real=0.00 secs] 
2024-10-04T14:18:23.680+0300: 1104.589: Total time for which application threads were stopped: 0.0027219 seconds, Stopping threads took: 0.0001237 seconds
2024-10-04T14:18:24.214+0300: 1105.113: Application time: 0.5242866 seconds
2024-10-04T14:18:24.214+0300: 1105.114: [GC (Allocation Failure) [PSYoungGen: 191547K->8742K(193536K)] 448448K->267829K(603136K), 0.0022391 secs] [Times: user=0.00 sys=0.00, real=0.00 secs] 
2024-10-04T14:18:24.214+0300: 1105.116: Total time for which application threads were stopped: 0.0026014 seconds, Stopping threads took: 0.0002120 seconds
2024-10-04T14:18:24.433+0300: 1105.335: Application time: 0.2188767 seconds
2024-10-04T14:18:24.433+0300: 1105.335: [GC (Allocation Failure) [PSYoungGen: 190981K->9390K(193536K)] 450068K->269254K(603136K), 0.0021218 secs] [Times: user=0.00 sys=0.00, real=0.00 secs] 
2024-10-04T14:18:24.433+0300: 1105.337: Total time for which application threads were stopped: 0.0024228 seconds, Stopping threads took: 0.0001716 seconds
2024-10-04T14:18:24.795+0300: 1105.699: Application time: 0.3616006 seconds
2024-10-04T14:18:24.795+0300: 1105.699: [GC (Allocation Failure) [PSYoungGen: 191169K->10199K(193024K)] 451032K->271528K(602624K), 0.0023897 secs] [Times: user=0.02 sys=0.00, real=0.00 secs] 
2024-10-04T14:18:24.795+0300: 1105.702: Total time for which application threads were stopped: 0.0027599 seconds, Stopping threads took: 0.0002304 seconds
2024-10-04T14:18:25.344+0300: 1106.247: Application time: 0.5449496 seconds
2024-10-04T14:18:25.344+0300: 1106.247: [GC (Allocation Failure) [PSYoungGen: 191942K->8678K(193536K)] 453270K->271532K(603136K), 0.0020598 secs] [Times: user=0.00 sys=0.00, real=0.00 secs] 
2024-10-04T14:18:25.344+0300: 1106.249: Total time for which application threads were stopped: 0.0023640 seconds, Stopping threads took: 0.0001621 seconds
2024-10-04T14:18:25.720+0300: 1106.621: Application time: 0.3724210 seconds
2024-10-04T14:18:25.720+0300: 1106.622: [GC (Allocation Failure) [PSYoungGen: 190800K->10880K(193536K)] 453654K->274462K(603136K), 0.0022888 secs] [Times: user=0.00 sys=0.00, real=0.00 secs] 
2024-10-04T14:18:25.720+0300: 1106.624: Total time for which application threads were stopped: 0.0025655 seconds, Stopping threads took: 0.0001325 seconds
2024-10-04T14:18:26.084+0300: 1106.986: Application time: 0.3616234 seconds
2024-10-04T14:18:26.084+0300: 1106.986: [GC (Allocation Failure) [PSYoungGen: 193051K->9455K(193536K)] 456634K->275935K(603136K), 0.0023614 secs] [Times: user=0.00 sys=0.00, real=0.00 secs] 
2024-10-04T14:18:26.084+0300: 1106.988: Total time for which application threads were stopped: 0.0026860 seconds, Stopping threads took: 0.0001911 seconds
2024-10-04T14:18:26.553+0300: 1107.451: Application time: 0.4629298 seconds
2024-10-04T14:18:26.553+0300: 1107.452: [GC (Allocation Failure) [PSYoungGen: 191602K->8710K(193536K)] 458082K->276671K(603136K), 0.0023383 secs] [Times: user=0.00 sys=0.00, real=0.00 secs] 
2024-10-04T14:18:26.553+0300: 1107.454: Total time for which application threads were stopped: 0.0027032 seconds, Stopping threads took: 0.0002008 seconds
2024-10-04T14:18:26.756+0300: 1107.661: Application time: 0.2070308 seconds
2024-10-04T14:18:26.756+0300: 1107.661: [GC (Allocation Failure) [PSYoungGen: 190658K->10879K(193536K)] 458619K->278889K(603136K), 0.0024603 secs] [Times: user=0.00 sys=0.00, real=0.01 secs] 
2024-10-04T14:18:26.768+0300: 1107.664: Total time for which application threads were stopped: 0.0028541 seconds, Stopping threads took: 0.0002476 seconds
2024-10-04T14:18:26.886+0300: 1107.789: Application time: 0.1250414 seconds
2024-10-04T14:18:26.886+0300: 1107.789: [GC (Allocation Failure) [PSYoungGen: 193035K->9358K(192512K)] 461045K->279597K(602112K), 0.0024809 secs] [Times: user=0.00 sys=0.00, real=0.00 secs] 
2024-10-04T14:18:26.886+0300: 1107.792: Total time for which application threads were stopped: 0.0028451 seconds, Stopping threads took: 0.0001839 seconds
2024-10-04T14:18:27.651+0300: 1108.561: Application time: 0.7697941 seconds
2024-10-04T14:18:27.651+0300: 1108.562: [GC (Allocation Failure) [PSYoungGen: 189955K->9454K(193024K)] 460194K->280454K(602624K), 0.0024278 secs] [Times: user=0.02 sys=0.00, real=0.02 secs] 
2024-10-04T14:18:27.667+0300: 1108.564: Total time for which application threads were stopped: 0.0027016 seconds, Stopping threads took: 0.0000774 seconds
2024-10-04T14:18:28.015+0300: 1108.911: Application time: 0.3465921 seconds
2024-10-04T14:18:28.015+0300: 1108.911: [GC (Allocation Failure) [PSYoungGen: 190471K->10848K(192512K)] 461470K->283320K(602112K), 0.0025417 secs] [Times: user=0.00 sys=0.00, real=0.00 secs] 
2024-10-04T14:18:28.017+0300: 1108.914: Total time for which application threads were stopped: 0.0028944 seconds, Stopping threads took: 0.0001960 seconds
2024-10-04T14:18:28.343+0300: 1109.253: Application time: 0.3390278 seconds
2024-10-04T14:18:28.343+0300: 1109.253: [GC (Allocation Failure) [PSYoungGen: 191552K->8774K(193024K)] 464025K->284113K(602624K), 0.0024331 secs] [Times: user=0.01 sys=0.00, real=0.02 secs] 
2024-10-04T14:18:28.358+0300: 1109.255: Total time for which application threads were stopped: 0.0027751 seconds, Stopping threads took: 0.0001921 seconds
2024-10-04T14:18:28.798+0300: 1109.701: Application time: 0.4454765 seconds
2024-10-04T14:18:28.798+0300: 1109.701: [GC (Allocation Failure) [PSYoungGen: 189488K->9390K(193024K)] 464826K->285506K(602624K), 0.0021663 secs] [Times: user=0.00 sys=0.00, real=0.00 secs] 
2024-10-04T14:18:28.798+0300: 1109.704: Total time for which application threads were stopped: 0.0025438 seconds, Stopping threads took: 0.0002283 seconds
2024-10-04T14:18:29.017+0300: 1109.914: Application time: 0.2103504 seconds
2024-10-04T14:18:29.017+0300: 1109.914: [GC (Allocation Failure) [PSYoungGen: 190583K->10151K(193024K)] 466698K->287035K(602624K), 0.0021036 secs] [Times: user=0.00 sys=0.00, real=0.00 secs] 
2024-10-04T14:18:29.017+0300: 1109.916: Total time for which application threads were stopped: 0.0023245 seconds, Stopping threads took: 0.0000733 seconds
2024-10-04T14:18:29.221+0300: 1110.128: Application time: 0.2117504 seconds
2024-10-04T14:18:29.221+0300: 1110.128: [GC (Allocation Failure) [PSYoungGen: 190783K->9390K(193536K)] 467666K->287791K(603136K), 0.0021382 secs] [Times: user=0.00 sys=0.00, real=0.00 secs] 
2024-10-04T14:18:29.221+0300: 1110.130: Total time for which application threads were stopped: 0.0024283 seconds, Stopping threads took: 0.0001356 seconds
2024-10-04T14:18:29.707+0300: 1110.607: Application time: 0.4768939 seconds
2024-10-04T14:18:29.707+0300: 1110.608: [GC (Allocation Failure) [PSYoungGen: 190788K->9486K(193024K)] 469189K->289352K(602624K), 0.0023009 secs] [Times: user=0.00 sys=0.00, real=0.00 secs] 
2024-10-04T14:18:29.707+0300: 1110.610: Total time for which application threads were stopped: 0.0026996 seconds, Stopping threads took: 0.0002026 seconds
2024-10-04T14:18:30.444+0300: 1111.343: Application time: 0.7325887 seconds
2024-10-04T14:18:30.444+0300: 1111.343: [GC (Allocation Failure) [PSYoungGen: 191226K->10880K(192512K)] 471092K->292211K(602112K), 0.0025922 secs] [Times: user=0.00 sys=0.00, real=0.00 secs] 
2024-10-04T14:18:30.444+0300: 1111.345: Total time for which application threads were stopped: 0.0029193 seconds, Stopping threads took: 0.0001749 seconds
2024-10-04T14:18:30.821+0300: 1111.725: Application time: 0.3795264 seconds
2024-10-04T14:18:30.821+0300: 1111.725: [GC (Allocation Failure) [PSYoungGen: 191626K->7966K(193024K)] 472957K->291466K(602624K), 0.0021060 secs] [Times: user=0.00 sys=0.00, real=0.00 secs] 
2024-10-04T14:18:30.821+0300: 1111.727: Total time for which application threads were stopped: 0.0024302 seconds, Stopping threads took: 0.0001816 seconds
2024-10-04T14:18:31.151+0300: 1112.050: Application time: 0.3229063 seconds
2024-10-04T14:18:31.151+0300: 1112.051: [GC (Allocation Failure) [PSYoungGen: 188695K->8646K(193024K)] 472195K->293628K(602624K), 0.0022349 secs] [Times: user=0.00 sys=0.00, real=0.00 secs] 
2024-10-04T14:18:31.151+0300: 1112.053: Total time for which application threads were stopped: 0.0025387 seconds, Stopping threads took: 0.0001481 seconds
2024-10-04T14:18:31.260+0300: 1112.168: Application time: 0.1155146 seconds
2024-10-04T14:18:31.260+0300: 1112.169: [GC (Allocation Failure) [PSYoungGen: 189821K->8662K(193024K)] 474802K->294420K(602624K), 0.0022146 secs] [Times: user=0.00 sys=0.00, real=0.00 secs] 
2024-10-04T14:18:31.260+0300: 1112.171: Total time for which application threads were stopped: 0.0025265 seconds, Stopping threads took: 0.0001837 seconds
2024-10-04T14:18:31.595+0300: 1112.493: Application time: 0.3219435 seconds
2024-10-04T14:18:31.595+0300: 1112.493: [GC (Allocation Failure) [PSYoungGen: 189272K->9454K(193536K)] 475030K->296009K(603136K), 0.0022259 secs] [Times: user=0.00 sys=0.00, real=0.00 secs] 
2024-10-04T14:18:31.595+0300: 1112.495: Total time for which application threads were stopped: 0.0025168 seconds, Stopping threads took: 0.0001446 seconds
2024-10-04T14:18:31.998+0300: 1112.907: Application time: 0.4113770 seconds
2024-10-04T14:18:31.998+0300: 1112.907: [GC (Allocation Failure) [PSYoungGen: 190839K->9422K(193024K)] 477394K->297450K(602624K), 0.0021967 secs] [Times: user=0.00 sys=0.00, real=0.00 secs] 
2024-10-04T14:18:31.998+0300: 1112.909: Total time for which application threads were stopped: 0.0024385 seconds, Stopping threads took: 0.0000822 seconds
2024-10-04T14:18:32.705+0300: 1113.613: Application time: 0.7037128 seconds
2024-10-04T14:18:32.705+0300: 1113.613: [GC (Allocation Failure) [PSYoungGen: 191156K->10880K(192512K)] 479184K->300373K(602112K), 0.0026561 secs] [Times: user=0.00 sys=0.00, real=0.00 secs] 
2024-10-04T14:18:32.705+0300: 1113.616: Total time for which application threads were stopped: 0.0029933 seconds, Stopping threads took: 0.0001602 seconds
2024-10-04T14:18:33.176+0300: 1114.082: Application time: 0.4664312 seconds
2024-10-04T14:18:33.176+0300: 1114.083: [GC (Allocation Failure) [PSYoungGen: 191715K->9423K(193024K)] 481208K->301069K(602624K), 0.0024504 secs] [Times: user=0.02 sys=0.00, real=0.00 secs] 
2024-10-04T14:18:33.176+0300: 1114.085: Total time for which application threads were stopped: 0.0028135 seconds, Stopping threads took: 0.0002117 seconds
2024-10-04T14:18:33.317+0300: 1114.215: Application time: 0.1294068 seconds
2024-10-04T14:18:33.317+0300: 1114.215: [GC (Allocation Failure) [PSYoungGen: 190612K->10167K(193024K)] 482258K->302582K(602624K), 0.0022560 secs] [Times: user=0.00 sys=0.00, real=0.00 secs] 
2024-10-04T14:18:33.317+0300: 1114.217: Total time for which application threads were stopped: 0.0026805 seconds, Stopping threads took: 0.0002628 seconds
2024-10-04T14:18:33.600+0300: 1114.506: Application time: 0.2886224 seconds
2024-10-04T14:18:33.600+0300: 1114.506: [GC (Allocation Failure) [PSYoungGen: 190861K->9358K(193024K)] 483276K->303299K(602624K), 0.0024251 secs] [Times: user=0.00 sys=0.00, real=0.00 secs] 
2024-10-04T14:18:33.600+0300: 1114.509: Total time for which application threads were stopped: 0.0027822 seconds, Stopping threads took: 0.0001593 seconds
2024-10-04T14:18:33.976+0300: 1114.878: Application time: 0.3689772 seconds
2024-10-04T14:18:33.976+0300: 1114.878: [GC (Allocation Failure) [PSYoungGen: 189955K->9486K(193536K)] 483895K->304179K(603136K), 0.0023429 secs] [Times: user=0.00 sys=0.00, real=0.00 secs] 
2024-10-04T14:18:33.976+0300: 1114.880: Total time for which application threads were stopped: 0.0026963 seconds, Stopping threads took: 0.0001796 seconds
2024-10-04T14:18:34.447+0300: 1115.344: Application time: 0.4637898 seconds
2024-10-04T14:18:34.447+0300: 1115.344: [GC (Allocation Failure) [PSYoungGen: 191595K->10199K(193536K)] 486288K->306357K(603136K), 0.0024033 secs] [Times: user=0.00 sys=0.00, real=0.00 secs] 
2024-10-04T14:18:34.447+0300: 1115.347: Total time for which application threads were stopped: 0.0026560 seconds, Stopping threads took: 0.0000854 seconds
2024-10-04T14:18:35.168+0300: 1116.075: Application time: 0.7281821 seconds
2024-10-04T14:18:35.168+0300: 1116.075: [GC (Allocation Failure) [PSYoungGen: 191953K->9455K(193536K)] 488111K->308503K(603136K), 0.0024079 secs] [Times: user=0.00 sys=0.00, real=0.00 secs] 
2024-10-04T14:18:35.168+0300: 1116.078: Total time for which application threads were stopped: 0.0027183 seconds, Stopping threads took: 0.0001666 seconds
2024-10-04T14:18:35.404+0300: 1116.314: Application time: 0.2363249 seconds
2024-10-04T14:18:35.404+0300: 1116.314: [GC (Allocation Failure) [PSYoungGen: 191697K->9487K(193536K)] 490745K->309975K(603136K), 0.0024006 secs] [Times: user=0.02 sys=0.00, real=0.02 secs] 
2024-10-04T14:18:35.420+0300: 1116.317: Total time for which application threads were stopped: 0.0027317 seconds, Stopping threads took: 0.0001847 seconds
2024-10-04T14:18:35.561+0300: 1116.461: Application time: 0.1440930 seconds
2024-10-04T14:18:35.561+0300: 1116.461: [GC (Allocation Failure) [PSYoungGen: 191636K->9390K(193536K)] 492125K->310680K(603136K), 0.0021219 secs] [Times: user=0.00 sys=0.00, real=0.00 secs] 
2024-10-04T14:18:35.561+0300: 1116.463: Total time for which application threads were stopped: 0.0024063 seconds, Stopping threads took: 0.0001555 seconds
2024-10-04T14:18:36.003+0300: 1116.900: Application time: 0.4370085 seconds
2024-10-04T14:18:36.003+0300: 1116.901: [GC (Allocation Failure) [PSYoungGen: 191455K->7965K(193536K)] 492744K->311432K(603136K), 0.0022120 secs] [Times: user=0.00 sys=0.00, real=0.00 secs] 
2024-10-04T14:18:36.003+0300: 1116.903: Total time for which application threads were stopped: 0.0024985 seconds, Stopping threads took: 0.0001357 seconds
2024-10-04T14:18:36.455+0300: 1117.352: Application time: 0.4492337 seconds
2024-10-04T14:18:36.455+0300: 1117.352: [GC (Allocation Failure) [PSYoungGen: 190029K->7965K(193536K)] 493496K->312201K(603136K), 0.0020081 secs] [Times: user=0.00 sys=0.00, real=0.00 secs] 
2024-10-04T14:18:36.455+0300: 1117.354: Total time for which application threads were stopped: 0.0023247 seconds, Stopping threads took: 0.0001776 seconds
2024-10-04T14:18:36.816+0300: 1117.725: Application time: 0.3707712 seconds
2024-10-04T14:18:36.816+0300: 1117.725: [GC (Allocation Failure) [PSYoungGen: 190237K->10912K(193536K)] 494473K->315900K(603136K), 0.0023928 secs] [Times: user=0.00 sys=0.00, real=0.00 secs] 
2024-10-04T14:18:36.816+0300: 1117.728: Total time for which application threads were stopped: 0.0027451 seconds, Stopping threads took: 0.0001834 seconds
2024-10-04T14:18:37.475+0300: 1118.382: Application time: 0.6539004 seconds
2024-10-04T14:18:37.475+0300: 1118.382: [GC (Allocation Failure) [PSYoungGen: 193119K->9487K(192512K)] 498108K->316652K(602112K), 0.0023449 secs] [Times: user=0.00 sys=0.00, real=0.00 secs] 
2024-10-04T14:18:37.475+0300: 1118.385: Total time for which application threads were stopped: 0.0029884 seconds, Stopping threads took: 0.0005196 seconds
2024-10-04T14:18:37.538+0300: 1118.442: Application time: 0.0574152 seconds
2024-10-04T14:18:37.538+0300: 1118.442: [GC (Allocation Failure) [PSYoungGen: 190343K->8710K(193024K)] 497508K->317357K(602624K), 0.0022446 secs] [Times: user=0.00 sys=0.00, real=0.00 secs] 
2024-10-04T14:18:37.538+0300: 1118.445: Total time for which application threads were stopped: 0.0025638 seconds, Stopping threads took: 0.0001869 seconds
2024-10-04T14:18:37.883+0300: 1118.791: Application time: 0.3461441 seconds
2024-10-04T14:18:37.883+0300: 1118.791: [GC (Allocation Failure) [PSYoungGen: 189337K->10103K(192512K)] 497984K->319518K(602112K), 0.0023212 secs] [Times: user=0.01 sys=0.00, real=0.00 secs] 
2024-10-04T14:18:37.883+0300: 1118.794: Total time for which application threads were stopped: 0.0026159 seconds, Stopping threads took: 0.0001412 seconds
2024-10-04T14:18:38.244+0300: 1119.153: Application time: 0.3597246 seconds
2024-10-04T14:18:38.244+0300: 1119.154: [GC (Allocation Failure) [PSYoungGen: 191153K->9454K(193024K)] 500569K->321047K(602624K), 0.0024266 secs] [Times: user=0.00 sys=0.00, real=0.02 secs] 
2024-10-04T14:18:38.260+0300: 1119.156: Total time for which application threads were stopped: 0.0027976 seconds, Stopping threads took: 0.0002086 seconds
2024-10-04T14:18:38.683+0300: 1119.581: Application time: 0.4249365 seconds
2024-10-04T14:18:38.683+0300: 1119.581: [GC (Allocation Failure) [PSYoungGen: 190465K->10167K(193536K)] 502058K->322548K(603136K), 0.0024190 secs] [Times: user=0.00 sys=0.00, real=0.00 secs] 
2024-10-04T14:18:38.683+0300: 1119.584: Total time for which application threads were stopped: 0.0027283 seconds, Stopping threads took: 0.0001489 seconds
2024-10-04T14:18:39.090+0300: 1119.988: Application time: 0.4042766 seconds
2024-10-04T14:18:39.090+0300: 1119.988: [GC (Allocation Failure) [PSYoungGen: 192336K->9423K(193536K)] 504718K->323958K(603136K), 0.0023463 secs] [Times: user=0.00 sys=0.00, real=0.00 secs] 
2024-10-04T14:18:39.090+0300: 1119.991: Total time for which application threads were stopped: 0.0026604 seconds, Stopping threads took: 0.0001817 seconds
2024-10-04T14:18:39.577+0300: 1120.484: Application time: 0.4929159 seconds
2024-10-04T14:18:39.577+0300: 1120.484: [GC (Allocation Failure) [PSYoungGen: 191612K->10199K(193536K)] 506147K->326199K(603136K), 0.0024119 secs] [Times: user=0.00 sys=0.00, real=0.00 secs] 
2024-10-04T14:18:39.577+0300: 1120.486: Total time for which application threads were stopped: 0.0027620 seconds, Stopping threads took: 0.0002016 seconds
2024-10-04T14:18:39.796+0300: 1120.704: Application time: 0.2181428 seconds
2024-10-04T14:18:39.796+0300: 1120.705: [GC (Allocation Failure) [PSYoungGen: 192407K->10103K(193536K)] 508407K->327576K(603136K), 0.0024081 secs] [Times: user=0.01 sys=0.00, real=0.01 secs] 
2024-10-04T14:18:39.810+0300: 1120.707: Total time for which application threads were stopped: 0.0027691 seconds, Stopping threads took: 0.0002224 seconds
2024-10-04T14:18:40.221+0300: 1121.120: Application time: 0.4128437 seconds
2024-10-04T14:18:40.221+0300: 1121.120: [GC (Allocation Failure) [PSYoungGen: 192193K->8678K(193536K)] 509666K->328345K(603136K), 0.0022268 secs] [Times: user=0.00 sys=0.00, real=0.00 secs] 
2024-10-04T14:18:40.221+0300: 1121.123: Total time for which application threads were stopped: 0.0025286 seconds, Stopping threads took: 0.0001525 seconds
2024-10-04T14:18:40.534+0300: 1121.446: Application time: 0.3233144 seconds
2024-10-04T14:18:40.550+0300: 1121.447: [GC (Allocation Failure) [PSYoungGen: 190512K->9454K(193536K)] 510179K->329882K(603136K), 0.0023377 secs] [Times: user=0.00 sys=0.00, real=0.00 secs] 
2024-10-04T14:18:40.550+0300: 1121.449: Total time for which application threads were stopped: 0.0029888 seconds, Stopping threads took: 0.0004708 seconds
2024-10-04T14:18:40.943+0300: 1121.840: Application time: 0.3910386 seconds
2024-10-04T14:18:40.943+0300: 1121.840: [GC (Allocation Failure) [PSYoungGen: 191608K->10911K(192512K)] 512036K->332127K(602112K), 0.0025041 secs] [Times: user=0.00 sys=0.00, real=0.00 secs] 
2024-10-04T14:18:40.943+0300: 1121.843: Total time for which application threads were stopped: 0.0028504 seconds, Stopping threads took: 0.0002037 seconds
2024-10-04T14:18:41.445+0300: 1122.354: Application time: 0.5107198 seconds
2024-10-04T14:18:41.445+0300: 1122.354: [GC (Allocation Failure) [PSYoungGen: 191931K->9390K(193024K)] 513147K->332800K(602624K), 0.0023555 secs] [Times: user=0.00 sys=0.00, real=0.00 secs] 
2024-10-04T14:18:41.445+0300: 1122.356: Total time for which application threads were stopped: 0.0026452 seconds, Stopping threads took: 0.0001465 seconds
2024-10-04T14:18:41.789+0300: 1122.697: Application time: 0.3404399 seconds
2024-10-04T14:18:41.789+0300: 1122.697: [GC (Allocation Failure) [PSYoungGen: 190154K->10167K(193024K)] 513564K->335018K(602624K), 0.0024408 secs] [Times: user=0.00 sys=0.00, real=0.00 secs] 
2024-10-04T14:18:41.789+0300: 1122.699: Total time for which application threads were stopped: 0.0028101 seconds, Stopping threads took: 0.0002099 seconds
2024-10-04T14:18:42.198+0300: 1123.095: Application time: 0.3959012 seconds
2024-10-04T14:18:42.198+0300: 1123.096: [GC (Allocation Failure) [PSYoungGen: 190861K->9359K(193024K)] 515711K->336403K(602624K), 0.0023353 secs] [Times: user=0.00 sys=0.00, real=0.00 secs] 
2024-10-04T14:18:42.198+0300: 1123.098: Total time for which application threads were stopped: 0.0026328 seconds, Stopping threads took: 0.0001651 seconds
2024-10-04T14:18:42.527+0300: 1123.426: Application time: 0.3277531 seconds
2024-10-04T14:18:42.527+0300: 1123.426: [GC (Allocation Failure) [PSYoungGen: 190469K->9486K(193536K)] 517513K->338004K(603136K), 0.0022932 secs] [Times: user=0.00 sys=0.00, real=0.00 secs] 
2024-10-04T14:18:42.527+0300: 1123.428: Total time for which application threads were stopped: 0.0026155 seconds, Stopping threads took: 0.0001885 seconds
2024-10-04T14:18:42.872+0300: 1123.779: Application time: 0.3506204 seconds
2024-10-04T14:18:42.872+0300: 1123.779: [GC (Allocation Failure) [PSYoungGen: 191608K->10103K(193536K)] 520125K->339417K(603136K), 0.0022702 secs] [Times: user=0.00 sys=0.00, real=0.00 secs] 
2024-10-04T14:18:42.872+0300: 1123.782: Total time for which application threads were stopped: 0.0026141 seconds, Stopping threads took: 0.0002144 seconds
2024-10-04T14:18:43.029+0300: 1123.938: Application time: 0.1560473 seconds
2024-10-04T14:18:43.029+0300: 1123.938: [GC (Allocation Failure) [PSYoungGen: 192287K->9358K(193536K)] 521600K->340161K(603136K), 0.0021569 secs] [Times: user=0.00 sys=0.00, real=0.00 secs] 
2024-10-04T14:18:43.029+0300: 1123.940: Total time for which application threads were stopped: 0.0024692 seconds, Stopping threads took: 0.0001678 seconds
2024-10-04T14:18:43.735+0300: 1124.641: Application time: 0.7010885 seconds
2024-10-04T14:18:43.735+0300: 1124.641: [GC (Allocation Failure) [PSYoungGen: 191093K->10880K(193536K)] 521896K->342435K(603136K), 0.0024726 secs] [Times: user=0.00 sys=0.00, real=0.00 secs] 
2024-10-04T14:18:43.735+0300: 1124.644: Total time for which application threads were stopped: 0.0028494 seconds, Stopping threads took: 0.0001557 seconds
2024-10-04T14:18:44.111+0300: 1125.011: Application time: 0.3669995 seconds
2024-10-04T14:18:44.111+0300: 1125.011: [GC (Allocation Failure) [PSYoungGen: 193093K->9423K(193536K)] 524648K->343131K(603136K), 0.0025327 secs] [Times: user=0.00 sys=0.00, real=0.00 secs] 
2024-10-04T14:18:44.111+0300: 1125.014: Total time for which application threads were stopped: 0.0028413 seconds, Stopping threads took: 0.0001662 seconds
2024-10-04T14:18:44.457+0300: 1125.364: Application time: 0.3503331 seconds
2024-10-04T14:18:44.457+0300: 1125.365: [GC (Allocation Failure) [PSYoungGen: 191609K->8678K(190976K)] 525318K->344589K(600576K), 0.0023848 secs] [Times: user=0.00 sys=0.00, real=0.00 secs] 
2024-10-04T14:18:44.457+0300: 1125.367: Total time for which application threads were stopped: 0.0027384 seconds, Stopping threads took: 0.0002087 seconds
2024-10-04T14:18:44.692+0300: 1125.590: Application time: 0.2232727 seconds
2024-10-04T14:18:44.692+0300: 1125.591: [GC (Allocation Failure) [PSYoungGen: 190552K->8774K(193536K)] 526463K->345437K(603136K), 0.0022202 secs] [Times: user=0.00 sys=0.00, real=0.00 secs] 
2024-10-04T14:18:44.692+0300: 1125.593: Total time for which application threads were stopped: 0.0025609 seconds, Stopping threads took: 0.0001920 seconds
2024-10-04T14:18:44.991+0300: 1125.901: Application time: 0.3086069 seconds
2024-10-04T14:18:44.991+0300: 1125.902: [GC (Allocation Failure) [PSYoungGen: 190170K->10103K(193024K)] 526833K->347567K(602624K), 0.0024334 secs] [Times: user=0.01 sys=0.00, real=0.02 secs] 
2024-10-04T14:18:45.007+0300: 1125.904: Total time for which application threads were stopped: 0.0028042 seconds, Stopping threads took: 0.0002152 seconds
2024-10-04T14:18:45.289+0300: 1126.190: Application time: 0.2853232 seconds
2024-10-04T14:18:45.289+0300: 1126.190: [GC (Allocation Failure) [PSYoungGen: 191476K->8710K(193024K)] 528940K->347654K(602624K), 0.0022303 secs] [Times: user=0.00 sys=0.00, real=0.00 secs] 
2024-10-04T14:18:45.289+0300: 1126.192: Total time for which application threads were stopped: 0.0025750 seconds, Stopping threads took: 0.0001921 seconds
2024-10-04T14:18:45.869+0300: 1126.770: Application time: 0.5778187 seconds
2024-10-04T14:18:45.869+0300: 1126.770: [GC (Allocation Failure) [PSYoungGen: 189383K->10135K(193024K)] 528327K->351265K(602624K), 0.0026351 secs] [Times: user=0.00 sys=0.00, real=0.00 secs] 
2024-10-04T14:18:45.869+0300: 1126.773: Total time for which application threads were stopped: 0.0030856 seconds, Stopping threads took: 0.0002182 seconds
2024-10-04T14:18:46.355+0300: 1127.260: Application time: 0.4871010 seconds
2024-10-04T14:18:46.355+0300: 1127.260: [GC (Allocation Failure) [PSYoungGen: 190873K->10199K(193024K)] 532003K->352794K(602624K), 0.0025964 secs] [Times: user=0.00 sys=0.00, real=0.00 secs] 
2024-10-04T14:18:46.355+0300: 1127.263: Total time for which application threads were stopped: 0.0028940 seconds, Stopping threads took: 0.0001240 seconds
2024-10-04T14:18:46.763+0300: 1127.672: Application time: 0.4086369 seconds
2024-10-04T14:18:46.763+0300: 1127.672: [GC (Allocation Failure) [PSYoungGen: 191203K->9391K(193024K)] 533798K->353467K(602624K), 0.0023786 secs] [Times: user=0.00 sys=0.00, real=0.00 secs] 
2024-10-04T14:18:46.763+0300: 1127.674: Total time for which application threads were stopped: 0.0027090 seconds, Stopping threads took: 0.0001924 seconds
2024-10-04T14:18:46.924+0300: 1127.820: Application time: 0.1457984 seconds
2024-10-04T14:18:46.924+0300: 1127.821: [GC (Allocation Failure) [PSYoungGen: 190552K->8774K(193536K)] 534628K->354291K(603136K), 0.0021724 secs] [Times: user=0.00 sys=0.00, real=0.00 secs] 
2024-10-04T14:18:46.924+0300: 1127.823: Total time for which application threads were stopped: 0.0025900 seconds, Stopping threads took: 0.0002915 seconds
2024-10-04T14:18:47.225+0300: 1128.124: Application time: 0.3010535 seconds
2024-10-04T14:18:47.225+0300: 1128.124: [GC (Allocation Failure) [PSYoungGen: 190892K->9358K(193536K)] 536410K->356401K(603136K), 0.0023210 secs] [Times: user=0.00 sys=0.00, real=0.00 secs] 
2024-10-04T14:18:47.225+0300: 1128.127: Total time for which application threads were stopped: 0.0026456 seconds, Stopping threads took: 0.0001663 seconds
2024-10-04T14:18:47.595+0300: 1128.506: Application time: 0.3798245 seconds
2024-10-04T14:18:47.610+0300: 1128.507: [GC (Allocation Failure) [PSYoungGen: 191434K->10199K(193536K)] 538477K->357994K(603136K), 0.0025296 secs] [Times: user=0.00 sys=0.00, real=0.00 secs] 
2024-10-04T14:18:47.610+0300: 1128.509: Total time for which application threads were stopped: 0.0029009 seconds, Stopping threads took: 0.0001766 seconds
2024-10-04T14:18:48.065+0300: 1128.969: Application time: 0.4598584 seconds
2024-10-04T14:18:48.065+0300: 1128.969: [GC (Allocation Failure) [PSYoungGen: 192362K->10135K(193536K)] 540157K->360124K(603136K), 0.0024601 secs] [Times: user=0.00 sys=0.00, real=0.00 secs] 
2024-10-04T14:18:48.065+0300: 1128.972: Total time for which application threads were stopped: 0.0028077 seconds, Stopping threads took: 0.0002084 seconds
2024-10-04T14:18:48.489+0300: 1129.396: Application time: 0.4241736 seconds
2024-10-04T14:18:48.489+0300: 1129.396: [GC (Allocation Failure) [PSYoungGen: 192307K->10199K(192512K)] 542296K->361653K(602112K), 0.0023924 secs] [Times: user=0.00 sys=0.00, real=0.00 secs] 
2024-10-04T14:18:48.489+0300: 1129.399: Total time for which application threads were stopped: 0.0028088 seconds, Stopping threads took: 0.0002217 seconds
2024-10-04T14:18:49.007+0300: 1129.916: Application time: 0.5170570 seconds
2024-10-04T14:18:49.007+0300: 1129.916: [GC (Allocation Failure) [PSYoungGen: 190990K->10199K(193024K)] 542443K->363118K(602624K), 0.0026424 secs] [Times: user=0.03 sys=0.00, real=0.02 secs] 
2024-10-04T14:18:49.023+0300: 1129.919: Total time for which application threads were stopped: 0.0030720 seconds, Stopping threads took: 0.0002334 seconds
2024-10-04T14:18:49.133+0300: 1130.043: Application time: 0.1241729 seconds
2024-10-04T14:18:49.133+0300: 1130.043: [GC (Allocation Failure) [PSYoungGen: 190928K->10135K(193024K)] 543846K->364535K(602624K), 0.0026547 secs] [Times: user=0.02 sys=0.00, real=0.02 secs] 
2024-10-04T14:18:49.149+0300: 1130.046: Total time for which application threads were stopped: 0.0030128 seconds, Stopping threads took: 0.0002054 seconds
2024-10-04T14:18:49.463+0300: 1130.365: Application time: 0.3189801 seconds
2024-10-04T14:18:49.463+0300: 1130.365: [GC (Allocation Failure) [PSYoungGen: 190807K->9358K(193024K)] 545207K->365247K(602624K), 0.0022939 secs] [Times: user=0.00 sys=0.00, real=0.00 secs] 
2024-10-04T14:18:49.463+0300: 1130.368: Total time for which application threads were stopped: 0.0026174 seconds, Stopping threads took: 0.0001880 seconds
2024-10-04T14:18:49.855+0300: 1130.756: Application time: 0.3884559 seconds
2024-10-04T14:18:49.855+0300: 1130.757: [GC (Allocation Failure) [PSYoungGen: 189994K->9422K(193536K)] 545883K->366784K(603136K), 0.0022475 secs] [Times: user=0.00 sys=0.00, real=0.00 secs] 
2024-10-04T14:18:49.855+0300: 1130.759: Total time for which application threads were stopped: 0.0025371 seconds, Stopping threads took: 0.0001590 seconds
2024-10-04T14:18:50.247+0300: 1131.150: Application time: 0.3908489 seconds
2024-10-04T14:18:50.247+0300: 1131.150: [GC (Allocation Failure) [PSYoungGen: 191562K->10199K(193536K)] 548924K->369026K(603136K), 0.0024094 secs] [Times: user=0.00 sys=0.00, real=0.00 secs] 
2024-10-04T14:18:50.247+0300: 1131.152: Total time for which application threads were stopped: 0.0027030 seconds, Stopping threads took: 0.0001543 seconds
2024-10-04T14:18:50.702+0300: 1131.608: Application time: 0.4557395 seconds
2024-10-04T14:18:50.702+0300: 1131.609: [GC (Allocation Failure) [PSYoungGen: 192405K->9423K(193536K)] 551232K->370435K(603136K), 0.0026284 secs] [Times: user=0.05 sys=0.02, real=0.00 secs] 
2024-10-04T14:18:50.702+0300: 1131.611: Total time for which application threads were stopped: 0.0031168 seconds, Stopping threads took: 0.0002864 seconds
2024-10-04T14:18:51.173+0300: 1132.081: Application time: 0.4700701 seconds
2024-10-04T14:18:51.173+0300: 1132.082: [GC (Allocation Failure) [PSYoungGen: 191615K->10167K(193536K)] 552628K->371932K(603136K), 0.0024030 secs] [Times: user=0.00 sys=0.00, real=0.00 secs] 
2024-10-04T14:18:51.173+0300: 1132.084: Total time for which application threads were stopped: 0.0028078 seconds, Stopping threads took: 0.0002101 seconds
2024-10-04T14:18:51.361+0300: 1132.265: Application time: 0.1812381 seconds
2024-10-04T14:18:51.361+0300: 1132.266: [GC (Allocation Failure) [PSYoungGen: 192394K->10167K(193536K)] 554159K->373405K(603136K), 0.0024377 secs] [Times: user=0.00 sys=0.00, real=0.00 secs] 
2024-10-04T14:18:51.361+0300: 1132.268: Total time for which application threads were stopped: 0.0027684 seconds, Stopping threads took: 0.0001836 seconds
2024-10-04T14:18:51.769+0300: 1132.667: Application time: 0.3985804 seconds
2024-10-04T14:18:51.769+0300: 1132.667: [GC (Allocation Failure) [PSYoungGen: 192265K->9326K(193536K)] 555503K->374774K(603136K), 0.0025551 secs] [Times: user=0.00 sys=0.00, real=0.00 secs] 
2024-10-04T14:18:51.769+0300: 1132.670: Total time for which application threads were stopped: 0.0029523 seconds, Stopping threads took: 0.0002138 seconds
2024-10-04T14:18:52.134+0300: 1133.039: Application time: 0.3694607 seconds
2024-10-04T14:18:52.134+0300: 1133.039: [GC (Allocation Failure) [PSYoungGen: 191547K->8710K(193536K)] 556995K->375639K(603136K), 0.0023236 secs] [Times: user=0.00 sys=0.00, real=0.00 secs] 
2024-10-04T14:18:52.134+0300: 1133.042: Total time for which application threads were stopped: 0.0025888 seconds, Stopping threads took: 0.0000971 seconds
2024-10-04T14:18:52.554+0300: 1133.453: Application time: 0.4107819 seconds
2024-10-04T14:18:52.554+0300: 1133.453: [GC (Allocation Failure) [PSYoungGen: 190982K->10167K(193536K)] 557911K->377856K(603136K), 0.0022289 secs] [Times: user=0.00 sys=0.00, real=0.00 secs] 
2024-10-04T14:18:52.554+0300: 1133.455: Total time for which application threads were stopped: 0.0025085 seconds, Stopping threads took: 0.0001382 seconds
2024-10-04T14:18:52.993+0300: 1133.892: Application time: 0.4366980 seconds
2024-10-04T14:18:52.993+0300: 1133.892: [GC (Allocation Failure) [PSYoungGen: 192359K->8678K(193536K)] 560049K->379274K(603136K), 0.0025110 secs] [Times: user=0.00 sys=0.00, real=0.00 secs] 
2024-10-04T14:18:52.993+0300: 1133.895: Total time for which application threads were stopped: 0.0028731 seconds, Stopping threads took: 0.0001843 seconds
2024-10-04T14:18:53.636+0300: 1134.536: Application time: 0.6414325 seconds
2024-10-04T14:18:53.636+0300: 1134.536: [GC (Allocation Failure) [PSYoungGen: 190900K->9422K(193536K)] 561496K->380794K(603136K), 0.0022301 secs] [Times: user=0.00 sys=0.00, real=0.00 secs] 
2024-10-04T14:18:53.636+0300: 1134.539: Total time for which application threads were stopped: 0.0025477 seconds, Stopping threads took: 0.0001419 seconds
2024-10-04T14:18:53.714+0300: 1134.613: Application time: 0.0745750 seconds
2024-10-04T14:18:53.714+0300: 1134.613: [GC (Allocation Failure) [PSYoungGen: 191284K->10135K(193536K)] 562656K->382275K(603136K), 0.0023946 secs] [Times: user=0.02 sys=0.00, real=0.00 secs] 
2024-10-04T14:18:53.714+0300: 1134.616: Total time for which application threads were stopped: 0.0026939 seconds, Stopping threads took: 0.0001520 seconds
2024-10-04T14:18:54.092+0300: 1134.994: Application time: 0.3784363 seconds
2024-10-04T14:18:54.092+0300: 1134.995: [GC (Allocation Failure) [PSYoungGen: 192272K->10103K(193536K)] 564413K->384481K(603136K), 0.0025894 secs] [Times: user=0.00 sys=0.00, real=0.00 secs] 
2024-10-04T14:18:54.092+0300: 1134.997: Total time for which application threads were stopped: 0.0028727 seconds, Stopping threads took: 0.0000894 seconds
2024-10-04T14:18:54.547+0300: 1135.457: Application time: 0.4597292 seconds
2024-10-04T14:18:54.547+0300: 1135.457: [GC (Allocation Failure) [PSYoungGen: 191848K->8742K(193536K)] 566226K->384585K(603136K), 0.0024067 secs] [Times: user=0.01 sys=0.00, real=0.02 secs] 
2024-10-04T14:18:54.562+0300: 1135.460: Total time for which application threads were stopped: 0.0027255 seconds, Stopping threads took: 0.0001539 seconds
2024-10-04T14:18:54.782+0300: 1135.688: Application time: 0.2286897 seconds
2024-10-04T14:18:54.782+0300: 1135.689: [GC (Allocation Failure) [PSYoungGen: 190661K->10911K(193536K)] 566504K->387475K(603136K), 0.0024594 secs] [Times: user=0.00 sys=0.00, real=0.00 secs] 
2024-10-04T14:18:54.782+0300: 1135.691: Total time for which application threads were stopped: 0.0027775 seconds, Stopping threads took: 0.0001648 seconds
2024-10-04T14:18:55.409+0300: 1136.318: Application time: 0.6265612 seconds
2024-10-04T14:18:55.409+0300: 1136.318: [GC (Allocation Failure) [PSYoungGen: 192657K->9455K(192512K)] 569221K->388957K(602112K), 0.0027072 secs] [Times: user=0.05 sys=0.00, real=0.00 secs] 
2024-10-04T14:18:55.409+0300: 1136.321: Total time for which application threads were stopped: 0.0030572 seconds, Stopping threads took: 0.0001797 seconds
2024-10-04T14:18:55.896+0300: 1136.796: Application time: 0.4756520 seconds
2024-10-04T14:18:55.896+0300: 1136.797: [GC (Allocation Failure) [PSYoungGen: 190278K->8742K(193024K)] 569780K->388964K(602624K), 0.0021607 secs] [Times: user=0.00 sys=0.00, real=0.00 secs] 
2024-10-04T14:18:55.896+0300: 1136.799: Total time for which application threads were stopped: 0.0025131 seconds, Stopping threads took: 0.0001842 seconds
2024-10-04T14:18:55.959+0300: 1136.862: Application time: 0.0631979 seconds
2024-10-04T14:18:55.959+0300: 1136.862: [GC (Allocation Failure) [PSYoungGen: 189952K->9390K(193536K)] 570175K->390389K(603136K), 0.0023339 secs] [Times: user=0.00 sys=0.00, real=0.00 secs] 
2024-10-04T14:18:55.959+0300: 1136.865: Total time for which application threads were stopped: 0.0026919 seconds, Stopping threads took: 0.0002062 seconds
2024-10-04T14:18:56.257+0300: 1137.166: Application time: 0.3014155 seconds
2024-10-04T14:18:56.257+0300: 1137.167: [GC (Allocation Failure) [PSYoungGen: 190788K->10071K(193024K)] 571787K->392579K(602624K), 0.0026678 secs] [Times: user=0.02 sys=0.01, real=0.02 secs] 
2024-10-04T14:18:56.272+0300: 1137.169: Total time for which application threads were stopped: 0.0030580 seconds, Stopping threads took: 0.0002220 seconds
2024-10-04T14:18:56.852+0300: 1137.753: Application time: 0.5839736 seconds
2024-10-04T14:18:56.852+0300: 1137.754: [GC (Allocation Failure) [PSYoungGen: 191501K->9454K(193536K)] 574009K->393435K(603136K), 0.0024734 secs] [Times: user=0.00 sys=0.00, real=0.00 secs] 
2024-10-04T14:18:56.852+0300: 1137.756: Total time for which application threads were stopped: 0.0028520 seconds, Stopping threads took: 0.0002022 seconds
2024-10-04T14:18:57.197+0300: 1138.095: Application time: 0.3388020 seconds
2024-10-04T14:18:57.200+0300: 1138.096: [GC (Allocation Failure) [PSYoungGen: 191580K->9422K(193536K)] 575561K->394172K(603136K), 0.0021625 secs] [Times: user=0.00 sys=0.00, real=0.00 secs] 
2024-10-04T14:18:57.202+0300: 1138.098: Total time for which application threads were stopped: 0.0029667 seconds, Stopping threads took: 0.0006139 seconds
2024-10-04T14:18:57.698+0300: 1138.609: Application time: 0.5109485 seconds
2024-10-04T14:18:57.698+0300: 1138.609: [GC (Allocation Failure) [PSYoungGen: 191177K->9455K(193536K)] 575927K->397094K(603136K), 0.0029197 secs] [Times: user=0.02 sys=0.00, real=0.02 secs] 
2024-10-04T14:18:57.714+0300: 1138.612: Total time for which application threads were stopped: 0.0032237 seconds, Stopping threads took: 0.0001460 seconds
2024-10-04T14:18:58.145+0300: 1139.049: Application time: 0.4366301 seconds
2024-10-04T14:18:58.145+0300: 1139.049: [GC (Allocation Failure) [PSYoungGen: 191630K->9423K(193536K)] 579270K->398519K(603136K), 0.0026395 secs] [Times: user=0.01 sys=0.00, real=0.01 secs] 
2024-10-04T14:18:58.153+0300: 1139.052: Total time for which application threads were stopped: 0.0029819 seconds, Stopping threads took: 0.0001818 seconds
2024-10-04T14:18:58.326+0300: 1139.225: Application time: 0.1733282 seconds
2024-10-04T14:18:58.326+0300: 1139.225: [GC (Allocation Failure) [PSYoungGen: 191271K->10847K(193536K)] 580368K->400713K(603136K), 0.0024361 secs] [Times: user=0.02 sys=0.00, real=0.00 secs] 
2024-10-04T14:18:58.326+0300: 1139.228: Total time for which application threads were stopped: 0.0027582 seconds, Stopping threads took: 0.0001752 seconds
2024-10-04T14:18:58.514+0300: 1139.417: Application time: 0.1894167 seconds
2024-10-04T14:18:58.514+0300: 1139.417: [GC (Allocation Failure) [PSYoungGen: 192972K->9358K(193536K)] 582837K->401453K(603136K), 0.0024549 secs] [Times: user=0.02 sys=0.00, real=0.00 secs] 
2024-10-04T14:18:58.514+0300: 1139.420: Total time for which application threads were stopped: 0.0027662 seconds, Stopping threads took: 0.0001516 seconds
2024-10-04T14:18:58.954+0300: 1139.863: Application time: 0.4432599 seconds
2024-10-04T14:18:58.954+0300: 1139.863: [GC (Allocation Failure) [PSYoungGen: 191452K->8742K(193536K)] 583547K->402310K(603136K), 0.0025703 secs] [Times: user=0.02 sys=0.00, real=0.02 secs] 
2024-10-04T14:18:58.970+0300: 1139.866: Total time for which application threads were stopped: 0.0028831 seconds, Stopping threads took: 0.0001504 seconds
2024-10-04T14:18:59.461+0300: 1140.357: Application time: 0.4913119 seconds
2024-10-04T14:18:59.461+0300: 1140.358: [GC (Allocation Failure) [PSYoungGen: 190872K->10879K(193536K)] 584440K->404496K(603136K), 0.0025592 secs] [Times: user=0.03 sys=0.00, real=0.00 secs] 
2024-10-04T14:18:59.464+0300: 1140.360: Total time for which application threads were stopped: 0.0029098 seconds, Stopping threads took: 0.0001688 seconds
2024-10-04T14:19:00.085+0300: 1140.995: Application time: 0.6349087 seconds
2024-10-04T14:19:00.085+0300: 1140.995: [GC (Allocation Failure) [PSYoungGen: 192628K->9455K(193536K)] 586244K->405256K(603136K), 0.0024869 secs] [Times: user=0.05 sys=0.00, real=0.02 secs] 
2024-10-04T14:19:00.101+0300: 1140.998: Total time for which application threads were stopped: 0.0027783 seconds, Stopping threads took: 0.0001383 seconds
2024-10-04T14:19:00.462+0300: 1141.359: Application time: 0.3607410 seconds
2024-10-04T14:19:00.462+0300: 1141.359: [GC (Allocation Failure) [PSYoungGen: 191679K->8646K(190976K)] 587481K->406625K(600576K), 0.0023107 secs] [Times: user=0.00 sys=0.00, real=0.00 secs] 
2024-10-04T14:19:00.462+0300: 1141.361: Total time for which application threads were stopped: 0.0026105 seconds, Stopping threads took: 0.0001247 seconds
2024-10-04T14:19:00.587+0300: 1141.496: Application time: 0.1344738 seconds
2024-10-04T14:19:00.587+0300: 1141.496: [GC (Allocation Failure) [PSYoungGen: 190568K->8030K(193024K)] 588547K->406753K(602624K), 0.0024048 secs] [Times: user=0.00 sys=0.00, real=0.00 secs] 
2024-10-04T14:19:00.587+0300: 1141.499: Total time for which application threads were stopped: 0.0029851 seconds, Stopping threads took: 0.0004087 seconds
2024-10-04T14:19:00.916+0300: 1141.820: Application time: 0.3212249 seconds
2024-10-04T14:19:00.916+0300: 1141.820: [GC (Allocation Failure) [PSYoungGen: 188683K->10135K(193024K)] 587407K->409655K(602624K), 0.0023184 secs] [Times: user=0.00 sys=0.00, real=0.00 secs] 
2024-10-04T14:19:00.916+0300: 1141.823: Total time for which application threads were stopped: 0.0025775 seconds, Stopping threads took: 0.0001024 seconds
2024-10-04T14:19:01.356+0300: 1142.254: Application time: 0.4316464 seconds
2024-10-04T14:19:01.356+0300: 1142.254: [GC (Allocation Failure) [PSYoungGen: 190760K->8029K(193024K)] 590280K->409727K(602624K), 0.0023082 secs] [Times: user=0.00 sys=0.00, real=0.00 secs] 
2024-10-04T14:19:01.356+0300: 1142.257: Total time for which application threads were stopped: 0.0025757 seconds, Stopping threads took: 0.0001274 seconds
2024-10-04T14:19:01.905+0300: 1142.812: Application time: 0.5555473 seconds
2024-10-04T14:19:01.905+0300: 1142.813: [GC (Allocation Failure) [PSYoungGen: 188688K->10880K(192512K)] 590386K->413330K(602112K), 0.0026007 secs] [Times: user=0.00 sys=0.00, real=0.00 secs] 
2024-10-04T14:19:01.905+0300: 1142.815: Total time for which application threads were stopped: 0.0030021 seconds, Stopping threads took: 0.0002179 seconds
2024-10-04T14:19:02.391+0300: 1143.288: Application time: 0.4728760 seconds
2024-10-04T14:19:02.391+0300: 1143.289: [GC (Allocation Failure) [PSYoungGen: 191810K->9487K(193024K)] 594260K->414115K(602624K), 0.0024617 secs] [Times: user=0.00 sys=0.00, real=0.00 secs] 
2024-10-04T14:19:02.391+0300: 1143.291: Total time for which application threads were stopped: 0.0027879 seconds, Stopping threads took: 0.0001709 seconds
2024-10-04T14:19:02.783+0300: 1143.691: Application time: 0.3996668 seconds
2024-10-04T14:19:02.798+0300: 1143.695: [GC (Allocation Failure) [PSYoungGen: 190027K->10167K(192512K)] 594655K->415547K(602112K), 0.0028819 secs] [Times: user=0.00 sys=0.00, real=0.00 secs] 
2024-10-04T14:19:02.798+0300: 1143.698: Total time for which application threads were stopped: 0.0068018 seconds, Stopping threads took: 0.0037700 seconds
2024-10-04T14:19:02.830+0300: 1143.734: Application time: 0.0367043 seconds
2024-10-04T14:19:02.830+0300: 1143.734: [GC (Allocation Failure) [PSYoungGen: 190903K->7285K(192000K)] 596283K->414899K(601600K), 0.0021715 secs] [Times: user=0.00 sys=0.00, real=0.00 secs] 
2024-10-04T14:19:02.830+0300: 1143.737: [Full GC (Ergonomics) [PSYoungGen: 7285K->0K(192000K)] [ParOldGen: 407614K->17052K(409600K)] 414899K->17052K(601600K), [Metaspace: 8301K->8301K(1056768K)], 0.0078745 secs] [Times: user=0.01 sys=0.00, real=0.02 secs] 
2024-10-04T14:19:02.845+0300: 1143.745: Total time for which application threads were stopped: 0.0104067 seconds, Stopping threads took: 0.0001352 seconds
2024-10-04T14:19:03.238+0300: 1144.140: Application time: 0.3954702 seconds
2024-10-04T14:19:03.238+0300: 1144.140: [GC (Allocation Failure) [PSYoungGen: 179887K->9454K(192512K)] 196939K->26506K(602112K), 0.0017397 secs] [Times: user=0.00 sys=0.00, real=0.00 secs] 
2024-10-04T14:19:03.238+0300: 1144.142: Total time for which application threads were stopped: 0.0020249 seconds, Stopping threads took: 0.0001590 seconds
2024-10-04T14:19:03.630+0300: 1144.538: Application time: 0.3962971 seconds
2024-10-04T14:19:03.630+0300: 1144.539: [GC (Allocation Failure) [PSYoungGen: 189365K->9486K(193024K)] 206417K->28003K(602624K), 0.0021053 secs] [Times: user=0.00 sys=0.00, real=0.00 secs] 
2024-10-04T14:19:03.630+0300: 1144.541: Total time for which application threads were stopped: 0.0023843 seconds, Stopping threads took: 0.0000969 seconds
2024-10-04T14:19:04.085+0300: 1144.994: Application time: 0.4530049 seconds
2024-10-04T14:19:04.085+0300: 1144.994: [GC (Allocation Failure) [PSYoungGen: 190163K->10199K(193024K)] 208680K->30181K(602624K), 0.0021512 secs] [Times: user=0.00 sys=0.00, real=0.00 secs] 
2024-10-04T14:19:04.085+0300: 1144.996: Total time for which application threads were stopped: 0.0025826 seconds, Stopping threads took: 0.0002616 seconds
2024-10-04T14:19:04.557+0300: 1145.468: Application time: 0.4711080 seconds
2024-10-04T14:19:04.572+0300: 1145.468: [GC (Allocation Failure) [PSYoungGen: 190910K->10167K(193024K)] 210892K->32335K(602624K), 0.0022924 secs] [Times: user=0.00 sys=0.00, real=0.00 secs] 
2024-10-04T14:19:04.572+0300: 1145.470: Total time for which application threads were stopped: 0.0026895 seconds, Stopping threads took: 0.0002563 seconds
2024-10-04T14:19:05.011+0300: 1145.910: Application time: 0.4394351 seconds
2024-10-04T14:19:05.011+0300: 1145.910: [GC (Allocation Failure) [PSYoungGen: 190881K->9390K(193024K)] 213048K->33039K(602624K), 0.0022657 secs] [Times: user=0.02 sys=0.00, real=0.00 secs] 
2024-10-04T14:19:05.011+0300: 1145.912: Total time for which application threads were stopped: 0.0026059 seconds, Stopping threads took: 0.0001288 seconds
2024-10-04T14:19:05.089+0300: 1145.994: Application time: 0.0814993 seconds
2024-10-04T14:19:05.089+0300: 1145.994: [GC (Allocation Failure) [PSYoungGen: 190613K->9391K(193536K)] 214262K->33824K(603136K), 0.0020029 secs] [Times: user=0.00 sys=0.00, real=0.00 secs] 
2024-10-04T14:19:05.089+0300: 1145.996: Total time for which application threads were stopped: 0.0023280 seconds, Stopping threads took: 0.0001784 seconds
2024-10-04T14:19:05.482+0300: 1146.379: Application time: 0.3827499 seconds
2024-10-04T14:19:05.482+0300: 1146.379: [GC (Allocation Failure) [PSYoungGen: 190810K->10879K(193024K)] 215243K->36109K(602624K), 0.0022073 secs] [Times: user=0.00 sys=0.00, real=0.00 secs] 
2024-10-04T14:19:05.482+0300: 1146.381: Total time for which application threads were stopped: 0.0025071 seconds, Stopping threads took: 0.0001658 seconds
2024-10-04T14:19:05.890+0300: 1146.800: Application time: 0.4187571 seconds
2024-10-04T14:19:05.890+0300: 1146.800: [GC (Allocation Failure) [PSYoungGen: 192616K->9422K(193024K)] 217846K->36830K(602624K), 0.0024165 secs] [Times: user=0.02 sys=0.00, real=0.02 secs] 
2024-10-04T14:19:05.906+0300: 1146.803: Total time for which application threads were stopped: 0.0027456 seconds, Stopping threads took: 0.0001723 seconds
2024-10-04T14:19:06.282+0300: 1147.183: Application time: 0.3803814 seconds
2024-10-04T14:19:06.282+0300: 1147.183: [GC (Allocation Failure) [PSYoungGen: 190115K->10911K(193024K)] 217522K->39752K(602624K), 0.0022226 secs] [Times: user=0.00 sys=0.00, real=0.00 secs] 
2024-10-04T14:19:06.282+0300: 1147.186: Total time for which application threads were stopped: 0.0024699 seconds, Stopping threads took: 0.0000804 seconds
2024-10-04T14:19:06.784+0300: 1147.686: Application time: 0.5000681 seconds
2024-10-04T14:19:06.784+0300: 1147.686: [GC (Allocation Failure) [PSYoungGen: 191613K->9455K(193024K)] 220453K->41185K(602624K), 0.0023785 secs] [Times: user=0.00 sys=0.00, real=0.00 secs] 
2024-10-04T14:19:06.784+0300: 1147.689: Total time for which application threads were stopped: 0.0027757 seconds, Stopping threads took: 0.0001699 seconds
2024-10-04T14:19:07.193+0300: 1148.096: Application time: 0.4077166 seconds
2024-10-04T14:19:07.193+0300: 1148.097: [GC (Allocation Failure) [PSYoungGen: 190225K->9455K(193024K)] 221955K->41954K(602624K), 0.0019880 secs] [Times: user=0.00 sys=0.00, real=0.00 secs] 
2024-10-04T14:19:07.193+0300: 1148.099: Total time for which application threads were stopped: 0.0023774 seconds, Stopping threads took: 0.0002504 seconds
2024-10-04T14:19:07.412+0300: 1148.324: Application time: 0.2249824 seconds
2024-10-04T14:19:07.428+0300: 1148.324: [GC (Allocation Failure) [PSYoungGen: 190185K->10135K(193024K)] 222684K->43395K(602624K), 0.0019159 secs] [Times: user=0.00 sys=0.00, real=0.00 secs] 
2024-10-04T14:19:07.428+0300: 1148.326: Total time for which application threads were stopped: 0.0022912 seconds, Stopping threads took: 0.0002255 seconds
2024-10-04T14:19:07.538+0300: 1148.444: Application time: 0.1181835 seconds
2024-10-04T14:19:07.538+0300: 1148.444: [GC (Allocation Failure) [PSYoungGen: 191188K->9358K(193024K)] 224448K->44820K(602624K), 0.0021835 secs] [Times: user=0.00 sys=0.00, real=0.00 secs] 
2024-10-04T14:19:07.538+0300: 1148.447: Total time for which application threads were stopped: 0.0025110 seconds, Stopping threads took: 0.0001897 seconds
2024-10-04T14:19:08.263+0300: 1149.162: Application time: 0.7155152 seconds
2024-10-04T14:19:08.263+0300: 1149.162: [GC (Allocation Failure) [PSYoungGen: 190376K->9454K(193536K)] 225837K->45704K(603136K), 0.0021244 secs] [Times: user=0.00 sys=0.00, real=0.00 secs] 
2024-10-04T14:19:08.263+0300: 1149.165: Total time for which application threads were stopped: 0.0024446 seconds, Stopping threads took: 0.0001592 seconds
2024-10-04T14:19:08.694+0300: 1149.593: Application time: 0.4284383 seconds
2024-10-04T14:19:08.694+0300: 1149.593: [GC (Allocation Failure) [PSYoungGen: 190942K->10880K(193024K)] 227192K->48570K(602624K), 0.0024873 secs] [Times: user=0.00 sys=0.00, real=0.00 secs] 
2024-10-04T14:19:08.694+0300: 1149.596: Total time for which application threads were stopped: 0.0027892 seconds, Stopping threads took: 0.0001615 seconds
2024-10-04T14:19:09.139+0300: 1150.048: Application time: 0.4519430 seconds
2024-10-04T14:19:09.139+0300: 1150.048: [GC (Allocation Failure) [PSYoungGen: 192314K->8710K(193024K)] 230005K->49299K(602624K), 0.0020990 secs] [Times: user=0.00 sys=0.00, real=0.00 secs] 
2024-10-04T14:19:09.139+0300: 1150.050: Total time for which application threads were stopped: 0.0025859 seconds, Stopping threads took: 0.0003008 seconds
2024-10-04T14:19:09.407+0300: 1150.310: Application time: 0.2597196 seconds
2024-10-04T14:19:09.407+0300: 1150.310: [GC (Allocation Failure) [PSYoungGen: 189479K->9454K(193024K)] 230068K->50100K(602624K), 0.0018755 secs] [Times: user=0.00 sys=0.00, real=0.00 secs] 
2024-10-04T14:19:09.407+0300: 1150.312: Total time for which application threads were stopped: 0.0021910 seconds, Stopping threads took: 0.0001816 seconds
2024-10-04T14:19:09.736+0300: 1150.632: Application time: 0.3196669 seconds
2024-10-04T14:19:09.736+0300: 1150.632: [GC (Allocation Failure) [PSYoungGen: 190604K->9454K(193536K)] 231249K->51572K(603136K), 0.0020624 secs] [Times: user=0.00 sys=0.00, real=0.00 secs] 
2024-10-04T14:19:09.736+0300: 1150.634: Total time for which application threads were stopped: 0.0023782 seconds, Stopping threads took: 0.0001541 seconds
2024-10-04T14:19:09.845+0300: 1150.754: Application time: 0.1198436 seconds
2024-10-04T14:19:09.845+0300: 1150.754: [GC (Allocation Failure) [PSYoungGen: 190808K->8646K(193024K)] 232926K->52285K(602624K), 0.0018868 secs] [Times: user=0.00 sys=0.00, real=0.00 secs] 
2024-10-04T14:19:09.845+0300: 1150.756: Total time for which application threads were stopped: 0.0021585 seconds, Stopping threads took: 0.0001255 seconds
2024-10-04T14:19:10.614+0300: 1151.518: Application time: 0.7621210 seconds
2024-10-04T14:19:10.614+0300: 1151.519: [GC (Allocation Failure) [PSYoungGen: 190373K->9422K(193536K)] 234013K->54519K(603136K), 0.0023545 secs] [Times: user=0.00 sys=0.00, real=0.00 secs] 
2024-10-04T14:19:10.614+0300: 1151.521: Total time for which application threads were stopped: 0.0026311 seconds, Stopping threads took: 0.0001009 seconds
2024-10-04T14:19:10.991+0300: 1151.901: Application time: 0.3796531 seconds
2024-10-04T14:19:10.991+0300: 1151.901: [GC (Allocation Failure) [PSYoungGen: 191634K->10167K(193536K)] 236730K->56696K(603136K), 0.0022384 secs] [Times: user=0.02 sys=0.00, real=0.02 secs] 
2024-10-04T14:19:11.007+0300: 1151.903: Total time for which application threads were stopped: 0.0025313 seconds, Stopping threads took: 0.0001579 seconds
2024-10-04T14:19:11.351+0300: 1152.260: Application time: 0.3564775 seconds
2024-10-04T14:19:11.351+0300: 1152.260: [GC (Allocation Failure) [PSYoungGen: 192324K->7966K(192512K)] 238854K->57401K(602112K), 0.0019886 secs] [Times: user=0.00 sys=0.00, real=0.00 secs] 
2024-10-04T14:19:11.351+0300: 1152.262: Total time for which application threads were stopped: 0.0023556 seconds, Stopping threads took: 0.0002358 seconds
2024-10-04T14:19:11.697+0300: 1152.606: Application time: 0.3440403 seconds
2024-10-04T14:19:11.697+0300: 1152.606: [GC (Allocation Failure) [PSYoungGen: 188691K->8710K(193024K)] 238126K->58914K(602624K), 0.0020140 secs] [Times: user=0.00 sys=0.00, real=0.01 secs] 
2024-10-04T14:19:11.712+0300: 1152.609: Total time for which application threads were stopped: 0.0023945 seconds, Stopping threads took: 0.0001725 seconds
2024-10-04T14:19:11.932+0300: 1152.834: Application time: 0.2251245 seconds
2024-10-04T14:19:11.932+0300: 1152.834: [GC (Allocation Failure) [PSYoungGen: 189852K->10167K(192512K)] 240056K->61131K(602112K), 0.0021637 secs] [Times: user=0.00 sys=0.00, real=0.00 secs] 
2024-10-04T14:19:11.932+0300: 1152.836: Total time for which application threads were stopped: 0.0024927 seconds, Stopping threads took: 0.0001845 seconds
2024-10-04T14:19:12.151+0300: 1153.055: Application time: 0.2188628 seconds
2024-10-04T14:19:12.151+0300: 1153.055: [GC (Allocation Failure) [PSYoungGen: 190824K->9358K(193024K)] 241789K->61844K(602624K), 0.0019509 secs] [Times: user=0.00 sys=0.00, real=0.00 secs] 
2024-10-04T14:19:12.151+0300: 1153.057: Total time for which application threads were stopped: 0.0022594 seconds, Stopping threads took: 0.0001714 seconds
2024-10-04T14:19:12.857+0300: 1153.768: Application time: 0.7105347 seconds
2024-10-04T14:19:12.872+0300: 1153.768: [GC (Allocation Failure) [PSYoungGen: 190007K->10199K(192512K)] 242493K->64150K(602112K), 0.0022003 secs] [Times: user=0.00 sys=0.00, real=0.00 secs] 
2024-10-04T14:19:12.873+0300: 1153.771: Total time for which application threads were stopped: 0.0026347 seconds, Stopping threads took: 0.0002871 seconds
2024-10-04T14:19:13.249+0300: 1154.153: Application time: 0.3823925 seconds
2024-10-04T14:19:13.249+0300: 1154.153: [GC (Allocation Failure) [PSYoungGen: 191212K->10135K(193024K)] 245162K->66279K(602624K), 0.0022014 secs] [Times: user=0.00 sys=0.00, real=0.00 secs] 
2024-10-04T14:19:13.249+0300: 1154.155: Total time for which application threads were stopped: 0.0025139 seconds, Stopping threads took: 0.0001837 seconds
2024-10-04T14:19:13.595+0300: 1154.493: Application time: 0.3373321 seconds
2024-10-04T14:19:13.595+0300: 1154.493: [GC (Allocation Failure) [PSYoungGen: 190844K->8710K(193024K)] 246989K->67016K(602624K), 0.0024651 secs] [Times: user=0.00 sys=0.00, real=0.00 secs] 
2024-10-04T14:19:13.595+0300: 1154.496: Total time for which application threads were stopped: 0.0028395 seconds, Stopping threads took: 0.0001969 seconds
2024-10-04T14:19:14.018+0300: 1154.929: Application time: 0.4336131 seconds
2024-10-04T14:19:14.018+0300: 1154.930: [GC (Allocation Failure) [PSYoungGen: 189862K->8029K(193024K)] 248167K->67096K(602624K), 0.0019639 secs] [Times: user=0.02 sys=0.00, real=0.02 secs] 
2024-10-04T14:19:14.034+0300: 1154.932: Total time for which application threads were stopped: 0.0023509 seconds, Stopping threads took: 0.0002197 seconds
2024-10-04T14:19:14.143+0300: 1155.051: Application time: 0.1191611 seconds
2024-10-04T14:19:14.143+0300: 1155.051: [GC (Allocation Failure) [PSYoungGen: 188747K->9390K(193536K)] 247813K->69974K(603136K), 0.0021391 secs] [Times: user=0.00 sys=0.00, real=0.00 secs] 
2024-10-04T14:19:14.143+0300: 1155.053: Total time for which application threads were stopped: 0.0025028 seconds, Stopping threads took: 0.0002001 seconds
2024-10-04T14:19:14.441+0300: 1155.349: Application time: 0.2954987 seconds
2024-10-04T14:19:14.441+0300: 1155.349: [GC (Allocation Failure) [PSYoungGen: 190716K->9422K(193024K)] 251299K->70774K(602624K), 0.0018945 secs] [Times: user=0.00 sys=0.00, real=0.00 secs] 
2024-10-04T14:19:14.441+0300: 1155.351: Total time for which application threads were stopped: 0.0022456 seconds, Stopping threads took: 0.0002112 seconds
2024-10-04T14:19:15.006+0300: 1155.906: Application time: 0.5549287 seconds
2024-10-04T14:19:15.006+0300: 1155.906: [GC (Allocation Failure) [PSYoungGen: 190909K->10199K(193536K)] 252261K->73016K(603136K), 0.0023042 secs] [Times: user=0.00 sys=0.00, real=0.00 secs] 
2024-10-04T14:19:15.006+0300: 1155.909: Total time for which application threads were stopped: 0.0026937 seconds, Stopping threads took: 0.0002401 seconds
2024-10-04T14:19:15.555+0300: 1156.463: Application time: 0.5542894 seconds
2024-10-04T14:19:15.555+0300: 1156.463: [GC (Allocation Failure) [PSYoungGen: 191948K->10880K(193536K)] 254765K->75170K(603136K), 0.0022622 secs] [Times: user=0.00 sys=0.00, real=0.00 secs] 
2024-10-04T14:19:15.555+0300: 1156.466: Total time for which application threads were stopped: 0.0026035 seconds, Stopping threads took: 0.0002032 seconds
2024-10-04T14:19:15.963+0300: 1156.863: Application time: 0.3979409 seconds
2024-10-04T14:19:15.963+0300: 1156.864: [GC (Allocation Failure) [PSYoungGen: 193102K->8646K(192512K)] 257392K->75818K(602112K), 0.0020918 secs] [Times: user=0.00 sys=0.00, real=0.00 secs] 
2024-10-04T14:19:15.963+0300: 1156.866: Total time for which application threads were stopped: 0.0023901 seconds, Stopping threads took: 0.0001678 seconds
2024-10-04T14:19:16.166+0300: 1157.074: Application time: 0.2078154 seconds
2024-10-04T14:19:16.166+0300: 1157.074: [GC (Allocation Failure) [PSYoungGen: 189783K->10167K(193024K)] 256955K->78100K(602624K), 0.0020169 secs] [Times: user=0.00 sys=0.00, real=0.01 secs] 
2024-10-04T14:19:16.178+0300: 1157.076: Total time for which application threads were stopped: 0.0022938 seconds, Stopping threads took: 0.0001461 seconds
2024-10-04T14:19:16.354+0300: 1157.257: Application time: 0.1814026 seconds
2024-10-04T14:19:16.354+0300: 1157.258: [GC (Allocation Failure) [PSYoungGen: 190870K->9390K(193024K)] 258802K->78836K(602624K), 0.0020811 secs] [Times: user=0.00 sys=0.00, real=0.00 secs] 
2024-10-04T14:19:16.354+0300: 1157.260: Total time for which application threads were stopped: 0.0024206 seconds, Stopping threads took: 0.0001548 seconds
2024-10-04T14:19:16.747+0300: 1157.648: Application time: 0.3878326 seconds
2024-10-04T14:19:16.747+0300: 1157.648: [GC (Allocation Failure) [PSYoungGen: 189977K->9454K(193024K)] 259423K->80365K(602624K), 0.0021655 secs] [Times: user=0.00 sys=0.00, real=0.00 secs] 
2024-10-04T14:19:16.747+0300: 1157.650: Total time for which application threads were stopped: 0.0025302 seconds, Stopping threads took: 0.0001740 seconds
2024-10-04T14:19:17.203+0300: 1158.114: Application time: 0.4637317 seconds
2024-10-04T14:19:17.203+0300: 1158.114: [GC (Allocation Failure) [PSYoungGen: 190136K->7965K(192512K)] 261046K->80365K(602112K), 0.0019332 secs] [Times: user=0.00 sys=0.00, real=0.01 secs] 
2024-10-04T14:19:17.218+0300: 1158.116: Total time for which application threads were stopped: 0.0022518 seconds, Stopping threads took: 0.0001662 seconds
2024-10-04T14:19:17.830+0300: 1158.736: Application time: 0.6198054 seconds
2024-10-04T14:19:17.830+0300: 1158.736: [GC (Allocation Failure) [PSYoungGen: 188665K->11624K(193024K)] 261065K->84777K(602624K), 0.0023006 secs] [Times: user=0.00 sys=0.00, real=0.00 secs] 
2024-10-04T14:19:17.830+0300: 1158.739: Total time for which application threads were stopped: 0.0026673 seconds, Stopping threads took: 0.0002214 seconds
2024-10-04T14:19:18.254+0300: 1159.152: Application time: 0.4138145 seconds
2024-10-04T14:19:18.254+0300: 1159.153: [GC (Allocation Failure) [PSYoungGen: 192638K->9391K(193024K)] 265791K->85465K(602624K), 0.0021916 secs] [Times: user=0.00 sys=0.00, real=0.00 secs] 
2024-10-04T14:19:18.254+0300: 1159.155: Total time for which application threads were stopped: 0.0025287 seconds, Stopping threads took: 0.0001899 seconds
2024-10-04T14:19:18.348+0300: 1159.247: Application time: 0.0915926 seconds
2024-10-04T14:19:18.348+0300: 1159.247: [GC (Allocation Failure) [PSYoungGen: 190620K->8710K(193024K)] 266695K->86234K(602624K), 0.0019424 secs] [Times: user=0.00 sys=0.00, real=0.00 secs] 
2024-10-04T14:19:18.348+0300: 1159.249: Total time for which application threads were stopped: 0.0023298 seconds, Stopping threads took: 0.0002085 seconds
2024-10-04T14:19:18.646+0300: 1159.549: Application time: 0.2997189 seconds
2024-10-04T14:19:18.646+0300: 1159.549: [GC (Allocation Failure) [PSYoungGen: 189336K->9422K(193024K)] 266860K->87739K(602624K), 0.0020386 secs] [Times: user=0.00 sys=0.00, real=0.00 secs] 
2024-10-04T14:19:18.646+0300: 1159.551: Total time for which application threads were stopped: 0.0023369 seconds, Stopping threads took: 0.0001304 seconds
2024-10-04T14:19:19.054+0300: 1159.959: Application time: 0.4078205 seconds
2024-10-04T14:19:19.054+0300: 1159.959: [GC (Allocation Failure) [PSYoungGen: 190060K->9454K(193024K)] 268376K->89244K(602624K), 0.0020788 secs] [Times: user=0.00 sys=0.00, real=0.00 secs] 
2024-10-04T14:19:19.054+0300: 1159.961: Total time for which application threads were stopped: 0.0023737 seconds, Stopping threads took: 0.0001597 seconds
2024-10-04T14:19:19.494+0300: 1160.399: Application time: 0.4382504 seconds
2024-10-04T14:19:19.494+0300: 1160.400: [GC (Allocation Failure) [PSYoungGen: 190135K->9454K(193536K)] 269924K->90717K(603136K), 0.0020039 secs] [Times: user=0.00 sys=0.00, real=0.00 secs] 
2024-10-04T14:19:19.494+0300: 1160.402: Total time for which application threads were stopped: 0.0022952 seconds, Stopping threads took: 0.0001596 seconds
2024-10-04T14:19:20.074+0300: 1160.974: Application time: 0.5719922 seconds
2024-10-04T14:19:20.074+0300: 1160.974: [GC (Allocation Failure) [PSYoungGen: 190894K->9487K(193024K)] 272156K->92926K(602624K), 0.0021296 secs] [Times: user=0.00 sys=0.00, real=0.00 secs] 
2024-10-04T14:19:20.074+0300: 1160.976: Total time for which application threads were stopped: 0.0025044 seconds, Stopping threads took: 0.0002036 seconds
2024-10-04T14:19:20.467+0300: 1161.364: Application time: 0.3878131 seconds
2024-10-04T14:19:20.467+0300: 1161.364: [GC (Allocation Failure) [PSYoungGen: 191018K->10103K(193536K)] 274458K->95024K(603136K), 0.0021097 secs] [Times: user=0.00 sys=0.00, real=0.00 secs] 
2024-10-04T14:19:20.467+0300: 1161.366: Total time for which application threads were stopped: 0.0024449 seconds, Stopping threads took: 0.0002043 seconds
2024-10-04T14:19:20.592+0300: 1161.491: Application time: 0.1244993 seconds
2024-10-04T14:19:20.592+0300: 1161.491: [GC (Allocation Failure) [PSYoungGen: 192290K->9391K(193536K)] 277211K->95793K(603136K), 0.0023201 secs] [Times: user=0.00 sys=0.00, real=0.00 secs] 
2024-10-04T14:19:20.592+0300: 1161.494: Total time for which application threads were stopped: 0.0026630 seconds, Stopping threads took: 0.0001748 seconds
2024-10-04T14:19:20.987+0300: 1161.890: Application time: 0.3963192 seconds
2024-10-04T14:19:20.987+0300: 1161.890: [GC (Allocation Failure) [PSYoungGen: 191451K->9390K(193536K)] 277853K->96569K(603136K), 0.0020679 secs] [Times: user=0.00 sys=0.00, real=0.00 secs] 
2024-10-04T14:19:20.987+0300: 1161.892: Total time for which application threads were stopped: 0.0024027 seconds, Stopping threads took: 0.0001654 seconds
2024-10-04T14:19:21.288+0300: 1162.184: Application time: 0.2915225 seconds
2024-10-04T14:19:21.288+0300: 1162.184: [GC (Allocation Failure) [PSYoungGen: 191245K->9454K(193536K)] 278424K->98106K(603136K), 0.0020123 secs] [Times: user=0.00 sys=0.00, real=0.00 secs] 
2024-10-04T14:19:21.288+0300: 1162.186: Total time for which application threads were stopped: 0.0023430 seconds, Stopping threads took: 0.0001841 seconds
2024-10-04T14:19:21.817+0300: 1162.717: Application time: 0.5303943 seconds
2024-10-04T14:19:21.817+0300: 1162.717: [GC (Allocation Failure) [PSYoungGen: 191200K->10167K(193024K)] 279851K->100320K(602624K), 0.0041016 secs] [Times: user=0.00 sys=0.00, real=0.00 secs] 
2024-10-04T14:19:21.817+0300: 1162.721: Total time for which application threads were stopped: 0.0044419 seconds, Stopping threads took: 0.0001964 seconds
2024-10-04T14:19:22.303+0300: 1163.214: Application time: 0.4927601 seconds
2024-10-04T14:19:22.303+0300: 1163.214: [GC (Allocation Failure) [PSYoungGen: 192342K->9455K(193536K)] 282495K->102473K(603136K), 0.0024774 secs] [Times: user=0.02 sys=0.00, real=0.02 secs] 
2024-10-04T14:19:22.319+0300: 1163.217: Total time for which application threads were stopped: 0.0028865 seconds, Stopping threads took: 0.0002353 seconds
2024-10-04T14:19:22.648+0300: 1163.553: Application time: 0.3365618 seconds
2024-10-04T14:19:22.648+0300: 1163.554: [GC (Allocation Failure) [PSYoungGen: 191695K->8678K(194048K)] 284714K->102473K(603648K), 0.0019383 secs] [Times: user=0.00 sys=0.00, real=0.00 secs] 
2024-10-04T14:19:22.648+0300: 1163.556: Total time for which application threads were stopped: 0.0025542 seconds, Stopping threads took: 0.0004545 seconds
2024-10-04T14:19:22.868+0300: 1163.771: Application time: 0.2152593 seconds
2024-10-04T14:19:22.868+0300: 1163.771: [GC (Allocation Failure) [PSYoungGen: 191573K->9454K(194048K)] 285368K->104715K(603648K), 0.0020220 secs] [Times: user=0.00 sys=0.00, real=0.00 secs] 
2024-10-04T14:19:22.868+0300: 1163.773: Total time for which application threads were stopped: 0.0023599 seconds, Stopping threads took: 0.0001841 seconds
2024-10-04T14:19:23.339+0300: 1164.247: Application time: 0.4731224 seconds
2024-10-04T14:19:23.339+0300: 1164.247: [GC (Allocation Failure) [PSYoungGen: 192283K->8742K(194048K)] 287543K->105483K(603648K), 0.0019945 secs] [Times: user=0.00 sys=0.00, real=0.00 secs] 
2024-10-04T14:19:23.339+0300: 1164.249: Total time for which application threads were stopped: 0.0023049 seconds, Stopping threads took: 0.0001829 seconds
2024-10-04T14:19:23.449+0300: 1164.352: Application time: 0.1035572 seconds
2024-10-04T14:19:23.449+0300: 1164.353: [GC (Allocation Failure) [PSYoungGen: 191334K->8678K(194048K)] 288075K->106188K(603648K), 0.0019222 secs] [Times: user=0.00 sys=0.00, real=0.00 secs] 
2024-10-04T14:19:23.449+0300: 1164.355: Total time for which application threads were stopped: 0.0023108 seconds, Stopping threads took: 0.0001900 seconds
2024-10-04T14:19:24.156+0300: 1165.065: Application time: 0.7100592 seconds
2024-10-04T14:19:24.156+0300: 1165.065: [GC (Allocation Failure) [PSYoungGen: 191871K->10167K(193024K)] 289381K->109891K(602624K), 0.0024537 secs] [Times: user=0.00 sys=0.00, real=0.00 secs] 
2024-10-04T14:19:24.156+0300: 1165.068: Total time for which application threads were stopped: 0.0027439 seconds, Stopping threads took: 0.0001460 seconds
2024-10-04T14:19:24.627+0300: 1165.530: Application time: 0.4621265 seconds
2024-10-04T14:19:24.627+0300: 1165.530: [GC (Allocation Failure) [PSYoungGen: 192394K->9455K(193536K)] 292117K->111332K(603136K), 0.0023954 secs] [Times: user=0.00 sys=0.00, real=0.00 secs] 
2024-10-04T14:19:24.627+0300: 1165.533: Total time for which application threads were stopped: 0.0028299 seconds, Stopping threads took: 0.0001893 seconds
2024-10-04T14:19:25.005+0300: 1165.909: Application time: 0.3764921 seconds
2024-10-04T14:19:25.005+0300: 1165.909: [GC (Allocation Failure) [PSYoungGen: 191663K->10135K(193024K)] 293540K->112781K(602624K), 0.0022518 secs] [Times: user=0.00 sys=0.00, real=0.00 secs] 
2024-10-04T14:19:25.005+0300: 1165.912: Total time for which application threads were stopped: 0.0026659 seconds, Stopping threads took: 0.0002367 seconds
2024-10-04T14:19:25.177+0300: 1166.081: Application time: 0.1697281 seconds
2024-10-04T14:19:25.177+0300: 1166.082: [GC (Allocation Failure) [PSYoungGen: 192027K->10167K(193536K)] 294672K->114286K(603136K), 0.0021430 secs] [Times: user=0.00 sys=0.00, real=0.00 secs] 
2024-10-04T14:19:25.177+0300: 1166.084: Total time for which application threads were stopped: 0.0024547 seconds, Stopping threads took: 0.0001644 seconds
2024-10-04T14:19:25.601+0300: 1166.498: Application time: 0.4143655 seconds
2024-10-04T14:19:25.601+0300: 1166.498: [GC (Allocation Failure) [PSYoungGen: 192319K->9358K(193536K)] 296437K->114978K(603136K), 0.0023725 secs] [Times: user=0.00 sys=0.00, real=0.00 secs] 
2024-10-04T14:19:25.601+0300: 1166.501: Total time for which application threads were stopped: 0.0026330 seconds, Stopping threads took: 0.0000889 seconds
2024-10-04T14:19:25.805+0300: 1166.704: Application time: 0.2030883 seconds
2024-10-04T14:19:25.805+0300: 1166.704: [GC (Allocation Failure) [PSYoungGen: 191494K->10167K(193536K)] 297114K->116547K(603136K), 0.0020617 secs] [Times: user=0.00 sys=0.00, real=0.00 secs] 
2024-10-04T14:19:25.805+0300: 1166.706: Total time for which application threads were stopped: 0.0023478 seconds, Stopping threads took: 0.0001555 seconds
2024-10-04T14:19:26.542+0300: 1167.448: Application time: 0.7416127 seconds
2024-10-04T14:19:26.542+0300: 1167.448: [GC (Allocation Failure) [PSYoungGen: 191909K->10167K(193536K)] 298290K->118733K(603136K), 0.0022428 secs] [Times: user=0.00 sys=0.00, real=0.00 secs] 
2024-10-04T14:19:26.542+0300: 1167.451: Total time for which application threads were stopped: 0.0025565 seconds, Stopping threads took: 0.0001813 seconds
2024-10-04T14:19:26.903+0300: 1167.801: Application time: 0.3509650 seconds
2024-10-04T14:19:26.903+0300: 1167.802: [GC (Allocation Failure) [PSYoungGen: 192395K->9391K(193536K)] 300961K->120118K(603136K), 0.0023091 secs] [Times: user=0.00 sys=0.00, real=0.00 secs] 
2024-10-04T14:19:26.903+0300: 1167.804: Total time for which application threads were stopped: 0.0026011 seconds, Stopping threads took: 0.0001032 seconds
2024-10-04T14:19:27.217+0300: 1168.127: Application time: 0.3226621 seconds
2024-10-04T14:19:27.217+0300: 1168.127: [GC (Allocation Failure) [PSYoungGen: 191342K->10167K(193536K)] 302070K->122360K(603136K), 0.0022615 secs] [Times: user=0.02 sys=0.00, real=0.02 secs] 
2024-10-04T14:19:27.233+0300: 1168.129: Total time for which application threads were stopped: 0.0027127 seconds, Stopping threads took: 0.0001911 seconds
2024-10-04T14:19:27.358+0300: 1168.267: Application time: 0.1376398 seconds
2024-10-04T14:19:27.358+0300: 1168.267: [GC (Allocation Failure) [PSYoungGen: 192329K->9391K(193536K)] 304521K->123096K(603136K), 0.0020873 secs] [Times: user=0.00 sys=0.00, real=0.00 secs] 
2024-10-04T14:19:27.358+0300: 1168.270: Total time for which application threads were stopped: 0.0024022 seconds, Stopping threads took: 0.0001769 seconds
2024-10-04T14:19:27.876+0300: 1168.773: Application time: 0.5032784 seconds
2024-10-04T14:19:27.876+0300: 1168.773: [GC (Allocation Failure) [PSYoungGen: 191457K->9454K(193536K)] 305163K->123921K(603136K), 0.0020553 secs] [Times: user=0.00 sys=0.00, real=0.00 secs] 
2024-10-04T14:19:27.876+0300: 1168.775: Total time for which application threads were stopped: 0.0023745 seconds, Stopping threads took: 0.0001516 seconds
2024-10-04T14:19:28.158+0300: 1169.068: Application time: 0.2930777 seconds
2024-10-04T14:19:28.158+0300: 1169.068: [GC (Allocation Failure) [PSYoungGen: 191588K->10071K(193536K)] 306054K->125314K(603136K), 0.0022378 secs] [Times: user=0.03 sys=0.00, real=0.02 secs] 
2024-10-04T14:19:28.174+0300: 1169.071: Total time for which application threads were stopped: 0.0025427 seconds, Stopping threads took: 0.0001517 seconds
2024-10-04T14:19:28.895+0300: 1169.794: Application time: 0.7230050 seconds
2024-10-04T14:19:28.895+0300: 1169.794: [GC (Allocation Failure) [PSYoungGen: 191819K->10167K(193536K)] 307062K->127588K(603136K), 0.0021409 secs] [Times: user=0.00 sys=0.00, real=0.00 secs] 
2024-10-04T14:19:28.895+0300: 1169.796: Total time for which application threads were stopped: 0.0024030 seconds, Stopping threads took: 0.0001164 seconds
2024-10-04T14:19:29.209+0300: 1170.117: Application time: 0.3206038 seconds
2024-10-04T14:19:29.209+0300: 1170.117: [GC (Allocation Failure) [PSYoungGen: 192436K->10167K(193536K)] 309856K->129741K(603136K), 0.0022175 secs] [Times: user=0.00 sys=0.00, real=0.00 secs] 
2024-10-04T14:19:29.209+0300: 1170.119: Total time for which application threads were stopped: 0.0025258 seconds, Stopping threads took: 0.0001675 seconds
2024-10-04T14:19:29.492+0300: 1170.392: Application time: 0.2724648 seconds
2024-10-04T14:19:29.492+0300: 1170.392: [GC (Allocation Failure) [PSYoungGen: 191880K->8061K(193536K)] 311454K->129821K(603136K), 0.0019065 secs] [Times: user=0.00 sys=0.00, real=0.00 secs] 
2024-10-04T14:19:29.492+0300: 1170.394: Total time for which application threads were stopped: 0.0022260 seconds, Stopping threads took: 0.0001842 seconds
2024-10-04T14:19:29.633+0300: 1170.540: Application time: 0.1458632 seconds
2024-10-04T14:19:29.633+0300: 1170.540: [GC (Allocation Failure) [PSYoungGen: 189824K->9358K(193536K)] 311583K->131951K(603136K), 0.0022151 secs] [Times: user=0.00 sys=0.00, real=0.00 secs] 
2024-10-04T14:19:29.633+0300: 1170.542: Total time for which application threads were stopped: 0.0025051 seconds, Stopping threads took: 0.0001313 seconds
2024-10-04T14:19:30.073+0300: 1170.970: Application time: 0.4273305 seconds
2024-10-04T14:19:30.073+0300: 1170.970: [GC (Allocation Failure) [PSYoungGen: 191430K->8742K(193536K)] 314022K->132767K(603136K), 0.0039599 secs] [Times: user=0.00 sys=0.00, real=0.00 secs] 
2024-10-04T14:19:30.073+0300: 1170.974: Total time for which application threads were stopped: 0.0042629 seconds, Stopping threads took: 0.0001653 seconds
2024-10-04T14:19:30.559+0300: 1171.458: Application time: 0.4844422 seconds
2024-10-04T14:19:30.559+0300: 1171.459: [GC (Allocation Failure) [PSYoungGen: 190867K->9390K(193536K)] 314892K->134184K(603136K), 0.0018813 secs] [Times: user=0.00 sys=0.00, real=0.00 secs] 
2024-10-04T14:19:30.559+0300: 1171.461: Total time for which application threads were stopped: 0.0021922 seconds, Stopping threads took: 0.0001705 seconds
2024-10-04T14:19:31.093+0300: 1171.992: Application time: 0.5311776 seconds
2024-10-04T14:19:31.093+0300: 1171.992: [GC (Allocation Failure) [PSYoungGen: 191579K->10912K(192512K)] 316373K->136458K(602112K), 0.0023726 secs] [Times: user=0.00 sys=0.00, real=0.00 secs] 
2024-10-04T14:19:31.093+0300: 1171.995: Total time for which application threads were stopped: 0.0027107 seconds, Stopping threads took: 0.0001728 seconds
2024-10-04T14:19:31.548+0300: 1172.448: Application time: 0.4531209 seconds
2024-10-04T14:19:31.548+0300: 1172.448: [GC (Allocation Failure) [PSYoungGen: 191928K->8710K(193024K)] 317474K->137155K(602624K), 0.0021195 secs] [Times: user=0.00 sys=0.00, real=0.00 secs] 
2024-10-04T14:19:31.548+0300: 1172.450: Total time for which application threads were stopped: 0.0024202 seconds, Stopping threads took: 0.0001579 seconds
2024-10-04T14:19:31.752+0300: 1172.660: Application time: 0.2102143 seconds
2024-10-04T14:19:31.752+0300: 1172.661: [GC (Allocation Failure) [PSYoungGen: 189253K->8061K(193024K)] 317697K->137955K(602624K), 0.0020100 secs] [Times: user=0.00 sys=0.00, real=0.00 secs] 
2024-10-04T14:19:31.752+0300: 1172.663: Total time for which application threads were stopped: 0.0024367 seconds, Stopping threads took: 0.0002923 seconds
2024-10-04T14:19:31.941+0300: 1172.850: Application time: 0.1869938 seconds
2024-10-04T14:19:31.941+0300: 1172.850: [GC (Allocation Failure) [PSYoungGen: 188701K->9422K(193024K)] 318594K->140116K(602624K), 0.0019897 secs] [Times: user=0.00 sys=0.00, real=0.00 secs] 
2024-10-04T14:19:31.941+0300: 1172.852: Total time for which application threads were stopped: 0.0023271 seconds, Stopping threads took: 0.0001859 seconds
2024-10-04T14:19:32.333+0300: 1173.244: Application time: 0.3917050 seconds
2024-10-04T14:19:32.333+0300: 1173.244: [GC (Allocation Failure) [PSYoungGen: 190417K->9422K(193536K)] 321111K->141613K(603136K), 0.0022763 secs] [Times: user=0.02 sys=0.00, real=0.02 secs] 
2024-10-04T14:19:32.349+0300: 1173.246: Total time for which application threads were stopped: 0.0026224 seconds, Stopping threads took: 0.0002037 seconds
2024-10-04T14:19:32.773+0300: 1173.676: Application time: 0.4299726 seconds
2024-10-04T14:19:32.773+0300: 1173.677: [GC (Allocation Failure) [PSYoungGen: 191169K->9454K(193536K)] 323360K->143146K(603136K), 0.0020878 secs] [Times: user=0.00 sys=0.00, real=0.00 secs] 
2024-10-04T14:19:32.773+0300: 1173.679: Total time for which application threads were stopped: 0.0024464 seconds, Stopping threads took: 0.0001993 seconds
2024-10-04T14:19:33.197+0300: 1174.096: Application time: 0.4169185 seconds
2024-10-04T14:19:33.197+0300: 1174.096: [GC (Allocation Failure) [PSYoungGen: 191669K->10135K(193536K)] 325361K->145268K(603136K), 0.0023361 secs] [Times: user=0.00 sys=0.00, real=0.00 secs] 
2024-10-04T14:19:33.197+0300: 1174.098: Total time for which application threads were stopped: 0.0027018 seconds, Stopping threads took: 0.0001884 seconds
2024-10-04T14:19:33.793+0300: 1174.692: Application time: 0.5937364 seconds
2024-10-04T14:19:33.793+0300: 1174.692: [GC (Allocation Failure) [PSYoungGen: 192293K->10880K(193536K)] 327426K->147486K(603136K), 0.0023068 secs] [Times: user=0.00 sys=0.00, real=0.00 secs] 
2024-10-04T14:19:33.793+0300: 1174.695: Total time for which application threads were stopped: 0.0026353 seconds, Stopping threads took: 0.0001827 seconds
2024-10-04T14:19:33.872+0300: 1174.776: Application time: 0.0811877 seconds
2024-10-04T14:19:33.872+0300: 1174.776: [GC (Allocation Failure) [PSYoungGen: 193129K->9359K(193536K)] 329735K->148167K(603136K), 0.0022484 secs] [Times: user=0.00 sys=0.00, real=0.00 secs] 
2024-10-04T14:19:33.872+0300: 1174.779: Total time for which application threads were stopped: 0.0026144 seconds, Stopping threads took: 0.0002352 seconds
2024-10-04T14:19:34.233+0300: 1175.139: Application time: 0.3606460 seconds
2024-10-04T14:19:34.233+0300: 1175.140: [GC (Allocation Failure) [PSYoungGen: 191434K->9390K(193536K)] 330242K->148967K(603136K), 0.0020030 secs] [Times: user=0.00 sys=0.00, real=0.00 secs] 
2024-10-04T14:19:34.233+0300: 1175.142: Total time for which application threads were stopped: 0.0023170 seconds, Stopping threads took: 0.0001788 seconds
2024-10-04T14:19:34.452+0300: 1175.355: Application time: 0.2132696 seconds
2024-10-04T14:19:34.452+0300: 1175.355: [GC (Allocation Failure) [PSYoungGen: 191198K->10167K(193536K)] 330774K->151208K(603136K), 0.0023359 secs] [Times: user=0.00 sys=0.00, real=0.00 secs] 
2024-10-04T14:19:34.452+0300: 1175.358: Total time for which application threads were stopped: 0.0026649 seconds, Stopping threads took: 0.0001806 seconds
2024-10-04T14:19:35.064+0300: 1175.968: Application time: 0.6100541 seconds
2024-10-04T14:19:35.064+0300: 1175.968: [GC (Allocation Failure) [PSYoungGen: 191915K->10167K(193536K)] 332957K->152709K(603136K), 0.0023771 secs] [Times: user=0.00 sys=0.00, real=0.00 secs] 
2024-10-04T14:19:35.064+0300: 1175.970: Total time for which application threads were stopped: 0.0027280 seconds, Stopping threads took: 0.0001878 seconds
2024-10-04T14:19:35.472+0300: 1176.380: Application time: 0.4098568 seconds
2024-10-04T14:19:35.472+0300: 1176.380: [GC (Allocation Failure) [PSYoungGen: 192360K->9359K(193536K)] 334903K->154087K(603136K), 0.0022789 secs] [Times: user=0.00 sys=0.00, real=0.00 secs] 
2024-10-04T14:19:35.472+0300: 1176.383: Total time for which application threads were stopped: 0.0025952 seconds, Stopping threads took: 0.0001589 seconds
2024-10-04T14:19:35.989+0300: 1176.892: Application time: 0.5097088 seconds
2024-10-04T14:19:35.989+0300: 1176.893: [GC (Allocation Failure) [PSYoungGen: 191516K->9455K(193536K)] 336244K->156360K(603136K), 0.0023242 secs] [Times: user=0.00 sys=0.00, real=0.00 secs] 
2024-10-04T14:19:35.989+0300: 1176.895: Total time for which application threads were stopped: 0.0027270 seconds, Stopping threads took: 0.0002463 seconds
2024-10-04T14:19:36.130+0300: 1177.034: Application time: 0.1386192 seconds
2024-10-04T14:19:36.130+0300: 1177.034: [GC (Allocation Failure) [PSYoungGen: 191674K->9422K(193536K)] 338580K->157097K(603136K), 0.0019987 secs] [Times: user=0.00 sys=0.00, real=0.00 secs] 
2024-10-04T14:19:36.130+0300: 1177.036: Total time for which application threads were stopped: 0.0023379 seconds, Stopping threads took: 0.0001663 seconds
2024-10-04T14:19:36.428+0300: 1177.329: Application time: 0.2929146 seconds
2024-10-04T14:19:36.428+0300: 1177.329: [GC (Allocation Failure) [PSYoungGen: 191212K->9422K(193536K)] 338886K->158578K(603136K), 0.0021893 secs] [Times: user=0.00 sys=0.00, real=0.00 secs] 
2024-10-04T14:19:36.428+0300: 1177.332: Total time for which application threads were stopped: 0.0025284 seconds, Stopping threads took: 0.0002024 seconds
2024-10-04T14:19:36.717+0300: 1177.616: Application time: 0.2846348 seconds
2024-10-04T14:19:36.717+0300: 1177.617: [GC (Allocation Failure) [PSYoungGen: 191526K->10103K(193536K)] 340681K->160051K(603136K), 0.0021311 secs] [Times: user=0.00 sys=0.00, real=0.00 secs] 
2024-10-04T14:19:36.717+0300: 1177.619: Total time for which application threads were stopped: 0.0024761 seconds, Stopping threads took: 0.0001860 seconds
2024-10-04T14:19:37.370+0300: 1178.274: Application time: 0.6551628 seconds
2024-10-04T14:19:37.370+0300: 1178.274: [GC (Allocation Failure) [PSYoungGen: 191843K->10880K(193536K)] 341790K->162292K(603136K), 0.0023550 secs] [Times: user=0.00 sys=0.00, real=0.00 secs] 
2024-10-04T14:19:37.370+0300: 1178.277: Total time for which application threads were stopped: 0.0026295 seconds, Stopping threads took: 0.0001085 seconds
2024-10-04T14:19:37.731+0300: 1178.635: Application time: 0.3586069 seconds
2024-10-04T14:19:37.731+0300: 1178.635: [GC (Allocation Failure) [PSYoungGen: 193050K->9359K(193536K)] 344463K->163662K(603136K), 0.0023903 secs] [Times: user=0.00 sys=0.00, real=0.00 secs] 
2024-10-04T14:19:37.731+0300: 1178.638: Total time for which application threads were stopped: 0.0027649 seconds, Stopping threads took: 0.0001826 seconds
2024-10-04T14:19:38.122+0300: 1179.031: Application time: 0.3932874 seconds
2024-10-04T14:19:38.122+0300: 1179.031: [GC (Allocation Failure) [PSYoungGen: 191543K->9487K(193536K)] 345846K->165255K(603136K), 0.0021848 secs] [Times: user=0.00 sys=0.00, real=0.00 secs] 
2024-10-04T14:19:38.122+0300: 1179.034: Total time for which application threads were stopped: 0.0025579 seconds, Stopping threads took: 0.0002042 seconds
2024-10-04T14:19:38.326+0300: 1179.230: Application time: 0.1957440 seconds
2024-10-04T14:19:38.326+0300: 1179.230: [GC (Allocation Failure) [PSYoungGen: 191396K->10167K(193536K)] 347164K->166696K(603136K), 0.0021338 secs] [Times: user=0.00 sys=0.00, real=0.00 secs] 
2024-10-04T14:19:38.326+0300: 1179.232: Total time for which application threads were stopped: 0.0024712 seconds, Stopping threads took: 0.0001963 seconds
2024-10-04T14:19:38.562+0300: 1179.473: Application time: 0.2410619 seconds
2024-10-04T14:19:38.562+0300: 1179.473: [GC (Allocation Failure) [PSYoungGen: 192284K->9358K(193536K)] 348812K->167408K(603136K), 0.0023065 secs] [Times: user=0.02 sys=0.00, real=0.02 secs] 
2024-10-04T14:19:38.578+0300: 1179.476: Total time for which application threads were stopped: 0.0026650 seconds, Stopping threads took: 0.0002131 seconds
2024-10-04T14:19:38.860+0300: 1179.767: Application time: 0.2908042 seconds
2024-10-04T14:19:38.860+0300: 1179.767: [GC (Allocation Failure) [PSYoungGen: 191454K->8742K(193536K)] 349504K->167544K(603136K), 0.0020843 secs] [Times: user=0.00 sys=0.00, real=0.00 secs] 
2024-10-04T14:19:38.860+0300: 1179.769: Total time for which application threads were stopped: 0.0024581 seconds, Stopping threads took: 0.0001502 seconds
2024-10-04T14:19:39.692+0300: 1180.597: Application time: 0.8276950 seconds
2024-10-04T14:19:39.692+0300: 1180.597: [GC (Allocation Failure) [PSYoungGen: 190485K->10880K(193536K)] 349287K->170434K(603136K), 0.0022540 secs] [Times: user=0.00 sys=0.00, real=0.00 secs] 
2024-10-04T14:19:39.692+0300: 1180.599: Total time for which application threads were stopped: 0.0025402 seconds, Stopping threads took: 0.0001468 seconds
2024-10-04T14:19:40.053+0300: 1180.952: Application time: 0.3530793 seconds
2024-10-04T14:19:40.053+0300: 1180.953: [GC (Allocation Failure) [PSYoungGen: 193118K->9391K(193536K)] 352673K->171828K(603136K), 0.0022538 secs] [Times: user=0.00 sys=0.00, real=0.00 secs] 
2024-10-04T14:19:40.053+0300: 1180.955: Total time for which application threads were stopped: 0.0026740 seconds, Stopping threads took: 0.0002650 seconds
2024-10-04T14:19:40.414+0300: 1181.312: Application time: 0.3567454 seconds
2024-10-04T14:19:40.414+0300: 1181.312: [GC (Allocation Failure) [PSYoungGen: 191585K->8742K(191488K)] 354022K->172660K(601088K), 0.0019659 secs] [Times: user=0.00 sys=0.00, real=0.00 secs] 
2024-10-04T14:19:40.414+0300: 1181.314: Total time for which application threads were stopped: 0.0022915 seconds, Stopping threads took: 0.0001785 seconds
2024-10-04T14:19:40.633+0300: 1181.543: Application time: 0.2287601 seconds
2024-10-04T14:19:40.633+0300: 1181.543: [GC (Allocation Failure) [PSYoungGen: 190602K->8710K(193536K)] 354520K->173404K(603136K), 0.0020864 secs] [Times: user=0.00 sys=0.00, real=0.02 secs] 
2024-10-04T14:19:40.649+0300: 1181.545: Total time for which application threads were stopped: 0.0024454 seconds, Stopping threads took: 0.0001681 seconds
2024-10-04T14:19:40.869+0300: 1181.770: Application time: 0.2245981 seconds
2024-10-04T14:19:40.869+0300: 1181.770: [GC (Allocation Failure) [PSYoungGen: 190109K->9390K(193024K)] 354803K->174885K(602624K), 0.0019958 secs] [Times: user=0.00 sys=0.00, real=0.00 secs] 
2024-10-04T14:19:40.869+0300: 1181.772: Total time for which application threads were stopped: 0.0023325 seconds, Stopping threads took: 0.0002014 seconds
2024-10-04T14:19:41.230+0300: 1182.138: Application time: 0.3655314 seconds
2024-10-04T14:19:41.230+0300: 1182.138: [GC (Allocation Failure) [PSYoungGen: 190769K->10135K(193536K)] 356264K->176398K(603136K), 0.0021697 secs] [Times: user=0.00 sys=0.00, real=0.00 secs] 
2024-10-04T14:19:41.230+0300: 1182.140: Total time for which application threads were stopped: 0.0024864 seconds, Stopping threads took: 0.0001806 seconds
2024-10-04T14:19:41.967+0300: 1182.874: Application time: 0.7341047 seconds
2024-10-04T14:19:41.967+0300: 1182.875: [GC (Allocation Failure) [PSYoungGen: 191874K->10880K(193536K)] 358138K->178608K(603136K), 0.0024956 secs] [Times: user=0.00 sys=0.00, real=0.00 secs] 
2024-10-04T14:19:41.967+0300: 1182.877: Total time for which application threads were stopped: 0.0028569 seconds, Stopping threads took: 0.0002302 seconds
2024-10-04T14:19:42.344+0300: 1183.241: Application time: 0.3636201 seconds
2024-10-04T14:19:42.344+0300: 1183.241: [GC (Allocation Failure) [PSYoungGen: 193091K->8614K(192512K)] 360820K->179233K(602112K), 0.0021561 secs] [Times: user=0.00 sys=0.00, real=0.00 secs] 
2024-10-04T14:19:42.344+0300: 1183.243: Total time for which application threads were stopped: 0.0024739 seconds, Stopping threads took: 0.0001735 seconds
2024-10-04T14:19:42.627+0300: 1183.538: Application time: 0.2944809 seconds
2024-10-04T14:19:42.627+0300: 1183.538: [GC (Allocation Failure) [PSYoungGen: 189816K->8742K(193024K)] 360435K->180121K(602624K), 0.0021697 secs] [Times: user=0.02 sys=0.00, real=0.01 secs] 
2024-10-04T14:19:42.642+0300: 1183.540: Total time for which application threads were stopped: 0.0026678 seconds, Stopping threads took: 0.0002958 seconds
2024-10-04T14:19:42.909+0300: 1183.808: Application time: 0.2679863 seconds
2024-10-04T14:19:42.924+0300: 1183.821: [GC (Allocation Failure) [PSYoungGen: 189475K->8678K(193024K)] 360854K->180870K(602624K), 0.0029464 secs] [Times: user=0.00 sys=0.00, real=0.00 secs] 
2024-10-04T14:19:42.927+0300: 1183.824: Total time for which application threads were stopped: 0.0153950 seconds, Stopping threads took: 0.0122021 seconds
2024-10-04T14:19:43.028+0300: 1183.929: Application time: 0.1056483 seconds
2024-10-04T14:19:43.028+0300: 1183.930: [GC (Allocation Failure) [PSYoungGen: 189786K->9390K(193024K)] 361978K->182351K(602624K), 0.0022769 secs] [Times: user=0.00 sys=0.00, real=0.01 secs] 
2024-10-04T14:19:43.035+0300: 1183.932: Total time for which application threads were stopped: 0.0026013 seconds, Stopping threads took: 0.0001798 seconds
2024-10-04T14:19:43.537+0300: 1184.444: Application time: 0.5122814 seconds
2024-10-04T14:19:43.537+0300: 1184.445: [GC (Allocation Failure) [PSYoungGen: 190393K->9454K(193536K)] 363353K->183924K(603136K), 0.0020904 secs] [Times: user=0.00 sys=0.00, real=0.00 secs] 
2024-10-04T14:19:43.537+0300: 1184.447: Total time for which application threads were stopped: 0.0024365 seconds, Stopping threads took: 0.0002035 seconds
2024-10-04T14:19:44.259+0300: 1185.157: Application time: 0.7106525 seconds
2024-10-04T14:19:44.259+0300: 1185.158: [GC (Allocation Failure) [PSYoungGen: 191238K->10880K(193536K)] 365708K->186782K(603136K), 0.0023809 secs] [Times: user=0.00 sys=0.00, real=0.00 secs] 
2024-10-04T14:19:44.259+0300: 1185.160: Total time for which application threads were stopped: 0.0026816 seconds, Stopping threads took: 0.0001528 seconds
2024-10-04T14:19:44.572+0300: 1185.482: Application time: 0.3216052 seconds
2024-10-04T14:19:44.572+0300: 1185.482: [GC (Allocation Failure) [PSYoungGen: 193103K->8646K(192512K)] 369006K->187431K(602112K), 0.0022579 secs] [Times: user=0.00 sys=0.00, real=0.02 secs] 
2024-10-04T14:19:44.588+0300: 1185.484: Total time for which application threads were stopped: 0.0025669 seconds, Stopping threads took: 0.0001488 seconds
2024-10-04T14:19:44.776+0300: 1185.682: Application time: 0.1980337 seconds
2024-10-04T14:19:44.776+0300: 1185.683: [GC (Allocation Failure) [PSYoungGen: 189835K->9423K(193024K)] 368619K->188976K(602624K), 0.0021467 secs] [Times: user=0.00 sys=0.00, real=0.00 secs] 
2024-10-04T14:19:44.776+0300: 1185.685: Total time for which application threads were stopped: 0.0025204 seconds, Stopping threads took: 0.0002393 seconds
2024-10-04T14:19:45.074+0300: 1185.973: Application time: 0.2885161 seconds
2024-10-04T14:19:45.074+0300: 1185.974: [GC (Allocation Failure) [PSYoungGen: 190101K->8678K(193536K)] 369655K->189032K(603136K), 0.0020041 secs] [Times: user=0.00 sys=0.00, real=0.00 secs] 
2024-10-04T14:19:45.074+0300: 1185.976: Total time for which application threads were stopped: 0.0023404 seconds, Stopping threads took: 0.0001920 seconds
2024-10-04T14:19:45.263+0300: 1186.159: Application time: 0.1833309 seconds
2024-10-04T14:19:45.263+0300: 1186.159: [GC (Allocation Failure) [PSYoungGen: 190436K->9406K(193536K)] 370790K->190536K(603136K), 0.0020182 secs] [Times: user=0.00 sys=0.00, real=0.00 secs] 
2024-10-04T14:19:45.263+0300: 1186.161: Total time for which application threads were stopped: 0.0023120 seconds, Stopping threads took: 0.0001425 seconds
2024-10-04T14:19:45.833+0300: 1186.736: Application time: 0.5747092 seconds
2024-10-04T14:19:45.833+0300: 1186.736: [GC (Allocation Failure) [PSYoungGen: 191140K->10879K(192512K)] 372270K->193503K(602112K), 0.0022989 secs] [Times: user=0.00 sys=0.00, real=0.00 secs] 
2024-10-04T14:19:45.833+0300: 1186.739: Total time for which application threads were stopped: 0.0026559 seconds, Stopping threads took: 0.0001894 seconds
2024-10-04T14:19:46.346+0300: 1187.257: Application time: 0.5186091 seconds
2024-10-04T14:19:46.346+0300: 1187.258: [GC (Allocation Failure) [PSYoungGen: 191626K->10103K(193024K)] 374249K->194896K(602624K), 0.0024795 secs] [Times: user=0.02 sys=0.00, real=0.02 secs] 
2024-10-04T14:19:46.362+0300: 1187.260: Total time for which application threads were stopped: 0.0028545 seconds, Stopping threads took: 0.0002218 seconds
2024-10-04T14:19:46.738+0300: 1187.642: Application time: 0.3821995 seconds
2024-10-04T14:19:46.738+0300: 1187.643: [GC (Allocation Failure) [PSYoungGen: 190954K->10167K(193024K)] 375747K->196433K(602624K), 0.0023071 secs] [Times: user=0.00 sys=0.00, real=0.00 secs] 
2024-10-04T14:19:46.738+0300: 1187.645: Total time for which application threads were stopped: 0.0027720 seconds, Stopping threads took: 0.0002579 seconds
2024-10-04T14:19:46.942+0300: 1187.846: Application time: 0.2011851 seconds
2024-10-04T14:19:46.942+0300: 1187.847: [GC (Allocation Failure) [PSYoungGen: 190868K->9423K(193024K)] 377134K->197170K(602624K), 0.0021736 secs] [Times: user=0.00 sys=0.00, real=0.00 secs] 
2024-10-04T14:19:46.942+0300: 1187.849: Total time for which application threads were stopped: 0.0025423 seconds, Stopping threads took: 0.0002184 seconds
2024-10-04T14:19:47.287+0300: 1188.196: Application time: 0.3468669 seconds
2024-10-04T14:19:47.287+0300: 1188.196: [GC (Allocation Failure) [PSYoungGen: 190063K->9390K(193536K)] 377810K->197914K(603136K), 0.0020318 secs] [Times: user=0.00 sys=0.00, real=0.00 secs] 
2024-10-04T14:19:47.287+0300: 1188.198: Total time for which application threads were stopped: 0.0023360 seconds, Stopping threads took: 0.0001734 seconds
2024-10-04T14:19:47.536+0300: 1188.433: Application time: 0.2346524 seconds
2024-10-04T14:19:47.536+0300: 1188.433: [GC (Allocation Failure) [PSYoungGen: 191147K->9454K(193024K)] 379671K->199451K(602624K), 0.0022839 secs] [Times: user=0.01 sys=0.00, real=0.00 secs] 
2024-10-04T14:19:47.539+0300: 1188.435: Total time for which application threads were stopped: 0.0026142 seconds, Stopping threads took: 0.0001849 seconds
2024-10-04T14:19:48.150+0300: 1189.056: Application time: 0.6201561 seconds
2024-10-04T14:19:48.150+0300: 1189.056: [GC (Allocation Failure) [PSYoungGen: 191194K->10879K(192512K)] 381191K->201673K(602112K), 0.0022727 secs] [Times: user=0.00 sys=0.00, real=0.00 secs] 
2024-10-04T14:19:48.150+0300: 1189.058: Total time for which application threads were stopped: 0.0026408 seconds, Stopping threads took: 0.0002228 seconds
2024-10-04T14:19:48.700+0300: 1189.602: Application time: 0.5437429 seconds
2024-10-04T14:19:48.700+0300: 1189.602: [GC (Allocation Failure) [PSYoungGen: 191638K->10912K(193024K)] 382431K->203138K(602624K), 0.0023087 secs] [Times: user=0.00 sys=0.00, real=0.00 secs] 
2024-10-04T14:19:48.700+0300: 1189.605: Total time for which application threads were stopped: 0.0027110 seconds, Stopping threads took: 0.0002378 seconds
2024-10-04T14:19:49.187+0300: 1190.085: Application time: 0.4799726 seconds
2024-10-04T14:19:49.187+0300: 1190.085: [GC (Allocation Failure) [PSYoungGen: 191858K->9423K(193024K)] 384085K->203130K(602624K), 0.0020518 secs] [Times: user=0.00 sys=0.00, real=0.00 secs] 
2024-10-04T14:19:49.187+0300: 1190.087: Total time for which application threads were stopped: 0.0023411 seconds, Stopping threads took: 0.0001330 seconds
2024-10-04T14:19:49.265+0300: 1190.174: Application time: 0.0870145 seconds
2024-10-04T14:19:49.265+0300: 1190.174: [GC (Allocation Failure) [PSYoungGen: 190144K->9455K(193024K)] 383852K->203930K(602624K), 0.0021714 secs] [Times: user=0.00 sys=0.00, real=0.00 secs] 
2024-10-04T14:19:49.265+0300: 1190.177: Total time for which application threads were stopped: 0.0025334 seconds, Stopping threads took: 0.0002198 seconds
2024-10-04T14:19:49.406+0300: 1190.315: Application time: 0.1387029 seconds
2024-10-04T14:19:49.406+0300: 1190.316: [GC (Allocation Failure) [PSYoungGen: 190032K->10135K(193024K)] 384508K->205371K(602624K), 0.0022705 secs] [Times: user=0.00 sys=0.00, real=0.00 secs] 
2024-10-04T14:19:49.422+0300: 1190.318: Total time for which application threads were stopped: 0.0026896 seconds, Stopping threads took: 0.0002241 seconds
2024-10-04T14:19:49.689+0300: 1190.593: Application time: 0.2752113 seconds
2024-10-04T14:19:49.689+0300: 1190.593: [GC (Allocation Failure) [PSYoungGen: 190744K->9358K(193024K)] 385981K->206112K(602624K), 0.0022890 secs] [Times: user=0.00 sys=0.00, real=0.00 secs] 
2024-10-04T14:19:49.689+0300: 1190.596: Total time for which application threads were stopped: 0.0026936 seconds, Stopping threads took: 0.0001594 seconds
2024-10-04T14:19:50.411+0300: 1191.322: Application time: 0.7259808 seconds
2024-10-04T14:19:50.411+0300: 1191.322: [GC (Allocation Failure) [PSYoungGen: 190363K->10879K(193024K)] 387117K->207673K(602624K), 0.0022862 secs] [Times: user=0.01 sys=0.00, real=0.02 secs] 
2024-10-04T14:19:50.427+0300: 1191.324: Total time for which application threads were stopped: 0.0026156 seconds, Stopping threads took: 0.0001827 seconds
2024-10-04T14:19:50.866+0300: 1191.766: Application time: 0.4410910 seconds
2024-10-04T14:19:50.866+0300: 1191.766: [GC (Allocation Failure) [PSYoungGen: 191664K->9359K(193024K)] 388458K->209043K(602624K), 0.0025558 secs] [Times: user=0.00 sys=0.00, real=0.00 secs] 
2024-10-04T14:19:50.866+0300: 1191.768: Total time for which application threads were stopped: 0.0029526 seconds, Stopping threads took: 0.0001978 seconds
2024-10-04T14:19:51.383+0300: 1192.286: Application time: 0.5176483 seconds
2024-10-04T14:19:51.383+0300: 1192.287: [GC (Allocation Failure) [PSYoungGen: 190355K->8742K(193024K)] 390038K->209186K(602624K), 0.0021356 secs] [Times: user=0.01 sys=0.00, real=0.00 secs] 
2024-10-04T14:19:51.383+0300: 1192.289: Total time for which application threads were stopped: 0.0028419 seconds, Stopping threads took: 0.0005268 seconds
2024-10-04T14:19:51.446+0300: 1192.353: Application time: 0.0638217 seconds
2024-10-04T14:19:51.446+0300: 1192.353: [GC (Allocation Failure) [PSYoungGen: 189544K->7933K(193024K)] 389988K->209162K(602624K), 0.0017720 secs] [Times: user=0.00 sys=0.00, real=0.00 secs] 
2024-10-04T14:19:51.446+0300: 1192.355: Total time for which application threads were stopped: 0.0020665 seconds, Stopping threads took: 0.0001507 seconds
2024-10-04T14:19:51.543+0300: 1192.447: Application time: 0.0917102 seconds
2024-10-04T14:19:51.543+0300: 1192.447: [GC (Allocation Failure) [PSYoungGen: 188863K->8662K(193024K)] 390091K->211372K(602624K), 0.0020714 secs] [Times: user=0.00 sys=0.00, real=0.00 secs] 
2024-10-04T14:19:51.543+0300: 1192.449: Total time for which application threads were stopped: 0.0023928 seconds, Stopping threads took: 0.0001858 seconds
2024-10-04T14:19:51.901+0300: 1192.805: Application time: 0.3561319 seconds
2024-10-04T14:19:51.901+0300: 1192.805: [GC (Allocation Failure) [PSYoungGen: 189613K->9390K(193024K)] 392323K->212889K(602624K), 0.0021151 secs] [Times: user=0.00 sys=0.00, real=0.00 secs] 
2024-10-04T14:19:51.901+0300: 1192.808: Total time for which application threads were stopped: 0.0024234 seconds, Stopping threads took: 0.0001703 seconds
2024-10-04T14:19:52.638+0300: 1193.535: Application time: 0.7275719 seconds
2024-10-04T14:19:52.638+0300: 1193.535: [GC (Allocation Failure) [PSYoungGen: 190394K->10880K(193024K)] 393892K->215843K(602624K), 0.0024564 secs] [Times: user=0.00 sys=0.00, real=0.00 secs] 
2024-10-04T14:19:52.638+0300: 1193.538: Total time for which application threads were stopped: 0.0027445 seconds, Stopping threads took: 0.0001023 seconds
2024-10-04T14:19:52.968+0300: 1193.877: Application time: 0.3395146 seconds
2024-10-04T14:19:52.968+0300: 1193.878: [GC (Allocation Failure) [PSYoungGen: 191666K->9423K(193024K)] 396629K->217276K(602624K), 0.0024672 secs] [Times: user=0.00 sys=0.02, real=0.02 secs] 
2024-10-04T14:19:52.984+0300: 1193.880: Total time for which application threads were stopped: 0.0028655 seconds, Stopping threads took: 0.0001567 seconds
2024-10-04T14:19:53.502+0300: 1194.403: Application time: 0.5229993 seconds
2024-10-04T14:19:53.502+0300: 1194.403: [GC (Allocation Failure) [PSYoungGen: 190246K->8742K(193024K)] 398099K->218068K(602624K), 0.0021819 secs] [Times: user=0.00 sys=0.00, real=0.00 secs] 
2024-10-04T14:19:53.502+0300: 1194.406: Total time for which application threads were stopped: 0.0025214 seconds, Stopping threads took: 0.0001885 seconds
2024-10-04T14:19:53.549+0300: 1194.455: Application time: 0.0490116 seconds
2024-10-04T14:19:53.549+0300: 1194.455: [GC (Allocation Failure) [PSYoungGen: 189448K->8678K(193024K)] 398774K->218069K(602624K), 0.0021060 secs] [Times: user=0.00 sys=0.00, real=0.00 secs] 
2024-10-04T14:19:53.549+0300: 1194.457: Total time for which application threads were stopped: 0.0024709 seconds, Stopping threads took: 0.0002277 seconds
2024-10-04T14:19:53.659+0300: 1194.558: Application time: 0.1010312 seconds
2024-10-04T14:19:53.659+0300: 1194.558: [GC (Allocation Failure) [PSYoungGen: 189289K->10135K(193024K)] 398680K->220326K(602624K), 0.0022025 secs] [Times: user=0.00 sys=0.00, real=0.00 secs] 
2024-10-04T14:19:53.659+0300: 1194.561: Total time for which application threads were stopped: 0.0024850 seconds, Stopping threads took: 0.0001098 seconds
2024-10-04T14:19:54.161+0300: 1195.062: Application time: 0.5011003 seconds
2024-10-04T14:19:54.161+0300: 1195.062: [GC (Allocation Failure) [PSYoungGen: 190993K->9358K(193024K)] 401185K->221743K(602624K), 0.0021534 secs] [Times: user=0.00 sys=0.00, real=0.00 secs] 
2024-10-04T14:19:54.161+0300: 1195.064: Total time for which application threads were stopped: 0.0024143 seconds, Stopping threads took: 0.0001316 seconds
2024-10-04T14:19:54.929+0300: 1195.835: Application time: 0.7706358 seconds
2024-10-04T14:19:54.929+0300: 1195.835: [GC (Allocation Failure) [PSYoungGen: 190374K->10880K(193024K)] 402759K->224738K(602624K), 0.0023238 secs] [Times: user=0.00 sys=0.00, real=0.00 secs] 
2024-10-04T14:19:54.929+0300: 1195.838: Total time for which application threads were stopped: 0.0026760 seconds, Stopping threads took: 0.0002090 seconds
2024-10-04T14:19:55.350+0300: 1196.248: Application time: 0.4102481 seconds
2024-10-04T14:19:55.350+0300: 1196.248: [GC (Allocation Failure) [PSYoungGen: 191619K->8774K(193024K)] 405477K->225490K(602624K), 0.0023912 secs] [Times: user=0.01 sys=0.00, real=0.00 secs] 
2024-10-04T14:19:55.353+0300: 1196.251: Total time for which application threads were stopped: 0.0027268 seconds, Stopping threads took: 0.0001986 seconds
2024-10-04T14:19:55.635+0300: 1196.542: Application time: 0.2918981 seconds
2024-10-04T14:19:55.635+0300: 1196.543: [GC (Allocation Failure) [PSYoungGen: 189598K->9422K(193024K)] 406314K->226915K(602624K), 0.0021051 secs] [Times: user=0.00 sys=0.00, real=0.00 secs] 
2024-10-04T14:19:55.635+0300: 1196.545: Total time for which application threads were stopped: 0.0024123 seconds, Stopping threads took: 0.0001397 seconds
2024-10-04T14:19:55.902+0300: 1196.798: Application time: 0.2536139 seconds
2024-10-04T14:19:55.918+0300: 1196.814: [GC (Allocation Failure) [PSYoungGen: 190279K->8029K(193024K)] 407771K->227011K(602624K), 0.0030933 secs] [Times: user=0.00 sys=0.00, real=0.00 secs] 
2024-10-04T14:19:55.918+0300: 1196.817: Total time for which application threads were stopped: 0.0188025 seconds, Stopping threads took: 0.0154850 seconds
2024-10-04T14:19:56.137+0300: 1197.038: Application time: 0.2207784 seconds
2024-10-04T14:19:56.137+0300: 1197.038: [GC (Allocation Failure) [PSYoungGen: 189074K->9422K(193536K)] 408055K->229232K(603136K), 0.0021246 secs] [Times: user=0.00 sys=0.00, real=0.00 secs] 
2024-10-04T14:19:56.137+0300: 1197.041: Total time for which application threads were stopped: 0.0024803 seconds, Stopping threads took: 0.0002049 seconds
2024-10-04T14:19:56.624+0300: 1197.530: Application time: 0.4889535 seconds
2024-10-04T14:19:56.624+0300: 1197.530: [GC (Allocation Failure) [PSYoungGen: 190768K->9422K(193024K)] 410578K->230673K(602624K), 0.0021558 secs] [Times: user=0.00 sys=0.00, real=0.00 secs] 
2024-10-04T14:19:56.624+0300: 1197.532: Total time for which application threads were stopped: 0.0024633 seconds, Stopping threads took: 0.0001425 seconds
2024-10-04T14:19:57.314+0300: 1198.215: Application time: 0.6831303 seconds
2024-10-04T14:19:57.314+0300: 1198.215: [GC (Allocation Failure) [PSYoungGen: 191153K->10880K(192512K)] 412404K->233604K(602112K), 0.0024494 secs] [Times: user=0.00 sys=0.00, real=0.00 secs] 
2024-10-04T14:19:57.314+0300: 1198.218: Total time for which application threads were stopped: 0.0027431 seconds, Stopping threads took: 0.0001659 seconds
2024-10-04T14:19:57.660+0300: 1198.562: Application time: 0.3436590 seconds
2024-10-04T14:19:57.660+0300: 1198.562: [GC (Allocation Failure) [PSYoungGen: 191642K->8678K(193024K)] 414366K->234276K(602624K), 0.0023247 secs] [Times: user=0.00 sys=0.00, real=0.00 secs] 
2024-10-04T14:19:57.660+0300: 1198.564: Total time for which application threads were stopped: 0.0027391 seconds, Stopping threads took: 0.0002350 seconds
2024-10-04T14:19:57.955+0300: 1198.853: Application time: 0.2891864 seconds
2024-10-04T14:19:57.955+0300: 1198.854: [GC (Allocation Failure) [PSYoungGen: 189265K->10911K(193024K)] 414864K->236558K(602624K), 0.0022979 secs] [Times: user=0.00 sys=0.00, real=0.00 secs] 
2024-10-04T14:19:57.958+0300: 1198.856: Total time for which application threads were stopped: 0.0026601 seconds, Stopping threads took: 0.0001949 seconds
2024-10-04T14:19:58.055+0300: 1198.957: Application time: 0.1005330 seconds
2024-10-04T14:19:58.055+0300: 1198.957: [GC (Allocation Failure) [PSYoungGen: 191601K->9326K(193024K)] 417247K->237202K(602624K), 0.0022871 secs] [Times: user=0.00 sys=0.00, real=0.00 secs] 
2024-10-04T14:19:58.055+0300: 1198.959: Total time for which application threads were stopped: 0.0026368 seconds, Stopping threads took: 0.0002120 seconds
2024-10-04T14:19:58.445+0300: 1199.349: Application time: 0.3899261 seconds
2024-10-04T14:19:58.445+0300: 1199.349: [GC (Allocation Failure) [PSYoungGen: 189939K->9454K(193024K)] 417814K->238091K(602624K), 0.0020745 secs] [Times: user=0.00 sys=0.00, real=0.00 secs] 
2024-10-04T14:19:58.445+0300: 1199.352: Total time for which application threads were stopped: 0.0023758 seconds, Stopping threads took: 0.0001743 seconds
2024-10-04T14:19:58.869+0300: 1199.775: Application time: 0.4234565 seconds
2024-10-04T14:19:58.869+0300: 1199.775: [GC (Allocation Failure) [PSYoungGen: 190095K->9454K(193024K)] 418731K->239564K(602624K), 0.0023927 secs] [Times: user=0.02 sys=0.01, real=0.00 secs] 
2024-10-04T14:19:58.869+0300: 1199.778: Total time for which application threads were stopped: 0.0027401 seconds, Stopping threads took: 0.0002004 seconds
2024-10-04T14:19:59.559+0300: 1200.463: Application time: 0.6852451 seconds
2024-10-04T14:19:59.559+0300: 1200.463: [GC (Allocation Failure) [PSYoungGen: 190475K->10167K(192512K)] 420584K->242462K(602112K), 0.0023911 secs] [Times: user=0.00 sys=0.00, real=0.00 secs] 
2024-10-04T14:19:59.559+0300: 1200.466: Total time for which application threads were stopped: 0.0027306 seconds, Stopping threads took: 0.0001909 seconds
2024-10-04T14:19:59.873+0300: 1200.782: Application time: 0.3158794 seconds
2024-10-04T14:19:59.873+0300: 1200.782: [GC (Allocation Failure) [PSYoungGen: 190950K->8710K(193024K)] 423245K->243183K(602624K), 0.0024269 secs] [Times: user=0.00 sys=0.00, real=0.00 secs] 
2024-10-04T14:19:59.888+0300: 1200.784: Total time for which application threads were stopped: 0.0028177 seconds, Stopping threads took: 0.0002218 seconds
2024-10-04T14:19:59.998+0300: 1200.907: Application time: 0.1224052 seconds
2024-10-04T14:19:59.998+0300: 1200.907: [GC (Allocation Failure) [PSYoungGen: 189928K->9423K(193536K)] 424401K->244664K(603136K), 0.0022582 secs] [Times: user=0.00 sys=0.00, real=0.00 secs] 
2024-10-04T14:19:59.998+0300: 1200.910: Total time for which application threads were stopped: 0.0026826 seconds, Stopping threads took: 0.0002281 seconds
2024-10-04T14:20:00.350+0300: 1201.249: Application time: 0.3394195 seconds
2024-10-04T14:20:00.350+0300: 1201.249: [GC (Allocation Failure) [PSYoungGen: 190791K->9390K(193024K)] 426033K->246149K(602624K), 0.0021764 secs] [Times: user=0.00 sys=0.00, real=0.00 secs] 
2024-10-04T14:20:00.350+0300: 1201.251: Total time for which application threads were stopped: 0.0024655 seconds, Stopping threads took: 0.0001550 seconds
2024-10-04T14:20:00.783+0300: 1201.679: Application time: 0.4276921 seconds
2024-10-04T14:20:00.783+0300: 1201.679: [GC (Allocation Failure) [PSYoungGen: 190728K->8742K(193536K)] 427487K->246973K(603136K), 0.0021745 secs] [Times: user=0.00 sys=0.00, real=0.00 secs] 
2024-10-04T14:20:00.783+0300: 1201.682: Total time for which application threads were stopped: 0.0025015 seconds, Stopping threads took: 0.0001595 seconds
2024-10-04T14:20:01.175+0300: 1202.082: Application time: 0.4000243 seconds
2024-10-04T14:20:01.175+0300: 1202.082: [GC (Allocation Failure) [PSYoungGen: 190866K->10879K(193536K)] 429097K->249871K(603136K), 0.0022916 secs] [Times: user=0.00 sys=0.00, real=0.00 secs] 
2024-10-04T14:20:01.175+0300: 1202.084: Total time for which application threads were stopped: 0.0025910 seconds, Stopping threads took: 0.0001439 seconds
2024-10-04T14:20:01.862+0300: 1202.761: Application time: 0.6767908 seconds
2024-10-04T14:20:01.862+0300: 1202.761: [GC (Allocation Failure) [PSYoungGen: 192626K->9455K(193536K)] 431618K->251337K(603136K), 0.0024925 secs] [Times: user=0.03 sys=0.00, real=0.00 secs] 
2024-10-04T14:20:01.865+0300: 1202.764: Total time for which application threads were stopped: 0.0027836 seconds, Stopping threads took: 0.0001348 seconds
2024-10-04T14:20:02.164+0300: 1203.070: Application time: 0.3058975 seconds
2024-10-04T14:20:02.164+0300: 1203.070: [GC (Allocation Failure) [PSYoungGen: 191481K->9422K(193536K)] 433363K->252753K(603136K), 0.0022974 secs] [Times: user=0.02 sys=0.00, real=0.00 secs] 
2024-10-04T14:20:02.164+0300: 1203.072: Total time for which application threads were stopped: 0.0026696 seconds, Stopping threads took: 0.0001913 seconds
2024-10-04T14:20:02.242+0300: 1203.153: Application time: 0.0809563 seconds
2024-10-04T14:20:02.242+0300: 1203.154: [GC (Allocation Failure) [PSYoungGen: 191605K->10135K(193536K)] 434936K->254271K(603136K), 0.0026011 secs] [Times: user=0.00 sys=0.00, real=0.02 secs] 
2024-10-04T14:20:02.258+0300: 1203.156: Total time for which application threads were stopped: 0.0028657 seconds, Stopping threads took: 0.0000902 seconds
2024-10-04T14:20:02.415+0300: 1203.319: Application time: 0.1628089 seconds
2024-10-04T14:20:02.415+0300: 1203.319: [GC (Allocation Failure) [PSYoungGen: 191891K->10103K(193536K)] 436027K->255720K(603136K), 0.0024159 secs] [Times: user=0.00 sys=0.00, real=0.00 secs] 
2024-10-04T14:20:02.415+0300: 1203.322: Total time for which application threads were stopped: 0.0027142 seconds, Stopping threads took: 0.0001523 seconds
2024-10-04T14:20:03.064+0300: 1203.964: Application time: 0.6420511 seconds
2024-10-04T14:20:03.064+0300: 1203.964: [GC (Allocation Failure) [PSYoungGen: 191836K->8742K(193536K)] 437452K->255860K(603136K), 0.0022326 secs] [Times: user=0.02 sys=0.00, real=0.00 secs] 
2024-10-04T14:20:03.064+0300: 1203.966: Total time for which application threads were stopped: 0.0025878 seconds, Stopping threads took: 0.0001942 seconds
2024-10-04T14:20:03.498+0300: 1204.395: Application time: 0.4288526 seconds
2024-10-04T14:20:03.498+0300: 1204.396: [GC (Allocation Failure) [PSYoungGen: 191014K->10848K(193536K)] 438132K->259414K(603136K), 0.0024147 secs] [Times: user=0.00 sys=0.00, real=0.00 secs] 
2024-10-04T14:20:03.498+0300: 1204.398: Total time for which application threads were stopped: 0.0027939 seconds, Stopping threads took: 0.0002142 seconds
2024-10-04T14:20:04.141+0300: 1205.048: Application time: 0.6500965 seconds
2024-10-04T14:20:04.141+0300: 1205.048: [GC (Allocation Failure) [PSYoungGen: 192590K->8742K(192512K)] 441157K->260199K(602112K), 0.0023993 secs] [Times: user=0.00 sys=0.00, real=0.00 secs] 
2024-10-04T14:20:04.141+0300: 1205.051: Total time for which application threads were stopped: 0.0027187 seconds, Stopping threads took: 0.0001737 seconds
2024-10-04T14:20:04.367+0300: 1205.267: Application time: 0.2161431 seconds
2024-10-04T14:20:04.367+0300: 1205.267: [GC (Allocation Failure) [PSYoungGen: 189322K->10135K(193024K)] 440779K->262352K(602624K), 0.0024213 secs] [Times: user=0.00 sys=0.00, real=0.01 secs] 
2024-10-04T14:20:04.373+0300: 1205.270: Total time for which application threads were stopped: 0.0028065 seconds, Stopping threads took: 0.0001649 seconds
2024-10-04T14:20:04.517+0300: 1205.428: Application time: 0.1581676 seconds
2024-10-04T14:20:04.517+0300: 1205.428: [GC (Allocation Failure) [PSYoungGen: 190838K->9390K(193024K)] 443056K->263117K(602624K), 0.0022690 secs] [Times: user=0.03 sys=0.00, real=0.02 secs] 
2024-10-04T14:20:04.533+0300: 1205.431: Total time for which application threads were stopped: 0.0025844 seconds, Stopping threads took: 0.0001775 seconds
2024-10-04T14:20:04.643+0300: 1205.552: Application time: 0.1216640 seconds
2024-10-04T14:20:04.643+0300: 1205.553: [GC (Allocation Failure) [PSYoungGen: 190370K->9359K(193024K)] 444096K->264558K(602624K), 0.0024451 secs] [Times: user=0.02 sys=0.00, real=0.02 secs] 
2024-10-04T14:20:04.658+0300: 1205.555: Total time for which application threads were stopped: 0.0029189 seconds, Stopping threads took: 0.0002628 seconds
2024-10-04T14:20:05.287+0300: 1206.195: Application time: 0.6400688 seconds
2024-10-04T14:20:05.287+0300: 1206.196: [GC (Allocation Failure) [PSYoungGen: 189975K->9454K(193536K)] 445175K->265446K(603136K), 0.0022391 secs] [Times: user=0.00 sys=0.00, real=0.00 secs] 
2024-10-04T14:20:05.287+0300: 1206.198: Total time for which application threads were stopped: 0.0026878 seconds, Stopping threads took: 0.0002510 seconds
2024-10-04T14:20:05.726+0300: 1206.627: Application time: 0.4291678 seconds
2024-10-04T14:20:05.726+0300: 1206.627: [GC (Allocation Failure) [PSYoungGen: 191223K->10848K(193536K)] 447215K->268321K(603136K), 0.0023793 secs] [Times: user=0.00 sys=0.00, real=0.00 secs] 
2024-10-04T14:20:05.726+0300: 1206.630: Total time for which application threads were stopped: 0.0026594 seconds, Stopping threads took: 0.0001280 seconds
2024-10-04T14:20:06.275+0300: 1207.178: Application time: 0.5482649 seconds
2024-10-04T14:20:06.275+0300: 1207.178: [GC (Allocation Failure) [PSYoungGen: 193031K->8742K(192512K)] 450505K->269082K(602112K), 0.0024503 secs] [Times: user=0.00 sys=0.00, real=0.01 secs] 
2024-10-04T14:20:06.284+0300: 1207.181: Total time for which application threads were stopped: 0.0028043 seconds, Stopping threads took: 0.0001984 seconds
2024-10-04T14:20:06.574+0300: 1207.476: Application time: 0.2952546 seconds
2024-10-04T14:20:06.574+0300: 1207.477: [GC (Allocation Failure) [PSYoungGen: 189308K->10199K(193024K)] 449647K->270586K(602624K), 0.0022052 secs] [Times: user=0.00 sys=0.00, real=0.01 secs] 
2024-10-04T14:20:06.583+0300: 1207.479: Total time for which application threads were stopped: 0.0029022 seconds, Stopping threads took: 0.0005225 seconds
2024-10-04T14:20:06.606+0300: 1207.503: Application time: 0.0242052 seconds
2024-10-04T14:20:06.606+0300: 1207.504: [GC (Allocation Failure) [PSYoungGen: 191309K->7189K(193024K)] 451696K->270539K(602624K), 0.0025349 secs] [Times: user=0.00 sys=0.00, real=0.00 secs] 
2024-10-04T14:20:06.606+0300: 1207.506: Total time for which application threads were stopped: 0.0031399 seconds, Stopping threads took: 0.0004144 seconds
2024-10-04T14:20:06.778+0300: 1207.679: Application time: 0.1725415 seconds
2024-10-04T14:20:06.778+0300: 1207.679: [GC (Allocation Failure) [PSYoungGen: 188035K->10135K(193024K)] 451385K->273485K(602624K), 0.0021213 secs] [Times: user=0.00 sys=0.00, real=0.00 secs] 
2024-10-04T14:20:06.778+0300: 1207.682: Total time for which application threads were stopped: 0.0026879 seconds, Stopping threads took: 0.0004209 seconds
2024-10-04T14:20:07.390+0300: 1208.295: Application time: 0.6133003 seconds
2024-10-04T14:20:07.390+0300: 1208.295: [GC (Allocation Failure) [PSYoungGen: 190975K->9486K(193024K)] 454325K->275726K(602624K), 0.0024443 secs] [Times: user=0.01 sys=0.00, real=0.01 secs] 
2024-10-04T14:20:07.401+0300: 1208.298: Total time for which application threads were stopped: 0.0028070 seconds, Stopping threads took: 0.0002046 seconds
2024-10-04T14:20:07.940+0300: 1208.847: Application time: 0.5488790 seconds
2024-10-04T14:20:07.940+0300: 1208.847: [GC (Allocation Failure) [PSYoungGen: 190655K->11592K(193024K)] 456895K->278585K(602624K), 0.0025374 secs] [Times: user=0.00 sys=0.00, real=0.00 secs] 
2024-10-04T14:20:07.940+0300: 1208.850: Total time for which application threads were stopped: 0.0028892 seconds, Stopping threads took: 0.0001602 seconds
2024-10-04T14:20:08.457+0300: 1209.366: Application time: 0.5163530 seconds
2024-10-04T14:20:08.457+0300: 1209.366: [GC (Allocation Failure) [PSYoungGen: 192416K->8710K(192000K)] 459409K->279289K(601600K), 0.0024378 secs] [Times: user=0.00 sys=0.00, real=0.00 secs] 
2024-10-04T14:20:08.457+0300: 1209.369: Total time for which application threads were stopped: 0.0028308 seconds, Stopping threads took: 0.0002262 seconds
2024-10-04T14:20:08.724+0300: 1209.625: Application time: 0.2564974 seconds
2024-10-04T14:20:08.724+0300: 1209.626: [GC (Allocation Failure) [PSYoungGen: 188825K->10135K(192512K)] 459404K->280770K(602112K), 0.0022525 secs] [Times: user=0.00 sys=0.00, real=0.00 secs] 
2024-10-04T14:20:08.724+0300: 1209.628: Total time for which application threads were stopped: 0.0026223 seconds, Stopping threads took: 0.0002255 seconds
2024-10-04T14:20:08.865+0300: 1209.772: Application time: 0.1436875 seconds
2024-10-04T14:20:08.876+0300: 1209.772: [GC (Allocation Failure) [PSYoungGen: 189842K->9422K(193024K)] 460477K->281546K(602624K), 0.0025128 secs] [Times: user=0.00 sys=0.00, real=0.00 secs] 
2024-10-04T14:20:08.876+0300: 1209.774: Total time for which application threads were stopped: 0.0028608 seconds, Stopping threads took: 0.0001746 seconds
2024-10-04T14:20:09.101+0300: 1209.997: Application time: 0.2226295 seconds
2024-10-04T14:20:09.101+0300: 1209.997: [GC (Allocation Failure) [PSYoungGen: 190027K->9422K(192512K)] 462151K->283039K(602112K), 0.0024982 secs] [Times: user=0.02 sys=0.00, real=0.00 secs] 
2024-10-04T14:20:09.101+0300: 1210.000: Total time for which application threads were stopped: 0.0028215 seconds, Stopping threads took: 0.0001557 seconds
2024-10-04T14:20:09.682+0300: 1210.589: Application time: 0.5891456 seconds
2024-10-04T14:20:09.682+0300: 1210.589: [GC (Allocation Failure) [PSYoungGen: 190031K->9454K(193024K)] 463648K->284536K(602624K), 0.0045546 secs] [Times: user=0.00 sys=0.00, real=0.02 secs] 
2024-10-04T14:20:09.697+0300: 1210.594: Total time for which application threads were stopped: 0.0049246 seconds, Stopping threads took: 0.0001845 seconds
2024-10-04T14:20:10.216+0300: 1211.116: Application time: 0.5225358 seconds
2024-10-04T14:20:10.216+0300: 1211.117: [GC (Allocation Failure) [PSYoungGen: 190530K->11592K(193024K)] 465612K->287427K(602624K), 0.0027914 secs] [Times: user=0.00 sys=0.00, real=0.00 secs] 
2024-10-04T14:20:10.216+0300: 1211.120: Total time for which application threads were stopped: 0.0031465 seconds, Stopping threads took: 0.0001686 seconds
2024-10-04T14:20:10.735+0300: 1211.645: Application time: 0.5251449 seconds
2024-10-04T14:20:10.735+0300: 1211.645: [GC (Allocation Failure) [PSYoungGen: 192339K->8710K(192000K)] 468174K->288123K(601600K), 0.0029467 secs] [Times: user=0.02 sys=0.00, real=0.02 secs] 
2024-10-04T14:20:10.750+0300: 1211.648: Total time for which application threads were stopped: 0.0034496 seconds, Stopping threads took: 0.0002896 seconds
2024-10-04T14:20:10.907+0300: 1211.806: Application time: 0.1577700 seconds
2024-10-04T14:20:10.907+0300: 1211.806: [GC (Allocation Failure) [PSYoungGen: 188569K->10911K(192512K)] 467982K->290373K(602112K), 0.0025785 secs] [Times: user=0.00 sys=0.00, real=0.00 secs] 
2024-10-04T14:20:10.907+0300: 1211.809: Total time for which application threads were stopped: 0.0029400 seconds, Stopping threads took: 0.0001791 seconds
2024-10-04T14:20:11.033+0300: 1211.939: Application time: 0.1299181 seconds
2024-10-04T14:20:11.033+0300: 1211.939: [GC (Allocation Failure) [PSYoungGen: 190878K->9390K(192512K)] 470339K->291081K(602112K), 0.0026350 secs] [Times: user=0.00 sys=0.00, real=0.00 secs] 
2024-10-04T14:20:11.033+0300: 1211.942: Total time for which application threads were stopped: 0.0030252 seconds, Stopping threads took: 0.0001703 seconds
2024-10-04T14:20:11.394+0300: 1212.294: Application time: 0.3521820 seconds
2024-10-04T14:20:11.394+0300: 1212.294: [GC (Allocation Failure) [PSYoungGen: 189254K->9390K(192512K)] 470945K->291842K(602112K), 0.0020790 secs] [Times: user=0.00 sys=0.00, real=0.00 secs] 
2024-10-04T14:20:11.394+0300: 1212.296: Total time for which application threads were stopped: 0.0023968 seconds, Stopping threads took: 0.0001725 seconds
2024-10-04T14:20:11.959+0300: 1212.868: Application time: 0.5716249 seconds
2024-10-04T14:20:11.959+0300: 1212.868: [GC (Allocation Failure) [PSYoungGen: 189263K->10911K(192512K)] 471714K->294828K(602112K), 0.0026298 secs] [Times: user=0.02 sys=0.00, real=0.02 secs] 
2024-10-04T14:20:11.975+0300: 1212.871: Total time for which application threads were stopped: 0.0030387 seconds, Stopping threads took: 0.0002093 seconds
2024-10-04T14:20:12.462+0300: 1213.362: Application time: 0.4912207 seconds
2024-10-04T14:20:12.462+0300: 1213.363: [GC (Allocation Failure) [PSYoungGen: 190777K->10135K(192512K)] 474694K->296238K(602112K), 0.0025995 secs] [Times: user=0.00 sys=0.00, real=0.00 secs] 
2024-10-04T14:20:12.462+0300: 1213.365: Total time for which application threads were stopped: 0.0028957 seconds, Stopping threads took: 0.0001428 seconds
2024-10-04T14:20:12.979+0300: 1213.878: Application time: 0.5126161 seconds
2024-10-04T14:20:12.979+0300: 1213.878: [GC (Allocation Failure) [PSYoungGen: 190203K->8678K(192512K)] 476306K->296237K(602112K), 0.0023795 secs] [Times: user=0.00 sys=0.00, real=0.00 secs] 
2024-10-04T14:20:12.982+0300: 1213.881: Total time for which application threads were stopped: 0.0027224 seconds, Stopping threads took: 0.0001683 seconds
2024-10-04T14:20:13.027+0300: 1213.932: Application time: 0.0516840 seconds
2024-10-04T14:20:13.027+0300: 1213.933: [GC (Allocation Failure) [PSYoungGen: 188287K->8742K(192512K)] 475846K->297070K(602112K), 0.0021956 secs] [Times: user=0.00 sys=0.00, real=0.00 secs] 
2024-10-04T14:20:13.027+0300: 1213.935: Total time for which application threads were stopped: 0.0026334 seconds, Stopping threads took: 0.0002528 seconds
2024-10-04T14:20:13.183+0300: 1214.080: Application time: 0.1446280 seconds
2024-10-04T14:20:13.184+0300: 1214.080: [GC (Allocation Failure) [PSYoungGen: 188301K->10135K(192512K)] 476628K->299295K(602112K), 0.0024605 secs] [Times: user=0.00 sys=0.00, real=0.00 secs] 
2024-10-04T14:20:13.184+0300: 1214.082: Total time for which application threads were stopped: 0.0028058 seconds, Stopping threads took: 0.0001231 seconds
2024-10-04T14:20:13.654+0300: 1214.563: Application time: 0.4810875 seconds
2024-10-04T14:20:13.654+0300: 1214.564: [GC (Allocation Failure) [PSYoungGen: 190280K->8646K(192512K)] 479440K->299984K(602112K), 0.0022974 secs] [Times: user=0.00 sys=0.00, real=0.00 secs] 
2024-10-04T14:20:13.654+0300: 1214.566: Total time for which application threads were stopped: 0.0025476 seconds, Stopping threads took: 0.0001042 seconds
2024-10-04T14:20:14.094+0300: 1214.998: Application time: 0.4320934 seconds
2024-10-04T14:20:14.094+0300: 1214.998: [GC (Allocation Failure) [PSYoungGen: 188611K->8742K(193024K)] 479949K->300832K(602624K), 0.0021192 secs] [Times: user=0.00 sys=0.00, real=0.00 secs] 
2024-10-04T14:20:14.094+0300: 1215.001: Total time for which application threads were stopped: 0.0024369 seconds, Stopping threads took: 0.0001557 seconds
2024-10-04T14:20:14.753+0300: 1215.658: Application time: 0.6577577 seconds
2024-10-04T14:20:14.753+0300: 1215.658: [GC (Allocation Failure) [PSYoungGen: 189042K->10880K(192512K)] 481132K->304443K(602112K), 0.0024710 secs] [Times: user=0.03 sys=0.00, real=0.00 secs] 
2024-10-04T14:20:14.753+0300: 1215.661: Total time for which application threads were stopped: 0.0027457 seconds, Stopping threads took: 0.0001348 seconds
2024-10-04T14:20:15.115+0300: 1216.024: Application time: 0.3631129 seconds
2024-10-04T14:20:15.115+0300: 1216.024: [GC (Allocation Failure) [PSYoungGen: 190989K->8710K(192512K)] 484553K->305148K(602112K), 0.0027577 secs] [Times: user=0.00 sys=0.01, real=0.02 secs] 
2024-10-04T14:20:15.130+0300: 1216.027: Total time for which application threads were stopped: 0.0030613 seconds, Stopping threads took: 0.0001060 seconds
2024-10-04T14:20:15.304+0300: 1216.204: Application time: 0.1765271 seconds
2024-10-04T14:20:15.304+0300: 1216.204: [GC (Allocation Failure) [PSYoungGen: 188469K->10167K(192512K)] 484906K->306644K(602112K), 0.0021628 secs] [Times: user=0.00 sys=0.00, real=0.00 secs] 
2024-10-04T14:20:15.304+0300: 1216.206: Total time for which application threads were stopped: 0.0025335 seconds, Stopping threads took: 0.0001965 seconds
2024-10-04T14:20:15.413+0300: 1216.324: Application time: 0.1181288 seconds
2024-10-04T14:20:15.413+0300: 1216.325: [GC (Allocation Failure) [PSYoungGen: 189784K->10167K(192512K)] 486262K->308866K(602112K), 0.0024691 secs] [Times: user=0.02 sys=0.00, real=0.02 secs] 
2024-10-04T14:20:15.429+0300: 1216.327: Total time for which application threads were stopped: 0.0028656 seconds, Stopping threads took: 0.0002437 seconds
2024-10-04T14:20:15.900+0300: 1216.799: Application time: 0.4712912 seconds
2024-10-04T14:20:15.900+0300: 1216.799: [GC (Allocation Failure) [PSYoungGen: 189725K->8742K(192512K)] 488424K->308934K(602112K), 0.0023560 secs] [Times: user=0.00 sys=0.00, real=0.00 secs] 
2024-10-04T14:20:15.900+0300: 1216.801: Total time for which application threads were stopped: 0.0027018 seconds, Stopping threads took: 0.0001629 seconds
2024-10-04T14:20:16.381+0300: 1217.279: Application time: 0.4778337 seconds
2024-10-04T14:20:16.381+0300: 1217.279: [GC (Allocation Failure) [PSYoungGen: 188678K->9390K(193024K)] 488870K->310335K(602624K), 0.0022501 secs] [Times: user=0.00 sys=0.00, real=0.00 secs] 
2024-10-04T14:20:16.381+0300: 1217.282: Total time for which application threads were stopped: 0.0025956 seconds, Stopping threads took: 0.0001766 seconds
2024-10-04T14:20:16.999+0300: 1217.898: Application time: 0.6158142 seconds
2024-10-04T14:20:16.999+0300: 1217.898: [GC (Allocation Failure) [PSYoungGen: 189679K->10168K(192512K)] 490624K->313298K(602112K), 0.0024949 secs] [Times: user=0.00 sys=0.00, real=0.00 secs] 
2024-10-04T14:20:16.999+0300: 1217.900: Total time for which application threads were stopped: 0.0028835 seconds, Stopping threads took: 0.0002047 seconds
2024-10-04T14:20:17.374+0300: 1218.271: Application time: 0.3703766 seconds
2024-10-04T14:20:17.374+0300: 1218.271: [GC (Allocation Failure) [PSYoungGen: 190210K->8646K(193024K)] 493341K->313954K(602624K), 0.0022631 secs] [Times: user=0.00 sys=0.00, real=0.00 secs] 
2024-10-04T14:20:17.374+0300: 1218.273: Total time for which application threads were stopped: 0.0026831 seconds, Stopping threads took: 0.0002742 seconds
2024-10-04T14:20:17.500+0300: 1218.406: Application time: 0.1325362 seconds
2024-10-04T14:20:17.500+0300: 1218.406: [GC (Allocation Failure) [PSYoungGen: 189861K->10167K(193024K)] 495169K->315515K(602624K), 0.0021411 secs] [Times: user=0.00 sys=0.00, real=0.00 secs] 
2024-10-04T14:20:17.500+0300: 1218.409: Total time for which application threads were stopped: 0.0025424 seconds, Stopping threads took: 0.0002169 seconds
2024-10-04T14:20:17.641+0300: 1218.552: Application time: 0.1432371 seconds
2024-10-04T14:20:17.641+0300: 1218.552: [GC (Allocation Failure) [PSYoungGen: 191178K->10135K(193024K)] 496526K->317712K(602624K), 0.0027012 secs] [Times: user=0.02 sys=0.00, real=0.01 secs] 
2024-10-04T14:20:17.656+0300: 1218.555: Total time for which application threads were stopped: 0.0031361 seconds, Stopping threads took: 0.0002750 seconds
2024-10-04T14:20:18.292+0300: 1219.194: Application time: 0.6386528 seconds
2024-10-04T14:20:18.292+0300: 1219.194: [GC (Allocation Failure) [PSYoungGen: 191227K->8742K(193024K)] 498805K->317821K(602624K), 0.0023825 secs] [Times: user=0.00 sys=0.00, real=0.00 secs] 
2024-10-04T14:20:18.300+0300: 1219.196: Total time for which application threads were stopped: 0.0027230 seconds, Stopping threads took: 0.0001805 seconds
2024-10-04T14:20:18.724+0300: 1219.626: Application time: 0.4300466 seconds
2024-10-04T14:20:18.724+0300: 1219.627: [GC (Allocation Failure) [PSYoungGen: 189432K->10135K(193024K)] 498510K->319238K(602624K), 0.0021691 secs] [Times: user=0.00 sys=0.00, real=0.00 secs] 
2024-10-04T14:20:18.724+0300: 1219.629: Total time for which application threads were stopped: 0.0025245 seconds, Stopping threads took: 0.0001840 seconds
2024-10-04T14:20:19.368+0300: 1220.274: Application time: 0.6449031 seconds
2024-10-04T14:20:19.368+0300: 1220.274: [GC (Allocation Failure) [PSYoungGen: 191152K->10167K(193024K)] 500254K->321464K(602624K), 0.0024444 secs] [Times: user=0.00 sys=0.00, real=0.00 secs] 
2024-10-04T14:20:19.368+0300: 1220.277: Total time for which application threads were stopped: 0.0028257 seconds, Stopping threads took: 0.0002213 seconds
2024-10-04T14:20:19.776+0300: 1220.673: Application time: 0.3964000 seconds
2024-10-04T14:20:19.776+0300: 1220.673: [GC (Allocation Failure) [PSYoungGen: 190775K->7965K(193024K)] 502072K->320727K(602624K), 0.0021836 secs] [Times: user=0.00 sys=0.00, real=0.00 secs] 
2024-10-04T14:20:19.776+0300: 1220.676: Total time for which application threads were stopped: 0.0026955 seconds, Stopping threads took: 0.0003539 seconds
2024-10-04T14:20:19.902+0300: 1220.811: Application time: 0.1357722 seconds
2024-10-04T14:20:19.902+0300: 1220.812: [GC (Allocation Failure) [PSYoungGen: 188699K->10071K(193024K)] 501460K->323621K(602624K), 0.0023987 secs] [Times: user=0.02 sys=0.00, real=0.02 secs] 
2024-10-04T14:20:19.917+0300: 1220.814: Total time for which application threads were stopped: 0.0027673 seconds, Stopping threads took: 0.0002190 seconds
2024-10-04T14:20:19.948+0300: 1220.860: Application time: 0.0454599 seconds
2024-10-04T14:20:19.964+0300: 1220.860: [GC (Allocation Failure) [PSYoungGen: 191093K->8710K(193024K)] 504643K->323757K(602624K), 0.0021723 secs] [Times: user=0.00 sys=0.00, real=0.00 secs] 
2024-10-04T14:20:19.964+0300: 1220.863: Total time for which application threads were stopped: 0.0027908 seconds, Stopping threads took: 0.0004669 seconds
2024-10-04T14:20:20.639+0300: 1221.542: Application time: 0.6790948 seconds
2024-10-04T14:20:20.639+0300: 1221.542: [GC (Allocation Failure) [PSYoungGen: 189704K->10167K(193024K)] 504751K->326010K(602624K), 0.0023696 secs] [Times: user=0.00 sys=0.00, real=0.00 secs] 
2024-10-04T14:20:20.639+0300: 1221.544: Total time for which application threads were stopped: 0.0026883 seconds, Stopping threads took: 0.0001206 seconds
2024-10-04T14:20:21.097+0300: 1221.997: Application time: 0.4528116 seconds
2024-10-04T14:20:21.097+0300: 1221.997: [GC (Allocation Failure) [PSYoungGen: 190844K->10848K(192000K)] 506688K->328140K(601600K), 0.0025211 secs] [Times: user=0.00 sys=0.00, real=0.00 secs] 
2024-10-04T14:20:21.097+0300: 1222.000: Total time for which application threads were stopped: 0.0028855 seconds, Stopping threads took: 0.0001583 seconds
2024-10-04T14:20:21.534+0300: 1222.436: Application time: 0.4358690 seconds
2024-10-04T14:20:21.534+0300: 1222.436: [GC (Allocation Failure) [PSYoungGen: 190871K->10103K(192512K)] 508163K->329606K(602112K), 0.0024700 secs] [Times: user=0.00 sys=0.00, real=0.00 secs] 
2024-10-04T14:20:21.534+0300: 1222.439: Total time for which application threads were stopped: 0.0028460 seconds, Stopping threads took: 0.0002292 seconds
2024-10-04T14:20:21.898+0300: 1222.800: Application time: 0.3612488 seconds
2024-10-04T14:20:21.898+0300: 1222.800: [GC (Allocation Failure) [PSYoungGen: 190135K->9487K(193024K)] 509638K->330454K(602624K), 0.0023631 secs] [Times: user=0.03 sys=0.00, real=0.00 secs] 
2024-10-04T14:20:21.898+0300: 1222.803: Total time for which application threads were stopped: 0.0027514 seconds, Stopping threads took: 0.0002409 seconds
2024-10-04T14:20:22.115+0300: 1223.015: Application time: 0.2119092 seconds
2024-10-04T14:20:22.115+0300: 1223.015: [GC (Allocation Failure) [PSYoungGen: 190006K->8742K(192512K)] 510973K->330478K(602112K), 0.0021406 secs] [Times: user=0.00 sys=0.00, real=0.00 secs] 
2024-10-04T14:20:22.115+0300: 1223.017: Total time for which application threads were stopped: 0.0024664 seconds, Stopping threads took: 0.0001955 seconds
2024-10-04T14:20:22.177+0300: 1223.087: Application time: 0.0700144 seconds
2024-10-04T14:20:22.177+0300: 1223.087: [GC (Allocation Failure) [PSYoungGen: 189375K->10103K(193024K)] 511111K->333356K(602624K), 0.0025698 secs] [Times: user=0.01 sys=0.00, real=0.02 secs] 
2024-10-04T14:20:22.193+0300: 1223.090: Total time for which application threads were stopped: 0.0029046 seconds, Stopping threads took: 0.0001955 seconds
2024-10-04T14:20:22.915+0300: 1223.822: Application time: 0.7323885 seconds
2024-10-04T14:20:22.915+0300: 1223.823: [GC (Allocation Failure) [PSYoungGen: 191126K->9454K(193024K)] 514379K->334180K(602624K), 0.0024053 secs] [Times: user=0.00 sys=0.00, real=0.00 secs] 
2024-10-04T14:20:22.915+0300: 1223.825: Total time for which application threads were stopped: 0.0026593 seconds, Stopping threads took: 0.0000945 seconds
2024-10-04T14:20:23.300+0300: 1224.200: Application time: 0.3745548 seconds
2024-10-04T14:20:23.300+0300: 1224.200: [GC (Allocation Failure) [PSYoungGen: 190212K->11592K(192000K)] 514938K->337039K(601600K), 0.0025426 secs] [Times: user=0.00 sys=0.00, real=0.00 secs] 
2024-10-04T14:20:23.300+0300: 1224.203: Total time for which application threads were stopped: 0.0028642 seconds, Stopping threads took: 0.0001802 seconds
2024-10-04T14:20:23.825+0300: 1224.729: Application time: 0.5269428 seconds
2024-10-04T14:20:23.825+0300: 1224.730: [GC (Allocation Failure) [PSYoungGen: 191556K->7966K(192512K)] 517003K->337031K(602112K), 0.0023838 secs] [Times: user=0.00 sys=0.00, real=0.00 secs] 
2024-10-04T14:20:23.825+0300: 1224.733: Total time for which application threads were stopped: 0.0030911 seconds, Stopping threads took: 0.0005684 seconds
2024-10-04T14:20:24.028+0300: 1224.936: Application time: 0.2029993 seconds
2024-10-04T14:20:24.028+0300: 1224.936: [GC (Allocation Failure) [PSYoungGen: 188068K->9455K(192512K)] 517133K->338584K(602112K), 0.0019531 secs] [Times: user=0.00 sys=0.00, real=0.00 secs] 
2024-10-04T14:20:24.028+0300: 1224.938: Total time for which application threads were stopped: 0.0021844 seconds, Stopping threads took: 0.0000711 seconds
2024-10-04T14:20:24.373+0300: 1225.277: Application time: 0.3393726 seconds
2024-10-04T14:20:24.373+0300: 1225.277: [GC (Allocation Failure) [PSYoungGen: 189115K->9422K(192512K)] 518244K->340032K(602112K), 0.0023529 secs] [Times: user=0.00 sys=0.00, real=0.00 secs] 
2024-10-04T14:20:24.373+0300: 1225.280: Total time for which application threads were stopped: 0.0026870 seconds, Stopping threads took: 0.0001453 seconds
2024-10-04T14:20:24.593+0300: 1225.490: Application time: 0.2102450 seconds
2024-10-04T14:20:24.593+0300: 1225.490: [GC (Allocation Failure) [PSYoungGen: 189333K->9390K(193024K)] 519943K->341502K(602624K), 0.0024019 secs] [Times: user=0.00 sys=0.00, real=0.00 secs] 
2024-10-04T14:20:24.593+0300: 1225.493: Total time for which application threads were stopped: 0.0027217 seconds, Stopping threads took: 0.0001618 seconds
2024-10-04T14:20:25.268+0300: 1226.170: Application time: 0.6772536 seconds
2024-10-04T14:20:25.268+0300: 1226.170: [GC (Allocation Failure) [PSYoungGen: 190404K->10167K(193024K)] 522515K->343039K(602624K), 0.0022270 secs] [Times: user=0.00 sys=0.00, real=0.00 secs] 
2024-10-04T14:20:25.268+0300: 1226.173: Total time for which application threads were stopped: 0.0025283 seconds, Stopping threads took: 0.0001583 seconds
2024-10-04T14:20:25.605+0300: 1226.508: Application time: 0.3356802 seconds
2024-10-04T14:20:25.605+0300: 1226.508: [GC (Allocation Failure) [PSYoungGen: 190909K->10167K(193024K)] 523781K->344480K(602624K), 0.0027581 secs] [Times: user=0.00 sys=0.00, real=0.01 secs] 
2024-10-04T14:20:25.613+0300: 1226.511: Total time for which application threads were stopped: 0.0030502 seconds, Stopping threads took: 0.0001183 seconds
2024-10-04T14:20:26.037+0300: 1226.933: Application time: 0.4215666 seconds
2024-10-04T14:20:26.037+0300: 1226.933: [GC (Allocation Failure) [PSYoungGen: 190888K->8742K(193024K)] 525201K->345953K(602624K), 0.0024365 secs] [Times: user=0.02 sys=0.00, real=0.00 secs] 
2024-10-04T14:20:26.037+0300: 1226.936: Total time for which application threads were stopped: 0.0028132 seconds, Stopping threads took: 0.0002059 seconds
2024-10-04T14:20:26.287+0300: 1227.188: Application time: 0.2524762 seconds
2024-10-04T14:20:26.287+0300: 1227.188: [GC (Allocation Failure) [PSYoungGen: 189466K->9358K(193024K)] 526677K->346641K(602624K), 0.0022139 secs] [Times: user=0.00 sys=0.00, real=0.00 secs] 
2024-10-04T14:20:26.287+0300: 1227.191: Total time for which application threads were stopped: 0.0025362 seconds, Stopping threads took: 0.0001866 seconds
2024-10-04T14:20:26.491+0300: 1227.395: Application time: 0.2047712 seconds
2024-10-04T14:20:26.491+0300: 1227.396: [GC (Allocation Failure) [PSYoungGen: 190439K->9422K(193024K)] 527722K->348186K(602624K), 0.0024159 secs] [Times: user=0.00 sys=0.00, real=0.00 secs] 
2024-10-04T14:20:26.491+0300: 1227.398: Total time for which application threads were stopped: 0.0027966 seconds, Stopping threads took: 0.0002342 seconds
2024-10-04T14:20:26.711+0300: 1227.623: Application time: 0.2243649 seconds
2024-10-04T14:20:26.727+0300: 1227.623: [GC (Allocation Failure) [PSYoungGen: 190109K->10135K(192512K)] 528873K->349687K(602112K), 0.0023844 secs] [Times: user=0.00 sys=0.00, real=0.00 secs] 
2024-10-04T14:20:26.727+0300: 1227.625: Total time for which application threads were stopped: 0.0028043 seconds, Stopping threads took: 0.0002670 seconds
2024-10-04T14:20:27.480+0300: 1228.388: Application time: 0.7630626 seconds
2024-10-04T14:20:27.480+0300: 1228.389: [GC (Allocation Failure) [PSYoungGen: 191146K->10167K(193024K)] 530699K->351905K(602624K), 0.0024968 secs] [Times: user=0.00 sys=0.00, real=0.00 secs] 
2024-10-04T14:20:27.480+0300: 1228.391: Total time for which application threads were stopped: 0.0028878 seconds, Stopping threads took: 0.0002472 seconds
2024-10-04T14:20:27.841+0300: 1228.743: Application time: 0.3514434 seconds
2024-10-04T14:20:27.841+0300: 1228.743: [GC (Allocation Failure) [PSYoungGen: 190972K->10167K(193024K)] 532710K->354051K(602624K), 0.0025758 secs] [Times: user=0.00 sys=0.00, real=0.00 secs] 
2024-10-04T14:20:27.841+0300: 1228.746: Total time for which application threads were stopped: 0.0028537 seconds, Stopping threads took: 0.0000961 seconds
2024-10-04T14:20:28.423+0300: 1229.324: Application time: 0.5782773 seconds
2024-10-04T14:20:28.423+0300: 1229.324: [GC (Allocation Failure) [PSYoungGen: 191002K->8678K(193024K)] 534886K->354763K(602624K), 0.0022127 secs] [Times: user=0.00 sys=0.00, real=0.00 secs] 
2024-10-04T14:20:28.423+0300: 1229.327: Total time for which application threads were stopped: 0.0025792 seconds, Stopping threads took: 0.0002382 seconds
2024-10-04T14:20:28.485+0300: 1229.395: Application time: 0.0681729 seconds
2024-10-04T14:20:28.485+0300: 1229.395: [GC (Allocation Failure) [PSYoungGen: 189804K->9422K(193536K)] 535889K->355572K(603136K), 0.0022087 secs] [Times: user=0.02 sys=0.00, real=0.02 secs] 
2024-10-04T14:20:28.501+0300: 1229.397: Total time for which application threads were stopped: 0.0025967 seconds, Stopping threads took: 0.0002388 seconds
2024-10-04T14:20:28.674+0300: 1229.572: Application time: 0.1741808 seconds
2024-10-04T14:20:28.674+0300: 1229.572: [GC (Allocation Failure) [PSYoungGen: 190829K->9390K(193024K)] 536979K->357057K(602624K), 0.0022709 secs] [Times: user=0.03 sys=0.00, real=0.00 secs] 
2024-10-04T14:20:28.674+0300: 1229.574: Total time for which application threads were stopped: 0.0025816 seconds, Stopping threads took: 0.0001305 seconds
2024-10-04T14:20:29.097+0300: 1230.004: Application time: 0.4296200 seconds
2024-10-04T14:20:29.097+0300: 1230.004: [GC (Allocation Failure) [PSYoungGen: 190990K->8710K(193536K)] 538657K->357849K(603136K), 0.0022131 secs] [Times: user=0.00 sys=0.00, real=0.00 secs] 
2024-10-04T14:20:29.097+0300: 1230.006: Total time for which application threads were stopped: 0.0025796 seconds, Stopping threads took: 0.0002163 seconds
2024-10-04T14:20:29.616+0300: 1230.520: Application time: 0.5139464 seconds
2024-10-04T14:20:29.616+0300: 1230.521: [GC (Allocation Failure) [PSYoungGen: 190858K->8678K(193536K)] 539997K->359290K(603136K), 0.0025390 secs] [Times: user=0.00 sys=0.00, real=0.00 secs] 
2024-10-04T14:20:29.616+0300: 1230.523: Total time for which application threads were stopped: 0.0030924 seconds, Stopping threads took: 0.0003598 seconds
2024-10-04T14:20:30.188+0300: 1231.084: Application time: 0.5609734 seconds
2024-10-04T14:20:30.188+0300: 1231.085: [GC (Allocation Failure) [PSYoungGen: 190426K->10880K(192512K)] 541039K->362958K(602112K), 0.0039874 secs] [Times: user=0.00 sys=0.00, real=0.00 secs] 
2024-10-04T14:20:30.192+0300: 1231.089: Total time for which application threads were stopped: 0.0048355 seconds, Stopping threads took: 0.0006965 seconds
2024-10-04T14:20:30.777+0300: 1231.679: Application time: 0.5896454 seconds
2024-10-04T14:20:30.777+0300: 1231.679: [GC (Allocation Failure) [PSYoungGen: 191464K->7933K(193024K)] 543542K->362909K(602624K), 0.0023343 secs] [Times: user=0.00 sys=0.00, real=0.00 secs] 
2024-10-04T14:20:30.777+0300: 1231.681: Total time for which application threads were stopped: 0.0026330 seconds, Stopping threads took: 0.0001566 seconds
2024-10-04T14:20:30.814+0300: 1231.719: Application time: 0.0374017 seconds
2024-10-04T14:20:30.814+0300: 1231.719: [GC (Allocation Failure) [PSYoungGen: 188741K->8710K(193024K)] 543717K->363758K(602624K), 0.0021431 secs] [Times: user=0.02 sys=0.00, real=0.01 secs] 
2024-10-04T14:20:30.824+0300: 1231.721: Total time for which application threads were stopped: 0.0024849 seconds, Stopping threads took: 0.0002018 seconds
2024-10-04T14:20:31.059+0300: 1231.957: Application time: 0.2354791 seconds
2024-10-04T14:20:31.059+0300: 1231.957: [GC (Allocation Failure) [PSYoungGen: 189357K->9358K(193024K)] 544405K->366608K(602624K), 0.0023322 secs] [Times: user=0.00 sys=0.00, real=0.00 secs] 
2024-10-04T14:20:31.059+0300: 1231.959: Total time for which application threads were stopped: 0.0026358 seconds, Stopping threads took: 0.0001584 seconds
2024-10-04T14:20:31.562+0300: 1232.461: Application time: 0.5016846 seconds
2024-10-04T14:20:31.562+0300: 1232.461: [GC (Allocation Failure) [PSYoungGen: 189956K->8742K(193536K)] 547205K->367464K(603136K), 0.0022524 secs] [Times: user=0.00 sys=0.00, real=0.00 secs] 
2024-10-04T14:20:31.562+0300: 1232.464: Total time for which application threads were stopped: 0.0025219 seconds, Stopping threads took: 0.0001444 seconds
2024-10-04T14:20:32.095+0300: 1233.005: Application time: 0.5416401 seconds
2024-10-04T14:20:32.095+0300: 1233.006: [GC (Allocation Failure) [PSYoungGen: 190877K->9390K(193536K)] 549600K->368881K(603136K), 0.0023022 secs] [Times: user=0.02 sys=0.00, real=0.01 secs] 
2024-10-04T14:20:32.110+0300: 1233.008: Total time for which application threads were stopped: 0.0025960 seconds, Stopping threads took: 0.0001291 seconds
2024-10-04T14:20:32.770+0300: 1233.672: Application time: 0.6638280 seconds
2024-10-04T14:20:32.770+0300: 1233.672: [GC (Allocation Failure) [PSYoungGen: 191222K->10167K(193536K)] 550713K->371836K(603136K), 0.0025967 secs] [Times: user=0.00 sys=0.00, real=0.00 secs] 
2024-10-04T14:20:32.770+0300: 1233.675: Total time for which application threads were stopped: 0.0028864 seconds, Stopping threads took: 0.0001367 seconds
2024-10-04T14:20:33.162+0300: 1234.068: Application time: 0.3933722 seconds
2024-10-04T14:20:33.162+0300: 1234.068: [GC (Allocation Failure) [PSYoungGen: 192426K->8614K(193536K)] 554095K->372468K(603136K), 0.0023224 secs] [Times: user=0.00 sys=0.00, real=0.00 secs] 
2024-10-04T14:20:33.162+0300: 1234.071: Total time for which application threads were stopped: 0.0027363 seconds, Stopping threads took: 0.0002233 seconds
2024-10-04T14:20:33.225+0300: 1234.127: Application time: 0.0563513 seconds
2024-10-04T14:20:33.225+0300: 1234.127: [GC (Allocation Failure) [PSYoungGen: 190327K->8726K(193536K)] 554181K->373349K(603136K), 0.0022159 secs] [Times: user=0.00 sys=0.00, real=0.00 secs] 
2024-10-04T14:20:33.225+0300: 1234.130: Total time for which application threads were stopped: 0.0025953 seconds, Stopping threads took: 0.0002376 seconds
2024-10-04T14:20:33.569+0300: 1234.476: Application time: 0.3459915 seconds
2024-10-04T14:20:33.569+0300: 1234.476: [GC (Allocation Failure) [PSYoungGen: 190750K->9422K(193536K)] 555373K->374878K(603136K), 0.0021419 secs] [Times: user=0.00 sys=0.00, real=0.00 secs] 
2024-10-04T14:20:33.569+0300: 1234.478: Total time for which application threads were stopped: 0.0024406 seconds, Stopping threads took: 0.0001601 seconds
2024-10-04T14:20:33.977+0300: 1234.882: Application time: 0.4042580 seconds
2024-10-04T14:20:33.977+0300: 1234.883: [GC (Allocation Failure) [PSYoungGen: 191517K->8774K(193536K)] 556972K->376375K(603136K), 0.0023287 secs] [Times: user=0.00 sys=0.00, real=0.00 secs] 
2024-10-04T14:20:33.977+0300: 1234.885: Total time for which application threads were stopped: 0.0027632 seconds, Stopping threads took: 0.0002875 seconds
2024-10-04T14:20:34.401+0300: 1235.304: Application time: 0.4188046 seconds
2024-10-04T14:20:34.401+0300: 1235.304: Total time for which application threads were stopped: 0.0002008 seconds, Stopping threads took: 0.0001456 seconds
2024-10-04T14:20:34.777+0300: 1235.688: Application time: 0.3837735 seconds
2024-10-04T14:20:34.777+0300: 1235.688: [GC (Allocation Failure) [PSYoungGen: 190507K->9423K(193536K)] 558108K->377776K(603136K), 0.0023029 secs] [Times: user=0.02 sys=0.00, real=0.02 secs] 
2024-10-04T14:20:34.793+0300: 1235.691: Total time for which application threads were stopped: 0.0026571 seconds, Stopping threads took: 0.0001887 seconds
2024-10-04T14:20:35.091+0300: 1235.998: Application time: 0.3076641 seconds
2024-10-04T14:20:35.091+0300: 1235.998: Total time for which application threads were stopped: 0.0002081 seconds, Stopping threads took: 0.0001409 seconds
2024-10-04T14:20:35.358+0300: 1236.264: Application time: 0.2656768 seconds
2024-10-04T14:20:35.358+0300: 1236.264: Total time for which application threads were stopped: 0.0001294 seconds, Stopping threads took: 0.0000784 seconds
2024-10-04T14:20:35.358+0300: 1236.268: Application time: 0.0039831 seconds
2024-10-04T14:20:35.358+0300: 1236.268: Total time for which application threads were stopped: 0.0001150 seconds, Stopping threads took: 0.0000691 seconds
2024-10-04T14:20:35.781+0300: 1236.690: Application time: 0.4212462 seconds
2024-10-04T14:20:35.781+0300: 1236.690: Total time for which application threads were stopped: 0.0002140 seconds, Stopping threads took: 0.0000341 seconds
2024-10-04T14:20:35.860+0300: 1236.760: Application time: 0.0703088 seconds
2024-10-04T14:20:35.860+0300: 1236.760: Total time for which application threads were stopped: 0.0002531 seconds, Stopping threads took: 0.0000384 seconds
2024-10-04T14:20:35.907+0300: 1236.808: Application time: 0.0470897 seconds
2024-10-04T14:20:35.907+0300: 1236.808: Total time for which application threads were stopped: 0.0003063 seconds, Stopping threads took: 0.0000316 seconds
2024-10-04T14:20:35.938+0300: 1236.835: Application time: 0.0267712 seconds
2024-10-04T14:20:35.938+0300: 1236.835: Total time for which application threads were stopped: 0.0001314 seconds, Stopping threads took: 0.0000416 seconds
2024-10-04T14:20:35.954+0300: 1236.855: Application time: 0.0199041 seconds
2024-10-04T14:20:35.954+0300: 1236.855: Total time for which application threads were stopped: 0.0001254 seconds, Stopping threads took: 0.0000794 seconds
2024-10-04T14:20:36.064+0300: 1236.962: Application time: 0.1075649 seconds
2024-10-04T14:20:36.064+0300: 1236.963: Total time for which application threads were stopped: 0.0002771 seconds, Stopping threads took: 0.0000259 seconds
2024-10-04T14:20:36.064+0300: 1236.965: Application time: 0.0026191 seconds
2024-10-04T14:20:36.064+0300: 1236.965: Total time for which application threads were stopped: 0.0000824 seconds, Stopping threads took: 0.0000192 seconds
2024-10-04T14:20:36.064+0300: 1236.967: Application time: 0.0016653 seconds
2024-10-04T14:20:36.064+0300: 1236.967: Total time for which application threads were stopped: 0.0000757 seconds, Stopping threads took: 0.0000115 seconds
2024-10-04T14:20:36.096+0300: 1236.994: Application time: 0.0274011 seconds
2024-10-04T14:20:36.096+0300: 1236.995: Total time for which application threads were stopped: 0.0001425 seconds, Stopping threads took: 0.0000815 seconds
2024-10-04T14:20:36.096+0300: 1236.996: Application time: 0.0018535 seconds
2024-10-04T14:20:36.096+0300: 1236.997: Total time for which application threads were stopped: 0.0000286 seconds, Stopping threads took: 0.0000123 seconds
2024-10-04T14:20:36.190+0300: 1237.094: Application time: 0.0977797 seconds
2024-10-04T14:20:36.190+0300: 1237.094: [GC (Allocation Failure) [PSYoungGen: 191695K->10728K(192000K)] 560048K->380206K(601600K), 0.0036256 secs] [Times: user=0.00 sys=0.00, real=0.00 secs] 
2024-10-04T14:20:36.190+0300: 1237.098: Total time for which application threads were stopped: 0.0038530 seconds, Stopping threads took: 0.0000845 seconds
2024-10-04T14:20:36.190+0300: 1237.098: Application time: 0.0001377 seconds
2024-10-04T14:20:36.190+0300: 1237.098: Total time for which application threads were stopped: 0.0001136 seconds, Stopping threads took: 0.0000779 seconds
2024-10-04T14:20:36.190+0300: 1237.099: Application time: 0.0001045 seconds
2024-10-04T14:20:36.190+0300: 1237.099: Total time for which application threads were stopped: 0.0000575 seconds, Stopping threads took: 0.0000247 seconds
2024-10-04T14:20:36.190+0300: 1237.099: Application time: 0.0001145 seconds
2024-10-04T14:20:36.190+0300: 1237.099: Total time for which application threads were stopped: 0.0000322 seconds, Stopping threads took: 0.0000162 seconds
2024-10-04T14:20:36.190+0300: 1237.099: Application time: 0.0001194 seconds
2024-10-04T14:20:36.190+0300: 1237.099: Total time for which application threads were stopped: 0.0000305 seconds, Stopping threads took: 0.0000183 seconds
2024-10-04T14:20:36.190+0300: 1237.099: Application time: 0.0000791 seconds
2024-10-04T14:20:36.190+0300: 1237.099: Total time for which application threads were stopped: 0.0000544 seconds, Stopping threads took: 0.0000239 seconds
2024-10-04T14:20:36.190+0300: 1237.099: Application time: 0.0001773 seconds
2024-10-04T14:20:36.190+0300: 1237.099: Total time for which application threads were stopped: 0.0000735 seconds, Stopping threads took: 0.0000538 seconds
2024-10-04T14:20:36.190+0300: 1237.099: Application time: 0.0000501 seconds
2024-10-04T14:20:36.190+0300: 1237.099: Total time for which application threads were stopped: 0.0000741 seconds, Stopping threads took: 0.0000474 seconds
2024-10-04T14:20:36.425+0300: 1237.324: Application time: 0.2248657 seconds
2024-10-04T14:20:36.425+0300: 1237.324: [GC (Allocation Failure) [PSYoungGen: 191976K->7960K(193024K)] 561454K->380911K(602624K), 0.0032412 secs] [Times: user=0.00 sys=0.00, real=0.00 secs] 
2024-10-04T14:20:36.425+0300: 1237.328: Total time for which application threads were stopped: 0.0035552 seconds, Stopping threads took: 0.0000431 seconds
2024-10-04T14:20:36.425+0300: 1237.328: Application time: 0.0001287 seconds
2024-10-04T14:20:36.425+0300: 1237.328: Total time for which application threads were stopped: 0.0001445 seconds, Stopping threads took: 0.0000907 seconds
2024-10-04T14:20:36.425+0300: 1237.328: Application time: 0.0000780 seconds
2024-10-04T14:20:36.425+0300: 1237.328: Total time for which application threads were stopped: 0.0001182 seconds, Stopping threads took: 0.0000708 seconds
2024-10-04T14:20:36.503+0300: 1237.405: Application time: 0.0768791 seconds
2024-10-04T14:20:36.503+0300: 1237.405: Total time for which application threads were stopped: 0.0001545 seconds, Stopping threads took: 0.0000805 seconds
2024-10-04T14:20:37.070+0300: 1237.967: Application time: 0.5612789 seconds
2024-10-04T14:20:37.070+0300: 1237.967: Total time for which application threads were stopped: 0.0001525 seconds, Stopping threads took: 0.0000695 seconds
2024-10-04T14:20:37.070+0300: 1237.967: Application time: 0.0003721 seconds
2024-10-04T14:20:37.070+0300: 1237.967: Total time for which application threads were stopped: 0.0000259 seconds, Stopping threads took: 0.0000150 seconds
2024-10-04T14:20:37.070+0300: 1237.967: Application time: 0.0002110 seconds
2024-10-04T14:20:37.070+0300: 1237.967: Total time for which application threads were stopped: 0.0000224 seconds, Stopping threads took: 0.0000137 seconds
2024-10-04T14:20:37.070+0300: 1237.968: Application time: 0.0001081 seconds
2024-10-04T14:20:37.070+0300: 1237.968: Total time for which application threads were stopped: 0.0000340 seconds, Stopping threads took: 0.0000177 seconds
2024-10-04T14:20:37.070+0300: 1237.968: Application time: 0.0007950 seconds
2024-10-04T14:20:37.070+0300: 1237.969: Total time for which application threads were stopped: 0.0001461 seconds, Stopping threads took: 0.0001253 seconds
2024-10-04T14:20:37.070+0300: 1237.978: Application time: 0.0096674 seconds
2024-10-04T14:20:37.070+0300: 1237.978: Total time for which application threads were stopped: 0.0000572 seconds, Stopping threads took: 0.0000238 seconds
Heap
 PSYoungGen      total 193024K, used 90609K [0x00000000f3800000, 0x0000000100000000, 0x0000000100000000)
  eden space 181248K, 45% used [0x00000000f3800000,0x00000000f88b6638,0x00000000fe900000)
  from space 11776K, 67% used [0x00000000fe900000,0x00000000ff0c60b0,0x00000000ff480000)
  to   space 11776K, 0% used [0x00000000ff480000,0x00000000ff480000,0x0000000100000000)
 ParOldGen       total 409600K, used 372951K [0x00000000da800000, 0x00000000f3800000, 0x00000000f3800000)
  object space 409600K, 91% used [0x00000000da800000,0x00000000f1435cd0,0x00000000f3800000)
 Metaspace       used 16445K, capacity 16742K, committed 16896K, reserved 1064960K
  class space    used 1695K, capacity 1789K, committed 1792K, reserved 1048576K
2024-10-04T14:20:37.180+0300: 1238.077: Application time: 0.0987391 seconds
