[0.008s][info][gc,init] Initializing The Z Garbage Collector
[0.008s][info][gc,init] Version: 17.0.12+7-adhoc..jdk17u (release)
[0.008s][info][gc,init] NUMA Support: Disabled
[0.008s][info][gc,init] CPUs: 6 total, 6 available
[0.008s][info][gc,init] Memory: 15591M
[0.008s][info][gc,init] Large Page Support: Disabled
[0.008s][info][gc,init] GC Workers: 2 (dynamic)
[0.009s][info][gc,init] Address Space Type: Contiguous/Unrestricted/Complete
[0.009s][info][gc,init] Address Space Size: 65536M x 3 = 196608M
[0.009s][info][gc,init] Min Capacity: 4096M
[0.009s][info][gc,init] Initial Capacity: 4096M
[0.009s][info][gc,init] Max Capacity: 4096M
[0.009s][info][gc,init] Medium Page Size: 32M
[0.009s][info][gc,init] Pre-touch: Disabled
[0.009s][info][gc,init] Uncommit: Implicitly Disabled (-Xms equals -Xmx)
[0.129s][info][gc,init] Runtime Workers: 4
[0.130s][info][gc     ] Using The Z Garbage Collector
[0.138s][info][gc,metaspace] CDS archive(s) mapped at: [0x000002ac80000000-0x000002ac80bc0000-0x000002ac80bc0000), size 12320768, SharedBaseAddress: 0x000002ac80000000, ArchiveRelocationMode: 1.
[0.138s][info][gc,metaspace] Compressed class space mapped at: 0x000002ac81000000-0x000002acc1000000, reserved size: 1073741824
[0.138s][info][gc,metaspace] Narrow klass base: 0x000002ac80000000, Narrow klass shift: 0, Narrow klass range: 0x100000000
[2.960s][info][gc,start    ] GC(0) Garbage Collection (System.gc())
[2.960s][info][gc,task     ] GC(0) Using 2 workers
[2.960s][info][gc,phases   ] GC(0) Pause Mark Start 0.008ms
[2.984s][info][gc,phases   ] GC(0) Concurrent Mark 23.684ms
[2.984s][info][gc,phases   ] GC(0) Pause Mark End 0.065ms
[2.984s][info][gc,phases   ] GC(0) Concurrent Mark Free 0.001ms
[2.987s][info][gc,phases   ] GC(0) Concurrent Process Non-Strong References 3.371ms
[2.988s][info][gc,phases   ] GC(0) Concurrent Reset Relocation Set 0.011ms
[2.991s][info][gc,phases   ] GC(0) Concurrent Select Relocation Set 3.477ms
[2.991s][info][gc,phases   ] GC(0) Pause Relocate Start 0.019ms
[2.998s][info][gc,phases   ] GC(0) Concurrent Relocate 6.891ms
[2.998s][info][gc,load     ] GC(0) Load: 0.00/0.00/0.00
[2.998s][info][gc,mmu      ] GC(0) MMU: 2ms/96.8%, 5ms/98.7%, 10ms/99.2%, 20ms/99.6%, 50ms/99.8%, 100ms/99.9%
[2.998s][info][gc,marking  ] GC(0) Mark: 2 stripe(s), 2 proactive flush(es), 1 terminate flush(es), 0 completion(s), 0 continuation(s) 
[2.998s][info][gc,marking  ] GC(0) Mark Stack Usage: 32M
[2.998s][info][gc,nmethod  ] GC(0) NMethods: 2969 registered, 0 unregistered
[2.998s][info][gc,metaspace] GC(0) Metaspace: 14M used, 14M committed, 1088M reserved
[2.998s][info][gc,ref      ] GC(0) Soft: 3716 encountered, 0 discovered, 0 enqueued
[2.998s][info][gc,ref      ] GC(0) Weak: 2157 encountered, 613 discovered, 548 enqueued
[2.998s][info][gc,ref      ] GC(0) Final: 3 encountered, 2 discovered, 0 enqueued
[2.998s][info][gc,ref      ] GC(0) Phantom: 903 encountered, 788 discovered, 664 enqueued
[2.998s][info][gc,reloc    ] GC(0) Small Pages: 92 / 184M, Empty: 0M, Relocated: 10M, In-Place: 0
[2.998s][info][gc,reloc    ] GC(0) Medium Pages: 0 / 0M, Empty: 0M, Relocated: 0M, In-Place: 0
[2.998s][info][gc,reloc    ] GC(0) Large Pages: 0 / 0M, Empty: 0M, Relocated: 0M, In-Place: 0
[2.998s][info][gc,reloc    ] GC(0) Forwarding Usage: 3M
[2.999s][info][gc,heap     ] GC(0) Min Capacity: 4096M(100%)
[2.999s][info][gc,heap     ] GC(0) Max Capacity: 4096M(100%)
[2.999s][info][gc,heap     ] GC(0) Soft Max Capacity: 4096M(100%)
[2.999s][info][gc,heap     ] GC(0)                Mark Start          Mark End        Relocate Start      Relocate End           High               Low         
[2.999s][info][gc,heap     ] GC(0)  Capacity:     4096M (100%)       4096M (100%)       4096M (100%)       4096M (100%)       4096M (100%)       4096M (100%)   
[2.999s][info][gc,heap     ] GC(0)      Free:     3912M (96%)        3912M (96%)        3910M (95%)        4080M (100%)       4080M (100%)       3906M (95%)    
[2.999s][info][gc,heap     ] GC(0)      Used:      184M (4%)          184M (4%)          186M (5%)           16M (0%)          190M (5%)           16M (0%)     
[2.999s][info][gc,heap     ] GC(0)      Live:         -                11M (0%)           11M (0%)           11M (0%)             -                  -          
[2.999s][info][gc,heap     ] GC(0) Allocated:         -                 0M (0%)            2M (0%)            2M (0%)             -                  -          
[2.999s][info][gc,heap     ] GC(0)   Garbage:         -               172M (4%)          172M (4%)            2M (0%)             -                  -          
[2.999s][info][gc,heap     ] GC(0) Reclaimed:         -                  -                 0M (0%)          170M (4%)             -                  -          
[2.999s][info][gc          ] GC(0) Garbage Collection (System.gc()) 184M(4%)->16M(0%)
[3.725s][info][gc,start    ] GC(1) Garbage Collection (Metadata GC Threshold)
[3.725s][info][gc,task     ] GC(1) Using 2 workers
[3.726s][info][gc,phases   ] GC(1) Pause Mark Start 0.007ms
[3.765s][info][gc,phases   ] GC(1) Concurrent Mark 38.897ms
[3.765s][info][gc,phases   ] GC(1) Pause Mark End 0.012ms
[3.765s][info][gc,phases   ] GC(1) Concurrent Mark Free 0.000ms
[3.770s][info][gc,phases   ] GC(1) Concurrent Process Non-Strong References 4.965ms
[3.770s][info][gc,phases   ] GC(1) Concurrent Reset Relocation Set 0.006ms
[3.772s][info][gc,phases   ] GC(1) Concurrent Select Relocation Set 2.070ms
[3.772s][info][gc,phases   ] GC(1) Pause Relocate Start 0.009ms
[3.774s][info][gc,phases   ] GC(1) Concurrent Relocate 2.220ms
[3.774s][info][gc,load     ] GC(1) Load: 0.00/0.00/0.00
[3.774s][info][gc,mmu      ] GC(1) MMU: 2ms/96.8%, 5ms/98.7%, 10ms/99.2%, 20ms/99.6%, 50ms/99.8%, 100ms/99.9%
[3.774s][info][gc,marking  ] GC(1) Mark: 2 stripe(s), 2 proactive flush(es), 1 terminate flush(es), 0 completion(s), 0 continuation(s) 
[3.774s][info][gc,marking  ] GC(1) Mark Stack Usage: 32M
[3.774s][info][gc,nmethod  ] GC(1) NMethods: 3667 registered, 0 unregistered
[3.774s][info][gc,metaspace] GC(1) Metaspace: 24M used, 24M committed, 1088M reserved
[3.774s][info][gc,ref      ] GC(1) Soft: 3834 encountered, 0 discovered, 0 enqueued
[3.774s][info][gc,ref      ] GC(1) Weak: 1967 encountered, 925 discovered, 112 enqueued
[3.774s][info][gc,ref      ] GC(1) Final: 3 encountered, 0 discovered, 0 enqueued
[3.774s][info][gc,ref      ] GC(1) Phantom: 321 encountered, 222 discovered, 55 enqueued
[3.774s][info][gc,reloc    ] GC(1) Small Pages: 73 / 146M, Empty: 30M, Relocated: 4M, In-Place: 0
[3.774s][info][gc,reloc    ] GC(1) Medium Pages: 1 / 32M, Empty: 0M, Relocated: 0M, In-Place: 0
[3.775s][info][gc,reloc    ] GC(1) Large Pages: 0 / 0M, Empty: 0M, Relocated: 0M, In-Place: 0
[3.775s][info][gc,reloc    ] GC(1) Forwarding Usage: 1M
[3.775s][info][gc,heap     ] GC(1) Min Capacity: 4096M(100%)
[3.775s][info][gc,heap     ] GC(1) Max Capacity: 4096M(100%)
[3.775s][info][gc,heap     ] GC(1) Soft Max Capacity: 4096M(100%)
[3.775s][info][gc,heap     ] GC(1)                Mark Start          Mark End        Relocate Start      Relocate End           High               Low         
[3.775s][info][gc,heap     ] GC(1)  Capacity:     4096M (100%)       4096M (100%)       4096M (100%)       4096M (100%)       4096M (100%)       4096M (100%)   
[3.775s][info][gc,heap     ] GC(1)      Free:     3918M (96%)        3914M (96%)        3938M (96%)        4034M (98%)        4034M (98%)        3908M (95%)    
[3.775s][info][gc,heap     ] GC(1)      Used:      178M (4%)          182M (4%)          158M (4%)           62M (2%)          188M (5%)           62M (2%)     
[3.775s][info][gc,heap     ] GC(1)      Live:         -                15M (0%)           15M (0%)           15M (0%)             -                  -          
[3.775s][info][gc,heap     ] GC(1) Allocated:         -                 4M (0%)           10M (0%)            9M (0%)             -                  -          
[3.775s][info][gc,heap     ] GC(1)   Garbage:         -               162M (4%)          132M (3%)           36M (1%)             -                  -          
[3.775s][info][gc,heap     ] GC(1) Reclaimed:         -                  -                30M (1%)          125M (3%)             -                  -          
[3.775s][info][gc          ] GC(1) Garbage Collection (Metadata GC Threshold) 178M(4%)->62M(2%)
[10.158s][info][gc,stats    ] === Garbage Collection Statistics =======================================================================================================================
[10.158s][info][gc,stats    ]                                                              Last 10s              Last 10m              Last 10h                Total
[10.158s][info][gc,stats    ]                                                              Avg / Max             Avg / Max             Avg / Max             Avg / Max
[10.158s][info][gc,stats    ]   Collector: Garbage Collection Cycle                     43.738 / 48.971       43.738 / 48.971       43.738 / 48.971       43.738 / 48.971      ms
[10.158s][info][gc,stats    ]  Contention: Mark Segment Reset Contention                     0 / 0                 0 / 0                 0 / 0                 0 / 0           ops/s
[10.158s][info][gc,stats    ]  Contention: Mark SeqNum Reset Contention                      0 / 0                 0 / 0                 0 / 0                 0 / 0           ops/s
[10.158s][info][gc,stats    ]    Critical: Allocation Stall                                  0 / 0                 0 / 0                 0 / 0                 0 / 0           ops/s
[10.158s][info][gc,stats    ]    Critical: Allocation Stall                              0.000 / 0.000         0.000 / 0.000         0.000 / 0.000         0.000 / 0.000       ms
[10.158s][info][gc,stats    ]    Critical: GC Locker Stall                                   0 / 0                 0 / 0                 0 / 0                 0 / 0           ops/s
[10.158s][info][gc,stats    ]    Critical: GC Locker Stall                               0.000 / 0.000         0.000 / 0.000         0.000 / 0.000         0.000 / 0.000       ms
[10.158s][info][gc,stats    ]    Critical: Relocation Stall                                  0 / 0                 0 / 0                 0 / 0                 0 / 0           ops/s
[10.158s][info][gc,stats    ]    Critical: Relocation Stall                              0.000 / 0.000         0.000 / 0.000         0.000 / 0.000         0.000 / 0.000       ms
[10.158s][info][gc,stats    ]      Memory: Allocation Rate                                  66 / 148              66 / 148              66 / 148              66 / 148         MB/s
[10.158s][info][gc,stats    ]      Memory: Out Of Memory                                     0 / 0                 0 / 0                 0 / 0                 0 / 0           ops/s
[10.158s][info][gc,stats    ]      Memory: Page Cache Flush                                  0 / 0                 0 / 0                 0 / 0                 0 / 0           MB/s
[10.158s][info][gc,stats    ]      Memory: Page Cache Hit L1                                15 / 78               15 / 78               15 / 78               15 / 78          ops/s
[10.158s][info][gc,stats    ]      Memory: Page Cache Hit L2                                 0 / 0                 0 / 0                 0 / 0                 0 / 0           ops/s
[10.158s][info][gc,stats    ]      Memory: Page Cache Hit L3                                17 / 48               17 / 48               17 / 48               17 / 48          ops/s
[10.158s][info][gc,stats    ]      Memory: Page Cache Miss                                   0 / 1                 0 / 1                 0 / 1                 0 / 1           ops/s
[10.158s][info][gc,stats    ]      Memory: Uncommit                                          0 / 0                 0 / 0                 0 / 0                 0 / 0           MB/s
[10.158s][info][gc,stats    ]      Memory: Undo Object Allocation Failed                     0 / 0                 0 / 0                 0 / 0                 0 / 0           ops/s
[10.158s][info][gc,stats    ]      Memory: Undo Object Allocation Succeeded                  0 / 1                 0 / 1                 0 / 1                 0 / 1           ops/s
[10.158s][info][gc,stats    ]      Memory: Undo Page Allocation                              0 / 0                 0 / 0                 0 / 0                 0 / 0           ops/s
[10.158s][info][gc,stats    ]       Phase: Concurrent Mark                              31.291 / 38.897       31.291 / 38.897       31.291 / 38.897       31.291 / 38.897      ms
[10.158s][info][gc,stats    ]       Phase: Concurrent Mark Continue                      0.000 / 0.000         0.000 / 0.000         0.000 / 0.000         0.000 / 0.000       ms
[10.158s][info][gc,stats    ]       Phase: Concurrent Mark Free                          0.001 / 0.001         0.001 / 0.001         0.001 / 0.001         0.001 / 0.001       ms
[10.158s][info][gc,stats    ]       Phase: Concurrent Process Non-Strong References      4.168 / 4.965         4.168 / 4.965         4.168 / 4.965         4.168 / 4.965       ms
[10.158s][info][gc,stats    ]       Phase: Concurrent Relocate                           4.555 / 6.891         4.555 / 6.891         4.555 / 6.891         4.555 / 6.891       ms
[10.158s][info][gc,stats    ]       Phase: Concurrent Reset Relocation Set               0.009 / 0.011         0.009 / 0.011         0.009 / 0.011         0.009 / 0.011       ms
[10.158s][info][gc,stats    ]       Phase: Concurrent Select Relocation Set              2.774 / 3.477         2.774 / 3.477         2.774 / 3.477         2.774 / 3.477       ms
[10.158s][info][gc,stats    ]       Phase: Pause Mark End                                0.038 / 0.065         0.038 / 0.065         0.038 / 0.065         0.038 / 0.065       ms
[10.158s][info][gc,stats    ]       Phase: Pause Mark Start                              0.007 / 0.008         0.007 / 0.008         0.007 / 0.008         0.007 / 0.008       ms
[10.158s][info][gc,stats    ]       Phase: Pause Relocate Start                          0.014 / 0.019         0.014 / 0.019         0.014 / 0.019         0.014 / 0.019       ms
[10.158s][info][gc,stats    ]    Subphase: Concurrent Classes Purge                      0.165 / 0.166         0.165 / 0.166         0.165 / 0.166         0.165 / 0.166       ms
[10.158s][info][gc,stats    ]    Subphase: Concurrent Classes Unlink                     2.994 / 3.599         2.994 / 3.599         2.994 / 3.599         2.994 / 3.599       ms
[10.158s][info][gc,stats    ]    Subphase: Concurrent Mark                              22.346 / 33.017       22.346 / 33.017       22.346 / 33.017       22.346 / 33.017      ms
[10.158s][info][gc,stats    ]    Subphase: Concurrent Mark Try Flush                     0.075 / 0.143         0.075 / 0.143         0.075 / 0.143         0.075 / 0.143       ms
[10.158s][info][gc,stats    ]    Subphase: Concurrent Mark Try Terminate                 3.419 / 14.456        3.419 / 14.456        3.419 / 14.456        3.419 / 14.456      ms
[10.158s][info][gc,stats    ]    Subphase: Concurrent References Enqueue                 0.006 / 0.008         0.006 / 0.008         0.006 / 0.008         0.006 / 0.008       ms
[10.158s][info][gc,stats    ]    Subphase: Concurrent References Process                 0.211 / 0.276         0.211 / 0.276         0.211 / 0.276         0.211 / 0.276       ms
[10.158s][info][gc,stats    ]    Subphase: Concurrent Roots ClassLoaderDataGraph         0.140 / 0.301         0.140 / 0.301         0.140 / 0.301         0.140 / 0.301       ms
[10.158s][info][gc,stats    ]    Subphase: Concurrent Roots CodeCache                    0.000 / 0.000         0.000 / 0.000         0.000 / 0.000         0.000 / 0.000       ms
[10.158s][info][gc,stats    ]    Subphase: Concurrent Roots JavaThreads                  3.531 / 5.702         3.531 / 5.702         3.531 / 5.702         3.531 / 5.702       ms
[10.158s][info][gc,stats    ]    Subphase: Concurrent Roots OopStorageSet                0.040 / 0.085         0.040 / 0.085         0.040 / 0.085         0.040 / 0.085       ms
[10.158s][info][gc,stats    ]    Subphase: Concurrent Weak Roots OopStorageSet           0.643 / 0.939         0.643 / 0.939         0.643 / 0.939         0.643 / 0.939       ms
[10.158s][info][gc,stats    ]    Subphase: Pause Mark Try Complete                       0.000 / 0.000         0.000 / 0.000         0.000 / 0.000         0.000 / 0.000       ms
[10.158s][info][gc,stats    ]      System: Java Threads                                     30 / 34               30 / 34               30 / 34               30 / 34          threads
[10.158s][info][gc,stats    ] =========================================================================================================================================================
[11.551s][info][gc,start    ] GC(2) Garbage Collection (Warmup)
[11.551s][info][gc,task     ] GC(2) Using 2 workers
[11.551s][info][gc,phases   ] GC(2) Pause Mark Start 0.008ms
[11.585s][info][gc,phases   ] GC(2) Concurrent Mark 33.579ms
[11.586s][info][gc,phases   ] GC(2) Pause Mark End 0.027ms
[11.586s][info][gc,phases   ] GC(2) Concurrent Mark Free 0.002ms
[11.601s][info][gc,phases   ] GC(2) Concurrent Process Non-Strong References 14.882ms
[11.601s][info][gc,phases   ] GC(2) Concurrent Reset Relocation Set 0.004ms
[11.602s][info][gc,phases   ] GC(2) Concurrent Select Relocation Set 1.344ms
[11.602s][info][gc,phases   ] GC(2) Pause Relocate Start 0.007ms
[11.605s][info][gc,phases   ] GC(2) Concurrent Relocate 3.034ms
[11.605s][info][gc,load     ] GC(2) Load: 0.00/0.00/0.00
[11.606s][info][gc,mmu      ] GC(2) MMU: 2ms/96.8%, 5ms/98.7%, 10ms/99.2%, 20ms/99.6%, 50ms/99.8%, 100ms/99.9%
[11.606s][info][gc,marking  ] GC(2) Mark: 2 stripe(s), 3 proactive flush(es), 1 terminate flush(es), 0 completion(s), 0 continuation(s) 
[11.606s][info][gc,marking  ] GC(2) Mark Stack Usage: 32M
[11.606s][info][gc,nmethod  ] GC(2) NMethods: 7019 registered, 361 unregistered
[11.606s][info][gc,metaspace] GC(2) Metaspace: 31M used, 32M committed, 1088M reserved
[11.606s][info][gc,ref      ] GC(2) Soft: 4465 encountered, 0 discovered, 0 enqueued
[11.606s][info][gc,ref      ] GC(2) Weak: 4227 encountered, 1963 discovered, 1203 enqueued
[11.606s][info][gc,ref      ] GC(2) Final: 3 encountered, 0 discovered, 0 enqueued
[11.606s][info][gc,ref      ] GC(2) Phantom: 453 encountered, 354 discovered, 168 enqueued
[11.606s][info][gc,reloc    ] GC(2) Small Pages: 189 / 378M, Empty: 10M, Relocated: 3M, In-Place: 0
[11.606s][info][gc,reloc    ] GC(2) Medium Pages: 1 / 32M, Empty: 0M, Relocated: 0M, In-Place: 0
[11.606s][info][gc,reloc    ] GC(2) Large Pages: 0 / 0M, Empty: 0M, Relocated: 0M, In-Place: 0
[11.606s][info][gc,reloc    ] GC(2) Forwarding Usage: 1M
[11.606s][info][gc,heap     ] GC(2) Min Capacity: 4096M(100%)
[11.606s][info][gc,heap     ] GC(2) Max Capacity: 4096M(100%)
[11.606s][info][gc,heap     ] GC(2) Soft Max Capacity: 4096M(100%)
[11.606s][info][gc,heap     ] GC(2)                Mark Start          Mark End        Relocate Start      Relocate End           High               Low         
[11.606s][info][gc,heap     ] GC(2)  Capacity:     4096M (100%)       4096M (100%)       4096M (100%)       4096M (100%)       4096M (100%)       4096M (100%)   
[11.606s][info][gc,heap     ] GC(2)      Free:     3686M (90%)        3674M (90%)        3684M (90%)        4032M (98%)        4032M (98%)        3674M (90%)    
[11.606s][info][gc,heap     ] GC(2)      Used:      410M (10%)         422M (10%)         412M (10%)          64M (2%)          422M (10%)          64M (2%)     
[11.606s][info][gc,heap     ] GC(2)      Live:         -                18M (0%)           18M (0%)           18M (0%)             -                  -          
[11.606s][info][gc,heap     ] GC(2) Allocated:         -                12M (0%)           12M (0%)           11M (0%)             -                  -          
[11.606s][info][gc,heap     ] GC(2)   Garbage:         -               391M (10%)         381M (9%)           34M (1%)             -                  -          
[11.606s][info][gc,heap     ] GC(2) Reclaimed:         -                  -                10M (0%)          357M (9%)             -                  -          
[11.606s][info][gc          ] GC(2) Garbage Collection (Warmup) 410M(10%)->64M(2%)
[20.163s][info][gc,stats    ] === Garbage Collection Statistics =======================================================================================================================
[20.163s][info][gc,stats    ]                                                              Last 10s              Last 10m              Last 10h                Total
[20.164s][info][gc,stats    ]                                                              Avg / Max             Avg / Max             Avg / Max             Avg / Max
[20.164s][info][gc,stats    ]   Collector: Garbage Collection Cycle                     54.411 / 54.411       47.296 / 54.411       47.296 / 54.411       47.296 / 54.411      ms
[20.164s][info][gc,stats    ]  Contention: Mark Segment Reset Contention                     0 / 0                 0 / 0                 0 / 0                 0 / 0           ops/s
[20.164s][info][gc,stats    ]  Contention: Mark SeqNum Reset Contention                      0 / 0                 0 / 0                 0 / 0                 0 / 0           ops/s
[20.164s][info][gc,stats    ]    Critical: Allocation Stall                                  0 / 0                 0 / 0                 0 / 0                 0 / 0           ops/s
[20.164s][info][gc,stats    ]    Critical: Allocation Stall                              0.000 / 0.000         0.000 / 0.000         0.000 / 0.000         0.000 / 0.000       ms
[20.164s][info][gc,stats    ]    Critical: GC Locker Stall                                   0 / 0                 0 / 0                 0 / 0                 0 / 0           ops/s
[20.164s][info][gc,stats    ]    Critical: GC Locker Stall                               0.000 / 0.000         0.000 / 0.000         0.000 / 0.000         0.000 / 0.000       ms
[20.164s][info][gc,stats    ]    Critical: Relocation Stall                                  0 / 0                 0 / 0                 0 / 0                 0 / 0           ops/s
[20.164s][info][gc,stats    ]    Critical: Relocation Stall                              0.000 / 0.000         0.000 / 0.000         0.000 / 0.000         0.000 / 0.000       ms
[20.164s][info][gc,stats    ]      Memory: Allocation Rate                                  25 / 34               46 / 148              46 / 148              46 / 148         MB/s
[20.164s][info][gc,stats    ]      Memory: Out Of Memory                                     0 / 0                 0 / 0                 0 / 0                 0 / 0           ops/s
[20.164s][info][gc,stats    ]      Memory: Page Cache Flush                                  0 / 0                 0 / 0                 0 / 0                 0 / 0           MB/s
[20.164s][info][gc,stats    ]      Memory: Page Cache Hit L1                                10 / 14               13 / 78               13 / 78               13 / 78          ops/s
[20.164s][info][gc,stats    ]      Memory: Page Cache Hit L2                                 0 / 0                 0 / 0                 0 / 0                 0 / 0           ops/s
[20.164s][info][gc,stats    ]      Memory: Page Cache Hit L3                                 2 / 13                9 / 48                9 / 48                9 / 48          ops/s
[20.164s][info][gc,stats    ]      Memory: Page Cache Miss                                   0 / 0                 0 / 1                 0 / 1                 0 / 1           ops/s
[20.164s][info][gc,stats    ]      Memory: Uncommit                                          0 / 0                 0 / 0                 0 / 0                 0 / 0           MB/s
[20.164s][info][gc,stats    ]      Memory: Undo Object Allocation Failed                     0 / 1                 0 / 1                 0 / 1                 0 / 1           ops/s
[20.164s][info][gc,stats    ]      Memory: Undo Object Allocation Succeeded                  2 / 22                1 / 22                1 / 22                1 / 22          ops/s
[20.164s][info][gc,stats    ]      Memory: Undo Page Allocation                              0 / 1                 0 / 1                 0 / 1                 0 / 1           ops/s
[20.164s][info][gc,stats    ]       Phase: Concurrent Mark                              33.579 / 33.579       32.053 / 38.897       32.053 / 38.897       32.053 / 38.897      ms
[20.164s][info][gc,stats    ]       Phase: Concurrent Mark Continue                      0.000 / 0.000         0.000 / 0.000         0.000 / 0.000         0.000 / 0.000       ms
[20.164s][info][gc,stats    ]       Phase: Concurrent Mark Free                          0.002 / 0.002         0.001 / 0.002         0.001 / 0.002         0.001 / 0.002       ms
[20.164s][info][gc,stats    ]       Phase: Concurrent Process Non-Strong References     14.882 / 14.882        7.739 / 14.882        7.739 / 14.882        7.739 / 14.882      ms
[20.164s][info][gc,stats    ]       Phase: Concurrent Relocate                           3.034 / 3.034         4.048 / 6.891         4.048 / 6.891         4.048 / 6.891       ms
[20.164s][info][gc,stats    ]       Phase: Concurrent Reset Relocation Set               0.004 / 0.004         0.007 / 0.011         0.007 / 0.011         0.007 / 0.011       ms
[20.164s][info][gc,stats    ]       Phase: Concurrent Select Relocation Set              1.344 / 1.344         2.297 / 3.477         2.297 / 3.477         2.297 / 3.477       ms
[20.164s][info][gc,stats    ]       Phase: Pause Mark End                                0.027 / 0.027         0.034 / 0.065         0.034 / 0.065         0.034 / 0.065       ms
[20.164s][info][gc,stats    ]       Phase: Pause Mark Start                              0.008 / 0.008         0.008 / 0.008         0.008 / 0.008         0.008 / 0.008       ms
[20.164s][info][gc,stats    ]       Phase: Pause Relocate Start                          0.007 / 0.007         0.012 / 0.019         0.012 / 0.019         0.012 / 0.019       ms
[20.164s][info][gc,stats    ]    Subphase: Concurrent Classes Purge                      0.309 / 0.309         0.213 / 0.309         0.213 / 0.309         0.213 / 0.309       ms
[20.164s][info][gc,stats    ]    Subphase: Concurrent Classes Unlink                    13.012 / 13.012        6.333 / 13.012        6.333 / 13.012        6.333 / 13.012      ms
[20.164s][info][gc,stats    ]    Subphase: Concurrent Mark                              26.478 / 32.645       23.723 / 33.017       23.723 / 33.017       23.723 / 33.017      ms
[20.164s][info][gc,stats    ]    Subphase: Concurrent Mark Try Flush                     0.099 / 0.182         0.084 / 0.182         0.084 / 0.182         0.084 / 0.182       ms
[20.164s][info][gc,stats    ]    Subphase: Concurrent Mark Try Terminate                 4.568 / 13.642        3.802 / 14.456        3.802 / 14.456        3.802 / 14.456      ms
[20.164s][info][gc,stats    ]    Subphase: Concurrent References Enqueue                 0.004 / 0.004         0.005 / 0.008         0.005 / 0.008         0.005 / 0.008       ms
[20.164s][info][gc,stats    ]    Subphase: Concurrent References Process                 0.513 / 0.513         0.311 / 0.513         0.311 / 0.513         0.311 / 0.513       ms
[20.164s][info][gc,stats    ]    Subphase: Concurrent Roots ClassLoaderDataGraph         0.167 / 0.316         0.149 / 0.316         0.149 / 0.316         0.149 / 0.316       ms
[20.164s][info][gc,stats    ]    Subphase: Concurrent Roots CodeCache                    0.000 / 0.000         0.000 / 0.000         0.000 / 0.000         0.000 / 0.000       ms
[20.164s][info][gc,stats    ]    Subphase: Concurrent Roots JavaThreads                  0.513 / 0.653         2.525 / 5.702         2.525 / 5.702         2.525 / 5.702       ms
[20.164s][info][gc,stats    ]    Subphase: Concurrent Roots OopStorageSet                0.037 / 0.047         0.039 / 0.085         0.039 / 0.085         0.039 / 0.085       ms
[20.164s][info][gc,stats    ]    Subphase: Concurrent Weak Roots OopStorageSet           0.776 / 0.778         0.688 / 0.939         0.688 / 0.939         0.688 / 0.939       ms
[20.164s][info][gc,stats    ]    Subphase: Pause Mark Try Complete                       0.000 / 0.000         0.000 / 0.000         0.000 / 0.000         0.000 / 0.000       ms
[20.164s][info][gc,stats    ]      System: Java Threads                                     33 / 33               31 / 34               31 / 34               31 / 34          threads
[20.164s][info][gc,stats    ] =========================================================================================================================================================
[30.164s][info][gc,stats    ] === Garbage Collection Statistics =======================================================================================================================
[30.164s][info][gc,stats    ]                                                              Last 10s              Last 10m              Last 10h                Total
[30.164s][info][gc,stats    ]                                                              Avg / Max             Avg / Max             Avg / Max             Avg / Max
[30.164s][info][gc,stats    ]   Collector: Garbage Collection Cycle                      0.000 / 0.000        47.296 / 54.411       47.296 / 54.411       47.296 / 54.411      ms
[30.164s][info][gc,stats    ]  Contention: Mark Segment Reset Contention                     0 / 0                 0 / 0                 0 / 0                 0 / 0           ops/s
[30.164s][info][gc,stats    ]  Contention: Mark SeqNum Reset Contention                      0 / 0                 0 / 0                 0 / 0                 0 / 0           ops/s
[30.164s][info][gc,stats    ]    Critical: Allocation Stall                                  0 / 0                 0 / 0                 0 / 0                 0 / 0           ops/s
[30.164s][info][gc,stats    ]    Critical: Allocation Stall                              0.000 / 0.000         0.000 / 0.000         0.000 / 0.000         0.000 / 0.000       ms
[30.164s][info][gc,stats    ]    Critical: GC Locker Stall                                   0 / 0                 0 / 0                 0 / 0                 0 / 0           ops/s
[30.164s][info][gc,stats    ]    Critical: GC Locker Stall                               0.000 / 0.000         0.000 / 0.000         0.000 / 0.000         0.000 / 0.000       ms
[30.164s][info][gc,stats    ]    Critical: Relocation Stall                                  0 / 0                 0 / 0                 0 / 0                 0 / 0           ops/s
[30.164s][info][gc,stats    ]    Critical: Relocation Stall                              0.000 / 0.000         0.000 / 0.000         0.000 / 0.000         0.000 / 0.000       ms
[30.164s][info][gc,stats    ]      Memory: Allocation Rate                                  23 / 26               38 / 148              38 / 148              38 / 148         MB/s
[30.164s][info][gc,stats    ]      Memory: Out Of Memory                                     0 / 0                 0 / 0                 0 / 0                 0 / 0           ops/s
[30.164s][info][gc,stats    ]      Memory: Page Cache Flush                                  0 / 0                 0 / 0                 0 / 0                 0 / 0           MB/s
[30.164s][info][gc,stats    ]      Memory: Page Cache Hit L1                                 7 / 13               11 / 78               11 / 78               11 / 78          ops/s
[30.164s][info][gc,stats    ]      Memory: Page Cache Hit L2                                 0 / 0                 0 / 0                 0 / 0                 0 / 0           ops/s
[30.164s][info][gc,stats    ]      Memory: Page Cache Hit L3                                 4 / 13                8 / 48                8 / 48                8 / 48          ops/s
[30.165s][info][gc,stats    ]      Memory: Page Cache Miss                                   0 / 0                 0 / 1                 0 / 1                 0 / 1           ops/s
[30.165s][info][gc,stats    ]      Memory: Uncommit                                          0 / 0                 0 / 0                 0 / 0                 0 / 0           MB/s
[30.165s][info][gc,stats    ]      Memory: Undo Object Allocation Failed                     0 / 0                 0 / 1                 0 / 1                 0 / 1           ops/s
[30.165s][info][gc,stats    ]      Memory: Undo Object Allocation Succeeded                  0 / 0                 0 / 22                0 / 22                0 / 22          ops/s
[30.165s][info][gc,stats    ]      Memory: Undo Page Allocation                              0 / 0                 0 / 1                 0 / 1                 0 / 1           ops/s
[30.165s][info][gc,stats    ]       Phase: Concurrent Mark                               0.000 / 0.000        32.053 / 38.897       32.053 / 38.897       32.053 / 38.897      ms
[30.165s][info][gc,stats    ]       Phase: Concurrent Mark Continue                      0.000 / 0.000         0.000 / 0.000         0.000 / 0.000         0.000 / 0.000       ms
[30.165s][info][gc,stats    ]       Phase: Concurrent Mark Free                          0.000 / 0.000         0.001 / 0.002         0.001 / 0.002         0.001 / 0.002       ms
[30.165s][info][gc,stats    ]       Phase: Concurrent Process Non-Strong References      0.000 / 0.000         7.739 / 14.882        7.739 / 14.882        7.739 / 14.882      ms
[30.165s][info][gc,stats    ]       Phase: Concurrent Relocate                           0.000 / 0.000         4.048 / 6.891         4.048 / 6.891         4.048 / 6.891       ms
[30.165s][info][gc,stats    ]       Phase: Concurrent Reset Relocation Set               0.000 / 0.000         0.007 / 0.011         0.007 / 0.011         0.007 / 0.011       ms
[30.165s][info][gc,stats    ]       Phase: Concurrent Select Relocation Set              0.000 / 0.000         2.297 / 3.477         2.297 / 3.477         2.297 / 3.477       ms
[30.165s][info][gc,stats    ]       Phase: Pause Mark End                                0.000 / 0.000         0.034 / 0.065         0.034 / 0.065         0.034 / 0.065       ms
[30.165s][info][gc,stats    ]       Phase: Pause Mark Start                              0.000 / 0.000         0.008 / 0.008         0.008 / 0.008         0.008 / 0.008       ms
[30.165s][info][gc,stats    ]       Phase: Pause Relocate Start                          0.000 / 0.000         0.012 / 0.019         0.012 / 0.019         0.012 / 0.019       ms
[30.165s][info][gc,stats    ]    Subphase: Concurrent Classes Purge                      0.000 / 0.000         0.213 / 0.309         0.213 / 0.309         0.213 / 0.309       ms
[30.165s][info][gc,stats    ]    Subphase: Concurrent Classes Unlink                     0.000 / 0.000         6.333 / 13.012        6.333 / 13.012        6.333 / 13.012      ms
[30.165s][info][gc,stats    ]    Subphase: Concurrent Mark                               0.000 / 0.000        23.723 / 33.017       23.723 / 33.017       23.723 / 33.017      ms
[30.165s][info][gc,stats    ]    Subphase: Concurrent Mark Try Flush                     0.000 / 0.000         0.084 / 0.182         0.084 / 0.182         0.084 / 0.182       ms
[30.165s][info][gc,stats    ]    Subphase: Concurrent Mark Try Terminate                 0.000 / 0.000         3.802 / 14.456        3.802 / 14.456        3.802 / 14.456      ms
[30.165s][info][gc,stats    ]    Subphase: Concurrent References Enqueue                 0.000 / 0.000         0.005 / 0.008         0.005 / 0.008         0.005 / 0.008       ms
[30.165s][info][gc,stats    ]    Subphase: Concurrent References Process                 0.000 / 0.000         0.311 / 0.513         0.311 / 0.513         0.311 / 0.513       ms
[30.165s][info][gc,stats    ]    Subphase: Concurrent Roots ClassLoaderDataGraph         0.000 / 0.000         0.149 / 0.316         0.149 / 0.316         0.149 / 0.316       ms
[30.165s][info][gc,stats    ]    Subphase: Concurrent Roots CodeCache                    0.000 / 0.000         0.000 / 0.000         0.000 / 0.000         0.000 / 0.000       ms
[30.165s][info][gc,stats    ]    Subphase: Concurrent Roots JavaThreads                  0.000 / 0.000         2.525 / 5.702         2.525 / 5.702         2.525 / 5.702       ms
[30.165s][info][gc,stats    ]    Subphase: Concurrent Roots OopStorageSet                0.000 / 0.000         0.039 / 0.085         0.039 / 0.085         0.039 / 0.085       ms
[30.165s][info][gc,stats    ]    Subphase: Concurrent Weak Roots OopStorageSet           0.000 / 0.000         0.688 / 0.939         0.688 / 0.939         0.688 / 0.939       ms
[30.165s][info][gc,stats    ]    Subphase: Pause Mark Try Complete                       0.000 / 0.000         0.000 / 0.000         0.000 / 0.000         0.000 / 0.000       ms
[30.165s][info][gc,stats    ]      System: Java Threads                                      0 / 0                31 / 34               31 / 34               31 / 34          threads
[30.165s][info][gc,stats    ] =========================================================================================================================================================
[40.156s][info][gc,stats    ] === Garbage Collection Statistics =======================================================================================================================
[40.156s][info][gc,stats    ]                                                              Last 10s              Last 10m              Last 10h                Total
[40.156s][info][gc,stats    ]                                                              Avg / Max             Avg / Max             Avg / Max             Avg / Max
[40.156s][info][gc,stats    ]   Collector: Garbage Collection Cycle                      0.000 / 0.000        47.296 / 54.411       47.296 / 54.411       47.296 / 54.411      ms
[40.156s][info][gc,stats    ]  Contention: Mark Segment Reset Contention                     0 / 0                 0 / 0                 0 / 0                 0 / 0           ops/s
[40.156s][info][gc,stats    ]  Contention: Mark SeqNum Reset Contention                      0 / 0                 0 / 0                 0 / 0                 0 / 0           ops/s
[40.156s][info][gc,stats    ]    Critical: Allocation Stall                                  0 / 0                 0 / 0                 0 / 0                 0 / 0           ops/s
[40.156s][info][gc,stats    ]    Critical: Allocation Stall                              0.000 / 0.000         0.000 / 0.000         0.000 / 0.000         0.000 / 0.000       ms
[40.156s][info][gc,stats    ]    Critical: GC Locker Stall                                   0 / 0                 0 / 0                 0 / 0                 0 / 0           ops/s
[40.156s][info][gc,stats    ]    Critical: GC Locker Stall                               0.000 / 0.000         0.000 / 0.000         0.000 / 0.000         0.000 / 0.000       ms
[40.156s][info][gc,stats    ]    Critical: Relocation Stall                                  0 / 0                 0 / 0                 0 / 0                 0 / 0           ops/s
[40.156s][info][gc,stats    ]    Critical: Relocation Stall                              0.000 / 0.000         0.000 / 0.000         0.000 / 0.000         0.000 / 0.000       ms
[40.156s][info][gc,stats    ]      Memory: Allocation Rate                                  24 / 28               35 / 148              35 / 148              35 / 148         MB/s
[40.156s][info][gc,stats    ]      Memory: Out Of Memory                                     0 / 0                 0 / 0                 0 / 0                 0 / 0           ops/s
[40.157s][info][gc,stats    ]      Memory: Page Cache Flush                                  0 / 0                 0 / 0                 0 / 0                 0 / 0           MB/s
[40.157s][info][gc,stats    ]      Memory: Page Cache Hit L1                                 0 / 1                 8 / 78                8 / 78                8 / 78          ops/s
[40.157s][info][gc,stats    ]      Memory: Page Cache Hit L2                                 0 / 0                 0 / 0                 0 / 0                 0 / 0           ops/s
[40.157s][info][gc,stats    ]      Memory: Page Cache Hit L3                                11 / 13                8 / 48                8 / 48                8 / 48          ops/s
[40.157s][info][gc,stats    ]      Memory: Page Cache Miss                                   0 / 0                 0 / 1                 0 / 1                 0 / 1           ops/s
[40.157s][info][gc,stats    ]      Memory: Uncommit                                          0 / 0                 0 / 0                 0 / 0                 0 / 0           MB/s
[40.157s][info][gc,stats    ]      Memory: Undo Object Allocation Failed                     0 / 0                 0 / 1                 0 / 1                 0 / 1           ops/s
[40.157s][info][gc,stats    ]      Memory: Undo Object Allocation Succeeded                  0 / 0                 0 / 22                0 / 22                0 / 22          ops/s
[40.157s][info][gc,stats    ]      Memory: Undo Page Allocation                              0 / 1                 0 / 1                 0 / 1                 0 / 1           ops/s
[40.157s][info][gc,stats    ]       Phase: Concurrent Mark                               0.000 / 0.000        32.053 / 38.897       32.053 / 38.897       32.053 / 38.897      ms
[40.157s][info][gc,stats    ]       Phase: Concurrent Mark Continue                      0.000 / 0.000         0.000 / 0.000         0.000 / 0.000         0.000 / 0.000       ms
[40.157s][info][gc,stats    ]       Phase: Concurrent Mark Free                          0.000 / 0.000         0.001 / 0.002         0.001 / 0.002         0.001 / 0.002       ms
[40.157s][info][gc,stats    ]       Phase: Concurrent Process Non-Strong References      0.000 / 0.000         7.739 / 14.882        7.739 / 14.882        7.739 / 14.882      ms
[40.157s][info][gc,stats    ]       Phase: Concurrent Relocate                           0.000 / 0.000         4.048 / 6.891         4.048 / 6.891         4.048 / 6.891       ms
[40.157s][info][gc,stats    ]       Phase: Concurrent Reset Relocation Set               0.000 / 0.000         0.007 / 0.011         0.007 / 0.011         0.007 / 0.011       ms
[40.157s][info][gc,stats    ]       Phase: Concurrent Select Relocation Set              0.000 / 0.000         2.297 / 3.477         2.297 / 3.477         2.297 / 3.477       ms
[40.157s][info][gc,stats    ]       Phase: Pause Mark End                                0.000 / 0.000         0.034 / 0.065         0.034 / 0.065         0.034 / 0.065       ms
[40.157s][info][gc,stats    ]       Phase: Pause Mark Start                              0.000 / 0.000         0.008 / 0.008         0.008 / 0.008         0.008 / 0.008       ms
[40.157s][info][gc,stats    ]       Phase: Pause Relocate Start                          0.000 / 0.000         0.012 / 0.019         0.012 / 0.019         0.012 / 0.019       ms
[40.157s][info][gc,stats    ]    Subphase: Concurrent Classes Purge                      0.000 / 0.000         0.213 / 0.309         0.213 / 0.309         0.213 / 0.309       ms
[40.157s][info][gc,stats    ]    Subphase: Concurrent Classes Unlink                     0.000 / 0.000         6.333 / 13.012        6.333 / 13.012        6.333 / 13.012      ms
[40.157s][info][gc,stats    ]    Subphase: Concurrent Mark                               0.000 / 0.000        23.723 / 33.017       23.723 / 33.017       23.723 / 33.017      ms
[40.157s][info][gc,stats    ]    Subphase: Concurrent Mark Try Flush                     0.000 / 0.000         0.084 / 0.182         0.084 / 0.182         0.084 / 0.182       ms
[40.157s][info][gc,stats    ]    Subphase: Concurrent Mark Try Terminate                 0.000 / 0.000         3.802 / 14.456        3.802 / 14.456        3.802 / 14.456      ms
[40.157s][info][gc,stats    ]    Subphase: Concurrent References Enqueue                 0.000 / 0.000         0.005 / 0.008         0.005 / 0.008         0.005 / 0.008       ms
[40.157s][info][gc,stats    ]    Subphase: Concurrent References Process                 0.000 / 0.000         0.311 / 0.513         0.311 / 0.513         0.311 / 0.513       ms
[40.157s][info][gc,stats    ]    Subphase: Concurrent Roots ClassLoaderDataGraph         0.000 / 0.000         0.149 / 0.316         0.149 / 0.316         0.149 / 0.316       ms
[40.157s][info][gc,stats    ]    Subphase: Concurrent Roots CodeCache                    0.000 / 0.000         0.000 / 0.000         0.000 / 0.000         0.000 / 0.000       ms
[40.157s][info][gc,stats    ]    Subphase: Concurrent Roots JavaThreads                  0.000 / 0.000         2.525 / 5.702         2.525 / 5.702         2.525 / 5.702       ms
[40.157s][info][gc,stats    ]    Subphase: Concurrent Roots OopStorageSet                0.000 / 0.000         0.039 / 0.085         0.039 / 0.085         0.039 / 0.085       ms
[40.157s][info][gc,stats    ]    Subphase: Concurrent Weak Roots OopStorageSet           0.000 / 0.000         0.688 / 0.939         0.688 / 0.939         0.688 / 0.939       ms
[40.157s][info][gc,stats    ]    Subphase: Pause Mark Try Complete                       0.000 / 0.000         0.000 / 0.000         0.000 / 0.000         0.000 / 0.000       ms
[40.157s][info][gc,stats    ]      System: Java Threads                                      0 / 0                31 / 34               31 / 34               31 / 34          threads
[40.157s][info][gc,stats    ] =========================================================================================================================================================
[43.153s][info][gc,start    ] GC(3) Garbage Collection (Warmup)
[43.153s][info][gc,task     ] GC(3) Using 2 workers
[43.153s][info][gc,phases   ] GC(3) Pause Mark Start 0.010ms
[43.174s][info][gc,phases   ] GC(3) Concurrent Mark 20.337ms
[43.174s][info][gc,phases   ] GC(3) Pause Mark End 0.020ms
[43.175s][info][gc,phases   ] GC(3) Concurrent Mark Free 0.002ms
[43.183s][info][gc,phases   ] GC(3) Concurrent Process Non-Strong References 8.076ms
[43.183s][info][gc,phases   ] GC(3) Concurrent Reset Relocation Set 0.010ms
[43.184s][info][gc,phases   ] GC(3) Concurrent Select Relocation Set 1.480ms
[43.185s][info][gc,phases   ] GC(3) Pause Relocate Start 0.008ms
[43.186s][info][gc,phases   ] GC(3) Concurrent Relocate 1.292ms
[43.186s][info][gc,load     ] GC(3) Load: 0.00/0.00/0.00
[43.186s][info][gc,mmu      ] GC(3) MMU: 2ms/96.8%, 5ms/98.7%, 10ms/99.2%, 20ms/99.6%, 50ms/99.8%, 100ms/99.9%
[43.186s][info][gc,marking  ] GC(3) Mark: 2 stripe(s), 2 proactive flush(es), 1 terminate flush(es), 0 completion(s), 0 continuation(s) 
[43.186s][info][gc,marking  ] GC(3) Mark Stack Usage: 32M
[43.186s][info][gc,nmethod  ] GC(3) NMethods: 7739 registered, 1069 unregistered
[43.186s][info][gc,metaspace] GC(3) Metaspace: 32M used, 32M committed, 1088M reserved
[43.186s][info][gc,ref      ] GC(3) Soft: 4467 encountered, 0 discovered, 0 enqueued
[43.186s][info][gc,ref      ] GC(3) Weak: 3036 encountered, 544 discovered, 8 enqueued
[43.186s][info][gc,ref      ] GC(3) Final: 3 encountered, 1 discovered, 0 enqueued
[43.186s][info][gc,ref      ] GC(3) Phantom: 280 encountered, 138 discovered, 3 enqueued
[43.186s][info][gc,reloc    ] GC(3) Small Pages: 395 / 790M, Empty: 518M, Relocated: 1M, In-Place: 0
[43.186s][info][gc,reloc    ] GC(3) Medium Pages: 1 / 32M, Empty: 0M, Relocated: 0M, In-Place: 0
[43.186s][info][gc,reloc    ] GC(3) Large Pages: 0 / 0M, Empty: 0M, Relocated: 0M, In-Place: 0
[43.186s][info][gc,reloc    ] GC(3) Forwarding Usage: 0M
[43.186s][info][gc,heap     ] GC(3) Min Capacity: 4096M(100%)
[43.186s][info][gc,heap     ] GC(3) Max Capacity: 4096M(100%)
[43.186s][info][gc,heap     ] GC(3) Soft Max Capacity: 4096M(100%)
[43.186s][info][gc,heap     ] GC(3)                Mark Start          Mark End        Relocate Start      Relocate End           High               Low         
[43.186s][info][gc,heap     ] GC(3)  Capacity:     4096M (100%)       4096M (100%)       4096M (100%)       4096M (100%)       4096M (100%)       4096M (100%)   
[43.186s][info][gc,heap     ] GC(3)      Free:     3274M (80%)        3262M (80%)        3780M (92%)        4030M (98%)        4030M (98%)        3262M (80%)    
[43.186s][info][gc,heap     ] GC(3)      Used:      822M (20%)         834M (20%)         316M (8%)           66M (2%)          834M (20%)          66M (2%)     
[43.186s][info][gc,heap     ] GC(3)      Live:         -                18M (0%)           18M (0%)           18M (0%)             -                  -          
[43.186s][info][gc,heap     ] GC(3) Allocated:         -                12M (0%)           12M (0%)           12M (0%)             -                  -          
[43.186s][info][gc,heap     ] GC(3)   Garbage:         -               803M (20%)         285M (7%)           35M (1%)             -                  -          
[43.186s][info][gc,heap     ] GC(3) Reclaimed:         -                  -               518M (13%)         768M (19%)            -                  -          
[43.186s][info][gc          ] GC(3) Garbage Collection (Warmup) 822M(20%)->66M(2%)
[50.158s][info][gc,stats    ] === Garbage Collection Statistics =======================================================================================================================
[50.158s][info][gc,stats    ]                                                              Last 10s              Last 10m              Last 10h                Total
[50.158s][info][gc,stats    ]                                                              Avg / Max             Avg / Max             Avg / Max             Avg / Max
[50.158s][info][gc,stats    ]   Collector: Garbage Collection Cycle                     32.984 / 32.984       43.718 / 54.411       43.718 / 54.411       43.718 / 54.411      ms
[50.158s][info][gc,stats    ]  Contention: Mark Segment Reset Contention                     0 / 0                 0 / 0                 0 / 0                 0 / 0           ops/s
[50.158s][info][gc,stats    ]  Contention: Mark SeqNum Reset Contention                      0 / 0                 0 / 0                 0 / 0                 0 / 0           ops/s
[50.158s][info][gc,stats    ]    Critical: Allocation Stall                                  0 / 0                 0 / 0                 0 / 0                 0 / 0           ops/s
[50.158s][info][gc,stats    ]    Critical: Allocation Stall                              0.000 / 0.000         0.000 / 0.000         0.000 / 0.000         0.000 / 0.000       ms
[50.158s][info][gc,stats    ]    Critical: GC Locker Stall                                   0 / 0                 0 / 0                 0 / 0                 0 / 0           ops/s
[50.158s][info][gc,stats    ]    Critical: GC Locker Stall                               0.000 / 0.000         0.000 / 0.000         0.000 / 0.000         0.000 / 0.000       ms
[50.158s][info][gc,stats    ]    Critical: Relocation Stall                                  0 / 0                 0 / 0                 0 / 0                 0 / 0           ops/s
[50.158s][info][gc,stats    ]    Critical: Relocation Stall                              0.000 / 0.000         0.000 / 0.000         0.000 / 0.000         0.000 / 0.000       ms
[50.158s][info][gc,stats    ]      Memory: Allocation Rate                                  25 / 34               33 / 148              33 / 148              33 / 148         MB/s
[50.158s][info][gc,stats    ]      Memory: Out Of Memory                                     0 / 0                 0 / 0                 0 / 0                 0 / 0           ops/s
[50.158s][info][gc,stats    ]      Memory: Page Cache Flush                                  0 / 0                 0 / 0                 0 / 0                 0 / 0           MB/s
[50.158s][info][gc,stats    ]      Memory: Page Cache Hit L1                                 8 / 13                8 / 78                8 / 78                8 / 78          ops/s
[50.158s][info][gc,stats    ]      Memory: Page Cache Hit L2                                 0 / 0                 0 / 0                 0 / 0                 0 / 0           ops/s
[50.158s][info][gc,stats    ]      Memory: Page Cache Hit L3                                 4 / 13                8 / 48                8 / 48                8 / 48          ops/s
[50.158s][info][gc,stats    ]      Memory: Page Cache Miss                                   0 / 0                 0 / 1                 0 / 1                 0 / 1           ops/s
[50.158s][info][gc,stats    ]      Memory: Uncommit                                          0 / 0                 0 / 0                 0 / 0                 0 / 0           MB/s
[50.158s][info][gc,stats    ]      Memory: Undo Object Allocation Failed                     0 / 0                 0 / 1                 0 / 1                 0 / 1           ops/s
[50.158s][info][gc,stats    ]      Memory: Undo Object Allocation Succeeded                  0 / 0                 0 / 22                0 / 22                0 / 22          ops/s
[50.158s][info][gc,stats    ]      Memory: Undo Page Allocation                              0 / 2                 0 / 2                 0 / 2                 0 / 2           ops/s
[50.158s][info][gc,stats    ]       Phase: Concurrent Mark                              20.337 / 20.337       29.124 / 38.897       29.124 / 38.897       29.124 / 38.897      ms
[50.158s][info][gc,stats    ]       Phase: Concurrent Mark Continue                      0.000 / 0.000         0.000 / 0.000         0.000 / 0.000         0.000 / 0.000       ms
[50.158s][info][gc,stats    ]       Phase: Concurrent Mark Free                          0.002 / 0.002         0.002 / 0.002         0.002 / 0.002         0.002 / 0.002       ms
[50.158s][info][gc,stats    ]       Phase: Concurrent Process Non-Strong References      8.076 / 8.076         7.823 / 14.882        7.823 / 14.882        7.823 / 14.882      ms
[50.158s][info][gc,stats    ]       Phase: Concurrent Relocate                           1.292 / 1.292         3.359 / 6.891         3.359 / 6.891         3.359 / 6.891       ms
[50.158s][info][gc,stats    ]       Phase: Concurrent Reset Relocation Set               0.010 / 0.010         0.008 / 0.011         0.008 / 0.011         0.008 / 0.011       ms
[50.158s][info][gc,stats    ]       Phase: Concurrent Select Relocation Set              1.480 / 1.480         2.093 / 3.477         2.093 / 3.477         2.093 / 3.477       ms
[50.158s][info][gc,stats    ]       Phase: Pause Mark End                                0.020 / 0.020         0.031 / 0.065         0.031 / 0.065         0.031 / 0.065       ms
[50.158s][info][gc,stats    ]       Phase: Pause Mark Start                              0.010 / 0.010         0.008 / 0.010         0.008 / 0.010         0.008 / 0.010       ms
[50.158s][info][gc,stats    ]       Phase: Pause Relocate Start                          0.008 / 0.008         0.011 / 0.019         0.011 / 0.019         0.011 / 0.019       ms
[50.158s][info][gc,stats    ]    Subphase: Concurrent Classes Purge                      0.271 / 0.271         0.228 / 0.309         0.228 / 0.309         0.228 / 0.309       ms
[50.158s][info][gc,stats    ]    Subphase: Concurrent Classes Unlink                     7.138 / 7.138         6.535 / 13.012        6.535 / 13.012        6.535 / 13.012      ms
[50.158s][info][gc,stats    ]    Subphase: Concurrent Mark                              16.735 / 19.466       21.976 / 33.017       21.976 / 33.017       21.976 / 33.017      ms
[50.158s][info][gc,stats    ]    Subphase: Concurrent Mark Try Flush                     0.158 / 0.269         0.101 / 0.269         0.101 / 0.269         0.101 / 0.269       ms
[50.158s][info][gc,stats    ]    Subphase: Concurrent Mark Try Terminate                 2.037 / 6.045         3.361 / 14.456        3.361 / 14.456        3.361 / 14.456      ms
[50.158s][info][gc,stats    ]    Subphase: Concurrent References Enqueue                 0.006 / 0.006         0.005 / 0.008         0.005 / 0.008         0.005 / 0.008       ms
[50.158s][info][gc,stats    ]    Subphase: Concurrent References Process                 0.114 / 0.114         0.262 / 0.513         0.262 / 0.513         0.262 / 0.513       ms
[50.158s][info][gc,stats    ]    Subphase: Concurrent Roots ClassLoaderDataGraph         0.180 / 0.352         0.157 / 0.352         0.157 / 0.352         0.157 / 0.352       ms
[50.158s][info][gc,stats    ]    Subphase: Concurrent Roots CodeCache                    0.000 / 0.000         0.000 / 0.000         0.000 / 0.000         0.000 / 0.000       ms
[50.158s][info][gc,stats    ]    Subphase: Concurrent Roots JavaThreads                  0.494 / 0.647         2.017 / 5.702         2.017 / 5.702         2.017 / 5.702       ms
[50.158s][info][gc,stats    ]    Subphase: Concurrent Roots OopStorageSet                0.033 / 0.049         0.037 / 0.085         0.037 / 0.085         0.037 / 0.085       ms
[50.158s][info][gc,stats    ]    Subphase: Concurrent Weak Roots OopStorageSet           0.405 / 0.409         0.617 / 0.939         0.617 / 0.939         0.617 / 0.939       ms
[50.158s][info][gc,stats    ]    Subphase: Pause Mark Try Complete                       0.000 / 0.000         0.000 / 0.000         0.000 / 0.000         0.000 / 0.000       ms
[50.158s][info][gc,stats    ]      System: Java Threads                                     33 / 33               31 / 34               31 / 34               31 / 34          threads
[50.158s][info][gc,stats    ] =========================================================================================================================================================
[60.161s][info][gc,stats    ] === Garbage Collection Statistics =======================================================================================================================
[60.161s][info][gc,stats    ]                                                              Last 10s              Last 10m              Last 10h                Total
[60.161s][info][gc,stats    ]                                                              Avg / Max             Avg / Max             Avg / Max             Avg / Max
[60.161s][info][gc,stats    ]   Collector: Garbage Collection Cycle                      0.000 / 0.000        43.718 / 54.411       43.718 / 54.411       43.718 / 54.411      ms
[60.161s][info][gc,stats    ]  Contention: Mark Segment Reset Contention                     0 / 0                 0 / 0                 0 / 0                 0 / 0           ops/s
[60.161s][info][gc,stats    ]  Contention: Mark SeqNum Reset Contention                      0 / 0                 0 / 0                 0 / 0                 0 / 0           ops/s
[60.161s][info][gc,stats    ]    Critical: Allocation Stall                                  0 / 0                 0 / 0                 0 / 0                 0 / 0           ops/s
[60.161s][info][gc,stats    ]    Critical: Allocation Stall                              0.000 / 0.000         0.000 / 0.000         0.000 / 0.000         0.000 / 0.000       ms
[60.161s][info][gc,stats    ]    Critical: GC Locker Stall                                   0 / 0                 0 / 0                 0 / 0                 0 / 0           ops/s
[60.161s][info][gc,stats    ]    Critical: GC Locker Stall                               0.000 / 0.000         0.000 / 0.000         0.000 / 0.000         0.000 / 0.000       ms
[60.161s][info][gc,stats    ]    Critical: Relocation Stall                                  0 / 0                 0 / 0                 0 / 0                 0 / 0           ops/s
[60.161s][info][gc,stats    ]    Critical: Relocation Stall                              0.000 / 0.000         0.000 / 0.000         0.000 / 0.000         0.000 / 0.000       ms
[60.161s][info][gc,stats    ]      Memory: Allocation Rate                                  24 / 26               31 / 148              31 / 148              31 / 148         MB/s
[60.161s][info][gc,stats    ]      Memory: Out Of Memory                                     0 / 0                 0 / 0                 0 / 0                 0 / 0           ops/s
[60.161s][info][gc,stats    ]      Memory: Page Cache Flush                                  0 / 0                 0 / 0                 0 / 0                 0 / 0           MB/s
[60.161s][info][gc,stats    ]      Memory: Page Cache Hit L1                                12 / 13                9 / 78                9 / 78                9 / 78          ops/s
[60.161s][info][gc,stats    ]      Memory: Page Cache Hit L2                                 0 / 0                 0 / 0                 0 / 0                 0 / 0           ops/s
[60.161s][info][gc,stats    ]      Memory: Page Cache Hit L3                                 0 / 0                 6 / 48                6 / 48                6 / 48          ops/s
[60.161s][info][gc,stats    ]      Memory: Page Cache Miss                                   0 / 0                 0 / 1                 0 / 1                 0 / 1           ops/s
[60.161s][info][gc,stats    ]      Memory: Uncommit                                          0 / 0                 0 / 0                 0 / 0                 0 / 0           MB/s
[60.161s][info][gc,stats    ]      Memory: Undo Object Allocation Failed                     0 / 0                 0 / 1                 0 / 1                 0 / 1           ops/s
[60.161s][info][gc,stats    ]      Memory: Undo Object Allocation Succeeded                  0 / 0                 0 / 22                0 / 22                0 / 22          ops/s
[60.161s][info][gc,stats    ]      Memory: Undo Page Allocation                              0 / 0                 0 / 2                 0 / 2                 0 / 2           ops/s
[60.161s][info][gc,stats    ]       Phase: Concurrent Mark                               0.000 / 0.000        29.124 / 38.897       29.124 / 38.897       29.124 / 38.897      ms
[60.161s][info][gc,stats    ]       Phase: Concurrent Mark Continue                      0.000 / 0.000         0.000 / 0.000         0.000 / 0.000         0.000 / 0.000       ms
[60.161s][info][gc,stats    ]       Phase: Concurrent Mark Free                          0.000 / 0.000         0.002 / 0.002         0.002 / 0.002         0.002 / 0.002       ms
[60.161s][info][gc,stats    ]       Phase: Concurrent Process Non-Strong References      0.000 / 0.000         7.823 / 14.882        7.823 / 14.882        7.823 / 14.882      ms
[60.161s][info][gc,stats    ]       Phase: Concurrent Relocate                           0.000 / 0.000         3.359 / 6.891         3.359 / 6.891         3.359 / 6.891       ms
[60.161s][info][gc,stats    ]       Phase: Concurrent Reset Relocation Set               0.000 / 0.000         0.008 / 0.011         0.008 / 0.011         0.008 / 0.011       ms
[60.161s][info][gc,stats    ]       Phase: Concurrent Select Relocation Set              0.000 / 0.000         2.093 / 3.477         2.093 / 3.477         2.093 / 3.477       ms
[60.161s][info][gc,stats    ]       Phase: Pause Mark End                                0.000 / 0.000         0.031 / 0.065         0.031 / 0.065         0.031 / 0.065       ms
[60.161s][info][gc,stats    ]       Phase: Pause Mark Start                              0.000 / 0.000         0.008 / 0.010         0.008 / 0.010         0.008 / 0.010       ms
[60.161s][info][gc,stats    ]       Phase: Pause Relocate Start                          0.000 / 0.000         0.011 / 0.019         0.011 / 0.019         0.011 / 0.019       ms
[60.161s][info][gc,stats    ]    Subphase: Concurrent Classes Purge                      0.000 / 0.000         0.228 / 0.309         0.228 / 0.309         0.228 / 0.309       ms
[60.161s][info][gc,stats    ]    Subphase: Concurrent Classes Unlink                     0.000 / 0.000         6.535 / 13.012        6.535 / 13.012        6.535 / 13.012      ms
[60.161s][info][gc,stats    ]    Subphase: Concurrent Mark                               0.000 / 0.000        21.976 / 33.017       21.976 / 33.017       21.976 / 33.017      ms
[60.161s][info][gc,stats    ]    Subphase: Concurrent Mark Try Flush                     0.000 / 0.000         0.101 / 0.269         0.101 / 0.269         0.101 / 0.269       ms
[60.161s][info][gc,stats    ]    Subphase: Concurrent Mark Try Terminate                 0.000 / 0.000         3.361 / 14.456        3.361 / 14.456        3.361 / 14.456      ms
[60.162s][info][gc,stats    ]    Subphase: Concurrent References Enqueue                 0.000 / 0.000         0.005 / 0.008         0.005 / 0.008         0.005 / 0.008       ms
[60.162s][info][gc,stats    ]    Subphase: Concurrent References Process                 0.000 / 0.000         0.262 / 0.513         0.262 / 0.513         0.262 / 0.513       ms
[60.162s][info][gc,stats    ]    Subphase: Concurrent Roots ClassLoaderDataGraph         0.000 / 0.000         0.157 / 0.352         0.157 / 0.352         0.157 / 0.352       ms
[60.162s][info][gc,stats    ]    Subphase: Concurrent Roots CodeCache                    0.000 / 0.000         0.000 / 0.000         0.000 / 0.000         0.000 / 0.000       ms
[60.162s][info][gc,stats    ]    Subphase: Concurrent Roots JavaThreads                  0.000 / 0.000         2.017 / 5.702         2.017 / 5.702         2.017 / 5.702       ms
[60.162s][info][gc,stats    ]    Subphase: Concurrent Roots OopStorageSet                0.000 / 0.000         0.037 / 0.085         0.037 / 0.085         0.037 / 0.085       ms
[60.162s][info][gc,stats    ]    Subphase: Concurrent Weak Roots OopStorageSet           0.000 / 0.000         0.617 / 0.939         0.617 / 0.939         0.617 / 0.939       ms
[60.162s][info][gc,stats    ]    Subphase: Pause Mark Try Complete                       0.000 / 0.000         0.000 / 0.000         0.000 / 0.000         0.000 / 0.000       ms
[60.162s][info][gc,stats    ]      System: Java Threads                                      0 / 0                31 / 34               31 / 34               31 / 34          threads
[60.162s][info][gc,stats    ] =========================================================================================================================================================
[70.167s][info][gc,stats    ] === Garbage Collection Statistics =======================================================================================================================
[70.167s][info][gc,stats    ]                                                              Last 10s              Last 10m              Last 10h                Total
[70.167s][info][gc,stats    ]                                                              Avg / Max             Avg / Max             Avg / Max             Avg / Max
[70.167s][info][gc,stats    ]   Collector: Garbage Collection Cycle                      0.000 / 0.000        43.718 / 54.411       43.718 / 54.411       43.718 / 54.411      ms
[70.167s][info][gc,stats    ]  Contention: Mark Segment Reset Contention                     0 / 0                 0 / 0                 0 / 0                 0 / 0           ops/s
[70.167s][info][gc,stats    ]  Contention: Mark SeqNum Reset Contention                      0 / 0                 0 / 0                 0 / 0                 0 / 0           ops/s
[70.167s][info][gc,stats    ]    Critical: Allocation Stall                                  0 / 0                 0 / 0                 0 / 0                 0 / 0           ops/s
[70.167s][info][gc,stats    ]    Critical: Allocation Stall                              0.000 / 0.000         0.000 / 0.000         0.000 / 0.000         0.000 / 0.000       ms
[70.167s][info][gc,stats    ]    Critical: GC Locker Stall                                   0 / 0                 0 / 0                 0 / 0                 0 / 0           ops/s
[70.167s][info][gc,stats    ]    Critical: GC Locker Stall                               0.000 / 0.000         0.000 / 0.000         0.000 / 0.000         0.000 / 0.000       ms
[70.167s][info][gc,stats    ]    Critical: Relocation Stall                                  0 / 0                 0 / 0                 0 / 0                 0 / 0           ops/s
[70.167s][info][gc,stats    ]    Critical: Relocation Stall                              0.000 / 0.000         0.000 / 0.000         0.000 / 0.000         0.000 / 0.000       ms
[70.167s][info][gc,stats    ]      Memory: Allocation Rate                                  24 / 28               30 / 148              30 / 148              30 / 148         MB/s
[70.167s][info][gc,stats    ]      Memory: Out Of Memory                                     0 / 0                 0 / 0                 0 / 0                 0 / 0           ops/s
[70.167s][info][gc,stats    ]      Memory: Page Cache Flush                                  0 / 0                 0 / 0                 0 / 0                 0 / 0           MB/s
[70.167s][info][gc,stats    ]      Memory: Page Cache Hit L1                                12 / 14                9 / 78                9 / 78                9 / 78          ops/s
[70.167s][info][gc,stats    ]      Memory: Page Cache Hit L2                                 0 / 0                 0 / 0                 0 / 0                 0 / 0           ops/s
[70.167s][info][gc,stats    ]      Memory: Page Cache Hit L3                                 0 / 0                 5 / 48                5 / 48                5 / 48          ops/s
[70.167s][info][gc,stats    ]      Memory: Page Cache Miss                                   0 / 0                 0 / 1                 0 / 1                 0 / 1           ops/s
[70.167s][info][gc,stats    ]      Memory: Uncommit                                          0 / 0                 0 / 0                 0 / 0                 0 / 0           MB/s
[70.167s][info][gc,stats    ]      Memory: Undo Object Allocation Failed                     0 / 0                 0 / 1                 0 / 1                 0 / 1           ops/s
[70.167s][info][gc,stats    ]      Memory: Undo Object Allocation Succeeded                  0 / 0                 0 / 22                0 / 22                0 / 22          ops/s
[70.167s][info][gc,stats    ]      Memory: Undo Page Allocation                              0 / 0                 0 / 2                 0 / 2                 0 / 2           ops/s
[70.167s][info][gc,stats    ]       Phase: Concurrent Mark                               0.000 / 0.000        29.124 / 38.897       29.124 / 38.897       29.124 / 38.897      ms
[70.167s][info][gc,stats    ]       Phase: Concurrent Mark Continue                      0.000 / 0.000         0.000 / 0.000         0.000 / 0.000         0.000 / 0.000       ms
[70.167s][info][gc,stats    ]       Phase: Concurrent Mark Free                          0.000 / 0.000         0.002 / 0.002         0.002 / 0.002         0.002 / 0.002       ms
[70.167s][info][gc,stats    ]       Phase: Concurrent Process Non-Strong References      0.000 / 0.000         7.823 / 14.882        7.823 / 14.882        7.823 / 14.882      ms
[70.167s][info][gc,stats    ]       Phase: Concurrent Relocate                           0.000 / 0.000         3.359 / 6.891         3.359 / 6.891         3.359 / 6.891       ms
[70.167s][info][gc,stats    ]       Phase: Concurrent Reset Relocation Set               0.000 / 0.000         0.008 / 0.011         0.008 / 0.011         0.008 / 0.011       ms
[70.167s][info][gc,stats    ]       Phase: Concurrent Select Relocation Set              0.000 / 0.000         2.093 / 3.477         2.093 / 3.477         2.093 / 3.477       ms
[70.167s][info][gc,stats    ]       Phase: Pause Mark End                                0.000 / 0.000         0.031 / 0.065         0.031 / 0.065         0.031 / 0.065       ms
[70.167s][info][gc,stats    ]       Phase: Pause Mark Start                              0.000 / 0.000         0.008 / 0.010         0.008 / 0.010         0.008 / 0.010       ms
[70.167s][info][gc,stats    ]       Phase: Pause Relocate Start                          0.000 / 0.000         0.011 / 0.019         0.011 / 0.019         0.011 / 0.019       ms
[70.167s][info][gc,stats    ]    Subphase: Concurrent Classes Purge                      0.000 / 0.000         0.228 / 0.309         0.228 / 0.309         0.228 / 0.309       ms
[70.167s][info][gc,stats    ]    Subphase: Concurrent Classes Unlink                     0.000 / 0.000         6.535 / 13.012        6.535 / 13.012        6.535 / 13.012      ms
[70.167s][info][gc,stats    ]    Subphase: Concurrent Mark                               0.000 / 0.000        21.976 / 33.017       21.976 / 33.017       21.976 / 33.017      ms
[70.167s][info][gc,stats    ]    Subphase: Concurrent Mark Try Flush                     0.000 / 0.000         0.101 / 0.269         0.101 / 0.269         0.101 / 0.269       ms
[70.167s][info][gc,stats    ]    Subphase: Concurrent Mark Try Terminate                 0.000 / 0.000         3.361 / 14.456        3.361 / 14.456        3.361 / 14.456      ms
[70.167s][info][gc,stats    ]    Subphase: Concurrent References Enqueue                 0.000 / 0.000         0.005 / 0.008         0.005 / 0.008         0.005 / 0.008       ms
[70.167s][info][gc,stats    ]    Subphase: Concurrent References Process                 0.000 / 0.000         0.262 / 0.513         0.262 / 0.513         0.262 / 0.513       ms
[70.167s][info][gc,stats    ]    Subphase: Concurrent Roots ClassLoaderDataGraph         0.000 / 0.000         0.157 / 0.352         0.157 / 0.352         0.157 / 0.352       ms
[70.167s][info][gc,stats    ]    Subphase: Concurrent Roots CodeCache                    0.000 / 0.000         0.000 / 0.000         0.000 / 0.000         0.000 / 0.000       ms
[70.167s][info][gc,stats    ]    Subphase: Concurrent Roots JavaThreads                  0.000 / 0.000         2.017 / 5.702         2.017 / 5.702         2.017 / 5.702       ms
[70.167s][info][gc,stats    ]    Subphase: Concurrent Roots OopStorageSet                0.000 / 0.000         0.037 / 0.085         0.037 / 0.085         0.037 / 0.085       ms
[70.167s][info][gc,stats    ]    Subphase: Concurrent Weak Roots OopStorageSet           0.000 / 0.000         0.617 / 0.939         0.617 / 0.939         0.617 / 0.939       ms
[70.167s][info][gc,stats    ]    Subphase: Pause Mark Try Complete                       0.000 / 0.000         0.000 / 0.000         0.000 / 0.000         0.000 / 0.000       ms
[70.167s][info][gc,stats    ]      System: Java Threads                                      0 / 0                31 / 34               31 / 34               31 / 34          threads
[70.167s][info][gc,stats    ] =========================================================================================================================================================
[80.152s][info][gc,stats    ] === Garbage Collection Statistics =======================================================================================================================
[80.152s][info][gc,stats    ]                                                              Last 10s              Last 10m              Last 10h                Total
[80.152s][info][gc,stats    ]                                                              Avg / Max             Avg / Max             Avg / Max             Avg / Max
[80.152s][info][gc,stats    ]   Collector: Garbage Collection Cycle                      0.000 / 0.000        43.718 / 54.411       43.718 / 54.411       43.718 / 54.411      ms
[80.152s][info][gc,stats    ]  Contention: Mark Segment Reset Contention                     0 / 0                 0 / 0                 0 / 0                 0 / 0           ops/s
[80.152s][info][gc,stats    ]  Contention: Mark SeqNum Reset Contention                      0 / 0                 0 / 0                 0 / 0                 0 / 0           ops/s
[80.152s][info][gc,stats    ]    Critical: Allocation Stall                                  0 / 0                 0 / 0                 0 / 0                 0 / 0           ops/s
[80.152s][info][gc,stats    ]    Critical: Allocation Stall                              0.000 / 0.000         0.000 / 0.000         0.000 / 0.000         0.000 / 0.000       ms
[80.152s][info][gc,stats    ]    Critical: GC Locker Stall                                   0 / 0                 0 / 0                 0 / 0                 0 / 0           ops/s
[80.152s][info][gc,stats    ]    Critical: GC Locker Stall                               0.000 / 0.000         0.000 / 0.000         0.000 / 0.000         0.000 / 0.000       ms
[80.152s][info][gc,stats    ]    Critical: Relocation Stall                                  0 / 0                 0 / 0                 0 / 0                 0 / 0           ops/s
[80.152s][info][gc,stats    ]    Critical: Relocation Stall                              0.000 / 0.000         0.000 / 0.000         0.000 / 0.000         0.000 / 0.000       ms
[80.152s][info][gc,stats    ]      Memory: Allocation Rate                                  24 / 30               29 / 148              29 / 148              29 / 148         MB/s
[80.152s][info][gc,stats    ]      Memory: Out Of Memory                                     0 / 0                 0 / 0                 0 / 0                 0 / 0           ops/s
[80.152s][info][gc,stats    ]      Memory: Page Cache Flush                                  0 / 0                 0 / 0                 0 / 0                 0 / 0           MB/s
[80.152s][info][gc,stats    ]      Memory: Page Cache Hit L1                                 6 / 14                9 / 78                9 / 78                9 / 78          ops/s
[80.152s][info][gc,stats    ]      Memory: Page Cache Hit L2                                 0 / 0                 0 / 0                 0 / 0                 0 / 0           ops/s
[80.152s][info][gc,stats    ]      Memory: Page Cache Hit L3                                 5 / 14                5 / 48                5 / 48                5 / 48          ops/s
[80.152s][info][gc,stats    ]      Memory: Page Cache Miss                                   0 / 0                 0 / 1                 0 / 1                 0 / 1           ops/s
[80.152s][info][gc,stats    ]      Memory: Uncommit                                          0 / 0                 0 / 0                 0 / 0                 0 / 0           MB/s
[80.152s][info][gc,stats    ]      Memory: Undo Object Allocation Failed                     0 / 0                 0 / 1                 0 / 1                 0 / 1           ops/s
[80.152s][info][gc,stats    ]      Memory: Undo Object Allocation Succeeded                  0 / 0                 0 / 22                0 / 22                0 / 22          ops/s
[80.152s][info][gc,stats    ]      Memory: Undo Page Allocation                              0 / 1                 0 / 2                 0 / 2                 0 / 2           ops/s
[80.152s][info][gc,stats    ]       Phase: Concurrent Mark                               0.000 / 0.000        29.124 / 38.897       29.124 / 38.897       29.124 / 38.897      ms
[80.152s][info][gc,stats    ]       Phase: Concurrent Mark Continue                      0.000 / 0.000         0.000 / 0.000         0.000 / 0.000         0.000 / 0.000       ms
[80.152s][info][gc,stats    ]       Phase: Concurrent Mark Free                          0.000 / 0.000         0.002 / 0.002         0.002 / 0.002         0.002 / 0.002       ms
[80.152s][info][gc,stats    ]       Phase: Concurrent Process Non-Strong References      0.000 / 0.000         7.823 / 14.882        7.823 / 14.882        7.823 / 14.882      ms
[80.152s][info][gc,stats    ]       Phase: Concurrent Relocate                           0.000 / 0.000         3.359 / 6.891         3.359 / 6.891         3.359 / 6.891       ms
[80.152s][info][gc,stats    ]       Phase: Concurrent Reset Relocation Set               0.000 / 0.000         0.008 / 0.011         0.008 / 0.011         0.008 / 0.011       ms
[80.152s][info][gc,stats    ]       Phase: Concurrent Select Relocation Set              0.000 / 0.000         2.093 / 3.477         2.093 / 3.477         2.093 / 3.477       ms
[80.152s][info][gc,stats    ]       Phase: Pause Mark End                                0.000 / 0.000         0.031 / 0.065         0.031 / 0.065         0.031 / 0.065       ms
[80.152s][info][gc,stats    ]       Phase: Pause Mark Start                              0.000 / 0.000         0.008 / 0.010         0.008 / 0.010         0.008 / 0.010       ms
[80.152s][info][gc,stats    ]       Phase: Pause Relocate Start                          0.000 / 0.000         0.011 / 0.019         0.011 / 0.019         0.011 / 0.019       ms
[80.152s][info][gc,stats    ]    Subphase: Concurrent Classes Purge                      0.000 / 0.000         0.228 / 0.309         0.228 / 0.309         0.228 / 0.309       ms
[80.152s][info][gc,stats    ]    Subphase: Concurrent Classes Unlink                     0.000 / 0.000         6.535 / 13.012        6.535 / 13.012        6.535 / 13.012      ms
[80.152s][info][gc,stats    ]    Subphase: Concurrent Mark                               0.000 / 0.000        21.976 / 33.017       21.976 / 33.017       21.976 / 33.017      ms
[80.152s][info][gc,stats    ]    Subphase: Concurrent Mark Try Flush                     0.000 / 0.000         0.101 / 0.269         0.101 / 0.269         0.101 / 0.269       ms
[80.152s][info][gc,stats    ]    Subphase: Concurrent Mark Try Terminate                 0.000 / 0.000         3.361 / 14.456        3.361 / 14.456        3.361 / 14.456      ms
[80.152s][info][gc,stats    ]    Subphase: Concurrent References Enqueue                 0.000 / 0.000         0.005 / 0.008         0.005 / 0.008         0.005 / 0.008       ms
[80.152s][info][gc,stats    ]    Subphase: Concurrent References Process                 0.000 / 0.000         0.262 / 0.513         0.262 / 0.513         0.262 / 0.513       ms
[80.152s][info][gc,stats    ]    Subphase: Concurrent Roots ClassLoaderDataGraph         0.000 / 0.000         0.157 / 0.352         0.157 / 0.352         0.157 / 0.352       ms
[80.152s][info][gc,stats    ]    Subphase: Concurrent Roots CodeCache                    0.000 / 0.000         0.000 / 0.000         0.000 / 0.000         0.000 / 0.000       ms
[80.152s][info][gc,stats    ]    Subphase: Concurrent Roots JavaThreads                  0.000 / 0.000         2.017 / 5.702         2.017 / 5.702         2.017 / 5.702       ms
[80.152s][info][gc,stats    ]    Subphase: Concurrent Roots OopStorageSet                0.000 / 0.000         0.037 / 0.085         0.037 / 0.085         0.037 / 0.085       ms
[80.152s][info][gc,stats    ]    Subphase: Concurrent Weak Roots OopStorageSet           0.000 / 0.000         0.617 / 0.939         0.617 / 0.939         0.617 / 0.939       ms
[80.152s][info][gc,stats    ]    Subphase: Pause Mark Try Complete                       0.000 / 0.000         0.000 / 0.000         0.000 / 0.000         0.000 / 0.000       ms
[80.152s][info][gc,stats    ]      System: Java Threads                                      0 / 0                31 / 34               31 / 34               31 / 34          threads
[80.152s][info][gc,stats    ] =========================================================================================================================================================
[90.158s][info][gc,stats    ] === Garbage Collection Statistics =======================================================================================================================
[90.158s][info][gc,stats    ]                                                              Last 10s              Last 10m              Last 10h                Total
[90.158s][info][gc,stats    ]                                                              Avg / Max             Avg / Max             Avg / Max             Avg / Max
[90.158s][info][gc,stats    ]   Collector: Garbage Collection Cycle                      0.000 / 0.000        43.718 / 54.411       43.718 / 54.411       43.718 / 54.411      ms
[90.158s][info][gc,stats    ]  Contention: Mark Segment Reset Contention                     0 / 0                 0 / 0                 0 / 0                 0 / 0           ops/s
[90.158s][info][gc,stats    ]  Contention: Mark SeqNum Reset Contention                      0 / 0                 0 / 0                 0 / 0                 0 / 0           ops/s
[90.158s][info][gc,stats    ]    Critical: Allocation Stall                                  0 / 0                 0 / 0                 0 / 0                 0 / 0           ops/s
[90.158s][info][gc,stats    ]    Critical: Allocation Stall                              0.000 / 0.000         0.000 / 0.000         0.000 / 0.000         0.000 / 0.000       ms
[90.158s][info][gc,stats    ]    Critical: GC Locker Stall                                   0 / 0                 0 / 0                 0 / 0                 0 / 0           ops/s
[90.158s][info][gc,stats    ]    Critical: GC Locker Stall                               0.000 / 0.000         0.000 / 0.000         0.000 / 0.000         0.000 / 0.000       ms
[90.158s][info][gc,stats    ]    Critical: Relocation Stall                                  0 / 0                 0 / 0                 0 / 0                 0 / 0           ops/s
[90.158s][info][gc,stats    ]    Critical: Relocation Stall                              0.000 / 0.000         0.000 / 0.000         0.000 / 0.000         0.000 / 0.000       ms
[90.158s][info][gc,stats    ]      Memory: Allocation Rate                                  24 / 28               29 / 148              29 / 148              29 / 148         MB/s
[90.158s][info][gc,stats    ]      Memory: Out Of Memory                                     0 / 0                 0 / 0                 0 / 0                 0 / 0           ops/s
[90.158s][info][gc,stats    ]      Memory: Page Cache Flush                                  0 / 0                 0 / 0                 0 / 0                 0 / 0           MB/s
[90.158s][info][gc,stats    ]      Memory: Page Cache Hit L1                                 0 / 1                 8 / 78                8 / 78                8 / 78          ops/s
[90.158s][info][gc,stats    ]      Memory: Page Cache Hit L2                                 0 / 0                 0 / 0                 0 / 0                 0 / 0           ops/s
[90.158s][info][gc,stats    ]      Memory: Page Cache Hit L3                                12 / 13                6 / 48                6 / 48                6 / 48          ops/s
[90.158s][info][gc,stats    ]      Memory: Page Cache Miss                                   0 / 0                 0 / 1                 0 / 1                 0 / 1           ops/s
[90.158s][info][gc,stats    ]      Memory: Uncommit                                          0 / 0                 0 / 0                 0 / 0                 0 / 0           MB/s
[90.158s][info][gc,stats    ]      Memory: Undo Object Allocation Failed                     0 / 0                 0 / 1                 0 / 1                 0 / 1           ops/s
[90.158s][info][gc,stats    ]      Memory: Undo Object Allocation Succeeded                  0 / 0                 0 / 22                0 / 22                0 / 22          ops/s
[90.158s][info][gc,stats    ]      Memory: Undo Page Allocation                              0 / 1                 0 / 2                 0 / 2                 0 / 2           ops/s
[90.158s][info][gc,stats    ]       Phase: Concurrent Mark                               0.000 / 0.000        29.124 / 38.897       29.124 / 38.897       29.124 / 38.897      ms
[90.158s][info][gc,stats    ]       Phase: Concurrent Mark Continue                      0.000 / 0.000         0.000 / 0.000         0.000 / 0.000         0.000 / 0.000       ms
[90.158s][info][gc,stats    ]       Phase: Concurrent Mark Free                          0.000 / 0.000         0.002 / 0.002         0.002 / 0.002         0.002 / 0.002       ms
[90.158s][info][gc,stats    ]       Phase: Concurrent Process Non-Strong References      0.000 / 0.000         7.823 / 14.882        7.823 / 14.882        7.823 / 14.882      ms
[90.158s][info][gc,stats    ]       Phase: Concurrent Relocate                           0.000 / 0.000         3.359 / 6.891         3.359 / 6.891         3.359 / 6.891       ms
[90.158s][info][gc,stats    ]       Phase: Concurrent Reset Relocation Set               0.000 / 0.000         0.008 / 0.011         0.008 / 0.011         0.008 / 0.011       ms
[90.158s][info][gc,stats    ]       Phase: Concurrent Select Relocation Set              0.000 / 0.000         2.093 / 3.477         2.093 / 3.477         2.093 / 3.477       ms
[90.158s][info][gc,stats    ]       Phase: Pause Mark End                                0.000 / 0.000         0.031 / 0.065         0.031 / 0.065         0.031 / 0.065       ms
[90.158s][info][gc,stats    ]       Phase: Pause Mark Start                              0.000 / 0.000         0.008 / 0.010         0.008 / 0.010         0.008 / 0.010       ms
[90.158s][info][gc,stats    ]       Phase: Pause Relocate Start                          0.000 / 0.000         0.011 / 0.019         0.011 / 0.019         0.011 / 0.019       ms
[90.158s][info][gc,stats    ]    Subphase: Concurrent Classes Purge                      0.000 / 0.000         0.228 / 0.309         0.228 / 0.309         0.228 / 0.309       ms
[90.158s][info][gc,stats    ]    Subphase: Concurrent Classes Unlink                     0.000 / 0.000         6.535 / 13.012        6.535 / 13.012        6.535 / 13.012      ms
[90.158s][info][gc,stats    ]    Subphase: Concurrent Mark                               0.000 / 0.000        21.976 / 33.017       21.976 / 33.017       21.976 / 33.017      ms
[90.158s][info][gc,stats    ]    Subphase: Concurrent Mark Try Flush                     0.000 / 0.000         0.101 / 0.269         0.101 / 0.269         0.101 / 0.269       ms
[90.158s][info][gc,stats    ]    Subphase: Concurrent Mark Try Terminate                 0.000 / 0.000         3.361 / 14.456        3.361 / 14.456        3.361 / 14.456      ms
[90.158s][info][gc,stats    ]    Subphase: Concurrent References Enqueue                 0.000 / 0.000         0.005 / 0.008         0.005 / 0.008         0.005 / 0.008       ms
[90.158s][info][gc,stats    ]    Subphase: Concurrent References Process                 0.000 / 0.000         0.262 / 0.513         0.262 / 0.513         0.262 / 0.513       ms
[90.158s][info][gc,stats    ]    Subphase: Concurrent Roots ClassLoaderDataGraph         0.000 / 0.000         0.157 / 0.352         0.157 / 0.352         0.157 / 0.352       ms
[90.158s][info][gc,stats    ]    Subphase: Concurrent Roots CodeCache                    0.000 / 0.000         0.000 / 0.000         0.000 / 0.000         0.000 / 0.000       ms
[90.158s][info][gc,stats    ]    Subphase: Concurrent Roots JavaThreads                  0.000 / 0.000         2.017 / 5.702         2.017 / 5.702         2.017 / 5.702       ms
[90.158s][info][gc,stats    ]    Subphase: Concurrent Roots OopStorageSet                0.000 / 0.000         0.037 / 0.085         0.037 / 0.085         0.037 / 0.085       ms
[90.158s][info][gc,stats    ]    Subphase: Concurrent Weak Roots OopStorageSet           0.000 / 0.000         0.617 / 0.939         0.617 / 0.939         0.617 / 0.939       ms
[90.158s][info][gc,stats    ]    Subphase: Pause Mark Try Complete                       0.000 / 0.000         0.000 / 0.000         0.000 / 0.000         0.000 / 0.000       ms
[90.158s][info][gc,stats    ]      System: Java Threads                                      0 / 0                31 / 34               31 / 34               31 / 34          threads
[90.158s][info][gc,stats    ] =========================================================================================================================================================
[92.050s][info][gc,start    ] GC(4) Garbage Collection (Warmup)
[92.050s][info][gc,task     ] GC(4) Using 2 workers
[92.050s][info][gc,phases   ] GC(4) Pause Mark Start 0.007ms
[92.067s][info][gc,phases   ] GC(4) Concurrent Mark 16.022ms
[92.067s][info][gc,phases   ] GC(4) Pause Mark End 0.011ms
[92.067s][info][gc,phases   ] GC(4) Concurrent Mark Free 0.001ms
[92.076s][info][gc,phases   ] GC(4) Concurrent Process Non-Strong References 8.762ms
[92.076s][info][gc,phases   ] GC(4) Concurrent Reset Relocation Set 0.008ms
[92.078s][info][gc,phases   ] GC(4) Concurrent Select Relocation Set 2.183ms
[92.078s][info][gc,phases   ] GC(4) Pause Relocate Start 0.010ms
[92.080s][info][gc,phases   ] GC(4) Concurrent Relocate 1.390ms
[92.080s][info][gc,load     ] GC(4) Load: 0.00/0.00/0.00
[92.080s][info][gc,mmu      ] GC(4) MMU: 2ms/96.8%, 5ms/98.7%, 10ms/99.2%, 20ms/99.6%, 50ms/99.8%, 100ms/99.9%
[92.080s][info][gc,marking  ] GC(4) Mark: 2 stripe(s), 2 proactive flush(es), 1 terminate flush(es), 0 completion(s), 0 continuation(s) 
[92.080s][info][gc,marking  ] GC(4) Mark Stack Usage: 32M
[92.080s][info][gc,nmethod  ] GC(4) NMethods: 8114 registered, 1069 unregistered
[92.080s][info][gc,metaspace] GC(4) Metaspace: 32M used, 33M committed, 1088M reserved
[92.080s][info][gc,ref      ] GC(4) Soft: 4467 encountered, 0 discovered, 0 enqueued
[92.080s][info][gc,ref      ] GC(4) Weak: 3028 encountered, 482 discovered, 1 enqueued
[92.080s][info][gc,ref      ] GC(4) Final: 3 encountered, 0 discovered, 0 enqueued
[92.080s][info][gc,ref      ] GC(4) Phantom: 279 encountered, 156 discovered, 0 enqueued
[92.080s][info][gc,reloc    ] GC(4) Small Pages: 599 / 1198M, Empty: 982M, Relocated: 1M, In-Place: 0
[92.080s][info][gc,reloc    ] GC(4) Medium Pages: 1 / 32M, Empty: 0M, Relocated: 0M, In-Place: 0
[92.080s][info][gc,reloc    ] GC(4) Large Pages: 0 / 0M, Empty: 0M, Relocated: 0M, In-Place: 0
[92.080s][info][gc,reloc    ] GC(4) Forwarding Usage: 0M
[92.080s][info][gc,heap     ] GC(4) Min Capacity: 4096M(100%)
[92.080s][info][gc,heap     ] GC(4) Max Capacity: 4096M(100%)
[92.080s][info][gc,heap     ] GC(4) Soft Max Capacity: 4096M(100%)
[92.080s][info][gc,heap     ] GC(4)                Mark Start          Mark End        Relocate Start      Relocate End           High               Low         
[92.080s][info][gc,heap     ] GC(4)  Capacity:     4096M (100%)       4096M (100%)       4096M (100%)       4096M (100%)       4096M (100%)       4096M (100%)   
[92.080s][info][gc,heap     ] GC(4)      Free:     2866M (70%)        2858M (70%)        3836M (94%)        4030M (98%)        4030M (98%)        2854M (70%)    
[92.080s][info][gc,heap     ] GC(4)      Used:     1230M (30%)        1238M (30%)         260M (6%)           66M (2%)         1242M (30%)          66M (2%)     
[92.080s][info][gc,heap     ] GC(4)      Live:         -                18M (0%)           18M (0%)           18M (0%)             -                  -          
[92.080s][info][gc,heap     ] GC(4) Allocated:         -                 8M (0%)           12M (0%)           12M (0%)             -                  -          
[92.080s][info][gc,heap     ] GC(4)   Garbage:         -              1211M (30%)         229M (6%)           35M (1%)             -                  -          
[92.080s][info][gc,heap     ] GC(4) Reclaimed:         -                  -               982M (24%)        1176M (29%)            -                  -          
[92.080s][info][gc          ] GC(4) Garbage Collection (Warmup) 1230M(30%)->66M(2%)
[100.164s][info][gc,stats    ] === Garbage Collection Statistics =======================================================================================================================
[100.165s][info][gc,stats    ]                                                              Last 10s              Last 10m              Last 10h                Total
[100.165s][info][gc,stats    ]                                                              Avg / Max             Avg / Max             Avg / Max             Avg / Max
[100.165s][info][gc,stats    ]   Collector: Garbage Collection Cycle                     29.662 / 29.662       40.907 / 54.411       40.907 / 54.411       40.907 / 54.411      ms
[100.165s][info][gc,stats    ]  Contention: Mark Segment Reset Contention                     0 / 0                 0 / 0                 0 / 0                 0 / 0           ops/s
[100.165s][info][gc,stats    ]  Contention: Mark SeqNum Reset Contention                      0 / 0                 0 / 0                 0 / 0                 0 / 0           ops/s
[100.165s][info][gc,stats    ]    Critical: Allocation Stall                                  0 / 0                 0 / 0                 0 / 0                 0 / 0           ops/s
[100.165s][info][gc,stats    ]    Critical: Allocation Stall                              0.000 / 0.000         0.000 / 0.000         0.000 / 0.000         0.000 / 0.000       ms
[100.165s][info][gc,stats    ]    Critical: GC Locker Stall                                   0 / 0                 0 / 0                 0 / 0                 0 / 0           ops/s
[100.165s][info][gc,stats    ]    Critical: GC Locker Stall                               0.000 / 0.000         0.000 / 0.000         0.000 / 0.000         0.000 / 0.000       ms
[100.165s][info][gc,stats    ]    Critical: Relocation Stall                                  0 / 0                 0 / 0                 0 / 0                 0 / 0           ops/s
[100.165s][info][gc,stats    ]    Critical: Relocation Stall                              0.000 / 0.000         0.000 / 0.000         0.000 / 0.000         0.000 / 0.000       ms
[100.165s][info][gc,stats    ]      Memory: Allocation Rate                                  25 / 36               28 / 148              28 / 148              28 / 148         MB/s
[100.165s][info][gc,stats    ]      Memory: Out Of Memory                                     0 / 0                 0 / 0                 0 / 0                 0 / 0           ops/s
[100.165s][info][gc,stats    ]      Memory: Page Cache Flush                                  0 / 0                 0 / 0                 0 / 0                 0 / 0           MB/s
[100.165s][info][gc,stats    ]      Memory: Page Cache Hit L1                                10 / 14                8 / 78                8 / 78                8 / 78          ops/s
[100.165s][info][gc,stats    ]      Memory: Page Cache Hit L2                                 0 / 0                 0 / 0                 0 / 0                 0 / 0           ops/s
[100.165s][info][gc,stats    ]      Memory: Page Cache Hit L3                                 2 / 16                6 / 48                6 / 48                6 / 48          ops/s
[100.165s][info][gc,stats    ]      Memory: Page Cache Miss                                   0 / 0                 0 / 1                 0 / 1                 0 / 1           ops/s
[100.165s][info][gc,stats    ]      Memory: Uncommit                                          0 / 0                 0 / 0                 0 / 0                 0 / 0           MB/s
[100.165s][info][gc,stats    ]      Memory: Undo Object Allocation Failed                     0 / 0                 0 / 1                 0 / 1                 0 / 1           ops/s
[100.165s][info][gc,stats    ]      Memory: Undo Object Allocation Succeeded                  0 / 0                 0 / 22                0 / 22                0 / 22          ops/s
[100.165s][info][gc,stats    ]      Memory: Undo Page Allocation                              0 / 2                 0 / 2                 0 / 2                 0 / 2           ops/s
[100.165s][info][gc,stats    ]       Phase: Concurrent Mark                              16.022 / 16.022       26.504 / 38.897       26.504 / 38.897       26.504 / 38.897      ms
[100.165s][info][gc,stats    ]       Phase: Concurrent Mark Continue                      0.000 / 0.000         0.000 / 0.000         0.000 / 0.000         0.000 / 0.000       ms
[100.165s][info][gc,stats    ]       Phase: Concurrent Mark Free                          0.001 / 0.001         0.001 / 0.002         0.001 / 0.002         0.001 / 0.002       ms
[100.165s][info][gc,stats    ]       Phase: Concurrent Process Non-Strong References      8.762 / 8.762         8.011 / 14.882        8.011 / 14.882        8.011 / 14.882      ms
[100.165s][info][gc,stats    ]       Phase: Concurrent Relocate                           1.390 / 1.390         2.965 / 6.891         2.965 / 6.891         2.965 / 6.891       ms
[100.165s][info][gc,stats    ]       Phase: Concurrent Reset Relocation Set               0.008 / 0.008         0.008 / 0.011         0.008 / 0.011         0.008 / 0.011       ms
[100.165s][info][gc,stats    ]       Phase: Concurrent Select Relocation Set              2.183 / 2.183         2.111 / 3.477         2.111 / 3.477         2.111 / 3.477       ms
[100.165s][info][gc,stats    ]       Phase: Pause Mark End                                0.011 / 0.011         0.027 / 0.065         0.027 / 0.065         0.027 / 0.065       ms
[100.165s][info][gc,stats    ]       Phase: Pause Mark Start                              0.007 / 0.007         0.008 / 0.010         0.008 / 0.010         0.008 / 0.010       ms
[100.165s][info][gc,stats    ]       Phase: Pause Relocate Start                          0.010 / 0.010         0.011 / 0.019         0.011 / 0.019         0.011 / 0.019       ms
[100.165s][info][gc,stats    ]    Subphase: Concurrent Classes Purge                      0.288 / 0.288         0.240 / 0.309         0.240 / 0.309         0.240 / 0.309       ms
[100.165s][info][gc,stats    ]    Subphase: Concurrent Classes Unlink                     7.729 / 7.729         6.774 / 13.012        6.774 / 13.012        6.774 / 13.012      ms
[100.165s][info][gc,stats    ]    Subphase: Concurrent Mark                              13.755 / 15.025       20.332 / 33.017       20.332 / 33.017       20.332 / 33.017      ms
[100.165s][info][gc,stats    ]    Subphase: Concurrent Mark Try Flush                     0.109 / 0.205         0.103 / 0.269         0.103 / 0.269         0.103 / 0.269       ms
[100.165s][info][gc,stats    ]    Subphase: Concurrent Mark Try Terminate                 0.981 / 2.887         2.885 / 14.456        2.885 / 14.456        2.885 / 14.456      ms
[100.165s][info][gc,stats    ]    Subphase: Concurrent References Enqueue                 0.009 / 0.009         0.006 / 0.009         0.006 / 0.009         0.006 / 0.009       ms
[100.165s][info][gc,stats    ]    Subphase: Concurrent References Process                 0.090 / 0.090         0.228 / 0.513         0.228 / 0.513         0.228 / 0.513       ms
[100.165s][info][gc,stats    ]    Subphase: Concurrent Roots ClassLoaderDataGraph         0.178 / 0.334         0.161 / 0.352         0.161 / 0.352         0.161 / 0.352       ms
[100.165s][info][gc,stats    ]    Subphase: Concurrent Roots CodeCache                    0.000 / 0.000         0.000 / 0.000         0.000 / 0.000         0.000 / 0.000       ms
[100.165s][info][gc,stats    ]    Subphase: Concurrent Roots JavaThreads                  0.546 / 0.724         1.723 / 5.702         1.723 / 5.702         1.723 / 5.702       ms
[100.165s][info][gc,stats    ]    Subphase: Concurrent Roots OopStorageSet                0.026 / 0.035         0.035 / 0.085         0.035 / 0.085         0.035 / 0.085       ms
[100.165s][info][gc,stats    ]    Subphase: Concurrent Weak Roots OopStorageSet           0.454 / 0.454         0.584 / 0.939         0.584 / 0.939         0.584 / 0.939       ms
[100.165s][info][gc,stats    ]    Subphase: Pause Mark Try Complete                       0.000 / 0.000         0.000 / 0.000         0.000 / 0.000         0.000 / 0.000       ms
[100.165s][info][gc,stats    ]      System: Java Threads                                     33 / 33               32 / 34               32 / 34               32 / 34          threads
[100.165s][info][gc,stats    ] =========================================================================================================================================================
[109.558s][info][gc,start    ] GC(5) Garbage Collection (Proactive)
[109.559s][info][gc,task     ] GC(5) Using 2 workers
[109.559s][info][gc,phases   ] GC(5) Pause Mark Start 0.017ms
[109.576s][info][gc,phases   ] GC(5) Concurrent Mark 16.346ms
[109.576s][info][gc,phases   ] GC(5) Pause Mark End 0.019ms
[109.576s][info][gc,phases   ] GC(5) Concurrent Mark Free 0.002ms
[109.585s][info][gc,phases   ] GC(5) Concurrent Process Non-Strong References 8.965ms
[109.585s][info][gc,phases   ] GC(5) Concurrent Reset Relocation Set 0.005ms
[109.587s][info][gc,phases   ] GC(5) Concurrent Select Relocation Set 1.637ms
[109.587s][info][gc,phases   ] GC(5) Pause Relocate Start 0.010ms
[109.588s][info][gc,phases   ] GC(5) Concurrent Relocate 0.966ms
[109.588s][info][gc,load     ] GC(5) Load: 0.00/0.00/0.00
[109.588s][info][gc,mmu      ] GC(5) MMU: 2ms/96.8%, 5ms/98.7%, 10ms/99.2%, 20ms/99.6%, 50ms/99.8%, 100ms/99.9%
[109.588s][info][gc,marking  ] GC(5) Mark: 2 stripe(s), 2 proactive flush(es), 1 terminate flush(es), 0 completion(s), 0 continuation(s) 
[109.588s][info][gc,marking  ] GC(5) Mark Stack Usage: 32M
[109.588s][info][gc,nmethod  ] GC(5) NMethods: 8188 registered, 1069 unregistered
[109.588s][info][gc,metaspace] GC(5) Metaspace: 32M used, 33M committed, 1088M reserved
[109.588s][info][gc,ref      ] GC(5) Soft: 4467 encountered, 0 discovered, 0 enqueued
[109.588s][info][gc,ref      ] GC(5) Weak: 3028 encountered, 419 discovered, 0 enqueued
[109.588s][info][gc,ref      ] GC(5) Final: 3 encountered, 1 discovered, 0 enqueued
[109.588s][info][gc,ref      ] GC(5) Phantom: 279 encountered, 140 discovered, 0 enqueued
[109.588s][info][gc,reloc    ] GC(5) Small Pages: 224 / 448M, Empty: 318M, Relocated: 1M, In-Place: 0
[109.588s][info][gc,reloc    ] GC(5) Medium Pages: 1 / 32M, Empty: 0M, Relocated: 0M, In-Place: 0
[109.588s][info][gc,reloc    ] GC(5) Large Pages: 0 / 0M, Empty: 0M, Relocated: 0M, In-Place: 0
[109.588s][info][gc,reloc    ] GC(5) Forwarding Usage: 0M
[109.588s][info][gc,heap     ] GC(5) Min Capacity: 4096M(100%)
[109.588s][info][gc,heap     ] GC(5) Max Capacity: 4096M(100%)
[109.588s][info][gc,heap     ] GC(5) Soft Max Capacity: 4096M(100%)
[109.588s][info][gc,heap     ] GC(5)                Mark Start          Mark End        Relocate Start      Relocate End           High               Low         
[109.588s][info][gc,heap     ] GC(5)  Capacity:     4096M (100%)       4096M (100%)       4096M (100%)       4096M (100%)       4096M (100%)       4096M (100%)   
[109.588s][info][gc,heap     ] GC(5)      Free:     3616M (88%)        3604M (88%)        3922M (96%)        4030M (98%)        4030M (98%)        3604M (88%)    
[109.588s][info][gc,heap     ] GC(5)      Used:      480M (12%)         492M (12%)         174M (4%)           66M (2%)          492M (12%)          66M (2%)     
[109.588s][info][gc,heap     ] GC(5)      Live:         -                18M (0%)           18M (0%)           18M (0%)             -                  -          
[109.588s][info][gc,heap     ] GC(5) Allocated:         -                12M (0%)           12M (0%)           12M (0%)             -                  -          
[109.588s][info][gc,heap     ] GC(5)   Garbage:         -               461M (11%)         143M (4%)           35M (1%)             -                  -          
[109.588s][info][gc,heap     ] GC(5) Reclaimed:         -                  -               318M (8%)          426M (10%)            -                  -          
[109.588s][info][gc          ] GC(5) Garbage Collection (Proactive) 480M(12%)->66M(2%)
[110.164s][info][gc,stats    ] === Garbage Collection Statistics =======================================================================================================================
[110.164s][info][gc,stats    ]                                                              Last 10s              Last 10m              Last 10h                Total
[110.164s][info][gc,stats    ]                                                              Avg / Max             Avg / Max             Avg / Max             Avg / Max
[110.164s][info][gc,stats    ]   Collector: Garbage Collection Cycle                     29.754 / 29.754       39.048 / 54.411       39.048 / 54.411       39.048 / 54.411      ms
[110.164s][info][gc,stats    ]  Contention: Mark Segment Reset Contention                     0 / 0                 0 / 0                 0 / 0                 0 / 0           ops/s
[110.164s][info][gc,stats    ]  Contention: Mark SeqNum Reset Contention                      0 / 1                 0 / 1                 0 / 1                 0 / 1           ops/s
[110.164s][info][gc,stats    ]    Critical: Allocation Stall                                  0 / 0                 0 / 0                 0 / 0                 0 / 0           ops/s
[110.164s][info][gc,stats    ]    Critical: Allocation Stall                              0.000 / 0.000         0.000 / 0.000         0.000 / 0.000         0.000 / 0.000       ms
[110.164s][info][gc,stats    ]    Critical: GC Locker Stall                                   0 / 0                 0 / 0                 0 / 0                 0 / 0           ops/s
[110.164s][info][gc,stats    ]    Critical: GC Locker Stall                               0.000 / 0.000         0.000 / 0.000         0.000 / 0.000         0.000 / 0.000       ms
[110.164s][info][gc,stats    ]    Critical: Relocation Stall                                  0 / 0                 0 / 0                 0 / 0                 0 / 0           ops/s
[110.164s][info][gc,stats    ]    Critical: Relocation Stall                              0.000 / 0.000         0.000 / 0.000         0.000 / 0.000         0.000 / 0.000       ms
[110.164s][info][gc,stats    ]      Memory: Allocation Rate                                  24 / 32               28 / 148              28 / 148              28 / 148         MB/s
[110.165s][info][gc,stats    ]      Memory: Out Of Memory                                     0 / 0                 0 / 0                 0 / 0                 0 / 0           ops/s
[110.165s][info][gc,stats    ]      Memory: Page Cache Flush                                  0 / 0                 0 / 0                 0 / 0                 0 / 0           MB/s
[110.165s][info][gc,stats    ]      Memory: Page Cache Hit L1                                12 / 18                8 / 78                8 / 78                8 / 78          ops/s
[110.165s][info][gc,stats    ]      Memory: Page Cache Hit L2                                 0 / 0                 0 / 0                 0 / 0                 0 / 0           ops/s
[110.165s][info][gc,stats    ]      Memory: Page Cache Hit L3                                 0 / 0                 5 / 48                5 / 48                5 / 48          ops/s
[110.165s][info][gc,stats    ]      Memory: Page Cache Miss                                   0 / 0                 0 / 1                 0 / 1                 0 / 1           ops/s
[110.165s][info][gc,stats    ]      Memory: Uncommit                                          0 / 0                 0 / 0                 0 / 0                 0 / 0           MB/s
[110.165s][info][gc,stats    ]      Memory: Undo Object Allocation Failed                     0 / 0                 0 / 1                 0 / 1                 0 / 1           ops/s
[110.165s][info][gc,stats    ]      Memory: Undo Object Allocation Succeeded                  0 / 0                 0 / 22                0 / 22                0 / 22          ops/s
[110.165s][info][gc,stats    ]      Memory: Undo Page Allocation                              0 / 0                 0 / 2                 0 / 2                 0 / 2           ops/s
[110.165s][info][gc,stats    ]       Phase: Concurrent Mark                              16.346 / 16.346       24.811 / 38.897       24.811 / 38.897       24.811 / 38.897      ms
[110.165s][info][gc,stats    ]       Phase: Concurrent Mark Continue                      0.000 / 0.000         0.000 / 0.000         0.000 / 0.000         0.000 / 0.000       ms
[110.165s][info][gc,stats    ]       Phase: Concurrent Mark Free                          0.002 / 0.002         0.001 / 0.002         0.001 / 0.002         0.001 / 0.002       ms
[110.165s][info][gc,stats    ]       Phase: Concurrent Process Non-Strong References      8.965 / 8.965         8.170 / 14.882        8.170 / 14.882        8.170 / 14.882      ms
[110.165s][info][gc,stats    ]       Phase: Concurrent Relocate                           0.966 / 0.966         2.632 / 6.891         2.632 / 6.891         2.632 / 6.891       ms
[110.165s][info][gc,stats    ]       Phase: Concurrent Reset Relocation Set               0.005 / 0.005         0.007 / 0.011         0.007 / 0.011         0.007 / 0.011       ms
[110.165s][info][gc,stats    ]       Phase: Concurrent Select Relocation Set              1.637 / 1.637         2.032 / 3.477         2.032 / 3.477         2.032 / 3.477       ms
[110.165s][info][gc,stats    ]       Phase: Pause Mark End                                0.019 / 0.019         0.025 / 0.065         0.025 / 0.065         0.025 / 0.065       ms
[110.165s][info][gc,stats    ]       Phase: Pause Mark Start                              0.017 / 0.017         0.009 / 0.017         0.009 / 0.017         0.009 / 0.017       ms
[110.165s][info][gc,stats    ]       Phase: Pause Relocate Start                          0.010 / 0.010         0.010 / 0.019         0.010 / 0.019         0.010 / 0.019       ms
[110.165s][info][gc,stats    ]    Subphase: Concurrent Classes Purge                      0.313 / 0.313         0.252 / 0.313         0.252 / 0.313         0.252 / 0.313       ms
[110.165s][info][gc,stats    ]    Subphase: Concurrent Classes Unlink                     7.805 / 7.805         6.946 / 13.012        6.946 / 13.012        6.946 / 13.012      ms
[110.165s][info][gc,stats    ]    Subphase: Concurrent Mark                              13.774 / 15.514       19.239 / 33.017       19.239 / 33.017       19.239 / 33.017      ms
[110.165s][info][gc,stats    ]    Subphase: Concurrent Mark Try Flush                     0.137 / 0.216         0.108 / 0.269         0.108 / 0.269         0.108 / 0.269       ms
[110.165s][info][gc,stats    ]    Subphase: Concurrent Mark Try Terminate                 1.352 / 3.980         2.629 / 14.456        2.629 / 14.456        2.629 / 14.456      ms
[110.165s][info][gc,stats    ]    Subphase: Concurrent References Enqueue                 0.001 / 0.001         0.005 / 0.009         0.005 / 0.009         0.005 / 0.009       ms
[110.165s][info][gc,stats    ]    Subphase: Concurrent References Process                 0.132 / 0.132         0.212 / 0.513         0.212 / 0.513         0.212 / 0.513       ms
[110.165s][info][gc,stats    ]    Subphase: Concurrent Roots ClassLoaderDataGraph         0.190 / 0.360         0.166 / 0.360         0.166 / 0.360         0.166 / 0.360       ms
[110.165s][info][gc,stats    ]    Subphase: Concurrent Roots CodeCache                    0.000 / 0.000         0.000 / 0.000         0.000 / 0.000         0.000 / 0.000       ms
[110.165s][info][gc,stats    ]    Subphase: Concurrent Roots JavaThreads                  0.412 / 0.589         1.504 / 5.702         1.504 / 5.702         1.504 / 5.702       ms
[110.165s][info][gc,stats    ]    Subphase: Concurrent Roots OopStorageSet                0.031 / 0.041         0.034 / 0.085         0.034 / 0.085         0.034 / 0.085       ms
[110.165s][info][gc,stats    ]    Subphase: Concurrent Weak Roots OopStorageSet           0.501 / 0.505         0.570 / 0.939         0.570 / 0.939         0.570 / 0.939       ms
[110.165s][info][gc,stats    ]    Subphase: Pause Mark Try Complete                       0.000 / 0.000         0.000 / 0.000         0.000 / 0.000         0.000 / 0.000       ms
[110.165s][info][gc,stats    ]      System: Java Threads                                     33 / 33               32 / 34               32 / 34               32 / 34          threads
[110.165s][info][gc,stats    ] =========================================================================================================================================================
[120.164s][info][gc,stats    ] === Garbage Collection Statistics =======================================================================================================================
[120.164s][info][gc,stats    ]                                                              Last 10s              Last 10m              Last 10h                Total
[120.164s][info][gc,stats    ]                                                              Avg / Max             Avg / Max             Avg / Max             Avg / Max
[120.164s][info][gc,stats    ]   Collector: Garbage Collection Cycle                      0.000 / 0.000        39.048 / 54.411       39.048 / 54.411       39.048 / 54.411      ms
[120.164s][info][gc,stats    ]  Contention: Mark Segment Reset Contention                     0 / 0                 0 / 0                 0 / 0                 0 / 0           ops/s
[120.164s][info][gc,stats    ]  Contention: Mark SeqNum Reset Contention                      0 / 0                 0 / 1                 0 / 1                 0 / 1           ops/s
[120.164s][info][gc,stats    ]    Critical: Allocation Stall                                  0 / 0                 0 / 0                 0 / 0                 0 / 0           ops/s
[120.164s][info][gc,stats    ]    Critical: Allocation Stall                              0.000 / 0.000         0.000 / 0.000         0.000 / 0.000         0.000 / 0.000       ms
[120.164s][info][gc,stats    ]    Critical: GC Locker Stall                                   0 / 0                 0 / 0                 0 / 0                 0 / 0           ops/s
[120.164s][info][gc,stats    ]    Critical: GC Locker Stall                               0.000 / 0.000         0.000 / 0.000         0.000 / 0.000         0.000 / 0.000       ms
[120.164s][info][gc,stats    ]    Critical: Relocation Stall                                  0 / 0                 0 / 0                 0 / 0                 0 / 0           ops/s
[120.164s][info][gc,stats    ]    Critical: Relocation Stall                              0.000 / 0.000         0.000 / 0.000         0.000 / 0.000         0.000 / 0.000       ms
[120.164s][info][gc,stats    ]      Memory: Allocation Rate                                  24 / 26               28 / 148              28 / 148              28 / 148         MB/s
[120.164s][info][gc,stats    ]      Memory: Out Of Memory                                     0 / 0                 0 / 0                 0 / 0                 0 / 0           ops/s
[120.164s][info][gc,stats    ]      Memory: Page Cache Flush                                  0 / 0                 0 / 0                 0 / 0                 0 / 0           MB/s
[120.164s][info][gc,stats    ]      Memory: Page Cache Hit L1                                12 / 13                9 / 78                9 / 78                9 / 78          ops/s
[120.164s][info][gc,stats    ]      Memory: Page Cache Hit L2                                 0 / 0                 0 / 0                 0 / 0                 0 / 0           ops/s
[120.164s][info][gc,stats    ]      Memory: Page Cache Hit L3                                 0 / 0                 5 / 48                5 / 48                5 / 48          ops/s
[120.164s][info][gc,stats    ]      Memory: Page Cache Miss                                   0 / 0                 0 / 1                 0 / 1                 0 / 1           ops/s
[120.164s][info][gc,stats    ]      Memory: Uncommit                                          0 / 0                 0 / 0                 0 / 0                 0 / 0           MB/s
[120.164s][info][gc,stats    ]      Memory: Undo Object Allocation Failed                     0 / 0                 0 / 1                 0 / 1                 0 / 1           ops/s
[120.164s][info][gc,stats    ]      Memory: Undo Object Allocation Succeeded                  0 / 0                 0 / 22                0 / 22                0 / 22          ops/s
[120.164s][info][gc,stats    ]      Memory: Undo Page Allocation                              0 / 0                 0 / 2                 0 / 2                 0 / 2           ops/s
[120.164s][info][gc,stats    ]       Phase: Concurrent Mark                               0.000 / 0.000        24.811 / 38.897       24.811 / 38.897       24.811 / 38.897      ms
[120.164s][info][gc,stats    ]       Phase: Concurrent Mark Continue                      0.000 / 0.000         0.000 / 0.000         0.000 / 0.000         0.000 / 0.000       ms
[120.164s][info][gc,stats    ]       Phase: Concurrent Mark Free                          0.000 / 0.000         0.001 / 0.002         0.001 / 0.002         0.001 / 0.002       ms
[120.164s][info][gc,stats    ]       Phase: Concurrent Process Non-Strong References      0.000 / 0.000         8.170 / 14.882        8.170 / 14.882        8.170 / 14.882      ms
[120.164s][info][gc,stats    ]       Phase: Concurrent Relocate                           0.000 / 0.000         2.632 / 6.891         2.632 / 6.891         2.632 / 6.891       ms
[120.164s][info][gc,stats    ]       Phase: Concurrent Reset Relocation Set               0.000 / 0.000         0.007 / 0.011         0.007 / 0.011         0.007 / 0.011       ms
[120.164s][info][gc,stats    ]       Phase: Concurrent Select Relocation Set              0.000 / 0.000         2.032 / 3.477         2.032 / 3.477         2.032 / 3.477       ms
[120.164s][info][gc,stats    ]       Phase: Pause Mark End                                0.000 / 0.000         0.025 / 0.065         0.025 / 0.065         0.025 / 0.065       ms
[120.164s][info][gc,stats    ]       Phase: Pause Mark Start                              0.000 / 0.000         0.009 / 0.017         0.009 / 0.017         0.009 / 0.017       ms
[120.165s][info][gc,stats    ]       Phase: Pause Relocate Start                          0.000 / 0.000         0.010 / 0.019         0.010 / 0.019         0.010 / 0.019       ms
[120.165s][info][gc,stats    ]    Subphase: Concurrent Classes Purge                      0.000 / 0.000         0.252 / 0.313         0.252 / 0.313         0.252 / 0.313       ms
[120.165s][info][gc,stats    ]    Subphase: Concurrent Classes Unlink                     0.000 / 0.000         6.946 / 13.012        6.946 / 13.012        6.946 / 13.012      ms
[120.165s][info][gc,stats    ]    Subphase: Concurrent Mark                               0.000 / 0.000        19.239 / 33.017       19.239 / 33.017       19.239 / 33.017      ms
[120.165s][info][gc,stats    ]    Subphase: Concurrent Mark Try Flush                     0.000 / 0.000         0.108 / 0.269         0.108 / 0.269         0.108 / 0.269       ms
[120.165s][info][gc,stats    ]    Subphase: Concurrent Mark Try Terminate                 0.000 / 0.000         2.629 / 14.456        2.629 / 14.456        2.629 / 14.456      ms
[120.165s][info][gc,stats    ]    Subphase: Concurrent References Enqueue                 0.000 / 0.000         0.005 / 0.009         0.005 / 0.009         0.005 / 0.009       ms
[120.165s][info][gc,stats    ]    Subphase: Concurrent References Process                 0.000 / 0.000         0.212 / 0.513         0.212 / 0.513         0.212 / 0.513       ms
[120.165s][info][gc,stats    ]    Subphase: Concurrent Roots ClassLoaderDataGraph         0.000 / 0.000         0.166 / 0.360         0.166 / 0.360         0.166 / 0.360       ms
[120.165s][info][gc,stats    ]    Subphase: Concurrent Roots CodeCache                    0.000 / 0.000         0.000 / 0.000         0.000 / 0.000         0.000 / 0.000       ms
[120.165s][info][gc,stats    ]    Subphase: Concurrent Roots JavaThreads                  0.000 / 0.000         1.504 / 5.702         1.504 / 5.702         1.504 / 5.702       ms
[120.165s][info][gc,stats    ]    Subphase: Concurrent Roots OopStorageSet                0.000 / 0.000         0.034 / 0.085         0.034 / 0.085         0.034 / 0.085       ms
[120.165s][info][gc,stats    ]    Subphase: Concurrent Weak Roots OopStorageSet           0.000 / 0.000         0.570 / 0.939         0.570 / 0.939         0.570 / 0.939       ms
[120.165s][info][gc,stats    ]    Subphase: Pause Mark Try Complete                       0.000 / 0.000         0.000 / 0.000         0.000 / 0.000         0.000 / 0.000       ms
[120.165s][info][gc,stats    ]      System: Java Threads                                      0 / 0                32 / 34               32 / 34               32 / 34          threads
[120.165s][info][gc,stats    ] =========================================================================================================================================================
[126.756s][info][gc,start    ] GC(6) Garbage Collection (Proactive)
[126.756s][info][gc,task     ] GC(6) Using 2 workers
[126.756s][info][gc,phases   ] GC(6) Pause Mark Start 0.016ms
[126.772s][info][gc,phases   ] GC(6) Concurrent Mark 14.801ms
[126.772s][info][gc,phases   ] GC(6) Pause Mark End 0.019ms
[126.772s][info][gc,phases   ] GC(6) Concurrent Mark Free 0.001ms
[126.781s][info][gc,phases   ] GC(6) Concurrent Process Non-Strong References 8.977ms
[126.781s][info][gc,phases   ] GC(6) Concurrent Reset Relocation Set 0.006ms
[126.782s][info][gc,phases   ] GC(6) Concurrent Select Relocation Set 1.349ms
[126.783s][info][gc,phases   ] GC(6) Pause Relocate Start 0.010ms
[126.784s][info][gc,phases   ] GC(6) Concurrent Relocate 1.021ms
[126.784s][info][gc,load     ] GC(6) Load: 0.00/0.00/0.00
[126.784s][info][gc,mmu      ] GC(6) MMU: 2ms/96.8%, 5ms/98.7%, 10ms/99.2%, 20ms/99.6%, 50ms/99.8%, 100ms/99.9%
[126.784s][info][gc,marking  ] GC(6) Mark: 2 stripe(s), 2 proactive flush(es), 1 terminate flush(es), 0 completion(s), 0 continuation(s) 
[126.784s][info][gc,marking  ] GC(6) Mark Stack Usage: 32M
[126.784s][info][gc,nmethod  ] GC(6) NMethods: 8247 registered, 1069 unregistered
[126.784s][info][gc,metaspace] GC(6) Metaspace: 32M used, 33M committed, 1088M reserved
[126.784s][info][gc,ref      ] GC(6) Soft: 4467 encountered, 0 discovered, 0 enqueued
[126.784s][info][gc,ref      ] GC(6) Weak: 3028 encountered, 398 discovered, 0 enqueued
[126.784s][info][gc,ref      ] GC(6) Final: 3 encountered, 3 discovered, 0 enqueued
[126.784s][info][gc,ref      ] GC(6) Phantom: 279 encountered, 168 discovered, 0 enqueued
[126.784s][info][gc,reloc    ] GC(6) Small Pages: 222 / 444M, Empty: 324M, Relocated: 1M, In-Place: 0
[126.784s][info][gc,reloc    ] GC(6) Medium Pages: 1 / 32M, Empty: 0M, Relocated: 0M, In-Place: 0
[126.784s][info][gc,reloc    ] GC(6) Large Pages: 0 / 0M, Empty: 0M, Relocated: 0M, In-Place: 0
[126.784s][info][gc,reloc    ] GC(6) Forwarding Usage: 0M
[126.784s][info][gc,heap     ] GC(6) Min Capacity: 4096M(100%)
[126.784s][info][gc,heap     ] GC(6) Max Capacity: 4096M(100%)
[126.784s][info][gc,heap     ] GC(6) Soft Max Capacity: 4096M(100%)
[126.784s][info][gc,heap     ] GC(6)                Mark Start          Mark End        Relocate Start      Relocate End           High               Low         
[126.784s][info][gc,heap     ] GC(6)  Capacity:     4096M (100%)       4096M (100%)       4096M (100%)       4096M (100%)       4096M (100%)       4096M (100%)   
[126.784s][info][gc,heap     ] GC(6)      Free:     3620M (88%)        3608M (88%)        3932M (96%)        4030M (98%)        4030M (98%)        3608M (88%)    
[126.784s][info][gc,heap     ] GC(6)      Used:      476M (12%)         488M (12%)         164M (4%)           66M (2%)          488M (12%)          66M (2%)     
[126.784s][info][gc,heap     ] GC(6)      Live:         -                18M (0%)           18M (0%)           18M (0%)             -                  -          
[126.784s][info][gc,heap     ] GC(6) Allocated:         -                12M (0%)           12M (0%)           12M (0%)             -                  -          
[126.784s][info][gc,heap     ] GC(6)   Garbage:         -               457M (11%)         133M (3%)           35M (1%)             -                  -          
[126.784s][info][gc,heap     ] GC(6) Reclaimed:         -                  -               324M (8%)          422M (10%)            -                  -          
[126.784s][info][gc          ] GC(6) Garbage Collection (Proactive) 476M(12%)->66M(2%)
[130.155s][info][gc,stats    ] === Garbage Collection Statistics =======================================================================================================================
[130.156s][info][gc,stats    ]                                                              Last 10s              Last 10m              Last 10h                Total
[130.156s][info][gc,stats    ]                                                              Avg / Max             Avg / Max             Avg / Max             Avg / Max
[130.156s][info][gc,stats    ]   Collector: Garbage Collection Cycle                     27.901 / 27.901       37.455 / 54.411       37.455 / 54.411       37.455 / 54.411      ms
[130.156s][info][gc,stats    ]  Contention: Mark Segment Reset Contention                     0 / 0                 0 / 0                 0 / 0                 0 / 0           ops/s
[130.156s][info][gc,stats    ]  Contention: Mark SeqNum Reset Contention                      0 / 0                 0 / 1                 0 / 1                 0 / 1           ops/s
[130.156s][info][gc,stats    ]    Critical: Allocation Stall                                  0 / 0                 0 / 0                 0 / 0                 0 / 0           ops/s
[130.156s][info][gc,stats    ]    Critical: Allocation Stall                              0.000 / 0.000         0.000 / 0.000         0.000 / 0.000         0.000 / 0.000       ms
[130.156s][info][gc,stats    ]    Critical: GC Locker Stall                                   0 / 0                 0 / 0                 0 / 0                 0 / 0           ops/s
[130.156s][info][gc,stats    ]    Critical: GC Locker Stall                               0.000 / 0.000         0.000 / 0.000         0.000 / 0.000         0.000 / 0.000       ms
[130.156s][info][gc,stats    ]    Critical: Relocation Stall                                  0 / 0                 0 / 0                 0 / 0                 0 / 0           ops/s
[130.156s][info][gc,stats    ]    Critical: Relocation Stall                              0.000 / 0.000         0.000 / 0.000         0.000 / 0.000         0.000 / 0.000       ms
[130.156s][info][gc,stats    ]      Memory: Allocation Rate                                  25 / 32               27 / 148              27 / 148              27 / 148         MB/s
[130.156s][info][gc,stats    ]      Memory: Out Of Memory                                     0 / 0                 0 / 0                 0 / 0                 0 / 0           ops/s
[130.156s][info][gc,stats    ]      Memory: Page Cache Flush                                  0 / 0                 0 / 0                 0 / 0                 0 / 0           MB/s
[130.156s][info][gc,stats    ]      Memory: Page Cache Hit L1                                12 / 18                9 / 78                9 / 78                9 / 78          ops/s
[130.156s][info][gc,stats    ]      Memory: Page Cache Hit L2                                 0 / 0                 0 / 0                 0 / 0                 0 / 0           ops/s
[130.156s][info][gc,stats    ]      Memory: Page Cache Hit L3                                 0 / 0                 4 / 48                4 / 48                4 / 48          ops/s
[130.156s][info][gc,stats    ]      Memory: Page Cache Miss                                   0 / 0                 0 / 1                 0 / 1                 0 / 1           ops/s
[130.156s][info][gc,stats    ]      Memory: Uncommit                                          0 / 0                 0 / 0                 0 / 0                 0 / 0           MB/s
[130.156s][info][gc,stats    ]      Memory: Undo Object Allocation Failed                     0 / 0                 0 / 1                 0 / 1                 0 / 1           ops/s
[130.156s][info][gc,stats    ]      Memory: Undo Object Allocation Succeeded                  0 / 0                 0 / 22                0 / 22                0 / 22          ops/s
[130.156s][info][gc,stats    ]      Memory: Undo Page Allocation                              0 / 1                 0 / 2                 0 / 2                 0 / 2           ops/s
[130.156s][info][gc,stats    ]       Phase: Concurrent Mark                              14.801 / 14.801       23.381 / 38.897       23.381 / 38.897       23.381 / 38.897      ms
[130.156s][info][gc,stats    ]       Phase: Concurrent Mark Continue                      0.000 / 0.000         0.000 / 0.000         0.000 / 0.000         0.000 / 0.000       ms
[130.156s][info][gc,stats    ]       Phase: Concurrent Mark Free                          0.001 / 0.001         0.001 / 0.002         0.001 / 0.002         0.001 / 0.002       ms
[130.156s][info][gc,stats    ]       Phase: Concurrent Process Non-Strong References      8.977 / 8.977         8.285 / 14.882        8.285 / 14.882        8.285 / 14.882      ms
[130.156s][info][gc,stats    ]       Phase: Concurrent Relocate                           1.021 / 1.021         2.402 / 6.891         2.402 / 6.891         2.402 / 6.891       ms
[130.156s][info][gc,stats    ]       Phase: Concurrent Reset Relocation Set               0.006 / 0.006         0.007 / 0.011         0.007 / 0.011         0.007 / 0.011       ms
[130.156s][info][gc,stats    ]       Phase: Concurrent Select Relocation Set              1.349 / 1.349         1.934 / 3.477         1.934 / 3.477         1.934 / 3.477       ms
[130.156s][info][gc,stats    ]       Phase: Pause Mark End                                0.019 / 0.019         0.025 / 0.065         0.025 / 0.065         0.025 / 0.065       ms
[130.156s][info][gc,stats    ]       Phase: Pause Mark Start                              0.016 / 0.016         0.010 / 0.017         0.010 / 0.017         0.010 / 0.017       ms
[130.156s][info][gc,stats    ]       Phase: Pause Relocate Start                          0.010 / 0.010         0.010 / 0.019         0.010 / 0.019         0.010 / 0.019       ms
[130.156s][info][gc,stats    ]    Subphase: Concurrent Classes Purge                      0.285 / 0.285         0.257 / 0.313         0.257 / 0.313         0.257 / 0.313       ms
[130.156s][info][gc,stats    ]    Subphase: Concurrent Classes Unlink                     7.982 / 7.982         7.094 / 13.012        7.094 / 13.012        7.094 / 13.012      ms
[130.156s][info][gc,stats    ]    Subphase: Concurrent Mark                              13.269 / 13.922       18.386 / 33.017       18.386 / 33.017       18.386 / 33.017      ms
[130.156s][info][gc,stats    ]    Subphase: Concurrent Mark Try Flush                     0.110 / 0.157         0.108 / 0.269         0.108 / 0.269         0.108 / 0.269       ms
[130.156s][info][gc,stats    ]    Subphase: Concurrent Mark Try Terminate                 0.884 / 2.591         2.380 / 14.456        2.380 / 14.456        2.380 / 14.456      ms
[130.156s][info][gc,stats    ]    Subphase: Concurrent References Enqueue                 0.001 / 0.001         0.005 / 0.009         0.005 / 0.009         0.005 / 0.009       ms
[130.156s][info][gc,stats    ]    Subphase: Concurrent References Process                 0.104 / 0.104         0.196 / 0.513         0.196 / 0.513         0.196 / 0.513       ms
[130.156s][info][gc,stats    ]    Subphase: Concurrent Roots ClassLoaderDataGraph         0.235 / 0.434         0.176 / 0.434         0.176 / 0.434         0.176 / 0.434       ms
[130.156s][info][gc,stats    ]    Subphase: Concurrent Roots CodeCache                    0.000 / 0.000         0.000 / 0.000         0.000 / 0.000         0.000 / 0.000       ms
[130.156s][info][gc,stats    ]    Subphase: Concurrent Roots JavaThreads                  0.396 / 0.583         1.346 / 5.702         1.346 / 5.702         1.346 / 5.702       ms
[130.156s][info][gc,stats    ]    Subphase: Concurrent Roots OopStorageSet                0.026 / 0.037         0.033 / 0.085         0.033 / 0.085         0.033 / 0.085       ms
[130.156s][info][gc,stats    ]    Subphase: Concurrent Weak Roots OopStorageSet           0.399 / 0.401         0.546 / 0.939         0.546 / 0.939         0.546 / 0.939       ms
[130.156s][info][gc,stats    ]    Subphase: Pause Mark Try Complete                       0.000 / 0.000         0.000 / 0.000         0.000 / 0.000         0.000 / 0.000       ms
[130.156s][info][gc,stats    ]      System: Java Threads                                     33 / 33               32 / 34               32 / 34               32 / 34          threads
[130.156s][info][gc,stats    ] =========================================================================================================================================================
[140.158s][info][gc,stats    ] === Garbage Collection Statistics =======================================================================================================================
[140.158s][info][gc,stats    ]                                                              Last 10s              Last 10m              Last 10h                Total
[140.158s][info][gc,stats    ]                                                              Avg / Max             Avg / Max             Avg / Max             Avg / Max
[140.158s][info][gc,stats    ]   Collector: Garbage Collection Cycle                      0.000 / 0.000        37.455 / 54.411       37.455 / 54.411       37.455 / 54.411      ms
[140.158s][info][gc,stats    ]  Contention: Mark Segment Reset Contention                     0 / 0                 0 / 0                 0 / 0                 0 / 0           ops/s
[140.158s][info][gc,stats    ]  Contention: Mark SeqNum Reset Contention                      0 / 0                 0 / 1                 0 / 1                 0 / 1           ops/s
[140.158s][info][gc,stats    ]    Critical: Allocation Stall                                  0 / 0                 0 / 0                 0 / 0                 0 / 0           ops/s
[140.158s][info][gc,stats    ]    Critical: Allocation Stall                              0.000 / 0.000         0.000 / 0.000         0.000 / 0.000         0.000 / 0.000       ms
[140.158s][info][gc,stats    ]    Critical: GC Locker Stall                                   0 / 0                 0 / 0                 0 / 0                 0 / 0           ops/s
[140.158s][info][gc,stats    ]    Critical: GC Locker Stall                               0.000 / 0.000         0.000 / 0.000         0.000 / 0.000         0.000 / 0.000       ms
[140.158s][info][gc,stats    ]    Critical: Relocation Stall                                  0 / 0                 0 / 0                 0 / 0                 0 / 0           ops/s
[140.158s][info][gc,stats    ]    Critical: Relocation Stall                              0.000 / 0.000         0.000 / 0.000         0.000 / 0.000         0.000 / 0.000       ms
[140.158s][info][gc,stats    ]      Memory: Allocation Rate                                  24 / 28               27 / 148              27 / 148              27 / 148         MB/s
[140.158s][info][gc,stats    ]      Memory: Out Of Memory                                     0 / 0                 0 / 0                 0 / 0                 0 / 0           ops/s
[140.158s][info][gc,stats    ]      Memory: Page Cache Flush                                  0 / 0                 0 / 0                 0 / 0                 0 / 0           MB/s
[140.158s][info][gc,stats    ]      Memory: Page Cache Hit L1                                12 / 14                9 / 78                9 / 78                9 / 78          ops/s
[140.158s][info][gc,stats    ]      Memory: Page Cache Hit L2                                 0 / 0                 0 / 0                 0 / 0                 0 / 0           ops/s
[140.158s][info][gc,stats    ]      Memory: Page Cache Hit L3                                 0 / 0                 4 / 48                4 / 48                4 / 48          ops/s
[140.158s][info][gc,stats    ]      Memory: Page Cache Miss                                   0 / 0                 0 / 1                 0 / 1                 0 / 1           ops/s
[140.158s][info][gc,stats    ]      Memory: Uncommit                                          0 / 0                 0 / 0                 0 / 0                 0 / 0           MB/s
[140.158s][info][gc,stats    ]      Memory: Undo Object Allocation Failed                     0 / 0                 0 / 1                 0 / 1                 0 / 1           ops/s
[140.158s][info][gc,stats    ]      Memory: Undo Object Allocation Succeeded                  0 / 0                 0 / 22                0 / 22                0 / 22          ops/s
[140.158s][info][gc,stats    ]      Memory: Undo Page Allocation                              0 / 0                 0 / 2                 0 / 2                 0 / 2           ops/s
[140.158s][info][gc,stats    ]       Phase: Concurrent Mark                               0.000 / 0.000        23.381 / 38.897       23.381 / 38.897       23.381 / 38.897      ms
[140.158s][info][gc,stats    ]       Phase: Concurrent Mark Continue                      0.000 / 0.000         0.000 / 0.000         0.000 / 0.000         0.000 / 0.000       ms
[140.158s][info][gc,stats    ]       Phase: Concurrent Mark Free                          0.000 / 0.000         0.001 / 0.002         0.001 / 0.002         0.001 / 0.002       ms
[140.158s][info][gc,stats    ]       Phase: Concurrent Process Non-Strong References      0.000 / 0.000         8.285 / 14.882        8.285 / 14.882        8.285 / 14.882      ms
[140.158s][info][gc,stats    ]       Phase: Concurrent Relocate                           0.000 / 0.000         2.402 / 6.891         2.402 / 6.891         2.402 / 6.891       ms
[140.158s][info][gc,stats    ]       Phase: Concurrent Reset Relocation Set               0.000 / 0.000         0.007 / 0.011         0.007 / 0.011         0.007 / 0.011       ms
[140.158s][info][gc,stats    ]       Phase: Concurrent Select Relocation Set              0.000 / 0.000         1.934 / 3.477         1.934 / 3.477         1.934 / 3.477       ms
[140.158s][info][gc,stats    ]       Phase: Pause Mark End                                0.000 / 0.000         0.025 / 0.065         0.025 / 0.065         0.025 / 0.065       ms
[140.158s][info][gc,stats    ]       Phase: Pause Mark Start                              0.000 / 0.000         0.010 / 0.017         0.010 / 0.017         0.010 / 0.017       ms
[140.158s][info][gc,stats    ]       Phase: Pause Relocate Start                          0.000 / 0.000         0.010 / 0.019         0.010 / 0.019         0.010 / 0.019       ms
[140.158s][info][gc,stats    ]    Subphase: Concurrent Classes Purge                      0.000 / 0.000         0.257 / 0.313         0.257 / 0.313         0.257 / 0.313       ms
[140.158s][info][gc,stats    ]    Subphase: Concurrent Classes Unlink                     0.000 / 0.000         7.094 / 13.012        7.094 / 13.012        7.094 / 13.012      ms
[140.158s][info][gc,stats    ]    Subphase: Concurrent Mark                               0.000 / 0.000        18.386 / 33.017       18.386 / 33.017       18.386 / 33.017      ms
[140.158s][info][gc,stats    ]    Subphase: Concurrent Mark Try Flush                     0.000 / 0.000         0.108 / 0.269         0.108 / 0.269         0.108 / 0.269       ms
[140.158s][info][gc,stats    ]    Subphase: Concurrent Mark Try Terminate                 0.000 / 0.000         2.380 / 14.456        2.380 / 14.456        2.380 / 14.456      ms
[140.158s][info][gc,stats    ]    Subphase: Concurrent References Enqueue                 0.000 / 0.000         0.005 / 0.009         0.005 / 0.009         0.005 / 0.009       ms
[140.158s][info][gc,stats    ]    Subphase: Concurrent References Process                 0.000 / 0.000         0.196 / 0.513         0.196 / 0.513         0.196 / 0.513       ms
[140.158s][info][gc,stats    ]    Subphase: Concurrent Roots ClassLoaderDataGraph         0.000 / 0.000         0.176 / 0.434         0.176 / 0.434         0.176 / 0.434       ms
[140.158s][info][gc,stats    ]    Subphase: Concurrent Roots CodeCache                    0.000 / 0.000         0.000 / 0.000         0.000 / 0.000         0.000 / 0.000       ms
[140.158s][info][gc,stats    ]    Subphase: Concurrent Roots JavaThreads                  0.000 / 0.000         1.346 / 5.702         1.346 / 5.702         1.346 / 5.702       ms
[140.158s][info][gc,stats    ]    Subphase: Concurrent Roots OopStorageSet                0.000 / 0.000         0.033 / 0.085         0.033 / 0.085         0.033 / 0.085       ms
[140.158s][info][gc,stats    ]    Subphase: Concurrent Weak Roots OopStorageSet           0.000 / 0.000         0.546 / 0.939         0.546 / 0.939         0.546 / 0.939       ms
[140.158s][info][gc,stats    ]    Subphase: Pause Mark Try Complete                       0.000 / 0.000         0.000 / 0.000         0.000 / 0.000         0.000 / 0.000       ms
[140.158s][info][gc,stats    ]      System: Java Threads                                      0 / 0                32 / 34               32 / 34               32 / 34          threads
[140.158s][info][gc,stats    ] =========================================================================================================================================================
[144.156s][info][gc,start    ] GC(7) Garbage Collection (Proactive)
[144.156s][info][gc,task     ] GC(7) Using 2 workers
[144.156s][info][gc,phases   ] GC(7) Pause Mark Start 0.011ms
[144.173s][info][gc,phases   ] GC(7) Concurrent Mark 16.983ms
[144.174s][info][gc,phases   ] GC(7) Pause Mark End 0.020ms
[144.174s][info][gc,phases   ] GC(7) Concurrent Mark Free 0.001ms
[144.183s][info][gc,phases   ] GC(7) Concurrent Process Non-Strong References 8.866ms
[144.183s][info][gc,phases   ] GC(7) Concurrent Reset Relocation Set 0.003ms
[144.184s][info][gc,phases   ] GC(7) Concurrent Select Relocation Set 1.392ms
[144.184s][info][gc,phases   ] GC(7) Pause Relocate Start 0.010ms
[144.185s][info][gc,phases   ] GC(7) Concurrent Relocate 0.668ms
[144.185s][info][gc,load     ] GC(7) Load: 0.00/0.00/0.00
[144.185s][info][gc,mmu      ] GC(7) MMU: 2ms/96.8%, 5ms/98.7%, 10ms/99.2%, 20ms/99.6%, 50ms/99.8%, 100ms/99.9%
[144.185s][info][gc,marking  ] GC(7) Mark: 2 stripe(s), 2 proactive flush(es), 1 terminate flush(es), 0 completion(s), 0 continuation(s) 
[144.185s][info][gc,marking  ] GC(7) Mark Stack Usage: 32M
[144.185s][info][gc,nmethod  ] GC(7) NMethods: 8113 registered, 1248 unregistered
[144.185s][info][gc,metaspace] GC(7) Metaspace: 32M used, 33M committed, 1088M reserved
[144.185s][info][gc,ref      ] GC(7) Soft: 4467 encountered, 0 discovered, 0 enqueued
[144.185s][info][gc,ref      ] GC(7) Weak: 3028 encountered, 514 discovered, 0 enqueued
[144.185s][info][gc,ref      ] GC(7) Final: 3 encountered, 1 discovered, 0 enqueued
[144.185s][info][gc,ref      ] GC(7) Phantom: 279 encountered, 189 discovered, 0 enqueued
[144.185s][info][gc,reloc    ] GC(7) Small Pages: 222 / 444M, Empty: 324M, Relocated: 1M, In-Place: 0
[144.185s][info][gc,reloc    ] GC(7) Medium Pages: 1 / 32M, Empty: 0M, Relocated: 0M, In-Place: 0
[144.185s][info][gc,reloc    ] GC(7) Large Pages: 0 / 0M, Empty: 0M, Relocated: 0M, In-Place: 0
[144.185s][info][gc,reloc    ] GC(7) Forwarding Usage: 0M
[144.185s][info][gc,heap     ] GC(7) Min Capacity: 4096M(100%)
[144.185s][info][gc,heap     ] GC(7) Max Capacity: 4096M(100%)
[144.185s][info][gc,heap     ] GC(7) Soft Max Capacity: 4096M(100%)
[144.185s][info][gc,heap     ] GC(7)                Mark Start          Mark End        Relocate Start      Relocate End           High               Low         
[144.185s][info][gc,heap     ] GC(7)  Capacity:     4096M (100%)       4096M (100%)       4096M (100%)       4096M (100%)       4096M (100%)       4096M (100%)   
[144.185s][info][gc,heap     ] GC(7)      Free:     3620M (88%)        3610M (88%)        3932M (96%)        4030M (98%)        4030M (98%)        3608M (88%)    
[144.185s][info][gc,heap     ] GC(7)      Used:      476M (12%)         486M (12%)         164M (4%)           66M (2%)          488M (12%)          66M (2%)     
[144.185s][info][gc,heap     ] GC(7)      Live:         -                18M (0%)           18M (0%)           18M (0%)             -                  -          
[144.185s][info][gc,heap     ] GC(7) Allocated:         -                10M (0%)           12M (0%)           12M (0%)             -                  -          
[144.185s][info][gc,heap     ] GC(7)   Garbage:         -               457M (11%)         133M (3%)           35M (1%)             -                  -          
[144.185s][info][gc,heap     ] GC(7) Reclaimed:         -                  -               324M (8%)          422M (10%)            -                  -          
[144.185s][info][gc          ] GC(7) Garbage Collection (Proactive) 476M(12%)->66M(2%)
[150.159s][info][gc,stats    ] === Garbage Collection Statistics =======================================================================================================================
[150.159s][info][gc,stats    ]                                                              Last 10s              Last 10m              Last 10h                Total
[150.159s][info][gc,stats    ]                                                              Avg / Max             Avg / Max             Avg / Max             Avg / Max
[150.159s][info][gc,stats    ]   Collector: Garbage Collection Cycle                     29.090 / 29.090       36.410 / 54.411       36.410 / 54.411       36.410 / 54.411      ms
[150.159s][info][gc,stats    ]  Contention: Mark Segment Reset Contention                     0 / 0                 0 / 0                 0 / 0                 0 / 0           ops/s
[150.159s][info][gc,stats    ]  Contention: Mark SeqNum Reset Contention                      0 / 1                 0 / 1                 0 / 1                 0 / 1           ops/s
[150.159s][info][gc,stats    ]    Critical: Allocation Stall                                  0 / 0                 0 / 0                 0 / 0                 0 / 0           ops/s
[150.159s][info][gc,stats    ]    Critical: Allocation Stall                              0.000 / 0.000         0.000 / 0.000         0.000 / 0.000         0.000 / 0.000       ms
[150.159s][info][gc,stats    ]    Critical: GC Locker Stall                                   0 / 0                 0 / 0                 0 / 0                 0 / 0           ops/s
[150.159s][info][gc,stats    ]    Critical: GC Locker Stall                               0.000 / 0.000         0.000 / 0.000         0.000 / 0.000         0.000 / 0.000       ms
[150.159s][info][gc,stats    ]    Critical: Relocation Stall                                  0 / 0                 0 / 0                 0 / 0                 0 / 0           ops/s
[150.159s][info][gc,stats    ]    Critical: Relocation Stall                              0.000 / 0.000         0.000 / 0.000         0.000 / 0.000         0.000 / 0.000       ms
[150.159s][info][gc,stats    ]      Memory: Allocation Rate                                  24 / 32               27 / 148              27 / 148              27 / 148         MB/s
[150.159s][info][gc,stats    ]      Memory: Out Of Memory                                     0 / 0                 0 / 0                 0 / 0                 0 / 0           ops/s
[150.159s][info][gc,stats    ]      Memory: Page Cache Flush                                  0 / 0                 0 / 0                 0 / 0                 0 / 0           MB/s
[150.159s][info][gc,stats    ]      Memory: Page Cache Hit L1                                12 / 18                9 / 78                9 / 78                9 / 78          ops/s
[150.159s][info][gc,stats    ]      Memory: Page Cache Hit L2                                 0 / 0                 0 / 0                 0 / 0                 0 / 0           ops/s
[150.159s][info][gc,stats    ]      Memory: Page Cache Hit L3                                 0 / 0                 4 / 48                4 / 48                4 / 48          ops/s
[150.159s][info][gc,stats    ]      Memory: Page Cache Miss                                   0 / 0                 0 / 1                 0 / 1                 0 / 1           ops/s
[150.159s][info][gc,stats    ]      Memory: Uncommit                                          0 / 0                 0 / 0                 0 / 0                 0 / 0           MB/s
[150.159s][info][gc,stats    ]      Memory: Undo Object Allocation Failed                     0 / 0                 0 / 1                 0 / 1                 0 / 1           ops/s
[150.159s][info][gc,stats    ]      Memory: Undo Object Allocation Succeeded                  0 / 0                 0 / 22                0 / 22                0 / 22          ops/s
[150.159s][info][gc,stats    ]      Memory: Undo Page Allocation                              0 / 0                 0 / 2                 0 / 2                 0 / 2           ops/s
[150.159s][info][gc,stats    ]       Phase: Concurrent Mark                              16.983 / 16.983       22.581 / 38.897       22.581 / 38.897       22.581 / 38.897      ms
[150.159s][info][gc,stats    ]       Phase: Concurrent Mark Continue                      0.000 / 0.000         0.000 / 0.000         0.000 / 0.000         0.000 / 0.000       ms
[150.159s][info][gc,stats    ]       Phase: Concurrent Mark Free                          0.001 / 0.001         0.001 / 0.002         0.001 / 0.002         0.001 / 0.002       ms
[150.159s][info][gc,stats    ]       Phase: Concurrent Process Non-Strong References      8.866 / 8.866         8.358 / 14.882        8.358 / 14.882        8.358 / 14.882      ms
[150.159s][info][gc,stats    ]       Phase: Concurrent Relocate                           0.668 / 0.668         2.185 / 6.891         2.185 / 6.891         2.185 / 6.891       ms
[150.159s][info][gc,stats    ]       Phase: Concurrent Reset Relocation Set               0.003 / 0.003         0.006 / 0.011         0.006 / 0.011         0.006 / 0.011       ms
[150.159s][info][gc,stats    ]       Phase: Concurrent Select Relocation Set              1.392 / 1.392         1.866 / 3.477         1.866 / 3.477         1.866 / 3.477       ms
[150.160s][info][gc,stats    ]       Phase: Pause Mark End                                0.020 / 0.020         0.024 / 0.065         0.024 / 0.065         0.024 / 0.065       ms
[150.160s][info][gc,stats    ]       Phase: Pause Mark Start                              0.011 / 0.011         0.010 / 0.017         0.010 / 0.017         0.010 / 0.017       ms
[150.160s][info][gc,stats    ]       Phase: Pause Relocate Start                          0.010 / 0.010         0.010 / 0.019         0.010 / 0.019         0.010 / 0.019       ms
[150.160s][info][gc,stats    ]    Subphase: Concurrent Classes Purge                      0.324 / 0.324         0.265 / 0.324         0.265 / 0.324         0.265 / 0.324       ms
[150.160s][info][gc,stats    ]    Subphase: Concurrent Classes Unlink                     7.439 / 7.439         7.137 / 13.012        7.137 / 13.012        7.137 / 13.012      ms
[150.160s][info][gc,stats    ]    Subphase: Concurrent Mark                              14.704 / 15.761       17.926 / 33.017       17.926 / 33.017       17.926 / 33.017      ms
[150.160s][info][gc,stats    ]    Subphase: Concurrent Mark Try Flush                     0.117 / 0.192         0.109 / 0.269         0.109 / 0.269         0.109 / 0.269       ms
[150.160s][info][gc,stats    ]    Subphase: Concurrent Mark Try Terminate                 0.906 / 2.668         2.196 / 14.456        2.196 / 14.456        2.196 / 14.456      ms
[150.160s][info][gc,stats    ]    Subphase: Concurrent References Enqueue                 0.001 / 0.001         0.004 / 0.009         0.004 / 0.009         0.004 / 0.009       ms
[150.160s][info][gc,stats    ]    Subphase: Concurrent References Process                 0.137 / 0.137         0.189 / 0.513         0.189 / 0.513         0.189 / 0.513       ms
[150.160s][info][gc,stats    ]    Subphase: Concurrent Roots ClassLoaderDataGraph         0.255 / 0.465         0.186 / 0.465         0.186 / 0.465         0.186 / 0.465       ms
[150.160s][info][gc,stats    ]    Subphase: Concurrent Roots CodeCache                    0.000 / 0.000         0.000 / 0.000         0.000 / 0.000         0.000 / 0.000       ms
[150.160s][info][gc,stats    ]    Subphase: Concurrent Roots JavaThreads                  0.715 / 0.897         1.267 / 5.702         1.267 / 5.702         1.267 / 5.702       ms
[150.160s][info][gc,stats    ]    Subphase: Concurrent Roots OopStorageSet                0.041 / 0.055         0.034 / 0.085         0.034 / 0.085         0.034 / 0.085       ms
[150.160s][info][gc,stats    ]    Subphase: Concurrent Weak Roots OopStorageSet           0.760 / 0.760         0.573 / 0.939         0.573 / 0.939         0.573 / 0.939       ms
[150.160s][info][gc,stats    ]    Subphase: Pause Mark Try Complete                       0.000 / 0.000         0.000 / 0.000         0.000 / 0.000         0.000 / 0.000       ms
[150.160s][info][gc,stats    ]      System: Java Threads                                     33 / 33               32 / 34               32 / 34               32 / 34          threads
[150.160s][info][gc,stats    ] =========================================================================================================================================================
[160.160s][info][gc,stats    ] === Garbage Collection Statistics =======================================================================================================================
[160.161s][info][gc,stats    ]                                                              Last 10s              Last 10m              Last 10h                Total
[160.161s][info][gc,stats    ]                                                              Avg / Max             Avg / Max             Avg / Max             Avg / Max
[160.161s][info][gc,stats    ]   Collector: Garbage Collection Cycle                      0.000 / 0.000        36.410 / 54.411       36.410 / 54.411       36.410 / 54.411      ms
[160.161s][info][gc,stats    ]  Contention: Mark Segment Reset Contention                     0 / 0                 0 / 0                 0 / 0                 0 / 0           ops/s
[160.161s][info][gc,stats    ]  Contention: Mark SeqNum Reset Contention                      0 / 0                 0 / 1                 0 / 1                 0 / 1           ops/s
[160.161s][info][gc,stats    ]    Critical: Allocation Stall                                  0 / 0                 0 / 0                 0 / 0                 0 / 0           ops/s
[160.161s][info][gc,stats    ]    Critical: Allocation Stall                              0.000 / 0.000         0.000 / 0.000         0.000 / 0.000         0.000 / 0.000       ms
[160.161s][info][gc,stats    ]    Critical: GC Locker Stall                                   0 / 0                 0 / 0                 0 / 0                 0 / 0           ops/s
[160.161s][info][gc,stats    ]    Critical: GC Locker Stall                               0.000 / 0.000         0.000 / 0.000         0.000 / 0.000         0.000 / 0.000       ms
[160.161s][info][gc,stats    ]    Critical: Relocation Stall                                  0 / 0                 0 / 0                 0 / 0                 0 / 0           ops/s
[160.161s][info][gc,stats    ]    Critical: Relocation Stall                              0.000 / 0.000         0.000 / 0.000         0.000 / 0.000         0.000 / 0.000       ms
[160.161s][info][gc,stats    ]      Memory: Allocation Rate                                  24 / 26               27 / 148              27 / 148              27 / 148         MB/s
[160.161s][info][gc,stats    ]      Memory: Out Of Memory                                     0 / 0                 0 / 0                 0 / 0                 0 / 0           ops/s
[160.161s][info][gc,stats    ]      Memory: Page Cache Flush                                  0 / 0                 0 / 0                 0 / 0                 0 / 0           MB/s
[160.161s][info][gc,stats    ]      Memory: Page Cache Hit L1                                12 / 13                9 / 78                9 / 78                9 / 78          ops/s
[160.161s][info][gc,stats    ]      Memory: Page Cache Hit L2                                 0 / 0                 0 / 0                 0 / 0                 0 / 0           ops/s
[160.161s][info][gc,stats    ]      Memory: Page Cache Hit L3                                 0 / 0                 3 / 48                3 / 48                3 / 48          ops/s
[160.161s][info][gc,stats    ]      Memory: Page Cache Miss                                   0 / 0                 0 / 1                 0 / 1                 0 / 1           ops/s
[160.161s][info][gc,stats    ]      Memory: Uncommit                                          0 / 0                 0 / 0                 0 / 0                 0 / 0           MB/s
[160.161s][info][gc,stats    ]      Memory: Undo Object Allocation Failed                     0 / 0                 0 / 1                 0 / 1                 0 / 1           ops/s
[160.161s][info][gc,stats    ]      Memory: Undo Object Allocation Succeeded                  0 / 0                 0 / 22                0 / 22                0 / 22          ops/s
[160.161s][info][gc,stats    ]      Memory: Undo Page Allocation                              0 / 1                 0 / 2                 0 / 2                 0 / 2           ops/s
[160.161s][info][gc,stats    ]       Phase: Concurrent Mark                               0.000 / 0.000        22.581 / 38.897       22.581 / 38.897       22.581 / 38.897      ms
[160.161s][info][gc,stats    ]       Phase: Concurrent Mark Continue                      0.000 / 0.000         0.000 / 0.000         0.000 / 0.000         0.000 / 0.000       ms
[160.161s][info][gc,stats    ]       Phase: Concurrent Mark Free                          0.000 / 0.000         0.001 / 0.002         0.001 / 0.002         0.001 / 0.002       ms
[160.161s][info][gc,stats    ]       Phase: Concurrent Process Non-Strong References      0.000 / 0.000         8.358 / 14.882        8.358 / 14.882        8.358 / 14.882      ms
[160.161s][info][gc,stats    ]       Phase: Concurrent Relocate                           0.000 / 0.000         2.185 / 6.891         2.185 / 6.891         2.185 / 6.891       ms
[160.161s][info][gc,stats    ]       Phase: Concurrent Reset Relocation Set               0.000 / 0.000         0.006 / 0.011         0.006 / 0.011         0.006 / 0.011       ms
[160.161s][info][gc,stats    ]       Phase: Concurrent Select Relocation Set              0.000 / 0.000         1.866 / 3.477         1.866 / 3.477         1.866 / 3.477       ms
[160.161s][info][gc,stats    ]       Phase: Pause Mark End                                0.000 / 0.000         0.024 / 0.065         0.024 / 0.065         0.024 / 0.065       ms
[160.161s][info][gc,stats    ]       Phase: Pause Mark Start                              0.000 / 0.000         0.010 / 0.017         0.010 / 0.017         0.010 / 0.017       ms
[160.161s][info][gc,stats    ]       Phase: Pause Relocate Start                          0.000 / 0.000         0.010 / 0.019         0.010 / 0.019         0.010 / 0.019       ms
[160.161s][info][gc,stats    ]    Subphase: Concurrent Classes Purge                      0.000 / 0.000         0.265 / 0.324         0.265 / 0.324         0.265 / 0.324       ms
[160.161s][info][gc,stats    ]    Subphase: Concurrent Classes Unlink                     0.000 / 0.000         7.137 / 13.012        7.137 / 13.012        7.137 / 13.012      ms
[160.161s][info][gc,stats    ]    Subphase: Concurrent Mark                               0.000 / 0.000        17.926 / 33.017       17.926 / 33.017       17.926 / 33.017      ms
[160.161s][info][gc,stats    ]    Subphase: Concurrent Mark Try Flush                     0.000 / 0.000         0.109 / 0.269         0.109 / 0.269         0.109 / 0.269       ms
[160.161s][info][gc,stats    ]    Subphase: Concurrent Mark Try Terminate                 0.000 / 0.000         2.196 / 14.456        2.196 / 14.456        2.196 / 14.456      ms
[160.161s][info][gc,stats    ]    Subphase: Concurrent References Enqueue                 0.000 / 0.000         0.004 / 0.009         0.004 / 0.009         0.004 / 0.009       ms
[160.161s][info][gc,stats    ]    Subphase: Concurrent References Process                 0.000 / 0.000         0.189 / 0.513         0.189 / 0.513         0.189 / 0.513       ms
[160.161s][info][gc,stats    ]    Subphase: Concurrent Roots ClassLoaderDataGraph         0.000 / 0.000         0.186 / 0.465         0.186 / 0.465         0.186 / 0.465       ms
[160.161s][info][gc,stats    ]    Subphase: Concurrent Roots CodeCache                    0.000 / 0.000         0.000 / 0.000         0.000 / 0.000         0.000 / 0.000       ms
[160.161s][info][gc,stats    ]    Subphase: Concurrent Roots JavaThreads                  0.000 / 0.000         1.267 / 5.702         1.267 / 5.702         1.267 / 5.702       ms
[160.161s][info][gc,stats    ]    Subphase: Concurrent Roots OopStorageSet                0.000 / 0.000         0.034 / 0.085         0.034 / 0.085         0.034 / 0.085       ms
[160.161s][info][gc,stats    ]    Subphase: Concurrent Weak Roots OopStorageSet           0.000 / 0.000         0.573 / 0.939         0.573 / 0.939         0.573 / 0.939       ms
[160.161s][info][gc,stats    ]    Subphase: Pause Mark Try Complete                       0.000 / 0.000         0.000 / 0.000         0.000 / 0.000         0.000 / 0.000       ms
[160.161s][info][gc,stats    ]      System: Java Threads                                      0 / 0                32 / 34               32 / 34               32 / 34          threads
[160.161s][info][gc,stats    ] =========================================================================================================================================================
[161.466s][info][gc,start    ] GC(8) Garbage Collection (Proactive)
[161.466s][info][gc,task     ] GC(8) Using 2 workers
[161.466s][info][gc,phases   ] GC(8) Pause Mark Start 0.014ms
[161.484s][info][gc,phases   ] GC(8) Concurrent Mark 17.090ms
[161.484s][info][gc,phases   ] GC(8) Pause Mark End 0.025ms
[161.484s][info][gc,phases   ] GC(8) Concurrent Mark Free 0.002ms
[161.493s][info][gc,phases   ] GC(8) Concurrent Process Non-Strong References 8.774ms
[161.493s][info][gc,phases   ] GC(8) Concurrent Reset Relocation Set 0.005ms
[161.494s][info][gc,phases   ] GC(8) Concurrent Select Relocation Set 1.236ms
[161.494s][info][gc,phases   ] GC(8) Pause Relocate Start 0.008ms
[161.495s][info][gc,phases   ] GC(8) Concurrent Relocate 1.118ms
[161.496s][info][gc,load     ] GC(8) Load: 0.00/0.00/0.00
[161.496s][info][gc,mmu      ] GC(8) MMU: 2ms/96.8%, 5ms/98.7%, 10ms/99.2%, 20ms/99.6%, 50ms/99.8%, 100ms/99.9%
[161.496s][info][gc,marking  ] GC(8) Mark: 2 stripe(s), 2 proactive flush(es), 1 terminate flush(es), 0 completion(s), 0 continuation(s) 
[161.496s][info][gc,marking  ] GC(8) Mark Stack Usage: 32M
[161.496s][info][gc,nmethod  ] GC(8) NMethods: 8124 registered, 1248 unregistered
[161.496s][info][gc,metaspace] GC(8) Metaspace: 32M used, 33M committed, 1088M reserved
[161.496s][info][gc,ref      ] GC(8) Soft: 4467 encountered, 0 discovered, 0 enqueued
[161.496s][info][gc,ref      ] GC(8) Weak: 3028 encountered, 496 discovered, 0 enqueued
[161.496s][info][gc,ref      ] GC(8) Final: 3 encountered, 0 discovered, 0 enqueued
[161.496s][info][gc,ref      ] GC(8) Phantom: 279 encountered, 183 discovered, 0 enqueued
[161.496s][info][gc,reloc    ] GC(8) Small Pages: 222 / 444M, Empty: 330M, Relocated: 1M, In-Place: 0
[161.496s][info][gc,reloc    ] GC(8) Medium Pages: 1 / 32M, Empty: 0M, Relocated: 0M, In-Place: 0
[161.496s][info][gc,reloc    ] GC(8) Large Pages: 0 / 0M, Empty: 0M, Relocated: 0M, In-Place: 0
[161.496s][info][gc,reloc    ] GC(8) Forwarding Usage: 0M
[161.496s][info][gc,heap     ] GC(8) Min Capacity: 4096M(100%)
[161.496s][info][gc,heap     ] GC(8) Max Capacity: 4096M(100%)
[161.496s][info][gc,heap     ] GC(8) Soft Max Capacity: 4096M(100%)
[161.496s][info][gc,heap     ] GC(8)                Mark Start          Mark End        Relocate Start      Relocate End           High               Low         
[161.496s][info][gc,heap     ] GC(8)  Capacity:     4096M (100%)       4096M (100%)       4096M (100%)       4096M (100%)       4096M (100%)       4096M (100%)   
[161.496s][info][gc,heap     ] GC(8)      Free:     3620M (88%)        3612M (88%)        3940M (96%)        4032M (98%)        4032M (98%)        3610M (88%)    
[161.496s][info][gc,heap     ] GC(8)      Used:      476M (12%)         484M (12%)         156M (4%)           64M (2%)          486M (12%)          64M (2%)     
[161.496s][info][gc,heap     ] GC(8)      Live:         -                18M (0%)           18M (0%)           18M (0%)             -                  -          
[161.496s][info][gc,heap     ] GC(8) Allocated:         -                 8M (0%)           10M (0%)           10M (0%)             -                  -          
[161.496s][info][gc,heap     ] GC(8)   Garbage:         -               457M (11%)         127M (3%)           35M (1%)             -                  -          
[161.496s][info][gc,heap     ] GC(8) Reclaimed:         -                  -               330M (8%)          422M (10%)            -                  -          
[161.496s][info][gc          ] GC(8) Garbage Collection (Proactive) 476M(12%)->64M(2%)
[170.164s][info][gc,stats    ] === Garbage Collection Statistics =======================================================================================================================
[170.164s][info][gc,stats    ]                                                              Last 10s              Last 10m              Last 10h                Total
[170.164s][info][gc,stats    ]                                                              Avg / Max             Avg / Max             Avg / Max             Avg / Max
[170.164s][info][gc,stats    ]   Collector: Garbage Collection Cycle                     29.546 / 29.546       35.647 / 54.411       35.647 / 54.411       35.647 / 54.411      ms
[170.164s][info][gc,stats    ]  Contention: Mark Segment Reset Contention                     0 / 1                 0 / 1                 0 / 1                 0 / 1           ops/s
[170.164s][info][gc,stats    ]  Contention: Mark SeqNum Reset Contention                      0 / 0                 0 / 1                 0 / 1                 0 / 1           ops/s
[170.164s][info][gc,stats    ]    Critical: Allocation Stall                                  0 / 0                 0 / 0                 0 / 0                 0 / 0           ops/s
[170.164s][info][gc,stats    ]    Critical: Allocation Stall                              0.000 / 0.000         0.000 / 0.000         0.000 / 0.000         0.000 / 0.000       ms
[170.164s][info][gc,stats    ]    Critical: GC Locker Stall                                   0 / 0                 0 / 0                 0 / 0                 0 / 0           ops/s
[170.164s][info][gc,stats    ]    Critical: GC Locker Stall                               0.000 / 0.000         0.000 / 0.000         0.000 / 0.000         0.000 / 0.000       ms
[170.164s][info][gc,stats    ]    Critical: Relocation Stall                                  0 / 0                 0 / 0                 0 / 0                 0 / 0           ops/s
[170.164s][info][gc,stats    ]    Critical: Relocation Stall                              0.000 / 0.000         0.000 / 0.000         0.000 / 0.000         0.000 / 0.000       ms
[170.164s][info][gc,stats    ]      Memory: Allocation Rate                                  24 / 30               27 / 148              27 / 148              27 / 148         MB/s
[170.164s][info][gc,stats    ]      Memory: Out Of Memory                                     0 / 0                 0 / 0                 0 / 0                 0 / 0           ops/s
[170.164s][info][gc,stats    ]      Memory: Page Cache Flush                                  0 / 0                 0 / 0                 0 / 0                 0 / 0           MB/s
[170.164s][info][gc,stats    ]      Memory: Page Cache Hit L1                                12 / 17               10 / 78               10 / 78               10 / 78          ops/s
[170.164s][info][gc,stats    ]      Memory: Page Cache Hit L2                                 0 / 0                 0 / 0                 0 / 0                 0 / 0           ops/s
[170.164s][info][gc,stats    ]      Memory: Page Cache Hit L3                                 0 / 0                 3 / 48                3 / 48                3 / 48          ops/s
[170.164s][info][gc,stats    ]      Memory: Page Cache Miss                                   0 / 0                 0 / 1                 0 / 1                 0 / 1           ops/s
[170.164s][info][gc,stats    ]      Memory: Uncommit                                          0 / 0                 0 / 0                 0 / 0                 0 / 0           MB/s
[170.164s][info][gc,stats    ]      Memory: Undo Object Allocation Failed                     0 / 0                 0 / 1                 0 / 1                 0 / 1           ops/s
[170.164s][info][gc,stats    ]      Memory: Undo Object Allocation Succeeded                  0 / 0                 0 / 22                0 / 22                0 / 22          ops/s
[170.164s][info][gc,stats    ]      Memory: Undo Page Allocation                              0 / 1                 0 / 2                 0 / 2                 0 / 2           ops/s
[170.164s][info][gc,stats    ]       Phase: Concurrent Mark                              17.090 / 17.090       21.971 / 38.897       21.971 / 38.897       21.971 / 38.897      ms
[170.165s][info][gc,stats    ]       Phase: Concurrent Mark Continue                      0.000 / 0.000         0.000 / 0.000         0.000 / 0.000         0.000 / 0.000       ms
[170.165s][info][gc,stats    ]       Phase: Concurrent Mark Free                          0.002 / 0.002         0.001 / 0.002         0.001 / 0.002         0.001 / 0.002       ms
[170.165s][info][gc,stats    ]       Phase: Concurrent Process Non-Strong References      8.774 / 8.774         8.404 / 14.882        8.404 / 14.882        8.404 / 14.882      ms
[170.165s][info][gc,stats    ]       Phase: Concurrent Relocate                           1.118 / 1.118         2.067 / 6.891         2.067 / 6.891         2.067 / 6.891       ms
[170.165s][info][gc,stats    ]       Phase: Concurrent Reset Relocation Set               0.005 / 0.005         0.006 / 0.011         0.006 / 0.011         0.006 / 0.011       ms
[170.165s][info][gc,stats    ]       Phase: Concurrent Select Relocation Set              1.236 / 1.236         1.796 / 3.477         1.796 / 3.477         1.796 / 3.477       ms
[170.165s][info][gc,stats    ]       Phase: Pause Mark End                                0.025 / 0.025         0.024 / 0.065         0.024 / 0.065         0.024 / 0.065       ms
[170.165s][info][gc,stats    ]       Phase: Pause Mark Start                              0.014 / 0.014         0.011 / 0.017         0.011 / 0.017         0.011 / 0.017       ms
[170.165s][info][gc,stats    ]       Phase: Pause Relocate Start                          0.008 / 0.008         0.010 / 0.019         0.010 / 0.019         0.010 / 0.019       ms
[170.165s][info][gc,stats    ]    Subphase: Concurrent Classes Purge                      0.268 / 0.268         0.265 / 0.324         0.265 / 0.324         0.265 / 0.324       ms
[170.165s][info][gc,stats    ]    Subphase: Concurrent Classes Unlink                     7.579 / 7.579         7.186 / 13.012        7.186 / 13.012        7.186 / 13.012      ms
[170.165s][info][gc,stats    ]    Subphase: Concurrent Mark                              14.748 / 16.208       17.573 / 33.017       17.573 / 33.017       17.573 / 33.017      ms
[170.165s][info][gc,stats    ]    Subphase: Concurrent Mark Try Flush                     0.120 / 0.170         0.111 / 0.269         0.111 / 0.269         0.111 / 0.269       ms
[170.165s][info][gc,stats    ]    Subphase: Concurrent Mark Try Terminate                 1.384 / 4.083         2.106 / 14.456        2.106 / 14.456        2.106 / 14.456      ms
[170.165s][info][gc,stats    ]    Subphase: Concurrent References Enqueue                 0.001 / 0.001         0.004 / 0.009         0.004 / 0.009         0.004 / 0.009       ms
[170.165s][info][gc,stats    ]    Subphase: Concurrent References Process                 0.182 / 0.182         0.188 / 0.513         0.188 / 0.513         0.188 / 0.513       ms
[170.165s][info][gc,stats    ]    Subphase: Concurrent Roots ClassLoaderDataGraph         0.208 / 0.390         0.188 / 0.465         0.188 / 0.465         0.188 / 0.465       ms
[170.165s][info][gc,stats    ]    Subphase: Concurrent Roots CodeCache                    0.000 / 0.000         0.000 / 0.000         0.000 / 0.000         0.000 / 0.000       ms
[170.165s][info][gc,stats    ]    Subphase: Concurrent Roots JavaThreads                  0.444 / 0.608         1.176 / 5.702         1.176 / 5.702         1.176 / 5.702       ms
[170.165s][info][gc,stats    ]    Subphase: Concurrent Roots OopStorageSet                0.026 / 0.033         0.033 / 0.085         0.033 / 0.085         0.033 / 0.085       ms
[170.165s][info][gc,stats    ]    Subphase: Concurrent Weak Roots OopStorageSet           0.499 / 0.529         0.565 / 0.939         0.565 / 0.939         0.565 / 0.939       ms
[170.165s][info][gc,stats    ]    Subphase: Pause Mark Try Complete                       0.000 / 0.000         0.000 / 0.000         0.000 / 0.000         0.000 / 0.000       ms
[170.165s][info][gc,stats    ]      System: Java Threads                                     33 / 33               32 / 34               32 / 34               32 / 34          threads
[170.165s][info][gc,stats    ] =========================================================================================================================================================
[178.463s][info][gc,start    ] GC(9) Garbage Collection (Proactive)
[178.463s][info][gc,task     ] GC(9) Using 2 workers
[178.463s][info][gc,phases   ] GC(9) Pause Mark Start 0.014ms
[178.480s][info][gc,phases   ] GC(9) Concurrent Mark 16.897ms
[178.481s][info][gc,phases   ] GC(9) Pause Mark End 0.024ms
[178.481s][info][gc,phases   ] GC(9) Concurrent Mark Free 0.001ms
[178.489s][info][gc,phases   ] GC(9) Concurrent Process Non-Strong References 8.212ms
[178.489s][info][gc,phases   ] GC(9) Concurrent Reset Relocation Set 0.003ms
[178.491s][info][gc,phases   ] GC(9) Concurrent Select Relocation Set 2.316ms
[178.491s][info][gc,phases   ] GC(9) Pause Relocate Start 0.011ms
[178.492s][info][gc,phases   ] GC(9) Concurrent Relocate 0.731ms
[178.492s][info][gc,load     ] GC(9) Load: 0.00/0.00/0.00
[178.492s][info][gc,mmu      ] GC(9) MMU: 2ms/96.8%, 5ms/98.7%, 10ms/99.2%, 20ms/99.6%, 50ms/99.8%, 100ms/99.9%
[178.492s][info][gc,marking  ] GC(9) Mark: 2 stripe(s), 2 proactive flush(es), 1 terminate flush(es), 0 completion(s), 0 continuation(s) 
[178.492s][info][gc,marking  ] GC(9) Mark Stack Usage: 32M
[178.492s][info][gc,nmethod  ] GC(9) NMethods: 7895 registered, 1526 unregistered
[178.492s][info][gc,metaspace] GC(9) Metaspace: 32M used, 33M committed, 1088M reserved
[178.492s][info][gc,ref      ] GC(9) Soft: 4467 encountered, 0 discovered, 0 enqueued
[178.492s][info][gc,ref      ] GC(9) Weak: 3028 encountered, 238 discovered, 0 enqueued
[178.492s][info][gc,ref      ] GC(9) Final: 3 encountered, 0 discovered, 0 enqueued
[178.492s][info][gc,ref      ] GC(9) Phantom: 279 encountered, 220 discovered, 0 enqueued
[178.492s][info][gc,reloc    ] GC(9) Small Pages: 221 / 442M, Empty: 318M, Relocated: 1M, In-Place: 0
[178.492s][info][gc,reloc    ] GC(9) Medium Pages: 1 / 32M, Empty: 0M, Relocated: 0M, In-Place: 0
[178.492s][info][gc,reloc    ] GC(9) Large Pages: 0 / 0M, Empty: 0M, Relocated: 0M, In-Place: 0
[178.492s][info][gc,reloc    ] GC(9) Forwarding Usage: 0M
[178.492s][info][gc,heap     ] GC(9) Min Capacity: 4096M(100%)
[178.492s][info][gc,heap     ] GC(9) Max Capacity: 4096M(100%)
[178.493s][info][gc,heap     ] GC(9) Soft Max Capacity: 4096M(100%)
[178.493s][info][gc,heap     ] GC(9)                Mark Start          Mark End        Relocate Start      Relocate End           High               Low         
[178.493s][info][gc,heap     ] GC(9)  Capacity:     4096M (100%)       4096M (100%)       4096M (100%)       4096M (100%)       4096M (100%)       4096M (100%)   
[178.493s][info][gc,heap     ] GC(9)      Free:     3622M (88%)        3612M (88%)        3928M (96%)        4030M (98%)        4030M (98%)        3610M (88%)    
[178.493s][info][gc,heap     ] GC(9)      Used:      474M (12%)         484M (12%)         168M (4%)           66M (2%)          486M (12%)          66M (2%)     
[178.493s][info][gc,heap     ] GC(9)      Live:         -                18M (0%)           18M (0%)           18M (0%)             -                  -          
[178.493s][info][gc,heap     ] GC(9) Allocated:         -                10M (0%)           12M (0%)           12M (0%)             -                  -          
[178.493s][info][gc,heap     ] GC(9)   Garbage:         -               455M (11%)         137M (3%)           35M (1%)             -                  -          
[178.493s][info][gc,heap     ] GC(9) Reclaimed:         -                  -               318M (8%)          420M (10%)            -                  -          
[178.493s][info][gc          ] GC(9) Garbage Collection (Proactive) 474M(12%)->66M(2%)
[180.151s][info][gc,stats    ] === Garbage Collection Statistics =======================================================================================================================
[180.152s][info][gc,stats    ]                                                              Last 10s              Last 10m              Last 10h                Total
[180.152s][info][gc,stats    ]                                                              Avg / Max             Avg / Max             Avg / Max             Avg / Max
[180.152s][info][gc,stats    ]   Collector: Garbage Collection Cycle                     29.493 / 29.493       35.032 / 54.411       35.032 / 54.411       35.032 / 54.411      ms
[180.152s][info][gc,stats    ]  Contention: Mark Segment Reset Contention                     0 / 0                 0 / 1                 0 / 1                 0 / 1           ops/s
[180.152s][info][gc,stats    ]  Contention: Mark SeqNum Reset Contention                      0 / 1                 0 / 1                 0 / 1                 0 / 1           ops/s
[180.152s][info][gc,stats    ]    Critical: Allocation Stall                                  0 / 0                 0 / 0                 0 / 0                 0 / 0           ops/s
[180.152s][info][gc,stats    ]    Critical: Allocation Stall                              0.000 / 0.000         0.000 / 0.000         0.000 / 0.000         0.000 / 0.000       ms
[180.152s][info][gc,stats    ]    Critical: GC Locker Stall                                   0 / 0                 0 / 0                 0 / 0                 0 / 0           ops/s
[180.152s][info][gc,stats    ]    Critical: GC Locker Stall                               0.000 / 0.000         0.000 / 0.000         0.000 / 0.000         0.000 / 0.000       ms
[180.152s][info][gc,stats    ]    Critical: Relocation Stall                                  0 / 0                 0 / 0                 0 / 0                 0 / 0           ops/s
[180.152s][info][gc,stats    ]    Critical: Relocation Stall                              0.000 / 0.000         0.000 / 0.000         0.000 / 0.000         0.000 / 0.000       ms
[180.152s][info][gc,stats    ]      Memory: Allocation Rate                                  25 / 34               26 / 148              26 / 148              26 / 148         MB/s
[180.152s][info][gc,stats    ]      Memory: Out Of Memory                                     0 / 0                 0 / 0                 0 / 0                 0 / 0           ops/s
[180.152s][info][gc,stats    ]      Memory: Page Cache Flush                                  0 / 0                 0 / 0                 0 / 0                 0 / 0           MB/s
[180.152s][info][gc,stats    ]      Memory: Page Cache Hit L1                                12 / 19               10 / 78               10 / 78               10 / 78          ops/s
[180.152s][info][gc,stats    ]      Memory: Page Cache Hit L2                                 0 / 0                 0 / 0                 0 / 0                 0 / 0           ops/s
[180.152s][info][gc,stats    ]      Memory: Page Cache Hit L3                                 0 / 0                 3 / 48                3 / 48                3 / 48          ops/s
[180.152s][info][gc,stats    ]      Memory: Page Cache Miss                                   0 / 0                 0 / 1                 0 / 1                 0 / 1           ops/s
[180.152s][info][gc,stats    ]      Memory: Uncommit                                          0 / 0                 0 / 0                 0 / 0                 0 / 0           MB/s
[180.152s][info][gc,stats    ]      Memory: Undo Object Allocation Failed                     0 / 0                 0 / 1                 0 / 1                 0 / 1           ops/s
[180.152s][info][gc,stats    ]      Memory: Undo Object Allocation Succeeded                  0 / 0                 0 / 22                0 / 22                0 / 22          ops/s
[180.152s][info][gc,stats    ]      Memory: Undo Page Allocation                              0 / 0                 0 / 2                 0 / 2                 0 / 2           ops/s
[180.152s][info][gc,stats    ]       Phase: Concurrent Mark                              16.897 / 16.897       21.464 / 38.897       21.464 / 38.897       21.464 / 38.897      ms
[180.152s][info][gc,stats    ]       Phase: Concurrent Mark Continue                      0.000 / 0.000         0.000 / 0.000         0.000 / 0.000         0.000 / 0.000       ms
[180.152s][info][gc,stats    ]       Phase: Concurrent Mark Free                          0.001 / 0.001         0.001 / 0.002         0.001 / 0.002         0.001 / 0.002       ms
[180.152s][info][gc,stats    ]       Phase: Concurrent Process Non-Strong References      8.212 / 8.212         8.385 / 14.882        8.385 / 14.882        8.385 / 14.882      ms
[180.152s][info][gc,stats    ]       Phase: Concurrent Relocate                           0.731 / 0.731         1.933 / 6.891         1.933 / 6.891         1.933 / 6.891       ms
[180.152s][info][gc,stats    ]       Phase: Concurrent Reset Relocation Set               0.003 / 0.003         0.006 / 0.011         0.006 / 0.011         0.006 / 0.011       ms
[180.152s][info][gc,stats    ]       Phase: Concurrent Select Relocation Set              2.316 / 2.316         1.848 / 3.477         1.848 / 3.477         1.848 / 3.477       ms
[180.152s][info][gc,stats    ]       Phase: Pause Mark End                                0.024 / 0.024         0.024 / 0.065         0.024 / 0.065         0.024 / 0.065       ms
[180.152s][info][gc,stats    ]       Phase: Pause Mark Start                              0.014 / 0.014         0.011 / 0.017         0.011 / 0.017         0.011 / 0.017       ms
[180.152s][info][gc,stats    ]       Phase: Pause Relocate Start                          0.011 / 0.011         0.010 / 0.019         0.010 / 0.019         0.010 / 0.019       ms
[180.152s][info][gc,stats    ]    Subphase: Concurrent Classes Purge                      0.240 / 0.240         0.263 / 0.324         0.263 / 0.324         0.263 / 0.324       ms
[180.152s][info][gc,stats    ]    Subphase: Concurrent Classes Unlink                     6.813 / 6.813         7.149 / 13.012        7.149 / 13.012        7.149 / 13.012      ms
[180.152s][info][gc,stats    ]    Subphase: Concurrent Mark                              13.946 / 15.976       17.210 / 33.017       17.210 / 33.017       17.210 / 33.017      ms
[180.152s][info][gc,stats    ]    Subphase: Concurrent Mark Try Flush                     0.149 / 0.249         0.114 / 0.269         0.114 / 0.269         0.114 / 0.269       ms
[180.152s][info][gc,stats    ]    Subphase: Concurrent Mark Try Terminate                 1.459 / 4.300         2.041 / 14.456        2.041 / 14.456        2.041 / 14.456      ms
[180.152s][info][gc,stats    ]    Subphase: Concurrent References Enqueue                 0.000 / 0.000         0.003 / 0.009         0.003 / 0.009         0.003 / 0.009       ms
[180.152s][info][gc,stats    ]    Subphase: Concurrent References Process                 0.199 / 0.199         0.189 / 0.513         0.189 / 0.513         0.189 / 0.513       ms
[180.152s][info][gc,stats    ]    Subphase: Concurrent Roots ClassLoaderDataGraph         0.192 / 0.348         0.189 / 0.465         0.189 / 0.465         0.189 / 0.465       ms
[180.152s][info][gc,stats    ]    Subphase: Concurrent Roots CodeCache                    0.000 / 0.000         0.000 / 0.000         0.000 / 0.000         0.000 / 0.000       ms
[180.152s][info][gc,stats    ]    Subphase: Concurrent Roots JavaThreads                  0.473 / 0.623         1.106 / 5.702         1.106 / 5.702         1.106 / 5.702       ms
[180.152s][info][gc,stats    ]    Subphase: Concurrent Roots OopStorageSet                0.026 / 0.035         0.032 / 0.085         0.032 / 0.085         0.032 / 0.085       ms
[180.152s][info][gc,stats    ]    Subphase: Concurrent Weak Roots OopStorageSet           0.736 / 0.737         0.582 / 0.939         0.582 / 0.939         0.582 / 0.939       ms
[180.152s][info][gc,stats    ]    Subphase: Pause Mark Try Complete                       0.000 / 0.000         0.000 / 0.000         0.000 / 0.000         0.000 / 0.000       ms
[180.152s][info][gc,stats    ]      System: Java Threads                                     33 / 33               32 / 34               32 / 34               32 / 34          threads
[180.152s][info][gc,stats    ] =========================================================================================================================================================
[190.157s][info][gc,stats    ] === Garbage Collection Statistics =======================================================================================================================
[190.158s][info][gc,stats    ]                                                              Last 10s              Last 10m              Last 10h                Total
[190.158s][info][gc,stats    ]                                                              Avg / Max             Avg / Max             Avg / Max             Avg / Max
[190.158s][info][gc,stats    ]   Collector: Garbage Collection Cycle                      0.000 / 0.000        35.032 / 54.411       35.032 / 54.411       35.032 / 54.411      ms
[190.158s][info][gc,stats    ]  Contention: Mark Segment Reset Contention                     0 / 0                 0 / 1                 0 / 1                 0 / 1           ops/s
[190.158s][info][gc,stats    ]  Contention: Mark SeqNum Reset Contention                      0 / 0                 0 / 1                 0 / 1                 0 / 1           ops/s
[190.158s][info][gc,stats    ]    Critical: Allocation Stall                                  0 / 0                 0 / 0                 0 / 0                 0 / 0           ops/s
[190.158s][info][gc,stats    ]    Critical: Allocation Stall                              0.000 / 0.000         0.000 / 0.000         0.000 / 0.000         0.000 / 0.000       ms
[190.158s][info][gc,stats    ]    Critical: GC Locker Stall                                   0 / 0                 0 / 0                 0 / 0                 0 / 0           ops/s
[190.158s][info][gc,stats    ]    Critical: GC Locker Stall                               0.000 / 0.000         0.000 / 0.000         0.000 / 0.000         0.000 / 0.000       ms
[190.158s][info][gc,stats    ]    Critical: Relocation Stall                                  0 / 0                 0 / 0                 0 / 0                 0 / 0           ops/s
[190.158s][info][gc,stats    ]    Critical: Relocation Stall                              0.000 / 0.000         0.000 / 0.000         0.000 / 0.000         0.000 / 0.000       ms
[190.158s][info][gc,stats    ]      Memory: Allocation Rate                                  24 / 26               26 / 148              26 / 148              26 / 148         MB/s
[190.158s][info][gc,stats    ]      Memory: Out Of Memory                                     0 / 0                 0 / 0                 0 / 0                 0 / 0           ops/s
[190.158s][info][gc,stats    ]      Memory: Page Cache Flush                                  0 / 0                 0 / 0                 0 / 0                 0 / 0           MB/s
[190.158s][info][gc,stats    ]      Memory: Page Cache Hit L1                                12 / 13               10 / 78               10 / 78               10 / 78          ops/s
[190.158s][info][gc,stats    ]      Memory: Page Cache Hit L2                                 0 / 0                 0 / 0                 0 / 0                 0 / 0           ops/s
[190.158s][info][gc,stats    ]      Memory: Page Cache Hit L3                                 0 / 0                 3 / 48                3 / 48                3 / 48          ops/s
[190.158s][info][gc,stats    ]      Memory: Page Cache Miss                                   0 / 0                 0 / 1                 0 / 1                 0 / 1           ops/s
[190.158s][info][gc,stats    ]      Memory: Uncommit                                          0 / 0                 0 / 0                 0 / 0                 0 / 0           MB/s
[190.158s][info][gc,stats    ]      Memory: Undo Object Allocation Failed                     0 / 0                 0 / 1                 0 / 1                 0 / 1           ops/s
[190.158s][info][gc,stats    ]      Memory: Undo Object Allocation Succeeded                  0 / 0                 0 / 22                0 / 22                0 / 22          ops/s
[190.158s][info][gc,stats    ]      Memory: Undo Page Allocation                              0 / 0                 0 / 2                 0 / 2                 0 / 2           ops/s
[190.158s][info][gc,stats    ]       Phase: Concurrent Mark                               0.000 / 0.000        21.464 / 38.897       21.464 / 38.897       21.464 / 38.897      ms
[190.158s][info][gc,stats    ]       Phase: Concurrent Mark Continue                      0.000 / 0.000         0.000 / 0.000         0.000 / 0.000         0.000 / 0.000       ms
[190.158s][info][gc,stats    ]       Phase: Concurrent Mark Free                          0.000 / 0.000         0.001 / 0.002         0.001 / 0.002         0.001 / 0.002       ms
[190.158s][info][gc,stats    ]       Phase: Concurrent Process Non-Strong References      0.000 / 0.000         8.385 / 14.882        8.385 / 14.882        8.385 / 14.882      ms
[190.158s][info][gc,stats    ]       Phase: Concurrent Relocate                           0.000 / 0.000         1.933 / 6.891         1.933 / 6.891         1.933 / 6.891       ms
[190.158s][info][gc,stats    ]       Phase: Concurrent Reset Relocation Set               0.000 / 0.000         0.006 / 0.011         0.006 / 0.011         0.006 / 0.011       ms
[190.158s][info][gc,stats    ]       Phase: Concurrent Select Relocation Set              0.000 / 0.000         1.848 / 3.477         1.848 / 3.477         1.848 / 3.477       ms
[190.158s][info][gc,stats    ]       Phase: Pause Mark End                                0.000 / 0.000         0.024 / 0.065         0.024 / 0.065         0.024 / 0.065       ms
[190.158s][info][gc,stats    ]       Phase: Pause Mark Start                              0.000 / 0.000         0.011 / 0.017         0.011 / 0.017         0.011 / 0.017       ms
[190.158s][info][gc,stats    ]       Phase: Pause Relocate Start                          0.000 / 0.000         0.010 / 0.019         0.010 / 0.019         0.010 / 0.019       ms
[190.158s][info][gc,stats    ]    Subphase: Concurrent Classes Purge                      0.000 / 0.000         0.263 / 0.324         0.263 / 0.324         0.263 / 0.324       ms
[190.158s][info][gc,stats    ]    Subphase: Concurrent Classes Unlink                     0.000 / 0.000         7.149 / 13.012        7.149 / 13.012        7.149 / 13.012      ms
[190.158s][info][gc,stats    ]    Subphase: Concurrent Mark                               0.000 / 0.000        17.210 / 33.017       17.210 / 33.017       17.210 / 33.017      ms
[190.158s][info][gc,stats    ]    Subphase: Concurrent Mark Try Flush                     0.000 / 0.000         0.114 / 0.269         0.114 / 0.269         0.114 / 0.269       ms
[190.158s][info][gc,stats    ]    Subphase: Concurrent Mark Try Terminate                 0.000 / 0.000         2.041 / 14.456        2.041 / 14.456        2.041 / 14.456      ms
[190.158s][info][gc,stats    ]    Subphase: Concurrent References Enqueue                 0.000 / 0.000         0.003 / 0.009         0.003 / 0.009         0.003 / 0.009       ms
[190.158s][info][gc,stats    ]    Subphase: Concurrent References Process                 0.000 / 0.000         0.189 / 0.513         0.189 / 0.513         0.189 / 0.513       ms
[190.158s][info][gc,stats    ]    Subphase: Concurrent Roots ClassLoaderDataGraph         0.000 / 0.000         0.189 / 0.465         0.189 / 0.465         0.189 / 0.465       ms
[190.158s][info][gc,stats    ]    Subphase: Concurrent Roots CodeCache                    0.000 / 0.000         0.000 / 0.000         0.000 / 0.000         0.000 / 0.000       ms
[190.158s][info][gc,stats    ]    Subphase: Concurrent Roots JavaThreads                  0.000 / 0.000         1.106 / 5.702         1.106 / 5.702         1.106 / 5.702       ms
[190.158s][info][gc,stats    ]    Subphase: Concurrent Roots OopStorageSet                0.000 / 0.000         0.032 / 0.085         0.032 / 0.085         0.032 / 0.085       ms
[190.158s][info][gc,stats    ]    Subphase: Concurrent Weak Roots OopStorageSet           0.000 / 0.000         0.582 / 0.939         0.582 / 0.939         0.582 / 0.939       ms
[190.158s][info][gc,stats    ]    Subphase: Pause Mark Try Complete                       0.000 / 0.000         0.000 / 0.000         0.000 / 0.000         0.000 / 0.000       ms
[190.158s][info][gc,stats    ]      System: Java Threads                                      0 / 0                32 / 34               32 / 34               32 / 34          threads
[190.158s][info][gc,stats    ] =========================================================================================================================================================
[195.758s][info][gc,start    ] GC(10) Garbage Collection (Proactive)
[195.758s][info][gc,task     ] GC(10) Using 2 workers
[195.758s][info][gc,phases   ] GC(10) Pause Mark Start 0.008ms
[195.776s][info][gc,phases   ] GC(10) Concurrent Mark 17.085ms
[195.776s][info][gc,phases   ] GC(10) Pause Mark End 0.028ms
[195.776s][info][gc,phases   ] GC(10) Concurrent Mark Free 0.001ms
[195.784s][info][gc,phases   ] GC(10) Concurrent Process Non-Strong References 8.195ms
[195.784s][info][gc,phases   ] GC(10) Concurrent Reset Relocation Set 0.005ms
[195.786s][info][gc,phases   ] GC(10) Concurrent Select Relocation Set 1.331ms
[195.786s][info][gc,phases   ] GC(10) Pause Relocate Start 0.008ms
[195.787s][info][gc,phases   ] GC(10) Concurrent Relocate 0.693ms
[195.787s][info][gc,load     ] GC(10) Load: 0.00/0.00/0.00
[195.787s][info][gc,mmu      ] GC(10) MMU: 2ms/96.8%, 5ms/98.7%, 10ms/99.2%, 20ms/99.6%, 50ms/99.8%, 100ms/99.9%
[195.787s][info][gc,marking  ] GC(10) Mark: 2 stripe(s), 2 proactive flush(es), 1 terminate flush(es), 0 completion(s), 0 continuation(s) 
[195.787s][info][gc,marking  ] GC(10) Mark Stack Usage: 32M
[195.787s][info][gc,nmethod  ] GC(10) NMethods: 7929 registered, 1526 unregistered
[195.787s][info][gc,metaspace] GC(10) Metaspace: 32M used, 33M committed, 1088M reserved
[195.787s][info][gc,ref      ] GC(10) Soft: 4467 encountered, 0 discovered, 0 enqueued
[195.787s][info][gc,ref      ] GC(10) Weak: 3028 encountered, 495 discovered, 0 enqueued
[195.787s][info][gc,ref      ] GC(10) Final: 3 encountered, 3 discovered, 0 enqueued
[195.787s][info][gc,ref      ] GC(10) Phantom: 279 encountered, 197 discovered, 0 enqueued
[195.787s][info][gc,reloc    ] GC(10) Small Pages: 223 / 446M, Empty: 316M, Relocated: 1M, In-Place: 0
[195.787s][info][gc,reloc    ] GC(10) Medium Pages: 1 / 32M, Empty: 0M, Relocated: 0M, In-Place: 0
[195.787s][info][gc,reloc    ] GC(10) Large Pages: 0 / 0M, Empty: 0M, Relocated: 0M, In-Place: 0
[195.787s][info][gc,reloc    ] GC(10) Forwarding Usage: 0M
[195.787s][info][gc,heap     ] GC(10) Min Capacity: 4096M(100%)
[195.787s][info][gc,heap     ] GC(10) Max Capacity: 4096M(100%)
[195.787s][info][gc,heap     ] GC(10) Soft Max Capacity: 4096M(100%)
[195.787s][info][gc,heap     ] GC(10)                Mark Start          Mark End        Relocate Start      Relocate End           High               Low         
[195.787s][info][gc,heap     ] GC(10)  Capacity:     4096M (100%)       4096M (100%)       4096M (100%)       4096M (100%)       4096M (100%)       4096M (100%)   
[195.787s][info][gc,heap     ] GC(10)      Free:     3618M (88%)        3608M (88%)        3922M (96%)        4030M (98%)        4030M (98%)        3606M (88%)    
[195.787s][info][gc,heap     ] GC(10)      Used:      478M (12%)         488M (12%)         174M (4%)           66M (2%)          490M (12%)          66M (2%)     
[195.787s][info][gc,heap     ] GC(10)      Live:         -                18M (0%)           18M (0%)           18M (0%)             -                  -          
[195.787s][info][gc,heap     ] GC(10) Allocated:         -                10M (0%)           12M (0%)           12M (0%)             -                  -          
[195.787s][info][gc,heap     ] GC(10)   Garbage:         -               459M (11%)         143M (4%)           35M (1%)             -                  -          
[195.787s][info][gc,heap     ] GC(10) Reclaimed:         -                  -               316M (8%)          424M (10%)            -                  -          
[195.787s][info][gc          ] GC(10) Garbage Collection (Proactive) 478M(12%)->66M(2%)
[200.161s][info][gc,stats    ] === Garbage Collection Statistics =======================================================================================================================
[200.161s][info][gc,stats    ]                                                              Last 10s              Last 10m              Last 10h                Total
[200.161s][info][gc,stats    ]                                                              Avg / Max             Avg / Max             Avg / Max             Avg / Max
[200.161s][info][gc,stats    ]   Collector: Garbage Collection Cycle                     28.470 / 28.470       34.435 / 54.411       34.435 / 54.411       34.435 / 54.411      ms
[200.161s][info][gc,stats    ]  Contention: Mark Segment Reset Contention                     0 / 0                 0 / 1                 0 / 1                 0 / 1           ops/s
[200.161s][info][gc,stats    ]  Contention: Mark SeqNum Reset Contention                      0 / 1                 0 / 1                 0 / 1                 0 / 1           ops/s
[200.161s][info][gc,stats    ]    Critical: Allocation Stall                                  0 / 0                 0 / 0                 0 / 0                 0 / 0           ops/s
[200.161s][info][gc,stats    ]    Critical: Allocation Stall                              0.000 / 0.000         0.000 / 0.000         0.000 / 0.000         0.000 / 0.000       ms
[200.161s][info][gc,stats    ]    Critical: GC Locker Stall                                   0 / 0                 0 / 0                 0 / 0                 0 / 0           ops/s
[200.161s][info][gc,stats    ]    Critical: GC Locker Stall                               0.000 / 0.000         0.000 / 0.000         0.000 / 0.000         0.000 / 0.000       ms
[200.161s][info][gc,stats    ]    Critical: Relocation Stall                                  0 / 0                 0 / 0                 0 / 0                 0 / 0           ops/s
[200.161s][info][gc,stats    ]    Critical: Relocation Stall                              0.000 / 0.000         0.000 / 0.000         0.000 / 0.000         0.000 / 0.000       ms
[200.161s][info][gc,stats    ]      Memory: Allocation Rate                                  24 / 32               26 / 148              26 / 148              26 / 148         MB/s
[200.161s][info][gc,stats    ]      Memory: Out Of Memory                                     0 / 0                 0 / 0                 0 / 0                 0 / 0           ops/s
[200.161s][info][gc,stats    ]      Memory: Page Cache Flush                                  0 / 0                 0 / 0                 0 / 0                 0 / 0           MB/s
[200.161s][info][gc,stats    ]      Memory: Page Cache Hit L1                                12 / 18               10 / 78               10 / 78               10 / 78          ops/s
[200.161s][info][gc,stats    ]      Memory: Page Cache Hit L2                                 0 / 0                 0 / 0                 0 / 0                 0 / 0           ops/s
[200.161s][info][gc,stats    ]      Memory: Page Cache Hit L3                                 0 / 0                 3 / 48                3 / 48                3 / 48          ops/s
[200.161s][info][gc,stats    ]      Memory: Page Cache Miss                                   0 / 0                 0 / 1                 0 / 1                 0 / 1           ops/s
[200.161s][info][gc,stats    ]      Memory: Uncommit                                          0 / 0                 0 / 0                 0 / 0                 0 / 0           MB/s
[200.161s][info][gc,stats    ]      Memory: Undo Object Allocation Failed                     0 / 0                 0 / 1                 0 / 1                 0 / 1           ops/s
[200.161s][info][gc,stats    ]      Memory: Undo Object Allocation Succeeded                  0 / 0                 0 / 22                0 / 22                0 / 22          ops/s
[200.161s][info][gc,stats    ]      Memory: Undo Page Allocation                              0 / 0                 0 / 2                 0 / 2                 0 / 2           ops/s
[200.161s][info][gc,stats    ]       Phase: Concurrent Mark                              17.085 / 17.085       21.066 / 38.897       21.066 / 38.897       21.066 / 38.897      ms
[200.161s][info][gc,stats    ]       Phase: Concurrent Mark Continue                      0.000 / 0.000         0.000 / 0.000         0.000 / 0.000         0.000 / 0.000       ms
[200.161s][info][gc,stats    ]       Phase: Concurrent Mark Free                          0.001 / 0.001         0.001 / 0.002         0.001 / 0.002         0.001 / 0.002       ms
[200.161s][info][gc,stats    ]       Phase: Concurrent Process Non-Strong References      8.195 / 8.195         8.368 / 14.882        8.368 / 14.882        8.368 / 14.882      ms
[200.161s][info][gc,stats    ]       Phase: Concurrent Relocate                           0.693 / 0.693         1.820 / 6.891         1.820 / 6.891         1.820 / 6.891       ms
[200.161s][info][gc,stats    ]       Phase: Concurrent Reset Relocation Set               0.005 / 0.005         0.006 / 0.011         0.006 / 0.011         0.006 / 0.011       ms
[200.161s][info][gc,stats    ]       Phase: Concurrent Select Relocation Set              1.331 / 1.331         1.801 / 3.477         1.801 / 3.477         1.801 / 3.477       ms
[200.161s][info][gc,stats    ]       Phase: Pause Mark End                                0.028 / 0.028         0.024 / 0.065         0.024 / 0.065         0.024 / 0.065       ms
[200.161s][info][gc,stats    ]       Phase: Pause Mark Start                              0.008 / 0.008         0.011 / 0.017         0.011 / 0.017         0.011 / 0.017       ms
[200.161s][info][gc,stats    ]       Phase: Pause Relocate Start                          0.008 / 0.008         0.010 / 0.019         0.010 / 0.019         0.010 / 0.019       ms
[200.161s][info][gc,stats    ]    Subphase: Concurrent Classes Purge                      0.285 / 0.285         0.265 / 0.324         0.265 / 0.324         0.265 / 0.324       ms
[200.161s][info][gc,stats    ]    Subphase: Concurrent Classes Unlink                     7.170 / 7.170         7.151 / 13.012        7.151 / 13.012        7.151 / 13.012      ms
[200.161s][info][gc,stats    ]    Subphase: Concurrent Mark                              14.243 / 16.035       16.940 / 33.017       16.940 / 33.017       16.940 / 33.017      ms
[200.161s][info][gc,stats    ]    Subphase: Concurrent Mark Try Flush                     0.150 / 0.220         0.117 / 0.269         0.117 / 0.269         0.117 / 0.269       ms
[200.161s][info][gc,stats    ]    Subphase: Concurrent Mark Try Terminate                 1.415 / 4.154         1.984 / 14.456        1.984 / 14.456        1.984 / 14.456      ms
[200.161s][info][gc,stats    ]    Subphase: Concurrent References Enqueue                 0.001 / 0.001         0.003 / 0.009         0.003 / 0.009         0.003 / 0.009       ms
[200.161s][info][gc,stats    ]    Subphase: Concurrent References Process                 0.125 / 0.125         0.183 / 0.513         0.183 / 0.513         0.183 / 0.513       ms
[200.161s][info][gc,stats    ]    Subphase: Concurrent Roots ClassLoaderDataGraph         0.294 / 0.547         0.198 / 0.547         0.198 / 0.547         0.198 / 0.547       ms
[200.161s][info][gc,stats    ]    Subphase: Concurrent Roots CodeCache                    0.000 / 0.000         0.000 / 0.000         0.000 / 0.000         0.000 / 0.000       ms
[200.161s][info][gc,stats    ]    Subphase: Concurrent Roots JavaThreads                  0.458 / 0.675         1.047 / 5.702         1.047 / 5.702         1.047 / 5.702       ms
[200.161s][info][gc,stats    ]    Subphase: Concurrent Roots OopStorageSet                0.041 / 0.056         0.033 / 0.085         0.033 / 0.085         0.033 / 0.085       ms
[200.161s][info][gc,stats    ]    Subphase: Concurrent Weak Roots OopStorageSet           0.417 / 0.418         0.567 / 0.939         0.567 / 0.939         0.567 / 0.939       ms
[200.161s][info][gc,stats    ]    Subphase: Pause Mark Try Complete                       0.000 / 0.000         0.000 / 0.000         0.000 / 0.000         0.000 / 0.000       ms
[200.161s][info][gc,stats    ]      System: Java Threads                                     33 / 33               32 / 34               32 / 34               32 / 34          threads
[200.162s][info][gc,stats    ] =========================================================================================================================================================
[210.165s][info][gc,stats    ] === Garbage Collection Statistics =======================================================================================================================
[210.166s][info][gc,stats    ]                                                              Last 10s              Last 10m              Last 10h                Total
[210.166s][info][gc,stats    ]                                                              Avg / Max             Avg / Max             Avg / Max             Avg / Max
[210.166s][info][gc,stats    ]   Collector: Garbage Collection Cycle                      0.000 / 0.000        34.435 / 54.411       34.435 / 54.411       34.435 / 54.411      ms
[210.166s][info][gc,stats    ]  Contention: Mark Segment Reset Contention                     0 / 0                 0 / 1                 0 / 1                 0 / 1           ops/s
[210.166s][info][gc,stats    ]  Contention: Mark SeqNum Reset Contention                      0 / 0                 0 / 1                 0 / 1                 0 / 1           ops/s
[210.166s][info][gc,stats    ]    Critical: Allocation Stall                                  0 / 0                 0 / 0                 0 / 0                 0 / 0           ops/s
[210.166s][info][gc,stats    ]    Critical: Allocation Stall                              0.000 / 0.000         0.000 / 0.000         0.000 / 0.000         0.000 / 0.000       ms
[210.166s][info][gc,stats    ]    Critical: GC Locker Stall                                   0 / 0                 0 / 0                 0 / 0                 0 / 0           ops/s
[210.166s][info][gc,stats    ]    Critical: GC Locker Stall                               0.000 / 0.000         0.000 / 0.000         0.000 / 0.000         0.000 / 0.000       ms
[210.166s][info][gc,stats    ]    Critical: Relocation Stall                                  0 / 0                 0 / 0                 0 / 0                 0 / 0           ops/s
[210.166s][info][gc,stats    ]    Critical: Relocation Stall                              0.000 / 0.000         0.000 / 0.000         0.000 / 0.000         0.000 / 0.000       ms
[210.166s][info][gc,stats    ]      Memory: Allocation Rate                                  24 / 26               26 / 148              26 / 148              26 / 148         MB/s
[210.166s][info][gc,stats    ]      Memory: Out Of Memory                                     0 / 0                 0 / 0                 0 / 0                 0 / 0           ops/s
[210.166s][info][gc,stats    ]      Memory: Page Cache Flush                                  0 / 0                 0 / 0                 0 / 0                 0 / 0           MB/s
[210.166s][info][gc,stats    ]      Memory: Page Cache Hit L1                                12 / 13               10 / 78               10 / 78               10 / 78          ops/s
[210.166s][info][gc,stats    ]      Memory: Page Cache Hit L2                                 0 / 0                 0 / 0                 0 / 0                 0 / 0           ops/s
[210.166s][info][gc,stats    ]      Memory: Page Cache Hit L3                                 0 / 0                 2 / 48                2 / 48                2 / 48          ops/s
[210.166s][info][gc,stats    ]      Memory: Page Cache Miss                                   0 / 0                 0 / 1                 0 / 1                 0 / 1           ops/s
[210.166s][info][gc,stats    ]      Memory: Uncommit                                          0 / 0                 0 / 0                 0 / 0                 0 / 0           MB/s
[210.166s][info][gc,stats    ]      Memory: Undo Object Allocation Failed                     0 / 0                 0 / 1                 0 / 1                 0 / 1           ops/s
[210.166s][info][gc,stats    ]      Memory: Undo Object Allocation Succeeded                  0 / 0                 0 / 22                0 / 22                0 / 22          ops/s
[210.166s][info][gc,stats    ]      Memory: Undo Page Allocation                              0 / 0                 0 / 2                 0 / 2                 0 / 2           ops/s
[210.166s][info][gc,stats    ]       Phase: Concurrent Mark                               0.000 / 0.000        21.066 / 38.897       21.066 / 38.897       21.066 / 38.897      ms
[210.166s][info][gc,stats    ]       Phase: Concurrent Mark Continue                      0.000 / 0.000         0.000 / 0.000         0.000 / 0.000         0.000 / 0.000       ms
[210.166s][info][gc,stats    ]       Phase: Concurrent Mark Free                          0.000 / 0.000         0.001 / 0.002         0.001 / 0.002         0.001 / 0.002       ms
[210.166s][info][gc,stats    ]       Phase: Concurrent Process Non-Strong References      0.000 / 0.000         8.368 / 14.882        8.368 / 14.882        8.368 / 14.882      ms
[210.166s][info][gc,stats    ]       Phase: Concurrent Relocate                           0.000 / 0.000         1.820 / 6.891         1.820 / 6.891         1.820 / 6.891       ms
[210.166s][info][gc,stats    ]       Phase: Concurrent Reset Relocation Set               0.000 / 0.000         0.006 / 0.011         0.006 / 0.011         0.006 / 0.011       ms
[210.166s][info][gc,stats    ]       Phase: Concurrent Select Relocation Set              0.000 / 0.000         1.801 / 3.477         1.801 / 3.477         1.801 / 3.477       ms
[210.166s][info][gc,stats    ]       Phase: Pause Mark End                                0.000 / 0.000         0.024 / 0.065         0.024 / 0.065         0.024 / 0.065       ms
[210.166s][info][gc,stats    ]       Phase: Pause Mark Start                              0.000 / 0.000         0.011 / 0.017         0.011 / 0.017         0.011 / 0.017       ms
[210.166s][info][gc,stats    ]       Phase: Pause Relocate Start                          0.000 / 0.000         0.010 / 0.019         0.010 / 0.019         0.010 / 0.019       ms
[210.166s][info][gc,stats    ]    Subphase: Concurrent Classes Purge                      0.000 / 0.000         0.265 / 0.324         0.265 / 0.324         0.265 / 0.324       ms
[210.166s][info][gc,stats    ]    Subphase: Concurrent Classes Unlink                     0.000 / 0.000         7.151 / 13.012        7.151 / 13.012        7.151 / 13.012      ms
[210.166s][info][gc,stats    ]    Subphase: Concurrent Mark                               0.000 / 0.000        16.940 / 33.017       16.940 / 33.017       16.940 / 33.017      ms
[210.166s][info][gc,stats    ]    Subphase: Concurrent Mark Try Flush                     0.000 / 0.000         0.117 / 0.269         0.117 / 0.269         0.117 / 0.269       ms
[210.166s][info][gc,stats    ]    Subphase: Concurrent Mark Try Terminate                 0.000 / 0.000         1.984 / 14.456        1.984 / 14.456        1.984 / 14.456      ms
[210.166s][info][gc,stats    ]    Subphase: Concurrent References Enqueue                 0.000 / 0.000         0.003 / 0.009         0.003 / 0.009         0.003 / 0.009       ms
[210.166s][info][gc,stats    ]    Subphase: Concurrent References Process                 0.000 / 0.000         0.183 / 0.513         0.183 / 0.513         0.183 / 0.513       ms
[210.166s][info][gc,stats    ]    Subphase: Concurrent Roots ClassLoaderDataGraph         0.000 / 0.000         0.198 / 0.547         0.198 / 0.547         0.198 / 0.547       ms
[210.166s][info][gc,stats    ]    Subphase: Concurrent Roots CodeCache                    0.000 / 0.000         0.000 / 0.000         0.000 / 0.000         0.000 / 0.000       ms
[210.166s][info][gc,stats    ]    Subphase: Concurrent Roots JavaThreads                  0.000 / 0.000         1.047 / 5.702         1.047 / 5.702         1.047 / 5.702       ms
[210.166s][info][gc,stats    ]    Subphase: Concurrent Roots OopStorageSet                0.000 / 0.000         0.033 / 0.085         0.033 / 0.085         0.033 / 0.085       ms
[210.166s][info][gc,stats    ]    Subphase: Concurrent Weak Roots OopStorageSet           0.000 / 0.000         0.567 / 0.939         0.567 / 0.939         0.567 / 0.939       ms
[210.166s][info][gc,stats    ]    Subphase: Pause Mark Try Complete                       0.000 / 0.000         0.000 / 0.000         0.000 / 0.000         0.000 / 0.000       ms
[210.166s][info][gc,stats    ]      System: Java Threads                                      0 / 0                32 / 34               32 / 34               32 / 34          threads
[210.166s][info][gc,stats    ] =========================================================================================================================================================
[213.058s][info][gc,start    ] GC(11) Garbage Collection (Proactive)
[213.058s][info][gc,task     ] GC(11) Using 2 workers
[213.059s][info][gc,phases   ] GC(11) Pause Mark Start 0.009ms
[213.076s][info][gc,phases   ] GC(11) Concurrent Mark 17.361ms
[213.076s][info][gc,phases   ] GC(11) Pause Mark End 0.028ms
[213.077s][info][gc,phases   ] GC(11) Concurrent Mark Free 0.001ms
[213.085s][info][gc,phases   ] GC(11) Concurrent Process Non-Strong References 8.749ms
[213.085s][info][gc,phases   ] GC(11) Concurrent Reset Relocation Set 0.004ms
[213.087s][info][gc,phases   ] GC(11) Concurrent Select Relocation Set 1.204ms
[213.087s][info][gc,phases   ] GC(11) Pause Relocate Start 0.010ms
[213.088s][info][gc,phases   ] GC(11) Concurrent Relocate 0.923ms
[213.088s][info][gc,load     ] GC(11) Load: 0.00/0.00/0.00
[213.088s][info][gc,mmu      ] GC(11) MMU: 2ms/96.8%, 5ms/98.7%, 10ms/99.2%, 20ms/99.6%, 50ms/99.8%, 100ms/99.9%
[213.088s][info][gc,marking  ] GC(11) Mark: 2 stripe(s), 2 proactive flush(es), 1 terminate flush(es), 0 completion(s), 0 continuation(s) 
[213.088s][info][gc,marking  ] GC(11) Mark Stack Usage: 32M
[213.088s][info][gc,nmethod  ] GC(11) NMethods: 7958 registered, 1526 unregistered
[213.088s][info][gc,metaspace] GC(11) Metaspace: 32M used, 33M committed, 1088M reserved
[213.088s][info][gc,ref      ] GC(11) Soft: 4467 encountered, 0 discovered, 0 enqueued
[213.088s][info][gc,ref      ] GC(11) Weak: 3028 encountered, 378 discovered, 0 enqueued
[213.088s][info][gc,ref      ] GC(11) Final: 3 encountered, 0 discovered, 0 enqueued
[213.088s][info][gc,ref      ] GC(11) Phantom: 279 encountered, 159 discovered, 0 enqueued
[213.088s][info][gc,reloc    ] GC(11) Small Pages: 222 / 444M, Empty: 322M, Relocated: 1M, In-Place: 0
[213.088s][info][gc,reloc    ] GC(11) Medium Pages: 1 / 32M, Empty: 0M, Relocated: 0M, In-Place: 0
[213.088s][info][gc,reloc    ] GC(11) Large Pages: 0 / 0M, Empty: 0M, Relocated: 0M, In-Place: 0
[213.088s][info][gc,reloc    ] GC(11) Forwarding Usage: 0M
[213.088s][info][gc,heap     ] GC(11) Min Capacity: 4096M(100%)
[213.088s][info][gc,heap     ] GC(11) Max Capacity: 4096M(100%)
[213.088s][info][gc,heap     ] GC(11) Soft Max Capacity: 4096M(100%)
[213.088s][info][gc,heap     ] GC(11)                Mark Start          Mark End        Relocate Start      Relocate End           High               Low         
[213.088s][info][gc,heap     ] GC(11)  Capacity:     4096M (100%)       4096M (100%)       4096M (100%)       4096M (100%)       4096M (100%)       4096M (100%)   
[213.088s][info][gc,heap     ] GC(11)      Free:     3620M (88%)        3610M (88%)        3932M (96%)        4032M (98%)        4032M (98%)        3610M (88%)    
[213.088s][info][gc,heap     ] GC(11)      Used:      476M (12%)         486M (12%)         164M (4%)           64M (2%)          486M (12%)          64M (2%)     
[213.088s][info][gc,heap     ] GC(11)      Live:         -                18M (0%)           18M (0%)           18M (0%)             -                  -          
[213.088s][info][gc,heap     ] GC(11) Allocated:         -                10M (0%)           10M (0%)           10M (0%)             -                  -          
[213.088s][info][gc,heap     ] GC(11)   Garbage:         -               457M (11%)         135M (3%)           35M (1%)             -                  -          
[213.088s][info][gc,heap     ] GC(11) Reclaimed:         -                  -               322M (8%)          422M (10%)            -                  -          
[213.088s][info][gc          ] GC(11) Garbage Collection (Proactive) 476M(12%)->64M(2%)
[220.151s][info][gc,stats    ] === Garbage Collection Statistics =======================================================================================================================
[220.151s][info][gc,stats    ]                                                              Last 10s              Last 10m              Last 10h                Total
[220.151s][info][gc,stats    ]                                                              Avg / Max             Avg / Max             Avg / Max             Avg / Max
[220.151s][info][gc,stats    ]   Collector: Garbage Collection Cycle                     29.524 / 29.524       34.026 / 54.411       34.026 / 54.411       34.026 / 54.411      ms
[220.151s][info][gc,stats    ]  Contention: Mark Segment Reset Contention                     0 / 0                 0 / 1                 0 / 1                 0 / 1           ops/s
[220.151s][info][gc,stats    ]  Contention: Mark SeqNum Reset Contention                      0 / 1                 0 / 1                 0 / 1                 0 / 1           ops/s
[220.151s][info][gc,stats    ]    Critical: Allocation Stall                                  0 / 0                 0 / 0                 0 / 0                 0 / 0           ops/s
[220.151s][info][gc,stats    ]    Critical: Allocation Stall                              0.000 / 0.000         0.000 / 0.000         0.000 / 0.000         0.000 / 0.000       ms
[220.151s][info][gc,stats    ]    Critical: GC Locker Stall                                   0 / 0                 0 / 0                 0 / 0                 0 / 0           ops/s
[220.151s][info][gc,stats    ]    Critical: GC Locker Stall                               0.000 / 0.000         0.000 / 0.000         0.000 / 0.000         0.000 / 0.000       ms
[220.151s][info][gc,stats    ]    Critical: Relocation Stall                                  0 / 0                 0 / 0                 0 / 0                 0 / 0           ops/s
[220.151s][info][gc,stats    ]    Critical: Relocation Stall                              0.000 / 0.000         0.000 / 0.000         0.000 / 0.000         0.000 / 0.000       ms
[220.151s][info][gc,stats    ]      Memory: Allocation Rate                                  25 / 32               26 / 148              26 / 148              26 / 148         MB/s
[220.151s][info][gc,stats    ]      Memory: Out Of Memory                                     0 / 0                 0 / 0                 0 / 0                 0 / 0           ops/s
[220.151s][info][gc,stats    ]      Memory: Page Cache Flush                                  0 / 0                 0 / 0                 0 / 0                 0 / 0           MB/s
[220.151s][info][gc,stats    ]      Memory: Page Cache Hit L1                                12 / 18               10 / 78               10 / 78               10 / 78          ops/s
[220.151s][info][gc,stats    ]      Memory: Page Cache Hit L2                                 0 / 0                 0 / 0                 0 / 0                 0 / 0           ops/s
[220.151s][info][gc,stats    ]      Memory: Page Cache Hit L3                                 0 / 0                 2 / 48                2 / 48                2 / 48          ops/s
[220.152s][info][gc,stats    ]      Memory: Page Cache Miss                                   0 / 0                 0 / 1                 0 / 1                 0 / 1           ops/s
[220.152s][info][gc,stats    ]      Memory: Uncommit                                          0 / 0                 0 / 0                 0 / 0                 0 / 0           MB/s
[220.152s][info][gc,stats    ]      Memory: Undo Object Allocation Failed                     0 / 0                 0 / 1                 0 / 1                 0 / 1           ops/s
[220.152s][info][gc,stats    ]      Memory: Undo Object Allocation Succeeded                  0 / 0                 0 / 22                0 / 22                0 / 22          ops/s
[220.152s][info][gc,stats    ]      Memory: Undo Page Allocation                              0 / 1                 0 / 2                 0 / 2                 0 / 2           ops/s
[220.152s][info][gc,stats    ]       Phase: Concurrent Mark                              17.361 / 17.361       20.757 / 38.897       20.757 / 38.897       20.757 / 38.897      ms
[220.152s][info][gc,stats    ]       Phase: Concurrent Mark Continue                      0.000 / 0.000         0.000 / 0.000         0.000 / 0.000         0.000 / 0.000       ms
[220.152s][info][gc,stats    ]       Phase: Concurrent Mark Free                          0.001 / 0.001         0.001 / 0.002         0.001 / 0.002         0.001 / 0.002       ms
[220.152s][info][gc,stats    ]       Phase: Concurrent Process Non-Strong References      8.749 / 8.749         8.399 / 14.882        8.399 / 14.882        8.399 / 14.882      ms
[220.152s][info][gc,stats    ]       Phase: Concurrent Relocate                           0.923 / 0.923         1.746 / 6.891         1.746 / 6.891         1.746 / 6.891       ms
[220.152s][info][gc,stats    ]       Phase: Concurrent Reset Relocation Set               0.004 / 0.004         0.006 / 0.011         0.006 / 0.011         0.006 / 0.011       ms
[220.152s][info][gc,stats    ]       Phase: Concurrent Select Relocation Set              1.204 / 1.204         1.752 / 3.477         1.752 / 3.477         1.752 / 3.477       ms
[220.152s][info][gc,stats    ]       Phase: Pause Mark End                                0.028 / 0.028         0.025 / 0.065         0.025 / 0.065         0.025 / 0.065       ms
[220.152s][info][gc,stats    ]       Phase: Pause Mark Start                              0.009 / 0.009         0.011 / 0.017         0.011 / 0.017         0.011 / 0.017       ms
[220.152s][info][gc,stats    ]       Phase: Pause Relocate Start                          0.010 / 0.010         0.010 / 0.019         0.010 / 0.019         0.010 / 0.019       ms
[220.152s][info][gc,stats    ]    Subphase: Concurrent Classes Purge                      0.309 / 0.309         0.269 / 0.324         0.269 / 0.324         0.269 / 0.324       ms
[220.152s][info][gc,stats    ]    Subphase: Concurrent Classes Unlink                     7.470 / 7.470         7.177 / 13.012        7.177 / 13.012        7.177 / 13.012      ms
[220.152s][info][gc,stats    ]    Subphase: Concurrent Mark                              14.516 / 16.620       16.738 / 33.017       16.738 / 33.017       16.738 / 33.017      ms
[220.152s][info][gc,stats    ]    Subphase: Concurrent Mark Try Flush                     0.154 / 0.235         0.120 / 0.269         0.120 / 0.269         0.120 / 0.269       ms
[220.152s][info][gc,stats    ]    Subphase: Concurrent Mark Try Terminate                 1.637 / 4.821         1.955 / 14.456        1.955 / 14.456        1.955 / 14.456      ms
[220.152s][info][gc,stats    ]    Subphase: Concurrent References Enqueue                 0.001 / 0.001         0.003 / 0.009         0.003 / 0.009         0.003 / 0.009       ms
[220.152s][info][gc,stats    ]    Subphase: Concurrent References Process                 0.119 / 0.119         0.178 / 0.513         0.178 / 0.513         0.178 / 0.513       ms
[220.152s][info][gc,stats    ]    Subphase: Concurrent Roots ClassLoaderDataGraph         0.198 / 0.378         0.198 / 0.547         0.198 / 0.547         0.198 / 0.547       ms
[220.152s][info][gc,stats    ]    Subphase: Concurrent Roots CodeCache                    0.000 / 0.000         0.000 / 0.000         0.000 / 0.000         0.000 / 0.000       ms
[220.152s][info][gc,stats    ]    Subphase: Concurrent Roots JavaThreads                  0.320 / 0.482         0.986 / 5.702         0.986 / 5.702         0.986 / 5.702       ms
[220.152s][info][gc,stats    ]    Subphase: Concurrent Roots OopStorageSet                0.033 / 0.043         0.033 / 0.085         0.033 / 0.085         0.033 / 0.085       ms
[220.152s][info][gc,stats    ]    Subphase: Concurrent Weak Roots OopStorageSet           0.637 / 0.639         0.573 / 0.939         0.573 / 0.939         0.573 / 0.939       ms
[220.152s][info][gc,stats    ]    Subphase: Pause Mark Try Complete                       0.000 / 0.000         0.000 / 0.000         0.000 / 0.000         0.000 / 0.000       ms
[220.152s][info][gc,stats    ]      System: Java Threads                                     33 / 33               32 / 34               32 / 34               32 / 34          threads
[220.152s][info][gc,stats    ] =========================================================================================================================================================
[230.153s][info][gc,stats    ] === Garbage Collection Statistics =======================================================================================================================
[230.154s][info][gc,stats    ]                                                              Last 10s              Last 10m              Last 10h                Total
[230.154s][info][gc,stats    ]                                                              Avg / Max             Avg / Max             Avg / Max             Avg / Max
[230.154s][info][gc,stats    ]   Collector: Garbage Collection Cycle                      0.000 / 0.000        34.026 / 54.411       34.026 / 54.411       34.026 / 54.411      ms
[230.154s][info][gc,stats    ]  Contention: Mark Segment Reset Contention                     0 / 0                 0 / 1                 0 / 1                 0 / 1           ops/s
[230.154s][info][gc,stats    ]  Contention: Mark SeqNum Reset Contention                      0 / 0                 0 / 1                 0 / 1                 0 / 1           ops/s
[230.154s][info][gc,stats    ]    Critical: Allocation Stall                                  0 / 0                 0 / 0                 0 / 0                 0 / 0           ops/s
[230.154s][info][gc,stats    ]    Critical: Allocation Stall                              0.000 / 0.000         0.000 / 0.000         0.000 / 0.000         0.000 / 0.000       ms
[230.154s][info][gc,stats    ]    Critical: GC Locker Stall                                   0 / 0                 0 / 0                 0 / 0                 0 / 0           ops/s
[230.154s][info][gc,stats    ]    Critical: GC Locker Stall                               0.000 / 0.000         0.000 / 0.000         0.000 / 0.000         0.000 / 0.000       ms
[230.154s][info][gc,stats    ]    Critical: Relocation Stall                                  0 / 0                 0 / 0                 0 / 0                 0 / 0           ops/s
[230.154s][info][gc,stats    ]    Critical: Relocation Stall                              0.000 / 0.000         0.000 / 0.000         0.000 / 0.000         0.000 / 0.000       ms
[230.154s][info][gc,stats    ]      Memory: Allocation Rate                                  24 / 28               26 / 148              26 / 148              26 / 148         MB/s
[230.154s][info][gc,stats    ]      Memory: Out Of Memory                                     0 / 0                 0 / 0                 0 / 0                 0 / 0           ops/s
[230.154s][info][gc,stats    ]      Memory: Page Cache Flush                                  0 / 0                 0 / 0                 0 / 0                 0 / 0           MB/s
[230.154s][info][gc,stats    ]      Memory: Page Cache Hit L1                                12 / 14               10 / 78               10 / 78               10 / 78          ops/s
[230.154s][info][gc,stats    ]      Memory: Page Cache Hit L2                                 0 / 0                 0 / 0                 0 / 0                 0 / 0           ops/s
[230.154s][info][gc,stats    ]      Memory: Page Cache Hit L3                                 0 / 0                 2 / 48                2 / 48                2 / 48          ops/s
[230.154s][info][gc,stats    ]      Memory: Page Cache Miss                                   0 / 0                 0 / 1                 0 / 1                 0 / 1           ops/s
[230.154s][info][gc,stats    ]      Memory: Uncommit                                          0 / 0                 0 / 0                 0 / 0                 0 / 0           MB/s
[230.154s][info][gc,stats    ]      Memory: Undo Object Allocation Failed                     0 / 0                 0 / 1                 0 / 1                 0 / 1           ops/s
[230.154s][info][gc,stats    ]      Memory: Undo Object Allocation Succeeded                  0 / 0                 0 / 22                0 / 22                0 / 22          ops/s
[230.154s][info][gc,stats    ]      Memory: Undo Page Allocation                              0 / 0                 0 / 2                 0 / 2                 0 / 2           ops/s
[230.154s][info][gc,stats    ]       Phase: Concurrent Mark                               0.000 / 0.000        20.757 / 38.897       20.757 / 38.897       20.757 / 38.897      ms
[230.154s][info][gc,stats    ]       Phase: Concurrent Mark Continue                      0.000 / 0.000         0.000 / 0.000         0.000 / 0.000         0.000 / 0.000       ms
[230.154s][info][gc,stats    ]       Phase: Concurrent Mark Free                          0.000 / 0.000         0.001 / 0.002         0.001 / 0.002         0.001 / 0.002       ms
[230.154s][info][gc,stats    ]       Phase: Concurrent Process Non-Strong References      0.000 / 0.000         8.399 / 14.882        8.399 / 14.882        8.399 / 14.882      ms
[230.154s][info][gc,stats    ]       Phase: Concurrent Relocate                           0.000 / 0.000         1.746 / 6.891         1.746 / 6.891         1.746 / 6.891       ms
[230.154s][info][gc,stats    ]       Phase: Concurrent Reset Relocation Set               0.000 / 0.000         0.006 / 0.011         0.006 / 0.011         0.006 / 0.011       ms
[230.154s][info][gc,stats    ]       Phase: Concurrent Select Relocation Set              0.000 / 0.000         1.752 / 3.477         1.752 / 3.477         1.752 / 3.477       ms
[230.154s][info][gc,stats    ]       Phase: Pause Mark End                                0.000 / 0.000         0.025 / 0.065         0.025 / 0.065         0.025 / 0.065       ms
[230.154s][info][gc,stats    ]       Phase: Pause Mark Start                              0.000 / 0.000         0.011 / 0.017         0.011 / 0.017         0.011 / 0.017       ms
[230.154s][info][gc,stats    ]       Phase: Pause Relocate Start                          0.000 / 0.000         0.010 / 0.019         0.010 / 0.019         0.010 / 0.019       ms
[230.154s][info][gc,stats    ]    Subphase: Concurrent Classes Purge                      0.000 / 0.000         0.269 / 0.324         0.269 / 0.324         0.269 / 0.324       ms
[230.154s][info][gc,stats    ]    Subphase: Concurrent Classes Unlink                     0.000 / 0.000         7.177 / 13.012        7.177 / 13.012        7.177 / 13.012      ms
[230.154s][info][gc,stats    ]    Subphase: Concurrent Mark                               0.000 / 0.000        16.738 / 33.017       16.738 / 33.017       16.738 / 33.017      ms
[230.154s][info][gc,stats    ]    Subphase: Concurrent Mark Try Flush                     0.000 / 0.000         0.120 / 0.269         0.120 / 0.269         0.120 / 0.269       ms
[230.154s][info][gc,stats    ]    Subphase: Concurrent Mark Try Terminate                 0.000 / 0.000         1.955 / 14.456        1.955 / 14.456        1.955 / 14.456      ms
[230.154s][info][gc,stats    ]    Subphase: Concurrent References Enqueue                 0.000 / 0.000         0.003 / 0.009         0.003 / 0.009         0.003 / 0.009       ms
[230.154s][info][gc,stats    ]    Subphase: Concurrent References Process                 0.000 / 0.000         0.178 / 0.513         0.178 / 0.513         0.178 / 0.513       ms
[230.154s][info][gc,stats    ]    Subphase: Concurrent Roots ClassLoaderDataGraph         0.000 / 0.000         0.198 / 0.547         0.198 / 0.547         0.198 / 0.547       ms
[230.154s][info][gc,stats    ]    Subphase: Concurrent Roots CodeCache                    0.000 / 0.000         0.000 / 0.000         0.000 / 0.000         0.000 / 0.000       ms
[230.154s][info][gc,stats    ]    Subphase: Concurrent Roots JavaThreads                  0.000 / 0.000         0.986 / 5.702         0.986 / 5.702         0.986 / 5.702       ms
[230.154s][info][gc,stats    ]    Subphase: Concurrent Roots OopStorageSet                0.000 / 0.000         0.033 / 0.085         0.033 / 0.085         0.033 / 0.085       ms
[230.154s][info][gc,stats    ]    Subphase: Concurrent Weak Roots OopStorageSet           0.000 / 0.000         0.573 / 0.939         0.573 / 0.939         0.573 / 0.939       ms
[230.154s][info][gc,stats    ]    Subphase: Pause Mark Try Complete                       0.000 / 0.000         0.000 / 0.000         0.000 / 0.000         0.000 / 0.000       ms
[230.154s][info][gc,stats    ]      System: Java Threads                                      0 / 0                32 / 34               32 / 34               32 / 34          threads
[230.154s][info][gc,stats    ] =========================================================================================================================================================
[230.357s][info][gc,start    ] GC(12) Garbage Collection (Proactive)
[230.357s][info][gc,task     ] GC(12) Using 2 workers
[230.357s][info][gc,phases   ] GC(12) Pause Mark Start 0.019ms
[230.374s][info][gc,phases   ] GC(12) Concurrent Mark 17.007ms
[230.374s][info][gc,phases   ] GC(12) Pause Mark End 0.023ms
[230.375s][info][gc,phases   ] GC(12) Concurrent Mark Free 0.001ms
[230.384s][info][gc,phases   ] GC(12) Concurrent Process Non-Strong References 8.850ms
[230.384s][info][gc,phases   ] GC(12) Concurrent Reset Relocation Set 0.004ms
[230.385s][info][gc,phases   ] GC(12) Concurrent Select Relocation Set 1.287ms
[230.385s][info][gc,phases   ] GC(12) Pause Relocate Start 0.012ms
[230.386s][info][gc,phases   ] GC(12) Concurrent Relocate 1.071ms
[230.386s][info][gc,load     ] GC(12) Load: 0.00/0.00/0.00
[230.386s][info][gc,mmu      ] GC(12) MMU: 2ms/96.8%, 5ms/98.7%, 10ms/99.2%, 20ms/99.6%, 50ms/99.8%, 100ms/99.9%
[230.386s][info][gc,marking  ] GC(12) Mark: 2 stripe(s), 2 proactive flush(es), 1 terminate flush(es), 0 completion(s), 0 continuation(s) 
[230.386s][info][gc,marking  ] GC(12) Mark Stack Usage: 32M
[230.386s][info][gc,nmethod  ] GC(12) NMethods: 7981 registered, 1526 unregistered
[230.386s][info][gc,metaspace] GC(12) Metaspace: 32M used, 33M committed, 1088M reserved
[230.386s][info][gc,ref      ] GC(12) Soft: 4467 encountered, 0 discovered, 0 enqueued
[230.386s][info][gc,ref      ] GC(12) Weak: 3028 encountered, 340 discovered, 0 enqueued
[230.386s][info][gc,ref      ] GC(12) Final: 3 encountered, 1 discovered, 0 enqueued
[230.386s][info][gc,ref      ] GC(12) Phantom: 279 encountered, 148 discovered, 0 enqueued
[230.386s][info][gc,reloc    ] GC(12) Small Pages: 222 / 444M, Empty: 324M, Relocated: 1M, In-Place: 0
[230.386s][info][gc,reloc    ] GC(12) Medium Pages: 1 / 32M, Empty: 0M, Relocated: 0M, In-Place: 0
[230.386s][info][gc,reloc    ] GC(12) Large Pages: 0 / 0M, Empty: 0M, Relocated: 0M, In-Place: 0
[230.386s][info][gc,reloc    ] GC(12) Forwarding Usage: 0M
[230.386s][info][gc,heap     ] GC(12) Min Capacity: 4096M(100%)
[230.386s][info][gc,heap     ] GC(12) Max Capacity: 4096M(100%)
[230.386s][info][gc,heap     ] GC(12) Soft Max Capacity: 4096M(100%)
[230.386s][info][gc,heap     ] GC(12)                Mark Start          Mark End        Relocate Start      Relocate End           High               Low         
[230.386s][info][gc,heap     ] GC(12)  Capacity:     4096M (100%)       4096M (100%)       4096M (100%)       4096M (100%)       4096M (100%)       4096M (100%)   
[230.386s][info][gc,heap     ] GC(12)      Free:     3620M (88%)        3610M (88%)        3932M (96%)        4030M (98%)        4030M (98%)        3608M (88%)    
[230.386s][info][gc,heap     ] GC(12)      Used:      476M (12%)         486M (12%)         164M (4%)           66M (2%)          488M (12%)          66M (2%)     
[230.386s][info][gc,heap     ] GC(12)      Live:         -                18M (0%)           18M (0%)           18M (0%)             -                  -          
[230.386s][info][gc,heap     ] GC(12) Allocated:         -                10M (0%)           12M (0%)           12M (0%)             -                  -          
[230.386s][info][gc,heap     ] GC(12)   Garbage:         -               457M (11%)         133M (3%)           35M (1%)             -                  -          
[230.386s][info][gc,heap     ] GC(12) Reclaimed:         -                  -               324M (8%)          422M (10%)            -                  -          
[230.386s][info][gc          ] GC(12) Garbage Collection (Proactive) 476M(12%)->66M(2%)
[240.151s][info][gc,stats    ] === Garbage Collection Statistics =======================================================================================================================
[240.151s][info][gc,stats    ]                                                              Last 10s              Last 10m              Last 10h                Total
[240.151s][info][gc,stats    ]                                                              Avg / Max             Avg / Max             Avg / Max             Avg / Max
[240.152s][info][gc,stats    ]   Collector: Garbage Collection Cycle                     29.579 / 29.579       33.684 / 54.411       33.684 / 54.411       33.684 / 54.411      ms
[240.152s][info][gc,stats    ]  Contention: Mark Segment Reset Contention                     0 / 1                 0 / 1                 0 / 1                 0 / 1           ops/s
[240.152s][info][gc,stats    ]  Contention: Mark SeqNum Reset Contention                      0 / 1                 0 / 1                 0 / 1                 0 / 1           ops/s
[240.152s][info][gc,stats    ]    Critical: Allocation Stall                                  0 / 0                 0 / 0                 0 / 0                 0 / 0           ops/s
[240.152s][info][gc,stats    ]    Critical: Allocation Stall                              0.000 / 0.000         0.000 / 0.000         0.000 / 0.000         0.000 / 0.000       ms
[240.152s][info][gc,stats    ]    Critical: GC Locker Stall                                   0 / 0                 0 / 0                 0 / 0                 0 / 0           ops/s
[240.152s][info][gc,stats    ]    Critical: GC Locker Stall                               0.000 / 0.000         0.000 / 0.000         0.000 / 0.000         0.000 / 0.000       ms
[240.152s][info][gc,stats    ]    Critical: Relocation Stall                                  0 / 0                 0 / 0                 0 / 0                 0 / 0           ops/s
[240.152s][info][gc,stats    ]    Critical: Relocation Stall                              0.000 / 0.000         0.000 / 0.000         0.000 / 0.000         0.000 / 0.000       ms
[240.152s][info][gc,stats    ]      Memory: Allocation Rate                                  24 / 30               26 / 148              26 / 148              26 / 148         MB/s
[240.152s][info][gc,stats    ]      Memory: Out Of Memory                                     0 / 0                 0 / 0                 0 / 0                 0 / 0           ops/s
[240.152s][info][gc,stats    ]      Memory: Page Cache Flush                                  0 / 0                 0 / 0                 0 / 0                 0 / 0           MB/s
[240.152s][info][gc,stats    ]      Memory: Page Cache Hit L1                                12 / 17               10 / 78               10 / 78               10 / 78          ops/s
[240.152s][info][gc,stats    ]      Memory: Page Cache Hit L2                                 0 / 0                 0 / 0                 0 / 0                 0 / 0           ops/s
[240.152s][info][gc,stats    ]      Memory: Page Cache Hit L3                                 0 / 0                 2 / 48                2 / 48                2 / 48          ops/s
[240.152s][info][gc,stats    ]      Memory: Page Cache Miss                                   0 / 0                 0 / 1                 0 / 1                 0 / 1           ops/s
[240.152s][info][gc,stats    ]      Memory: Uncommit                                          0 / 0                 0 / 0                 0 / 0                 0 / 0           MB/s
[240.152s][info][gc,stats    ]      Memory: Undo Object Allocation Failed                     0 / 0                 0 / 1                 0 / 1                 0 / 1           ops/s
[240.152s][info][gc,stats    ]      Memory: Undo Object Allocation Succeeded                  0 / 0                 0 / 22                0 / 22                0 / 22          ops/s
[240.152s][info][gc,stats    ]      Memory: Undo Page Allocation                              0 / 0                 0 / 2                 0 / 2                 0 / 2           ops/s
[240.152s][info][gc,stats    ]       Phase: Concurrent Mark                              17.007 / 17.007       20.468 / 38.897       20.468 / 38.897       20.468 / 38.897      ms
[240.152s][info][gc,stats    ]       Phase: Concurrent Mark Continue                      0.000 / 0.000         0.000 / 0.000         0.000 / 0.000         0.000 / 0.000       ms
[240.152s][info][gc,stats    ]       Phase: Concurrent Mark Free                          0.001 / 0.001         0.001 / 0.002         0.001 / 0.002         0.001 / 0.002       ms
[240.152s][info][gc,stats    ]       Phase: Concurrent Process Non-Strong References      8.850 / 8.850         8.434 / 14.882        8.434 / 14.882        8.434 / 14.882      ms
[240.152s][info][gc,stats    ]       Phase: Concurrent Relocate                           1.071 / 1.071         1.694 / 6.891         1.694 / 6.891         1.694 / 6.891       ms
[240.152s][info][gc,stats    ]       Phase: Concurrent Reset Relocation Set               0.004 / 0.004         0.006 / 0.011         0.006 / 0.011         0.006 / 0.011       ms
[240.152s][info][gc,stats    ]       Phase: Concurrent Select Relocation Set              1.287 / 1.287         1.716 / 3.477         1.716 / 3.477         1.716 / 3.477       ms
[240.152s][info][gc,stats    ]       Phase: Pause Mark End                                0.023 / 0.023         0.025 / 0.065         0.025 / 0.065         0.025 / 0.065       ms
[240.152s][info][gc,stats    ]       Phase: Pause Mark Start                              0.019 / 0.019         0.011 / 0.019         0.011 / 0.019         0.011 / 0.019       ms
[240.152s][info][gc,stats    ]       Phase: Pause Relocate Start                          0.012 / 0.012         0.010 / 0.019         0.010 / 0.019         0.010 / 0.019       ms
[240.152s][info][gc,stats    ]    Subphase: Concurrent Classes Purge                      0.400 / 0.400         0.279 / 0.400         0.279 / 0.400         0.279 / 0.400       ms
[240.152s][info][gc,stats    ]    Subphase: Concurrent Classes Unlink                     7.512 / 7.512         7.203 / 13.012        7.203 / 13.012        7.203 / 13.012      ms
[240.152s][info][gc,stats    ]    Subphase: Concurrent Mark                              14.178 / 16.167       16.541 / 33.017       16.541 / 33.017       16.541 / 33.017      ms
[240.152s][info][gc,stats    ]    Subphase: Concurrent Mark Try Flush                     0.119 / 0.167         0.120 / 0.269         0.120 / 0.269         0.120 / 0.269       ms
[240.152s][info][gc,stats    ]    Subphase: Concurrent Mark Try Terminate                 1.590 / 4.698         1.927 / 14.456        1.927 / 14.456        1.927 / 14.456      ms
[240.152s][info][gc,stats    ]    Subphase: Concurrent References Enqueue                 0.001 / 0.001         0.003 / 0.009         0.003 / 0.009         0.003 / 0.009       ms
[240.152s][info][gc,stats    ]    Subphase: Concurrent References Process                 0.146 / 0.146         0.175 / 0.513         0.175 / 0.513         0.175 / 0.513       ms
[240.152s][info][gc,stats    ]    Subphase: Concurrent Roots ClassLoaderDataGraph         0.203 / 0.388         0.199 / 0.547         0.199 / 0.547         0.199 / 0.547       ms
[240.152s][info][gc,stats    ]    Subphase: Concurrent Roots CodeCache                    0.000 / 0.000         0.000 / 0.000         0.000 / 0.000         0.000 / 0.000       ms
[240.152s][info][gc,stats    ]    Subphase: Concurrent Roots JavaThreads                  0.333 / 0.504         0.936 / 5.702         0.936 / 5.702         0.936 / 5.702       ms
[240.152s][info][gc,stats    ]    Subphase: Concurrent Roots OopStorageSet                0.043 / 0.055         0.034 / 0.085         0.034 / 0.085         0.034 / 0.085       ms
[240.152s][info][gc,stats    ]    Subphase: Concurrent Weak Roots OopStorageSet           0.582 / 0.583         0.573 / 0.939         0.573 / 0.939         0.573 / 0.939       ms
[240.152s][info][gc,stats    ]    Subphase: Pause Mark Try Complete                       0.000 / 0.000         0.000 / 0.000         0.000 / 0.000         0.000 / 0.000       ms
[240.152s][info][gc,stats    ]      System: Java Threads                                     33 / 33               32 / 34               32 / 34               32 / 34          threads
[240.152s][info][gc,stats    ] =========================================================================================================================================================
[247.660s][info][gc,start    ] GC(13) Garbage Collection (Proactive)
[247.660s][info][gc,task     ] GC(13) Using 2 workers
[247.660s][info][gc,phases   ] GC(13) Pause Mark Start 0.008ms
[247.677s][info][gc,phases   ] GC(13) Concurrent Mark 16.128ms
[247.677s][info][gc,phases   ] GC(13) Pause Mark End 0.021ms
[247.677s][info][gc,phases   ] GC(13) Concurrent Mark Free 0.001ms
[247.686s][info][gc,phases   ] GC(13) Concurrent Process Non-Strong References 8.793ms
[247.686s][info][gc,phases   ] GC(13) Concurrent Reset Relocation Set 0.005ms
[247.687s][info][gc,phases   ] GC(13) Concurrent Select Relocation Set 1.387ms
[247.688s][info][gc,phases   ] GC(13) Pause Relocate Start 0.008ms
[247.688s][info][gc,phases   ] GC(13) Concurrent Relocate 0.690ms
[247.688s][info][gc,load     ] GC(13) Load: 0.00/0.00/0.00
[247.688s][info][gc,mmu      ] GC(13) MMU: 2ms/96.8%, 5ms/98.7%, 10ms/99.2%, 20ms/99.6%, 50ms/99.8%, 100ms/99.9%
[247.688s][info][gc,marking  ] GC(13) Mark: 2 stripe(s), 2 proactive flush(es), 1 terminate flush(es), 0 completion(s), 0 continuation(s) 
[247.688s][info][gc,marking  ] GC(13) Mark Stack Usage: 32M
[247.688s][info][gc,nmethod  ] GC(13) NMethods: 7989 registered, 1526 unregistered
[247.688s][info][gc,metaspace] GC(13) Metaspace: 32M used, 33M committed, 1088M reserved
[247.688s][info][gc,ref      ] GC(13) Soft: 4467 encountered, 0 discovered, 0 enqueued
[247.688s][info][gc,ref      ] GC(13) Weak: 3028 encountered, 385 discovered, 0 enqueued
[247.688s][info][gc,ref      ] GC(13) Final: 3 encountered, 1 discovered, 0 enqueued
[247.688s][info][gc,ref      ] GC(13) Phantom: 279 encountered, 190 discovered, 0 enqueued
[247.688s][info][gc,reloc    ] GC(13) Small Pages: 222 / 444M, Empty: 324M, Relocated: 1M, In-Place: 0
[247.688s][info][gc,reloc    ] GC(13) Medium Pages: 1 / 32M, Empty: 0M, Relocated: 0M, In-Place: 0
[247.688s][info][gc,reloc    ] GC(13) Large Pages: 0 / 0M, Empty: 0M, Relocated: 0M, In-Place: 0
[247.688s][info][gc,reloc    ] GC(13) Forwarding Usage: 0M
[247.688s][info][gc,heap     ] GC(13) Min Capacity: 4096M(100%)
[247.688s][info][gc,heap     ] GC(13) Max Capacity: 4096M(100%)
[247.688s][info][gc,heap     ] GC(13) Soft Max Capacity: 4096M(100%)
[247.688s][info][gc,heap     ] GC(13)                Mark Start          Mark End        Relocate Start      Relocate End           High               Low         
[247.688s][info][gc,heap     ] GC(13)  Capacity:     4096M (100%)       4096M (100%)       4096M (100%)       4096M (100%)       4096M (100%)       4096M (100%)   
[247.688s][info][gc,heap     ] GC(13)      Free:     3620M (88%)        3608M (88%)        3932M (96%)        4030M (98%)        4030M (98%)        3608M (88%)    
[247.688s][info][gc,heap     ] GC(13)      Used:      476M (12%)         488M (12%)         164M (4%)           66M (2%)          488M (12%)          66M (2%)     
[247.688s][info][gc,heap     ] GC(13)      Live:         -                18M (0%)           18M (0%)           18M (0%)             -                  -          
[247.688s][info][gc,heap     ] GC(13) Allocated:         -                12M (0%)           12M (0%)           12M (0%)             -                  -          
[247.688s][info][gc,heap     ] GC(13)   Garbage:         -               457M (11%)         133M (3%)           35M (1%)             -                  -          
[247.689s][info][gc,heap     ] GC(13) Reclaimed:         -                  -               324M (8%)          422M (10%)            -                  -          
[247.689s][info][gc          ] GC(13) Garbage Collection (Proactive) 476M(12%)->66M(2%)
[250.163s][info][gc,stats    ] === Garbage Collection Statistics =======================================================================================================================
[250.163s][info][gc,stats    ]                                                              Last 10s              Last 10m              Last 10h                Total
[250.164s][info][gc,stats    ]                                                              Avg / Max             Avg / Max             Avg / Max             Avg / Max
[250.164s][info][gc,stats    ]   Collector: Garbage Collection Cycle                     28.764 / 28.764       33.332 / 54.411       33.332 / 54.411       33.332 / 54.411      ms
[250.164s][info][gc,stats    ]  Contention: Mark Segment Reset Contention                     0 / 0                 0 / 1                 0 / 1                 0 / 1           ops/s
[250.164s][info][gc,stats    ]  Contention: Mark SeqNum Reset Contention                      0 / 1                 0 / 1                 0 / 1                 0 / 1           ops/s
[250.164s][info][gc,stats    ]    Critical: Allocation Stall                                  0 / 0                 0 / 0                 0 / 0                 0 / 0           ops/s
[250.164s][info][gc,stats    ]    Critical: Allocation Stall                              0.000 / 0.000         0.000 / 0.000         0.000 / 0.000         0.000 / 0.000       ms
[250.164s][info][gc,stats    ]    Critical: GC Locker Stall                                   0 / 0                 0 / 0                 0 / 0                 0 / 0           ops/s
[250.164s][info][gc,stats    ]    Critical: GC Locker Stall                               0.000 / 0.000         0.000 / 0.000         0.000 / 0.000         0.000 / 0.000       ms
[250.164s][info][gc,stats    ]    Critical: Relocation Stall                                  0 / 0                 0 / 0                 0 / 0                 0 / 0           ops/s
[250.164s][info][gc,stats    ]    Critical: Relocation Stall                              0.000 / 0.000         0.000 / 0.000         0.000 / 0.000         0.000 / 0.000       ms
[250.164s][info][gc,stats    ]      Memory: Allocation Rate                                  25 / 34               26 / 148              26 / 148              26 / 148         MB/s
[250.164s][info][gc,stats    ]      Memory: Out Of Memory                                     0 / 0                 0 / 0                 0 / 0                 0 / 0           ops/s
[250.164s][info][gc,stats    ]      Memory: Page Cache Flush                                  0 / 0                 0 / 0                 0 / 0                 0 / 0           MB/s
[250.164s][info][gc,stats    ]      Memory: Page Cache Hit L1                                12 / 19               10 / 78               10 / 78               10 / 78          ops/s
[250.164s][info][gc,stats    ]      Memory: Page Cache Hit L2                                 0 / 0                 0 / 0                 0 / 0                 0 / 0           ops/s
[250.164s][info][gc,stats    ]      Memory: Page Cache Hit L3                                 0 / 0                 2 / 48                2 / 48                2 / 48          ops/s
[250.164s][info][gc,stats    ]      Memory: Page Cache Miss                                   0 / 0                 0 / 1                 0 / 1                 0 / 1           ops/s
[250.164s][info][gc,stats    ]      Memory: Uncommit                                          0 / 0                 0 / 0                 0 / 0                 0 / 0           MB/s
[250.164s][info][gc,stats    ]      Memory: Undo Object Allocation Failed                     0 / 0                 0 / 1                 0 / 1                 0 / 1           ops/s
[250.164s][info][gc,stats    ]      Memory: Undo Object Allocation Succeeded                  0 / 0                 0 / 22                0 / 22                0 / 22          ops/s
[250.164s][info][gc,stats    ]      Memory: Undo Page Allocation                              0 / 0                 0 / 2                 0 / 2                 0 / 2           ops/s
[250.164s][info][gc,stats    ]       Phase: Concurrent Mark                              16.128 / 16.128       20.158 / 38.897       20.158 / 38.897       20.158 / 38.897      ms
[250.164s][info][gc,stats    ]       Phase: Concurrent Mark Continue                      0.000 / 0.000         0.000 / 0.000         0.000 / 0.000         0.000 / 0.000       ms
[250.164s][info][gc,stats    ]       Phase: Concurrent Mark Free                          0.001 / 0.001         0.001 / 0.002         0.001 / 0.002         0.001 / 0.002       ms
[250.164s][info][gc,stats    ]       Phase: Concurrent Process Non-Strong References      8.793 / 8.793         8.460 / 14.882        8.460 / 14.882        8.460 / 14.882      ms
[250.164s][info][gc,stats    ]       Phase: Concurrent Relocate                           0.690 / 0.690         1.622 / 6.891         1.622 / 6.891         1.622 / 6.891       ms
[250.164s][info][gc,stats    ]       Phase: Concurrent Reset Relocation Set               0.005 / 0.005         0.005 / 0.011         0.005 / 0.011         0.005 / 0.011       ms
[250.164s][info][gc,stats    ]       Phase: Concurrent Select Relocation Set              1.387 / 1.387         1.692 / 3.477         1.692 / 3.477         1.692 / 3.477       ms
[250.164s][info][gc,stats    ]       Phase: Pause Mark End                                0.021 / 0.021         0.024 / 0.065         0.024 / 0.065         0.024 / 0.065       ms
[250.164s][info][gc,stats    ]       Phase: Pause Mark Start                              0.008 / 0.008         0.011 / 0.019         0.011 / 0.019         0.011 / 0.019       ms
[250.164s][info][gc,stats    ]       Phase: Pause Relocate Start                          0.008 / 0.008         0.010 / 0.019         0.010 / 0.019         0.010 / 0.019       ms
[250.164s][info][gc,stats    ]    Subphase: Concurrent Classes Purge                      0.282 / 0.282         0.279 / 0.400         0.279 / 0.400         0.279 / 0.400       ms
[250.164s][info][gc,stats    ]    Subphase: Concurrent Classes Unlink                     7.515 / 7.515         7.225 / 13.012        7.225 / 13.012        7.225 / 13.012      ms
[250.164s][info][gc,stats    ]    Subphase: Concurrent Mark                              13.612 / 15.388       16.332 / 33.017       16.332 / 33.017       16.332 / 33.017      ms
[250.164s][info][gc,stats    ]    Subphase: Concurrent Mark Try Flush                     0.117 / 0.162         0.120 / 0.269         0.120 / 0.269         0.120 / 0.269       ms
[250.164s][info][gc,stats    ]    Subphase: Concurrent Mark Try Terminate                 1.409 / 4.157         1.890 / 14.456        1.890 / 14.456        1.890 / 14.456      ms
[250.164s][info][gc,stats    ]    Subphase: Concurrent References Enqueue                 0.001 / 0.001         0.003 / 0.009         0.003 / 0.009         0.003 / 0.009       ms
[250.164s][info][gc,stats    ]    Subphase: Concurrent References Process                 0.174 / 0.174         0.175 / 0.513         0.175 / 0.513         0.175 / 0.513       ms
[250.164s][info][gc,stats    ]    Subphase: Concurrent Roots ClassLoaderDataGraph         0.187 / 0.337         0.198 / 0.547         0.198 / 0.547         0.198 / 0.547       ms
[250.164s][info][gc,stats    ]    Subphase: Concurrent Roots CodeCache                    0.000 / 0.000         0.000 / 0.000         0.000 / 0.000         0.000 / 0.000       ms
[250.164s][info][gc,stats    ]    Subphase: Concurrent Roots JavaThreads                  0.261 / 0.406         0.888 / 5.702         0.888 / 5.702         0.888 / 5.702       ms
[250.164s][info][gc,stats    ]    Subphase: Concurrent Roots OopStorageSet                0.026 / 0.035         0.034 / 0.085         0.034 / 0.085         0.034 / 0.085       ms
[250.164s][info][gc,stats    ]    Subphase: Concurrent Weak Roots OopStorageSet           0.609 / 0.610         0.576 / 0.939         0.576 / 0.939         0.576 / 0.939       ms
[250.164s][info][gc,stats    ]    Subphase: Pause Mark Try Complete                       0.000 / 0.000         0.000 / 0.000         0.000 / 0.000         0.000 / 0.000       ms
[250.164s][info][gc,stats    ]      System: Java Threads                                     33 / 33               32 / 34               32 / 34               32 / 34          threads
[250.164s][info][gc,stats    ] =========================================================================================================================================================
[252.972s][info][gc,start    ] GC(14) Garbage Collection (System.gc())
[252.972s][info][gc,task     ] GC(14) Using 2 workers
[252.972s][info][gc,phases   ] GC(14) Pause Mark Start 0.010ms
[252.996s][info][gc,phases   ] GC(14) Concurrent Mark 23.533ms
[252.996s][info][gc,phases   ] GC(14) Pause Mark End 0.019ms
[252.996s][info][gc,phases   ] GC(14) Concurrent Mark Free 0.001ms
[253.012s][info][gc,phases   ] GC(14) Concurrent Process Non-Strong References 16.444ms
[253.012s][info][gc,phases   ] GC(14) Concurrent Reset Relocation Set 0.002ms
[253.014s][info][gc,phases   ] GC(14) Concurrent Select Relocation Set 1.637ms
[253.014s][info][gc,phases   ] GC(14) Pause Relocate Start 0.009ms
[253.016s][info][gc,phases   ] GC(14) Concurrent Relocate 1.481ms
[253.016s][info][gc,load     ] GC(14) Load: 0.00/0.00/0.00
[253.016s][info][gc,mmu      ] GC(14) MMU: 2ms/96.8%, 5ms/98.7%, 10ms/99.2%, 20ms/99.6%, 50ms/99.8%, 100ms/99.9%
[253.016s][info][gc,marking  ] GC(14) Mark: 2 stripe(s), 2 proactive flush(es), 1 terminate flush(es), 0 completion(s), 0 continuation(s) 
[253.016s][info][gc,marking  ] GC(14) Mark Stack Usage: 32M
[253.016s][info][gc,nmethod  ] GC(14) NMethods: 7692 registered, 1875 unregistered
[253.016s][info][gc,metaspace] GC(14) Metaspace: 31M used, 33M committed, 1088M reserved
[253.016s][info][gc,ref      ] GC(14) Soft: 3982 encountered, 0 discovered, 0 enqueued
[253.016s][info][gc,ref      ] GC(14) Weak: 1912 encountered, 502 discovered, 81 enqueued
[253.016s][info][gc,ref      ] GC(14) Final: 3 encountered, 3 discovered, 0 enqueued
[253.016s][info][gc,ref      ] GC(14) Phantom: 269 encountered, 151 discovered, 7 enqueued
[253.016s][info][gc,reloc    ] GC(14) Small Pages: 75 / 150M, Empty: 72M, Relocated: 3M, In-Place: 0
[253.016s][info][gc,reloc    ] GC(14) Medium Pages: 2 / 64M, Empty: 32M, Relocated: 0M, In-Place: 0
[253.016s][info][gc,reloc    ] GC(14) Large Pages: 0 / 0M, Empty: 0M, Relocated: 0M, In-Place: 0
[253.016s][info][gc,reloc    ] GC(14) Forwarding Usage: 1M
[253.016s][info][gc,heap     ] GC(14) Min Capacity: 4096M(100%)
[253.016s][info][gc,heap     ] GC(14) Max Capacity: 4096M(100%)
[253.016s][info][gc,heap     ] GC(14) Soft Max Capacity: 4096M(100%)
[253.016s][info][gc,heap     ] GC(14)                Mark Start          Mark End        Relocate Start      Relocate End           High               Low         
[253.016s][info][gc,heap     ] GC(14)  Capacity:     4096M (100%)       4096M (100%)       4096M (100%)       4096M (100%)       4096M (100%)       4096M (100%)   
[253.016s][info][gc,heap     ] GC(14)      Free:     3882M (95%)        3882M (95%)        3982M (97%)        4038M (99%)        4038M (99%)        3878M (95%)    
[253.016s][info][gc,heap     ] GC(14)      Used:      214M (5%)          214M (5%)          114M (3%)           58M (1%)          218M (5%)           58M (1%)     
[253.016s][info][gc,heap     ] GC(14)      Live:         -                16M (0%)           16M (0%)           16M (0%)             -                  -          
[253.016s][info][gc,heap     ] GC(14) Allocated:         -                 0M (0%)            4M (0%)            5M (0%)             -                  -          
[253.016s][info][gc,heap     ] GC(14)   Garbage:         -               197M (5%)           93M (2%)           35M (1%)             -                  -          
[253.016s][info][gc,heap     ] GC(14) Reclaimed:         -                  -               104M (3%)          161M (4%)             -                  -          
[253.016s][info][gc          ] GC(14) Garbage Collection (System.gc()) 214M(5%)->58M(1%)
[260.163s][info][gc,stats    ] === Garbage Collection Statistics =======================================================================================================================
[260.163s][info][gc,stats    ]                                                              Last 10s              Last 10m              Last 10h                Total
[260.163s][info][gc,stats    ]                                                              Avg / Max             Avg / Max             Avg / Max             Avg / Max
[260.163s][info][gc,stats    ]   Collector: Garbage Collection Cycle                     43.780 / 43.780       34.029 / 54.411       34.029 / 54.411       34.029 / 54.411      ms
[260.163s][info][gc,stats    ]  Contention: Mark Segment Reset Contention                     0 / 0                 0 / 1                 0 / 1                 0 / 1           ops/s
[260.163s][info][gc,stats    ]  Contention: Mark SeqNum Reset Contention                      0 / 1                 0 / 1                 0 / 1                 0 / 1           ops/s
[260.163s][info][gc,stats    ]    Critical: Allocation Stall                                  0 / 0                 0 / 0                 0 / 0                 0 / 0           ops/s
[260.163s][info][gc,stats    ]    Critical: Allocation Stall                              0.000 / 0.000         0.000 / 0.000         0.000 / 0.000         0.000 / 0.000       ms
[260.163s][info][gc,stats    ]    Critical: GC Locker Stall                                   0 / 0                 0 / 0                 0 / 0                 0 / 0           ops/s
[260.163s][info][gc,stats    ]    Critical: GC Locker Stall                               0.000 / 0.000         0.000 / 0.000         0.000 / 0.000         0.000 / 0.000       ms
[260.163s][info][gc,stats    ]    Critical: Relocation Stall                                  0 / 0                 0 / 0                 0 / 0                 0 / 0           ops/s
[260.163s][info][gc,stats    ]    Critical: Relocation Stall                              0.000 / 0.000         0.000 / 0.000         0.000 / 0.000         0.000 / 0.000       ms
[260.163s][info][gc,stats    ]      Memory: Allocation Rate                                  34 / 86               26 / 148              26 / 148              26 / 148         MB/s
[260.163s][info][gc,stats    ]      Memory: Out Of Memory                                     0 / 0                 0 / 0                 0 / 0                 0 / 0           ops/s
[260.163s][info][gc,stats    ]      Memory: Page Cache Flush                                  0 / 0                 0 / 0                 0 / 0                 0 / 0           MB/s
[260.163s][info][gc,stats    ]      Memory: Page Cache Hit L1                                14 / 28               10 / 78               10 / 78               10 / 78          ops/s
[260.163s][info][gc,stats    ]      Memory: Page Cache Hit L2                                 0 / 0                 0 / 0                 0 / 0                 0 / 0           ops/s
[260.163s][info][gc,stats    ]      Memory: Page Cache Hit L3                                 0 / 1                 2 / 48                2 / 48                2 / 48          ops/s
[260.163s][info][gc,stats    ]      Memory: Page Cache Miss                                   0 / 0                 0 / 1                 0 / 1                 0 / 1           ops/s
[260.163s][info][gc,stats    ]      Memory: Uncommit                                          0 / 0                 0 / 0                 0 / 0                 0 / 0           MB/s
[260.163s][info][gc,stats    ]      Memory: Undo Object Allocation Failed                     0 / 0                 0 / 1                 0 / 1                 0 / 1           ops/s
[260.163s][info][gc,stats    ]      Memory: Undo Object Allocation Succeeded                  0 / 0                 0 / 22                0 / 22                0 / 22          ops/s
[260.163s][info][gc,stats    ]      Memory: Undo Page Allocation                              0 / 0                 0 / 2                 0 / 2                 0 / 2           ops/s
[260.163s][info][gc,stats    ]       Phase: Concurrent Mark                              23.533 / 23.533       20.383 / 38.897       20.383 / 38.897       20.383 / 38.897      ms
[260.163s][info][gc,stats    ]       Phase: Concurrent Mark Continue                      0.000 / 0.000         0.000 / 0.000         0.000 / 0.000         0.000 / 0.000       ms
[260.163s][info][gc,stats    ]       Phase: Concurrent Mark Free                          0.001 / 0.001         0.001 / 0.002         0.001 / 0.002         0.001 / 0.002       ms
[260.163s][info][gc,stats    ]       Phase: Concurrent Process Non-Strong References     16.444 / 16.444        8.992 / 16.444        8.992 / 16.444        8.992 / 16.444      ms
[260.163s][info][gc,stats    ]       Phase: Concurrent Relocate                           1.481 / 1.481         1.613 / 6.891         1.613 / 6.891         1.613 / 6.891       ms
[260.163s][info][gc,stats    ]       Phase: Concurrent Reset Relocation Set               0.002 / 0.002         0.005 / 0.011         0.005 / 0.011         0.005 / 0.011       ms
[260.163s][info][gc,stats    ]       Phase: Concurrent Select Relocation Set              1.637 / 1.637         1.689 / 3.477         1.689 / 3.477         1.689 / 3.477       ms
[260.163s][info][gc,stats    ]       Phase: Pause Mark End                                0.019 / 0.019         0.024 / 0.065         0.024 / 0.065         0.024 / 0.065       ms
[260.163s][info][gc,stats    ]       Phase: Pause Mark Start                              0.010 / 0.010         0.011 / 0.019         0.011 / 0.019         0.011 / 0.019       ms
[260.163s][info][gc,stats    ]       Phase: Pause Relocate Start                          0.009 / 0.009         0.010 / 0.019         0.010 / 0.019         0.010 / 0.019       ms
[260.163s][info][gc,stats    ]    Subphase: Concurrent Classes Purge                      1.663 / 1.663         0.371 / 1.663         0.371 / 1.663         0.371 / 1.663       ms
[260.163s][info][gc,stats    ]    Subphase: Concurrent Classes Unlink                    13.931 / 13.931        7.672 / 13.931        7.672 / 13.931        7.672 / 13.931      ms
[260.163s][info][gc,stats    ]    Subphase: Concurrent Mark                              16.947 / 22.322       16.373 / 33.017       16.373 / 33.017       16.373 / 33.017      ms
[260.163s][info][gc,stats    ]    Subphase: Concurrent Mark Try Flush                     0.076 / 0.118         0.117 / 0.269         0.117 / 0.269         0.117 / 0.269       ms
[260.163s][info][gc,stats    ]    Subphase: Concurrent Mark Try Terminate                 4.114 / 12.290        2.038 / 14.456        2.038 / 14.456        2.038 / 14.456      ms
[260.163s][info][gc,stats    ]    Subphase: Concurrent References Enqueue                 0.005 / 0.005         0.003 / 0.009         0.003 / 0.009         0.003 / 0.009       ms
[260.163s][info][gc,stats    ]    Subphase: Concurrent References Process                 0.130 / 0.130         0.172 / 0.513         0.172 / 0.513         0.172 / 0.513       ms
[260.163s][info][gc,stats    ]    Subphase: Concurrent Roots ClassLoaderDataGraph         0.175 / 0.340         0.196 / 0.547         0.196 / 0.547         0.196 / 0.547       ms
[260.163s][info][gc,stats    ]    Subphase: Concurrent Roots CodeCache                    0.000 / 0.000         0.000 / 0.000         0.000 / 0.000         0.000 / 0.000       ms
[260.163s][info][gc,stats    ]    Subphase: Concurrent Roots JavaThreads                  0.809 / 0.961         0.882 / 5.702         0.882 / 5.702         0.882 / 5.702       ms
[260.163s][info][gc,stats    ]    Subphase: Concurrent Roots OopStorageSet                0.024 / 0.030         0.033 / 0.085         0.033 / 0.085         0.033 / 0.085       ms
[260.163s][info][gc,stats    ]    Subphase: Concurrent Weak Roots OopStorageSet           0.476 / 0.489         0.569 / 0.939         0.569 / 0.939         0.569 / 0.939       ms
[260.163s][info][gc,stats    ]    Subphase: Pause Mark Try Complete                       0.000 / 0.000         0.000 / 0.000         0.000 / 0.000         0.000 / 0.000       ms
[260.163s][info][gc,stats    ]      System: Java Threads                                     27 / 28               32 / 34               32 / 34               32 / 34          threads
[260.163s][info][gc,stats    ] =========================================================================================================================================================
[266.865s][info][gc,start    ] GC(15) Garbage Collection (Proactive)
[266.865s][info][gc,task     ] GC(15) Using 2 workers
[266.866s][info][gc,phases   ] GC(15) Pause Mark Start 0.010ms
[266.887s][info][gc,phases   ] GC(15) Concurrent Mark 21.009ms
[266.887s][info][gc,phases   ] GC(15) Pause Mark End 0.021ms
[266.887s][info][gc,phases   ] GC(15) Concurrent Mark Free 0.001ms
[266.896s][info][gc,phases   ] GC(15) Concurrent Process Non-Strong References 8.515ms
[266.896s][info][gc,phases   ] GC(15) Concurrent Reset Relocation Set 0.003ms
[266.897s][info][gc,phases   ] GC(15) Concurrent Select Relocation Set 1.432ms
[266.897s][info][gc,phases   ] GC(15) Pause Relocate Start 0.007ms
[266.899s][info][gc,phases   ] GC(15) Concurrent Relocate 1.467ms
[266.899s][info][gc,load     ] GC(15) Load: 0.00/0.00/0.00
[266.899s][info][gc,mmu      ] GC(15) MMU: 2ms/96.8%, 5ms/98.7%, 10ms/99.2%, 20ms/99.6%, 50ms/99.8%, 100ms/99.9%
[266.899s][info][gc,marking  ] GC(15) Mark: 2 stripe(s), 2 proactive flush(es), 1 terminate flush(es), 0 completion(s), 0 continuation(s) 
[266.899s][info][gc,marking  ] GC(15) Mark Stack Usage: 32M
[266.899s][info][gc,nmethod  ] GC(15) NMethods: 8022 registered, 1999 unregistered
[266.899s][info][gc,metaspace] GC(15) Metaspace: 32M used, 33M committed, 1088M reserved
[266.899s][info][gc,ref      ] GC(15) Soft: 4105 encountered, 0 discovered, 0 enqueued
[266.899s][info][gc,ref      ] GC(15) Weak: 2357 encountered, 848 discovered, 212 enqueued
[266.899s][info][gc,ref      ] GC(15) Final: 3 encountered, 0 discovered, 0 enqueued
[266.899s][info][gc,ref      ] GC(15) Phantom: 300 encountered, 227 discovered, 23 enqueued
[266.899s][info][gc,reloc    ] GC(15) Small Pages: 202 / 404M, Empty: 186M, Relocated: 2M, In-Place: 0
[266.899s][info][gc,reloc    ] GC(15) Medium Pages: 2 / 64M, Empty: 32M, Relocated: 0M, In-Place: 0
[266.899s][info][gc,reloc    ] GC(15) Large Pages: 0 / 0M, Empty: 0M, Relocated: 0M, In-Place: 0
[266.899s][info][gc,reloc    ] GC(15) Forwarding Usage: 0M
[266.899s][info][gc,heap     ] GC(15) Min Capacity: 4096M(100%)
[266.899s][info][gc,heap     ] GC(15) Max Capacity: 4096M(100%)
[266.899s][info][gc,heap     ] GC(15) Soft Max Capacity: 4096M(100%)
[266.899s][info][gc,heap     ] GC(15)                Mark Start          Mark End        Relocate Start      Relocate End           High               Low         
[266.899s][info][gc,heap     ] GC(15)  Capacity:     4096M (100%)       4096M (100%)       4096M (100%)       4096M (100%)       4096M (100%)       4096M (100%)   
[266.899s][info][gc,heap     ] GC(15)      Free:     3628M (89%)        3618M (88%)        3836M (94%)        4034M (98%)        4034M (98%)        3618M (88%)    
[266.899s][info][gc,heap     ] GC(15)      Used:      468M (11%)         478M (12%)         260M (6%)           62M (2%)          478M (12%)          62M (2%)     
[266.899s][info][gc,heap     ] GC(15)      Live:         -                17M (0%)           17M (0%)           17M (0%)             -                  -          
[266.899s][info][gc,heap     ] GC(15) Allocated:         -                10M (0%)           10M (0%)            9M (0%)             -                  -          
[266.899s][info][gc,heap     ] GC(15)   Garbage:         -               450M (11%)         232M (6%)           34M (1%)             -                  -          
[266.899s][info][gc,heap     ] GC(15) Reclaimed:         -                  -               218M (5%)          415M (10%)            -                  -          
[266.899s][info][gc          ] GC(15) Garbage Collection (Proactive) 468M(11%)->62M(2%)
[270.163s][info][gc,stats    ] === Garbage Collection Statistics =======================================================================================================================
[270.163s][info][gc,stats    ]                                                              Last 10s              Last 10m              Last 10h                Total
[270.163s][info][gc,stats    ]                                                              Avg / Max             Avg / Max             Avg / Max             Avg / Max
[270.164s][info][gc,stats    ]   Collector: Garbage Collection Cycle                     33.488 / 33.488       33.995 / 54.411       33.995 / 54.411       33.995 / 54.411      ms
[270.164s][info][gc,stats    ]  Contention: Mark Segment Reset Contention                     0 / 0                 0 / 1                 0 / 1                 0 / 1           ops/s
[270.164s][info][gc,stats    ]  Contention: Mark SeqNum Reset Contention                      0 / 1                 0 / 1                 0 / 1                 0 / 1           ops/s
[270.164s][info][gc,stats    ]    Critical: Allocation Stall                                  0 / 0                 0 / 0                 0 / 0                 0 / 0           ops/s
[270.164s][info][gc,stats    ]    Critical: Allocation Stall                              0.000 / 0.000         0.000 / 0.000         0.000 / 0.000         0.000 / 0.000       ms
[270.164s][info][gc,stats    ]    Critical: GC Locker Stall                                   0 / 0                 0 / 0                 0 / 0                 0 / 0           ops/s
[270.164s][info][gc,stats    ]    Critical: GC Locker Stall                               0.000 / 0.000         0.000 / 0.000         0.000 / 0.000         0.000 / 0.000       ms
[270.164s][info][gc,stats    ]    Critical: Relocation Stall                                  0 / 0                 0 / 0                 0 / 0                 0 / 0           ops/s
[270.164s][info][gc,stats    ]    Critical: Relocation Stall                              0.000 / 0.000         0.000 / 0.000         0.000 / 0.000         0.000 / 0.000       ms
[270.164s][info][gc,stats    ]      Memory: Allocation Rate                                  24 / 34               26 / 148              26 / 148              26 / 148         MB/s
[270.164s][info][gc,stats    ]      Memory: Out Of Memory                                     0 / 0                 0 / 0                 0 / 0                 0 / 0           ops/s
[270.164s][info][gc,stats    ]      Memory: Page Cache Flush                                  0 / 0                 0 / 0                 0 / 0                 0 / 0           MB/s
[270.164s][info][gc,stats    ]      Memory: Page Cache Hit L1                                12 / 19               10 / 78               10 / 78               10 / 78          ops/s
[270.164s][info][gc,stats    ]      Memory: Page Cache Hit L2                                 0 / 0                 0 / 0                 0 / 0                 0 / 0           ops/s
[270.164s][info][gc,stats    ]      Memory: Page Cache Hit L3                                 0 / 0                 2 / 48                2 / 48                2 / 48          ops/s
[270.164s][info][gc,stats    ]      Memory: Page Cache Miss                                   0 / 0                 0 / 1                 0 / 1                 0 / 1           ops/s
[270.164s][info][gc,stats    ]      Memory: Uncommit                                          0 / 0                 0 / 0                 0 / 0                 0 / 0           MB/s
[270.164s][info][gc,stats    ]      Memory: Undo Object Allocation Failed                     0 / 0                 0 / 1                 0 / 1                 0 / 1           ops/s
[270.164s][info][gc,stats    ]      Memory: Undo Object Allocation Succeeded                  0 / 0                 0 / 22                0 / 22                0 / 22          ops/s
[270.164s][info][gc,stats    ]      Memory: Undo Page Allocation                              0 / 0                 0 / 2                 0 / 2                 0 / 2           ops/s
[270.164s][info][gc,stats    ]       Phase: Concurrent Mark                              21.009 / 21.009       20.422 / 38.897       20.422 / 38.897       20.422 / 38.897      ms
[270.164s][info][gc,stats    ]       Phase: Concurrent Mark Continue                      0.000 / 0.000         0.000 / 0.000         0.000 / 0.000         0.000 / 0.000       ms
[270.164s][info][gc,stats    ]       Phase: Concurrent Mark Free                          0.001 / 0.001         0.001 / 0.002         0.001 / 0.002         0.001 / 0.002       ms
[270.164s][info][gc,stats    ]       Phase: Concurrent Process Non-Strong References      8.515 / 8.515         8.962 / 16.444        8.962 / 16.444        8.962 / 16.444      ms
[270.164s][info][gc,stats    ]       Phase: Concurrent Relocate                           1.467 / 1.467         1.604 / 6.891         1.604 / 6.891         1.604 / 6.891       ms
[270.164s][info][gc,stats    ]       Phase: Concurrent Reset Relocation Set               0.003 / 0.003         0.005 / 0.011         0.005 / 0.011         0.005 / 0.011       ms
[270.164s][info][gc,stats    ]       Phase: Concurrent Select Relocation Set              1.432 / 1.432         1.673 / 3.477         1.673 / 3.477         1.673 / 3.477       ms
[270.164s][info][gc,stats    ]       Phase: Pause Mark End                                0.021 / 0.021         0.024 / 0.065         0.024 / 0.065         0.024 / 0.065       ms
[270.164s][info][gc,stats    ]       Phase: Pause Mark Start                              0.010 / 0.010         0.011 / 0.019         0.011 / 0.019         0.011 / 0.019       ms
[270.164s][info][gc,stats    ]       Phase: Pause Relocate Start                          0.007 / 0.007         0.010 / 0.019         0.010 / 0.019         0.010 / 0.019       ms
[270.164s][info][gc,stats    ]    Subphase: Concurrent Classes Purge                      0.245 / 0.245         0.363 / 1.663         0.363 / 1.663         0.363 / 1.663       ms
[270.164s][info][gc,stats    ]    Subphase: Concurrent Classes Unlink                     7.403 / 7.403         7.655 / 13.931        7.655 / 13.931        7.655 / 13.931      ms
[270.164s][info][gc,stats    ]    Subphase: Concurrent Mark                              18.001 / 20.182       16.475 / 33.017       16.475 / 33.017       16.475 / 33.017      ms
[270.164s][info][gc,stats    ]    Subphase: Concurrent Mark Try Flush                     0.097 / 0.144         0.116 / 0.269         0.116 / 0.269         0.116 / 0.269       ms
[270.164s][info][gc,stats    ]    Subphase: Concurrent Mark Try Terminate                 1.607 / 4.769         2.011 / 14.456        2.011 / 14.456        2.011 / 14.456      ms
[270.164s][info][gc,stats    ]    Subphase: Concurrent References Enqueue                 0.004 / 0.004         0.003 / 0.009         0.003 / 0.009         0.003 / 0.009       ms
[270.164s][info][gc,stats    ]    Subphase: Concurrent References Process                 0.138 / 0.138         0.170 / 0.513         0.170 / 0.513         0.170 / 0.513       ms
[270.164s][info][gc,stats    ]    Subphase: Concurrent Roots ClassLoaderDataGraph         0.206 / 0.375         0.197 / 0.547         0.197 / 0.547         0.197 / 0.547       ms
[270.164s][info][gc,stats    ]    Subphase: Concurrent Roots CodeCache                    0.000 / 0.000         0.000 / 0.000         0.000 / 0.000         0.000 / 0.000       ms
[270.164s][info][gc,stats    ]    Subphase: Concurrent Roots JavaThreads                  0.378 / 0.545         0.851 / 5.702         0.851 / 5.702         0.851 / 5.702       ms
[270.164s][info][gc,stats    ]    Subphase: Concurrent Roots OopStorageSet                0.036 / 0.040         0.033 / 0.085         0.033 / 0.085         0.033 / 0.085       ms
[270.164s][info][gc,stats    ]    Subphase: Concurrent Weak Roots OopStorageSet           0.594 / 0.596         0.571 / 0.939         0.571 / 0.939         0.571 / 0.939       ms
[270.164s][info][gc,stats    ]    Subphase: Pause Mark Try Complete                       0.000 / 0.000         0.000 / 0.000         0.000 / 0.000         0.000 / 0.000       ms
[270.164s][info][gc,stats    ]      System: Java Threads                                     33 / 33               32 / 34               32 / 34               32 / 34          threads
[270.164s][info][gc,stats    ] =========================================================================================================================================================
[280.157s][info][gc,stats    ] === Garbage Collection Statistics =======================================================================================================================
[280.157s][info][gc,stats    ]                                                              Last 10s              Last 10m              Last 10h                Total
[280.157s][info][gc,stats    ]                                                              Avg / Max             Avg / Max             Avg / Max             Avg / Max
[280.157s][info][gc,stats    ]   Collector: Garbage Collection Cycle                      0.000 / 0.000        33.995 / 54.411       33.995 / 54.411       33.995 / 54.411      ms
[280.157s][info][gc,stats    ]  Contention: Mark Segment Reset Contention                     0 / 0                 0 / 1                 0 / 1                 0 / 1           ops/s
[280.157s][info][gc,stats    ]  Contention: Mark SeqNum Reset Contention                      0 / 0                 0 / 1                 0 / 1                 0 / 1           ops/s
[280.157s][info][gc,stats    ]    Critical: Allocation Stall                                  0 / 0                 0 / 0                 0 / 0                 0 / 0           ops/s
[280.157s][info][gc,stats    ]    Critical: Allocation Stall                              0.000 / 0.000         0.000 / 0.000         0.000 / 0.000         0.000 / 0.000       ms
[280.157s][info][gc,stats    ]    Critical: GC Locker Stall                                   0 / 0                 0 / 0                 0 / 0                 0 / 0           ops/s
[280.157s][info][gc,stats    ]    Critical: GC Locker Stall                               0.000 / 0.000         0.000 / 0.000         0.000 / 0.000         0.000 / 0.000       ms
[280.157s][info][gc,stats    ]    Critical: Relocation Stall                                  0 / 0                 0 / 0                 0 / 0                 0 / 0           ops/s
[280.157s][info][gc,stats    ]    Critical: Relocation Stall                              0.000 / 0.000         0.000 / 0.000         0.000 / 0.000         0.000 / 0.000       ms
[280.157s][info][gc,stats    ]      Memory: Allocation Rate                                  24 / 26               26 / 148              26 / 148              26 / 148         MB/s
[280.157s][info][gc,stats    ]      Memory: Out Of Memory                                     0 / 0                 0 / 0                 0 / 0                 0 / 0           ops/s
[280.157s][info][gc,stats    ]      Memory: Page Cache Flush                                  0 / 0                 0 / 0                 0 / 0                 0 / 0           MB/s
[280.157s][info][gc,stats    ]      Memory: Page Cache Hit L1                                12 / 13               11 / 78               11 / 78               11 / 78          ops/s
[280.157s][info][gc,stats    ]      Memory: Page Cache Hit L2                                 0 / 0                 0 / 0                 0 / 0                 0 / 0           ops/s
[280.157s][info][gc,stats    ]      Memory: Page Cache Hit L3                                 0 / 0                 2 / 48                2 / 48                2 / 48          ops/s
[280.157s][info][gc,stats    ]      Memory: Page Cache Miss                                   0 / 0                 0 / 1                 0 / 1                 0 / 1           ops/s
[280.157s][info][gc,stats    ]      Memory: Uncommit                                          0 / 0                 0 / 0                 0 / 0                 0 / 0           MB/s
[280.157s][info][gc,stats    ]      Memory: Undo Object Allocation Failed                     0 / 0                 0 / 1                 0 / 1                 0 / 1           ops/s
[280.157s][info][gc,stats    ]      Memory: Undo Object Allocation Succeeded                  0 / 0                 0 / 22                0 / 22                0 / 22          ops/s
[280.157s][info][gc,stats    ]      Memory: Undo Page Allocation                              0 / 0                 0 / 2                 0 / 2                 0 / 2           ops/s
[280.157s][info][gc,stats    ]       Phase: Concurrent Mark                               0.000 / 0.000        20.422 / 38.897       20.422 / 38.897       20.422 / 38.897      ms
[280.157s][info][gc,stats    ]       Phase: Concurrent Mark Continue                      0.000 / 0.000         0.000 / 0.000         0.000 / 0.000         0.000 / 0.000       ms
[280.157s][info][gc,stats    ]       Phase: Concurrent Mark Free                          0.000 / 0.000         0.001 / 0.002         0.001 / 0.002         0.001 / 0.002       ms
[280.157s][info][gc,stats    ]       Phase: Concurrent Process Non-Strong References      0.000 / 0.000         8.962 / 16.444        8.962 / 16.444        8.962 / 16.444      ms
[280.157s][info][gc,stats    ]       Phase: Concurrent Relocate                           0.000 / 0.000         1.604 / 6.891         1.604 / 6.891         1.604 / 6.891       ms
[280.157s][info][gc,stats    ]       Phase: Concurrent Reset Relocation Set               0.000 / 0.000         0.005 / 0.011         0.005 / 0.011         0.005 / 0.011       ms
[280.157s][info][gc,stats    ]       Phase: Concurrent Select Relocation Set              0.000 / 0.000         1.673 / 3.477         1.673 / 3.477         1.673 / 3.477       ms
[280.158s][info][gc,stats    ]       Phase: Pause Mark End                                0.000 / 0.000         0.024 / 0.065         0.024 / 0.065         0.024 / 0.065       ms
[280.158s][info][gc,stats    ]       Phase: Pause Mark Start                              0.000 / 0.000         0.011 / 0.019         0.011 / 0.019         0.011 / 0.019       ms
[280.158s][info][gc,stats    ]       Phase: Pause Relocate Start                          0.000 / 0.000         0.010 / 0.019         0.010 / 0.019         0.010 / 0.019       ms
[280.158s][info][gc,stats    ]    Subphase: Concurrent Classes Purge                      0.000 / 0.000         0.363 / 1.663         0.363 / 1.663         0.363 / 1.663       ms
[280.158s][info][gc,stats    ]    Subphase: Concurrent Classes Unlink                     0.000 / 0.000         7.655 / 13.931        7.655 / 13.931        7.655 / 13.931      ms
[280.158s][info][gc,stats    ]    Subphase: Concurrent Mark                               0.000 / 0.000        16.475 / 33.017       16.475 / 33.017       16.475 / 33.017      ms
[280.158s][info][gc,stats    ]    Subphase: Concurrent Mark Try Flush                     0.000 / 0.000         0.116 / 0.269         0.116 / 0.269         0.116 / 0.269       ms
[280.158s][info][gc,stats    ]    Subphase: Concurrent Mark Try Terminate                 0.000 / 0.000         2.011 / 14.456        2.011 / 14.456        2.011 / 14.456      ms
[280.158s][info][gc,stats    ]    Subphase: Concurrent References Enqueue                 0.000 / 0.000         0.003 / 0.009         0.003 / 0.009         0.003 / 0.009       ms
[280.158s][info][gc,stats    ]    Subphase: Concurrent References Process                 0.000 / 0.000         0.170 / 0.513         0.170 / 0.513         0.170 / 0.513       ms
[280.158s][info][gc,stats    ]    Subphase: Concurrent Roots ClassLoaderDataGraph         0.000 / 0.000         0.197 / 0.547         0.197 / 0.547         0.197 / 0.547       ms
[280.158s][info][gc,stats    ]    Subphase: Concurrent Roots CodeCache                    0.000 / 0.000         0.000 / 0.000         0.000 / 0.000         0.000 / 0.000       ms
[280.158s][info][gc,stats    ]    Subphase: Concurrent Roots JavaThreads                  0.000 / 0.000         0.851 / 5.702         0.851 / 5.702         0.851 / 5.702       ms
[280.158s][info][gc,stats    ]    Subphase: Concurrent Roots OopStorageSet                0.000 / 0.000         0.033 / 0.085         0.033 / 0.085         0.033 / 0.085       ms
[280.158s][info][gc,stats    ]    Subphase: Concurrent Weak Roots OopStorageSet           0.000 / 0.000         0.571 / 0.939         0.571 / 0.939         0.571 / 0.939       ms
[280.158s][info][gc,stats    ]    Subphase: Pause Mark Try Complete                       0.000 / 0.000         0.000 / 0.000         0.000 / 0.000         0.000 / 0.000       ms
[280.158s][info][gc,stats    ]      System: Java Threads                                      0 / 0                32 / 34               32 / 34               32 / 34          threads
[280.158s][info][gc,stats    ] =========================================================================================================================================================
[284.056s][info][gc,start    ] GC(16) Garbage Collection (Proactive)
[284.056s][info][gc,task     ] GC(16) Using 2 workers
[284.056s][info][gc,phases   ] GC(16) Pause Mark Start 0.014ms
[284.074s][info][gc,phases   ] GC(16) Concurrent Mark 17.137ms
[284.074s][info][gc,phases   ] GC(16) Pause Mark End 0.028ms
[284.074s][info][gc,phases   ] GC(16) Concurrent Mark Free 0.001ms
[284.083s][info][gc,phases   ] GC(16) Concurrent Process Non-Strong References 8.892ms
[284.083s][info][gc,phases   ] GC(16) Concurrent Reset Relocation Set 0.005ms
[284.084s][info][gc,phases   ] GC(16) Concurrent Select Relocation Set 1.182ms
[284.085s][info][gc,phases   ] GC(16) Pause Relocate Start 0.011ms
[284.085s][info][gc,phases   ] GC(16) Concurrent Relocate 0.592ms
[284.085s][info][gc,load     ] GC(16) Load: 0.00/0.00/0.00
[284.085s][info][gc,mmu      ] GC(16) MMU: 2ms/96.8%, 5ms/98.7%, 10ms/99.2%, 20ms/99.6%, 50ms/99.8%, 100ms/99.9%
[284.085s][info][gc,marking  ] GC(16) Mark: 2 stripe(s), 2 proactive flush(es), 1 terminate flush(es), 0 completion(s), 0 continuation(s) 
[284.085s][info][gc,marking  ] GC(16) Mark Stack Usage: 32M
[284.085s][info][gc,nmethod  ] GC(16) NMethods: 8121 registered, 1999 unregistered
[284.085s][info][gc,metaspace] GC(16) Metaspace: 32M used, 33M committed, 1088M reserved
[284.085s][info][gc,ref      ] GC(16) Soft: 4105 encountered, 0 discovered, 0 enqueued
[284.085s][info][gc,ref      ] GC(16) Weak: 2151 encountered, 537 discovered, 3 enqueued
[284.085s][info][gc,ref      ] GC(16) Final: 3 encountered, 1 discovered, 0 enqueued
[284.085s][info][gc,ref      ] GC(16) Phantom: 279 encountered, 141 discovered, 0 enqueued
[284.085s][info][gc,reloc    ] GC(16) Small Pages: 220 / 440M, Empty: 324M, Relocated: 1M, In-Place: 0
[284.085s][info][gc,reloc    ] GC(16) Medium Pages: 1 / 32M, Empty: 0M, Relocated: 0M, In-Place: 0
[284.085s][info][gc,reloc    ] GC(16) Large Pages: 0 / 0M, Empty: 0M, Relocated: 0M, In-Place: 0
[284.085s][info][gc,reloc    ] GC(16) Forwarding Usage: 0M
[284.085s][info][gc,heap     ] GC(16) Min Capacity: 4096M(100%)
[284.085s][info][gc,heap     ] GC(16) Max Capacity: 4096M(100%)
[284.085s][info][gc,heap     ] GC(16) Soft Max Capacity: 4096M(100%)
[284.085s][info][gc,heap     ] GC(16)                Mark Start          Mark End        Relocate Start      Relocate End           High               Low         
[284.085s][info][gc,heap     ] GC(16)  Capacity:     4096M (100%)       4096M (100%)       4096M (100%)       4096M (100%)       4096M (100%)       4096M (100%)   
[284.085s][info][gc,heap     ] GC(16)      Free:     3624M (88%)        3614M (88%)        3936M (96%)        4030M (98%)        4030M (98%)        3612M (88%)    
[284.085s][info][gc,heap     ] GC(16)      Used:      472M (12%)         482M (12%)         160M (4%)           66M (2%)          484M (12%)          66M (2%)     
[284.085s][info][gc,heap     ] GC(16)      Live:         -                17M (0%)           17M (0%)           17M (0%)             -                  -          
[284.085s][info][gc,heap     ] GC(16) Allocated:         -                10M (0%)           12M (0%)           12M (0%)             -                  -          
[284.085s][info][gc,heap     ] GC(16)   Garbage:         -               454M (11%)         130M (3%)           36M (1%)             -                  -          
[284.085s][info][gc,heap     ] GC(16) Reclaimed:         -                  -               324M (8%)          418M (10%)            -                  -          
[284.085s][info][gc          ] GC(16) Garbage Collection (Proactive) 472M(12%)->66M(2%)
[290.158s][info][gc,stats    ] === Garbage Collection Statistics =======================================================================================================================
[290.159s][info][gc,stats    ]                                                              Last 10s              Last 10m              Last 10h                Total
[290.159s][info][gc,stats    ]                                                              Avg / Max             Avg / Max             Avg / Max             Avg / Max
[290.159s][info][gc,stats    ]   Collector: Garbage Collection Cycle                     29.142 / 29.142       33.710 / 54.411       33.710 / 54.411       33.710 / 54.411      ms
[290.159s][info][gc,stats    ]  Contention: Mark Segment Reset Contention                     0 / 0                 0 / 1                 0 / 1                 0 / 1           ops/s
[290.159s][info][gc,stats    ]  Contention: Mark SeqNum Reset Contention                      0 / 1                 0 / 1                 0 / 1                 0 / 1           ops/s
[290.159s][info][gc,stats    ]    Critical: Allocation Stall                                  0 / 0                 0 / 0                 0 / 0                 0 / 0           ops/s
[290.159s][info][gc,stats    ]    Critical: Allocation Stall                              0.000 / 0.000         0.000 / 0.000         0.000 / 0.000         0.000 / 0.000       ms
[290.159s][info][gc,stats    ]    Critical: GC Locker Stall                                   0 / 0                 0 / 0                 0 / 0                 0 / 0           ops/s
[290.159s][info][gc,stats    ]    Critical: GC Locker Stall                               0.000 / 0.000         0.000 / 0.000         0.000 / 0.000         0.000 / 0.000       ms
[290.159s][info][gc,stats    ]    Critical: Relocation Stall                                  0 / 0                 0 / 0                 0 / 0                 0 / 0           ops/s
[290.159s][info][gc,stats    ]    Critical: Relocation Stall                              0.000 / 0.000         0.000 / 0.000         0.000 / 0.000         0.000 / 0.000       ms
[290.159s][info][gc,stats    ]      Memory: Allocation Rate                                  25 / 34               26 / 148              26 / 148              26 / 148         MB/s
[290.159s][info][gc,stats    ]      Memory: Out Of Memory                                     0 / 0                 0 / 0                 0 / 0                 0 / 0           ops/s
[290.159s][info][gc,stats    ]      Memory: Page Cache Flush                                  0 / 0                 0 / 0                 0 / 0                 0 / 0           MB/s
[290.159s][info][gc,stats    ]      Memory: Page Cache Hit L1                                12 / 19               11 / 78               11 / 78               11 / 78          ops/s
[290.159s][info][gc,stats    ]      Memory: Page Cache Hit L2                                 0 / 0                 0 / 0                 0 / 0                 0 / 0           ops/s
[290.159s][info][gc,stats    ]      Memory: Page Cache Hit L3                                 0 / 0                 2 / 48                2 / 48                2 / 48          ops/s
[290.159s][info][gc,stats    ]      Memory: Page Cache Miss                                   0 / 0                 0 / 1                 0 / 1                 0 / 1           ops/s
[290.159s][info][gc,stats    ]      Memory: Uncommit                                          0 / 0                 0 / 0                 0 / 0                 0 / 0           MB/s
[290.159s][info][gc,stats    ]      Memory: Undo Object Allocation Failed                     0 / 0                 0 / 1                 0 / 1                 0 / 1           ops/s
[290.159s][info][gc,stats    ]      Memory: Undo Object Allocation Succeeded                  0 / 0                 0 / 22                0 / 22                0 / 22          ops/s
[290.159s][info][gc,stats    ]      Memory: Undo Page Allocation                              0 / 1                 0 / 2                 0 / 2                 0 / 2           ops/s
[290.159s][info][gc,stats    ]       Phase: Concurrent Mark                              17.137 / 17.137       20.229 / 38.897       20.229 / 38.897       20.229 / 38.897      ms
[290.159s][info][gc,stats    ]       Phase: Concurrent Mark Continue                      0.000 / 0.000         0.000 / 0.000         0.000 / 0.000         0.000 / 0.000       ms
[290.159s][info][gc,stats    ]       Phase: Concurrent Mark Free                          0.001 / 0.001         0.001 / 0.002         0.001 / 0.002         0.001 / 0.002       ms
[290.159s][info][gc,stats    ]       Phase: Concurrent Process Non-Strong References      8.892 / 8.892         8.958 / 16.444        8.958 / 16.444        8.958 / 16.444      ms
[290.159s][info][gc,stats    ]       Phase: Concurrent Relocate                           0.592 / 0.592         1.544 / 6.891         1.544 / 6.891         1.544 / 6.891       ms
[290.159s][info][gc,stats    ]       Phase: Concurrent Reset Relocation Set               0.005 / 0.005         0.005 / 0.011         0.005 / 0.011         0.005 / 0.011       ms
[290.159s][info][gc,stats    ]       Phase: Concurrent Select Relocation Set              1.182 / 1.182         1.644 / 3.477         1.644 / 3.477         1.644 / 3.477       ms
[290.159s][info][gc,stats    ]       Phase: Pause Mark End                                0.028 / 0.028         0.024 / 0.065         0.024 / 0.065         0.024 / 0.065       ms
[290.159s][info][gc,stats    ]       Phase: Pause Mark Start                              0.014 / 0.014         0.011 / 0.019         0.011 / 0.019         0.011 / 0.019       ms
[290.159s][info][gc,stats    ]       Phase: Pause Relocate Start                          0.011 / 0.011         0.010 / 0.019         0.010 / 0.019         0.010 / 0.019       ms
[290.159s][info][gc,stats    ]    Subphase: Concurrent Classes Purge                      0.233 / 0.233         0.356 / 1.663         0.356 / 1.663         0.356 / 1.663       ms
[290.159s][info][gc,stats    ]    Subphase: Concurrent Classes Unlink                     7.653 / 7.653         7.655 / 13.931        7.655 / 13.931        7.655 / 13.931      ms
[290.159s][info][gc,stats    ]    Subphase: Concurrent Mark                              14.410 / 16.442       16.353 / 33.017       16.353 / 33.017       16.353 / 33.017      ms
[290.159s][info][gc,stats    ]    Subphase: Concurrent Mark Try Flush                     0.105 / 0.170         0.115 / 0.269         0.115 / 0.269         0.115 / 0.269       ms
[290.159s][info][gc,stats    ]    Subphase: Concurrent Mark Try Terminate                 1.435 / 4.250         1.977 / 14.456        1.977 / 14.456        1.977 / 14.456      ms
[290.159s][info][gc,stats    ]    Subphase: Concurrent References Enqueue                 0.004 / 0.004         0.003 / 0.009         0.003 / 0.009         0.003 / 0.009       ms
[290.159s][info][gc,stats    ]    Subphase: Concurrent References Process                 0.146 / 0.146         0.169 / 0.513         0.169 / 0.513         0.169 / 0.513       ms
[290.159s][info][gc,stats    ]    Subphase: Concurrent Roots ClassLoaderDataGraph         0.135 / 0.242         0.193 / 0.547         0.193 / 0.547         0.193 / 0.547       ms
[290.159s][info][gc,stats    ]    Subphase: Concurrent Roots CodeCache                    0.000 / 0.000         0.000 / 0.000         0.000 / 0.000         0.000 / 0.000       ms
[290.159s][info][gc,stats    ]    Subphase: Concurrent Roots JavaThreads                  0.345 / 0.446         0.821 / 5.702         0.821 / 5.702         0.821 / 5.702       ms
[290.159s][info][gc,stats    ]    Subphase: Concurrent Roots OopStorageSet                0.024 / 0.031         0.032 / 0.085         0.032 / 0.085         0.032 / 0.085       ms
[290.159s][info][gc,stats    ]    Subphase: Concurrent Weak Roots OopStorageSet           0.707 / 0.714         0.579 / 0.939         0.579 / 0.939         0.579 / 0.939       ms
[290.159s][info][gc,stats    ]    Subphase: Pause Mark Try Complete                       0.000 / 0.000         0.000 / 0.000         0.000 / 0.000         0.000 / 0.000       ms
[290.159s][info][gc,stats    ]      System: Java Threads                                     33 / 33               32 / 34               32 / 34               32 / 34          threads
[290.159s][info][gc,stats    ] =========================================================================================================================================================
[300.155s][info][gc,stats    ] === Garbage Collection Statistics =======================================================================================================================
[300.155s][info][gc,stats    ]                                                              Last 10s              Last 10m              Last 10h                Total
[300.155s][info][gc,stats    ]                                                              Avg / Max             Avg / Max             Avg / Max             Avg / Max
[300.155s][info][gc,stats    ]   Collector: Garbage Collection Cycle                      0.000 / 0.000        33.710 / 54.411       33.710 / 54.411       33.710 / 54.411      ms
[300.155s][info][gc,stats    ]  Contention: Mark Segment Reset Contention                     0 / 0                 0 / 1                 0 / 1                 0 / 1           ops/s
[300.155s][info][gc,stats    ]  Contention: Mark SeqNum Reset Contention                      0 / 0                 0 / 1                 0 / 1                 0 / 1           ops/s
[300.155s][info][gc,stats    ]    Critical: Allocation Stall                                  0 / 0                 0 / 0                 0 / 0                 0 / 0           ops/s
[300.155s][info][gc,stats    ]    Critical: Allocation Stall                              0.000 / 0.000         0.000 / 0.000         0.000 / 0.000         0.000 / 0.000       ms
[300.155s][info][gc,stats    ]    Critical: GC Locker Stall                                   0 / 0                 0 / 0                 0 / 0                 0 / 0           ops/s
[300.156s][info][gc,stats    ]    Critical: GC Locker Stall                               0.000 / 0.000         0.000 / 0.000         0.000 / 0.000         0.000 / 0.000       ms
[300.156s][info][gc,stats    ]    Critical: Relocation Stall                                  0 / 0                 0 / 0                 0 / 0                 0 / 0           ops/s
[300.156s][info][gc,stats    ]    Critical: Relocation Stall                              0.000 / 0.000         0.000 / 0.000         0.000 / 0.000         0.000 / 0.000       ms
[300.156s][info][gc,stats    ]      Memory: Allocation Rate                                  24 / 26               26 / 148              26 / 148              26 / 148         MB/s
[300.156s][info][gc,stats    ]      Memory: Out Of Memory                                     0 / 0                 0 / 0                 0 / 0                 0 / 0           ops/s
[300.156s][info][gc,stats    ]      Memory: Page Cache Flush                                  0 / 0                 0 / 0                 0 / 0                 0 / 0           MB/s
[300.156s][info][gc,stats    ]      Memory: Page Cache Hit L1                                12 / 13               11 / 78               11 / 78               11 / 78          ops/s
[300.156s][info][gc,stats    ]      Memory: Page Cache Hit L2                                 0 / 0                 0 / 0                 0 / 0                 0 / 0           ops/s
[300.156s][info][gc,stats    ]      Memory: Page Cache Hit L3                                 0 / 0                 2 / 48                2 / 48                2 / 48          ops/s
[300.156s][info][gc,stats    ]      Memory: Page Cache Miss                                   0 / 0                 0 / 1                 0 / 1                 0 / 1           ops/s
[300.156s][info][gc,stats    ]      Memory: Uncommit                                          0 / 0                 0 / 0                 0 / 0                 0 / 0           MB/s
[300.156s][info][gc,stats    ]      Memory: Undo Object Allocation Failed                     0 / 0                 0 / 1                 0 / 1                 0 / 1           ops/s
[300.156s][info][gc,stats    ]      Memory: Undo Object Allocation Succeeded                  0 / 0                 0 / 22                0 / 22                0 / 22          ops/s
[300.156s][info][gc,stats    ]      Memory: Undo Page Allocation                              0 / 0                 0 / 2                 0 / 2                 0 / 2           ops/s
[300.156s][info][gc,stats    ]       Phase: Concurrent Mark                               0.000 / 0.000        20.229 / 38.897       20.229 / 38.897       20.229 / 38.897      ms
[300.156s][info][gc,stats    ]       Phase: Concurrent Mark Continue                      0.000 / 0.000         0.000 / 0.000         0.000 / 0.000         0.000 / 0.000       ms
[300.156s][info][gc,stats    ]       Phase: Concurrent Mark Free                          0.000 / 0.000         0.001 / 0.002         0.001 / 0.002         0.001 / 0.002       ms
[300.156s][info][gc,stats    ]       Phase: Concurrent Process Non-Strong References      0.000 / 0.000         8.958 / 16.444        8.958 / 16.444        8.958 / 16.444      ms
[300.156s][info][gc,stats    ]       Phase: Concurrent Relocate                           0.000 / 0.000         1.544 / 6.891         1.544 / 6.891         1.544 / 6.891       ms
[300.156s][info][gc,stats    ]       Phase: Concurrent Reset Relocation Set               0.000 / 0.000         0.005 / 0.011         0.005 / 0.011         0.005 / 0.011       ms
[300.156s][info][gc,stats    ]       Phase: Concurrent Select Relocation Set              0.000 / 0.000         1.644 / 3.477         1.644 / 3.477         1.644 / 3.477       ms
[300.156s][info][gc,stats    ]       Phase: Pause Mark End                                0.000 / 0.000         0.024 / 0.065         0.024 / 0.065         0.024 / 0.065       ms
[300.156s][info][gc,stats    ]       Phase: Pause Mark Start                              0.000 / 0.000         0.011 / 0.019         0.011 / 0.019         0.011 / 0.019       ms
[300.156s][info][gc,stats    ]       Phase: Pause Relocate Start                          0.000 / 0.000         0.010 / 0.019         0.010 / 0.019         0.010 / 0.019       ms
[300.156s][info][gc,stats    ]    Subphase: Concurrent Classes Purge                      0.000 / 0.000         0.356 / 1.663         0.356 / 1.663         0.356 / 1.663       ms
[300.156s][info][gc,stats    ]    Subphase: Concurrent Classes Unlink                     0.000 / 0.000         7.655 / 13.931        7.655 / 13.931        7.655 / 13.931      ms
[300.156s][info][gc,stats    ]    Subphase: Concurrent Mark                               0.000 / 0.000        16.353 / 33.017       16.353 / 33.017       16.353 / 33.017      ms
[300.156s][info][gc,stats    ]    Subphase: Concurrent Mark Try Flush                     0.000 / 0.000         0.115 / 0.269         0.115 / 0.269         0.115 / 0.269       ms
[300.156s][info][gc,stats    ]    Subphase: Concurrent Mark Try Terminate                 0.000 / 0.000         1.977 / 14.456        1.977 / 14.456        1.977 / 14.456      ms
[300.156s][info][gc,stats    ]    Subphase: Concurrent References Enqueue                 0.000 / 0.000         0.003 / 0.009         0.003 / 0.009         0.003 / 0.009       ms
[300.156s][info][gc,stats    ]    Subphase: Concurrent References Process                 0.000 / 0.000         0.169 / 0.513         0.169 / 0.513         0.169 / 0.513       ms
[300.156s][info][gc,stats    ]    Subphase: Concurrent Roots ClassLoaderDataGraph         0.000 / 0.000         0.193 / 0.547         0.193 / 0.547         0.193 / 0.547       ms
[300.156s][info][gc,stats    ]    Subphase: Concurrent Roots CodeCache                    0.000 / 0.000         0.000 / 0.000         0.000 / 0.000         0.000 / 0.000       ms
[300.156s][info][gc,stats    ]    Subphase: Concurrent Roots JavaThreads                  0.000 / 0.000         0.821 / 5.702         0.821 / 5.702         0.821 / 5.702       ms
[300.156s][info][gc,stats    ]    Subphase: Concurrent Roots OopStorageSet                0.000 / 0.000         0.032 / 0.085         0.032 / 0.085         0.032 / 0.085       ms
[300.156s][info][gc,stats    ]    Subphase: Concurrent Weak Roots OopStorageSet           0.000 / 0.000         0.579 / 0.939         0.579 / 0.939         0.579 / 0.939       ms
[300.156s][info][gc,stats    ]    Subphase: Pause Mark Try Complete                       0.000 / 0.000         0.000 / 0.000         0.000 / 0.000         0.000 / 0.000       ms
[300.156s][info][gc,stats    ]      System: Java Threads                                      0 / 0                32 / 34               32 / 34               32 / 34          threads
[300.156s][info][gc,stats    ] =========================================================================================================================================================
[301.362s][info][gc,start    ] GC(17) Garbage Collection (Proactive)
[301.362s][info][gc,task     ] GC(17) Using 2 workers
[301.362s][info][gc,phases   ] GC(17) Pause Mark Start 0.014ms
[301.380s][info][gc,phases   ] GC(17) Concurrent Mark 16.343ms
[301.380s][info][gc,phases   ] GC(17) Pause Mark End 0.028ms
[301.380s][info][gc,phases   ] GC(17) Concurrent Mark Free 0.001ms
[301.389s][info][gc,phases   ] GC(17) Concurrent Process Non-Strong References 8.743ms
[301.389s][info][gc,phases   ] GC(17) Concurrent Reset Relocation Set 0.005ms
[301.390s][info][gc,phases   ] GC(17) Concurrent Select Relocation Set 1.223ms
[301.390s][info][gc,phases   ] GC(17) Pause Relocate Start 0.008ms
[301.391s][info][gc,phases   ] GC(17) Concurrent Relocate 0.599ms
[301.391s][info][gc,load     ] GC(17) Load: 0.00/0.00/0.00
[301.391s][info][gc,mmu      ] GC(17) MMU: 2ms/96.8%, 5ms/98.7%, 10ms/99.2%, 20ms/99.6%, 50ms/99.8%, 100ms/99.9%
[301.391s][info][gc,marking  ] GC(17) Mark: 2 stripe(s), 2 proactive flush(es), 1 terminate flush(es), 0 completion(s), 0 continuation(s) 
[301.391s][info][gc,marking  ] GC(17) Mark Stack Usage: 32M
[301.391s][info][gc,nmethod  ] GC(17) NMethods: 8255 registered, 1999 unregistered
[301.391s][info][gc,metaspace] GC(17) Metaspace: 32M used, 33M committed, 1088M reserved
[301.391s][info][gc,ref      ] GC(17) Soft: 4105 encountered, 0 discovered, 0 enqueued
[301.391s][info][gc,ref      ] GC(17) Weak: 2148 encountered, 380 discovered, 0 enqueued
[301.391s][info][gc,ref      ] GC(17) Final: 3 encountered, 1 discovered, 0 enqueued
[301.391s][info][gc,ref      ] GC(17) Phantom: 279 encountered, 218 discovered, 0 enqueued
[301.391s][info][gc,reloc    ] GC(17) Small Pages: 223 / 446M, Empty: 322M, Relocated: 1M, In-Place: 0
[301.391s][info][gc,reloc    ] GC(17) Medium Pages: 1 / 32M, Empty: 0M, Relocated: 0M, In-Place: 0
[301.391s][info][gc,reloc    ] GC(17) Large Pages: 0 / 0M, Empty: 0M, Relocated: 0M, In-Place: 0
[301.391s][info][gc,reloc    ] GC(17) Forwarding Usage: 0M
[301.391s][info][gc,heap     ] GC(17) Min Capacity: 4096M(100%)
[301.391s][info][gc,heap     ] GC(17) Max Capacity: 4096M(100%)
[301.391s][info][gc,heap     ] GC(17) Soft Max Capacity: 4096M(100%)
[301.391s][info][gc,heap     ] GC(17)                Mark Start          Mark End        Relocate Start      Relocate End           High               Low         
[301.391s][info][gc,heap     ] GC(17)  Capacity:     4096M (100%)       4096M (100%)       4096M (100%)       4096M (100%)       4096M (100%)       4096M (100%)   
[301.391s][info][gc,heap     ] GC(17)      Free:     3618M (88%)        3606M (88%)        3928M (96%)        4030M (98%)        4030M (98%)        3606M (88%)    
[301.391s][info][gc,heap     ] GC(17)      Used:      478M (12%)         490M (12%)         168M (4%)           66M (2%)          490M (12%)          66M (2%)     
[301.391s][info][gc,heap     ] GC(17)      Live:         -                17M (0%)           17M (0%)           17M (0%)             -                  -          
[301.391s][info][gc,heap     ] GC(17) Allocated:         -                12M (0%)           12M (0%)           12M (0%)             -                  -          
[301.391s][info][gc,heap     ] GC(17)   Garbage:         -               460M (11%)         138M (3%)           36M (1%)             -                  -          
[301.391s][info][gc,heap     ] GC(17) Reclaimed:         -                  -               322M (8%)          424M (10%)            -                  -          
[301.391s][info][gc          ] GC(17) Garbage Collection (Proactive) 478M(12%)->66M(2%)
[310.153s][info][gc,stats    ] === Garbage Collection Statistics =======================================================================================================================
[310.153s][info][gc,stats    ]                                                              Last 10s              Last 10m              Last 10h                Total
[310.153s][info][gc,stats    ]                                                              Avg / Max             Avg / Max             Avg / Max             Avg / Max
[310.153s][info][gc,stats    ]   Collector: Garbage Collection Cycle                     28.905 / 28.905       33.443 / 54.411       33.443 / 54.411       33.443 / 54.411      ms
[310.153s][info][gc,stats    ]  Contention: Mark Segment Reset Contention                     0 / 0                 0 / 1                 0 / 1                 0 / 1           ops/s
[310.153s][info][gc,stats    ]  Contention: Mark SeqNum Reset Contention                      0 / 0                 0 / 1                 0 / 1                 0 / 1           ops/s
[310.153s][info][gc,stats    ]    Critical: Allocation Stall                                  0 / 0                 0 / 0                 0 / 0                 0 / 0           ops/s
[310.154s][info][gc,stats    ]    Critical: Allocation Stall                              0.000 / 0.000         0.000 / 0.000         0.000 / 0.000         0.000 / 0.000       ms
[310.154s][info][gc,stats    ]    Critical: GC Locker Stall                                   0 / 0                 0 / 0                 0 / 0                 0 / 0           ops/s
[310.154s][info][gc,stats    ]    Critical: GC Locker Stall                               0.000 / 0.000         0.000 / 0.000         0.000 / 0.000         0.000 / 0.000       ms
[310.154s][info][gc,stats    ]    Critical: Relocation Stall                                  0 / 0                 0 / 0                 0 / 0                 0 / 0           ops/s
[310.154s][info][gc,stats    ]    Critical: Relocation Stall                              0.000 / 0.000         0.000 / 0.000         0.000 / 0.000         0.000 / 0.000       ms
[310.154s][info][gc,stats    ]      Memory: Allocation Rate                                  25 / 32               26 / 148              26 / 148              26 / 148         MB/s
[310.154s][info][gc,stats    ]      Memory: Out Of Memory                                     0 / 0                 0 / 0                 0 / 0                 0 / 0           ops/s
[310.154s][info][gc,stats    ]      Memory: Page Cache Flush                                  0 / 0                 0 / 0                 0 / 0                 0 / 0           MB/s
[310.154s][info][gc,stats    ]      Memory: Page Cache Hit L1                                12 / 18               11 / 78               11 / 78               11 / 78          ops/s
[310.154s][info][gc,stats    ]      Memory: Page Cache Hit L2                                 0 / 0                 0 / 0                 0 / 0                 0 / 0           ops/s
[310.154s][info][gc,stats    ]      Memory: Page Cache Hit L3                                 0 / 0                 1 / 48                1 / 48                1 / 48          ops/s
[310.154s][info][gc,stats    ]      Memory: Page Cache Miss                                   0 / 0                 0 / 1                 0 / 1                 0 / 1           ops/s
[310.154s][info][gc,stats    ]      Memory: Uncommit                                          0 / 0                 0 / 0                 0 / 0                 0 / 0           MB/s
[310.154s][info][gc,stats    ]      Memory: Undo Object Allocation Failed                     0 / 0                 0 / 1                 0 / 1                 0 / 1           ops/s
[310.154s][info][gc,stats    ]      Memory: Undo Object Allocation Succeeded                  0 / 0                 0 / 22                0 / 22                0 / 22          ops/s
[310.154s][info][gc,stats    ]      Memory: Undo Page Allocation                              0 / 0                 0 / 2                 0 / 2                 0 / 2           ops/s
[310.154s][info][gc,stats    ]       Phase: Concurrent Mark                              16.343 / 16.343       20.013 / 38.897       20.013 / 38.897       20.013 / 38.897      ms
[310.154s][info][gc,stats    ]       Phase: Concurrent Mark Continue                      0.000 / 0.000         0.000 / 0.000         0.000 / 0.000         0.000 / 0.000       ms
[310.154s][info][gc,stats    ]       Phase: Concurrent Mark Free                          0.001 / 0.001         0.001 / 0.002         0.001 / 0.002         0.001 / 0.002       ms
[310.154s][info][gc,stats    ]       Phase: Concurrent Process Non-Strong References      8.743 / 8.743         8.946 / 16.444        8.946 / 16.444        8.946 / 16.444      ms
[310.154s][info][gc,stats    ]       Phase: Concurrent Relocate                           0.599 / 0.599         1.492 / 6.891         1.492 / 6.891         1.492 / 6.891       ms
[310.154s][info][gc,stats    ]       Phase: Concurrent Reset Relocation Set               0.005 / 0.005         0.005 / 0.011         0.005 / 0.011         0.005 / 0.011       ms
[310.154s][info][gc,stats    ]       Phase: Concurrent Select Relocation Set              1.223 / 1.223         1.620 / 3.477         1.620 / 3.477         1.620 / 3.477       ms
[310.154s][info][gc,stats    ]       Phase: Pause Mark End                                0.028 / 0.028         0.024 / 0.065         0.024 / 0.065         0.024 / 0.065       ms
[310.154s][info][gc,stats    ]       Phase: Pause Mark Start                              0.014 / 0.014         0.011 / 0.019         0.011 / 0.019         0.011 / 0.019       ms
[310.154s][info][gc,stats    ]       Phase: Pause Relocate Start                          0.008 / 0.008         0.010 / 0.019         0.010 / 0.019         0.010 / 0.019       ms
[310.154s][info][gc,stats    ]    Subphase: Concurrent Classes Purge                      0.293 / 0.293         0.352 / 1.663         0.352 / 1.663         0.352 / 1.663       ms
[310.154s][info][gc,stats    ]    Subphase: Concurrent Classes Unlink                     7.586 / 7.586         7.651 / 13.931        7.651 / 13.931        7.651 / 13.931      ms
[310.154s][info][gc,stats    ]    Subphase: Concurrent Mark                              14.132 / 15.662       16.230 / 33.017       16.230 / 33.017       16.230 / 33.017      ms
[310.154s][info][gc,stats    ]    Subphase: Concurrent Mark Try Flush                     0.117 / 0.159         0.115 / 0.269         0.115 / 0.269         0.115 / 0.269       ms
[310.154s][info][gc,stats    ]    Subphase: Concurrent Mark Try Terminate                 1.365 / 4.024         1.943 / 14.456        1.943 / 14.456        1.943 / 14.456      ms
[310.154s][info][gc,stats    ]    Subphase: Concurrent References Enqueue                 0.001 / 0.001         0.003 / 0.009         0.003 / 0.009         0.003 / 0.009       ms
[310.154s][info][gc,stats    ]    Subphase: Concurrent References Process                 0.179 / 0.179         0.169 / 0.513         0.169 / 0.513         0.169 / 0.513       ms
[310.154s][info][gc,stats    ]    Subphase: Concurrent Roots ClassLoaderDataGraph         0.116 / 0.177         0.189 / 0.547         0.189 / 0.547         0.189 / 0.547       ms
[310.154s][info][gc,stats    ]    Subphase: Concurrent Roots CodeCache                    0.000 / 0.000         0.000 / 0.000         0.000 / 0.000         0.000 / 0.000       ms
[310.154s][info][gc,stats    ]    Subphase: Concurrent Roots JavaThreads                  0.296 / 0.361         0.792 / 5.702         0.792 / 5.702         0.792 / 5.702       ms
[310.154s][info][gc,stats    ]    Subphase: Concurrent Roots OopStorageSet                0.027 / 0.033         0.032 / 0.085         0.032 / 0.085         0.032 / 0.085       ms
[310.154s][info][gc,stats    ]    Subphase: Concurrent Weak Roots OopStorageSet           0.442 / 0.455         0.571 / 0.939         0.571 / 0.939         0.571 / 0.939       ms
[310.154s][info][gc,stats    ]    Subphase: Pause Mark Try Complete                       0.000 / 0.000         0.000 / 0.000         0.000 / 0.000         0.000 / 0.000       ms
[310.154s][info][gc,stats    ]      System: Java Threads                                     33 / 33               32 / 34               32 / 34               32 / 34          threads
[310.154s][info][gc,stats    ] =========================================================================================================================================================
[318.665s][info][gc,start    ] GC(18) Garbage Collection (Proactive)
[318.665s][info][gc,task     ] GC(18) Using 2 workers
[318.665s][info][gc,phases   ] GC(18) Pause Mark Start 0.010ms
[318.682s][info][gc,phases   ] GC(18) Concurrent Mark 16.008ms
[318.682s][info][gc,phases   ] GC(18) Pause Mark End 0.037ms
[318.682s][info][gc,phases   ] GC(18) Concurrent Mark Free 0.002ms
[318.691s][info][gc,phases   ] GC(18) Concurrent Process Non-Strong References 8.680ms
[318.691s][info][gc,phases   ] GC(18) Concurrent Reset Relocation Set 0.005ms
[318.695s][info][gc,phases   ] GC(18) Concurrent Select Relocation Set 3.268ms
[318.695s][info][gc,phases   ] GC(18) Pause Relocate Start 0.010ms
[318.695s][info][gc,phases   ] GC(18) Concurrent Relocate 0.647ms
[318.695s][info][gc,load     ] GC(18) Load: 0.00/0.00/0.00
[318.695s][info][gc,mmu      ] GC(18) MMU: 2ms/96.8%, 5ms/98.7%, 10ms/99.2%, 20ms/99.6%, 50ms/99.8%, 100ms/99.9%
[318.695s][info][gc,marking  ] GC(18) Mark: 2 stripe(s), 2 proactive flush(es), 1 terminate flush(es), 0 completion(s), 0 continuation(s) 
[318.695s][info][gc,marking  ] GC(18) Mark Stack Usage: 32M
[318.695s][info][gc,nmethod  ] GC(18) NMethods: 8285 registered, 1999 unregistered
[318.695s][info][gc,metaspace] GC(18) Metaspace: 32M used, 33M committed, 1088M reserved
[318.695s][info][gc,ref      ] GC(18) Soft: 4105 encountered, 0 discovered, 0 enqueued
[318.695s][info][gc,ref      ] GC(18) Weak: 2151 encountered, 460 discovered, 3 enqueued
[318.695s][info][gc,ref      ] GC(18) Final: 3 encountered, 0 discovered, 0 enqueued
[318.695s][info][gc,ref      ] GC(18) Phantom: 279 encountered, 146 discovered, 0 enqueued
[318.695s][info][gc,reloc    ] GC(18) Small Pages: 223 / 446M, Empty: 322M, Relocated: 1M, In-Place: 0
[318.695s][info][gc,reloc    ] GC(18) Medium Pages: 1 / 32M, Empty: 0M, Relocated: 0M, In-Place: 0
[318.695s][info][gc,reloc    ] GC(18) Large Pages: 0 / 0M, Empty: 0M, Relocated: 0M, In-Place: 0
[318.695s][info][gc,reloc    ] GC(18) Forwarding Usage: 0M
[318.696s][info][gc,heap     ] GC(18) Min Capacity: 4096M(100%)
[318.696s][info][gc,heap     ] GC(18) Max Capacity: 4096M(100%)
[318.696s][info][gc,heap     ] GC(18) Soft Max Capacity: 4096M(100%)
[318.696s][info][gc,heap     ] GC(18)                Mark Start          Mark End        Relocate Start      Relocate End           High               Low         
[318.696s][info][gc,heap     ] GC(18)  Capacity:     4096M (100%)       4096M (100%)       4096M (100%)       4096M (100%)       4096M (100%)       4096M (100%)   
[318.696s][info][gc,heap     ] GC(18)      Free:     3618M (88%)        3606M (88%)        3928M (96%)        4030M (98%)        4030M (98%)        3606M (88%)    
[318.696s][info][gc,heap     ] GC(18)      Used:      478M (12%)         490M (12%)         168M (4%)           66M (2%)          490M (12%)          66M (2%)     
[318.696s][info][gc,heap     ] GC(18)      Live:         -                17M (0%)           17M (0%)           17M (0%)             -                  -          
[318.696s][info][gc,heap     ] GC(18) Allocated:         -                12M (0%)           12M (0%)           12M (0%)             -                  -          
[318.696s][info][gc,heap     ] GC(18)   Garbage:         -               460M (11%)         138M (3%)           36M (1%)             -                  -          
[318.696s][info][gc,heap     ] GC(18) Reclaimed:         -                  -               322M (8%)          424M (10%)            -                  -          
[318.696s][info][gc          ] GC(18) Garbage Collection (Proactive) 478M(12%)->66M(2%)
[320.151s][info][gc,stats    ] === Garbage Collection Statistics =======================================================================================================================
[320.151s][info][gc,stats    ]                                                              Last 10s              Last 10m              Last 10h                Total
[320.151s][info][gc,stats    ]                                                              Avg / Max             Avg / Max             Avg / Max             Avg / Max
[320.151s][info][gc,stats    ]   Collector: Garbage Collection Cycle                     30.825 / 30.825       33.305 / 54.411       33.305 / 54.411       33.305 / 54.411      ms
[320.151s][info][gc,stats    ]  Contention: Mark Segment Reset Contention                     0 / 1                 0 / 1                 0 / 1                 0 / 1           ops/s
[320.151s][info][gc,stats    ]  Contention: Mark SeqNum Reset Contention                      0 / 0                 0 / 1                 0 / 1                 0 / 1           ops/s
[320.152s][info][gc,stats    ]    Critical: Allocation Stall                                  0 / 0                 0 / 0                 0 / 0                 0 / 0           ops/s
[320.152s][info][gc,stats    ]    Critical: Allocation Stall                              0.000 / 0.000         0.000 / 0.000         0.000 / 0.000         0.000 / 0.000       ms
[320.152s][info][gc,stats    ]    Critical: GC Locker Stall                                   0 / 0                 0 / 0                 0 / 0                 0 / 0           ops/s
[320.152s][info][gc,stats    ]    Critical: GC Locker Stall                               0.000 / 0.000         0.000 / 0.000         0.000 / 0.000         0.000 / 0.000       ms
[320.152s][info][gc,stats    ]    Critical: Relocation Stall                                  0 / 0                 0 / 0                 0 / 0                 0 / 0           ops/s
[320.152s][info][gc,stats    ]    Critical: Relocation Stall                              0.000 / 0.000         0.000 / 0.000         0.000 / 0.000         0.000 / 0.000       ms
[320.152s][info][gc,stats    ]      Memory: Allocation Rate                                  25 / 36               26 / 148              26 / 148              26 / 148         MB/s
[320.152s][info][gc,stats    ]      Memory: Out Of Memory                                     0 / 0                 0 / 0                 0 / 0                 0 / 0           ops/s
[320.152s][info][gc,stats    ]      Memory: Page Cache Flush                                  0 / 0                 0 / 0                 0 / 0                 0 / 0           MB/s
[320.152s][info][gc,stats    ]      Memory: Page Cache Hit L1                                12 / 20               11 / 78               11 / 78               11 / 78          ops/s
[320.152s][info][gc,stats    ]      Memory: Page Cache Hit L2                                 0 / 0                 0 / 0                 0 / 0                 0 / 0           ops/s
[320.152s][info][gc,stats    ]      Memory: Page Cache Hit L3                                 0 / 0                 1 / 48                1 / 48                1 / 48          ops/s
[320.152s][info][gc,stats    ]      Memory: Page Cache Miss                                   0 / 0                 0 / 1                 0 / 1                 0 / 1           ops/s
[320.152s][info][gc,stats    ]      Memory: Uncommit                                          0 / 0                 0 / 0                 0 / 0                 0 / 0           MB/s
[320.152s][info][gc,stats    ]      Memory: Undo Object Allocation Failed                     0 / 0                 0 / 1                 0 / 1                 0 / 1           ops/s
[320.152s][info][gc,stats    ]      Memory: Undo Object Allocation Succeeded                  0 / 0                 0 / 22                0 / 22                0 / 22          ops/s
[320.152s][info][gc,stats    ]      Memory: Undo Page Allocation                              0 / 1                 0 / 2                 0 / 2                 0 / 2           ops/s
[320.152s][info][gc,stats    ]       Phase: Concurrent Mark                              16.008 / 16.008       19.803 / 38.897       19.803 / 38.897       19.803 / 38.897      ms
[320.152s][info][gc,stats    ]       Phase: Concurrent Mark Continue                      0.000 / 0.000         0.000 / 0.000         0.000 / 0.000         0.000 / 0.000       ms
[320.152s][info][gc,stats    ]       Phase: Concurrent Mark Free                          0.002 / 0.002         0.001 / 0.002         0.001 / 0.002         0.001 / 0.002       ms
[320.152s][info][gc,stats    ]       Phase: Concurrent Process Non-Strong References      8.680 / 8.680         8.932 / 16.444        8.932 / 16.444        8.932 / 16.444      ms
[320.152s][info][gc,stats    ]       Phase: Concurrent Relocate                           0.647 / 0.647         1.447 / 6.891         1.447 / 6.891         1.447 / 6.891       ms
[320.152s][info][gc,stats    ]       Phase: Concurrent Reset Relocation Set               0.005 / 0.005         0.005 / 0.011         0.005 / 0.011         0.005 / 0.011       ms
[320.152s][info][gc,stats    ]       Phase: Concurrent Select Relocation Set              3.268 / 3.268         1.707 / 3.477         1.707 / 3.477         1.707 / 3.477       ms
[320.152s][info][gc,stats    ]       Phase: Pause Mark End                                0.037 / 0.037         0.025 / 0.065         0.025 / 0.065         0.025 / 0.065       ms
[320.152s][info][gc,stats    ]       Phase: Pause Mark Start                              0.010 / 0.010         0.011 / 0.019         0.011 / 0.019         0.011 / 0.019       ms
[320.152s][info][gc,stats    ]       Phase: Pause Relocate Start                          0.010 / 0.010         0.010 / 0.019         0.010 / 0.019         0.010 / 0.019       ms
[320.152s][info][gc,stats    ]    Subphase: Concurrent Classes Purge                      0.329 / 0.329         0.351 / 1.663         0.351 / 1.663         0.351 / 1.663       ms
[320.152s][info][gc,stats    ]    Subphase: Concurrent Classes Unlink                     7.592 / 7.592         7.648 / 13.931        7.648 / 13.931        7.648 / 13.931      ms
[320.152s][info][gc,stats    ]    Subphase: Concurrent Mark                              13.091 / 15.360       16.065 / 33.017       16.065 / 33.017       16.065 / 33.017      ms
[320.152s][info][gc,stats    ]    Subphase: Concurrent Mark Try Flush                     0.122 / 0.176         0.116 / 0.269         0.116 / 0.269         0.116 / 0.269       ms
[320.152s][info][gc,stats    ]    Subphase: Concurrent Mark Try Terminate                 1.711 / 5.063         1.931 / 14.456        1.931 / 14.456        1.931 / 14.456      ms
[320.152s][info][gc,stats    ]    Subphase: Concurrent References Enqueue                 0.010 / 0.010         0.003 / 0.010         0.003 / 0.010         0.003 / 0.010       ms
[320.152s][info][gc,stats    ]    Subphase: Concurrent References Process                 0.169 / 0.169         0.169 / 0.513         0.169 / 0.513         0.169 / 0.513       ms
[320.152s][info][gc,stats    ]    Subphase: Concurrent Roots ClassLoaderDataGraph         0.110 / 0.179         0.185 / 0.547         0.185 / 0.547         0.185 / 0.547       ms
[320.152s][info][gc,stats    ]    Subphase: Concurrent Roots CodeCache                    0.000 / 0.000         0.000 / 0.000         0.000 / 0.000         0.000 / 0.000       ms
[320.152s][info][gc,stats    ]    Subphase: Concurrent Roots JavaThreads                  0.269 / 0.344         0.764 / 5.702         0.764 / 5.702         0.764 / 5.702       ms
[320.152s][info][gc,stats    ]    Subphase: Concurrent Roots OopStorageSet                0.024 / 0.029         0.032 / 0.085         0.032 / 0.085         0.032 / 0.085       ms
[320.152s][info][gc,stats    ]    Subphase: Concurrent Weak Roots OopStorageSet           0.371 / 0.371         0.561 / 0.939         0.561 / 0.939         0.561 / 0.939       ms
[320.152s][info][gc,stats    ]    Subphase: Pause Mark Try Complete                       0.000 / 0.000         0.000 / 0.000         0.000 / 0.000         0.000 / 0.000       ms
[320.152s][info][gc,stats    ]      System: Java Threads                                     33 / 33               32 / 34               32 / 34               32 / 34          threads
[320.152s][info][gc,stats    ] =========================================================================================================================================================
[330.158s][info][gc,stats    ] === Garbage Collection Statistics =======================================================================================================================
[330.158s][info][gc,stats    ]                                                              Last 10s              Last 10m              Last 10h                Total
[330.158s][info][gc,stats    ]                                                              Avg / Max             Avg / Max             Avg / Max             Avg / Max
[330.158s][info][gc,stats    ]   Collector: Garbage Collection Cycle                      0.000 / 0.000        33.305 / 54.411       33.305 / 54.411       33.305 / 54.411      ms
[330.158s][info][gc,stats    ]  Contention: Mark Segment Reset Contention                     0 / 0                 0 / 1                 0 / 1                 0 / 1           ops/s
[330.158s][info][gc,stats    ]  Contention: Mark SeqNum Reset Contention                      0 / 0                 0 / 1                 0 / 1                 0 / 1           ops/s
[330.158s][info][gc,stats    ]    Critical: Allocation Stall                                  0 / 0                 0 / 0                 0 / 0                 0 / 0           ops/s
[330.158s][info][gc,stats    ]    Critical: Allocation Stall                              0.000 / 0.000         0.000 / 0.000         0.000 / 0.000         0.000 / 0.000       ms
[330.158s][info][gc,stats    ]    Critical: GC Locker Stall                                   0 / 0                 0 / 0                 0 / 0                 0 / 0           ops/s
[330.158s][info][gc,stats    ]    Critical: GC Locker Stall                               0.000 / 0.000         0.000 / 0.000         0.000 / 0.000         0.000 / 0.000       ms
[330.158s][info][gc,stats    ]    Critical: Relocation Stall                                  0 / 0                 0 / 0                 0 / 0                 0 / 0           ops/s
[330.158s][info][gc,stats    ]    Critical: Relocation Stall                              0.000 / 0.000         0.000 / 0.000         0.000 / 0.000         0.000 / 0.000       ms
[330.158s][info][gc,stats    ]      Memory: Allocation Rate                                  24 / 26               26 / 148              26 / 148              26 / 148         MB/s
[330.158s][info][gc,stats    ]      Memory: Out Of Memory                                     0 / 0                 0 / 0                 0 / 0                 0 / 0           ops/s
[330.158s][info][gc,stats    ]      Memory: Page Cache Flush                                  0 / 0                 0 / 0                 0 / 0                 0 / 0           MB/s
[330.158s][info][gc,stats    ]      Memory: Page Cache Hit L1                                12 / 13               11 / 78               11 / 78               11 / 78          ops/s
[330.158s][info][gc,stats    ]      Memory: Page Cache Hit L2                                 0 / 0                 0 / 0                 0 / 0                 0 / 0           ops/s
[330.158s][info][gc,stats    ]      Memory: Page Cache Hit L3                                 0 / 0                 1 / 48                1 / 48                1 / 48          ops/s
[330.158s][info][gc,stats    ]      Memory: Page Cache Miss                                   0 / 0                 0 / 1                 0 / 1                 0 / 1           ops/s
[330.158s][info][gc,stats    ]      Memory: Uncommit                                          0 / 0                 0 / 0                 0 / 0                 0 / 0           MB/s
[330.158s][info][gc,stats    ]      Memory: Undo Object Allocation Failed                     0 / 0                 0 / 1                 0 / 1                 0 / 1           ops/s
[330.158s][info][gc,stats    ]      Memory: Undo Object Allocation Succeeded                  0 / 0                 0 / 22                0 / 22                0 / 22          ops/s
[330.158s][info][gc,stats    ]      Memory: Undo Page Allocation                              0 / 0                 0 / 2                 0 / 2                 0 / 2           ops/s
[330.158s][info][gc,stats    ]       Phase: Concurrent Mark                               0.000 / 0.000        19.803 / 38.897       19.803 / 38.897       19.803 / 38.897      ms
[330.158s][info][gc,stats    ]       Phase: Concurrent Mark Continue                      0.000 / 0.000         0.000 / 0.000         0.000 / 0.000         0.000 / 0.000       ms
[330.158s][info][gc,stats    ]       Phase: Concurrent Mark Free                          0.000 / 0.000         0.001 / 0.002         0.001 / 0.002         0.001 / 0.002       ms
[330.158s][info][gc,stats    ]       Phase: Concurrent Process Non-Strong References      0.000 / 0.000         8.932 / 16.444        8.932 / 16.444        8.932 / 16.444      ms
[330.158s][info][gc,stats    ]       Phase: Concurrent Relocate                           0.000 / 0.000         1.447 / 6.891         1.447 / 6.891         1.447 / 6.891       ms
[330.159s][info][gc,stats    ]       Phase: Concurrent Reset Relocation Set               0.000 / 0.000         0.005 / 0.011         0.005 / 0.011         0.005 / 0.011       ms
[330.159s][info][gc,stats    ]       Phase: Concurrent Select Relocation Set              0.000 / 0.000         1.707 / 3.477         1.707 / 3.477         1.707 / 3.477       ms
[330.159s][info][gc,stats    ]       Phase: Pause Mark End                                0.000 / 0.000         0.025 / 0.065         0.025 / 0.065         0.025 / 0.065       ms
[330.159s][info][gc,stats    ]       Phase: Pause Mark Start                              0.000 / 0.000         0.011 / 0.019         0.011 / 0.019         0.011 / 0.019       ms
[330.159s][info][gc,stats    ]       Phase: Pause Relocate Start                          0.000 / 0.000         0.010 / 0.019         0.010 / 0.019         0.010 / 0.019       ms
[330.159s][info][gc,stats    ]    Subphase: Concurrent Classes Purge                      0.000 / 0.000         0.351 / 1.663         0.351 / 1.663         0.351 / 1.663       ms
[330.159s][info][gc,stats    ]    Subphase: Concurrent Classes Unlink                     0.000 / 0.000         7.648 / 13.931        7.648 / 13.931        7.648 / 13.931      ms
[330.159s][info][gc,stats    ]    Subphase: Concurrent Mark                               0.000 / 0.000        16.065 / 33.017       16.065 / 33.017       16.065 / 33.017      ms
[330.159s][info][gc,stats    ]    Subphase: Concurrent Mark Try Flush                     0.000 / 0.000         0.116 / 0.269         0.116 / 0.269         0.116 / 0.269       ms
[330.159s][info][gc,stats    ]    Subphase: Concurrent Mark Try Terminate                 0.000 / 0.000         1.931 / 14.456        1.931 / 14.456        1.931 / 14.456      ms
[330.159s][info][gc,stats    ]    Subphase: Concurrent References Enqueue                 0.000 / 0.000         0.003 / 0.010         0.003 / 0.010         0.003 / 0.010       ms
[330.159s][info][gc,stats    ]    Subphase: Concurrent References Process                 0.000 / 0.000         0.169 / 0.513         0.169 / 0.513         0.169 / 0.513       ms
[330.159s][info][gc,stats    ]    Subphase: Concurrent Roots ClassLoaderDataGraph         0.000 / 0.000         0.185 / 0.547         0.185 / 0.547         0.185 / 0.547       ms
[330.159s][info][gc,stats    ]    Subphase: Concurrent Roots CodeCache                    0.000 / 0.000         0.000 / 0.000         0.000 / 0.000         0.000 / 0.000       ms
[330.159s][info][gc,stats    ]    Subphase: Concurrent Roots JavaThreads                  0.000 / 0.000         0.764 / 5.702         0.764 / 5.702         0.764 / 5.702       ms
[330.159s][info][gc,stats    ]    Subphase: Concurrent Roots OopStorageSet                0.000 / 0.000         0.032 / 0.085         0.032 / 0.085         0.032 / 0.085       ms
[330.159s][info][gc,stats    ]    Subphase: Concurrent Weak Roots OopStorageSet           0.000 / 0.000         0.561 / 0.939         0.561 / 0.939         0.561 / 0.939       ms
[330.159s][info][gc,stats    ]    Subphase: Pause Mark Try Complete                       0.000 / 0.000         0.000 / 0.000         0.000 / 0.000         0.000 / 0.000       ms
[330.159s][info][gc,stats    ]      System: Java Threads                                      0 / 0                32 / 34               32 / 34               32 / 34          threads
[330.159s][info][gc,stats    ] =========================================================================================================================================================
[335.859s][info][gc,start    ] GC(19) Garbage Collection (Proactive)
[335.859s][info][gc,task     ] GC(19) Using 2 workers
[335.859s][info][gc,phases   ] GC(19) Pause Mark Start 0.014ms
[335.877s][info][gc,phases   ] GC(19) Concurrent Mark 16.658ms
[335.877s][info][gc,phases   ] GC(19) Pause Mark End 0.023ms
[335.877s][info][gc,phases   ] GC(19) Concurrent Mark Free 0.001ms
[335.886s][info][gc,phases   ] GC(19) Concurrent Process Non-Strong References 8.609ms
[335.886s][info][gc,phases   ] GC(19) Concurrent Reset Relocation Set 0.005ms
[335.887s][info][gc,phases   ] GC(19) Concurrent Select Relocation Set 1.122ms
[335.887s][info][gc,phases   ] GC(19) Pause Relocate Start 0.010ms
[335.888s][info][gc,phases   ] GC(19) Concurrent Relocate 0.600ms
[335.888s][info][gc,load     ] GC(19) Load: 0.00/0.00/0.00
[335.888s][info][gc,mmu      ] GC(19) MMU: 2ms/96.8%, 5ms/98.7%, 10ms/99.2%, 20ms/99.6%, 50ms/99.8%, 100ms/99.9%
[335.888s][info][gc,marking  ] GC(19) Mark: 2 stripe(s), 2 proactive flush(es), 1 terminate flush(es), 0 completion(s), 0 continuation(s) 
[335.888s][info][gc,marking  ] GC(19) Mark Stack Usage: 32M
[335.888s][info][gc,nmethod  ] GC(19) NMethods: 8309 registered, 1999 unregistered
[335.888s][info][gc,metaspace] GC(19) Metaspace: 32M used, 33M committed, 1088M reserved
[335.888s][info][gc,ref      ] GC(19) Soft: 4105 encountered, 0 discovered, 0 enqueued
[335.888s][info][gc,ref      ] GC(19) Weak: 2148 encountered, 344 discovered, 0 enqueued
[335.888s][info][gc,ref      ] GC(19) Final: 3 encountered, 0 discovered, 0 enqueued
[335.888s][info][gc,ref      ] GC(19) Phantom: 279 encountered, 221 discovered, 0 enqueued
[335.888s][info][gc,reloc    ] GC(19) Small Pages: 222 / 444M, Empty: 328M, Relocated: 1M, In-Place: 0
[335.888s][info][gc,reloc    ] GC(19) Medium Pages: 1 / 32M, Empty: 0M, Relocated: 0M, In-Place: 0
[335.888s][info][gc,reloc    ] GC(19) Large Pages: 0 / 0M, Empty: 0M, Relocated: 0M, In-Place: 0
[335.888s][info][gc,reloc    ] GC(19) Forwarding Usage: 0M
[335.888s][info][gc,heap     ] GC(19) Min Capacity: 4096M(100%)
[335.888s][info][gc,heap     ] GC(19) Max Capacity: 4096M(100%)
[335.888s][info][gc,heap     ] GC(19) Soft Max Capacity: 4096M(100%)
[335.888s][info][gc,heap     ] GC(19)                Mark Start          Mark End        Relocate Start      Relocate End           High               Low         
[335.888s][info][gc,heap     ] GC(19)  Capacity:     4096M (100%)       4096M (100%)       4096M (100%)       4096M (100%)       4096M (100%)       4096M (100%)   
[335.888s][info][gc,heap     ] GC(19)      Free:     3620M (88%)        3608M (88%)        3936M (96%)        4030M (98%)        4030M (98%)        3608M (88%)    
[335.888s][info][gc,heap     ] GC(19)      Used:      476M (12%)         488M (12%)         160M (4%)           66M (2%)          488M (12%)          66M (2%)     
[335.888s][info][gc,heap     ] GC(19)      Live:         -                17M (0%)           17M (0%)           17M (0%)             -                  -          
[335.888s][info][gc,heap     ] GC(19) Allocated:         -                12M (0%)           12M (0%)           12M (0%)             -                  -          
[335.888s][info][gc,heap     ] GC(19)   Garbage:         -               458M (11%)         130M (3%)           36M (1%)             -                  -          
[335.888s][info][gc,heap     ] GC(19) Reclaimed:         -                  -               328M (8%)          422M (10%)            -                  -          
[335.888s][info][gc          ] GC(19) Garbage Collection (Proactive) 476M(12%)->66M(2%)
[340.162s][info][gc,stats    ] === Garbage Collection Statistics =======================================================================================================================
[340.162s][info][gc,stats    ]                                                              Last 10s              Last 10m              Last 10h                Total
[340.162s][info][gc,stats    ]                                                              Avg / Max             Avg / Max             Avg / Max             Avg / Max
[340.162s][info][gc,stats    ]   Collector: Garbage Collection Cycle                     28.662 / 28.662       33.073 / 54.411       33.073 / 54.411       33.073 / 54.411      ms
[340.162s][info][gc,stats    ]  Contention: Mark Segment Reset Contention                     0 / 0                 0 / 1                 0 / 1                 0 / 1           ops/s
[340.162s][info][gc,stats    ]  Contention: Mark SeqNum Reset Contention                      0 / 1                 0 / 1                 0 / 1                 0 / 1           ops/s
[340.162s][info][gc,stats    ]    Critical: Allocation Stall                                  0 / 0                 0 / 0                 0 / 0                 0 / 0           ops/s
[340.162s][info][gc,stats    ]    Critical: Allocation Stall                              0.000 / 0.000         0.000 / 0.000         0.000 / 0.000         0.000 / 0.000       ms
[340.162s][info][gc,stats    ]    Critical: GC Locker Stall                                   0 / 0                 0 / 0                 0 / 0                 0 / 0           ops/s
[340.162s][info][gc,stats    ]    Critical: GC Locker Stall                               0.000 / 0.000         0.000 / 0.000         0.000 / 0.000         0.000 / 0.000       ms
[340.162s][info][gc,stats    ]    Critical: Relocation Stall                                  0 / 0                 0 / 0                 0 / 0                 0 / 0           ops/s
[340.162s][info][gc,stats    ]    Critical: Relocation Stall                              0.000 / 0.000         0.000 / 0.000         0.000 / 0.000         0.000 / 0.000       ms
[340.162s][info][gc,stats    ]      Memory: Allocation Rate                                  24 / 34               26 / 148              26 / 148              26 / 148         MB/s
[340.162s][info][gc,stats    ]      Memory: Out Of Memory                                     0 / 0                 0 / 0                 0 / 0                 0 / 0           ops/s
[340.162s][info][gc,stats    ]      Memory: Page Cache Flush                                  0 / 0                 0 / 0                 0 / 0                 0 / 0           MB/s
[340.162s][info][gc,stats    ]      Memory: Page Cache Hit L1                                12 / 19               11 / 78               11 / 78               11 / 78          ops/s
[340.162s][info][gc,stats    ]      Memory: Page Cache Hit L2                                 0 / 0                 0 / 0                 0 / 0                 0 / 0           ops/s
[340.162s][info][gc,stats    ]      Memory: Page Cache Hit L3                                 0 / 0                 1 / 48                1 / 48                1 / 48          ops/s
[340.162s][info][gc,stats    ]      Memory: Page Cache Miss                                   0 / 0                 0 / 1                 0 / 1                 0 / 1           ops/s
[340.162s][info][gc,stats    ]      Memory: Uncommit                                          0 / 0                 0 / 0                 0 / 0                 0 / 0           MB/s
[340.162s][info][gc,stats    ]      Memory: Undo Object Allocation Failed                     0 / 0                 0 / 1                 0 / 1                 0 / 1           ops/s
[340.162s][info][gc,stats    ]      Memory: Undo Object Allocation Succeeded                  0 / 0                 0 / 22                0 / 22                0 / 22          ops/s
[340.162s][info][gc,stats    ]      Memory: Undo Page Allocation                              0 / 0                 0 / 2                 0 / 2                 0 / 2           ops/s
[340.162s][info][gc,stats    ]       Phase: Concurrent Mark                              16.658 / 16.658       19.645 / 38.897       19.645 / 38.897       19.645 / 38.897      ms
[340.162s][info][gc,stats    ]       Phase: Concurrent Mark Continue                      0.000 / 0.000         0.000 / 0.000         0.000 / 0.000         0.000 / 0.000       ms
[340.162s][info][gc,stats    ]       Phase: Concurrent Mark Free                          0.001 / 0.001         0.001 / 0.002         0.001 / 0.002         0.001 / 0.002       ms
[340.162s][info][gc,stats    ]       Phase: Concurrent Process Non-Strong References      8.609 / 8.609         8.916 / 16.444        8.916 / 16.444        8.916 / 16.444      ms
[340.162s][info][gc,stats    ]       Phase: Concurrent Relocate                           0.600 / 0.600         1.405 / 6.891         1.405 / 6.891         1.405 / 6.891       ms
[340.162s][info][gc,stats    ]       Phase: Concurrent Reset Relocation Set               0.005 / 0.005         0.005 / 0.011         0.005 / 0.011         0.005 / 0.011       ms
[340.163s][info][gc,stats    ]       Phase: Concurrent Select Relocation Set              1.122 / 1.122         1.678 / 3.477         1.678 / 3.477         1.678 / 3.477       ms
[340.163s][info][gc,stats    ]       Phase: Pause Mark End                                0.023 / 0.023         0.025 / 0.065         0.025 / 0.065         0.025 / 0.065       ms
[340.163s][info][gc,stats    ]       Phase: Pause Mark Start                              0.014 / 0.014         0.011 / 0.019         0.011 / 0.019         0.011 / 0.019       ms
[340.163s][info][gc,stats    ]       Phase: Pause Relocate Start                          0.010 / 0.010         0.010 / 0.019         0.010 / 0.019         0.010 / 0.019       ms
[340.163s][info][gc,stats    ]    Subphase: Concurrent Classes Purge                      0.322 / 0.322         0.349 / 1.663         0.349 / 1.663         0.349 / 1.663       ms
[340.163s][info][gc,stats    ]    Subphase: Concurrent Classes Unlink                     7.374 / 7.374         7.635 / 13.931        7.635 / 13.931        7.635 / 13.931      ms
[340.163s][info][gc,stats    ]    Subphase: Concurrent Mark                              13.668 / 16.003       15.945 / 33.017       15.945 / 33.017       15.945 / 33.017      ms
[340.163s][info][gc,stats    ]    Subphase: Concurrent Mark Try Flush                     0.119 / 0.163         0.116 / 0.269         0.116 / 0.269         0.116 / 0.269       ms
[340.163s][info][gc,stats    ]    Subphase: Concurrent Mark Try Terminate                 1.750 / 5.175         1.922 / 14.456        1.922 / 14.456        1.922 / 14.456      ms
[340.163s][info][gc,stats    ]    Subphase: Concurrent References Enqueue                 0.001 / 0.001         0.003 / 0.010         0.003 / 0.010         0.003 / 0.010       ms
[340.163s][info][gc,stats    ]    Subphase: Concurrent References Process                 0.157 / 0.157         0.169 / 0.513         0.169 / 0.513         0.169 / 0.513       ms
[340.163s][info][gc,stats    ]    Subphase: Concurrent Roots ClassLoaderDataGraph         0.141 / 0.252         0.182 / 0.547         0.182 / 0.547         0.182 / 0.547       ms
[340.163s][info][gc,stats    ]    Subphase: Concurrent Roots CodeCache                    0.000 / 0.000         0.000 / 0.000         0.000 / 0.000         0.000 / 0.000       ms
[340.163s][info][gc,stats    ]    Subphase: Concurrent Roots JavaThreads                  0.278 / 0.382         0.740 / 5.702         0.740 / 5.702         0.740 / 5.702       ms
[340.163s][info][gc,stats    ]    Subphase: Concurrent Roots OopStorageSet                0.025 / 0.031         0.031 / 0.085         0.031 / 0.085         0.031 / 0.085       ms
[340.163s][info][gc,stats    ]    Subphase: Concurrent Weak Roots OopStorageSet           0.541 / 0.543         0.560 / 0.939         0.560 / 0.939         0.560 / 0.939       ms
[340.163s][info][gc,stats    ]    Subphase: Pause Mark Try Complete                       0.000 / 0.000         0.000 / 0.000         0.000 / 0.000         0.000 / 0.000       ms
[340.163s][info][gc,stats    ]      System: Java Threads                                     33 / 33               32 / 34               32 / 34               32 / 34          threads
[340.163s][info][gc,stats    ] =========================================================================================================================================================
[350.153s][info][gc,stats    ] === Garbage Collection Statistics =======================================================================================================================
[350.154s][info][gc,stats    ]                                                              Last 10s              Last 10m              Last 10h                Total
[350.154s][info][gc,stats    ]                                                              Avg / Max             Avg / Max             Avg / Max             Avg / Max
[350.154s][info][gc,stats    ]   Collector: Garbage Collection Cycle                      0.000 / 0.000        33.073 / 54.411       33.073 / 54.411       33.073 / 54.411      ms
[350.154s][info][gc,stats    ]  Contention: Mark Segment Reset Contention                     0 / 0                 0 / 1                 0 / 1                 0 / 1           ops/s
[350.154s][info][gc,stats    ]  Contention: Mark SeqNum Reset Contention                      0 / 0                 0 / 1                 0 / 1                 0 / 1           ops/s
[350.154s][info][gc,stats    ]    Critical: Allocation Stall                                  0 / 0                 0 / 0                 0 / 0                 0 / 0           ops/s
[350.154s][info][gc,stats    ]    Critical: Allocation Stall                              0.000 / 0.000         0.000 / 0.000         0.000 / 0.000         0.000 / 0.000       ms
[350.154s][info][gc,stats    ]    Critical: GC Locker Stall                                   0 / 0                 0 / 0                 0 / 0                 0 / 0           ops/s
[350.154s][info][gc,stats    ]    Critical: GC Locker Stall                               0.000 / 0.000         0.000 / 0.000         0.000 / 0.000         0.000 / 0.000       ms
[350.154s][info][gc,stats    ]    Critical: Relocation Stall                                  0 / 0                 0 / 0                 0 / 0                 0 / 0           ops/s
[350.154s][info][gc,stats    ]    Critical: Relocation Stall                              0.000 / 0.000         0.000 / 0.000         0.000 / 0.000         0.000 / 0.000       ms
[350.154s][info][gc,stats    ]      Memory: Allocation Rate                                  24 / 28               26 / 148              26 / 148              26 / 148         MB/s
[350.154s][info][gc,stats    ]      Memory: Out Of Memory                                     0 / 0                 0 / 0                 0 / 0                 0 / 0           ops/s
[350.154s][info][gc,stats    ]      Memory: Page Cache Flush                                  0 / 0                 0 / 0                 0 / 0                 0 / 0           MB/s
[350.154s][info][gc,stats    ]      Memory: Page Cache Hit L1                                12 / 14               11 / 78               11 / 78               11 / 78          ops/s
[350.154s][info][gc,stats    ]      Memory: Page Cache Hit L2                                 0 / 0                 0 / 0                 0 / 0                 0 / 0           ops/s
[350.154s][info][gc,stats    ]      Memory: Page Cache Hit L3                                 0 / 0                 1 / 48                1 / 48                1 / 48          ops/s
[350.154s][info][gc,stats    ]      Memory: Page Cache Miss                                   0 / 0                 0 / 1                 0 / 1                 0 / 1           ops/s
[350.154s][info][gc,stats    ]      Memory: Uncommit                                          0 / 0                 0 / 0                 0 / 0                 0 / 0           MB/s
[350.154s][info][gc,stats    ]      Memory: Undo Object Allocation Failed                     0 / 0                 0 / 1                 0 / 1                 0 / 1           ops/s
[350.154s][info][gc,stats    ]      Memory: Undo Object Allocation Succeeded                  0 / 0                 0 / 22                0 / 22                0 / 22          ops/s
[350.154s][info][gc,stats    ]      Memory: Undo Page Allocation                              0 / 0                 0 / 2                 0 / 2                 0 / 2           ops/s
[350.154s][info][gc,stats    ]       Phase: Concurrent Mark                               0.000 / 0.000        19.645 / 38.897       19.645 / 38.897       19.645 / 38.897      ms
[350.154s][info][gc,stats    ]       Phase: Concurrent Mark Continue                      0.000 / 0.000         0.000 / 0.000         0.000 / 0.000         0.000 / 0.000       ms
[350.154s][info][gc,stats    ]       Phase: Concurrent Mark Free                          0.000 / 0.000         0.001 / 0.002         0.001 / 0.002         0.001 / 0.002       ms
[350.154s][info][gc,stats    ]       Phase: Concurrent Process Non-Strong References      0.000 / 0.000         8.916 / 16.444        8.916 / 16.444        8.916 / 16.444      ms
[350.154s][info][gc,stats    ]       Phase: Concurrent Relocate                           0.000 / 0.000         1.405 / 6.891         1.405 / 6.891         1.405 / 6.891       ms
[350.154s][info][gc,stats    ]       Phase: Concurrent Reset Relocation Set               0.000 / 0.000         0.005 / 0.011         0.005 / 0.011         0.005 / 0.011       ms
[350.154s][info][gc,stats    ]       Phase: Concurrent Select Relocation Set              0.000 / 0.000         1.678 / 3.477         1.678 / 3.477         1.678 / 3.477       ms
[350.154s][info][gc,stats    ]       Phase: Pause Mark End                                0.000 / 0.000         0.025 / 0.065         0.025 / 0.065         0.025 / 0.065       ms
[350.154s][info][gc,stats    ]       Phase: Pause Mark Start                              0.000 / 0.000         0.011 / 0.019         0.011 / 0.019         0.011 / 0.019       ms
[350.154s][info][gc,stats    ]       Phase: Pause Relocate Start                          0.000 / 0.000         0.010 / 0.019         0.010 / 0.019         0.010 / 0.019       ms
[350.154s][info][gc,stats    ]    Subphase: Concurrent Classes Purge                      0.000 / 0.000         0.349 / 1.663         0.349 / 1.663         0.349 / 1.663       ms
[350.154s][info][gc,stats    ]    Subphase: Concurrent Classes Unlink                     0.000 / 0.000         7.635 / 13.931        7.635 / 13.931        7.635 / 13.931      ms
[350.154s][info][gc,stats    ]    Subphase: Concurrent Mark                               0.000 / 0.000        15.945 / 33.017       15.945 / 33.017       15.945 / 33.017      ms
[350.154s][info][gc,stats    ]    Subphase: Concurrent Mark Try Flush                     0.000 / 0.000         0.116 / 0.269         0.116 / 0.269         0.116 / 0.269       ms
[350.154s][info][gc,stats    ]    Subphase: Concurrent Mark Try Terminate                 0.000 / 0.000         1.922 / 14.456        1.922 / 14.456        1.922 / 14.456      ms
[350.154s][info][gc,stats    ]    Subphase: Concurrent References Enqueue                 0.000 / 0.000         0.003 / 0.010         0.003 / 0.010         0.003 / 0.010       ms
[350.154s][info][gc,stats    ]    Subphase: Concurrent References Process                 0.000 / 0.000         0.169 / 0.513         0.169 / 0.513         0.169 / 0.513       ms
[350.154s][info][gc,stats    ]    Subphase: Concurrent Roots ClassLoaderDataGraph         0.000 / 0.000         0.182 / 0.547         0.182 / 0.547         0.182 / 0.547       ms
[350.154s][info][gc,stats    ]    Subphase: Concurrent Roots CodeCache                    0.000 / 0.000         0.000 / 0.000         0.000 / 0.000         0.000 / 0.000       ms
[350.154s][info][gc,stats    ]    Subphase: Concurrent Roots JavaThreads                  0.000 / 0.000         0.740 / 5.702         0.740 / 5.702         0.740 / 5.702       ms
[350.154s][info][gc,stats    ]    Subphase: Concurrent Roots OopStorageSet                0.000 / 0.000         0.031 / 0.085         0.031 / 0.085         0.031 / 0.085       ms
[350.154s][info][gc,stats    ]    Subphase: Concurrent Weak Roots OopStorageSet           0.000 / 0.000         0.560 / 0.939         0.560 / 0.939         0.560 / 0.939       ms
[350.154s][info][gc,stats    ]    Subphase: Pause Mark Try Complete                       0.000 / 0.000         0.000 / 0.000         0.000 / 0.000         0.000 / 0.000       ms
[350.154s][info][gc,stats    ]      System: Java Threads                                      0 / 0                32 / 34               32 / 34               32 / 34          threads
[350.154s][info][gc,stats    ] =========================================================================================================================================================
[352.964s][info][gc,start    ] GC(20) Garbage Collection (Proactive)
[352.964s][info][gc,task     ] GC(20) Using 2 workers
[352.964s][info][gc,phases   ] GC(20) Pause Mark Start 0.007ms
[352.981s][info][gc,phases   ] GC(20) Concurrent Mark 16.128ms
[352.982s][info][gc,phases   ] GC(20) Pause Mark End 0.029ms
[352.982s][info][gc,phases   ] GC(20) Concurrent Mark Free 0.001ms
[352.990s][info][gc,phases   ] GC(20) Concurrent Process Non-Strong References 8.512ms
[352.991s][info][gc,phases   ] GC(20) Concurrent Reset Relocation Set 0.005ms
[352.993s][info][gc,phases   ] GC(20) Concurrent Select Relocation Set 2.382ms
[352.993s][info][gc,phases   ] GC(20) Pause Relocate Start 0.010ms
[352.994s][info][gc,phases   ] GC(20) Concurrent Relocate 1.122ms
[352.994s][info][gc,load     ] GC(20) Load: 0.00/0.00/0.00
[352.994s][info][gc,mmu      ] GC(20) MMU: 2ms/96.8%, 5ms/98.7%, 10ms/99.2%, 20ms/99.6%, 50ms/99.8%, 100ms/99.9%
[352.994s][info][gc,marking  ] GC(20) Mark: 2 stripe(s), 2 proactive flush(es), 1 terminate flush(es), 0 completion(s), 0 continuation(s) 
[352.994s][info][gc,marking  ] GC(20) Mark Stack Usage: 32M
[352.994s][info][gc,nmethod  ] GC(20) NMethods: 8262 registered, 2088 unregistered
[352.994s][info][gc,metaspace] GC(20) Metaspace: 32M used, 33M committed, 1088M reserved
[352.994s][info][gc,ref      ] GC(20) Soft: 4105 encountered, 0 discovered, 0 enqueued
[352.994s][info][gc,ref      ] GC(20) Weak: 2148 encountered, 430 discovered, 0 enqueued
[352.994s][info][gc,ref      ] GC(20) Final: 3 encountered, 0 discovered, 0 enqueued
[352.994s][info][gc,ref      ] GC(20) Phantom: 278 encountered, 220 discovered, 0 enqueued
[352.994s][info][gc,reloc    ] GC(20) Small Pages: 222 / 444M, Empty: 328M, Relocated: 1M, In-Place: 0
[352.994s][info][gc,reloc    ] GC(20) Medium Pages: 1 / 32M, Empty: 0M, Relocated: 0M, In-Place: 0
[352.994s][info][gc,reloc    ] GC(20) Large Pages: 0 / 0M, Empty: 0M, Relocated: 0M, In-Place: 0
[352.994s][info][gc,reloc    ] GC(20) Forwarding Usage: 0M
[352.994s][info][gc,heap     ] GC(20) Min Capacity: 4096M(100%)
[352.994s][info][gc,heap     ] GC(20) Max Capacity: 4096M(100%)
[352.994s][info][gc,heap     ] GC(20) Soft Max Capacity: 4096M(100%)
[352.994s][info][gc,heap     ] GC(20)                Mark Start          Mark End        Relocate Start      Relocate End           High               Low         
[352.994s][info][gc,heap     ] GC(20)  Capacity:     4096M (100%)       4096M (100%)       4096M (100%)       4096M (100%)       4096M (100%)       4096M (100%)   
[352.994s][info][gc,heap     ] GC(20)      Free:     3620M (88%)        3608M (88%)        3936M (96%)        4030M (98%)        4030M (98%)        3608M (88%)    
[352.994s][info][gc,heap     ] GC(20)      Used:      476M (12%)         488M (12%)         160M (4%)           66M (2%)          488M (12%)          66M (2%)     
[352.994s][info][gc,heap     ] GC(20)      Live:         -                17M (0%)           17M (0%)           17M (0%)             -                  -          
[352.994s][info][gc,heap     ] GC(20) Allocated:         -                12M (0%)           12M (0%)           12M (0%)             -                  -          
[352.994s][info][gc,heap     ] GC(20)   Garbage:         -               458M (11%)         130M (3%)           36M (1%)             -                  -          
[352.994s][info][gc,heap     ] GC(20) Reclaimed:         -                  -               328M (8%)          422M (10%)            -                  -          
[352.994s][info][gc          ] GC(20) Garbage Collection (Proactive) 476M(12%)->66M(2%)
[360.165s][info][gc,stats    ] === Garbage Collection Statistics =======================================================================================================================
[360.165s][info][gc,stats    ]                                                              Last 10s              Last 10m              Last 10h                Total
[360.165s][info][gc,stats    ]                                                              Avg / Max             Avg / Max             Avg / Max             Avg / Max
[360.165s][info][gc,stats    ]   Collector: Garbage Collection Cycle                     30.433 / 30.433       32.947 / 54.411       32.947 / 54.411       32.947 / 54.411      ms
[360.165s][info][gc,stats    ]  Contention: Mark Segment Reset Contention                     0 / 0                 0 / 1                 0 / 1                 0 / 1           ops/s
[360.165s][info][gc,stats    ]  Contention: Mark SeqNum Reset Contention                      0 / 1                 0 / 1                 0 / 1                 0 / 1           ops/s
[360.165s][info][gc,stats    ]    Critical: Allocation Stall                                  0 / 0                 0 / 0                 0 / 0                 0 / 0           ops/s
[360.165s][info][gc,stats    ]    Critical: Allocation Stall                              0.000 / 0.000         0.000 / 0.000         0.000 / 0.000         0.000 / 0.000       ms
[360.165s][info][gc,stats    ]    Critical: GC Locker Stall                                   0 / 0                 0 / 0                 0 / 0                 0 / 0           ops/s
[360.165s][info][gc,stats    ]    Critical: GC Locker Stall                               0.000 / 0.000         0.000 / 0.000         0.000 / 0.000         0.000 / 0.000       ms
[360.165s][info][gc,stats    ]    Critical: Relocation Stall                                  0 / 0                 0 / 0                 0 / 0                 0 / 0           ops/s
[360.165s][info][gc,stats    ]    Critical: Relocation Stall                              0.000 / 0.000         0.000 / 0.000         0.000 / 0.000         0.000 / 0.000       ms
[360.165s][info][gc,stats    ]      Memory: Allocation Rate                                  25 / 36               26 / 148              26 / 148              26 / 148         MB/s
[360.165s][info][gc,stats    ]      Memory: Out Of Memory                                     0 / 0                 0 / 0                 0 / 0                 0 / 0           ops/s
[360.165s][info][gc,stats    ]      Memory: Page Cache Flush                                  0 / 0                 0 / 0                 0 / 0                 0 / 0           MB/s
[360.165s][info][gc,stats    ]      Memory: Page Cache Hit L1                                12 / 20               11 / 78               11 / 78               11 / 78          ops/s
[360.165s][info][gc,stats    ]      Memory: Page Cache Hit L2                                 0 / 0                 0 / 0                 0 / 0                 0 / 0           ops/s
[360.165s][info][gc,stats    ]      Memory: Page Cache Hit L3                                 0 / 0                 1 / 48                1 / 48                1 / 48          ops/s
[360.165s][info][gc,stats    ]      Memory: Page Cache Miss                                   0 / 0                 0 / 1                 0 / 1                 0 / 1           ops/s
[360.165s][info][gc,stats    ]      Memory: Uncommit                                          0 / 0                 0 / 0                 0 / 0                 0 / 0           MB/s
[360.165s][info][gc,stats    ]      Memory: Undo Object Allocation Failed                     0 / 0                 0 / 1                 0 / 1                 0 / 1           ops/s
[360.165s][info][gc,stats    ]      Memory: Undo Object Allocation Succeeded                  0 / 0                 0 / 22                0 / 22                0 / 22          ops/s
[360.165s][info][gc,stats    ]      Memory: Undo Page Allocation                              0 / 1                 0 / 2                 0 / 2                 0 / 2           ops/s
[360.165s][info][gc,stats    ]       Phase: Concurrent Mark                              16.128 / 16.128       19.478 / 38.897       19.478 / 38.897       19.478 / 38.897      ms
[360.165s][info][gc,stats    ]       Phase: Concurrent Mark Continue                      0.000 / 0.000         0.000 / 0.000         0.000 / 0.000         0.000 / 0.000       ms
[360.165s][info][gc,stats    ]       Phase: Concurrent Mark Free                          0.001 / 0.001         0.001 / 0.002         0.001 / 0.002         0.001 / 0.002       ms
[360.165s][info][gc,stats    ]       Phase: Concurrent Process Non-Strong References      8.512 / 8.512         8.897 / 16.444        8.897 / 16.444        8.897 / 16.444      ms
[360.165s][info][gc,stats    ]       Phase: Concurrent Relocate                           1.122 / 1.122         1.391 / 6.891         1.391 / 6.891         1.391 / 6.891       ms
[360.165s][info][gc,stats    ]       Phase: Concurrent Reset Relocation Set               0.005 / 0.005         0.005 / 0.011         0.005 / 0.011         0.005 / 0.011       ms
[360.165s][info][gc,stats    ]       Phase: Concurrent Select Relocation Set              2.382 / 2.382         1.711 / 3.477         1.711 / 3.477         1.711 / 3.477       ms
[360.165s][info][gc,stats    ]       Phase: Pause Mark End                                0.029 / 0.029         0.025 / 0.065         0.025 / 0.065         0.025 / 0.065       ms
[360.165s][info][gc,stats    ]       Phase: Pause Mark Start                              0.007 / 0.007         0.011 / 0.019         0.011 / 0.019         0.011 / 0.019       ms
[360.165s][info][gc,stats    ]       Phase: Pause Relocate Start                          0.010 / 0.010         0.010 / 0.019         0.010 / 0.019         0.010 / 0.019       ms
[360.165s][info][gc,stats    ]    Subphase: Concurrent Classes Purge                      0.299 / 0.299         0.347 / 1.663         0.347 / 1.663         0.347 / 1.663       ms
[360.165s][info][gc,stats    ]    Subphase: Concurrent Classes Unlink                     7.408 / 7.408         7.624 / 13.931        7.624 / 13.931        7.624 / 13.931      ms
[360.165s][info][gc,stats    ]    Subphase: Concurrent Mark                              13.216 / 15.495       15.815 / 33.017       15.815 / 33.017       15.815 / 33.017      ms
[360.166s][info][gc,stats    ]    Subphase: Concurrent Mark Try Flush                     0.133 / 0.210         0.117 / 0.269         0.117 / 0.269         0.117 / 0.269       ms
[360.166s][info][gc,stats    ]    Subphase: Concurrent Mark Try Terminate                 1.713 / 5.069         1.912 / 14.456        1.912 / 14.456        1.912 / 14.456      ms
[360.166s][info][gc,stats    ]    Subphase: Concurrent References Enqueue                 0.001 / 0.001         0.003 / 0.010         0.003 / 0.010         0.003 / 0.010       ms
[360.166s][info][gc,stats    ]    Subphase: Concurrent References Process                 0.210 / 0.210         0.171 / 0.513         0.171 / 0.513         0.171 / 0.513       ms
[360.166s][info][gc,stats    ]    Subphase: Concurrent Roots ClassLoaderDataGraph         0.116 / 0.190         0.179 / 0.547         0.179 / 0.547         0.179 / 0.547       ms
[360.166s][info][gc,stats    ]    Subphase: Concurrent Roots CodeCache                    0.000 / 0.000         0.000 / 0.000         0.000 / 0.000         0.000 / 0.000       ms
[360.166s][info][gc,stats    ]    Subphase: Concurrent Roots JavaThreads                  0.244 / 0.320         0.716 / 5.702         0.716 / 5.702         0.716 / 5.702       ms
[360.166s][info][gc,stats    ]    Subphase: Concurrent Roots OopStorageSet                0.024 / 0.033         0.031 / 0.085         0.031 / 0.085         0.031 / 0.085       ms
[360.166s][info][gc,stats    ]    Subphase: Concurrent Weak Roots OopStorageSet           0.380 / 0.380         0.551 / 0.939         0.551 / 0.939         0.551 / 0.939       ms
[360.166s][info][gc,stats    ]    Subphase: Pause Mark Try Complete                       0.000 / 0.000         0.000 / 0.000         0.000 / 0.000         0.000 / 0.000       ms
[360.166s][info][gc,stats    ]      System: Java Threads                                     33 / 33               32 / 34               32 / 34               32 / 34          threads
[360.166s][info][gc,stats    ] =========================================================================================================================================================
[370.157s][info][gc,stats    ] === Garbage Collection Statistics =======================================================================================================================
[370.157s][info][gc,stats    ]                                                              Last 10s              Last 10m              Last 10h                Total
[370.157s][info][gc,stats    ]                                                              Avg / Max             Avg / Max             Avg / Max             Avg / Max
[370.157s][info][gc,stats    ]   Collector: Garbage Collection Cycle                      0.000 / 0.000        32.947 / 54.411       32.947 / 54.411       32.947 / 54.411      ms
[370.157s][info][gc,stats    ]  Contention: Mark Segment Reset Contention                     0 / 0                 0 / 1                 0 / 1                 0 / 1           ops/s
[370.157s][info][gc,stats    ]  Contention: Mark SeqNum Reset Contention                      0 / 0                 0 / 1                 0 / 1                 0 / 1           ops/s
[370.158s][info][gc,stats    ]    Critical: Allocation Stall                                  0 / 0                 0 / 0                 0 / 0                 0 / 0           ops/s
[370.158s][info][gc,stats    ]    Critical: Allocation Stall                              0.000 / 0.000         0.000 / 0.000         0.000 / 0.000         0.000 / 0.000       ms
[370.158s][info][gc,stats    ]    Critical: GC Locker Stall                                   0 / 0                 0 / 0                 0 / 0                 0 / 0           ops/s
[370.158s][info][gc,stats    ]    Critical: GC Locker Stall                               0.000 / 0.000         0.000 / 0.000         0.000 / 0.000         0.000 / 0.000       ms
[370.158s][info][gc,stats    ]    Critical: Relocation Stall                                  0 / 0                 0 / 0                 0 / 0                 0 / 0           ops/s
[370.158s][info][gc,stats    ]    Critical: Relocation Stall                              0.000 / 0.000         0.000 / 0.000         0.000 / 0.000         0.000 / 0.000       ms
[370.158s][info][gc,stats    ]      Memory: Allocation Rate                                  23 / 26               25 / 148              25 / 148              25 / 148         MB/s
[370.158s][info][gc,stats    ]      Memory: Out Of Memory                                     0 / 0                 0 / 0                 0 / 0                 0 / 0           ops/s
[370.158s][info][gc,stats    ]      Memory: Page Cache Flush                                  0 / 0                 0 / 0                 0 / 0                 0 / 0           MB/s
[370.158s][info][gc,stats    ]      Memory: Page Cache Hit L1                                11 / 13               11 / 78               11 / 78               11 / 78          ops/s
[370.158s][info][gc,stats    ]      Memory: Page Cache Hit L2                                 0 / 0                 0 / 0                 0 / 0                 0 / 0           ops/s
[370.158s][info][gc,stats    ]      Memory: Page Cache Hit L3                                 0 / 0                 1 / 48                1 / 48                1 / 48          ops/s
[370.158s][info][gc,stats    ]      Memory: Page Cache Miss                                   0 / 0                 0 / 1                 0 / 1                 0 / 1           ops/s
[370.158s][info][gc,stats    ]      Memory: Uncommit                                          0 / 0                 0 / 0                 0 / 0                 0 / 0           MB/s
[370.158s][info][gc,stats    ]      Memory: Undo Object Allocation Failed                     0 / 0                 0 / 1                 0 / 1                 0 / 1           ops/s
[370.158s][info][gc,stats    ]      Memory: Undo Object Allocation Succeeded                  0 / 0                 0 / 22                0 / 22                0 / 22          ops/s
[370.158s][info][gc,stats    ]      Memory: Undo Page Allocation                              0 / 0                 0 / 2                 0 / 2                 0 / 2           ops/s
[370.158s][info][gc,stats    ]       Phase: Concurrent Mark                               0.000 / 0.000        19.478 / 38.897       19.478 / 38.897       19.478 / 38.897      ms
[370.158s][info][gc,stats    ]       Phase: Concurrent Mark Continue                      0.000 / 0.000         0.000 / 0.000         0.000 / 0.000         0.000 / 0.000       ms
[370.158s][info][gc,stats    ]       Phase: Concurrent Mark Free                          0.000 / 0.000         0.001 / 0.002         0.001 / 0.002         0.001 / 0.002       ms
[370.158s][info][gc,stats    ]       Phase: Concurrent Process Non-Strong References      0.000 / 0.000         8.897 / 16.444        8.897 / 16.444        8.897 / 16.444      ms
[370.158s][info][gc,stats    ]       Phase: Concurrent Relocate                           0.000 / 0.000         1.391 / 6.891         1.391 / 6.891         1.391 / 6.891       ms
[370.158s][info][gc,stats    ]       Phase: Concurrent Reset Relocation Set               0.000 / 0.000         0.005 / 0.011         0.005 / 0.011         0.005 / 0.011       ms
[370.158s][info][gc,stats    ]       Phase: Concurrent Select Relocation Set              0.000 / 0.000         1.711 / 3.477         1.711 / 3.477         1.711 / 3.477       ms
[370.158s][info][gc,stats    ]       Phase: Pause Mark End                                0.000 / 0.000         0.025 / 0.065         0.025 / 0.065         0.025 / 0.065       ms
[370.158s][info][gc,stats    ]       Phase: Pause Mark Start                              0.000 / 0.000         0.011 / 0.019         0.011 / 0.019         0.011 / 0.019       ms
[370.158s][info][gc,stats    ]       Phase: Pause Relocate Start                          0.000 / 0.000         0.010 / 0.019         0.010 / 0.019         0.010 / 0.019       ms
[370.158s][info][gc,stats    ]    Subphase: Concurrent Classes Purge                      0.000 / 0.000         0.347 / 1.663         0.347 / 1.663         0.347 / 1.663       ms
[370.158s][info][gc,stats    ]    Subphase: Concurrent Classes Unlink                     0.000 / 0.000         7.624 / 13.931        7.624 / 13.931        7.624 / 13.931      ms
[370.158s][info][gc,stats    ]    Subphase: Concurrent Mark                               0.000 / 0.000        15.815 / 33.017       15.815 / 33.017       15.815 / 33.017      ms
[370.158s][info][gc,stats    ]    Subphase: Concurrent Mark Try Flush                     0.000 / 0.000         0.117 / 0.269         0.117 / 0.269         0.117 / 0.269       ms
[370.158s][info][gc,stats    ]    Subphase: Concurrent Mark Try Terminate                 0.000 / 0.000         1.912 / 14.456        1.912 / 14.456        1.912 / 14.456      ms
[370.158s][info][gc,stats    ]    Subphase: Concurrent References Enqueue                 0.000 / 0.000         0.003 / 0.010         0.003 / 0.010         0.003 / 0.010       ms
[370.158s][info][gc,stats    ]    Subphase: Concurrent References Process                 0.000 / 0.000         0.171 / 0.513         0.171 / 0.513         0.171 / 0.513       ms
[370.158s][info][gc,stats    ]    Subphase: Concurrent Roots ClassLoaderDataGraph         0.000 / 0.000         0.179 / 0.547         0.179 / 0.547         0.179 / 0.547       ms
[370.158s][info][gc,stats    ]    Subphase: Concurrent Roots CodeCache                    0.000 / 0.000         0.000 / 0.000         0.000 / 0.000         0.000 / 0.000       ms
[370.158s][info][gc,stats    ]    Subphase: Concurrent Roots JavaThreads                  0.000 / 0.000         0.716 / 5.702         0.716 / 5.702         0.716 / 5.702       ms
[370.158s][info][gc,stats    ]    Subphase: Concurrent Roots OopStorageSet                0.000 / 0.000         0.031 / 0.085         0.031 / 0.085         0.031 / 0.085       ms
[370.158s][info][gc,stats    ]    Subphase: Concurrent Weak Roots OopStorageSet           0.000 / 0.000         0.551 / 0.939         0.551 / 0.939         0.551 / 0.939       ms
[370.158s][info][gc,stats    ]    Subphase: Pause Mark Try Complete                       0.000 / 0.000         0.000 / 0.000         0.000 / 0.000         0.000 / 0.000       ms
[370.158s][info][gc,stats    ]      System: Java Threads                                      0 / 0                32 / 34               32 / 34               32 / 34          threads
[370.158s][info][gc,stats    ] =========================================================================================================================================================
[370.358s][info][gc,start    ] GC(21) Garbage Collection (Proactive)
[370.358s][info][gc,task     ] GC(21) Using 2 workers
[370.358s][info][gc,phases   ] GC(21) Pause Mark Start 0.008ms
[370.375s][info][gc,phases   ] GC(21) Concurrent Mark 16.668ms
[370.375s][info][gc,phases   ] GC(21) Pause Mark End 0.029ms
[370.376s][info][gc,phases   ] GC(21) Concurrent Mark Free 0.001ms
[370.384s][info][gc,phases   ] GC(21) Concurrent Process Non-Strong References 8.519ms
[370.384s][info][gc,phases   ] GC(21) Concurrent Reset Relocation Set 0.005ms
[370.386s][info][gc,phases   ] GC(21) Concurrent Select Relocation Set 1.278ms
[370.386s][info][gc,phases   ] GC(21) Pause Relocate Start 0.008ms
[370.386s][info][gc,phases   ] GC(21) Concurrent Relocate 0.620ms
[370.386s][info][gc,load     ] GC(21) Load: 0.00/0.00/0.00
[370.386s][info][gc,mmu      ] GC(21) MMU: 2ms/96.8%, 5ms/98.7%, 10ms/99.2%, 20ms/99.6%, 50ms/99.8%, 100ms/99.9%
[370.386s][info][gc,marking  ] GC(21) Mark: 2 stripe(s), 2 proactive flush(es), 1 terminate flush(es), 0 completion(s), 0 continuation(s) 
[370.386s][info][gc,marking  ] GC(21) Mark Stack Usage: 32M
[370.386s][info][gc,nmethod  ] GC(21) NMethods: 8275 registered, 2088 unregistered
[370.386s][info][gc,metaspace] GC(21) Metaspace: 32M used, 33M committed, 1088M reserved
[370.386s][info][gc,ref      ] GC(21) Soft: 4105 encountered, 0 discovered, 0 enqueued
[370.386s][info][gc,ref      ] GC(21) Weak: 2148 encountered, 304 discovered, 0 enqueued
[370.386s][info][gc,ref      ] GC(21) Final: 3 encountered, 1 discovered, 0 enqueued
[370.386s][info][gc,ref      ] GC(21) Phantom: 279 encountered, 221 discovered, 0 enqueued
[370.386s][info][gc,reloc    ] GC(21) Small Pages: 222 / 444M, Empty: 328M, Relocated: 1M, In-Place: 0
[370.386s][info][gc,reloc    ] GC(21) Medium Pages: 1 / 32M, Empty: 0M, Relocated: 0M, In-Place: 0
[370.387s][info][gc,reloc    ] GC(21) Large Pages: 0 / 0M, Empty: 0M, Relocated: 0M, In-Place: 0
[370.387s][info][gc,reloc    ] GC(21) Forwarding Usage: 0M
[370.387s][info][gc,heap     ] GC(21) Min Capacity: 4096M(100%)
[370.387s][info][gc,heap     ] GC(21) Max Capacity: 4096M(100%)
[370.387s][info][gc,heap     ] GC(21) Soft Max Capacity: 4096M(100%)
[370.387s][info][gc,heap     ] GC(21)                Mark Start          Mark End        Relocate Start      Relocate End           High               Low         
[370.387s][info][gc,heap     ] GC(21)  Capacity:     4096M (100%)       4096M (100%)       4096M (100%)       4096M (100%)       4096M (100%)       4096M (100%)   
[370.387s][info][gc,heap     ] GC(21)      Free:     3620M (88%)        3608M (88%)        3936M (96%)        4030M (98%)        4030M (98%)        3608M (88%)    
[370.387s][info][gc,heap     ] GC(21)      Used:      476M (12%)         488M (12%)         160M (4%)           66M (2%)          488M (12%)          66M (2%)     
[370.387s][info][gc,heap     ] GC(21)      Live:         -                17M (0%)           17M (0%)           17M (0%)             -                  -          
[370.387s][info][gc,heap     ] GC(21) Allocated:         -                12M (0%)           12M (0%)           12M (0%)             -                  -          
[370.387s][info][gc,heap     ] GC(21)   Garbage:         -               458M (11%)         130M (3%)           36M (1%)             -                  -          
[370.387s][info][gc,heap     ] GC(21) Reclaimed:         -                  -               328M (8%)          422M (10%)            -                  -          
[370.387s][info][gc          ] GC(21) Garbage Collection (Proactive) 476M(12%)->66M(2%)
[380.152s][info][gc,stats    ] === Garbage Collection Statistics =======================================================================================================================
[380.152s][info][gc,stats    ]                                                              Last 10s              Last 10m              Last 10h                Total
[380.152s][info][gc,stats    ]                                                              Avg / Max             Avg / Max             Avg / Max             Avg / Max
[380.152s][info][gc,stats    ]   Collector: Garbage Collection Cycle                     28.562 / 28.562       32.748 / 54.411       32.748 / 54.411       32.748 / 54.411      ms
[380.152s][info][gc,stats    ]  Contention: Mark Segment Reset Contention                     0 / 0                 0 / 1                 0 / 1                 0 / 1           ops/s
[380.152s][info][gc,stats    ]  Contention: Mark SeqNum Reset Contention                      0 / 2                 0 / 2                 0 / 2                 0 / 2           ops/s
[380.152s][info][gc,stats    ]    Critical: Allocation Stall                                  0 / 0                 0 / 0                 0 / 0                 0 / 0           ops/s
[380.152s][info][gc,stats    ]    Critical: Allocation Stall                              0.000 / 0.000         0.000 / 0.000         0.000 / 0.000         0.000 / 0.000       ms
[380.152s][info][gc,stats    ]    Critical: GC Locker Stall                                   0 / 0                 0 / 0                 0 / 0                 0 / 0           ops/s
[380.152s][info][gc,stats    ]    Critical: GC Locker Stall                               0.000 / 0.000         0.000 / 0.000         0.000 / 0.000         0.000 / 0.000       ms
[380.152s][info][gc,stats    ]    Critical: Relocation Stall                                  0 / 0                 0 / 0                 0 / 0                 0 / 0           ops/s
[380.152s][info][gc,stats    ]    Critical: Relocation Stall                              0.000 / 0.000         0.000 / 0.000         0.000 / 0.000         0.000 / 0.000       ms
[380.152s][info][gc,stats    ]      Memory: Allocation Rate                                  24 / 32               25 / 148              25 / 148              25 / 148         MB/s
[380.152s][info][gc,stats    ]      Memory: Out Of Memory                                     0 / 0                 0 / 0                 0 / 0                 0 / 0           ops/s
[380.152s][info][gc,stats    ]      Memory: Page Cache Flush                                  0 / 0                 0 / 0                 0 / 0                 0 / 0           MB/s
[380.152s][info][gc,stats    ]      Memory: Page Cache Hit L1                                12 / 18               11 / 78               11 / 78               11 / 78          ops/s
[380.152s][info][gc,stats    ]      Memory: Page Cache Hit L2                                 0 / 0                 0 / 0                 0 / 0                 0 / 0           ops/s
[380.152s][info][gc,stats    ]      Memory: Page Cache Hit L3                                 0 / 0                 1 / 48                1 / 48                1 / 48          ops/s
[380.152s][info][gc,stats    ]      Memory: Page Cache Miss                                   0 / 0                 0 / 1                 0 / 1                 0 / 1           ops/s
[380.152s][info][gc,stats    ]      Memory: Uncommit                                          0 / 0                 0 / 0                 0 / 0                 0 / 0           MB/s
[380.152s][info][gc,stats    ]      Memory: Undo Object Allocation Failed                     0 / 0                 0 / 1                 0 / 1                 0 / 1           ops/s
[380.152s][info][gc,stats    ]      Memory: Undo Object Allocation Succeeded                  0 / 0                 0 / 22                0 / 22                0 / 22          ops/s
[380.152s][info][gc,stats    ]      Memory: Undo Page Allocation                              0 / 0                 0 / 2                 0 / 2                 0 / 2           ops/s
[380.152s][info][gc,stats    ]       Phase: Concurrent Mark                              16.668 / 16.668       19.350 / 38.897       19.350 / 38.897       19.350 / 38.897      ms
[380.152s][info][gc,stats    ]       Phase: Concurrent Mark Continue                      0.000 / 0.000         0.000 / 0.000         0.000 / 0.000         0.000 / 0.000       ms
[380.152s][info][gc,stats    ]       Phase: Concurrent Mark Free                          0.001 / 0.001         0.001 / 0.002         0.001 / 0.002         0.001 / 0.002       ms
[380.152s][info][gc,stats    ]       Phase: Concurrent Process Non-Strong References      8.519 / 8.519         8.880 / 16.444        8.880 / 16.444        8.880 / 16.444      ms
[380.152s][info][gc,stats    ]       Phase: Concurrent Relocate                           0.620 / 0.620         1.356 / 6.891         1.356 / 6.891         1.356 / 6.891       ms
[380.152s][info][gc,stats    ]       Phase: Concurrent Reset Relocation Set               0.005 / 0.005         0.005 / 0.011         0.005 / 0.011         0.005 / 0.011       ms
[380.152s][info][gc,stats    ]       Phase: Concurrent Select Relocation Set              1.278 / 1.278         1.692 / 3.477         1.692 / 3.477         1.692 / 3.477       ms
[380.152s][info][gc,stats    ]       Phase: Pause Mark End                                0.029 / 0.029         0.025 / 0.065         0.025 / 0.065         0.025 / 0.065       ms
[380.152s][info][gc,stats    ]       Phase: Pause Mark Start                              0.008 / 0.008         0.011 / 0.019         0.011 / 0.019         0.011 / 0.019       ms
[380.152s][info][gc,stats    ]       Phase: Pause Relocate Start                          0.008 / 0.008         0.010 / 0.019         0.010 / 0.019         0.010 / 0.019       ms
[380.152s][info][gc,stats    ]    Subphase: Concurrent Classes Purge                      0.296 / 0.296         0.345 / 1.663         0.345 / 1.663         0.345 / 1.663       ms
[380.152s][info][gc,stats    ]    Subphase: Concurrent Classes Unlink                     7.473 / 7.473         7.617 / 13.931        7.617 / 13.931        7.617 / 13.931      ms
[380.152s][info][gc,stats    ]    Subphase: Concurrent Mark                              13.697 / 15.981       15.719 / 33.017       15.719 / 33.017       15.719 / 33.017      ms
[380.152s][info][gc,stats    ]    Subphase: Concurrent Mark Try Flush                     0.117 / 0.160         0.117 / 0.269         0.117 / 0.269         0.117 / 0.269       ms
[380.152s][info][gc,stats    ]    Subphase: Concurrent Mark Try Terminate                 1.916 / 5.679         1.912 / 14.456        1.912 / 14.456        1.912 / 14.456      ms
[380.152s][info][gc,stats    ]    Subphase: Concurrent References Enqueue                 0.001 / 0.001         0.003 / 0.010         0.003 / 0.010         0.003 / 0.010       ms
[380.152s][info][gc,stats    ]    Subphase: Concurrent References Process                 0.204 / 0.204         0.172 / 0.513         0.172 / 0.513         0.172 / 0.513       ms
[380.152s][info][gc,stats    ]    Subphase: Concurrent Roots ClassLoaderDataGraph         0.127 / 0.215         0.177 / 0.547         0.177 / 0.547         0.177 / 0.547       ms
[380.152s][info][gc,stats    ]    Subphase: Concurrent Roots CodeCache                    0.000 / 0.000         0.000 / 0.000         0.000 / 0.000         0.000 / 0.000       ms
[380.152s][info][gc,stats    ]    Subphase: Concurrent Roots JavaThreads                  0.312 / 0.403         0.698 / 5.702         0.698 / 5.702         0.698 / 5.702       ms
[380.152s][info][gc,stats    ]    Subphase: Concurrent Roots OopStorageSet                0.030 / 0.034         0.031 / 0.085         0.031 / 0.085         0.031 / 0.085       ms
[380.152s][info][gc,stats    ]    Subphase: Concurrent Weak Roots OopStorageSet           0.351 / 0.352         0.542 / 0.939         0.542 / 0.939         0.542 / 0.939       ms
[380.152s][info][gc,stats    ]    Subphase: Pause Mark Try Complete                       0.000 / 0.000         0.000 / 0.000         0.000 / 0.000         0.000 / 0.000       ms
[380.152s][info][gc,stats    ]      System: Java Threads                                     33 / 33               32 / 34               32 / 34               32 / 34          threads
[380.152s][info][gc,stats    ] =========================================================================================================================================================
[387.661s][info][gc,start    ] GC(22) Garbage Collection (Proactive)
[387.661s][info][gc,task     ] GC(22) Using 2 workers
[387.661s][info][gc,phases   ] GC(22) Pause Mark Start 0.010ms
[387.676s][info][gc,phases   ] GC(22) Concurrent Mark 14.853ms
[387.677s][info][gc,phases   ] GC(22) Pause Mark End 0.021ms
[387.677s][info][gc,phases   ] GC(22) Concurrent Mark Free 0.001ms
[387.686s][info][gc,phases   ] GC(22) Concurrent Process Non-Strong References 8.921ms
[387.686s][info][gc,phases   ] GC(22) Concurrent Reset Relocation Set 0.007ms
[387.688s][info][gc,phases   ] GC(22) Concurrent Select Relocation Set 2.412ms
[387.688s][info][gc,phases   ] GC(22) Pause Relocate Start 0.010ms
[387.690s][info][gc,phases   ] GC(22) Concurrent Relocate 1.337ms
[387.690s][info][gc,load     ] GC(22) Load: 0.00/0.00/0.00
[387.690s][info][gc,mmu      ] GC(22) MMU: 2ms/96.8%, 5ms/98.7%, 10ms/99.2%, 20ms/99.6%, 50ms/99.8%, 100ms/99.9%
[387.690s][info][gc,marking  ] GC(22) Mark: 2 stripe(s), 2 proactive flush(es), 1 terminate flush(es), 0 completion(s), 0 continuation(s) 
[387.690s][info][gc,marking  ] GC(22) Mark Stack Usage: 32M
[387.690s][info][gc,nmethod  ] GC(22) NMethods: 8283 registered, 2088 unregistered
[387.690s][info][gc,metaspace] GC(22) Metaspace: 32M used, 33M committed, 1088M reserved
[387.690s][info][gc,ref      ] GC(22) Soft: 4105 encountered, 0 discovered, 0 enqueued
[387.690s][info][gc,ref      ] GC(22) Weak: 2148 encountered, 467 discovered, 0 enqueued
[387.690s][info][gc,ref      ] GC(22) Final: 3 encountered, 1 discovered, 0 enqueued
[387.690s][info][gc,ref      ] GC(22) Phantom: 279 encountered, 146 discovered, 0 enqueued
[387.690s][info][gc,reloc    ] GC(22) Small Pages: 222 / 444M, Empty: 330M, Relocated: 1M, In-Place: 0
[387.690s][info][gc,reloc    ] GC(22) Medium Pages: 1 / 32M, Empty: 0M, Relocated: 0M, In-Place: 0
[387.690s][info][gc,reloc    ] GC(22) Large Pages: 0 / 0M, Empty: 0M, Relocated: 0M, In-Place: 0
[387.690s][info][gc,reloc    ] GC(22) Forwarding Usage: 0M
[387.690s][info][gc,heap     ] GC(22) Min Capacity: 4096M(100%)
[387.690s][info][gc,heap     ] GC(22) Max Capacity: 4096M(100%)
[387.690s][info][gc,heap     ] GC(22) Soft Max Capacity: 4096M(100%)
[387.690s][info][gc,heap     ] GC(22)                Mark Start          Mark End        Relocate Start      Relocate End           High               Low         
[387.690s][info][gc,heap     ] GC(22)  Capacity:     4096M (100%)       4096M (100%)       4096M (100%)       4096M (100%)       4096M (100%)       4096M (100%)   
[387.690s][info][gc,heap     ] GC(22)      Free:     3620M (88%)        3608M (88%)        3938M (96%)        4030M (98%)        4030M (98%)        3608M (88%)    
[387.690s][info][gc,heap     ] GC(22)      Used:      476M (12%)         488M (12%)         158M (4%)           66M (2%)          488M (12%)          66M (2%)     
[387.690s][info][gc,heap     ] GC(22)      Live:         -                17M (0%)           17M (0%)           17M (0%)             -                  -          
[387.690s][info][gc,heap     ] GC(22) Allocated:         -                12M (0%)           12M (0%)           12M (0%)             -                  -          
[387.690s][info][gc,heap     ] GC(22)   Garbage:         -               458M (11%)         128M (3%)           36M (1%)             -                  -          
[387.690s][info][gc,heap     ] GC(22) Reclaimed:         -                  -               330M (8%)          422M (10%)            -                  -          
[387.690s][info][gc          ] GC(22) Garbage Collection (Proactive) 476M(12%)->66M(2%)
[390.153s][info][gc,stats    ] === Garbage Collection Statistics =======================================================================================================================
[390.153s][info][gc,stats    ]                                                              Last 10s              Last 10m              Last 10h                Total
[390.153s][info][gc,stats    ]                                                              Avg / Max             Avg / Max             Avg / Max             Avg / Max
[390.153s][info][gc,stats    ]   Collector: Garbage Collection Cycle                     29.209 / 29.209       32.594 / 54.411       32.594 / 54.411       32.594 / 54.411      ms
[390.153s][info][gc,stats    ]  Contention: Mark Segment Reset Contention                     0 / 0                 0 / 1                 0 / 1                 0 / 1           ops/s
[390.153s][info][gc,stats    ]  Contention: Mark SeqNum Reset Contention                      0 / 1                 0 / 2                 0 / 2                 0 / 2           ops/s
[390.153s][info][gc,stats    ]    Critical: Allocation Stall                                  0 / 0                 0 / 0                 0 / 0                 0 / 0           ops/s
[390.153s][info][gc,stats    ]    Critical: Allocation Stall                              0.000 / 0.000         0.000 / 0.000         0.000 / 0.000         0.000 / 0.000       ms
[390.153s][info][gc,stats    ]    Critical: GC Locker Stall                                   0 / 0                 0 / 0                 0 / 0                 0 / 0           ops/s
[390.153s][info][gc,stats    ]    Critical: GC Locker Stall                               0.000 / 0.000         0.000 / 0.000         0.000 / 0.000         0.000 / 0.000       ms
[390.153s][info][gc,stats    ]    Critical: Relocation Stall                                  0 / 0                 0 / 0                 0 / 0                 0 / 0           ops/s
[390.153s][info][gc,stats    ]    Critical: Relocation Stall                              0.000 / 0.000         0.000 / 0.000         0.000 / 0.000         0.000 / 0.000       ms
[390.153s][info][gc,stats    ]      Memory: Allocation Rate                                  24 / 32               25 / 148              25 / 148              25 / 148         MB/s
[390.153s][info][gc,stats    ]      Memory: Out Of Memory                                     0 / 0                 0 / 0                 0 / 0                 0 / 0           ops/s
[390.153s][info][gc,stats    ]      Memory: Page Cache Flush                                  0 / 0                 0 / 0                 0 / 0                 0 / 0           MB/s
[390.153s][info][gc,stats    ]      Memory: Page Cache Hit L1                                12 / 18               11 / 78               11 / 78               11 / 78          ops/s
[390.153s][info][gc,stats    ]      Memory: Page Cache Hit L2                                 0 / 0                 0 / 0                 0 / 0                 0 / 0           ops/s
[390.153s][info][gc,stats    ]      Memory: Page Cache Hit L3                                 0 / 0                 1 / 48                1 / 48                1 / 48          ops/s
[390.153s][info][gc,stats    ]      Memory: Page Cache Miss                                   0 / 0                 0 / 1                 0 / 1                 0 / 1           ops/s
[390.153s][info][gc,stats    ]      Memory: Uncommit                                          0 / 0                 0 / 0                 0 / 0                 0 / 0           MB/s
[390.153s][info][gc,stats    ]      Memory: Undo Object Allocation Failed                     0 / 0                 0 / 1                 0 / 1                 0 / 1           ops/s
[390.153s][info][gc,stats    ]      Memory: Undo Object Allocation Succeeded                  0 / 0                 0 / 22                0 / 22                0 / 22          ops/s
[390.153s][info][gc,stats    ]      Memory: Undo Page Allocation                              0 / 0                 0 / 2                 0 / 2                 0 / 2           ops/s
[390.154s][info][gc,stats    ]       Phase: Concurrent Mark                              14.853 / 14.853       19.155 / 38.897       19.155 / 38.897       19.155 / 38.897      ms
[390.154s][info][gc,stats    ]       Phase: Concurrent Mark Continue                      0.000 / 0.000         0.000 / 0.000         0.000 / 0.000         0.000 / 0.000       ms
[390.154s][info][gc,stats    ]       Phase: Concurrent Mark Free                          0.001 / 0.001         0.001 / 0.002         0.001 / 0.002         0.001 / 0.002       ms
[390.154s][info][gc,stats    ]       Phase: Concurrent Process Non-Strong References      8.921 / 8.921         8.881 / 16.444        8.881 / 16.444        8.881 / 16.444      ms
[390.154s][info][gc,stats    ]       Phase: Concurrent Relocate                           1.337 / 1.337         1.355 / 6.891         1.355 / 6.891         1.355 / 6.891       ms
[390.154s][info][gc,stats    ]       Phase: Concurrent Reset Relocation Set               0.007 / 0.007         0.005 / 0.011         0.005 / 0.011         0.005 / 0.011       ms
[390.154s][info][gc,stats    ]       Phase: Concurrent Select Relocation Set              2.412 / 2.412         1.723 / 3.477         1.723 / 3.477         1.723 / 3.477       ms
[390.154s][info][gc,stats    ]       Phase: Pause Mark End                                0.021 / 0.021         0.025 / 0.065         0.025 / 0.065         0.025 / 0.065       ms
[390.154s][info][gc,stats    ]       Phase: Pause Mark Start                              0.010 / 0.010         0.011 / 0.019         0.011 / 0.019         0.011 / 0.019       ms
[390.154s][info][gc,stats    ]       Phase: Pause Relocate Start                          0.010 / 0.010         0.010 / 0.019         0.010 / 0.019         0.010 / 0.019       ms
[390.154s][info][gc,stats    ]    Subphase: Concurrent Classes Purge                      0.306 / 0.306         0.343 / 1.663         0.343 / 1.663         0.343 / 1.663       ms
[390.154s][info][gc,stats    ]    Subphase: Concurrent Classes Unlink                     7.754 / 7.754         7.623 / 13.931        7.623 / 13.931        7.623 / 13.931      ms
[390.154s][info][gc,stats    ]    Subphase: Concurrent Mark                              12.408 / 14.180       15.575 / 33.017       15.575 / 33.017       15.575 / 33.017      ms
[390.154s][info][gc,stats    ]    Subphase: Concurrent Mark Try Flush                     0.137 / 0.219         0.118 / 0.269         0.118 / 0.269         0.118 / 0.269       ms
[390.154s][info][gc,stats    ]    Subphase: Concurrent Mark Try Terminate                 1.338 / 3.942         1.887 / 14.456        1.887 / 14.456        1.887 / 14.456      ms
[390.154s][info][gc,stats    ]    Subphase: Concurrent References Enqueue                 0.001 / 0.001         0.003 / 0.010         0.003 / 0.010         0.003 / 0.010       ms
[390.154s][info][gc,stats    ]    Subphase: Concurrent References Process                 0.125 / 0.125         0.170 / 0.513         0.170 / 0.513         0.170 / 0.513       ms
[390.154s][info][gc,stats    ]    Subphase: Concurrent Roots ClassLoaderDataGraph         0.109 / 0.179         0.174 / 0.547         0.174 / 0.547         0.174 / 0.547       ms
[390.154s][info][gc,stats    ]    Subphase: Concurrent Roots CodeCache                    0.000 / 0.000         0.000 / 0.000         0.000 / 0.000         0.000 / 0.000       ms
[390.154s][info][gc,stats    ]    Subphase: Concurrent Roots JavaThreads                  0.294 / 0.374         0.680 / 5.702         0.680 / 5.702         0.680 / 5.702       ms
[390.154s][info][gc,stats    ]    Subphase: Concurrent Roots OopStorageSet                0.019 / 0.024         0.030 / 0.085         0.030 / 0.085         0.030 / 0.085       ms
[390.154s][info][gc,stats    ]    Subphase: Concurrent Weak Roots OopStorageSet           0.534 / 0.535         0.542 / 0.939         0.542 / 0.939         0.542 / 0.939       ms
[390.154s][info][gc,stats    ]    Subphase: Pause Mark Try Complete                       0.000 / 0.000         0.000 / 0.000         0.000 / 0.000         0.000 / 0.000       ms
[390.154s][info][gc,stats    ]      System: Java Threads                                     33 / 33               32 / 34               32 / 34               32 / 34          threads
[390.154s][info][gc,stats    ] =========================================================================================================================================================
[400.163s][info][gc,stats    ] === Garbage Collection Statistics =======================================================================================================================
[400.163s][info][gc,stats    ]                                                              Last 10s              Last 10m              Last 10h                Total
[400.163s][info][gc,stats    ]                                                              Avg / Max             Avg / Max             Avg / Max             Avg / Max
[400.163s][info][gc,stats    ]   Collector: Garbage Collection Cycle                      0.000 / 0.000        32.594 / 54.411       32.594 / 54.411       32.594 / 54.411      ms
[400.163s][info][gc,stats    ]  Contention: Mark Segment Reset Contention                     0 / 0                 0 / 1                 0 / 1                 0 / 1           ops/s
[400.163s][info][gc,stats    ]  Contention: Mark SeqNum Reset Contention                      0 / 0                 0 / 2                 0 / 2                 0 / 2           ops/s
[400.163s][info][gc,stats    ]    Critical: Allocation Stall                                  0 / 0                 0 / 0                 0 / 0                 0 / 0           ops/s
[400.163s][info][gc,stats    ]    Critical: Allocation Stall                              0.000 / 0.000         0.000 / 0.000         0.000 / 0.000         0.000 / 0.000       ms
[400.163s][info][gc,stats    ]    Critical: GC Locker Stall                                   0 / 0                 0 / 0                 0 / 0                 0 / 0           ops/s
[400.163s][info][gc,stats    ]    Critical: GC Locker Stall                               0.000 / 0.000         0.000 / 0.000         0.000 / 0.000         0.000 / 0.000       ms
[400.163s][info][gc,stats    ]    Critical: Relocation Stall                                  0 / 0                 0 / 0                 0 / 0                 0 / 0           ops/s
[400.163s][info][gc,stats    ]    Critical: Relocation Stall                              0.000 / 0.000         0.000 / 0.000         0.000 / 0.000         0.000 / 0.000       ms
[400.163s][info][gc,stats    ]      Memory: Allocation Rate                                  24 / 28               25 / 148              25 / 148              25 / 148         MB/s
[400.163s][info][gc,stats    ]      Memory: Out Of Memory                                     0 / 0                 0 / 0                 0 / 0                 0 / 0           ops/s
[400.163s][info][gc,stats    ]      Memory: Page Cache Flush                                  0 / 0                 0 / 0                 0 / 0                 0 / 0           MB/s
[400.163s][info][gc,stats    ]      Memory: Page Cache Hit L1                                12 / 14               11 / 78               11 / 78               11 / 78          ops/s
[400.163s][info][gc,stats    ]      Memory: Page Cache Hit L2                                 0 / 0                 0 / 0                 0 / 0                 0 / 0           ops/s
[400.163s][info][gc,stats    ]      Memory: Page Cache Hit L3                                 0 / 0                 1 / 48                1 / 48                1 / 48          ops/s
[400.163s][info][gc,stats    ]      Memory: Page Cache Miss                                   0 / 0                 0 / 1                 0 / 1                 0 / 1           ops/s
[400.163s][info][gc,stats    ]      Memory: Uncommit                                          0 / 0                 0 / 0                 0 / 0                 0 / 0           MB/s
[400.163s][info][gc,stats    ]      Memory: Undo Object Allocation Failed                     0 / 0                 0 / 1                 0 / 1                 0 / 1           ops/s
[400.163s][info][gc,stats    ]      Memory: Undo Object Allocation Succeeded                  0 / 0                 0 / 22                0 / 22                0 / 22          ops/s
[400.163s][info][gc,stats    ]      Memory: Undo Page Allocation                              0 / 1                 0 / 2                 0 / 2                 0 / 2           ops/s
[400.163s][info][gc,stats    ]       Phase: Concurrent Mark                               0.000 / 0.000        19.155 / 38.897       19.155 / 38.897       19.155 / 38.897      ms
[400.163s][info][gc,stats    ]       Phase: Concurrent Mark Continue                      0.000 / 0.000         0.000 / 0.000         0.000 / 0.000         0.000 / 0.000       ms
[400.163s][info][gc,stats    ]       Phase: Concurrent Mark Free                          0.000 / 0.000         0.001 / 0.002         0.001 / 0.002         0.001 / 0.002       ms
[400.163s][info][gc,stats    ]       Phase: Concurrent Process Non-Strong References      0.000 / 0.000         8.881 / 16.444        8.881 / 16.444        8.881 / 16.444      ms
[400.163s][info][gc,stats    ]       Phase: Concurrent Relocate                           0.000 / 0.000         1.355 / 6.891         1.355 / 6.891         1.355 / 6.891       ms
[400.163s][info][gc,stats    ]       Phase: Concurrent Reset Relocation Set               0.000 / 0.000         0.005 / 0.011         0.005 / 0.011         0.005 / 0.011       ms
[400.163s][info][gc,stats    ]       Phase: Concurrent Select Relocation Set              0.000 / 0.000         1.723 / 3.477         1.723 / 3.477         1.723 / 3.477       ms
[400.163s][info][gc,stats    ]       Phase: Pause Mark End                                0.000 / 0.000         0.025 / 0.065         0.025 / 0.065         0.025 / 0.065       ms
[400.163s][info][gc,stats    ]       Phase: Pause Mark Start                              0.000 / 0.000         0.011 / 0.019         0.011 / 0.019         0.011 / 0.019       ms
[400.163s][info][gc,stats    ]       Phase: Pause Relocate Start                          0.000 / 0.000         0.010 / 0.019         0.010 / 0.019         0.010 / 0.019       ms
[400.163s][info][gc,stats    ]    Subphase: Concurrent Classes Purge                      0.000 / 0.000         0.343 / 1.663         0.343 / 1.663         0.343 / 1.663       ms
[400.163s][info][gc,stats    ]    Subphase: Concurrent Classes Unlink                     0.000 / 0.000         7.623 / 13.931        7.623 / 13.931        7.623 / 13.931      ms
[400.163s][info][gc,stats    ]    Subphase: Concurrent Mark                               0.000 / 0.000        15.575 / 33.017       15.575 / 33.017       15.575 / 33.017      ms
[400.163s][info][gc,stats    ]    Subphase: Concurrent Mark Try Flush                     0.000 / 0.000         0.118 / 0.269         0.118 / 0.269         0.118 / 0.269       ms
[400.163s][info][gc,stats    ]    Subphase: Concurrent Mark Try Terminate                 0.000 / 0.000         1.887 / 14.456        1.887 / 14.456        1.887 / 14.456      ms
[400.163s][info][gc,stats    ]    Subphase: Concurrent References Enqueue                 0.000 / 0.000         0.003 / 0.010         0.003 / 0.010         0.003 / 0.010       ms
[400.163s][info][gc,stats    ]    Subphase: Concurrent References Process                 0.000 / 0.000         0.170 / 0.513         0.170 / 0.513         0.170 / 0.513       ms
[400.163s][info][gc,stats    ]    Subphase: Concurrent Roots ClassLoaderDataGraph         0.000 / 0.000         0.174 / 0.547         0.174 / 0.547         0.174 / 0.547       ms
[400.163s][info][gc,stats    ]    Subphase: Concurrent Roots CodeCache                    0.000 / 0.000         0.000 / 0.000         0.000 / 0.000         0.000 / 0.000       ms
[400.163s][info][gc,stats    ]    Subphase: Concurrent Roots JavaThreads                  0.000 / 0.000         0.680 / 5.702         0.680 / 5.702         0.680 / 5.702       ms
[400.163s][info][gc,stats    ]    Subphase: Concurrent Roots OopStorageSet                0.000 / 0.000         0.030 / 0.085         0.030 / 0.085         0.030 / 0.085       ms
[400.163s][info][gc,stats    ]    Subphase: Concurrent Weak Roots OopStorageSet           0.000 / 0.000         0.542 / 0.939         0.542 / 0.939         0.542 / 0.939       ms
[400.163s][info][gc,stats    ]    Subphase: Pause Mark Try Complete                       0.000 / 0.000         0.000 / 0.000         0.000 / 0.000         0.000 / 0.000       ms
[400.163s][info][gc,stats    ]      System: Java Threads                                      0 / 0                32 / 34               32 / 34               32 / 34          threads
[400.163s][info][gc,stats    ] =========================================================================================================================================================
[405.065s][info][gc,start    ] GC(23) Garbage Collection (Proactive)
[405.065s][info][gc,task     ] GC(23) Using 2 workers
[405.066s][info][gc,phases   ] GC(23) Pause Mark Start 0.007ms
[405.081s][info][gc,phases   ] GC(23) Concurrent Mark 14.473ms
[405.081s][info][gc,phases   ] GC(23) Pause Mark End 0.019ms
[405.081s][info][gc,phases   ] GC(23) Concurrent Mark Free 0.001ms
[405.091s][info][gc,phases   ] GC(23) Concurrent Process Non-Strong References 9.364ms
[405.091s][info][gc,phases   ] GC(23) Concurrent Reset Relocation Set 0.003ms
[405.093s][info][gc,phases   ] GC(23) Concurrent Select Relocation Set 2.241ms
[405.093s][info][gc,phases   ] GC(23) Pause Relocate Start 0.011ms
[405.094s][info][gc,phases   ] GC(23) Concurrent Relocate 0.670ms
[405.094s][info][gc,load     ] GC(23) Load: 0.00/0.00/0.00
[405.094s][info][gc,mmu      ] GC(23) MMU: 2ms/96.8%, 5ms/98.7%, 10ms/99.2%, 20ms/99.6%, 50ms/99.8%, 100ms/99.9%
[405.094s][info][gc,marking  ] GC(23) Mark: 2 stripe(s), 2 proactive flush(es), 1 terminate flush(es), 0 completion(s), 0 continuation(s) 
[405.094s][info][gc,marking  ] GC(23) Mark Stack Usage: 32M
[405.094s][info][gc,nmethod  ] GC(23) NMethods: 8293 registered, 2088 unregistered
[405.094s][info][gc,metaspace] GC(23) Metaspace: 32M used, 33M committed, 1088M reserved
[405.094s][info][gc,ref      ] GC(23) Soft: 4105 encountered, 0 discovered, 0 enqueued
[405.094s][info][gc,ref      ] GC(23) Weak: 2148 encountered, 323 discovered, 0 enqueued
[405.094s][info][gc,ref      ] GC(23) Final: 3 encountered, 1 discovered, 0 enqueued
[405.094s][info][gc,ref      ] GC(23) Phantom: 279 encountered, 220 discovered, 0 enqueued
[405.094s][info][gc,reloc    ] GC(23) Small Pages: 223 / 446M, Empty: 322M, Relocated: 1M, In-Place: 0
[405.094s][info][gc,reloc    ] GC(23) Medium Pages: 1 / 32M, Empty: 0M, Relocated: 0M, In-Place: 0
[405.094s][info][gc,reloc    ] GC(23) Large Pages: 0 / 0M, Empty: 0M, Relocated: 0M, In-Place: 0
[405.094s][info][gc,reloc    ] GC(23) Forwarding Usage: 0M
[405.094s][info][gc,heap     ] GC(23) Min Capacity: 4096M(100%)
[405.094s][info][gc,heap     ] GC(23) Max Capacity: 4096M(100%)
[405.094s][info][gc,heap     ] GC(23) Soft Max Capacity: 4096M(100%)
[405.094s][info][gc,heap     ] GC(23)                Mark Start          Mark End        Relocate Start      Relocate End           High               Low         
[405.094s][info][gc,heap     ] GC(23)  Capacity:     4096M (100%)       4096M (100%)       4096M (100%)       4096M (100%)       4096M (100%)       4096M (100%)   
[405.094s][info][gc,heap     ] GC(23)      Free:     3618M (88%)        3606M (88%)        3928M (96%)        4030M (98%)        4030M (98%)        3606M (88%)    
[405.094s][info][gc,heap     ] GC(23)      Used:      478M (12%)         490M (12%)         168M (4%)           66M (2%)          490M (12%)          66M (2%)     
[405.094s][info][gc,heap     ] GC(23)      Live:         -                17M (0%)           17M (0%)           17M (0%)             -                  -          
[405.094s][info][gc,heap     ] GC(23) Allocated:         -                12M (0%)           12M (0%)           12M (0%)             -                  -          
[405.094s][info][gc,heap     ] GC(23)   Garbage:         -               460M (11%)         138M (3%)           36M (1%)             -                  -          
[405.094s][info][gc,heap     ] GC(23) Reclaimed:         -                  -               322M (8%)          424M (10%)            -                  -          
[405.094s][info][gc          ] GC(23) Garbage Collection (Proactive) 478M(12%)->66M(2%)
[410.160s][info][gc,stats    ] === Garbage Collection Statistics =======================================================================================================================
[410.160s][info][gc,stats    ]                                                              Last 10s              Last 10m              Last 10h                Total
[410.160s][info][gc,stats    ]                                                              Avg / Max             Avg / Max             Avg / Max             Avg / Max
[410.160s][info][gc,stats    ]   Collector: Garbage Collection Cycle                     28.473 / 28.473       32.422 / 54.411       32.422 / 54.411       32.422 / 54.411      ms
[410.160s][info][gc,stats    ]  Contention: Mark Segment Reset Contention                     0 / 0                 0 / 1                 0 / 1                 0 / 1           ops/s
[410.161s][info][gc,stats    ]  Contention: Mark SeqNum Reset Contention                      0 / 0                 0 / 2                 0 / 2                 0 / 2           ops/s
[410.161s][info][gc,stats    ]    Critical: Allocation Stall                                  0 / 0                 0 / 0                 0 / 0                 0 / 0           ops/s
[410.161s][info][gc,stats    ]    Critical: Allocation Stall                              0.000 / 0.000         0.000 / 0.000         0.000 / 0.000         0.000 / 0.000       ms
[410.161s][info][gc,stats    ]    Critical: GC Locker Stall                                   0 / 0                 0 / 0                 0 / 0                 0 / 0           ops/s
[410.161s][info][gc,stats    ]    Critical: GC Locker Stall                               0.000 / 0.000         0.000 / 0.000         0.000 / 0.000         0.000 / 0.000       ms
[410.161s][info][gc,stats    ]    Critical: Relocation Stall                                  0 / 0                 0 / 0                 0 / 0                 0 / 0           ops/s
[410.161s][info][gc,stats    ]    Critical: Relocation Stall                              0.000 / 0.000         0.000 / 0.000         0.000 / 0.000         0.000 / 0.000       ms
[410.161s][info][gc,stats    ]      Memory: Allocation Rate                                  25 / 36               25 / 148              25 / 148              25 / 148         MB/s
[410.161s][info][gc,stats    ]      Memory: Out Of Memory                                     0 / 0                 0 / 0                 0 / 0                 0 / 0           ops/s
[410.161s][info][gc,stats    ]      Memory: Page Cache Flush                                  0 / 0                 0 / 0                 0 / 0                 0 / 0           MB/s
[410.161s][info][gc,stats    ]      Memory: Page Cache Hit L1                                12 / 20               11 / 78               11 / 78               11 / 78          ops/s
[410.161s][info][gc,stats    ]      Memory: Page Cache Hit L2                                 0 / 0                 0 / 0                 0 / 0                 0 / 0           ops/s
[410.161s][info][gc,stats    ]      Memory: Page Cache Hit L3                                 0 / 0                 1 / 48                1 / 48                1 / 48          ops/s
[410.161s][info][gc,stats    ]      Memory: Page Cache Miss                                   0 / 0                 0 / 1                 0 / 1                 0 / 1           ops/s
[410.161s][info][gc,stats    ]      Memory: Uncommit                                          0 / 0                 0 / 0                 0 / 0                 0 / 0           MB/s
[410.161s][info][gc,stats    ]      Memory: Undo Object Allocation Failed                     0 / 0                 0 / 1                 0 / 1                 0 / 1           ops/s
[410.161s][info][gc,stats    ]      Memory: Undo Object Allocation Succeeded                  0 / 0                 0 / 22                0 / 22                0 / 22          ops/s
[410.161s][info][gc,stats    ]      Memory: Undo Page Allocation                              0 / 0                 0 / 2                 0 / 2                 0 / 2           ops/s
[410.161s][info][gc,stats    ]       Phase: Concurrent Mark                              14.473 / 14.473       18.960 / 38.897       18.960 / 38.897       18.960 / 38.897      ms
[410.161s][info][gc,stats    ]       Phase: Concurrent Mark Continue                      0.000 / 0.000         0.000 / 0.000         0.000 / 0.000         0.000 / 0.000       ms
[410.161s][info][gc,stats    ]       Phase: Concurrent Mark Free                          0.001 / 0.001         0.001 / 0.002         0.001 / 0.002         0.001 / 0.002       ms
[410.161s][info][gc,stats    ]       Phase: Concurrent Process Non-Strong References      9.364 / 9.364         8.901 / 16.444        8.901 / 16.444        8.901 / 16.444      ms
[410.161s][info][gc,stats    ]       Phase: Concurrent Relocate                           0.670 / 0.670         1.327 / 6.891         1.327 / 6.891         1.327 / 6.891       ms
[410.161s][info][gc,stats    ]       Phase: Concurrent Reset Relocation Set               0.003 / 0.003         0.005 / 0.011         0.005 / 0.011         0.005 / 0.011       ms
[410.161s][info][gc,stats    ]       Phase: Concurrent Select Relocation Set              2.241 / 2.241         1.745 / 3.477         1.745 / 3.477         1.745 / 3.477       ms
[410.161s][info][gc,stats    ]       Phase: Pause Mark End                                0.019 / 0.019         0.025 / 0.065         0.025 / 0.065         0.025 / 0.065       ms
[410.161s][info][gc,stats    ]       Phase: Pause Mark Start                              0.007 / 0.007         0.011 / 0.019         0.011 / 0.019         0.011 / 0.019       ms
[410.161s][info][gc,stats    ]       Phase: Pause Relocate Start                          0.011 / 0.011         0.010 / 0.019         0.010 / 0.019         0.010 / 0.019       ms
[410.161s][info][gc,stats    ]    Subphase: Concurrent Classes Purge                      0.234 / 0.234         0.338 / 1.663         0.338 / 1.663         0.338 / 1.663       ms
[410.161s][info][gc,stats    ]    Subphase: Concurrent Classes Unlink                     8.402 / 8.402         7.655 / 13.931        7.655 / 13.931        7.655 / 13.931      ms
[410.161s][info][gc,stats    ]    Subphase: Concurrent Mark                              12.691 / 13.857       15.454 / 33.017       15.454 / 33.017       15.454 / 33.017      ms
[410.161s][info][gc,stats    ]    Subphase: Concurrent Mark Try Flush                     0.110 / 0.154         0.117 / 0.269         0.117 / 0.269         0.117 / 0.269       ms
[410.161s][info][gc,stats    ]    Subphase: Concurrent Mark Try Terminate                 0.971 / 2.852         1.849 / 14.456        1.849 / 14.456        1.849 / 14.456      ms
[410.161s][info][gc,stats    ]    Subphase: Concurrent References Enqueue                 0.000 / 0.000         0.003 / 0.010         0.003 / 0.010         0.003 / 0.010       ms
[410.161s][info][gc,stats    ]    Subphase: Concurrent References Process                 0.143 / 0.143         0.169 / 0.513         0.169 / 0.513         0.169 / 0.513       ms
[410.161s][info][gc,stats    ]    Subphase: Concurrent Roots ClassLoaderDataGraph         0.123 / 0.203         0.172 / 0.547         0.172 / 0.547         0.172 / 0.547       ms
[410.161s][info][gc,stats    ]    Subphase: Concurrent Roots CodeCache                    0.000 / 0.000         0.000 / 0.000         0.000 / 0.000         0.000 / 0.000       ms
[410.161s][info][gc,stats    ]    Subphase: Concurrent Roots JavaThreads                  0.276 / 0.366         0.664 / 5.702         0.664 / 5.702         0.664 / 5.702       ms
[410.161s][info][gc,stats    ]    Subphase: Concurrent Roots OopStorageSet                0.021 / 0.027         0.030 / 0.085         0.030 / 0.085         0.030 / 0.085       ms
[410.161s][info][gc,stats    ]    Subphase: Concurrent Weak Roots OopStorageSet           0.378 / 0.379         0.535 / 0.939         0.535 / 0.939         0.535 / 0.939       ms
[410.161s][info][gc,stats    ]    Subphase: Pause Mark Try Complete                       0.000 / 0.000         0.000 / 0.000         0.000 / 0.000         0.000 / 0.000       ms
[410.161s][info][gc,stats    ]      System: Java Threads                                     33 / 33               32 / 34               32 / 34               32 / 34          threads
[410.161s][info][gc,stats    ] =========================================================================================================================================================
[420.156s][info][gc,stats    ] === Garbage Collection Statistics =======================================================================================================================
[420.156s][info][gc,stats    ]                                                              Last 10s              Last 10m              Last 10h                Total
[420.156s][info][gc,stats    ]                                                              Avg / Max             Avg / Max             Avg / Max             Avg / Max
[420.156s][info][gc,stats    ]   Collector: Garbage Collection Cycle                      0.000 / 0.000        32.422 / 54.411       32.422 / 54.411       32.422 / 54.411      ms
[420.156s][info][gc,stats    ]  Contention: Mark Segment Reset Contention                     0 / 0                 0 / 1                 0 / 1                 0 / 1           ops/s
[420.156s][info][gc,stats    ]  Contention: Mark SeqNum Reset Contention                      0 / 0                 0 / 2                 0 / 2                 0 / 2           ops/s
[420.156s][info][gc,stats    ]    Critical: Allocation Stall                                  0 / 0                 0 / 0                 0 / 0                 0 / 0           ops/s
[420.156s][info][gc,stats    ]    Critical: Allocation Stall                              0.000 / 0.000         0.000 / 0.000         0.000 / 0.000         0.000 / 0.000       ms
[420.156s][info][gc,stats    ]    Critical: GC Locker Stall                                   0 / 0                 0 / 0                 0 / 0                 0 / 0           ops/s
[420.156s][info][gc,stats    ]    Critical: GC Locker Stall                               0.000 / 0.000         0.000 / 0.000         0.000 / 0.000         0.000 / 0.000       ms
[420.156s][info][gc,stats    ]    Critical: Relocation Stall                                  0 / 0                 0 / 0                 0 / 0                 0 / 0           ops/s
[420.156s][info][gc,stats    ]    Critical: Relocation Stall                              0.000 / 0.000         0.000 / 0.000         0.000 / 0.000         0.000 / 0.000       ms
[420.156s][info][gc,stats    ]      Memory: Allocation Rate                                  24 / 26               25 / 148              25 / 148              25 / 148         MB/s
[420.156s][info][gc,stats    ]      Memory: Out Of Memory                                     0 / 0                 0 / 0                 0 / 0                 0 / 0           ops/s
[420.156s][info][gc,stats    ]      Memory: Page Cache Flush                                  0 / 0                 0 / 0                 0 / 0                 0 / 0           MB/s
[420.156s][info][gc,stats    ]      Memory: Page Cache Hit L1                                12 / 13               11 / 78               11 / 78               11 / 78          ops/s
[420.156s][info][gc,stats    ]      Memory: Page Cache Hit L2                                 0 / 0                 0 / 0                 0 / 0                 0 / 0           ops/s
[420.156s][info][gc,stats    ]      Memory: Page Cache Hit L3                                 0 / 0                 1 / 48                1 / 48                1 / 48          ops/s
[420.156s][info][gc,stats    ]      Memory: Page Cache Miss                                   0 / 0                 0 / 1                 0 / 1                 0 / 1           ops/s
[420.156s][info][gc,stats    ]      Memory: Uncommit                                          0 / 0                 0 / 0                 0 / 0                 0 / 0           MB/s
[420.156s][info][gc,stats    ]      Memory: Undo Object Allocation Failed                     0 / 0                 0 / 1                 0 / 1                 0 / 1           ops/s
[420.156s][info][gc,stats    ]      Memory: Undo Object Allocation Succeeded                  0 / 0                 0 / 22                0 / 22                0 / 22          ops/s
[420.156s][info][gc,stats    ]      Memory: Undo Page Allocation                              0 / 0                 0 / 2                 0 / 2                 0 / 2           ops/s
[420.156s][info][gc,stats    ]       Phase: Concurrent Mark                               0.000 / 0.000        18.960 / 38.897       18.960 / 38.897       18.960 / 38.897      ms
[420.156s][info][gc,stats    ]       Phase: Concurrent Mark Continue                      0.000 / 0.000         0.000 / 0.000         0.000 / 0.000         0.000 / 0.000       ms
[420.156s][info][gc,stats    ]       Phase: Concurrent Mark Free                          0.000 / 0.000         0.001 / 0.002         0.001 / 0.002         0.001 / 0.002       ms
[420.157s][info][gc,stats    ]       Phase: Concurrent Process Non-Strong References      0.000 / 0.000         8.901 / 16.444        8.901 / 16.444        8.901 / 16.444      ms
[420.157s][info][gc,stats    ]       Phase: Concurrent Relocate                           0.000 / 0.000         1.327 / 6.891         1.327 / 6.891         1.327 / 6.891       ms
[420.157s][info][gc,stats    ]       Phase: Concurrent Reset Relocation Set               0.000 / 0.000         0.005 / 0.011         0.005 / 0.011         0.005 / 0.011       ms
[420.157s][info][gc,stats    ]       Phase: Concurrent Select Relocation Set              0.000 / 0.000         1.745 / 3.477         1.745 / 3.477         1.745 / 3.477       ms
[420.157s][info][gc,stats    ]       Phase: Pause Mark End                                0.000 / 0.000         0.025 / 0.065         0.025 / 0.065         0.025 / 0.065       ms
[420.157s][info][gc,stats    ]       Phase: Pause Mark Start                              0.000 / 0.000         0.011 / 0.019         0.011 / 0.019         0.011 / 0.019       ms
[420.157s][info][gc,stats    ]       Phase: Pause Relocate Start                          0.000 / 0.000         0.010 / 0.019         0.010 / 0.019         0.010 / 0.019       ms
[420.157s][info][gc,stats    ]    Subphase: Concurrent Classes Purge                      0.000 / 0.000         0.338 / 1.663         0.338 / 1.663         0.338 / 1.663       ms
[420.157s][info][gc,stats    ]    Subphase: Concurrent Classes Unlink                     0.000 / 0.000         7.655 / 13.931        7.655 / 13.931        7.655 / 13.931      ms
[420.157s][info][gc,stats    ]    Subphase: Concurrent Mark                               0.000 / 0.000        15.454 / 33.017       15.454 / 33.017       15.454 / 33.017      ms
[420.157s][info][gc,stats    ]    Subphase: Concurrent Mark Try Flush                     0.000 / 0.000         0.117 / 0.269         0.117 / 0.269         0.117 / 0.269       ms
[420.157s][info][gc,stats    ]    Subphase: Concurrent Mark Try Terminate                 0.000 / 0.000         1.849 / 14.456        1.849 / 14.456        1.849 / 14.456      ms
[420.157s][info][gc,stats    ]    Subphase: Concurrent References Enqueue                 0.000 / 0.000         0.003 / 0.010         0.003 / 0.010         0.003 / 0.010       ms
[420.157s][info][gc,stats    ]    Subphase: Concurrent References Process                 0.000 / 0.000         0.169 / 0.513         0.169 / 0.513         0.169 / 0.513       ms
[420.157s][info][gc,stats    ]    Subphase: Concurrent Roots ClassLoaderDataGraph         0.000 / 0.000         0.172 / 0.547         0.172 / 0.547         0.172 / 0.547       ms
[420.157s][info][gc,stats    ]    Subphase: Concurrent Roots CodeCache                    0.000 / 0.000         0.000 / 0.000         0.000 / 0.000         0.000 / 0.000       ms
[420.157s][info][gc,stats    ]    Subphase: Concurrent Roots JavaThreads                  0.000 / 0.000         0.664 / 5.702         0.664 / 5.702         0.664 / 5.702       ms
[420.157s][info][gc,stats    ]    Subphase: Concurrent Roots OopStorageSet                0.000 / 0.000         0.030 / 0.085         0.030 / 0.085         0.030 / 0.085       ms
[420.157s][info][gc,stats    ]    Subphase: Concurrent Weak Roots OopStorageSet           0.000 / 0.000         0.535 / 0.939         0.535 / 0.939         0.535 / 0.939       ms
[420.157s][info][gc,stats    ]    Subphase: Pause Mark Try Complete                       0.000 / 0.000         0.000 / 0.000         0.000 / 0.000         0.000 / 0.000       ms
[420.157s][info][gc,stats    ]      System: Java Threads                                      0 / 0                32 / 34               32 / 34               32 / 34          threads
[420.157s][info][gc,stats    ] =========================================================================================================================================================
[422.365s][info][gc,start    ] GC(24) Garbage Collection (Proactive)
[422.365s][info][gc,task     ] GC(24) Using 2 workers
[422.365s][info][gc,phases   ] GC(24) Pause Mark Start 0.014ms
[422.382s][info][gc,phases   ] GC(24) Concurrent Mark 16.259ms
[422.382s][info][gc,phases   ] GC(24) Pause Mark End 0.029ms
[422.382s][info][gc,phases   ] GC(24) Concurrent Mark Free 0.003ms
[422.392s][info][gc,phases   ] GC(24) Concurrent Process Non-Strong References 9.176ms
[422.392s][info][gc,phases   ] GC(24) Concurrent Reset Relocation Set 0.005ms
[422.393s][info][gc,phases   ] GC(24) Concurrent Select Relocation Set 1.131ms
[422.393s][info][gc,phases   ] GC(24) Pause Relocate Start 0.008ms
[422.394s][info][gc,phases   ] GC(24) Concurrent Relocate 0.607ms
[422.394s][info][gc,load     ] GC(24) Load: 0.00/0.00/0.00
[422.394s][info][gc,mmu      ] GC(24) MMU: 2ms/96.8%, 5ms/98.7%, 10ms/99.2%, 20ms/99.6%, 50ms/99.8%, 100ms/99.9%
[422.394s][info][gc,marking  ] GC(24) Mark: 2 stripe(s), 2 proactive flush(es), 1 terminate flush(es), 0 completion(s), 0 continuation(s) 
[422.394s][info][gc,marking  ] GC(24) Mark Stack Usage: 32M
[422.394s][info][gc,nmethod  ] GC(24) NMethods: 8322 registered, 2088 unregistered
[422.394s][info][gc,metaspace] GC(24) Metaspace: 32M used, 33M committed, 1088M reserved
[422.394s][info][gc,ref      ] GC(24) Soft: 4105 encountered, 0 discovered, 0 enqueued
[422.394s][info][gc,ref      ] GC(24) Weak: 2148 encountered, 535 discovered, 0 enqueued
[422.394s][info][gc,ref      ] GC(24) Final: 3 encountered, 1 discovered, 0 enqueued
[422.394s][info][gc,ref      ] GC(24) Phantom: 282 encountered, 150 discovered, 0 enqueued
[422.394s][info][gc,reloc    ] GC(24) Small Pages: 223 / 446M, Empty: 324M, Relocated: 1M, In-Place: 0
[422.394s][info][gc,reloc    ] GC(24) Medium Pages: 1 / 32M, Empty: 0M, Relocated: 0M, In-Place: 0
[422.394s][info][gc,reloc    ] GC(24) Large Pages: 0 / 0M, Empty: 0M, Relocated: 0M, In-Place: 0
[422.394s][info][gc,reloc    ] GC(24) Forwarding Usage: 0M
[422.394s][info][gc,heap     ] GC(24) Min Capacity: 4096M(100%)
[422.394s][info][gc,heap     ] GC(24) Max Capacity: 4096M(100%)
[422.394s][info][gc,heap     ] GC(24) Soft Max Capacity: 4096M(100%)
[422.394s][info][gc,heap     ] GC(24)                Mark Start          Mark End        Relocate Start      Relocate End           High               Low         
[422.394s][info][gc,heap     ] GC(24)  Capacity:     4096M (100%)       4096M (100%)       4096M (100%)       4096M (100%)       4096M (100%)       4096M (100%)   
[422.394s][info][gc,heap     ] GC(24)      Free:     3618M (88%)        3606M (88%)        3930M (96%)        4030M (98%)        4030M (98%)        3606M (88%)    
[422.394s][info][gc,heap     ] GC(24)      Used:      478M (12%)         490M (12%)         166M (4%)           66M (2%)          490M (12%)          66M (2%)     
[422.394s][info][gc,heap     ] GC(24)      Live:         -                17M (0%)           17M (0%)           17M (0%)             -                  -          
[422.394s][info][gc,heap     ] GC(24) Allocated:         -                12M (0%)           12M (0%)           12M (0%)             -                  -          
[422.394s][info][gc,heap     ] GC(24)   Garbage:         -               460M (11%)         136M (3%)           36M (1%)             -                  -          
[422.394s][info][gc,heap     ] GC(24) Reclaimed:         -                  -               324M (8%)          424M (10%)            -                  -          
[422.394s][info][gc          ] GC(24) Garbage Collection (Proactive) 478M(12%)->66M(2%)
[430.161s][info][gc,stats    ] === Garbage Collection Statistics =======================================================================================================================
[430.161s][info][gc,stats    ]                                                              Last 10s              Last 10m              Last 10h                Total
[430.161s][info][gc,stats    ]                                                              Avg / Max             Avg / Max             Avg / Max             Avg / Max
[430.161s][info][gc,stats    ]   Collector: Garbage Collection Cycle                     29.216 / 29.216       32.294 / 54.411       32.294 / 54.411       32.294 / 54.411      ms
[430.161s][info][gc,stats    ]  Contention: Mark Segment Reset Contention                     0 / 0                 0 / 1                 0 / 1                 0 / 1           ops/s
[430.161s][info][gc,stats    ]  Contention: Mark SeqNum Reset Contention                      0 / 0                 0 / 2                 0 / 2                 0 / 2           ops/s
[430.161s][info][gc,stats    ]    Critical: Allocation Stall                                  0 / 0                 0 / 0                 0 / 0                 0 / 0           ops/s
[430.161s][info][gc,stats    ]    Critical: Allocation Stall                              0.000 / 0.000         0.000 / 0.000         0.000 / 0.000         0.000 / 0.000       ms
[430.161s][info][gc,stats    ]    Critical: GC Locker Stall                                   0 / 0                 0 / 0                 0 / 0                 0 / 0           ops/s
[430.161s][info][gc,stats    ]    Critical: GC Locker Stall                               0.000 / 0.000         0.000 / 0.000         0.000 / 0.000         0.000 / 0.000       ms
[430.161s][info][gc,stats    ]    Critical: Relocation Stall                                  0 / 0                 0 / 0                 0 / 0                 0 / 0           ops/s
[430.161s][info][gc,stats    ]    Critical: Relocation Stall                              0.000 / 0.000         0.000 / 0.000         0.000 / 0.000         0.000 / 0.000       ms
[430.161s][info][gc,stats    ]      Memory: Allocation Rate                                  25 / 38               25 / 148              25 / 148              25 / 148         MB/s
[430.161s][info][gc,stats    ]      Memory: Out Of Memory                                     0 / 0                 0 / 0                 0 / 0                 0 / 0           ops/s
[430.161s][info][gc,stats    ]      Memory: Page Cache Flush                                  0 / 0                 0 / 0                 0 / 0                 0 / 0           MB/s
[430.161s][info][gc,stats    ]      Memory: Page Cache Hit L1                                12 / 21               11 / 78               11 / 78               11 / 78          ops/s
[430.161s][info][gc,stats    ]      Memory: Page Cache Hit L2                                 0 / 0                 0 / 0                 0 / 0                 0 / 0           ops/s
[430.161s][info][gc,stats    ]      Memory: Page Cache Hit L3                                 0 / 0                 1 / 48                1 / 48                1 / 48          ops/s
[430.161s][info][gc,stats    ]      Memory: Page Cache Miss                                   0 / 0                 0 / 1                 0 / 1                 0 / 1           ops/s
[430.161s][info][gc,stats    ]      Memory: Uncommit                                          0 / 0                 0 / 0                 0 / 0                 0 / 0           MB/s
[430.161s][info][gc,stats    ]      Memory: Undo Object Allocation Failed                     0 / 0                 0 / 1                 0 / 1                 0 / 1           ops/s
[430.161s][info][gc,stats    ]      Memory: Undo Object Allocation Succeeded                  0 / 0                 0 / 22                0 / 22                0 / 22          ops/s
[430.161s][info][gc,stats    ]      Memory: Undo Page Allocation                              0 / 1                 0 / 2                 0 / 2                 0 / 2           ops/s
[430.161s][info][gc,stats    ]       Phase: Concurrent Mark                              16.259 / 16.259       18.852 / 38.897       18.852 / 38.897       18.852 / 38.897      ms
[430.161s][info][gc,stats    ]       Phase: Concurrent Mark Continue                      0.000 / 0.000         0.000 / 0.000         0.000 / 0.000         0.000 / 0.000       ms
[430.161s][info][gc,stats    ]       Phase: Concurrent Mark Free                          0.003 / 0.003         0.001 / 0.003         0.001 / 0.003         0.001 / 0.003       ms
[430.161s][info][gc,stats    ]       Phase: Concurrent Process Non-Strong References      9.176 / 9.176         8.912 / 16.444        8.912 / 16.444        8.912 / 16.444      ms
[430.161s][info][gc,stats    ]       Phase: Concurrent Relocate                           0.607 / 0.607         1.298 / 6.891         1.298 / 6.891         1.298 / 6.891       ms
[430.161s][info][gc,stats    ]       Phase: Concurrent Reset Relocation Set               0.005 / 0.005         0.005 / 0.011         0.005 / 0.011         0.005 / 0.011       ms
[430.161s][info][gc,stats    ]       Phase: Concurrent Select Relocation Set              1.131 / 1.131         1.720 / 3.477         1.720 / 3.477         1.720 / 3.477       ms
[430.161s][info][gc,stats    ]       Phase: Pause Mark End                                0.029 / 0.029         0.025 / 0.065         0.025 / 0.065         0.025 / 0.065       ms
[430.161s][info][gc,stats    ]       Phase: Pause Mark Start                              0.014 / 0.014         0.011 / 0.019         0.011 / 0.019         0.011 / 0.019       ms
[430.161s][info][gc,stats    ]       Phase: Pause Relocate Start                          0.008 / 0.008         0.010 / 0.019         0.010 / 0.019         0.010 / 0.019       ms
[430.161s][info][gc,stats    ]    Subphase: Concurrent Classes Purge                      0.295 / 0.295         0.337 / 1.663         0.337 / 1.663         0.337 / 1.663       ms
[430.161s][info][gc,stats    ]    Subphase: Concurrent Classes Unlink                     8.110 / 8.110         7.673 / 13.931        7.673 / 13.931        7.673 / 13.931      ms
[430.161s][info][gc,stats    ]    Subphase: Concurrent Mark                              13.562 / 15.577       15.379 / 33.017       15.379 / 33.017       15.379 / 33.017      ms
[430.161s][info][gc,stats    ]    Subphase: Concurrent Mark Try Flush                     0.143 / 0.237         0.118 / 0.269         0.118 / 0.269         0.118 / 0.269       ms
[430.161s][info][gc,stats    ]    Subphase: Concurrent Mark Try Terminate                 1.445 / 4.265         1.833 / 14.456        1.833 / 14.456        1.833 / 14.456      ms
[430.161s][info][gc,stats    ]    Subphase: Concurrent References Enqueue                 0.001 / 0.001         0.003 / 0.010         0.003 / 0.010         0.003 / 0.010       ms
[430.161s][info][gc,stats    ]    Subphase: Concurrent References Process                 0.185 / 0.185         0.170 / 0.513         0.170 / 0.513         0.170 / 0.513       ms
[430.161s][info][gc,stats    ]    Subphase: Concurrent Roots ClassLoaderDataGraph         0.115 / 0.206         0.170 / 0.547         0.170 / 0.547         0.170 / 0.547       ms
[430.161s][info][gc,stats    ]    Subphase: Concurrent Roots CodeCache                    0.000 / 0.000         0.000 / 0.000         0.000 / 0.000         0.000 / 0.000       ms
[430.161s][info][gc,stats    ]    Subphase: Concurrent Roots JavaThreads                  0.317 / 0.400         0.650 / 5.702         0.650 / 5.702         0.650 / 5.702       ms
[430.161s][info][gc,stats    ]    Subphase: Concurrent Roots OopStorageSet                0.024 / 0.034         0.030 / 0.085         0.030 / 0.085         0.030 / 0.085       ms
[430.161s][info][gc,stats    ]    Subphase: Concurrent Weak Roots OopStorageSet           0.373 / 0.374         0.528 / 0.939         0.528 / 0.939         0.528 / 0.939       ms
[430.161s][info][gc,stats    ]    Subphase: Pause Mark Try Complete                       0.000 / 0.000         0.000 / 0.000         0.000 / 0.000         0.000 / 0.000       ms
[430.161s][info][gc,stats    ]      System: Java Threads                                     33 / 33               32 / 34               32 / 34               32 / 34          threads
[430.161s][info][gc,stats    ] =========================================================================================================================================================
[439.765s][info][gc,start    ] GC(25) Garbage Collection (Proactive)
[439.766s][info][gc,task     ] GC(25) Using 2 workers
[439.766s][info][gc,phases   ] GC(25) Pause Mark Start 0.007ms
[439.783s][info][gc,phases   ] GC(25) Concurrent Mark 17.080ms
[439.783s][info][gc,phases   ] GC(25) Pause Mark End 0.029ms
[439.783s][info][gc,phases   ] GC(25) Concurrent Mark Free 0.001ms
[439.792s][info][gc,phases   ] GC(25) Concurrent Process Non-Strong References 8.549ms
[439.792s][info][gc,phases   ] GC(25) Concurrent Reset Relocation Set 0.005ms
[439.793s][info][gc,phases   ] GC(25) Concurrent Select Relocation Set 1.338ms
[439.793s][info][gc,phases   ] GC(25) Pause Relocate Start 0.008ms
[439.794s][info][gc,phases   ] GC(25) Concurrent Relocate 0.626ms
[439.794s][info][gc,load     ] GC(25) Load: 0.00/0.00/0.00
[439.794s][info][gc,mmu      ] GC(25) MMU: 2ms/96.8%, 5ms/98.7%, 10ms/99.2%, 20ms/99.6%, 50ms/99.8%, 100ms/99.9%
[439.794s][info][gc,marking  ] GC(25) Mark: 2 stripe(s), 2 proactive flush(es), 1 terminate flush(es), 0 completion(s), 0 continuation(s) 
[439.794s][info][gc,marking  ] GC(25) Mark Stack Usage: 32M
[439.794s][info][gc,nmethod  ] GC(25) NMethods: 8346 registered, 2088 unregistered
[439.794s][info][gc,metaspace] GC(25) Metaspace: 32M used, 33M committed, 1088M reserved
[439.794s][info][gc,ref      ] GC(25) Soft: 4105 encountered, 0 discovered, 0 enqueued
[439.794s][info][gc,ref      ] GC(25) Weak: 2148 encountered, 306 discovered, 0 enqueued
[439.794s][info][gc,ref      ] GC(25) Final: 3 encountered, 1 discovered, 0 enqueued
[439.794s][info][gc,ref      ] GC(25) Phantom: 278 encountered, 212 discovered, 0 enqueued
[439.794s][info][gc,reloc    ] GC(25) Small Pages: 223 / 446M, Empty: 320M, Relocated: 1M, In-Place: 0
[439.794s][info][gc,reloc    ] GC(25) Medium Pages: 1 / 32M, Empty: 0M, Relocated: 0M, In-Place: 0
[439.794s][info][gc,reloc    ] GC(25) Large Pages: 0 / 0M, Empty: 0M, Relocated: 0M, In-Place: 0
[439.794s][info][gc,reloc    ] GC(25) Forwarding Usage: 0M
[439.794s][info][gc,heap     ] GC(25) Min Capacity: 4096M(100%)
[439.794s][info][gc,heap     ] GC(25) Max Capacity: 4096M(100%)
[439.794s][info][gc,heap     ] GC(25) Soft Max Capacity: 4096M(100%)
[439.794s][info][gc,heap     ] GC(25)                Mark Start          Mark End        Relocate Start      Relocate End           High               Low         
[439.794s][info][gc,heap     ] GC(25)  Capacity:     4096M (100%)       4096M (100%)       4096M (100%)       4096M (100%)       4096M (100%)       4096M (100%)   
[439.794s][info][gc,heap     ] GC(25)      Free:     3618M (88%)        3608M (88%)        3928M (96%)        4032M (98%)        4032M (98%)        3608M (88%)    
[439.794s][info][gc,heap     ] GC(25)      Used:      478M (12%)         488M (12%)         168M (4%)           64M (2%)          488M (12%)          64M (2%)     
[439.794s][info][gc,heap     ] GC(25)      Live:         -                17M (0%)           17M (0%)           17M (0%)             -                  -          
[439.794s][info][gc,heap     ] GC(25) Allocated:         -                10M (0%)           10M (0%)           10M (0%)             -                  -          
[439.794s][info][gc,heap     ] GC(25)   Garbage:         -               460M (11%)         140M (3%)           36M (1%)             -                  -          
[439.794s][info][gc,heap     ] GC(25) Reclaimed:         -                  -               320M (8%)          424M (10%)            -                  -          
[439.794s][info][gc          ] GC(25) Garbage Collection (Proactive) 478M(12%)->64M(2%)
[440.152s][info][gc,stats    ] === Garbage Collection Statistics =======================================================================================================================
[440.152s][info][gc,stats    ]                                                              Last 10s              Last 10m              Last 10h                Total
[440.152s][info][gc,stats    ]                                                              Avg / Max             Avg / Max             Avg / Max             Avg / Max
[440.152s][info][gc,stats    ]   Collector: Garbage Collection Cycle                     28.711 / 28.711       32.156 / 54.411       32.156 / 54.411       32.156 / 54.411      ms
[440.152s][info][gc,stats    ]  Contention: Mark Segment Reset Contention                     0 / 0                 0 / 1                 0 / 1                 0 / 1           ops/s
[440.152s][info][gc,stats    ]  Contention: Mark SeqNum Reset Contention                      0 / 1                 0 / 2                 0 / 2                 0 / 2           ops/s
[440.152s][info][gc,stats    ]    Critical: Allocation Stall                                  0 / 0                 0 / 0                 0 / 0                 0 / 0           ops/s
[440.152s][info][gc,stats    ]    Critical: Allocation Stall                              0.000 / 0.000         0.000 / 0.000         0.000 / 0.000         0.000 / 0.000       ms
[440.152s][info][gc,stats    ]    Critical: GC Locker Stall                                   0 / 0                 0 / 0                 0 / 0                 0 / 0           ops/s
[440.152s][info][gc,stats    ]    Critical: GC Locker Stall                               0.000 / 0.000         0.000 / 0.000         0.000 / 0.000         0.000 / 0.000       ms
[440.152s][info][gc,stats    ]    Critical: Relocation Stall                                  0 / 0                 0 / 0                 0 / 0                 0 / 0           ops/s
[440.152s][info][gc,stats    ]    Critical: Relocation Stall                              0.000 / 0.000         0.000 / 0.000         0.000 / 0.000         0.000 / 0.000       ms
[440.152s][info][gc,stats    ]      Memory: Allocation Rate                                  25 / 32               25 / 148              25 / 148              25 / 148         MB/s
[440.153s][info][gc,stats    ]      Memory: Out Of Memory                                     0 / 0                 0 / 0                 0 / 0                 0 / 0           ops/s
[440.153s][info][gc,stats    ]      Memory: Page Cache Flush                                  0 / 0                 0 / 0                 0 / 0                 0 / 0           MB/s
[440.153s][info][gc,stats    ]      Memory: Page Cache Hit L1                                12 / 18               11 / 78               11 / 78               11 / 78          ops/s
[440.153s][info][gc,stats    ]      Memory: Page Cache Hit L2                                 0 / 0                 0 / 0                 0 / 0                 0 / 0           ops/s
[440.153s][info][gc,stats    ]      Memory: Page Cache Hit L3                                 0 / 0                 1 / 48                1 / 48                1 / 48          ops/s
[440.153s][info][gc,stats    ]      Memory: Page Cache Miss                                   0 / 0                 0 / 1                 0 / 1                 0 / 1           ops/s
[440.153s][info][gc,stats    ]      Memory: Uncommit                                          0 / 0                 0 / 0                 0 / 0                 0 / 0           MB/s
[440.153s][info][gc,stats    ]      Memory: Undo Object Allocation Failed                     0 / 0                 0 / 1                 0 / 1                 0 / 1           ops/s
[440.153s][info][gc,stats    ]      Memory: Undo Object Allocation Succeeded                  0 / 0                 0 / 22                0 / 22                0 / 22          ops/s
[440.153s][info][gc,stats    ]      Memory: Undo Page Allocation                              0 / 1                 0 / 2                 0 / 2                 0 / 2           ops/s
[440.153s][info][gc,stats    ]       Phase: Concurrent Mark                              17.080 / 17.080       18.783 / 38.897       18.783 / 38.897       18.783 / 38.897      ms
[440.153s][info][gc,stats    ]       Phase: Concurrent Mark Continue                      0.000 / 0.000         0.000 / 0.000         0.000 / 0.000         0.000 / 0.000       ms
[440.153s][info][gc,stats    ]       Phase: Concurrent Mark Free                          0.001 / 0.001         0.001 / 0.003         0.001 / 0.003         0.001 / 0.003       ms
[440.153s][info][gc,stats    ]       Phase: Concurrent Process Non-Strong References      8.549 / 8.549         8.898 / 16.444        8.898 / 16.444        8.898 / 16.444      ms
[440.153s][info][gc,stats    ]       Phase: Concurrent Relocate                           0.626 / 0.626         1.272 / 6.891         1.272 / 6.891         1.272 / 6.891       ms
[440.153s][info][gc,stats    ]       Phase: Concurrent Reset Relocation Set               0.005 / 0.005         0.005 / 0.011         0.005 / 0.011         0.005 / 0.011       ms
[440.153s][info][gc,stats    ]       Phase: Concurrent Select Relocation Set              1.338 / 1.338         1.705 / 3.477         1.705 / 3.477         1.705 / 3.477       ms
[440.153s][info][gc,stats    ]       Phase: Pause Mark End                                0.029 / 0.029         0.025 / 0.065         0.025 / 0.065         0.025 / 0.065       ms
[440.153s][info][gc,stats    ]       Phase: Pause Mark Start                              0.007 / 0.007         0.011 / 0.019         0.011 / 0.019         0.011 / 0.019       ms
[440.153s][info][gc,stats    ]       Phase: Pause Relocate Start                          0.008 / 0.008         0.010 / 0.019         0.010 / 0.019         0.010 / 0.019       ms
[440.153s][info][gc,stats    ]    Subphase: Concurrent Classes Purge                      0.295 / 0.295         0.335 / 1.663         0.335 / 1.663         0.335 / 1.663       ms
[440.153s][info][gc,stats    ]    Subphase: Concurrent Classes Unlink                     7.357 / 7.357         7.661 / 13.931        7.661 / 13.931        7.661 / 13.931      ms
[440.153s][info][gc,stats    ]    Subphase: Concurrent Mark                              13.418 / 16.196       15.303 / 33.017       15.303 / 33.017       15.303 / 33.017      ms
[440.153s][info][gc,stats    ]    Subphase: Concurrent Mark Try Flush                     0.114 / 0.182         0.118 / 0.269         0.118 / 0.269         0.118 / 0.269       ms
[440.153s][info][gc,stats    ]    Subphase: Concurrent Mark Try Terminate                 2.021 / 6.005         1.840 / 14.456        1.840 / 14.456        1.840 / 14.456      ms
[440.153s][info][gc,stats    ]    Subphase: Concurrent References Enqueue                 0.001 / 0.001         0.002 / 0.010         0.002 / 0.010         0.002 / 0.010       ms
[440.153s][info][gc,stats    ]    Subphase: Concurrent References Process                 0.209 / 0.209         0.171 / 0.513         0.171 / 0.513         0.171 / 0.513       ms
[440.153s][info][gc,stats    ]    Subphase: Concurrent Roots ClassLoaderDataGraph         0.142 / 0.229         0.169 / 0.547         0.169 / 0.547         0.169 / 0.547       ms
[440.153s][info][gc,stats    ]    Subphase: Concurrent Roots CodeCache                    0.000 / 0.000         0.000 / 0.000         0.000 / 0.000         0.000 / 0.000       ms
[440.153s][info][gc,stats    ]    Subphase: Concurrent Roots JavaThreads                  0.461 / 0.584         0.642 / 5.702         0.642 / 5.702         0.642 / 5.702       ms
[440.153s][info][gc,stats    ]    Subphase: Concurrent Roots OopStorageSet                0.025 / 0.034         0.030 / 0.085         0.030 / 0.085         0.030 / 0.085       ms
[440.153s][info][gc,stats    ]    Subphase: Concurrent Weak Roots OopStorageSet           0.469 / 0.471         0.526 / 0.939         0.526 / 0.939         0.526 / 0.939       ms
[440.153s][info][gc,stats    ]    Subphase: Pause Mark Try Complete                       0.000 / 0.000         0.000 / 0.000         0.000 / 0.000         0.000 / 0.000       ms
[440.153s][info][gc,stats    ]      System: Java Threads                                     33 / 33               32 / 34               32 / 34               32 / 34          threads
[440.153s][info][gc,stats    ] =========================================================================================================================================================
[450.157s][info][gc,stats    ] === Garbage Collection Statistics =======================================================================================================================
[450.157s][info][gc,stats    ]                                                              Last 10s              Last 10m              Last 10h                Total
[450.157s][info][gc,stats    ]                                                              Avg / Max             Avg / Max             Avg / Max             Avg / Max
[450.157s][info][gc,stats    ]   Collector: Garbage Collection Cycle                      0.000 / 0.000        32.156 / 54.411       32.156 / 54.411       32.156 / 54.411      ms
[450.157s][info][gc,stats    ]  Contention: Mark Segment Reset Contention                     0 / 0                 0 / 1                 0 / 1                 0 / 1           ops/s
[450.157s][info][gc,stats    ]  Contention: Mark SeqNum Reset Contention                      0 / 0                 0 / 2                 0 / 2                 0 / 2           ops/s
[450.157s][info][gc,stats    ]    Critical: Allocation Stall                                  0 / 0                 0 / 0                 0 / 0                 0 / 0           ops/s
[450.157s][info][gc,stats    ]    Critical: Allocation Stall                              0.000 / 0.000         0.000 / 0.000         0.000 / 0.000         0.000 / 0.000       ms
[450.157s][info][gc,stats    ]    Critical: GC Locker Stall                                   0 / 0                 0 / 0                 0 / 0                 0 / 0           ops/s
[450.157s][info][gc,stats    ]    Critical: GC Locker Stall                               0.000 / 0.000         0.000 / 0.000         0.000 / 0.000         0.000 / 0.000       ms
[450.157s][info][gc,stats    ]    Critical: Relocation Stall                                  0 / 0                 0 / 0                 0 / 0                 0 / 0           ops/s
[450.157s][info][gc,stats    ]    Critical: Relocation Stall                              0.000 / 0.000         0.000 / 0.000         0.000 / 0.000         0.000 / 0.000       ms
[450.157s][info][gc,stats    ]      Memory: Allocation Rate                                  23 / 28               25 / 148              25 / 148              25 / 148         MB/s
[450.157s][info][gc,stats    ]      Memory: Out Of Memory                                     0 / 0                 0 / 0                 0 / 0                 0 / 0           ops/s
[450.157s][info][gc,stats    ]      Memory: Page Cache Flush                                  0 / 0                 0 / 0                 0 / 0                 0 / 0           MB/s
[450.157s][info][gc,stats    ]      Memory: Page Cache Hit L1                                11 / 14               11 / 78               11 / 78               11 / 78          ops/s
[450.157s][info][gc,stats    ]      Memory: Page Cache Hit L2                                 0 / 0                 0 / 0                 0 / 0                 0 / 0           ops/s
[450.157s][info][gc,stats    ]      Memory: Page Cache Hit L3                                 0 / 0                 1 / 48                1 / 48                1 / 48          ops/s
[450.157s][info][gc,stats    ]      Memory: Page Cache Miss                                   0 / 0                 0 / 1                 0 / 1                 0 / 1           ops/s
[450.157s][info][gc,stats    ]      Memory: Uncommit                                          0 / 0                 0 / 0                 0 / 0                 0 / 0           MB/s
[450.157s][info][gc,stats    ]      Memory: Undo Object Allocation Failed                     0 / 0                 0 / 1                 0 / 1                 0 / 1           ops/s
[450.157s][info][gc,stats    ]      Memory: Undo Object Allocation Succeeded                  0 / 0                 0 / 22                0 / 22                0 / 22          ops/s
[450.157s][info][gc,stats    ]      Memory: Undo Page Allocation                              0 / 0                 0 / 2                 0 / 2                 0 / 2           ops/s
[450.157s][info][gc,stats    ]       Phase: Concurrent Mark                               0.000 / 0.000        18.783 / 38.897       18.783 / 38.897       18.783 / 38.897      ms
[450.157s][info][gc,stats    ]       Phase: Concurrent Mark Continue                      0.000 / 0.000         0.000 / 0.000         0.000 / 0.000         0.000 / 0.000       ms
[450.157s][info][gc,stats    ]       Phase: Concurrent Mark Free                          0.000 / 0.000         0.001 / 0.003         0.001 / 0.003         0.001 / 0.003       ms
[450.157s][info][gc,stats    ]       Phase: Concurrent Process Non-Strong References      0.000 / 0.000         8.898 / 16.444        8.898 / 16.444        8.898 / 16.444      ms
[450.157s][info][gc,stats    ]       Phase: Concurrent Relocate                           0.000 / 0.000         1.272 / 6.891         1.272 / 6.891         1.272 / 6.891       ms
[450.157s][info][gc,stats    ]       Phase: Concurrent Reset Relocation Set               0.000 / 0.000         0.005 / 0.011         0.005 / 0.011         0.005 / 0.011       ms
[450.157s][info][gc,stats    ]       Phase: Concurrent Select Relocation Set              0.000 / 0.000         1.705 / 3.477         1.705 / 3.477         1.705 / 3.477       ms
[450.157s][info][gc,stats    ]       Phase: Pause Mark End                                0.000 / 0.000         0.025 / 0.065         0.025 / 0.065         0.025 / 0.065       ms
[450.157s][info][gc,stats    ]       Phase: Pause Mark Start                              0.000 / 0.000         0.011 / 0.019         0.011 / 0.019         0.011 / 0.019       ms
[450.157s][info][gc,stats    ]       Phase: Pause Relocate Start                          0.000 / 0.000         0.010 / 0.019         0.010 / 0.019         0.010 / 0.019       ms
[450.157s][info][gc,stats    ]    Subphase: Concurrent Classes Purge                      0.000 / 0.000         0.335 / 1.663         0.335 / 1.663         0.335 / 1.663       ms
[450.157s][info][gc,stats    ]    Subphase: Concurrent Classes Unlink                     0.000 / 0.000         7.661 / 13.931        7.661 / 13.931        7.661 / 13.931      ms
[450.157s][info][gc,stats    ]    Subphase: Concurrent Mark                               0.000 / 0.000        15.303 / 33.017       15.303 / 33.017       15.303 / 33.017      ms
[450.157s][info][gc,stats    ]    Subphase: Concurrent Mark Try Flush                     0.000 / 0.000         0.118 / 0.269         0.118 / 0.269         0.118 / 0.269       ms
[450.157s][info][gc,stats    ]    Subphase: Concurrent Mark Try Terminate                 0.000 / 0.000         1.840 / 14.456        1.840 / 14.456        1.840 / 14.456      ms
[450.157s][info][gc,stats    ]    Subphase: Concurrent References Enqueue                 0.000 / 0.000         0.002 / 0.010         0.002 / 0.010         0.002 / 0.010       ms
[450.157s][info][gc,stats    ]    Subphase: Concurrent References Process                 0.000 / 0.000         0.171 / 0.513         0.171 / 0.513         0.171 / 0.513       ms
[450.157s][info][gc,stats    ]    Subphase: Concurrent Roots ClassLoaderDataGraph         0.000 / 0.000         0.169 / 0.547         0.169 / 0.547         0.169 / 0.547       ms
[450.157s][info][gc,stats    ]    Subphase: Concurrent Roots CodeCache                    0.000 / 0.000         0.000 / 0.000         0.000 / 0.000         0.000 / 0.000       ms
[450.157s][info][gc,stats    ]    Subphase: Concurrent Roots JavaThreads                  0.000 / 0.000         0.642 / 5.702         0.642 / 5.702         0.642 / 5.702       ms
[450.157s][info][gc,stats    ]    Subphase: Concurrent Roots OopStorageSet                0.000 / 0.000         0.030 / 0.085         0.030 / 0.085         0.030 / 0.085       ms
[450.157s][info][gc,stats    ]    Subphase: Concurrent Weak Roots OopStorageSet           0.000 / 0.000         0.526 / 0.939         0.526 / 0.939         0.526 / 0.939       ms
[450.157s][info][gc,stats    ]    Subphase: Pause Mark Try Complete                       0.000 / 0.000         0.000 / 0.000         0.000 / 0.000         0.000 / 0.000       ms
[450.158s][info][gc,stats    ]      System: Java Threads                                      0 / 0                32 / 34               32 / 34               32 / 34          threads
[450.158s][info][gc,stats    ] =========================================================================================================================================================
[456.865s][info][gc,start    ] GC(26) Garbage Collection (Proactive)
[456.866s][info][gc,task     ] GC(26) Using 2 workers
[456.866s][info][gc,phases   ] GC(26) Pause Mark Start 0.011ms
[456.886s][info][gc,phases   ] GC(26) Concurrent Mark 19.551ms
[456.886s][info][gc,phases   ] GC(26) Pause Mark End 0.027ms
[456.886s][info][gc,phases   ] GC(26) Concurrent Mark Free 0.001ms
[456.895s][info][gc,phases   ] GC(26) Concurrent Process Non-Strong References 8.771ms
[456.895s][info][gc,phases   ] GC(26) Concurrent Reset Relocation Set 0.004ms
[456.896s][info][gc,phases   ] GC(26) Concurrent Select Relocation Set 1.343ms
[456.896s][info][gc,phases   ] GC(26) Pause Relocate Start 0.009ms
[456.897s][info][gc,phases   ] GC(26) Concurrent Relocate 0.852ms
[456.897s][info][gc,load     ] GC(26) Load: 0.00/0.00/0.00
[456.897s][info][gc,mmu      ] GC(26) MMU: 2ms/96.8%, 5ms/98.7%, 10ms/99.2%, 20ms/99.6%, 50ms/99.8%, 100ms/99.9%
[456.897s][info][gc,marking  ] GC(26) Mark: 2 stripe(s), 2 proactive flush(es), 1 terminate flush(es), 0 completion(s), 0 continuation(s) 
[456.897s][info][gc,marking  ] GC(26) Mark Stack Usage: 32M
[456.897s][info][gc,nmethod  ] GC(26) NMethods: 8347 registered, 2088 unregistered
[456.897s][info][gc,metaspace] GC(26) Metaspace: 32M used, 33M committed, 1088M reserved
[456.897s][info][gc,ref      ] GC(26) Soft: 4105 encountered, 0 discovered, 0 enqueued
[456.897s][info][gc,ref      ] GC(26) Weak: 2148 encountered, 675 discovered, 0 enqueued
[456.897s][info][gc,ref      ] GC(26) Final: 3 encountered, 1 discovered, 0 enqueued
[456.897s][info][gc,ref      ] GC(26) Phantom: 279 encountered, 219 discovered, 0 enqueued
[456.897s][info][gc,reloc    ] GC(26) Small Pages: 221 / 442M, Empty: 330M, Relocated: 1M, In-Place: 0
[456.897s][info][gc,reloc    ] GC(26) Medium Pages: 1 / 32M, Empty: 0M, Relocated: 0M, In-Place: 0
[456.897s][info][gc,reloc    ] GC(26) Large Pages: 0 / 0M, Empty: 0M, Relocated: 0M, In-Place: 0
[456.897s][info][gc,reloc    ] GC(26) Forwarding Usage: 0M
[456.897s][info][gc,heap     ] GC(26) Min Capacity: 4096M(100%)
[456.897s][info][gc,heap     ] GC(26) Max Capacity: 4096M(100%)
[456.897s][info][gc,heap     ] GC(26) Soft Max Capacity: 4096M(100%)
[456.897s][info][gc,heap     ] GC(26)                Mark Start          Mark End        Relocate Start      Relocate End           High               Low         
[456.897s][info][gc,heap     ] GC(26)  Capacity:     4096M (100%)       4096M (100%)       4096M (100%)       4096M (100%)       4096M (100%)       4096M (100%)   
[456.897s][info][gc,heap     ] GC(26)      Free:     3622M (88%)        3610M (88%)        3940M (96%)        4030M (98%)        4030M (98%)        3610M (88%)    
[456.897s][info][gc,heap     ] GC(26)      Used:      474M (12%)         486M (12%)         156M (4%)           66M (2%)          486M (12%)          66M (2%)     
[456.897s][info][gc,heap     ] GC(26)      Live:         -                17M (0%)           17M (0%)           17M (0%)             -                  -          
[456.897s][info][gc,heap     ] GC(26) Allocated:         -                12M (0%)           12M (0%)           12M (0%)             -                  -          
[456.897s][info][gc,heap     ] GC(26)   Garbage:         -               456M (11%)         126M (3%)           36M (1%)             -                  -          
[456.897s][info][gc,heap     ] GC(26) Reclaimed:         -                  -               330M (8%)          420M (10%)            -                  -          
[456.897s][info][gc          ] GC(26) Garbage Collection (Proactive) 474M(12%)->66M(2%)
[460.152s][info][gc,stats    ] === Garbage Collection Statistics =======================================================================================================================
[460.152s][info][gc,stats    ]                                                              Last 10s              Last 10m              Last 10h                Total
[460.152s][info][gc,stats    ]                                                              Avg / Max             Avg / Max             Avg / Max             Avg / Max
[460.152s][info][gc,stats    ]   Collector: Garbage Collection Cycle                     31.778 / 31.778       32.142 / 54.411       32.142 / 54.411       32.142 / 54.411      ms
[460.152s][info][gc,stats    ]  Contention: Mark Segment Reset Contention                     0 / 1                 0 / 1                 0 / 1                 0 / 1           ops/s
[460.152s][info][gc,stats    ]  Contention: Mark SeqNum Reset Contention                      0 / 0                 0 / 2                 0 / 2                 0 / 2           ops/s
[460.152s][info][gc,stats    ]    Critical: Allocation Stall                                  0 / 0                 0 / 0                 0 / 0                 0 / 0           ops/s
[460.152s][info][gc,stats    ]    Critical: Allocation Stall                              0.000 / 0.000         0.000 / 0.000         0.000 / 0.000         0.000 / 0.000       ms
[460.152s][info][gc,stats    ]    Critical: GC Locker Stall                                   0 / 0                 0 / 0                 0 / 0                 0 / 0           ops/s
[460.152s][info][gc,stats    ]    Critical: GC Locker Stall                               0.000 / 0.000         0.000 / 0.000         0.000 / 0.000         0.000 / 0.000       ms
[460.152s][info][gc,stats    ]    Critical: Relocation Stall                                  0 / 0                 0 / 0                 0 / 0                 0 / 0           ops/s
[460.152s][info][gc,stats    ]    Critical: Relocation Stall                              0.000 / 0.000         0.000 / 0.000         0.000 / 0.000         0.000 / 0.000       ms
[460.152s][info][gc,stats    ]      Memory: Allocation Rate                                  25 / 32               25 / 148              25 / 148              25 / 148         MB/s
[460.152s][info][gc,stats    ]      Memory: Out Of Memory                                     0 / 0                 0 / 0                 0 / 0                 0 / 0           ops/s
[460.152s][info][gc,stats    ]      Memory: Page Cache Flush                                  0 / 0                 0 / 0                 0 / 0                 0 / 0           MB/s
[460.152s][info][gc,stats    ]      Memory: Page Cache Hit L1                                12 / 18               11 / 78               11 / 78               11 / 78          ops/s
[460.152s][info][gc,stats    ]      Memory: Page Cache Hit L2                                 0 / 0                 0 / 0                 0 / 0                 0 / 0           ops/s
[460.152s][info][gc,stats    ]      Memory: Page Cache Hit L3                                 0 / 0                 1 / 48                1 / 48                1 / 48          ops/s
[460.152s][info][gc,stats    ]      Memory: Page Cache Miss                                   0 / 0                 0 / 1                 0 / 1                 0 / 1           ops/s
[460.152s][info][gc,stats    ]      Memory: Uncommit                                          0 / 0                 0 / 0                 0 / 0                 0 / 0           MB/s
[460.152s][info][gc,stats    ]      Memory: Undo Object Allocation Failed                     0 / 0                 0 / 1                 0 / 1                 0 / 1           ops/s
[460.152s][info][gc,stats    ]      Memory: Undo Object Allocation Succeeded                  0 / 0                 0 / 22                0 / 22                0 / 22          ops/s
[460.152s][info][gc,stats    ]      Memory: Undo Page Allocation                              0 / 0                 0 / 2                 0 / 2                 0 / 2           ops/s
[460.152s][info][gc,stats    ]       Phase: Concurrent Mark                              19.551 / 19.551       18.812 / 38.897       18.812 / 38.897       18.812 / 38.897      ms
[460.152s][info][gc,stats    ]       Phase: Concurrent Mark Continue                      0.000 / 0.000         0.000 / 0.000         0.000 / 0.000         0.000 / 0.000       ms
[460.152s][info][gc,stats    ]       Phase: Concurrent Mark Free                          0.001 / 0.001         0.001 / 0.003         0.001 / 0.003         0.001 / 0.003       ms
[460.152s][info][gc,stats    ]       Phase: Concurrent Process Non-Strong References      8.771 / 8.771         8.894 / 16.444        8.894 / 16.444        8.894 / 16.444      ms
[460.152s][info][gc,stats    ]       Phase: Concurrent Relocate                           0.852 / 0.852         1.257 / 6.891         1.257 / 6.891         1.257 / 6.891       ms
[460.152s][info][gc,stats    ]       Phase: Concurrent Reset Relocation Set               0.004 / 0.004         0.005 / 0.011         0.005 / 0.011         0.005 / 0.011       ms
[460.152s][info][gc,stats    ]       Phase: Concurrent Select Relocation Set              1.343 / 1.343         1.692 / 3.477         1.692 / 3.477         1.692 / 3.477       ms
[460.152s][info][gc,stats    ]       Phase: Pause Mark End                                0.027 / 0.027         0.025 / 0.065         0.025 / 0.065         0.025 / 0.065       ms
[460.152s][info][gc,stats    ]       Phase: Pause Mark Start                              0.011 / 0.011         0.011 / 0.019         0.011 / 0.019         0.011 / 0.019       ms
[460.152s][info][gc,stats    ]       Phase: Pause Relocate Start                          0.009 / 0.009         0.010 / 0.019         0.010 / 0.019         0.010 / 0.019       ms
[460.152s][info][gc,stats    ]    Subphase: Concurrent Classes Purge                      0.296 / 0.296         0.334 / 1.663         0.334 / 1.663         0.334 / 1.663       ms
[460.152s][info][gc,stats    ]    Subphase: Concurrent Classes Unlink                     7.685 / 7.685         7.662 / 13.931        7.662 / 13.931        7.662 / 13.931      ms
[460.152s][info][gc,stats    ]    Subphase: Concurrent Mark                              15.392 / 18.798       15.307 / 33.017       15.307 / 33.017       15.307 / 33.017      ms
[460.152s][info][gc,stats    ]    Subphase: Concurrent Mark Try Flush                     0.124 / 0.178         0.118 / 0.269         0.118 / 0.269         0.118 / 0.269       ms
[460.152s][info][gc,stats    ]    Subphase: Concurrent Mark Try Terminate                 2.463 / 7.317         1.863 / 14.456        1.863 / 14.456        1.863 / 14.456      ms
[460.152s][info][gc,stats    ]    Subphase: Concurrent References Enqueue                 0.001 / 0.001         0.002 / 0.010         0.002 / 0.010         0.002 / 0.010       ms
[460.152s][info][gc,stats    ]    Subphase: Concurrent References Process                 0.146 / 0.146         0.170 / 0.513         0.170 / 0.513         0.170 / 0.513       ms
[460.152s][info][gc,stats    ]    Subphase: Concurrent Roots ClassLoaderDataGraph         0.131 / 0.204         0.167 / 0.547         0.167 / 0.547         0.167 / 0.547       ms
[460.152s][info][gc,stats    ]    Subphase: Concurrent Roots CodeCache                    0.000 / 0.000         0.000 / 0.000         0.000 / 0.000         0.000 / 0.000       ms
[460.152s][info][gc,stats    ]    Subphase: Concurrent Roots JavaThreads                  0.431 / 0.502         0.635 / 5.702         0.635 / 5.702         0.635 / 5.702       ms
[460.152s][info][gc,stats    ]    Subphase: Concurrent Roots OopStorageSet                0.024 / 0.032         0.029 / 0.085         0.029 / 0.085         0.029 / 0.085       ms
[460.152s][info][gc,stats    ]    Subphase: Concurrent Weak Roots OopStorageSet           0.423 / 0.424         0.522 / 0.939         0.522 / 0.939         0.522 / 0.939       ms
[460.152s][info][gc,stats    ]    Subphase: Pause Mark Try Complete                       0.000 / 0.000         0.000 / 0.000         0.000 / 0.000         0.000 / 0.000       ms
[460.152s][info][gc,stats    ]      System: Java Threads                                     33 / 33               32 / 34               32 / 34               32 / 34          threads
[460.152s][info][gc,stats    ] =========================================================================================================================================================
[470.165s][info][gc,stats    ] === Garbage Collection Statistics =======================================================================================================================
[470.165s][info][gc,stats    ]                                                              Last 10s              Last 10m              Last 10h                Total
[470.165s][info][gc,stats    ]                                                              Avg / Max             Avg / Max             Avg / Max             Avg / Max
[470.165s][info][gc,stats    ]   Collector: Garbage Collection Cycle                      0.000 / 0.000        32.142 / 54.411       32.142 / 54.411       32.142 / 54.411      ms
[470.165s][info][gc,stats    ]  Contention: Mark Segment Reset Contention                     0 / 0                 0 / 1                 0 / 1                 0 / 1           ops/s
[470.165s][info][gc,stats    ]  Contention: Mark SeqNum Reset Contention                      0 / 0                 0 / 2                 0 / 2                 0 / 2           ops/s
[470.165s][info][gc,stats    ]    Critical: Allocation Stall                                  0 / 0                 0 / 0                 0 / 0                 0 / 0           ops/s
[470.165s][info][gc,stats    ]    Critical: Allocation Stall                              0.000 / 0.000         0.000 / 0.000         0.000 / 0.000         0.000 / 0.000       ms
[470.165s][info][gc,stats    ]    Critical: GC Locker Stall                                   0 / 0                 0 / 0                 0 / 0                 0 / 0           ops/s
[470.165s][info][gc,stats    ]    Critical: GC Locker Stall                               0.000 / 0.000         0.000 / 0.000         0.000 / 0.000         0.000 / 0.000       ms
[470.165s][info][gc,stats    ]    Critical: Relocation Stall                                  0 / 0                 0 / 0                 0 / 0                 0 / 0           ops/s
[470.165s][info][gc,stats    ]    Critical: Relocation Stall                              0.000 / 0.000         0.000 / 0.000         0.000 / 0.000         0.000 / 0.000       ms
[470.165s][info][gc,stats    ]      Memory: Allocation Rate                                  24 / 26               25 / 148              25 / 148              25 / 148         MB/s
[470.165s][info][gc,stats    ]      Memory: Out Of Memory                                     0 / 0                 0 / 0                 0 / 0                 0 / 0           ops/s
[470.165s][info][gc,stats    ]      Memory: Page Cache Flush                                  0 / 0                 0 / 0                 0 / 0                 0 / 0           MB/s
[470.165s][info][gc,stats    ]      Memory: Page Cache Hit L1                                12 / 13               11 / 78               11 / 78               11 / 78          ops/s
[470.165s][info][gc,stats    ]      Memory: Page Cache Hit L2                                 0 / 0                 0 / 0                 0 / 0                 0 / 0           ops/s
[470.165s][info][gc,stats    ]      Memory: Page Cache Hit L3                                 0 / 0                 1 / 48                1 / 48                1 / 48          ops/s
[470.165s][info][gc,stats    ]      Memory: Page Cache Miss                                   0 / 0                 0 / 1                 0 / 1                 0 / 1           ops/s
[470.165s][info][gc,stats    ]      Memory: Uncommit                                          0 / 0                 0 / 0                 0 / 0                 0 / 0           MB/s
[470.165s][info][gc,stats    ]      Memory: Undo Object Allocation Failed                     0 / 0                 0 / 1                 0 / 1                 0 / 1           ops/s
[470.165s][info][gc,stats    ]      Memory: Undo Object Allocation Succeeded                  0 / 0                 0 / 22                0 / 22                0 / 22          ops/s
[470.165s][info][gc,stats    ]      Memory: Undo Page Allocation                              0 / 1                 0 / 2                 0 / 2                 0 / 2           ops/s
[470.165s][info][gc,stats    ]       Phase: Concurrent Mark                               0.000 / 0.000        18.812 / 38.897       18.812 / 38.897       18.812 / 38.897      ms
[470.165s][info][gc,stats    ]       Phase: Concurrent Mark Continue                      0.000 / 0.000         0.000 / 0.000         0.000 / 0.000         0.000 / 0.000       ms
[470.165s][info][gc,stats    ]       Phase: Concurrent Mark Free                          0.000 / 0.000         0.001 / 0.003         0.001 / 0.003         0.001 / 0.003       ms
[470.165s][info][gc,stats    ]       Phase: Concurrent Process Non-Strong References      0.000 / 0.000         8.894 / 16.444        8.894 / 16.444        8.894 / 16.444      ms
[470.165s][info][gc,stats    ]       Phase: Concurrent Relocate                           0.000 / 0.000         1.257 / 6.891         1.257 / 6.891         1.257 / 6.891       ms
[470.165s][info][gc,stats    ]       Phase: Concurrent Reset Relocation Set               0.000 / 0.000         0.005 / 0.011         0.005 / 0.011         0.005 / 0.011       ms
[470.165s][info][gc,stats    ]       Phase: Concurrent Select Relocation Set              0.000 / 0.000         1.692 / 3.477         1.692 / 3.477         1.692 / 3.477       ms
[470.165s][info][gc,stats    ]       Phase: Pause Mark End                                0.000 / 0.000         0.025 / 0.065         0.025 / 0.065         0.025 / 0.065       ms
[470.165s][info][gc,stats    ]       Phase: Pause Mark Start                              0.000 / 0.000         0.011 / 0.019         0.011 / 0.019         0.011 / 0.019       ms
[470.166s][info][gc,stats    ]       Phase: Pause Relocate Start                          0.000 / 0.000         0.010 / 0.019         0.010 / 0.019         0.010 / 0.019       ms
[470.166s][info][gc,stats    ]    Subphase: Concurrent Classes Purge                      0.000 / 0.000         0.334 / 1.663         0.334 / 1.663         0.334 / 1.663       ms
[470.166s][info][gc,stats    ]    Subphase: Concurrent Classes Unlink                     0.000 / 0.000         7.662 / 13.931        7.662 / 13.931        7.662 / 13.931      ms
[470.166s][info][gc,stats    ]    Subphase: Concurrent Mark                               0.000 / 0.000        15.307 / 33.017       15.307 / 33.017       15.307 / 33.017      ms
[470.166s][info][gc,stats    ]    Subphase: Concurrent Mark Try Flush                     0.000 / 0.000         0.118 / 0.269         0.118 / 0.269         0.118 / 0.269       ms
[470.166s][info][gc,stats    ]    Subphase: Concurrent Mark Try Terminate                 0.000 / 0.000         1.863 / 14.456        1.863 / 14.456        1.863 / 14.456      ms
[470.166s][info][gc,stats    ]    Subphase: Concurrent References Enqueue                 0.000 / 0.000         0.002 / 0.010         0.002 / 0.010         0.002 / 0.010       ms
[470.166s][info][gc,stats    ]    Subphase: Concurrent References Process                 0.000 / 0.000         0.170 / 0.513         0.170 / 0.513         0.170 / 0.513       ms
[470.166s][info][gc,stats    ]    Subphase: Concurrent Roots ClassLoaderDataGraph         0.000 / 0.000         0.167 / 0.547         0.167 / 0.547         0.167 / 0.547       ms
[470.166s][info][gc,stats    ]    Subphase: Concurrent Roots CodeCache                    0.000 / 0.000         0.000 / 0.000         0.000 / 0.000         0.000 / 0.000       ms
[470.166s][info][gc,stats    ]    Subphase: Concurrent Roots JavaThreads                  0.000 / 0.000         0.635 / 5.702         0.635 / 5.702         0.635 / 5.702       ms
[470.166s][info][gc,stats    ]    Subphase: Concurrent Roots OopStorageSet                0.000 / 0.000         0.029 / 0.085         0.029 / 0.085         0.029 / 0.085       ms
[470.166s][info][gc,stats    ]    Subphase: Concurrent Weak Roots OopStorageSet           0.000 / 0.000         0.522 / 0.939         0.522 / 0.939         0.522 / 0.939       ms
[470.166s][info][gc,stats    ]    Subphase: Pause Mark Try Complete                       0.000 / 0.000         0.000 / 0.000         0.000 / 0.000         0.000 / 0.000       ms
[470.166s][info][gc,stats    ]      System: Java Threads                                      0 / 0                32 / 34               32 / 34               32 / 34          threads
[470.166s][info][gc,stats    ] =========================================================================================================================================================
[474.156s][info][gc,start    ] GC(27) Garbage Collection (Proactive)
[474.156s][info][gc,task     ] GC(27) Using 2 workers
[474.156s][info][gc,phases   ] GC(27) Pause Mark Start 0.008ms
[474.174s][info][gc,phases   ] GC(27) Concurrent Mark 16.874ms
[474.174s][info][gc,phases   ] GC(27) Pause Mark End 0.024ms
[474.175s][info][gc,phases   ] GC(27) Concurrent Mark Free 0.001ms
[474.183s][info][gc,phases   ] GC(27) Concurrent Process Non-Strong References 8.782ms
[474.183s][info][gc,phases   ] GC(27) Concurrent Reset Relocation Set 0.005ms
[474.185s][info][gc,phases   ] GC(27) Concurrent Select Relocation Set 1.427ms
[474.185s][info][gc,phases   ] GC(27) Pause Relocate Start 0.009ms
[474.186s][info][gc,phases   ] GC(27) Concurrent Relocate 0.671ms
[474.186s][info][gc,load     ] GC(27) Load: 0.00/0.00/0.00
[474.186s][info][gc,mmu      ] GC(27) MMU: 2ms/96.8%, 5ms/98.7%, 10ms/99.2%, 20ms/99.6%, 50ms/99.8%, 100ms/99.9%
[474.186s][info][gc,marking  ] GC(27) Mark: 2 stripe(s), 2 proactive flush(es), 1 terminate flush(es), 0 completion(s), 0 continuation(s) 
[474.186s][info][gc,marking  ] GC(27) Mark Stack Usage: 32M
[474.186s][info][gc,nmethod  ] GC(27) NMethods: 8357 registered, 2088 unregistered
[474.186s][info][gc,metaspace] GC(27) Metaspace: 32M used, 33M committed, 1088M reserved
[474.186s][info][gc,ref      ] GC(27) Soft: 4105 encountered, 0 discovered, 0 enqueued
[474.186s][info][gc,ref      ] GC(27) Weak: 2148 encountered, 375 discovered, 0 enqueued
[474.186s][info][gc,ref      ] GC(27) Final: 3 encountered, 0 discovered, 0 enqueued
[474.186s][info][gc,ref      ] GC(27) Phantom: 278 encountered, 149 discovered, 0 enqueued
[474.186s][info][gc,reloc    ] GC(27) Small Pages: 224 / 448M, Empty: 334M, Relocated: 1M, In-Place: 0
[474.186s][info][gc,reloc    ] GC(27) Medium Pages: 1 / 32M, Empty: 0M, Relocated: 0M, In-Place: 0
[474.186s][info][gc,reloc    ] GC(27) Large Pages: 0 / 0M, Empty: 0M, Relocated: 0M, In-Place: 0
[474.186s][info][gc,reloc    ] GC(27) Forwarding Usage: 0M
[474.186s][info][gc,heap     ] GC(27) Min Capacity: 4096M(100%)
[474.186s][info][gc,heap     ] GC(27) Max Capacity: 4096M(100%)
[474.186s][info][gc,heap     ] GC(27) Soft Max Capacity: 4096M(100%)
[474.186s][info][gc,heap     ] GC(27)                Mark Start          Mark End        Relocate Start      Relocate End           High               Low         
[474.186s][info][gc,heap     ] GC(27)  Capacity:     4096M (100%)       4096M (100%)       4096M (100%)       4096M (100%)       4096M (100%)       4096M (100%)   
[474.186s][info][gc,heap     ] GC(27)      Free:     3616M (88%)        3604M (88%)        3938M (96%)        4030M (98%)        4030M (98%)        3604M (88%)    
[474.186s][info][gc,heap     ] GC(27)      Used:      480M (12%)         492M (12%)         158M (4%)           66M (2%)          492M (12%)          66M (2%)     
[474.186s][info][gc,heap     ] GC(27)      Live:         -                17M (0%)           17M (0%)           17M (0%)             -                  -          
[474.186s][info][gc,heap     ] GC(27) Allocated:         -                12M (0%)           12M (0%)           12M (0%)             -                  -          
[474.186s][info][gc,heap     ] GC(27)   Garbage:         -               462M (11%)         128M (3%)           36M (1%)             -                  -          
[474.186s][info][gc,heap     ] GC(27) Reclaimed:         -                  -               334M (8%)          426M (10%)            -                  -          
[474.186s][info][gc          ] GC(27) Garbage Collection (Proactive) 480M(12%)->66M(2%)
[480.157s][info][gc,stats    ] === Garbage Collection Statistics =======================================================================================================================
[480.157s][info][gc,stats    ]                                                              Last 10s              Last 10m              Last 10h                Total
[480.157s][info][gc,stats    ]                                                              Avg / Max             Avg / Max             Avg / Max             Avg / Max
[480.157s][info][gc,stats    ]   Collector: Garbage Collection Cycle                     29.552 / 29.552       32.050 / 54.411       32.050 / 54.411       32.050 / 54.411      ms
[480.157s][info][gc,stats    ]  Contention: Mark Segment Reset Contention                     0 / 0                 0 / 1                 0 / 1                 0 / 1           ops/s
[480.157s][info][gc,stats    ]  Contention: Mark SeqNum Reset Contention                      0 / 0                 0 / 2                 0 / 2                 0 / 2           ops/s
[480.157s][info][gc,stats    ]    Critical: Allocation Stall                                  0 / 0                 0 / 0                 0 / 0                 0 / 0           ops/s
[480.157s][info][gc,stats    ]    Critical: Allocation Stall                              0.000 / 0.000         0.000 / 0.000         0.000 / 0.000         0.000 / 0.000       ms
[480.157s][info][gc,stats    ]    Critical: GC Locker Stall                                   0 / 0                 0 / 0                 0 / 0                 0 / 0           ops/s
[480.157s][info][gc,stats    ]    Critical: GC Locker Stall                               0.000 / 0.000         0.000 / 0.000         0.000 / 0.000         0.000 / 0.000       ms
[480.157s][info][gc,stats    ]    Critical: Relocation Stall                                  0 / 0                 0 / 0                 0 / 0                 0 / 0           ops/s
[480.157s][info][gc,stats    ]    Critical: Relocation Stall                              0.000 / 0.000         0.000 / 0.000         0.000 / 0.000         0.000 / 0.000       ms
[480.157s][info][gc,stats    ]      Memory: Allocation Rate                                  24 / 32               25 / 148              25 / 148              25 / 148         MB/s
[480.157s][info][gc,stats    ]      Memory: Out Of Memory                                     0 / 0                 0 / 0                 0 / 0                 0 / 0           ops/s
[480.157s][info][gc,stats    ]      Memory: Page Cache Flush                                  0 / 0                 0 / 0                 0 / 0                 0 / 0           MB/s
[480.157s][info][gc,stats    ]      Memory: Page Cache Hit L1                                12 / 18               11 / 78               11 / 78               11 / 78          ops/s
[480.157s][info][gc,stats    ]      Memory: Page Cache Hit L2                                 0 / 0                 0 / 0                 0 / 0                 0 / 0           ops/s
[480.157s][info][gc,stats    ]      Memory: Page Cache Hit L3                                 0 / 0                 1 / 48                1 / 48                1 / 48          ops/s
[480.157s][info][gc,stats    ]      Memory: Page Cache Miss                                   0 / 0                 0 / 1                 0 / 1                 0 / 1           ops/s
[480.157s][info][gc,stats    ]      Memory: Uncommit                                          0 / 0                 0 / 0                 0 / 0                 0 / 0           MB/s
[480.157s][info][gc,stats    ]      Memory: Undo Object Allocation Failed                     0 / 0                 0 / 1                 0 / 1                 0 / 1           ops/s
[480.157s][info][gc,stats    ]      Memory: Undo Object Allocation Succeeded                  0 / 0                 0 / 22                0 / 22                0 / 22          ops/s
[480.157s][info][gc,stats    ]      Memory: Undo Page Allocation                              0 / 0                 0 / 2                 0 / 2                 0 / 2           ops/s
[480.157s][info][gc,stats    ]       Phase: Concurrent Mark                              16.874 / 16.874       18.743 / 38.897       18.743 / 38.897       18.743 / 38.897      ms
[480.157s][info][gc,stats    ]       Phase: Concurrent Mark Continue                      0.000 / 0.000         0.000 / 0.000         0.000 / 0.000         0.000 / 0.000       ms
[480.157s][info][gc,stats    ]       Phase: Concurrent Mark Free                          0.001 / 0.001         0.001 / 0.003         0.001 / 0.003         0.001 / 0.003       ms
[480.157s][info][gc,stats    ]       Phase: Concurrent Process Non-Strong References      8.782 / 8.782         8.890 / 16.444        8.890 / 16.444        8.890 / 16.444      ms
[480.157s][info][gc,stats    ]       Phase: Concurrent Relocate                           0.671 / 0.671         1.236 / 6.891         1.236 / 6.891         1.236 / 6.891       ms
[480.157s][info][gc,stats    ]       Phase: Concurrent Reset Relocation Set               0.005 / 0.005         0.005 / 0.011         0.005 / 0.011         0.005 / 0.011       ms
[480.157s][info][gc,stats    ]       Phase: Concurrent Select Relocation Set              1.427 / 1.427         1.682 / 3.477         1.682 / 3.477         1.682 / 3.477       ms
[480.157s][info][gc,stats    ]       Phase: Pause Mark End                                0.024 / 0.024         0.025 / 0.065         0.025 / 0.065         0.025 / 0.065       ms
[480.157s][info][gc,stats    ]       Phase: Pause Mark Start                              0.008 / 0.008         0.011 / 0.019         0.011 / 0.019         0.011 / 0.019       ms
[480.157s][info][gc,stats    ]       Phase: Pause Relocate Start                          0.009 / 0.009         0.010 / 0.019         0.010 / 0.019         0.010 / 0.019       ms
[480.157s][info][gc,stats    ]    Subphase: Concurrent Classes Purge                      0.293 / 0.293         0.332 / 1.663         0.332 / 1.663         0.332 / 1.663       ms
[480.157s][info][gc,stats    ]    Subphase: Concurrent Classes Unlink                     7.434 / 7.434         7.654 / 13.931        7.654 / 13.931        7.654 / 13.931      ms
[480.157s][info][gc,stats    ]    Subphase: Concurrent Mark                              13.876 / 16.174       15.256 / 33.017       15.256 / 33.017       15.256 / 33.017      ms
[480.157s][info][gc,stats    ]    Subphase: Concurrent Mark Try Flush                     0.141 / 0.192         0.119 / 0.269         0.119 / 0.269         0.119 / 0.269       ms
[480.157s][info][gc,stats    ]    Subphase: Concurrent Mark Try Terminate                 1.907 / 5.631         1.865 / 14.456        1.865 / 14.456        1.865 / 14.456      ms
[480.157s][info][gc,stats    ]    Subphase: Concurrent References Enqueue                 0.001 / 0.001         0.002 / 0.010         0.002 / 0.010         0.002 / 0.010       ms
[480.157s][info][gc,stats    ]    Subphase: Concurrent References Process                 0.174 / 0.174         0.170 / 0.513         0.170 / 0.513         0.170 / 0.513       ms
[480.157s][info][gc,stats    ]    Subphase: Concurrent Roots ClassLoaderDataGraph         0.126 / 0.211         0.166 / 0.547         0.166 / 0.547         0.166 / 0.547       ms
[480.157s][info][gc,stats    ]    Subphase: Concurrent Roots CodeCache                    0.000 / 0.000         0.000 / 0.000         0.000 / 0.000         0.000 / 0.000       ms
[480.157s][info][gc,stats    ]    Subphase: Concurrent Roots JavaThreads                  0.297 / 0.382         0.623 / 5.702         0.623 / 5.702         0.623 / 5.702       ms
[480.157s][info][gc,stats    ]    Subphase: Concurrent Roots OopStorageSet                0.025 / 0.035         0.029 / 0.085         0.029 / 0.085         0.029 / 0.085       ms
[480.157s][info][gc,stats    ]    Subphase: Concurrent Weak Roots OopStorageSet           0.663 / 0.665         0.527 / 0.939         0.527 / 0.939         0.527 / 0.939       ms
[480.158s][info][gc,stats    ]    Subphase: Pause Mark Try Complete                       0.000 / 0.000         0.000 / 0.000         0.000 / 0.000         0.000 / 0.000       ms
[480.158s][info][gc,stats    ]      System: Java Threads                                     33 / 33               32 / 34               32 / 34               32 / 34          threads
[480.158s][info][gc,stats    ] =========================================================================================================================================================
[490.155s][info][gc,stats    ] === Garbage Collection Statistics =======================================================================================================================
[490.155s][info][gc,stats    ]                                                              Last 10s              Last 10m              Last 10h                Total
[490.155s][info][gc,stats    ]                                                              Avg / Max             Avg / Max             Avg / Max             Avg / Max
[490.155s][info][gc,stats    ]   Collector: Garbage Collection Cycle                      0.000 / 0.000        32.050 / 54.411       32.050 / 54.411       32.050 / 54.411      ms
[490.155s][info][gc,stats    ]  Contention: Mark Segment Reset Contention                     0 / 0                 0 / 1                 0 / 1                 0 / 1           ops/s
[490.155s][info][gc,stats    ]  Contention: Mark SeqNum Reset Contention                      0 / 0                 0 / 2                 0 / 2                 0 / 2           ops/s
[490.155s][info][gc,stats    ]    Critical: Allocation Stall                                  0 / 0                 0 / 0                 0 / 0                 0 / 0           ops/s
[490.155s][info][gc,stats    ]    Critical: Allocation Stall                              0.000 / 0.000         0.000 / 0.000         0.000 / 0.000         0.000 / 0.000       ms
[490.155s][info][gc,stats    ]    Critical: GC Locker Stall                                   0 / 0                 0 / 0                 0 / 0                 0 / 0           ops/s
[490.155s][info][gc,stats    ]    Critical: GC Locker Stall                               0.000 / 0.000         0.000 / 0.000         0.000 / 0.000         0.000 / 0.000       ms
[490.155s][info][gc,stats    ]    Critical: Relocation Stall                                  0 / 0                 0 / 0                 0 / 0                 0 / 0           ops/s
[490.155s][info][gc,stats    ]    Critical: Relocation Stall                              0.000 / 0.000         0.000 / 0.000         0.000 / 0.000         0.000 / 0.000       ms
[490.155s][info][gc,stats    ]      Memory: Allocation Rate                                  23 / 28               25 / 148              25 / 148              25 / 148         MB/s
[490.155s][info][gc,stats    ]      Memory: Out Of Memory                                     0 / 0                 0 / 0                 0 / 0                 0 / 0           ops/s
[490.155s][info][gc,stats    ]      Memory: Page Cache Flush                                  0 / 0                 0 / 0                 0 / 0                 0 / 0           MB/s
[490.155s][info][gc,stats    ]      Memory: Page Cache Hit L1                                11 / 14               11 / 78               11 / 78               11 / 78          ops/s
[490.155s][info][gc,stats    ]      Memory: Page Cache Hit L2                                 0 / 0                 0 / 0                 0 / 0                 0 / 0           ops/s
[490.155s][info][gc,stats    ]      Memory: Page Cache Hit L3                                 0 / 0                 1 / 48                1 / 48                1 / 48          ops/s
[490.155s][info][gc,stats    ]      Memory: Page Cache Miss                                   0 / 0                 0 / 1                 0 / 1                 0 / 1           ops/s
[490.155s][info][gc,stats    ]      Memory: Uncommit                                          0 / 0                 0 / 0                 0 / 0                 0 / 0           MB/s
[490.155s][info][gc,stats    ]      Memory: Undo Object Allocation Failed                     0 / 0                 0 / 1                 0 / 1                 0 / 1           ops/s
[490.156s][info][gc,stats    ]      Memory: Undo Object Allocation Succeeded                  0 / 0                 0 / 22                0 / 22                0 / 22          ops/s
[490.156s][info][gc,stats    ]      Memory: Undo Page Allocation                              0 / 0                 0 / 2                 0 / 2                 0 / 2           ops/s
[490.156s][info][gc,stats    ]       Phase: Concurrent Mark                               0.000 / 0.000        18.743 / 38.897       18.743 / 38.897       18.743 / 38.897      ms
[490.156s][info][gc,stats    ]       Phase: Concurrent Mark Continue                      0.000 / 0.000         0.000 / 0.000         0.000 / 0.000         0.000 / 0.000       ms
[490.156s][info][gc,stats    ]       Phase: Concurrent Mark Free                          0.000 / 0.000         0.001 / 0.003         0.001 / 0.003         0.001 / 0.003       ms
[490.156s][info][gc,stats    ]       Phase: Concurrent Process Non-Strong References      0.000 / 0.000         8.890 / 16.444        8.890 / 16.444        8.890 / 16.444      ms
[490.156s][info][gc,stats    ]       Phase: Concurrent Relocate                           0.000 / 0.000         1.236 / 6.891         1.236 / 6.891         1.236 / 6.891       ms
[490.156s][info][gc,stats    ]       Phase: Concurrent Reset Relocation Set               0.000 / 0.000         0.005 / 0.011         0.005 / 0.011         0.005 / 0.011       ms
[490.156s][info][gc,stats    ]       Phase: Concurrent Select Relocation Set              0.000 / 0.000         1.682 / 3.477         1.682 / 3.477         1.682 / 3.477       ms
[490.156s][info][gc,stats    ]       Phase: Pause Mark End                                0.000 / 0.000         0.025 / 0.065         0.025 / 0.065         0.025 / 0.065       ms
[490.156s][info][gc,stats    ]       Phase: Pause Mark Start                              0.000 / 0.000         0.011 / 0.019         0.011 / 0.019         0.011 / 0.019       ms
[490.156s][info][gc,stats    ]       Phase: Pause Relocate Start                          0.000 / 0.000         0.010 / 0.019         0.010 / 0.019         0.010 / 0.019       ms
[490.156s][info][gc,stats    ]    Subphase: Concurrent Classes Purge                      0.000 / 0.000         0.332 / 1.663         0.332 / 1.663         0.332 / 1.663       ms
[490.156s][info][gc,stats    ]    Subphase: Concurrent Classes Unlink                     0.000 / 0.000         7.654 / 13.931        7.654 / 13.931        7.654 / 13.931      ms
[490.156s][info][gc,stats    ]    Subphase: Concurrent Mark                               0.000 / 0.000        15.256 / 33.017       15.256 / 33.017       15.256 / 33.017      ms
[490.156s][info][gc,stats    ]    Subphase: Concurrent Mark Try Flush                     0.000 / 0.000         0.119 / 0.269         0.119 / 0.269         0.119 / 0.269       ms
[490.156s][info][gc,stats    ]    Subphase: Concurrent Mark Try Terminate                 0.000 / 0.000         1.865 / 14.456        1.865 / 14.456        1.865 / 14.456      ms
[490.156s][info][gc,stats    ]    Subphase: Concurrent References Enqueue                 0.000 / 0.000         0.002 / 0.010         0.002 / 0.010         0.002 / 0.010       ms
[490.156s][info][gc,stats    ]    Subphase: Concurrent References Process                 0.000 / 0.000         0.170 / 0.513         0.170 / 0.513         0.170 / 0.513       ms
[490.156s][info][gc,stats    ]    Subphase: Concurrent Roots ClassLoaderDataGraph         0.000 / 0.000         0.166 / 0.547         0.166 / 0.547         0.166 / 0.547       ms
[490.156s][info][gc,stats    ]    Subphase: Concurrent Roots CodeCache                    0.000 / 0.000         0.000 / 0.000         0.000 / 0.000         0.000 / 0.000       ms
[490.156s][info][gc,stats    ]    Subphase: Concurrent Roots JavaThreads                  0.000 / 0.000         0.623 / 5.702         0.623 / 5.702         0.623 / 5.702       ms
[490.156s][info][gc,stats    ]    Subphase: Concurrent Roots OopStorageSet                0.000 / 0.000         0.029 / 0.085         0.029 / 0.085         0.029 / 0.085       ms
[490.156s][info][gc,stats    ]    Subphase: Concurrent Weak Roots OopStorageSet           0.000 / 0.000         0.527 / 0.939         0.527 / 0.939         0.527 / 0.939       ms
[490.156s][info][gc,stats    ]    Subphase: Pause Mark Try Complete                       0.000 / 0.000         0.000 / 0.000         0.000 / 0.000         0.000 / 0.000       ms
[490.156s][info][gc,stats    ]      System: Java Threads                                      0 / 0                32 / 34               32 / 34               32 / 34          threads
[490.156s][info][gc,stats    ] =========================================================================================================================================================
[491.555s][info][gc,start    ] GC(28) Garbage Collection (Proactive)
[491.555s][info][gc,task     ] GC(28) Using 2 workers
[491.555s][info][gc,phases   ] GC(28) Pause Mark Start 0.011ms
[491.572s][info][gc,phases   ] GC(28) Concurrent Mark 17.553ms
[491.573s][info][gc,phases   ] GC(28) Pause Mark End 0.028ms
[491.573s][info][gc,phases   ] GC(28) Concurrent Mark Free 0.002ms
[491.582s][info][gc,phases   ] GC(28) Concurrent Process Non-Strong References 9.010ms
[491.582s][info][gc,phases   ] GC(28) Concurrent Reset Relocation Set 0.002ms
[491.583s][info][gc,phases   ] GC(28) Concurrent Select Relocation Set 1.102ms
[491.583s][info][gc,phases   ] GC(28) Pause Relocate Start 0.008ms
[491.584s][info][gc,phases   ] GC(28) Concurrent Relocate 0.699ms
[491.584s][info][gc,load     ] GC(28) Load: 0.00/0.00/0.00
[491.584s][info][gc,mmu      ] GC(28) MMU: 2ms/96.8%, 5ms/98.7%, 10ms/99.2%, 20ms/99.6%, 50ms/99.8%, 100ms/99.9%
[491.584s][info][gc,marking  ] GC(28) Mark: 2 stripe(s), 2 proactive flush(es), 1 terminate flush(es), 0 completion(s), 0 continuation(s) 
[491.584s][info][gc,marking  ] GC(28) Mark Stack Usage: 32M
[491.584s][info][gc,nmethod  ] GC(28) NMethods: 8364 registered, 2088 unregistered
[491.584s][info][gc,metaspace] GC(28) Metaspace: 32M used, 33M committed, 1088M reserved
[491.584s][info][gc,ref      ] GC(28) Soft: 4105 encountered, 0 discovered, 0 enqueued
[491.584s][info][gc,ref      ] GC(28) Weak: 2148 encountered, 344 discovered, 0 enqueued
[491.584s][info][gc,ref      ] GC(28) Final: 3 encountered, 1 discovered, 0 enqueued
[491.584s][info][gc,ref      ] GC(28) Phantom: 279 encountered, 217 discovered, 0 enqueued
[491.584s][info][gc,reloc    ] GC(28) Small Pages: 223 / 446M, Empty: 324M, Relocated: 1M, In-Place: 0
[491.584s][info][gc,reloc    ] GC(28) Medium Pages: 1 / 32M, Empty: 0M, Relocated: 0M, In-Place: 0
[491.584s][info][gc,reloc    ] GC(28) Large Pages: 0 / 0M, Empty: 0M, Relocated: 0M, In-Place: 0
[491.584s][info][gc,reloc    ] GC(28) Forwarding Usage: 0M
[491.584s][info][gc,heap     ] GC(28) Min Capacity: 4096M(100%)
[491.584s][info][gc,heap     ] GC(28) Max Capacity: 4096M(100%)
[491.584s][info][gc,heap     ] GC(28) Soft Max Capacity: 4096M(100%)
[491.584s][info][gc,heap     ] GC(28)                Mark Start          Mark End        Relocate Start      Relocate End           High               Low         
[491.584s][info][gc,heap     ] GC(28)  Capacity:     4096M (100%)       4096M (100%)       4096M (100%)       4096M (100%)       4096M (100%)       4096M (100%)   
[491.584s][info][gc,heap     ] GC(28)      Free:     3618M (88%)        3608M (88%)        3930M (96%)        4030M (98%)        4030M (98%)        3606M (88%)    
[491.584s][info][gc,heap     ] GC(28)      Used:      478M (12%)         488M (12%)         166M (4%)           66M (2%)          490M (12%)          66M (2%)     
[491.584s][info][gc,heap     ] GC(28)      Live:         -                17M (0%)           17M (0%)           17M (0%)             -                  -          
[491.584s][info][gc,heap     ] GC(28) Allocated:         -                10M (0%)           12M (0%)           12M (0%)             -                  -          
[491.584s][info][gc,heap     ] GC(28)   Garbage:         -               460M (11%)         136M (3%)           36M (1%)             -                  -          
[491.584s][info][gc,heap     ] GC(28) Reclaimed:         -                  -               324M (8%)          424M (10%)            -                  -          
[491.584s][info][gc          ] GC(28) Garbage Collection (Proactive) 478M(12%)->66M(2%)
[498.733s][info][gc,start    ] GC(29) Garbage Collection (System.gc())
[498.733s][info][gc,task     ] GC(29) Using 2 workers
[498.733s][info][gc,phases   ] GC(29) Pause Mark Start 0.013ms
[498.759s][info][gc,phases   ] GC(29) Concurrent Mark 26.064ms
[498.759s][info][gc,phases   ] GC(29) Pause Mark End 0.027ms
[498.759s][info][gc,phases   ] GC(29) Concurrent Mark Free 0.002ms
[498.777s][info][gc,phases   ] GC(29) Concurrent Process Non-Strong References 17.263ms
[498.777s][info][gc,phases   ] GC(29) Concurrent Reset Relocation Set 0.003ms
[498.778s][info][gc,phases   ] GC(29) Concurrent Select Relocation Set 1.468ms
[498.778s][info][gc,phases   ] GC(29) Pause Relocate Start 0.008ms
[498.779s][info][gc,phases   ] GC(29) Concurrent Relocate 0.610ms
[498.779s][info][gc,load     ] GC(29) Load: 0.00/0.00/0.00
[498.779s][info][gc,mmu      ] GC(29) MMU: 2ms/96.8%, 5ms/98.7%, 10ms/99.2%, 20ms/99.6%, 50ms/99.8%, 100ms/99.9%
[498.779s][info][gc,marking  ] GC(29) Mark: 2 stripe(s), 1 proactive flush(es), 1 terminate flush(es), 0 completion(s), 0 continuation(s) 
[498.779s][info][gc,marking  ] GC(29) Mark Stack Usage: 32M
[498.779s][info][gc,nmethod  ] GC(29) NMethods: 7967 registered, 2511 unregistered
[498.779s][info][gc,metaspace] GC(29) Metaspace: 31M used, 33M committed, 1088M reserved
[498.779s][info][gc,ref      ] GC(29) Soft: 3971 encountered, 0 discovered, 0 enqueued
[498.779s][info][gc,ref      ] GC(29) Weak: 1890 encountered, 314 discovered, 77 enqueued
[498.779s][info][gc,ref      ] GC(29) Final: 3 encountered, 1 discovered, 0 enqueued
[498.779s][info][gc,ref      ] GC(29) Phantom: 265 encountered, 206 discovered, 3 enqueued
[498.779s][info][gc,reloc    ] GC(29) Small Pages: 100 / 200M, Empty: 122M, Relocated: 1M, In-Place: 0
[498.779s][info][gc,reloc    ] GC(29) Medium Pages: 2 / 64M, Empty: 32M, Relocated: 0M, In-Place: 0
[498.779s][info][gc,reloc    ] GC(29) Large Pages: 0 / 0M, Empty: 0M, Relocated: 0M, In-Place: 0
[498.779s][info][gc,reloc    ] GC(29) Forwarding Usage: 0M
[498.779s][info][gc,heap     ] GC(29) Min Capacity: 4096M(100%)
[498.779s][info][gc,heap     ] GC(29) Max Capacity: 4096M(100%)
[498.779s][info][gc,heap     ] GC(29) Soft Max Capacity: 4096M(100%)
[498.779s][info][gc,heap     ] GC(29)                Mark Start          Mark End        Relocate Start      Relocate End           High               Low         
[498.779s][info][gc,heap     ] GC(29)  Capacity:     4096M (100%)       4096M (100%)       4096M (100%)       4096M (100%)       4096M (100%)       4096M (100%)   
[498.779s][info][gc,heap     ] GC(29)      Free:     3832M (94%)        3832M (94%)        3982M (97%)        4040M (99%)        4040M (99%)        3828M (93%)    
[498.779s][info][gc,heap     ] GC(29)      Used:      264M (6%)          264M (6%)          114M (3%)           56M (1%)          268M (7%)           56M (1%)     
[498.779s][info][gc,heap     ] GC(29)      Live:         -                16M (0%)           16M (0%)           16M (0%)             -                  -          
[498.779s][info][gc,heap     ] GC(29) Allocated:         -                 0M (0%)            4M (0%)            4M (0%)             -                  -          
[498.779s][info][gc,heap     ] GC(29)   Garbage:         -               247M (6%)           93M (2%)           35M (1%)             -                  -          
[498.779s][info][gc,heap     ] GC(29) Reclaimed:         -                  -               154M (4%)          212M (5%)             -                  -          
[498.779s][info][gc          ] GC(29) Garbage Collection (System.gc()) 264M(6%)->56M(1%)
[500.165s][info][gc,stats    ] === Garbage Collection Statistics =======================================================================================================================
[500.165s][info][gc,stats    ]                                                              Last 10s              Last 10m              Last 10h                Total
[500.165s][info][gc,stats    ]                                                              Avg / Max             Avg / Max             Avg / Max             Avg / Max
[500.165s][info][gc,stats    ]   Collector: Garbage Collection Cycle                     38.028 / 46.419       32.448 / 54.411       32.448 / 54.411       32.448 / 54.411      ms
[500.165s][info][gc,stats    ]  Contention: Mark Segment Reset Contention                     0 / 0                 0 / 1                 0 / 1                 0 / 1           ops/s
[500.165s][info][gc,stats    ]  Contention: Mark SeqNum Reset Contention                      0 / 1                 0 / 2                 0 / 2                 0 / 2           ops/s
[500.165s][info][gc,stats    ]    Critical: Allocation Stall                                  0 / 0                 0 / 0                 0 / 0                 0 / 0           ops/s
[500.165s][info][gc,stats    ]    Critical: Allocation Stall                              0.000 / 0.000         0.000 / 0.000         0.000 / 0.000         0.000 / 0.000       ms
[500.165s][info][gc,stats    ]    Critical: GC Locker Stall                                   0 / 0                 0 / 0                 0 / 0                 0 / 0           ops/s
[500.165s][info][gc,stats    ]    Critical: GC Locker Stall                               0.000 / 0.000         0.000 / 0.000         0.000 / 0.000         0.000 / 0.000       ms
[500.165s][info][gc,stats    ]    Critical: Relocation Stall                                  0 / 0                 0 / 0                 0 / 0                 0 / 0           ops/s
[500.165s][info][gc,stats    ]    Critical: Relocation Stall                              0.000 / 0.000         0.000 / 0.000         0.000 / 0.000         0.000 / 0.000       ms
[500.165s][info][gc,stats    ]      Memory: Allocation Rate                                  36 / 128              25 / 148              25 / 148              25 / 148         MB/s
[500.165s][info][gc,stats    ]      Memory: Out Of Memory                                     0 / 0                 0 / 0                 0 / 0                 0 / 0           ops/s
[500.165s][info][gc,stats    ]      Memory: Page Cache Flush                                  0 / 0                 0 / 0                 0 / 0                 0 / 0           MB/s
[500.165s][info][gc,stats    ]      Memory: Page Cache Hit L1                                15 / 36               11 / 78               11 / 78               11 / 78          ops/s
[500.165s][info][gc,stats    ]      Memory: Page Cache Hit L2                                 0 / 0                 0 / 0                 0 / 0                 0 / 0           ops/s
[500.165s][info][gc,stats    ]      Memory: Page Cache Hit L3                                 0 / 0                 1 / 48                1 / 48                1 / 48          ops/s
[500.165s][info][gc,stats    ]      Memory: Page Cache Miss                                   0 / 0                 0 / 1                 0 / 1                 0 / 1           ops/s
[500.165s][info][gc,stats    ]      Memory: Uncommit                                          0 / 0                 0 / 0                 0 / 0                 0 / 0           MB/s
[500.165s][info][gc,stats    ]      Memory: Undo Object Allocation Failed                     0 / 0                 0 / 1                 0 / 1                 0 / 1           ops/s
[500.165s][info][gc,stats    ]      Memory: Undo Object Allocation Succeeded                  0 / 0                 0 / 22                0 / 22                0 / 22          ops/s
[500.165s][info][gc,stats    ]      Memory: Undo Page Allocation                              0 / 1                 0 / 2                 0 / 2                 0 / 2           ops/s
[500.165s][info][gc,stats    ]       Phase: Concurrent Mark                              21.809 / 26.064       18.947 / 38.897       18.947 / 38.897       18.947 / 38.897      ms
[500.165s][info][gc,stats    ]       Phase: Concurrent Mark Continue                      0.000 / 0.000         0.000 / 0.000         0.000 / 0.000         0.000 / 0.000       ms
[500.165s][info][gc,stats    ]       Phase: Concurrent Mark Free                          0.002 / 0.002         0.001 / 0.003         0.001 / 0.003         0.001 / 0.003       ms
[500.165s][info][gc,stats    ]       Phase: Concurrent Process Non-Strong References     13.136 / 17.263        9.173 / 17.263        9.173 / 17.263        9.173 / 17.263      ms
[500.165s][info][gc,stats    ]       Phase: Concurrent Relocate                           0.654 / 0.699         1.197 / 6.891         1.197 / 6.891         1.197 / 6.891       ms
[500.165s][info][gc,stats    ]       Phase: Concurrent Reset Relocation Set               0.003 / 0.003         0.005 / 0.011         0.005 / 0.011         0.005 / 0.011       ms
[500.165s][info][gc,stats    ]       Phase: Concurrent Select Relocation Set              1.285 / 1.468         1.656 / 3.477         1.656 / 3.477         1.656 / 3.477       ms
[500.165s][info][gc,stats    ]       Phase: Pause Mark End                                0.027 / 0.028         0.025 / 0.065         0.025 / 0.065         0.025 / 0.065       ms
[500.165s][info][gc,stats    ]       Phase: Pause Mark Start                              0.012 / 0.013         0.011 / 0.019         0.011 / 0.019         0.011 / 0.019       ms
[500.165s][info][gc,stats    ]       Phase: Pause Relocate Start                          0.008 / 0.008         0.009 / 0.019         0.009 / 0.019         0.009 / 0.019       ms
[500.165s][info][gc,stats    ]    Subphase: Concurrent Classes Purge                      1.157 / 2.002         0.387 / 2.002         0.387 / 2.002         0.387 / 2.002       ms
[500.165s][info][gc,stats    ]    Subphase: Concurrent Classes Unlink                    11.061 / 14.151        7.881 / 14.151        7.881 / 14.151        7.881 / 14.151      ms
[500.165s][info][gc,stats    ]    Subphase: Concurrent Mark                              16.291 / 25.274       15.325 / 33.017       15.325 / 33.017       15.325 / 33.017      ms
[500.165s][info][gc,stats    ]    Subphase: Concurrent Mark Try Flush                     0.119 / 0.203         0.119 / 0.269         0.119 / 0.269         0.119 / 0.269       ms
[500.165s][info][gc,stats    ]    Subphase: Concurrent Mark Try Terminate                 3.644 / 16.074        1.983 / 16.074        1.983 / 16.074        1.983 / 16.074      ms
[500.165s][info][gc,stats    ]    Subphase: Concurrent References Enqueue                 0.004 / 0.007         0.002 / 0.010         0.002 / 0.010         0.002 / 0.010       ms
[500.165s][info][gc,stats    ]    Subphase: Concurrent References Process                 0.194 / 0.210         0.172 / 0.513         0.172 / 0.513         0.172 / 0.513       ms
[500.165s][info][gc,stats    ]    Subphase: Concurrent Roots ClassLoaderDataGraph         0.128 / 0.237         0.163 / 0.547         0.163 / 0.547         0.163 / 0.547       ms
[500.165s][info][gc,stats    ]    Subphase: Concurrent Roots CodeCache                    0.000 / 0.000         0.000 / 0.000         0.000 / 0.000         0.000 / 0.000       ms
[500.165s][info][gc,stats    ]    Subphase: Concurrent Roots JavaThreads                  0.387 / 0.495         0.607 / 5.702         0.607 / 5.702         0.607 / 5.702       ms
[500.165s][info][gc,stats    ]    Subphase: Concurrent Roots OopStorageSet                0.024 / 0.033         0.029 / 0.085         0.029 / 0.085         0.029 / 0.085       ms
[500.165s][info][gc,stats    ]    Subphase: Concurrent Weak Roots OopStorageSet           0.493 / 0.672         0.525 / 0.939         0.525 / 0.939         0.525 / 0.939       ms
[500.165s][info][gc,stats    ]    Subphase: Pause Mark Try Complete                       0.000 / 0.000         0.000 / 0.000         0.000 / 0.000         0.000 / 0.000       ms
[500.165s][info][gc,stats    ]      System: Java Threads                                     30 / 33               32 / 34               32 / 34               32 / 34          threads
[500.165s][info][gc,stats    ] =========================================================================================================================================================
[510.158s][info][gc,stats    ] === Garbage Collection Statistics =======================================================================================================================
[510.158s][info][gc,stats    ]                                                              Last 10s              Last 10m              Last 10h                Total
[510.158s][info][gc,stats    ]                                                              Avg / Max             Avg / Max             Avg / Max             Avg / Max
[510.158s][info][gc,stats    ]   Collector: Garbage Collection Cycle                      0.000 / 0.000        32.448 / 54.411       32.448 / 54.411       32.448 / 54.411      ms
[510.158s][info][gc,stats    ]  Contention: Mark Segment Reset Contention                     0 / 0                 0 / 1                 0 / 1                 0 / 1           ops/s
[510.158s][info][gc,stats    ]  Contention: Mark SeqNum Reset Contention                      0 / 0                 0 / 2                 0 / 2                 0 / 2           ops/s
[510.158s][info][gc,stats    ]    Critical: Allocation Stall                                  0 / 0                 0 / 0                 0 / 0                 0 / 0           ops/s
[510.158s][info][gc,stats    ]    Critical: Allocation Stall                              0.000 / 0.000         0.000 / 0.000         0.000 / 0.000         0.000 / 0.000       ms
[510.158s][info][gc,stats    ]    Critical: GC Locker Stall                                   0 / 0                 0 / 0                 0 / 0                 0 / 0           ops/s
[510.158s][info][gc,stats    ]    Critical: GC Locker Stall                               0.000 / 0.000         0.000 / 0.000         0.000 / 0.000         0.000 / 0.000       ms
[510.158s][info][gc,stats    ]    Critical: Relocation Stall                                  0 / 0                 0 / 0                 0 / 0                 0 / 0           ops/s
[510.158s][info][gc,stats    ]    Critical: Relocation Stall                              0.000 / 0.000         0.000 / 0.000         0.000 / 0.000         0.000 / 0.000       ms
[510.158s][info][gc,stats    ]      Memory: Allocation Rate                                  24 / 26               25 / 148              25 / 148              25 / 148         MB/s
[510.158s][info][gc,stats    ]      Memory: Out Of Memory                                     0 / 0                 0 / 0                 0 / 0                 0 / 0           ops/s
[510.158s][info][gc,stats    ]      Memory: Page Cache Flush                                  0 / 0                 0 / 0                 0 / 0                 0 / 0           MB/s
[510.158s][info][gc,stats    ]      Memory: Page Cache Hit L1                                12 / 13               11 / 78               11 / 78               11 / 78          ops/s
[510.158s][info][gc,stats    ]      Memory: Page Cache Hit L2                                 0 / 0                 0 / 0                 0 / 0                 0 / 0           ops/s
[510.158s][info][gc,stats    ]      Memory: Page Cache Hit L3                                 0 / 0                 1 / 48                1 / 48                1 / 48          ops/s
[510.158s][info][gc,stats    ]      Memory: Page Cache Miss                                   0 / 0                 0 / 1                 0 / 1                 0 / 1           ops/s
[510.158s][info][gc,stats    ]      Memory: Uncommit                                          0 / 0                 0 / 0                 0 / 0                 0 / 0           MB/s
[510.158s][info][gc,stats    ]      Memory: Undo Object Allocation Failed                     0 / 0                 0 / 1                 0 / 1                 0 / 1           ops/s
[510.158s][info][gc,stats    ]      Memory: Undo Object Allocation Succeeded                  0 / 0                 0 / 22                0 / 22                0 / 22          ops/s
[510.158s][info][gc,stats    ]      Memory: Undo Page Allocation                              0 / 0                 0 / 2                 0 / 2                 0 / 2           ops/s
[510.158s][info][gc,stats    ]       Phase: Concurrent Mark                               0.000 / 0.000        18.947 / 38.897       18.947 / 38.897       18.947 / 38.897      ms
[510.158s][info][gc,stats    ]       Phase: Concurrent Mark Continue                      0.000 / 0.000         0.000 / 0.000         0.000 / 0.000         0.000 / 0.000       ms
[510.158s][info][gc,stats    ]       Phase: Concurrent Mark Free                          0.000 / 0.000         0.001 / 0.003         0.001 / 0.003         0.001 / 0.003       ms
[510.158s][info][gc,stats    ]       Phase: Concurrent Process Non-Strong References      0.000 / 0.000         9.173 / 17.263        9.173 / 17.263        9.173 / 17.263      ms
[510.158s][info][gc,stats    ]       Phase: Concurrent Relocate                           0.000 / 0.000         1.197 / 6.891         1.197 / 6.891         1.197 / 6.891       ms
[510.158s][info][gc,stats    ]       Phase: Concurrent Reset Relocation Set               0.000 / 0.000         0.005 / 0.011         0.005 / 0.011         0.005 / 0.011       ms
[510.158s][info][gc,stats    ]       Phase: Concurrent Select Relocation Set              0.000 / 0.000         1.656 / 3.477         1.656 / 3.477         1.656 / 3.477       ms
[510.158s][info][gc,stats    ]       Phase: Pause Mark End                                0.000 / 0.000         0.025 / 0.065         0.025 / 0.065         0.025 / 0.065       ms
[510.158s][info][gc,stats    ]       Phase: Pause Mark Start                              0.000 / 0.000         0.011 / 0.019         0.011 / 0.019         0.011 / 0.019       ms
[510.158s][info][gc,stats    ]       Phase: Pause Relocate Start                          0.000 / 0.000         0.009 / 0.019         0.009 / 0.019         0.009 / 0.019       ms
[510.158s][info][gc,stats    ]    Subphase: Concurrent Classes Purge                      0.000 / 0.000         0.387 / 2.002         0.387 / 2.002         0.387 / 2.002       ms
[510.158s][info][gc,stats    ]    Subphase: Concurrent Classes Unlink                     0.000 / 0.000         7.881 / 14.151        7.881 / 14.151        7.881 / 14.151      ms
[510.158s][info][gc,stats    ]    Subphase: Concurrent Mark                               0.000 / 0.000        15.325 / 33.017       15.325 / 33.017       15.325 / 33.017      ms
[510.158s][info][gc,stats    ]    Subphase: Concurrent Mark Try Flush                     0.000 / 0.000         0.119 / 0.269         0.119 / 0.269         0.119 / 0.269       ms
[510.158s][info][gc,stats    ]    Subphase: Concurrent Mark Try Terminate                 0.000 / 0.000         1.983 / 16.074        1.983 / 16.074        1.983 / 16.074      ms
[510.158s][info][gc,stats    ]    Subphase: Concurrent References Enqueue                 0.000 / 0.000         0.002 / 0.010         0.002 / 0.010         0.002 / 0.010       ms
[510.158s][info][gc,stats    ]    Subphase: Concurrent References Process                 0.000 / 0.000         0.172 / 0.513         0.172 / 0.513         0.172 / 0.513       ms
[510.158s][info][gc,stats    ]    Subphase: Concurrent Roots ClassLoaderDataGraph         0.000 / 0.000         0.163 / 0.547         0.163 / 0.547         0.163 / 0.547       ms
[510.158s][info][gc,stats    ]    Subphase: Concurrent Roots CodeCache                    0.000 / 0.000         0.000 / 0.000         0.000 / 0.000         0.000 / 0.000       ms
[510.158s][info][gc,stats    ]    Subphase: Concurrent Roots JavaThreads                  0.000 / 0.000         0.607 / 5.702         0.607 / 5.702         0.607 / 5.702       ms
[510.158s][info][gc,stats    ]    Subphase: Concurrent Roots OopStorageSet                0.000 / 0.000         0.029 / 0.085         0.029 / 0.085         0.029 / 0.085       ms
[510.158s][info][gc,stats    ]    Subphase: Concurrent Weak Roots OopStorageSet           0.000 / 0.000         0.525 / 0.939         0.525 / 0.939         0.525 / 0.939       ms
[510.158s][info][gc,stats    ]    Subphase: Pause Mark Try Complete                       0.000 / 0.000         0.000 / 0.000         0.000 / 0.000         0.000 / 0.000       ms
[510.158s][info][gc,stats    ]      System: Java Threads                                      0 / 0                32 / 34               32 / 34               32 / 34          threads
[510.158s][info][gc,stats    ] =========================================================================================================================================================
[512.452s][info][gc,start    ] GC(30) Garbage Collection (Proactive)
[512.453s][info][gc,task     ] GC(30) Using 2 workers
[512.453s][info][gc,phases   ] GC(30) Pause Mark Start 0.014ms
[512.470s][info][gc,phases   ] GC(30) Concurrent Mark 16.061ms
[512.470s][info][gc,phases   ] GC(30) Pause Mark End 0.015ms
[512.470s][info][gc,phases   ] GC(30) Concurrent Mark Free 0.001ms
[512.478s][info][gc,phases   ] GC(30) Concurrent Process Non-Strong References 8.153ms
[512.478s][info][gc,phases   ] GC(30) Concurrent Reset Relocation Set 0.004ms
[512.480s][info][gc,phases   ] GC(30) Concurrent Select Relocation Set 1.587ms
[512.480s][info][gc,phases   ] GC(30) Pause Relocate Start 0.008ms
[512.482s][info][gc,phases   ] GC(30) Concurrent Relocate 1.968ms
[512.482s][info][gc,load     ] GC(30) Load: 0.00/0.00/0.00
[512.482s][info][gc,mmu      ] GC(30) MMU: 2ms/96.8%, 5ms/98.7%, 10ms/99.2%, 20ms/99.6%, 50ms/99.8%, 100ms/99.9%
[512.482s][info][gc,marking  ] GC(30) Mark: 2 stripe(s), 2 proactive flush(es), 1 terminate flush(es), 0 completion(s), 0 continuation(s) 
[512.482s][info][gc,marking  ] GC(30) Mark Stack Usage: 32M
[512.482s][info][gc,nmethod  ] GC(30) NMethods: 8051 registered, 2703 unregistered
[512.482s][info][gc,metaspace] GC(30) Metaspace: 32M used, 33M committed, 1088M reserved
[512.482s][info][gc,ref      ] GC(30) Soft: 4111 encountered, 0 discovered, 0 enqueued
[512.482s][info][gc,ref      ] GC(30) Weak: 2366 encountered, 523 discovered, 213 enqueued
[512.482s][info][gc,ref      ] GC(30) Final: 3 encountered, 1 discovered, 0 enqueued
[512.482s][info][gc,ref      ] GC(30) Phantom: 308 encountered, 243 discovered, 29 enqueued
[512.482s][info][gc,reloc    ] GC(30) Small Pages: 201 / 402M, Empty: 184M, Relocated: 2M, In-Place: 0
[512.482s][info][gc,reloc    ] GC(30) Medium Pages: 2 / 64M, Empty: 32M, Relocated: 0M, In-Place: 0
[512.482s][info][gc,reloc    ] GC(30) Large Pages: 0 / 0M, Empty: 0M, Relocated: 0M, In-Place: 0
[512.482s][info][gc,reloc    ] GC(30) Forwarding Usage: 0M
[512.482s][info][gc,heap     ] GC(30) Min Capacity: 4096M(100%)
[512.482s][info][gc,heap     ] GC(30) Max Capacity: 4096M(100%)
[512.482s][info][gc,heap     ] GC(30) Soft Max Capacity: 4096M(100%)
[512.482s][info][gc,heap     ] GC(30)                Mark Start          Mark End        Relocate Start      Relocate End           High               Low         
[512.482s][info][gc,heap     ] GC(30)  Capacity:     4096M (100%)       4096M (100%)       4096M (100%)       4096M (100%)       4096M (100%)       4096M (100%)   
[512.482s][info][gc,heap     ] GC(30)      Free:     3630M (89%)        3618M (88%)        3834M (94%)        4032M (98%)        4032M (98%)        3618M (88%)    
[512.482s][info][gc,heap     ] GC(30)      Used:      466M (11%)         478M (12%)         262M (6%)           64M (2%)          478M (12%)          64M (2%)     
[512.482s][info][gc,heap     ] GC(30)      Live:         -                17M (0%)           17M (0%)           17M (0%)             -                  -          
[512.482s][info][gc,heap     ] GC(30) Allocated:         -                12M (0%)           12M (0%)           12M (0%)             -                  -          
[512.482s][info][gc,heap     ] GC(30)   Garbage:         -               448M (11%)         232M (6%)           34M (1%)             -                  -          
[512.482s][info][gc,heap     ] GC(30) Reclaimed:         -                  -               216M (5%)          414M (10%)            -                  -          
[512.482s][info][gc          ] GC(30) Garbage Collection (Proactive) 466M(11%)->64M(2%)
[520.150s][info][gc,stats    ] === Garbage Collection Statistics =======================================================================================================================
[520.151s][info][gc,stats    ]                                                              Last 10s              Last 10m              Last 10h                Total
[520.151s][info][gc,stats    ]                                                              Avg / Max             Avg / Max             Avg / Max             Avg / Max
[520.151s][info][gc,stats    ]   Collector: Garbage Collection Cycle                     29.587 / 29.587       32.356 / 54.411       32.356 / 54.411       32.356 / 54.411      ms
[520.151s][info][gc,stats    ]  Contention: Mark Segment Reset Contention                     0 / 1                 0 / 1                 0 / 1                 0 / 1           ops/s
[520.151s][info][gc,stats    ]  Contention: Mark SeqNum Reset Contention                      0 / 1                 0 / 2                 0 / 2                 0 / 2           ops/s
[520.151s][info][gc,stats    ]    Critical: Allocation Stall                                  0 / 0                 0 / 0                 0 / 0                 0 / 0           ops/s
[520.151s][info][gc,stats    ]    Critical: Allocation Stall                              0.000 / 0.000         0.000 / 0.000         0.000 / 0.000         0.000 / 0.000       ms
[520.151s][info][gc,stats    ]    Critical: GC Locker Stall                                   0 / 0                 0 / 0                 0 / 0                 0 / 0           ops/s
[520.151s][info][gc,stats    ]    Critical: GC Locker Stall                               0.000 / 0.000         0.000 / 0.000         0.000 / 0.000         0.000 / 0.000       ms
[520.151s][info][gc,stats    ]    Critical: Relocation Stall                                  0 / 0                 0 / 0                 0 / 0                 0 / 0           ops/s
[520.151s][info][gc,stats    ]    Critical: Relocation Stall                              0.000 / 0.000         0.000 / 0.000         0.000 / 0.000         0.000 / 0.000       ms
[520.151s][info][gc,stats    ]      Memory: Allocation Rate                                  24 / 28               25 / 148              25 / 148              25 / 148         MB/s
[520.151s][info][gc,stats    ]      Memory: Out Of Memory                                     0 / 0                 0 / 0                 0 / 0                 0 / 0           ops/s
[520.151s][info][gc,stats    ]      Memory: Page Cache Flush                                  0 / 0                 0 / 0                 0 / 0                 0 / 0           MB/s
[520.151s][info][gc,stats    ]      Memory: Page Cache Hit L1                                12 / 16               11 / 78               11 / 78               11 / 78          ops/s
[520.151s][info][gc,stats    ]      Memory: Page Cache Hit L2                                 0 / 0                 0 / 0                 0 / 0                 0 / 0           ops/s
[520.151s][info][gc,stats    ]      Memory: Page Cache Hit L3                                 0 / 0                 1 / 48                1 / 48                1 / 48          ops/s
[520.151s][info][gc,stats    ]      Memory: Page Cache Miss                                   0 / 0                 0 / 1                 0 / 1                 0 / 1           ops/s
[520.151s][info][gc,stats    ]      Memory: Uncommit                                          0 / 0                 0 / 0                 0 / 0                 0 / 0           MB/s
[520.151s][info][gc,stats    ]      Memory: Undo Object Allocation Failed                     0 / 0                 0 / 1                 0 / 1                 0 / 1           ops/s
[520.151s][info][gc,stats    ]      Memory: Undo Object Allocation Succeeded                  0 / 0                 0 / 22                0 / 22                0 / 22          ops/s
[520.151s][info][gc,stats    ]      Memory: Undo Page Allocation                              0 / 1                 0 / 2                 0 / 2                 0 / 2           ops/s
[520.151s][info][gc,stats    ]       Phase: Concurrent Mark                              16.061 / 16.061       18.854 / 38.897       18.854 / 38.897       18.854 / 38.897      ms
[520.151s][info][gc,stats    ]       Phase: Concurrent Mark Continue                      0.000 / 0.000         0.000 / 0.000         0.000 / 0.000         0.000 / 0.000       ms
[520.151s][info][gc,stats    ]       Phase: Concurrent Mark Free                          0.001 / 0.001         0.001 / 0.003         0.001 / 0.003         0.001 / 0.003       ms
[520.151s][info][gc,stats    ]       Phase: Concurrent Process Non-Strong References      8.153 / 8.153         9.140 / 17.263        9.140 / 17.263        9.140 / 17.263      ms
[520.151s][info][gc,stats    ]       Phase: Concurrent Relocate                           1.968 / 1.968         1.222 / 6.891         1.222 / 6.891         1.222 / 6.891       ms
[520.151s][info][gc,stats    ]       Phase: Concurrent Reset Relocation Set               0.004 / 0.004         0.005 / 0.011         0.005 / 0.011         0.005 / 0.011       ms
[520.151s][info][gc,stats    ]       Phase: Concurrent Select Relocation Set              1.587 / 1.587         1.654 / 3.477         1.654 / 3.477         1.654 / 3.477       ms
[520.151s][info][gc,stats    ]       Phase: Pause Mark End                                0.015 / 0.015         0.025 / 0.065         0.025 / 0.065         0.025 / 0.065       ms
[520.151s][info][gc,stats    ]       Phase: Pause Mark Start                              0.014 / 0.014         0.011 / 0.019         0.011 / 0.019         0.011 / 0.019       ms
[520.151s][info][gc,stats    ]       Phase: Pause Relocate Start                          0.008 / 0.008         0.009 / 0.019         0.009 / 0.019         0.009 / 0.019       ms
[520.151s][info][gc,stats    ]    Subphase: Concurrent Classes Purge                      0.352 / 0.352         0.386 / 2.002         0.386 / 2.002         0.386 / 2.002       ms
[520.151s][info][gc,stats    ]    Subphase: Concurrent Classes Unlink                     6.795 / 6.795         7.846 / 14.151        7.846 / 14.151        7.846 / 14.151      ms
[520.151s][info][gc,stats    ]    Subphase: Concurrent Mark                              14.333 / 15.405       15.293 / 33.017       15.293 / 33.017       15.293 / 33.017      ms
[520.151s][info][gc,stats    ]    Subphase: Concurrent Mark Try Flush                     0.116 / 0.167         0.119 / 0.269         0.119 / 0.269         0.119 / 0.269       ms
[520.151s][info][gc,stats    ]    Subphase: Concurrent Mark Try Terminate                 0.909 / 2.662         1.949 / 16.074        1.949 / 16.074        1.949 / 16.074      ms
[520.151s][info][gc,stats    ]    Subphase: Concurrent References Enqueue                 0.008 / 0.008         0.003 / 0.010         0.003 / 0.010         0.003 / 0.010       ms
[520.151s][info][gc,stats    ]    Subphase: Concurrent References Process                 0.160 / 0.160         0.171 / 0.513         0.171 / 0.513         0.171 / 0.513       ms
[520.151s][info][gc,stats    ]    Subphase: Concurrent Roots ClassLoaderDataGraph         0.126 / 0.215         0.162 / 0.547         0.162 / 0.547         0.162 / 0.547       ms
[520.151s][info][gc,stats    ]    Subphase: Concurrent Roots CodeCache                    0.000 / 0.000         0.000 / 0.000         0.000 / 0.000         0.000 / 0.000       ms
[520.151s][info][gc,stats    ]    Subphase: Concurrent Roots JavaThreads                  0.303 / 0.394         0.597 / 5.702         0.597 / 5.702         0.597 / 5.702       ms
[520.151s][info][gc,stats    ]    Subphase: Concurrent Roots OopStorageSet                0.031 / 0.032         0.029 / 0.085         0.029 / 0.085         0.029 / 0.085       ms
[520.151s][info][gc,stats    ]    Subphase: Concurrent Weak Roots OopStorageSet           0.626 / 0.626         0.528 / 0.939         0.528 / 0.939         0.528 / 0.939       ms
[520.151s][info][gc,stats    ]    Subphase: Pause Mark Try Complete                       0.000 / 0.000         0.000 / 0.000         0.000 / 0.000         0.000 / 0.000       ms
[520.151s][info][gc,stats    ]      System: Java Threads                                     33 / 33               32 / 34               32 / 34               32 / 34          threads
[520.151s][info][gc,stats    ] =========================================================================================================================================================
[529.751s][info][gc,start    ] GC(31) Garbage Collection (Proactive)
[529.751s][info][gc,task     ] GC(31) Using 2 workers
[529.751s][info][gc,phases   ] GC(31) Pause Mark Start 0.019ms
[529.769s][info][gc,phases   ] GC(31) Concurrent Mark 17.277ms
[529.769s][info][gc,phases   ] GC(31) Pause Mark End 0.029ms
[529.769s][info][gc,phases   ] GC(31) Concurrent Mark Free 0.001ms
[529.777s][info][gc,phases   ] GC(31) Concurrent Process Non-Strong References 8.365ms
[529.777s][info][gc,phases   ] GC(31) Concurrent Reset Relocation Set 0.008ms
[529.779s][info][gc,phases   ] GC(31) Concurrent Select Relocation Set 1.432ms
[529.779s][info][gc,phases   ] GC(31) Pause Relocate Start 0.008ms
[529.780s][info][gc,phases   ] GC(31) Concurrent Relocate 0.975ms
[529.780s][info][gc,load     ] GC(31) Load: 0.00/0.00/0.00
[529.780s][info][gc,mmu      ] GC(31) MMU: 2ms/96.8%, 5ms/98.7%, 10ms/99.2%, 20ms/99.6%, 50ms/99.8%, 100ms/99.9%
[529.780s][info][gc,marking  ] GC(31) Mark: 2 stripe(s), 2 proactive flush(es), 1 terminate flush(es), 0 completion(s), 0 continuation(s) 
[529.780s][info][gc,marking  ] GC(31) Mark Stack Usage: 32M
[529.780s][info][gc,nmethod  ] GC(31) NMethods: 8138 registered, 2703 unregistered
[529.780s][info][gc,metaspace] GC(31) Metaspace: 32M used, 33M committed, 1088M reserved
[529.780s][info][gc,ref      ] GC(31) Soft: 4111 encountered, 0 discovered, 0 enqueued
[529.780s][info][gc,ref      ] GC(31) Weak: 2155 encountered, 536 discovered, 0 enqueued
[529.780s][info][gc,ref      ] GC(31) Final: 3 encountered, 1 discovered, 0 enqueued
[529.780s][info][gc,ref      ] GC(31) Phantom: 279 encountered, 138 discovered, 0 enqueued
[529.780s][info][gc,reloc    ] GC(31) Small Pages: 221 / 442M, Empty: 318M, Relocated: 0M, In-Place: 0
[529.780s][info][gc,reloc    ] GC(31) Medium Pages: 1 / 32M, Empty: 0M, Relocated: 0M, In-Place: 0
[529.780s][info][gc,reloc    ] GC(31) Large Pages: 0 / 0M, Empty: 0M, Relocated: 0M, In-Place: 0
[529.780s][info][gc,reloc    ] GC(31) Forwarding Usage: 0M
[529.780s][info][gc,heap     ] GC(31) Min Capacity: 4096M(100%)
[529.780s][info][gc,heap     ] GC(31) Max Capacity: 4096M(100%)
[529.780s][info][gc,heap     ] GC(31) Soft Max Capacity: 4096M(100%)
[529.780s][info][gc,heap     ] GC(31)                Mark Start          Mark End        Relocate Start      Relocate End           High               Low         
[529.780s][info][gc,heap     ] GC(31)  Capacity:     4096M (100%)       4096M (100%)       4096M (100%)       4096M (100%)       4096M (100%)       4096M (100%)   
[529.780s][info][gc,heap     ] GC(31)      Free:     3622M (88%)        3612M (88%)        3928M (96%)        4030M (98%)        4030M (98%)        3610M (88%)    
[529.780s][info][gc,heap     ] GC(31)      Used:      474M (12%)         484M (12%)         168M (4%)           66M (2%)          486M (12%)          66M (2%)     
[529.780s][info][gc,heap     ] GC(31)      Live:         -                17M (0%)           17M (0%)           17M (0%)             -                  -          
[529.780s][info][gc,heap     ] GC(31) Allocated:         -                10M (0%)           12M (0%)           12M (0%)             -                  -          
[529.780s][info][gc,heap     ] GC(31)   Garbage:         -               456M (11%)         138M (3%)           36M (1%)             -                  -          
[529.780s][info][gc,heap     ] GC(31) Reclaimed:         -                  -               318M (8%)          420M (10%)            -                  -          
[529.780s][info][gc          ] GC(31) Garbage Collection (Proactive) 474M(12%)->66M(2%)
[530.157s][info][gc,stats    ] === Garbage Collection Statistics =======================================================================================================================
[530.157s][info][gc,stats    ]                                                              Last 10s              Last 10m              Last 10h                Total
[530.157s][info][gc,stats    ]                                                              Avg / Max             Avg / Max             Avg / Max             Avg / Max
[530.157s][info][gc,stats    ]   Collector: Garbage Collection Cycle                     29.426 / 29.426       32.264 / 54.411       32.264 / 54.411       32.264 / 54.411      ms
[530.157s][info][gc,stats    ]  Contention: Mark Segment Reset Contention                     0 / 0                 0 / 1                 0 / 1                 0 / 1           ops/s
[530.157s][info][gc,stats    ]  Contention: Mark SeqNum Reset Contention                      0 / 0                 0 / 2                 0 / 2                 0 / 2           ops/s
[530.157s][info][gc,stats    ]    Critical: Allocation Stall                                  0 / 0                 0 / 0                 0 / 0                 0 / 0           ops/s
[530.157s][info][gc,stats    ]    Critical: Allocation Stall                              0.000 / 0.000         0.000 / 0.000         0.000 / 0.000         0.000 / 0.000       ms
[530.157s][info][gc,stats    ]    Critical: GC Locker Stall                                   0 / 0                 0 / 0                 0 / 0                 0 / 0           ops/s
[530.157s][info][gc,stats    ]    Critical: GC Locker Stall                               0.000 / 0.000         0.000 / 0.000         0.000 / 0.000         0.000 / 0.000       ms
[530.157s][info][gc,stats    ]    Critical: Relocation Stall                                  0 / 0                 0 / 0                 0 / 0                 0 / 0           ops/s
[530.157s][info][gc,stats    ]    Critical: Relocation Stall                              0.000 / 0.000         0.000 / 0.000         0.000 / 0.000         0.000 / 0.000       ms
[530.157s][info][gc,stats    ]      Memory: Allocation Rate                                  25 / 34               25 / 148              25 / 148              25 / 148         MB/s
[530.157s][info][gc,stats    ]      Memory: Out Of Memory                                     0 / 0                 0 / 0                 0 / 0                 0 / 0           ops/s
[530.157s][info][gc,stats    ]      Memory: Page Cache Flush                                  0 / 0                 0 / 0                 0 / 0                 0 / 0           MB/s
[530.157s][info][gc,stats    ]      Memory: Page Cache Hit L1                                12 / 19               11 / 78               11 / 78               11 / 78          ops/s
[530.157s][info][gc,stats    ]      Memory: Page Cache Hit L2                                 0 / 0                 0 / 0                 0 / 0                 0 / 0           ops/s
[530.157s][info][gc,stats    ]      Memory: Page Cache Hit L3                                 0 / 0                 1 / 48                1 / 48                1 / 48          ops/s
[530.157s][info][gc,stats    ]      Memory: Page Cache Miss                                   0 / 0                 0 / 1                 0 / 1                 0 / 1           ops/s
[530.157s][info][gc,stats    ]      Memory: Uncommit                                          0 / 0                 0 / 0                 0 / 0                 0 / 0           MB/s
[530.157s][info][gc,stats    ]      Memory: Undo Object Allocation Failed                     0 / 0                 0 / 1                 0 / 1                 0 / 1           ops/s
[530.157s][info][gc,stats    ]      Memory: Undo Object Allocation Succeeded                  0 / 0                 0 / 22                0 / 22                0 / 22          ops/s
[530.157s][info][gc,stats    ]      Memory: Undo Page Allocation                              0 / 0                 0 / 2                 0 / 2                 0 / 2           ops/s
[530.157s][info][gc,stats    ]       Phase: Concurrent Mark                              17.277 / 17.277       18.805 / 38.897       18.805 / 38.897       18.805 / 38.897      ms
[530.157s][info][gc,stats    ]       Phase: Concurrent Mark Continue                      0.000 / 0.000         0.000 / 0.000         0.000 / 0.000         0.000 / 0.000       ms
[530.157s][info][gc,stats    ]       Phase: Concurrent Mark Free                          0.001 / 0.001         0.001 / 0.003         0.001 / 0.003         0.001 / 0.003       ms
[530.157s][info][gc,stats    ]       Phase: Concurrent Process Non-Strong References      8.365 / 8.365         9.116 / 17.263        9.116 / 17.263        9.116 / 17.263      ms
[530.157s][info][gc,stats    ]       Phase: Concurrent Relocate                           0.975 / 0.975         1.214 / 6.891         1.214 / 6.891         1.214 / 6.891       ms
[530.157s][info][gc,stats    ]       Phase: Concurrent Reset Relocation Set               0.008 / 0.008         0.005 / 0.011         0.005 / 0.011         0.005 / 0.011       ms
[530.157s][info][gc,stats    ]       Phase: Concurrent Select Relocation Set              1.432 / 1.432         1.647 / 3.477         1.647 / 3.477         1.647 / 3.477       ms
[530.157s][info][gc,stats    ]       Phase: Pause Mark End                                0.029 / 0.029         0.025 / 0.065         0.025 / 0.065         0.025 / 0.065       ms
[530.157s][info][gc,stats    ]       Phase: Pause Mark Start                              0.019 / 0.019         0.011 / 0.019         0.011 / 0.019         0.011 / 0.019       ms
[530.157s][info][gc,stats    ]       Phase: Pause Relocate Start                          0.008 / 0.008         0.009 / 0.019         0.009 / 0.019         0.009 / 0.019       ms
[530.157s][info][gc,stats    ]    Subphase: Concurrent Classes Purge                      0.310 / 0.310         0.384 / 2.002         0.384 / 2.002         0.384 / 2.002       ms
[530.157s][info][gc,stats    ]    Subphase: Concurrent Classes Unlink                     7.015 / 7.015         7.820 / 14.151        7.820 / 14.151        7.820 / 14.151      ms
[530.157s][info][gc,stats    ]    Subphase: Concurrent Mark                              14.230 / 16.478       15.259 / 33.017       15.259 / 33.017       15.259 / 33.017      ms
[530.157s][info][gc,stats    ]    Subphase: Concurrent Mark Try Flush                     0.127 / 0.180         0.119 / 0.269         0.119 / 0.269         0.119 / 0.269       ms
[530.157s][info][gc,stats    ]    Subphase: Concurrent Mark Try Terminate                 1.824 / 5.396         1.945 / 16.074        1.945 / 16.074        1.945 / 16.074      ms
[530.157s][info][gc,stats    ]    Subphase: Concurrent References Enqueue                 0.001 / 0.001         0.003 / 0.010         0.003 / 0.010         0.003 / 0.010       ms
[530.158s][info][gc,stats    ]    Subphase: Concurrent References Process                 0.210 / 0.210         0.173 / 0.513         0.173 / 0.513         0.173 / 0.513       ms
[530.158s][info][gc,stats    ]    Subphase: Concurrent Roots ClassLoaderDataGraph         0.145 / 0.234         0.161 / 0.547         0.161 / 0.547         0.161 / 0.547       ms
[530.158s][info][gc,stats    ]    Subphase: Concurrent Roots CodeCache                    0.000 / 0.000         0.000 / 0.000         0.000 / 0.000         0.000 / 0.000       ms
[530.158s][info][gc,stats    ]    Subphase: Concurrent Roots JavaThreads                  0.382 / 0.480         0.590 / 5.702         0.590 / 5.702         0.590 / 5.702       ms
[530.158s][info][gc,stats    ]    Subphase: Concurrent Roots OopStorageSet                0.030 / 0.037         0.029 / 0.085         0.029 / 0.085         0.029 / 0.085       ms
[530.158s][info][gc,stats    ]    Subphase: Concurrent Weak Roots OopStorageSet           0.600 / 0.602         0.531 / 0.939         0.531 / 0.939         0.531 / 0.939       ms
[530.158s][info][gc,stats    ]    Subphase: Pause Mark Try Complete                       0.000 / 0.000         0.000 / 0.000         0.000 / 0.000         0.000 / 0.000       ms
[530.158s][info][gc,stats    ]      System: Java Threads                                     33 / 33               32 / 34               32 / 34               32 / 34          threads
[530.158s][info][gc,stats    ] =========================================================================================================================================================
[540.154s][info][gc,stats    ] === Garbage Collection Statistics =======================================================================================================================
[540.155s][info][gc,stats    ]                                                              Last 10s              Last 10m              Last 10h                Total
[540.155s][info][gc,stats    ]                                                              Avg / Max             Avg / Max             Avg / Max             Avg / Max
[540.155s][info][gc,stats    ]   Collector: Garbage Collection Cycle                      0.000 / 0.000        32.264 / 54.411       32.264 / 54.411       32.264 / 54.411      ms
[540.155s][info][gc,stats    ]  Contention: Mark Segment Reset Contention                     0 / 0                 0 / 1                 0 / 1                 0 / 1           ops/s
[540.155s][info][gc,stats    ]  Contention: Mark SeqNum Reset Contention                      0 / 0                 0 / 2                 0 / 2                 0 / 2           ops/s
[540.155s][info][gc,stats    ]    Critical: Allocation Stall                                  0 / 0                 0 / 0                 0 / 0                 0 / 0           ops/s
[540.155s][info][gc,stats    ]    Critical: Allocation Stall                              0.000 / 0.000         0.000 / 0.000         0.000 / 0.000         0.000 / 0.000       ms
[540.155s][info][gc,stats    ]    Critical: GC Locker Stall                                   0 / 0                 0 / 0                 0 / 0                 0 / 0           ops/s
[540.155s][info][gc,stats    ]    Critical: GC Locker Stall                               0.000 / 0.000         0.000 / 0.000         0.000 / 0.000         0.000 / 0.000       ms
[540.155s][info][gc,stats    ]    Critical: Relocation Stall                                  0 / 0                 0 / 0                 0 / 0                 0 / 0           ops/s
[540.155s][info][gc,stats    ]    Critical: Relocation Stall                              0.000 / 0.000         0.000 / 0.000         0.000 / 0.000         0.000 / 0.000       ms
[540.155s][info][gc,stats    ]      Memory: Allocation Rate                                  23 / 26               25 / 148              25 / 148              25 / 148         MB/s
[540.155s][info][gc,stats    ]      Memory: Out Of Memory                                     0 / 0                 0 / 0                 0 / 0                 0 / 0           ops/s
[540.155s][info][gc,stats    ]      Memory: Page Cache Flush                                  0 / 0                 0 / 0                 0 / 0                 0 / 0           MB/s
[540.155s][info][gc,stats    ]      Memory: Page Cache Hit L1                                11 / 13               11 / 78               11 / 78               11 / 78          ops/s
[540.155s][info][gc,stats    ]      Memory: Page Cache Hit L2                                 0 / 0                 0 / 0                 0 / 0                 0 / 0           ops/s
[540.155s][info][gc,stats    ]      Memory: Page Cache Hit L3                                 0 / 0                 1 / 48                1 / 48                1 / 48          ops/s
[540.155s][info][gc,stats    ]      Memory: Page Cache Miss                                   0 / 0                 0 / 1                 0 / 1                 0 / 1           ops/s
[540.155s][info][gc,stats    ]      Memory: Uncommit                                          0 / 0                 0 / 0                 0 / 0                 0 / 0           MB/s
[540.155s][info][gc,stats    ]      Memory: Undo Object Allocation Failed                     0 / 0                 0 / 1                 0 / 1                 0 / 1           ops/s
[540.155s][info][gc,stats    ]      Memory: Undo Object Allocation Succeeded                  0 / 0                 0 / 22                0 / 22                0 / 22          ops/s
[540.155s][info][gc,stats    ]      Memory: Undo Page Allocation                              0 / 0                 0 / 2                 0 / 2                 0 / 2           ops/s
[540.155s][info][gc,stats    ]       Phase: Concurrent Mark                               0.000 / 0.000        18.805 / 38.897       18.805 / 38.897       18.805 / 38.897      ms
[540.155s][info][gc,stats    ]       Phase: Concurrent Mark Continue                      0.000 / 0.000         0.000 / 0.000         0.000 / 0.000         0.000 / 0.000       ms
[540.155s][info][gc,stats    ]       Phase: Concurrent Mark Free                          0.000 / 0.000         0.001 / 0.003         0.001 / 0.003         0.001 / 0.003       ms
[540.155s][info][gc,stats    ]       Phase: Concurrent Process Non-Strong References      0.000 / 0.000         9.116 / 17.263        9.116 / 17.263        9.116 / 17.263      ms
[540.155s][info][gc,stats    ]       Phase: Concurrent Relocate                           0.000 / 0.000         1.214 / 6.891         1.214 / 6.891         1.214 / 6.891       ms
[540.155s][info][gc,stats    ]       Phase: Concurrent Reset Relocation Set               0.000 / 0.000         0.005 / 0.011         0.005 / 0.011         0.005 / 0.011       ms
[540.155s][info][gc,stats    ]       Phase: Concurrent Select Relocation Set              0.000 / 0.000         1.647 / 3.477         1.647 / 3.477         1.647 / 3.477       ms
[540.155s][info][gc,stats    ]       Phase: Pause Mark End                                0.000 / 0.000         0.025 / 0.065         0.025 / 0.065         0.025 / 0.065       ms
[540.155s][info][gc,stats    ]       Phase: Pause Mark Start                              0.000 / 0.000         0.011 / 0.019         0.011 / 0.019         0.011 / 0.019       ms
[540.155s][info][gc,stats    ]       Phase: Pause Relocate Start                          0.000 / 0.000         0.009 / 0.019         0.009 / 0.019         0.009 / 0.019       ms
[540.155s][info][gc,stats    ]    Subphase: Concurrent Classes Purge                      0.000 / 0.000         0.384 / 2.002         0.384 / 2.002         0.384 / 2.002       ms
[540.155s][info][gc,stats    ]    Subphase: Concurrent Classes Unlink                     0.000 / 0.000         7.820 / 14.151        7.820 / 14.151        7.820 / 14.151      ms
[540.155s][info][gc,stats    ]    Subphase: Concurrent Mark                               0.000 / 0.000        15.259 / 33.017       15.259 / 33.017       15.259 / 33.017      ms
[540.155s][info][gc,stats    ]    Subphase: Concurrent Mark Try Flush                     0.000 / 0.000         0.119 / 0.269         0.119 / 0.269         0.119 / 0.269       ms
[540.155s][info][gc,stats    ]    Subphase: Concurrent Mark Try Terminate                 0.000 / 0.000         1.945 / 16.074        1.945 / 16.074        1.945 / 16.074      ms
[540.155s][info][gc,stats    ]    Subphase: Concurrent References Enqueue                 0.000 / 0.000         0.003 / 0.010         0.003 / 0.010         0.003 / 0.010       ms
[540.155s][info][gc,stats    ]    Subphase: Concurrent References Process                 0.000 / 0.000         0.173 / 0.513         0.173 / 0.513         0.173 / 0.513       ms
[540.155s][info][gc,stats    ]    Subphase: Concurrent Roots ClassLoaderDataGraph         0.000 / 0.000         0.161 / 0.547         0.161 / 0.547         0.161 / 0.547       ms
[540.155s][info][gc,stats    ]    Subphase: Concurrent Roots CodeCache                    0.000 / 0.000         0.000 / 0.000         0.000 / 0.000         0.000 / 0.000       ms
[540.155s][info][gc,stats    ]    Subphase: Concurrent Roots JavaThreads                  0.000 / 0.000         0.590 / 5.702         0.590 / 5.702         0.590 / 5.702       ms
[540.155s][info][gc,stats    ]    Subphase: Concurrent Roots OopStorageSet                0.000 / 0.000         0.029 / 0.085         0.029 / 0.085         0.029 / 0.085       ms
[540.155s][info][gc,stats    ]    Subphase: Concurrent Weak Roots OopStorageSet           0.000 / 0.000         0.531 / 0.939         0.531 / 0.939         0.531 / 0.939       ms
[540.155s][info][gc,stats    ]    Subphase: Pause Mark Try Complete                       0.000 / 0.000         0.000 / 0.000         0.000 / 0.000         0.000 / 0.000       ms
[540.155s][info][gc,stats    ]      System: Java Threads                                      0 / 0                32 / 34               32 / 34               32 / 34          threads
[540.155s][info][gc,stats    ] =========================================================================================================================================================
[547.052s][info][gc,start    ] GC(32) Garbage Collection (Proactive)
[547.052s][info][gc,task     ] GC(32) Using 2 workers
[547.052s][info][gc,phases   ] GC(32) Pause Mark Start 0.027ms
[547.070s][info][gc,phases   ] GC(32) Concurrent Mark 16.694ms
[547.070s][info][gc,phases   ] GC(32) Pause Mark End 0.024ms
[547.070s][info][gc,phases   ] GC(32) Concurrent Mark Free 0.001ms
[547.079s][info][gc,phases   ] GC(32) Concurrent Process Non-Strong References 8.778ms
[547.079s][info][gc,phases   ] GC(32) Concurrent Reset Relocation Set 0.003ms
[547.082s][info][gc,phases   ] GC(32) Concurrent Select Relocation Set 2.895ms
[547.082s][info][gc,phases   ] GC(32) Pause Relocate Start 0.012ms
[547.083s][info][gc,phases   ] GC(32) Concurrent Relocate 0.611ms
[547.083s][info][gc,load     ] GC(32) Load: 0.00/0.00/0.00
[547.083s][info][gc,mmu      ] GC(32) MMU: 2ms/96.8%, 5ms/98.7%, 10ms/99.2%, 20ms/99.6%, 50ms/99.8%, 100ms/99.9%
[547.083s][info][gc,marking  ] GC(32) Mark: 2 stripe(s), 2 proactive flush(es), 1 terminate flush(es), 0 completion(s), 0 continuation(s) 
[547.083s][info][gc,marking  ] GC(32) Mark Stack Usage: 32M
[547.083s][info][gc,nmethod  ] GC(32) NMethods: 8255 registered, 2703 unregistered
[547.083s][info][gc,metaspace] GC(32) Metaspace: 32M used, 33M committed, 1088M reserved
[547.083s][info][gc,ref      ] GC(32) Soft: 4111 encountered, 0 discovered, 0 enqueued
[547.083s][info][gc,ref      ] GC(32) Weak: 2155 encountered, 407 discovered, 0 enqueued
[547.083s][info][gc,ref      ] GC(32) Final: 3 encountered, 0 discovered, 0 enqueued
[547.083s][info][gc,ref      ] GC(32) Phantom: 279 encountered, 150 discovered, 0 enqueued
[547.083s][info][gc,reloc    ] GC(32) Small Pages: 223 / 446M, Empty: 328M, Relocated: 0M, In-Place: 0
[547.083s][info][gc,reloc    ] GC(32) Medium Pages: 1 / 32M, Empty: 0M, Relocated: 0M, In-Place: 0
[547.083s][info][gc,reloc    ] GC(32) Large Pages: 0 / 0M, Empty: 0M, Relocated: 0M, In-Place: 0
[547.083s][info][gc,reloc    ] GC(32) Forwarding Usage: 0M
[547.083s][info][gc,heap     ] GC(32) Min Capacity: 4096M(100%)
[547.083s][info][gc,heap     ] GC(32) Max Capacity: 4096M(100%)
[547.083s][info][gc,heap     ] GC(32) Soft Max Capacity: 4096M(100%)
[547.083s][info][gc,heap     ] GC(32)                Mark Start          Mark End        Relocate Start      Relocate End           High               Low         
[547.083s][info][gc,heap     ] GC(32)  Capacity:     4096M (100%)       4096M (100%)       4096M (100%)       4096M (100%)       4096M (100%)       4096M (100%)   
[547.083s][info][gc,heap     ] GC(32)      Free:     3618M (88%)        3606M (88%)        3934M (96%)        4030M (98%)        4030M (98%)        3606M (88%)    
[547.083s][info][gc,heap     ] GC(32)      Used:      478M (12%)         490M (12%)         162M (4%)           66M (2%)          490M (12%)          66M (2%)     
[547.083s][info][gc,heap     ] GC(32)      Live:         -                17M (0%)           17M (0%)           17M (0%)             -                  -          
[547.083s][info][gc,heap     ] GC(32) Allocated:         -                12M (0%)           12M (0%)           12M (0%)             -                  -          
[547.083s][info][gc,heap     ] GC(32)   Garbage:         -               460M (11%)         132M (3%)           36M (1%)             -                  -          
[547.083s][info][gc,heap     ] GC(32) Reclaimed:         -                  -               328M (8%)          424M (10%)            -                  -          
[547.083s][info][gc          ] GC(32) Garbage Collection (Proactive) 478M(12%)->66M(2%)
[550.163s][info][gc,stats    ] === Garbage Collection Statistics =======================================================================================================================
[550.163s][info][gc,stats    ]                                                              Last 10s              Last 10m              Last 10h                Total
[550.163s][info][gc,stats    ]                                                              Avg / Max             Avg / Max             Avg / Max             Avg / Max
[550.163s][info][gc,stats    ]   Collector: Garbage Collection Cycle                     30.948 / 30.948       32.224 / 54.411       32.224 / 54.411       32.224 / 54.411      ms
[550.163s][info][gc,stats    ]  Contention: Mark Segment Reset Contention                     0 / 0                 0 / 1                 0 / 1                 0 / 1           ops/s
[550.163s][info][gc,stats    ]  Contention: Mark SeqNum Reset Contention                      0 / 1                 0 / 2                 0 / 2                 0 / 2           ops/s
[550.163s][info][gc,stats    ]    Critical: Allocation Stall                                  0 / 0                 0 / 0                 0 / 0                 0 / 0           ops/s
[550.163s][info][gc,stats    ]    Critical: Allocation Stall                              0.000 / 0.000         0.000 / 0.000         0.000 / 0.000         0.000 / 0.000       ms
[550.163s][info][gc,stats    ]    Critical: GC Locker Stall                                   0 / 0                 0 / 0                 0 / 0                 0 / 0           ops/s
[550.163s][info][gc,stats    ]    Critical: GC Locker Stall                               0.000 / 0.000         0.000 / 0.000         0.000 / 0.000         0.000 / 0.000       ms
[550.163s][info][gc,stats    ]    Critical: Relocation Stall                                  0 / 0                 0 / 0                 0 / 0                 0 / 0           ops/s
[550.163s][info][gc,stats    ]    Critical: Relocation Stall                              0.000 / 0.000         0.000 / 0.000         0.000 / 0.000         0.000 / 0.000       ms
[550.163s][info][gc,stats    ]      Memory: Allocation Rate                                  24 / 38               25 / 148              25 / 148              25 / 148         MB/s
[550.163s][info][gc,stats    ]      Memory: Out Of Memory                                     0 / 0                 0 / 0                 0 / 0                 0 / 0           ops/s
[550.163s][info][gc,stats    ]      Memory: Page Cache Flush                                  0 / 0                 0 / 0                 0 / 0                 0 / 0           MB/s
[550.163s][info][gc,stats    ]      Memory: Page Cache Hit L1                                12 / 21               11 / 78               11 / 78               11 / 78          ops/s
[550.163s][info][gc,stats    ]      Memory: Page Cache Hit L2                                 0 / 0                 0 / 0                 0 / 0                 0 / 0           ops/s
[550.163s][info][gc,stats    ]      Memory: Page Cache Hit L3                                 0 / 0                 1 / 48                1 / 48                1 / 48          ops/s
[550.163s][info][gc,stats    ]      Memory: Page Cache Miss                                   0 / 0                 0 / 1                 0 / 1                 0 / 1           ops/s
[550.163s][info][gc,stats    ]      Memory: Uncommit                                          0 / 0                 0 / 0                 0 / 0                 0 / 0           MB/s
[550.163s][info][gc,stats    ]      Memory: Undo Object Allocation Failed                     0 / 0                 0 / 1                 0 / 1                 0 / 1           ops/s
[550.163s][info][gc,stats    ]      Memory: Undo Object Allocation Succeeded                  0 / 0                 0 / 22                0 / 22                0 / 22          ops/s
[550.163s][info][gc,stats    ]      Memory: Undo Page Allocation                              0 / 0                 0 / 2                 0 / 2                 0 / 2           ops/s
[550.163s][info][gc,stats    ]       Phase: Concurrent Mark                              16.694 / 16.694       18.741 / 38.897       18.741 / 38.897       18.741 / 38.897      ms
[550.163s][info][gc,stats    ]       Phase: Concurrent Mark Continue                      0.000 / 0.000         0.000 / 0.000         0.000 / 0.000         0.000 / 0.000       ms
[550.163s][info][gc,stats    ]       Phase: Concurrent Mark Free                          0.001 / 0.001         0.001 / 0.003         0.001 / 0.003         0.001 / 0.003       ms
[550.163s][info][gc,stats    ]       Phase: Concurrent Process Non-Strong References      8.778 / 8.778         9.106 / 17.263        9.106 / 17.263        9.106 / 17.263      ms
[550.163s][info][gc,stats    ]       Phase: Concurrent Relocate                           0.611 / 0.611         1.196 / 6.891         1.196 / 6.891         1.196 / 6.891       ms
[550.163s][info][gc,stats    ]       Phase: Concurrent Reset Relocation Set               0.003 / 0.003         0.005 / 0.011         0.005 / 0.011         0.005 / 0.011       ms
[550.163s][info][gc,stats    ]       Phase: Concurrent Select Relocation Set              2.895 / 2.895         1.685 / 3.477         1.685 / 3.477         1.685 / 3.477       ms
[550.163s][info][gc,stats    ]       Phase: Pause Mark End                                0.024 / 0.024         0.025 / 0.065         0.025 / 0.065         0.025 / 0.065       ms
[550.163s][info][gc,stats    ]       Phase: Pause Mark Start                              0.027 / 0.027         0.012 / 0.027         0.012 / 0.027         0.012 / 0.027       ms
[550.163s][info][gc,stats    ]       Phase: Pause Relocate Start                          0.012 / 0.012         0.009 / 0.019         0.009 / 0.019         0.009 / 0.019       ms
[550.163s][info][gc,stats    ]    Subphase: Concurrent Classes Purge                      0.251 / 0.251         0.380 / 2.002         0.380 / 2.002         0.380 / 2.002       ms
[550.163s][info][gc,stats    ]    Subphase: Concurrent Classes Unlink                     7.529 / 7.529         7.811 / 14.151        7.811 / 14.151        7.811 / 14.151      ms
[550.164s][info][gc,stats    ]    Subphase: Concurrent Mark                              13.974 / 16.004       15.220 / 33.017       15.220 / 33.017       15.220 / 33.017      ms
[550.164s][info][gc,stats    ]    Subphase: Concurrent Mark Try Flush                     0.122 / 0.185         0.119 / 0.269         0.119 / 0.269         0.119 / 0.269       ms
[550.164s][info][gc,stats    ]    Subphase: Concurrent Mark Try Terminate                 1.545 / 4.572         1.933 / 16.074        1.933 / 16.074        1.933 / 16.074      ms
[550.164s][info][gc,stats    ]    Subphase: Concurrent References Enqueue                 0.001 / 0.001         0.002 / 0.010         0.002 / 0.010         0.002 / 0.010       ms
[550.164s][info][gc,stats    ]    Subphase: Concurrent References Process                 0.169 / 0.169         0.172 / 0.513         0.172 / 0.513         0.172 / 0.513       ms
[550.164s][info][gc,stats    ]    Subphase: Concurrent Roots ClassLoaderDataGraph         0.137 / 0.216         0.161 / 0.547         0.161 / 0.547         0.161 / 0.547       ms
[550.164s][info][gc,stats    ]    Subphase: Concurrent Roots CodeCache                    0.000 / 0.000         0.000 / 0.000         0.000 / 0.000         0.000 / 0.000       ms
[550.164s][info][gc,stats    ]    Subphase: Concurrent Roots JavaThreads                  0.282 / 0.363         0.581 / 5.702         0.581 / 5.702         0.581 / 5.702       ms
[550.164s][info][gc,stats    ]    Subphase: Concurrent Roots OopStorageSet                0.022 / 0.028         0.029 / 0.085         0.029 / 0.085         0.029 / 0.085       ms
[550.164s][info][gc,stats    ]    Subphase: Concurrent Weak Roots OopStorageSet           0.615 / 0.615         0.533 / 0.939         0.533 / 0.939         0.533 / 0.939       ms
[550.164s][info][gc,stats    ]    Subphase: Pause Mark Try Complete                       0.000 / 0.000         0.000 / 0.000         0.000 / 0.000         0.000 / 0.000       ms
[550.164s][info][gc,stats    ]      System: Java Threads                                     33 / 33               32 / 34               32 / 34               32 / 34          threads
[550.164s][info][gc,stats    ] =========================================================================================================================================================
[560.166s][info][gc,stats    ] === Garbage Collection Statistics =======================================================================================================================
[560.166s][info][gc,stats    ]                                                              Last 10s              Last 10m              Last 10h                Total
[560.166s][info][gc,stats    ]                                                              Avg / Max             Avg / Max             Avg / Max             Avg / Max
[560.167s][info][gc,stats    ]   Collector: Garbage Collection Cycle                      0.000 / 0.000        32.224 / 54.411       32.224 / 54.411       32.224 / 54.411      ms
[560.167s][info][gc,stats    ]  Contention: Mark Segment Reset Contention                     0 / 0                 0 / 1                 0 / 1                 0 / 1           ops/s
[560.167s][info][gc,stats    ]  Contention: Mark SeqNum Reset Contention                      0 / 0                 0 / 2                 0 / 2                 0 / 2           ops/s
[560.167s][info][gc,stats    ]    Critical: Allocation Stall                                  0 / 0                 0 / 0                 0 / 0                 0 / 0           ops/s
[560.167s][info][gc,stats    ]    Critical: Allocation Stall                              0.000 / 0.000         0.000 / 0.000         0.000 / 0.000         0.000 / 0.000       ms
[560.167s][info][gc,stats    ]    Critical: GC Locker Stall                                   0 / 0                 0 / 0                 0 / 0                 0 / 0           ops/s
[560.167s][info][gc,stats    ]    Critical: GC Locker Stall                               0.000 / 0.000         0.000 / 0.000         0.000 / 0.000         0.000 / 0.000       ms
[560.167s][info][gc,stats    ]    Critical: Relocation Stall                                  0 / 0                 0 / 0                 0 / 0                 0 / 0           ops/s
[560.167s][info][gc,stats    ]    Critical: Relocation Stall                              0.000 / 0.000         0.000 / 0.000         0.000 / 0.000         0.000 / 0.000       ms
[560.167s][info][gc,stats    ]      Memory: Allocation Rate                                  23 / 26               25 / 148              25 / 148              25 / 148         MB/s
[560.167s][info][gc,stats    ]      Memory: Out Of Memory                                     0 / 0                 0 / 0                 0 / 0                 0 / 0           ops/s
[560.167s][info][gc,stats    ]      Memory: Page Cache Flush                                  0 / 0                 0 / 0                 0 / 0                 0 / 0           MB/s
[560.167s][info][gc,stats    ]      Memory: Page Cache Hit L1                                11 / 13               11 / 78               11 / 78               11 / 78          ops/s
[560.167s][info][gc,stats    ]      Memory: Page Cache Hit L2                                 0 / 0                 0 / 0                 0 / 0                 0 / 0           ops/s
[560.167s][info][gc,stats    ]      Memory: Page Cache Hit L3                                 0 / 0                 1 / 48                1 / 48                1 / 48          ops/s
[560.167s][info][gc,stats    ]      Memory: Page Cache Miss                                   0 / 0                 0 / 1                 0 / 1                 0 / 1           ops/s
[560.167s][info][gc,stats    ]      Memory: Uncommit                                          0 / 0                 0 / 0                 0 / 0                 0 / 0           MB/s
[560.167s][info][gc,stats    ]      Memory: Undo Object Allocation Failed                     0 / 0                 0 / 1                 0 / 1                 0 / 1           ops/s
[560.167s][info][gc,stats    ]      Memory: Undo Object Allocation Succeeded                  0 / 0                 0 / 22                0 / 22                0 / 22          ops/s
[560.167s][info][gc,stats    ]      Memory: Undo Page Allocation                              0 / 0                 0 / 2                 0 / 2                 0 / 2           ops/s
[560.167s][info][gc,stats    ]       Phase: Concurrent Mark                               0.000 / 0.000        18.741 / 38.897       18.741 / 38.897       18.741 / 38.897      ms
[560.167s][info][gc,stats    ]       Phase: Concurrent Mark Continue                      0.000 / 0.000         0.000 / 0.000         0.000 / 0.000         0.000 / 0.000       ms
[560.167s][info][gc,stats    ]       Phase: Concurrent Mark Free                          0.000 / 0.000         0.001 / 0.003         0.001 / 0.003         0.001 / 0.003       ms
[560.167s][info][gc,stats    ]       Phase: Concurrent Process Non-Strong References      0.000 / 0.000         9.106 / 17.263        9.106 / 17.263        9.106 / 17.263      ms
[560.167s][info][gc,stats    ]       Phase: Concurrent Relocate                           0.000 / 0.000         1.196 / 6.891         1.196 / 6.891         1.196 / 6.891       ms
[560.167s][info][gc,stats    ]       Phase: Concurrent Reset Relocation Set               0.000 / 0.000         0.005 / 0.011         0.005 / 0.011         0.005 / 0.011       ms
[560.167s][info][gc,stats    ]       Phase: Concurrent Select Relocation Set              0.000 / 0.000         1.685 / 3.477         1.685 / 3.477         1.685 / 3.477       ms
[560.167s][info][gc,stats    ]       Phase: Pause Mark End                                0.000 / 0.000         0.025 / 0.065         0.025 / 0.065         0.025 / 0.065       ms
[560.167s][info][gc,stats    ]       Phase: Pause Mark Start                              0.000 / 0.000         0.012 / 0.027         0.012 / 0.027         0.012 / 0.027       ms
[560.167s][info][gc,stats    ]       Phase: Pause Relocate Start                          0.000 / 0.000         0.009 / 0.019         0.009 / 0.019         0.009 / 0.019       ms
[560.167s][info][gc,stats    ]    Subphase: Concurrent Classes Purge                      0.000 / 0.000         0.380 / 2.002         0.380 / 2.002         0.380 / 2.002       ms
[560.167s][info][gc,stats    ]    Subphase: Concurrent Classes Unlink                     0.000 / 0.000         7.811 / 14.151        7.811 / 14.151        7.811 / 14.151      ms
[560.167s][info][gc,stats    ]    Subphase: Concurrent Mark                               0.000 / 0.000        15.220 / 33.017       15.220 / 33.017       15.220 / 33.017      ms
[560.167s][info][gc,stats    ]    Subphase: Concurrent Mark Try Flush                     0.000 / 0.000         0.119 / 0.269         0.119 / 0.269         0.119 / 0.269       ms
[560.167s][info][gc,stats    ]    Subphase: Concurrent Mark Try Terminate                 0.000 / 0.000         1.933 / 16.074        1.933 / 16.074        1.933 / 16.074      ms
[560.167s][info][gc,stats    ]    Subphase: Concurrent References Enqueue                 0.000 / 0.000         0.002 / 0.010         0.002 / 0.010         0.002 / 0.010       ms
[560.167s][info][gc,stats    ]    Subphase: Concurrent References Process                 0.000 / 0.000         0.172 / 0.513         0.172 / 0.513         0.172 / 0.513       ms
[560.167s][info][gc,stats    ]    Subphase: Concurrent Roots ClassLoaderDataGraph         0.000 / 0.000         0.161 / 0.547         0.161 / 0.547         0.161 / 0.547       ms
[560.167s][info][gc,stats    ]    Subphase: Concurrent Roots CodeCache                    0.000 / 0.000         0.000 / 0.000         0.000 / 0.000         0.000 / 0.000       ms
[560.167s][info][gc,stats    ]    Subphase: Concurrent Roots JavaThreads                  0.000 / 0.000         0.581 / 5.702         0.581 / 5.702         0.581 / 5.702       ms
[560.167s][info][gc,stats    ]    Subphase: Concurrent Roots OopStorageSet                0.000 / 0.000         0.029 / 0.085         0.029 / 0.085         0.029 / 0.085       ms
[560.167s][info][gc,stats    ]    Subphase: Concurrent Weak Roots OopStorageSet           0.000 / 0.000         0.533 / 0.939         0.533 / 0.939         0.533 / 0.939       ms
[560.167s][info][gc,stats    ]    Subphase: Pause Mark Try Complete                       0.000 / 0.000         0.000 / 0.000         0.000 / 0.000         0.000 / 0.000       ms
[560.167s][info][gc,stats    ]      System: Java Threads                                      0 / 0                32 / 34               32 / 34               32 / 34          threads
[560.167s][info][gc,stats    ] =========================================================================================================================================================
[564.464s][info][gc,start    ] GC(33) Garbage Collection (Proactive)
[564.465s][info][gc,task     ] GC(33) Using 2 workers
[564.465s][info][gc,phases   ] GC(33) Pause Mark Start 0.015ms
[564.482s][info][gc,phases   ] GC(33) Concurrent Mark 16.245ms
[564.482s][info][gc,phases   ] GC(33) Pause Mark End 0.029ms
[564.482s][info][gc,phases   ] GC(33) Concurrent Mark Free 0.001ms
[564.491s][info][gc,phases   ] GC(33) Concurrent Process Non-Strong References 8.906ms
[564.491s][info][gc,phases   ] GC(33) Concurrent Reset Relocation Set 0.005ms
[564.493s][info][gc,phases   ] GC(33) Concurrent Select Relocation Set 1.443ms
[564.493s][info][gc,phases   ] GC(33) Pause Relocate Start 0.010ms
[564.494s][info][gc,phases   ] GC(33) Concurrent Relocate 0.645ms
[564.494s][info][gc,load     ] GC(33) Load: 0.00/0.00/0.00
[564.494s][info][gc,mmu      ] GC(33) MMU: 2ms/96.8%, 5ms/98.7%, 10ms/99.2%, 20ms/99.6%, 50ms/99.8%, 100ms/99.9%
[564.494s][info][gc,marking  ] GC(33) Mark: 2 stripe(s), 2 proactive flush(es), 1 terminate flush(es), 0 completion(s), 0 continuation(s) 
[564.494s][info][gc,marking  ] GC(33) Mark Stack Usage: 32M
[564.494s][info][gc,nmethod  ] GC(33) NMethods: 8269 registered, 2703 unregistered
[564.494s][info][gc,metaspace] GC(33) Metaspace: 32M used, 33M committed, 1088M reserved
[564.494s][info][gc,ref      ] GC(33) Soft: 4111 encountered, 0 discovered, 0 enqueued
[564.494s][info][gc,ref      ] GC(33) Weak: 2155 encountered, 386 discovered, 0 enqueued
[564.494s][info][gc,ref      ] GC(33) Final: 3 encountered, 0 discovered, 0 enqueued
[564.494s][info][gc,ref      ] GC(33) Phantom: 279 encountered, 183 discovered, 0 enqueued
[564.494s][info][gc,reloc    ] GC(33) Small Pages: 223 / 446M, Empty: 328M, Relocated: 0M, In-Place: 0
[564.494s][info][gc,reloc    ] GC(33) Medium Pages: 1 / 32M, Empty: 0M, Relocated: 0M, In-Place: 0
[564.494s][info][gc,reloc    ] GC(33) Large Pages: 0 / 0M, Empty: 0M, Relocated: 0M, In-Place: 0
[564.494s][info][gc,reloc    ] GC(33) Forwarding Usage: 0M
[564.494s][info][gc,heap     ] GC(33) Min Capacity: 4096M(100%)
[564.494s][info][gc,heap     ] GC(33) Max Capacity: 4096M(100%)
[564.494s][info][gc,heap     ] GC(33) Soft Max Capacity: 4096M(100%)
[564.494s][info][gc,heap     ] GC(33)                Mark Start          Mark End        Relocate Start      Relocate End           High               Low         
[564.494s][info][gc,heap     ] GC(33)  Capacity:     4096M (100%)       4096M (100%)       4096M (100%)       4096M (100%)       4096M (100%)       4096M (100%)   
[564.494s][info][gc,heap     ] GC(33)      Free:     3618M (88%)        3606M (88%)        3934M (96%)        4030M (98%)        4030M (98%)        3606M (88%)    
[564.494s][info][gc,heap     ] GC(33)      Used:      478M (12%)         490M (12%)         162M (4%)           66M (2%)          490M (12%)          66M (2%)     
[564.494s][info][gc,heap     ] GC(33)      Live:         -                17M (0%)           17M (0%)           17M (0%)             -                  -          
[564.494s][info][gc,heap     ] GC(33) Allocated:         -                12M (0%)           12M (0%)           12M (0%)             -                  -          
[564.494s][info][gc,heap     ] GC(33)   Garbage:         -               460M (11%)         132M (3%)           36M (1%)             -                  -          
[564.494s][info][gc,heap     ] GC(33) Reclaimed:         -                  -               328M (8%)          424M (10%)            -                  -          
[564.494s][info][gc          ] GC(33) Garbage Collection (Proactive) 478M(12%)->66M(2%)
[570.165s][info][gc,stats    ] === Garbage Collection Statistics =======================================================================================================================
[570.165s][info][gc,stats    ]                                                              Last 10s              Last 10m              Last 10h                Total
[570.165s][info][gc,stats    ]                                                              Avg / Max             Avg / Max             Avg / Max             Avg / Max
[570.165s][info][gc,stats    ]   Collector: Garbage Collection Cycle                     29.292 / 29.292       32.138 / 54.411       32.138 / 54.411       32.138 / 54.411      ms
[570.165s][info][gc,stats    ]  Contention: Mark Segment Reset Contention                     0 / 0                 0 / 1                 0 / 1                 0 / 1           ops/s
[570.165s][info][gc,stats    ]  Contention: Mark SeqNum Reset Contention                      0 / 1                 0 / 2                 0 / 2                 0 / 2           ops/s
[570.165s][info][gc,stats    ]    Critical: Allocation Stall                                  0 / 0                 0 / 0                 0 / 0                 0 / 0           ops/s
[570.165s][info][gc,stats    ]    Critical: Allocation Stall                              0.000 / 0.000         0.000 / 0.000         0.000 / 0.000         0.000 / 0.000       ms
[570.165s][info][gc,stats    ]    Critical: GC Locker Stall                                   0 / 0                 0 / 0                 0 / 0                 0 / 0           ops/s
[570.165s][info][gc,stats    ]    Critical: GC Locker Stall                               0.000 / 0.000         0.000 / 0.000         0.000 / 0.000         0.000 / 0.000       ms
[570.165s][info][gc,stats    ]    Critical: Relocation Stall                                  0 / 0                 0 / 0                 0 / 0                 0 / 0           ops/s
[570.165s][info][gc,stats    ]    Critical: Relocation Stall                              0.000 / 0.000         0.000 / 0.000         0.000 / 0.000         0.000 / 0.000       ms
[570.165s][info][gc,stats    ]      Memory: Allocation Rate                                  24 / 32               25 / 148              25 / 148              25 / 148         MB/s
[570.165s][info][gc,stats    ]      Memory: Out Of Memory                                     0 / 0                 0 / 0                 0 / 0                 0 / 0           ops/s
[570.165s][info][gc,stats    ]      Memory: Page Cache Flush                                  0 / 0                 0 / 0                 0 / 0                 0 / 0           MB/s
[570.165s][info][gc,stats    ]      Memory: Page Cache Hit L1                                12 / 18               11 / 78               11 / 78               11 / 78          ops/s
[570.165s][info][gc,stats    ]      Memory: Page Cache Hit L2                                 0 / 0                 0 / 0                 0 / 0                 0 / 0           ops/s
[570.165s][info][gc,stats    ]      Memory: Page Cache Hit L3                                 0 / 0                 1 / 48                1 / 48                1 / 48          ops/s
[570.165s][info][gc,stats    ]      Memory: Page Cache Miss                                   0 / 0                 0 / 1                 0 / 1                 0 / 1           ops/s
[570.165s][info][gc,stats    ]      Memory: Uncommit                                          0 / 0                 0 / 0                 0 / 0                 0 / 0           MB/s
[570.165s][info][gc,stats    ]      Memory: Undo Object Allocation Failed                     0 / 0                 0 / 1                 0 / 1                 0 / 1           ops/s
[570.165s][info][gc,stats    ]      Memory: Undo Object Allocation Succeeded                  0 / 0                 0 / 22                0 / 22                0 / 22          ops/s
[570.165s][info][gc,stats    ]      Memory: Undo Page Allocation                              0 / 0                 0 / 2                 0 / 2                 0 / 2           ops/s
[570.165s][info][gc,stats    ]       Phase: Concurrent Mark                              16.245 / 16.245       18.667 / 38.897       18.667 / 38.897       18.667 / 38.897      ms
[570.165s][info][gc,stats    ]       Phase: Concurrent Mark Continue                      0.000 / 0.000         0.000 / 0.000         0.000 / 0.000         0.000 / 0.000       ms
[570.165s][info][gc,stats    ]       Phase: Concurrent Mark Free                          0.001 / 0.001         0.001 / 0.003         0.001 / 0.003         0.001 / 0.003       ms
[570.165s][info][gc,stats    ]       Phase: Concurrent Process Non-Strong References      8.906 / 8.906         9.100 / 17.263        9.100 / 17.263        9.100 / 17.263      ms
[570.165s][info][gc,stats    ]       Phase: Concurrent Relocate                           0.645 / 0.645         1.180 / 6.891         1.180 / 6.891         1.180 / 6.891       ms
[570.165s][info][gc,stats    ]       Phase: Concurrent Reset Relocation Set               0.005 / 0.005         0.005 / 0.011         0.005 / 0.011         0.005 / 0.011       ms
[570.165s][info][gc,stats    ]       Phase: Concurrent Select Relocation Set              1.443 / 1.443         1.677 / 3.477         1.677 / 3.477         1.677 / 3.477       ms
[570.165s][info][gc,stats    ]       Phase: Pause Mark End                                0.029 / 0.029         0.025 / 0.065         0.025 / 0.065         0.025 / 0.065       ms
[570.165s][info][gc,stats    ]       Phase: Pause Mark Start                              0.015 / 0.015         0.012 / 0.027         0.012 / 0.027         0.012 / 0.027       ms
[570.165s][info][gc,stats    ]       Phase: Pause Relocate Start                          0.010 / 0.010         0.009 / 0.019         0.009 / 0.019         0.009 / 0.019       ms
[570.165s][info][gc,stats    ]    Subphase: Concurrent Classes Purge                      0.325 / 0.325         0.378 / 2.002         0.378 / 2.002         0.378 / 2.002       ms
[570.165s][info][gc,stats    ]    Subphase: Concurrent Classes Unlink                     7.711 / 7.711         7.808 / 14.151        7.808 / 14.151        7.808 / 14.151      ms
[570.165s][info][gc,stats    ]    Subphase: Concurrent Mark                              13.282 / 15.552       15.163 / 33.017       15.163 / 33.017       15.163 / 33.017      ms
[570.165s][info][gc,stats    ]    Subphase: Concurrent Mark Try Flush                     0.136 / 0.216         0.120 / 0.269         0.120 / 0.269         0.120 / 0.269       ms
[570.165s][info][gc,stats    ]    Subphase: Concurrent Mark Try Terminate                 1.710 / 5.058         1.926 / 16.074        1.926 / 16.074        1.926 / 16.074      ms
[570.165s][info][gc,stats    ]    Subphase: Concurrent References Enqueue                 0.001 / 0.001         0.002 / 0.010         0.002 / 0.010         0.002 / 0.010       ms
[570.165s][info][gc,stats    ]    Subphase: Concurrent References Process                 0.212 / 0.212         0.174 / 0.513         0.174 / 0.513         0.174 / 0.513       ms
[570.165s][info][gc,stats    ]    Subphase: Concurrent Roots ClassLoaderDataGraph         0.116 / 0.204         0.159 / 0.547         0.159 / 0.547         0.159 / 0.547       ms
[570.165s][info][gc,stats    ]    Subphase: Concurrent Roots CodeCache                    0.000 / 0.000         0.000 / 0.000         0.000 / 0.000         0.000 / 0.000       ms
[570.165s][info][gc,stats    ]    Subphase: Concurrent Roots JavaThreads                  0.312 / 0.391         0.573 / 5.702         0.573 / 5.702         0.573 / 5.702       ms
[570.165s][info][gc,stats    ]    Subphase: Concurrent Roots OopStorageSet                0.024 / 0.031         0.029 / 0.085         0.029 / 0.085         0.029 / 0.085       ms
[570.165s][info][gc,stats    ]    Subphase: Concurrent Weak Roots OopStorageSet           0.452 / 0.466         0.531 / 0.939         0.531 / 0.939         0.531 / 0.939       ms
[570.165s][info][gc,stats    ]    Subphase: Pause Mark Try Complete                       0.000 / 0.000         0.000 / 0.000         0.000 / 0.000         0.000 / 0.000       ms
[570.165s][info][gc,stats    ]      System: Java Threads                                     33 / 33               32 / 34               32 / 34               32 / 34          threads
[570.165s][info][gc,stats    ] =========================================================================================================================================================
[580.155s][info][gc,stats    ] === Garbage Collection Statistics =======================================================================================================================
[580.155s][info][gc,stats    ]                                                              Last 10s              Last 10m              Last 10h                Total
[580.155s][info][gc,stats    ]                                                              Avg / Max             Avg / Max             Avg / Max             Avg / Max
[580.155s][info][gc,stats    ]   Collector: Garbage Collection Cycle                      0.000 / 0.000        32.138 / 54.411       32.138 / 54.411       32.138 / 54.411      ms
[580.155s][info][gc,stats    ]  Contention: Mark Segment Reset Contention                     0 / 0                 0 / 1                 0 / 1                 0 / 1           ops/s
[580.155s][info][gc,stats    ]  Contention: Mark SeqNum Reset Contention                      0 / 0                 0 / 2                 0 / 2                 0 / 2           ops/s
[580.155s][info][gc,stats    ]    Critical: Allocation Stall                                  0 / 0                 0 / 0                 0 / 0                 0 / 0           ops/s
[580.155s][info][gc,stats    ]    Critical: Allocation Stall                              0.000 / 0.000         0.000 / 0.000         0.000 / 0.000         0.000 / 0.000       ms
[580.155s][info][gc,stats    ]    Critical: GC Locker Stall                                   0 / 0                 0 / 0                 0 / 0                 0 / 0           ops/s
[580.155s][info][gc,stats    ]    Critical: GC Locker Stall                               0.000 / 0.000         0.000 / 0.000         0.000 / 0.000         0.000 / 0.000       ms
[580.155s][info][gc,stats    ]    Critical: Relocation Stall                                  0 / 0                 0 / 0                 0 / 0                 0 / 0           ops/s
[580.155s][info][gc,stats    ]    Critical: Relocation Stall                              0.000 / 0.000         0.000 / 0.000         0.000 / 0.000         0.000 / 0.000       ms
[580.155s][info][gc,stats    ]      Memory: Allocation Rate                                  24 / 26               25 / 148              25 / 148              25 / 148         MB/s
[580.156s][info][gc,stats    ]      Memory: Out Of Memory                                     0 / 0                 0 / 0                 0 / 0                 0 / 0           ops/s
[580.156s][info][gc,stats    ]      Memory: Page Cache Flush                                  0 / 0                 0 / 0                 0 / 0                 0 / 0           MB/s
[580.156s][info][gc,stats    ]      Memory: Page Cache Hit L1                                12 / 13               11 / 78               11 / 78               11 / 78          ops/s
[580.156s][info][gc,stats    ]      Memory: Page Cache Hit L2                                 0 / 0                 0 / 0                 0 / 0                 0 / 0           ops/s
[580.156s][info][gc,stats    ]      Memory: Page Cache Hit L3                                 0 / 0                 1 / 48                1 / 48                1 / 48          ops/s
[580.156s][info][gc,stats    ]      Memory: Page Cache Miss                                   0 / 0                 0 / 1                 0 / 1                 0 / 1           ops/s
[580.156s][info][gc,stats    ]      Memory: Uncommit                                          0 / 0                 0 / 0                 0 / 0                 0 / 0           MB/s
[580.156s][info][gc,stats    ]      Memory: Undo Object Allocation Failed                     0 / 0                 0 / 1                 0 / 1                 0 / 1           ops/s
[580.156s][info][gc,stats    ]      Memory: Undo Object Allocation Succeeded                  0 / 0                 0 / 22                0 / 22                0 / 22          ops/s
[580.156s][info][gc,stats    ]      Memory: Undo Page Allocation                              0 / 0                 0 / 2                 0 / 2                 0 / 2           ops/s
[580.156s][info][gc,stats    ]       Phase: Concurrent Mark                               0.000 / 0.000        18.667 / 38.897       18.667 / 38.897       18.667 / 38.897      ms
[580.156s][info][gc,stats    ]       Phase: Concurrent Mark Continue                      0.000 / 0.000         0.000 / 0.000         0.000 / 0.000         0.000 / 0.000       ms
[580.156s][info][gc,stats    ]       Phase: Concurrent Mark Free                          0.000 / 0.000         0.001 / 0.003         0.001 / 0.003         0.001 / 0.003       ms
[580.156s][info][gc,stats    ]       Phase: Concurrent Process Non-Strong References      0.000 / 0.000         9.100 / 17.263        9.100 / 17.263        9.100 / 17.263      ms
[580.156s][info][gc,stats    ]       Phase: Concurrent Relocate                           0.000 / 0.000         1.180 / 6.891         1.180 / 6.891         1.180 / 6.891       ms
[580.156s][info][gc,stats    ]       Phase: Concurrent Reset Relocation Set               0.000 / 0.000         0.005 / 0.011         0.005 / 0.011         0.005 / 0.011       ms
[580.156s][info][gc,stats    ]       Phase: Concurrent Select Relocation Set              0.000 / 0.000         1.677 / 3.477         1.677 / 3.477         1.677 / 3.477       ms
[580.156s][info][gc,stats    ]       Phase: Pause Mark End                                0.000 / 0.000         0.025 / 0.065         0.025 / 0.065         0.025 / 0.065       ms
[580.156s][info][gc,stats    ]       Phase: Pause Mark Start                              0.000 / 0.000         0.012 / 0.027         0.012 / 0.027         0.012 / 0.027       ms
[580.156s][info][gc,stats    ]       Phase: Pause Relocate Start                          0.000 / 0.000         0.009 / 0.019         0.009 / 0.019         0.009 / 0.019       ms
[580.156s][info][gc,stats    ]    Subphase: Concurrent Classes Purge                      0.000 / 0.000         0.378 / 2.002         0.378 / 2.002         0.378 / 2.002       ms
[580.156s][info][gc,stats    ]    Subphase: Concurrent Classes Unlink                     0.000 / 0.000         7.808 / 14.151        7.808 / 14.151        7.808 / 14.151      ms
[580.156s][info][gc,stats    ]    Subphase: Concurrent Mark                               0.000 / 0.000        15.163 / 33.017       15.163 / 33.017       15.163 / 33.017      ms
[580.156s][info][gc,stats    ]    Subphase: Concurrent Mark Try Flush                     0.000 / 0.000         0.120 / 0.269         0.120 / 0.269         0.120 / 0.269       ms
[580.156s][info][gc,stats    ]    Subphase: Concurrent Mark Try Terminate                 0.000 / 0.000         1.926 / 16.074        1.926 / 16.074        1.926 / 16.074      ms
[580.156s][info][gc,stats    ]    Subphase: Concurrent References Enqueue                 0.000 / 0.000         0.002 / 0.010         0.002 / 0.010         0.002 / 0.010       ms
[580.156s][info][gc,stats    ]    Subphase: Concurrent References Process                 0.000 / 0.000         0.174 / 0.513         0.174 / 0.513         0.174 / 0.513       ms
[580.156s][info][gc,stats    ]    Subphase: Concurrent Roots ClassLoaderDataGraph         0.000 / 0.000         0.159 / 0.547         0.159 / 0.547         0.159 / 0.547       ms
[580.156s][info][gc,stats    ]    Subphase: Concurrent Roots CodeCache                    0.000 / 0.000         0.000 / 0.000         0.000 / 0.000         0.000 / 0.000       ms
[580.156s][info][gc,stats    ]    Subphase: Concurrent Roots JavaThreads                  0.000 / 0.000         0.573 / 5.702         0.573 / 5.702         0.573 / 5.702       ms
[580.156s][info][gc,stats    ]    Subphase: Concurrent Roots OopStorageSet                0.000 / 0.000         0.029 / 0.085         0.029 / 0.085         0.029 / 0.085       ms
[580.156s][info][gc,stats    ]    Subphase: Concurrent Weak Roots OopStorageSet           0.000 / 0.000         0.531 / 0.939         0.531 / 0.939         0.531 / 0.939       ms
[580.156s][info][gc,stats    ]    Subphase: Pause Mark Try Complete                       0.000 / 0.000         0.000 / 0.000         0.000 / 0.000         0.000 / 0.000       ms
[580.156s][info][gc,stats    ]      System: Java Threads                                      0 / 0                32 / 34               32 / 34               32 / 34          threads
[580.156s][info][gc,stats    ] =========================================================================================================================================================
[581.860s][info][gc,start    ] GC(34) Garbage Collection (Proactive)
[581.860s][info][gc,task     ] GC(34) Using 2 workers
[581.860s][info][gc,phases   ] GC(34) Pause Mark Start 0.019ms
[581.877s][info][gc,phases   ] GC(34) Concurrent Mark 16.632ms
[581.877s][info][gc,phases   ] GC(34) Pause Mark End 0.018ms
[581.878s][info][gc,phases   ] GC(34) Concurrent Mark Free 0.001ms
[581.886s][info][gc,phases   ] GC(34) Concurrent Process Non-Strong References 8.637ms
[581.886s][info][gc,phases   ] GC(34) Concurrent Reset Relocation Set 0.004ms
[581.887s][info][gc,phases   ] GC(34) Concurrent Select Relocation Set 1.151ms
[581.888s][info][gc,phases   ] GC(34) Pause Relocate Start 0.010ms
[581.888s][info][gc,phases   ] GC(34) Concurrent Relocate 0.548ms
[581.888s][info][gc,load     ] GC(34) Load: 0.00/0.00/0.00
[581.888s][info][gc,mmu      ] GC(34) MMU: 2ms/96.8%, 5ms/98.7%, 10ms/99.2%, 20ms/99.6%, 50ms/99.8%, 100ms/99.9%
[581.888s][info][gc,marking  ] GC(34) Mark: 2 stripe(s), 2 proactive flush(es), 1 terminate flush(es), 0 completion(s), 0 continuation(s) 
[581.888s][info][gc,marking  ] GC(34) Mark Stack Usage: 32M
[581.888s][info][gc,nmethod  ] GC(34) NMethods: 8275 registered, 2703 unregistered
[581.888s][info][gc,metaspace] GC(34) Metaspace: 32M used, 33M committed, 1088M reserved
[581.888s][info][gc,ref      ] GC(34) Soft: 4111 encountered, 0 discovered, 0 enqueued
[581.888s][info][gc,ref      ] GC(34) Weak: 2155 encountered, 479 discovered, 0 enqueued
[581.888s][info][gc,ref      ] GC(34) Final: 3 encountered, 2 discovered, 0 enqueued
[581.888s][info][gc,ref      ] GC(34) Phantom: 279 encountered, 144 discovered, 0 enqueued
[581.888s][info][gc,reloc    ] GC(34) Small Pages: 222 / 444M, Empty: 322M, Relocated: 0M, In-Place: 0
[581.888s][info][gc,reloc    ] GC(34) Medium Pages: 1 / 32M, Empty: 0M, Relocated: 0M, In-Place: 0
[581.888s][info][gc,reloc    ] GC(34) Large Pages: 0 / 0M, Empty: 0M, Relocated: 0M, In-Place: 0
[581.888s][info][gc,reloc    ] GC(34) Forwarding Usage: 0M
[581.888s][info][gc,heap     ] GC(34) Min Capacity: 4096M(100%)
[581.888s][info][gc,heap     ] GC(34) Max Capacity: 4096M(100%)
[581.888s][info][gc,heap     ] GC(34) Soft Max Capacity: 4096M(100%)
[581.888s][info][gc,heap     ] GC(34)                Mark Start          Mark End        Relocate Start      Relocate End           High               Low         
[581.888s][info][gc,heap     ] GC(34)  Capacity:     4096M (100%)       4096M (100%)       4096M (100%)       4096M (100%)       4096M (100%)       4096M (100%)   
[581.888s][info][gc,heap     ] GC(34)      Free:     3620M (88%)        3608M (88%)        3930M (96%)        4030M (98%)        4030M (98%)        3608M (88%)    
[581.888s][info][gc,heap     ] GC(34)      Used:      476M (12%)         488M (12%)         166M (4%)           66M (2%)          488M (12%)          66M (2%)     
[581.888s][info][gc,heap     ] GC(34)      Live:         -                17M (0%)           17M (0%)           17M (0%)             -                  -          
[581.888s][info][gc,heap     ] GC(34) Allocated:         -                12M (0%)           12M (0%)           12M (0%)             -                  -          
[581.888s][info][gc,heap     ] GC(34)   Garbage:         -               458M (11%)         136M (3%)           36M (1%)             -                  -          
[581.888s][info][gc,heap     ] GC(34) Reclaimed:         -                  -               322M (8%)          422M (10%)            -                  -          
[581.888s][info][gc          ] GC(34) Garbage Collection (Proactive) 476M(12%)->66M(2%)
[590.150s][info][gc,stats    ] === Garbage Collection Statistics =======================================================================================================================
[590.150s][info][gc,stats    ]                                                              Last 10s              Last 10m              Last 10h                Total
[590.150s][info][gc,stats    ]                                                              Avg / Max             Avg / Max             Avg / Max             Avg / Max
[590.150s][info][gc,stats    ]   Collector: Garbage Collection Cycle                     28.295 / 28.295       32.028 / 54.411       32.028 / 54.411       32.028 / 54.411      ms
[590.150s][info][gc,stats    ]  Contention: Mark Segment Reset Contention                     0 / 3                 0 / 3                 0 / 3                 0 / 3           ops/s
[590.150s][info][gc,stats    ]  Contention: Mark SeqNum Reset Contention                      0 / 2                 0 / 2                 0 / 2                 0 / 2           ops/s
[590.150s][info][gc,stats    ]    Critical: Allocation Stall                                  0 / 0                 0 / 0                 0 / 0                 0 / 0           ops/s
[590.150s][info][gc,stats    ]    Critical: Allocation Stall                              0.000 / 0.000         0.000 / 0.000         0.000 / 0.000         0.000 / 0.000       ms
[590.150s][info][gc,stats    ]    Critical: GC Locker Stall                                   0 / 0                 0 / 0                 0 / 0                 0 / 0           ops/s
[590.150s][info][gc,stats    ]    Critical: GC Locker Stall                               0.000 / 0.000         0.000 / 0.000         0.000 / 0.000         0.000 / 0.000       ms
[590.150s][info][gc,stats    ]    Critical: Relocation Stall                                  0 / 0                 0 / 0                 0 / 0                 0 / 0           ops/s
[590.150s][info][gc,stats    ]    Critical: Relocation Stall                              0.000 / 0.000         0.000 / 0.000         0.000 / 0.000         0.000 / 0.000       ms
[590.150s][info][gc,stats    ]      Memory: Allocation Rate                                  24 / 32               25 / 148              25 / 148              25 / 148         MB/s
[590.150s][info][gc,stats    ]      Memory: Out Of Memory                                     0 / 0                 0 / 0                 0 / 0                 0 / 0           ops/s
[590.150s][info][gc,stats    ]      Memory: Page Cache Flush                                  0 / 0                 0 / 0                 0 / 0                 0 / 0           MB/s
[590.150s][info][gc,stats    ]      Memory: Page Cache Hit L1                                12 / 18               11 / 78               11 / 78               11 / 78          ops/s
[590.151s][info][gc,stats    ]      Memory: Page Cache Hit L2                                 0 / 0                 0 / 0                 0 / 0                 0 / 0           ops/s
[590.151s][info][gc,stats    ]      Memory: Page Cache Hit L3                                 0 / 0                 1 / 48                1 / 48                1 / 48          ops/s
[590.151s][info][gc,stats    ]      Memory: Page Cache Miss                                   0 / 0                 0 / 1                 0 / 1                 0 / 1           ops/s
[590.151s][info][gc,stats    ]      Memory: Uncommit                                          0 / 0                 0 / 0                 0 / 0                 0 / 0           MB/s
[590.151s][info][gc,stats    ]      Memory: Undo Object Allocation Failed                     0 / 0                 0 / 1                 0 / 1                 0 / 1           ops/s
[590.151s][info][gc,stats    ]      Memory: Undo Object Allocation Succeeded                  0 / 0                 0 / 22                0 / 22                0 / 22          ops/s
[590.151s][info][gc,stats    ]      Memory: Undo Page Allocation                              0 / 0                 0 / 2                 0 / 2                 0 / 2           ops/s
[590.151s][info][gc,stats    ]       Phase: Concurrent Mark                              16.632 / 16.632       18.609 / 38.897       18.609 / 38.897       18.609 / 38.897      ms
[590.151s][info][gc,stats    ]       Phase: Concurrent Mark Continue                      0.000 / 0.000         0.000 / 0.000         0.000 / 0.000         0.000 / 0.000       ms
[590.151s][info][gc,stats    ]       Phase: Concurrent Mark Free                          0.001 / 0.001         0.001 / 0.003         0.001 / 0.003         0.001 / 0.003       ms
[590.151s][info][gc,stats    ]       Phase: Concurrent Process Non-Strong References      8.637 / 8.637         9.086 / 17.263        9.086 / 17.263        9.086 / 17.263      ms
[590.151s][info][gc,stats    ]       Phase: Concurrent Relocate                           0.548 / 0.548         1.161 / 6.891         1.161 / 6.891         1.161 / 6.891       ms
[590.151s][info][gc,stats    ]       Phase: Concurrent Reset Relocation Set               0.004 / 0.004         0.005 / 0.011         0.005 / 0.011         0.005 / 0.011       ms
[590.151s][info][gc,stats    ]       Phase: Concurrent Select Relocation Set              1.151 / 1.151         1.662 / 3.477         1.662 / 3.477         1.662 / 3.477       ms
[590.151s][info][gc,stats    ]       Phase: Pause Mark End                                0.018 / 0.018         0.025 / 0.065         0.025 / 0.065         0.025 / 0.065       ms
[590.151s][info][gc,stats    ]       Phase: Pause Mark Start                              0.019 / 0.019         0.012 / 0.027         0.012 / 0.027         0.012 / 0.027       ms
[590.151s][info][gc,stats    ]       Phase: Pause Relocate Start                          0.010 / 0.010         0.009 / 0.019         0.009 / 0.019         0.009 / 0.019       ms
[590.151s][info][gc,stats    ]    Subphase: Concurrent Classes Purge                      0.329 / 0.329         0.377 / 2.002         0.377 / 2.002         0.377 / 2.002       ms
[590.151s][info][gc,stats    ]    Subphase: Concurrent Classes Unlink                     7.536 / 7.536         7.801 / 14.151        7.801 / 14.151        7.801 / 14.151      ms
[590.151s][info][gc,stats    ]    Subphase: Concurrent Mark                              13.664 / 15.959       15.121 / 33.017       15.121 / 33.017       15.121 / 33.017      ms
[590.151s][info][gc,stats    ]    Subphase: Concurrent Mark Try Flush                     0.146 / 0.250         0.121 / 0.269         0.121 / 0.269         0.121 / 0.269       ms
[590.151s][info][gc,stats    ]    Subphase: Concurrent Mark Try Terminate                 1.623 / 4.799         1.917 / 16.074        1.917 / 16.074        1.917 / 16.074      ms
[590.151s][info][gc,stats    ]    Subphase: Concurrent References Enqueue                 0.001 / 0.001         0.002 / 0.010         0.002 / 0.010         0.002 / 0.010       ms
[590.151s][info][gc,stats    ]    Subphase: Concurrent References Process                 0.150 / 0.150         0.173 / 0.513         0.173 / 0.513         0.173 / 0.513       ms
[590.151s][info][gc,stats    ]    Subphase: Concurrent Roots ClassLoaderDataGraph         0.131 / 0.236         0.159 / 0.547         0.159 / 0.547         0.159 / 0.547       ms
[590.151s][info][gc,stats    ]    Subphase: Concurrent Roots CodeCache                    0.000 / 0.000         0.000 / 0.000         0.000 / 0.000         0.000 / 0.000       ms
[590.151s][info][gc,stats    ]    Subphase: Concurrent Roots JavaThreads                  0.323 / 0.413         0.566 / 5.702         0.566 / 5.702         0.566 / 5.702       ms
[590.151s][info][gc,stats    ]    Subphase: Concurrent Roots OopStorageSet                0.022 / 0.030         0.028 / 0.085         0.028 / 0.085         0.028 / 0.085       ms
[590.151s][info][gc,stats    ]    Subphase: Concurrent Weak Roots OopStorageSet           0.379 / 0.380         0.526 / 0.939         0.526 / 0.939         0.526 / 0.939       ms
[590.151s][info][gc,stats    ]    Subphase: Pause Mark Try Complete                       0.000 / 0.000         0.000 / 0.000         0.000 / 0.000         0.000 / 0.000       ms
[590.151s][info][gc,stats    ]      System: Java Threads                                     33 / 33               32 / 34               32 / 34               32 / 34          threads
[590.151s][info][gc,stats    ] =========================================================================================================================================================
[599.066s][info][gc,start    ] GC(35) Garbage Collection (Proactive)
[599.066s][info][gc,task     ] GC(35) Using 2 workers
[599.066s][info][gc,phases   ] GC(35) Pause Mark Start 0.010ms
[599.083s][info][gc,phases   ] GC(35) Concurrent Mark 15.875ms
[599.083s][info][gc,phases   ] GC(35) Pause Mark End 0.017ms
[599.083s][info][gc,phases   ] GC(35) Concurrent Mark Free 0.001ms
[599.092s][info][gc,phases   ] GC(35) Concurrent Process Non-Strong References 8.665ms
[599.092s][info][gc,phases   ] GC(35) Concurrent Reset Relocation Set 0.004ms
[599.094s][info][gc,phases   ] GC(35) Concurrent Select Relocation Set 1.561ms
[599.094s][info][gc,phases   ] GC(35) Pause Relocate Start 0.008ms
[599.094s][info][gc,phases   ] GC(35) Concurrent Relocate 0.556ms
[599.094s][info][gc,load     ] GC(35) Load: 0.00/0.00/0.00
[599.094s][info][gc,mmu      ] GC(35) MMU: 2ms/96.8%, 5ms/98.7%, 10ms/99.2%, 20ms/99.6%, 50ms/99.8%, 100ms/99.9%
[599.094s][info][gc,marking  ] GC(35) Mark: 2 stripe(s), 2 proactive flush(es), 1 terminate flush(es), 0 completion(s), 0 continuation(s) 
[599.094s][info][gc,marking  ] GC(35) Mark Stack Usage: 32M
[599.094s][info][gc,nmethod  ] GC(35) NMethods: 8282 registered, 2703 unregistered
[599.094s][info][gc,metaspace] GC(35) Metaspace: 32M used, 33M committed, 1088M reserved
[599.094s][info][gc,ref      ] GC(35) Soft: 4111 encountered, 0 discovered, 0 enqueued
[599.094s][info][gc,ref      ] GC(35) Weak: 2155 encountered, 300 discovered, 1 enqueued
[599.094s][info][gc,ref      ] GC(35) Final: 3 encountered, 1 discovered, 0 enqueued
[599.094s][info][gc,ref      ] GC(35) Phantom: 279 encountered, 222 discovered, 0 enqueued
[599.094s][info][gc,reloc    ] GC(35) Small Pages: 222 / 444M, Empty: 328M, Relocated: 0M, In-Place: 0
[599.094s][info][gc,reloc    ] GC(35) Medium Pages: 1 / 32M, Empty: 0M, Relocated: 0M, In-Place: 0
[599.094s][info][gc,reloc    ] GC(35) Large Pages: 0 / 0M, Empty: 0M, Relocated: 0M, In-Place: 0
[599.094s][info][gc,reloc    ] GC(35) Forwarding Usage: 0M
[599.094s][info][gc,heap     ] GC(35) Min Capacity: 4096M(100%)
[599.094s][info][gc,heap     ] GC(35) Max Capacity: 4096M(100%)
[599.095s][info][gc,heap     ] GC(35) Soft Max Capacity: 4096M(100%)
[599.095s][info][gc,heap     ] GC(35)                Mark Start          Mark End        Relocate Start      Relocate End           High               Low         
[599.095s][info][gc,heap     ] GC(35)  Capacity:     4096M (100%)       4096M (100%)       4096M (100%)       4096M (100%)       4096M (100%)       4096M (100%)   
[599.095s][info][gc,heap     ] GC(35)      Free:     3620M (88%)        3608M (88%)        3936M (96%)        4030M (98%)        4030M (98%)        3608M (88%)    
[599.095s][info][gc,heap     ] GC(35)      Used:      476M (12%)         488M (12%)         160M (4%)           66M (2%)          488M (12%)          66M (2%)     
[599.095s][info][gc,heap     ] GC(35)      Live:         -                17M (0%)           17M (0%)           17M (0%)             -                  -          
[599.095s][info][gc,heap     ] GC(35) Allocated:         -                12M (0%)           12M (0%)           12M (0%)             -                  -          
[599.095s][info][gc,heap     ] GC(35)   Garbage:         -               458M (11%)         130M (3%)           36M (1%)             -                  -          
[599.095s][info][gc,heap     ] GC(35) Reclaimed:         -                  -               328M (8%)          422M (10%)            -                  -          
[599.095s][info][gc          ] GC(35) Garbage Collection (Proactive) 476M(12%)->66M(2%)
[600.155s][info][gc,stats    ] === Garbage Collection Statistics =======================================================================================================================
[600.155s][info][gc,stats    ]                                                              Last 10s              Last 10m              Last 10h                Total
[600.155s][info][gc,stats    ]                                                              Avg / Max             Avg / Max             Avg / Max             Avg / Max
[600.155s][info][gc,stats    ]   Collector: Garbage Collection Cycle                     28.203 / 28.203       31.922 / 54.411       31.922 / 54.411       31.922 / 54.411      ms
[600.155s][info][gc,stats    ]  Contention: Mark Segment Reset Contention                     0 / 1                 0 / 3                 0 / 3                 0 / 3           ops/s
[600.155s][info][gc,stats    ]  Contention: Mark SeqNum Reset Contention                      0 / 0                 0 / 2                 0 / 2                 0 / 2           ops/s
[600.155s][info][gc,stats    ]    Critical: Allocation Stall                                  0 / 0                 0 / 0                 0 / 0                 0 / 0           ops/s
[600.155s][info][gc,stats    ]    Critical: Allocation Stall                              0.000 / 0.000         0.000 / 0.000         0.000 / 0.000         0.000 / 0.000       ms
[600.155s][info][gc,stats    ]    Critical: GC Locker Stall                                   0 / 0                 0 / 0                 0 / 0                 0 / 0           ops/s
[600.155s][info][gc,stats    ]    Critical: GC Locker Stall                               0.000 / 0.000         0.000 / 0.000         0.000 / 0.000         0.000 / 0.000       ms
[600.155s][info][gc,stats    ]    Critical: Relocation Stall                                  0 / 0                 0 / 0                 0 / 0                 0 / 0           ops/s
[600.155s][info][gc,stats    ]    Critical: Relocation Stall                              0.000 / 0.000         0.000 / 0.000         0.000 / 0.000         0.000 / 0.000       ms
[600.156s][info][gc,stats    ]      Memory: Allocation Rate                                  25 / 34               25 / 148              25 / 148              25 / 148         MB/s
[600.156s][info][gc,stats    ]      Memory: Out Of Memory                                     0 / 0                 0 / 0                 0 / 0                 0 / 0           ops/s
[600.156s][info][gc,stats    ]      Memory: Page Cache Flush                                  0 / 0                 0 / 0                 0 / 0                 0 / 0           MB/s
[600.156s][info][gc,stats    ]      Memory: Page Cache Hit L1                                12 / 19               11 / 78               11 / 78               11 / 78          ops/s
[600.156s][info][gc,stats    ]      Memory: Page Cache Hit L2                                 0 / 0                 0 / 0                 0 / 0                 0 / 0           ops/s
[600.156s][info][gc,stats    ]      Memory: Page Cache Hit L3                                 0 / 0                 1 / 48                1 / 48                1 / 48          ops/s
[600.156s][info][gc,stats    ]      Memory: Page Cache Miss                                   0 / 0                 0 / 1                 0 / 1                 0 / 1           ops/s
[600.156s][info][gc,stats    ]      Memory: Uncommit                                          0 / 0                 0 / 0                 0 / 0                 0 / 0           MB/s
[600.156s][info][gc,stats    ]      Memory: Undo Object Allocation Failed                     0 / 0                 0 / 1                 0 / 1                 0 / 1           ops/s
[600.156s][info][gc,stats    ]      Memory: Undo Object Allocation Succeeded                  0 / 0                 0 / 22                0 / 22                0 / 22          ops/s
[600.156s][info][gc,stats    ]      Memory: Undo Page Allocation                              0 / 0                 0 / 2                 0 / 2                 0 / 2           ops/s
[600.156s][info][gc,stats    ]       Phase: Concurrent Mark                              15.875 / 15.875       18.533 / 38.897       18.533 / 38.897       18.533 / 38.897      ms
[600.156s][info][gc,stats    ]       Phase: Concurrent Mark Continue                      0.000 / 0.000         0.000 / 0.000         0.000 / 0.000         0.000 / 0.000       ms
[600.156s][info][gc,stats    ]       Phase: Concurrent Mark Free                          0.001 / 0.001         0.001 / 0.003         0.001 / 0.003         0.001 / 0.003       ms
[600.156s][info][gc,stats    ]       Phase: Concurrent Process Non-Strong References      8.665 / 8.665         9.075 / 17.263        9.075 / 17.263        9.075 / 17.263      ms
[600.156s][info][gc,stats    ]       Phase: Concurrent Relocate                           0.556 / 0.556         1.145 / 6.891         1.145 / 6.891         1.145 / 6.891       ms
[600.156s][info][gc,stats    ]       Phase: Concurrent Reset Relocation Set               0.004 / 0.004         0.005 / 0.011         0.005 / 0.011         0.005 / 0.011       ms
[600.156s][info][gc,stats    ]       Phase: Concurrent Select Relocation Set              1.561 / 1.561         1.660 / 3.477         1.660 / 3.477         1.660 / 3.477       ms
[600.156s][info][gc,stats    ]       Phase: Pause Mark End                                0.017 / 0.017         0.025 / 0.065         0.025 / 0.065         0.025 / 0.065       ms
[600.156s][info][gc,stats    ]       Phase: Pause Mark Start                              0.010 / 0.010         0.012 / 0.027         0.012 / 0.027         0.012 / 0.027       ms
[600.156s][info][gc,stats    ]       Phase: Pause Relocate Start                          0.008 / 0.008         0.009 / 0.019         0.009 / 0.019         0.009 / 0.019       ms
[600.156s][info][gc,stats    ]    Subphase: Concurrent Classes Purge                      0.309 / 0.309         0.375 / 2.002         0.375 / 2.002         0.375 / 2.002       ms
[600.156s][info][gc,stats    ]    Subphase: Concurrent Classes Unlink                     7.580 / 7.580         7.794 / 14.151        7.794 / 14.151        7.794 / 14.151      ms
[600.156s][info][gc,stats    ]    Subphase: Concurrent Mark                              12.962 / 15.140       15.061 / 33.017       15.061 / 33.017       15.061 / 33.017      ms
[600.156s][info][gc,stats    ]    Subphase: Concurrent Mark Try Flush                     0.141 / 0.239         0.121 / 0.269         0.121 / 0.269         0.121 / 0.269       ms
[600.156s][info][gc,stats    ]    Subphase: Concurrent Mark Try Terminate                 2.005 / 5.947         1.920 / 16.074        1.920 / 16.074        1.920 / 16.074      ms
[600.156s][info][gc,stats    ]    Subphase: Concurrent References Enqueue                 0.006 / 0.006         0.002 / 0.010         0.002 / 0.010         0.002 / 0.010       ms
[600.156s][info][gc,stats    ]    Subphase: Concurrent References Process                 0.131 / 0.131         0.172 / 0.513         0.172 / 0.513         0.172 / 0.513       ms
[600.156s][info][gc,stats    ]    Subphase: Concurrent Roots ClassLoaderDataGraph         0.079 / 0.139         0.156 / 0.547         0.156 / 0.547         0.156 / 0.547       ms
[600.156s][info][gc,stats    ]    Subphase: Concurrent Roots CodeCache                    0.000 / 0.000         0.000 / 0.000         0.000 / 0.000         0.000 / 0.000       ms
[600.156s][info][gc,stats    ]    Subphase: Concurrent Roots JavaThreads                  0.303 / 0.362         0.559 / 5.702         0.559 / 5.702         0.559 / 5.702       ms
[600.156s][info][gc,stats    ]    Subphase: Concurrent Roots OopStorageSet                0.017 / 0.020         0.028 / 0.085         0.028 / 0.085         0.028 / 0.085       ms
[600.156s][info][gc,stats    ]    Subphase: Concurrent Weak Roots OopStorageSet           0.501 / 0.504         0.526 / 0.939         0.526 / 0.939         0.526 / 0.939       ms
[600.156s][info][gc,stats    ]    Subphase: Pause Mark Try Complete                       0.000 / 0.000         0.000 / 0.000         0.000 / 0.000         0.000 / 0.000       ms
[600.156s][info][gc,stats    ]      System: Java Threads                                     33 / 33               32 / 34               32 / 34               32 / 34          threads
[600.156s][info][gc,stats    ] =========================================================================================================================================================
[610.163s][info][gc,stats    ] === Garbage Collection Statistics =======================================================================================================================
[610.163s][info][gc,stats    ]                                                              Last 10s              Last 10m              Last 10h                Total
[610.163s][info][gc,stats    ]                                                              Avg / Max             Avg / Max             Avg / Max             Avg / Max
[610.163s][info][gc,stats    ]   Collector: Garbage Collection Cycle                      0.000 / 0.000        31.227 / 54.411       31.922 / 54.411       31.922 / 54.411      ms
[610.163s][info][gc,stats    ]  Contention: Mark Segment Reset Contention                     0 / 0                 0 / 3                 0 / 3                 0 / 3           ops/s
[610.163s][info][gc,stats    ]  Contention: Mark SeqNum Reset Contention                      0 / 0                 0 / 2                 0 / 2                 0 / 2           ops/s
[610.163s][info][gc,stats    ]    Critical: Allocation Stall                                  0 / 0                 0 / 0                 0 / 0                 0 / 0           ops/s
[610.163s][info][gc,stats    ]    Critical: Allocation Stall                              0.000 / 0.000         0.000 / 0.000         0.000 / 0.000         0.000 / 0.000       ms
[610.163s][info][gc,stats    ]    Critical: GC Locker Stall                                   0 / 0                 0 / 0                 0 / 0                 0 / 0           ops/s
[610.163s][info][gc,stats    ]    Critical: GC Locker Stall                               0.000 / 0.000         0.000 / 0.000         0.000 / 0.000         0.000 / 0.000       ms
[610.163s][info][gc,stats    ]    Critical: Relocation Stall                                  0 / 0                 0 / 0                 0 / 0                 0 / 0           ops/s
[610.163s][info][gc,stats    ]    Critical: Relocation Stall                              0.000 / 0.000         0.000 / 0.000         0.000 / 0.000         0.000 / 0.000       ms
[610.163s][info][gc,stats    ]      Memory: Allocation Rate                                  23 / 26               24 / 128              25 / 148              25 / 148         MB/s
[610.163s][info][gc,stats    ]      Memory: Out Of Memory                                     0 / 0                 0 / 0                 0 / 0                 0 / 0           ops/s
[610.163s][info][gc,stats    ]      Memory: Page Cache Flush                                  0 / 0                 0 / 0                 0 / 0                 0 / 0           MB/s
[610.163s][info][gc,stats    ]      Memory: Page Cache Hit L1                                11 / 13               11 / 36               11 / 78               11 / 78          ops/s
[610.163s][info][gc,stats    ]      Memory: Page Cache Hit L2                                 0 / 0                 0 / 0                 0 / 0                 0 / 0           ops/s
[610.163s][info][gc,stats    ]      Memory: Page Cache Hit L3                                 0 / 0                 0 / 16                0 / 48                0 / 48          ops/s
[610.163s][info][gc,stats    ]      Memory: Page Cache Miss                                   0 / 0                 0 / 0                 0 / 1                 0 / 1           ops/s
[610.164s][info][gc,stats    ]      Memory: Uncommit                                          0 / 0                 0 / 0                 0 / 0                 0 / 0           MB/s
[610.164s][info][gc,stats    ]      Memory: Undo Object Allocation Failed                     0 / 0                 0 / 1                 0 / 1                 0 / 1           ops/s
[610.164s][info][gc,stats    ]      Memory: Undo Object Allocation Succeeded                  0 / 0                 0 / 22                0 / 22                0 / 22          ops/s
[610.164s][info][gc,stats    ]      Memory: Undo Page Allocation                              0 / 0                 0 / 2                 0 / 2                 0 / 2           ops/s
[610.164s][info][gc,stats    ]       Phase: Concurrent Mark                               0.000 / 0.000        17.783 / 33.579       18.533 / 38.897       18.533 / 38.897      ms
[610.164s][info][gc,stats    ]       Phase: Concurrent Mark Continue                      0.000 / 0.000         0.000 / 0.000         0.000 / 0.000         0.000 / 0.000       ms
[610.164s][info][gc,stats    ]       Phase: Concurrent Mark Free                          0.000 / 0.000         0.001 / 0.003         0.001 / 0.003         0.001 / 0.003       ms
[610.164s][info][gc,stats    ]       Phase: Concurrent Process Non-Strong References      0.000 / 0.000         9.363 / 17.263        9.075 / 17.263        9.075 / 17.263      ms
[610.164s][info][gc,stats    ]       Phase: Concurrent Relocate                           0.000 / 0.000         0.944 / 3.034         1.145 / 6.891         1.145 / 6.891       ms
[610.164s][info][gc,stats    ]       Phase: Concurrent Reset Relocation Set               0.000 / 0.000         0.005 / 0.010         0.005 / 0.011         0.005 / 0.011       ms
[610.164s][info][gc,stats    ]       Phase: Concurrent Select Relocation Set              0.000 / 0.000         1.594 / 3.268         1.660 / 3.477         1.660 / 3.477       ms
[610.164s][info][gc,stats    ]       Phase: Pause Mark End                                0.000 / 0.000         0.024 / 0.037         0.025 / 0.065         0.025 / 0.065       ms
[610.164s][info][gc,stats    ]       Phase: Pause Mark Start                              0.000 / 0.000         0.012 / 0.027         0.012 / 0.027         0.012 / 0.027       ms
[610.164s][info][gc,stats    ]       Phase: Pause Relocate Start                          0.000 / 0.000         0.009 / 0.012         0.009 / 0.019         0.009 / 0.019       ms
[610.164s][info][gc,stats    ]    Subphase: Concurrent Classes Purge                      0.000 / 0.000         0.387 / 2.002         0.375 / 2.002         0.375 / 2.002       ms
[610.164s][info][gc,stats    ]    Subphase: Concurrent Classes Unlink                     0.000 / 0.000         8.077 / 14.151        7.794 / 14.151        7.794 / 14.151      ms
[610.164s][info][gc,stats    ]    Subphase: Concurrent Mark                               0.000 / 0.000        14.632 / 32.645       15.061 / 33.017       15.061 / 33.017      ms
[610.164s][info][gc,stats    ]    Subphase: Concurrent Mark Try Flush                     0.000 / 0.000         0.124 / 0.269         0.121 / 0.269         0.121 / 0.269       ms
[610.164s][info][gc,stats    ]    Subphase: Concurrent Mark Try Terminate                 0.000 / 0.000         1.832 / 16.074        1.920 / 16.074        1.920 / 16.074      ms
[610.164s][info][gc,stats    ]    Subphase: Concurrent References Enqueue                 0.000 / 0.000         0.002 / 0.010         0.002 / 0.010         0.002 / 0.010       ms
[610.164s][info][gc,stats    ]    Subphase: Concurrent References Process                 0.000 / 0.000         0.170 / 0.513         0.172 / 0.513         0.172 / 0.513       ms
[610.164s][info][gc,stats    ]    Subphase: Concurrent Roots ClassLoaderDataGraph         0.000 / 0.000         0.157 / 0.547         0.156 / 0.547         0.156 / 0.547       ms
[610.164s][info][gc,stats    ]    Subphase: Concurrent Roots CodeCache                    0.000 / 0.000         0.000 / 0.000         0.000 / 0.000         0.000 / 0.000       ms
[610.164s][info][gc,stats    ]    Subphase: Concurrent Roots JavaThreads                  0.000 / 0.000         0.384 / 0.961         0.559 / 5.702         0.559 / 5.702       ms
[610.164s][info][gc,stats    ]    Subphase: Concurrent Roots OopStorageSet                0.000 / 0.000         0.027 / 0.056         0.028 / 0.085         0.028 / 0.085       ms
[610.164s][info][gc,stats    ]    Subphase: Concurrent Weak Roots OopStorageSet           0.000 / 0.000         0.519 / 0.778         0.526 / 0.939         0.526 / 0.939       ms
[610.164s][info][gc,stats    ]    Subphase: Pause Mark Try Complete                       0.000 / 0.000         0.000 / 0.000         0.000 / 0.000         0.000 / 0.000       ms
[610.164s][info][gc,stats    ]      System: Java Threads                                      0 / 0                32 / 33               32 / 34               32 / 34          threads
[610.164s][info][gc,stats    ] =========================================================================================================================================================
[616.252s][info][gc,start    ] GC(36) Garbage Collection (Proactive)
[616.252s][info][gc,task     ] GC(36) Using 2 workers
[616.252s][info][gc,phases   ] GC(36) Pause Mark Start 0.014ms
[616.272s][info][gc,phases   ] GC(36) Concurrent Mark 19.824ms
[616.272s][info][gc,phases   ] GC(36) Pause Mark End 0.021ms
[616.272s][info][gc,phases   ] GC(36) Concurrent Mark Free 0.001ms
[616.280s][info][gc,phases   ] GC(36) Concurrent Process Non-Strong References 7.942ms
[616.280s][info][gc,phases   ] GC(36) Concurrent Reset Relocation Set 0.004ms
[616.282s][info][gc,phases   ] GC(36) Concurrent Select Relocation Set 1.476ms
[616.282s][info][gc,phases   ] GC(36) Pause Relocate Start 0.011ms
[616.283s][info][gc,phases   ] GC(36) Concurrent Relocate 0.567ms
[616.283s][info][gc,load     ] GC(36) Load: 0.00/0.00/0.00
[616.283s][info][gc,mmu      ] GC(36) MMU: 2ms/96.8%, 5ms/98.7%, 10ms/99.2%, 20ms/99.6%, 50ms/99.8%, 100ms/99.9%
[616.283s][info][gc,marking  ] GC(36) Mark: 2 stripe(s), 2 proactive flush(es), 1 terminate flush(es), 0 completion(s), 0 continuation(s) 
[616.283s][info][gc,marking  ] GC(36) Mark Stack Usage: 32M
[616.283s][info][gc,nmethod  ] GC(36) NMethods: 8290 registered, 2703 unregistered
[616.283s][info][gc,metaspace] GC(36) Metaspace: 32M used, 33M committed, 1088M reserved
[616.283s][info][gc,ref      ] GC(36) Soft: 4111 encountered, 0 discovered, 0 enqueued
[616.283s][info][gc,ref      ] GC(36) Weak: 2155 encountered, 359 discovered, 0 enqueued
[616.283s][info][gc,ref      ] GC(36) Final: 3 encountered, 0 discovered, 0 enqueued
[616.283s][info][gc,ref      ] GC(36) Phantom: 279 encountered, 221 discovered, 0 enqueued
[616.283s][info][gc,reloc    ] GC(36) Small Pages: 223 / 446M, Empty: 334M, Relocated: 0M, In-Place: 0
[616.283s][info][gc,reloc    ] GC(36) Medium Pages: 1 / 32M, Empty: 0M, Relocated: 0M, In-Place: 0
[616.283s][info][gc,reloc    ] GC(36) Large Pages: 0 / 0M, Empty: 0M, Relocated: 0M, In-Place: 0
[616.283s][info][gc,reloc    ] GC(36) Forwarding Usage: 0M
[616.283s][info][gc,heap     ] GC(36) Min Capacity: 4096M(100%)
[616.283s][info][gc,heap     ] GC(36) Max Capacity: 4096M(100%)
[616.283s][info][gc,heap     ] GC(36) Soft Max Capacity: 4096M(100%)
[616.283s][info][gc,heap     ] GC(36)                Mark Start          Mark End        Relocate Start      Relocate End           High               Low         
[616.283s][info][gc,heap     ] GC(36)  Capacity:     4096M (100%)       4096M (100%)       4096M (100%)       4096M (100%)       4096M (100%)       4096M (100%)   
[616.283s][info][gc,heap     ] GC(36)      Free:     3618M (88%)        3606M (88%)        3940M (96%)        4030M (98%)        4030M (98%)        3606M (88%)    
[616.283s][info][gc,heap     ] GC(36)      Used:      478M (12%)         490M (12%)         156M (4%)           66M (2%)          490M (12%)          66M (2%)     
[616.283s][info][gc,heap     ] GC(36)      Live:         -                17M (0%)           17M (0%)           17M (0%)             -                  -          
[616.283s][info][gc,heap     ] GC(36) Allocated:         -                12M (0%)           12M (0%)           12M (0%)             -                  -          
[616.283s][info][gc,heap     ] GC(36)   Garbage:         -               460M (11%)         126M (3%)           36M (1%)             -                  -          
[616.283s][info][gc,heap     ] GC(36) Reclaimed:         -                  -               334M (8%)          424M (10%)            -                  -          
[616.283s][info][gc          ] GC(36) Garbage Collection (Proactive) 478M(12%)->66M(2%)
[620.156s][info][gc,stats    ] === Garbage Collection Statistics =======================================================================================================================
[620.156s][info][gc,stats    ]                                                              Last 10s              Last 10m              Last 10h                Total
[620.156s][info][gc,stats    ]                                                              Avg / Max             Avg / Max             Avg / Max             Avg / Max
[620.156s][info][gc,stats    ]   Collector: Garbage Collection Cycle                     31.056 / 31.056       30.540 / 46.419       31.899 / 54.411       31.899 / 54.411      ms
[620.156s][info][gc,stats    ]  Contention: Mark Segment Reset Contention                     0 / 0                 0 / 3                 0 / 3                 0 / 3           ops/s
[620.156s][info][gc,stats    ]  Contention: Mark SeqNum Reset Contention                      0 / 0                 0 / 2                 0 / 2                 0 / 2           ops/s
[620.156s][info][gc,stats    ]    Critical: Allocation Stall                                  0 / 0                 0 / 0                 0 / 0                 0 / 0           ops/s
[620.156s][info][gc,stats    ]    Critical: Allocation Stall                              0.000 / 0.000         0.000 / 0.000         0.000 / 0.000         0.000 / 0.000       ms
[620.156s][info][gc,stats    ]    Critical: GC Locker Stall                                   0 / 0                 0 / 0                 0 / 0                 0 / 0           ops/s
[620.156s][info][gc,stats    ]    Critical: GC Locker Stall                               0.000 / 0.000         0.000 / 0.000         0.000 / 0.000         0.000 / 0.000       ms
[620.156s][info][gc,stats    ]    Critical: Relocation Stall                                  0 / 0                 0 / 0                 0 / 0                 0 / 0           ops/s
[620.156s][info][gc,stats    ]    Critical: Relocation Stall                              0.000 / 0.000         0.000 / 0.000         0.000 / 0.000         0.000 / 0.000       ms
[620.156s][info][gc,stats    ]      Memory: Allocation Rate                                  24 / 32               24 / 128              25 / 148              25 / 148         MB/s
[620.156s][info][gc,stats    ]      Memory: Out Of Memory                                     0 / 0                 0 / 0                 0 / 0                 0 / 0           ops/s
[620.156s][info][gc,stats    ]      Memory: Page Cache Flush                                  0 / 0                 0 / 0                 0 / 0                 0 / 0           MB/s
[620.156s][info][gc,stats    ]      Memory: Page Cache Hit L1                                12 / 18               11 / 36               11 / 78               11 / 78          ops/s
[620.156s][info][gc,stats    ]      Memory: Page Cache Hit L2                                 0 / 0                 0 / 0                 0 / 0                 0 / 0           ops/s
[620.156s][info][gc,stats    ]      Memory: Page Cache Hit L3                                 0 / 0                 0 / 16                0 / 48                0 / 48          ops/s
[620.156s][info][gc,stats    ]      Memory: Page Cache Miss                                   0 / 0                 0 / 0                 0 / 1                 0 / 1           ops/s
[620.156s][info][gc,stats    ]      Memory: Uncommit                                          0 / 0                 0 / 0                 0 / 0                 0 / 0           MB/s
[620.156s][info][gc,stats    ]      Memory: Undo Object Allocation Failed                     0 / 0                 0 / 0                 0 / 1                 0 / 1           ops/s
[620.156s][info][gc,stats    ]      Memory: Undo Object Allocation Succeeded                  0 / 0                 0 / 0                 0 / 22                0 / 22          ops/s
[620.156s][info][gc,stats    ]      Memory: Undo Page Allocation                              0 / 0                 0 / 2                 0 / 2                 0 / 2           ops/s
[620.156s][info][gc,stats    ]       Phase: Concurrent Mark                              19.824 / 19.824       17.378 / 26.064       18.568 / 38.897       18.568 / 38.897      ms
[620.156s][info][gc,stats    ]       Phase: Concurrent Mark Continue                      0.000 / 0.000         0.000 / 0.000         0.000 / 0.000         0.000 / 0.000       ms
[620.156s][info][gc,stats    ]       Phase: Concurrent Mark Free                          0.001 / 0.001         0.001 / 0.003         0.001 / 0.003         0.001 / 0.003       ms
[620.156s][info][gc,stats    ]       Phase: Concurrent Process Non-Strong References      7.942 / 7.942         9.159 / 17.263        9.044 / 17.263        9.044 / 17.263      ms
[620.156s][info][gc,stats    ]       Phase: Concurrent Relocate                           0.567 / 0.567         0.871 / 1.968         1.129 / 6.891         1.129 / 6.891       ms
[620.156s][info][gc,stats    ]       Phase: Concurrent Reset Relocation Set               0.004 / 0.004         0.005 / 0.010         0.005 / 0.011         0.005 / 0.011       ms
[620.156s][info][gc,stats    ]       Phase: Concurrent Select Relocation Set              1.476 / 1.476         1.598 / 3.268         1.655 / 3.477         1.655 / 3.477       ms
[620.156s][info][gc,stats    ]       Phase: Pause Mark End                                0.021 / 0.021         0.024 / 0.037         0.025 / 0.065         0.025 / 0.065       ms
[620.156s][info][gc,stats    ]       Phase: Pause Mark Start                              0.014 / 0.014         0.012 / 0.027         0.012 / 0.027         0.012 / 0.027       ms
[620.156s][info][gc,stats    ]       Phase: Pause Relocate Start                          0.011 / 0.011         0.009 / 0.012         0.009 / 0.019         0.009 / 0.019       ms
[620.156s][info][gc,stats    ]    Subphase: Concurrent Classes Purge                      0.330 / 0.330         0.388 / 2.002         0.373 / 2.002         0.373 / 2.002       ms
[620.156s][info][gc,stats    ]    Subphase: Concurrent Classes Unlink                     6.913 / 6.913         7.897 / 14.151        7.771 / 14.151        7.771 / 14.151      ms
[620.156s][info][gc,stats    ]    Subphase: Concurrent Mark                              15.250 / 19.084       14.302 / 25.274       15.066 / 33.017       15.066 / 33.017      ms
[620.156s][info][gc,stats    ]    Subphase: Concurrent Mark Try Flush                     0.148 / 0.241         0.126 / 0.269         0.122 / 0.269         0.122 / 0.269       ms
[620.156s][info][gc,stats    ]    Subphase: Concurrent Mark Try Terminate                 2.770 / 8.243         1.779 / 16.074        1.943 / 16.074        1.943 / 16.074      ms
[620.157s][info][gc,stats    ]    Subphase: Concurrent References Enqueue                 0.001 / 0.001         0.002 / 0.010         0.002 / 0.010         0.002 / 0.010       ms
[620.157s][info][gc,stats    ]    Subphase: Concurrent References Process                 0.092 / 0.092         0.157 / 0.212         0.170 / 0.513         0.170 / 0.513       ms
[620.157s][info][gc,stats    ]    Subphase: Concurrent Roots ClassLoaderDataGraph         0.133 / 0.211         0.156 / 0.547         0.156 / 0.547         0.156 / 0.547       ms
[620.157s][info][gc,stats    ]    Subphase: Concurrent Roots CodeCache                    0.000 / 0.000         0.000 / 0.000         0.000 / 0.000         0.000 / 0.000       ms
[620.157s][info][gc,stats    ]    Subphase: Concurrent Roots JavaThreads                  0.364 / 0.445         0.379 / 0.961         0.553 / 5.702         0.553 / 5.702       ms
[620.157s][info][gc,stats    ]    Subphase: Concurrent Roots OopStorageSet                0.022 / 0.029         0.027 / 0.056         0.028 / 0.085         0.028 / 0.085       ms
[620.157s][info][gc,stats    ]    Subphase: Concurrent Weak Roots OopStorageSet           0.395 / 0.400         0.508 / 0.760         0.522 / 0.939         0.522 / 0.939       ms
[620.157s][info][gc,stats    ]    Subphase: Pause Mark Try Complete                       0.000 / 0.000         0.000 / 0.000         0.000 / 0.000         0.000 / 0.000       ms
[620.157s][info][gc,stats    ]      System: Java Threads                                     33 / 33               32 / 33               32 / 34               32 / 34          threads
[620.157s][info][gc,stats    ] =========================================================================================================================================================
[630.163s][info][gc,stats    ] === Garbage Collection Statistics =======================================================================================================================
[630.163s][info][gc,stats    ]                                                              Last 10s              Last 10m              Last 10h                Total
[630.163s][info][gc,stats    ]                                                              Avg / Max             Avg / Max             Avg / Max             Avg / Max
[630.163s][info][gc,stats    ]   Collector: Garbage Collection Cycle                      0.000 / 0.000        30.540 / 46.419       31.899 / 54.411       31.899 / 54.411      ms
[630.163s][info][gc,stats    ]  Contention: Mark Segment Reset Contention                     0 / 0                 0 / 3                 0 / 3                 0 / 3           ops/s
[630.163s][info][gc,stats    ]  Contention: Mark SeqNum Reset Contention                      0 / 0                 0 / 2                 0 / 2                 0 / 2           ops/s
[630.163s][info][gc,stats    ]    Critical: Allocation Stall                                  0 / 0                 0 / 0                 0 / 0                 0 / 0           ops/s
[630.163s][info][gc,stats    ]    Critical: Allocation Stall                              0.000 / 0.000         0.000 / 0.000         0.000 / 0.000         0.000 / 0.000       ms
[630.163s][info][gc,stats    ]    Critical: GC Locker Stall                                   0 / 0                 0 / 0                 0 / 0                 0 / 0           ops/s
[630.163s][info][gc,stats    ]    Critical: GC Locker Stall                               0.000 / 0.000         0.000 / 0.000         0.000 / 0.000         0.000 / 0.000       ms
[630.163s][info][gc,stats    ]    Critical: Relocation Stall                                  0 / 0                 0 / 0                 0 / 0                 0 / 0           ops/s
[630.163s][info][gc,stats    ]    Critical: Relocation Stall                              0.000 / 0.000         0.000 / 0.000         0.000 / 0.000         0.000 / 0.000       ms
[630.163s][info][gc,stats    ]      Memory: Allocation Rate                                  24 / 26               24 / 128              25 / 148              25 / 148         MB/s
[630.163s][info][gc,stats    ]      Memory: Out Of Memory                                     0 / 0                 0 / 0                 0 / 0                 0 / 0           ops/s
[630.163s][info][gc,stats    ]      Memory: Page Cache Flush                                  0 / 0                 0 / 0                 0 / 0                 0 / 0           MB/s
[630.163s][info][gc,stats    ]      Memory: Page Cache Hit L1                                12 / 13               11 / 36               11 / 78               11 / 78          ops/s
[630.163s][info][gc,stats    ]      Memory: Page Cache Hit L2                                 0 / 0                 0 / 0                 0 / 0                 0 / 0           ops/s
[630.163s][info][gc,stats    ]      Memory: Page Cache Hit L3                                 0 / 0                 0 / 16                0 / 48                0 / 48          ops/s
[630.163s][info][gc,stats    ]      Memory: Page Cache Miss                                   0 / 0                 0 / 0                 0 / 1                 0 / 1           ops/s
[630.163s][info][gc,stats    ]      Memory: Uncommit                                          0 / 0                 0 / 0                 0 / 0                 0 / 0           MB/s
[630.163s][info][gc,stats    ]      Memory: Undo Object Allocation Failed                     0 / 0                 0 / 0                 0 / 1                 0 / 1           ops/s
[630.163s][info][gc,stats    ]      Memory: Undo Object Allocation Succeeded                  0 / 0                 0 / 0                 0 / 22                0 / 22          ops/s
[630.163s][info][gc,stats    ]      Memory: Undo Page Allocation                              0 / 0                 0 / 2                 0 / 2                 0 / 2           ops/s
[630.163s][info][gc,stats    ]       Phase: Concurrent Mark                               0.000 / 0.000        17.378 / 26.064       18.568 / 38.897       18.568 / 38.897      ms
[630.163s][info][gc,stats    ]       Phase: Concurrent Mark Continue                      0.000 / 0.000         0.000 / 0.000         0.000 / 0.000         0.000 / 0.000       ms
[630.163s][info][gc,stats    ]       Phase: Concurrent Mark Free                          0.000 / 0.000         0.001 / 0.003         0.001 / 0.003         0.001 / 0.003       ms
[630.163s][info][gc,stats    ]       Phase: Concurrent Process Non-Strong References      0.000 / 0.000         9.159 / 17.263        9.044 / 17.263        9.044 / 17.263      ms
[630.163s][info][gc,stats    ]       Phase: Concurrent Relocate                           0.000 / 0.000         0.871 / 1.968         1.129 / 6.891         1.129 / 6.891       ms
[630.164s][info][gc,stats    ]       Phase: Concurrent Reset Relocation Set               0.000 / 0.000         0.005 / 0.010         0.005 / 0.011         0.005 / 0.011       ms
[630.164s][info][gc,stats    ]       Phase: Concurrent Select Relocation Set              0.000 / 0.000         1.598 / 3.268         1.655 / 3.477         1.655 / 3.477       ms
[630.164s][info][gc,stats    ]       Phase: Pause Mark End                                0.000 / 0.000         0.024 / 0.037         0.025 / 0.065         0.025 / 0.065       ms
[630.164s][info][gc,stats    ]       Phase: Pause Mark Start                              0.000 / 0.000         0.012 / 0.027         0.012 / 0.027         0.012 / 0.027       ms
[630.164s][info][gc,stats    ]       Phase: Pause Relocate Start                          0.000 / 0.000         0.009 / 0.012         0.009 / 0.019         0.009 / 0.019       ms
[630.164s][info][gc,stats    ]    Subphase: Concurrent Classes Purge                      0.000 / 0.000         0.388 / 2.002         0.373 / 2.002         0.373 / 2.002       ms
[630.164s][info][gc,stats    ]    Subphase: Concurrent Classes Unlink                     0.000 / 0.000         7.897 / 14.151        7.771 / 14.151        7.771 / 14.151      ms
[630.164s][info][gc,stats    ]    Subphase: Concurrent Mark                               0.000 / 0.000        14.302 / 25.274       15.066 / 33.017       15.066 / 33.017      ms
[630.164s][info][gc,stats    ]    Subphase: Concurrent Mark Try Flush                     0.000 / 0.000         0.126 / 0.269         0.122 / 0.269         0.122 / 0.269       ms
[630.164s][info][gc,stats    ]    Subphase: Concurrent Mark Try Terminate                 0.000 / 0.000         1.779 / 16.074        1.943 / 16.074        1.943 / 16.074      ms
[630.164s][info][gc,stats    ]    Subphase: Concurrent References Enqueue                 0.000 / 0.000         0.002 / 0.010         0.002 / 0.010         0.002 / 0.010       ms
[630.164s][info][gc,stats    ]    Subphase: Concurrent References Process                 0.000 / 0.000         0.157 / 0.212         0.170 / 0.513         0.170 / 0.513       ms
[630.164s][info][gc,stats    ]    Subphase: Concurrent Roots ClassLoaderDataGraph         0.000 / 0.000         0.156 / 0.547         0.156 / 0.547         0.156 / 0.547       ms
[630.164s][info][gc,stats    ]    Subphase: Concurrent Roots CodeCache                    0.000 / 0.000         0.000 / 0.000         0.000 / 0.000         0.000 / 0.000       ms
[630.164s][info][gc,stats    ]    Subphase: Concurrent Roots JavaThreads                  0.000 / 0.000         0.379 / 0.961         0.553 / 5.702         0.553 / 5.702       ms
[630.164s][info][gc,stats    ]    Subphase: Concurrent Roots OopStorageSet                0.000 / 0.000         0.027 / 0.056         0.028 / 0.085         0.028 / 0.085       ms
[630.164s][info][gc,stats    ]    Subphase: Concurrent Weak Roots OopStorageSet           0.000 / 0.000         0.508 / 0.760         0.522 / 0.939         0.522 / 0.939       ms
[630.164s][info][gc,stats    ]    Subphase: Pause Mark Try Complete                       0.000 / 0.000         0.000 / 0.000         0.000 / 0.000         0.000 / 0.000       ms
[630.164s][info][gc,stats    ]      System: Java Threads                                      0 / 0                32 / 33               32 / 34               32 / 34          threads
[630.164s][info][gc,stats    ] =========================================================================================================================================================
[633.651s][info][gc,start    ] GC(37) Garbage Collection (Proactive)
[633.651s][info][gc,task     ] GC(37) Using 2 workers
[633.651s][info][gc,phases   ] GC(37) Pause Mark Start 0.017ms
[633.669s][info][gc,phases   ] GC(37) Concurrent Mark 16.829ms
[633.669s][info][gc,phases   ] GC(37) Pause Mark End 0.017ms
[633.669s][info][gc,phases   ] GC(37) Concurrent Mark Free 0.001ms
[633.677s][info][gc,phases   ] GC(37) Concurrent Process Non-Strong References 8.209ms
[633.678s][info][gc,phases   ] GC(37) Concurrent Reset Relocation Set 0.003ms
[633.679s][info][gc,phases   ] GC(37) Concurrent Select Relocation Set 1.170ms
[633.679s][info][gc,phases   ] GC(37) Pause Relocate Start 0.006ms
[633.679s][info][gc,phases   ] GC(37) Concurrent Relocate 0.590ms
[633.679s][info][gc,load     ] GC(37) Load: 0.00/0.00/0.00
[633.680s][info][gc,mmu      ] GC(37) MMU: 2ms/96.8%, 5ms/98.7%, 10ms/99.2%, 20ms/99.6%, 50ms/99.8%, 100ms/99.9%
[633.680s][info][gc,marking  ] GC(37) Mark: 2 stripe(s), 2 proactive flush(es), 1 terminate flush(es), 0 completion(s), 0 continuation(s) 
[633.680s][info][gc,marking  ] GC(37) Mark Stack Usage: 32M
[633.680s][info][gc,nmethod  ] GC(37) NMethods: 8302 registered, 2703 unregistered
[633.680s][info][gc,metaspace] GC(37) Metaspace: 32M used, 33M committed, 1088M reserved
[633.680s][info][gc,ref      ] GC(37) Soft: 4111 encountered, 0 discovered, 0 enqueued
[633.680s][info][gc,ref      ] GC(37) Weak: 2155 encountered, 305 discovered, 0 enqueued
[633.680s][info][gc,ref      ] GC(37) Final: 3 encountered, 1 discovered, 0 enqueued
[633.680s][info][gc,ref      ] GC(37) Phantom: 279 encountered, 222 discovered, 0 enqueued
[633.680s][info][gc,reloc    ] GC(37) Small Pages: 223 / 446M, Empty: 316M, Relocated: 0M, In-Place: 0
[633.680s][info][gc,reloc    ] GC(37) Medium Pages: 1 / 32M, Empty: 0M, Relocated: 0M, In-Place: 0
[633.680s][info][gc,reloc    ] GC(37) Large Pages: 0 / 0M, Empty: 0M, Relocated: 0M, In-Place: 0
[633.680s][info][gc,reloc    ] GC(37) Forwarding Usage: 0M
[633.680s][info][gc,heap     ] GC(37) Min Capacity: 4096M(100%)
[633.680s][info][gc,heap     ] GC(37) Max Capacity: 4096M(100%)
[633.680s][info][gc,heap     ] GC(37) Soft Max Capacity: 4096M(100%)
[633.680s][info][gc,heap     ] GC(37)                Mark Start          Mark End        Relocate Start      Relocate End           High               Low         
[633.680s][info][gc,heap     ] GC(37)  Capacity:     4096M (100%)       4096M (100%)       4096M (100%)       4096M (100%)       4096M (100%)       4096M (100%)   
[633.680s][info][gc,heap     ] GC(37)      Free:     3618M (88%)        3606M (88%)        3922M (96%)        4030M (98%)        4030M (98%)        3606M (88%)    
[633.680s][info][gc,heap     ] GC(37)      Used:      478M (12%)         490M (12%)         174M (4%)           66M (2%)          490M (12%)          66M (2%)     
[633.680s][info][gc,heap     ] GC(37)      Live:         -                17M (0%)           17M (0%)           17M (0%)             -                  -          
[633.680s][info][gc,heap     ] GC(37) Allocated:         -                12M (0%)           12M (0%)           12M (0%)             -                  -          
[633.680s][info][gc,heap     ] GC(37)   Garbage:         -               460M (11%)         144M (4%)           36M (1%)             -                  -          
[633.680s][info][gc,heap     ] GC(37) Reclaimed:         -                  -               316M (8%)          424M (10%)            -                  -          
[633.680s][info][gc          ] GC(37) Garbage Collection (Proactive) 478M(12%)->66M(2%)
[640.151s][info][gc,stats    ] === Garbage Collection Statistics =======================================================================================================================
[640.151s][info][gc,stats    ]                                                              Last 10s              Last 10m              Last 10h                Total
[640.151s][info][gc,stats    ]                                                              Avg / Max             Avg / Max             Avg / Max             Avg / Max
[640.151s][info][gc,stats    ]   Collector: Garbage Collection Cycle                     28.789 / 28.789       30.490 / 46.419       31.817 / 54.411       31.817 / 54.411      ms
[640.151s][info][gc,stats    ]  Contention: Mark Segment Reset Contention                     0 / 0                 0 / 3                 0 / 3                 0 / 3           ops/s
[640.151s][info][gc,stats    ]  Contention: Mark SeqNum Reset Contention                      0 / 1                 0 / 2                 0 / 2                 0 / 2           ops/s
[640.151s][info][gc,stats    ]    Critical: Allocation Stall                                  0 / 0                 0 / 0                 0 / 0                 0 / 0           ops/s
[640.151s][info][gc,stats    ]    Critical: Allocation Stall                              0.000 / 0.000         0.000 / 0.000         0.000 / 0.000         0.000 / 0.000       ms
[640.151s][info][gc,stats    ]    Critical: GC Locker Stall                                   0 / 0                 0 / 0                 0 / 0                 0 / 0           ops/s
[640.151s][info][gc,stats    ]    Critical: GC Locker Stall                               0.000 / 0.000         0.000 / 0.000         0.000 / 0.000         0.000 / 0.000       ms
[640.151s][info][gc,stats    ]    Critical: Relocation Stall                                  0 / 0                 0 / 0                 0 / 0                 0 / 0           ops/s
[640.152s][info][gc,stats    ]    Critical: Relocation Stall                              0.000 / 0.000         0.000 / 0.000         0.000 / 0.000         0.000 / 0.000       ms
[640.152s][info][gc,stats    ]      Memory: Allocation Rate                                  24 / 32               24 / 128              25 / 148              25 / 148         MB/s
[640.152s][info][gc,stats    ]      Memory: Out Of Memory                                     0 / 0                 0 / 0                 0 / 0                 0 / 0           ops/s
[640.152s][info][gc,stats    ]      Memory: Page Cache Flush                                  0 / 0                 0 / 0                 0 / 0                 0 / 0           MB/s
[640.152s][info][gc,stats    ]      Memory: Page Cache Hit L1                                12 / 18               12 / 36               11 / 78               11 / 78          ops/s
[640.152s][info][gc,stats    ]      Memory: Page Cache Hit L2                                 0 / 0                 0 / 0                 0 / 0                 0 / 0           ops/s
[640.152s][info][gc,stats    ]      Memory: Page Cache Hit L3                                 0 / 0                 0 / 16                0 / 48                0 / 48          ops/s
[640.152s][info][gc,stats    ]      Memory: Page Cache Miss                                   0 / 0                 0 / 0                 0 / 1                 0 / 1           ops/s
[640.152s][info][gc,stats    ]      Memory: Uncommit                                          0 / 0                 0 / 0                 0 / 0                 0 / 0           MB/s
[640.152s][info][gc,stats    ]      Memory: Undo Object Allocation Failed                     0 / 0                 0 / 0                 0 / 1                 0 / 1           ops/s
[640.152s][info][gc,stats    ]      Memory: Undo Object Allocation Succeeded                  0 / 0                 0 / 0                 0 / 22                0 / 22          ops/s
[640.152s][info][gc,stats    ]      Memory: Undo Page Allocation                              0 / 0                 0 / 2                 0 / 2                 0 / 2           ops/s
[640.152s][info][gc,stats    ]       Phase: Concurrent Mark                              16.829 / 16.829       17.362 / 26.064       18.522 / 38.897       18.522 / 38.897      ms
[640.152s][info][gc,stats    ]       Phase: Concurrent Mark Continue                      0.000 / 0.000         0.000 / 0.000         0.000 / 0.000         0.000 / 0.000       ms
[640.152s][info][gc,stats    ]       Phase: Concurrent Mark Free                          0.001 / 0.001         0.001 / 0.003         0.001 / 0.003         0.001 / 0.003       ms
[640.152s][info][gc,stats    ]       Phase: Concurrent Process Non-Strong References      8.209 / 8.209         9.132 / 17.263        9.022 / 17.263        9.022 / 17.263      ms
[640.152s][info][gc,stats    ]       Phase: Concurrent Relocate                           0.590 / 0.590         0.864 / 1.968         1.115 / 6.891         1.115 / 6.891       ms
[640.152s][info][gc,stats    ]       Phase: Concurrent Reset Relocation Set               0.003 / 0.003         0.005 / 0.010         0.005 / 0.011         0.005 / 0.011       ms
[640.152s][info][gc,stats    ]       Phase: Concurrent Select Relocation Set              1.170 / 1.170         1.586 / 3.268         1.642 / 3.477         1.642 / 3.477       ms
[640.152s][info][gc,stats    ]       Phase: Pause Mark End                                0.017 / 0.017         0.024 / 0.037         0.024 / 0.065         0.024 / 0.065       ms
[640.152s][info][gc,stats    ]       Phase: Pause Mark Start                              0.017 / 0.017         0.012 / 0.027         0.012 / 0.027         0.012 / 0.027       ms
[640.152s][info][gc,stats    ]       Phase: Pause Relocate Start                          0.006 / 0.006         0.009 / 0.012         0.009 / 0.019         0.009 / 0.019       ms
[640.152s][info][gc,stats    ]    Subphase: Concurrent Classes Purge                      0.235 / 0.235         0.383 / 2.002         0.370 / 2.002         0.370 / 2.002       ms
[640.152s][info][gc,stats    ]    Subphase: Concurrent Classes Unlink                     7.044 / 7.044         7.873 / 14.151        7.751 / 14.151        7.751 / 14.151      ms
[640.152s][info][gc,stats    ]    Subphase: Concurrent Mark                              13.934 / 16.198       14.291 / 25.274       15.036 / 33.017       15.036 / 33.017      ms
[640.152s][info][gc,stats    ]    Subphase: Concurrent Mark Try Flush                     0.170 / 0.286         0.127 / 0.286         0.123 / 0.286         0.123 / 0.286       ms
[640.152s][info][gc,stats    ]    Subphase: Concurrent Mark Try Terminate                 1.620 / 4.771         1.774 / 16.074        1.934 / 16.074        1.934 / 16.074      ms
[640.152s][info][gc,stats    ]    Subphase: Concurrent References Enqueue                 0.000 / 0.000         0.002 / 0.010         0.002 / 0.010         0.002 / 0.010       ms
[640.152s][info][gc,stats    ]    Subphase: Concurrent References Process                 0.173 / 0.173         0.158 / 0.212         0.170 / 0.513         0.170 / 0.513       ms
[640.152s][info][gc,stats    ]    Subphase: Concurrent Roots ClassLoaderDataGraph         0.112 / 0.187         0.155 / 0.547         0.155 / 0.547         0.155 / 0.547       ms
[640.152s][info][gc,stats    ]    Subphase: Concurrent Roots CodeCache                    0.000 / 0.000         0.000 / 0.000         0.000 / 0.000         0.000 / 0.000       ms
[640.152s][info][gc,stats    ]    Subphase: Concurrent Roots JavaThreads                  0.256 / 0.336         0.376 / 0.961         0.545 / 5.702         0.545 / 5.702       ms
[640.152s][info][gc,stats    ]    Subphase: Concurrent Roots OopStorageSet                0.022 / 0.029         0.027 / 0.056         0.028 / 0.085         0.028 / 0.085       ms
[640.152s][info][gc,stats    ]    Subphase: Concurrent Weak Roots OopStorageSet           0.512 / 0.515         0.508 / 0.760         0.522 / 0.939         0.522 / 0.939       ms
[640.152s][info][gc,stats    ]    Subphase: Pause Mark Try Complete                       0.000 / 0.000         0.000 / 0.000         0.000 / 0.000         0.000 / 0.000       ms
[640.152s][info][gc,stats    ]      System: Java Threads                                     33 / 33               32 / 33               32 / 34               32 / 34          threads
[640.152s][info][gc,stats    ] =========================================================================================================================================================
[650.164s][info][gc,stats    ] === Garbage Collection Statistics =======================================================================================================================
[650.164s][info][gc,stats    ]                                                              Last 10s              Last 10m              Last 10h                Total
[650.164s][info][gc,stats    ]                                                              Avg / Max             Avg / Max             Avg / Max             Avg / Max
[650.164s][info][gc,stats    ]   Collector: Garbage Collection Cycle                      0.000 / 0.000        30.417 / 46.419       31.817 / 54.411       31.817 / 54.411      ms
[650.164s][info][gc,stats    ]  Contention: Mark Segment Reset Contention                     0 / 0                 0 / 3                 0 / 3                 0 / 3           ops/s
[650.164s][info][gc,stats    ]  Contention: Mark SeqNum Reset Contention                      0 / 0                 0 / 2                 0 / 2                 0 / 2           ops/s
[650.164s][info][gc,stats    ]    Critical: Allocation Stall                                  0 / 0                 0 / 0                 0 / 0                 0 / 0           ops/s
[650.164s][info][gc,stats    ]    Critical: Allocation Stall                              0.000 / 0.000         0.000 / 0.000         0.000 / 0.000         0.000 / 0.000       ms
[650.164s][info][gc,stats    ]    Critical: GC Locker Stall                                   0 / 0                 0 / 0                 0 / 0                 0 / 0           ops/s
[650.164s][info][gc,stats    ]    Critical: GC Locker Stall                               0.000 / 0.000         0.000 / 0.000         0.000 / 0.000         0.000 / 0.000       ms
[650.164s][info][gc,stats    ]    Critical: Relocation Stall                                  0 / 0                 0 / 0                 0 / 0                 0 / 0           ops/s
[650.164s][info][gc,stats    ]    Critical: Relocation Stall                              0.000 / 0.000         0.000 / 0.000         0.000 / 0.000         0.000 / 0.000       ms
[650.164s][info][gc,stats    ]      Memory: Allocation Rate                                  24 / 30               24 / 128              25 / 148              25 / 148         MB/s
[650.164s][info][gc,stats    ]      Memory: Out Of Memory                                     0 / 0                 0 / 0                 0 / 0                 0 / 0           ops/s
[650.164s][info][gc,stats    ]      Memory: Page Cache Flush                                  0 / 0                 0 / 0                 0 / 0                 0 / 0           MB/s
[650.164s][info][gc,stats    ]      Memory: Page Cache Hit L1                                12 / 15               12 / 36               11 / 78               11 / 78          ops/s
[650.164s][info][gc,stats    ]      Memory: Page Cache Hit L2                                 0 / 0                 0 / 0                 0 / 0                 0 / 0           ops/s
[650.164s][info][gc,stats    ]      Memory: Page Cache Hit L3                                 0 / 0                 0 / 16                0 / 48                0 / 48          ops/s
[650.164s][info][gc,stats    ]      Memory: Page Cache Miss                                   0 / 0                 0 / 0                 0 / 1                 0 / 1           ops/s
[650.164s][info][gc,stats    ]      Memory: Uncommit                                          0 / 0                 0 / 0                 0 / 0                 0 / 0           MB/s
[650.164s][info][gc,stats    ]      Memory: Undo Object Allocation Failed                     0 / 0                 0 / 0                 0 / 1                 0 / 1           ops/s
[650.164s][info][gc,stats    ]      Memory: Undo Object Allocation Succeeded                  0 / 0                 0 / 0                 0 / 22                0 / 22          ops/s
[650.164s][info][gc,stats    ]      Memory: Undo Page Allocation                              0 / 1                 0 / 2                 0 / 2                 0 / 2           ops/s
[650.164s][info][gc,stats    ]       Phase: Concurrent Mark                               0.000 / 0.000        17.275 / 26.064       18.522 / 38.897       18.522 / 38.897      ms
[650.164s][info][gc,stats    ]       Phase: Concurrent Mark Continue                      0.000 / 0.000         0.000 / 0.000         0.000 / 0.000         0.000 / 0.000       ms
[650.164s][info][gc,stats    ]       Phase: Concurrent Mark Free                          0.000 / 0.000         0.001 / 0.003         0.001 / 0.003         0.001 / 0.003       ms
[650.164s][info][gc,stats    ]       Phase: Concurrent Process Non-Strong References      0.000 / 0.000         9.163 / 17.263        9.022 / 17.263        9.022 / 17.263      ms
[650.164s][info][gc,stats    ]       Phase: Concurrent Relocate                           0.000 / 0.000         0.851 / 1.968         1.115 / 6.891         1.115 / 6.891       ms
[650.164s][info][gc,stats    ]       Phase: Concurrent Reset Relocation Set               0.000 / 0.000         0.004 / 0.008         0.005 / 0.011         0.005 / 0.011       ms
[650.164s][info][gc,stats    ]       Phase: Concurrent Select Relocation Set              0.000 / 0.000         1.589 / 3.268         1.642 / 3.477         1.642 / 3.477       ms
[650.164s][info][gc,stats    ]       Phase: Pause Mark End                                0.000 / 0.000         0.024 / 0.037         0.024 / 0.065         0.024 / 0.065       ms
[650.164s][info][gc,stats    ]       Phase: Pause Mark Start                              0.000 / 0.000         0.012 / 0.027         0.012 / 0.027         0.012 / 0.027       ms
[650.164s][info][gc,stats    ]       Phase: Pause Relocate Start                          0.000 / 0.000         0.009 / 0.012         0.009 / 0.019         0.009 / 0.019       ms
[650.164s][info][gc,stats    ]    Subphase: Concurrent Classes Purge                      0.000 / 0.000         0.387 / 2.002         0.370 / 2.002         0.370 / 2.002       ms
[650.164s][info][gc,stats    ]    Subphase: Concurrent Classes Unlink                     0.000 / 0.000         7.895 / 14.151        7.751 / 14.151        7.751 / 14.151      ms
[650.164s][info][gc,stats    ]    Subphase: Concurrent Mark                               0.000 / 0.000        14.220 / 25.274       15.036 / 33.017       15.036 / 33.017      ms
[650.164s][info][gc,stats    ]    Subphase: Concurrent Mark Try Flush                     0.000 / 0.000         0.126 / 0.286         0.123 / 0.286         0.123 / 0.286       ms
[650.164s][info][gc,stats    ]    Subphase: Concurrent Mark Try Terminate                 0.000 / 0.000         1.767 / 16.074        1.934 / 16.074        1.934 / 16.074      ms
[650.164s][info][gc,stats    ]    Subphase: Concurrent References Enqueue                 0.000 / 0.000         0.002 / 0.010         0.002 / 0.010         0.002 / 0.010       ms
[650.164s][info][gc,stats    ]    Subphase: Concurrent References Process                 0.000 / 0.000         0.159 / 0.212         0.170 / 0.513         0.170 / 0.513       ms
[650.164s][info][gc,stats    ]    Subphase: Concurrent Roots ClassLoaderDataGraph         0.000 / 0.000         0.154 / 0.547         0.155 / 0.547         0.155 / 0.547       ms
[650.164s][info][gc,stats    ]    Subphase: Concurrent Roots CodeCache                    0.000 / 0.000         0.000 / 0.000         0.000 / 0.000         0.000 / 0.000       ms
[650.164s][info][gc,stats    ]    Subphase: Concurrent Roots JavaThreads                  0.000 / 0.000         0.372 / 0.961         0.545 / 5.702         0.545 / 5.702       ms
[650.164s][info][gc,stats    ]    Subphase: Concurrent Roots OopStorageSet                0.000 / 0.000         0.027 / 0.056         0.028 / 0.085         0.028 / 0.085       ms
[650.164s][info][gc,stats    ]    Subphase: Concurrent Weak Roots OopStorageSet           0.000 / 0.000         0.511 / 0.760         0.522 / 0.939         0.522 / 0.939       ms
[650.164s][info][gc,stats    ]    Subphase: Pause Mark Try Complete                       0.000 / 0.000         0.000 / 0.000         0.000 / 0.000         0.000 / 0.000       ms
[650.164s][info][gc,stats    ]      System: Java Threads                                      0 / 0                32 / 33               32 / 34               32 / 34          threads
[650.164s][info][gc,stats    ] =========================================================================================================================================================
[650.963s][info][gc,start    ] GC(38) Garbage Collection (Proactive)
[650.964s][info][gc,task     ] GC(38) Using 2 workers
[650.964s][info][gc,phases   ] GC(38) Pause Mark Start 0.015ms
[650.981s][info][gc,phases   ] GC(38) Concurrent Mark 15.969ms
[650.981s][info][gc,phases   ] GC(38) Pause Mark End 0.023ms
[650.981s][info][gc,phases   ] GC(38) Concurrent Mark Free 0.001ms
[650.990s][info][gc,phases   ] GC(38) Concurrent Process Non-Strong References 8.925ms
[650.990s][info][gc,phases   ] GC(38) Concurrent Reset Relocation Set 0.003ms
[650.991s][info][gc,phases   ] GC(38) Concurrent Select Relocation Set 1.233ms
[650.991s][info][gc,phases   ] GC(38) Pause Relocate Start 0.008ms
[650.992s][info][gc,phases   ] GC(38) Concurrent Relocate 0.579ms
[650.992s][info][gc,load     ] GC(38) Load: 0.00/0.00/0.00
[650.992s][info][gc,mmu      ] GC(38) MMU: 2ms/96.8%, 5ms/98.7%, 10ms/99.2%, 20ms/99.6%, 50ms/99.8%, 100ms/99.9%
[650.992s][info][gc,marking  ] GC(38) Mark: 2 stripe(s), 2 proactive flush(es), 1 terminate flush(es), 0 completion(s), 0 continuation(s) 
[650.992s][info][gc,marking  ] GC(38) Mark Stack Usage: 32M
[650.992s][info][gc,nmethod  ] GC(38) NMethods: 8333 registered, 2703 unregistered
[650.992s][info][gc,metaspace] GC(38) Metaspace: 32M used, 33M committed, 1088M reserved
[650.992s][info][gc,ref      ] GC(38) Soft: 4111 encountered, 0 discovered, 0 enqueued
[650.992s][info][gc,ref      ] GC(38) Weak: 2155 encountered, 416 discovered, 0 enqueued
[650.992s][info][gc,ref      ] GC(38) Final: 3 encountered, 0 discovered, 0 enqueued
[650.992s][info][gc,ref      ] GC(38) Phantom: 279 encountered, 145 discovered, 0 enqueued
[650.992s][info][gc,reloc    ] GC(38) Small Pages: 222 / 444M, Empty: 324M, Relocated: 0M, In-Place: 0
[650.992s][info][gc,reloc    ] GC(38) Medium Pages: 1 / 32M, Empty: 0M, Relocated: 0M, In-Place: 0
[650.992s][info][gc,reloc    ] GC(38) Large Pages: 0 / 0M, Empty: 0M, Relocated: 0M, In-Place: 0
[650.992s][info][gc,reloc    ] GC(38) Forwarding Usage: 0M
[650.992s][info][gc,heap     ] GC(38) Min Capacity: 4096M(100%)
[650.992s][info][gc,heap     ] GC(38) Max Capacity: 4096M(100%)
[650.992s][info][gc,heap     ] GC(38) Soft Max Capacity: 4096M(100%)
[650.992s][info][gc,heap     ] GC(38)                Mark Start          Mark End        Relocate Start      Relocate End           High               Low         
[650.992s][info][gc,heap     ] GC(38)  Capacity:     4096M (100%)       4096M (100%)       4096M (100%)       4096M (100%)       4096M (100%)       4096M (100%)   
[650.992s][info][gc,heap     ] GC(38)      Free:     3620M (88%)        3608M (88%)        3932M (96%)        4030M (98%)        4030M (98%)        3608M (88%)    
[650.992s][info][gc,heap     ] GC(38)      Used:      476M (12%)         488M (12%)         164M (4%)           66M (2%)          488M (12%)          66M (2%)     
[650.992s][info][gc,heap     ] GC(38)      Live:         -                17M (0%)           17M (0%)           17M (0%)             -                  -          
[650.992s][info][gc,heap     ] GC(38) Allocated:         -                12M (0%)           12M (0%)           12M (0%)             -                  -          
[650.992s][info][gc,heap     ] GC(38)   Garbage:         -               458M (11%)         134M (3%)           36M (1%)             -                  -          
[650.992s][info][gc,heap     ] GC(38) Reclaimed:         -                  -               324M (8%)          422M (10%)            -                  -          
[650.992s][info][gc          ] GC(38) Garbage Collection (Proactive) 476M(12%)->66M(2%)
[660.156s][info][gc,stats    ] === Garbage Collection Statistics =======================================================================================================================
[660.156s][info][gc,stats    ]                                                              Last 10s              Last 10m              Last 10h                Total
[660.156s][info][gc,stats    ]                                                              Avg / Max             Avg / Max             Avg / Max             Avg / Max
[660.156s][info][gc,stats    ]   Collector: Garbage Collection Cycle                     28.571 / 28.571       30.364 / 46.419       31.734 / 54.411       31.734 / 54.411      ms
[660.156s][info][gc,stats    ]  Contention: Mark Segment Reset Contention                     0 / 0                 0 / 3                 0 / 3                 0 / 3           ops/s
[660.156s][info][gc,stats    ]  Contention: Mark SeqNum Reset Contention                      0 / 1                 0 / 2                 0 / 2                 0 / 2           ops/s
[660.156s][info][gc,stats    ]    Critical: Allocation Stall                                  0 / 0                 0 / 0                 0 / 0                 0 / 0           ops/s
[660.156s][info][gc,stats    ]    Critical: Allocation Stall                              0.000 / 0.000         0.000 / 0.000         0.000 / 0.000         0.000 / 0.000       ms
[660.156s][info][gc,stats    ]    Critical: GC Locker Stall                                   0 / 0                 0 / 0                 0 / 0                 0 / 0           ops/s
[660.156s][info][gc,stats    ]    Critical: GC Locker Stall                               0.000 / 0.000         0.000 / 0.000         0.000 / 0.000         0.000 / 0.000       ms
[660.156s][info][gc,stats    ]    Critical: Relocation Stall                                  0 / 0                 0 / 0                 0 / 0                 0 / 0           ops/s
[660.156s][info][gc,stats    ]    Critical: Relocation Stall                              0.000 / 0.000         0.000 / 0.000         0.000 / 0.000         0.000 / 0.000       ms
[660.157s][info][gc,stats    ]      Memory: Allocation Rate                                  24 / 30               24 / 128              25 / 148              25 / 148         MB/s
[660.157s][info][gc,stats    ]      Memory: Out Of Memory                                     0 / 0                 0 / 0                 0 / 0                 0 / 0           ops/s
[660.157s][info][gc,stats    ]      Memory: Page Cache Flush                                  0 / 0                 0 / 0                 0 / 0                 0 / 0           MB/s
[660.157s][info][gc,stats    ]      Memory: Page Cache Hit L1                                12 / 17               12 / 36               11 / 78               11 / 78          ops/s
[660.157s][info][gc,stats    ]      Memory: Page Cache Hit L2                                 0 / 0                 0 / 0                 0 / 0                 0 / 0           ops/s
[660.157s][info][gc,stats    ]      Memory: Page Cache Hit L3                                 0 / 0                 0 / 16                0 / 48                0 / 48          ops/s
[660.157s][info][gc,stats    ]      Memory: Page Cache Miss                                   0 / 0                 0 / 0                 0 / 1                 0 / 1           ops/s
[660.157s][info][gc,stats    ]      Memory: Uncommit                                          0 / 0                 0 / 0                 0 / 0                 0 / 0           MB/s
[660.157s][info][gc,stats    ]      Memory: Undo Object Allocation Failed                     0 / 0                 0 / 0                 0 / 1                 0 / 1           ops/s
[660.157s][info][gc,stats    ]      Memory: Undo Object Allocation Succeeded                  0 / 0                 0 / 0                 0 / 22                0 / 22          ops/s
[660.157s][info][gc,stats    ]      Memory: Undo Page Allocation                              0 / 0                 0 / 2                 0 / 2                 0 / 2           ops/s
[660.157s][info][gc,stats    ]       Phase: Concurrent Mark                              15.969 / 15.969       17.238 / 26.064       18.457 / 38.897       18.457 / 38.897      ms
[660.157s][info][gc,stats    ]       Phase: Concurrent Mark Continue                      0.000 / 0.000         0.000 / 0.000         0.000 / 0.000         0.000 / 0.000       ms
[660.157s][info][gc,stats    ]       Phase: Concurrent Mark Free                          0.001 / 0.001         0.001 / 0.003         0.001 / 0.003         0.001 / 0.003       ms
[660.157s][info][gc,stats    ]       Phase: Concurrent Process Non-Strong References      8.925 / 8.925         9.156 / 17.263        9.020 / 17.263        9.020 / 17.263      ms
[660.157s][info][gc,stats    ]       Phase: Concurrent Relocate                           0.579 / 0.579         0.843 / 1.968         1.101 / 6.891         1.101 / 6.891       ms
[660.157s][info][gc,stats    ]       Phase: Concurrent Reset Relocation Set               0.003 / 0.003         0.004 / 0.008         0.005 / 0.011         0.005 / 0.011       ms
[660.157s][info][gc,stats    ]       Phase: Concurrent Select Relocation Set              1.233 / 1.233         1.579 / 3.268         1.631 / 3.477         1.631 / 3.477       ms
[660.157s][info][gc,stats    ]       Phase: Pause Mark End                                0.023 / 0.023         0.024 / 0.037         0.024 / 0.065         0.024 / 0.065       ms
[660.157s][info][gc,stats    ]       Phase: Pause Mark Start                              0.015 / 0.015         0.013 / 0.027         0.012 / 0.027         0.012 / 0.027       ms
[660.157s][info][gc,stats    ]       Phase: Pause Relocate Start                          0.008 / 0.008         0.009 / 0.012         0.009 / 0.019         0.009 / 0.019       ms
[660.157s][info][gc,stats    ]    Subphase: Concurrent Classes Purge                      0.297 / 0.297         0.384 / 2.002         0.368 / 2.002         0.368 / 2.002       ms
[660.157s][info][gc,stats    ]    Subphase: Concurrent Classes Unlink                     7.732 / 7.732         7.890 / 14.151        7.751 / 14.151        7.751 / 14.151      ms
[660.157s][info][gc,stats    ]    Subphase: Concurrent Mark                              13.315 / 15.350       14.194 / 25.274       14.992 / 33.017       14.992 / 33.017      ms
[660.157s][info][gc,stats    ]    Subphase: Concurrent Mark Try Flush                     0.140 / 0.234         0.126 / 0.286         0.124 / 0.286         0.124 / 0.286       ms
[660.157s][info][gc,stats    ]    Subphase: Concurrent Mark Try Terminate                 1.551 / 4.585         1.760 / 16.074        1.925 / 16.074        1.925 / 16.074      ms
[660.157s][info][gc,stats    ]    Subphase: Concurrent References Enqueue                 0.000 / 0.000         0.002 / 0.010         0.002 / 0.010         0.002 / 0.010       ms
[660.157s][info][gc,stats    ]    Subphase: Concurrent References Process                 0.176 / 0.176         0.159 / 0.212         0.170 / 0.513         0.170 / 0.513       ms
[660.157s][info][gc,stats    ]    Subphase: Concurrent Roots ClassLoaderDataGraph         0.120 / 0.197         0.153 / 0.547         0.154 / 0.547         0.154 / 0.547       ms
[660.157s][info][gc,stats    ]    Subphase: Concurrent Roots CodeCache                    0.000 / 0.000         0.000 / 0.000         0.000 / 0.000         0.000 / 0.000       ms
[660.157s][info][gc,stats    ]    Subphase: Concurrent Roots JavaThreads                  0.249 / 0.334         0.369 / 0.961         0.538 / 5.702         0.538 / 5.702       ms
[660.157s][info][gc,stats    ]    Subphase: Concurrent Roots OopStorageSet                0.025 / 0.032         0.027 / 0.056         0.028 / 0.085         0.028 / 0.085       ms
[660.157s][info][gc,stats    ]    Subphase: Concurrent Weak Roots OopStorageSet           0.512 / 0.513         0.511 / 0.760         0.522 / 0.939         0.522 / 0.939       ms
[660.157s][info][gc,stats    ]    Subphase: Pause Mark Try Complete                       0.000 / 0.000         0.000 / 0.000         0.000 / 0.000         0.000 / 0.000       ms
[660.157s][info][gc,stats    ]      System: Java Threads                                     33 / 33               32 / 33               32 / 34               32 / 34          threads
[660.157s][info][gc,stats    ] =========================================================================================================================================================
[668.355s][info][gc,start    ] GC(39) Garbage Collection (Proactive)
[668.355s][info][gc,task     ] GC(39) Using 2 workers
[668.355s][info][gc,phases   ] GC(39) Pause Mark Start 0.009ms
[668.370s][info][gc,phases   ] GC(39) Concurrent Mark 14.625ms
[668.370s][info][gc,phases   ] GC(39) Pause Mark End 0.021ms
[668.370s][info][gc,phases   ] GC(39) Concurrent Mark Free 0.002ms
[668.378s][info][gc,phases   ] GC(39) Concurrent Process Non-Strong References 8.411ms
[668.378s][info][gc,phases   ] GC(39) Concurrent Reset Relocation Set 0.004ms
[668.380s][info][gc,phases   ] GC(39) Concurrent Select Relocation Set 1.393ms
[668.380s][info][gc,phases   ] GC(39) Pause Relocate Start 0.008ms
[668.381s][info][gc,phases   ] GC(39) Concurrent Relocate 0.994ms
[668.381s][info][gc,load     ] GC(39) Load: 0.00/0.00/0.00
[668.381s][info][gc,mmu      ] GC(39) MMU: 2ms/96.8%, 5ms/98.7%, 10ms/99.2%, 20ms/99.6%, 50ms/99.8%, 100ms/99.9%
[668.381s][info][gc,marking  ] GC(39) Mark: 2 stripe(s), 2 proactive flush(es), 1 terminate flush(es), 0 completion(s), 0 continuation(s) 
[668.381s][info][gc,marking  ] GC(39) Mark Stack Usage: 32M
[668.381s][info][gc,nmethod  ] GC(39) NMethods: 8408 registered, 2704 unregistered
[668.381s][info][gc,metaspace] GC(39) Metaspace: 32M used, 33M committed, 1088M reserved
[668.381s][info][gc,ref      ] GC(39) Soft: 4111 encountered, 0 discovered, 0 enqueued
[668.381s][info][gc,ref      ] GC(39) Weak: 2155 encountered, 351 discovered, 0 enqueued
[668.381s][info][gc,ref      ] GC(39) Final: 3 encountered, 0 discovered, 0 enqueued
[668.381s][info][gc,ref      ] GC(39) Phantom: 281 encountered, 158 discovered, 0 enqueued
[668.381s][info][gc,reloc    ] GC(39) Small Pages: 222 / 444M, Empty: 308M, Relocated: 0M, In-Place: 0
[668.381s][info][gc,reloc    ] GC(39) Medium Pages: 1 / 32M, Empty: 0M, Relocated: 0M, In-Place: 0
[668.381s][info][gc,reloc    ] GC(39) Large Pages: 0 / 0M, Empty: 0M, Relocated: 0M, In-Place: 0
[668.381s][info][gc,reloc    ] GC(39) Forwarding Usage: 0M
[668.381s][info][gc,heap     ] GC(39) Min Capacity: 4096M(100%)
[668.381s][info][gc,heap     ] GC(39) Max Capacity: 4096M(100%)
[668.381s][info][gc,heap     ] GC(39) Soft Max Capacity: 4096M(100%)
[668.381s][info][gc,heap     ] GC(39)                Mark Start          Mark End        Relocate Start      Relocate End           High               Low         
[668.381s][info][gc,heap     ] GC(39)  Capacity:     4096M (100%)       4096M (100%)       4096M (100%)       4096M (100%)       4096M (100%)       4096M (100%)   
[668.381s][info][gc,heap     ] GC(39)      Free:     3620M (88%)        3612M (88%)        3918M (96%)        4032M (98%)        4032M (98%)        3610M (88%)    
[668.381s][info][gc,heap     ] GC(39)      Used:      476M (12%)         484M (12%)         178M (4%)           64M (2%)          486M (12%)          64M (2%)     
[668.381s][info][gc,heap     ] GC(39)      Live:         -                17M (0%)           17M (0%)           17M (0%)             -                  -          
[668.381s][info][gc,heap     ] GC(39) Allocated:         -                 8M (0%)           10M (0%)           10M (0%)             -                  -          
[668.381s][info][gc,heap     ] GC(39)   Garbage:         -               458M (11%)         150M (4%)           36M (1%)             -                  -          
[668.381s][info][gc,heap     ] GC(39) Reclaimed:         -                  -               308M (8%)          422M (10%)            -                  -          
[668.381s][info][gc          ] GC(39) Garbage Collection (Proactive) 476M(12%)->64M(2%)
[670.164s][info][gc,stats    ] === Garbage Collection Statistics =======================================================================================================================
[670.164s][info][gc,stats    ]                                                              Last 10s              Last 10m              Last 10h                Total
[670.164s][info][gc,stats    ]                                                              Avg / Max             Avg / Max             Avg / Max             Avg / Max
[670.164s][info][gc,stats    ]   Collector: Garbage Collection Cycle                     26.549 / 26.549       30.258 / 46.419       31.604 / 54.411       31.604 / 54.411      ms
[670.164s][info][gc,stats    ]  Contention: Mark Segment Reset Contention                     0 / 0                 0 / 3                 0 / 3                 0 / 3           ops/s
[670.164s][info][gc,stats    ]  Contention: Mark SeqNum Reset Contention                      0 / 1                 0 / 2                 0 / 2                 0 / 2           ops/s
[670.164s][info][gc,stats    ]    Critical: Allocation Stall                                  0 / 0                 0 / 0                 0 / 0                 0 / 0           ops/s
[670.164s][info][gc,stats    ]    Critical: Allocation Stall                              0.000 / 0.000         0.000 / 0.000         0.000 / 0.000         0.000 / 0.000       ms
[670.164s][info][gc,stats    ]    Critical: GC Locker Stall                                   0 / 0                 0 / 0                 0 / 0                 0 / 0           ops/s
[670.164s][info][gc,stats    ]    Critical: GC Locker Stall                               0.000 / 0.000         0.000 / 0.000         0.000 / 0.000         0.000 / 0.000       ms
[670.164s][info][gc,stats    ]    Critical: Relocation Stall                                  0 / 0                 0 / 0                 0 / 0                 0 / 0           ops/s
[670.164s][info][gc,stats    ]    Critical: Relocation Stall                              0.000 / 0.000         0.000 / 0.000         0.000 / 0.000         0.000 / 0.000       ms
[670.164s][info][gc,stats    ]      Memory: Allocation Rate                                  24 / 34               24 / 128              25 / 148              25 / 148         MB/s
[670.164s][info][gc,stats    ]      Memory: Out Of Memory                                     0 / 0                 0 / 0                 0 / 0                 0 / 0           ops/s
[670.164s][info][gc,stats    ]      Memory: Page Cache Flush                                  0 / 0                 0 / 0                 0 / 0                 0 / 0           MB/s
[670.164s][info][gc,stats    ]      Memory: Page Cache Hit L1                                12 / 19               12 / 36               11 / 78               11 / 78          ops/s
[670.164s][info][gc,stats    ]      Memory: Page Cache Hit L2                                 0 / 0                 0 / 0                 0 / 0                 0 / 0           ops/s
[670.164s][info][gc,stats    ]      Memory: Page Cache Hit L3                                 0 / 0                 0 / 16                0 / 48                0 / 48          ops/s
[670.164s][info][gc,stats    ]      Memory: Page Cache Miss                                   0 / 0                 0 / 0                 0 / 1                 0 / 1           ops/s
[670.164s][info][gc,stats    ]      Memory: Uncommit                                          0 / 0                 0 / 0                 0 / 0                 0 / 0           MB/s
[670.164s][info][gc,stats    ]      Memory: Undo Object Allocation Failed                     0 / 0                 0 / 0                 0 / 1                 0 / 1           ops/s
[670.164s][info][gc,stats    ]      Memory: Undo Object Allocation Succeeded                  0 / 0                 0 / 0                 0 / 22                0 / 22          ops/s
[670.164s][info][gc,stats    ]      Memory: Undo Page Allocation                              0 / 0                 0 / 2                 0 / 2                 0 / 2           ops/s
[670.164s][info][gc,stats    ]       Phase: Concurrent Mark                              14.625 / 14.625       17.165 / 26.064       18.361 / 38.897       18.361 / 38.897      ms
[670.164s][info][gc,stats    ]       Phase: Concurrent Mark Continue                      0.000 / 0.000         0.000 / 0.000         0.000 / 0.000         0.000 / 0.000       ms
[670.164s][info][gc,stats    ]       Phase: Concurrent Mark Free                          0.002 / 0.002         0.001 / 0.003         0.001 / 0.003         0.001 / 0.003       ms
[670.164s][info][gc,stats    ]       Phase: Concurrent Process Non-Strong References      8.411 / 8.411         9.136 / 17.263        9.004 / 17.263        9.004 / 17.263      ms
[670.164s][info][gc,stats    ]       Phase: Concurrent Relocate                           0.994 / 0.994         0.847 / 1.968         1.099 / 6.891         1.099 / 6.891       ms
[670.164s][info][gc,stats    ]       Phase: Concurrent Reset Relocation Set               0.004 / 0.004         0.004 / 0.008         0.005 / 0.011         0.005 / 0.011       ms
[670.164s][info][gc,stats    ]       Phase: Concurrent Select Relocation Set              1.393 / 1.393         1.574 / 3.268         1.625 / 3.477         1.625 / 3.477       ms
[670.164s][info][gc,stats    ]       Phase: Pause Mark End                                0.021 / 0.021         0.024 / 0.037         0.024 / 0.065         0.024 / 0.065       ms
[670.164s][info][gc,stats    ]       Phase: Pause Mark Start                              0.009 / 0.009         0.012 / 0.027         0.012 / 0.027         0.012 / 0.027       ms
[670.164s][info][gc,stats    ]       Phase: Pause Relocate Start                          0.008 / 0.008         0.009 / 0.012         0.009 / 0.019         0.009 / 0.019       ms
[670.164s][info][gc,stats    ]    Subphase: Concurrent Classes Purge                      0.302 / 0.302         0.382 / 2.002         0.366 / 2.002         0.366 / 2.002       ms
[670.164s][info][gc,stats    ]    Subphase: Concurrent Classes Unlink                     7.366 / 7.366         7.875 / 14.151        7.741 / 14.151        7.741 / 14.151      ms
[670.164s][info][gc,stats    ]    Subphase: Concurrent Mark                              13.142 / 13.914       14.164 / 25.274       14.946 / 33.017       14.946 / 33.017      ms
[670.164s][info][gc,stats    ]    Subphase: Concurrent Mark Try Flush                     0.118 / 0.173         0.126 / 0.286         0.123 / 0.286         0.123 / 0.286       ms
[670.164s][info][gc,stats    ]    Subphase: Concurrent Mark Try Terminate                 0.839 / 2.451         1.735 / 16.074        1.897 / 16.074        1.897 / 16.074      ms
[670.164s][info][gc,stats    ]    Subphase: Concurrent References Enqueue                 0.001 / 0.001         0.002 / 0.010         0.002 / 0.010         0.002 / 0.010       ms
[670.164s][info][gc,stats    ]    Subphase: Concurrent References Process                 0.093 / 0.093         0.158 / 0.212         0.168 / 0.513         0.168 / 0.513       ms
[670.164s][info][gc,stats    ]    Subphase: Concurrent Roots ClassLoaderDataGraph         0.177 / 0.301         0.154 / 0.547         0.154 / 0.547         0.154 / 0.547       ms
[670.164s][info][gc,stats    ]    Subphase: Concurrent Roots CodeCache                    0.000 / 0.000         0.000 / 0.000         0.000 / 0.000         0.000 / 0.000       ms
[670.164s][info][gc,stats    ]    Subphase: Concurrent Roots JavaThreads                  0.335 / 0.453         0.368 / 0.961         0.533 / 5.702         0.533 / 5.702       ms
[670.164s][info][gc,stats    ]    Subphase: Concurrent Roots OopStorageSet                0.035 / 0.045         0.027 / 0.056         0.028 / 0.085         0.028 / 0.085       ms
[670.164s][info][gc,stats    ]    Subphase: Concurrent Weak Roots OopStorageSet           0.405 / 0.409         0.508 / 0.760         0.519 / 0.939         0.519 / 0.939       ms
[670.164s][info][gc,stats    ]    Subphase: Pause Mark Try Complete                       0.000 / 0.000         0.000 / 0.000         0.000 / 0.000         0.000 / 0.000       ms
[670.164s][info][gc,stats    ]      System: Java Threads                                     33 / 33               32 / 33               32 / 34               32 / 34          threads
[670.164s][info][gc,stats    ] =========================================================================================================================================================
[680.157s][info][gc,stats    ] === Garbage Collection Statistics =======================================================================================================================
[680.157s][info][gc,stats    ]                                                              Last 10s              Last 10m              Last 10h                Total
[680.157s][info][gc,stats    ]                                                              Avg / Max             Avg / Max             Avg / Max             Avg / Max
[680.157s][info][gc,stats    ]   Collector: Garbage Collection Cycle                      0.000 / 0.000        30.258 / 46.419       31.604 / 54.411       31.604 / 54.411      ms
[680.157s][info][gc,stats    ]  Contention: Mark Segment Reset Contention                     0 / 0                 0 / 3                 0 / 3                 0 / 3           ops/s
[680.157s][info][gc,stats    ]  Contention: Mark SeqNum Reset Contention                      0 / 0                 0 / 2                 0 / 2                 0 / 2           ops/s
[680.157s][info][gc,stats    ]    Critical: Allocation Stall                                  0 / 0                 0 / 0                 0 / 0                 0 / 0           ops/s
[680.157s][info][gc,stats    ]    Critical: Allocation Stall                              0.000 / 0.000         0.000 / 0.000         0.000 / 0.000         0.000 / 0.000       ms
[680.157s][info][gc,stats    ]    Critical: GC Locker Stall                                   0 / 0                 0 / 0                 0 / 0                 0 / 0           ops/s
[680.157s][info][gc,stats    ]    Critical: GC Locker Stall                               0.000 / 0.000         0.000 / 0.000         0.000 / 0.000         0.000 / 0.000       ms
[680.157s][info][gc,stats    ]    Critical: Relocation Stall                                  0 / 0                 0 / 0                 0 / 0                 0 / 0           ops/s
[680.157s][info][gc,stats    ]    Critical: Relocation Stall                              0.000 / 0.000         0.000 / 0.000         0.000 / 0.000         0.000 / 0.000       ms
[680.157s][info][gc,stats    ]      Memory: Allocation Rate                                  24 / 26               24 / 128              25 / 148              25 / 148         MB/s
[680.157s][info][gc,stats    ]      Memory: Out Of Memory                                     0 / 0                 0 / 0                 0 / 0                 0 / 0           ops/s
[680.157s][info][gc,stats    ]      Memory: Page Cache Flush                                  0 / 0                 0 / 0                 0 / 0                 0 / 0           MB/s
[680.157s][info][gc,stats    ]      Memory: Page Cache Hit L1                                12 / 13               12 / 36               11 / 78               11 / 78          ops/s
[680.157s][info][gc,stats    ]      Memory: Page Cache Hit L2                                 0 / 0                 0 / 0                 0 / 0                 0 / 0           ops/s
[680.157s][info][gc,stats    ]      Memory: Page Cache Hit L3                                 0 / 0                 0 / 16                0 / 48                0 / 48          ops/s
[680.157s][info][gc,stats    ]      Memory: Page Cache Miss                                   0 / 0                 0 / 0                 0 / 1                 0 / 1           ops/s
[680.157s][info][gc,stats    ]      Memory: Uncommit                                          0 / 0                 0 / 0                 0 / 0                 0 / 0           MB/s
[680.157s][info][gc,stats    ]      Memory: Undo Object Allocation Failed                     0 / 0                 0 / 0                 0 / 1                 0 / 1           ops/s
[680.157s][info][gc,stats    ]      Memory: Undo Object Allocation Succeeded                  0 / 0                 0 / 0                 0 / 22                0 / 22          ops/s
[680.157s][info][gc,stats    ]      Memory: Undo Page Allocation                              0 / 1                 0 / 2                 0 / 2                 0 / 2           ops/s
[680.157s][info][gc,stats    ]       Phase: Concurrent Mark                               0.000 / 0.000        17.165 / 26.064       18.361 / 38.897       18.361 / 38.897      ms
[680.158s][info][gc,stats    ]       Phase: Concurrent Mark Continue                      0.000 / 0.000         0.000 / 0.000         0.000 / 0.000         0.000 / 0.000       ms
[680.158s][info][gc,stats    ]       Phase: Concurrent Mark Free                          0.000 / 0.000         0.001 / 0.003         0.001 / 0.003         0.001 / 0.003       ms
[680.158s][info][gc,stats    ]       Phase: Concurrent Process Non-Strong References      0.000 / 0.000         9.136 / 17.263        9.004 / 17.263        9.004 / 17.263      ms
[680.158s][info][gc,stats    ]       Phase: Concurrent Relocate                           0.000 / 0.000         0.847 / 1.968         1.099 / 6.891         1.099 / 6.891       ms
[680.158s][info][gc,stats    ]       Phase: Concurrent Reset Relocation Set               0.000 / 0.000         0.004 / 0.008         0.005 / 0.011         0.005 / 0.011       ms
[680.158s][info][gc,stats    ]       Phase: Concurrent Select Relocation Set              0.000 / 0.000         1.574 / 3.268         1.625 / 3.477         1.625 / 3.477       ms
[680.158s][info][gc,stats    ]       Phase: Pause Mark End                                0.000 / 0.000         0.024 / 0.037         0.024 / 0.065         0.024 / 0.065       ms
[680.158s][info][gc,stats    ]       Phase: Pause Mark Start                              0.000 / 0.000         0.012 / 0.027         0.012 / 0.027         0.012 / 0.027       ms
[680.158s][info][gc,stats    ]       Phase: Pause Relocate Start                          0.000 / 0.000         0.009 / 0.012         0.009 / 0.019         0.009 / 0.019       ms
[680.158s][info][gc,stats    ]    Subphase: Concurrent Classes Purge                      0.000 / 0.000         0.382 / 2.002         0.366 / 2.002         0.366 / 2.002       ms
[680.158s][info][gc,stats    ]    Subphase: Concurrent Classes Unlink                     0.000 / 0.000         7.875 / 14.151        7.741 / 14.151        7.741 / 14.151      ms
[680.158s][info][gc,stats    ]    Subphase: Concurrent Mark                               0.000 / 0.000        14.164 / 25.274       14.946 / 33.017       14.946 / 33.017      ms
[680.158s][info][gc,stats    ]    Subphase: Concurrent Mark Try Flush                     0.000 / 0.000         0.126 / 0.286         0.123 / 0.286         0.123 / 0.286       ms
[680.158s][info][gc,stats    ]    Subphase: Concurrent Mark Try Terminate                 0.000 / 0.000         1.735 / 16.074        1.897 / 16.074        1.897 / 16.074      ms
[680.158s][info][gc,stats    ]    Subphase: Concurrent References Enqueue                 0.000 / 0.000         0.002 / 0.010         0.002 / 0.010         0.002 / 0.010       ms
[680.158s][info][gc,stats    ]    Subphase: Concurrent References Process                 0.000 / 0.000         0.158 / 0.212         0.168 / 0.513         0.168 / 0.513       ms
[680.158s][info][gc,stats    ]    Subphase: Concurrent Roots ClassLoaderDataGraph         0.000 / 0.000         0.154 / 0.547         0.154 / 0.547         0.154 / 0.547       ms
[680.158s][info][gc,stats    ]    Subphase: Concurrent Roots CodeCache                    0.000 / 0.000         0.000 / 0.000         0.000 / 0.000         0.000 / 0.000       ms
[680.158s][info][gc,stats    ]    Subphase: Concurrent Roots JavaThreads                  0.000 / 0.000         0.368 / 0.961         0.533 / 5.702         0.533 / 5.702       ms
[680.158s][info][gc,stats    ]    Subphase: Concurrent Roots OopStorageSet                0.000 / 0.000         0.027 / 0.056         0.028 / 0.085         0.028 / 0.085       ms
[680.158s][info][gc,stats    ]    Subphase: Concurrent Weak Roots OopStorageSet           0.000 / 0.000         0.508 / 0.760         0.519 / 0.939         0.519 / 0.939       ms
[680.158s][info][gc,stats    ]    Subphase: Pause Mark Try Complete                       0.000 / 0.000         0.000 / 0.000         0.000 / 0.000         0.000 / 0.000       ms
[680.158s][info][gc,stats    ]      System: Java Threads                                      0 / 0                32 / 33               32 / 34               32 / 34          threads
[680.158s][info][gc,stats    ] =========================================================================================================================================================
[685.661s][info][gc,start    ] GC(40) Garbage Collection (Proactive)
[685.661s][info][gc,task     ] GC(40) Using 2 workers
[685.661s][info][gc,phases   ] GC(40) Pause Mark Start 0.007ms
[685.678s][info][gc,phases   ] GC(40) Concurrent Mark 17.057ms
[685.678s][info][gc,phases   ] GC(40) Pause Mark End 0.012ms
[685.678s][info][gc,phases   ] GC(40) Concurrent Mark Free 0.001ms
[685.687s][info][gc,phases   ] GC(40) Concurrent Process Non-Strong References 8.671ms
[685.687s][info][gc,phases   ] GC(40) Concurrent Reset Relocation Set 0.004ms
[685.689s][info][gc,phases   ] GC(40) Concurrent Select Relocation Set 1.406ms
[685.689s][info][gc,phases   ] GC(40) Pause Relocate Start 0.008ms
[685.689s][info][gc,phases   ] GC(40) Concurrent Relocate 0.568ms
[685.689s][info][gc,load     ] GC(40) Load: 0.00/0.00/0.00
[685.689s][info][gc,mmu      ] GC(40) MMU: 2ms/96.8%, 5ms/98.7%, 10ms/99.2%, 20ms/99.6%, 50ms/99.8%, 100ms/99.9%
[685.689s][info][gc,marking  ] GC(40) Mark: 2 stripe(s), 2 proactive flush(es), 1 terminate flush(es), 0 completion(s), 0 continuation(s) 
[685.689s][info][gc,marking  ] GC(40) Mark Stack Usage: 32M
[685.689s][info][gc,nmethod  ] GC(40) NMethods: 8445 registered, 2704 unregistered
[685.689s][info][gc,metaspace] GC(40) Metaspace: 32M used, 33M committed, 1088M reserved
[685.689s][info][gc,ref      ] GC(40) Soft: 4111 encountered, 0 discovered, 0 enqueued
[685.689s][info][gc,ref      ] GC(40) Weak: 2155 encountered, 423 discovered, 0 enqueued
[685.689s][info][gc,ref      ] GC(40) Final: 3 encountered, 1 discovered, 0 enqueued
[685.689s][info][gc,ref      ] GC(40) Phantom: 279 encountered, 145 discovered, 0 enqueued
[685.689s][info][gc,reloc    ] GC(40) Small Pages: 221 / 442M, Empty: 328M, Relocated: 0M, In-Place: 0
[685.689s][info][gc,reloc    ] GC(40) Medium Pages: 1 / 32M, Empty: 0M, Relocated: 0M, In-Place: 0
[685.689s][info][gc,reloc    ] GC(40) Large Pages: 0 / 0M, Empty: 0M, Relocated: 0M, In-Place: 0
[685.689s][info][gc,reloc    ] GC(40) Forwarding Usage: 0M
[685.689s][info][gc,heap     ] GC(40) Min Capacity: 4096M(100%)
[685.689s][info][gc,heap     ] GC(40) Max Capacity: 4096M(100%)
[685.689s][info][gc,heap     ] GC(40) Soft Max Capacity: 4096M(100%)
[685.689s][info][gc,heap     ] GC(40)                Mark Start          Mark End        Relocate Start      Relocate End           High               Low         
[685.689s][info][gc,heap     ] GC(40)  Capacity:     4096M (100%)       4096M (100%)       4096M (100%)       4096M (100%)       4096M (100%)       4096M (100%)   
[685.689s][info][gc,heap     ] GC(40)      Free:     3622M (88%)        3612M (88%)        3938M (96%)        4030M (98%)        4030M (98%)        3610M (88%)    
[685.689s][info][gc,heap     ] GC(40)      Used:      474M (12%)         484M (12%)         158M (4%)           66M (2%)          486M (12%)          66M (2%)     
[685.689s][info][gc,heap     ] GC(40)      Live:         -                17M (0%)           17M (0%)           17M (0%)             -                  -          
[685.689s][info][gc,heap     ] GC(40) Allocated:         -                10M (0%)           12M (0%)           12M (0%)             -                  -          
[685.690s][info][gc,heap     ] GC(40)   Garbage:         -               456M (11%)         128M (3%)           36M (1%)             -                  -          
[685.690s][info][gc,heap     ] GC(40) Reclaimed:         -                  -               328M (8%)          420M (10%)            -                  -          
[685.690s][info][gc          ] GC(40) Garbage Collection (Proactive) 474M(12%)->66M(2%)
[690.163s][info][gc,stats    ] === Garbage Collection Statistics =======================================================================================================================
[690.163s][info][gc,stats    ]                                                              Last 10s              Last 10m              Last 10h                Total
[690.163s][info][gc,stats    ]                                                              Avg / Max             Avg / Max             Avg / Max             Avg / Max
[690.163s][info][gc,stats    ]   Collector: Garbage Collection Cycle                     28.749 / 28.749       30.217 / 46.419       31.534 / 54.411       31.534 / 54.411      ms
[690.163s][info][gc,stats    ]  Contention: Mark Segment Reset Contention                     0 / 0                 0 / 3                 0 / 3                 0 / 3           ops/s
[690.163s][info][gc,stats    ]  Contention: Mark SeqNum Reset Contention                      0 / 1                 0 / 2                 0 / 2                 0 / 2           ops/s
[690.163s][info][gc,stats    ]    Critical: Allocation Stall                                  0 / 0                 0 / 0                 0 / 0                 0 / 0           ops/s
[690.163s][info][gc,stats    ]    Critical: Allocation Stall                              0.000 / 0.000         0.000 / 0.000         0.000 / 0.000         0.000 / 0.000       ms
[690.163s][info][gc,stats    ]    Critical: GC Locker Stall                                   0 / 0                 0 / 0                 0 / 0                 0 / 0           ops/s
[690.163s][info][gc,stats    ]    Critical: GC Locker Stall                               0.000 / 0.000         0.000 / 0.000         0.000 / 0.000         0.000 / 0.000       ms
[690.163s][info][gc,stats    ]    Critical: Relocation Stall                                  0 / 0                 0 / 0                 0 / 0                 0 / 0           ops/s
[690.163s][info][gc,stats    ]    Critical: Relocation Stall                              0.000 / 0.000         0.000 / 0.000         0.000 / 0.000         0.000 / 0.000       ms
[690.163s][info][gc,stats    ]      Memory: Allocation Rate                                  25 / 34               24 / 128              25 / 148              25 / 148         MB/s
[690.163s][info][gc,stats    ]      Memory: Out Of Memory                                     0 / 0                 0 / 0                 0 / 0                 0 / 0           ops/s
[690.163s][info][gc,stats    ]      Memory: Page Cache Flush                                  0 / 0                 0 / 0                 0 / 0                 0 / 0           MB/s
[690.163s][info][gc,stats    ]      Memory: Page Cache Hit L1                                13 / 19               12 / 36               11 / 78               11 / 78          ops/s
[690.163s][info][gc,stats    ]      Memory: Page Cache Hit L2                                 0 / 0                 0 / 0                 0 / 0                 0 / 0           ops/s
[690.163s][info][gc,stats    ]      Memory: Page Cache Hit L3                                 0 / 0                 0 / 16                0 / 48                0 / 48          ops/s
[690.163s][info][gc,stats    ]      Memory: Page Cache Miss                                   0 / 0                 0 / 0                 0 / 1                 0 / 1           ops/s
[690.163s][info][gc,stats    ]      Memory: Uncommit                                          0 / 0                 0 / 0                 0 / 0                 0 / 0           MB/s
[690.163s][info][gc,stats    ]      Memory: Undo Object Allocation Failed                     0 / 0                 0 / 0                 0 / 1                 0 / 1           ops/s
[690.163s][info][gc,stats    ]      Memory: Undo Object Allocation Succeeded                  0 / 0                 0 / 0                 0 / 22                0 / 22          ops/s
[690.163s][info][gc,stats    ]      Memory: Undo Page Allocation                              0 / 1                 0 / 2                 0 / 2                 0 / 2           ops/s
[690.164s][info][gc,stats    ]       Phase: Concurrent Mark                              17.057 / 17.057       17.162 / 26.064       18.329 / 38.897       18.329 / 38.897      ms
[690.164s][info][gc,stats    ]       Phase: Concurrent Mark Continue                      0.000 / 0.000         0.000 / 0.000         0.000 / 0.000         0.000 / 0.000       ms
[690.164s][info][gc,stats    ]       Phase: Concurrent Mark Free                          0.001 / 0.001         0.001 / 0.003         0.001 / 0.003         0.001 / 0.003       ms
[690.164s][info][gc,stats    ]       Phase: Concurrent Process Non-Strong References      8.671 / 8.671         9.123 / 17.263        8.996 / 17.263        8.996 / 17.263      ms
[690.164s][info][gc,stats    ]       Phase: Concurrent Relocate                           0.568 / 0.568         0.840 / 1.968         1.086 / 6.891         1.086 / 6.891       ms
[690.164s][info][gc,stats    ]       Phase: Concurrent Reset Relocation Set               0.004 / 0.004         0.004 / 0.008         0.005 / 0.011         0.005 / 0.011       ms
[690.164s][info][gc,stats    ]       Phase: Concurrent Select Relocation Set              1.406 / 1.406         1.569 / 3.268         1.620 / 3.477         1.620 / 3.477       ms
[690.164s][info][gc,stats    ]       Phase: Pause Mark End                                0.012 / 0.012         0.023 / 0.037         0.024 / 0.065         0.024 / 0.065       ms
[690.164s][info][gc,stats    ]       Phase: Pause Mark Start                              0.007 / 0.007         0.012 / 0.027         0.012 / 0.027         0.012 / 0.027       ms
[690.164s][info][gc,stats    ]       Phase: Pause Relocate Start                          0.008 / 0.008         0.009 / 0.012         0.009 / 0.019         0.009 / 0.019       ms
[690.164s][info][gc,stats    ]    Subphase: Concurrent Classes Purge                      0.340 / 0.340         0.381 / 2.002         0.366 / 2.002         0.366 / 2.002       ms
[690.164s][info][gc,stats    ]    Subphase: Concurrent Classes Unlink                     7.541 / 7.541         7.866 / 14.151        7.736 / 14.151        7.736 / 14.151      ms
[690.164s][info][gc,stats    ]    Subphase: Concurrent Mark                              13.829 / 16.352       14.155 / 25.274       14.918 / 33.017       14.918 / 33.017      ms
[690.164s][info][gc,stats    ]    Subphase: Concurrent Mark Try Flush                     0.142 / 0.243         0.127 / 0.286         0.124 / 0.286         0.124 / 0.286       ms
[690.164s][info][gc,stats    ]    Subphase: Concurrent Mark Try Terminate                 1.806 / 5.347         1.737 / 16.074        1.895 / 16.074        1.895 / 16.074      ms
[690.164s][info][gc,stats    ]    Subphase: Concurrent References Enqueue                 0.001 / 0.001         0.002 / 0.010         0.002 / 0.010         0.002 / 0.010       ms
[690.164s][info][gc,stats    ]    Subphase: Concurrent References Process                 0.129 / 0.129         0.157 / 0.212         0.167 / 0.513         0.167 / 0.513       ms
[690.164s][info][gc,stats    ]    Subphase: Concurrent Roots ClassLoaderDataGraph         0.123 / 0.204         0.153 / 0.547         0.153 / 0.547         0.153 / 0.547       ms
[690.164s][info][gc,stats    ]    Subphase: Concurrent Roots CodeCache                    0.000 / 0.000         0.000 / 0.000         0.000 / 0.000         0.000 / 0.000       ms
[690.164s][info][gc,stats    ]    Subphase: Concurrent Roots JavaThreads                  0.367 / 0.455         0.368 / 0.961         0.529 / 5.702         0.529 / 5.702       ms
[690.164s][info][gc,stats    ]    Subphase: Concurrent Roots OopStorageSet                0.023 / 0.030         0.027 / 0.056         0.028 / 0.085         0.028 / 0.085       ms
[690.164s][info][gc,stats    ]    Subphase: Concurrent Weak Roots OopStorageSet           0.416 / 0.417         0.505 / 0.760         0.516 / 0.939         0.516 / 0.939       ms
[690.164s][info][gc,stats    ]    Subphase: Pause Mark Try Complete                       0.000 / 0.000         0.000 / 0.000         0.000 / 0.000         0.000 / 0.000       ms
[690.164s][info][gc,stats    ]      System: Java Threads                                     33 / 33               32 / 33               32 / 34               32 / 34          threads
[690.164s][info][gc,stats    ] =========================================================================================================================================================
[700.153s][info][gc,stats    ] === Garbage Collection Statistics =======================================================================================================================
[700.153s][info][gc,stats    ]                                                              Last 10s              Last 10m              Last 10h                Total
[700.153s][info][gc,stats    ]                                                              Avg / Max             Avg / Max             Avg / Max             Avg / Max
[700.153s][info][gc,stats    ]   Collector: Garbage Collection Cycle                      0.000 / 0.000        30.233 / 46.419       31.534 / 54.411       31.534 / 54.411      ms
[700.153s][info][gc,stats    ]  Contention: Mark Segment Reset Contention                     0 / 0                 0 / 3                 0 / 3                 0 / 3           ops/s
[700.153s][info][gc,stats    ]  Contention: Mark SeqNum Reset Contention                      0 / 0                 0 / 2                 0 / 2                 0 / 2           ops/s
[700.153s][info][gc,stats    ]    Critical: Allocation Stall                                  0 / 0                 0 / 0                 0 / 0                 0 / 0           ops/s
[700.153s][info][gc,stats    ]    Critical: Allocation Stall                              0.000 / 0.000         0.000 / 0.000         0.000 / 0.000         0.000 / 0.000       ms
[700.153s][info][gc,stats    ]    Critical: GC Locker Stall                                   0 / 0                 0 / 0                 0 / 0                 0 / 0           ops/s
[700.153s][info][gc,stats    ]    Critical: GC Locker Stall                               0.000 / 0.000         0.000 / 0.000         0.000 / 0.000         0.000 / 0.000       ms
[700.153s][info][gc,stats    ]    Critical: Relocation Stall                                  0 / 0                 0 / 0                 0 / 0                 0 / 0           ops/s
[700.153s][info][gc,stats    ]    Critical: Relocation Stall                              0.000 / 0.000         0.000 / 0.000         0.000 / 0.000         0.000 / 0.000       ms
[700.153s][info][gc,stats    ]      Memory: Allocation Rate                                  24 / 30               24 / 128              25 / 148              25 / 148         MB/s
[700.153s][info][gc,stats    ]      Memory: Out Of Memory                                     0 / 0                 0 / 0                 0 / 0                 0 / 0           ops/s
[700.153s][info][gc,stats    ]      Memory: Page Cache Flush                                  0 / 0                 0 / 0                 0 / 0                 0 / 0           MB/s
[700.153s][info][gc,stats    ]      Memory: Page Cache Hit L1                                12 / 15               12 / 36               11 / 78               11 / 78          ops/s
[700.153s][info][gc,stats    ]      Memory: Page Cache Hit L2                                 0 / 0                 0 / 0                 0 / 0                 0 / 0           ops/s
[700.153s][info][gc,stats    ]      Memory: Page Cache Hit L3                                 0 / 0                 0 / 1                 0 / 48                0 / 48          ops/s
[700.153s][info][gc,stats    ]      Memory: Page Cache Miss                                   0 / 0                 0 / 0                 0 / 1                 0 / 1           ops/s
[700.153s][info][gc,stats    ]      Memory: Uncommit                                          0 / 0                 0 / 0                 0 / 0                 0 / 0           MB/s
[700.153s][info][gc,stats    ]      Memory: Undo Object Allocation Failed                     0 / 0                 0 / 0                 0 / 1                 0 / 1           ops/s
[700.153s][info][gc,stats    ]      Memory: Undo Object Allocation Succeeded                  0 / 0                 0 / 0                 0 / 22                0 / 22          ops/s
[700.153s][info][gc,stats    ]      Memory: Undo Page Allocation                              0 / 1                 0 / 1                 0 / 2                 0 / 2           ops/s
[700.153s][info][gc,stats    ]       Phase: Concurrent Mark                               0.000 / 0.000        17.194 / 26.064       18.329 / 38.897       18.329 / 38.897      ms
[700.153s][info][gc,stats    ]       Phase: Concurrent Mark Continue                      0.000 / 0.000         0.000 / 0.000         0.000 / 0.000         0.000 / 0.000       ms
[700.153s][info][gc,stats    ]       Phase: Concurrent Mark Free                          0.000 / 0.000         0.001 / 0.003         0.001 / 0.003         0.001 / 0.003       ms
[700.153s][info][gc,stats    ]       Phase: Concurrent Process Non-Strong References      0.000 / 0.000         9.133 / 17.263        8.996 / 17.263        8.996 / 17.263      ms
[700.153s][info][gc,stats    ]       Phase: Concurrent Relocate                           0.000 / 0.000         0.824 / 1.968         1.086 / 6.891         1.086 / 6.891       ms
[700.153s][info][gc,stats    ]       Phase: Concurrent Reset Relocation Set               0.000 / 0.000         0.004 / 0.008         0.005 / 0.011         0.005 / 0.011       ms
[700.153s][info][gc,stats    ]       Phase: Concurrent Select Relocation Set              0.000 / 0.000         1.552 / 3.268         1.620 / 3.477         1.620 / 3.477       ms
[700.153s][info][gc,stats    ]       Phase: Pause Mark End                                0.000 / 0.000         0.024 / 0.037         0.024 / 0.065         0.024 / 0.065       ms
[700.153s][info][gc,stats    ]       Phase: Pause Mark Start                              0.000 / 0.000         0.012 / 0.027         0.012 / 0.027         0.012 / 0.027       ms
[700.153s][info][gc,stats    ]       Phase: Pause Relocate Start                          0.000 / 0.000         0.009 / 0.012         0.009 / 0.019         0.009 / 0.019       ms
[700.153s][info][gc,stats    ]    Subphase: Concurrent Classes Purge                      0.000 / 0.000         0.383 / 2.002         0.366 / 2.002         0.366 / 2.002       ms
[700.153s][info][gc,stats    ]    Subphase: Concurrent Classes Unlink                     0.000 / 0.000         7.870 / 14.151        7.736 / 14.151        7.736 / 14.151      ms
[700.153s][info][gc,stats    ]    Subphase: Concurrent Mark                               0.000 / 0.000        14.167 / 25.274       14.918 / 33.017       14.918 / 33.017      ms
[700.153s][info][gc,stats    ]    Subphase: Concurrent Mark Try Flush                     0.000 / 0.000         0.127 / 0.286         0.124 / 0.286         0.124 / 0.286       ms
[700.153s][info][gc,stats    ]    Subphase: Concurrent Mark Try Terminate                 0.000 / 0.000         1.758 / 16.074        1.895 / 16.074        1.895 / 16.074      ms
[700.153s][info][gc,stats    ]    Subphase: Concurrent References Enqueue                 0.000 / 0.000         0.002 / 0.010         0.002 / 0.010         0.002 / 0.010       ms
[700.153s][info][gc,stats    ]    Subphase: Concurrent References Process                 0.000 / 0.000         0.159 / 0.212         0.167 / 0.513         0.167 / 0.513       ms
[700.153s][info][gc,stats    ]    Subphase: Concurrent Roots ClassLoaderDataGraph         0.000 / 0.000         0.152 / 0.547         0.153 / 0.547         0.153 / 0.547       ms
[700.153s][info][gc,stats    ]    Subphase: Concurrent Roots CodeCache                    0.000 / 0.000         0.000 / 0.000         0.000 / 0.000         0.000 / 0.000       ms
[700.153s][info][gc,stats    ]    Subphase: Concurrent Roots JavaThreads                  0.000 / 0.000         0.363 / 0.961         0.529 / 5.702         0.529 / 5.702       ms
[700.153s][info][gc,stats    ]    Subphase: Concurrent Roots OopStorageSet                0.000 / 0.000         0.027 / 0.056         0.028 / 0.085         0.028 / 0.085       ms
[700.153s][info][gc,stats    ]    Subphase: Concurrent Weak Roots OopStorageSet           0.000 / 0.000         0.507 / 0.760         0.516 / 0.939         0.516 / 0.939       ms
[700.153s][info][gc,stats    ]    Subphase: Pause Mark Try Complete                       0.000 / 0.000         0.000 / 0.000         0.000 / 0.000         0.000 / 0.000       ms
[700.153s][info][gc,stats    ]      System: Java Threads                                      0 / 0                32 / 33               32 / 34               32 / 34          threads
[700.153s][info][gc,stats    ] =========================================================================================================================================================
[702.851s][info][gc,start    ] GC(41) Garbage Collection (Proactive)
[702.851s][info][gc,task     ] GC(41) Using 2 workers
[702.851s][info][gc,phases   ] GC(41) Pause Mark Start 0.006ms
[702.868s][info][gc,phases   ] GC(41) Concurrent Mark 15.598ms
[702.868s][info][gc,phases   ] GC(41) Pause Mark End 0.024ms
[702.868s][info][gc,phases   ] GC(41) Concurrent Mark Free 0.003ms
[702.877s][info][gc,phases   ] GC(41) Concurrent Process Non-Strong References 8.968ms
[702.877s][info][gc,phases   ] GC(41) Concurrent Reset Relocation Set 0.004ms
[702.878s][info][gc,phases   ] GC(41) Concurrent Select Relocation Set 1.144ms
[702.879s][info][gc,phases   ] GC(41) Pause Relocate Start 0.010ms
[702.879s][info][gc,phases   ] GC(41) Concurrent Relocate 0.559ms
[702.879s][info][gc,load     ] GC(41) Load: 0.00/0.00/0.00
[702.879s][info][gc,mmu      ] GC(41) MMU: 2ms/96.8%, 5ms/98.7%, 10ms/99.2%, 20ms/99.6%, 50ms/99.8%, 100ms/99.9%
[702.879s][info][gc,marking  ] GC(41) Mark: 2 stripe(s), 2 proactive flush(es), 1 terminate flush(es), 0 completion(s), 0 continuation(s) 
[702.879s][info][gc,marking  ] GC(41) Mark Stack Usage: 32M
[702.879s][info][gc,nmethod  ] GC(41) NMethods: 8450 registered, 2704 unregistered
[702.879s][info][gc,metaspace] GC(41) Metaspace: 32M used, 33M committed, 1088M reserved
[702.879s][info][gc,ref      ] GC(41) Soft: 4111 encountered, 0 discovered, 0 enqueued
[702.879s][info][gc,ref      ] GC(41) Weak: 2155 encountered, 333 discovered, 0 enqueued
[702.879s][info][gc,ref      ] GC(41) Final: 3 encountered, 0 discovered, 0 enqueued
[702.879s][info][gc,ref      ] GC(41) Phantom: 279 encountered, 222 discovered, 0 enqueued
[702.879s][info][gc,reloc    ] GC(41) Small Pages: 222 / 444M, Empty: 324M, Relocated: 0M, In-Place: 0
[702.879s][info][gc,reloc    ] GC(41) Medium Pages: 1 / 32M, Empty: 0M, Relocated: 0M, In-Place: 0
[702.879s][info][gc,reloc    ] GC(41) Large Pages: 0 / 0M, Empty: 0M, Relocated: 0M, In-Place: 0
[702.879s][info][gc,reloc    ] GC(41) Forwarding Usage: 0M
[702.879s][info][gc,heap     ] GC(41) Min Capacity: 4096M(100%)
[702.879s][info][gc,heap     ] GC(41) Max Capacity: 4096M(100%)
[702.879s][info][gc,heap     ] GC(41) Soft Max Capacity: 4096M(100%)
[702.879s][info][gc,heap     ] GC(41)                Mark Start          Mark End        Relocate Start      Relocate End           High               Low         
[702.879s][info][gc,heap     ] GC(41)  Capacity:     4096M (100%)       4096M (100%)       4096M (100%)       4096M (100%)       4096M (100%)       4096M (100%)   
[702.879s][info][gc,heap     ] GC(41)      Free:     3620M (88%)        3610M (88%)        3932M (96%)        4030M (98%)        4030M (98%)        3608M (88%)    
[702.879s][info][gc,heap     ] GC(41)      Used:      476M (12%)         486M (12%)         164M (4%)           66M (2%)          488M (12%)          66M (2%)     
[702.879s][info][gc,heap     ] GC(41)      Live:         -                17M (0%)           17M (0%)           17M (0%)             -                  -          
[702.879s][info][gc,heap     ] GC(41) Allocated:         -                10M (0%)           12M (0%)           12M (0%)             -                  -          
[702.879s][info][gc,heap     ] GC(41)   Garbage:         -               458M (11%)         134M (3%)           36M (1%)             -                  -          
[702.879s][info][gc,heap     ] GC(41) Reclaimed:         -                  -               324M (8%)          422M (10%)            -                  -          
[702.879s][info][gc          ] GC(41) Garbage Collection (Proactive) 476M(12%)->66M(2%)
[710.162s][info][gc,stats    ] === Garbage Collection Statistics =======================================================================================================================
[710.162s][info][gc,stats    ]                                                              Last 10s              Last 10m              Last 10h                Total
[710.162s][info][gc,stats    ]                                                              Avg / Max             Avg / Max             Avg / Max             Avg / Max
[710.162s][info][gc,stats    ]   Collector: Garbage Collection Cycle                     28.329 / 28.329       30.193 / 46.419       31.458 / 54.411       31.458 / 54.411      ms
[710.162s][info][gc,stats    ]  Contention: Mark Segment Reset Contention                     0 / 1                 0 / 3                 0 / 3                 0 / 3           ops/s
[710.162s][info][gc,stats    ]  Contention: Mark SeqNum Reset Contention                      0 / 0                 0 / 2                 0 / 2                 0 / 2           ops/s
[710.162s][info][gc,stats    ]    Critical: Allocation Stall                                  0 / 0                 0 / 0                 0 / 0                 0 / 0           ops/s
[710.162s][info][gc,stats    ]    Critical: Allocation Stall                              0.000 / 0.000         0.000 / 0.000         0.000 / 0.000         0.000 / 0.000       ms
[710.162s][info][gc,stats    ]    Critical: GC Locker Stall                                   0 / 0                 0 / 0                 0 / 0                 0 / 0           ops/s
[710.162s][info][gc,stats    ]    Critical: GC Locker Stall                               0.000 / 0.000         0.000 / 0.000         0.000 / 0.000         0.000 / 0.000       ms
[710.162s][info][gc,stats    ]    Critical: Relocation Stall                                  0 / 0                 0 / 0                 0 / 0                 0 / 0           ops/s
[710.162s][info][gc,stats    ]    Critical: Relocation Stall                              0.000 / 0.000         0.000 / 0.000         0.000 / 0.000         0.000 / 0.000       ms
[710.162s][info][gc,stats    ]      Memory: Allocation Rate                                  24 / 30               24 / 128              25 / 148              25 / 148         MB/s
[710.162s][info][gc,stats    ]      Memory: Out Of Memory                                     0 / 0                 0 / 0                 0 / 0                 0 / 0           ops/s
[710.162s][info][gc,stats    ]      Memory: Page Cache Flush                                  0 / 0                 0 / 0                 0 / 0                 0 / 0           MB/s
[710.163s][info][gc,stats    ]      Memory: Page Cache Hit L1                                12 / 17               12 / 36               11 / 78               11 / 78          ops/s
[710.163s][info][gc,stats    ]      Memory: Page Cache Hit L2                                 0 / 0                 0 / 0                 0 / 0                 0 / 0           ops/s
[710.163s][info][gc,stats    ]      Memory: Page Cache Hit L3                                 0 / 0                 0 / 1                 0 / 48                0 / 48          ops/s
[710.163s][info][gc,stats    ]      Memory: Page Cache Miss                                   0 / 0                 0 / 0                 0 / 1                 0 / 1           ops/s
[710.163s][info][gc,stats    ]      Memory: Uncommit                                          0 / 0                 0 / 0                 0 / 0                 0 / 0           MB/s
[710.163s][info][gc,stats    ]      Memory: Undo Object Allocation Failed                     0 / 0                 0 / 0                 0 / 1                 0 / 1           ops/s
[710.163s][info][gc,stats    ]      Memory: Undo Object Allocation Succeeded                  0 / 0                 0 / 0                 0 / 22                0 / 22          ops/s
[710.163s][info][gc,stats    ]      Memory: Undo Page Allocation                              0 / 0                 0 / 1                 0 / 2                 0 / 2           ops/s
[710.163s][info][gc,stats    ]       Phase: Concurrent Mark                              15.598 / 15.598       17.173 / 26.064       18.264 / 38.897       18.264 / 38.897      ms
[710.163s][info][gc,stats    ]       Phase: Concurrent Mark Continue                      0.000 / 0.000         0.000 / 0.000         0.000 / 0.000         0.000 / 0.000       ms
[710.163s][info][gc,stats    ]       Phase: Concurrent Mark Free                          0.003 / 0.003         0.001 / 0.003         0.001 / 0.003         0.001 / 0.003       ms
[710.163s][info][gc,stats    ]       Phase: Concurrent Process Non-Strong References      8.968 / 8.968         9.133 / 17.263        8.996 / 17.263        8.996 / 17.263      ms
[710.163s][info][gc,stats    ]       Phase: Concurrent Relocate                           0.559 / 0.559         0.813 / 1.968         1.073 / 6.891         1.073 / 6.891       ms
[710.163s][info][gc,stats    ]       Phase: Concurrent Reset Relocation Set               0.004 / 0.004         0.004 / 0.008         0.005 / 0.011         0.005 / 0.011       ms
[710.163s][info][gc,stats    ]       Phase: Concurrent Select Relocation Set              1.144 / 1.144         1.538 / 3.268         1.609 / 3.477         1.609 / 3.477       ms
[710.163s][info][gc,stats    ]       Phase: Pause Mark End                                0.024 / 0.024         0.024 / 0.037         0.024 / 0.065         0.024 / 0.065       ms
[710.163s][info][gc,stats    ]       Phase: Pause Mark Start                              0.006 / 0.006         0.012 / 0.027         0.012 / 0.027         0.012 / 0.027       ms
[710.163s][info][gc,stats    ]       Phase: Pause Relocate Start                          0.010 / 0.010         0.009 / 0.012         0.009 / 0.019         0.009 / 0.019       ms
[710.163s][info][gc,stats    ]    Subphase: Concurrent Classes Purge                      0.331 / 0.331         0.384 / 2.002         0.365 / 2.002         0.365 / 2.002       ms
[710.163s][info][gc,stats    ]    Subphase: Concurrent Classes Unlink                     7.803 / 7.803         7.870 / 14.151        7.738 / 14.151        7.738 / 14.151      ms
[710.163s][info][gc,stats    ]    Subphase: Concurrent Mark                              12.698 / 15.044       14.137 / 25.274       14.866 / 33.017       14.866 / 33.017      ms
[710.163s][info][gc,stats    ]    Subphase: Concurrent Mark Try Flush                     0.150 / 0.244         0.127 / 0.286         0.124 / 0.286         0.124 / 0.286       ms
[710.163s][info][gc,stats    ]    Subphase: Concurrent Mark Try Terminate                 1.798 / 5.325         1.770 / 16.074        1.893 / 16.074        1.893 / 16.074      ms
[710.163s][info][gc,stats    ]    Subphase: Concurrent References Enqueue                 0.001 / 0.001         0.002 / 0.010         0.002 / 0.010         0.002 / 0.010       ms
[710.163s][info][gc,stats    ]    Subphase: Concurrent References Process                 0.173 / 0.173         0.160 / 0.212         0.167 / 0.513         0.167 / 0.513       ms
[710.163s][info][gc,stats    ]    Subphase: Concurrent Roots ClassLoaderDataGraph         0.091 / 0.153         0.150 / 0.547         0.152 / 0.547         0.152 / 0.547       ms
[710.163s][info][gc,stats    ]    Subphase: Concurrent Roots CodeCache                    0.000 / 0.000         0.000 / 0.000         0.000 / 0.000         0.000 / 0.000       ms
[710.163s][info][gc,stats    ]    Subphase: Concurrent Roots JavaThreads                  0.249 / 0.321         0.358 / 0.961         0.522 / 5.702         0.522 / 5.702       ms
[710.163s][info][gc,stats    ]    Subphase: Concurrent Roots OopStorageSet                0.024 / 0.036         0.027 / 0.056         0.028 / 0.085         0.028 / 0.085       ms
[710.163s][info][gc,stats    ]    Subphase: Concurrent Weak Roots OopStorageSet           0.417 / 0.421         0.504 / 0.760         0.514 / 0.939         0.514 / 0.939       ms
[710.163s][info][gc,stats    ]    Subphase: Pause Mark Try Complete                       0.000 / 0.000         0.000 / 0.000         0.000 / 0.000         0.000 / 0.000       ms
[710.163s][info][gc,stats    ]      System: Java Threads                                     33 / 33               32 / 33               32 / 34               32 / 34          threads
[710.163s][info][gc,stats    ] =========================================================================================================================================================
[719.855s][info][gc,start    ] GC(42) Garbage Collection (Proactive)
[719.855s][info][gc,task     ] GC(42) Using 2 workers
[719.855s][info][gc,phases   ] GC(42) Pause Mark Start 0.010ms
[719.872s][info][gc,phases   ] GC(42) Concurrent Mark 15.862ms
[719.872s][info][gc,phases   ] GC(42) Pause Mark End 0.019ms
[719.872s][info][gc,phases   ] GC(42) Concurrent Mark Free 0.001ms
[719.880s][info][gc,phases   ] GC(42) Concurrent Process Non-Strong References 8.489ms
[719.881s][info][gc,phases   ] GC(42) Concurrent Reset Relocation Set 0.004ms
[719.882s][info][gc,phases   ] GC(42) Concurrent Select Relocation Set 1.398ms
[719.882s][info][gc,phases   ] GC(42) Pause Relocate Start 0.008ms
[719.883s][info][gc,phases   ] GC(42) Concurrent Relocate 0.563ms
[719.883s][info][gc,load     ] GC(42) Load: 0.00/0.00/0.00
[719.883s][info][gc,mmu      ] GC(42) MMU: 2ms/96.8%, 5ms/98.7%, 10ms/99.2%, 20ms/99.6%, 50ms/99.8%, 100ms/99.9%
[719.883s][info][gc,marking  ] GC(42) Mark: 2 stripe(s), 2 proactive flush(es), 1 terminate flush(es), 0 completion(s), 0 continuation(s) 
[719.883s][info][gc,marking  ] GC(42) Mark Stack Usage: 32M
[719.883s][info][gc,nmethod  ] GC(42) NMethods: 8457 registered, 2704 unregistered
[719.883s][info][gc,metaspace] GC(42) Metaspace: 32M used, 33M committed, 1088M reserved
[719.883s][info][gc,ref      ] GC(42) Soft: 4111 encountered, 0 discovered, 0 enqueued
[719.883s][info][gc,ref      ] GC(42) Weak: 2155 encountered, 469 discovered, 0 enqueued
[719.883s][info][gc,ref      ] GC(42) Final: 3 encountered, 2 discovered, 0 enqueued
[719.883s][info][gc,ref      ] GC(42) Phantom: 279 encountered, 148 discovered, 0 enqueued
[719.883s][info][gc,reloc    ] GC(42) Small Pages: 222 / 444M, Empty: 332M, Relocated: 1M, In-Place: 0
[719.883s][info][gc,reloc    ] GC(42) Medium Pages: 1 / 32M, Empty: 0M, Relocated: 0M, In-Place: 0
[719.883s][info][gc,reloc    ] GC(42) Large Pages: 0 / 0M, Empty: 0M, Relocated: 0M, In-Place: 0
[719.883s][info][gc,reloc    ] GC(42) Forwarding Usage: 0M
[719.883s][info][gc,heap     ] GC(42) Min Capacity: 4096M(100%)
[719.883s][info][gc,heap     ] GC(42) Max Capacity: 4096M(100%)
[719.883s][info][gc,heap     ] GC(42) Soft Max Capacity: 4096M(100%)
[719.883s][info][gc,heap     ] GC(42)                Mark Start          Mark End        Relocate Start      Relocate End           High               Low         
[719.883s][info][gc,heap     ] GC(42)  Capacity:     4096M (100%)       4096M (100%)       4096M (100%)       4096M (100%)       4096M (100%)       4096M (100%)   
[719.883s][info][gc,heap     ] GC(42)      Free:     3620M (88%)        3608M (88%)        3940M (96%)        4030M (98%)        4030M (98%)        3608M (88%)    
[719.883s][info][gc,heap     ] GC(42)      Used:      476M (12%)         488M (12%)         156M (4%)           66M (2%)          488M (12%)          66M (2%)     
[719.883s][info][gc,heap     ] GC(42)      Live:         -                17M (0%)           17M (0%)           17M (0%)             -                  -          
[719.883s][info][gc,heap     ] GC(42) Allocated:         -                12M (0%)           12M (0%)           12M (0%)             -                  -          
[719.883s][info][gc,heap     ] GC(42)   Garbage:         -               458M (11%)         126M (3%)           36M (1%)             -                  -          
[719.883s][info][gc,heap     ] GC(42) Reclaimed:         -                  -               332M (8%)          422M (10%)            -                  -          
[719.883s][info][gc          ] GC(42) Garbage Collection (Proactive) 476M(12%)->66M(2%)
[720.152s][info][gc,stats    ] === Garbage Collection Statistics =======================================================================================================================
[720.152s][info][gc,stats    ]                                                              Last 10s              Last 10m              Last 10h                Total
[720.152s][info][gc,stats    ]                                                              Avg / Max             Avg / Max             Avg / Max             Avg / Max
[720.152s][info][gc,stats    ]   Collector: Garbage Collection Cycle                     27.695 / 27.695       30.125 / 46.419       31.371 / 54.411       31.371 / 54.411      ms
[720.152s][info][gc,stats    ]  Contention: Mark Segment Reset Contention                     0 / 0                 0 / 3                 0 / 3                 0 / 3           ops/s
[720.152s][info][gc,stats    ]  Contention: Mark SeqNum Reset Contention                      0 / 0                 0 / 2                 0 / 2                 0 / 2           ops/s
[720.152s][info][gc,stats    ]    Critical: Allocation Stall                                  0 / 0                 0 / 0                 0 / 0                 0 / 0           ops/s
[720.152s][info][gc,stats    ]    Critical: Allocation Stall                              0.000 / 0.000         0.000 / 0.000         0.000 / 0.000         0.000 / 0.000       ms
[720.152s][info][gc,stats    ]    Critical: GC Locker Stall                                   0 / 0                 0 / 0                 0 / 0                 0 / 0           ops/s
[720.152s][info][gc,stats    ]    Critical: GC Locker Stall                               0.000 / 0.000         0.000 / 0.000         0.000 / 0.000         0.000 / 0.000       ms
[720.152s][info][gc,stats    ]    Critical: Relocation Stall                                  0 / 0                 0 / 0                 0 / 0                 0 / 0           ops/s
[720.152s][info][gc,stats    ]    Critical: Relocation Stall                              0.000 / 0.000         0.000 / 0.000         0.000 / 0.000         0.000 / 0.000       ms
[720.152s][info][gc,stats    ]      Memory: Allocation Rate                                  25 / 34               24 / 128              25 / 148              25 / 148         MB/s
[720.152s][info][gc,stats    ]      Memory: Out Of Memory                                     0 / 0                 0 / 0                 0 / 0                 0 / 0           ops/s
[720.152s][info][gc,stats    ]      Memory: Page Cache Flush                                  0 / 0                 0 / 0                 0 / 0                 0 / 0           MB/s
[720.152s][info][gc,stats    ]      Memory: Page Cache Hit L1                                12 / 19               12 / 36               11 / 78               11 / 78          ops/s
[720.152s][info][gc,stats    ]      Memory: Page Cache Hit L2                                 0 / 0                 0 / 0                 0 / 0                 0 / 0           ops/s
[720.152s][info][gc,stats    ]      Memory: Page Cache Hit L3                                 0 / 0                 0 / 1                 0 / 48                0 / 48          ops/s
[720.152s][info][gc,stats    ]      Memory: Page Cache Miss                                   0 / 0                 0 / 0                 0 / 1                 0 / 1           ops/s
[720.152s][info][gc,stats    ]      Memory: Uncommit                                          0 / 0                 0 / 0                 0 / 0                 0 / 0           MB/s
[720.152s][info][gc,stats    ]      Memory: Undo Object Allocation Failed                     0 / 0                 0 / 0                 0 / 1                 0 / 1           ops/s
[720.152s][info][gc,stats    ]      Memory: Undo Object Allocation Succeeded                  0 / 0                 0 / 0                 0 / 22                0 / 22          ops/s
[720.152s][info][gc,stats    ]      Memory: Undo Page Allocation                              0 / 1                 0 / 1                 0 / 2                 0 / 2           ops/s
[720.152s][info][gc,stats    ]       Phase: Concurrent Mark                              15.862 / 15.862       17.138 / 26.064       18.208 / 38.897       18.208 / 38.897      ms
[720.152s][info][gc,stats    ]       Phase: Concurrent Mark Continue                      0.000 / 0.000         0.000 / 0.000         0.000 / 0.000         0.000 / 0.000       ms
[720.152s][info][gc,stats    ]       Phase: Concurrent Mark Free                          0.001 / 0.001         0.001 / 0.003         0.001 / 0.003         0.001 / 0.003       ms
[720.152s][info][gc,stats    ]       Phase: Concurrent Process Non-Strong References      8.489 / 8.489         9.116 / 17.263        8.984 / 17.263        8.984 / 17.263      ms
[720.152s][info][gc,stats    ]       Phase: Concurrent Relocate                           0.563 / 0.563         0.806 / 1.968         1.061 / 6.891         1.061 / 6.891       ms
[720.152s][info][gc,stats    ]       Phase: Concurrent Reset Relocation Set               0.004 / 0.004         0.004 / 0.008         0.005 / 0.011         0.005 / 0.011       ms
[720.152s][info][gc,stats    ]       Phase: Concurrent Select Relocation Set              1.398 / 1.398         1.534 / 3.268         1.604 / 3.477         1.604 / 3.477       ms
[720.152s][info][gc,stats    ]       Phase: Pause Mark End                                0.019 / 0.019         0.024 / 0.037         0.024 / 0.065         0.024 / 0.065       ms
[720.152s][info][gc,stats    ]       Phase: Pause Mark Start                              0.010 / 0.010         0.012 / 0.027         0.012 / 0.027         0.012 / 0.027       ms
[720.152s][info][gc,stats    ]       Phase: Pause Relocate Start                          0.008 / 0.008         0.009 / 0.012         0.009 / 0.019         0.009 / 0.019       ms
[720.152s][info][gc,stats    ]    Subphase: Concurrent Classes Purge                      0.314 / 0.314         0.382 / 2.002         0.364 / 2.002         0.364 / 2.002       ms
[720.152s][info][gc,stats    ]    Subphase: Concurrent Classes Unlink                     7.470 / 7.470         7.859 / 14.151        7.732 / 14.151        7.732 / 14.151      ms
[720.152s][info][gc,stats    ]    Subphase: Concurrent Mark                              13.010 / 15.324       14.106 / 25.274       14.822 / 33.017       14.822 / 33.017      ms
[720.152s][info][gc,stats    ]    Subphase: Concurrent Mark Try Flush                     0.120 / 0.162         0.127 / 0.286         0.124 / 0.286         0.124 / 0.286       ms
[720.152s][info][gc,stats    ]    Subphase: Concurrent Mark Try Terminate                 1.985 / 5.878         1.776 / 16.074        1.895 / 16.074        1.895 / 16.074      ms
[720.152s][info][gc,stats    ]    Subphase: Concurrent References Enqueue                 0.001 / 0.001         0.002 / 0.010         0.002 / 0.010         0.002 / 0.010       ms
[720.152s][info][gc,stats    ]    Subphase: Concurrent References Process                 0.122 / 0.122         0.159 / 0.212         0.166 / 0.513         0.166 / 0.513       ms
[720.152s][info][gc,stats    ]    Subphase: Concurrent Roots ClassLoaderDataGraph         0.083 / 0.155         0.148 / 0.547         0.150 / 0.547         0.150 / 0.547       ms
[720.152s][info][gc,stats    ]    Subphase: Concurrent Roots CodeCache                    0.000 / 0.000         0.000 / 0.000         0.000 / 0.000         0.000 / 0.000       ms
[720.152s][info][gc,stats    ]    Subphase: Concurrent Roots JavaThreads                  0.304 / 0.368         0.357 / 0.961         0.517 / 5.702         0.517 / 5.702       ms
[720.152s][info][gc,stats    ]    Subphase: Concurrent Roots OopStorageSet                0.016 / 0.023         0.026 / 0.056         0.027 / 0.085         0.027 / 0.085       ms
[720.152s][info][gc,stats    ]    Subphase: Concurrent Weak Roots OopStorageSet           0.369 / 0.370         0.501 / 0.760         0.510 / 0.939         0.510 / 0.939       ms
[720.152s][info][gc,stats    ]    Subphase: Pause Mark Try Complete                       0.000 / 0.000         0.000 / 0.000         0.000 / 0.000         0.000 / 0.000       ms
[720.152s][info][gc,stats    ]      System: Java Threads                                     33 / 33               32 / 33               32 / 34               32 / 34          threads
[720.152s][info][gc,stats    ] =========================================================================================================================================================
[730.163s][info][gc,stats    ] === Garbage Collection Statistics =======================================================================================================================
[730.164s][info][gc,stats    ]                                                              Last 10s              Last 10m              Last 10h                Total
[730.164s][info][gc,stats    ]                                                              Avg / Max             Avg / Max             Avg / Max             Avg / Max
[730.164s][info][gc,stats    ]   Collector: Garbage Collection Cycle                      0.000 / 0.000        30.187 / 46.419       31.371 / 54.411       31.371 / 54.411      ms
[730.164s][info][gc,stats    ]  Contention: Mark Segment Reset Contention                     0 / 0                 0 / 3                 0 / 3                 0 / 3           ops/s
[730.164s][info][gc,stats    ]  Contention: Mark SeqNum Reset Contention                      0 / 0                 0 / 2                 0 / 2                 0 / 2           ops/s
[730.164s][info][gc,stats    ]    Critical: Allocation Stall                                  0 / 0                 0 / 0                 0 / 0                 0 / 0           ops/s
[730.164s][info][gc,stats    ]    Critical: Allocation Stall                              0.000 / 0.000         0.000 / 0.000         0.000 / 0.000         0.000 / 0.000       ms
[730.164s][info][gc,stats    ]    Critical: GC Locker Stall                                   0 / 0                 0 / 0                 0 / 0                 0 / 0           ops/s
[730.164s][info][gc,stats    ]    Critical: GC Locker Stall                               0.000 / 0.000         0.000 / 0.000         0.000 / 0.000         0.000 / 0.000       ms
[730.164s][info][gc,stats    ]    Critical: Relocation Stall                                  0 / 0                 0 / 0                 0 / 0                 0 / 0           ops/s
[730.164s][info][gc,stats    ]    Critical: Relocation Stall                              0.000 / 0.000         0.000 / 0.000         0.000 / 0.000         0.000 / 0.000       ms
[730.164s][info][gc,stats    ]      Memory: Allocation Rate                                  23 / 26               24 / 128              25 / 148              25 / 148         MB/s
[730.164s][info][gc,stats    ]      Memory: Out Of Memory                                     0 / 0                 0 / 0                 0 / 0                 0 / 0           ops/s
[730.164s][info][gc,stats    ]      Memory: Page Cache Flush                                  0 / 0                 0 / 0                 0 / 0                 0 / 0           MB/s
[730.164s][info][gc,stats    ]      Memory: Page Cache Hit L1                                11 / 13               12 / 36               11 / 78               11 / 78          ops/s
[730.164s][info][gc,stats    ]      Memory: Page Cache Hit L2                                 0 / 0                 0 / 0                 0 / 0                 0 / 0           ops/s
[730.164s][info][gc,stats    ]      Memory: Page Cache Hit L3                                 0 / 0                 0 / 1                 0 / 48                0 / 48          ops/s
[730.164s][info][gc,stats    ]      Memory: Page Cache Miss                                   0 / 0                 0 / 0                 0 / 1                 0 / 1           ops/s
[730.164s][info][gc,stats    ]      Memory: Uncommit                                          0 / 0                 0 / 0                 0 / 0                 0 / 0           MB/s
[730.164s][info][gc,stats    ]      Memory: Undo Object Allocation Failed                     0 / 0                 0 / 0                 0 / 1                 0 / 1           ops/s
[730.164s][info][gc,stats    ]      Memory: Undo Object Allocation Succeeded                  0 / 0                 0 / 0                 0 / 22                0 / 22          ops/s
[730.164s][info][gc,stats    ]      Memory: Undo Page Allocation                              0 / 0                 0 / 1                 0 / 2                 0 / 2           ops/s
[730.164s][info][gc,stats    ]       Phase: Concurrent Mark                               0.000 / 0.000        17.203 / 26.064       18.208 / 38.897       18.208 / 38.897      ms
[730.164s][info][gc,stats    ]       Phase: Concurrent Mark Continue                      0.000 / 0.000         0.000 / 0.000         0.000 / 0.000         0.000 / 0.000       ms
[730.164s][info][gc,stats    ]       Phase: Concurrent Mark Free                          0.000 / 0.000         0.001 / 0.003         0.001 / 0.003         0.001 / 0.003       ms
[730.164s][info][gc,stats    ]       Phase: Concurrent Process Non-Strong References      0.000 / 0.000         9.120 / 17.263        8.984 / 17.263        8.984 / 17.263      ms
[730.164s][info][gc,stats    ]       Phase: Concurrent Relocate                           0.000 / 0.000         0.800 / 1.968         1.061 / 6.891         1.061 / 6.891       ms
[730.164s][info][gc,stats    ]       Phase: Concurrent Reset Relocation Set               0.000 / 0.000         0.004 / 0.008         0.005 / 0.011         0.005 / 0.011       ms
[730.164s][info][gc,stats    ]       Phase: Concurrent Select Relocation Set              0.000 / 0.000         1.540 / 3.268         1.604 / 3.477         1.604 / 3.477       ms
[730.164s][info][gc,stats    ]       Phase: Pause Mark End                                0.000 / 0.000         0.024 / 0.037         0.024 / 0.065         0.024 / 0.065       ms
[730.164s][info][gc,stats    ]       Phase: Pause Mark Start                              0.000 / 0.000         0.012 / 0.027         0.012 / 0.027         0.012 / 0.027       ms
[730.164s][info][gc,stats    ]       Phase: Pause Relocate Start                          0.000 / 0.000         0.009 / 0.012         0.009 / 0.019         0.009 / 0.019       ms
[730.164s][info][gc,stats    ]    Subphase: Concurrent Classes Purge                      0.000 / 0.000         0.385 / 2.002         0.364 / 2.002         0.364 / 2.002       ms
[730.164s][info][gc,stats    ]    Subphase: Concurrent Classes Unlink                     0.000 / 0.000         7.856 / 14.151        7.732 / 14.151        7.732 / 14.151      ms
[730.164s][info][gc,stats    ]    Subphase: Concurrent Mark                               0.000 / 0.000        14.129 / 25.274       14.822 / 33.017       14.822 / 33.017      ms
[730.164s][info][gc,stats    ]    Subphase: Concurrent Mark Try Flush                     0.000 / 0.000         0.128 / 0.286         0.124 / 0.286         0.124 / 0.286       ms
[730.164s][info][gc,stats    ]    Subphase: Concurrent Mark Try Terminate                 0.000 / 0.000         1.801 / 16.074        1.895 / 16.074        1.895 / 16.074      ms
[730.164s][info][gc,stats    ]    Subphase: Concurrent References Enqueue                 0.000 / 0.000         0.002 / 0.010         0.002 / 0.010         0.002 / 0.010       ms
[730.164s][info][gc,stats    ]    Subphase: Concurrent References Process                 0.000 / 0.000         0.160 / 0.212         0.166 / 0.513         0.166 / 0.513       ms
[730.164s][info][gc,stats    ]    Subphase: Concurrent Roots ClassLoaderDataGraph         0.000 / 0.000         0.146 / 0.547         0.150 / 0.547         0.150 / 0.547       ms
[730.164s][info][gc,stats    ]    Subphase: Concurrent Roots CodeCache                    0.000 / 0.000         0.000 / 0.000         0.000 / 0.000         0.000 / 0.000       ms
[730.164s][info][gc,stats    ]    Subphase: Concurrent Roots JavaThreads                  0.000 / 0.000         0.356 / 0.961         0.517 / 5.702         0.517 / 5.702       ms
[730.164s][info][gc,stats    ]    Subphase: Concurrent Roots OopStorageSet                0.000 / 0.000         0.026 / 0.056         0.027 / 0.085         0.027 / 0.085       ms
[730.164s][info][gc,stats    ]    Subphase: Concurrent Weak Roots OopStorageSet           0.000 / 0.000         0.504 / 0.760         0.510 / 0.939         0.510 / 0.939       ms
[730.164s][info][gc,stats    ]    Subphase: Pause Mark Try Complete                       0.000 / 0.000         0.000 / 0.000         0.000 / 0.000         0.000 / 0.000       ms
[730.164s][info][gc,stats    ]      System: Java Threads                                      0 / 0                32 / 33               32 / 34               32 / 34          threads
[730.164s][info][gc,stats    ] =========================================================================================================================================================
[737.262s][info][gc,start    ] GC(43) Garbage Collection (Proactive)
[737.262s][info][gc,task     ] GC(43) Using 2 workers
[737.262s][info][gc,phases   ] GC(43) Pause Mark Start 0.011ms
[737.279s][info][gc,phases   ] GC(43) Concurrent Mark 16.689ms
[737.280s][info][gc,phases   ] GC(43) Pause Mark End 0.030ms
[737.280s][info][gc,phases   ] GC(43) Concurrent Mark Free 0.002ms
[737.289s][info][gc,phases   ] GC(43) Concurrent Process Non-Strong References 8.540ms
[737.289s][info][gc,phases   ] GC(43) Concurrent Reset Relocation Set 0.005ms
[737.292s][info][gc,phases   ] GC(43) Concurrent Select Relocation Set 3.260ms
[737.292s][info][gc,phases   ] GC(43) Pause Relocate Start 0.010ms
[737.293s][info][gc,phases   ] GC(43) Concurrent Relocate 0.594ms
[737.293s][info][gc,load     ] GC(43) Load: 0.00/0.00/0.00
[737.293s][info][gc,mmu      ] GC(43) MMU: 2ms/96.8%, 5ms/98.7%, 10ms/99.2%, 20ms/99.6%, 50ms/99.8%, 100ms/99.9%
[737.293s][info][gc,marking  ] GC(43) Mark: 2 stripe(s), 2 proactive flush(es), 1 terminate flush(es), 0 completion(s), 0 continuation(s) 
[737.293s][info][gc,marking  ] GC(43) Mark Stack Usage: 32M
[737.293s][info][gc,nmethod  ] GC(43) NMethods: 8460 registered, 2704 unregistered
[737.293s][info][gc,metaspace] GC(43) Metaspace: 32M used, 33M committed, 1088M reserved
[737.293s][info][gc,ref      ] GC(43) Soft: 4111 encountered, 0 discovered, 0 enqueued
[737.293s][info][gc,ref      ] GC(43) Weak: 2155 encountered, 463 discovered, 0 enqueued
[737.293s][info][gc,ref      ] GC(43) Final: 3 encountered, 0 discovered, 0 enqueued
[737.293s][info][gc,ref      ] GC(43) Phantom: 278 encountered, 149 discovered, 0 enqueued
[737.293s][info][gc,reloc    ] GC(43) Small Pages: 222 / 444M, Empty: 324M, Relocated: 0M, In-Place: 0
[737.293s][info][gc,reloc    ] GC(43) Medium Pages: 1 / 32M, Empty: 0M, Relocated: 0M, In-Place: 0
[737.293s][info][gc,reloc    ] GC(43) Large Pages: 0 / 0M, Empty: 0M, Relocated: 0M, In-Place: 0
[737.293s][info][gc,reloc    ] GC(43) Forwarding Usage: 0M
[737.293s][info][gc,heap     ] GC(43) Min Capacity: 4096M(100%)
[737.293s][info][gc,heap     ] GC(43) Max Capacity: 4096M(100%)
[737.293s][info][gc,heap     ] GC(43) Soft Max Capacity: 4096M(100%)
[737.293s][info][gc,heap     ] GC(43)                Mark Start          Mark End        Relocate Start      Relocate End           High               Low         
[737.293s][info][gc,heap     ] GC(43)  Capacity:     4096M (100%)       4096M (100%)       4096M (100%)       4096M (100%)       4096M (100%)       4096M (100%)   
[737.293s][info][gc,heap     ] GC(43)      Free:     3620M (88%)        3608M (88%)        3932M (96%)        4030M (98%)        4030M (98%)        3608M (88%)    
[737.293s][info][gc,heap     ] GC(43)      Used:      476M (12%)         488M (12%)         164M (4%)           66M (2%)          488M (12%)          66M (2%)     
[737.293s][info][gc,heap     ] GC(43)      Live:         -                17M (0%)           17M (0%)           17M (0%)             -                  -          
[737.293s][info][gc,heap     ] GC(43) Allocated:         -                12M (0%)           12M (0%)           12M (0%)             -                  -          
[737.293s][info][gc,heap     ] GC(43)   Garbage:         -               458M (11%)         134M (3%)           36M (1%)             -                  -          
[737.293s][info][gc,heap     ] GC(43) Reclaimed:         -                  -               324M (8%)          422M (10%)            -                  -          
[737.293s][info][gc          ] GC(43) Garbage Collection (Proactive) 476M(12%)->66M(2%)
[740.153s][info][gc,stats    ] === Garbage Collection Statistics =======================================================================================================================
[740.153s][info][gc,stats    ]                                                              Last 10s              Last 10m              Last 10h                Total
[740.154s][info][gc,stats    ]                                                              Avg / Max             Avg / Max             Avg / Max             Avg / Max
[740.154s][info][gc,stats    ]   Collector: Garbage Collection Cycle                     30.828 / 30.828       30.205 / 46.419       31.358 / 54.411       31.358 / 54.411      ms
[740.154s][info][gc,stats    ]  Contention: Mark Segment Reset Contention                     0 / 0                 0 / 3                 0 / 3                 0 / 3           ops/s
[740.154s][info][gc,stats    ]  Contention: Mark SeqNum Reset Contention                      0 / 1                 0 / 2                 0 / 2                 0 / 2           ops/s
[740.154s][info][gc,stats    ]    Critical: Allocation Stall                                  0 / 0                 0 / 0                 0 / 0                 0 / 0           ops/s
[740.154s][info][gc,stats    ]    Critical: Allocation Stall                              0.000 / 0.000         0.000 / 0.000         0.000 / 0.000         0.000 / 0.000       ms
[740.154s][info][gc,stats    ]    Critical: GC Locker Stall                                   0 / 0                 0 / 0                 0 / 0                 0 / 0           ops/s
[740.154s][info][gc,stats    ]    Critical: GC Locker Stall                               0.000 / 0.000         0.000 / 0.000         0.000 / 0.000         0.000 / 0.000       ms
[740.154s][info][gc,stats    ]    Critical: Relocation Stall                                  0 / 0                 0 / 0                 0 / 0                 0 / 0           ops/s
[740.154s][info][gc,stats    ]    Critical: Relocation Stall                              0.000 / 0.000         0.000 / 0.000         0.000 / 0.000         0.000 / 0.000       ms
[740.154s][info][gc,stats    ]      Memory: Allocation Rate                                  24 / 34               24 / 128              25 / 148              25 / 148         MB/s
[740.154s][info][gc,stats    ]      Memory: Out Of Memory                                     0 / 0                 0 / 0                 0 / 0                 0 / 0           ops/s
[740.154s][info][gc,stats    ]      Memory: Page Cache Flush                                  0 / 0                 0 / 0                 0 / 0                 0 / 0           MB/s
[740.154s][info][gc,stats    ]      Memory: Page Cache Hit L1                                12 / 19               12 / 36               11 / 78               11 / 78          ops/s
[740.154s][info][gc,stats    ]      Memory: Page Cache Hit L2                                 0 / 0                 0 / 0                 0 / 0                 0 / 0           ops/s
[740.154s][info][gc,stats    ]      Memory: Page Cache Hit L3                                 0 / 0                 0 / 1                 0 / 48                0 / 48          ops/s
[740.154s][info][gc,stats    ]      Memory: Page Cache Miss                                   0 / 0                 0 / 0                 0 / 1                 0 / 1           ops/s
[740.154s][info][gc,stats    ]      Memory: Uncommit                                          0 / 0                 0 / 0                 0 / 0                 0 / 0           MB/s
[740.154s][info][gc,stats    ]      Memory: Undo Object Allocation Failed                     0 / 0                 0 / 0                 0 / 1                 0 / 1           ops/s
[740.154s][info][gc,stats    ]      Memory: Undo Object Allocation Succeeded                  0 / 0                 0 / 0                 0 / 22                0 / 22          ops/s
[740.154s][info][gc,stats    ]      Memory: Undo Page Allocation                              0 / 0                 0 / 1                 0 / 2                 0 / 2           ops/s
[740.154s][info][gc,stats    ]       Phase: Concurrent Mark                              16.689 / 16.689       17.189 / 26.064       18.174 / 38.897       18.174 / 38.897      ms
[740.154s][info][gc,stats    ]       Phase: Concurrent Mark Continue                      0.000 / 0.000         0.000 / 0.000         0.000 / 0.000         0.000 / 0.000       ms
[740.154s][info][gc,stats    ]       Phase: Concurrent Mark Free                          0.002 / 0.002         0.001 / 0.003         0.001 / 0.003         0.001 / 0.003       ms
[740.154s][info][gc,stats    ]       Phase: Concurrent Process Non-Strong References      8.540 / 8.540         9.104 / 17.263        8.974 / 17.263        8.974 / 17.263      ms
[740.154s][info][gc,stats    ]       Phase: Concurrent Relocate                           0.594 / 0.594         0.795 / 1.968         1.050 / 6.891         1.050 / 6.891       ms
[740.154s][info][gc,stats    ]       Phase: Concurrent Reset Relocation Set               0.005 / 0.005         0.004 / 0.008         0.005 / 0.011         0.005 / 0.011       ms
[740.154s][info][gc,stats    ]       Phase: Concurrent Select Relocation Set              3.260 / 3.260         1.586 / 3.268         1.641 / 3.477         1.641 / 3.477       ms
[740.154s][info][gc,stats    ]       Phase: Pause Mark End                                0.030 / 0.030         0.024 / 0.037         0.024 / 0.065         0.024 / 0.065       ms
[740.154s][info][gc,stats    ]       Phase: Pause Mark Start                              0.011 / 0.011         0.012 / 0.027         0.012 / 0.027         0.012 / 0.027       ms
[740.154s][info][gc,stats    ]       Phase: Pause Relocate Start                          0.010 / 0.010         0.009 / 0.012         0.009 / 0.019         0.009 / 0.019       ms
[740.154s][info][gc,stats    ]    Subphase: Concurrent Classes Purge                      0.326 / 0.326         0.383 / 2.002         0.363 / 2.002         0.363 / 2.002       ms
[740.154s][info][gc,stats    ]    Subphase: Concurrent Classes Unlink                     7.387 / 7.387         7.843 / 14.151        7.724 / 14.151        7.724 / 14.151      ms
[740.154s][info][gc,stats    ]    Subphase: Concurrent Mark                              13.941 / 15.985       14.124 / 25.274       14.802 / 33.017       14.802 / 33.017      ms
[740.154s][info][gc,stats    ]    Subphase: Concurrent Mark Try Flush                     0.107 / 0.166         0.127 / 0.286         0.124 / 0.286         0.124 / 0.286       ms
[740.154s][info][gc,stats    ]    Subphase: Concurrent Mark Try Terminate                 1.719 / 5.100         1.798 / 16.074        1.891 / 16.074        1.891 / 16.074      ms
[740.154s][info][gc,stats    ]    Subphase: Concurrent References Enqueue                 0.001 / 0.001         0.002 / 0.010         0.002 / 0.010         0.002 / 0.010       ms
[740.154s][info][gc,stats    ]    Subphase: Concurrent References Process                 0.140 / 0.140         0.160 / 0.212         0.166 / 0.513         0.166 / 0.513       ms
[740.154s][info][gc,stats    ]    Subphase: Concurrent Roots ClassLoaderDataGraph         0.124 / 0.225         0.145 / 0.547         0.150 / 0.547         0.150 / 0.547       ms
[740.154s][info][gc,stats    ]    Subphase: Concurrent Roots CodeCache                    0.000 / 0.000         0.000 / 0.000         0.000 / 0.000         0.000 / 0.000       ms
[740.154s][info][gc,stats    ]    Subphase: Concurrent Roots JavaThreads                  0.310 / 0.401         0.355 / 0.961         0.512 / 5.702         0.512 / 5.702       ms
[740.154s][info][gc,stats    ]    Subphase: Concurrent Roots OopStorageSet                0.027 / 0.037         0.026 / 0.056         0.027 / 0.085         0.027 / 0.085       ms
[740.154s][info][gc,stats    ]    Subphase: Concurrent Weak Roots OopStorageSet           0.474 / 0.475         0.503 / 0.760         0.510 / 0.939         0.510 / 0.939       ms
[740.154s][info][gc,stats    ]    Subphase: Pause Mark Try Complete                       0.000 / 0.000         0.000 / 0.000         0.000 / 0.000         0.000 / 0.000       ms
[740.154s][info][gc,stats    ]      System: Java Threads                                     33 / 33               32 / 33               32 / 34               32 / 34          threads
[740.154s][info][gc,stats    ] =========================================================================================================================================================
[744.804s][info][gc,start    ] GC(44) Garbage Collection (System.gc())
[744.804s][info][gc,task     ] GC(44) Using 2 workers
[744.804s][info][gc,phases   ] GC(44) Pause Mark Start 0.006ms
[744.821s][info][gc,phases   ] GC(44) Concurrent Mark 16.675ms
[744.821s][info][gc,phases   ] GC(44) Pause Mark End 0.019ms
[744.821s][info][gc,phases   ] GC(44) Concurrent Mark Free 0.002ms
[744.839s][info][gc,phases   ] GC(44) Concurrent Process Non-Strong References 17.607ms
[744.839s][info][gc,phases   ] GC(44) Concurrent Reset Relocation Set 0.003ms
[744.841s][info][gc,phases   ] GC(44) Concurrent Select Relocation Set 1.472ms
[744.841s][info][gc,phases   ] GC(44) Pause Relocate Start 0.008ms
[744.842s][info][gc,phases   ] GC(44) Concurrent Relocate 1.238ms
[744.842s][info][gc,load     ] GC(44) Load: 0.00/0.00/0.00
[744.842s][info][gc,mmu      ] GC(44) MMU: 2ms/96.8%, 5ms/98.7%, 10ms/99.2%, 20ms/99.6%, 50ms/99.8%, 100ms/99.9%
[744.842s][info][gc,marking  ] GC(44) Mark: 2 stripe(s), 1 proactive flush(es), 1 terminate flush(es), 0 completion(s), 0 continuation(s) 
[744.842s][info][gc,marking  ] GC(44) Mark Stack Usage: 32M
[744.842s][info][gc,nmethod  ] GC(44) NMethods: 8060 registered, 3121 unregistered
[744.842s][info][gc,metaspace] GC(44) Metaspace: 31M used, 33M committed, 1088M reserved
[744.842s][info][gc,ref      ] GC(44) Soft: 3977 encountered, 0 discovered, 0 enqueued
[744.842s][info][gc,ref      ] GC(44) Weak: 1897 encountered, 502 discovered, 77 enqueued
[744.842s][info][gc,ref      ] GC(44) Final: 3 encountered, 1 discovered, 0 enqueued
[744.842s][info][gc,ref      ] GC(44) Phantom: 265 encountered, 183 discovered, 3 enqueued
[744.842s][info][gc,reloc    ] GC(44) Small Pages: 99 / 198M, Empty: 118M, Relocated: 1M, In-Place: 0
[744.842s][info][gc,reloc    ] GC(44) Medium Pages: 2 / 64M, Empty: 32M, Relocated: 0M, In-Place: 0
[744.842s][info][gc,reloc    ] GC(44) Large Pages: 0 / 0M, Empty: 0M, Relocated: 0M, In-Place: 0
[744.842s][info][gc,reloc    ] GC(44) Forwarding Usage: 0M
[744.842s][info][gc,heap     ] GC(44) Min Capacity: 4096M(100%)
[744.842s][info][gc,heap     ] GC(44) Max Capacity: 4096M(100%)
[744.842s][info][gc,heap     ] GC(44) Soft Max Capacity: 4096M(100%)
[744.842s][info][gc,heap     ] GC(44)                Mark Start          Mark End        Relocate Start      Relocate End           High               Low         
[744.842s][info][gc,heap     ] GC(44)  Capacity:     4096M (100%)       4096M (100%)       4096M (100%)       4096M (100%)       4096M (100%)       4096M (100%)   
[744.842s][info][gc,heap     ] GC(44)      Free:     3834M (94%)        3834M (94%)        3980M (97%)        4038M (99%)        4038M (99%)        3830M (94%)    
[744.842s][info][gc,heap     ] GC(44)      Used:      262M (6%)          262M (6%)          116M (3%)           58M (1%)          266M (6%)           58M (1%)     
[744.842s][info][gc,heap     ] GC(44)      Live:         -                16M (0%)           16M (0%)           16M (0%)             -                  -          
[744.842s][info][gc,heap     ] GC(44) Allocated:         -                 0M (0%)            4M (0%)            5M (0%)             -                  -          
[744.842s][info][gc,heap     ] GC(44)   Garbage:         -               245M (6%)           95M (2%)           35M (1%)             -                  -          
[744.842s][info][gc,heap     ] GC(44) Reclaimed:         -                  -               150M (4%)          209M (5%)             -                  -          
[744.842s][info][gc          ] GC(44) Garbage Collection (System.gc()) 262M(6%)->58M(1%)
[750.152s][info][gc,stats    ] === Garbage Collection Statistics =======================================================================================================================
[750.152s][info][gc,stats    ]                                                              Last 10s              Last 10m              Last 10h                Total
[750.152s][info][gc,stats    ]                                                              Avg / Max             Avg / Max             Avg / Max             Avg / Max
[750.152s][info][gc,stats    ]   Collector: Garbage Collection Cycle                     37.930 / 37.930       30.444 / 46.419       31.504 / 54.411       31.504 / 54.411      ms
[750.152s][info][gc,stats    ]  Contention: Mark Segment Reset Contention                     0 / 0                 0 / 3                 0 / 3                 0 / 3           ops/s
[750.152s][info][gc,stats    ]  Contention: Mark SeqNum Reset Contention                      0 / 1                 0 / 2                 0 / 2                 0 / 2           ops/s
[750.152s][info][gc,stats    ]    Critical: Allocation Stall                                  0 / 0                 0 / 0                 0 / 0                 0 / 0           ops/s
[750.152s][info][gc,stats    ]    Critical: Allocation Stall                              0.000 / 0.000         0.000 / 0.000         0.000 / 0.000         0.000 / 0.000       ms
[750.152s][info][gc,stats    ]    Critical: GC Locker Stall                                   0 / 0                 0 / 0                 0 / 0                 0 / 0           ops/s
[750.152s][info][gc,stats    ]    Critical: GC Locker Stall                               0.000 / 0.000         0.000 / 0.000         0.000 / 0.000         0.000 / 0.000       ms
[750.152s][info][gc,stats    ]    Critical: Relocation Stall                                  0 / 0                 0 / 0                 0 / 0                 0 / 0           ops/s
[750.152s][info][gc,stats    ]    Critical: Relocation Stall                              0.000 / 0.000         0.000 / 0.000         0.000 / 0.000         0.000 / 0.000       ms
[750.152s][info][gc,stats    ]      Memory: Allocation Rate                                  34 / 120              25 / 128              25 / 148              25 / 148         MB/s
[750.152s][info][gc,stats    ]      Memory: Out Of Memory                                     0 / 0                 0 / 0                 0 / 0                 0 / 0           ops/s
[750.152s][info][gc,stats    ]      Memory: Page Cache Flush                                  0 / 0                 0 / 0                 0 / 0                 0 / 0           MB/s
[750.152s][info][gc,stats    ]      Memory: Page Cache Hit L1                                14 / 32               12 / 36               11 / 78               11 / 78          ops/s
[750.152s][info][gc,stats    ]      Memory: Page Cache Hit L2                                 0 / 0                 0 / 0                 0 / 0                 0 / 0           ops/s
[750.152s][info][gc,stats    ]      Memory: Page Cache Hit L3                                 0 / 0                 0 / 1                 0 / 48                0 / 48          ops/s
[750.152s][info][gc,stats    ]      Memory: Page Cache Miss                                   0 / 0                 0 / 0                 0 / 1                 0 / 1           ops/s
[750.152s][info][gc,stats    ]      Memory: Uncommit                                          0 / 0                 0 / 0                 0 / 0                 0 / 0           MB/s
[750.152s][info][gc,stats    ]      Memory: Undo Object Allocation Failed                     0 / 0                 0 / 0                 0 / 1                 0 / 1           ops/s
[750.152s][info][gc,stats    ]      Memory: Undo Object Allocation Succeeded                  0 / 0                 0 / 0                 0 / 22                0 / 22          ops/s
[750.152s][info][gc,stats    ]      Memory: Undo Page Allocation                              0 / 0                 0 / 1                 0 / 2                 0 / 2           ops/s
[750.152s][info][gc,stats    ]       Phase: Concurrent Mark                              16.675 / 16.675       17.180 / 26.064       18.140 / 38.897       18.140 / 38.897      ms
[750.152s][info][gc,stats    ]       Phase: Concurrent Mark Continue                      0.000 / 0.000         0.000 / 0.000         0.000 / 0.000         0.000 / 0.000       ms
[750.152s][info][gc,stats    ]       Phase: Concurrent Mark Free                          0.002 / 0.002         0.001 / 0.003         0.001 / 0.003         0.001 / 0.003       ms
[750.152s][info][gc,stats    ]       Phase: Concurrent Process Non-Strong References     17.607 / 17.607        9.340 / 17.607        9.166 / 17.607        9.166 / 17.607      ms
[750.152s][info][gc,stats    ]       Phase: Concurrent Relocate                           1.238 / 1.238         0.810 / 1.968         1.055 / 6.891         1.055 / 6.891       ms
[750.152s][info][gc,stats    ]       Phase: Concurrent Reset Relocation Set               0.003 / 0.003         0.004 / 0.008         0.005 / 0.011         0.005 / 0.011       ms
[750.152s][info][gc,stats    ]       Phase: Concurrent Select Relocation Set              1.472 / 1.472         1.588 / 3.268         1.638 / 3.477         1.638 / 3.477       ms
[750.152s][info][gc,stats    ]       Phase: Pause Mark End                                0.019 / 0.019         0.024 / 0.037         0.024 / 0.065         0.024 / 0.065       ms
[750.152s][info][gc,stats    ]       Phase: Pause Mark Start                              0.006 / 0.006         0.012 / 0.027         0.011 / 0.027         0.011 / 0.027       ms
[750.152s][info][gc,stats    ]       Phase: Pause Relocate Start                          0.008 / 0.008         0.009 / 0.012         0.009 / 0.019         0.009 / 0.019       ms
[750.152s][info][gc,stats    ]    Subphase: Concurrent Classes Purge                      1.726 / 1.726         0.421 / 2.002         0.393 / 2.002         0.393 / 2.002       ms
[750.152s][info][gc,stats    ]    Subphase: Concurrent Classes Unlink                    15.182 / 15.182        8.053 / 15.182        7.890 / 15.182        7.890 / 15.182      ms
[750.153s][info][gc,stats    ]    Subphase: Concurrent Mark                              12.557 / 16.058       14.066 / 25.274       14.752 / 33.017       14.752 / 33.017      ms
[750.153s][info][gc,stats    ]    Subphase: Concurrent Mark Try Flush                     0.113 / 0.152         0.127 / 0.286         0.124 / 0.286         0.124 / 0.286       ms
[750.153s][info][gc,stats    ]    Subphase: Concurrent Mark Try Terminate                 2.386 / 7.083         1.839 / 16.074        1.902 / 16.074        1.902 / 16.074      ms
[750.153s][info][gc,stats    ]    Subphase: Concurrent References Enqueue                 0.007 / 0.007         0.002 / 0.010         0.002 / 0.010         0.002 / 0.010       ms
[750.153s][info][gc,stats    ]    Subphase: Concurrent References Process                 0.157 / 0.157         0.160 / 0.212         0.165 / 0.513         0.165 / 0.513       ms
[750.153s][info][gc,stats    ]    Subphase: Concurrent Roots ClassLoaderDataGraph         0.108 / 0.194         0.141 / 0.547         0.149 / 0.547         0.149 / 0.547       ms
[750.153s][info][gc,stats    ]    Subphase: Concurrent Roots CodeCache                    0.000 / 0.000         0.000 / 0.000         0.000 / 0.000         0.000 / 0.000       ms
[750.153s][info][gc,stats    ]    Subphase: Concurrent Roots JavaThreads                  0.270 / 0.363         0.343 / 0.961         0.507 / 5.702         0.507 / 5.702       ms
[750.153s][info][gc,stats    ]    Subphase: Concurrent Roots OopStorageSet                0.020 / 0.025         0.026 / 0.056         0.027 / 0.085         0.027 / 0.085       ms
[750.153s][info][gc,stats    ]    Subphase: Concurrent Weak Roots OopStorageSet           0.301 / 0.309         0.490 / 0.737         0.505 / 0.939         0.505 / 0.939       ms
[750.153s][info][gc,stats    ]    Subphase: Pause Mark Try Complete                       0.000 / 0.000         0.000 / 0.000         0.000 / 0.000         0.000 / 0.000       ms
[750.153s][info][gc,stats    ]      System: Java Threads                                     27 / 27               32 / 33               32 / 34               32 / 34          threads
[750.153s][info][gc,stats    ] =========================================================================================================================================================
[758.651s][info][gc,start    ] GC(45) Garbage Collection (Proactive)
[758.651s][info][gc,task     ] GC(45) Using 2 workers
[758.651s][info][gc,phases   ] GC(45) Pause Mark Start 0.010ms
[758.668s][info][gc,phases   ] GC(45) Concurrent Mark 16.959ms
[758.668s][info][gc,phases   ] GC(45) Pause Mark End 0.020ms
[758.668s][info][gc,phases   ] GC(45) Concurrent Mark Free 0.001ms
[758.677s][info][gc,phases   ] GC(45) Concurrent Process Non-Strong References 8.375ms
[758.677s][info][gc,phases   ] GC(45) Concurrent Reset Relocation Set 0.002ms
[758.678s][info][gc,phases   ] GC(45) Concurrent Select Relocation Set 1.515ms
[758.678s][info][gc,phases   ] GC(45) Pause Relocate Start 0.007ms
[758.680s][info][gc,phases   ] GC(45) Concurrent Relocate 1.465ms
[758.680s][info][gc,load     ] GC(45) Load: 0.00/0.00/0.00
[758.680s][info][gc,mmu      ] GC(45) MMU: 2ms/96.8%, 5ms/98.7%, 10ms/99.2%, 20ms/99.6%, 50ms/99.8%, 100ms/99.9%
[758.680s][info][gc,marking  ] GC(45) Mark: 2 stripe(s), 2 proactive flush(es), 1 terminate flush(es), 0 completion(s), 0 continuation(s) 
[758.680s][info][gc,marking  ] GC(45) Mark Stack Usage: 32M
[758.680s][info][gc,nmethod  ] GC(45) NMethods: 8116 registered, 3292 unregistered
[758.680s][info][gc,metaspace] GC(45) Metaspace: 32M used, 33M committed, 1088M reserved
[758.680s][info][gc,ref      ] GC(45) Soft: 4121 encountered, 0 discovered, 0 enqueued
[758.680s][info][gc,ref      ] GC(45) Weak: 2372 encountered, 582 discovered, 213 enqueued
[758.680s][info][gc,ref      ] GC(45) Final: 3 encountered, 1 discovered, 0 enqueued
[758.680s][info][gc,ref      ] GC(45) Phantom: 288 encountered, 215 discovered, 14 enqueued
[758.680s][info][gc,reloc    ] GC(45) Small Pages: 202 / 404M, Empty: 180M, Relocated: 2M, In-Place: 0
[758.680s][info][gc,reloc    ] GC(45) Medium Pages: 2 / 64M, Empty: 32M, Relocated: 0M, In-Place: 0
[758.680s][info][gc,reloc    ] GC(45) Large Pages: 0 / 0M, Empty: 0M, Relocated: 0M, In-Place: 0
[758.680s][info][gc,reloc    ] GC(45) Forwarding Usage: 0M
[758.680s][info][gc,heap     ] GC(45) Min Capacity: 4096M(100%)
[758.680s][info][gc,heap     ] GC(45) Max Capacity: 4096M(100%)
[758.680s][info][gc,heap     ] GC(45) Soft Max Capacity: 4096M(100%)
[758.680s][info][gc,heap     ] GC(45)                Mark Start          Mark End        Relocate Start      Relocate End           High               Low         
[758.680s][info][gc,heap     ] GC(45)  Capacity:     4096M (100%)       4096M (100%)       4096M (100%)       4096M (100%)       4096M (100%)       4096M (100%)   
[758.680s][info][gc,heap     ] GC(45)      Free:     3628M (89%)        3618M (88%)        3828M (93%)        4032M (98%)        4032M (98%)        3616M (88%)    
[758.680s][info][gc,heap     ] GC(45)      Used:      468M (11%)         478M (12%)         268M (7%)           64M (2%)          480M (12%)          64M (2%)     
[758.680s][info][gc,heap     ] GC(45)      Live:         -                17M (0%)           17M (0%)           17M (0%)             -                  -          
[758.680s][info][gc,heap     ] GC(45) Allocated:         -                10M (0%)           12M (0%)           12M (0%)             -                  -          
[758.680s][info][gc,heap     ] GC(45)   Garbage:         -               450M (11%)         238M (6%)           34M (1%)             -                  -          
[758.680s][info][gc,heap     ] GC(45) Reclaimed:         -                  -               212M (5%)          416M (10%)            -                  -          
[758.680s][info][gc          ] GC(45) Garbage Collection (Proactive) 468M(11%)->64M(2%)
[760.156s][info][gc,stats    ] === Garbage Collection Statistics =======================================================================================================================
[760.156s][info][gc,stats    ]                                                              Last 10s              Last 10m              Last 10h                Total
[760.156s][info][gc,stats    ]                                                              Avg / Max             Avg / Max             Avg / Max             Avg / Max
[760.156s][info][gc,stats    ]   Collector: Garbage Collection Cycle                     29.340 / 29.340       30.415 / 46.419       31.457 / 54.411       31.457 / 54.411      ms
[760.156s][info][gc,stats    ]  Contention: Mark Segment Reset Contention                     0 / 0                 0 / 3                 0 / 3                 0 / 3           ops/s
[760.156s][info][gc,stats    ]  Contention: Mark SeqNum Reset Contention                      0 / 0                 0 / 2                 0 / 2                 0 / 2           ops/s
[760.156s][info][gc,stats    ]    Critical: Allocation Stall                                  0 / 0                 0 / 0                 0 / 0                 0 / 0           ops/s
[760.156s][info][gc,stats    ]    Critical: Allocation Stall                              0.000 / 0.000         0.000 / 0.000         0.000 / 0.000         0.000 / 0.000       ms
[760.156s][info][gc,stats    ]    Critical: GC Locker Stall                                   0 / 0                 0 / 0                 0 / 0                 0 / 0           ops/s
[760.156s][info][gc,stats    ]    Critical: GC Locker Stall                               0.000 / 0.000         0.000 / 0.000         0.000 / 0.000         0.000 / 0.000       ms
[760.156s][info][gc,stats    ]    Critical: Relocation Stall                                  0 / 0                 0 / 0                 0 / 0                 0 / 0           ops/s
[760.156s][info][gc,stats    ]    Critical: Relocation Stall                              0.000 / 0.000         0.000 / 0.000         0.000 / 0.000         0.000 / 0.000       ms
[760.156s][info][gc,stats    ]      Memory: Allocation Rate                                  25 / 38               25 / 128              25 / 148              25 / 148         MB/s
[760.156s][info][gc,stats    ]      Memory: Out Of Memory                                     0 / 0                 0 / 0                 0 / 0                 0 / 0           ops/s
[760.156s][info][gc,stats    ]      Memory: Page Cache Flush                                  0 / 0                 0 / 0                 0 / 0                 0 / 0           MB/s
[760.156s][info][gc,stats    ]      Memory: Page Cache Hit L1                                12 / 21               12 / 36               11 / 78               11 / 78          ops/s
[760.156s][info][gc,stats    ]      Memory: Page Cache Hit L2                                 0 / 0                 0 / 0                 0 / 0                 0 / 0           ops/s
[760.156s][info][gc,stats    ]      Memory: Page Cache Hit L3                                 0 / 0                 0 / 1                 0 / 48                0 / 48          ops/s
[760.156s][info][gc,stats    ]      Memory: Page Cache Miss                                   0 / 0                 0 / 0                 0 / 1                 0 / 1           ops/s
[760.156s][info][gc,stats    ]      Memory: Uncommit                                          0 / 0                 0 / 0                 0 / 0                 0 / 0           MB/s
[760.156s][info][gc,stats    ]      Memory: Undo Object Allocation Failed                     0 / 0                 0 / 0                 0 / 1                 0 / 1           ops/s
[760.156s][info][gc,stats    ]      Memory: Undo Object Allocation Succeeded                  0 / 0                 0 / 0                 0 / 22                0 / 22          ops/s
[760.156s][info][gc,stats    ]      Memory: Undo Page Allocation                              0 / 1                 0 / 1                 0 / 2                 0 / 2           ops/s
[760.156s][info][gc,stats    ]       Phase: Concurrent Mark                              16.959 / 16.959       17.174 / 26.064       18.115 / 38.897       18.115 / 38.897      ms
[760.156s][info][gc,stats    ]       Phase: Concurrent Mark Continue                      0.000 / 0.000         0.000 / 0.000         0.000 / 0.000         0.000 / 0.000       ms
[760.156s][info][gc,stats    ]       Phase: Concurrent Mark Free                          0.001 / 0.001         0.001 / 0.003         0.001 / 0.003         0.001 / 0.003       ms
[760.156s][info][gc,stats    ]       Phase: Concurrent Process Non-Strong References      8.375 / 8.375         9.315 / 17.607        9.148 / 17.607        9.148 / 17.607      ms
[760.156s][info][gc,stats    ]       Phase: Concurrent Relocate                           1.465 / 1.465         0.828 / 1.968         1.064 / 6.891         1.064 / 6.891       ms
[760.156s][info][gc,stats    ]       Phase: Concurrent Reset Relocation Set               0.002 / 0.002         0.004 / 0.008         0.005 / 0.011         0.005 / 0.011       ms
[760.156s][info][gc,stats    ]       Phase: Concurrent Select Relocation Set              1.515 / 1.515         1.586 / 3.268         1.635 / 3.477         1.635 / 3.477       ms
[760.156s][info][gc,stats    ]       Phase: Pause Mark End                                0.020 / 0.020         0.024 / 0.037         0.024 / 0.065         0.024 / 0.065       ms
[760.157s][info][gc,stats    ]       Phase: Pause Mark Start                              0.010 / 0.010         0.012 / 0.027         0.011 / 0.027         0.011 / 0.027       ms
[760.157s][info][gc,stats    ]       Phase: Pause Relocate Start                          0.007 / 0.007         0.009 / 0.012         0.009 / 0.019         0.009 / 0.019       ms
[760.157s][info][gc,stats    ]    Subphase: Concurrent Classes Purge                      0.234 / 0.234         0.416 / 2.002         0.390 / 2.002         0.390 / 2.002       ms
[760.157s][info][gc,stats    ]    Subphase: Concurrent Classes Unlink                     7.219 / 7.219         8.030 / 15.182        7.875 / 15.182        7.875 / 15.182      ms
[760.157s][info][gc,stats    ]    Subphase: Concurrent Mark                              14.815 / 16.144       14.086 / 25.274       14.754 / 33.017       14.754 / 33.017      ms
[760.157s][info][gc,stats    ]    Subphase: Concurrent Mark Try Flush                     0.126 / 0.245         0.127 / 0.286         0.124 / 0.286         0.124 / 0.286       ms
[760.157s][info][gc,stats    ]    Subphase: Concurrent Mark Try Terminate                 0.948 / 2.782         1.815 / 16.074        1.881 / 16.074        1.881 / 16.074      ms
[760.157s][info][gc,stats    ]    Subphase: Concurrent References Enqueue                 0.004 / 0.004         0.002 / 0.010         0.002 / 0.010         0.002 / 0.010       ms
[760.157s][info][gc,stats    ]    Subphase: Concurrent References Process                 0.143 / 0.143         0.160 / 0.212         0.165 / 0.513         0.165 / 0.513       ms
[760.157s][info][gc,stats    ]    Subphase: Concurrent Roots ClassLoaderDataGraph         0.189 / 0.331         0.142 / 0.547         0.150 / 0.547         0.150 / 0.547       ms
[760.157s][info][gc,stats    ]    Subphase: Concurrent Roots CodeCache                    0.000 / 0.000         0.000 / 0.000         0.000 / 0.000         0.000 / 0.000       ms
[760.157s][info][gc,stats    ]    Subphase: Concurrent Roots JavaThreads                  0.391 / 0.527         0.344 / 0.961         0.504 / 5.702         0.504 / 5.702       ms
[760.157s][info][gc,stats    ]    Subphase: Concurrent Roots OopStorageSet                0.056 / 0.059         0.026 / 0.059         0.028 / 0.085         0.028 / 0.085       ms
[760.157s][info][gc,stats    ]    Subphase: Concurrent Weak Roots OopStorageSet           0.515 / 0.517         0.491 / 0.737         0.505 / 0.939         0.505 / 0.939       ms
[760.157s][info][gc,stats    ]    Subphase: Pause Mark Try Complete                       0.000 / 0.000         0.000 / 0.000         0.000 / 0.000         0.000 / 0.000       ms
[760.157s][info][gc,stats    ]      System: Java Threads                                     33 / 33               32 / 33               32 / 34               32 / 34          threads
[760.157s][info][gc,stats    ] =========================================================================================================================================================
[770.151s][info][gc,stats    ] === Garbage Collection Statistics =======================================================================================================================
[770.151s][info][gc,stats    ]                                                              Last 10s              Last 10m              Last 10h                Total
[770.151s][info][gc,stats    ]                                                              Avg / Max             Avg / Max             Avg / Max             Avg / Max
[770.151s][info][gc,stats    ]   Collector: Garbage Collection Cycle                      0.000 / 0.000        30.438 / 46.419       31.457 / 54.411       31.457 / 54.411      ms
[770.151s][info][gc,stats    ]  Contention: Mark Segment Reset Contention                     0 / 0                 0 / 3                 0 / 3                 0 / 3           ops/s
[770.151s][info][gc,stats    ]  Contention: Mark SeqNum Reset Contention                      0 / 0                 0 / 2                 0 / 2                 0 / 2           ops/s
[770.151s][info][gc,stats    ]    Critical: Allocation Stall                                  0 / 0                 0 / 0                 0 / 0                 0 / 0           ops/s
[770.151s][info][gc,stats    ]    Critical: Allocation Stall                              0.000 / 0.000         0.000 / 0.000         0.000 / 0.000         0.000 / 0.000       ms
[770.151s][info][gc,stats    ]    Critical: GC Locker Stall                                   0 / 0                 0 / 0                 0 / 0                 0 / 0           ops/s
[770.151s][info][gc,stats    ]    Critical: GC Locker Stall                               0.000 / 0.000         0.000 / 0.000         0.000 / 0.000         0.000 / 0.000       ms
[770.151s][info][gc,stats    ]    Critical: Relocation Stall                                  0 / 0                 0 / 0                 0 / 0                 0 / 0           ops/s
[770.151s][info][gc,stats    ]    Critical: Relocation Stall                              0.000 / 0.000         0.000 / 0.000         0.000 / 0.000         0.000 / 0.000       ms
[770.151s][info][gc,stats    ]      Memory: Allocation Rate                                  24 / 26               25 / 128              25 / 148              25 / 148         MB/s
[770.151s][info][gc,stats    ]      Memory: Out Of Memory                                     0 / 0                 0 / 0                 0 / 0                 0 / 0           ops/s
[770.151s][info][gc,stats    ]      Memory: Page Cache Flush                                  0 / 0                 0 / 0                 0 / 0                 0 / 0           MB/s
[770.151s][info][gc,stats    ]      Memory: Page Cache Hit L1                                12 / 13               12 / 36               11 / 78               11 / 78          ops/s
[770.151s][info][gc,stats    ]      Memory: Page Cache Hit L2                                 0 / 0                 0 / 0                 0 / 0                 0 / 0           ops/s
[770.151s][info][gc,stats    ]      Memory: Page Cache Hit L3                                 0 / 0                 0 / 1                 0 / 48                0 / 48          ops/s
[770.151s][info][gc,stats    ]      Memory: Page Cache Miss                                   0 / 0                 0 / 0                 0 / 1                 0 / 1           ops/s
[770.151s][info][gc,stats    ]      Memory: Uncommit                                          0 / 0                 0 / 0                 0 / 0                 0 / 0           MB/s
[770.151s][info][gc,stats    ]      Memory: Undo Object Allocation Failed                     0 / 0                 0 / 0                 0 / 1                 0 / 1           ops/s
[770.151s][info][gc,stats    ]      Memory: Undo Object Allocation Succeeded                  0 / 0                 0 / 0                 0 / 22                0 / 22          ops/s
[770.151s][info][gc,stats    ]      Memory: Undo Page Allocation                              0 / 0                 0 / 1                 0 / 2                 0 / 2           ops/s
[770.151s][info][gc,stats    ]       Phase: Concurrent Mark                               0.000 / 0.000        17.177 / 26.064       18.115 / 38.897       18.115 / 38.897      ms
[770.151s][info][gc,stats    ]       Phase: Concurrent Mark Continue                      0.000 / 0.000         0.000 / 0.000         0.000 / 0.000         0.000 / 0.000       ms
[770.151s][info][gc,stats    ]       Phase: Concurrent Mark Free                          0.000 / 0.000         0.001 / 0.003         0.001 / 0.003         0.001 / 0.003       ms
[770.151s][info][gc,stats    ]       Phase: Concurrent Process Non-Strong References      0.000 / 0.000         9.329 / 17.607        9.148 / 17.607        9.148 / 17.607      ms
[770.151s][info][gc,stats    ]       Phase: Concurrent Relocate                           0.000 / 0.000         0.820 / 1.968         1.064 / 6.891         1.064 / 6.891       ms
[770.151s][info][gc,stats    ]       Phase: Concurrent Reset Relocation Set               0.000 / 0.000         0.004 / 0.008         0.005 / 0.011         0.005 / 0.011       ms
[770.151s][info][gc,stats    ]       Phase: Concurrent Select Relocation Set              0.000 / 0.000         1.596 / 3.268         1.635 / 3.477         1.635 / 3.477       ms
[770.151s][info][gc,stats    ]       Phase: Pause Mark End                                0.000 / 0.000         0.024 / 0.037         0.024 / 0.065         0.024 / 0.065       ms
[770.151s][info][gc,stats    ]       Phase: Pause Mark Start                              0.000 / 0.000         0.012 / 0.027         0.011 / 0.027         0.011 / 0.027       ms
[770.151s][info][gc,stats    ]       Phase: Pause Relocate Start                          0.000 / 0.000         0.009 / 0.012         0.009 / 0.019         0.009 / 0.019       ms
[770.151s][info][gc,stats    ]    Subphase: Concurrent Classes Purge                      0.000 / 0.000         0.420 / 2.002         0.390 / 2.002         0.390 / 2.002       ms
[770.151s][info][gc,stats    ]    Subphase: Concurrent Classes Unlink                     0.000 / 0.000         8.043 / 15.182        7.875 / 15.182        7.875 / 15.182      ms
[770.151s][info][gc,stats    ]    Subphase: Concurrent Mark                               0.000 / 0.000        14.068 / 25.274       14.754 / 33.017       14.754 / 33.017      ms
[770.151s][info][gc,stats    ]    Subphase: Concurrent Mark Try Flush                     0.000 / 0.000         0.127 / 0.286         0.124 / 0.286         0.124 / 0.286       ms
[770.151s][info][gc,stats    ]    Subphase: Concurrent Mark Try Terminate                 0.000 / 0.000         1.827 / 16.074        1.881 / 16.074        1.881 / 16.074      ms
[770.151s][info][gc,stats    ]    Subphase: Concurrent References Enqueue                 0.000 / 0.000         0.002 / 0.010         0.002 / 0.010         0.002 / 0.010       ms
[770.152s][info][gc,stats    ]    Subphase: Concurrent References Process                 0.000 / 0.000         0.159 / 0.212         0.165 / 0.513         0.165 / 0.513       ms
[770.152s][info][gc,stats    ]    Subphase: Concurrent Roots ClassLoaderDataGraph         0.000 / 0.000         0.140 / 0.547         0.150 / 0.547         0.150 / 0.547       ms
[770.152s][info][gc,stats    ]    Subphase: Concurrent Roots CodeCache                    0.000 / 0.000         0.000 / 0.000         0.000 / 0.000         0.000 / 0.000       ms
[770.152s][info][gc,stats    ]    Subphase: Concurrent Roots JavaThreads                  0.000 / 0.000         0.341 / 0.961         0.504 / 5.702         0.504 / 5.702       ms
[770.152s][info][gc,stats    ]    Subphase: Concurrent Roots OopStorageSet                0.000 / 0.000         0.027 / 0.059         0.028 / 0.085         0.028 / 0.085       ms
[770.152s][info][gc,stats    ]    Subphase: Concurrent Weak Roots OopStorageSet           0.000 / 0.000         0.491 / 0.737         0.505 / 0.939         0.505 / 0.939       ms
[770.152s][info][gc,stats    ]    Subphase: Pause Mark Try Complete                       0.000 / 0.000         0.000 / 0.000         0.000 / 0.000         0.000 / 0.000       ms
[770.152s][info][gc,stats    ]      System: Java Threads                                      0 / 0                32 / 33               32 / 34               32 / 34          threads
[770.152s][info][gc,stats    ] =========================================================================================================================================================
[776.062s][info][gc,start    ] GC(46) Garbage Collection (Proactive)
[776.063s][info][gc,task     ] GC(46) Using 2 workers
[776.063s][info][gc,phases   ] GC(46) Pause Mark Start 0.014ms
[776.081s][info][gc,phases   ] GC(46) Concurrent Mark 17.630ms
[776.081s][info][gc,phases   ] GC(46) Pause Mark End 0.023ms
[776.081s][info][gc,phases   ] GC(46) Concurrent Mark Free 0.001ms
[776.089s][info][gc,phases   ] GC(46) Concurrent Process Non-Strong References 8.147ms
[776.089s][info][gc,phases   ] GC(46) Concurrent Reset Relocation Set 0.008ms
[776.091s][info][gc,phases   ] GC(46) Concurrent Select Relocation Set 1.278ms
[776.091s][info][gc,phases   ] GC(46) Pause Relocate Start 0.010ms
[776.091s][info][gc,phases   ] GC(46) Concurrent Relocate 0.735ms
[776.091s][info][gc,load     ] GC(46) Load: 0.00/0.00/0.00
[776.092s][info][gc,mmu      ] GC(46) MMU: 2ms/96.8%, 5ms/98.7%, 10ms/99.2%, 20ms/99.6%, 50ms/99.8%, 100ms/99.9%
[776.092s][info][gc,marking  ] GC(46) Mark: 2 stripe(s), 2 proactive flush(es), 1 terminate flush(es), 0 completion(s), 0 continuation(s) 
[776.092s][info][gc,marking  ] GC(46) Mark Stack Usage: 32M
[776.092s][info][gc,nmethod  ] GC(46) NMethods: 8190 registered, 0 unregistered
[776.092s][info][gc,metaspace] GC(46) Metaspace: 32M used, 33M committed, 1088M reserved
[776.092s][info][gc,ref      ] GC(46) Soft: 4121 encountered, 0 discovered, 0 enqueued
[776.092s][info][gc,ref      ] GC(46) Weak: 2162 encountered, 519 discovered, 0 enqueued
[776.092s][info][gc,ref      ] GC(46) Final: 3 encountered, 0 discovered, 0 enqueued
[776.092s][info][gc,ref      ] GC(46) Phantom: 279 encountered, 209 discovered, 0 enqueued
[776.092s][info][gc,reloc    ] GC(46) Small Pages: 222 / 444M, Empty: 326M, Relocated: 1M, In-Place: 0
[776.092s][info][gc,reloc    ] GC(46) Medium Pages: 1 / 32M, Empty: 0M, Relocated: 0M, In-Place: 0
[776.092s][info][gc,reloc    ] GC(46) Large Pages: 0 / 0M, Empty: 0M, Relocated: 0M, In-Place: 0
[776.092s][info][gc,reloc    ] GC(46) Forwarding Usage: 0M
[776.092s][info][gc,heap     ] GC(46) Min Capacity: 4096M(100%)
[776.092s][info][gc,heap     ] GC(46) Max Capacity: 4096M(100%)
[776.092s][info][gc,heap     ] GC(46) Soft Max Capacity: 4096M(100%)
[776.092s][info][gc,heap     ] GC(46)                Mark Start          Mark End        Relocate Start      Relocate End           High               Low         
[776.092s][info][gc,heap     ] GC(46)  Capacity:     4096M (100%)       4096M (100%)       4096M (100%)       4096M (100%)       4096M (100%)       4096M (100%)   
[776.092s][info][gc,heap     ] GC(46)      Free:     3620M (88%)        3608M (88%)        3934M (96%)        4030M (98%)        4030M (98%)        3608M (88%)    
[776.092s][info][gc,heap     ] GC(46)      Used:      476M (12%)         488M (12%)         162M (4%)           66M (2%)          488M (12%)          66M (2%)     
[776.092s][info][gc,heap     ] GC(46)      Live:         -                17M (0%)           17M (0%)           17M (0%)             -                  -          
[776.092s][info][gc,heap     ] GC(46) Allocated:         -                12M (0%)           12M (0%)           12M (0%)             -                  -          
[776.092s][info][gc,heap     ] GC(46)   Garbage:         -               458M (11%)         132M (3%)           36M (1%)             -                  -          
[776.092s][info][gc,heap     ] GC(46) Reclaimed:         -                  -               326M (8%)          422M (10%)            -                  -          
[776.092s][info][gc          ] GC(46) Garbage Collection (Proactive) 476M(12%)->66M(2%)
[780.159s][info][gc,stats    ] === Garbage Collection Statistics =======================================================================================================================
[780.159s][info][gc,stats    ]                                                              Last 10s              Last 10m              Last 10h                Total
[780.159s][info][gc,stats    ]                                                              Avg / Max             Avg / Max             Avg / Max             Avg / Max
[780.159s][info][gc,stats    ]   Collector: Garbage Collection Cycle                     29.078 / 29.078       30.427 / 46.419       31.407 / 54.411       31.407 / 54.411      ms
[780.159s][info][gc,stats    ]  Contention: Mark Segment Reset Contention                     0 / 0                 0 / 3                 0 / 3                 0 / 3           ops/s
[780.159s][info][gc,stats    ]  Contention: Mark SeqNum Reset Contention                      0 / 0                 0 / 2                 0 / 2                 0 / 2           ops/s
[780.159s][info][gc,stats    ]    Critical: Allocation Stall                                  0 / 0                 0 / 0                 0 / 0                 0 / 0           ops/s
[780.159s][info][gc,stats    ]    Critical: Allocation Stall                              0.000 / 0.000         0.000 / 0.000         0.000 / 0.000         0.000 / 0.000       ms
[780.159s][info][gc,stats    ]    Critical: GC Locker Stall                                   0 / 0                 0 / 0                 0 / 0                 0 / 0           ops/s
[780.159s][info][gc,stats    ]    Critical: GC Locker Stall                               0.000 / 0.000         0.000 / 0.000         0.000 / 0.000         0.000 / 0.000       ms
[780.159s][info][gc,stats    ]    Critical: Relocation Stall                                  0 / 0                 0 / 0                 0 / 0                 0 / 0           ops/s
[780.159s][info][gc,stats    ]    Critical: Relocation Stall                              0.000 / 0.000         0.000 / 0.000         0.000 / 0.000         0.000 / 0.000       ms
[780.159s][info][gc,stats    ]      Memory: Allocation Rate                                  24 / 34               25 / 128              25 / 148              25 / 148         MB/s
[780.159s][info][gc,stats    ]      Memory: Out Of Memory                                     0 / 0                 0 / 0                 0 / 0                 0 / 0           ops/s
[780.159s][info][gc,stats    ]      Memory: Page Cache Flush                                  0 / 0                 0 / 0                 0 / 0                 0 / 0           MB/s
[780.159s][info][gc,stats    ]      Memory: Page Cache Hit L1                                12 / 19               12 / 36               11 / 78               11 / 78          ops/s
[780.159s][info][gc,stats    ]      Memory: Page Cache Hit L2                                 0 / 0                 0 / 0                 0 / 0                 0 / 0           ops/s
[780.159s][info][gc,stats    ]      Memory: Page Cache Hit L3                                 0 / 0                 0 / 1                 0 / 48                0 / 48          ops/s
[780.159s][info][gc,stats    ]      Memory: Page Cache Miss                                   0 / 0                 0 / 0                 0 / 1                 0 / 1           ops/s
[780.159s][info][gc,stats    ]      Memory: Uncommit                                          0 / 0                 0 / 0                 0 / 0                 0 / 0           MB/s
[780.159s][info][gc,stats    ]      Memory: Undo Object Allocation Failed                     0 / 0                 0 / 0                 0 / 1                 0 / 1           ops/s
[780.159s][info][gc,stats    ]      Memory: Undo Object Allocation Succeeded                  0 / 0                 0 / 0                 0 / 22                0 / 22          ops/s
[780.159s][info][gc,stats    ]      Memory: Undo Page Allocation                              0 / 1                 0 / 1                 0 / 2                 0 / 2           ops/s
[780.159s][info][gc,stats    ]       Phase: Concurrent Mark                              17.630 / 17.630       17.197 / 26.064       18.104 / 38.897       18.104 / 38.897      ms
[780.159s][info][gc,stats    ]       Phase: Concurrent Mark Continue                      0.000 / 0.000         0.000 / 0.000         0.000 / 0.000         0.000 / 0.000       ms
[780.159s][info][gc,stats    ]       Phase: Concurrent Mark Free                          0.001 / 0.001         0.001 / 0.003         0.001 / 0.003         0.001 / 0.003       ms
[780.159s][info][gc,stats    ]       Phase: Concurrent Process Non-Strong References      8.147 / 8.147         9.328 / 17.607        9.127 / 17.607        9.127 / 17.607      ms
[780.159s][info][gc,stats    ]       Phase: Concurrent Relocate                           0.735 / 0.735         0.820 / 1.968         1.057 / 6.891         1.057 / 6.891       ms
[780.159s][info][gc,stats    ]       Phase: Concurrent Reset Relocation Set               0.008 / 0.008         0.004 / 0.008         0.005 / 0.011         0.005 / 0.011       ms
[780.159s][info][gc,stats    ]       Phase: Concurrent Select Relocation Set              1.278 / 1.278         1.568 / 3.268         1.627 / 3.477         1.627 / 3.477       ms
[780.159s][info][gc,stats    ]       Phase: Pause Mark End                                0.023 / 0.023         0.024 / 0.037         0.024 / 0.065         0.024 / 0.065       ms
[780.159s][info][gc,stats    ]       Phase: Pause Mark Start                              0.014 / 0.014         0.012 / 0.027         0.012 / 0.027         0.012 / 0.027       ms
[780.159s][info][gc,stats    ]       Phase: Pause Relocate Start                          0.010 / 0.010         0.009 / 0.012         0.009 / 0.019         0.009 / 0.019       ms
[780.159s][info][gc,stats    ]    Subphase: Concurrent Classes Purge                      0.294 / 0.294         0.421 / 2.002         0.388 / 2.002         0.388 / 2.002       ms
[780.159s][info][gc,stats    ]    Subphase: Concurrent Classes Unlink                     6.910 / 6.910         8.045 / 15.182        7.855 / 15.182        7.855 / 15.182      ms
[780.159s][info][gc,stats    ]    Subphase: Concurrent Mark                              14.645 / 16.746       14.087 / 25.274       14.752 / 33.017       14.752 / 33.017      ms
[780.159s][info][gc,stats    ]    Subphase: Concurrent Mark Try Flush                     0.110 / 0.186         0.126 / 0.286         0.124 / 0.286         0.124 / 0.286       ms
[780.159s][info][gc,stats    ]    Subphase: Concurrent Mark Try Terminate                 1.477 / 4.355         1.827 / 16.074        1.873 / 16.074        1.873 / 16.074      ms
[780.159s][info][gc,stats    ]    Subphase: Concurrent References Enqueue                 0.001 / 0.001         0.002 / 0.010         0.002 / 0.010         0.002 / 0.010       ms
[780.159s][info][gc,stats    ]    Subphase: Concurrent References Process                 0.193 / 0.193         0.159 / 0.212         0.165 / 0.513         0.165 / 0.513       ms
[780.159s][info][gc,stats    ]    Subphase: Concurrent Roots ClassLoaderDataGraph         0.196 / 0.330         0.141 / 0.547         0.151 / 0.547         0.151 / 0.547       ms
[780.159s][info][gc,stats    ]    Subphase: Concurrent Roots CodeCache                    0.000 / 0.000         0.000 / 0.000         0.000 / 0.000         0.000 / 0.000       ms
[780.159s][info][gc,stats    ]    Subphase: Concurrent Roots JavaThreads                  0.346 / 0.459         0.338 / 0.961         0.501 / 5.702         0.501 / 5.702       ms
[780.159s][info][gc,stats    ]    Subphase: Concurrent Roots OopStorageSet                0.040 / 0.054         0.027 / 0.059         0.028 / 0.085         0.028 / 0.085       ms
[780.159s][info][gc,stats    ]    Subphase: Concurrent Weak Roots OopStorageSet           0.499 / 0.509         0.484 / 0.714         0.505 / 0.939         0.505 / 0.939       ms
[780.160s][info][gc,stats    ]    Subphase: Pause Mark Try Complete                       0.000 / 0.000         0.000 / 0.000         0.000 / 0.000         0.000 / 0.000       ms
[780.160s][info][gc,stats    ]      System: Java Threads                                     33 / 33               32 / 33               32 / 34               32 / 34          threads
[780.160s][info][gc,stats    ] =========================================================================================================================================================
[790.165s][info][gc,stats    ] === Garbage Collection Statistics =======================================================================================================================
[790.165s][info][gc,stats    ]                                                              Last 10s              Last 10m              Last 10h                Total
[790.165s][info][gc,stats    ]                                                              Avg / Max             Avg / Max             Avg / Max             Avg / Max
[790.165s][info][gc,stats    ]   Collector: Garbage Collection Cycle                      0.000 / 0.000        30.427 / 46.419       31.407 / 54.411       31.407 / 54.411      ms
[790.165s][info][gc,stats    ]  Contention: Mark Segment Reset Contention                     0 / 0                 0 / 3                 0 / 3                 0 / 3           ops/s
[790.165s][info][gc,stats    ]  Contention: Mark SeqNum Reset Contention                      0 / 0                 0 / 2                 0 / 2                 0 / 2           ops/s
[790.165s][info][gc,stats    ]    Critical: Allocation Stall                                  0 / 0                 0 / 0                 0 / 0                 0 / 0           ops/s
[790.165s][info][gc,stats    ]    Critical: Allocation Stall                              0.000 / 0.000         0.000 / 0.000         0.000 / 0.000         0.000 / 0.000       ms
[790.165s][info][gc,stats    ]    Critical: GC Locker Stall                                   0 / 0                 0 / 0                 0 / 0                 0 / 0           ops/s
[790.165s][info][gc,stats    ]    Critical: GC Locker Stall                               0.000 / 0.000         0.000 / 0.000         0.000 / 0.000         0.000 / 0.000       ms
[790.165s][info][gc,stats    ]    Critical: Relocation Stall                                  0 / 0                 0 / 0                 0 / 0                 0 / 0           ops/s
[790.165s][info][gc,stats    ]    Critical: Relocation Stall                              0.000 / 0.000         0.000 / 0.000         0.000 / 0.000         0.000 / 0.000       ms
[790.165s][info][gc,stats    ]      Memory: Allocation Rate                                  24 / 26               25 / 128              25 / 148              25 / 148         MB/s
[790.165s][info][gc,stats    ]      Memory: Out Of Memory                                     0 / 0                 0 / 0                 0 / 0                 0 / 0           ops/s
[790.165s][info][gc,stats    ]      Memory: Page Cache Flush                                  0 / 0                 0 / 0                 0 / 0                 0 / 0           MB/s
[790.165s][info][gc,stats    ]      Memory: Page Cache Hit L1                                12 / 13               12 / 36               11 / 78               11 / 78          ops/s
[790.165s][info][gc,stats    ]      Memory: Page Cache Hit L2                                 0 / 0                 0 / 0                 0 / 0                 0 / 0           ops/s
[790.165s][info][gc,stats    ]      Memory: Page Cache Hit L3                                 0 / 0                 0 / 1                 0 / 48                0 / 48          ops/s
[790.165s][info][gc,stats    ]      Memory: Page Cache Miss                                   0 / 0                 0 / 0                 0 / 1                 0 / 1           ops/s
[790.165s][info][gc,stats    ]      Memory: Uncommit                                          0 / 0                 0 / 0                 0 / 0                 0 / 0           MB/s
[790.166s][info][gc,stats    ]      Memory: Undo Object Allocation Failed                     0 / 0                 0 / 0                 0 / 1                 0 / 1           ops/s
[790.166s][info][gc,stats    ]      Memory: Undo Object Allocation Succeeded                  0 / 0                 0 / 0                 0 / 22                0 / 22          ops/s
[790.166s][info][gc,stats    ]      Memory: Undo Page Allocation                              0 / 1                 0 / 1                 0 / 2                 0 / 2           ops/s
[790.166s][info][gc,stats    ]       Phase: Concurrent Mark                               0.000 / 0.000        17.197 / 26.064       18.104 / 38.897       18.104 / 38.897      ms
[790.166s][info][gc,stats    ]       Phase: Concurrent Mark Continue                      0.000 / 0.000         0.000 / 0.000         0.000 / 0.000         0.000 / 0.000       ms
[790.166s][info][gc,stats    ]       Phase: Concurrent Mark Free                          0.000 / 0.000         0.001 / 0.003         0.001 / 0.003         0.001 / 0.003       ms
[790.166s][info][gc,stats    ]       Phase: Concurrent Process Non-Strong References      0.000 / 0.000         9.328 / 17.607        9.127 / 17.607        9.127 / 17.607      ms
[790.166s][info][gc,stats    ]       Phase: Concurrent Relocate                           0.000 / 0.000         0.820 / 1.968         1.057 / 6.891         1.057 / 6.891       ms
[790.166s][info][gc,stats    ]       Phase: Concurrent Reset Relocation Set               0.000 / 0.000         0.004 / 0.008         0.005 / 0.011         0.005 / 0.011       ms
[790.166s][info][gc,stats    ]       Phase: Concurrent Select Relocation Set              0.000 / 0.000         1.568 / 3.268         1.627 / 3.477         1.627 / 3.477       ms
[790.166s][info][gc,stats    ]       Phase: Pause Mark End                                0.000 / 0.000         0.024 / 0.037         0.024 / 0.065         0.024 / 0.065       ms
[790.166s][info][gc,stats    ]       Phase: Pause Mark Start                              0.000 / 0.000         0.012 / 0.027         0.012 / 0.027         0.012 / 0.027       ms
[790.166s][info][gc,stats    ]       Phase: Pause Relocate Start                          0.000 / 0.000         0.009 / 0.012         0.009 / 0.019         0.009 / 0.019       ms
[790.166s][info][gc,stats    ]    Subphase: Concurrent Classes Purge                      0.000 / 0.000         0.421 / 2.002         0.388 / 2.002         0.388 / 2.002       ms
[790.166s][info][gc,stats    ]    Subphase: Concurrent Classes Unlink                     0.000 / 0.000         8.045 / 15.182        7.855 / 15.182        7.855 / 15.182      ms
[790.166s][info][gc,stats    ]    Subphase: Concurrent Mark                               0.000 / 0.000        14.087 / 25.274       14.752 / 33.017       14.752 / 33.017      ms
[790.166s][info][gc,stats    ]    Subphase: Concurrent Mark Try Flush                     0.000 / 0.000         0.126 / 0.286         0.124 / 0.286         0.124 / 0.286       ms
[790.166s][info][gc,stats    ]    Subphase: Concurrent Mark Try Terminate                 0.000 / 0.000         1.827 / 16.074        1.873 / 16.074        1.873 / 16.074      ms
[790.166s][info][gc,stats    ]    Subphase: Concurrent References Enqueue                 0.000 / 0.000         0.002 / 0.010         0.002 / 0.010         0.002 / 0.010       ms
[790.166s][info][gc,stats    ]    Subphase: Concurrent References Process                 0.000 / 0.000         0.159 / 0.212         0.165 / 0.513         0.165 / 0.513       ms
[790.166s][info][gc,stats    ]    Subphase: Concurrent Roots ClassLoaderDataGraph         0.000 / 0.000         0.141 / 0.547         0.151 / 0.547         0.151 / 0.547       ms
[790.166s][info][gc,stats    ]    Subphase: Concurrent Roots CodeCache                    0.000 / 0.000         0.000 / 0.000         0.000 / 0.000         0.000 / 0.000       ms
[790.166s][info][gc,stats    ]    Subphase: Concurrent Roots JavaThreads                  0.000 / 0.000         0.338 / 0.961         0.501 / 5.702         0.501 / 5.702       ms
[790.166s][info][gc,stats    ]    Subphase: Concurrent Roots OopStorageSet                0.000 / 0.000         0.027 / 0.059         0.028 / 0.085         0.028 / 0.085       ms
[790.166s][info][gc,stats    ]    Subphase: Concurrent Weak Roots OopStorageSet           0.000 / 0.000         0.484 / 0.714         0.505 / 0.939         0.505 / 0.939       ms
[790.166s][info][gc,stats    ]    Subphase: Pause Mark Try Complete                       0.000 / 0.000         0.000 / 0.000         0.000 / 0.000         0.000 / 0.000       ms
[790.166s][info][gc,stats    ]      System: Java Threads                                      0 / 0                32 / 33               32 / 34               32 / 34          threads
[790.166s][info][gc,stats    ] =========================================================================================================================================================
[793.364s][info][gc,start    ] GC(47) Garbage Collection (Proactive)
[793.364s][info][gc,task     ] GC(47) Using 2 workers
[793.364s][info][gc,phases   ] GC(47) Pause Mark Start 0.009ms
[793.381s][info][gc,phases   ] GC(47) Concurrent Mark 16.953ms
[793.381s][info][gc,phases   ] GC(47) Pause Mark End 0.021ms
[793.381s][info][gc,phases   ] GC(47) Concurrent Mark Free 0.001ms
[793.390s][info][gc,phases   ] GC(47) Concurrent Process Non-Strong References 8.621ms
[793.390s][info][gc,phases   ] GC(47) Concurrent Reset Relocation Set 0.003ms
[793.392s][info][gc,phases   ] GC(47) Concurrent Select Relocation Set 2.295ms
[793.392s][info][gc,phases   ] GC(47) Pause Relocate Start 0.010ms
[793.394s][info][gc,phases   ] GC(47) Concurrent Relocate 1.069ms
[793.394s][info][gc,load     ] GC(47) Load: 0.00/0.00/0.00
[793.394s][info][gc,mmu      ] GC(47) MMU: 2ms/96.8%, 5ms/98.7%, 10ms/99.2%, 20ms/99.6%, 50ms/99.8%, 100ms/99.9%
[793.394s][info][gc,marking  ] GC(47) Mark: 2 stripe(s), 2 proactive flush(es), 1 terminate flush(es), 0 completion(s), 0 continuation(s) 
[793.394s][info][gc,marking  ] GC(47) Mark Stack Usage: 32M
[793.394s][info][gc,nmethod  ] GC(47) NMethods: 8306 registered, 0 unregistered
[793.394s][info][gc,metaspace] GC(47) Metaspace: 32M used, 33M committed, 1088M reserved
[793.394s][info][gc,ref      ] GC(47) Soft: 4121 encountered, 0 discovered, 0 enqueued
[793.394s][info][gc,ref      ] GC(47) Weak: 2162 encountered, 327 discovered, 0 enqueued
[793.394s][info][gc,ref      ] GC(47) Final: 3 encountered, 1 discovered, 0 enqueued
[793.394s][info][gc,ref      ] GC(47) Phantom: 279 encountered, 142 discovered, 0 enqueued
[793.394s][info][gc,reloc    ] GC(47) Small Pages: 223 / 446M, Empty: 328M, Relocated: 1M, In-Place: 0
[793.394s][info][gc,reloc    ] GC(47) Medium Pages: 1 / 32M, Empty: 0M, Relocated: 0M, In-Place: 0
[793.394s][info][gc,reloc    ] GC(47) Large Pages: 0 / 0M, Empty: 0M, Relocated: 0M, In-Place: 0
[793.394s][info][gc,reloc    ] GC(47) Forwarding Usage: 0M
[793.394s][info][gc,heap     ] GC(47) Min Capacity: 4096M(100%)
[793.394s][info][gc,heap     ] GC(47) Max Capacity: 4096M(100%)
[793.394s][info][gc,heap     ] GC(47) Soft Max Capacity: 4096M(100%)
[793.394s][info][gc,heap     ] GC(47)                Mark Start          Mark End        Relocate Start      Relocate End           High               Low         
[793.394s][info][gc,heap     ] GC(47)  Capacity:     4096M (100%)       4096M (100%)       4096M (100%)       4096M (100%)       4096M (100%)       4096M (100%)   
[793.394s][info][gc,heap     ] GC(47)      Free:     3618M (88%)        3606M (88%)        3934M (96%)        4030M (98%)        4030M (98%)        3606M (88%)    
[793.394s][info][gc,heap     ] GC(47)      Used:      478M (12%)         490M (12%)         162M (4%)           66M (2%)          490M (12%)          66M (2%)     
[793.394s][info][gc,heap     ] GC(47)      Live:         -                17M (0%)           17M (0%)           17M (0%)             -                  -          
[793.394s][info][gc,heap     ] GC(47) Allocated:         -                12M (0%)           12M (0%)           12M (0%)             -                  -          
[793.394s][info][gc,heap     ] GC(47)   Garbage:         -               460M (11%)         132M (3%)           36M (1%)             -                  -          
[793.394s][info][gc,heap     ] GC(47) Reclaimed:         -                  -               328M (8%)          424M (10%)            -                  -          
[793.394s][info][gc          ] GC(47) Garbage Collection (Proactive) 478M(12%)->66M(2%)
[800.157s][info][gc,stats    ] === Garbage Collection Statistics =======================================================================================================================
[800.157s][info][gc,stats    ]                                                              Last 10s              Last 10m              Last 10h                Total
[800.157s][info][gc,stats    ]                                                              Avg / Max             Avg / Max             Avg / Max             Avg / Max
[800.157s][info][gc,stats    ]   Collector: Garbage Collection Cycle                     29.971 / 29.971       30.467 / 46.419       31.377 / 54.411       31.377 / 54.411      ms
[800.157s][info][gc,stats    ]  Contention: Mark Segment Reset Contention                     0 / 1                 0 / 3                 0 / 3                 0 / 3           ops/s
[800.157s][info][gc,stats    ]  Contention: Mark SeqNum Reset Contention                      0 / 1                 0 / 2                 0 / 2                 0 / 2           ops/s
[800.157s][info][gc,stats    ]    Critical: Allocation Stall                                  0 / 0                 0 / 0                 0 / 0                 0 / 0           ops/s
[800.157s][info][gc,stats    ]    Critical: Allocation Stall                              0.000 / 0.000         0.000 / 0.000         0.000 / 0.000         0.000 / 0.000       ms
[800.157s][info][gc,stats    ]    Critical: GC Locker Stall                                   0 / 0                 0 / 0                 0 / 0                 0 / 0           ops/s
[800.157s][info][gc,stats    ]    Critical: GC Locker Stall                               0.000 / 0.000         0.000 / 0.000         0.000 / 0.000         0.000 / 0.000       ms
[800.157s][info][gc,stats    ]    Critical: Relocation Stall                                  0 / 0                 0 / 0                 0 / 0                 0 / 0           ops/s
[800.157s][info][gc,stats    ]    Critical: Relocation Stall                              0.000 / 0.000         0.000 / 0.000         0.000 / 0.000         0.000 / 0.000       ms
[800.157s][info][gc,stats    ]      Memory: Allocation Rate                                  25 / 36               25 / 128              25 / 148              25 / 148         MB/s
[800.157s][info][gc,stats    ]      Memory: Out Of Memory                                     0 / 0                 0 / 0                 0 / 0                 0 / 0           ops/s
[800.157s][info][gc,stats    ]      Memory: Page Cache Flush                                  0 / 0                 0 / 0                 0 / 0                 0 / 0           MB/s
[800.157s][info][gc,stats    ]      Memory: Page Cache Hit L1                                12 / 20               12 / 36               11 / 78               11 / 78          ops/s
[800.157s][info][gc,stats    ]      Memory: Page Cache Hit L2                                 0 / 0                 0 / 0                 0 / 0                 0 / 0           ops/s
[800.157s][info][gc,stats    ]      Memory: Page Cache Hit L3                                 0 / 0                 0 / 1                 0 / 48                0 / 48          ops/s
[800.157s][info][gc,stats    ]      Memory: Page Cache Miss                                   0 / 0                 0 / 0                 0 / 1                 0 / 1           ops/s
[800.157s][info][gc,stats    ]      Memory: Uncommit                                          0 / 0                 0 / 0                 0 / 0                 0 / 0           MB/s
[800.157s][info][gc,stats    ]      Memory: Undo Object Allocation Failed                     0 / 0                 0 / 0                 0 / 1                 0 / 1           ops/s
[800.157s][info][gc,stats    ]      Memory: Undo Object Allocation Succeeded                  0 / 0                 0 / 0                 0 / 22                0 / 22          ops/s
[800.157s][info][gc,stats    ]      Memory: Undo Page Allocation                              0 / 0                 0 / 1                 0 / 2                 0 / 2           ops/s
[800.157s][info][gc,stats    ]       Phase: Concurrent Mark                              16.953 / 16.953       17.193 / 26.064       18.081 / 38.897       18.081 / 38.897      ms
[800.157s][info][gc,stats    ]       Phase: Concurrent Mark Continue                      0.000 / 0.000         0.000 / 0.000         0.000 / 0.000         0.000 / 0.000       ms
[800.157s][info][gc,stats    ]       Phase: Concurrent Mark Free                          0.001 / 0.001         0.001 / 0.003         0.001 / 0.003         0.001 / 0.003       ms
[800.157s][info][gc,stats    ]       Phase: Concurrent Process Non-Strong References      8.621 / 8.621         9.339 / 17.607        9.117 / 17.607        9.117 / 17.607      ms
[800.157s][info][gc,stats    ]       Phase: Concurrent Relocate                           1.069 / 1.069         0.830 / 1.968         1.057 / 6.891         1.057 / 6.891       ms
[800.158s][info][gc,stats    ]       Phase: Concurrent Reset Relocation Set               0.003 / 0.003         0.004 / 0.008         0.005 / 0.011         0.005 / 0.011       ms
[800.158s][info][gc,stats    ]       Phase: Concurrent Select Relocation Set              2.295 / 2.295         1.594 / 3.268         1.641 / 3.477         1.641 / 3.477       ms
[800.158s][info][gc,stats    ]       Phase: Pause Mark End                                0.021 / 0.021         0.024 / 0.037         0.024 / 0.065         0.024 / 0.065       ms
[800.158s][info][gc,stats    ]       Phase: Pause Mark Start                              0.009 / 0.009         0.012 / 0.027         0.011 / 0.027         0.011 / 0.027       ms
[800.158s][info][gc,stats    ]       Phase: Pause Relocate Start                          0.010 / 0.010         0.009 / 0.012         0.009 / 0.019         0.009 / 0.019       ms
[800.158s][info][gc,stats    ]    Subphase: Concurrent Classes Purge                      0.337 / 0.337         0.423 / 2.002         0.387 / 2.002         0.387 / 2.002       ms
[800.158s][info][gc,stats    ]    Subphase: Concurrent Classes Unlink                     7.317 / 7.317         8.049 / 15.182        7.843 / 15.182        7.843 / 15.182      ms
[800.158s][info][gc,stats    ]    Subphase: Concurrent Mark                              13.911 / 16.227       14.078 / 25.274       14.734 / 33.017       14.734 / 33.017      ms
[800.158s][info][gc,stats    ]    Subphase: Concurrent Mark Try Flush                     0.142 / 0.243         0.126 / 0.286         0.124 / 0.286         0.124 / 0.286       ms
[800.158s][info][gc,stats    ]    Subphase: Concurrent Mark Try Terminate                 1.959 / 5.812         1.842 / 16.074        1.875 / 16.074        1.875 / 16.074      ms
[800.158s][info][gc,stats    ]    Subphase: Concurrent References Enqueue                 0.001 / 0.001         0.002 / 0.010         0.002 / 0.010         0.002 / 0.010       ms
[800.158s][info][gc,stats    ]    Subphase: Concurrent References Process                 0.138 / 0.138         0.159 / 0.212         0.165 / 0.513         0.165 / 0.513       ms
[800.158s][info][gc,stats    ]    Subphase: Concurrent Roots ClassLoaderDataGraph         0.128 / 0.231         0.136 / 0.388         0.150 / 0.547         0.150 / 0.547       ms
[800.158s][info][gc,stats    ]    Subphase: Concurrent Roots CodeCache                    0.000 / 0.000         0.000 / 0.000         0.000 / 0.000         0.000 / 0.000       ms
[800.158s][info][gc,stats    ]    Subphase: Concurrent Roots JavaThreads                  0.348 / 0.429         0.335 / 0.961         0.498 / 5.702         0.498 / 5.702       ms
[800.158s][info][gc,stats    ]    Subphase: Concurrent Roots OopStorageSet                0.024 / 0.033         0.026 / 0.059         0.028 / 0.085         0.028 / 0.085       ms
[800.158s][info][gc,stats    ]    Subphase: Concurrent Weak Roots OopStorageSet           0.566 / 0.571         0.488 / 0.714         0.506 / 0.939         0.506 / 0.939       ms
[800.158s][info][gc,stats    ]    Subphase: Pause Mark Try Complete                       0.000 / 0.000         0.000 / 0.000         0.000 / 0.000         0.000 / 0.000       ms
[800.158s][info][gc,stats    ]      System: Java Threads                                     33 / 33               32 / 33               32 / 34               32 / 34          threads
[800.158s][info][gc,stats    ] =========================================================================================================================================================
[810.164s][info][gc,stats    ] === Garbage Collection Statistics =======================================================================================================================
[810.165s][info][gc,stats    ]                                                              Last 10s              Last 10m              Last 10h                Total
[810.165s][info][gc,stats    ]                                                              Avg / Max             Avg / Max             Avg / Max             Avg / Max
[810.165s][info][gc,stats    ]   Collector: Garbage Collection Cycle                      0.000 / 0.000        30.467 / 46.419       31.377 / 54.411       31.377 / 54.411      ms
[810.165s][info][gc,stats    ]  Contention: Mark Segment Reset Contention                     0 / 0                 0 / 3                 0 / 3                 0 / 3           ops/s
[810.165s][info][gc,stats    ]  Contention: Mark SeqNum Reset Contention                      0 / 0                 0 / 2                 0 / 2                 0 / 2           ops/s
[810.165s][info][gc,stats    ]    Critical: Allocation Stall                                  0 / 0                 0 / 0                 0 / 0                 0 / 0           ops/s
[810.165s][info][gc,stats    ]    Critical: Allocation Stall                              0.000 / 0.000         0.000 / 0.000         0.000 / 0.000         0.000 / 0.000       ms
[810.165s][info][gc,stats    ]    Critical: GC Locker Stall                                   0 / 0                 0 / 0                 0 / 0                 0 / 0           ops/s
[810.165s][info][gc,stats    ]    Critical: GC Locker Stall                               0.000 / 0.000         0.000 / 0.000         0.000 / 0.000         0.000 / 0.000       ms
[810.165s][info][gc,stats    ]    Critical: Relocation Stall                                  0 / 0                 0 / 0                 0 / 0                 0 / 0           ops/s
[810.165s][info][gc,stats    ]    Critical: Relocation Stall                              0.000 / 0.000         0.000 / 0.000         0.000 / 0.000         0.000 / 0.000       ms
[810.165s][info][gc,stats    ]      Memory: Allocation Rate                                  24 / 26               25 / 128              25 / 148              25 / 148         MB/s
[810.165s][info][gc,stats    ]      Memory: Out Of Memory                                     0 / 0                 0 / 0                 0 / 0                 0 / 0           ops/s
[810.165s][info][gc,stats    ]      Memory: Page Cache Flush                                  0 / 0                 0 / 0                 0 / 0                 0 / 0           MB/s
[810.165s][info][gc,stats    ]      Memory: Page Cache Hit L1                                12 / 13               12 / 36               11 / 78               11 / 78          ops/s
[810.165s][info][gc,stats    ]      Memory: Page Cache Hit L2                                 0 / 0                 0 / 0                 0 / 0                 0 / 0           ops/s
[810.165s][info][gc,stats    ]      Memory: Page Cache Hit L3                                 0 / 0                 0 / 1                 0 / 48                0 / 48          ops/s
[810.165s][info][gc,stats    ]      Memory: Page Cache Miss                                   0 / 0                 0 / 0                 0 / 1                 0 / 1           ops/s
[810.165s][info][gc,stats    ]      Memory: Uncommit                                          0 / 0                 0 / 0                 0 / 0                 0 / 0           MB/s
[810.165s][info][gc,stats    ]      Memory: Undo Object Allocation Failed                     0 / 0                 0 / 0                 0 / 1                 0 / 1           ops/s
[810.165s][info][gc,stats    ]      Memory: Undo Object Allocation Succeeded                  0 / 0                 0 / 0                 0 / 22                0 / 22          ops/s
[810.165s][info][gc,stats    ]      Memory: Undo Page Allocation                              0 / 0                 0 / 1                 0 / 2                 0 / 2           ops/s
[810.165s][info][gc,stats    ]       Phase: Concurrent Mark                               0.000 / 0.000        17.193 / 26.064       18.081 / 38.897       18.081 / 38.897      ms
[810.165s][info][gc,stats    ]       Phase: Concurrent Mark Continue                      0.000 / 0.000         0.000 / 0.000         0.000 / 0.000         0.000 / 0.000       ms
[810.165s][info][gc,stats    ]       Phase: Concurrent Mark Free                          0.000 / 0.000         0.001 / 0.003         0.001 / 0.003         0.001 / 0.003       ms
[810.165s][info][gc,stats    ]       Phase: Concurrent Process Non-Strong References      0.000 / 0.000         9.339 / 17.607        9.117 / 17.607        9.117 / 17.607      ms
[810.165s][info][gc,stats    ]       Phase: Concurrent Relocate                           0.000 / 0.000         0.830 / 1.968         1.057 / 6.891         1.057 / 6.891       ms
[810.165s][info][gc,stats    ]       Phase: Concurrent Reset Relocation Set               0.000 / 0.000         0.004 / 0.008         0.005 / 0.011         0.005 / 0.011       ms
[810.165s][info][gc,stats    ]       Phase: Concurrent Select Relocation Set              0.000 / 0.000         1.594 / 3.268         1.641 / 3.477         1.641 / 3.477       ms
[810.165s][info][gc,stats    ]       Phase: Pause Mark End                                0.000 / 0.000         0.024 / 0.037         0.024 / 0.065         0.024 / 0.065       ms
[810.165s][info][gc,stats    ]       Phase: Pause Mark Start                              0.000 / 0.000         0.012 / 0.027         0.011 / 0.027         0.011 / 0.027       ms
[810.165s][info][gc,stats    ]       Phase: Pause Relocate Start                          0.000 / 0.000         0.009 / 0.012         0.009 / 0.019         0.009 / 0.019       ms
[810.165s][info][gc,stats    ]    Subphase: Concurrent Classes Purge                      0.000 / 0.000         0.423 / 2.002         0.387 / 2.002         0.387 / 2.002       ms
[810.165s][info][gc,stats    ]    Subphase: Concurrent Classes Unlink                     0.000 / 0.000         8.049 / 15.182        7.843 / 15.182        7.843 / 15.182      ms
[810.165s][info][gc,stats    ]    Subphase: Concurrent Mark                               0.000 / 0.000        14.078 / 25.274       14.734 / 33.017       14.734 / 33.017      ms
[810.165s][info][gc,stats    ]    Subphase: Concurrent Mark Try Flush                     0.000 / 0.000         0.126 / 0.286         0.124 / 0.286         0.124 / 0.286       ms
[810.165s][info][gc,stats    ]    Subphase: Concurrent Mark Try Terminate                 0.000 / 0.000         1.842 / 16.074        1.875 / 16.074        1.875 / 16.074      ms
[810.165s][info][gc,stats    ]    Subphase: Concurrent References Enqueue                 0.000 / 0.000         0.002 / 0.010         0.002 / 0.010         0.002 / 0.010       ms
[810.165s][info][gc,stats    ]    Subphase: Concurrent References Process                 0.000 / 0.000         0.159 / 0.212         0.165 / 0.513         0.165 / 0.513       ms
[810.165s][info][gc,stats    ]    Subphase: Concurrent Roots ClassLoaderDataGraph         0.000 / 0.000         0.136 / 0.388         0.150 / 0.547         0.150 / 0.547       ms
[810.165s][info][gc,stats    ]    Subphase: Concurrent Roots CodeCache                    0.000 / 0.000         0.000 / 0.000         0.000 / 0.000         0.000 / 0.000       ms
[810.165s][info][gc,stats    ]    Subphase: Concurrent Roots JavaThreads                  0.000 / 0.000         0.335 / 0.961         0.498 / 5.702         0.498 / 5.702       ms
[810.165s][info][gc,stats    ]    Subphase: Concurrent Roots OopStorageSet                0.000 / 0.000         0.026 / 0.059         0.028 / 0.085         0.028 / 0.085       ms
[810.165s][info][gc,stats    ]    Subphase: Concurrent Weak Roots OopStorageSet           0.000 / 0.000         0.488 / 0.714         0.506 / 0.939         0.506 / 0.939       ms
[810.165s][info][gc,stats    ]    Subphase: Pause Mark Try Complete                       0.000 / 0.000         0.000 / 0.000         0.000 / 0.000         0.000 / 0.000       ms
[810.165s][info][gc,stats    ]      System: Java Threads                                      0 / 0                32 / 33               32 / 34               32 / 34          threads
[810.165s][info][gc,stats    ] =========================================================================================================================================================
[810.666s][info][gc,start    ] GC(48) Garbage Collection (Proactive)
[810.666s][info][gc,task     ] GC(48) Using 2 workers
[810.667s][info][gc,phases   ] GC(48) Pause Mark Start 0.008ms
[810.684s][info][gc,phases   ] GC(48) Concurrent Mark 17.228ms
[810.684s][info][gc,phases   ] GC(48) Pause Mark End 0.029ms
[810.684s][info][gc,phases   ] GC(48) Concurrent Mark Free 0.004ms
[810.693s][info][gc,phases   ] GC(48) Concurrent Process Non-Strong References 8.361ms
[810.693s][info][gc,phases   ] GC(48) Concurrent Reset Relocation Set 0.003ms
[810.694s][info][gc,phases   ] GC(48) Concurrent Select Relocation Set 1.175ms
[810.694s][info][gc,phases   ] GC(48) Pause Relocate Start 0.006ms
[810.695s][info][gc,phases   ] GC(48) Concurrent Relocate 1.110ms
[810.695s][info][gc,load     ] GC(48) Load: 0.00/0.00/0.00
[810.695s][info][gc,mmu      ] GC(48) MMU: 2ms/96.8%, 5ms/98.7%, 10ms/99.2%, 20ms/99.6%, 50ms/99.8%, 100ms/99.9%
[810.695s][info][gc,marking  ] GC(48) Mark: 2 stripe(s), 2 proactive flush(es), 1 terminate flush(es), 0 completion(s), 0 continuation(s) 
[810.695s][info][gc,marking  ] GC(48) Mark Stack Usage: 32M
[810.695s][info][gc,nmethod  ] GC(48) NMethods: 8330 registered, 0 unregistered
[810.696s][info][gc,metaspace] GC(48) Metaspace: 32M used, 33M committed, 1088M reserved
[810.696s][info][gc,ref      ] GC(48) Soft: 4121 encountered, 0 discovered, 0 enqueued
[810.696s][info][gc,ref      ] GC(48) Weak: 2162 encountered, 285 discovered, 0 enqueued
[810.696s][info][gc,ref      ] GC(48) Final: 3 encountered, 0 discovered, 0 enqueued
[810.696s][info][gc,ref      ] GC(48) Phantom: 279 encountered, 220 discovered, 0 enqueued
[810.696s][info][gc,reloc    ] GC(48) Small Pages: 222 / 444M, Empty: 334M, Relocated: 1M, In-Place: 0
[810.696s][info][gc,reloc    ] GC(48) Medium Pages: 1 / 32M, Empty: 0M, Relocated: 0M, In-Place: 0
[810.696s][info][gc,reloc    ] GC(48) Large Pages: 0 / 0M, Empty: 0M, Relocated: 0M, In-Place: 0
[810.696s][info][gc,reloc    ] GC(48) Forwarding Usage: 0M
[810.696s][info][gc,heap     ] GC(48) Min Capacity: 4096M(100%)
[810.696s][info][gc,heap     ] GC(48) Max Capacity: 4096M(100%)
[810.696s][info][gc,heap     ] GC(48) Soft Max Capacity: 4096M(100%)
[810.696s][info][gc,heap     ] GC(48)                Mark Start          Mark End        Relocate Start      Relocate End           High               Low         
[810.696s][info][gc,heap     ] GC(48)  Capacity:     4096M (100%)       4096M (100%)       4096M (100%)       4096M (100%)       4096M (100%)       4096M (100%)   
[810.696s][info][gc,heap     ] GC(48)      Free:     3620M (88%)        3610M (88%)        3942M (96%)        4030M (98%)        4030M (98%)        3608M (88%)    
[810.696s][info][gc,heap     ] GC(48)      Used:      476M (12%)         486M (12%)         154M (4%)           66M (2%)          488M (12%)          66M (2%)     
[810.696s][info][gc,heap     ] GC(48)      Live:         -                17M (0%)           17M (0%)           17M (0%)             -                  -          
[810.696s][info][gc,heap     ] GC(48) Allocated:         -                10M (0%)           12M (0%)           12M (0%)             -                  -          
[810.696s][info][gc,heap     ] GC(48)   Garbage:         -               458M (11%)         124M (3%)           36M (1%)             -                  -          
[810.696s][info][gc,heap     ] GC(48) Reclaimed:         -                  -               334M (8%)          422M (10%)            -                  -          
[810.696s][info][gc          ] GC(48) Garbage Collection (Proactive) 476M(12%)->66M(2%)
[820.162s][info][gc,stats    ] === Garbage Collection Statistics =======================================================================================================================
[820.162s][info][gc,stats    ]                                                              Last 10s              Last 10m              Last 10h                Total
[820.162s][info][gc,stats    ]                                                              Avg / Max             Avg / Max             Avg / Max             Avg / Max
[820.162s][info][gc,stats    ]   Collector: Garbage Collection Cycle                     29.162 / 29.162       30.458 / 46.419       31.331 / 54.411       31.331 / 54.411      ms
[820.162s][info][gc,stats    ]  Contention: Mark Segment Reset Contention                     0 / 1                 0 / 3                 0 / 3                 0 / 3           ops/s
[820.162s][info][gc,stats    ]  Contention: Mark SeqNum Reset Contention                      0 / 0                 0 / 2                 0 / 2                 0 / 2           ops/s
[820.162s][info][gc,stats    ]    Critical: Allocation Stall                                  0 / 0                 0 / 0                 0 / 0                 0 / 0           ops/s
[820.162s][info][gc,stats    ]    Critical: Allocation Stall                              0.000 / 0.000         0.000 / 0.000         0.000 / 0.000         0.000 / 0.000       ms
[820.162s][info][gc,stats    ]    Critical: GC Locker Stall                                   0 / 0                 0 / 0                 0 / 0                 0 / 0           ops/s
[820.162s][info][gc,stats    ]    Critical: GC Locker Stall                               0.000 / 0.000         0.000 / 0.000         0.000 / 0.000         0.000 / 0.000       ms
[820.162s][info][gc,stats    ]    Critical: Relocation Stall                                  0 / 0                 0 / 0                 0 / 0                 0 / 0           ops/s
[820.162s][info][gc,stats    ]    Critical: Relocation Stall                              0.000 / 0.000         0.000 / 0.000         0.000 / 0.000         0.000 / 0.000       ms
[820.162s][info][gc,stats    ]      Memory: Allocation Rate                                  24 / 36               25 / 128              25 / 148              25 / 148         MB/s
[820.162s][info][gc,stats    ]      Memory: Out Of Memory                                     0 / 0                 0 / 0                 0 / 0                 0 / 0           ops/s
[820.162s][info][gc,stats    ]      Memory: Page Cache Flush                                  0 / 0                 0 / 0                 0 / 0                 0 / 0           MB/s
[820.162s][info][gc,stats    ]      Memory: Page Cache Hit L1                                12 / 20               12 / 36               11 / 78               11 / 78          ops/s
[820.162s][info][gc,stats    ]      Memory: Page Cache Hit L2                                 0 / 0                 0 / 0                 0 / 0                 0 / 0           ops/s
[820.162s][info][gc,stats    ]      Memory: Page Cache Hit L3                                 0 / 0                 0 / 1                 0 / 48                0 / 48          ops/s
[820.162s][info][gc,stats    ]      Memory: Page Cache Miss                                   0 / 0                 0 / 0                 0 / 1                 0 / 1           ops/s
[820.162s][info][gc,stats    ]      Memory: Uncommit                                          0 / 0                 0 / 0                 0 / 0                 0 / 0           MB/s
[820.162s][info][gc,stats    ]      Memory: Undo Object Allocation Failed                     0 / 0                 0 / 0                 0 / 1                 0 / 1           ops/s
[820.162s][info][gc,stats    ]      Memory: Undo Object Allocation Succeeded                  0 / 0                 0 / 0                 0 / 22                0 / 22          ops/s
[820.162s][info][gc,stats    ]      Memory: Undo Page Allocation                              0 / 1                 0 / 1                 0 / 2                 0 / 2           ops/s
[820.162s][info][gc,stats    ]       Phase: Concurrent Mark                              17.228 / 17.228       17.189 / 26.064       18.063 / 38.897       18.063 / 38.897      ms
[820.162s][info][gc,stats    ]       Phase: Concurrent Mark Continue                      0.000 / 0.000         0.000 / 0.000         0.000 / 0.000         0.000 / 0.000       ms
[820.162s][info][gc,stats    ]       Phase: Concurrent Mark Free                          0.004 / 0.004         0.001 / 0.004         0.001 / 0.004         0.001 / 0.004       ms
[820.162s][info][gc,stats    ]       Phase: Concurrent Process Non-Strong References      8.361 / 8.361         9.329 / 17.607        9.101 / 17.607        9.101 / 17.607      ms
[820.162s][info][gc,stats    ]       Phase: Concurrent Relocate                           1.110 / 1.110         0.835 / 1.968         1.058 / 6.891         1.058 / 6.891       ms
[820.162s][info][gc,stats    ]       Phase: Concurrent Reset Relocation Set               0.003 / 0.003         0.004 / 0.008         0.005 / 0.011         0.005 / 0.011       ms
[820.162s][info][gc,stats    ]       Phase: Concurrent Select Relocation Set              1.175 / 1.175         1.593 / 3.268         1.632 / 3.477         1.632 / 3.477       ms
[820.162s][info][gc,stats    ]       Phase: Pause Mark End                                0.029 / 0.029         0.024 / 0.037         0.024 / 0.065         0.024 / 0.065       ms
[820.162s][info][gc,stats    ]       Phase: Pause Mark Start                              0.008 / 0.008         0.012 / 0.027         0.011 / 0.027         0.011 / 0.027       ms
[820.162s][info][gc,stats    ]       Phase: Pause Relocate Start                          0.006 / 0.006         0.009 / 0.012         0.009 / 0.019         0.009 / 0.019       ms
[820.162s][info][gc,stats    ]    Subphase: Concurrent Classes Purge                      0.244 / 0.244         0.421 / 2.002         0.384 / 2.002         0.384 / 2.002       ms
[820.162s][info][gc,stats    ]    Subphase: Concurrent Classes Unlink                     7.294 / 7.294         8.045 / 15.182        7.832 / 15.182        7.832 / 15.182      ms
[820.162s][info][gc,stats    ]    Subphase: Concurrent Mark                              14.359 / 16.425       14.074 / 25.274       14.726 / 33.017       14.726 / 33.017      ms
[820.162s][info][gc,stats    ]    Subphase: Concurrent Mark Try Flush                     0.136 / 0.225         0.126 / 0.286         0.124 / 0.286         0.124 / 0.286       ms
[820.162s][info][gc,stats    ]    Subphase: Concurrent Mark Try Terminate                 1.559 / 4.608         1.840 / 16.074        1.868 / 16.074        1.868 / 16.074      ms
[820.162s][info][gc,stats    ]    Subphase: Concurrent References Enqueue                 0.000 / 0.000         0.002 / 0.010         0.002 / 0.010         0.002 / 0.010       ms
[820.162s][info][gc,stats    ]    Subphase: Concurrent References Process                 0.108 / 0.108         0.159 / 0.212         0.164 / 0.513         0.164 / 0.513       ms
[820.162s][info][gc,stats    ]    Subphase: Concurrent Roots ClassLoaderDataGraph         0.152 / 0.247         0.135 / 0.388         0.150 / 0.547         0.150 / 0.547       ms
[820.162s][info][gc,stats    ]    Subphase: Concurrent Roots CodeCache                    0.000 / 0.000         0.000 / 0.000         0.000 / 0.000         0.000 / 0.000       ms
[820.162s][info][gc,stats    ]    Subphase: Concurrent Roots JavaThreads                  0.417 / 0.516         0.337 / 0.961         0.496 / 5.702         0.496 / 5.702       ms
[820.162s][info][gc,stats    ]    Subphase: Concurrent Roots OopStorageSet                0.023 / 0.030         0.026 / 0.059         0.028 / 0.085         0.028 / 0.085       ms
[820.162s][info][gc,stats    ]    Subphase: Concurrent Weak Roots OopStorageSet           0.471 / 0.472         0.484 / 0.714         0.506 / 0.939         0.506 / 0.939       ms
[820.162s][info][gc,stats    ]    Subphase: Pause Mark Try Complete                       0.000 / 0.000         0.000 / 0.000         0.000 / 0.000         0.000 / 0.000       ms
[820.162s][info][gc,stats    ]      System: Java Threads                                     33 / 33               32 / 33               32 / 34               32 / 34          threads
[820.162s][info][gc,stats    ] =========================================================================================================================================================
[827.960s][info][gc,start    ] GC(49) Garbage Collection (Proactive)
[827.961s][info][gc,task     ] GC(49) Using 2 workers
[827.961s][info][gc,phases   ] GC(49) Pause Mark Start 0.011ms
[827.977s][info][gc,phases   ] GC(49) Concurrent Mark 15.486ms
[827.977s][info][gc,phases   ] GC(49) Pause Mark End 0.028ms
[827.977s][info][gc,phases   ] GC(49) Concurrent Mark Free 0.002ms
[827.985s][info][gc,phases   ] GC(49) Concurrent Process Non-Strong References 8.176ms
[827.985s][info][gc,phases   ] GC(49) Concurrent Reset Relocation Set 0.004ms
[827.987s][info][gc,phases   ] GC(49) Concurrent Select Relocation Set 1.351ms
[827.987s][info][gc,phases   ] GC(49) Pause Relocate Start 0.008ms
[827.988s][info][gc,phases   ] GC(49) Concurrent Relocate 0.651ms
[827.988s][info][gc,load     ] GC(49) Load: 0.00/0.00/0.00
[827.988s][info][gc,mmu      ] GC(49) MMU: 2ms/96.8%, 5ms/98.7%, 10ms/99.2%, 20ms/99.6%, 50ms/99.8%, 100ms/99.9%
[827.988s][info][gc,marking  ] GC(49) Mark: 2 stripe(s), 2 proactive flush(es), 1 terminate flush(es), 0 completion(s), 0 continuation(s) 
[827.988s][info][gc,marking  ] GC(49) Mark Stack Usage: 32M
[827.988s][info][gc,nmethod  ] GC(49) NMethods: 8337 registered, 0 unregistered
[827.988s][info][gc,metaspace] GC(49) Metaspace: 32M used, 33M committed, 1088M reserved
[827.988s][info][gc,ref      ] GC(49) Soft: 4121 encountered, 0 discovered, 0 enqueued
[827.988s][info][gc,ref      ] GC(49) Weak: 2162 encountered, 741 discovered, 0 enqueued
[827.988s][info][gc,ref      ] GC(49) Final: 3 encountered, 0 discovered, 0 enqueued
[827.988s][info][gc,ref      ] GC(49) Phantom: 278 encountered, 214 discovered, 0 enqueued
[827.988s][info][gc,reloc    ] GC(49) Small Pages: 222 / 444M, Empty: 338M, Relocated: 1M, In-Place: 0
[827.988s][info][gc,reloc    ] GC(49) Medium Pages: 1 / 32M, Empty: 0M, Relocated: 0M, In-Place: 0
[827.988s][info][gc,reloc    ] GC(49) Large Pages: 0 / 0M, Empty: 0M, Relocated: 0M, In-Place: 0
[827.988s][info][gc,reloc    ] GC(49) Forwarding Usage: 0M
[827.988s][info][gc,heap     ] GC(49) Min Capacity: 4096M(100%)
[827.988s][info][gc,heap     ] GC(49) Max Capacity: 4096M(100%)
[827.988s][info][gc,heap     ] GC(49) Soft Max Capacity: 4096M(100%)
[827.988s][info][gc,heap     ] GC(49)                Mark Start          Mark End        Relocate Start      Relocate End           High               Low         
[827.988s][info][gc,heap     ] GC(49)  Capacity:     4096M (100%)       4096M (100%)       4096M (100%)       4096M (100%)       4096M (100%)       4096M (100%)   
[827.988s][info][gc,heap     ] GC(49)      Free:     3620M (88%)        3608M (88%)        3946M (96%)        4030M (98%)        4030M (98%)        3608M (88%)    
[827.988s][info][gc,heap     ] GC(49)      Used:      476M (12%)         488M (12%)         150M (4%)           66M (2%)          488M (12%)          66M (2%)     
[827.988s][info][gc,heap     ] GC(49)      Live:         -                17M (0%)           17M (0%)           17M (0%)             -                  -          
[827.988s][info][gc,heap     ] GC(49) Allocated:         -                12M (0%)           12M (0%)           12M (0%)             -                  -          
[827.988s][info][gc,heap     ] GC(49)   Garbage:         -               458M (11%)         120M (3%)           36M (1%)             -                  -          
[827.988s][info][gc,heap     ] GC(49) Reclaimed:         -                  -               338M (8%)          422M (10%)            -                  -          
[827.988s][info][gc          ] GC(49) Garbage Collection (Proactive) 476M(12%)->66M(2%)
[830.154s][info][gc,stats    ] === Garbage Collection Statistics =======================================================================================================================
[830.154s][info][gc,stats    ]                                                              Last 10s              Last 10m              Last 10h                Total
[830.154s][info][gc,stats    ]                                                              Avg / Max             Avg / Max             Avg / Max             Avg / Max
[830.154s][info][gc,stats    ]   Collector: Garbage Collection Cycle                     27.265 / 27.265       30.374 / 46.419       31.250 / 54.411       31.250 / 54.411      ms
[830.154s][info][gc,stats    ]  Contention: Mark Segment Reset Contention                     0 / 0                 0 / 3                 0 / 3                 0 / 3           ops/s
[830.154s][info][gc,stats    ]  Contention: Mark SeqNum Reset Contention                      0 / 1                 0 / 2                 0 / 2                 0 / 2           ops/s
[830.154s][info][gc,stats    ]    Critical: Allocation Stall                                  0 / 0                 0 / 0                 0 / 0                 0 / 0           ops/s
[830.154s][info][gc,stats    ]    Critical: Allocation Stall                              0.000 / 0.000         0.000 / 0.000         0.000 / 0.000         0.000 / 0.000       ms
[830.154s][info][gc,stats    ]    Critical: GC Locker Stall                                   0 / 0                 0 / 0                 0 / 0                 0 / 0           ops/s
[830.154s][info][gc,stats    ]    Critical: GC Locker Stall                               0.000 / 0.000         0.000 / 0.000         0.000 / 0.000         0.000 / 0.000       ms
[830.154s][info][gc,stats    ]    Critical: Relocation Stall                                  0 / 0                 0 / 0                 0 / 0                 0 / 0           ops/s
[830.154s][info][gc,stats    ]    Critical: Relocation Stall                              0.000 / 0.000         0.000 / 0.000         0.000 / 0.000         0.000 / 0.000       ms
[830.154s][info][gc,stats    ]      Memory: Allocation Rate                                  25 / 34               25 / 128              25 / 148              25 / 148         MB/s
[830.154s][info][gc,stats    ]      Memory: Out Of Memory                                     0 / 0                 0 / 0                 0 / 0                 0 / 0           ops/s
[830.154s][info][gc,stats    ]      Memory: Page Cache Flush                                  0 / 0                 0 / 0                 0 / 0                 0 / 0           MB/s
[830.154s][info][gc,stats    ]      Memory: Page Cache Hit L1                                12 / 19               12 / 36               11 / 78               11 / 78          ops/s
[830.154s][info][gc,stats    ]      Memory: Page Cache Hit L2                                 0 / 0                 0 / 0                 0 / 0                 0 / 0           ops/s
[830.154s][info][gc,stats    ]      Memory: Page Cache Hit L3                                 0 / 0                 0 / 1                 0 / 48                0 / 48          ops/s
[830.154s][info][gc,stats    ]      Memory: Page Cache Miss                                   0 / 0                 0 / 0                 0 / 1                 0 / 1           ops/s
[830.154s][info][gc,stats    ]      Memory: Uncommit                                          0 / 0                 0 / 0                 0 / 0                 0 / 0           MB/s
[830.154s][info][gc,stats    ]      Memory: Undo Object Allocation Failed                     0 / 0                 0 / 0                 0 / 1                 0 / 1           ops/s
[830.154s][info][gc,stats    ]      Memory: Undo Object Allocation Succeeded                  0 / 0                 0 / 0                 0 / 22                0 / 22          ops/s
[830.154s][info][gc,stats    ]      Memory: Undo Page Allocation                              0 / 0                 0 / 1                 0 / 2                 0 / 2           ops/s
[830.154s][info][gc,stats    ]       Phase: Concurrent Mark                              15.486 / 15.486       17.145 / 26.064       18.011 / 38.897       18.011 / 38.897      ms
[830.154s][info][gc,stats    ]       Phase: Concurrent Mark Continue                      0.000 / 0.000         0.000 / 0.000         0.000 / 0.000         0.000 / 0.000       ms
[830.154s][info][gc,stats    ]       Phase: Concurrent Mark Free                          0.002 / 0.002         0.001 / 0.004         0.001 / 0.004         0.001 / 0.004       ms
[830.154s][info][gc,stats    ]       Phase: Concurrent Process Non-Strong References      8.176 / 8.176         9.298 / 17.607        9.083 / 17.607        9.083 / 17.607      ms
[830.154s][info][gc,stats    ]       Phase: Concurrent Relocate                           0.651 / 0.651         0.830 / 1.968         1.050 / 6.891         1.050 / 6.891       ms
[830.154s][info][gc,stats    ]       Phase: Concurrent Reset Relocation Set               0.004 / 0.004         0.004 / 0.008         0.005 / 0.011         0.005 / 0.011       ms
[830.154s][info][gc,stats    ]       Phase: Concurrent Select Relocation Set              1.351 / 1.351         1.587 / 3.268         1.626 / 3.477         1.626 / 3.477       ms
[830.154s][info][gc,stats    ]       Phase: Pause Mark End                                0.028 / 0.028         0.024 / 0.037         0.024 / 0.065         0.024 / 0.065       ms
[830.154s][info][gc,stats    ]       Phase: Pause Mark Start                              0.011 / 0.011         0.012 / 0.027         0.011 / 0.027         0.011 / 0.027       ms
[830.154s][info][gc,stats    ]       Phase: Pause Relocate Start                          0.008 / 0.008         0.009 / 0.012         0.009 / 0.019         0.009 / 0.019       ms
[830.154s][info][gc,stats    ]    Subphase: Concurrent Classes Purge                      0.303 / 0.303         0.418 / 2.002         0.382 / 2.002         0.382 / 2.002       ms
[830.154s][info][gc,stats    ]    Subphase: Concurrent Classes Unlink                     7.204 / 7.204         8.023 / 15.182        7.820 / 15.182        7.820 / 15.182      ms
[830.154s][info][gc,stats    ]    Subphase: Concurrent Mark                              13.054 / 14.739       14.047 / 25.274       14.693 / 33.017       14.693 / 33.017      ms
[830.154s][info][gc,stats    ]    Subphase: Concurrent Mark Try Flush                     0.083 / 0.149         0.124 / 0.286         0.123 / 0.286         0.123 / 0.286       ms
[830.154s][info][gc,stats    ]    Subphase: Concurrent Mark Try Terminate                 1.280 / 3.808         1.825 / 16.074        1.856 / 16.074        1.856 / 16.074      ms
[830.154s][info][gc,stats    ]    Subphase: Concurrent References Enqueue                 0.001 / 0.001         0.002 / 0.010         0.002 / 0.010         0.002 / 0.010       ms
[830.154s][info][gc,stats    ]    Subphase: Concurrent References Process                 0.107 / 0.107         0.158 / 0.212         0.163 / 0.513         0.163 / 0.513       ms
[830.154s][info][gc,stats    ]    Subphase: Concurrent Roots ClassLoaderDataGraph         0.156 / 0.268         0.135 / 0.388         0.150 / 0.547         0.150 / 0.547       ms
[830.154s][info][gc,stats    ]    Subphase: Concurrent Roots CodeCache                    0.000 / 0.000         0.000 / 0.000         0.000 / 0.000         0.000 / 0.000       ms
[830.154s][info][gc,stats    ]    Subphase: Concurrent Roots JavaThreads                  0.356 / 0.462         0.338 / 0.961         0.493 / 5.702         0.493 / 5.702       ms
[830.154s][info][gc,stats    ]    Subphase: Concurrent Roots OopStorageSet                0.023 / 0.029         0.026 / 0.059         0.028 / 0.085         0.028 / 0.085       ms
[830.154s][info][gc,stats    ]    Subphase: Concurrent Weak Roots OopStorageSet           0.322 / 0.322         0.480 / 0.714         0.502 / 0.939         0.502 / 0.939       ms
[830.155s][info][gc,stats    ]    Subphase: Pause Mark Try Complete                       0.000 / 0.000         0.000 / 0.000         0.000 / 0.000         0.000 / 0.000       ms
[830.155s][info][gc,stats    ]      System: Java Threads                                     33 / 33               32 / 33               32 / 34               32 / 34          threads
[830.155s][info][gc,stats    ] =========================================================================================================================================================
[840.152s][info][gc,stats    ] === Garbage Collection Statistics =======================================================================================================================
[840.152s][info][gc,stats    ]                                                              Last 10s              Last 10m              Last 10h                Total
[840.152s][info][gc,stats    ]                                                              Avg / Max             Avg / Max             Avg / Max             Avg / Max
[840.152s][info][gc,stats    ]   Collector: Garbage Collection Cycle                      0.000 / 0.000        30.395 / 46.419       31.250 / 54.411       31.250 / 54.411      ms
[840.152s][info][gc,stats    ]  Contention: Mark Segment Reset Contention                     0 / 0                 0 / 3                 0 / 3                 0 / 3           ops/s
[840.152s][info][gc,stats    ]  Contention: Mark SeqNum Reset Contention                      0 / 0                 0 / 2                 0 / 2                 0 / 2           ops/s
[840.152s][info][gc,stats    ]    Critical: Allocation Stall                                  0 / 0                 0 / 0                 0 / 0                 0 / 0           ops/s
[840.152s][info][gc,stats    ]    Critical: Allocation Stall                              0.000 / 0.000         0.000 / 0.000         0.000 / 0.000         0.000 / 0.000       ms
[840.152s][info][gc,stats    ]    Critical: GC Locker Stall                                   0 / 0                 0 / 0                 0 / 0                 0 / 0           ops/s
[840.152s][info][gc,stats    ]    Critical: GC Locker Stall                               0.000 / 0.000         0.000 / 0.000         0.000 / 0.000         0.000 / 0.000       ms
[840.152s][info][gc,stats    ]    Critical: Relocation Stall                                  0 / 0                 0 / 0                 0 / 0                 0 / 0           ops/s
[840.152s][info][gc,stats    ]    Critical: Relocation Stall                              0.000 / 0.000         0.000 / 0.000         0.000 / 0.000         0.000 / 0.000       ms
[840.152s][info][gc,stats    ]      Memory: Allocation Rate                                  23 / 30               25 / 128              25 / 148              25 / 148         MB/s
[840.152s][info][gc,stats    ]      Memory: Out Of Memory                                     0 / 0                 0 / 0                 0 / 0                 0 / 0           ops/s
[840.152s][info][gc,stats    ]      Memory: Page Cache Flush                                  0 / 0                 0 / 0                 0 / 0                 0 / 0           MB/s
[840.152s][info][gc,stats    ]      Memory: Page Cache Hit L1                                11 / 15               12 / 36               11 / 78               11 / 78          ops/s
[840.152s][info][gc,stats    ]      Memory: Page Cache Hit L2                                 0 / 0                 0 / 0                 0 / 0                 0 / 0           ops/s
[840.152s][info][gc,stats    ]      Memory: Page Cache Hit L3                                 0 / 0                 0 / 1                 0 / 48                0 / 48          ops/s
[840.152s][info][gc,stats    ]      Memory: Page Cache Miss                                   0 / 0                 0 / 0                 0 / 1                 0 / 1           ops/s
[840.152s][info][gc,stats    ]      Memory: Uncommit                                          0 / 0                 0 / 0                 0 / 0                 0 / 0           MB/s
[840.152s][info][gc,stats    ]      Memory: Undo Object Allocation Failed                     0 / 0                 0 / 0                 0 / 1                 0 / 1           ops/s
[840.152s][info][gc,stats    ]      Memory: Undo Object Allocation Succeeded                  0 / 0                 0 / 0                 0 / 22                0 / 22          ops/s
[840.152s][info][gc,stats    ]      Memory: Undo Page Allocation                              0 / 0                 0 / 1                 0 / 2                 0 / 2           ops/s
[840.152s][info][gc,stats    ]       Phase: Concurrent Mark                               0.000 / 0.000        17.148 / 26.064       18.011 / 38.897       18.011 / 38.897      ms
[840.152s][info][gc,stats    ]       Phase: Concurrent Mark Continue                      0.000 / 0.000         0.000 / 0.000         0.000 / 0.000         0.000 / 0.000       ms
[840.152s][info][gc,stats    ]       Phase: Concurrent Mark Free                          0.000 / 0.000         0.001 / 0.004         0.001 / 0.004         0.001 / 0.004       ms
[840.152s][info][gc,stats    ]       Phase: Concurrent Process Non-Strong References      0.000 / 0.000         9.310 / 17.607        9.083 / 17.607        9.083 / 17.607      ms
[840.152s][info][gc,stats    ]       Phase: Concurrent Relocate                           0.000 / 0.000         0.824 / 1.968         1.050 / 6.891         1.050 / 6.891       ms
[840.152s][info][gc,stats    ]       Phase: Concurrent Reset Relocation Set               0.000 / 0.000         0.004 / 0.008         0.005 / 0.011         0.005 / 0.011       ms
[840.152s][info][gc,stats    ]       Phase: Concurrent Select Relocation Set              0.000 / 0.000         1.595 / 3.268         1.626 / 3.477         1.626 / 3.477       ms
[840.152s][info][gc,stats    ]       Phase: Pause Mark End                                0.000 / 0.000         0.024 / 0.037         0.024 / 0.065         0.024 / 0.065       ms
[840.152s][info][gc,stats    ]       Phase: Pause Mark Start                              0.000 / 0.000         0.011 / 0.027         0.011 / 0.027         0.011 / 0.027       ms
[840.152s][info][gc,stats    ]       Phase: Pause Relocate Start                          0.000 / 0.000         0.009 / 0.012         0.009 / 0.019         0.009 / 0.019       ms
[840.152s][info][gc,stats    ]    Subphase: Concurrent Classes Purge                      0.000 / 0.000         0.418 / 2.002         0.382 / 2.002         0.382 / 2.002       ms
[840.152s][info][gc,stats    ]    Subphase: Concurrent Classes Unlink                     0.000 / 0.000         8.036 / 15.182        7.820 / 15.182        7.820 / 15.182      ms
[840.152s][info][gc,stats    ]    Subphase: Concurrent Mark                               0.000 / 0.000        14.043 / 25.274       14.693 / 33.017       14.693 / 33.017      ms
[840.152s][info][gc,stats    ]    Subphase: Concurrent Mark Try Flush                     0.000 / 0.000         0.124 / 0.286         0.123 / 0.286         0.123 / 0.286       ms
[840.152s][info][gc,stats    ]    Subphase: Concurrent Mark Try Terminate                 0.000 / 0.000         1.831 / 16.074        1.856 / 16.074        1.856 / 16.074      ms
[840.152s][info][gc,stats    ]    Subphase: Concurrent References Enqueue                 0.000 / 0.000         0.002 / 0.010         0.002 / 0.010         0.002 / 0.010       ms
[840.152s][info][gc,stats    ]    Subphase: Concurrent References Process                 0.000 / 0.000         0.158 / 0.212         0.163 / 0.513         0.163 / 0.513       ms
[840.152s][info][gc,stats    ]    Subphase: Concurrent Roots ClassLoaderDataGraph         0.000 / 0.000         0.133 / 0.375         0.150 / 0.547         0.150 / 0.547       ms
[840.153s][info][gc,stats    ]    Subphase: Concurrent Roots CodeCache                    0.000 / 0.000         0.000 / 0.000         0.000 / 0.000         0.000 / 0.000       ms
[840.153s][info][gc,stats    ]    Subphase: Concurrent Roots JavaThreads                  0.000 / 0.000         0.338 / 0.961         0.493 / 5.702         0.493 / 5.702       ms
[840.153s][info][gc,stats    ]    Subphase: Concurrent Roots OopStorageSet                0.000 / 0.000         0.026 / 0.059         0.028 / 0.085         0.028 / 0.085       ms
[840.153s][info][gc,stats    ]    Subphase: Concurrent Weak Roots OopStorageSet           0.000 / 0.000         0.477 / 0.714         0.502 / 0.939         0.502 / 0.939       ms
[840.153s][info][gc,stats    ]    Subphase: Pause Mark Try Complete                       0.000 / 0.000         0.000 / 0.000         0.000 / 0.000         0.000 / 0.000       ms
[840.153s][info][gc,stats    ]      System: Java Threads                                      0 / 0                32 / 33               32 / 34               32 / 34          threads
[840.153s][info][gc,stats    ] =========================================================================================================================================================
[845.459s][info][gc,start    ] GC(50) Garbage Collection (Proactive)
[845.459s][info][gc,task     ] GC(50) Using 2 workers
[845.459s][info][gc,phases   ] GC(50) Pause Mark Start 0.028ms
[845.476s][info][gc,phases   ] GC(50) Concurrent Mark 16.859ms
[845.477s][info][gc,phases   ] GC(50) Pause Mark End 0.029ms
[845.477s][info][gc,phases   ] GC(50) Concurrent Mark Free 0.001ms
[845.485s][info][gc,phases   ] GC(50) Concurrent Process Non-Strong References 8.432ms
[845.485s][info][gc,phases   ] GC(50) Concurrent Reset Relocation Set 0.004ms
[845.487s][info][gc,phases   ] GC(50) Concurrent Select Relocation Set 1.362ms
[845.487s][info][gc,phases   ] GC(50) Pause Relocate Start 0.008ms
[845.488s][info][gc,phases   ] GC(50) Concurrent Relocate 0.657ms
[845.488s][info][gc,load     ] GC(50) Load: 0.00/0.00/0.00
[845.488s][info][gc,mmu      ] GC(50) MMU: 2ms/96.8%, 5ms/98.7%, 10ms/99.2%, 20ms/99.6%, 50ms/99.8%, 100ms/99.9%
[845.488s][info][gc,marking  ] GC(50) Mark: 2 stripe(s), 2 proactive flush(es), 1 terminate flush(es), 0 completion(s), 0 continuation(s) 
[845.488s][info][gc,marking  ] GC(50) Mark Stack Usage: 32M
[845.488s][info][gc,nmethod  ] GC(50) NMethods: 8341 registered, 0 unregistered
[845.488s][info][gc,metaspace] GC(50) Metaspace: 32M used, 33M committed, 1088M reserved
[845.488s][info][gc,ref      ] GC(50) Soft: 4121 encountered, 0 discovered, 0 enqueued
[845.488s][info][gc,ref      ] GC(50) Weak: 2162 encountered, 342 discovered, 0 enqueued
[845.488s][info][gc,ref      ] GC(50) Final: 3 encountered, 1 discovered, 0 enqueued
[845.488s][info][gc,ref      ] GC(50) Phantom: 279 encountered, 149 discovered, 0 enqueued
[845.488s][info][gc,reloc    ] GC(50) Small Pages: 224 / 448M, Empty: 334M, Relocated: 1M, In-Place: 0
[845.488s][info][gc,reloc    ] GC(50) Medium Pages: 1 / 32M, Empty: 0M, Relocated: 0M, In-Place: 0
[845.488s][info][gc,reloc    ] GC(50) Large Pages: 0 / 0M, Empty: 0M, Relocated: 0M, In-Place: 0
[845.488s][info][gc,reloc    ] GC(50) Forwarding Usage: 0M
[845.488s][info][gc,heap     ] GC(50) Min Capacity: 4096M(100%)
[845.488s][info][gc,heap     ] GC(50) Max Capacity: 4096M(100%)
[845.488s][info][gc,heap     ] GC(50) Soft Max Capacity: 4096M(100%)
[845.488s][info][gc,heap     ] GC(50)                Mark Start          Mark End        Relocate Start      Relocate End           High               Low         
[845.488s][info][gc,heap     ] GC(50)  Capacity:     4096M (100%)       4096M (100%)       4096M (100%)       4096M (100%)       4096M (100%)       4096M (100%)   
[845.488s][info][gc,heap     ] GC(50)      Free:     3616M (88%)        3604M (88%)        3938M (96%)        4030M (98%)        4030M (98%)        3604M (88%)    
[845.488s][info][gc,heap     ] GC(50)      Used:      480M (12%)         492M (12%)         158M (4%)           66M (2%)          492M (12%)          66M (2%)     
[845.488s][info][gc,heap     ] GC(50)      Live:         -                17M (0%)           17M (0%)           17M (0%)             -                  -          
[845.488s][info][gc,heap     ] GC(50) Allocated:         -                12M (0%)           12M (0%)           12M (0%)             -                  -          
[845.488s][info][gc,heap     ] GC(50)   Garbage:         -               462M (11%)         128M (3%)           36M (1%)             -                  -          
[845.488s][info][gc,heap     ] GC(50) Reclaimed:         -                  -               334M (8%)          426M (10%)            -                  -          
[845.488s][info][gc          ] GC(50) Garbage Collection (Proactive) 480M(12%)->66M(2%)
[850.160s][info][gc,stats    ] === Garbage Collection Statistics =======================================================================================================================
[850.160s][info][gc,stats    ]                                                              Last 10s              Last 10m              Last 10h                Total
[850.160s][info][gc,stats    ]                                                              Avg / Max             Avg / Max             Avg / Max             Avg / Max
[850.160s][info][gc,stats    ]   Collector: Garbage Collection Cycle                     29.142 / 29.142       30.405 / 46.419       31.209 / 54.411       31.209 / 54.411      ms
[850.160s][info][gc,stats    ]  Contention: Mark Segment Reset Contention                     0 / 0                 0 / 3                 0 / 3                 0 / 3           ops/s
[850.160s][info][gc,stats    ]  Contention: Mark SeqNum Reset Contention                      0 / 1                 0 / 2                 0 / 2                 0 / 2           ops/s
[850.160s][info][gc,stats    ]    Critical: Allocation Stall                                  0 / 0                 0 / 0                 0 / 0                 0 / 0           ops/s
[850.160s][info][gc,stats    ]    Critical: Allocation Stall                              0.000 / 0.000         0.000 / 0.000         0.000 / 0.000         0.000 / 0.000       ms
[850.160s][info][gc,stats    ]    Critical: GC Locker Stall                                   0 / 0                 0 / 0                 0 / 0                 0 / 0           ops/s
[850.160s][info][gc,stats    ]    Critical: GC Locker Stall                               0.000 / 0.000         0.000 / 0.000         0.000 / 0.000         0.000 / 0.000       ms
[850.160s][info][gc,stats    ]    Critical: Relocation Stall                                  0 / 0                 0 / 0                 0 / 0                 0 / 0           ops/s
[850.160s][info][gc,stats    ]    Critical: Relocation Stall                              0.000 / 0.000         0.000 / 0.000         0.000 / 0.000         0.000 / 0.000       ms
[850.160s][info][gc,stats    ]      Memory: Allocation Rate                                  24 / 32               25 / 128              25 / 148              25 / 148         MB/s
[850.160s][info][gc,stats    ]      Memory: Out Of Memory                                     0 / 0                 0 / 0                 0 / 0                 0 / 0           ops/s
[850.160s][info][gc,stats    ]      Memory: Page Cache Flush                                  0 / 0                 0 / 0                 0 / 0                 0 / 0           MB/s
[850.160s][info][gc,stats    ]      Memory: Page Cache Hit L1                                12 / 18               12 / 36               11 / 78               11 / 78          ops/s
[850.160s][info][gc,stats    ]      Memory: Page Cache Hit L2                                 0 / 0                 0 / 0                 0 / 0                 0 / 0           ops/s
[850.160s][info][gc,stats    ]      Memory: Page Cache Hit L3                                 0 / 0                 0 / 1                 0 / 48                0 / 48          ops/s
[850.160s][info][gc,stats    ]      Memory: Page Cache Miss                                   0 / 0                 0 / 0                 0 / 1                 0 / 1           ops/s
[850.160s][info][gc,stats    ]      Memory: Uncommit                                          0 / 0                 0 / 0                 0 / 0                 0 / 0           MB/s
[850.160s][info][gc,stats    ]      Memory: Undo Object Allocation Failed                     0 / 0                 0 / 0                 0 / 1                 0 / 1           ops/s
[850.160s][info][gc,stats    ]      Memory: Undo Object Allocation Succeeded                  0 / 0                 0 / 0                 0 / 22                0 / 22          ops/s
[850.160s][info][gc,stats    ]      Memory: Undo Page Allocation                              0 / 0                 0 / 1                 0 / 2                 0 / 2           ops/s
[850.160s][info][gc,stats    ]       Phase: Concurrent Mark                              16.859 / 16.859       17.168 / 26.064       17.989 / 38.897       17.989 / 38.897      ms
[850.160s][info][gc,stats    ]       Phase: Concurrent Mark Continue                      0.000 / 0.000         0.000 / 0.000         0.000 / 0.000         0.000 / 0.000       ms
[850.160s][info][gc,stats    ]       Phase: Concurrent Mark Free                          0.001 / 0.001         0.001 / 0.004         0.001 / 0.004         0.001 / 0.004       ms
[850.160s][info][gc,stats    ]       Phase: Concurrent Process Non-Strong References      8.432 / 8.432         9.301 / 17.607        9.070 / 17.607        9.070 / 17.607      ms
[850.160s][info][gc,stats    ]       Phase: Concurrent Relocate                           0.657 / 0.657         0.823 / 1.968         1.042 / 6.891         1.042 / 6.891       ms
[850.160s][info][gc,stats    ]       Phase: Concurrent Reset Relocation Set               0.004 / 0.004         0.004 / 0.008         0.004 / 0.011         0.004 / 0.011       ms
[850.160s][info][gc,stats    ]       Phase: Concurrent Select Relocation Set              1.362 / 1.362         1.594 / 3.268         1.621 / 3.477         1.621 / 3.477       ms
[850.160s][info][gc,stats    ]       Phase: Pause Mark End                                0.029 / 0.029         0.024 / 0.037         0.024 / 0.065         0.024 / 0.065       ms
[850.160s][info][gc,stats    ]       Phase: Pause Mark Start                              0.028 / 0.028         0.012 / 0.028         0.012 / 0.028         0.012 / 0.028       ms
[850.160s][info][gc,stats    ]       Phase: Pause Relocate Start                          0.008 / 0.008         0.009 / 0.012         0.009 / 0.019         0.009 / 0.019       ms
[850.160s][info][gc,stats    ]    Subphase: Concurrent Classes Purge                      0.339 / 0.339         0.420 / 2.002         0.381 / 2.002         0.381 / 2.002       ms
[850.160s][info][gc,stats    ]    Subphase: Concurrent Classes Unlink                     7.274 / 7.274         8.030 / 15.182        7.809 / 15.182        7.809 / 15.182      ms
[850.161s][info][gc,stats    ]    Subphase: Concurrent Mark                              14.381 / 16.201       14.064 / 25.274       14.687 / 33.017       14.687 / 33.017      ms
[850.161s][info][gc,stats    ]    Subphase: Concurrent Mark Try Flush                     0.144 / 0.267         0.125 / 0.286         0.124 / 0.286         0.124 / 0.286       ms
[850.161s][info][gc,stats    ]    Subphase: Concurrent Mark Try Terminate                 1.426 / 4.206         1.832 / 16.074        1.848 / 16.074        1.848 / 16.074      ms
[850.161s][info][gc,stats    ]    Subphase: Concurrent References Enqueue                 0.001 / 0.001         0.002 / 0.010         0.002 / 0.010         0.002 / 0.010       ms
[850.161s][info][gc,stats    ]    Subphase: Concurrent References Process                 0.135 / 0.135         0.157 / 0.212         0.162 / 0.513         0.162 / 0.513       ms
[850.161s][info][gc,stats    ]    Subphase: Concurrent Roots ClassLoaderDataGraph         0.134 / 0.216         0.132 / 0.375         0.150 / 0.547         0.150 / 0.547       ms
[850.161s][info][gc,stats    ]    Subphase: Concurrent Roots CodeCache                    0.000 / 0.000         0.000 / 0.000         0.000 / 0.000         0.000 / 0.000       ms
[850.161s][info][gc,stats    ]    Subphase: Concurrent Roots JavaThreads                  0.278 / 0.365         0.338 / 0.961         0.489 / 5.702         0.489 / 5.702       ms
[850.161s][info][gc,stats    ]    Subphase: Concurrent Roots OopStorageSet                0.029 / 0.038         0.026 / 0.059         0.028 / 0.085         0.028 / 0.085       ms
[850.161s][info][gc,stats    ]    Subphase: Concurrent Weak Roots OopStorageSet           0.444 / 0.446         0.472 / 0.714         0.501 / 0.939         0.501 / 0.939       ms
[850.161s][info][gc,stats    ]    Subphase: Pause Mark Try Complete                       0.000 / 0.000         0.000 / 0.000         0.000 / 0.000         0.000 / 0.000       ms
[850.161s][info][gc,stats    ]      System: Java Threads                                     33 / 33               32 / 33               32 / 34               32 / 34          threads
[850.161s][info][gc,stats    ] =========================================================================================================================================================
[860.166s][info][gc,stats    ] === Garbage Collection Statistics =======================================================================================================================
[860.166s][info][gc,stats    ]                                                              Last 10s              Last 10m              Last 10h                Total
[860.166s][info][gc,stats    ]                                                              Avg / Max             Avg / Max             Avg / Max             Avg / Max
[860.166s][info][gc,stats    ]   Collector: Garbage Collection Cycle                      0.000 / 0.000        30.034 / 46.419       31.209 / 54.411       31.209 / 54.411      ms
[860.166s][info][gc,stats    ]  Contention: Mark Segment Reset Contention                     0 / 0                 0 / 3                 0 / 3                 0 / 3           ops/s
[860.166s][info][gc,stats    ]  Contention: Mark SeqNum Reset Contention                      0 / 0                 0 / 2                 0 / 2                 0 / 2           ops/s
[860.166s][info][gc,stats    ]    Critical: Allocation Stall                                  0 / 0                 0 / 0                 0 / 0                 0 / 0           ops/s
[860.166s][info][gc,stats    ]    Critical: Allocation Stall                              0.000 / 0.000         0.000 / 0.000         0.000 / 0.000         0.000 / 0.000       ms
[860.166s][info][gc,stats    ]    Critical: GC Locker Stall                                   0 / 0                 0 / 0                 0 / 0                 0 / 0           ops/s
[860.166s][info][gc,stats    ]    Critical: GC Locker Stall                               0.000 / 0.000         0.000 / 0.000         0.000 / 0.000         0.000 / 0.000       ms
[860.166s][info][gc,stats    ]    Critical: Relocation Stall                                  0 / 0                 0 / 0                 0 / 0                 0 / 0           ops/s
[860.166s][info][gc,stats    ]    Critical: Relocation Stall                              0.000 / 0.000         0.000 / 0.000         0.000 / 0.000         0.000 / 0.000       ms
[860.166s][info][gc,stats    ]      Memory: Allocation Rate                                  24 / 28               24 / 128              25 / 148              25 / 148         MB/s
[860.166s][info][gc,stats    ]      Memory: Out Of Memory                                     0 / 0                 0 / 0                 0 / 0                 0 / 0           ops/s
[860.166s][info][gc,stats    ]      Memory: Page Cache Flush                                  0 / 0                 0 / 0                 0 / 0                 0 / 0           MB/s
[860.166s][info][gc,stats    ]      Memory: Page Cache Hit L1                                12 / 14               12 / 36               11 / 78               11 / 78          ops/s
[860.166s][info][gc,stats    ]      Memory: Page Cache Hit L2                                 0 / 0                 0 / 0                 0 / 0                 0 / 0           ops/s
[860.166s][info][gc,stats    ]      Memory: Page Cache Hit L3                                 0 / 0                 0 / 0                 0 / 48                0 / 48          ops/s
[860.166s][info][gc,stats    ]      Memory: Page Cache Miss                                   0 / 0                 0 / 0                 0 / 1                 0 / 1           ops/s
[860.166s][info][gc,stats    ]      Memory: Uncommit                                          0 / 0                 0 / 0                 0 / 0                 0 / 0           MB/s
[860.166s][info][gc,stats    ]      Memory: Undo Object Allocation Failed                     0 / 0                 0 / 0                 0 / 1                 0 / 1           ops/s
[860.166s][info][gc,stats    ]      Memory: Undo Object Allocation Succeeded                  0 / 0                 0 / 0                 0 / 22                0 / 22          ops/s
[860.166s][info][gc,stats    ]      Memory: Undo Page Allocation                              0 / 0                 0 / 1                 0 / 2                 0 / 2           ops/s
[860.166s][info][gc,stats    ]       Phase: Concurrent Mark                               0.000 / 0.000        16.991 / 26.064       17.989 / 38.897       17.989 / 38.897      ms
[860.166s][info][gc,stats    ]       Phase: Concurrent Mark Continue                      0.000 / 0.000         0.000 / 0.000         0.000 / 0.000         0.000 / 0.000       ms
[860.166s][info][gc,stats    ]       Phase: Concurrent Mark Free                          0.000 / 0.000         0.001 / 0.004         0.001 / 0.004         0.001 / 0.004       ms
[860.166s][info][gc,stats    ]       Phase: Concurrent Process Non-Strong References      0.000 / 0.000         9.102 / 17.607        9.070 / 17.607        9.070 / 17.607      ms
[860.166s][info][gc,stats    ]       Phase: Concurrent Relocate                           0.000 / 0.000         0.804 / 1.968         1.042 / 6.891         1.042 / 6.891       ms
[860.166s][info][gc,stats    ]       Phase: Concurrent Reset Relocation Set               0.000 / 0.000         0.004 / 0.008         0.004 / 0.011         0.004 / 0.011       ms
[860.167s][info][gc,stats    ]       Phase: Concurrent Select Relocation Set              0.000 / 0.000         1.593 / 3.268         1.621 / 3.477         1.621 / 3.477       ms
[860.167s][info][gc,stats    ]       Phase: Pause Mark End                                0.000 / 0.000         0.024 / 0.037         0.024 / 0.065         0.024 / 0.065       ms
[860.167s][info][gc,stats    ]       Phase: Pause Mark Start                              0.000 / 0.000         0.012 / 0.028         0.012 / 0.028         0.012 / 0.028       ms
[860.167s][info][gc,stats    ]       Phase: Pause Relocate Start                          0.000 / 0.000         0.009 / 0.012         0.009 / 0.019         0.009 / 0.019       ms
[860.167s][info][gc,stats    ]    Subphase: Concurrent Classes Purge                      0.000 / 0.000         0.386 / 2.002         0.381 / 2.002         0.381 / 2.002       ms
[860.167s][info][gc,stats    ]    Subphase: Concurrent Classes Unlink                     0.000 / 0.000         7.866 / 15.182        7.809 / 15.182        7.809 / 15.182      ms
[860.167s][info][gc,stats    ]    Subphase: Concurrent Mark                               0.000 / 0.000        13.984 / 25.274       14.687 / 33.017       14.687 / 33.017      ms
[860.167s][info][gc,stats    ]    Subphase: Concurrent Mark Try Flush                     0.000 / 0.000         0.127 / 0.286         0.124 / 0.286         0.124 / 0.286       ms
[860.167s][info][gc,stats    ]    Subphase: Concurrent Mark Try Terminate                 0.000 / 0.000         1.769 / 16.074        1.848 / 16.074        1.848 / 16.074      ms
[860.167s][info][gc,stats    ]    Subphase: Concurrent References Enqueue                 0.000 / 0.000         0.002 / 0.010         0.002 / 0.010         0.002 / 0.010       ms
[860.167s][info][gc,stats    ]    Subphase: Concurrent References Process                 0.000 / 0.000         0.158 / 0.212         0.162 / 0.513         0.162 / 0.513       ms
[860.167s][info][gc,stats    ]    Subphase: Concurrent Roots ClassLoaderDataGraph         0.000 / 0.000         0.131 / 0.375         0.150 / 0.547         0.150 / 0.547       ms
[860.167s][info][gc,stats    ]    Subphase: Concurrent Roots CodeCache                    0.000 / 0.000         0.000 / 0.000         0.000 / 0.000         0.000 / 0.000       ms
[860.167s][info][gc,stats    ]    Subphase: Concurrent Roots JavaThreads                  0.000 / 0.000         0.325 / 0.584         0.489 / 5.702         0.489 / 5.702       ms
[860.167s][info][gc,stats    ]    Subphase: Concurrent Roots OopStorageSet                0.000 / 0.000         0.026 / 0.059         0.028 / 0.085         0.028 / 0.085       ms
[860.167s][info][gc,stats    ]    Subphase: Concurrent Weak Roots OopStorageSet           0.000 / 0.000         0.472 / 0.714         0.501 / 0.939         0.501 / 0.939       ms
[860.167s][info][gc,stats    ]    Subphase: Pause Mark Try Complete                       0.000 / 0.000         0.000 / 0.000         0.000 / 0.000         0.000 / 0.000       ms
[860.167s][info][gc,stats    ]      System: Java Threads                                      0 / 0                32 / 33               32 / 34               32 / 34          threads
[860.167s][info][gc,stats    ] =========================================================================================================================================================
[862.863s][info][gc,start    ] GC(51) Garbage Collection (Proactive)
[862.863s][info][gc,task     ] GC(51) Using 2 workers
[862.863s][info][gc,phases   ] GC(51) Pause Mark Start 0.007ms
[862.880s][info][gc,phases   ] GC(51) Concurrent Mark 16.840ms
[862.880s][info][gc,phases   ] GC(51) Pause Mark End 0.029ms
[862.881s][info][gc,phases   ] GC(51) Concurrent Mark Free 0.003ms
[862.889s][info][gc,phases   ] GC(51) Concurrent Process Non-Strong References 8.733ms
[862.890s][info][gc,phases   ] GC(51) Concurrent Reset Relocation Set 0.004ms
[862.891s][info][gc,phases   ] GC(51) Concurrent Select Relocation Set 1.312ms
[862.891s][info][gc,phases   ] GC(51) Pause Relocate Start 0.010ms
[862.892s][info][gc,phases   ] GC(51) Concurrent Relocate 0.682ms
[862.892s][info][gc,load     ] GC(51) Load: 0.00/0.00/0.00
[862.892s][info][gc,mmu      ] GC(51) MMU: 2ms/96.8%, 5ms/98.7%, 10ms/99.2%, 20ms/99.6%, 50ms/99.8%, 100ms/99.9%
[862.892s][info][gc,marking  ] GC(51) Mark: 2 stripe(s), 2 proactive flush(es), 1 terminate flush(es), 0 completion(s), 0 continuation(s) 
[862.892s][info][gc,marking  ] GC(51) Mark Stack Usage: 32M
[862.892s][info][gc,nmethod  ] GC(51) NMethods: 8352 registered, 0 unregistered
[862.892s][info][gc,metaspace] GC(51) Metaspace: 32M used, 33M committed, 1088M reserved
[862.892s][info][gc,ref      ] GC(51) Soft: 4121 encountered, 0 discovered, 0 enqueued
[862.892s][info][gc,ref      ] GC(51) Weak: 2162 encountered, 617 discovered, 0 enqueued
[862.892s][info][gc,ref      ] GC(51) Final: 3 encountered, 0 discovered, 0 enqueued
[862.892s][info][gc,ref      ] GC(51) Phantom: 279 encountered, 220 discovered, 0 enqueued
[862.892s][info][gc,reloc    ] GC(51) Small Pages: 223 / 446M, Empty: 330M, Relocated: 1M, In-Place: 0
[862.892s][info][gc,reloc    ] GC(51) Medium Pages: 1 / 32M, Empty: 0M, Relocated: 0M, In-Place: 0
[862.892s][info][gc,reloc    ] GC(51) Large Pages: 0 / 0M, Empty: 0M, Relocated: 0M, In-Place: 0
[862.892s][info][gc,reloc    ] GC(51) Forwarding Usage: 0M
[862.892s][info][gc,heap     ] GC(51) Min Capacity: 4096M(100%)
[862.892s][info][gc,heap     ] GC(51) Max Capacity: 4096M(100%)
[862.892s][info][gc,heap     ] GC(51) Soft Max Capacity: 4096M(100%)
[862.892s][info][gc,heap     ] GC(51)                Mark Start          Mark End        Relocate Start      Relocate End           High               Low         
[862.892s][info][gc,heap     ] GC(51)  Capacity:     4096M (100%)       4096M (100%)       4096M (100%)       4096M (100%)       4096M (100%)       4096M (100%)   
[862.892s][info][gc,heap     ] GC(51)      Free:     3618M (88%)        3606M (88%)        3936M (96%)        4030M (98%)        4030M (98%)        3606M (88%)    
[862.892s][info][gc,heap     ] GC(51)      Used:      478M (12%)         490M (12%)         160M (4%)           66M (2%)          490M (12%)          66M (2%)     
[862.892s][info][gc,heap     ] GC(51)      Live:         -                17M (0%)           17M (0%)           17M (0%)             -                  -          
[862.892s][info][gc,heap     ] GC(51) Allocated:         -                12M (0%)           12M (0%)           12M (0%)             -                  -          
[862.892s][info][gc,heap     ] GC(51)   Garbage:         -               460M (11%)         130M (3%)           36M (1%)             -                  -          
[862.892s][info][gc,heap     ] GC(51) Reclaimed:         -                  -               330M (8%)          424M (10%)            -                  -          
[862.892s][info][gc          ] GC(51) Garbage Collection (Proactive) 478M(12%)->66M(2%)
[870.154s][info][gc,stats    ] === Garbage Collection Statistics =======================================================================================================================
[870.154s][info][gc,stats    ]                                                              Last 10s              Last 10m              Last 10h                Total
[870.154s][info][gc,stats    ]                                                              Avg / Max             Avg / Max             Avg / Max             Avg / Max
[870.154s][info][gc,stats    ]   Collector: Garbage Collection Cycle                     29.246 / 29.246       29.916 / 46.419       31.171 / 54.411       31.171 / 54.411      ms
[870.154s][info][gc,stats    ]  Contention: Mark Segment Reset Contention                     0 / 0                 0 / 3                 0 / 3                 0 / 3           ops/s
[870.154s][info][gc,stats    ]  Contention: Mark SeqNum Reset Contention                      0 / 1                 0 / 2                 0 / 2                 0 / 2           ops/s
[870.154s][info][gc,stats    ]    Critical: Allocation Stall                                  0 / 0                 0 / 0                 0 / 0                 0 / 0           ops/s
[870.154s][info][gc,stats    ]    Critical: Allocation Stall                              0.000 / 0.000         0.000 / 0.000         0.000 / 0.000         0.000 / 0.000       ms
[870.154s][info][gc,stats    ]    Critical: GC Locker Stall                                   0 / 0                 0 / 0                 0 / 0                 0 / 0           ops/s
[870.154s][info][gc,stats    ]    Critical: GC Locker Stall                               0.000 / 0.000         0.000 / 0.000         0.000 / 0.000         0.000 / 0.000       ms
[870.154s][info][gc,stats    ]    Critical: Relocation Stall                                  0 / 0                 0 / 0                 0 / 0                 0 / 0           ops/s
[870.154s][info][gc,stats    ]    Critical: Relocation Stall                              0.000 / 0.000         0.000 / 0.000         0.000 / 0.000         0.000 / 0.000       ms
[870.155s][info][gc,stats    ]      Memory: Allocation Rate                                  24 / 32               24 / 128              25 / 148              25 / 148         MB/s
[870.155s][info][gc,stats    ]      Memory: Out Of Memory                                     0 / 0                 0 / 0                 0 / 0                 0 / 0           ops/s
[870.155s][info][gc,stats    ]      Memory: Page Cache Flush                                  0 / 0                 0 / 0                 0 / 0                 0 / 0           MB/s
[870.155s][info][gc,stats    ]      Memory: Page Cache Hit L1                                12 / 18               12 / 36               11 / 78               11 / 78          ops/s
[870.155s][info][gc,stats    ]      Memory: Page Cache Hit L2                                 0 / 0                 0 / 0                 0 / 0                 0 / 0           ops/s
[870.155s][info][gc,stats    ]      Memory: Page Cache Hit L3                                 0 / 0                 0 / 0                 0 / 48                0 / 48          ops/s
[870.155s][info][gc,stats    ]      Memory: Page Cache Miss                                   0 / 0                 0 / 0                 0 / 1                 0 / 1           ops/s
[870.155s][info][gc,stats    ]      Memory: Uncommit                                          0 / 0                 0 / 0                 0 / 0                 0 / 0           MB/s
[870.155s][info][gc,stats    ]      Memory: Undo Object Allocation Failed                     0 / 0                 0 / 0                 0 / 1                 0 / 1           ops/s
[870.155s][info][gc,stats    ]      Memory: Undo Object Allocation Succeeded                  0 / 0                 0 / 0                 0 / 22                0 / 22          ops/s
[870.155s][info][gc,stats    ]      Memory: Undo Page Allocation                              0 / 0                 0 / 1                 0 / 2                 0 / 2           ops/s
[870.155s][info][gc,stats    ]       Phase: Concurrent Mark                              16.840 / 16.840       16.875 / 26.064       17.967 / 38.897       17.967 / 38.897      ms
[870.155s][info][gc,stats    ]       Phase: Concurrent Mark Continue                      0.000 / 0.000         0.000 / 0.000         0.000 / 0.000         0.000 / 0.000       ms
[870.155s][info][gc,stats    ]       Phase: Concurrent Mark Free                          0.003 / 0.003         0.001 / 0.004         0.001 / 0.004         0.001 / 0.004       ms
[870.155s][info][gc,stats    ]       Phase: Concurrent Process Non-Strong References      8.733 / 8.733         9.108 / 17.607        9.063 / 17.607        9.063 / 17.607      ms
[870.155s][info][gc,stats    ]       Phase: Concurrent Relocate                           0.682 / 0.682         0.783 / 1.968         1.035 / 6.891         1.035 / 6.891       ms
[870.155s][info][gc,stats    ]       Phase: Concurrent Reset Relocation Set               0.004 / 0.004         0.004 / 0.008         0.004 / 0.011         0.004 / 0.011       ms
[870.155s][info][gc,stats    ]       Phase: Concurrent Select Relocation Set              1.312 / 1.312         1.590 / 3.268         1.615 / 3.477         1.615 / 3.477       ms
[870.155s][info][gc,stats    ]       Phase: Pause Mark End                                0.029 / 0.029         0.024 / 0.037         0.024 / 0.065         0.024 / 0.065       ms
[870.155s][info][gc,stats    ]       Phase: Pause Mark Start                              0.007 / 0.007         0.012 / 0.028         0.012 / 0.028         0.012 / 0.028       ms
[870.155s][info][gc,stats    ]       Phase: Pause Relocate Start                          0.010 / 0.010         0.009 / 0.012         0.009 / 0.019         0.009 / 0.019       ms
[870.155s][info][gc,stats    ]    Subphase: Concurrent Classes Purge                      0.341 / 0.341         0.388 / 2.002         0.381 / 2.002         0.381 / 2.002       ms
[870.155s][info][gc,stats    ]    Subphase: Concurrent Classes Unlink                     7.531 / 7.531         7.869 / 15.182        7.804 / 15.182        7.804 / 15.182      ms
[870.155s][info][gc,stats    ]    Subphase: Concurrent Mark                              13.644 / 16.211       13.863 / 25.274       14.667 / 33.017       14.667 / 33.017      ms
[870.155s][info][gc,stats    ]    Subphase: Concurrent Mark Try Flush                     0.138 / 0.230         0.128 / 0.286         0.124 / 0.286         0.124 / 0.286       ms
[870.155s][info][gc,stats    ]    Subphase: Concurrent Mark Try Terminate                 1.871 / 5.548         1.776 / 16.074        1.848 / 16.074        1.848 / 16.074      ms
[870.155s][info][gc,stats    ]    Subphase: Concurrent References Enqueue                 0.001 / 0.001         0.002 / 0.010         0.002 / 0.010         0.002 / 0.010       ms
[870.155s][info][gc,stats    ]    Subphase: Concurrent References Process                 0.199 / 0.199         0.160 / 0.212         0.163 / 0.513         0.163 / 0.513       ms
[870.155s][info][gc,stats    ]    Subphase: Concurrent Roots ClassLoaderDataGraph         0.130 / 0.230         0.129 / 0.331         0.150 / 0.547         0.150 / 0.547       ms
[870.155s][info][gc,stats    ]    Subphase: Concurrent Roots CodeCache                    0.000 / 0.000         0.000 / 0.000         0.000 / 0.000         0.000 / 0.000       ms
[870.155s][info][gc,stats    ]    Subphase: Concurrent Roots JavaThreads                  0.286 / 0.378         0.323 / 0.584         0.485 / 5.702         0.485 / 5.702       ms
[870.155s][info][gc,stats    ]    Subphase: Concurrent Roots OopStorageSet                0.024 / 0.033         0.025 / 0.059         0.028 / 0.085         0.028 / 0.085       ms
[870.155s][info][gc,stats    ]    Subphase: Concurrent Weak Roots OopStorageSet           0.411 / 0.412         0.467 / 0.714         0.499 / 0.939         0.499 / 0.939       ms
[870.155s][info][gc,stats    ]    Subphase: Pause Mark Try Complete                       0.000 / 0.000         0.000 / 0.000         0.000 / 0.000         0.000 / 0.000       ms
[870.155s][info][gc,stats    ]      System: Java Threads                                     33 / 33               32 / 33               32 / 34               32 / 34          threads
[870.155s][info][gc,stats    ] =========================================================================================================================================================
[880.151s][info][gc,stats    ] === Garbage Collection Statistics =======================================================================================================================
[880.151s][info][gc,stats    ]                                                              Last 10s              Last 10m              Last 10h                Total
[880.151s][info][gc,stats    ]                                                              Avg / Max             Avg / Max             Avg / Max             Avg / Max
[880.151s][info][gc,stats    ]   Collector: Garbage Collection Cycle                      0.000 / 0.000        29.916 / 46.419       31.171 / 54.411       31.171 / 54.411      ms
[880.151s][info][gc,stats    ]  Contention: Mark Segment Reset Contention                     0 / 0                 0 / 3                 0 / 3                 0 / 3           ops/s
[880.151s][info][gc,stats    ]  Contention: Mark SeqNum Reset Contention                      0 / 0                 0 / 2                 0 / 2                 0 / 2           ops/s
[880.152s][info][gc,stats    ]    Critical: Allocation Stall                                  0 / 0                 0 / 0                 0 / 0                 0 / 0           ops/s
[880.152s][info][gc,stats    ]    Critical: Allocation Stall                              0.000 / 0.000         0.000 / 0.000         0.000 / 0.000         0.000 / 0.000       ms
[880.152s][info][gc,stats    ]    Critical: GC Locker Stall                                   0 / 0                 0 / 0                 0 / 0                 0 / 0           ops/s
[880.152s][info][gc,stats    ]    Critical: GC Locker Stall                               0.000 / 0.000         0.000 / 0.000         0.000 / 0.000         0.000 / 0.000       ms
[880.152s][info][gc,stats    ]    Critical: Relocation Stall                                  0 / 0                 0 / 0                 0 / 0                 0 / 0           ops/s
[880.152s][info][gc,stats    ]    Critical: Relocation Stall                              0.000 / 0.000         0.000 / 0.000         0.000 / 0.000         0.000 / 0.000       ms
[880.152s][info][gc,stats    ]      Memory: Allocation Rate                                  23 / 26               24 / 128              25 / 148              25 / 148         MB/s
[880.152s][info][gc,stats    ]      Memory: Out Of Memory                                     0 / 0                 0 / 0                 0 / 0                 0 / 0           ops/s
[880.152s][info][gc,stats    ]      Memory: Page Cache Flush                                  0 / 0                 0 / 0                 0 / 0                 0 / 0           MB/s
[880.152s][info][gc,stats    ]      Memory: Page Cache Hit L1                                11 / 13               12 / 36               11 / 78               11 / 78          ops/s
[880.152s][info][gc,stats    ]      Memory: Page Cache Hit L2                                 0 / 0                 0 / 0                 0 / 0                 0 / 0           ops/s
[880.152s][info][gc,stats    ]      Memory: Page Cache Hit L3                                 0 / 0                 0 / 0                 0 / 48                0 / 48          ops/s
[880.152s][info][gc,stats    ]      Memory: Page Cache Miss                                   0 / 0                 0 / 0                 0 / 1                 0 / 1           ops/s
[880.152s][info][gc,stats    ]      Memory: Uncommit                                          0 / 0                 0 / 0                 0 / 0                 0 / 0           MB/s
[880.152s][info][gc,stats    ]      Memory: Undo Object Allocation Failed                     0 / 0                 0 / 0                 0 / 1                 0 / 1           ops/s
[880.152s][info][gc,stats    ]      Memory: Undo Object Allocation Succeeded                  0 / 0                 0 / 0                 0 / 22                0 / 22          ops/s
[880.152s][info][gc,stats    ]      Memory: Undo Page Allocation                              0 / 0                 0 / 1                 0 / 2                 0 / 2           ops/s
[880.152s][info][gc,stats    ]       Phase: Concurrent Mark                               0.000 / 0.000        16.875 / 26.064       17.967 / 38.897       17.967 / 38.897      ms
[880.152s][info][gc,stats    ]       Phase: Concurrent Mark Continue                      0.000 / 0.000         0.000 / 0.000         0.000 / 0.000         0.000 / 0.000       ms
[880.152s][info][gc,stats    ]       Phase: Concurrent Mark Free                          0.000 / 0.000         0.001 / 0.004         0.001 / 0.004         0.001 / 0.004       ms
[880.152s][info][gc,stats    ]       Phase: Concurrent Process Non-Strong References      0.000 / 0.000         9.108 / 17.607        9.063 / 17.607        9.063 / 17.607      ms
[880.152s][info][gc,stats    ]       Phase: Concurrent Relocate                           0.000 / 0.000         0.783 / 1.968         1.035 / 6.891         1.035 / 6.891       ms
[880.152s][info][gc,stats    ]       Phase: Concurrent Reset Relocation Set               0.000 / 0.000         0.004 / 0.008         0.004 / 0.011         0.004 / 0.011       ms
[880.152s][info][gc,stats    ]       Phase: Concurrent Select Relocation Set              0.000 / 0.000         1.590 / 3.268         1.615 / 3.477         1.615 / 3.477       ms
[880.152s][info][gc,stats    ]       Phase: Pause Mark End                                0.000 / 0.000         0.024 / 0.037         0.024 / 0.065         0.024 / 0.065       ms
[880.152s][info][gc,stats    ]       Phase: Pause Mark Start                              0.000 / 0.000         0.012 / 0.028         0.012 / 0.028         0.012 / 0.028       ms
[880.152s][info][gc,stats    ]       Phase: Pause Relocate Start                          0.000 / 0.000         0.009 / 0.012         0.009 / 0.019         0.009 / 0.019       ms
[880.152s][info][gc,stats    ]    Subphase: Concurrent Classes Purge                      0.000 / 0.000         0.388 / 2.002         0.381 / 2.002         0.381 / 2.002       ms
[880.152s][info][gc,stats    ]    Subphase: Concurrent Classes Unlink                     0.000 / 0.000         7.869 / 15.182        7.804 / 15.182        7.804 / 15.182      ms
[880.152s][info][gc,stats    ]    Subphase: Concurrent Mark                               0.000 / 0.000        13.863 / 25.274       14.667 / 33.017       14.667 / 33.017      ms
[880.152s][info][gc,stats    ]    Subphase: Concurrent Mark Try Flush                     0.000 / 0.000         0.128 / 0.286         0.124 / 0.286         0.124 / 0.286       ms
[880.152s][info][gc,stats    ]    Subphase: Concurrent Mark Try Terminate                 0.000 / 0.000         1.776 / 16.074        1.848 / 16.074        1.848 / 16.074      ms
[880.152s][info][gc,stats    ]    Subphase: Concurrent References Enqueue                 0.000 / 0.000         0.002 / 0.010         0.002 / 0.010         0.002 / 0.010       ms
[880.152s][info][gc,stats    ]    Subphase: Concurrent References Process                 0.000 / 0.000         0.160 / 0.212         0.163 / 0.513         0.163 / 0.513       ms
[880.152s][info][gc,stats    ]    Subphase: Concurrent Roots ClassLoaderDataGraph         0.000 / 0.000         0.129 / 0.331         0.150 / 0.547         0.150 / 0.547       ms
[880.152s][info][gc,stats    ]    Subphase: Concurrent Roots CodeCache                    0.000 / 0.000         0.000 / 0.000         0.000 / 0.000         0.000 / 0.000       ms
[880.152s][info][gc,stats    ]    Subphase: Concurrent Roots JavaThreads                  0.000 / 0.000         0.323 / 0.584         0.485 / 5.702         0.485 / 5.702       ms
[880.152s][info][gc,stats    ]    Subphase: Concurrent Roots OopStorageSet                0.000 / 0.000         0.025 / 0.059         0.028 / 0.085         0.028 / 0.085       ms
[880.152s][info][gc,stats    ]    Subphase: Concurrent Weak Roots OopStorageSet           0.000 / 0.000         0.467 / 0.714         0.499 / 0.939         0.499 / 0.939       ms
[880.152s][info][gc,stats    ]    Subphase: Pause Mark Try Complete                       0.000 / 0.000         0.000 / 0.000         0.000 / 0.000         0.000 / 0.000       ms
[880.152s][info][gc,stats    ]      System: Java Threads                                      0 / 0                32 / 33               32 / 34               32 / 34          threads
[880.152s][info][gc,stats    ] =========================================================================================================================================================
[880.253s][info][gc,start    ] GC(52) Garbage Collection (Proactive)
[880.253s][info][gc,task     ] GC(52) Using 2 workers
[880.253s][info][gc,phases   ] GC(52) Pause Mark Start 0.010ms
[880.269s][info][gc,phases   ] GC(52) Concurrent Mark 15.533ms
[880.269s][info][gc,phases   ] GC(52) Pause Mark End 0.022ms
[880.269s][info][gc,phases   ] GC(52) Concurrent Mark Free 0.001ms
[880.277s][info][gc,phases   ] GC(52) Concurrent Process Non-Strong References 8.189ms
[880.277s][info][gc,phases   ] GC(52) Concurrent Reset Relocation Set 0.005ms
[880.279s][info][gc,phases   ] GC(52) Concurrent Select Relocation Set 1.197ms
[880.279s][info][gc,phases   ] GC(52) Pause Relocate Start 0.010ms
[880.280s][info][gc,phases   ] GC(52) Concurrent Relocate 0.910ms
[880.280s][info][gc,load     ] GC(52) Load: 0.00/0.00/0.00
[880.280s][info][gc,mmu      ] GC(52) MMU: 2ms/96.8%, 5ms/98.7%, 10ms/99.2%, 20ms/99.6%, 50ms/99.8%, 100ms/99.9%
[880.280s][info][gc,marking  ] GC(52) Mark: 2 stripe(s), 2 proactive flush(es), 1 terminate flush(es), 0 completion(s), 0 continuation(s) 
[880.280s][info][gc,marking  ] GC(52) Mark Stack Usage: 32M
[880.280s][info][gc,nmethod  ] GC(52) NMethods: 8361 registered, 0 unregistered
[880.280s][info][gc,metaspace] GC(52) Metaspace: 32M used, 33M committed, 1088M reserved
[880.280s][info][gc,ref      ] GC(52) Soft: 4121 encountered, 0 discovered, 0 enqueued
[880.280s][info][gc,ref      ] GC(52) Weak: 2167 encountered, 161 discovered, 3 enqueued
[880.280s][info][gc,ref      ] GC(52) Final: 3 encountered, 0 discovered, 0 enqueued
[880.280s][info][gc,ref      ] GC(52) Phantom: 279 encountered, 222 discovered, 0 enqueued
[880.280s][info][gc,reloc    ] GC(52) Small Pages: 222 / 444M, Empty: 320M, Relocated: 1M, In-Place: 0
[880.280s][info][gc,reloc    ] GC(52) Medium Pages: 1 / 32M, Empty: 0M, Relocated: 0M, In-Place: 0
[880.280s][info][gc,reloc    ] GC(52) Large Pages: 0 / 0M, Empty: 0M, Relocated: 0M, In-Place: 0
[880.280s][info][gc,reloc    ] GC(52) Forwarding Usage: 0M
[880.280s][info][gc,heap     ] GC(52) Min Capacity: 4096M(100%)
[880.280s][info][gc,heap     ] GC(52) Max Capacity: 4096M(100%)
[880.280s][info][gc,heap     ] GC(52) Soft Max Capacity: 4096M(100%)
[880.280s][info][gc,heap     ] GC(52)                Mark Start          Mark End        Relocate Start      Relocate End           High               Low         
[880.280s][info][gc,heap     ] GC(52)  Capacity:     4096M (100%)       4096M (100%)       4096M (100%)       4096M (100%)       4096M (100%)       4096M (100%)   
[880.280s][info][gc,heap     ] GC(52)      Free:     3620M (88%)        3608M (88%)        3928M (96%)        4030M (98%)        4030M (98%)        3608M (88%)    
[880.280s][info][gc,heap     ] GC(52)      Used:      476M (12%)         488M (12%)         168M (4%)           66M (2%)          488M (12%)          66M (2%)     
[880.280s][info][gc,heap     ] GC(52)      Live:         -                17M (0%)           17M (0%)           17M (0%)             -                  -          
[880.280s][info][gc,heap     ] GC(52) Allocated:         -                12M (0%)           12M (0%)           12M (0%)             -                  -          
[880.280s][info][gc,heap     ] GC(52)   Garbage:         -               458M (11%)         138M (3%)           36M (1%)             -                  -          
[880.280s][info][gc,heap     ] GC(52) Reclaimed:         -                  -               320M (8%)          422M (10%)            -                  -          
[880.280s][info][gc          ] GC(52) Garbage Collection (Proactive) 476M(12%)->66M(2%)
[890.158s][info][gc,stats    ] === Garbage Collection Statistics =======================================================================================================================
[890.158s][info][gc,stats    ]                                                              Last 10s              Last 10m              Last 10h                Total
[890.158s][info][gc,stats    ]                                                              Avg / Max             Avg / Max             Avg / Max             Avg / Max
[890.158s][info][gc,stats    ]   Collector: Garbage Collection Cycle                     27.198 / 27.198       29.862 / 46.419       31.096 / 54.411       31.096 / 54.411      ms
[890.158s][info][gc,stats    ]  Contention: Mark Segment Reset Contention                     0 / 0                 0 / 3                 0 / 3                 0 / 3           ops/s
[890.158s][info][gc,stats    ]  Contention: Mark SeqNum Reset Contention                      0 / 0                 0 / 2                 0 / 2                 0 / 2           ops/s
[890.158s][info][gc,stats    ]    Critical: Allocation Stall                                  0 / 0                 0 / 0                 0 / 0                 0 / 0           ops/s
[890.158s][info][gc,stats    ]    Critical: Allocation Stall                              0.000 / 0.000         0.000 / 0.000         0.000 / 0.000         0.000 / 0.000       ms
[890.158s][info][gc,stats    ]    Critical: GC Locker Stall                                   0 / 0                 0 / 0                 0 / 0                 0 / 0           ops/s
[890.158s][info][gc,stats    ]    Critical: GC Locker Stall                               0.000 / 0.000         0.000 / 0.000         0.000 / 0.000         0.000 / 0.000       ms
[890.158s][info][gc,stats    ]    Critical: Relocation Stall                                  0 / 0                 0 / 0                 0 / 0                 0 / 0           ops/s
[890.158s][info][gc,stats    ]    Critical: Relocation Stall                              0.000 / 0.000         0.000 / 0.000         0.000 / 0.000         0.000 / 0.000       ms
[890.158s][info][gc,stats    ]      Memory: Allocation Rate                                  25 / 32               24 / 128              25 / 148              25 / 148         MB/s
[890.158s][info][gc,stats    ]      Memory: Out Of Memory                                     0 / 0                 0 / 0                 0 / 0                 0 / 0           ops/s
[890.158s][info][gc,stats    ]      Memory: Page Cache Flush                                  0 / 0                 0 / 0                 0 / 0                 0 / 0           MB/s
[890.158s][info][gc,stats    ]      Memory: Page Cache Hit L1                                12 / 18               12 / 36               12 / 78               12 / 78          ops/s
[890.158s][info][gc,stats    ]      Memory: Page Cache Hit L2                                 0 / 0                 0 / 0                 0 / 0                 0 / 0           ops/s
[890.158s][info][gc,stats    ]      Memory: Page Cache Hit L3                                 0 / 0                 0 / 0                 0 / 48                0 / 48          ops/s
[890.158s][info][gc,stats    ]      Memory: Page Cache Miss                                   0 / 0                 0 / 0                 0 / 1                 0 / 1           ops/s
[890.158s][info][gc,stats    ]      Memory: Uncommit                                          0 / 0                 0 / 0                 0 / 0                 0 / 0           MB/s
[890.158s][info][gc,stats    ]      Memory: Undo Object Allocation Failed                     0 / 0                 0 / 0                 0 / 1                 0 / 1           ops/s
[890.158s][info][gc,stats    ]      Memory: Undo Object Allocation Succeeded                  0 / 0                 0 / 0                 0 / 22                0 / 22          ops/s
[890.158s][info][gc,stats    ]      Memory: Undo Page Allocation                              0 / 2                 0 / 2                 0 / 2                 0 / 2           ops/s
[890.158s][info][gc,stats    ]       Phase: Concurrent Mark                              15.533 / 15.533       16.831 / 26.064       17.921 / 38.897       17.921 / 38.897      ms
[890.158s][info][gc,stats    ]       Phase: Concurrent Mark Continue                      0.000 / 0.000         0.000 / 0.000         0.000 / 0.000         0.000 / 0.000       ms
[890.158s][info][gc,stats    ]       Phase: Concurrent Mark Free                          0.001 / 0.001         0.001 / 0.004         0.001 / 0.004         0.001 / 0.004       ms
[890.158s][info][gc,stats    ]       Phase: Concurrent Process Non-Strong References      8.189 / 8.189         9.089 / 17.607        9.047 / 17.607        9.047 / 17.607      ms
[890.158s][info][gc,stats    ]       Phase: Concurrent Relocate                           0.910 / 0.910         0.791 / 1.968         1.033 / 6.891         1.033 / 6.891       ms
[890.158s][info][gc,stats    ]       Phase: Concurrent Reset Relocation Set               0.005 / 0.005         0.004 / 0.008         0.004 / 0.011         0.004 / 0.011       ms
[890.158s][info][gc,stats    ]       Phase: Concurrent Select Relocation Set              1.197 / 1.197         1.590 / 3.268         1.607 / 3.477         1.607 / 3.477       ms
[890.158s][info][gc,stats    ]       Phase: Pause Mark End                                0.022 / 0.022         0.024 / 0.037         0.024 / 0.065         0.024 / 0.065       ms
[890.158s][info][gc,stats    ]       Phase: Pause Mark Start                              0.010 / 0.010         0.012 / 0.028         0.012 / 0.028         0.012 / 0.028       ms
[890.158s][info][gc,stats    ]       Phase: Pause Relocate Start                          0.010 / 0.010         0.009 / 0.012         0.009 / 0.019         0.009 / 0.019       ms
[890.158s][info][gc,stats    ]    Subphase: Concurrent Classes Purge                      0.343 / 0.343         0.391 / 2.002         0.380 / 2.002         0.380 / 2.002       ms
[890.158s][info][gc,stats    ]    Subphase: Concurrent Classes Unlink                     7.034 / 7.034         7.852 / 15.182        7.789 / 15.182        7.789 / 15.182      ms
[890.158s][info][gc,stats    ]    Subphase: Concurrent Mark                              12.964 / 14.837       13.823 / 25.274       14.635 / 33.017       14.635 / 33.017      ms
[890.158s][info][gc,stats    ]    Subphase: Concurrent Mark Try Flush                     0.138 / 0.235         0.129 / 0.286         0.124 / 0.286         0.124 / 0.286       ms
[890.158s][info][gc,stats    ]    Subphase: Concurrent Mark Try Terminate                 1.456 / 4.300         1.777 / 16.074        1.841 / 16.074        1.841 / 16.074      ms
[890.158s][info][gc,stats    ]    Subphase: Concurrent References Enqueue                 0.009 / 0.009         0.002 / 0.010         0.002 / 0.010         0.002 / 0.010       ms
[890.158s][info][gc,stats    ]    Subphase: Concurrent References Process                 0.115 / 0.115         0.159 / 0.212         0.162 / 0.513         0.162 / 0.513       ms
[890.158s][info][gc,stats    ]    Subphase: Concurrent Roots ClassLoaderDataGraph         0.143 / 0.242         0.129 / 0.331         0.150 / 0.547         0.150 / 0.547       ms
[890.158s][info][gc,stats    ]    Subphase: Concurrent Roots CodeCache                    0.000 / 0.000         0.000 / 0.000         0.000 / 0.000         0.000 / 0.000       ms
[890.158s][info][gc,stats    ]    Subphase: Concurrent Roots JavaThreads                  0.272 / 0.373         0.321 / 0.584         0.481 / 5.702         0.481 / 5.702       ms
[890.158s][info][gc,stats    ]    Subphase: Concurrent Roots OopStorageSet                0.025 / 0.040         0.025 / 0.059         0.028 / 0.085         0.028 / 0.085       ms
[890.158s][info][gc,stats    ]    Subphase: Concurrent Weak Roots OopStorageSet           0.463 / 0.463         0.460 / 0.672         0.498 / 0.939         0.498 / 0.939       ms
[890.158s][info][gc,stats    ]    Subphase: Pause Mark Try Complete                       0.000 / 0.000         0.000 / 0.000         0.000 / 0.000         0.000 / 0.000       ms
[890.158s][info][gc,stats    ]      System: Java Threads                                     33 / 33               32 / 33               32 / 34               32 / 34          threads
[890.158s][info][gc,stats    ] =========================================================================================================================================================
[897.466s][info][gc,start    ] GC(53) Garbage Collection (Proactive)
[897.466s][info][gc,task     ] GC(53) Using 2 workers
[897.466s][info][gc,phases   ] GC(53) Pause Mark Start 0.009ms
[897.484s][info][gc,phases   ] GC(53) Concurrent Mark 17.286ms
[897.484s][info][gc,phases   ] GC(53) Pause Mark End 0.029ms
[897.484s][info][gc,phases   ] GC(53) Concurrent Mark Free 0.001ms
[897.493s][info][gc,phases   ] GC(53) Concurrent Process Non-Strong References 8.908ms
[897.493s][info][gc,phases   ] GC(53) Concurrent Reset Relocation Set 0.003ms
[897.494s][info][gc,phases   ] GC(53) Concurrent Select Relocation Set 1.165ms
[897.494s][info][gc,phases   ] GC(53) Pause Relocate Start 0.008ms
[897.495s][info][gc,phases   ] GC(53) Concurrent Relocate 0.670ms
[897.495s][info][gc,load     ] GC(53) Load: 0.00/0.00/0.00
[897.495s][info][gc,mmu      ] GC(53) MMU: 2ms/96.8%, 5ms/98.7%, 10ms/99.2%, 20ms/99.6%, 50ms/99.8%, 100ms/99.9%
[897.495s][info][gc,marking  ] GC(53) Mark: 2 stripe(s), 2 proactive flush(es), 1 terminate flush(es), 0 completion(s), 0 continuation(s) 
[897.495s][info][gc,marking  ] GC(53) Mark Stack Usage: 32M
[897.495s][info][gc,nmethod  ] GC(53) NMethods: 8365 registered, 0 unregistered
[897.495s][info][gc,metaspace] GC(53) Metaspace: 32M used, 33M committed, 1088M reserved
[897.495s][info][gc,ref      ] GC(53) Soft: 4121 encountered, 0 discovered, 0 enqueued
[897.495s][info][gc,ref      ] GC(53) Weak: 2164 encountered, 561 discovered, 0 enqueued
[897.495s][info][gc,ref      ] GC(53) Final: 3 encountered, 0 discovered, 0 enqueued
[897.495s][info][gc,ref      ] GC(53) Phantom: 279 encountered, 221 discovered, 0 enqueued
[897.495s][info][gc,reloc    ] GC(53) Small Pages: 222 / 444M, Empty: 338M, Relocated: 1M, In-Place: 0
[897.495s][info][gc,reloc    ] GC(53) Medium Pages: 1 / 32M, Empty: 0M, Relocated: 0M, In-Place: 0
[897.495s][info][gc,reloc    ] GC(53) Large Pages: 0 / 0M, Empty: 0M, Relocated: 0M, In-Place: 0
[897.495s][info][gc,reloc    ] GC(53) Forwarding Usage: 0M
[897.495s][info][gc,heap     ] GC(53) Min Capacity: 4096M(100%)
[897.495s][info][gc,heap     ] GC(53) Max Capacity: 4096M(100%)
[897.495s][info][gc,heap     ] GC(53) Soft Max Capacity: 4096M(100%)
[897.495s][info][gc,heap     ] GC(53)                Mark Start          Mark End        Relocate Start      Relocate End           High               Low         
[897.495s][info][gc,heap     ] GC(53)  Capacity:     4096M (100%)       4096M (100%)       4096M (100%)       4096M (100%)       4096M (100%)       4096M (100%)   
[897.495s][info][gc,heap     ] GC(53)      Free:     3620M (88%)        3608M (88%)        3946M (96%)        4030M (98%)        4030M (98%)        3608M (88%)    
[897.495s][info][gc,heap     ] GC(53)      Used:      476M (12%)         488M (12%)         150M (4%)           66M (2%)          488M (12%)          66M (2%)     
[897.495s][info][gc,heap     ] GC(53)      Live:         -                17M (0%)           17M (0%)           17M (0%)             -                  -          
[897.495s][info][gc,heap     ] GC(53) Allocated:         -                12M (0%)           12M (0%)           12M (0%)             -                  -          
[897.495s][info][gc,heap     ] GC(53)   Garbage:         -               458M (11%)         120M (3%)           36M (1%)             -                  -          
[897.495s][info][gc,heap     ] GC(53) Reclaimed:         -                  -               338M (8%)          422M (10%)            -                  -          
[897.495s][info][gc          ] GC(53) Garbage Collection (Proactive) 476M(12%)->66M(2%)
[900.165s][info][gc,stats    ] === Garbage Collection Statistics =======================================================================================================================
[900.165s][info][gc,stats    ]                                                              Last 10s              Last 10m              Last 10h                Total
[900.165s][info][gc,stats    ]                                                              Avg / Max             Avg / Max             Avg / Max             Avg / Max
[900.165s][info][gc,stats    ]   Collector: Garbage Collection Cycle                     29.326 / 29.326       29.847 / 46.419       31.063 / 54.411       31.063 / 54.411      ms
[900.165s][info][gc,stats    ]  Contention: Mark Segment Reset Contention                     0 / 1                 0 / 3                 0 / 3                 0 / 3           ops/s
[900.165s][info][gc,stats    ]  Contention: Mark SeqNum Reset Contention                      0 / 1                 0 / 2                 0 / 2                 0 / 2           ops/s
[900.165s][info][gc,stats    ]    Critical: Allocation Stall                                  0 / 0                 0 / 0                 0 / 0                 0 / 0           ops/s
[900.165s][info][gc,stats    ]    Critical: Allocation Stall                              0.000 / 0.000         0.000 / 0.000         0.000 / 0.000         0.000 / 0.000       ms
[900.165s][info][gc,stats    ]    Critical: GC Locker Stall                                   0 / 0                 0 / 0                 0 / 0                 0 / 0           ops/s
[900.165s][info][gc,stats    ]    Critical: GC Locker Stall                               0.000 / 0.000         0.000 / 0.000         0.000 / 0.000         0.000 / 0.000       ms
[900.165s][info][gc,stats    ]    Critical: Relocation Stall                                  0 / 0                 0 / 0                 0 / 0                 0 / 0           ops/s
[900.165s][info][gc,stats    ]    Critical: Relocation Stall                              0.000 / 0.000         0.000 / 0.000         0.000 / 0.000         0.000 / 0.000       ms
[900.165s][info][gc,stats    ]      Memory: Allocation Rate                                  24 / 30               24 / 128              25 / 148              25 / 148         MB/s
[900.165s][info][gc,stats    ]      Memory: Out Of Memory                                     0 / 0                 0 / 0                 0 / 0                 0 / 0           ops/s
[900.165s][info][gc,stats    ]      Memory: Page Cache Flush                                  0 / 0                 0 / 0                 0 / 0                 0 / 0           MB/s
[900.165s][info][gc,stats    ]      Memory: Page Cache Hit L1                                12 / 17               12 / 36               12 / 78               12 / 78          ops/s
[900.165s][info][gc,stats    ]      Memory: Page Cache Hit L2                                 0 / 0                 0 / 0                 0 / 0                 0 / 0           ops/s
[900.165s][info][gc,stats    ]      Memory: Page Cache Hit L3                                 0 / 0                 0 / 0                 0 / 48                0 / 48          ops/s
[900.165s][info][gc,stats    ]      Memory: Page Cache Miss                                   0 / 0                 0 / 0                 0 / 1                 0 / 1           ops/s
[900.165s][info][gc,stats    ]      Memory: Uncommit                                          0 / 0                 0 / 0                 0 / 0                 0 / 0           MB/s
[900.165s][info][gc,stats    ]      Memory: Undo Object Allocation Failed                     0 / 0                 0 / 0                 0 / 1                 0 / 1           ops/s
[900.165s][info][gc,stats    ]      Memory: Undo Object Allocation Succeeded                  0 / 0                 0 / 0                 0 / 22                0 / 22          ops/s
[900.165s][info][gc,stats    ]      Memory: Undo Page Allocation                              0 / 0                 0 / 2                 0 / 2                 0 / 2           ops/s
[900.165s][info][gc,stats    ]       Phase: Concurrent Mark                              17.286 / 17.286       16.843 / 26.064       17.909 / 38.897       17.909 / 38.897      ms
[900.165s][info][gc,stats    ]       Phase: Concurrent Mark Continue                      0.000 / 0.000         0.000 / 0.000         0.000 / 0.000         0.000 / 0.000       ms
[900.165s][info][gc,stats    ]       Phase: Concurrent Mark Free                          0.001 / 0.001         0.001 / 0.004         0.001 / 0.004         0.001 / 0.004       ms
[900.165s][info][gc,stats    ]       Phase: Concurrent Process Non-Strong References      8.908 / 8.908         9.084 / 17.607        9.044 / 17.607        9.044 / 17.607      ms
[900.165s][info][gc,stats    ]       Phase: Concurrent Relocate                           0.670 / 0.670         0.788 / 1.968         1.026 / 6.891         1.026 / 6.891       ms
[900.165s][info][gc,stats    ]       Phase: Concurrent Reset Relocation Set               0.003 / 0.003         0.004 / 0.008         0.004 / 0.011         0.004 / 0.011       ms
[900.165s][info][gc,stats    ]       Phase: Concurrent Select Relocation Set              1.165 / 1.165         1.579 / 3.268         1.599 / 3.477         1.599 / 3.477       ms
[900.165s][info][gc,stats    ]       Phase: Pause Mark End                                0.029 / 0.029         0.024 / 0.037         0.024 / 0.065         0.024 / 0.065       ms
[900.165s][info][gc,stats    ]       Phase: Pause Mark Start                              0.009 / 0.009         0.012 / 0.028         0.012 / 0.028         0.012 / 0.028       ms
[900.165s][info][gc,stats    ]       Phase: Pause Relocate Start                          0.008 / 0.008         0.009 / 0.012         0.009 / 0.019         0.009 / 0.019       ms
[900.165s][info][gc,stats    ]    Subphase: Concurrent Classes Purge                      0.246 / 0.246         0.387 / 2.002         0.377 / 2.002         0.377 / 2.002       ms
[900.165s][info][gc,stats    ]    Subphase: Concurrent Classes Unlink                     7.999 / 7.999         7.856 / 15.182        7.793 / 15.182        7.793 / 15.182      ms
[900.165s][info][gc,stats    ]    Subphase: Concurrent Mark                              14.158 / 16.436       13.832 / 25.274       14.626 / 33.017       14.626 / 33.017      ms
[900.165s][info][gc,stats    ]    Subphase: Concurrent Mark Try Flush                     0.156 / 0.301         0.130 / 0.301         0.125 / 0.301         0.125 / 0.301       ms
[900.165s][info][gc,stats    ]    Subphase: Concurrent Mark Try Terminate                 1.614 / 4.799         1.772 / 16.074        1.837 / 16.074        1.837 / 16.074      ms
[900.165s][info][gc,stats    ]    Subphase: Concurrent References Enqueue                 0.001 / 0.001         0.002 / 0.010         0.002 / 0.010         0.002 / 0.010       ms
[900.165s][info][gc,stats    ]    Subphase: Concurrent References Process                 0.098 / 0.098         0.157 / 0.212         0.161 / 0.513         0.161 / 0.513       ms
[900.165s][info][gc,stats    ]    Subphase: Concurrent Roots ClassLoaderDataGraph         0.190 / 0.358         0.131 / 0.358         0.150 / 0.547         0.150 / 0.547       ms
[900.165s][info][gc,stats    ]    Subphase: Concurrent Roots CodeCache                    0.000 / 0.000         0.000 / 0.000         0.000 / 0.000         0.000 / 0.000       ms
[900.165s][info][gc,stats    ]    Subphase: Concurrent Roots JavaThreads                  0.378 / 0.528         0.322 / 0.584         0.479 / 5.702         0.479 / 5.702       ms
[900.165s][info][gc,stats    ]    Subphase: Concurrent Roots OopStorageSet                0.034 / 0.046         0.026 / 0.059         0.028 / 0.085         0.028 / 0.085       ms
[900.165s][info][gc,stats    ]    Subphase: Concurrent Weak Roots OopStorageSet           0.337 / 0.337         0.457 / 0.672         0.495 / 0.939         0.495 / 0.939       ms
[900.165s][info][gc,stats    ]    Subphase: Pause Mark Try Complete                       0.000 / 0.000         0.000 / 0.000         0.000 / 0.000         0.000 / 0.000       ms
[900.165s][info][gc,stats    ]      System: Java Threads                                     33 / 33               32 / 33               32 / 34               32 / 34          threads
[900.165s][info][gc,stats    ] =========================================================================================================================================================
[910.159s][info][gc,stats    ] === Garbage Collection Statistics =======================================================================================================================
[910.159s][info][gc,stats    ]                                                              Last 10s              Last 10m              Last 10h                Total
[910.159s][info][gc,stats    ]                                                              Avg / Max             Avg / Max             Avg / Max             Avg / Max
[910.159s][info][gc,stats    ]   Collector: Garbage Collection Cycle                      0.000 / 0.000        29.874 / 46.419       31.063 / 54.411       31.063 / 54.411      ms
[910.159s][info][gc,stats    ]  Contention: Mark Segment Reset Contention                     0 / 0                 0 / 3                 0 / 3                 0 / 3           ops/s
[910.159s][info][gc,stats    ]  Contention: Mark SeqNum Reset Contention                      0 / 0                 0 / 2                 0 / 2                 0 / 2           ops/s
[910.159s][info][gc,stats    ]    Critical: Allocation Stall                                  0 / 0                 0 / 0                 0 / 0                 0 / 0           ops/s
[910.159s][info][gc,stats    ]    Critical: Allocation Stall                              0.000 / 0.000         0.000 / 0.000         0.000 / 0.000         0.000 / 0.000       ms
[910.159s][info][gc,stats    ]    Critical: GC Locker Stall                                   0 / 0                 0 / 0                 0 / 0                 0 / 0           ops/s
[910.159s][info][gc,stats    ]    Critical: GC Locker Stall                               0.000 / 0.000         0.000 / 0.000         0.000 / 0.000         0.000 / 0.000       ms
[910.159s][info][gc,stats    ]    Critical: Relocation Stall                                  0 / 0                 0 / 0                 0 / 0                 0 / 0           ops/s
[910.159s][info][gc,stats    ]    Critical: Relocation Stall                              0.000 / 0.000         0.000 / 0.000         0.000 / 0.000         0.000 / 0.000       ms
[910.159s][info][gc,stats    ]      Memory: Allocation Rate                                  24 / 26               24 / 128              25 / 148              25 / 148         MB/s
[910.159s][info][gc,stats    ]      Memory: Out Of Memory                                     0 / 0                 0 / 0                 0 / 0                 0 / 0           ops/s
[910.159s][info][gc,stats    ]      Memory: Page Cache Flush                                  0 / 0                 0 / 0                 0 / 0                 0 / 0           MB/s
[910.159s][info][gc,stats    ]      Memory: Page Cache Hit L1                                12 / 13               12 / 36               12 / 78               12 / 78          ops/s
[910.159s][info][gc,stats    ]      Memory: Page Cache Hit L2                                 0 / 0                 0 / 0                 0 / 0                 0 / 0           ops/s
[910.159s][info][gc,stats    ]      Memory: Page Cache Hit L3                                 0 / 0                 0 / 0                 0 / 48                0 / 48          ops/s
[910.159s][info][gc,stats    ]      Memory: Page Cache Miss                                   0 / 0                 0 / 0                 0 / 1                 0 / 1           ops/s
[910.159s][info][gc,stats    ]      Memory: Uncommit                                          0 / 0                 0 / 0                 0 / 0                 0 / 0           MB/s
[910.159s][info][gc,stats    ]      Memory: Undo Object Allocation Failed                     0 / 0                 0 / 0                 0 / 1                 0 / 1           ops/s
[910.159s][info][gc,stats    ]      Memory: Undo Object Allocation Succeeded                  0 / 0                 0 / 0                 0 / 22                0 / 22          ops/s
[910.159s][info][gc,stats    ]      Memory: Undo Page Allocation                              0 / 0                 0 / 2                 0 / 2                 0 / 2           ops/s
[910.159s][info][gc,stats    ]       Phase: Concurrent Mark                               0.000 / 0.000        16.857 / 26.064       17.909 / 38.897       17.909 / 38.897      ms
[910.159s][info][gc,stats    ]       Phase: Concurrent Mark Continue                      0.000 / 0.000         0.000 / 0.000         0.000 / 0.000         0.000 / 0.000       ms
[910.159s][info][gc,stats    ]       Phase: Concurrent Mark Free                          0.000 / 0.000         0.001 / 0.004         0.001 / 0.004         0.001 / 0.004       ms
[910.159s][info][gc,stats    ]       Phase: Concurrent Process Non-Strong References      0.000 / 0.000         9.093 / 17.607        9.044 / 17.607        9.044 / 17.607      ms
[910.159s][info][gc,stats    ]       Phase: Concurrent Relocate                           0.000 / 0.000         0.793 / 1.968         1.026 / 6.891         1.026 / 6.891       ms
[910.159s][info][gc,stats    ]       Phase: Concurrent Reset Relocation Set               0.000 / 0.000         0.004 / 0.008         0.004 / 0.011         0.004 / 0.011       ms
[910.159s][info][gc,stats    ]       Phase: Concurrent Select Relocation Set              0.000 / 0.000         1.588 / 3.268         1.599 / 3.477         1.599 / 3.477       ms
[910.159s][info][gc,stats    ]       Phase: Pause Mark End                                0.000 / 0.000         0.024 / 0.037         0.024 / 0.065         0.024 / 0.065       ms
[910.159s][info][gc,stats    ]       Phase: Pause Mark Start                              0.000 / 0.000         0.012 / 0.028         0.012 / 0.028         0.012 / 0.028       ms
[910.159s][info][gc,stats    ]       Phase: Pause Relocate Start                          0.000 / 0.000         0.009 / 0.012         0.009 / 0.019         0.009 / 0.019       ms
[910.159s][info][gc,stats    ]    Subphase: Concurrent Classes Purge                      0.000 / 0.000         0.390 / 2.002         0.377 / 2.002         0.377 / 2.002       ms
[910.159s][info][gc,stats    ]    Subphase: Concurrent Classes Unlink                     0.000 / 0.000         7.864 / 15.182        7.793 / 15.182        7.793 / 15.182      ms
[910.159s][info][gc,stats    ]    Subphase: Concurrent Mark                               0.000 / 0.000        13.824 / 25.274       14.626 / 33.017       14.626 / 33.017      ms
[910.159s][info][gc,stats    ]    Subphase: Concurrent Mark Try Flush                     0.000 / 0.000         0.130 / 0.301         0.125 / 0.301         0.125 / 0.301       ms
[910.159s][info][gc,stats    ]    Subphase: Concurrent Mark Try Terminate                 0.000 / 0.000         1.783 / 16.074        1.837 / 16.074        1.837 / 16.074      ms
[910.159s][info][gc,stats    ]    Subphase: Concurrent References Enqueue                 0.000 / 0.000         0.002 / 0.010         0.002 / 0.010         0.002 / 0.010       ms
[910.159s][info][gc,stats    ]    Subphase: Concurrent References Process                 0.000 / 0.000         0.156 / 0.212         0.161 / 0.513         0.161 / 0.513       ms
[910.159s][info][gc,stats    ]    Subphase: Concurrent Roots ClassLoaderDataGraph         0.000 / 0.000         0.131 / 0.358         0.150 / 0.547         0.150 / 0.547       ms
[910.159s][info][gc,stats    ]    Subphase: Concurrent Roots CodeCache                    0.000 / 0.000         0.000 / 0.000         0.000 / 0.000         0.000 / 0.000       ms
[910.159s][info][gc,stats    ]    Subphase: Concurrent Roots JavaThreads                  0.000 / 0.000         0.323 / 0.584         0.479 / 5.702         0.479 / 5.702       ms
[910.159s][info][gc,stats    ]    Subphase: Concurrent Roots OopStorageSet                0.000 / 0.000         0.026 / 0.059         0.028 / 0.085         0.028 / 0.085       ms
[910.159s][info][gc,stats    ]    Subphase: Concurrent Weak Roots OopStorageSet           0.000 / 0.000         0.457 / 0.672         0.495 / 0.939         0.495 / 0.939       ms
[910.159s][info][gc,stats    ]    Subphase: Pause Mark Try Complete                       0.000 / 0.000         0.000 / 0.000         0.000 / 0.000         0.000 / 0.000       ms
[910.159s][info][gc,stats    ]      System: Java Threads                                      0 / 0                32 / 33               32 / 34               32 / 34          threads
[910.159s][info][gc,stats    ] =========================================================================================================================================================
[914.859s][info][gc,start    ] GC(54) Garbage Collection (Proactive)
[914.859s][info][gc,task     ] GC(54) Using 2 workers
[914.859s][info][gc,phases   ] GC(54) Pause Mark Start 0.019ms
[914.876s][info][gc,phases   ] GC(54) Concurrent Mark 16.189ms
[914.876s][info][gc,phases   ] GC(54) Pause Mark End 0.021ms
[914.876s][info][gc,phases   ] GC(54) Concurrent Mark Free 0.001ms
[914.885s][info][gc,phases   ] GC(54) Concurrent Process Non-Strong References 8.608ms
[914.885s][info][gc,phases   ] GC(54) Concurrent Reset Relocation Set 0.004ms
[914.886s][info][gc,phases   ] GC(54) Concurrent Select Relocation Set 1.355ms
[914.887s][info][gc,phases   ] GC(54) Pause Relocate Start 0.008ms
[914.888s][info][gc,phases   ] GC(54) Concurrent Relocate 1.104ms
[914.888s][info][gc,load     ] GC(54) Load: 0.00/0.00/0.00
[914.888s][info][gc,mmu      ] GC(54) MMU: 2ms/96.8%, 5ms/98.7%, 10ms/99.2%, 20ms/99.6%, 50ms/99.8%, 100ms/99.9%
[914.888s][info][gc,marking  ] GC(54) Mark: 2 stripe(s), 2 proactive flush(es), 1 terminate flush(es), 0 completion(s), 0 continuation(s) 
[914.888s][info][gc,marking  ] GC(54) Mark Stack Usage: 32M
[914.888s][info][gc,nmethod  ] GC(54) NMethods: 8397 registered, 0 unregistered
[914.888s][info][gc,metaspace] GC(54) Metaspace: 32M used, 33M committed, 1088M reserved
[914.888s][info][gc,ref      ] GC(54) Soft: 4121 encountered, 0 discovered, 0 enqueued
[914.888s][info][gc,ref      ] GC(54) Weak: 2164 encountered, 193 discovered, 0 enqueued
[914.888s][info][gc,ref      ] GC(54) Final: 3 encountered, 0 discovered, 0 enqueued
[914.888s][info][gc,ref      ] GC(54) Phantom: 278 encountered, 148 discovered, 0 enqueued
[914.888s][info][gc,reloc    ] GC(54) Small Pages: 222 / 444M, Empty: 326M, Relocated: 1M, In-Place: 0
[914.888s][info][gc,reloc    ] GC(54) Medium Pages: 1 / 32M, Empty: 0M, Relocated: 0M, In-Place: 0
[914.888s][info][gc,reloc    ] GC(54) Large Pages: 0 / 0M, Empty: 0M, Relocated: 0M, In-Place: 0
[914.888s][info][gc,reloc    ] GC(54) Forwarding Usage: 0M
[914.888s][info][gc,heap     ] GC(54) Min Capacity: 4096M(100%)
[914.888s][info][gc,heap     ] GC(54) Max Capacity: 4096M(100%)
[914.888s][info][gc,heap     ] GC(54) Soft Max Capacity: 4096M(100%)
[914.888s][info][gc,heap     ] GC(54)                Mark Start          Mark End        Relocate Start      Relocate End           High               Low         
[914.888s][info][gc,heap     ] GC(54)  Capacity:     4096M (100%)       4096M (100%)       4096M (100%)       4096M (100%)       4096M (100%)       4096M (100%)   
[914.888s][info][gc,heap     ] GC(54)      Free:     3620M (88%)        3608M (88%)        3934M (96%)        4030M (98%)        4030M (98%)        3608M (88%)    
[914.888s][info][gc,heap     ] GC(54)      Used:      476M (12%)         488M (12%)         162M (4%)           66M (2%)          488M (12%)          66M (2%)     
[914.888s][info][gc,heap     ] GC(54)      Live:         -                17M (0%)           17M (0%)           17M (0%)             -                  -          
[914.888s][info][gc,heap     ] GC(54) Allocated:         -                12M (0%)           12M (0%)           12M (0%)             -                  -          
[914.888s][info][gc,heap     ] GC(54)   Garbage:         -               458M (11%)         132M (3%)           36M (1%)             -                  -          
[914.888s][info][gc,heap     ] GC(54) Reclaimed:         -                  -               326M (8%)          422M (10%)            -                  -          
[914.888s][info][gc          ] GC(54) Garbage Collection (Proactive) 476M(12%)->66M(2%)
[920.156s][info][gc,stats    ] === Garbage Collection Statistics =======================================================================================================================
[920.156s][info][gc,stats    ]                                                              Last 10s              Last 10m              Last 10h                Total
[920.156s][info][gc,stats    ]                                                              Avg / Max             Avg / Max             Avg / Max             Avg / Max
[920.156s][info][gc,stats    ]   Collector: Garbage Collection Cycle                     28.981 / 28.981       29.822 / 46.419       31.025 / 54.411       31.025 / 54.411      ms
[920.156s][info][gc,stats    ]  Contention: Mark Segment Reset Contention                     0 / 0                 0 / 3                 0 / 3                 0 / 3           ops/s
[920.156s][info][gc,stats    ]  Contention: Mark SeqNum Reset Contention                      0 / 0                 0 / 2                 0 / 2                 0 / 2           ops/s
[920.156s][info][gc,stats    ]    Critical: Allocation Stall                                  0 / 0                 0 / 0                 0 / 0                 0 / 0           ops/s
[920.156s][info][gc,stats    ]    Critical: Allocation Stall                              0.000 / 0.000         0.000 / 0.000         0.000 / 0.000         0.000 / 0.000       ms
[920.156s][info][gc,stats    ]    Critical: GC Locker Stall                                   0 / 0                 0 / 0                 0 / 0                 0 / 0           ops/s
[920.156s][info][gc,stats    ]    Critical: GC Locker Stall                               0.000 / 0.000         0.000 / 0.000         0.000 / 0.000         0.000 / 0.000       ms
[920.156s][info][gc,stats    ]    Critical: Relocation Stall                                  0 / 0                 0 / 0                 0 / 0                 0 / 0           ops/s
[920.156s][info][gc,stats    ]    Critical: Relocation Stall                              0.000 / 0.000         0.000 / 0.000         0.000 / 0.000         0.000 / 0.000       ms
[920.156s][info][gc,stats    ]      Memory: Allocation Rate                                  24 / 32               24 / 128              25 / 148              25 / 148         MB/s
[920.156s][info][gc,stats    ]      Memory: Out Of Memory                                     0 / 0                 0 / 0                 0 / 0                 0 / 0           ops/s
[920.156s][info][gc,stats    ]      Memory: Page Cache Flush                                  0 / 0                 0 / 0                 0 / 0                 0 / 0           MB/s
[920.156s][info][gc,stats    ]      Memory: Page Cache Hit L1                                12 / 18               12 / 36               12 / 78               12 / 78          ops/s
[920.156s][info][gc,stats    ]      Memory: Page Cache Hit L2                                 0 / 0                 0 / 0                 0 / 0                 0 / 0           ops/s
[920.156s][info][gc,stats    ]      Memory: Page Cache Hit L3                                 0 / 0                 0 / 0                 0 / 48                0 / 48          ops/s
[920.156s][info][gc,stats    ]      Memory: Page Cache Miss                                   0 / 0                 0 / 0                 0 / 1                 0 / 1           ops/s
[920.156s][info][gc,stats    ]      Memory: Uncommit                                          0 / 0                 0 / 0                 0 / 0                 0 / 0           MB/s
[920.156s][info][gc,stats    ]      Memory: Undo Object Allocation Failed                     0 / 0                 0 / 0                 0 / 1                 0 / 1           ops/s
[920.156s][info][gc,stats    ]      Memory: Undo Object Allocation Succeeded                  0 / 0                 0 / 0                 0 / 22                0 / 22          ops/s
[920.156s][info][gc,stats    ]      Memory: Undo Page Allocation                              0 / 0                 0 / 2                 0 / 2                 0 / 2           ops/s
[920.156s][info][gc,stats    ]       Phase: Concurrent Mark                              16.189 / 16.189       16.862 / 26.064       17.878 / 38.897       17.878 / 38.897      ms
[920.156s][info][gc,stats    ]       Phase: Concurrent Mark Continue                      0.000 / 0.000         0.000 / 0.000         0.000 / 0.000         0.000 / 0.000       ms
[920.156s][info][gc,stats    ]       Phase: Concurrent Mark Free                          0.001 / 0.001         0.001 / 0.004         0.001 / 0.004         0.001 / 0.004       ms
[920.156s][info][gc,stats    ]       Phase: Concurrent Process Non-Strong References      8.608 / 8.608         9.091 / 17.607        9.036 / 17.607        9.036 / 17.607      ms
[920.156s][info][gc,stats    ]       Phase: Concurrent Relocate                           1.104 / 1.104         0.806 / 1.968         1.028 / 6.891         1.028 / 6.891       ms
[920.156s][info][gc,stats    ]       Phase: Concurrent Reset Relocation Set               0.004 / 0.004         0.004 / 0.008         0.004 / 0.011         0.004 / 0.011       ms
[920.156s][info][gc,stats    ]       Phase: Concurrent Select Relocation Set              1.355 / 1.355         1.535 / 3.260         1.595 / 3.477         1.595 / 3.477       ms
[920.156s][info][gc,stats    ]       Phase: Pause Mark End                                0.021 / 0.021         0.024 / 0.030         0.024 / 0.065         0.024 / 0.065       ms
[920.156s][info][gc,stats    ]       Phase: Pause Mark Start                              0.019 / 0.019         0.012 / 0.028         0.012 / 0.028         0.012 / 0.028       ms
[920.156s][info][gc,stats    ]       Phase: Pause Relocate Start                          0.008 / 0.008         0.009 / 0.012         0.009 / 0.019         0.009 / 0.019       ms
[920.156s][info][gc,stats    ]    Subphase: Concurrent Classes Purge                      0.305 / 0.305         0.389 / 2.002         0.376 / 2.002         0.376 / 2.002       ms
[920.156s][info][gc,stats    ]    Subphase: Concurrent Classes Unlink                     7.414 / 7.414         7.859 / 15.182        7.786 / 15.182        7.786 / 15.182      ms
[920.156s][info][gc,stats    ]    Subphase: Concurrent Mark                              13.165 / 15.445       13.826 / 25.274       14.599 / 33.017       14.599 / 33.017      ms
[920.156s][info][gc,stats    ]    Subphase: Concurrent Mark Try Flush                     0.136 / 0.226         0.130 / 0.301         0.125 / 0.301         0.125 / 0.301       ms
[920.156s][info][gc,stats    ]    Subphase: Concurrent Mark Try Terminate                 1.703 / 5.043         1.783 / 16.074        1.834 / 16.074        1.834 / 16.074      ms
[920.156s][info][gc,stats    ]    Subphase: Concurrent References Enqueue                 0.001 / 0.001         0.002 / 0.009         0.002 / 0.010         0.002 / 0.010       ms
[920.156s][info][gc,stats    ]    Subphase: Concurrent References Process                 0.132 / 0.132         0.155 / 0.212         0.160 / 0.513         0.160 / 0.513       ms
[920.156s][info][gc,stats    ]    Subphase: Concurrent Roots ClassLoaderDataGraph         0.139 / 0.236         0.132 / 0.358         0.150 / 0.547         0.150 / 0.547       ms
[920.156s][info][gc,stats    ]    Subphase: Concurrent Roots CodeCache                    0.000 / 0.000         0.000 / 0.000         0.000 / 0.000         0.000 / 0.000       ms
[920.156s][info][gc,stats    ]    Subphase: Concurrent Roots JavaThreads                  0.327 / 0.425         0.325 / 0.584         0.477 / 5.702         0.477 / 5.702       ms
[920.156s][info][gc,stats    ]    Subphase: Concurrent Roots OopStorageSet                0.027 / 0.043         0.026 / 0.059         0.028 / 0.085         0.028 / 0.085       ms
[920.156s][info][gc,stats    ]    Subphase: Concurrent Weak Roots OopStorageSet           0.522 / 0.524         0.462 / 0.672         0.496 / 0.939         0.496 / 0.939       ms
[920.156s][info][gc,stats    ]    Subphase: Pause Mark Try Complete                       0.000 / 0.000         0.000 / 0.000         0.000 / 0.000         0.000 / 0.000       ms
[920.156s][info][gc,stats    ]      System: Java Threads                                     33 / 33               32 / 33               32 / 34               32 / 34          threads
[920.156s][info][gc,stats    ] =========================================================================================================================================================
[930.164s][info][gc,stats    ] === Garbage Collection Statistics =======================================================================================================================
[930.164s][info][gc,stats    ]                                                              Last 10s              Last 10m              Last 10h                Total
[930.164s][info][gc,stats    ]                                                              Avg / Max             Avg / Max             Avg / Max             Avg / Max
[930.164s][info][gc,stats    ]   Collector: Garbage Collection Cycle                      0.000 / 0.000        29.822 / 46.419       31.025 / 54.411       31.025 / 54.411      ms
[930.164s][info][gc,stats    ]  Contention: Mark Segment Reset Contention                     0 / 0                 0 / 3                 0 / 3                 0 / 3           ops/s
[930.164s][info][gc,stats    ]  Contention: Mark SeqNum Reset Contention                      0 / 0                 0 / 2                 0 / 2                 0 / 2           ops/s
[930.164s][info][gc,stats    ]    Critical: Allocation Stall                                  0 / 0                 0 / 0                 0 / 0                 0 / 0           ops/s
[930.165s][info][gc,stats    ]    Critical: Allocation Stall                              0.000 / 0.000         0.000 / 0.000         0.000 / 0.000         0.000 / 0.000       ms
[930.165s][info][gc,stats    ]    Critical: GC Locker Stall                                   0 / 0                 0 / 0                 0 / 0                 0 / 0           ops/s
[930.165s][info][gc,stats    ]    Critical: GC Locker Stall                               0.000 / 0.000         0.000 / 0.000         0.000 / 0.000         0.000 / 0.000       ms
[930.165s][info][gc,stats    ]    Critical: Relocation Stall                                  0 / 0                 0 / 0                 0 / 0                 0 / 0           ops/s
[930.165s][info][gc,stats    ]    Critical: Relocation Stall                              0.000 / 0.000         0.000 / 0.000         0.000 / 0.000         0.000 / 0.000       ms
[930.165s][info][gc,stats    ]      Memory: Allocation Rate                                  23 / 28               24 / 128              25 / 148              25 / 148         MB/s
[930.165s][info][gc,stats    ]      Memory: Out Of Memory                                     0 / 0                 0 / 0                 0 / 0                 0 / 0           ops/s
[930.165s][info][gc,stats    ]      Memory: Page Cache Flush                                  0 / 0                 0 / 0                 0 / 0                 0 / 0           MB/s
[930.165s][info][gc,stats    ]      Memory: Page Cache Hit L1                                11 / 14               12 / 36               12 / 78               12 / 78          ops/s
[930.165s][info][gc,stats    ]      Memory: Page Cache Hit L2                                 0 / 0                 0 / 0                 0 / 0                 0 / 0           ops/s
[930.165s][info][gc,stats    ]      Memory: Page Cache Hit L3                                 0 / 0                 0 / 0                 0 / 48                0 / 48          ops/s
[930.165s][info][gc,stats    ]      Memory: Page Cache Miss                                   0 / 0                 0 / 0                 0 / 1                 0 / 1           ops/s
[930.165s][info][gc,stats    ]      Memory: Uncommit                                          0 / 0                 0 / 0                 0 / 0                 0 / 0           MB/s
[930.165s][info][gc,stats    ]      Memory: Undo Object Allocation Failed                     0 / 0                 0 / 0                 0 / 1                 0 / 1           ops/s
[930.165s][info][gc,stats    ]      Memory: Undo Object Allocation Succeeded                  0 / 0                 0 / 0                 0 / 22                0 / 22          ops/s
[930.165s][info][gc,stats    ]      Memory: Undo Page Allocation                              0 / 0                 0 / 2                 0 / 2                 0 / 2           ops/s
[930.165s][info][gc,stats    ]       Phase: Concurrent Mark                               0.000 / 0.000        16.862 / 26.064       17.878 / 38.897       17.878 / 38.897      ms
[930.165s][info][gc,stats    ]       Phase: Concurrent Mark Continue                      0.000 / 0.000         0.000 / 0.000         0.000 / 0.000         0.000 / 0.000       ms
[930.165s][info][gc,stats    ]       Phase: Concurrent Mark Free                          0.000 / 0.000         0.001 / 0.004         0.001 / 0.004         0.001 / 0.004       ms
[930.165s][info][gc,stats    ]       Phase: Concurrent Process Non-Strong References      0.000 / 0.000         9.091 / 17.607        9.036 / 17.607        9.036 / 17.607      ms
[930.165s][info][gc,stats    ]       Phase: Concurrent Relocate                           0.000 / 0.000         0.806 / 1.968         1.028 / 6.891         1.028 / 6.891       ms
[930.165s][info][gc,stats    ]       Phase: Concurrent Reset Relocation Set               0.000 / 0.000         0.004 / 0.008         0.004 / 0.011         0.004 / 0.011       ms
[930.165s][info][gc,stats    ]       Phase: Concurrent Select Relocation Set              0.000 / 0.000         1.535 / 3.260         1.595 / 3.477         1.595 / 3.477       ms
[930.165s][info][gc,stats    ]       Phase: Pause Mark End                                0.000 / 0.000         0.024 / 0.030         0.024 / 0.065         0.024 / 0.065       ms
[930.165s][info][gc,stats    ]       Phase: Pause Mark Start                              0.000 / 0.000         0.012 / 0.028         0.012 / 0.028         0.012 / 0.028       ms
[930.165s][info][gc,stats    ]       Phase: Pause Relocate Start                          0.000 / 0.000         0.009 / 0.012         0.009 / 0.019         0.009 / 0.019       ms
[930.165s][info][gc,stats    ]    Subphase: Concurrent Classes Purge                      0.000 / 0.000         0.389 / 2.002         0.376 / 2.002         0.376 / 2.002       ms
[930.165s][info][gc,stats    ]    Subphase: Concurrent Classes Unlink                     0.000 / 0.000         7.859 / 15.182        7.786 / 15.182        7.786 / 15.182      ms
[930.165s][info][gc,stats    ]    Subphase: Concurrent Mark                               0.000 / 0.000        13.826 / 25.274       14.599 / 33.017       14.599 / 33.017      ms
[930.165s][info][gc,stats    ]    Subphase: Concurrent Mark Try Flush                     0.000 / 0.000         0.130 / 0.301         0.125 / 0.301         0.125 / 0.301       ms
[930.165s][info][gc,stats    ]    Subphase: Concurrent Mark Try Terminate                 0.000 / 0.000         1.783 / 16.074        1.834 / 16.074        1.834 / 16.074      ms
[930.165s][info][gc,stats    ]    Subphase: Concurrent References Enqueue                 0.000 / 0.000         0.002 / 0.009         0.002 / 0.010         0.002 / 0.010       ms
[930.165s][info][gc,stats    ]    Subphase: Concurrent References Process                 0.000 / 0.000         0.155 / 0.212         0.160 / 0.513         0.160 / 0.513       ms
[930.165s][info][gc,stats    ]    Subphase: Concurrent Roots ClassLoaderDataGraph         0.000 / 0.000         0.132 / 0.358         0.150 / 0.547         0.150 / 0.547       ms
[930.165s][info][gc,stats    ]    Subphase: Concurrent Roots CodeCache                    0.000 / 0.000         0.000 / 0.000         0.000 / 0.000         0.000 / 0.000       ms
[930.165s][info][gc,stats    ]    Subphase: Concurrent Roots JavaThreads                  0.000 / 0.000         0.325 / 0.584         0.477 / 5.702         0.477 / 5.702       ms
[930.165s][info][gc,stats    ]    Subphase: Concurrent Roots OopStorageSet                0.000 / 0.000         0.026 / 0.059         0.028 / 0.085         0.028 / 0.085       ms
[930.165s][info][gc,stats    ]    Subphase: Concurrent Weak Roots OopStorageSet           0.000 / 0.000         0.462 / 0.672         0.496 / 0.939         0.496 / 0.939       ms
[930.165s][info][gc,stats    ]    Subphase: Pause Mark Try Complete                       0.000 / 0.000         0.000 / 0.000         0.000 / 0.000         0.000 / 0.000       ms
[930.165s][info][gc,stats    ]      System: Java Threads                                      0 / 0                32 / 33               32 / 34               32 / 34          threads
[930.165s][info][gc,stats    ] =========================================================================================================================================================
[932.165s][info][gc,start    ] GC(55) Garbage Collection (Proactive)
[932.165s][info][gc,task     ] GC(55) Using 2 workers
[932.166s][info][gc,phases   ] GC(55) Pause Mark Start 0.023ms
[932.183s][info][gc,phases   ] GC(55) Concurrent Mark 16.921ms
[932.184s][info][gc,phases   ] GC(55) Pause Mark End 0.023ms
[932.184s][info][gc,phases   ] GC(55) Concurrent Mark Free 0.001ms
[932.193s][info][gc,phases   ] GC(55) Concurrent Process Non-Strong References 8.621ms
[932.193s][info][gc,phases   ] GC(55) Concurrent Reset Relocation Set 0.004ms
[932.194s][info][gc,phases   ] GC(55) Concurrent Select Relocation Set 1.343ms
[932.194s][info][gc,phases   ] GC(55) Pause Relocate Start 0.010ms
[932.195s][info][gc,phases   ] GC(55) Concurrent Relocate 0.634ms
[932.195s][info][gc,load     ] GC(55) Load: 0.00/0.00/0.00
[932.195s][info][gc,mmu      ] GC(55) MMU: 2ms/96.8%, 5ms/98.7%, 10ms/99.2%, 20ms/99.6%, 50ms/99.8%, 100ms/99.9%
[932.195s][info][gc,marking  ] GC(55) Mark: 2 stripe(s), 2 proactive flush(es), 1 terminate flush(es), 0 completion(s), 0 continuation(s) 
[932.195s][info][gc,marking  ] GC(55) Mark Stack Usage: 32M
[932.195s][info][gc,nmethod  ] GC(55) NMethods: 8410 registered, 0 unregistered
[932.195s][info][gc,metaspace] GC(55) Metaspace: 32M used, 33M committed, 1088M reserved
[932.195s][info][gc,ref      ] GC(55) Soft: 4121 encountered, 0 discovered, 0 enqueued
[932.195s][info][gc,ref      ] GC(55) Weak: 2164 encountered, 314 discovered, 0 enqueued
[932.195s][info][gc,ref      ] GC(55) Final: 3 encountered, 0 discovered, 0 enqueued
[932.195s][info][gc,ref      ] GC(55) Phantom: 279 encountered, 219 discovered, 0 enqueued
[932.195s][info][gc,reloc    ] GC(55) Small Pages: 222 / 444M, Empty: 328M, Relocated: 1M, In-Place: 0
[932.195s][info][gc,reloc    ] GC(55) Medium Pages: 1 / 32M, Empty: 0M, Relocated: 0M, In-Place: 0
[932.195s][info][gc,reloc    ] GC(55) Large Pages: 0 / 0M, Empty: 0M, Relocated: 0M, In-Place: 0
[932.195s][info][gc,reloc    ] GC(55) Forwarding Usage: 0M
[932.195s][info][gc,heap     ] GC(55) Min Capacity: 4096M(100%)
[932.195s][info][gc,heap     ] GC(55) Max Capacity: 4096M(100%)
[932.195s][info][gc,heap     ] GC(55) Soft Max Capacity: 4096M(100%)
[932.195s][info][gc,heap     ] GC(55)                Mark Start          Mark End        Relocate Start      Relocate End           High               Low         
[932.195s][info][gc,heap     ] GC(55)  Capacity:     4096M (100%)       4096M (100%)       4096M (100%)       4096M (100%)       4096M (100%)       4096M (100%)   
[932.195s][info][gc,heap     ] GC(55)      Free:     3620M (88%)        3608M (88%)        3936M (96%)        4030M (98%)        4030M (98%)        3608M (88%)    
[932.195s][info][gc,heap     ] GC(55)      Used:      476M (12%)         488M (12%)         160M (4%)           66M (2%)          488M (12%)          66M (2%)     
[932.195s][info][gc,heap     ] GC(55)      Live:         -                17M (0%)           17M (0%)           17M (0%)             -                  -          
[932.195s][info][gc,heap     ] GC(55) Allocated:         -                12M (0%)           12M (0%)           12M (0%)             -                  -          
[932.195s][info][gc,heap     ] GC(55)   Garbage:         -               458M (11%)         130M (3%)           36M (1%)             -                  -          
[932.195s][info][gc,heap     ] GC(55) Reclaimed:         -                  -               328M (8%)          422M (10%)            -                  -          
[932.195s][info][gc          ] GC(55) Garbage Collection (Proactive) 476M(12%)->66M(2%)
[940.154s][info][gc,stats    ] === Garbage Collection Statistics =======================================================================================================================
[940.154s][info][gc,stats    ]                                                              Last 10s              Last 10m              Last 10h                Total
[940.154s][info][gc,stats    ]                                                              Avg / Max             Avg / Max             Avg / Max             Avg / Max
[940.154s][info][gc,stats    ]   Collector: Garbage Collection Cycle                     29.500 / 29.500       29.846 / 46.419       30.998 / 54.411       30.998 / 54.411      ms
[940.154s][info][gc,stats    ]  Contention: Mark Segment Reset Contention                     0 / 0                 0 / 3                 0 / 3                 0 / 3           ops/s
[940.154s][info][gc,stats    ]  Contention: Mark SeqNum Reset Contention                      0 / 1                 0 / 2                 0 / 2                 0 / 2           ops/s
[940.154s][info][gc,stats    ]    Critical: Allocation Stall                                  0 / 0                 0 / 0                 0 / 0                 0 / 0           ops/s
[940.154s][info][gc,stats    ]    Critical: Allocation Stall                              0.000 / 0.000         0.000 / 0.000         0.000 / 0.000         0.000 / 0.000       ms
[940.154s][info][gc,stats    ]    Critical: GC Locker Stall                                   0 / 0                 0 / 0                 0 / 0                 0 / 0           ops/s
[940.154s][info][gc,stats    ]    Critical: GC Locker Stall                               0.000 / 0.000         0.000 / 0.000         0.000 / 0.000         0.000 / 0.000       ms
[940.154s][info][gc,stats    ]    Critical: Relocation Stall                                  0 / 0                 0 / 0                 0 / 0                 0 / 0           ops/s
[940.154s][info][gc,stats    ]    Critical: Relocation Stall                              0.000 / 0.000         0.000 / 0.000         0.000 / 0.000         0.000 / 0.000       ms
[940.154s][info][gc,stats    ]      Memory: Allocation Rate                                  24 / 34               24 / 128              25 / 148              25 / 148         MB/s
[940.154s][info][gc,stats    ]      Memory: Out Of Memory                                     0 / 0                 0 / 0                 0 / 0                 0 / 0           ops/s
[940.154s][info][gc,stats    ]      Memory: Page Cache Flush                                  0 / 0                 0 / 0                 0 / 0                 0 / 0           MB/s
[940.154s][info][gc,stats    ]      Memory: Page Cache Hit L1                                12 / 19               12 / 36               12 / 78               12 / 78          ops/s
[940.154s][info][gc,stats    ]      Memory: Page Cache Hit L2                                 0 / 0                 0 / 0                 0 / 0                 0 / 0           ops/s
[940.154s][info][gc,stats    ]      Memory: Page Cache Hit L3                                 0 / 0                 0 / 0                 0 / 48                0 / 48          ops/s
[940.154s][info][gc,stats    ]      Memory: Page Cache Miss                                   0 / 0                 0 / 0                 0 / 1                 0 / 1           ops/s
[940.154s][info][gc,stats    ]      Memory: Uncommit                                          0 / 0                 0 / 0                 0 / 0                 0 / 0           MB/s
[940.154s][info][gc,stats    ]      Memory: Undo Object Allocation Failed                     0 / 0                 0 / 0                 0 / 1                 0 / 1           ops/s
[940.154s][info][gc,stats    ]      Memory: Undo Object Allocation Succeeded                  0 / 0                 0 / 0                 0 / 22                0 / 22          ops/s
[940.154s][info][gc,stats    ]      Memory: Undo Page Allocation                              0 / 1                 0 / 2                 0 / 2                 0 / 2           ops/s
[940.154s][info][gc,stats    ]       Phase: Concurrent Mark                              16.921 / 16.921       16.869 / 26.064       17.861 / 38.897       17.861 / 38.897      ms
[940.154s][info][gc,stats    ]       Phase: Concurrent Mark Continue                      0.000 / 0.000         0.000 / 0.000         0.000 / 0.000         0.000 / 0.000       ms
[940.154s][info][gc,stats    ]       Phase: Concurrent Mark Free                          0.001 / 0.001         0.001 / 0.004         0.001 / 0.004         0.001 / 0.004       ms
[940.154s][info][gc,stats    ]       Phase: Concurrent Process Non-Strong References      8.621 / 8.621         9.092 / 17.607        9.029 / 17.607        9.029 / 17.607      ms
[940.154s][info][gc,stats    ]       Phase: Concurrent Relocate                           0.634 / 0.634         0.807 / 1.968         1.020 / 6.891         1.020 / 6.891       ms
[940.154s][info][gc,stats    ]       Phase: Concurrent Reset Relocation Set               0.004 / 0.004         0.004 / 0.008         0.004 / 0.011         0.004 / 0.011       ms
[940.154s][info][gc,stats    ]       Phase: Concurrent Select Relocation Set              1.343 / 1.343         1.541 / 3.260         1.590 / 3.477         1.590 / 3.477       ms
[940.154s][info][gc,stats    ]       Phase: Pause Mark End                                0.023 / 0.023         0.024 / 0.030         0.024 / 0.065         0.024 / 0.065       ms
[940.154s][info][gc,stats    ]       Phase: Pause Mark Start                              0.023 / 0.023         0.012 / 0.028         0.012 / 0.028         0.012 / 0.028       ms
[940.154s][info][gc,stats    ]       Phase: Pause Relocate Start                          0.010 / 0.010         0.009 / 0.012         0.009 / 0.019         0.009 / 0.019       ms
[940.154s][info][gc,stats    ]    Subphase: Concurrent Classes Purge                      0.271 / 0.271         0.388 / 2.002         0.374 / 2.002         0.374 / 2.002       ms
[940.154s][info][gc,stats    ]    Subphase: Concurrent Classes Unlink                     7.620 / 7.620         7.866 / 15.182        7.783 / 15.182        7.783 / 15.182      ms
[940.154s][info][gc,stats    ]    Subphase: Concurrent Mark                              13.957 / 16.243       13.834 / 25.274       14.588 / 33.017       14.588 / 33.017      ms
[940.154s][info][gc,stats    ]    Subphase: Concurrent Mark Try Flush                     0.137 / 0.229         0.131 / 0.301         0.125 / 0.301         0.125 / 0.301       ms
[940.154s][info][gc,stats    ]    Subphase: Concurrent Mark Try Terminate                 1.611 / 4.768         1.779 / 16.074        1.830 / 16.074        1.830 / 16.074      ms
[940.154s][info][gc,stats    ]    Subphase: Concurrent References Enqueue                 0.000 / 0.000         0.002 / 0.009         0.002 / 0.010         0.002 / 0.010       ms
[940.154s][info][gc,stats    ]    Subphase: Concurrent References Process                 0.132 / 0.132         0.155 / 0.212         0.160 / 0.513         0.160 / 0.513       ms
[940.154s][info][gc,stats    ]    Subphase: Concurrent Roots ClassLoaderDataGraph         0.128 / 0.212         0.132 / 0.358         0.150 / 0.547         0.150 / 0.547       ms
[940.154s][info][gc,stats    ]    Subphase: Concurrent Roots CodeCache                    0.000 / 0.000         0.000 / 0.000         0.000 / 0.000         0.000 / 0.000       ms
[940.154s][info][gc,stats    ]    Subphase: Concurrent Roots JavaThreads                  0.294 / 0.383         0.325 / 0.584         0.473 / 5.702         0.473 / 5.702       ms
[940.154s][info][gc,stats    ]    Subphase: Concurrent Roots OopStorageSet                0.026 / 0.031         0.026 / 0.059         0.028 / 0.085         0.028 / 0.085       ms
[940.154s][info][gc,stats    ]    Subphase: Concurrent Weak Roots OopStorageSet           0.467 / 0.469         0.460 / 0.672         0.495 / 0.939         0.495 / 0.939       ms
[940.154s][info][gc,stats    ]    Subphase: Pause Mark Try Complete                       0.000 / 0.000         0.000 / 0.000         0.000 / 0.000         0.000 / 0.000       ms
[940.154s][info][gc,stats    ]      System: Java Threads                                     33 / 33               32 / 33               32 / 34               32 / 34          threads
[940.154s][info][gc,stats    ] =========================================================================================================================================================
[949.457s][info][gc,start    ] GC(56) Garbage Collection (Proactive)
[949.457s][info][gc,task     ] GC(56) Using 2 workers
[949.457s][info][gc,phases   ] GC(56) Pause Mark Start 0.008ms
[949.474s][info][gc,phases   ] GC(56) Concurrent Mark 16.991ms
[949.475s][info][gc,phases   ] GC(56) Pause Mark End 0.028ms
[949.475s][info][gc,phases   ] GC(56) Concurrent Mark Free 0.001ms
[949.484s][info][gc,phases   ] GC(56) Concurrent Process Non-Strong References 8.912ms
[949.484s][info][gc,phases   ] GC(56) Concurrent Reset Relocation Set 0.002ms
[949.485s][info][gc,phases   ] GC(56) Concurrent Select Relocation Set 1.192ms
[949.485s][info][gc,phases   ] GC(56) Pause Relocate Start 0.009ms
[949.486s][info][gc,phases   ] GC(56) Concurrent Relocate 0.637ms
[949.486s][info][gc,load     ] GC(56) Load: 0.00/0.00/0.00
[949.486s][info][gc,mmu      ] GC(56) MMU: 2ms/96.8%, 5ms/98.7%, 10ms/99.2%, 20ms/99.6%, 50ms/99.8%, 100ms/99.9%
[949.486s][info][gc,marking  ] GC(56) Mark: 2 stripe(s), 2 proactive flush(es), 1 terminate flush(es), 0 completion(s), 0 continuation(s) 
[949.486s][info][gc,marking  ] GC(56) Mark Stack Usage: 32M
[949.486s][info][gc,nmethod  ] GC(56) NMethods: 8411 registered, 0 unregistered
[949.486s][info][gc,metaspace] GC(56) Metaspace: 32M used, 33M committed, 1088M reserved
[949.486s][info][gc,ref      ] GC(56) Soft: 4121 encountered, 0 discovered, 0 enqueued
[949.486s][info][gc,ref      ] GC(56) Weak: 2164 encountered, 241 discovered, 0 enqueued
[949.486s][info][gc,ref      ] GC(56) Final: 3 encountered, 2 discovered, 0 enqueued
[949.486s][info][gc,ref      ] GC(56) Phantom: 279 encountered, 145 discovered, 0 enqueued
[949.486s][info][gc,reloc    ] GC(56) Small Pages: 223 / 446M, Empty: 324M, Relocated: 1M, In-Place: 0
[949.486s][info][gc,reloc    ] GC(56) Medium Pages: 1 / 32M, Empty: 0M, Relocated: 0M, In-Place: 0
[949.486s][info][gc,reloc    ] GC(56) Large Pages: 0 / 0M, Empty: 0M, Relocated: 0M, In-Place: 0
[949.486s][info][gc,reloc    ] GC(56) Forwarding Usage: 0M
[949.486s][info][gc,heap     ] GC(56) Min Capacity: 4096M(100%)
[949.486s][info][gc,heap     ] GC(56) Max Capacity: 4096M(100%)
[949.486s][info][gc,heap     ] GC(56) Soft Max Capacity: 4096M(100%)
[949.486s][info][gc,heap     ] GC(56)                Mark Start          Mark End        Relocate Start      Relocate End           High               Low         
[949.486s][info][gc,heap     ] GC(56)  Capacity:     4096M (100%)       4096M (100%)       4096M (100%)       4096M (100%)       4096M (100%)       4096M (100%)   
[949.486s][info][gc,heap     ] GC(56)      Free:     3618M (88%)        3608M (88%)        3930M (96%)        4030M (98%)        4030M (98%)        3606M (88%)    
[949.486s][info][gc,heap     ] GC(56)      Used:      478M (12%)         488M (12%)         166M (4%)           66M (2%)          490M (12%)          66M (2%)     
[949.486s][info][gc,heap     ] GC(56)      Live:         -                17M (0%)           17M (0%)           17M (0%)             -                  -          
[949.486s][info][gc,heap     ] GC(56) Allocated:         -                10M (0%)           12M (0%)           12M (0%)             -                  -          
[949.486s][info][gc,heap     ] GC(56)   Garbage:         -               460M (11%)         136M (3%)           36M (1%)             -                  -          
[949.486s][info][gc,heap     ] GC(56) Reclaimed:         -                  -               324M (8%)          424M (10%)            -                  -          
[949.486s][info][gc          ] GC(56) Garbage Collection (Proactive) 478M(12%)->66M(2%)
[950.160s][info][gc,stats    ] === Garbage Collection Statistics =======================================================================================================================
[950.160s][info][gc,stats    ]                                                              Last 10s              Last 10m              Last 10h                Total
[950.160s][info][gc,stats    ]                                                              Avg / Max             Avg / Max             Avg / Max             Avg / Max
[950.160s][info][gc,stats    ]   Collector: Garbage Collection Cycle                     28.938 / 28.938       29.821 / 46.419       30.962 / 54.411       30.962 / 54.411      ms
[950.160s][info][gc,stats    ]  Contention: Mark Segment Reset Contention                     0 / 0                 0 / 3                 0 / 3                 0 / 3           ops/s
[950.160s][info][gc,stats    ]  Contention: Mark SeqNum Reset Contention                      0 / 0                 0 / 2                 0 / 2                 0 / 2           ops/s
[950.160s][info][gc,stats    ]    Critical: Allocation Stall                                  0 / 0                 0 / 0                 0 / 0                 0 / 0           ops/s
[950.160s][info][gc,stats    ]    Critical: Allocation Stall                              0.000 / 0.000         0.000 / 0.000         0.000 / 0.000         0.000 / 0.000       ms
[950.160s][info][gc,stats    ]    Critical: GC Locker Stall                                   0 / 0                 0 / 0                 0 / 0                 0 / 0           ops/s
[950.160s][info][gc,stats    ]    Critical: GC Locker Stall                               0.000 / 0.000         0.000 / 0.000         0.000 / 0.000         0.000 / 0.000       ms
[950.160s][info][gc,stats    ]    Critical: Relocation Stall                                  0 / 0                 0 / 0                 0 / 0                 0 / 0           ops/s
[950.160s][info][gc,stats    ]    Critical: Relocation Stall                              0.000 / 0.000         0.000 / 0.000         0.000 / 0.000         0.000 / 0.000       ms
[950.160s][info][gc,stats    ]      Memory: Allocation Rate                                  25 / 34               24 / 128              25 / 148              25 / 148         MB/s
[950.160s][info][gc,stats    ]      Memory: Out Of Memory                                     0 / 0                 0 / 0                 0 / 0                 0 / 0           ops/s
[950.160s][info][gc,stats    ]      Memory: Page Cache Flush                                  0 / 0                 0 / 0                 0 / 0                 0 / 0           MB/s
[950.160s][info][gc,stats    ]      Memory: Page Cache Hit L1                                12 / 19               12 / 36               12 / 78               12 / 78          ops/s
[950.160s][info][gc,stats    ]      Memory: Page Cache Hit L2                                 0 / 0                 0 / 0                 0 / 0                 0 / 0           ops/s
[950.160s][info][gc,stats    ]      Memory: Page Cache Hit L3                                 0 / 0                 0 / 0                 0 / 48                0 / 48          ops/s
[950.160s][info][gc,stats    ]      Memory: Page Cache Miss                                   0 / 0                 0 / 0                 0 / 1                 0 / 1           ops/s
[950.160s][info][gc,stats    ]      Memory: Uncommit                                          0 / 0                 0 / 0                 0 / 0                 0 / 0           MB/s
[950.161s][info][gc,stats    ]      Memory: Undo Object Allocation Failed                     0 / 0                 0 / 0                 0 / 1                 0 / 1           ops/s
[950.161s][info][gc,stats    ]      Memory: Undo Object Allocation Succeeded                  0 / 0                 0 / 0                 0 / 22                0 / 22          ops/s
[950.161s][info][gc,stats    ]      Memory: Undo Page Allocation                              0 / 0                 0 / 2                 0 / 2                 0 / 2           ops/s
[950.161s][info][gc,stats    ]       Phase: Concurrent Mark                              16.991 / 16.991       16.873 / 26.064       17.846 / 38.897       17.846 / 38.897      ms
[950.161s][info][gc,stats    ]       Phase: Concurrent Mark Continue                      0.000 / 0.000         0.000 / 0.000         0.000 / 0.000         0.000 / 0.000       ms
[950.161s][info][gc,stats    ]       Phase: Concurrent Mark Free                          0.001 / 0.001         0.001 / 0.004         0.001 / 0.004         0.001 / 0.004       ms
[950.161s][info][gc,stats    ]       Phase: Concurrent Process Non-Strong References      8.912 / 8.912         9.087 / 17.607        9.027 / 17.607        9.027 / 17.607      ms
[950.161s][info][gc,stats    ]       Phase: Concurrent Relocate                           0.637 / 0.637         0.802 / 1.968         1.014 / 6.891         1.014 / 6.891       ms
[950.161s][info][gc,stats    ]       Phase: Concurrent Reset Relocation Set               0.002 / 0.002         0.004 / 0.008         0.004 / 0.011         0.004 / 0.011       ms
[950.161s][info][gc,stats    ]       Phase: Concurrent Select Relocation Set              1.192 / 1.192         1.532 / 3.260         1.583 / 3.477         1.583 / 3.477       ms
[950.161s][info][gc,stats    ]       Phase: Pause Mark End                                0.028 / 0.028         0.024 / 0.030         0.024 / 0.065         0.024 / 0.065       ms
[950.161s][info][gc,stats    ]       Phase: Pause Mark Start                              0.008 / 0.008         0.012 / 0.028         0.012 / 0.028         0.012 / 0.028       ms
[950.161s][info][gc,stats    ]       Phase: Pause Relocate Start                          0.009 / 0.009         0.009 / 0.012         0.009 / 0.019         0.009 / 0.019       ms
[950.161s][info][gc,stats    ]    Subphase: Concurrent Classes Purge                      0.245 / 0.245         0.384 / 2.002         0.372 / 2.002         0.372 / 2.002       ms
[950.161s][info][gc,stats    ]    Subphase: Concurrent Classes Unlink                     8.092 / 8.092         7.872 / 15.182        7.788 / 15.182        7.788 / 15.182      ms
[950.161s][info][gc,stats    ]    Subphase: Concurrent Mark                              13.910 / 16.192       13.836 / 25.274       14.576 / 33.017       14.576 / 33.017      ms
[950.161s][info][gc,stats    ]    Subphase: Concurrent Mark Try Flush                     0.142 / 0.254         0.131 / 0.301         0.126 / 0.301         0.126 / 0.301       ms
[950.161s][info][gc,stats    ]    Subphase: Concurrent Mark Try Terminate                 1.630 / 4.836         1.775 / 16.074        1.827 / 16.074        1.827 / 16.074      ms
[950.161s][info][gc,stats    ]    Subphase: Concurrent References Enqueue                 0.000 / 0.000         0.002 / 0.009         0.002 / 0.010         0.002 / 0.010       ms
[950.161s][info][gc,stats    ]    Subphase: Concurrent References Process                 0.069 / 0.069         0.152 / 0.212         0.158 / 0.513         0.158 / 0.513       ms
[950.161s][info][gc,stats    ]    Subphase: Concurrent Roots ClassLoaderDataGraph         0.165 / 0.273         0.132 / 0.358         0.150 / 0.547         0.150 / 0.547       ms
[950.161s][info][gc,stats    ]    Subphase: Concurrent Roots CodeCache                    0.000 / 0.000         0.000 / 0.000         0.000 / 0.000         0.000 / 0.000       ms
[950.161s][info][gc,stats    ]    Subphase: Concurrent Roots JavaThreads                  0.365 / 0.478         0.326 / 0.584         0.471 / 5.702         0.471 / 5.702       ms
[950.161s][info][gc,stats    ]    Subphase: Concurrent Roots OopStorageSet                0.034 / 0.046         0.026 / 0.059         0.028 / 0.085         0.028 / 0.085       ms
[950.161s][info][gc,stats    ]    Subphase: Concurrent Weak Roots OopStorageSet           0.316 / 0.324         0.456 / 0.672         0.492 / 0.939         0.492 / 0.939       ms
[950.161s][info][gc,stats    ]    Subphase: Pause Mark Try Complete                       0.000 / 0.000         0.000 / 0.000         0.000 / 0.000         0.000 / 0.000       ms
[950.161s][info][gc,stats    ]      System: Java Threads                                     33 / 33               32 / 33               32 / 34               32 / 34          threads
[950.161s][info][gc,stats    ] =========================================================================================================================================================
[960.159s][info][gc,stats    ] === Garbage Collection Statistics =======================================================================================================================
[960.159s][info][gc,stats    ]                                                              Last 10s              Last 10m              Last 10h                Total
[960.159s][info][gc,stats    ]                                                              Avg / Max             Avg / Max             Avg / Max             Avg / Max
[960.159s][info][gc,stats    ]   Collector: Garbage Collection Cycle                      0.000 / 0.000        29.804 / 46.419       30.962 / 54.411       30.962 / 54.411      ms
[960.159s][info][gc,stats    ]  Contention: Mark Segment Reset Contention                     0 / 0                 0 / 3                 0 / 3                 0 / 3           ops/s
[960.159s][info][gc,stats    ]  Contention: Mark SeqNum Reset Contention                      0 / 0                 0 / 2                 0 / 2                 0 / 2           ops/s
[960.159s][info][gc,stats    ]    Critical: Allocation Stall                                  0 / 0                 0 / 0                 0 / 0                 0 / 0           ops/s
[960.159s][info][gc,stats    ]    Critical: Allocation Stall                              0.000 / 0.000         0.000 / 0.000         0.000 / 0.000         0.000 / 0.000       ms
[960.159s][info][gc,stats    ]    Critical: GC Locker Stall                                   0 / 0                 0 / 0                 0 / 0                 0 / 0           ops/s
[960.159s][info][gc,stats    ]    Critical: GC Locker Stall                               0.000 / 0.000         0.000 / 0.000         0.000 / 0.000         0.000 / 0.000       ms
[960.159s][info][gc,stats    ]    Critical: Relocation Stall                                  0 / 0                 0 / 0                 0 / 0                 0 / 0           ops/s
[960.159s][info][gc,stats    ]    Critical: Relocation Stall                              0.000 / 0.000         0.000 / 0.000         0.000 / 0.000         0.000 / 0.000       ms
[960.159s][info][gc,stats    ]      Memory: Allocation Rate                                  24 / 26               24 / 128              25 / 148              25 / 148         MB/s
[960.159s][info][gc,stats    ]      Memory: Out Of Memory                                     0 / 0                 0 / 0                 0 / 0                 0 / 0           ops/s
[960.159s][info][gc,stats    ]      Memory: Page Cache Flush                                  0 / 0                 0 / 0                 0 / 0                 0 / 0           MB/s
[960.159s][info][gc,stats    ]      Memory: Page Cache Hit L1                                12 / 13               12 / 36               12 / 78               12 / 78          ops/s
[960.159s][info][gc,stats    ]      Memory: Page Cache Hit L2                                 0 / 0                 0 / 0                 0 / 0                 0 / 0           ops/s
[960.159s][info][gc,stats    ]      Memory: Page Cache Hit L3                                 0 / 0                 0 / 0                 0 / 48                0 / 48          ops/s
[960.159s][info][gc,stats    ]      Memory: Page Cache Miss                                   0 / 0                 0 / 0                 0 / 1                 0 / 1           ops/s
[960.159s][info][gc,stats    ]      Memory: Uncommit                                          0 / 0                 0 / 0                 0 / 0                 0 / 0           MB/s
[960.159s][info][gc,stats    ]      Memory: Undo Object Allocation Failed                     0 / 0                 0 / 0                 0 / 1                 0 / 1           ops/s
[960.159s][info][gc,stats    ]      Memory: Undo Object Allocation Succeeded                  0 / 0                 0 / 0                 0 / 22                0 / 22          ops/s
[960.159s][info][gc,stats    ]      Memory: Undo Page Allocation                              0 / 0                 0 / 2                 0 / 2                 0 / 2           ops/s
[960.160s][info][gc,stats    ]       Phase: Concurrent Mark                               0.000 / 0.000        16.893 / 26.064       17.846 / 38.897       17.846 / 38.897      ms
[960.160s][info][gc,stats    ]       Phase: Concurrent Mark Continue                      0.000 / 0.000         0.000 / 0.000         0.000 / 0.000         0.000 / 0.000       ms
[960.160s][info][gc,stats    ]       Phase: Concurrent Mark Free                          0.000 / 0.000         0.001 / 0.004         0.001 / 0.004         0.001 / 0.004       ms
[960.160s][info][gc,stats    ]       Phase: Concurrent Process Non-Strong References      0.000 / 0.000         9.103 / 17.607        9.027 / 17.607        9.027 / 17.607      ms
[960.160s][info][gc,stats    ]       Phase: Concurrent Relocate                           0.000 / 0.000         0.794 / 1.968         1.014 / 6.891         1.014 / 6.891       ms
[960.160s][info][gc,stats    ]       Phase: Concurrent Reset Relocation Set               0.000 / 0.000         0.004 / 0.008         0.004 / 0.011         0.004 / 0.011       ms
[960.160s][info][gc,stats    ]       Phase: Concurrent Select Relocation Set              0.000 / 0.000         1.508 / 3.260         1.583 / 3.477         1.583 / 3.477       ms
[960.160s][info][gc,stats    ]       Phase: Pause Mark End                                0.000 / 0.000         0.024 / 0.030         0.024 / 0.065         0.024 / 0.065       ms
[960.160s][info][gc,stats    ]       Phase: Pause Mark Start                              0.000 / 0.000         0.012 / 0.028         0.012 / 0.028         0.012 / 0.028       ms
[960.160s][info][gc,stats    ]       Phase: Pause Relocate Start                          0.000 / 0.000         0.009 / 0.012         0.009 / 0.019         0.009 / 0.019       ms
[960.160s][info][gc,stats    ]    Subphase: Concurrent Classes Purge                      0.000 / 0.000         0.386 / 2.002         0.372 / 2.002         0.372 / 2.002       ms
[960.160s][info][gc,stats    ]    Subphase: Concurrent Classes Unlink                     0.000 / 0.000         7.885 / 15.182        7.788 / 15.182        7.788 / 15.182      ms
[960.160s][info][gc,stats    ]    Subphase: Concurrent Mark                               0.000 / 0.000        13.853 / 25.274       14.576 / 33.017       14.576 / 33.017      ms
[960.160s][info][gc,stats    ]    Subphase: Concurrent Mark Try Flush                     0.000 / 0.000         0.131 / 0.301         0.126 / 0.301         0.126 / 0.301       ms
[960.160s][info][gc,stats    ]    Subphase: Concurrent Mark Try Terminate                 0.000 / 0.000         1.777 / 16.074        1.827 / 16.074        1.827 / 16.074      ms
[960.160s][info][gc,stats    ]    Subphase: Concurrent References Enqueue                 0.000 / 0.000         0.002 / 0.009         0.002 / 0.010         0.002 / 0.010       ms
[960.160s][info][gc,stats    ]    Subphase: Concurrent References Process                 0.000 / 0.000         0.151 / 0.212         0.158 / 0.513         0.158 / 0.513       ms
[960.160s][info][gc,stats    ]    Subphase: Concurrent Roots ClassLoaderDataGraph         0.000 / 0.000         0.133 / 0.358         0.150 / 0.547         0.150 / 0.547       ms
[960.160s][info][gc,stats    ]    Subphase: Concurrent Roots CodeCache                    0.000 / 0.000         0.000 / 0.000         0.000 / 0.000         0.000 / 0.000       ms
[960.160s][info][gc,stats    ]    Subphase: Concurrent Roots JavaThreads                  0.000 / 0.000         0.329 / 0.584         0.471 / 5.702         0.471 / 5.702       ms
[960.160s][info][gc,stats    ]    Subphase: Concurrent Roots OopStorageSet                0.000 / 0.000         0.026 / 0.059         0.028 / 0.085         0.028 / 0.085       ms
[960.160s][info][gc,stats    ]    Subphase: Concurrent Weak Roots OopStorageSet           0.000 / 0.000         0.458 / 0.672         0.492 / 0.939         0.492 / 0.939       ms
[960.160s][info][gc,stats    ]    Subphase: Pause Mark Try Complete                       0.000 / 0.000         0.000 / 0.000         0.000 / 0.000         0.000 / 0.000       ms
[960.160s][info][gc,stats    ]      System: Java Threads                                      0 / 0                32 / 33               32 / 34               32 / 34          threads
[960.160s][info][gc,stats    ] =========================================================================================================================================================
[966.868s][info][gc,start    ] GC(57) Garbage Collection (Proactive)
[966.868s][info][gc,task     ] GC(57) Using 2 workers
[966.868s][info][gc,phases   ] GC(57) Pause Mark Start 0.017ms
[966.886s][info][gc,phases   ] GC(57) Concurrent Mark 17.167ms
[966.886s][info][gc,phases   ] GC(57) Pause Mark End 0.012ms
[966.886s][info][gc,phases   ] GC(57) Concurrent Mark Free 0.001ms
[966.895s][info][gc,phases   ] GC(57) Concurrent Process Non-Strong References 8.705ms
[966.895s][info][gc,phases   ] GC(57) Concurrent Reset Relocation Set 0.003ms
[966.896s][info][gc,phases   ] GC(57) Concurrent Select Relocation Set 1.177ms
[966.896s][info][gc,phases   ] GC(57) Pause Relocate Start 0.009ms
[966.897s][info][gc,phases   ] GC(57) Concurrent Relocate 0.633ms
[966.897s][info][gc,load     ] GC(57) Load: 0.00/0.00/0.00
[966.897s][info][gc,mmu      ] GC(57) MMU: 2ms/96.8%, 5ms/98.7%, 10ms/99.2%, 20ms/99.6%, 50ms/99.8%, 100ms/99.9%
[966.897s][info][gc,marking  ] GC(57) Mark: 2 stripe(s), 2 proactive flush(es), 1 terminate flush(es), 0 completion(s), 0 continuation(s) 
[966.897s][info][gc,marking  ] GC(57) Mark Stack Usage: 32M
[966.897s][info][gc,nmethod  ] GC(57) NMethods: 8420 registered, 0 unregistered
[966.897s][info][gc,metaspace] GC(57) Metaspace: 32M used, 33M committed, 1088M reserved
[966.897s][info][gc,ref      ] GC(57) Soft: 4121 encountered, 0 discovered, 0 enqueued
[966.897s][info][gc,ref      ] GC(57) Weak: 2164 encountered, 232 discovered, 0 enqueued
[966.897s][info][gc,ref      ] GC(57) Final: 3 encountered, 0 discovered, 0 enqueued
[966.897s][info][gc,ref      ] GC(57) Phantom: 279 encountered, 216 discovered, 0 enqueued
[966.897s][info][gc,reloc    ] GC(57) Small Pages: 223 / 446M, Empty: 328M, Relocated: 1M, In-Place: 0
[966.897s][info][gc,reloc    ] GC(57) Medium Pages: 1 / 32M, Empty: 0M, Relocated: 0M, In-Place: 0
[966.897s][info][gc,reloc    ] GC(57) Large Pages: 0 / 0M, Empty: 0M, Relocated: 0M, In-Place: 0
[966.897s][info][gc,reloc    ] GC(57) Forwarding Usage: 0M
[966.897s][info][gc,heap     ] GC(57) Min Capacity: 4096M(100%)
[966.897s][info][gc,heap     ] GC(57) Max Capacity: 4096M(100%)
[966.897s][info][gc,heap     ] GC(57) Soft Max Capacity: 4096M(100%)
[966.897s][info][gc,heap     ] GC(57)                Mark Start          Mark End        Relocate Start      Relocate End           High               Low         
[966.897s][info][gc,heap     ] GC(57)  Capacity:     4096M (100%)       4096M (100%)       4096M (100%)       4096M (100%)       4096M (100%)       4096M (100%)   
[966.897s][info][gc,heap     ] GC(57)      Free:     3618M (88%)        3608M (88%)        3934M (96%)        4030M (98%)        4030M (98%)        3606M (88%)    
[966.897s][info][gc,heap     ] GC(57)      Used:      478M (12%)         488M (12%)         162M (4%)           66M (2%)          490M (12%)          66M (2%)     
[966.897s][info][gc,heap     ] GC(57)      Live:         -                17M (0%)           17M (0%)           17M (0%)             -                  -          
[966.897s][info][gc,heap     ] GC(57) Allocated:         -                10M (0%)           12M (0%)           12M (0%)             -                  -          
[966.897s][info][gc,heap     ] GC(57)   Garbage:         -               460M (11%)         132M (3%)           36M (1%)             -                  -          
[966.897s][info][gc,heap     ] GC(57) Reclaimed:         -                  -               328M (8%)          424M (10%)            -                  -          
[966.897s][info][gc          ] GC(57) Garbage Collection (Proactive) 478M(12%)->66M(2%)
[970.167s][info][gc,stats    ] === Garbage Collection Statistics =======================================================================================================================
[970.167s][info][gc,stats    ]                                                              Last 10s              Last 10m              Last 10h                Total
[970.167s][info][gc,stats    ]                                                              Avg / Max             Avg / Max             Avg / Max             Avg / Max
[970.167s][info][gc,stats    ]   Collector: Garbage Collection Cycle                     28.841 / 28.841       29.778 / 46.419       30.926 / 54.411       30.926 / 54.411      ms
[970.167s][info][gc,stats    ]  Contention: Mark Segment Reset Contention                     0 / 0                 0 / 3                 0 / 3                 0 / 3           ops/s
[970.167s][info][gc,stats    ]  Contention: Mark SeqNum Reset Contention                      0 / 0                 0 / 2                 0 / 2                 0 / 2           ops/s
[970.167s][info][gc,stats    ]    Critical: Allocation Stall                                  0 / 0                 0 / 0                 0 / 0                 0 / 0           ops/s
[970.167s][info][gc,stats    ]    Critical: Allocation Stall                              0.000 / 0.000         0.000 / 0.000         0.000 / 0.000         0.000 / 0.000       ms
[970.167s][info][gc,stats    ]    Critical: GC Locker Stall                                   0 / 0                 0 / 0                 0 / 0                 0 / 0           ops/s
[970.167s][info][gc,stats    ]    Critical: GC Locker Stall                               0.000 / 0.000         0.000 / 0.000         0.000 / 0.000         0.000 / 0.000       ms
[970.167s][info][gc,stats    ]    Critical: Relocation Stall                                  0 / 0                 0 / 0                 0 / 0                 0 / 0           ops/s
[970.167s][info][gc,stats    ]    Critical: Relocation Stall                              0.000 / 0.000         0.000 / 0.000         0.000 / 0.000         0.000 / 0.000       ms
[970.167s][info][gc,stats    ]      Memory: Allocation Rate                                  25 / 28               24 / 128              25 / 148              25 / 148         MB/s
[970.167s][info][gc,stats    ]      Memory: Out Of Memory                                     0 / 0                 0 / 0                 0 / 0                 0 / 0           ops/s
[970.167s][info][gc,stats    ]      Memory: Page Cache Flush                                  0 / 0                 0 / 0                 0 / 0                 0 / 0           MB/s
[970.167s][info][gc,stats    ]      Memory: Page Cache Hit L1                                12 / 16               12 / 36               12 / 78               12 / 78          ops/s
[970.167s][info][gc,stats    ]      Memory: Page Cache Hit L2                                 0 / 0                 0 / 0                 0 / 0                 0 / 0           ops/s
[970.167s][info][gc,stats    ]      Memory: Page Cache Hit L3                                 0 / 0                 0 / 0                 0 / 48                0 / 48          ops/s
[970.167s][info][gc,stats    ]      Memory: Page Cache Miss                                   0 / 0                 0 / 0                 0 / 1                 0 / 1           ops/s
[970.167s][info][gc,stats    ]      Memory: Uncommit                                          0 / 0                 0 / 0                 0 / 0                 0 / 0           MB/s
[970.167s][info][gc,stats    ]      Memory: Undo Object Allocation Failed                     0 / 0                 0 / 0                 0 / 1                 0 / 1           ops/s
[970.167s][info][gc,stats    ]      Memory: Undo Object Allocation Succeeded                  0 / 0                 0 / 0                 0 / 22                0 / 22          ops/s
[970.167s][info][gc,stats    ]      Memory: Undo Page Allocation                              0 / 1                 0 / 2                 0 / 2                 0 / 2           ops/s
[970.168s][info][gc,stats    ]       Phase: Concurrent Mark                              17.167 / 17.167       16.901 / 26.064       17.834 / 38.897       17.834 / 38.897      ms
[970.168s][info][gc,stats    ]       Phase: Concurrent Mark Continue                      0.000 / 0.000         0.000 / 0.000         0.000 / 0.000         0.000 / 0.000       ms
[970.168s][info][gc,stats    ]       Phase: Concurrent Mark Free                          0.001 / 0.001         0.001 / 0.004         0.001 / 0.004         0.001 / 0.004       ms
[970.168s][info][gc,stats    ]       Phase: Concurrent Process Non-Strong References      8.705 / 8.705         9.092 / 17.607        9.021 / 17.607        9.021 / 17.607      ms
[970.168s][info][gc,stats    ]       Phase: Concurrent Relocate                           0.633 / 0.633         0.789 / 1.968         1.007 / 6.891         1.007 / 6.891       ms
[970.168s][info][gc,stats    ]       Phase: Concurrent Reset Relocation Set               0.003 / 0.003         0.004 / 0.008         0.004 / 0.011         0.004 / 0.011       ms
[970.168s][info][gc,stats    ]       Phase: Concurrent Select Relocation Set              1.177 / 1.177         1.499 / 3.260         1.576 / 3.477         1.576 / 3.477       ms
[970.168s][info][gc,stats    ]       Phase: Pause Mark End                                0.012 / 0.012         0.023 / 0.030         0.024 / 0.065         0.024 / 0.065       ms
[970.168s][info][gc,stats    ]       Phase: Pause Mark Start                              0.017 / 0.017         0.012 / 0.028         0.012 / 0.028         0.012 / 0.028       ms
[970.168s][info][gc,stats    ]       Phase: Pause Relocate Start                          0.009 / 0.009         0.009 / 0.012         0.009 / 0.019         0.009 / 0.019       ms
[970.168s][info][gc,stats    ]    Subphase: Concurrent Classes Purge                      0.244 / 0.244         0.382 / 2.002         0.370 / 2.002         0.370 / 2.002       ms
[970.168s][info][gc,stats    ]    Subphase: Concurrent Classes Unlink                     7.500 / 7.500         7.874 / 15.182        7.783 / 15.182        7.783 / 15.182      ms
[970.168s][info][gc,stats    ]    Subphase: Concurrent Mark                              13.775 / 16.316       13.851 / 25.274       14.562 / 33.017       14.562 / 33.017      ms
[970.168s][info][gc,stats    ]    Subphase: Concurrent Mark Try Flush                     0.134 / 0.222         0.131 / 0.301         0.126 / 0.301         0.126 / 0.301       ms
[970.168s][info][gc,stats    ]    Subphase: Concurrent Mark Try Terminate                 1.873 / 5.553         1.780 / 16.074        1.827 / 16.074        1.827 / 16.074      ms
[970.168s][info][gc,stats    ]    Subphase: Concurrent References Enqueue                 0.000 / 0.000         0.002 / 0.009         0.002 / 0.010         0.002 / 0.010       ms
[970.168s][info][gc,stats    ]    Subphase: Concurrent References Process                 0.077 / 0.077         0.149 / 0.212         0.157 / 0.513         0.157 / 0.513       ms
[970.168s][info][gc,stats    ]    Subphase: Concurrent Roots ClassLoaderDataGraph         0.157 / 0.263         0.133 / 0.358         0.150 / 0.547         0.150 / 0.547       ms
[970.168s][info][gc,stats    ]    Subphase: Concurrent Roots CodeCache                    0.000 / 0.000         0.000 / 0.000         0.000 / 0.000         0.000 / 0.000       ms
[970.168s][info][gc,stats    ]    Subphase: Concurrent Roots JavaThreads                  0.439 / 0.558         0.331 / 0.584         0.471 / 5.702         0.471 / 5.702       ms
[970.168s][info][gc,stats    ]    Subphase: Concurrent Roots OopStorageSet                0.029 / 0.038         0.026 / 0.059         0.028 / 0.085         0.028 / 0.085       ms
[970.168s][info][gc,stats    ]    Subphase: Concurrent Weak Roots OopStorageSet           0.634 / 0.639         0.463 / 0.672         0.495 / 0.939         0.495 / 0.939       ms
[970.168s][info][gc,stats    ]    Subphase: Pause Mark Try Complete                       0.000 / 0.000         0.000 / 0.000         0.000 / 0.000         0.000 / 0.000       ms
[970.168s][info][gc,stats    ]      System: Java Threads                                     33 / 33               32 / 33               32 / 34               32 / 34          threads
[970.168s][info][gc,stats    ] =========================================================================================================================================================
[980.154s][info][gc,stats    ] === Garbage Collection Statistics =======================================================================================================================
[980.154s][info][gc,stats    ]                                                              Last 10s              Last 10m              Last 10h                Total
[980.154s][info][gc,stats    ]                                                              Avg / Max             Avg / Max             Avg / Max             Avg / Max
[980.154s][info][gc,stats    ]   Collector: Garbage Collection Cycle                      0.000 / 0.000        29.812 / 46.419       30.926 / 54.411       30.926 / 54.411      ms
[980.154s][info][gc,stats    ]  Contention: Mark Segment Reset Contention                     0 / 0                 0 / 3                 0 / 3                 0 / 3           ops/s
[980.154s][info][gc,stats    ]  Contention: Mark SeqNum Reset Contention                      0 / 0                 0 / 2                 0 / 2                 0 / 2           ops/s
[980.154s][info][gc,stats    ]    Critical: Allocation Stall                                  0 / 0                 0 / 0                 0 / 0                 0 / 0           ops/s
[980.154s][info][gc,stats    ]    Critical: Allocation Stall                              0.000 / 0.000         0.000 / 0.000         0.000 / 0.000         0.000 / 0.000       ms
[980.154s][info][gc,stats    ]    Critical: GC Locker Stall                                   0 / 0                 0 / 0                 0 / 0                 0 / 0           ops/s
[980.154s][info][gc,stats    ]    Critical: GC Locker Stall                               0.000 / 0.000         0.000 / 0.000         0.000 / 0.000         0.000 / 0.000       ms
[980.154s][info][gc,stats    ]    Critical: Relocation Stall                                  0 / 0                 0 / 0                 0 / 0                 0 / 0           ops/s
[980.154s][info][gc,stats    ]    Critical: Relocation Stall                              0.000 / 0.000         0.000 / 0.000         0.000 / 0.000         0.000 / 0.000       ms
[980.154s][info][gc,stats    ]      Memory: Allocation Rate                                  24 / 30               24 / 128              25 / 148              25 / 148         MB/s
[980.154s][info][gc,stats    ]      Memory: Out Of Memory                                     0 / 0                 0 / 0                 0 / 0                 0 / 0           ops/s
[980.154s][info][gc,stats    ]      Memory: Page Cache Flush                                  0 / 0                 0 / 0                 0 / 0                 0 / 0           MB/s
[980.154s][info][gc,stats    ]      Memory: Page Cache Hit L1                                12 / 15               12 / 36               12 / 78               12 / 78          ops/s
[980.154s][info][gc,stats    ]      Memory: Page Cache Hit L2                                 0 / 0                 0 / 0                 0 / 0                 0 / 0           ops/s
[980.154s][info][gc,stats    ]      Memory: Page Cache Hit L3                                 0 / 0                 0 / 0                 0 / 48                0 / 48          ops/s
[980.154s][info][gc,stats    ]      Memory: Page Cache Miss                                   0 / 0                 0 / 0                 0 / 1                 0 / 1           ops/s
[980.154s][info][gc,stats    ]      Memory: Uncommit                                          0 / 0                 0 / 0                 0 / 0                 0 / 0           MB/s
[980.155s][info][gc,stats    ]      Memory: Undo Object Allocation Failed                     0 / 0                 0 / 0                 0 / 1                 0 / 1           ops/s
[980.155s][info][gc,stats    ]      Memory: Undo Object Allocation Succeeded                  0 / 0                 0 / 0                 0 / 22                0 / 22          ops/s
[980.155s][info][gc,stats    ]      Memory: Undo Page Allocation                              0 / 1                 0 / 2                 0 / 2                 0 / 2           ops/s
[980.155s][info][gc,stats    ]       Phase: Concurrent Mark                               0.000 / 0.000        16.907 / 26.064       17.834 / 38.897       17.834 / 38.897      ms
[980.155s][info][gc,stats    ]       Phase: Concurrent Mark Continue                      0.000 / 0.000         0.000 / 0.000         0.000 / 0.000         0.000 / 0.000       ms
[980.155s][info][gc,stats    ]       Phase: Concurrent Mark Free                          0.000 / 0.000         0.001 / 0.004         0.001 / 0.004         0.001 / 0.004       ms
[980.155s][info][gc,stats    ]       Phase: Concurrent Process Non-Strong References      0.000 / 0.000         9.108 / 17.607        9.021 / 17.607        9.021 / 17.607      ms
[980.155s][info][gc,stats    ]       Phase: Concurrent Relocate                           0.000 / 0.000         0.794 / 1.968         1.007 / 6.891         1.007 / 6.891       ms
[980.155s][info][gc,stats    ]       Phase: Concurrent Reset Relocation Set               0.000 / 0.000         0.004 / 0.008         0.004 / 0.011         0.004 / 0.011       ms
[980.155s][info][gc,stats    ]       Phase: Concurrent Select Relocation Set              0.000 / 0.000         1.505 / 3.260         1.576 / 3.477         1.576 / 3.477       ms
[980.155s][info][gc,stats    ]       Phase: Pause Mark End                                0.000 / 0.000         0.023 / 0.030         0.024 / 0.065         0.024 / 0.065       ms
[980.155s][info][gc,stats    ]       Phase: Pause Mark Start                              0.000 / 0.000         0.013 / 0.028         0.012 / 0.028         0.012 / 0.028       ms
[980.155s][info][gc,stats    ]       Phase: Pause Relocate Start                          0.000 / 0.000         0.009 / 0.012         0.009 / 0.019         0.009 / 0.019       ms
[980.155s][info][gc,stats    ]    Subphase: Concurrent Classes Purge                      0.000 / 0.000         0.385 / 2.002         0.370 / 2.002         0.370 / 2.002       ms
[980.155s][info][gc,stats    ]    Subphase: Concurrent Classes Unlink                     0.000 / 0.000         7.885 / 15.182        7.783 / 15.182        7.783 / 15.182      ms
[980.155s][info][gc,stats    ]    Subphase: Concurrent Mark                               0.000 / 0.000        13.855 / 25.274       14.562 / 33.017       14.562 / 33.017      ms
[980.155s][info][gc,stats    ]    Subphase: Concurrent Mark Try Flush                     0.000 / 0.000         0.132 / 0.301         0.126 / 0.301         0.126 / 0.301       ms
[980.155s][info][gc,stats    ]    Subphase: Concurrent Mark Try Terminate                 0.000 / 0.000         1.776 / 16.074        1.827 / 16.074        1.827 / 16.074      ms
[980.155s][info][gc,stats    ]    Subphase: Concurrent References Enqueue                 0.000 / 0.000         0.002 / 0.009         0.002 / 0.010         0.002 / 0.010       ms
[980.155s][info][gc,stats    ]    Subphase: Concurrent References Process                 0.000 / 0.000         0.147 / 0.212         0.157 / 0.513         0.157 / 0.513       ms
[980.155s][info][gc,stats    ]    Subphase: Concurrent Roots ClassLoaderDataGraph         0.000 / 0.000         0.134 / 0.358         0.150 / 0.547         0.150 / 0.547       ms
[980.155s][info][gc,stats    ]    Subphase: Concurrent Roots CodeCache                    0.000 / 0.000         0.000 / 0.000         0.000 / 0.000         0.000 / 0.000       ms
[980.155s][info][gc,stats    ]    Subphase: Concurrent Roots JavaThreads                  0.000 / 0.000         0.332 / 0.584         0.471 / 5.702         0.471 / 5.702       ms
[980.155s][info][gc,stats    ]    Subphase: Concurrent Roots OopStorageSet                0.000 / 0.000         0.026 / 0.059         0.028 / 0.085         0.028 / 0.085       ms
[980.155s][info][gc,stats    ]    Subphase: Concurrent Weak Roots OopStorageSet           0.000 / 0.000         0.466 / 0.672         0.495 / 0.939         0.495 / 0.939       ms
[980.155s][info][gc,stats    ]    Subphase: Pause Mark Try Complete                       0.000 / 0.000         0.000 / 0.000         0.000 / 0.000         0.000 / 0.000       ms
[980.155s][info][gc,stats    ]      System: Java Threads                                      0 / 0                32 / 33               32 / 34               32 / 34          threads
[980.155s][info][gc,stats    ] =========================================================================================================================================================
[984.254s][info][gc,start    ] GC(58) Garbage Collection (Proactive)
[984.254s][info][gc,task     ] GC(58) Using 2 workers
[984.254s][info][gc,phases   ] GC(58) Pause Mark Start 0.014ms
[984.271s][info][gc,phases   ] GC(58) Concurrent Mark 17.120ms
[984.272s][info][gc,phases   ] GC(58) Pause Mark End 0.027ms
[984.272s][info][gc,phases   ] GC(58) Concurrent Mark Free 0.001ms
[984.280s][info][gc,phases   ] GC(58) Concurrent Process Non-Strong References 8.596ms
[984.280s][info][gc,phases   ] GC(58) Concurrent Reset Relocation Set 0.002ms
[984.282s][info][gc,phases   ] GC(58) Concurrent Select Relocation Set 1.166ms
[984.282s][info][gc,phases   ] GC(58) Pause Relocate Start 0.008ms
[984.282s][info][gc,phases   ] GC(58) Concurrent Relocate 0.636ms
[984.282s][info][gc,load     ] GC(58) Load: 0.00/0.00/0.00
[984.282s][info][gc,mmu      ] GC(58) MMU: 2ms/96.8%, 5ms/98.7%, 10ms/99.2%, 20ms/99.6%, 50ms/99.8%, 100ms/99.9%
[984.282s][info][gc,marking  ] GC(58) Mark: 2 stripe(s), 2 proactive flush(es), 1 terminate flush(es), 0 completion(s), 0 continuation(s) 
[984.282s][info][gc,marking  ] GC(58) Mark Stack Usage: 32M
[984.282s][info][gc,nmethod  ] GC(58) NMethods: 8422 registered, 0 unregistered
[984.282s][info][gc,metaspace] GC(58) Metaspace: 32M used, 33M committed, 1088M reserved
[984.283s][info][gc,ref      ] GC(58) Soft: 4121 encountered, 0 discovered, 0 enqueued
[984.283s][info][gc,ref      ] GC(58) Weak: 2164 encountered, 743 discovered, 0 enqueued
[984.283s][info][gc,ref      ] GC(58) Final: 3 encountered, 0 discovered, 0 enqueued
[984.283s][info][gc,ref      ] GC(58) Phantom: 279 encountered, 218 discovered, 0 enqueued
[984.283s][info][gc,reloc    ] GC(58) Small Pages: 222 / 444M, Empty: 338M, Relocated: 1M, In-Place: 0
[984.283s][info][gc,reloc    ] GC(58) Medium Pages: 1 / 32M, Empty: 0M, Relocated: 0M, In-Place: 0
[984.283s][info][gc,reloc    ] GC(58) Large Pages: 0 / 0M, Empty: 0M, Relocated: 0M, In-Place: 0
[984.283s][info][gc,reloc    ] GC(58) Forwarding Usage: 0M
[984.283s][info][gc,heap     ] GC(58) Min Capacity: 4096M(100%)
[984.283s][info][gc,heap     ] GC(58) Max Capacity: 4096M(100%)
[984.283s][info][gc,heap     ] GC(58) Soft Max Capacity: 4096M(100%)
[984.283s][info][gc,heap     ] GC(58)                Mark Start          Mark End        Relocate Start      Relocate End           High               Low         
[984.283s][info][gc,heap     ] GC(58)  Capacity:     4096M (100%)       4096M (100%)       4096M (100%)       4096M (100%)       4096M (100%)       4096M (100%)   
[984.283s][info][gc,heap     ] GC(58)      Free:     3620M (88%)        3610M (88%)        3948M (96%)        4032M (98%)        4032M (98%)        3610M (88%)    
[984.283s][info][gc,heap     ] GC(58)      Used:      476M (12%)         486M (12%)         148M (4%)           64M (2%)          486M (12%)          64M (2%)     
[984.283s][info][gc,heap     ] GC(58)      Live:         -                17M (0%)           17M (0%)           17M (0%)             -                  -          
[984.283s][info][gc,heap     ] GC(58) Allocated:         -                10M (0%)           10M (0%)           10M (0%)             -                  -          
[984.283s][info][gc,heap     ] GC(58)   Garbage:         -               458M (11%)         120M (3%)           36M (1%)             -                  -          
[984.283s][info][gc,heap     ] GC(58) Reclaimed:         -                  -               338M (8%)          422M (10%)            -                  -          
[984.283s][info][gc          ] GC(58) Garbage Collection (Proactive) 476M(12%)->64M(2%)
[990.151s][info][gc,stats    ] === Garbage Collection Statistics =======================================================================================================================
[990.151s][info][gc,stats    ]                                                              Last 10s              Last 10m              Last 10h                Total
[990.151s][info][gc,stats    ]                                                              Avg / Max             Avg / Max             Avg / Max             Avg / Max
[990.151s][info][gc,stats    ]   Collector: Garbage Collection Cycle                     28.712 / 28.712       29.798 / 46.419       30.888 / 54.411       30.888 / 54.411      ms
[990.151s][info][gc,stats    ]  Contention: Mark Segment Reset Contention                     0 / 0                 0 / 3                 0 / 3                 0 / 3           ops/s
[990.151s][info][gc,stats    ]  Contention: Mark SeqNum Reset Contention                      0 / 0                 0 / 2                 0 / 2                 0 / 2           ops/s
[990.151s][info][gc,stats    ]    Critical: Allocation Stall                                  0 / 0                 0 / 0                 0 / 0                 0 / 0           ops/s
[990.151s][info][gc,stats    ]    Critical: Allocation Stall                              0.000 / 0.000         0.000 / 0.000         0.000 / 0.000         0.000 / 0.000       ms
[990.151s][info][gc,stats    ]    Critical: GC Locker Stall                                   0 / 0                 0 / 0                 0 / 0                 0 / 0           ops/s
[990.151s][info][gc,stats    ]    Critical: GC Locker Stall                               0.000 / 0.000         0.000 / 0.000         0.000 / 0.000         0.000 / 0.000       ms
[990.151s][info][gc,stats    ]    Critical: Relocation Stall                                  0 / 0                 0 / 0                 0 / 0                 0 / 0           ops/s
[990.151s][info][gc,stats    ]    Critical: Relocation Stall                              0.000 / 0.000         0.000 / 0.000         0.000 / 0.000         0.000 / 0.000       ms
[990.151s][info][gc,stats    ]      Memory: Allocation Rate                                  24 / 36               24 / 128              25 / 148              25 / 148         MB/s
[990.151s][info][gc,stats    ]      Memory: Out Of Memory                                     0 / 0                 0 / 0                 0 / 0                 0 / 0           ops/s
[990.151s][info][gc,stats    ]      Memory: Page Cache Flush                                  0 / 0                 0 / 0                 0 / 0                 0 / 0           MB/s
[990.152s][info][gc,stats    ]      Memory: Page Cache Hit L1                                12 / 20               12 / 36               12 / 78               12 / 78          ops/s
[990.152s][info][gc,stats    ]      Memory: Page Cache Hit L2                                 0 / 0                 0 / 0                 0 / 0                 0 / 0           ops/s
[990.152s][info][gc,stats    ]      Memory: Page Cache Hit L3                                 0 / 0                 0 / 0                 0 / 48                0 / 48          ops/s
[990.152s][info][gc,stats    ]      Memory: Page Cache Miss                                   0 / 0                 0 / 0                 0 / 1                 0 / 1           ops/s
[990.152s][info][gc,stats    ]      Memory: Uncommit                                          0 / 0                 0 / 0                 0 / 0                 0 / 0           MB/s
[990.152s][info][gc,stats    ]      Memory: Undo Object Allocation Failed                     0 / 0                 0 / 0                 0 / 1                 0 / 1           ops/s
[990.152s][info][gc,stats    ]      Memory: Undo Object Allocation Succeeded                  0 / 0                 0 / 0                 0 / 22                0 / 22          ops/s
[990.152s][info][gc,stats    ]      Memory: Undo Page Allocation                              0 / 1                 0 / 2                 0 / 2                 0 / 2           ops/s
[990.152s][info][gc,stats    ]       Phase: Concurrent Mark                              17.120 / 17.120       16.970 / 26.064       17.822 / 38.897       17.822 / 38.897      ms
[990.152s][info][gc,stats    ]       Phase: Concurrent Mark Continue                      0.000 / 0.000         0.000 / 0.000         0.000 / 0.000         0.000 / 0.000       ms
[990.152s][info][gc,stats    ]       Phase: Concurrent Mark Free                          0.001 / 0.001         0.001 / 0.004         0.001 / 0.004         0.001 / 0.004       ms
[990.152s][info][gc,stats    ]       Phase: Concurrent Process Non-Strong References      8.596 / 8.596         9.099 / 17.607        9.014 / 17.607        9.014 / 17.607      ms
[990.152s][info][gc,stats    ]       Phase: Concurrent Relocate                           0.636 / 0.636         0.774 / 1.968         1.001 / 6.891         1.001 / 6.891       ms
[990.152s][info][gc,stats    ]       Phase: Concurrent Reset Relocation Set               0.002 / 0.002         0.004 / 0.008         0.004 / 0.011         0.004 / 0.011       ms
[990.152s][info][gc,stats    ]       Phase: Concurrent Select Relocation Set              1.166 / 1.166         1.471 / 3.260         1.569 / 3.477         1.569 / 3.477       ms
[990.152s][info][gc,stats    ]       Phase: Pause Mark End                                0.027 / 0.027         0.023 / 0.030         0.024 / 0.065         0.024 / 0.065       ms
[990.152s][info][gc,stats    ]       Phase: Pause Mark Start                              0.014 / 0.014         0.013 / 0.028         0.012 / 0.028         0.012 / 0.028       ms
[990.152s][info][gc,stats    ]       Phase: Pause Relocate Start                          0.008 / 0.008         0.009 / 0.012         0.009 / 0.019         0.009 / 0.019       ms
[990.152s][info][gc,stats    ]    Subphase: Concurrent Classes Purge                      0.292 / 0.292         0.384 / 2.002         0.368 / 2.002         0.368 / 2.002       ms
[990.152s][info][gc,stats    ]    Subphase: Concurrent Classes Unlink                     7.302 / 7.302         7.873 / 15.182        7.775 / 15.182        7.775 / 15.182      ms
[990.152s][info][gc,stats    ]    Subphase: Concurrent Mark                              13.581 / 16.114       13.888 / 25.274       14.545 / 33.017       14.545 / 33.017      ms
[990.152s][info][gc,stats    ]    Subphase: Concurrent Mark Try Flush                     0.152 / 0.261         0.132 / 0.301         0.126 / 0.301         0.126 / 0.301       ms
[990.152s][info][gc,stats    ]    Subphase: Concurrent Mark Try Terminate                 1.896 / 5.624         1.791 / 16.074        1.829 / 16.074        1.829 / 16.074      ms
[990.152s][info][gc,stats    ]    Subphase: Concurrent References Enqueue                 0.001 / 0.001         0.002 / 0.009         0.002 / 0.010         0.002 / 0.010       ms
[990.152s][info][gc,stats    ]    Subphase: Concurrent References Process                 0.235 / 0.235         0.150 / 0.235         0.158 / 0.513         0.158 / 0.513       ms
[990.152s][info][gc,stats    ]    Subphase: Concurrent Roots ClassLoaderDataGraph         0.154 / 0.252         0.135 / 0.358         0.150 / 0.547         0.150 / 0.547       ms
[990.152s][info][gc,stats    ]    Subphase: Concurrent Roots CodeCache                    0.000 / 0.000         0.000 / 0.000         0.000 / 0.000         0.000 / 0.000       ms
[990.152s][info][gc,stats    ]    Subphase: Concurrent Roots JavaThreads                  0.545 / 0.613         0.339 / 0.613         0.472 / 5.702         0.472 / 5.702       ms
[990.152s][info][gc,stats    ]    Subphase: Concurrent Roots OopStorageSet                0.032 / 0.045         0.026 / 0.059         0.028 / 0.085         0.028 / 0.085       ms
[990.152s][info][gc,stats    ]    Subphase: Concurrent Weak Roots OopStorageSet           0.522 / 0.524         0.465 / 0.672         0.495 / 0.939         0.495 / 0.939       ms
[990.152s][info][gc,stats    ]    Subphase: Pause Mark Try Complete                       0.000 / 0.000         0.000 / 0.000         0.000 / 0.000         0.000 / 0.000       ms
[990.152s][info][gc,stats    ]      System: Java Threads                                     33 / 33               32 / 33               32 / 34               32 / 34          threads
[990.152s][info][gc,stats    ] =========================================================================================================================================================
[991.323s][info][gc,start    ] GC(59) Garbage Collection (System.gc())
[991.323s][info][gc,task     ] GC(59) Using 2 workers
[991.323s][info][gc,phases   ] GC(59) Pause Mark Start 0.008ms
[991.342s][info][gc,phases   ] GC(59) Concurrent Mark 19.014ms
[991.342s][info][gc,phases   ] GC(59) Pause Mark End 0.021ms
[991.342s][info][gc,phases   ] GC(59) Concurrent Mark Free 0.001ms
[991.361s][info][gc,phases   ] GC(59) Concurrent Process Non-Strong References 18.281ms
[991.361s][info][gc,phases   ] GC(59) Concurrent Reset Relocation Set 0.003ms
[991.362s][info][gc,phases   ] GC(59) Concurrent Select Relocation Set 1.428ms
[991.362s][info][gc,phases   ] GC(59) Pause Relocate Start 0.008ms
[991.363s][info][gc,phases   ] GC(59) Concurrent Relocate 0.635ms
[991.363s][info][gc,load     ] GC(59) Load: 0.00/0.00/0.00
[991.363s][info][gc,mmu      ] GC(59) MMU: 2ms/96.8%, 5ms/98.7%, 10ms/99.2%, 20ms/99.6%, 50ms/99.8%, 100ms/99.9%
[991.363s][info][gc,marking  ] GC(59) Mark: 2 stripe(s), 2 proactive flush(es), 1 terminate flush(es), 0 completion(s), 0 continuation(s) 
[991.363s][info][gc,marking  ] GC(59) Mark Stack Usage: 32M
[991.363s][info][gc,nmethod  ] GC(59) NMethods: 8040 registered, 395 unregistered
[991.363s][info][gc,metaspace] GC(59) Metaspace: 31M used, 33M committed, 1088M reserved
[991.363s][info][gc,ref      ] GC(59) Soft: 3990 encountered, 0 discovered, 0 enqueued
[991.363s][info][gc,ref      ] GC(59) Weak: 1913 encountered, 215 discovered, 77 enqueued
[991.363s][info][gc,ref      ] GC(59) Final: 3 encountered, 2 discovered, 0 enqueued
[991.363s][info][gc,ref      ] GC(59) Phantom: 265 encountered, 136 discovered, 3 enqueued
[991.363s][info][gc,reloc    ] GC(59) Small Pages: 96 / 192M, Empty: 114M, Relocated: 1M, In-Place: 0
[991.363s][info][gc,reloc    ] GC(59) Medium Pages: 2 / 64M, Empty: 32M, Relocated: 0M, In-Place: 0
[991.363s][info][gc,reloc    ] GC(59) Large Pages: 0 / 0M, Empty: 0M, Relocated: 0M, In-Place: 0
[991.363s][info][gc,reloc    ] GC(59) Forwarding Usage: 0M
[991.363s][info][gc,heap     ] GC(59) Min Capacity: 4096M(100%)
[991.363s][info][gc,heap     ] GC(59) Max Capacity: 4096M(100%)
[991.363s][info][gc,heap     ] GC(59) Soft Max Capacity: 4096M(100%)
[991.363s][info][gc,heap     ] GC(59)                Mark Start          Mark End        Relocate Start      Relocate End           High               Low         
[991.363s][info][gc,heap     ] GC(59)  Capacity:     4096M (100%)       4096M (100%)       4096M (100%)       4096M (100%)       4096M (100%)       4096M (100%)   
[991.363s][info][gc,heap     ] GC(59)      Free:     3840M (94%)        3840M (94%)        3982M (97%)        4038M (99%)        4038M (99%)        3836M (94%)    
[991.363s][info][gc,heap     ] GC(59)      Used:      256M (6%)          256M (6%)          114M (3%)           58M (1%)          260M (6%)           58M (1%)     
[991.363s][info][gc,heap     ] GC(59)      Live:         -                16M (0%)           16M (0%)           16M (0%)             -                  -          
[991.363s][info][gc,heap     ] GC(59) Allocated:         -                 0M (0%)            4M (0%)            5M (0%)             -                  -          
[991.363s][info][gc,heap     ] GC(59)   Garbage:         -               239M (6%)           93M (2%)           35M (1%)             -                  -          
[991.363s][info][gc,heap     ] GC(59) Reclaimed:         -                  -               146M (4%)          203M (5%)             -                  -          
[991.363s][info][gc          ] GC(59) Garbage Collection (System.gc()) 256M(6%)->58M(1%)
[1000.167s][info][gc,stats    ] === Garbage Collection Statistics =======================================================================================================================
[1000.167s][info][gc,stats    ]                                                              Last 10s              Last 10m              Last 10h                Total
[1000.167s][info][gc,stats    ]                                                              Avg / Max             Avg / Max             Avg / Max             Avg / Max
[1000.167s][info][gc,stats    ]   Collector: Garbage Collection Cycle                     40.202 / 40.202       30.079 / 46.419       31.043 / 54.411       31.043 / 54.411      ms
[1000.167s][info][gc,stats    ]  Contention: Mark Segment Reset Contention                     0 / 0                 0 / 3                 0 / 3                 0 / 3           ops/s
[1000.167s][info][gc,stats    ]  Contention: Mark SeqNum Reset Contention                      0 / 0                 0 / 2                 0 / 2                 0 / 2           ops/s
[1000.167s][info][gc,stats    ]    Critical: Allocation Stall                                  0 / 0                 0 / 0                 0 / 0                 0 / 0           ops/s
[1000.167s][info][gc,stats    ]    Critical: Allocation Stall                              0.000 / 0.000         0.000 / 0.000         0.000 / 0.000         0.000 / 0.000       ms
[1000.167s][info][gc,stats    ]    Critical: GC Locker Stall                                   0 / 0                 0 / 0                 0 / 0                 0 / 0           ops/s
[1000.167s][info][gc,stats    ]    Critical: GC Locker Stall                               0.000 / 0.000         0.000 / 0.000         0.000 / 0.000         0.000 / 0.000       ms
[1000.167s][info][gc,stats    ]    Critical: Relocation Stall                                  0 / 0                 0 / 0                 0 / 0                 0 / 0           ops/s
[1000.167s][info][gc,stats    ]    Critical: Relocation Stall                              0.000 / 0.000         0.000 / 0.000         0.000 / 0.000         0.000 / 0.000       ms
[1000.167s][info][gc,stats    ]      Memory: Allocation Rate                                  35 / 136              25 / 136              25 / 148              25 / 148         MB/s
[1000.167s][info][gc,stats    ]      Memory: Out Of Memory                                     0 / 0                 0 / 0                 0 / 0                 0 / 0           ops/s
[1000.167s][info][gc,stats    ]      Memory: Page Cache Flush                                  0 / 0                 0 / 0                 0 / 0                 0 / 0           MB/s
[1000.167s][info][gc,stats    ]      Memory: Page Cache Hit L1                                14 / 40               12 / 40               12 / 78               12 / 78          ops/s
[1000.167s][info][gc,stats    ]      Memory: Page Cache Hit L2                                 0 / 0                 0 / 0                 0 / 0                 0 / 0           ops/s
[1000.167s][info][gc,stats    ]      Memory: Page Cache Hit L3                                 0 / 0                 0 / 0                 0 / 48                0 / 48          ops/s
[1000.167s][info][gc,stats    ]      Memory: Page Cache Miss                                   0 / 0                 0 / 0                 0 / 1                 0 / 1           ops/s
[1000.167s][info][gc,stats    ]      Memory: Uncommit                                          0 / 0                 0 / 0                 0 / 0                 0 / 0           MB/s
[1000.167s][info][gc,stats    ]      Memory: Undo Object Allocation Failed                     0 / 0                 0 / 0                 0 / 1                 0 / 1           ops/s
[1000.167s][info][gc,stats    ]      Memory: Undo Object Allocation Succeeded                  0 / 0                 0 / 0                 0 / 22                0 / 22          ops/s
[1000.167s][info][gc,stats    ]      Memory: Undo Page Allocation                              0 / 0                 0 / 2                 0 / 2                 0 / 2           ops/s
[1000.167s][info][gc,stats    ]       Phase: Concurrent Mark                              19.014 / 19.014       17.025 / 26.064       17.842 / 38.897       17.842 / 38.897      ms
[1000.167s][info][gc,stats    ]       Phase: Concurrent Mark Continue                      0.000 / 0.000         0.000 / 0.000         0.000 / 0.000         0.000 / 0.000       ms
[1000.167s][info][gc,stats    ]       Phase: Concurrent Mark Free                          0.001 / 0.001         0.001 / 0.004         0.001 / 0.004         0.001 / 0.004       ms
[1000.167s][info][gc,stats    ]       Phase: Concurrent Process Non-Strong References     18.281 / 18.281        9.347 / 18.281        9.169 / 18.281        9.169 / 18.281      ms
[1000.167s][info][gc,stats    ]       Phase: Concurrent Relocate                           0.635 / 0.635         0.771 / 1.968         0.995 / 6.891         0.995 / 6.891       ms
[1000.167s][info][gc,stats    ]       Phase: Concurrent Reset Relocation Set               0.003 / 0.003         0.004 / 0.008         0.004 / 0.011         0.004 / 0.011       ms
[1000.167s][info][gc,stats    ]       Phase: Concurrent Select Relocation Set              1.428 / 1.428         1.470 / 3.260         1.567 / 3.477         1.567 / 3.477       ms
[1000.167s][info][gc,stats    ]       Phase: Pause Mark End                                0.021 / 0.021         0.023 / 0.030         0.024 / 0.065         0.024 / 0.065       ms
[1000.167s][info][gc,stats    ]       Phase: Pause Mark Start                              0.008 / 0.008         0.013 / 0.028         0.012 / 0.028         0.012 / 0.028       ms
[1000.167s][info][gc,stats    ]       Phase: Pause Relocate Start                          0.008 / 0.008         0.009 / 0.012         0.009 / 0.019         0.009 / 0.019       ms
[1000.167s][info][gc,stats    ]    Subphase: Concurrent Classes Purge                      1.942 / 1.942         0.426 / 2.002         0.395 / 2.002         0.395 / 2.002       ms
[1000.167s][info][gc,stats    ]    Subphase: Concurrent Classes Unlink                    15.288 / 15.288        8.073 / 15.288        7.901 / 15.288        7.901 / 15.288      ms
[1000.167s][info][gc,stats    ]    Subphase: Concurrent Mark                              13.896 / 18.452       13.888 / 25.274       14.535 / 33.017       14.535 / 33.017      ms
[1000.167s][info][gc,stats    ]    Subphase: Concurrent Mark Try Flush                     0.100 / 0.168         0.131 / 0.301         0.126 / 0.301         0.126 / 0.301       ms
[1000.167s][info][gc,stats    ]    Subphase: Concurrent Mark Try Terminate                 3.183 / 9.487         1.829 / 16.074        1.851 / 16.074        1.851 / 16.074      ms
[1000.167s][info][gc,stats    ]    Subphase: Concurrent References Enqueue                 0.006 / 0.006         0.002 / 0.009         0.002 / 0.010         0.002 / 0.010       ms
[1000.168s][info][gc,stats    ]    Subphase: Concurrent References Process                 0.150 / 0.150         0.150 / 0.235         0.158 / 0.513         0.158 / 0.513       ms
[1000.168s][info][gc,stats    ]    Subphase: Concurrent Roots ClassLoaderDataGraph         0.081 / 0.150         0.133 / 0.358         0.149 / 0.547         0.149 / 0.547       ms
[1000.168s][info][gc,stats    ]    Subphase: Concurrent Roots CodeCache                    0.000 / 0.000         0.000 / 0.000         0.000 / 0.000         0.000 / 0.000       ms
[1000.168s][info][gc,stats    ]    Subphase: Concurrent Roots JavaThreads                  0.236 / 0.303         0.336 / 0.613         0.468 / 5.702         0.468 / 5.702       ms
[1000.168s][info][gc,stats    ]    Subphase: Concurrent Roots OopStorageSet                0.013 / 0.018         0.026 / 0.059         0.028 / 0.085         0.028 / 0.085       ms
[1000.168s][info][gc,stats    ]    Subphase: Concurrent Weak Roots OopStorageSet           0.639 / 0.653         0.470 / 0.672         0.497 / 0.939         0.497 / 0.939       ms
[1000.168s][info][gc,stats    ]    Subphase: Pause Mark Try Complete                       0.000 / 0.000         0.000 / 0.000         0.000 / 0.000         0.000 / 0.000       ms
[1000.168s][info][gc,stats    ]      System: Java Threads                                     27 / 27               32 / 33               32 / 34               32 / 34          threads
[1000.168s][info][gc,stats    ] =========================================================================================================================================================
[1005.364s][info][gc,start    ] GC(60) Garbage Collection (Proactive)
[1005.364s][info][gc,task     ] GC(60) Using 2 workers
[1005.364s][info][gc,phases   ] GC(60) Pause Mark Start 0.007ms
[1005.380s][info][gc,phases   ] GC(60) Concurrent Mark 15.474ms
[1005.380s][info][gc,phases   ] GC(60) Pause Mark End 0.020ms
[1005.380s][info][gc,phases   ] GC(60) Concurrent Mark Free 0.002ms
[1005.388s][info][gc,phases   ] GC(60) Concurrent Process Non-Strong References 7.792ms
[1005.388s][info][gc,phases   ] GC(60) Concurrent Reset Relocation Set 0.002ms
[1005.390s][info][gc,phases   ] GC(60) Concurrent Select Relocation Set 1.508ms
[1005.390s][info][gc,phases   ] GC(60) Pause Relocate Start 0.008ms
[1005.391s][info][gc,phases   ] GC(60) Concurrent Relocate 1.503ms
[1005.391s][info][gc,load     ] GC(60) Load: 0.00/0.00/0.00
[1005.392s][info][gc,mmu      ] GC(60) MMU: 2ms/96.8%, 5ms/98.7%, 10ms/99.2%, 20ms/99.6%, 50ms/99.8%, 100ms/99.9%
[1005.392s][info][gc,marking  ] GC(60) Mark: 2 stripe(s), 2 proactive flush(es), 1 terminate flush(es), 0 completion(s), 0 continuation(s) 
[1005.392s][info][gc,marking  ] GC(60) Mark Stack Usage: 32M
[1005.392s][info][gc,nmethod  ] GC(60) NMethods: 8223 registered, 451 unregistered
[1005.392s][info][gc,metaspace] GC(60) Metaspace: 32M used, 33M committed, 1088M reserved
[1005.392s][info][gc,ref      ] GC(60) Soft: 4125 encountered, 0 discovered, 0 enqueued
[1005.392s][info][gc,ref      ] GC(60) Weak: 2383 encountered, 960 discovered, 213 enqueued
[1005.392s][info][gc,ref      ] GC(60) Final: 3 encountered, 0 discovered, 0 enqueued
[1005.392s][info][gc,ref      ] GC(60) Phantom: 300 encountered, 234 discovered, 25 enqueued
[1005.392s][info][gc,reloc    ] GC(60) Small Pages: 203 / 406M, Empty: 168M, Relocated: 2M, In-Place: 0
[1005.392s][info][gc,reloc    ] GC(60) Medium Pages: 2 / 64M, Empty: 32M, Relocated: 0M, In-Place: 0
[1005.392s][info][gc,reloc    ] GC(60) Large Pages: 0 / 0M, Empty: 0M, Relocated: 0M, In-Place: 0
[1005.392s][info][gc,reloc    ] GC(60) Forwarding Usage: 0M
[1005.392s][info][gc,heap     ] GC(60) Min Capacity: 4096M(100%)
[1005.392s][info][gc,heap     ] GC(60) Max Capacity: 4096M(100%)
[1005.392s][info][gc,heap     ] GC(60) Soft Max Capacity: 4096M(100%)
[1005.392s][info][gc,heap     ] GC(60)                Mark Start          Mark End        Relocate Start      Relocate End           High               Low         
[1005.392s][info][gc,heap     ] GC(60)  Capacity:     4096M (100%)       4096M (100%)       4096M (100%)       4096M (100%)       4096M (100%)       4096M (100%)   
[1005.392s][info][gc,heap     ] GC(60)      Free:     3626M (89%)        3616M (88%)        3814M (93%)        4032M (98%)        4032M (98%)        3614M (88%)    
[1005.392s][info][gc,heap     ] GC(60)      Used:      470M (11%)         480M (12%)         282M (7%)           64M (2%)          482M (12%)          64M (2%)     
[1005.392s][info][gc,heap     ] GC(60)      Live:         -                17M (0%)           17M (0%)           17M (0%)             -                  -          
[1005.392s][info][gc,heap     ] GC(60) Allocated:         -                10M (0%)           12M (0%)           12M (0%)             -                  -          
[1005.392s][info][gc,heap     ] GC(60)   Garbage:         -               452M (11%)         252M (6%)           34M (1%)             -                  -          
[1005.392s][info][gc,heap     ] GC(60) Reclaimed:         -                  -               200M (5%)          418M (10%)            -                  -          
[1005.392s][info][gc          ] GC(60) Garbage Collection (Proactive) 470M(11%)->64M(2%)
[1010.151s][info][gc,stats    ] === Garbage Collection Statistics =======================================================================================================================
[1010.151s][info][gc,stats    ]                                                              Last 10s              Last 10m              Last 10h                Total
[1010.151s][info][gc,stats    ]                                                              Avg / Max             Avg / Max             Avg / Max             Avg / Max
[1010.151s][info][gc,stats    ]   Collector: Garbage Collection Cycle                     27.456 / 27.456       30.052 / 46.419       30.984 / 54.411       30.984 / 54.411      ms
[1010.151s][info][gc,stats    ]  Contention: Mark Segment Reset Contention                     0 / 0                 0 / 3                 0 / 3                 0 / 3           ops/s
[1010.151s][info][gc,stats    ]  Contention: Mark SeqNum Reset Contention                      0 / 0                 0 / 2                 0 / 2                 0 / 2           ops/s
[1010.151s][info][gc,stats    ]    Critical: Allocation Stall                                  0 / 0                 0 / 0                 0 / 0                 0 / 0           ops/s
[1010.151s][info][gc,stats    ]    Critical: Allocation Stall                              0.000 / 0.000         0.000 / 0.000         0.000 / 0.000         0.000 / 0.000       ms
[1010.151s][info][gc,stats    ]    Critical: GC Locker Stall                                   0 / 0                 0 / 0                 0 / 0                 0 / 0           ops/s
[1010.151s][info][gc,stats    ]    Critical: GC Locker Stall                               0.000 / 0.000         0.000 / 0.000         0.000 / 0.000         0.000 / 0.000       ms
[1010.151s][info][gc,stats    ]    Critical: Relocation Stall                                  0 / 0                 0 / 0                 0 / 0                 0 / 0           ops/s
[1010.151s][info][gc,stats    ]    Critical: Relocation Stall                              0.000 / 0.000         0.000 / 0.000         0.000 / 0.000         0.000 / 0.000       ms
[1010.151s][info][gc,stats    ]      Memory: Allocation Rate                                  24 / 30               25 / 136              25 / 148              25 / 148         MB/s
[1010.151s][info][gc,stats    ]      Memory: Out Of Memory                                     0 / 0                 0 / 0                 0 / 0                 0 / 0           ops/s
[1010.151s][info][gc,stats    ]      Memory: Page Cache Flush                                  0 / 0                 0 / 0                 0 / 0                 0 / 0           MB/s
[1010.151s][info][gc,stats    ]      Memory: Page Cache Hit L1                                12 / 17               12 / 40               12 / 78               12 / 78          ops/s
[1010.151s][info][gc,stats    ]      Memory: Page Cache Hit L2                                 0 / 0                 0 / 0                 0 / 0                 0 / 0           ops/s
[1010.151s][info][gc,stats    ]      Memory: Page Cache Hit L3                                 0 / 0                 0 / 0                 0 / 48                0 / 48          ops/s
[1010.151s][info][gc,stats    ]      Memory: Page Cache Miss                                   0 / 0                 0 / 0                 0 / 1                 0 / 1           ops/s
[1010.151s][info][gc,stats    ]      Memory: Uncommit                                          0 / 0                 0 / 0                 0 / 0                 0 / 0           MB/s
[1010.151s][info][gc,stats    ]      Memory: Undo Object Allocation Failed                     0 / 0                 0 / 0                 0 / 1                 0 / 1           ops/s
[1010.151s][info][gc,stats    ]      Memory: Undo Object Allocation Succeeded                  0 / 0                 0 / 0                 0 / 22                0 / 22          ops/s
[1010.151s][info][gc,stats    ]      Memory: Undo Page Allocation                              0 / 0                 0 / 2                 0 / 2                 0 / 2           ops/s
[1010.151s][info][gc,stats    ]       Phase: Concurrent Mark                              15.474 / 15.474       17.052 / 26.064       17.803 / 38.897       17.803 / 38.897      ms
[1010.151s][info][gc,stats    ]       Phase: Concurrent Mark Continue                      0.000 / 0.000         0.000 / 0.000         0.000 / 0.000         0.000 / 0.000       ms
[1010.151s][info][gc,stats    ]       Phase: Concurrent Mark Free                          0.002 / 0.002         0.001 / 0.004         0.001 / 0.004         0.001 / 0.004       ms
[1010.151s][info][gc,stats    ]       Phase: Concurrent Process Non-Strong References      7.792 / 7.792         9.305 / 18.281        9.146 / 18.281        9.146 / 18.281      ms
[1010.151s][info][gc,stats    ]       Phase: Concurrent Relocate                           1.503 / 1.503         0.793 / 1.968         1.003 / 6.891         1.003 / 6.891       ms
[1010.151s][info][gc,stats    ]       Phase: Concurrent Reset Relocation Set               0.002 / 0.002         0.004 / 0.008         0.004 / 0.011         0.004 / 0.011       ms
[1010.151s][info][gc,stats    ]       Phase: Concurrent Select Relocation Set              1.508 / 1.508         1.450 / 3.260         1.566 / 3.477         1.566 / 3.477       ms
[1010.151s][info][gc,stats    ]       Phase: Pause Mark End                                0.020 / 0.020         0.023 / 0.030         0.024 / 0.065         0.024 / 0.065       ms
[1010.151s][info][gc,stats    ]       Phase: Pause Mark Start                              0.007 / 0.007         0.013 / 0.028         0.012 / 0.028         0.012 / 0.028       ms
[1010.151s][info][gc,stats    ]       Phase: Pause Relocate Start                          0.008 / 0.008         0.009 / 0.012         0.009 / 0.019         0.009 / 0.019       ms
[1010.151s][info][gc,stats    ]    Subphase: Concurrent Classes Purge                      0.396 / 0.396         0.431 / 2.002         0.395 / 2.002         0.395 / 2.002       ms
[1010.151s][info][gc,stats    ]    Subphase: Concurrent Classes Unlink                     6.623 / 6.623         8.025 / 15.288        7.880 / 15.288        7.880 / 15.288      ms
[1010.151s][info][gc,stats    ]    Subphase: Concurrent Mark                              14.104 / 14.757       13.926 / 25.274       14.527 / 33.017       14.527 / 33.017      ms
[1010.151s][info][gc,stats    ]    Subphase: Concurrent Mark Try Flush                     0.118 / 0.168         0.131 / 0.301         0.126 / 0.301         0.126 / 0.301       ms
[1010.151s][info][gc,stats    ]    Subphase: Concurrent Mark Try Terminate                 0.829 / 2.417         1.825 / 16.074        1.835 / 16.074        1.835 / 16.074      ms
[1010.151s][info][gc,stats    ]    Subphase: Concurrent References Enqueue                 0.004 / 0.004         0.002 / 0.009         0.002 / 0.010         0.002 / 0.010       ms
[1010.152s][info][gc,stats    ]    Subphase: Concurrent References Process                 0.162 / 0.162         0.151 / 0.235         0.158 / 0.513         0.158 / 0.513       ms
[1010.152s][info][gc,stats    ]    Subphase: Concurrent Roots ClassLoaderDataGraph         0.141 / 0.238         0.134 / 0.358         0.149 / 0.547         0.149 / 0.547       ms
[1010.152s][info][gc,stats    ]    Subphase: Concurrent Roots CodeCache                    0.000 / 0.000         0.000 / 0.000         0.000 / 0.000         0.000 / 0.000       ms
[1010.152s][info][gc,stats    ]    Subphase: Concurrent Roots JavaThreads                  0.351 / 0.444         0.338 / 0.613         0.466 / 5.702         0.466 / 5.702       ms
[1010.152s][info][gc,stats    ]    Subphase: Concurrent Roots OopStorageSet                0.033 / 0.036         0.026 / 0.059         0.028 / 0.085         0.028 / 0.085       ms
[1010.152s][info][gc,stats    ]    Subphase: Concurrent Weak Roots OopStorageSet           0.436 / 0.441         0.472 / 0.672         0.496 / 0.939         0.496 / 0.939       ms
[1010.152s][info][gc,stats    ]    Subphase: Pause Mark Try Complete                       0.000 / 0.000         0.000 / 0.000         0.000 / 0.000         0.000 / 0.000       ms
[1010.152s][info][gc,stats    ]      System: Java Threads                                     33 / 33               32 / 33               32 / 34               32 / 34          threads
[1010.152s][info][gc,stats    ] =========================================================================================================================================================
[1020.165s][info][gc,stats    ] === Garbage Collection Statistics =======================================================================================================================
[1020.165s][info][gc,stats    ]                                                              Last 10s              Last 10m              Last 10h                Total
[1020.165s][info][gc,stats    ]                                                              Avg / Max             Avg / Max             Avg / Max             Avg / Max
[1020.165s][info][gc,stats    ]   Collector: Garbage Collection Cycle                      0.000 / 0.000        30.052 / 46.419       30.984 / 54.411       30.984 / 54.411      ms
[1020.165s][info][gc,stats    ]  Contention: Mark Segment Reset Contention                     0 / 0                 0 / 3                 0 / 3                 0 / 3           ops/s
[1020.165s][info][gc,stats    ]  Contention: Mark SeqNum Reset Contention                      0 / 0                 0 / 2                 0 / 2                 0 / 2           ops/s
[1020.165s][info][gc,stats    ]    Critical: Allocation Stall                                  0 / 0                 0 / 0                 0 / 0                 0 / 0           ops/s
[1020.165s][info][gc,stats    ]    Critical: Allocation Stall                              0.000 / 0.000         0.000 / 0.000         0.000 / 0.000         0.000 / 0.000       ms
[1020.165s][info][gc,stats    ]    Critical: GC Locker Stall                                   0 / 0                 0 / 0                 0 / 0                 0 / 0           ops/s
[1020.165s][info][gc,stats    ]    Critical: GC Locker Stall                               0.000 / 0.000         0.000 / 0.000         0.000 / 0.000         0.000 / 0.000       ms
[1020.165s][info][gc,stats    ]    Critical: Relocation Stall                                  0 / 0                 0 / 0                 0 / 0                 0 / 0           ops/s
[1020.165s][info][gc,stats    ]    Critical: Relocation Stall                              0.000 / 0.000         0.000 / 0.000         0.000 / 0.000         0.000 / 0.000       ms
[1020.165s][info][gc,stats    ]      Memory: Allocation Rate                                  24 / 28               25 / 136              25 / 148              25 / 148         MB/s
[1020.165s][info][gc,stats    ]      Memory: Out Of Memory                                     0 / 0                 0 / 0                 0 / 0                 0 / 0           ops/s
[1020.165s][info][gc,stats    ]      Memory: Page Cache Flush                                  0 / 0                 0 / 0                 0 / 0                 0 / 0           MB/s
[1020.165s][info][gc,stats    ]      Memory: Page Cache Hit L1                                12 / 14               12 / 40               12 / 78               12 / 78          ops/s
[1020.165s][info][gc,stats    ]      Memory: Page Cache Hit L2                                 0 / 0                 0 / 0                 0 / 0                 0 / 0           ops/s
[1020.165s][info][gc,stats    ]      Memory: Page Cache Hit L3                                 0 / 0                 0 / 0                 0 / 48                0 / 48          ops/s
[1020.165s][info][gc,stats    ]      Memory: Page Cache Miss                                   0 / 0                 0 / 0                 0 / 1                 0 / 1           ops/s
[1020.165s][info][gc,stats    ]      Memory: Uncommit                                          0 / 0                 0 / 0                 0 / 0                 0 / 0           MB/s
[1020.165s][info][gc,stats    ]      Memory: Undo Object Allocation Failed                     0 / 0                 0 / 0                 0 / 1                 0 / 1           ops/s
[1020.165s][info][gc,stats    ]      Memory: Undo Object Allocation Succeeded                  0 / 0                 0 / 0                 0 / 22                0 / 22          ops/s
[1020.165s][info][gc,stats    ]      Memory: Undo Page Allocation                              0 / 1                 0 / 2                 0 / 2                 0 / 2           ops/s
[1020.165s][info][gc,stats    ]       Phase: Concurrent Mark                               0.000 / 0.000        17.052 / 26.064       17.803 / 38.897       17.803 / 38.897      ms
[1020.165s][info][gc,stats    ]       Phase: Concurrent Mark Continue                      0.000 / 0.000         0.000 / 0.000         0.000 / 0.000         0.000 / 0.000       ms
[1020.165s][info][gc,stats    ]       Phase: Concurrent Mark Free                          0.000 / 0.000         0.001 / 0.004         0.001 / 0.004         0.001 / 0.004       ms
[1020.165s][info][gc,stats    ]       Phase: Concurrent Process Non-Strong References      0.000 / 0.000         9.305 / 18.281        9.146 / 18.281        9.146 / 18.281      ms
[1020.165s][info][gc,stats    ]       Phase: Concurrent Relocate                           0.000 / 0.000         0.793 / 1.968         1.003 / 6.891         1.003 / 6.891       ms
[1020.166s][info][gc,stats    ]       Phase: Concurrent Reset Relocation Set               0.000 / 0.000         0.004 / 0.008         0.004 / 0.011         0.004 / 0.011       ms
[1020.166s][info][gc,stats    ]       Phase: Concurrent Select Relocation Set              0.000 / 0.000         1.450 / 3.260         1.566 / 3.477         1.566 / 3.477       ms
[1020.166s][info][gc,stats    ]       Phase: Pause Mark End                                0.000 / 0.000         0.023 / 0.030         0.024 / 0.065         0.024 / 0.065       ms
[1020.166s][info][gc,stats    ]       Phase: Pause Mark Start                              0.000 / 0.000         0.013 / 0.028         0.012 / 0.028         0.012 / 0.028       ms
[1020.166s][info][gc,stats    ]       Phase: Pause Relocate Start                          0.000 / 0.000         0.009 / 0.012         0.009 / 0.019         0.009 / 0.019       ms
[1020.166s][info][gc,stats    ]    Subphase: Concurrent Classes Purge                      0.000 / 0.000         0.431 / 2.002         0.395 / 2.002         0.395 / 2.002       ms
[1020.166s][info][gc,stats    ]    Subphase: Concurrent Classes Unlink                     0.000 / 0.000         8.025 / 15.288        7.880 / 15.288        7.880 / 15.288      ms
[1020.166s][info][gc,stats    ]    Subphase: Concurrent Mark                               0.000 / 0.000        13.926 / 25.274       14.527 / 33.017       14.527 / 33.017      ms
[1020.166s][info][gc,stats    ]    Subphase: Concurrent Mark Try Flush                     0.000 / 0.000         0.131 / 0.301         0.126 / 0.301         0.126 / 0.301       ms
[1020.166s][info][gc,stats    ]    Subphase: Concurrent Mark Try Terminate                 0.000 / 0.000         1.825 / 16.074        1.835 / 16.074        1.835 / 16.074      ms
[1020.166s][info][gc,stats    ]    Subphase: Concurrent References Enqueue                 0.000 / 0.000         0.002 / 0.009         0.002 / 0.010         0.002 / 0.010       ms
[1020.166s][info][gc,stats    ]    Subphase: Concurrent References Process                 0.000 / 0.000         0.151 / 0.235         0.158 / 0.513         0.158 / 0.513       ms
[1020.166s][info][gc,stats    ]    Subphase: Concurrent Roots ClassLoaderDataGraph         0.000 / 0.000         0.134 / 0.358         0.149 / 0.547         0.149 / 0.547       ms
[1020.166s][info][gc,stats    ]    Subphase: Concurrent Roots CodeCache                    0.000 / 0.000         0.000 / 0.000         0.000 / 0.000         0.000 / 0.000       ms
[1020.166s][info][gc,stats    ]    Subphase: Concurrent Roots JavaThreads                  0.000 / 0.000         0.338 / 0.613         0.466 / 5.702         0.466 / 5.702       ms
[1020.166s][info][gc,stats    ]    Subphase: Concurrent Roots OopStorageSet                0.000 / 0.000         0.026 / 0.059         0.028 / 0.085         0.028 / 0.085       ms
[1020.166s][info][gc,stats    ]    Subphase: Concurrent Weak Roots OopStorageSet           0.000 / 0.000         0.472 / 0.672         0.496 / 0.939         0.496 / 0.939       ms
[1020.166s][info][gc,stats    ]    Subphase: Pause Mark Try Complete                       0.000 / 0.000         0.000 / 0.000         0.000 / 0.000         0.000 / 0.000       ms
[1020.166s][info][gc,stats    ]      System: Java Threads                                      0 / 0                32 / 33               32 / 34               32 / 34          threads
[1020.166s][info][gc,stats    ] =========================================================================================================================================================
[1022.553s][info][gc,start    ] GC(61) Garbage Collection (Proactive)
[1022.553s][info][gc,task     ] GC(61) Using 2 workers
[1022.554s][info][gc,phases   ] GC(61) Pause Mark Start 0.023ms
[1022.571s][info][gc,phases   ] GC(61) Concurrent Mark 16.812ms
[1022.572s][info][gc,phases   ] GC(61) Pause Mark End 0.029ms
[1022.572s][info][gc,phases   ] GC(61) Concurrent Mark Free 0.001ms
[1022.580s][info][gc,phases   ] GC(61) Concurrent Process Non-Strong References 7.808ms
[1022.580s][info][gc,phases   ] GC(61) Concurrent Reset Relocation Set 0.008ms
[1022.581s][info][gc,phases   ] GC(61) Concurrent Select Relocation Set 1.142ms
[1022.581s][info][gc,phases   ] GC(61) Pause Relocate Start 0.010ms
[1022.582s][info][gc,phases   ] GC(61) Concurrent Relocate 0.602ms
[1022.582s][info][gc,load     ] GC(61) Load: 0.00/0.00/0.00
[1022.582s][info][gc,mmu      ] GC(61) MMU: 2ms/96.8%, 5ms/98.7%, 10ms/99.2%, 20ms/99.6%, 50ms/99.8%, 100ms/99.9%
[1022.582s][info][gc,marking  ] GC(61) Mark: 2 stripe(s), 2 proactive flush(es), 1 terminate flush(es), 0 completion(s), 0 continuation(s) 
[1022.582s][info][gc,marking  ] GC(61) Mark Stack Usage: 32M
[1022.582s][info][gc,nmethod  ] GC(61) NMethods: 8301 registered, 451 unregistered
[1022.582s][info][gc,metaspace] GC(61) Metaspace: 32M used, 33M committed, 1088M reserved
[1022.582s][info][gc,ref      ] GC(61) Soft: 4125 encountered, 0 discovered, 0 enqueued
[1022.582s][info][gc,ref      ] GC(61) Weak: 2172 encountered, 498 discovered, 0 enqueued
[1022.582s][info][gc,ref      ] GC(61) Final: 3 encountered, 2 discovered, 0 enqueued
[1022.582s][info][gc,ref      ] GC(61) Phantom: 277 encountered, 145 discovered, 0 enqueued
[1022.582s][info][gc,reloc    ] GC(61) Small Pages: 222 / 444M, Empty: 328M, Relocated: 1M, In-Place: 0
[1022.582s][info][gc,reloc    ] GC(61) Medium Pages: 1 / 32M, Empty: 0M, Relocated: 0M, In-Place: 0
[1022.582s][info][gc,reloc    ] GC(61) Large Pages: 0 / 0M, Empty: 0M, Relocated: 0M, In-Place: 0
[1022.582s][info][gc,reloc    ] GC(61) Forwarding Usage: 0M
[1022.582s][info][gc,heap     ] GC(61) Min Capacity: 4096M(100%)
[1022.582s][info][gc,heap     ] GC(61) Max Capacity: 4096M(100%)
[1022.582s][info][gc,heap     ] GC(61) Soft Max Capacity: 4096M(100%)
[1022.582s][info][gc,heap     ] GC(61)                Mark Start          Mark End        Relocate Start      Relocate End           High               Low         
[1022.582s][info][gc,heap     ] GC(61)  Capacity:     4096M (100%)       4096M (100%)       4096M (100%)       4096M (100%)       4096M (100%)       4096M (100%)   
[1022.582s][info][gc,heap     ] GC(61)      Free:     3620M (88%)        3610M (88%)        3936M (96%)        4030M (98%)        4030M (98%)        3608M (88%)    
[1022.582s][info][gc,heap     ] GC(61)      Used:      476M (12%)         486M (12%)         160M (4%)           66M (2%)          488M (12%)          66M (2%)     
[1022.582s][info][gc,heap     ] GC(61)      Live:         -                17M (0%)           17M (0%)           17M (0%)             -                  -          
[1022.582s][info][gc,heap     ] GC(61) Allocated:         -                10M (0%)           12M (0%)           12M (0%)             -                  -          
[1022.582s][info][gc,heap     ] GC(61)   Garbage:         -               458M (11%)         130M (3%)           36M (1%)             -                  -          
[1022.582s][info][gc,heap     ] GC(61) Reclaimed:         -                  -               328M (8%)          422M (10%)            -                  -          
[1022.582s][info][gc          ] GC(61) Garbage Collection (Proactive) 476M(12%)->66M(2%)
[1030.156s][info][gc,stats    ] === Garbage Collection Statistics =======================================================================================================================
[1030.157s][info][gc,stats    ]                                                              Last 10s              Last 10m              Last 10h                Total
[1030.157s][info][gc,stats    ]                                                              Avg / Max             Avg / Max             Avg / Max             Avg / Max
[1030.157s][info][gc,stats    ]   Collector: Garbage Collection Cycle                     28.488 / 28.488       30.032 / 46.419       30.944 / 54.411       30.944 / 54.411      ms
[1030.157s][info][gc,stats    ]  Contention: Mark Segment Reset Contention                     0 / 0                 0 / 3                 0 / 3                 0 / 3           ops/s
[1030.157s][info][gc,stats    ]  Contention: Mark SeqNum Reset Contention                      0 / 0                 0 / 2                 0 / 2                 0 / 2           ops/s
[1030.157s][info][gc,stats    ]    Critical: Allocation Stall                                  0 / 0                 0 / 0                 0 / 0                 0 / 0           ops/s
[1030.157s][info][gc,stats    ]    Critical: Allocation Stall                              0.000 / 0.000         0.000 / 0.000         0.000 / 0.000         0.000 / 0.000       ms
[1030.157s][info][gc,stats    ]    Critical: GC Locker Stall                                   0 / 0                 0 / 0                 0 / 0                 0 / 0           ops/s
[1030.157s][info][gc,stats    ]    Critical: GC Locker Stall                               0.000 / 0.000         0.000 / 0.000         0.000 / 0.000         0.000 / 0.000       ms
[1030.157s][info][gc,stats    ]    Critical: Relocation Stall                                  0 / 0                 0 / 0                 0 / 0                 0 / 0           ops/s
[1030.157s][info][gc,stats    ]    Critical: Relocation Stall                              0.000 / 0.000         0.000 / 0.000         0.000 / 0.000         0.000 / 0.000       ms
[1030.157s][info][gc,stats    ]      Memory: Allocation Rate                                  25 / 32               25 / 136              25 / 148              25 / 148         MB/s
[1030.157s][info][gc,stats    ]      Memory: Out Of Memory                                     0 / 0                 0 / 0                 0 / 0                 0 / 0           ops/s
[1030.157s][info][gc,stats    ]      Memory: Page Cache Flush                                  0 / 0                 0 / 0                 0 / 0                 0 / 0           MB/s
[1030.157s][info][gc,stats    ]      Memory: Page Cache Hit L1                                12 / 18               12 / 40               12 / 78               12 / 78          ops/s
[1030.157s][info][gc,stats    ]      Memory: Page Cache Hit L2                                 0 / 0                 0 / 0                 0 / 0                 0 / 0           ops/s
[1030.157s][info][gc,stats    ]      Memory: Page Cache Hit L3                                 0 / 0                 0 / 0                 0 / 48                0 / 48          ops/s
[1030.157s][info][gc,stats    ]      Memory: Page Cache Miss                                   0 / 0                 0 / 0                 0 / 1                 0 / 1           ops/s
[1030.157s][info][gc,stats    ]      Memory: Uncommit                                          0 / 0                 0 / 0                 0 / 0                 0 / 0           MB/s
[1030.157s][info][gc,stats    ]      Memory: Undo Object Allocation Failed                     0 / 0                 0 / 0                 0 / 1                 0 / 1           ops/s
[1030.157s][info][gc,stats    ]      Memory: Undo Object Allocation Succeeded                  0 / 0                 0 / 0                 0 / 22                0 / 22          ops/s
[1030.157s][info][gc,stats    ]      Memory: Undo Page Allocation                              0 / 2                 0 / 2                 0 / 2                 0 / 2           ops/s
[1030.157s][info][gc,stats    ]       Phase: Concurrent Mark                              16.812 / 16.812       17.067 / 26.064       17.787 / 38.897       17.787 / 38.897      ms
[1030.157s][info][gc,stats    ]       Phase: Concurrent Mark Continue                      0.000 / 0.000         0.000 / 0.000         0.000 / 0.000         0.000 / 0.000       ms
[1030.157s][info][gc,stats    ]       Phase: Concurrent Mark Free                          0.001 / 0.001         0.001 / 0.004         0.001 / 0.004         0.001 / 0.004       ms
[1030.157s][info][gc,stats    ]       Phase: Concurrent Process Non-Strong References      7.808 / 7.808         9.268 / 18.281        9.125 / 18.281        9.125 / 18.281      ms
[1030.157s][info][gc,stats    ]       Phase: Concurrent Relocate                           0.602 / 0.602         0.793 / 1.968         0.997 / 6.891         0.997 / 6.891       ms
[1030.157s][info][gc,stats    ]       Phase: Concurrent Reset Relocation Set               0.008 / 0.008         0.004 / 0.008         0.004 / 0.011         0.004 / 0.011       ms
[1030.157s][info][gc,stats    ]       Phase: Concurrent Select Relocation Set              1.142 / 1.142         1.450 / 3.260         1.559 / 3.477         1.559 / 3.477       ms
[1030.157s][info][gc,stats    ]       Phase: Pause Mark End                                0.029 / 0.029         0.023 / 0.030         0.024 / 0.065         0.024 / 0.065       ms
[1030.157s][info][gc,stats    ]       Phase: Pause Mark Start                              0.023 / 0.023         0.013 / 0.028         0.012 / 0.028         0.012 / 0.028       ms
[1030.157s][info][gc,stats    ]       Phase: Pause Relocate Start                          0.010 / 0.010         0.009 / 0.012         0.009 / 0.019         0.009 / 0.019       ms
[1030.157s][info][gc,stats    ]    Subphase: Concurrent Classes Purge                      0.306 / 0.306         0.431 / 2.002         0.393 / 2.002         0.393 / 2.002       ms
[1030.157s][info][gc,stats    ]    Subphase: Concurrent Classes Unlink                     6.716 / 6.716         7.987 / 15.288        7.861 / 15.288        7.861 / 15.288      ms
[1030.157s][info][gc,stats    ]    Subphase: Concurrent Mark                              13.929 / 16.186       13.936 / 25.274       14.518 / 33.017       14.518 / 33.017      ms
[1030.157s][info][gc,stats    ]    Subphase: Concurrent Mark Try Flush                     0.140 / 0.234         0.131 / 0.301         0.126 / 0.301         0.126 / 0.301       ms
[1030.157s][info][gc,stats    ]    Subphase: Concurrent Mark Try Terminate                 1.596 / 4.717         1.829 / 16.074        1.831 / 16.074        1.831 / 16.074      ms
[1030.157s][info][gc,stats    ]    Subphase: Concurrent References Enqueue                 0.001 / 0.001         0.002 / 0.009         0.002 / 0.010         0.002 / 0.010       ms
[1030.157s][info][gc,stats    ]    Subphase: Concurrent References Process                 0.103 / 0.103         0.148 / 0.235         0.157 / 0.513         0.157 / 0.513       ms
[1030.157s][info][gc,stats    ]    Subphase: Concurrent Roots ClassLoaderDataGraph         0.109 / 0.216         0.134 / 0.358         0.148 / 0.547         0.148 / 0.547       ms
[1030.157s][info][gc,stats    ]    Subphase: Concurrent Roots CodeCache                    0.000 / 0.000         0.000 / 0.000         0.000 / 0.000         0.000 / 0.000       ms
[1030.157s][info][gc,stats    ]    Subphase: Concurrent Roots JavaThreads                  0.271 / 0.373         0.337 / 0.613         0.463 / 5.702         0.463 / 5.702       ms
[1030.157s][info][gc,stats    ]    Subphase: Concurrent Roots OopStorageSet                0.022 / 0.033         0.026 / 0.059         0.028 / 0.085         0.028 / 0.085       ms
[1030.157s][info][gc,stats    ]    Subphase: Concurrent Weak Roots OopStorageSet           0.436 / 0.438         0.473 / 0.672         0.495 / 0.939         0.495 / 0.939       ms
[1030.157s][info][gc,stats    ]    Subphase: Pause Mark Try Complete                       0.000 / 0.000         0.000 / 0.000         0.000 / 0.000         0.000 / 0.000       ms
[1030.157s][info][gc,stats    ]      System: Java Threads                                     33 / 33               32 / 33               32 / 34               32 / 34          threads
[1030.157s][info][gc,stats    ] =========================================================================================================================================================
[1039.763s][info][gc,start    ] GC(62) Garbage Collection (Proactive)
[1039.763s][info][gc,task     ] GC(62) Using 2 workers
[1039.763s][info][gc,phases   ] GC(62) Pause Mark Start 0.009ms
[1039.780s][info][gc,phases   ] GC(62) Concurrent Mark 16.965ms
[1039.781s][info][gc,phases   ] GC(62) Pause Mark End 0.018ms
[1039.781s][info][gc,phases   ] GC(62) Concurrent Mark Free 0.002ms
[1039.789s][info][gc,phases   ] GC(62) Concurrent Process Non-Strong References 8.203ms
[1039.789s][info][gc,phases   ] GC(62) Concurrent Reset Relocation Set 0.004ms
[1039.790s][info][gc,phases   ] GC(62) Concurrent Select Relocation Set 1.254ms
[1039.790s][info][gc,phases   ] GC(62) Pause Relocate Start 0.010ms
[1039.791s][info][gc,phases   ] GC(62) Concurrent Relocate 0.923ms
[1039.791s][info][gc,load     ] GC(62) Load: 0.00/0.00/0.00
[1039.791s][info][gc,mmu      ] GC(62) MMU: 2ms/96.8%, 5ms/98.7%, 10ms/99.2%, 20ms/99.6%, 50ms/99.8%, 100ms/99.9%
[1039.791s][info][gc,marking  ] GC(62) Mark: 2 stripe(s), 2 proactive flush(es), 1 terminate flush(es), 0 completion(s), 0 continuation(s) 
[1039.791s][info][gc,marking  ] GC(62) Mark Stack Usage: 32M
[1039.791s][info][gc,nmethod  ] GC(62) NMethods: 8406 registered, 451 unregistered
[1039.791s][info][gc,metaspace] GC(62) Metaspace: 32M used, 33M committed, 1088M reserved
[1039.792s][info][gc,ref      ] GC(62) Soft: 4125 encountered, 0 discovered, 0 enqueued
[1039.792s][info][gc,ref      ] GC(62) Weak: 2173 encountered, 317 discovered, 1 enqueued
[1039.792s][info][gc,ref      ] GC(62) Final: 3 encountered, 0 discovered, 0 enqueued
[1039.792s][info][gc,ref      ] GC(62) Phantom: 278 encountered, 215 discovered, 0 enqueued
[1039.792s][info][gc,reloc    ] GC(62) Small Pages: 223 / 446M, Empty: 328M, Relocated: 1M, In-Place: 0
[1039.792s][info][gc,reloc    ] GC(62) Medium Pages: 1 / 32M, Empty: 0M, Relocated: 0M, In-Place: 0
[1039.792s][info][gc,reloc    ] GC(62) Large Pages: 0 / 0M, Empty: 0M, Relocated: 0M, In-Place: 0
[1039.792s][info][gc,reloc    ] GC(62) Forwarding Usage: 0M
[1039.792s][info][gc,heap     ] GC(62) Min Capacity: 4096M(100%)
[1039.792s][info][gc,heap     ] GC(62) Max Capacity: 4096M(100%)
[1039.792s][info][gc,heap     ] GC(62) Soft Max Capacity: 4096M(100%)
[1039.792s][info][gc,heap     ] GC(62)                Mark Start          Mark End        Relocate Start      Relocate End           High               Low         
[1039.792s][info][gc,heap     ] GC(62)  Capacity:     4096M (100%)       4096M (100%)       4096M (100%)       4096M (100%)       4096M (100%)       4096M (100%)   
[1039.792s][info][gc,heap     ] GC(62)      Free:     3618M (88%)        3606M (88%)        3934M (96%)        4030M (98%)        4030M (98%)        3606M (88%)    
[1039.792s][info][gc,heap     ] GC(62)      Used:      478M (12%)         490M (12%)         162M (4%)           66M (2%)          490M (12%)          66M (2%)     
[1039.792s][info][gc,heap     ] GC(62)      Live:         -                17M (0%)           17M (0%)           17M (0%)             -                  -          
[1039.792s][info][gc,heap     ] GC(62) Allocated:         -                12M (0%)           12M (0%)           12M (0%)             -                  -          
[1039.792s][info][gc,heap     ] GC(62)   Garbage:         -               460M (11%)         132M (3%)           36M (1%)             -                  -          
[1039.792s][info][gc,heap     ] GC(62) Reclaimed:         -                  -               328M (8%)          424M (10%)            -                  -          
[1039.792s][info][gc          ] GC(62) Garbage Collection (Proactive) 478M(12%)->66M(2%)
[1040.164s][info][gc,stats    ] === Garbage Collection Statistics =======================================================================================================================
[1040.164s][info][gc,stats    ]                                                              Last 10s              Last 10m              Last 10h                Total
[1040.164s][info][gc,stats    ]                                                              Avg / Max             Avg / Max             Avg / Max             Avg / Max
[1040.164s][info][gc,stats    ]   Collector: Garbage Collection Cycle                     28.538 / 28.538       30.027 / 46.419       30.906 / 54.411       30.906 / 54.411      ms
[1040.164s][info][gc,stats    ]  Contention: Mark Segment Reset Contention                     0 / 0                 0 / 3                 0 / 3                 0 / 3           ops/s
[1040.164s][info][gc,stats    ]  Contention: Mark SeqNum Reset Contention                      0 / 1                 0 / 2                 0 / 2                 0 / 2           ops/s
[1040.164s][info][gc,stats    ]    Critical: Allocation Stall                                  0 / 0                 0 / 0                 0 / 0                 0 / 0           ops/s
[1040.164s][info][gc,stats    ]    Critical: Allocation Stall                              0.000 / 0.000         0.000 / 0.000         0.000 / 0.000         0.000 / 0.000       ms
[1040.164s][info][gc,stats    ]    Critical: GC Locker Stall                                   0 / 0                 0 / 0                 0 / 0                 0 / 0           ops/s
[1040.164s][info][gc,stats    ]    Critical: GC Locker Stall                               0.000 / 0.000         0.000 / 0.000         0.000 / 0.000         0.000 / 0.000       ms
[1040.164s][info][gc,stats    ]    Critical: Relocation Stall                                  0 / 0                 0 / 0                 0 / 0                 0 / 0           ops/s
[1040.164s][info][gc,stats    ]    Critical: Relocation Stall                              0.000 / 0.000         0.000 / 0.000         0.000 / 0.000         0.000 / 0.000       ms
[1040.164s][info][gc,stats    ]      Memory: Allocation Rate                                  25 / 38               25 / 136              25 / 148              25 / 148         MB/s
[1040.164s][info][gc,stats    ]      Memory: Out Of Memory                                     0 / 0                 0 / 0                 0 / 0                 0 / 0           ops/s
[1040.164s][info][gc,stats    ]      Memory: Page Cache Flush                                  0 / 0                 0 / 0                 0 / 0                 0 / 0           MB/s
[1040.164s][info][gc,stats    ]      Memory: Page Cache Hit L1                                13 / 21               12 / 40               12 / 78               12 / 78          ops/s
[1040.164s][info][gc,stats    ]      Memory: Page Cache Hit L2                                 0 / 0                 0 / 0                 0 / 0                 0 / 0           ops/s
[1040.164s][info][gc,stats    ]      Memory: Page Cache Hit L3                                 0 / 0                 0 / 0                 0 / 48                0 / 48          ops/s
[1040.164s][info][gc,stats    ]      Memory: Page Cache Miss                                   0 / 0                 0 / 0                 0 / 1                 0 / 1           ops/s
[1040.164s][info][gc,stats    ]      Memory: Uncommit                                          0 / 0                 0 / 0                 0 / 0                 0 / 0           MB/s
[1040.164s][info][gc,stats    ]      Memory: Undo Object Allocation Failed                     0 / 0                 0 / 0                 0 / 1                 0 / 1           ops/s
[1040.164s][info][gc,stats    ]      Memory: Undo Object Allocation Succeeded                  0 / 0                 0 / 0                 0 / 22                0 / 22          ops/s
[1040.164s][info][gc,stats    ]      Memory: Undo Page Allocation                              0 / 1                 0 / 2                 0 / 2                 0 / 2           ops/s
[1040.164s][info][gc,stats    ]       Phase: Concurrent Mark                              16.965 / 16.965       17.064 / 26.064       17.774 / 38.897       17.774 / 38.897      ms
[1040.164s][info][gc,stats    ]       Phase: Concurrent Mark Continue                      0.000 / 0.000         0.000 / 0.000         0.000 / 0.000         0.000 / 0.000       ms
[1040.164s][info][gc,stats    ]       Phase: Concurrent Mark Free                          0.002 / 0.002         0.001 / 0.004         0.001 / 0.004         0.001 / 0.004       ms
[1040.164s][info][gc,stats    ]       Phase: Concurrent Process Non-Strong References      8.203 / 8.203         9.258 / 18.281        9.110 / 18.281        9.110 / 18.281      ms
[1040.164s][info][gc,stats    ]       Phase: Concurrent Relocate                           0.923 / 0.923         0.801 / 1.968         0.996 / 6.891         0.996 / 6.891       ms
[1040.164s][info][gc,stats    ]       Phase: Concurrent Reset Relocation Set               0.004 / 0.004         0.004 / 0.008         0.004 / 0.011         0.004 / 0.011       ms
[1040.164s][info][gc,stats    ]       Phase: Concurrent Select Relocation Set              1.254 / 1.254         1.448 / 3.260         1.554 / 3.477         1.554 / 3.477       ms
[1040.164s][info][gc,stats    ]       Phase: Pause Mark End                                0.018 / 0.018         0.023 / 0.030         0.024 / 0.065         0.024 / 0.065       ms
[1040.164s][info][gc,stats    ]       Phase: Pause Mark Start                              0.009 / 0.009         0.013 / 0.028         0.012 / 0.028         0.012 / 0.028       ms
[1040.164s][info][gc,stats    ]       Phase: Pause Relocate Start                          0.010 / 0.010         0.009 / 0.012         0.009 / 0.019         0.009 / 0.019       ms
[1040.164s][info][gc,stats    ]    Subphase: Concurrent Classes Purge                      0.295 / 0.295         0.431 / 2.002         0.391 / 2.002         0.391 / 2.002       ms
[1040.164s][info][gc,stats    ]    Subphase: Concurrent Classes Unlink                     7.163 / 7.163         7.982 / 15.288        7.850 / 15.288        7.850 / 15.288      ms
[1040.164s][info][gc,stats    ]    Subphase: Concurrent Mark                              13.968 / 16.259       13.951 / 25.274       14.509 / 33.017       14.509 / 33.017      ms
[1040.164s][info][gc,stats    ]    Subphase: Concurrent Mark Try Flush                     0.123 / 0.156         0.131 / 0.301         0.126 / 0.301         0.126 / 0.301       ms
[1040.164s][info][gc,stats    ]    Subphase: Concurrent Mark Try Terminate                 1.894 / 5.614         1.826 / 16.074        1.832 / 16.074        1.832 / 16.074      ms
[1040.164s][info][gc,stats    ]    Subphase: Concurrent References Enqueue                 0.008 / 0.008         0.002 / 0.009         0.002 / 0.010         0.002 / 0.010       ms
[1040.164s][info][gc,stats    ]    Subphase: Concurrent References Process                 0.111 / 0.111         0.146 / 0.235         0.156 / 0.513         0.156 / 0.513       ms
[1040.164s][info][gc,stats    ]    Subphase: Concurrent Roots ClassLoaderDataGraph         0.123 / 0.205         0.133 / 0.358         0.148 / 0.547         0.148 / 0.547       ms
[1040.164s][info][gc,stats    ]    Subphase: Concurrent Roots CodeCache                    0.000 / 0.000         0.000 / 0.000         0.000 / 0.000         0.000 / 0.000       ms
[1040.164s][info][gc,stats    ]    Subphase: Concurrent Roots JavaThreads                  0.363 / 0.452         0.334 / 0.613         0.462 / 5.702         0.462 / 5.702       ms
[1040.164s][info][gc,stats    ]    Subphase: Concurrent Roots OopStorageSet                0.022 / 0.028         0.026 / 0.059         0.028 / 0.085         0.028 / 0.085       ms
[1040.164s][info][gc,stats    ]    Subphase: Concurrent Weak Roots OopStorageSet           0.400 / 0.401         0.471 / 0.672         0.494 / 0.939         0.494 / 0.939       ms
[1040.164s][info][gc,stats    ]    Subphase: Pause Mark Try Complete                       0.000 / 0.000         0.000 / 0.000         0.000 / 0.000         0.000 / 0.000       ms
[1040.164s][info][gc,stats    ]      System: Java Threads                                     33 / 33               32 / 33               32 / 34               32 / 34          threads
[1040.164s][info][gc,stats    ] =========================================================================================================================================================
[1050.167s][info][gc,stats    ] === Garbage Collection Statistics =======================================================================================================================
[1050.167s][info][gc,stats    ]                                                              Last 10s              Last 10m              Last 10h                Total
[1050.167s][info][gc,stats    ]                                                              Avg / Max             Avg / Max             Avg / Max             Avg / Max
[1050.167s][info][gc,stats    ]   Collector: Garbage Collection Cycle                      0.000 / 0.000        30.027 / 46.419       30.906 / 54.411       30.906 / 54.411      ms
[1050.167s][info][gc,stats    ]  Contention: Mark Segment Reset Contention                     0 / 0                 0 / 3                 0 / 3                 0 / 3           ops/s
[1050.167s][info][gc,stats    ]  Contention: Mark SeqNum Reset Contention                      0 / 0                 0 / 2                 0 / 2                 0 / 2           ops/s
[1050.167s][info][gc,stats    ]    Critical: Allocation Stall                                  0 / 0                 0 / 0                 0 / 0                 0 / 0           ops/s
[1050.167s][info][gc,stats    ]    Critical: Allocation Stall                              0.000 / 0.000         0.000 / 0.000         0.000 / 0.000         0.000 / 0.000       ms
[1050.167s][info][gc,stats    ]    Critical: GC Locker Stall                                   0 / 0                 0 / 0                 0 / 0                 0 / 0           ops/s
[1050.167s][info][gc,stats    ]    Critical: GC Locker Stall                               0.000 / 0.000         0.000 / 0.000         0.000 / 0.000         0.000 / 0.000       ms
[1050.167s][info][gc,stats    ]    Critical: Relocation Stall                                  0 / 0                 0 / 0                 0 / 0                 0 / 0           ops/s
[1050.167s][info][gc,stats    ]    Critical: Relocation Stall                              0.000 / 0.000         0.000 / 0.000         0.000 / 0.000         0.000 / 0.000       ms
[1050.167s][info][gc,stats    ]      Memory: Allocation Rate                                  23 / 28               25 / 136              25 / 148              25 / 148         MB/s
[1050.167s][info][gc,stats    ]      Memory: Out Of Memory                                     0 / 0                 0 / 0                 0 / 0                 0 / 0           ops/s
[1050.167s][info][gc,stats    ]      Memory: Page Cache Flush                                  0 / 0                 0 / 0                 0 / 0                 0 / 0           MB/s
[1050.167s][info][gc,stats    ]      Memory: Page Cache Hit L1                                11 / 14               12 / 40               12 / 78               12 / 78          ops/s
[1050.167s][info][gc,stats    ]      Memory: Page Cache Hit L2                                 0 / 0                 0 / 0                 0 / 0                 0 / 0           ops/s
[1050.167s][info][gc,stats    ]      Memory: Page Cache Hit L3                                 0 / 0                 0 / 0                 0 / 48                0 / 48          ops/s
[1050.167s][info][gc,stats    ]      Memory: Page Cache Miss                                   0 / 0                 0 / 0                 0 / 1                 0 / 1           ops/s
[1050.167s][info][gc,stats    ]      Memory: Uncommit                                          0 / 0                 0 / 0                 0 / 0                 0 / 0           MB/s
[1050.167s][info][gc,stats    ]      Memory: Undo Object Allocation Failed                     0 / 0                 0 / 0                 0 / 1                 0 / 1           ops/s
[1050.168s][info][gc,stats    ]      Memory: Undo Object Allocation Succeeded                  0 / 0                 0 / 0                 0 / 22                0 / 22          ops/s
[1050.168s][info][gc,stats    ]      Memory: Undo Page Allocation                              0 / 0                 0 / 2                 0 / 2                 0 / 2           ops/s
[1050.168s][info][gc,stats    ]       Phase: Concurrent Mark                               0.000 / 0.000        17.064 / 26.064       17.774 / 38.897       17.774 / 38.897      ms
[1050.168s][info][gc,stats    ]       Phase: Concurrent Mark Continue                      0.000 / 0.000         0.000 / 0.000         0.000 / 0.000         0.000 / 0.000       ms
[1050.168s][info][gc,stats    ]       Phase: Concurrent Mark Free                          0.000 / 0.000         0.001 / 0.004         0.001 / 0.004         0.001 / 0.004       ms
[1050.168s][info][gc,stats    ]       Phase: Concurrent Process Non-Strong References      0.000 / 0.000         9.258 / 18.281        9.110 / 18.281        9.110 / 18.281      ms
[1050.168s][info][gc,stats    ]       Phase: Concurrent Relocate                           0.000 / 0.000         0.801 / 1.968         0.996 / 6.891         0.996 / 6.891       ms
[1050.168s][info][gc,stats    ]       Phase: Concurrent Reset Relocation Set               0.000 / 0.000         0.004 / 0.008         0.004 / 0.011         0.004 / 0.011       ms
[1050.168s][info][gc,stats    ]       Phase: Concurrent Select Relocation Set              0.000 / 0.000         1.448 / 3.260         1.554 / 3.477         1.554 / 3.477       ms
[1050.168s][info][gc,stats    ]       Phase: Pause Mark End                                0.000 / 0.000         0.023 / 0.030         0.024 / 0.065         0.024 / 0.065       ms
[1050.168s][info][gc,stats    ]       Phase: Pause Mark Start                              0.000 / 0.000         0.013 / 0.028         0.012 / 0.028         0.012 / 0.028       ms
[1050.168s][info][gc,stats    ]       Phase: Pause Relocate Start                          0.000 / 0.000         0.009 / 0.012         0.009 / 0.019         0.009 / 0.019       ms
[1050.168s][info][gc,stats    ]    Subphase: Concurrent Classes Purge                      0.000 / 0.000         0.431 / 2.002         0.391 / 2.002         0.391 / 2.002       ms
[1050.168s][info][gc,stats    ]    Subphase: Concurrent Classes Unlink                     0.000 / 0.000         7.982 / 15.288        7.850 / 15.288        7.850 / 15.288      ms
[1050.168s][info][gc,stats    ]    Subphase: Concurrent Mark                               0.000 / 0.000        13.951 / 25.274       14.509 / 33.017       14.509 / 33.017      ms
[1050.168s][info][gc,stats    ]    Subphase: Concurrent Mark Try Flush                     0.000 / 0.000         0.131 / 0.301         0.126 / 0.301         0.126 / 0.301       ms
[1050.168s][info][gc,stats    ]    Subphase: Concurrent Mark Try Terminate                 0.000 / 0.000         1.826 / 16.074        1.832 / 16.074        1.832 / 16.074      ms
[1050.168s][info][gc,stats    ]    Subphase: Concurrent References Enqueue                 0.000 / 0.000         0.002 / 0.009         0.002 / 0.010         0.002 / 0.010       ms
[1050.168s][info][gc,stats    ]    Subphase: Concurrent References Process                 0.000 / 0.000         0.146 / 0.235         0.156 / 0.513         0.156 / 0.513       ms
[1050.168s][info][gc,stats    ]    Subphase: Concurrent Roots ClassLoaderDataGraph         0.000 / 0.000         0.133 / 0.358         0.148 / 0.547         0.148 / 0.547       ms
[1050.168s][info][gc,stats    ]    Subphase: Concurrent Roots CodeCache                    0.000 / 0.000         0.000 / 0.000         0.000 / 0.000         0.000 / 0.000       ms
[1050.168s][info][gc,stats    ]    Subphase: Concurrent Roots JavaThreads                  0.000 / 0.000         0.334 / 0.613         0.462 / 5.702         0.462 / 5.702       ms
[1050.168s][info][gc,stats    ]    Subphase: Concurrent Roots OopStorageSet                0.000 / 0.000         0.026 / 0.059         0.028 / 0.085         0.028 / 0.085       ms
[1050.168s][info][gc,stats    ]    Subphase: Concurrent Weak Roots OopStorageSet           0.000 / 0.000         0.471 / 0.672         0.494 / 0.939         0.494 / 0.939       ms
[1050.168s][info][gc,stats    ]    Subphase: Pause Mark Try Complete                       0.000 / 0.000         0.000 / 0.000         0.000 / 0.000         0.000 / 0.000       ms
[1050.168s][info][gc,stats    ]      System: Java Threads                                      0 / 0                32 / 33               32 / 34               32 / 34          threads
[1050.168s][info][gc,stats    ] =========================================================================================================================================================
[1056.953s][info][gc,start    ] GC(63) Garbage Collection (Proactive)
[1056.954s][info][gc,task     ] GC(63) Using 2 workers
[1056.954s][info][gc,phases   ] GC(63) Pause Mark Start 0.008ms
[1056.971s][info][gc,phases   ] GC(63) Concurrent Mark 16.942ms
[1056.971s][info][gc,phases   ] GC(63) Pause Mark End 0.035ms
[1056.971s][info][gc,phases   ] GC(63) Concurrent Mark Free 0.003ms
[1056.980s][info][gc,phases   ] GC(63) Concurrent Process Non-Strong References 8.059ms
[1056.980s][info][gc,phases   ] GC(63) Concurrent Reset Relocation Set 0.004ms
[1056.981s][info][gc,phases   ] GC(63) Concurrent Select Relocation Set 1.500ms
[1056.981s][info][gc,phases   ] GC(63) Pause Relocate Start 0.008ms
[1056.982s][info][gc,phases   ] GC(63) Concurrent Relocate 0.603ms
[1056.982s][info][gc,load     ] GC(63) Load: 0.00/0.00/0.00
[1056.982s][info][gc,mmu      ] GC(63) MMU: 2ms/96.8%, 5ms/98.7%, 10ms/99.2%, 20ms/99.6%, 50ms/99.8%, 100ms/99.9%
[1056.982s][info][gc,marking  ] GC(63) Mark: 2 stripe(s), 2 proactive flush(es), 1 terminate flush(es), 0 completion(s), 0 continuation(s) 
[1056.982s][info][gc,marking  ] GC(63) Mark Stack Usage: 32M
[1056.982s][info][gc,nmethod  ] GC(63) NMethods: 8425 registered, 451 unregistered
[1056.982s][info][gc,metaspace] GC(63) Metaspace: 32M used, 33M committed, 1088M reserved
[1056.982s][info][gc,ref      ] GC(63) Soft: 4125 encountered, 0 discovered, 0 enqueued
[1056.982s][info][gc,ref      ] GC(63) Weak: 2173 encountered, 333 discovered, 0 enqueued
[1056.982s][info][gc,ref      ] GC(63) Final: 3 encountered, 0 discovered, 0 enqueued
[1056.982s][info][gc,ref      ] GC(63) Phantom: 279 encountered, 217 discovered, 0 enqueued
[1056.982s][info][gc,reloc    ] GC(63) Small Pages: 222 / 444M, Empty: 334M, Relocated: 1M, In-Place: 0
[1056.982s][info][gc,reloc    ] GC(63) Medium Pages: 1 / 32M, Empty: 0M, Relocated: 0M, In-Place: 0
[1056.982s][info][gc,reloc    ] GC(63) Large Pages: 0 / 0M, Empty: 0M, Relocated: 0M, In-Place: 0
[1056.982s][info][gc,reloc    ] GC(63) Forwarding Usage: 0M
[1056.982s][info][gc,heap     ] GC(63) Min Capacity: 4096M(100%)
[1056.982s][info][gc,heap     ] GC(63) Max Capacity: 4096M(100%)
[1056.982s][info][gc,heap     ] GC(63) Soft Max Capacity: 4096M(100%)
[1056.982s][info][gc,heap     ] GC(63)                Mark Start          Mark End        Relocate Start      Relocate End           High               Low         
[1056.982s][info][gc,heap     ] GC(63)  Capacity:     4096M (100%)       4096M (100%)       4096M (100%)       4096M (100%)       4096M (100%)       4096M (100%)   
[1056.982s][info][gc,heap     ] GC(63)      Free:     3620M (88%)        3608M (88%)        3942M (96%)        4030M (98%)        4030M (98%)        3608M (88%)    
[1056.982s][info][gc,heap     ] GC(63)      Used:      476M (12%)         488M (12%)         154M (4%)           66M (2%)          488M (12%)          66M (2%)     
[1056.982s][info][gc,heap     ] GC(63)      Live:         -                17M (0%)           17M (0%)           17M (0%)             -                  -          
[1056.982s][info][gc,heap     ] GC(63) Allocated:         -                12M (0%)           12M (0%)           12M (0%)             -                  -          
[1056.982s][info][gc,heap     ] GC(63)   Garbage:         -               458M (11%)         124M (3%)           36M (1%)             -                  -          
[1056.982s][info][gc,heap     ] GC(63) Reclaimed:         -                  -               334M (8%)          422M (10%)            -                  -          
[1056.982s][info][gc          ] GC(63) Garbage Collection (Proactive) 476M(12%)->66M(2%)
[1060.161s][info][gc,stats    ] === Garbage Collection Statistics =======================================================================================================================
[1060.161s][info][gc,stats    ]                                                              Last 10s              Last 10m              Last 10h                Total
[1060.161s][info][gc,stats    ]                                                              Avg / Max             Avg / Max             Avg / Max             Avg / Max
[1060.161s][info][gc,stats    ]   Collector: Garbage Collection Cycle                     28.476 / 28.476       29.938 / 46.419       30.868 / 54.411       30.868 / 54.411      ms
[1060.161s][info][gc,stats    ]  Contention: Mark Segment Reset Contention                     0 / 1                 0 / 3                 0 / 3                 0 / 3           ops/s
[1060.161s][info][gc,stats    ]  Contention: Mark SeqNum Reset Contention                      0 / 1                 0 / 2                 0 / 2                 0 / 2           ops/s
[1060.161s][info][gc,stats    ]    Critical: Allocation Stall                                  0 / 0                 0 / 0                 0 / 0                 0 / 0           ops/s
[1060.161s][info][gc,stats    ]    Critical: Allocation Stall                              0.000 / 0.000         0.000 / 0.000         0.000 / 0.000         0.000 / 0.000       ms
[1060.162s][info][gc,stats    ]    Critical: GC Locker Stall                                   0 / 0                 0 / 0                 0 / 0                 0 / 0           ops/s
[1060.162s][info][gc,stats    ]    Critical: GC Locker Stall                               0.000 / 0.000         0.000 / 0.000         0.000 / 0.000         0.000 / 0.000       ms
[1060.162s][info][gc,stats    ]    Critical: Relocation Stall                                  0 / 0                 0 / 0                 0 / 0                 0 / 0           ops/s
[1060.162s][info][gc,stats    ]    Critical: Relocation Stall                              0.000 / 0.000         0.000 / 0.000         0.000 / 0.000         0.000 / 0.000       ms
[1060.162s][info][gc,stats    ]      Memory: Allocation Rate                                  25 / 36               25 / 136              25 / 148              25 / 148         MB/s
[1060.162s][info][gc,stats    ]      Memory: Out Of Memory                                     0 / 0                 0 / 0                 0 / 0                 0 / 0           ops/s
[1060.162s][info][gc,stats    ]      Memory: Page Cache Flush                                  0 / 0                 0 / 0                 0 / 0                 0 / 0           MB/s
[1060.162s][info][gc,stats    ]      Memory: Page Cache Hit L1                                12 / 20               12 / 40               12 / 78               12 / 78          ops/s
[1060.162s][info][gc,stats    ]      Memory: Page Cache Hit L2                                 0 / 0                 0 / 0                 0 / 0                 0 / 0           ops/s
[1060.162s][info][gc,stats    ]      Memory: Page Cache Hit L3                                 0 / 0                 0 / 0                 0 / 48                0 / 48          ops/s
[1060.162s][info][gc,stats    ]      Memory: Page Cache Miss                                   0 / 0                 0 / 0                 0 / 1                 0 / 1           ops/s
[1060.162s][info][gc,stats    ]      Memory: Uncommit                                          0 / 0                 0 / 0                 0 / 0                 0 / 0           MB/s
[1060.162s][info][gc,stats    ]      Memory: Undo Object Allocation Failed                     0 / 0                 0 / 0                 0 / 1                 0 / 1           ops/s
[1060.162s][info][gc,stats    ]      Memory: Undo Object Allocation Succeeded                  0 / 0                 0 / 0                 0 / 22                0 / 22          ops/s
[1060.162s][info][gc,stats    ]      Memory: Undo Page Allocation                              0 / 0                 0 / 2                 0 / 2                 0 / 2           ops/s
[1060.162s][info][gc,stats    ]       Phase: Concurrent Mark                              16.942 / 16.942       16.994 / 26.064       17.761 / 38.897       17.761 / 38.897      ms
[1060.162s][info][gc,stats    ]       Phase: Concurrent Mark Continue                      0.000 / 0.000         0.000 / 0.000         0.000 / 0.000         0.000 / 0.000       ms
[1060.162s][info][gc,stats    ]       Phase: Concurrent Mark Free                          0.003 / 0.003         0.001 / 0.004         0.001 / 0.004         0.001 / 0.004       ms
[1060.162s][info][gc,stats    ]       Phase: Concurrent Process Non-Strong References      8.059 / 8.059         9.239 / 18.281        9.093 / 18.281        9.093 / 18.281      ms
[1060.162s][info][gc,stats    ]       Phase: Concurrent Relocate                           0.603 / 0.603         0.794 / 1.968         0.989 / 6.891         0.989 / 6.891       ms
[1060.162s][info][gc,stats    ]       Phase: Concurrent Reset Relocation Set               0.004 / 0.004         0.004 / 0.008         0.004 / 0.011         0.004 / 0.011       ms
[1060.162s][info][gc,stats    ]       Phase: Concurrent Select Relocation Set              1.500 / 1.500         1.452 / 3.260         1.553 / 3.477         1.553 / 3.477       ms
[1060.162s][info][gc,stats    ]       Phase: Pause Mark End                                0.035 / 0.035         0.023 / 0.035         0.024 / 0.065         0.024 / 0.065       ms
[1060.162s][info][gc,stats    ]       Phase: Pause Mark Start                              0.008 / 0.008         0.013 / 0.028         0.012 / 0.028         0.012 / 0.028       ms
[1060.162s][info][gc,stats    ]       Phase: Pause Relocate Start                          0.008 / 0.008         0.009 / 0.012         0.009 / 0.019         0.009 / 0.019       ms
[1060.162s][info][gc,stats    ]    Subphase: Concurrent Classes Purge                      0.290 / 0.290         0.431 / 2.002         0.390 / 2.002         0.390 / 2.002       ms
[1060.162s][info][gc,stats    ]    Subphase: Concurrent Classes Unlink                     6.993 / 6.993         7.963 / 15.288        7.836 / 15.288        7.836 / 15.288      ms
[1060.162s][info][gc,stats    ]    Subphase: Concurrent Mark                              13.748 / 16.258       13.907 / 25.274       14.497 / 33.017       14.497 / 33.017      ms
[1060.162s][info][gc,stats    ]    Subphase: Concurrent Mark Try Flush                     0.121 / 0.177         0.131 / 0.301         0.126 / 0.301         0.126 / 0.301       ms
[1060.162s][info][gc,stats    ]    Subphase: Concurrent Mark Try Terminate                 1.900 / 5.630         1.810 / 16.074        1.833 / 16.074        1.833 / 16.074      ms
[1060.162s][info][gc,stats    ]    Subphase: Concurrent References Enqueue                 0.001 / 0.001         0.002 / 0.009         0.002 / 0.010         0.002 / 0.010       ms
[1060.162s][info][gc,stats    ]    Subphase: Concurrent References Process                 0.136 / 0.136         0.146 / 0.235         0.156 / 0.513         0.156 / 0.513       ms
[1060.162s][info][gc,stats    ]    Subphase: Concurrent Roots ClassLoaderDataGraph         0.127 / 0.209         0.133 / 0.358         0.148 / 0.547         0.148 / 0.547       ms
[1060.162s][info][gc,stats    ]    Subphase: Concurrent Roots CodeCache                    0.000 / 0.000         0.000 / 0.000         0.000 / 0.000         0.000 / 0.000       ms
[1060.162s][info][gc,stats    ]    Subphase: Concurrent Roots JavaThreads                  0.310 / 0.398         0.331 / 0.613         0.459 / 5.702         0.459 / 5.702       ms
[1060.162s][info][gc,stats    ]    Subphase: Concurrent Roots OopStorageSet                0.023 / 0.031         0.026 / 0.059         0.028 / 0.085         0.028 / 0.085       ms
[1060.162s][info][gc,stats    ]    Subphase: Concurrent Weak Roots OopStorageSet           0.409 / 0.415         0.471 / 0.672         0.493 / 0.939         0.493 / 0.939       ms
[1060.162s][info][gc,stats    ]    Subphase: Pause Mark Try Complete                       0.000 / 0.000         0.000 / 0.000         0.000 / 0.000         0.000 / 0.000       ms
[1060.162s][info][gc,stats    ]      System: Java Threads                                     33 / 33               32 / 33               32 / 34               32 / 34          threads
[1060.162s][info][gc,stats    ] =========================================================================================================================================================
[1070.158s][info][gc,stats    ] === Garbage Collection Statistics =======================================================================================================================
[1070.158s][info][gc,stats    ]                                                              Last 10s              Last 10m              Last 10h                Total
[1070.158s][info][gc,stats    ]                                                              Avg / Max             Avg / Max             Avg / Max             Avg / Max
[1070.158s][info][gc,stats    ]   Collector: Garbage Collection Cycle                      0.000 / 0.000        29.938 / 46.419       30.868 / 54.411       30.868 / 54.411      ms
[1070.158s][info][gc,stats    ]  Contention: Mark Segment Reset Contention                     0 / 0                 0 / 3                 0 / 3                 0 / 3           ops/s
[1070.158s][info][gc,stats    ]  Contention: Mark SeqNum Reset Contention                      0 / 0                 0 / 2                 0 / 2                 0 / 2           ops/s
[1070.158s][info][gc,stats    ]    Critical: Allocation Stall                                  0 / 0                 0 / 0                 0 / 0                 0 / 0           ops/s
[1070.158s][info][gc,stats    ]    Critical: Allocation Stall                              0.000 / 0.000         0.000 / 0.000         0.000 / 0.000         0.000 / 0.000       ms
[1070.158s][info][gc,stats    ]    Critical: GC Locker Stall                                   0 / 0                 0 / 0                 0 / 0                 0 / 0           ops/s
[1070.158s][info][gc,stats    ]    Critical: GC Locker Stall                               0.000 / 0.000         0.000 / 0.000         0.000 / 0.000         0.000 / 0.000       ms
[1070.158s][info][gc,stats    ]    Critical: Relocation Stall                                  0 / 0                 0 / 0                 0 / 0                 0 / 0           ops/s
[1070.158s][info][gc,stats    ]    Critical: Relocation Stall                              0.000 / 0.000         0.000 / 0.000         0.000 / 0.000         0.000 / 0.000       ms
[1070.158s][info][gc,stats    ]      Memory: Allocation Rate                                  23 / 26               25 / 136              25 / 148              25 / 148         MB/s
[1070.158s][info][gc,stats    ]      Memory: Out Of Memory                                     0 / 0                 0 / 0                 0 / 0                 0 / 0           ops/s
[1070.158s][info][gc,stats    ]      Memory: Page Cache Flush                                  0 / 0                 0 / 0                 0 / 0                 0 / 0           MB/s
[1070.158s][info][gc,stats    ]      Memory: Page Cache Hit L1                                11 / 13               12 / 40               12 / 78               12 / 78          ops/s
[1070.158s][info][gc,stats    ]      Memory: Page Cache Hit L2                                 0 / 0                 0 / 0                 0 / 0                 0 / 0           ops/s
[1070.158s][info][gc,stats    ]      Memory: Page Cache Hit L3                                 0 / 0                 0 / 0                 0 / 48                0 / 48          ops/s
[1070.158s][info][gc,stats    ]      Memory: Page Cache Miss                                   0 / 0                 0 / 0                 0 / 1                 0 / 1           ops/s
[1070.158s][info][gc,stats    ]      Memory: Uncommit                                          0 / 0                 0 / 0                 0 / 0                 0 / 0           MB/s
[1070.158s][info][gc,stats    ]      Memory: Undo Object Allocation Failed                     0 / 0                 0 / 0                 0 / 1                 0 / 1           ops/s
[1070.158s][info][gc,stats    ]      Memory: Undo Object Allocation Succeeded                  0 / 0                 0 / 0                 0 / 22                0 / 22          ops/s
[1070.158s][info][gc,stats    ]      Memory: Undo Page Allocation                              0 / 0                 0 / 2                 0 / 2                 0 / 2           ops/s
[1070.158s][info][gc,stats    ]       Phase: Concurrent Mark                               0.000 / 0.000        16.994 / 26.064       17.761 / 38.897       17.761 / 38.897      ms
[1070.158s][info][gc,stats    ]       Phase: Concurrent Mark Continue                      0.000 / 0.000         0.000 / 0.000         0.000 / 0.000         0.000 / 0.000       ms
[1070.158s][info][gc,stats    ]       Phase: Concurrent Mark Free                          0.000 / 0.000         0.001 / 0.004         0.001 / 0.004         0.001 / 0.004       ms
[1070.158s][info][gc,stats    ]       Phase: Concurrent Process Non-Strong References      0.000 / 0.000         9.239 / 18.281        9.093 / 18.281        9.093 / 18.281      ms
[1070.158s][info][gc,stats    ]       Phase: Concurrent Relocate                           0.000 / 0.000         0.794 / 1.968         0.989 / 6.891         0.989 / 6.891       ms
[1070.158s][info][gc,stats    ]       Phase: Concurrent Reset Relocation Set               0.000 / 0.000         0.004 / 0.008         0.004 / 0.011         0.004 / 0.011       ms
[1070.158s][info][gc,stats    ]       Phase: Concurrent Select Relocation Set              0.000 / 0.000         1.452 / 3.260         1.553 / 3.477         1.553 / 3.477       ms
[1070.158s][info][gc,stats    ]       Phase: Pause Mark End                                0.000 / 0.000         0.023 / 0.035         0.024 / 0.065         0.024 / 0.065       ms
[1070.158s][info][gc,stats    ]       Phase: Pause Mark Start                              0.000 / 0.000         0.013 / 0.028         0.012 / 0.028         0.012 / 0.028       ms
[1070.158s][info][gc,stats    ]       Phase: Pause Relocate Start                          0.000 / 0.000         0.009 / 0.012         0.009 / 0.019         0.009 / 0.019       ms
[1070.158s][info][gc,stats    ]    Subphase: Concurrent Classes Purge                      0.000 / 0.000         0.431 / 2.002         0.390 / 2.002         0.390 / 2.002       ms
[1070.158s][info][gc,stats    ]    Subphase: Concurrent Classes Unlink                     0.000 / 0.000         7.963 / 15.288        7.836 / 15.288        7.836 / 15.288      ms
[1070.158s][info][gc,stats    ]    Subphase: Concurrent Mark                               0.000 / 0.000        13.907 / 25.274       14.497 / 33.017       14.497 / 33.017      ms
[1070.158s][info][gc,stats    ]    Subphase: Concurrent Mark Try Flush                     0.000 / 0.000         0.131 / 0.301         0.126 / 0.301         0.126 / 0.301       ms
[1070.158s][info][gc,stats    ]    Subphase: Concurrent Mark Try Terminate                 0.000 / 0.000         1.810 / 16.074        1.833 / 16.074        1.833 / 16.074      ms
[1070.158s][info][gc,stats    ]    Subphase: Concurrent References Enqueue                 0.000 / 0.000         0.002 / 0.009         0.002 / 0.010         0.002 / 0.010       ms
[1070.158s][info][gc,stats    ]    Subphase: Concurrent References Process                 0.000 / 0.000         0.146 / 0.235         0.156 / 0.513         0.156 / 0.513       ms
[1070.158s][info][gc,stats    ]    Subphase: Concurrent Roots ClassLoaderDataGraph         0.000 / 0.000         0.133 / 0.358         0.148 / 0.547         0.148 / 0.547       ms
[1070.158s][info][gc,stats    ]    Subphase: Concurrent Roots CodeCache                    0.000 / 0.000         0.000 / 0.000         0.000 / 0.000         0.000 / 0.000       ms
[1070.158s][info][gc,stats    ]    Subphase: Concurrent Roots JavaThreads                  0.000 / 0.000         0.331 / 0.613         0.459 / 5.702         0.459 / 5.702       ms
[1070.158s][info][gc,stats    ]    Subphase: Concurrent Roots OopStorageSet                0.000 / 0.000         0.026 / 0.059         0.028 / 0.085         0.028 / 0.085       ms
[1070.158s][info][gc,stats    ]    Subphase: Concurrent Weak Roots OopStorageSet           0.000 / 0.000         0.471 / 0.672         0.493 / 0.939         0.493 / 0.939       ms
[1070.158s][info][gc,stats    ]    Subphase: Pause Mark Try Complete                       0.000 / 0.000         0.000 / 0.000         0.000 / 0.000         0.000 / 0.000       ms
[1070.158s][info][gc,stats    ]      System: Java Threads                                      0 / 0                32 / 33               32 / 34               32 / 34          threads
[1070.158s][info][gc,stats    ] =========================================================================================================================================================
[1074.060s][info][gc,start    ] GC(64) Garbage Collection (Proactive)
[1074.060s][info][gc,task     ] GC(64) Using 2 workers
[1074.060s][info][gc,phases   ] GC(64) Pause Mark Start 0.009ms
[1074.075s][info][gc,phases   ] GC(64) Concurrent Mark 14.322ms
[1074.076s][info][gc,phases   ] GC(64) Pause Mark End 0.019ms
[1074.076s][info][gc,phases   ] GC(64) Concurrent Mark Free 0.001ms
[1074.085s][info][gc,phases   ] GC(64) Concurrent Process Non-Strong References 8.848ms
[1074.085s][info][gc,phases   ] GC(64) Concurrent Reset Relocation Set 0.004ms
[1074.087s][info][gc,phases   ] GC(64) Concurrent Select Relocation Set 2.420ms
[1074.087s][info][gc,phases   ] GC(64) Pause Relocate Start 0.010ms
[1074.089s][info][gc,phases   ] GC(64) Concurrent Relocate 1.181ms
[1074.089s][info][gc,load     ] GC(64) Load: 0.00/0.00/0.00
[1074.089s][info][gc,mmu      ] GC(64) MMU: 2ms/96.8%, 5ms/98.7%, 10ms/99.2%, 20ms/99.6%, 50ms/99.8%, 100ms/99.9%
[1074.089s][info][gc,marking  ] GC(64) Mark: 2 stripe(s), 2 proactive flush(es), 1 terminate flush(es), 0 completion(s), 0 continuation(s) 
[1074.089s][info][gc,marking  ] GC(64) Mark Stack Usage: 32M
[1074.089s][info][gc,nmethod  ] GC(64) NMethods: 8431 registered, 451 unregistered
[1074.089s][info][gc,metaspace] GC(64) Metaspace: 32M used, 33M committed, 1088M reserved
[1074.089s][info][gc,ref      ] GC(64) Soft: 4125 encountered, 0 discovered, 0 enqueued
[1074.089s][info][gc,ref      ] GC(64) Weak: 2173 encountered, 373 discovered, 0 enqueued
[1074.089s][info][gc,ref      ] GC(64) Final: 3 encountered, 1 discovered, 0 enqueued
[1074.089s][info][gc,ref      ] GC(64) Phantom: 279 encountered, 222 discovered, 0 enqueued
[1074.089s][info][gc,reloc    ] GC(64) Small Pages: 222 / 444M, Empty: 328M, Relocated: 1M, In-Place: 0
[1074.089s][info][gc,reloc    ] GC(64) Medium Pages: 1 / 32M, Empty: 0M, Relocated: 0M, In-Place: 0
[1074.089s][info][gc,reloc    ] GC(64) Large Pages: 0 / 0M, Empty: 0M, Relocated: 0M, In-Place: 0
[1074.089s][info][gc,reloc    ] GC(64) Forwarding Usage: 0M
[1074.089s][info][gc,heap     ] GC(64) Min Capacity: 4096M(100%)
[1074.089s][info][gc,heap     ] GC(64) Max Capacity: 4096M(100%)
[1074.089s][info][gc,heap     ] GC(64) Soft Max Capacity: 4096M(100%)
[1074.089s][info][gc,heap     ] GC(64)                Mark Start          Mark End        Relocate Start      Relocate End           High               Low         
[1074.089s][info][gc,heap     ] GC(64)  Capacity:     4096M (100%)       4096M (100%)       4096M (100%)       4096M (100%)       4096M (100%)       4096M (100%)   
[1074.089s][info][gc,heap     ] GC(64)      Free:     3620M (88%)        3608M (88%)        3936M (96%)        4030M (98%)        4030M (98%)        3608M (88%)    
[1074.089s][info][gc,heap     ] GC(64)      Used:      476M (12%)         488M (12%)         160M (4%)           66M (2%)          488M (12%)          66M (2%)     
[1074.089s][info][gc,heap     ] GC(64)      Live:         -                17M (0%)           17M (0%)           17M (0%)             -                  -          
[1074.089s][info][gc,heap     ] GC(64) Allocated:         -                12M (0%)           12M (0%)           12M (0%)             -                  -          
[1074.089s][info][gc,heap     ] GC(64)   Garbage:         -               458M (11%)         130M (3%)           36M (1%)             -                  -          
[1074.089s][info][gc,heap     ] GC(64) Reclaimed:         -                  -               328M (8%)          422M (10%)            -                  -          
[1074.089s][info][gc          ] GC(64) Garbage Collection (Proactive) 476M(12%)->66M(2%)
[1080.163s][info][gc,stats    ] === Garbage Collection Statistics =======================================================================================================================
[1080.164s][info][gc,stats    ]                                                              Last 10s              Last 10m              Last 10h                Total
[1080.164s][info][gc,stats    ]                                                              Avg / Max             Avg / Max             Avg / Max             Avg / Max
[1080.164s][info][gc,stats    ]   Collector: Garbage Collection Cycle                     28.655 / 28.655       29.914 / 46.419       30.834 / 54.411       30.834 / 54.411      ms
[1080.164s][info][gc,stats    ]  Contention: Mark Segment Reset Contention                     0 / 0                 0 / 3                 0 / 3                 0 / 3           ops/s
[1080.164s][info][gc,stats    ]  Contention: Mark SeqNum Reset Contention                      0 / 0                 0 / 2                 0 / 2                 0 / 2           ops/s
[1080.164s][info][gc,stats    ]    Critical: Allocation Stall                                  0 / 0                 0 / 0                 0 / 0                 0 / 0           ops/s
[1080.164s][info][gc,stats    ]    Critical: Allocation Stall                              0.000 / 0.000         0.000 / 0.000         0.000 / 0.000         0.000 / 0.000       ms
[1080.164s][info][gc,stats    ]    Critical: GC Locker Stall                                   0 / 0                 0 / 0                 0 / 0                 0 / 0           ops/s
[1080.164s][info][gc,stats    ]    Critical: GC Locker Stall                               0.000 / 0.000         0.000 / 0.000         0.000 / 0.000         0.000 / 0.000       ms
[1080.164s][info][gc,stats    ]    Critical: Relocation Stall                                  0 / 0                 0 / 0                 0 / 0                 0 / 0           ops/s
[1080.164s][info][gc,stats    ]    Critical: Relocation Stall                              0.000 / 0.000         0.000 / 0.000         0.000 / 0.000         0.000 / 0.000       ms
[1080.164s][info][gc,stats    ]      Memory: Allocation Rate                                  25 / 38               25 / 136              25 / 148              25 / 148         MB/s
[1080.164s][info][gc,stats    ]      Memory: Out Of Memory                                     0 / 0                 0 / 0                 0 / 0                 0 / 0           ops/s
[1080.164s][info][gc,stats    ]      Memory: Page Cache Flush                                  0 / 0                 0 / 0                 0 / 0                 0 / 0           MB/s
[1080.164s][info][gc,stats    ]      Memory: Page Cache Hit L1                                12 / 21               12 / 40               12 / 78               12 / 78          ops/s
[1080.164s][info][gc,stats    ]      Memory: Page Cache Hit L2                                 0 / 0                 0 / 0                 0 / 0                 0 / 0           ops/s
[1080.164s][info][gc,stats    ]      Memory: Page Cache Hit L3                                 0 / 0                 0 / 0                 0 / 48                0 / 48          ops/s
[1080.164s][info][gc,stats    ]      Memory: Page Cache Miss                                   0 / 0                 0 / 0                 0 / 1                 0 / 1           ops/s
[1080.164s][info][gc,stats    ]      Memory: Uncommit                                          0 / 0                 0 / 0                 0 / 0                 0 / 0           MB/s
[1080.164s][info][gc,stats    ]      Memory: Undo Object Allocation Failed                     0 / 0                 0 / 0                 0 / 1                 0 / 1           ops/s
[1080.164s][info][gc,stats    ]      Memory: Undo Object Allocation Succeeded                  0 / 0                 0 / 0                 0 / 22                0 / 22          ops/s
[1080.164s][info][gc,stats    ]      Memory: Undo Page Allocation                              0 / 0                 0 / 2                 0 / 2                 0 / 2           ops/s
[1080.164s][info][gc,stats    ]       Phase: Concurrent Mark                              14.322 / 14.322       16.925 / 26.064       17.708 / 38.897       17.708 / 38.897      ms
[1080.164s][info][gc,stats    ]       Phase: Concurrent Mark Continue                      0.000 / 0.000         0.000 / 0.000         0.000 / 0.000         0.000 / 0.000       ms
[1080.164s][info][gc,stats    ]       Phase: Concurrent Mark Free                          0.001 / 0.001         0.001 / 0.004         0.001 / 0.004         0.001 / 0.004       ms
[1080.164s][info][gc,stats    ]       Phase: Concurrent Process Non-Strong References      8.848 / 8.848         9.241 / 18.281        9.090 / 18.281        9.090 / 18.281      ms
[1080.164s][info][gc,stats    ]       Phase: Concurrent Relocate                           1.181 / 1.181         0.808 / 1.968         0.992 / 6.891         0.992 / 6.891       ms
[1080.164s][info][gc,stats    ]       Phase: Concurrent Reset Relocation Set               0.004 / 0.004         0.004 / 0.008         0.004 / 0.011         0.004 / 0.011       ms
[1080.164s][info][gc,stats    ]       Phase: Concurrent Select Relocation Set              2.420 / 2.420         1.479 / 3.260         1.567 / 3.477         1.567 / 3.477       ms
[1080.164s][info][gc,stats    ]       Phase: Pause Mark End                                0.019 / 0.019         0.023 / 0.035         0.024 / 0.065         0.024 / 0.065       ms
[1080.164s][info][gc,stats    ]       Phase: Pause Mark Start                              0.009 / 0.009         0.013 / 0.028         0.012 / 0.028         0.012 / 0.028       ms
[1080.164s][info][gc,stats    ]       Phase: Pause Relocate Start                          0.010 / 0.010         0.009 / 0.012         0.009 / 0.019         0.009 / 0.019       ms
[1080.164s][info][gc,stats    ]    Subphase: Concurrent Classes Purge                      0.307 / 0.307         0.431 / 2.002         0.389 / 2.002         0.389 / 2.002       ms
[1080.164s][info][gc,stats    ]    Subphase: Concurrent Classes Unlink                     7.556 / 7.556         7.967 / 15.288        7.832 / 15.288        7.832 / 15.288      ms
[1080.164s][info][gc,stats    ]    Subphase: Concurrent Mark                              12.443 / 13.650       13.868 / 25.274       14.466 / 33.017       14.466 / 33.017      ms
[1080.164s][info][gc,stats    ]    Subphase: Concurrent Mark Try Flush                     0.122 / 0.180         0.131 / 0.301         0.126 / 0.301         0.126 / 0.301       ms
[1080.164s][info][gc,stats    ]    Subphase: Concurrent Mark Try Terminate                 1.181 / 3.473         1.791 / 16.074        1.823 / 16.074        1.823 / 16.074      ms
[1080.164s][info][gc,stats    ]    Subphase: Concurrent References Enqueue                 0.001 / 0.001         0.002 / 0.009         0.002 / 0.010         0.002 / 0.010       ms
[1080.164s][info][gc,stats    ]    Subphase: Concurrent References Process                 0.153 / 0.153         0.145 / 0.235         0.156 / 0.513         0.156 / 0.513       ms
[1080.164s][info][gc,stats    ]    Subphase: Concurrent Roots ClassLoaderDataGraph         0.126 / 0.214         0.133 / 0.358         0.147 / 0.547         0.147 / 0.547       ms
[1080.164s][info][gc,stats    ]    Subphase: Concurrent Roots CodeCache                    0.000 / 0.000         0.000 / 0.000         0.000 / 0.000         0.000 / 0.000       ms
[1080.164s][info][gc,stats    ]    Subphase: Concurrent Roots JavaThreads                  0.274 / 0.358         0.330 / 0.613         0.456 / 5.702         0.456 / 5.702       ms
[1080.164s][info][gc,stats    ]    Subphase: Concurrent Roots OopStorageSet                0.025 / 0.048         0.026 / 0.059         0.028 / 0.085         0.028 / 0.085       ms
[1080.164s][info][gc,stats    ]    Subphase: Concurrent Weak Roots OopStorageSet           0.566 / 0.566         0.468 / 0.672         0.494 / 0.939         0.494 / 0.939       ms
[1080.164s][info][gc,stats    ]    Subphase: Pause Mark Try Complete                       0.000 / 0.000         0.000 / 0.000         0.000 / 0.000         0.000 / 0.000       ms
[1080.164s][info][gc,stats    ]      System: Java Threads                                     33 / 33               32 / 33               32 / 34               32 / 34          threads
[1080.164s][info][gc,stats    ] =========================================================================================================================================================
[1090.163s][info][gc,stats    ] === Garbage Collection Statistics =======================================================================================================================
[1090.163s][info][gc,stats    ]                                                              Last 10s              Last 10m              Last 10h                Total
[1090.163s][info][gc,stats    ]                                                              Avg / Max             Avg / Max             Avg / Max             Avg / Max
[1090.163s][info][gc,stats    ]   Collector: Garbage Collection Cycle                      0.000 / 0.000        29.914 / 46.419       30.834 / 54.411       30.834 / 54.411      ms
[1090.163s][info][gc,stats    ]  Contention: Mark Segment Reset Contention                     0 / 0                 0 / 3                 0 / 3                 0 / 3           ops/s
[1090.163s][info][gc,stats    ]  Contention: Mark SeqNum Reset Contention                      0 / 0                 0 / 2                 0 / 2                 0 / 2           ops/s
[1090.163s][info][gc,stats    ]    Critical: Allocation Stall                                  0 / 0                 0 / 0                 0 / 0                 0 / 0           ops/s
[1090.163s][info][gc,stats    ]    Critical: Allocation Stall                              0.000 / 0.000         0.000 / 0.000         0.000 / 0.000         0.000 / 0.000       ms
[1090.163s][info][gc,stats    ]    Critical: GC Locker Stall                                   0 / 0                 0 / 0                 0 / 0                 0 / 0           ops/s
[1090.163s][info][gc,stats    ]    Critical: GC Locker Stall                               0.000 / 0.000         0.000 / 0.000         0.000 / 0.000         0.000 / 0.000       ms
[1090.163s][info][gc,stats    ]    Critical: Relocation Stall                                  0 / 0                 0 / 0                 0 / 0                 0 / 0           ops/s
[1090.163s][info][gc,stats    ]    Critical: Relocation Stall                              0.000 / 0.000         0.000 / 0.000         0.000 / 0.000         0.000 / 0.000       ms
[1090.163s][info][gc,stats    ]      Memory: Allocation Rate                                  23 / 28               25 / 136              25 / 148              25 / 148         MB/s
[1090.163s][info][gc,stats    ]      Memory: Out Of Memory                                     0 / 0                 0 / 0                 0 / 0                 0 / 0           ops/s
[1090.163s][info][gc,stats    ]      Memory: Page Cache Flush                                  0 / 0                 0 / 0                 0 / 0                 0 / 0           MB/s
[1090.163s][info][gc,stats    ]      Memory: Page Cache Hit L1                                11 / 14               12 / 40               12 / 78               12 / 78          ops/s
[1090.163s][info][gc,stats    ]      Memory: Page Cache Hit L2                                 0 / 0                 0 / 0                 0 / 0                 0 / 0           ops/s
[1090.163s][info][gc,stats    ]      Memory: Page Cache Hit L3                                 0 / 0                 0 / 0                 0 / 48                0 / 48          ops/s
[1090.163s][info][gc,stats    ]      Memory: Page Cache Miss                                   0 / 0                 0 / 0                 0 / 1                 0 / 1           ops/s
[1090.163s][info][gc,stats    ]      Memory: Uncommit                                          0 / 0                 0 / 0                 0 / 0                 0 / 0           MB/s
[1090.163s][info][gc,stats    ]      Memory: Undo Object Allocation Failed                     0 / 0                 0 / 0                 0 / 1                 0 / 1           ops/s
[1090.163s][info][gc,stats    ]      Memory: Undo Object Allocation Succeeded                  0 / 0                 0 / 0                 0 / 22                0 / 22          ops/s
[1090.163s][info][gc,stats    ]      Memory: Undo Page Allocation                              0 / 0                 0 / 2                 0 / 2                 0 / 2           ops/s
[1090.163s][info][gc,stats    ]       Phase: Concurrent Mark                               0.000 / 0.000        16.925 / 26.064       17.708 / 38.897       17.708 / 38.897      ms
[1090.163s][info][gc,stats    ]       Phase: Concurrent Mark Continue                      0.000 / 0.000         0.000 / 0.000         0.000 / 0.000         0.000 / 0.000       ms
[1090.163s][info][gc,stats    ]       Phase: Concurrent Mark Free                          0.000 / 0.000         0.001 / 0.004         0.001 / 0.004         0.001 / 0.004       ms
[1090.163s][info][gc,stats    ]       Phase: Concurrent Process Non-Strong References      0.000 / 0.000         9.241 / 18.281        9.090 / 18.281        9.090 / 18.281      ms
[1090.163s][info][gc,stats    ]       Phase: Concurrent Relocate                           0.000 / 0.000         0.808 / 1.968         0.992 / 6.891         0.992 / 6.891       ms
[1090.163s][info][gc,stats    ]       Phase: Concurrent Reset Relocation Set               0.000 / 0.000         0.004 / 0.008         0.004 / 0.011         0.004 / 0.011       ms
[1090.163s][info][gc,stats    ]       Phase: Concurrent Select Relocation Set              0.000 / 0.000         1.479 / 3.260         1.567 / 3.477         1.567 / 3.477       ms
[1090.163s][info][gc,stats    ]       Phase: Pause Mark End                                0.000 / 0.000         0.023 / 0.035         0.024 / 0.065         0.024 / 0.065       ms
[1090.163s][info][gc,stats    ]       Phase: Pause Mark Start                              0.000 / 0.000         0.013 / 0.028         0.012 / 0.028         0.012 / 0.028       ms
[1090.163s][info][gc,stats    ]       Phase: Pause Relocate Start                          0.000 / 0.000         0.009 / 0.012         0.009 / 0.019         0.009 / 0.019       ms
[1090.163s][info][gc,stats    ]    Subphase: Concurrent Classes Purge                      0.000 / 0.000         0.431 / 2.002         0.389 / 2.002         0.389 / 2.002       ms
[1090.163s][info][gc,stats    ]    Subphase: Concurrent Classes Unlink                     0.000 / 0.000         7.967 / 15.288        7.832 / 15.288        7.832 / 15.288      ms
[1090.163s][info][gc,stats    ]    Subphase: Concurrent Mark                               0.000 / 0.000        13.868 / 25.274       14.466 / 33.017       14.466 / 33.017      ms
[1090.163s][info][gc,stats    ]    Subphase: Concurrent Mark Try Flush                     0.000 / 0.000         0.131 / 0.301         0.126 / 0.301         0.126 / 0.301       ms
[1090.163s][info][gc,stats    ]    Subphase: Concurrent Mark Try Terminate                 0.000 / 0.000         1.791 / 16.074        1.823 / 16.074        1.823 / 16.074      ms
[1090.163s][info][gc,stats    ]    Subphase: Concurrent References Enqueue                 0.000 / 0.000         0.002 / 0.009         0.002 / 0.010         0.002 / 0.010       ms
[1090.163s][info][gc,stats    ]    Subphase: Concurrent References Process                 0.000 / 0.000         0.145 / 0.235         0.156 / 0.513         0.156 / 0.513       ms
[1090.163s][info][gc,stats    ]    Subphase: Concurrent Roots ClassLoaderDataGraph         0.000 / 0.000         0.133 / 0.358         0.147 / 0.547         0.147 / 0.547       ms
[1090.163s][info][gc,stats    ]    Subphase: Concurrent Roots CodeCache                    0.000 / 0.000         0.000 / 0.000         0.000 / 0.000         0.000 / 0.000       ms
[1090.163s][info][gc,stats    ]    Subphase: Concurrent Roots JavaThreads                  0.000 / 0.000         0.330 / 0.613         0.456 / 5.702         0.456 / 5.702       ms
[1090.163s][info][gc,stats    ]    Subphase: Concurrent Roots OopStorageSet                0.000 / 0.000         0.026 / 0.059         0.028 / 0.085         0.028 / 0.085       ms
[1090.163s][info][gc,stats    ]    Subphase: Concurrent Weak Roots OopStorageSet           0.000 / 0.000         0.468 / 0.672         0.494 / 0.939         0.494 / 0.939       ms
[1090.163s][info][gc,stats    ]    Subphase: Pause Mark Try Complete                       0.000 / 0.000         0.000 / 0.000         0.000 / 0.000         0.000 / 0.000       ms
[1090.163s][info][gc,stats    ]      System: Java Threads                                      0 / 0                32 / 33               32 / 34               32 / 34          threads
[1090.163s][info][gc,stats    ] =========================================================================================================================================================
[1091.352s][info][gc,start    ] GC(65) Garbage Collection (Proactive)
[1091.352s][info][gc,task     ] GC(65) Using 2 workers
[1091.353s][info][gc,phases   ] GC(65) Pause Mark Start 0.013ms
[1091.370s][info][gc,phases   ] GC(65) Concurrent Mark 16.950ms
[1091.370s][info][gc,phases   ] GC(65) Pause Mark End 0.019ms
[1091.370s][info][gc,phases   ] GC(65) Concurrent Mark Free 0.002ms
[1091.379s][info][gc,phases   ] GC(65) Concurrent Process Non-Strong References 8.492ms
[1091.379s][info][gc,phases   ] GC(65) Concurrent Reset Relocation Set 0.003ms
[1091.381s][info][gc,phases   ] GC(65) Concurrent Select Relocation Set 2.243ms
[1091.381s][info][gc,phases   ] GC(65) Pause Relocate Start 0.011ms
[1091.383s][info][gc,phases   ] GC(65) Concurrent Relocate 1.136ms
[1091.383s][info][gc,load     ] GC(65) Load: 0.00/0.00/0.00
[1091.383s][info][gc,mmu      ] GC(65) MMU: 2ms/96.8%, 5ms/98.7%, 10ms/99.2%, 20ms/99.6%, 50ms/99.8%, 100ms/99.9%
[1091.383s][info][gc,marking  ] GC(65) Mark: 2 stripe(s), 2 proactive flush(es), 1 terminate flush(es), 0 completion(s), 0 continuation(s) 
[1091.383s][info][gc,marking  ] GC(65) Mark Stack Usage: 32M
[1091.383s][info][gc,nmethod  ] GC(65) NMethods: 8436 registered, 451 unregistered
[1091.383s][info][gc,metaspace] GC(65) Metaspace: 32M used, 33M committed, 1088M reserved
[1091.383s][info][gc,ref      ] GC(65) Soft: 4125 encountered, 0 discovered, 0 enqueued
[1091.383s][info][gc,ref      ] GC(65) Weak: 2173 encountered, 721 discovered, 0 enqueued
[1091.383s][info][gc,ref      ] GC(65) Final: 3 encountered, 1 discovered, 0 enqueued
[1091.383s][info][gc,ref      ] GC(65) Phantom: 278 encountered, 216 discovered, 0 enqueued
[1091.383s][info][gc,reloc    ] GC(65) Small Pages: 222 / 444M, Empty: 324M, Relocated: 1M, In-Place: 0
[1091.383s][info][gc,reloc    ] GC(65) Medium Pages: 1 / 32M, Empty: 0M, Relocated: 0M, In-Place: 0
[1091.383s][info][gc,reloc    ] GC(65) Large Pages: 0 / 0M, Empty: 0M, Relocated: 0M, In-Place: 0
[1091.383s][info][gc,reloc    ] GC(65) Forwarding Usage: 0M
[1091.383s][info][gc,heap     ] GC(65) Min Capacity: 4096M(100%)
[1091.383s][info][gc,heap     ] GC(65) Max Capacity: 4096M(100%)
[1091.383s][info][gc,heap     ] GC(65) Soft Max Capacity: 4096M(100%)
[1091.383s][info][gc,heap     ] GC(65)                Mark Start          Mark End        Relocate Start      Relocate End           High               Low         
[1091.383s][info][gc,heap     ] GC(65)  Capacity:     4096M (100%)       4096M (100%)       4096M (100%)       4096M (100%)       4096M (100%)       4096M (100%)   
[1091.383s][info][gc,heap     ] GC(65)      Free:     3620M (88%)        3610M (88%)        3932M (96%)        4030M (98%)        4030M (98%)        3608M (88%)    
[1091.383s][info][gc,heap     ] GC(65)      Used:      476M (12%)         486M (12%)         164M (4%)           66M (2%)          488M (12%)          66M (2%)     
[1091.383s][info][gc,heap     ] GC(65)      Live:         -                17M (0%)           17M (0%)           17M (0%)             -                  -          
[1091.383s][info][gc,heap     ] GC(65) Allocated:         -                10M (0%)           12M (0%)           12M (0%)             -                  -          
[1091.383s][info][gc,heap     ] GC(65)   Garbage:         -               458M (11%)         134M (3%)           36M (1%)             -                  -          
[1091.383s][info][gc,heap     ] GC(65) Reclaimed:         -                  -               324M (8%)          422M (10%)            -                  -          
[1091.383s][info][gc          ] GC(65) Garbage Collection (Proactive) 476M(12%)->66M(2%)
[1100.158s][info][gc,stats    ] === Garbage Collection Statistics =======================================================================================================================
[1100.158s][info][gc,stats    ]                                                              Last 10s              Last 10m              Last 10h                Total
[1100.158s][info][gc,stats    ]                                                              Avg / Max             Avg / Max             Avg / Max             Avg / Max
[1100.158s][info][gc,stats    ]   Collector: Garbage Collection Cycle                     30.284 / 30.284       29.473 / 40.202       30.826 / 54.411       30.826 / 54.411      ms
[1100.158s][info][gc,stats    ]  Contention: Mark Segment Reset Contention                     0 / 0                 0 / 3                 0 / 3                 0 / 3           ops/s
[1100.158s][info][gc,stats    ]  Contention: Mark SeqNum Reset Contention                      0 / 0                 0 / 2                 0 / 2                 0 / 2           ops/s
[1100.158s][info][gc,stats    ]    Critical: Allocation Stall                                  0 / 0                 0 / 0                 0 / 0                 0 / 0           ops/s
[1100.158s][info][gc,stats    ]    Critical: Allocation Stall                              0.000 / 0.000         0.000 / 0.000         0.000 / 0.000         0.000 / 0.000       ms
[1100.158s][info][gc,stats    ]    Critical: GC Locker Stall                                   0 / 0                 0 / 0                 0 / 0                 0 / 0           ops/s
[1100.158s][info][gc,stats    ]    Critical: GC Locker Stall                               0.000 / 0.000         0.000 / 0.000         0.000 / 0.000         0.000 / 0.000       ms
[1100.158s][info][gc,stats    ]    Critical: Relocation Stall                                  0 / 0                 0 / 0                 0 / 0                 0 / 0           ops/s
[1100.158s][info][gc,stats    ]    Critical: Relocation Stall                              0.000 / 0.000         0.000 / 0.000         0.000 / 0.000         0.000 / 0.000       ms
[1100.158s][info][gc,stats    ]      Memory: Allocation Rate                                  24 / 30               24 / 136              25 / 148              25 / 148         MB/s
[1100.158s][info][gc,stats    ]      Memory: Out Of Memory                                     0 / 0                 0 / 0                 0 / 0                 0 / 0           ops/s
[1100.158s][info][gc,stats    ]      Memory: Page Cache Flush                                  0 / 0                 0 / 0                 0 / 0                 0 / 0           MB/s
[1100.158s][info][gc,stats    ]      Memory: Page Cache Hit L1                                12 / 17               12 / 40               12 / 78               12 / 78          ops/s
[1100.158s][info][gc,stats    ]      Memory: Page Cache Hit L2                                 0 / 0                 0 / 0                 0 / 0                 0 / 0           ops/s
[1100.158s][info][gc,stats    ]      Memory: Page Cache Hit L3                                 0 / 0                 0 / 0                 0 / 48                0 / 48          ops/s
[1100.158s][info][gc,stats    ]      Memory: Page Cache Miss                                   0 / 0                 0 / 0                 0 / 1                 0 / 1           ops/s
[1100.158s][info][gc,stats    ]      Memory: Uncommit                                          0 / 0                 0 / 0                 0 / 0                 0 / 0           MB/s
[1100.158s][info][gc,stats    ]      Memory: Undo Object Allocation Failed                     0 / 0                 0 / 0                 0 / 1                 0 / 1           ops/s
[1100.158s][info][gc,stats    ]      Memory: Undo Object Allocation Succeeded                  0 / 0                 0 / 0                 0 / 22                0 / 22          ops/s
[1100.158s][info][gc,stats    ]      Memory: Undo Page Allocation                              0 / 0                 0 / 2                 0 / 2                 0 / 2           ops/s
[1100.158s][info][gc,stats    ]       Phase: Concurrent Mark                              16.950 / 16.950       16.654 / 19.824       17.696 / 38.897       17.696 / 38.897      ms
[1100.158s][info][gc,stats    ]       Phase: Concurrent Mark Continue                      0.000 / 0.000         0.000 / 0.000         0.000 / 0.000         0.000 / 0.000       ms
[1100.158s][info][gc,stats    ]       Phase: Concurrent Mark Free                          0.002 / 0.002         0.001 / 0.004         0.001 / 0.004         0.001 / 0.004       ms
[1100.158s][info][gc,stats    ]       Phase: Concurrent Process Non-Strong References      8.492 / 8.492         9.004 / 18.281        9.081 / 18.281        9.081 / 18.281      ms
[1100.158s][info][gc,stats    ]       Phase: Concurrent Relocate                           1.136 / 1.136         0.826 / 1.968         0.994 / 6.891         0.994 / 6.891       ms
[1100.158s][info][gc,stats    ]       Phase: Concurrent Reset Relocation Set               0.003 / 0.003         0.004 / 0.008         0.004 / 0.011         0.004 / 0.011       ms
[1100.158s][info][gc,stats    ]       Phase: Concurrent Select Relocation Set              2.243 / 2.243         1.511 / 3.260         1.577 / 3.477         1.577 / 3.477       ms
[1100.158s][info][gc,stats    ]       Phase: Pause Mark End                                0.019 / 0.019         0.023 / 0.035         0.024 / 0.065         0.024 / 0.065       ms
[1100.158s][info][gc,stats    ]       Phase: Pause Mark Start                              0.013 / 0.013         0.013 / 0.028         0.012 / 0.028         0.012 / 0.028       ms
[1100.158s][info][gc,stats    ]       Phase: Pause Relocate Start                          0.011 / 0.011         0.009 / 0.012         0.009 / 0.019         0.009 / 0.019       ms
[1100.158s][info][gc,stats    ]    Subphase: Concurrent Classes Purge                      0.241 / 0.241         0.386 / 1.942         0.387 / 2.002         0.387 / 2.002       ms
[1100.158s][info][gc,stats    ]    Subphase: Concurrent Classes Unlink                     7.557 / 7.557         7.783 / 15.288        7.828 / 15.288        7.828 / 15.288      ms
[1100.158s][info][gc,stats    ]    Subphase: Concurrent Mark                              13.832 / 16.080       13.732 / 19.084       14.456 / 33.017       14.456 / 33.017      ms
[1100.159s][info][gc,stats    ]    Subphase: Concurrent Mark Try Flush                     0.115 / 0.157         0.131 / 0.301         0.126 / 0.301         0.126 / 0.301       ms
[1100.159s][info][gc,stats    ]    Subphase: Concurrent Mark Try Terminate                 1.926 / 5.705         1.692 / 9.487         1.824 / 16.074        1.824 / 16.074      ms
[1100.159s][info][gc,stats    ]    Subphase: Concurrent References Enqueue                 0.001 / 0.001         0.002 / 0.009         0.002 / 0.010         0.002 / 0.010       ms
[1100.159s][info][gc,stats    ]    Subphase: Concurrent References Process                 0.116 / 0.116         0.142 / 0.235         0.155 / 0.513         0.155 / 0.513       ms
[1100.159s][info][gc,stats    ]    Subphase: Concurrent Roots ClassLoaderDataGraph         0.194 / 0.339         0.135 / 0.358         0.148 / 0.547         0.148 / 0.547       ms
[1100.159s][info][gc,stats    ]    Subphase: Concurrent Roots CodeCache                    0.000 / 0.000         0.000 / 0.000         0.000 / 0.000         0.000 / 0.000       ms
[1100.159s][info][gc,stats    ]    Subphase: Concurrent Roots JavaThreads                  0.460 / 0.612         0.331 / 0.613         0.456 / 5.702         0.456 / 5.702       ms
[1100.159s][info][gc,stats    ]    Subphase: Concurrent Roots OopStorageSet                0.029 / 0.038         0.026 / 0.059         0.028 / 0.085         0.028 / 0.085       ms
[1100.159s][info][gc,stats    ]    Subphase: Concurrent Weak Roots OopStorageSet           0.366 / 0.367         0.464 / 0.653         0.492 / 0.939         0.492 / 0.939       ms
[1100.159s][info][gc,stats    ]    Subphase: Pause Mark Try Complete                       0.000 / 0.000         0.000 / 0.000         0.000 / 0.000         0.000 / 0.000       ms
[1100.159s][info][gc,stats    ]      System: Java Threads                                     33 / 33               32 / 33               32 / 34               32 / 34          threads
[1100.159s][info][gc,stats    ] =========================================================================================================================================================
[1108.755s][info][gc,start    ] GC(66) Garbage Collection (Proactive)
[1108.755s][info][gc,task     ] GC(66) Using 2 workers
[1108.755s][info][gc,phases   ] GC(66) Pause Mark Start 0.008ms
[1108.771s][info][gc,phases   ] GC(66) Concurrent Mark 14.833ms
[1108.771s][info][gc,phases   ] GC(66) Pause Mark End 0.029ms
[1108.771s][info][gc,phases   ] GC(66) Concurrent Mark Free 0.001ms
[1108.780s][info][gc,phases   ] GC(66) Concurrent Process Non-Strong References 8.696ms
[1108.780s][info][gc,phases   ] GC(66) Concurrent Reset Relocation Set 0.003ms
[1108.781s][info][gc,phases   ] GC(66) Concurrent Select Relocation Set 1.260ms
[1108.781s][info][gc,phases   ] GC(66) Pause Relocate Start 0.011ms
[1108.782s][info][gc,phases   ] GC(66) Concurrent Relocate 0.629ms
[1108.782s][info][gc,load     ] GC(66) Load: 0.00/0.00/0.00
[1108.782s][info][gc,mmu      ] GC(66) MMU: 2ms/96.8%, 5ms/98.7%, 10ms/99.2%, 20ms/99.6%, 50ms/99.8%, 100ms/99.9%
[1108.782s][info][gc,marking  ] GC(66) Mark: 2 stripe(s), 2 proactive flush(es), 1 terminate flush(es), 0 completion(s), 0 continuation(s) 
[1108.782s][info][gc,marking  ] GC(66) Mark Stack Usage: 32M
[1108.782s][info][gc,nmethod  ] GC(66) NMethods: 8444 registered, 451 unregistered
[1108.782s][info][gc,metaspace] GC(66) Metaspace: 32M used, 33M committed, 1088M reserved
[1108.782s][info][gc,ref      ] GC(66) Soft: 4125 encountered, 0 discovered, 0 enqueued
[1108.782s][info][gc,ref      ] GC(66) Weak: 2173 encountered, 435 discovered, 0 enqueued
[1108.782s][info][gc,ref      ] GC(66) Final: 3 encountered, 2 discovered, 0 enqueued
[1108.782s][info][gc,ref      ] GC(66) Phantom: 279 encountered, 147 discovered, 0 enqueued
[1108.782s][info][gc,reloc    ] GC(66) Small Pages: 224 / 448M, Empty: 336M, Relocated: 1M, In-Place: 0
[1108.782s][info][gc,reloc    ] GC(66) Medium Pages: 1 / 32M, Empty: 0M, Relocated: 0M, In-Place: 0
[1108.782s][info][gc,reloc    ] GC(66) Large Pages: 0 / 0M, Empty: 0M, Relocated: 0M, In-Place: 0
[1108.782s][info][gc,reloc    ] GC(66) Forwarding Usage: 0M
[1108.782s][info][gc,heap     ] GC(66) Min Capacity: 4096M(100%)
[1108.782s][info][gc,heap     ] GC(66) Max Capacity: 4096M(100%)
[1108.782s][info][gc,heap     ] GC(66) Soft Max Capacity: 4096M(100%)
[1108.782s][info][gc,heap     ] GC(66)                Mark Start          Mark End        Relocate Start      Relocate End           High               Low         
[1108.782s][info][gc,heap     ] GC(66)  Capacity:     4096M (100%)       4096M (100%)       4096M (100%)       4096M (100%)       4096M (100%)       4096M (100%)   
[1108.782s][info][gc,heap     ] GC(66)      Free:     3616M (88%)        3604M (88%)        3940M (96%)        4030M (98%)        4030M (98%)        3604M (88%)    
[1108.782s][info][gc,heap     ] GC(66)      Used:      480M (12%)         492M (12%)         156M (4%)           66M (2%)          492M (12%)          66M (2%)     
[1108.782s][info][gc,heap     ] GC(66)      Live:         -                17M (0%)           17M (0%)           17M (0%)             -                  -          
[1108.782s][info][gc,heap     ] GC(66) Allocated:         -                12M (0%)           12M (0%)           12M (0%)             -                  -          
[1108.782s][info][gc,heap     ] GC(66)   Garbage:         -               462M (11%)         126M (3%)           36M (1%)             -                  -          
[1108.782s][info][gc,heap     ] GC(66) Reclaimed:         -                  -               336M (8%)          426M (10%)            -                  -          
[1108.782s][info][gc          ] GC(66) Garbage Collection (Proactive) 480M(12%)->66M(2%)
[1110.160s][info][gc,stats    ] === Garbage Collection Statistics =======================================================================================================================
[1110.160s][info][gc,stats    ]                                                              Last 10s              Last 10m              Last 10h                Total
[1110.160s][info][gc,stats    ]                                                              Avg / Max             Avg / Max             Avg / Max             Avg / Max
[1110.160s][info][gc,stats    ]   Collector: Garbage Collection Cycle                     27.192 / 27.192       29.412 / 40.202       30.771 / 54.411       30.771 / 54.411      ms
[1110.161s][info][gc,stats    ]  Contention: Mark Segment Reset Contention                     0 / 0                 0 / 3                 0 / 3                 0 / 3           ops/s
[1110.161s][info][gc,stats    ]  Contention: Mark SeqNum Reset Contention                      0 / 1                 0 / 2                 0 / 2                 0 / 2           ops/s
[1110.161s][info][gc,stats    ]    Critical: Allocation Stall                                  0 / 0                 0 / 0                 0 / 0                 0 / 0           ops/s
[1110.161s][info][gc,stats    ]    Critical: Allocation Stall                              0.000 / 0.000         0.000 / 0.000         0.000 / 0.000         0.000 / 0.000       ms
[1110.161s][info][gc,stats    ]    Critical: GC Locker Stall                                   0 / 0                 0 / 0                 0 / 0                 0 / 0           ops/s
[1110.161s][info][gc,stats    ]    Critical: GC Locker Stall                               0.000 / 0.000         0.000 / 0.000         0.000 / 0.000         0.000 / 0.000       ms
[1110.161s][info][gc,stats    ]    Critical: Relocation Stall                                  0 / 0                 0 / 0                 0 / 0                 0 / 0           ops/s
[1110.161s][info][gc,stats    ]    Critical: Relocation Stall                              0.000 / 0.000         0.000 / 0.000         0.000 / 0.000         0.000 / 0.000       ms
[1110.161s][info][gc,stats    ]      Memory: Allocation Rate                                  25 / 32               24 / 136              25 / 148              25 / 148         MB/s
[1110.161s][info][gc,stats    ]      Memory: Out Of Memory                                     0 / 0                 0 / 0                 0 / 0                 0 / 0           ops/s
[1110.161s][info][gc,stats    ]      Memory: Page Cache Flush                                  0 / 0                 0 / 0                 0 / 0                 0 / 0           MB/s
[1110.161s][info][gc,stats    ]      Memory: Page Cache Hit L1                                12 / 18               12 / 40               12 / 78               12 / 78          ops/s
[1110.161s][info][gc,stats    ]      Memory: Page Cache Hit L2                                 0 / 0                 0 / 0                 0 / 0                 0 / 0           ops/s
[1110.161s][info][gc,stats    ]      Memory: Page Cache Hit L3                                 0 / 0                 0 / 0                 0 / 48                0 / 48          ops/s
[1110.161s][info][gc,stats    ]      Memory: Page Cache Miss                                   0 / 0                 0 / 0                 0 / 1                 0 / 1           ops/s
[1110.161s][info][gc,stats    ]      Memory: Uncommit                                          0 / 0                 0 / 0                 0 / 0                 0 / 0           MB/s
[1110.161s][info][gc,stats    ]      Memory: Undo Object Allocation Failed                     0 / 0                 0 / 0                 0 / 1                 0 / 1           ops/s
[1110.161s][info][gc,stats    ]      Memory: Undo Object Allocation Succeeded                  0 / 0                 0 / 0                 0 / 22                0 / 22          ops/s
[1110.161s][info][gc,stats    ]      Memory: Undo Page Allocation                              0 / 1                 0 / 2                 0 / 2                 0 / 2           ops/s
[1110.161s][info][gc,stats    ]       Phase: Concurrent Mark                              14.833 / 14.833       16.605 / 19.824       17.654 / 38.897       17.654 / 38.897      ms
[1110.161s][info][gc,stats    ]       Phase: Concurrent Mark Continue                      0.000 / 0.000         0.000 / 0.000         0.000 / 0.000         0.000 / 0.000       ms
[1110.161s][info][gc,stats    ]       Phase: Concurrent Mark Free                          0.001 / 0.001         0.001 / 0.004         0.001 / 0.004         0.001 / 0.004       ms
[1110.161s][info][gc,stats    ]       Phase: Concurrent Process Non-Strong References      8.696 / 8.696         8.995 / 18.281        9.075 / 18.281        9.075 / 18.281      ms
[1110.161s][info][gc,stats    ]       Phase: Concurrent Relocate                           0.629 / 0.629         0.821 / 1.968         0.989 / 6.891         0.989 / 6.891       ms
[1110.161s][info][gc,stats    ]       Phase: Concurrent Reset Relocation Set               0.003 / 0.003         0.004 / 0.008         0.004 / 0.011         0.004 / 0.011       ms
[1110.161s][info][gc,stats    ]       Phase: Concurrent Select Relocation Set              1.260 / 1.260         1.504 / 3.260         1.572 / 3.477         1.572 / 3.477       ms
[1110.161s][info][gc,stats    ]       Phase: Pause Mark End                                0.029 / 0.029         0.023 / 0.035         0.024 / 0.065         0.024 / 0.065       ms
[1110.161s][info][gc,stats    ]       Phase: Pause Mark Start                              0.008 / 0.008         0.013 / 0.028         0.012 / 0.028         0.012 / 0.028       ms
[1110.161s][info][gc,stats    ]       Phase: Pause Relocate Start                          0.011 / 0.011         0.009 / 0.012         0.009 / 0.019         0.009 / 0.019       ms
[1110.161s][info][gc,stats    ]    Subphase: Concurrent Classes Purge                      0.236 / 0.236         0.382 / 1.942         0.384 / 2.002         0.384 / 2.002       ms
[1110.161s][info][gc,stats    ]    Subphase: Concurrent Classes Unlink                     7.462 / 7.462         7.775 / 15.288        7.822 / 15.288        7.822 / 15.288      ms
[1110.161s][info][gc,stats    ]    Subphase: Concurrent Mark                              12.697 / 14.168       13.704 / 19.084       14.430 / 33.017       14.430 / 33.017      ms
[1110.161s][info][gc,stats    ]    Subphase: Concurrent Mark Try Flush                     0.137 / 0.224         0.131 / 0.301         0.126 / 0.301         0.126 / 0.301       ms
[1110.161s][info][gc,stats    ]    Subphase: Concurrent Mark Try Terminate                 1.162 / 3.417         1.677 / 9.487         1.814 / 16.074        1.814 / 16.074      ms
[1110.161s][info][gc,stats    ]    Subphase: Concurrent References Enqueue                 0.001 / 0.001         0.002 / 0.009         0.002 / 0.010         0.002 / 0.010       ms
[1110.161s][info][gc,stats    ]    Subphase: Concurrent References Process                 0.126 / 0.126         0.141 / 0.235         0.155 / 0.513         0.155 / 0.513       ms
[1110.161s][info][gc,stats    ]    Subphase: Concurrent Roots ClassLoaderDataGraph         0.120 / 0.205         0.135 / 0.358         0.148 / 0.547         0.148 / 0.547       ms
[1110.161s][info][gc,stats    ]    Subphase: Concurrent Roots CodeCache                    0.000 / 0.000         0.000 / 0.000         0.000 / 0.000         0.000 / 0.000       ms
[1110.161s][info][gc,stats    ]    Subphase: Concurrent Roots JavaThreads                  0.279 / 0.358         0.329 / 0.613         0.454 / 5.702         0.454 / 5.702       ms
[1110.161s][info][gc,stats    ]    Subphase: Concurrent Roots OopStorageSet                0.020 / 0.027         0.026 / 0.059         0.027 / 0.085         0.027 / 0.085       ms
[1110.161s][info][gc,stats    ]    Subphase: Concurrent Weak Roots OopStorageSet           0.645 / 0.647         0.469 / 0.653         0.494 / 0.939         0.494 / 0.939       ms
[1110.161s][info][gc,stats    ]    Subphase: Pause Mark Try Complete                       0.000 / 0.000         0.000 / 0.000         0.000 / 0.000         0.000 / 0.000       ms
[1110.161s][info][gc,stats    ]      System: Java Threads                                     33 / 33               32 / 33               32 / 34               32 / 34          threads
[1110.161s][info][gc,stats    ] =========================================================================================================================================================
[1120.159s][info][gc,stats    ] === Garbage Collection Statistics =======================================================================================================================
[1120.159s][info][gc,stats    ]                                                              Last 10s              Last 10m              Last 10h                Total
[1120.159s][info][gc,stats    ]                                                              Avg / Max             Avg / Max             Avg / Max             Avg / Max
[1120.159s][info][gc,stats    ]   Collector: Garbage Collection Cycle                      0.000 / 0.000        29.407 / 40.202       30.771 / 54.411       30.771 / 54.411      ms
[1120.159s][info][gc,stats    ]  Contention: Mark Segment Reset Contention                     0 / 0                 0 / 3                 0 / 3                 0 / 3           ops/s
[1120.159s][info][gc,stats    ]  Contention: Mark SeqNum Reset Contention                      0 / 0                 0 / 2                 0 / 2                 0 / 2           ops/s
[1120.159s][info][gc,stats    ]    Critical: Allocation Stall                                  0 / 0                 0 / 0                 0 / 0                 0 / 0           ops/s
[1120.159s][info][gc,stats    ]    Critical: Allocation Stall                              0.000 / 0.000         0.000 / 0.000         0.000 / 0.000         0.000 / 0.000       ms
[1120.160s][info][gc,stats    ]    Critical: GC Locker Stall                                   0 / 0                 0 / 0                 0 / 0                 0 / 0           ops/s
[1120.160s][info][gc,stats    ]    Critical: GC Locker Stall                               0.000 / 0.000         0.000 / 0.000         0.000 / 0.000         0.000 / 0.000       ms
[1120.160s][info][gc,stats    ]    Critical: Relocation Stall                                  0 / 0                 0 / 0                 0 / 0                 0 / 0           ops/s
[1120.160s][info][gc,stats    ]    Critical: Relocation Stall                              0.000 / 0.000         0.000 / 0.000         0.000 / 0.000         0.000 / 0.000       ms
[1120.160s][info][gc,stats    ]      Memory: Allocation Rate                                  24 / 28               24 / 136              25 / 148              25 / 148         MB/s
[1120.160s][info][gc,stats    ]      Memory: Out Of Memory                                     0 / 0                 0 / 0                 0 / 0                 0 / 0           ops/s
[1120.160s][info][gc,stats    ]      Memory: Page Cache Flush                                  0 / 0                 0 / 0                 0 / 0                 0 / 0           MB/s
[1120.160s][info][gc,stats    ]      Memory: Page Cache Hit L1                                12 / 14               12 / 40               12 / 78               12 / 78          ops/s
[1120.160s][info][gc,stats    ]      Memory: Page Cache Hit L2                                 0 / 0                 0 / 0                 0 / 0                 0 / 0           ops/s
[1120.160s][info][gc,stats    ]      Memory: Page Cache Hit L3                                 0 / 0                 0 / 0                 0 / 48                0 / 48          ops/s
[1120.160s][info][gc,stats    ]      Memory: Page Cache Miss                                   0 / 0                 0 / 0                 0 / 1                 0 / 1           ops/s
[1120.160s][info][gc,stats    ]      Memory: Uncommit                                          0 / 0                 0 / 0                 0 / 0                 0 / 0           MB/s
[1120.160s][info][gc,stats    ]      Memory: Undo Object Allocation Failed                     0 / 0                 0 / 0                 0 / 1                 0 / 1           ops/s
[1120.160s][info][gc,stats    ]      Memory: Undo Object Allocation Succeeded                  0 / 0                 0 / 0                 0 / 22                0 / 22          ops/s
[1120.160s][info][gc,stats    ]      Memory: Undo Page Allocation                              0 / 0                 0 / 2                 0 / 2                 0 / 2           ops/s
[1120.160s][info][gc,stats    ]       Phase: Concurrent Mark                               0.000 / 0.000        16.620 / 19.824       17.654 / 38.897       17.654 / 38.897      ms
[1120.160s][info][gc,stats    ]       Phase: Concurrent Mark Continue                      0.000 / 0.000         0.000 / 0.000         0.000 / 0.000         0.000 / 0.000       ms
[1120.160s][info][gc,stats    ]       Phase: Concurrent Mark Free                          0.000 / 0.000         0.001 / 0.004         0.001 / 0.004         0.001 / 0.004       ms
[1120.160s][info][gc,stats    ]       Phase: Concurrent Process Non-Strong References      0.000 / 0.000         9.019 / 18.281        9.075 / 18.281        9.075 / 18.281      ms
[1120.160s][info][gc,stats    ]       Phase: Concurrent Relocate                           0.000 / 0.000         0.789 / 1.503         0.989 / 6.891         0.989 / 6.891       ms
[1120.160s][info][gc,stats    ]       Phase: Concurrent Reset Relocation Set               0.000 / 0.000         0.004 / 0.008         0.004 / 0.011         0.004 / 0.011       ms
[1120.160s][info][gc,stats    ]       Phase: Concurrent Select Relocation Set              0.000 / 0.000         1.502 / 3.260         1.572 / 3.477         1.572 / 3.477       ms
[1120.160s][info][gc,stats    ]       Phase: Pause Mark End                                0.000 / 0.000         0.023 / 0.035         0.024 / 0.065         0.024 / 0.065       ms
[1120.160s][info][gc,stats    ]       Phase: Pause Mark Start                              0.000 / 0.000         0.013 / 0.028         0.012 / 0.028         0.012 / 0.028       ms
[1120.160s][info][gc,stats    ]       Phase: Pause Relocate Start                          0.000 / 0.000         0.009 / 0.012         0.009 / 0.019         0.009 / 0.019       ms
[1120.160s][info][gc,stats    ]    Subphase: Concurrent Classes Purge                      0.000 / 0.000         0.383 / 1.942         0.384 / 2.002         0.384 / 2.002       ms
[1120.160s][info][gc,stats    ]    Subphase: Concurrent Classes Unlink                     0.000 / 0.000         7.802 / 15.288        7.822 / 15.288        7.822 / 15.288      ms
[1120.160s][info][gc,stats    ]    Subphase: Concurrent Mark                               0.000 / 0.000        13.687 / 19.084       14.430 / 33.017       14.430 / 33.017      ms
[1120.160s][info][gc,stats    ]    Subphase: Concurrent Mark Try Flush                     0.000 / 0.000         0.132 / 0.301         0.126 / 0.301         0.126 / 0.301       ms
[1120.160s][info][gc,stats    ]    Subphase: Concurrent Mark Try Terminate                 0.000 / 0.000         1.699 / 9.487         1.814 / 16.074        1.814 / 16.074      ms
[1120.160s][info][gc,stats    ]    Subphase: Concurrent References Enqueue                 0.000 / 0.000         0.002 / 0.009         0.002 / 0.010         0.002 / 0.010       ms
[1120.160s][info][gc,stats    ]    Subphase: Concurrent References Process                 0.000 / 0.000         0.141 / 0.235         0.155 / 0.513         0.155 / 0.513       ms
[1120.160s][info][gc,stats    ]    Subphase: Concurrent Roots ClassLoaderDataGraph         0.000 / 0.000         0.135 / 0.358         0.148 / 0.547         0.148 / 0.547       ms
[1120.160s][info][gc,stats    ]    Subphase: Concurrent Roots CodeCache                    0.000 / 0.000         0.000 / 0.000         0.000 / 0.000         0.000 / 0.000       ms
[1120.160s][info][gc,stats    ]    Subphase: Concurrent Roots JavaThreads                  0.000 / 0.000         0.330 / 0.613         0.454 / 5.702         0.454 / 5.702       ms
[1120.160s][info][gc,stats    ]    Subphase: Concurrent Roots OopStorageSet                0.000 / 0.000         0.026 / 0.059         0.027 / 0.085         0.027 / 0.085       ms
[1120.160s][info][gc,stats    ]    Subphase: Concurrent Weak Roots OopStorageSet           0.000 / 0.000         0.465 / 0.653         0.494 / 0.939         0.494 / 0.939       ms
[1120.160s][info][gc,stats    ]    Subphase: Pause Mark Try Complete                       0.000 / 0.000         0.000 / 0.000         0.000 / 0.000         0.000 / 0.000       ms
[1120.160s][info][gc,stats    ]      System: Java Threads                                      0 / 0                32 / 33               32 / 34               32 / 34          threads
[1120.160s][info][gc,stats    ] =========================================================================================================================================================
[1125.958s][info][gc,start    ] GC(67) Garbage Collection (Proactive)
[1125.958s][info][gc,task     ] GC(67) Using 2 workers
[1125.959s][info][gc,phases   ] GC(67) Pause Mark Start 0.010ms
[1125.976s][info][gc,phases   ] GC(67) Concurrent Mark 17.388ms
[1125.976s][info][gc,phases   ] GC(67) Pause Mark End 0.029ms
[1125.976s][info][gc,phases   ] GC(67) Concurrent Mark Free 0.001ms
[1125.985s][info][gc,phases   ] GC(67) Concurrent Process Non-Strong References 8.397ms
[1125.985s][info][gc,phases   ] GC(67) Concurrent Reset Relocation Set 0.004ms
[1125.986s][info][gc,phases   ] GC(67) Concurrent Select Relocation Set 1.357ms
[1125.987s][info][gc,phases   ] GC(67) Pause Relocate Start 0.010ms
[1125.988s][info][gc,phases   ] GC(67) Concurrent Relocate 0.956ms
[1125.988s][info][gc,load     ] GC(67) Load: 0.00/0.00/0.00
[1125.988s][info][gc,mmu      ] GC(67) MMU: 2ms/96.8%, 5ms/98.7%, 10ms/99.2%, 20ms/99.6%, 50ms/99.8%, 100ms/99.9%
[1125.988s][info][gc,marking  ] GC(67) Mark: 2 stripe(s), 2 proactive flush(es), 1 terminate flush(es), 0 completion(s), 0 continuation(s) 
[1125.988s][info][gc,marking  ] GC(67) Mark Stack Usage: 32M
[1125.988s][info][gc,nmethod  ] GC(67) NMethods: 8451 registered, 451 unregistered
[1125.988s][info][gc,metaspace] GC(67) Metaspace: 32M used, 33M committed, 1088M reserved
[1125.988s][info][gc,ref      ] GC(67) Soft: 4125 encountered, 0 discovered, 0 enqueued
[1125.988s][info][gc,ref      ] GC(67) Weak: 2173 encountered, 307 discovered, 0 enqueued
[1125.988s][info][gc,ref      ] GC(67) Final: 3 encountered, 0 discovered, 0 enqueued
[1125.988s][info][gc,ref      ] GC(67) Phantom: 279 encountered, 218 discovered, 0 enqueued
[1125.988s][info][gc,reloc    ] GC(67) Small Pages: 223 / 446M, Empty: 326M, Relocated: 1M, In-Place: 0
[1125.988s][info][gc,reloc    ] GC(67) Medium Pages: 1 / 32M, Empty: 0M, Relocated: 0M, In-Place: 0
[1125.988s][info][gc,reloc    ] GC(67) Large Pages: 0 / 0M, Empty: 0M, Relocated: 0M, In-Place: 0
[1125.988s][info][gc,reloc    ] GC(67) Forwarding Usage: 0M
[1125.988s][info][gc,heap     ] GC(67) Min Capacity: 4096M(100%)
[1125.988s][info][gc,heap     ] GC(67) Max Capacity: 4096M(100%)
[1125.988s][info][gc,heap     ] GC(67) Soft Max Capacity: 4096M(100%)
[1125.988s][info][gc,heap     ] GC(67)                Mark Start          Mark End        Relocate Start      Relocate End           High               Low         
[1125.988s][info][gc,heap     ] GC(67)  Capacity:     4096M (100%)       4096M (100%)       4096M (100%)       4096M (100%)       4096M (100%)       4096M (100%)   
[1125.988s][info][gc,heap     ] GC(67)      Free:     3618M (88%)        3608M (88%)        3934M (96%)        4032M (98%)        4032M (98%)        3608M (88%)    
[1125.988s][info][gc,heap     ] GC(67)      Used:      478M (12%)         488M (12%)         162M (4%)           64M (2%)          488M (12%)          64M (2%)     
[1125.988s][info][gc,heap     ] GC(67)      Live:         -                17M (0%)           17M (0%)           17M (0%)             -                  -          
[1125.988s][info][gc,heap     ] GC(67) Allocated:         -                10M (0%)           10M (0%)           10M (0%)             -                  -          
[1125.988s][info][gc,heap     ] GC(67)   Garbage:         -               460M (11%)         134M (3%)           36M (1%)             -                  -          
[1125.988s][info][gc,heap     ] GC(67) Reclaimed:         -                  -               326M (8%)          424M (10%)            -                  -          
[1125.988s][info][gc          ] GC(67) Garbage Collection (Proactive) 478M(12%)->64M(2%)
[1130.152s][info][gc,stats    ] === Garbage Collection Statistics =======================================================================================================================
[1130.152s][info][gc,stats    ]                                                              Last 10s              Last 10m              Last 10h                Total
[1130.153s][info][gc,stats    ]                                                              Avg / Max             Avg / Max             Avg / Max             Avg / Max
[1130.153s][info][gc,stats    ]   Collector: Garbage Collection Cycle                     29.236 / 29.236       29.402 / 40.202       30.749 / 54.411       30.749 / 54.411      ms
[1130.153s][info][gc,stats    ]  Contention: Mark Segment Reset Contention                     0 / 0                 0 / 3                 0 / 3                 0 / 3           ops/s
[1130.153s][info][gc,stats    ]  Contention: Mark SeqNum Reset Contention                      0 / 0                 0 / 2                 0 / 2                 0 / 2           ops/s
[1130.153s][info][gc,stats    ]    Critical: Allocation Stall                                  0 / 0                 0 / 0                 0 / 0                 0 / 0           ops/s
[1130.153s][info][gc,stats    ]    Critical: Allocation Stall                              0.000 / 0.000         0.000 / 0.000         0.000 / 0.000         0.000 / 0.000       ms
[1130.153s][info][gc,stats    ]    Critical: GC Locker Stall                                   0 / 0                 0 / 0                 0 / 0                 0 / 0           ops/s
[1130.153s][info][gc,stats    ]    Critical: GC Locker Stall                               0.000 / 0.000         0.000 / 0.000         0.000 / 0.000         0.000 / 0.000       ms
[1130.153s][info][gc,stats    ]    Critical: Relocation Stall                                  0 / 0                 0 / 0                 0 / 0                 0 / 0           ops/s
[1130.153s][info][gc,stats    ]    Critical: Relocation Stall                              0.000 / 0.000         0.000 / 0.000         0.000 / 0.000         0.000 / 0.000       ms
[1130.153s][info][gc,stats    ]      Memory: Allocation Rate                                  24 / 32               24 / 136              25 / 148              25 / 148         MB/s
[1130.153s][info][gc,stats    ]      Memory: Out Of Memory                                     0 / 0                 0 / 0                 0 / 0                 0 / 0           ops/s
[1130.153s][info][gc,stats    ]      Memory: Page Cache Flush                                  0 / 0                 0 / 0                 0 / 0                 0 / 0           MB/s
[1130.153s][info][gc,stats    ]      Memory: Page Cache Hit L1                                12 / 18               12 / 40               12 / 78               12 / 78          ops/s
[1130.153s][info][gc,stats    ]      Memory: Page Cache Hit L2                                 0 / 0                 0 / 0                 0 / 0                 0 / 0           ops/s
[1130.153s][info][gc,stats    ]      Memory: Page Cache Hit L3                                 0 / 0                 0 / 0                 0 / 48                0 / 48          ops/s
[1130.153s][info][gc,stats    ]      Memory: Page Cache Miss                                   0 / 0                 0 / 0                 0 / 1                 0 / 1           ops/s
[1130.153s][info][gc,stats    ]      Memory: Uncommit                                          0 / 0                 0 / 0                 0 / 0                 0 / 0           MB/s
[1130.153s][info][gc,stats    ]      Memory: Undo Object Allocation Failed                     0 / 0                 0 / 0                 0 / 1                 0 / 1           ops/s
[1130.153s][info][gc,stats    ]      Memory: Undo Object Allocation Succeeded                  0 / 0                 0 / 0                 0 / 22                0 / 22          ops/s
[1130.153s][info][gc,stats    ]      Memory: Undo Page Allocation                              0 / 0                 0 / 2                 0 / 2                 0 / 2           ops/s
[1130.153s][info][gc,stats    ]       Phase: Concurrent Mark                              17.388 / 17.388       16.623 / 19.824       17.650 / 38.897       17.650 / 38.897      ms
[1130.153s][info][gc,stats    ]       Phase: Concurrent Mark Continue                      0.000 / 0.000         0.000 / 0.000         0.000 / 0.000         0.000 / 0.000       ms
[1130.153s][info][gc,stats    ]       Phase: Concurrent Mark Free                          0.001 / 0.001         0.001 / 0.004         0.001 / 0.004         0.001 / 0.004       ms
[1130.153s][info][gc,stats    ]       Phase: Concurrent Process Non-Strong References      8.397 / 8.397         9.020 / 18.281        9.065 / 18.281        9.065 / 18.281      ms
[1130.153s][info][gc,stats    ]       Phase: Concurrent Relocate                           0.956 / 0.956         0.788 / 1.503         0.989 / 6.891         0.989 / 6.891       ms
[1130.153s][info][gc,stats    ]       Phase: Concurrent Reset Relocation Set               0.004 / 0.004         0.004 / 0.008         0.004 / 0.011         0.004 / 0.011       ms
[1130.153s][info][gc,stats    ]       Phase: Concurrent Select Relocation Set              1.357 / 1.357         1.500 / 3.260         1.569 / 3.477         1.569 / 3.477       ms
[1130.153s][info][gc,stats    ]       Phase: Pause Mark End                                0.029 / 0.029         0.023 / 0.035         0.024 / 0.065         0.024 / 0.065       ms
[1130.153s][info][gc,stats    ]       Phase: Pause Mark Start                              0.010 / 0.010         0.012 / 0.028         0.012 / 0.028         0.012 / 0.028       ms
[1130.153s][info][gc,stats    ]       Phase: Pause Relocate Start                          0.010 / 0.010         0.009 / 0.012         0.009 / 0.019         0.009 / 0.019       ms
[1130.153s][info][gc,stats    ]    Subphase: Concurrent Classes Purge                      0.325 / 0.325         0.383 / 1.942         0.383 / 2.002         0.383 / 2.002       ms
[1130.153s][info][gc,stats    ]    Subphase: Concurrent Classes Unlink                     7.340 / 7.340         7.811 / 15.288        7.815 / 15.288        7.815 / 15.288      ms
[1130.153s][info][gc,stats    ]    Subphase: Concurrent Mark                              13.919 / 16.657       13.678 / 19.084       14.422 / 33.017       14.422 / 33.017      ms
[1130.153s][info][gc,stats    ]    Subphase: Concurrent Mark Try Flush                     0.143 / 0.155         0.132 / 0.301         0.126 / 0.301         0.126 / 0.301       ms
[1130.153s][info][gc,stats    ]    Subphase: Concurrent Mark Try Terminate                 2.076 / 6.093         1.706 / 9.487         1.818 / 16.074        1.818 / 16.074      ms
[1130.153s][info][gc,stats    ]    Subphase: Concurrent References Enqueue                 0.001 / 0.001         0.002 / 0.009         0.002 / 0.010         0.002 / 0.010       ms
[1130.153s][info][gc,stats    ]    Subphase: Concurrent References Process                 0.076 / 0.076         0.137 / 0.235         0.154 / 0.513         0.154 / 0.513       ms
[1130.153s][info][gc,stats    ]    Subphase: Concurrent Roots ClassLoaderDataGraph         0.154 / 0.252         0.135 / 0.358         0.148 / 0.547         0.148 / 0.547       ms
[1130.153s][info][gc,stats    ]    Subphase: Concurrent Roots CodeCache                    0.000 / 0.000         0.000 / 0.000         0.000 / 0.000         0.000 / 0.000       ms
[1130.153s][info][gc,stats    ]    Subphase: Concurrent Roots JavaThreads                  0.335 / 0.442         0.329 / 0.613         0.452 / 5.702         0.452 / 5.702       ms
[1130.153s][info][gc,stats    ]    Subphase: Concurrent Roots OopStorageSet                0.023 / 0.031         0.026 / 0.059         0.027 / 0.085         0.027 / 0.085       ms
[1130.153s][info][gc,stats    ]    Subphase: Concurrent Weak Roots OopStorageSet           0.421 / 0.422         0.460 / 0.653         0.493 / 0.939         0.493 / 0.939       ms
[1130.153s][info][gc,stats    ]    Subphase: Pause Mark Try Complete                       0.000 / 0.000         0.000 / 0.000         0.000 / 0.000         0.000 / 0.000       ms
[1130.153s][info][gc,stats    ]      System: Java Threads                                     33 / 33               32 / 33               32 / 34               32 / 34          threads
[1130.153s][info][gc,stats    ] =========================================================================================================================================================
[1140.157s][info][gc,stats    ] === Garbage Collection Statistics =======================================================================================================================
[1140.157s][info][gc,stats    ]                                                              Last 10s              Last 10m              Last 10h                Total
[1140.157s][info][gc,stats    ]                                                              Avg / Max             Avg / Max             Avg / Max             Avg / Max
[1140.157s][info][gc,stats    ]   Collector: Garbage Collection Cycle                      0.000 / 0.000        29.402 / 40.202       30.749 / 54.411       30.749 / 54.411      ms
[1140.157s][info][gc,stats    ]  Contention: Mark Segment Reset Contention                     0 / 0                 0 / 3                 0 / 3                 0 / 3           ops/s
[1140.157s][info][gc,stats    ]  Contention: Mark SeqNum Reset Contention                      0 / 0                 0 / 2                 0 / 2                 0 / 2           ops/s
[1140.157s][info][gc,stats    ]    Critical: Allocation Stall                                  0 / 0                 0 / 0                 0 / 0                 0 / 0           ops/s
[1140.157s][info][gc,stats    ]    Critical: Allocation Stall                              0.000 / 0.000         0.000 / 0.000         0.000 / 0.000         0.000 / 0.000       ms
[1140.157s][info][gc,stats    ]    Critical: GC Locker Stall                                   0 / 0                 0 / 0                 0 / 0                 0 / 0           ops/s
[1140.157s][info][gc,stats    ]    Critical: GC Locker Stall                               0.000 / 0.000         0.000 / 0.000         0.000 / 0.000         0.000 / 0.000       ms
[1140.157s][info][gc,stats    ]    Critical: Relocation Stall                                  0 / 0                 0 / 0                 0 / 0                 0 / 0           ops/s
[1140.158s][info][gc,stats    ]    Critical: Relocation Stall                              0.000 / 0.000         0.000 / 0.000         0.000 / 0.000         0.000 / 0.000       ms
[1140.158s][info][gc,stats    ]      Memory: Allocation Rate                                  24 / 28               24 / 136              25 / 148              25 / 148         MB/s
[1140.158s][info][gc,stats    ]      Memory: Out Of Memory                                     0 / 0                 0 / 0                 0 / 0                 0 / 0           ops/s
[1140.158s][info][gc,stats    ]      Memory: Page Cache Flush                                  0 / 0                 0 / 0                 0 / 0                 0 / 0           MB/s
[1140.158s][info][gc,stats    ]      Memory: Page Cache Hit L1                                12 / 14               12 / 40               12 / 78               12 / 78          ops/s
[1140.158s][info][gc,stats    ]      Memory: Page Cache Hit L2                                 0 / 0                 0 / 0                 0 / 0                 0 / 0           ops/s
[1140.158s][info][gc,stats    ]      Memory: Page Cache Hit L3                                 0 / 0                 0 / 0                 0 / 48                0 / 48          ops/s
[1140.158s][info][gc,stats    ]      Memory: Page Cache Miss                                   0 / 0                 0 / 0                 0 / 1                 0 / 1           ops/s
[1140.158s][info][gc,stats    ]      Memory: Uncommit                                          0 / 0                 0 / 0                 0 / 0                 0 / 0           MB/s
[1140.158s][info][gc,stats    ]      Memory: Undo Object Allocation Failed                     0 / 0                 0 / 0                 0 / 1                 0 / 1           ops/s
[1140.158s][info][gc,stats    ]      Memory: Undo Object Allocation Succeeded                  0 / 0                 0 / 0                 0 / 22                0 / 22          ops/s
[1140.158s][info][gc,stats    ]      Memory: Undo Page Allocation                              0 / 1                 0 / 2                 0 / 2                 0 / 2           ops/s
[1140.158s][info][gc,stats    ]       Phase: Concurrent Mark                               0.000 / 0.000        16.623 / 19.824       17.650 / 38.897       17.650 / 38.897      ms
[1140.158s][info][gc,stats    ]       Phase: Concurrent Mark Continue                      0.000 / 0.000         0.000 / 0.000         0.000 / 0.000         0.000 / 0.000       ms
[1140.158s][info][gc,stats    ]       Phase: Concurrent Mark Free                          0.000 / 0.000         0.001 / 0.004         0.001 / 0.004         0.001 / 0.004       ms
[1140.158s][info][gc,stats    ]       Phase: Concurrent Process Non-Strong References      0.000 / 0.000         9.020 / 18.281        9.065 / 18.281        9.065 / 18.281      ms
[1140.158s][info][gc,stats    ]       Phase: Concurrent Relocate                           0.000 / 0.000         0.788 / 1.503         0.989 / 6.891         0.989 / 6.891       ms
[1140.158s][info][gc,stats    ]       Phase: Concurrent Reset Relocation Set               0.000 / 0.000         0.004 / 0.008         0.004 / 0.011         0.004 / 0.011       ms
[1140.158s][info][gc,stats    ]       Phase: Concurrent Select Relocation Set              0.000 / 0.000         1.500 / 3.260         1.569 / 3.477         1.569 / 3.477       ms
[1140.158s][info][gc,stats    ]       Phase: Pause Mark End                                0.000 / 0.000         0.023 / 0.035         0.024 / 0.065         0.024 / 0.065       ms
[1140.158s][info][gc,stats    ]       Phase: Pause Mark Start                              0.000 / 0.000         0.012 / 0.028         0.012 / 0.028         0.012 / 0.028       ms
[1140.158s][info][gc,stats    ]       Phase: Pause Relocate Start                          0.000 / 0.000         0.009 / 0.012         0.009 / 0.019         0.009 / 0.019       ms
[1140.158s][info][gc,stats    ]    Subphase: Concurrent Classes Purge                      0.000 / 0.000         0.383 / 1.942         0.383 / 2.002         0.383 / 2.002       ms
[1140.158s][info][gc,stats    ]    Subphase: Concurrent Classes Unlink                     0.000 / 0.000         7.811 / 15.288        7.815 / 15.288        7.815 / 15.288      ms
[1140.158s][info][gc,stats    ]    Subphase: Concurrent Mark                               0.000 / 0.000        13.678 / 19.084       14.422 / 33.017       14.422 / 33.017      ms
[1140.158s][info][gc,stats    ]    Subphase: Concurrent Mark Try Flush                     0.000 / 0.000         0.132 / 0.301         0.126 / 0.301         0.126 / 0.301       ms
[1140.158s][info][gc,stats    ]    Subphase: Concurrent Mark Try Terminate                 0.000 / 0.000         1.706 / 9.487         1.818 / 16.074        1.818 / 16.074      ms
[1140.158s][info][gc,stats    ]    Subphase: Concurrent References Enqueue                 0.000 / 0.000         0.002 / 0.009         0.002 / 0.010         0.002 / 0.010       ms
[1140.158s][info][gc,stats    ]    Subphase: Concurrent References Process                 0.000 / 0.000         0.137 / 0.235         0.154 / 0.513         0.154 / 0.513       ms
[1140.158s][info][gc,stats    ]    Subphase: Concurrent Roots ClassLoaderDataGraph         0.000 / 0.000         0.135 / 0.358         0.148 / 0.547         0.148 / 0.547       ms
[1140.158s][info][gc,stats    ]    Subphase: Concurrent Roots CodeCache                    0.000 / 0.000         0.000 / 0.000         0.000 / 0.000         0.000 / 0.000       ms
[1140.158s][info][gc,stats    ]    Subphase: Concurrent Roots JavaThreads                  0.000 / 0.000         0.329 / 0.613         0.452 / 5.702         0.452 / 5.702       ms
[1140.158s][info][gc,stats    ]    Subphase: Concurrent Roots OopStorageSet                0.000 / 0.000         0.026 / 0.059         0.027 / 0.085         0.027 / 0.085       ms
[1140.158s][info][gc,stats    ]    Subphase: Concurrent Weak Roots OopStorageSet           0.000 / 0.000         0.460 / 0.653         0.493 / 0.939         0.493 / 0.939       ms
[1140.158s][info][gc,stats    ]    Subphase: Pause Mark Try Complete                       0.000 / 0.000         0.000 / 0.000         0.000 / 0.000         0.000 / 0.000       ms
[1140.158s][info][gc,stats    ]      System: Java Threads                                      0 / 0                32 / 33               32 / 34               32 / 34          threads
[1140.158s][info][gc,stats    ] =========================================================================================================================================================
[1143.066s][info][gc,start    ] GC(68) Garbage Collection (Proactive)
[1143.066s][info][gc,task     ] GC(68) Using 2 workers
[1143.066s][info][gc,phases   ] GC(68) Pause Mark Start 0.013ms
[1143.082s][info][gc,phases   ] GC(68) Concurrent Mark 15.999ms
[1143.083s][info][gc,phases   ] GC(68) Pause Mark End 0.021ms
[1143.083s][info][gc,phases   ] GC(68) Concurrent Mark Free 0.001ms
[1143.092s][info][gc,phases   ] GC(68) Concurrent Process Non-Strong References 8.439ms
[1143.092s][info][gc,phases   ] GC(68) Concurrent Reset Relocation Set 0.004ms
[1143.094s][info][gc,phases   ] GC(68) Concurrent Select Relocation Set 2.407ms
[1143.094s][info][gc,phases   ] GC(68) Pause Relocate Start 0.010ms
[1143.096s][info][gc,phases   ] GC(68) Concurrent Relocate 1.270ms
[1143.096s][info][gc,load     ] GC(68) Load: 0.00/0.00/0.00
[1143.096s][info][gc,mmu      ] GC(68) MMU: 2ms/96.8%, 5ms/98.7%, 10ms/99.2%, 20ms/99.6%, 50ms/99.8%, 100ms/99.9%
[1143.096s][info][gc,marking  ] GC(68) Mark: 2 stripe(s), 2 proactive flush(es), 1 terminate flush(es), 0 completion(s), 0 continuation(s) 
[1143.096s][info][gc,marking  ] GC(68) Mark Stack Usage: 32M
[1143.096s][info][gc,nmethod  ] GC(68) NMethods: 8458 registered, 451 unregistered
[1143.096s][info][gc,metaspace] GC(68) Metaspace: 32M used, 33M committed, 1088M reserved
[1143.096s][info][gc,ref      ] GC(68) Soft: 4125 encountered, 0 discovered, 0 enqueued
[1143.096s][info][gc,ref      ] GC(68) Weak: 2173 encountered, 440 discovered, 1 enqueued
[1143.096s][info][gc,ref      ] GC(68) Final: 3 encountered, 2 discovered, 0 enqueued
[1143.096s][info][gc,ref      ] GC(68) Phantom: 279 encountered, 144 discovered, 0 enqueued
[1143.096s][info][gc,reloc    ] GC(68) Small Pages: 221 / 442M, Empty: 330M, Relocated: 1M, In-Place: 0
[1143.096s][info][gc,reloc    ] GC(68) Medium Pages: 1 / 32M, Empty: 0M, Relocated: 0M, In-Place: 0
[1143.096s][info][gc,reloc    ] GC(68) Large Pages: 0 / 0M, Empty: 0M, Relocated: 0M, In-Place: 0
[1143.096s][info][gc,reloc    ] GC(68) Forwarding Usage: 0M
[1143.096s][info][gc,heap     ] GC(68) Min Capacity: 4096M(100%)
[1143.096s][info][gc,heap     ] GC(68) Max Capacity: 4096M(100%)
[1143.096s][info][gc,heap     ] GC(68) Soft Max Capacity: 4096M(100%)
[1143.096s][info][gc,heap     ] GC(68)                Mark Start          Mark End        Relocate Start      Relocate End           High               Low         
[1143.096s][info][gc,heap     ] GC(68)  Capacity:     4096M (100%)       4096M (100%)       4096M (100%)       4096M (100%)       4096M (100%)       4096M (100%)   
[1143.096s][info][gc,heap     ] GC(68)      Free:     3622M (88%)        3610M (88%)        3940M (96%)        4030M (98%)        4030M (98%)        3610M (88%)    
[1143.096s][info][gc,heap     ] GC(68)      Used:      474M (12%)         486M (12%)         156M (4%)           66M (2%)          486M (12%)          66M (2%)     
[1143.096s][info][gc,heap     ] GC(68)      Live:         -                17M (0%)           17M (0%)           17M (0%)             -                  -          
[1143.096s][info][gc,heap     ] GC(68) Allocated:         -                12M (0%)           12M (0%)           12M (0%)             -                  -          
[1143.096s][info][gc,heap     ] GC(68)   Garbage:         -               456M (11%)         126M (3%)           36M (1%)             -                  -          
[1143.096s][info][gc,heap     ] GC(68) Reclaimed:         -                  -               330M (8%)          420M (10%)            -                  -          
[1143.096s][info][gc          ] GC(68) Garbage Collection (Proactive) 474M(12%)->66M(2%)
[1150.160s][info][gc,stats    ] === Garbage Collection Statistics =======================================================================================================================
[1150.160s][info][gc,stats    ]                                                              Last 10s              Last 10m              Last 10h                Total
[1150.160s][info][gc,stats    ]                                                              Avg / Max             Avg / Max             Avg / Max             Avg / Max
[1150.160s][info][gc,stats    ]   Collector: Garbage Collection Cycle                     30.223 / 30.223       29.382 / 40.202       30.741 / 54.411       30.741 / 54.411      ms
[1150.160s][info][gc,stats    ]  Contention: Mark Segment Reset Contention                     0 / 0                 0 / 3                 0 / 3                 0 / 3           ops/s
[1150.160s][info][gc,stats    ]  Contention: Mark SeqNum Reset Contention                      0 / 0                 0 / 2                 0 / 2                 0 / 2           ops/s
[1150.160s][info][gc,stats    ]    Critical: Allocation Stall                                  0 / 0                 0 / 0                 0 / 0                 0 / 0           ops/s
[1150.160s][info][gc,stats    ]    Critical: Allocation Stall                              0.000 / 0.000         0.000 / 0.000         0.000 / 0.000         0.000 / 0.000       ms
[1150.160s][info][gc,stats    ]    Critical: GC Locker Stall                                   0 / 0                 0 / 0                 0 / 0                 0 / 0           ops/s
[1150.160s][info][gc,stats    ]    Critical: GC Locker Stall                               0.000 / 0.000         0.000 / 0.000         0.000 / 0.000         0.000 / 0.000       ms
[1150.160s][info][gc,stats    ]    Critical: Relocation Stall                                  0 / 0                 0 / 0                 0 / 0                 0 / 0           ops/s
[1150.160s][info][gc,stats    ]    Critical: Relocation Stall                              0.000 / 0.000         0.000 / 0.000         0.000 / 0.000         0.000 / 0.000       ms
[1150.160s][info][gc,stats    ]      Memory: Allocation Rate                                  24 / 34               24 / 136              25 / 148              25 / 148         MB/s
[1150.160s][info][gc,stats    ]      Memory: Out Of Memory                                     0 / 0                 0 / 0                 0 / 0                 0 / 0           ops/s
[1150.160s][info][gc,stats    ]      Memory: Page Cache Flush                                  0 / 0                 0 / 0                 0 / 0                 0 / 0           MB/s
[1150.160s][info][gc,stats    ]      Memory: Page Cache Hit L1                                12 / 19               12 / 40               12 / 78               12 / 78          ops/s
[1150.160s][info][gc,stats    ]      Memory: Page Cache Hit L2                                 0 / 0                 0 / 0                 0 / 0                 0 / 0           ops/s
[1150.160s][info][gc,stats    ]      Memory: Page Cache Hit L3                                 0 / 0                 0 / 0                 0 / 48                0 / 48          ops/s
[1150.160s][info][gc,stats    ]      Memory: Page Cache Miss                                   0 / 0                 0 / 0                 0 / 1                 0 / 1           ops/s
[1150.160s][info][gc,stats    ]      Memory: Uncommit                                          0 / 0                 0 / 0                 0 / 0                 0 / 0           MB/s
[1150.160s][info][gc,stats    ]      Memory: Undo Object Allocation Failed                     0 / 0                 0 / 0                 0 / 1                 0 / 1           ops/s
[1150.160s][info][gc,stats    ]      Memory: Undo Object Allocation Succeeded                  0 / 0                 0 / 0                 0 / 22                0 / 22          ops/s
[1150.160s][info][gc,stats    ]      Memory: Undo Page Allocation                              0 / 0                 0 / 2                 0 / 2                 0 / 2           ops/s
[1150.160s][info][gc,stats    ]       Phase: Concurrent Mark                              15.999 / 15.999       16.604 / 19.824       17.626 / 38.897       17.626 / 38.897      ms
[1150.160s][info][gc,stats    ]       Phase: Concurrent Mark Continue                      0.000 / 0.000         0.000 / 0.000         0.000 / 0.000         0.000 / 0.000       ms
[1150.160s][info][gc,stats    ]       Phase: Concurrent Mark Free                          0.001 / 0.001         0.001 / 0.004         0.001 / 0.004         0.001 / 0.004       ms
[1150.160s][info][gc,stats    ]       Phase: Concurrent Process Non-Strong References      8.439 / 8.439         9.010 / 18.281        9.056 / 18.281        9.056 / 18.281      ms
[1150.160s][info][gc,stats    ]       Phase: Concurrent Relocate                           1.270 / 1.270         0.806 / 1.503         0.993 / 6.891         0.993 / 6.891       ms
[1150.160s][info][gc,stats    ]       Phase: Concurrent Reset Relocation Set               0.004 / 0.004         0.004 / 0.008         0.004 / 0.011         0.004 / 0.011       ms
[1150.160s][info][gc,stats    ]       Phase: Concurrent Select Relocation Set              2.407 / 2.407         1.486 / 3.260         1.581 / 3.477         1.581 / 3.477       ms
[1150.160s][info][gc,stats    ]       Phase: Pause Mark End                                0.021 / 0.021         0.023 / 0.035         0.024 / 0.065         0.024 / 0.065       ms
[1150.160s][info][gc,stats    ]       Phase: Pause Mark Start                              0.013 / 0.013         0.012 / 0.028         0.012 / 0.028         0.012 / 0.028       ms
[1150.160s][info][gc,stats    ]       Phase: Pause Relocate Start                          0.010 / 0.010         0.009 / 0.011         0.009 / 0.019         0.009 / 0.019       ms
[1150.160s][info][gc,stats    ]    Subphase: Concurrent Classes Purge                      0.295 / 0.295         0.384 / 1.942         0.382 / 2.002         0.382 / 2.002       ms
[1150.160s][info][gc,stats    ]    Subphase: Concurrent Classes Unlink                     7.305 / 7.305         7.805 / 15.288        7.808 / 15.288        7.808 / 15.288      ms
[1150.160s][info][gc,stats    ]    Subphase: Concurrent Mark                              13.280 / 15.354       13.659 / 19.084       14.406 / 33.017       14.406 / 33.017      ms
[1150.160s][info][gc,stats    ]    Subphase: Concurrent Mark Try Flush                     0.129 / 0.202         0.132 / 0.301         0.126 / 0.301         0.126 / 0.301       ms
[1150.160s][info][gc,stats    ]    Subphase: Concurrent Mark Try Terminate                 1.571 / 4.643         1.706 / 9.487         1.815 / 16.074        1.815 / 16.074      ms
[1150.160s][info][gc,stats    ]    Subphase: Concurrent References Enqueue                 0.008 / 0.008         0.002 / 0.009         0.002 / 0.010         0.002 / 0.010       ms
[1150.160s][info][gc,stats    ]    Subphase: Concurrent References Process                 0.162 / 0.162         0.137 / 0.235         0.154 / 0.513         0.154 / 0.513       ms
[1150.160s][info][gc,stats    ]    Subphase: Concurrent Roots ClassLoaderDataGraph         0.116 / 0.190         0.135 / 0.358         0.147 / 0.547         0.147 / 0.547       ms
[1150.160s][info][gc,stats    ]    Subphase: Concurrent Roots CodeCache                    0.000 / 0.000         0.000 / 0.000         0.000 / 0.000         0.000 / 0.000       ms
[1150.160s][info][gc,stats    ]    Subphase: Concurrent Roots JavaThreads                  0.263 / 0.330         0.328 / 0.613         0.449 / 5.702         0.449 / 5.702       ms
[1150.160s][info][gc,stats    ]    Subphase: Concurrent Roots OopStorageSet                0.025 / 0.032         0.026 / 0.059         0.027 / 0.085         0.027 / 0.085       ms
[1150.160s][info][gc,stats    ]    Subphase: Concurrent Weak Roots OopStorageSet           0.448 / 0.450         0.455 / 0.653         0.492 / 0.939         0.492 / 0.939       ms
[1150.160s][info][gc,stats    ]    Subphase: Pause Mark Try Complete                       0.000 / 0.000         0.000 / 0.000         0.000 / 0.000         0.000 / 0.000       ms
[1150.160s][info][gc,stats    ]      System: Java Threads                                     33 / 33               32 / 33               32 / 34               32 / 34          threads
[1150.160s][info][gc,stats    ] =========================================================================================================================================================
[1160.166s][info][gc,stats    ] === Garbage Collection Statistics =======================================================================================================================
[1160.166s][info][gc,stats    ]                                                              Last 10s              Last 10m              Last 10h                Total
[1160.166s][info][gc,stats    ]                                                              Avg / Max             Avg / Max             Avg / Max             Avg / Max
[1160.167s][info][gc,stats    ]   Collector: Garbage Collection Cycle                      0.000 / 0.000        29.382 / 40.202       30.741 / 54.411       30.741 / 54.411      ms
[1160.167s][info][gc,stats    ]  Contention: Mark Segment Reset Contention                     0 / 0                 0 / 3                 0 / 3                 0 / 3           ops/s
[1160.167s][info][gc,stats    ]  Contention: Mark SeqNum Reset Contention                      0 / 0                 0 / 2                 0 / 2                 0 / 2           ops/s
[1160.167s][info][gc,stats    ]    Critical: Allocation Stall                                  0 / 0                 0 / 0                 0 / 0                 0 / 0           ops/s
[1160.167s][info][gc,stats    ]    Critical: Allocation Stall                              0.000 / 0.000         0.000 / 0.000         0.000 / 0.000         0.000 / 0.000       ms
[1160.167s][info][gc,stats    ]    Critical: GC Locker Stall                                   0 / 0                 0 / 0                 0 / 0                 0 / 0           ops/s
[1160.167s][info][gc,stats    ]    Critical: GC Locker Stall                               0.000 / 0.000         0.000 / 0.000         0.000 / 0.000         0.000 / 0.000       ms
[1160.167s][info][gc,stats    ]    Critical: Relocation Stall                                  0 / 0                 0 / 0                 0 / 0                 0 / 0           ops/s
[1160.167s][info][gc,stats    ]    Critical: Relocation Stall                              0.000 / 0.000         0.000 / 0.000         0.000 / 0.000         0.000 / 0.000       ms
[1160.167s][info][gc,stats    ]      Memory: Allocation Rate                                  24 / 28               24 / 136              25 / 148              25 / 148         MB/s
[1160.167s][info][gc,stats    ]      Memory: Out Of Memory                                     0 / 0                 0 / 0                 0 / 0                 0 / 0           ops/s
[1160.167s][info][gc,stats    ]      Memory: Page Cache Flush                                  0 / 0                 0 / 0                 0 / 0                 0 / 0           MB/s
[1160.167s][info][gc,stats    ]      Memory: Page Cache Hit L1                                12 / 14               12 / 40               12 / 78               12 / 78          ops/s
[1160.167s][info][gc,stats    ]      Memory: Page Cache Hit L2                                 0 / 0                 0 / 0                 0 / 0                 0 / 0           ops/s
[1160.167s][info][gc,stats    ]      Memory: Page Cache Hit L3                                 0 / 0                 0 / 0                 0 / 48                0 / 48          ops/s
[1160.167s][info][gc,stats    ]      Memory: Page Cache Miss                                   0 / 0                 0 / 0                 0 / 1                 0 / 1           ops/s
[1160.167s][info][gc,stats    ]      Memory: Uncommit                                          0 / 0                 0 / 0                 0 / 0                 0 / 0           MB/s
[1160.167s][info][gc,stats    ]      Memory: Undo Object Allocation Failed                     0 / 0                 0 / 0                 0 / 1                 0 / 1           ops/s
[1160.167s][info][gc,stats    ]      Memory: Undo Object Allocation Succeeded                  0 / 0                 0 / 0                 0 / 22                0 / 22          ops/s
[1160.167s][info][gc,stats    ]      Memory: Undo Page Allocation                              0 / 0                 0 / 2                 0 / 2                 0 / 2           ops/s
[1160.167s][info][gc,stats    ]       Phase: Concurrent Mark                               0.000 / 0.000        16.604 / 19.824       17.626 / 38.897       17.626 / 38.897      ms
[1160.167s][info][gc,stats    ]       Phase: Concurrent Mark Continue                      0.000 / 0.000         0.000 / 0.000         0.000 / 0.000         0.000 / 0.000       ms
[1160.167s][info][gc,stats    ]       Phase: Concurrent Mark Free                          0.000 / 0.000         0.001 / 0.004         0.001 / 0.004         0.001 / 0.004       ms
[1160.167s][info][gc,stats    ]       Phase: Concurrent Process Non-Strong References      0.000 / 0.000         9.010 / 18.281        9.056 / 18.281        9.056 / 18.281      ms
[1160.167s][info][gc,stats    ]       Phase: Concurrent Relocate                           0.000 / 0.000         0.806 / 1.503         0.993 / 6.891         0.993 / 6.891       ms
[1160.167s][info][gc,stats    ]       Phase: Concurrent Reset Relocation Set               0.000 / 0.000         0.004 / 0.008         0.004 / 0.011         0.004 / 0.011       ms
[1160.167s][info][gc,stats    ]       Phase: Concurrent Select Relocation Set              0.000 / 0.000         1.486 / 3.260         1.581 / 3.477         1.581 / 3.477       ms
[1160.167s][info][gc,stats    ]       Phase: Pause Mark End                                0.000 / 0.000         0.023 / 0.035         0.024 / 0.065         0.024 / 0.065       ms
[1160.167s][info][gc,stats    ]       Phase: Pause Mark Start                              0.000 / 0.000         0.012 / 0.028         0.012 / 0.028         0.012 / 0.028       ms
[1160.167s][info][gc,stats    ]       Phase: Pause Relocate Start                          0.000 / 0.000         0.009 / 0.011         0.009 / 0.019         0.009 / 0.019       ms
[1160.167s][info][gc,stats    ]    Subphase: Concurrent Classes Purge                      0.000 / 0.000         0.384 / 1.942         0.382 / 2.002         0.382 / 2.002       ms
[1160.167s][info][gc,stats    ]    Subphase: Concurrent Classes Unlink                     0.000 / 0.000         7.805 / 15.288        7.808 / 15.288        7.808 / 15.288      ms
[1160.167s][info][gc,stats    ]    Subphase: Concurrent Mark                               0.000 / 0.000        13.659 / 19.084       14.406 / 33.017       14.406 / 33.017      ms
[1160.167s][info][gc,stats    ]    Subphase: Concurrent Mark Try Flush                     0.000 / 0.000         0.132 / 0.301         0.126 / 0.301         0.126 / 0.301       ms
[1160.167s][info][gc,stats    ]    Subphase: Concurrent Mark Try Terminate                 0.000 / 0.000         1.706 / 9.487         1.815 / 16.074        1.815 / 16.074      ms
[1160.167s][info][gc,stats    ]    Subphase: Concurrent References Enqueue                 0.000 / 0.000         0.002 / 0.009         0.002 / 0.010         0.002 / 0.010       ms
[1160.167s][info][gc,stats    ]    Subphase: Concurrent References Process                 0.000 / 0.000         0.137 / 0.235         0.154 / 0.513         0.154 / 0.513       ms
[1160.167s][info][gc,stats    ]    Subphase: Concurrent Roots ClassLoaderDataGraph         0.000 / 0.000         0.135 / 0.358         0.147 / 0.547         0.147 / 0.547       ms
[1160.167s][info][gc,stats    ]    Subphase: Concurrent Roots CodeCache                    0.000 / 0.000         0.000 / 0.000         0.000 / 0.000         0.000 / 0.000       ms
[1160.167s][info][gc,stats    ]    Subphase: Concurrent Roots JavaThreads                  0.000 / 0.000         0.328 / 0.613         0.449 / 5.702         0.449 / 5.702       ms
[1160.167s][info][gc,stats    ]    Subphase: Concurrent Roots OopStorageSet                0.000 / 0.000         0.026 / 0.059         0.027 / 0.085         0.027 / 0.085       ms
[1160.167s][info][gc,stats    ]    Subphase: Concurrent Weak Roots OopStorageSet           0.000 / 0.000         0.455 / 0.653         0.492 / 0.939         0.492 / 0.939       ms
[1160.167s][info][gc,stats    ]    Subphase: Pause Mark Try Complete                       0.000 / 0.000         0.000 / 0.000         0.000 / 0.000         0.000 / 0.000       ms
[1160.167s][info][gc,stats    ]      System: Java Threads                                      0 / 0                32 / 33               32 / 34               32 / 34          threads
[1160.167s][info][gc,stats    ] =========================================================================================================================================================
[1160.565s][info][gc,start    ] GC(69) Garbage Collection (Proactive)
[1160.565s][info][gc,task     ] GC(69) Using 2 workers
[1160.565s][info][gc,phases   ] GC(69) Pause Mark Start 0.011ms
[1160.583s][info][gc,phases   ] GC(69) Concurrent Mark 16.524ms
[1160.583s][info][gc,phases   ] GC(69) Pause Mark End 0.021ms
[1160.583s][info][gc,phases   ] GC(69) Concurrent Mark Free 0.001ms
[1160.591s][info][gc,phases   ] GC(69) Concurrent Process Non-Strong References 8.336ms
[1160.591s][info][gc,phases   ] GC(69) Concurrent Reset Relocation Set 0.004ms
[1160.593s][info][gc,phases   ] GC(69) Concurrent Select Relocation Set 1.201ms
[1160.593s][info][gc,phases   ] GC(69) Pause Relocate Start 0.010ms
[1160.593s][info][gc,phases   ] GC(69) Concurrent Relocate 0.602ms
[1160.594s][info][gc,load     ] GC(69) Load: 0.00/0.00/0.00
[1160.594s][info][gc,mmu      ] GC(69) MMU: 2ms/96.8%, 5ms/98.7%, 10ms/99.2%, 20ms/99.6%, 50ms/99.8%, 100ms/99.9%
[1160.594s][info][gc,marking  ] GC(69) Mark: 2 stripe(s), 2 proactive flush(es), 1 terminate flush(es), 0 completion(s), 0 continuation(s) 
[1160.594s][info][gc,marking  ] GC(69) Mark Stack Usage: 32M
[1160.594s][info][gc,nmethod  ] GC(69) NMethods: 8488 registered, 451 unregistered
[1160.594s][info][gc,metaspace] GC(69) Metaspace: 32M used, 33M committed, 1088M reserved
[1160.594s][info][gc,ref      ] GC(69) Soft: 4125 encountered, 0 discovered, 0 enqueued
[1160.594s][info][gc,ref      ] GC(69) Weak: 2173 encountered, 498 discovered, 0 enqueued
[1160.594s][info][gc,ref      ] GC(69) Final: 3 encountered, 3 discovered, 0 enqueued
[1160.594s][info][gc,ref      ] GC(69) Phantom: 282 encountered, 192 discovered, 0 enqueued
[1160.594s][info][gc,reloc    ] GC(69) Small Pages: 223 / 446M, Empty: 326M, Relocated: 1M, In-Place: 0
[1160.594s][info][gc,reloc    ] GC(69) Medium Pages: 1 / 32M, Empty: 0M, Relocated: 0M, In-Place: 0
[1160.594s][info][gc,reloc    ] GC(69) Large Pages: 0 / 0M, Empty: 0M, Relocated: 0M, In-Place: 0
[1160.594s][info][gc,reloc    ] GC(69) Forwarding Usage: 0M
[1160.594s][info][gc,heap     ] GC(69) Min Capacity: 4096M(100%)
[1160.594s][info][gc,heap     ] GC(69) Max Capacity: 4096M(100%)
[1160.594s][info][gc,heap     ] GC(69) Soft Max Capacity: 4096M(100%)
[1160.594s][info][gc,heap     ] GC(69)                Mark Start          Mark End        Relocate Start      Relocate End           High               Low         
[1160.594s][info][gc,heap     ] GC(69)  Capacity:     4096M (100%)       4096M (100%)       4096M (100%)       4096M (100%)       4096M (100%)       4096M (100%)   
[1160.594s][info][gc,heap     ] GC(69)      Free:     3618M (88%)        3606M (88%)        3932M (96%)        4030M (98%)        4030M (98%)        3606M (88%)    
[1160.594s][info][gc,heap     ] GC(69)      Used:      478M (12%)         490M (12%)         164M (4%)           66M (2%)          490M (12%)          66M (2%)     
[1160.594s][info][gc,heap     ] GC(69)      Live:         -                17M (0%)           17M (0%)           17M (0%)             -                  -          
[1160.594s][info][gc,heap     ] GC(69) Allocated:         -                12M (0%)           12M (0%)           12M (0%)             -                  -          
[1160.594s][info][gc,heap     ] GC(69)   Garbage:         -               460M (11%)         134M (3%)           36M (1%)             -                  -          
[1160.594s][info][gc,heap     ] GC(69) Reclaimed:         -                  -               326M (8%)          424M (10%)            -                  -          
[1160.594s][info][gc          ] GC(69) Garbage Collection (Proactive) 478M(12%)->66M(2%)
[1170.157s][info][gc,stats    ] === Garbage Collection Statistics =======================================================================================================================
[1170.157s][info][gc,stats    ]                                                              Last 10s              Last 10m              Last 10h                Total
[1170.157s][info][gc,stats    ]                                                              Avg / Max             Avg / Max             Avg / Max             Avg / Max
[1170.157s][info][gc,stats    ]   Collector: Garbage Collection Cycle                     28.494 / 28.494       29.359 / 40.202       30.709 / 54.411       30.709 / 54.411      ms
[1170.157s][info][gc,stats    ]  Contention: Mark Segment Reset Contention                     0 / 0                 0 / 3                 0 / 3                 0 / 3           ops/s
[1170.157s][info][gc,stats    ]  Contention: Mark SeqNum Reset Contention                      0 / 1                 0 / 2                 0 / 2                 0 / 2           ops/s
[1170.157s][info][gc,stats    ]    Critical: Allocation Stall                                  0 / 0                 0 / 0                 0 / 0                 0 / 0           ops/s
[1170.157s][info][gc,stats    ]    Critical: Allocation Stall                              0.000 / 0.000         0.000 / 0.000         0.000 / 0.000         0.000 / 0.000       ms
[1170.157s][info][gc,stats    ]    Critical: GC Locker Stall                                   0 / 0                 0 / 0                 0 / 0                 0 / 0           ops/s
[1170.157s][info][gc,stats    ]    Critical: GC Locker Stall                               0.000 / 0.000         0.000 / 0.000         0.000 / 0.000         0.000 / 0.000       ms
[1170.157s][info][gc,stats    ]    Critical: Relocation Stall                                  0 / 0                 0 / 0                 0 / 0                 0 / 0           ops/s
[1170.157s][info][gc,stats    ]    Critical: Relocation Stall                              0.000 / 0.000         0.000 / 0.000         0.000 / 0.000         0.000 / 0.000       ms
[1170.157s][info][gc,stats    ]      Memory: Allocation Rate                                  24 / 30               24 / 136              25 / 148              25 / 148         MB/s
[1170.157s][info][gc,stats    ]      Memory: Out Of Memory                                     0 / 0                 0 / 0                 0 / 0                 0 / 0           ops/s
[1170.157s][info][gc,stats    ]      Memory: Page Cache Flush                                  0 / 0                 0 / 0                 0 / 0                 0 / 0           MB/s
[1170.157s][info][gc,stats    ]      Memory: Page Cache Hit L1                                12 / 17               12 / 40               12 / 78               12 / 78          ops/s
[1170.157s][info][gc,stats    ]      Memory: Page Cache Hit L2                                 0 / 0                 0 / 0                 0 / 0                 0 / 0           ops/s
[1170.157s][info][gc,stats    ]      Memory: Page Cache Hit L3                                 0 / 0                 0 / 0                 0 / 48                0 / 48          ops/s
[1170.157s][info][gc,stats    ]      Memory: Page Cache Miss                                   0 / 0                 0 / 0                 0 / 1                 0 / 1           ops/s
[1170.157s][info][gc,stats    ]      Memory: Uncommit                                          0 / 0                 0 / 0                 0 / 0                 0 / 0           MB/s
[1170.157s][info][gc,stats    ]      Memory: Undo Object Allocation Failed                     0 / 0                 0 / 0                 0 / 1                 0 / 1           ops/s
[1170.157s][info][gc,stats    ]      Memory: Undo Object Allocation Succeeded                  0 / 0                 0 / 0                 0 / 22                0 / 22          ops/s
[1170.157s][info][gc,stats    ]      Memory: Undo Page Allocation                              0 / 1                 0 / 2                 0 / 2                 0 / 2           ops/s
[1170.157s][info][gc,stats    ]       Phase: Concurrent Mark                              16.524 / 16.524       16.612 / 19.824       17.610 / 38.897       17.610 / 38.897      ms
[1170.157s][info][gc,stats    ]       Phase: Concurrent Mark Continue                      0.000 / 0.000         0.000 / 0.000         0.000 / 0.000         0.000 / 0.000       ms
[1170.158s][info][gc,stats    ]       Phase: Concurrent Mark Free                          0.001 / 0.001         0.001 / 0.004         0.001 / 0.004         0.001 / 0.004       ms
[1170.158s][info][gc,stats    ]       Phase: Concurrent Process Non-Strong References      8.336 / 8.336         8.994 / 18.281        9.046 / 18.281        9.046 / 18.281      ms
[1170.158s][info][gc,stats    ]       Phase: Concurrent Relocate                           0.602 / 0.602         0.805 / 1.503         0.987 / 6.891         0.987 / 6.891       ms
[1170.158s][info][gc,stats    ]       Phase: Concurrent Reset Relocation Set               0.004 / 0.004         0.004 / 0.008         0.004 / 0.011         0.004 / 0.011       ms
[1170.158s][info][gc,stats    ]       Phase: Concurrent Select Relocation Set              1.201 / 1.201         1.480 / 3.260         1.576 / 3.477         1.576 / 3.477       ms
[1170.158s][info][gc,stats    ]       Phase: Pause Mark End                                0.021 / 0.021         0.023 / 0.035         0.024 / 0.065         0.024 / 0.065       ms
[1170.158s][info][gc,stats    ]       Phase: Pause Mark Start                              0.011 / 0.011         0.012 / 0.028         0.012 / 0.028         0.012 / 0.028       ms
[1170.158s][info][gc,stats    ]       Phase: Pause Relocate Start                          0.010 / 0.010         0.009 / 0.011         0.009 / 0.019         0.009 / 0.019       ms
[1170.158s][info][gc,stats    ]    Subphase: Concurrent Classes Purge                      0.270 / 0.270         0.383 / 1.942         0.381 / 2.002         0.381 / 2.002       ms
[1170.158s][info][gc,stats    ]    Subphase: Concurrent Classes Unlink                     7.238 / 7.238         7.792 / 15.288        7.800 / 15.288        7.800 / 15.288      ms
[1170.158s][info][gc,stats    ]    Subphase: Concurrent Mark                              13.417 / 15.846       13.662 / 19.084       14.392 / 33.017       14.392 / 33.017      ms
[1170.158s][info][gc,stats    ]    Subphase: Concurrent Mark Try Flush                     0.167 / 0.331         0.133 / 0.331         0.127 / 0.331         0.127 / 0.331       ms
[1170.158s][info][gc,stats    ]    Subphase: Concurrent Mark Try Terminate                 1.703 / 5.029         1.706 / 9.487         1.813 / 16.074        1.813 / 16.074      ms
[1170.158s][info][gc,stats    ]    Subphase: Concurrent References Enqueue                 0.000 / 0.000         0.002 / 0.009         0.002 / 0.010         0.002 / 0.010       ms
[1170.158s][info][gc,stats    ]    Subphase: Concurrent References Process                 0.178 / 0.178         0.136 / 0.235         0.154 / 0.513         0.154 / 0.513       ms
[1170.158s][info][gc,stats    ]    Subphase: Concurrent Roots ClassLoaderDataGraph         0.122 / 0.219         0.135 / 0.358         0.147 / 0.547         0.147 / 0.547       ms
[1170.158s][info][gc,stats    ]    Subphase: Concurrent Roots CodeCache                    0.000 / 0.000         0.000 / 0.000         0.000 / 0.000         0.000 / 0.000       ms
[1170.158s][info][gc,stats    ]    Subphase: Concurrent Roots JavaThreads                  0.285 / 0.376         0.328 / 0.613         0.447 / 5.702         0.447 / 5.702       ms
[1170.158s][info][gc,stats    ]    Subphase: Concurrent Roots OopStorageSet                0.024 / 0.033         0.026 / 0.059         0.027 / 0.085         0.027 / 0.085       ms
[1170.158s][info][gc,stats    ]    Subphase: Concurrent Weak Roots OopStorageSet           0.468 / 0.470         0.456 / 0.653         0.492 / 0.939         0.492 / 0.939       ms
[1170.158s][info][gc,stats    ]    Subphase: Pause Mark Try Complete                       0.000 / 0.000         0.000 / 0.000         0.000 / 0.000         0.000 / 0.000       ms
[1170.158s][info][gc,stats    ]      System: Java Threads                                     33 / 33               32 / 33               32 / 34               32 / 34          threads
[1170.158s][info][gc,stats    ] =========================================================================================================================================================
[1177.955s][info][gc,start    ] GC(70) Garbage Collection (Proactive)
[1177.955s][info][gc,task     ] GC(70) Using 2 workers
[1177.955s][info][gc,phases   ] GC(70) Pause Mark Start 0.008ms
[1177.972s][info][gc,phases   ] GC(70) Concurrent Mark 16.865ms
[1177.972s][info][gc,phases   ] GC(70) Pause Mark End 0.029ms
[1177.972s][info][gc,phases   ] GC(70) Concurrent Mark Free 0.001ms
[1177.981s][info][gc,phases   ] GC(70) Concurrent Process Non-Strong References 8.774ms
[1177.981s][info][gc,phases   ] GC(70) Concurrent Reset Relocation Set 0.004ms
[1177.983s][info][gc,phases   ] GC(70) Concurrent Select Relocation Set 1.154ms
[1177.983s][info][gc,phases   ] GC(70) Pause Relocate Start 0.011ms
[1177.983s][info][gc,phases   ] GC(70) Concurrent Relocate 0.597ms
[1177.983s][info][gc,load     ] GC(70) Load: 0.00/0.00/0.00
[1177.983s][info][gc,mmu      ] GC(70) MMU: 2ms/96.8%, 5ms/98.7%, 10ms/99.2%, 20ms/99.6%, 50ms/99.8%, 100ms/99.9%
[1177.983s][info][gc,marking  ] GC(70) Mark: 2 stripe(s), 2 proactive flush(es), 1 terminate flush(es), 0 completion(s), 0 continuation(s) 
[1177.983s][info][gc,marking  ] GC(70) Mark Stack Usage: 32M
[1177.983s][info][gc,nmethod  ] GC(70) NMethods: 8502 registered, 451 unregistered
[1177.983s][info][gc,metaspace] GC(70) Metaspace: 32M used, 33M committed, 1088M reserved
[1177.983s][info][gc,ref      ] GC(70) Soft: 4125 encountered, 0 discovered, 0 enqueued
[1177.983s][info][gc,ref      ] GC(70) Weak: 2173 encountered, 340 discovered, 0 enqueued
[1177.983s][info][gc,ref      ] GC(70) Final: 3 encountered, 1 discovered, 0 enqueued
[1177.983s][info][gc,ref      ] GC(70) Phantom: 278 encountered, 158 discovered, 0 enqueued
[1177.983s][info][gc,reloc    ] GC(70) Small Pages: 223 / 446M, Empty: 326M, Relocated: 1M, In-Place: 0
[1177.983s][info][gc,reloc    ] GC(70) Medium Pages: 1 / 32M, Empty: 0M, Relocated: 0M, In-Place: 0
[1177.983s][info][gc,reloc    ] GC(70) Large Pages: 0 / 0M, Empty: 0M, Relocated: 0M, In-Place: 0
[1177.983s][info][gc,reloc    ] GC(70) Forwarding Usage: 0M
[1177.983s][info][gc,heap     ] GC(70) Min Capacity: 4096M(100%)
[1177.983s][info][gc,heap     ] GC(70) Max Capacity: 4096M(100%)
[1177.983s][info][gc,heap     ] GC(70) Soft Max Capacity: 4096M(100%)
[1177.983s][info][gc,heap     ] GC(70)                Mark Start          Mark End        Relocate Start      Relocate End           High               Low         
[1177.983s][info][gc,heap     ] GC(70)  Capacity:     4096M (100%)       4096M (100%)       4096M (100%)       4096M (100%)       4096M (100%)       4096M (100%)   
[1177.983s][info][gc,heap     ] GC(70)      Free:     3618M (88%)        3608M (88%)        3934M (96%)        4032M (98%)        4032M (98%)        3608M (88%)    
[1177.983s][info][gc,heap     ] GC(70)      Used:      478M (12%)         488M (12%)         162M (4%)           64M (2%)          488M (12%)          64M (2%)     
[1177.984s][info][gc,heap     ] GC(70)      Live:         -                17M (0%)           17M (0%)           17M (0%)             -                  -          
[1177.984s][info][gc,heap     ] GC(70) Allocated:         -                10M (0%)           10M (0%)           10M (0%)             -                  -          
[1177.984s][info][gc,heap     ] GC(70)   Garbage:         -               460M (11%)         134M (3%)           36M (1%)             -                  -          
[1177.984s][info][gc,heap     ] GC(70) Reclaimed:         -                  -               326M (8%)          424M (10%)            -                  -          
[1177.984s][info][gc          ] GC(70) Garbage Collection (Proactive) 478M(12%)->64M(2%)
[1180.167s][info][gc,stats    ] === Garbage Collection Statistics =======================================================================================================================
[1180.167s][info][gc,stats    ]                                                              Last 10s              Last 10m              Last 10h                Total
[1180.167s][info][gc,stats    ]                                                              Avg / Max             Avg / Max             Avg / Max             Avg / Max
[1180.167s][info][gc,stats    ]   Collector: Garbage Collection Cycle                     28.652 / 28.652       29.340 / 40.202       30.680 / 54.411       30.680 / 54.411      ms
[1180.167s][info][gc,stats    ]  Contention: Mark Segment Reset Contention                     0 / 0                 0 / 3                 0 / 3                 0 / 3           ops/s
[1180.167s][info][gc,stats    ]  Contention: Mark SeqNum Reset Contention                      0 / 0                 0 / 2                 0 / 2                 0 / 2           ops/s
[1180.167s][info][gc,stats    ]    Critical: Allocation Stall                                  0 / 0                 0 / 0                 0 / 0                 0 / 0           ops/s
[1180.167s][info][gc,stats    ]    Critical: Allocation Stall                              0.000 / 0.000         0.000 / 0.000         0.000 / 0.000         0.000 / 0.000       ms
[1180.167s][info][gc,stats    ]    Critical: GC Locker Stall                                   0 / 0                 0 / 0                 0 / 0                 0 / 0           ops/s
[1180.167s][info][gc,stats    ]    Critical: GC Locker Stall                               0.000 / 0.000         0.000 / 0.000         0.000 / 0.000         0.000 / 0.000       ms
[1180.167s][info][gc,stats    ]    Critical: Relocation Stall                                  0 / 0                 0 / 0                 0 / 0                 0 / 0           ops/s
[1180.167s][info][gc,stats    ]    Critical: Relocation Stall                              0.000 / 0.000         0.000 / 0.000         0.000 / 0.000         0.000 / 0.000       ms
[1180.167s][info][gc,stats    ]      Memory: Allocation Rate                                  25 / 32               24 / 136              25 / 148              25 / 148         MB/s
[1180.167s][info][gc,stats    ]      Memory: Out Of Memory                                     0 / 0                 0 / 0                 0 / 0                 0 / 0           ops/s
[1180.167s][info][gc,stats    ]      Memory: Page Cache Flush                                  0 / 0                 0 / 0                 0 / 0                 0 / 0           MB/s
[1180.167s][info][gc,stats    ]      Memory: Page Cache Hit L1                                12 / 18               12 / 40               12 / 78               12 / 78          ops/s
[1180.167s][info][gc,stats    ]      Memory: Page Cache Hit L2                                 0 / 0                 0 / 0                 0 / 0                 0 / 0           ops/s
[1180.167s][info][gc,stats    ]      Memory: Page Cache Hit L3                                 0 / 0                 0 / 0                 0 / 48                0 / 48          ops/s
[1180.167s][info][gc,stats    ]      Memory: Page Cache Miss                                   0 / 0                 0 / 0                 0 / 1                 0 / 1           ops/s
[1180.167s][info][gc,stats    ]      Memory: Uncommit                                          0 / 0                 0 / 0                 0 / 0                 0 / 0           MB/s
[1180.167s][info][gc,stats    ]      Memory: Undo Object Allocation Failed                     0 / 0                 0 / 0                 0 / 1                 0 / 1           ops/s
[1180.167s][info][gc,stats    ]      Memory: Undo Object Allocation Succeeded                  0 / 0                 0 / 0                 0 / 22                0 / 22          ops/s
[1180.167s][info][gc,stats    ]      Memory: Undo Page Allocation                              0 / 0                 0 / 2                 0 / 2                 0 / 2           ops/s
[1180.167s][info][gc,stats    ]       Phase: Concurrent Mark                              16.865 / 16.865       16.618 / 19.824       17.599 / 38.897       17.599 / 38.897      ms
[1180.167s][info][gc,stats    ]       Phase: Concurrent Mark Continue                      0.000 / 0.000         0.000 / 0.000         0.000 / 0.000         0.000 / 0.000       ms
[1180.167s][info][gc,stats    ]       Phase: Concurrent Mark Free                          0.001 / 0.001         0.001 / 0.004         0.001 / 0.004         0.001 / 0.004       ms
[1180.167s][info][gc,stats    ]       Phase: Concurrent Process Non-Strong References      8.774 / 8.774         8.988 / 18.281        9.042 / 18.281        9.042 / 18.281      ms
[1180.167s][info][gc,stats    ]       Phase: Concurrent Relocate                           0.597 / 0.597         0.799 / 1.503         0.981 / 6.891         0.981 / 6.891       ms
[1180.167s][info][gc,stats    ]       Phase: Concurrent Reset Relocation Set               0.004 / 0.004         0.004 / 0.008         0.004 / 0.011         0.004 / 0.011       ms
[1180.167s][info][gc,stats    ]       Phase: Concurrent Select Relocation Set              1.154 / 1.154         1.471 / 3.260         1.570 / 3.477         1.570 / 3.477       ms
[1180.167s][info][gc,stats    ]       Phase: Pause Mark End                                0.029 / 0.029         0.023 / 0.035         0.024 / 0.065         0.024 / 0.065       ms
[1180.167s][info][gc,stats    ]       Phase: Pause Mark Start                              0.008 / 0.008         0.012 / 0.028         0.012 / 0.028         0.012 / 0.028       ms
[1180.167s][info][gc,stats    ]       Phase: Pause Relocate Start                          0.011 / 0.011         0.009 / 0.011         0.009 / 0.019         0.009 / 0.019       ms
[1180.167s][info][gc,stats    ]    Subphase: Concurrent Classes Purge                      0.328 / 0.328         0.381 / 1.942         0.380 / 2.002         0.380 / 2.002       ms
[1180.167s][info][gc,stats    ]    Subphase: Concurrent Classes Unlink                     7.737 / 7.737         7.790 / 15.288        7.799 / 15.288        7.799 / 15.288      ms
[1180.167s][info][gc,stats    ]    Subphase: Concurrent Mark                              13.832 / 16.110       13.667 / 19.084       14.384 / 33.017       14.384 / 33.017      ms
[1180.167s][info][gc,stats    ]    Subphase: Concurrent Mark Try Flush                     0.124 / 0.175         0.133 / 0.331         0.127 / 0.331         0.127 / 0.331       ms
[1180.167s][info][gc,stats    ]    Subphase: Concurrent Mark Try Terminate                 1.944 / 5.758         1.713 / 9.487         1.815 / 16.074        1.815 / 16.074      ms
[1180.167s][info][gc,stats    ]    Subphase: Concurrent References Enqueue                 0.000 / 0.000         0.002 / 0.009         0.002 / 0.010         0.002 / 0.010       ms
[1180.167s][info][gc,stats    ]    Subphase: Concurrent References Process                 0.094 / 0.094         0.135 / 0.235         0.153 / 0.513         0.153 / 0.513       ms
[1180.167s][info][gc,stats    ]    Subphase: Concurrent Roots ClassLoaderDataGraph         0.138 / 0.244         0.135 / 0.358         0.147 / 0.547         0.147 / 0.547       ms
[1180.167s][info][gc,stats    ]    Subphase: Concurrent Roots CodeCache                    0.000 / 0.000         0.000 / 0.000         0.000 / 0.000         0.000 / 0.000       ms
[1180.167s][info][gc,stats    ]    Subphase: Concurrent Roots JavaThreads                  0.383 / 0.479         0.329 / 0.613         0.446 / 5.702         0.446 / 5.702       ms
[1180.167s][info][gc,stats    ]    Subphase: Concurrent Roots OopStorageSet                0.036 / 0.046         0.026 / 0.059         0.027 / 0.085         0.027 / 0.085       ms
[1180.167s][info][gc,stats    ]    Subphase: Concurrent Weak Roots OopStorageSet           0.405 / 0.414         0.454 / 0.653         0.491 / 0.939         0.491 / 0.939       ms
[1180.167s][info][gc,stats    ]    Subphase: Pause Mark Try Complete                       0.000 / 0.000         0.000 / 0.000         0.000 / 0.000         0.000 / 0.000       ms
[1180.167s][info][gc,stats    ]      System: Java Threads                                     33 / 33               32 / 33               32 / 34               32 / 34          threads
[1180.167s][info][gc,stats    ] =========================================================================================================================================================
[1190.160s][info][gc,stats    ] === Garbage Collection Statistics =======================================================================================================================
[1190.160s][info][gc,stats    ]                                                              Last 10s              Last 10m              Last 10h                Total
[1190.160s][info][gc,stats    ]                                                              Avg / Max             Avg / Max             Avg / Max             Avg / Max
[1190.160s][info][gc,stats    ]   Collector: Garbage Collection Cycle                      0.000 / 0.000        29.369 / 40.202       30.680 / 54.411       30.680 / 54.411      ms
[1190.160s][info][gc,stats    ]  Contention: Mark Segment Reset Contention                     0 / 0                 0 / 1                 0 / 3                 0 / 3           ops/s
[1190.160s][info][gc,stats    ]  Contention: Mark SeqNum Reset Contention                      0 / 0                 0 / 1                 0 / 2                 0 / 2           ops/s
[1190.160s][info][gc,stats    ]    Critical: Allocation Stall                                  0 / 0                 0 / 0                 0 / 0                 0 / 0           ops/s
[1190.160s][info][gc,stats    ]    Critical: Allocation Stall                              0.000 / 0.000         0.000 / 0.000         0.000 / 0.000         0.000 / 0.000       ms
[1190.160s][info][gc,stats    ]    Critical: GC Locker Stall                                   0 / 0                 0 / 0                 0 / 0                 0 / 0           ops/s
[1190.161s][info][gc,stats    ]    Critical: GC Locker Stall                               0.000 / 0.000         0.000 / 0.000         0.000 / 0.000         0.000 / 0.000       ms
[1190.161s][info][gc,stats    ]    Critical: Relocation Stall                                  0 / 0                 0 / 0                 0 / 0                 0 / 0           ops/s
[1190.161s][info][gc,stats    ]    Critical: Relocation Stall                              0.000 / 0.000         0.000 / 0.000         0.000 / 0.000         0.000 / 0.000       ms
[1190.161s][info][gc,stats    ]      Memory: Allocation Rate                                  24 / 28               24 / 136              25 / 148              25 / 148         MB/s
[1190.161s][info][gc,stats    ]      Memory: Out Of Memory                                     0 / 0                 0 / 0                 0 / 0                 0 / 0           ops/s
[1190.161s][info][gc,stats    ]      Memory: Page Cache Flush                                  0 / 0                 0 / 0                 0 / 0                 0 / 0           MB/s
[1190.161s][info][gc,stats    ]      Memory: Page Cache Hit L1                                12 / 14               12 / 40               12 / 78               12 / 78          ops/s
[1190.161s][info][gc,stats    ]      Memory: Page Cache Hit L2                                 0 / 0                 0 / 0                 0 / 0                 0 / 0           ops/s
[1190.161s][info][gc,stats    ]      Memory: Page Cache Hit L3                                 0 / 0                 0 / 0                 0 / 48                0 / 48          ops/s
[1190.161s][info][gc,stats    ]      Memory: Page Cache Miss                                   0 / 0                 0 / 0                 0 / 1                 0 / 1           ops/s
[1190.161s][info][gc,stats    ]      Memory: Uncommit                                          0 / 0                 0 / 0                 0 / 0                 0 / 0           MB/s
[1190.161s][info][gc,stats    ]      Memory: Undo Object Allocation Failed                     0 / 0                 0 / 0                 0 / 1                 0 / 1           ops/s
[1190.161s][info][gc,stats    ]      Memory: Undo Object Allocation Succeeded                  0 / 0                 0 / 0                 0 / 22                0 / 22          ops/s
[1190.161s][info][gc,stats    ]      Memory: Undo Page Allocation                              0 / 0                 0 / 2                 0 / 2                 0 / 2           ops/s
[1190.161s][info][gc,stats    ]       Phase: Concurrent Mark                               0.000 / 0.000        16.618 / 19.824       17.599 / 38.897       17.599 / 38.897      ms
[1190.161s][info][gc,stats    ]       Phase: Concurrent Mark Continue                      0.000 / 0.000         0.000 / 0.000         0.000 / 0.000         0.000 / 0.000       ms
[1190.161s][info][gc,stats    ]       Phase: Concurrent Mark Free                          0.000 / 0.000         0.001 / 0.004         0.001 / 0.004         0.001 / 0.004       ms
[1190.161s][info][gc,stats    ]       Phase: Concurrent Process Non-Strong References      0.000 / 0.000         8.998 / 18.281        9.042 / 18.281        9.042 / 18.281      ms
[1190.161s][info][gc,stats    ]       Phase: Concurrent Relocate                           0.000 / 0.000         0.806 / 1.503         0.981 / 6.891         0.981 / 6.891       ms
[1190.161s][info][gc,stats    ]       Phase: Concurrent Reset Relocation Set               0.000 / 0.000         0.004 / 0.008         0.004 / 0.011         0.004 / 0.011       ms
[1190.161s][info][gc,stats    ]       Phase: Concurrent Select Relocation Set              0.000 / 0.000         1.480 / 3.260         1.570 / 3.477         1.570 / 3.477       ms
[1190.161s][info][gc,stats    ]       Phase: Pause Mark End                                0.000 / 0.000         0.023 / 0.035         0.024 / 0.065         0.024 / 0.065       ms
[1190.161s][info][gc,stats    ]       Phase: Pause Mark Start                              0.000 / 0.000         0.012 / 0.028         0.012 / 0.028         0.012 / 0.028       ms
[1190.161s][info][gc,stats    ]       Phase: Pause Relocate Start                          0.000 / 0.000         0.009 / 0.011         0.009 / 0.019         0.009 / 0.019       ms
[1190.161s][info][gc,stats    ]    Subphase: Concurrent Classes Purge                      0.000 / 0.000         0.383 / 1.942         0.380 / 2.002         0.380 / 2.002       ms
[1190.161s][info][gc,stats    ]    Subphase: Concurrent Classes Unlink                     0.000 / 0.000         7.797 / 15.288        7.799 / 15.288        7.799 / 15.288      ms
[1190.161s][info][gc,stats    ]    Subphase: Concurrent Mark                               0.000 / 0.000        13.667 / 19.084       14.384 / 33.017       14.384 / 33.017      ms
[1190.161s][info][gc,stats    ]    Subphase: Concurrent Mark Try Flush                     0.000 / 0.000         0.132 / 0.331         0.127 / 0.331         0.127 / 0.331       ms
[1190.161s][info][gc,stats    ]    Subphase: Concurrent Mark Try Terminate                 0.000 / 0.000         1.715 / 9.487         1.815 / 16.074        1.815 / 16.074      ms
[1190.161s][info][gc,stats    ]    Subphase: Concurrent References Enqueue                 0.000 / 0.000         0.002 / 0.009         0.002 / 0.010         0.002 / 0.010       ms
[1190.161s][info][gc,stats    ]    Subphase: Concurrent References Process                 0.000 / 0.000         0.134 / 0.235         0.153 / 0.513         0.153 / 0.513       ms
[1190.161s][info][gc,stats    ]    Subphase: Concurrent Roots ClassLoaderDataGraph         0.000 / 0.000         0.135 / 0.358         0.147 / 0.547         0.147 / 0.547       ms
[1190.161s][info][gc,stats    ]    Subphase: Concurrent Roots CodeCache                    0.000 / 0.000         0.000 / 0.000         0.000 / 0.000         0.000 / 0.000       ms
[1190.161s][info][gc,stats    ]    Subphase: Concurrent Roots JavaThreads                  0.000 / 0.000         0.329 / 0.613         0.446 / 5.702         0.446 / 5.702       ms
[1190.161s][info][gc,stats    ]    Subphase: Concurrent Roots OopStorageSet                0.000 / 0.000         0.026 / 0.059         0.027 / 0.085         0.027 / 0.085       ms
[1190.161s][info][gc,stats    ]    Subphase: Concurrent Weak Roots OopStorageSet           0.000 / 0.000         0.456 / 0.653         0.491 / 0.939         0.491 / 0.939       ms
[1190.161s][info][gc,stats    ]    Subphase: Pause Mark Try Complete                       0.000 / 0.000         0.000 / 0.000         0.000 / 0.000         0.000 / 0.000       ms
[1190.161s][info][gc,stats    ]      System: Java Threads                                      0 / 0                32 / 33               32 / 34               32 / 34          threads
[1190.161s][info][gc,stats    ] =========================================================================================================================================================
[1194.860s][info][gc,start    ] GC(71) Garbage Collection (Proactive)
[1194.860s][info][gc,task     ] GC(71) Using 2 workers
[1194.860s][info][gc,phases   ] GC(71) Pause Mark Start 0.012ms
[1194.877s][info][gc,phases   ] GC(71) Concurrent Mark 17.002ms
[1194.877s][info][gc,phases   ] GC(71) Pause Mark End 0.024ms
[1194.878s][info][gc,phases   ] GC(71) Concurrent Mark Free 0.001ms
[1194.886s][info][gc,phases   ] GC(71) Concurrent Process Non-Strong References 8.827ms
[1194.887s][info][gc,phases   ] GC(71) Concurrent Reset Relocation Set 0.005ms
[1194.888s][info][gc,phases   ] GC(71) Concurrent Select Relocation Set 1.362ms
[1194.888s][info][gc,phases   ] GC(71) Pause Relocate Start 0.008ms
[1194.889s][info][gc,phases   ] GC(71) Concurrent Relocate 1.069ms
[1194.889s][info][gc,load     ] GC(71) Load: 0.00/0.00/0.00
[1194.889s][info][gc,mmu      ] GC(71) MMU: 2ms/96.8%, 5ms/98.7%, 10ms/99.2%, 20ms/99.6%, 50ms/99.8%, 100ms/99.9%
[1194.889s][info][gc,marking  ] GC(71) Mark: 2 stripe(s), 2 proactive flush(es), 1 terminate flush(es), 0 completion(s), 0 continuation(s) 
[1194.889s][info][gc,marking  ] GC(71) Mark Stack Usage: 32M
[1194.889s][info][gc,nmethod  ] GC(71) NMethods: 8503 registered, 451 unregistered
[1194.889s][info][gc,metaspace] GC(71) Metaspace: 32M used, 33M committed, 1088M reserved
[1194.889s][info][gc,ref      ] GC(71) Soft: 4125 encountered, 0 discovered, 0 enqueued
[1194.889s][info][gc,ref      ] GC(71) Weak: 2173 encountered, 391 discovered, 0 enqueued
[1194.889s][info][gc,ref      ] GC(71) Final: 3 encountered, 0 discovered, 0 enqueued
[1194.889s][info][gc,ref      ] GC(71) Phantom: 279 encountered, 189 discovered, 0 enqueued
[1194.889s][info][gc,reloc    ] GC(71) Small Pages: 221 / 442M, Empty: 324M, Relocated: 1M, In-Place: 0
[1194.889s][info][gc,reloc    ] GC(71) Medium Pages: 1 / 32M, Empty: 0M, Relocated: 0M, In-Place: 0
[1194.889s][info][gc,reloc    ] GC(71) Large Pages: 0 / 0M, Empty: 0M, Relocated: 0M, In-Place: 0
[1194.889s][info][gc,reloc    ] GC(71) Forwarding Usage: 0M
[1194.889s][info][gc,heap     ] GC(71) Min Capacity: 4096M(100%)
[1194.889s][info][gc,heap     ] GC(71) Max Capacity: 4096M(100%)
[1194.889s][info][gc,heap     ] GC(71) Soft Max Capacity: 4096M(100%)
[1194.889s][info][gc,heap     ] GC(71)                Mark Start          Mark End        Relocate Start      Relocate End           High               Low         
[1194.889s][info][gc,heap     ] GC(71)  Capacity:     4096M (100%)       4096M (100%)       4096M (100%)       4096M (100%)       4096M (100%)       4096M (100%)   
[1194.889s][info][gc,heap     ] GC(71)      Free:     3622M (88%)        3610M (88%)        3934M (96%)        4030M (98%)        4030M (98%)        3610M (88%)    
[1194.889s][info][gc,heap     ] GC(71)      Used:      474M (12%)         486M (12%)         162M (4%)           66M (2%)          486M (12%)          66M (2%)     
[1194.889s][info][gc,heap     ] GC(71)      Live:         -                17M (0%)           17M (0%)           17M (0%)             -                  -          
[1194.889s][info][gc,heap     ] GC(71) Allocated:         -                12M (0%)           12M (0%)           12M (0%)             -                  -          
[1194.889s][info][gc,heap     ] GC(71)   Garbage:         -               456M (11%)         132M (3%)           36M (1%)             -                  -          
[1194.889s][info][gc,heap     ] GC(71) Reclaimed:         -                  -               324M (8%)          420M (10%)            -                  -          
[1194.889s][info][gc          ] GC(71) Garbage Collection (Proactive) 474M(12%)->66M(2%)
[1200.151s][info][gc,stats    ] === Garbage Collection Statistics =======================================================================================================================
[1200.151s][info][gc,stats    ]                                                              Last 10s              Last 10m              Last 10h                Total
[1200.151s][info][gc,stats    ]                                                              Avg / Max             Avg / Max             Avg / Max             Avg / Max
[1200.151s][info][gc,stats    ]   Collector: Garbage Collection Cycle                     29.464 / 29.464       29.404 / 40.202       30.663 / 54.411       30.663 / 54.411      ms
[1200.151s][info][gc,stats    ]  Contention: Mark Segment Reset Contention                     0 / 0                 0 / 1                 0 / 3                 0 / 3           ops/s
[1200.151s][info][gc,stats    ]  Contention: Mark SeqNum Reset Contention                      0 / 1                 0 / 1                 0 / 2                 0 / 2           ops/s
[1200.151s][info][gc,stats    ]    Critical: Allocation Stall                                  0 / 0                 0 / 0                 0 / 0                 0 / 0           ops/s
[1200.151s][info][gc,stats    ]    Critical: Allocation Stall                              0.000 / 0.000         0.000 / 0.000         0.000 / 0.000         0.000 / 0.000       ms
[1200.152s][info][gc,stats    ]    Critical: GC Locker Stall                                   0 / 0                 0 / 0                 0 / 0                 0 / 0           ops/s
[1200.152s][info][gc,stats    ]    Critical: GC Locker Stall                               0.000 / 0.000         0.000 / 0.000         0.000 / 0.000         0.000 / 0.000       ms
[1200.152s][info][gc,stats    ]    Critical: Relocation Stall                                  0 / 0                 0 / 0                 0 / 0                 0 / 0           ops/s
[1200.152s][info][gc,stats    ]    Critical: Relocation Stall                              0.000 / 0.000         0.000 / 0.000         0.000 / 0.000         0.000 / 0.000       ms
[1200.152s][info][gc,stats    ]      Memory: Allocation Rate                                  25 / 36               24 / 136              25 / 148              25 / 148         MB/s
[1200.152s][info][gc,stats    ]      Memory: Out Of Memory                                     0 / 0                 0 / 0                 0 / 0                 0 / 0           ops/s
[1200.152s][info][gc,stats    ]      Memory: Page Cache Flush                                  0 / 0                 0 / 0                 0 / 0                 0 / 0           MB/s
[1200.152s][info][gc,stats    ]      Memory: Page Cache Hit L1                                12 / 20               12 / 40               12 / 78               12 / 78          ops/s
[1200.152s][info][gc,stats    ]      Memory: Page Cache Hit L2                                 0 / 0                 0 / 0                 0 / 0                 0 / 0           ops/s
[1200.152s][info][gc,stats    ]      Memory: Page Cache Hit L3                                 0 / 0                 0 / 0                 0 / 48                0 / 48          ops/s
[1200.152s][info][gc,stats    ]      Memory: Page Cache Miss                                   0 / 0                 0 / 0                 0 / 1                 0 / 1           ops/s
[1200.152s][info][gc,stats    ]      Memory: Uncommit                                          0 / 0                 0 / 0                 0 / 0                 0 / 0           MB/s
[1200.152s][info][gc,stats    ]      Memory: Undo Object Allocation Failed                     0 / 0                 0 / 0                 0 / 1                 0 / 1           ops/s
[1200.152s][info][gc,stats    ]      Memory: Undo Object Allocation Succeeded                  0 / 0                 0 / 0                 0 / 22                0 / 22          ops/s
[1200.152s][info][gc,stats    ]      Memory: Undo Page Allocation                              0 / 0                 0 / 2                 0 / 2                 0 / 2           ops/s
[1200.152s][info][gc,stats    ]       Phase: Concurrent Mark                              17.002 / 17.002       16.649 / 19.824       17.591 / 38.897       17.591 / 38.897      ms
[1200.152s][info][gc,stats    ]       Phase: Concurrent Mark Continue                      0.000 / 0.000         0.000 / 0.000         0.000 / 0.000         0.000 / 0.000       ms
[1200.152s][info][gc,stats    ]       Phase: Concurrent Mark Free                          0.001 / 0.001         0.001 / 0.004         0.001 / 0.004         0.001 / 0.004       ms
[1200.152s][info][gc,stats    ]       Phase: Concurrent Process Non-Strong References      8.827 / 8.827         9.003 / 18.281        9.039 / 18.281        9.039 / 18.281      ms
[1200.152s][info][gc,stats    ]       Phase: Concurrent Relocate                           1.069 / 1.069         0.821 / 1.503         0.983 / 6.891         0.983 / 6.891       ms
[1200.152s][info][gc,stats    ]       Phase: Concurrent Reset Relocation Set               0.005 / 0.005         0.004 / 0.008         0.004 / 0.011         0.004 / 0.011       ms
[1200.152s][info][gc,stats    ]       Phase: Concurrent Select Relocation Set              1.362 / 1.362         1.474 / 3.260         1.567 / 3.477         1.567 / 3.477       ms
[1200.152s][info][gc,stats    ]       Phase: Pause Mark End                                0.024 / 0.024         0.023 / 0.035         0.024 / 0.065         0.024 / 0.065       ms
[1200.152s][info][gc,stats    ]       Phase: Pause Mark Start                              0.012 / 0.012         0.012 / 0.028         0.012 / 0.028         0.012 / 0.028       ms
[1200.152s][info][gc,stats    ]       Phase: Pause Relocate Start                          0.008 / 0.008         0.009 / 0.011         0.009 / 0.019         0.009 / 0.019       ms
[1200.152s][info][gc,stats    ]    Subphase: Concurrent Classes Purge                      0.317 / 0.317         0.383 / 1.942         0.379 / 2.002         0.379 / 2.002       ms
[1200.152s][info][gc,stats    ]    Subphase: Concurrent Classes Unlink                     7.580 / 7.580         7.797 / 15.288        7.796 / 15.288        7.796 / 15.288      ms
[1200.152s][info][gc,stats    ]    Subphase: Concurrent Mark                              13.557 / 16.291       13.684 / 19.084       14.372 / 33.017       14.372 / 33.017      ms
[1200.152s][info][gc,stats    ]    Subphase: Concurrent Mark Try Flush                     0.131 / 0.189         0.132 / 0.331         0.127 / 0.331         0.127 / 0.331       ms
[1200.152s][info][gc,stats    ]    Subphase: Concurrent Mark Try Terminate                 2.027 / 6.002         1.716 / 9.487         1.818 / 16.074        1.818 / 16.074      ms
[1200.152s][info][gc,stats    ]    Subphase: Concurrent References Enqueue                 0.001 / 0.001         0.002 / 0.009         0.002 / 0.010         0.002 / 0.010       ms
[1200.152s][info][gc,stats    ]    Subphase: Concurrent References Process                 0.137 / 0.137         0.134 / 0.235         0.153 / 0.513         0.153 / 0.513       ms
[1200.152s][info][gc,stats    ]    Subphase: Concurrent Roots ClassLoaderDataGraph         0.129 / 0.211         0.136 / 0.358         0.146 / 0.547         0.146 / 0.547       ms
[1200.152s][info][gc,stats    ]    Subphase: Concurrent Roots CodeCache                    0.000 / 0.000         0.000 / 0.000         0.000 / 0.000         0.000 / 0.000       ms
[1200.152s][info][gc,stats    ]    Subphase: Concurrent Roots JavaThreads                  0.324 / 0.416         0.330 / 0.613         0.444 / 5.702         0.444 / 5.702       ms
[1200.152s][info][gc,stats    ]    Subphase: Concurrent Roots OopStorageSet                0.021 / 0.027         0.026 / 0.059         0.027 / 0.085         0.027 / 0.085       ms
[1200.152s][info][gc,stats    ]    Subphase: Concurrent Weak Roots OopStorageSet           0.580 / 0.581         0.458 / 0.653         0.492 / 0.939         0.492 / 0.939       ms
[1200.152s][info][gc,stats    ]    Subphase: Pause Mark Try Complete                       0.000 / 0.000         0.000 / 0.000         0.000 / 0.000         0.000 / 0.000       ms
[1200.152s][info][gc,stats    ]      System: Java Threads                                     33 / 33               32 / 33               32 / 34               32 / 34          threads
[1200.152s][info][gc,stats    ] =========================================================================================================================================================
[1210.159s][info][gc,stats    ] === Garbage Collection Statistics =======================================================================================================================
[1210.159s][info][gc,stats    ]                                                              Last 10s              Last 10m              Last 10h                Total
[1210.159s][info][gc,stats    ]                                                              Avg / Max             Avg / Max             Avg / Max             Avg / Max
[1210.159s][info][gc,stats    ]   Collector: Garbage Collection Cycle                      0.000 / 0.000        29.404 / 40.202       30.663 / 54.411       30.663 / 54.411      ms
[1210.159s][info][gc,stats    ]  Contention: Mark Segment Reset Contention                     0 / 0                 0 / 1                 0 / 3                 0 / 3           ops/s
[1210.159s][info][gc,stats    ]  Contention: Mark SeqNum Reset Contention                      0 / 0                 0 / 1                 0 / 2                 0 / 2           ops/s
[1210.159s][info][gc,stats    ]    Critical: Allocation Stall                                  0 / 0                 0 / 0                 0 / 0                 0 / 0           ops/s
[1210.159s][info][gc,stats    ]    Critical: Allocation Stall                              0.000 / 0.000         0.000 / 0.000         0.000 / 0.000         0.000 / 0.000       ms
[1210.159s][info][gc,stats    ]    Critical: GC Locker Stall                                   0 / 0                 0 / 0                 0 / 0                 0 / 0           ops/s
[1210.159s][info][gc,stats    ]    Critical: GC Locker Stall                               0.000 / 0.000         0.000 / 0.000         0.000 / 0.000         0.000 / 0.000       ms
[1210.159s][info][gc,stats    ]    Critical: Relocation Stall                                  0 / 0                 0 / 0                 0 / 0                 0 / 0           ops/s
[1210.159s][info][gc,stats    ]    Critical: Relocation Stall                              0.000 / 0.000         0.000 / 0.000         0.000 / 0.000         0.000 / 0.000       ms
[1210.159s][info][gc,stats    ]      Memory: Allocation Rate                                  24 / 28               24 / 136              25 / 148              25 / 148         MB/s
[1210.159s][info][gc,stats    ]      Memory: Out Of Memory                                     0 / 0                 0 / 0                 0 / 0                 0 / 0           ops/s
[1210.159s][info][gc,stats    ]      Memory: Page Cache Flush                                  0 / 0                 0 / 0                 0 / 0                 0 / 0           MB/s
[1210.159s][info][gc,stats    ]      Memory: Page Cache Hit L1                                12 / 14               12 / 40               12 / 78               12 / 78          ops/s
[1210.159s][info][gc,stats    ]      Memory: Page Cache Hit L2                                 0 / 0                 0 / 0                 0 / 0                 0 / 0           ops/s
[1210.159s][info][gc,stats    ]      Memory: Page Cache Hit L3                                 0 / 0                 0 / 0                 0 / 48                0 / 48          ops/s
[1210.159s][info][gc,stats    ]      Memory: Page Cache Miss                                   0 / 0                 0 / 0                 0 / 1                 0 / 1           ops/s
[1210.159s][info][gc,stats    ]      Memory: Uncommit                                          0 / 0                 0 / 0                 0 / 0                 0 / 0           MB/s
[1210.159s][info][gc,stats    ]      Memory: Undo Object Allocation Failed                     0 / 0                 0 / 0                 0 / 1                 0 / 1           ops/s
[1210.159s][info][gc,stats    ]      Memory: Undo Object Allocation Succeeded                  0 / 0                 0 / 0                 0 / 22                0 / 22          ops/s
[1210.159s][info][gc,stats    ]      Memory: Undo Page Allocation                              0 / 0                 0 / 2                 0 / 2                 0 / 2           ops/s
[1210.159s][info][gc,stats    ]       Phase: Concurrent Mark                               0.000 / 0.000        16.649 / 19.824       17.591 / 38.897       17.591 / 38.897      ms
[1210.159s][info][gc,stats    ]       Phase: Concurrent Mark Continue                      0.000 / 0.000         0.000 / 0.000         0.000 / 0.000         0.000 / 0.000       ms
[1210.159s][info][gc,stats    ]       Phase: Concurrent Mark Free                          0.000 / 0.000         0.001 / 0.004         0.001 / 0.004         0.001 / 0.004       ms
[1210.159s][info][gc,stats    ]       Phase: Concurrent Process Non-Strong References      0.000 / 0.000         9.003 / 18.281        9.039 / 18.281        9.039 / 18.281      ms
[1210.159s][info][gc,stats    ]       Phase: Concurrent Relocate                           0.000 / 0.000         0.821 / 1.503         0.983 / 6.891         0.983 / 6.891       ms
[1210.159s][info][gc,stats    ]       Phase: Concurrent Reset Relocation Set               0.000 / 0.000         0.004 / 0.008         0.004 / 0.011         0.004 / 0.011       ms
[1210.159s][info][gc,stats    ]       Phase: Concurrent Select Relocation Set              0.000 / 0.000         1.474 / 3.260         1.567 / 3.477         1.567 / 3.477       ms
[1210.159s][info][gc,stats    ]       Phase: Pause Mark End                                0.000 / 0.000         0.023 / 0.035         0.024 / 0.065         0.024 / 0.065       ms
[1210.159s][info][gc,stats    ]       Phase: Pause Mark Start                              0.000 / 0.000         0.012 / 0.028         0.012 / 0.028         0.012 / 0.028       ms
[1210.159s][info][gc,stats    ]       Phase: Pause Relocate Start                          0.000 / 0.000         0.009 / 0.011         0.009 / 0.019         0.009 / 0.019       ms
[1210.159s][info][gc,stats    ]    Subphase: Concurrent Classes Purge                      0.000 / 0.000         0.383 / 1.942         0.379 / 2.002         0.379 / 2.002       ms
[1210.159s][info][gc,stats    ]    Subphase: Concurrent Classes Unlink                     0.000 / 0.000         7.797 / 15.288        7.796 / 15.288        7.796 / 15.288      ms
[1210.159s][info][gc,stats    ]    Subphase: Concurrent Mark                               0.000 / 0.000        13.684 / 19.084       14.372 / 33.017       14.372 / 33.017      ms
[1210.159s][info][gc,stats    ]    Subphase: Concurrent Mark Try Flush                     0.000 / 0.000         0.132 / 0.331         0.127 / 0.331         0.127 / 0.331       ms
[1210.159s][info][gc,stats    ]    Subphase: Concurrent Mark Try Terminate                 0.000 / 0.000         1.716 / 9.487         1.818 / 16.074        1.818 / 16.074      ms
[1210.159s][info][gc,stats    ]    Subphase: Concurrent References Enqueue                 0.000 / 0.000         0.002 / 0.009         0.002 / 0.010         0.002 / 0.010       ms
[1210.159s][info][gc,stats    ]    Subphase: Concurrent References Process                 0.000 / 0.000         0.134 / 0.235         0.153 / 0.513         0.153 / 0.513       ms
[1210.159s][info][gc,stats    ]    Subphase: Concurrent Roots ClassLoaderDataGraph         0.000 / 0.000         0.136 / 0.358         0.146 / 0.547         0.146 / 0.547       ms
[1210.159s][info][gc,stats    ]    Subphase: Concurrent Roots CodeCache                    0.000 / 0.000         0.000 / 0.000         0.000 / 0.000         0.000 / 0.000       ms
[1210.159s][info][gc,stats    ]    Subphase: Concurrent Roots JavaThreads                  0.000 / 0.000         0.330 / 0.613         0.444 / 5.702         0.444 / 5.702       ms
[1210.159s][info][gc,stats    ]    Subphase: Concurrent Roots OopStorageSet                0.000 / 0.000         0.026 / 0.059         0.027 / 0.085         0.027 / 0.085       ms
[1210.159s][info][gc,stats    ]    Subphase: Concurrent Weak Roots OopStorageSet           0.000 / 0.000         0.458 / 0.653         0.492 / 0.939         0.492 / 0.939       ms
[1210.159s][info][gc,stats    ]    Subphase: Pause Mark Try Complete                       0.000 / 0.000         0.000 / 0.000         0.000 / 0.000         0.000 / 0.000       ms
[1210.160s][info][gc,stats    ]      System: Java Threads                                      0 / 0                32 / 33               32 / 34               32 / 34          threads
[1210.160s][info][gc,stats    ] =========================================================================================================================================================
[1212.354s][info][gc,start    ] GC(72) Garbage Collection (Proactive)
[1212.355s][info][gc,task     ] GC(72) Using 2 workers
[1212.355s][info][gc,phases   ] GC(72) Pause Mark Start 0.008ms
[1212.372s][info][gc,phases   ] GC(72) Concurrent Mark 16.983ms
[1212.372s][info][gc,phases   ] GC(72) Pause Mark End 0.022ms
[1212.372s][info][gc,phases   ] GC(72) Concurrent Mark Free 0.001ms
[1212.381s][info][gc,phases   ] GC(72) Concurrent Process Non-Strong References 8.390ms
[1212.381s][info][gc,phases   ] GC(72) Concurrent Reset Relocation Set 0.003ms
[1212.382s][info][gc,phases   ] GC(72) Concurrent Select Relocation Set 1.150ms
[1212.382s][info][gc,phases   ] GC(72) Pause Relocate Start 0.006ms
[1212.383s][info][gc,phases   ] GC(72) Concurrent Relocate 0.636ms
[1212.383s][info][gc,load     ] GC(72) Load: 0.00/0.00/0.00
[1212.383s][info][gc,mmu      ] GC(72) MMU: 2ms/96.8%, 5ms/98.7%, 10ms/99.2%, 20ms/99.6%, 50ms/99.8%, 100ms/99.9%
[1212.383s][info][gc,marking  ] GC(72) Mark: 2 stripe(s), 2 proactive flush(es), 1 terminate flush(es), 0 completion(s), 0 continuation(s) 
[1212.383s][info][gc,marking  ] GC(72) Mark Stack Usage: 32M
[1212.383s][info][gc,nmethod  ] GC(72) NMethods: 8511 registered, 451 unregistered
[1212.383s][info][gc,metaspace] GC(72) Metaspace: 32M used, 33M committed, 1088M reserved
[1212.383s][info][gc,ref      ] GC(72) Soft: 4125 encountered, 0 discovered, 0 enqueued
[1212.383s][info][gc,ref      ] GC(72) Weak: 2173 encountered, 422 discovered, 0 enqueued
[1212.383s][info][gc,ref      ] GC(72) Final: 3 encountered, 0 discovered, 0 enqueued
[1212.383s][info][gc,ref      ] GC(72) Phantom: 279 encountered, 220 discovered, 0 enqueued
[1212.383s][info][gc,reloc    ] GC(72) Small Pages: 222 / 444M, Empty: 332M, Relocated: 1M, In-Place: 0
[1212.383s][info][gc,reloc    ] GC(72) Medium Pages: 1 / 32M, Empty: 0M, Relocated: 0M, In-Place: 0
[1212.383s][info][gc,reloc    ] GC(72) Large Pages: 0 / 0M, Empty: 0M, Relocated: 0M, In-Place: 0
[1212.383s][info][gc,reloc    ] GC(72) Forwarding Usage: 0M
[1212.383s][info][gc,heap     ] GC(72) Min Capacity: 4096M(100%)
[1212.383s][info][gc,heap     ] GC(72) Max Capacity: 4096M(100%)
[1212.383s][info][gc,heap     ] GC(72) Soft Max Capacity: 4096M(100%)
[1212.383s][info][gc,heap     ] GC(72)                Mark Start          Mark End        Relocate Start      Relocate End           High               Low         
[1212.383s][info][gc,heap     ] GC(72)  Capacity:     4096M (100%)       4096M (100%)       4096M (100%)       4096M (100%)       4096M (100%)       4096M (100%)   
[1212.383s][info][gc,heap     ] GC(72)      Free:     3620M (88%)        3608M (88%)        3940M (96%)        4030M (98%)        4030M (98%)        3608M (88%)    
[1212.383s][info][gc,heap     ] GC(72)      Used:      476M (12%)         488M (12%)         156M (4%)           66M (2%)          488M (12%)          66M (2%)     
[1212.383s][info][gc,heap     ] GC(72)      Live:         -                17M (0%)           17M (0%)           17M (0%)             -                  -          
[1212.383s][info][gc,heap     ] GC(72) Allocated:         -                12M (0%)           12M (0%)           12M (0%)             -                  -          
[1212.383s][info][gc,heap     ] GC(72)   Garbage:         -               458M (11%)         126M (3%)           36M (1%)             -                  -          
[1212.383s][info][gc,heap     ] GC(72) Reclaimed:         -                  -               332M (8%)          422M (10%)            -                  -          
[1212.383s][info][gc          ] GC(72) Garbage Collection (Proactive) 476M(12%)->66M(2%)
[1220.162s][info][gc,stats    ] === Garbage Collection Statistics =======================================================================================================================
[1220.162s][info][gc,stats    ]                                                              Last 10s              Last 10m              Last 10h                Total
[1220.162s][info][gc,stats    ]                                                              Avg / Max             Avg / Max             Avg / Max             Avg / Max
[1220.162s][info][gc,stats    ]   Collector: Garbage Collection Cycle                     28.237 / 28.237       29.326 / 40.202       30.630 / 54.411       30.630 / 54.411      ms
[1220.162s][info][gc,stats    ]  Contention: Mark Segment Reset Contention                     0 / 0                 0 / 1                 0 / 3                 0 / 3           ops/s
[1220.162s][info][gc,stats    ]  Contention: Mark SeqNum Reset Contention                      0 / 1                 0 / 1                 0 / 2                 0 / 2           ops/s
[1220.162s][info][gc,stats    ]    Critical: Allocation Stall                                  0 / 0                 0 / 0                 0 / 0                 0 / 0           ops/s
[1220.162s][info][gc,stats    ]    Critical: Allocation Stall                              0.000 / 0.000         0.000 / 0.000         0.000 / 0.000         0.000 / 0.000       ms
[1220.162s][info][gc,stats    ]    Critical: GC Locker Stall                                   0 / 0                 0 / 0                 0 / 0                 0 / 0           ops/s
[1220.162s][info][gc,stats    ]    Critical: GC Locker Stall                               0.000 / 0.000         0.000 / 0.000         0.000 / 0.000         0.000 / 0.000       ms
[1220.162s][info][gc,stats    ]    Critical: Relocation Stall                                  0 / 0                 0 / 0                 0 / 0                 0 / 0           ops/s
[1220.162s][info][gc,stats    ]    Critical: Relocation Stall                              0.000 / 0.000         0.000 / 0.000         0.000 / 0.000         0.000 / 0.000       ms
[1220.162s][info][gc,stats    ]      Memory: Allocation Rate                                  24 / 30               24 / 136              25 / 148              25 / 148         MB/s
[1220.162s][info][gc,stats    ]      Memory: Out Of Memory                                     0 / 0                 0 / 0                 0 / 0                 0 / 0           ops/s
[1220.162s][info][gc,stats    ]      Memory: Page Cache Flush                                  0 / 0                 0 / 0                 0 / 0                 0 / 0           MB/s
[1220.162s][info][gc,stats    ]      Memory: Page Cache Hit L1                                12 / 17               12 / 40               12 / 78               12 / 78          ops/s
[1220.162s][info][gc,stats    ]      Memory: Page Cache Hit L2                                 0 / 0                 0 / 0                 0 / 0                 0 / 0           ops/s
[1220.162s][info][gc,stats    ]      Memory: Page Cache Hit L3                                 0 / 0                 0 / 0                 0 / 48                0 / 48          ops/s
[1220.162s][info][gc,stats    ]      Memory: Page Cache Miss                                   0 / 0                 0 / 0                 0 / 1                 0 / 1           ops/s
[1220.162s][info][gc,stats    ]      Memory: Uncommit                                          0 / 0                 0 / 0                 0 / 0                 0 / 0           MB/s
[1220.162s][info][gc,stats    ]      Memory: Undo Object Allocation Failed                     0 / 0                 0 / 0                 0 / 1                 0 / 1           ops/s
[1220.162s][info][gc,stats    ]      Memory: Undo Object Allocation Succeeded                  0 / 0                 0 / 0                 0 / 22                0 / 22          ops/s
[1220.162s][info][gc,stats    ]      Memory: Undo Page Allocation                              0 / 0                 0 / 2                 0 / 2                 0 / 2           ops/s
[1220.162s][info][gc,stats    ]       Phase: Concurrent Mark                              16.983 / 16.983       16.570 / 19.014       17.583 / 38.897       17.583 / 38.897      ms
[1220.162s][info][gc,stats    ]       Phase: Concurrent Mark Continue                      0.000 / 0.000         0.000 / 0.000         0.000 / 0.000         0.000 / 0.000       ms
[1220.162s][info][gc,stats    ]       Phase: Concurrent Mark Free                          0.001 / 0.001         0.001 / 0.004         0.001 / 0.004         0.001 / 0.004       ms
[1220.162s][info][gc,stats    ]       Phase: Concurrent Process Non-Strong References      8.390 / 8.390         9.015 / 18.281        9.030 / 18.281        9.030 / 18.281      ms
[1220.162s][info][gc,stats    ]       Phase: Concurrent Relocate                           0.636 / 0.636         0.823 / 1.503         0.978 / 6.891         0.978 / 6.891       ms
[1220.162s][info][gc,stats    ]       Phase: Concurrent Reset Relocation Set               0.003 / 0.003         0.004 / 0.008         0.004 / 0.011         0.004 / 0.011       ms
[1220.162s][info][gc,stats    ]       Phase: Concurrent Select Relocation Set              1.150 / 1.150         1.465 / 3.260         1.561 / 3.477         1.561 / 3.477       ms
[1220.162s][info][gc,stats    ]       Phase: Pause Mark End                                0.022 / 0.022         0.023 / 0.035         0.024 / 0.065         0.024 / 0.065       ms
[1220.162s][info][gc,stats    ]       Phase: Pause Mark Start                              0.008 / 0.008         0.011 / 0.028         0.012 / 0.028         0.012 / 0.028       ms
[1220.162s][info][gc,stats    ]       Phase: Pause Relocate Start                          0.006 / 0.006         0.009 / 0.011         0.009 / 0.019         0.009 / 0.019       ms
[1220.162s][info][gc,stats    ]    Subphase: Concurrent Classes Purge                      0.239 / 0.239         0.380 / 1.942         0.377 / 2.002         0.377 / 2.002       ms
[1220.162s][info][gc,stats    ]    Subphase: Concurrent Classes Unlink                     7.220 / 7.220         7.806 / 15.288        7.788 / 15.288        7.788 / 15.288      ms
[1220.162s][info][gc,stats    ]    Subphase: Concurrent Mark                              13.995 / 16.264       13.649 / 18.452       14.367 / 33.017       14.367 / 33.017      ms
[1220.162s][info][gc,stats    ]    Subphase: Concurrent Mark Try Flush                     0.144 / 0.236         0.132 / 0.331         0.127 / 0.331         0.127 / 0.331       ms
[1220.162s][info][gc,stats    ]    Subphase: Concurrent Mark Try Terminate                 1.709 / 5.051         1.686 / 9.487         1.816 / 16.074        1.816 / 16.074      ms
[1220.162s][info][gc,stats    ]    Subphase: Concurrent References Enqueue                 0.001 / 0.001         0.002 / 0.009         0.002 / 0.010         0.002 / 0.010       ms
[1220.162s][info][gc,stats    ]    Subphase: Concurrent References Process                 0.155 / 0.155         0.136 / 0.235         0.153 / 0.513         0.153 / 0.513       ms
[1220.162s][info][gc,stats    ]    Subphase: Concurrent Roots ClassLoaderDataGraph         0.152 / 0.247         0.137 / 0.358         0.147 / 0.547         0.147 / 0.547       ms
[1220.162s][info][gc,stats    ]    Subphase: Concurrent Roots CodeCache                    0.000 / 0.000         0.000 / 0.000         0.000 / 0.000         0.000 / 0.000       ms
[1220.162s][info][gc,stats    ]    Subphase: Concurrent Roots JavaThreads                  0.307 / 0.414         0.328 / 0.613         0.442 / 5.702         0.442 / 5.702       ms
[1220.162s][info][gc,stats    ]    Subphase: Concurrent Roots OopStorageSet                0.024 / 0.030         0.026 / 0.059         0.027 / 0.085         0.027 / 0.085       ms
[1220.162s][info][gc,stats    ]    Subphase: Concurrent Weak Roots OopStorageSet           0.553 / 0.554         0.463 / 0.653         0.493 / 0.939         0.493 / 0.939       ms
[1220.162s][info][gc,stats    ]    Subphase: Pause Mark Try Complete                       0.000 / 0.000         0.000 / 0.000         0.000 / 0.000         0.000 / 0.000       ms
[1220.162s][info][gc,stats    ]      System: Java Threads                                     33 / 33               32 / 33               32 / 34               32 / 34          threads
[1220.162s][info][gc,stats    ] =========================================================================================================================================================
[1229.551s][info][gc,start    ] GC(73) Garbage Collection (Proactive)
[1229.551s][info][gc,task     ] GC(73) Using 2 workers
[1229.551s][info][gc,phases   ] GC(73) Pause Mark Start 0.012ms
[1229.568s][info][gc,phases   ] GC(73) Concurrent Mark 17.278ms
[1229.569s][info][gc,phases   ] GC(73) Pause Mark End 0.023ms
[1229.569s][info][gc,phases   ] GC(73) Concurrent Mark Free 0.001ms
[1229.578s][info][gc,phases   ] GC(73) Concurrent Process Non-Strong References 8.737ms
[1229.578s][info][gc,phases   ] GC(73) Concurrent Reset Relocation Set 0.003ms
[1229.579s][info][gc,phases   ] GC(73) Concurrent Select Relocation Set 1.149ms
[1229.579s][info][gc,phases   ] GC(73) Pause Relocate Start 0.008ms
[1229.580s][info][gc,phases   ] GC(73) Concurrent Relocate 0.627ms
[1229.580s][info][gc,load     ] GC(73) Load: 0.00/0.00/0.00
[1229.580s][info][gc,mmu      ] GC(73) MMU: 2ms/96.8%, 5ms/98.7%, 10ms/99.2%, 20ms/99.6%, 50ms/99.8%, 100ms/99.9%
[1229.580s][info][gc,marking  ] GC(73) Mark: 2 stripe(s), 2 proactive flush(es), 1 terminate flush(es), 0 completion(s), 0 continuation(s) 
[1229.580s][info][gc,marking  ] GC(73) Mark Stack Usage: 32M
[1229.580s][info][gc,nmethod  ] GC(73) NMethods: 8514 registered, 451 unregistered
[1229.580s][info][gc,metaspace] GC(73) Metaspace: 32M used, 33M committed, 1088M reserved
[1229.580s][info][gc,ref      ] GC(73) Soft: 4125 encountered, 0 discovered, 0 enqueued
[1229.580s][info][gc,ref      ] GC(73) Weak: 2173 encountered, 456 discovered, 0 enqueued
[1229.580s][info][gc,ref      ] GC(73) Final: 3 encountered, 0 discovered, 0 enqueued
[1229.580s][info][gc,ref      ] GC(73) Phantom: 279 encountered, 144 discovered, 0 enqueued
[1229.580s][info][gc,reloc    ] GC(73) Small Pages: 223 / 446M, Empty: 338M, Relocated: 1M, In-Place: 0
[1229.580s][info][gc,reloc    ] GC(73) Medium Pages: 1 / 32M, Empty: 0M, Relocated: 0M, In-Place: 0
[1229.580s][info][gc,reloc    ] GC(73) Large Pages: 0 / 0M, Empty: 0M, Relocated: 0M, In-Place: 0
[1229.580s][info][gc,reloc    ] GC(73) Forwarding Usage: 0M
[1229.580s][info][gc,heap     ] GC(73) Min Capacity: 4096M(100%)
[1229.580s][info][gc,heap     ] GC(73) Max Capacity: 4096M(100%)
[1229.580s][info][gc,heap     ] GC(73) Soft Max Capacity: 4096M(100%)
[1229.580s][info][gc,heap     ] GC(73)                Mark Start          Mark End        Relocate Start      Relocate End           High               Low         
[1229.580s][info][gc,heap     ] GC(73)  Capacity:     4096M (100%)       4096M (100%)       4096M (100%)       4096M (100%)       4096M (100%)       4096M (100%)   
[1229.580s][info][gc,heap     ] GC(73)      Free:     3618M (88%)        3608M (88%)        3946M (96%)        4032M (98%)        4032M (98%)        3608M (88%)    
[1229.580s][info][gc,heap     ] GC(73)      Used:      478M (12%)         488M (12%)         150M (4%)           64M (2%)          488M (12%)          64M (2%)     
[1229.580s][info][gc,heap     ] GC(73)      Live:         -                17M (0%)           17M (0%)           17M (0%)             -                  -          
[1229.580s][info][gc,heap     ] GC(73) Allocated:         -                10M (0%)           10M (0%)           10M (0%)             -                  -          
[1229.580s][info][gc,heap     ] GC(73)   Garbage:         -               460M (11%)         122M (3%)           36M (1%)             -                  -          
[1229.580s][info][gc,heap     ] GC(73) Reclaimed:         -                  -               338M (8%)          424M (10%)            -                  -          
[1229.580s][info][gc          ] GC(73) Garbage Collection (Proactive) 478M(12%)->64M(2%)
[1230.154s][info][gc,stats    ] === Garbage Collection Statistics =======================================================================================================================
[1230.154s][info][gc,stats    ]                                                              Last 10s              Last 10m              Last 10h                Total
[1230.154s][info][gc,stats    ]                                                              Avg / Max             Avg / Max             Avg / Max             Avg / Max
[1230.154s][info][gc,stats    ]   Collector: Garbage Collection Cycle                     28.895 / 28.895       29.314 / 40.202       30.606 / 54.411       30.606 / 54.411      ms
[1230.154s][info][gc,stats    ]  Contention: Mark Segment Reset Contention                     0 / 0                 0 / 1                 0 / 3                 0 / 3           ops/s
[1230.154s][info][gc,stats    ]  Contention: Mark SeqNum Reset Contention                      0 / 0                 0 / 1                 0 / 2                 0 / 2           ops/s
[1230.154s][info][gc,stats    ]    Critical: Allocation Stall                                  0 / 0                 0 / 0                 0 / 0                 0 / 0           ops/s
[1230.154s][info][gc,stats    ]    Critical: Allocation Stall                              0.000 / 0.000         0.000 / 0.000         0.000 / 0.000         0.000 / 0.000       ms
[1230.154s][info][gc,stats    ]    Critical: GC Locker Stall                                   0 / 0                 0 / 0                 0 / 0                 0 / 0           ops/s
[1230.154s][info][gc,stats    ]    Critical: GC Locker Stall                               0.000 / 0.000         0.000 / 0.000         0.000 / 0.000         0.000 / 0.000       ms
[1230.154s][info][gc,stats    ]    Critical: Relocation Stall                                  0 / 0                 0 / 0                 0 / 0                 0 / 0           ops/s
[1230.154s][info][gc,stats    ]    Critical: Relocation Stall                              0.000 / 0.000         0.000 / 0.000         0.000 / 0.000         0.000 / 0.000       ms
[1230.154s][info][gc,stats    ]      Memory: Allocation Rate                                  25 / 34               24 / 136              25 / 148              25 / 148         MB/s
[1230.154s][info][gc,stats    ]      Memory: Out Of Memory                                     0 / 0                 0 / 0                 0 / 0                 0 / 0           ops/s
[1230.154s][info][gc,stats    ]      Memory: Page Cache Flush                                  0 / 0                 0 / 0                 0 / 0                 0 / 0           MB/s
[1230.154s][info][gc,stats    ]      Memory: Page Cache Hit L1                                12 / 19               12 / 40               12 / 78               12 / 78          ops/s
[1230.154s][info][gc,stats    ]      Memory: Page Cache Hit L2                                 0 / 0                 0 / 0                 0 / 0                 0 / 0           ops/s
[1230.154s][info][gc,stats    ]      Memory: Page Cache Hit L3                                 0 / 0                 0 / 0                 0 / 48                0 / 48          ops/s
[1230.154s][info][gc,stats    ]      Memory: Page Cache Miss                                   0 / 0                 0 / 0                 0 / 1                 0 / 1           ops/s
[1230.154s][info][gc,stats    ]      Memory: Uncommit                                          0 / 0                 0 / 0                 0 / 0                 0 / 0           MB/s
[1230.154s][info][gc,stats    ]      Memory: Undo Object Allocation Failed                     0 / 0                 0 / 0                 0 / 1                 0 / 1           ops/s
[1230.154s][info][gc,stats    ]      Memory: Undo Object Allocation Succeeded                  0 / 0                 0 / 0                 0 / 22                0 / 22          ops/s
[1230.154s][info][gc,stats    ]      Memory: Undo Page Allocation                              0 / 0                 0 / 2                 0 / 2                 0 / 2           ops/s
[1230.154s][info][gc,stats    ]       Phase: Concurrent Mark                              17.278 / 17.278       16.590 / 19.014       17.579 / 38.897       17.579 / 38.897      ms
[1230.154s][info][gc,stats    ]       Phase: Concurrent Mark Continue                      0.000 / 0.000         0.000 / 0.000         0.000 / 0.000         0.000 / 0.000       ms
[1230.154s][info][gc,stats    ]       Phase: Concurrent Mark Free                          0.001 / 0.001         0.001 / 0.004         0.001 / 0.004         0.001 / 0.004       ms
[1230.154s][info][gc,stats    ]       Phase: Concurrent Process Non-Strong References      8.737 / 8.737         9.008 / 18.281        9.026 / 18.281        9.026 / 18.281      ms
[1230.154s][info][gc,stats    ]       Phase: Concurrent Relocate                           0.627 / 0.627         0.817 / 1.503         0.973 / 6.891         0.973 / 6.891       ms
[1230.154s][info][gc,stats    ]       Phase: Concurrent Reset Relocation Set               0.003 / 0.003         0.004 / 0.008         0.004 / 0.011         0.004 / 0.011       ms
[1230.154s][info][gc,stats    ]       Phase: Concurrent Select Relocation Set              1.149 / 1.149         1.457 / 3.260         1.556 / 3.477         1.556 / 3.477       ms
[1230.154s][info][gc,stats    ]       Phase: Pause Mark End                                0.023 / 0.023         0.023 / 0.035         0.024 / 0.065         0.024 / 0.065       ms
[1230.154s][info][gc,stats    ]       Phase: Pause Mark Start                              0.012 / 0.012         0.011 / 0.028         0.012 / 0.028         0.012 / 0.028       ms
[1230.154s][info][gc,stats    ]       Phase: Pause Relocate Start                          0.008 / 0.008         0.009 / 0.011         0.009 / 0.019         0.009 / 0.019       ms
[1230.154s][info][gc,stats    ]    Subphase: Concurrent Classes Purge                      0.332 / 0.332         0.379 / 1.942         0.376 / 2.002         0.376 / 2.002       ms
[1230.154s][info][gc,stats    ]    Subphase: Concurrent Classes Unlink                     7.518 / 7.518         7.798 / 15.288        7.784 / 15.288        7.784 / 15.288      ms
[1230.154s][info][gc,stats    ]    Subphase: Concurrent Mark                              13.656 / 16.429       13.649 / 18.452       14.357 / 33.017       14.357 / 33.017      ms
[1230.154s][info][gc,stats    ]    Subphase: Concurrent Mark Try Flush                     0.148 / 0.244         0.132 / 0.331         0.127 / 0.331         0.127 / 0.331       ms
[1230.154s][info][gc,stats    ]    Subphase: Concurrent Mark Try Terminate                 2.022 / 5.992         1.695 / 9.487         1.819 / 16.074        1.819 / 16.074      ms
[1230.154s][info][gc,stats    ]    Subphase: Concurrent References Enqueue                 0.001 / 0.001         0.002 / 0.009         0.002 / 0.010         0.002 / 0.010       ms
[1230.154s][info][gc,stats    ]    Subphase: Concurrent References Process                 0.158 / 0.158         0.137 / 0.235         0.153 / 0.513         0.153 / 0.513       ms
[1230.154s][info][gc,stats    ]    Subphase: Concurrent Roots ClassLoaderDataGraph         0.201 / 0.349         0.139 / 0.358         0.147 / 0.547         0.147 / 0.547       ms
[1230.154s][info][gc,stats    ]    Subphase: Concurrent Roots CodeCache                    0.000 / 0.000         0.000 / 0.000         0.000 / 0.000         0.000 / 0.000       ms
[1230.155s][info][gc,stats    ]    Subphase: Concurrent Roots JavaThreads                  0.393 / 0.545         0.330 / 0.613         0.442 / 5.702         0.442 / 5.702       ms
[1230.155s][info][gc,stats    ]    Subphase: Concurrent Roots OopStorageSet                0.026 / 0.040         0.026 / 0.059         0.027 / 0.085         0.027 / 0.085       ms
[1230.155s][info][gc,stats    ]    Subphase: Concurrent Weak Roots OopStorageSet           0.532 / 0.532         0.465 / 0.653         0.493 / 0.939         0.493 / 0.939       ms
[1230.155s][info][gc,stats    ]    Subphase: Pause Mark Try Complete                       0.000 / 0.000         0.000 / 0.000         0.000 / 0.000         0.000 / 0.000       ms
[1230.155s][info][gc,stats    ]      System: Java Threads                                     33 / 33               32 / 33               32 / 34               32 / 34          threads
[1230.155s][info][gc,stats    ] =========================================================================================================================================================
[1236.838s][info][gc,start    ] GC(74) Garbage Collection (System.gc())
[1236.838s][info][gc,task     ] GC(74) Using 2 workers
[1236.838s][info][gc,phases   ] GC(74) Pause Mark Start 0.006ms
[1236.857s][info][gc,phases   ] GC(74) Concurrent Mark 19.244ms
[1236.858s][info][gc,phases   ] GC(74) Pause Mark End 0.018ms
[1236.858s][info][gc,phases   ] GC(74) Concurrent Mark Free 0.002ms
[1236.875s][info][gc,phases   ] GC(74) Concurrent Process Non-Strong References 17.564ms
[1236.875s][info][gc,phases   ] GC(74) Concurrent Reset Relocation Set 0.005ms
[1236.877s][info][gc,phases   ] GC(74) Concurrent Select Relocation Set 1.597ms
[1236.877s][info][gc,phases   ] GC(74) Pause Relocate Start 0.009ms
[1236.878s][info][gc,phases   ] GC(74) Concurrent Relocate 1.277ms
[1236.879s][info][gc,load     ] GC(74) Load: 0.00/0.00/0.00
[1236.879s][info][gc,mmu      ] GC(74) MMU: 2ms/96.8%, 5ms/98.7%, 10ms/99.2%, 20ms/99.6%, 50ms/99.8%, 100ms/99.9%
[1236.879s][info][gc,marking  ] GC(74) Mark: 2 stripe(s), 1 proactive flush(es), 1 terminate flush(es), 0 completion(s), 0 continuation(s) 
[1236.879s][info][gc,marking  ] GC(74) Mark Stack Usage: 32M
[1236.879s][info][gc,nmethod  ] GC(74) NMethods: 8136 registered, 848 unregistered
[1236.879s][info][gc,metaspace] GC(74) Metaspace: 31M used, 33M committed, 1088M reserved
[1236.879s][info][gc,ref      ] GC(74) Soft: 3991 encountered, 0 discovered, 0 enqueued
[1236.879s][info][gc,ref      ] GC(74) Weak: 1915 encountered, 198 discovered, 77 enqueued
[1236.879s][info][gc,ref      ] GC(74) Final: 3 encountered, 1 discovered, 0 enqueued
[1236.879s][info][gc,ref      ] GC(74) Phantom: 265 encountered, 208 discovered, 3 enqueued
[1236.879s][info][gc,reloc    ] GC(74) Small Pages: 98 / 196M, Empty: 116M, Relocated: 1M, In-Place: 0
[1236.879s][info][gc,reloc    ] GC(74) Medium Pages: 2 / 64M, Empty: 32M, Relocated: 0M, In-Place: 0
[1236.879s][info][gc,reloc    ] GC(74) Large Pages: 0 / 0M, Empty: 0M, Relocated: 0M, In-Place: 0
[1236.879s][info][gc,reloc    ] GC(74) Forwarding Usage: 0M
[1236.879s][info][gc,heap     ] GC(74) Min Capacity: 4096M(100%)
[1236.879s][info][gc,heap     ] GC(74) Max Capacity: 4096M(100%)
[1236.879s][info][gc,heap     ] GC(74) Soft Max Capacity: 4096M(100%)
[1236.879s][info][gc,heap     ] GC(74)                Mark Start          Mark End        Relocate Start      Relocate End           High               Low         
[1236.879s][info][gc,heap     ] GC(74)  Capacity:     4096M (100%)       4096M (100%)       4096M (100%)       4096M (100%)       4096M (100%)       4096M (100%)   
[1236.879s][info][gc,heap     ] GC(74)      Free:     3836M (94%)        3836M (94%)        3980M (97%)        4040M (99%)        4040M (99%)        3832M (94%)    
[1236.879s][info][gc,heap     ] GC(74)      Used:      260M (6%)          260M (6%)          116M (3%)           56M (1%)          264M (6%)           56M (1%)     
[1236.879s][info][gc,heap     ] GC(74)      Live:         -                16M (0%)           16M (0%)           16M (0%)             -                  -          
[1236.879s][info][gc,heap     ] GC(74) Allocated:         -                 0M (0%)            4M (0%)            4M (0%)             -                  -          
[1236.879s][info][gc,heap     ] GC(74)   Garbage:         -               243M (6%)           95M (2%)           35M (1%)             -                  -          
[1236.879s][info][gc,heap     ] GC(74) Reclaimed:         -                  -               148M (4%)          208M (5%)             -                  -          
[1236.879s][info][gc          ] GC(74) Garbage Collection (System.gc()) 260M(6%)->56M(1%)
[1240.160s][info][gc,stats    ] === Garbage Collection Statistics =======================================================================================================================
[1240.160s][info][gc,stats    ]                                                              Last 10s              Last 10m              Last 10h                Total
[1240.160s][info][gc,stats    ]                                                              Avg / Max             Avg / Max             Avg / Max             Avg / Max
[1240.160s][info][gc,stats    ]   Collector: Garbage Collection Cycle                     40.626 / 40.626       29.634 / 40.626       30.740 / 54.411       30.740 / 54.411      ms
[1240.160s][info][gc,stats    ]  Contention: Mark Segment Reset Contention                     0 / 0                 0 / 1                 0 / 3                 0 / 3           ops/s
[1240.160s][info][gc,stats    ]  Contention: Mark SeqNum Reset Contention                      0 / 0                 0 / 1                 0 / 2                 0 / 2           ops/s
[1240.160s][info][gc,stats    ]    Critical: Allocation Stall                                  0 / 0                 0 / 0                 0 / 0                 0 / 0           ops/s
[1240.160s][info][gc,stats    ]    Critical: Allocation Stall                              0.000 / 0.000         0.000 / 0.000         0.000 / 0.000         0.000 / 0.000       ms
[1240.160s][info][gc,stats    ]    Critical: GC Locker Stall                                   0 / 0                 0 / 0                 0 / 0                 0 / 0           ops/s
[1240.160s][info][gc,stats    ]    Critical: GC Locker Stall                               0.000 / 0.000         0.000 / 0.000         0.000 / 0.000         0.000 / 0.000       ms
[1240.160s][info][gc,stats    ]    Critical: Relocation Stall                                  0 / 0                 0 / 0                 0 / 0                 0 / 0           ops/s
[1240.160s][info][gc,stats    ]    Critical: Relocation Stall                              0.000 / 0.000         0.000 / 0.000         0.000 / 0.000         0.000 / 0.000       ms
[1240.160s][info][gc,stats    ]      Memory: Allocation Rate                                  34 / 128              25 / 136              25 / 148              25 / 148         MB/s
[1240.160s][info][gc,stats    ]      Memory: Out Of Memory                                     0 / 0                 0 / 0                 0 / 0                 0 / 0           ops/s
[1240.160s][info][gc,stats    ]      Memory: Page Cache Flush                                  0 / 0                 0 / 0                 0 / 0                 0 / 0           MB/s
[1240.160s][info][gc,stats    ]      Memory: Page Cache Hit L1                                14 / 36               12 / 40               12 / 78               12 / 78          ops/s
[1240.160s][info][gc,stats    ]      Memory: Page Cache Hit L2                                 0 / 0                 0 / 0                 0 / 0                 0 / 0           ops/s
[1240.160s][info][gc,stats    ]      Memory: Page Cache Hit L3                                 0 / 0                 0 / 0                 0 / 48                0 / 48          ops/s
[1240.160s][info][gc,stats    ]      Memory: Page Cache Miss                                   0 / 0                 0 / 0                 0 / 1                 0 / 1           ops/s
[1240.160s][info][gc,stats    ]      Memory: Uncommit                                          0 / 0                 0 / 0                 0 / 0                 0 / 0           MB/s
[1240.160s][info][gc,stats    ]      Memory: Undo Object Allocation Failed                     0 / 0                 0 / 0                 0 / 1                 0 / 1           ops/s
[1240.160s][info][gc,stats    ]      Memory: Undo Object Allocation Succeeded                  0 / 0                 0 / 0                 0 / 22                0 / 22          ops/s
[1240.160s][info][gc,stats    ]      Memory: Undo Page Allocation                              0 / 0                 0 / 2                 0 / 2                 0 / 2           ops/s
[1240.160s][info][gc,stats    ]       Phase: Concurrent Mark                              19.244 / 19.244       16.655 / 19.244       17.601 / 38.897       17.601 / 38.897      ms
[1240.160s][info][gc,stats    ]       Phase: Concurrent Mark Continue                      0.000 / 0.000         0.000 / 0.000         0.000 / 0.000         0.000 / 0.000       ms
[1240.160s][info][gc,stats    ]       Phase: Concurrent Mark Free                          0.002 / 0.002         0.001 / 0.004         0.001 / 0.004         0.001 / 0.004       ms
[1240.160s][info][gc,stats    ]       Phase: Concurrent Process Non-Strong References     17.564 / 17.564        9.261 / 18.281        9.140 / 18.281        9.140 / 18.281      ms
[1240.160s][info][gc,stats    ]       Phase: Concurrent Relocate                           1.277 / 1.277         0.836 / 1.503         0.977 / 6.891         0.977 / 6.891       ms
[1240.160s][info][gc,stats    ]       Phase: Concurrent Reset Relocation Set               0.005 / 0.005         0.004 / 0.008         0.004 / 0.011         0.004 / 0.011       ms
[1240.160s][info][gc,stats    ]       Phase: Concurrent Select Relocation Set              1.597 / 1.597         1.468 / 3.260         1.556 / 3.477         1.556 / 3.477       ms
[1240.160s][info][gc,stats    ]       Phase: Pause Mark End                                0.018 / 0.018         0.023 / 0.035         0.024 / 0.065         0.024 / 0.065       ms
[1240.160s][info][gc,stats    ]       Phase: Pause Mark Start                              0.006 / 0.006         0.011 / 0.028         0.012 / 0.028         0.012 / 0.028       ms
[1240.160s][info][gc,stats    ]       Phase: Pause Relocate Start                          0.009 / 0.009         0.009 / 0.011         0.009 / 0.019         0.009 / 0.019       ms
[1240.160s][info][gc,stats    ]    Subphase: Concurrent Classes Purge                      2.073 / 2.073         0.429 / 2.073         0.399 / 2.073         0.399 / 2.073       ms
[1240.160s][info][gc,stats    ]    Subphase: Concurrent Classes Unlink                    14.411 / 14.411        7.997 / 15.288        7.873 / 15.288        7.873 / 15.288      ms
[1240.160s][info][gc,stats    ]    Subphase: Concurrent Mark                              14.078 / 18.519       13.653 / 18.519       14.354 / 33.017       14.354 / 33.017      ms
[1240.160s][info][gc,stats    ]    Subphase: Concurrent Mark Try Flush                     0.086 / 0.132         0.131 / 0.331         0.127 / 0.331         0.127 / 0.331       ms
[1240.160s][info][gc,stats    ]    Subphase: Concurrent Mark Try Terminate                 3.147 / 9.402         1.737 / 9.487         1.837 / 16.074        1.837 / 16.074      ms
[1240.160s][info][gc,stats    ]    Subphase: Concurrent References Enqueue                 0.008 / 0.008         0.002 / 0.009         0.002 / 0.010         0.002 / 0.010       ms
[1240.160s][info][gc,stats    ]    Subphase: Concurrent References Process                 0.178 / 0.178         0.137 / 0.235         0.153 / 0.513         0.153 / 0.513       ms
[1240.160s][info][gc,stats    ]    Subphase: Concurrent Roots ClassLoaderDataGraph         0.131 / 0.242         0.139 / 0.358         0.147 / 0.547         0.147 / 0.547       ms
[1240.160s][info][gc,stats    ]    Subphase: Concurrent Roots CodeCache                    0.000 / 0.000         0.000 / 0.000         0.000 / 0.000         0.000 / 0.000       ms
[1240.160s][info][gc,stats    ]    Subphase: Concurrent Roots JavaThreads                  0.374 / 0.485         0.333 / 0.613         0.441 / 5.702         0.441 / 5.702       ms
[1240.160s][info][gc,stats    ]    Subphase: Concurrent Roots OopStorageSet                0.019 / 0.027         0.026 / 0.059         0.027 / 0.085         0.027 / 0.085       ms
[1240.160s][info][gc,stats    ]    Subphase: Concurrent Weak Roots OopStorageSet           0.608 / 0.608         0.467 / 0.653         0.495 / 0.939         0.495 / 0.939       ms
[1240.160s][info][gc,stats    ]    Subphase: Pause Mark Try Complete                       0.000 / 0.000         0.000 / 0.000         0.000 / 0.000         0.000 / 0.000       ms
[1240.160s][info][gc,stats    ]      System: Java Threads                                     27 / 27               32 / 33               32 / 34               32 / 34          threads
[1240.160s][info][gc,stats    ] =========================================================================================================================================================
[1250.157s][info][gc,stats    ] === Garbage Collection Statistics =======================================================================================================================
[1250.157s][info][gc,stats    ]                                                              Last 10s              Last 10m              Last 10h                Total
[1250.157s][info][gc,stats    ]                                                              Avg / Max             Avg / Max             Avg / Max             Avg / Max
[1250.157s][info][gc,stats    ]   Collector: Garbage Collection Cycle                      0.000 / 0.000        29.634 / 40.626       30.740 / 54.411       30.740 / 54.411      ms
[1250.157s][info][gc,stats    ]  Contention: Mark Segment Reset Contention                     0 / 0                 0 / 1                 0 / 3                 0 / 3           ops/s
[1250.157s][info][gc,stats    ]  Contention: Mark SeqNum Reset Contention                      0 / 0                 0 / 1                 0 / 2                 0 / 2           ops/s
[1250.157s][info][gc,stats    ]    Critical: Allocation Stall                                  0 / 0                 0 / 0                 0 / 0                 0 / 0           ops/s
[1250.157s][info][gc,stats    ]    Critical: Allocation Stall                              0.000 / 0.000         0.000 / 0.000         0.000 / 0.000         0.000 / 0.000       ms
[1250.157s][info][gc,stats    ]    Critical: GC Locker Stall                                   0 / 0                 0 / 0                 0 / 0                 0 / 0           ops/s
[1250.157s][info][gc,stats    ]    Critical: GC Locker Stall                               0.000 / 0.000         0.000 / 0.000         0.000 / 0.000         0.000 / 0.000       ms
[1250.157s][info][gc,stats    ]    Critical: Relocation Stall                                  0 / 0                 0 / 0                 0 / 0                 0 / 0           ops/s
[1250.157s][info][gc,stats    ]    Critical: Relocation Stall                              0.000 / 0.000         0.000 / 0.000         0.000 / 0.000         0.000 / 0.000       ms
[1250.157s][info][gc,stats    ]      Memory: Allocation Rate                                  24 / 26               25 / 136              25 / 148              25 / 148         MB/s
[1250.157s][info][gc,stats    ]      Memory: Out Of Memory                                     0 / 0                 0 / 0                 0 / 0                 0 / 0           ops/s
[1250.157s][info][gc,stats    ]      Memory: Page Cache Flush                                  0 / 0                 0 / 0                 0 / 0                 0 / 0           MB/s
[1250.157s][info][gc,stats    ]      Memory: Page Cache Hit L1                                12 / 13               12 / 40               12 / 78               12 / 78          ops/s
[1250.157s][info][gc,stats    ]      Memory: Page Cache Hit L2                                 0 / 0                 0 / 0                 0 / 0                 0 / 0           ops/s
[1250.157s][info][gc,stats    ]      Memory: Page Cache Hit L3                                 0 / 0                 0 / 0                 0 / 48                0 / 48          ops/s
[1250.157s][info][gc,stats    ]      Memory: Page Cache Miss                                   0 / 0                 0 / 0                 0 / 1                 0 / 1           ops/s
[1250.157s][info][gc,stats    ]      Memory: Uncommit                                          0 / 0                 0 / 0                 0 / 0                 0 / 0           MB/s
[1250.157s][info][gc,stats    ]      Memory: Undo Object Allocation Failed                     0 / 0                 0 / 0                 0 / 1                 0 / 1           ops/s
[1250.157s][info][gc,stats    ]      Memory: Undo Object Allocation Succeeded                  0 / 0                 0 / 0                 0 / 22                0 / 22          ops/s
[1250.157s][info][gc,stats    ]      Memory: Undo Page Allocation                              0 / 0                 0 / 2                 0 / 2                 0 / 2           ops/s
[1250.157s][info][gc,stats    ]       Phase: Concurrent Mark                               0.000 / 0.000        16.655 / 19.244       17.601 / 38.897       17.601 / 38.897      ms
[1250.157s][info][gc,stats    ]       Phase: Concurrent Mark Continue                      0.000 / 0.000         0.000 / 0.000         0.000 / 0.000         0.000 / 0.000       ms
[1250.157s][info][gc,stats    ]       Phase: Concurrent Mark Free                          0.000 / 0.000         0.001 / 0.004         0.001 / 0.004         0.001 / 0.004       ms
[1250.157s][info][gc,stats    ]       Phase: Concurrent Process Non-Strong References      0.000 / 0.000         9.261 / 18.281        9.140 / 18.281        9.140 / 18.281      ms
[1250.157s][info][gc,stats    ]       Phase: Concurrent Relocate                           0.000 / 0.000         0.836 / 1.503         0.977 / 6.891         0.977 / 6.891       ms
[1250.157s][info][gc,stats    ]       Phase: Concurrent Reset Relocation Set               0.000 / 0.000         0.004 / 0.008         0.004 / 0.011         0.004 / 0.011       ms
[1250.157s][info][gc,stats    ]       Phase: Concurrent Select Relocation Set              0.000 / 0.000         1.468 / 3.260         1.556 / 3.477         1.556 / 3.477       ms
[1250.157s][info][gc,stats    ]       Phase: Pause Mark End                                0.000 / 0.000         0.023 / 0.035         0.024 / 0.065         0.024 / 0.065       ms
[1250.157s][info][gc,stats    ]       Phase: Pause Mark Start                              0.000 / 0.000         0.011 / 0.028         0.012 / 0.028         0.012 / 0.028       ms
[1250.157s][info][gc,stats    ]       Phase: Pause Relocate Start                          0.000 / 0.000         0.009 / 0.011         0.009 / 0.019         0.009 / 0.019       ms
[1250.157s][info][gc,stats    ]    Subphase: Concurrent Classes Purge                      0.000 / 0.000         0.429 / 2.073         0.399 / 2.073         0.399 / 2.073       ms
[1250.157s][info][gc,stats    ]    Subphase: Concurrent Classes Unlink                     0.000 / 0.000         7.997 / 15.288        7.873 / 15.288        7.873 / 15.288      ms
[1250.157s][info][gc,stats    ]    Subphase: Concurrent Mark                               0.000 / 0.000        13.653 / 18.519       14.354 / 33.017       14.354 / 33.017      ms
[1250.157s][info][gc,stats    ]    Subphase: Concurrent Mark Try Flush                     0.000 / 0.000         0.131 / 0.331         0.127 / 0.331         0.127 / 0.331       ms
[1250.157s][info][gc,stats    ]    Subphase: Concurrent Mark Try Terminate                 0.000 / 0.000         1.737 / 9.487         1.837 / 16.074        1.837 / 16.074      ms
[1250.157s][info][gc,stats    ]    Subphase: Concurrent References Enqueue                 0.000 / 0.000         0.002 / 0.009         0.002 / 0.010         0.002 / 0.010       ms
[1250.157s][info][gc,stats    ]    Subphase: Concurrent References Process                 0.000 / 0.000         0.137 / 0.235         0.153 / 0.513         0.153 / 0.513       ms
[1250.157s][info][gc,stats    ]    Subphase: Concurrent Roots ClassLoaderDataGraph         0.000 / 0.000         0.139 / 0.358         0.147 / 0.547         0.147 / 0.547       ms
[1250.157s][info][gc,stats    ]    Subphase: Concurrent Roots CodeCache                    0.000 / 0.000         0.000 / 0.000         0.000 / 0.000         0.000 / 0.000       ms
[1250.157s][info][gc,stats    ]    Subphase: Concurrent Roots JavaThreads                  0.000 / 0.000         0.333 / 0.613         0.441 / 5.702         0.441 / 5.702       ms
[1250.157s][info][gc,stats    ]    Subphase: Concurrent Roots OopStorageSet                0.000 / 0.000         0.026 / 0.059         0.027 / 0.085         0.027 / 0.085       ms
[1250.157s][info][gc,stats    ]    Subphase: Concurrent Weak Roots OopStorageSet           0.000 / 0.000         0.467 / 0.653         0.495 / 0.939         0.495 / 0.939       ms
[1250.157s][info][gc,stats    ]    Subphase: Pause Mark Try Complete                       0.000 / 0.000         0.000 / 0.000         0.000 / 0.000         0.000 / 0.000       ms
[1250.157s][info][gc,stats    ]      System: Java Threads                                      0 / 0                32 / 33               32 / 34               32 / 34          threads
[1250.157s][info][gc,stats    ] =========================================================================================================================================================
[1250.458s][info][gc,start    ] GC(75) Garbage Collection (Proactive)
[1250.458s][info][gc,task     ] GC(75) Using 2 workers
[1250.458s][info][gc,phases   ] GC(75) Pause Mark Start 0.009ms
[1250.489s][info][gc,phases   ] GC(75) Concurrent Mark 30.623ms
[1250.489s][info][gc,phases   ] GC(75) Pause Mark End 0.023ms
[1250.489s][info][gc,phases   ] GC(75) Concurrent Mark Free 0.002ms
[1250.499s][info][gc,phases   ] GC(75) Concurrent Process Non-Strong References 9.449ms
[1250.499s][info][gc,phases   ] GC(75) Concurrent Reset Relocation Set 0.002ms
[1250.500s][info][gc,phases   ] GC(75) Concurrent Select Relocation Set 1.264ms
[1250.500s][info][gc,phases   ] GC(75) Pause Relocate Start 0.006ms
[1250.502s][info][gc,phases   ] GC(75) Concurrent Relocate 1.560ms
[1250.502s][info][gc,load     ] GC(75) Load: 0.00/0.00/0.00
[1250.502s][info][gc,mmu      ] GC(75) MMU: 2ms/96.8%, 5ms/98.7%, 10ms/99.2%, 20ms/99.6%, 50ms/99.8%, 100ms/99.9%
[1250.502s][info][gc,marking  ] GC(75) Mark: 2 stripe(s), 2 proactive flush(es), 1 terminate flush(es), 0 completion(s), 0 continuation(s) 
[1250.502s][info][gc,marking  ] GC(75) Mark Stack Usage: 32M
[1250.502s][info][gc,nmethod  ] GC(75) NMethods: 8347 registered, 887 unregistered
[1250.502s][info][gc,metaspace] GC(75) Metaspace: 32M used, 33M committed, 1088M reserved
[1250.502s][info][gc,ref      ] GC(75) Soft: 4136 encountered, 0 discovered, 0 enqueued
[1250.502s][info][gc,ref      ] GC(75) Weak: 2394 encountered, 790 discovered, 212 enqueued
[1250.502s][info][gc,ref      ] GC(75) Final: 3 encountered, 1 discovered, 0 enqueued
[1250.502s][info][gc,ref      ] GC(75) Phantom: 304 encountered, 217 discovered, 31 enqueued
[1250.502s][info][gc,reloc    ] GC(75) Small Pages: 201 / 402M, Empty: 174M, Relocated: 2M, In-Place: 0
[1250.502s][info][gc,reloc    ] GC(75) Medium Pages: 2 / 64M, Empty: 32M, Relocated: 0M, In-Place: 0
[1250.502s][info][gc,reloc    ] GC(75) Large Pages: 0 / 0M, Empty: 0M, Relocated: 0M, In-Place: 0
[1250.502s][info][gc,reloc    ] GC(75) Forwarding Usage: 0M
[1250.502s][info][gc,heap     ] GC(75) Min Capacity: 4096M(100%)
[1250.502s][info][gc,heap     ] GC(75) Max Capacity: 4096M(100%)
[1250.502s][info][gc,heap     ] GC(75) Soft Max Capacity: 4096M(100%)
[1250.502s][info][gc,heap     ] GC(75)                Mark Start          Mark End        Relocate Start      Relocate End           High               Low         
[1250.502s][info][gc,heap     ] GC(75)  Capacity:     4096M (100%)       4096M (100%)       4096M (100%)       4096M (100%)       4096M (100%)       4096M (100%)   
[1250.502s][info][gc,heap     ] GC(75)      Free:     3630M (89%)        3620M (88%)        3826M (93%)        4034M (98%)        4034M (98%)        3618M (88%)    
[1250.502s][info][gc,heap     ] GC(75)      Used:      466M (11%)         476M (12%)         270M (7%)           62M (2%)          478M (12%)          62M (2%)     
[1250.502s][info][gc,heap     ] GC(75)      Live:         -                17M (0%)           17M (0%)           17M (0%)             -                  -          
[1250.502s][info][gc,heap     ] GC(75) Allocated:         -                10M (0%)           10M (0%)           10M (0%)             -                  -          
[1250.502s][info][gc,heap     ] GC(75)   Garbage:         -               448M (11%)         242M (6%)           34M (1%)             -                  -          
[1250.502s][info][gc,heap     ] GC(75) Reclaimed:         -                  -               206M (5%)          414M (10%)            -                  -          
[1250.502s][info][gc          ] GC(75) Garbage Collection (Proactive) 466M(11%)->62M(2%)
[1260.166s][info][gc,stats    ] === Garbage Collection Statistics =======================================================================================================================
[1260.166s][info][gc,stats    ]                                                              Last 10s              Last 10m              Last 10h                Total
[1260.167s][info][gc,stats    ]                                                              Avg / Max             Avg / Max             Avg / Max             Avg / Max
[1260.167s][info][gc,stats    ]   Collector: Garbage Collection Cycle                     43.979 / 43.979       30.051 / 43.979       30.914 / 54.411       30.914 / 54.411      ms
[1260.167s][info][gc,stats    ]  Contention: Mark Segment Reset Contention                     0 / 0                 0 / 1                 0 / 3                 0 / 3           ops/s
[1260.167s][info][gc,stats    ]  Contention: Mark SeqNum Reset Contention                      0 / 1                 0 / 1                 0 / 2                 0 / 2           ops/s
[1260.167s][info][gc,stats    ]    Critical: Allocation Stall                                  0 / 0                 0 / 0                 0 / 0                 0 / 0           ops/s
[1260.167s][info][gc,stats    ]    Critical: Allocation Stall                              0.000 / 0.000         0.000 / 0.000         0.000 / 0.000         0.000 / 0.000       ms
[1260.167s][info][gc,stats    ]    Critical: GC Locker Stall                                   0 / 0                 0 / 0                 0 / 0                 0 / 0           ops/s
[1260.167s][info][gc,stats    ]    Critical: GC Locker Stall                               0.000 / 0.000         0.000 / 0.000         0.000 / 0.000         0.000 / 0.000       ms
[1260.167s][info][gc,stats    ]    Critical: Relocation Stall                                  0 / 0                 0 / 0                 0 / 0                 0 / 0           ops/s
[1260.167s][info][gc,stats    ]    Critical: Relocation Stall                              0.000 / 0.000         0.000 / 0.000         0.000 / 0.000         0.000 / 0.000       ms
[1260.167s][info][gc,stats    ]      Memory: Allocation Rate                                  25 / 36               25 / 136              25 / 148              25 / 148         MB/s
[1260.167s][info][gc,stats    ]      Memory: Out Of Memory                                     0 / 0                 0 / 0                 0 / 0                 0 / 0           ops/s
[1260.167s][info][gc,stats    ]      Memory: Page Cache Flush                                  0 / 0                 0 / 0                 0 / 0                 0 / 0           MB/s
[1260.167s][info][gc,stats    ]      Memory: Page Cache Hit L1                                12 / 20               12 / 40               12 / 78               12 / 78          ops/s
[1260.167s][info][gc,stats    ]      Memory: Page Cache Hit L2                                 0 / 0                 0 / 0                 0 / 0                 0 / 0           ops/s
[1260.167s][info][gc,stats    ]      Memory: Page Cache Hit L3                                 0 / 0                 0 / 0                 0 / 48                0 / 48          ops/s
[1260.167s][info][gc,stats    ]      Memory: Page Cache Miss                                   0 / 0                 0 / 0                 0 / 1                 0 / 1           ops/s
[1260.167s][info][gc,stats    ]      Memory: Uncommit                                          0 / 0                 0 / 0                 0 / 0                 0 / 0           MB/s
[1260.167s][info][gc,stats    ]      Memory: Undo Object Allocation Failed                     0 / 0                 0 / 0                 0 / 1                 0 / 1           ops/s
[1260.167s][info][gc,stats    ]      Memory: Undo Object Allocation Succeeded                  0 / 0                 0 / 0                 0 / 22                0 / 22          ops/s
[1260.167s][info][gc,stats    ]      Memory: Undo Page Allocation                              0 / 1                 0 / 2                 0 / 2                 0 / 2           ops/s
[1260.167s][info][gc,stats    ]       Phase: Concurrent Mark                              30.623 / 30.623       17.051 / 30.623       17.772 / 38.897       17.772 / 38.897      ms
[1260.167s][info][gc,stats    ]       Phase: Concurrent Mark Continue                      0.000 / 0.000         0.000 / 0.000         0.000 / 0.000         0.000 / 0.000       ms
[1260.167s][info][gc,stats    ]       Phase: Concurrent Mark Free                          0.002 / 0.002         0.001 / 0.004         0.001 / 0.004         0.001 / 0.004       ms
[1260.167s][info][gc,stats    ]       Phase: Concurrent Process Non-Strong References      9.449 / 9.449         9.275 / 18.281        9.144 / 18.281        9.144 / 18.281      ms
[1260.167s][info][gc,stats    ]       Phase: Concurrent Relocate                           1.560 / 1.560         0.862 / 1.560         0.985 / 6.891         0.985 / 6.891       ms
[1260.167s][info][gc,stats    ]       Phase: Concurrent Reset Relocation Set               0.002 / 0.002         0.004 / 0.008         0.004 / 0.011         0.004 / 0.011       ms
[1260.167s][info][gc,stats    ]       Phase: Concurrent Select Relocation Set              1.264 / 1.264         1.469 / 3.260         1.552 / 3.477         1.552 / 3.477       ms
[1260.167s][info][gc,stats    ]       Phase: Pause Mark End                                0.023 / 0.023         0.023 / 0.035         0.024 / 0.065         0.024 / 0.065       ms
[1260.167s][info][gc,stats    ]       Phase: Pause Mark Start                              0.009 / 0.009         0.011 / 0.028         0.012 / 0.028         0.012 / 0.028       ms
[1260.167s][info][gc,stats    ]       Phase: Pause Relocate Start                          0.006 / 0.006         0.009 / 0.011         0.009 / 0.019         0.009 / 0.019       ms
[1260.167s][info][gc,stats    ]    Subphase: Concurrent Classes Purge                      0.247 / 0.247         0.427 / 2.073         0.397 / 2.073         0.397 / 2.073       ms
[1260.167s][info][gc,stats    ]    Subphase: Concurrent Classes Unlink                     7.983 / 7.983         8.004 / 15.288        7.874 / 15.288        7.874 / 15.288      ms
[1260.167s][info][gc,stats    ]    Subphase: Concurrent Mark                              21.911 / 29.925       13.885 / 29.925       14.453 / 33.017       14.453 / 33.017      ms
[1260.167s][info][gc,stats    ]    Subphase: Concurrent Mark Try Flush                     0.061 / 0.092         0.128 / 0.331         0.126 / 0.331         0.126 / 0.331       ms
[1260.167s][info][gc,stats    ]    Subphase: Concurrent Mark Try Terminate                 5.715 / 17.115        1.849 / 17.115        1.888 / 17.115        1.888 / 17.115      ms
[1260.167s][info][gc,stats    ]    Subphase: Concurrent References Enqueue                 0.005 / 0.005         0.002 / 0.009         0.002 / 0.010         0.002 / 0.010       ms
[1260.167s][info][gc,stats    ]    Subphase: Concurrent References Process                 0.276 / 0.276         0.140 / 0.276         0.155 / 0.513         0.155 / 0.513       ms
[1260.167s][info][gc,stats    ]    Subphase: Concurrent Roots ClassLoaderDataGraph         0.147 / 0.260         0.140 / 0.358         0.147 / 0.547         0.147 / 0.547       ms
[1260.167s][info][gc,stats    ]    Subphase: Concurrent Roots CodeCache                    0.000 / 0.000         0.000 / 0.000         0.000 / 0.000         0.000 / 0.000       ms
[1260.167s][info][gc,stats    ]    Subphase: Concurrent Roots JavaThreads                  0.323 / 0.431         0.335 / 0.613         0.439 / 5.702         0.439 / 5.702       ms
[1260.167s][info][gc,stats    ]    Subphase: Concurrent Roots OopStorageSet                0.026 / 0.031         0.026 / 0.059         0.027 / 0.085         0.027 / 0.085       ms
[1260.167s][info][gc,stats    ]    Subphase: Concurrent Weak Roots OopStorageSet           0.705 / 0.708         0.472 / 0.708         0.498 / 0.939         0.498 / 0.939       ms
[1260.167s][info][gc,stats    ]    Subphase: Pause Mark Try Complete                       0.000 / 0.000         0.000 / 0.000         0.000 / 0.000         0.000 / 0.000       ms
[1260.167s][info][gc,stats    ]      System: Java Threads                                     33 / 33               32 / 33               32 / 34               32 / 34          threads
[1260.167s][info][gc,stats    ] =========================================================================================================================================================
[1267.764s][info][gc,start    ] GC(76) Garbage Collection (Proactive)
[1267.764s][info][gc,task     ] GC(76) Using 2 workers
[1267.764s][info][gc,phases   ] GC(76) Pause Mark Start 0.008ms
[1267.781s][info][gc,phases   ] GC(76) Concurrent Mark 17.058ms
[1267.781s][info][gc,phases   ] GC(76) Pause Mark End 0.029ms
[1267.782s][info][gc,phases   ] GC(76) Concurrent Mark Free 0.001ms
[1267.790s][info][gc,phases   ] GC(76) Concurrent Process Non-Strong References 8.110ms
[1267.790s][info][gc,phases   ] GC(76) Concurrent Reset Relocation Set 0.011ms
[1267.791s][info][gc,phases   ] GC(76) Concurrent Select Relocation Set 1.465ms
[1267.791s][info][gc,phases   ] GC(76) Pause Relocate Start 0.008ms
[1267.792s][info][gc,phases   ] GC(76) Concurrent Relocate 0.584ms
[1267.792s][info][gc,load     ] GC(76) Load: 0.00/0.00/0.00
[1267.792s][info][gc,mmu      ] GC(76) MMU: 2ms/96.8%, 5ms/98.7%, 10ms/99.2%, 20ms/99.6%, 50ms/99.8%, 100ms/99.9%
[1267.792s][info][gc,marking  ] GC(76) Mark: 2 stripe(s), 2 proactive flush(es), 1 terminate flush(es), 0 completion(s), 0 continuation(s) 
[1267.792s][info][gc,marking  ] GC(76) Mark Stack Usage: 32M
[1267.792s][info][gc,nmethod  ] GC(76) NMethods: 8426 registered, 887 unregistered
[1267.792s][info][gc,metaspace] GC(76) Metaspace: 32M used, 33M committed, 1088M reserved
[1267.792s][info][gc,ref      ] GC(76) Soft: 4136 encountered, 0 discovered, 0 enqueued
[1267.792s][info][gc,ref      ] GC(76) Weak: 2185 encountered, 393 discovered, 0 enqueued
[1267.792s][info][gc,ref      ] GC(76) Final: 3 encountered, 0 discovered, 0 enqueued
[1267.792s][info][gc,ref      ] GC(76) Phantom: 279 encountered, 146 discovered, 0 enqueued
[1267.792s][info][gc,reloc    ] GC(76) Small Pages: 220 / 440M, Empty: 322M, Relocated: 1M, In-Place: 0
[1267.792s][info][gc,reloc    ] GC(76) Medium Pages: 1 / 32M, Empty: 0M, Relocated: 0M, In-Place: 0
[1267.792s][info][gc,reloc    ] GC(76) Large Pages: 0 / 0M, Empty: 0M, Relocated: 0M, In-Place: 0
[1267.792s][info][gc,reloc    ] GC(76) Forwarding Usage: 0M
[1267.792s][info][gc,heap     ] GC(76) Min Capacity: 4096M(100%)
[1267.792s][info][gc,heap     ] GC(76) Max Capacity: 4096M(100%)
[1267.792s][info][gc,heap     ] GC(76) Soft Max Capacity: 4096M(100%)
[1267.792s][info][gc,heap     ] GC(76)                Mark Start          Mark End        Relocate Start      Relocate End           High               Low         
[1267.792s][info][gc,heap     ] GC(76)  Capacity:     4096M (100%)       4096M (100%)       4096M (100%)       4096M (100%)       4096M (100%)       4096M (100%)   
[1267.792s][info][gc,heap     ] GC(76)      Free:     3624M (88%)        3614M (88%)        3934M (96%)        4030M (98%)        4030M (98%)        3612M (88%)    
[1267.792s][info][gc,heap     ] GC(76)      Used:      472M (12%)         482M (12%)         162M (4%)           66M (2%)          484M (12%)          66M (2%)     
[1267.792s][info][gc,heap     ] GC(76)      Live:         -                17M (0%)           17M (0%)           17M (0%)             -                  -          
[1267.792s][info][gc,heap     ] GC(76) Allocated:         -                10M (0%)           12M (0%)           12M (0%)             -                  -          
[1267.792s][info][gc,heap     ] GC(76)   Garbage:         -               454M (11%)         132M (3%)           36M (1%)             -                  -          
[1267.792s][info][gc,heap     ] GC(76) Reclaimed:         -                  -               322M (8%)          418M (10%)            -                  -          
[1267.792s][info][gc          ] GC(76) Garbage Collection (Proactive) 472M(12%)->66M(2%)
[1270.157s][info][gc,stats    ] === Garbage Collection Statistics =======================================================================================================================
[1270.157s][info][gc,stats    ]                                                              Last 10s              Last 10m              Last 10h                Total
[1270.157s][info][gc,stats    ]                                                              Avg / Max             Avg / Max             Avg / Max             Avg / Max
[1270.157s][info][gc,stats    ]   Collector: Garbage Collection Cycle                     28.357 / 28.357       30.100 / 43.979       30.881 / 54.411       30.881 / 54.411      ms
[1270.157s][info][gc,stats    ]  Contention: Mark Segment Reset Contention                     0 / 0                 0 / 1                 0 / 3                 0 / 3           ops/s
[1270.157s][info][gc,stats    ]  Contention: Mark SeqNum Reset Contention                      0 / 1                 0 / 1                 0 / 2                 0 / 2           ops/s
[1270.157s][info][gc,stats    ]    Critical: Allocation Stall                                  0 / 0                 0 / 0                 0 / 0                 0 / 0           ops/s
[1270.157s][info][gc,stats    ]    Critical: Allocation Stall                              0.000 / 0.000         0.000 / 0.000         0.000 / 0.000         0.000 / 0.000       ms
[1270.157s][info][gc,stats    ]    Critical: GC Locker Stall                                   0 / 0                 0 / 0                 0 / 0                 0 / 0           ops/s
[1270.157s][info][gc,stats    ]    Critical: GC Locker Stall                               0.000 / 0.000         0.000 / 0.000         0.000 / 0.000         0.000 / 0.000       ms
[1270.157s][info][gc,stats    ]    Critical: Relocation Stall                                  0 / 0                 0 / 0                 0 / 0                 0 / 0           ops/s
[1270.157s][info][gc,stats    ]    Critical: Relocation Stall                              0.000 / 0.000         0.000 / 0.000         0.000 / 0.000         0.000 / 0.000       ms
[1270.157s][info][gc,stats    ]      Memory: Allocation Rate                                  24 / 34               25 / 136              25 / 148              25 / 148         MB/s
[1270.157s][info][gc,stats    ]      Memory: Out Of Memory                                     0 / 0                 0 / 0                 0 / 0                 0 / 0           ops/s
[1270.157s][info][gc,stats    ]      Memory: Page Cache Flush                                  0 / 0                 0 / 0                 0 / 0                 0 / 0           MB/s
[1270.157s][info][gc,stats    ]      Memory: Page Cache Hit L1                                12 / 19               12 / 40               12 / 78               12 / 78          ops/s
[1270.157s][info][gc,stats    ]      Memory: Page Cache Hit L2                                 0 / 0                 0 / 0                 0 / 0                 0 / 0           ops/s
[1270.157s][info][gc,stats    ]      Memory: Page Cache Hit L3                                 0 / 0                 0 / 0                 0 / 48                0 / 48          ops/s
[1270.157s][info][gc,stats    ]      Memory: Page Cache Miss                                   0 / 0                 0 / 0                 0 / 1                 0 / 1           ops/s
[1270.157s][info][gc,stats    ]      Memory: Uncommit                                          0 / 0                 0 / 0                 0 / 0                 0 / 0           MB/s
[1270.157s][info][gc,stats    ]      Memory: Undo Object Allocation Failed                     0 / 0                 0 / 0                 0 / 1                 0 / 1           ops/s
[1270.157s][info][gc,stats    ]      Memory: Undo Object Allocation Succeeded                  0 / 0                 0 / 0                 0 / 22                0 / 22          ops/s
[1270.157s][info][gc,stats    ]      Memory: Undo Page Allocation                              0 / 0                 0 / 2                 0 / 2                 0 / 2           ops/s
[1270.157s][info][gc,stats    ]       Phase: Concurrent Mark                              17.058 / 17.058       17.117 / 30.623       17.763 / 38.897       17.763 / 38.897      ms
[1270.157s][info][gc,stats    ]       Phase: Concurrent Mark Continue                      0.000 / 0.000         0.000 / 0.000         0.000 / 0.000         0.000 / 0.000       ms
[1270.157s][info][gc,stats    ]       Phase: Concurrent Mark Free                          0.001 / 0.001         0.001 / 0.004         0.001 / 0.004         0.001 / 0.004       ms
[1270.157s][info][gc,stats    ]       Phase: Concurrent Process Non-Strong References      8.110 / 8.110         9.267 / 18.281        9.130 / 18.281        9.130 / 18.281      ms
[1270.157s][info][gc,stats    ]       Phase: Concurrent Relocate                           0.584 / 0.584         0.851 / 1.560         0.980 / 6.891         0.980 / 6.891       ms
[1270.157s][info][gc,stats    ]       Phase: Concurrent Reset Relocation Set               0.011 / 0.011         0.004 / 0.011         0.004 / 0.011         0.004 / 0.011       ms
[1270.158s][info][gc,stats    ]       Phase: Concurrent Select Relocation Set              1.465 / 1.465         1.471 / 3.260         1.551 / 3.477         1.551 / 3.477       ms
[1270.158s][info][gc,stats    ]       Phase: Pause Mark End                                0.029 / 0.029         0.024 / 0.035         0.024 / 0.065         0.024 / 0.065       ms
[1270.158s][info][gc,stats    ]       Phase: Pause Mark Start                              0.008 / 0.008         0.011 / 0.028         0.011 / 0.028         0.011 / 0.028       ms
[1270.158s][info][gc,stats    ]       Phase: Pause Relocate Start                          0.008 / 0.008         0.009 / 0.011         0.009 / 0.019         0.009 / 0.019       ms
[1270.158s][info][gc,stats    ]    Subphase: Concurrent Classes Purge                      0.311 / 0.311         0.428 / 2.073         0.396 / 2.073         0.396 / 2.073       ms
[1270.158s][info][gc,stats    ]    Subphase: Concurrent Classes Unlink                     6.966 / 6.966         7.993 / 15.288        7.862 / 15.288        7.862 / 15.288      ms
[1270.158s][info][gc,stats    ]    Subphase: Concurrent Mark                              13.935 / 16.286       13.907 / 29.925       14.446 / 33.017       14.446 / 33.017      ms
[1270.158s][info][gc,stats    ]    Subphase: Concurrent Mark Try Flush                     0.131 / 0.262         0.129 / 0.331         0.126 / 0.331         0.126 / 0.331       ms
[1270.158s][info][gc,stats    ]    Subphase: Concurrent Mark Try Terminate                 1.726 / 5.117         1.873 / 17.115        1.886 / 17.115        1.886 / 17.115      ms
[1270.158s][info][gc,stats    ]    Subphase: Concurrent References Enqueue                 0.001 / 0.001         0.002 / 0.009         0.002 / 0.010         0.002 / 0.010       ms
[1270.158s][info][gc,stats    ]    Subphase: Concurrent References Process                 0.123 / 0.123         0.140 / 0.276         0.155 / 0.513         0.155 / 0.513       ms
[1270.158s][info][gc,stats    ]    Subphase: Concurrent Roots ClassLoaderDataGraph         0.180 / 0.332         0.140 / 0.358         0.147 / 0.547         0.147 / 0.547       ms
[1270.158s][info][gc,stats    ]    Subphase: Concurrent Roots CodeCache                    0.000 / 0.000         0.000 / 0.000         0.000 / 0.000         0.000 / 0.000       ms
[1270.158s][info][gc,stats    ]    Subphase: Concurrent Roots JavaThreads                  0.365 / 0.507         0.336 / 0.613         0.438 / 5.702         0.438 / 5.702       ms
[1270.158s][info][gc,stats    ]    Subphase: Concurrent Roots OopStorageSet                0.024 / 0.030         0.026 / 0.059         0.027 / 0.085         0.027 / 0.085       ms
[1270.158s][info][gc,stats    ]    Subphase: Concurrent Weak Roots OopStorageSet           0.515 / 0.516         0.476 / 0.708         0.498 / 0.939         0.498 / 0.939       ms
[1270.158s][info][gc,stats    ]    Subphase: Pause Mark Try Complete                       0.000 / 0.000         0.000 / 0.000         0.000 / 0.000         0.000 / 0.000       ms
[1270.158s][info][gc,stats    ]      System: Java Threads                                     33 / 33               32 / 33               32 / 34               32 / 34          threads
[1270.158s][info][gc,stats    ] =========================================================================================================================================================
[1280.166s][info][gc,stats    ] === Garbage Collection Statistics =======================================================================================================================
[1280.166s][info][gc,stats    ]                                                              Last 10s              Last 10m              Last 10h                Total
[1280.166s][info][gc,stats    ]                                                              Avg / Max             Avg / Max             Avg / Max             Avg / Max
[1280.166s][info][gc,stats    ]   Collector: Garbage Collection Cycle                      0.000 / 0.000        30.100 / 43.979       30.881 / 54.411       30.881 / 54.411      ms
[1280.166s][info][gc,stats    ]  Contention: Mark Segment Reset Contention                     0 / 0                 0 / 1                 0 / 3                 0 / 3           ops/s
[1280.166s][info][gc,stats    ]  Contention: Mark SeqNum Reset Contention                      0 / 0                 0 / 1                 0 / 2                 0 / 2           ops/s
[1280.166s][info][gc,stats    ]    Critical: Allocation Stall                                  0 / 0                 0 / 0                 0 / 0                 0 / 0           ops/s
[1280.166s][info][gc,stats    ]    Critical: Allocation Stall                              0.000 / 0.000         0.000 / 0.000         0.000 / 0.000         0.000 / 0.000       ms
[1280.166s][info][gc,stats    ]    Critical: GC Locker Stall                                   0 / 0                 0 / 0                 0 / 0                 0 / 0           ops/s
[1280.166s][info][gc,stats    ]    Critical: GC Locker Stall                               0.000 / 0.000         0.000 / 0.000         0.000 / 0.000         0.000 / 0.000       ms
[1280.166s][info][gc,stats    ]    Critical: Relocation Stall                                  0 / 0                 0 / 0                 0 / 0                 0 / 0           ops/s
[1280.166s][info][gc,stats    ]    Critical: Relocation Stall                              0.000 / 0.000         0.000 / 0.000         0.000 / 0.000         0.000 / 0.000       ms
[1280.166s][info][gc,stats    ]      Memory: Allocation Rate                                  23 / 26               25 / 136              25 / 148              25 / 148         MB/s
[1280.166s][info][gc,stats    ]      Memory: Out Of Memory                                     0 / 0                 0 / 0                 0 / 0                 0 / 0           ops/s
[1280.166s][info][gc,stats    ]      Memory: Page Cache Flush                                  0 / 0                 0 / 0                 0 / 0                 0 / 0           MB/s
[1280.166s][info][gc,stats    ]      Memory: Page Cache Hit L1                                11 / 13               12 / 40               12 / 78               12 / 78          ops/s
[1280.166s][info][gc,stats    ]      Memory: Page Cache Hit L2                                 0 / 0                 0 / 0                 0 / 0                 0 / 0           ops/s
[1280.166s][info][gc,stats    ]      Memory: Page Cache Hit L3                                 0 / 0                 0 / 0                 0 / 48                0 / 48          ops/s
[1280.166s][info][gc,stats    ]      Memory: Page Cache Miss                                   0 / 0                 0 / 0                 0 / 1                 0 / 1           ops/s
[1280.166s][info][gc,stats    ]      Memory: Uncommit                                          0 / 0                 0 / 0                 0 / 0                 0 / 0           MB/s
[1280.166s][info][gc,stats    ]      Memory: Undo Object Allocation Failed                     0 / 0                 0 / 0                 0 / 1                 0 / 1           ops/s
[1280.166s][info][gc,stats    ]      Memory: Undo Object Allocation Succeeded                  0 / 0                 0 / 0                 0 / 22                0 / 22          ops/s
[1280.166s][info][gc,stats    ]      Memory: Undo Page Allocation                              0 / 0                 0 / 2                 0 / 2                 0 / 2           ops/s
[1280.166s][info][gc,stats    ]       Phase: Concurrent Mark                               0.000 / 0.000        17.117 / 30.623       17.763 / 38.897       17.763 / 38.897      ms
[1280.166s][info][gc,stats    ]       Phase: Concurrent Mark Continue                      0.000 / 0.000         0.000 / 0.000         0.000 / 0.000         0.000 / 0.000       ms
[1280.166s][info][gc,stats    ]       Phase: Concurrent Mark Free                          0.000 / 0.000         0.001 / 0.004         0.001 / 0.004         0.001 / 0.004       ms
[1280.166s][info][gc,stats    ]       Phase: Concurrent Process Non-Strong References      0.000 / 0.000         9.267 / 18.281        9.130 / 18.281        9.130 / 18.281      ms
[1280.166s][info][gc,stats    ]       Phase: Concurrent Relocate                           0.000 / 0.000         0.851 / 1.560         0.980 / 6.891         0.980 / 6.891       ms
[1280.166s][info][gc,stats    ]       Phase: Concurrent Reset Relocation Set               0.000 / 0.000         0.004 / 0.011         0.004 / 0.011         0.004 / 0.011       ms
[1280.166s][info][gc,stats    ]       Phase: Concurrent Select Relocation Set              0.000 / 0.000         1.471 / 3.260         1.551 / 3.477         1.551 / 3.477       ms
[1280.166s][info][gc,stats    ]       Phase: Pause Mark End                                0.000 / 0.000         0.024 / 0.035         0.024 / 0.065         0.024 / 0.065       ms
[1280.166s][info][gc,stats    ]       Phase: Pause Mark Start                              0.000 / 0.000         0.011 / 0.028         0.011 / 0.028         0.011 / 0.028       ms
[1280.166s][info][gc,stats    ]       Phase: Pause Relocate Start                          0.000 / 0.000         0.009 / 0.011         0.009 / 0.019         0.009 / 0.019       ms
[1280.166s][info][gc,stats    ]    Subphase: Concurrent Classes Purge                      0.000 / 0.000         0.428 / 2.073         0.396 / 2.073         0.396 / 2.073       ms
[1280.166s][info][gc,stats    ]    Subphase: Concurrent Classes Unlink                     0.000 / 0.000         7.993 / 15.288        7.862 / 15.288        7.862 / 15.288      ms
[1280.166s][info][gc,stats    ]    Subphase: Concurrent Mark                               0.000 / 0.000        13.907 / 29.925       14.446 / 33.017       14.446 / 33.017      ms
[1280.166s][info][gc,stats    ]    Subphase: Concurrent Mark Try Flush                     0.000 / 0.000         0.129 / 0.331         0.126 / 0.331         0.126 / 0.331       ms
[1280.166s][info][gc,stats    ]    Subphase: Concurrent Mark Try Terminate                 0.000 / 0.000         1.873 / 17.115        1.886 / 17.115        1.886 / 17.115      ms
[1280.166s][info][gc,stats    ]    Subphase: Concurrent References Enqueue                 0.000 / 0.000         0.002 / 0.009         0.002 / 0.010         0.002 / 0.010       ms
[1280.166s][info][gc,stats    ]    Subphase: Concurrent References Process                 0.000 / 0.000         0.140 / 0.276         0.155 / 0.513         0.155 / 0.513       ms
[1280.166s][info][gc,stats    ]    Subphase: Concurrent Roots ClassLoaderDataGraph         0.000 / 0.000         0.140 / 0.358         0.147 / 0.547         0.147 / 0.547       ms
[1280.166s][info][gc,stats    ]    Subphase: Concurrent Roots CodeCache                    0.000 / 0.000         0.000 / 0.000         0.000 / 0.000         0.000 / 0.000       ms
[1280.166s][info][gc,stats    ]    Subphase: Concurrent Roots JavaThreads                  0.000 / 0.000         0.336 / 0.613         0.438 / 5.702         0.438 / 5.702       ms
[1280.166s][info][gc,stats    ]    Subphase: Concurrent Roots OopStorageSet                0.000 / 0.000         0.026 / 0.059         0.027 / 0.085         0.027 / 0.085       ms
[1280.166s][info][gc,stats    ]    Subphase: Concurrent Weak Roots OopStorageSet           0.000 / 0.000         0.476 / 0.708         0.498 / 0.939         0.498 / 0.939       ms
[1280.166s][info][gc,stats    ]    Subphase: Pause Mark Try Complete                       0.000 / 0.000         0.000 / 0.000         0.000 / 0.000         0.000 / 0.000       ms
[1280.166s][info][gc,stats    ]      System: Java Threads                                      0 / 0                32 / 33               32 / 34               32 / 34          threads
[1280.166s][info][gc,stats    ] =========================================================================================================================================================
[1285.154s][info][gc,start    ] GC(77) Garbage Collection (Proactive)
[1285.154s][info][gc,task     ] GC(77) Using 2 workers
[1285.154s][info][gc,phases   ] GC(77) Pause Mark Start 0.008ms
[1285.172s][info][gc,phases   ] GC(77) Concurrent Mark 17.458ms
[1285.172s][info][gc,phases   ] GC(77) Pause Mark End 0.029ms
[1285.173s][info][gc,phases   ] GC(77) Concurrent Mark Free 0.001ms
[1285.183s][info][gc,phases   ] GC(77) Concurrent Process Non-Strong References 7.799ms
[1285.183s][info][gc,phases   ] GC(77) Concurrent Reset Relocation Set 0.005ms
[1285.184s][info][gc,phases   ] GC(77) Concurrent Select Relocation Set 1.456ms
[1285.184s][info][gc,phases   ] GC(77) Pause Relocate Start 0.008ms
[1285.185s][info][gc,phases   ] GC(77) Concurrent Relocate 1.057ms
[1285.185s][info][gc,load     ] GC(77) Load: 0.00/0.00/0.00
[1285.185s][info][gc,mmu      ] GC(77) MMU: 2ms/96.8%, 5ms/98.7%, 10ms/99.2%, 20ms/99.6%, 50ms/99.8%, 100ms/99.9%
[1285.185s][info][gc,marking  ] GC(77) Mark: 2 stripe(s), 2 proactive flush(es), 1 terminate flush(es), 0 completion(s), 0 continuation(s) 
[1285.185s][info][gc,marking  ] GC(77) Mark Stack Usage: 32M
[1285.185s][info][gc,nmethod  ] GC(77) NMethods: 8548 registered, 887 unregistered
[1285.185s][info][gc,metaspace] GC(77) Metaspace: 33M used, 33M committed, 1088M reserved
[1285.185s][info][gc,ref      ] GC(77) Soft: 4136 encountered, 0 discovered, 0 enqueued
[1285.185s][info][gc,ref      ] GC(77) Weak: 2185 encountered, 476 discovered, 0 enqueued
[1285.185s][info][gc,ref      ] GC(77) Final: 3 encountered, 1 discovered, 0 enqueued
[1285.185s][info][gc,ref      ] GC(77) Phantom: 279 encountered, 211 discovered, 0 enqueued
[1285.185s][info][gc,reloc    ] GC(77) Small Pages: 224 / 448M, Empty: 330M, Relocated: 1M, In-Place: 0
[1285.185s][info][gc,reloc    ] GC(77) Medium Pages: 1 / 32M, Empty: 0M, Relocated: 0M, In-Place: 0
[1285.185s][info][gc,reloc    ] GC(77) Large Pages: 0 / 0M, Empty: 0M, Relocated: 0M, In-Place: 0
[1285.185s][info][gc,reloc    ] GC(77) Forwarding Usage: 0M
[1285.185s][info][gc,heap     ] GC(77) Min Capacity: 4096M(100%)
[1285.185s][info][gc,heap     ] GC(77) Max Capacity: 4096M(100%)
[1285.185s][info][gc,heap     ] GC(77) Soft Max Capacity: 4096M(100%)
[1285.185s][info][gc,heap     ] GC(77)                Mark Start          Mark End        Relocate Start      Relocate End           High               Low         
[1285.186s][info][gc,heap     ] GC(77)  Capacity:     4096M (100%)       4096M (100%)       4096M (100%)       4096M (100%)       4096M (100%)       4096M (100%)   
[1285.186s][info][gc,heap     ] GC(77)      Free:     3616M (88%)        3604M (88%)        3934M (96%)        4030M (98%)        4030M (98%)        3604M (88%)    
[1285.186s][info][gc,heap     ] GC(77)      Used:      480M (12%)         492M (12%)         162M (4%)           66M (2%)          492M (12%)          66M (2%)     
[1285.186s][info][gc,heap     ] GC(77)      Live:         -                17M (0%)           17M (0%)           17M (0%)             -                  -          
[1285.186s][info][gc,heap     ] GC(77) Allocated:         -                12M (0%)           12M (0%)           12M (0%)             -                  -          
[1285.186s][info][gc,heap     ] GC(77)   Garbage:         -               462M (11%)         132M (3%)           36M (1%)             -                  -          
[1285.186s][info][gc,heap     ] GC(77) Reclaimed:         -                  -               330M (8%)          426M (10%)            -                  -          
[1285.186s][info][gc          ] GC(77) Garbage Collection (Proactive) 480M(12%)->66M(2%)
[1290.158s][info][gc,stats    ] === Garbage Collection Statistics =======================================================================================================================
[1290.158s][info][gc,stats    ]                                                              Last 10s              Last 10m              Last 10h                Total
[1290.158s][info][gc,stats    ]                                                              Avg / Max             Avg / Max             Avg / Max             Avg / Max
[1290.158s][info][gc,stats    ]   Collector: Garbage Collection Cycle                     31.256 / 31.256       30.167 / 43.979       30.886 / 54.411       30.886 / 54.411      ms
[1290.158s][info][gc,stats    ]  Contention: Mark Segment Reset Contention                     0 / 0                 0 / 1                 0 / 3                 0 / 3           ops/s
[1290.158s][info][gc,stats    ]  Contention: Mark SeqNum Reset Contention                      0 / 1                 0 / 1                 0 / 2                 0 / 2           ops/s
[1290.158s][info][gc,stats    ]    Critical: Allocation Stall                                  0 / 0                 0 / 0                 0 / 0                 0 / 0           ops/s
[1290.158s][info][gc,stats    ]    Critical: Allocation Stall                              0.000 / 0.000         0.000 / 0.000         0.000 / 0.000         0.000 / 0.000       ms
[1290.158s][info][gc,stats    ]    Critical: GC Locker Stall                                   0 / 0                 0 / 0                 0 / 0                 0 / 0           ops/s
[1290.158s][info][gc,stats    ]    Critical: GC Locker Stall                               0.000 / 0.000         0.000 / 0.000         0.000 / 0.000         0.000 / 0.000       ms
[1290.158s][info][gc,stats    ]    Critical: Relocation Stall                                  0 / 0                 0 / 0                 0 / 0                 0 / 0           ops/s
[1290.158s][info][gc,stats    ]    Critical: Relocation Stall                              0.000 / 0.000         0.000 / 0.000         0.000 / 0.000         0.000 / 0.000       ms
[1290.158s][info][gc,stats    ]      Memory: Allocation Rate                                  25 / 32               25 / 136              25 / 148              25 / 148         MB/s
[1290.158s][info][gc,stats    ]      Memory: Out Of Memory                                     0 / 0                 0 / 0                 0 / 0                 0 / 0           ops/s
[1290.158s][info][gc,stats    ]      Memory: Page Cache Flush                                  0 / 0                 0 / 0                 0 / 0                 0 / 0           MB/s
[1290.158s][info][gc,stats    ]      Memory: Page Cache Hit L1                                12 / 18               12 / 40               12 / 78               12 / 78          ops/s
[1290.158s][info][gc,stats    ]      Memory: Page Cache Hit L2                                 0 / 0                 0 / 0                 0 / 0                 0 / 0           ops/s
[1290.158s][info][gc,stats    ]      Memory: Page Cache Hit L3                                 0 / 0                 0 / 0                 0 / 48                0 / 48          ops/s
[1290.158s][info][gc,stats    ]      Memory: Page Cache Miss                                   0 / 0                 0 / 0                 0 / 1                 0 / 1           ops/s
[1290.158s][info][gc,stats    ]      Memory: Uncommit                                          0 / 0                 0 / 0                 0 / 0                 0 / 0           MB/s
[1290.158s][info][gc,stats    ]      Memory: Undo Object Allocation Failed                     0 / 0                 0 / 0                 0 / 1                 0 / 1           ops/s
[1290.158s][info][gc,stats    ]      Memory: Undo Object Allocation Succeeded                  0 / 0                 0 / 0                 0 / 22                0 / 22          ops/s
[1290.158s][info][gc,stats    ]      Memory: Undo Page Allocation                              0 / 0                 0 / 2                 0 / 2                 0 / 2           ops/s
[1290.158s][info][gc,stats    ]       Phase: Concurrent Mark                              17.458 / 17.458       17.128 / 30.623       17.759 / 38.897       17.759 / 38.897      ms
[1290.158s][info][gc,stats    ]       Phase: Concurrent Mark Continue                      0.000 / 0.000         0.000 / 0.000         0.000 / 0.000         0.000 / 0.000       ms
[1290.158s][info][gc,stats    ]       Phase: Concurrent Mark Free                          0.001 / 0.001         0.001 / 0.004         0.001 / 0.004         0.001 / 0.004       ms
[1290.158s][info][gc,stats    ]       Phase: Concurrent Process Non-Strong References      7.799 / 7.799         9.243 / 18.281        9.113 / 18.281        9.113 / 18.281      ms
[1290.158s][info][gc,stats    ]       Phase: Concurrent Relocate                           1.057 / 1.057         0.865 / 1.560         0.981 / 6.891         0.981 / 6.891       ms
[1290.158s][info][gc,stats    ]       Phase: Concurrent Reset Relocation Set               0.005 / 0.005         0.004 / 0.011         0.004 / 0.011         0.004 / 0.011       ms
[1290.158s][info][gc,stats    ]       Phase: Concurrent Select Relocation Set              1.456 / 1.456         1.472 / 3.260         1.550 / 3.477         1.550 / 3.477       ms
[1290.158s][info][gc,stats    ]       Phase: Pause Mark End                                0.029 / 0.029         0.024 / 0.035         0.024 / 0.065         0.024 / 0.065       ms
[1290.158s][info][gc,stats    ]       Phase: Pause Mark Start                              0.008 / 0.008         0.011 / 0.028         0.011 / 0.028         0.011 / 0.028       ms
[1290.158s][info][gc,stats    ]       Phase: Pause Relocate Start                          0.008 / 0.008         0.009 / 0.011         0.009 / 0.019         0.009 / 0.019       ms
[1290.158s][info][gc,stats    ]    Subphase: Concurrent Classes Purge                      0.301 / 0.301         0.427 / 2.073         0.395 / 2.073         0.395 / 2.073       ms
[1290.158s][info][gc,stats    ]    Subphase: Concurrent Classes Unlink                     6.850 / 6.850         7.975 / 15.288        7.849 / 15.288        7.849 / 15.288      ms
[1290.158s][info][gc,stats    ]    Subphase: Concurrent Mark                              13.871 / 16.776       13.908 / 29.925       14.439 / 33.017       14.439 / 33.017      ms
[1290.158s][info][gc,stats    ]    Subphase: Concurrent Mark Try Flush                     0.154 / 0.269         0.129 / 0.331         0.126 / 0.331         0.126 / 0.331       ms
[1290.158s][info][gc,stats    ]    Subphase: Concurrent Mark Try Terminate                 2.129 / 6.316         1.882 / 17.115        1.889 / 17.115        1.889 / 17.115      ms
[1290.158s][info][gc,stats    ]    Subphase: Concurrent References Enqueue                 0.001 / 0.001         0.002 / 0.009         0.002 / 0.010         0.002 / 0.010       ms
[1290.158s][info][gc,stats    ]    Subphase: Concurrent References Process                 0.112 / 0.112         0.140 / 0.276         0.154 / 0.513         0.154 / 0.513       ms
[1290.158s][info][gc,stats    ]    Subphase: Concurrent Roots ClassLoaderDataGraph         0.121 / 0.212         0.140 / 0.358         0.147 / 0.547         0.147 / 0.547       ms
[1290.158s][info][gc,stats    ]    Subphase: Concurrent Roots CodeCache                    0.000 / 0.000         0.000 / 0.000         0.000 / 0.000         0.000 / 0.000       ms
[1290.158s][info][gc,stats    ]    Subphase: Concurrent Roots JavaThreads                  0.347 / 0.429         0.336 / 0.613         0.437 / 5.702         0.437 / 5.702       ms
[1290.158s][info][gc,stats    ]    Subphase: Concurrent Roots OopStorageSet                0.022 / 0.029         0.026 / 0.059         0.027 / 0.085         0.027 / 0.085       ms
[1290.158s][info][gc,stats    ]    Subphase: Concurrent Weak Roots OopStorageSet           0.322 / 0.323         0.473 / 0.708         0.496 / 0.939         0.496 / 0.939       ms
[1290.158s][info][gc,stats    ]    Subphase: Pause Mark Try Complete                       0.000 / 0.000         0.000 / 0.000         0.000 / 0.000         0.000 / 0.000       ms
[1290.158s][info][gc,stats    ]      System: Java Threads                                     33 / 33               32 / 33               32 / 34               32 / 34          threads
[1290.158s][info][gc,stats    ] =========================================================================================================================================================
[1300.152s][info][gc,stats    ] === Garbage Collection Statistics =======================================================================================================================
[1300.152s][info][gc,stats    ]                                                              Last 10s              Last 10m              Last 10h                Total
[1300.152s][info][gc,stats    ]                                                              Avg / Max             Avg / Max             Avg / Max             Avg / Max
[1300.152s][info][gc,stats    ]   Collector: Garbage Collection Cycle                      0.000 / 0.000        30.167 / 43.979       30.886 / 54.411       30.886 / 54.411      ms
[1300.152s][info][gc,stats    ]  Contention: Mark Segment Reset Contention                     0 / 0                 0 / 1                 0 / 3                 0 / 3           ops/s
[1300.152s][info][gc,stats    ]  Contention: Mark SeqNum Reset Contention                      0 / 0                 0 / 1                 0 / 2                 0 / 2           ops/s
[1300.152s][info][gc,stats    ]    Critical: Allocation Stall                                  0 / 0                 0 / 0                 0 / 0                 0 / 0           ops/s
[1300.152s][info][gc,stats    ]    Critical: Allocation Stall                              0.000 / 0.000         0.000 / 0.000         0.000 / 0.000         0.000 / 0.000       ms
[1300.152s][info][gc,stats    ]    Critical: GC Locker Stall                                   0 / 0                 0 / 0                 0 / 0                 0 / 0           ops/s
[1300.152s][info][gc,stats    ]    Critical: GC Locker Stall                               0.000 / 0.000         0.000 / 0.000         0.000 / 0.000         0.000 / 0.000       ms
[1300.152s][info][gc,stats    ]    Critical: Relocation Stall                                  0 / 0                 0 / 0                 0 / 0                 0 / 0           ops/s
[1300.152s][info][gc,stats    ]    Critical: Relocation Stall                              0.000 / 0.000         0.000 / 0.000         0.000 / 0.000         0.000 / 0.000       ms
[1300.152s][info][gc,stats    ]      Memory: Allocation Rate                                  24 / 28               25 / 136              25 / 148              25 / 148         MB/s
[1300.152s][info][gc,stats    ]      Memory: Out Of Memory                                     0 / 0                 0 / 0                 0 / 0                 0 / 0           ops/s
[1300.152s][info][gc,stats    ]      Memory: Page Cache Flush                                  0 / 0                 0 / 0                 0 / 0                 0 / 0           MB/s
[1300.152s][info][gc,stats    ]      Memory: Page Cache Hit L1                                12 / 14               12 / 40               12 / 78               12 / 78          ops/s
[1300.152s][info][gc,stats    ]      Memory: Page Cache Hit L2                                 0 / 0                 0 / 0                 0 / 0                 0 / 0           ops/s
[1300.152s][info][gc,stats    ]      Memory: Page Cache Hit L3                                 0 / 0                 0 / 0                 0 / 48                0 / 48          ops/s
[1300.153s][info][gc,stats    ]      Memory: Page Cache Miss                                   0 / 0                 0 / 0                 0 / 1                 0 / 1           ops/s
[1300.153s][info][gc,stats    ]      Memory: Uncommit                                          0 / 0                 0 / 0                 0 / 0                 0 / 0           MB/s
[1300.153s][info][gc,stats    ]      Memory: Undo Object Allocation Failed                     0 / 0                 0 / 0                 0 / 1                 0 / 1           ops/s
[1300.153s][info][gc,stats    ]      Memory: Undo Object Allocation Succeeded                  0 / 0                 0 / 0                 0 / 22                0 / 22          ops/s
[1300.153s][info][gc,stats    ]      Memory: Undo Page Allocation                              0 / 0                 0 / 2                 0 / 2                 0 / 2           ops/s
[1300.153s][info][gc,stats    ]       Phase: Concurrent Mark                               0.000 / 0.000        17.128 / 30.623       17.759 / 38.897       17.759 / 38.897      ms
[1300.153s][info][gc,stats    ]       Phase: Concurrent Mark Continue                      0.000 / 0.000         0.000 / 0.000         0.000 / 0.000         0.000 / 0.000       ms
[1300.153s][info][gc,stats    ]       Phase: Concurrent Mark Free                          0.000 / 0.000         0.001 / 0.004         0.001 / 0.004         0.001 / 0.004       ms
[1300.153s][info][gc,stats    ]       Phase: Concurrent Process Non-Strong References      0.000 / 0.000         9.243 / 18.281        9.113 / 18.281        9.113 / 18.281      ms
[1300.153s][info][gc,stats    ]       Phase: Concurrent Relocate                           0.000 / 0.000         0.865 / 1.560         0.981 / 6.891         0.981 / 6.891       ms
[1300.153s][info][gc,stats    ]       Phase: Concurrent Reset Relocation Set               0.000 / 0.000         0.004 / 0.011         0.004 / 0.011         0.004 / 0.011       ms
[1300.153s][info][gc,stats    ]       Phase: Concurrent Select Relocation Set              0.000 / 0.000         1.472 / 3.260         1.550 / 3.477         1.550 / 3.477       ms
[1300.153s][info][gc,stats    ]       Phase: Pause Mark End                                0.000 / 0.000         0.024 / 0.035         0.024 / 0.065         0.024 / 0.065       ms
[1300.153s][info][gc,stats    ]       Phase: Pause Mark Start                              0.000 / 0.000         0.011 / 0.028         0.011 / 0.028         0.011 / 0.028       ms
[1300.153s][info][gc,stats    ]       Phase: Pause Relocate Start                          0.000 / 0.000         0.009 / 0.011         0.009 / 0.019         0.009 / 0.019       ms
[1300.153s][info][gc,stats    ]    Subphase: Concurrent Classes Purge                      0.000 / 0.000         0.427 / 2.073         0.395 / 2.073         0.395 / 2.073       ms
[1300.153s][info][gc,stats    ]    Subphase: Concurrent Classes Unlink                     0.000 / 0.000         7.975 / 15.288        7.849 / 15.288        7.849 / 15.288      ms
[1300.153s][info][gc,stats    ]    Subphase: Concurrent Mark                               0.000 / 0.000        13.908 / 29.925       14.439 / 33.017       14.439 / 33.017      ms
[1300.153s][info][gc,stats    ]    Subphase: Concurrent Mark Try Flush                     0.000 / 0.000         0.129 / 0.331         0.126 / 0.331         0.126 / 0.331       ms
[1300.153s][info][gc,stats    ]    Subphase: Concurrent Mark Try Terminate                 0.000 / 0.000         1.882 / 17.115        1.889 / 17.115        1.889 / 17.115      ms
[1300.153s][info][gc,stats    ]    Subphase: Concurrent References Enqueue                 0.000 / 0.000         0.002 / 0.009         0.002 / 0.010         0.002 / 0.010       ms
[1300.153s][info][gc,stats    ]    Subphase: Concurrent References Process                 0.000 / 0.000         0.140 / 0.276         0.154 / 0.513         0.154 / 0.513       ms
[1300.153s][info][gc,stats    ]    Subphase: Concurrent Roots ClassLoaderDataGraph         0.000 / 0.000         0.140 / 0.358         0.147 / 0.547         0.147 / 0.547       ms
[1300.153s][info][gc,stats    ]    Subphase: Concurrent Roots CodeCache                    0.000 / 0.000         0.000 / 0.000         0.000 / 0.000         0.000 / 0.000       ms
[1300.153s][info][gc,stats    ]    Subphase: Concurrent Roots JavaThreads                  0.000 / 0.000         0.336 / 0.613         0.437 / 5.702         0.437 / 5.702       ms
[1300.153s][info][gc,stats    ]    Subphase: Concurrent Roots OopStorageSet                0.000 / 0.000         0.026 / 0.059         0.027 / 0.085         0.027 / 0.085       ms
[1300.153s][info][gc,stats    ]    Subphase: Concurrent Weak Roots OopStorageSet           0.000 / 0.000         0.473 / 0.708         0.496 / 0.939         0.496 / 0.939       ms
[1300.153s][info][gc,stats    ]    Subphase: Pause Mark Try Complete                       0.000 / 0.000         0.000 / 0.000         0.000 / 0.000         0.000 / 0.000       ms
[1300.153s][info][gc,stats    ]      System: Java Threads                                      0 / 0                32 / 33               32 / 34               32 / 34          threads
[1300.153s][info][gc,stats    ] =========================================================================================================================================================
[1302.259s][info][gc,start    ] GC(78) Garbage Collection (Proactive)
[1302.259s][info][gc,task     ] GC(78) Using 2 workers
[1302.259s][info][gc,phases   ] GC(78) Pause Mark Start 0.008ms
[1302.276s][info][gc,phases   ] GC(78) Concurrent Mark 16.612ms
[1302.277s][info][gc,phases   ] GC(78) Pause Mark End 0.029ms
[1302.277s][info][gc,phases   ] GC(78) Concurrent Mark Free 0.001ms
[1302.285s][info][gc,phases   ] GC(78) Concurrent Process Non-Strong References 8.470ms
[1302.285s][info][gc,phases   ] GC(78) Concurrent Reset Relocation Set 0.004ms
[1302.287s][info][gc,phases   ] GC(78) Concurrent Select Relocation Set 1.611ms
[1302.287s][info][gc,phases   ] GC(78) Pause Relocate Start 0.010ms
[1302.288s][info][gc,phases   ] GC(78) Concurrent Relocate 0.770ms
[1302.288s][info][gc,load     ] GC(78) Load: 0.00/0.00/0.00
[1302.288s][info][gc,mmu      ] GC(78) MMU: 2ms/96.8%, 5ms/98.7%, 10ms/99.2%, 20ms/99.6%, 50ms/99.8%, 100ms/99.9%
[1302.288s][info][gc,marking  ] GC(78) Mark: 2 stripe(s), 2 proactive flush(es), 1 terminate flush(es), 0 completion(s), 0 continuation(s) 
[1302.288s][info][gc,marking  ] GC(78) Mark Stack Usage: 32M
[1302.288s][info][gc,nmethod  ] GC(78) NMethods: 8563 registered, 887 unregistered
[1302.288s][info][gc,metaspace] GC(78) Metaspace: 33M used, 33M committed, 1088M reserved
[1302.288s][info][gc,ref      ] GC(78) Soft: 4136 encountered, 0 discovered, 0 enqueued
[1302.288s][info][gc,ref      ] GC(78) Weak: 2185 encountered, 213 discovered, 0 enqueued
[1302.288s][info][gc,ref      ] GC(78) Final: 3 encountered, 0 discovered, 0 enqueued
[1302.288s][info][gc,ref      ] GC(78) Phantom: 279 encountered, 149 discovered, 0 enqueued
[1302.288s][info][gc,reloc    ] GC(78) Small Pages: 222 / 444M, Empty: 338M, Relocated: 1M, In-Place: 0
[1302.288s][info][gc,reloc    ] GC(78) Medium Pages: 1 / 32M, Empty: 0M, Relocated: 0M, In-Place: 0
[1302.288s][info][gc,reloc    ] GC(78) Large Pages: 0 / 0M, Empty: 0M, Relocated: 0M, In-Place: 0
[1302.288s][info][gc,reloc    ] GC(78) Forwarding Usage: 0M
[1302.288s][info][gc,heap     ] GC(78) Min Capacity: 4096M(100%)
[1302.288s][info][gc,heap     ] GC(78) Max Capacity: 4096M(100%)
[1302.288s][info][gc,heap     ] GC(78) Soft Max Capacity: 4096M(100%)
[1302.288s][info][gc,heap     ] GC(78)                Mark Start          Mark End        Relocate Start      Relocate End           High               Low         
[1302.288s][info][gc,heap     ] GC(78)  Capacity:     4096M (100%)       4096M (100%)       4096M (100%)       4096M (100%)       4096M (100%)       4096M (100%)   
[1302.288s][info][gc,heap     ] GC(78)      Free:     3620M (88%)        3608M (88%)        3946M (96%)        4030M (98%)        4030M (98%)        3608M (88%)    
[1302.288s][info][gc,heap     ] GC(78)      Used:      476M (12%)         488M (12%)         150M (4%)           66M (2%)          488M (12%)          66M (2%)     
[1302.288s][info][gc,heap     ] GC(78)      Live:         -                17M (0%)           17M (0%)           17M (0%)             -                  -          
[1302.288s][info][gc,heap     ] GC(78) Allocated:         -                12M (0%)           12M (0%)           12M (0%)             -                  -          
[1302.288s][info][gc,heap     ] GC(78)   Garbage:         -               458M (11%)         120M (3%)           36M (1%)             -                  -          
[1302.288s][info][gc,heap     ] GC(78) Reclaimed:         -                  -               338M (8%)          422M (10%)            -                  -          
[1302.288s][info][gc          ] GC(78) Garbage Collection (Proactive) 476M(12%)->66M(2%)
[1310.156s][info][gc,stats    ] === Garbage Collection Statistics =======================================================================================================================
[1310.156s][info][gc,stats    ]                                                              Last 10s              Last 10m              Last 10h                Total
[1310.156s][info][gc,stats    ]                                                              Avg / Max             Avg / Max             Avg / Max             Avg / Max
[1310.156s][info][gc,stats    ]   Collector: Garbage Collection Cycle                     29.299 / 29.299       30.194 / 43.979       30.866 / 54.411       30.866 / 54.411      ms
[1310.156s][info][gc,stats    ]  Contention: Mark Segment Reset Contention                     0 / 0                 0 / 1                 0 / 3                 0 / 3           ops/s
[1310.156s][info][gc,stats    ]  Contention: Mark SeqNum Reset Contention                      0 / 1                 0 / 1                 0 / 2                 0 / 2           ops/s
[1310.156s][info][gc,stats    ]    Critical: Allocation Stall                                  0 / 0                 0 / 0                 0 / 0                 0 / 0           ops/s
[1310.156s][info][gc,stats    ]    Critical: Allocation Stall                              0.000 / 0.000         0.000 / 0.000         0.000 / 0.000         0.000 / 0.000       ms
[1310.156s][info][gc,stats    ]    Critical: GC Locker Stall                                   0 / 0                 0 / 0                 0 / 0                 0 / 0           ops/s
[1310.156s][info][gc,stats    ]    Critical: GC Locker Stall                               0.000 / 0.000         0.000 / 0.000         0.000 / 0.000         0.000 / 0.000       ms
[1310.156s][info][gc,stats    ]    Critical: Relocation Stall                                  0 / 0                 0 / 0                 0 / 0                 0 / 0           ops/s
[1310.156s][info][gc,stats    ]    Critical: Relocation Stall                              0.000 / 0.000         0.000 / 0.000         0.000 / 0.000         0.000 / 0.000       ms
[1310.156s][info][gc,stats    ]      Memory: Allocation Rate                                  24 / 32               25 / 136              25 / 148              25 / 148         MB/s
[1310.156s][info][gc,stats    ]      Memory: Out Of Memory                                     0 / 0                 0 / 0                 0 / 0                 0 / 0           ops/s
[1310.156s][info][gc,stats    ]      Memory: Page Cache Flush                                  0 / 0                 0 / 0                 0 / 0                 0 / 0           MB/s
[1310.156s][info][gc,stats    ]      Memory: Page Cache Hit L1                                12 / 18               12 / 40               12 / 78               12 / 78          ops/s
[1310.156s][info][gc,stats    ]      Memory: Page Cache Hit L2                                 0 / 0                 0 / 0                 0 / 0                 0 / 0           ops/s
[1310.156s][info][gc,stats    ]      Memory: Page Cache Hit L3                                 0 / 0                 0 / 0                 0 / 48                0 / 48          ops/s
[1310.156s][info][gc,stats    ]      Memory: Page Cache Miss                                   0 / 0                 0 / 0                 0 / 1                 0 / 1           ops/s
[1310.156s][info][gc,stats    ]      Memory: Uncommit                                          0 / 0                 0 / 0                 0 / 0                 0 / 0           MB/s
[1310.156s][info][gc,stats    ]      Memory: Undo Object Allocation Failed                     0 / 0                 0 / 0                 0 / 1                 0 / 1           ops/s
[1310.156s][info][gc,stats    ]      Memory: Undo Object Allocation Succeeded                  0 / 0                 0 / 0                 0 / 22                0 / 22          ops/s
[1310.156s][info][gc,stats    ]      Memory: Undo Page Allocation                              0 / 0                 0 / 2                 0 / 2                 0 / 2           ops/s
[1310.156s][info][gc,stats    ]       Phase: Concurrent Mark                              16.612 / 16.612       17.155 / 30.623       17.745 / 38.897       17.745 / 38.897      ms
[1310.156s][info][gc,stats    ]       Phase: Concurrent Mark Continue                      0.000 / 0.000         0.000 / 0.000         0.000 / 0.000         0.000 / 0.000       ms
[1310.156s][info][gc,stats    ]       Phase: Concurrent Mark Free                          0.001 / 0.001         0.001 / 0.004         0.001 / 0.004         0.001 / 0.004       ms
[1310.156s][info][gc,stats    ]       Phase: Concurrent Process Non-Strong References      8.470 / 8.470         9.229 / 18.281        9.105 / 18.281        9.105 / 18.281      ms
[1310.156s][info][gc,stats    ]       Phase: Concurrent Relocate                           0.770 / 0.770         0.870 / 1.560         0.978 / 6.891         0.978 / 6.891       ms
[1310.157s][info][gc,stats    ]       Phase: Concurrent Reset Relocation Set               0.004 / 0.004         0.004 / 0.011         0.004 / 0.011         0.004 / 0.011       ms
[1310.157s][info][gc,stats    ]       Phase: Concurrent Select Relocation Set              1.611 / 1.611         1.485 / 3.260         1.551 / 3.477         1.551 / 3.477       ms
[1310.157s][info][gc,stats    ]       Phase: Pause Mark End                                0.029 / 0.029         0.024 / 0.035         0.024 / 0.065         0.024 / 0.065       ms
[1310.157s][info][gc,stats    ]       Phase: Pause Mark Start                              0.008 / 0.008         0.011 / 0.028         0.011 / 0.028         0.011 / 0.028       ms
[1310.157s][info][gc,stats    ]       Phase: Pause Relocate Start                          0.010 / 0.010         0.009 / 0.011         0.009 / 0.019         0.009 / 0.019       ms
[1310.157s][info][gc,stats    ]    Subphase: Concurrent Classes Purge                      0.333 / 0.333         0.427 / 2.073         0.394 / 2.073         0.394 / 2.073       ms
[1310.157s][info][gc,stats    ]    Subphase: Concurrent Classes Unlink                     7.407 / 7.407         7.964 / 15.288        7.844 / 15.288        7.844 / 15.288      ms
[1310.157s][info][gc,stats    ]    Subphase: Concurrent Mark                              13.586 / 15.978       13.932 / 29.925       14.428 / 33.017       14.428 / 33.017      ms
[1310.157s][info][gc,stats    ]    Subphase: Concurrent Mark Try Flush                     0.137 / 0.161         0.129 / 0.331         0.127 / 0.331         0.127 / 0.331       ms
[1310.157s][info][gc,stats    ]    Subphase: Concurrent Mark Try Terminate                 1.945 / 5.705         1.886 / 17.115        1.890 / 17.115        1.890 / 17.115      ms
[1310.157s][info][gc,stats    ]    Subphase: Concurrent References Enqueue                 0.001 / 0.001         0.002 / 0.009         0.002 / 0.010         0.002 / 0.010       ms
[1310.157s][info][gc,stats    ]    Subphase: Concurrent References Process                 0.104 / 0.104         0.138 / 0.276         0.153 / 0.513         0.153 / 0.513       ms
[1310.157s][info][gc,stats    ]    Subphase: Concurrent Roots ClassLoaderDataGraph         0.107 / 0.177         0.140 / 0.358         0.147 / 0.547         0.147 / 0.547       ms
[1310.157s][info][gc,stats    ]    Subphase: Concurrent Roots CodeCache                    0.000 / 0.000         0.000 / 0.000         0.000 / 0.000         0.000 / 0.000       ms
[1310.157s][info][gc,stats    ]    Subphase: Concurrent Roots JavaThreads                  0.270 / 0.351         0.336 / 0.613         0.435 / 5.702         0.435 / 5.702       ms
[1310.157s][info][gc,stats    ]    Subphase: Concurrent Roots OopStorageSet                0.022 / 0.029         0.026 / 0.059         0.027 / 0.085         0.027 / 0.085       ms
[1310.157s][info][gc,stats    ]    Subphase: Concurrent Weak Roots OopStorageSet           0.422 / 0.423         0.473 / 0.708         0.495 / 0.939         0.495 / 0.939       ms
[1310.157s][info][gc,stats    ]    Subphase: Pause Mark Try Complete                       0.000 / 0.000         0.000 / 0.000         0.000 / 0.000         0.000 / 0.000       ms
[1310.157s][info][gc,stats    ]      System: Java Threads                                     33 / 33               32 / 33               32 / 34               32 / 34          threads
[1310.157s][info][gc,stats    ] =========================================================================================================================================================
[1319.458s][info][gc,start    ] GC(79) Garbage Collection (Proactive)
[1319.459s][info][gc,task     ] GC(79) Using 2 workers
[1319.459s][info][gc,phases   ] GC(79) Pause Mark Start 0.016ms
[1319.476s][info][gc,phases   ] GC(79) Concurrent Mark 16.487ms
[1319.476s][info][gc,phases   ] GC(79) Pause Mark End 0.024ms
[1319.476s][info][gc,phases   ] GC(79) Concurrent Mark Free 0.001ms
[1319.485s][info][gc,phases   ] GC(79) Concurrent Process Non-Strong References 8.798ms
[1319.485s][info][gc,phases   ] GC(79) Concurrent Reset Relocation Set 0.005ms
[1319.487s][info][gc,phases   ] GC(79) Concurrent Select Relocation Set 1.393ms
[1319.487s][info][gc,phases   ] GC(79) Pause Relocate Start 0.008ms
[1319.488s][info][gc,phases   ] GC(79) Concurrent Relocate 0.601ms
[1319.488s][info][gc,load     ] GC(79) Load: 0.00/0.00/0.00
[1319.488s][info][gc,mmu      ] GC(79) MMU: 2ms/96.8%, 5ms/98.7%, 10ms/99.2%, 20ms/99.6%, 50ms/99.8%, 100ms/99.9%
[1319.488s][info][gc,marking  ] GC(79) Mark: 2 stripe(s), 2 proactive flush(es), 1 terminate flush(es), 0 completion(s), 0 continuation(s) 
[1319.488s][info][gc,marking  ] GC(79) Mark Stack Usage: 32M
[1319.488s][info][gc,nmethod  ] GC(79) NMethods: 8565 registered, 887 unregistered
[1319.488s][info][gc,metaspace] GC(79) Metaspace: 33M used, 33M committed, 1088M reserved
[1319.488s][info][gc,ref      ] GC(79) Soft: 4136 encountered, 0 discovered, 0 enqueued
[1319.488s][info][gc,ref      ] GC(79) Weak: 2185 encountered, 527 discovered, 0 enqueued
[1319.488s][info][gc,ref      ] GC(79) Final: 3 encountered, 0 discovered, 0 enqueued
[1319.488s][info][gc,ref      ] GC(79) Phantom: 279 encountered, 215 discovered, 0 enqueued
[1319.488s][info][gc,reloc    ] GC(79) Small Pages: 222 / 444M, Empty: 330M, Relocated: 1M, In-Place: 0
[1319.488s][info][gc,reloc    ] GC(79) Medium Pages: 1 / 32M, Empty: 0M, Relocated: 0M, In-Place: 0
[1319.488s][info][gc,reloc    ] GC(79) Large Pages: 0 / 0M, Empty: 0M, Relocated: 0M, In-Place: 0
[1319.488s][info][gc,reloc    ] GC(79) Forwarding Usage: 0M
[1319.488s][info][gc,heap     ] GC(79) Min Capacity: 4096M(100%)
[1319.488s][info][gc,heap     ] GC(79) Max Capacity: 4096M(100%)
[1319.488s][info][gc,heap     ] GC(79) Soft Max Capacity: 4096M(100%)
[1319.488s][info][gc,heap     ] GC(79)                Mark Start          Mark End        Relocate Start      Relocate End           High               Low         
[1319.488s][info][gc,heap     ] GC(79)  Capacity:     4096M (100%)       4096M (100%)       4096M (100%)       4096M (100%)       4096M (100%)       4096M (100%)   
[1319.488s][info][gc,heap     ] GC(79)      Free:     3620M (88%)        3608M (88%)        3938M (96%)        4030M (98%)        4030M (98%)        3608M (88%)    
[1319.488s][info][gc,heap     ] GC(79)      Used:      476M (12%)         488M (12%)         158M (4%)           66M (2%)          488M (12%)          66M (2%)     
[1319.488s][info][gc,heap     ] GC(79)      Live:         -                17M (0%)           17M (0%)           17M (0%)             -                  -          
[1319.488s][info][gc,heap     ] GC(79) Allocated:         -                12M (0%)           12M (0%)           12M (0%)             -                  -          
[1319.488s][info][gc,heap     ] GC(79)   Garbage:         -               458M (11%)         128M (3%)           36M (1%)             -                  -          
[1319.488s][info][gc,heap     ] GC(79) Reclaimed:         -                  -               330M (8%)          422M (10%)            -                  -          
[1319.488s][info][gc          ] GC(79) Garbage Collection (Proactive) 476M(12%)->66M(2%)
[1320.161s][info][gc,stats    ] === Garbage Collection Statistics =======================================================================================================================
[1320.161s][info][gc,stats    ]                                                              Last 10s              Last 10m              Last 10h                Total
[1320.161s][info][gc,stats    ]                                                              Avg / Max             Avg / Max             Avg / Max             Avg / Max
[1320.161s][info][gc,stats    ]   Collector: Garbage Collection Cycle                     29.077 / 29.077       30.231 / 43.979       30.843 / 54.411       30.843 / 54.411      ms
[1320.161s][info][gc,stats    ]  Contention: Mark Segment Reset Contention                     0 / 0                 0 / 1                 0 / 3                 0 / 3           ops/s
[1320.161s][info][gc,stats    ]  Contention: Mark SeqNum Reset Contention                      0 / 0                 0 / 1                 0 / 2                 0 / 2           ops/s
[1320.161s][info][gc,stats    ]    Critical: Allocation Stall                                  0 / 0                 0 / 0                 0 / 0                 0 / 0           ops/s
[1320.161s][info][gc,stats    ]    Critical: Allocation Stall                              0.000 / 0.000         0.000 / 0.000         0.000 / 0.000         0.000 / 0.000       ms
[1320.161s][info][gc,stats    ]    Critical: GC Locker Stall                                   0 / 0                 0 / 0                 0 / 0                 0 / 0           ops/s
[1320.161s][info][gc,stats    ]    Critical: GC Locker Stall                               0.000 / 0.000         0.000 / 0.000         0.000 / 0.000         0.000 / 0.000       ms
[1320.161s][info][gc,stats    ]    Critical: Relocation Stall                                  0 / 0                 0 / 0                 0 / 0                 0 / 0           ops/s
[1320.161s][info][gc,stats    ]    Critical: Relocation Stall                              0.000 / 0.000         0.000 / 0.000         0.000 / 0.000         0.000 / 0.000       ms
[1320.161s][info][gc,stats    ]      Memory: Allocation Rate                                  25 / 34               25 / 136              25 / 148              25 / 148         MB/s
[1320.161s][info][gc,stats    ]      Memory: Out Of Memory                                     0 / 0                 0 / 0                 0 / 0                 0 / 0           ops/s
[1320.161s][info][gc,stats    ]      Memory: Page Cache Flush                                  0 / 0                 0 / 0                 0 / 0                 0 / 0           MB/s
[1320.161s][info][gc,stats    ]      Memory: Page Cache Hit L1                                12 / 19               12 / 40               12 / 78               12 / 78          ops/s
[1320.161s][info][gc,stats    ]      Memory: Page Cache Hit L2                                 0 / 0                 0 / 0                 0 / 0                 0 / 0           ops/s
[1320.161s][info][gc,stats    ]      Memory: Page Cache Hit L3                                 0 / 0                 0 / 0                 0 / 48                0 / 48          ops/s
[1320.161s][info][gc,stats    ]      Memory: Page Cache Miss                                   0 / 0                 0 / 0                 0 / 1                 0 / 1           ops/s
[1320.161s][info][gc,stats    ]      Memory: Uncommit                                          0 / 0                 0 / 0                 0 / 0                 0 / 0           MB/s
[1320.162s][info][gc,stats    ]      Memory: Undo Object Allocation Failed                     0 / 0                 0 / 0                 0 / 1                 0 / 1           ops/s
[1320.162s][info][gc,stats    ]      Memory: Undo Object Allocation Succeeded                  0 / 0                 0 / 0                 0 / 22                0 / 22          ops/s
[1320.162s][info][gc,stats    ]      Memory: Undo Page Allocation                              0 / 0                 0 / 2                 0 / 2                 0 / 2           ops/s
[1320.162s][info][gc,stats    ]       Phase: Concurrent Mark                              16.487 / 16.487       17.172 / 30.623       17.729 / 38.897       17.729 / 38.897      ms
[1320.162s][info][gc,stats    ]       Phase: Concurrent Mark Continue                      0.000 / 0.000         0.000 / 0.000         0.000 / 0.000         0.000 / 0.000       ms
[1320.162s][info][gc,stats    ]       Phase: Concurrent Mark Free                          0.001 / 0.001         0.001 / 0.004         0.001 / 0.004         0.001 / 0.004       ms
[1320.162s][info][gc,stats    ]       Phase: Concurrent Process Non-Strong References      8.798 / 8.798         9.238 / 18.281        9.101 / 18.281        9.101 / 18.281      ms
[1320.162s][info][gc,stats    ]       Phase: Concurrent Relocate                           0.601 / 0.601         0.871 / 1.560         0.973 / 6.891         0.973 / 6.891       ms
[1320.162s][info][gc,stats    ]       Phase: Concurrent Reset Relocation Set               0.005 / 0.005         0.004 / 0.011         0.004 / 0.011         0.004 / 0.011       ms
[1320.162s][info][gc,stats    ]       Phase: Concurrent Select Relocation Set              1.393 / 1.393         1.485 / 3.260         1.549 / 3.477         1.549 / 3.477       ms
[1320.162s][info][gc,stats    ]       Phase: Pause Mark End                                0.024 / 0.024         0.024 / 0.035         0.024 / 0.065         0.024 / 0.065       ms
[1320.162s][info][gc,stats    ]       Phase: Pause Mark Start                              0.016 / 0.016         0.011 / 0.028         0.011 / 0.028         0.011 / 0.028       ms
[1320.162s][info][gc,stats    ]       Phase: Pause Relocate Start                          0.008 / 0.008         0.009 / 0.011         0.009 / 0.019         0.009 / 0.019       ms
[1320.162s][info][gc,stats    ]    Subphase: Concurrent Classes Purge                      0.301 / 0.301         0.426 / 2.073         0.393 / 2.073         0.393 / 2.073       ms
[1320.162s][info][gc,stats    ]    Subphase: Concurrent Classes Unlink                     7.548 / 7.548         7.966 / 15.288        7.840 / 15.288        7.840 / 15.288      ms
[1320.162s][info][gc,stats    ]    Subphase: Concurrent Mark                              13.299 / 15.840       13.940 / 29.925       14.414 / 33.017       14.414 / 33.017      ms
[1320.162s][info][gc,stats    ]    Subphase: Concurrent Mark Try Flush                     0.146 / 0.246         0.129 / 0.331         0.127 / 0.331         0.127 / 0.331       ms
[1320.162s][info][gc,stats    ]    Subphase: Concurrent Mark Try Terminate                 1.843 / 5.456         1.882 / 17.115        1.889 / 17.115        1.889 / 17.115      ms
[1320.162s][info][gc,stats    ]    Subphase: Concurrent References Enqueue                 0.001 / 0.001         0.002 / 0.009         0.002 / 0.010         0.002 / 0.010       ms
[1320.162s][info][gc,stats    ]    Subphase: Concurrent References Process                 0.221 / 0.221         0.141 / 0.276         0.154 / 0.513         0.154 / 0.513       ms
[1320.162s][info][gc,stats    ]    Subphase: Concurrent Roots ClassLoaderDataGraph         0.124 / 0.209         0.141 / 0.358         0.146 / 0.547         0.146 / 0.547       ms
[1320.162s][info][gc,stats    ]    Subphase: Concurrent Roots CodeCache                    0.000 / 0.000         0.000 / 0.000         0.000 / 0.000         0.000 / 0.000       ms
[1320.162s][info][gc,stats    ]    Subphase: Concurrent Roots JavaThreads                  0.270 / 0.352         0.335 / 0.613         0.433 / 5.702         0.433 / 5.702       ms
[1320.162s][info][gc,stats    ]    Subphase: Concurrent Roots OopStorageSet                0.024 / 0.032         0.026 / 0.059         0.027 / 0.085         0.027 / 0.085       ms
[1320.162s][info][gc,stats    ]    Subphase: Concurrent Weak Roots OopStorageSet           0.508 / 0.509         0.477 / 0.708         0.495 / 0.939         0.495 / 0.939       ms
[1320.162s][info][gc,stats    ]    Subphase: Pause Mark Try Complete                       0.000 / 0.000         0.000 / 0.000         0.000 / 0.000         0.000 / 0.000       ms
[1320.162s][info][gc,stats    ]      System: Java Threads                                     33 / 33               32 / 33               32 / 34               32 / 34          threads
[1320.162s][info][gc,stats    ] =========================================================================================================================================================
[1330.160s][info][gc,stats    ] === Garbage Collection Statistics =======================================================================================================================
[1330.160s][info][gc,stats    ]                                                              Last 10s              Last 10m              Last 10h                Total
[1330.160s][info][gc,stats    ]                                                              Avg / Max             Avg / Max             Avg / Max             Avg / Max
[1330.160s][info][gc,stats    ]   Collector: Garbage Collection Cycle                      0.000 / 0.000        30.231 / 43.979       30.843 / 54.411       30.843 / 54.411      ms
[1330.160s][info][gc,stats    ]  Contention: Mark Segment Reset Contention                     0 / 0                 0 / 1                 0 / 3                 0 / 3           ops/s
[1330.160s][info][gc,stats    ]  Contention: Mark SeqNum Reset Contention                      0 / 0                 0 / 1                 0 / 2                 0 / 2           ops/s
[1330.160s][info][gc,stats    ]    Critical: Allocation Stall                                  0 / 0                 0 / 0                 0 / 0                 0 / 0           ops/s
[1330.160s][info][gc,stats    ]    Critical: Allocation Stall                              0.000 / 0.000         0.000 / 0.000         0.000 / 0.000         0.000 / 0.000       ms
[1330.160s][info][gc,stats    ]    Critical: GC Locker Stall                                   0 / 0                 0 / 0                 0 / 0                 0 / 0           ops/s
[1330.160s][info][gc,stats    ]    Critical: GC Locker Stall                               0.000 / 0.000         0.000 / 0.000         0.000 / 0.000         0.000 / 0.000       ms
[1330.160s][info][gc,stats    ]    Critical: Relocation Stall                                  0 / 0                 0 / 0                 0 / 0                 0 / 0           ops/s
[1330.160s][info][gc,stats    ]    Critical: Relocation Stall                              0.000 / 0.000         0.000 / 0.000         0.000 / 0.000         0.000 / 0.000       ms
[1330.160s][info][gc,stats    ]      Memory: Allocation Rate                                  23 / 26               25 / 136              25 / 148              25 / 148         MB/s
[1330.160s][info][gc,stats    ]      Memory: Out Of Memory                                     0 / 0                 0 / 0                 0 / 0                 0 / 0           ops/s
[1330.160s][info][gc,stats    ]      Memory: Page Cache Flush                                  0 / 0                 0 / 0                 0 / 0                 0 / 0           MB/s
[1330.160s][info][gc,stats    ]      Memory: Page Cache Hit L1                                11 / 13               12 / 40               12 / 78               12 / 78          ops/s
[1330.160s][info][gc,stats    ]      Memory: Page Cache Hit L2                                 0 / 0                 0 / 0                 0 / 0                 0 / 0           ops/s
[1330.160s][info][gc,stats    ]      Memory: Page Cache Hit L3                                 0 / 0                 0 / 0                 0 / 48                0 / 48          ops/s
[1330.160s][info][gc,stats    ]      Memory: Page Cache Miss                                   0 / 0                 0 / 0                 0 / 1                 0 / 1           ops/s
[1330.160s][info][gc,stats    ]      Memory: Uncommit                                          0 / 0                 0 / 0                 0 / 0                 0 / 0           MB/s
[1330.160s][info][gc,stats    ]      Memory: Undo Object Allocation Failed                     0 / 0                 0 / 0                 0 / 1                 0 / 1           ops/s
[1330.160s][info][gc,stats    ]      Memory: Undo Object Allocation Succeeded                  0 / 0                 0 / 0                 0 / 22                0 / 22          ops/s
[1330.160s][info][gc,stats    ]      Memory: Undo Page Allocation                              0 / 0                 0 / 2                 0 / 2                 0 / 2           ops/s
[1330.160s][info][gc,stats    ]       Phase: Concurrent Mark                               0.000 / 0.000        17.172 / 30.623       17.729 / 38.897       17.729 / 38.897      ms
[1330.160s][info][gc,stats    ]       Phase: Concurrent Mark Continue                      0.000 / 0.000         0.000 / 0.000         0.000 / 0.000         0.000 / 0.000       ms
[1330.160s][info][gc,stats    ]       Phase: Concurrent Mark Free                          0.000 / 0.000         0.001 / 0.004         0.001 / 0.004         0.001 / 0.004       ms
[1330.160s][info][gc,stats    ]       Phase: Concurrent Process Non-Strong References      0.000 / 0.000         9.238 / 18.281        9.101 / 18.281        9.101 / 18.281      ms
[1330.160s][info][gc,stats    ]       Phase: Concurrent Relocate                           0.000 / 0.000         0.871 / 1.560         0.973 / 6.891         0.973 / 6.891       ms
[1330.160s][info][gc,stats    ]       Phase: Concurrent Reset Relocation Set               0.000 / 0.000         0.004 / 0.011         0.004 / 0.011         0.004 / 0.011       ms
[1330.160s][info][gc,stats    ]       Phase: Concurrent Select Relocation Set              0.000 / 0.000         1.485 / 3.260         1.549 / 3.477         1.549 / 3.477       ms
[1330.160s][info][gc,stats    ]       Phase: Pause Mark End                                0.000 / 0.000         0.024 / 0.035         0.024 / 0.065         0.024 / 0.065       ms
[1330.160s][info][gc,stats    ]       Phase: Pause Mark Start                              0.000 / 0.000         0.011 / 0.028         0.011 / 0.028         0.011 / 0.028       ms
[1330.160s][info][gc,stats    ]       Phase: Pause Relocate Start                          0.000 / 0.000         0.009 / 0.011         0.009 / 0.019         0.009 / 0.019       ms
[1330.160s][info][gc,stats    ]    Subphase: Concurrent Classes Purge                      0.000 / 0.000         0.426 / 2.073         0.393 / 2.073         0.393 / 2.073       ms
[1330.160s][info][gc,stats    ]    Subphase: Concurrent Classes Unlink                     0.000 / 0.000         7.966 / 15.288        7.840 / 15.288        7.840 / 15.288      ms
[1330.160s][info][gc,stats    ]    Subphase: Concurrent Mark                               0.000 / 0.000        13.940 / 29.925       14.414 / 33.017       14.414 / 33.017      ms
[1330.160s][info][gc,stats    ]    Subphase: Concurrent Mark Try Flush                     0.000 / 0.000         0.129 / 0.331         0.127 / 0.331         0.127 / 0.331       ms
[1330.160s][info][gc,stats    ]    Subphase: Concurrent Mark Try Terminate                 0.000 / 0.000         1.882 / 17.115        1.889 / 17.115        1.889 / 17.115      ms
[1330.160s][info][gc,stats    ]    Subphase: Concurrent References Enqueue                 0.000 / 0.000         0.002 / 0.009         0.002 / 0.010         0.002 / 0.010       ms
[1330.160s][info][gc,stats    ]    Subphase: Concurrent References Process                 0.000 / 0.000         0.141 / 0.276         0.154 / 0.513         0.154 / 0.513       ms
[1330.160s][info][gc,stats    ]    Subphase: Concurrent Roots ClassLoaderDataGraph         0.000 / 0.000         0.141 / 0.358         0.146 / 0.547         0.146 / 0.547       ms
[1330.160s][info][gc,stats    ]    Subphase: Concurrent Roots CodeCache                    0.000 / 0.000         0.000 / 0.000         0.000 / 0.000         0.000 / 0.000       ms
[1330.160s][info][gc,stats    ]    Subphase: Concurrent Roots JavaThreads                  0.000 / 0.000         0.335 / 0.613         0.433 / 5.702         0.433 / 5.702       ms
[1330.160s][info][gc,stats    ]    Subphase: Concurrent Roots OopStorageSet                0.000 / 0.000         0.026 / 0.059         0.027 / 0.085         0.027 / 0.085       ms
[1330.160s][info][gc,stats    ]    Subphase: Concurrent Weak Roots OopStorageSet           0.000 / 0.000         0.477 / 0.708         0.495 / 0.939         0.495 / 0.939       ms
[1330.160s][info][gc,stats    ]    Subphase: Pause Mark Try Complete                       0.000 / 0.000         0.000 / 0.000         0.000 / 0.000         0.000 / 0.000       ms
[1330.160s][info][gc,stats    ]      System: Java Threads                                      0 / 0                32 / 33               32 / 34               32 / 34          threads
[1330.160s][info][gc,stats    ] =========================================================================================================================================================
[1336.856s][info][gc,start    ] GC(80) Garbage Collection (Proactive)
[1336.856s][info][gc,task     ] GC(80) Using 2 workers
[1336.856s][info][gc,phases   ] GC(80) Pause Mark Start 0.009ms
[1336.873s][info][gc,phases   ] GC(80) Concurrent Mark 16.195ms
[1336.873s][info][gc,phases   ] GC(80) Pause Mark End 0.022ms
[1336.873s][info][gc,phases   ] GC(80) Concurrent Mark Free 0.001ms
[1336.882s][info][gc,phases   ] GC(80) Concurrent Process Non-Strong References 8.669ms
[1336.882s][info][gc,phases   ] GC(80) Concurrent Reset Relocation Set 0.003ms
[1336.883s][info][gc,phases   ] GC(80) Concurrent Select Relocation Set 1.185ms
[1336.883s][info][gc,phases   ] GC(80) Pause Relocate Start 0.006ms
[1336.884s][info][gc,phases   ] GC(80) Concurrent Relocate 0.599ms
[1336.884s][info][gc,load     ] GC(80) Load: 0.00/0.00/0.00
[1336.884s][info][gc,mmu      ] GC(80) MMU: 2ms/96.8%, 5ms/98.7%, 10ms/99.2%, 20ms/99.6%, 50ms/99.8%, 100ms/99.9%
[1336.884s][info][gc,marking  ] GC(80) Mark: 2 stripe(s), 3 proactive flush(es), 1 terminate flush(es), 0 completion(s), 0 continuation(s) 
[1336.884s][info][gc,marking  ] GC(80) Mark Stack Usage: 32M
[1336.884s][info][gc,nmethod  ] GC(80) NMethods: 8569 registered, 887 unregistered
[1336.884s][info][gc,metaspace] GC(80) Metaspace: 33M used, 33M committed, 1088M reserved
[1336.884s][info][gc,ref      ] GC(80) Soft: 4136 encountered, 0 discovered, 0 enqueued
[1336.884s][info][gc,ref      ] GC(80) Weak: 2185 encountered, 528 discovered, 0 enqueued
[1336.884s][info][gc,ref      ] GC(80) Final: 3 encountered, 0 discovered, 0 enqueued
[1336.884s][info][gc,ref      ] GC(80) Phantom: 279 encountered, 217 discovered, 0 enqueued
[1336.884s][info][gc,reloc    ] GC(80) Small Pages: 223 / 446M, Empty: 332M, Relocated: 1M, In-Place: 0
[1336.884s][info][gc,reloc    ] GC(80) Medium Pages: 1 / 32M, Empty: 0M, Relocated: 0M, In-Place: 0
[1336.884s][info][gc,reloc    ] GC(80) Large Pages: 0 / 0M, Empty: 0M, Relocated: 0M, In-Place: 0
[1336.884s][info][gc,reloc    ] GC(80) Forwarding Usage: 0M
[1336.884s][info][gc,heap     ] GC(80) Min Capacity: 4096M(100%)
[1336.884s][info][gc,heap     ] GC(80) Max Capacity: 4096M(100%)
[1336.884s][info][gc,heap     ] GC(80) Soft Max Capacity: 4096M(100%)
[1336.884s][info][gc,heap     ] GC(80)                Mark Start          Mark End        Relocate Start      Relocate End           High               Low         
[1336.884s][info][gc,heap     ] GC(80)  Capacity:     4096M (100%)       4096M (100%)       4096M (100%)       4096M (100%)       4096M (100%)       4096M (100%)   
[1336.884s][info][gc,heap     ] GC(80)      Free:     3618M (88%)        3606M (88%)        3938M (96%)        4030M (98%)        4030M (98%)        3606M (88%)    
[1336.884s][info][gc,heap     ] GC(80)      Used:      478M (12%)         490M (12%)         158M (4%)           66M (2%)          490M (12%)          66M (2%)     
[1336.884s][info][gc,heap     ] GC(80)      Live:         -                17M (0%)           17M (0%)           17M (0%)             -                  -          
[1336.884s][info][gc,heap     ] GC(80) Allocated:         -                12M (0%)           12M (0%)           12M (0%)             -                  -          
[1336.884s][info][gc,heap     ] GC(80)   Garbage:         -               460M (11%)         128M (3%)           36M (1%)             -                  -          
[1336.884s][info][gc,heap     ] GC(80) Reclaimed:         -                  -               332M (8%)          424M (10%)            -                  -          
[1336.884s][info][gc          ] GC(80) Garbage Collection (Proactive) 478M(12%)->66M(2%)
[1340.152s][info][gc,stats    ] === Garbage Collection Statistics =======================================================================================================================
[1340.152s][info][gc,stats    ]                                                              Last 10s              Last 10m              Last 10h                Total
[1340.152s][info][gc,stats    ]                                                              Avg / Max             Avg / Max             Avg / Max             Avg / Max
[1340.152s][info][gc,stats    ]   Collector: Garbage Collection Cycle                     28.280 / 28.280       30.162 / 43.979       30.812 / 54.411       30.812 / 54.411      ms
[1340.152s][info][gc,stats    ]  Contention: Mark Segment Reset Contention                     0 / 0                 0 / 1                 0 / 3                 0 / 3           ops/s
[1340.152s][info][gc,stats    ]  Contention: Mark SeqNum Reset Contention                      0 / 2                 0 / 2                 0 / 2                 0 / 2           ops/s
[1340.152s][info][gc,stats    ]    Critical: Allocation Stall                                  0 / 0                 0 / 0                 0 / 0                 0 / 0           ops/s
[1340.152s][info][gc,stats    ]    Critical: Allocation Stall                              0.000 / 0.000         0.000 / 0.000         0.000 / 0.000         0.000 / 0.000       ms
[1340.152s][info][gc,stats    ]    Critical: GC Locker Stall                                   0 / 0                 0 / 0                 0 / 0                 0 / 0           ops/s
[1340.152s][info][gc,stats    ]    Critical: GC Locker Stall                               0.000 / 0.000         0.000 / 0.000         0.000 / 0.000         0.000 / 0.000       ms
[1340.152s][info][gc,stats    ]    Critical: Relocation Stall                                  0 / 0                 0 / 0                 0 / 0                 0 / 0           ops/s
[1340.152s][info][gc,stats    ]    Critical: Relocation Stall                              0.000 / 0.000         0.000 / 0.000         0.000 / 0.000         0.000 / 0.000       ms
[1340.152s][info][gc,stats    ]      Memory: Allocation Rate                                  24 / 34               25 / 136              25 / 148              25 / 148         MB/s
[1340.152s][info][gc,stats    ]      Memory: Out Of Memory                                     0 / 0                 0 / 0                 0 / 0                 0 / 0           ops/s
[1340.152s][info][gc,stats    ]      Memory: Page Cache Flush                                  0 / 0                 0 / 0                 0 / 0                 0 / 0           MB/s
[1340.152s][info][gc,stats    ]      Memory: Page Cache Hit L1                                12 / 19               12 / 40               12 / 78               12 / 78          ops/s
[1340.152s][info][gc,stats    ]      Memory: Page Cache Hit L2                                 0 / 0                 0 / 0                 0 / 0                 0 / 0           ops/s
[1340.152s][info][gc,stats    ]      Memory: Page Cache Hit L3                                 0 / 0                 0 / 0                 0 / 48                0 / 48          ops/s
[1340.152s][info][gc,stats    ]      Memory: Page Cache Miss                                   0 / 0                 0 / 0                 0 / 1                 0 / 1           ops/s
[1340.152s][info][gc,stats    ]      Memory: Uncommit                                          0 / 0                 0 / 0                 0 / 0                 0 / 0           MB/s
[1340.152s][info][gc,stats    ]      Memory: Undo Object Allocation Failed                     0 / 0                 0 / 0                 0 / 1                 0 / 1           ops/s
[1340.152s][info][gc,stats    ]      Memory: Undo Object Allocation Succeeded                  0 / 0                 0 / 0                 0 / 22                0 / 22          ops/s
[1340.152s][info][gc,stats    ]      Memory: Undo Page Allocation                              0 / 0                 0 / 2                 0 / 2                 0 / 2           ops/s
[1340.152s][info][gc,stats    ]       Phase: Concurrent Mark                              16.195 / 16.195       17.159 / 30.623       17.710 / 38.897       17.710 / 38.897      ms
[1340.153s][info][gc,stats    ]       Phase: Concurrent Mark Continue                      0.000 / 0.000         0.000 / 0.000         0.000 / 0.000         0.000 / 0.000       ms
[1340.153s][info][gc,stats    ]       Phase: Concurrent Mark Free                          0.001 / 0.001         0.001 / 0.004         0.001 / 0.004         0.001 / 0.004       ms
[1340.153s][info][gc,stats    ]       Phase: Concurrent Process Non-Strong References      8.669 / 8.669         9.241 / 18.281        9.096 / 18.281        9.096 / 18.281      ms
[1340.153s][info][gc,stats    ]       Phase: Concurrent Relocate                           0.599 / 0.599         0.871 / 1.560         0.969 / 6.891         0.969 / 6.891       ms
[1340.153s][info][gc,stats    ]       Phase: Concurrent Reset Relocation Set               0.003 / 0.003         0.004 / 0.011         0.004 / 0.011         0.004 / 0.011       ms
[1340.153s][info][gc,stats    ]       Phase: Concurrent Select Relocation Set              1.185 / 1.185         1.429 / 2.420         1.544 / 3.477         1.544 / 3.477       ms
[1340.153s][info][gc,stats    ]       Phase: Pause Mark End                                0.022 / 0.022         0.024 / 0.035         0.024 / 0.065         0.024 / 0.065       ms
[1340.153s][info][gc,stats    ]       Phase: Pause Mark Start                              0.009 / 0.009         0.011 / 0.028         0.011 / 0.028         0.011 / 0.028       ms
[1340.153s][info][gc,stats    ]       Phase: Pause Relocate Start                          0.006 / 0.006         0.009 / 0.011         0.009 / 0.019         0.009 / 0.019       ms
[1340.153s][info][gc,stats    ]    Subphase: Concurrent Classes Purge                      0.258 / 0.258         0.425 / 2.073         0.391 / 2.073         0.391 / 2.073       ms
[1340.153s][info][gc,stats    ]    Subphase: Concurrent Classes Unlink                     7.513 / 7.513         7.969 / 15.288        7.836 / 15.288        7.836 / 15.288      ms
[1340.153s][info][gc,stats    ]    Subphase: Concurrent Mark                              13.231 / 15.497       13.920 / 29.925       14.400 / 33.017       14.400 / 33.017      ms
[1340.153s][info][gc,stats    ]    Subphase: Concurrent Mark Try Flush                     0.137 / 0.235         0.130 / 0.331         0.127 / 0.331         0.127 / 0.331       ms
[1340.153s][info][gc,stats    ]    Subphase: Concurrent Mark Try Terminate                 1.601 / 4.730         1.879 / 17.115        1.885 / 17.115        1.885 / 17.115      ms
[1340.153s][info][gc,stats    ]    Subphase: Concurrent References Enqueue                 0.001 / 0.001         0.002 / 0.009         0.002 / 0.010         0.002 / 0.010       ms
[1340.153s][info][gc,stats    ]    Subphase: Concurrent References Process                 0.173 / 0.173         0.142 / 0.276         0.155 / 0.513         0.155 / 0.513       ms
[1340.153s][info][gc,stats    ]    Subphase: Concurrent Roots ClassLoaderDataGraph         0.121 / 0.213         0.141 / 0.358         0.146 / 0.547         0.146 / 0.547       ms
[1340.153s][info][gc,stats    ]    Subphase: Concurrent Roots CodeCache                    0.000 / 0.000         0.000 / 0.000         0.000 / 0.000         0.000 / 0.000       ms
[1340.153s][info][gc,stats    ]    Subphase: Concurrent Roots JavaThreads                  0.295 / 0.381         0.335 / 0.613         0.431 / 5.702         0.431 / 5.702       ms
[1340.153s][info][gc,stats    ]    Subphase: Concurrent Roots OopStorageSet                0.024 / 0.031         0.026 / 0.059         0.027 / 0.085         0.027 / 0.085       ms
[1340.153s][info][gc,stats    ]    Subphase: Concurrent Weak Roots OopStorageSet           0.507 / 0.508         0.478 / 0.708         0.495 / 0.939         0.495 / 0.939       ms
[1340.153s][info][gc,stats    ]    Subphase: Pause Mark Try Complete                       0.000 / 0.000         0.000 / 0.000         0.000 / 0.000         0.000 / 0.000       ms
[1340.153s][info][gc,stats    ]      System: Java Threads                                     33 / 33               32 / 33               32 / 34               32 / 34          threads
[1340.153s][info][gc,stats    ] =========================================================================================================================================================
[1350.154s][info][gc,stats    ] === Garbage Collection Statistics =======================================================================================================================
[1350.155s][info][gc,stats    ]                                                              Last 10s              Last 10m              Last 10h                Total
[1350.155s][info][gc,stats    ]                                                              Avg / Max             Avg / Max             Avg / Max             Avg / Max
[1350.155s][info][gc,stats    ]   Collector: Garbage Collection Cycle                      0.000 / 0.000        29.946 / 43.979       30.812 / 54.411       30.812 / 54.411      ms
[1350.155s][info][gc,stats    ]  Contention: Mark Segment Reset Contention                     0 / 0                 0 / 1                 0 / 3                 0 / 3           ops/s
[1350.155s][info][gc,stats    ]  Contention: Mark SeqNum Reset Contention                      0 / 0                 0 / 2                 0 / 2                 0 / 2           ops/s
[1350.155s][info][gc,stats    ]    Critical: Allocation Stall                                  0 / 0                 0 / 0                 0 / 0                 0 / 0           ops/s
[1350.155s][info][gc,stats    ]    Critical: Allocation Stall                              0.000 / 0.000         0.000 / 0.000         0.000 / 0.000         0.000 / 0.000       ms
[1350.155s][info][gc,stats    ]    Critical: GC Locker Stall                                   0 / 0                 0 / 0                 0 / 0                 0 / 0           ops/s
[1350.155s][info][gc,stats    ]    Critical: GC Locker Stall                               0.000 / 0.000         0.000 / 0.000         0.000 / 0.000         0.000 / 0.000       ms
[1350.155s][info][gc,stats    ]    Critical: Relocation Stall                                  0 / 0                 0 / 0                 0 / 0                 0 / 0           ops/s
[1350.155s][info][gc,stats    ]    Critical: Relocation Stall                              0.000 / 0.000         0.000 / 0.000         0.000 / 0.000         0.000 / 0.000       ms
[1350.155s][info][gc,stats    ]      Memory: Allocation Rate                                  24 / 28               24 / 136              25 / 148              25 / 148         MB/s
[1350.155s][info][gc,stats    ]      Memory: Out Of Memory                                     0 / 0                 0 / 0                 0 / 0                 0 / 0           ops/s
[1350.155s][info][gc,stats    ]      Memory: Page Cache Flush                                  0 / 0                 0 / 0                 0 / 0                 0 / 0           MB/s
[1350.155s][info][gc,stats    ]      Memory: Page Cache Hit L1                                12 / 14               12 / 40               12 / 78               12 / 78          ops/s
[1350.155s][info][gc,stats    ]      Memory: Page Cache Hit L2                                 0 / 0                 0 / 0                 0 / 0                 0 / 0           ops/s
[1350.155s][info][gc,stats    ]      Memory: Page Cache Hit L3                                 0 / 0                 0 / 0                 0 / 48                0 / 48          ops/s
[1350.155s][info][gc,stats    ]      Memory: Page Cache Miss                                   0 / 0                 0 / 0                 0 / 1                 0 / 1           ops/s
[1350.155s][info][gc,stats    ]      Memory: Uncommit                                          0 / 0                 0 / 0                 0 / 0                 0 / 0           MB/s
[1350.155s][info][gc,stats    ]      Memory: Undo Object Allocation Failed                     0 / 0                 0 / 0                 0 / 1                 0 / 1           ops/s
[1350.155s][info][gc,stats    ]      Memory: Undo Object Allocation Succeeded                  0 / 0                 0 / 0                 0 / 22                0 / 22          ops/s
[1350.155s][info][gc,stats    ]      Memory: Undo Page Allocation                              0 / 0                 0 / 2                 0 / 2                 0 / 2           ops/s
[1350.155s][info][gc,stats    ]       Phase: Concurrent Mark                               0.000 / 0.000        17.172 / 30.623       17.710 / 38.897       17.710 / 38.897      ms
[1350.155s][info][gc,stats    ]       Phase: Concurrent Mark Continue                      0.000 / 0.000         0.000 / 0.000         0.000 / 0.000         0.000 / 0.000       ms
[1350.155s][info][gc,stats    ]       Phase: Concurrent Mark Free                          0.000 / 0.000         0.001 / 0.004         0.001 / 0.004         0.001 / 0.004       ms
[1350.155s][info][gc,stats    ]       Phase: Concurrent Process Non-Strong References      0.000 / 0.000         9.009 / 18.281        9.096 / 18.281        9.096 / 18.281      ms
[1350.155s][info][gc,stats    ]       Phase: Concurrent Relocate                           0.000 / 0.000         0.861 / 1.560         0.969 / 6.891         0.969 / 6.891       ms
[1350.155s][info][gc,stats    ]       Phase: Concurrent Reset Relocation Set               0.000 / 0.000         0.004 / 0.011         0.004 / 0.011         0.004 / 0.011       ms
[1350.155s][info][gc,stats    ]       Phase: Concurrent Select Relocation Set              0.000 / 0.000         1.427 / 2.420         1.544 / 3.477         1.544 / 3.477       ms
[1350.155s][info][gc,stats    ]       Phase: Pause Mark End                                0.000 / 0.000         0.024 / 0.035         0.024 / 0.065         0.024 / 0.065       ms
[1350.155s][info][gc,stats    ]       Phase: Pause Mark Start                              0.000 / 0.000         0.011 / 0.028         0.011 / 0.028         0.011 / 0.028       ms
[1350.155s][info][gc,stats    ]       Phase: Pause Relocate Start                          0.000 / 0.000         0.009 / 0.011         0.009 / 0.019         0.009 / 0.019       ms
[1350.155s][info][gc,stats    ]    Subphase: Concurrent Classes Purge                      0.000 / 0.000         0.388 / 2.073         0.391 / 2.073         0.391 / 2.073       ms
[1350.155s][info][gc,stats    ]    Subphase: Concurrent Classes Unlink                     0.000 / 0.000         7.769 / 15.288        7.836 / 15.288        7.836 / 15.288      ms
[1350.155s][info][gc,stats    ]    Subphase: Concurrent Mark                               0.000 / 0.000        13.958 / 29.925       14.400 / 33.017       14.400 / 33.017      ms
[1350.155s][info][gc,stats    ]    Subphase: Concurrent Mark Try Flush                     0.000 / 0.000         0.131 / 0.331         0.127 / 0.331         0.127 / 0.331       ms
[1350.155s][info][gc,stats    ]    Subphase: Concurrent Mark Try Terminate                 0.000 / 0.000         1.865 / 17.115        1.885 / 17.115        1.885 / 17.115      ms
[1350.155s][info][gc,stats    ]    Subphase: Concurrent References Enqueue                 0.000 / 0.000         0.002 / 0.009         0.002 / 0.010         0.002 / 0.010       ms
[1350.155s][info][gc,stats    ]    Subphase: Concurrent References Process                 0.000 / 0.000         0.141 / 0.276         0.155 / 0.513         0.155 / 0.513       ms
[1350.155s][info][gc,stats    ]    Subphase: Concurrent Roots ClassLoaderDataGraph         0.000 / 0.000         0.142 / 0.358         0.146 / 0.547         0.146 / 0.547       ms
[1350.155s][info][gc,stats    ]    Subphase: Concurrent Roots CodeCache                    0.000 / 0.000         0.000 / 0.000         0.000 / 0.000         0.000 / 0.000       ms
[1350.155s][info][gc,stats    ]    Subphase: Concurrent Roots JavaThreads                  0.000 / 0.000         0.337 / 0.613         0.431 / 5.702         0.431 / 5.702       ms
[1350.155s][info][gc,stats    ]    Subphase: Concurrent Roots OopStorageSet                0.000 / 0.000         0.026 / 0.059         0.027 / 0.085         0.027 / 0.085       ms
[1350.155s][info][gc,stats    ]    Subphase: Concurrent Weak Roots OopStorageSet           0.000 / 0.000         0.483 / 0.708         0.495 / 0.939         0.495 / 0.939       ms
[1350.155s][info][gc,stats    ]    Subphase: Pause Mark Try Complete                       0.000 / 0.000         0.000 / 0.000         0.000 / 0.000         0.000 / 0.000       ms
[1350.155s][info][gc,stats    ]      System: Java Threads                                      0 / 0                32 / 33               32 / 34               32 / 34          threads
[1350.155s][info][gc,stats    ] =========================================================================================================================================================
[1354.055s][info][gc,start    ] GC(81) Garbage Collection (Proactive)
[1354.055s][info][gc,task     ] GC(81) Using 2 workers
[1354.055s][info][gc,phases   ] GC(81) Pause Mark Start 0.008ms
[1354.072s][info][gc,phases   ] GC(81) Concurrent Mark 16.514ms
[1354.073s][info][gc,phases   ] GC(81) Pause Mark End 0.022ms
[1354.073s][info][gc,phases   ] GC(81) Concurrent Mark Free 0.003ms
[1354.081s][info][gc,phases   ] GC(81) Concurrent Process Non-Strong References 8.386ms
[1354.081s][info][gc,phases   ] GC(81) Concurrent Reset Relocation Set 0.006ms
[1354.083s][info][gc,phases   ] GC(81) Concurrent Select Relocation Set 1.463ms
[1354.083s][info][gc,phases   ] GC(81) Pause Relocate Start 0.008ms
[1354.084s][info][gc,phases   ] GC(81) Concurrent Relocate 1.029ms
[1354.084s][info][gc,load     ] GC(81) Load: 0.00/0.00/0.00
[1354.084s][info][gc,mmu      ] GC(81) MMU: 2ms/96.8%, 5ms/98.7%, 10ms/99.2%, 20ms/99.6%, 50ms/99.8%, 100ms/99.9%
[1354.084s][info][gc,marking  ] GC(81) Mark: 2 stripe(s), 2 proactive flush(es), 1 terminate flush(es), 0 completion(s), 0 continuation(s) 
[1354.084s][info][gc,marking  ] GC(81) Mark Stack Usage: 32M
[1354.084s][info][gc,nmethod  ] GC(81) NMethods: 8577 registered, 887 unregistered
[1354.084s][info][gc,metaspace] GC(81) Metaspace: 33M used, 33M committed, 1088M reserved
[1354.084s][info][gc,ref      ] GC(81) Soft: 4136 encountered, 0 discovered, 0 enqueued
[1354.084s][info][gc,ref      ] GC(81) Weak: 2185 encountered, 320 discovered, 0 enqueued
[1354.084s][info][gc,ref      ] GC(81) Final: 3 encountered, 1 discovered, 0 enqueued
[1354.084s][info][gc,ref      ] GC(81) Phantom: 279 encountered, 196 discovered, 0 enqueued
[1354.084s][info][gc,reloc    ] GC(81) Small Pages: 222 / 444M, Empty: 324M, Relocated: 1M, In-Place: 0
[1354.084s][info][gc,reloc    ] GC(81) Medium Pages: 1 / 32M, Empty: 0M, Relocated: 0M, In-Place: 0
[1354.084s][info][gc,reloc    ] GC(81) Large Pages: 0 / 0M, Empty: 0M, Relocated: 0M, In-Place: 0
[1354.084s][info][gc,reloc    ] GC(81) Forwarding Usage: 0M
[1354.084s][info][gc,heap     ] GC(81) Min Capacity: 4096M(100%)
[1354.084s][info][gc,heap     ] GC(81) Max Capacity: 4096M(100%)
[1354.084s][info][gc,heap     ] GC(81) Soft Max Capacity: 4096M(100%)
[1354.084s][info][gc,heap     ] GC(81)                Mark Start          Mark End        Relocate Start      Relocate End           High               Low         
[1354.084s][info][gc,heap     ] GC(81)  Capacity:     4096M (100%)       4096M (100%)       4096M (100%)       4096M (100%)       4096M (100%)       4096M (100%)   
[1354.084s][info][gc,heap     ] GC(81)      Free:     3620M (88%)        3608M (88%)        3932M (96%)        4030M (98%)        4030M (98%)        3608M (88%)    
[1354.084s][info][gc,heap     ] GC(81)      Used:      476M (12%)         488M (12%)         164M (4%)           66M (2%)          488M (12%)          66M (2%)     
[1354.084s][info][gc,heap     ] GC(81)      Live:         -                17M (0%)           17M (0%)           17M (0%)             -                  -          
[1354.084s][info][gc,heap     ] GC(81) Allocated:         -                12M (0%)           12M (0%)           12M (0%)             -                  -          
[1354.084s][info][gc,heap     ] GC(81)   Garbage:         -               458M (11%)         134M (3%)           36M (1%)             -                  -          
[1354.084s][info][gc,heap     ] GC(81) Reclaimed:         -                  -               324M (8%)          422M (10%)            -                  -          
[1354.084s][info][gc          ] GC(81) Garbage Collection (Proactive) 476M(12%)->66M(2%)
[1360.160s][info][gc,stats    ] === Garbage Collection Statistics =======================================================================================================================
[1360.160s][info][gc,stats    ]                                                              Last 10s              Last 10m              Last 10h                Total
[1360.160s][info][gc,stats    ]                                                              Avg / Max             Avg / Max             Avg / Max             Avg / Max
[1360.160s][info][gc,stats    ]   Collector: Garbage Collection Cycle                     29.167 / 29.167       29.941 / 43.979       30.792 / 54.411       30.792 / 54.411      ms
[1360.160s][info][gc,stats    ]  Contention: Mark Segment Reset Contention                     0 / 0                 0 / 1                 0 / 3                 0 / 3           ops/s
[1360.160s][info][gc,stats    ]  Contention: Mark SeqNum Reset Contention                      0 / 1                 0 / 2                 0 / 2                 0 / 2           ops/s
[1360.160s][info][gc,stats    ]    Critical: Allocation Stall                                  0 / 0                 0 / 0                 0 / 0                 0 / 0           ops/s
[1360.160s][info][gc,stats    ]    Critical: Allocation Stall                              0.000 / 0.000         0.000 / 0.000         0.000 / 0.000         0.000 / 0.000       ms
[1360.160s][info][gc,stats    ]    Critical: GC Locker Stall                                   0 / 0                 0 / 0                 0 / 0                 0 / 0           ops/s
[1360.160s][info][gc,stats    ]    Critical: GC Locker Stall                               0.000 / 0.000         0.000 / 0.000         0.000 / 0.000         0.000 / 0.000       ms
[1360.160s][info][gc,stats    ]    Critical: Relocation Stall                                  0 / 0                 0 / 0                 0 / 0                 0 / 0           ops/s
[1360.160s][info][gc,stats    ]    Critical: Relocation Stall                              0.000 / 0.000         0.000 / 0.000         0.000 / 0.000         0.000 / 0.000       ms
[1360.160s][info][gc,stats    ]      Memory: Allocation Rate                                  25 / 34               24 / 136              25 / 148              25 / 148         MB/s
[1360.160s][info][gc,stats    ]      Memory: Out Of Memory                                     0 / 0                 0 / 0                 0 / 0                 0 / 0           ops/s
[1360.160s][info][gc,stats    ]      Memory: Page Cache Flush                                  0 / 0                 0 / 0                 0 / 0                 0 / 0           MB/s
[1360.160s][info][gc,stats    ]      Memory: Page Cache Hit L1                                12 / 19               12 / 40               12 / 78               12 / 78          ops/s
[1360.160s][info][gc,stats    ]      Memory: Page Cache Hit L2                                 0 / 0                 0 / 0                 0 / 0                 0 / 0           ops/s
[1360.160s][info][gc,stats    ]      Memory: Page Cache Hit L3                                 0 / 0                 0 / 0                 0 / 48                0 / 48          ops/s
[1360.160s][info][gc,stats    ]      Memory: Page Cache Miss                                   0 / 0                 0 / 0                 0 / 1                 0 / 1           ops/s
[1360.160s][info][gc,stats    ]      Memory: Uncommit                                          0 / 0                 0 / 0                 0 / 0                 0 / 0           MB/s
[1360.160s][info][gc,stats    ]      Memory: Undo Object Allocation Failed                     0 / 0                 0 / 0                 0 / 1                 0 / 1           ops/s
[1360.161s][info][gc,stats    ]      Memory: Undo Object Allocation Succeeded                  0 / 0                 0 / 0                 0 / 22                0 / 22          ops/s
[1360.161s][info][gc,stats    ]      Memory: Undo Page Allocation                              0 / 0                 0 / 2                 0 / 2                 0 / 2           ops/s
[1360.161s][info][gc,stats    ]       Phase: Concurrent Mark                              16.514 / 16.514       17.160 / 30.623       17.695 / 38.897       17.695 / 38.897      ms
[1360.161s][info][gc,stats    ]       Phase: Concurrent Mark Continue                      0.000 / 0.000         0.000 / 0.000         0.000 / 0.000         0.000 / 0.000       ms
[1360.161s][info][gc,stats    ]       Phase: Concurrent Mark Free                          0.003 / 0.003         0.001 / 0.004         0.001 / 0.004         0.001 / 0.004       ms
[1360.161s][info][gc,stats    ]       Phase: Concurrent Process Non-Strong References      8.386 / 8.386         9.009 / 18.281        9.087 / 18.281        9.087 / 18.281      ms
[1360.161s][info][gc,stats    ]       Phase: Concurrent Relocate                           1.029 / 1.029         0.849 / 1.560         0.970 / 6.891         0.970 / 6.891       ms
[1360.161s][info][gc,stats    ]       Phase: Concurrent Reset Relocation Set               0.006 / 0.006         0.004 / 0.011         0.004 / 0.011         0.004 / 0.011       ms
[1360.161s][info][gc,stats    ]       Phase: Concurrent Select Relocation Set              1.463 / 1.463         1.426 / 2.420         1.543 / 3.477         1.543 / 3.477       ms
[1360.161s][info][gc,stats    ]       Phase: Pause Mark End                                0.022 / 0.022         0.024 / 0.035         0.024 / 0.065         0.024 / 0.065       ms
[1360.161s][info][gc,stats    ]       Phase: Pause Mark Start                              0.008 / 0.008         0.011 / 0.028         0.011 / 0.028         0.011 / 0.028       ms
[1360.161s][info][gc,stats    ]       Phase: Pause Relocate Start                          0.008 / 0.008         0.009 / 0.011         0.009 / 0.019         0.009 / 0.019       ms
[1360.161s][info][gc,stats    ]    Subphase: Concurrent Classes Purge                      0.310 / 0.310         0.391 / 2.073         0.390 / 2.073         0.390 / 2.073       ms
[1360.161s][info][gc,stats    ]    Subphase: Concurrent Classes Unlink                     7.357 / 7.357         7.773 / 15.288        7.830 / 15.288        7.830 / 15.288      ms
[1360.161s][info][gc,stats    ]    Subphase: Concurrent Mark                              13.317 / 15.835       13.917 / 29.925       14.386 / 33.017       14.386 / 33.017      ms
[1360.161s][info][gc,stats    ]    Subphase: Concurrent Mark Try Flush                     0.148 / 0.247         0.131 / 0.331         0.127 / 0.331         0.127 / 0.331       ms
[1360.161s][info][gc,stats    ]    Subphase: Concurrent Mark Try Terminate                 1.772 / 5.243         1.888 / 17.115        1.884 / 17.115        1.884 / 17.115      ms
[1360.161s][info][gc,stats    ]    Subphase: Concurrent References Enqueue                 0.001 / 0.001         0.002 / 0.009         0.002 / 0.010         0.002 / 0.010       ms
[1360.161s][info][gc,stats    ]    Subphase: Concurrent References Process                 0.112 / 0.112         0.140 / 0.276         0.154 / 0.513         0.154 / 0.513       ms
[1360.161s][info][gc,stats    ]    Subphase: Concurrent Roots ClassLoaderDataGraph         0.121 / 0.217         0.141 / 0.358         0.146 / 0.547         0.146 / 0.547       ms
[1360.161s][info][gc,stats    ]    Subphase: Concurrent Roots CodeCache                    0.000 / 0.000         0.000 / 0.000         0.000 / 0.000         0.000 / 0.000       ms
[1360.161s][info][gc,stats    ]    Subphase: Concurrent Roots JavaThreads                  0.302 / 0.390         0.334 / 0.613         0.430 / 5.702         0.430 / 5.702       ms
[1360.161s][info][gc,stats    ]    Subphase: Concurrent Roots OopStorageSet                0.024 / 0.032         0.025 / 0.054         0.027 / 0.085         0.027 / 0.085       ms
[1360.161s][info][gc,stats    ]    Subphase: Concurrent Weak Roots OopStorageSet           0.386 / 0.386         0.479 / 0.708         0.494 / 0.939         0.494 / 0.939       ms
[1360.161s][info][gc,stats    ]    Subphase: Pause Mark Try Complete                       0.000 / 0.000         0.000 / 0.000         0.000 / 0.000         0.000 / 0.000       ms
[1360.161s][info][gc,stats    ]      System: Java Threads                                     33 / 33               32 / 33               32 / 34               32 / 34          threads
[1360.161s][info][gc,stats    ] =========================================================================================================================================================
[1370.151s][info][gc,stats    ] === Garbage Collection Statistics =======================================================================================================================
[1370.151s][info][gc,stats    ]                                                              Last 10s              Last 10m              Last 10h                Total
[1370.151s][info][gc,stats    ]                                                              Avg / Max             Avg / Max             Avg / Max             Avg / Max
[1370.151s][info][gc,stats    ]   Collector: Garbage Collection Cycle                      0.000 / 0.000        29.941 / 43.979       30.792 / 54.411       30.792 / 54.411      ms
[1370.151s][info][gc,stats    ]  Contention: Mark Segment Reset Contention                     0 / 0                 0 / 1                 0 / 3                 0 / 3           ops/s
[1370.151s][info][gc,stats    ]  Contention: Mark SeqNum Reset Contention                      0 / 0                 0 / 2                 0 / 2                 0 / 2           ops/s
[1370.151s][info][gc,stats    ]    Critical: Allocation Stall                                  0 / 0                 0 / 0                 0 / 0                 0 / 0           ops/s
[1370.151s][info][gc,stats    ]    Critical: Allocation Stall                              0.000 / 0.000         0.000 / 0.000         0.000 / 0.000         0.000 / 0.000       ms
[1370.151s][info][gc,stats    ]    Critical: GC Locker Stall                                   0 / 0                 0 / 0                 0 / 0                 0 / 0           ops/s
[1370.151s][info][gc,stats    ]    Critical: GC Locker Stall                               0.000 / 0.000         0.000 / 0.000         0.000 / 0.000         0.000 / 0.000       ms
[1370.151s][info][gc,stats    ]    Critical: Relocation Stall                                  0 / 0                 0 / 0                 0 / 0                 0 / 0           ops/s
[1370.151s][info][gc,stats    ]    Critical: Relocation Stall                              0.000 / 0.000         0.000 / 0.000         0.000 / 0.000         0.000 / 0.000       ms
[1370.151s][info][gc,stats    ]      Memory: Allocation Rate                                  23 / 26               24 / 136              25 / 148              25 / 148         MB/s
[1370.151s][info][gc,stats    ]      Memory: Out Of Memory                                     0 / 0                 0 / 0                 0 / 0                 0 / 0           ops/s
[1370.151s][info][gc,stats    ]      Memory: Page Cache Flush                                  0 / 0                 0 / 0                 0 / 0                 0 / 0           MB/s
[1370.151s][info][gc,stats    ]      Memory: Page Cache Hit L1                                11 / 13               12 / 40               12 / 78               12 / 78          ops/s
[1370.151s][info][gc,stats    ]      Memory: Page Cache Hit L2                                 0 / 0                 0 / 0                 0 / 0                 0 / 0           ops/s
[1370.151s][info][gc,stats    ]      Memory: Page Cache Hit L3                                 0 / 0                 0 / 0                 0 / 48                0 / 48          ops/s
[1370.151s][info][gc,stats    ]      Memory: Page Cache Miss                                   0 / 0                 0 / 0                 0 / 1                 0 / 1           ops/s
[1370.151s][info][gc,stats    ]      Memory: Uncommit                                          0 / 0                 0 / 0                 0 / 0                 0 / 0           MB/s
[1370.151s][info][gc,stats    ]      Memory: Undo Object Allocation Failed                     0 / 0                 0 / 0                 0 / 1                 0 / 1           ops/s
[1370.151s][info][gc,stats    ]      Memory: Undo Object Allocation Succeeded                  0 / 0                 0 / 0                 0 / 22                0 / 22          ops/s
[1370.151s][info][gc,stats    ]      Memory: Undo Page Allocation                              0 / 0                 0 / 2                 0 / 2                 0 / 2           ops/s
[1370.152s][info][gc,stats    ]       Phase: Concurrent Mark                               0.000 / 0.000        17.160 / 30.623       17.695 / 38.897       17.695 / 38.897      ms
[1370.152s][info][gc,stats    ]       Phase: Concurrent Mark Continue                      0.000 / 0.000         0.000 / 0.000         0.000 / 0.000         0.000 / 0.000       ms
[1370.152s][info][gc,stats    ]       Phase: Concurrent Mark Free                          0.000 / 0.000         0.001 / 0.004         0.001 / 0.004         0.001 / 0.004       ms
[1370.152s][info][gc,stats    ]       Phase: Concurrent Process Non-Strong References      0.000 / 0.000         9.009 / 18.281        9.087 / 18.281        9.087 / 18.281      ms
[1370.152s][info][gc,stats    ]       Phase: Concurrent Relocate                           0.000 / 0.000         0.849 / 1.560         0.970 / 6.891         0.970 / 6.891       ms
[1370.152s][info][gc,stats    ]       Phase: Concurrent Reset Relocation Set               0.000 / 0.000         0.004 / 0.011         0.004 / 0.011         0.004 / 0.011       ms
[1370.152s][info][gc,stats    ]       Phase: Concurrent Select Relocation Set              0.000 / 0.000         1.426 / 2.420         1.543 / 3.477         1.543 / 3.477       ms
[1370.152s][info][gc,stats    ]       Phase: Pause Mark End                                0.000 / 0.000         0.024 / 0.035         0.024 / 0.065         0.024 / 0.065       ms
[1370.152s][info][gc,stats    ]       Phase: Pause Mark Start                              0.000 / 0.000         0.011 / 0.028         0.011 / 0.028         0.011 / 0.028       ms
[1370.152s][info][gc,stats    ]       Phase: Pause Relocate Start                          0.000 / 0.000         0.009 / 0.011         0.009 / 0.019         0.009 / 0.019       ms
[1370.152s][info][gc,stats    ]    Subphase: Concurrent Classes Purge                      0.000 / 0.000         0.391 / 2.073         0.390 / 2.073         0.390 / 2.073       ms
[1370.152s][info][gc,stats    ]    Subphase: Concurrent Classes Unlink                     0.000 / 0.000         7.773 / 15.288        7.830 / 15.288        7.830 / 15.288      ms
[1370.152s][info][gc,stats    ]    Subphase: Concurrent Mark                               0.000 / 0.000        13.917 / 29.925       14.386 / 33.017       14.386 / 33.017      ms
[1370.152s][info][gc,stats    ]    Subphase: Concurrent Mark Try Flush                     0.000 / 0.000         0.131 / 0.331         0.127 / 0.331         0.127 / 0.331       ms
[1370.152s][info][gc,stats    ]    Subphase: Concurrent Mark Try Terminate                 0.000 / 0.000         1.888 / 17.115        1.884 / 17.115        1.884 / 17.115      ms
[1370.152s][info][gc,stats    ]    Subphase: Concurrent References Enqueue                 0.000 / 0.000         0.002 / 0.009         0.002 / 0.010         0.002 / 0.010       ms
[1370.152s][info][gc,stats    ]    Subphase: Concurrent References Process                 0.000 / 0.000         0.140 / 0.276         0.154 / 0.513         0.154 / 0.513       ms
[1370.152s][info][gc,stats    ]    Subphase: Concurrent Roots ClassLoaderDataGraph         0.000 / 0.000         0.141 / 0.358         0.146 / 0.547         0.146 / 0.547       ms
[1370.152s][info][gc,stats    ]    Subphase: Concurrent Roots CodeCache                    0.000 / 0.000         0.000 / 0.000         0.000 / 0.000         0.000 / 0.000       ms
[1370.152s][info][gc,stats    ]    Subphase: Concurrent Roots JavaThreads                  0.000 / 0.000         0.334 / 0.613         0.430 / 5.702         0.430 / 5.702       ms
[1370.152s][info][gc,stats    ]    Subphase: Concurrent Roots OopStorageSet                0.000 / 0.000         0.025 / 0.054         0.027 / 0.085         0.027 / 0.085       ms
[1370.152s][info][gc,stats    ]    Subphase: Concurrent Weak Roots OopStorageSet           0.000 / 0.000         0.479 / 0.708         0.494 / 0.939         0.494 / 0.939       ms
[1370.152s][info][gc,stats    ]    Subphase: Pause Mark Try Complete                       0.000 / 0.000         0.000 / 0.000         0.000 / 0.000         0.000 / 0.000       ms
[1370.152s][info][gc,stats    ]      System: Java Threads                                      0 / 0                32 / 33               32 / 34               32 / 34          threads
[1370.152s][info][gc,stats    ] =========================================================================================================================================================
[1371.253s][info][gc,start    ] GC(82) Garbage Collection (Proactive)
[1371.253s][info][gc,task     ] GC(82) Using 2 workers
[1371.254s][info][gc,phases   ] GC(82) Pause Mark Start 0.009ms
[1371.271s][info][gc,phases   ] GC(82) Concurrent Mark 17.334ms
[1371.271s][info][gc,phases   ] GC(82) Pause Mark End 0.028ms
[1371.272s][info][gc,phases   ] GC(82) Concurrent Mark Free 0.001ms
[1371.280s][info][gc,phases   ] GC(82) Concurrent Process Non-Strong References 8.310ms
[1371.280s][info][gc,phases   ] GC(82) Concurrent Reset Relocation Set 0.003ms
[1371.281s][info][gc,phases   ] GC(82) Concurrent Select Relocation Set 1.157ms
[1371.281s][info][gc,phases   ] GC(82) Pause Relocate Start 0.006ms
[1371.282s][info][gc,phases   ] GC(82) Concurrent Relocate 0.611ms
[1371.282s][info][gc,load     ] GC(82) Load: 0.00/0.00/0.00
[1371.282s][info][gc,mmu      ] GC(82) MMU: 2ms/96.8%, 5ms/98.7%, 10ms/99.2%, 20ms/99.6%, 50ms/99.8%, 100ms/99.9%
[1371.282s][info][gc,marking  ] GC(82) Mark: 2 stripe(s), 2 proactive flush(es), 1 terminate flush(es), 0 completion(s), 0 continuation(s) 
[1371.282s][info][gc,marking  ] GC(82) Mark Stack Usage: 32M
[1371.282s][info][gc,nmethod  ] GC(82) NMethods: 8588 registered, 887 unregistered
[1371.282s][info][gc,metaspace] GC(82) Metaspace: 33M used, 33M committed, 1088M reserved
[1371.282s][info][gc,ref      ] GC(82) Soft: 4136 encountered, 0 discovered, 0 enqueued
[1371.282s][info][gc,ref      ] GC(82) Weak: 2185 encountered, 674 discovered, 0 enqueued
[1371.282s][info][gc,ref      ] GC(82) Final: 3 encountered, 1 discovered, 0 enqueued
[1371.282s][info][gc,ref      ] GC(82) Phantom: 279 encountered, 218 discovered, 0 enqueued
[1371.282s][info][gc,reloc    ] GC(82) Small Pages: 223 / 446M, Empty: 342M, Relocated: 1M, In-Place: 0
[1371.282s][info][gc,reloc    ] GC(82) Medium Pages: 1 / 32M, Empty: 0M, Relocated: 0M, In-Place: 0
[1371.282s][info][gc,reloc    ] GC(82) Large Pages: 0 / 0M, Empty: 0M, Relocated: 0M, In-Place: 0
[1371.282s][info][gc,reloc    ] GC(82) Forwarding Usage: 0M
[1371.282s][info][gc,heap     ] GC(82) Min Capacity: 4096M(100%)
[1371.282s][info][gc,heap     ] GC(82) Max Capacity: 4096M(100%)
[1371.282s][info][gc,heap     ] GC(82) Soft Max Capacity: 4096M(100%)
[1371.282s][info][gc,heap     ] GC(82)                Mark Start          Mark End        Relocate Start      Relocate End           High               Low         
[1371.282s][info][gc,heap     ] GC(82)  Capacity:     4096M (100%)       4096M (100%)       4096M (100%)       4096M (100%)       4096M (100%)       4096M (100%)   
[1371.282s][info][gc,heap     ] GC(82)      Free:     3618M (88%)        3606M (88%)        3948M (96%)        4030M (98%)        4030M (98%)        3606M (88%)    
[1371.282s][info][gc,heap     ] GC(82)      Used:      478M (12%)         490M (12%)         148M (4%)           66M (2%)          490M (12%)          66M (2%)     
[1371.282s][info][gc,heap     ] GC(82)      Live:         -                17M (0%)           17M (0%)           17M (0%)             -                  -          
[1371.282s][info][gc,heap     ] GC(82) Allocated:         -                12M (0%)           12M (0%)           12M (0%)             -                  -          
[1371.282s][info][gc,heap     ] GC(82)   Garbage:         -               460M (11%)         118M (3%)           36M (1%)             -                  -          
[1371.282s][info][gc,heap     ] GC(82) Reclaimed:         -                  -               342M (8%)          424M (10%)            -                  -          
[1371.282s][info][gc          ] GC(82) Garbage Collection (Proactive) 478M(12%)->66M(2%)
[1380.150s][info][gc,stats    ] === Garbage Collection Statistics =======================================================================================================================
[1380.150s][info][gc,stats    ]                                                              Last 10s              Last 10m              Last 10h                Total
[1380.150s][info][gc,stats    ]                                                              Avg / Max             Avg / Max             Avg / Max             Avg / Max
[1380.150s][info][gc,stats    ]   Collector: Garbage Collection Cycle                     28.703 / 28.703       29.931 / 43.979       30.767 / 54.411       30.767 / 54.411      ms
[1380.150s][info][gc,stats    ]  Contention: Mark Segment Reset Contention                     0 / 0                 0 / 1                 0 / 3                 0 / 3           ops/s
[1380.150s][info][gc,stats    ]  Contention: Mark SeqNum Reset Contention                      0 / 0                 0 / 2                 0 / 2                 0 / 2           ops/s
[1380.151s][info][gc,stats    ]    Critical: Allocation Stall                                  0 / 0                 0 / 0                 0 / 0                 0 / 0           ops/s
[1380.151s][info][gc,stats    ]    Critical: Allocation Stall                              0.000 / 0.000         0.000 / 0.000         0.000 / 0.000         0.000 / 0.000       ms
[1380.151s][info][gc,stats    ]    Critical: GC Locker Stall                                   0 / 0                 0 / 0                 0 / 0                 0 / 0           ops/s
[1380.151s][info][gc,stats    ]    Critical: GC Locker Stall                               0.000 / 0.000         0.000 / 0.000         0.000 / 0.000         0.000 / 0.000       ms
[1380.151s][info][gc,stats    ]    Critical: Relocation Stall                                  0 / 0                 0 / 0                 0 / 0                 0 / 0           ops/s
[1380.151s][info][gc,stats    ]    Critical: Relocation Stall                              0.000 / 0.000         0.000 / 0.000         0.000 / 0.000         0.000 / 0.000       ms
[1380.151s][info][gc,stats    ]      Memory: Allocation Rate                                  24 / 34               24 / 136              25 / 148              25 / 148         MB/s
[1380.151s][info][gc,stats    ]      Memory: Out Of Memory                                     0 / 0                 0 / 0                 0 / 0                 0 / 0           ops/s
[1380.151s][info][gc,stats    ]      Memory: Page Cache Flush                                  0 / 0                 0 / 0                 0 / 0                 0 / 0           MB/s
[1380.151s][info][gc,stats    ]      Memory: Page Cache Hit L1                                12 / 19               12 / 40               12 / 78               12 / 78          ops/s
[1380.151s][info][gc,stats    ]      Memory: Page Cache Hit L2                                 0 / 0                 0 / 0                 0 / 0                 0 / 0           ops/s
[1380.151s][info][gc,stats    ]      Memory: Page Cache Hit L3                                 0 / 0                 0 / 0                 0 / 48                0 / 48          ops/s
[1380.151s][info][gc,stats    ]      Memory: Page Cache Miss                                   0 / 0                 0 / 0                 0 / 1                 0 / 1           ops/s
[1380.151s][info][gc,stats    ]      Memory: Uncommit                                          0 / 0                 0 / 0                 0 / 0                 0 / 0           MB/s
[1380.151s][info][gc,stats    ]      Memory: Undo Object Allocation Failed                     0 / 0                 0 / 0                 0 / 1                 0 / 1           ops/s
[1380.151s][info][gc,stats    ]      Memory: Undo Object Allocation Succeeded                  0 / 0                 0 / 0                 0 / 22                0 / 22          ops/s
[1380.151s][info][gc,stats    ]      Memory: Undo Page Allocation                              0 / 0                 0 / 2                 0 / 2                 0 / 2           ops/s
[1380.151s][info][gc,stats    ]       Phase: Concurrent Mark                              17.334 / 17.334       17.151 / 30.623       17.691 / 38.897       17.691 / 38.897      ms
[1380.151s][info][gc,stats    ]       Phase: Concurrent Mark Continue                      0.000 / 0.000         0.000 / 0.000         0.000 / 0.000         0.000 / 0.000       ms
[1380.151s][info][gc,stats    ]       Phase: Concurrent Mark Free                          0.001 / 0.001         0.001 / 0.004         0.001 / 0.004         0.001 / 0.004       ms
[1380.151s][info][gc,stats    ]       Phase: Concurrent Process Non-Strong References      8.310 / 8.310         9.014 / 18.281        9.078 / 18.281        9.078 / 18.281      ms
[1380.151s][info][gc,stats    ]       Phase: Concurrent Relocate                           0.611 / 0.611         0.846 / 1.560         0.965 / 6.891         0.965 / 6.891       ms
[1380.151s][info][gc,stats    ]       Phase: Concurrent Reset Relocation Set               0.003 / 0.003         0.004 / 0.011         0.004 / 0.011         0.004 / 0.011       ms
[1380.151s][info][gc,stats    ]       Phase: Concurrent Select Relocation Set              1.157 / 1.157         1.423 / 2.420         1.539 / 3.477         1.539 / 3.477       ms
[1380.151s][info][gc,stats    ]       Phase: Pause Mark End                                0.028 / 0.028         0.025 / 0.035         0.024 / 0.065         0.024 / 0.065       ms
[1380.151s][info][gc,stats    ]       Phase: Pause Mark Start                              0.009 / 0.009         0.011 / 0.028         0.011 / 0.028         0.011 / 0.028       ms
[1380.151s][info][gc,stats    ]       Phase: Pause Relocate Start                          0.006 / 0.006         0.009 / 0.011         0.009 / 0.019         0.009 / 0.019       ms
[1380.151s][info][gc,stats    ]    Subphase: Concurrent Classes Purge                      0.316 / 0.316         0.391 / 2.073         0.389 / 2.073         0.389 / 2.073       ms
[1380.151s][info][gc,stats    ]    Subphase: Concurrent Classes Unlink                     7.323 / 7.323         7.784 / 15.288        7.824 / 15.288        7.824 / 15.288      ms
[1380.151s][info][gc,stats    ]    Subphase: Concurrent Mark                              14.050 / 16.422       13.900 / 29.925       14.382 / 33.017       14.382 / 33.017      ms
[1380.151s][info][gc,stats    ]    Subphase: Concurrent Mark Try Flush                     0.183 / 0.266         0.133 / 0.331         0.128 / 0.331         0.128 / 0.331       ms
[1380.151s][info][gc,stats    ]    Subphase: Concurrent Mark Try Terminate                 1.837 / 5.354         1.898 / 17.115        1.883 / 17.115        1.883 / 17.115      ms
[1380.151s][info][gc,stats    ]    Subphase: Concurrent References Enqueue                 0.000 / 0.000         0.002 / 0.009         0.002 / 0.010         0.002 / 0.010       ms
[1380.151s][info][gc,stats    ]    Subphase: Concurrent References Process                 0.124 / 0.124         0.138 / 0.276         0.154 / 0.513         0.154 / 0.513       ms
[1380.151s][info][gc,stats    ]    Subphase: Concurrent Roots ClassLoaderDataGraph         0.201 / 0.356         0.141 / 0.358         0.146 / 0.547         0.146 / 0.547       ms
[1380.151s][info][gc,stats    ]    Subphase: Concurrent Roots CodeCache                    0.000 / 0.000         0.000 / 0.000         0.000 / 0.000         0.000 / 0.000       ms
[1380.151s][info][gc,stats    ]    Subphase: Concurrent Roots JavaThreads                  0.444 / 0.595         0.337 / 0.613         0.430 / 5.702         0.430 / 5.702       ms
[1380.151s][info][gc,stats    ]    Subphase: Concurrent Roots OopStorageSet                0.028 / 0.038         0.025 / 0.048         0.027 / 0.085         0.027 / 0.085       ms
[1380.151s][info][gc,stats    ]    Subphase: Concurrent Weak Roots OopStorageSet           0.351 / 0.352         0.475 / 0.708         0.492 / 0.939         0.492 / 0.939       ms
[1380.151s][info][gc,stats    ]    Subphase: Pause Mark Try Complete                       0.000 / 0.000         0.000 / 0.000         0.000 / 0.000         0.000 / 0.000       ms
[1380.151s][info][gc,stats    ]      System: Java Threads                                     33 / 33               32 / 33               32 / 34               32 / 34          threads
[1380.151s][info][gc,stats    ] =========================================================================================================================================================
[1388.563s][info][gc,start    ] GC(83) Garbage Collection (Proactive)
[1388.563s][info][gc,task     ] GC(83) Using 2 workers
[1388.563s][info][gc,phases   ] GC(83) Pause Mark Start 0.009ms
[1388.581s][info][gc,phases   ] GC(83) Concurrent Mark 17.368ms
[1388.581s][info][gc,phases   ] GC(83) Pause Mark End 0.029ms
[1388.581s][info][gc,phases   ] GC(83) Concurrent Mark Free 0.001ms
[1388.590s][info][gc,phases   ] GC(83) Concurrent Process Non-Strong References 8.755ms
[1388.590s][info][gc,phases   ] GC(83) Concurrent Reset Relocation Set 0.003ms
[1388.591s][info][gc,phases   ] GC(83) Concurrent Select Relocation Set 1.155ms
[1388.591s][info][gc,phases   ] GC(83) Pause Relocate Start 0.009ms
[1388.592s][info][gc,phases   ] GC(83) Concurrent Relocate 0.685ms
[1388.592s][info][gc,load     ] GC(83) Load: 0.00/0.00/0.00
[1388.592s][info][gc,mmu      ] GC(83) MMU: 2ms/96.8%, 5ms/98.7%, 10ms/99.2%, 20ms/99.6%, 50ms/99.8%, 100ms/99.9%
[1388.592s][info][gc,marking  ] GC(83) Mark: 2 stripe(s), 2 proactive flush(es), 1 terminate flush(es), 0 completion(s), 0 continuation(s) 
[1388.592s][info][gc,marking  ] GC(83) Mark Stack Usage: 32M
[1388.592s][info][gc,nmethod  ] GC(83) NMethods: 8592 registered, 887 unregistered
[1388.592s][info][gc,metaspace] GC(83) Metaspace: 33M used, 33M committed, 1088M reserved
[1388.592s][info][gc,ref      ] GC(83) Soft: 4136 encountered, 0 discovered, 0 enqueued
[1388.592s][info][gc,ref      ] GC(83) Weak: 2185 encountered, 316 discovered, 0 enqueued
[1388.592s][info][gc,ref      ] GC(83) Final: 3 encountered, 0 discovered, 0 enqueued
[1388.592s][info][gc,ref      ] GC(83) Phantom: 279 encountered, 217 discovered, 0 enqueued
[1388.592s][info][gc,reloc    ] GC(83) Small Pages: 223 / 446M, Empty: 318M, Relocated: 1M, In-Place: 0
[1388.592s][info][gc,reloc    ] GC(83) Medium Pages: 1 / 32M, Empty: 0M, Relocated: 0M, In-Place: 0
[1388.592s][info][gc,reloc    ] GC(83) Large Pages: 0 / 0M, Empty: 0M, Relocated: 0M, In-Place: 0
[1388.592s][info][gc,reloc    ] GC(83) Forwarding Usage: 0M
[1388.592s][info][gc,heap     ] GC(83) Min Capacity: 4096M(100%)
[1388.593s][info][gc,heap     ] GC(83) Max Capacity: 4096M(100%)
[1388.593s][info][gc,heap     ] GC(83) Soft Max Capacity: 4096M(100%)
[1388.593s][info][gc,heap     ] GC(83)                Mark Start          Mark End        Relocate Start      Relocate End           High               Low         
[1388.593s][info][gc,heap     ] GC(83)  Capacity:     4096M (100%)       4096M (100%)       4096M (100%)       4096M (100%)       4096M (100%)       4096M (100%)   
[1388.593s][info][gc,heap     ] GC(83)      Free:     3618M (88%)        3608M (88%)        3926M (96%)        4032M (98%)        4032M (98%)        3608M (88%)    
[1388.593s][info][gc,heap     ] GC(83)      Used:      478M (12%)         488M (12%)         170M (4%)           64M (2%)          488M (12%)          64M (2%)     
[1388.593s][info][gc,heap     ] GC(83)      Live:         -                17M (0%)           17M (0%)           17M (0%)             -                  -          
[1388.593s][info][gc,heap     ] GC(83) Allocated:         -                10M (0%)           10M (0%)           10M (0%)             -                  -          
[1388.593s][info][gc,heap     ] GC(83)   Garbage:         -               460M (11%)         142M (3%)           36M (1%)             -                  -          
[1388.593s][info][gc,heap     ] GC(83) Reclaimed:         -                  -               318M (8%)          424M (10%)            -                  -          
[1388.593s][info][gc          ] GC(83) Garbage Collection (Proactive) 478M(12%)->64M(2%)
[1390.166s][info][gc,stats    ] === Garbage Collection Statistics =======================================================================================================================
[1390.166s][info][gc,stats    ]                                                              Last 10s              Last 10m              Last 10h                Total
[1390.166s][info][gc,stats    ]                                                              Avg / Max             Avg / Max             Avg / Max             Avg / Max
[1390.166s][info][gc,stats    ]   Collector: Garbage Collection Cycle                     29.214 / 29.214       29.912 / 43.979       30.748 / 54.411       30.748 / 54.411      ms
[1390.166s][info][gc,stats    ]  Contention: Mark Segment Reset Contention                     0 / 0                 0 / 1                 0 / 3                 0 / 3           ops/s
[1390.166s][info][gc,stats    ]  Contention: Mark SeqNum Reset Contention                      0 / 1                 0 / 2                 0 / 2                 0 / 2           ops/s
[1390.166s][info][gc,stats    ]    Critical: Allocation Stall                                  0 / 0                 0 / 0                 0 / 0                 0 / 0           ops/s
[1390.166s][info][gc,stats    ]    Critical: Allocation Stall                              0.000 / 0.000         0.000 / 0.000         0.000 / 0.000         0.000 / 0.000       ms
[1390.166s][info][gc,stats    ]    Critical: GC Locker Stall                                   0 / 0                 0 / 0                 0 / 0                 0 / 0           ops/s
[1390.166s][info][gc,stats    ]    Critical: GC Locker Stall                               0.000 / 0.000         0.000 / 0.000         0.000 / 0.000         0.000 / 0.000       ms
[1390.166s][info][gc,stats    ]    Critical: Relocation Stall                                  0 / 0                 0 / 0                 0 / 0                 0 / 0           ops/s
[1390.166s][info][gc,stats    ]    Critical: Relocation Stall                              0.000 / 0.000         0.000 / 0.000         0.000 / 0.000         0.000 / 0.000       ms
[1390.166s][info][gc,stats    ]      Memory: Allocation Rate                                  25 / 34               24 / 136              25 / 148              25 / 148         MB/s
[1390.166s][info][gc,stats    ]      Memory: Out Of Memory                                     0 / 0                 0 / 0                 0 / 0                 0 / 0           ops/s
[1390.166s][info][gc,stats    ]      Memory: Page Cache Flush                                  0 / 0                 0 / 0                 0 / 0                 0 / 0           MB/s
[1390.166s][info][gc,stats    ]      Memory: Page Cache Hit L1                                13 / 19               12 / 40               12 / 78               12 / 78          ops/s
[1390.166s][info][gc,stats    ]      Memory: Page Cache Hit L2                                 0 / 0                 0 / 0                 0 / 0                 0 / 0           ops/s
[1390.166s][info][gc,stats    ]      Memory: Page Cache Hit L3                                 0 / 0                 0 / 0                 0 / 48                0 / 48          ops/s
[1390.166s][info][gc,stats    ]      Memory: Page Cache Miss                                   0 / 0                 0 / 0                 0 / 1                 0 / 1           ops/s
[1390.166s][info][gc,stats    ]      Memory: Uncommit                                          0 / 0                 0 / 0                 0 / 0                 0 / 0           MB/s
[1390.166s][info][gc,stats    ]      Memory: Undo Object Allocation Failed                     0 / 0                 0 / 0                 0 / 1                 0 / 1           ops/s
[1390.166s][info][gc,stats    ]      Memory: Undo Object Allocation Succeeded                  0 / 0                 0 / 0                 0 / 22                0 / 22          ops/s
[1390.166s][info][gc,stats    ]      Memory: Undo Page Allocation                              0 / 1                 0 / 2                 0 / 2                 0 / 2           ops/s
[1390.166s][info][gc,stats    ]       Phase: Concurrent Mark                              17.368 / 17.368       17.157 / 30.623       17.687 / 38.897       17.687 / 38.897      ms
[1390.166s][info][gc,stats    ]       Phase: Concurrent Mark Continue                      0.000 / 0.000         0.000 / 0.000         0.000 / 0.000         0.000 / 0.000       ms
[1390.166s][info][gc,stats    ]       Phase: Concurrent Mark Free                          0.001 / 0.001         0.001 / 0.004         0.001 / 0.004         0.001 / 0.004       ms
[1390.166s][info][gc,stats    ]       Phase: Concurrent Process Non-Strong References      8.755 / 8.755         9.007 / 18.281        9.074 / 18.281        9.074 / 18.281      ms
[1390.166s][info][gc,stats    ]       Phase: Concurrent Relocate                           0.685 / 0.685         0.841 / 1.560         0.962 / 6.891         0.962 / 6.891       ms
[1390.166s][info][gc,stats    ]       Phase: Concurrent Reset Relocation Set               0.003 / 0.003         0.004 / 0.011         0.004 / 0.011         0.004 / 0.011       ms
[1390.166s][info][gc,stats    ]       Phase: Concurrent Select Relocation Set              1.155 / 1.155         1.415 / 2.420         1.534 / 3.477         1.534 / 3.477       ms
[1390.166s][info][gc,stats    ]       Phase: Pause Mark End                                0.029 / 0.029         0.025 / 0.035         0.024 / 0.065         0.024 / 0.065       ms
[1390.166s][info][gc,stats    ]       Phase: Pause Mark Start                              0.009 / 0.009         0.011 / 0.028         0.011 / 0.028         0.011 / 0.028       ms
[1390.166s][info][gc,stats    ]       Phase: Pause Relocate Start                          0.009 / 0.009         0.009 / 0.011         0.009 / 0.019         0.009 / 0.019       ms
[1390.166s][info][gc,stats    ]    Subphase: Concurrent Classes Purge                      0.244 / 0.244         0.387 / 2.073         0.387 / 2.073         0.387 / 2.073       ms
[1390.166s][info][gc,stats    ]    Subphase: Concurrent Classes Unlink                     7.801 / 7.801         7.785 / 15.288        7.824 / 15.288        7.824 / 15.288      ms
[1390.166s][info][gc,stats    ]    Subphase: Concurrent Mark                              13.763 / 16.538       13.897 / 29.925       14.375 / 33.017       14.375 / 33.017      ms
[1390.166s][info][gc,stats    ]    Subphase: Concurrent Mark Try Flush                     0.152 / 0.254         0.134 / 0.331         0.128 / 0.331         0.128 / 0.331       ms
[1390.166s][info][gc,stats    ]    Subphase: Concurrent Mark Try Terminate                 1.944 / 5.758         1.899 / 17.115        1.884 / 17.115        1.884 / 17.115      ms
[1390.166s][info][gc,stats    ]    Subphase: Concurrent References Enqueue                 0.000 / 0.000         0.002 / 0.009         0.002 / 0.010         0.002 / 0.010       ms
[1390.166s][info][gc,stats    ]    Subphase: Concurrent References Process                 0.098 / 0.098         0.137 / 0.276         0.153 / 0.513         0.153 / 0.513       ms
[1390.166s][info][gc,stats    ]    Subphase: Concurrent Roots ClassLoaderDataGraph         0.174 / 0.300         0.141 / 0.358         0.147 / 0.547         0.147 / 0.547       ms
[1390.166s][info][gc,stats    ]    Subphase: Concurrent Roots CodeCache                    0.000 / 0.000         0.000 / 0.000         0.000 / 0.000         0.000 / 0.000       ms
[1390.166s][info][gc,stats    ]    Subphase: Concurrent Roots JavaThreads                  0.428 / 0.564         0.339 / 0.613         0.430 / 5.702         0.430 / 5.702       ms
[1390.166s][info][gc,stats    ]    Subphase: Concurrent Roots OopStorageSet                0.026 / 0.035         0.025 / 0.048         0.027 / 0.085         0.027 / 0.085       ms
[1390.166s][info][gc,stats    ]    Subphase: Concurrent Weak Roots OopStorageSet           0.454 / 0.454         0.474 / 0.708         0.492 / 0.939         0.492 / 0.939       ms
[1390.166s][info][gc,stats    ]    Subphase: Pause Mark Try Complete                       0.000 / 0.000         0.000 / 0.000         0.000 / 0.000         0.000 / 0.000       ms
[1390.166s][info][gc,stats    ]      System: Java Threads                                     33 / 33               32 / 33               32 / 34               32 / 34          threads
[1390.166s][info][gc,stats    ] =========================================================================================================================================================
[1400.163s][info][gc,stats    ] === Garbage Collection Statistics =======================================================================================================================
[1400.163s][info][gc,stats    ]                                                              Last 10s              Last 10m              Last 10h                Total
[1400.163s][info][gc,stats    ]                                                              Avg / Max             Avg / Max             Avg / Max             Avg / Max
[1400.163s][info][gc,stats    ]   Collector: Garbage Collection Cycle                      0.000 / 0.000        29.910 / 43.979       30.748 / 54.411       30.748 / 54.411      ms
[1400.163s][info][gc,stats    ]  Contention: Mark Segment Reset Contention                     0 / 0                 0 / 1                 0 / 3                 0 / 3           ops/s
[1400.163s][info][gc,stats    ]  Contention: Mark SeqNum Reset Contention                      0 / 0                 0 / 2                 0 / 2                 0 / 2           ops/s
[1400.163s][info][gc,stats    ]    Critical: Allocation Stall                                  0 / 0                 0 / 0                 0 / 0                 0 / 0           ops/s
[1400.163s][info][gc,stats    ]    Critical: Allocation Stall                              0.000 / 0.000         0.000 / 0.000         0.000 / 0.000         0.000 / 0.000       ms
[1400.163s][info][gc,stats    ]    Critical: GC Locker Stall                                   0 / 0                 0 / 0                 0 / 0                 0 / 0           ops/s
[1400.163s][info][gc,stats    ]    Critical: GC Locker Stall                               0.000 / 0.000         0.000 / 0.000         0.000 / 0.000         0.000 / 0.000       ms
[1400.163s][info][gc,stats    ]    Critical: Relocation Stall                                  0 / 0                 0 / 0                 0 / 0                 0 / 0           ops/s
[1400.163s][info][gc,stats    ]    Critical: Relocation Stall                              0.000 / 0.000         0.000 / 0.000         0.000 / 0.000         0.000 / 0.000       ms
[1400.163s][info][gc,stats    ]      Memory: Allocation Rate                                  23 / 26               24 / 136              25 / 148              25 / 148         MB/s
[1400.163s][info][gc,stats    ]      Memory: Out Of Memory                                     0 / 0                 0 / 0                 0 / 0                 0 / 0           ops/s
[1400.163s][info][gc,stats    ]      Memory: Page Cache Flush                                  0 / 0                 0 / 0                 0 / 0                 0 / 0           MB/s
[1400.163s][info][gc,stats    ]      Memory: Page Cache Hit L1                                11 / 13               12 / 40               12 / 78               12 / 78          ops/s
[1400.163s][info][gc,stats    ]      Memory: Page Cache Hit L2                                 0 / 0                 0 / 0                 0 / 0                 0 / 0           ops/s
[1400.163s][info][gc,stats    ]      Memory: Page Cache Hit L3                                 0 / 0                 0 / 0                 0 / 48                0 / 48          ops/s
[1400.163s][info][gc,stats    ]      Memory: Page Cache Miss                                   0 / 0                 0 / 0                 0 / 1                 0 / 1           ops/s
[1400.163s][info][gc,stats    ]      Memory: Uncommit                                          0 / 0                 0 / 0                 0 / 0                 0 / 0           MB/s
[1400.163s][info][gc,stats    ]      Memory: Undo Object Allocation Failed                     0 / 0                 0 / 0                 0 / 1                 0 / 1           ops/s
[1400.163s][info][gc,stats    ]      Memory: Undo Object Allocation Succeeded                  0 / 0                 0 / 0                 0 / 22                0 / 22          ops/s
[1400.163s][info][gc,stats    ]      Memory: Undo Page Allocation                              0 / 0                 0 / 2                 0 / 2                 0 / 2           ops/s
[1400.163s][info][gc,stats    ]       Phase: Concurrent Mark                               0.000 / 0.000        17.163 / 30.623       17.687 / 38.897       17.687 / 38.897      ms
[1400.163s][info][gc,stats    ]       Phase: Concurrent Mark Continue                      0.000 / 0.000         0.000 / 0.000         0.000 / 0.000         0.000 / 0.000       ms
[1400.163s][info][gc,stats    ]       Phase: Concurrent Mark Free                          0.000 / 0.000         0.001 / 0.004         0.001 / 0.004         0.001 / 0.004       ms
[1400.163s][info][gc,stats    ]       Phase: Concurrent Process Non-Strong References      0.000 / 0.000         9.017 / 18.281        9.074 / 18.281        9.074 / 18.281      ms
[1400.163s][info][gc,stats    ]       Phase: Concurrent Relocate                           0.000 / 0.000         0.835 / 1.560         0.962 / 6.891         0.962 / 6.891       ms
[1400.163s][info][gc,stats    ]       Phase: Concurrent Reset Relocation Set               0.000 / 0.000         0.004 / 0.011         0.004 / 0.011         0.004 / 0.011       ms
[1400.163s][info][gc,stats    ]       Phase: Concurrent Select Relocation Set              0.000 / 0.000         1.391 / 2.420         1.534 / 3.477         1.534 / 3.477       ms
[1400.163s][info][gc,stats    ]       Phase: Pause Mark End                                0.000 / 0.000         0.025 / 0.035         0.024 / 0.065         0.024 / 0.065       ms
[1400.163s][info][gc,stats    ]       Phase: Pause Mark Start                              0.000 / 0.000         0.011 / 0.028         0.011 / 0.028         0.011 / 0.028       ms
[1400.163s][info][gc,stats    ]       Phase: Pause Relocate Start                          0.000 / 0.000         0.009 / 0.011         0.009 / 0.019         0.009 / 0.019       ms
[1400.163s][info][gc,stats    ]    Subphase: Concurrent Classes Purge                      0.000 / 0.000         0.389 / 2.073         0.387 / 2.073         0.387 / 2.073       ms
[1400.163s][info][gc,stats    ]    Subphase: Concurrent Classes Unlink                     0.000 / 0.000         7.798 / 15.288        7.824 / 15.288        7.824 / 15.288      ms
[1400.163s][info][gc,stats    ]    Subphase: Concurrent Mark                               0.000 / 0.000        13.896 / 29.925       14.375 / 33.017       14.375 / 33.017      ms
[1400.163s][info][gc,stats    ]    Subphase: Concurrent Mark Try Flush                     0.000 / 0.000         0.133 / 0.331         0.128 / 0.331         0.128 / 0.331       ms
[1400.163s][info][gc,stats    ]    Subphase: Concurrent Mark Try Terminate                 0.000 / 0.000         1.897 / 17.115        1.884 / 17.115        1.884 / 17.115      ms
[1400.163s][info][gc,stats    ]    Subphase: Concurrent References Enqueue                 0.000 / 0.000         0.002 / 0.009         0.002 / 0.010         0.002 / 0.010       ms
[1400.163s][info][gc,stats    ]    Subphase: Concurrent References Process                 0.000 / 0.000         0.137 / 0.276         0.153 / 0.513         0.153 / 0.513       ms
[1400.163s][info][gc,stats    ]    Subphase: Concurrent Roots ClassLoaderDataGraph         0.000 / 0.000         0.142 / 0.358         0.147 / 0.547         0.147 / 0.547       ms
[1400.163s][info][gc,stats    ]    Subphase: Concurrent Roots CodeCache                    0.000 / 0.000         0.000 / 0.000         0.000 / 0.000         0.000 / 0.000       ms
[1400.163s][info][gc,stats    ]    Subphase: Concurrent Roots JavaThreads                  0.000 / 0.000         0.339 / 0.613         0.430 / 5.702         0.430 / 5.702       ms
[1400.163s][info][gc,stats    ]    Subphase: Concurrent Roots OopStorageSet                0.000 / 0.000         0.025 / 0.048         0.027 / 0.085         0.027 / 0.085       ms
[1400.163s][info][gc,stats    ]    Subphase: Concurrent Weak Roots OopStorageSet           0.000 / 0.000         0.472 / 0.708         0.492 / 0.939         0.492 / 0.939       ms
[1400.163s][info][gc,stats    ]    Subphase: Pause Mark Try Complete                       0.000 / 0.000         0.000 / 0.000         0.000 / 0.000         0.000 / 0.000       ms
[1400.163s][info][gc,stats    ]      System: Java Threads                                      0 / 0                32 / 33               32 / 34               32 / 34          threads
[1400.163s][info][gc,stats    ] =========================================================================================================================================================
[1405.956s][info][gc,start    ] GC(84) Garbage Collection (Proactive)
[1405.956s][info][gc,task     ] GC(84) Using 2 workers
[1405.956s][info][gc,phases   ] GC(84) Pause Mark Start 0.026ms
[1405.974s][info][gc,phases   ] GC(84) Concurrent Mark 17.015ms
[1405.974s][info][gc,phases   ] GC(84) Pause Mark End 0.024ms
[1405.974s][info][gc,phases   ] GC(84) Concurrent Mark Free 0.001ms
[1405.983s][info][gc,phases   ] GC(84) Concurrent Process Non-Strong References 8.482ms
[1405.983s][info][gc,phases   ] GC(84) Concurrent Reset Relocation Set 0.005ms
[1405.984s][info][gc,phases   ] GC(84) Concurrent Select Relocation Set 1.149ms
[1405.984s][info][gc,phases   ] GC(84) Pause Relocate Start 0.008ms
[1405.985s][info][gc,phases   ] GC(84) Concurrent Relocate 0.583ms
[1405.985s][info][gc,load     ] GC(84) Load: 0.00/0.00/0.00
[1405.985s][info][gc,mmu      ] GC(84) MMU: 2ms/96.8%, 5ms/98.7%, 10ms/99.2%, 20ms/99.6%, 50ms/99.8%, 100ms/99.9%
[1405.985s][info][gc,marking  ] GC(84) Mark: 2 stripe(s), 2 proactive flush(es), 1 terminate flush(es), 0 completion(s), 0 continuation(s) 
[1405.985s][info][gc,marking  ] GC(84) Mark Stack Usage: 32M
[1405.985s][info][gc,nmethod  ] GC(84) NMethods: 8624 registered, 887 unregistered
[1405.985s][info][gc,metaspace] GC(84) Metaspace: 33M used, 33M committed, 1088M reserved
[1405.985s][info][gc,ref      ] GC(84) Soft: 4136 encountered, 0 discovered, 0 enqueued
[1405.985s][info][gc,ref      ] GC(84) Weak: 2185 encountered, 319 discovered, 0 enqueued
[1405.985s][info][gc,ref      ] GC(84) Final: 3 encountered, 1 discovered, 0 enqueued
[1405.985s][info][gc,ref      ] GC(84) Phantom: 279 encountered, 147 discovered, 0 enqueued
[1405.985s][info][gc,reloc    ] GC(84) Small Pages: 222 / 444M, Empty: 326M, Relocated: 1M, In-Place: 0
[1405.985s][info][gc,reloc    ] GC(84) Medium Pages: 1 / 32M, Empty: 0M, Relocated: 0M, In-Place: 0
[1405.985s][info][gc,reloc    ] GC(84) Large Pages: 0 / 0M, Empty: 0M, Relocated: 0M, In-Place: 0
[1405.985s][info][gc,reloc    ] GC(84) Forwarding Usage: 0M
[1405.985s][info][gc,heap     ] GC(84) Min Capacity: 4096M(100%)
[1405.985s][info][gc,heap     ] GC(84) Max Capacity: 4096M(100%)
[1405.985s][info][gc,heap     ] GC(84) Soft Max Capacity: 4096M(100%)
[1405.985s][info][gc,heap     ] GC(84)                Mark Start          Mark End        Relocate Start      Relocate End           High               Low         
[1405.985s][info][gc,heap     ] GC(84)  Capacity:     4096M (100%)       4096M (100%)       4096M (100%)       4096M (100%)       4096M (100%)       4096M (100%)   
[1405.985s][info][gc,heap     ] GC(84)      Free:     3620M (88%)        3608M (88%)        3934M (96%)        4030M (98%)        4030M (98%)        3608M (88%)    
[1405.985s][info][gc,heap     ] GC(84)      Used:      476M (12%)         488M (12%)         162M (4%)           66M (2%)          488M (12%)          66M (2%)     
[1405.985s][info][gc,heap     ] GC(84)      Live:         -                17M (0%)           17M (0%)           17M (0%)             -                  -          
[1405.985s][info][gc,heap     ] GC(84) Allocated:         -                12M (0%)           12M (0%)           12M (0%)             -                  -          
[1405.985s][info][gc,heap     ] GC(84)   Garbage:         -               458M (11%)         132M (3%)           36M (1%)             -                  -          
[1405.985s][info][gc,heap     ] GC(84) Reclaimed:         -                  -               326M (8%)          422M (10%)            -                  -          
[1405.985s][info][gc          ] GC(84) Garbage Collection (Proactive) 476M(12%)->66M(2%)
[1410.154s][info][gc,stats    ] === Garbage Collection Statistics =======================================================================================================================
[1410.154s][info][gc,stats    ]                                                              Last 10s              Last 10m              Last 10h                Total
[1410.154s][info][gc,stats    ]                                                              Avg / Max             Avg / Max             Avg / Max             Avg / Max
[1410.154s][info][gc,stats    ]   Collector: Garbage Collection Cycle                     28.616 / 28.616       29.875 / 43.979       30.723 / 54.411       30.723 / 54.411      ms
[1410.154s][info][gc,stats    ]  Contention: Mark Segment Reset Contention                     0 / 0                 0 / 1                 0 / 3                 0 / 3           ops/s
[1410.154s][info][gc,stats    ]  Contention: Mark SeqNum Reset Contention                      0 / 0                 0 / 2                 0 / 2                 0 / 2           ops/s
[1410.154s][info][gc,stats    ]    Critical: Allocation Stall                                  0 / 0                 0 / 0                 0 / 0                 0 / 0           ops/s
[1410.154s][info][gc,stats    ]    Critical: Allocation Stall                              0.000 / 0.000         0.000 / 0.000         0.000 / 0.000         0.000 / 0.000       ms
[1410.154s][info][gc,stats    ]    Critical: GC Locker Stall                                   0 / 0                 0 / 0                 0 / 0                 0 / 0           ops/s
[1410.154s][info][gc,stats    ]    Critical: GC Locker Stall                               0.000 / 0.000         0.000 / 0.000         0.000 / 0.000         0.000 / 0.000       ms
[1410.154s][info][gc,stats    ]    Critical: Relocation Stall                                  0 / 0                 0 / 0                 0 / 0                 0 / 0           ops/s
[1410.154s][info][gc,stats    ]    Critical: Relocation Stall                              0.000 / 0.000         0.000 / 0.000         0.000 / 0.000         0.000 / 0.000       ms
[1410.154s][info][gc,stats    ]      Memory: Allocation Rate                                  25 / 34               24 / 136              25 / 148              25 / 148         MB/s
[1410.154s][info][gc,stats    ]      Memory: Out Of Memory                                     0 / 0                 0 / 0                 0 / 0                 0 / 0           ops/s
[1410.154s][info][gc,stats    ]      Memory: Page Cache Flush                                  0 / 0                 0 / 0                 0 / 0                 0 / 0           MB/s
[1410.154s][info][gc,stats    ]      Memory: Page Cache Hit L1                                12 / 19               12 / 40               12 / 78               12 / 78          ops/s
[1410.154s][info][gc,stats    ]      Memory: Page Cache Hit L2                                 0 / 0                 0 / 0                 0 / 0                 0 / 0           ops/s
[1410.154s][info][gc,stats    ]      Memory: Page Cache Hit L3                                 0 / 0                 0 / 0                 0 / 48                0 / 48          ops/s
[1410.154s][info][gc,stats    ]      Memory: Page Cache Miss                                   0 / 0                 0 / 0                 0 / 1                 0 / 1           ops/s
[1410.154s][info][gc,stats    ]      Memory: Uncommit                                          0 / 0                 0 / 0                 0 / 0                 0 / 0           MB/s
[1410.154s][info][gc,stats    ]      Memory: Undo Object Allocation Failed                     0 / 0                 0 / 0                 0 / 1                 0 / 1           ops/s
[1410.154s][info][gc,stats    ]      Memory: Undo Object Allocation Succeeded                  0 / 0                 0 / 0                 0 / 22                0 / 22          ops/s
[1410.154s][info][gc,stats    ]      Memory: Undo Page Allocation                              0 / 0                 0 / 2                 0 / 2                 0 / 2           ops/s
[1410.154s][info][gc,stats    ]       Phase: Concurrent Mark                              17.015 / 17.015       17.159 / 30.623       17.679 / 38.897       17.679 / 38.897      ms
[1410.154s][info][gc,stats    ]       Phase: Concurrent Mark Continue                      0.000 / 0.000         0.000 / 0.000         0.000 / 0.000         0.000 / 0.000       ms
[1410.154s][info][gc,stats    ]       Phase: Concurrent Mark Free                          0.001 / 0.001         0.001 / 0.004         0.001 / 0.004         0.001 / 0.004       ms
[1410.154s][info][gc,stats    ]       Phase: Concurrent Process Non-Strong References      8.482 / 8.482         9.003 / 18.281        9.067 / 18.281        9.067 / 18.281      ms
[1410.154s][info][gc,stats    ]       Phase: Concurrent Relocate                           0.583 / 0.583         0.828 / 1.560         0.957 / 6.891         0.957 / 6.891       ms
[1410.154s][info][gc,stats    ]       Phase: Concurrent Reset Relocation Set               0.005 / 0.005         0.004 / 0.011         0.004 / 0.011         0.004 / 0.011       ms
[1410.154s][info][gc,stats    ]       Phase: Concurrent Select Relocation Set              1.149 / 1.149         1.384 / 2.420         1.530 / 3.477         1.530 / 3.477       ms
[1410.154s][info][gc,stats    ]       Phase: Pause Mark End                                0.024 / 0.024         0.025 / 0.035         0.024 / 0.065         0.024 / 0.065       ms
[1410.154s][info][gc,stats    ]       Phase: Pause Mark Start                              0.026 / 0.026         0.011 / 0.028         0.011 / 0.028         0.011 / 0.028       ms
[1410.154s][info][gc,stats    ]       Phase: Pause Relocate Start                          0.008 / 0.008         0.009 / 0.011         0.009 / 0.019         0.009 / 0.019       ms
[1410.154s][info][gc,stats    ]    Subphase: Concurrent Classes Purge                      0.299 / 0.299         0.386 / 2.073         0.386 / 2.073         0.386 / 2.073       ms
[1410.154s][info][gc,stats    ]    Subphase: Concurrent Classes Unlink                     7.215 / 7.215         7.782 / 15.288        7.817 / 15.288        7.817 / 15.288      ms
[1410.154s][info][gc,stats    ]    Subphase: Concurrent Mark                              13.754 / 16.279       13.892 / 29.925       14.368 / 33.017       14.368 / 33.017      ms
[1410.154s][info][gc,stats    ]    Subphase: Concurrent Mark Try Flush                     0.142 / 0.228         0.134 / 0.331         0.128 / 0.331         0.128 / 0.331       ms
[1410.154s][info][gc,stats    ]    Subphase: Concurrent Mark Try Terminate                 1.873 / 5.548         1.897 / 17.115        1.884 / 17.115        1.884 / 17.115      ms
[1410.154s][info][gc,stats    ]    Subphase: Concurrent References Enqueue                 0.001 / 0.001         0.002 / 0.009         0.002 / 0.010         0.002 / 0.010       ms
[1410.154s][info][gc,stats    ]    Subphase: Concurrent References Process                 0.141 / 0.141         0.137 / 0.276         0.153 / 0.513         0.153 / 0.513       ms
[1410.155s][info][gc,stats    ]    Subphase: Concurrent Roots ClassLoaderDataGraph         0.152 / 0.251         0.142 / 0.358         0.147 / 0.547         0.147 / 0.547       ms
[1410.155s][info][gc,stats    ]    Subphase: Concurrent Roots CodeCache                    0.000 / 0.000         0.000 / 0.000         0.000 / 0.000         0.000 / 0.000       ms
[1410.155s][info][gc,stats    ]    Subphase: Concurrent Roots JavaThreads                  0.324 / 0.420         0.339 / 0.613         0.429 / 5.702         0.429 / 5.702       ms
[1410.155s][info][gc,stats    ]    Subphase: Concurrent Roots OopStorageSet                0.031 / 0.048         0.025 / 0.048         0.027 / 0.085         0.027 / 0.085       ms
[1410.155s][info][gc,stats    ]    Subphase: Concurrent Weak Roots OopStorageSet           0.609 / 0.610         0.476 / 0.708         0.493 / 0.939         0.493 / 0.939       ms
[1410.155s][info][gc,stats    ]    Subphase: Pause Mark Try Complete                       0.000 / 0.000         0.000 / 0.000         0.000 / 0.000         0.000 / 0.000       ms
[1410.155s][info][gc,stats    ]      System: Java Threads                                     33 / 33               32 / 33               32 / 34               32 / 34          threads
[1410.155s][info][gc,stats    ] =========================================================================================================================================================
[1420.163s][info][gc,stats    ] === Garbage Collection Statistics =======================================================================================================================
[1420.163s][info][gc,stats    ]                                                              Last 10s              Last 10m              Last 10h                Total
[1420.163s][info][gc,stats    ]                                                              Avg / Max             Avg / Max             Avg / Max             Avg / Max
[1420.163s][info][gc,stats    ]   Collector: Garbage Collection Cycle                      0.000 / 0.000        29.895 / 43.979       30.723 / 54.411       30.723 / 54.411      ms
[1420.163s][info][gc,stats    ]  Contention: Mark Segment Reset Contention                     0 / 0                 0 / 1                 0 / 3                 0 / 3           ops/s
[1420.163s][info][gc,stats    ]  Contention: Mark SeqNum Reset Contention                      0 / 0                 0 / 2                 0 / 2                 0 / 2           ops/s
[1420.163s][info][gc,stats    ]    Critical: Allocation Stall                                  0 / 0                 0 / 0                 0 / 0                 0 / 0           ops/s
[1420.163s][info][gc,stats    ]    Critical: Allocation Stall                              0.000 / 0.000         0.000 / 0.000         0.000 / 0.000         0.000 / 0.000       ms
[1420.163s][info][gc,stats    ]    Critical: GC Locker Stall                                   0 / 0                 0 / 0                 0 / 0                 0 / 0           ops/s
[1420.163s][info][gc,stats    ]    Critical: GC Locker Stall                               0.000 / 0.000         0.000 / 0.000         0.000 / 0.000         0.000 / 0.000       ms
[1420.163s][info][gc,stats    ]    Critical: Relocation Stall                                  0 / 0                 0 / 0                 0 / 0                 0 / 0           ops/s
[1420.163s][info][gc,stats    ]    Critical: Relocation Stall                              0.000 / 0.000         0.000 / 0.000         0.000 / 0.000         0.000 / 0.000       ms
[1420.163s][info][gc,stats    ]      Memory: Allocation Rate                                  24 / 28               24 / 136              25 / 148              25 / 148         MB/s
[1420.163s][info][gc,stats    ]      Memory: Out Of Memory                                     0 / 0                 0 / 0                 0 / 0                 0 / 0           ops/s
[1420.163s][info][gc,stats    ]      Memory: Page Cache Flush                                  0 / 0                 0 / 0                 0 / 0                 0 / 0           MB/s
[1420.163s][info][gc,stats    ]      Memory: Page Cache Hit L1                                12 / 14               12 / 40               12 / 78               12 / 78          ops/s
[1420.163s][info][gc,stats    ]      Memory: Page Cache Hit L2                                 0 / 0                 0 / 0                 0 / 0                 0 / 0           ops/s
[1420.163s][info][gc,stats    ]      Memory: Page Cache Hit L3                                 0 / 0                 0 / 0                 0 / 48                0 / 48          ops/s
[1420.163s][info][gc,stats    ]      Memory: Page Cache Miss                                   0 / 0                 0 / 0                 0 / 1                 0 / 1           ops/s
[1420.163s][info][gc,stats    ]      Memory: Uncommit                                          0 / 0                 0 / 0                 0 / 0                 0 / 0           MB/s
[1420.163s][info][gc,stats    ]      Memory: Undo Object Allocation Failed                     0 / 0                 0 / 0                 0 / 1                 0 / 1           ops/s
[1420.164s][info][gc,stats    ]      Memory: Undo Object Allocation Succeeded                  0 / 0                 0 / 0                 0 / 22                0 / 22          ops/s
[1420.164s][info][gc,stats    ]      Memory: Undo Page Allocation                              0 / 1                 0 / 2                 0 / 2                 0 / 2           ops/s
[1420.164s][info][gc,stats    ]       Phase: Concurrent Mark                               0.000 / 0.000        17.157 / 30.623       17.679 / 38.897       17.679 / 38.897      ms
[1420.164s][info][gc,stats    ]       Phase: Concurrent Mark Continue                      0.000 / 0.000         0.000 / 0.000         0.000 / 0.000         0.000 / 0.000       ms
[1420.164s][info][gc,stats    ]       Phase: Concurrent Mark Free                          0.000 / 0.000         0.001 / 0.003         0.001 / 0.004         0.001 / 0.004       ms
[1420.164s][info][gc,stats    ]       Phase: Concurrent Process Non-Strong References      0.000 / 0.000         9.021 / 18.281        9.067 / 18.281        9.067 / 18.281      ms
[1420.164s][info][gc,stats    ]       Phase: Concurrent Relocate                           0.000 / 0.000         0.820 / 1.560         0.957 / 6.891         0.957 / 6.891       ms
[1420.164s][info][gc,stats    ]       Phase: Concurrent Reset Relocation Set               0.000 / 0.000         0.004 / 0.011         0.004 / 0.011         0.004 / 0.011       ms
[1420.164s][info][gc,stats    ]       Phase: Concurrent Select Relocation Set              0.000 / 0.000         1.390 / 2.420         1.530 / 3.477         1.530 / 3.477       ms
[1420.164s][info][gc,stats    ]       Phase: Pause Mark End                                0.000 / 0.000         0.025 / 0.035         0.024 / 0.065         0.024 / 0.065       ms
[1420.164s][info][gc,stats    ]       Phase: Pause Mark Start                              0.000 / 0.000         0.012 / 0.028         0.011 / 0.028         0.011 / 0.028       ms
[1420.164s][info][gc,stats    ]       Phase: Pause Relocate Start                          0.000 / 0.000         0.009 / 0.011         0.009 / 0.019         0.009 / 0.019       ms
[1420.164s][info][gc,stats    ]    Subphase: Concurrent Classes Purge                      0.000 / 0.000         0.390 / 2.073         0.386 / 2.073         0.386 / 2.073       ms
[1420.164s][info][gc,stats    ]    Subphase: Concurrent Classes Unlink                     0.000 / 0.000         7.796 / 15.288        7.817 / 15.288        7.817 / 15.288      ms
[1420.164s][info][gc,stats    ]    Subphase: Concurrent Mark                               0.000 / 0.000        13.879 / 29.925       14.368 / 33.017       14.368 / 33.017      ms
[1420.164s][info][gc,stats    ]    Subphase: Concurrent Mark Try Flush                     0.000 / 0.000         0.134 / 0.331         0.128 / 0.331         0.128 / 0.331       ms
[1420.164s][info][gc,stats    ]    Subphase: Concurrent Mark Try Terminate                 0.000 / 0.000         1.906 / 17.115        1.884 / 17.115        1.884 / 17.115      ms
[1420.164s][info][gc,stats    ]    Subphase: Concurrent References Enqueue                 0.000 / 0.000         0.002 / 0.009         0.002 / 0.010         0.002 / 0.010       ms
[1420.164s][info][gc,stats    ]    Subphase: Concurrent References Process                 0.000 / 0.000         0.138 / 0.276         0.153 / 0.513         0.153 / 0.513       ms
[1420.164s][info][gc,stats    ]    Subphase: Concurrent Roots ClassLoaderDataGraph         0.000 / 0.000         0.142 / 0.358         0.147 / 0.547         0.147 / 0.547       ms
[1420.164s][info][gc,stats    ]    Subphase: Concurrent Roots CodeCache                    0.000 / 0.000         0.000 / 0.000         0.000 / 0.000         0.000 / 0.000       ms
[1420.164s][info][gc,stats    ]    Subphase: Concurrent Roots JavaThreads                  0.000 / 0.000         0.337 / 0.613         0.429 / 5.702         0.429 / 5.702       ms
[1420.164s][info][gc,stats    ]    Subphase: Concurrent Roots OopStorageSet                0.000 / 0.000         0.025 / 0.048         0.027 / 0.085         0.027 / 0.085       ms
[1420.164s][info][gc,stats    ]    Subphase: Concurrent Weak Roots OopStorageSet           0.000 / 0.000         0.476 / 0.708         0.493 / 0.939         0.493 / 0.939       ms
[1420.164s][info][gc,stats    ]    Subphase: Pause Mark Try Complete                       0.000 / 0.000         0.000 / 0.000         0.000 / 0.000         0.000 / 0.000       ms
[1420.164s][info][gc,stats    ]      System: Java Threads                                      0 / 0                32 / 33               32 / 34               32 / 34          threads
[1420.164s][info][gc,stats    ] =========================================================================================================================================================
[1423.360s][info][gc,start    ] GC(85) Garbage Collection (Proactive)
[1423.360s][info][gc,task     ] GC(85) Using 2 workers
[1423.360s][info][gc,phases   ] GC(85) Pause Mark Start 0.007ms
[1423.375s][info][gc,phases   ] GC(85) Concurrent Mark 14.975ms
[1423.376s][info][gc,phases   ] GC(85) Pause Mark End 0.022ms
[1423.376s][info][gc,phases   ] GC(85) Concurrent Mark Free 0.003ms
[1423.385s][info][gc,phases   ] GC(85) Concurrent Process Non-Strong References 8.809ms
[1423.385s][info][gc,phases   ] GC(85) Concurrent Reset Relocation Set 0.006ms
[1423.386s][info][gc,phases   ] GC(85) Concurrent Select Relocation Set 1.438ms
[1423.386s][info][gc,phases   ] GC(85) Pause Relocate Start 0.008ms
[1423.388s][info][gc,phases   ] GC(85) Concurrent Relocate 1.049ms
[1423.388s][info][gc,load     ] GC(85) Load: 0.00/0.00/0.00
[1423.388s][info][gc,mmu      ] GC(85) MMU: 2ms/96.8%, 5ms/98.7%, 10ms/99.2%, 20ms/99.6%, 50ms/99.8%, 100ms/99.9%
[1423.388s][info][gc,marking  ] GC(85) Mark: 2 stripe(s), 2 proactive flush(es), 1 terminate flush(es), 0 completion(s), 0 continuation(s) 
[1423.388s][info][gc,marking  ] GC(85) Mark Stack Usage: 32M
[1423.388s][info][gc,nmethod  ] GC(85) NMethods: 8633 registered, 887 unregistered
[1423.388s][info][gc,metaspace] GC(85) Metaspace: 33M used, 33M committed, 1088M reserved
[1423.388s][info][gc,ref      ] GC(85) Soft: 4136 encountered, 0 discovered, 0 enqueued
[1423.388s][info][gc,ref      ] GC(85) Weak: 2185 encountered, 523 discovered, 0 enqueued
[1423.388s][info][gc,ref      ] GC(85) Final: 3 encountered, 0 discovered, 0 enqueued
[1423.388s][info][gc,ref      ] GC(85) Phantom: 279 encountered, 218 discovered, 0 enqueued
[1423.388s][info][gc,reloc    ] GC(85) Small Pages: 223 / 446M, Empty: 328M, Relocated: 1M, In-Place: 0
[1423.388s][info][gc,reloc    ] GC(85) Medium Pages: 1 / 32M, Empty: 0M, Relocated: 0M, In-Place: 0
[1423.388s][info][gc,reloc    ] GC(85) Large Pages: 0 / 0M, Empty: 0M, Relocated: 0M, In-Place: 0
[1423.388s][info][gc,reloc    ] GC(85) Forwarding Usage: 0M
[1423.388s][info][gc,heap     ] GC(85) Min Capacity: 4096M(100%)
[1423.388s][info][gc,heap     ] GC(85) Max Capacity: 4096M(100%)
[1423.388s][info][gc,heap     ] GC(85) Soft Max Capacity: 4096M(100%)
[1423.388s][info][gc,heap     ] GC(85)                Mark Start          Mark End        Relocate Start      Relocate End           High               Low         
[1423.388s][info][gc,heap     ] GC(85)  Capacity:     4096M (100%)       4096M (100%)       4096M (100%)       4096M (100%)       4096M (100%)       4096M (100%)   
[1423.388s][info][gc,heap     ] GC(85)      Free:     3618M (88%)        3606M (88%)        3934M (96%)        4030M (98%)        4030M (98%)        3606M (88%)    
[1423.388s][info][gc,heap     ] GC(85)      Used:      478M (12%)         490M (12%)         162M (4%)           66M (2%)          490M (12%)          66M (2%)     
[1423.388s][info][gc,heap     ] GC(85)      Live:         -                17M (0%)           17M (0%)           17M (0%)             -                  -          
[1423.388s][info][gc,heap     ] GC(85) Allocated:         -                12M (0%)           12M (0%)           12M (0%)             -                  -          
[1423.388s][info][gc,heap     ] GC(85)   Garbage:         -               460M (11%)         132M (3%)           36M (1%)             -                  -          
[1423.388s][info][gc,heap     ] GC(85) Reclaimed:         -                  -               328M (8%)          424M (10%)            -                  -          
[1423.388s][info][gc          ] GC(85) Garbage Collection (Proactive) 478M(12%)->66M(2%)
[1430.161s][info][gc,stats    ] === Garbage Collection Statistics =======================================================================================================================
[1430.161s][info][gc,stats    ]                                                              Last 10s              Last 10m              Last 10h                Total
[1430.161s][info][gc,stats    ]                                                              Avg / Max             Avg / Max             Avg / Max             Avg / Max
[1430.161s][info][gc,stats    ]   Collector: Garbage Collection Cycle                     28.125 / 28.125       29.919 / 43.979       30.693 / 54.411       30.693 / 54.411      ms
[1430.161s][info][gc,stats    ]  Contention: Mark Segment Reset Contention                     0 / 0                 0 / 1                 0 / 3                 0 / 3           ops/s
[1430.161s][info][gc,stats    ]  Contention: Mark SeqNum Reset Contention                      0 / 1                 0 / 2                 0 / 2                 0 / 2           ops/s
[1430.161s][info][gc,stats    ]    Critical: Allocation Stall                                  0 / 0                 0 / 0                 0 / 0                 0 / 0           ops/s
[1430.161s][info][gc,stats    ]    Critical: Allocation Stall                              0.000 / 0.000         0.000 / 0.000         0.000 / 0.000         0.000 / 0.000       ms
[1430.161s][info][gc,stats    ]    Critical: GC Locker Stall                                   0 / 0                 0 / 0                 0 / 0                 0 / 0           ops/s
[1430.161s][info][gc,stats    ]    Critical: GC Locker Stall                               0.000 / 0.000         0.000 / 0.000         0.000 / 0.000         0.000 / 0.000       ms
[1430.161s][info][gc,stats    ]    Critical: Relocation Stall                                  0 / 0                 0 / 0                 0 / 0                 0 / 0           ops/s
[1430.161s][info][gc,stats    ]    Critical: Relocation Stall                              0.000 / 0.000         0.000 / 0.000         0.000 / 0.000         0.000 / 0.000       ms
[1430.161s][info][gc,stats    ]      Memory: Allocation Rate                                  24 / 36               24 / 136              25 / 148              25 / 148         MB/s
[1430.161s][info][gc,stats    ]      Memory: Out Of Memory                                     0 / 0                 0 / 0                 0 / 0                 0 / 0           ops/s
[1430.161s][info][gc,stats    ]      Memory: Page Cache Flush                                  0 / 0                 0 / 0                 0 / 0                 0 / 0           MB/s
[1430.161s][info][gc,stats    ]      Memory: Page Cache Hit L1                                12 / 20               12 / 40               12 / 78               12 / 78          ops/s
[1430.161s][info][gc,stats    ]      Memory: Page Cache Hit L2                                 0 / 0                 0 / 0                 0 / 0                 0 / 0           ops/s
[1430.161s][info][gc,stats    ]      Memory: Page Cache Hit L3                                 0 / 0                 0 / 0                 0 / 48                0 / 48          ops/s
[1430.161s][info][gc,stats    ]      Memory: Page Cache Miss                                   0 / 0                 0 / 0                 0 / 1                 0 / 1           ops/s
[1430.161s][info][gc,stats    ]      Memory: Uncommit                                          0 / 0                 0 / 0                 0 / 0                 0 / 0           MB/s
[1430.161s][info][gc,stats    ]      Memory: Undo Object Allocation Failed                     0 / 0                 0 / 0                 0 / 1                 0 / 1           ops/s
[1430.161s][info][gc,stats    ]      Memory: Undo Object Allocation Succeeded                  0 / 0                 0 / 0                 0 / 22                0 / 22          ops/s
[1430.161s][info][gc,stats    ]      Memory: Undo Page Allocation                              0 / 0                 0 / 2                 0 / 2                 0 / 2           ops/s
[1430.161s][info][gc,stats    ]       Phase: Concurrent Mark                              14.975 / 14.975       17.143 / 30.623       17.648 / 38.897       17.648 / 38.897      ms
[1430.162s][info][gc,stats    ]       Phase: Concurrent Mark Continue                      0.000 / 0.000         0.000 / 0.000         0.000 / 0.000         0.000 / 0.000       ms
[1430.162s][info][gc,stats    ]       Phase: Concurrent Mark Free                          0.003 / 0.003         0.001 / 0.003         0.001 / 0.004         0.001 / 0.004       ms
[1430.162s][info][gc,stats    ]       Phase: Concurrent Process Non-Strong References      8.809 / 8.809         9.038 / 18.281        9.064 / 18.281        9.064 / 18.281      ms
[1430.162s][info][gc,stats    ]       Phase: Concurrent Relocate                           1.049 / 1.049         0.832 / 1.560         0.958 / 6.891         0.958 / 6.891       ms
[1430.162s][info][gc,stats    ]       Phase: Concurrent Reset Relocation Set               0.006 / 0.006         0.004 / 0.011         0.004 / 0.011         0.004 / 0.011       ms
[1430.162s][info][gc,stats    ]       Phase: Concurrent Select Relocation Set              1.438 / 1.438         1.393 / 2.420         1.528 / 3.477         1.528 / 3.477       ms
[1430.162s][info][gc,stats    ]       Phase: Pause Mark End                                0.022 / 0.022         0.024 / 0.035         0.024 / 0.065         0.024 / 0.065       ms
[1430.162s][info][gc,stats    ]       Phase: Pause Mark Start                              0.007 / 0.007         0.011 / 0.028         0.011 / 0.028         0.011 / 0.028       ms
[1430.162s][info][gc,stats    ]       Phase: Pause Relocate Start                          0.008 / 0.008         0.009 / 0.011         0.009 / 0.019         0.009 / 0.019       ms
[1430.162s][info][gc,stats    ]    Subphase: Concurrent Classes Purge                      0.300 / 0.300         0.390 / 2.073         0.385 / 2.073         0.385 / 2.073       ms
[1430.162s][info][gc,stats    ]    Subphase: Concurrent Classes Unlink                     7.691 / 7.691         7.809 / 15.288        7.815 / 15.288        7.815 / 15.288      ms
[1430.162s][info][gc,stats    ]    Subphase: Concurrent Mark                              12.527 / 14.281       13.865 / 29.925       14.346 / 33.017       14.346 / 33.017      ms
[1430.162s][info][gc,stats    ]    Subphase: Concurrent Mark Try Flush                     0.125 / 0.170         0.135 / 0.331         0.128 / 0.331         0.128 / 0.331       ms
[1430.162s][info][gc,stats    ]    Subphase: Concurrent Mark Try Terminate                 1.373 / 4.042         1.909 / 17.115        1.878 / 17.115        1.878 / 17.115      ms
[1430.162s][info][gc,stats    ]    Subphase: Concurrent References Enqueue                 0.001 / 0.001         0.002 / 0.009         0.002 / 0.010         0.002 / 0.010       ms
[1430.162s][info][gc,stats    ]    Subphase: Concurrent References Process                 0.152 / 0.152         0.140 / 0.276         0.153 / 0.513         0.153 / 0.513       ms
[1430.162s][info][gc,stats    ]    Subphase: Concurrent Roots ClassLoaderDataGraph         0.095 / 0.184         0.140 / 0.358         0.146 / 0.547         0.146 / 0.547       ms
[1430.162s][info][gc,stats    ]    Subphase: Concurrent Roots CodeCache                    0.000 / 0.000         0.000 / 0.000         0.000 / 0.000         0.000 / 0.000       ms
[1430.162s][info][gc,stats    ]    Subphase: Concurrent Roots JavaThreads                  0.334 / 0.415         0.336 / 0.613         0.427 / 5.702         0.427 / 5.702       ms
[1430.162s][info][gc,stats    ]    Subphase: Concurrent Roots OopStorageSet                0.023 / 0.031         0.025 / 0.048         0.027 / 0.085         0.027 / 0.085       ms
[1430.162s][info][gc,stats    ]    Subphase: Concurrent Weak Roots OopStorageSet           0.457 / 0.458         0.479 / 0.708         0.492 / 0.939         0.492 / 0.939       ms
[1430.162s][info][gc,stats    ]    Subphase: Pause Mark Try Complete                       0.000 / 0.000         0.000 / 0.000         0.000 / 0.000         0.000 / 0.000       ms
[1430.162s][info][gc,stats    ]      System: Java Threads                                     33 / 33               32 / 33               32 / 34               32 / 34          threads
[1430.162s][info][gc,stats    ] =========================================================================================================================================================
[1440.164s][info][gc,stats    ] === Garbage Collection Statistics =======================================================================================================================
[1440.164s][info][gc,stats    ]                                                              Last 10s              Last 10m              Last 10h                Total
[1440.164s][info][gc,stats    ]                                                              Avg / Max             Avg / Max             Avg / Max             Avg / Max
[1440.164s][info][gc,stats    ]   Collector: Garbage Collection Cycle                      0.000 / 0.000        29.919 / 43.979       30.693 / 54.411       30.693 / 54.411      ms
[1440.164s][info][gc,stats    ]  Contention: Mark Segment Reset Contention                     0 / 0                 0 / 1                 0 / 3                 0 / 3           ops/s
[1440.164s][info][gc,stats    ]  Contention: Mark SeqNum Reset Contention                      0 / 0                 0 / 2                 0 / 2                 0 / 2           ops/s
[1440.164s][info][gc,stats    ]    Critical: Allocation Stall                                  0 / 0                 0 / 0                 0 / 0                 0 / 0           ops/s
[1440.164s][info][gc,stats    ]    Critical: Allocation Stall                              0.000 / 0.000         0.000 / 0.000         0.000 / 0.000         0.000 / 0.000       ms
[1440.164s][info][gc,stats    ]    Critical: GC Locker Stall                                   0 / 0                 0 / 0                 0 / 0                 0 / 0           ops/s
[1440.164s][info][gc,stats    ]    Critical: GC Locker Stall                               0.000 / 0.000         0.000 / 0.000         0.000 / 0.000         0.000 / 0.000       ms
[1440.164s][info][gc,stats    ]    Critical: Relocation Stall                                  0 / 0                 0 / 0                 0 / 0                 0 / 0           ops/s
[1440.164s][info][gc,stats    ]    Critical: Relocation Stall                              0.000 / 0.000         0.000 / 0.000         0.000 / 0.000         0.000 / 0.000       ms
[1440.164s][info][gc,stats    ]      Memory: Allocation Rate                                  24 / 28               24 / 136              25 / 148              25 / 148         MB/s
[1440.164s][info][gc,stats    ]      Memory: Out Of Memory                                     0 / 0                 0 / 0                 0 / 0                 0 / 0           ops/s
[1440.164s][info][gc,stats    ]      Memory: Page Cache Flush                                  0 / 0                 0 / 0                 0 / 0                 0 / 0           MB/s
[1440.164s][info][gc,stats    ]      Memory: Page Cache Hit L1                                12 / 14               12 / 40               12 / 78               12 / 78          ops/s
[1440.164s][info][gc,stats    ]      Memory: Page Cache Hit L2                                 0 / 0                 0 / 0                 0 / 0                 0 / 0           ops/s
[1440.164s][info][gc,stats    ]      Memory: Page Cache Hit L3                                 0 / 0                 0 / 0                 0 / 48                0 / 48          ops/s
[1440.164s][info][gc,stats    ]      Memory: Page Cache Miss                                   0 / 0                 0 / 0                 0 / 1                 0 / 1           ops/s
[1440.164s][info][gc,stats    ]      Memory: Uncommit                                          0 / 0                 0 / 0                 0 / 0                 0 / 0           MB/s
[1440.164s][info][gc,stats    ]      Memory: Undo Object Allocation Failed                     0 / 0                 0 / 0                 0 / 1                 0 / 1           ops/s
[1440.164s][info][gc,stats    ]      Memory: Undo Object Allocation Succeeded                  0 / 0                 0 / 0                 0 / 22                0 / 22          ops/s
[1440.164s][info][gc,stats    ]      Memory: Undo Page Allocation                              0 / 0                 0 / 2                 0 / 2                 0 / 2           ops/s
[1440.164s][info][gc,stats    ]       Phase: Concurrent Mark                               0.000 / 0.000        17.143 / 30.623       17.648 / 38.897       17.648 / 38.897      ms
[1440.164s][info][gc,stats    ]       Phase: Concurrent Mark Continue                      0.000 / 0.000         0.000 / 0.000         0.000 / 0.000         0.000 / 0.000       ms
[1440.164s][info][gc,stats    ]       Phase: Concurrent Mark Free                          0.000 / 0.000         0.001 / 0.003         0.001 / 0.004         0.001 / 0.004       ms
[1440.164s][info][gc,stats    ]       Phase: Concurrent Process Non-Strong References      0.000 / 0.000         9.038 / 18.281        9.064 / 18.281        9.064 / 18.281      ms
[1440.164s][info][gc,stats    ]       Phase: Concurrent Relocate                           0.000 / 0.000         0.832 / 1.560         0.958 / 6.891         0.958 / 6.891       ms
[1440.164s][info][gc,stats    ]       Phase: Concurrent Reset Relocation Set               0.000 / 0.000         0.004 / 0.011         0.004 / 0.011         0.004 / 0.011       ms
[1440.164s][info][gc,stats    ]       Phase: Concurrent Select Relocation Set              0.000 / 0.000         1.393 / 2.420         1.528 / 3.477         1.528 / 3.477       ms
[1440.164s][info][gc,stats    ]       Phase: Pause Mark End                                0.000 / 0.000         0.024 / 0.035         0.024 / 0.065         0.024 / 0.065       ms
[1440.164s][info][gc,stats    ]       Phase: Pause Mark Start                              0.000 / 0.000         0.011 / 0.028         0.011 / 0.028         0.011 / 0.028       ms
[1440.164s][info][gc,stats    ]       Phase: Pause Relocate Start                          0.000 / 0.000         0.009 / 0.011         0.009 / 0.019         0.009 / 0.019       ms
[1440.164s][info][gc,stats    ]    Subphase: Concurrent Classes Purge                      0.000 / 0.000         0.390 / 2.073         0.385 / 2.073         0.385 / 2.073       ms
[1440.164s][info][gc,stats    ]    Subphase: Concurrent Classes Unlink                     0.000 / 0.000         7.809 / 15.288        7.815 / 15.288        7.815 / 15.288      ms
[1440.164s][info][gc,stats    ]    Subphase: Concurrent Mark                               0.000 / 0.000        13.865 / 29.925       14.346 / 33.017       14.346 / 33.017      ms
[1440.164s][info][gc,stats    ]    Subphase: Concurrent Mark Try Flush                     0.000 / 0.000         0.135 / 0.331         0.128 / 0.331         0.128 / 0.331       ms
[1440.164s][info][gc,stats    ]    Subphase: Concurrent Mark Try Terminate                 0.000 / 0.000         1.909 / 17.115        1.878 / 17.115        1.878 / 17.115      ms
[1440.164s][info][gc,stats    ]    Subphase: Concurrent References Enqueue                 0.000 / 0.000         0.002 / 0.009         0.002 / 0.010         0.002 / 0.010       ms
[1440.164s][info][gc,stats    ]    Subphase: Concurrent References Process                 0.000 / 0.000         0.140 / 0.276         0.153 / 0.513         0.153 / 0.513       ms
[1440.164s][info][gc,stats    ]    Subphase: Concurrent Roots ClassLoaderDataGraph         0.000 / 0.000         0.140 / 0.358         0.146 / 0.547         0.146 / 0.547       ms
[1440.164s][info][gc,stats    ]    Subphase: Concurrent Roots CodeCache                    0.000 / 0.000         0.000 / 0.000         0.000 / 0.000         0.000 / 0.000       ms
[1440.164s][info][gc,stats    ]    Subphase: Concurrent Roots JavaThreads                  0.000 / 0.000         0.336 / 0.613         0.427 / 5.702         0.427 / 5.702       ms
[1440.164s][info][gc,stats    ]    Subphase: Concurrent Roots OopStorageSet                0.000 / 0.000         0.025 / 0.048         0.027 / 0.085         0.027 / 0.085       ms
[1440.164s][info][gc,stats    ]    Subphase: Concurrent Weak Roots OopStorageSet           0.000 / 0.000         0.479 / 0.708         0.492 / 0.939         0.492 / 0.939       ms
[1440.164s][info][gc,stats    ]    Subphase: Pause Mark Try Complete                       0.000 / 0.000         0.000 / 0.000         0.000 / 0.000         0.000 / 0.000       ms
[1440.164s][info][gc,stats    ]      System: Java Threads                                      0 / 0                32 / 33               32 / 34               32 / 34          threads
[1440.164s][info][gc,stats    ] =========================================================================================================================================================
[1440.551s][info][gc,start    ] GC(86) Garbage Collection (Proactive)
[1440.551s][info][gc,task     ] GC(86) Using 2 workers
[1440.551s][info][gc,phases   ] GC(86) Pause Mark Start 0.037ms
[1440.567s][info][gc,phases   ] GC(86) Concurrent Mark 15.881ms
[1440.567s][info][gc,phases   ] GC(86) Pause Mark End 0.018ms
[1440.567s][info][gc,phases   ] GC(86) Concurrent Mark Free 0.001ms
[1440.576s][info][gc,phases   ] GC(86) Concurrent Process Non-Strong References 8.562ms
[1440.576s][info][gc,phases   ] GC(86) Concurrent Reset Relocation Set 0.003ms
[1440.579s][info][gc,phases   ] GC(86) Concurrent Select Relocation Set 2.864ms
[1440.579s][info][gc,phases   ] GC(86) Pause Relocate Start 0.011ms
[1440.580s][info][gc,phases   ] GC(86) Concurrent Relocate 0.648ms
[1440.580s][info][gc,load     ] GC(86) Load: 0.00/0.00/0.00
[1440.580s][info][gc,mmu      ] GC(86) MMU: 2ms/96.8%, 5ms/98.7%, 10ms/99.2%, 20ms/99.6%, 50ms/99.8%, 100ms/99.9%
[1440.580s][info][gc,marking  ] GC(86) Mark: 2 stripe(s), 1 proactive flush(es), 1 terminate flush(es), 0 completion(s), 0 continuation(s) 
[1440.580s][info][gc,marking  ] GC(86) Mark Stack Usage: 32M
[1440.580s][info][gc,nmethod  ] GC(86) NMethods: 8637 registered, 887 unregistered
[1440.580s][info][gc,metaspace] GC(86) Metaspace: 33M used, 33M committed, 1088M reserved
[1440.580s][info][gc,ref      ] GC(86) Soft: 4136 encountered, 0 discovered, 0 enqueued
[1440.580s][info][gc,ref      ] GC(86) Weak: 2185 encountered, 335 discovered, 1 enqueued
[1440.580s][info][gc,ref      ] GC(86) Final: 3 encountered, 1 discovered, 0 enqueued
[1440.580s][info][gc,ref      ] GC(86) Phantom: 279 encountered, 144 discovered, 0 enqueued
[1440.580s][info][gc,reloc    ] GC(86) Small Pages: 225 / 450M, Empty: 340M, Relocated: 1M, In-Place: 0
[1440.580s][info][gc,reloc    ] GC(86) Medium Pages: 1 / 32M, Empty: 0M, Relocated: 0M, In-Place: 0
[1440.580s][info][gc,reloc    ] GC(86) Large Pages: 0 / 0M, Empty: 0M, Relocated: 0M, In-Place: 0
[1440.580s][info][gc,reloc    ] GC(86) Forwarding Usage: 0M
[1440.580s][info][gc,heap     ] GC(86) Min Capacity: 4096M(100%)
[1440.580s][info][gc,heap     ] GC(86) Max Capacity: 4096M(100%)
[1440.580s][info][gc,heap     ] GC(86) Soft Max Capacity: 4096M(100%)
[1440.580s][info][gc,heap     ] GC(86)                Mark Start          Mark End        Relocate Start      Relocate End           High               Low         
[1440.580s][info][gc,heap     ] GC(86)  Capacity:     4096M (100%)       4096M (100%)       4096M (100%)       4096M (100%)       4096M (100%)       4096M (100%)   
[1440.580s][info][gc,heap     ] GC(86)      Free:     3614M (88%)        3604M (88%)        3942M (96%)        4030M (98%)        4030M (98%)        3602M (88%)    
[1440.580s][info][gc,heap     ] GC(86)      Used:      482M (12%)         492M (12%)         154M (4%)           66M (2%)          494M (12%)          66M (2%)     
[1440.580s][info][gc,heap     ] GC(86)      Live:         -                17M (0%)           17M (0%)           17M (0%)             -                  -          
[1440.580s][info][gc,heap     ] GC(86) Allocated:         -                10M (0%)           12M (0%)           12M (0%)             -                  -          
[1440.580s][info][gc,heap     ] GC(86)   Garbage:         -               464M (11%)         124M (3%)           36M (1%)             -                  -          
[1440.580s][info][gc,heap     ] GC(86) Reclaimed:         -                  -               340M (8%)          428M (10%)            -                  -          
[1440.580s][info][gc          ] GC(86) Garbage Collection (Proactive) 482M(12%)->66M(2%)
[1450.158s][info][gc,stats    ] === Garbage Collection Statistics =======================================================================================================================
[1450.158s][info][gc,stats    ]                                                              Last 10s              Last 10m              Last 10h                Total
[1450.158s][info][gc,stats    ]                                                              Avg / Max             Avg / Max             Avg / Max             Avg / Max
[1450.158s][info][gc,stats    ]   Collector: Garbage Collection Cycle                     29.124 / 29.124       29.918 / 43.979       30.675 / 54.411       30.675 / 54.411      ms
[1450.158s][info][gc,stats    ]  Contention: Mark Segment Reset Contention                     0 / 0                 0 / 1                 0 / 3                 0 / 3           ops/s
[1450.158s][info][gc,stats    ]  Contention: Mark SeqNum Reset Contention                      0 / 2                 0 / 2                 0 / 2                 0 / 2           ops/s
[1450.158s][info][gc,stats    ]    Critical: Allocation Stall                                  0 / 0                 0 / 0                 0 / 0                 0 / 0           ops/s
[1450.158s][info][gc,stats    ]    Critical: Allocation Stall                              0.000 / 0.000         0.000 / 0.000         0.000 / 0.000         0.000 / 0.000       ms
[1450.158s][info][gc,stats    ]    Critical: GC Locker Stall                                   0 / 0                 0 / 0                 0 / 0                 0 / 0           ops/s
[1450.158s][info][gc,stats    ]    Critical: GC Locker Stall                               0.000 / 0.000         0.000 / 0.000         0.000 / 0.000         0.000 / 0.000       ms
[1450.158s][info][gc,stats    ]    Critical: Relocation Stall                                  0 / 0                 0 / 0                 0 / 0                 0 / 0           ops/s
[1450.158s][info][gc,stats    ]    Critical: Relocation Stall                              0.000 / 0.000         0.000 / 0.000         0.000 / 0.000         0.000 / 0.000       ms
[1450.158s][info][gc,stats    ]      Memory: Allocation Rate                                  25 / 34               24 / 136              25 / 148              25 / 148         MB/s
[1450.158s][info][gc,stats    ]      Memory: Out Of Memory                                     0 / 0                 0 / 0                 0 / 0                 0 / 0           ops/s
[1450.158s][info][gc,stats    ]      Memory: Page Cache Flush                                  0 / 0                 0 / 0                 0 / 0                 0 / 0           MB/s
[1450.158s][info][gc,stats    ]      Memory: Page Cache Hit L1                                12 / 19               12 / 40               12 / 78               12 / 78          ops/s
[1450.158s][info][gc,stats    ]      Memory: Page Cache Hit L2                                 0 / 0                 0 / 0                 0 / 0                 0 / 0           ops/s
[1450.158s][info][gc,stats    ]      Memory: Page Cache Hit L3                                 0 / 0                 0 / 0                 0 / 48                0 / 48          ops/s
[1450.158s][info][gc,stats    ]      Memory: Page Cache Miss                                   0 / 0                 0 / 0                 0 / 1                 0 / 1           ops/s
[1450.158s][info][gc,stats    ]      Memory: Uncommit                                          0 / 0                 0 / 0                 0 / 0                 0 / 0           MB/s
[1450.158s][info][gc,stats    ]      Memory: Undo Object Allocation Failed                     0 / 0                 0 / 0                 0 / 1                 0 / 1           ops/s
[1450.158s][info][gc,stats    ]      Memory: Undo Object Allocation Succeeded                  0 / 0                 0 / 0                 0 / 22                0 / 22          ops/s
[1450.158s][info][gc,stats    ]      Memory: Undo Page Allocation                              0 / 0                 0 / 2                 0 / 2                 0 / 2           ops/s
[1450.158s][info][gc,stats    ]       Phase: Concurrent Mark                              15.881 / 15.881       17.116 / 30.623       17.628 / 38.897       17.628 / 38.897      ms
[1450.158s][info][gc,stats    ]       Phase: Concurrent Mark Continue                      0.000 / 0.000         0.000 / 0.000         0.000 / 0.000         0.000 / 0.000       ms
[1450.158s][info][gc,stats    ]       Phase: Concurrent Mark Free                          0.001 / 0.001         0.001 / 0.003         0.001 / 0.004         0.001 / 0.004       ms
[1450.158s][info][gc,stats    ]       Phase: Concurrent Process Non-Strong References      8.562 / 8.562         9.042 / 18.281        9.058 / 18.281        9.058 / 18.281      ms
[1450.158s][info][gc,stats    ]       Phase: Concurrent Relocate                           0.648 / 0.648         0.831 / 1.560         0.955 / 6.891         0.955 / 6.891       ms
[1450.158s][info][gc,stats    ]       Phase: Concurrent Reset Relocation Set               0.003 / 0.003         0.004 / 0.011         0.004 / 0.011         0.004 / 0.011       ms
[1450.158s][info][gc,stats    ]       Phase: Concurrent Select Relocation Set              2.864 / 2.864         1.434 / 2.864         1.544 / 3.477         1.544 / 3.477       ms
[1450.158s][info][gc,stats    ]       Phase: Pause Mark End                                0.018 / 0.018         0.024 / 0.035         0.024 / 0.065         0.024 / 0.065       ms
[1450.158s][info][gc,stats    ]       Phase: Pause Mark Start                              0.037 / 0.037         0.012 / 0.037         0.012 / 0.037         0.012 / 0.037       ms
[1450.158s][info][gc,stats    ]       Phase: Pause Relocate Start                          0.011 / 0.011         0.009 / 0.011         0.009 / 0.019         0.009 / 0.019       ms
[1450.158s][info][gc,stats    ]    Subphase: Concurrent Classes Purge                      0.248 / 0.248         0.387 / 2.073         0.384 / 2.073         0.384 / 2.073       ms
[1450.158s][info][gc,stats    ]    Subphase: Concurrent Classes Unlink                     7.350 / 7.350         7.811 / 15.288        7.810 / 15.288        7.810 / 15.288      ms
[1450.158s][info][gc,stats    ]    Subphase: Concurrent Mark                              13.136 / 15.176       13.830 / 29.925       14.332 / 33.017       14.332 / 33.017      ms
[1450.158s][info][gc,stats    ]    Subphase: Concurrent Mark Try Flush                     0.116 / 0.165         0.134 / 0.331         0.128 / 0.331         0.128 / 0.331       ms
[1450.158s][info][gc,stats    ]    Subphase: Concurrent Mark Try Terminate                 1.613 / 4.771         1.914 / 17.115        1.875 / 17.115        1.875 / 17.115      ms
[1450.158s][info][gc,stats    ]    Subphase: Concurrent References Enqueue                 0.006 / 0.006         0.002 / 0.009         0.002 / 0.010         0.002 / 0.010       ms
[1450.158s][info][gc,stats    ]    Subphase: Concurrent References Process                 0.096 / 0.096         0.138 / 0.276         0.152 / 0.513         0.152 / 0.513       ms
[1450.158s][info][gc,stats    ]    Subphase: Concurrent Roots ClassLoaderDataGraph         0.111 / 0.181         0.140 / 0.358         0.146 / 0.547         0.146 / 0.547       ms
[1450.158s][info][gc,stats    ]    Subphase: Concurrent Roots CodeCache                    0.000 / 0.000         0.000 / 0.000         0.000 / 0.000         0.000 / 0.000       ms
[1450.158s][info][gc,stats    ]    Subphase: Concurrent Roots JavaThreads                  0.374 / 0.452         0.339 / 0.613         0.427 / 5.702         0.427 / 5.702       ms
[1450.158s][info][gc,stats    ]    Subphase: Concurrent Roots OopStorageSet                0.021 / 0.028         0.025 / 0.048         0.027 / 0.085         0.027 / 0.085       ms
[1450.158s][info][gc,stats    ]    Subphase: Concurrent Weak Roots OopStorageSet           0.652 / 0.652         0.485 / 0.708         0.494 / 0.939         0.494 / 0.939       ms
[1450.158s][info][gc,stats    ]    Subphase: Pause Mark Try Complete                       0.000 / 0.000         0.000 / 0.000         0.000 / 0.000         0.000 / 0.000       ms
[1450.158s][info][gc,stats    ]      System: Java Threads                                     33 / 33               32 / 33               32 / 34               32 / 34          threads
[1450.158s][info][gc,stats    ] =========================================================================================================================================================
[1457.958s][info][gc,start    ] GC(87) Garbage Collection (Proactive)
[1457.958s][info][gc,task     ] GC(87) Using 2 workers
[1457.958s][info][gc,phases   ] GC(87) Pause Mark Start 0.008ms
[1457.973s][info][gc,phases   ] GC(87) Concurrent Mark 14.918ms
[1457.974s][info][gc,phases   ] GC(87) Pause Mark End 0.029ms
[1457.974s][info][gc,phases   ] GC(87) Concurrent Mark Free 0.001ms
[1457.983s][info][gc,phases   ] GC(87) Concurrent Process Non-Strong References 8.683ms
[1457.983s][info][gc,phases   ] GC(87) Concurrent Reset Relocation Set 0.006ms
[1457.984s][info][gc,phases   ] GC(87) Concurrent Select Relocation Set 1.129ms
[1457.984s][info][gc,phases   ] GC(87) Pause Relocate Start 0.008ms
[1457.985s][info][gc,phases   ] GC(87) Concurrent Relocate 0.580ms
[1457.985s][info][gc,load     ] GC(87) Load: 0.00/0.00/0.00
[1457.985s][info][gc,mmu      ] GC(87) MMU: 2ms/96.8%, 5ms/98.7%, 10ms/99.2%, 20ms/99.6%, 50ms/99.8%, 100ms/99.9%
[1457.985s][info][gc,marking  ] GC(87) Mark: 2 stripe(s), 2 proactive flush(es), 1 terminate flush(es), 0 completion(s), 0 continuation(s) 
[1457.985s][info][gc,marking  ] GC(87) Mark Stack Usage: 32M
[1457.985s][info][gc,nmethod  ] GC(87) NMethods: 8644 registered, 887 unregistered
[1457.985s][info][gc,metaspace] GC(87) Metaspace: 33M used, 33M committed, 1088M reserved
[1457.985s][info][gc,ref      ] GC(87) Soft: 4136 encountered, 0 discovered, 0 enqueued
[1457.985s][info][gc,ref      ] GC(87) Weak: 2185 encountered, 315 discovered, 0 enqueued
[1457.985s][info][gc,ref      ] GC(87) Final: 3 encountered, 1 discovered, 0 enqueued
[1457.985s][info][gc,ref      ] GC(87) Phantom: 279 encountered, 196 discovered, 0 enqueued
[1457.985s][info][gc,reloc    ] GC(87) Small Pages: 223 / 446M, Empty: 322M, Relocated: 1M, In-Place: 0
[1457.985s][info][gc,reloc    ] GC(87) Medium Pages: 1 / 32M, Empty: 0M, Relocated: 0M, In-Place: 0
[1457.985s][info][gc,reloc    ] GC(87) Large Pages: 0 / 0M, Empty: 0M, Relocated: 0M, In-Place: 0
[1457.985s][info][gc,reloc    ] GC(87) Forwarding Usage: 0M
[1457.985s][info][gc,heap     ] GC(87) Min Capacity: 4096M(100%)
[1457.985s][info][gc,heap     ] GC(87) Max Capacity: 4096M(100%)
[1457.985s][info][gc,heap     ] GC(87) Soft Max Capacity: 4096M(100%)
[1457.985s][info][gc,heap     ] GC(87)                Mark Start          Mark End        Relocate Start      Relocate End           High               Low         
[1457.985s][info][gc,heap     ] GC(87)  Capacity:     4096M (100%)       4096M (100%)       4096M (100%)       4096M (100%)       4096M (100%)       4096M (100%)   
[1457.985s][info][gc,heap     ] GC(87)      Free:     3618M (88%)        3606M (88%)        3928M (96%)        4030M (98%)        4030M (98%)        3606M (88%)    
[1457.985s][info][gc,heap     ] GC(87)      Used:      478M (12%)         490M (12%)         168M (4%)           66M (2%)          490M (12%)          66M (2%)     
[1457.985s][info][gc,heap     ] GC(87)      Live:         -                17M (0%)           17M (0%)           17M (0%)             -                  -          
[1457.985s][info][gc,heap     ] GC(87) Allocated:         -                12M (0%)           12M (0%)           12M (0%)             -                  -          
[1457.985s][info][gc,heap     ] GC(87)   Garbage:         -               460M (11%)         138M (3%)           36M (1%)             -                  -          
[1457.985s][info][gc,heap     ] GC(87) Reclaimed:         -                  -               322M (8%)          424M (10%)            -                  -          
[1457.985s][info][gc          ] GC(87) Garbage Collection (Proactive) 478M(12%)->66M(2%)
[1460.150s][info][gc,stats    ] === Garbage Collection Statistics =======================================================================================================================
[1460.150s][info][gc,stats    ]                                                              Last 10s              Last 10m              Last 10h                Total
[1460.150s][info][gc,stats    ]                                                              Avg / Max             Avg / Max             Avg / Max             Avg / Max
[1460.150s][info][gc,stats    ]   Collector: Garbage Collection Cycle                     26.935 / 26.935       29.838 / 43.979       30.632 / 54.411       30.632 / 54.411      ms
[1460.150s][info][gc,stats    ]  Contention: Mark Segment Reset Contention                     0 / 1                 0 / 1                 0 / 3                 0 / 3           ops/s
[1460.150s][info][gc,stats    ]  Contention: Mark SeqNum Reset Contention                      0 / 0                 0 / 2                 0 / 2                 0 / 2           ops/s
[1460.150s][info][gc,stats    ]    Critical: Allocation Stall                                  0 / 0                 0 / 0                 0 / 0                 0 / 0           ops/s
[1460.150s][info][gc,stats    ]    Critical: Allocation Stall                              0.000 / 0.000         0.000 / 0.000         0.000 / 0.000         0.000 / 0.000       ms
[1460.150s][info][gc,stats    ]    Critical: GC Locker Stall                                   0 / 0                 0 / 0                 0 / 0                 0 / 0           ops/s
[1460.150s][info][gc,stats    ]    Critical: GC Locker Stall                               0.000 / 0.000         0.000 / 0.000         0.000 / 0.000         0.000 / 0.000       ms
[1460.150s][info][gc,stats    ]    Critical: Relocation Stall                                  0 / 0                 0 / 0                 0 / 0                 0 / 0           ops/s
[1460.150s][info][gc,stats    ]    Critical: Relocation Stall                              0.000 / 0.000         0.000 / 0.000         0.000 / 0.000         0.000 / 0.000       ms
[1460.150s][info][gc,stats    ]      Memory: Allocation Rate                                  25 / 34               24 / 136              25 / 148              25 / 148         MB/s
[1460.150s][info][gc,stats    ]      Memory: Out Of Memory                                     0 / 0                 0 / 0                 0 / 0                 0 / 0           ops/s
[1460.150s][info][gc,stats    ]      Memory: Page Cache Flush                                  0 / 0                 0 / 0                 0 / 0                 0 / 0           MB/s
[1460.150s][info][gc,stats    ]      Memory: Page Cache Hit L1                                12 / 19               12 / 40               12 / 78               12 / 78          ops/s
[1460.151s][info][gc,stats    ]      Memory: Page Cache Hit L2                                 0 / 0                 0 / 0                 0 / 0                 0 / 0           ops/s
[1460.151s][info][gc,stats    ]      Memory: Page Cache Hit L3                                 0 / 0                 0 / 0                 0 / 48                0 / 48          ops/s
[1460.151s][info][gc,stats    ]      Memory: Page Cache Miss                                   0 / 0                 0 / 0                 0 / 1                 0 / 1           ops/s
[1460.151s][info][gc,stats    ]      Memory: Uncommit                                          0 / 0                 0 / 0                 0 / 0                 0 / 0           MB/s
[1460.151s][info][gc,stats    ]      Memory: Undo Object Allocation Failed                     0 / 0                 0 / 0                 0 / 1                 0 / 1           ops/s
[1460.151s][info][gc,stats    ]      Memory: Undo Object Allocation Succeeded                  0 / 0                 0 / 0                 0 / 22                0 / 22          ops/s
[1460.151s][info][gc,stats    ]      Memory: Undo Page Allocation                              0 / 1                 0 / 2                 0 / 2                 0 / 2           ops/s
[1460.151s][info][gc,stats    ]       Phase: Concurrent Mark                              14.918 / 14.918       17.056 / 30.623       17.597 / 38.897       17.597 / 38.897      ms
[1460.151s][info][gc,stats    ]       Phase: Concurrent Mark Continue                      0.000 / 0.000         0.000 / 0.000         0.000 / 0.000         0.000 / 0.000       ms
[1460.151s][info][gc,stats    ]       Phase: Concurrent Mark Free                          0.001 / 0.001         0.001 / 0.003         0.001 / 0.004         0.001 / 0.004       ms
[1460.151s][info][gc,stats    ]       Phase: Concurrent Process Non-Strong References      8.683 / 8.683         9.032 / 18.281        9.054 / 18.281        9.054 / 18.281      ms
[1460.151s][info][gc,stats    ]       Phase: Concurrent Relocate                           0.580 / 0.580         0.824 / 1.560         0.951 / 6.891         0.951 / 6.891       ms
[1460.151s][info][gc,stats    ]       Phase: Concurrent Reset Relocation Set               0.006 / 0.006         0.004 / 0.011         0.004 / 0.011         0.004 / 0.011       ms
[1460.151s][info][gc,stats    ]       Phase: Concurrent Select Relocation Set              1.129 / 1.129         1.426 / 2.864         1.539 / 3.477         1.539 / 3.477       ms
[1460.151s][info][gc,stats    ]       Phase: Pause Mark End                                0.029 / 0.029         0.024 / 0.035         0.024 / 0.065         0.024 / 0.065       ms
[1460.151s][info][gc,stats    ]       Phase: Pause Mark Start                              0.008 / 0.008         0.012 / 0.037         0.012 / 0.037         0.012 / 0.037       ms
[1460.151s][info][gc,stats    ]       Phase: Pause Relocate Start                          0.008 / 0.008         0.009 / 0.011         0.009 / 0.019         0.009 / 0.019       ms
[1460.151s][info][gc,stats    ]    Subphase: Concurrent Classes Purge                      0.298 / 0.298         0.385 / 2.073         0.383 / 2.073         0.383 / 2.073       ms
[1460.151s][info][gc,stats    ]    Subphase: Concurrent Classes Unlink                     7.589 / 7.589         7.805 / 15.288        7.807 / 15.288        7.807 / 15.288      ms
[1460.151s][info][gc,stats    ]    Subphase: Concurrent Mark                              12.721 / 14.258       13.800 / 29.925       14.314 / 33.017       14.314 / 33.017      ms
[1460.151s][info][gc,stats    ]    Subphase: Concurrent Mark Try Flush                     0.140 / 0.212         0.134 / 0.331         0.128 / 0.331         0.128 / 0.331       ms
[1460.151s][info][gc,stats    ]    Subphase: Concurrent Mark Try Terminate                 1.225 / 3.594         1.895 / 17.115        1.868 / 17.115        1.868 / 17.115      ms
[1460.151s][info][gc,stats    ]    Subphase: Concurrent References Enqueue                 0.001 / 0.001         0.002 / 0.009         0.002 / 0.010         0.002 / 0.010       ms
[1460.151s][info][gc,stats    ]    Subphase: Concurrent References Process                 0.117 / 0.117         0.138 / 0.276         0.152 / 0.513         0.152 / 0.513       ms
[1460.151s][info][gc,stats    ]    Subphase: Concurrent Roots ClassLoaderDataGraph         0.140 / 0.246         0.140 / 0.358         0.146 / 0.547         0.146 / 0.547       ms
[1460.151s][info][gc,stats    ]    Subphase: Concurrent Roots CodeCache                    0.000 / 0.000         0.000 / 0.000         0.000 / 0.000         0.000 / 0.000       ms
[1460.151s][info][gc,stats    ]    Subphase: Concurrent Roots JavaThreads                  0.255 / 0.359         0.336 / 0.613         0.425 / 5.702         0.425 / 5.702       ms
[1460.151s][info][gc,stats    ]    Subphase: Concurrent Roots OopStorageSet                0.025 / 0.034         0.025 / 0.048         0.027 / 0.085         0.027 / 0.085       ms
[1460.151s][info][gc,stats    ]    Subphase: Concurrent Weak Roots OopStorageSet           0.466 / 0.467         0.485 / 0.708         0.494 / 0.939         0.494 / 0.939       ms
[1460.151s][info][gc,stats    ]    Subphase: Pause Mark Try Complete                       0.000 / 0.000         0.000 / 0.000         0.000 / 0.000         0.000 / 0.000       ms
[1460.151s][info][gc,stats    ]      System: Java Threads                                     33 / 33               32 / 33               32 / 34               32 / 34          threads
[1460.151s][info][gc,stats    ] =========================================================================================================================================================
[1470.159s][info][gc,stats    ] === Garbage Collection Statistics =======================================================================================================================
[1470.159s][info][gc,stats    ]                                                              Last 10s              Last 10m              Last 10h                Total
[1470.160s][info][gc,stats    ]                                                              Avg / Max             Avg / Max             Avg / Max             Avg / Max
[1470.160s][info][gc,stats    ]   Collector: Garbage Collection Cycle                      0.000 / 0.000        29.854 / 43.979       30.632 / 54.411       30.632 / 54.411      ms
[1470.160s][info][gc,stats    ]  Contention: Mark Segment Reset Contention                     0 / 0                 0 / 1                 0 / 3                 0 / 3           ops/s
[1470.160s][info][gc,stats    ]  Contention: Mark SeqNum Reset Contention                      0 / 0                 0 / 2                 0 / 2                 0 / 2           ops/s
[1470.160s][info][gc,stats    ]    Critical: Allocation Stall                                  0 / 0                 0 / 0                 0 / 0                 0 / 0           ops/s
[1470.160s][info][gc,stats    ]    Critical: Allocation Stall                              0.000 / 0.000         0.000 / 0.000         0.000 / 0.000         0.000 / 0.000       ms
[1470.160s][info][gc,stats    ]    Critical: GC Locker Stall                                   0 / 0                 0 / 0                 0 / 0                 0 / 0           ops/s
[1470.160s][info][gc,stats    ]    Critical: GC Locker Stall                               0.000 / 0.000         0.000 / 0.000         0.000 / 0.000         0.000 / 0.000       ms
[1470.160s][info][gc,stats    ]    Critical: Relocation Stall                                  0 / 0                 0 / 0                 0 / 0                 0 / 0           ops/s
[1470.160s][info][gc,stats    ]    Critical: Relocation Stall                              0.000 / 0.000         0.000 / 0.000         0.000 / 0.000         0.000 / 0.000       ms
[1470.160s][info][gc,stats    ]      Memory: Allocation Rate                                  24 / 26               24 / 136              25 / 148              25 / 148         MB/s
[1470.160s][info][gc,stats    ]      Memory: Out Of Memory                                     0 / 0                 0 / 0                 0 / 0                 0 / 0           ops/s
[1470.160s][info][gc,stats    ]      Memory: Page Cache Flush                                  0 / 0                 0 / 0                 0 / 0                 0 / 0           MB/s
[1470.160s][info][gc,stats    ]      Memory: Page Cache Hit L1                                12 / 13               12 / 40               12 / 78               12 / 78          ops/s
[1470.160s][info][gc,stats    ]      Memory: Page Cache Hit L2                                 0 / 0                 0 / 0                 0 / 0                 0 / 0           ops/s
[1470.160s][info][gc,stats    ]      Memory: Page Cache Hit L3                                 0 / 0                 0 / 0                 0 / 48                0 / 48          ops/s
[1470.160s][info][gc,stats    ]      Memory: Page Cache Miss                                   0 / 0                 0 / 0                 0 / 1                 0 / 1           ops/s
[1470.160s][info][gc,stats    ]      Memory: Uncommit                                          0 / 0                 0 / 0                 0 / 0                 0 / 0           MB/s
[1470.160s][info][gc,stats    ]      Memory: Undo Object Allocation Failed                     0 / 0                 0 / 0                 0 / 1                 0 / 1           ops/s
[1470.160s][info][gc,stats    ]      Memory: Undo Object Allocation Succeeded                  0 / 0                 0 / 0                 0 / 22                0 / 22          ops/s
[1470.160s][info][gc,stats    ]      Memory: Undo Page Allocation                              0 / 0                 0 / 2                 0 / 2                 0 / 2           ops/s
[1470.160s][info][gc,stats    ]       Phase: Concurrent Mark                               0.000 / 0.000        17.062 / 30.623       17.597 / 38.897       17.597 / 38.897      ms
[1470.160s][info][gc,stats    ]       Phase: Concurrent Mark Continue                      0.000 / 0.000         0.000 / 0.000         0.000 / 0.000         0.000 / 0.000       ms
[1470.160s][info][gc,stats    ]       Phase: Concurrent Mark Free                          0.000 / 0.000         0.001 / 0.003         0.001 / 0.004         0.001 / 0.004       ms
[1470.160s][info][gc,stats    ]       Phase: Concurrent Process Non-Strong References      0.000 / 0.000         9.041 / 18.281        9.054 / 18.281        9.054 / 18.281      ms
[1470.160s][info][gc,stats    ]       Phase: Concurrent Relocate                           0.000 / 0.000         0.828 / 1.560         0.951 / 6.891         0.951 / 6.891       ms
[1470.160s][info][gc,stats    ]       Phase: Concurrent Reset Relocation Set               0.000 / 0.000         0.004 / 0.011         0.004 / 0.011         0.004 / 0.011       ms
[1470.160s][info][gc,stats    ]       Phase: Concurrent Select Relocation Set              0.000 / 0.000         1.429 / 2.864         1.539 / 3.477         1.539 / 3.477       ms
[1470.160s][info][gc,stats    ]       Phase: Pause Mark End                                0.000 / 0.000         0.024 / 0.035         0.024 / 0.065         0.024 / 0.065       ms
[1470.160s][info][gc,stats    ]       Phase: Pause Mark Start                              0.000 / 0.000         0.012 / 0.037         0.012 / 0.037         0.012 / 0.037       ms
[1470.160s][info][gc,stats    ]       Phase: Pause Relocate Start                          0.000 / 0.000         0.009 / 0.011         0.009 / 0.019         0.009 / 0.019       ms
[1470.160s][info][gc,stats    ]    Subphase: Concurrent Classes Purge                      0.000 / 0.000         0.386 / 2.073         0.383 / 2.073         0.383 / 2.073       ms
[1470.160s][info][gc,stats    ]    Subphase: Concurrent Classes Unlink                     0.000 / 0.000         7.813 / 15.288        7.807 / 15.288        7.807 / 15.288      ms
[1470.160s][info][gc,stats    ]    Subphase: Concurrent Mark                               0.000 / 0.000        13.804 / 29.925       14.314 / 33.017       14.314 / 33.017      ms
[1470.160s][info][gc,stats    ]    Subphase: Concurrent Mark Try Flush                     0.000 / 0.000         0.134 / 0.331         0.128 / 0.331         0.128 / 0.331       ms
[1470.160s][info][gc,stats    ]    Subphase: Concurrent Mark Try Terminate                 0.000 / 0.000         1.896 / 17.115        1.868 / 17.115        1.868 / 17.115      ms
[1470.160s][info][gc,stats    ]    Subphase: Concurrent References Enqueue                 0.000 / 0.000         0.002 / 0.009         0.002 / 0.010         0.002 / 0.010       ms
[1470.160s][info][gc,stats    ]    Subphase: Concurrent References Process                 0.000 / 0.000         0.136 / 0.276         0.152 / 0.513         0.152 / 0.513       ms
[1470.160s][info][gc,stats    ]    Subphase: Concurrent Roots ClassLoaderDataGraph         0.000 / 0.000         0.140 / 0.358         0.146 / 0.547         0.146 / 0.547       ms
[1470.160s][info][gc,stats    ]    Subphase: Concurrent Roots CodeCache                    0.000 / 0.000         0.000 / 0.000         0.000 / 0.000         0.000 / 0.000       ms
[1470.160s][info][gc,stats    ]    Subphase: Concurrent Roots JavaThreads                  0.000 / 0.000         0.338 / 0.613         0.425 / 5.702         0.425 / 5.702       ms
[1470.160s][info][gc,stats    ]    Subphase: Concurrent Roots OopStorageSet                0.000 / 0.000         0.025 / 0.048         0.027 / 0.085         0.027 / 0.085       ms
[1470.160s][info][gc,stats    ]    Subphase: Concurrent Weak Roots OopStorageSet           0.000 / 0.000         0.487 / 0.708         0.494 / 0.939         0.494 / 0.939       ms
[1470.160s][info][gc,stats    ]    Subphase: Pause Mark Try Complete                       0.000 / 0.000         0.000 / 0.000         0.000 / 0.000         0.000 / 0.000       ms
[1470.160s][info][gc,stats    ]      System: Java Threads                                      0 / 0                32 / 33               32 / 34               32 / 34          threads
[1470.160s][info][gc,stats    ] =========================================================================================================================================================
[1475.262s][info][gc,start    ] GC(88) Garbage Collection (Proactive)
[1475.262s][info][gc,task     ] GC(88) Using 2 workers
[1475.263s][info][gc,phases   ] GC(88) Pause Mark Start 0.008ms
[1475.278s][info][gc,phases   ] GC(88) Concurrent Mark 15.434ms
[1475.278s][info][gc,phases   ] GC(88) Pause Mark End 0.022ms
[1475.279s][info][gc,phases   ] GC(88) Concurrent Mark Free 0.001ms
[1475.287s][info][gc,phases   ] GC(88) Concurrent Process Non-Strong References 8.255ms
[1475.287s][info][gc,phases   ] GC(88) Concurrent Reset Relocation Set 0.004ms
[1475.289s][info][gc,phases   ] GC(88) Concurrent Select Relocation Set 1.641ms
[1475.289s][info][gc,phases   ] GC(88) Pause Relocate Start 0.010ms
[1475.290s][info][gc,phases   ] GC(88) Concurrent Relocate 0.726ms
[1475.290s][info][gc,load     ] GC(88) Load: 0.00/0.00/0.00
[1475.290s][info][gc,mmu      ] GC(88) MMU: 2ms/96.8%, 5ms/98.7%, 10ms/99.2%, 20ms/99.6%, 50ms/99.8%, 100ms/99.9%
[1475.290s][info][gc,marking  ] GC(88) Mark: 2 stripe(s), 2 proactive flush(es), 1 terminate flush(es), 0 completion(s), 0 continuation(s) 
[1475.290s][info][gc,marking  ] GC(88) Mark Stack Usage: 32M
[1475.290s][info][gc,nmethod  ] GC(88) NMethods: 8647 registered, 887 unregistered
[1475.290s][info][gc,metaspace] GC(88) Metaspace: 33M used, 33M committed, 1088M reserved
[1475.290s][info][gc,ref      ] GC(88) Soft: 4136 encountered, 0 discovered, 0 enqueued
[1475.290s][info][gc,ref      ] GC(88) Weak: 2185 encountered, 90 discovered, 1 enqueued
[1475.290s][info][gc,ref      ] GC(88) Final: 3 encountered, 0 discovered, 0 enqueued
[1475.290s][info][gc,ref      ] GC(88) Phantom: 279 encountered, 215 discovered, 0 enqueued
[1475.290s][info][gc,reloc    ] GC(88) Small Pages: 222 / 444M, Empty: 322M, Relocated: 1M, In-Place: 0
[1475.290s][info][gc,reloc    ] GC(88) Medium Pages: 1 / 32M, Empty: 0M, Relocated: 0M, In-Place: 0
[1475.290s][info][gc,reloc    ] GC(88) Large Pages: 0 / 0M, Empty: 0M, Relocated: 0M, In-Place: 0
[1475.290s][info][gc,reloc    ] GC(88) Forwarding Usage: 0M
[1475.290s][info][gc,heap     ] GC(88) Min Capacity: 4096M(100%)
[1475.290s][info][gc,heap     ] GC(88) Max Capacity: 4096M(100%)
[1475.290s][info][gc,heap     ] GC(88) Soft Max Capacity: 4096M(100%)
[1475.290s][info][gc,heap     ] GC(88)                Mark Start          Mark End        Relocate Start      Relocate End           High               Low         
[1475.290s][info][gc,heap     ] GC(88)  Capacity:     4096M (100%)       4096M (100%)       4096M (100%)       4096M (100%)       4096M (100%)       4096M (100%)   
[1475.290s][info][gc,heap     ] GC(88)      Free:     3620M (88%)        3610M (88%)        3930M (96%)        4030M (98%)        4030M (98%)        3608M (88%)    
[1475.290s][info][gc,heap     ] GC(88)      Used:      476M (12%)         486M (12%)         166M (4%)           66M (2%)          488M (12%)          66M (2%)     
[1475.290s][info][gc,heap     ] GC(88)      Live:         -                17M (0%)           17M (0%)           17M (0%)             -                  -          
[1475.290s][info][gc,heap     ] GC(88) Allocated:         -                10M (0%)           12M (0%)           12M (0%)             -                  -          
[1475.290s][info][gc,heap     ] GC(88)   Garbage:         -               458M (11%)         136M (3%)           36M (1%)             -                  -          
[1475.290s][info][gc,heap     ] GC(88) Reclaimed:         -                  -               322M (8%)          422M (10%)            -                  -          
[1475.290s][info][gc          ] GC(88) Garbage Collection (Proactive) 476M(12%)->66M(2%)
[1480.164s][info][gc,stats    ] === Garbage Collection Statistics =======================================================================================================================
[1480.164s][info][gc,stats    ]                                                              Last 10s              Last 10m              Last 10h                Total
[1480.164s][info][gc,stats    ]                                                              Avg / Max             Avg / Max             Avg / Max             Avg / Max
[1480.164s][info][gc,stats    ]   Collector: Garbage Collection Cycle                     27.233 / 27.233       29.783 / 43.979       30.594 / 54.411       30.594 / 54.411      ms
[1480.164s][info][gc,stats    ]  Contention: Mark Segment Reset Contention                     0 / 0                 0 / 1                 0 / 3                 0 / 3           ops/s
[1480.164s][info][gc,stats    ]  Contention: Mark SeqNum Reset Contention                      0 / 0                 0 / 2                 0 / 2                 0 / 2           ops/s
[1480.164s][info][gc,stats    ]    Critical: Allocation Stall                                  0 / 0                 0 / 0                 0 / 0                 0 / 0           ops/s
[1480.164s][info][gc,stats    ]    Critical: Allocation Stall                              0.000 / 0.000         0.000 / 0.000         0.000 / 0.000         0.000 / 0.000       ms
[1480.164s][info][gc,stats    ]    Critical: GC Locker Stall                                   0 / 0                 0 / 0                 0 / 0                 0 / 0           ops/s
[1480.164s][info][gc,stats    ]    Critical: GC Locker Stall                               0.000 / 0.000         0.000 / 0.000         0.000 / 0.000         0.000 / 0.000       ms
[1480.164s][info][gc,stats    ]    Critical: Relocation Stall                                  0 / 0                 0 / 0                 0 / 0                 0 / 0           ops/s
[1480.164s][info][gc,stats    ]    Critical: Relocation Stall                              0.000 / 0.000         0.000 / 0.000         0.000 / 0.000         0.000 / 0.000       ms
[1480.164s][info][gc,stats    ]      Memory: Allocation Rate                                  24 / 30               24 / 136              25 / 148              25 / 148         MB/s
[1480.164s][info][gc,stats    ]      Memory: Out Of Memory                                     0 / 0                 0 / 0                 0 / 0                 0 / 0           ops/s
[1480.164s][info][gc,stats    ]      Memory: Page Cache Flush                                  0 / 0                 0 / 0                 0 / 0                 0 / 0           MB/s
[1480.164s][info][gc,stats    ]      Memory: Page Cache Hit L1                                12 / 17               12 / 40               12 / 78               12 / 78          ops/s
[1480.164s][info][gc,stats    ]      Memory: Page Cache Hit L2                                 0 / 0                 0 / 0                 0 / 0                 0 / 0           ops/s
[1480.164s][info][gc,stats    ]      Memory: Page Cache Hit L3                                 0 / 0                 0 / 0                 0 / 48                0 / 48          ops/s
[1480.164s][info][gc,stats    ]      Memory: Page Cache Miss                                   0 / 0                 0 / 0                 0 / 1                 0 / 1           ops/s
[1480.164s][info][gc,stats    ]      Memory: Uncommit                                          0 / 0                 0 / 0                 0 / 0                 0 / 0           MB/s
[1480.164s][info][gc,stats    ]      Memory: Undo Object Allocation Failed                     0 / 0                 0 / 0                 0 / 1                 0 / 1           ops/s
[1480.164s][info][gc,stats    ]      Memory: Undo Object Allocation Succeeded                  0 / 0                 0 / 0                 0 / 22                0 / 22          ops/s
[1480.164s][info][gc,stats    ]      Memory: Undo Page Allocation                              0 / 1                 0 / 2                 0 / 2                 0 / 2           ops/s
[1480.164s][info][gc,stats    ]       Phase: Concurrent Mark                              15.434 / 15.434       17.018 / 30.623       17.572 / 38.897       17.572 / 38.897      ms
[1480.164s][info][gc,stats    ]       Phase: Concurrent Mark Continue                      0.000 / 0.000         0.000 / 0.000         0.000 / 0.000         0.000 / 0.000       ms
[1480.164s][info][gc,stats    ]       Phase: Concurrent Mark Free                          0.001 / 0.001         0.001 / 0.003         0.001 / 0.004         0.001 / 0.004       ms
[1480.164s][info][gc,stats    ]       Phase: Concurrent Process Non-Strong References      8.255 / 8.255         9.019 / 18.281        9.045 / 18.281        9.045 / 18.281      ms
[1480.164s][info][gc,stats    ]       Phase: Concurrent Relocate                           0.726 / 0.726         0.826 / 1.560         0.948 / 6.891         0.948 / 6.891       ms
[1480.164s][info][gc,stats    ]       Phase: Concurrent Reset Relocation Set               0.004 / 0.004         0.004 / 0.011         0.004 / 0.011         0.004 / 0.011       ms
[1480.164s][info][gc,stats    ]       Phase: Concurrent Select Relocation Set              1.641 / 1.641         1.435 / 2.864         1.540 / 3.477         1.540 / 3.477       ms
[1480.164s][info][gc,stats    ]       Phase: Pause Mark End                                0.022 / 0.022         0.024 / 0.035         0.024 / 0.065         0.024 / 0.065       ms
[1480.164s][info][gc,stats    ]       Phase: Pause Mark Start                              0.008 / 0.008         0.012 / 0.037         0.012 / 0.037         0.012 / 0.037       ms
[1480.164s][info][gc,stats    ]       Phase: Pause Relocate Start                          0.010 / 0.010         0.009 / 0.011         0.009 / 0.019         0.009 / 0.019       ms
[1480.164s][info][gc,stats    ]    Subphase: Concurrent Classes Purge                      0.390 / 0.390         0.386 / 2.073         0.383 / 2.073         0.383 / 2.073       ms
[1480.164s][info][gc,stats    ]    Subphase: Concurrent Classes Unlink                     7.180 / 7.180         7.796 / 15.288        7.800 / 15.288        7.800 / 15.288      ms
[1480.164s][info][gc,stats    ]    Subphase: Concurrent Mark                              13.146 / 14.663       13.787 / 29.925       14.301 / 33.017       14.301 / 33.017      ms
[1480.164s][info][gc,stats    ]    Subphase: Concurrent Mark Try Flush                     0.148 / 0.247         0.135 / 0.331         0.129 / 0.331         0.129 / 0.331       ms
[1480.164s][info][gc,stats    ]    Subphase: Concurrent Mark Try Terminate                 1.187 / 3.490         1.876 / 17.115        1.860 / 17.115        1.860 / 17.115      ms
[1480.164s][info][gc,stats    ]    Subphase: Concurrent References Enqueue                 0.009 / 0.009         0.002 / 0.009         0.002 / 0.010         0.002 / 0.010       ms
[1480.164s][info][gc,stats    ]    Subphase: Concurrent References Process                 0.063 / 0.063         0.134 / 0.276         0.151 / 0.513         0.151 / 0.513       ms
[1480.164s][info][gc,stats    ]    Subphase: Concurrent Roots ClassLoaderDataGraph         0.129 / 0.211         0.140 / 0.358         0.146 / 0.547         0.146 / 0.547       ms
[1480.164s][info][gc,stats    ]    Subphase: Concurrent Roots CodeCache                    0.000 / 0.000         0.000 / 0.000         0.000 / 0.000         0.000 / 0.000       ms
[1480.164s][info][gc,stats    ]    Subphase: Concurrent Roots JavaThreads                  0.397 / 0.490         0.339 / 0.613         0.425 / 5.702         0.425 / 5.702       ms
[1480.164s][info][gc,stats    ]    Subphase: Concurrent Roots OopStorageSet                0.025 / 0.031         0.025 / 0.048         0.027 / 0.085         0.027 / 0.085       ms
[1480.164s][info][gc,stats    ]    Subphase: Concurrent Weak Roots OopStorageSet           0.419 / 0.419         0.485 / 0.708         0.493 / 0.939         0.493 / 0.939       ms
[1480.164s][info][gc,stats    ]    Subphase: Pause Mark Try Complete                       0.000 / 0.000         0.000 / 0.000         0.000 / 0.000         0.000 / 0.000       ms
[1480.164s][info][gc,stats    ]      System: Java Threads                                     33 / 33               32 / 33               32 / 34               32 / 34          threads
[1480.164s][info][gc,stats    ] =========================================================================================================================================================
[1481.678s][info][gc,start    ] GC(89) Garbage Collection (System.gc())
[1481.678s][info][gc,task     ] GC(89) Using 2 workers
[1481.678s][info][gc,phases   ] GC(89) Pause Mark Start 0.006ms
[1481.699s][info][gc,phases   ] GC(89) Concurrent Mark 20.661ms
[1481.699s][info][gc,phases   ] GC(89) Pause Mark End 0.013ms
[1481.699s][info][gc,phases   ] GC(89) Concurrent Mark Free 0.001ms
[1481.717s][info][gc,phases   ] GC(89) Concurrent Process Non-Strong References 18.254ms
[1481.717s][info][gc,phases   ] GC(89) Concurrent Reset Relocation Set 0.003ms
[1481.719s][info][gc,phases   ] GC(89) Concurrent Select Relocation Set 1.881ms
[1481.719s][info][gc,phases   ] GC(89) Pause Relocate Start 0.010ms
[1481.720s][info][gc,phases   ] GC(89) Concurrent Relocate 0.797ms
[1481.720s][info][gc,load     ] GC(89) Load: 0.00/0.00/0.00
[1481.720s][info][gc,mmu      ] GC(89) MMU: 2ms/96.8%, 5ms/98.7%, 10ms/99.2%, 20ms/99.6%, 50ms/99.8%, 100ms/99.9%
[1481.720s][info][gc,marking  ] GC(89) Mark: 2 stripe(s), 1 proactive flush(es), 1 terminate flush(es), 0 completion(s), 0 continuation(s) 
[1481.720s][info][gc,marking  ] GC(89) Mark Stack Usage: 32M
[1481.720s][info][gc,nmethod  ] GC(89) NMethods: 8266 registered, 1286 unregistered
[1481.720s][info][gc,metaspace] GC(89) Metaspace: 32M used, 33M committed, 1088M reserved
[1481.720s][info][gc,ref      ] GC(89) Soft: 4001 encountered, 0 discovered, 0 enqueued
[1481.720s][info][gc,ref      ] GC(89) Weak: 1926 encountered, 212 discovered, 77 enqueued
[1481.720s][info][gc,ref      ] GC(89) Final: 3 encountered, 2 discovered, 0 enqueued
[1481.720s][info][gc,ref      ] GC(89) Phantom: 265 encountered, 136 discovered, 3 enqueued
[1481.720s][info][gc,reloc    ] GC(89) Small Pages: 95 / 190M, Empty: 100M, Relocated: 1M, In-Place: 0
[1481.720s][info][gc,reloc    ] GC(89) Medium Pages: 2 / 64M, Empty: 32M, Relocated: 0M, In-Place: 0
[1481.720s][info][gc,reloc    ] GC(89) Large Pages: 0 / 0M, Empty: 0M, Relocated: 0M, In-Place: 0
[1481.720s][info][gc,reloc    ] GC(89) Forwarding Usage: 0M
[1481.720s][info][gc,heap     ] GC(89) Min Capacity: 4096M(100%)
[1481.720s][info][gc,heap     ] GC(89) Max Capacity: 4096M(100%)
[1481.720s][info][gc,heap     ] GC(89) Soft Max Capacity: 4096M(100%)
[1481.720s][info][gc,heap     ] GC(89)                Mark Start          Mark End        Relocate Start      Relocate End           High               Low         
[1481.720s][info][gc,heap     ] GC(89)  Capacity:     4096M (100%)       4096M (100%)       4096M (100%)       4096M (100%)       4096M (100%)       4096M (100%)   
[1481.720s][info][gc,heap     ] GC(89)      Free:     3842M (94%)        3842M (94%)        3970M (97%)        4038M (99%)        4038M (99%)        3838M (94%)    
[1481.720s][info][gc,heap     ] GC(89)      Used:      254M (6%)          254M (6%)          126M (3%)           58M (1%)          258M (6%)           58M (1%)     
[1481.720s][info][gc,heap     ] GC(89)      Live:         -                16M (0%)           16M (0%)           16M (0%)             -                  -          
[1481.720s][info][gc,heap     ] GC(89) Allocated:         -                 0M (0%)            4M (0%)            5M (0%)             -                  -          
[1481.720s][info][gc,heap     ] GC(89)   Garbage:         -               237M (6%)          105M (3%)           35M (1%)             -                  -          
[1481.720s][info][gc,heap     ] GC(89) Reclaimed:         -                  -               132M (3%)          201M (5%)             -                  -          
[1481.720s][info][gc          ] GC(89) Garbage Collection (System.gc()) 254M(6%)->58M(1%)
[1490.163s][info][gc,stats    ] === Garbage Collection Statistics =======================================================================================================================
[1490.164s][info][gc,stats    ]                                                              Last 10s              Last 10m              Last 10h                Total
[1490.164s][info][gc,stats    ]                                                              Avg / Max             Avg / Max             Avg / Max             Avg / Max
[1490.164s][info][gc,stats    ]   Collector: Garbage Collection Cycle                     42.194 / 42.194       30.189 / 43.979       30.723 / 54.411       30.723 / 54.411      ms
[1490.164s][info][gc,stats    ]  Contention: Mark Segment Reset Contention                     0 / 0                 0 / 1                 0 / 3                 0 / 3           ops/s
[1490.164s][info][gc,stats    ]  Contention: Mark SeqNum Reset Contention                      0 / 0                 0 / 2                 0 / 2                 0 / 2           ops/s
[1490.164s][info][gc,stats    ]    Critical: Allocation Stall                                  0 / 0                 0 / 0                 0 / 0                 0 / 0           ops/s
[1490.164s][info][gc,stats    ]    Critical: Allocation Stall                              0.000 / 0.000         0.000 / 0.000         0.000 / 0.000         0.000 / 0.000       ms
[1490.164s][info][gc,stats    ]    Critical: GC Locker Stall                                   0 / 0                 0 / 0                 0 / 0                 0 / 0           ops/s
[1490.164s][info][gc,stats    ]    Critical: GC Locker Stall                               0.000 / 0.000         0.000 / 0.000         0.000 / 0.000         0.000 / 0.000       ms
[1490.164s][info][gc,stats    ]    Critical: Relocation Stall                                  0 / 0                 0 / 0                 0 / 0                 0 / 0           ops/s
[1490.164s][info][gc,stats    ]    Critical: Relocation Stall                              0.000 / 0.000         0.000 / 0.000         0.000 / 0.000         0.000 / 0.000       ms
[1490.164s][info][gc,stats    ]      Memory: Allocation Rate                                  39 / 130              25 / 136              25 / 148              25 / 148         MB/s
[1490.164s][info][gc,stats    ]      Memory: Out Of Memory                                     0 / 0                 0 / 0                 0 / 0                 0 / 0           ops/s
[1490.164s][info][gc,stats    ]      Memory: Page Cache Flush                                  0 / 0                 0 / 0                 0 / 0                 0 / 0           MB/s
[1490.164s][info][gc,stats    ]      Memory: Page Cache Hit L1                                16 / 37               12 / 40               12 / 78               12 / 78          ops/s
[1490.164s][info][gc,stats    ]      Memory: Page Cache Hit L2                                 0 / 0                 0 / 0                 0 / 0                 0 / 0           ops/s
[1490.164s][info][gc,stats    ]      Memory: Page Cache Hit L3                                 0 / 0                 0 / 0                 0 / 48                0 / 48          ops/s
[1490.164s][info][gc,stats    ]      Memory: Page Cache Miss                                   0 / 0                 0 / 0                 0 / 1                 0 / 1           ops/s
[1490.164s][info][gc,stats    ]      Memory: Uncommit                                          0 / 0                 0 / 0                 0 / 0                 0 / 0           MB/s
[1490.164s][info][gc,stats    ]      Memory: Undo Object Allocation Failed                     0 / 0                 0 / 0                 0 / 1                 0 / 1           ops/s
[1490.164s][info][gc,stats    ]      Memory: Undo Object Allocation Succeeded                  0 / 0                 0 / 0                 0 / 22                0 / 22          ops/s
[1490.164s][info][gc,stats    ]      Memory: Undo Page Allocation                              0 / 0                 0 / 2                 0 / 2                 0 / 2           ops/s
[1490.164s][info][gc,stats    ]       Phase: Concurrent Mark                              20.661 / 20.661       17.157 / 30.623       17.607 / 38.897       17.607 / 38.897      ms
[1490.164s][info][gc,stats    ]       Phase: Concurrent Mark Continue                      0.000 / 0.000         0.000 / 0.000         0.000 / 0.000         0.000 / 0.000       ms
[1490.164s][info][gc,stats    ]       Phase: Concurrent Mark Free                          0.001 / 0.001         0.001 / 0.003         0.001 / 0.004         0.001 / 0.004       ms
[1490.164s][info][gc,stats    ]       Phase: Concurrent Process Non-Strong References     18.254 / 18.254        9.291 / 18.281        9.147 / 18.281        9.147 / 18.281      ms
[1490.164s][info][gc,stats    ]       Phase: Concurrent Relocate                           0.797 / 0.797         0.823 / 1.560         0.946 / 6.891         0.946 / 6.891       ms
[1490.164s][info][gc,stats    ]       Phase: Concurrent Reset Relocation Set               0.003 / 0.003         0.004 / 0.011         0.004 / 0.011         0.004 / 0.011       ms
[1490.164s][info][gc,stats    ]       Phase: Concurrent Select Relocation Set              1.881 / 1.881         1.454 / 2.864         1.544 / 3.477         1.544 / 3.477       ms
[1490.164s][info][gc,stats    ]       Phase: Pause Mark End                                0.013 / 0.013         0.024 / 0.035         0.024 / 0.065         0.024 / 0.065       ms
[1490.164s][info][gc,stats    ]       Phase: Pause Mark Start                              0.006 / 0.006         0.012 / 0.037         0.012 / 0.037         0.012 / 0.037       ms
[1490.164s][info][gc,stats    ]       Phase: Pause Relocate Start                          0.010 / 0.010         0.009 / 0.011         0.009 / 0.019         0.009 / 0.019       ms
[1490.164s][info][gc,stats    ]    Subphase: Concurrent Classes Purge                      1.936 / 1.936         0.429 / 2.073         0.400 / 2.073         0.400 / 2.073       ms
[1490.164s][info][gc,stats    ]    Subphase: Concurrent Classes Unlink                    15.824 / 15.824        8.033 / 15.824        7.889 / 15.824        7.889 / 15.824      ms
[1490.164s][info][gc,stats    ]    Subphase: Concurrent Mark                              15.272 / 20.026       13.849 / 29.925       14.312 / 33.017       14.312 / 33.017      ms
[1490.164s][info][gc,stats    ]    Subphase: Concurrent Mark Try Flush                     0.067 / 0.099         0.133 / 0.331         0.128 / 0.331         0.128 / 0.331       ms
[1490.164s][info][gc,stats    ]    Subphase: Concurrent Mark Try Terminate                 3.207 / 9.584         1.924 / 17.115        1.875 / 17.115        1.875 / 17.115      ms
[1490.164s][info][gc,stats    ]    Subphase: Concurrent References Enqueue                 0.008 / 0.008         0.002 / 0.009         0.002 / 0.010         0.002 / 0.010       ms
[1490.164s][info][gc,stats    ]    Subphase: Concurrent References Process                 0.067 / 0.067         0.133 / 0.276         0.150 / 0.513         0.150 / 0.513       ms
[1490.164s][info][gc,stats    ]    Subphase: Concurrent Roots ClassLoaderDataGraph         0.078 / 0.149         0.138 / 0.358         0.145 / 0.547         0.145 / 0.547       ms
[1490.164s][info][gc,stats    ]    Subphase: Concurrent Roots CodeCache                    0.000 / 0.000         0.000 / 0.000         0.000 / 0.000         0.000 / 0.000       ms
[1490.164s][info][gc,stats    ]    Subphase: Concurrent Roots JavaThreads                  0.359 / 0.398         0.342 / 0.613         0.424 / 5.702         0.424 / 5.702       ms
[1490.164s][info][gc,stats    ]    Subphase: Concurrent Roots OopStorageSet                0.029 / 0.029         0.025 / 0.048         0.027 / 0.085         0.027 / 0.085       ms
[1490.164s][info][gc,stats    ]    Subphase: Concurrent Weak Roots OopStorageSet           0.307 / 0.309         0.481 / 0.708         0.491 / 0.939         0.491 / 0.939       ms
[1490.164s][info][gc,stats    ]    Subphase: Pause Mark Try Complete                       0.000 / 0.000         0.000 / 0.000         0.000 / 0.000         0.000 / 0.000       ms
[1490.164s][info][gc,stats    ]      System: Java Threads                                     27 / 27               32 / 33               32 / 34               32 / 34          threads
[1490.164s][info][gc,stats    ] =========================================================================================================================================================
[1494.266s][info][gc,start    ] GC(90) Garbage Collection (Proactive)
[1494.267s][info][gc,task     ] GC(90) Using 2 workers
[1494.267s][info][gc,phases   ] GC(90) Pause Mark Start 0.010ms
[1494.284s][info][gc,phases   ] GC(90) Concurrent Mark 16.150ms
[1494.284s][info][gc,phases   ] GC(90) Pause Mark End 0.016ms
[1494.284s][info][gc,phases   ] GC(90) Concurrent Mark Free 0.002ms
[1494.293s][info][gc,phases   ] GC(90) Concurrent Process Non-Strong References 8.693ms
[1494.293s][info][gc,phases   ] GC(90) Concurrent Reset Relocation Set 0.002ms
[1494.295s][info][gc,phases   ] GC(90) Concurrent Select Relocation Set 1.347ms
[1494.295s][info][gc,phases   ] GC(90) Pause Relocate Start 0.008ms
[1494.296s][info][gc,phases   ] GC(90) Concurrent Relocate 1.646ms
[1494.296s][info][gc,load     ] GC(90) Load: 0.00/0.00/0.00
[1494.296s][info][gc,mmu      ] GC(90) MMU: 2ms/96.8%, 5ms/98.7%, 10ms/99.2%, 20ms/99.6%, 50ms/99.8%, 100ms/99.9%
[1494.296s][info][gc,marking  ] GC(90) Mark: 2 stripe(s), 3 proactive flush(es), 1 terminate flush(es), 0 completion(s), 0 continuation(s) 
[1494.296s][info][gc,marking  ] GC(90) Mark Stack Usage: 32M
[1494.296s][info][gc,nmethod  ] GC(90) NMethods: 8440 registered, 1340 unregistered
[1494.296s][info][gc,metaspace] GC(90) Metaspace: 32M used, 33M committed, 1088M reserved
[1494.297s][info][gc,ref      ] GC(90) Soft: 4136 encountered, 0 discovered, 0 enqueued
[1494.297s][info][gc,ref      ] GC(90) Weak: 2396 encountered, 479 discovered, 213 enqueued
[1494.297s][info][gc,ref      ] GC(90) Final: 3 encountered, 1 discovered, 0 enqueued
[1494.297s][info][gc,ref      ] GC(90) Phantom: 300 encountered, 243 discovered, 25 enqueued
[1494.297s][info][gc,reloc    ] GC(90) Small Pages: 204 / 408M, Empty: 180M, Relocated: 2M, In-Place: 0
[1494.297s][info][gc,reloc    ] GC(90) Medium Pages: 2 / 64M, Empty: 32M, Relocated: 0M, In-Place: 0
[1494.297s][info][gc,reloc    ] GC(90) Large Pages: 0 / 0M, Empty: 0M, Relocated: 0M, In-Place: 0
[1494.297s][info][gc,reloc    ] GC(90) Forwarding Usage: 0M
[1494.297s][info][gc,heap     ] GC(90) Min Capacity: 4096M(100%)
[1494.297s][info][gc,heap     ] GC(90) Max Capacity: 4096M(100%)
[1494.297s][info][gc,heap     ] GC(90) Soft Max Capacity: 4096M(100%)
[1494.297s][info][gc,heap     ] GC(90)                Mark Start          Mark End        Relocate Start      Relocate End           High               Low         
[1494.297s][info][gc,heap     ] GC(90)  Capacity:     4096M (100%)       4096M (100%)       4096M (100%)       4096M (100%)       4096M (100%)       4096M (100%)   
[1494.297s][info][gc,heap     ] GC(90)      Free:     3624M (88%)        3612M (88%)        3824M (93%)        4032M (98%)        4032M (98%)        3612M (88%)    
[1494.297s][info][gc,heap     ] GC(90)      Used:      472M (12%)         484M (12%)         272M (7%)           64M (2%)          484M (12%)          64M (2%)     
[1494.297s][info][gc,heap     ] GC(90)      Live:         -                17M (0%)           17M (0%)           17M (0%)             -                  -          
[1494.297s][info][gc,heap     ] GC(90) Allocated:         -                12M (0%)           12M (0%)           12M (0%)             -                  -          
[1494.297s][info][gc,heap     ] GC(90)   Garbage:         -               454M (11%)         242M (6%)           34M (1%)             -                  -          
[1494.297s][info][gc,heap     ] GC(90) Reclaimed:         -                  -               212M (5%)          420M (10%)            -                  -          
[1494.297s][info][gc          ] GC(90) Garbage Collection (Proactive) 472M(12%)->64M(2%)
[1500.151s][info][gc,stats    ] === Garbage Collection Statistics =======================================================================================================================
[1500.151s][info][gc,stats    ]                                                              Last 10s              Last 10m              Last 10h                Total
[1500.151s][info][gc,stats    ]                                                              Avg / Max             Avg / Max             Avg / Max             Avg / Max
[1500.151s][info][gc,stats    ]   Collector: Garbage Collection Cycle                     29.932 / 29.932       30.205 / 43.979       30.714 / 54.411       30.714 / 54.411      ms
[1500.151s][info][gc,stats    ]  Contention: Mark Segment Reset Contention                     0 / 0                 0 / 1                 0 / 3                 0 / 3           ops/s
[1500.151s][info][gc,stats    ]  Contention: Mark SeqNum Reset Contention                      0 / 0                 0 / 2                 0 / 2                 0 / 2           ops/s
[1500.151s][info][gc,stats    ]    Critical: Allocation Stall                                  0 / 0                 0 / 0                 0 / 0                 0 / 0           ops/s
[1500.151s][info][gc,stats    ]    Critical: Allocation Stall                              0.000 / 0.000         0.000 / 0.000         0.000 / 0.000         0.000 / 0.000       ms
[1500.151s][info][gc,stats    ]    Critical: GC Locker Stall                                   0 / 0                 0 / 0                 0 / 0                 0 / 0           ops/s
[1500.151s][info][gc,stats    ]    Critical: GC Locker Stall                               0.000 / 0.000         0.000 / 0.000         0.000 / 0.000         0.000 / 0.000       ms
[1500.151s][info][gc,stats    ]    Critical: Relocation Stall                                  0 / 0                 0 / 0                 0 / 0                 0 / 0           ops/s
[1500.151s][info][gc,stats    ]    Critical: Relocation Stall                              0.000 / 0.000         0.000 / 0.000         0.000 / 0.000         0.000 / 0.000       ms
[1500.151s][info][gc,stats    ]      Memory: Allocation Rate                                  27 / 38               25 / 136              25 / 148              25 / 148         MB/s
[1500.151s][info][gc,stats    ]      Memory: Out Of Memory                                     0 / 0                 0 / 0                 0 / 0                 0 / 0           ops/s
[1500.151s][info][gc,stats    ]      Memory: Page Cache Flush                                  0 / 0                 0 / 0                 0 / 0                 0 / 0           MB/s
[1500.151s][info][gc,stats    ]      Memory: Page Cache Hit L1                                13 / 21               12 / 40               12 / 78               12 / 78          ops/s
[1500.151s][info][gc,stats    ]      Memory: Page Cache Hit L2                                 0 / 0                 0 / 0                 0 / 0                 0 / 0           ops/s
[1500.151s][info][gc,stats    ]      Memory: Page Cache Hit L3                                 0 / 0                 0 / 0                 0 / 48                0 / 48          ops/s
[1500.151s][info][gc,stats    ]      Memory: Page Cache Miss                                   0 / 0                 0 / 0                 0 / 1                 0 / 1           ops/s
[1500.151s][info][gc,stats    ]      Memory: Uncommit                                          0 / 0                 0 / 0                 0 / 0                 0 / 0           MB/s
[1500.151s][info][gc,stats    ]      Memory: Undo Object Allocation Failed                     0 / 0                 0 / 0                 0 / 1                 0 / 1           ops/s
[1500.151s][info][gc,stats    ]      Memory: Undo Object Allocation Succeeded                  0 / 0                 0 / 0                 0 / 22                0 / 22          ops/s
[1500.151s][info][gc,stats    ]      Memory: Undo Page Allocation                              0 / 0                 0 / 2                 0 / 2                 0 / 2           ops/s
[1500.151s][info][gc,stats    ]       Phase: Concurrent Mark                              16.150 / 16.150       17.126 / 30.623       17.591 / 38.897       17.591 / 38.897      ms
[1500.151s][info][gc,stats    ]       Phase: Concurrent Mark Continue                      0.000 / 0.000         0.000 / 0.000         0.000 / 0.000         0.000 / 0.000       ms
[1500.151s][info][gc,stats    ]       Phase: Concurrent Mark Free                          0.002 / 0.002         0.001 / 0.003         0.001 / 0.004         0.001 / 0.004       ms
[1500.151s][info][gc,stats    ]       Phase: Concurrent Process Non-Strong References      8.693 / 8.693         9.286 / 18.281        9.142 / 18.281        9.142 / 18.281      ms
[1500.151s][info][gc,stats    ]       Phase: Concurrent Relocate                           1.646 / 1.646         0.849 / 1.646         0.954 / 6.891         0.954 / 6.891       ms
[1500.151s][info][gc,stats    ]       Phase: Concurrent Reset Relocation Set               0.002 / 0.002         0.004 / 0.011         0.004 / 0.011         0.004 / 0.011       ms
[1500.151s][info][gc,stats    ]       Phase: Concurrent Select Relocation Set              1.347 / 1.347         1.458 / 2.864         1.542 / 3.477         1.542 / 3.477       ms
[1500.151s][info][gc,stats    ]       Phase: Pause Mark End                                0.016 / 0.016         0.023 / 0.035         0.024 / 0.065         0.024 / 0.065       ms
[1500.151s][info][gc,stats    ]       Phase: Pause Mark Start                              0.010 / 0.010         0.012 / 0.037         0.012 / 0.037         0.012 / 0.037       ms
[1500.151s][info][gc,stats    ]       Phase: Pause Relocate Start                          0.008 / 0.008         0.009 / 0.011         0.009 / 0.019         0.009 / 0.019       ms
[1500.151s][info][gc,stats    ]    Subphase: Concurrent Classes Purge                      0.321 / 0.321         0.431 / 2.073         0.399 / 2.073         0.399 / 2.073       ms
[1500.151s][info][gc,stats    ]    Subphase: Concurrent Classes Unlink                     7.495 / 7.495         8.020 / 15.824        7.885 / 15.824        7.885 / 15.824      ms
[1500.151s][info][gc,stats    ]    Subphase: Concurrent Mark                              14.230 / 15.590       13.851 / 29.925       14.311 / 33.017       14.311 / 33.017      ms
[1500.151s][info][gc,stats    ]    Subphase: Concurrent Mark Try Flush                     0.091 / 0.153         0.131 / 0.331         0.128 / 0.331         0.128 / 0.331       ms
[1500.151s][info][gc,stats    ]    Subphase: Concurrent Mark Try Terminate                 1.148 / 3.415         1.911 / 17.115        1.867 / 17.115        1.867 / 17.115      ms
[1500.151s][info][gc,stats    ]    Subphase: Concurrent References Enqueue                 0.006 / 0.006         0.002 / 0.009         0.002 / 0.010         0.002 / 0.010       ms
[1500.151s][info][gc,stats    ]    Subphase: Concurrent References Process                 0.161 / 0.161         0.135 / 0.276         0.150 / 0.513         0.150 / 0.513       ms
[1500.151s][info][gc,stats    ]    Subphase: Concurrent Roots ClassLoaderDataGraph         0.083 / 0.147         0.135 / 0.356         0.144 / 0.547         0.144 / 0.547       ms
[1500.151s][info][gc,stats    ]    Subphase: Concurrent Roots CodeCache                    0.000 / 0.000         0.000 / 0.000         0.000 / 0.000         0.000 / 0.000       ms
[1500.151s][info][gc,stats    ]    Subphase: Concurrent Roots JavaThreads                  0.218 / 0.282         0.337 / 0.613         0.422 / 5.702         0.422 / 5.702       ms
[1500.151s][info][gc,stats    ]    Subphase: Concurrent Roots OopStorageSet                0.027 / 0.027         0.025 / 0.048         0.027 / 0.085         0.027 / 0.085       ms
[1500.151s][info][gc,stats    ]    Subphase: Concurrent Weak Roots OopStorageSet           0.499 / 0.503         0.485 / 0.708         0.491 / 0.939         0.491 / 0.939       ms
[1500.151s][info][gc,stats    ]    Subphase: Pause Mark Try Complete                       0.000 / 0.000         0.000 / 0.000         0.000 / 0.000         0.000 / 0.000       ms
[1500.151s][info][gc,stats    ]      System: Java Threads                                     33 / 33               32 / 33               32 / 34               32 / 34          threads
[1500.151s][info][gc,stats    ] =========================================================================================================================================================
[1510.161s][info][gc,stats    ] === Garbage Collection Statistics =======================================================================================================================
[1510.161s][info][gc,start    ] GC(91) Garbage Collection (Proactive)
[1510.161s][info][gc,stats    ]                                                              Last 10s              Last 10m              Last 10h                Total
[1510.161s][info][gc,task     ] GC(91) Using 2 workers
[1510.161s][info][gc,stats    ]                                                              Avg / Max             Avg / Max             Avg / Max             Avg / Max
[1510.161s][info][gc,stats    ]   Collector: Garbage Collection Cycle                      0.000 / 0.000        30.205 / 43.979       30.714 / 54.411       30.714 / 54.411      ms
[1510.161s][info][gc,stats    ]  Contention: Mark Segment Reset Contention                     0 / 0                 0 / 1                 0 / 3                 0 / 3           ops/s
[1510.161s][info][gc,stats    ]  Contention: Mark SeqNum Reset Contention                      0 / 0                 0 / 2                 0 / 2                 0 / 2           ops/s
[1510.161s][info][gc,phases   ] GC(91) Pause Mark Start 0.006ms
[1510.161s][info][gc,stats    ]    Critical: Allocation Stall                                  0 / 0                 0 / 0                 0 / 0                 0 / 0           ops/s
[1510.161s][info][gc,stats    ]    Critical: Allocation Stall                              0.000 / 0.000         0.000 / 0.000         0.000 / 0.000         0.000 / 0.000       ms
[1510.161s][info][gc,stats    ]    Critical: GC Locker Stall                                   0 / 0                 0 / 0                 0 / 0                 0 / 0           ops/s
[1510.161s][info][gc,stats    ]    Critical: GC Locker Stall                               0.000 / 0.000         0.000 / 0.000         0.000 / 0.000         0.000 / 0.000       ms
[1510.161s][info][gc,stats    ]    Critical: Relocation Stall                                  0 / 0                 0 / 0                 0 / 0                 0 / 0           ops/s
[1510.161s][info][gc,stats    ]    Critical: Relocation Stall                              0.000 / 0.000         0.000 / 0.000         0.000 / 0.000         0.000 / 0.000       ms
[1510.161s][info][gc,stats    ]      Memory: Allocation Rate                                  26 / 30               25 / 136              25 / 148              25 / 148         MB/s
[1510.161s][info][gc,stats    ]      Memory: Out Of Memory                                     0 / 0                 0 / 0                 0 / 0                 0 / 0           ops/s
[1510.161s][info][gc,stats    ]      Memory: Page Cache Flush                                  0 / 0                 0 / 0                 0 / 0                 0 / 0           MB/s
[1510.161s][info][gc,stats    ]      Memory: Page Cache Hit L1                                13 / 15               12 / 40               12 / 78               12 / 78          ops/s
[1510.161s][info][gc,stats    ]      Memory: Page Cache Hit L2                                 0 / 0                 0 / 0                 0 / 0                 0 / 0           ops/s
[1510.161s][info][gc,stats    ]      Memory: Page Cache Hit L3                                 0 / 0                 0 / 0                 0 / 48                0 / 48          ops/s
[1510.161s][info][gc,stats    ]      Memory: Page Cache Miss                                   0 / 0                 0 / 0                 0 / 1                 0 / 1           ops/s
[1510.161s][info][gc,stats    ]      Memory: Uncommit                                          0 / 0                 0 / 0                 0 / 0                 0 / 0           MB/s
[1510.161s][info][gc,stats    ]      Memory: Undo Object Allocation Failed                     0 / 0                 0 / 0                 0 / 1                 0 / 1           ops/s
[1510.161s][info][gc,stats    ]      Memory: Undo Object Allocation Succeeded                  0 / 0                 0 / 0                 0 / 22                0 / 22          ops/s
[1510.161s][info][gc,stats    ]      Memory: Undo Page Allocation                              0 / 0                 0 / 2                 0 / 2                 0 / 2           ops/s
[1510.161s][info][gc,stats    ]       Phase: Concurrent Mark                               0.000 / 0.000        17.126 / 30.623       17.591 / 38.897       17.591 / 38.897      ms
[1510.161s][info][gc,stats    ]       Phase: Concurrent Mark Continue                      0.000 / 0.000         0.000 / 0.000         0.000 / 0.000         0.000 / 0.000       ms
[1510.161s][info][gc,stats    ]       Phase: Concurrent Mark Free                          0.000 / 0.000         0.001 / 0.003         0.001 / 0.004         0.001 / 0.004       ms
[1510.161s][info][gc,stats    ]       Phase: Concurrent Process Non-Strong References      0.000 / 0.000         9.286 / 18.281        9.142 / 18.281        9.142 / 18.281      ms
[1510.161s][info][gc,stats    ]       Phase: Concurrent Relocate                           0.000 / 0.000         0.849 / 1.646         0.954 / 6.891         0.954 / 6.891       ms
[1510.161s][info][gc,stats    ]       Phase: Concurrent Reset Relocation Set               0.000 / 0.000         0.004 / 0.011         0.004 / 0.011         0.004 / 0.011       ms
[1510.161s][info][gc,stats    ]       Phase: Concurrent Select Relocation Set              0.000 / 0.000         1.458 / 2.864         1.542 / 3.477         1.542 / 3.477       ms
[1510.161s][info][gc,stats    ]       Phase: Pause Mark End                                0.000 / 0.000         0.023 / 0.035         0.024 / 0.065         0.024 / 0.065       ms
[1510.161s][info][gc,stats    ]       Phase: Pause Mark Start                              0.000 / 0.000         0.012 / 0.037         0.012 / 0.037         0.012 / 0.037       ms
[1510.161s][info][gc,stats    ]       Phase: Pause Relocate Start                          0.000 / 0.000         0.009 / 0.011         0.009 / 0.019         0.009 / 0.019       ms
[1510.161s][info][gc,stats    ]    Subphase: Concurrent Classes Purge                      0.000 / 0.000         0.431 / 2.073         0.399 / 2.073         0.399 / 2.073       ms
[1510.161s][info][gc,stats    ]    Subphase: Concurrent Classes Unlink                     0.000 / 0.000         8.020 / 15.824        7.885 / 15.824        7.885 / 15.824      ms
[1510.161s][info][gc,stats    ]    Subphase: Concurrent Mark                               0.000 / 0.000        13.851 / 29.925       14.311 / 33.017       14.311 / 33.017      ms
[1510.161s][info][gc,stats    ]    Subphase: Concurrent Mark Try Flush                     0.000 / 0.000         0.131 / 0.331         0.128 / 0.331         0.128 / 0.331       ms
[1510.161s][info][gc,stats    ]    Subphase: Concurrent Mark Try Terminate                 0.000 / 0.000         1.911 / 17.115        1.867 / 17.115        1.867 / 17.115      ms
[1510.162s][info][gc,stats    ]    Subphase: Concurrent References Enqueue                 0.000 / 0.000         0.002 / 0.009         0.002 / 0.010         0.002 / 0.010       ms
[1510.162s][info][gc,stats    ]    Subphase: Concurrent References Process                 0.000 / 0.000         0.135 / 0.276         0.150 / 0.513         0.150 / 0.513       ms
[1510.162s][info][gc,stats    ]    Subphase: Concurrent Roots ClassLoaderDataGraph         0.000 / 0.000         0.135 / 0.356         0.144 / 0.547         0.144 / 0.547       ms
[1510.162s][info][gc,stats    ]    Subphase: Concurrent Roots CodeCache                    0.000 / 0.000         0.000 / 0.000         0.000 / 0.000         0.000 / 0.000       ms
[1510.162s][info][gc,stats    ]    Subphase: Concurrent Roots JavaThreads                  0.000 / 0.000         0.337 / 0.613         0.422 / 5.702         0.422 / 5.702       ms
[1510.162s][info][gc,stats    ]    Subphase: Concurrent Roots OopStorageSet                0.000 / 0.000         0.025 / 0.048         0.027 / 0.085         0.027 / 0.085       ms
[1510.162s][info][gc,stats    ]    Subphase: Concurrent Weak Roots OopStorageSet           0.000 / 0.000         0.485 / 0.708         0.491 / 0.939         0.491 / 0.939       ms
[1510.162s][info][gc,stats    ]    Subphase: Pause Mark Try Complete                       0.000 / 0.000         0.000 / 0.000         0.000 / 0.000         0.000 / 0.000       ms
[1510.162s][info][gc,stats    ]      System: Java Threads                                      0 / 0                32 / 33               32 / 34               32 / 34          threads
[1510.162s][info][gc,stats    ] =========================================================================================================================================================
[1510.177s][info][gc,phases   ] GC(91) Concurrent Mark 15.751ms
[1510.177s][info][gc,phases   ] GC(91) Pause Mark End 0.018ms
[1510.178s][info][gc,phases   ] GC(91) Concurrent Mark Free 0.001ms
[1510.187s][info][gc,phases   ] GC(91) Concurrent Process Non-Strong References 9.296ms
[1510.187s][info][gc,phases   ] GC(91) Concurrent Reset Relocation Set 0.007ms
[1510.188s][info][gc,phases   ] GC(91) Concurrent Select Relocation Set 1.347ms
[1510.188s][info][gc,phases   ] GC(91) Pause Relocate Start 0.010ms
[1510.189s][info][gc,phases   ] GC(91) Concurrent Relocate 0.836ms
[1510.189s][info][gc,load     ] GC(91) Load: 0.00/0.00/0.00
[1510.189s][info][gc,mmu      ] GC(91) MMU: 2ms/96.8%, 5ms/98.7%, 10ms/99.2%, 20ms/99.6%, 50ms/99.8%, 100ms/99.9%
[1510.189s][info][gc,marking  ] GC(91) Mark: 2 stripe(s), 2 proactive flush(es), 1 terminate flush(es), 0 completion(s), 0 continuation(s) 
[1510.189s][info][gc,marking  ] GC(91) Mark Stack Usage: 32M
[1510.189s][info][gc,nmethod  ] GC(91) NMethods: 8544 registered, 1340 unregistered
[1510.189s][info][gc,metaspace] GC(91) Metaspace: 33M used, 33M committed, 1088M reserved
[1510.189s][info][gc,ref      ] GC(91) Soft: 4136 encountered, 0 discovered, 0 enqueued
[1510.189s][info][gc,ref      ] GC(91) Weak: 2186 encountered, 170 discovered, 0 enqueued
[1510.189s][info][gc,ref      ] GC(91) Final: 3 encountered, 0 discovered, 0 enqueued
[1510.189s][info][gc,ref      ] GC(91) Phantom: 279 encountered, 216 discovered, 0 enqueued
[1510.189s][info][gc,reloc    ] GC(91) Small Pages: 222 / 444M, Empty: 314M, Relocated: 1M, In-Place: 0
[1510.189s][info][gc,reloc    ] GC(91) Medium Pages: 1 / 32M, Empty: 0M, Relocated: 0M, In-Place: 0
[1510.190s][info][gc,reloc    ] GC(91) Large Pages: 0 / 0M, Empty: 0M, Relocated: 0M, In-Place: 0
[1510.190s][info][gc,reloc    ] GC(91) Forwarding Usage: 0M
[1510.190s][info][gc,heap     ] GC(91) Min Capacity: 4096M(100%)
[1510.190s][info][gc,heap     ] GC(91) Max Capacity: 4096M(100%)
[1510.190s][info][gc,heap     ] GC(91) Soft Max Capacity: 4096M(100%)
[1510.190s][info][gc,heap     ] GC(91)                Mark Start          Mark End        Relocate Start      Relocate End           High               Low         
[1510.190s][info][gc,heap     ] GC(91)  Capacity:     4096M (100%)       4096M (100%)       4096M (100%)       4096M (100%)       4096M (100%)       4096M (100%)   
[1510.190s][info][gc,heap     ] GC(91)      Free:     3620M (88%)        3608M (88%)        3922M (96%)        4030M (98%)        4030M (98%)        3608M (88%)    
[1510.190s][info][gc,heap     ] GC(91)      Used:      476M (12%)         488M (12%)         174M (4%)           66M (2%)          488M (12%)          66M (2%)     
[1510.190s][info][gc,heap     ] GC(91)      Live:         -                17M (0%)           17M (0%)           17M (0%)             -                  -          
[1510.190s][info][gc,heap     ] GC(91) Allocated:         -                12M (0%)           12M (0%)           12M (0%)             -                  -          
[1510.190s][info][gc,heap     ] GC(91)   Garbage:         -               458M (11%)         144M (4%)           36M (1%)             -                  -          
[1510.190s][info][gc,heap     ] GC(91) Reclaimed:         -                  -               314M (8%)          422M (10%)            -                  -          
[1510.190s][info][gc          ] GC(91) Garbage Collection (Proactive) 476M(12%)->66M(2%)
[1520.162s][info][gc,stats    ] === Garbage Collection Statistics =======================================================================================================================
[1520.162s][info][gc,stats    ]                                                              Last 10s              Last 10m              Last 10h                Total
[1520.162s][info][gc,stats    ]                                                              Avg / Max             Avg / Max             Avg / Max             Avg / Max
[1520.162s][info][gc,stats    ]   Collector: Garbage Collection Cycle                     28.857 / 28.857       30.201 / 43.979       30.694 / 54.411       30.694 / 54.411      ms
[1520.162s][info][gc,stats    ]  Contention: Mark Segment Reset Contention                     0 / 0                 0 / 1                 0 / 3                 0 / 3           ops/s
[1520.162s][info][gc,stats    ]  Contention: Mark SeqNum Reset Contention                      0 / 0                 0 / 2                 0 / 2                 0 / 2           ops/s
[1520.162s][info][gc,stats    ]    Critical: Allocation Stall                                  0 / 0                 0 / 0                 0 / 0                 0 / 0           ops/s
[1520.162s][info][gc,stats    ]    Critical: Allocation Stall                              0.000 / 0.000         0.000 / 0.000         0.000 / 0.000         0.000 / 0.000       ms
[1520.162s][info][gc,stats    ]    Critical: GC Locker Stall                                   0 / 0                 0 / 0                 0 / 0                 0 / 0           ops/s
[1520.162s][info][gc,stats    ]    Critical: GC Locker Stall                               0.000 / 0.000         0.000 / 0.000         0.000 / 0.000         0.000 / 0.000       ms
[1520.162s][info][gc,stats    ]    Critical: Relocation Stall                                  0 / 0                 0 / 0                 0 / 0                 0 / 0           ops/s
[1520.162s][info][gc,stats    ]    Critical: Relocation Stall                              0.000 / 0.000         0.000 / 0.000         0.000 / 0.000         0.000 / 0.000       ms
[1520.162s][info][gc,stats    ]      Memory: Allocation Rate                                  27 / 34               25 / 136              25 / 148              25 / 148         MB/s
[1520.162s][info][gc,stats    ]      Memory: Out Of Memory                                     0 / 0                 0 / 0                 0 / 0                 0 / 0           ops/s
[1520.162s][info][gc,stats    ]      Memory: Page Cache Flush                                  0 / 0                 0 / 0                 0 / 0                 0 / 0           MB/s
[1520.162s][info][gc,stats    ]      Memory: Page Cache Hit L1                                13 / 19               12 / 40               12 / 78               12 / 78          ops/s
[1520.162s][info][gc,stats    ]      Memory: Page Cache Hit L2                                 0 / 0                 0 / 0                 0 / 0                 0 / 0           ops/s
[1520.162s][info][gc,stats    ]      Memory: Page Cache Hit L3                                 0 / 0                 0 / 0                 0 / 48                0 / 48          ops/s
[1520.162s][info][gc,stats    ]      Memory: Page Cache Miss                                   0 / 0                 0 / 0                 0 / 1                 0 / 1           ops/s
[1520.162s][info][gc,stats    ]      Memory: Uncommit                                          0 / 0                 0 / 0                 0 / 0                 0 / 0           MB/s
[1520.162s][info][gc,stats    ]      Memory: Undo Object Allocation Failed                     0 / 0                 0 / 0                 0 / 1                 0 / 1           ops/s
[1520.162s][info][gc,stats    ]      Memory: Undo Object Allocation Succeeded                  0 / 0                 0 / 0                 0 / 22                0 / 22          ops/s
[1520.162s][info][gc,stats    ]      Memory: Undo Page Allocation                              0 / 0                 0 / 2                 0 / 2                 0 / 2           ops/s
[1520.162s][info][gc,stats    ]       Phase: Concurrent Mark                              15.751 / 15.751       17.114 / 30.623       17.571 / 38.897       17.571 / 38.897      ms
[1520.162s][info][gc,stats    ]       Phase: Concurrent Mark Continue                      0.000 / 0.000         0.000 / 0.000         0.000 / 0.000         0.000 / 0.000       ms
[1520.162s][info][gc,stats    ]       Phase: Concurrent Mark Free                          0.001 / 0.001         0.001 / 0.003         0.001 / 0.004         0.001 / 0.004       ms
[1520.162s][info][gc,stats    ]       Phase: Concurrent Process Non-Strong References      9.296 / 9.296         9.304 / 18.281        9.144 / 18.281        9.144 / 18.281      ms
[1520.162s][info][gc,stats    ]       Phase: Concurrent Relocate                           0.836 / 0.836         0.842 / 1.646         0.953 / 6.891         0.953 / 6.891       ms
[1520.162s][info][gc,stats    ]       Phase: Concurrent Reset Relocation Set               0.007 / 0.007         0.004 / 0.011         0.004 / 0.011         0.004 / 0.011       ms
[1520.162s][info][gc,stats    ]       Phase: Concurrent Select Relocation Set              1.347 / 1.347         1.458 / 2.864         1.540 / 3.477         1.540 / 3.477       ms
[1520.162s][info][gc,stats    ]       Phase: Pause Mark End                                0.018 / 0.018         0.023 / 0.035         0.024 / 0.065         0.024 / 0.065       ms
[1520.162s][info][gc,stats    ]       Phase: Pause Mark Start                              0.006 / 0.006         0.011 / 0.037         0.011 / 0.037         0.011 / 0.037       ms
[1520.162s][info][gc,stats    ]       Phase: Pause Relocate Start                          0.010 / 0.010         0.009 / 0.011         0.009 / 0.019         0.009 / 0.019       ms
[1520.162s][info][gc,stats    ]    Subphase: Concurrent Classes Purge                      0.300 / 0.300         0.431 / 2.073         0.398 / 2.073         0.398 / 2.073       ms
[1520.162s][info][gc,stats    ]    Subphase: Concurrent Classes Unlink                     8.058 / 8.058         8.037 / 15.824        7.887 / 15.824        7.887 / 15.824      ms
[1520.162s][info][gc,stats    ]    Subphase: Concurrent Mark                              13.727 / 15.136       13.866 / 29.925       14.304 / 33.017       14.304 / 33.017      ms
[1520.162s][info][gc,stats    ]    Subphase: Concurrent Mark Try Flush                     0.106 / 0.171         0.130 / 0.331         0.127 / 0.331         0.127 / 0.331       ms
[1520.162s][info][gc,stats    ]    Subphase: Concurrent Mark Try Terminate                 1.082 / 3.192         1.894 / 17.115        1.858 / 17.115        1.858 / 17.115      ms
[1520.162s][info][gc,stats    ]    Subphase: Concurrent References Enqueue                 0.000 / 0.000         0.002 / 0.009         0.002 / 0.010         0.002 / 0.010       ms
[1520.162s][info][gc,stats    ]    Subphase: Concurrent References Process                 0.086 / 0.086         0.133 / 0.276         0.149 / 0.513         0.149 / 0.513       ms
[1520.162s][info][gc,stats    ]    Subphase: Concurrent Roots ClassLoaderDataGraph         0.169 / 0.169         0.135 / 0.356         0.144 / 0.547         0.144 / 0.547       ms
[1520.162s][info][gc,stats    ]    Subphase: Concurrent Roots CodeCache                    0.000 / 0.000         0.000 / 0.000         0.000 / 0.000         0.000 / 0.000       ms
[1520.162s][info][gc,stats    ]    Subphase: Concurrent Roots JavaThreads                  0.311 / 0.312         0.337 / 0.613         0.420 / 5.702         0.420 / 5.702       ms
[1520.162s][info][gc,stats    ]    Subphase: Concurrent Roots OopStorageSet                0.027 / 0.027         0.025 / 0.048         0.027 / 0.085         0.027 / 0.085       ms
[1520.162s][info][gc,stats    ]    Subphase: Concurrent Weak Roots OopStorageSet           0.687 / 0.689         0.490 / 0.708         0.493 / 0.939         0.493 / 0.939       ms
[1520.162s][info][gc,stats    ]    Subphase: Pause Mark Try Complete                       0.000 / 0.000         0.000 / 0.000         0.000 / 0.000         0.000 / 0.000       ms
[1520.162s][info][gc,stats    ]      System: Java Threads                                     33 / 33               32 / 33               32 / 34               32 / 34          threads
[1520.162s][info][gc,stats    ] =========================================================================================================================================================
[1525.859s][info][gc,start    ] GC(92) Garbage Collection (Proactive)
[1525.859s][info][gc,task     ] GC(92) Using 2 workers
[1525.860s][info][gc,phases   ] GC(92) Pause Mark Start 0.009ms
[1525.876s][info][gc,phases   ] GC(92) Concurrent Mark 16.392ms
[1525.876s][info][gc,phases   ] GC(92) Pause Mark End 0.020ms
[1525.876s][info][gc,phases   ] GC(92) Concurrent Mark Free 0.002ms
[1525.885s][info][gc,phases   ] GC(92) Concurrent Process Non-Strong References 8.953ms
[1525.885s][info][gc,phases   ] GC(92) Concurrent Reset Relocation Set 0.004ms
[1525.887s][info][gc,phases   ] GC(92) Concurrent Select Relocation Set 1.237ms
[1525.887s][info][gc,phases   ] GC(92) Pause Relocate Start 0.011ms
[1525.888s][info][gc,phases   ] GC(92) Concurrent Relocate 0.670ms
[1525.888s][info][gc,load     ] GC(92) Load: 0.00/0.00/0.00
[1525.888s][info][gc,mmu      ] GC(92) MMU: 2ms/96.8%, 5ms/98.7%, 10ms/99.2%, 20ms/99.6%, 50ms/99.8%, 100ms/99.9%
[1525.888s][info][gc,marking  ] GC(92) Mark: 2 stripe(s), 2 proactive flush(es), 1 terminate flush(es), 0 completion(s), 0 continuation(s) 
[1525.888s][info][gc,marking  ] GC(92) Mark Stack Usage: 32M
[1525.888s][info][gc,nmethod  ] GC(92) NMethods: 8626 registered, 1340 unregistered
[1525.888s][info][gc,metaspace] GC(92) Metaspace: 33M used, 33M committed, 1088M reserved
[1525.888s][info][gc,ref      ] GC(92) Soft: 4136 encountered, 0 discovered, 0 enqueued
[1525.888s][info][gc,ref      ] GC(92) Weak: 2186 encountered, 296 discovered, 0 enqueued
[1525.888s][info][gc,ref      ] GC(92) Final: 3 encountered, 0 discovered, 0 enqueued
[1525.888s][info][gc,ref      ] GC(92) Phantom: 279 encountered, 215 discovered, 0 enqueued
[1525.888s][info][gc,reloc    ] GC(92) Small Pages: 224 / 448M, Empty: 332M, Relocated: 1M, In-Place: 0
[1525.888s][info][gc,reloc    ] GC(92) Medium Pages: 1 / 32M, Empty: 0M, Relocated: 0M, In-Place: 0
[1525.888s][info][gc,reloc    ] GC(92) Large Pages: 0 / 0M, Empty: 0M, Relocated: 0M, In-Place: 0
[1525.888s][info][gc,reloc    ] GC(92) Forwarding Usage: 0M
[1525.888s][info][gc,heap     ] GC(92) Min Capacity: 4096M(100%)
[1525.888s][info][gc,heap     ] GC(92) Max Capacity: 4096M(100%)
[1525.888s][info][gc,heap     ] GC(92) Soft Max Capacity: 4096M(100%)
[1525.888s][info][gc,heap     ] GC(92)                Mark Start          Mark End        Relocate Start      Relocate End           High               Low         
[1525.888s][info][gc,heap     ] GC(92)  Capacity:     4096M (100%)       4096M (100%)       4096M (100%)       4096M (100%)       4096M (100%)       4096M (100%)   
[1525.888s][info][gc,heap     ] GC(92)      Free:     3616M (88%)        3606M (88%)        3936M (96%)        4030M (98%)        4030M (98%)        3604M (88%)    
[1525.888s][info][gc,heap     ] GC(92)      Used:      480M (12%)         490M (12%)         160M (4%)           66M (2%)          492M (12%)          66M (2%)     
[1525.888s][info][gc,heap     ] GC(92)      Live:         -                17M (0%)           17M (0%)           17M (0%)             -                  -          
[1525.888s][info][gc,heap     ] GC(92) Allocated:         -                10M (0%)           12M (0%)           12M (0%)             -                  -          
[1525.888s][info][gc,heap     ] GC(92)   Garbage:         -               462M (11%)         130M (3%)           36M (1%)             -                  -          
[1525.888s][info][gc,heap     ] GC(92) Reclaimed:         -                  -               332M (8%)          426M (10%)            -                  -          
[1525.888s][info][gc          ] GC(92) Garbage Collection (Proactive) 480M(12%)->66M(2%)
[1530.158s][info][gc,stats    ] === Garbage Collection Statistics =======================================================================================================================
[1530.158s][info][gc,stats    ]                                                              Last 10s              Last 10m              Last 10h                Total
[1530.158s][info][gc,stats    ]                                                              Avg / Max             Avg / Max             Avg / Max             Avg / Max
[1530.158s][info][gc,stats    ]   Collector: Garbage Collection Cycle                     28.184 / 28.184       30.148 / 43.979       30.667 / 54.411       30.667 / 54.411      ms
[1530.158s][info][gc,stats    ]  Contention: Mark Segment Reset Contention                     0 / 0                 0 / 1                 0 / 3                 0 / 3           ops/s
[1530.158s][info][gc,stats    ]  Contention: Mark SeqNum Reset Contention                      0 / 0                 0 / 2                 0 / 2                 0 / 2           ops/s
[1530.158s][info][gc,stats    ]    Critical: Allocation Stall                                  0 / 0                 0 / 0                 0 / 0                 0 / 0           ops/s
[1530.158s][info][gc,stats    ]    Critical: Allocation Stall                              0.000 / 0.000         0.000 / 0.000         0.000 / 0.000         0.000 / 0.000       ms
[1530.158s][info][gc,stats    ]    Critical: GC Locker Stall                                   0 / 0                 0 / 0                 0 / 0                 0 / 0           ops/s
[1530.158s][info][gc,stats    ]    Critical: GC Locker Stall                               0.000 / 0.000         0.000 / 0.000         0.000 / 0.000         0.000 / 0.000       ms
[1530.158s][info][gc,stats    ]    Critical: Relocation Stall                                  0 / 0                 0 / 0                 0 / 0                 0 / 0           ops/s
[1530.158s][info][gc,stats    ]    Critical: Relocation Stall                              0.000 / 0.000         0.000 / 0.000         0.000 / 0.000         0.000 / 0.000       ms
[1530.158s][info][gc,stats    ]      Memory: Allocation Rate                                  27 / 38               25 / 136              25 / 148              25 / 148         MB/s
[1530.158s][info][gc,stats    ]      Memory: Out Of Memory                                     0 / 0                 0 / 0                 0 / 0                 0 / 0           ops/s
[1530.158s][info][gc,stats    ]      Memory: Page Cache Flush                                  0 / 0                 0 / 0                 0 / 0                 0 / 0           MB/s
[1530.158s][info][gc,stats    ]      Memory: Page Cache Hit L1                                14 / 21               12 / 40               12 / 78               12 / 78          ops/s
[1530.158s][info][gc,stats    ]      Memory: Page Cache Hit L2                                 0 / 0                 0 / 0                 0 / 0                 0 / 0           ops/s
[1530.158s][info][gc,stats    ]      Memory: Page Cache Hit L3                                 0 / 0                 0 / 0                 0 / 48                0 / 48          ops/s
[1530.158s][info][gc,stats    ]      Memory: Page Cache Miss                                   0 / 0                 0 / 0                 0 / 1                 0 / 1           ops/s
[1530.158s][info][gc,stats    ]      Memory: Uncommit                                          0 / 0                 0 / 0                 0 / 0                 0 / 0           MB/s
[1530.158s][info][gc,stats    ]      Memory: Undo Object Allocation Failed                     0 / 0                 0 / 0                 0 / 1                 0 / 1           ops/s
[1530.158s][info][gc,stats    ]      Memory: Undo Object Allocation Succeeded                  0 / 0                 0 / 0                 0 / 22                0 / 22          ops/s
[1530.158s][info][gc,stats    ]      Memory: Undo Page Allocation                              0 / 1                 0 / 2                 0 / 2                 0 / 2           ops/s
[1530.158s][info][gc,stats    ]       Phase: Concurrent Mark                              16.392 / 16.392       17.095 / 30.623       17.558 / 38.897       17.558 / 38.897      ms
[1530.158s][info][gc,stats    ]       Phase: Concurrent Mark Continue                      0.000 / 0.000         0.000 / 0.000         0.000 / 0.000         0.000 / 0.000       ms
[1530.158s][info][gc,stats    ]       Phase: Concurrent Mark Free                          0.002 / 0.002         0.001 / 0.003         0.001 / 0.004         0.001 / 0.004       ms
[1530.158s][info][gc,stats    ]       Phase: Concurrent Process Non-Strong References      8.953 / 8.953         9.295 / 18.281        9.142 / 18.281        9.142 / 18.281      ms
[1530.158s][info][gc,stats    ]       Phase: Concurrent Relocate                           0.670 / 0.670         0.837 / 1.646         0.950 / 6.891         0.950 / 6.891       ms
[1530.158s][info][gc,stats    ]       Phase: Concurrent Reset Relocation Set               0.004 / 0.004         0.004 / 0.011         0.004 / 0.011         0.004 / 0.011       ms
[1530.158s][info][gc,stats    ]       Phase: Concurrent Select Relocation Set              1.237 / 1.237         1.452 / 2.864         1.537 / 3.477         1.537 / 3.477       ms
[1530.158s][info][gc,stats    ]       Phase: Pause Mark End                                0.020 / 0.020         0.023 / 0.035         0.024 / 0.065         0.024 / 0.065       ms
[1530.158s][info][gc,stats    ]       Phase: Pause Mark Start                              0.009 / 0.009         0.011 / 0.037         0.011 / 0.037         0.011 / 0.037       ms
[1530.158s][info][gc,stats    ]       Phase: Pause Relocate Start                          0.011 / 0.011         0.009 / 0.011         0.009 / 0.019         0.009 / 0.019       ms
[1530.159s][info][gc,stats    ]    Subphase: Concurrent Classes Purge                      0.297 / 0.297         0.428 / 2.073         0.397 / 2.073         0.397 / 2.073       ms
[1530.159s][info][gc,stats    ]    Subphase: Concurrent Classes Unlink                     7.922 / 7.922         8.034 / 15.824        7.887 / 15.824        7.887 / 15.824      ms
[1530.159s][info][gc,stats    ]    Subphase: Concurrent Mark                              13.089 / 15.384       13.846 / 29.925       14.291 / 33.017       14.291 / 33.017      ms
[1530.159s][info][gc,stats    ]    Subphase: Concurrent Mark Try Flush                     0.121 / 0.174         0.130 / 0.331         0.127 / 0.331         0.127 / 0.331       ms
[1530.159s][info][gc,stats    ]    Subphase: Concurrent Mark Try Terminate                 1.681 / 4.971         1.889 / 17.115        1.857 / 17.115        1.857 / 17.115      ms
[1530.159s][info][gc,stats    ]    Subphase: Concurrent References Enqueue                 0.001 / 0.001         0.002 / 0.009         0.002 / 0.010         0.002 / 0.010       ms
[1530.159s][info][gc,stats    ]    Subphase: Concurrent References Process                 0.102 / 0.102         0.133 / 0.276         0.149 / 0.513         0.149 / 0.513       ms
[1530.159s][info][gc,stats    ]    Subphase: Concurrent Roots ClassLoaderDataGraph         0.144 / 0.259         0.135 / 0.356         0.144 / 0.547         0.144 / 0.547       ms
[1530.159s][info][gc,stats    ]    Subphase: Concurrent Roots CodeCache                    0.000 / 0.000         0.000 / 0.000         0.000 / 0.000         0.000 / 0.000       ms
[1530.159s][info][gc,stats    ]    Subphase: Concurrent Roots JavaThreads                  0.570 / 0.687         0.343 / 0.687         0.422 / 5.702         0.422 / 5.702       ms
[1530.159s][info][gc,stats    ]    Subphase: Concurrent Roots OopStorageSet                0.022 / 0.027         0.025 / 0.048         0.027 / 0.085         0.027 / 0.085       ms
[1530.159s][info][gc,stats    ]    Subphase: Concurrent Weak Roots OopStorageSet           0.420 / 0.420         0.488 / 0.708         0.492 / 0.939         0.492 / 0.939       ms
[1530.159s][info][gc,stats    ]    Subphase: Pause Mark Try Complete                       0.000 / 0.000         0.000 / 0.000         0.000 / 0.000         0.000 / 0.000       ms
[1530.159s][info][gc,stats    ]      System: Java Threads                                     33 / 33               32 / 33               32 / 34               32 / 34          threads
[1530.159s][info][gc,stats    ] =========================================================================================================================================================
[1540.154s][info][gc,stats    ] === Garbage Collection Statistics =======================================================================================================================
[1540.154s][info][gc,stats    ]                                                              Last 10s              Last 10m              Last 10h                Total
[1540.154s][info][gc,stats    ]                                                              Avg / Max             Avg / Max             Avg / Max             Avg / Max
[1540.154s][info][gc,stats    ]   Collector: Garbage Collection Cycle                      0.000 / 0.000        30.166 / 43.979       30.667 / 54.411       30.667 / 54.411      ms
[1540.154s][info][gc,stats    ]  Contention: Mark Segment Reset Contention                     0 / 0                 0 / 1                 0 / 3                 0 / 3           ops/s
[1540.154s][info][gc,stats    ]  Contention: Mark SeqNum Reset Contention                      0 / 0                 0 / 2                 0 / 2                 0 / 2           ops/s
[1540.154s][info][gc,stats    ]    Critical: Allocation Stall                                  0 / 0                 0 / 0                 0 / 0                 0 / 0           ops/s
[1540.154s][info][gc,stats    ]    Critical: Allocation Stall                              0.000 / 0.000         0.000 / 0.000         0.000 / 0.000         0.000 / 0.000       ms
[1540.154s][info][gc,stats    ]    Critical: GC Locker Stall                                   0 / 0                 0 / 0                 0 / 0                 0 / 0           ops/s
[1540.154s][info][gc,stats    ]    Critical: GC Locker Stall                               0.000 / 0.000         0.000 / 0.000         0.000 / 0.000         0.000 / 0.000       ms
[1540.154s][info][gc,stats    ]    Critical: Relocation Stall                                  0 / 0                 0 / 0                 0 / 0                 0 / 0           ops/s
[1540.154s][info][gc,stats    ]    Critical: Relocation Stall                              0.000 / 0.000         0.000 / 0.000         0.000 / 0.000         0.000 / 0.000       ms
[1540.154s][info][gc,stats    ]      Memory: Allocation Rate                                  25 / 30               25 / 136              25 / 148              25 / 148         MB/s
[1540.154s][info][gc,stats    ]      Memory: Out Of Memory                                     0 / 0                 0 / 0                 0 / 0                 0 / 0           ops/s
[1540.154s][info][gc,stats    ]      Memory: Page Cache Flush                                  0 / 0                 0 / 0                 0 / 0                 0 / 0           MB/s
[1540.154s][info][gc,stats    ]      Memory: Page Cache Hit L1                                12 / 15               12 / 40               12 / 78               12 / 78          ops/s
[1540.154s][info][gc,stats    ]      Memory: Page Cache Hit L2                                 0 / 0                 0 / 0                 0 / 0                 0 / 0           ops/s
[1540.154s][info][gc,stats    ]      Memory: Page Cache Hit L3                                 0 / 0                 0 / 0                 0 / 48                0 / 48          ops/s
[1540.154s][info][gc,stats    ]      Memory: Page Cache Miss                                   0 / 0                 0 / 0                 0 / 1                 0 / 1           ops/s
[1540.154s][info][gc,stats    ]      Memory: Uncommit                                          0 / 0                 0 / 0                 0 / 0                 0 / 0           MB/s
[1540.154s][info][gc,stats    ]      Memory: Undo Object Allocation Failed                     0 / 0                 0 / 0                 0 / 1                 0 / 1           ops/s
[1540.155s][info][gc,stats    ]      Memory: Undo Object Allocation Succeeded                  0 / 0                 0 / 0                 0 / 22                0 / 22          ops/s
[1540.155s][info][gc,stats    ]      Memory: Undo Page Allocation                              0 / 0                 0 / 2                 0 / 2                 0 / 2           ops/s
[1540.155s][info][gc,stats    ]       Phase: Concurrent Mark                               0.000 / 0.000        17.100 / 30.623       17.558 / 38.897       17.558 / 38.897      ms
[1540.155s][info][gc,stats    ]       Phase: Concurrent Mark Continue                      0.000 / 0.000         0.000 / 0.000         0.000 / 0.000         0.000 / 0.000       ms
[1540.155s][info][gc,stats    ]       Phase: Concurrent Mark Free                          0.000 / 0.000         0.001 / 0.003         0.001 / 0.004         0.001 / 0.004       ms
[1540.155s][info][gc,stats    ]       Phase: Concurrent Process Non-Strong References      0.000 / 0.000         9.313 / 18.281        9.142 / 18.281        9.142 / 18.281      ms
[1540.155s][info][gc,stats    ]       Phase: Concurrent Relocate                           0.000 / 0.000         0.843 / 1.646         0.950 / 6.891         0.950 / 6.891       ms
[1540.155s][info][gc,stats    ]       Phase: Concurrent Reset Relocation Set               0.000 / 0.000         0.004 / 0.011         0.004 / 0.011         0.004 / 0.011       ms
[1540.155s][info][gc,stats    ]       Phase: Concurrent Select Relocation Set              0.000 / 0.000         1.455 / 2.864         1.537 / 3.477         1.537 / 3.477       ms
[1540.155s][info][gc,stats    ]       Phase: Pause Mark End                                0.000 / 0.000         0.023 / 0.035         0.024 / 0.065         0.024 / 0.065       ms
[1540.155s][info][gc,stats    ]       Phase: Pause Mark Start                              0.000 / 0.000         0.011 / 0.037         0.011 / 0.037         0.011 / 0.037       ms
[1540.155s][info][gc,stats    ]       Phase: Pause Relocate Start                          0.000 / 0.000         0.009 / 0.011         0.009 / 0.019         0.009 / 0.019       ms
[1540.155s][info][gc,stats    ]    Subphase: Concurrent Classes Purge                      0.000 / 0.000         0.432 / 2.073         0.397 / 2.073         0.397 / 2.073       ms
[1540.155s][info][gc,stats    ]    Subphase: Concurrent Classes Unlink                     0.000 / 0.000         8.045 / 15.824        7.887 / 15.824        7.887 / 15.824      ms
[1540.155s][info][gc,stats    ]    Subphase: Concurrent Mark                               0.000 / 0.000        13.843 / 29.925       14.291 / 33.017       14.291 / 33.017      ms
[1540.155s][info][gc,stats    ]    Subphase: Concurrent Mark Try Flush                     0.000 / 0.000         0.130 / 0.331         0.127 / 0.331         0.127 / 0.331       ms
[1540.155s][info][gc,stats    ]    Subphase: Concurrent Mark Try Terminate                 0.000 / 0.000         1.896 / 17.115        1.857 / 17.115        1.857 / 17.115      ms
[1540.155s][info][gc,stats    ]    Subphase: Concurrent References Enqueue                 0.000 / 0.000         0.002 / 0.009         0.002 / 0.010         0.002 / 0.010       ms
[1540.155s][info][gc,stats    ]    Subphase: Concurrent References Process                 0.000 / 0.000         0.133 / 0.276         0.149 / 0.513         0.149 / 0.513       ms
[1540.155s][info][gc,stats    ]    Subphase: Concurrent Roots ClassLoaderDataGraph         0.000 / 0.000         0.136 / 0.356         0.144 / 0.547         0.144 / 0.547       ms
[1540.155s][info][gc,stats    ]    Subphase: Concurrent Roots CodeCache                    0.000 / 0.000         0.000 / 0.000         0.000 / 0.000         0.000 / 0.000       ms
[1540.155s][info][gc,stats    ]    Subphase: Concurrent Roots JavaThreads                  0.000 / 0.000         0.344 / 0.687         0.422 / 5.702         0.422 / 5.702       ms
[1540.155s][info][gc,stats    ]    Subphase: Concurrent Roots OopStorageSet                0.000 / 0.000         0.025 / 0.048         0.027 / 0.085         0.027 / 0.085       ms
[1540.155s][info][gc,stats    ]    Subphase: Concurrent Weak Roots OopStorageSet           0.000 / 0.000         0.488 / 0.708         0.492 / 0.939         0.492 / 0.939       ms
[1540.155s][info][gc,stats    ]    Subphase: Pause Mark Try Complete                       0.000 / 0.000         0.000 / 0.000         0.000 / 0.000         0.000 / 0.000       ms
[1540.155s][info][gc,stats    ]      System: Java Threads                                      0 / 0                32 / 33               32 / 34               32 / 34          threads
[1540.155s][info][gc,stats    ] =========================================================================================================================================================
[1542.461s][info][gc,start    ] GC(93) Garbage Collection (Proactive)
[1542.462s][info][gc,task     ] GC(93) Using 2 workers
[1542.462s][info][gc,phases   ] GC(93) Pause Mark Start 0.008ms
[1542.478s][info][gc,phases   ] GC(93) Concurrent Mark 16.051ms
[1542.479s][info][gc,phases   ] GC(93) Pause Mark End 0.020ms
[1542.479s][info][gc,phases   ] GC(93) Concurrent Mark Free 0.000ms
[1542.488s][info][gc,phases   ] GC(93) Concurrent Process Non-Strong References 9.505ms
[1542.488s][info][gc,phases   ] GC(93) Concurrent Reset Relocation Set 0.003ms
[1542.490s][info][gc,phases   ] GC(93) Concurrent Select Relocation Set 1.822ms
[1542.490s][info][gc,phases   ] GC(93) Pause Relocate Start 0.012ms
[1542.491s][info][gc,phases   ] GC(93) Concurrent Relocate 0.687ms
[1542.491s][info][gc,load     ] GC(93) Load: 0.00/0.00/0.00
[1542.491s][info][gc,mmu      ] GC(93) MMU: 2ms/96.8%, 5ms/98.7%, 10ms/99.2%, 20ms/99.6%, 50ms/99.8%, 100ms/99.9%
[1542.491s][info][gc,marking  ] GC(93) Mark: 2 stripe(s), 2 proactive flush(es), 1 terminate flush(es), 0 completion(s), 0 continuation(s) 
[1542.491s][info][gc,marking  ] GC(93) Mark Stack Usage: 32M
[1542.491s][info][gc,nmethod  ] GC(93) NMethods: 8643 registered, 1340 unregistered
[1542.491s][info][gc,metaspace] GC(93) Metaspace: 33M used, 33M committed, 1088M reserved
[1542.491s][info][gc,ref      ] GC(93) Soft: 4136 encountered, 0 discovered, 0 enqueued
[1542.491s][info][gc,ref      ] GC(93) Weak: 2186 encountered, 156 discovered, 1 enqueued
[1542.491s][info][gc,ref      ] GC(93) Final: 3 encountered, 0 discovered, 0 enqueued
[1542.491s][info][gc,ref      ] GC(93) Phantom: 279 encountered, 148 discovered, 0 enqueued
[1542.491s][info][gc,reloc    ] GC(93) Small Pages: 222 / 444M, Empty: 322M, Relocated: 1M, In-Place: 0
[1542.491s][info][gc,reloc    ] GC(93) Medium Pages: 1 / 32M, Empty: 0M, Relocated: 0M, In-Place: 0
[1542.491s][info][gc,reloc    ] GC(93) Large Pages: 0 / 0M, Empty: 0M, Relocated: 0M, In-Place: 0
[1542.491s][info][gc,reloc    ] GC(93) Forwarding Usage: 0M
[1542.491s][info][gc,heap     ] GC(93) Min Capacity: 4096M(100%)
[1542.491s][info][gc,heap     ] GC(93) Max Capacity: 4096M(100%)
[1542.491s][info][gc,heap     ] GC(93) Soft Max Capacity: 4096M(100%)
[1542.491s][info][gc,heap     ] GC(93)                Mark Start          Mark End        Relocate Start      Relocate End           High               Low         
[1542.491s][info][gc,heap     ] GC(93)  Capacity:     4096M (100%)       4096M (100%)       4096M (100%)       4096M (100%)       4096M (100%)       4096M (100%)   
[1542.491s][info][gc,heap     ] GC(93)      Free:     3620M (88%)        3608M (88%)        3930M (96%)        4030M (98%)        4030M (98%)        3608M (88%)    
[1542.491s][info][gc,heap     ] GC(93)      Used:      476M (12%)         488M (12%)         166M (4%)           66M (2%)          488M (12%)          66M (2%)     
[1542.491s][info][gc,heap     ] GC(93)      Live:         -                17M (0%)           17M (0%)           17M (0%)             -                  -          
[1542.491s][info][gc,heap     ] GC(93) Allocated:         -                12M (0%)           12M (0%)           12M (0%)             -                  -          
[1542.491s][info][gc,heap     ] GC(93)   Garbage:         -               458M (11%)         136M (3%)           36M (1%)             -                  -          
[1542.491s][info][gc,heap     ] GC(93) Reclaimed:         -                  -               322M (8%)          422M (10%)            -                  -          
[1542.491s][info][gc          ] GC(93) Garbage Collection (Proactive) 476M(12%)->66M(2%)
[1550.160s][info][gc,stats    ] === Garbage Collection Statistics =======================================================================================================================
[1550.160s][info][gc,stats    ]                                                              Last 10s              Last 10m              Last 10h                Total
[1550.160s][info][gc,stats    ]                                                              Avg / Max             Avg / Max             Avg / Max             Avg / Max
[1550.160s][info][gc,stats    ]   Collector: Garbage Collection Cycle                     29.750 / 29.750       30.188 / 43.979       30.657 / 54.411       30.657 / 54.411      ms
[1550.160s][info][gc,stats    ]  Contention: Mark Segment Reset Contention                     0 / 0                 0 / 1                 0 / 3                 0 / 3           ops/s
[1550.160s][info][gc,stats    ]  Contention: Mark SeqNum Reset Contention                      0 / 0                 0 / 2                 0 / 2                 0 / 2           ops/s
[1550.160s][info][gc,stats    ]    Critical: Allocation Stall                                  0 / 0                 0 / 0                 0 / 0                 0 / 0           ops/s
[1550.160s][info][gc,stats    ]    Critical: Allocation Stall                              0.000 / 0.000         0.000 / 0.000         0.000 / 0.000         0.000 / 0.000       ms
[1550.160s][info][gc,stats    ]    Critical: GC Locker Stall                                   0 / 0                 0 / 0                 0 / 0                 0 / 0           ops/s
[1550.160s][info][gc,stats    ]    Critical: GC Locker Stall                               0.000 / 0.000         0.000 / 0.000         0.000 / 0.000         0.000 / 0.000       ms
[1550.160s][info][gc,stats    ]    Critical: Relocation Stall                                  0 / 0                 0 / 0                 0 / 0                 0 / 0           ops/s
[1550.161s][info][gc,stats    ]    Critical: Relocation Stall                              0.000 / 0.000         0.000 / 0.000         0.000 / 0.000         0.000 / 0.000       ms
[1550.161s][info][gc,stats    ]      Memory: Allocation Rate                                  25 / 38               25 / 136              25 / 148              25 / 148         MB/s
[1550.161s][info][gc,stats    ]      Memory: Out Of Memory                                     0 / 0                 0 / 0                 0 / 0                 0 / 0           ops/s
[1550.161s][info][gc,stats    ]      Memory: Page Cache Flush                                  0 / 0                 0 / 0                 0 / 0                 0 / 0           MB/s
[1550.161s][info][gc,stats    ]      Memory: Page Cache Hit L1                                12 / 21               12 / 40               12 / 78               12 / 78          ops/s
[1550.161s][info][gc,stats    ]      Memory: Page Cache Hit L2                                 0 / 0                 0 / 0                 0 / 0                 0 / 0           ops/s
[1550.161s][info][gc,stats    ]      Memory: Page Cache Hit L3                                 0 / 0                 0 / 0                 0 / 48                0 / 48          ops/s
[1550.161s][info][gc,stats    ]      Memory: Page Cache Miss                                   0 / 0                 0 / 0                 0 / 1                 0 / 1           ops/s
[1550.161s][info][gc,stats    ]      Memory: Uncommit                                          0 / 0                 0 / 0                 0 / 0                 0 / 0           MB/s
[1550.161s][info][gc,stats    ]      Memory: Undo Object Allocation Failed                     0 / 0                 0 / 0                 0 / 1                 0 / 1           ops/s
[1550.161s][info][gc,stats    ]      Memory: Undo Object Allocation Succeeded                  0 / 0                 0 / 0                 0 / 22                0 / 22          ops/s
[1550.161s][info][gc,stats    ]      Memory: Undo Page Allocation                              0 / 1                 0 / 2                 0 / 2                 0 / 2           ops/s
[1550.161s][info][gc,stats    ]       Phase: Concurrent Mark                              16.051 / 16.051       17.075 / 30.623       17.542 / 38.897       17.542 / 38.897      ms
[1550.161s][info][gc,stats    ]       Phase: Concurrent Mark Continue                      0.000 / 0.000         0.000 / 0.000         0.000 / 0.000         0.000 / 0.000       ms
[1550.161s][info][gc,stats    ]       Phase: Concurrent Mark Free                          0.000 / 0.000         0.001 / 0.003         0.001 / 0.004         0.001 / 0.004       ms
[1550.161s][info][gc,stats    ]       Phase: Concurrent Process Non-Strong References      9.505 / 9.505         9.329 / 18.281        9.146 / 18.281        9.146 / 18.281      ms
[1550.161s][info][gc,stats    ]       Phase: Concurrent Relocate                           0.687 / 0.687         0.844 / 1.646         0.947 / 6.891         0.947 / 6.891       ms
[1550.161s][info][gc,stats    ]       Phase: Concurrent Reset Relocation Set               0.003 / 0.003         0.004 / 0.011         0.004 / 0.011         0.004 / 0.011       ms
[1550.161s][info][gc,stats    ]       Phase: Concurrent Select Relocation Set              1.822 / 1.822         1.472 / 2.864         1.540 / 3.477         1.540 / 3.477       ms
[1550.161s][info][gc,stats    ]       Phase: Pause Mark End                                0.020 / 0.020         0.023 / 0.035         0.024 / 0.065         0.024 / 0.065       ms
[1550.161s][info][gc,stats    ]       Phase: Pause Mark Start                              0.008 / 0.008         0.011 / 0.037         0.011 / 0.037         0.011 / 0.037       ms
[1550.161s][info][gc,stats    ]       Phase: Pause Relocate Start                          0.012 / 0.012         0.009 / 0.012         0.009 / 0.019         0.009 / 0.019       ms
[1550.161s][info][gc,stats    ]    Subphase: Concurrent Classes Purge                      0.282 / 0.282         0.433 / 2.073         0.396 / 2.073         0.396 / 2.073       ms
[1550.161s][info][gc,stats    ]    Subphase: Concurrent Classes Unlink                     8.296 / 8.296         8.051 / 15.824        7.892 / 15.824        7.892 / 15.824      ms
[1550.161s][info][gc,stats    ]    Subphase: Concurrent Mark                              13.060 / 15.456       13.820 / 29.925       14.278 / 33.017       14.278 / 33.017      ms
[1550.161s][info][gc,stats    ]    Subphase: Concurrent Mark Try Flush                     0.129 / 0.170         0.130 / 0.331         0.127 / 0.331         0.127 / 0.331       ms
[1550.161s][info][gc,stats    ]    Subphase: Concurrent Mark Try Terminate                 1.698 / 5.007         1.898 / 17.115        1.855 / 17.115        1.855 / 17.115      ms
[1550.161s][info][gc,stats    ]    Subphase: Concurrent References Enqueue                 0.004 / 0.004         0.002 / 0.009         0.002 / 0.010         0.002 / 0.010       ms
[1550.161s][info][gc,stats    ]    Subphase: Concurrent References Process                 0.091 / 0.091         0.133 / 0.276         0.148 / 0.513         0.148 / 0.513       ms
[1550.161s][info][gc,stats    ]    Subphase: Concurrent Roots ClassLoaderDataGraph         0.131 / 0.237         0.135 / 0.356         0.144 / 0.547         0.144 / 0.547       ms
[1550.161s][info][gc,stats    ]    Subphase: Concurrent Roots CodeCache                    0.000 / 0.000         0.000 / 0.000         0.000 / 0.000         0.000 / 0.000       ms
[1550.161s][info][gc,stats    ]    Subphase: Concurrent Roots JavaThreads                  0.277 / 0.387         0.342 / 0.687         0.420 / 5.702         0.420 / 5.702       ms
[1550.161s][info][gc,stats    ]    Subphase: Concurrent Roots OopStorageSet                0.027 / 0.027         0.025 / 0.048         0.027 / 0.085         0.027 / 0.085       ms
[1550.161s][info][gc,stats    ]    Subphase: Concurrent Weak Roots OopStorageSet           0.592 / 0.601         0.496 / 0.708         0.494 / 0.939         0.494 / 0.939       ms
[1550.161s][info][gc,stats    ]    Subphase: Pause Mark Try Complete                       0.000 / 0.000         0.000 / 0.000         0.000 / 0.000         0.000 / 0.000       ms
[1550.161s][info][gc,stats    ]      System: Java Threads                                     33 / 33               32 / 33               32 / 34               32 / 34          threads
[1550.161s][info][gc,stats    ] =========================================================================================================================================================
[1559.550s][info][gc,start    ] GC(94) Garbage Collection (Proactive)
[1559.551s][info][gc,task     ] GC(94) Using 2 workers
[1559.551s][info][gc,phases   ] GC(94) Pause Mark Start 0.007ms
[1559.567s][info][gc,phases   ] GC(94) Concurrent Mark 16.026ms
[1559.567s][info][gc,phases   ] GC(94) Pause Mark End 0.023ms
[1559.567s][info][gc,phases   ] GC(94) Concurrent Mark Free 0.001ms
[1559.576s][info][gc,phases   ] GC(94) Concurrent Process Non-Strong References 8.761ms
[1559.576s][info][gc,phases   ] GC(94) Concurrent Reset Relocation Set 0.004ms
[1559.578s][info][gc,phases   ] GC(94) Concurrent Select Relocation Set 1.507ms
[1559.578s][info][gc,phases   ] GC(94) Pause Relocate Start 0.008ms
[1559.578s][info][gc,phases   ] GC(94) Concurrent Relocate 0.603ms
[1559.578s][info][gc,load     ] GC(94) Load: 0.00/0.00/0.00
[1559.578s][info][gc,mmu      ] GC(94) MMU: 2ms/96.8%, 5ms/98.7%, 10ms/99.2%, 20ms/99.6%, 50ms/99.8%, 100ms/99.9%
[1559.578s][info][gc,marking  ] GC(94) Mark: 2 stripe(s), 1 proactive flush(es), 1 terminate flush(es), 0 completion(s), 0 continuation(s) 
[1559.578s][info][gc,marking  ] GC(94) Mark Stack Usage: 32M
[1559.579s][info][gc,nmethod  ] GC(94) NMethods: 8646 registered, 1340 unregistered
[1559.579s][info][gc,metaspace] GC(94) Metaspace: 33M used, 33M committed, 1088M reserved
[1559.579s][info][gc,ref      ] GC(94) Soft: 4136 encountered, 0 discovered, 0 enqueued
[1559.579s][info][gc,ref      ] GC(94) Weak: 2186 encountered, 506 discovered, 1 enqueued
[1559.579s][info][gc,ref      ] GC(94) Final: 3 encountered, 1 discovered, 0 enqueued
[1559.579s][info][gc,ref      ] GC(94) Phantom: 279 encountered, 212 discovered, 0 enqueued
[1559.579s][info][gc,reloc    ] GC(94) Small Pages: 223 / 446M, Empty: 332M, Relocated: 1M, In-Place: 0
[1559.579s][info][gc,reloc    ] GC(94) Medium Pages: 1 / 32M, Empty: 0M, Relocated: 0M, In-Place: 0
[1559.579s][info][gc,reloc    ] GC(94) Large Pages: 0 / 0M, Empty: 0M, Relocated: 0M, In-Place: 0
[1559.579s][info][gc,reloc    ] GC(94) Forwarding Usage: 0M
[1559.579s][info][gc,heap     ] GC(94) Min Capacity: 4096M(100%)
[1559.579s][info][gc,heap     ] GC(94) Max Capacity: 4096M(100%)
[1559.579s][info][gc,heap     ] GC(94) Soft Max Capacity: 4096M(100%)
[1559.579s][info][gc,heap     ] GC(94)                Mark Start          Mark End        Relocate Start      Relocate End           High               Low         
[1559.579s][info][gc,heap     ] GC(94)  Capacity:     4096M (100%)       4096M (100%)       4096M (100%)       4096M (100%)       4096M (100%)       4096M (100%)   
[1559.579s][info][gc,heap     ] GC(94)      Free:     3618M (88%)        3610M (88%)        3938M (96%)        4030M (98%)        4030M (98%)        3606M (88%)    
[1559.579s][info][gc,heap     ] GC(94)      Used:      478M (12%)         486M (12%)         158M (4%)           66M (2%)          490M (12%)          66M (2%)     
[1559.579s][info][gc,heap     ] GC(94)      Live:         -                17M (0%)           17M (0%)           17M (0%)             -                  -          
[1559.579s][info][gc,heap     ] GC(94) Allocated:         -                 8M (0%)           12M (0%)           12M (0%)             -                  -          
[1559.579s][info][gc,heap     ] GC(94)   Garbage:         -               460M (11%)         128M (3%)           36M (1%)             -                  -          
[1559.579s][info][gc,heap     ] GC(94) Reclaimed:         -                  -               332M (8%)          424M (10%)            -                  -          
[1559.579s][info][gc          ] GC(94) Garbage Collection (Proactive) 478M(12%)->66M(2%)
[1560.152s][info][gc,stats    ] === Garbage Collection Statistics =======================================================================================================================
[1560.152s][info][gc,stats    ]                                                              Last 10s              Last 10m              Last 10h                Total
[1560.152s][info][gc,stats    ]                                                              Avg / Max             Avg / Max             Avg / Max             Avg / Max
[1560.152s][info][gc,stats    ]   Collector: Garbage Collection Cycle                     28.138 / 28.138       30.134 / 43.979       30.631 / 54.411       30.631 / 54.411      ms
[1560.152s][info][gc,stats    ]  Contention: Mark Segment Reset Contention                     0 / 0                 0 / 1                 0 / 3                 0 / 3           ops/s
[1560.152s][info][gc,stats    ]  Contention: Mark SeqNum Reset Contention                      0 / 1                 0 / 2                 0 / 2                 0 / 2           ops/s
[1560.152s][info][gc,stats    ]    Critical: Allocation Stall                                  0 / 0                 0 / 0                 0 / 0                 0 / 0           ops/s
[1560.152s][info][gc,stats    ]    Critical: Allocation Stall                              0.000 / 0.000         0.000 / 0.000         0.000 / 0.000         0.000 / 0.000       ms
[1560.152s][info][gc,stats    ]    Critical: GC Locker Stall                                   0 / 0                 0 / 0                 0 / 0                 0 / 0           ops/s
[1560.152s][info][gc,stats    ]    Critical: GC Locker Stall                               0.000 / 0.000         0.000 / 0.000         0.000 / 0.000         0.000 / 0.000       ms
[1560.152s][info][gc,stats    ]    Critical: Relocation Stall                                  0 / 0                 0 / 0                 0 / 0                 0 / 0           ops/s
[1560.152s][info][gc,stats    ]    Critical: Relocation Stall                              0.000 / 0.000         0.000 / 0.000         0.000 / 0.000         0.000 / 0.000       ms
[1560.152s][info][gc,stats    ]      Memory: Allocation Rate                                  25 / 34               25 / 136              25 / 148              25 / 148         MB/s
[1560.152s][info][gc,stats    ]      Memory: Out Of Memory                                     0 / 0                 0 / 0                 0 / 0                 0 / 0           ops/s
[1560.152s][info][gc,stats    ]      Memory: Page Cache Flush                                  0 / 0                 0 / 0                 0 / 0                 0 / 0           MB/s
[1560.152s][info][gc,stats    ]      Memory: Page Cache Hit L1                                12 / 19               12 / 40               12 / 78               12 / 78          ops/s
[1560.152s][info][gc,stats    ]      Memory: Page Cache Hit L2                                 0 / 0                 0 / 0                 0 / 0                 0 / 0           ops/s
[1560.152s][info][gc,stats    ]      Memory: Page Cache Hit L3                                 0 / 0                 0 / 0                 0 / 48                0 / 48          ops/s
[1560.152s][info][gc,stats    ]      Memory: Page Cache Miss                                   0 / 0                 0 / 0                 0 / 1                 0 / 1           ops/s
[1560.152s][info][gc,stats    ]      Memory: Uncommit                                          0 / 0                 0 / 0                 0 / 0                 0 / 0           MB/s
[1560.152s][info][gc,stats    ]      Memory: Undo Object Allocation Failed                     0 / 0                 0 / 0                 0 / 1                 0 / 1           ops/s
[1560.152s][info][gc,stats    ]      Memory: Undo Object Allocation Succeeded                  0 / 0                 0 / 0                 0 / 22                0 / 22          ops/s
[1560.152s][info][gc,stats    ]      Memory: Undo Page Allocation                              0 / 1                 0 / 2                 0 / 2                 0 / 2           ops/s
[1560.152s][info][gc,stats    ]       Phase: Concurrent Mark                              16.026 / 16.026       17.047 / 30.623       17.526 / 38.897       17.526 / 38.897      ms
[1560.152s][info][gc,stats    ]       Phase: Concurrent Mark Continue                      0.000 / 0.000         0.000 / 0.000         0.000 / 0.000         0.000 / 0.000       ms
[1560.152s][info][gc,stats    ]       Phase: Concurrent Mark Free                          0.001 / 0.001         0.001 / 0.003         0.001 / 0.004         0.001 / 0.004       ms
[1560.152s][info][gc,stats    ]       Phase: Concurrent Process Non-Strong References      8.761 / 8.761         9.314 / 18.281        9.142 / 18.281        9.142 / 18.281      ms
[1560.152s][info][gc,stats    ]       Phase: Concurrent Relocate                           0.603 / 0.603         0.838 / 1.646         0.943 / 6.891         0.943 / 6.891       ms
[1560.152s][info][gc,stats    ]       Phase: Concurrent Reset Relocation Set               0.004 / 0.004         0.004 / 0.011         0.004 / 0.011         0.004 / 0.011       ms
[1560.152s][info][gc,stats    ]       Phase: Concurrent Select Relocation Set              1.507 / 1.507         1.473 / 2.864         1.539 / 3.477         1.539 / 3.477       ms
[1560.152s][info][gc,stats    ]       Phase: Pause Mark End                                0.023 / 0.023         0.023 / 0.035         0.024 / 0.065         0.024 / 0.065       ms
[1560.152s][info][gc,stats    ]       Phase: Pause Mark Start                              0.007 / 0.007         0.011 / 0.037         0.011 / 0.037         0.011 / 0.037       ms
[1560.152s][info][gc,stats    ]       Phase: Pause Relocate Start                          0.008 / 0.008         0.009 / 0.012         0.009 / 0.019         0.009 / 0.019       ms
[1560.152s][info][gc,stats    ]    Subphase: Concurrent Classes Purge                      0.335 / 0.335         0.430 / 2.073         0.395 / 2.073         0.395 / 2.073       ms
[1560.152s][info][gc,stats    ]    Subphase: Concurrent Classes Unlink                     7.529 / 7.529         8.037 / 15.824        7.888 / 15.824        7.888 / 15.824      ms
[1560.152s][info][gc,stats    ]    Subphase: Concurrent Mark                              13.274 / 15.281       13.805 / 29.925       14.268 / 33.017       14.268 / 33.017      ms
[1560.152s][info][gc,stats    ]    Subphase: Concurrent Mark Try Flush                     0.120 / 0.160         0.129 / 0.331         0.127 / 0.331         0.127 / 0.331       ms
[1560.152s][info][gc,stats    ]    Subphase: Concurrent Mark Try Terminate                 1.590 / 4.690         1.890 / 17.115        1.852 / 17.115        1.852 / 17.115      ms
[1560.152s][info][gc,stats    ]    Subphase: Concurrent References Enqueue                 0.008 / 0.008         0.002 / 0.009         0.002 / 0.010         0.002 / 0.010       ms
[1560.152s][info][gc,stats    ]    Subphase: Concurrent References Process                 0.126 / 0.126         0.133 / 0.276         0.148 / 0.513         0.148 / 0.513       ms
[1560.152s][info][gc,stats    ]    Subphase: Concurrent Roots ClassLoaderDataGraph         0.113 / 0.185         0.134 / 0.356         0.144 / 0.547         0.144 / 0.547       ms
[1560.152s][info][gc,stats    ]    Subphase: Concurrent Roots CodeCache                    0.000 / 0.000         0.000 / 0.000         0.000 / 0.000         0.000 / 0.000       ms
[1560.152s][info][gc,stats    ]    Subphase: Concurrent Roots JavaThreads                  0.376 / 0.454         0.343 / 0.687         0.420 / 5.702         0.420 / 5.702       ms
[1560.152s][info][gc,stats    ]    Subphase: Concurrent Roots OopStorageSet                0.022 / 0.029         0.025 / 0.048         0.027 / 0.085         0.027 / 0.085       ms
[1560.152s][info][gc,stats    ]    Subphase: Concurrent Weak Roots OopStorageSet           0.514 / 0.526         0.496 / 0.708         0.494 / 0.939         0.494 / 0.939       ms
[1560.152s][info][gc,stats    ]    Subphase: Pause Mark Try Complete                       0.000 / 0.000         0.000 / 0.000         0.000 / 0.000         0.000 / 0.000       ms
[1560.152s][info][gc,stats    ]      System: Java Threads                                     33 / 33               32 / 33               32 / 34               32 / 34          threads
[1560.152s][info][gc,stats    ] =========================================================================================================================================================
[1570.154s][info][gc,stats    ] === Garbage Collection Statistics =======================================================================================================================
[1570.154s][info][gc,stats    ]                                                              Last 10s              Last 10m              Last 10h                Total
[1570.154s][info][gc,stats    ]                                                              Avg / Max             Avg / Max             Avg / Max             Avg / Max
[1570.154s][info][gc,stats    ]   Collector: Garbage Collection Cycle                      0.000 / 0.000        30.169 / 43.979       30.631 / 54.411       30.631 / 54.411      ms
[1570.154s][info][gc,stats    ]  Contention: Mark Segment Reset Contention                     0 / 0                 0 / 1                 0 / 3                 0 / 3           ops/s
[1570.154s][info][gc,stats    ]  Contention: Mark SeqNum Reset Contention                      0 / 0                 0 / 2                 0 / 2                 0 / 2           ops/s
[1570.154s][info][gc,stats    ]    Critical: Allocation Stall                                  0 / 0                 0 / 0                 0 / 0                 0 / 0           ops/s
[1570.154s][info][gc,stats    ]    Critical: Allocation Stall                              0.000 / 0.000         0.000 / 0.000         0.000 / 0.000         0.000 / 0.000       ms
[1570.154s][info][gc,stats    ]    Critical: GC Locker Stall                                   0 / 0                 0 / 0                 0 / 0                 0 / 0           ops/s
[1570.154s][info][gc,stats    ]    Critical: GC Locker Stall                               0.000 / 0.000         0.000 / 0.000         0.000 / 0.000         0.000 / 0.000       ms
[1570.154s][info][gc,stats    ]    Critical: Relocation Stall                                  0 / 0                 0 / 0                 0 / 0                 0 / 0           ops/s
[1570.154s][info][gc,stats    ]    Critical: Relocation Stall                              0.000 / 0.000         0.000 / 0.000         0.000 / 0.000         0.000 / 0.000       ms
[1570.154s][info][gc,stats    ]      Memory: Allocation Rate                                  24 / 30               25 / 136              25 / 148              25 / 148         MB/s
[1570.154s][info][gc,stats    ]      Memory: Out Of Memory                                     0 / 0                 0 / 0                 0 / 0                 0 / 0           ops/s
[1570.154s][info][gc,stats    ]      Memory: Page Cache Flush                                  0 / 0                 0 / 0                 0 / 0                 0 / 0           MB/s
[1570.154s][info][gc,stats    ]      Memory: Page Cache Hit L1                                12 / 15               12 / 40               12 / 78               12 / 78          ops/s
[1570.154s][info][gc,stats    ]      Memory: Page Cache Hit L2                                 0 / 0                 0 / 0                 0 / 0                 0 / 0           ops/s
[1570.154s][info][gc,stats    ]      Memory: Page Cache Hit L3                                 0 / 0                 0 / 0                 0 / 48                0 / 48          ops/s
[1570.154s][info][gc,stats    ]      Memory: Page Cache Miss                                   0 / 0                 0 / 0                 0 / 1                 0 / 1           ops/s
[1570.154s][info][gc,stats    ]      Memory: Uncommit                                          0 / 0                 0 / 0                 0 / 0                 0 / 0           MB/s
[1570.154s][info][gc,stats    ]      Memory: Undo Object Allocation Failed                     0 / 0                 0 / 0                 0 / 1                 0 / 1           ops/s
[1570.154s][info][gc,stats    ]      Memory: Undo Object Allocation Succeeded                  0 / 0                 0 / 0                 0 / 22                0 / 22          ops/s
[1570.154s][info][gc,stats    ]      Memory: Undo Page Allocation                              0 / 0                 0 / 2                 0 / 2                 0 / 2           ops/s
[1570.154s][info][gc,stats    ]       Phase: Concurrent Mark                               0.000 / 0.000        17.044 / 30.623       17.526 / 38.897       17.526 / 38.897      ms
[1570.154s][info][gc,stats    ]       Phase: Concurrent Mark Continue                      0.000 / 0.000         0.000 / 0.000         0.000 / 0.000         0.000 / 0.000       ms
[1570.154s][info][gc,stats    ]       Phase: Concurrent Mark Free                          0.000 / 0.000         0.001 / 0.003         0.001 / 0.004         0.001 / 0.004       ms
[1570.154s][info][gc,stats    ]       Phase: Concurrent Process Non-Strong References      0.000 / 0.000         9.331 / 18.281        9.142 / 18.281        9.142 / 18.281      ms
[1570.154s][info][gc,stats    ]       Phase: Concurrent Relocate                           0.000 / 0.000         0.843 / 1.646         0.943 / 6.891         0.943 / 6.891       ms
[1570.154s][info][gc,stats    ]       Phase: Concurrent Reset Relocation Set               0.000 / 0.000         0.004 / 0.011         0.004 / 0.011         0.004 / 0.011       ms
[1570.154s][info][gc,stats    ]       Phase: Concurrent Select Relocation Set              0.000 / 0.000         1.481 / 2.864         1.539 / 3.477         1.539 / 3.477       ms
[1570.154s][info][gc,stats    ]       Phase: Pause Mark End                                0.000 / 0.000         0.023 / 0.035         0.024 / 0.065         0.024 / 0.065       ms
[1570.154s][info][gc,stats    ]       Phase: Pause Mark Start                              0.000 / 0.000         0.011 / 0.037         0.011 / 0.037         0.011 / 0.037       ms
[1570.154s][info][gc,stats    ]       Phase: Pause Relocate Start                          0.000 / 0.000         0.009 / 0.012         0.009 / 0.019         0.009 / 0.019       ms
[1570.154s][info][gc,stats    ]    Subphase: Concurrent Classes Purge                      0.000 / 0.000         0.435 / 2.073         0.395 / 2.073         0.395 / 2.073       ms
[1570.154s][info][gc,stats    ]    Subphase: Concurrent Classes Unlink                     0.000 / 0.000         8.051 / 15.824        7.888 / 15.824        7.888 / 15.824      ms
[1570.154s][info][gc,stats    ]    Subphase: Concurrent Mark                               0.000 / 0.000        13.806 / 29.925       14.268 / 33.017       14.268 / 33.017      ms
[1570.154s][info][gc,stats    ]    Subphase: Concurrent Mark Try Flush                     0.000 / 0.000         0.129 / 0.331         0.127 / 0.331         0.127 / 0.331       ms
[1570.154s][info][gc,stats    ]    Subphase: Concurrent Mark Try Terminate                 0.000 / 0.000         1.891 / 17.115        1.852 / 17.115        1.852 / 17.115      ms
[1570.154s][info][gc,stats    ]    Subphase: Concurrent References Enqueue                 0.000 / 0.000         0.003 / 0.009         0.002 / 0.010         0.002 / 0.010       ms
[1570.154s][info][gc,stats    ]    Subphase: Concurrent References Process                 0.000 / 0.000         0.134 / 0.276         0.148 / 0.513         0.148 / 0.513       ms
[1570.154s][info][gc,stats    ]    Subphase: Concurrent Roots ClassLoaderDataGraph         0.000 / 0.000         0.133 / 0.356         0.144 / 0.547         0.144 / 0.547       ms
[1570.154s][info][gc,stats    ]    Subphase: Concurrent Roots CodeCache                    0.000 / 0.000         0.000 / 0.000         0.000 / 0.000         0.000 / 0.000       ms
[1570.154s][info][gc,stats    ]    Subphase: Concurrent Roots JavaThreads                  0.000 / 0.000         0.340 / 0.687         0.420 / 5.702         0.420 / 5.702       ms
[1570.154s][info][gc,stats    ]    Subphase: Concurrent Roots OopStorageSet                0.000 / 0.000         0.025 / 0.048         0.027 / 0.085         0.027 / 0.085       ms
[1570.154s][info][gc,stats    ]    Subphase: Concurrent Weak Roots OopStorageSet           0.000 / 0.000         0.492 / 0.708         0.494 / 0.939         0.494 / 0.939       ms
[1570.154s][info][gc,stats    ]    Subphase: Pause Mark Try Complete                       0.000 / 0.000         0.000 / 0.000         0.000 / 0.000         0.000 / 0.000       ms
[1570.154s][info][gc,stats    ]      System: Java Threads                                      0 / 0                32 / 33               32 / 34               32 / 34          threads
[1570.154s][info][gc,stats    ] =========================================================================================================================================================
[1576.761s][info][gc,start    ] GC(95) Garbage Collection (Proactive)
[1576.761s][info][gc,task     ] GC(95) Using 2 workers
[1576.761s][info][gc,phases   ] GC(95) Pause Mark Start 0.012ms
[1576.778s][info][gc,phases   ] GC(95) Concurrent Mark 16.963ms
[1576.778s][info][gc,phases   ] GC(95) Pause Mark End 0.027ms
[1576.778s][info][gc,phases   ] GC(95) Concurrent Mark Free 0.001ms
[1576.788s][info][gc,phases   ] GC(95) Concurrent Process Non-Strong References 9.110ms
[1576.788s][info][gc,phases   ] GC(95) Concurrent Reset Relocation Set 0.004ms
[1576.789s][info][gc,phases   ] GC(95) Concurrent Select Relocation Set 1.462ms
[1576.789s][info][gc,phases   ] GC(95) Pause Relocate Start 0.008ms
[1576.790s][info][gc,phases   ] GC(95) Concurrent Relocate 0.604ms
[1576.790s][info][gc,load     ] GC(95) Load: 0.00/0.00/0.00
[1576.790s][info][gc,mmu      ] GC(95) MMU: 2ms/96.8%, 5ms/98.7%, 10ms/99.2%, 20ms/99.6%, 50ms/99.8%, 100ms/99.9%
[1576.790s][info][gc,marking  ] GC(95) Mark: 2 stripe(s), 2 proactive flush(es), 1 terminate flush(es), 0 completion(s), 0 continuation(s) 
[1576.790s][info][gc,marking  ] GC(95) Mark Stack Usage: 32M
[1576.790s][info][gc,nmethod  ] GC(95) NMethods: 8649 registered, 1340 unregistered
[1576.790s][info][gc,metaspace] GC(95) Metaspace: 33M used, 33M committed, 1088M reserved
[1576.790s][info][gc,ref      ] GC(95) Soft: 4136 encountered, 0 discovered, 0 enqueued
[1576.790s][info][gc,ref      ] GC(95) Weak: 2186 encountered, 275 discovered, 0 enqueued
[1576.790s][info][gc,ref      ] GC(95) Final: 3 encountered, 0 discovered, 0 enqueued
[1576.790s][info][gc,ref      ] GC(95) Phantom: 279 encountered, 214 discovered, 0 enqueued
[1576.790s][info][gc,reloc    ] GC(95) Small Pages: 222 / 444M, Empty: 328M, Relocated: 1M, In-Place: 0
[1576.790s][info][gc,reloc    ] GC(95) Medium Pages: 1 / 32M, Empty: 0M, Relocated: 0M, In-Place: 0
[1576.790s][info][gc,reloc    ] GC(95) Large Pages: 0 / 0M, Empty: 0M, Relocated: 0M, In-Place: 0
[1576.790s][info][gc,reloc    ] GC(95) Forwarding Usage: 0M
[1576.790s][info][gc,heap     ] GC(95) Min Capacity: 4096M(100%)
[1576.790s][info][gc,heap     ] GC(95) Max Capacity: 4096M(100%)
[1576.790s][info][gc,heap     ] GC(95) Soft Max Capacity: 4096M(100%)
[1576.790s][info][gc,heap     ] GC(95)                Mark Start          Mark End        Relocate Start      Relocate End           High               Low         
[1576.790s][info][gc,heap     ] GC(95)  Capacity:     4096M (100%)       4096M (100%)       4096M (100%)       4096M (100%)       4096M (100%)       4096M (100%)   
[1576.790s][info][gc,heap     ] GC(95)      Free:     3620M (88%)        3610M (88%)        3936M (96%)        4030M (98%)        4030M (98%)        3608M (88%)    
[1576.790s][info][gc,heap     ] GC(95)      Used:      476M (12%)         486M (12%)         160M (4%)           66M (2%)          488M (12%)          66M (2%)     
[1576.790s][info][gc,heap     ] GC(95)      Live:         -                17M (0%)           17M (0%)           17M (0%)             -                  -          
[1576.790s][info][gc,heap     ] GC(95) Allocated:         -                10M (0%)           12M (0%)           12M (0%)             -                  -          
[1576.790s][info][gc,heap     ] GC(95)   Garbage:         -               458M (11%)         130M (3%)           36M (1%)             -                  -          
[1576.790s][info][gc,heap     ] GC(95) Reclaimed:         -                  -               328M (8%)          422M (10%)            -                  -          
[1576.790s][info][gc          ] GC(95) Garbage Collection (Proactive) 476M(12%)->66M(2%)
[1580.155s][info][gc,stats    ] === Garbage Collection Statistics =======================================================================================================================
[1580.155s][info][gc,stats    ]                                                              Last 10s              Last 10m              Last 10h                Total
[1580.155s][info][gc,stats    ]                                                              Avg / Max             Avg / Max             Avg / Max             Avg / Max
[1580.155s][info][gc,stats    ]   Collector: Garbage Collection Cycle                     29.248 / 29.248       30.145 / 43.979       30.616 / 54.411       30.616 / 54.411      ms
[1580.155s][info][gc,stats    ]  Contention: Mark Segment Reset Contention                     0 / 0                 0 / 1                 0 / 3                 0 / 3           ops/s
[1580.155s][info][gc,stats    ]  Contention: Mark SeqNum Reset Contention                      0 / 1                 0 / 2                 0 / 2                 0 / 2           ops/s
[1580.155s][info][gc,stats    ]    Critical: Allocation Stall                                  0 / 0                 0 / 0                 0 / 0                 0 / 0           ops/s
[1580.155s][info][gc,stats    ]    Critical: Allocation Stall                              0.000 / 0.000         0.000 / 0.000         0.000 / 0.000         0.000 / 0.000       ms
[1580.155s][info][gc,stats    ]    Critical: GC Locker Stall                                   0 / 0                 0 / 0                 0 / 0                 0 / 0           ops/s
[1580.155s][info][gc,stats    ]    Critical: GC Locker Stall                               0.000 / 0.000         0.000 / 0.000         0.000 / 0.000         0.000 / 0.000       ms
[1580.155s][info][gc,stats    ]    Critical: Relocation Stall                                  0 / 0                 0 / 0                 0 / 0                 0 / 0           ops/s
[1580.155s][info][gc,stats    ]    Critical: Relocation Stall                              0.000 / 0.000         0.000 / 0.000         0.000 / 0.000         0.000 / 0.000       ms
[1580.155s][info][gc,stats    ]      Memory: Allocation Rate                                  24 / 34               25 / 136              25 / 148              25 / 148         MB/s
[1580.155s][info][gc,stats    ]      Memory: Out Of Memory                                     0 / 0                 0 / 0                 0 / 0                 0 / 0           ops/s
[1580.155s][info][gc,stats    ]      Memory: Page Cache Flush                                  0 / 0                 0 / 0                 0 / 0                 0 / 0           MB/s
[1580.155s][info][gc,stats    ]      Memory: Page Cache Hit L1                                12 / 19               12 / 40               12 / 78               12 / 78          ops/s
[1580.155s][info][gc,stats    ]      Memory: Page Cache Hit L2                                 0 / 0                 0 / 0                 0 / 0                 0 / 0           ops/s
[1580.155s][info][gc,stats    ]      Memory: Page Cache Hit L3                                 0 / 0                 0 / 0                 0 / 48                0 / 48          ops/s
[1580.155s][info][gc,stats    ]      Memory: Page Cache Miss                                   0 / 0                 0 / 0                 0 / 1                 0 / 1           ops/s
[1580.155s][info][gc,stats    ]      Memory: Uncommit                                          0 / 0                 0 / 0                 0 / 0                 0 / 0           MB/s
[1580.155s][info][gc,stats    ]      Memory: Undo Object Allocation Failed                     0 / 0                 0 / 0                 0 / 1                 0 / 1           ops/s
[1580.155s][info][gc,stats    ]      Memory: Undo Object Allocation Succeeded                  0 / 0                 0 / 0                 0 / 22                0 / 22          ops/s
[1580.155s][info][gc,stats    ]      Memory: Undo Page Allocation                              0 / 1                 0 / 2                 0 / 2                 0 / 2           ops/s
[1580.155s][info][gc,stats    ]       Phase: Concurrent Mark                              16.963 / 16.963       17.042 / 30.623       17.520 / 38.897       17.520 / 38.897      ms
[1580.155s][info][gc,stats    ]       Phase: Concurrent Mark Continue                      0.000 / 0.000         0.000 / 0.000         0.000 / 0.000         0.000 / 0.000       ms
[1580.155s][info][gc,stats    ]       Phase: Concurrent Mark Free                          0.001 / 0.001         0.001 / 0.003         0.001 / 0.004         0.001 / 0.004       ms
[1580.155s][info][gc,stats    ]       Phase: Concurrent Process Non-Strong References      9.110 / 9.110         9.325 / 18.281        9.142 / 18.281        9.142 / 18.281      ms
[1580.155s][info][gc,stats    ]       Phase: Concurrent Relocate                           0.604 / 0.604         0.837 / 1.646         0.940 / 6.891         0.940 / 6.891       ms
[1580.155s][info][gc,stats    ]       Phase: Concurrent Reset Relocation Set               0.004 / 0.004         0.004 / 0.011         0.004 / 0.011         0.004 / 0.011       ms
[1580.155s][info][gc,stats    ]       Phase: Concurrent Select Relocation Set              1.462 / 1.462         1.481 / 2.864         1.538 / 3.477         1.538 / 3.477       ms
[1580.155s][info][gc,stats    ]       Phase: Pause Mark End                                0.027 / 0.027         0.023 / 0.035         0.024 / 0.065         0.024 / 0.065       ms
[1580.155s][info][gc,stats    ]       Phase: Pause Mark Start                              0.012 / 0.012         0.011 / 0.037         0.011 / 0.037         0.011 / 0.037       ms
[1580.155s][info][gc,stats    ]       Phase: Pause Relocate Start                          0.008 / 0.008         0.009 / 0.012         0.009 / 0.019         0.009 / 0.019       ms
[1580.155s][info][gc,stats    ]    Subphase: Concurrent Classes Purge                      0.319 / 0.319         0.432 / 2.073         0.395 / 2.073         0.395 / 2.073       ms
[1580.155s][info][gc,stats    ]    Subphase: Concurrent Classes Unlink                     7.794 / 7.794         8.045 / 15.824        7.887 / 15.824        7.887 / 15.824      ms
[1580.155s][info][gc,stats    ]    Subphase: Concurrent Mark                              13.424 / 16.094       13.796 / 29.925       14.259 / 33.017       14.259 / 33.017      ms
[1580.155s][info][gc,stats    ]    Subphase: Concurrent Mark Try Flush                     0.141 / 0.258         0.130 / 0.331         0.127 / 0.331         0.127 / 0.331       ms
[1580.155s][info][gc,stats    ]    Subphase: Concurrent Mark Try Terminate                 1.873 / 5.558         1.890 / 17.115        1.852 / 17.115        1.852 / 17.115      ms
[1580.156s][info][gc,stats    ]    Subphase: Concurrent References Enqueue                 0.001 / 0.001         0.002 / 0.009         0.002 / 0.010         0.002 / 0.010       ms
[1580.156s][info][gc,stats    ]    Subphase: Concurrent References Process                 0.149 / 0.149         0.135 / 0.276         0.148 / 0.513         0.148 / 0.513       ms
[1580.156s][info][gc,stats    ]    Subphase: Concurrent Roots ClassLoaderDataGraph         0.135 / 0.215         0.134 / 0.356         0.144 / 0.547         0.144 / 0.547       ms
[1580.156s][info][gc,stats    ]    Subphase: Concurrent Roots CodeCache                    0.000 / 0.000         0.000 / 0.000         0.000 / 0.000         0.000 / 0.000       ms
[1580.156s][info][gc,stats    ]    Subphase: Concurrent Roots JavaThreads                  0.445 / 0.536         0.343 / 0.687         0.420 / 5.702         0.420 / 5.702       ms
[1580.156s][info][gc,stats    ]    Subphase: Concurrent Roots OopStorageSet                0.031 / 0.041         0.025 / 0.048         0.027 / 0.085         0.027 / 0.085       ms
[1580.156s][info][gc,stats    ]    Subphase: Concurrent Weak Roots OopStorageSet           0.588 / 0.594         0.495 / 0.708         0.495 / 0.939         0.495 / 0.939       ms
[1580.156s][info][gc,stats    ]    Subphase: Pause Mark Try Complete                       0.000 / 0.000         0.000 / 0.000         0.000 / 0.000         0.000 / 0.000       ms
[1580.156s][info][gc,stats    ]      System: Java Threads                                     33 / 33               32 / 33               32 / 34               32 / 34          threads
[1580.156s][info][gc,stats    ] =========================================================================================================================================================
[1590.163s][info][gc,stats    ] === Garbage Collection Statistics =======================================================================================================================
[1590.163s][info][gc,stats    ]                                                              Last 10s              Last 10m              Last 10h                Total
[1590.163s][info][gc,stats    ]                                                              Avg / Max             Avg / Max             Avg / Max             Avg / Max
[1590.163s][info][gc,stats    ]   Collector: Garbage Collection Cycle                      0.000 / 0.000        30.183 / 43.979       30.616 / 54.411       30.616 / 54.411      ms
[1590.163s][info][gc,stats    ]  Contention: Mark Segment Reset Contention                     0 / 0                 0 / 1                 0 / 3                 0 / 3           ops/s
[1590.163s][info][gc,stats    ]  Contention: Mark SeqNum Reset Contention                      0 / 0                 0 / 2                 0 / 2                 0 / 2           ops/s
[1590.163s][info][gc,stats    ]    Critical: Allocation Stall                                  0 / 0                 0 / 0                 0 / 0                 0 / 0           ops/s
[1590.163s][info][gc,stats    ]    Critical: Allocation Stall                              0.000 / 0.000         0.000 / 0.000         0.000 / 0.000         0.000 / 0.000       ms
[1590.163s][info][gc,stats    ]    Critical: GC Locker Stall                                   0 / 0                 0 / 0                 0 / 0                 0 / 0           ops/s
[1590.163s][info][gc,stats    ]    Critical: GC Locker Stall                               0.000 / 0.000         0.000 / 0.000         0.000 / 0.000         0.000 / 0.000       ms
[1590.163s][info][gc,stats    ]    Critical: Relocation Stall                                  0 / 0                 0 / 0                 0 / 0                 0 / 0           ops/s
[1590.163s][info][gc,stats    ]    Critical: Relocation Stall                              0.000 / 0.000         0.000 / 0.000         0.000 / 0.000         0.000 / 0.000       ms
[1590.163s][info][gc,stats    ]      Memory: Allocation Rate                                  24 / 28               25 / 136              25 / 148              25 / 148         MB/s
[1590.163s][info][gc,stats    ]      Memory: Out Of Memory                                     0 / 0                 0 / 0                 0 / 0                 0 / 0           ops/s
[1590.163s][info][gc,stats    ]      Memory: Page Cache Flush                                  0 / 0                 0 / 0                 0 / 0                 0 / 0           MB/s
[1590.163s][info][gc,stats    ]      Memory: Page Cache Hit L1                                12 / 14               12 / 40               12 / 78               12 / 78          ops/s
[1590.163s][info][gc,stats    ]      Memory: Page Cache Hit L2                                 0 / 0                 0 / 0                 0 / 0                 0 / 0           ops/s
[1590.163s][info][gc,stats    ]      Memory: Page Cache Hit L3                                 0 / 0                 0 / 0                 0 / 48                0 / 48          ops/s
[1590.163s][info][gc,stats    ]      Memory: Page Cache Miss                                   0 / 0                 0 / 0                 0 / 1                 0 / 1           ops/s
[1590.163s][info][gc,stats    ]      Memory: Uncommit                                          0 / 0                 0 / 0                 0 / 0                 0 / 0           MB/s
[1590.164s][info][gc,stats    ]      Memory: Undo Object Allocation Failed                     0 / 0                 0 / 0                 0 / 1                 0 / 1           ops/s
[1590.164s][info][gc,stats    ]      Memory: Undo Object Allocation Succeeded                  0 / 0                 0 / 0                 0 / 22                0 / 22          ops/s
[1590.164s][info][gc,stats    ]      Memory: Undo Page Allocation                              0 / 0                 0 / 2                 0 / 2                 0 / 2           ops/s
[1590.164s][info][gc,stats    ]       Phase: Concurrent Mark                               0.000 / 0.000        17.040 / 30.623       17.520 / 38.897       17.520 / 38.897      ms
[1590.164s][info][gc,stats    ]       Phase: Concurrent Mark Continue                      0.000 / 0.000         0.000 / 0.000         0.000 / 0.000         0.000 / 0.000       ms
[1590.164s][info][gc,stats    ]       Phase: Concurrent Mark Free                          0.000 / 0.000         0.001 / 0.003         0.001 / 0.004         0.001 / 0.004       ms
[1590.164s][info][gc,stats    ]       Phase: Concurrent Process Non-Strong References      0.000 / 0.000         9.345 / 18.281        9.142 / 18.281        9.142 / 18.281      ms
[1590.164s][info][gc,stats    ]       Phase: Concurrent Relocate                           0.000 / 0.000         0.842 / 1.646         0.940 / 6.891         0.940 / 6.891       ms
[1590.164s][info][gc,stats    ]       Phase: Concurrent Reset Relocation Set               0.000 / 0.000         0.004 / 0.011         0.004 / 0.011         0.004 / 0.011       ms
[1590.164s][info][gc,stats    ]       Phase: Concurrent Select Relocation Set              0.000 / 0.000         1.489 / 2.864         1.538 / 3.477         1.538 / 3.477       ms
[1590.164s][info][gc,stats    ]       Phase: Pause Mark End                                0.000 / 0.000         0.023 / 0.035         0.024 / 0.065         0.024 / 0.065       ms
[1590.164s][info][gc,stats    ]       Phase: Pause Mark Start                              0.000 / 0.000         0.010 / 0.037         0.011 / 0.037         0.011 / 0.037       ms
[1590.164s][info][gc,stats    ]       Phase: Pause Relocate Start                          0.000 / 0.000         0.009 / 0.012         0.009 / 0.019         0.009 / 0.019       ms
[1590.164s][info][gc,stats    ]    Subphase: Concurrent Classes Purge                      0.000 / 0.000         0.436 / 2.073         0.395 / 2.073         0.395 / 2.073       ms
[1590.164s][info][gc,stats    ]    Subphase: Concurrent Classes Unlink                     0.000 / 0.000         8.065 / 15.824        7.887 / 15.824        7.887 / 15.824      ms
[1590.164s][info][gc,stats    ]    Subphase: Concurrent Mark                               0.000 / 0.000        13.802 / 29.925       14.259 / 33.017       14.259 / 33.017      ms
[1590.164s][info][gc,stats    ]    Subphase: Concurrent Mark Try Flush                     0.000 / 0.000         0.129 / 0.331         0.127 / 0.331         0.127 / 0.331       ms
[1590.164s][info][gc,stats    ]    Subphase: Concurrent Mark Try Terminate                 0.000 / 0.000         1.890 / 17.115        1.852 / 17.115        1.852 / 17.115      ms
[1590.164s][info][gc,stats    ]    Subphase: Concurrent References Enqueue                 0.000 / 0.000         0.003 / 0.009         0.002 / 0.010         0.002 / 0.010       ms
[1590.164s][info][gc,stats    ]    Subphase: Concurrent References Process                 0.000 / 0.000         0.132 / 0.276         0.148 / 0.513         0.148 / 0.513       ms
[1590.164s][info][gc,stats    ]    Subphase: Concurrent Roots ClassLoaderDataGraph         0.000 / 0.000         0.133 / 0.356         0.144 / 0.547         0.144 / 0.547       ms
[1590.164s][info][gc,stats    ]    Subphase: Concurrent Roots CodeCache                    0.000 / 0.000         0.000 / 0.000         0.000 / 0.000         0.000 / 0.000       ms
[1590.164s][info][gc,stats    ]    Subphase: Concurrent Roots JavaThreads                  0.000 / 0.000         0.338 / 0.687         0.420 / 5.702         0.420 / 5.702       ms
[1590.164s][info][gc,stats    ]    Subphase: Concurrent Roots OopStorageSet                0.000 / 0.000         0.025 / 0.048         0.027 / 0.085         0.027 / 0.085       ms
[1590.164s][info][gc,stats    ]    Subphase: Concurrent Weak Roots OopStorageSet           0.000 / 0.000         0.494 / 0.708         0.495 / 0.939         0.495 / 0.939       ms
[1590.164s][info][gc,stats    ]    Subphase: Pause Mark Try Complete                       0.000 / 0.000         0.000 / 0.000         0.000 / 0.000         0.000 / 0.000       ms
[1590.164s][info][gc,stats    ]      System: Java Threads                                      0 / 0                32 / 33               32 / 34               32 / 34          threads
[1590.164s][info][gc,stats    ] =========================================================================================================================================================
[1593.867s][info][gc,start    ] GC(96) Garbage Collection (Proactive)
[1593.867s][info][gc,task     ] GC(96) Using 2 workers
[1593.867s][info][gc,phases   ] GC(96) Pause Mark Start 0.014ms
[1593.884s][info][gc,phases   ] GC(96) Concurrent Mark 16.064ms
[1593.884s][info][gc,phases   ] GC(96) Pause Mark End 0.057ms
[1593.884s][info][gc,phases   ] GC(96) Concurrent Mark Free 0.004ms
[1593.893s][info][gc,phases   ] GC(96) Concurrent Process Non-Strong References 8.534ms
[1593.893s][info][gc,phases   ] GC(96) Concurrent Reset Relocation Set 0.004ms
[1593.894s][info][gc,phases   ] GC(96) Concurrent Select Relocation Set 1.379ms
[1593.895s][info][gc,phases   ] GC(96) Pause Relocate Start 0.008ms
[1593.895s][info][gc,phases   ] GC(96) Concurrent Relocate 0.626ms
[1593.895s][info][gc,load     ] GC(96) Load: 0.00/0.00/0.00
[1593.895s][info][gc,mmu      ] GC(96) MMU: 2ms/96.8%, 5ms/98.7%, 10ms/99.2%, 20ms/99.6%, 50ms/99.8%, 100ms/99.9%
[1593.895s][info][gc,marking  ] GC(96) Mark: 2 stripe(s), 2 proactive flush(es), 1 terminate flush(es), 0 completion(s), 0 continuation(s) 
[1593.895s][info][gc,marking  ] GC(96) Mark Stack Usage: 32M
[1593.895s][info][gc,nmethod  ] GC(96) NMethods: 8657 registered, 1340 unregistered
[1593.895s][info][gc,metaspace] GC(96) Metaspace: 33M used, 33M committed, 1088M reserved
[1593.895s][info][gc,ref      ] GC(96) Soft: 4136 encountered, 0 discovered, 0 enqueued
[1593.895s][info][gc,ref      ] GC(96) Weak: 2186 encountered, 154 discovered, 0 enqueued
[1593.895s][info][gc,ref      ] GC(96) Final: 3 encountered, 0 discovered, 0 enqueued
[1593.895s][info][gc,ref      ] GC(96) Phantom: 279 encountered, 221 discovered, 0 enqueued
[1593.895s][info][gc,reloc    ] GC(96) Small Pages: 222 / 444M, Empty: 338M, Relocated: 1M, In-Place: 0
[1593.895s][info][gc,reloc    ] GC(96) Medium Pages: 1 / 32M, Empty: 0M, Relocated: 0M, In-Place: 0
[1593.895s][info][gc,reloc    ] GC(96) Large Pages: 0 / 0M, Empty: 0M, Relocated: 0M, In-Place: 0
[1593.895s][info][gc,reloc    ] GC(96) Forwarding Usage: 0M
[1593.895s][info][gc,heap     ] GC(96) Min Capacity: 4096M(100%)
[1593.895s][info][gc,heap     ] GC(96) Max Capacity: 4096M(100%)
[1593.895s][info][gc,heap     ] GC(96) Soft Max Capacity: 4096M(100%)
[1593.895s][info][gc,heap     ] GC(96)                Mark Start          Mark End        Relocate Start      Relocate End           High               Low         
[1593.895s][info][gc,heap     ] GC(96)  Capacity:     4096M (100%)       4096M (100%)       4096M (100%)       4096M (100%)       4096M (100%)       4096M (100%)   
[1593.895s][info][gc,heap     ] GC(96)      Free:     3620M (88%)        3608M (88%)        3946M (96%)        4030M (98%)        4030M (98%)        3608M (88%)    
[1593.895s][info][gc,heap     ] GC(96)      Used:      476M (12%)         488M (12%)         150M (4%)           66M (2%)          488M (12%)          66M (2%)     
[1593.895s][info][gc,heap     ] GC(96)      Live:         -                17M (0%)           17M (0%)           17M (0%)             -                  -          
[1593.895s][info][gc,heap     ] GC(96) Allocated:         -                12M (0%)           12M (0%)           12M (0%)             -                  -          
[1593.895s][info][gc,heap     ] GC(96)   Garbage:         -               458M (11%)         120M (3%)           36M (1%)             -                  -          
[1593.895s][info][gc,heap     ] GC(96) Reclaimed:         -                  -               338M (8%)          422M (10%)            -                  -          
[1593.895s][info][gc          ] GC(96) Garbage Collection (Proactive) 476M(12%)->66M(2%)
[1600.166s][info][gc,stats    ] === Garbage Collection Statistics =======================================================================================================================
[1600.166s][info][gc,stats    ]                                                              Last 10s              Last 10m              Last 10h                Total
[1600.166s][info][gc,stats    ]                                                              Avg / Max             Avg / Max             Avg / Max             Avg / Max
[1600.166s][info][gc,stats    ]   Collector: Garbage Collection Cycle                     28.652 / 28.652       29.871 / 43.979       30.596 / 54.411       30.596 / 54.411      ms
[1600.166s][info][gc,stats    ]  Contention: Mark Segment Reset Contention                     0 / 0                 0 / 1                 0 / 3                 0 / 3           ops/s
[1600.166s][info][gc,stats    ]  Contention: Mark SeqNum Reset Contention                      0 / 0                 0 / 2                 0 / 2                 0 / 2           ops/s
[1600.166s][info][gc,stats    ]    Critical: Allocation Stall                                  0 / 0                 0 / 0                 0 / 0                 0 / 0           ops/s
[1600.166s][info][gc,stats    ]    Critical: Allocation Stall                              0.000 / 0.000         0.000 / 0.000         0.000 / 0.000         0.000 / 0.000       ms
[1600.166s][info][gc,stats    ]    Critical: GC Locker Stall                                   0 / 0                 0 / 0                 0 / 0                 0 / 0           ops/s
[1600.166s][info][gc,stats    ]    Critical: GC Locker Stall                               0.000 / 0.000         0.000 / 0.000         0.000 / 0.000         0.000 / 0.000       ms
[1600.166s][info][gc,stats    ]    Critical: Relocation Stall                                  0 / 0                 0 / 0                 0 / 0                 0 / 0           ops/s
[1600.166s][info][gc,stats    ]    Critical: Relocation Stall                              0.000 / 0.000         0.000 / 0.000         0.000 / 0.000         0.000 / 0.000       ms
[1600.166s][info][gc,stats    ]      Memory: Allocation Rate                                  25 / 34               25 / 130              25 / 148              25 / 148         MB/s
[1600.166s][info][gc,stats    ]      Memory: Out Of Memory                                     0 / 0                 0 / 0                 0 / 0                 0 / 0           ops/s
[1600.166s][info][gc,stats    ]      Memory: Page Cache Flush                                  0 / 0                 0 / 0                 0 / 0                 0 / 0           MB/s
[1600.166s][info][gc,stats    ]      Memory: Page Cache Hit L1                                12 / 19               12 / 37               12 / 78               12 / 78          ops/s
[1600.166s][info][gc,stats    ]      Memory: Page Cache Hit L2                                 0 / 0                 0 / 0                 0 / 0                 0 / 0           ops/s
[1600.166s][info][gc,stats    ]      Memory: Page Cache Hit L3                                 0 / 0                 0 / 0                 0 / 48                0 / 48          ops/s
[1600.166s][info][gc,stats    ]      Memory: Page Cache Miss                                   0 / 0                 0 / 0                 0 / 1                 0 / 1           ops/s
[1600.166s][info][gc,stats    ]      Memory: Uncommit                                          0 / 0                 0 / 0                 0 / 0                 0 / 0           MB/s
[1600.166s][info][gc,stats    ]      Memory: Undo Object Allocation Failed                     0 / 0                 0 / 0                 0 / 1                 0 / 1           ops/s
[1600.166s][info][gc,stats    ]      Memory: Undo Object Allocation Succeeded                  0 / 0                 0 / 0                 0 / 22                0 / 22          ops/s
[1600.166s][info][gc,stats    ]      Memory: Undo Page Allocation                              0 / 0                 0 / 2                 0 / 2                 0 / 2           ops/s
[1600.166s][info][gc,stats    ]       Phase: Concurrent Mark                              16.064 / 16.064       16.960 / 30.623       17.505 / 38.897       17.505 / 38.897      ms
[1600.166s][info][gc,stats    ]       Phase: Concurrent Mark Continue                      0.000 / 0.000         0.000 / 0.000         0.000 / 0.000         0.000 / 0.000       ms
[1600.166s][info][gc,stats    ]       Phase: Concurrent Mark Free                          0.004 / 0.004         0.001 / 0.004         0.001 / 0.004         0.001 / 0.004       ms
[1600.166s][info][gc,stats    ]       Phase: Concurrent Process Non-Strong References      8.534 / 8.534         9.081 / 18.254        9.135 / 18.281        9.135 / 18.281      ms
[1600.166s][info][gc,stats    ]       Phase: Concurrent Relocate                           0.626 / 0.626         0.842 / 1.646         0.937 / 6.891         0.937 / 6.891       ms
[1600.166s][info][gc,stats    ]       Phase: Concurrent Reset Relocation Set               0.004 / 0.004         0.004 / 0.011         0.004 / 0.011         0.004 / 0.011       ms
[1600.166s][info][gc,stats    ]       Phase: Concurrent Select Relocation Set              1.379 / 1.379         1.488 / 2.864         1.537 / 3.477         1.537 / 3.477       ms
[1600.166s][info][gc,stats    ]       Phase: Pause Mark End                                0.057 / 0.057         0.024 / 0.057         0.024 / 0.065         0.024 / 0.065       ms
[1600.166s][info][gc,stats    ]       Phase: Pause Mark Start                              0.014 / 0.014         0.011 / 0.037         0.011 / 0.037         0.011 / 0.037       ms
[1600.166s][info][gc,stats    ]       Phase: Pause Relocate Start                          0.008 / 0.008         0.009 / 0.012         0.009 / 0.019         0.009 / 0.019       ms
[1600.166s][info][gc,stats    ]    Subphase: Concurrent Classes Purge                      0.311 / 0.311         0.392 / 2.073         0.394 / 2.073         0.394 / 2.073       ms
[1600.166s][info][gc,stats    ]    Subphase: Concurrent Classes Unlink                     7.401 / 7.401         7.852 / 15.824        7.882 / 15.824        7.882 / 15.824      ms
[1600.166s][info][gc,stats    ]    Subphase: Concurrent Mark                              13.031 / 15.444       13.779 / 29.925       14.246 / 33.017       14.246 / 33.017      ms
[1600.166s][info][gc,stats    ]    Subphase: Concurrent Mark Try Flush                     0.141 / 0.256         0.130 / 0.331         0.127 / 0.331         0.127 / 0.331       ms
[1600.166s][info][gc,stats    ]    Subphase: Concurrent Mark Try Terminate                 1.691 / 5.008         1.850 / 17.115        1.851 / 17.115        1.851 / 17.115      ms
[1600.166s][info][gc,stats    ]    Subphase: Concurrent References Enqueue                 0.001 / 0.001         0.002 / 0.009         0.002 / 0.010         0.002 / 0.010       ms
[1600.166s][info][gc,stats    ]    Subphase: Concurrent References Process                 0.139 / 0.139         0.132 / 0.276         0.148 / 0.513         0.148 / 0.513       ms
[1600.166s][info][gc,stats    ]    Subphase: Concurrent Roots ClassLoaderDataGraph         0.108 / 0.165         0.134 / 0.356         0.143 / 0.547         0.143 / 0.547       ms
[1600.166s][info][gc,stats    ]    Subphase: Concurrent Roots CodeCache                    0.000 / 0.000         0.000 / 0.000         0.000 / 0.000         0.000 / 0.000       ms
[1600.166s][info][gc,stats    ]    Subphase: Concurrent Roots JavaThreads                  0.267 / 0.324         0.338 / 0.687         0.419 / 5.702         0.419 / 5.702       ms
[1600.166s][info][gc,stats    ]    Subphase: Concurrent Roots OopStorageSet                0.021 / 0.030         0.025 / 0.048         0.027 / 0.085         0.027 / 0.085       ms
[1600.166s][info][gc,stats    ]    Subphase: Concurrent Weak Roots OopStorageSet           0.424 / 0.429         0.488 / 0.708         0.494 / 0.939         0.494 / 0.939       ms
[1600.166s][info][gc,stats    ]    Subphase: Pause Mark Try Complete                       0.000 / 0.000         0.000 / 0.000         0.000 / 0.000         0.000 / 0.000       ms
[1600.166s][info][gc,stats    ]      System: Java Threads                                     33 / 33               32 / 33               32 / 34               32 / 34          threads
[1600.166s][info][gc,stats    ] =========================================================================================================================================================
[1610.162s][info][gc,stats    ] === Garbage Collection Statistics =======================================================================================================================
[1610.162s][info][gc,stats    ]                                                              Last 10s              Last 10m              Last 10h                Total
[1610.162s][info][gc,stats    ]                                                              Avg / Max             Avg / Max             Avg / Max             Avg / Max
[1610.162s][info][gc,stats    ]   Collector: Garbage Collection Cycle                      0.000 / 0.000        29.938 / 43.979       30.596 / 54.411       30.596 / 54.411      ms
[1610.162s][info][gc,stats    ]  Contention: Mark Segment Reset Contention                     0 / 0                 0 / 1                 0 / 3                 0 / 3           ops/s
[1610.163s][info][gc,stats    ]  Contention: Mark SeqNum Reset Contention                      0 / 0                 0 / 2                 0 / 2                 0 / 2           ops/s
[1610.163s][info][gc,stats    ]    Critical: Allocation Stall                                  0 / 0                 0 / 0                 0 / 0                 0 / 0           ops/s
[1610.163s][info][gc,stats    ]    Critical: Allocation Stall                              0.000 / 0.000         0.000 / 0.000         0.000 / 0.000         0.000 / 0.000       ms
[1610.163s][info][gc,stats    ]    Critical: GC Locker Stall                                   0 / 0                 0 / 0                 0 / 0                 0 / 0           ops/s
[1610.163s][info][gc,stats    ]    Critical: GC Locker Stall                               0.000 / 0.000         0.000 / 0.000         0.000 / 0.000         0.000 / 0.000       ms
[1610.163s][info][gc,stats    ]    Critical: Relocation Stall                                  0 / 0                 0 / 0                 0 / 0                 0 / 0           ops/s
[1610.163s][info][gc,stats    ]    Critical: Relocation Stall                              0.000 / 0.000         0.000 / 0.000         0.000 / 0.000         0.000 / 0.000       ms
[1610.163s][info][gc,stats    ]      Memory: Allocation Rate                                  24 / 26               25 / 130              25 / 148              25 / 148         MB/s
[1610.163s][info][gc,stats    ]      Memory: Out Of Memory                                     0 / 0                 0 / 0                 0 / 0                 0 / 0           ops/s
[1610.163s][info][gc,stats    ]      Memory: Page Cache Flush                                  0 / 0                 0 / 0                 0 / 0                 0 / 0           MB/s
[1610.163s][info][gc,stats    ]      Memory: Page Cache Hit L1                                12 / 13               12 / 37               12 / 78               12 / 78          ops/s
[1610.163s][info][gc,stats    ]      Memory: Page Cache Hit L2                                 0 / 0                 0 / 0                 0 / 0                 0 / 0           ops/s
[1610.163s][info][gc,stats    ]      Memory: Page Cache Hit L3                                 0 / 0                 0 / 0                 0 / 48                0 / 48          ops/s
[1610.163s][info][gc,stats    ]      Memory: Page Cache Miss                                   0 / 0                 0 / 0                 0 / 1                 0 / 1           ops/s
[1610.163s][info][gc,stats    ]      Memory: Uncommit                                          0 / 0                 0 / 0                 0 / 0                 0 / 0           MB/s
[1610.163s][info][gc,stats    ]      Memory: Undo Object Allocation Failed                     0 / 0                 0 / 0                 0 / 1                 0 / 1           ops/s
[1610.163s][info][gc,stats    ]      Memory: Undo Object Allocation Succeeded                  0 / 0                 0 / 0                 0 / 22                0 / 22          ops/s
[1610.163s][info][gc,stats    ]      Memory: Undo Page Allocation                              0 / 0                 0 / 2                 0 / 2                 0 / 2           ops/s
[1610.163s][info][gc,stats    ]       Phase: Concurrent Mark                               0.000 / 0.000        17.001 / 30.623       17.505 / 38.897       17.505 / 38.897      ms
[1610.163s][info][gc,stats    ]       Phase: Concurrent Mark Continue                      0.000 / 0.000         0.000 / 0.000         0.000 / 0.000         0.000 / 0.000       ms
[1610.163s][info][gc,stats    ]       Phase: Concurrent Mark Free                          0.000 / 0.000         0.001 / 0.004         0.001 / 0.004         0.001 / 0.004       ms
[1610.163s][info][gc,stats    ]       Phase: Concurrent Process Non-Strong References      0.000 / 0.000         9.117 / 18.254        9.135 / 18.281        9.135 / 18.281      ms
[1610.163s][info][gc,stats    ]       Phase: Concurrent Relocate                           0.000 / 0.000         0.824 / 1.646         0.937 / 6.891         0.937 / 6.891       ms
[1610.163s][info][gc,stats    ]       Phase: Concurrent Reset Relocation Set               0.000 / 0.000         0.004 / 0.011         0.004 / 0.011         0.004 / 0.011       ms
[1610.163s][info][gc,stats    ]       Phase: Concurrent Select Relocation Set              0.000 / 0.000         1.487 / 2.864         1.537 / 3.477         1.537 / 3.477       ms
[1610.163s][info][gc,stats    ]       Phase: Pause Mark End                                0.000 / 0.000         0.024 / 0.057         0.024 / 0.065         0.024 / 0.065       ms
[1610.163s][info][gc,stats    ]       Phase: Pause Mark Start                              0.000 / 0.000         0.011 / 0.037         0.011 / 0.037         0.011 / 0.037       ms
[1610.163s][info][gc,stats    ]       Phase: Pause Relocate Start                          0.000 / 0.000         0.009 / 0.012         0.009 / 0.019         0.009 / 0.019       ms
[1610.163s][info][gc,stats    ]    Subphase: Concurrent Classes Purge                      0.000 / 0.000         0.392 / 2.073         0.394 / 2.073         0.394 / 2.073       ms
[1610.163s][info][gc,stats    ]    Subphase: Concurrent Classes Unlink                     0.000 / 0.000         7.886 / 15.824        7.882 / 15.824        7.882 / 15.824      ms
[1610.163s][info][gc,stats    ]    Subphase: Concurrent Mark                               0.000 / 0.000        13.770 / 29.925       14.246 / 33.017       14.246 / 33.017      ms
[1610.163s][info][gc,stats    ]    Subphase: Concurrent Mark Try Flush                     0.000 / 0.000         0.131 / 0.331         0.127 / 0.331         0.127 / 0.331       ms
[1610.163s][info][gc,stats    ]    Subphase: Concurrent Mark Try Terminate                 0.000 / 0.000         1.878 / 17.115        1.851 / 17.115        1.851 / 17.115      ms
[1610.163s][info][gc,stats    ]    Subphase: Concurrent References Enqueue                 0.000 / 0.000         0.002 / 0.009         0.002 / 0.010         0.002 / 0.010       ms
[1610.163s][info][gc,stats    ]    Subphase: Concurrent References Process                 0.000 / 0.000         0.131 / 0.276         0.148 / 0.513         0.148 / 0.513       ms
[1610.163s][info][gc,stats    ]    Subphase: Concurrent Roots ClassLoaderDataGraph         0.000 / 0.000         0.134 / 0.356         0.143 / 0.547         0.143 / 0.547       ms
[1610.163s][info][gc,stats    ]    Subphase: Concurrent Roots CodeCache                    0.000 / 0.000         0.000 / 0.000         0.000 / 0.000         0.000 / 0.000       ms
[1610.163s][info][gc,stats    ]    Subphase: Concurrent Roots JavaThreads                  0.000 / 0.000         0.338 / 0.687         0.419 / 5.702         0.419 / 5.702       ms
[1610.163s][info][gc,stats    ]    Subphase: Concurrent Roots OopStorageSet                0.000 / 0.000         0.025 / 0.048         0.027 / 0.085         0.027 / 0.085       ms
[1610.163s][info][gc,stats    ]    Subphase: Concurrent Weak Roots OopStorageSet           0.000 / 0.000         0.490 / 0.708         0.494 / 0.939         0.494 / 0.939       ms
[1610.163s][info][gc,stats    ]    Subphase: Pause Mark Try Complete                       0.000 / 0.000         0.000 / 0.000         0.000 / 0.000         0.000 / 0.000       ms
[1610.163s][info][gc,stats    ]      System: Java Threads                                      0 / 0                32 / 33               32 / 34               32 / 34          threads
[1610.163s][info][gc,stats    ] =========================================================================================================================================================
[1610.963s][info][gc,start    ] GC(97) Garbage Collection (Proactive)
[1610.963s][info][gc,task     ] GC(97) Using 2 workers
[1610.963s][info][gc,phases   ] GC(97) Pause Mark Start 0.011ms
[1610.980s][info][gc,phases   ] GC(97) Concurrent Mark 16.892ms
[1610.981s][info][gc,phases   ] GC(97) Pause Mark End 0.032ms
[1610.981s][info][gc,phases   ] GC(97) Concurrent Mark Free 0.002ms
[1610.990s][info][gc,phases   ] GC(97) Concurrent Process Non-Strong References 8.773ms
[1610.990s][info][gc,phases   ] GC(97) Concurrent Reset Relocation Set 0.004ms
[1610.991s][info][gc,phases   ] GC(97) Concurrent Select Relocation Set 1.494ms
[1610.991s][info][gc,phases   ] GC(97) Pause Relocate Start 0.008ms
[1610.992s][info][gc,phases   ] GC(97) Concurrent Relocate 0.601ms
[1610.992s][info][gc,load     ] GC(97) Load: 0.00/0.00/0.00
[1610.992s][info][gc,mmu      ] GC(97) MMU: 2ms/96.8%, 5ms/98.7%, 10ms/99.2%, 20ms/99.6%, 50ms/99.8%, 100ms/99.9%
[1610.992s][info][gc,marking  ] GC(97) Mark: 2 stripe(s), 2 proactive flush(es), 1 terminate flush(es), 0 completion(s), 0 continuation(s) 
[1610.992s][info][gc,marking  ] GC(97) Mark Stack Usage: 32M
[1610.992s][info][gc,nmethod  ] GC(97) NMethods: 8665 registered, 1340 unregistered
[1610.992s][info][gc,metaspace] GC(97) Metaspace: 33M used, 33M committed, 1088M reserved
[1610.992s][info][gc,ref      ] GC(97) Soft: 4136 encountered, 0 discovered, 0 enqueued
[1610.992s][info][gc,ref      ] GC(97) Weak: 2186 encountered, 312 discovered, 0 enqueued
[1610.992s][info][gc,ref      ] GC(97) Final: 3 encountered, 1 discovered, 0 enqueued
[1610.992s][info][gc,ref      ] GC(97) Phantom: 279 encountered, 144 discovered, 0 enqueued
[1610.992s][info][gc,reloc    ] GC(97) Small Pages: 222 / 444M, Empty: 336M, Relocated: 1M, In-Place: 0
[1610.992s][info][gc,reloc    ] GC(97) Medium Pages: 1 / 32M, Empty: 0M, Relocated: 0M, In-Place: 0
[1610.992s][info][gc,reloc    ] GC(97) Large Pages: 0 / 0M, Empty: 0M, Relocated: 0M, In-Place: 0
[1610.992s][info][gc,reloc    ] GC(97) Forwarding Usage: 0M
[1610.992s][info][gc,heap     ] GC(97) Min Capacity: 4096M(100%)
[1610.992s][info][gc,heap     ] GC(97) Max Capacity: 4096M(100%)
[1610.992s][info][gc,heap     ] GC(97) Soft Max Capacity: 4096M(100%)
[1610.992s][info][gc,heap     ] GC(97)                Mark Start          Mark End        Relocate Start      Relocate End           High               Low         
[1610.992s][info][gc,heap     ] GC(97)  Capacity:     4096M (100%)       4096M (100%)       4096M (100%)       4096M (100%)       4096M (100%)       4096M (100%)   
[1610.992s][info][gc,heap     ] GC(97)      Free:     3620M (88%)        3610M (88%)        3946M (96%)        4032M (98%)        4032M (98%)        3610M (88%)    
[1610.992s][info][gc,heap     ] GC(97)      Used:      476M (12%)         486M (12%)         150M (4%)           64M (2%)          486M (12%)          64M (2%)     
[1610.992s][info][gc,heap     ] GC(97)      Live:         -                17M (0%)           17M (0%)           17M (0%)             -                  -          
[1610.992s][info][gc,heap     ] GC(97) Allocated:         -                10M (0%)           10M (0%)           10M (0%)             -                  -          
[1610.992s][info][gc,heap     ] GC(97)   Garbage:         -               458M (11%)         122M (3%)           36M (1%)             -                  -          
[1610.992s][info][gc,heap     ] GC(97) Reclaimed:         -                  -               336M (8%)          422M (10%)            -                  -          
[1610.992s][info][gc          ] GC(97) Garbage Collection (Proactive) 476M(12%)->64M(2%)
[1620.154s][info][gc,stats    ] === Garbage Collection Statistics =======================================================================================================================
[1620.154s][info][gc,stats    ]                                                              Last 10s              Last 10m              Last 10h                Total
[1620.154s][info][gc,stats    ]                                                              Avg / Max             Avg / Max             Avg / Max             Avg / Max
[1620.154s][info][gc,stats    ]   Collector: Garbage Collection Cycle                     29.147 / 29.147       29.917 / 43.979       30.581 / 54.411       30.581 / 54.411      ms
[1620.154s][info][gc,stats    ]  Contention: Mark Segment Reset Contention                     0 / 0                 0 / 1                 0 / 3                 0 / 3           ops/s
[1620.154s][info][gc,stats    ]  Contention: Mark SeqNum Reset Contention                      0 / 0                 0 / 2                 0 / 2                 0 / 2           ops/s
[1620.154s][info][gc,stats    ]    Critical: Allocation Stall                                  0 / 0                 0 / 0                 0 / 0                 0 / 0           ops/s
[1620.154s][info][gc,stats    ]    Critical: Allocation Stall                              0.000 / 0.000         0.000 / 0.000         0.000 / 0.000         0.000 / 0.000       ms
[1620.154s][info][gc,stats    ]    Critical: GC Locker Stall                                   0 / 0                 0 / 0                 0 / 0                 0 / 0           ops/s
[1620.154s][info][gc,stats    ]    Critical: GC Locker Stall                               0.000 / 0.000         0.000 / 0.000         0.000 / 0.000         0.000 / 0.000       ms
[1620.154s][info][gc,stats    ]    Critical: Relocation Stall                                  0 / 0                 0 / 0                 0 / 0                 0 / 0           ops/s
[1620.154s][info][gc,stats    ]    Critical: Relocation Stall                              0.000 / 0.000         0.000 / 0.000         0.000 / 0.000         0.000 / 0.000       ms
[1620.154s][info][gc,stats    ]      Memory: Allocation Rate                                  24 / 32               25 / 130              25 / 148              25 / 148         MB/s
[1620.154s][info][gc,stats    ]      Memory: Out Of Memory                                     0 / 0                 0 / 0                 0 / 0                 0 / 0           ops/s
[1620.154s][info][gc,stats    ]      Memory: Page Cache Flush                                  0 / 0                 0 / 0                 0 / 0                 0 / 0           MB/s
[1620.154s][info][gc,stats    ]      Memory: Page Cache Hit L1                                12 / 18               12 / 37               12 / 78               12 / 78          ops/s
[1620.154s][info][gc,stats    ]      Memory: Page Cache Hit L2                                 0 / 0                 0 / 0                 0 / 0                 0 / 0           ops/s
[1620.154s][info][gc,stats    ]      Memory: Page Cache Hit L3                                 0 / 0                 0 / 0                 0 / 48                0 / 48          ops/s
[1620.154s][info][gc,stats    ]      Memory: Page Cache Miss                                   0 / 0                 0 / 0                 0 / 1                 0 / 1           ops/s
[1620.154s][info][gc,stats    ]      Memory: Uncommit                                          0 / 0                 0 / 0                 0 / 0                 0 / 0           MB/s
[1620.154s][info][gc,stats    ]      Memory: Undo Object Allocation Failed                     0 / 0                 0 / 0                 0 / 1                 0 / 1           ops/s
[1620.154s][info][gc,stats    ]      Memory: Undo Object Allocation Succeeded                  0 / 0                 0 / 0                 0 / 22                0 / 22          ops/s
[1620.154s][info][gc,stats    ]      Memory: Undo Page Allocation                              0 / 0                 0 / 2                 0 / 2                 0 / 2           ops/s
[1620.154s][info][gc,stats    ]       Phase: Concurrent Mark                              16.892 / 16.892       16.998 / 30.623       17.499 / 38.897       17.499 / 38.897      ms
[1620.154s][info][gc,stats    ]       Phase: Concurrent Mark Continue                      0.000 / 0.000         0.000 / 0.000         0.000 / 0.000         0.000 / 0.000       ms
[1620.154s][info][gc,stats    ]       Phase: Concurrent Mark Free                          0.002 / 0.002         0.001 / 0.004         0.001 / 0.004         0.001 / 0.004       ms
[1620.154s][info][gc,stats    ]       Phase: Concurrent Process Non-Strong References      8.773 / 8.773         9.108 / 18.254        9.132 / 18.281        9.132 / 18.281      ms
[1620.154s][info][gc,stats    ]       Phase: Concurrent Relocate                           0.601 / 0.601         0.818 / 1.646         0.933 / 6.891         0.933 / 6.891       ms
[1620.154s][info][gc,stats    ]       Phase: Concurrent Reset Relocation Set               0.004 / 0.004         0.004 / 0.011         0.004 / 0.011         0.004 / 0.011       ms
[1620.154s][info][gc,stats    ]       Phase: Concurrent Select Relocation Set              1.494 / 1.494         1.488 / 2.864         1.536 / 3.477         1.536 / 3.477       ms
[1620.154s][info][gc,stats    ]       Phase: Pause Mark End                                0.032 / 0.032         0.025 / 0.057         0.024 / 0.065         0.024 / 0.065       ms
[1620.154s][info][gc,stats    ]       Phase: Pause Mark Start                              0.011 / 0.011         0.011 / 0.037         0.011 / 0.037         0.011 / 0.037       ms
[1620.154s][info][gc,stats    ]       Phase: Pause Relocate Start                          0.008 / 0.008         0.009 / 0.012         0.009 / 0.019         0.009 / 0.019       ms
[1620.154s][info][gc,stats    ]    Subphase: Concurrent Classes Purge                      0.309 / 0.309         0.390 / 2.073         0.393 / 2.073         0.393 / 2.073       ms
[1620.154s][info][gc,stats    ]    Subphase: Concurrent Classes Unlink                     7.678 / 7.678         7.880 / 15.824        7.880 / 15.824        7.880 / 15.824      ms
[1620.154s][info][gc,stats    ]    Subphase: Concurrent Mark                              13.850 / 16.136       13.772 / 29.925       14.242 / 33.017       14.242 / 33.017      ms
[1620.154s][info][gc,stats    ]    Subphase: Concurrent Mark Try Flush                     0.095 / 0.156         0.130 / 0.331         0.127 / 0.331         0.127 / 0.331       ms
[1620.154s][info][gc,stats    ]    Subphase: Concurrent Mark Try Terminate                 1.762 / 5.228         1.875 / 17.115        1.850 / 17.115        1.850 / 17.115      ms
[1620.154s][info][gc,stats    ]    Subphase: Concurrent References Enqueue                 0.001 / 0.001         0.002 / 0.009         0.002 / 0.010         0.002 / 0.010       ms
[1620.154s][info][gc,stats    ]    Subphase: Concurrent References Process                 0.122 / 0.122         0.131 / 0.276         0.148 / 0.513         0.148 / 0.513       ms
[1620.154s][info][gc,stats    ]    Subphase: Concurrent Roots ClassLoaderDataGraph         0.189 / 0.301         0.135 / 0.356         0.144 / 0.547         0.144 / 0.547       ms
[1620.154s][info][gc,stats    ]    Subphase: Concurrent Roots CodeCache                    0.000 / 0.000         0.000 / 0.000         0.000 / 0.000         0.000 / 0.000       ms
[1620.154s][info][gc,stats    ]    Subphase: Concurrent Roots JavaThreads                  0.318 / 0.442         0.338 / 0.687         0.418 / 5.702         0.418 / 5.702       ms
[1620.154s][info][gc,stats    ]    Subphase: Concurrent Roots OopStorageSet                0.035 / 0.046         0.025 / 0.048         0.027 / 0.085         0.027 / 0.085       ms
[1620.154s][info][gc,stats    ]    Subphase: Concurrent Weak Roots OopStorageSet           0.410 / 0.411         0.488 / 0.708         0.493 / 0.939         0.493 / 0.939       ms
[1620.154s][info][gc,stats    ]    Subphase: Pause Mark Try Complete                       0.000 / 0.000         0.000 / 0.000         0.000 / 0.000         0.000 / 0.000       ms
[1620.154s][info][gc,stats    ]      System: Java Threads                                     33 / 33               32 / 33               32 / 34               32 / 34          threads
[1620.154s][info][gc,stats    ] =========================================================================================================================================================
[1628.257s][info][gc,start    ] GC(98) Garbage Collection (Proactive)
[1628.257s][info][gc,task     ] GC(98) Using 2 workers
[1628.257s][info][gc,phases   ] GC(98) Pause Mark Start 0.014ms
[1628.274s][info][gc,phases   ] GC(98) Concurrent Mark 16.891ms
[1628.274s][info][gc,phases   ] GC(98) Pause Mark End 0.020ms
[1628.275s][info][gc,phases   ] GC(98) Concurrent Mark Free 0.001ms
[1628.283s][info][gc,phases   ] GC(98) Concurrent Process Non-Strong References 8.774ms
[1628.283s][info][gc,phases   ] GC(98) Concurrent Reset Relocation Set 0.003ms
[1628.285s][info][gc,phases   ] GC(98) Concurrent Select Relocation Set 1.487ms
[1628.285s][info][gc,phases   ] GC(98) Pause Relocate Start 0.010ms
[1628.286s][info][gc,phases   ] GC(98) Concurrent Relocate 0.601ms
[1628.286s][info][gc,load     ] GC(98) Load: 0.00/0.00/0.00
[1628.286s][info][gc,mmu      ] GC(98) MMU: 2ms/96.8%, 5ms/98.7%, 10ms/99.2%, 20ms/99.6%, 50ms/99.8%, 100ms/99.9%
[1628.286s][info][gc,marking  ] GC(98) Mark: 2 stripe(s), 2 proactive flush(es), 1 terminate flush(es), 0 completion(s), 0 continuation(s) 
[1628.286s][info][gc,marking  ] GC(98) Mark Stack Usage: 32M
[1628.286s][info][gc,nmethod  ] GC(98) NMethods: 8667 registered, 1340 unregistered
[1628.286s][info][gc,metaspace] GC(98) Metaspace: 33M used, 33M committed, 1088M reserved
[1628.286s][info][gc,ref      ] GC(98) Soft: 4136 encountered, 0 discovered, 0 enqueued
[1628.286s][info][gc,ref      ] GC(98) Weak: 2186 encountered, 543 discovered, 0 enqueued
[1628.286s][info][gc,ref      ] GC(98) Final: 3 encountered, 0 discovered, 0 enqueued
[1628.286s][info][gc,ref      ] GC(98) Phantom: 278 encountered, 216 discovered, 0 enqueued
[1628.286s][info][gc,reloc    ] GC(98) Small Pages: 221 / 442M, Empty: 330M, Relocated: 1M, In-Place: 0
[1628.286s][info][gc,reloc    ] GC(98) Medium Pages: 1 / 32M, Empty: 0M, Relocated: 0M, In-Place: 0
[1628.286s][info][gc,reloc    ] GC(98) Large Pages: 0 / 0M, Empty: 0M, Relocated: 0M, In-Place: 0
[1628.286s][info][gc,reloc    ] GC(98) Forwarding Usage: 0M
[1628.286s][info][gc,heap     ] GC(98) Min Capacity: 4096M(100%)
[1628.286s][info][gc,heap     ] GC(98) Max Capacity: 4096M(100%)
[1628.286s][info][gc,heap     ] GC(98) Soft Max Capacity: 4096M(100%)
[1628.286s][info][gc,heap     ] GC(98)                Mark Start          Mark End        Relocate Start      Relocate End           High               Low         
[1628.286s][info][gc,heap     ] GC(98)  Capacity:     4096M (100%)       4096M (100%)       4096M (100%)       4096M (100%)       4096M (100%)       4096M (100%)   
[1628.286s][info][gc,heap     ] GC(98)      Free:     3622M (88%)        3610M (88%)        3940M (96%)        4030M (98%)        4030M (98%)        3610M (88%)    
[1628.286s][info][gc,heap     ] GC(98)      Used:      474M (12%)         486M (12%)         156M (4%)           66M (2%)          486M (12%)          66M (2%)     
[1628.286s][info][gc,heap     ] GC(98)      Live:         -                17M (0%)           17M (0%)           17M (0%)             -                  -          
[1628.286s][info][gc,heap     ] GC(98) Allocated:         -                12M (0%)           12M (0%)           12M (0%)             -                  -          
[1628.286s][info][gc,heap     ] GC(98)   Garbage:         -               456M (11%)         126M (3%)           36M (1%)             -                  -          
[1628.286s][info][gc,heap     ] GC(98) Reclaimed:         -                  -               330M (8%)          420M (10%)            -                  -          
[1628.286s][info][gc          ] GC(98) Garbage Collection (Proactive) 474M(12%)->66M(2%)
[1630.150s][info][gc,stats    ] === Garbage Collection Statistics =======================================================================================================================
[1630.150s][info][gc,stats    ]                                                              Last 10s              Last 10m              Last 10h                Total
[1630.150s][info][gc,stats    ]                                                              Avg / Max             Avg / Max             Avg / Max             Avg / Max
[1630.150s][info][gc,stats    ]   Collector: Garbage Collection Cycle                     29.047 / 29.047       29.932 / 43.979       30.566 / 54.411       30.566 / 54.411      ms
[1630.150s][info][gc,stats    ]  Contention: Mark Segment Reset Contention                     0 / 0                 0 / 1                 0 / 3                 0 / 3           ops/s
[1630.150s][info][gc,stats    ]  Contention: Mark SeqNum Reset Contention                      0 / 0                 0 / 2                 0 / 2                 0 / 2           ops/s
[1630.150s][info][gc,stats    ]    Critical: Allocation Stall                                  0 / 0                 0 / 0                 0 / 0                 0 / 0           ops/s
[1630.150s][info][gc,stats    ]    Critical: Allocation Stall                              0.000 / 0.000         0.000 / 0.000         0.000 / 0.000         0.000 / 0.000       ms
[1630.150s][info][gc,stats    ]    Critical: GC Locker Stall                                   0 / 0                 0 / 0                 0 / 0                 0 / 0           ops/s
[1630.150s][info][gc,stats    ]    Critical: GC Locker Stall                               0.000 / 0.000         0.000 / 0.000         0.000 / 0.000         0.000 / 0.000       ms
[1630.150s][info][gc,stats    ]    Critical: Relocation Stall                                  0 / 0                 0 / 0                 0 / 0                 0 / 0           ops/s
[1630.150s][info][gc,stats    ]    Critical: Relocation Stall                              0.000 / 0.000         0.000 / 0.000         0.000 / 0.000         0.000 / 0.000       ms
[1630.150s][info][gc,stats    ]      Memory: Allocation Rate                                  24 / 34               25 / 130              25 / 148              25 / 148         MB/s
[1630.150s][info][gc,stats    ]      Memory: Out Of Memory                                     0 / 0                 0 / 0                 0 / 0                 0 / 0           ops/s
[1630.151s][info][gc,stats    ]      Memory: Page Cache Flush                                  0 / 0                 0 / 0                 0 / 0                 0 / 0           MB/s
[1630.151s][info][gc,stats    ]      Memory: Page Cache Hit L1                                12 / 19               12 / 37               12 / 78               12 / 78          ops/s
[1630.151s][info][gc,stats    ]      Memory: Page Cache Hit L2                                 0 / 0                 0 / 0                 0 / 0                 0 / 0           ops/s
[1630.151s][info][gc,stats    ]      Memory: Page Cache Hit L3                                 0 / 0                 0 / 0                 0 / 48                0 / 48          ops/s
[1630.151s][info][gc,stats    ]      Memory: Page Cache Miss                                   0 / 0                 0 / 0                 0 / 1                 0 / 1           ops/s
[1630.151s][info][gc,stats    ]      Memory: Uncommit                                          0 / 0                 0 / 0                 0 / 0                 0 / 0           MB/s
[1630.151s][info][gc,stats    ]      Memory: Undo Object Allocation Failed                     0 / 0                 0 / 0                 0 / 1                 0 / 1           ops/s
[1630.151s][info][gc,stats    ]      Memory: Undo Object Allocation Succeeded                  0 / 0                 0 / 0                 0 / 22                0 / 22          ops/s
[1630.151s][info][gc,stats    ]      Memory: Undo Page Allocation                              0 / 0                 0 / 1                 0 / 2                 0 / 2           ops/s
[1630.151s][info][gc,stats    ]       Phase: Concurrent Mark                              16.891 / 16.891       17.000 / 30.623       17.493 / 38.897       17.493 / 38.897      ms
[1630.151s][info][gc,stats    ]       Phase: Concurrent Mark Continue                      0.000 / 0.000         0.000 / 0.000         0.000 / 0.000         0.000 / 0.000       ms
[1630.151s][info][gc,stats    ]       Phase: Concurrent Mark Free                          0.001 / 0.001         0.001 / 0.004         0.001 / 0.004         0.001 / 0.004       ms
[1630.151s][info][gc,stats    ]       Phase: Concurrent Process Non-Strong References      8.774 / 8.774         9.134 / 18.254        9.128 / 18.281        9.128 / 18.281      ms
[1630.151s][info][gc,stats    ]       Phase: Concurrent Relocate                           0.601 / 0.601         0.818 / 1.646         0.930 / 6.891         0.930 / 6.891       ms
[1630.151s][info][gc,stats    ]       Phase: Concurrent Reset Relocation Set               0.003 / 0.003         0.004 / 0.011         0.004 / 0.011         0.004 / 0.011       ms
[1630.151s][info][gc,stats    ]       Phase: Concurrent Select Relocation Set              1.487 / 1.487         1.497 / 2.864         1.536 / 3.477         1.536 / 3.477       ms
[1630.151s][info][gc,stats    ]       Phase: Pause Mark End                                0.020 / 0.020         0.024 / 0.057         0.024 / 0.065         0.024 / 0.065       ms
[1630.151s][info][gc,stats    ]       Phase: Pause Mark Start                              0.014 / 0.014         0.011 / 0.037         0.011 / 0.037         0.011 / 0.037       ms
[1630.151s][info][gc,stats    ]       Phase: Pause Relocate Start                          0.010 / 0.010         0.009 / 0.012         0.009 / 0.019         0.009 / 0.019       ms
[1630.151s][info][gc,stats    ]    Subphase: Concurrent Classes Purge                      0.341 / 0.341         0.391 / 2.073         0.392 / 2.073         0.392 / 2.073       ms
[1630.151s][info][gc,stats    ]    Subphase: Concurrent Classes Unlink                     7.316 / 7.316         7.896 / 15.824        7.874 / 15.824        7.874 / 15.824      ms
[1630.151s][info][gc,stats    ]    Subphase: Concurrent Mark                              13.618 / 16.223       13.763 / 29.925       14.236 / 33.017       14.236 / 33.017      ms
[1630.151s][info][gc,stats    ]    Subphase: Concurrent Mark Try Flush                     0.152 / 0.260         0.130 / 0.331         0.127 / 0.331         0.127 / 0.331       ms
[1630.151s][info][gc,stats    ]    Subphase: Concurrent Mark Try Terminate                 1.811 / 5.370         1.881 / 17.115        1.849 / 17.115        1.849 / 17.115      ms
[1630.151s][info][gc,stats    ]    Subphase: Concurrent References Enqueue                 0.001 / 0.001         0.002 / 0.009         0.002 / 0.010         0.002 / 0.010       ms
[1630.151s][info][gc,stats    ]    Subphase: Concurrent References Process                 0.205 / 0.205         0.133 / 0.276         0.148 / 0.513         0.148 / 0.513       ms
[1630.151s][info][gc,stats    ]    Subphase: Concurrent Roots ClassLoaderDataGraph         0.130 / 0.230         0.136 / 0.356         0.144 / 0.547         0.144 / 0.547       ms
[1630.151s][info][gc,stats    ]    Subphase: Concurrent Roots CodeCache                    0.000 / 0.000         0.000 / 0.000         0.000 / 0.000         0.000 / 0.000       ms
[1630.151s][info][gc,stats    ]    Subphase: Concurrent Roots JavaThreads                  0.324 / 0.419         0.339 / 0.687         0.417 / 5.702         0.417 / 5.702       ms
[1630.151s][info][gc,stats    ]    Subphase: Concurrent Roots OopStorageSet                0.021 / 0.028         0.025 / 0.048         0.027 / 0.085         0.027 / 0.085       ms
[1630.151s][info][gc,stats    ]    Subphase: Concurrent Weak Roots OopStorageSet           0.657 / 0.659         0.494 / 0.708         0.495 / 0.939         0.495 / 0.939       ms
[1630.151s][info][gc,stats    ]    Subphase: Pause Mark Try Complete                       0.000 / 0.000         0.000 / 0.000         0.000 / 0.000         0.000 / 0.000       ms
[1630.151s][info][gc,stats    ]      System: Java Threads                                     33 / 33               32 / 33               32 / 34               32 / 34          threads
[1630.151s][info][gc,stats    ] =========================================================================================================================================================
[1640.160s][info][gc,stats    ] === Garbage Collection Statistics =======================================================================================================================
[1640.160s][info][gc,stats    ]                                                              Last 10s              Last 10m              Last 10h                Total
[1640.160s][info][gc,stats    ]                                                              Avg / Max             Avg / Max             Avg / Max             Avg / Max
[1640.160s][info][gc,stats    ]   Collector: Garbage Collection Cycle                      0.000 / 0.000        29.971 / 43.979       30.566 / 54.411       30.566 / 54.411      ms
[1640.160s][info][gc,stats    ]  Contention: Mark Segment Reset Contention                     0 / 0                 0 / 1                 0 / 3                 0 / 3           ops/s
[1640.160s][info][gc,stats    ]  Contention: Mark SeqNum Reset Contention                      0 / 0                 0 / 2                 0 / 2                 0 / 2           ops/s
[1640.160s][info][gc,stats    ]    Critical: Allocation Stall                                  0 / 0                 0 / 0                 0 / 0                 0 / 0           ops/s
[1640.160s][info][gc,stats    ]    Critical: Allocation Stall                              0.000 / 0.000         0.000 / 0.000         0.000 / 0.000         0.000 / 0.000       ms
[1640.160s][info][gc,stats    ]    Critical: GC Locker Stall                                   0 / 0                 0 / 0                 0 / 0                 0 / 0           ops/s
[1640.160s][info][gc,stats    ]    Critical: GC Locker Stall                               0.000 / 0.000         0.000 / 0.000         0.000 / 0.000         0.000 / 0.000       ms
[1640.160s][info][gc,stats    ]    Critical: Relocation Stall                                  0 / 0                 0 / 0                 0 / 0                 0 / 0           ops/s
[1640.160s][info][gc,stats    ]    Critical: Relocation Stall                              0.000 / 0.000         0.000 / 0.000         0.000 / 0.000         0.000 / 0.000       ms
[1640.160s][info][gc,stats    ]      Memory: Allocation Rate                                  24 / 26               25 / 130              25 / 148              25 / 148         MB/s
[1640.160s][info][gc,stats    ]      Memory: Out Of Memory                                     0 / 0                 0 / 0                 0 / 0                 0 / 0           ops/s
[1640.160s][info][gc,stats    ]      Memory: Page Cache Flush                                  0 / 0                 0 / 0                 0 / 0                 0 / 0           MB/s
[1640.160s][info][gc,stats    ]      Memory: Page Cache Hit L1                                12 / 13               12 / 37               12 / 78               12 / 78          ops/s
[1640.160s][info][gc,stats    ]      Memory: Page Cache Hit L2                                 0 / 0                 0 / 0                 0 / 0                 0 / 0           ops/s
[1640.160s][info][gc,stats    ]      Memory: Page Cache Hit L3                                 0 / 0                 0 / 0                 0 / 48                0 / 48          ops/s
[1640.160s][info][gc,stats    ]      Memory: Page Cache Miss                                   0 / 0                 0 / 0                 0 / 1                 0 / 1           ops/s
[1640.160s][info][gc,stats    ]      Memory: Uncommit                                          0 / 0                 0 / 0                 0 / 0                 0 / 0           MB/s
[1640.160s][info][gc,stats    ]      Memory: Undo Object Allocation Failed                     0 / 0                 0 / 0                 0 / 1                 0 / 1           ops/s
[1640.160s][info][gc,stats    ]      Memory: Undo Object Allocation Succeeded                  0 / 0                 0 / 0                 0 / 22                0 / 22          ops/s
[1640.160s][info][gc,stats    ]      Memory: Undo Page Allocation                              0 / 0                 0 / 1                 0 / 2                 0 / 2           ops/s
[1640.160s][info][gc,stats    ]       Phase: Concurrent Mark                               0.000 / 0.000        17.001 / 30.623       17.493 / 38.897       17.493 / 38.897      ms
[1640.160s][info][gc,stats    ]       Phase: Concurrent Mark Continue                      0.000 / 0.000         0.000 / 0.000         0.000 / 0.000         0.000 / 0.000       ms
[1640.160s][info][gc,stats    ]       Phase: Concurrent Mark Free                          0.000 / 0.000         0.001 / 0.004         0.001 / 0.004         0.001 / 0.004       ms
[1640.160s][info][gc,stats    ]       Phase: Concurrent Process Non-Strong References      0.000 / 0.000         9.160 / 18.254        9.128 / 18.281        9.128 / 18.281      ms
[1640.160s][info][gc,stats    ]       Phase: Concurrent Relocate                           0.000 / 0.000         0.815 / 1.646         0.930 / 6.891         0.930 / 6.891       ms
[1640.160s][info][gc,stats    ]       Phase: Concurrent Reset Relocation Set               0.000 / 0.000         0.004 / 0.011         0.004 / 0.011         0.004 / 0.011       ms
[1640.160s][info][gc,stats    ]       Phase: Concurrent Select Relocation Set              0.000 / 0.000         1.504 / 2.864         1.536 / 3.477         1.536 / 3.477       ms
[1640.160s][info][gc,stats    ]       Phase: Pause Mark End                                0.000 / 0.000         0.025 / 0.057         0.024 / 0.065         0.024 / 0.065       ms
[1640.160s][info][gc,stats    ]       Phase: Pause Mark Start                              0.000 / 0.000         0.011 / 0.037         0.011 / 0.037         0.011 / 0.037       ms
[1640.160s][info][gc,stats    ]       Phase: Pause Relocate Start                          0.000 / 0.000         0.009 / 0.012         0.009 / 0.019         0.009 / 0.019       ms
[1640.160s][info][gc,stats    ]    Subphase: Concurrent Classes Purge                      0.000 / 0.000         0.393 / 2.073         0.392 / 2.073         0.392 / 2.073       ms
[1640.160s][info][gc,stats    ]    Subphase: Concurrent Classes Unlink                     0.000 / 0.000         7.917 / 15.824        7.874 / 15.824        7.874 / 15.824      ms
[1640.160s][info][gc,stats    ]    Subphase: Concurrent Mark                               0.000 / 0.000        13.758 / 29.925       14.236 / 33.017       14.236 / 33.017      ms
[1640.160s][info][gc,stats    ]    Subphase: Concurrent Mark Try Flush                     0.000 / 0.000         0.130 / 0.331         0.127 / 0.331         0.127 / 0.331       ms
[1640.160s][info][gc,stats    ]    Subphase: Concurrent Mark Try Terminate                 0.000 / 0.000         1.880 / 17.115        1.849 / 17.115        1.849 / 17.115      ms
[1640.160s][info][gc,stats    ]    Subphase: Concurrent References Enqueue                 0.000 / 0.000         0.002 / 0.009         0.002 / 0.010         0.002 / 0.010       ms
[1640.160s][info][gc,stats    ]    Subphase: Concurrent References Process                 0.000 / 0.000         0.134 / 0.276         0.148 / 0.513         0.148 / 0.513       ms
[1640.160s][info][gc,stats    ]    Subphase: Concurrent Roots ClassLoaderDataGraph         0.000 / 0.000         0.136 / 0.356         0.144 / 0.547         0.144 / 0.547       ms
[1640.160s][info][gc,stats    ]    Subphase: Concurrent Roots CodeCache                    0.000 / 0.000         0.000 / 0.000         0.000 / 0.000         0.000 / 0.000       ms
[1640.160s][info][gc,stats    ]    Subphase: Concurrent Roots JavaThreads                  0.000 / 0.000         0.338 / 0.687         0.417 / 5.702         0.417 / 5.702       ms
[1640.160s][info][gc,stats    ]    Subphase: Concurrent Roots OopStorageSet                0.000 / 0.000         0.025 / 0.048         0.027 / 0.085         0.027 / 0.085       ms
[1640.160s][info][gc,stats    ]    Subphase: Concurrent Weak Roots OopStorageSet           0.000 / 0.000         0.496 / 0.708         0.495 / 0.939         0.495 / 0.939       ms
[1640.160s][info][gc,stats    ]    Subphase: Pause Mark Try Complete                       0.000 / 0.000         0.000 / 0.000         0.000 / 0.000         0.000 / 0.000       ms
[1640.160s][info][gc,stats    ]      System: Java Threads                                      0 / 0                32 / 33               32 / 34               32 / 34          threads
[1640.161s][info][gc,stats    ] =========================================================================================================================================================
[1645.663s][info][gc,start    ] GC(99) Garbage Collection (Proactive)
[1645.663s][info][gc,task     ] GC(99) Using 2 workers
[1645.663s][info][gc,phases   ] GC(99) Pause Mark Start 0.008ms
[1645.679s][info][gc,phases   ] GC(99) Concurrent Mark 14.688ms
[1645.679s][info][gc,phases   ] GC(99) Pause Mark End 0.029ms
[1645.679s][info][gc,phases   ] GC(99) Concurrent Mark Free 0.001ms
[1645.687s][info][gc,phases   ] GC(99) Concurrent Process Non-Strong References 7.922ms
[1645.687s][info][gc,phases   ] GC(99) Concurrent Reset Relocation Set 0.003ms
[1645.688s][info][gc,phases   ] GC(99) Concurrent Select Relocation Set 1.137ms
[1645.689s][info][gc,phases   ] GC(99) Pause Relocate Start 0.009ms
[1645.689s][info][gc,phases   ] GC(99) Concurrent Relocate 0.605ms
[1645.689s][info][gc,load     ] GC(99) Load: 0.00/0.00/0.00
[1645.689s][info][gc,mmu      ] GC(99) MMU: 2ms/96.8%, 5ms/98.7%, 10ms/99.2%, 20ms/99.6%, 50ms/99.8%, 100ms/99.9%
[1645.689s][info][gc,marking  ] GC(99) Mark: 2 stripe(s), 2 proactive flush(es), 1 terminate flush(es), 0 completion(s), 0 continuation(s) 
[1645.689s][info][gc,marking  ] GC(99) Mark Stack Usage: 32M
[1645.689s][info][gc,nmethod  ] GC(99) NMethods: 8694 registered, 1340 unregistered
[1645.689s][info][gc,metaspace] GC(99) Metaspace: 33M used, 33M committed, 1088M reserved
[1645.689s][info][gc,ref      ] GC(99) Soft: 4136 encountered, 0 discovered, 0 enqueued
[1645.689s][info][gc,ref      ] GC(99) Weak: 2186 encountered, 361 discovered, 0 enqueued
[1645.689s][info][gc,ref      ] GC(99) Final: 3 encountered, 1 discovered, 0 enqueued
[1645.689s][info][gc,ref      ] GC(99) Phantom: 279 encountered, 150 discovered, 0 enqueued
[1645.689s][info][gc,reloc    ] GC(99) Small Pages: 222 / 444M, Empty: 318M, Relocated: 1M, In-Place: 0
[1645.689s][info][gc,reloc    ] GC(99) Medium Pages: 1 / 32M, Empty: 0M, Relocated: 0M, In-Place: 0
[1645.689s][info][gc,reloc    ] GC(99) Large Pages: 0 / 0M, Empty: 0M, Relocated: 0M, In-Place: 0
[1645.689s][info][gc,reloc    ] GC(99) Forwarding Usage: 0M
[1645.689s][info][gc,heap     ] GC(99) Min Capacity: 4096M(100%)
[1645.689s][info][gc,heap     ] GC(99) Max Capacity: 4096M(100%)
[1645.689s][info][gc,heap     ] GC(99) Soft Max Capacity: 4096M(100%)
[1645.689s][info][gc,heap     ] GC(99)                Mark Start          Mark End        Relocate Start      Relocate End           High               Low         
[1645.689s][info][gc,heap     ] GC(99)  Capacity:     4096M (100%)       4096M (100%)       4096M (100%)       4096M (100%)       4096M (100%)       4096M (100%)   
[1645.689s][info][gc,heap     ] GC(99)      Free:     3620M (88%)        3608M (88%)        3926M (96%)        4030M (98%)        4030M (98%)        3608M (88%)    
[1645.689s][info][gc,heap     ] GC(99)      Used:      476M (12%)         488M (12%)         170M (4%)           66M (2%)          488M (12%)          66M (2%)     
[1645.689s][info][gc,heap     ] GC(99)      Live:         -                17M (0%)           17M (0%)           17M (0%)             -                  -          
[1645.689s][info][gc,heap     ] GC(99) Allocated:         -                12M (0%)           12M (0%)           12M (0%)             -                  -          
[1645.689s][info][gc,heap     ] GC(99)   Garbage:         -               458M (11%)         140M (3%)           36M (1%)             -                  -          
[1645.689s][info][gc,heap     ] GC(99) Reclaimed:         -                  -               318M (8%)          422M (10%)            -                  -          
[1645.689s][info][gc          ] GC(99) Garbage Collection (Proactive) 476M(12%)->66M(2%)
[1650.151s][info][gc,stats    ] === Garbage Collection Statistics =======================================================================================================================
[1650.151s][info][gc,stats    ]                                                              Last 10s              Last 10m              Last 10h                Total
[1650.151s][info][gc,stats    ]                                                              Avg / Max             Avg / Max             Avg / Max             Avg / Max
[1650.151s][info][gc,stats    ]   Collector: Garbage Collection Cycle                     26.186 / 26.186       29.869 / 43.979       30.522 / 54.411       30.522 / 54.411      ms
[1650.151s][info][gc,stats    ]  Contention: Mark Segment Reset Contention                     0 / 0                 0 / 1                 0 / 3                 0 / 3           ops/s
[1650.151s][info][gc,stats    ]  Contention: Mark SeqNum Reset Contention                      0 / 0                 0 / 2                 0 / 2                 0 / 2           ops/s
[1650.151s][info][gc,stats    ]    Critical: Allocation Stall                                  0 / 0                 0 / 0                 0 / 0                 0 / 0           ops/s
[1650.151s][info][gc,stats    ]    Critical: Allocation Stall                              0.000 / 0.000         0.000 / 0.000         0.000 / 0.000         0.000 / 0.000       ms
[1650.151s][info][gc,stats    ]    Critical: GC Locker Stall                                   0 / 0                 0 / 0                 0 / 0                 0 / 0           ops/s
[1650.151s][info][gc,stats    ]    Critical: GC Locker Stall                               0.000 / 0.000         0.000 / 0.000         0.000 / 0.000         0.000 / 0.000       ms
[1650.151s][info][gc,stats    ]    Critical: Relocation Stall                                  0 / 0                 0 / 0                 0 / 0                 0 / 0           ops/s
[1650.151s][info][gc,stats    ]    Critical: Relocation Stall                              0.000 / 0.000         0.000 / 0.000         0.000 / 0.000         0.000 / 0.000       ms
[1650.151s][info][gc,stats    ]      Memory: Allocation Rate                                  25 / 30               25 / 130              25 / 148              25 / 148         MB/s
[1650.151s][info][gc,stats    ]      Memory: Out Of Memory                                     0 / 0                 0 / 0                 0 / 0                 0 / 0           ops/s
[1650.151s][info][gc,stats    ]      Memory: Page Cache Flush                                  0 / 0                 0 / 0                 0 / 0                 0 / 0           MB/s
[1650.151s][info][gc,stats    ]      Memory: Page Cache Hit L1                                12 / 17               12 / 37               12 / 78               12 / 78          ops/s
[1650.151s][info][gc,stats    ]      Memory: Page Cache Hit L2                                 0 / 0                 0 / 0                 0 / 0                 0 / 0           ops/s
[1650.151s][info][gc,stats    ]      Memory: Page Cache Hit L3                                 0 / 0                 0 / 0                 0 / 48                0 / 48          ops/s
[1650.151s][info][gc,stats    ]      Memory: Page Cache Miss                                   0 / 0                 0 / 0                 0 / 1                 0 / 1           ops/s
[1650.151s][info][gc,stats    ]      Memory: Uncommit                                          0 / 0                 0 / 0                 0 / 0                 0 / 0           MB/s
[1650.151s][info][gc,stats    ]      Memory: Undo Object Allocation Failed                     0 / 0                 0 / 0                 0 / 1                 0 / 1           ops/s
[1650.151s][info][gc,stats    ]      Memory: Undo Object Allocation Succeeded                  0 / 0                 0 / 0                 0 / 22                0 / 22          ops/s
[1650.151s][info][gc,stats    ]      Memory: Undo Page Allocation                              0 / 1                 0 / 1                 0 / 2                 0 / 2           ops/s
[1650.151s][info][gc,stats    ]       Phase: Concurrent Mark                              14.688 / 14.688       16.939 / 30.623       17.465 / 38.897       17.465 / 38.897      ms
[1650.151s][info][gc,stats    ]       Phase: Concurrent Mark Continue                      0.000 / 0.000         0.000 / 0.000         0.000 / 0.000         0.000 / 0.000       ms
[1650.151s][info][gc,stats    ]       Phase: Concurrent Mark Free                          0.001 / 0.001         0.001 / 0.004         0.001 / 0.004         0.001 / 0.004       ms
[1650.151s][info][gc,stats    ]       Phase: Concurrent Process Non-Strong References      7.922 / 7.922         9.126 / 18.254        9.116 / 18.281        9.116 / 18.281      ms
[1650.151s][info][gc,stats    ]       Phase: Concurrent Relocate                           0.605 / 0.605         0.809 / 1.646         0.926 / 6.891         0.926 / 6.891       ms
[1650.151s][info][gc,stats    ]       Phase: Concurrent Reset Relocation Set               0.003 / 0.003         0.004 / 0.011         0.004 / 0.011         0.004 / 0.011       ms
[1650.151s][info][gc,stats    ]       Phase: Concurrent Select Relocation Set              1.137 / 1.137         1.494 / 2.864         1.532 / 3.477         1.532 / 3.477       ms
[1650.151s][info][gc,stats    ]       Phase: Pause Mark End                                0.029 / 0.029         0.025 / 0.057         0.024 / 0.065         0.024 / 0.065       ms
[1650.151s][info][gc,stats    ]       Phase: Pause Mark Start                              0.008 / 0.008         0.011 / 0.037         0.011 / 0.037         0.011 / 0.037       ms
[1650.151s][info][gc,stats    ]       Phase: Pause Relocate Start                          0.009 / 0.009         0.009 / 0.012         0.009 / 0.019         0.009 / 0.019       ms
[1650.151s][info][gc,stats    ]    Subphase: Concurrent Classes Purge                      0.253 / 0.253         0.389 / 2.073         0.391 / 2.073         0.391 / 2.073       ms
[1650.151s][info][gc,stats    ]    Subphase: Concurrent Classes Unlink                     7.034 / 7.034         7.893 / 15.824        7.866 / 15.824        7.866 / 15.824      ms
[1650.151s][info][gc,stats    ]    Subphase: Concurrent Mark                              12.580 / 14.025       13.726 / 29.925       14.219 / 33.017       14.219 / 33.017      ms
[1650.151s][info][gc,stats    ]    Subphase: Concurrent Mark Try Flush                     0.106 / 0.227         0.129 / 0.331         0.127 / 0.331         0.127 / 0.331       ms
[1650.151s][info][gc,stats    ]    Subphase: Concurrent Mark Try Terminate                 1.292 / 3.849         1.864 / 17.115        1.844 / 17.115        1.844 / 17.115      ms
[1650.151s][info][gc,stats    ]    Subphase: Concurrent References Enqueue                 0.001 / 0.001         0.002 / 0.009         0.002 / 0.010         0.002 / 0.010       ms
[1650.151s][info][gc,stats    ]    Subphase: Concurrent References Process                 0.075 / 0.075         0.133 / 0.276         0.148 / 0.513         0.148 / 0.513       ms
[1650.151s][info][gc,stats    ]    Subphase: Concurrent Roots ClassLoaderDataGraph         0.110 / 0.179         0.135 / 0.356         0.143 / 0.547         0.143 / 0.547       ms
[1650.151s][info][gc,stats    ]    Subphase: Concurrent Roots CodeCache                    0.000 / 0.000         0.000 / 0.000         0.000 / 0.000         0.000 / 0.000       ms
[1650.151s][info][gc,stats    ]    Subphase: Concurrent Roots JavaThreads                  0.269 / 0.338         0.336 / 0.687         0.415 / 5.702         0.415 / 5.702       ms
[1650.151s][info][gc,stats    ]    Subphase: Concurrent Roots OopStorageSet                0.023 / 0.029         0.025 / 0.048         0.027 / 0.085         0.027 / 0.085       ms
[1650.151s][info][gc,stats    ]    Subphase: Concurrent Weak Roots OopStorageSet           0.342 / 0.342         0.492 / 0.708         0.493 / 0.939         0.493 / 0.939       ms
[1650.151s][info][gc,stats    ]    Subphase: Pause Mark Try Complete                       0.000 / 0.000         0.000 / 0.000         0.000 / 0.000         0.000 / 0.000       ms
[1650.151s][info][gc,stats    ]      System: Java Threads                                     33 / 33               32 / 33               32 / 34               32 / 34          threads
[1650.151s][info][gc,stats    ] =========================================================================================================================================================
[1660.159s][info][gc,stats    ] === Garbage Collection Statistics =======================================================================================================================
[1660.159s][info][gc,stats    ]                                                              Last 10s              Last 10m              Last 10h                Total
[1660.159s][info][gc,stats    ]                                                              Avg / Max             Avg / Max             Avg / Max             Avg / Max
[1660.159s][info][gc,stats    ]   Collector: Garbage Collection Cycle                      0.000 / 0.000        29.907 / 43.979       30.522 / 54.411       30.522 / 54.411      ms
[1660.159s][info][gc,stats    ]  Contention: Mark Segment Reset Contention                     0 / 0                 0 / 1                 0 / 3                 0 / 3           ops/s
[1660.159s][info][gc,stats    ]  Contention: Mark SeqNum Reset Contention                      0 / 0                 0 / 2                 0 / 2                 0 / 2           ops/s
[1660.159s][info][gc,stats    ]    Critical: Allocation Stall                                  0 / 0                 0 / 0                 0 / 0                 0 / 0           ops/s
[1660.159s][info][gc,stats    ]    Critical: Allocation Stall                              0.000 / 0.000         0.000 / 0.000         0.000 / 0.000         0.000 / 0.000       ms
[1660.159s][info][gc,stats    ]    Critical: GC Locker Stall                                   0 / 0                 0 / 0                 0 / 0                 0 / 0           ops/s
[1660.159s][info][gc,stats    ]    Critical: GC Locker Stall                               0.000 / 0.000         0.000 / 0.000         0.000 / 0.000         0.000 / 0.000       ms
[1660.159s][info][gc,stats    ]    Critical: Relocation Stall                                  0 / 0                 0 / 0                 0 / 0                 0 / 0           ops/s
[1660.159s][info][gc,stats    ]    Critical: Relocation Stall                              0.000 / 0.000         0.000 / 0.000         0.000 / 0.000         0.000 / 0.000       ms
[1660.159s][info][gc,stats    ]      Memory: Allocation Rate                                  23 / 26               25 / 130              25 / 148              25 / 148         MB/s
[1660.159s][info][gc,stats    ]      Memory: Out Of Memory                                     0 / 0                 0 / 0                 0 / 0                 0 / 0           ops/s
[1660.159s][info][gc,stats    ]      Memory: Page Cache Flush                                  0 / 0                 0 / 0                 0 / 0                 0 / 0           MB/s
[1660.159s][info][gc,stats    ]      Memory: Page Cache Hit L1                                11 / 13               12 / 37               12 / 78               12 / 78          ops/s
[1660.159s][info][gc,stats    ]      Memory: Page Cache Hit L2                                 0 / 0                 0 / 0                 0 / 0                 0 / 0           ops/s
[1660.159s][info][gc,stats    ]      Memory: Page Cache Hit L3                                 0 / 0                 0 / 0                 0 / 48                0 / 48          ops/s
[1660.159s][info][gc,stats    ]      Memory: Page Cache Miss                                   0 / 0                 0 / 0                 0 / 1                 0 / 1           ops/s
[1660.159s][info][gc,stats    ]      Memory: Uncommit                                          0 / 0                 0 / 0                 0 / 0                 0 / 0           MB/s
[1660.159s][info][gc,stats    ]      Memory: Undo Object Allocation Failed                     0 / 0                 0 / 0                 0 / 1                 0 / 1           ops/s
[1660.159s][info][gc,stats    ]      Memory: Undo Object Allocation Succeeded                  0 / 0                 0 / 0                 0 / 22                0 / 22          ops/s
[1660.159s][info][gc,stats    ]      Memory: Undo Page Allocation                              0 / 0                 0 / 1                 0 / 2                 0 / 2           ops/s
[1660.159s][info][gc,stats    ]       Phase: Concurrent Mark                               0.000 / 0.000        16.939 / 30.623       17.465 / 38.897       17.465 / 38.897      ms
[1660.159s][info][gc,stats    ]       Phase: Concurrent Mark Continue                      0.000 / 0.000         0.000 / 0.000         0.000 / 0.000         0.000 / 0.000       ms
[1660.159s][info][gc,stats    ]       Phase: Concurrent Mark Free                          0.000 / 0.000         0.001 / 0.004         0.001 / 0.004         0.001 / 0.004       ms
[1660.159s][info][gc,stats    ]       Phase: Concurrent Process Non-Strong References      0.000 / 0.000         9.156 / 18.254        9.116 / 18.281        9.116 / 18.281      ms
[1660.159s][info][gc,stats    ]       Phase: Concurrent Relocate                           0.000 / 0.000         0.815 / 1.646         0.926 / 6.891         0.926 / 6.891       ms
[1660.159s][info][gc,stats    ]       Phase: Concurrent Reset Relocation Set               0.000 / 0.000         0.004 / 0.011         0.004 / 0.011         0.004 / 0.011       ms
[1660.159s][info][gc,stats    ]       Phase: Concurrent Select Relocation Set              0.000 / 0.000         1.494 / 2.864         1.532 / 3.477         1.532 / 3.477       ms
[1660.159s][info][gc,stats    ]       Phase: Pause Mark End                                0.000 / 0.000         0.024 / 0.057         0.024 / 0.065         0.024 / 0.065       ms
[1660.159s][info][gc,stats    ]       Phase: Pause Mark Start                              0.000 / 0.000         0.011 / 0.037         0.011 / 0.037         0.011 / 0.037       ms
[1660.159s][info][gc,stats    ]       Phase: Pause Relocate Start                          0.000 / 0.000         0.009 / 0.012         0.009 / 0.019         0.009 / 0.019       ms
[1660.159s][info][gc,stats    ]    Subphase: Concurrent Classes Purge                      0.000 / 0.000         0.392 / 2.073         0.391 / 2.073         0.391 / 2.073       ms
[1660.159s][info][gc,stats    ]    Subphase: Concurrent Classes Unlink                     0.000 / 0.000         7.918 / 15.824        7.866 / 15.824        7.866 / 15.824      ms
[1660.159s][info][gc,stats    ]    Subphase: Concurrent Mark                               0.000 / 0.000        13.725 / 29.925       14.219 / 33.017       14.219 / 33.017      ms
[1660.159s][info][gc,stats    ]    Subphase: Concurrent Mark Try Flush                     0.000 / 0.000         0.130 / 0.331         0.127 / 0.331         0.127 / 0.331       ms
[1660.159s][info][gc,stats    ]    Subphase: Concurrent Mark Try Terminate                 0.000 / 0.000         1.863 / 17.115        1.844 / 17.115        1.844 / 17.115      ms
[1660.159s][info][gc,stats    ]    Subphase: Concurrent References Enqueue                 0.000 / 0.000         0.002 / 0.009         0.002 / 0.010         0.002 / 0.010       ms
[1660.159s][info][gc,stats    ]    Subphase: Concurrent References Process                 0.000 / 0.000         0.132 / 0.276         0.148 / 0.513         0.148 / 0.513       ms
[1660.159s][info][gc,stats    ]    Subphase: Concurrent Roots ClassLoaderDataGraph         0.000 / 0.000         0.135 / 0.356         0.143 / 0.547         0.143 / 0.547       ms
[1660.159s][info][gc,stats    ]    Subphase: Concurrent Roots CodeCache                    0.000 / 0.000         0.000 / 0.000         0.000 / 0.000         0.000 / 0.000       ms
[1660.159s][info][gc,stats    ]    Subphase: Concurrent Roots JavaThreads                  0.000 / 0.000         0.337 / 0.687         0.415 / 5.702         0.415 / 5.702       ms
[1660.159s][info][gc,stats    ]    Subphase: Concurrent Roots OopStorageSet                0.000 / 0.000         0.025 / 0.048         0.027 / 0.085         0.027 / 0.085       ms
[1660.159s][info][gc,stats    ]    Subphase: Concurrent Weak Roots OopStorageSet           0.000 / 0.000         0.495 / 0.708         0.493 / 0.939         0.493 / 0.939       ms
[1660.159s][info][gc,stats    ]    Subphase: Pause Mark Try Complete                       0.000 / 0.000         0.000 / 0.000         0.000 / 0.000         0.000 / 0.000       ms
[1660.159s][info][gc,stats    ]      System: Java Threads                                      0 / 0                32 / 33               32 / 34               32 / 34          threads
[1660.159s][info][gc,stats    ] =========================================================================================================================================================
[1663.054s][info][gc,start    ] GC(100) Garbage Collection (Proactive)
[1663.054s][info][gc,task     ] GC(100) Using 2 workers
[1663.054s][info][gc,phases   ] GC(100) Pause Mark Start 0.015ms
[1663.071s][info][gc,phases   ] GC(100) Concurrent Mark 16.284ms
[1663.071s][info][gc,phases   ] GC(100) Pause Mark End 0.019ms
[1663.071s][info][gc,phases   ] GC(100) Concurrent Mark Free 0.001ms
[1663.080s][info][gc,phases   ] GC(100) Concurrent Process Non-Strong References 8.570ms
[1663.080s][info][gc,phases   ] GC(100) Concurrent Reset Relocation Set 0.004ms
[1663.082s][info][gc,phases   ] GC(100) Concurrent Select Relocation Set 2.409ms
[1663.083s][info][gc,phases   ] GC(100) Pause Relocate Start 0.010ms
[1663.084s][info][gc,phases   ] GC(100) Concurrent Relocate 1.292ms
[1663.084s][info][gc,load     ] GC(100) Load: 0.00/0.00/0.00
[1663.084s][info][gc,mmu      ] GC(100) MMU: 2ms/96.8%, 5ms/98.7%, 10ms/99.2%, 20ms/99.6%, 50ms/99.8%, 100ms/99.9%
[1663.084s][info][gc,marking  ] GC(100) Mark: 2 stripe(s), 2 proactive flush(es), 1 terminate flush(es), 0 completion(s), 0 continuation(s) 
[1663.084s][info][gc,marking  ] GC(100) Mark Stack Usage: 32M
[1663.084s][info][gc,nmethod  ] GC(100) NMethods: 8708 registered, 1340 unregistered
[1663.084s][info][gc,metaspace] GC(100) Metaspace: 33M used, 33M committed, 1088M reserved
[1663.084s][info][gc,ref      ] GC(100) Soft: 4136 encountered, 0 discovered, 0 enqueued
[1663.084s][info][gc,ref      ] GC(100) Weak: 2186 encountered, 272 discovered, 0 enqueued
[1663.084s][info][gc,ref      ] GC(100) Final: 3 encountered, 0 discovered, 0 enqueued
[1663.084s][info][gc,ref      ] GC(100) Phantom: 279 encountered, 219 discovered, 0 enqueued
[1663.084s][info][gc,reloc    ] GC(100) Small Pages: 222 / 444M, Empty: 330M, Relocated: 1M, In-Place: 0
[1663.084s][info][gc,reloc    ] GC(100) Medium Pages: 1 / 32M, Empty: 0M, Relocated: 0M, In-Place: 0
[1663.084s][info][gc,reloc    ] GC(100) Large Pages: 0 / 0M, Empty: 0M, Relocated: 0M, In-Place: 0
[1663.084s][info][gc,reloc    ] GC(100) Forwarding Usage: 0M
[1663.084s][info][gc,heap     ] GC(100) Min Capacity: 4096M(100%)
[1663.084s][info][gc,heap     ] GC(100) Max Capacity: 4096M(100%)
[1663.084s][info][gc,heap     ] GC(100) Soft Max Capacity: 4096M(100%)
[1663.084s][info][gc,heap     ] GC(100)                Mark Start          Mark End        Relocate Start      Relocate End           High               Low         
[1663.084s][info][gc,heap     ] GC(100)  Capacity:     4096M (100%)       4096M (100%)       4096M (100%)       4096M (100%)       4096M (100%)       4096M (100%)   
[1663.084s][info][gc,heap     ] GC(100)      Free:     3620M (88%)        3608M (88%)        3938M (96%)        4030M (98%)        4030M (98%)        3608M (88%)    
[1663.084s][info][gc,heap     ] GC(100)      Used:      476M (12%)         488M (12%)         158M (4%)           66M (2%)          488M (12%)          66M (2%)     
[1663.084s][info][gc,heap     ] GC(100)      Live:         -                17M (0%)           17M (0%)           17M (0%)             -                  -          
[1663.084s][info][gc,heap     ] GC(100) Allocated:         -                12M (0%)           12M (0%)           12M (0%)             -                  -          
[1663.084s][info][gc,heap     ] GC(100)   Garbage:         -               458M (11%)         128M (3%)           36M (1%)             -                  -          
[1663.084s][info][gc,heap     ] GC(100) Reclaimed:         -                  -               330M (8%)          422M (10%)            -                  -          
[1663.085s][info][gc          ] GC(100) Garbage Collection (Proactive) 476M(12%)->66M(2%)
[1670.153s][info][gc,stats    ] === Garbage Collection Statistics =======================================================================================================================
[1670.153s][info][gc,stats    ]                                                              Last 10s              Last 10m              Last 10h                Total
[1670.153s][info][gc,stats    ]                                                              Avg / Max             Avg / Max             Avg / Max             Avg / Max
[1670.154s][info][gc,stats    ]   Collector: Garbage Collection Cycle                     30.344 / 30.344       29.919 / 43.979       30.520 / 54.411       30.520 / 54.411      ms
[1670.154s][info][gc,stats    ]  Contention: Mark Segment Reset Contention                     0 / 0                 0 / 1                 0 / 3                 0 / 3           ops/s
[1670.154s][info][gc,stats    ]  Contention: Mark SeqNum Reset Contention                      0 / 0                 0 / 2                 0 / 2                 0 / 2           ops/s
[1670.154s][info][gc,stats    ]    Critical: Allocation Stall                                  0 / 0                 0 / 0                 0 / 0                 0 / 0           ops/s
[1670.154s][info][gc,stats    ]    Critical: Allocation Stall                              0.000 / 0.000         0.000 / 0.000         0.000 / 0.000         0.000 / 0.000       ms
[1670.154s][info][gc,stats    ]    Critical: GC Locker Stall                                   0 / 0                 0 / 0                 0 / 0                 0 / 0           ops/s
[1670.154s][info][gc,stats    ]    Critical: GC Locker Stall                               0.000 / 0.000         0.000 / 0.000         0.000 / 0.000         0.000 / 0.000       ms
[1670.154s][info][gc,stats    ]    Critical: Relocation Stall                                  0 / 0                 0 / 0                 0 / 0                 0 / 0           ops/s
[1670.154s][info][gc,stats    ]    Critical: Relocation Stall                              0.000 / 0.000         0.000 / 0.000         0.000 / 0.000         0.000 / 0.000       ms
[1670.154s][info][gc,stats    ]      Memory: Allocation Rate                                  24 / 34               25 / 130              25 / 148              25 / 148         MB/s
[1670.154s][info][gc,stats    ]      Memory: Out Of Memory                                     0 / 0                 0 / 0                 0 / 0                 0 / 0           ops/s
[1670.154s][info][gc,stats    ]      Memory: Page Cache Flush                                  0 / 0                 0 / 0                 0 / 0                 0 / 0           MB/s
[1670.154s][info][gc,stats    ]      Memory: Page Cache Hit L1                                12 / 19               12 / 37               12 / 78               12 / 78          ops/s
[1670.154s][info][gc,stats    ]      Memory: Page Cache Hit L2                                 0 / 0                 0 / 0                 0 / 0                 0 / 0           ops/s
[1670.154s][info][gc,stats    ]      Memory: Page Cache Hit L3                                 0 / 0                 0 / 0                 0 / 48                0 / 48          ops/s
[1670.154s][info][gc,stats    ]      Memory: Page Cache Miss                                   0 / 0                 0 / 0                 0 / 1                 0 / 1           ops/s
[1670.154s][info][gc,stats    ]      Memory: Uncommit                                          0 / 0                 0 / 0                 0 / 0                 0 / 0           MB/s
[1670.154s][info][gc,stats    ]      Memory: Undo Object Allocation Failed                     0 / 0                 0 / 0                 0 / 1                 0 / 1           ops/s
[1670.154s][info][gc,stats    ]      Memory: Undo Object Allocation Succeeded                  0 / 0                 0 / 0                 0 / 22                0 / 22          ops/s
[1670.154s][info][gc,stats    ]      Memory: Undo Page Allocation                              0 / 1                 0 / 1                 0 / 2                 0 / 2           ops/s
[1670.154s][info][gc,stats    ]       Phase: Concurrent Mark                              16.284 / 16.284       16.921 / 30.623       17.453 / 38.897       17.453 / 38.897      ms
[1670.154s][info][gc,stats    ]       Phase: Concurrent Mark Continue                      0.000 / 0.000         0.000 / 0.000         0.000 / 0.000         0.000 / 0.000       ms
[1670.154s][info][gc,stats    ]       Phase: Concurrent Mark Free                          0.001 / 0.001         0.001 / 0.004         0.001 / 0.004         0.001 / 0.004       ms
[1670.154s][info][gc,stats    ]       Phase: Concurrent Process Non-Strong References      8.570 / 8.570         9.140 / 18.254        9.110 / 18.281        9.110 / 18.281      ms
[1670.154s][info][gc,stats    ]       Phase: Concurrent Relocate                           1.292 / 1.292         0.828 / 1.646         0.930 / 6.891         0.930 / 6.891       ms
[1670.154s][info][gc,stats    ]       Phase: Concurrent Reset Relocation Set               0.004 / 0.004         0.004 / 0.011         0.004 / 0.011         0.004 / 0.011       ms
[1670.154s][info][gc,stats    ]       Phase: Concurrent Select Relocation Set              2.409 / 2.409         1.518 / 2.864         1.540 / 3.477         1.540 / 3.477       ms
[1670.154s][info][gc,stats    ]       Phase: Pause Mark End                                0.019 / 0.019         0.024 / 0.057         0.024 / 0.065         0.024 / 0.065       ms
[1670.154s][info][gc,stats    ]       Phase: Pause Mark Start                              0.015 / 0.015         0.011 / 0.037         0.011 / 0.037         0.011 / 0.037       ms
[1670.154s][info][gc,stats    ]       Phase: Pause Relocate Start                          0.010 / 0.010         0.009 / 0.012         0.009 / 0.019         0.009 / 0.019       ms
[1670.154s][info][gc,stats    ]    Subphase: Concurrent Classes Purge                      0.311 / 0.311         0.390 / 2.073         0.390 / 2.073         0.390 / 2.073       ms
[1670.154s][info][gc,stats    ]    Subphase: Concurrent Classes Unlink                     7.376 / 7.376         7.903 / 15.824        7.861 / 15.824        7.861 / 15.824      ms
[1670.154s][info][gc,stats    ]    Subphase: Concurrent Mark                              13.315 / 15.604       13.714 / 29.925       14.210 / 33.017       14.210 / 33.017      ms
[1670.154s][info][gc,stats    ]    Subphase: Concurrent Mark Try Flush                     0.119 / 0.174         0.129 / 0.331         0.127 / 0.331         0.127 / 0.331       ms
[1670.154s][info][gc,stats    ]    Subphase: Concurrent Mark Try Terminate                 1.726 / 5.113         1.860 / 17.115        1.843 / 17.115        1.843 / 17.115      ms
[1670.154s][info][gc,stats    ]    Subphase: Concurrent References Enqueue                 0.001 / 0.001         0.002 / 0.009         0.002 / 0.010         0.002 / 0.010       ms
[1670.154s][info][gc,stats    ]    Subphase: Concurrent References Process                 0.116 / 0.116         0.132 / 0.276         0.147 / 0.513         0.147 / 0.513       ms
[1670.154s][info][gc,stats    ]    Subphase: Concurrent Roots ClassLoaderDataGraph         0.124 / 0.204         0.135 / 0.356         0.143 / 0.547         0.143 / 0.547       ms
[1670.154s][info][gc,stats    ]    Subphase: Concurrent Roots CodeCache                    0.000 / 0.000         0.000 / 0.000         0.000 / 0.000         0.000 / 0.000       ms
[1670.154s][info][gc,stats    ]    Subphase: Concurrent Roots JavaThreads                  0.294 / 0.375         0.336 / 0.687         0.414 / 5.702         0.414 / 5.702       ms
[1670.154s][info][gc,stats    ]    Subphase: Concurrent Roots OopStorageSet                0.020 / 0.028         0.025 / 0.048         0.026 / 0.085         0.026 / 0.085       ms
[1670.154s][info][gc,stats    ]    Subphase: Concurrent Weak Roots OopStorageSet           0.533 / 0.533         0.495 / 0.708         0.494 / 0.939         0.494 / 0.939       ms
[1670.154s][info][gc,stats    ]    Subphase: Pause Mark Try Complete                       0.000 / 0.000         0.000 / 0.000         0.000 / 0.000         0.000 / 0.000       ms
[1670.154s][info][gc,stats    ]      System: Java Threads                                     33 / 33               32 / 33               32 / 34               32 / 34          threads
[1670.154s][info][gc,stats    ] =========================================================================================================================================================
[1680.164s][info][gc,stats    ] === Garbage Collection Statistics =======================================================================================================================
[1680.164s][info][gc,stats    ]                                                              Last 10s              Last 10m              Last 10h                Total
[1680.164s][info][gc,stats    ]                                                              Avg / Max             Avg / Max             Avg / Max             Avg / Max
[1680.164s][info][gc,stats    ]   Collector: Garbage Collection Cycle                      0.000 / 0.000        29.954 / 43.979       30.520 / 54.411       30.520 / 54.411      ms
[1680.164s][info][gc,stats    ]  Contention: Mark Segment Reset Contention                     0 / 0                 0 / 1                 0 / 3                 0 / 3           ops/s
[1680.164s][info][gc,stats    ]  Contention: Mark SeqNum Reset Contention                      0 / 0                 0 / 2                 0 / 2                 0 / 2           ops/s
[1680.164s][info][gc,stats    ]    Critical: Allocation Stall                                  0 / 0                 0 / 0                 0 / 0                 0 / 0           ops/s
[1680.164s][info][gc,stats    ]    Critical: Allocation Stall                              0.000 / 0.000         0.000 / 0.000         0.000 / 0.000         0.000 / 0.000       ms
[1680.164s][info][gc,stats    ]    Critical: GC Locker Stall                                   0 / 0                 0 / 0                 0 / 0                 0 / 0           ops/s
[1680.164s][info][gc,stats    ]    Critical: GC Locker Stall                               0.000 / 0.000         0.000 / 0.000         0.000 / 0.000         0.000 / 0.000       ms
[1680.164s][info][gc,stats    ]    Critical: Relocation Stall                                  0 / 0                 0 / 0                 0 / 0                 0 / 0           ops/s
[1680.164s][info][gc,stats    ]    Critical: Relocation Stall                              0.000 / 0.000         0.000 / 0.000         0.000 / 0.000         0.000 / 0.000       ms
[1680.164s][info][gc,stats    ]      Memory: Allocation Rate                                  23 / 26               25 / 130              25 / 148              25 / 148         MB/s
[1680.164s][info][gc,stats    ]      Memory: Out Of Memory                                     0 / 0                 0 / 0                 0 / 0                 0 / 0           ops/s
[1680.164s][info][gc,stats    ]      Memory: Page Cache Flush                                  0 / 0                 0 / 0                 0 / 0                 0 / 0           MB/s
[1680.164s][info][gc,stats    ]      Memory: Page Cache Hit L1                                11 / 13               12 / 37               12 / 78               12 / 78          ops/s
[1680.164s][info][gc,stats    ]      Memory: Page Cache Hit L2                                 0 / 0                 0 / 0                 0 / 0                 0 / 0           ops/s
[1680.164s][info][gc,stats    ]      Memory: Page Cache Hit L3                                 0 / 0                 0 / 0                 0 / 48                0 / 48          ops/s
[1680.164s][info][gc,stats    ]      Memory: Page Cache Miss                                   0 / 0                 0 / 0                 0 / 1                 0 / 1           ops/s
[1680.164s][info][gc,stats    ]      Memory: Uncommit                                          0 / 0                 0 / 0                 0 / 0                 0 / 0           MB/s
[1680.164s][info][gc,stats    ]      Memory: Undo Object Allocation Failed                     0 / 0                 0 / 0                 0 / 1                 0 / 1           ops/s
[1680.164s][info][gc,stats    ]      Memory: Undo Object Allocation Succeeded                  0 / 0                 0 / 0                 0 / 22                0 / 22          ops/s
[1680.164s][info][gc,stats    ]      Memory: Undo Page Allocation                              0 / 1                 0 / 1                 0 / 2                 0 / 2           ops/s
[1680.164s][info][gc,stats    ]       Phase: Concurrent Mark                               0.000 / 0.000        16.993 / 30.623       17.453 / 38.897       17.453 / 38.897      ms
[1680.164s][info][gc,stats    ]       Phase: Concurrent Mark Continue                      0.000 / 0.000         0.000 / 0.000         0.000 / 0.000         0.000 / 0.000       ms
[1680.164s][info][gc,stats    ]       Phase: Concurrent Mark Free                          0.000 / 0.000         0.001 / 0.004         0.001 / 0.004         0.001 / 0.004       ms
[1680.164s][info][gc,stats    ]       Phase: Concurrent Process Non-Strong References      0.000 / 0.000         9.148 / 18.254        9.110 / 18.281        9.110 / 18.281      ms
[1680.164s][info][gc,stats    ]       Phase: Concurrent Relocate                           0.000 / 0.000         0.818 / 1.646         0.930 / 6.891         0.930 / 6.891       ms
[1680.164s][info][gc,stats    ]       Phase: Concurrent Reset Relocation Set               0.000 / 0.000         0.004 / 0.011         0.004 / 0.011         0.004 / 0.011       ms
[1680.164s][info][gc,stats    ]       Phase: Concurrent Select Relocation Set              0.000 / 0.000         1.493 / 2.864         1.540 / 3.477         1.540 / 3.477       ms
[1680.164s][info][gc,stats    ]       Phase: Pause Mark End                                0.000 / 0.000         0.024 / 0.057         0.024 / 0.065         0.024 / 0.065       ms
[1680.164s][info][gc,stats    ]       Phase: Pause Mark Start                              0.000 / 0.000         0.011 / 0.037         0.011 / 0.037         0.011 / 0.037       ms
[1680.164s][info][gc,stats    ]       Phase: Pause Relocate Start                          0.000 / 0.000         0.009 / 0.012         0.009 / 0.019         0.009 / 0.019       ms
[1680.164s][info][gc,stats    ]    Subphase: Concurrent Classes Purge                      0.000 / 0.000         0.392 / 2.073         0.390 / 2.073         0.390 / 2.073       ms
[1680.164s][info][gc,stats    ]    Subphase: Concurrent Classes Unlink                     0.000 / 0.000         7.913 / 15.824        7.861 / 15.824        7.861 / 15.824      ms
[1680.164s][info][gc,stats    ]    Subphase: Concurrent Mark                               0.000 / 0.000        13.749 / 29.925       14.210 / 33.017       14.210 / 33.017      ms
[1680.164s][info][gc,stats    ]    Subphase: Concurrent Mark Try Flush                     0.000 / 0.000         0.130 / 0.331         0.127 / 0.331         0.127 / 0.331       ms
[1680.164s][info][gc,stats    ]    Subphase: Concurrent Mark Try Terminate                 0.000 / 0.000         1.879 / 17.115        1.843 / 17.115        1.843 / 17.115      ms
[1680.164s][info][gc,stats    ]    Subphase: Concurrent References Enqueue                 0.000 / 0.000         0.002 / 0.009         0.002 / 0.010         0.002 / 0.010       ms
[1680.164s][info][gc,stats    ]    Subphase: Concurrent References Process                 0.000 / 0.000         0.131 / 0.276         0.147 / 0.513         0.147 / 0.513       ms
[1680.164s][info][gc,stats    ]    Subphase: Concurrent Roots ClassLoaderDataGraph         0.000 / 0.000         0.135 / 0.356         0.143 / 0.547         0.143 / 0.547       ms
[1680.164s][info][gc,stats    ]    Subphase: Concurrent Roots CodeCache                    0.000 / 0.000         0.000 / 0.000         0.000 / 0.000         0.000 / 0.000       ms
[1680.164s][info][gc,stats    ]    Subphase: Concurrent Roots JavaThreads                  0.000 / 0.000         0.338 / 0.687         0.414 / 5.702         0.414 / 5.702       ms
[1680.164s][info][gc,stats    ]    Subphase: Concurrent Roots OopStorageSet                0.000 / 0.000         0.025 / 0.048         0.026 / 0.085         0.026 / 0.085       ms
[1680.164s][info][gc,stats    ]    Subphase: Concurrent Weak Roots OopStorageSet           0.000 / 0.000         0.494 / 0.708         0.494 / 0.939         0.494 / 0.939       ms
[1680.164s][info][gc,stats    ]    Subphase: Pause Mark Try Complete                       0.000 / 0.000         0.000 / 0.000         0.000 / 0.000         0.000 / 0.000       ms
[1680.164s][info][gc,stats    ]      System: Java Threads                                      0 / 0                32 / 33               32 / 34               32 / 34          threads
[1680.164s][info][gc,stats    ] =========================================================================================================================================================
[1680.566s][info][gc,start    ] GC(101) Garbage Collection (Proactive)
[1680.566s][info][gc,task     ] GC(101) Using 2 workers
[1680.566s][info][gc,phases   ] GC(101) Pause Mark Start 0.014ms
[1680.583s][info][gc,phases   ] GC(101) Concurrent Mark 16.092ms
[1680.583s][info][gc,phases   ] GC(101) Pause Mark End 0.024ms
[1680.584s][info][gc,phases   ] GC(101) Concurrent Mark Free 0.003ms
[1680.593s][info][gc,phases   ] GC(101) Concurrent Process Non-Strong References 9.028ms
[1680.593s][info][gc,phases   ] GC(101) Concurrent Reset Relocation Set 0.003ms
[1680.594s][info][gc,phases   ] GC(101) Concurrent Select Relocation Set 1.150ms
[1680.594s][info][gc,phases   ] GC(101) Pause Relocate Start 0.010ms
[1680.595s][info][gc,phases   ] GC(101) Concurrent Relocate 0.602ms
[1680.595s][info][gc,load     ] GC(101) Load: 0.00/0.00/0.00
[1680.595s][info][gc,mmu      ] GC(101) MMU: 2ms/96.8%, 5ms/98.7%, 10ms/99.2%, 20ms/99.6%, 50ms/99.8%, 100ms/99.9%
[1680.595s][info][gc,marking  ] GC(101) Mark: 2 stripe(s), 2 proactive flush(es), 1 terminate flush(es), 0 completion(s), 0 continuation(s) 
[1680.595s][info][gc,marking  ] GC(101) Mark Stack Usage: 32M
[1680.595s][info][gc,nmethod  ] GC(101) NMethods: 8708 registered, 1340 unregistered
[1680.595s][info][gc,metaspace] GC(101) Metaspace: 33M used, 33M committed, 1088M reserved
[1680.595s][info][gc,ref      ] GC(101) Soft: 4136 encountered, 0 discovered, 0 enqueued
[1680.595s][info][gc,ref      ] GC(101) Weak: 2186 encountered, 165 discovered, 0 enqueued
[1680.595s][info][gc,ref      ] GC(101) Final: 3 encountered, 1 discovered, 0 enqueued
[1680.595s][info][gc,ref      ] GC(101) Phantom: 279 encountered, 150 discovered, 0 enqueued
[1680.595s][info][gc,reloc    ] GC(101) Small Pages: 224 / 448M, Empty: 330M, Relocated: 1M, In-Place: 0
[1680.595s][info][gc,reloc    ] GC(101) Medium Pages: 1 / 32M, Empty: 0M, Relocated: 0M, In-Place: 0
[1680.595s][info][gc,reloc    ] GC(101) Large Pages: 0 / 0M, Empty: 0M, Relocated: 0M, In-Place: 0
[1680.595s][info][gc,reloc    ] GC(101) Forwarding Usage: 0M
[1680.595s][info][gc,heap     ] GC(101) Min Capacity: 4096M(100%)
[1680.595s][info][gc,heap     ] GC(101) Max Capacity: 4096M(100%)
[1680.595s][info][gc,heap     ] GC(101) Soft Max Capacity: 4096M(100%)
[1680.595s][info][gc,heap     ] GC(101)                Mark Start          Mark End        Relocate Start      Relocate End           High               Low         
[1680.595s][info][gc,heap     ] GC(101)  Capacity:     4096M (100%)       4096M (100%)       4096M (100%)       4096M (100%)       4096M (100%)       4096M (100%)   
[1680.595s][info][gc,heap     ] GC(101)      Free:     3616M (88%)        3604M (88%)        3934M (96%)        4030M (98%)        4030M (98%)        3604M (88%)    
[1680.595s][info][gc,heap     ] GC(101)      Used:      480M (12%)         492M (12%)         162M (4%)           66M (2%)          492M (12%)          66M (2%)     
[1680.595s][info][gc,heap     ] GC(101)      Live:         -                17M (0%)           17M (0%)           17M (0%)             -                  -          
[1680.595s][info][gc,heap     ] GC(101) Allocated:         -                12M (0%)           12M (0%)           12M (0%)             -                  -          
[1680.595s][info][gc,heap     ] GC(101)   Garbage:         -               462M (11%)         132M (3%)           36M (1%)             -                  -          
[1680.595s][info][gc,heap     ] GC(101) Reclaimed:         -                  -               330M (8%)          426M (10%)            -                  -          
[1680.595s][info][gc          ] GC(101) Garbage Collection (Proactive) 480M(12%)->66M(2%)
[1690.155s][info][gc,stats    ] === Garbage Collection Statistics =======================================================================================================================
[1690.155s][info][gc,stats    ]                                                              Last 10s              Last 10m              Last 10h                Total
[1690.155s][info][gc,stats    ]                                                              Avg / Max             Avg / Max             Avg / Max             Avg / Max
[1690.155s][info][gc,stats    ]   Collector: Garbage Collection Cycle                     28.754 / 28.754       29.922 / 43.979       30.503 / 54.411       30.503 / 54.411      ms
[1690.155s][info][gc,stats    ]  Contention: Mark Segment Reset Contention                     0 / 0                 0 / 1                 0 / 3                 0 / 3           ops/s
[1690.155s][info][gc,stats    ]  Contention: Mark SeqNum Reset Contention                      0 / 1                 0 / 2                 0 / 2                 0 / 2           ops/s
[1690.155s][info][gc,stats    ]    Critical: Allocation Stall                                  0 / 0                 0 / 0                 0 / 0                 0 / 0           ops/s
[1690.155s][info][gc,stats    ]    Critical: Allocation Stall                              0.000 / 0.000         0.000 / 0.000         0.000 / 0.000         0.000 / 0.000       ms
[1690.155s][info][gc,stats    ]    Critical: GC Locker Stall                                   0 / 0                 0 / 0                 0 / 0                 0 / 0           ops/s
[1690.155s][info][gc,stats    ]    Critical: GC Locker Stall                               0.000 / 0.000         0.000 / 0.000         0.000 / 0.000         0.000 / 0.000       ms
[1690.155s][info][gc,stats    ]    Critical: Relocation Stall                                  0 / 0                 0 / 0                 0 / 0                 0 / 0           ops/s
[1690.155s][info][gc,stats    ]    Critical: Relocation Stall                              0.000 / 0.000         0.000 / 0.000         0.000 / 0.000         0.000 / 0.000       ms
[1690.155s][info][gc,stats    ]      Memory: Allocation Rate                                  24 / 32               25 / 130              25 / 148              25 / 148         MB/s
[1690.155s][info][gc,stats    ]      Memory: Out Of Memory                                     0 / 0                 0 / 0                 0 / 0                 0 / 0           ops/s
[1690.155s][info][gc,stats    ]      Memory: Page Cache Flush                                  0 / 0                 0 / 0                 0 / 0                 0 / 0           MB/s
[1690.155s][info][gc,stats    ]      Memory: Page Cache Hit L1                                12 / 18               12 / 37               12 / 78               12 / 78          ops/s
[1690.155s][info][gc,stats    ]      Memory: Page Cache Hit L2                                 0 / 0                 0 / 0                 0 / 0                 0 / 0           ops/s
[1690.155s][info][gc,stats    ]      Memory: Page Cache Hit L3                                 0 / 0                 0 / 0                 0 / 48                0 / 48          ops/s
[1690.155s][info][gc,stats    ]      Memory: Page Cache Miss                                   0 / 0                 0 / 0                 0 / 1                 0 / 1           ops/s
[1690.155s][info][gc,stats    ]      Memory: Uncommit                                          0 / 0                 0 / 0                 0 / 0                 0 / 0           MB/s
[1690.155s][info][gc,stats    ]      Memory: Undo Object Allocation Failed                     0 / 0                 0 / 0                 0 / 1                 0 / 1           ops/s
[1690.155s][info][gc,stats    ]      Memory: Undo Object Allocation Succeeded                  0 / 0                 0 / 0                 0 / 22                0 / 22          ops/s
[1690.155s][info][gc,stats    ]      Memory: Undo Page Allocation                              0 / 0                 0 / 1                 0 / 2                 0 / 2           ops/s
[1690.155s][info][gc,stats    ]       Phase: Concurrent Mark                              16.092 / 16.092       16.969 / 30.623       17.440 / 38.897       17.440 / 38.897      ms
[1690.155s][info][gc,stats    ]       Phase: Concurrent Mark Continue                      0.000 / 0.000         0.000 / 0.000         0.000 / 0.000         0.000 / 0.000       ms
[1690.155s][info][gc,stats    ]       Phase: Concurrent Mark Free                          0.003 / 0.003         0.001 / 0.004         0.001 / 0.004         0.001 / 0.004       ms
[1690.155s][info][gc,stats    ]       Phase: Concurrent Process Non-Strong References      9.028 / 9.028         9.145 / 18.254        9.110 / 18.281        9.110 / 18.281      ms
[1690.155s][info][gc,stats    ]       Phase: Concurrent Relocate                           0.602 / 0.602         0.812 / 1.646         0.927 / 6.891         0.927 / 6.891       ms
[1690.156s][info][gc,stats    ]       Phase: Concurrent Reset Relocation Set               0.003 / 0.003         0.004 / 0.011         0.004 / 0.011         0.004 / 0.011       ms
[1690.156s][info][gc,stats    ]       Phase: Concurrent Select Relocation Set              1.150 / 1.150         1.484 / 2.864         1.537 / 3.477         1.537 / 3.477       ms
[1690.156s][info][gc,stats    ]       Phase: Pause Mark End                                0.024 / 0.024         0.024 / 0.057         0.024 / 0.065         0.024 / 0.065       ms
[1690.156s][info][gc,stats    ]       Phase: Pause Mark Start                              0.014 / 0.014         0.011 / 0.037         0.011 / 0.037         0.011 / 0.037       ms
[1690.156s][info][gc,stats    ]       Phase: Pause Relocate Start                          0.010 / 0.010         0.009 / 0.012         0.009 / 0.019         0.009 / 0.019       ms
[1690.156s][info][gc,stats    ]    Subphase: Concurrent Classes Purge                      0.308 / 0.308         0.390 / 2.073         0.389 / 2.073         0.389 / 2.073       ms
[1690.156s][info][gc,stats    ]    Subphase: Concurrent Classes Unlink                     7.853 / 7.853         7.911 / 15.824        7.861 / 15.824        7.861 / 15.824      ms
[1690.156s][info][gc,stats    ]    Subphase: Concurrent Mark                              13.513 / 15.423       13.743 / 29.925       14.204 / 33.017       14.204 / 33.017      ms
[1690.156s][info][gc,stats    ]    Subphase: Concurrent Mark Try Flush                     0.119 / 0.168         0.129 / 0.331         0.127 / 0.331         0.127 / 0.331       ms
[1690.156s][info][gc,stats    ]    Subphase: Concurrent Mark Try Terminate                 1.837 / 5.441         1.877 / 17.115        1.843 / 17.115        1.843 / 17.115      ms
[1690.156s][info][gc,stats    ]    Subphase: Concurrent References Enqueue                 0.001 / 0.001         0.002 / 0.009         0.002 / 0.010         0.002 / 0.010       ms
[1690.156s][info][gc,stats    ]    Subphase: Concurrent References Process                 0.121 / 0.121         0.131 / 0.276         0.147 / 0.513         0.147 / 0.513       ms
[1690.156s][info][gc,stats    ]    Subphase: Concurrent Roots ClassLoaderDataGraph         0.118 / 0.212         0.135 / 0.356         0.143 / 0.547         0.143 / 0.547       ms
[1690.156s][info][gc,stats    ]    Subphase: Concurrent Roots CodeCache                    0.000 / 0.000         0.000 / 0.000         0.000 / 0.000         0.000 / 0.000       ms
[1690.156s][info][gc,stats    ]    Subphase: Concurrent Roots JavaThreads                  0.282 / 0.369         0.336 / 0.687         0.413 / 5.702         0.413 / 5.702       ms
[1690.156s][info][gc,stats    ]    Subphase: Concurrent Roots OopStorageSet                0.025 / 0.034         0.025 / 0.048         0.026 / 0.085         0.026 / 0.085       ms
[1690.156s][info][gc,stats    ]    Subphase: Concurrent Weak Roots OopStorageSet           0.476 / 0.489         0.493 / 0.708         0.493 / 0.939         0.493 / 0.939       ms
[1690.156s][info][gc,stats    ]    Subphase: Pause Mark Try Complete                       0.000 / 0.000         0.000 / 0.000         0.000 / 0.000         0.000 / 0.000       ms
[1690.156s][info][gc,stats    ]      System: Java Threads                                     33 / 33               32 / 33               32 / 34               32 / 34          threads
[1690.156s][info][gc,stats    ] =========================================================================================================================================================
[1697.951s][info][gc,start    ] GC(102) Garbage Collection (Proactive)
[1697.951s][info][gc,task     ] GC(102) Using 2 workers
[1697.951s][info][gc,phases   ] GC(102) Pause Mark Start 0.013ms
[1697.967s][info][gc,phases   ] GC(102) Concurrent Mark 15.247ms
[1697.967s][info][gc,phases   ] GC(102) Pause Mark End 0.029ms
[1697.967s][info][gc,phases   ] GC(102) Concurrent Mark Free 0.001ms
[1697.976s][info][gc,phases   ] GC(102) Concurrent Process Non-Strong References 8.477ms
[1697.976s][info][gc,phases   ] GC(102) Concurrent Reset Relocation Set 0.004ms
[1697.977s][info][gc,phases   ] GC(102) Concurrent Select Relocation Set 1.311ms
[1697.978s][info][gc,phases   ] GC(102) Pause Relocate Start 0.008ms
[1697.979s][info][gc,phases   ] GC(102) Concurrent Relocate 1.043ms
[1697.979s][info][gc,load     ] GC(102) Load: 0.00/0.00/0.00
[1697.979s][info][gc,mmu      ] GC(102) MMU: 2ms/96.8%, 5ms/98.7%, 10ms/99.2%, 20ms/99.6%, 50ms/99.8%, 100ms/99.9%
[1697.979s][info][gc,marking  ] GC(102) Mark: 2 stripe(s), 2 proactive flush(es), 1 terminate flush(es), 0 completion(s), 0 continuation(s) 
[1697.979s][info][gc,marking  ] GC(102) Mark Stack Usage: 32M
[1697.979s][info][gc,nmethod  ] GC(102) NMethods: 8714 registered, 1340 unregistered
[1697.979s][info][gc,metaspace] GC(102) Metaspace: 33M used, 33M committed, 1088M reserved
[1697.979s][info][gc,ref      ] GC(102) Soft: 4136 encountered, 0 discovered, 0 enqueued
[1697.979s][info][gc,ref      ] GC(102) Weak: 2186 encountered, 312 discovered, 0 enqueued
[1697.979s][info][gc,ref      ] GC(102) Final: 3 encountered, 0 discovered, 0 enqueued
[1697.979s][info][gc,ref      ] GC(102) Phantom: 279 encountered, 216 discovered, 0 enqueued
[1697.979s][info][gc,reloc    ] GC(102) Small Pages: 223 / 446M, Empty: 326M, Relocated: 1M, In-Place: 0
[1697.979s][info][gc,reloc    ] GC(102) Medium Pages: 1 / 32M, Empty: 0M, Relocated: 0M, In-Place: 0
[1697.979s][info][gc,reloc    ] GC(102) Large Pages: 0 / 0M, Empty: 0M, Relocated: 0M, In-Place: 0
[1697.979s][info][gc,reloc    ] GC(102) Forwarding Usage: 0M
[1697.979s][info][gc,heap     ] GC(102) Min Capacity: 4096M(100%)
[1697.979s][info][gc,heap     ] GC(102) Max Capacity: 4096M(100%)
[1697.979s][info][gc,heap     ] GC(102) Soft Max Capacity: 4096M(100%)
[1697.979s][info][gc,heap     ] GC(102)                Mark Start          Mark End        Relocate Start      Relocate End           High               Low         
[1697.979s][info][gc,heap     ] GC(102)  Capacity:     4096M (100%)       4096M (100%)       4096M (100%)       4096M (100%)       4096M (100%)       4096M (100%)   
[1697.979s][info][gc,heap     ] GC(102)      Free:     3618M (88%)        3608M (88%)        3932M (96%)        4030M (98%)        4030M (98%)        3606M (88%)    
[1697.979s][info][gc,heap     ] GC(102)      Used:      478M (12%)         488M (12%)         164M (4%)           66M (2%)          490M (12%)          66M (2%)     
[1697.979s][info][gc,heap     ] GC(102)      Live:         -                17M (0%)           17M (0%)           17M (0%)             -                  -          
[1697.979s][info][gc,heap     ] GC(102) Allocated:         -                10M (0%)           12M (0%)           12M (0%)             -                  -          
[1697.979s][info][gc,heap     ] GC(102)   Garbage:         -               460M (11%)         134M (3%)           36M (1%)             -                  -          
[1697.979s][info][gc,heap     ] GC(102) Reclaimed:         -                  -               326M (8%)          424M (10%)            -                  -          
[1697.979s][info][gc          ] GC(102) Garbage Collection (Proactive) 478M(12%)->66M(2%)
[1700.162s][info][gc,stats    ] === Garbage Collection Statistics =======================================================================================================================
[1700.162s][info][gc,stats    ]                                                              Last 10s              Last 10m              Last 10h                Total
[1700.162s][info][gc,stats    ]                                                              Avg / Max             Avg / Max             Avg / Max             Avg / Max
[1700.162s][info][gc,stats    ]   Collector: Garbage Collection Cycle                     27.509 / 27.509       29.847 / 43.979       30.474 / 54.411       30.474 / 54.411      ms
[1700.162s][info][gc,stats    ]  Contention: Mark Segment Reset Contention                     0 / 0                 0 / 1                 0 / 3                 0 / 3           ops/s
[1700.162s][info][gc,stats    ]  Contention: Mark SeqNum Reset Contention                      0 / 1                 0 / 2                 0 / 2                 0 / 2           ops/s
[1700.162s][info][gc,stats    ]    Critical: Allocation Stall                                  0 / 0                 0 / 0                 0 / 0                 0 / 0           ops/s
[1700.162s][info][gc,stats    ]    Critical: Allocation Stall                              0.000 / 0.000         0.000 / 0.000         0.000 / 0.000         0.000 / 0.000       ms
[1700.162s][info][gc,stats    ]    Critical: GC Locker Stall                                   0 / 0                 0 / 0                 0 / 0                 0 / 0           ops/s
[1700.162s][info][gc,stats    ]    Critical: GC Locker Stall                               0.000 / 0.000         0.000 / 0.000         0.000 / 0.000         0.000 / 0.000       ms
[1700.162s][info][gc,stats    ]    Critical: Relocation Stall                                  0 / 0                 0 / 0                 0 / 0                 0 / 0           ops/s
[1700.162s][info][gc,stats    ]    Critical: Relocation Stall                              0.000 / 0.000         0.000 / 0.000         0.000 / 0.000         0.000 / 0.000       ms
[1700.162s][info][gc,stats    ]      Memory: Allocation Rate                                  25 / 34               25 / 130              25 / 148              25 / 148         MB/s
[1700.162s][info][gc,stats    ]      Memory: Out Of Memory                                     0 / 0                 0 / 0                 0 / 0                 0 / 0           ops/s
[1700.162s][info][gc,stats    ]      Memory: Page Cache Flush                                  0 / 0                 0 / 0                 0 / 0                 0 / 0           MB/s
[1700.162s][info][gc,stats    ]      Memory: Page Cache Hit L1                                12 / 19               12 / 37               12 / 78               12 / 78          ops/s
[1700.162s][info][gc,stats    ]      Memory: Page Cache Hit L2                                 0 / 0                 0 / 0                 0 / 0                 0 / 0           ops/s
[1700.162s][info][gc,stats    ]      Memory: Page Cache Hit L3                                 0 / 0                 0 / 0                 0 / 48                0 / 48          ops/s
[1700.163s][info][gc,stats    ]      Memory: Page Cache Miss                                   0 / 0                 0 / 0                 0 / 1                 0 / 1           ops/s
[1700.163s][info][gc,stats    ]      Memory: Uncommit                                          0 / 0                 0 / 0                 0 / 0                 0 / 0           MB/s
[1700.163s][info][gc,stats    ]      Memory: Undo Object Allocation Failed                     0 / 0                 0 / 0                 0 / 1                 0 / 1           ops/s
[1700.163s][info][gc,stats    ]      Memory: Undo Object Allocation Succeeded                  0 / 0                 0 / 0                 0 / 22                0 / 22          ops/s
[1700.163s][info][gc,stats    ]      Memory: Undo Page Allocation                              0 / 1                 0 / 1                 0 / 2                 0 / 2           ops/s
[1700.163s][info][gc,stats    ]       Phase: Concurrent Mark                              15.247 / 15.247       16.923 / 30.623       17.418 / 38.897       17.418 / 38.897      ms
[1700.163s][info][gc,stats    ]       Phase: Concurrent Mark Continue                      0.000 / 0.000         0.000 / 0.000         0.000 / 0.000         0.000 / 0.000       ms
[1700.163s][info][gc,stats    ]       Phase: Concurrent Mark Free                          0.001 / 0.001         0.001 / 0.004         0.001 / 0.004         0.001 / 0.004       ms
[1700.163s][info][gc,stats    ]       Phase: Concurrent Process Non-Strong References      8.477 / 8.477         9.144 / 18.254        9.104 / 18.281        9.104 / 18.281      ms
[1700.163s][info][gc,stats    ]       Phase: Concurrent Relocate                           1.043 / 1.043         0.810 / 1.646         0.928 / 6.891         0.928 / 6.891       ms
[1700.163s][info][gc,stats    ]       Phase: Concurrent Reset Relocation Set               0.004 / 0.004         0.004 / 0.011         0.004 / 0.011         0.004 / 0.011       ms
[1700.163s][info][gc,stats    ]       Phase: Concurrent Select Relocation Set              1.311 / 1.311         1.459 / 2.864         1.534 / 3.477         1.534 / 3.477       ms
[1700.163s][info][gc,stats    ]       Phase: Pause Mark End                                0.029 / 0.029         0.025 / 0.057         0.024 / 0.065         0.024 / 0.065       ms
[1700.163s][info][gc,stats    ]       Phase: Pause Mark Start                              0.013 / 0.013         0.011 / 0.037         0.011 / 0.037         0.011 / 0.037       ms
[1700.163s][info][gc,stats    ]       Phase: Pause Relocate Start                          0.008 / 0.008         0.009 / 0.012         0.009 / 0.019         0.009 / 0.019       ms
[1700.163s][info][gc,stats    ]    Subphase: Concurrent Classes Purge                      0.322 / 0.322         0.392 / 2.073         0.389 / 2.073         0.389 / 2.073       ms
[1700.163s][info][gc,stats    ]    Subphase: Concurrent Classes Unlink                     7.334 / 7.334         7.905 / 15.824        7.856 / 15.824        7.856 / 15.824      ms
[1700.163s][info][gc,stats    ]    Subphase: Concurrent Mark                              12.809 / 14.591       13.715 / 29.925       14.190 / 33.017       14.190 / 33.017      ms
[1700.163s][info][gc,stats    ]    Subphase: Concurrent Mark Try Flush                     0.154 / 0.280         0.130 / 0.331         0.127 / 0.331         0.127 / 0.331       ms
[1700.163s][info][gc,stats    ]    Subphase: Concurrent Mark Try Terminate                 1.359 / 4.012         1.862 / 17.115        1.838 / 17.115        1.838 / 17.115      ms
[1700.163s][info][gc,stats    ]    Subphase: Concurrent References Enqueue                 0.001 / 0.001         0.002 / 0.009         0.002 / 0.010         0.002 / 0.010       ms
[1700.163s][info][gc,stats    ]    Subphase: Concurrent References Process                 0.127 / 0.127         0.131 / 0.276         0.147 / 0.513         0.147 / 0.513       ms
[1700.163s][info][gc,stats    ]    Subphase: Concurrent Roots ClassLoaderDataGraph         0.125 / 0.209         0.133 / 0.356         0.143 / 0.547         0.143 / 0.547       ms
[1700.163s][info][gc,stats    ]    Subphase: Concurrent Roots CodeCache                    0.000 / 0.000         0.000 / 0.000         0.000 / 0.000         0.000 / 0.000       ms
[1700.163s][info][gc,stats    ]    Subphase: Concurrent Roots JavaThreads                  0.311 / 0.400         0.332 / 0.687         0.412 / 5.702         0.412 / 5.702       ms
[1700.163s][info][gc,stats    ]    Subphase: Concurrent Roots OopStorageSet                0.022 / 0.029         0.025 / 0.048         0.026 / 0.085         0.026 / 0.085       ms
[1700.163s][info][gc,stats    ]    Subphase: Concurrent Weak Roots OopStorageSet           0.448 / 0.451         0.495 / 0.708         0.493 / 0.939         0.493 / 0.939       ms
[1700.163s][info][gc,stats    ]    Subphase: Pause Mark Try Complete                       0.000 / 0.000         0.000 / 0.000         0.000 / 0.000         0.000 / 0.000       ms
[1700.163s][info][gc,stats    ]      System: Java Threads                                     33 / 33               32 / 33               32 / 34               32 / 34          threads
[1700.163s][info][gc,stats    ] =========================================================================================================================================================
[1710.159s][info][gc,stats    ] === Garbage Collection Statistics =======================================================================================================================
[1710.159s][info][gc,stats    ]                                                              Last 10s              Last 10m              Last 10h                Total
[1710.159s][info][gc,stats    ]                                                              Avg / Max             Avg / Max             Avg / Max             Avg / Max
[1710.159s][info][gc,stats    ]   Collector: Garbage Collection Cycle                      0.000 / 0.000        29.920 / 43.979       30.474 / 54.411       30.474 / 54.411      ms
[1710.159s][info][gc,stats    ]  Contention: Mark Segment Reset Contention                     0 / 0                 0 / 1                 0 / 3                 0 / 3           ops/s
[1710.159s][info][gc,stats    ]  Contention: Mark SeqNum Reset Contention                      0 / 0                 0 / 2                 0 / 2                 0 / 2           ops/s
[1710.159s][info][gc,stats    ]    Critical: Allocation Stall                                  0 / 0                 0 / 0                 0 / 0                 0 / 0           ops/s
[1710.159s][info][gc,stats    ]    Critical: Allocation Stall                              0.000 / 0.000         0.000 / 0.000         0.000 / 0.000         0.000 / 0.000       ms
[1710.159s][info][gc,stats    ]    Critical: GC Locker Stall                                   0 / 0                 0 / 0                 0 / 0                 0 / 0           ops/s
[1710.159s][info][gc,stats    ]    Critical: GC Locker Stall                               0.000 / 0.000         0.000 / 0.000         0.000 / 0.000         0.000 / 0.000       ms
[1710.159s][info][gc,stats    ]    Critical: Relocation Stall                                  0 / 0                 0 / 0                 0 / 0                 0 / 0           ops/s
[1710.159s][info][gc,stats    ]    Critical: Relocation Stall                              0.000 / 0.000         0.000 / 0.000         0.000 / 0.000         0.000 / 0.000       ms
[1710.159s][info][gc,stats    ]      Memory: Allocation Rate                                  23 / 26               25 / 130              25 / 148              25 / 148         MB/s
[1710.159s][info][gc,stats    ]      Memory: Out Of Memory                                     0 / 0                 0 / 0                 0 / 0                 0 / 0           ops/s
[1710.159s][info][gc,stats    ]      Memory: Page Cache Flush                                  0 / 0                 0 / 0                 0 / 0                 0 / 0           MB/s
[1710.159s][info][gc,stats    ]      Memory: Page Cache Hit L1                                11 / 13               12 / 37               12 / 78               12 / 78          ops/s
[1710.159s][info][gc,stats    ]      Memory: Page Cache Hit L2                                 0 / 0                 0 / 0                 0 / 0                 0 / 0           ops/s
[1710.159s][info][gc,stats    ]      Memory: Page Cache Hit L3                                 0 / 0                 0 / 0                 0 / 48                0 / 48          ops/s
[1710.159s][info][gc,stats    ]      Memory: Page Cache Miss                                   0 / 0                 0 / 0                 0 / 1                 0 / 1           ops/s
[1710.159s][info][gc,stats    ]      Memory: Uncommit                                          0 / 0                 0 / 0                 0 / 0                 0 / 0           MB/s
[1710.159s][info][gc,stats    ]      Memory: Undo Object Allocation Failed                     0 / 0                 0 / 0                 0 / 1                 0 / 1           ops/s
[1710.159s][info][gc,stats    ]      Memory: Undo Object Allocation Succeeded                  0 / 0                 0 / 0                 0 / 22                0 / 22          ops/s
[1710.159s][info][gc,stats    ]      Memory: Undo Page Allocation                              0 / 1                 0 / 1                 0 / 2                 0 / 2           ops/s
[1710.159s][info][gc,stats    ]       Phase: Concurrent Mark                               0.000 / 0.000        16.981 / 30.623       17.418 / 38.897       17.418 / 38.897      ms
[1710.160s][info][gc,stats    ]       Phase: Concurrent Mark Continue                      0.000 / 0.000         0.000 / 0.000         0.000 / 0.000         0.000 / 0.000       ms
[1710.160s][info][gc,stats    ]       Phase: Concurrent Mark Free                          0.000 / 0.000         0.001 / 0.004         0.001 / 0.004         0.001 / 0.004       ms
[1710.160s][info][gc,stats    ]       Phase: Concurrent Process Non-Strong References      0.000 / 0.000         9.157 / 18.254        9.104 / 18.281        9.104 / 18.281      ms
[1710.160s][info][gc,stats    ]       Phase: Concurrent Relocate                           0.000 / 0.000         0.815 / 1.646         0.928 / 6.891         0.928 / 6.891       ms
[1710.160s][info][gc,stats    ]       Phase: Concurrent Reset Relocation Set               0.000 / 0.000         0.004 / 0.011         0.004 / 0.011         0.004 / 0.011       ms
[1710.160s][info][gc,stats    ]       Phase: Concurrent Select Relocation Set              0.000 / 0.000         1.464 / 2.864         1.534 / 3.477         1.534 / 3.477       ms
[1710.160s][info][gc,stats    ]       Phase: Pause Mark End                                0.000 / 0.000         0.025 / 0.057         0.024 / 0.065         0.024 / 0.065       ms
[1710.160s][info][gc,stats    ]       Phase: Pause Mark Start                              0.000 / 0.000         0.011 / 0.037         0.011 / 0.037         0.011 / 0.037       ms
[1710.160s][info][gc,stats    ]       Phase: Pause Relocate Start                          0.000 / 0.000         0.009 / 0.012         0.009 / 0.019         0.009 / 0.019       ms
[1710.160s][info][gc,stats    ]    Subphase: Concurrent Classes Purge                      0.000 / 0.000         0.397 / 2.073         0.389 / 2.073         0.389 / 2.073       ms
[1710.160s][info][gc,stats    ]    Subphase: Concurrent Classes Unlink                     0.000 / 0.000         7.917 / 15.824        7.856 / 15.824        7.856 / 15.824      ms
[1710.160s][info][gc,stats    ]    Subphase: Concurrent Mark                               0.000 / 0.000        13.744 / 29.925       14.190 / 33.017       14.190 / 33.017      ms
[1710.160s][info][gc,stats    ]    Subphase: Concurrent Mark Try Flush                     0.000 / 0.000         0.130 / 0.331         0.127 / 0.331         0.127 / 0.331       ms
[1710.160s][info][gc,stats    ]    Subphase: Concurrent Mark Try Terminate                 0.000 / 0.000         1.882 / 17.115        1.838 / 17.115        1.838 / 17.115      ms
[1710.160s][info][gc,stats    ]    Subphase: Concurrent References Enqueue                 0.000 / 0.000         0.002 / 0.009         0.002 / 0.010         0.002 / 0.010       ms
[1710.160s][info][gc,stats    ]    Subphase: Concurrent References Process                 0.000 / 0.000         0.132 / 0.276         0.147 / 0.513         0.147 / 0.513       ms
[1710.160s][info][gc,stats    ]    Subphase: Concurrent Roots ClassLoaderDataGraph         0.000 / 0.000         0.133 / 0.356         0.143 / 0.547         0.143 / 0.547       ms
[1710.160s][info][gc,stats    ]    Subphase: Concurrent Roots CodeCache                    0.000 / 0.000         0.000 / 0.000         0.000 / 0.000         0.000 / 0.000       ms
[1710.160s][info][gc,stats    ]    Subphase: Concurrent Roots JavaThreads                  0.000 / 0.000         0.334 / 0.687         0.412 / 5.702         0.412 / 5.702       ms
[1710.160s][info][gc,stats    ]    Subphase: Concurrent Roots OopStorageSet                0.000 / 0.000         0.025 / 0.048         0.026 / 0.085         0.026 / 0.085       ms
[1710.160s][info][gc,stats    ]    Subphase: Concurrent Weak Roots OopStorageSet           0.000 / 0.000         0.491 / 0.708         0.493 / 0.939         0.493 / 0.939       ms
[1710.160s][info][gc,stats    ]    Subphase: Pause Mark Try Complete                       0.000 / 0.000         0.000 / 0.000         0.000 / 0.000         0.000 / 0.000       ms
[1710.160s][info][gc,stats    ]      System: Java Threads                                      0 / 0                32 / 33               32 / 34               32 / 34          threads
[1710.160s][info][gc,stats    ] =========================================================================================================================================================
[1715.264s][info][gc,start    ] GC(103) Garbage Collection (Proactive)
[1715.264s][info][gc,task     ] GC(103) Using 2 workers
[1715.264s][info][gc,phases   ] GC(103) Pause Mark Start 0.018ms
[1715.279s][info][gc,phases   ] GC(103) Concurrent Mark 15.047ms
[1715.279s][info][gc,phases   ] GC(103) Pause Mark End 0.012ms
[1715.280s][info][gc,phases   ] GC(103) Concurrent Mark Free 0.001ms
[1715.289s][info][gc,phases   ] GC(103) Concurrent Process Non-Strong References 9.101ms
[1715.289s][info][gc,phases   ] GC(103) Concurrent Reset Relocation Set 0.004ms
[1715.290s][info][gc,phases   ] GC(103) Concurrent Select Relocation Set 1.341ms
[1715.290s][info][gc,phases   ] GC(103) Pause Relocate Start 0.010ms
[1715.291s][info][gc,phases   ] GC(103) Concurrent Relocate 0.915ms
[1715.291s][info][gc,load     ] GC(103) Load: 0.00/0.00/0.00
[1715.291s][info][gc,mmu      ] GC(103) MMU: 2ms/96.8%, 5ms/98.7%, 10ms/99.2%, 20ms/99.6%, 50ms/99.8%, 100ms/99.9%
[1715.291s][info][gc,marking  ] GC(103) Mark: 2 stripe(s), 2 proactive flush(es), 1 terminate flush(es), 0 completion(s), 0 continuation(s) 
[1715.291s][info][gc,marking  ] GC(103) Mark Stack Usage: 32M
[1715.291s][info][gc,nmethod  ] GC(103) NMethods: 8716 registered, 1340 unregistered
[1715.291s][info][gc,metaspace] GC(103) Metaspace: 33M used, 33M committed, 1088M reserved
[1715.291s][info][gc,ref      ] GC(103) Soft: 4136 encountered, 0 discovered, 0 enqueued
[1715.291s][info][gc,ref      ] GC(103) Weak: 2186 encountered, 309 discovered, 0 enqueued
[1715.291s][info][gc,ref      ] GC(103) Final: 3 encountered, 1 discovered, 0 enqueued
[1715.291s][info][gc,ref      ] GC(103) Phantom: 279 encountered, 147 discovered, 0 enqueued
[1715.291s][info][gc,reloc    ] GC(103) Small Pages: 222 / 444M, Empty: 312M, Relocated: 1M, In-Place: 0
[1715.291s][info][gc,reloc    ] GC(103) Medium Pages: 1 / 32M, Empty: 0M, Relocated: 0M, In-Place: 0
[1715.291s][info][gc,reloc    ] GC(103) Large Pages: 0 / 0M, Empty: 0M, Relocated: 0M, In-Place: 0
[1715.291s][info][gc,reloc    ] GC(103) Forwarding Usage: 0M
[1715.291s][info][gc,heap     ] GC(103) Min Capacity: 4096M(100%)
[1715.291s][info][gc,heap     ] GC(103) Max Capacity: 4096M(100%)
[1715.291s][info][gc,heap     ] GC(103) Soft Max Capacity: 4096M(100%)
[1715.291s][info][gc,heap     ] GC(103)                Mark Start          Mark End        Relocate Start      Relocate End           High               Low         
[1715.291s][info][gc,heap     ] GC(103)  Capacity:     4096M (100%)       4096M (100%)       4096M (100%)       4096M (100%)       4096M (100%)       4096M (100%)   
[1715.291s][info][gc,heap     ] GC(103)      Free:     3620M (88%)        3608M (88%)        3920M (96%)        4030M (98%)        4030M (98%)        3606M (88%)    
[1715.291s][info][gc,heap     ] GC(103)      Used:      476M (12%)         488M (12%)         176M (4%)           66M (2%)          490M (12%)          66M (2%)     
[1715.292s][info][gc,heap     ] GC(103)      Live:         -                17M (0%)           17M (0%)           17M (0%)             -                  -          
[1715.292s][info][gc,heap     ] GC(103) Allocated:         -                12M (0%)           12M (0%)           12M (0%)             -                  -          
[1715.292s][info][gc,heap     ] GC(103)   Garbage:         -               458M (11%)         146M (4%)           36M (1%)             -                  -          
[1715.292s][info][gc,heap     ] GC(103) Reclaimed:         -                  -               312M (8%)          422M (10%)            -                  -          
[1715.292s][info][gc          ] GC(103) Garbage Collection (Proactive) 476M(12%)->66M(2%)
[1720.152s][info][gc,stats    ] === Garbage Collection Statistics =======================================================================================================================
[1720.152s][info][gc,stats    ]                                                              Last 10s              Last 10m              Last 10h                Total
[1720.152s][info][gc,stats    ]                                                              Avg / Max             Avg / Max             Avg / Max             Avg / Max
[1720.152s][info][gc,stats    ]   Collector: Garbage Collection Cycle                     27.751 / 27.751       29.862 / 43.979       30.448 / 54.411       30.448 / 54.411      ms
[1720.152s][info][gc,stats    ]  Contention: Mark Segment Reset Contention                     0 / 0                 0 / 1                 0 / 3                 0 / 3           ops/s
[1720.152s][info][gc,stats    ]  Contention: Mark SeqNum Reset Contention                      0 / 1                 0 / 2                 0 / 2                 0 / 2           ops/s
[1720.152s][info][gc,stats    ]    Critical: Allocation Stall                                  0 / 0                 0 / 0                 0 / 0                 0 / 0           ops/s
[1720.153s][info][gc,stats    ]    Critical: Allocation Stall                              0.000 / 0.000         0.000 / 0.000         0.000 / 0.000         0.000 / 0.000       ms
[1720.153s][info][gc,stats    ]    Critical: GC Locker Stall                                   0 / 0                 0 / 0                 0 / 0                 0 / 0           ops/s
[1720.153s][info][gc,stats    ]    Critical: GC Locker Stall                               0.000 / 0.000         0.000 / 0.000         0.000 / 0.000         0.000 / 0.000       ms
[1720.153s][info][gc,stats    ]    Critical: Relocation Stall                                  0 / 0                 0 / 0                 0 / 0                 0 / 0           ops/s
[1720.153s][info][gc,stats    ]    Critical: Relocation Stall                              0.000 / 0.000         0.000 / 0.000         0.000 / 0.000         0.000 / 0.000       ms
[1720.153s][info][gc,stats    ]      Memory: Allocation Rate                                  25 / 34               25 / 130              25 / 148              25 / 148         MB/s
[1720.153s][info][gc,stats    ]      Memory: Out Of Memory                                     0 / 0                 0 / 0                 0 / 0                 0 / 0           ops/s
[1720.153s][info][gc,stats    ]      Memory: Page Cache Flush                                  0 / 0                 0 / 0                 0 / 0                 0 / 0           MB/s
[1720.153s][info][gc,stats    ]      Memory: Page Cache Hit L1                                12 / 19               12 / 37               12 / 78               12 / 78          ops/s
[1720.153s][info][gc,stats    ]      Memory: Page Cache Hit L2                                 0 / 0                 0 / 0                 0 / 0                 0 / 0           ops/s
[1720.153s][info][gc,stats    ]      Memory: Page Cache Hit L3                                 0 / 0                 0 / 0                 0 / 48                0 / 48          ops/s
[1720.153s][info][gc,stats    ]      Memory: Page Cache Miss                                   0 / 0                 0 / 0                 0 / 1                 0 / 1           ops/s
[1720.153s][info][gc,stats    ]      Memory: Uncommit                                          0 / 0                 0 / 0                 0 / 0                 0 / 0           MB/s
[1720.153s][info][gc,stats    ]      Memory: Undo Object Allocation Failed                     0 / 0                 0 / 0                 0 / 1                 0 / 1           ops/s
[1720.153s][info][gc,stats    ]      Memory: Undo Object Allocation Succeeded                  0 / 0                 0 / 0                 0 / 22                0 / 22          ops/s
[1720.153s][info][gc,stats    ]      Memory: Undo Page Allocation                              0 / 1                 0 / 1                 0 / 2                 0 / 2           ops/s
[1720.153s][info][gc,stats    ]       Phase: Concurrent Mark                              15.047 / 15.047       16.928 / 30.623       17.396 / 38.897       17.396 / 38.897      ms
[1720.153s][info][gc,stats    ]       Phase: Concurrent Mark Continue                      0.000 / 0.000         0.000 / 0.000         0.000 / 0.000         0.000 / 0.000       ms
[1720.153s][info][gc,stats    ]       Phase: Concurrent Mark Free                          0.001 / 0.001         0.001 / 0.004         0.001 / 0.004         0.001 / 0.004       ms
[1720.153s][info][gc,stats    ]       Phase: Concurrent Process Non-Strong References      9.101 / 9.101         9.155 / 18.254        9.104 / 18.281        9.104 / 18.281      ms
[1720.153s][info][gc,stats    ]       Phase: Concurrent Relocate                           0.915 / 0.915         0.817 / 1.646         0.928 / 6.891         0.928 / 6.891       ms
[1720.153s][info][gc,stats    ]       Phase: Concurrent Reset Relocation Set               0.004 / 0.004         0.004 / 0.011         0.004 / 0.011         0.004 / 0.011       ms
[1720.153s][info][gc,stats    ]       Phase: Concurrent Select Relocation Set              1.341 / 1.341         1.461 / 2.864         1.533 / 3.477         1.533 / 3.477       ms
[1720.153s][info][gc,stats    ]       Phase: Pause Mark End                                0.012 / 0.012         0.024 / 0.057         0.024 / 0.065         0.024 / 0.065       ms
[1720.153s][info][gc,stats    ]       Phase: Pause Mark Start                              0.018 / 0.018         0.011 / 0.037         0.012 / 0.037         0.012 / 0.037       ms
[1720.153s][info][gc,stats    ]       Phase: Pause Relocate Start                          0.010 / 0.010         0.009 / 0.012         0.009 / 0.019         0.009 / 0.019       ms
[1720.153s][info][gc,stats    ]    Subphase: Concurrent Classes Purge                      0.335 / 0.335         0.395 / 2.073         0.388 / 2.073         0.388 / 2.073       ms
[1720.153s][info][gc,stats    ]    Subphase: Concurrent Classes Unlink                     7.918 / 7.918         7.917 / 15.824        7.856 / 15.824        7.856 / 15.824      ms
[1720.153s][info][gc,stats    ]    Subphase: Concurrent Mark                              12.937 / 14.385       13.722 / 29.925       14.178 / 33.017       14.178 / 33.017      ms
[1720.153s][info][gc,stats    ]    Subphase: Concurrent Mark Try Flush                     0.157 / 0.271         0.131 / 0.331         0.128 / 0.331         0.128 / 0.331       ms
[1720.153s][info][gc,stats    ]    Subphase: Concurrent Mark Try Terminate                 1.141 / 3.360         1.862 / 17.115        1.831 / 17.115        1.831 / 17.115      ms
[1720.153s][info][gc,stats    ]    Subphase: Concurrent References Enqueue                 0.001 / 0.001         0.002 / 0.009         0.002 / 0.010         0.002 / 0.010       ms
[1720.153s][info][gc,stats    ]    Subphase: Concurrent References Process                 0.101 / 0.101         0.131 / 0.276         0.146 / 0.513         0.146 / 0.513       ms
[1720.153s][info][gc,stats    ]    Subphase: Concurrent Roots ClassLoaderDataGraph         0.126 / 0.208         0.133 / 0.356         0.142 / 0.547         0.142 / 0.547       ms
[1720.153s][info][gc,stats    ]    Subphase: Concurrent Roots CodeCache                    0.000 / 0.000         0.000 / 0.000         0.000 / 0.000         0.000 / 0.000       ms
[1720.153s][info][gc,stats    ]    Subphase: Concurrent Roots JavaThreads                  0.336 / 0.427         0.334 / 0.687         0.411 / 5.702         0.411 / 5.702       ms
[1720.153s][info][gc,stats    ]    Subphase: Concurrent Roots OopStorageSet                0.023 / 0.031         0.025 / 0.048         0.026 / 0.085         0.026 / 0.085       ms
[1720.153s][info][gc,stats    ]    Subphase: Concurrent Weak Roots OopStorageSet           0.505 / 0.506         0.492 / 0.708         0.493 / 0.939         0.493 / 0.939       ms
[1720.153s][info][gc,stats    ]    Subphase: Pause Mark Try Complete                       0.000 / 0.000         0.000 / 0.000         0.000 / 0.000         0.000 / 0.000       ms
[1720.153s][info][gc,stats    ]      System: Java Threads                                     33 / 33               32 / 33               32 / 34               32 / 34          threads
[1720.153s][info][gc,stats    ] =========================================================================================================================================================
[1721.981s][info][gc,start    ] GC(104) Garbage Collection (System.gc())
[1721.981s][info][gc,task     ] GC(104) Using 2 workers
[1721.981s][info][gc,phases   ] GC(104) Pause Mark Start 0.008ms
[1721.994s][info][gc,phases   ] GC(104) Concurrent Mark 12.921ms
[1721.994s][info][gc,phases   ] GC(104) Pause Mark End 0.019ms
[1721.995s][info][gc,phases   ] GC(104) Concurrent Mark Free 0.002ms
[1722.014s][info][gc,phases   ] GC(104) Concurrent Process Non-Strong References 19.777ms
[1722.015s][info][gc,phases   ] GC(104) Concurrent Reset Relocation Set 0.004ms
[1722.016s][info][gc,phases   ] GC(104) Concurrent Select Relocation Set 1.617ms
[1722.016s][info][gc,phases   ] GC(104) Pause Relocate Start 0.008ms
[1722.018s][info][gc,phases   ] GC(104) Concurrent Relocate 1.279ms
[1722.018s][info][gc,load     ] GC(104) Load: 0.00/0.00/0.00
[1722.018s][info][gc,mmu      ] GC(104) MMU: 2ms/96.8%, 5ms/98.7%, 10ms/99.2%, 20ms/99.6%, 50ms/99.8%, 100ms/99.9%
[1722.018s][info][gc,marking  ] GC(104) Mark: 2 stripe(s), 1 proactive flush(es), 1 terminate flush(es), 0 completion(s), 0 continuation(s) 
[1722.018s][info][gc,marking  ] GC(104) Mark Stack Usage: 32M
[1722.018s][info][gc,nmethod  ] GC(104) NMethods: 8326 registered, 1737 unregistered
[1722.018s][info][gc,metaspace] GC(104) Metaspace: 32M used, 33M committed, 1088M reserved
[1722.018s][info][gc,ref      ] GC(104) Soft: 4002 encountered, 0 discovered, 0 enqueued
[1722.018s][info][gc,ref      ] GC(104) Weak: 1928 encountered, 389 discovered, 77 enqueued
[1722.018s][info][gc,ref      ] GC(104) Final: 3 encountered, 2 discovered, 0 enqueued
[1722.018s][info][gc,ref      ] GC(104) Phantom: 265 encountered, 135 discovered, 3 enqueued
[1722.018s][info][gc,reloc    ] GC(104) Small Pages: 92 / 184M, Empty: 98M, Relocated: 1M, In-Place: 0
[1722.018s][info][gc,reloc    ] GC(104) Medium Pages: 2 / 64M, Empty: 32M, Relocated: 0M, In-Place: 0
[1722.018s][info][gc,reloc    ] GC(104) Large Pages: 0 / 0M, Empty: 0M, Relocated: 0M, In-Place: 0
[1722.018s][info][gc,reloc    ] GC(104) Forwarding Usage: 0M
[1722.018s][info][gc,heap     ] GC(104) Min Capacity: 4096M(100%)
[1722.018s][info][gc,heap     ] GC(104) Max Capacity: 4096M(100%)
[1722.018s][info][gc,heap     ] GC(104) Soft Max Capacity: 4096M(100%)
[1722.018s][info][gc,heap     ] GC(104)                Mark Start          Mark End        Relocate Start      Relocate End           High               Low         
[1722.018s][info][gc,heap     ] GC(104)  Capacity:     4096M (100%)       4096M (100%)       4096M (100%)       4096M (100%)       4096M (100%)       4096M (100%)   
[1722.018s][info][gc,heap     ] GC(104)      Free:     3848M (94%)        3848M (94%)        3974M (97%)        4040M (99%)        4040M (99%)        3844M (94%)    
[1722.018s][info][gc,heap     ] GC(104)      Used:      248M (6%)          248M (6%)          122M (3%)           56M (1%)          252M (6%)           56M (1%)     
[1722.018s][info][gc,heap     ] GC(104)      Live:         -                16M (0%)           16M (0%)           16M (0%)             -                  -          
[1722.018s][info][gc,heap     ] GC(104) Allocated:         -                 0M (0%)            4M (0%)            4M (0%)             -                  -          
[1722.018s][info][gc,heap     ] GC(104)   Garbage:         -               231M (6%)          101M (2%)           35M (1%)             -                  -          
[1722.018s][info][gc,heap     ] GC(104) Reclaimed:         -                  -               130M (3%)          196M (5%)             -                  -          
[1722.018s][info][gc          ] GC(104) Garbage Collection (System.gc()) 248M(6%)->56M(1%)
[1730.156s][info][gc,stats    ] === Garbage Collection Statistics =======================================================================================================================
[1730.156s][info][gc,stats    ]                                                              Last 10s              Last 10m              Last 10h                Total
[1730.156s][info][gc,stats    ]                                                              Avg / Max             Avg / Max             Avg / Max             Avg / Max
[1730.156s][info][gc,stats    ]   Collector: Garbage Collection Cycle                     36.522 / 36.522       30.059 / 43.979       30.506 / 54.411       30.506 / 54.411      ms
[1730.156s][info][gc,stats    ]  Contention: Mark Segment Reset Contention                     0 / 0                 0 / 1                 0 / 3                 0 / 3           ops/s
[1730.156s][info][gc,stats    ]  Contention: Mark SeqNum Reset Contention                      0 / 0                 0 / 2                 0 / 2                 0 / 2           ops/s
[1730.156s][info][gc,stats    ]    Critical: Allocation Stall                                  0 / 0                 0 / 0                 0 / 0                 0 / 0           ops/s
[1730.156s][info][gc,stats    ]    Critical: Allocation Stall                              0.000 / 0.000         0.000 / 0.000         0.000 / 0.000         0.000 / 0.000       ms
[1730.156s][info][gc,stats    ]    Critical: GC Locker Stall                                   0 / 0                 0 / 0                 0 / 0                 0 / 0           ops/s
[1730.156s][info][gc,stats    ]    Critical: GC Locker Stall                               0.000 / 0.000         0.000 / 0.000         0.000 / 0.000         0.000 / 0.000       ms
[1730.156s][info][gc,stats    ]    Critical: Relocation Stall                                  0 / 0                 0 / 0                 0 / 0                 0 / 0           ops/s
[1730.156s][info][gc,stats    ]    Critical: Relocation Stall                              0.000 / 0.000         0.000 / 0.000         0.000 / 0.000         0.000 / 0.000       ms
[1730.156s][info][gc,stats    ]      Memory: Allocation Rate                                  35 / 84               25 / 130              25 / 148              25 / 148         MB/s
[1730.156s][info][gc,stats    ]      Memory: Out Of Memory                                     0 / 0                 0 / 0                 0 / 0                 0 / 0           ops/s
[1730.156s][info][gc,stats    ]      Memory: Page Cache Flush                                  0 / 0                 0 / 0                 0 / 0                 0 / 0           MB/s
[1730.156s][info][gc,stats    ]      Memory: Page Cache Hit L1                                14 / 27               12 / 37               12 / 78               12 / 78          ops/s
[1730.156s][info][gc,stats    ]      Memory: Page Cache Hit L2                                 0 / 0                 0 / 0                 0 / 0                 0 / 0           ops/s
[1730.156s][info][gc,stats    ]      Memory: Page Cache Hit L3                                 0 / 0                 0 / 0                 0 / 48                0 / 48          ops/s
[1730.156s][info][gc,stats    ]      Memory: Page Cache Miss                                   0 / 0                 0 / 0                 0 / 1                 0 / 1           ops/s
[1730.156s][info][gc,stats    ]      Memory: Uncommit                                          0 / 0                 0 / 0                 0 / 0                 0 / 0           MB/s
[1730.156s][info][gc,stats    ]      Memory: Undo Object Allocation Failed                     0 / 0                 0 / 0                 0 / 1                 0 / 1           ops/s
[1730.156s][info][gc,stats    ]      Memory: Undo Object Allocation Succeeded                  0 / 0                 0 / 0                 0 / 22                0 / 22          ops/s
[1730.156s][info][gc,stats    ]      Memory: Undo Page Allocation                              0 / 0                 0 / 1                 0 / 2                 0 / 2           ops/s
[1730.156s][info][gc,stats    ]       Phase: Concurrent Mark                              12.921 / 12.921       16.808 / 30.623       17.353 / 38.897       17.353 / 38.897      ms
[1730.156s][info][gc,stats    ]       Phase: Concurrent Mark Continue                      0.000 / 0.000         0.000 / 0.000         0.000 / 0.000         0.000 / 0.000       ms
[1730.156s][info][gc,stats    ]       Phase: Concurrent Mark Free                          0.002 / 0.002         0.001 / 0.004         0.001 / 0.004         0.001 / 0.004       ms
[1730.156s][info][gc,stats    ]       Phase: Concurrent Process Non-Strong References     19.777 / 19.777        9.463 / 19.777        9.205 / 19.777        9.205 / 19.777      ms
[1730.156s][info][gc,stats    ]       Phase: Concurrent Relocate                           1.279 / 1.279         0.826 / 1.646         0.931 / 6.891         0.931 / 6.891       ms
[1730.156s][info][gc,stats    ]       Phase: Concurrent Reset Relocation Set               0.004 / 0.004         0.004 / 0.011         0.004 / 0.011         0.004 / 0.011       ms
[1730.156s][info][gc,stats    ]       Phase: Concurrent Select Relocation Set              1.617 / 1.617         1.468 / 2.864         1.533 / 3.477         1.533 / 3.477       ms
[1730.156s][info][gc,stats    ]       Phase: Pause Mark End                                0.019 / 0.019         0.024 / 0.057         0.024 / 0.065         0.024 / 0.065       ms
[1730.156s][info][gc,stats    ]       Phase: Pause Mark Start                              0.008 / 0.008         0.011 / 0.037         0.011 / 0.037         0.011 / 0.037       ms
[1730.156s][info][gc,stats    ]       Phase: Pause Relocate Start                          0.008 / 0.008         0.009 / 0.012         0.009 / 0.019         0.009 / 0.019       ms
[1730.156s][info][gc,stats    ]    Subphase: Concurrent Classes Purge                      1.815 / 1.815         0.435 / 2.073         0.402 / 2.073         0.402 / 2.073       ms
[1730.156s][info][gc,stats    ]    Subphase: Concurrent Classes Unlink                    16.855 / 16.855        8.175 / 16.855        7.942 / 16.855        7.942 / 16.855      ms
[1730.156s][info][gc,stats    ]    Subphase: Concurrent Mark                              11.136 / 12.292       13.647 / 29.925       14.149 / 33.017       14.149 / 33.017      ms
[1730.156s][info][gc,stats    ]    Subphase: Concurrent Mark Try Flush                     0.166 / 0.257         0.131 / 0.331         0.128 / 0.331         0.128 / 0.331       ms
[1730.156s][info][gc,stats    ]    Subphase: Concurrent Mark Try Terminate                 0.896 / 2.610         1.830 / 17.115        1.822 / 17.115        1.822 / 17.115      ms
[1730.156s][info][gc,stats    ]    Subphase: Concurrent References Enqueue                 0.009 / 0.009         0.002 / 0.009         0.002 / 0.010         0.002 / 0.010       ms
[1730.156s][info][gc,stats    ]    Subphase: Concurrent References Process                 0.206 / 0.206         0.134 / 0.276         0.147 / 0.513         0.147 / 0.513       ms
[1730.156s][info][gc,stats    ]    Subphase: Concurrent Roots ClassLoaderDataGraph         0.078 / 0.138         0.131 / 0.356         0.142 / 0.547         0.142 / 0.547       ms
[1730.156s][info][gc,stats    ]    Subphase: Concurrent Roots CodeCache                    0.000 / 0.000         0.000 / 0.000         0.000 / 0.000         0.000 / 0.000       ms
[1730.156s][info][gc,stats    ]    Subphase: Concurrent Roots JavaThreads                  0.320 / 0.381         0.333 / 0.687         0.410 / 5.702         0.410 / 5.702       ms
[1730.156s][info][gc,stats    ]    Subphase: Concurrent Roots OopStorageSet                0.015 / 0.021         0.024 / 0.048         0.026 / 0.085         0.026 / 0.085       ms
[1730.156s][info][gc,stats    ]    Subphase: Concurrent Weak Roots OopStorageSet           0.639 / 0.651         0.497 / 0.708         0.495 / 0.939         0.495 / 0.939       ms
[1730.156s][info][gc,stats    ]    Subphase: Pause Mark Try Complete                       0.000 / 0.000         0.000 / 0.000         0.000 / 0.000         0.000 / 0.000       ms
[1730.156s][info][gc,stats    ]      System: Java Threads                                     27 / 27               32 / 33               32 / 34               32 / 34          threads
[1730.156s][info][gc,stats    ] =========================================================================================================================================================
[1735.664s][info][gc,start    ] GC(105) Garbage Collection (Proactive)
[1735.665s][info][gc,task     ] GC(105) Using 2 workers
[1735.665s][info][gc,phases   ] GC(105) Pause Mark Start 0.015ms
[1735.682s][info][gc,phases   ] GC(105) Concurrent Mark 16.384ms
[1735.682s][info][gc,phases   ] GC(105) Pause Mark End 0.012ms
[1735.682s][info][gc,phases   ] GC(105) Concurrent Mark Free 0.001ms
[1735.691s][info][gc,phases   ] GC(105) Concurrent Process Non-Strong References 8.441ms
[1735.691s][info][gc,phases   ] GC(105) Concurrent Reset Relocation Set 0.004ms
[1735.692s][info][gc,phases   ] GC(105) Concurrent Select Relocation Set 1.286ms
[1735.692s][info][gc,phases   ] GC(105) Pause Relocate Start 0.008ms
[1735.694s][info][gc,phases   ] GC(105) Concurrent Relocate 1.667ms
[1735.694s][info][gc,load     ] GC(105) Load: 0.00/0.00/0.00
[1735.694s][info][gc,mmu      ] GC(105) MMU: 2ms/96.8%, 5ms/98.7%, 10ms/99.2%, 20ms/99.6%, 50ms/99.8%, 100ms/99.9%
[1735.694s][info][gc,marking  ] GC(105) Mark: 2 stripe(s), 2 proactive flush(es), 1 terminate flush(es), 0 completion(s), 0 continuation(s) 
[1735.694s][info][gc,marking  ] GC(105) Mark Stack Usage: 32M
[1735.694s][info][gc,nmethod  ] GC(105) NMethods: 8522 registered, 1761 unregistered
[1735.694s][info][gc,metaspace] GC(105) Metaspace: 32M used, 33M committed, 1088M reserved
[1735.694s][info][gc,ref      ] GC(105) Soft: 4141 encountered, 0 discovered, 0 enqueued
[1735.694s][info][gc,ref      ] GC(105) Weak: 2399 encountered, 553 discovered, 212 enqueued
[1735.694s][info][gc,ref      ] GC(105) Final: 3 encountered, 0 discovered, 0 enqueued
[1735.694s][info][gc,ref      ] GC(105) Phantom: 302 encountered, 218 discovered, 25 enqueued
[1735.694s][info][gc,reloc    ] GC(105) Small Pages: 201 / 402M, Empty: 192M, Relocated: 2M, In-Place: 0
[1735.694s][info][gc,reloc    ] GC(105) Medium Pages: 2 / 64M, Empty: 32M, Relocated: 0M, In-Place: 0
[1735.694s][info][gc,reloc    ] GC(105) Large Pages: 0 / 0M, Empty: 0M, Relocated: 0M, In-Place: 0
[1735.694s][info][gc,reloc    ] GC(105) Forwarding Usage: 0M
[1735.694s][info][gc,heap     ] GC(105) Min Capacity: 4096M(100%)
[1735.694s][info][gc,heap     ] GC(105) Max Capacity: 4096M(100%)
[1735.694s][info][gc,heap     ] GC(105) Soft Max Capacity: 4096M(100%)
[1735.694s][info][gc,heap     ] GC(105)                Mark Start          Mark End        Relocate Start      Relocate End           High               Low         
[1735.694s][info][gc,heap     ] GC(105)  Capacity:     4096M (100%)       4096M (100%)       4096M (100%)       4096M (100%)       4096M (100%)       4096M (100%)   
[1735.694s][info][gc,heap     ] GC(105)      Free:     3630M (89%)        3618M (88%)        3842M (94%)        4032M (98%)        4032M (98%)        3618M (88%)    
[1735.694s][info][gc,heap     ] GC(105)      Used:      466M (11%)         478M (12%)         254M (6%)           64M (2%)          478M (12%)          64M (2%)     
[1735.694s][info][gc,heap     ] GC(105)      Live:         -                17M (0%)           17M (0%)           17M (0%)             -                  -          
[1735.694s][info][gc,heap     ] GC(105) Allocated:         -                12M (0%)           12M (0%)           12M (0%)             -                  -          
[1735.694s][info][gc,heap     ] GC(105)   Garbage:         -               448M (11%)         224M (5%)           34M (1%)             -                  -          
[1735.694s][info][gc,heap     ] GC(105) Reclaimed:         -                  -               224M (5%)          414M (10%)            -                  -          
[1735.694s][info][gc          ] GC(105) Garbage Collection (Proactive) 466M(11%)->64M(2%)
[1740.151s][info][gc,stats    ] === Garbage Collection Statistics =======================================================================================================================
[1740.151s][info][gc,stats    ]                                                              Last 10s              Last 10m              Last 10h                Total
[1740.151s][info][gc,stats    ]                                                              Avg / Max             Avg / Max             Avg / Max             Avg / Max
[1740.151s][info][gc,stats    ]   Collector: Garbage Collection Cycle                     29.513 / 29.513       30.044 / 43.979       30.496 / 54.411       30.496 / 54.411      ms
[1740.151s][info][gc,stats    ]  Contention: Mark Segment Reset Contention                     0 / 0                 0 / 1                 0 / 3                 0 / 3           ops/s
[1740.151s][info][gc,stats    ]  Contention: Mark SeqNum Reset Contention                      0 / 0                 0 / 2                 0 / 2                 0 / 2           ops/s
[1740.151s][info][gc,stats    ]    Critical: Allocation Stall                                  0 / 0                 0 / 0                 0 / 0                 0 / 0           ops/s
[1740.151s][info][gc,stats    ]    Critical: Allocation Stall                              0.000 / 0.000         0.000 / 0.000         0.000 / 0.000         0.000 / 0.000       ms
[1740.151s][info][gc,stats    ]    Critical: GC Locker Stall                                   0 / 0                 0 / 0                 0 / 0                 0 / 0           ops/s
[1740.151s][info][gc,stats    ]    Critical: GC Locker Stall                               0.000 / 0.000         0.000 / 0.000         0.000 / 0.000         0.000 / 0.000       ms
[1740.151s][info][gc,stats    ]    Critical: Relocation Stall                                  0 / 0                 0 / 0                 0 / 0                 0 / 0           ops/s
[1740.151s][info][gc,stats    ]    Critical: Relocation Stall                              0.000 / 0.000         0.000 / 0.000         0.000 / 0.000         0.000 / 0.000       ms
[1740.151s][info][gc,stats    ]      Memory: Allocation Rate                                  25 / 36               25 / 130              25 / 148              25 / 148         MB/s
[1740.151s][info][gc,stats    ]      Memory: Out Of Memory                                     0 / 0                 0 / 0                 0 / 0                 0 / 0           ops/s
[1740.151s][info][gc,stats    ]      Memory: Page Cache Flush                                  0 / 0                 0 / 0                 0 / 0                 0 / 0           MB/s
[1740.151s][info][gc,stats    ]      Memory: Page Cache Hit L1                                13 / 20               12 / 37               12 / 78               12 / 78          ops/s
[1740.151s][info][gc,stats    ]      Memory: Page Cache Hit L2                                 0 / 0                 0 / 0                 0 / 0                 0 / 0           ops/s
[1740.151s][info][gc,stats    ]      Memory: Page Cache Hit L3                                 0 / 0                 0 / 0                 0 / 48                0 / 48          ops/s
[1740.151s][info][gc,stats    ]      Memory: Page Cache Miss                                   0 / 0                 0 / 0                 0 / 1                 0 / 1           ops/s
[1740.151s][info][gc,stats    ]      Memory: Uncommit                                          0 / 0                 0 / 0                 0 / 0                 0 / 0           MB/s
[1740.151s][info][gc,stats    ]      Memory: Undo Object Allocation Failed                     0 / 0                 0 / 0                 0 / 1                 0 / 1           ops/s
[1740.151s][info][gc,stats    ]      Memory: Undo Object Allocation Succeeded                  0 / 0                 0 / 0                 0 / 22                0 / 22          ops/s
[1740.151s][info][gc,stats    ]      Memory: Undo Page Allocation                              0 / 1                 0 / 1                 0 / 2                 0 / 2           ops/s
[1740.151s][info][gc,stats    ]       Phase: Concurrent Mark                              16.384 / 16.384       16.797 / 30.623       17.344 / 38.897       17.344 / 38.897      ms
[1740.151s][info][gc,stats    ]       Phase: Concurrent Mark Continue                      0.000 / 0.000         0.000 / 0.000         0.000 / 0.000         0.000 / 0.000       ms
[1740.151s][info][gc,stats    ]       Phase: Concurrent Mark Free                          0.001 / 0.001         0.001 / 0.004         0.001 / 0.004         0.001 / 0.004       ms
[1740.151s][info][gc,stats    ]       Phase: Concurrent Process Non-Strong References      8.441 / 8.441         9.436 / 19.777        9.198 / 19.777        9.198 / 19.777      ms
[1740.151s][info][gc,stats    ]       Phase: Concurrent Relocate                           1.667 / 1.667         0.848 / 1.667         0.938 / 6.891         0.938 / 6.891       ms
[1740.151s][info][gc,stats    ]       Phase: Concurrent Reset Relocation Set               0.004 / 0.004         0.004 / 0.011         0.004 / 0.011         0.004 / 0.011       ms
[1740.151s][info][gc,stats    ]       Phase: Concurrent Select Relocation Set              1.286 / 1.286         1.463 / 2.864         1.531 / 3.477         1.531 / 3.477       ms
[1740.151s][info][gc,stats    ]       Phase: Pause Mark End                                0.012 / 0.012         0.024 / 0.057         0.024 / 0.065         0.024 / 0.065       ms
[1740.151s][info][gc,stats    ]       Phase: Pause Mark Start                              0.015 / 0.015         0.011 / 0.037         0.012 / 0.037         0.012 / 0.037       ms
[1740.151s][info][gc,stats    ]       Phase: Pause Relocate Start                          0.008 / 0.008         0.009 / 0.012         0.009 / 0.019         0.009 / 0.019       ms
[1740.151s][info][gc,stats    ]    Subphase: Concurrent Classes Purge                      0.303 / 0.303         0.432 / 2.073         0.401 / 2.073         0.401 / 2.073       ms
[1740.151s][info][gc,stats    ]    Subphase: Concurrent Classes Unlink                     7.052 / 7.052         8.145 / 16.855        7.933 / 16.855        7.933 / 16.855      ms
[1740.151s][info][gc,stats    ]    Subphase: Concurrent Mark                              14.246 / 15.732       13.662 / 29.925       14.150 / 33.017       14.150 / 33.017      ms
[1740.151s][info][gc,stats    ]    Subphase: Concurrent Mark Try Flush                     0.116 / 0.164         0.131 / 0.331         0.128 / 0.331         0.128 / 0.331       ms
[1740.151s][info][gc,stats    ]    Subphase: Concurrent Mark Try Terminate                 1.225 / 3.609         1.814 / 17.115        1.817 / 17.115        1.817 / 17.115      ms
[1740.151s][info][gc,stats    ]    Subphase: Concurrent References Enqueue                 0.008 / 0.008         0.002 / 0.009         0.002 / 0.010         0.002 / 0.010       ms
[1740.151s][info][gc,stats    ]    Subphase: Concurrent References Process                 0.211 / 0.211         0.136 / 0.276         0.148 / 0.513         0.148 / 0.513       ms
[1740.151s][info][gc,stats    ]    Subphase: Concurrent Roots ClassLoaderDataGraph         0.143 / 0.245         0.132 / 0.356         0.142 / 0.547         0.142 / 0.547       ms
[1740.151s][info][gc,stats    ]    Subphase: Concurrent Roots CodeCache                    0.000 / 0.000         0.000 / 0.000         0.000 / 0.000         0.000 / 0.000       ms
[1740.151s][info][gc,stats    ]    Subphase: Concurrent Roots JavaThreads                  0.252 / 0.356         0.331 / 0.687         0.409 / 5.702         0.409 / 5.702       ms
[1740.151s][info][gc,stats    ]    Subphase: Concurrent Roots OopStorageSet                0.035 / 0.038         0.025 / 0.048         0.026 / 0.085         0.026 / 0.085       ms
[1740.151s][info][gc,stats    ]    Subphase: Concurrent Weak Roots OopStorageSet           0.617 / 0.622         0.501 / 0.708         0.496 / 0.939         0.496 / 0.939       ms
[1740.151s][info][gc,stats    ]    Subphase: Pause Mark Try Complete                       0.000 / 0.000         0.000 / 0.000         0.000 / 0.000         0.000 / 0.000       ms
[1740.151s][info][gc,stats    ]      System: Java Threads                                     33 / 33               32 / 33               32 / 34               32 / 34          threads
[1740.151s][info][gc,stats    ] =========================================================================================================================================================
[1750.153s][info][gc,stats    ] === Garbage Collection Statistics =======================================================================================================================
[1750.154s][info][gc,stats    ]                                                              Last 10s              Last 10m              Last 10h                Total
[1750.154s][info][gc,stats    ]                                                              Avg / Max             Avg / Max             Avg / Max             Avg / Max
[1750.154s][info][gc,stats    ]   Collector: Garbage Collection Cycle                      0.000 / 0.000        30.040 / 43.979       30.496 / 54.411       30.496 / 54.411      ms
[1750.154s][info][gc,stats    ]  Contention: Mark Segment Reset Contention                     0 / 0                 0 / 1                 0 / 3                 0 / 3           ops/s
[1750.154s][info][gc,stats    ]  Contention: Mark SeqNum Reset Contention                      0 / 0                 0 / 2                 0 / 2                 0 / 2           ops/s
[1750.154s][info][gc,stats    ]    Critical: Allocation Stall                                  0 / 0                 0 / 0                 0 / 0                 0 / 0           ops/s
[1750.154s][info][gc,stats    ]    Critical: Allocation Stall                              0.000 / 0.000         0.000 / 0.000         0.000 / 0.000         0.000 / 0.000       ms
[1750.154s][info][gc,stats    ]    Critical: GC Locker Stall                                   0 / 0                 0 / 0                 0 / 0                 0 / 0           ops/s
[1750.154s][info][gc,stats    ]    Critical: GC Locker Stall                               0.000 / 0.000         0.000 / 0.000         0.000 / 0.000         0.000 / 0.000       ms
[1750.154s][info][gc,stats    ]    Critical: Relocation Stall                                  0 / 0                 0 / 0                 0 / 0                 0 / 0           ops/s
[1750.154s][info][gc,stats    ]    Critical: Relocation Stall                              0.000 / 0.000         0.000 / 0.000         0.000 / 0.000         0.000 / 0.000       ms
[1750.154s][info][gc,stats    ]      Memory: Allocation Rate                                  23 / 26               25 / 130              25 / 148              25 / 148         MB/s
[1750.154s][info][gc,stats    ]      Memory: Out Of Memory                                     0 / 0                 0 / 0                 0 / 0                 0 / 0           ops/s
[1750.154s][info][gc,stats    ]      Memory: Page Cache Flush                                  0 / 0                 0 / 0                 0 / 0                 0 / 0           MB/s
[1750.154s][info][gc,stats    ]      Memory: Page Cache Hit L1                                11 / 13               12 / 37               12 / 78               12 / 78          ops/s
[1750.154s][info][gc,stats    ]      Memory: Page Cache Hit L2                                 0 / 0                 0 / 0                 0 / 0                 0 / 0           ops/s
[1750.154s][info][gc,stats    ]      Memory: Page Cache Hit L3                                 0 / 0                 0 / 0                 0 / 48                0 / 48          ops/s
[1750.154s][info][gc,stats    ]      Memory: Page Cache Miss                                   0 / 0                 0 / 0                 0 / 1                 0 / 1           ops/s
[1750.154s][info][gc,stats    ]      Memory: Uncommit                                          0 / 0                 0 / 0                 0 / 0                 0 / 0           MB/s
[1750.154s][info][gc,stats    ]      Memory: Undo Object Allocation Failed                     0 / 0                 0 / 0                 0 / 1                 0 / 1           ops/s
[1750.154s][info][gc,stats    ]      Memory: Undo Object Allocation Succeeded                  0 / 0                 0 / 0                 0 / 22                0 / 22          ops/s
[1750.154s][info][gc,stats    ]      Memory: Undo Page Allocation                              0 / 0                 0 / 1                 0 / 2                 0 / 2           ops/s
[1750.154s][info][gc,stats    ]       Phase: Concurrent Mark                               0.000 / 0.000        16.818 / 30.623       17.344 / 38.897       17.344 / 38.897      ms
[1750.154s][info][gc,stats    ]       Phase: Concurrent Mark Continue                      0.000 / 0.000         0.000 / 0.000         0.000 / 0.000         0.000 / 0.000       ms
[1750.154s][info][gc,stats    ]       Phase: Concurrent Mark Free                          0.000 / 0.000         0.001 / 0.004         0.001 / 0.004         0.001 / 0.004       ms
[1750.154s][info][gc,stats    ]       Phase: Concurrent Process Non-Strong References      0.000 / 0.000         9.463 / 19.777        9.198 / 19.777        9.198 / 19.777      ms
[1750.154s][info][gc,stats    ]       Phase: Concurrent Relocate                           0.000 / 0.000         0.837 / 1.667         0.938 / 6.891         0.938 / 6.891       ms
[1750.154s][info][gc,stats    ]       Phase: Concurrent Reset Relocation Set               0.000 / 0.000         0.004 / 0.011         0.004 / 0.011         0.004 / 0.011       ms
[1750.154s][info][gc,stats    ]       Phase: Concurrent Select Relocation Set              0.000 / 0.000         1.438 / 2.864         1.531 / 3.477         1.531 / 3.477       ms
[1750.154s][info][gc,stats    ]       Phase: Pause Mark End                                0.000 / 0.000         0.024 / 0.057         0.024 / 0.065         0.024 / 0.065       ms
[1750.154s][info][gc,stats    ]       Phase: Pause Mark Start                              0.000 / 0.000         0.011 / 0.037         0.012 / 0.037         0.012 / 0.037       ms
[1750.154s][info][gc,stats    ]       Phase: Pause Relocate Start                          0.000 / 0.000         0.009 / 0.012         0.009 / 0.019         0.009 / 0.019       ms
[1750.154s][info][gc,stats    ]    Subphase: Concurrent Classes Purge                      0.000 / 0.000         0.435 / 2.073         0.401 / 2.073         0.401 / 2.073       ms
[1750.154s][info][gc,stats    ]    Subphase: Concurrent Classes Unlink                     0.000 / 0.000         8.168 / 16.855        7.933 / 16.855        7.933 / 16.855      ms
[1750.154s][info][gc,stats    ]    Subphase: Concurrent Mark                               0.000 / 0.000        13.673 / 29.925       14.150 / 33.017       14.150 / 33.017      ms
[1750.154s][info][gc,stats    ]    Subphase: Concurrent Mark Try Flush                     0.000 / 0.000         0.131 / 0.331         0.128 / 0.331         0.128 / 0.331       ms
[1750.154s][info][gc,stats    ]    Subphase: Concurrent Mark Try Terminate                 0.000 / 0.000         1.820 / 17.115        1.817 / 17.115        1.817 / 17.115      ms
[1750.154s][info][gc,stats    ]    Subphase: Concurrent References Enqueue                 0.000 / 0.000         0.002 / 0.009         0.002 / 0.010         0.002 / 0.010       ms
[1750.154s][info][gc,stats    ]    Subphase: Concurrent References Process                 0.000 / 0.000         0.136 / 0.276         0.148 / 0.513         0.148 / 0.513       ms
[1750.154s][info][gc,stats    ]    Subphase: Concurrent Roots ClassLoaderDataGraph         0.000 / 0.000         0.132 / 0.356         0.142 / 0.547         0.142 / 0.547       ms
[1750.154s][info][gc,stats    ]    Subphase: Concurrent Roots CodeCache                    0.000 / 0.000         0.000 / 0.000         0.000 / 0.000         0.000 / 0.000       ms
[1750.154s][info][gc,stats    ]    Subphase: Concurrent Roots JavaThreads                  0.000 / 0.000         0.333 / 0.687         0.409 / 5.702         0.409 / 5.702       ms
[1750.154s][info][gc,stats    ]    Subphase: Concurrent Roots OopStorageSet                0.000 / 0.000         0.025 / 0.048         0.026 / 0.085         0.026 / 0.085       ms
[1750.154s][info][gc,stats    ]    Subphase: Concurrent Weak Roots OopStorageSet           0.000 / 0.000         0.502 / 0.708         0.496 / 0.939         0.496 / 0.939       ms
[1750.154s][info][gc,stats    ]    Subphase: Pause Mark Try Complete                       0.000 / 0.000         0.000 / 0.000         0.000 / 0.000         0.000 / 0.000       ms
[1750.154s][info][gc,stats    ]      System: Java Threads                                      0 / 0                32 / 33               32 / 34               32 / 34          threads
[1750.154s][info][gc,stats    ] =========================================================================================================================================================
[1753.067s][info][gc,start    ] GC(106) Garbage Collection (Proactive)
[1753.067s][info][gc,task     ] GC(106) Using 2 workers
[1753.067s][info][gc,phases   ] GC(106) Pause Mark Start 0.008ms
[1753.085s][info][gc,phases   ] GC(106) Concurrent Mark 17.550ms
[1753.085s][info][gc,phases   ] GC(106) Pause Mark End 0.023ms
[1753.085s][info][gc,phases   ] GC(106) Concurrent Mark Free 0.001ms
[1753.093s][info][gc,phases   ] GC(106) Concurrent Process Non-Strong References 8.305ms
[1753.093s][info][gc,phases   ] GC(106) Concurrent Reset Relocation Set 0.007ms
[1753.095s][info][gc,phases   ] GC(106) Concurrent Select Relocation Set 1.355ms
[1753.095s][info][gc,phases   ] GC(106) Pause Relocate Start 0.010ms
[1753.096s][info][gc,phases   ] GC(106) Concurrent Relocate 0.623ms
[1753.096s][info][gc,load     ] GC(106) Load: 0.00/0.00/0.00
[1753.096s][info][gc,mmu      ] GC(106) MMU: 2ms/96.8%, 5ms/98.7%, 10ms/99.2%, 20ms/99.6%, 50ms/99.8%, 100ms/99.9%
[1753.096s][info][gc,marking  ] GC(106) Mark: 2 stripe(s), 2 proactive flush(es), 1 terminate flush(es), 0 completion(s), 0 continuation(s) 
[1753.096s][info][gc,marking  ] GC(106) Mark Stack Usage: 32M
[1753.096s][info][gc,nmethod  ] GC(106) NMethods: 8594 registered, 1761 unregistered
[1753.096s][info][gc,metaspace] GC(106) Metaspace: 33M used, 33M committed, 1088M reserved
[1753.096s][info][gc,ref      ] GC(106) Soft: 4141 encountered, 0 discovered, 0 enqueued
[1753.096s][info][gc,ref      ] GC(106) Weak: 2187 encountered, 674 discovered, 0 enqueued
[1753.096s][info][gc,ref      ] GC(106) Final: 3 encountered, 1 discovered, 0 enqueued
[1753.096s][info][gc,ref      ] GC(106) Phantom: 277 encountered, 215 discovered, 0 enqueued
[1753.096s][info][gc,reloc    ] GC(106) Small Pages: 221 / 442M, Empty: 318M, Relocated: 1M, In-Place: 0
[1753.096s][info][gc,reloc    ] GC(106) Medium Pages: 1 / 32M, Empty: 0M, Relocated: 0M, In-Place: 0
[1753.096s][info][gc,reloc    ] GC(106) Large Pages: 0 / 0M, Empty: 0M, Relocated: 0M, In-Place: 0
[1753.096s][info][gc,reloc    ] GC(106) Forwarding Usage: 0M
[1753.096s][info][gc,heap     ] GC(106) Min Capacity: 4096M(100%)
[1753.096s][info][gc,heap     ] GC(106) Max Capacity: 4096M(100%)
[1753.096s][info][gc,heap     ] GC(106) Soft Max Capacity: 4096M(100%)
[1753.096s][info][gc,heap     ] GC(106)                Mark Start          Mark End        Relocate Start      Relocate End           High               Low         
[1753.096s][info][gc,heap     ] GC(106)  Capacity:     4096M (100%)       4096M (100%)       4096M (100%)       4096M (100%)       4096M (100%)       4096M (100%)   
[1753.096s][info][gc,heap     ] GC(106)      Free:     3622M (88%)        3612M (88%)        3930M (96%)        4032M (98%)        4032M (98%)        3612M (88%)    
[1753.096s][info][gc,heap     ] GC(106)      Used:      474M (12%)         484M (12%)         166M (4%)           64M (2%)          484M (12%)          64M (2%)     
[1753.096s][info][gc,heap     ] GC(106)      Live:         -                17M (0%)           17M (0%)           17M (0%)             -                  -          
[1753.096s][info][gc,heap     ] GC(106) Allocated:         -                10M (0%)           10M (0%)           10M (0%)             -                  -          
[1753.096s][info][gc,heap     ] GC(106)   Garbage:         -               456M (11%)         138M (3%)           36M (1%)             -                  -          
[1753.096s][info][gc,heap     ] GC(106) Reclaimed:         -                  -               318M (8%)          420M (10%)            -                  -          
[1753.096s][info][gc          ] GC(106) Garbage Collection (Proactive) 474M(12%)->64M(2%)
[1760.151s][info][gc,stats    ] === Garbage Collection Statistics =======================================================================================================================
[1760.151s][info][gc,stats    ]                                                              Last 10s              Last 10m              Last 10h                Total
[1760.151s][info][gc,stats    ]                                                              Avg / Max             Avg / Max             Avg / Max             Avg / Max
[1760.151s][info][gc,stats    ]   Collector: Garbage Collection Cycle                     29.080 / 29.080       30.014 / 43.979       30.483 / 54.411       30.483 / 54.411      ms
[1760.151s][info][gc,stats    ]  Contention: Mark Segment Reset Contention                     0 / 1                 0 / 1                 0 / 3                 0 / 3           ops/s
[1760.151s][info][gc,stats    ]  Contention: Mark SeqNum Reset Contention                      0 / 0                 0 / 2                 0 / 2                 0 / 2           ops/s
[1760.151s][info][gc,stats    ]    Critical: Allocation Stall                                  0 / 0                 0 / 0                 0 / 0                 0 / 0           ops/s
[1760.151s][info][gc,stats    ]    Critical: Allocation Stall                              0.000 / 0.000         0.000 / 0.000         0.000 / 0.000         0.000 / 0.000       ms
[1760.151s][info][gc,stats    ]    Critical: GC Locker Stall                                   0 / 0                 0 / 0                 0 / 0                 0 / 0           ops/s
[1760.151s][info][gc,stats    ]    Critical: GC Locker Stall                               0.000 / 0.000         0.000 / 0.000         0.000 / 0.000         0.000 / 0.000       ms
[1760.151s][info][gc,stats    ]    Critical: Relocation Stall                                  0 / 0                 0 / 0                 0 / 0                 0 / 0           ops/s
[1760.151s][info][gc,stats    ]    Critical: Relocation Stall                              0.000 / 0.000         0.000 / 0.000         0.000 / 0.000         0.000 / 0.000       ms
[1760.151s][info][gc,stats    ]      Memory: Allocation Rate                                  24 / 36               25 / 130              25 / 148              25 / 148         MB/s
[1760.151s][info][gc,stats    ]      Memory: Out Of Memory                                     0 / 0                 0 / 0                 0 / 0                 0 / 0           ops/s
[1760.151s][info][gc,stats    ]      Memory: Page Cache Flush                                  0 / 0                 0 / 0                 0 / 0                 0 / 0           MB/s
[1760.151s][info][gc,stats    ]      Memory: Page Cache Hit L1                                12 / 20               12 / 37               12 / 78               12 / 78          ops/s
[1760.151s][info][gc,stats    ]      Memory: Page Cache Hit L2                                 0 / 0                 0 / 0                 0 / 0                 0 / 0           ops/s
[1760.151s][info][gc,stats    ]      Memory: Page Cache Hit L3                                 0 / 0                 0 / 0                 0 / 48                0 / 48          ops/s
[1760.151s][info][gc,stats    ]      Memory: Page Cache Miss                                   0 / 0                 0 / 0                 0 / 1                 0 / 1           ops/s
[1760.151s][info][gc,stats    ]      Memory: Uncommit                                          0 / 0                 0 / 0                 0 / 0                 0 / 0           MB/s
[1760.151s][info][gc,stats    ]      Memory: Undo Object Allocation Failed                     0 / 0                 0 / 0                 0 / 1                 0 / 1           ops/s
[1760.151s][info][gc,stats    ]      Memory: Undo Object Allocation Succeeded                  0 / 0                 0 / 0                 0 / 22                0 / 22          ops/s
[1760.151s][info][gc,stats    ]      Memory: Undo Page Allocation                              0 / 1                 0 / 1                 0 / 2                 0 / 2           ops/s
[1760.151s][info][gc,stats    ]       Phase: Concurrent Mark                              17.550 / 17.550       16.837 / 30.623       17.346 / 38.897       17.346 / 38.897      ms
[1760.151s][info][gc,stats    ]       Phase: Concurrent Mark Continue                      0.000 / 0.000         0.000 / 0.000         0.000 / 0.000         0.000 / 0.000       ms
[1760.151s][info][gc,stats    ]       Phase: Concurrent Mark Free                          0.001 / 0.001         0.001 / 0.004         0.001 / 0.004         0.001 / 0.004       ms
[1760.151s][info][gc,stats    ]       Phase: Concurrent Process Non-Strong References      8.305 / 8.305         9.432 / 19.777        9.190 / 19.777        9.190 / 19.777      ms
[1760.151s][info][gc,stats    ]       Phase: Concurrent Relocate                           0.623 / 0.623         0.831 / 1.667         0.935 / 6.891         0.935 / 6.891       ms
[1760.151s][info][gc,stats    ]       Phase: Concurrent Reset Relocation Set               0.007 / 0.007         0.004 / 0.011         0.004 / 0.011         0.004 / 0.011       ms
[1760.151s][info][gc,stats    ]       Phase: Concurrent Select Relocation Set              1.355 / 1.355         1.436 / 2.864         1.530 / 3.477         1.530 / 3.477       ms
[1760.151s][info][gc,stats    ]       Phase: Pause Mark End                                0.023 / 0.023         0.024 / 0.057         0.024 / 0.065         0.024 / 0.065       ms
[1760.151s][info][gc,stats    ]       Phase: Pause Mark Start                              0.008 / 0.008         0.011 / 0.037         0.011 / 0.037         0.011 / 0.037       ms
[1760.151s][info][gc,stats    ]       Phase: Pause Relocate Start                          0.010 / 0.010         0.009 / 0.012         0.009 / 0.019         0.009 / 0.019       ms
[1760.151s][info][gc,stats    ]    Subphase: Concurrent Classes Purge                      0.341 / 0.341         0.433 / 2.073         0.400 / 2.073         0.400 / 2.073       ms
[1760.151s][info][gc,stats    ]    Subphase: Concurrent Classes Unlink                     6.808 / 6.808         8.132 / 16.855        7.923 / 16.855        7.923 / 16.855      ms
[1760.151s][info][gc,stats    ]    Subphase: Concurrent Mark                              14.736 / 16.780       13.701 / 29.925       14.155 / 33.017       14.155 / 33.017      ms
[1760.151s][info][gc,stats    ]    Subphase: Concurrent Mark Try Flush                     0.147 / 0.258         0.131 / 0.331         0.128 / 0.331         0.128 / 0.331       ms
[1760.151s][info][gc,stats    ]    Subphase: Concurrent Mark Try Terminate                 1.529 / 4.523         1.813 / 17.115        1.814 / 17.115        1.814 / 17.115      ms
[1760.151s][info][gc,stats    ]    Subphase: Concurrent References Enqueue                 0.001 / 0.001         0.002 / 0.009         0.002 / 0.010         0.002 / 0.010       ms
[1760.151s][info][gc,stats    ]    Subphase: Concurrent References Process                 0.244 / 0.244         0.138 / 0.276         0.148 / 0.513         0.148 / 0.513       ms
[1760.151s][info][gc,stats    ]    Subphase: Concurrent Roots ClassLoaderDataGraph         0.139 / 0.255         0.132 / 0.356         0.142 / 0.547         0.142 / 0.547       ms
[1760.151s][info][gc,stats    ]    Subphase: Concurrent Roots CodeCache                    0.000 / 0.000         0.000 / 0.000         0.000 / 0.000         0.000 / 0.000       ms
[1760.151s][info][gc,stats    ]    Subphase: Concurrent Roots JavaThreads                  0.408 / 0.517         0.335 / 0.687         0.409 / 5.702         0.409 / 5.702       ms
[1760.151s][info][gc,stats    ]    Subphase: Concurrent Roots OopStorageSet                0.024 / 0.037         0.025 / 0.048         0.026 / 0.085         0.026 / 0.085       ms
[1760.151s][info][gc,stats    ]    Subphase: Concurrent Weak Roots OopStorageSet           0.666 / 0.668         0.506 / 0.708         0.497 / 0.939         0.497 / 0.939       ms
[1760.151s][info][gc,stats    ]    Subphase: Pause Mark Try Complete                       0.000 / 0.000         0.000 / 0.000         0.000 / 0.000         0.000 / 0.000       ms
[1760.151s][info][gc,stats    ]      System: Java Threads                                     33 / 33               32 / 33               32 / 34               32 / 34          threads
[1760.152s][info][gc,stats    ] =========================================================================================================================================================
[1770.160s][info][gc,stats    ] === Garbage Collection Statistics =======================================================================================================================
[1770.160s][info][gc,stats    ]                                                              Last 10s              Last 10m              Last 10h                Total
[1770.160s][info][gc,stats    ]                                                              Avg / Max             Avg / Max             Avg / Max             Avg / Max
[1770.160s][info][gc,stats    ]   Collector: Garbage Collection Cycle                      0.000 / 0.000        30.055 / 43.979       30.483 / 54.411       30.483 / 54.411      ms
[1770.160s][info][gc,stats    ]  Contention: Mark Segment Reset Contention                     0 / 0                 0 / 1                 0 / 3                 0 / 3           ops/s
[1770.160s][info][gc,stats    ]  Contention: Mark SeqNum Reset Contention                      0 / 0                 0 / 2                 0 / 2                 0 / 2           ops/s
[1770.160s][info][gc,stats    ]    Critical: Allocation Stall                                  0 / 0                 0 / 0                 0 / 0                 0 / 0           ops/s
[1770.160s][info][gc,stats    ]    Critical: Allocation Stall                              0.000 / 0.000         0.000 / 0.000         0.000 / 0.000         0.000 / 0.000       ms
[1770.160s][info][gc,stats    ]    Critical: GC Locker Stall                                   0 / 0                 0 / 0                 0 / 0                 0 / 0           ops/s
[1770.161s][info][gc,stats    ]    Critical: GC Locker Stall                               0.000 / 0.000         0.000 / 0.000         0.000 / 0.000         0.000 / 0.000       ms
[1770.161s][info][gc,stats    ]    Critical: Relocation Stall                                  0 / 0                 0 / 0                 0 / 0                 0 / 0           ops/s
[1770.161s][info][gc,stats    ]    Critical: Relocation Stall                              0.000 / 0.000         0.000 / 0.000         0.000 / 0.000         0.000 / 0.000       ms
[1770.161s][info][gc,stats    ]      Memory: Allocation Rate                                  23 / 24               25 / 130              25 / 148              25 / 148         MB/s
[1770.161s][info][gc,stats    ]      Memory: Out Of Memory                                     0 / 0                 0 / 0                 0 / 0                 0 / 0           ops/s
[1770.161s][info][gc,stats    ]      Memory: Page Cache Flush                                  0 / 0                 0 / 0                 0 / 0                 0 / 0           MB/s
[1770.161s][info][gc,stats    ]      Memory: Page Cache Hit L1                                11 / 12               12 / 37               12 / 78               12 / 78          ops/s
[1770.161s][info][gc,stats    ]      Memory: Page Cache Hit L2                                 0 / 0                 0 / 0                 0 / 0                 0 / 0           ops/s
[1770.161s][info][gc,stats    ]      Memory: Page Cache Hit L3                                 0 / 0                 0 / 0                 0 / 48                0 / 48          ops/s
[1770.161s][info][gc,stats    ]      Memory: Page Cache Miss                                   0 / 0                 0 / 0                 0 / 1                 0 / 1           ops/s
[1770.161s][info][gc,stats    ]      Memory: Uncommit                                          0 / 0                 0 / 0                 0 / 0                 0 / 0           MB/s
[1770.161s][info][gc,stats    ]      Memory: Undo Object Allocation Failed                     0 / 0                 0 / 0                 0 / 1                 0 / 1           ops/s
[1770.161s][info][gc,stats    ]      Memory: Undo Object Allocation Succeeded                  0 / 0                 0 / 0                 0 / 22                0 / 22          ops/s
[1770.161s][info][gc,stats    ]      Memory: Undo Page Allocation                              0 / 0                 0 / 1                 0 / 2                 0 / 2           ops/s
[1770.161s][info][gc,stats    ]       Phase: Concurrent Mark                               0.000 / 0.000        16.846 / 30.623       17.346 / 38.897       17.346 / 38.897      ms
[1770.161s][info][gc,stats    ]       Phase: Concurrent Mark Continue                      0.000 / 0.000         0.000 / 0.000         0.000 / 0.000         0.000 / 0.000       ms
[1770.161s][info][gc,stats    ]       Phase: Concurrent Mark Free                          0.000 / 0.000         0.001 / 0.004         0.001 / 0.004         0.001 / 0.004       ms
[1770.161s][info][gc,stats    ]       Phase: Concurrent Process Non-Strong References      0.000 / 0.000         9.462 / 19.777        9.190 / 19.777        9.190 / 19.777      ms
[1770.161s][info][gc,stats    ]       Phase: Concurrent Relocate                           0.000 / 0.000         0.837 / 1.667         0.935 / 6.891         0.935 / 6.891       ms
[1770.161s][info][gc,stats    ]       Phase: Concurrent Reset Relocation Set               0.000 / 0.000         0.004 / 0.011         0.004 / 0.011         0.004 / 0.011       ms
[1770.161s][info][gc,stats    ]       Phase: Concurrent Select Relocation Set              0.000 / 0.000         1.442 / 2.864         1.530 / 3.477         1.530 / 3.477       ms
[1770.161s][info][gc,stats    ]       Phase: Pause Mark End                                0.000 / 0.000         0.024 / 0.057         0.024 / 0.065         0.024 / 0.065       ms
[1770.161s][info][gc,stats    ]       Phase: Pause Mark Start                              0.000 / 0.000         0.011 / 0.037         0.011 / 0.037         0.011 / 0.037       ms
[1770.161s][info][gc,stats    ]       Phase: Pause Relocate Start                          0.000 / 0.000         0.009 / 0.012         0.009 / 0.019         0.009 / 0.019       ms
[1770.161s][info][gc,stats    ]    Subphase: Concurrent Classes Purge                      0.000 / 0.000         0.437 / 2.073         0.400 / 2.073         0.400 / 2.073       ms
[1770.161s][info][gc,stats    ]    Subphase: Concurrent Classes Unlink                     0.000 / 0.000         8.156 / 16.855        7.923 / 16.855        7.923 / 16.855      ms
[1770.161s][info][gc,stats    ]    Subphase: Concurrent Mark                               0.000 / 0.000        13.708 / 29.925       14.155 / 33.017       14.155 / 33.017      ms
[1770.161s][info][gc,stats    ]    Subphase: Concurrent Mark Try Flush                     0.000 / 0.000         0.130 / 0.280         0.128 / 0.331         0.128 / 0.331       ms
[1770.161s][info][gc,stats    ]    Subphase: Concurrent Mark Try Terminate                 0.000 / 0.000         1.816 / 17.115        1.814 / 17.115        1.814 / 17.115      ms
[1770.161s][info][gc,stats    ]    Subphase: Concurrent References Enqueue                 0.000 / 0.000         0.002 / 0.009         0.002 / 0.010         0.002 / 0.010       ms
[1770.161s][info][gc,stats    ]    Subphase: Concurrent References Process                 0.000 / 0.000         0.137 / 0.276         0.148 / 0.513         0.148 / 0.513       ms
[1770.161s][info][gc,stats    ]    Subphase: Concurrent Roots ClassLoaderDataGraph         0.000 / 0.000         0.132 / 0.356         0.142 / 0.547         0.142 / 0.547       ms
[1770.161s][info][gc,stats    ]    Subphase: Concurrent Roots CodeCache                    0.000 / 0.000         0.000 / 0.000         0.000 / 0.000         0.000 / 0.000       ms
[1770.161s][info][gc,stats    ]    Subphase: Concurrent Roots JavaThreads                  0.000 / 0.000         0.336 / 0.687         0.409 / 5.702         0.409 / 5.702       ms
[1770.161s][info][gc,stats    ]    Subphase: Concurrent Roots OopStorageSet                0.000 / 0.000         0.025 / 0.048         0.026 / 0.085         0.026 / 0.085       ms
[1770.161s][info][gc,stats    ]    Subphase: Concurrent Weak Roots OopStorageSet           0.000 / 0.000         0.507 / 0.708         0.497 / 0.939         0.497 / 0.939       ms
[1770.161s][info][gc,stats    ]    Subphase: Pause Mark Try Complete                       0.000 / 0.000         0.000 / 0.000         0.000 / 0.000         0.000 / 0.000       ms
[1770.161s][info][gc,stats    ]      System: Java Threads                                      0 / 0                32 / 33               32 / 34               32 / 34          threads
[1770.161s][info][gc,stats    ] =========================================================================================================================================================
[1770.563s][info][gc,start    ] GC(107) Garbage Collection (Proactive)
[1770.563s][info][gc,task     ] GC(107) Using 2 workers
[1770.563s][info][gc,phases   ] GC(107) Pause Mark Start 0.025ms
[1770.580s][info][gc,phases   ] GC(107) Concurrent Mark 16.303ms
[1770.581s][info][gc,phases   ] GC(107) Pause Mark End 0.021ms
[1770.581s][info][gc,phases   ] GC(107) Concurrent Mark Free 0.001ms
[1770.590s][info][gc,phases   ] GC(107) Concurrent Process Non-Strong References 8.849ms
[1770.590s][info][gc,phases   ] GC(107) Concurrent Reset Relocation Set 0.004ms
[1770.591s][info][gc,phases   ] GC(107) Concurrent Select Relocation Set 1.459ms
[1770.591s][info][gc,phases   ] GC(107) Pause Relocate Start 0.008ms
[1770.592s][info][gc,phases   ] GC(107) Concurrent Relocate 0.575ms
[1770.592s][info][gc,load     ] GC(107) Load: 0.00/0.00/0.00
[1770.592s][info][gc,mmu      ] GC(107) MMU: 2ms/96.8%, 5ms/98.7%, 10ms/99.2%, 20ms/99.6%, 50ms/99.8%, 100ms/99.9%
[1770.592s][info][gc,marking  ] GC(107) Mark: 2 stripe(s), 2 proactive flush(es), 1 terminate flush(es), 0 completion(s), 0 continuation(s) 
[1770.592s][info][gc,marking  ] GC(107) Mark Stack Usage: 32M
[1770.592s][info][gc,nmethod  ] GC(107) NMethods: 8716 registered, 1761 unregistered
[1770.592s][info][gc,metaspace] GC(107) Metaspace: 33M used, 33M committed, 1088M reserved
[1770.592s][info][gc,ref      ] GC(107) Soft: 4141 encountered, 0 discovered, 0 enqueued
[1770.592s][info][gc,ref      ] GC(107) Weak: 2188 encountered, 337 discovered, 0 enqueued
[1770.592s][info][gc,ref      ] GC(107) Final: 3 encountered, 1 discovered, 0 enqueued
[1770.592s][info][gc,ref      ] GC(107) Phantom: 279 encountered, 220 discovered, 0 enqueued
[1770.592s][info][gc,reloc    ] GC(107) Small Pages: 223 / 446M, Empty: 330M, Relocated: 1M, In-Place: 0
[1770.592s][info][gc,reloc    ] GC(107) Medium Pages: 1 / 32M, Empty: 0M, Relocated: 0M, In-Place: 0
[1770.592s][info][gc,reloc    ] GC(107) Large Pages: 0 / 0M, Empty: 0M, Relocated: 0M, In-Place: 0
[1770.592s][info][gc,reloc    ] GC(107) Forwarding Usage: 0M
[1770.592s][info][gc,heap     ] GC(107) Min Capacity: 4096M(100%)
[1770.592s][info][gc,heap     ] GC(107) Max Capacity: 4096M(100%)
[1770.592s][info][gc,heap     ] GC(107) Soft Max Capacity: 4096M(100%)
[1770.592s][info][gc,heap     ] GC(107)                Mark Start          Mark End        Relocate Start      Relocate End           High               Low         
[1770.592s][info][gc,heap     ] GC(107)  Capacity:     4096M (100%)       4096M (100%)       4096M (100%)       4096M (100%)       4096M (100%)       4096M (100%)   
[1770.592s][info][gc,heap     ] GC(107)      Free:     3618M (88%)        3606M (88%)        3936M (96%)        4030M (98%)        4030M (98%)        3606M (88%)    
[1770.592s][info][gc,heap     ] GC(107)      Used:      478M (12%)         490M (12%)         160M (4%)           66M (2%)          490M (12%)          66M (2%)     
[1770.592s][info][gc,heap     ] GC(107)      Live:         -                17M (0%)           17M (0%)           17M (0%)             -                  -          
[1770.592s][info][gc,heap     ] GC(107) Allocated:         -                12M (0%)           12M (0%)           12M (0%)             -                  -          
[1770.592s][info][gc,heap     ] GC(107)   Garbage:         -               460M (11%)         130M (3%)           36M (1%)             -                  -          
[1770.592s][info][gc,heap     ] GC(107) Reclaimed:         -                  -               330M (8%)          424M (10%)            -                  -          
[1770.592s][info][gc          ] GC(107) Garbage Collection (Proactive) 478M(12%)->66M(2%)
[1780.163s][info][gc,stats    ] === Garbage Collection Statistics =======================================================================================================================
[1780.163s][info][gc,stats    ]                                                              Last 10s              Last 10m              Last 10h                Total
[1780.163s][info][gc,stats    ]                                                              Avg / Max             Avg / Max             Avg / Max             Avg / Max
[1780.163s][info][gc,stats    ]   Collector: Garbage Collection Cycle                     29.208 / 29.208       30.070 / 43.979       30.471 / 54.411       30.471 / 54.411      ms
[1780.163s][info][gc,stats    ]  Contention: Mark Segment Reset Contention                     0 / 0                 0 / 1                 0 / 3                 0 / 3           ops/s
[1780.163s][info][gc,stats    ]  Contention: Mark SeqNum Reset Contention                      0 / 1                 0 / 2                 0 / 2                 0 / 2           ops/s
[1780.163s][info][gc,stats    ]    Critical: Allocation Stall                                  0 / 0                 0 / 0                 0 / 0                 0 / 0           ops/s
[1780.163s][info][gc,stats    ]    Critical: Allocation Stall                              0.000 / 0.000         0.000 / 0.000         0.000 / 0.000         0.000 / 0.000       ms
[1780.163s][info][gc,stats    ]    Critical: GC Locker Stall                                   0 / 0                 0 / 0                 0 / 0                 0 / 0           ops/s
[1780.163s][info][gc,stats    ]    Critical: GC Locker Stall                               0.000 / 0.000         0.000 / 0.000         0.000 / 0.000         0.000 / 0.000       ms
[1780.163s][info][gc,stats    ]    Critical: Relocation Stall                                  0 / 0                 0 / 0                 0 / 0                 0 / 0           ops/s
[1780.163s][info][gc,stats    ]    Critical: Relocation Stall                              0.000 / 0.000         0.000 / 0.000         0.000 / 0.000         0.000 / 0.000       ms
[1780.163s][info][gc,stats    ]      Memory: Allocation Rate                                  25 / 34               25 / 130              25 / 148              25 / 148         MB/s
[1780.163s][info][gc,stats    ]      Memory: Out Of Memory                                     0 / 0                 0 / 0                 0 / 0                 0 / 0           ops/s
[1780.163s][info][gc,stats    ]      Memory: Page Cache Flush                                  0 / 0                 0 / 0                 0 / 0                 0 / 0           MB/s
[1780.163s][info][gc,stats    ]      Memory: Page Cache Hit L1                                12 / 19               12 / 37               12 / 78               12 / 78          ops/s
[1780.163s][info][gc,stats    ]      Memory: Page Cache Hit L2                                 0 / 0                 0 / 0                 0 / 0                 0 / 0           ops/s
[1780.163s][info][gc,stats    ]      Memory: Page Cache Hit L3                                 0 / 0                 0 / 0                 0 / 48                0 / 48          ops/s
[1780.163s][info][gc,stats    ]      Memory: Page Cache Miss                                   0 / 0                 0 / 0                 0 / 1                 0 / 1           ops/s
[1780.163s][info][gc,stats    ]      Memory: Uncommit                                          0 / 0                 0 / 0                 0 / 0                 0 / 0           MB/s
[1780.163s][info][gc,stats    ]      Memory: Undo Object Allocation Failed                     0 / 0                 0 / 0                 0 / 1                 0 / 1           ops/s
[1780.163s][info][gc,stats    ]      Memory: Undo Object Allocation Succeeded                  0 / 0                 0 / 0                 0 / 22                0 / 22          ops/s
[1780.163s][info][gc,stats    ]      Memory: Undo Page Allocation                              0 / 1                 0 / 1                 0 / 2                 0 / 2           ops/s
[1780.163s][info][gc,stats    ]       Phase: Concurrent Mark                              16.303 / 16.303       16.831 / 30.623       17.336 / 38.897       17.336 / 38.897      ms
[1780.163s][info][gc,stats    ]       Phase: Concurrent Mark Continue                      0.000 / 0.000         0.000 / 0.000         0.000 / 0.000         0.000 / 0.000       ms
[1780.163s][info][gc,stats    ]       Phase: Concurrent Mark Free                          0.001 / 0.001         0.001 / 0.004         0.001 / 0.004         0.001 / 0.004       ms
[1780.163s][info][gc,stats    ]       Phase: Concurrent Process Non-Strong References      8.849 / 8.849         9.464 / 19.777        9.186 / 19.777        9.186 / 19.777      ms
[1780.163s][info][gc,stats    ]       Phase: Concurrent Relocate                           0.575 / 0.575         0.837 / 1.667         0.932 / 6.891         0.932 / 6.891       ms
[1780.163s][info][gc,stats    ]       Phase: Concurrent Reset Relocation Set               0.004 / 0.004         0.004 / 0.011         0.004 / 0.011         0.004 / 0.011       ms
[1780.163s][info][gc,stats    ]       Phase: Concurrent Select Relocation Set              1.459 / 1.459         1.450 / 2.864         1.529 / 3.477         1.529 / 3.477       ms
[1780.163s][info][gc,stats    ]       Phase: Pause Mark End                                0.021 / 0.021         0.024 / 0.057         0.024 / 0.065         0.024 / 0.065       ms
[1780.163s][info][gc,stats    ]       Phase: Pause Mark Start                              0.025 / 0.025         0.011 / 0.037         0.012 / 0.037         0.012 / 0.037       ms
[1780.163s][info][gc,stats    ]       Phase: Pause Relocate Start                          0.008 / 0.008         0.009 / 0.012         0.009 / 0.019         0.009 / 0.019       ms
[1780.163s][info][gc,stats    ]    Subphase: Concurrent Classes Purge                      0.309 / 0.309         0.437 / 2.073         0.399 / 2.073         0.399 / 2.073       ms
[1780.163s][info][gc,stats    ]    Subphase: Concurrent Classes Unlink                     7.552 / 7.552         8.151 / 16.855        7.920 / 16.855        7.920 / 16.855      ms
[1780.163s][info][gc,stats    ]    Subphase: Concurrent Mark                              14.124 / 15.654       13.716 / 29.925       14.155 / 33.017       14.155 / 33.017      ms
[1780.163s][info][gc,stats    ]    Subphase: Concurrent Mark Try Flush                     0.139 / 0.235         0.131 / 0.280         0.128 / 0.331         0.128 / 0.331       ms
[1780.163s][info][gc,stats    ]    Subphase: Concurrent Mark Try Terminate                 1.491 / 4.407         1.803 / 17.115        1.811 / 17.115        1.811 / 17.115      ms
[1780.163s][info][gc,stats    ]    Subphase: Concurrent References Enqueue                 0.001 / 0.001         0.002 / 0.009         0.002 / 0.010         0.002 / 0.010       ms
[1780.163s][info][gc,stats    ]    Subphase: Concurrent References Process                 0.112 / 0.112         0.138 / 0.276         0.148 / 0.513         0.148 / 0.513       ms
[1780.163s][info][gc,stats    ]    Subphase: Concurrent Roots ClassLoaderDataGraph         0.117 / 0.188         0.132 / 0.356         0.142 / 0.547         0.142 / 0.547       ms
[1780.163s][info][gc,stats    ]    Subphase: Concurrent Roots CodeCache                    0.000 / 0.000         0.000 / 0.000         0.000 / 0.000         0.000 / 0.000       ms
[1780.163s][info][gc,stats    ]    Subphase: Concurrent Roots JavaThreads                  0.269 / 0.342         0.333 / 0.687         0.407 / 5.702         0.407 / 5.702       ms
[1780.163s][info][gc,stats    ]    Subphase: Concurrent Roots OopStorageSet                0.023 / 0.028         0.024 / 0.048         0.026 / 0.085         0.026 / 0.085       ms
[1780.164s][info][gc,stats    ]    Subphase: Concurrent Weak Roots OopStorageSet           0.622 / 0.627         0.513 / 0.708         0.499 / 0.939         0.499 / 0.939       ms
[1780.164s][info][gc,stats    ]    Subphase: Pause Mark Try Complete                       0.000 / 0.000         0.000 / 0.000         0.000 / 0.000         0.000 / 0.000       ms
[1780.164s][info][gc,stats    ]      System: Java Threads                                     33 / 33               32 / 33               32 / 34               32 / 34          threads
[1780.164s][info][gc,stats    ] =========================================================================================================================================================
[1787.951s][info][gc,start    ] GC(108) Garbage Collection (Proactive)
[1787.951s][info][gc,task     ] GC(108) Using 2 workers
[1787.951s][info][gc,phases   ] GC(108) Pause Mark Start 0.007ms
[1787.967s][info][gc,phases   ] GC(108) Concurrent Mark 16.182ms
[1787.967s][info][gc,phases   ] GC(108) Pause Mark End 0.019ms
[1787.968s][info][gc,phases   ] GC(108) Concurrent Mark Free 0.001ms
[1787.976s][info][gc,phases   ] GC(108) Concurrent Process Non-Strong References 8.666ms
[1787.976s][info][gc,phases   ] GC(108) Concurrent Reset Relocation Set 0.003ms
[1787.978s][info][gc,phases   ] GC(108) Concurrent Select Relocation Set 1.201ms
[1787.978s][info][gc,phases   ] GC(108) Pause Relocate Start 0.007ms
[1787.979s][info][gc,phases   ] GC(108) Concurrent Relocate 0.736ms
[1787.979s][info][gc,load     ] GC(108) Load: 0.00/0.00/0.00
[1787.979s][info][gc,mmu      ] GC(108) MMU: 2ms/96.8%, 5ms/98.7%, 10ms/99.2%, 20ms/99.6%, 50ms/99.8%, 100ms/99.9%
[1787.979s][info][gc,marking  ] GC(108) Mark: 2 stripe(s), 1 proactive flush(es), 1 terminate flush(es), 0 completion(s), 0 continuation(s) 
[1787.979s][info][gc,marking  ] GC(108) Mark Stack Usage: 32M
[1787.979s][info][gc,nmethod  ] GC(108) NMethods: 8729 registered, 1761 unregistered
[1787.979s][info][gc,metaspace] GC(108) Metaspace: 33M used, 33M committed, 1088M reserved
[1787.979s][info][gc,ref      ] GC(108) Soft: 4141 encountered, 0 discovered, 0 enqueued
[1787.979s][info][gc,ref      ] GC(108) Weak: 2188 encountered, 333 discovered, 1 enqueued
[1787.979s][info][gc,ref      ] GC(108) Final: 3 encountered, 1 discovered, 0 enqueued
[1787.979s][info][gc,ref      ] GC(108) Phantom: 279 encountered, 216 discovered, 0 enqueued
[1787.979s][info][gc,reloc    ] GC(108) Small Pages: 222 / 444M, Empty: 322M, Relocated: 1M, In-Place: 0
[1787.979s][info][gc,reloc    ] GC(108) Medium Pages: 1 / 32M, Empty: 0M, Relocated: 0M, In-Place: 0
[1787.979s][info][gc,reloc    ] GC(108) Large Pages: 0 / 0M, Empty: 0M, Relocated: 0M, In-Place: 0
[1787.979s][info][gc,reloc    ] GC(108) Forwarding Usage: 0M
[1787.979s][info][gc,heap     ] GC(108) Min Capacity: 4096M(100%)
[1787.979s][info][gc,heap     ] GC(108) Max Capacity: 4096M(100%)
[1787.979s][info][gc,heap     ] GC(108) Soft Max Capacity: 4096M(100%)
[1787.979s][info][gc,heap     ] GC(108)                Mark Start          Mark End        Relocate Start      Relocate End           High               Low         
[1787.979s][info][gc,heap     ] GC(108)  Capacity:     4096M (100%)       4096M (100%)       4096M (100%)       4096M (100%)       4096M (100%)       4096M (100%)   
[1787.979s][info][gc,heap     ] GC(108)      Free:     3620M (88%)        3612M (88%)        3930M (96%)        4030M (98%)        4030M (98%)        3608M (88%)    
[1787.979s][info][gc,heap     ] GC(108)      Used:      476M (12%)         484M (12%)         166M (4%)           66M (2%)          488M (12%)          66M (2%)     
[1787.979s][info][gc,heap     ] GC(108)      Live:         -                17M (0%)           17M (0%)           17M (0%)             -                  -          
[1787.979s][info][gc,heap     ] GC(108) Allocated:         -                 8M (0%)           12M (0%)           12M (0%)             -                  -          
[1787.979s][info][gc,heap     ] GC(108)   Garbage:         -               458M (11%)         136M (3%)           36M (1%)             -                  -          
[1787.979s][info][gc,heap     ] GC(108) Reclaimed:         -                  -               322M (8%)          422M (10%)            -                  -          
[1787.979s][info][gc          ] GC(108) Garbage Collection (Proactive) 476M(12%)->66M(2%)
[1790.167s][info][gc,stats    ] === Garbage Collection Statistics =======================================================================================================================
[1790.167s][info][gc,stats    ]                                                              Last 10s              Last 10m              Last 10h                Total
[1790.167s][info][gc,stats    ]                                                              Avg / Max             Avg / Max             Avg / Max             Avg / Max
[1790.167s][info][gc,stats    ]   Collector: Garbage Collection Cycle                     27.780 / 27.780       30.010 / 43.979       30.447 / 54.411       30.447 / 54.411      ms
[1790.167s][info][gc,stats    ]  Contention: Mark Segment Reset Contention                     0 / 0                 0 / 1                 0 / 3                 0 / 3           ops/s
[1790.167s][info][gc,stats    ]  Contention: Mark SeqNum Reset Contention                      0 / 1                 0 / 2                 0 / 2                 0 / 2           ops/s
[1790.167s][info][gc,stats    ]    Critical: Allocation Stall                                  0 / 0                 0 / 0                 0 / 0                 0 / 0           ops/s
[1790.167s][info][gc,stats    ]    Critical: Allocation Stall                              0.000 / 0.000         0.000 / 0.000         0.000 / 0.000         0.000 / 0.000       ms
[1790.167s][info][gc,stats    ]    Critical: GC Locker Stall                                   0 / 0                 0 / 0                 0 / 0                 0 / 0           ops/s
[1790.167s][info][gc,stats    ]    Critical: GC Locker Stall                               0.000 / 0.000         0.000 / 0.000         0.000 / 0.000         0.000 / 0.000       ms
[1790.167s][info][gc,stats    ]    Critical: Relocation Stall                                  0 / 0                 0 / 0                 0 / 0                 0 / 0           ops/s
[1790.167s][info][gc,stats    ]    Critical: Relocation Stall                              0.000 / 0.000         0.000 / 0.000         0.000 / 0.000         0.000 / 0.000       ms
[1790.167s][info][gc,stats    ]      Memory: Allocation Rate                                  24 / 32               25 / 130              25 / 148              25 / 148         MB/s
[1790.167s][info][gc,stats    ]      Memory: Out Of Memory                                     0 / 0                 0 / 0                 0 / 0                 0 / 0           ops/s
[1790.167s][info][gc,stats    ]      Memory: Page Cache Flush                                  0 / 0                 0 / 0                 0 / 0                 0 / 0           MB/s
[1790.167s][info][gc,stats    ]      Memory: Page Cache Hit L1                                12 / 18               12 / 37               12 / 78               12 / 78          ops/s
[1790.167s][info][gc,stats    ]      Memory: Page Cache Hit L2                                 0 / 0                 0 / 0                 0 / 0                 0 / 0           ops/s
[1790.167s][info][gc,stats    ]      Memory: Page Cache Hit L3                                 0 / 0                 0 / 0                 0 / 48                0 / 48          ops/s
[1790.167s][info][gc,stats    ]      Memory: Page Cache Miss                                   0 / 0                 0 / 0                 0 / 1                 0 / 1           ops/s
[1790.167s][info][gc,stats    ]      Memory: Uncommit                                          0 / 0                 0 / 0                 0 / 0                 0 / 0           MB/s
[1790.167s][info][gc,stats    ]      Memory: Undo Object Allocation Failed                     0 / 0                 0 / 0                 0 / 1                 0 / 1           ops/s
[1790.167s][info][gc,stats    ]      Memory: Undo Object Allocation Succeeded                  0 / 0                 0 / 0                 0 / 22                0 / 22          ops/s
[1790.167s][info][gc,stats    ]      Memory: Undo Page Allocation                              0 / 0                 0 / 1                 0 / 2                 0 / 2           ops/s
[1790.167s][info][gc,stats    ]       Phase: Concurrent Mark                              16.182 / 16.182       16.814 / 30.623       17.326 / 38.897       17.326 / 38.897      ms
[1790.167s][info][gc,stats    ]       Phase: Concurrent Mark Continue                      0.000 / 0.000         0.000 / 0.000         0.000 / 0.000         0.000 / 0.000       ms
[1790.167s][info][gc,stats    ]       Phase: Concurrent Mark Free                          0.001 / 0.001         0.001 / 0.004         0.001 / 0.004         0.001 / 0.004       ms
[1790.167s][info][gc,stats    ]       Phase: Concurrent Process Non-Strong References      8.666 / 8.666         9.443 / 19.777        9.182 / 19.777        9.182 / 19.777      ms
[1790.167s][info][gc,stats    ]       Phase: Concurrent Relocate                           0.736 / 0.736         0.834 / 1.667         0.930 / 6.891         0.930 / 6.891       ms
[1790.167s][info][gc,stats    ]       Phase: Concurrent Reset Relocation Set               0.003 / 0.003         0.004 / 0.011         0.004 / 0.011         0.004 / 0.011       ms
[1790.167s][info][gc,stats    ]       Phase: Concurrent Select Relocation Set              1.201 / 1.201         1.444 / 2.864         1.526 / 3.477         1.526 / 3.477       ms
[1790.167s][info][gc,stats    ]       Phase: Pause Mark End                                0.019 / 0.019         0.023 / 0.057         0.024 / 0.065         0.024 / 0.065       ms
[1790.167s][info][gc,stats    ]       Phase: Pause Mark Start                              0.007 / 0.007         0.011 / 0.037         0.012 / 0.037         0.012 / 0.037       ms
[1790.167s][info][gc,stats    ]       Phase: Pause Relocate Start                          0.007 / 0.007         0.009 / 0.012         0.009 / 0.019         0.009 / 0.019       ms
[1790.167s][info][gc,stats    ]    Subphase: Concurrent Classes Purge                      0.266 / 0.266         0.432 / 2.073         0.398 / 2.073         0.398 / 2.073       ms
[1790.167s][info][gc,stats    ]    Subphase: Concurrent Classes Unlink                     7.393 / 7.393         8.131 / 16.855        7.915 / 16.855        7.915 / 16.855      ms
[1790.167s][info][gc,stats    ]    Subphase: Concurrent Mark                              13.205 / 15.461       13.703 / 29.925       14.146 / 33.017       14.146 / 33.017      ms
[1790.167s][info][gc,stats    ]    Subphase: Concurrent Mark Try Flush                     0.157 / 0.224         0.131 / 0.280         0.128 / 0.331         0.128 / 0.331       ms
[1790.167s][info][gc,stats    ]    Subphase: Concurrent Mark Try Terminate                 1.592 / 4.684         1.798 / 17.115        1.809 / 17.115        1.809 / 17.115      ms
[1790.167s][info][gc,stats    ]    Subphase: Concurrent References Enqueue                 0.004 / 0.004         0.002 / 0.009         0.002 / 0.010         0.002 / 0.010       ms
[1790.167s][info][gc,stats    ]    Subphase: Concurrent References Process                 0.222 / 0.222         0.140 / 0.276         0.149 / 0.513         0.149 / 0.513       ms
[1790.167s][info][gc,stats    ]    Subphase: Concurrent Roots ClassLoaderDataGraph         0.117 / 0.203         0.132 / 0.356         0.141 / 0.547         0.141 / 0.547       ms
[1790.167s][info][gc,stats    ]    Subphase: Concurrent Roots CodeCache                    0.000 / 0.000         0.000 / 0.000         0.000 / 0.000         0.000 / 0.000       ms
[1790.167s][info][gc,stats    ]    Subphase: Concurrent Roots JavaThreads                  0.352 / 0.430         0.334 / 0.687         0.407 / 5.702         0.407 / 5.702       ms
[1790.167s][info][gc,stats    ]    Subphase: Concurrent Roots OopStorageSet                0.022 / 0.028         0.024 / 0.048         0.026 / 0.085         0.026 / 0.085       ms
[1790.167s][info][gc,stats    ]    Subphase: Concurrent Weak Roots OopStorageSet           0.536 / 0.538         0.514 / 0.708         0.499 / 0.939         0.499 / 0.939       ms
[1790.167s][info][gc,stats    ]    Subphase: Pause Mark Try Complete                       0.000 / 0.000         0.000 / 0.000         0.000 / 0.000         0.000 / 0.000       ms
[1790.167s][info][gc,stats    ]      System: Java Threads                                     33 / 33               32 / 33               32 / 34               32 / 34          threads
[1790.167s][info][gc,stats    ] =========================================================================================================================================================
[1800.165s][info][gc,stats    ] === Garbage Collection Statistics =======================================================================================================================
[1800.165s][info][gc,stats    ]                                                              Last 10s              Last 10m              Last 10h                Total
[1800.165s][info][gc,stats    ]                                                              Avg / Max             Avg / Max             Avg / Max             Avg / Max
[1800.165s][info][gc,stats    ]   Collector: Garbage Collection Cycle                      0.000 / 0.000        30.025 / 43.979       30.447 / 54.411       30.447 / 54.411      ms
[1800.165s][info][gc,stats    ]  Contention: Mark Segment Reset Contention                     0 / 0                 0 / 1                 0 / 3                 0 / 3           ops/s
[1800.165s][info][gc,stats    ]  Contention: Mark SeqNum Reset Contention                      0 / 0                 0 / 2                 0 / 2                 0 / 2           ops/s
[1800.165s][info][gc,stats    ]    Critical: Allocation Stall                                  0 / 0                 0 / 0                 0 / 0                 0 / 0           ops/s
[1800.165s][info][gc,stats    ]    Critical: Allocation Stall                              0.000 / 0.000         0.000 / 0.000         0.000 / 0.000         0.000 / 0.000       ms
[1800.165s][info][gc,stats    ]    Critical: GC Locker Stall                                   0 / 0                 0 / 0                 0 / 0                 0 / 0           ops/s
[1800.165s][info][gc,stats    ]    Critical: GC Locker Stall                               0.000 / 0.000         0.000 / 0.000         0.000 / 0.000         0.000 / 0.000       ms
[1800.165s][info][gc,stats    ]    Critical: Relocation Stall                                  0 / 0                 0 / 0                 0 / 0                 0 / 0           ops/s
[1800.165s][info][gc,stats    ]    Critical: Relocation Stall                              0.000 / 0.000         0.000 / 0.000         0.000 / 0.000         0.000 / 0.000       ms
[1800.165s][info][gc,stats    ]      Memory: Allocation Rate                                  24 / 28               25 / 130              25 / 148              25 / 148         MB/s
[1800.165s][info][gc,stats    ]      Memory: Out Of Memory                                     0 / 0                 0 / 0                 0 / 0                 0 / 0           ops/s
[1800.165s][info][gc,stats    ]      Memory: Page Cache Flush                                  0 / 0                 0 / 0                 0 / 0                 0 / 0           MB/s
[1800.165s][info][gc,stats    ]      Memory: Page Cache Hit L1                                12 / 14               12 / 37               12 / 78               12 / 78          ops/s
[1800.165s][info][gc,stats    ]      Memory: Page Cache Hit L2                                 0 / 0                 0 / 0                 0 / 0                 0 / 0           ops/s
[1800.165s][info][gc,stats    ]      Memory: Page Cache Hit L3                                 0 / 0                 0 / 0                 0 / 48                0 / 48          ops/s
[1800.165s][info][gc,stats    ]      Memory: Page Cache Miss                                   0 / 0                 0 / 0                 0 / 1                 0 / 1           ops/s
[1800.165s][info][gc,stats    ]      Memory: Uncommit                                          0 / 0                 0 / 0                 0 / 0                 0 / 0           MB/s
[1800.165s][info][gc,stats    ]      Memory: Undo Object Allocation Failed                     0 / 0                 0 / 0                 0 / 1                 0 / 1           ops/s
[1800.165s][info][gc,stats    ]      Memory: Undo Object Allocation Succeeded                  0 / 0                 0 / 0                 0 / 22                0 / 22          ops/s
[1800.165s][info][gc,stats    ]      Memory: Undo Page Allocation                              0 / 1                 0 / 1                 0 / 2                 0 / 2           ops/s
[1800.165s][info][gc,stats    ]       Phase: Concurrent Mark                               0.000 / 0.000        16.809 / 30.623       17.326 / 38.897       17.326 / 38.897      ms
[1800.165s][info][gc,stats    ]       Phase: Concurrent Mark Continue                      0.000 / 0.000         0.000 / 0.000         0.000 / 0.000         0.000 / 0.000       ms
[1800.165s][info][gc,stats    ]       Phase: Concurrent Mark Free                          0.000 / 0.000         0.001 / 0.004         0.001 / 0.004         0.001 / 0.004       ms
[1800.165s][info][gc,stats    ]       Phase: Concurrent Process Non-Strong References      0.000 / 0.000         9.460 / 19.777        9.182 / 19.777        9.182 / 19.777      ms
[1800.165s][info][gc,stats    ]       Phase: Concurrent Relocate                           0.000 / 0.000         0.828 / 1.667         0.930 / 6.891         0.930 / 6.891       ms
[1800.165s][info][gc,stats    ]       Phase: Concurrent Reset Relocation Set               0.000 / 0.000         0.004 / 0.011         0.004 / 0.011         0.004 / 0.011       ms
[1800.165s][info][gc,stats    ]       Phase: Concurrent Select Relocation Set              0.000 / 0.000         1.446 / 2.864         1.526 / 3.477         1.526 / 3.477       ms
[1800.165s][info][gc,stats    ]       Phase: Pause Mark End                                0.000 / 0.000         0.023 / 0.057         0.024 / 0.065         0.024 / 0.065       ms
[1800.165s][info][gc,stats    ]       Phase: Pause Mark Start                              0.000 / 0.000         0.011 / 0.037         0.012 / 0.037         0.012 / 0.037       ms
[1800.165s][info][gc,stats    ]       Phase: Pause Relocate Start                          0.000 / 0.000         0.009 / 0.012         0.009 / 0.019         0.009 / 0.019       ms
[1800.165s][info][gc,stats    ]    Subphase: Concurrent Classes Purge                      0.000 / 0.000         0.435 / 2.073         0.398 / 2.073         0.398 / 2.073       ms
[1800.165s][info][gc,stats    ]    Subphase: Concurrent Classes Unlink                     0.000 / 0.000         8.146 / 16.855        7.915 / 16.855        7.915 / 16.855      ms
[1800.165s][info][gc,stats    ]    Subphase: Concurrent Mark                               0.000 / 0.000        13.707 / 29.925       14.146 / 33.017       14.146 / 33.017      ms
[1800.165s][info][gc,stats    ]    Subphase: Concurrent Mark Try Flush                     0.000 / 0.000         0.131 / 0.280         0.128 / 0.331         0.128 / 0.331       ms
[1800.165s][info][gc,stats    ]    Subphase: Concurrent Mark Try Terminate                 0.000 / 0.000         1.792 / 17.115        1.809 / 17.115        1.809 / 17.115      ms
[1800.165s][info][gc,stats    ]    Subphase: Concurrent References Enqueue                 0.000 / 0.000         0.002 / 0.009         0.002 / 0.010         0.002 / 0.010       ms
[1800.165s][info][gc,stats    ]    Subphase: Concurrent References Process                 0.000 / 0.000         0.140 / 0.276         0.149 / 0.513         0.149 / 0.513       ms
[1800.165s][info][gc,stats    ]    Subphase: Concurrent Roots ClassLoaderDataGraph         0.000 / 0.000         0.132 / 0.356         0.141 / 0.547         0.141 / 0.547       ms
[1800.165s][info][gc,stats    ]    Subphase: Concurrent Roots CodeCache                    0.000 / 0.000         0.000 / 0.000         0.000 / 0.000         0.000 / 0.000       ms
[1800.165s][info][gc,stats    ]    Subphase: Concurrent Roots JavaThreads                  0.000 / 0.000         0.334 / 0.687         0.407 / 5.702         0.407 / 5.702       ms
[1800.165s][info][gc,stats    ]    Subphase: Concurrent Roots OopStorageSet                0.000 / 0.000         0.024 / 0.048         0.026 / 0.085         0.026 / 0.085       ms
[1800.165s][info][gc,stats    ]    Subphase: Concurrent Weak Roots OopStorageSet           0.000 / 0.000         0.512 / 0.708         0.499 / 0.939         0.499 / 0.939       ms
[1800.165s][info][gc,stats    ]    Subphase: Pause Mark Try Complete                       0.000 / 0.000         0.000 / 0.000         0.000 / 0.000         0.000 / 0.000       ms
[1800.165s][info][gc,stats    ]      System: Java Threads                                      0 / 0                32 / 33               32 / 34               32 / 34          threads
[1800.165s][info][gc,stats    ] =========================================================================================================================================================
[1805.354s][info][gc,start    ] GC(109) Garbage Collection (Proactive)
[1805.354s][info][gc,task     ] GC(109) Using 2 workers
[1805.354s][info][gc,phases   ] GC(109) Pause Mark Start 0.010ms
[1805.372s][info][gc,phases   ] GC(109) Concurrent Mark 17.230ms
[1805.372s][info][gc,phases   ] GC(109) Pause Mark End 0.022ms
[1805.372s][info][gc,phases   ] GC(109) Concurrent Mark Free 0.001ms
[1805.382s][info][gc,phases   ] GC(109) Concurrent Process Non-Strong References 9.346ms
[1805.382s][info][gc,phases   ] GC(109) Concurrent Reset Relocation Set 0.004ms
[1805.383s][info][gc,phases   ] GC(109) Concurrent Select Relocation Set 1.388ms
[1805.383s][info][gc,phases   ] GC(109) Pause Relocate Start 0.010ms
[1805.384s][info][gc,phases   ] GC(109) Concurrent Relocate 0.595ms
[1805.384s][info][gc,load     ] GC(109) Load: 0.00/0.00/0.00
[1805.384s][info][gc,mmu      ] GC(109) MMU: 2ms/96.8%, 5ms/98.7%, 10ms/99.2%, 20ms/99.6%, 50ms/99.8%, 100ms/99.9%
[1805.384s][info][gc,marking  ] GC(109) Mark: 2 stripe(s), 2 proactive flush(es), 1 terminate flush(es), 0 completion(s), 0 continuation(s) 
[1805.384s][info][gc,marking  ] GC(109) Mark Stack Usage: 32M
[1805.384s][info][gc,nmethod  ] GC(109) NMethods: 8733 registered, 1761 unregistered
[1805.384s][info][gc,metaspace] GC(109) Metaspace: 33M used, 33M committed, 1088M reserved
[1805.384s][info][gc,ref      ] GC(109) Soft: 4141 encountered, 0 discovered, 0 enqueued
[1805.384s][info][gc,ref      ] GC(109) Weak: 2188 encountered, 467 discovered, 0 enqueued
[1805.384s][info][gc,ref      ] GC(109) Final: 3 encountered, 1 discovered, 0 enqueued
[1805.384s][info][gc,ref      ] GC(109) Phantom: 279 encountered, 158 discovered, 0 enqueued
[1805.384s][info][gc,reloc    ] GC(109) Small Pages: 222 / 444M, Empty: 326M, Relocated: 1M, In-Place: 0
[1805.384s][info][gc,reloc    ] GC(109) Medium Pages: 1 / 32M, Empty: 0M, Relocated: 0M, In-Place: 0
[1805.384s][info][gc,reloc    ] GC(109) Large Pages: 0 / 0M, Empty: 0M, Relocated: 0M, In-Place: 0
[1805.384s][info][gc,reloc    ] GC(109) Forwarding Usage: 0M
[1805.384s][info][gc,heap     ] GC(109) Min Capacity: 4096M(100%)
[1805.384s][info][gc,heap     ] GC(109) Max Capacity: 4096M(100%)
[1805.384s][info][gc,heap     ] GC(109) Soft Max Capacity: 4096M(100%)
[1805.384s][info][gc,heap     ] GC(109)                Mark Start          Mark End        Relocate Start      Relocate End           High               Low         
[1805.384s][info][gc,heap     ] GC(109)  Capacity:     4096M (100%)       4096M (100%)       4096M (100%)       4096M (100%)       4096M (100%)       4096M (100%)   
[1805.384s][info][gc,heap     ] GC(109)      Free:     3620M (88%)        3610M (88%)        3934M (96%)        4030M (98%)        4030M (98%)        3608M (88%)    
[1805.384s][info][gc,heap     ] GC(109)      Used:      476M (12%)         486M (12%)         162M (4%)           66M (2%)          488M (12%)          66M (2%)     
[1805.384s][info][gc,heap     ] GC(109)      Live:         -                17M (0%)           17M (0%)           17M (0%)             -                  -          
[1805.384s][info][gc,heap     ] GC(109) Allocated:         -                10M (0%)           12M (0%)           12M (0%)             -                  -          
[1805.384s][info][gc,heap     ] GC(109)   Garbage:         -               458M (11%)         132M (3%)           36M (1%)             -                  -          
[1805.384s][info][gc,heap     ] GC(109) Reclaimed:         -                  -               326M (8%)          422M (10%)            -                  -          
[1805.384s][info][gc          ] GC(109) Garbage Collection (Proactive) 476M(12%)->66M(2%)
[1810.168s][info][gc,stats    ] === Garbage Collection Statistics =======================================================================================================================
[1810.168s][info][gc,stats    ]                                                              Last 10s              Last 10m              Last 10h                Total
[1810.168s][info][gc,stats    ]                                                              Avg / Max             Avg / Max             Avg / Max             Avg / Max
[1810.168s][info][gc,stats    ]   Collector: Garbage Collection Cycle                     29.697 / 29.697       30.016 / 43.979       30.440 / 54.411       30.440 / 54.411      ms
[1810.168s][info][gc,stats    ]  Contention: Mark Segment Reset Contention                     0 / 0                 0 / 1                 0 / 3                 0 / 3           ops/s
[1810.168s][info][gc,stats    ]  Contention: Mark SeqNum Reset Contention                      0 / 1                 0 / 2                 0 / 2                 0 / 2           ops/s
[1810.168s][info][gc,stats    ]    Critical: Allocation Stall                                  0 / 0                 0 / 0                 0 / 0                 0 / 0           ops/s
[1810.168s][info][gc,stats    ]    Critical: Allocation Stall                              0.000 / 0.000         0.000 / 0.000         0.000 / 0.000         0.000 / 0.000       ms
[1810.168s][info][gc,stats    ]    Critical: GC Locker Stall                                   0 / 0                 0 / 0                 0 / 0                 0 / 0           ops/s
[1810.168s][info][gc,stats    ]    Critical: GC Locker Stall                               0.000 / 0.000         0.000 / 0.000         0.000 / 0.000         0.000 / 0.000       ms
[1810.168s][info][gc,stats    ]    Critical: Relocation Stall                                  0 / 0                 0 / 0                 0 / 0                 0 / 0           ops/s
[1810.168s][info][gc,stats    ]    Critical: Relocation Stall                              0.000 / 0.000         0.000 / 0.000         0.000 / 0.000         0.000 / 0.000       ms
[1810.168s][info][gc,stats    ]      Memory: Allocation Rate                                  24 / 28               25 / 130              25 / 148              25 / 148         MB/s
[1810.168s][info][gc,stats    ]      Memory: Out Of Memory                                     0 / 0                 0 / 0                 0 / 0                 0 / 0           ops/s
[1810.168s][info][gc,stats    ]      Memory: Page Cache Flush                                  0 / 0                 0 / 0                 0 / 0                 0 / 0           MB/s
[1810.168s][info][gc,stats    ]      Memory: Page Cache Hit L1                                12 / 16               12 / 37               12 / 78               12 / 78          ops/s
[1810.168s][info][gc,stats    ]      Memory: Page Cache Hit L2                                 0 / 0                 0 / 0                 0 / 0                 0 / 0           ops/s
[1810.168s][info][gc,stats    ]      Memory: Page Cache Hit L3                                 0 / 0                 0 / 0                 0 / 48                0 / 48          ops/s
[1810.168s][info][gc,stats    ]      Memory: Page Cache Miss                                   0 / 0                 0 / 0                 0 / 1                 0 / 1           ops/s
[1810.168s][info][gc,stats    ]      Memory: Uncommit                                          0 / 0                 0 / 0                 0 / 0                 0 / 0           MB/s
[1810.168s][info][gc,stats    ]      Memory: Undo Object Allocation Failed                     0 / 0                 0 / 0                 0 / 1                 0 / 1           ops/s
[1810.168s][info][gc,stats    ]      Memory: Undo Object Allocation Succeeded                  0 / 0                 0 / 0                 0 / 22                0 / 22          ops/s
[1810.168s][info][gc,stats    ]      Memory: Undo Page Allocation                              0 / 0                 0 / 1                 0 / 2                 0 / 2           ops/s
[1810.168s][info][gc,stats    ]       Phase: Concurrent Mark                              17.230 / 17.230       16.820 / 30.623       17.325 / 38.897       17.325 / 38.897      ms
[1810.168s][info][gc,stats    ]       Phase: Concurrent Mark Continue                      0.000 / 0.000         0.000 / 0.000         0.000 / 0.000         0.000 / 0.000       ms
[1810.168s][info][gc,stats    ]       Phase: Concurrent Mark Free                          0.001 / 0.001         0.001 / 0.004         0.001 / 0.004         0.001 / 0.004       ms
[1810.168s][info][gc,stats    ]       Phase: Concurrent Process Non-Strong References      9.346 / 9.346         9.457 / 19.777        9.183 / 19.777        9.183 / 19.777      ms
[1810.168s][info][gc,stats    ]       Phase: Concurrent Relocate                           0.595 / 0.595         0.822 / 1.667         0.927 / 6.891         0.927 / 6.891       ms
[1810.168s][info][gc,stats    ]       Phase: Concurrent Reset Relocation Set               0.004 / 0.004         0.004 / 0.011         0.004 / 0.011         0.004 / 0.011       ms
[1810.168s][info][gc,stats    ]       Phase: Concurrent Select Relocation Set              1.388 / 1.388         1.444 / 2.864         1.524 / 3.477         1.524 / 3.477       ms
[1810.168s][info][gc,stats    ]       Phase: Pause Mark End                                0.022 / 0.022         0.023 / 0.057         0.024 / 0.065         0.024 / 0.065       ms
[1810.169s][info][gc,stats    ]       Phase: Pause Mark Start                              0.010 / 0.010         0.011 / 0.037         0.012 / 0.037         0.012 / 0.037       ms
[1810.169s][info][gc,stats    ]       Phase: Pause Relocate Start                          0.010 / 0.010         0.009 / 0.012         0.009 / 0.019         0.009 / 0.019       ms
[1810.169s][info][gc,stats    ]    Subphase: Concurrent Classes Purge                      0.311 / 0.311         0.432 / 2.073         0.397 / 2.073         0.397 / 2.073       ms
[1810.169s][info][gc,stats    ]    Subphase: Concurrent Classes Unlink                     7.875 / 7.875         8.139 / 16.855        7.914 / 16.855        7.914 / 16.855      ms
[1810.169s][info][gc,stats    ]    Subphase: Concurrent Mark                              14.325 / 16.385       13.723 / 29.925       14.148 / 33.017       14.148 / 33.017      ms
[1810.169s][info][gc,stats    ]    Subphase: Concurrent Mark Try Flush                     0.138 / 0.234         0.131 / 0.280         0.128 / 0.331         0.128 / 0.331       ms
[1810.169s][info][gc,stats    ]    Subphase: Concurrent Mark Try Terminate                 1.546 / 4.573         1.785 / 17.115        1.806 / 17.115        1.806 / 17.115      ms
[1810.169s][info][gc,stats    ]    Subphase: Concurrent References Enqueue                 0.001 / 0.001         0.002 / 0.009         0.002 / 0.010         0.002 / 0.010       ms
[1810.169s][info][gc,stats    ]    Subphase: Concurrent References Process                 0.178 / 0.178         0.141 / 0.276         0.149 / 0.513         0.149 / 0.513       ms
[1810.169s][info][gc,stats    ]    Subphase: Concurrent Roots ClassLoaderDataGraph         0.220 / 0.390         0.134 / 0.390         0.142 / 0.547         0.142 / 0.547       ms
[1810.169s][info][gc,stats    ]    Subphase: Concurrent Roots CodeCache                    0.000 / 0.000         0.000 / 0.000         0.000 / 0.000         0.000 / 0.000       ms
[1810.169s][info][gc,stats    ]    Subphase: Concurrent Roots JavaThreads                  0.383 / 0.540         0.335 / 0.687         0.407 / 5.702         0.407 / 5.702       ms
[1810.169s][info][gc,stats    ]    Subphase: Concurrent Roots OopStorageSet                0.037 / 0.051         0.025 / 0.051         0.026 / 0.085         0.026 / 0.085       ms
[1810.169s][info][gc,stats    ]    Subphase: Concurrent Weak Roots OopStorageSet           0.738 / 0.739         0.518 / 0.739         0.501 / 0.939         0.501 / 0.939       ms
[1810.169s][info][gc,stats    ]    Subphase: Pause Mark Try Complete                       0.000 / 0.000         0.000 / 0.000         0.000 / 0.000         0.000 / 0.000       ms
[1810.169s][info][gc,stats    ]      System: Java Threads                                     33 / 33               32 / 33               32 / 34               32 / 34          threads
[1810.169s][info][gc,stats    ] =========================================================================================================================================================
[1820.158s][info][gc,stats    ] === Garbage Collection Statistics =======================================================================================================================
[1820.158s][info][gc,stats    ]                                                              Last 10s              Last 10m              Last 10h                Total
[1820.158s][info][gc,stats    ]                                                              Avg / Max             Avg / Max             Avg / Max             Avg / Max
[1820.158s][info][gc,stats    ]   Collector: Garbage Collection Cycle                      0.000 / 0.000        30.064 / 43.979       30.440 / 54.411       30.440 / 54.411      ms
[1820.158s][info][gc,stats    ]  Contention: Mark Segment Reset Contention                     0 / 0                 0 / 1                 0 / 3                 0 / 3           ops/s
[1820.158s][info][gc,stats    ]  Contention: Mark SeqNum Reset Contention                      0 / 0                 0 / 2                 0 / 2                 0 / 2           ops/s
[1820.158s][info][gc,stats    ]    Critical: Allocation Stall                                  0 / 0                 0 / 0                 0 / 0                 0 / 0           ops/s
[1820.158s][info][gc,stats    ]    Critical: Allocation Stall                              0.000 / 0.000         0.000 / 0.000         0.000 / 0.000         0.000 / 0.000       ms
[1820.158s][info][gc,stats    ]    Critical: GC Locker Stall                                   0 / 0                 0 / 0                 0 / 0                 0 / 0           ops/s
[1820.158s][info][gc,stats    ]    Critical: GC Locker Stall                               0.000 / 0.000         0.000 / 0.000         0.000 / 0.000         0.000 / 0.000       ms
[1820.158s][info][gc,stats    ]    Critical: Relocation Stall                                  0 / 0                 0 / 0                 0 / 0                 0 / 0           ops/s
[1820.158s][info][gc,stats    ]    Critical: Relocation Stall                              0.000 / 0.000         0.000 / 0.000         0.000 / 0.000         0.000 / 0.000       ms
[1820.158s][info][gc,stats    ]      Memory: Allocation Rate                                  24 / 30               25 / 130              25 / 148              25 / 148         MB/s
[1820.158s][info][gc,stats    ]      Memory: Out Of Memory                                     0 / 0                 0 / 0                 0 / 0                 0 / 0           ops/s
[1820.158s][info][gc,stats    ]      Memory: Page Cache Flush                                  0 / 0                 0 / 0                 0 / 0                 0 / 0           MB/s
[1820.158s][info][gc,stats    ]      Memory: Page Cache Hit L1                                12 / 15               12 / 37               12 / 78               12 / 78          ops/s
[1820.158s][info][gc,stats    ]      Memory: Page Cache Hit L2                                 0 / 0                 0 / 0                 0 / 0                 0 / 0           ops/s
[1820.158s][info][gc,stats    ]      Memory: Page Cache Hit L3                                 0 / 0                 0 / 0                 0 / 48                0 / 48          ops/s
[1820.158s][info][gc,stats    ]      Memory: Page Cache Miss                                   0 / 0                 0 / 0                 0 / 1                 0 / 1           ops/s
[1820.158s][info][gc,stats    ]      Memory: Uncommit                                          0 / 0                 0 / 0                 0 / 0                 0 / 0           MB/s
[1820.158s][info][gc,stats    ]      Memory: Undo Object Allocation Failed                     0 / 0                 0 / 0                 0 / 1                 0 / 1           ops/s
[1820.158s][info][gc,stats    ]      Memory: Undo Object Allocation Succeeded                  0 / 0                 0 / 0                 0 / 22                0 / 22          ops/s
[1820.158s][info][gc,stats    ]      Memory: Undo Page Allocation                              0 / 0                 0 / 1                 0 / 2                 0 / 2           ops/s
[1820.158s][info][gc,stats    ]       Phase: Concurrent Mark                               0.000 / 0.000        16.815 / 30.623       17.325 / 38.897       17.325 / 38.897      ms
[1820.158s][info][gc,stats    ]       Phase: Concurrent Mark Continue                      0.000 / 0.000         0.000 / 0.000         0.000 / 0.000         0.000 / 0.000       ms
[1820.158s][info][gc,stats    ]       Phase: Concurrent Mark Free                          0.000 / 0.000         0.001 / 0.004         0.001 / 0.004         0.001 / 0.004       ms
[1820.158s][info][gc,stats    ]       Phase: Concurrent Process Non-Strong References      0.000 / 0.000         9.486 / 19.777        9.183 / 19.777        9.183 / 19.777      ms
[1820.158s][info][gc,stats    ]       Phase: Concurrent Relocate                           0.000 / 0.000         0.827 / 1.667         0.927 / 6.891         0.927 / 6.891       ms
[1820.158s][info][gc,stats    ]       Phase: Concurrent Reset Relocation Set               0.000 / 0.000         0.004 / 0.011         0.004 / 0.011         0.004 / 0.011       ms
[1820.158s][info][gc,stats    ]       Phase: Concurrent Select Relocation Set              0.000 / 0.000         1.452 / 2.864         1.524 / 3.477         1.524 / 3.477       ms
[1820.158s][info][gc,stats    ]       Phase: Pause Mark End                                0.000 / 0.000         0.023 / 0.057         0.024 / 0.065         0.024 / 0.065       ms
[1820.158s][info][gc,stats    ]       Phase: Pause Mark Start                              0.000 / 0.000         0.011 / 0.037         0.012 / 0.037         0.012 / 0.037       ms
[1820.158s][info][gc,stats    ]       Phase: Pause Relocate Start                          0.000 / 0.000         0.009 / 0.012         0.009 / 0.019         0.009 / 0.019       ms
[1820.158s][info][gc,stats    ]    Subphase: Concurrent Classes Purge                      0.000 / 0.000         0.437 / 2.073         0.397 / 2.073         0.397 / 2.073       ms
[1820.158s][info][gc,stats    ]    Subphase: Concurrent Classes Unlink                     0.000 / 0.000         8.164 / 16.855        7.914 / 16.855        7.914 / 16.855      ms
[1820.158s][info][gc,stats    ]    Subphase: Concurrent Mark                               0.000 / 0.000        13.716 / 29.925       14.148 / 33.017       14.148 / 33.017      ms
[1820.158s][info][gc,stats    ]    Subphase: Concurrent Mark Try Flush                     0.000 / 0.000         0.131 / 0.280         0.128 / 0.331         0.128 / 0.331       ms
[1820.159s][info][gc,stats    ]    Subphase: Concurrent Mark Try Terminate                 0.000 / 0.000         1.787 / 17.115        1.806 / 17.115        1.806 / 17.115      ms
[1820.159s][info][gc,stats    ]    Subphase: Concurrent References Enqueue                 0.000 / 0.000         0.002 / 0.009         0.002 / 0.010         0.002 / 0.010       ms
[1820.159s][info][gc,stats    ]    Subphase: Concurrent References Process                 0.000 / 0.000         0.141 / 0.276         0.149 / 0.513         0.149 / 0.513       ms
[1820.159s][info][gc,stats    ]    Subphase: Concurrent Roots ClassLoaderDataGraph         0.000 / 0.000         0.133 / 0.390         0.142 / 0.547         0.142 / 0.547       ms
[1820.159s][info][gc,stats    ]    Subphase: Concurrent Roots CodeCache                    0.000 / 0.000         0.000 / 0.000         0.000 / 0.000         0.000 / 0.000       ms
[1820.159s][info][gc,stats    ]    Subphase: Concurrent Roots JavaThreads                  0.000 / 0.000         0.336 / 0.687         0.407 / 5.702         0.407 / 5.702       ms
[1820.159s][info][gc,stats    ]    Subphase: Concurrent Roots OopStorageSet                0.000 / 0.000         0.025 / 0.051         0.026 / 0.085         0.026 / 0.085       ms
[1820.159s][info][gc,stats    ]    Subphase: Concurrent Weak Roots OopStorageSet           0.000 / 0.000         0.517 / 0.739         0.501 / 0.939         0.501 / 0.939       ms
[1820.159s][info][gc,stats    ]    Subphase: Pause Mark Try Complete                       0.000 / 0.000         0.000 / 0.000         0.000 / 0.000         0.000 / 0.000       ms
[1820.159s][info][gc,stats    ]      System: Java Threads                                      0 / 0                32 / 33               32 / 34               32 / 34          threads
[1820.159s][info][gc,stats    ] =========================================================================================================================================================
[1822.557s][info][gc,start    ] GC(110) Garbage Collection (Proactive)
[1822.558s][info][gc,task     ] GC(110) Using 2 workers
[1822.558s][info][gc,phases   ] GC(110) Pause Mark Start 0.018ms
[1822.573s][info][gc,phases   ] GC(110) Concurrent Mark 14.936ms
[1822.574s][info][gc,phases   ] GC(110) Pause Mark End 0.018ms
[1822.574s][info][gc,phases   ] GC(110) Concurrent Mark Free 0.001ms
[1822.583s][info][gc,phases   ] GC(110) Concurrent Process Non-Strong References 8.813ms
[1822.583s][info][gc,phases   ] GC(110) Concurrent Reset Relocation Set 0.003ms
[1822.584s][info][gc,phases   ] GC(110) Concurrent Select Relocation Set 1.170ms
[1822.584s][info][gc,phases   ] GC(110) Pause Relocate Start 0.006ms
[1822.585s][info][gc,phases   ] GC(110) Concurrent Relocate 0.583ms
[1822.585s][info][gc,load     ] GC(110) Load: 0.00/0.00/0.00
[1822.585s][info][gc,mmu      ] GC(110) MMU: 2ms/96.8%, 5ms/98.7%, 10ms/99.2%, 20ms/99.6%, 50ms/99.8%, 100ms/99.9%
[1822.585s][info][gc,marking  ] GC(110) Mark: 2 stripe(s), 2 proactive flush(es), 1 terminate flush(es), 0 completion(s), 0 continuation(s) 
[1822.585s][info][gc,marking  ] GC(110) Mark Stack Usage: 32M
[1822.585s][info][gc,nmethod  ] GC(110) NMethods: 8736 registered, 1761 unregistered
[1822.585s][info][gc,metaspace] GC(110) Metaspace: 33M used, 33M committed, 1088M reserved
[1822.585s][info][gc,ref      ] GC(110) Soft: 4141 encountered, 0 discovered, 0 enqueued
[1822.585s][info][gc,ref      ] GC(110) Weak: 2188 encountered, 419 discovered, 0 enqueued
[1822.585s][info][gc,ref      ] GC(110) Final: 3 encountered, 0 discovered, 0 enqueued
[1822.585s][info][gc,ref      ] GC(110) Phantom: 279 encountered, 149 discovered, 0 enqueued
[1822.585s][info][gc,reloc    ] GC(110) Small Pages: 223 / 446M, Empty: 326M, Relocated: 1M, In-Place: 0
[1822.585s][info][gc,reloc    ] GC(110) Medium Pages: 1 / 32M, Empty: 0M, Relocated: 0M, In-Place: 0
[1822.585s][info][gc,reloc    ] GC(110) Large Pages: 0 / 0M, Empty: 0M, Relocated: 0M, In-Place: 0
[1822.585s][info][gc,reloc    ] GC(110) Forwarding Usage: 0M
[1822.585s][info][gc,heap     ] GC(110) Min Capacity: 4096M(100%)
[1822.585s][info][gc,heap     ] GC(110) Max Capacity: 4096M(100%)
[1822.585s][info][gc,heap     ] GC(110) Soft Max Capacity: 4096M(100%)
[1822.585s][info][gc,heap     ] GC(110)                Mark Start          Mark End        Relocate Start      Relocate End           High               Low         
[1822.585s][info][gc,heap     ] GC(110)  Capacity:     4096M (100%)       4096M (100%)       4096M (100%)       4096M (100%)       4096M (100%)       4096M (100%)   
[1822.585s][info][gc,heap     ] GC(110)      Free:     3618M (88%)        3606M (88%)        3932M (96%)        4030M (98%)        4030M (98%)        3606M (88%)    
[1822.585s][info][gc,heap     ] GC(110)      Used:      478M (12%)         490M (12%)         164M (4%)           66M (2%)          490M (12%)          66M (2%)     
[1822.585s][info][gc,heap     ] GC(110)      Live:         -                17M (0%)           17M (0%)           17M (0%)             -                  -          
[1822.585s][info][gc,heap     ] GC(110) Allocated:         -                12M (0%)           12M (0%)           12M (0%)             -                  -          
[1822.585s][info][gc,heap     ] GC(110)   Garbage:         -               460M (11%)         134M (3%)           36M (1%)             -                  -          
[1822.585s][info][gc,heap     ] GC(110) Reclaimed:         -                  -               326M (8%)          424M (10%)            -                  -          
[1822.585s][info][gc          ] GC(110) Garbage Collection (Proactive) 478M(12%)->66M(2%)
[1830.153s][info][gc,stats    ] === Garbage Collection Statistics =======================================================================================================================
[1830.153s][info][gc,stats    ]                                                              Last 10s              Last 10m              Last 10h                Total
[1830.153s][info][gc,stats    ]                                                              Avg / Max             Avg / Max             Avg / Max             Avg / Max
[1830.153s][info][gc,stats    ]   Collector: Garbage Collection Cycle                     27.179 / 27.179       30.018 / 43.979       30.410 / 54.411       30.410 / 54.411      ms
[1830.153s][info][gc,stats    ]  Contention: Mark Segment Reset Contention                     0 / 0                 0 / 1                 0 / 3                 0 / 3           ops/s
[1830.153s][info][gc,stats    ]  Contention: Mark SeqNum Reset Contention                      0 / 0                 0 / 2                 0 / 2                 0 / 2           ops/s
[1830.153s][info][gc,stats    ]    Critical: Allocation Stall                                  0 / 0                 0 / 0                 0 / 0                 0 / 0           ops/s
[1830.153s][info][gc,stats    ]    Critical: Allocation Stall                              0.000 / 0.000         0.000 / 0.000         0.000 / 0.000         0.000 / 0.000       ms
[1830.153s][info][gc,stats    ]    Critical: GC Locker Stall                                   0 / 0                 0 / 0                 0 / 0                 0 / 0           ops/s
[1830.153s][info][gc,stats    ]    Critical: GC Locker Stall                               0.000 / 0.000         0.000 / 0.000         0.000 / 0.000         0.000 / 0.000       ms
[1830.153s][info][gc,stats    ]    Critical: Relocation Stall                                  0 / 0                 0 / 0                 0 / 0                 0 / 0           ops/s
[1830.153s][info][gc,stats    ]    Critical: Relocation Stall                              0.000 / 0.000         0.000 / 0.000         0.000 / 0.000         0.000 / 0.000       ms
[1830.153s][info][gc,stats    ]      Memory: Allocation Rate                                  25 / 34               25 / 130              25 / 148              25 / 148         MB/s
[1830.153s][info][gc,stats    ]      Memory: Out Of Memory                                     0 / 0                 0 / 0                 0 / 0                 0 / 0           ops/s
[1830.153s][info][gc,stats    ]      Memory: Page Cache Flush                                  0 / 0                 0 / 0                 0 / 0                 0 / 0           MB/s
[1830.153s][info][gc,stats    ]      Memory: Page Cache Hit L1                                12 / 19               12 / 37               12 / 78               12 / 78          ops/s
[1830.153s][info][gc,stats    ]      Memory: Page Cache Hit L2                                 0 / 0                 0 / 0                 0 / 0                 0 / 0           ops/s
[1830.153s][info][gc,stats    ]      Memory: Page Cache Hit L3                                 0 / 0                 0 / 0                 0 / 48                0 / 48          ops/s
[1830.153s][info][gc,stats    ]      Memory: Page Cache Miss                                   0 / 0                 0 / 0                 0 / 1                 0 / 1           ops/s
[1830.153s][info][gc,stats    ]      Memory: Uncommit                                          0 / 0                 0 / 0                 0 / 0                 0 / 0           MB/s
[1830.153s][info][gc,stats    ]      Memory: Undo Object Allocation Failed                     0 / 0                 0 / 0                 0 / 1                 0 / 1           ops/s
[1830.153s][info][gc,stats    ]      Memory: Undo Object Allocation Succeeded                  0 / 0                 0 / 0                 0 / 22                0 / 22          ops/s
[1830.153s][info][gc,stats    ]      Memory: Undo Page Allocation                              0 / 0                 0 / 1                 0 / 2                 0 / 2           ops/s
[1830.153s][info][gc,stats    ]       Phase: Concurrent Mark                              14.936 / 14.936       16.752 / 30.623       17.303 / 38.897       17.303 / 38.897      ms
[1830.153s][info][gc,stats    ]       Phase: Concurrent Mark Continue                      0.000 / 0.000         0.000 / 0.000         0.000 / 0.000         0.000 / 0.000       ms
[1830.153s][info][gc,stats    ]       Phase: Concurrent Mark Free                          0.001 / 0.001         0.001 / 0.004         0.001 / 0.004         0.001 / 0.004       ms
[1830.153s][info][gc,stats    ]       Phase: Concurrent Process Non-Strong References      8.813 / 8.813         9.488 / 19.777        9.180 / 19.777        9.180 / 19.777      ms
[1830.153s][info][gc,stats    ]       Phase: Concurrent Relocate                           0.583 / 0.583         0.825 / 1.667         0.924 / 6.891         0.924 / 6.891       ms
[1830.153s][info][gc,stats    ]       Phase: Concurrent Reset Relocation Set               0.003 / 0.003         0.004 / 0.011         0.004 / 0.011         0.004 / 0.011       ms
[1830.153s][info][gc,stats    ]       Phase: Concurrent Select Relocation Set              1.170 / 1.170         1.453 / 2.864         1.521 / 3.477         1.521 / 3.477       ms
[1830.153s][info][gc,stats    ]       Phase: Pause Mark End                                0.018 / 0.018         0.023 / 0.057         0.024 / 0.065         0.024 / 0.065       ms
[1830.153s][info][gc,stats    ]       Phase: Pause Mark Start                              0.018 / 0.018         0.012 / 0.037         0.012 / 0.037         0.012 / 0.037       ms
[1830.153s][info][gc,stats    ]       Phase: Pause Relocate Start                          0.006 / 0.006         0.009 / 0.012         0.009 / 0.019         0.009 / 0.019       ms
[1830.153s][info][gc,stats    ]    Subphase: Concurrent Classes Purge                      0.248 / 0.248         0.435 / 2.073         0.396 / 2.073         0.396 / 2.073       ms
[1830.153s][info][gc,stats    ]    Subphase: Concurrent Classes Unlink                     7.681 / 7.681         8.168 / 16.855        7.912 / 16.855        7.912 / 16.855      ms
[1830.153s][info][gc,stats    ]    Subphase: Concurrent Mark                              12.506 / 14.295       13.685 / 29.925       14.133 / 33.017       14.133 / 33.017      ms
[1830.154s][info][gc,stats    ]    Subphase: Concurrent Mark Try Flush                     0.140 / 0.237         0.131 / 0.280         0.128 / 0.331         0.128 / 0.331       ms
[1830.154s][info][gc,stats    ]    Subphase: Concurrent Mark Try Terminate                 1.350 / 3.983         1.769 / 17.115        1.802 / 17.115        1.802 / 17.115      ms
[1830.154s][info][gc,stats    ]    Subphase: Concurrent References Enqueue                 0.000 / 0.000         0.002 / 0.009         0.002 / 0.010         0.002 / 0.010       ms
[1830.154s][info][gc,stats    ]    Subphase: Concurrent References Process                 0.139 / 0.139         0.140 / 0.276         0.149 / 0.513         0.149 / 0.513       ms
[1830.154s][info][gc,stats    ]    Subphase: Concurrent Roots ClassLoaderDataGraph         0.111 / 0.178         0.131 / 0.390         0.142 / 0.547         0.142 / 0.547       ms
[1830.154s][info][gc,stats    ]    Subphase: Concurrent Roots CodeCache                    0.000 / 0.000         0.000 / 0.000         0.000 / 0.000         0.000 / 0.000       ms
[1830.154s][info][gc,stats    ]    Subphase: Concurrent Roots JavaThreads                  0.263 / 0.331         0.333 / 0.687         0.405 / 5.702         0.405 / 5.702       ms
[1830.154s][info][gc,stats    ]    Subphase: Concurrent Roots OopStorageSet                0.024 / 0.030         0.025 / 0.051         0.026 / 0.085         0.026 / 0.085       ms
[1830.154s][info][gc,stats    ]    Subphase: Concurrent Weak Roots OopStorageSet           0.517 / 0.519         0.517 / 0.739         0.501 / 0.939         0.501 / 0.939       ms
[1830.154s][info][gc,stats    ]    Subphase: Pause Mark Try Complete                       0.000 / 0.000         0.000 / 0.000         0.000 / 0.000         0.000 / 0.000       ms
[1830.154s][info][gc,stats    ]      System: Java Threads                                     33 / 33               32 / 33               32 / 34               32 / 34          threads
[1830.154s][info][gc,stats    ] =========================================================================================================================================================
[1839.756s][info][gc,start    ] GC(111) Garbage Collection (Proactive)
[1839.756s][info][gc,task     ] GC(111) Using 2 workers
[1839.756s][info][gc,phases   ] GC(111) Pause Mark Start 0.012ms
[1839.774s][info][gc,phases   ] GC(111) Concurrent Mark 17.583ms
[1839.774s][info][gc,phases   ] GC(111) Pause Mark End 0.022ms
[1839.774s][info][gc,phases   ] GC(111) Concurrent Mark Free 0.003ms
[1839.783s][info][gc,phases   ] GC(111) Concurrent Process Non-Strong References 8.538ms
[1839.783s][info][gc,phases   ] GC(111) Concurrent Reset Relocation Set 0.003ms
[1839.784s][info][gc,phases   ] GC(111) Concurrent Select Relocation Set 1.178ms
[1839.784s][info][gc,phases   ] GC(111) Pause Relocate Start 0.009ms
[1839.785s][info][gc,phases   ] GC(111) Concurrent Relocate 0.581ms
[1839.785s][info][gc,load     ] GC(111) Load: 0.00/0.00/0.00
[1839.785s][info][gc,mmu      ] GC(111) MMU: 2ms/96.8%, 5ms/98.7%, 10ms/99.2%, 20ms/99.6%, 50ms/99.8%, 100ms/99.9%
[1839.785s][info][gc,marking  ] GC(111) Mark: 2 stripe(s), 2 proactive flush(es), 1 terminate flush(es), 0 completion(s), 0 continuation(s) 
[1839.785s][info][gc,marking  ] GC(111) Mark Stack Usage: 32M
[1839.785s][info][gc,nmethod  ] GC(111) NMethods: 8744 registered, 1761 unregistered
[1839.785s][info][gc,metaspace] GC(111) Metaspace: 33M used, 33M committed, 1088M reserved
[1839.785s][info][gc,ref      ] GC(111) Soft: 4141 encountered, 0 discovered, 0 enqueued
[1839.785s][info][gc,ref      ] GC(111) Weak: 2188 encountered, 325 discovered, 0 enqueued
[1839.785s][info][gc,ref      ] GC(111) Final: 3 encountered, 0 discovered, 0 enqueued
[1839.785s][info][gc,ref      ] GC(111) Phantom: 278 encountered, 218 discovered, 0 enqueued
[1839.785s][info][gc,reloc    ] GC(111) Small Pages: 222 / 444M, Empty: 324M, Relocated: 1M, In-Place: 0
[1839.785s][info][gc,reloc    ] GC(111) Medium Pages: 1 / 32M, Empty: 0M, Relocated: 0M, In-Place: 0
[1839.785s][info][gc,reloc    ] GC(111) Large Pages: 0 / 0M, Empty: 0M, Relocated: 0M, In-Place: 0
[1839.785s][info][gc,reloc    ] GC(111) Forwarding Usage: 0M
[1839.785s][info][gc,heap     ] GC(111) Min Capacity: 4096M(100%)
[1839.785s][info][gc,heap     ] GC(111) Max Capacity: 4096M(100%)
[1839.785s][info][gc,heap     ] GC(111) Soft Max Capacity: 4096M(100%)
[1839.785s][info][gc,heap     ] GC(111)                Mark Start          Mark End        Relocate Start      Relocate End           High               Low         
[1839.785s][info][gc,heap     ] GC(111)  Capacity:     4096M (100%)       4096M (100%)       4096M (100%)       4096M (100%)       4096M (100%)       4096M (100%)   
[1839.785s][info][gc,heap     ] GC(111)      Free:     3620M (88%)        3608M (88%)        3932M (96%)        4030M (98%)        4030M (98%)        3608M (88%)    
[1839.785s][info][gc,heap     ] GC(111)      Used:      476M (12%)         488M (12%)         164M (4%)           66M (2%)          488M (12%)          66M (2%)     
[1839.785s][info][gc,heap     ] GC(111)      Live:         -                17M (0%)           17M (0%)           17M (0%)             -                  -          
[1839.785s][info][gc,heap     ] GC(111) Allocated:         -                12M (0%)           12M (0%)           12M (0%)             -                  -          
[1839.785s][info][gc,heap     ] GC(111)   Garbage:         -               458M (11%)         134M (3%)           36M (1%)             -                  -          
[1839.785s][info][gc,heap     ] GC(111) Reclaimed:         -                  -               324M (8%)          422M (10%)            -                  -          
[1839.785s][info][gc          ] GC(111) Garbage Collection (Proactive) 476M(12%)->66M(2%)
[1840.159s][info][gc,stats    ] === Garbage Collection Statistics =======================================================================================================================
[1840.159s][info][gc,stats    ]                                                              Last 10s              Last 10m              Last 10h                Total
[1840.160s][info][gc,stats    ]                                                              Avg / Max             Avg / Max             Avg / Max             Avg / Max
[1840.160s][info][gc,stats    ]   Collector: Garbage Collection Cycle                     29.132 / 29.132       29.707 / 43.979       30.399 / 54.411       30.399 / 54.411      ms
[1840.160s][info][gc,stats    ]  Contention: Mark Segment Reset Contention                     0 / 0                 0 / 1                 0 / 3                 0 / 3           ops/s
[1840.160s][info][gc,stats    ]  Contention: Mark SeqNum Reset Contention                      0 / 0                 0 / 2                 0 / 2                 0 / 2           ops/s
[1840.160s][info][gc,stats    ]    Critical: Allocation Stall                                  0 / 0                 0 / 0                 0 / 0                 0 / 0           ops/s
[1840.160s][info][gc,stats    ]    Critical: Allocation Stall                              0.000 / 0.000         0.000 / 0.000         0.000 / 0.000         0.000 / 0.000       ms
[1840.160s][info][gc,stats    ]    Critical: GC Locker Stall                                   0 / 0                 0 / 0                 0 / 0                 0 / 0           ops/s
[1840.160s][info][gc,stats    ]    Critical: GC Locker Stall                               0.000 / 0.000         0.000 / 0.000         0.000 / 0.000         0.000 / 0.000       ms
[1840.160s][info][gc,stats    ]    Critical: Relocation Stall                                  0 / 0                 0 / 0                 0 / 0                 0 / 0           ops/s
[1840.160s][info][gc,stats    ]    Critical: Relocation Stall                              0.000 / 0.000         0.000 / 0.000         0.000 / 0.000         0.000 / 0.000       ms
[1840.160s][info][gc,stats    ]      Memory: Allocation Rate                                  24 / 34               25 / 130              25 / 148              25 / 148         MB/s
[1840.160s][info][gc,stats    ]      Memory: Out Of Memory                                     0 / 0                 0 / 0                 0 / 0                 0 / 0           ops/s
[1840.160s][info][gc,stats    ]      Memory: Page Cache Flush                                  0 / 0                 0 / 0                 0 / 0                 0 / 0           MB/s
[1840.160s][info][gc,stats    ]      Memory: Page Cache Hit L1                                12 / 19               12 / 37               12 / 78               12 / 78          ops/s
[1840.160s][info][gc,stats    ]      Memory: Page Cache Hit L2                                 0 / 0                 0 / 0                 0 / 0                 0 / 0           ops/s
[1840.160s][info][gc,stats    ]      Memory: Page Cache Hit L3                                 0 / 0                 0 / 0                 0 / 48                0 / 48          ops/s
[1840.160s][info][gc,stats    ]      Memory: Page Cache Miss                                   0 / 0                 0 / 0                 0 / 1                 0 / 1           ops/s
[1840.160s][info][gc,stats    ]      Memory: Uncommit                                          0 / 0                 0 / 0                 0 / 0                 0 / 0           MB/s
[1840.160s][info][gc,stats    ]      Memory: Undo Object Allocation Failed                     0 / 0                 0 / 0                 0 / 1                 0 / 1           ops/s
[1840.160s][info][gc,stats    ]      Memory: Undo Object Allocation Succeeded                  0 / 0                 0 / 0                 0 / 22                0 / 22          ops/s
[1840.160s][info][gc,stats    ]      Memory: Undo Page Allocation                              0 / 0                 0 / 1                 0 / 2                 0 / 2           ops/s
[1840.160s][info][gc,stats    ]       Phase: Concurrent Mark                              17.583 / 17.583       16.707 / 30.623       17.306 / 38.897       17.306 / 38.897      ms
[1840.160s][info][gc,stats    ]       Phase: Concurrent Mark Continue                      0.000 / 0.000         0.000 / 0.000         0.000 / 0.000         0.000 / 0.000       ms
[1840.160s][info][gc,stats    ]       Phase: Concurrent Mark Free                          0.003 / 0.003         0.001 / 0.004         0.001 / 0.004         0.001 / 0.004       ms
[1840.160s][info][gc,stats    ]       Phase: Concurrent Process Non-Strong References      8.538 / 8.538         9.244 / 19.777        9.174 / 19.777        9.174 / 19.777      ms
[1840.160s][info][gc,stats    ]       Phase: Concurrent Relocate                           0.581 / 0.581         0.807 / 1.667         0.921 / 6.891         0.921 / 6.891       ms
[1840.160s][info][gc,stats    ]       Phase: Concurrent Reset Relocation Set               0.003 / 0.003         0.004 / 0.011         0.004 / 0.011         0.004 / 0.011       ms
[1840.160s][info][gc,stats    ]       Phase: Concurrent Select Relocation Set              1.178 / 1.178         1.442 / 2.864         1.518 / 3.477         1.518 / 3.477       ms
[1840.160s][info][gc,stats    ]       Phase: Pause Mark End                                0.022 / 0.022         0.023 / 0.057         0.024 / 0.065         0.024 / 0.065       ms
[1840.160s][info][gc,stats    ]       Phase: Pause Mark Start                              0.012 / 0.012         0.012 / 0.037         0.012 / 0.037         0.012 / 0.037       ms
[1840.160s][info][gc,stats    ]       Phase: Pause Relocate Start                          0.009 / 0.009         0.009 / 0.012         0.009 / 0.019         0.009 / 0.019       ms
[1840.160s][info][gc,stats    ]    Subphase: Concurrent Classes Purge                      0.252 / 0.252         0.386 / 1.936         0.395 / 2.073         0.395 / 2.073       ms
[1840.160s][info][gc,stats    ]    Subphase: Concurrent Classes Unlink                     7.366 / 7.366         7.978 / 16.855        7.907 / 16.855        7.907 / 16.855      ms
[1840.160s][info][gc,stats    ]    Subphase: Concurrent Mark                              14.083 / 16.885       13.685 / 29.925       14.133 / 33.017       14.133 / 33.017      ms
[1840.160s][info][gc,stats    ]    Subphase: Concurrent Mark Try Flush                     0.137 / 0.231         0.132 / 0.280         0.128 / 0.331         0.128 / 0.331       ms
[1840.160s][info][gc,stats    ]    Subphase: Concurrent Mark Try Terminate                 2.016 / 5.982         1.738 / 17.115        1.804 / 17.115        1.804 / 17.115      ms
[1840.160s][info][gc,stats    ]    Subphase: Concurrent References Enqueue                 0.000 / 0.000         0.002 / 0.009         0.002 / 0.010         0.002 / 0.010       ms
[1840.160s][info][gc,stats    ]    Subphase: Concurrent References Process                 0.148 / 0.148         0.140 / 0.276         0.149 / 0.513         0.149 / 0.513       ms
[1840.160s][info][gc,stats    ]    Subphase: Concurrent Roots ClassLoaderDataGraph         0.130 / 0.217         0.131 / 0.390         0.142 / 0.547         0.142 / 0.547       ms
[1840.160s][info][gc,stats    ]    Subphase: Concurrent Roots CodeCache                    0.000 / 0.000         0.000 / 0.000         0.000 / 0.000         0.000 / 0.000       ms
[1840.160s][info][gc,stats    ]    Subphase: Concurrent Roots JavaThreads                  0.347 / 0.435         0.332 / 0.687         0.405 / 5.702         0.405 / 5.702       ms
[1840.160s][info][gc,stats    ]    Subphase: Concurrent Roots OopStorageSet                0.023 / 0.029         0.025 / 0.051         0.026 / 0.085         0.026 / 0.085       ms
[1840.160s][info][gc,stats    ]    Subphase: Concurrent Weak Roots OopStorageSet           0.515 / 0.536         0.514 / 0.739         0.501 / 0.939         0.501 / 0.939       ms
[1840.160s][info][gc,stats    ]    Subphase: Pause Mark Try Complete                       0.000 / 0.000         0.000 / 0.000         0.000 / 0.000         0.000 / 0.000       ms
[1840.160s][info][gc,stats    ]      System: Java Threads                                     33 / 33               32 / 33               32 / 34               32 / 34          threads
[1840.160s][info][gc,stats    ] =========================================================================================================================================================
[1850.162s][info][gc,stats    ] === Garbage Collection Statistics =======================================================================================================================
[1850.163s][info][gc,stats    ]                                                              Last 10s              Last 10m              Last 10h                Total
[1850.163s][info][gc,stats    ]                                                              Avg / Max             Avg / Max             Avg / Max             Avg / Max
[1850.163s][info][gc,stats    ]   Collector: Garbage Collection Cycle                      0.000 / 0.000        29.707 / 43.979       30.399 / 54.411       30.399 / 54.411      ms
[1850.163s][info][gc,stats    ]  Contention: Mark Segment Reset Contention                     0 / 0                 0 / 1                 0 / 3                 0 / 3           ops/s
[1850.163s][info][gc,stats    ]  Contention: Mark SeqNum Reset Contention                      0 / 0                 0 / 2                 0 / 2                 0 / 2           ops/s
[1850.163s][info][gc,stats    ]    Critical: Allocation Stall                                  0 / 0                 0 / 0                 0 / 0                 0 / 0           ops/s
[1850.163s][info][gc,stats    ]    Critical: Allocation Stall                              0.000 / 0.000         0.000 / 0.000         0.000 / 0.000         0.000 / 0.000       ms
[1850.163s][info][gc,stats    ]    Critical: GC Locker Stall                                   0 / 0                 0 / 0                 0 / 0                 0 / 0           ops/s
