[0.008s][info][gc,init] CardTable entry size: 512
[0.008s][info][gc     ] Using Parallel
[0.010s][info][gc,init] Version: 21.0.4+7-adhoc.Administrator.jdk21u (release)
[0.010s][info][gc,init] CPUs: 6 total, 6 available
[0.010s][info][gc,init] Memory: 15591M
[0.011s][info][gc,init] Large Page Support: Disabled
[0.011s][info][gc,init] NUMA Support: Disabled
[0.011s][info][gc,init] Compressed Oops: Enabled (32-bit)
[0.011s][info][gc,init] Alignments: Space 512K, Generation 512K, Heap 2M
[0.011s][info][gc,init] Heap Min Capacity: 1G
[0.011s][info][gc,init] Heap Initial Capacity: 1G
[0.011s][info][gc,init] Heap Max Capacity: 1G
[0.013s][info][gc,init] Pre-touch: Disabled
[0.013s][info][gc,init] Parallel Workers: 6
[0.021s][info][gc,metaspace] CDS archive(s) mapped at: [0x0000027f55000000-0x0000027f55c90000-0x0000027f55c90000), size 13172736, SharedBaseAddress: 0x0000027f55000000, ArchiveRelocationMode: 1.
[0.021s][info][gc,metaspace] Compressed class space mapped at: 0x0000027f56000000-0x0000027f96000000, reserved size: 1073741824
[0.021s][info][gc,metaspace] Narrow klass base: 0x0000027f55000000, Narrow klass shift: 0, Narrow klass range: 0x100000000
[6.976s][info][gc,start    ] GC(0) Pause Young (Metadata GC Threshold)
[6.984s][info][gc,heap     ] GC(0) PSYoungGen: 194448K(305664K)->9304K(305664K) Eden: 194448K(262144K)->0K(262144K) From: 0K(43520K)->9304K(43520K)
[6.984s][info][gc,heap     ] GC(0) ParOldGen: 0K(699392K)->96K(699392K)
[6.984s][info][gc,metaspace] GC(0) Metaspace: 21017K(21504K)->21017K(21504K) NonClass: 19067K(19328K)->19067K(19328K) Class: 1949K(2176K)->1949K(2176K)
[6.984s][info][gc          ] GC(0) Pause Young (Metadata GC Threshold) 189M->9M(981M) 8.125ms
[6.984s][info][gc,cpu      ] GC(0) User=0.02s Sys=0.08s Real=0.01s
[6.984s][info][gc,start    ] GC(1) Pause Full (Metadata GC Threshold)
[6.984s][info][gc,phases,start] GC(1) Marking Phase
[6.991s][info][gc,phases      ] GC(1) Marking Phase 6.690ms
[6.991s][info][gc,phases,start] GC(1) Summary Phase
[6.991s][info][gc,phases      ] GC(1) Summary Phase 0.010ms
[6.991s][info][gc,phases,start] GC(1) Adjust Roots
[6.995s][info][gc,phases      ] GC(1) Adjust Roots 3.544ms
[6.995s][info][gc,phases,start] GC(1) Compaction Phase
[7.000s][info][gc,phases      ] GC(1) Compaction Phase 4.986ms
[7.000s][info][gc,phases,start] GC(1) Post Compact
[7.001s][info][gc,phases      ] GC(1) Post Compact 0.905ms
[7.001s][info][gc,heap        ] GC(1) PSYoungGen: 9304K(305664K)->0K(305664K) Eden: 0K(262144K)->0K(262144K) From: 9304K(43520K)->0K(43520K)
[7.001s][info][gc,heap        ] GC(1) ParOldGen: 96K(699392K)->9196K(699392K)
[7.001s][info][gc,metaspace   ] GC(1) Metaspace: 21017K(21504K)->21017K(21504K) NonClass: 19067K(19328K)->19067K(19328K) Class: 1949K(2176K)->1949K(2176K)
[7.001s][info][gc             ] GC(1) Pause Full (Metadata GC Threshold) 9M->8M(981M) 16.429ms
[7.001s][info][gc,cpu         ] GC(1) User=0.06s Sys=0.00s Real=0.02s
[7.801s][info][gc,start       ] GC(2) Pause Young (System.gc())
[7.802s][info][gc,heap        ] GC(2) PSYoungGen: 15516K(305664K)->192K(305664K) Eden: 15516K(262144K)->0K(262144K) From: 0K(43520K)->192K(43520K)
[7.802s][info][gc,heap        ] GC(2) ParOldGen: 9196K(699392K)->9204K(699392K)
[7.802s][info][gc,metaspace   ] GC(2) Metaspace: 21114K(21696K)->21114K(21696K) NonClass: 19153K(19456K)->19153K(19456K) Class: 1960K(2240K)->1960K(2240K)
[7.802s][info][gc             ] GC(2) Pause Young (System.gc()) 24M->9M(981M) 0.415ms
[7.802s][info][gc,cpu         ] GC(2) User=0.00s Sys=0.00s Real=0.00s
[7.802s][info][gc,start       ] GC(3) Pause Full (System.gc())
[7.802s][info][gc,phases,start] GC(3) Marking Phase
[7.809s][info][gc,phases      ] GC(3) Marking Phase 7.200ms
[7.809s][info][gc,phases,start] GC(3) Summary Phase
[7.809s][info][gc,phases      ] GC(3) Summary Phase 0.009ms
[7.809s][info][gc,phases,start] GC(3) Adjust Roots
[7.812s][info][gc,phases      ] GC(3) Adjust Roots 2.842ms
[7.812s][info][gc,phases,start] GC(3) Compaction Phase
[7.816s][info][gc,phases      ] GC(3) Compaction Phase 3.991ms
[7.816s][info][gc,phases,start] GC(3) Post Compact
[7.816s][info][gc,phases      ] GC(3) Post Compact 0.253ms
[7.816s][info][gc,heap        ] GC(3) PSYoungGen: 192K(305664K)->0K(305664K) Eden: 0K(262144K)->0K(262144K) From: 192K(43520K)->0K(43520K)
[7.816s][info][gc,heap        ] GC(3) ParOldGen: 9204K(699392K)->9160K(699392K)
[7.816s][info][gc,metaspace   ] GC(3) Metaspace: 21114K(21696K)->21114K(21696K) NonClass: 19153K(19456K)->19153K(19456K) Class: 1960K(2240K)->1960K(2240K)
[7.816s][info][gc             ] GC(3) Pause Full (System.gc()) 9M->8M(981M) 14.631ms
[7.816s][info][gc,cpu         ] GC(3) User=0.02s Sys=0.00s Real=0.02s
[10.464s][info][gc,start       ] GC(4) Pause Young (Allocation Failure)
[10.467s][info][gc,heap        ] GC(4) PSYoungGen: 262144K(305664K)->4051K(305664K) Eden: 262144K(262144K)->0K(262144K) From: 0K(43520K)->4051K(43520K)
[10.467s][info][gc,heap        ] GC(4) ParOldGen: 9160K(699392K)->9168K(699392K)
[10.467s][info][gc,metaspace   ] GC(4) Metaspace: 26030K(26624K)->26030K(26624K) NonClass: 23657K(24000K)->23657K(24000K) Class: 2372K(2624K)->2372K(2624K)
[10.467s][info][gc             ] GC(4) Pause Young (Allocation Failure) 264M->12M(981M) 2.374ms
[10.467s][info][gc,cpu         ] GC(4) User=0.00s Sys=0.00s Real=0.00s
[11.624s][info][gc,start       ] GC(5) Pause Young (Allocation Failure)
[11.643s][info][gc,heap        ] GC(5) PSYoungGen: 266195K(305664K)->33926K(305664K) Eden: 262144K(262144K)->0K(262144K) From: 4051K(43520K)->33926K(43520K)
[11.643s][info][gc,heap        ] GC(5) ParOldGen: 9168K(699392K)->9176K(699392K)
[11.643s][info][gc,metaspace   ] GC(5) Metaspace: 27815K(28352K)->27815K(28352K) NonClass: 25302K(25600K)->25302K(25600K) Class: 2512K(2752K)->2512K(2752K)
[11.643s][info][gc             ] GC(5) Pause Young (Allocation Failure) 268M->42M(981M) 18.555ms
[11.643s][info][gc,cpu         ] GC(5) User=0.09s Sys=0.03s Real=0.02s
[12.178s][info][gc,start       ] GC(6) Pause Young (Allocation Failure)
[12.209s][info][gc,heap        ] GC(6) PSYoungGen: 296070K(305664K)->43506K(305664K) Eden: 262144K(262144K)->0K(262144K) From: 33926K(43520K)->43506K(43520K)
[12.209s][info][gc,heap        ] GC(6) ParOldGen: 9176K(699392K)->28911K(699392K)
[12.209s][info][gc,metaspace   ] GC(6) Metaspace: 27861K(28416K)->27861K(28416K) NonClass: 25348K(25664K)->25348K(25664K) Class: 2513K(2752K)->2513K(2752K)
[12.209s][info][gc             ] GC(6) Pause Young (Allocation Failure) 298M->70M(981M) 30.471ms
[12.209s][info][gc,cpu         ] GC(6) User=0.14s Sys=0.05s Real=0.03s
[12.767s][info][gc,start       ] GC(7) Pause Young (Allocation Failure)
[12.810s][info][gc,heap        ] GC(7) PSYoungGen: 305650K(305664K)->43498K(210432K) Eden: 262144K(262144K)->0K(166912K) From: 43506K(43520K)->43498K(43520K)
[12.810s][info][gc,heap        ] GC(7) ParOldGen: 28911K(699392K)->68444K(699392K)
[12.810s][info][gc,metaspace   ] GC(7) Metaspace: 27864K(28416K)->27864K(28416K) NonClass: 25351K(25664K)->25351K(25664K) Class: 2513K(2752K)->2513K(2752K)
[12.810s][info][gc             ] GC(7) Pause Young (Allocation Failure) 326M->109M(888M) 42.657ms
[12.810s][info][gc,cpu         ] GC(7) User=0.16s Sys=0.03s Real=0.05s
[24.212s][info][gc,start       ] GC(8) Pause Young (Allocation Failure)
[24.251s][info][gc,heap        ] GC(8) PSYoungGen: 210410K(210432K)->23932K(258048K) Eden: 166912K(166912K)->0K(166912K) From: 43498K(43520K)->23932K(91136K)
[24.251s][info][gc,heap        ] GC(8) ParOldGen: 68444K(699392K)->68452K(699392K)
[24.251s][info][gc,metaspace   ] GC(8) Metaspace: 28354K(28864K)->28354K(28864K) NonClass: 25811K(26112K)->25811K(26112K) Class: 2542K(2752K)->2542K(2752K)
[24.251s][info][gc             ] GC(8) Pause Young (Allocation Failure) 272M->90M(935M) 38.357ms
[24.251s][info][gc,cpu         ] GC(8) User=0.27s Sys=0.02s Real=0.05s
[33.865s][info][gc,start       ] GC(9) Pause Young (Allocation Failure)
[33.904s][info][gc,heap        ] GC(9) PSYoungGen: 190844K(258048K)->25518K(269824K) Eden: 166912K(166912K)->0K(185344K) From: 23932K(91136K)->25518K(84480K)
[33.904s][info][gc,heap        ] GC(9) ParOldGen: 68452K(699392K)->70933K(699392K)
[33.904s][info][gc,metaspace   ] GC(9) Metaspace: 28462K(28928K)->28462K(28928K) NonClass: 25915K(26176K)->25915K(26176K) Class: 2546K(2752K)->2546K(2752K)
[33.904s][info][gc             ] GC(9) Pause Young (Allocation Failure) 253M->94M(946M) 38.740ms
[33.904s][info][gc,cpu         ] GC(9) User=0.19s Sys=0.00s Real=0.04s
[35.347s][info][gc,start       ] GC(10) Pause Young (Allocation Failure)
[35.362s][info][gc,heap        ] GC(10) PSYoungGen: 210862K(269824K)->16358K(264704K) Eden: 185344K(185344K)->0K(185344K) From: 25518K(84480K)->16358K(79360K)
[35.362s][info][gc,heap        ] GC(10) ParOldGen: 70933K(699392K)->82724K(699392K)
[35.362s][info][gc,metaspace   ] GC(10) Metaspace: 28507K(29056K)->28507K(29056K) NonClass: 25960K(26304K)->25960K(26304K) Class: 2546K(2752K)->2546K(2752K)
[35.362s][info][gc             ] GC(10) Pause Young (Allocation Failure) 275M->96M(941M) 14.821ms
[35.362s][info][gc,cpu         ] GC(10) User=0.09s Sys=0.00s Real=0.03s
[37.265s][info][gc,start       ] GC(11) Pause Young (Allocation Failure)
[37.277s][info][gc,heap        ] GC(11) PSYoungGen: 201702K(264704K)->19478K(275968K) Eden: 185344K(185344K)->0K(199680K) From: 16358K(79360K)->19478K(76288K)
[37.277s][info][gc,heap        ] GC(11) ParOldGen: 82724K(699392K)->87864K(699392K)
[37.277s][info][gc,metaspace   ] GC(11) Metaspace: 32108K(32704K)->32108K(32704K) NonClass: 29363K(29696K)->29363K(29696K) Class: 2744K(3008K)->2744K(3008K)
[37.277s][info][gc             ] GC(11) Pause Young (Allocation Failure) 277M->104M(952M) 11.956ms
[37.277s][info][gc,cpu         ] GC(11) User=0.00s Sys=0.00s Real=0.01s
[39.653s][info][gc,start       ] GC(12) Pause Young (CodeCache GC Threshold)
[39.658s][info][gc,heap        ] GC(12) PSYoungGen: 213297K(275968K)->9339K(272896K) Eden: 193819K(199680K)->0K(199680K) From: 19478K(76288K)->9339K(73216K)
[39.658s][info][gc,heap        ] GC(12) ParOldGen: 87864K(699392K)->94564K(699392K)
[39.658s][info][gc,metaspace   ] GC(12) Metaspace: 33587K(34176K)->33587K(34176K) NonClass: 30833K(31168K)->30833K(31168K) Class: 2753K(3008K)->2753K(3008K)
[39.658s][info][gc             ] GC(12) Pause Young (CodeCache GC Threshold) 294M->101M(949M) 5.259ms
[39.658s][info][gc,cpu         ] GC(12) User=0.08s Sys=0.02s Real=0.01s
[39.658s][info][gc,start       ] GC(13) Pause Full (CodeCache GC Threshold)
[39.658s][info][gc,phases,start] GC(13) Marking Phase
[39.681s][info][gc,phases      ] GC(13) Marking Phase 22.335ms
[39.681s][info][gc,phases,start] GC(13) Summary Phase
[39.681s][info][gc,phases      ] GC(13) Summary Phase 0.011ms
[39.681s][info][gc,phases,start] GC(13) Adjust Roots
[39.692s][info][gc,phases      ] GC(13) Adjust Roots 11.795ms
[39.693s][info][gc,phases,start] GC(13) Compaction Phase
[39.702s][info][gc,phases      ] GC(13) Compaction Phase 9.577ms
[39.702s][info][gc,phases,start] GC(13) Post Compact
[39.703s][info][gc,phases      ] GC(13) Post Compact 1.116ms
[39.703s][info][gc,heap        ] GC(13) PSYoungGen: 9339K(272896K)->0K(272896K) Eden: 0K(199680K)->0K(199680K) From: 9339K(73216K)->0K(73216K)
[39.703s][info][gc,heap        ] GC(13) ParOldGen: 94564K(699392K)->24316K(699392K)
[39.703s][info][gc,metaspace   ] GC(13) Metaspace: 33587K(34176K)->33587K(34176K) NonClass: 30833K(31168K)->30833K(31168K) Class: 2753K(3008K)->2753K(3008K)
[39.703s][info][gc             ] GC(13) Pause Full (CodeCache GC Threshold) 101M->23M(949M) 45.118ms
[39.703s][info][gc,cpu         ] GC(13) User=0.03s Sys=0.02s Real=0.04s
[41.673s][info][gc,start       ] GC(14) Pause Young (Allocation Failure)
[41.678s][info][gc,heap        ] GC(14) PSYoungGen: 199680K(272896K)->19305K(281088K) Eden: 199680K(199680K)->0K(209408K) From: 0K(73216K)->19305K(71680K)
[41.678s][info][gc,heap        ] GC(14) ParOldGen: 24316K(699392K)->24316K(699392K)
[41.678s][info][gc,metaspace   ] GC(14) Metaspace: 33893K(34432K)->33893K(34432K) NonClass: 31138K(31424K)->31138K(31424K) Class: 2755K(3008K)->2755K(3008K)
[41.678s][info][gc             ] GC(14) Pause Young (Allocation Failure) 218M->42M(957M) 5.304ms
[41.678s][info][gc,cpu         ] GC(14) User=0.00s Sys=0.00s Real=0.00s
[43.199s][info][gc,start       ] GC(15) Pause Young (Allocation Failure)
[43.209s][info][gc,heap        ] GC(15) PSYoungGen: 228713K(281088K)->16654K(277504K) Eden: 209408K(209408K)->0K(209408K) From: 19305K(71680K)->16654K(68096K)
[43.209s][info][gc,heap        ] GC(15) ParOldGen: 24316K(699392K)->36300K(699392K)
[43.209s][info][gc,metaspace   ] GC(15) Metaspace: 34000K(34496K)->34000K(34496K) NonClass: 31245K(31488K)->31245K(31488K) Class: 2755K(3008K)->2755K(3008K)
[43.209s][info][gc             ] GC(15) Pause Young (Allocation Failure) 247M->51M(954M) 9.857ms
[43.209s][info][gc,cpu         ] GC(15) User=0.09s Sys=0.00s Real=0.01s
[44.759s][info][gc,start       ] GC(16) Pause Young (Allocation Failure)
[44.777s][info][gc,heap        ] GC(16) PSYoungGen: 226062K(277504K)->33849K(284160K) Eden: 209408K(209408K)->0K(218624K) From: 16654K(68096K)->33849K(65536K)
[44.777s][info][gc,heap        ] GC(16) ParOldGen: 36300K(699392K)->52625K(699392K)
[44.777s][info][gc,metaspace   ] GC(16) Metaspace: 34680K(35200K)->34680K(35200K) NonClass: 31859K(32128K)->31859K(32128K) Class: 2821K(3072K)->2821K(3072K)
[44.777s][info][gc             ] GC(16) Pause Young (Allocation Failure) 256M->84M(960M) 17.942ms
[44.777s][info][gc,cpu         ] GC(16) User=0.06s Sys=0.03s Real=0.03s
[46.059s][info][gc,start       ] GC(17) Pause Young (Allocation Failure)
[46.073s][info][gc,heap        ] GC(17) PSYoungGen: 252473K(284160K)->18465K(283648K) Eden: 218624K(218624K)->0K(218624K) From: 33849K(65536K)->18465K(65024K)
[46.073s][info][gc,heap        ] GC(17) ParOldGen: 52625K(699392K)->82760K(699392K)
[46.073s][info][gc,metaspace   ] GC(17) Metaspace: 35046K(35584K)->35046K(35584K) NonClass: 32223K(32512K)->32223K(32512K) Class: 2822K(3072K)->2822K(3072K)
[46.073s][info][gc             ] GC(17) Pause Young (Allocation Failure) 297M->98M(960M) 13.979ms
[46.073s][info][gc,cpu         ] GC(17) User=0.09s Sys=0.00s Real=0.02s
[47.315s][info][gc,start       ] GC(18) Pause Young (Allocation Failure)
[47.318s][info][gc,heap        ] GC(18) PSYoungGen: 237089K(283648K)->7723K(287744K) Eden: 218624K(218624K)->0K(225792K) From: 18465K(65024K)->7723K(61952K)
[47.318s][info][gc,heap        ] GC(18) ParOldGen: 82760K(699392K)->83440K(699392K)
[47.318s][info][gc,metaspace   ] GC(18) Metaspace: 35165K(35776K)->35165K(35776K) NonClass: 32336K(32704K)->32336K(32704K) Class: 2829K(3072K)->2829K(3072K)
[47.318s][info][gc             ] GC(18) Pause Young (Allocation Failure) 312M->89M(964M) 3.296ms
[47.318s][info][gc,cpu         ] GC(18) User=0.00s Sys=0.00s Real=0.00s
[48.194s][info][gc,start       ] GC(19) Pause Young (Allocation Failure)
[48.198s][info][gc,heap        ] GC(19) PSYoungGen: 233515K(287744K)->6767K(287232K) Eden: 225792K(225792K)->0K(225792K) From: 7723K(61952K)->6767K(61440K)
[48.198s][info][gc,heap        ] GC(19) ParOldGen: 83440K(699392K)->86742K(699392K)
[48.198s][info][gc,metaspace   ] GC(19) Metaspace: 36164K(36736K)->36164K(36736K) NonClass: 33224K(33536K)->33224K(33536K) Class: 2939K(3200K)->2939K(3200K)
[48.198s][info][gc             ] GC(19) Pause Young (Allocation Failure) 309M->91M(963M) 4.308ms
[48.198s][info][gc,cpu         ] GC(19) User=0.00s Sys=0.00s Real=0.02s
[48.500s][info][gc,start       ] GC(20) Pause Young (Allocation Failure)
[48.504s][info][gc,heap        ] GC(20) PSYoungGen: 232559K(287232K)->2108K(289792K) Eden: 225792K(225792K)->0K(229376K) From: 6767K(61440K)->2108K(60416K)
[48.504s][info][gc,heap        ] GC(20) ParOldGen: 86742K(699392K)->93441K(699392K)
[48.504s][info][gc,metaspace   ] GC(20) Metaspace: 37682K(38144K)->37682K(38144K) NonClass: 34624K(34880K)->34624K(34880K) Class: 3058K(3264K)->3058K(3264K)
[48.504s][info][gc             ] GC(20) Pause Young (Allocation Failure) 311M->93M(966M) 3.831ms
[48.504s][info][gc,cpu         ] GC(20) User=0.00s Sys=0.00s Real=0.00s
[48.771s][info][gc,start       ] GC(21) Pause Young (Allocation Failure)
[48.774s][info][gc,heap        ] GC(21) PSYoungGen: 230920K(289792K)->2176K(288768K) Eden: 228811K(229376K)->0K(229376K) From: 2108K(60416K)->2176K(59392K)
[48.774s][info][gc,heap        ] GC(21) ParOldGen: 93441K(699392K)->95503K(699392K)
[48.774s][info][gc,metaspace   ] GC(21) Metaspace: 37813K(38272K)->37813K(38272K) NonClass: 34753K(35008K)->34753K(35008K) Class: 3059K(3264K)->3059K(3264K)
[48.774s][info][gc             ] GC(21) Pause Young (Allocation Failure) 316M->95M(965M) 2.931ms
[48.774s][info][gc,cpu         ] GC(21) User=0.00s Sys=0.00s Real=0.00s
[49.044s][info][gc,start       ] GC(22) Pause Young (Allocation Failure)
[49.047s][info][gc,heap        ] GC(22) PSYoungGen: 230553K(288768K)->3405K(292352K) Eden: 228376K(229376K)->0K(233984K) From: 2176K(59392K)->3405K(58368K)
[49.047s][info][gc,heap        ] GC(22) ParOldGen: 95503K(699392K)->97615K(699392K)
[49.047s][info][gc,metaspace   ] GC(22) Metaspace: 37906K(38464K)->37906K(38464K) NonClass: 34846K(35200K)->34846K(35200K) Class: 3059K(3264K)->3059K(3264K)
[49.047s][info][gc             ] GC(22) Pause Young (Allocation Failure) 318M->98M(968M) 3.011ms
[49.047s][info][gc,cpu         ] GC(22) User=0.08s Sys=0.02s Real=0.00s
[49.353s][info][gc,start       ] GC(23) Pause Young (Allocation Failure)
[49.357s][info][gc,heap        ] GC(23) PSYoungGen: 237389K(292352K)->6919K(290816K) Eden: 233984K(233984K)->0K(233984K) From: 3405K(58368K)->6919K(56832K)
[49.357s][info][gc,heap        ] GC(23) ParOldGen: 97615K(699392K)->100929K(699392K)
[49.357s][info][gc,metaspace   ] GC(23) Metaspace: 38011K(38528K)->38011K(38528K) NonClass: 34951K(35264K)->34951K(35264K) Class: 3059K(3264K)->3059K(3264K)
[49.357s][info][gc             ] GC(23) Pause Young (Allocation Failure) 327M->105M(967M) 3.915ms
[49.357s][info][gc,cpu         ] GC(23) User=0.00s Sys=0.00s Real=0.00s
[49.700s][info][gc,start       ] GC(24) Pause Young (Allocation Failure)
[49.707s][info][gc,heap        ] GC(24) PSYoungGen: 240903K(290816K)->7979K(297472K) Eden: 233984K(233984K)->0K(243200K) From: 6919K(56832K)->7979K(54272K)
[49.707s][info][gc,heap        ] GC(24) ParOldGen: 100929K(699392K)->107841K(699392K)
[49.707s][info][gc,metaspace   ] GC(24) Metaspace: 38069K(38592K)->38069K(38592K) NonClass: 35007K(35328K)->35007K(35328K) Class: 3062K(3264K)->3062K(3264K)
[49.707s][info][gc             ] GC(24) Pause Young (Allocation Failure) 333M->113M(973M) 7.109ms
[49.707s][info][gc,cpu         ] GC(24) User=0.08s Sys=0.02s Real=0.01s
[50.043s][info][gc,start       ] GC(25) Pause Young (Allocation Failure)
[50.051s][info][gc,heap        ] GC(25) PSYoungGen: 250448K(297472K)->7963K(294912K) Eden: 242468K(243200K)->0K(243200K) From: 7979K(54272K)->7963K(51712K)
[50.051s][info][gc,heap        ] GC(25) ParOldGen: 107841K(699392K)->115883K(699392K)
[50.051s][info][gc,metaspace   ] GC(25) Metaspace: 38094K(38656K)->38094K(38656K) NonClass: 35032K(35392K)->35032K(35392K) Class: 3062K(3264K)->3062K(3264K)
[50.051s][info][gc             ] GC(25) Pause Young (Allocation Failure) 349M->120M(971M) 7.574ms
[50.051s][info][gc,cpu         ] GC(25) User=0.09s Sys=0.00s Real=0.02s
[51.113s][info][gc,start       ] GC(26) Pause Young (Allocation Failure)
[51.120s][info][gc,heap        ] GC(26) PSYoungGen: 251163K(294912K)->8202K(302592K) Eden: 243200K(243200K)->0K(253440K) From: 7963K(51712K)->8202K(49152K)
[51.120s][info][gc,heap        ] GC(26) ParOldGen: 115883K(699392K)->123803K(699392K)
[51.120s][info][gc,metaspace   ] GC(26) Metaspace: 39058K(39616K)->39058K(39616K) NonClass: 35911K(36224K)->35911K(36224K) Class: 3147K(3392K)->3147K(3392K)
[51.120s][info][gc             ] GC(26) Pause Young (Allocation Failure) 358M->128M(978M) 7.080ms
[51.120s][info][gc,cpu         ] GC(26) User=0.00s Sys=0.00s Real=0.01s
[51.609s][info][gc,start       ] GC(27) Pause Young (Allocation Failure)
[51.614s][info][gc,heap        ] GC(27) PSYoungGen: 261642K(302592K)->4209K(300032K) Eden: 253440K(253440K)->0K(253440K) From: 8202K(49152K)->4209K(46592K)
[51.614s][info][gc,heap        ] GC(27) ParOldGen: 123803K(699392K)->130853K(699392K)
[51.614s][info][gc,metaspace   ] GC(27) Metaspace: 39220K(39808K)->39220K(39808K) NonClass: 36064K(36416K)->36064K(36416K) Class: 3156K(3392K)->3156K(3392K)
[51.614s][info][gc             ] GC(27) Pause Young (Allocation Failure) 376M->131M(976M) 4.410ms
[51.614s][info][gc,cpu         ] GC(27) User=0.00s Sys=0.00s Real=0.01s
[52.005s][info][gc,start       ] GC(28) Pause Young (Allocation Failure)
[52.006s][info][gc,heap        ] GC(28) PSYoungGen: 257649K(300032K)->1216K(305664K) Eden: 253440K(253440K)->0K(260608K) From: 4209K(46592K)->1216K(45056K)
[52.006s][info][gc,heap        ] GC(28) ParOldGen: 130853K(699392K)->131142K(699392K)
[52.006s][info][gc,metaspace   ] GC(28) Metaspace: 39244K(39808K)->39244K(39808K) NonClass: 36087K(36416K)->36087K(36416K) Class: 3156K(3392K)->3156K(3392K)
[52.006s][info][gc             ] GC(28) Pause Young (Allocation Failure) 379M->129M(981M) 1.636ms
[52.006s][info][gc,cpu         ] GC(28) User=0.00s Sys=0.00s Real=0.00s
[52.381s][info][gc,start       ] GC(29) Pause Young (Allocation Failure)
[52.384s][info][gc,heap        ] GC(29) PSYoungGen: 261824K(305664K)->4803K(304128K) Eden: 260608K(260608K)->0K(260608K) From: 1216K(45056K)->4803K(43520K)
[52.384s][info][gc,heap        ] GC(29) ParOldGen: 131142K(699392K)->131166K(699392K)
[52.384s][info][gc,metaspace   ] GC(29) Metaspace: 39281K(39872K)->39281K(39872K) NonClass: 36124K(36480K)->36124K(36480K) Class: 3156K(3392K)->3156K(3392K)
[52.384s][info][gc             ] GC(29) Pause Young (Allocation Failure) 383M->132M(980M) 2.746ms
[52.384s][info][gc,cpu         ] GC(29) User=0.00s Sys=0.00s Real=0.00s
[52.785s][info][gc,start       ] GC(30) Pause Young (CodeCache GC Threshold)
[52.786s][info][gc,heap        ] GC(30) PSYoungGen: 93332K(304128K)->1570K(309248K) Eden: 88528K(260608K)->0K(267776K) From: 4803K(43520K)->1570K(41472K)
[52.786s][info][gc,heap        ] GC(30) ParOldGen: 131166K(699392K)->131266K(699392K)
[52.786s][info][gc,metaspace   ] GC(30) Metaspace: 40066K(40576K)->40066K(40576K) NonClass: 36808K(37120K)->36808K(37120K) Class: 3257K(3456K)->3257K(3456K)
[52.786s][info][gc             ] GC(30) Pause Young (CodeCache GC Threshold) 219M->129M(985M) 1.517ms
[52.786s][info][gc,cpu         ] GC(30) User=0.00s Sys=0.00s Real=0.01s
[52.786s][info][gc,start       ] GC(31) Pause Full (CodeCache GC Threshold)
[52.786s][info][gc,phases,start] GC(31) Marking Phase
[52.827s][info][gc,phases      ] GC(31) Marking Phase 40.737ms
[52.827s][info][gc,phases,start] GC(31) Summary Phase
[52.827s][info][gc,phases      ] GC(31) Summary Phase 0.015ms
[52.827s][info][gc,phases,start] GC(31) Adjust Roots
[52.840s][info][gc,phases      ] GC(31) Adjust Roots 13.262ms
[52.840s][info][gc,phases,start] GC(31) Compaction Phase
[52.849s][info][gc,phases      ] GC(31) Compaction Phase 8.876ms
[52.849s][info][gc,phases,start] GC(31) Post Compact
[52.850s][info][gc,phases      ] GC(31) Post Compact 0.970ms
[52.850s][info][gc,heap        ] GC(31) PSYoungGen: 1570K(309248K)->0K(309248K) Eden: 0K(267776K)->0K(267776K) From: 1570K(41472K)->0K(41472K)
[52.850s][info][gc,heap        ] GC(31) ParOldGen: 131266K(699392K)->30875K(699392K)
[52.850s][info][gc,metaspace   ] GC(31) Metaspace: 40066K(40576K)->40066K(40576K) NonClass: 36808K(37120K)->36808K(37120K) Class: 3257K(3456K)->3257K(3456K)
[52.850s][info][gc             ] GC(31) Pause Full (CodeCache GC Threshold) 129M->30M(985M) 64.171ms
[52.850s][info][gc,cpu         ] GC(31) User=0.16s Sys=0.02s Real=0.06s
[53.680s][info][gc,start       ] GC(32) Pause Young (Allocation Failure)
[53.683s][info][gc,heap        ] GC(32) PSYoungGen: 267776K(309248K)->10095K(307712K) Eden: 267776K(267776K)->0K(267776K) From: 0K(41472K)->10095K(39936K)
[53.683s][info][gc,heap        ] GC(32) ParOldGen: 30875K(699392K)->30875K(699392K)
[53.683s][info][gc,metaspace   ] GC(32) Metaspace: 40233K(40768K)->40233K(40768K) NonClass: 36975K(37312K)->36975K(37312K) Class: 3257K(3456K)->3257K(3456K)
[53.684s][info][gc             ] GC(32) Pause Young (Allocation Failure) 291M->40M(983M) 3.429ms
[53.684s][info][gc,cpu         ] GC(32) User=0.00s Sys=0.00s Real=0.01s
[54.971s][info][gc,start       ] GC(33) Pause Young (Allocation Failure)
[54.974s][info][gc,heap        ] GC(33) PSYoungGen: 277871K(307712K)->4791K(313856K) Eden: 267776K(267776K)->0K(276480K) From: 10095K(39936K)->4791K(37376K)
[54.974s][info][gc,heap        ] GC(33) ParOldGen: 30875K(699392K)->33424K(699392K)
[54.974s][info][gc,metaspace   ] GC(33) Metaspace: 40604K(41216K)->40604K(41216K) NonClass: 37330K(37696K)->37330K(37696K) Class: 3274K(3520K)->3274K(3520K)
[54.974s][info][gc             ] GC(33) Pause Young (Allocation Failure) 301M->37M(989M) 2.405ms
[54.974s][info][gc,cpu         ] GC(33) User=0.00s Sys=0.00s Real=0.00s
[55.823s][info][gc,start       ] GC(34) Pause Young (Allocation Failure)
[55.834s][info][gc,heap        ] GC(34) PSYoungGen: 281271K(313856K)->24479K(301056K) Eden: 276480K(276480K)->0K(276480K) From: 4791K(37376K)->24479K(24576K)
[55.835s][info][gc,heap        ] GC(34) ParOldGen: 33424K(699392K)->33800K(699392K)
[55.835s][info][gc,metaspace   ] GC(34) Metaspace: 40891K(41472K)->40891K(41472K) NonClass: 37603K(37952K)->37603K(37952K) Class: 3288K(3520K)->3288K(3520K)
[55.835s][info][gc             ] GC(34) Pause Young (Allocation Failure) 307M->56M(977M) 11.148ms
[55.835s][info][gc,cpu         ] GC(34) User=0.09s Sys=0.00s Real=0.01s
[56.309s][info][gc,start       ] GC(35) Pause Young (Allocation Failure)
[56.332s][info][gc,heap        ] GC(35) PSYoungGen: 300959K(301056K)->31192K(301568K) Eden: 276480K(276480K)->0K(263168K) From: 24479K(24576K)->31192K(38400K)
[56.332s][info][gc,heap        ] GC(35) ParOldGen: 33800K(699392K)->57386K(699392K)
[56.332s][info][gc,metaspace   ] GC(35) Metaspace: 40896K(41472K)->40896K(41472K) NonClass: 37608K(37952K)->37608K(37952K) Class: 3288K(3520K)->3288K(3520K)
[56.332s][info][gc             ] GC(35) Pause Young (Allocation Failure) 326M->86M(977M) 23.020ms
[56.332s][info][gc,cpu         ] GC(35) User=0.19s Sys=0.00s Real=0.02s
[56.794s][info][gc,start       ] GC(36) Pause Young (Allocation Failure)
[56.823s][info][gc,heap        ] GC(36) PSYoungGen: 294360K(301568K)->29904K(293376K) Eden: 263168K(263168K)->0K(263168K) From: 31192K(38400K)->29904K(30208K)
[56.823s][info][gc,heap        ] GC(36) ParOldGen: 57386K(699392K)->86762K(699392K)
[56.823s][info][gc,metaspace   ] GC(36) Metaspace: 40897K(41472K)->40897K(41472K) NonClass: 37608K(37952K)->37608K(37952K) Class: 3288K(3520K)->3288K(3520K)
[56.823s][info][gc             ] GC(36) Pause Young (Allocation Failure) 343M->113M(969M) 29.083ms
[56.823s][info][gc,cpu         ] GC(36) User=0.19s Sys=0.00s Real=0.03s
[58.385s][info][gc,start       ] GC(37) Pause Young (System.gc())
[58.406s][info][gc,heap        ] GC(37) PSYoungGen: 202747K(293376K)->12304K(305664K) Eden: 172843K(263168K)->0K(259072K) From: 29904K(30208K)->12304K(46592K)
[58.406s][info][gc,heap        ] GC(37) ParOldGen: 86762K(699392K)->116811K(699392K)
[58.406s][info][gc,metaspace   ] GC(37) Metaspace: 40990K(41536K)->40990K(41536K) NonClass: 37697K(38016K)->37697K(38016K) Class: 3293K(3520K)->3293K(3520K)
[58.406s][info][gc             ] GC(37) Pause Young (System.gc()) 282M->126M(981M) 21.236ms
[58.406s][info][gc,cpu         ] GC(37) User=0.16s Sys=0.02s Real=0.03s
[58.406s][info][gc,start       ] GC(38) Pause Full (System.gc())
[58.406s][info][gc,phases,start] GC(38) Marking Phase
[58.443s][info][gc,phases      ] GC(38) Marking Phase 36.964ms
[58.443s][info][gc,phases,start] GC(38) Summary Phase
[58.443s][info][gc,phases      ] GC(38) Summary Phase 0.011ms
[58.443s][info][gc,phases,start] GC(38) Adjust Roots
[58.455s][info][gc,phases      ] GC(38) Adjust Roots 11.547ms
[58.455s][info][gc,phases,start] GC(38) Compaction Phase
[58.463s][info][gc,phases      ] GC(38) Compaction Phase 7.968ms
[58.463s][info][gc,phases,start] GC(38) Post Compact
[58.464s][info][gc,phases      ] GC(38) Post Compact 1.104ms
[58.464s][info][gc,heap        ] GC(38) PSYoungGen: 12304K(305664K)->0K(305664K) Eden: 0K(259072K)->0K(259072K) From: 12304K(46592K)->0K(46592K)
[58.464s][info][gc,heap        ] GC(38) ParOldGen: 116811K(699392K)->21378K(699392K)
[58.464s][info][gc,metaspace   ] GC(38) Metaspace: 40990K(41536K)->40990K(41536K) NonClass: 37697K(38016K)->37697K(38016K) Class: 3293K(3520K)->3293K(3520K)
[58.464s][info][gc             ] GC(38) Pause Full (System.gc()) 126M->20M(981M) 57.886ms
[58.464s][info][gc,cpu         ] GC(38) User=0.05s Sys=0.00s Real=0.06s
[64.864s][info][gc,start       ] GC(39) Pause Young (Allocation Failure)
[64.865s][info][gc,heap        ] GC(39) PSYoungGen: 259072K(305664K)->2390K(302592K) Eden: 259072K(259072K)->0K(259072K) From: 0K(46592K)->2390K(43520K)
[64.865s][info][gc,heap        ] GC(39) ParOldGen: 21378K(699392K)->21386K(699392K)
[64.865s][info][gc,metaspace   ] GC(39) Metaspace: 41181K(41728K)->41181K(41728K) NonClass: 37887K(38208K)->37887K(38208K) Class: 3293K(3520K)->3293K(3520K)
[64.865s][info][gc             ] GC(39) Pause Young (Allocation Failure) 273M->23M(978M) 1.482ms
[64.865s][info][gc,cpu         ] GC(39) User=0.00s Sys=0.00s Real=0.00s
[79.531s][info][gc,start       ] GC(40) Pause Young (Allocation Failure)
[79.534s][info][gc,heap        ] GC(40) PSYoungGen: 261462K(302592K)->3574K(307712K) Eden: 259072K(259072K)->0K(264704K) From: 2390K(43520K)->3574K(43008K)
[79.534s][info][gc,heap        ] GC(40) ParOldGen: 21386K(699392K)->22349K(699392K)
[79.534s][info][gc,metaspace   ] GC(40) Metaspace: 41195K(41728K)->41195K(41728K) NonClass: 37901K(38208K)->37901K(38208K) Class: 3294K(3520K)->3294K(3520K)
[79.534s][info][gc             ] GC(40) Pause Young (Allocation Failure) 276M->25M(983M) 2.766ms
[79.534s][info][gc,cpu         ] GC(40) User=0.00s Sys=0.00s Real=0.00s
[81.331s][info][gc,start       ] GC(41) Pause Young (Allocation Failure)
[81.333s][info][gc,heap        ] GC(41) PSYoungGen: 268278K(307712K)->1051K(306176K) Eden: 264704K(264704K)->0K(264704K) From: 3574K(43008K)->1051K(41472K)
[81.333s][info][gc,heap        ] GC(41) ParOldGen: 22349K(699392K)->25715K(699392K)
[81.333s][info][gc,metaspace   ] GC(41) Metaspace: 41196K(41728K)->41196K(41728K) NonClass: 37901K(38208K)->37901K(38208K) Class: 3294K(3520K)->3294K(3520K)
[81.333s][info][gc             ] GC(41) Pause Young (Allocation Failure) 283M->26M(982M) 1.645ms
[81.333s][info][gc,cpu         ] GC(41) User=0.00s Sys=0.00s Real=0.00s
[83.785s][info][gc,start       ] GC(42) Pause Young (Allocation Failure)
[83.788s][info][gc,heap        ] GC(42) PSYoungGen: 265755K(306176K)->7884K(311296K) Eden: 264704K(264704K)->0K(270848K) From: 1051K(41472K)->7884K(40448K)
[83.788s][info][gc,heap        ] GC(42) ParOldGen: 25715K(699392K)->25860K(699392K)
[83.788s][info][gc,metaspace   ] GC(42) Metaspace: 41231K(41792K)->41231K(41792K) NonClass: 37936K(38272K)->37936K(38272K) Class: 3294K(3520K)->3294K(3520K)
[83.788s][info][gc             ] GC(42) Pause Young (Allocation Failure) 284M->32M(987M) 2.599ms
[83.788s][info][gc,cpu         ] GC(42) User=0.00s Sys=0.00s Real=0.00s
[85.934s][info][gc,start       ] GC(43) Pause Young (Allocation Failure)
[85.945s][info][gc,heap        ] GC(43) PSYoungGen: 278732K(311296K)->30900K(295424K) Eden: 270848K(270848K)->0K(264192K) From: 7884K(40448K)->30900K(31232K)
[85.945s][info][gc,heap        ] GC(43) ParOldGen: 25860K(699392K)->30258K(699392K)
[85.945s][info][gc,metaspace   ] GC(43) Metaspace: 41241K(41792K)->41241K(41792K) NonClass: 37947K(38272K)->37947K(38272K) Class: 3294K(3520K)->3294K(3520K)
[85.945s][info][gc             ] GC(43) Pause Young (Allocation Failure) 297M->59M(971M) 11.007ms
[85.945s][info][gc,cpu         ] GC(43) User=0.08s Sys=0.00s Real=0.02s
[87.525s][info][gc,start       ] GC(44) Pause Young (Allocation Failure)
[87.526s][info][gc,heap        ] GC(44) PSYoungGen: 295092K(295424K)->4252K(307712K) Eden: 264192K(264192K)->0K(264704K) From: 30900K(31232K)->4252K(43008K)
[87.526s][info][gc,heap        ] GC(44) ParOldGen: 30258K(699392K)->31274K(699392K)
[87.526s][info][gc,metaspace   ] GC(44) Metaspace: 41279K(41856K)->41279K(41856K) NonClass: 37984K(38336K)->37984K(38336K) Class: 3294K(3520K)->3294K(3520K)
[87.526s][info][gc             ] GC(44) Pause Young (Allocation Failure) 317M->34M(983M) 1.640ms
[87.526s][info][gc,cpu         ] GC(44) User=0.00s Sys=0.00s Real=0.00s
[88.844s][info][gc,start       ] GC(45) Pause Young (Allocation Failure)
[88.857s][info][gc,heap        ] GC(45) PSYoungGen: 268949K(307712K)->41462K(300032K) Eden: 264696K(264704K)->0K(258560K) From: 4252K(43008K)->41462K(41472K)
[88.857s][info][gc,heap        ] GC(45) ParOldGen: 31274K(699392K)->40722K(699392K)
[88.857s][info][gc,metaspace   ] GC(45) Metaspace: 41316K(41856K)->41316K(41856K) NonClass: 38022K(38336K)->38022K(38336K) Class: 3294K(3520K)->3294K(3520K)
[88.857s][info][gc             ] GC(45) Pause Young (Allocation Failure) 293M->80M(976M) 12.798ms
[88.857s][info][gc,cpu         ] GC(45) User=0.00s Sys=0.00s Real=0.02s
[90.075s][info][gc,start       ] GC(46) Pause Young (Allocation Failure)
[90.082s][info][gc,heap        ] GC(46) PSYoungGen: 300022K(300032K)->13812K(292864K) Eden: 258560K(258560K)->0K(249856K) From: 41462K(41472K)->13812K(43008K)
[90.082s][info][gc,heap        ] GC(46) ParOldGen: 40722K(699392K)->44851K(699392K)
[90.082s][info][gc,metaspace   ] GC(46) Metaspace: 41329K(41856K)->41329K(41856K) NonClass: 38035K(38336K)->38035K(38336K) Class: 3294K(3520K)->3294K(3520K)
[90.082s][info][gc             ] GC(46) Pause Young (Allocation Failure) 332M->57M(969M) 6.448ms
[90.082s][info][gc,cpu         ] GC(46) User=0.09s Sys=0.00s Real=0.02s
[90.757s][info][gc,start       ] GC(47) Pause Young (Allocation Failure)
[90.762s][info][gc,heap        ] GC(47) PSYoungGen: 262355K(292864K)->6475K(299520K) Eden: 248543K(249856K)->0K(249856K) From: 13812K(43008K)->6475K(49664K)
[90.762s][info][gc,heap        ] GC(47) ParOldGen: 44851K(699392K)->55215K(699392K)
[90.762s][info][gc,metaspace   ] GC(47) Metaspace: 41398K(41984K)->41398K(41984K) NonClass: 38103K(38464K)->38103K(38464K) Class: 3294K(3520K)->3294K(3520K)
[90.762s][info][gc             ] GC(47) Pause Young (Allocation Failure) 300M->60M(975M) 5.050ms
[90.762s][info][gc,cpu         ] GC(47) User=0.00s Sys=0.00s Real=0.02s
[91.007s][info][gc,start       ] GC(48) Pause Young (Allocation Failure)
[91.011s][info][gc,heap        ] GC(48) PSYoungGen: 255204K(299520K)->2300K(302592K) Eden: 248728K(249856K)->0K(254976K) From: 6475K(49664K)->2300K(47616K)
[91.011s][info][gc,heap        ] GC(48) ParOldGen: 55215K(699392K)->61598K(699392K)
[91.011s][info][gc,metaspace   ] GC(48) Metaspace: 41398K(41984K)->41398K(41984K) NonClass: 38103K(38464K)->38103K(38464K) Class: 3294K(3520K)->3294K(3520K)
[91.011s][info][gc             ] GC(48) Pause Young (Allocation Failure) 303M->62M(978M) 3.660ms
[91.011s][info][gc,cpu         ] GC(48) User=0.00s Sys=0.00s Real=0.00s
[91.273s][info][gc,start       ] GC(49) Pause Young (Allocation Failure)
[91.275s][info][gc,heap        ] GC(49) PSYoungGen: 257224K(302592K)->3344K(301568K) Eden: 254923K(254976K)->0K(254976K) From: 2300K(47616K)->3344K(46592K)
[91.275s][info][gc,heap        ] GC(49) ParOldGen: 61598K(699392K)->63786K(699392K)
[91.275s][info][gc,metaspace   ] GC(49) Metaspace: 41401K(41984K)->41401K(41984K) NonClass: 38106K(38464K)->38106K(38464K) Class: 3294K(3520K)->3294K(3520K)
[91.275s][info][gc             ] GC(49) Pause Young (Allocation Failure) 311M->65M(977M) 2.202ms
[91.275s][info][gc,cpu         ] GC(49) User=0.00s Sys=0.00s Real=0.00s
[91.560s][info][gc,start       ] GC(50) Pause Young (Allocation Failure)
[91.564s][info][gc,heap        ] GC(50) PSYoungGen: 258273K(301568K)->7544K(306688K) Eden: 254928K(254976K)->0K(261632K) From: 3344K(46592K)->7544K(45056K)
[91.564s][info][gc,heap        ] GC(50) ParOldGen: 63786K(699392K)->67007K(699392K)
[91.564s][info][gc,metaspace   ] GC(50) Metaspace: 41413K(41984K)->41413K(41984K) NonClass: 38119K(38464K)->38119K(38464K) Class: 3294K(3520K)->3294K(3520K)
[91.564s][info][gc             ] GC(50) Pause Young (Allocation Failure) 314M->72M(982M) 4.470ms
[91.564s][info][gc,cpu         ] GC(50) User=0.09s Sys=0.00s Real=0.01s
[91.848s][info][gc,start       ] GC(51) Pause Young (Allocation Failure)
[91.853s][info][gc,heap        ] GC(51) PSYoungGen: 267733K(306688K)->6094K(304128K) Eden: 260188K(261632K)->0K(261632K) From: 7544K(45056K)->6094K(42496K)
[91.853s][info][gc,heap        ] GC(51) ParOldGen: 67007K(699392K)->72711K(699392K)
[91.853s][info][gc,metaspace   ] GC(51) Metaspace: 41423K(41984K)->41423K(41984K) NonClass: 38128K(38464K)->38128K(38464K) Class: 3294K(3520K)->3294K(3520K)
[91.853s][info][gc             ] GC(51) Pause Young (Allocation Failure) 326M->76M(980M) 5.224ms
[91.853s][info][gc,cpu         ] GC(51) User=0.00s Sys=0.00s Real=0.00s
[92.179s][info][gc,start       ] GC(52) Pause Young (Allocation Failure)
[92.184s][info][gc,heap        ] GC(52) PSYoungGen: 267666K(304128K)->8889K(311296K) Eden: 261571K(261632K)->0K(270848K) From: 6094K(42496K)->8889K(40448K)
[92.184s][info][gc,heap        ] GC(52) ParOldGen: 72711K(699392K)->78815K(699392K)
[92.184s][info][gc,metaspace   ] GC(52) Metaspace: 41426K(41984K)->41426K(41984K) NonClass: 38131K(38464K)->38131K(38464K) Class: 3294K(3520K)->3294K(3520K)
[92.184s][info][gc             ] GC(52) Pause Young (Allocation Failure) 332M->85M(987M) 5.259ms
[92.184s][info][gc,cpu         ] GC(52) User=0.00s Sys=0.00s Real=0.01s
[92.781s][info][gc,start       ] GC(53) Pause Young (Allocation Failure)
[92.788s][info][gc,heap        ] GC(53) PSYoungGen: 279737K(311296K)->13080K(308736K) Eden: 270848K(270848K)->0K(270848K) From: 8889K(40448K)->13080K(37888K)
[92.788s][info][gc,heap        ] GC(53) ParOldGen: 78815K(699392K)->85613K(699392K)
[92.788s][info][gc,metaspace   ] GC(53) Metaspace: 41482K(42048K)->41482K(42048K) NonClass: 38187K(38528K)->38187K(38528K) Class: 3294K(3520K)->3294K(3520K)
[92.788s][info][gc             ] GC(53) Pause Young (Allocation Failure) 350M->96M(984M) 7.659ms
[92.788s][info][gc,cpu         ] GC(53) User=0.00s Sys=0.00s Real=0.01s
[93.209s][info][gc,start       ] GC(54) Pause Young (Allocation Failure)
[93.214s][info][gc,heap        ] GC(54) PSYoungGen: 283928K(308736K)->4485K(314368K) Eden: 270848K(270848K)->0K(278016K) From: 13080K(37888K)->4485K(36352K)
[93.215s][info][gc,heap        ] GC(54) ParOldGen: 85613K(699392K)->98583K(699392K)
[93.215s][info][gc,metaspace   ] GC(54) Metaspace: 41501K(42112K)->41501K(42112K) NonClass: 38207K(38592K)->38207K(38592K) Class: 3294K(3520K)->3294K(3520K)
[93.215s][info][gc             ] GC(54) Pause Young (Allocation Failure) 360M->100M(990M) 5.833ms
[93.215s][info][gc,cpu         ] GC(54) User=0.00s Sys=0.00s Real=0.01s
[93.620s][info][gc,start       ] GC(55) Pause Young (Allocation Failure)
[93.621s][info][gc,heap        ] GC(55) PSYoungGen: 282501K(314368K)->282K(312832K) Eden: 278016K(278016K)->0K(278016K) From: 4485K(36352K)->282K(34816K)
[93.622s][info][gc,heap        ] GC(55) ParOldGen: 98583K(699392K)->98792K(699392K)
[93.622s][info][gc,metaspace   ] GC(55) Metaspace: 41510K(42112K)->41510K(42112K) NonClass: 38216K(38592K)->38216K(38592K) Class: 3294K(3520K)->3294K(3520K)
[93.622s][info][gc             ] GC(55) Pause Young (Allocation Failure) 372M->96M(988M) 1.124ms
[93.622s][info][gc,cpu         ] GC(55) User=0.00s Sys=0.00s Real=0.00s
[93.992s][info][gc,start       ] GC(56) Pause Young (Allocation Failure)
[93.995s][info][gc,heap        ] GC(56) PSYoungGen: 278298K(312832K)->4376K(316416K) Eden: 278016K(278016K)->0K(282112K) From: 282K(34816K)->4376K(34304K)
[93.995s][info][gc,heap        ] GC(56) ParOldGen: 98792K(699392K)->98792K(699392K)
[93.995s][info][gc,metaspace   ] GC(56) Metaspace: 41511K(42112K)->41511K(42112K) NonClass: 38216K(38592K)->38216K(38592K) Class: 3294K(3520K)->3294K(3520K)
[93.995s][info][gc             ] GC(56) Pause Young (Allocation Failure) 368M->100M(992M) 2.452ms
[93.995s][info][gc,cpu         ] GC(56) User=0.00s Sys=0.00s Real=0.00s
[94.475s][info][gc,start       ] GC(57) Pause Young (Allocation Failure)
[94.478s][info][gc,heap        ] GC(57) PSYoungGen: 286488K(316416K)->8075K(314880K) Eden: 282112K(282112K)->0K(282112K) From: 4376K(34304K)->8075K(32768K)
[94.478s][info][gc,heap        ] GC(57) ParOldGen: 98792K(699392K)->98848K(699392K)
[94.478s][info][gc,metaspace   ] GC(57) Metaspace: 41517K(42112K)->41517K(42112K) NonClass: 38222K(38592K)->38222K(38592K) Class: 3294K(3520K)->3294K(3520K)
[94.478s][info][gc             ] GC(57) Pause Young (Allocation Failure) 376M->104M(990M) 3.292ms
[94.478s][info][gc,cpu         ] GC(57) User=0.00s Sys=0.00s Real=0.01s
[95.415s][info][gc,start       ] GC(58) Pause Young (Allocation Failure)
[95.416s][info][gc,heap        ] GC(58) PSYoungGen: 290187K(314880K)->2884K(320000K) Eden: 282112K(282112K)->0K(289280K) From: 8075K(32768K)->2884K(30720K)
[95.416s][info][gc,heap        ] GC(58) ParOldGen: 98848K(699392K)->99008K(699392K)
[95.416s][info][gc,metaspace   ] GC(58) Metaspace: 41572K(42112K)->41572K(42112K) NonClass: 38278K(38592K)->38278K(38592K) Class: 3294K(3520K)->3294K(3520K)
[95.416s][info][gc             ] GC(58) Pause Young (Allocation Failure) 379M->99M(995M) 1.648ms
[95.416s][info][gc,cpu         ] GC(58) User=0.00s Sys=0.00s Real=0.00s
[96.391s][info][gc,start       ] GC(59) Pause Young (Allocation Failure)
[96.403s][info][gc,heap        ] GC(59) PSYoungGen: 292164K(320000K)->23930K(313344K) Eden: 289280K(289280K)->0K(289280K) From: 2884K(30720K)->23930K(24064K)
[96.403s][info][gc,heap        ] GC(59) ParOldGen: 99008K(699392K)->101669K(699392K)
[96.403s][info][gc,metaspace   ] GC(59) Metaspace: 41647K(42176K)->41647K(42176K) NonClass: 38352K(38656K)->38352K(38656K) Class: 3294K(3520K)->3294K(3520K)
[96.403s][info][gc             ] GC(59) Pause Young (Allocation Failure) 382M->122M(989M) 11.188ms
[96.403s][info][gc,cpu         ] GC(59) User=0.00s Sys=0.00s Real=0.01s
[96.878s][info][gc,start       ] GC(60) Pause Young (Allocation Failure)
[96.901s][info][gc,heap        ] GC(60) PSYoungGen: 313210K(313344K)->32856K(303616K) Eden: 289280K(289280K)->0K(270336K) From: 23930K(24064K)->32856K(33280K)
[96.901s][info][gc,heap        ] GC(60) ParOldGen: 101669K(699392K)->124687K(699392K)
[96.901s][info][gc,metaspace   ] GC(60) Metaspace: 41648K(42176K)->41648K(42176K) NonClass: 38353K(38656K)->38353K(38656K) Class: 3294K(3520K)->3294K(3520K)
[96.901s][info][gc             ] GC(60) Pause Young (Allocation Failure) 405M->153M(979M) 23.626ms
[96.901s][info][gc,cpu         ] GC(60) User=0.09s Sys=0.00s Real=0.03s
[97.374s][info][gc,start       ] GC(61) Pause Young (Allocation Failure)
[97.402s][info][gc,heap        ] GC(61) PSYoungGen: 303192K(303616K)->30800K(301568K) Eden: 270336K(270336K)->0K(270336K) From: 32856K(33280K)->30800K(31232K)
[97.402s][info][gc,heap        ] GC(61) ParOldGen: 124687K(699392K)->155719K(699392K)
[97.402s][info][gc,metaspace   ] GC(61) Metaspace: 41648K(42176K)->41648K(42176K) NonClass: 38353K(38656K)->38353K(38656K) Class: 3294K(3520K)->3294K(3520K)
[97.402s][info][gc             ] GC(61) Pause Young (Allocation Failure) 417M->182M(977M) 27.617ms
[97.402s][info][gc,cpu         ] GC(61) User=0.09s Sys=0.00s Real=0.03s
[98.916s][info][gc,start       ] GC(62) Pause Young (System.gc())
[98.935s][info][gc,heap        ] GC(62) PSYoungGen: 190127K(301568K)->11088K(308224K) Eden: 159327K(270336K)->0K(264704K) From: 30800K(31232K)->11088K(43520K)
[98.935s][info][gc,heap        ] GC(62) ParOldGen: 155719K(699392K)->186656K(699392K)
[98.935s][info][gc,metaspace   ] GC(62) Metaspace: 41659K(42176K)->41659K(42176K) NonClass: 38364K(38656K)->38364K(38656K) Class: 3294K(3520K)->3294K(3520K)
[98.935s][info][gc             ] GC(62) Pause Young (System.gc()) 337M->193M(984M) 19.098ms
[98.935s][info][gc,cpu         ] GC(62) User=0.09s Sys=0.00s Real=0.02s
[98.935s][info][gc,start       ] GC(63) Pause Full (System.gc())
[98.935s][info][gc,phases,start] GC(63) Marking Phase
[98.967s][info][gc,phases      ] GC(63) Marking Phase 32.121ms
[98.967s][info][gc,phases,start] GC(63) Summary Phase
[98.967s][info][gc,phases      ] GC(63) Summary Phase 0.021ms
[98.967s][info][gc,phases,start] GC(63) Adjust Roots
[98.981s][info][gc,phases      ] GC(63) Adjust Roots 13.243ms
[98.981s][info][gc,phases,start] GC(63) Compaction Phase
[98.988s][info][gc,phases      ] GC(63) Compaction Phase 6.780ms
[98.988s][info][gc,phases,start] GC(63) Post Compact
[98.989s][info][gc,phases      ] GC(63) Post Compact 1.103ms
[98.989s][info][gc,heap        ] GC(63) PSYoungGen: 11088K(308224K)->0K(308224K) Eden: 0K(264704K)->0K(264704K) From: 11088K(43520K)->0K(43520K)
[98.989s][info][gc,heap        ] GC(63) ParOldGen: 186656K(699392K)->21511K(699392K)
[98.989s][info][gc,metaspace   ] GC(63) Metaspace: 41659K(42176K)->41659K(42176K) NonClass: 38364K(38656K)->38364K(38656K) Class: 3294K(3520K)->3294K(3520K)
[98.989s][info][gc             ] GC(63) Pause Full (System.gc()) 193M->21M(984M) 53.538ms
[98.989s][info][gc,cpu         ] GC(63) User=0.28s Sys=0.02s Real=0.05s
[106.500s][info][gc,start       ] GC(64) Pause Young (Allocation Failure)
[106.501s][info][gc,heap        ] GC(64) PSYoungGen: 264704K(308224K)->1968K(305664K) Eden: 264704K(264704K)->0K(264704K) From: 0K(43520K)->1968K(40960K)
[106.501s][info][gc,heap        ] GC(64) ParOldGen: 21511K(699392K)->21519K(699392K)
[106.501s][info][gc,metaspace   ] GC(64) Metaspace: 41763K(42304K)->41763K(42304K) NonClass: 38468K(38784K)->38468K(38784K) Class: 3294K(3520K)->3294K(3520K)
[106.501s][info][gc             ] GC(64) Pause Young (Allocation Failure) 279M->22M(981M) 1.108ms
[106.501s][info][gc,cpu         ] GC(64) User=0.00s Sys=0.00s Real=0.00s
[120.049s][info][gc,start       ] GC(65) Pause Young (Allocation Failure)
[120.052s][info][gc,heap        ] GC(65) PSYoungGen: 266672K(305664K)->4578K(310272K) Eden: 264704K(264704K)->0K(269824K) From: 1968K(40960K)->4578K(40448K)
[120.052s][info][gc,heap        ] GC(65) ParOldGen: 21519K(699392K)->22478K(699392K)
[120.052s][info][gc,metaspace   ] GC(65) Metaspace: 41772K(42304K)->41772K(42304K) NonClass: 38477K(38784K)->38477K(38784K) Class: 3294K(3520K)->3294K(3520K)
[120.052s][info][gc             ] GC(65) Pause Young (Allocation Failure) 281M->26M(986M) 2.775ms
[120.052s][info][gc,cpu         ] GC(65) User=0.00s Sys=0.00s Real=0.00s
[121.999s][info][gc,start       ] GC(66) Pause Young (Allocation Failure)
[122.002s][info][gc,heap        ] GC(66) PSYoungGen: 274402K(310272K)->6577K(308736K) Eden: 269824K(269824K)->0K(269824K) From: 4578K(40448K)->6577K(38912K)
[122.002s][info][gc,heap        ] GC(66) ParOldGen: 22478K(699392K)->25844K(699392K)
[122.002s][info][gc,metaspace   ] GC(66) Metaspace: 41785K(42304K)->41785K(42304K) NonClass: 38491K(38784K)->38491K(38784K) Class: 3294K(3520K)->3294K(3520K)
[122.002s][info][gc             ] GC(66) Pause Young (Allocation Failure) 289M->31M(984M) 2.794ms
[122.002s][info][gc,cpu         ] GC(66) User=0.02s Sys=0.00s Real=0.01s
[124.196s][info][gc,start       ] GC(67) Pause Young (Allocation Failure)
[124.199s][info][gc,heap        ] GC(67) PSYoungGen: 276401K(308736K)->6968K(313856K) Eden: 269824K(269824K)->0K(276480K) From: 6577K(38912K)->6968K(37376K)
[124.199s][info][gc,heap        ] GC(67) ParOldGen: 25844K(699392K)->29510K(699392K)
[124.199s][info][gc,metaspace   ] GC(67) Metaspace: 41816K(42368K)->41816K(42368K) NonClass: 38521K(38848K)->38521K(38848K) Class: 3294K(3520K)->3294K(3520K)
[124.199s][info][gc             ] GC(67) Pause Young (Allocation Failure) 295M->35M(989M) 3.228ms
[124.199s][info][gc,cpu         ] GC(67) User=0.00s Sys=0.00s Real=0.01s
[126.049s][info][gc,start       ] GC(68) Pause Young (Allocation Failure)
[126.060s][info][gc,heap        ] GC(68) PSYoungGen: 283448K(313856K)->33531K(303616K) Eden: 276480K(276480K)->0K(269824K) From: 6968K(37376K)->33531K(33792K)
[126.060s][info][gc,heap        ] GC(68) ParOldGen: 29510K(699392K)->30726K(699392K)
[126.060s][info][gc,metaspace   ] GC(68) Metaspace: 41862K(42432K)->41862K(42432K) NonClass: 38568K(38912K)->38568K(38912K) Class: 3294K(3520K)->3294K(3520K)
[126.060s][info][gc             ] GC(68) Pause Young (Allocation Failure) 305M->62M(979M) 10.752ms
[126.060s][info][gc,cpu         ] GC(68) User=0.00s Sys=0.00s Real=0.01s
[127.698s][info][gc,start       ] GC(69) Pause Young (Allocation Failure)
[127.700s][info][gc,heap        ] GC(69) PSYoungGen: 303355K(303616K)->5106K(308224K) Eden: 269824K(269824K)->0K(269312K) From: 33531K(33792K)->5106K(38912K)
[127.700s][info][gc,heap        ] GC(69) ParOldGen: 30726K(699392K)->31502K(699392K)
[127.700s][info][gc,metaspace   ] GC(69) Metaspace: 41864K(42432K)->41864K(42432K) NonClass: 38570K(38912K)->38570K(38912K) Class: 3294K(3520K)->3294K(3520K)
[127.700s][info][gc             ] GC(69) Pause Young (Allocation Failure) 326M->35M(984M) 1.732ms
[127.700s][info][gc,cpu         ] GC(69) User=0.00s Sys=0.00s Real=0.00s
[128.768s][info][gc,start       ] GC(70) Pause Young (Allocation Failure)
[128.775s][info][gc,heap        ] GC(70) PSYoungGen: 274418K(308224K)->25199K(294912K) Eden: 269312K(269312K)->0K(269312K) From: 5106K(38912K)->25199K(25600K)
[128.775s][info][gc,heap        ] GC(70) ParOldGen: 31502K(699392K)->32486K(699392K)
[128.775s][info][gc,metaspace   ] GC(70) Metaspace: 41890K(42496K)->41890K(42496K) NonClass: 38595K(38976K)->38595K(38976K) Class: 3294K(3520K)->3294K(3520K)
[128.775s][info][gc             ] GC(70) Pause Young (Allocation Failure) 298M->56M(971M) 6.806ms
[128.775s][info][gc,cpu         ] GC(70) User=0.00s Sys=0.00s Real=0.01s
[129.929s][info][gc,start       ] GC(71) Pause Young (Allocation Failure)
[129.931s][info][gc,heap        ] GC(71) PSYoungGen: 294511K(294912K)->4766K(308736K) Eden: 269312K(269312K)->0K(266752K) From: 25199K(25600K)->4766K(41984K)
[129.931s][info][gc,heap        ] GC(71) ParOldGen: 32486K(699392K)->35101K(699392K)
[129.931s][info][gc,metaspace   ] GC(71) Metaspace: 41894K(42496K)->41894K(42496K) NonClass: 38599K(38976K)->38599K(38976K) Class: 3294K(3520K)->3294K(3520K)
[129.931s][info][gc             ] GC(71) Pause Young (Allocation Failure) 319M->38M(984M) 2.283ms
[129.931s][info][gc,cpu         ] GC(71) User=0.00s Sys=0.00s Real=0.01s
[130.452s][info][gc,start       ] GC(72) Pause Young (Allocation Failure)
[130.454s][info][gc,heap        ] GC(72) PSYoungGen: 270303K(308736K)->6475K(307200K) Eden: 265536K(266752K)->0K(266752K) From: 4766K(41984K)->6475K(40448K)
[130.455s][info][gc,heap        ] GC(72) ParOldGen: 35101K(699392K)->36026K(699392K)
[130.455s][info][gc,metaspace   ] GC(72) Metaspace: 41929K(42496K)->41929K(42496K) NonClass: 38633K(38976K)->38633K(38976K) Class: 3295K(3520K)->3295K(3520K)
[130.455s][info][gc             ] GC(72) Pause Young (Allocation Failure) 298M->41M(983M) 2.694ms
[130.455s][info][gc,cpu         ] GC(72) User=0.02s Sys=0.00s Real=0.01s
[130.708s][info][gc,start       ] GC(73) Pause Young (Allocation Failure)
[130.712s][info][gc,heap        ] GC(73) PSYoungGen: 271572K(307200K)->3009K(311296K) Eden: 265097K(266752K)->0K(272384K) From: 6475K(40448K)->3009K(38912K)
[130.712s][info][gc,heap        ] GC(73) ParOldGen: 36026K(699392K)->42469K(699392K)
[130.712s][info][gc,metaspace   ] GC(73) Metaspace: 41929K(42496K)->41929K(42496K) NonClass: 38633K(38976K)->38633K(38976K) Class: 3295K(3520K)->3295K(3520K)
[130.712s][info][gc             ] GC(73) Pause Young (Allocation Failure) 300M->44M(987M) 3.302ms
[130.712s][info][gc,cpu         ] GC(73) User=0.00s Sys=0.00s Real=0.01s
[130.980s][info][gc,start       ] GC(74) Pause Young (Allocation Failure)
[130.983s][info][gc,heap        ] GC(74) PSYoungGen: 275393K(311296K)->6376K(310272K) Eden: 272384K(272384K)->0K(272384K) From: 3009K(38912K)->6376K(37888K)
[130.983s][info][gc,heap        ] GC(74) ParOldGen: 42469K(699392K)->45361K(699392K)
[130.983s][info][gc,metaspace   ] GC(74) Metaspace: 41929K(42496K)->41929K(42496K) NonClass: 38633K(38976K)->38633K(38976K) Class: 3295K(3520K)->3295K(3520K)
[130.983s][info][gc             ] GC(74) Pause Young (Allocation Failure) 310M->50M(986M) 3.351ms
[130.983s][info][gc,cpu         ] GC(74) User=0.00s Sys=0.00s Real=0.02s
[131.270s][info][gc,start       ] GC(75) Pause Young (Allocation Failure)
[131.275s][info][gc,heap        ] GC(75) PSYoungGen: 278760K(310272K)->6982K(314880K) Eden: 272384K(272384K)->0K(279040K) From: 6376K(37888K)->6982K(35840K)
[131.275s][info][gc,heap        ] GC(75) ParOldGen: 45361K(699392K)->49711K(699392K)
[131.275s][info][gc,metaspace   ] GC(75) Metaspace: 41931K(42496K)->41931K(42496K) NonClass: 38636K(38976K)->38636K(38976K) Class: 3295K(3520K)->3295K(3520K)
[131.275s][info][gc             ] GC(75) Pause Young (Allocation Failure) 316M->55M(990M) 4.540ms
[131.275s][info][gc,cpu         ] GC(75) User=0.00s Sys=0.00s Real=0.01s
[131.612s][info][gc,start       ] GC(76) Pause Young (Allocation Failure)
[131.618s][info][gc,heap        ] GC(76) PSYoungGen: 286022K(314880K)->9875K(313344K) Eden: 279040K(279040K)->0K(279040K) From: 6982K(35840K)->9875K(34304K)
[131.618s][info][gc,heap        ] GC(76) ParOldGen: 49711K(699392K)->56640K(699392K)
[131.618s][info][gc,metaspace   ] GC(76) Metaspace: 41934K(42496K)->41934K(42496K) NonClass: 38639K(38976K)->38639K(38976K) Class: 3295K(3520K)->3295K(3520K)
[131.618s][info][gc             ] GC(76) Pause Young (Allocation Failure) 327M->64M(989M) 5.947ms
[131.618s][info][gc,cpu         ] GC(76) User=0.00s Sys=0.00s Real=0.01s
[132.090s][info][gc,start       ] GC(77) Pause Young (Allocation Failure)
[132.097s][info][gc,heap        ] GC(77) PSYoungGen: 288915K(313344K)->12164K(318976K) Eden: 279040K(279040K)->0K(287232K) From: 9875K(34304K)->12164K(31744K)
[132.097s][info][gc,heap        ] GC(77) ParOldGen: 56640K(699392K)->66170K(699392K)
[132.097s][info][gc,metaspace   ] GC(77) Metaspace: 41951K(42496K)->41951K(42496K) NonClass: 38656K(38976K)->38656K(38976K) Class: 3295K(3520K)->3295K(3520K)
[132.097s][info][gc             ] GC(77) Pause Young (Allocation Failure) 337M->76M(994M) 7.311ms
[132.097s][info][gc,cpu         ] GC(77) User=0.09s Sys=0.00s Real=0.01s
[132.528s][info][gc,start       ] GC(78) Pause Young (Allocation Failure)
[132.536s][info][gc,heap        ] GC(78) PSYoungGen: 299396K(318976K)->6227K(317440K) Eden: 287232K(287232K)->0K(287232K) From: 12164K(31744K)->6227K(30208K)
[132.536s][info][gc,heap        ] GC(78) ParOldGen: 66170K(699392K)->77868K(699392K)
[132.536s][info][gc,metaspace   ] GC(78) Metaspace: 42025K(42624K)->42025K(42624K) NonClass: 38729K(39104K)->38729K(39104K) Class: 3295K(3520K)->3295K(3520K)
[132.536s][info][gc             ] GC(78) Pause Young (Allocation Failure) 356M->82M(993M) 8.000ms
[132.536s][info][gc,cpu         ] GC(78) User=0.09s Sys=0.00s Real=0.02s
[132.926s][info][gc,start       ] GC(79) Pause Young (Allocation Failure)
[132.929s][info][gc,heap        ] GC(79) PSYoungGen: 293459K(317440K)->3760K(321024K) Eden: 287232K(287232K)->0K(291840K) From: 6227K(30208K)->3760K(29184K)
[132.929s][info][gc,heap        ] GC(79) ParOldGen: 77868K(699392K)->79387K(699392K)
[132.929s][info][gc,metaspace   ] GC(79) Metaspace: 42029K(42624K)->42029K(42624K) NonClass: 38733K(39104K)->38733K(39104K) Class: 3295K(3520K)->3295K(3520K)
[132.929s][info][gc             ] GC(79) Pause Young (Allocation Failure) 362M->81M(996M) 2.567ms
[132.929s][info][gc,cpu         ] GC(79) User=0.00s Sys=0.00s Real=0.01s
[133.323s][info][gc,start       ] GC(80) Pause Young (Allocation Failure)
[133.325s][info][gc,heap        ] GC(80) PSYoungGen: 295600K(321024K)->4643K(320000K) Eden: 291840K(291840K)->0K(291840K) From: 3760K(29184K)->4643K(28160K)
[133.325s][info][gc,heap        ] GC(80) ParOldGen: 79387K(699392K)->79387K(699392K)
[133.325s][info][gc,metaspace   ] GC(80) Metaspace: 42035K(42624K)->42035K(42624K) NonClass: 38739K(39104K)->38739K(39104K) Class: 3295K(3520K)->3295K(3520K)
[133.325s][info][gc             ] GC(80) Pause Young (Allocation Failure) 366M->82M(995M) 2.033ms
[133.325s][info][gc,cpu         ] GC(80) User=0.00s Sys=0.00s Real=0.01s
[133.759s][info][gc,start       ] GC(81) Pause Young (Allocation Failure)
[133.761s][info][gc,heap        ] GC(81) PSYoungGen: 296483K(320000K)->6179K(323072K) Eden: 291840K(291840K)->0K(295936K) From: 4643K(28160K)->6179K(27136K)
[133.761s][info][gc,heap        ] GC(81) ParOldGen: 79387K(699392K)->79483K(699392K)
[133.761s][info][gc,metaspace   ] GC(81) Metaspace: 42042K(42624K)->42042K(42624K) NonClass: 38746K(39104K)->38746K(39104K) Class: 3295K(3520K)->3295K(3520K)
[133.761s][info][gc             ] GC(81) Pause Young (Allocation Failure) 367M->83M(998M) 2.133ms
[133.761s][info][gc,cpu         ] GC(81) User=0.00s Sys=0.00s Real=0.00s
[134.556s][info][gc,start       ] GC(82) Pause Young (Allocation Failure)
[134.557s][info][gc,heap        ] GC(82) PSYoungGen: 302115K(323072K)->2717K(322048K) Eden: 295936K(295936K)->0K(295936K) From: 6179K(27136K)->2717K(26112K)
[134.557s][info][gc,heap        ] GC(82) ParOldGen: 79483K(699392K)->79627K(699392K)
[134.557s][info][gc,metaspace   ] GC(82) Metaspace: 42068K(42624K)->42068K(42624K) NonClass: 38772K(39104K)->38772K(39104K) Class: 3295K(3520K)->3295K(3520K)
[134.557s][info][gc             ] GC(82) Pause Young (Allocation Failure) 372M->80M(997M) 1.708ms
[134.557s][info][gc,cpu         ] GC(82) User=0.00s Sys=0.00s Real=0.00s
[135.747s][info][gc,start       ] GC(83) Pause Young (Allocation Failure)
[135.757s][info][gc,heap        ] GC(83) PSYoungGen: 298653K(322048K)->21327K(316928K) Eden: 295936K(295936K)->0K(291840K) From: 2717K(26112K)->21327K(25088K)
[135.757s][info][gc,heap        ] GC(83) ParOldGen: 79627K(699392K)->82201K(699392K)
[135.757s][info][gc,metaspace   ] GC(83) Metaspace: 42121K(42624K)->42121K(42624K) NonClass: 38825K(39104K)->38825K(39104K) Class: 3295K(3520K)->3295K(3520K)
[135.757s][info][gc             ] GC(83) Pause Young (Allocation Failure) 369M->101M(992M) 10.190ms
[135.757s][info][gc,cpu         ] GC(83) User=0.09s Sys=0.00s Real=0.01s
[136.225s][info][gc,start       ] GC(84) Pause Young (Allocation Failure)
[136.248s][info][gc,heap        ] GC(84) PSYoungGen: 313167K(316928K)->28664K(320512K) Eden: 291840K(291840K)->0K(291840K) From: 21327K(25088K)->28664K(28672K)
[136.248s][info][gc,heap        ] GC(84) ParOldGen: 82201K(699392K)->107199K(699392K)
[136.248s][info][gc,metaspace   ] GC(84) Metaspace: 42121K(42624K)->42121K(42624K) NonClass: 38825K(39104K)->38825K(39104K) Class: 3295K(3520K)->3295K(3520K)
[136.248s][info][gc             ] GC(84) Pause Young (Allocation Failure) 386M->132M(996M) 23.253ms
[136.248s][info][gc,cpu         ] GC(84) User=0.09s Sys=0.00s Real=0.02s
[136.759s][info][gc,start       ] GC(85) Pause Young (Allocation Failure)
[136.786s][info][gc,heap        ] GC(85) PSYoungGen: 320504K(320512K)->28656K(263168K) Eden: 291840K(291840K)->0K(234496K) From: 28664K(28672K)->28656K(28672K)
[136.786s][info][gc,heap        ] GC(85) ParOldGen: 107199K(699392K)->138536K(699392K)
[136.786s][info][gc,metaspace   ] GC(85) Metaspace: 42121K(42624K)->42121K(42624K) NonClass: 38825K(39104K)->38825K(39104K) Class: 3295K(3520K)->3295K(3520K)
[136.786s][info][gc             ] GC(85) Pause Young (Allocation Failure) 417M->163M(940M) 27.131ms
[136.786s][info][gc,cpu         ] GC(85) User=0.19s Sys=0.00s Real=0.03s
[138.190s][info][gc,start       ] GC(86) Pause Young (System.gc())
[138.206s][info][gc,heap        ] GC(86) PSYoungGen: 157468K(263168K)->4960K(291840K) Eden: 128812K(234496K)->0K(234496K) From: 28656K(28672K)->4960K(57344K)
[138.206s][info][gc,heap        ] GC(86) ParOldGen: 138536K(699392K)->167440K(699392K)
[138.206s][info][gc,metaspace   ] GC(86) Metaspace: 42121K(42624K)->42121K(42624K) NonClass: 38825K(39104K)->38825K(39104K) Class: 3295K(3520K)->3295K(3520K)
[138.206s][info][gc             ] GC(86) Pause Young (System.gc()) 289M->168M(968M) 15.345ms
[138.206s][info][gc,cpu         ] GC(86) User=0.08s Sys=0.00s Real=0.03s
[138.206s][info][gc,start       ] GC(87) Pause Full (System.gc())
[138.206s][info][gc,phases,start] GC(87) Marking Phase
[138.244s][info][gc,phases      ] GC(87) Marking Phase 37.985ms
[138.244s][info][gc,phases,start] GC(87) Summary Phase
[138.244s][info][gc,phases      ] GC(87) Summary Phase 0.011ms
[138.244s][info][gc,phases,start] GC(87) Adjust Roots
[138.256s][info][gc,phases      ] GC(87) Adjust Roots 12.540ms
[138.256s][info][gc,phases,start] GC(87) Compaction Phase
[138.263s][info][gc,phases      ] GC(87) Compaction Phase 6.381ms
[138.263s][info][gc,phases,start] GC(87) Post Compact
[138.264s][info][gc,phases      ] GC(87) Post Compact 1.085ms
[138.264s][info][gc,heap        ] GC(87) PSYoungGen: 4960K(291840K)->0K(291840K) Eden: 0K(234496K)->0K(234496K) From: 4960K(57344K)->0K(57344K)
[138.264s][info][gc,heap        ] GC(87) ParOldGen: 167440K(699392K)->16106K(699392K)
[138.264s][info][gc,metaspace   ] GC(87) Metaspace: 42121K(42624K)->42121K(42624K) NonClass: 38825K(39104K)->38825K(39104K) Class: 3295K(3520K)->3295K(3520K)
[138.264s][info][gc             ] GC(87) Pause Full (System.gc()) 168M->15M(968M) 58.301ms
[138.264s][info][gc,cpu         ] GC(87) User=0.03s Sys=0.02s Real=0.06s
[143.152s][info][gc,start       ] GC(88) Pause Young (Allocation Failure)
[143.154s][info][gc,heap        ] GC(88) PSYoungGen: 234496K(291840K)->3190K(294912K) Eden: 234496K(234496K)->0K(239104K) From: 0K(57344K)->3190K(55808K)
[143.154s][info][gc,heap        ] GC(88) ParOldGen: 16106K(699392K)->16114K(699392K)
[143.154s][info][gc,metaspace   ] GC(88) Metaspace: 42230K(42752K)->42230K(42752K) NonClass: 38935K(39232K)->38935K(39232K) Class: 3295K(3520K)->3295K(3520K)
[143.154s][info][gc             ] GC(88) Pause Young (Allocation Failure) 244M->18M(971M) 1.735ms
[143.154s][info][gc,cpu         ] GC(88) User=0.00s Sys=0.00s Real=0.00s
[158.809s][info][gc,start       ] GC(89) Pause Young (Allocation Failure)
[158.811s][info][gc,heap        ] GC(89) PSYoungGen: 242294K(294912K)->4854K(293376K) Eden: 239104K(239104K)->0K(239104K) From: 3190K(55808K)->4854K(54272K)
[158.811s][info][gc,heap        ] GC(89) ParOldGen: 16114K(699392K)->17085K(699392K)
[158.811s][info][gc,metaspace   ] GC(89) Metaspace: 42232K(42752K)->42232K(42752K) NonClass: 38936K(39232K)->38936K(39232K) Class: 3295K(3520K)->3295K(3520K)
[158.811s][info][gc             ] GC(89) Pause Young (Allocation Failure) 252M->21M(969M) 2.681ms
[158.811s][info][gc,cpu         ] GC(89) User=0.03s Sys=0.00s Real=0.01s
[160.391s][info][gc,start       ] GC(90) Pause Young (Allocation Failure)
[160.395s][info][gc,heap        ] GC(90) PSYoungGen: 243958K(293376K)->7408K(299520K) Eden: 239104K(239104K)->0K(247296K) From: 4854K(54272K)->7408K(52224K)
[160.395s][info][gc,heap        ] GC(90) ParOldGen: 17085K(699392K)->20505K(699392K)
[160.395s][info][gc,metaspace   ] GC(90) Metaspace: 42233K(42752K)->42233K(42752K) NonClass: 38937K(39232K)->38937K(39232K) Class: 3295K(3520K)->3295K(3520K)
[160.395s][info][gc             ] GC(90) Pause Young (Allocation Failure) 254M->27M(975M) 4.195ms
[160.395s][info][gc,cpu         ] GC(90) User=0.00s Sys=0.00s Real=0.02s
[162.348s][info][gc,start       ] GC(91) Pause Young (Allocation Failure)
[162.351s][info][gc,heap        ] GC(91) PSYoungGen: 254704K(299520K)->7630K(296960K) Eden: 247296K(247296K)->0K(247296K) From: 7408K(52224K)->7630K(49664K)
[162.351s][info][gc,heap        ] GC(91) ParOldGen: 20505K(699392K)->20666K(699392K)
[162.351s][info][gc,metaspace   ] GC(91) Metaspace: 42251K(42752K)->42251K(42752K) NonClass: 38955K(39232K)->38955K(39232K) Class: 3295K(3520K)->3295K(3520K)
[162.351s][info][gc             ] GC(91) Pause Young (Allocation Failure) 268M->27M(973M) 2.450ms
[162.351s][info][gc,cpu         ] GC(91) User=0.00s Sys=0.00s Real=0.01s
[164.541s][info][gc,start       ] GC(92) Pause Young (Allocation Failure)
[164.544s][info][gc,heap        ] GC(92) PSYoungGen: 254926K(296960K)->10658K(305152K) Eden: 247296K(247296K)->0K(258048K) From: 7630K(49664K)->10658K(47104K)
[164.544s][info][gc,heap        ] GC(92) ParOldGen: 20666K(699392K)->24834K(699392K)
[164.544s][info][gc,metaspace   ] GC(92) Metaspace: 42257K(42752K)->42257K(42752K) NonClass: 38961K(39232K)->38961K(39232K) Class: 3295K(3520K)->3295K(3520K)
[164.544s][info][gc             ] GC(92) Pause Young (Allocation Failure) 269M->34M(981M) 3.645ms
[164.544s][info][gc,cpu         ] GC(92) User=0.00s Sys=0.00s Real=0.01s
[165.741s][info][gc,start       ] GC(93) Pause Young (Allocation Failure)
[165.752s][info][gc,heap        ] GC(93) PSYoungGen: 268706K(305152K)->28883K(302080K) Eden: 258048K(258048K)->0K(258048K) From: 10658K(47104K)->28883K(44032K)
[165.752s][info][gc,heap        ] GC(93) ParOldGen: 24834K(699392K)->30164K(699392K)
[165.752s][info][gc,metaspace   ] GC(93) Metaspace: 42257K(42752K)->42257K(42752K) NonClass: 38961K(39232K)->38961K(39232K) Class: 3295K(3520K)->3295K(3520K)
[165.752s][info][gc             ] GC(93) Pause Young (Allocation Failure) 286M->57M(978M) 11.648ms
[165.752s][info][gc,cpu         ] GC(93) User=0.09s Sys=0.00s Real=0.02s
[166.979s][info][gc,start       ] GC(94) Pause Young (Allocation Failure)
[166.993s][info][gc,heap        ] GC(94) PSYoungGen: 286931K(302080K)->29750K(296960K) Eden: 258048K(258048K)->0K(249856K) From: 28883K(44032K)->29750K(47104K)
[166.993s][info][gc,heap        ] GC(94) ParOldGen: 30164K(699392K)->47122K(699392K)
[166.993s][info][gc,metaspace   ] GC(94) Metaspace: 42258K(42752K)->42258K(42752K) NonClass: 38962K(39232K)->38962K(39232K) Class: 3295K(3520K)->3295K(3520K)
[166.993s][info][gc             ] GC(94) Pause Young (Allocation Failure) 309M->75M(973M) 14.495ms
[166.993s][info][gc,cpu         ] GC(94) User=0.09s Sys=0.00s Real=0.01s
[168.073s][info][gc,start       ] GC(95) Pause Young (Allocation Failure)
[168.079s][info][gc,heap        ] GC(95) PSYoungGen: 279606K(296960K)->2111K(299520K) Eden: 249856K(249856K)->0K(249856K) From: 29750K(47104K)->2111K(49664K)
[168.079s][info][gc,heap        ] GC(95) ParOldGen: 47122K(699392K)->64090K(699392K)
[168.079s][info][gc,metaspace   ] GC(95) Metaspace: 42260K(42752K)->42260K(42752K) NonClass: 38964K(39232K)->38964K(39232K) Class: 3295K(3520K)->3295K(3520K)
[168.079s][info][gc             ] GC(95) Pause Young (Allocation Failure) 319M->64M(975M) 5.988ms
[168.079s][info][gc,cpu         ] GC(95) User=0.09s Sys=0.00s Real=0.00s
[169.267s][info][gc,start       ] GC(96) Pause Young (Allocation Failure)
[169.273s][info][gc,heap        ] GC(96) PSYoungGen: 251967K(299520K)->22185K(301056K) Eden: 249856K(249856K)->0K(252416K) From: 2111K(49664K)->22185K(48640K)
[169.273s][info][gc,heap        ] GC(96) ParOldGen: 64090K(699392K)->64413K(699392K)
[169.273s][info][gc,metaspace   ] GC(96) Metaspace: 42263K(42816K)->42263K(42816K) NonClass: 38968K(39296K)->38968K(39296K) Class: 3295K(3520K)->3295K(3520K)
[169.273s][info][gc             ] GC(96) Pause Young (Allocation Failure) 308M->84M(977M) 6.167ms
[169.273s][info][gc,cpu         ] GC(96) User=0.00s Sys=0.00s Real=0.01s
[169.569s][info][gc,start       ] GC(97) Pause Young (Allocation Failure)
[169.574s][info][gc,heap        ] GC(97) PSYoungGen: 273821K(301056K)->4098K(300544K) Eden: 251635K(252416K)->0K(252416K) From: 22185K(48640K)->4098K(48128K)
[169.574s][info][gc,heap        ] GC(97) ParOldGen: 64413K(699392K)->75920K(699392K)
[169.574s][info][gc,metaspace   ] GC(97) Metaspace: 42265K(42816K)->42265K(42816K) NonClass: 38969K(39296K)->38969K(39296K) Class: 3295K(3520K)->3295K(3520K)
[169.574s][info][gc             ] GC(97) Pause Young (Allocation Failure) 330M->78M(976M) 4.351ms
[169.574s][info][gc,cpu         ] GC(97) User=0.00s Sys=0.00s Real=0.01s
[169.814s][info][gc,start       ] GC(98) Pause Young (Allocation Failure)
[169.817s][info][gc,heap        ] GC(98) PSYoungGen: 256408K(300544K)->2129K(303616K) Eden: 252309K(252416K)->0K(257024K) From: 4098K(48128K)->2129K(46592K)
[169.817s][info][gc,heap        ] GC(98) ParOldGen: 75920K(699392K)->79905K(699392K)
[169.817s][info][gc,metaspace   ] GC(98) Metaspace: 42265K(42816K)->42265K(42816K) NonClass: 38969K(39296K)->38969K(39296K) Class: 3295K(3520K)->3295K(3520K)
[169.817s][info][gc             ] GC(98) Pause Young (Allocation Failure) 324M->80M(979M) 2.457ms
[169.817s][info][gc,cpu         ] GC(98) User=0.00s Sys=0.00s Real=0.02s
[170.071s][info][gc,start       ] GC(99) Pause Young (Allocation Failure)
[170.074s][info][gc,heap        ] GC(99) PSYoungGen: 257401K(303616K)->4453K(302592K) Eden: 255271K(257024K)->0K(257024K) From: 2129K(46592K)->4453K(45568K)
[170.074s][info][gc,heap        ] GC(99) ParOldGen: 79905K(699392K)->81925K(699392K)
[170.074s][info][gc,metaspace   ] GC(99) Metaspace: 42267K(42816K)->42267K(42816K) NonClass: 38971K(39296K)->38971K(39296K) Class: 3295K(3520K)->3295K(3520K)
[170.074s][info][gc             ] GC(99) Pause Young (Allocation Failure) 329M->84M(978M) 2.763ms
[170.074s][info][gc,cpu         ] GC(99) User=0.00s Sys=0.00s Real=0.00s
[170.346s][info][gc,start       ] GC(100) Pause Young (Allocation Failure)
[170.350s][info][gc,heap        ] GC(100) PSYoungGen: 260215K(302592K)->6906K(307712K) Eden: 255761K(257024K)->0K(264192K) From: 4453K(45568K)->6906K(43520K)
[170.350s][info][gc,heap        ] GC(100) ParOldGen: 81925K(699392K)->86253K(699392K)
[170.350s][info][gc,metaspace   ] GC(100) Metaspace: 42270K(42816K)->42270K(42816K) NonClass: 38974K(39296K)->38974K(39296K) Class: 3295K(3520K)->3295K(3520K)
[170.350s][info][gc             ] GC(100) Pause Young (Allocation Failure) 334M->90M(983M) 4.359ms
[170.350s][info][gc,cpu         ] GC(100) User=0.00s Sys=0.00s Real=0.00s
[170.651s][info][gc,start       ] GC(101) Pause Young (Allocation Failure)
[170.657s][info][gc,heap        ] GC(101) PSYoungGen: 270216K(307712K)->9032K(305664K) Eden: 263310K(264192K)->0K(264192K) From: 6906K(43520K)->9032K(41472K)
[170.657s][info][gc,heap        ] GC(101) ParOldGen: 86253K(699392K)->93157K(699392K)
[170.657s][info][gc,metaspace   ] GC(101) Metaspace: 42272K(42816K)->42272K(42816K) NonClass: 38976K(39296K)->38976K(39296K) Class: 3295K(3520K)->3295K(3520K)
[170.657s][info][gc             ] GC(101) Pause Young (Allocation Failure) 348M->99M(981M) 5.969ms
[170.657s][info][gc,cpu         ] GC(101) User=0.09s Sys=0.00s Real=0.02s
[171.039s][info][gc,start       ] GC(102) Pause Young (Allocation Failure)
[171.046s][info][gc,heap        ] GC(102) PSYoungGen: 273224K(305664K)->11563K(312832K) Eden: 264192K(264192K)->0K(273920K) From: 9032K(41472K)->11563K(38912K)
[171.046s][info][gc,heap        ] GC(102) ParOldGen: 93157K(699392K)->102038K(699392K)
[171.046s][info][gc,metaspace   ] GC(102) Metaspace: 42276K(42816K)->42276K(42816K) NonClass: 38980K(39296K)->38980K(39296K) Class: 3295K(3520K)->3295K(3520K)
[171.046s][info][gc             ] GC(102) Pause Young (Allocation Failure) 357M->110M(988M) 6.722ms
[171.046s][info][gc,cpu         ] GC(102) User=0.02s Sys=0.00s Real=0.01s
[171.527s][info][gc,start       ] GC(103) Pause Young (Allocation Failure)
[171.535s][info][gc,heap        ] GC(103) PSYoungGen: 285483K(312832K)->9780K(310272K) Eden: 273920K(273920K)->0K(273920K) From: 11563K(38912K)->9780K(36352K)
[171.535s][info][gc,heap        ] GC(103) ParOldGen: 102038K(699392K)->112931K(699392K)
[171.535s][info][gc,metaspace   ] GC(103) Metaspace: 42301K(42816K)->42301K(42816K) NonClass: 39006K(39296K)->39006K(39296K) Class: 3295K(3520K)->3295K(3520K)
[171.535s][info][gc             ] GC(103) Pause Young (Allocation Failure) 378M->119M(986M) 8.120ms
[171.535s][info][gc,cpu         ] GC(103) User=0.09s Sys=0.00s Real=0.01s
[171.899s][info][gc,start       ] GC(104) Pause Young (Allocation Failure)
[171.902s][info][gc,heap        ] GC(104) PSYoungGen: 283700K(310272K)->2952K(315904K) Eden: 273920K(273920K)->0K(281600K) From: 9780K(36352K)->2952K(34304K)
[171.902s][info][gc,heap        ] GC(104) ParOldGen: 112931K(699392K)->118872K(699392K)
[171.902s][info][gc,metaspace   ] GC(104) Metaspace: 42303K(42816K)->42303K(42816K) NonClass: 39007K(39296K)->39007K(39296K) Class: 3295K(3520K)->3295K(3520K)
[171.902s][info][gc             ] GC(104) Pause Young (Allocation Failure) 387M->118M(991M) 2.831ms
[171.902s][info][gc,cpu         ] GC(104) User=0.00s Sys=0.00s Real=0.01s
[172.280s][info][gc,start       ] GC(105) Pause Young (Allocation Failure)
[172.282s][info][gc,heap        ] GC(105) PSYoungGen: 284552K(315904K)->5191K(314880K) Eden: 281600K(281600K)->0K(281600K) From: 2952K(34304K)->5191K(33280K)
[172.282s][info][gc,heap        ] GC(105) ParOldGen: 118872K(699392K)->118872K(699392K)
[172.282s][info][gc,metaspace   ] GC(105) Metaspace: 42317K(42880K)->42317K(42880K) NonClass: 39021K(39360K)->39021K(39360K) Class: 3295K(3520K)->3295K(3520K)
[172.282s][info][gc             ] GC(105) Pause Young (Allocation Failure) 393M->121M(990M) 2.547ms
[172.282s][info][gc,cpu         ] GC(105) User=0.09s Sys=0.00s Real=0.00s
[172.688s][info][gc,start       ] GC(106) Pause Young (Allocation Failure)
[172.690s][info][gc,heap        ] GC(106) PSYoungGen: 286791K(314880K)->4975K(318464K) Eden: 281600K(281600K)->0K(286720K) From: 5191K(33280K)->4975K(31744K)
[172.690s][info][gc,heap        ] GC(106) ParOldGen: 118872K(699392K)->118960K(699392K)
[172.690s][info][gc,metaspace   ] GC(106) Metaspace: 42391K(42944K)->42391K(42944K) NonClass: 39095K(39424K)->39095K(39424K) Class: 3295K(3520K)->3295K(3520K)
[172.690s][info][gc             ] GC(106) Pause Young (Allocation Failure) 396M->121M(994M) 1.806ms
[172.690s][info][gc,cpu         ] GC(106) User=0.00s Sys=0.00s Real=0.02s
[173.103s][info][gc,start       ] GC(107) Pause Young (Allocation Failure)
[173.106s][info][gc,heap        ] GC(107) PSYoungGen: 291695K(318464K)->9089K(317440K) Eden: 286720K(286720K)->0K(286720K) From: 4975K(31744K)->9089K(30720K)
[173.106s][info][gc,heap        ] GC(107) ParOldGen: 118960K(699392K)->120564K(699392K)
[173.106s][info][gc,metaspace   ] GC(107) Metaspace: 42502K(43008K)->42502K(43008K) NonClass: 39206K(39488K)->39206K(39488K) Class: 3295K(3520K)->3295K(3520K)
[173.106s][info][gc             ] GC(107) Pause Young (Allocation Failure) 401M->126M(993M) 2.901ms
[173.106s][info][gc,cpu         ] GC(107) User=0.00s Sys=0.00s Real=0.00s
[174.128s][info][gc,start       ] GC(108) Pause Young (Allocation Failure)
[174.129s][info][gc,heap        ] GC(108) PSYoungGen: 295809K(317440K)->3236K(321536K) Eden: 286720K(286720K)->0K(292864K) From: 9089K(30720K)->3236K(28672K)
[174.129s][info][gc,heap        ] GC(108) ParOldGen: 120564K(699392K)->120716K(699392K)
[174.129s][info][gc,metaspace   ] GC(108) Metaspace: 42570K(43136K)->42570K(43136K) NonClass: 39275K(39616K)->39275K(39616K) Class: 3295K(3520K)->3295K(3520K)
[174.129s][info][gc             ] GC(108) Pause Young (Allocation Failure) 406M->121M(997M) 1.676ms
[174.129s][info][gc,cpu         ] GC(108) User=0.00s Sys=0.00s Real=0.00s
[174.943s][info][gc,start       ] GC(109) Pause Young (Allocation Failure)
[174.958s][info][gc,heap        ] GC(109) PSYoungGen: 296100K(321536K)->27616K(312832K) Eden: 292864K(292864K)->0K(285184K) From: 3236K(28672K)->27616K(27648K)
[174.958s][info][gc,heap        ] GC(109) ParOldGen: 120716K(699392K)->128832K(699392K)
[174.958s][info][gc,metaspace   ] GC(109) Metaspace: 42595K(43136K)->42595K(43136K) NonClass: 39299K(39616K)->39299K(39616K) Class: 3295K(3520K)->3295K(3520K)
[174.958s][info][gc             ] GC(109) Pause Young (Allocation Failure) 407M->152M(988M) 14.702ms
[174.958s][info][gc,cpu         ] GC(109) User=0.09s Sys=0.00s Real=0.02s
[175.433s][info][gc,start       ] GC(110) Pause Young (Allocation Failure)
[175.458s][info][gc,heap        ] GC(110) PSYoungGen: 312800K(312832K)->28664K(276480K) Eden: 285184K(285184K)->0K(247808K) From: 27616K(27648K)->28664K(28672K)
[175.458s][info][gc,heap        ] GC(110) ParOldGen: 128832K(699392K)->158738K(699392K)
[175.458s][info][gc,metaspace   ] GC(110) Metaspace: 42604K(43136K)->42604K(43136K) NonClass: 39308K(39616K)->39308K(39616K) Class: 3295K(3520K)->3295K(3520K)
[175.458s][info][gc             ] GC(110) Pause Young (Allocation Failure) 431M->183M(953M) 25.694ms
[175.458s][info][gc,cpu         ] GC(110) User=0.17s Sys=0.00s Real=0.03s
[175.938s][info][gc,start       ] GC(111) Pause Young (Allocation Failure)
[175.965s][info][gc,heap        ] GC(111) PSYoungGen: 276472K(276480K)->33357K(281600K) Eden: 247808K(247808K)->0K(247808K) From: 28664K(28672K)->33357K(33792K)
[175.965s][info][gc,heap        ] GC(111) ParOldGen: 158738K(699392K)->185475K(699392K)
[175.965s][info][gc,metaspace   ] GC(111) Metaspace: 42604K(43136K)->42604K(43136K) NonClass: 39308K(39616K)->39308K(39616K) Class: 3295K(3520K)->3295K(3520K)
[175.965s][info][gc             ] GC(111) Pause Young (Allocation Failure) 425M->213M(958M) 26.996ms
[175.965s][info][gc,cpu         ] GC(111) User=0.09s Sys=0.00s Real=0.03s
[177.145s][info][gc,start       ] GC(112) Pause Young (System.gc())
[177.160s][info][gc,heap        ] GC(112) PSYoungGen: 126055K(281600K)->5648K(296960K) Eden: 92697K(247808K)->0K(243200K) From: 33357K(33792K)->5648K(53760K)
[177.160s][info][gc,heap        ] GC(112) ParOldGen: 185475K(699392K)->213159K(699392K)
[177.160s][info][gc,metaspace   ] GC(112) Metaspace: 42604K(43136K)->42604K(43136K) NonClass: 39309K(39616K)->39309K(39616K) Class: 3295K(3520K)->3295K(3520K)
[177.160s][info][gc             ] GC(112) Pause Young (System.gc()) 304M->213M(973M) 14.924ms
[177.160s][info][gc,cpu         ] GC(112) User=0.08s Sys=0.00s Real=0.02s
[177.160s][info][gc,start       ] GC(113) Pause Full (System.gc())
[177.160s][info][gc,phases,start] GC(113) Marking Phase
[177.190s][info][gc,phases      ] GC(113) Marking Phase 29.543ms
[177.190s][info][gc,phases,start] GC(113) Summary Phase
[177.190s][info][gc,phases      ] GC(113) Summary Phase 0.023ms
[177.190s][info][gc,phases,start] GC(113) Adjust Roots
[177.201s][info][gc,phases      ] GC(113) Adjust Roots 11.148ms
[177.201s][info][gc,phases,start] GC(113) Compaction Phase
[177.207s][info][gc,phases      ] GC(113) Compaction Phase 6.083ms
[177.207s][info][gc,phases,start] GC(113) Post Compact
[177.208s][info][gc,phases      ] GC(113) Post Compact 1.095ms
[177.208s][info][gc,heap        ] GC(113) PSYoungGen: 5648K(296960K)->0K(296960K) Eden: 0K(243200K)->0K(243200K) From: 5648K(53760K)->0K(53760K)
[177.208s][info][gc,heap        ] GC(113) ParOldGen: 213159K(699392K)->21596K(699392K)
[177.208s][info][gc,metaspace   ] GC(113) Metaspace: 42604K(43136K)->42604K(43136K) NonClass: 39309K(39616K)->39309K(39616K) Class: 3295K(3520K)->3295K(3520K)
[177.208s][info][gc             ] GC(113) Pause Full (System.gc()) 213M->21M(973M) 48.171ms
[177.208s][info][gc,cpu         ] GC(113) User=0.12s Sys=0.00s Real=0.05s
[184.572s][info][gc,start       ] GC(114) Pause Young (Allocation Failure)
[184.573s][info][gc,heap        ] GC(114) PSYoungGen: 243200K(296960K)->2112K(295424K) Eden: 243200K(243200K)->0K(243200K) From: 0K(53760K)->2112K(52224K)
[184.573s][info][gc,heap        ] GC(114) ParOldGen: 21596K(699392K)->21604K(699392K)
[184.573s][info][gc,metaspace   ] GC(114) Metaspace: 42634K(43200K)->42634K(43200K) NonClass: 39339K(39680K)->39339K(39680K) Class: 3295K(3520K)->3295K(3520K)
[184.573s][info][gc             ] GC(114) Pause Young (Allocation Failure) 258M->23M(971M) 1.514ms
[184.573s][info][gc,cpu         ] GC(114) User=0.00s Sys=0.00s Real=0.02s
[198.131s][info][gc,start       ] GC(115) Pause Young (Allocation Failure)
[198.133s][info][gc,heap        ] GC(115) PSYoungGen: 245312K(295424K)->3670K(299520K) Eden: 243200K(243200K)->0K(248320K) From: 2112K(52224K)->3670K(51200K)
[198.133s][info][gc,heap        ] GC(115) ParOldGen: 21604K(699392K)->22567K(699392K)
[198.133s][info][gc,metaspace   ] GC(115) Metaspace: 42635K(43200K)->42635K(43200K) NonClass: 39339K(39680K)->39339K(39680K) Class: 3295K(3520K)->3295K(3520K)
[198.133s][info][gc             ] GC(115) Pause Young (Allocation Failure) 260M->25M(975M) 2.353ms
[198.133s][info][gc,cpu         ] GC(115) User=0.00s Sys=0.00s Real=0.00s
[199.779s][info][gc,start       ] GC(116) Pause Young (Allocation Failure)
[199.782s][info][gc,heap        ] GC(116) PSYoungGen: 251990K(299520K)->2124K(297984K) Eden: 248320K(248320K)->0K(248320K) From: 3670K(51200K)->2124K(49664K)
[199.782s][info][gc,heap        ] GC(116) ParOldGen: 22567K(699392K)->25925K(699392K)
[199.782s][info][gc,metaspace   ] GC(116) Metaspace: 42635K(43200K)->42635K(43200K) NonClass: 39339K(39680K)->39339K(39680K) Class: 3295K(3520K)->3295K(3520K)
[199.782s][info][gc             ] GC(116) Pause Young (Allocation Failure) 268M->27M(974M) 3.092ms
[199.782s][info][gc,cpu         ] GC(116) User=0.03s Sys=0.00s Real=0.00s
[201.737s][info][gc,start       ] GC(117) Pause Young (Allocation Failure)
[201.741s][info][gc,heap        ] GC(117) PSYoungGen: 250444K(297984K)->12435K(304640K) Eden: 248320K(248320K)->0K(256512K) From: 2124K(49664K)->12435K(48128K)
[201.741s][info][gc,heap        ] GC(117) ParOldGen: 25925K(699392K)->26070K(699392K)
[201.741s][info][gc,metaspace   ] GC(117) Metaspace: 42651K(43200K)->42651K(43200K) NonClass: 39355K(39680K)->39355K(39680K) Class: 3295K(3520K)->3295K(3520K)
[201.741s][info][gc             ] GC(117) Pause Young (Allocation Failure) 269M->37M(980M) 4.132ms
[201.741s][info][gc,cpu         ] GC(117) User=0.00s Sys=0.00s Real=0.00s
[203.730s][info][gc,start       ] GC(118) Pause Young (Allocation Failure)
[203.737s][info][gc,heap        ] GC(118) PSYoungGen: 268947K(304640K)->23251K(301056K) Eden: 256512K(256512K)->0K(256512K) From: 12435K(48128K)->23251K(44544K)
[203.737s][info][gc,heap        ] GC(118) ParOldGen: 26070K(699392K)->30378K(699392K)
[203.737s][info][gc,metaspace   ] GC(118) Metaspace: 42654K(43200K)->42654K(43200K) NonClass: 39359K(39680K)->39359K(39680K) Class: 3295K(3520K)->3295K(3520K)
[203.737s][info][gc             ] GC(118) Pause Young (Allocation Failure) 288M->52M(977M) 7.640ms
[203.737s][info][gc,cpu         ] GC(118) User=0.09s Sys=0.00s Real=0.01s
[205.025s][info][gc,start       ] GC(119) Pause Young (Allocation Failure)
[205.036s][info][gc,heap        ] GC(119) PSYoungGen: 279763K(301056K)->21498K(304128K) Eden: 256512K(256512K)->0K(258560K) From: 23251K(44544K)->21498K(45568K)
[205.036s][info][gc,heap        ] GC(119) ParOldGen: 30378K(699392K)->41035K(699392K)
[205.036s][info][gc,metaspace   ] GC(119) Metaspace: 42661K(43200K)->42661K(43200K) NonClass: 39365K(39680K)->39365K(39680K) Class: 3295K(3520K)->3295K(3520K)
[205.036s][info][gc             ] GC(119) Pause Young (Allocation Failure) 302M->61M(980M) 10.894ms
[205.036s][info][gc,cpu         ] GC(119) User=0.09s Sys=0.00s Real=0.02s
[206.230s][info][gc,start       ] GC(120) Pause Young (Allocation Failure)
[206.243s][info][gc,heap        ] GC(120) PSYoungGen: 280058K(304128K)->18567K(303616K) Eden: 258560K(258560K)->0K(258560K) From: 21498K(45568K)->18567K(45056K)
[206.243s][info][gc,heap        ] GC(120) ParOldGen: 41035K(699392K)->62230K(699392K)
[206.243s][info][gc,metaspace   ] GC(120) Metaspace: 42670K(43200K)->42670K(43200K) NonClass: 39375K(39680K)->39375K(39680K) Class: 3295K(3520K)->3295K(3520K)
[206.243s][info][gc             ] GC(120) Pause Young (Allocation Failure) 313M->78M(979M) 12.823ms
[206.243s][info][gc,cpu         ] GC(120) User=0.09s Sys=0.00s Real=0.02s
[207.384s][info][gc,start       ] GC(121) Pause Young (Allocation Failure)
[207.390s][info][gc,heap        ] GC(121) PSYoungGen: 277127K(303616K)->6177K(307200K) Eden: 258560K(258560K)->0K(263680K) From: 18567K(45056K)->6177K(43520K)
[207.390s][info][gc,heap        ] GC(121) ParOldGen: 62230K(699392K)->79531K(699392K)
[207.390s][info][gc,metaspace   ] GC(121) Metaspace: 42675K(43200K)->42675K(43200K) NonClass: 39379K(39680K)->39379K(39680K) Class: 3295K(3520K)->3295K(3520K)
[207.390s][info][gc             ] GC(121) Pause Young (Allocation Failure) 331M->83M(983M) 6.818ms
[207.390s][info][gc,cpu         ] GC(121) User=0.06s Sys=0.03s Real=0.01s
[208.171s][info][gc,start       ] GC(122) Pause Young (Allocation Failure)
[208.174s][info][gc,heap        ] GC(122) PSYoungGen: 268244K(307200K)->9136K(305664K) Eden: 262067K(263680K)->0K(263680K) From: 6177K(43520K)->9136K(41984K)
[208.174s][info][gc,heap        ] GC(122) ParOldGen: 79531K(699392K)->79884K(699392K)
[208.174s][info][gc,metaspace   ] GC(122) Metaspace: 42680K(43200K)->42680K(43200K) NonClass: 39384K(39680K)->39384K(39680K) Class: 3295K(3520K)->3295K(3520K)
[208.174s][info][gc             ] GC(122) Pause Young (Allocation Failure) 339M->86M(981M) 3.386ms
[208.174s][info][gc,cpu         ] GC(122) User=0.00s Sys=0.00s Real=0.01s
[208.418s][info][gc,start       ] GC(123) Pause Young (Allocation Failure)
[208.422s][info][gc,heap        ] GC(123) PSYoungGen: 271423K(305664K)->2304K(309760K) Eden: 262287K(263680K)->0K(269312K) From: 9136K(41984K)->2304K(40448K)
[208.422s][info][gc,heap        ] GC(123) ParOldGen: 79884K(699392K)->88970K(699392K)
[208.422s][info][gc,metaspace   ] GC(123) Metaspace: 42680K(43200K)->42680K(43200K) NonClass: 39384K(39680K)->39384K(39680K) Class: 3295K(3520K)->3295K(3520K)
[208.422s][info][gc             ] GC(123) Pause Young (Allocation Failure) 343M->89M(985M) 3.534ms
[208.422s][info][gc,cpu         ] GC(123) User=0.09s Sys=0.00s Real=0.02s
[208.675s][info][gc,start       ] GC(124) Pause Young (Allocation Failure)
[208.678s][info][gc,heap        ] GC(124) PSYoungGen: 269960K(309760K)->2772K(308736K) Eden: 267656K(269312K)->0K(269312K) From: 2304K(40448K)->2772K(39424K)
[208.678s][info][gc,heap        ] GC(124) ParOldGen: 88970K(699392K)->91176K(699392K)
[208.678s][info][gc,metaspace   ] GC(124) Metaspace: 42680K(43200K)->42680K(43200K) NonClass: 39384K(39680K)->39384K(39680K) Class: 3295K(3520K)->3295K(3520K)
[208.678s][info][gc             ] GC(124) Pause Young (Allocation Failure) 350M->91M(984M) 2.372ms
[208.678s][info][gc,cpu         ] GC(124) User=0.00s Sys=0.00s Real=0.00s
[208.956s][info][gc,start       ] GC(125) Pause Young (Allocation Failure)
[208.959s][info][gc,heap        ] GC(125) PSYoungGen: 272084K(308736K)->6397K(312320K) Eden: 269312K(269312K)->0K(273920K) From: 2772K(39424K)->6397K(38400K)
[208.959s][info][gc,heap        ] GC(125) ParOldGen: 91176K(699392K)->93809K(699392K)
[208.959s][info][gc,metaspace   ] GC(125) Metaspace: 42680K(43200K)->42680K(43200K) NonClass: 39384K(39680K)->39384K(39680K) Class: 3295K(3520K)->3295K(3520K)
[208.959s][info][gc             ] GC(125) Pause Young (Allocation Failure) 354M->97M(988M) 3.573ms
[208.959s][info][gc,cpu         ] GC(125) User=0.00s Sys=0.00s Real=0.02s
[209.250s][info][gc,start       ] GC(126) Pause Young (Allocation Failure)
[209.254s][info][gc,heap        ] GC(126) PSYoungGen: 278641K(312320K)->6303K(310784K) Eden: 272243K(273920K)->0K(273920K) From: 6397K(38400K)->6303K(36864K)
[209.254s][info][gc,heap        ] GC(126) ParOldGen: 93809K(699392K)->100142K(699392K)
[209.254s][info][gc,metaspace   ] GC(126) Metaspace: 42680K(43200K)->42680K(43200K) NonClass: 39384K(39680K)->39384K(39680K) Class: 3295K(3520K)->3295K(3520K)
[209.254s][info][gc             ] GC(126) Pause Young (Allocation Failure) 363M->103M(986M) 4.625ms
[209.254s][info][gc,cpu         ] GC(126) User=0.00s Sys=0.00s Real=0.01s
[209.552s][info][gc,start       ] GC(127) Pause Young (Allocation Failure)
[209.557s][info][gc,heap        ] GC(127) PSYoungGen: 280223K(310784K)->8675K(316416K) Eden: 273920K(273920K)->0K(281600K) From: 6303K(36864K)->8675K(34816K)
[209.557s][info][gc,heap        ] GC(127) ParOldGen: 100142K(699392K)->106505K(699392K)
[209.557s][info][gc,metaspace   ] GC(127) Metaspace: 42680K(43200K)->42680K(43200K) NonClass: 39384K(39680K)->39384K(39680K) Class: 3295K(3520K)->3295K(3520K)
[209.557s][info][gc             ] GC(127) Pause Young (Allocation Failure) 371M->112M(992M) 5.306ms
[209.558s][info][gc,cpu         ] GC(127) User=0.00s Sys=0.00s Real=0.01s
[210.099s][info][gc,start       ] GC(128) Pause Young (Allocation Failure)
[210.106s][info][gc,heap        ] GC(128) PSYoungGen: 290275K(316416K)->13949K(314368K) Eden: 281600K(281600K)->0K(281600K) From: 8675K(34816K)->13949K(32768K)
[210.106s][info][gc,heap        ] GC(128) ParOldGen: 106505K(699392K)->113087K(699392K)
[210.106s][info][gc,metaspace   ] GC(128) Metaspace: 42778K(43328K)->42778K(43328K) NonClass: 39482K(39808K)->39482K(39808K) Class: 3295K(3520K)->3295K(3520K)
[210.106s][info][gc             ] GC(128) Pause Young (Allocation Failure) 387M->124M(990M) 7.207ms
[210.106s][info][gc,cpu         ] GC(128) User=0.00s Sys=0.00s Real=0.02s
[210.492s][info][gc,start       ] GC(129) Pause Young (Allocation Failure)
[210.497s][info][gc,heap        ] GC(129) PSYoungGen: 295549K(314368K)->2702K(317952K) Eden: 281600K(281600K)->0K(286208K) From: 13949K(32768K)->2702K(31744K)
[210.497s][info][gc,heap        ] GC(129) ParOldGen: 113087K(699392K)->126032K(699392K)
[210.497s][info][gc,metaspace   ] GC(129) Metaspace: 42785K(43328K)->42785K(43328K) NonClass: 39489K(39808K)->39489K(39808K) Class: 3295K(3520K)->3295K(3520K)
[210.497s][info][gc             ] GC(129) Pause Young (Allocation Failure) 399M->125M(993M) 5.133ms
[210.497s][info][gc,cpu         ] GC(129) User=0.00s Sys=0.00s Real=0.00s
[210.885s][info][gc,start       ] GC(130) Pause Young (Allocation Failure)
[210.886s][info][gc,heap        ] GC(130) PSYoungGen: 288910K(317952K)->2266K(317440K) Eden: 286208K(286208K)->0K(286208K) From: 2702K(31744K)->2266K(31232K)
[210.886s][info][gc,heap        ] GC(130) ParOldGen: 126032K(699392K)->126225K(699392K)
[210.886s][info][gc,metaspace   ] GC(130) Metaspace: 42789K(43328K)->42789K(43328K) NonClass: 39493K(39808K)->39493K(39808K) Class: 3295K(3520K)->3295K(3520K)
[210.886s][info][gc             ] GC(130) Pause Young (Allocation Failure) 405M->125M(993M) 1.048ms
[210.886s][info][gc,cpu         ] GC(130) User=0.00s Sys=0.00s Real=0.00s
[211.267s][info][gc,start       ] GC(131) Pause Young (Allocation Failure)
[211.269s][info][gc,heap        ] GC(131) PSYoungGen: 288474K(317440K)->3074K(320000K) Eden: 286208K(286208K)->0K(289792K) From: 2266K(31232K)->3074K(30208K)
[211.269s][info][gc,heap        ] GC(131) ParOldGen: 126225K(699392K)->126257K(699392K)
[211.269s][info][gc,metaspace   ] GC(131) Metaspace: 42789K(43328K)->42789K(43328K) NonClass: 39493K(39808K)->39493K(39808K) Class: 3295K(3520K)->3295K(3520K)
[211.269s][info][gc             ] GC(131) Pause Young (Allocation Failure) 404M->126M(995M) 1.691ms
[211.269s][info][gc,cpu         ] GC(131) User=0.00s Sys=0.00s Real=0.02s
[211.689s][info][gc,start       ] GC(132) Pause Young (Allocation Failure)
[211.690s][info][gc,heap        ] GC(132) PSYoungGen: 292866K(320000K)->3103K(318976K) Eden: 289792K(289792K)->0K(289792K) From: 3074K(30208K)->3103K(29184K)
[211.690s][info][gc,heap        ] GC(132) ParOldGen: 126257K(699392K)->126614K(699392K)
[211.690s][info][gc,metaspace   ] GC(132) Metaspace: 42846K(43392K)->42846K(43392K) NonClass: 39550K(39872K)->39550K(39872K) Class: 3295K(3520K)->3295K(3520K)
[211.690s][info][gc             ] GC(132) Pause Young (Allocation Failure) 409M->126M(994M) 1.179ms
[211.690s][info][gc,cpu         ] GC(132) User=0.00s Sys=0.00s Real=0.00s
[212.703s][info][gc,start       ] GC(133) Pause Young (Allocation Failure)
[212.704s][info][gc,heap        ] GC(133) PSYoungGen: 292895K(318976K)->1440K(322048K) Eden: 289792K(289792K)->0K(293888K) From: 3103K(29184K)->1440K(28160K)
[212.704s][info][gc,heap        ] GC(133) ParOldGen: 126614K(699392K)->126758K(699392K)
[212.704s][info][gc,metaspace   ] GC(133) Metaspace: 42899K(43456K)->42899K(43456K) NonClass: 39602K(39936K)->39602K(39936K) Class: 3296K(3520K)->3296K(3520K)
[212.704s][info][gc             ] GC(133) Pause Young (Allocation Failure) 409M->125M(997M) 1.270ms
[212.704s][info][gc,cpu         ] GC(133) User=0.00s Sys=0.00s Real=0.00s
[213.535s][info][gc,start       ] GC(134) Pause Young (Allocation Failure)
[213.547s][info][gc,heap        ] GC(134) PSYoungGen: 295328K(322048K)->27104K(313344K) Eden: 293888K(293888K)->0K(286208K) From: 1440K(28160K)->27104K(27136K)
[213.547s][info][gc,heap        ] GC(134) ParOldGen: 126758K(699392K)->127150K(699392K)
[213.547s][info][gc,metaspace   ] GC(134) Metaspace: 42923K(43456K)->42923K(43456K) NonClass: 39627K(39936K)->39627K(39936K) Class: 3296K(3520K)->3296K(3520K)
[213.547s][info][gc             ] GC(134) Pause Young (Allocation Failure) 412M->150M(989M) 11.845ms
[213.547s][info][gc,cpu         ] GC(134) User=0.09s Sys=0.00s Real=0.01s
[214.018s][info][gc,start       ] GC(135) Pause Young (Allocation Failure)
[214.043s][info][gc,heap        ] GC(135) PSYoungGen: 313312K(313344K)->28152K(280064K) Eden: 286208K(286208K)->0K(251904K) From: 27104K(27136K)->28152K(28160K)
[214.043s][info][gc,heap        ] GC(135) ParOldGen: 127150K(699392K)->157384K(699392K)
[214.043s][info][gc,metaspace   ] GC(135) Metaspace: 42923K(43456K)->42923K(43456K) NonClass: 39627K(39936K)->39627K(39936K) Class: 3296K(3520K)->3296K(3520K)
[214.043s][info][gc             ] GC(135) Pause Young (Allocation Failure) 430M->181M(956M) 25.027ms
[214.043s][info][gc,cpu         ] GC(135) User=0.09s Sys=0.00s Real=0.02s
[214.485s][info][gc,start       ] GC(136) Pause Young (Allocation Failure)
[214.510s][info][gc,heap        ] GC(136) PSYoungGen: 280056K(280064K)->29104K(281088K) Eden: 251904K(251904K)->0K(251904K) From: 28152K(28160K)->29104K(29184K)
[214.510s][info][gc,heap        ] GC(136) ParOldGen: 157384K(699392K)->183664K(699392K)
[214.510s][info][gc,metaspace   ] GC(136) Metaspace: 42923K(43456K)->42923K(43456K) NonClass: 39627K(39936K)->39627K(39936K) Class: 3296K(3520K)->3296K(3520K)
[214.510s][info][gc             ] GC(136) Pause Young (Allocation Failure) 427M->207M(957M) 25.103ms
[214.510s][info][gc,cpu         ] GC(136) User=0.09s Sys=0.00s Real=0.02s
[215.857s][info][gc,start       ] GC(137) Pause Young (System.gc())
[215.871s][info][gc,heap        ] GC(137) PSYoungGen: 153665K(281088K)->4288K(300032K) Eden: 124561K(251904K)->0K(249344K) From: 29104K(29184K)->4288K(50688K)
[215.871s][info][gc,heap        ] GC(137) ParOldGen: 183664K(699392K)->212905K(699392K)
[215.871s][info][gc,metaspace   ] GC(137) Metaspace: 42924K(43456K)->42924K(43456K) NonClass: 39628K(39936K)->39628K(39936K) Class: 3296K(3520K)->3296K(3520K)
[215.871s][info][gc             ] GC(137) Pause Young (System.gc()) 329M->212M(976M) 14.369ms
[215.871s][info][gc,cpu         ] GC(137) User=0.09s Sys=0.00s Real=0.02s
[215.871s][info][gc,start       ] GC(138) Pause Full (System.gc())
[215.871s][info][gc,phases,start] GC(138) Marking Phase
[215.899s][info][gc,phases      ] GC(138) Marking Phase 27.105ms
[215.899s][info][gc,phases,start] GC(138) Summary Phase
[215.899s][info][gc,phases      ] GC(138) Summary Phase 0.011ms
[215.899s][info][gc,phases,start] GC(138) Adjust Roots
[215.910s][info][gc,phases      ] GC(138) Adjust Roots 11.163ms
[215.910s][info][gc,phases,start] GC(138) Compaction Phase
[215.914s][info][gc,phases      ] GC(138) Compaction Phase 4.114ms
[215.914s][info][gc,phases,start] GC(138) Post Compact
[215.915s][info][gc,phases      ] GC(138) Post Compact 0.989ms
[215.915s][info][gc,heap        ] GC(138) PSYoungGen: 4288K(300032K)->0K(300032K) Eden: 0K(249344K)->0K(249344K) From: 4288K(50688K)->0K(50688K)
[215.915s][info][gc,heap        ] GC(138) ParOldGen: 212905K(699392K)->16160K(699392K)
[215.915s][info][gc,metaspace   ] GC(138) Metaspace: 42924K(43456K)->42924K(43456K) NonClass: 39628K(39936K)->39628K(39936K) Class: 3296K(3520K)->3296K(3520K)
[215.915s][info][gc             ] GC(138) Pause Full (System.gc()) 212M->15M(976M) 43.663ms
[215.915s][info][gc,cpu         ] GC(138) User=0.11s Sys=0.00s Real=0.04s
[222.984s][info][gc,start       ] GC(139) Pause Young (Allocation Failure)
[222.986s][info][gc,heap        ] GC(139) PSYoungGen: 249344K(300032K)->1984K(298496K) Eden: 249344K(249344K)->0K(249344K) From: 0K(50688K)->1984K(49152K)
[222.986s][info][gc,heap        ] GC(139) ParOldGen: 16160K(699392K)->16160K(699392K)
[222.986s][info][gc,metaspace   ] GC(139) Metaspace: 42931K(43456K)->42931K(43456K) NonClass: 39635K(39936K)->39635K(39936K) Class: 3296K(3520K)->3296K(3520K)
[222.986s][info][gc             ] GC(139) Pause Young (Allocation Failure) 259M->17M(974M) 1.537ms
[222.986s][info][gc,cpu         ] GC(139) User=0.00s Sys=0.02s Real=0.00s
[236.589s][info][gc,start       ] GC(140) Pause Young (Allocation Failure)
[236.591s][info][gc,heap        ] GC(140) PSYoungGen: 251328K(298496K)->3564K(303104K) Eden: 249344K(249344K)->0K(254976K) From: 1984K(49152K)->3564K(48128K)
[236.591s][info][gc,heap        ] GC(140) ParOldGen: 16160K(699392K)->17131K(699392K)
[236.591s][info][gc,metaspace   ] GC(140) Metaspace: 42931K(43456K)->42931K(43456K) NonClass: 39635K(39936K)->39635K(39936K) Class: 3296K(3520K)->3296K(3520K)
[236.591s][info][gc             ] GC(140) Pause Young (Allocation Failure) 261M->20M(979M) 1.802ms
[236.591s][info][gc,cpu         ] GC(140) User=0.00s Sys=0.00s Real=0.00s
[238.328s][info][gc,start       ] GC(141) Pause Young (Allocation Failure)
[238.330s][info][gc,heap        ] GC(141) PSYoungGen: 258540K(303104K)->832K(301056K) Eden: 254976K(254976K)->0K(254976K) From: 3564K(48128K)->832K(46080K)
[238.330s][info][gc,heap        ] GC(141) ParOldGen: 17131K(699392K)->20567K(699392K)
[238.330s][info][gc,metaspace   ] GC(141) Metaspace: 42931K(43456K)->42931K(43456K) NonClass: 39635K(39936K)->39635K(39936K) Class: 3296K(3520K)->3296K(3520K)
[238.330s][info][gc             ] GC(141) Pause Young (Allocation Failure) 269M->20M(977M) 1.912ms
[238.330s][info][gc,cpu         ] GC(141) User=0.00s Sys=0.00s Real=0.00s
[240.307s][info][gc,start       ] GC(142) Pause Young (Allocation Failure)
[240.309s][info][gc,heap        ] GC(142) PSYoungGen: 255808K(301056K)->7614K(307200K) Eden: 254976K(254976K)->0K(262656K) From: 832K(46080K)->7614K(44544K)
[240.309s][info][gc,heap        ] GC(142) ParOldGen: 20567K(699392K)->20712K(699392K)
[240.309s][info][gc,metaspace   ] GC(142) Metaspace: 42937K(43456K)->42937K(43456K) NonClass: 39640K(39936K)->39640K(39936K) Class: 3296K(3520K)->3296K(3520K)
[240.309s][info][gc             ] GC(142) Pause Young (Allocation Failure) 269M->27M(983M) 2.387ms
[240.309s][info][gc,cpu         ] GC(142) User=0.00s Sys=0.00s Real=0.01s
[242.249s][info][gc,start       ] GC(143) Pause Young (Allocation Failure)
[242.258s][info][gc,heap        ] GC(143) PSYoungGen: 270270K(307200K)->27452K(290304K) Eden: 262656K(262656K)->0K(262656K) From: 7614K(44544K)->27452K(27648K)
[242.258s][info][gc,heap        ] GC(143) ParOldGen: 20712K(699392K)->25143K(699392K)
[242.258s][info][gc,metaspace   ] GC(143) Metaspace: 42941K(43456K)->42941K(43456K) NonClass: 39645K(39936K)->39645K(39936K) Class: 3296K(3520K)->3296K(3520K)
[242.258s][info][gc             ] GC(143) Pause Young (Allocation Failure) 284M->51M(966M) 9.388ms
[242.258s][info][gc,cpu         ] GC(143) User=0.02s Sys=0.00s Real=0.01s
[243.596s][info][gc,start       ] GC(144) Pause Young (Allocation Failure)
[243.607s][info][gc,heap        ] GC(144) PSYoungGen: 290108K(290304K)->22625K(303104K) Eden: 262656K(262656K)->0K(258048K) From: 27452K(27648K)->22625K(45056K)
[243.607s][info][gc,heap        ] GC(144) ParOldGen: 25143K(699392K)->37242K(699392K)
[243.607s][info][gc,metaspace   ] GC(144) Metaspace: 42943K(43456K)->42943K(43456K) NonClass: 39647K(39936K)->39647K(39936K) Class: 3296K(3520K)->3296K(3520K)
[243.607s][info][gc             ] GC(144) Pause Young (Allocation Failure) 307M->58M(979M) 11.361ms
[243.607s][info][gc,cpu         ] GC(144) User=0.00s Sys=0.00s Real=0.02s
[244.772s][info][gc,start       ] GC(145) Pause Young (Allocation Failure)
[244.785s][info][gc,heap        ] GC(145) PSYoungGen: 280673K(303104K)->24486K(282624K) Eden: 258048K(258048K)->0K(258048K) From: 22625K(45056K)->24486K(24576K)
[244.785s][info][gc,heap        ] GC(145) ParOldGen: 37242K(699392K)->59807K(699392K)
[244.786s][info][gc,metaspace   ] GC(145) Metaspace: 42943K(43456K)->42943K(43456K) NonClass: 39647K(39936K)->39647K(39936K) Class: 3296K(3520K)->3296K(3520K)
[244.786s][info][gc             ] GC(145) Pause Young (Allocation Failure) 310M->82M(959M) 13.648ms
[244.786s][info][gc,cpu         ] GC(145) User=0.09s Sys=0.00s Real=0.02s
[245.948s][info][gc,start       ] GC(146) Pause Young (Allocation Failure)
[245.953s][info][gc,heap        ] GC(146) PSYoungGen: 282534K(282624K)->1875K(303616K) Eden: 258048K(258048K)->0K(257024K) From: 24486K(24576K)->1875K(46592K)
[245.953s][info][gc,heap        ] GC(146) ParOldGen: 59807K(699392K)->70702K(699392K)
[245.953s][info][gc,metaspace   ] GC(146) Metaspace: 42947K(43520K)->42947K(43520K) NonClass: 39651K(40000K)->39651K(40000K) Class: 3296K(3520K)->3296K(3520K)
[245.953s][info][gc             ] GC(146) Pause Young (Allocation Failure) 334M->70M(979M) 4.280ms
[245.953s][info][gc,cpu         ] GC(146) User=0.09s Sys=0.00s Real=0.01s
[246.883s][info][gc,start       ] GC(147) Pause Young (Allocation Failure)
[246.888s][info][gc,heap        ] GC(147) PSYoungGen: 257083K(303616K)->13942K(302592K) Eden: 255207K(257024K)->0K(257024K) From: 1875K(46592K)->13942K(45568K)
[246.888s][info][gc,heap        ] GC(147) ParOldGen: 70702K(699392K)->71083K(699392K)
[246.888s][info][gc,metaspace   ] GC(147) Metaspace: 42954K(43520K)->42954K(43520K) NonClass: 39658K(40000K)->39658K(40000K) Class: 3296K(3520K)->3296K(3520K)
[246.888s][info][gc             ] GC(147) Pause Young (Allocation Failure) 320M->83M(978M) 4.936ms
[246.888s][info][gc,cpu         ] GC(147) User=0.00s Sys=0.00s Real=0.01s
[247.125s][info][gc,start       ] GC(148) Pause Young (Allocation Failure)
[247.129s][info][gc,heap        ] GC(148) PSYoungGen: 269858K(302592K)->2108K(307712K) Eden: 255916K(257024K)->0K(265216K) From: 13942K(45568K)->2108K(42496K)
[247.129s][info][gc,heap        ] GC(148) ParOldGen: 71083K(699392K)->84970K(699392K)
[247.129s][info][gc,metaspace   ] GC(148) Metaspace: 42954K(43520K)->42954K(43520K) NonClass: 39658K(40000K)->39658K(40000K) Class: 3296K(3520K)->3296K(3520K)
[247.129s][info][gc             ] GC(148) Pause Young (Allocation Failure) 332M->85M(983M) 4.782ms
[247.129s][info][gc,cpu         ] GC(148) User=0.00s Sys=0.00s Real=0.01s
[247.378s][info][gc,start       ] GC(149) Pause Young (Allocation Failure)
[247.380s][info][gc,heap        ] GC(149) PSYoungGen: 266431K(307712K)->2896K(306688K) Eden: 264322K(265216K)->0K(265216K) From: 2108K(42496K)->2896K(41472K)
[247.380s][info][gc,heap        ] GC(149) ParOldGen: 84970K(699392K)->87010K(699392K)
[247.380s][info][gc,metaspace   ] GC(149) Metaspace: 42954K(43520K)->42954K(43520K) NonClass: 39658K(40000K)->39658K(40000K) Class: 3296K(3520K)->3296K(3520K)
[247.380s][info][gc             ] GC(149) Pause Young (Allocation Failure) 343M->87M(982M) 2.291ms
[247.380s][info][gc,cpu         ] GC(149) User=0.00s Sys=0.00s Real=0.01s
[247.651s][info][gc,start       ] GC(150) Pause Young (Allocation Failure)
[247.654s][info][gc,heap        ] GC(150) PSYoungGen: 268112K(306688K)->6347K(310784K) Eden: 265216K(265216K)->0K(270336K) From: 2896K(41472K)->6347K(40448K)
[247.654s][info][gc,heap        ] GC(150) ParOldGen: 87010K(699392K)->89804K(699392K)
[247.654s][info][gc,metaspace   ] GC(150) Metaspace: 42954K(43520K)->42954K(43520K) NonClass: 39658K(40000K)->39658K(40000K) Class: 3296K(3520K)->3296K(3520K)
[247.654s][info][gc             ] GC(150) Pause Young (Allocation Failure) 346M->93M(986M) 3.439ms
[247.654s][info][gc,cpu         ] GC(150) User=0.00s Sys=0.00s Real=0.01s
[247.922s][info][gc,start       ] GC(151) Pause Young (Allocation Failure)
[247.927s][info][gc,heap        ] GC(151) PSYoungGen: 276683K(310784K)->7310K(308736K) Eden: 270336K(270336K)->0K(270336K) From: 6347K(40448K)->7310K(38400K)
[247.927s][info][gc,heap        ] GC(151) ParOldGen: 89804K(699392K)->96192K(699392K)
[247.927s][info][gc,metaspace   ] GC(151) Metaspace: 42954K(43520K)->42954K(43520K) NonClass: 39658K(40000K)->39658K(40000K) Class: 3296K(3520K)->3296K(3520K)
[247.927s][info][gc             ] GC(151) Pause Young (Allocation Failure) 357M->101M(984M) 4.654ms
[247.927s][info][gc,cpu         ] GC(151) User=0.00s Sys=0.00s Real=0.01s
[248.231s][info][gc,start       ] GC(152) Pause Young (Allocation Failure)
[248.236s][info][gc,heap        ] GC(152) PSYoungGen: 277215K(308736K)->7680K(314880K) Eden: 269904K(270336K)->0K(278528K) From: 7310K(38400K)->7680K(36352K)
[248.236s][info][gc,heap        ] GC(152) ParOldGen: 96192K(699392K)->101649K(699392K)
[248.236s][info][gc,metaspace   ] GC(152) Metaspace: 42954K(43520K)->42954K(43520K) NonClass: 39658K(40000K)->39658K(40000K) Class: 3296K(3520K)->3296K(3520K)
[248.236s][info][gc             ] GC(152) Pause Young (Allocation Failure) 364M->106M(990M) 4.960ms
[248.236s][info][gc,cpu         ] GC(152) User=0.09s Sys=0.00s Real=0.01s
[248.768s][info][gc,start       ] GC(153) Pause Young (Allocation Failure)
[248.777s][info][gc,heap        ] GC(153) PSYoungGen: 286208K(314880K)->15583K(312832K) Eden: 278528K(278528K)->0K(278528K) From: 7680K(36352K)->15583K(34304K)
[248.777s][info][gc,heap        ] GC(153) ParOldGen: 101649K(699392K)->109117K(699392K)
[248.777s][info][gc,metaspace   ] GC(153) Metaspace: 42954K(43520K)->42954K(43520K) NonClass: 39658K(40000K)->39658K(40000K) Class: 3296K(3520K)->3296K(3520K)
[248.777s][info][gc             ] GC(153) Pause Young (Allocation Failure) 378M->121M(988M) 8.990ms
[248.777s][info][gc,cpu         ] GC(153) User=0.00s Sys=0.00s Real=0.01s
[249.158s][info][gc,start       ] GC(154) Pause Young (Allocation Failure)
[249.163s][info][gc,heap        ] GC(154) PSYoungGen: 294111K(312832K)->2757K(316416K) Eden: 278528K(278528K)->0K(282624K) From: 15583K(34304K)->2757K(33792K)
[249.163s][info][gc,heap        ] GC(154) ParOldGen: 109117K(699392K)->124845K(699392K)
[249.163s][info][gc,metaspace   ] GC(154) Metaspace: 42999K(43584K)->42999K(43584K) NonClass: 39703K(40064K)->39703K(40064K) Class: 3296K(3520K)->3296K(3520K)
[249.163s][info][gc             ] GC(154) Pause Young (Allocation Failure) 393M->124M(992M) 5.688ms
[249.163s][info][gc,cpu         ] GC(154) User=0.00s Sys=0.00s Real=0.02s
[249.554s][info][gc,start       ] GC(155) Pause Young (Allocation Failure)
[249.555s][info][gc,heap        ] GC(155) PSYoungGen: 285381K(316416K)->2537K(315392K) Eden: 282624K(282624K)->0K(282624K) From: 2757K(33792K)->2537K(32768K)
[249.555s][info][gc,heap        ] GC(155) ParOldGen: 124845K(699392K)->125038K(699392K)
[249.555s][info][gc,metaspace   ] GC(155) Metaspace: 43004K(43584K)->43004K(43584K) NonClass: 39708K(40064K)->39708K(40064K) Class: 3296K(3520K)->3296K(3520K)
[249.555s][info][gc             ] GC(155) Pause Young (Allocation Failure) 400M->124M(991M) 1.138ms
[249.555s][info][gc,cpu         ] GC(155) User=0.00s Sys=0.00s Real=0.00s
[249.919s][info][gc,start       ] GC(156) Pause Young (Allocation Failure)
[249.921s][info][gc,heap        ] GC(156) PSYoungGen: 285160K(315392K)->6522K(318976K) Eden: 282623K(282624K)->0K(287232K) From: 2537K(32768K)->6522K(31744K)
[249.921s][info][gc,heap        ] GC(156) ParOldGen: 125038K(699392K)->125089K(699392K)
[249.921s][info][gc,metaspace   ] GC(156) Metaspace: 43020K(43584K)->43020K(43584K) NonClass: 39724K(40064K)->39724K(40064K) Class: 3296K(3520K)->3296K(3520K)
[249.921s][info][gc             ] GC(156) Pause Young (Allocation Failure) 400M->128M(994M) 2.829ms
[249.921s][info][gc,cpu         ] GC(156) User=0.09s Sys=0.00s Real=0.00s
[250.346s][info][gc,start       ] GC(157) Pause Young (Allocation Failure)
[250.347s][info][gc,heap        ] GC(157) PSYoungGen: 293754K(318976K)->4176K(317440K) Eden: 287232K(287232K)->0K(287232K) From: 6522K(31744K)->4176K(30208K)
[250.347s][info][gc,heap        ] GC(157) ParOldGen: 125089K(699392K)->125177K(699392K)
[250.347s][info][gc,metaspace   ] GC(157) Metaspace: 43026K(43584K)->43026K(43584K) NonClass: 39730K(40064K)->39730K(40064K) Class: 3296K(3520K)->3296K(3520K)
[250.347s][info][gc             ] GC(157) Pause Young (Allocation Failure) 409M->126M(993M) 1.577ms
[250.347s][info][gc,cpu         ] GC(157) User=0.00s Sys=0.00s Real=0.00s
[251.209s][info][gc,start       ] GC(158) Pause Young (Allocation Failure)
[251.210s][info][gc,heap        ] GC(158) PSYoungGen: 291408K(317440K)->2781K(321536K) Eden: 287232K(287232K)->0K(292864K) From: 4176K(30208K)->2781K(28672K)
[251.210s][info][gc,heap        ] GC(158) ParOldGen: 125177K(699392K)->125337K(699392K)
[251.210s][info][gc,metaspace   ] GC(158) Metaspace: 43072K(43584K)->43072K(43584K) NonClass: 39775K(40064K)->39775K(40064K) Class: 3296K(3520K)->3296K(3520K)
[251.210s][info][gc             ] GC(158) Pause Young (Allocation Failure) 406M->125M(997M) 1.553ms
[251.210s][info][gc,cpu         ] GC(158) User=0.00s Sys=0.00s Real=0.00s
[252.221s][info][gc,start       ] GC(159) Pause Young (Allocation Failure)
[252.232s][info][gc,heap        ] GC(159) PSYoungGen: 295645K(321536K)->25638K(311296K) Eden: 292864K(292864K)->0K(285184K) From: 2781K(28672K)->25638K(26112K)
[252.232s][info][gc,heap        ] GC(159) ParOldGen: 125337K(699392K)->127918K(699392K)
[252.232s][info][gc,metaspace   ] GC(159) Metaspace: 43087K(43648K)->43087K(43648K) NonClass: 39790K(40128K)->39790K(40128K) Class: 3296K(3520K)->3296K(3520K)
[252.232s][info][gc             ] GC(159) Pause Young (Allocation Failure) 411M->149M(987M) 11.517ms
[252.232s][info][gc,cpu         ] GC(159) User=0.00s Sys=0.00s Real=0.01s
[252.704s][info][gc,start       ] GC(160) Pause Young (Allocation Failure)
[252.728s][info][gc,heap        ] GC(160) PSYoungGen: 310822K(311296K)->30200K(284160K) Eden: 285184K(285184K)->0K(253952K) From: 25638K(26112K)->30200K(30208K)
[252.728s][info][gc,heap        ] GC(160) ParOldGen: 127918K(699392K)->154772K(699392K)
[252.728s][info][gc,metaspace   ] GC(160) Metaspace: 43087K(43648K)->43087K(43648K) NonClass: 39790K(40128K)->39790K(40128K) Class: 3296K(3520K)->3296K(3520K)
[252.728s][info][gc             ] GC(160) Pause Young (Allocation Failure) 428M->180M(960M) 23.926ms
[252.728s][info][gc,cpu         ] GC(160) User=0.09s Sys=0.00s Real=0.02s
[253.186s][info][gc,start       ] GC(161) Pause Young (Allocation Failure)
[253.212s][info][gc,heap        ] GC(161) PSYoungGen: 284152K(284160K)->29200K(283648K) Eden: 253952K(253952K)->0K(253952K) From: 30200K(30208K)->29200K(29696K)
[253.212s][info][gc,heap        ] GC(161) ParOldGen: 154772K(699392K)->183092K(699392K)
[253.212s][info][gc,metaspace   ] GC(161) Metaspace: 43087K(43648K)->43087K(43648K) NonClass: 39790K(40128K)->39790K(40128K) Class: 3296K(3520K)->3296K(3520K)
[253.212s][info][gc             ] GC(161) Pause Young (Allocation Failure) 428M->207M(960M) 25.668ms
[253.212s][info][gc,cpu         ] GC(161) User=0.09s Sys=0.00s Real=0.03s
[254.716s][info][gc,start       ] GC(162) Pause Young (System.gc())
[254.732s][info][gc,heap        ] GC(162) PSYoungGen: 165363K(283648K)->5536K(301056K) Eden: 136163K(253952K)->0K(251392K) From: 29200K(29696K)->5536K(49664K)
[254.732s][info][gc,heap        ] GC(162) ParOldGen: 183092K(699392K)->212405K(699392K)
[254.732s][info][gc,metaspace   ] GC(162) Metaspace: 43088K(43648K)->43088K(43648K) NonClass: 39791K(40128K)->39791K(40128K) Class: 3296K(3520K)->3296K(3520K)
[254.732s][info][gc             ] GC(162) Pause Young (System.gc()) 340M->212M(977M) 15.825ms
[254.732s][info][gc,cpu         ] GC(162) User=0.08s Sys=0.00s Real=0.02s
[254.732s][info][gc,start       ] GC(163) Pause Full (System.gc())
[254.732s][info][gc,phases,start] GC(163) Marking Phase
[254.761s][info][gc,phases      ] GC(163) Marking Phase 28.664ms
[254.761s][info][gc,phases,start] GC(163) Summary Phase
[254.761s][info][gc,phases      ] GC(163) Summary Phase 0.011ms
[254.761s][info][gc,phases,start] GC(163) Adjust Roots
[254.771s][info][gc,phases      ] GC(163) Adjust Roots 10.328ms
[254.771s][info][gc,phases,start] GC(163) Compaction Phase
[254.775s][info][gc,phases      ] GC(163) Compaction Phase 3.557ms
[254.775s][info][gc,phases,start] GC(163) Post Compact
[254.776s][info][gc,phases      ] GC(163) Post Compact 1.073ms
[254.776s][info][gc,heap        ] GC(163) PSYoungGen: 5536K(301056K)->0K(301056K) Eden: 0K(251392K)->0K(251392K) From: 5536K(49664K)->0K(49664K)
[254.776s][info][gc,heap        ] GC(163) ParOldGen: 212405K(699392K)->16176K(699392K)
[254.776s][info][gc,metaspace   ] GC(163) Metaspace: 43088K(43648K)->43088K(43648K) NonClass: 39791K(40128K)->39791K(40128K) Class: 3296K(3520K)->3296K(3520K)
[254.776s][info][gc             ] GC(163) Pause Full (System.gc()) 212M->15M(977M) 43.890ms
[254.776s][info][gc,cpu         ] GC(163) User=0.12s Sys=0.00s Real=0.04s
[262.602s][info][gc,start       ] GC(164) Pause Young (Allocation Failure)
[262.604s][info][gc,heap        ] GC(164) PSYoungGen: 251392K(301056K)->2208K(299520K) Eden: 251392K(251392K)->0K(251392K) From: 0K(49664K)->2208K(48128K)
[262.604s][info][gc,heap        ] GC(164) ParOldGen: 16176K(699392K)->16176K(699392K)
[262.604s][info][gc,metaspace   ] GC(164) Metaspace: 43112K(43648K)->43112K(43648K) NonClass: 39815K(40128K)->39815K(40128K) Class: 3296K(3520K)->3296K(3520K)
[262.604s][info][gc             ] GC(164) Pause Young (Allocation Failure) 261M->17M(975M) 1.417ms
[262.604s][info][gc,cpu         ] GC(164) User=0.00s Sys=0.00s Real=0.00s
[275.669s][info][gc,start       ] GC(165) Pause Young (Allocation Failure)
[275.671s][info][gc,heap        ] GC(165) PSYoungGen: 253600K(299520K)->4620K(304128K) Eden: 251392K(251392K)->0K(257024K) From: 2208K(48128K)->4620K(47104K)
[275.671s][info][gc,heap        ] GC(165) ParOldGen: 16176K(699392K)->17155K(699392K)
[275.671s][info][gc,metaspace   ] GC(165) Metaspace: 43112K(43648K)->43112K(43648K) NonClass: 39815K(40128K)->39815K(40128K) Class: 3296K(3520K)->3296K(3520K)
[275.671s][info][gc             ] GC(165) Pause Young (Allocation Failure) 263M->21M(980M) 2.123ms
[275.671s][info][gc,cpu         ] GC(165) User=0.00s Sys=0.00s Real=0.00s
[277.504s][info][gc,start       ] GC(166) Pause Young (Allocation Failure)
[277.506s][info][gc,heap        ] GC(166) PSYoungGen: 261644K(304128K)->1033K(302080K) Eden: 257024K(257024K)->0K(257024K) From: 4620K(47104K)->1033K(45056K)
[277.506s][info][gc,heap        ] GC(166) ParOldGen: 17155K(699392K)->20608K(699392K)
[277.506s][info][gc,metaspace   ] GC(166) Metaspace: 43112K(43648K)->43112K(43648K) NonClass: 39815K(40128K)->39815K(40128K) Class: 3296K(3520K)->3296K(3520K)
[277.506s][info][gc             ] GC(166) Pause Young (Allocation Failure) 272M->21M(978M) 1.949ms
[277.506s][info][gc,cpu         ] GC(166) User=0.00s Sys=0.00s Real=0.00s
[279.466s][info][gc,start       ] GC(167) Pause Young (Allocation Failure)
[279.468s][info][gc,heap        ] GC(167) PSYoungGen: 258057K(302080K)->4552K(307200K) Eden: 257024K(257024K)->0K(263168K) From: 1033K(45056K)->4552K(44032K)
[279.468s][info][gc,heap        ] GC(167) ParOldGen: 20608K(699392K)->20753K(699392K)
[279.468s][info][gc,metaspace   ] GC(167) Metaspace: 43126K(43712K)->43126K(43712K) NonClass: 39829K(40192K)->39829K(40192K) Class: 3297K(3520K)->3297K(3520K)
[279.468s][info][gc             ] GC(167) Pause Young (Allocation Failure) 272M->24M(983M) 1.942ms
[279.468s][info][gc,cpu         ] GC(167) User=0.09s Sys=0.00s Real=0.00s
[281.354s][info][gc,start       ] GC(168) Pause Young (Allocation Failure)
[281.364s][info][gc,heap        ] GC(168) PSYoungGen: 267720K(307200K)->29015K(292352K) Eden: 263168K(263168K)->0K(263168K) From: 4552K(44032K)->29015K(29184K)
[281.364s][info][gc,heap        ] GC(168) ParOldGen: 20753K(699392K)->25144K(699392K)
[281.364s][info][gc,metaspace   ] GC(168) Metaspace: 43129K(43712K)->43129K(43712K) NonClass: 39831K(40192K)->39831K(40192K) Class: 3297K(3520K)->3297K(3520K)
[281.364s][info][gc             ] GC(168) Pause Young (Allocation Failure) 281M->52M(968M) 9.779ms
[281.364s][info][gc,cpu         ] GC(168) User=0.09s Sys=0.00s Real=0.01s
[282.707s][info][gc,start       ] GC(169) Pause Young (Allocation Failure)
[282.717s][info][gc,heap        ] GC(169) PSYoungGen: 292183K(292352K)->20537K(304128K) Eden: 263168K(263168K)->0K(258560K) From: 29015K(29184K)->20537K(45568K)
[282.717s][info][gc,heap        ] GC(169) ParOldGen: 25144K(699392K)->36829K(699392K)
[282.717s][info][gc,metaspace   ] GC(169) Metaspace: 43132K(43712K)->43132K(43712K) NonClass: 39834K(40192K)->39834K(40192K) Class: 3297K(3520K)->3297K(3520K)
[282.717s][info][gc             ] GC(169) Pause Young (Allocation Failure) 309M->56M(980M) 10.713ms
[282.717s][info][gc,cpu         ] GC(169) User=0.00s Sys=0.00s Real=0.01s
[283.885s][info][gc,start       ] GC(170) Pause Young (Allocation Failure)
[283.899s][info][gc,heap        ] GC(170) PSYoungGen: 279097K(304128K)->35474K(288256K) Eden: 258560K(258560K)->0K(252416K) From: 20537K(45568K)->35474K(35840K)
[283.899s][info][gc,heap        ] GC(170) ParOldGen: 36829K(699392K)->57433K(699392K)
[283.899s][info][gc,metaspace   ] GC(170) Metaspace: 43141K(43712K)->43141K(43712K) NonClass: 39843K(40192K)->39843K(40192K) Class: 3297K(3520K)->3297K(3520K)
[283.899s][info][gc             ] GC(170) Pause Young (Allocation Failure) 308M->90M(964M) 14.531ms
[283.899s][info][gc,cpu         ] GC(170) User=0.09s Sys=0.00s Real=0.01s
[285.018s][info][gc,start       ] GC(171) Pause Young (Allocation Failure)
[285.020s][info][gc,heap        ] GC(171) PSYoungGen: 286530K(288256K)->1638K(300032K) Eden: 251055K(252416K)->0K(249856K) From: 35474K(35840K)->1638K(50176K)
[285.020s][info][gc,heap        ] GC(171) ParOldGen: 57433K(699392K)->61460K(699392K)
[285.020s][info][gc,metaspace   ] GC(171) Metaspace: 43141K(43712K)->43141K(43712K) NonClass: 39843K(40192K)->39843K(40192K) Class: 3297K(3520K)->3297K(3520K)
[285.020s][info][gc             ] GC(171) Pause Young (Allocation Failure) 335M->61M(976M) 2.542ms
[285.020s][info][gc,cpu         ] GC(171) User=0.00s Sys=0.00s Real=0.00s
[285.914s][info][gc,start       ] GC(172) Pause Young (Allocation Failure)
[285.919s][info][gc,heap        ] GC(172) PSYoungGen: 250289K(300032K)->11431K(299008K) Eden: 248651K(249856K)->0K(249856K) From: 1638K(50176K)->11431K(49152K)
[285.919s][info][gc,heap        ] GC(172) ParOldGen: 61460K(699392K)->62362K(699392K)
[285.919s][info][gc,metaspace   ] GC(172) Metaspace: 43141K(43712K)->43141K(43712K) NonClass: 39843K(40192K)->39843K(40192K) Class: 3297K(3520K)->3297K(3520K)
[285.919s][info][gc             ] GC(172) Pause Young (Allocation Failure) 304M->72M(975M) 4.463ms
[285.919s][info][gc,cpu         ] GC(172) User=0.00s Sys=0.00s Real=0.01s
[286.150s][info][gc,start       ] GC(173) Pause Young (Allocation Failure)
[286.154s][info][gc,heap        ] GC(173) PSYoungGen: 260610K(299008K)->2108K(304128K) Eden: 249179K(249856K)->0K(258048K) From: 11431K(49152K)->2108K(46080K)
[286.154s][info][gc,heap        ] GC(173) ParOldGen: 62362K(699392K)->73725K(699392K)
[286.154s][info][gc,metaspace   ] GC(173) Metaspace: 43141K(43712K)->43141K(43712K) NonClass: 39843K(40192K)->39843K(40192K) Class: 3297K(3520K)->3297K(3520K)
[286.155s][info][gc             ] GC(173) Pause Young (Allocation Failure) 315M->74M(980M) 4.283ms
[286.155s][info][gc,cpu         ] GC(173) User=0.00s Sys=0.00s Real=0.00s
[286.396s][info][gc,start       ] GC(174) Pause Young (Allocation Failure)
[286.398s][info][gc,heap        ] GC(174) PSYoungGen: 260156K(304128K)->2272K(303104K) Eden: 258048K(258048K)->0K(258048K) From: 2108K(46080K)->2272K(45056K)
[286.398s][info][gc,heap        ] GC(174) ParOldGen: 73725K(699392K)->75777K(699392K)
[286.398s][info][gc,metaspace   ] GC(174) Metaspace: 43141K(43712K)->43141K(43712K) NonClass: 39843K(40192K)->39843K(40192K) Class: 3297K(3520K)->3297K(3520K)
[286.398s][info][gc             ] GC(174) Pause Young (Allocation Failure) 326M->76M(979M) 2.253ms
[286.398s][info][gc,cpu         ] GC(174) User=0.00s Sys=0.00s Real=0.00s
[286.661s][info][gc,start       ] GC(175) Pause Young (Allocation Failure)
[286.664s][info][gc,heap        ] GC(175) PSYoungGen: 258583K(303104K)->6297K(307712K) Eden: 256310K(258048K)->0K(264192K) From: 2272K(45056K)->6297K(43520K)
[286.664s][info][gc,heap        ] GC(175) ParOldGen: 75777K(699392K)->77982K(699392K)
[286.664s][info][gc,metaspace   ] GC(175) Metaspace: 43145K(43712K)->43145K(43712K) NonClass: 39847K(40192K)->39847K(40192K) Class: 3297K(3520K)->3297K(3520K)
[286.664s][info][gc             ] GC(175) Pause Young (Allocation Failure) 326M->82M(983M) 3.331ms
[286.664s][info][gc,cpu         ] GC(175) User=0.00s Sys=0.00s Real=0.00s
[286.932s][info][gc,start       ] GC(176) Pause Young (Allocation Failure)
[286.937s][info][gc,heap        ] GC(176) PSYoungGen: 269147K(307712K)->6037K(305664K) Eden: 262849K(264192K)->0K(264192K) From: 6297K(43520K)->6037K(41472K)
[286.937s][info][gc,heap        ] GC(176) ParOldGen: 77982K(699392K)->84276K(699392K)
[286.937s][info][gc,metaspace   ] GC(176) Metaspace: 43145K(43712K)->43145K(43712K) NonClass: 39847K(40192K)->39847K(40192K) Class: 3297K(3520K)->3297K(3520K)
[286.937s][info][gc             ] GC(176) Pause Young (Allocation Failure) 338M->88M(981M) 4.694ms
[286.937s][info][gc,cpu         ] GC(176) User=0.02s Sys=0.00s Real=0.00s
[287.232s][info][gc,start       ] GC(177) Pause Young (Allocation Failure)
[287.238s][info][gc,heap        ] GC(177) PSYoungGen: 268885K(305664K)->7680K(312320K) Eden: 262847K(264192K)->0K(272896K) From: 6037K(41472K)->7680K(39424K)
[287.238s][info][gc,heap        ] GC(177) ParOldGen: 84276K(699392K)->90387K(699392K)
[287.238s][info][gc,metaspace   ] GC(177) Metaspace: 43145K(43712K)->43145K(43712K) NonClass: 39847K(40192K)->39847K(40192K) Class: 3297K(3520K)->3297K(3520K)
[287.238s][info][gc             ] GC(177) Pause Young (Allocation Failure) 344M->95M(988M) 5.242ms
[287.238s][info][gc,cpu         ] GC(177) User=0.08s Sys=0.02s Real=0.01s
[287.729s][info][gc,start       ] GC(178) Pause Young (Allocation Failure)
[287.737s][info][gc,heap        ] GC(178) PSYoungGen: 280576K(312320K)->15716K(309760K) Eden: 272896K(272896K)->0K(272896K) From: 7680K(39424K)->15716K(36864K)
[287.737s][info][gc,heap        ] GC(178) ParOldGen: 90387K(699392K)->97847K(699392K)
[287.737s][info][gc,metaspace   ] GC(178) Metaspace: 43146K(43712K)->43146K(43712K) NonClass: 39848K(40192K)->39848K(40192K) Class: 3297K(3520K)->3297K(3520K)
[287.737s][info][gc             ] GC(178) Pause Young (Allocation Failure) 362M->110M(985M) 8.234ms
[287.737s][info][gc,cpu         ] GC(178) User=0.09s Sys=0.00s Real=0.01s
[288.121s][info][gc,start       ] GC(179) Pause Young (Allocation Failure)
[288.128s][info][gc,heap        ] GC(179) PSYoungGen: 288612K(309760K)->5454K(314368K) Eden: 272896K(272896K)->0K(278016K) From: 15716K(36864K)->5454K(36352K)
[288.128s][info][gc,heap        ] GC(179) ParOldGen: 97847K(699392K)->113087K(699392K)
[288.128s][info][gc,metaspace   ] GC(179) Metaspace: 43148K(43712K)->43148K(43712K) NonClass: 39851K(40192K)->39851K(40192K) Class: 3297K(3520K)->3297K(3520K)
[288.128s][info][gc             ] GC(179) Pause Young (Allocation Failure) 377M->115M(990M) 6.870ms
[288.128s][info][gc,cpu         ] GC(179) User=0.09s Sys=0.00s Real=0.01s
[288.498s][info][gc,start       ] GC(180) Pause Young (Allocation Failure)
[288.500s][info][gc,heap        ] GC(180) PSYoungGen: 283470K(314368K)->2760K(312832K) Eden: 278016K(278016K)->0K(278016K) From: 5454K(36352K)->2760K(34816K)
[288.500s][info][gc,heap        ] GC(180) ParOldGen: 113087K(699392K)->113783K(699392K)
[288.500s][info][gc,metaspace   ] GC(180) Metaspace: 43160K(43712K)->43160K(43712K) NonClass: 39862K(40192K)->39862K(40192K) Class: 3297K(3520K)->3297K(3520K)
[288.500s][info][gc             ] GC(180) Pause Young (Allocation Failure) 387M->113M(988M) 1.973ms
[288.500s][info][gc,cpu         ] GC(180) User=0.08s Sys=0.00s Real=0.00s
[288.874s][info][gc,start       ] GC(181) Pause Young (Allocation Failure)
[288.875s][info][gc,heap        ] GC(181) PSYoungGen: 280776K(312832K)->480K(316416K) Eden: 278016K(278016K)->0K(282624K) From: 2760K(34816K)->480K(33792K)
[288.875s][info][gc,heap        ] GC(181) ParOldGen: 113783K(699392K)->113783K(699392K)
[288.875s][info][gc,metaspace   ] GC(181) Metaspace: 43192K(43712K)->43192K(43712K) NonClass: 39895K(40192K)->39895K(40192K) Class: 3297K(3520K)->3297K(3520K)
[288.875s][info][gc             ] GC(181) Pause Young (Allocation Failure) 385M->111M(992M) 0.942ms
[288.875s][info][gc,cpu         ] GC(181) User=0.00s Sys=0.00s Real=0.00s
[289.277s][info][gc,start       ] GC(182) Pause Young (Allocation Failure)
[289.279s][info][gc,heap        ] GC(182) PSYoungGen: 283104K(316416K)->7272K(315392K) Eden: 282624K(282624K)->0K(282624K) From: 480K(33792K)->7272K(32768K)
[289.279s][info][gc,heap        ] GC(182) ParOldGen: 113783K(699392K)->113839K(699392K)
[289.279s][info][gc,metaspace   ] GC(182) Metaspace: 43193K(43712K)->43193K(43712K) NonClass: 39895K(40192K)->39895K(40192K) Class: 3297K(3520K)->3297K(3520K)
[289.279s][info][gc             ] GC(182) Pause Young (Allocation Failure) 387M->118M(991M) 2.358ms
[289.279s][info][gc,cpu         ] GC(182) User=0.00s Sys=0.00s Real=0.00s
[290.099s][info][gc,start       ] GC(183) Pause Young (Allocation Failure)
[290.100s][info][gc,heap        ] GC(183) PSYoungGen: 289896K(315392K)->544K(319488K) Eden: 282624K(282624K)->0K(288768K) From: 7272K(32768K)->544K(30720K)
[290.100s][info][gc,heap        ] GC(183) ParOldGen: 113839K(699392K)->113975K(699392K)
[290.100s][info][gc,metaspace   ] GC(183) Metaspace: 43226K(43776K)->43226K(43776K) NonClass: 39928K(40256K)->39928K(40256K) Class: 3298K(3520K)->3298K(3520K)
[290.100s][info][gc             ] GC(183) Pause Young (Allocation Failure) 394M->111M(995M) 1.357ms
[290.100s][info][gc,cpu         ] GC(183) User=0.00s Sys=0.00s Real=0.00s
[291.275s][info][gc,start       ] GC(184) Pause Young (Allocation Failure)
[291.286s][info][gc,heap        ] GC(184) PSYoungGen: 289312K(319488K)->25871K(307712K) Eden: 288768K(288768K)->0K(281600K) From: 544K(30720K)->25871K(26112K)
[291.286s][info][gc,heap        ] GC(184) ParOldGen: 113975K(699392K)->114359K(699392K)
[291.286s][info][gc,metaspace   ] GC(184) Metaspace: 43266K(43776K)->43266K(43776K) NonClass: 39968K(40256K)->39968K(40256K) Class: 3298K(3520K)->3298K(3520K)
[291.286s][info][gc             ] GC(184) Pause Young (Allocation Failure) 393M->136M(983M) 11.424ms
[291.286s][info][gc,cpu         ] GC(184) User=0.08s Sys=0.02s Real=0.01s
[291.742s][info][gc,start       ] GC(185) Pause Young (Allocation Failure)
[291.766s][info][gc,heap        ] GC(185) PSYoungGen: 307471K(307712K)->31672K(303616K) Eden: 281600K(281600K)->0K(269312K) From: 25871K(26112K)->31672K(34304K)
[291.766s][info][gc,heap        ] GC(185) ParOldGen: 114359K(699392K)->139405K(699392K)
[291.766s][info][gc,metaspace   ] GC(185) Metaspace: 43266K(43776K)->43266K(43776K) NonClass: 39968K(40256K)->39968K(40256K) Class: 3298K(3520K)->3298K(3520K)
[291.766s][info][gc             ] GC(185) Pause Young (Allocation Failure) 411M->167M(979M) 23.873ms
[291.766s][info][gc,cpu         ] GC(185) User=0.19s Sys=0.00s Real=0.03s
[292.250s][info][gc,start       ] GC(186) Pause Young (Allocation Failure)
[292.277s][info][gc,heap        ] GC(186) PSYoungGen: 300984K(303616K)->31120K(300544K) Eden: 269312K(269312K)->0K(269312K) From: 31672K(34304K)->31120K(31232K)
[292.277s][info][gc,heap        ] GC(186) ParOldGen: 139405K(699392K)->169093K(699392K)
[292.277s][info][gc,metaspace   ] GC(186) Metaspace: 43266K(43776K)->43266K(43776K) NonClass: 39968K(40256K)->39968K(40256K) Class: 3298K(3520K)->3298K(3520K)
[292.277s][info][gc             ] GC(186) Pause Young (Allocation Failure) 430M->195M(976M) 26.511ms
[292.277s][info][gc,cpu         ] GC(186) User=0.09s Sys=0.00s Real=0.03s
[293.527s][info][gc,start       ] GC(187) Pause Young (System.gc())
[293.543s][info][gc,heap        ] GC(187) PSYoungGen: 172179K(300544K)->9328K(307200K) Eden: 141059K(269312K)->0K(262656K) From: 31120K(31232K)->9328K(44544K)
[293.543s][info][gc,heap        ] GC(187) ParOldGen: 169093K(699392K)->200382K(699392K)
[293.543s][info][gc,metaspace   ] GC(187) Metaspace: 43270K(43776K)->43270K(43776K) NonClass: 39972K(40256K)->39972K(40256K) Class: 3298K(3520K)->3298K(3520K)
[293.543s][info][gc             ] GC(187) Pause Young (System.gc()) 333M->204M(983M) 16.501ms
[293.543s][info][gc,cpu         ] GC(187) User=0.08s Sys=0.00s Real=0.02s
[293.543s][info][gc,start       ] GC(188) Pause Full (System.gc())
[293.543s][info][gc,phases,start] GC(188) Marking Phase
[293.568s][info][gc,phases      ] GC(188) Marking Phase 24.515ms
[293.568s][info][gc,phases,start] GC(188) Summary Phase
[293.568s][info][gc,phases      ] GC(188) Summary Phase 0.012ms
[293.568s][info][gc,phases,start] GC(188) Adjust Roots
[293.578s][info][gc,phases      ] GC(188) Adjust Roots 9.774ms
[293.578s][info][gc,phases,start] GC(188) Compaction Phase
[293.583s][info][gc,phases      ] GC(188) Compaction Phase 5.382ms
[293.583s][info][gc,phases,start] GC(188) Post Compact
[293.584s][info][gc,phases      ] GC(188) Post Compact 1.030ms
[293.584s][info][gc,heap        ] GC(188) PSYoungGen: 9328K(307200K)->0K(307200K) Eden: 0K(262656K)->0K(262656K) From: 9328K(44544K)->0K(44544K)
[293.584s][info][gc,heap        ] GC(188) ParOldGen: 200382K(699392K)->21547K(699392K)
[293.584s][info][gc,metaspace   ] GC(188) Metaspace: 43270K(43776K)->43270K(43776K) NonClass: 39972K(40256K)->39972K(40256K) Class: 3298K(3520K)->3298K(3520K)
[293.584s][info][gc             ] GC(188) Pause Full (System.gc()) 204M->21M(983M) 41.020ms
[293.584s][info][gc,cpu         ] GC(188) User=0.12s Sys=0.00s Real=0.04s
[301.711s][info][gc,start       ] GC(189) Pause Young (Allocation Failure)
[301.713s][info][gc,heap        ] GC(189) PSYoungGen: 262656K(307200K)->2679K(304640K) Eden: 262656K(262656K)->0K(262656K) From: 0K(44544K)->2679K(41984K)
[301.713s][info][gc,heap        ] GC(189) ParOldGen: 21547K(699392K)->21547K(699392K)
[301.713s][info][gc,metaspace   ] GC(189) Metaspace: 43275K(43840K)->43275K(43840K) NonClass: 39977K(40320K)->39977K(40320K) Class: 3298K(3520K)->3298K(3520K)
[301.713s][info][gc             ] GC(189) Pause Young (Allocation Failure) 277M->23M(980M) 1.702ms
[301.713s][info][gc,cpu         ] GC(189) User=0.00s Sys=0.00s Real=0.00s
[314.365s][info][gc,start       ] GC(190) Pause Young (Allocation Failure)
[314.367s][info][gc,heap        ] GC(190) PSYoungGen: 265335K(304640K)->4278K(309760K) Eden: 262656K(262656K)->0K(268800K) From: 2679K(41984K)->4278K(40960K)
[314.367s][info][gc,heap        ] GC(190) ParOldGen: 21547K(699392K)->22487K(699392K)
[314.367s][info][gc,metaspace   ] GC(190) Metaspace: 43282K(43840K)->43282K(43840K) NonClass: 39983K(40320K)->39983K(40320K) Class: 3299K(3520K)->3299K(3520K)
[314.367s][info][gc             ] GC(190) Pause Young (Allocation Failure) 280M->26M(985M) 2.185ms
[314.367s][info][gc,cpu         ] GC(190) User=0.00s Sys=0.00s Real=0.02s
[316.404s][info][gc,start       ] GC(191) Pause Young (Allocation Failure)
[316.406s][info][gc,heap        ] GC(191) PSYoungGen: 272210K(309760K)->4040K(308224K) Eden: 267932K(268800K)->0K(268800K) From: 4278K(40960K)->4040K(39424K)
[316.407s][info][gc,heap        ] GC(191) ParOldGen: 22487K(699392K)->25869K(699392K)
[316.407s][info][gc,metaspace   ] GC(191) Metaspace: 43290K(43904K)->43290K(43904K) NonClass: 39991K(40384K)->39991K(40384K) Class: 3299K(3520K)->3299K(3520K)
[316.407s][info][gc             ] GC(191) Pause Young (Allocation Failure) 287M->29M(984M) 2.534ms
[316.407s][info][gc,cpu         ] GC(191) User=0.08s Sys=0.00s Real=0.00s
[318.491s][info][gc,start       ] GC(192) Pause Young (Allocation Failure)
[318.495s][info][gc,heap        ] GC(192) PSYoungGen: 272840K(308224K)->9384K(313856K) Eden: 268800K(268800K)->0K(275968K) From: 4040K(39424K)->9384K(37888K)
[318.495s][info][gc,heap        ] GC(192) ParOldGen: 25869K(699392K)->29603K(699392K)
[318.495s][info][gc,metaspace   ] GC(192) Metaspace: 43307K(43904K)->43307K(43904K) NonClass: 40008K(40384K)->40008K(40384K) Class: 3299K(3520K)->3299K(3520K)
[318.495s][info][gc             ] GC(192) Pause Young (Allocation Failure) 291M->38M(989M) 3.712ms
[318.495s][info][gc,cpu         ] GC(192) User=0.00s Sys=0.00s Real=0.02s
[320.109s][info][gc,start       ] GC(193) Pause Young (Allocation Failure)
[320.121s][info][gc,heap        ] GC(193) PSYoungGen: 285352K(313856K)->35320K(304640K) Eden: 275968K(275968K)->0K(269312K) From: 9384K(37888K)->35320K(35328K)
[320.121s][info][gc,heap        ] GC(193) ParOldGen: 29603K(699392K)->31667K(699392K)
[320.121s][info][gc,metaspace   ] GC(193) Metaspace: 43310K(43904K)->43310K(43904K) NonClass: 40010K(40384K)->40010K(40384K) Class: 3299K(3520K)->3299K(3520K)
[320.121s][info][gc             ] GC(193) Pause Young (Allocation Failure) 307M->65M(980M) 11.665ms
[320.121s][info][gc,cpu         ] GC(193) User=0.00s Sys=0.00s Real=0.01s
[321.693s][info][gc,start       ] GC(194) Pause Young (Allocation Failure)
[321.702s][info][gc,heap        ] GC(194) PSYoungGen: 304632K(304640K)->16952K(304128K) Eden: 269312K(269312K)->0K(266240K) From: 35320K(35328K)->16952K(37888K)
[321.702s][info][gc,heap        ] GC(194) ParOldGen: 31667K(699392K)->42965K(699392K)
[321.702s][info][gc,metaspace   ] GC(194) Metaspace: 43310K(43904K)->43310K(43904K) NonClass: 40010K(40384K)->40010K(40384K) Class: 3299K(3520K)->3299K(3520K)
[321.702s][info][gc             ] GC(194) Pause Young (Allocation Failure) 328M->58M(980M) 9.187ms
[321.702s][info][gc,cpu         ] GC(194) User=0.00s Sys=0.00s Real=0.01s
[322.678s][info][gc,start       ] GC(195) Pause Young (Allocation Failure)
[322.688s][info][gc,heap        ] GC(195) PSYoungGen: 283192K(304128K)->26414K(292864K) Eden: 266240K(266240K)->0K(266240K) From: 16952K(37888K)->26414K(26624K)
[322.688s][info][gc,heap        ] GC(195) ParOldGen: 42965K(699392K)->55393K(699392K)
[322.688s][info][gc,metaspace   ] GC(195) Metaspace: 43312K(43904K)->43312K(43904K) NonClass: 40012K(40384K)->40012K(40384K) Class: 3299K(3520K)->3299K(3520K)
[322.688s][info][gc             ] GC(195) Pause Young (Allocation Failure) 318M->79M(969M) 10.418ms
[322.688s][info][gc,cpu         ] GC(195) User=0.09s Sys=0.00s Real=0.02s
[323.777s][info][gc,start       ] GC(196) Pause Young (Allocation Failure)
[323.779s][info][gc,heap        ] GC(196) PSYoungGen: 292654K(292864K)->4939K(306688K) Eden: 266240K(266240K)->0K(263168K) From: 26414K(26624K)->4939K(43520K)
[323.779s][info][gc,heap        ] GC(196) ParOldGen: 55393K(699392K)->58008K(699392K)
[323.779s][info][gc,metaspace   ] GC(196) Metaspace: 43313K(43904K)->43313K(43904K) NonClass: 40014K(40384K)->40014K(40384K) Class: 3299K(3520K)->3299K(3520K)
[323.779s][info][gc             ] GC(196) Pause Young (Allocation Failure) 339M->61M(982M) 2.703ms
[323.779s][info][gc,cpu         ] GC(196) User=0.00s Sys=0.00s Real=0.01s
[324.293s][info][gc,start       ] GC(197) Pause Young (Allocation Failure)
[324.296s][info][gc,heap        ] GC(197) PSYoungGen: 266473K(306688K)->6471K(305664K) Eden: 261534K(263168K)->0K(263168K) From: 4939K(43520K)->6471K(42496K)
[324.296s][info][gc,heap        ] GC(197) ParOldGen: 58008K(699392K)->58925K(699392K)
[324.296s][info][gc,metaspace   ] GC(197) Metaspace: 43313K(43904K)->43313K(43904K) NonClass: 40014K(40384K)->40014K(40384K) Class: 3299K(3520K)->3299K(3520K)
[324.296s][info][gc             ] GC(197) Pause Young (Allocation Failure) 316M->63M(981M) 2.584ms
[324.296s][info][gc,cpu         ] GC(197) User=0.00s Sys=0.00s Real=0.00s
[324.546s][info][gc,start       ] GC(198) Pause Young (Allocation Failure)
[324.550s][info][gc,heap        ] GC(198) PSYoungGen: 269639K(305664K)->2993K(309248K) Eden: 263168K(263168K)->0K(268800K) From: 6471K(42496K)->2993K(40448K)
[324.550s][info][gc,heap        ] GC(198) ParOldGen: 58925K(699392K)->65353K(699392K)
[324.550s][info][gc,metaspace   ] GC(198) Metaspace: 43316K(43904K)->43316K(43904K) NonClass: 40016K(40384K)->40016K(40384K) Class: 3299K(3520K)->3299K(3520K)
[324.550s][info][gc             ] GC(198) Pause Young (Allocation Failure) 320M->66M(985M) 3.627ms
[324.550s][info][gc,cpu         ] GC(198) User=0.00s Sys=0.00s Real=0.00s
[324.810s][info][gc,start       ] GC(199) Pause Young (Allocation Failure)
[324.813s][info][gc,heap        ] GC(199) PSYoungGen: 270782K(309248K)->4469K(308736K) Eden: 267788K(268800K)->0K(268800K) From: 2993K(40448K)->4469K(39936K)
[324.813s][info][gc,heap        ] GC(199) ParOldGen: 65353K(699392K)->68235K(699392K)
[324.813s][info][gc,metaspace   ] GC(199) Metaspace: 43318K(43904K)->43318K(43904K) NonClass: 40018K(40384K)->40018K(40384K) Class: 3299K(3520K)->3299K(3520K)
[324.813s][info][gc             ] GC(199) Pause Young (Allocation Failure) 328M->71M(984M) 3.234ms
[324.813s][info][gc,cpu         ] GC(199) User=0.02s Sys=0.00s Real=0.01s
[325.087s][info][gc,start       ] GC(200) Pause Young (Allocation Failure)
[325.092s][info][gc,heap        ] GC(200) PSYoungGen: 272467K(308736K)->6990K(312832K) Eden: 267997K(268800K)->0K(274432K) From: 4469K(39936K)->6990K(38400K)
[325.092s][info][gc,heap        ] GC(200) ParOldGen: 68235K(699392K)->72587K(699392K)
[325.092s][info][gc,metaspace   ] GC(200) Metaspace: 43318K(43904K)->43318K(43904K) NonClass: 40018K(40384K)->40018K(40384K) Class: 3299K(3520K)->3299K(3520K)
[325.092s][info][gc             ] GC(200) Pause Young (Allocation Failure) 332M->77M(988M) 4.526ms
[325.092s][info][gc,cpu         ] GC(200) User=0.00s Sys=0.00s Real=0.01s
[325.396s][info][gc,start       ] GC(201) Pause Young (Allocation Failure)
[325.401s][info][gc,heap        ] GC(201) PSYoungGen: 281312K(312832K)->9052K(310784K) Eden: 274321K(274432K)->0K(274432K) From: 6990K(38400K)->9052K(36352K)
[325.401s][info][gc,heap        ] GC(201) ParOldGen: 72587K(699392K)->79540K(699392K)
[325.401s][info][gc,metaspace   ] GC(201) Metaspace: 43321K(43904K)->43321K(43904K) NonClass: 40021K(40384K)->40021K(40384K) Class: 3299K(3520K)->3299K(3520K)
[325.401s][info][gc             ] GC(201) Pause Young (Allocation Failure) 345M->86M(986M) 5.764ms
[325.401s][info][gc,cpu         ] GC(201) User=0.00s Sys=0.00s Real=0.02s
[325.828s][info][gc,start       ] GC(202) Pause Young (Allocation Failure)
[325.834s][info][gc,heap        ] GC(202) PSYoungGen: 283484K(310784K)->10684K(317440K) Eden: 274432K(274432K)->0K(283136K) From: 9052K(36352K)->10684K(34304K)
[325.834s][info][gc,heap        ] GC(202) ParOldGen: 79540K(699392K)->88430K(699392K)
[325.834s][info][gc,metaspace   ] GC(202) Metaspace: 43321K(43904K)->43321K(43904K) NonClass: 40022K(40384K)->40022K(40384K) Class: 3299K(3520K)->3299K(3520K)
[325.834s][info][gc             ] GC(202) Pause Young (Allocation Failure) 354M->96M(993M) 6.409ms
[325.834s][info][gc,cpu         ] GC(202) User=0.00s Sys=0.00s Real=0.01s
[326.258s][info][gc,start       ] GC(203) Pause Young (Allocation Failure)
[326.264s][info][gc,heap        ] GC(203) PSYoungGen: 293820K(317440K)->6942K(314880K) Eden: 283136K(283136K)->0K(283136K) From: 10684K(34304K)->6942K(31744K)
[326.264s][info][gc,heap        ] GC(203) ParOldGen: 88430K(699392K)->99297K(699392K)
[326.264s][info][gc,metaspace   ] GC(203) Metaspace: 43321K(43904K)->43321K(43904K) NonClass: 40022K(40384K)->40022K(40384K) Class: 3299K(3520K)->3299K(3520K)
[326.264s][info][gc             ] GC(203) Pause Young (Allocation Failure) 373M->103M(990M) 5.926ms
[326.264s][info][gc,cpu         ] GC(203) User=0.00s Sys=0.00s Real=0.01s
[326.643s][info][gc,start       ] GC(204) Pause Young (Allocation Failure)
[326.644s][info][gc,heap        ] GC(204) PSYoungGen: 290078K(314880K)->1632K(319488K) Eden: 283136K(283136K)->0K(289280K) From: 6942K(31744K)->1632K(30208K)
[326.644s][info][gc,heap        ] GC(204) ParOldGen: 99297K(699392K)->102480K(699392K)
[326.644s][info][gc,metaspace   ] GC(204) Metaspace: 43336K(43904K)->43336K(43904K) NonClass: 40037K(40384K)->40037K(40384K) Class: 3299K(3520K)->3299K(3520K)
[326.644s][info][gc             ] GC(204) Pause Young (Allocation Failure) 380M->101M(995M) 1.917ms
[326.644s][info][gc,cpu         ] GC(204) User=0.00s Sys=0.00s Real=0.00s
[327.032s][info][gc,start       ] GC(205) Pause Young (Allocation Failure)
[327.034s][info][gc,heap        ] GC(205) PSYoungGen: 290912K(319488K)->4068K(318976K) Eden: 289280K(289280K)->0K(289280K) From: 1632K(30208K)->4068K(29696K)
[327.034s][info][gc,heap        ] GC(205) ParOldGen: 102480K(699392K)->102496K(699392K)
[327.034s][info][gc,metaspace   ] GC(205) Metaspace: 43338K(43904K)->43338K(43904K) NonClass: 40039K(40384K)->40039K(40384K) Class: 3299K(3520K)->3299K(3520K)
[327.034s][info][gc             ] GC(205) Pause Young (Allocation Failure) 384M->104M(994M) 2.058ms
[327.034s][info][gc,cpu         ] GC(205) User=0.00s Sys=0.00s Real=0.00s
[327.447s][info][gc,start       ] GC(206) Pause Young (Allocation Failure)
[327.448s][info][gc,heap        ] GC(206) PSYoungGen: 293348K(318976K)->2886K(321536K) Eden: 289280K(289280K)->0K(292864K) From: 4068K(29696K)->2886K(28672K)
[327.448s][info][gc,heap        ] GC(206) ParOldGen: 102496K(699392K)->102560K(699392K)
[327.448s][info][gc,metaspace   ] GC(206) Metaspace: 43339K(43904K)->43339K(43904K) NonClass: 40039K(40384K)->40039K(40384K) Class: 3299K(3520K)->3299K(3520K)
[327.448s][info][gc             ] GC(206) Pause Young (Allocation Failure) 386M->102M(997M) 1.249ms
[327.448s][info][gc,cpu         ] GC(206) User=0.00s Sys=0.00s Real=0.00s
[328.129s][info][gc,start       ] GC(207) Pause Young (Allocation Failure)
[328.130s][info][gc,heap        ] GC(207) PSYoungGen: 295750K(321536K)->416K(320512K) Eden: 292864K(292864K)->0K(292864K) From: 2886K(28672K)->416K(27648K)
[328.130s][info][gc,heap        ] GC(207) ParOldGen: 102560K(699392K)->102712K(699392K)
[328.130s][info][gc,metaspace   ] GC(207) Metaspace: 43346K(43904K)->43346K(43904K) NonClass: 40046K(40384K)->40046K(40384K) Class: 3299K(3520K)->3299K(3520K)
[328.130s][info][gc             ] GC(207) Pause Young (Allocation Failure) 388M->100M(996M) 0.699ms
[328.130s][info][gc,cpu         ] GC(207) User=0.00s Sys=0.00s Real=0.00s
[329.435s][info][gc,start       ] GC(208) Pause Young (Allocation Failure)
[329.443s][info][gc,heap        ] GC(208) PSYoungGen: 293280K(320512K)->19535K(316928K) Eden: 292864K(292864K)->0K(289792K) From: 416K(27648K)->19535K(27136K)
[329.443s][info][gc,heap        ] GC(208) ParOldGen: 102712K(699392K)->103016K(699392K)
[329.443s][info][gc,metaspace   ] GC(208) Metaspace: 43362K(43904K)->43362K(43904K) NonClass: 40063K(40384K)->40063K(40384K) Class: 3299K(3520K)->3299K(3520K)
[329.443s][info][gc             ] GC(208) Pause Young (Allocation Failure) 386M->119M(992M) 8.566ms
[329.443s][info][gc,cpu         ] GC(208) User=0.09s Sys=0.00s Real=0.01s
[329.917s][info][gc,start       ] GC(209) Pause Young (Allocation Failure)
[329.939s][info][gc,heap        ] GC(209) PSYoungGen: 309327K(316928K)->29688K(319488K) Eden: 289792K(289792K)->0K(289792K) From: 19535K(27136K)->29688K(29696K)
[329.939s][info][gc,heap        ] GC(209) ParOldGen: 103016K(699392K)->124762K(699392K)
[329.939s][info][gc,metaspace   ] GC(209) Metaspace: 43362K(43904K)->43362K(43904K) NonClass: 40063K(40384K)->40063K(40384K) Class: 3299K(3520K)->3299K(3520K)
[329.939s][info][gc             ] GC(209) Pause Young (Allocation Failure) 402M->150M(995M) 21.963ms
[329.939s][info][gc,cpu         ] GC(209) User=0.19s Sys=0.00s Real=0.03s
[330.452s][info][gc,start       ] GC(210) Pause Young (Allocation Failure)
[330.480s][info][gc,heap        ] GC(210) PSYoungGen: 319480K(319488K)->29680K(262144K) Eden: 289792K(289792K)->0K(232448K) From: 29688K(29696K)->29680K(29696K)
[330.480s][info][gc,heap        ] GC(210) ParOldGen: 124762K(699392K)->155883K(699392K)
[330.480s][info][gc,metaspace   ] GC(210) Metaspace: 43362K(43904K)->43362K(43904K) NonClass: 40063K(40384K)->40063K(40384K) Class: 3299K(3520K)->3299K(3520K)
[330.480s][info][gc             ] GC(210) Pause Young (Allocation Failure) 433M->181M(939M) 27.193ms
[330.480s][info][gc,cpu         ] GC(210) User=0.09s Sys=0.00s Real=0.03s
[331.852s][info][gc,start       ] GC(211) Pause Young (System.gc())
[331.868s][info][gc,heap        ] GC(211) PSYoungGen: 179285K(262144K)->7264K(290816K) Eden: 149605K(232448K)->0K(232448K) From: 29680K(29696K)->7264K(58368K)
[331.868s][info][gc,heap        ] GC(211) ParOldGen: 155883K(699392K)->185827K(699392K)
[331.868s][info][gc,metaspace   ] GC(211) Metaspace: 43364K(43904K)->43364K(43904K) NonClass: 40064K(40384K)->40064K(40384K) Class: 3299K(3520K)->3299K(3520K)
[331.868s][info][gc             ] GC(211) Pause Young (System.gc()) 327M->188M(967M) 16.678ms
[331.868s][info][gc,cpu         ] GC(211) User=0.09s Sys=0.00s Real=0.02s
[331.868s][info][gc,start       ] GC(212) Pause Full (System.gc())
[331.868s][info][gc,phases,start] GC(212) Marking Phase
[331.894s][info][gc,phases      ] GC(212) Marking Phase 25.266ms
[331.894s][info][gc,phases,start] GC(212) Summary Phase
[331.894s][info][gc,phases      ] GC(212) Summary Phase 0.011ms
[331.894s][info][gc,phases,start] GC(212) Adjust Roots
[331.904s][info][gc,phases      ] GC(212) Adjust Roots 9.923ms
[331.904s][info][gc,phases,start] GC(212) Compaction Phase
[331.908s][info][gc,phases      ] GC(212) Compaction Phase 4.224ms
[331.908s][info][gc,phases,start] GC(212) Post Compact
[331.909s][info][gc,phases      ] GC(212) Post Compact 0.920ms
[331.909s][info][gc,heap        ] GC(212) PSYoungGen: 7264K(290816K)->0K(290816K) Eden: 0K(232448K)->0K(232448K) From: 7264K(58368K)->0K(58368K)
[331.909s][info][gc,heap        ] GC(212) ParOldGen: 185827K(699392K)->16118K(699392K)
[331.909s][info][gc,metaspace   ] GC(212) Metaspace: 43364K(43904K)->43364K(43904K) NonClass: 40064K(40384K)->40064K(40384K) Class: 3299K(3520K)->3299K(3520K)
[331.909s][info][gc             ] GC(212) Pause Full (System.gc()) 188M->15M(967M) 40.630ms
[331.909s][info][gc,cpu         ] GC(212) User=0.12s Sys=0.00s Real=0.04s
[338.023s][info][gc,start       ] GC(213) Pause Young (Allocation Failure)
[338.025s][info][gc,heap        ] GC(213) PSYoungGen: 232448K(290816K)->2462K(294912K) Eden: 232448K(232448K)->0K(239104K) From: 0K(58368K)->2462K(55808K)
[338.025s][info][gc,heap        ] GC(213) ParOldGen: 16118K(699392K)->16118K(699392K)
[338.025s][info][gc,metaspace   ] GC(213) Metaspace: 43365K(43904K)->43365K(43904K) NonClass: 40065K(40384K)->40065K(40384K) Class: 3299K(3520K)->3299K(3520K)
[338.025s][info][gc             ] GC(213) Pause Young (Allocation Failure) 242M->18M(971M) 1.561ms
[338.025s][info][gc,cpu         ] GC(213) User=0.00s Sys=0.00s Real=0.00s
[352.418s][info][gc,start       ] GC(214) Pause Young (Allocation Failure)
[352.420s][info][gc,heap        ] GC(214) PSYoungGen: 241566K(294912K)->3500K(293376K) Eden: 239104K(239104K)->0K(239104K) From: 2462K(55808K)->3500K(54272K)
[352.420s][info][gc,heap        ] GC(214) ParOldGen: 16118K(699392K)->17101K(699392K)
[352.420s][info][gc,metaspace   ] GC(214) Metaspace: 43366K(43904K)->43366K(43904K) NonClass: 40066K(40384K)->40066K(40384K) Class: 3299K(3520K)->3299K(3520K)
[352.420s][info][gc             ] GC(214) Pause Young (Allocation Failure) 251M->20M(969M) 1.860ms
[352.420s][info][gc,cpu         ] GC(214) User=0.00s Sys=0.00s Real=0.00s
[354.040s][info][gc,start       ] GC(215) Pause Young (Allocation Failure)
[354.044s][info][gc,heap        ] GC(215) PSYoungGen: 242604K(293376K)->7766K(299520K) Eden: 239104K(239104K)->0K(246784K) From: 3500K(54272K)->7766K(52736K)
[354.044s][info][gc,heap        ] GC(215) ParOldGen: 17101K(699392K)->20522K(699392K)
[354.044s][info][gc,metaspace   ] GC(215) Metaspace: 43366K(43904K)->43366K(43904K) NonClass: 40066K(40384K)->40066K(40384K) Class: 3299K(3520K)->3299K(3520K)
[354.044s][info][gc             ] GC(215) Pause Young (Allocation Failure) 253M->27M(975M) 4.337ms
[354.044s][info][gc,cpu         ] GC(215) User=0.00s Sys=0.00s Real=0.01s
[355.952s][info][gc,start       ] GC(216) Pause Young (Allocation Failure)
[355.954s][info][gc,heap        ] GC(216) PSYoungGen: 254550K(299520K)->6990K(296448K) Eden: 246784K(246784K)->0K(246784K) From: 7766K(52736K)->6990K(49664K)
[355.954s][info][gc,heap        ] GC(216) ParOldGen: 20522K(699392K)->20667K(699392K)
[355.954s][info][gc,metaspace   ] GC(216) Metaspace: 43367K(43904K)->43367K(43904K) NonClass: 40067K(40384K)->40067K(40384K) Class: 3299K(3520K)->3299K(3520K)
[355.954s][info][gc             ] GC(216) Pause Young (Allocation Failure) 268M->27M(972M) 2.197ms
[355.954s][info][gc,cpu         ] GC(216) User=0.00s Sys=0.00s Real=0.00s
[358.032s][info][gc,start       ] GC(217) Pause Young (Allocation Failure)
[358.036s][info][gc,heap        ] GC(217) PSYoungGen: 253774K(296448K)->12667K(305152K) Eden: 246784K(246784K)->0K(258048K) From: 6990K(49664K)->12667K(47104K)
[358.036s][info][gc,heap        ] GC(217) ParOldGen: 20667K(699392K)->24869K(699392K)
[358.036s][info][gc,metaspace   ] GC(217) Metaspace: 43368K(43904K)->43368K(43904K) NonClass: 40068K(40384K)->40068K(40384K) Class: 3299K(3520K)->3299K(3520K)
[358.036s][info][gc             ] GC(217) Pause Young (Allocation Failure) 268M->36M(981M) 3.922ms
[358.036s][info][gc,cpu         ] GC(217) User=0.00s Sys=0.00s Real=0.01s
[359.236s][info][gc,start       ] GC(218) Pause Young (Allocation Failure)
[359.247s][info][gc,heap        ] GC(218) PSYoungGen: 270715K(305152K)->26840K(302080K) Eden: 258048K(258048K)->0K(258048K) From: 12667K(47104K)->26840K(44032K)
[359.247s][info][gc,heap        ] GC(218) ParOldGen: 24869K(699392K)->30718K(699392K)
[359.247s][info][gc,metaspace   ] GC(218) Metaspace: 43372K(43904K)->43372K(43904K) NonClass: 40072K(40384K)->40072K(40384K) Class: 3299K(3520K)->3299K(3520K)
[359.247s][info][gc             ] GC(218) Pause Young (Allocation Failure) 288M->56M(978M) 11.064ms
[359.247s][info][gc,cpu         ] GC(218) User=0.00s Sys=0.00s Real=0.02s
[360.422s][info][gc,start       ] GC(219) Pause Young (Allocation Failure)
[360.434s][info][gc,heap        ] GC(219) PSYoungGen: 284888K(302080K)->16556K(305664K) Eden: 258048K(258048K)->0K(259584K) From: 26840K(44032K)->16556K(46080K)
[360.434s][info][gc,heap        ] GC(219) ParOldGen: 30718K(699392K)->50137K(699392K)
[360.434s][info][gc,metaspace   ] GC(219) Metaspace: 43374K(43904K)->43374K(43904K) NonClass: 40074K(40384K)->40074K(40384K) Class: 3299K(3520K)->3299K(3520K)
[360.434s][info][gc             ] GC(219) Pause Young (Allocation Failure) 308M->65M(981M) 11.493ms
[360.434s][info][gc,cpu         ] GC(219) User=0.00s Sys=0.00s Real=0.02s
[361.530s][info][gc,start       ] GC(220) Pause Young (Allocation Failure)
[361.536s][info][gc,heap        ] GC(220) PSYoungGen: 276140K(305664K)->5593K(303104K) Eden: 259584K(259584K)->0K(259584K) From: 16556K(46080K)->5593K(43520K)
[361.536s][info][gc,heap        ] GC(220) ParOldGen: 50137K(699392K)->65588K(699392K)
[361.536s][info][gc,metaspace   ] GC(220) Metaspace: 43374K(43904K)->43374K(43904K) NonClass: 40074K(40384K)->40074K(40384K) Class: 3299K(3520K)->3299K(3520K)
[361.536s][info][gc             ] GC(220) Pause Young (Allocation Failure) 318M->69M(979M) 6.352ms
[361.536s][info][gc,cpu         ] GC(220) User=0.09s Sys=0.00s Real=0.02s
[362.677s][info][gc,start       ] GC(221) Pause Young (Allocation Failure)
[362.682s][info][gc,heap        ] GC(221) PSYoungGen: 263646K(303104K)->14280K(309248K) Eden: 258053K(259584K)->0K(266752K) From: 5593K(43520K)->14280K(42496K)
[362.682s][info][gc,heap        ] GC(221) ParOldGen: 65588K(699392K)->65975K(699392K)
[362.682s][info][gc,metaspace   ] GC(221) Metaspace: 43383K(43968K)->43383K(43968K) NonClass: 40084K(40448K)->40084K(40448K) Class: 3299K(3520K)->3299K(3520K)
[362.682s][info][gc             ] GC(221) Pause Young (Allocation Failure) 321M->78M(985M) 5.068ms
[362.682s][info][gc,cpu         ] GC(221) User=0.00s Sys=0.00s Real=0.00s
[362.921s][info][gc,start       ] GC(222) Pause Young (Allocation Failure)
[362.926s][info][gc,heap        ] GC(222) PSYoungGen: 281032K(309248K)->1852K(306688K) Eden: 266752K(266752K)->0K(266752K) From: 14280K(42496K)->1852K(39936K)
[362.926s][info][gc,heap        ] GC(222) ParOldGen: 65975K(699392K)->80169K(699392K)
[362.926s][info][gc,metaspace   ] GC(222) Metaspace: 43383K(43968K)->43383K(43968K) NonClass: 40084K(40448K)->40084K(40448K) Class: 3299K(3520K)->3299K(3520K)
[362.926s][info][gc             ] GC(222) Pause Young (Allocation Failure) 338M->80M(982M) 4.956ms
[362.926s][info][gc,cpu         ] GC(222) User=0.00s Sys=0.00s Real=0.01s
[363.180s][info][gc,start       ] GC(223) Pause Young (Allocation Failure)
[363.182s][info][gc,heap        ] GC(223) PSYoungGen: 268553K(306688K)->2512K(310784K) Eden: 266700K(266752K)->0K(271360K) From: 1852K(39936K)->2512K(39424K)
[363.182s][info][gc,heap        ] GC(223) ParOldGen: 80169K(699392K)->81951K(699392K)
[363.182s][info][gc,metaspace   ] GC(223) Metaspace: 43383K(43968K)->43383K(43968K) NonClass: 40084K(40448K)->40084K(40448K) Class: 3299K(3520K)->3299K(3520K)
[363.182s][info][gc             ] GC(223) Pause Young (Allocation Failure) 340M->82M(986M) 2.277ms
[363.182s][info][gc,cpu         ] GC(223) User=0.00s Sys=0.00s Real=0.00s
[363.439s][info][gc,start       ] GC(224) Pause Young (Allocation Failure)
[363.442s][info][gc,heap        ] GC(224) PSYoungGen: 273670K(310784K)->3490K(309760K) Eden: 271157K(271360K)->0K(271360K) From: 2512K(39424K)->3490K(38400K)
[363.442s][info][gc,heap        ] GC(224) ParOldGen: 81951K(699392K)->84384K(699392K)
[363.442s][info][gc,metaspace   ] GC(224) Metaspace: 43383K(43968K)->43383K(43968K) NonClass: 40084K(40448K)->40084K(40448K) Class: 3299K(3520K)->3299K(3520K)
[363.442s][info][gc             ] GC(224) Pause Young (Allocation Failure) 347M->85M(985M) 2.650ms
[363.442s][info][gc,cpu         ] GC(224) User=0.00s Sys=0.00s Real=0.01s
[363.730s][info][gc,start       ] GC(225) Pause Young (Allocation Failure)
[363.735s][info][gc,heap        ] GC(225) PSYoungGen: 274304K(309760K)->8995K(314368K) Eden: 270813K(271360K)->0K(277504K) From: 3490K(38400K)->8995K(36864K)
[363.735s][info][gc,heap        ] GC(225) ParOldGen: 84384K(699392K)->87769K(699392K)
[363.735s][info][gc,metaspace   ] GC(225) Metaspace: 43383K(43968K)->43383K(43968K) NonClass: 40084K(40448K)->40084K(40448K) Class: 3299K(3520K)->3299K(3520K)
[363.735s][info][gc             ] GC(225) Pause Young (Allocation Failure) 350M->94M(990M) 4.889ms
[363.735s][info][gc,cpu         ] GC(225) User=0.09s Sys=0.00s Real=0.02s
[364.040s][info][gc,start       ] GC(226) Pause Young (Allocation Failure)
[364.046s][info][gc,heap        ] GC(226) PSYoungGen: 286499K(314368K)->7696K(312320K) Eden: 277504K(277504K)->0K(277504K) From: 8995K(36864K)->7696K(34816K)
[364.046s][info][gc,heap        ] GC(226) ParOldGen: 87769K(699392K)->96835K(699392K)
[364.046s][info][gc,metaspace   ] GC(226) Metaspace: 43383K(43968K)->43383K(43968K) NonClass: 40084K(40448K)->40084K(40448K) Class: 3299K(3520K)->3299K(3520K)
[364.046s][info][gc             ] GC(226) Pause Young (Allocation Failure) 365M->102M(988M) 6.007ms
[364.046s][info][gc,cpu         ] GC(226) User=0.02s Sys=0.00s Real=0.01s
[364.540s][info][gc,start       ] GC(227) Pause Young (Allocation Failure)
[364.547s][info][gc,heap        ] GC(227) PSYoungGen: 285200K(312320K)->15922K(316416K) Eden: 277504K(277504K)->0K(283648K) From: 7696K(34816K)->15922K(32768K)
[364.548s][info][gc,heap        ] GC(227) ParOldGen: 96835K(699392K)->104263K(699392K)
[364.548s][info][gc,metaspace   ] GC(227) Metaspace: 43387K(43968K)->43387K(43968K) NonClass: 40087K(40448K)->40087K(40448K) Class: 3299K(3520K)->3299K(3520K)
[364.548s][info][gc             ] GC(227) Pause Young (Allocation Failure) 373M->117M(992M) 7.777ms
[364.548s][info][gc,cpu         ] GC(227) User=0.09s Sys=0.00s Real=0.01s
[364.939s][info][gc,start       ] GC(228) Pause Young (Allocation Failure)
[364.944s][info][gc,heap        ] GC(228) PSYoungGen: 299570K(316416K)->1918K(316416K) Eden: 283648K(283648K)->0K(283648K) From: 15922K(32768K)->1918K(32768K)
[364.944s][info][gc,heap        ] GC(228) ParOldGen: 104263K(699392K)->119510K(699392K)
[364.944s][info][gc,metaspace   ] GC(228) Metaspace: 43395K(43968K)->43395K(43968K) NonClass: 40095K(40448K)->40095K(40448K) Class: 3299K(3520K)->3299K(3520K)
[364.944s][info][gc             ] GC(228) Pause Young (Allocation Failure) 394M->118M(992M) 5.085ms
[364.944s][info][gc,cpu         ] GC(228) User=0.00s Sys=0.00s Real=0.01s
[365.336s][info][gc,start       ] GC(229) Pause Young (Allocation Failure)
[365.338s][info][gc,heap        ] GC(229) PSYoungGen: 285566K(316416K)->1280K(317952K) Eden: 283648K(283648K)->0K(286208K) From: 1918K(32768K)->1280K(31744K)
[365.338s][info][gc,heap        ] GC(229) ParOldGen: 119510K(699392K)->120192K(699392K)
[365.338s][info][gc,metaspace   ] GC(229) Metaspace: 43398K(43968K)->43398K(43968K) NonClass: 40098K(40448K)->40098K(40448K) Class: 3299K(3520K)->3299K(3520K)
[365.338s][info][gc             ] GC(229) Pause Young (Allocation Failure) 395M->118M(993M) 1.362ms
[365.338s][info][gc,cpu         ] GC(229) User=0.00s Sys=0.00s Real=0.00s
[365.712s][info][gc,start       ] GC(230) Pause Young (Allocation Failure)
[365.714s][info][gc,heap        ] GC(230) PSYoungGen: 287488K(317952K)->4696K(317440K) Eden: 286208K(286208K)->0K(286208K) From: 1280K(31744K)->4696K(31232K)
[365.714s][info][gc,heap        ] GC(230) ParOldGen: 120192K(699392K)->120192K(699392K)
[365.714s][info][gc,metaspace   ] GC(230) Metaspace: 43398K(43968K)->43398K(43968K) NonClass: 40098K(40448K)->40098K(40448K) Class: 3299K(3520K)->3299K(3520K)
[365.714s][info][gc             ] GC(230) Pause Young (Allocation Failure) 398M->121M(993M) 2.428ms
[365.714s][info][gc,cpu         ] GC(230) User=0.00s Sys=0.00s Real=0.00s
[366.127s][info][gc,start       ] GC(231) Pause Young (Allocation Failure)
[366.129s][info][gc,heap        ] GC(231) PSYoungGen: 290904K(317440K)->3140K(320512K) Eden: 286208K(286208K)->0K(290816K) From: 4696K(31232K)->3140K(29696K)
[366.129s][info][gc,heap        ] GC(231) ParOldGen: 120192K(699392K)->120272K(699392K)
[366.129s][info][gc,metaspace   ] GC(231) Metaspace: 43401K(43968K)->43401K(43968K) NonClass: 40101K(40448K)->40101K(40448K) Class: 3299K(3520K)->3299K(3520K)
[366.129s][info][gc             ] GC(231) Pause Young (Allocation Failure) 401M->120M(996M) 2.046ms
[366.129s][info][gc,cpu         ] GC(231) User=0.00s Sys=0.00s Real=0.00s
[367.038s][info][gc,start       ] GC(232) Pause Young (Allocation Failure)
[367.040s][info][gc,heap        ] GC(232) PSYoungGen: 293956K(320512K)->2909K(319488K) Eden: 290816K(290816K)->0K(290816K) From: 3140K(29696K)->2909K(28672K)
[367.040s][info][gc,heap        ] GC(232) ParOldGen: 120272K(699392K)->120440K(699392K)
[367.040s][info][gc,metaspace   ] GC(232) Metaspace: 43409K(43968K)->43409K(43968K) NonClass: 40109K(40448K)->40109K(40448K) Class: 3299K(3520K)->3299K(3520K)
[367.040s][info][gc             ] GC(232) Pause Young (Allocation Failure) 404M->120M(995M) 1.818ms
[367.040s][info][gc,cpu         ] GC(232) User=0.00s Sys=0.00s Real=0.00s
[367.982s][info][gc,start       ] GC(233) Pause Young (Allocation Failure)
[367.993s][info][gc,heap        ] GC(233) PSYoungGen: 293725K(319488K)->25007K(313344K) Eden: 290816K(290816K)->0K(285696K) From: 2909K(28672K)->25007K(27648K)
[367.993s][info][gc,heap        ] GC(233) ParOldGen: 120440K(699392K)->123061K(699392K)
[367.993s][info][gc,metaspace   ] GC(233) Metaspace: 43420K(43968K)->43420K(43968K) NonClass: 40120K(40448K)->40120K(40448K) Class: 3299K(3520K)->3299K(3520K)
[367.993s][info][gc             ] GC(233) Pause Young (Allocation Failure) 404M->144M(989M) 11.510ms
[367.993s][info][gc,cpu         ] GC(233) User=0.09s Sys=0.00s Real=0.02s
[368.459s][info][gc,start       ] GC(234) Pause Young (Allocation Failure)
[368.483s][info][gc,heap        ] GC(234) PSYoungGen: 310703K(313344K)->31736K(317440K) Eden: 285696K(285696K)->0K(285696K) From: 25007K(27648K)->31736K(31744K)
[368.483s][info][gc,heap        ] GC(234) ParOldGen: 123061K(699392K)->147831K(699392K)
[368.483s][info][gc,metaspace   ] GC(234) Metaspace: 43420K(43968K)->43420K(43968K) NonClass: 40120K(40448K)->40120K(40448K) Class: 3299K(3520K)->3299K(3520K)
[368.483s][info][gc             ] GC(234) Pause Young (Allocation Failure) 423M->175M(993M) 23.770ms
[368.483s][info][gc,cpu         ] GC(234) User=0.09s Sys=0.00s Real=0.03s
[369.002s][info][gc,start       ] GC(235) Pause Young (Allocation Failure)
[369.030s][info][gc,heap        ] GC(235) PSYoungGen: 317432K(317440K)->31728K(257024K) Eden: 285696K(285696K)->0K(225280K) From: 31736K(31744K)->31728K(31744K)
[369.030s][info][gc,heap        ] GC(235) ParOldGen: 147831K(699392K)->178359K(699392K)
[369.030s][info][gc,metaspace   ] GC(235) Metaspace: 43420K(43968K)->43420K(43968K) NonClass: 40120K(40448K)->40120K(40448K) Class: 3299K(3520K)->3299K(3520K)
[369.030s][info][gc             ] GC(235) Pause Young (Allocation Failure) 454M->205M(934M) 27.455ms
[369.030s][info][gc,cpu         ] GC(235) User=0.09s Sys=0.00s Real=0.03s
[370.373s][info][gc,start       ] GC(236) Pause Young (System.gc())
[370.388s][info][gc,heap        ] GC(236) PSYoungGen: 140641K(257024K)->2752K(287232K) Eden: 108913K(225280K)->0K(225280K) From: 31728K(31744K)->2752K(61952K)
[370.388s][info][gc,heap        ] GC(236) ParOldGen: 178359K(699392K)->210376K(699392K)
[370.388s][info][gc,metaspace   ] GC(236) Metaspace: 43427K(43968K)->43427K(43968K) NonClass: 40127K(40448K)->40127K(40448K) Class: 3299K(3520K)->3299K(3520K)
[370.388s][info][gc             ] GC(236) Pause Young (System.gc()) 311M->208M(963M) 15.164ms
[370.388s][info][gc,cpu         ] GC(236) User=0.08s Sys=0.00s Real=0.02s
[370.388s][info][gc,start       ] GC(237) Pause Full (System.gc())
[370.388s][info][gc,phases,start] GC(237) Marking Phase
[370.411s][info][gc,phases      ] GC(237) Marking Phase 23.680ms
[370.411s][info][gc,phases,start] GC(237) Summary Phase
[370.411s][info][gc,phases      ] GC(237) Summary Phase 0.011ms
[370.411s][info][gc,phases,start] GC(237) Adjust Roots
[370.421s][info][gc,phases      ] GC(237) Adjust Roots 9.460ms
[370.421s][info][gc,phases,start] GC(237) Compaction Phase
[370.425s][info][gc,phases      ] GC(237) Compaction Phase 3.594ms
[370.425s][info][gc,phases,start] GC(237) Post Compact
[370.426s][info][gc,phases      ] GC(237) Post Compact 0.949ms
[370.426s][info][gc,heap        ] GC(237) PSYoungGen: 2752K(287232K)->0K(287232K) Eden: 0K(225280K)->0K(225280K) From: 2752K(61952K)->0K(61952K)
[370.426s][info][gc,heap        ] GC(237) ParOldGen: 210376K(699392K)->16141K(699392K)
[370.426s][info][gc,metaspace   ] GC(237) Metaspace: 43427K(43968K)->43427K(43968K) NonClass: 40127K(40448K)->40127K(40448K) Class: 3299K(3520K)->3299K(3520K)
[370.426s][info][gc             ] GC(237) Pause Full (System.gc()) 208M->15M(963M) 37.954ms
[370.426s][info][gc,cpu         ] GC(237) User=0.12s Sys=0.00s Real=0.04s
[375.410s][info][gc,start       ] GC(238) Pause Young (Allocation Failure)
[375.412s][info][gc,heap        ] GC(238) PSYoungGen: 225280K(287232K)->3286K(290816K) Eden: 225280K(225280K)->0K(230400K) From: 0K(61952K)->3286K(60416K)
[375.412s][info][gc,heap        ] GC(238) ParOldGen: 16141K(699392K)->16141K(699392K)
[375.412s][info][gc,metaspace   ] GC(238) Metaspace: 43431K(43968K)->43431K(43968K) NonClass: 40131K(40448K)->40131K(40448K) Class: 3299K(3520K)->3299K(3520K)
[375.412s][info][gc             ] GC(238) Pause Young (Allocation Failure) 235M->18M(967M) 1.696ms
[375.412s][info][gc,cpu         ] GC(238) User=0.00s Sys=0.00s Real=0.00s
[390.864s][info][gc,start       ] GC(239) Pause Young (Allocation Failure)
[390.866s][info][gc,heap        ] GC(239) PSYoungGen: 233686K(290816K)->4091K(288768K) Eden: 230400K(230400K)->0K(230400K) From: 3286K(60416K)->4091K(58368K)
[390.866s][info][gc,heap        ] GC(239) ParOldGen: 16141K(699392K)->17116K(699392K)
[390.866s][info][gc,metaspace   ] GC(239) Metaspace: 43431K(43968K)->43431K(43968K) NonClass: 40131K(40448K)->40131K(40448K) Class: 3299K(3520K)->3299K(3520K)
[390.866s][info][gc             ] GC(239) Pause Young (Allocation Failure) 243M->20M(965M) 2.726ms
[390.866s][info][gc,cpu         ] GC(239) User=0.00s Sys=0.00s Real=0.00s
[392.372s][info][gc,start       ] GC(240) Pause Young (Allocation Failure)
[392.376s][info][gc,heap        ] GC(240) PSYoungGen: 234491K(288768K)->6328K(295936K) Eden: 230400K(230400K)->0K(239616K) From: 4091K(58368K)->6328K(56320K)
[392.376s][info][gc,heap        ] GC(240) ParOldGen: 17116K(699392K)->20528K(699392K)
[392.376s][info][gc,metaspace   ] GC(240) Metaspace: 43431K(43968K)->43431K(43968K) NonClass: 40131K(40448K)->40131K(40448K) Class: 3299K(3520K)->3299K(3520K)
[392.376s][info][gc             ] GC(240) Pause Young (Allocation Failure) 245M->26M(972M) 3.541ms
[392.376s][info][gc,cpu         ] GC(240) User=0.09s Sys=0.00s Real=0.01s
[394.195s][info][gc,start       ] GC(241) Pause Young (Allocation Failure)
[394.199s][info][gc,heap        ] GC(241) PSYoungGen: 245944K(295936K)->12318K(292864K) Eden: 239616K(239616K)->0K(239616K) From: 6328K(56320K)->12318K(53248K)
[394.199s][info][gc,heap        ] GC(241) ParOldGen: 20528K(699392K)->20697K(699392K)
[394.199s][info][gc,metaspace   ] GC(241) Metaspace: 43432K(43968K)->43432K(43968K) NonClass: 40133K(40448K)->40133K(40448K) Class: 3299K(3520K)->3299K(3520K)
[394.199s][info][gc             ] GC(241) Pause Young (Allocation Failure) 260M->32M(969M) 4.183ms
[394.199s][info][gc,cpu         ] GC(241) User=0.00s Sys=0.00s Real=0.00s
[396.476s][info][gc,start       ] GC(242) Pause Young (Allocation Failure)
[396.478s][info][gc,heap        ] GC(242) PSYoungGen: 251934K(292864K)->2016K(301056K) Eden: 239616K(239616K)->0K(251392K) From: 12318K(53248K)->2016K(49664K)
[396.478s][info][gc,heap        ] GC(242) ParOldGen: 20697K(699392K)->24797K(699392K)
[396.478s][info][gc,metaspace   ] GC(242) Metaspace: 43434K(43968K)->43434K(43968K) NonClass: 40135K(40448K)->40135K(40448K) Class: 3299K(3520K)->3299K(3520K)
[396.478s][info][gc             ] GC(242) Pause Young (Allocation Failure) 266M->26M(977M) 2.197ms
[396.478s][info][gc,cpu         ] GC(242) User=0.00s Sys=0.00s Real=0.01s
[397.540s][info][gc,start       ] GC(243) Pause Young (Allocation Failure)
[397.552s][info][gc,heap        ] GC(243) PSYoungGen: 253343K(301056K)->33837K(279552K) Eden: 251327K(251392K)->0K(245248K) From: 2016K(49664K)->33837K(34304K)
[397.552s][info][gc,heap        ] GC(243) ParOldGen: 24797K(699392K)->26668K(699392K)
[397.552s][info][gc,metaspace   ] GC(243) Metaspace: 43435K(43968K)->43435K(43968K) NonClass: 40135K(40448K)->40135K(40448K) Class: 3299K(3520K)->3299K(3520K)
[397.552s][info][gc             ] GC(243) Pause Young (Allocation Failure) 271M->59M(956M) 11.788ms
[397.552s][info][gc,cpu         ] GC(243) User=0.09s Sys=0.00s Real=0.01s
[398.726s][info][gc,start       ] GC(244) Pause Young (Allocation Failure)
[398.735s][info][gc,heap        ] GC(244) PSYoungGen: 279085K(279552K)->15078K(300544K) Eden: 245248K(245248K)->0K(248320K) From: 33837K(34304K)->15078K(52224K)
[398.735s][info][gc,heap        ] GC(244) ParOldGen: 26668K(699392K)->39354K(699392K)
[398.735s][info][gc,metaspace   ] GC(244) Metaspace: 43439K(43968K)->43439K(43968K) NonClass: 40139K(40448K)->40139K(40448K) Class: 3299K(3520K)->3299K(3520K)
[398.735s][info][gc             ] GC(244) Pause Young (Allocation Failure) 298M->53M(976M) 8.928ms
[398.735s][info][gc,cpu         ] GC(244) User=0.09s Sys=0.00s Real=0.01s
[399.745s][info][gc,start       ] GC(245) Pause Young (Allocation Failure)
[399.760s][info][gc,heap        ] GC(245) PSYoungGen: 263398K(300544K)->48608K(291328K) Eden: 248320K(248320K)->0K(242688K) From: 15078K(52224K)->48608K(48640K)
[399.760s][info][gc,heap        ] GC(245) ParOldGen: 39354K(699392K)->53868K(699392K)
[399.760s][info][gc,metaspace   ] GC(245) Metaspace: 43440K(43968K)->43440K(43968K) NonClass: 40140K(40448K)->40140K(40448K) Class: 3299K(3520K)->3299K(3520K)
[399.760s][info][gc             ] GC(245) Pause Young (Allocation Failure) 295M->100M(967M) 15.417ms
[399.760s][info][gc,cpu         ] GC(245) User=0.02s Sys=0.00s Real=0.02s
[400.719s][info][gc,start       ] GC(246) Pause Young (Allocation Failure)
[400.727s][info][gc,heap        ] GC(246) PSYoungGen: 291296K(291328K)->26653K(278528K) Eden: 242688K(242688K)->0K(226304K) From: 48608K(48640K)->26653K(52224K)
[400.727s][info][gc,heap        ] GC(246) ParOldGen: 53868K(699392K)->59790K(699392K)
[400.727s][info][gc,metaspace   ] GC(246) Metaspace: 43441K(43968K)->43441K(43968K) NonClass: 40141K(40448K)->40141K(40448K) Class: 3299K(3520K)->3299K(3520K)
[400.727s][info][gc             ] GC(246) Pause Young (Allocation Failure) 337M->84M(955M) 8.429ms
[400.727s][info][gc,cpu         ] GC(246) User=0.00s Sys=0.00s Real=0.02s
[401.378s][info][gc,start       ] GC(247) Pause Young (Allocation Failure)
[401.387s][info][gc,heap        ] GC(247) PSYoungGen: 251916K(278528K)->11491K(287744K) Eden: 225263K(226304K)->0K(226304K) From: 26653K(52224K)->11491K(61440K)
[401.387s][info][gc,heap        ] GC(247) ParOldGen: 59790K(699392K)->82579K(699392K)
[401.387s][info][gc,metaspace   ] GC(247) Metaspace: 43444K(43968K)->43444K(43968K) NonClass: 40144K(40448K)->40144K(40448K) Class: 3299K(3520K)->3299K(3520K)
[401.387s][info][gc             ] GC(247) Pause Young (Allocation Failure) 304M->91M(964M) 9.048ms
[401.387s][info][gc,cpu         ] GC(247) User=0.00s Sys=0.00s Real=0.01s
[401.597s][info][gc,start       ] GC(248) Pause Young (Allocation Failure)
[401.601s][info][gc,heap        ] GC(248) PSYoungGen: 237684K(287744K)->2284K(291328K) Eden: 226193K(226304K)->0K(232448K) From: 11491K(61440K)->2284K(58880K)
[401.601s][info][gc,heap        ] GC(248) ParOldGen: 82579K(699392K)->94017K(699392K)
[401.601s][info][gc,metaspace   ] GC(248) Metaspace: 43444K(43968K)->43444K(43968K) NonClass: 40144K(40448K)->40144K(40448K) Class: 3299K(3520K)->3299K(3520K)
[401.601s][info][gc             ] GC(248) Pause Young (Allocation Failure) 312M->94M(967M) 4.095ms
[401.601s][info][gc,cpu         ] GC(248) User=0.00s Sys=0.00s Real=0.00s
[401.824s][info][gc,start       ] GC(249) Pause Young (Allocation Failure)
[401.826s][info][gc,heap        ] GC(249) PSYoungGen: 234732K(291328K)->3264K(290304K) Eden: 232448K(232448K)->0K(232448K) From: 2284K(58880K)->3264K(57856K)
[401.826s][info][gc,heap        ] GC(249) ParOldGen: 94017K(699392K)->96205K(699392K)
[401.826s][info][gc,metaspace   ] GC(249) Metaspace: 43444K(43968K)->43444K(43968K) NonClass: 40144K(40448K)->40144K(40448K) Class: 3299K(3520K)->3299K(3520K)
[401.826s][info][gc             ] GC(249) Pause Young (Allocation Failure) 321M->97M(966M) 2.783ms
[401.826s][info][gc,cpu         ] GC(249) User=0.00s Sys=0.00s Real=0.00s
[402.059s][info][gc,start       ] GC(250) Pause Young (Allocation Failure)
[402.062s][info][gc,heap        ] GC(250) PSYoungGen: 234661K(290304K)->5119K(294912K) Eden: 231397K(232448K)->0K(238592K) From: 3264K(57856K)->5119K(56320K)
[402.062s][info][gc,heap        ] GC(250) ParOldGen: 96205K(699392K)->99408K(699392K)
[402.062s][info][gc,metaspace   ] GC(250) Metaspace: 43444K(43968K)->43444K(43968K) NonClass: 40144K(40448K)->40144K(40448K) Class: 3299K(3520K)->3299K(3520K)
[402.062s][info][gc             ] GC(250) Pause Young (Allocation Failure) 323M->102M(971M) 3.171ms
[402.062s][info][gc,cpu         ] GC(250) User=0.09s Sys=0.00s Real=0.00s
[402.303s][info][gc,start       ] GC(251) Pause Young (Allocation Failure)
[402.308s][info][gc,heap        ] GC(251) PSYoungGen: 242796K(294912K)->6045K(292864K) Eden: 237676K(238592K)->0K(238592K) From: 5119K(56320K)->6045K(54272K)
[402.308s][info][gc,heap        ] GC(251) ParOldGen: 99408K(699392K)->104470K(699392K)
[402.308s][info][gc,metaspace   ] GC(251) Metaspace: 43445K(43968K)->43445K(43968K) NonClass: 40145K(40448K)->40145K(40448K) Class: 3299K(3520K)->3299K(3520K)
[402.308s][info][gc             ] GC(251) Pause Young (Allocation Failure) 334M->107M(969M) 4.468ms
[402.308s][info][gc,cpu         ] GC(251) User=0.00s Sys=0.00s Real=0.01s
[402.574s][info][gc,start       ] GC(252) Pause Young (Allocation Failure)
[402.579s][info][gc,heap        ] GC(252) PSYoungGen: 243318K(292864K)->7648K(300032K) Eden: 237273K(238592K)->0K(247808K) From: 6045K(54272K)->7648K(52224K)
[402.579s][info][gc,heap        ] GC(252) ParOldGen: 104470K(699392K)->110564K(699392K)
[402.579s][info][gc,metaspace   ] GC(252) Metaspace: 43445K(43968K)->43445K(43968K) NonClass: 40145K(40448K)->40145K(40448K) Class: 3299K(3520K)->3299K(3520K)
[402.579s][info][gc             ] GC(252) Pause Young (Allocation Failure) 339M->115M(976M) 5.329ms
[402.579s][info][gc,cpu         ] GC(252) User=0.09s Sys=0.00s Real=0.00s
[403.004s][info][gc,start       ] GC(253) Pause Young (Allocation Failure)
[403.012s][info][gc,heap        ] GC(253) PSYoungGen: 255456K(300032K)->15516K(296960K) Eden: 247808K(247808K)->0K(247808K) From: 7648K(52224K)->15516K(49152K)
[403.012s][info][gc,heap        ] GC(253) ParOldGen: 110564K(699392K)->118038K(699392K)
[403.012s][info][gc,metaspace   ] GC(253) Metaspace: 43445K(43968K)->43445K(43968K) NonClass: 40145K(40448K)->40145K(40448K) Class: 3299K(3520K)->3299K(3520K)
[403.012s][info][gc             ] GC(253) Pause Young (Allocation Failure) 357M->130M(973M) 8.524ms
[403.012s][info][gc,cpu         ] GC(253) User=0.00s Sys=0.00s Real=0.01s
[403.356s][info][gc,start       ] GC(254) Pause Young (Allocation Failure)
[403.362s][info][gc,heap        ] GC(254) PSYoungGen: 263324K(296960K)->3944K(304128K) Eden: 247808K(247808K)->0K(257536K) From: 15516K(49152K)->3944K(46592K)
[403.362s][info][gc,heap        ] GC(254) ParOldGen: 118038K(699392K)->132870K(699392K)
[403.362s][info][gc,metaspace   ] GC(254) Metaspace: 43445K(43968K)->43445K(43968K) NonClass: 40145K(40448K)->40145K(40448K) Class: 3299K(3520K)->3299K(3520K)
[403.362s][info][gc             ] GC(254) Pause Young (Allocation Failure) 372M->133M(980M) 6.033ms
[403.362s][info][gc,cpu         ] GC(254) User=0.06s Sys=0.00s Real=0.01s
[403.698s][info][gc,start       ] GC(255) Pause Young (Allocation Failure)
[403.699s][info][gc,heap        ] GC(255) PSYoungGen: 261480K(304128K)->2153K(302592K) Eden: 257536K(257536K)->0K(257536K) From: 3944K(46592K)->2153K(45056K)
[403.699s][info][gc,heap        ] GC(255) ParOldGen: 132870K(699392K)->134015K(699392K)
[403.699s][info][gc,metaspace   ] GC(255) Metaspace: 43447K(43968K)->43447K(43968K) NonClass: 40147K(40448K)->40147K(40448K) Class: 3299K(3520K)->3299K(3520K)
[403.699s][info][gc             ] GC(255) Pause Young (Allocation Failure) 385M->132M(978M) 1.238ms
[403.699s][info][gc,cpu         ] GC(255) User=0.00s Sys=0.00s Real=0.00s
[404.048s][info][gc,start       ] GC(256) Pause Young (Allocation Failure)
[404.049s][info][gc,heap        ] GC(256) PSYoungGen: 259689K(302592K)->2898K(307200K) Eden: 257536K(257536K)->0K(263680K) From: 2153K(45056K)->2898K(43520K)
[404.049s][info][gc,heap        ] GC(256) ParOldGen: 134015K(699392K)->134039K(699392K)
[404.049s][info][gc,metaspace   ] GC(256) Metaspace: 43451K(44032K)->43451K(44032K) NonClass: 40152K(40512K)->40152K(40512K) Class: 3299K(3520K)->3299K(3520K)
[404.049s][info][gc             ] GC(256) Pause Young (Allocation Failure) 384M->133M(983M) 1.322ms
[404.049s][info][gc,cpu         ] GC(256) User=0.00s Sys=0.00s Real=0.00s
[404.411s][info][gc,start       ] GC(257) Pause Young (Allocation Failure)
[404.412s][info][gc,heap        ] GC(257) PSYoungGen: 266578K(307200K)->2147K(305664K) Eden: 263680K(263680K)->0K(263680K) From: 2898K(43520K)->2147K(41984K)
[404.412s][info][gc,heap        ] GC(257) ParOldGen: 134039K(699392K)->134079K(699392K)
[404.412s][info][gc,metaspace   ] GC(257) Metaspace: 43470K(44032K)->43470K(44032K) NonClass: 40170K(40512K)->40170K(40512K) Class: 3299K(3520K)->3299K(3520K)
[404.412s][info][gc             ] GC(257) Pause Young (Allocation Failure) 391M->133M(981M) 1.141ms
[404.412s][info][gc,cpu         ] GC(257) User=0.00s Sys=0.00s Real=0.00s
[404.782s][info][gc,start       ] GC(258) Pause Young (Allocation Failure)
[404.785s][info][gc,heap        ] GC(258) PSYoungGen: 265827K(305664K)->7855K(311808K) Eden: 263680K(263680K)->0K(271360K) From: 2147K(41984K)->7855K(40448K)
[404.785s][info][gc,heap        ] GC(258) ParOldGen: 134079K(699392K)->134925K(699392K)
[404.785s][info][gc,metaspace   ] GC(258) Metaspace: 43470K(44032K)->43470K(44032K) NonClass: 40170K(40512K)->40170K(40512K) Class: 3299K(3520K)->3299K(3520K)
[404.785s][info][gc             ] GC(258) Pause Young (Allocation Failure) 390M->139M(987M) 2.905ms
[404.785s][info][gc,cpu         ] GC(258) User=0.00s Sys=0.00s Real=0.01s
[405.739s][info][gc,start       ] GC(259) Pause Young (Allocation Failure)
[405.740s][info][gc,heap        ] GC(259) PSYoungGen: 279215K(311808K)->928K(308736K) Eden: 271360K(271360K)->0K(271360K) From: 7855K(40448K)->928K(37376K)
[405.741s][info][gc,heap        ] GC(259) ParOldGen: 134925K(699392K)->135077K(699392K)
[405.741s][info][gc,metaspace   ] GC(259) Metaspace: 43494K(44032K)->43494K(44032K) NonClass: 40194K(40512K)->40194K(40512K) Class: 3299K(3520K)->3299K(3520K)
[405.741s][info][gc             ] GC(259) Pause Young (Allocation Failure) 404M->132M(984M) 1.145ms
[405.741s][info][gc,cpu         ] GC(259) User=0.00s Sys=0.00s Real=0.00s
[406.572s][info][gc,start       ] GC(260) Pause Young (Allocation Failure)
[406.584s][info][gc,heap        ] GC(260) PSYoungGen: 272288K(308736K)->27848K(304640K) Eden: 271360K(271360K)->0K(268288K) From: 928K(37376K)->27848K(36352K)
[406.584s][info][gc,heap        ] GC(260) ParOldGen: 135077K(699392K)->135477K(699392K)
[406.584s][info][gc,metaspace   ] GC(260) Metaspace: 43506K(44032K)->43506K(44032K) NonClass: 40206K(40512K)->40206K(40512K) Class: 3299K(3520K)->3299K(3520K)
[406.584s][info][gc             ] GC(260) Pause Young (Allocation Failure) 397M->159M(980M) 12.217ms
[406.585s][info][gc,cpu         ] GC(260) User=0.09s Sys=0.00s Real=0.01s
[407.018s][info][gc,start       ] GC(261) Pause Young (Allocation Failure)
[407.042s][info][gc,heap        ] GC(261) PSYoungGen: 296136K(304640K)->30232K(299008K) Eden: 268288K(268288K)->0K(268288K) From: 27848K(36352K)->30232K(30720K)
[407.042s][info][gc,heap        ] GC(261) ParOldGen: 135477K(699392K)->162579K(699392K)
[407.042s][info][gc,metaspace   ] GC(261) Metaspace: 43506K(44032K)->43506K(44032K) NonClass: 40206K(40512K)->40206K(40512K) Class: 3299K(3520K)->3299K(3520K)
[407.042s][info][gc             ] GC(261) Pause Young (Allocation Failure) 421M->188M(975M) 24.436ms
[407.042s][info][gc,cpu         ] GC(261) User=0.09s Sys=0.00s Real=0.02s
[407.514s][info][gc,start       ] GC(262) Pause Young (Allocation Failure)
[407.540s][info][gc,heap        ] GC(262) PSYoungGen: 298520K(299008K)->30768K(296960K) Eden: 268288K(268288K)->0K(251904K) From: 30232K(30720K)->30768K(45056K)
[407.540s][info][gc,heap        ] GC(262) ParOldGen: 162579K(699392K)->190827K(699392K)
[407.540s][info][gc,metaspace   ] GC(262) Metaspace: 43506K(44032K)->43506K(44032K) NonClass: 40206K(40512K)->40206K(40512K) Class: 3299K(3520K)->3299K(3520K)
[407.540s][info][gc             ] GC(262) Pause Young (Allocation Failure) 450M->216M(973M) 25.940ms
[407.540s][info][gc,cpu         ] GC(262) User=0.19s Sys=0.00s Real=0.03s
[408.345s][info][gc,heap,exit   ] Heap
[408.345s][info][gc,heap,exit   ]  PSYoungGen      total 296960K, used 163678K [0x00000000eab00000, 0x0000000100000000, 0x0000000100000000)
[408.345s][info][gc,heap,exit   ]   eden space 251904K, 52% used [0x00000000eab00000,0x00000000f2ccb968,0x00000000fa100000)
[408.345s][info][gc,heap,exit   ]   from space 45056K, 68% used [0x00000000fd400000,0x00000000ff20c018,0x0000000100000000)
[408.345s][info][gc,heap,exit   ]   to   space 48640K, 0% used [0x00000000fa100000,0x00000000fa100000,0x00000000fd080000)
[408.345s][info][gc,heap,exit   ]  ParOldGen       total 699392K, used 190827K [0x00000000c0000000, 0x00000000eab00000, 0x00000000eab00000)
[408.345s][info][gc,heap,exit   ]   object space 699392K, 27% used [0x00000000c0000000,0x00000000cba5afd0,0x00000000eab00000)
[408.345s][info][gc,heap,exit   ]  Metaspace       used 43736K, committed 44288K, reserved 1114112K
[408.345s][info][gc,heap,exit   ]   class space    used 3332K, committed 3584K, reserved 1048576K
