[0.008s][info][gc] Using Parallel
[0.026s][info][gc,init] Version: 17.0.12+7-adhoc..jdk17u (release)
[0.026s][info][gc,init] CPUs: 6 total, 6 available
[0.026s][info][gc,init] Memory: 15591M
[0.026s][info][gc,init] Large Page Support: Disabled
[0.026s][info][gc,init] NUMA Support: Disabled
[0.026s][info][gc,init] Compressed Oops: Enabled (Zero based)
[0.026s][info][gc,init] Alignments: Space 512K, Generation 512K, Heap 2M
[0.026s][info][gc,init] Heap Min Capacity: 8G
[0.026s][info][gc,init] Heap Initial Capacity: 8G
[0.026s][info][gc,init] Heap Max Capacity: 8G
[0.026s][info][gc,init] Pre-touch: Disabled
[0.027s][info][gc,init] Parallel Workers: 6
[0.034s][info][gc,metaspace] CDS archive(s) mapped at: [0x000001ed3c000000-0x000001ed3cbc0000-0x000001ed3cbc0000), size 12320768, SharedBaseAddress: 0x000001ed3c000000, ArchiveRelocationMode: 1.
[0.034s][info][gc,metaspace] Compressed class space mapped at: 0x000001ed3d000000-0x000001ed7d000000, reserved size: 1073741824
[0.034s][info][gc,metaspace] Narrow klass base: 0x000001ed3c000000, Narrow klass shift: 0, Narrow klass range: 0x100000000
[0.885s][info][gc,start    ] GC(0) Pause Young (System.gc())
[0.888s][info][gc,heap     ] GC(0) PSYoungGen: 125860K(2446848K)->3813K(2446848K) Eden: 125860K(2097664K)->0K(2097664K) From: 0K(349184K)->3813K(349184K)
[0.888s][info][gc,heap     ] GC(0) ParOldGen: 0K(5592576K)->16K(5592576K)
[0.888s][info][gc,metaspace] GC(0) Metaspace: 8554K(8832K)->8554K(8832K) NonClass: 7418K(7552K)->7418K(7552K) Class: 1135K(1280K)->1135K(1280K)
[0.888s][info][gc          ] GC(0) Pause Young (System.gc()) 122M->3M(7851M) 3.390ms
[0.888s][info][gc,cpu      ] GC(0) User=0.00s Sys=0.00s Real=0.00s
[0.888s][info][gc,start    ] GC(1) Pause Full (System.gc())
[0.888s][info][gc,phases,start] GC(1) Marking Phase
[0.891s][info][gc,phases      ] GC(1) Marking Phase 2.566ms
[0.891s][info][gc,phases,start] GC(1) Summary Phase
[0.891s][info][gc,phases      ] GC(1) Summary Phase 0.027ms
[0.891s][info][gc,phases,start] GC(1) Adjust Roots
[0.892s][info][gc,phases      ] GC(1) Adjust Roots 1.496ms
[0.892s][info][gc,phases,start] GC(1) Compaction Phase
[0.896s][info][gc,phases      ] GC(1) Compaction Phase 3.076ms
[0.896s][info][gc,phases,start] GC(1) Post Compact
[0.897s][info][gc,phases      ] GC(1) Post Compact 1.381ms
[0.897s][info][gc,heap        ] GC(1) PSYoungGen: 3813K(2446848K)->0K(2446848K) Eden: 0K(2097664K)->0K(2097664K) From: 3813K(349184K)->0K(349184K)
[0.897s][info][gc,heap        ] GC(1) ParOldGen: 16K(5592576K)->3727K(5592576K)
[0.897s][info][gc,metaspace   ] GC(1) Metaspace: 8554K(8832K)->8554K(8832K) NonClass: 7418K(7552K)->7418K(7552K) Class: 1135K(1280K)->1135K(1280K)
[0.897s][info][gc             ] GC(1) Pause Full (System.gc()) 3M->3M(7851M) 8.841ms
[0.897s][info][gc,cpu         ] GC(1) User=0.00s Sys=0.02s Real=0.01s
[2.731s][info][gc,start       ] GC(2) Pause Young (System.gc())
[2.731s][info][gc,heap        ] GC(2) PSYoungGen: 1866952K(2446848K)->416K(2446848K) Eden: 1866952K(2097664K)->0K(2097664K) From: 0K(349184K)->416K(349184K)
[2.731s][info][gc,heap        ] GC(2) ParOldGen: 3727K(5592576K)->3735K(5592576K)
[2.731s][info][gc,metaspace   ] GC(2) Metaspace: 10190K(10496K)->10190K(10496K) NonClass: 8845K(9024K)->8845K(9024K) Class: 1345K(1472K)->1345K(1472K)
[2.731s][info][gc             ] GC(2) Pause Young (System.gc()) 1826M->4M(7851M) 0.794ms
[2.731s][info][gc,cpu         ] GC(2) User=0.00s Sys=0.00s Real=0.00s
[2.732s][info][gc,start       ] GC(3) Pause Full (System.gc())
[2.732s][info][gc,phases,start] GC(3) Marking Phase
[2.736s][info][gc,phases      ] GC(3) Marking Phase 4.727ms
[2.736s][info][gc,phases,start] GC(3) Summary Phase
[2.736s][info][gc,phases      ] GC(3) Summary Phase 0.009ms
[2.736s][info][gc,phases,start] GC(3) Adjust Roots
[2.739s][info][gc,phases      ] GC(3) Adjust Roots 2.516ms
[2.739s][info][gc,phases,start] GC(3) Compaction Phase
[2.744s][info][gc,phases      ] GC(3) Compaction Phase 5.124ms
[2.744s][info][gc,phases,start] GC(3) Post Compact
[2.745s][info][gc,phases      ] GC(3) Post Compact 0.943ms
[2.745s][info][gc,heap        ] GC(3) PSYoungGen: 416K(2446848K)->0K(2446848K) Eden: 0K(2097664K)->0K(2097664K) From: 416K(349184K)->0K(349184K)
[2.745s][info][gc,heap        ] GC(3) ParOldGen: 3735K(5592576K)->4047K(5592576K)
[2.745s][info][gc,metaspace   ] GC(3) Metaspace: 10190K(10496K)->10140K(10496K) NonClass: 8845K(9024K)->8809K(9024K) Class: 1345K(1472K)->1331K(1472K)
[2.745s][info][gc             ] GC(3) Pause Full (System.gc()) 4M->3M(7851M) 13.874ms
[2.745s][info][gc,cpu         ] GC(3) User=0.02s Sys=0.00s Real=0.02s
[4.269s][info][gc,start       ] GC(4) Pause Young (System.gc())
[4.269s][info][gc,heap        ] GC(4) PSYoungGen: 1688753K(2446848K)->128K(2446848K) Eden: 1688753K(2097664K)->0K(2097664K) From: 0K(349184K)->128K(349184K)
[4.269s][info][gc,heap        ] GC(4) ParOldGen: 4047K(5592576K)->4055K(5592576K)
[4.269s][info][gc,metaspace   ] GC(4) Metaspace: 10140K(10496K)->10140K(10496K) NonClass: 8809K(9024K)->8809K(9024K) Class: 1331K(1472K)->1331K(1472K)
[4.269s][info][gc             ] GC(4) Pause Young (System.gc()) 1653M->4M(7851M) 0.307ms
[4.269s][info][gc,cpu         ] GC(4) User=0.00s Sys=0.00s Real=0.00s
[4.269s][info][gc,start       ] GC(5) Pause Full (System.gc())
[4.269s][info][gc,phases,start] GC(5) Marking Phase
[4.273s][info][gc,phases      ] GC(5) Marking Phase 3.722ms
[4.273s][info][gc,phases,start] GC(5) Summary Phase
[4.273s][info][gc,phases      ] GC(5) Summary Phase 0.009ms
[4.273s][info][gc,phases,start] GC(5) Adjust Roots
[4.276s][info][gc,phases      ] GC(5) Adjust Roots 2.736ms
[4.276s][info][gc,phases,start] GC(5) Compaction Phase
[4.278s][info][gc,phases      ] GC(5) Compaction Phase 2.472ms
[4.278s][info][gc,phases,start] GC(5) Post Compact
[4.279s][info][gc,phases      ] GC(5) Post Compact 0.396ms
[4.279s][info][gc,heap        ] GC(5) PSYoungGen: 128K(2446848K)->0K(2446848K) Eden: 0K(2097664K)->0K(2097664K) From: 128K(349184K)->0K(349184K)
[4.279s][info][gc,heap        ] GC(5) ParOldGen: 4055K(5592576K)->4037K(5592576K)
[4.279s][info][gc,metaspace   ] GC(5) Metaspace: 10140K(10496K)->10140K(10496K) NonClass: 8809K(9024K)->8809K(9024K) Class: 1331K(1472K)->1331K(1472K)
[4.279s][info][gc             ] GC(5) Pause Full (System.gc()) 4M->3M(7851M) 9.478ms
[4.279s][info][gc,cpu         ] GC(5) User=0.00s Sys=0.00s Real=0.02s
[5.789s][info][gc,start       ] GC(6) Pause Young (System.gc())
[5.790s][info][gc,heap        ] GC(6) PSYoungGen: 1689189K(2446848K)->160K(2446848K) Eden: 1689189K(2097664K)->0K(2097664K) From: 0K(349184K)->160K(349184K)
[5.790s][info][gc,heap        ] GC(6) ParOldGen: 4037K(5592576K)->4045K(5592576K)
[5.790s][info][gc,metaspace   ] GC(6) Metaspace: 10143K(10496K)->10143K(10496K) NonClass: 8812K(9024K)->8812K(9024K) Class: 1331K(1472K)->1331K(1472K)
[5.790s][info][gc             ] GC(6) Pause Young (System.gc()) 1653M->4M(7851M) 0.267ms
[5.790s][info][gc,cpu         ] GC(6) User=0.00s Sys=0.00s Real=0.00s
[5.790s][info][gc,start       ] GC(7) Pause Full (System.gc())
[5.790s][info][gc,phases,start] GC(7) Marking Phase
[5.793s][info][gc,phases      ] GC(7) Marking Phase 3.374ms
[5.793s][info][gc,phases,start] GC(7) Summary Phase
[5.793s][info][gc,phases      ] GC(7) Summary Phase 0.009ms
[5.793s][info][gc,phases,start] GC(7) Adjust Roots
[5.796s][info][gc,phases      ] GC(7) Adjust Roots 2.649ms
[5.796s][info][gc,phases,start] GC(7) Compaction Phase
[5.798s][info][gc,phases      ] GC(7) Compaction Phase 1.934ms
[5.798s][info][gc,phases,start] GC(7) Post Compact
[5.798s][info][gc,phases      ] GC(7) Post Compact 0.448ms
[5.798s][info][gc,heap        ] GC(7) PSYoungGen: 160K(2446848K)->0K(2446848K) Eden: 0K(2097664K)->0K(2097664K) From: 160K(349184K)->0K(349184K)
[5.798s][info][gc,heap        ] GC(7) ParOldGen: 4045K(5592576K)->4038K(5592576K)
[5.798s][info][gc,metaspace   ] GC(7) Metaspace: 10143K(10496K)->10143K(10496K) NonClass: 8812K(9024K)->8812K(9024K) Class: 1331K(1472K)->1331K(1472K)
[5.798s][info][gc             ] GC(7) Pause Full (System.gc()) 4M->3M(7851M) 8.636ms
[5.798s][info][gc,cpu         ] GC(7) User=0.03s Sys=0.03s Real=0.02s
[7.299s][info][gc,start       ] GC(8) Pause Young (System.gc())
[7.299s][info][gc,heap        ] GC(8) PSYoungGen: 1671784K(2446848K)->96K(2446848K) Eden: 1671784K(2097664K)->0K(2097664K) From: 0K(349184K)->96K(349184K)
[7.299s][info][gc,heap        ] GC(8) ParOldGen: 4038K(5592576K)->4038K(5592576K)
[7.299s][info][gc,metaspace   ] GC(8) Metaspace: 10146K(10496K)->10146K(10496K) NonClass: 8815K(9024K)->8815K(9024K) Class: 1331K(1472K)->1331K(1472K)
[7.299s][info][gc             ] GC(8) Pause Young (System.gc()) 1636M->4M(7851M) 0.251ms
[7.299s][info][gc,cpu         ] GC(8) User=0.00s Sys=0.00s Real=0.00s
[7.299s][info][gc,start       ] GC(9) Pause Full (System.gc())
[7.299s][info][gc,phases,start] GC(9) Marking Phase
[7.303s][info][gc,phases      ] GC(9) Marking Phase 3.430ms
[7.303s][info][gc,phases,start] GC(9) Summary Phase
[7.303s][info][gc,phases      ] GC(9) Summary Phase 0.009ms
[7.303s][info][gc,phases,start] GC(9) Adjust Roots
[7.305s][info][gc,phases      ] GC(9) Adjust Roots 2.011ms
[7.305s][info][gc,phases,start] GC(9) Compaction Phase
[7.307s][info][gc,phases      ] GC(9) Compaction Phase 2.380ms
[7.307s][info][gc,phases,start] GC(9) Post Compact
[7.308s][info][gc,phases      ] GC(9) Post Compact 0.545ms
[7.308s][info][gc,heap        ] GC(9) PSYoungGen: 96K(2446848K)->0K(2446848K) Eden: 0K(2097664K)->0K(2097664K) From: 96K(349184K)->0K(349184K)
[7.308s][info][gc,heap        ] GC(9) ParOldGen: 4038K(5592576K)->4039K(5592576K)
[7.308s][info][gc,metaspace   ] GC(9) Metaspace: 10146K(10496K)->10146K(10496K) NonClass: 8815K(9024K)->8815K(9024K) Class: 1331K(1472K)->1331K(1472K)
[7.308s][info][gc             ] GC(9) Pause Full (System.gc()) 4M->3M(7851M) 8.541ms
[7.308s][info][gc,cpu         ] GC(9) User=0.00s Sys=0.00s Real=0.02s
[8.799s][info][gc,start       ] GC(10) Pause Young (System.gc())
[8.799s][info][gc,heap        ] GC(10) PSYoungGen: 1658949K(2446848K)->64K(2446848K) Eden: 1658949K(2097664K)->0K(2097664K) From: 0K(349184K)->64K(349184K)
[8.799s][info][gc,heap        ] GC(10) ParOldGen: 4039K(5592576K)->4039K(5592576K)
[8.799s][info][gc,metaspace   ] GC(10) Metaspace: 10147K(10496K)->10147K(10496K) NonClass: 8816K(9024K)->8816K(9024K) Class: 1331K(1472K)->1331K(1472K)
[8.799s][info][gc             ] GC(10) Pause Young (System.gc()) 1624M->4M(7851M) 0.271ms
[8.799s][info][gc,cpu         ] GC(10) User=0.00s Sys=0.00s Real=0.00s
[8.799s][info][gc,start       ] GC(11) Pause Full (System.gc())
[8.799s][info][gc,phases,start] GC(11) Marking Phase
[8.803s][info][gc,phases      ] GC(11) Marking Phase 3.547ms
[8.803s][info][gc,phases,start] GC(11) Summary Phase
[8.803s][info][gc,phases      ] GC(11) Summary Phase 0.010ms
[8.803s][info][gc,phases,start] GC(11) Adjust Roots
[8.805s][info][gc,phases      ] GC(11) Adjust Roots 1.551ms
[8.805s][info][gc,phases,start] GC(11) Compaction Phase
[8.807s][info][gc,phases      ] GC(11) Compaction Phase 1.971ms
[8.807s][info][gc,phases,start] GC(11) Post Compact
[8.807s][info][gc,phases      ] GC(11) Post Compact 0.409ms
[8.807s][info][gc,heap        ] GC(11) PSYoungGen: 64K(2446848K)->0K(2446848K) Eden: 0K(2097664K)->0K(2097664K) From: 64K(349184K)->0K(349184K)
[8.807s][info][gc,heap        ] GC(11) ParOldGen: 4039K(5592576K)->4040K(5592576K)
[8.807s][info][gc,metaspace   ] GC(11) Metaspace: 10147K(10496K)->10147K(10496K) NonClass: 8816K(9024K)->8816K(9024K) Class: 1331K(1472K)->1331K(1472K)
[8.807s][info][gc             ] GC(11) Pause Full (System.gc()) 4M->3M(7851M) 7.688ms
[8.807s][info][gc,cpu         ] GC(11) User=0.00s Sys=0.00s Real=0.02s
[10.309s][info][gc,start       ] GC(12) Pause Young (System.gc())
[10.309s][info][gc,heap        ] GC(12) PSYoungGen: 1646324K(2446848K)->32K(2446848K) Eden: 1646324K(2097664K)->0K(2097664K) From: 0K(349184K)->32K(349184K)
[10.309s][info][gc,heap        ] GC(12) ParOldGen: 4040K(5592576K)->4040K(5592576K)
[10.309s][info][gc,metaspace   ] GC(12) Metaspace: 10152K(10496K)->10152K(10496K) NonClass: 8821K(9024K)->8821K(9024K) Class: 1331K(1472K)->1331K(1472K)
[10.309s][info][gc             ] GC(12) Pause Young (System.gc()) 1611M->3M(7851M) 0.272ms
[10.309s][info][gc,cpu         ] GC(12) User=0.00s Sys=0.00s Real=0.00s
[10.309s][info][gc,start       ] GC(13) Pause Full (System.gc())
[10.309s][info][gc,phases,start] GC(13) Marking Phase
[10.312s][info][gc,phases      ] GC(13) Marking Phase 3.425ms
[10.312s][info][gc,phases,start] GC(13) Summary Phase
[10.312s][info][gc,phases      ] GC(13) Summary Phase 0.008ms
[10.312s][info][gc,phases,start] GC(13) Adjust Roots
[10.314s][info][gc,phases      ] GC(13) Adjust Roots 1.511ms
[10.314s][info][gc,phases,start] GC(13) Compaction Phase
[10.316s][info][gc,phases      ] GC(13) Compaction Phase 2.006ms
[10.316s][info][gc,phases,start] GC(13) Post Compact
[10.316s][info][gc,phases      ] GC(13) Post Compact 0.394ms
[10.316s][info][gc,heap        ] GC(13) PSYoungGen: 32K(2446848K)->0K(2446848K) Eden: 0K(2097664K)->0K(2097664K) From: 32K(349184K)->0K(349184K)
[10.316s][info][gc,heap        ] GC(13) ParOldGen: 4040K(5592576K)->4039K(5592576K)
[10.316s][info][gc,metaspace   ] GC(13) Metaspace: 10152K(10496K)->10152K(10496K) NonClass: 8821K(9024K)->8821K(9024K) Class: 1331K(1472K)->1331K(1472K)
[10.316s][info][gc             ] GC(13) Pause Full (System.gc()) 3M->3M(7851M) 7.491ms
[10.316s][info][gc,cpu         ] GC(13) User=0.02s Sys=0.00s Real=0.01s
[11.817s][info][gc,start       ] GC(14) Pause Young (System.gc())
[11.817s][info][gc,heap        ] GC(14) PSYoungGen: 1652067K(2446848K)->64K(2446848K) Eden: 1652067K(2097664K)->0K(2097664K) From: 0K(349184K)->64K(349184K)
[11.817s][info][gc,heap        ] GC(14) ParOldGen: 4039K(5592576K)->4039K(5592576K)
[11.817s][info][gc,metaspace   ] GC(14) Metaspace: 10158K(10496K)->10158K(10496K) NonClass: 8827K(9024K)->8827K(9024K) Class: 1331K(1472K)->1331K(1472K)
[11.817s][info][gc             ] GC(14) Pause Young (System.gc()) 1617M->4M(7851M) 0.284ms
[11.817s][info][gc,cpu         ] GC(14) User=0.00s Sys=0.00s Real=0.00s
[11.817s][info][gc,start       ] GC(15) Pause Full (System.gc())
[11.817s][info][gc,phases,start] GC(15) Marking Phase
[11.821s][info][gc,phases      ] GC(15) Marking Phase 3.878ms
[11.821s][info][gc,phases,start] GC(15) Summary Phase
[11.821s][info][gc,phases      ] GC(15) Summary Phase 0.009ms
[11.821s][info][gc,phases,start] GC(15) Adjust Roots
[11.823s][info][gc,phases      ] GC(15) Adjust Roots 1.582ms
[11.823s][info][gc,phases,start] GC(15) Compaction Phase
[11.825s][info][gc,phases      ] GC(15) Compaction Phase 2.163ms
[11.825s][info][gc,phases,start] GC(15) Post Compact
[11.825s][info][gc,phases      ] GC(15) Post Compact 0.425ms
[11.826s][info][gc,heap        ] GC(15) PSYoungGen: 64K(2446848K)->0K(2446848K) Eden: 0K(2097664K)->0K(2097664K) From: 64K(349184K)->0K(349184K)
[11.826s][info][gc,heap        ] GC(15) ParOldGen: 4039K(5592576K)->4040K(5592576K)
[11.826s][info][gc,metaspace   ] GC(15) Metaspace: 10158K(10496K)->10158K(10496K) NonClass: 8827K(9024K)->8827K(9024K) Class: 1331K(1472K)->1331K(1472K)
[11.826s][info][gc             ] GC(15) Pause Full (System.gc()) 4M->3M(7851M) 8.192ms
[11.826s][info][gc,cpu         ] GC(15) User=0.00s Sys=0.00s Real=0.02s
[13.334s][info][gc,start       ] GC(16) Pause Young (System.gc())
[13.334s][info][gc,heap        ] GC(16) PSYoungGen: 1657394K(2446848K)->128K(2446848K) Eden: 1657394K(2097664K)->0K(2097664K) From: 0K(349184K)->128K(349184K)
[13.334s][info][gc,heap        ] GC(16) ParOldGen: 4040K(5592576K)->4040K(5592576K)
[13.334s][info][gc,metaspace   ] GC(16) Metaspace: 10158K(10496K)->10158K(10496K) NonClass: 8827K(9024K)->8827K(9024K) Class: 1331K(1472K)->1331K(1472K)
[13.334s][info][gc             ] GC(16) Pause Young (System.gc()) 1622M->4M(7851M) 0.247ms
[13.334s][info][gc,cpu         ] GC(16) User=0.00s Sys=0.00s Real=0.00s
[13.334s][info][gc,start       ] GC(17) Pause Full (System.gc())
[13.334s][info][gc,phases,start] GC(17) Marking Phase
[13.338s][info][gc,phases      ] GC(17) Marking Phase 3.505ms
[13.338s][info][gc,phases,start] GC(17) Summary Phase
[13.338s][info][gc,phases      ] GC(17) Summary Phase 0.073ms
[13.338s][info][gc,phases,start] GC(17) Adjust Roots
[13.341s][info][gc,phases      ] GC(17) Adjust Roots 2.645ms
[13.341s][info][gc,phases,start] GC(17) Compaction Phase
[13.342s][info][gc,phases      ] GC(17) Compaction Phase 1.782ms
[13.342s][info][gc,phases,start] GC(17) Post Compact
[13.343s][info][gc,phases      ] GC(17) Post Compact 0.396ms
[13.343s][info][gc,heap        ] GC(17) PSYoungGen: 128K(2446848K)->0K(2446848K) Eden: 0K(2097664K)->0K(2097664K) From: 128K(349184K)->0K(349184K)
[13.343s][info][gc,heap        ] GC(17) ParOldGen: 4040K(5592576K)->4040K(5592576K)
[13.343s][info][gc,metaspace   ] GC(17) Metaspace: 10158K(10496K)->10158K(10496K) NonClass: 8827K(9024K)->8827K(9024K) Class: 1331K(1472K)->1331K(1472K)
[13.343s][info][gc             ] GC(17) Pause Full (System.gc()) 4M->3M(7851M) 8.528ms
[13.343s][info][gc,cpu         ] GC(17) User=0.00s Sys=0.00s Real=0.00s
[14.845s][info][gc,start       ] GC(18) Pause Young (System.gc())
[14.845s][info][gc,heap        ] GC(18) PSYoungGen: 1650741K(2446848K)->64K(2446848K) Eden: 1650741K(2097664K)->0K(2097664K) From: 0K(349184K)->64K(349184K)
[14.845s][info][gc,heap        ] GC(18) ParOldGen: 4040K(5592576K)->4040K(5592576K)
[14.845s][info][gc,metaspace   ] GC(18) Metaspace: 10161K(10496K)->10161K(10496K) NonClass: 8830K(9024K)->8830K(9024K) Class: 1331K(1472K)->1331K(1472K)
[14.845s][info][gc             ] GC(18) Pause Young (System.gc()) 1615M->4M(7851M) 0.244ms
[14.845s][info][gc,cpu         ] GC(18) User=0.00s Sys=0.00s Real=0.00s
[14.845s][info][gc,start       ] GC(19) Pause Full (System.gc())
[14.845s][info][gc,phases,start] GC(19) Marking Phase
[14.849s][info][gc,phases      ] GC(19) Marking Phase 3.647ms
[14.849s][info][gc,phases,start] GC(19) Summary Phase
[14.849s][info][gc,phases      ] GC(19) Summary Phase 0.009ms
[14.849s][info][gc,phases,start] GC(19) Adjust Roots
[14.851s][info][gc,phases      ] GC(19) Adjust Roots 2.055ms
[14.851s][info][gc,phases,start] GC(19) Compaction Phase
[14.853s][info][gc,phases      ] GC(19) Compaction Phase 1.925ms
[14.853s][info][gc,phases,start] GC(19) Post Compact
[14.854s][info][gc,phases      ] GC(19) Post Compact 0.396ms
[14.854s][info][gc,heap        ] GC(19) PSYoungGen: 64K(2446848K)->0K(2446848K) Eden: 0K(2097664K)->0K(2097664K) From: 64K(349184K)->0K(349184K)
[14.854s][info][gc,heap        ] GC(19) ParOldGen: 4040K(5592576K)->4040K(5592576K)
[14.854s][info][gc,metaspace   ] GC(19) Metaspace: 10161K(10496K)->10161K(10496K) NonClass: 8830K(9024K)->8830K(9024K) Class: 1331K(1472K)->1331K(1472K)
[14.854s][info][gc             ] GC(19) Pause Full (System.gc()) 4M->3M(7851M) 8.180ms
[14.854s][info][gc,cpu         ] GC(19) User=0.00s Sys=0.00s Real=0.00s
[16.353s][info][gc,start       ] GC(20) Pause Young (System.gc())
[16.354s][info][gc,heap        ] GC(20) PSYoungGen: 1649928K(2446848K)->64K(2446848K) Eden: 1649928K(2097664K)->0K(2097664K) From: 0K(349184K)->64K(349184K)
[16.354s][info][gc,heap        ] GC(20) ParOldGen: 4040K(5592576K)->4040K(5592576K)
[16.354s][info][gc,metaspace   ] GC(20) Metaspace: 10162K(10496K)->10162K(10496K) NonClass: 8831K(9024K)->8831K(9024K) Class: 1331K(1472K)->1331K(1472K)
[16.354s][info][gc             ] GC(20) Pause Young (System.gc()) 1615M->4M(7851M) 0.258ms
[16.354s][info][gc,cpu         ] GC(20) User=0.00s Sys=0.00s Real=0.00s
[16.354s][info][gc,start       ] GC(21) Pause Full (System.gc())
[16.354s][info][gc,phases,start] GC(21) Marking Phase
[16.357s][info][gc,phases      ] GC(21) Marking Phase 3.341ms
[16.357s][info][gc,phases,start] GC(21) Summary Phase
[16.357s][info][gc,phases      ] GC(21) Summary Phase 0.009ms
[16.357s][info][gc,phases,start] GC(21) Adjust Roots
[16.359s][info][gc,phases      ] GC(21) Adjust Roots 1.518ms
[16.359s][info][gc,phases,start] GC(21) Compaction Phase
[16.361s][info][gc,phases      ] GC(21) Compaction Phase 2.197ms
[16.361s][info][gc,phases,start] GC(21) Post Compact
[16.361s][info][gc,phases      ] GC(21) Post Compact 0.424ms
[16.361s][info][gc,heap        ] GC(21) PSYoungGen: 64K(2446848K)->0K(2446848K) Eden: 0K(2097664K)->0K(2097664K) From: 64K(349184K)->0K(349184K)
[16.361s][info][gc,heap        ] GC(21) ParOldGen: 4040K(5592576K)->4040K(5592576K)
[16.361s][info][gc,metaspace   ] GC(21) Metaspace: 10162K(10496K)->10162K(10496K) NonClass: 8831K(9024K)->8831K(9024K) Class: 1331K(1472K)->1331K(1472K)
[16.361s][info][gc             ] GC(21) Pause Full (System.gc()) 4M->3M(7851M) 7.711ms
[16.361s][info][gc,cpu         ] GC(21) User=0.02s Sys=0.00s Real=0.00s
[17.854s][info][gc,start       ] GC(22) Pause Young (System.gc())
[17.855s][info][gc,heap        ] GC(22) PSYoungGen: 1633311K(2446848K)->160K(2446848K) Eden: 1633311K(2097664K)->0K(2097664K) From: 0K(349184K)->160K(349184K)
[17.855s][info][gc,heap        ] GC(22) ParOldGen: 4040K(5592576K)->4040K(5592576K)
[17.855s][info][gc,metaspace   ] GC(22) Metaspace: 10165K(10560K)->10165K(10560K) NonClass: 8834K(9088K)->8834K(9088K) Class: 1331K(1472K)->1331K(1472K)
[17.855s][info][gc             ] GC(22) Pause Young (System.gc()) 1598M->4M(7851M) 0.254ms
[17.855s][info][gc,cpu         ] GC(22) User=0.00s Sys=0.00s Real=0.00s
[17.855s][info][gc,start       ] GC(23) Pause Full (System.gc())
[17.855s][info][gc,phases,start] GC(23) Marking Phase
[17.858s][info][gc,phases      ] GC(23) Marking Phase 3.452ms
[17.858s][info][gc,phases,start] GC(23) Summary Phase
[17.858s][info][gc,phases      ] GC(23) Summary Phase 0.009ms
[17.858s][info][gc,phases,start] GC(23) Adjust Roots
[17.860s][info][gc,phases      ] GC(23) Adjust Roots 2.107ms
[17.860s][info][gc,phases,start] GC(23) Compaction Phase
[17.862s][info][gc,phases      ] GC(23) Compaction Phase 1.931ms
[17.862s][info][gc,phases,start] GC(23) Post Compact
[17.863s][info][gc,phases      ] GC(23) Post Compact 0.396ms
[17.863s][info][gc,heap        ] GC(23) PSYoungGen: 160K(2446848K)->0K(2446848K) Eden: 0K(2097664K)->0K(2097664K) From: 160K(349184K)->0K(349184K)
[17.863s][info][gc,heap        ] GC(23) ParOldGen: 4040K(5592576K)->4041K(5592576K)
[17.863s][info][gc,metaspace   ] GC(23) Metaspace: 10165K(10560K)->10165K(10560K) NonClass: 8834K(9088K)->8834K(9088K) Class: 1331K(1472K)->1331K(1472K)
[17.863s][info][gc             ] GC(23) Pause Full (System.gc()) 4M->3M(7851M) 8.062ms
[17.863s][info][gc,cpu         ] GC(23) User=0.00s Sys=0.02s Real=0.02s
[19.367s][info][gc,start       ] GC(24) Pause Young (System.gc())
[19.367s][info][gc,heap        ] GC(24) PSYoungGen: 1641829K(2446848K)->32K(2446848K) Eden: 1641829K(2097664K)->0K(2097664K) From: 0K(349184K)->32K(349184K)
[19.367s][info][gc,heap        ] GC(24) ParOldGen: 4041K(5592576K)->4041K(5592576K)
[19.367s][info][gc,metaspace   ] GC(24) Metaspace: 10180K(10560K)->10180K(10560K) NonClass: 8849K(9088K)->8849K(9088K) Class: 1331K(1472K)->1331K(1472K)
[19.367s][info][gc             ] GC(24) Pause Young (System.gc()) 1607M->3M(7851M) 0.236ms
[19.367s][info][gc,cpu         ] GC(24) User=0.00s Sys=0.00s Real=0.00s
[19.367s][info][gc,start       ] GC(25) Pause Full (System.gc())
[19.367s][info][gc,phases,start] GC(25) Marking Phase
[19.371s][info][gc,phases      ] GC(25) Marking Phase 3.755ms
[19.371s][info][gc,phases,start] GC(25) Summary Phase
[19.371s][info][gc,phases      ] GC(25) Summary Phase 0.009ms
[19.371s][info][gc,phases,start] GC(25) Adjust Roots
[19.373s][info][gc,phases      ] GC(25) Adjust Roots 1.626ms
[19.373s][info][gc,phases,start] GC(25) Compaction Phase
[19.375s][info][gc,phases      ] GC(25) Compaction Phase 2.165ms
[19.375s][info][gc,phases,start] GC(25) Post Compact
[19.375s][info][gc,phases      ] GC(25) Post Compact 0.425ms
[19.375s][info][gc,heap        ] GC(25) PSYoungGen: 32K(2446848K)->0K(2446848K) Eden: 0K(2097664K)->0K(2097664K) From: 32K(349184K)->0K(349184K)
[19.375s][info][gc,heap        ] GC(25) ParOldGen: 4041K(5592576K)->4041K(5592576K)
[19.375s][info][gc,metaspace   ] GC(25) Metaspace: 10180K(10560K)->10180K(10560K) NonClass: 8849K(9088K)->8849K(9088K) Class: 1331K(1472K)->1331K(1472K)
[19.375s][info][gc             ] GC(25) Pause Full (System.gc()) 3M->3M(7851M) 8.189ms
[19.375s][info][gc,cpu         ] GC(25) User=0.03s Sys=0.00s Real=0.00s
[20.877s][info][gc,start       ] GC(26) Pause Young (System.gc())
[20.877s][info][gc,heap        ] GC(26) PSYoungGen: 1645045K(2446848K)->32K(2446848K) Eden: 1645045K(2097664K)->0K(2097664K) From: 0K(349184K)->32K(349184K)
[20.877s][info][gc,heap        ] GC(26) ParOldGen: 4041K(5592576K)->4041K(5592576K)
[20.877s][info][gc,metaspace   ] GC(26) Metaspace: 10183K(10560K)->10183K(10560K) NonClass: 8852K(9088K)->8852K(9088K) Class: 1331K(1472K)->1331K(1472K)
[20.877s][info][gc             ] GC(26) Pause Young (System.gc()) 1610M->3M(7851M) 0.285ms
[20.877s][info][gc,cpu         ] GC(26) User=0.00s Sys=0.00s Real=0.00s
[20.877s][info][gc,start       ] GC(27) Pause Full (System.gc())
[20.877s][info][gc,phases,start] GC(27) Marking Phase
[20.881s][info][gc,phases      ] GC(27) Marking Phase 3.869ms
[20.881s][info][gc,phases,start] GC(27) Summary Phase
[20.881s][info][gc,phases      ] GC(27) Summary Phase 0.009ms
[20.881s][info][gc,phases,start] GC(27) Adjust Roots
[20.883s][info][gc,phases      ] GC(27) Adjust Roots 2.113ms
[20.883s][info][gc,phases,start] GC(27) Compaction Phase
[20.885s][info][gc,phases      ] GC(27) Compaction Phase 1.920ms
[20.885s][info][gc,phases,start] GC(27) Post Compact
[20.886s][info][gc,phases      ] GC(27) Post Compact 0.396ms
[20.886s][info][gc,heap        ] GC(27) PSYoungGen: 32K(2446848K)->0K(2446848K) Eden: 0K(2097664K)->0K(2097664K) From: 32K(349184K)->0K(349184K)
[20.886s][info][gc,heap        ] GC(27) ParOldGen: 4041K(5592576K)->4041K(5592576K)
[20.886s][info][gc,metaspace   ] GC(27) Metaspace: 10183K(10560K)->10183K(10560K) NonClass: 8852K(9088K)->8852K(9088K) Class: 1331K(1472K)->1331K(1472K)
[20.886s][info][gc             ] GC(27) Pause Full (System.gc()) 3M->3M(7851M) 8.512ms
[20.886s][info][gc,cpu         ] GC(27) User=0.00s Sys=0.00s Real=0.01s
[22.389s][info][gc,start       ] GC(28) Pause Young (System.gc())
[22.389s][info][gc,heap        ] GC(28) PSYoungGen: 1654873K(2446848K)->96K(2446848K) Eden: 1654873K(2097664K)->0K(2097664K) From: 0K(349184K)->96K(349184K)
[22.390s][info][gc,heap        ] GC(28) ParOldGen: 4041K(5592576K)->4049K(5592576K)
[22.390s][info][gc,metaspace   ] GC(28) Metaspace: 10187K(10560K)->10187K(10560K) NonClass: 8856K(9088K)->8856K(9088K) Class: 1331K(1472K)->1331K(1472K)
[22.390s][info][gc             ] GC(28) Pause Young (System.gc()) 1620M->4M(7851M) 0.257ms
[22.390s][info][gc,cpu         ] GC(28) User=0.00s Sys=0.00s Real=0.00s
[22.390s][info][gc,start       ] GC(29) Pause Full (System.gc())
[22.390s][info][gc,phases,start] GC(29) Marking Phase
[22.393s][info][gc,phases      ] GC(29) Marking Phase 3.456ms
[22.393s][info][gc,phases,start] GC(29) Summary Phase
[22.393s][info][gc,phases      ] GC(29) Summary Phase 0.009ms
[22.393s][info][gc,phases,start] GC(29) Adjust Roots
[22.395s][info][gc,phases      ] GC(29) Adjust Roots 2.147ms
[22.395s][info][gc,phases,start] GC(29) Compaction Phase
[22.397s][info][gc,phases      ] GC(29) Compaction Phase 2.174ms
[22.398s][info][gc,phases,start] GC(29) Post Compact
[22.398s][info][gc,phases      ] GC(29) Post Compact 0.409ms
[22.398s][info][gc,heap        ] GC(29) PSYoungGen: 96K(2446848K)->0K(2446848K) Eden: 0K(2097664K)->0K(2097664K) From: 96K(349184K)->0K(349184K)
[22.398s][info][gc,heap        ] GC(29) ParOldGen: 4049K(5592576K)->4042K(5592576K)
[22.398s][info][gc,metaspace   ] GC(29) Metaspace: 10187K(10560K)->10187K(10560K) NonClass: 8856K(9088K)->8856K(9088K) Class: 1331K(1472K)->1331K(1472K)
[22.398s][info][gc             ] GC(29) Pause Full (System.gc()) 4M->3M(7851M) 8.415ms
[22.398s][info][gc,cpu         ] GC(29) User=0.00s Sys=0.08s Real=0.00s
[23.898s][info][gc,start       ] GC(30) Pause Young (System.gc())
[23.898s][info][gc,heap        ] GC(30) PSYoungGen: 1643552K(2446848K)->64K(2446848K) Eden: 1643552K(2097664K)->0K(2097664K) From: 0K(349184K)->64K(349184K)
[23.898s][info][gc,heap        ] GC(30) ParOldGen: 4042K(5592576K)->4042K(5592576K)
[23.898s][info][gc,metaspace   ] GC(30) Metaspace: 10195K(10560K)->10195K(10560K) NonClass: 8864K(9088K)->8864K(9088K) Class: 1331K(1472K)->1331K(1472K)
[23.898s][info][gc             ] GC(30) Pause Young (System.gc()) 1608M->4M(7851M) 0.254ms
[23.898s][info][gc,cpu         ] GC(30) User=0.00s Sys=0.00s Real=0.00s
[23.898s][info][gc,start       ] GC(31) Pause Full (System.gc())
[23.898s][info][gc,phases,start] GC(31) Marking Phase
[23.902s][info][gc,phases      ] GC(31) Marking Phase 3.647ms
[23.902s][info][gc,phases,start] GC(31) Summary Phase
[23.902s][info][gc,phases      ] GC(31) Summary Phase 0.009ms
[23.902s][info][gc,phases,start] GC(31) Adjust Roots
[23.904s][info][gc,phases      ] GC(31) Adjust Roots 2.079ms
[23.904s][info][gc,phases,start] GC(31) Compaction Phase
[23.907s][info][gc,phases      ] GC(31) Compaction Phase 2.512ms
[23.907s][info][gc,phases,start] GC(31) Post Compact
[23.907s][info][gc,phases      ] GC(31) Post Compact 0.427ms
[23.907s][info][gc,heap        ] GC(31) PSYoungGen: 64K(2446848K)->0K(2446848K) Eden: 0K(2097664K)->0K(2097664K) From: 64K(349184K)->0K(349184K)
[23.907s][info][gc,heap        ] GC(31) ParOldGen: 4042K(5592576K)->4042K(5592576K)
[23.907s][info][gc,metaspace   ] GC(31) Metaspace: 10195K(10560K)->10195K(10560K) NonClass: 8864K(9088K)->8864K(9088K) Class: 1331K(1472K)->1331K(1472K)
[23.907s][info][gc             ] GC(31) Pause Full (System.gc()) 4M->3M(7851M) 8.908ms
[23.907s][info][gc,cpu         ] GC(31) User=0.03s Sys=0.00s Real=0.01s
[25.410s][info][gc,start       ] GC(32) Pause Young (System.gc())
[25.410s][info][gc,heap        ] GC(32) PSYoungGen: 1640784K(2446848K)->32K(2446848K) Eden: 1640784K(2097664K)->0K(2097664K) From: 0K(349184K)->32K(349184K)
[25.410s][info][gc,heap        ] GC(32) ParOldGen: 4042K(5592576K)->4042K(5592576K)
[25.410s][info][gc,metaspace   ] GC(32) Metaspace: 10196K(10560K)->10196K(10560K) NonClass: 8865K(9088K)->8865K(9088K) Class: 1331K(1472K)->1331K(1472K)
[25.410s][info][gc             ] GC(32) Pause Young (System.gc()) 1606M->3M(7851M) 0.268ms
[25.410s][info][gc,cpu         ] GC(32) User=0.00s Sys=0.00s Real=0.00s
[25.410s][info][gc,start       ] GC(33) Pause Full (System.gc())
[25.410s][info][gc,phases,start] GC(33) Marking Phase
[25.414s][info][gc,phases      ] GC(33) Marking Phase 3.528ms
[25.414s][info][gc,phases,start] GC(33) Summary Phase
[25.414s][info][gc,phases      ] GC(33) Summary Phase 0.009ms
[25.414s][info][gc,phases,start] GC(33) Adjust Roots
[25.416s][info][gc,phases      ] GC(33) Adjust Roots 2.106ms
[25.416s][info][gc,phases,start] GC(33) Compaction Phase
[25.418s][info][gc,phases      ] GC(33) Compaction Phase 1.830ms
[25.418s][info][gc,phases,start] GC(33) Post Compact
[25.418s][info][gc,phases      ] GC(33) Post Compact 0.395ms
[25.418s][info][gc,heap        ] GC(33) PSYoungGen: 32K(2446848K)->0K(2446848K) Eden: 0K(2097664K)->0K(2097664K) From: 32K(349184K)->0K(349184K)
[25.418s][info][gc,heap        ] GC(33) ParOldGen: 4042K(5592576K)->4041K(5592576K)
[25.418s][info][gc,metaspace   ] GC(33) Metaspace: 10196K(10560K)->10196K(10560K) NonClass: 8865K(9088K)->8865K(9088K) Class: 1331K(1472K)->1331K(1472K)
[25.418s][info][gc             ] GC(33) Pause Full (System.gc()) 3M->3M(7851M) 8.041ms
[25.418s][info][gc,cpu         ] GC(33) User=0.00s Sys=0.00s Real=0.01s
[26.912s][info][gc,start       ] GC(34) Pause Young (System.gc())
[26.912s][info][gc,heap        ] GC(34) PSYoungGen: 1640396K(2446848K)->32K(2446848K) Eden: 1640396K(2097664K)->0K(2097664K) From: 0K(349184K)->32K(349184K)
[26.912s][info][gc,heap        ] GC(34) ParOldGen: 4041K(5592576K)->4041K(5592576K)
[26.912s][info][gc,metaspace   ] GC(34) Metaspace: 10196K(10560K)->10196K(10560K) NonClass: 8865K(9088K)->8865K(9088K) Class: 1331K(1472K)->1331K(1472K)
[26.912s][info][gc             ] GC(34) Pause Young (System.gc()) 1605M->3M(7851M) 0.257ms
[26.912s][info][gc,cpu         ] GC(34) User=0.00s Sys=0.00s Real=0.00s
[26.912s][info][gc,start       ] GC(35) Pause Full (System.gc())
[26.912s][info][gc,phases,start] GC(35) Marking Phase
[26.916s][info][gc,phases      ] GC(35) Marking Phase 3.540ms
[26.916s][info][gc,phases,start] GC(35) Summary Phase
[26.916s][info][gc,phases      ] GC(35) Summary Phase 0.010ms
[26.916s][info][gc,phases,start] GC(35) Adjust Roots
[26.918s][info][gc,phases      ] GC(35) Adjust Roots 1.605ms
[26.918s][info][gc,phases,start] GC(35) Compaction Phase
[26.921s][info][gc,phases      ] GC(35) Compaction Phase 3.139ms
[26.921s][info][gc,phases,start] GC(35) Post Compact
[26.921s][info][gc,phases      ] GC(35) Post Compact 0.454ms
[26.921s][info][gc,heap        ] GC(35) PSYoungGen: 32K(2446848K)->0K(2446848K) Eden: 0K(2097664K)->0K(2097664K) From: 32K(349184K)->0K(349184K)
[26.921s][info][gc,heap        ] GC(35) ParOldGen: 4041K(5592576K)->4041K(5592576K)
[26.921s][info][gc,metaspace   ] GC(35) Metaspace: 10196K(10560K)->10196K(10560K) NonClass: 8865K(9088K)->8865K(9088K) Class: 1331K(1472K)->1331K(1472K)
[26.921s][info][gc             ] GC(35) Pause Full (System.gc()) 3M->3M(7851M) 9.010ms
[26.921s][info][gc,cpu         ] GC(35) User=0.00s Sys=0.00s Real=0.02s
[28.423s][info][gc,start       ] GC(36) Pause Young (System.gc())
[28.424s][info][gc,heap        ] GC(36) PSYoungGen: 1649446K(2446848K)->32K(2446848K) Eden: 1649446K(2097664K)->0K(2097664K) From: 0K(349184K)->32K(349184K)
[28.424s][info][gc,heap        ] GC(36) ParOldGen: 4041K(5592576K)->4041K(5592576K)
[28.424s][info][gc,metaspace   ] GC(36) Metaspace: 10197K(10560K)->10197K(10560K) NonClass: 8866K(9088K)->8866K(9088K) Class: 1331K(1472K)->1331K(1472K)
[28.424s][info][gc             ] GC(36) Pause Young (System.gc()) 1614M->3M(7851M) 0.240ms
[28.424s][info][gc,cpu         ] GC(36) User=0.00s Sys=0.00s Real=0.00s
[28.424s][info][gc,start       ] GC(37) Pause Full (System.gc())
[28.424s][info][gc,phases,start] GC(37) Marking Phase
[28.427s][info][gc,phases      ] GC(37) Marking Phase 3.587ms
[28.427s][info][gc,phases,start] GC(37) Summary Phase
[28.427s][info][gc,phases      ] GC(37) Summary Phase 0.009ms
[28.427s][info][gc,phases,start] GC(37) Adjust Roots
[28.429s][info][gc,phases      ] GC(37) Adjust Roots 1.933ms
[28.429s][info][gc,phases,start] GC(37) Compaction Phase
[28.431s][info][gc,phases      ] GC(37) Compaction Phase 1.912ms
[28.431s][info][gc,phases,start] GC(37) Post Compact
[28.432s][info][gc,phases      ] GC(37) Post Compact 0.396ms
[28.432s][info][gc,heap        ] GC(37) PSYoungGen: 32K(2446848K)->0K(2446848K) Eden: 0K(2097664K)->0K(2097664K) From: 32K(349184K)->0K(349184K)
[28.432s][info][gc,heap        ] GC(37) ParOldGen: 4041K(5592576K)->4041K(5592576K)
[28.432s][info][gc,metaspace   ] GC(37) Metaspace: 10197K(10560K)->10197K(10560K) NonClass: 8866K(9088K)->8866K(9088K) Class: 1331K(1472K)->1331K(1472K)
[28.432s][info][gc             ] GC(37) Pause Full (System.gc()) 3M->3M(7851M) 7.986ms
[28.432s][info][gc,cpu         ] GC(37) User=0.00s Sys=0.00s Real=0.01s
[29.933s][info][gc,start       ] GC(38) Pause Young (System.gc())
[29.933s][info][gc,heap        ] GC(38) PSYoungGen: 1641010K(2446848K)->64K(2446848K) Eden: 1641010K(2097664K)->0K(2097664K) From: 0K(349184K)->64K(349184K)
[29.933s][info][gc,heap        ] GC(38) ParOldGen: 4041K(5592576K)->4041K(5592576K)
[29.933s][info][gc,metaspace   ] GC(38) Metaspace: 10200K(10560K)->10200K(10560K) NonClass: 8869K(9088K)->8869K(9088K) Class: 1331K(1472K)->1331K(1472K)
[29.933s][info][gc             ] GC(38) Pause Young (System.gc()) 1606M->4M(7851M) 0.251ms
[29.933s][info][gc,cpu         ] GC(38) User=0.00s Sys=0.00s Real=0.00s
[29.933s][info][gc,start       ] GC(39) Pause Full (System.gc())
[29.933s][info][gc,phases,start] GC(39) Marking Phase
[29.937s][info][gc,phases      ] GC(39) Marking Phase 3.582ms
[29.937s][info][gc,phases,start] GC(39) Summary Phase
[29.937s][info][gc,phases      ] GC(39) Summary Phase 0.009ms
[29.937s][info][gc,phases,start] GC(39) Adjust Roots
[29.940s][info][gc,phases      ] GC(39) Adjust Roots 2.779ms
[29.940s][info][gc,phases,start] GC(39) Compaction Phase
[29.942s][info][gc,phases      ] GC(39) Compaction Phase 1.961ms
[29.942s][info][gc,phases,start] GC(39) Post Compact
[29.942s][info][gc,phases      ] GC(39) Post Compact 0.461ms
[29.942s][info][gc,heap        ] GC(39) PSYoungGen: 64K(2446848K)->0K(2446848K) Eden: 0K(2097664K)->0K(2097664K) From: 64K(349184K)->0K(349184K)
[29.942s][info][gc,heap        ] GC(39) ParOldGen: 4041K(5592576K)->4042K(5592576K)
[29.942s][info][gc,metaspace   ] GC(39) Metaspace: 10200K(10560K)->10200K(10560K) NonClass: 8869K(9088K)->8869K(9088K) Class: 1331K(1472K)->1331K(1472K)
[29.942s][info][gc             ] GC(39) Pause Full (System.gc()) 4M->3M(7851M) 9.000ms
[29.942s][info][gc,cpu         ] GC(39) User=0.06s Sys=0.03s Real=0.02s
[31.442s][info][gc,start       ] GC(40) Pause Young (System.gc())
[31.442s][info][gc,heap        ] GC(40) PSYoungGen: 1650771K(2446848K)->64K(2446848K) Eden: 1650771K(2097664K)->0K(2097664K) From: 0K(349184K)->64K(349184K)
[31.442s][info][gc,heap        ] GC(40) ParOldGen: 4042K(5592576K)->4042K(5592576K)
[31.442s][info][gc,metaspace   ] GC(40) Metaspace: 10200K(10560K)->10200K(10560K) NonClass: 8869K(9088K)->8869K(9088K) Class: 1331K(1472K)->1331K(1472K)
[31.442s][info][gc             ] GC(40) Pause Young (System.gc()) 1616M->4M(7851M) 0.327ms
[31.442s][info][gc,cpu         ] GC(40) User=0.00s Sys=0.00s Real=0.00s
[31.442s][info][gc,start       ] GC(41) Pause Full (System.gc())
[31.442s][info][gc,phases,start] GC(41) Marking Phase
[31.446s][info][gc,phases      ] GC(41) Marking Phase 3.517ms
[31.446s][info][gc,phases,start] GC(41) Summary Phase
[31.446s][info][gc,phases      ] GC(41) Summary Phase 0.009ms
[31.446s][info][gc,phases,start] GC(41) Adjust Roots
[31.448s][info][gc,phases      ] GC(41) Adjust Roots 2.104ms
[31.448s][info][gc,phases,start] GC(41) Compaction Phase
[31.450s][info][gc,phases      ] GC(41) Compaction Phase 2.190ms
[31.450s][info][gc,phases,start] GC(41) Post Compact
[31.451s][info][gc,phases      ] GC(41) Post Compact 0.395ms
[31.451s][info][gc,heap        ] GC(41) PSYoungGen: 64K(2446848K)->0K(2446848K) Eden: 0K(2097664K)->0K(2097664K) From: 64K(349184K)->0K(349184K)
[31.451s][info][gc,heap        ] GC(41) ParOldGen: 4042K(5592576K)->4042K(5592576K)
[31.451s][info][gc,metaspace   ] GC(41) Metaspace: 10200K(10560K)->10200K(10560K) NonClass: 8869K(9088K)->8869K(9088K) Class: 1331K(1472K)->1331K(1472K)
[31.451s][info][gc             ] GC(41) Pause Full (System.gc()) 4M->3M(7851M) 8.408ms
[31.451s][info][gc,cpu         ] GC(41) User=0.00s Sys=0.00s Real=0.02s
[32.948s][info][gc,start       ] GC(42) Pause Young (System.gc())
[32.949s][info][gc,heap        ] GC(42) PSYoungGen: 1644021K(2446848K)->32K(2446848K) Eden: 1644021K(2097664K)->0K(2097664K) From: 0K(349184K)->32K(349184K)
[32.949s][info][gc,heap        ] GC(42) ParOldGen: 4042K(5592576K)->4042K(5592576K)
[32.949s][info][gc,metaspace   ] GC(42) Metaspace: 10205K(10560K)->10205K(10560K) NonClass: 8874K(9088K)->8874K(9088K) Class: 1331K(1472K)->1331K(1472K)
[32.949s][info][gc             ] GC(42) Pause Young (System.gc()) 1609M->3M(7851M) 0.242ms
[32.949s][info][gc,cpu         ] GC(42) User=0.00s Sys=0.00s Real=0.00s
[32.949s][info][gc,start       ] GC(43) Pause Full (System.gc())
[32.949s][info][gc,phases,start] GC(43) Marking Phase
[32.952s][info][gc,phases      ] GC(43) Marking Phase 3.540ms
[32.952s][info][gc,phases,start] GC(43) Summary Phase
[32.952s][info][gc,phases      ] GC(43) Summary Phase 0.010ms
[32.952s][info][gc,phases,start] GC(43) Adjust Roots
[32.954s][info][gc,phases      ] GC(43) Adjust Roots 1.764ms
[32.954s][info][gc,phases,start] GC(43) Compaction Phase
[32.957s][info][gc,phases      ] GC(43) Compaction Phase 2.357ms
[32.957s][info][gc,phases,start] GC(43) Post Compact
[32.957s][info][gc,phases      ] GC(43) Post Compact 0.452ms
[32.957s][info][gc,heap        ] GC(43) PSYoungGen: 32K(2446848K)->0K(2446848K) Eden: 0K(2097664K)->0K(2097664K) From: 32K(349184K)->0K(349184K)
[32.957s][info][gc,heap        ] GC(43) ParOldGen: 4042K(5592576K)->4041K(5592576K)
[32.957s][info][gc,metaspace   ] GC(43) Metaspace: 10205K(10560K)->10205K(10560K) NonClass: 8874K(9088K)->8874K(9088K) Class: 1331K(1472K)->1331K(1472K)
[32.957s][info][gc             ] GC(43) Pause Full (System.gc()) 3M->3M(7851M) 8.469ms
[32.957s][info][gc,cpu         ] GC(43) User=0.00s Sys=0.02s Real=0.02s
[34.458s][info][gc,start       ] GC(44) Pause Young (System.gc())
[34.458s][info][gc,heap        ] GC(44) PSYoungGen: 1649289K(2446848K)->128K(2446848K) Eden: 1649289K(2097664K)->0K(2097664K) From: 0K(349184K)->128K(349184K)
[34.458s][info][gc,heap        ] GC(44) ParOldGen: 4041K(5592576K)->4049K(5592576K)
[34.458s][info][gc,metaspace   ] GC(44) Metaspace: 10211K(10560K)->10211K(10560K) NonClass: 8880K(9088K)->8880K(9088K) Class: 1331K(1472K)->1331K(1472K)
[34.458s][info][gc             ] GC(44) Pause Young (System.gc()) 1614M->4M(7851M) 0.275ms
[34.458s][info][gc,cpu         ] GC(44) User=0.00s Sys=0.00s Real=0.00s
[34.458s][info][gc,start       ] GC(45) Pause Full (System.gc())
[34.458s][info][gc,phases,start] GC(45) Marking Phase
[34.462s][info][gc,phases      ] GC(45) Marking Phase 3.435ms
[34.462s][info][gc,phases,start] GC(45) Summary Phase
[34.462s][info][gc,phases      ] GC(45) Summary Phase 0.009ms
[34.462s][info][gc,phases,start] GC(45) Adjust Roots
[34.464s][info][gc,phases      ] GC(45) Adjust Roots 2.128ms
[34.464s][info][gc,phases,start] GC(45) Compaction Phase
[34.466s][info][gc,phases      ] GC(45) Compaction Phase 1.959ms
[34.466s][info][gc,phases,start] GC(45) Post Compact
[34.466s][info][gc,phases      ] GC(45) Post Compact 0.398ms
[34.466s][info][gc,heap        ] GC(45) PSYoungGen: 128K(2446848K)->0K(2446848K) Eden: 0K(2097664K)->0K(2097664K) From: 128K(349184K)->0K(349184K)
[34.466s][info][gc,heap        ] GC(45) ParOldGen: 4049K(5592576K)->4043K(5592576K)
[34.466s][info][gc,metaspace   ] GC(45) Metaspace: 10211K(10560K)->10211K(10560K) NonClass: 8880K(9088K)->8880K(9088K) Class: 1331K(1472K)->1331K(1472K)
[34.466s][info][gc             ] GC(45) Pause Full (System.gc()) 4M->3M(7851M) 8.077ms
[34.466s][info][gc,cpu         ] GC(45) User=0.00s Sys=0.00s Real=0.02s
[35.966s][info][gc,start       ] GC(46) Pause Young (System.gc())
[35.966s][info][gc,heap        ] GC(46) PSYoungGen: 1654547K(2446848K)->64K(2446848K) Eden: 1654547K(2097664K)->0K(2097664K) From: 0K(349184K)->64K(349184K)
[35.966s][info][gc,heap        ] GC(46) ParOldGen: 4043K(5592576K)->4043K(5592576K)
[35.966s][info][gc,metaspace   ] GC(46) Metaspace: 10220K(10560K)->10220K(10560K) NonClass: 8889K(9088K)->8889K(9088K) Class: 1331K(1472K)->1331K(1472K)
[35.966s][info][gc             ] GC(46) Pause Young (System.gc()) 1619M->4M(7851M) 0.246ms
[35.966s][info][gc,cpu         ] GC(46) User=0.00s Sys=0.00s Real=0.00s
[35.966s][info][gc,start       ] GC(47) Pause Full (System.gc())
[35.966s][info][gc,phases,start] GC(47) Marking Phase
[35.969s][info][gc,phases      ] GC(47) Marking Phase 3.459ms
[35.969s][info][gc,phases,start] GC(47) Summary Phase
[35.969s][info][gc,phases      ] GC(47) Summary Phase 0.009ms
[35.969s][info][gc,phases,start] GC(47) Adjust Roots
[35.971s][info][gc,phases      ] GC(47) Adjust Roots 1.595ms
[35.971s][info][gc,phases,start] GC(47) Compaction Phase
[35.973s][info][gc,phases      ] GC(47) Compaction Phase 2.321ms
[35.973s][info][gc,phases,start] GC(47) Post Compact
[35.974s][info][gc,phases      ] GC(47) Post Compact 0.398ms
[35.974s][info][gc,heap        ] GC(47) PSYoungGen: 64K(2446848K)->0K(2446848K) Eden: 0K(2097664K)->0K(2097664K) From: 64K(349184K)->0K(349184K)
[35.974s][info][gc,heap        ] GC(47) ParOldGen: 4043K(5592576K)->4043K(5592576K)
[35.974s][info][gc,metaspace   ] GC(47) Metaspace: 10220K(10560K)->10220K(10560K) NonClass: 8889K(9088K)->8889K(9088K) Class: 1331K(1472K)->1331K(1472K)
[35.974s][info][gc             ] GC(47) Pause Full (System.gc()) 4M->3M(7851M) 7.988ms
[35.974s][info][gc,cpu         ] GC(47) User=0.02s Sys=0.00s Real=0.02s
[37.476s][info][gc,start       ] GC(48) Pause Young (System.gc())
[37.476s][info][gc,heap        ] GC(48) PSYoungGen: 1653253K(2446848K)->64K(2446848K) Eden: 1653253K(2097664K)->0K(2097664K) From: 0K(349184K)->64K(349184K)
[37.477s][info][gc,heap        ] GC(48) ParOldGen: 4043K(5592576K)->4043K(5592576K)
[37.477s][info][gc,metaspace   ] GC(48) Metaspace: 10223K(10560K)->10223K(10560K) NonClass: 8892K(9088K)->8892K(9088K) Class: 1331K(1472K)->1331K(1472K)
[37.477s][info][gc             ] GC(48) Pause Young (System.gc()) 1618M->4M(7851M) 0.367ms
[37.477s][info][gc,cpu         ] GC(48) User=0.00s Sys=0.00s Real=0.00s
[37.477s][info][gc,start       ] GC(49) Pause Full (System.gc())
[37.477s][info][gc,phases,start] GC(49) Marking Phase
[37.480s][info][gc,phases      ] GC(49) Marking Phase 3.498ms
[37.480s][info][gc,phases,start] GC(49) Summary Phase
[37.480s][info][gc,phases      ] GC(49) Summary Phase 0.009ms
[37.480s][info][gc,phases,start] GC(49) Adjust Roots
[37.483s][info][gc,phases      ] GC(49) Adjust Roots 2.648ms
[37.483s][info][gc,phases,start] GC(49) Compaction Phase
[37.485s][info][gc,phases      ] GC(49) Compaction Phase 2.070ms
[37.485s][info][gc,phases,start] GC(49) Post Compact
[37.485s][info][gc,phases      ] GC(49) Post Compact 0.397ms
[37.485s][info][gc,heap        ] GC(49) PSYoungGen: 64K(2446848K)->0K(2446848K) Eden: 0K(2097664K)->0K(2097664K) From: 64K(349184K)->0K(349184K)
[37.485s][info][gc,heap        ] GC(49) ParOldGen: 4043K(5592576K)->4043K(5592576K)
[37.485s][info][gc,metaspace   ] GC(49) Metaspace: 10223K(10560K)->10223K(10560K) NonClass: 8892K(9088K)->8892K(9088K) Class: 1331K(1472K)->1331K(1472K)
[37.485s][info][gc             ] GC(49) Pause Full (System.gc()) 4M->3M(7851M) 8.796ms
[37.485s][info][gc,cpu         ] GC(49) User=0.06s Sys=0.02s Real=0.02s
[38.984s][info][gc,start       ] GC(50) Pause Young (System.gc())
[38.984s][info][gc,heap        ] GC(50) PSYoungGen: 1649778K(2446848K)->64K(2446848K) Eden: 1649778K(2097664K)->0K(2097664K) From: 0K(349184K)->64K(349184K)
[38.984s][info][gc,heap        ] GC(50) ParOldGen: 4043K(5592576K)->4043K(5592576K)
[38.984s][info][gc,metaspace   ] GC(50) Metaspace: 10224K(10560K)->10224K(10560K) NonClass: 8893K(9088K)->8893K(9088K) Class: 1331K(1472K)->1331K(1472K)
[38.985s][info][gc             ] GC(50) Pause Young (System.gc()) 1615M->4M(7851M) 0.237ms
[38.985s][info][gc,cpu         ] GC(50) User=0.00s Sys=0.00s Real=0.00s
[38.985s][info][gc,start       ] GC(51) Pause Full (System.gc())
[38.985s][info][gc,phases,start] GC(51) Marking Phase
[38.988s][info][gc,phases      ] GC(51) Marking Phase 3.495ms
[38.988s][info][gc,phases,start] GC(51) Summary Phase
[38.988s][info][gc,phases      ] GC(51) Summary Phase 0.009ms
[38.988s][info][gc,phases,start] GC(51) Adjust Roots
[38.990s][info][gc,phases      ] GC(51) Adjust Roots 2.139ms
[38.990s][info][gc,phases,start] GC(51) Compaction Phase
[38.992s][info][gc,phases      ] GC(51) Compaction Phase 1.960ms
[38.992s][info][gc,phases,start] GC(51) Post Compact
[38.993s][info][gc,phases      ] GC(51) Post Compact 0.396ms
[38.993s][info][gc,heap        ] GC(51) PSYoungGen: 64K(2446848K)->0K(2446848K) Eden: 0K(2097664K)->0K(2097664K) From: 64K(349184K)->0K(349184K)
[38.993s][info][gc,heap        ] GC(51) ParOldGen: 4043K(5592576K)->4043K(5592576K)
[38.993s][info][gc,metaspace   ] GC(51) Metaspace: 10224K(10560K)->10224K(10560K) NonClass: 8893K(9088K)->8893K(9088K) Class: 1331K(1472K)->1331K(1472K)
[38.993s][info][gc             ] GC(51) Pause Full (System.gc()) 4M->3M(7851M) 8.170ms
[38.993s][info][gc,cpu         ] GC(51) User=0.00s Sys=0.00s Real=0.01s
[40.490s][info][gc,start       ] GC(52) Pause Young (System.gc())
[40.490s][info][gc,heap        ] GC(52) PSYoungGen: 1646223K(2446848K)->96K(2446848K) Eden: 1646223K(2097664K)->0K(2097664K) From: 0K(349184K)->96K(349184K)
[40.490s][info][gc,heap        ] GC(52) ParOldGen: 4043K(5592576K)->4043K(5592576K)
[40.490s][info][gc,metaspace   ] GC(52) Metaspace: 10225K(10560K)->10225K(10560K) NonClass: 8894K(9088K)->8894K(9088K) Class: 1331K(1472K)->1331K(1472K)
[40.490s][info][gc             ] GC(52) Pause Young (System.gc()) 1611M->4M(7851M) 0.277ms
[40.490s][info][gc,cpu         ] GC(52) User=0.00s Sys=0.00s Real=0.00s
[40.490s][info][gc,start       ] GC(53) Pause Full (System.gc())
[40.490s][info][gc,phases,start] GC(53) Marking Phase
[40.494s][info][gc,phases      ] GC(53) Marking Phase 3.690ms
[40.494s][info][gc,phases,start] GC(53) Summary Phase
[40.494s][info][gc,phases      ] GC(53) Summary Phase 0.010ms
[40.494s][info][gc,phases,start] GC(53) Adjust Roots
[40.496s][info][gc,phases      ] GC(53) Adjust Roots 1.707ms
[40.496s][info][gc,phases,start] GC(53) Compaction Phase
[40.498s][info][gc,phases      ] GC(53) Compaction Phase 2.656ms
[40.498s][info][gc,phases,start] GC(53) Post Compact
[40.499s][info][gc,phases      ] GC(53) Post Compact 0.396ms
[40.499s][info][gc,heap        ] GC(53) PSYoungGen: 96K(2446848K)->0K(2446848K) Eden: 0K(2097664K)->0K(2097664K) From: 96K(349184K)->0K(349184K)
[40.499s][info][gc,heap        ] GC(53) ParOldGen: 4043K(5592576K)->4043K(5592576K)
[40.499s][info][gc,metaspace   ] GC(53) Metaspace: 10225K(10560K)->10225K(10560K) NonClass: 8894K(9088K)->8894K(9088K) Class: 1331K(1472K)->1331K(1472K)
[40.499s][info][gc             ] GC(53) Pause Full (System.gc()) 4M->3M(7851M) 8.680ms
[40.499s][info][gc,cpu         ] GC(53) User=0.00s Sys=0.00s Real=0.02s
[41.999s][info][gc,start       ] GC(54) Pause Young (System.gc())
[41.999s][info][gc,heap        ] GC(54) PSYoungGen: 1656294K(2446848K)->32K(2446848K) Eden: 1656294K(2097664K)->0K(2097664K) From: 0K(349184K)->32K(349184K)
[41.999s][info][gc,heap        ] GC(54) ParOldGen: 4043K(5592576K)->4043K(5592576K)
[41.999s][info][gc,metaspace   ] GC(54) Metaspace: 10238K(10624K)->10238K(10624K) NonClass: 8907K(9152K)->8907K(9152K) Class: 1331K(1472K)->1331K(1472K)
[42.000s][info][gc             ] GC(54) Pause Young (System.gc()) 1621M->3M(7851M) 0.230ms
[42.000s][info][gc,cpu         ] GC(54) User=0.00s Sys=0.00s Real=0.00s
[42.000s][info][gc,start       ] GC(55) Pause Full (System.gc())
[42.000s][info][gc,phases,start] GC(55) Marking Phase
[42.003s][info][gc,phases      ] GC(55) Marking Phase 3.697ms
[42.003s][info][gc,phases,start] GC(55) Summary Phase
[42.003s][info][gc,phases      ] GC(55) Summary Phase 0.009ms
[42.003s][info][gc,phases,start] GC(55) Adjust Roots
[42.005s][info][gc,phases      ] GC(55) Adjust Roots 2.110ms
[42.005s][info][gc,phases,start] GC(55) Compaction Phase
[42.008s][info][gc,phases      ] GC(55) Compaction Phase 2.859ms
[42.008s][info][gc,phases,start] GC(55) Post Compact
[42.009s][info][gc,phases      ] GC(55) Post Compact 0.396ms
[42.009s][info][gc,heap        ] GC(55) PSYoungGen: 32K(2446848K)->0K(2446848K) Eden: 0K(2097664K)->0K(2097664K) From: 32K(349184K)->0K(349184K)
[42.009s][info][gc,heap        ] GC(55) ParOldGen: 4043K(5592576K)->4043K(5592576K)
[42.009s][info][gc,metaspace   ] GC(55) Metaspace: 10238K(10624K)->10238K(10624K) NonClass: 8907K(9152K)->8907K(9152K) Class: 1331K(1472K)->1331K(1472K)
[42.009s][info][gc             ] GC(55) Pause Full (System.gc()) 3M->3M(7851M) 9.266ms
[42.009s][info][gc,cpu         ] GC(55) User=0.05s Sys=0.05s Real=0.01s
[43.529s][info][gc,start       ] GC(56) Pause Young (System.gc())
[43.530s][info][gc,heap        ] GC(56) PSYoungGen: 1639880K(2446848K)->32K(2446848K) Eden: 1639880K(2097664K)->0K(2097664K) From: 0K(349184K)->32K(349184K)
[43.530s][info][gc,heap        ] GC(56) ParOldGen: 4043K(5592576K)->4043K(5592576K)
[43.530s][info][gc,metaspace   ] GC(56) Metaspace: 10238K(10624K)->10238K(10624K) NonClass: 8907K(9152K)->8907K(9152K) Class: 1331K(1472K)->1331K(1472K)
[43.530s][info][gc             ] GC(56) Pause Young (System.gc()) 1605M->3M(7851M) 0.312ms
[43.530s][info][gc,cpu         ] GC(56) User=0.00s Sys=0.00s Real=0.00s
[43.530s][info][gc,start       ] GC(57) Pause Full (System.gc())
[43.530s][info][gc,phases,start] GC(57) Marking Phase
[43.533s][info][gc,phases      ] GC(57) Marking Phase 3.538ms
[43.533s][info][gc,phases,start] GC(57) Summary Phase
[43.533s][info][gc,phases      ] GC(57) Summary Phase 0.010ms
[43.533s][info][gc,phases,start] GC(57) Adjust Roots
[43.535s][info][gc,phases      ] GC(57) Adjust Roots 1.625ms
[43.535s][info][gc,phases,start] GC(57) Compaction Phase
[43.538s][info][gc,phases      ] GC(57) Compaction Phase 2.605ms
[43.538s][info][gc,phases,start] GC(57) Post Compact
[43.538s][info][gc,phases      ] GC(57) Post Compact 0.398ms
[43.538s][info][gc,heap        ] GC(57) PSYoungGen: 32K(2446848K)->0K(2446848K) Eden: 0K(2097664K)->0K(2097664K) From: 32K(349184K)->0K(349184K)
[43.538s][info][gc,heap        ] GC(57) ParOldGen: 4043K(5592576K)->4043K(5592576K)
[43.538s][info][gc,metaspace   ] GC(57) Metaspace: 10238K(10624K)->10238K(10624K) NonClass: 8907K(9152K)->8907K(9152K) Class: 1331K(1472K)->1331K(1472K)
[43.538s][info][gc             ] GC(57) Pause Full (System.gc()) 3M->3M(7851M) 8.388ms
[43.538s][info][gc,cpu         ] GC(57) User=0.09s Sys=0.00s Real=0.02s
[45.039s][info][gc,start       ] GC(58) Pause Young (System.gc())
[45.039s][info][gc,heap        ] GC(58) PSYoungGen: 1650586K(2446848K)->64K(2446848K) Eden: 1650586K(2097664K)->0K(2097664K) From: 0K(349184K)->64K(349184K)
[45.039s][info][gc,heap        ] GC(58) ParOldGen: 4043K(5592576K)->4043K(5592576K)
[45.039s][info][gc,metaspace   ] GC(58) Metaspace: 10255K(10624K)->10255K(10624K) NonClass: 8924K(9152K)->8924K(9152K) Class: 1331K(1472K)->1331K(1472K)
[45.039s][info][gc             ] GC(58) Pause Young (System.gc()) 1615M->4M(7851M) 0.334ms
[45.039s][info][gc,cpu         ] GC(58) User=0.00s Sys=0.00s Real=0.00s
[45.039s][info][gc,start       ] GC(59) Pause Full (System.gc())
[45.039s][info][gc,phases,start] GC(59) Marking Phase
[45.043s][info][gc,phases      ] GC(59) Marking Phase 3.480ms
[45.043s][info][gc,phases,start] GC(59) Summary Phase
[45.043s][info][gc,phases      ] GC(59) Summary Phase 0.009ms
[45.043s][info][gc,phases,start] GC(59) Adjust Roots
[45.044s][info][gc,phases      ] GC(59) Adjust Roots 1.774ms
[45.044s][info][gc,phases,start] GC(59) Compaction Phase
[45.047s][info][gc,phases      ] GC(59) Compaction Phase 2.290ms
[45.047s][info][gc,phases,start] GC(59) Post Compact
[45.047s][info][gc,phases      ] GC(59) Post Compact 0.394ms
[45.047s][info][gc,heap        ] GC(59) PSYoungGen: 64K(2446848K)->0K(2446848K) Eden: 0K(2097664K)->0K(2097664K) From: 64K(349184K)->0K(349184K)
[45.047s][info][gc,heap        ] GC(59) ParOldGen: 4043K(5592576K)->4043K(5592576K)
[45.047s][info][gc,metaspace   ] GC(59) Metaspace: 10255K(10624K)->10255K(10624K) NonClass: 8924K(9152K)->8924K(9152K) Class: 1331K(1472K)->1331K(1472K)
[45.047s][info][gc             ] GC(59) Pause Full (System.gc()) 4M->3M(7851M) 8.146ms
[45.047s][info][gc,cpu         ] GC(59) User=0.02s Sys=0.02s Real=0.00s
[46.548s][info][gc,start       ] GC(60) Pause Young (System.gc())
[46.548s][info][gc,heap        ] GC(60) PSYoungGen: 1646049K(2446848K)->64K(2446848K) Eden: 1646049K(2097664K)->0K(2097664K) From: 0K(349184K)->64K(349184K)
[46.548s][info][gc,heap        ] GC(60) ParOldGen: 4043K(5592576K)->4043K(5592576K)
[46.548s][info][gc,metaspace   ] GC(60) Metaspace: 10259K(10624K)->10259K(10624K) NonClass: 8928K(9152K)->8928K(9152K) Class: 1331K(1472K)->1331K(1472K)
[46.548s][info][gc             ] GC(60) Pause Young (System.gc()) 1611M->4M(7851M) 0.228ms
[46.548s][info][gc,cpu         ] GC(60) User=0.00s Sys=0.00s Real=0.00s
[46.548s][info][gc,start       ] GC(61) Pause Full (System.gc())
[46.548s][info][gc,phases,start] GC(61) Marking Phase
[46.552s][info][gc,phases      ] GC(61) Marking Phase 3.752ms
[46.552s][info][gc,phases,start] GC(61) Summary Phase
[46.552s][info][gc,phases      ] GC(61) Summary Phase 0.009ms
[46.552s][info][gc,phases,start] GC(61) Adjust Roots
[46.554s][info][gc,phases      ] GC(61) Adjust Roots 2.149ms
[46.554s][info][gc,phases,start] GC(61) Compaction Phase
[46.556s][info][gc,phases      ] GC(61) Compaction Phase 1.958ms
[46.556s][info][gc,phases,start] GC(61) Post Compact
[46.557s][info][gc,phases      ] GC(61) Post Compact 0.538ms
[46.557s][info][gc,heap        ] GC(61) PSYoungGen: 64K(2446848K)->0K(2446848K) Eden: 0K(2097664K)->0K(2097664K) From: 64K(349184K)->0K(349184K)
[46.557s][info][gc,heap        ] GC(61) ParOldGen: 4043K(5592576K)->4043K(5592576K)
[46.557s][info][gc,metaspace   ] GC(61) Metaspace: 10259K(10624K)->10259K(10624K) NonClass: 8928K(9152K)->8928K(9152K) Class: 1331K(1472K)->1331K(1472K)
[46.557s][info][gc             ] GC(61) Pause Full (System.gc()) 4M->3M(7851M) 8.601ms
[46.557s][info][gc,cpu         ] GC(61) User=0.00s Sys=0.00s Real=0.02s
[48.057s][info][gc,start       ] GC(62) Pause Young (System.gc())
[48.057s][info][gc,heap        ] GC(62) PSYoungGen: 1647797K(2446848K)->64K(2446848K) Eden: 1647797K(2097664K)->0K(2097664K) From: 0K(349184K)->64K(349184K)
[48.057s][info][gc,heap        ] GC(62) ParOldGen: 4043K(5592576K)->4043K(5592576K)
[48.057s][info][gc,metaspace   ] GC(62) Metaspace: 10260K(10624K)->10260K(10624K) NonClass: 8929K(9152K)->8929K(9152K) Class: 1331K(1472K)->1331K(1472K)
[48.057s][info][gc             ] GC(62) Pause Young (System.gc()) 1613M->4M(7851M) 0.350ms
[48.057s][info][gc,cpu         ] GC(62) User=0.00s Sys=0.00s Real=0.00s
[48.057s][info][gc,start       ] GC(63) Pause Full (System.gc())
[48.057s][info][gc,phases,start] GC(63) Marking Phase
[48.060s][info][gc,phases      ] GC(63) Marking Phase 3.492ms
[48.061s][info][gc,phases,start] GC(63) Summary Phase
[48.061s][info][gc,phases      ] GC(63) Summary Phase 0.009ms
[48.061s][info][gc,phases,start] GC(63) Adjust Roots
[48.063s][info][gc,phases      ] GC(63) Adjust Roots 2.767ms
[48.063s][info][gc,phases,start] GC(63) Compaction Phase
[48.066s][info][gc,phases      ] GC(63) Compaction Phase 2.223ms
[48.066s][info][gc,phases,start] GC(63) Post Compact
[48.066s][info][gc,phases      ] GC(63) Post Compact 0.400ms
[48.066s][info][gc,heap        ] GC(63) PSYoungGen: 64K(2446848K)->0K(2446848K) Eden: 0K(2097664K)->0K(2097664K) From: 64K(349184K)->0K(349184K)
[48.066s][info][gc,heap        ] GC(63) ParOldGen: 4043K(5592576K)->4043K(5592576K)
[48.066s][info][gc,metaspace   ] GC(63) Metaspace: 10260K(10624K)->10260K(10624K) NonClass: 8929K(9152K)->8929K(9152K) Class: 1331K(1472K)->1331K(1472K)
[48.066s][info][gc             ] GC(63) Pause Full (System.gc()) 4M->3M(7851M) 9.078ms
[48.066s][info][gc,cpu         ] GC(63) User=0.02s Sys=0.00s Real=0.00s
[49.560s][info][gc,start       ] GC(64) Pause Young (System.gc())
[49.560s][info][gc,heap        ] GC(64) PSYoungGen: 1647161K(2446848K)->96K(2446848K) Eden: 1647161K(2097664K)->0K(2097664K) From: 0K(349184K)->96K(349184K)
[49.560s][info][gc,heap        ] GC(64) ParOldGen: 4043K(5592576K)->4043K(5592576K)
[49.560s][info][gc,metaspace   ] GC(64) Metaspace: 10267K(10624K)->10267K(10624K) NonClass: 8936K(9152K)->8936K(9152K) Class: 1331K(1472K)->1331K(1472K)
[49.560s][info][gc             ] GC(64) Pause Young (System.gc()) 1612M->4M(7851M) 0.246ms
[49.560s][info][gc,cpu         ] GC(64) User=0.00s Sys=0.00s Real=0.00s
[49.560s][info][gc,start       ] GC(65) Pause Full (System.gc())
[49.560s][info][gc,phases,start] GC(65) Marking Phase
[49.564s][info][gc,phases      ] GC(65) Marking Phase 3.608ms
[49.564s][info][gc,phases,start] GC(65) Summary Phase
[49.564s][info][gc,phases      ] GC(65) Summary Phase 0.009ms
[49.564s][info][gc,phases,start] GC(65) Adjust Roots
[49.565s][info][gc,phases      ] GC(65) Adjust Roots 1.643ms
[49.565s][info][gc,phases,start] GC(65) Compaction Phase
[49.568s][info][gc,phases      ] GC(65) Compaction Phase 2.494ms
[49.568s][info][gc,phases,start] GC(65) Post Compact
[49.568s][info][gc,phases      ] GC(65) Post Compact 0.396ms
[49.568s][info][gc,heap        ] GC(65) PSYoungGen: 96K(2446848K)->0K(2446848K) Eden: 0K(2097664K)->0K(2097664K) From: 96K(349184K)->0K(349184K)
[49.568s][info][gc,heap        ] GC(65) ParOldGen: 4043K(5592576K)->4043K(5592576K)
[49.568s][info][gc,metaspace   ] GC(65) Metaspace: 10267K(10624K)->10267K(10624K) NonClass: 8936K(9152K)->8936K(9152K) Class: 1331K(1472K)->1331K(1472K)
[49.568s][info][gc             ] GC(65) Pause Full (System.gc()) 4M->3M(7851M) 8.352ms
[49.568s][info][gc,cpu         ] GC(65) User=0.02s Sys=0.00s Real=0.02s
[51.070s][info][gc,start       ] GC(66) Pause Young (System.gc())
[51.070s][info][gc,heap        ] GC(66) PSYoungGen: 1647695K(2446848K)->64K(2446848K) Eden: 1647695K(2097664K)->0K(2097664K) From: 0K(349184K)->64K(349184K)
[51.070s][info][gc,heap        ] GC(66) ParOldGen: 4043K(5592576K)->4043K(5592576K)
[51.070s][info][gc,metaspace   ] GC(66) Metaspace: 10268K(10624K)->10268K(10624K) NonClass: 8937K(9152K)->8937K(9152K) Class: 1331K(1472K)->1331K(1472K)
[51.070s][info][gc             ] GC(66) Pause Young (System.gc()) 1613M->4M(7851M) 0.264ms
[51.070s][info][gc,cpu         ] GC(66) User=0.00s Sys=0.00s Real=0.00s
[51.070s][info][gc,start       ] GC(67) Pause Full (System.gc())
[51.070s][info][gc,phases,start] GC(67) Marking Phase
[51.074s][info][gc,phases      ] GC(67) Marking Phase 3.716ms
[51.074s][info][gc,phases,start] GC(67) Summary Phase
[51.074s][info][gc,phases      ] GC(67) Summary Phase 0.009ms
[51.074s][info][gc,phases,start] GC(67) Adjust Roots
[51.076s][info][gc,phases      ] GC(67) Adjust Roots 2.172ms
[51.076s][info][gc,phases,start] GC(67) Compaction Phase
[51.078s][info][gc,phases      ] GC(67) Compaction Phase 1.804ms
[51.078s][info][gc,phases,start] GC(67) Post Compact
[51.078s][info][gc,phases      ] GC(67) Post Compact 0.395ms
[51.078s][info][gc,heap        ] GC(67) PSYoungGen: 64K(2446848K)->0K(2446848K) Eden: 0K(2097664K)->0K(2097664K) From: 64K(349184K)->0K(349184K)
[51.078s][info][gc,heap        ] GC(67) ParOldGen: 4043K(5592576K)->4043K(5592576K)
[51.078s][info][gc,metaspace   ] GC(67) Metaspace: 10268K(10624K)->10268K(10624K) NonClass: 8937K(9152K)->8937K(9152K) Class: 1331K(1472K)->1331K(1472K)
[51.078s][info][gc             ] GC(67) Pause Full (System.gc()) 4M->3M(7851M) 8.242ms
[51.078s][info][gc,cpu         ] GC(67) User=0.03s Sys=0.00s Real=0.02s
[52.576s][info][gc,start       ] GC(68) Pause Young (System.gc())
[52.577s][info][gc,heap        ] GC(68) PSYoungGen: 1652653K(2446848K)->64K(2446848K) Eden: 1652653K(2097664K)->0K(2097664K) From: 0K(349184K)->64K(349184K)
[52.577s][info][gc,heap        ] GC(68) ParOldGen: 4043K(5592576K)->4043K(5592576K)
[52.577s][info][gc,metaspace   ] GC(68) Metaspace: 10268K(10624K)->10268K(10624K) NonClass: 8937K(9152K)->8937K(9152K) Class: 1331K(1472K)->1331K(1472K)
[52.577s][info][gc             ] GC(68) Pause Young (System.gc()) 1617M->4M(7851M) 0.302ms
[52.577s][info][gc,cpu         ] GC(68) User=0.00s Sys=0.00s Real=0.00s
[52.577s][info][gc,start       ] GC(69) Pause Full (System.gc())
[52.577s][info][gc,phases,start] GC(69) Marking Phase
[52.581s][info][gc,phases      ] GC(69) Marking Phase 3.767ms
[52.581s][info][gc,phases,start] GC(69) Summary Phase
[52.581s][info][gc,phases      ] GC(69) Summary Phase 0.009ms
[52.581s][info][gc,phases,start] GC(69) Adjust Roots
[52.583s][info][gc,phases      ] GC(69) Adjust Roots 2.183ms
[52.583s][info][gc,phases,start] GC(69) Compaction Phase
[52.585s][info][gc,phases      ] GC(69) Compaction Phase 2.053ms
[52.585s][info][gc,phases,start] GC(69) Post Compact
[52.585s][info][gc,phases      ] GC(69) Post Compact 0.458ms
[52.585s][info][gc,heap        ] GC(69) PSYoungGen: 64K(2446848K)->0K(2446848K) Eden: 0K(2097664K)->0K(2097664K) From: 64K(349184K)->0K(349184K)
[52.585s][info][gc,heap        ] GC(69) ParOldGen: 4043K(5592576K)->4043K(5592576K)
[52.585s][info][gc,metaspace   ] GC(69) Metaspace: 10268K(10624K)->10268K(10624K) NonClass: 8937K(9152K)->8937K(9152K) Class: 1331K(1472K)->1331K(1472K)
[52.585s][info][gc             ] GC(69) Pause Full (System.gc()) 4M->3M(7851M) 8.674ms
[52.585s][info][gc,cpu         ] GC(69) User=0.09s Sys=0.00s Real=0.02s
[54.083s][info][gc,start       ] GC(70) Pause Young (System.gc())
[54.083s][info][gc,heap        ] GC(70) PSYoungGen: 1641461K(2446848K)->32K(2446848K) Eden: 1641461K(2097664K)->0K(2097664K) From: 0K(349184K)->32K(349184K)
[54.083s][info][gc,heap        ] GC(70) ParOldGen: 4043K(5592576K)->4043K(5592576K)
[54.083s][info][gc,metaspace   ] GC(70) Metaspace: 10272K(10624K)->10272K(10624K) NonClass: 8941K(9152K)->8941K(9152K) Class: 1331K(1472K)->1331K(1472K)
[54.083s][info][gc             ] GC(70) Pause Young (System.gc()) 1606M->3M(7851M) 0.226ms
[54.083s][info][gc,cpu         ] GC(70) User=0.00s Sys=0.00s Real=0.00s
[54.083s][info][gc,start       ] GC(71) Pause Full (System.gc())
[54.083s][info][gc,phases,start] GC(71) Marking Phase
[54.087s][info][gc,phases      ] GC(71) Marking Phase 3.920ms
[54.087s][info][gc,phases,start] GC(71) Summary Phase
[54.087s][info][gc,phases      ] GC(71) Summary Phase 0.009ms
[54.087s][info][gc,phases,start] GC(71) Adjust Roots
[54.090s][info][gc,phases      ] GC(71) Adjust Roots 2.540ms
[54.090s][info][gc,phases,start] GC(71) Compaction Phase
[54.092s][info][gc,phases      ] GC(71) Compaction Phase 2.010ms
[54.092s][info][gc,phases,start] GC(71) Post Compact
[54.092s][info][gc,phases      ] GC(71) Post Compact 0.395ms
[54.092s][info][gc,heap        ] GC(71) PSYoungGen: 32K(2446848K)->0K(2446848K) Eden: 0K(2097664K)->0K(2097664K) From: 32K(349184K)->0K(349184K)
[54.092s][info][gc,heap        ] GC(71) ParOldGen: 4043K(5592576K)->4043K(5592576K)
[54.092s][info][gc,metaspace   ] GC(71) Metaspace: 10272K(10624K)->10272K(10624K) NonClass: 8941K(9152K)->8941K(9152K) Class: 1331K(1472K)->1331K(1472K)
[54.092s][info][gc             ] GC(71) Pause Full (System.gc()) 3M->3M(7851M) 9.041ms
[54.092s][info][gc,cpu         ] GC(71) User=0.00s Sys=0.00s Real=0.00s
[55.587s][info][gc,start       ] GC(72) Pause Young (System.gc())
[55.587s][info][gc,heap        ] GC(72) PSYoungGen: 1642126K(2446848K)->64K(2446848K) Eden: 1642126K(2097664K)->0K(2097664K) From: 0K(349184K)->64K(349184K)
[55.587s][info][gc,heap        ] GC(72) ParOldGen: 4043K(5592576K)->4043K(5592576K)
[55.587s][info][gc,metaspace   ] GC(72) Metaspace: 10272K(10624K)->10272K(10624K) NonClass: 8941K(9152K)->8941K(9152K) Class: 1331K(1472K)->1331K(1472K)
[55.587s][info][gc             ] GC(72) Pause Young (System.gc()) 1607M->4M(7851M) 0.237ms
[55.587s][info][gc,cpu         ] GC(72) User=0.00s Sys=0.00s Real=0.00s
[55.587s][info][gc,start       ] GC(73) Pause Full (System.gc())
[55.587s][info][gc,phases,start] GC(73) Marking Phase
[55.591s][info][gc,phases      ] GC(73) Marking Phase 3.907ms
[55.591s][info][gc,phases,start] GC(73) Summary Phase
[55.591s][info][gc,phases      ] GC(73) Summary Phase 0.010ms
[55.591s][info][gc,phases,start] GC(73) Adjust Roots
[55.594s][info][gc,phases      ] GC(73) Adjust Roots 2.472ms
[55.594s][info][gc,phases,start] GC(73) Compaction Phase
[55.597s][info][gc,phases      ] GC(73) Compaction Phase 2.776ms
[55.597s][info][gc,phases,start] GC(73) Post Compact
[55.597s][info][gc,phases      ] GC(73) Post Compact 0.397ms
[55.597s][info][gc,heap        ] GC(73) PSYoungGen: 64K(2446848K)->0K(2446848K) Eden: 0K(2097664K)->0K(2097664K) From: 64K(349184K)->0K(349184K)
[55.597s][info][gc,heap        ] GC(73) ParOldGen: 4043K(5592576K)->4043K(5592576K)
[55.597s][info][gc,metaspace   ] GC(73) Metaspace: 10272K(10624K)->10272K(10624K) NonClass: 8941K(9152K)->8941K(9152K) Class: 1331K(1472K)->1331K(1472K)
[55.597s][info][gc             ] GC(73) Pause Full (System.gc()) 4M->3M(7851M) 9.753ms
[55.597s][info][gc,cpu         ] GC(73) User=0.02s Sys=0.00s Real=0.02s
[57.095s][info][gc,start       ] GC(74) Pause Young (System.gc())
[57.096s][info][gc,heap        ] GC(74) PSYoungGen: 1642022K(2446848K)->64K(2446848K) Eden: 1642022K(2097664K)->0K(2097664K) From: 0K(349184K)->64K(349184K)
[57.096s][info][gc,heap        ] GC(74) ParOldGen: 4043K(5592576K)->4043K(5592576K)
[57.096s][info][gc,metaspace   ] GC(74) Metaspace: 10273K(10624K)->10273K(10624K) NonClass: 8942K(9152K)->8942K(9152K) Class: 1331K(1472K)->1331K(1472K)
[57.096s][info][gc             ] GC(74) Pause Young (System.gc()) 1607M->4M(7851M) 0.254ms
[57.096s][info][gc,cpu         ] GC(74) User=0.00s Sys=0.00s Real=0.00s
[57.096s][info][gc,start       ] GC(75) Pause Full (System.gc())
[57.096s][info][gc,phases,start] GC(75) Marking Phase
[57.099s][info][gc,phases      ] GC(75) Marking Phase 3.570ms
[57.099s][info][gc,phases,start] GC(75) Summary Phase
[57.099s][info][gc,phases      ] GC(75) Summary Phase 0.009ms
[57.099s][info][gc,phases,start] GC(75) Adjust Roots
[57.101s][info][gc,phases      ] GC(75) Adjust Roots 1.957ms
[57.101s][info][gc,phases,start] GC(75) Compaction Phase
[57.103s][info][gc,phases      ] GC(75) Compaction Phase 1.934ms
[57.103s][info][gc,phases,start] GC(75) Post Compact
[57.104s][info][gc,phases      ] GC(75) Post Compact 0.398ms
[57.104s][info][gc,heap        ] GC(75) PSYoungGen: 64K(2446848K)->0K(2446848K) Eden: 0K(2097664K)->0K(2097664K) From: 64K(349184K)->0K(349184K)
[57.104s][info][gc,heap        ] GC(75) ParOldGen: 4043K(5592576K)->4043K(5592576K)
[57.104s][info][gc,metaspace   ] GC(75) Metaspace: 10273K(10624K)->10273K(10624K) NonClass: 8942K(9152K)->8942K(9152K) Class: 1331K(1472K)->1331K(1472K)
[57.104s][info][gc             ] GC(75) Pause Full (System.gc()) 4M->3M(7851M) 8.084ms
[57.104s][info][gc,cpu         ] GC(75) User=0.00s Sys=0.00s Real=0.02s
[58.604s][info][gc,start       ] GC(76) Pause Young (System.gc())
[58.604s][info][gc,heap        ] GC(76) PSYoungGen: 1653377K(2446848K)->96K(2446848K) Eden: 1653377K(2097664K)->0K(2097664K) From: 0K(349184K)->96K(349184K)
[58.604s][info][gc,heap        ] GC(76) ParOldGen: 4043K(5592576K)->4043K(5592576K)
[58.604s][info][gc,metaspace   ] GC(76) Metaspace: 10273K(10624K)->10273K(10624K) NonClass: 8942K(9152K)->8942K(9152K) Class: 1331K(1472K)->1331K(1472K)
[58.604s][info][gc             ] GC(76) Pause Young (System.gc()) 1618M->4M(7851M) 0.233ms
[58.604s][info][gc,cpu         ] GC(76) User=0.00s Sys=0.00s Real=0.00s
[58.604s][info][gc,start       ] GC(77) Pause Full (System.gc())
[58.604s][info][gc,phases,start] GC(77) Marking Phase
[58.608s][info][gc,phases      ] GC(77) Marking Phase 3.642ms
[58.608s][info][gc,phases,start] GC(77) Summary Phase
[58.608s][info][gc,phases      ] GC(77) Summary Phase 0.008ms
[58.608s][info][gc,phases,start] GC(77) Adjust Roots
[58.611s][info][gc,phases      ] GC(77) Adjust Roots 2.643ms
[58.611s][info][gc,phases,start] GC(77) Compaction Phase
[58.613s][info][gc,phases      ] GC(77) Compaction Phase 1.961ms
[58.613s][info][gc,phases,start] GC(77) Post Compact
[58.613s][info][gc,phases      ] GC(77) Post Compact 0.398ms
[58.613s][info][gc,heap        ] GC(77) PSYoungGen: 96K(2446848K)->0K(2446848K) Eden: 0K(2097664K)->0K(2097664K) From: 96K(349184K)->0K(349184K)
[58.613s][info][gc,heap        ] GC(77) ParOldGen: 4043K(5592576K)->4043K(5592576K)
[58.613s][info][gc,metaspace   ] GC(77) Metaspace: 10273K(10624K)->10273K(10624K) NonClass: 8942K(9152K)->8942K(9152K) Class: 1331K(1472K)->1331K(1472K)
[58.613s][info][gc             ] GC(77) Pause Full (System.gc()) 4M->3M(7851M) 8.852ms
[58.613s][info][gc,cpu         ] GC(77) User=0.02s Sys=0.00s Real=0.02s
[60.108s][info][gc,start       ] GC(78) Pause Young (System.gc())
[60.108s][info][gc,heap        ] GC(78) PSYoungGen: 1647984K(2446848K)->32K(2446848K) Eden: 1647984K(2097664K)->0K(2097664K) From: 0K(349184K)->32K(349184K)
[60.108s][info][gc,heap        ] GC(78) ParOldGen: 4043K(5592576K)->4043K(5592576K)
[60.108s][info][gc,metaspace   ] GC(78) Metaspace: 10273K(10624K)->10273K(10624K) NonClass: 8942K(9152K)->8942K(9152K) Class: 1331K(1472K)->1331K(1472K)
[60.108s][info][gc             ] GC(78) Pause Young (System.gc()) 1613M->3M(7851M) 0.269ms
[60.108s][info][gc,cpu         ] GC(78) User=0.00s Sys=0.00s Real=0.00s
[60.108s][info][gc,start       ] GC(79) Pause Full (System.gc())
[60.108s][info][gc,phases,start] GC(79) Marking Phase
[60.112s][info][gc,phases      ] GC(79) Marking Phase 3.630ms
[60.112s][info][gc,phases,start] GC(79) Summary Phase
[60.112s][info][gc,phases      ] GC(79) Summary Phase 0.009ms
[60.112s][info][gc,phases,start] GC(79) Adjust Roots
[60.114s][info][gc,phases      ] GC(79) Adjust Roots 2.167ms
[60.114s][info][gc,phases,start] GC(79) Compaction Phase
[60.116s][info][gc,phases      ] GC(79) Compaction Phase 2.274ms
[60.116s][info][gc,phases,start] GC(79) Post Compact
[60.117s][info][gc,phases      ] GC(79) Post Compact 0.398ms
[60.117s][info][gc,heap        ] GC(79) PSYoungGen: 32K(2446848K)->0K(2446848K) Eden: 0K(2097664K)->0K(2097664K) From: 32K(349184K)->0K(349184K)
[60.117s][info][gc,heap        ] GC(79) ParOldGen: 4043K(5592576K)->4043K(5592576K)
[60.117s][info][gc,metaspace   ] GC(79) Metaspace: 10273K(10624K)->10273K(10624K) NonClass: 8942K(9152K)->8942K(9152K) Class: 1331K(1472K)->1331K(1472K)
[60.117s][info][gc             ] GC(79) Pause Full (System.gc()) 3M->3M(7851M) 8.707ms
[60.117s][info][gc,cpu         ] GC(79) User=0.06s Sys=0.03s Real=0.00s
[61.623s][info][gc,start       ] GC(80) Pause Young (System.gc())
[61.623s][info][gc,heap        ] GC(80) PSYoungGen: 1658686K(2446848K)->96K(2446848K) Eden: 1658686K(2097664K)->0K(2097664K) From: 0K(349184K)->96K(349184K)
[61.623s][info][gc,heap        ] GC(80) ParOldGen: 4043K(5592576K)->4043K(5592576K)
[61.623s][info][gc,metaspace   ] GC(80) Metaspace: 10273K(10624K)->10273K(10624K) NonClass: 8942K(9152K)->8942K(9152K) Class: 1331K(1472K)->1331K(1472K)
[61.623s][info][gc             ] GC(80) Pause Young (System.gc()) 1623M->4M(7851M) 0.270ms
[61.623s][info][gc,cpu         ] GC(80) User=0.00s Sys=0.00s Real=0.00s
[61.623s][info][gc,start       ] GC(81) Pause Full (System.gc())
[61.623s][info][gc,phases,start] GC(81) Marking Phase
[61.627s][info][gc,phases      ] GC(81) Marking Phase 4.119ms
[61.627s][info][gc,phases,start] GC(81) Summary Phase
[61.627s][info][gc,phases      ] GC(81) Summary Phase 0.011ms
[61.627s][info][gc,phases,start] GC(81) Adjust Roots
[61.629s][info][gc,phases      ] GC(81) Adjust Roots 2.181ms
[61.629s][info][gc,phases,start] GC(81) Compaction Phase
[61.632s][info][gc,phases      ] GC(81) Compaction Phase 2.167ms
[61.632s][info][gc,phases,start] GC(81) Post Compact
[61.632s][info][gc,phases      ] GC(81) Post Compact 0.398ms
[61.632s][info][gc,heap        ] GC(81) PSYoungGen: 96K(2446848K)->0K(2446848K) Eden: 0K(2097664K)->0K(2097664K) From: 96K(349184K)->0K(349184K)
[61.632s][info][gc,heap        ] GC(81) ParOldGen: 4043K(5592576K)->4043K(5592576K)
[61.632s][info][gc,metaspace   ] GC(81) Metaspace: 10273K(10624K)->10273K(10624K) NonClass: 8942K(9152K)->8942K(9152K) Class: 1331K(1472K)->1331K(1472K)
[61.632s][info][gc             ] GC(81) Pause Full (System.gc()) 4M->3M(7851M) 9.063ms
[61.632s][info][gc,cpu         ] GC(81) User=0.08s Sys=0.02s Real=0.02s
[63.132s][info][gc,start       ] GC(82) Pause Young (System.gc())
[63.132s][info][gc,heap        ] GC(82) PSYoungGen: 1641706K(2446848K)->32K(2446848K) Eden: 1641706K(2097664K)->0K(2097664K) From: 0K(349184K)->32K(349184K)
[63.132s][info][gc,heap        ] GC(82) ParOldGen: 4043K(5592576K)->4043K(5592576K)
[63.132s][info][gc,metaspace   ] GC(82) Metaspace: 10275K(10624K)->10275K(10624K) NonClass: 8944K(9152K)->8944K(9152K) Class: 1331K(1472K)->1331K(1472K)
[63.132s][info][gc             ] GC(82) Pause Young (System.gc()) 1607M->3M(7851M) 0.250ms
[63.132s][info][gc,cpu         ] GC(82) User=0.00s Sys=0.00s Real=0.00s
[63.132s][info][gc,start       ] GC(83) Pause Full (System.gc())
[63.132s][info][gc,phases,start] GC(83) Marking Phase
[63.136s][info][gc,phases      ] GC(83) Marking Phase 3.543ms
[63.136s][info][gc,phases,start] GC(83) Summary Phase
[63.136s][info][gc,phases      ] GC(83) Summary Phase 0.011ms
[63.136s][info][gc,phases,start] GC(83) Adjust Roots
[63.138s][info][gc,phases      ] GC(83) Adjust Roots 1.753ms
[63.138s][info][gc,phases,start] GC(83) Compaction Phase
[63.140s][info][gc,phases      ] GC(83) Compaction Phase 1.931ms
[63.140s][info][gc,phases,start] GC(83) Post Compact
[63.140s][info][gc,phases      ] GC(83) Post Compact 0.398ms
[63.140s][info][gc,heap        ] GC(83) PSYoungGen: 32K(2446848K)->0K(2446848K) Eden: 0K(2097664K)->0K(2097664K) From: 32K(349184K)->0K(349184K)
[63.140s][info][gc,heap        ] GC(83) ParOldGen: 4043K(5592576K)->4043K(5592576K)
[63.140s][info][gc,metaspace   ] GC(83) Metaspace: 10275K(10624K)->10275K(10624K) NonClass: 8944K(9152K)->8944K(9152K) Class: 1331K(1472K)->1331K(1472K)
[63.140s][info][gc             ] GC(83) Pause Full (System.gc()) 3M->3M(7851M) 7.837ms
[63.140s][info][gc,cpu         ] GC(83) User=0.00s Sys=0.00s Real=0.00s
[64.633s][info][gc,start       ] GC(84) Pause Young (System.gc())
[64.633s][info][gc,heap        ] GC(84) PSYoungGen: 1637474K(2446848K)->64K(2446848K) Eden: 1637474K(2097664K)->0K(2097664K) From: 0K(349184K)->64K(349184K)
[64.633s][info][gc,heap        ] GC(84) ParOldGen: 4043K(5592576K)->4043K(5592576K)
[64.633s][info][gc,metaspace   ] GC(84) Metaspace: 10284K(10624K)->10284K(10624K) NonClass: 8953K(9152K)->8953K(9152K) Class: 1331K(1472K)->1331K(1472K)
[64.633s][info][gc             ] GC(84) Pause Young (System.gc()) 1603M->4M(7851M) 0.267ms
[64.633s][info][gc,cpu         ] GC(84) User=0.00s Sys=0.00s Real=0.00s
[64.633s][info][gc,start       ] GC(85) Pause Full (System.gc())
[64.633s][info][gc,phases,start] GC(85) Marking Phase
[64.637s][info][gc,phases      ] GC(85) Marking Phase 3.609ms
[64.637s][info][gc,phases,start] GC(85) Summary Phase
[64.637s][info][gc,phases      ] GC(85) Summary Phase 0.009ms
[64.637s][info][gc,phases,start] GC(85) Adjust Roots
[64.639s][info][gc,phases      ] GC(85) Adjust Roots 2.187ms
[64.639s][info][gc,phases,start] GC(85) Compaction Phase
[64.642s][info][gc,phases      ] GC(85) Compaction Phase 2.890ms
[64.642s][info][gc,phases,start] GC(85) Post Compact
[64.643s][info][gc,phases      ] GC(85) Post Compact 0.400ms
[64.643s][info][gc,heap        ] GC(85) PSYoungGen: 64K(2446848K)->0K(2446848K) Eden: 0K(2097664K)->0K(2097664K) From: 64K(349184K)->0K(349184K)
[64.643s][info][gc,heap        ] GC(85) ParOldGen: 4043K(5592576K)->4043K(5592576K)
[64.643s][info][gc,metaspace   ] GC(85) Metaspace: 10284K(10624K)->10284K(10624K) NonClass: 8953K(9152K)->8953K(9152K) Class: 1331K(1472K)->1331K(1472K)
[64.643s][info][gc             ] GC(85) Pause Full (System.gc()) 4M->3M(7851M) 9.265ms
[64.643s][info][gc,cpu         ] GC(85) User=0.08s Sys=0.02s Real=0.02s
[66.143s][info][gc,start       ] GC(86) Pause Young (System.gc())
[66.144s][info][gc,heap        ] GC(86) PSYoungGen: 1646366K(2446848K)->96K(2446848K) Eden: 1646366K(2097664K)->0K(2097664K) From: 0K(349184K)->96K(349184K)
[66.144s][info][gc,heap        ] GC(86) ParOldGen: 4043K(5592576K)->4043K(5592576K)
[66.144s][info][gc,metaspace   ] GC(86) Metaspace: 10289K(10624K)->10289K(10624K) NonClass: 8958K(9152K)->8958K(9152K) Class: 1331K(1472K)->1331K(1472K)
[66.144s][info][gc             ] GC(86) Pause Young (System.gc()) 1611M->4M(7851M) 0.234ms
[66.144s][info][gc,cpu         ] GC(86) User=0.00s Sys=0.00s Real=0.00s
[66.144s][info][gc,start       ] GC(87) Pause Full (System.gc())
[66.144s][info][gc,phases,start] GC(87) Marking Phase
[66.147s][info][gc,phases      ] GC(87) Marking Phase 3.629ms
[66.147s][info][gc,phases,start] GC(87) Summary Phase
[66.147s][info][gc,phases      ] GC(87) Summary Phase 0.008ms
[66.147s][info][gc,phases,start] GC(87) Adjust Roots
[66.150s][info][gc,phases      ] GC(87) Adjust Roots 2.179ms
[66.150s][info][gc,phases,start] GC(87) Compaction Phase
[66.151s][info][gc,phases      ] GC(87) Compaction Phase 1.901ms
[66.151s][info][gc,phases,start] GC(87) Post Compact
[66.152s][info][gc,phases      ] GC(87) Post Compact 0.398ms
[66.152s][info][gc,heap        ] GC(87) PSYoungGen: 96K(2446848K)->0K(2446848K) Eden: 0K(2097664K)->0K(2097664K) From: 96K(349184K)->0K(349184K)
[66.152s][info][gc,heap        ] GC(87) ParOldGen: 4043K(5592576K)->4043K(5592576K)
[66.152s][info][gc,metaspace   ] GC(87) Metaspace: 10289K(10624K)->10289K(10624K) NonClass: 8958K(9152K)->8958K(9152K) Class: 1331K(1472K)->1331K(1472K)
[66.152s][info][gc             ] GC(87) Pause Full (System.gc()) 4M->3M(7851M) 8.260ms
[66.152s][info][gc,cpu         ] GC(87) User=0.00s Sys=0.00s Real=0.01s
[67.645s][info][gc,start       ] GC(88) Pause Young (System.gc())
[67.645s][info][gc,heap        ] GC(88) PSYoungGen: 1636320K(2446848K)->32K(2446848K) Eden: 1636320K(2097664K)->0K(2097664K) From: 0K(349184K)->32K(349184K)
[67.645s][info][gc,heap        ] GC(88) ParOldGen: 4043K(5592576K)->4043K(5592576K)
[67.645s][info][gc,metaspace   ] GC(88) Metaspace: 10289K(10624K)->10289K(10624K) NonClass: 8958K(9152K)->8958K(9152K) Class: 1331K(1472K)->1331K(1472K)
[67.645s][info][gc             ] GC(88) Pause Young (System.gc()) 1601M->3M(7851M) 0.244ms
[67.645s][info][gc,cpu         ] GC(88) User=0.00s Sys=0.00s Real=0.00s
[67.645s][info][gc,start       ] GC(89) Pause Full (System.gc())
[67.645s][info][gc,phases,start] GC(89) Marking Phase
[67.649s][info][gc,phases      ] GC(89) Marking Phase 3.889ms
[67.649s][info][gc,phases,start] GC(89) Summary Phase
[67.649s][info][gc,phases      ] GC(89) Summary Phase 0.009ms
[67.649s][info][gc,phases,start] GC(89) Adjust Roots
[67.651s][info][gc,phases      ] GC(89) Adjust Roots 2.192ms
[67.651s][info][gc,phases,start] GC(89) Compaction Phase
[67.654s][info][gc,phases      ] GC(89) Compaction Phase 2.830ms
[67.654s][info][gc,phases,start] GC(89) Post Compact
[67.655s][info][gc,phases      ] GC(89) Post Compact 0.396ms
[67.655s][info][gc,heap        ] GC(89) PSYoungGen: 32K(2446848K)->0K(2446848K) Eden: 0K(2097664K)->0K(2097664K) From: 32K(349184K)->0K(349184K)
[67.655s][info][gc,heap        ] GC(89) ParOldGen: 4043K(5592576K)->4043K(5592576K)
[67.655s][info][gc,metaspace   ] GC(89) Metaspace: 10289K(10624K)->10289K(10624K) NonClass: 8958K(9152K)->8958K(9152K) Class: 1331K(1472K)->1331K(1472K)
[67.655s][info][gc             ] GC(89) Pause Full (System.gc()) 3M->3M(7851M) 9.460ms
[67.655s][info][gc,cpu         ] GC(89) User=0.00s Sys=0.00s Real=0.01s
[69.145s][info][gc,start       ] GC(90) Pause Young (System.gc())
[69.145s][info][gc,heap        ] GC(90) PSYoungGen: 1643615K(2446848K)->64K(2446848K) Eden: 1643615K(2097664K)->0K(2097664K) From: 0K(349184K)->64K(349184K)
[69.145s][info][gc,heap        ] GC(90) ParOldGen: 4043K(5592576K)->4043K(5592576K)
[69.145s][info][gc,metaspace   ] GC(90) Metaspace: 10290K(10624K)->10290K(10624K) NonClass: 8959K(9152K)->8959K(9152K) Class: 1331K(1472K)->1331K(1472K)
[69.145s][info][gc             ] GC(90) Pause Young (System.gc()) 1609M->4M(7851M) 0.287ms
[69.145s][info][gc,cpu         ] GC(90) User=0.00s Sys=0.00s Real=0.00s
[69.145s][info][gc,start       ] GC(91) Pause Full (System.gc())
[69.145s][info][gc,phases,start] GC(91) Marking Phase
[69.149s][info][gc,phases      ] GC(91) Marking Phase 3.645ms
[69.149s][info][gc,phases,start] GC(91) Summary Phase
[69.149s][info][gc,phases      ] GC(91) Summary Phase 0.009ms
[69.149s][info][gc,phases,start] GC(91) Adjust Roots
[69.151s][info][gc,phases      ] GC(91) Adjust Roots 2.034ms
[69.151s][info][gc,phases,start] GC(91) Compaction Phase
[69.153s][info][gc,phases      ] GC(91) Compaction Phase 2.012ms
[69.153s][info][gc,phases,start] GC(91) Post Compact
[69.153s][info][gc,phases      ] GC(91) Post Compact 0.396ms
[69.153s][info][gc,heap        ] GC(91) PSYoungGen: 64K(2446848K)->0K(2446848K) Eden: 0K(2097664K)->0K(2097664K) From: 64K(349184K)->0K(349184K)
[69.153s][info][gc,heap        ] GC(91) ParOldGen: 4043K(5592576K)->4043K(5592576K)
[69.153s][info][gc,metaspace   ] GC(91) Metaspace: 10290K(10624K)->10290K(10624K) NonClass: 8959K(9152K)->8959K(9152K) Class: 1331K(1472K)->1331K(1472K)
[69.153s][info][gc             ] GC(91) Pause Full (System.gc()) 4M->3M(7851M) 8.271ms
[69.153s][info][gc,cpu         ] GC(91) User=0.00s Sys=0.00s Real=0.01s
[70.648s][info][gc,start       ] GC(92) Pause Young (System.gc())
[70.648s][info][gc,heap        ] GC(92) PSYoungGen: 1651104K(2446848K)->32K(2446848K) Eden: 1651104K(2097664K)->0K(2097664K) From: 0K(349184K)->32K(349184K)
[70.648s][info][gc,heap        ] GC(92) ParOldGen: 4043K(5592576K)->4043K(5592576K)
[70.648s][info][gc,metaspace   ] GC(92) Metaspace: 10290K(10624K)->10290K(10624K) NonClass: 8959K(9152K)->8959K(9152K) Class: 1331K(1472K)->1331K(1472K)
[70.648s][info][gc             ] GC(92) Pause Young (System.gc()) 1616M->3M(7851M) 0.243ms
[70.648s][info][gc,cpu         ] GC(92) User=0.00s Sys=0.00s Real=0.00s
[70.648s][info][gc,start       ] GC(93) Pause Full (System.gc())
[70.648s][info][gc,phases,start] GC(93) Marking Phase
[70.652s][info][gc,phases      ] GC(93) Marking Phase 4.053ms
[70.652s][info][gc,phases,start] GC(93) Summary Phase
[70.652s][info][gc,phases      ] GC(93) Summary Phase 0.020ms
[70.652s][info][gc,phases,start] GC(93) Adjust Roots
[70.655s][info][gc,phases      ] GC(93) Adjust Roots 2.793ms
[70.655s][info][gc,phases,start] GC(93) Compaction Phase
[70.657s][info][gc,phases      ] GC(93) Compaction Phase 1.959ms
[70.657s][info][gc,phases,start] GC(93) Post Compact
[70.658s][info][gc,phases      ] GC(93) Post Compact 0.574ms
[70.658s][info][gc,heap        ] GC(93) PSYoungGen: 32K(2446848K)->0K(2446848K) Eden: 0K(2097664K)->0K(2097664K) From: 32K(349184K)->0K(349184K)
[70.658s][info][gc,heap        ] GC(93) ParOldGen: 4043K(5592576K)->4043K(5592576K)
[70.658s][info][gc,metaspace   ] GC(93) Metaspace: 10290K(10624K)->10290K(10624K) NonClass: 8959K(9152K)->8959K(9152K) Class: 1331K(1472K)->1331K(1472K)
[70.658s][info][gc             ] GC(93) Pause Full (System.gc()) 3M->3M(7851M) 9.588ms
[70.658s][info][gc,cpu         ] GC(93) User=0.03s Sys=0.05s Real=0.01s
[72.157s][info][gc,start       ] GC(94) Pause Young (System.gc())
[72.157s][info][gc,heap        ] GC(94) PSYoungGen: 1654182K(2446848K)->160K(2446848K) Eden: 1654182K(2097664K)->0K(2097664K) From: 0K(349184K)->160K(349184K)
[72.157s][info][gc,heap        ] GC(94) ParOldGen: 4043K(5592576K)->4043K(5592576K)
[72.157s][info][gc,metaspace   ] GC(94) Metaspace: 10290K(10624K)->10290K(10624K) NonClass: 8959K(9152K)->8959K(9152K) Class: 1331K(1472K)->1331K(1472K)
[72.157s][info][gc             ] GC(94) Pause Young (System.gc()) 1619M->4M(7851M) 0.261ms
[72.158s][info][gc,cpu         ] GC(94) User=0.00s Sys=0.00s Real=0.00s
[72.158s][info][gc,start       ] GC(95) Pause Full (System.gc())
[72.158s][info][gc,phases,start] GC(95) Marking Phase
[72.161s][info][gc,phases      ] GC(95) Marking Phase 3.838ms
[72.161s][info][gc,phases,start] GC(95) Summary Phase
[72.161s][info][gc,phases      ] GC(95) Summary Phase 0.009ms
[72.161s][info][gc,phases,start] GC(95) Adjust Roots
[72.163s][info][gc,phases      ] GC(95) Adjust Roots 1.749ms
[72.163s][info][gc,phases,start] GC(95) Compaction Phase
[72.166s][info][gc,phases      ] GC(95) Compaction Phase 2.454ms
[72.166s][info][gc,phases,start] GC(95) Post Compact
[72.166s][info][gc,phases      ] GC(95) Post Compact 0.394ms
[72.166s][info][gc,heap        ] GC(95) PSYoungGen: 160K(2446848K)->0K(2446848K) Eden: 0K(2097664K)->0K(2097664K) From: 160K(349184K)->0K(349184K)
[72.166s][info][gc,heap        ] GC(95) ParOldGen: 4043K(5592576K)->4045K(5592576K)
[72.166s][info][gc,metaspace   ] GC(95) Metaspace: 10290K(10624K)->10290K(10624K) NonClass: 8959K(9152K)->8959K(9152K) Class: 1331K(1472K)->1331K(1472K)
[72.166s][info][gc             ] GC(95) Pause Full (System.gc()) 4M->3M(7851M) 8.623ms
[72.166s][info][gc,cpu         ] GC(95) User=0.00s Sys=0.00s Real=0.01s
[73.672s][info][gc,start       ] GC(96) Pause Young (System.gc())
[73.672s][info][gc,heap        ] GC(96) PSYoungGen: 1651226K(2446848K)->96K(2446848K) Eden: 1651226K(2097664K)->0K(2097664K) From: 0K(349184K)->96K(349184K)
[73.672s][info][gc,heap        ] GC(96) ParOldGen: 4045K(5592576K)->4045K(5592576K)
[73.672s][info][gc,metaspace   ] GC(96) Metaspace: 10290K(10624K)->10290K(10624K) NonClass: 8959K(9152K)->8959K(9152K) Class: 1331K(1472K)->1331K(1472K)
[73.672s][info][gc             ] GC(96) Pause Young (System.gc()) 1616M->4M(7851M) 0.217ms
[73.672s][info][gc,cpu         ] GC(96) User=0.00s Sys=0.00s Real=0.00s
[73.672s][info][gc,start       ] GC(97) Pause Full (System.gc())
[73.672s][info][gc,phases,start] GC(97) Marking Phase
[73.676s][info][gc,phases      ] GC(97) Marking Phase 3.608ms
[73.676s][info][gc,phases,start] GC(97) Summary Phase
[73.676s][info][gc,phases      ] GC(97) Summary Phase 0.009ms
[73.676s][info][gc,phases,start] GC(97) Adjust Roots
[73.679s][info][gc,phases      ] GC(97) Adjust Roots 2.851ms
[73.679s][info][gc,phases,start] GC(97) Compaction Phase
[73.681s][info][gc,phases      ] GC(97) Compaction Phase 2.384ms
[73.681s][info][gc,phases,start] GC(97) Post Compact
[73.682s][info][gc,phases      ] GC(97) Post Compact 0.396ms
[73.682s][info][gc,heap        ] GC(97) PSYoungGen: 96K(2446848K)->0K(2446848K) Eden: 0K(2097664K)->0K(2097664K) From: 96K(349184K)->0K(349184K)
[73.682s][info][gc,heap        ] GC(97) ParOldGen: 4045K(5592576K)->4045K(5592576K)
[73.682s][info][gc,metaspace   ] GC(97) Metaspace: 10290K(10624K)->10290K(10624K) NonClass: 8959K(9152K)->8959K(9152K) Class: 1331K(1472K)->1331K(1472K)
[73.682s][info][gc             ] GC(97) Pause Full (System.gc()) 4M->3M(7851M) 9.422ms
[73.682s][info][gc,cpu         ] GC(97) User=0.00s Sys=0.00s Real=0.01s
[75.180s][info][gc,start       ] GC(98) Pause Young (System.gc())
[75.180s][info][gc,heap        ] GC(98) PSYoungGen: 1648542K(2446848K)->32K(2446848K) Eden: 1648542K(2097664K)->0K(2097664K) From: 0K(349184K)->32K(349184K)
[75.180s][info][gc,heap        ] GC(98) ParOldGen: 4045K(5592576K)->4045K(5592576K)
[75.180s][info][gc,metaspace   ] GC(98) Metaspace: 10290K(10624K)->10290K(10624K) NonClass: 8959K(9152K)->8959K(9152K) Class: 1331K(1472K)->1331K(1472K)
[75.180s][info][gc             ] GC(98) Pause Young (System.gc()) 1613M->3M(7851M) 0.251ms
[75.180s][info][gc,cpu         ] GC(98) User=0.00s Sys=0.00s Real=0.00s
[75.180s][info][gc,start       ] GC(99) Pause Full (System.gc())
[75.180s][info][gc,phases,start] GC(99) Marking Phase
[75.184s][info][gc,phases      ] GC(99) Marking Phase 3.650ms
[75.184s][info][gc,phases,start] GC(99) Summary Phase
[75.184s][info][gc,phases      ] GC(99) Summary Phase 0.009ms
[75.184s][info][gc,phases,start] GC(99) Adjust Roots
[75.186s][info][gc,phases      ] GC(99) Adjust Roots 2.179ms
[75.186s][info][gc,phases,start] GC(99) Compaction Phase
[75.188s][info][gc,phases      ] GC(99) Compaction Phase 2.126ms
[75.188s][info][gc,phases,start] GC(99) Post Compact
[75.188s][info][gc,phases      ] GC(99) Post Compact 0.397ms
[75.188s][info][gc,heap        ] GC(99) PSYoungGen: 32K(2446848K)->0K(2446848K) Eden: 0K(2097664K)->0K(2097664K) From: 32K(349184K)->0K(349184K)
[75.188s][info][gc,heap        ] GC(99) ParOldGen: 4045K(5592576K)->4045K(5592576K)
[75.188s][info][gc,metaspace   ] GC(99) Metaspace: 10290K(10624K)->10290K(10624K) NonClass: 8959K(9152K)->8959K(9152K) Class: 1331K(1472K)->1331K(1472K)
[75.189s][info][gc             ] GC(99) Pause Full (System.gc()) 3M->3M(7851M) 8.531ms
[75.189s][info][gc,cpu         ] GC(99) User=0.03s Sys=0.05s Real=0.01s
[76.681s][info][gc,start       ] GC(100) Pause Young (System.gc())
[76.681s][info][gc,heap        ] GC(100) PSYoungGen: 1647174K(2446848K)->96K(2446848K) Eden: 1647174K(2097664K)->0K(2097664K) From: 0K(349184K)->96K(349184K)
[76.681s][info][gc,heap        ] GC(100) ParOldGen: 4045K(5592576K)->4045K(5592576K)
[76.681s][info][gc,metaspace   ] GC(100) Metaspace: 10290K(10624K)->10290K(10624K) NonClass: 8959K(9152K)->8959K(9152K) Class: 1331K(1472K)->1331K(1472K)
[76.681s][info][gc             ] GC(100) Pause Young (System.gc()) 1612M->4M(7851M) 0.228ms
[76.681s][info][gc,cpu         ] GC(100) User=0.00s Sys=0.00s Real=0.00s
[76.681s][info][gc,start       ] GC(101) Pause Full (System.gc())
[76.681s][info][gc,phases,start] GC(101) Marking Phase
[76.686s][info][gc,phases      ] GC(101) Marking Phase 4.259ms
[76.686s][info][gc,phases,start] GC(101) Summary Phase
[76.686s][info][gc,phases      ] GC(101) Summary Phase 0.009ms
[76.686s][info][gc,phases,start] GC(101) Adjust Roots
[76.688s][info][gc,phases      ] GC(101) Adjust Roots 2.243ms
[76.688s][info][gc,phases,start] GC(101) Compaction Phase
[76.690s][info][gc,phases      ] GC(101) Compaction Phase 2.110ms
[76.690s][info][gc,phases,start] GC(101) Post Compact
[76.691s][info][gc,phases      ] GC(101) Post Compact 0.394ms
[76.691s][info][gc,heap        ] GC(101) PSYoungGen: 96K(2446848K)->0K(2446848K) Eden: 0K(2097664K)->0K(2097664K) From: 96K(349184K)->0K(349184K)
[76.691s][info][gc,heap        ] GC(101) ParOldGen: 4045K(5592576K)->4045K(5592576K)
[76.691s][info][gc,metaspace   ] GC(101) Metaspace: 10290K(10624K)->10290K(10624K) NonClass: 8959K(9152K)->8959K(9152K) Class: 1331K(1472K)->1331K(1472K)
[76.691s][info][gc             ] GC(101) Pause Full (System.gc()) 4M->3M(7851M) 9.228ms
[76.691s][info][gc,cpu         ] GC(101) User=0.02s Sys=0.00s Real=0.00s
[78.193s][info][gc,start       ] GC(102) Pause Young (System.gc())
[78.193s][info][gc,heap        ] GC(102) PSYoungGen: 1646932K(2446848K)->32K(2446848K) Eden: 1646932K(2097664K)->0K(2097664K) From: 0K(349184K)->32K(349184K)
[78.193s][info][gc,heap        ] GC(102) ParOldGen: 4045K(5592576K)->4045K(5592576K)
[78.193s][info][gc,metaspace   ] GC(102) Metaspace: 10290K(10624K)->10290K(10624K) NonClass: 8959K(9152K)->8959K(9152K) Class: 1331K(1472K)->1331K(1472K)
[78.193s][info][gc             ] GC(102) Pause Young (System.gc()) 1612M->3M(7851M) 0.238ms
[78.193s][info][gc,cpu         ] GC(102) User=0.00s Sys=0.00s Real=0.00s
[78.193s][info][gc,start       ] GC(103) Pause Full (System.gc())
[78.193s][info][gc,phases,start] GC(103) Marking Phase
[78.197s][info][gc,phases      ] GC(103) Marking Phase 3.677ms
[78.197s][info][gc,phases,start] GC(103) Summary Phase
[78.197s][info][gc,phases      ] GC(103) Summary Phase 0.008ms
[78.197s][info][gc,phases,start] GC(103) Adjust Roots
[78.200s][info][gc,phases      ] GC(103) Adjust Roots 2.895ms
[78.200s][info][gc,phases,start] GC(103) Compaction Phase
[78.202s][info][gc,phases      ] GC(103) Compaction Phase 1.982ms
[78.202s][info][gc,phases,start] GC(103) Post Compact
[78.202s][info][gc,phases      ] GC(103) Post Compact 0.399ms
[78.202s][info][gc,heap        ] GC(103) PSYoungGen: 32K(2446848K)->0K(2446848K) Eden: 0K(2097664K)->0K(2097664K) From: 32K(349184K)->0K(349184K)
[78.202s][info][gc,heap        ] GC(103) ParOldGen: 4045K(5592576K)->4045K(5592576K)
[78.202s][info][gc,metaspace   ] GC(103) Metaspace: 10290K(10624K)->10290K(10624K) NonClass: 8959K(9152K)->8959K(9152K) Class: 1331K(1472K)->1331K(1472K)
[78.202s][info][gc             ] GC(103) Pause Full (System.gc()) 3M->3M(7851M) 9.140ms
[78.202s][info][gc,cpu         ] GC(103) User=0.00s Sys=0.00s Real=0.00s
[79.706s][info][gc,start       ] GC(104) Pause Young (System.gc())
[79.706s][info][gc,heap        ] GC(104) PSYoungGen: 1652631K(2446848K)->96K(2446848K) Eden: 1652631K(2097664K)->0K(2097664K) From: 0K(349184K)->96K(349184K)
[79.706s][info][gc,heap        ] GC(104) ParOldGen: 4045K(5592576K)->4045K(5592576K)
[79.706s][info][gc,metaspace   ] GC(104) Metaspace: 10291K(10624K)->10291K(10624K) NonClass: 8960K(9152K)->8960K(9152K) Class: 1331K(1472K)->1331K(1472K)
[79.706s][info][gc             ] GC(104) Pause Young (System.gc()) 1617M->4M(7851M) 0.253ms
[79.706s][info][gc,cpu         ] GC(104) User=0.00s Sys=0.00s Real=0.00s
[79.706s][info][gc,start       ] GC(105) Pause Full (System.gc())
[79.706s][info][gc,phases,start] GC(105) Marking Phase
[79.710s][info][gc,phases      ] GC(105) Marking Phase 3.923ms
[79.710s][info][gc,phases,start] GC(105) Summary Phase
[79.710s][info][gc,phases      ] GC(105) Summary Phase 0.009ms
[79.710s][info][gc,phases,start] GC(105) Adjust Roots
[79.712s][info][gc,phases      ] GC(105) Adjust Roots 2.179ms
[79.712s][info][gc,phases,start] GC(105) Compaction Phase
[79.714s][info][gc,phases      ] GC(105) Compaction Phase 1.973ms
[79.714s][info][gc,phases,start] GC(105) Post Compact
[79.715s][info][gc,phases      ] GC(105) Post Compact 0.424ms
[79.715s][info][gc,heap        ] GC(105) PSYoungGen: 96K(2446848K)->0K(2446848K) Eden: 0K(2097664K)->0K(2097664K) From: 96K(349184K)->0K(349184K)
[79.715s][info][gc,heap        ] GC(105) ParOldGen: 4045K(5592576K)->4045K(5592576K)
[79.715s][info][gc,metaspace   ] GC(105) Metaspace: 10291K(10624K)->10291K(10624K) NonClass: 8960K(9152K)->8960K(9152K) Class: 1331K(1472K)->1331K(1472K)
[79.715s][info][gc             ] GC(105) Pause Full (System.gc()) 4M->3M(7851M) 8.712ms
[79.715s][info][gc,cpu         ] GC(105) User=0.00s Sys=0.00s Real=0.00s
[81.211s][info][gc,start       ] GC(106) Pause Young (System.gc())
[81.211s][info][gc,heap        ] GC(106) PSYoungGen: 1641440K(2446848K)->64K(2446848K) Eden: 1641440K(2097664K)->0K(2097664K) From: 0K(349184K)->64K(349184K)
[81.211s][info][gc,heap        ] GC(106) ParOldGen: 4045K(5592576K)->4045K(5592576K)
[81.211s][info][gc,metaspace   ] GC(106) Metaspace: 10291K(10624K)->10291K(10624K) NonClass: 8960K(9152K)->8960K(9152K) Class: 1331K(1472K)->1331K(1472K)
[81.211s][info][gc             ] GC(106) Pause Young (System.gc()) 1606M->4M(7851M) 0.253ms
[81.211s][info][gc,cpu         ] GC(106) User=0.00s Sys=0.00s Real=0.00s
[81.211s][info][gc,start       ] GC(107) Pause Full (System.gc())
[81.211s][info][gc,phases,start] GC(107) Marking Phase
[81.215s][info][gc,phases      ] GC(107) Marking Phase 3.818ms
[81.215s][info][gc,phases,start] GC(107) Summary Phase
[81.215s][info][gc,phases      ] GC(107) Summary Phase 0.009ms
[81.215s][info][gc,phases,start] GC(107) Adjust Roots
[81.217s][info][gc,phases      ] GC(107) Adjust Roots 1.767ms
[81.217s][info][gc,phases,start] GC(107) Compaction Phase
[81.219s][info][gc,phases      ] GC(107) Compaction Phase 2.480ms
[81.219s][info][gc,phases,start] GC(107) Post Compact
[81.220s][info][gc,phases      ] GC(107) Post Compact 0.397ms
[81.220s][info][gc,heap        ] GC(107) PSYoungGen: 64K(2446848K)->0K(2446848K) Eden: 0K(2097664K)->0K(2097664K) From: 64K(349184K)->0K(349184K)
[81.220s][info][gc,heap        ] GC(107) ParOldGen: 4045K(5592576K)->4045K(5592576K)
[81.220s][info][gc,metaspace   ] GC(107) Metaspace: 10291K(10624K)->10291K(10624K) NonClass: 8960K(9152K)->8960K(9152K) Class: 1331K(1472K)->1331K(1472K)
[81.220s][info][gc             ] GC(107) Pause Full (System.gc()) 4M->3M(7851M) 8.622ms
[81.220s][info][gc,cpu         ] GC(107) User=0.03s Sys=0.00s Real=0.01s
[82.713s][info][gc,start       ] GC(108) Pause Young (System.gc())
[82.713s][info][gc,heap        ] GC(108) PSYoungGen: 1635896K(2446848K)->64K(2446848K) Eden: 1635896K(2097664K)->0K(2097664K) From: 0K(349184K)->64K(349184K)
[82.713s][info][gc,heap        ] GC(108) ParOldGen: 4045K(5592576K)->4045K(5592576K)
[82.713s][info][gc,metaspace   ] GC(108) Metaspace: 10291K(10624K)->10291K(10624K) NonClass: 8960K(9152K)->8960K(9152K) Class: 1331K(1472K)->1331K(1472K)
[82.713s][info][gc             ] GC(108) Pause Young (System.gc()) 1601M->4M(7851M) 0.231ms
[82.713s][info][gc,cpu         ] GC(108) User=0.00s Sys=0.00s Real=0.00s
[82.713s][info][gc,start       ] GC(109) Pause Full (System.gc())
[82.713s][info][gc,phases,start] GC(109) Marking Phase
[82.717s][info][gc,phases      ] GC(109) Marking Phase 3.743ms
[82.717s][info][gc,phases,start] GC(109) Summary Phase
[82.717s][info][gc,phases      ] GC(109) Summary Phase 0.009ms
[82.717s][info][gc,phases,start] GC(109) Adjust Roots
[82.719s][info][gc,phases      ] GC(109) Adjust Roots 1.671ms
[82.719s][info][gc,phases,start] GC(109) Compaction Phase
[82.721s][info][gc,phases      ] GC(109) Compaction Phase 2.408ms
[82.721s][info][gc,phases,start] GC(109) Post Compact
[82.722s][info][gc,phases      ] GC(109) Post Compact 0.531ms
[82.722s][info][gc,heap        ] GC(109) PSYoungGen: 64K(2446848K)->0K(2446848K) Eden: 0K(2097664K)->0K(2097664K) From: 64K(349184K)->0K(349184K)
[82.722s][info][gc,heap        ] GC(109) ParOldGen: 4045K(5592576K)->4045K(5592576K)
[82.722s][info][gc,metaspace   ] GC(109) Metaspace: 10291K(10624K)->10291K(10624K) NonClass: 8960K(9152K)->8960K(9152K) Class: 1331K(1472K)->1331K(1472K)
[82.722s][info][gc             ] GC(109) Pause Full (System.gc()) 4M->3M(7851M) 8.509ms
[82.722s][info][gc,cpu         ] GC(109) User=0.02s Sys=0.00s Real=0.02s
[84.217s][info][gc,start       ] GC(110) Pause Young (System.gc())
[84.217s][info][gc,heap        ] GC(110) PSYoungGen: 1648204K(2446848K)->128K(2446848K) Eden: 1648204K(2097664K)->0K(2097664K) From: 0K(349184K)->128K(349184K)
[84.217s][info][gc,heap        ] GC(110) ParOldGen: 4045K(5592576K)->4045K(5592576K)
[84.217s][info][gc,metaspace   ] GC(110) Metaspace: 10295K(10688K)->10295K(10688K) NonClass: 8964K(9216K)->8964K(9216K) Class: 1331K(1472K)->1331K(1472K)
[84.217s][info][gc             ] GC(110) Pause Young (System.gc()) 1613M->4M(7851M) 0.241ms
[84.217s][info][gc,cpu         ] GC(110) User=0.00s Sys=0.00s Real=0.00s
[84.217s][info][gc,start       ] GC(111) Pause Full (System.gc())
[84.217s][info][gc,phases,start] GC(111) Marking Phase
[84.221s][info][gc,phases      ] GC(111) Marking Phase 3.655ms
[84.221s][info][gc,phases,start] GC(111) Summary Phase
[84.221s][info][gc,phases      ] GC(111) Summary Phase 0.009ms
[84.221s][info][gc,phases,start] GC(111) Adjust Roots
[84.223s][info][gc,phases      ] GC(111) Adjust Roots 2.194ms
[84.223s][info][gc,phases,start] GC(111) Compaction Phase
[84.225s][info][gc,phases      ] GC(111) Compaction Phase 1.967ms
[84.225s][info][gc,phases,start] GC(111) Post Compact
[84.226s][info][gc,phases      ] GC(111) Post Compact 0.398ms
[84.226s][info][gc,heap        ] GC(111) PSYoungGen: 128K(2446848K)->0K(2446848K) Eden: 0K(2097664K)->0K(2097664K) From: 128K(349184K)->0K(349184K)
[84.226s][info][gc,heap        ] GC(111) ParOldGen: 4045K(5592576K)->4046K(5592576K)
[84.226s][info][gc,metaspace   ] GC(111) Metaspace: 10295K(10688K)->10295K(10688K) NonClass: 8964K(9216K)->8964K(9216K) Class: 1331K(1472K)->1331K(1472K)
[84.226s][info][gc             ] GC(111) Pause Full (System.gc()) 4M->3M(7851M) 8.412ms
[84.226s][info][gc,cpu         ] GC(111) User=0.09s Sys=0.00s Real=0.00s
[85.711s][info][gc,start       ] GC(112) Pause Young (System.gc())
[85.711s][info][gc,heap        ] GC(112) PSYoungGen: 1651666K(2446848K)->160K(2446848K) Eden: 1651666K(2097664K)->0K(2097664K) From: 0K(349184K)->160K(349184K)
[85.711s][info][gc,heap        ] GC(112) ParOldGen: 4046K(5592576K)->4046K(5592576K)
[85.711s][info][gc,metaspace   ] GC(112) Metaspace: 10306K(10688K)->10306K(10688K) NonClass: 8975K(9216K)->8975K(9216K) Class: 1331K(1472K)->1331K(1472K)
[85.711s][info][gc             ] GC(112) Pause Young (System.gc()) 1616M->4M(7851M) 0.252ms
[85.711s][info][gc,cpu         ] GC(112) User=0.00s Sys=0.00s Real=0.00s
[85.711s][info][gc,start       ] GC(113) Pause Full (System.gc())
[85.711s][info][gc,phases,start] GC(113) Marking Phase
[85.715s][info][gc,phases      ] GC(113) Marking Phase 3.786ms
[85.715s][info][gc,phases,start] GC(113) Summary Phase
[85.715s][info][gc,phases      ] GC(113) Summary Phase 0.009ms
[85.715s][info][gc,phases,start] GC(113) Adjust Roots
[85.717s][info][gc,phases      ] GC(113) Adjust Roots 2.177ms
[85.717s][info][gc,phases,start] GC(113) Compaction Phase
[85.720s][info][gc,phases      ] GC(113) Compaction Phase 2.381ms
[85.720s][info][gc,phases,start] GC(113) Post Compact
[85.720s][info][gc,phases      ] GC(113) Post Compact 0.437ms
[85.720s][info][gc,heap        ] GC(113) PSYoungGen: 160K(2446848K)->0K(2446848K) Eden: 0K(2097664K)->0K(2097664K) From: 160K(349184K)->0K(349184K)
[85.720s][info][gc,heap        ] GC(113) ParOldGen: 4046K(5592576K)->4047K(5592576K)
[85.720s][info][gc,metaspace   ] GC(113) Metaspace: 10306K(10688K)->10306K(10688K) NonClass: 8975K(9216K)->8975K(9216K) Class: 1331K(1472K)->1331K(1472K)
[85.720s][info][gc             ] GC(113) Pause Full (System.gc()) 4M->3M(7851M) 9.001ms
[85.720s][info][gc,cpu         ] GC(113) User=0.05s Sys=0.00s Real=0.02s
[87.219s][info][gc,start       ] GC(114) Pause Young (System.gc())
[87.220s][info][gc,heap        ] GC(114) PSYoungGen: 1654536K(2446848K)->64K(2446848K) Eden: 1654536K(2097664K)->0K(2097664K) From: 0K(349184K)->64K(349184K)
[87.220s][info][gc,heap        ] GC(114) ParOldGen: 4047K(5592576K)->4047K(5592576K)
[87.220s][info][gc,metaspace   ] GC(114) Metaspace: 10306K(10688K)->10306K(10688K) NonClass: 8975K(9216K)->8975K(9216K) Class: 1331K(1472K)->1331K(1472K)
[87.220s][info][gc             ] GC(114) Pause Young (System.gc()) 1619M->4M(7851M) 0.229ms
[87.220s][info][gc,cpu         ] GC(114) User=0.00s Sys=0.00s Real=0.00s
[87.220s][info][gc,start       ] GC(115) Pause Full (System.gc())
[87.220s][info][gc,phases,start] GC(115) Marking Phase
[87.224s][info][gc,phases      ] GC(115) Marking Phase 3.901ms
[87.224s][info][gc,phases,start] GC(115) Summary Phase
[87.224s][info][gc,phases      ] GC(115) Summary Phase 0.009ms
[87.224s][info][gc,phases,start] GC(115) Adjust Roots
[87.225s][info][gc,phases      ] GC(115) Adjust Roots 1.854ms
[87.226s][info][gc,phases,start] GC(115) Compaction Phase
[87.228s][info][gc,phases      ] GC(115) Compaction Phase 2.769ms
[87.228s][info][gc,phases,start] GC(115) Post Compact
[87.229s][info][gc,phases      ] GC(115) Post Compact 0.413ms
[87.229s][info][gc,heap        ] GC(115) PSYoungGen: 64K(2446848K)->0K(2446848K) Eden: 0K(2097664K)->0K(2097664K) From: 64K(349184K)->0K(349184K)
[87.229s][info][gc,heap        ] GC(115) ParOldGen: 4047K(5592576K)->4047K(5592576K)
[87.229s][info][gc,metaspace   ] GC(115) Metaspace: 10306K(10688K)->10306K(10688K) NonClass: 8975K(9216K)->8975K(9216K) Class: 1331K(1472K)->1331K(1472K)
[87.229s][info][gc             ] GC(115) Pause Full (System.gc()) 4M->3M(7851M) 9.217ms
[87.229s][info][gc,cpu         ] GC(115) User=0.00s Sys=0.00s Real=0.02s
[88.737s][info][gc,start       ] GC(116) Pause Young (System.gc())
[88.737s][info][gc,heap        ] GC(116) PSYoungGen: 1645767K(2446848K)->128K(2446848K) Eden: 1645767K(2097664K)->0K(2097664K) From: 0K(349184K)->128K(349184K)
[88.737s][info][gc,heap        ] GC(116) ParOldGen: 4047K(5592576K)->4047K(5592576K)
[88.737s][info][gc,metaspace   ] GC(116) Metaspace: 10306K(10688K)->10306K(10688K) NonClass: 8975K(9216K)->8975K(9216K) Class: 1331K(1472K)->1331K(1472K)
[88.737s][info][gc             ] GC(116) Pause Young (System.gc()) 1611M->4M(7851M) 0.240ms
[88.737s][info][gc,cpu         ] GC(116) User=0.00s Sys=0.00s Real=0.00s
[88.737s][info][gc,start       ] GC(117) Pause Full (System.gc())
[88.737s][info][gc,phases,start] GC(117) Marking Phase
[88.741s][info][gc,phases      ] GC(117) Marking Phase 3.671ms
[88.741s][info][gc,phases,start] GC(117) Summary Phase
[88.741s][info][gc,phases      ] GC(117) Summary Phase 0.008ms
[88.741s][info][gc,phases,start] GC(117) Adjust Roots
[88.744s][info][gc,phases      ] GC(117) Adjust Roots 2.438ms
[88.744s][info][gc,phases,start] GC(117) Compaction Phase
[88.746s][info][gc,phases      ] GC(117) Compaction Phase 2.028ms
[88.746s][info][gc,phases,start] GC(117) Post Compact
[88.746s][info][gc,phases      ] GC(117) Post Compact 0.398ms
[88.746s][info][gc,heap        ] GC(117) PSYoungGen: 128K(2446848K)->0K(2446848K) Eden: 0K(2097664K)->0K(2097664K) From: 128K(349184K)->0K(349184K)
[88.746s][info][gc,heap        ] GC(117) ParOldGen: 4047K(5592576K)->4046K(5592576K)
[88.746s][info][gc,metaspace   ] GC(117) Metaspace: 10306K(10688K)->10306K(10688K) NonClass: 8975K(9216K)->8975K(9216K) Class: 1331K(1472K)->1331K(1472K)
[88.746s][info][gc             ] GC(117) Pause Full (System.gc()) 4M->3M(7851M) 8.717ms
[88.746s][info][gc,cpu         ] GC(117) User=0.00s Sys=0.00s Real=0.00s
[90.246s][info][gc,start       ] GC(118) Pause Young (System.gc())
[90.246s][info][gc,heap        ] GC(118) PSYoungGen: 1636633K(2446848K)->32K(2446848K) Eden: 1636633K(2097664K)->0K(2097664K) From: 0K(349184K)->32K(349184K)
[90.246s][info][gc,heap        ] GC(118) ParOldGen: 4046K(5592576K)->4046K(5592576K)
[90.246s][info][gc,metaspace   ] GC(118) Metaspace: 10306K(10688K)->10306K(10688K) NonClass: 8975K(9216K)->8975K(9216K) Class: 1331K(1472K)->1331K(1472K)
[90.246s][info][gc             ] GC(118) Pause Young (System.gc()) 1602M->3M(7851M) 0.266ms
[90.246s][info][gc,cpu         ] GC(118) User=0.00s Sys=0.00s Real=0.00s
[90.246s][info][gc,start       ] GC(119) Pause Full (System.gc())
[90.246s][info][gc,phases,start] GC(119) Marking Phase
[90.250s][info][gc,phases      ] GC(119) Marking Phase 3.952ms
[90.250s][info][gc,phases,start] GC(119) Summary Phase
[90.250s][info][gc,phases      ] GC(119) Summary Phase 0.009ms
[90.250s][info][gc,phases,start] GC(119) Adjust Roots
[90.252s][info][gc,phases      ] GC(119) Adjust Roots 2.215ms
[90.252s][info][gc,phases,start] GC(119) Compaction Phase
[90.254s][info][gc,phases      ] GC(119) Compaction Phase 2.260ms
[90.255s][info][gc,phases,start] GC(119) Post Compact
[90.255s][info][gc,phases      ] GC(119) Post Compact 0.399ms
[90.255s][info][gc,heap        ] GC(119) PSYoungGen: 32K(2446848K)->0K(2446848K) Eden: 0K(2097664K)->0K(2097664K) From: 32K(349184K)->0K(349184K)
[90.255s][info][gc,heap        ] GC(119) ParOldGen: 4046K(5592576K)->4046K(5592576K)
[90.255s][info][gc,metaspace   ] GC(119) Metaspace: 10306K(10688K)->10306K(10688K) NonClass: 8975K(9216K)->8975K(9216K) Class: 1331K(1472K)->1331K(1472K)
[90.255s][info][gc             ] GC(119) Pause Full (System.gc()) 3M->3M(7851M) 9.042ms
[90.255s][info][gc,cpu         ] GC(119) User=0.02s Sys=0.00s Real=0.00s
[91.749s][info][gc,start       ] GC(120) Pause Young (System.gc())
[91.749s][info][gc,heap        ] GC(120) PSYoungGen: 1640730K(2446848K)->32K(2446848K) Eden: 1640730K(2097664K)->0K(2097664K) From: 0K(349184K)->32K(349184K)
[91.749s][info][gc,heap        ] GC(120) ParOldGen: 4046K(5592576K)->4046K(5592576K)
[91.749s][info][gc,metaspace   ] GC(120) Metaspace: 10307K(10688K)->10307K(10688K) NonClass: 8976K(9216K)->8976K(9216K) Class: 1331K(1472K)->1331K(1472K)
[91.749s][info][gc             ] GC(120) Pause Young (System.gc()) 1606M->3M(7851M) 0.266ms
[91.749s][info][gc,cpu         ] GC(120) User=0.00s Sys=0.00s Real=0.00s
[91.749s][info][gc,start       ] GC(121) Pause Full (System.gc())
[91.749s][info][gc,phases,start] GC(121) Marking Phase
[91.753s][info][gc,phases      ] GC(121) Marking Phase 3.832ms
[91.753s][info][gc,phases,start] GC(121) Summary Phase
[91.753s][info][gc,phases      ] GC(121) Summary Phase 0.009ms
[91.753s][info][gc,phases,start] GC(121) Adjust Roots
[91.755s][info][gc,phases      ] GC(121) Adjust Roots 2.147ms
[91.755s][info][gc,phases,start] GC(121) Compaction Phase
[91.758s][info][gc,phases      ] GC(121) Compaction Phase 2.974ms
[91.758s][info][gc,phases,start] GC(121) Post Compact
[91.758s][info][gc,phases      ] GC(121) Post Compact 0.408ms
[91.758s][info][gc,heap        ] GC(121) PSYoungGen: 32K(2446848K)->0K(2446848K) Eden: 0K(2097664K)->0K(2097664K) From: 32K(349184K)->0K(349184K)
[91.758s][info][gc,heap        ] GC(121) ParOldGen: 4046K(5592576K)->4046K(5592576K)
[91.758s][info][gc,metaspace   ] GC(121) Metaspace: 10307K(10688K)->10307K(10688K) NonClass: 8976K(9216K)->8976K(9216K) Class: 1331K(1472K)->1331K(1472K)
[91.758s][info][gc             ] GC(121) Pause Full (System.gc()) 3M->3M(7851M) 9.572ms
[91.758s][info][gc,cpu         ] GC(121) User=0.09s Sys=0.00s Real=0.02s
[93.252s][info][gc,start       ] GC(122) Pause Young (System.gc())
[93.252s][info][gc,heap        ] GC(122) PSYoungGen: 1647027K(2446848K)->96K(2446848K) Eden: 1647027K(2097664K)->0K(2097664K) From: 0K(349184K)->96K(349184K)
[93.252s][info][gc,heap        ] GC(122) ParOldGen: 4046K(5592576K)->4046K(5592576K)
[93.252s][info][gc,metaspace   ] GC(122) Metaspace: 10309K(10688K)->10309K(10688K) NonClass: 8978K(9216K)->8978K(9216K) Class: 1331K(1472K)->1331K(1472K)
[93.252s][info][gc             ] GC(122) Pause Young (System.gc()) 1612M->4M(7851M) 0.232ms
[93.252s][info][gc,cpu         ] GC(122) User=0.00s Sys=0.00s Real=0.00s
[93.252s][info][gc,start       ] GC(123) Pause Full (System.gc())
[93.252s][info][gc,phases,start] GC(123) Marking Phase
[93.256s][info][gc,phases      ] GC(123) Marking Phase 3.726ms
[93.256s][info][gc,phases,start] GC(123) Summary Phase
[93.256s][info][gc,phases      ] GC(123) Summary Phase 0.010ms
[93.256s][info][gc,phases,start] GC(123) Adjust Roots
[93.257s][info][gc,phases      ] GC(123) Adjust Roots 1.740ms
[93.257s][info][gc,phases,start] GC(123) Compaction Phase
[93.259s][info][gc,phases      ] GC(123) Compaction Phase 1.942ms
[93.259s][info][gc,phases,start] GC(123) Post Compact
[93.260s][info][gc,phases      ] GC(123) Post Compact 0.395ms
[93.260s][info][gc,heap        ] GC(123) PSYoungGen: 96K(2446848K)->0K(2446848K) Eden: 0K(2097664K)->0K(2097664K) From: 96K(349184K)->0K(349184K)
[93.260s][info][gc,heap        ] GC(123) ParOldGen: 4046K(5592576K)->4047K(5592576K)
[93.260s][info][gc,metaspace   ] GC(123) Metaspace: 10309K(10688K)->10309K(10688K) NonClass: 8978K(9216K)->8978K(9216K) Class: 1331K(1472K)->1331K(1472K)
[93.260s][info][gc             ] GC(123) Pause Full (System.gc()) 4M->3M(7851M) 7.985ms
[93.260s][info][gc,cpu         ] GC(123) User=0.00s Sys=0.00s Real=0.01s
[94.760s][info][gc,start       ] GC(124) Pause Young (System.gc())
[94.760s][info][gc,heap        ] GC(124) PSYoungGen: 1647060K(2446848K)->64K(2446848K) Eden: 1647060K(2097664K)->0K(2097664K) From: 0K(349184K)->64K(349184K)
[94.760s][info][gc,heap        ] GC(124) ParOldGen: 4047K(5592576K)->4047K(5592576K)
[94.760s][info][gc,metaspace   ] GC(124) Metaspace: 10309K(10688K)->10309K(10688K) NonClass: 8978K(9216K)->8978K(9216K) Class: 1331K(1472K)->1331K(1472K)
[94.760s][info][gc             ] GC(124) Pause Young (System.gc()) 1612M->4M(7851M) 0.240ms
[94.760s][info][gc,cpu         ] GC(124) User=0.00s Sys=0.00s Real=0.00s
[94.760s][info][gc,start       ] GC(125) Pause Full (System.gc())
[94.760s][info][gc,phases,start] GC(125) Marking Phase
[94.764s][info][gc,phases      ] GC(125) Marking Phase 3.901ms
[94.764s][info][gc,phases,start] GC(125) Summary Phase
[94.764s][info][gc,phases      ] GC(125) Summary Phase 0.009ms
[94.764s][info][gc,phases,start] GC(125) Adjust Roots
[94.767s][info][gc,phases      ] GC(125) Adjust Roots 2.930ms
[94.767s][info][gc,phases,start] GC(125) Compaction Phase
[94.769s][info][gc,phases      ] GC(125) Compaction Phase 2.380ms
[94.769s][info][gc,phases,start] GC(125) Post Compact
[94.770s][info][gc,phases      ] GC(125) Post Compact 0.464ms
[94.770s][info][gc,heap        ] GC(125) PSYoungGen: 64K(2446848K)->0K(2446848K) Eden: 0K(2097664K)->0K(2097664K) From: 64K(349184K)->0K(349184K)
[94.770s][info][gc,heap        ] GC(125) ParOldGen: 4047K(5592576K)->4047K(5592576K)
[94.770s][info][gc,metaspace   ] GC(125) Metaspace: 10309K(10688K)->10309K(10688K) NonClass: 8978K(9216K)->8978K(9216K) Class: 1331K(1472K)->1331K(1472K)
[94.770s][info][gc             ] GC(125) Pause Full (System.gc()) 4M->3M(7851M) 9.874ms
[94.770s][info][gc,cpu         ] GC(125) User=0.02s Sys=0.00s Real=0.02s
[96.267s][info][gc,start       ] GC(126) Pause Young (System.gc())
[96.267s][info][gc,heap        ] GC(126) PSYoungGen: 1646712K(2446848K)->64K(2446848K) Eden: 1646712K(2097664K)->0K(2097664K) From: 0K(349184K)->64K(349184K)
[96.267s][info][gc,heap        ] GC(126) ParOldGen: 4047K(5592576K)->4047K(5592576K)
[96.267s][info][gc,metaspace   ] GC(126) Metaspace: 10309K(10688K)->10309K(10688K) NonClass: 8978K(9216K)->8978K(9216K) Class: 1331K(1472K)->1331K(1472K)
[96.267s][info][gc             ] GC(126) Pause Young (System.gc()) 1612M->4M(7851M) 0.252ms
[96.267s][info][gc,cpu         ] GC(126) User=0.00s Sys=0.00s Real=0.00s
[96.267s][info][gc,start       ] GC(127) Pause Full (System.gc())
[96.267s][info][gc,phases,start] GC(127) Marking Phase
[96.272s][info][gc,phases      ] GC(127) Marking Phase 4.181ms
[96.272s][info][gc,phases,start] GC(127) Summary Phase
[96.272s][info][gc,phases      ] GC(127) Summary Phase 0.009ms
[96.272s][info][gc,phases,start] GC(127) Adjust Roots
[96.273s][info][gc,phases      ] GC(127) Adjust Roots 1.739ms
[96.273s][info][gc,phases,start] GC(127) Compaction Phase
[96.276s][info][gc,phases      ] GC(127) Compaction Phase 2.444ms
[96.276s][info][gc,phases,start] GC(127) Post Compact
[96.276s][info][gc,phases      ] GC(127) Post Compact 0.412ms
[96.276s][info][gc,heap        ] GC(127) PSYoungGen: 64K(2446848K)->0K(2446848K) Eden: 0K(2097664K)->0K(2097664K) From: 64K(349184K)->0K(349184K)
[96.276s][info][gc,heap        ] GC(127) ParOldGen: 4047K(5592576K)->4047K(5592576K)
[96.276s][info][gc,metaspace   ] GC(127) Metaspace: 10309K(10688K)->10309K(10688K) NonClass: 8978K(9216K)->8978K(9216K) Class: 1331K(1472K)->1331K(1472K)
[96.276s][info][gc             ] GC(127) Pause Full (System.gc()) 4M->3M(7851M) 9.057ms
[96.276s][info][gc,cpu         ] GC(127) User=0.00s Sys=0.00s Real=0.01s
[97.779s][info][gc,start       ] GC(128) Pause Young (System.gc())
[97.779s][info][gc,heap        ] GC(128) PSYoungGen: 1641286K(2446848K)->64K(2446848K) Eden: 1641286K(2097664K)->0K(2097664K) From: 0K(349184K)->64K(349184K)
[97.779s][info][gc,heap        ] GC(128) ParOldGen: 4047K(5592576K)->4047K(5592576K)
[97.779s][info][gc,metaspace   ] GC(128) Metaspace: 10317K(10688K)->10317K(10688K) NonClass: 8986K(9216K)->8986K(9216K) Class: 1331K(1472K)->1331K(1472K)
[97.779s][info][gc             ] GC(128) Pause Young (System.gc()) 1606M->4M(7851M) 0.258ms
[97.779s][info][gc,cpu         ] GC(128) User=0.00s Sys=0.00s Real=0.00s
[97.779s][info][gc,start       ] GC(129) Pause Full (System.gc())
[97.779s][info][gc,phases,start] GC(129) Marking Phase
[97.783s][info][gc,phases      ] GC(129) Marking Phase 3.713ms
[97.783s][info][gc,phases,start] GC(129) Summary Phase
[97.783s][info][gc,phases      ] GC(129) Summary Phase 0.009ms
[97.783s][info][gc,phases,start] GC(129) Adjust Roots
[97.786s][info][gc,phases      ] GC(129) Adjust Roots 2.825ms
[97.786s][info][gc,phases,start] GC(129) Compaction Phase
[97.787s][info][gc,phases      ] GC(129) Compaction Phase 1.889ms
[97.788s][info][gc,phases,start] GC(129) Post Compact
[97.788s][info][gc,phases      ] GC(129) Post Compact 0.397ms
[97.788s][info][gc,heap        ] GC(129) PSYoungGen: 64K(2446848K)->0K(2446848K) Eden: 0K(2097664K)->0K(2097664K) From: 64K(349184K)->0K(349184K)
[97.788s][info][gc,heap        ] GC(129) ParOldGen: 4047K(5592576K)->4047K(5592576K)
[97.788s][info][gc,metaspace   ] GC(129) Metaspace: 10317K(10688K)->10317K(10688K) NonClass: 8986K(9216K)->8986K(9216K) Class: 1331K(1472K)->1331K(1472K)
[97.788s][info][gc             ] GC(129) Pause Full (System.gc()) 4M->3M(7851M) 9.016ms
[97.788s][info][gc,cpu         ] GC(129) User=0.02s Sys=0.00s Real=0.02s
[99.285s][info][gc,start       ] GC(130) Pause Young (System.gc())
[99.285s][info][gc,heap        ] GC(130) PSYoungGen: 1649305K(2446848K)->64K(2446848K) Eden: 1649305K(2097664K)->0K(2097664K) From: 0K(349184K)->64K(349184K)
[99.285s][info][gc,heap        ] GC(130) ParOldGen: 4047K(5592576K)->4055K(5592576K)
[99.285s][info][gc,metaspace   ] GC(130) Metaspace: 10329K(10688K)->10329K(10688K) NonClass: 8998K(9216K)->8998K(9216K) Class: 1331K(1472K)->1331K(1472K)
[99.285s][info][gc             ] GC(130) Pause Young (System.gc()) 1614M->4M(7851M) 0.233ms
[99.285s][info][gc,cpu         ] GC(130) User=0.00s Sys=0.00s Real=0.00s
[99.285s][info][gc,start       ] GC(131) Pause Full (System.gc())
[99.285s][info][gc,phases,start] GC(131) Marking Phase
[99.289s][info][gc,phases      ] GC(131) Marking Phase 3.819ms
[99.289s][info][gc,phases,start] GC(131) Summary Phase
[99.289s][info][gc,phases      ] GC(131) Summary Phase 0.009ms
[99.289s][info][gc,phases,start] GC(131) Adjust Roots
[99.292s][info][gc,phases      ] GC(131) Adjust Roots 2.877ms
[99.292s][info][gc,phases,start] GC(131) Compaction Phase
[99.294s][info][gc,phases      ] GC(131) Compaction Phase 2.149ms
[99.294s][info][gc,phases,start] GC(131) Post Compact
[99.294s][info][gc,phases      ] GC(131) Post Compact 0.404ms
[99.294s][info][gc,heap        ] GC(131) PSYoungGen: 64K(2446848K)->0K(2446848K) Eden: 0K(2097664K)->0K(2097664K) From: 64K(349184K)->0K(349184K)
[99.294s][info][gc,heap        ] GC(131) ParOldGen: 4055K(5592576K)->4046K(5592576K)
[99.294s][info][gc,metaspace   ] GC(131) Metaspace: 10329K(10688K)->10329K(10688K) NonClass: 8998K(9216K)->8998K(9216K) Class: 1331K(1472K)->1331K(1472K)
[99.294s][info][gc             ] GC(131) Pause Full (System.gc()) 4M->3M(7851M) 9.467ms
[99.294s][info][gc,cpu         ] GC(131) User=0.00s Sys=0.00s Real=0.02s
[100.793s][info][gc,start       ] GC(132) Pause Young (System.gc())
[100.793s][info][gc,heap        ] GC(132) PSYoungGen: 1640150K(2446848K)->96K(2446848K) Eden: 1640150K(2097664K)->0K(2097664K) From: 0K(349184K)->96K(349184K)
[100.793s][info][gc,heap        ] GC(132) ParOldGen: 4046K(5592576K)->4046K(5592576K)
[100.793s][info][gc,metaspace   ] GC(132) Metaspace: 10330K(10688K)->10330K(10688K) NonClass: 8999K(9216K)->8999K(9216K) Class: 1331K(1472K)->1331K(1472K)
[100.793s][info][gc             ] GC(132) Pause Young (System.gc()) 1605M->4M(7851M) 0.319ms
[100.793s][info][gc,cpu         ] GC(132) User=0.00s Sys=0.00s Real=0.00s
[100.793s][info][gc,start       ] GC(133) Pause Full (System.gc())
[100.793s][info][gc,phases,start] GC(133) Marking Phase
[100.797s][info][gc,phases      ] GC(133) Marking Phase 3.850ms
[100.797s][info][gc,phases,start] GC(133) Summary Phase
[100.797s][info][gc,phases      ] GC(133) Summary Phase 0.009ms
[100.797s][info][gc,phases,start] GC(133) Adjust Roots
[100.799s][info][gc,phases      ] GC(133) Adjust Roots 1.755ms
[100.799s][info][gc,phases,start] GC(133) Compaction Phase
[100.801s][info][gc,phases      ] GC(133) Compaction Phase 2.113ms
[100.801s][info][gc,phases,start] GC(133) Post Compact
[100.802s][info][gc,phases      ] GC(133) Post Compact 0.397ms
[100.802s][info][gc,heap        ] GC(133) PSYoungGen: 96K(2446848K)->0K(2446848K) Eden: 0K(2097664K)->0K(2097664K) From: 96K(349184K)->0K(349184K)
[100.802s][info][gc,heap        ] GC(133) ParOldGen: 4046K(5592576K)->4047K(5592576K)
[100.802s][info][gc,metaspace   ] GC(133) Metaspace: 10330K(10688K)->10330K(10688K) NonClass: 8999K(9216K)->8999K(9216K) Class: 1331K(1472K)->1331K(1472K)
[100.802s][info][gc             ] GC(133) Pause Full (System.gc()) 4M->3M(7851M) 8.327ms
[100.802s][info][gc,cpu         ] GC(133) User=0.02s Sys=0.00s Real=0.00s
[102.299s][info][gc,start       ] GC(134) Pause Young (System.gc())
[102.299s][info][gc,heap        ] GC(134) PSYoungGen: 1646588K(2446848K)->96K(2446848K) Eden: 1646588K(2097664K)->0K(2097664K) From: 0K(349184K)->96K(349184K)
[102.299s][info][gc,heap        ] GC(134) ParOldGen: 4047K(5592576K)->4047K(5592576K)
[102.299s][info][gc,metaspace   ] GC(134) Metaspace: 10331K(10688K)->10331K(10688K) NonClass: 9000K(9216K)->9000K(9216K) Class: 1331K(1472K)->1331K(1472K)
[102.299s][info][gc             ] GC(134) Pause Young (System.gc()) 1611M->4M(7851M) 0.237ms
[102.299s][info][gc,cpu         ] GC(134) User=0.00s Sys=0.00s Real=0.00s
[102.299s][info][gc,start       ] GC(135) Pause Full (System.gc())
[102.299s][info][gc,phases,start] GC(135) Marking Phase
[102.303s][info][gc,phases      ] GC(135) Marking Phase 3.738ms
[102.303s][info][gc,phases,start] GC(135) Summary Phase
[102.303s][info][gc,phases      ] GC(135) Summary Phase 0.009ms
[102.303s][info][gc,phases,start] GC(135) Adjust Roots
[102.306s][info][gc,phases      ] GC(135) Adjust Roots 2.587ms
[102.306s][info][gc,phases,start] GC(135) Compaction Phase
[102.308s][info][gc,phases      ] GC(135) Compaction Phase 2.201ms
[102.308s][info][gc,phases,start] GC(135) Post Compact
[102.308s][info][gc,phases      ] GC(135) Post Compact 0.399ms
[102.308s][info][gc,heap        ] GC(135) PSYoungGen: 96K(2446848K)->0K(2446848K) Eden: 0K(2097664K)->0K(2097664K) From: 96K(349184K)->0K(349184K)
[102.308s][info][gc,heap        ] GC(135) ParOldGen: 4047K(5592576K)->4047K(5592576K)
[102.308s][info][gc,metaspace   ] GC(135) Metaspace: 10331K(10688K)->10331K(10688K) NonClass: 9000K(9216K)->9000K(9216K) Class: 1331K(1472K)->1331K(1472K)
[102.308s][info][gc             ] GC(135) Pause Full (System.gc()) 4M->3M(7851M) 9.134ms
[102.308s][info][gc,cpu         ] GC(135) User=0.00s Sys=0.00s Real=0.00s
[103.817s][info][gc,start       ] GC(136) Pause Young (System.gc())
[103.817s][info][gc,heap        ] GC(136) PSYoungGen: 1641033K(2446848K)->96K(2446848K) Eden: 1641033K(2097664K)->0K(2097664K) From: 0K(349184K)->96K(349184K)
[103.817s][info][gc,heap        ] GC(136) ParOldGen: 4047K(5592576K)->4047K(5592576K)
[103.817s][info][gc,metaspace   ] GC(136) Metaspace: 10331K(10688K)->10331K(10688K) NonClass: 9000K(9216K)->9000K(9216K) Class: 1331K(1472K)->1331K(1472K)
[103.817s][info][gc             ] GC(136) Pause Young (System.gc()) 1606M->4M(7851M) 0.236ms
[103.817s][info][gc,cpu         ] GC(136) User=0.00s Sys=0.00s Real=0.00s
[103.817s][info][gc,start       ] GC(137) Pause Full (System.gc())
[103.817s][info][gc,phases,start] GC(137) Marking Phase
[103.821s][info][gc,phases      ] GC(137) Marking Phase 3.724ms
[103.821s][info][gc,phases,start] GC(137) Summary Phase
[103.821s][info][gc,phases      ] GC(137) Summary Phase 0.009ms
[103.821s][info][gc,phases,start] GC(137) Adjust Roots
[103.823s][info][gc,phases      ] GC(137) Adjust Roots 2.249ms
[103.823s][info][gc,phases,start] GC(137) Compaction Phase
[103.825s][info][gc,phases      ] GC(137) Compaction Phase 1.923ms
[103.825s][info][gc,phases,start] GC(137) Post Compact
[103.826s][info][gc,phases      ] GC(137) Post Compact 0.395ms
[103.826s][info][gc,heap        ] GC(137) PSYoungGen: 96K(2446848K)->0K(2446848K) Eden: 0K(2097664K)->0K(2097664K) From: 96K(349184K)->0K(349184K)
[103.826s][info][gc,heap        ] GC(137) ParOldGen: 4047K(5592576K)->4047K(5592576K)
[103.826s][info][gc,metaspace   ] GC(137) Metaspace: 10331K(10688K)->10331K(10688K) NonClass: 9000K(9216K)->9000K(9216K) Class: 1331K(1472K)->1331K(1472K)
[103.826s][info][gc             ] GC(137) Pause Full (System.gc()) 4M->3M(7851M) 8.482ms
[103.826s][info][gc,cpu         ] GC(137) User=0.00s Sys=0.00s Real=0.02s
[105.322s][info][gc,start       ] GC(138) Pause Young (System.gc())
[105.322s][info][gc,heap        ] GC(138) PSYoungGen: 1642042K(2446848K)->32K(2446848K) Eden: 1642042K(2097664K)->0K(2097664K) From: 0K(349184K)->32K(349184K)
[105.322s][info][gc,heap        ] GC(138) ParOldGen: 4047K(5592576K)->4047K(5592576K)
[105.322s][info][gc,metaspace   ] GC(138) Metaspace: 10331K(10688K)->10331K(10688K) NonClass: 9000K(9216K)->9000K(9216K) Class: 1331K(1472K)->1331K(1472K)
[105.322s][info][gc             ] GC(138) Pause Young (System.gc()) 1607M->3M(7851M) 0.273ms
[105.322s][info][gc,cpu         ] GC(138) User=0.00s Sys=0.00s Real=0.00s
[105.322s][info][gc,start       ] GC(139) Pause Full (System.gc())
[105.322s][info][gc,phases,start] GC(139) Marking Phase
[105.326s][info][gc,phases      ] GC(139) Marking Phase 3.913ms
[105.326s][info][gc,phases,start] GC(139) Summary Phase
[105.326s][info][gc,phases      ] GC(139) Summary Phase 0.009ms
[105.326s][info][gc,phases,start] GC(139) Adjust Roots
[105.328s][info][gc,phases      ] GC(139) Adjust Roots 1.744ms
[105.328s][info][gc,phases,start] GC(139) Compaction Phase
[105.330s][info][gc,phases      ] GC(139) Compaction Phase 2.654ms
[105.330s][info][gc,phases,start] GC(139) Post Compact
[105.331s][info][gc,phases      ] GC(139) Post Compact 0.482ms
[105.331s][info][gc,heap        ] GC(139) PSYoungGen: 32K(2446848K)->0K(2446848K) Eden: 0K(2097664K)->0K(2097664K) From: 32K(349184K)->0K(349184K)
[105.331s][info][gc,heap        ] GC(139) ParOldGen: 4047K(5592576K)->4046K(5592576K)
[105.331s][info][gc,metaspace   ] GC(139) Metaspace: 10331K(10688K)->10331K(10688K) NonClass: 9000K(9216K)->9000K(9216K) Class: 1331K(1472K)->1331K(1472K)
[105.331s][info][gc             ] GC(139) Pause Full (System.gc()) 3M->3M(7851M) 8.999ms
[105.331s][info][gc,cpu         ] GC(139) User=0.02s Sys=0.00s Real=0.02s
[106.833s][info][gc,start       ] GC(140) Pause Young (System.gc())
[106.834s][info][gc,heap        ] GC(140) PSYoungGen: 1646760K(2446848K)->32K(2446848K) Eden: 1646760K(2097664K)->0K(2097664K) From: 0K(349184K)->32K(349184K)
[106.834s][info][gc,heap        ] GC(140) ParOldGen: 4046K(5592576K)->4046K(5592576K)
[106.834s][info][gc,metaspace   ] GC(140) Metaspace: 10331K(10688K)->10331K(10688K) NonClass: 9000K(9216K)->9000K(9216K) Class: 1331K(1472K)->1331K(1472K)
[106.834s][info][gc             ] GC(140) Pause Young (System.gc()) 1612M->3M(7851M) 0.247ms
[106.834s][info][gc,cpu         ] GC(140) User=0.00s Sys=0.00s Real=0.00s
[106.834s][info][gc,start       ] GC(141) Pause Full (System.gc())
[106.834s][info][gc,phases,start] GC(141) Marking Phase
[106.838s][info][gc,phases      ] GC(141) Marking Phase 3.977ms
[106.838s][info][gc,phases,start] GC(141) Summary Phase
[106.838s][info][gc,phases      ] GC(141) Summary Phase 0.009ms
[106.838s][info][gc,phases,start] GC(141) Adjust Roots
[106.840s][info][gc,phases      ] GC(141) Adjust Roots 1.807ms
[106.840s][info][gc,phases,start] GC(141) Compaction Phase
[106.842s][info][gc,phases      ] GC(141) Compaction Phase 2.099ms
[106.842s][info][gc,phases,start] GC(141) Post Compact
[106.842s][info][gc,phases      ] GC(141) Post Compact 0.395ms
[106.842s][info][gc,heap        ] GC(141) PSYoungGen: 32K(2446848K)->0K(2446848K) Eden: 0K(2097664K)->0K(2097664K) From: 32K(349184K)->0K(349184K)
[106.842s][info][gc,heap        ] GC(141) ParOldGen: 4046K(5592576K)->4046K(5592576K)
[106.842s][info][gc,metaspace   ] GC(141) Metaspace: 10331K(10688K)->10331K(10688K) NonClass: 9000K(9216K)->9000K(9216K) Class: 1331K(1472K)->1331K(1472K)
[106.842s][info][gc             ] GC(141) Pause Full (System.gc()) 3M->3M(7851M) 8.529ms
[106.842s][info][gc,cpu         ] GC(141) User=0.00s Sys=0.00s Real=0.01s
[108.344s][info][gc,start       ] GC(142) Pause Young (System.gc())
[108.344s][info][gc,heap        ] GC(142) PSYoungGen: 1641154K(2446848K)->32K(2446848K) Eden: 1641154K(2097664K)->0K(2097664K) From: 0K(349184K)->32K(349184K)
[108.344s][info][gc,heap        ] GC(142) ParOldGen: 4046K(5592576K)->4046K(5592576K)
[108.344s][info][gc,metaspace   ] GC(142) Metaspace: 10331K(10688K)->10331K(10688K) NonClass: 9000K(9216K)->9000K(9216K) Class: 1331K(1472K)->1331K(1472K)
[108.344s][info][gc             ] GC(142) Pause Young (System.gc()) 1606M->3M(7851M) 0.242ms
[108.344s][info][gc,cpu         ] GC(142) User=0.00s Sys=0.02s Real=0.00s
[108.344s][info][gc,start       ] GC(143) Pause Full (System.gc())
[108.344s][info][gc,phases,start] GC(143) Marking Phase
[108.348s][info][gc,phases      ] GC(143) Marking Phase 3.981ms
[108.348s][info][gc,phases,start] GC(143) Summary Phase
[108.348s][info][gc,phases      ] GC(143) Summary Phase 0.009ms
[108.348s][info][gc,phases,start] GC(143) Adjust Roots
[108.350s][info][gc,phases      ] GC(143) Adjust Roots 2.163ms
[108.350s][info][gc,phases,start] GC(143) Compaction Phase
[108.352s][info][gc,phases      ] GC(143) Compaction Phase 1.966ms
[108.352s][info][gc,phases,start] GC(143) Post Compact
[108.352s][info][gc,phases      ] GC(143) Post Compact 0.403ms
[108.352s][info][gc,heap        ] GC(143) PSYoungGen: 32K(2446848K)->0K(2446848K) Eden: 0K(2097664K)->0K(2097664K) From: 32K(349184K)->0K(349184K)
[108.352s][info][gc,heap        ] GC(143) ParOldGen: 4046K(5592576K)->4046K(5592576K)
[108.352s][info][gc,metaspace   ] GC(143) Metaspace: 10331K(10688K)->10331K(10688K) NonClass: 9000K(9216K)->9000K(9216K) Class: 1331K(1472K)->1331K(1472K)
[108.352s][info][gc             ] GC(143) Pause Full (System.gc()) 3M->3M(7851M) 8.710ms
[108.353s][info][gc,cpu         ] GC(143) User=0.00s Sys=0.00s Real=0.02s
[109.852s][info][gc,start       ] GC(144) Pause Young (System.gc())
[109.852s][info][gc,heap        ] GC(144) PSYoungGen: 1641579K(2446848K)->32K(2446848K) Eden: 1641579K(2097664K)->0K(2097664K) From: 0K(349184K)->32K(349184K)
[109.852s][info][gc,heap        ] GC(144) ParOldGen: 4046K(5592576K)->4046K(5592576K)
[109.852s][info][gc,metaspace   ] GC(144) Metaspace: 10331K(10688K)->10331K(10688K) NonClass: 9000K(9216K)->9000K(9216K) Class: 1331K(1472K)->1331K(1472K)
[109.852s][info][gc             ] GC(144) Pause Young (System.gc()) 1607M->3M(7851M) 0.234ms
[109.852s][info][gc,cpu         ] GC(144) User=0.00s Sys=0.00s Real=0.00s
[109.852s][info][gc,start       ] GC(145) Pause Full (System.gc())
[109.852s][info][gc,phases,start] GC(145) Marking Phase
[109.856s][info][gc,phases      ] GC(145) Marking Phase 3.636ms
[109.856s][info][gc,phases,start] GC(145) Summary Phase
[109.856s][info][gc,phases      ] GC(145) Summary Phase 0.009ms
[109.856s][info][gc,phases,start] GC(145) Adjust Roots
[109.858s][info][gc,phases      ] GC(145) Adjust Roots 2.261ms
[109.858s][info][gc,phases,start] GC(145) Compaction Phase
[109.860s][info][gc,phases      ] GC(145) Compaction Phase 1.982ms
[109.860s][info][gc,phases,start] GC(145) Post Compact
[109.861s][info][gc,phases      ] GC(145) Post Compact 0.396ms
[109.861s][info][gc,heap        ] GC(145) PSYoungGen: 32K(2446848K)->0K(2446848K) Eden: 0K(2097664K)->0K(2097664K) From: 32K(349184K)->0K(349184K)
[109.861s][info][gc,heap        ] GC(145) ParOldGen: 4046K(5592576K)->4046K(5592576K)
[109.861s][info][gc,metaspace   ] GC(145) Metaspace: 10331K(10688K)->10331K(10688K) NonClass: 9000K(9216K)->9000K(9216K) Class: 1331K(1472K)->1331K(1472K)
[109.861s][info][gc             ] GC(145) Pause Full (System.gc()) 3M->3M(7851M) 8.462ms
[109.861s][info][gc,cpu         ] GC(145) User=0.06s Sys=0.02s Real=0.00s
[111.348s][info][gc,start       ] GC(146) Pause Young (System.gc())
[111.348s][info][gc,heap        ] GC(146) PSYoungGen: 1636968K(2446848K)->64K(2446848K) Eden: 1636968K(2097664K)->0K(2097664K) From: 0K(349184K)->64K(349184K)
[111.348s][info][gc,heap        ] GC(146) ParOldGen: 4046K(5592576K)->4046K(5592576K)
[111.348s][info][gc,metaspace   ] GC(146) Metaspace: 10331K(10688K)->10331K(10688K) NonClass: 9000K(9216K)->9000K(9216K) Class: 1331K(1472K)->1331K(1472K)
[111.348s][info][gc             ] GC(146) Pause Young (System.gc()) 1602M->4M(7851M) 0.236ms
[111.348s][info][gc,cpu         ] GC(146) User=0.00s Sys=0.00s Real=0.00s
[111.348s][info][gc,start       ] GC(147) Pause Full (System.gc())
[111.348s][info][gc,phases,start] GC(147) Marking Phase
[111.352s][info][gc,phases      ] GC(147) Marking Phase 3.754ms
[111.352s][info][gc,phases,start] GC(147) Summary Phase
[111.352s][info][gc,phases      ] GC(147) Summary Phase 0.009ms
[111.352s][info][gc,phases,start] GC(147) Adjust Roots
[111.354s][info][gc,phases      ] GC(147) Adjust Roots 2.227ms
[111.354s][info][gc,phases,start] GC(147) Compaction Phase
[111.356s][info][gc,phases      ] GC(147) Compaction Phase 2.201ms
[111.357s][info][gc,phases,start] GC(147) Post Compact
[111.357s][info][gc,phases      ] GC(147) Post Compact 0.681ms
[111.357s][info][gc,heap        ] GC(147) PSYoungGen: 64K(2446848K)->0K(2446848K) Eden: 0K(2097664K)->0K(2097664K) From: 64K(349184K)->0K(349184K)
[111.357s][info][gc,heap        ] GC(147) ParOldGen: 4046K(5592576K)->4047K(5592576K)
[111.357s][info][gc,metaspace   ] GC(147) Metaspace: 10331K(10688K)->10331K(10688K) NonClass: 9000K(9216K)->9000K(9216K) Class: 1331K(1472K)->1331K(1472K)
[111.357s][info][gc             ] GC(147) Pause Full (System.gc()) 4M->3M(7851M) 9.101ms
[111.357s][info][gc,cpu         ] GC(147) User=0.00s Sys=0.00s Real=0.02s
[112.849s][info][gc,start       ] GC(148) Pause Young (System.gc())
[112.850s][info][gc,heap        ] GC(148) PSYoungGen: 1642094K(2446848K)->64K(2446848K) Eden: 1642094K(2097664K)->0K(2097664K) From: 0K(349184K)->64K(349184K)
[112.850s][info][gc,heap        ] GC(148) ParOldGen: 4047K(5592576K)->4047K(5592576K)
[112.850s][info][gc,metaspace   ] GC(148) Metaspace: 10331K(10688K)->10331K(10688K) NonClass: 9000K(9216K)->9000K(9216K) Class: 1331K(1472K)->1331K(1472K)
[112.850s][info][gc             ] GC(148) Pause Young (System.gc()) 1607M->4M(7851M) 0.228ms
[112.850s][info][gc,cpu         ] GC(148) User=0.00s Sys=0.00s Real=0.00s
[112.850s][info][gc,start       ] GC(149) Pause Full (System.gc())
[112.850s][info][gc,phases,start] GC(149) Marking Phase
[112.853s][info][gc,phases      ] GC(149) Marking Phase 3.864ms
[112.854s][info][gc,phases,start] GC(149) Summary Phase
[112.854s][info][gc,phases      ] GC(149) Summary Phase 0.009ms
[112.854s][info][gc,phases,start] GC(149) Adjust Roots
[112.855s][info][gc,phases      ] GC(149) Adjust Roots 1.744ms
[112.855s][info][gc,phases,start] GC(149) Compaction Phase
[112.857s][info][gc,phases      ] GC(149) Compaction Phase 2.121ms
[112.857s][info][gc,phases,start] GC(149) Post Compact
[112.858s][info][gc,phases      ] GC(149) Post Compact 0.396ms
[112.858s][info][gc,heap        ] GC(149) PSYoungGen: 64K(2446848K)->0K(2446848K) Eden: 0K(2097664K)->0K(2097664K) From: 64K(349184K)->0K(349184K)
[112.858s][info][gc,heap        ] GC(149) ParOldGen: 4047K(5592576K)->4047K(5592576K)
[112.858s][info][gc,metaspace   ] GC(149) Metaspace: 10331K(10688K)->10331K(10688K) NonClass: 9000K(9216K)->9000K(9216K) Class: 1331K(1472K)->1331K(1472K)
[112.858s][info][gc             ] GC(149) Pause Full (System.gc()) 4M->3M(7851M) 8.352ms
[112.858s][info][gc,cpu         ] GC(149) User=0.00s Sys=0.00s Real=0.02s
[114.365s][info][gc,start       ] GC(150) Pause Young (System.gc())
[114.365s][info][gc,heap        ] GC(150) PSYoungGen: 1653401K(2446848K)->64K(2446848K) Eden: 1653401K(2097664K)->0K(2097664K) From: 0K(349184K)->64K(349184K)
[114.365s][info][gc,heap        ] GC(150) ParOldGen: 4047K(5592576K)->4047K(5592576K)
[114.365s][info][gc,metaspace   ] GC(150) Metaspace: 10331K(10688K)->10331K(10688K) NonClass: 9000K(9216K)->9000K(9216K) Class: 1331K(1472K)->1331K(1472K)
[114.366s][info][gc             ] GC(150) Pause Young (System.gc()) 1618M->4M(7851M) 0.253ms
[114.366s][info][gc,cpu         ] GC(150) User=0.00s Sys=0.00s Real=0.00s
[114.366s][info][gc,start       ] GC(151) Pause Full (System.gc())
[114.366s][info][gc,phases,start] GC(151) Marking Phase
[114.369s][info][gc,phases      ] GC(151) Marking Phase 3.889ms
[114.369s][info][gc,phases,start] GC(151) Summary Phase
[114.369s][info][gc,phases      ] GC(151) Summary Phase 0.009ms
[114.370s][info][gc,phases,start] GC(151) Adjust Roots
[114.372s][info][gc,phases      ] GC(151) Adjust Roots 2.245ms
[114.372s][info][gc,phases,start] GC(151) Compaction Phase
[114.374s][info][gc,phases      ] GC(151) Compaction Phase 2.249ms
[114.374s][info][gc,phases,start] GC(151) Post Compact
[114.375s][info][gc,phases      ] GC(151) Post Compact 0.418ms
[114.375s][info][gc,heap        ] GC(151) PSYoungGen: 64K(2446848K)->0K(2446848K) Eden: 0K(2097664K)->0K(2097664K) From: 64K(349184K)->0K(349184K)
[114.375s][info][gc,heap        ] GC(151) ParOldGen: 4047K(5592576K)->4047K(5592576K)
[114.375s][info][gc,metaspace   ] GC(151) Metaspace: 10331K(10688K)->10331K(10688K) NonClass: 9000K(9216K)->9000K(9216K) Class: 1331K(1472K)->1331K(1472K)
[114.375s][info][gc             ] GC(151) Pause Full (System.gc()) 4M->3M(7851M) 9.043ms
[114.375s][info][gc,cpu         ] GC(151) User=0.00s Sys=0.00s Real=0.01s
[115.874s][info][gc,start       ] GC(152) Pause Young (System.gc())
[115.875s][info][gc,heap        ] GC(152) PSYoungGen: 1653150K(2446848K)->32K(2446848K) Eden: 1653150K(2097664K)->0K(2097664K) From: 0K(349184K)->32K(349184K)
[115.875s][info][gc,heap        ] GC(152) ParOldGen: 4047K(5592576K)->4047K(5592576K)
[115.875s][info][gc,metaspace   ] GC(152) Metaspace: 10334K(10688K)->10334K(10688K) NonClass: 9003K(9216K)->9003K(9216K) Class: 1331K(1472K)->1331K(1472K)
[115.875s][info][gc             ] GC(152) Pause Young (System.gc()) 1618M->3M(7851M) 0.227ms
[115.875s][info][gc,cpu         ] GC(152) User=0.00s Sys=0.00s Real=0.00s
[115.875s][info][gc,start       ] GC(153) Pause Full (System.gc())
[115.875s][info][gc,phases,start] GC(153) Marking Phase
[115.878s][info][gc,phases      ] GC(153) Marking Phase 3.701ms
[115.878s][info][gc,phases,start] GC(153) Summary Phase
[115.878s][info][gc,phases      ] GC(153) Summary Phase 0.010ms
[115.878s][info][gc,phases,start] GC(153) Adjust Roots
[115.881s][info][gc,phases      ] GC(153) Adjust Roots 2.235ms
[115.881s][info][gc,phases,start] GC(153) Compaction Phase
[115.883s][info][gc,phases      ] GC(153) Compaction Phase 1.905ms
[115.883s][info][gc,phases,start] GC(153) Post Compact
[115.883s][info][gc,phases      ] GC(153) Post Compact 0.396ms
[115.883s][info][gc,heap        ] GC(153) PSYoungGen: 32K(2446848K)->0K(2446848K) Eden: 0K(2097664K)->0K(2097664K) From: 32K(349184K)->0K(349184K)
[115.883s][info][gc,heap        ] GC(153) ParOldGen: 4047K(5592576K)->4046K(5592576K)
[115.883s][info][gc,metaspace   ] GC(153) Metaspace: 10334K(10688K)->10334K(10688K) NonClass: 9003K(9216K)->9003K(9216K) Class: 1331K(1472K)->1331K(1472K)
[115.883s][info][gc             ] GC(153) Pause Full (System.gc()) 3M->3M(7851M) 8.434ms
[115.883s][info][gc,cpu         ] GC(153) User=0.02s Sys=0.00s Real=0.00s
[117.382s][info][gc,start       ] GC(154) Pause Young (System.gc())
[117.383s][info][gc,heap        ] GC(154) PSYoungGen: 1641551K(2446848K)->64K(2446848K) Eden: 1641551K(2097664K)->0K(2097664K) From: 0K(349184K)->64K(349184K)
[117.383s][info][gc,heap        ] GC(154) ParOldGen: 4046K(5592576K)->4046K(5592576K)
[117.383s][info][gc,metaspace   ] GC(154) Metaspace: 10334K(10688K)->10334K(10688K) NonClass: 9003K(9216K)->9003K(9216K) Class: 1331K(1472K)->1331K(1472K)
[117.383s][info][gc             ] GC(154) Pause Young (System.gc()) 1607M->4M(7851M) 0.236ms
[117.383s][info][gc,cpu         ] GC(154) User=0.00s Sys=0.00s Real=0.00s
[117.383s][info][gc,start       ] GC(155) Pause Full (System.gc())
[117.383s][info][gc,phases,start] GC(155) Marking Phase
[117.387s][info][gc,phases      ] GC(155) Marking Phase 4.002ms
[117.387s][info][gc,phases,start] GC(155) Summary Phase
[117.387s][info][gc,phases      ] GC(155) Summary Phase 0.009ms
[117.387s][info][gc,phases,start] GC(155) Adjust Roots
[117.389s][info][gc,phases      ] GC(155) Adjust Roots 1.758ms
[117.389s][info][gc,phases,start] GC(155) Compaction Phase
[117.391s][info][gc,phases      ] GC(155) Compaction Phase 2.382ms
[117.391s][info][gc,phases,start] GC(155) Post Compact
[117.391s][info][gc,phases      ] GC(155) Post Compact 0.395ms
[117.391s][info][gc,heap        ] GC(155) PSYoungGen: 64K(2446848K)->0K(2446848K) Eden: 0K(2097664K)->0K(2097664K) From: 64K(349184K)->0K(349184K)
[117.391s][info][gc,heap        ] GC(155) ParOldGen: 4046K(5592576K)->4047K(5592576K)
[117.391s][info][gc,metaspace   ] GC(155) Metaspace: 10334K(10688K)->10334K(10688K) NonClass: 9003K(9216K)->9003K(9216K) Class: 1331K(1472K)->1331K(1472K)
[117.391s][info][gc             ] GC(155) Pause Full (System.gc()) 4M->3M(7851M) 8.715ms
[117.391s][info][gc,cpu         ] GC(155) User=0.03s Sys=0.00s Real=0.01s
[118.887s][info][gc,start       ] GC(156) Pause Young (System.gc())
[118.887s][info][gc,heap        ] GC(156) PSYoungGen: 1637048K(2446848K)->64K(2446848K) Eden: 1637048K(2097664K)->0K(2097664K) From: 0K(349184K)->64K(349184K)
[118.887s][info][gc,heap        ] GC(156) ParOldGen: 4047K(5592576K)->4047K(5592576K)
[118.887s][info][gc,metaspace   ] GC(156) Metaspace: 10334K(10688K)->10334K(10688K) NonClass: 9003K(9216K)->9003K(9216K) Class: 1331K(1472K)->1331K(1472K)
[118.887s][info][gc             ] GC(156) Pause Young (System.gc()) 1602M->4M(7851M) 0.242ms
[118.887s][info][gc,cpu         ] GC(156) User=0.00s Sys=0.00s Real=0.00s
[118.887s][info][gc,start       ] GC(157) Pause Full (System.gc())
[118.887s][info][gc,phases,start] GC(157) Marking Phase
[118.891s][info][gc,phases      ] GC(157) Marking Phase 3.713ms
[118.891s][info][gc,phases,start] GC(157) Summary Phase
[118.891s][info][gc,phases      ] GC(157) Summary Phase 0.009ms
[118.891s][info][gc,phases,start] GC(157) Adjust Roots
[118.893s][info][gc,phases      ] GC(157) Adjust Roots 2.254ms
[118.893s][info][gc,phases,start] GC(157) Compaction Phase
[118.896s][info][gc,phases      ] GC(157) Compaction Phase 2.545ms
[118.896s][info][gc,phases,start] GC(157) Post Compact
[118.896s][info][gc,phases      ] GC(157) Post Compact 0.398ms
[118.896s][info][gc,heap        ] GC(157) PSYoungGen: 64K(2446848K)->0K(2446848K) Eden: 0K(2097664K)->0K(2097664K) From: 64K(349184K)->0K(349184K)
[118.896s][info][gc,heap        ] GC(157) ParOldGen: 4047K(5592576K)->4047K(5592576K)
[118.896s][info][gc,metaspace   ] GC(157) Metaspace: 10334K(10688K)->10334K(10688K) NonClass: 9003K(9216K)->9003K(9216K) Class: 1331K(1472K)->1331K(1472K)
[118.896s][info][gc             ] GC(157) Pause Full (System.gc()) 4M->3M(7851M) 9.127ms
[118.896s][info][gc,cpu         ] GC(157) User=0.02s Sys=0.00s Real=0.02s
[120.398s][info][gc,start       ] GC(158) Pause Young (System.gc())
[120.398s][info][gc,heap        ] GC(158) PSYoungGen: 1635915K(2446848K)->64K(2446848K) Eden: 1635915K(2097664K)->0K(2097664K) From: 0K(349184K)->64K(349184K)
[120.398s][info][gc,heap        ] GC(158) ParOldGen: 4047K(5592576K)->4047K(5592576K)
[120.398s][info][gc,metaspace   ] GC(158) Metaspace: 10334K(10688K)->10334K(10688K) NonClass: 9003K(9216K)->9003K(9216K) Class: 1331K(1472K)->1331K(1472K)
[120.398s][info][gc             ] GC(158) Pause Young (System.gc()) 1601M->4M(7851M) 0.258ms
[120.398s][info][gc,cpu         ] GC(158) User=0.00s Sys=0.00s Real=0.02s
[120.398s][info][gc,start       ] GC(159) Pause Full (System.gc())
[120.398s][info][gc,phases,start] GC(159) Marking Phase
[120.402s][info][gc,phases      ] GC(159) Marking Phase 3.971ms
[120.402s][info][gc,phases,start] GC(159) Summary Phase
[120.402s][info][gc,phases      ] GC(159) Summary Phase 0.022ms
[120.402s][info][gc,phases,start] GC(159) Adjust Roots
[120.404s][info][gc,phases      ] GC(159) Adjust Roots 2.141ms
[120.404s][info][gc,phases,start] GC(159) Compaction Phase
[120.407s][info][gc,phases      ] GC(159) Compaction Phase 2.552ms
[120.407s][info][gc,phases,start] GC(159) Post Compact
[120.407s][info][gc,phases      ] GC(159) Post Compact 0.426ms
[120.407s][info][gc,heap        ] GC(159) PSYoungGen: 64K(2446848K)->0K(2446848K) Eden: 0K(2097664K)->0K(2097664K) From: 64K(349184K)->0K(349184K)
[120.407s][info][gc,heap        ] GC(159) ParOldGen: 4047K(5592576K)->4047K(5592576K)
[120.407s][info][gc,metaspace   ] GC(159) Metaspace: 10334K(10688K)->10334K(10688K) NonClass: 9003K(9216K)->9003K(9216K) Class: 1331K(1472K)->1331K(1472K)
[120.407s][info][gc             ] GC(159) Pause Full (System.gc()) 4M->3M(7851M) 9.364ms
[120.407s][info][gc,cpu         ] GC(159) User=0.03s Sys=0.00s Real=0.01s
[121.905s][info][gc,start       ] GC(160) Pause Young (System.gc())
[121.905s][info][gc,heap        ] GC(160) PSYoungGen: 1647375K(2446848K)->96K(2446848K) Eden: 1647375K(2097664K)->0K(2097664K) From: 0K(349184K)->96K(349184K)
[121.905s][info][gc,heap        ] GC(160) ParOldGen: 4047K(5592576K)->4047K(5592576K)
[121.905s][info][gc,metaspace   ] GC(160) Metaspace: 10334K(10688K)->10334K(10688K) NonClass: 9003K(9216K)->9003K(9216K) Class: 1331K(1472K)->1331K(1472K)
[121.905s][info][gc             ] GC(160) Pause Young (System.gc()) 1612M->4M(7851M) 0.260ms
[121.905s][info][gc,cpu         ] GC(160) User=0.00s Sys=0.00s Real=0.00s
[121.905s][info][gc,start       ] GC(161) Pause Full (System.gc())
[121.905s][info][gc,phases,start] GC(161) Marking Phase
[121.909s][info][gc,phases      ] GC(161) Marking Phase 3.694ms
[121.909s][info][gc,phases,start] GC(161) Summary Phase
[121.909s][info][gc,phases      ] GC(161) Summary Phase 0.009ms
[121.909s][info][gc,phases,start] GC(161) Adjust Roots
[121.911s][info][gc,phases      ] GC(161) Adjust Roots 2.235ms
[121.911s][info][gc,phases,start] GC(161) Compaction Phase
[121.914s][info][gc,phases      ] GC(161) Compaction Phase 2.350ms
[121.914s][info][gc,phases,start] GC(161) Post Compact
[121.914s][info][gc,phases      ] GC(161) Post Compact 0.431ms
[121.914s][info][gc,heap        ] GC(161) PSYoungGen: 96K(2446848K)->0K(2446848K) Eden: 0K(2097664K)->0K(2097664K) From: 96K(349184K)->0K(349184K)
[121.914s][info][gc,heap        ] GC(161) ParOldGen: 4047K(5592576K)->4047K(5592576K)
[121.914s][info][gc,metaspace   ] GC(161) Metaspace: 10334K(10688K)->10334K(10688K) NonClass: 9003K(9216K)->9003K(9216K) Class: 1331K(1472K)->1331K(1472K)
[121.914s][info][gc             ] GC(161) Pause Full (System.gc()) 4M->3M(7851M) 8.937ms
[121.914s][info][gc,cpu         ] GC(161) User=0.09s Sys=0.00s Real=0.02s
[123.412s][info][gc,start       ] GC(162) Pause Young (System.gc())
[123.412s][info][gc,heap        ] GC(162) PSYoungGen: 1641352K(2446848K)->32K(2446848K) Eden: 1641352K(2097664K)->0K(2097664K) From: 0K(349184K)->32K(349184K)
[123.412s][info][gc,heap        ] GC(162) ParOldGen: 4047K(5592576K)->4047K(5592576K)
[123.412s][info][gc,metaspace   ] GC(162) Metaspace: 10334K(10688K)->10334K(10688K) NonClass: 9003K(9216K)->9003K(9216K) Class: 1331K(1472K)->1331K(1472K)
[123.412s][info][gc             ] GC(162) Pause Young (System.gc()) 1606M->3M(7851M) 0.245ms
[123.412s][info][gc,cpu         ] GC(162) User=0.00s Sys=0.00s Real=0.00s
[123.412s][info][gc,start       ] GC(163) Pause Full (System.gc())
[123.412s][info][gc,phases,start] GC(163) Marking Phase
[123.416s][info][gc,phases      ] GC(163) Marking Phase 3.816ms
[123.416s][info][gc,phases,start] GC(163) Summary Phase
[123.416s][info][gc,phases      ] GC(163) Summary Phase 0.009ms
[123.416s][info][gc,phases,start] GC(163) Adjust Roots
[123.418s][info][gc,phases      ] GC(163) Adjust Roots 1.821ms
[123.418s][info][gc,phases,start] GC(163) Compaction Phase
[123.421s][info][gc,phases      ] GC(163) Compaction Phase 2.530ms
[123.421s][info][gc,phases,start] GC(163) Post Compact
[123.421s][info][gc,phases      ] GC(163) Post Compact 0.435ms
[123.421s][info][gc,heap        ] GC(163) PSYoungGen: 32K(2446848K)->0K(2446848K) Eden: 0K(2097664K)->0K(2097664K) From: 32K(349184K)->0K(349184K)
[123.421s][info][gc,heap        ] GC(163) ParOldGen: 4047K(5592576K)->4046K(5592576K)
[123.421s][info][gc,metaspace   ] GC(163) Metaspace: 10334K(10688K)->10334K(10688K) NonClass: 9003K(9216K)->9003K(9216K) Class: 1331K(1472K)->1331K(1472K)
[123.421s][info][gc             ] GC(163) Pause Full (System.gc()) 3M->3M(7851M) 8.875ms
[123.421s][info][gc,cpu         ] GC(163) User=0.00s Sys=0.00s Real=0.02s
[124.914s][info][gc,start       ] GC(164) Pause Young (System.gc())
[124.914s][info][gc,heap        ] GC(164) PSYoungGen: 1635177K(2446848K)->32K(2446848K) Eden: 1635177K(2097664K)->0K(2097664K) From: 0K(349184K)->32K(349184K)
[124.914s][info][gc,heap        ] GC(164) ParOldGen: 4046K(5592576K)->4046K(5592576K)
[124.914s][info][gc,metaspace   ] GC(164) Metaspace: 10334K(10688K)->10334K(10688K) NonClass: 9003K(9216K)->9003K(9216K) Class: 1331K(1472K)->1331K(1472K)
[124.914s][info][gc             ] GC(164) Pause Young (System.gc()) 1600M->3M(7851M) 0.271ms
[124.914s][info][gc,cpu         ] GC(164) User=0.00s Sys=0.00s Real=0.00s
[124.914s][info][gc,start       ] GC(165) Pause Full (System.gc())
[124.914s][info][gc,phases,start] GC(165) Marking Phase
[124.918s][info][gc,phases      ] GC(165) Marking Phase 4.207ms
[124.918s][info][gc,phases,start] GC(165) Summary Phase
[124.918s][info][gc,phases      ] GC(165) Summary Phase 0.009ms
[124.918s][info][gc,phases,start] GC(165) Adjust Roots
[124.921s][info][gc,phases      ] GC(165) Adjust Roots 2.820ms
[124.921s][info][gc,phases,start] GC(165) Compaction Phase
[124.924s][info][gc,phases      ] GC(165) Compaction Phase 2.280ms
[124.924s][info][gc,phases,start] GC(165) Post Compact
[124.924s][info][gc,phases      ] GC(165) Post Compact 0.396ms
[124.924s][info][gc,heap        ] GC(165) PSYoungGen: 32K(2446848K)->0K(2446848K) Eden: 0K(2097664K)->0K(2097664K) From: 32K(349184K)->0K(349184K)
[124.924s][info][gc,heap        ] GC(165) ParOldGen: 4046K(5592576K)->4046K(5592576K)
[124.924s][info][gc,metaspace   ] GC(165) Metaspace: 10334K(10688K)->10334K(10688K) NonClass: 9003K(9216K)->9003K(9216K) Class: 1331K(1472K)->1331K(1472K)
[124.924s][info][gc             ] GC(165) Pause Full (System.gc()) 3M->3M(7851M) 9.872ms
[124.924s][info][gc,cpu         ] GC(165) User=0.02s Sys=0.00s Real=0.01s
[126.421s][info][gc,start       ] GC(166) Pause Young (System.gc())
[126.422s][info][gc,heap        ] GC(166) PSYoungGen: 1641541K(2446848K)->32K(2446848K) Eden: 1641541K(2097664K)->0K(2097664K) From: 0K(349184K)->32K(349184K)
[126.422s][info][gc,heap        ] GC(166) ParOldGen: 4046K(5592576K)->4046K(5592576K)
[126.422s][info][gc,metaspace   ] GC(166) Metaspace: 10334K(10688K)->10334K(10688K) NonClass: 9003K(9216K)->9003K(9216K) Class: 1331K(1472K)->1331K(1472K)
[126.422s][info][gc             ] GC(166) Pause Young (System.gc()) 1607M->3M(7851M) 0.228ms
[126.422s][info][gc,cpu         ] GC(166) User=0.00s Sys=0.00s Real=0.00s
[126.422s][info][gc,start       ] GC(167) Pause Full (System.gc())
[126.422s][info][gc,phases,start] GC(167) Marking Phase
[126.425s][info][gc,phases      ] GC(167) Marking Phase 3.676ms
[126.425s][info][gc,phases,start] GC(167) Summary Phase
[126.425s][info][gc,phases      ] GC(167) Summary Phase 0.009ms
[126.425s][info][gc,phases,start] GC(167) Adjust Roots
[126.427s][info][gc,phases      ] GC(167) Adjust Roots 1.741ms
[126.427s][info][gc,phases,start] GC(167) Compaction Phase
[126.430s][info][gc,phases      ] GC(167) Compaction Phase 2.708ms
[126.430s][info][gc,phases,start] GC(167) Post Compact
[126.430s][info][gc,phases      ] GC(167) Post Compact 0.454ms
[126.430s][info][gc,heap        ] GC(167) PSYoungGen: 32K(2446848K)->0K(2446848K) Eden: 0K(2097664K)->0K(2097664K) From: 32K(349184K)->0K(349184K)
[126.430s][info][gc,heap        ] GC(167) ParOldGen: 4046K(5592576K)->4046K(5592576K)
[126.430s][info][gc,metaspace   ] GC(167) Metaspace: 10334K(10688K)->10334K(10688K) NonClass: 9003K(9216K)->9003K(9216K) Class: 1331K(1472K)->1331K(1472K)
[126.430s][info][gc             ] GC(167) Pause Full (System.gc()) 3M->3M(7851M) 8.886ms
[126.431s][info][gc,cpu         ] GC(167) User=0.00s Sys=0.00s Real=0.00s
[127.923s][info][gc,start       ] GC(168) Pause Young (System.gc())
[127.923s][info][gc,heap        ] GC(168) PSYoungGen: 1647129K(2446848K)->64K(2446848K) Eden: 1647129K(2097664K)->0K(2097664K) From: 0K(349184K)->64K(349184K)
[127.923s][info][gc,heap        ] GC(168) ParOldGen: 4046K(5592576K)->4046K(5592576K)
[127.923s][info][gc,metaspace   ] GC(168) Metaspace: 10335K(10688K)->10335K(10688K) NonClass: 9004K(9216K)->9004K(9216K) Class: 1331K(1472K)->1331K(1472K)
[127.923s][info][gc             ] GC(168) Pause Young (System.gc()) 1612M->4M(7851M) 0.233ms
[127.923s][info][gc,cpu         ] GC(168) User=0.00s Sys=0.00s Real=0.00s
[127.923s][info][gc,start       ] GC(169) Pause Full (System.gc())
[127.923s][info][gc,phases,start] GC(169) Marking Phase
[127.927s][info][gc,phases      ] GC(169) Marking Phase 3.905ms
[127.927s][info][gc,phases,start] GC(169) Summary Phase
[127.927s][info][gc,phases      ] GC(169) Summary Phase 0.009ms
[127.927s][info][gc,phases,start] GC(169) Adjust Roots
[127.929s][info][gc,phases      ] GC(169) Adjust Roots 2.470ms
[127.929s][info][gc,phases,start] GC(169) Compaction Phase
[127.931s][info][gc,phases      ] GC(169) Compaction Phase 2.103ms
[127.932s][info][gc,phases,start] GC(169) Post Compact
[127.932s][info][gc,phases      ] GC(169) Post Compact 0.395ms
[127.932s][info][gc,heap        ] GC(169) PSYoungGen: 64K(2446848K)->0K(2446848K) Eden: 0K(2097664K)->0K(2097664K) From: 64K(349184K)->0K(349184K)
[127.932s][info][gc,heap        ] GC(169) ParOldGen: 4046K(5592576K)->4047K(5592576K)
[127.932s][info][gc,metaspace   ] GC(169) Metaspace: 10335K(10688K)->10335K(10688K) NonClass: 9004K(9216K)->9004K(9216K) Class: 1331K(1472K)->1331K(1472K)
[127.932s][info][gc             ] GC(169) Pause Full (System.gc()) 4M->3M(7851M) 9.080ms
[127.932s][info][gc,cpu         ] GC(169) User=0.00s Sys=0.00s Real=0.02s
[129.422s][info][gc,start       ] GC(170) Pause Young (System.gc())
[129.422s][info][gc,heap        ] GC(170) PSYoungGen: 1642732K(2446848K)->32K(2446848K) Eden: 1642732K(2097664K)->0K(2097664K) From: 0K(349184K)->32K(349184K)
[129.422s][info][gc,heap        ] GC(170) ParOldGen: 4047K(5592576K)->4047K(5592576K)
[129.422s][info][gc,metaspace   ] GC(170) Metaspace: 10336K(10688K)->10336K(10688K) NonClass: 9005K(9216K)->9005K(9216K) Class: 1331K(1472K)->1331K(1472K)
[129.422s][info][gc             ] GC(170) Pause Young (System.gc()) 1608M->3M(7851M) 0.254ms
[129.422s][info][gc,cpu         ] GC(170) User=0.00s Sys=0.00s Real=0.00s
[129.422s][info][gc,start       ] GC(171) Pause Full (System.gc())
[129.422s][info][gc,phases,start] GC(171) Marking Phase
[129.426s][info][gc,phases      ] GC(171) Marking Phase 3.905ms
[129.426s][info][gc,phases,start] GC(171) Summary Phase
[129.426s][info][gc,phases      ] GC(171) Summary Phase 0.010ms
[129.426s][info][gc,phases,start] GC(171) Adjust Roots
[129.428s][info][gc,phases      ] GC(171) Adjust Roots 1.820ms
[129.428s][info][gc,phases,start] GC(171) Compaction Phase
[129.430s][info][gc,phases      ] GC(171) Compaction Phase 1.815ms
[129.430s][info][gc,phases,start] GC(171) Post Compact
[129.431s][info][gc,phases      ] GC(171) Post Compact 0.397ms
[129.431s][info][gc,heap        ] GC(171) PSYoungGen: 32K(2446848K)->0K(2446848K) Eden: 0K(2097664K)->0K(2097664K) From: 32K(349184K)->0K(349184K)
[129.431s][info][gc,heap        ] GC(171) ParOldGen: 4047K(5592576K)->4046K(5592576K)
[129.431s][info][gc,metaspace   ] GC(171) Metaspace: 10336K(10688K)->10336K(10688K) NonClass: 9005K(9216K)->9005K(9216K) Class: 1331K(1472K)->1331K(1472K)
[129.431s][info][gc             ] GC(171) Pause Full (System.gc()) 3M->3M(7851M) 8.140ms
[129.431s][info][gc,cpu         ] GC(171) User=0.00s Sys=0.00s Real=0.02s
[130.926s][info][gc,start       ] GC(172) Pause Young (System.gc())
[130.926s][info][gc,heap        ] GC(172) PSYoungGen: 1642086K(2446848K)->64K(2446848K) Eden: 1642086K(2097664K)->0K(2097664K) From: 0K(349184K)->64K(349184K)
[130.926s][info][gc,heap        ] GC(172) ParOldGen: 4046K(5592576K)->4046K(5592576K)
[130.926s][info][gc,metaspace   ] GC(172) Metaspace: 10338K(10688K)->10338K(10688K) NonClass: 9007K(9216K)->9007K(9216K) Class: 1331K(1472K)->1331K(1472K)
[130.926s][info][gc             ] GC(172) Pause Young (System.gc()) 1607M->4M(7851M) 0.244ms
[130.926s][info][gc,cpu         ] GC(172) User=0.00s Sys=0.00s Real=0.00s
[130.926s][info][gc,start       ] GC(173) Pause Full (System.gc())
[130.926s][info][gc,phases,start] GC(173) Marking Phase
[130.930s][info][gc,phases      ] GC(173) Marking Phase 3.793ms
[130.930s][info][gc,phases,start] GC(173) Summary Phase
[130.930s][info][gc,phases      ] GC(173) Summary Phase 0.009ms
[130.930s][info][gc,phases,start] GC(173) Adjust Roots
[130.932s][info][gc,phases      ] GC(173) Adjust Roots 2.230ms
[130.932s][info][gc,phases,start] GC(173) Compaction Phase
[130.935s][info][gc,phases      ] GC(173) Compaction Phase 2.417ms
[130.935s][info][gc,phases,start] GC(173) Post Compact
[130.935s][info][gc,phases      ] GC(173) Post Compact 0.398ms
[130.935s][info][gc,heap        ] GC(173) PSYoungGen: 64K(2446848K)->0K(2446848K) Eden: 0K(2097664K)->0K(2097664K) From: 64K(349184K)->0K(349184K)
[130.935s][info][gc,heap        ] GC(173) ParOldGen: 4046K(5592576K)->4047K(5592576K)
[130.935s][info][gc,metaspace   ] GC(173) Metaspace: 10338K(10688K)->10338K(10688K) NonClass: 9007K(9216K)->9007K(9216K) Class: 1331K(1472K)->1331K(1472K)
[130.935s][info][gc             ] GC(173) Pause Full (System.gc()) 4M->3M(7851M) 9.032ms
[130.935s][info][gc,cpu         ] GC(173) User=0.00s Sys=0.00s Real=0.02s
[132.434s][info][gc,start       ] GC(174) Pause Young (System.gc())
[132.435s][info][gc,heap        ] GC(174) PSYoungGen: 1636567K(2446848K)->32K(2446848K) Eden: 1636567K(2097664K)->0K(2097664K) From: 0K(349184K)->32K(349184K)
[132.435s][info][gc,heap        ] GC(174) ParOldGen: 4047K(5592576K)->4047K(5592576K)
[132.435s][info][gc,metaspace   ] GC(174) Metaspace: 10338K(10688K)->10338K(10688K) NonClass: 9007K(9216K)->9007K(9216K) Class: 1331K(1472K)->1331K(1472K)
[132.435s][info][gc             ] GC(174) Pause Young (System.gc()) 1602M->3M(7851M) 0.216ms
[132.435s][info][gc,cpu         ] GC(174) User=0.00s Sys=0.00s Real=0.00s
[132.435s][info][gc,start       ] GC(175) Pause Full (System.gc())
[132.435s][info][gc,phases,start] GC(175) Marking Phase
[132.438s][info][gc,phases      ] GC(175) Marking Phase 3.685ms
[132.438s][info][gc,phases,start] GC(175) Summary Phase
[132.438s][info][gc,phases      ] GC(175) Summary Phase 0.009ms
[132.438s][info][gc,phases,start] GC(175) Adjust Roots
[132.440s][info][gc,phases      ] GC(175) Adjust Roots 1.843ms
[132.440s][info][gc,phases,start] GC(175) Compaction Phase
[132.442s][info][gc,phases      ] GC(175) Compaction Phase 2.133ms
[132.442s][info][gc,phases,start] GC(175) Post Compact
[132.443s][info][gc,phases      ] GC(175) Post Compact 0.395ms
[132.443s][info][gc,heap        ] GC(175) PSYoungGen: 32K(2446848K)->0K(2446848K) Eden: 0K(2097664K)->0K(2097664K) From: 32K(349184K)->0K(349184K)
[132.443s][info][gc,heap        ] GC(175) ParOldGen: 4047K(5592576K)->4046K(5592576K)
[132.443s][info][gc,metaspace   ] GC(175) Metaspace: 10338K(10688K)->10338K(10688K) NonClass: 9007K(9216K)->9007K(9216K) Class: 1331K(1472K)->1331K(1472K)
[132.443s][info][gc             ] GC(175) Pause Full (System.gc()) 3M->3M(7851M) 8.260ms
[132.443s][info][gc,cpu         ] GC(175) User=0.02s Sys=0.00s Real=0.00s
[133.933s][info][gc,start       ] GC(176) Pause Young (System.gc())
[133.933s][info][gc,heap        ] GC(176) PSYoungGen: 1635927K(2446848K)->32K(2446848K) Eden: 1635927K(2097664K)->0K(2097664K) From: 0K(349184K)->32K(349184K)
[133.933s][info][gc,heap        ] GC(176) ParOldGen: 4046K(5592576K)->4046K(5592576K)
[133.933s][info][gc,metaspace   ] GC(176) Metaspace: 10339K(10688K)->10339K(10688K) NonClass: 9008K(9216K)->9008K(9216K) Class: 1331K(1472K)->1331K(1472K)
[133.933s][info][gc             ] GC(176) Pause Young (System.gc()) 1601M->3M(7851M) 0.273ms
[133.933s][info][gc,cpu         ] GC(176) User=0.00s Sys=0.00s Real=0.00s
[133.933s][info][gc,start       ] GC(177) Pause Full (System.gc())
[133.933s][info][gc,phases,start] GC(177) Marking Phase
[133.937s][info][gc,phases      ] GC(177) Marking Phase 3.885ms
[133.937s][info][gc,phases,start] GC(177) Summary Phase
[133.937s][info][gc,phases      ] GC(177) Summary Phase 0.010ms
[133.937s][info][gc,phases,start] GC(177) Adjust Roots
[133.940s][info][gc,phases      ] GC(177) Adjust Roots 2.277ms
[133.940s][info][gc,phases,start] GC(177) Compaction Phase
[133.942s][info][gc,phases      ] GC(177) Compaction Phase 2.330ms
[133.942s][info][gc,phases,start] GC(177) Post Compact
[133.943s][info][gc,phases      ] GC(177) Post Compact 0.480ms
[133.943s][info][gc,heap        ] GC(177) PSYoungGen: 32K(2446848K)->0K(2446848K) Eden: 0K(2097664K)->0K(2097664K) From: 32K(349184K)->0K(349184K)
[133.943s][info][gc,heap        ] GC(177) ParOldGen: 4046K(5592576K)->4046K(5592576K)
[133.943s][info][gc,metaspace   ] GC(177) Metaspace: 10339K(10688K)->10339K(10688K) NonClass: 9008K(9216K)->9008K(9216K) Class: 1331K(1472K)->1331K(1472K)
[133.943s][info][gc             ] GC(177) Pause Full (System.gc()) 3M->3M(7851M) 9.217ms
[133.943s][info][gc,cpu         ] GC(177) User=0.02s Sys=0.00s Real=0.02s
[135.438s][info][gc,start       ] GC(178) Pause Young (System.gc())
[135.438s][info][gc,heap        ] GC(178) PSYoungGen: 1647225K(2446848K)->64K(2446848K) Eden: 1647225K(2097664K)->0K(2097664K) From: 0K(349184K)->64K(349184K)
[135.438s][info][gc,heap        ] GC(178) ParOldGen: 4046K(5592576K)->4046K(5592576K)
[135.438s][info][gc,metaspace   ] GC(178) Metaspace: 10340K(10688K)->10340K(10688K) NonClass: 9009K(9216K)->9009K(9216K) Class: 1331K(1472K)->1331K(1472K)
[135.438s][info][gc             ] GC(178) Pause Young (System.gc()) 1612M->4M(7851M) 0.246ms
[135.438s][info][gc,cpu         ] GC(178) User=0.00s Sys=0.00s Real=0.00s
[135.438s][info][gc,start       ] GC(179) Pause Full (System.gc())
[135.438s][info][gc,phases,start] GC(179) Marking Phase
[135.442s][info][gc,phases      ] GC(179) Marking Phase 3.958ms
[135.442s][info][gc,phases,start] GC(179) Summary Phase
[135.442s][info][gc,phases      ] GC(179) Summary Phase 0.009ms
[135.442s][info][gc,phases,start] GC(179) Adjust Roots
[135.444s][info][gc,phases      ] GC(179) Adjust Roots 2.120ms
[135.444s][info][gc,phases,start] GC(179) Compaction Phase
[135.447s][info][gc,phases      ] GC(179) Compaction Phase 2.499ms
[135.447s][info][gc,phases,start] GC(179) Post Compact
[135.447s][info][gc,phases      ] GC(179) Post Compact 0.396ms
[135.447s][info][gc,heap        ] GC(179) PSYoungGen: 64K(2446848K)->0K(2446848K) Eden: 0K(2097664K)->0K(2097664K) From: 64K(349184K)->0K(349184K)
[135.447s][info][gc,heap        ] GC(179) ParOldGen: 4046K(5592576K)->4048K(5592576K)
[135.447s][info][gc,metaspace   ] GC(179) Metaspace: 10340K(10688K)->10340K(10688K) NonClass: 9009K(9216K)->9009K(9216K) Class: 1331K(1472K)->1331K(1472K)
[135.447s][info][gc             ] GC(179) Pause Full (System.gc()) 4M->3M(7851M) 9.177ms
[135.447s][info][gc,cpu         ] GC(179) User=0.00s Sys=0.00s Real=0.00s
[136.945s][info][gc,start       ] GC(180) Pause Young (System.gc())
[136.945s][info][gc,heap        ] GC(180) PSYoungGen: 1641633K(2446848K)->96K(2446848K) Eden: 1641633K(2097664K)->0K(2097664K) From: 0K(349184K)->96K(349184K)
[136.945s][info][gc,heap        ] GC(180) ParOldGen: 4048K(5592576K)->4048K(5592576K)
[136.945s][info][gc,metaspace   ] GC(180) Metaspace: 10340K(10688K)->10340K(10688K) NonClass: 9009K(9216K)->9009K(9216K) Class: 1331K(1472K)->1331K(1472K)
[136.945s][info][gc             ] GC(180) Pause Young (System.gc()) 1607M->4M(7851M) 0.243ms
[136.945s][info][gc,cpu         ] GC(180) User=0.00s Sys=0.00s Real=0.00s
[136.945s][info][gc,start       ] GC(181) Pause Full (System.gc())
[136.945s][info][gc,phases,start] GC(181) Marking Phase
[136.949s][info][gc,phases      ] GC(181) Marking Phase 3.776ms
[136.949s][info][gc,phases,start] GC(181) Summary Phase
[136.949s][info][gc,phases      ] GC(181) Summary Phase 0.009ms
[136.949s][info][gc,phases,start] GC(181) Adjust Roots
[136.952s][info][gc,phases      ] GC(181) Adjust Roots 2.825ms
[136.952s][info][gc,phases,start] GC(181) Compaction Phase
[136.954s][info][gc,phases      ] GC(181) Compaction Phase 2.385ms
[136.954s][info][gc,phases,start] GC(181) Post Compact
[136.955s][info][gc,phases      ] GC(181) Post Compact 0.439ms
[136.955s][info][gc,heap        ] GC(181) PSYoungGen: 96K(2446848K)->0K(2446848K) Eden: 0K(2097664K)->0K(2097664K) From: 96K(349184K)->0K(349184K)
[136.955s][info][gc,heap        ] GC(181) ParOldGen: 4048K(5592576K)->4048K(5592576K)
[136.955s][info][gc,metaspace   ] GC(181) Metaspace: 10340K(10688K)->10340K(10688K) NonClass: 9009K(9216K)->9009K(9216K) Class: 1331K(1472K)->1331K(1472K)
[136.955s][info][gc             ] GC(181) Pause Full (System.gc()) 4M->3M(7851M) 9.618ms
[136.955s][info][gc,cpu         ] GC(181) User=0.08s Sys=0.00s Real=0.02s
[138.454s][info][gc,start       ] GC(182) Pause Young (System.gc())
[138.455s][info][gc,heap        ] GC(182) PSYoungGen: 1647242K(2446848K)->32K(2446848K) Eden: 1647242K(2097664K)->0K(2097664K) From: 0K(349184K)->32K(349184K)
[138.455s][info][gc,heap        ] GC(182) ParOldGen: 4048K(5592576K)->4048K(5592576K)
[138.455s][info][gc,metaspace   ] GC(182) Metaspace: 10340K(10688K)->10340K(10688K) NonClass: 9009K(9216K)->9009K(9216K) Class: 1331K(1472K)->1331K(1472K)
[138.455s][info][gc             ] GC(182) Pause Young (System.gc()) 1612M->3M(7851M) 0.269ms
[138.455s][info][gc,cpu         ] GC(182) User=0.00s Sys=0.00s Real=0.00s
[138.455s][info][gc,start       ] GC(183) Pause Full (System.gc())
[138.455s][info][gc,phases,start] GC(183) Marking Phase
[138.458s][info][gc,phases      ] GC(183) Marking Phase 3.769ms
[138.458s][info][gc,phases,start] GC(183) Summary Phase
[138.458s][info][gc,phases      ] GC(183) Summary Phase 0.009ms
[138.458s][info][gc,phases,start] GC(183) Adjust Roots
[138.461s][info][gc,phases      ] GC(183) Adjust Roots 2.271ms
[138.461s][info][gc,phases,start] GC(183) Compaction Phase
[138.463s][info][gc,phases      ] GC(183) Compaction Phase 1.939ms
[138.463s][info][gc,phases,start] GC(183) Post Compact
[138.463s][info][gc,phases      ] GC(183) Post Compact 0.396ms
[138.463s][info][gc,heap        ] GC(183) PSYoungGen: 32K(2446848K)->0K(2446848K) Eden: 0K(2097664K)->0K(2097664K) From: 32K(349184K)->0K(349184K)
[138.463s][info][gc,heap        ] GC(183) ParOldGen: 4048K(5592576K)->4048K(5592576K)
[138.463s][info][gc,metaspace   ] GC(183) Metaspace: 10340K(10688K)->10340K(10688K) NonClass: 9009K(9216K)->9009K(9216K) Class: 1331K(1472K)->1331K(1472K)
[138.463s][info][gc             ] GC(183) Pause Full (System.gc()) 3M->3M(7851M) 8.588ms
[138.463s][info][gc,cpu         ] GC(183) User=0.00s Sys=0.00s Real=0.02s
[139.964s][info][gc,start       ] GC(184) Pause Young (System.gc())
[139.964s][info][gc,heap        ] GC(184) PSYoungGen: 1642077K(2446848K)->64K(2446848K) Eden: 1642077K(2097664K)->0K(2097664K) From: 0K(349184K)->64K(349184K)
[139.964s][info][gc,heap        ] GC(184) ParOldGen: 4048K(5592576K)->4048K(5592576K)
[139.964s][info][gc,metaspace   ] GC(184) Metaspace: 10340K(10688K)->10340K(10688K) NonClass: 9009K(9216K)->9009K(9216K) Class: 1331K(1472K)->1331K(1472K)
[139.964s][info][gc             ] GC(184) Pause Young (System.gc()) 1607M->4M(7851M) 0.230ms
[139.964s][info][gc,cpu         ] GC(184) User=0.00s Sys=0.00s Real=0.00s
[139.964s][info][gc,start       ] GC(185) Pause Full (System.gc())
[139.964s][info][gc,phases,start] GC(185) Marking Phase
[139.968s][info][gc,phases      ] GC(185) Marking Phase 4.123ms
[139.968s][info][gc,phases,start] GC(185) Summary Phase
[139.968s][info][gc,phases      ] GC(185) Summary Phase 0.009ms
[139.968s][info][gc,phases,start] GC(185) Adjust Roots
[139.971s][info][gc,phases      ] GC(185) Adjust Roots 2.287ms
[139.971s][info][gc,phases,start] GC(185) Compaction Phase
[139.973s][info][gc,phases      ] GC(185) Compaction Phase 1.954ms
[139.973s][info][gc,phases,start] GC(185) Post Compact
[139.973s][info][gc,phases      ] GC(185) Post Compact 0.395ms
[139.973s][info][gc,heap        ] GC(185) PSYoungGen: 64K(2446848K)->0K(2446848K) Eden: 0K(2097664K)->0K(2097664K) From: 64K(349184K)->0K(349184K)
[139.973s][info][gc,heap        ] GC(185) ParOldGen: 4048K(5592576K)->4048K(5592576K)
[139.973s][info][gc,metaspace   ] GC(185) Metaspace: 10340K(10688K)->10340K(10688K) NonClass: 9009K(9216K)->9009K(9216K) Class: 1331K(1472K)->1331K(1472K)
[139.973s][info][gc             ] GC(185) Pause Full (System.gc()) 4M->3M(7851M) 8.983ms
[139.973s][info][gc,cpu         ] GC(185) User=0.02s Sys=0.00s Real=0.02s
[141.477s][info][gc,start       ] GC(186) Pause Young (System.gc())
[141.477s][info][gc,heap        ] GC(186) PSYoungGen: 1653544K(2446848K)->160K(2446848K) Eden: 1653544K(2097664K)->0K(2097664K) From: 0K(349184K)->160K(349184K)
[141.477s][info][gc,heap        ] GC(186) ParOldGen: 4048K(5592576K)->4048K(5592576K)
[141.477s][info][gc,metaspace   ] GC(186) Metaspace: 10340K(10688K)->10340K(10688K) NonClass: 9009K(9216K)->9009K(9216K) Class: 1331K(1472K)->1331K(1472K)
[141.477s][info][gc             ] GC(186) Pause Young (System.gc()) 1618M->4M(7851M) 0.238ms
[141.477s][info][gc,cpu         ] GC(186) User=0.00s Sys=0.00s Real=0.00s
[141.477s][info][gc,start       ] GC(187) Pause Full (System.gc())
[141.477s][info][gc,phases,start] GC(187) Marking Phase
[141.481s][info][gc,phases      ] GC(187) Marking Phase 3.755ms
[141.481s][info][gc,phases,start] GC(187) Summary Phase
[141.481s][info][gc,phases      ] GC(187) Summary Phase 0.009ms
[141.481s][info][gc,phases,start] GC(187) Adjust Roots
[141.483s][info][gc,phases      ] GC(187) Adjust Roots 2.263ms
[141.483s][info][gc,phases,start] GC(187) Compaction Phase
[141.485s][info][gc,phases      ] GC(187) Compaction Phase 2.076ms
[141.485s][info][gc,phases,start] GC(187) Post Compact
[141.485s][info][gc,phases      ] GC(187) Post Compact 0.396ms
[141.486s][info][gc,heap        ] GC(187) PSYoungGen: 160K(2446848K)->0K(2446848K) Eden: 0K(2097664K)->0K(2097664K) From: 160K(349184K)->0K(349184K)
[141.486s][info][gc,heap        ] GC(187) ParOldGen: 4048K(5592576K)->4049K(5592576K)
[141.486s][info][gc,metaspace   ] GC(187) Metaspace: 10340K(10688K)->10340K(10688K) NonClass: 9009K(9216K)->9009K(9216K) Class: 1331K(1472K)->1331K(1472K)
[141.486s][info][gc             ] GC(187) Pause Full (System.gc()) 4M->3M(7851M) 8.686ms
[141.486s][info][gc,cpu         ] GC(187) User=0.09s Sys=0.00s Real=0.02s
[142.978s][info][gc,start       ] GC(188) Pause Young (System.gc())
[142.978s][info][gc,heap        ] GC(188) PSYoungGen: 1636219K(2446848K)->32K(2446848K) Eden: 1636219K(2097664K)->0K(2097664K) From: 0K(349184K)->32K(349184K)
[142.978s][info][gc,heap        ] GC(188) ParOldGen: 4049K(5592576K)->4049K(5592576K)
[142.978s][info][gc,metaspace   ] GC(188) Metaspace: 10341K(10688K)->10341K(10688K) NonClass: 9010K(9216K)->9010K(9216K) Class: 1331K(1472K)->1331K(1472K)
[142.978s][info][gc             ] GC(188) Pause Young (System.gc()) 1601M->3M(7851M) 0.240ms
[142.978s][info][gc,cpu         ] GC(188) User=0.00s Sys=0.00s Real=0.00s
[142.978s][info][gc,start       ] GC(189) Pause Full (System.gc())
[142.978s][info][gc,phases,start] GC(189) Marking Phase
[142.982s][info][gc,phases      ] GC(189) Marking Phase 3.830ms
[142.982s][info][gc,phases,start] GC(189) Summary Phase
[142.982s][info][gc,phases      ] GC(189) Summary Phase 0.009ms
[142.982s][info][gc,phases,start] GC(189) Adjust Roots
[142.984s][info][gc,phases      ] GC(189) Adjust Roots 1.775ms
[142.984s][info][gc,phases,start] GC(189) Compaction Phase
[142.987s][info][gc,phases      ] GC(189) Compaction Phase 2.936ms
[142.987s][info][gc,phases,start] GC(189) Post Compact
[142.987s][info][gc,phases      ] GC(189) Post Compact 0.453ms
[142.987s][info][gc,heap        ] GC(189) PSYoungGen: 32K(2446848K)->0K(2446848K) Eden: 0K(2097664K)->0K(2097664K) From: 32K(349184K)->0K(349184K)
[142.987s][info][gc,heap        ] GC(189) ParOldGen: 4049K(5592576K)->4049K(5592576K)
[142.988s][info][gc,metaspace   ] GC(189) Metaspace: 10341K(10688K)->10341K(10688K) NonClass: 9010K(9216K)->9010K(9216K) Class: 1331K(1472K)->1331K(1472K)
[142.988s][info][gc             ] GC(189) Pause Full (System.gc()) 3M->3M(7851M) 9.235ms
[142.988s][info][gc,cpu         ] GC(189) User=0.02s Sys=0.00s Real=0.00s
[144.477s][info][gc,start       ] GC(190) Pause Young (System.gc())
[144.478s][info][gc,heap        ] GC(190) PSYoungGen: 1647702K(2446848K)->32K(2446848K) Eden: 1647702K(2097664K)->0K(2097664K) From: 0K(349184K)->32K(349184K)
[144.478s][info][gc,heap        ] GC(190) ParOldGen: 4049K(5592576K)->4049K(5592576K)
[144.478s][info][gc,metaspace   ] GC(190) Metaspace: 10341K(10688K)->10341K(10688K) NonClass: 9010K(9216K)->9010K(9216K) Class: 1331K(1472K)->1331K(1472K)
[144.478s][info][gc             ] GC(190) Pause Young (System.gc()) 1613M->3M(7851M) 0.253ms
[144.478s][info][gc,cpu         ] GC(190) User=0.00s Sys=0.00s Real=0.00s
[144.478s][info][gc,start       ] GC(191) Pause Full (System.gc())
[144.478s][info][gc,phases,start] GC(191) Marking Phase
[144.482s][info][gc,phases      ] GC(191) Marking Phase 3.932ms
[144.482s][info][gc,phases,start] GC(191) Summary Phase
[144.482s][info][gc,phases      ] GC(191) Summary Phase 0.010ms
[144.482s][info][gc,phases,start] GC(191) Adjust Roots
[144.484s][info][gc,phases      ] GC(191) Adjust Roots 2.172ms
[144.484s][info][gc,phases,start] GC(191) Compaction Phase
[144.487s][info][gc,phases      ] GC(191) Compaction Phase 2.741ms
[144.487s][info][gc,phases,start] GC(191) Post Compact
[144.487s][info][gc,phases      ] GC(191) Post Compact 0.396ms
[144.487s][info][gc,heap        ] GC(191) PSYoungGen: 32K(2446848K)->0K(2446848K) Eden: 0K(2097664K)->0K(2097664K) From: 32K(349184K)->0K(349184K)
[144.487s][info][gc,heap        ] GC(191) ParOldGen: 4049K(5592576K)->4049K(5592576K)
[144.487s][info][gc,metaspace   ] GC(191) Metaspace: 10341K(10688K)->10341K(10688K) NonClass: 9010K(9216K)->9010K(9216K) Class: 1331K(1472K)->1331K(1472K)
[144.487s][info][gc             ] GC(191) Pause Full (System.gc()) 3M->3M(7851M) 9.435ms
[144.487s][info][gc,cpu         ] GC(191) User=0.02s Sys=0.00s Real=0.02s
[145.990s][info][gc,start       ] GC(192) Pause Young (System.gc())
[145.990s][info][gc,heap        ] GC(192) PSYoungGen: 1642332K(2446848K)->64K(2446848K) Eden: 1642332K(2097664K)->0K(2097664K) From: 0K(349184K)->64K(349184K)
[145.990s][info][gc,heap        ] GC(192) ParOldGen: 4049K(5592576K)->4049K(5592576K)
[145.990s][info][gc,metaspace   ] GC(192) Metaspace: 10350K(10688K)->10350K(10688K) NonClass: 9019K(9216K)->9019K(9216K) Class: 1331K(1472K)->1331K(1472K)
[145.990s][info][gc             ] GC(192) Pause Young (System.gc()) 1607M->4M(7851M) 0.227ms
[145.990s][info][gc,cpu         ] GC(192) User=0.00s Sys=0.00s Real=0.00s
[145.990s][info][gc,start       ] GC(193) Pause Full (System.gc())
[145.990s][info][gc,phases,start] GC(193) Marking Phase
[145.994s][info][gc,phases      ] GC(193) Marking Phase 3.663ms
[145.994s][info][gc,phases,start] GC(193) Summary Phase
[145.994s][info][gc,phases      ] GC(193) Summary Phase 0.009ms
[145.994s][info][gc,phases,start] GC(193) Adjust Roots
[145.996s][info][gc,phases      ] GC(193) Adjust Roots 1.895ms
[145.996s][info][gc,phases,start] GC(193) Compaction Phase
[145.998s][info][gc,phases      ] GC(193) Compaction Phase 2.104ms
[145.998s][info][gc,phases,start] GC(193) Post Compact
[145.998s][info][gc,phases      ] GC(193) Post Compact 0.396ms
[145.998s][info][gc,heap        ] GC(193) PSYoungGen: 64K(2446848K)->0K(2446848K) Eden: 0K(2097664K)->0K(2097664K) From: 64K(349184K)->0K(349184K)
[145.998s][info][gc,heap        ] GC(193) ParOldGen: 4049K(5592576K)->4049K(5592576K)
[145.998s][info][gc,metaspace   ] GC(193) Metaspace: 10350K(10688K)->10350K(10688K) NonClass: 9019K(9216K)->9019K(9216K) Class: 1331K(1472K)->1331K(1472K)
[145.998s][info][gc             ] GC(193) Pause Full (System.gc()) 4M->3M(7851M) 8.296ms
[145.998s][info][gc,cpu         ] GC(193) User=0.00s Sys=0.00s Real=0.02s
[147.513s][info][gc,start       ] GC(194) Pause Young (System.gc())
[147.513s][info][gc,heap        ] GC(194) PSYoungGen: 1653056K(2446848K)->64K(2446848K) Eden: 1653056K(2097664K)->0K(2097664K) From: 0K(349184K)->64K(349184K)
[147.513s][info][gc,heap        ] GC(194) ParOldGen: 4049K(5592576K)->4049K(5592576K)
[147.513s][info][gc,metaspace   ] GC(194) Metaspace: 10360K(10752K)->10360K(10752K) NonClass: 9029K(9280K)->9029K(9280K) Class: 1331K(1472K)->1331K(1472K)
[147.513s][info][gc             ] GC(194) Pause Young (System.gc()) 1618M->4M(7851M) 0.241ms
[147.513s][info][gc,cpu         ] GC(194) User=0.00s Sys=0.00s Real=0.00s
[147.513s][info][gc,start       ] GC(195) Pause Full (System.gc())
[147.514s][info][gc,phases,start] GC(195) Marking Phase
[147.517s][info][gc,phases      ] GC(195) Marking Phase 3.772ms
[147.517s][info][gc,phases,start] GC(195) Summary Phase
[147.517s][info][gc,phases      ] GC(195) Summary Phase 0.009ms
[147.517s][info][gc,phases,start] GC(195) Adjust Roots
[147.520s][info][gc,phases      ] GC(195) Adjust Roots 2.723ms
[147.520s][info][gc,phases,start] GC(195) Compaction Phase
[147.522s][info][gc,phases      ] GC(195) Compaction Phase 1.831ms
[147.522s][info][gc,phases,start] GC(195) Post Compact
[147.522s][info][gc,phases      ] GC(195) Post Compact 0.401ms
[147.522s][info][gc,heap        ] GC(195) PSYoungGen: 64K(2446848K)->0K(2446848K) Eden: 0K(2097664K)->0K(2097664K) From: 64K(349184K)->0K(349184K)
[147.522s][info][gc,heap        ] GC(195) ParOldGen: 4049K(5592576K)->4049K(5592576K)
[147.522s][info][gc,metaspace   ] GC(195) Metaspace: 10360K(10752K)->10360K(10752K) NonClass: 9029K(9280K)->9029K(9280K) Class: 1331K(1472K)->1331K(1472K)
[147.522s][info][gc             ] GC(195) Pause Full (System.gc()) 4M->3M(7851M) 8.920ms
[147.522s][info][gc,cpu         ] GC(195) User=0.02s Sys=0.00s Real=0.01s
[149.026s][info][gc,start       ] GC(196) Pause Young (System.gc())
[149.026s][info][gc,heap        ] GC(196) PSYoungGen: 1653759K(2446848K)->128K(2446848K) Eden: 1653759K(2097664K)->0K(2097664K) From: 0K(349184K)->128K(349184K)
[149.026s][info][gc,heap        ] GC(196) ParOldGen: 4049K(5592576K)->4057K(5592576K)
[149.026s][info][gc,metaspace   ] GC(196) Metaspace: 10362K(10752K)->10362K(10752K) NonClass: 9031K(9280K)->9031K(9280K) Class: 1331K(1472K)->1331K(1472K)
[149.026s][info][gc             ] GC(196) Pause Young (System.gc()) 1618M->4M(7851M) 0.318ms
[149.026s][info][gc,cpu         ] GC(196) User=0.00s Sys=0.00s Real=0.00s
[149.026s][info][gc,start       ] GC(197) Pause Full (System.gc())
[149.026s][info][gc,phases,start] GC(197) Marking Phase
[149.030s][info][gc,phases      ] GC(197) Marking Phase 3.877ms
[149.030s][info][gc,phases,start] GC(197) Summary Phase
[149.030s][info][gc,phases      ] GC(197) Summary Phase 0.009ms
[149.030s][info][gc,phases,start] GC(197) Adjust Roots
[149.032s][info][gc,phases      ] GC(197) Adjust Roots 1.794ms
[149.032s][info][gc,phases,start] GC(197) Compaction Phase
[149.039s][info][gc,phases      ] GC(197) Compaction Phase 6.593ms
[149.039s][info][gc,phases,start] GC(197) Post Compact
[149.043s][info][gc,phases      ] GC(197) Post Compact 4.909ms
[149.044s][info][gc,heap        ] GC(197) PSYoungGen: 128K(2446848K)->0K(2446848K) Eden: 0K(2097664K)->0K(2097664K) From: 128K(349184K)->0K(349184K)
[149.044s][info][gc,heap        ] GC(197) ParOldGen: 4057K(5592576K)->4050K(5592576K)
[149.044s][info][gc,metaspace   ] GC(197) Metaspace: 10362K(10752K)->10362K(10752K) NonClass: 9031K(9280K)->9031K(9280K) Class: 1331K(1472K)->1331K(1472K)
[149.044s][info][gc             ] GC(197) Pause Full (System.gc()) 4M->3M(7851M) 17.400ms
[149.044s][info][gc,cpu         ] GC(197) User=0.02s Sys=0.00s Real=0.03s
[150.546s][info][gc,start       ] GC(198) Pause Young (System.gc())
[150.547s][info][gc,heap        ] GC(198) PSYoungGen: 1653753K(2446848K)->32K(2446848K) Eden: 1653753K(2097664K)->0K(2097664K) From: 0K(349184K)->32K(349184K)
[150.547s][info][gc,heap        ] GC(198) ParOldGen: 4050K(5592576K)->4050K(5592576K)
[150.547s][info][gc,metaspace   ] GC(198) Metaspace: 10364K(10752K)->10364K(10752K) NonClass: 9033K(9280K)->9033K(9280K) Class: 1331K(1472K)->1331K(1472K)
[150.547s][info][gc             ] GC(198) Pause Young (System.gc()) 1618M->3M(7851M) 0.263ms
[150.547s][info][gc,cpu         ] GC(198) User=0.02s Sys=0.00s Real=0.00s
[150.547s][info][gc,start       ] GC(199) Pause Full (System.gc())
[150.547s][info][gc,phases,start] GC(199) Marking Phase
[150.551s][info][gc,phases      ] GC(199) Marking Phase 4.080ms
[150.551s][info][gc,phases,start] GC(199) Summary Phase
[150.551s][info][gc,phases      ] GC(199) Summary Phase 0.009ms
[150.551s][info][gc,phases,start] GC(199) Adjust Roots
[150.553s][info][gc,phases      ] GC(199) Adjust Roots 2.610ms
[150.554s][info][gc,phases,start] GC(199) Compaction Phase
[150.556s][info][gc,phases      ] GC(199) Compaction Phase 2.014ms
[150.556s][info][gc,phases,start] GC(199) Post Compact
[150.556s][info][gc,phases      ] GC(199) Post Compact 0.403ms
[150.556s][info][gc,heap        ] GC(199) PSYoungGen: 32K(2446848K)->0K(2446848K) Eden: 0K(2097664K)->0K(2097664K) From: 32K(349184K)->0K(349184K)
[150.556s][info][gc,heap        ] GC(199) ParOldGen: 4050K(5592576K)->4049K(5592576K)
[150.556s][info][gc,metaspace   ] GC(199) Metaspace: 10364K(10752K)->10364K(10752K) NonClass: 9033K(9280K)->9033K(9280K) Class: 1331K(1472K)->1331K(1472K)
[150.556s][info][gc             ] GC(199) Pause Full (System.gc()) 3M->3M(7851M) 9.339ms
[150.556s][info][gc,cpu         ] GC(199) User=0.00s Sys=0.00s Real=0.02s
[152.055s][info][gc,heap,exit   ] Heap
[152.056s][info][gc,heap,exit   ]  PSYoungGen      total 2446848K, used 1661413K [0x0000000755580000, 0x0000000800000000, 0x0000000800000000)
[152.056s][info][gc,heap,exit   ]   eden space 2097664K, 79% used [0x0000000755580000,0x00000007babf9568,0x00000007d5600000)
[152.056s][info][gc,heap,exit   ]   from space 349184K, 0% used [0x00000007eab00000,0x00000007eab00000,0x0000000800000000)
[152.056s][info][gc,heap,exit   ]   to   space 349184K, 0% used [0x00000007d5600000,0x00000007d5600000,0x00000007eab00000)
[152.056s][info][gc,heap,exit   ]  ParOldGen       total 5592576K, used 4049K [0x0000000600000000, 0x0000000755580000, 0x0000000755580000)
[152.056s][info][gc,heap,exit   ]   object space 5592576K, 0% used [0x0000000600000000,0x00000006003f4688,0x0000000755580000)
[152.056s][info][gc,heap,exit   ]  Metaspace       used 10443K, committed 10816K, reserved 1114112K
[152.056s][info][gc,heap,exit   ]   class space    used 1343K, committed 1472K, reserved 1048576K
