[0.024s][info][gc] Using Parallel
[0.024s][info][gc,heap,coops] Heap address: 0x0000000600000000, size: 8192 MB, Compressed Oops mode: Zero based, Oop shift amount: 3
[2.560s][info][gc,start     ] GC(0) Pause Young (Metadata GC Threshold)
[2.564s][info][gc,heap      ] GC(0) PSYoungGen: 167813K->4842K(2446848K)
[2.564s][info][gc,heap      ] GC(0) ParOldGen: 0K->16K(5592576K)
[2.564s][info][gc,metaspace ] GC(0) Metaspace: 20785K(21296K)->20785K(21296K) NonClass: 18307K(18608K)->18307K(18608K) Class: 2478K(2688K)->2478K(2688K)
[2.564s][info][gc           ] GC(0) Pause Young (Metadata GC Threshold) 163M->4M(7851M) 4.705ms
[2.564s][info][gc,cpu       ] GC(0) User=0.00s Sys=0.00s Real=0.00s
[2.564s][info][gc,start     ] GC(1) Pause Full (Metadata GC Threshold)
[2.564s][info][gc,phases,start] GC(1) Marking Phase
[2.569s][info][gc,phases      ] GC(1) Marking Phase 4.390ms
[2.569s][info][gc,phases,start] GC(1) Summary Phase
[2.569s][info][gc,phases      ] GC(1) Summary Phase 0.010ms
[2.569s][info][gc,phases,start] GC(1) Adjust Roots
[2.571s][info][gc,phases      ] GC(1) Adjust Roots 2.733ms
[2.571s][info][gc,phases,start] GC(1) Compaction Phase
[2.576s][info][gc,phases      ] GC(1) Compaction Phase 4.744ms
[2.576s][info][gc,phases,start] GC(1) Post Compact
[2.577s][info][gc,phases      ] GC(1) Post Compact 0.542ms
[2.577s][info][gc,heap        ] GC(1) PSYoungGen: 4842K->0K(2446848K)
[2.577s][info][gc,heap        ] GC(1) ParOldGen: 16K->4736K(5592576K)
[2.577s][info][gc,metaspace   ] GC(1) Metaspace: 20785K(21296K)->20785K(21296K) NonClass: 18307K(18608K)->18307K(18608K) Class: 2478K(2688K)->2478K(2688K)
[2.577s][info][gc             ] GC(1) Pause Full (Metadata GC Threshold) 4M->4M(7851M) 12.622ms
[2.577s][info][gc,cpu         ] GC(1) User=0.00s Sys=0.00s Real=0.02s
[12.967s][info][gc,start       ] GC(2) Pause Young (Metadata GC Threshold)
[12.972s][info][gc,heap        ] GC(2) PSYoungGen: 125860K->15558K(2446848K)
[12.972s][info][gc,heap        ] GC(2) ParOldGen: 4736K->4808K(5592576K)
[12.972s][info][gc,metaspace   ] GC(2) Metaspace: 34454K(35376K)->34454K(35376K) NonClass: 30187K(30640K)->30187K(30640K) Class: 4266K(4736K)->4266K(4736K)
[12.972s][info][gc             ] GC(2) Pause Young (Metadata GC Threshold) 127M->19M(7851M) 5.341ms
[12.972s][info][gc,cpu         ] GC(2) User=0.00s Sys=0.00s Real=0.01s
[12.972s][info][gc,start       ] GC(3) Pause Full (Metadata GC Threshold)
[12.972s][info][gc,phases,start] GC(3) Marking Phase
[12.983s][info][gc,phases      ] GC(3) Marking Phase 10.761ms
[12.983s][info][gc,phases,start] GC(3) Summary Phase
[12.983s][info][gc,phases      ] GC(3) Summary Phase 0.011ms
[12.983s][info][gc,phases,start] GC(3) Adjust Roots
[12.988s][info][gc,phases      ] GC(3) Adjust Roots 5.535ms
[12.988s][info][gc,phases,start] GC(3) Compaction Phase
[13.019s][info][gc,phases      ] GC(3) Compaction Phase 30.487ms
[13.019s][info][gc,phases,start] GC(3) Post Compact
[13.020s][info][gc,phases      ] GC(3) Post Compact 0.639ms
[13.020s][info][gc,heap        ] GC(3) PSYoungGen: 15558K->0K(2446848K)
[13.020s][info][gc,heap        ] GC(3) ParOldGen: 4808K->19900K(5592576K)
[13.020s][info][gc,metaspace   ] GC(3) Metaspace: 34454K(35376K)->34438K(35376K) NonClass: 30187K(30640K)->30175K(30640K) Class: 4266K(4736K)->4262K(4736K)
[13.020s][info][gc             ] GC(3) Pause Full (Metadata GC Threshold) 19M->19M(7851M) 47.656ms
[13.020s][info][gc,cpu         ] GC(3) User=0.02s Sys=0.00s Real=0.05s
[14.561s][info][gc,start       ] GC(4) Pause Young (Metadata GC Threshold)
[14.566s][info][gc,heap        ] GC(4) PSYoungGen: 922981K->6087K(2446848K)
[14.566s][info][gc,heap        ] GC(4) ParOldGen: 19900K->19908K(5592576K)
[14.566s][info][gc,metaspace   ] GC(4) Metaspace: 57266K(58960K)->57266K(58960K) NonClass: 50087K(50864K)->50087K(50864K) Class: 7178K(8096K)->7178K(8096K)
[14.566s][info][gc             ] GC(4) Pause Young (Metadata GC Threshold) 920M->25M(7851M) 5.588ms
[14.566s][info][gc,cpu         ] GC(4) User=0.00s Sys=0.00s Real=0.00s
[14.566s][info][gc,start       ] GC(5) Pause Full (Metadata GC Threshold)
[14.567s][info][gc,phases,start] GC(5) Marking Phase
[14.585s][info][gc,phases      ] GC(5) Marking Phase 18.708ms
[14.585s][info][gc,phases,start] GC(5) Summary Phase
[14.585s][info][gc,phases      ] GC(5) Summary Phase 0.010ms
[14.585s][info][gc,phases,start] GC(5) Adjust Roots
[14.594s][info][gc,phases      ] GC(5) Adjust Roots 9.040ms
[14.594s][info][gc,phases,start] GC(5) Compaction Phase
[14.627s][info][gc,phases      ] GC(5) Compaction Phase 32.972ms
[14.627s][info][gc,phases,start] GC(5) Post Compact
[14.628s][info][gc,phases      ] GC(5) Post Compact 0.541ms
[14.628s][info][gc,heap        ] GC(5) PSYoungGen: 6087K->0K(2446848K)
[14.628s][info][gc,heap        ] GC(5) ParOldGen: 19908K->25495K(5592576K)
[14.628s][info][gc,metaspace   ] GC(5) Metaspace: 57266K(58960K)->57263K(58960K) NonClass: 50087K(50864K)->50085K(50864K) Class: 7178K(8096K)->7178K(8096K)
[14.628s][info][gc             ] GC(5) Pause Full (Metadata GC Threshold) 25M->24M(7851M) 61.561ms
[14.628s][info][gc,cpu         ] GC(5) User=0.02s Sys=0.00s Real=0.06s
[15.228s][info][gc,start       ] GC(6) Pause Young (System.gc())
[15.230s][info][gc,heap        ] GC(6) PSYoungGen: 254516K->1520K(2446848K)
[15.230s][info][gc,heap        ] GC(6) ParOldGen: 25495K->25503K(5592576K)
[15.230s][info][gc,metaspace   ] GC(6) Metaspace: 64754K(67152K)->64754K(67152K) NonClass: 56373K(57520K)->56373K(57520K) Class: 8380K(9632K)->8380K(9632K)
[15.230s][info][gc             ] GC(6) Pause Young (System.gc()) 273M->26M(7851M) 1.885ms
[15.230s][info][gc,cpu         ] GC(6) User=0.00s Sys=0.00s Real=0.00s
[15.230s][info][gc,start       ] GC(7) Pause Full (System.gc())
[15.230s][info][gc,phases,start] GC(7) Marking Phase
[15.246s][info][gc,phases      ] GC(7) Marking Phase 15.999ms
[15.246s][info][gc,phases,start] GC(7) Summary Phase
[15.246s][info][gc,phases      ] GC(7) Summary Phase 0.010ms
[15.246s][info][gc,phases,start] GC(7) Adjust Roots
[15.254s][info][gc,phases      ] GC(7) Adjust Roots 8.247ms
[15.254s][info][gc,phases,start] GC(7) Compaction Phase
[15.286s][info][gc,phases      ] GC(7) Compaction Phase 31.388ms
[15.286s][info][gc,phases,start] GC(7) Post Compact
[15.286s][info][gc,phases      ] GC(7) Post Compact 0.577ms
[15.286s][info][gc,heap        ] GC(7) PSYoungGen: 1520K->0K(2446848K)
[15.286s][info][gc,heap        ] GC(7) ParOldGen: 25503K->26603K(5592576K)
[15.286s][info][gc,metaspace   ] GC(7) Metaspace: 64754K(67152K)->64754K(67152K) NonClass: 56373K(57520K)->56373K(57520K) Class: 8380K(9632K)->8380K(9632K)
[15.286s][info][gc             ] GC(7) Pause Full (System.gc()) 26M->25M(7851M) 56.474ms
[15.286s][info][gc,cpu         ] GC(7) User=0.03s Sys=0.00s Real=0.06s
[19.215s][info][gc,start       ] GC(8) Pause Young (Allocation Failure)
[19.221s][info][gc,heap        ] GC(8) PSYoungGen: 2097664K->7650K(2446848K)
[19.221s][info][gc,heap        ] GC(8) ParOldGen: 26603K->26611K(5592576K)
[19.221s][info][gc,metaspace   ] GC(8) Metaspace: 103274K(107196K)->103274K(107196K) NonClass: 91620K(93616K)->91620K(93616K) Class: 11654K(13580K)->11654K(13580K)
[19.222s][info][gc             ] GC(8) Pause Young (Allocation Failure) 2074M->33M(7851M) 6.611ms
[19.222s][info][gc,cpu         ] GC(8) User=0.00s Sys=0.00s Real=0.00s
[19.226s][info][gc,start       ] GC(9) Pause Young (System.gc())
[19.230s][info][gc,heap        ] GC(9) PSYoungGen: 128441K->7554K(2446848K)
[19.230s][info][gc,heap        ] GC(9) ParOldGen: 26611K->26619K(5592576K)
[19.230s][info][gc,metaspace   ] GC(9) Metaspace: 103319K(107196K)->103319K(107196K) NonClass: 91652K(93616K)->91652K(93616K) Class: 11667K(13580K)->11667K(13580K)
[19.230s][info][gc             ] GC(9) Pause Young (System.gc()) 151M->33M(7851M) 4.851ms
[19.230s][info][gc,cpu         ] GC(9) User=0.00s Sys=0.00s Real=0.00s
[19.230s][info][gc,start       ] GC(10) Pause Full (System.gc())
[19.230s][info][gc,phases,start] GC(10) Marking Phase
[19.269s][info][gc,phases      ] GC(10) Marking Phase 38.784ms
[19.269s][info][gc,phases,start] GC(10) Summary Phase
[19.269s][info][gc,phases      ] GC(10) Summary Phase 0.070ms
[19.269s][info][gc,phases,start] GC(10) Adjust Roots
[19.285s][info][gc,phases      ] GC(10) Adjust Roots 15.715ms
[19.285s][info][gc,phases,start] GC(10) Compaction Phase
[19.349s][info][gc,phases      ] GC(10) Compaction Phase 63.549ms
[19.349s][info][gc,phases,start] GC(10) Post Compact
[19.350s][info][gc,phases      ] GC(10) Post Compact 1.333ms
[19.350s][info][gc,heap        ] GC(10) PSYoungGen: 7554K->0K(2446848K)
[19.350s][info][gc,heap        ] GC(10) ParOldGen: 26619K->33647K(5592576K)
[19.350s][info][gc,metaspace   ] GC(10) Metaspace: 103319K(107196K)->103180K(107196K) NonClass: 91652K(93616K)->91562K(93616K) Class: 11667K(13580K)->11618K(13580K)
[19.350s][info][gc             ] GC(10) Pause Full (System.gc()) 33M->32M(7851M) 119.739ms
[19.350s][info][gc,cpu         ] GC(10) User=0.11s Sys=0.00s Real=0.13s
[20.375s][info][gc,start       ] GC(11) Pause Young (System.gc())
[20.376s][info][gc,heap        ] GC(11) PSYoungGen: 1794278K->1256K(2446848K)
[20.376s][info][gc,heap        ] GC(11) ParOldGen: 33647K->33655K(5592576K)
[20.376s][info][gc,metaspace   ] GC(11) Metaspace: 103582K(107452K)->103582K(107452K) NonClass: 91953K(93872K)->91953K(93872K) Class: 11629K(13580K)->11629K(13580K)
[20.376s][info][gc             ] GC(11) Pause Young (System.gc()) 1785M->34M(7851M) 1.859ms
[20.377s][info][gc,cpu         ] GC(11) User=0.00s Sys=0.00s Real=0.00s
[20.377s][info][gc,start       ] GC(12) Pause Full (System.gc())
[20.377s][info][gc,phases,start] GC(12) Marking Phase
[20.421s][info][gc,phases      ] GC(12) Marking Phase 44.906ms
[20.422s][info][gc,phases,start] GC(12) Summary Phase
[20.422s][info][gc,phases      ] GC(12) Summary Phase 0.010ms
[20.422s][info][gc,phases,start] GC(12) Adjust Roots
[20.431s][info][gc,phases      ] GC(12) Adjust Roots 9.499ms
[20.431s][info][gc,phases,start] GC(12) Compaction Phase
[20.451s][info][gc,phases      ] GC(12) Compaction Phase 19.437ms
[20.451s][info][gc,phases,start] GC(12) Post Compact
[20.451s][info][gc,phases      ] GC(12) Post Compact 0.535ms
[20.451s][info][gc,heap        ] GC(12) PSYoungGen: 1256K->0K(2446848K)
[20.451s][info][gc,heap        ] GC(12) ParOldGen: 33655K->33988K(5592576K)
[20.451s][info][gc,metaspace   ] GC(12) Metaspace: 103582K(107452K)->103581K(107452K) NonClass: 91953K(93872K)->91952K(93872K) Class: 11629K(13580K)->11628K(13580K)
[20.451s][info][gc             ] GC(12) Pause Full (System.gc()) 34M->33M(7851M) 74.637ms
[20.451s][info][gc,cpu         ] GC(12) User=0.02s Sys=0.00s Real=0.08s
[21.225s][info][gc,start       ] GC(13) Pause Young (System.gc())
[21.227s][info][gc,heap        ] GC(13) PSYoungGen: 1571298K->1128K(2446848K)
[21.227s][info][gc,heap        ] GC(13) ParOldGen: 33988K->33996K(5592576K)
[21.227s][info][gc,metaspace   ] GC(13) Metaspace: 103914K(107708K)->103914K(107708K) NonClass: 92285K(94128K)->92285K(94128K) Class: 11628K(13580K)->11628K(13580K)
[21.227s][info][gc             ] GC(13) Pause Young (System.gc()) 1567M->34M(7851M) 1.831ms
[21.227s][info][gc,cpu         ] GC(13) User=0.00s Sys=0.00s Real=0.00s
[21.227s][info][gc,start       ] GC(14) Pause Full (System.gc())
[21.227s][info][gc,phases,start] GC(14) Marking Phase
[21.257s][info][gc,phases      ] GC(14) Marking Phase 29.823ms
[21.257s][info][gc,phases,start] GC(14) Summary Phase
[21.257s][info][gc,phases      ] GC(14) Summary Phase 0.010ms
[21.257s][info][gc,phases,start] GC(14) Adjust Roots
[21.265s][info][gc,phases      ] GC(14) Adjust Roots 7.783ms
[21.265s][info][gc,phases,start] GC(14) Compaction Phase
[21.272s][info][gc,phases      ] GC(14) Compaction Phase 7.078ms
[21.272s][info][gc,phases,start] GC(14) Post Compact
[21.273s][info][gc,phases      ] GC(14) Post Compact 0.505ms
[21.273s][info][gc,heap        ] GC(14) PSYoungGen: 1128K->0K(2446848K)
[21.273s][info][gc,heap        ] GC(14) ParOldGen: 33996K->34232K(5592576K)
[21.273s][info][gc,metaspace   ] GC(14) Metaspace: 103914K(107708K)->103914K(107708K) NonClass: 92285K(94128K)->92285K(94128K) Class: 11628K(13580K)->11628K(13580K)
[21.273s][info][gc             ] GC(14) Pause Full (System.gc()) 34M->33M(7851M) 45.453ms
[21.273s][info][gc,cpu         ] GC(14) User=0.05s Sys=0.00s Real=0.05s
[22.008s][info][gc,start       ] GC(15) Pause Young (System.gc())
[22.010s][info][gc,heap        ] GC(15) PSYoungGen: 1476816K->1200K(2446848K)
[22.010s][info][gc,heap        ] GC(15) ParOldGen: 34232K->34240K(5592576K)
[22.010s][info][gc,metaspace   ] GC(15) Metaspace: 104231K(108220K)->104231K(108220K) NonClass: 92599K(94640K)->92599K(94640K) Class: 11632K(13580K)->11632K(13580K)
[22.010s][info][gc             ] GC(15) Pause Young (System.gc()) 1475M->34M(7851M) 1.497ms
[22.010s][info][gc,cpu         ] GC(15) User=0.00s Sys=0.00s Real=0.00s
[22.010s][info][gc,start       ] GC(16) Pause Full (System.gc())
[22.010s][info][gc,phases,start] GC(16) Marking Phase
[22.051s][info][gc,phases      ] GC(16) Marking Phase 40.904ms
[22.051s][info][gc,phases,start] GC(16) Summary Phase
[22.051s][info][gc,phases      ] GC(16) Summary Phase 0.010ms
[22.051s][info][gc,phases,start] GC(16) Adjust Roots
[22.058s][info][gc,phases      ] GC(16) Adjust Roots 7.459ms
[22.058s][info][gc,phases,start] GC(16) Compaction Phase
[22.065s][info][gc,phases      ] GC(16) Compaction Phase 7.036ms
[22.065s][info][gc,phases,start] GC(16) Post Compact
[22.066s][info][gc,phases      ] GC(16) Post Compact 0.540ms
[22.066s][info][gc,heap        ] GC(16) PSYoungGen: 1200K->0K(2446848K)
[22.066s][info][gc,heap        ] GC(16) ParOldGen: 34240K->34470K(5592576K)
[22.066s][info][gc,metaspace   ] GC(16) Metaspace: 104231K(108220K)->104229K(108220K) NonClass: 92599K(94640K)->92598K(94640K) Class: 11632K(13580K)->11630K(13580K)
[22.066s][info][gc             ] GC(16) Pause Full (System.gc()) 34M->33M(7851M) 56.198ms
[22.066s][info][gc,cpu         ] GC(16) User=0.02s Sys=0.00s Real=0.06s
[22.782s][info][gc,start       ] GC(17) Pause Young (System.gc())
[22.783s][info][gc,heap        ] GC(17) PSYoungGen: 1411380K->1168K(2446848K)
[22.784s][info][gc,heap        ] GC(17) ParOldGen: 34470K->34478K(5592576K)
[22.784s][info][gc,metaspace   ] GC(17) Metaspace: 104465K(108220K)->104465K(108220K) NonClass: 92829K(94640K)->92829K(94640K) Class: 11636K(13580K)->11636K(13580K)
[22.784s][info][gc             ] GC(17) Pause Young (System.gc()) 1411M->34M(7851M) 1.599ms
[22.784s][info][gc,cpu         ] GC(17) User=0.00s Sys=0.00s Real=0.00s
[22.784s][info][gc,start       ] GC(18) Pause Full (System.gc())
[22.784s][info][gc,phases,start] GC(18) Marking Phase
[22.824s][info][gc,phases      ] GC(18) Marking Phase 40.726ms
[22.824s][info][gc,phases,start] GC(18) Summary Phase
[22.824s][info][gc,phases      ] GC(18) Summary Phase 0.010ms
[22.824s][info][gc,phases,start] GC(18) Adjust Roots
[22.834s][info][gc,phases      ] GC(18) Adjust Roots 9.603ms
[22.834s][info][gc,phases,start] GC(18) Compaction Phase
[22.856s][info][gc,phases      ] GC(18) Compaction Phase 21.603ms
[22.856s][info][gc,phases,start] GC(18) Post Compact
[22.856s][info][gc,phases      ] GC(18) Post Compact 0.512ms
[22.856s][info][gc,heap        ] GC(18) PSYoungGen: 1168K->0K(2446848K)
[22.856s][info][gc,heap        ] GC(18) ParOldGen: 34478K->34692K(5592576K)
[22.856s][info][gc,metaspace   ] GC(18) Metaspace: 104465K(108220K)->104460K(108220K) NonClass: 92829K(94640K)->92826K(94640K) Class: 11636K(13580K)->11634K(13580K)
[22.856s][info][gc             ] GC(18) Pause Full (System.gc()) 34M->33M(7851M) 72.703ms
[22.856s][info][gc,cpu         ] GC(18) User=0.03s Sys=0.00s Real=0.08s
[23.535s][info][gc,start       ] GC(19) Pause Young (System.gc())
[23.537s][info][gc,heap        ] GC(19) PSYoungGen: 1375437K->1192K(2446848K)
[23.537s][info][gc,heap        ] GC(19) ParOldGen: 34692K->34700K(5592576K)
[23.537s][info][gc,metaspace   ] GC(19) Metaspace: 104787K(108732K)->104787K(108732K) NonClass: 93151K(95152K)->93151K(95152K) Class: 11635K(13580K)->11635K(13580K)
[23.537s][info][gc             ] GC(19) Pause Young (System.gc()) 1377M->35M(7851M) 1.835ms
[23.537s][info][gc,cpu         ] GC(19) User=0.00s Sys=0.00s Real=0.00s
[23.537s][info][gc,start       ] GC(20) Pause Full (System.gc())
[23.537s][info][gc,phases,start] GC(20) Marking Phase
[23.564s][info][gc,phases      ] GC(20) Marking Phase 27.037ms
[23.564s][info][gc,phases,start] GC(20) Summary Phase
[23.564s][info][gc,phases      ] GC(20) Summary Phase 0.011ms
[23.564s][info][gc,phases,start] GC(20) Adjust Roots
[23.574s][info][gc,phases      ] GC(20) Adjust Roots 10.418ms
[23.574s][info][gc,phases,start] GC(20) Compaction Phase
[23.593s][info][gc,phases      ] GC(20) Compaction Phase 18.369ms
[23.593s][info][gc,phases,start] GC(20) Post Compact
[23.593s][info][gc,phases      ] GC(20) Post Compact 0.504ms
[23.593s][info][gc,heap        ] GC(20) PSYoungGen: 1192K->0K(2446848K)
[23.593s][info][gc,heap        ] GC(20) ParOldGen: 34700K->34813K(5592576K)
[23.593s][info][gc,metaspace   ] GC(20) Metaspace: 104787K(108732K)->104787K(108732K) NonClass: 93151K(95152K)->93151K(95152K) Class: 11635K(13580K)->11635K(13580K)
[23.593s][info][gc             ] GC(20) Pause Full (System.gc()) 35M->33M(7851M) 56.594ms
[23.593s][info][gc,cpu         ] GC(20) User=0.02s Sys=0.00s Real=0.06s
[24.258s][info][gc,start       ] GC(21) Pause Young (System.gc())
[24.260s][info][gc,heap        ] GC(21) PSYoungGen: 1338898K->1192K(2446848K)
[24.260s][info][gc,heap        ] GC(21) ParOldGen: 34813K->34821K(5592576K)
[24.260s][info][gc,metaspace   ] GC(21) Metaspace: 104888K(108732K)->104888K(108732K) NonClass: 93252K(95152K)->93252K(95152K) Class: 11635K(13580K)->11635K(13580K)
[24.260s][info][gc             ] GC(21) Pause Young (System.gc()) 1341M->35M(7851M) 1.435ms
[24.260s][info][gc,cpu         ] GC(21) User=0.00s Sys=0.00s Real=0.00s
[24.260s][info][gc,start       ] GC(22) Pause Full (System.gc())
[24.260s][info][gc,phases,start] GC(22) Marking Phase
[24.287s][info][gc,phases      ] GC(22) Marking Phase 27.445ms
[24.287s][info][gc,phases,start] GC(22) Summary Phase
[24.287s][info][gc,phases      ] GC(22) Summary Phase 0.011ms
[24.287s][info][gc,phases,start] GC(22) Adjust Roots
[24.297s][info][gc,phases      ] GC(22) Adjust Roots 9.415ms
[24.297s][info][gc,phases,start] GC(22) Compaction Phase
[24.327s][info][gc,phases      ] GC(22) Compaction Phase 30.216ms
[24.327s][info][gc,phases,start] GC(22) Post Compact
[24.328s][info][gc,phases      ] GC(22) Post Compact 1.112ms
[24.328s][info][gc,heap        ] GC(22) PSYoungGen: 1192K->0K(2446848K)
[24.328s][info][gc,heap        ] GC(22) ParOldGen: 34821K->34926K(5592576K)
[24.328s][info][gc,metaspace   ] GC(22) Metaspace: 104888K(108732K)->104888K(108732K) NonClass: 93252K(95152K)->93252K(95152K) Class: 11635K(13580K)->11635K(13580K)
[24.328s][info][gc             ] GC(22) Pause Full (System.gc()) 35M->34M(7851M) 68.541ms
[24.329s][info][gc,cpu         ] GC(22) User=0.02s Sys=0.00s Real=0.07s
[24.975s][info][gc,start       ] GC(23) Pause Young (System.gc())
[24.976s][info][gc,heap        ] GC(23) PSYoungGen: 1359755K->1160K(2446848K)
[24.976s][info][gc,heap        ] GC(23) ParOldGen: 34926K->34934K(5592576K)
[24.976s][info][gc,metaspace   ] GC(23) Metaspace: 105241K(109244K)->105241K(109244K) NonClass: 93605K(95664K)->93605K(95664K) Class: 11635K(13580K)->11635K(13580K)
[24.976s][info][gc             ] GC(23) Pause Young (System.gc()) 1361M->35M(7851M) 1.685ms
[24.976s][info][gc,cpu         ] GC(23) User=0.00s Sys=0.00s Real=0.00s
[24.977s][info][gc,start       ] GC(24) Pause Full (System.gc())
[24.977s][info][gc,phases,start] GC(24) Marking Phase
[25.008s][info][gc,phases      ] GC(24) Marking Phase 30.984ms
[25.008s][info][gc,phases,start] GC(24) Summary Phase
[25.008s][info][gc,phases      ] GC(24) Summary Phase 0.011ms
[25.008s][info][gc,phases,start] GC(24) Adjust Roots
[25.017s][info][gc,phases      ] GC(24) Adjust Roots 9.476ms
[25.017s][info][gc,phases,start] GC(24) Compaction Phase
[25.033s][info][gc,phases      ] GC(24) Compaction Phase 15.394ms
[25.033s][info][gc,phases,start] GC(24) Post Compact
[25.034s][info][gc,phases      ] GC(24) Post Compact 1.113ms
[25.034s][info][gc,heap        ] GC(24) PSYoungGen: 1160K->0K(2446848K)
[25.034s][info][gc,heap        ] GC(24) ParOldGen: 34934K->35043K(5592576K)
[25.034s][info][gc,metaspace   ] GC(24) Metaspace: 105241K(109244K)->105241K(109244K) NonClass: 93605K(95664K)->93605K(95664K) Class: 11635K(13580K)->11635K(13580K)
[25.034s][info][gc             ] GC(24) Pause Full (System.gc()) 35M->34M(7851M) 57.336ms
[25.034s][info][gc,cpu         ] GC(24) User=0.05s Sys=0.00s Real=0.06s
[25.671s][info][gc,start       ] GC(25) Pause Young (System.gc())
[25.673s][info][gc,heap        ] GC(25) PSYoungGen: 1346165K->1096K(2446848K)
[25.673s][info][gc,heap        ] GC(25) ParOldGen: 35043K->35051K(5592576K)
[25.673s][info][gc,metaspace   ] GC(25) Metaspace: 105312K(109244K)->105312K(109244K) NonClass: 93676K(95664K)->93676K(95664K) Class: 11636K(13580K)->11636K(13580K)
[25.673s][info][gc             ] GC(25) Pause Young (System.gc()) 1348M->35M(7851M) 2.009ms
[25.673s][info][gc,cpu         ] GC(25) User=0.00s Sys=0.00s Real=0.00s
[25.673s][info][gc,start       ] GC(26) Pause Full (System.gc())
[25.673s][info][gc,phases,start] GC(26) Marking Phase
[25.720s][info][gc,phases      ] GC(26) Marking Phase 47.332ms
[25.720s][info][gc,phases,start] GC(26) Summary Phase
[25.720s][info][gc,phases      ] GC(26) Summary Phase 0.011ms
[25.720s][info][gc,phases,start] GC(26) Adjust Roots
[25.731s][info][gc,phases      ] GC(26) Adjust Roots 11.123ms
[25.732s][info][gc,phases,start] GC(26) Compaction Phase
[25.755s][info][gc,phases      ] GC(26) Compaction Phase 23.465ms
[25.755s][info][gc,phases,start] GC(26) Post Compact
[25.756s][info][gc,phases      ] GC(26) Post Compact 0.668ms
[25.756s][info][gc,heap        ] GC(26) PSYoungGen: 1096K->0K(2446848K)
[25.756s][info][gc,heap        ] GC(26) ParOldGen: 35051K->35170K(5592576K)
[25.756s][info][gc,metaspace   ] GC(26) Metaspace: 105312K(109244K)->105308K(109244K) NonClass: 93676K(95664K)->93672K(95664K) Class: 11636K(13580K)->11636K(13580K)
[25.756s][info][gc             ] GC(26) Pause Full (System.gc()) 35M->34M(7851M) 82.874ms
[25.756s][info][gc,cpu         ] GC(26) User=0.03s Sys=0.00s Real=0.09s
[26.407s][info][gc,start       ] GC(27) Pause Young (System.gc())
[26.408s][info][gc,heap        ] GC(27) PSYoungGen: 1335932K->1136K(2446848K)
[26.408s][info][gc,heap        ] GC(27) ParOldGen: 35170K->35178K(5592576K)
[26.408s][info][gc,metaspace   ] GC(27) Metaspace: 105603K(109500K)->105603K(109500K) NonClass: 93935K(95920K)->93935K(95920K) Class: 11668K(13580K)->11668K(13580K)
[26.408s][info][gc             ] GC(27) Pause Young (System.gc()) 1338M->35M(7851M) 1.699ms
[26.408s][info][gc,cpu         ] GC(27) User=0.00s Sys=0.00s Real=0.00s
[26.408s][info][gc,start       ] GC(28) Pause Full (System.gc())
[26.408s][info][gc,phases,start] GC(28) Marking Phase
[26.440s][info][gc,phases      ] GC(28) Marking Phase 31.517ms
[26.440s][info][gc,phases,start] GC(28) Summary Phase
[26.440s][info][gc,phases      ] GC(28) Summary Phase 0.010ms
[26.440s][info][gc,phases,start] GC(28) Adjust Roots
[26.451s][info][gc,phases      ] GC(28) Adjust Roots 11.117ms
[26.451s][info][gc,phases,start] GC(28) Compaction Phase
[26.478s][info][gc,phases      ] GC(28) Compaction Phase 26.787ms
[26.478s][info][gc,phases,start] GC(28) Post Compact
[26.479s][info][gc,phases      ] GC(28) Post Compact 0.701ms
[26.479s][info][gc,heap        ] GC(28) PSYoungGen: 1136K->0K(2446848K)
[26.479s][info][gc,heap        ] GC(28) ParOldGen: 35178K->35308K(5592576K)
[26.479s][info][gc,metaspace   ] GC(28) Metaspace: 105603K(109500K)->105603K(109500K) NonClass: 93935K(95920K)->93935K(95920K) Class: 11668K(13580K)->11668K(13580K)
[26.479s][info][gc             ] GC(28) Pause Full (System.gc()) 35M->34M(7851M) 70.448ms
[26.479s][info][gc,cpu         ] GC(28) User=0.02s Sys=0.00s Real=0.08s
[27.109s][info][gc,start       ] GC(29) Pause Young (System.gc())
[27.111s][info][gc,heap        ] GC(29) PSYoungGen: 1309144K->1128K(2446848K)
[27.111s][info][gc,heap        ] GC(29) ParOldGen: 35308K->35308K(5592576K)
[27.111s][info][gc,metaspace   ] GC(29) Metaspace: 105762K(109756K)->105762K(109756K) NonClass: 94094K(96176K)->94094K(96176K) Class: 11668K(13580K)->11668K(13580K)
[27.111s][info][gc             ] GC(29) Pause Young (System.gc()) 1312M->35M(7851M) 1.996ms
[27.111s][info][gc,cpu         ] GC(29) User=0.00s Sys=0.00s Real=0.00s
[27.112s][info][gc,start       ] GC(30) Pause Full (System.gc())
[27.112s][info][gc,phases,start] GC(30) Marking Phase
[27.141s][info][gc,phases      ] GC(30) Marking Phase 29.853ms
[27.141s][info][gc,phases,start] GC(30) Summary Phase
[27.141s][info][gc,phases      ] GC(30) Summary Phase 0.011ms
[27.141s][info][gc,phases,start] GC(30) Adjust Roots
[27.153s][info][gc,phases      ] GC(30) Adjust Roots 11.192ms
[27.153s][info][gc,phases,start] GC(30) Compaction Phase
[27.174s][info][gc,phases      ] GC(30) Compaction Phase 21.076ms
[27.174s][info][gc,phases,start] GC(30) Post Compact
[27.174s][info][gc,phases      ] GC(30) Post Compact 0.483ms
[27.174s][info][gc,heap        ] GC(30) PSYoungGen: 1128K->0K(2446848K)
[27.174s][info][gc,heap        ] GC(30) ParOldGen: 35308K->35428K(5592576K)
[27.174s][info][gc,metaspace   ] GC(30) Metaspace: 105762K(109756K)->105762K(109756K) NonClass: 94094K(96176K)->94094K(96176K) Class: 11668K(13580K)->11668K(13580K)
[27.174s][info][gc             ] GC(30) Pause Full (System.gc()) 35M->34M(7851M) 62.861ms
[27.174s][info][gc,cpu         ] GC(30) User=0.02s Sys=0.00s Real=0.06s
[27.798s][info][gc,start       ] GC(31) Pause Young (System.gc())
[27.800s][info][gc,heap        ] GC(31) PSYoungGen: 1304106K->1136K(2446848K)
[27.800s][info][gc,heap        ] GC(31) ParOldGen: 35428K->35436K(5592576K)
[27.800s][info][gc,metaspace   ] GC(31) Metaspace: 105897K(109756K)->105897K(109756K) NonClass: 94229K(96176K)->94229K(96176K) Class: 11668K(13580K)->11668K(13580K)
[27.800s][info][gc             ] GC(31) Pause Young (System.gc()) 1308M->35M(7851M) 1.641ms
[27.800s][info][gc,cpu         ] GC(31) User=0.00s Sys=0.00s Real=0.00s
[27.800s][info][gc,start       ] GC(32) Pause Full (System.gc())
[27.800s][info][gc,phases,start] GC(32) Marking Phase
[27.828s][info][gc,phases      ] GC(32) Marking Phase 27.758ms
[27.828s][info][gc,phases,start] GC(32) Summary Phase
[27.828s][info][gc,phases      ] GC(32) Summary Phase 0.011ms
[27.828s][info][gc,phases,start] GC(32) Adjust Roots
[27.838s][info][gc,phases      ] GC(32) Adjust Roots 10.355ms
[27.838s][info][gc,phases,start] GC(32) Compaction Phase
[27.861s][info][gc,phases      ] GC(32) Compaction Phase 22.576ms
[27.861s][info][gc,phases,start] GC(32) Post Compact
[27.862s][info][gc,phases      ] GC(32) Post Compact 1.054ms
[27.862s][info][gc,heap        ] GC(32) PSYoungGen: 1136K->0K(2446848K)
[27.862s][info][gc,heap        ] GC(32) ParOldGen: 35436K->35547K(5592576K)
[27.862s][info][gc,metaspace   ] GC(32) Metaspace: 105897K(109756K)->105897K(109756K) NonClass: 94229K(96176K)->94229K(96176K) Class: 11668K(13580K)->11668K(13580K)
[27.862s][info][gc             ] GC(32) Pause Full (System.gc()) 35M->34M(7851M) 62.128ms
[27.862s][info][gc,cpu         ] GC(32) User=0.02s Sys=0.00s Real=0.06s
[28.489s][info][gc,start       ] GC(33) Pause Young (System.gc())
[28.491s][info][gc,heap        ] GC(33) PSYoungGen: 1382983K->1168K(2446848K)
[28.491s][info][gc,heap        ] GC(33) ParOldGen: 35547K->35555K(5592576K)
[28.491s][info][gc,metaspace   ] GC(33) Metaspace: 106083K(110140K)->106083K(110140K) NonClass: 94377K(96432K)->94377K(96432K) Class: 11705K(13708K)->11705K(13708K)
[28.491s][info][gc             ] GC(33) Pause Young (System.gc()) 1385M->35M(7851M) 1.871ms
[28.491s][info][gc,cpu         ] GC(33) User=0.02s Sys=0.00s Real=0.02s
[28.491s][info][gc,start       ] GC(34) Pause Full (System.gc())
[28.491s][info][gc,phases,start] GC(34) Marking Phase
[28.519s][info][gc,phases      ] GC(34) Marking Phase 28.134ms
[28.519s][info][gc,phases,start] GC(34) Summary Phase
[28.519s][info][gc,phases      ] GC(34) Summary Phase 0.010ms
[28.519s][info][gc,phases,start] GC(34) Adjust Roots
[28.531s][info][gc,phases      ] GC(34) Adjust Roots 12.241ms
[28.532s][info][gc,phases,start] GC(34) Compaction Phase
[28.557s][info][gc,phases      ] GC(34) Compaction Phase 25.696ms
[28.557s][info][gc,phases,start] GC(34) Post Compact
[28.558s][info][gc,phases      ] GC(34) Post Compact 0.561ms
[28.558s][info][gc,heap        ] GC(34) PSYoungGen: 1168K->0K(2446848K)
[28.558s][info][gc,heap        ] GC(34) ParOldGen: 35555K->35619K(5592576K)
[28.558s][info][gc,metaspace   ] GC(34) Metaspace: 106083K(110140K)->106083K(110140K) NonClass: 94377K(96432K)->94377K(96432K) Class: 11705K(13708K)->11705K(13708K)
[28.558s][info][gc             ] GC(34) Pause Full (System.gc()) 35M->34M(7851M) 66.940ms
[28.558s][info][gc,cpu         ] GC(34) User=0.05s Sys=0.00s Real=0.06s
[29.176s][info][gc,start       ] GC(35) Pause Young (System.gc())
[29.177s][info][gc,heap        ] GC(35) PSYoungGen: 1303705K->1096K(2446848K)
[29.178s][info][gc,heap        ] GC(35) ParOldGen: 35619K->35627K(5592576K)
[29.178s][info][gc,metaspace   ] GC(35) Metaspace: 106139K(110140K)->106139K(110140K) NonClass: 94433K(96432K)->94433K(96432K) Class: 11705K(13708K)->11705K(13708K)
[29.178s][info][gc             ] GC(35) Pause Young (System.gc()) 1307M->35M(7851M) 1.677ms
[29.178s][info][gc,cpu         ] GC(35) User=0.00s Sys=0.00s Real=0.00s
[29.178s][info][gc,start       ] GC(36) Pause Full (System.gc())
[29.178s][info][gc,phases,start] GC(36) Marking Phase
[29.206s][info][gc,phases      ] GC(36) Marking Phase 27.943ms
[29.206s][info][gc,phases,start] GC(36) Summary Phase
[29.206s][info][gc,phases      ] GC(36) Summary Phase 0.010ms
[29.206s][info][gc,phases,start] GC(36) Adjust Roots
[29.217s][info][gc,phases      ] GC(36) Adjust Roots 11.479ms
[29.217s][info][gc,phases,start] GC(36) Compaction Phase
[29.243s][info][gc,phases      ] GC(36) Compaction Phase 26.055ms
[29.243s][info][gc,phases,start] GC(36) Post Compact
[29.244s][info][gc,phases      ] GC(36) Post Compact 0.777ms
[29.244s][info][gc,heap        ] GC(36) PSYoungGen: 1096K->0K(2446848K)
[29.244s][info][gc,heap        ] GC(36) ParOldGen: 35627K->35722K(5592576K)
[29.244s][info][gc,metaspace   ] GC(36) Metaspace: 106139K(110140K)->106139K(110140K) NonClass: 94433K(96432K)->94433K(96432K) Class: 11705K(13708K)->11705K(13708K)
[29.244s][info][gc             ] GC(36) Pause Full (System.gc()) 35M->34M(7851M) 66.580ms
[29.244s][info][gc,cpu         ] GC(36) User=0.05s Sys=0.00s Real=0.08s
[29.871s][info][gc,start       ] GC(37) Pause Young (System.gc())
[29.872s][info][gc,heap        ] GC(37) PSYoungGen: 1319780K->1096K(2446848K)
[29.872s][info][gc,heap        ] GC(37) ParOldGen: 35722K->35730K(5592576K)
[29.872s][info][gc,metaspace   ] GC(37) Metaspace: 106366K(110396K)->106366K(110396K) NonClass: 94660K(96688K)->94660K(96688K) Class: 11705K(13708K)->11705K(13708K)
[29.872s][info][gc             ] GC(37) Pause Young (System.gc()) 1323M->35M(7851M) 1.599ms
[29.872s][info][gc,cpu         ] GC(37) User=0.00s Sys=0.00s Real=0.01s
[29.872s][info][gc,start       ] GC(38) Pause Full (System.gc())
[29.872s][info][gc,phases,start] GC(38) Marking Phase
[29.901s][info][gc,phases      ] GC(38) Marking Phase 28.965ms
[29.901s][info][gc,phases,start] GC(38) Summary Phase
[29.901s][info][gc,phases      ] GC(38) Summary Phase 0.011ms
[29.901s][info][gc,phases,start] GC(38) Adjust Roots
[29.912s][info][gc,phases      ] GC(38) Adjust Roots 11.098ms
[29.912s][info][gc,phases,start] GC(38) Compaction Phase
[29.934s][info][gc,phases      ] GC(38) Compaction Phase 21.806ms
[29.934s][info][gc,phases,start] GC(38) Post Compact
[29.935s][info][gc,phases      ] GC(38) Post Compact 1.114ms
[29.935s][info][gc,heap        ] GC(38) PSYoungGen: 1096K->0K(2446848K)
[29.935s][info][gc,heap        ] GC(38) ParOldGen: 35730K->35828K(5592576K)
[29.936s][info][gc,metaspace   ] GC(38) Metaspace: 106366K(110396K)->106366K(110396K) NonClass: 94660K(96688K)->94660K(96688K) Class: 11705K(13708K)->11705K(13708K)
[29.936s][info][gc             ] GC(38) Pause Full (System.gc()) 35M->34M(7851M) 63.306ms
[29.936s][info][gc,cpu         ] GC(38) User=0.05s Sys=0.00s Real=0.06s
[30.545s][info][gc,start       ] GC(39) Pause Young (System.gc())
[30.546s][info][gc,heap        ] GC(39) PSYoungGen: 1292361K->1064K(2446848K)
[30.546s][info][gc,heap        ] GC(39) ParOldGen: 35828K->35836K(5592576K)
[30.546s][info][gc,metaspace   ] GC(39) Metaspace: 106417K(110652K)->106417K(110652K) NonClass: 94711K(96944K)->94711K(96944K) Class: 11705K(13708K)->11705K(13708K)
[30.546s][info][gc             ] GC(39) Pause Young (System.gc()) 1297M->36M(7851M) 1.659ms
[30.546s][info][gc,cpu         ] GC(39) User=0.00s Sys=0.00s Real=0.02s
[30.546s][info][gc,start       ] GC(40) Pause Full (System.gc())
[30.546s][info][gc,phases,start] GC(40) Marking Phase
[30.574s][info][gc,phases      ] GC(40) Marking Phase 27.664ms
[30.574s][info][gc,phases,start] GC(40) Summary Phase
[30.574s][info][gc,phases      ] GC(40) Summary Phase 0.011ms
[30.574s][info][gc,phases,start] GC(40) Adjust Roots
[30.586s][info][gc,phases      ] GC(40) Adjust Roots 11.429ms
[30.586s][info][gc,phases,start] GC(40) Compaction Phase
[30.609s][info][gc,phases      ] GC(40) Compaction Phase 23.327ms
[30.609s][info][gc,phases,start] GC(40) Post Compact
[30.610s][info][gc,phases      ] GC(40) Post Compact 0.777ms
[30.610s][info][gc,heap        ] GC(40) PSYoungGen: 1064K->0K(2446848K)
[30.610s][info][gc,heap        ] GC(40) ParOldGen: 35836K->35937K(5592576K)
[30.610s][info][gc,metaspace   ] GC(40) Metaspace: 106417K(110652K)->106417K(110652K) NonClass: 94711K(96944K)->94711K(96944K) Class: 11705K(13708K)->11705K(13708K)
[30.610s][info][gc             ] GC(40) Pause Full (System.gc()) 36M->35M(7851M) 63.537ms
[30.610s][info][gc,cpu         ] GC(40) User=0.02s Sys=0.00s Real=0.06s
[31.219s][info][gc,start       ] GC(41) Pause Young (System.gc())
[31.221s][info][gc,heap        ] GC(41) PSYoungGen: 1297146K->1104K(2446848K)
[31.221s][info][gc,heap        ] GC(41) ParOldGen: 35937K->35937K(5592576K)
[31.221s][info][gc,metaspace   ] GC(41) Metaspace: 106425K(110652K)->106425K(110652K) NonClass: 94719K(96944K)->94719K(96944K) Class: 11705K(13708K)->11705K(13708K)
[31.221s][info][gc             ] GC(41) Pause Young (System.gc()) 1301M->36M(7851M) 1.591ms
[31.221s][info][gc,cpu         ] GC(41) User=0.00s Sys=0.00s Real=0.00s
[31.221s][info][gc,start       ] GC(42) Pause Full (System.gc())
[31.221s][info][gc,phases,start] GC(42) Marking Phase
[31.250s][info][gc,phases      ] GC(42) Marking Phase 28.365ms
[31.250s][info][gc,phases,start] GC(42) Summary Phase
[31.250s][info][gc,phases      ] GC(42) Summary Phase 0.011ms
[31.250s][info][gc,phases,start] GC(42) Adjust Roots
[31.261s][info][gc,phases      ] GC(42) Adjust Roots 11.083ms
[31.261s][info][gc,phases,start] GC(42) Compaction Phase
[31.285s][info][gc,phases      ] GC(42) Compaction Phase 24.443ms
[31.285s][info][gc,phases,start] GC(42) Post Compact
[31.286s][info][gc,phases      ] GC(42) Post Compact 0.624ms
[31.286s][info][gc,heap        ] GC(42) PSYoungGen: 1104K->0K(2446848K)
[31.286s][info][gc,heap        ] GC(42) ParOldGen: 35937K->36041K(5592576K)
[31.286s][info][gc,metaspace   ] GC(42) Metaspace: 106425K(110652K)->106425K(110652K) NonClass: 94719K(96944K)->94719K(96944K) Class: 11705K(13708K)->11705K(13708K)
[31.286s][info][gc             ] GC(42) Pause Full (System.gc()) 36M->35M(7851M) 64.789ms
[31.286s][info][gc,cpu         ] GC(42) User=0.05s Sys=0.00s Real=0.08s
[31.901s][info][gc,start       ] GC(43) Pause Young (System.gc())
[31.902s][info][gc,heap        ] GC(43) PSYoungGen: 1300383K->1072K(2446848K)
[31.902s][info][gc,heap        ] GC(43) ParOldGen: 36041K->36041K(5592576K)
[31.902s][info][gc,metaspace   ] GC(43) Metaspace: 106456K(110652K)->106456K(110652K) NonClass: 94750K(96944K)->94750K(96944K) Class: 11705K(13708K)->11705K(13708K)
[31.902s][info][gc             ] GC(43) Pause Young (System.gc()) 1305M->36M(7851M) 1.711ms
[31.903s][info][gc,cpu         ] GC(43) User=0.00s Sys=0.00s Real=0.00s
[31.903s][info][gc,start       ] GC(44) Pause Full (System.gc())
[31.903s][info][gc,phases,start] GC(44) Marking Phase
[31.933s][info][gc,phases      ] GC(44) Marking Phase 30.451ms
[31.933s][info][gc,phases,start] GC(44) Summary Phase
[31.933s][info][gc,phases      ] GC(44) Summary Phase 0.011ms
[31.933s][info][gc,phases,start] GC(44) Adjust Roots
[31.945s][info][gc,phases      ] GC(44) Adjust Roots 11.816ms
[31.945s][info][gc,phases,start] GC(44) Compaction Phase
[31.964s][info][gc,phases      ] GC(44) Compaction Phase 18.729ms
[31.964s][info][gc,phases,start] GC(44) Post Compact
[31.964s][info][gc,phases      ] GC(44) Post Compact 0.567ms
[31.964s][info][gc,heap        ] GC(44) PSYoungGen: 1072K->0K(2446848K)
[31.964s][info][gc,heap        ] GC(44) ParOldGen: 36041K->36147K(5592576K)
[31.964s][info][gc,metaspace   ] GC(44) Metaspace: 106456K(110652K)->106456K(110652K) NonClass: 94750K(96944K)->94750K(96944K) Class: 11705K(13708K)->11705K(13708K)
[31.964s][info][gc             ] GC(44) Pause Full (System.gc()) 36M->35M(7851M) 61.800ms
[31.964s][info][gc,cpu         ] GC(44) User=0.00s Sys=0.00s Real=0.06s
[32.580s][info][gc,start       ] GC(45) Pause Young (System.gc())
[32.581s][info][gc,heap        ] GC(45) PSYoungGen: 1298262K->1096K(2446848K)
[32.581s][info][gc,heap        ] GC(45) ParOldGen: 36147K->36155K(5592576K)
[32.581s][info][gc,metaspace   ] GC(45) Metaspace: 106461K(110652K)->106461K(110652K) NonClass: 94755K(96944K)->94755K(96944K) Class: 11705K(13708K)->11705K(13708K)
[32.581s][info][gc             ] GC(45) Pause Young (System.gc()) 1303M->36M(7851M) 1.625ms
[32.582s][info][gc,cpu         ] GC(45) User=0.00s Sys=0.00s Real=0.00s
[32.582s][info][gc,start       ] GC(46) Pause Full (System.gc())
[32.582s][info][gc,phases,start] GC(46) Marking Phase
[32.610s][info][gc,phases      ] GC(46) Marking Phase 28.738ms
[32.610s][info][gc,phases,start] GC(46) Summary Phase
[32.610s][info][gc,phases      ] GC(46) Summary Phase 0.010ms
[32.610s][info][gc,phases,start] GC(46) Adjust Roots
[32.622s][info][gc,phases      ] GC(46) Adjust Roots 11.858ms
[32.622s][info][gc,phases,start] GC(46) Compaction Phase
[32.638s][info][gc,phases      ] GC(46) Compaction Phase 15.841ms
[32.638s][info][gc,phases,start] GC(46) Post Compact
[32.639s][info][gc,phases      ] GC(46) Post Compact 0.727ms
[32.639s][info][gc,heap        ] GC(46) PSYoungGen: 1096K->0K(2446848K)
[32.639s][info][gc,heap        ] GC(46) ParOldGen: 36155K->36253K(5592576K)
[32.639s][info][gc,metaspace   ] GC(46) Metaspace: 106461K(110652K)->106461K(110652K) NonClass: 94755K(96944K)->94755K(96944K) Class: 11705K(13708K)->11705K(13708K)
[32.639s][info][gc             ] GC(46) Pause Full (System.gc()) 36M->35M(7851M) 57.473ms
[32.639s][info][gc,cpu         ] GC(46) User=0.05s Sys=0.00s Real=0.06s
[33.246s][info][gc,start       ] GC(47) Pause Young (System.gc())
[33.247s][info][gc,heap        ] GC(47) PSYoungGen: 1296920K->1064K(2446848K)
[33.247s][info][gc,heap        ] GC(47) ParOldGen: 36253K->36253K(5592576K)
[33.247s][info][gc,metaspace   ] GC(47) Metaspace: 106468K(110652K)->106468K(110652K) NonClass: 94762K(96944K)->94762K(96944K) Class: 11705K(13708K)->11705K(13708K)
[33.247s][info][gc             ] GC(47) Pause Young (System.gc()) 1301M->36M(7851M) 1.578ms
[33.247s][info][gc,cpu         ] GC(47) User=0.00s Sys=0.00s Real=0.00s
[33.248s][info][gc,start       ] GC(48) Pause Full (System.gc())
[33.248s][info][gc,phases,start] GC(48) Marking Phase
[33.276s][info][gc,phases      ] GC(48) Marking Phase 28.903ms
[33.277s][info][gc,phases,start] GC(48) Summary Phase
[33.277s][info][gc,phases      ] GC(48) Summary Phase 0.010ms
[33.277s][info][gc,phases,start] GC(48) Adjust Roots
[33.288s][info][gc,phases      ] GC(48) Adjust Roots 11.335ms
[33.288s][info][gc,phases,start] GC(48) Compaction Phase
[33.312s][info][gc,phases      ] GC(48) Compaction Phase 24.319ms
[33.312s][info][gc,phases,start] GC(48) Post Compact
[33.313s][info][gc,phases      ] GC(48) Post Compact 0.783ms
[33.313s][info][gc,heap        ] GC(48) PSYoungGen: 1064K->0K(2446848K)
[33.313s][info][gc,heap        ] GC(48) ParOldGen: 36253K->36369K(5592576K)
[33.313s][info][gc,metaspace   ] GC(48) Metaspace: 106468K(110652K)->106468K(110652K) NonClass: 94762K(96944K)->94762K(96944K) Class: 11705K(13708K)->11705K(13708K)
[33.313s][info][gc             ] GC(48) Pause Full (System.gc()) 36M->35M(7851M) 65.658ms
[33.313s][info][gc,cpu         ] GC(48) User=0.06s Sys=0.00s Real=0.08s
[33.918s][info][gc,start       ] GC(49) Pause Young (System.gc())
[33.919s][info][gc,heap        ] GC(49) PSYoungGen: 1316199K->1096K(2446848K)
[33.919s][info][gc,heap        ] GC(49) ParOldGen: 36369K->36369K(5592576K)
[33.919s][info][gc,metaspace   ] GC(49) Metaspace: 106511K(110652K)->106511K(110652K) NonClass: 94805K(96944K)->94805K(96944K) Class: 11705K(13708K)->11705K(13708K)
[33.920s][info][gc             ] GC(49) Pause Young (System.gc()) 1320M->36M(7851M) 1.651ms
[33.920s][info][gc,cpu         ] GC(49) User=0.00s Sys=0.00s Real=0.00s
[33.920s][info][gc,start       ] GC(50) Pause Full (System.gc())
[33.920s][info][gc,phases,start] GC(50) Marking Phase
[33.950s][info][gc,phases      ] GC(50) Marking Phase 30.538ms
[33.950s][info][gc,phases,start] GC(50) Summary Phase
[33.950s][info][gc,phases      ] GC(50) Summary Phase 0.011ms
[33.950s][info][gc,phases,start] GC(50) Adjust Roots
[33.962s][info][gc,phases      ] GC(50) Adjust Roots 11.784ms
[33.962s][info][gc,phases,start] GC(50) Compaction Phase
[33.988s][info][gc,phases      ] GC(50) Compaction Phase 25.620ms
[33.988s][info][gc,phases,start] GC(50) Post Compact
[33.988s][info][gc,phases      ] GC(50) Post Compact 0.683ms
[33.988s][info][gc,heap        ] GC(50) PSYoungGen: 1096K->0K(2446848K)
[33.988s][info][gc,heap        ] GC(50) ParOldGen: 36369K->36476K(5592576K)
[33.989s][info][gc,metaspace   ] GC(50) Metaspace: 106511K(110652K)->106511K(110652K) NonClass: 94805K(96944K)->94805K(96944K) Class: 11705K(13708K)->11705K(13708K)
[33.989s][info][gc             ] GC(50) Pause Full (System.gc()) 36M->35M(7851M) 68.940ms
[33.989s][info][gc,cpu         ] GC(50) User=0.06s Sys=0.00s Real=0.08s
[34.598s][info][gc,start       ] GC(51) Pause Young (System.gc())
[34.600s][info][gc,heap        ] GC(51) PSYoungGen: 1321605K->1264K(2446848K)
[34.600s][info][gc,heap        ] GC(51) ParOldGen: 36476K->36476K(5592576K)
[34.600s][info][gc,metaspace   ] GC(51) Metaspace: 106572K(110652K)->106572K(110652K) NonClass: 94866K(96944K)->94866K(96944K) Class: 11705K(13708K)->11705K(13708K)
[34.600s][info][gc             ] GC(51) Pause Young (System.gc()) 1326M->36M(7851M) 1.800ms
[34.600s][info][gc,cpu         ] GC(51) User=0.00s Sys=0.00s Real=0.02s
[34.600s][info][gc,start       ] GC(52) Pause Full (System.gc())
[34.600s][info][gc,phases,start] GC(52) Marking Phase
[34.628s][info][gc,phases      ] GC(52) Marking Phase 27.961ms
[34.628s][info][gc,phases,start] GC(52) Summary Phase
[34.628s][info][gc,phases      ] GC(52) Summary Phase 0.010ms
[34.628s][info][gc,phases,start] GC(52) Adjust Roots
[34.641s][info][gc,phases      ] GC(52) Adjust Roots 12.674ms
[34.641s][info][gc,phases,start] GC(52) Compaction Phase
[34.664s][info][gc,phases      ] GC(52) Compaction Phase 22.886ms
[34.664s][info][gc,phases,start] GC(52) Post Compact
[34.664s][info][gc,phases      ] GC(52) Post Compact 0.593ms
[34.665s][info][gc,heap        ] GC(52) PSYoungGen: 1264K->0K(2446848K)
[34.665s][info][gc,heap        ] GC(52) ParOldGen: 36476K->36740K(5592576K)
[34.665s][info][gc,metaspace   ] GC(52) Metaspace: 106572K(110652K)->106572K(110652K) NonClass: 94866K(96944K)->94866K(96944K) Class: 11705K(13708K)->11705K(13708K)
[34.665s][info][gc             ] GC(52) Pause Full (System.gc()) 36M->35M(7851M) 64.383ms
[34.665s][info][gc,cpu         ] GC(52) User=0.03s Sys=0.00s Real=0.06s
[35.262s][info][gc,start       ] GC(53) Pause Young (System.gc())
[35.263s][info][gc,heap        ] GC(53) PSYoungGen: 1294083K->1096K(2446848K)
[35.263s][info][gc,heap        ] GC(53) ParOldGen: 36740K->36740K(5592576K)
[35.263s][info][gc,metaspace   ] GC(53) Metaspace: 106583K(110652K)->106583K(110652K) NonClass: 94877K(96944K)->94877K(96944K) Class: 11705K(13708K)->11705K(13708K)
[35.263s][info][gc             ] GC(53) Pause Young (System.gc()) 1299M->36M(7851M) 1.686ms
[35.263s][info][gc,cpu         ] GC(53) User=0.00s Sys=0.00s Real=0.00s
[35.263s][info][gc,start       ] GC(54) Pause Full (System.gc())
[35.263s][info][gc,phases,start] GC(54) Marking Phase
[35.292s][info][gc,phases      ] GC(54) Marking Phase 28.728ms
[35.292s][info][gc,phases,start] GC(54) Summary Phase
[35.292s][info][gc,phases      ] GC(54) Summary Phase 0.010ms
[35.292s][info][gc,phases,start] GC(54) Adjust Roots
[35.304s][info][gc,phases      ] GC(54) Adjust Roots 11.893ms
[35.304s][info][gc,phases,start] GC(54) Compaction Phase
[35.324s][info][gc,phases      ] GC(54) Compaction Phase 20.170ms
[35.324s][info][gc,phases,start] GC(54) Post Compact
[35.325s][info][gc,phases      ] GC(54) Post Compact 0.636ms
[35.325s][info][gc,heap        ] GC(54) PSYoungGen: 1096K->0K(2446848K)
[35.325s][info][gc,heap        ] GC(54) ParOldGen: 36740K->36845K(5592576K)
[35.325s][info][gc,metaspace   ] GC(54) Metaspace: 106583K(110652K)->106583K(110652K) NonClass: 94877K(96944K)->94877K(96944K) Class: 11705K(13708K)->11705K(13708K)
[35.325s][info][gc             ] GC(54) Pause Full (System.gc()) 36M->35M(7851M) 61.684ms
[35.325s][info][gc,cpu         ] GC(54) User=0.05s Sys=0.00s Real=0.06s
[35.941s][info][gc,start       ] GC(55) Pause Young (System.gc())
[35.942s][info][gc,heap        ] GC(55) PSYoungGen: 1324109K->1064K(2446848K)
[35.942s][info][gc,heap        ] GC(55) ParOldGen: 36845K->36853K(5592576K)
[35.942s][info][gc,metaspace   ] GC(55) Metaspace: 106590K(110652K)->106590K(110652K) NonClass: 94884K(96944K)->94884K(96944K) Class: 11706K(13708K)->11706K(13708K)
[35.942s][info][gc             ] GC(55) Pause Young (System.gc()) 1329M->37M(7851M) 1.696ms
[35.942s][info][gc,cpu         ] GC(55) User=0.00s Sys=0.00s Real=0.00s
[35.942s][info][gc,start       ] GC(56) Pause Full (System.gc())
[35.942s][info][gc,phases,start] GC(56) Marking Phase
[35.972s][info][gc,phases      ] GC(56) Marking Phase 29.079ms
[35.972s][info][gc,phases,start] GC(56) Summary Phase
[35.972s][info][gc,phases      ] GC(56) Summary Phase 0.010ms
[35.972s][info][gc,phases,start] GC(56) Adjust Roots
[35.983s][info][gc,phases      ] GC(56) Adjust Roots 11.235ms
[35.983s][info][gc,phases,start] GC(56) Compaction Phase
[36.001s][info][gc,phases      ] GC(56) Compaction Phase 17.990ms
[36.001s][info][gc,phases,start] GC(56) Post Compact
[36.002s][info][gc,phases      ] GC(56) Post Compact 0.698ms
[36.002s][info][gc,heap        ] GC(56) PSYoungGen: 1064K->0K(2446848K)
[36.002s][info][gc,heap        ] GC(56) ParOldGen: 36853K->36950K(5592576K)
[36.002s][info][gc,metaspace   ] GC(56) Metaspace: 106590K(110652K)->106590K(110652K) NonClass: 94884K(96944K)->94884K(96944K) Class: 11706K(13708K)->11706K(13708K)
[36.002s][info][gc             ] GC(56) Pause Full (System.gc()) 37M->36M(7851M) 59.258ms
[36.002s][info][gc,cpu         ] GC(56) User=0.05s Sys=0.00s Real=0.06s
[36.599s][info][gc,start       ] GC(57) Pause Young (System.gc())
[36.601s][info][gc,heap        ] GC(57) PSYoungGen: 1297537K->1064K(2446848K)
[36.601s][info][gc,heap        ] GC(57) ParOldGen: 36950K->36950K(5592576K)
[36.601s][info][gc,metaspace   ] GC(57) Metaspace: 106590K(110652K)->106590K(110652K) NonClass: 94884K(96944K)->94884K(96944K) Class: 11706K(13708K)->11706K(13708K)
[36.601s][info][gc             ] GC(57) Pause Young (System.gc()) 1303M->37M(7851M) 1.927ms
[36.601s][info][gc,cpu         ] GC(57) User=0.00s Sys=0.00s Real=0.00s
[36.601s][info][gc,start       ] GC(58) Pause Full (System.gc())
[36.601s][info][gc,phases,start] GC(58) Marking Phase
[36.631s][info][gc,phases      ] GC(58) Marking Phase 30.159ms
[36.631s][info][gc,phases,start] GC(58) Summary Phase
[36.631s][info][gc,phases      ] GC(58) Summary Phase 0.011ms
[36.631s][info][gc,phases,start] GC(58) Adjust Roots
[36.644s][info][gc,phases      ] GC(58) Adjust Roots 13.243ms
[36.644s][info][gc,phases,start] GC(58) Compaction Phase
[36.673s][info][gc,phases      ] GC(58) Compaction Phase 28.880ms
[36.673s][info][gc,phases,start] GC(58) Post Compact
[36.674s][info][gc,phases      ] GC(58) Post Compact 1.185ms
[36.674s][info][gc,heap        ] GC(58) PSYoungGen: 1064K->0K(2446848K)
[36.675s][info][gc,heap        ] GC(58) ParOldGen: 36950K->37056K(5592576K)
[36.675s][info][gc,metaspace   ] GC(58) Metaspace: 106590K(110652K)->106590K(110652K) NonClass: 94884K(96944K)->94884K(96944K) Class: 11706K(13708K)->11706K(13708K)
[36.675s][info][gc             ] GC(58) Pause Full (System.gc()) 37M->36M(7851M) 73.844ms
[36.675s][info][gc,cpu         ] GC(58) User=0.03s Sys=0.00s Real=0.08s
[37.272s][info][gc,start       ] GC(59) Pause Young (System.gc())
[37.273s][info][gc,heap        ] GC(59) PSYoungGen: 1310223K->1056K(2446848K)
[37.273s][info][gc,heap        ] GC(59) ParOldGen: 37056K->37056K(5592576K)
[37.273s][info][gc,metaspace   ] GC(59) Metaspace: 106600K(110652K)->106600K(110652K) NonClass: 94893K(96944K)->94893K(96944K) Class: 11706K(13708K)->11706K(13708K)
[37.273s][info][gc             ] GC(59) Pause Young (System.gc()) 1315M->37M(7851M) 1.571ms
[37.273s][info][gc,cpu         ] GC(59) User=0.00s Sys=0.00s Real=0.00s
[37.273s][info][gc,start       ] GC(60) Pause Full (System.gc())
[37.273s][info][gc,phases,start] GC(60) Marking Phase
[37.301s][info][gc,phases      ] GC(60) Marking Phase 27.917ms
[37.301s][info][gc,phases,start] GC(60) Summary Phase
[37.301s][info][gc,phases      ] GC(60) Summary Phase 0.011ms
[37.301s][info][gc,phases,start] GC(60) Adjust Roots
[37.313s][info][gc,phases      ] GC(60) Adjust Roots 11.472ms
[37.313s][info][gc,phases,start] GC(60) Compaction Phase
[37.333s][info][gc,phases      ] GC(60) Compaction Phase 19.818ms
[37.333s][info][gc,phases,start] GC(60) Post Compact
[37.334s][info][gc,phases      ] GC(60) Post Compact 1.192ms
[37.334s][info][gc,heap        ] GC(60) PSYoungGen: 1056K->0K(2446848K)
[37.334s][info][gc,heap        ] GC(60) ParOldGen: 37056K->37161K(5592576K)
[37.334s][info][gc,metaspace   ] GC(60) Metaspace: 106600K(110652K)->106600K(110652K) NonClass: 94893K(96944K)->94893K(96944K) Class: 11706K(13708K)->11706K(13708K)
[37.334s][info][gc             ] GC(60) Pause Full (System.gc()) 37M->36M(7851M) 60.762ms
[37.334s][info][gc,cpu         ] GC(60) User=0.05s Sys=0.00s Real=0.06s
[37.932s][info][gc,start       ] GC(61) Pause Young (System.gc())
[37.934s][info][gc,heap        ] GC(61) PSYoungGen: 1307162K->1000K(2446848K)
[37.934s][info][gc,heap        ] GC(61) ParOldGen: 37161K->37161K(5592576K)
[37.934s][info][gc,metaspace   ] GC(61) Metaspace: 106600K(110652K)->106600K(110652K) NonClass: 94893K(96944K)->94893K(96944K) Class: 11706K(13708K)->11706K(13708K)
[37.934s][info][gc             ] GC(61) Pause Young (System.gc()) 1312M->37M(7851M) 1.668ms
[37.934s][info][gc,cpu         ] GC(61) User=0.00s Sys=0.00s Real=0.00s
[37.934s][info][gc,start       ] GC(62) Pause Full (System.gc())
[37.934s][info][gc,phases,start] GC(62) Marking Phase
[37.964s][info][gc,phases      ] GC(62) Marking Phase 29.477ms
[37.964s][info][gc,phases,start] GC(62) Summary Phase
[37.964s][info][gc,phases      ] GC(62) Summary Phase 0.012ms
[37.964s][info][gc,phases,start] GC(62) Adjust Roots
[37.975s][info][gc,phases      ] GC(62) Adjust Roots 11.385ms
[37.975s][info][gc,phases,start] GC(62) Compaction Phase
[37.992s][info][gc,phases      ] GC(62) Compaction Phase 17.239ms
[37.992s][info][gc,phases,start] GC(62) Post Compact
[37.993s][info][gc,phases      ] GC(62) Post Compact 0.783ms
[37.993s][info][gc,heap        ] GC(62) PSYoungGen: 1000K->0K(2446848K)
[37.993s][info][gc,heap        ] GC(62) ParOldGen: 37161K->37268K(5592576K)
[37.993s][info][gc,metaspace   ] GC(62) Metaspace: 106600K(110652K)->106600K(110652K) NonClass: 94893K(96944K)->94893K(96944K) Class: 11706K(13708K)->11706K(13708K)
[37.993s][info][gc             ] GC(62) Pause Full (System.gc()) 37M->36M(7851M) 59.229ms
[37.993s][info][gc,cpu         ] GC(62) User=0.05s Sys=0.00s Real=0.06s
[38.594s][info][gc,start       ] GC(63) Pause Young (System.gc())
[38.596s][info][gc,heap        ] GC(63) PSYoungGen: 1341229K->1113K(2446848K)
[38.596s][info][gc,heap        ] GC(63) ParOldGen: 37268K->37268K(5592576K)
[38.596s][info][gc,metaspace   ] GC(63) Metaspace: 106644K(110908K)->106644K(110908K) NonClass: 94937K(97200K)->94937K(97200K) Class: 11706K(13708K)->11706K(13708K)
[38.596s][info][gc             ] GC(63) Pause Young (System.gc()) 1346M->37M(7851M) 1.755ms
[38.596s][info][gc,cpu         ] GC(63) User=0.00s Sys=0.00s Real=0.00s
[38.596s][info][gc,start       ] GC(64) Pause Full (System.gc())
[38.596s][info][gc,phases,start] GC(64) Marking Phase
[38.625s][info][gc,phases      ] GC(64) Marking Phase 29.174ms
[38.625s][info][gc,phases,start] GC(64) Summary Phase
[38.625s][info][gc,phases      ] GC(64) Summary Phase 0.010ms
[38.625s][info][gc,phases,start] GC(64) Adjust Roots
[38.637s][info][gc,phases      ] GC(64) Adjust Roots 12.358ms
[38.637s][info][gc,phases,start] GC(64) Compaction Phase
[38.668s][info][gc,phases      ] GC(64) Compaction Phase 30.468ms
[38.668s][info][gc,phases,start] GC(64) Post Compact
[38.669s][info][gc,phases      ] GC(64) Post Compact 0.792ms
[38.669s][info][gc,heap        ] GC(64) PSYoungGen: 1113K->0K(2446848K)
[38.669s][info][gc,heap        ] GC(64) ParOldGen: 37268K->37298K(5592576K)
[38.669s][info][gc,metaspace   ] GC(64) Metaspace: 106644K(110908K)->106644K(110908K) NonClass: 94937K(97200K)->94937K(97200K) Class: 11706K(13708K)->11706K(13708K)
[38.669s][info][gc             ] GC(64) Pause Full (System.gc()) 37M->36M(7851M) 73.126ms
[38.669s][info][gc,cpu         ] GC(64) User=0.03s Sys=0.00s Real=0.08s
[39.260s][info][gc,start       ] GC(65) Pause Young (System.gc())
[39.262s][info][gc,heap        ] GC(65) PSYoungGen: 1310331K->1382K(2446848K)
[39.262s][info][gc,heap        ] GC(65) ParOldGen: 37298K->37306K(5592576K)
[39.262s][info][gc,metaspace   ] GC(65) Metaspace: 106836K(110908K)->106836K(110908K) NonClass: 95127K(97200K)->95127K(97200K) Class: 11708K(13708K)->11708K(13708K)
[39.262s][info][gc             ] GC(65) Pause Young (System.gc()) 1316M->37M(7851M) 1.731ms
[39.262s][info][gc,cpu         ] GC(65) User=0.00s Sys=0.00s Real=0.00s
[39.262s][info][gc,start       ] GC(66) Pause Full (System.gc())
[39.262s][info][gc,phases,start] GC(66) Marking Phase
[39.292s][info][gc,phases      ] GC(66) Marking Phase 29.750ms
[39.292s][info][gc,phases,start] GC(66) Summary Phase
[39.292s][info][gc,phases      ] GC(66) Summary Phase 0.010ms
[39.292s][info][gc,phases,start] GC(66) Adjust Roots
[39.304s][info][gc,phases      ] GC(66) Adjust Roots 11.756ms
[39.304s][info][gc,phases,start] GC(66) Compaction Phase
[39.330s][info][gc,phases      ] GC(66) Compaction Phase 26.302ms
[39.330s][info][gc,phases,start] GC(66) Post Compact
[39.331s][info][gc,phases      ] GC(66) Post Compact 0.912ms
[39.331s][info][gc,heap        ] GC(66) PSYoungGen: 1382K->0K(2446848K)
[39.331s][info][gc,heap        ] GC(66) ParOldGen: 37306K->37728K(5592576K)
[39.331s][info][gc,metaspace   ] GC(66) Metaspace: 106836K(110908K)->106836K(110908K) NonClass: 95127K(97200K)->95127K(97200K) Class: 11708K(13708K)->11708K(13708K)
[39.331s][info][gc             ] GC(66) Pause Full (System.gc()) 37M->36M(7851M) 69.112ms
[39.331s][info][gc,cpu         ] GC(66) User=0.05s Sys=0.00s Real=0.08s
[39.934s][info][gc,start       ] GC(67) Pause Young (System.gc())
[39.935s][info][gc,heap        ] GC(67) PSYoungGen: 1293571K->1072K(2446848K)
[39.935s][info][gc,heap        ] GC(67) ParOldGen: 37728K->37728K(5592576K)
[39.935s][info][gc,metaspace   ] GC(67) Metaspace: 106842K(110908K)->106842K(110908K) NonClass: 95134K(97200K)->95134K(97200K) Class: 11708K(13708K)->11708K(13708K)
[39.935s][info][gc             ] GC(67) Pause Young (System.gc()) 1300M->37M(7851M) 1.700ms
[39.935s][info][gc,cpu         ] GC(67) User=0.00s Sys=0.00s Real=0.00s
[39.935s][info][gc,start       ] GC(68) Pause Full (System.gc())
[39.935s][info][gc,phases,start] GC(68) Marking Phase
[39.965s][info][gc,phases      ] GC(68) Marking Phase 29.137ms
[39.965s][info][gc,phases,start] GC(68) Summary Phase
[39.965s][info][gc,phases      ] GC(68) Summary Phase 0.016ms
[39.965s][info][gc,phases,start] GC(68) Adjust Roots
[39.977s][info][gc,phases      ] GC(68) Adjust Roots 11.942ms
[39.977s][info][gc,phases,start] GC(68) Compaction Phase
[39.993s][info][gc,phases      ] GC(68) Compaction Phase 16.816ms
[39.993s][info][gc,phases,start] GC(68) Post Compact
[39.994s][info][gc,phases      ] GC(68) Post Compact 0.580ms
[39.994s][info][gc,heap        ] GC(68) PSYoungGen: 1072K->0K(2446848K)
[39.994s][info][gc,heap        ] GC(68) ParOldGen: 37728K->37508K(5592576K)
[39.994s][info][gc,metaspace   ] GC(68) Metaspace: 106842K(110908K)->106842K(110908K) NonClass: 95134K(97200K)->95134K(97200K) Class: 11708K(13708K)->11708K(13708K)
[39.994s][info][gc             ] GC(68) Pause Full (System.gc()) 37M->36M(7851M) 58.729ms
[39.994s][info][gc,cpu         ] GC(68) User=0.02s Sys=0.02s Real=0.06s
[40.606s][info][gc,start       ] GC(69) Pause Young (System.gc())
[40.607s][info][gc,heap        ] GC(69) PSYoungGen: 1315599K->1096K(2446848K)
[40.607s][info][gc,heap        ] GC(69) ParOldGen: 37508K->37508K(5592576K)
[40.607s][info][gc,metaspace   ] GC(69) Metaspace: 106847K(110908K)->106847K(110908K) NonClass: 95138K(97200K)->95138K(97200K) Class: 11708K(13708K)->11708K(13708K)
[40.607s][info][gc             ] GC(69) Pause Young (System.gc()) 1321M->37M(7851M) 1.702ms
[40.607s][info][gc,cpu         ] GC(69) User=0.00s Sys=0.00s Real=0.00s
[40.607s][info][gc,start       ] GC(70) Pause Full (System.gc())
[40.607s][info][gc,phases,start] GC(70) Marking Phase
[40.639s][info][gc,phases      ] GC(70) Marking Phase 31.344ms
[40.639s][info][gc,phases,start] GC(70) Summary Phase
[40.639s][info][gc,phases      ] GC(70) Summary Phase 0.011ms
[40.639s][info][gc,phases,start] GC(70) Adjust Roots
[40.652s][info][gc,phases      ] GC(70) Adjust Roots 12.973ms
[40.652s][info][gc,phases,start] GC(70) Compaction Phase
[40.672s][info][gc,phases      ] GC(70) Compaction Phase 20.143ms
[40.672s][info][gc,phases,start] GC(70) Post Compact
[40.673s][info][gc,phases      ] GC(70) Post Compact 0.727ms
[40.673s][info][gc,heap        ] GC(70) PSYoungGen: 1096K->0K(2446848K)
[40.673s][info][gc,heap        ] GC(70) ParOldGen: 37508K->37613K(5592576K)
[40.673s][info][gc,metaspace   ] GC(70) Metaspace: 106847K(110908K)->106847K(110908K) NonClass: 95138K(97200K)->95138K(97200K) Class: 11708K(13708K)->11708K(13708K)
[40.673s][info][gc             ] GC(70) Pause Full (System.gc()) 37M->36M(7851M) 65.467ms
[40.673s][info][gc,cpu         ] GC(70) User=0.00s Sys=0.00s Real=0.06s
[41.277s][info][gc,start       ] GC(71) Pause Young (System.gc())
[41.278s][info][gc,heap        ] GC(71) PSYoungGen: 1300660K->1064K(2446848K)
[41.278s][info][gc,heap        ] GC(71) ParOldGen: 37613K->37613K(5592576K)
[41.278s][info][gc,metaspace   ] GC(71) Metaspace: 106849K(110908K)->106849K(110908K) NonClass: 95141K(97200K)->95141K(97200K) Class: 11708K(13708K)->11708K(13708K)
[41.278s][info][gc             ] GC(71) Pause Young (System.gc()) 1306M->37M(7851M) 1.632ms
[41.278s][info][gc,cpu         ] GC(71) User=0.05s Sys=0.00s Real=0.02s
[41.278s][info][gc,start       ] GC(72) Pause Full (System.gc())
[41.278s][info][gc,phases,start] GC(72) Marking Phase
[41.309s][info][gc,phases      ] GC(72) Marking Phase 30.861ms
[41.309s][info][gc,phases,start] GC(72) Summary Phase
[41.309s][info][gc,phases      ] GC(72) Summary Phase 0.010ms
[41.309s][info][gc,phases,start] GC(72) Adjust Roots
[41.321s][info][gc,phases      ] GC(72) Adjust Roots 11.716ms
[41.321s][info][gc,phases,start] GC(72) Compaction Phase
[41.340s][info][gc,phases      ] GC(72) Compaction Phase 19.278ms
[41.340s][info][gc,phases,start] GC(72) Post Compact
[41.342s][info][gc,phases      ] GC(72) Post Compact 1.117ms
[41.342s][info][gc,heap        ] GC(72) PSYoungGen: 1064K->0K(2446848K)
[41.342s][info][gc,heap        ] GC(72) ParOldGen: 37613K->37720K(5592576K)
[41.342s][info][gc,metaspace   ] GC(72) Metaspace: 106849K(110908K)->106849K(110908K) NonClass: 95141K(97200K)->95141K(97200K) Class: 11708K(13708K)->11708K(13708K)
[41.342s][info][gc             ] GC(72) Pause Full (System.gc()) 37M->36M(7851M) 63.288ms
[41.342s][info][gc,cpu         ] GC(72) User=0.05s Sys=0.00s Real=0.06s
[41.932s][info][gc,start       ] GC(73) Pause Young (System.gc())
[41.934s][info][gc,heap        ] GC(73) PSYoungGen: 1308696K->1128K(2446848K)
[41.934s][info][gc,heap        ] GC(73) ParOldGen: 37720K->37720K(5592576K)
[41.934s][info][gc,metaspace   ] GC(73) Metaspace: 106854K(110908K)->106854K(110908K) NonClass: 95145K(97200K)->95145K(97200K) Class: 11708K(13708K)->11708K(13708K)
[41.934s][info][gc             ] GC(73) Pause Young (System.gc()) 1314M->37M(7851M) 2.257ms
[41.935s][info][gc,cpu         ] GC(73) User=0.00s Sys=0.00s Real=0.00s
[41.935s][info][gc,start       ] GC(74) Pause Full (System.gc())
[41.935s][info][gc,phases,start] GC(74) Marking Phase
[41.963s][info][gc,phases      ] GC(74) Marking Phase 28.230ms
[41.963s][info][gc,phases,start] GC(74) Summary Phase
[41.963s][info][gc,phases      ] GC(74) Summary Phase 0.011ms
[41.963s][info][gc,phases,start] GC(74) Adjust Roots
[41.976s][info][gc,phases      ] GC(74) Adjust Roots 12.869ms
[41.976s][info][gc,phases,start] GC(74) Compaction Phase
[42.002s][info][gc,phases      ] GC(74) Compaction Phase 26.258ms
[42.002s][info][gc,phases,start] GC(74) Post Compact
[42.003s][info][gc,phases      ] GC(74) Post Compact 0.802ms
[42.003s][info][gc,heap        ] GC(74) PSYoungGen: 1128K->0K(2446848K)
[42.003s][info][gc,heap        ] GC(74) ParOldGen: 37720K->37859K(5592576K)
[42.003s][info][gc,metaspace   ] GC(74) Metaspace: 106854K(110908K)->106854K(110908K) NonClass: 95145K(97200K)->95145K(97200K) Class: 11708K(13708K)->11708K(13708K)
[42.003s][info][gc             ] GC(74) Pause Full (System.gc()) 37M->36M(7851M) 68.454ms
[42.003s][info][gc,cpu         ] GC(74) User=0.02s Sys=0.00s Real=0.07s
[42.601s][info][gc,start       ] GC(75) Pause Young (System.gc())
[42.603s][info][gc,heap        ] GC(75) PSYoungGen: 1311861K->1064K(2446848K)
[42.603s][info][gc,heap        ] GC(75) ParOldGen: 37859K->37859K(5592576K)
[42.603s][info][gc,metaspace   ] GC(75) Metaspace: 106854K(110908K)->106854K(110908K) NonClass: 95145K(97200K)->95145K(97200K) Class: 11708K(13708K)->11708K(13708K)
[42.603s][info][gc             ] GC(75) Pause Young (System.gc()) 1318M->38M(7851M) 1.533ms
[42.603s][info][gc,cpu         ] GC(75) User=0.00s Sys=0.00s Real=0.00s
[42.603s][info][gc,start       ] GC(76) Pause Full (System.gc())
[42.603s][info][gc,phases,start] GC(76) Marking Phase
[42.631s][info][gc,phases      ] GC(76) Marking Phase 28.322ms
[42.631s][info][gc,phases,start] GC(76) Summary Phase
[42.631s][info][gc,phases      ] GC(76) Summary Phase 0.010ms
[42.631s][info][gc,phases,start] GC(76) Adjust Roots
[42.644s][info][gc,phases      ] GC(76) Adjust Roots 12.333ms
[42.644s][info][gc,phases,start] GC(76) Compaction Phase
[42.662s][info][gc,phases      ] GC(76) Compaction Phase 18.521ms
[42.662s][info][gc,phases,start] GC(76) Post Compact
[42.663s][info][gc,phases      ] GC(76) Post Compact 0.580ms
[42.663s][info][gc,heap        ] GC(76) PSYoungGen: 1064K->0K(2446848K)
[42.663s][info][gc,heap        ] GC(76) ParOldGen: 37859K->37963K(5592576K)
[42.663s][info][gc,metaspace   ] GC(76) Metaspace: 106854K(110908K)->106854K(110908K) NonClass: 95145K(97200K)->95145K(97200K) Class: 11708K(13708K)->11708K(13708K)
[42.663s][info][gc             ] GC(76) Pause Full (System.gc()) 38M->37M(7851M) 60.014ms
[42.663s][info][gc,cpu         ] GC(76) User=0.02s Sys=0.00s Real=0.06s
[43.256s][info][gc,start       ] GC(77) Pause Young (System.gc())
[43.258s][info][gc,heap        ] GC(77) PSYoungGen: 1292420K->1064K(2446848K)
[43.258s][info][gc,heap        ] GC(77) ParOldGen: 37963K->37963K(5592576K)
[43.258s][info][gc,metaspace   ] GC(77) Metaspace: 106877K(111164K)->106877K(111164K) NonClass: 95168K(97456K)->95168K(97456K) Class: 11708K(13708K)->11708K(13708K)
[43.258s][info][gc             ] GC(77) Pause Young (System.gc()) 1299M->38M(7851M) 1.549ms
[43.258s][info][gc,cpu         ] GC(77) User=0.00s Sys=0.00s Real=0.02s
[43.258s][info][gc,start       ] GC(78) Pause Full (System.gc())
[43.258s][info][gc,phases,start] GC(78) Marking Phase
[43.289s][info][gc,phases      ] GC(78) Marking Phase 31.026ms
[43.289s][info][gc,phases,start] GC(78) Summary Phase
[43.289s][info][gc,phases      ] GC(78) Summary Phase 0.011ms
[43.289s][info][gc,phases,start] GC(78) Adjust Roots
[43.301s][info][gc,phases      ] GC(78) Adjust Roots 12.071ms
[43.301s][info][gc,phases,start] GC(78) Compaction Phase
[43.320s][info][gc,phases      ] GC(78) Compaction Phase 19.319ms
[43.320s][info][gc,phases,start] GC(78) Post Compact
[43.321s][info][gc,phases      ] GC(78) Post Compact 0.607ms
[43.321s][info][gc,heap        ] GC(78) PSYoungGen: 1064K->0K(2446848K)
[43.321s][info][gc,heap        ] GC(78) ParOldGen: 37963K->38070K(5592576K)
[43.321s][info][gc,metaspace   ] GC(78) Metaspace: 106877K(111164K)->106877K(111164K) NonClass: 95168K(97456K)->95168K(97456K) Class: 11708K(13708K)->11708K(13708K)
[43.321s][info][gc             ] GC(78) Pause Full (System.gc()) 38M->37M(7851M) 63.309ms
[43.321s][info][gc,cpu         ] GC(78) User=0.02s Sys=0.00s Real=0.06s
[43.916s][info][gc,start       ] GC(79) Pause Young (System.gc())
[43.917s][info][gc,heap        ] GC(79) PSYoungGen: 1310364K->1064K(2446848K)
[43.917s][info][gc,heap        ] GC(79) ParOldGen: 38070K->38070K(5592576K)
[43.917s][info][gc,metaspace   ] GC(79) Metaspace: 106892K(111164K)->106892K(111164K) NonClass: 95183K(97456K)->95183K(97456K) Class: 11708K(13708K)->11708K(13708K)
[43.917s][info][gc             ] GC(79) Pause Young (System.gc()) 1316M->38M(7851M) 1.727ms
[43.917s][info][gc,cpu         ] GC(79) User=0.00s Sys=0.00s Real=0.02s
[43.918s][info][gc,start       ] GC(80) Pause Full (System.gc())
[43.918s][info][gc,phases,start] GC(80) Marking Phase
[43.945s][info][gc,phases      ] GC(80) Marking Phase 27.914ms
[43.946s][info][gc,phases,start] GC(80) Summary Phase
[43.946s][info][gc,phases      ] GC(80) Summary Phase 0.011ms
[43.946s][info][gc,phases,start] GC(80) Adjust Roots
[43.957s][info][gc,phases      ] GC(80) Adjust Roots 11.454ms
[43.957s][info][gc,phases,start] GC(80) Compaction Phase
[43.979s][info][gc,phases      ] GC(80) Compaction Phase 22.033ms
[43.979s][info][gc,phases,start] GC(80) Post Compact
[43.980s][info][gc,phases      ] GC(80) Post Compact 1.099ms
[43.980s][info][gc,heap        ] GC(80) PSYoungGen: 1064K->0K(2446848K)
[43.980s][info][gc,heap        ] GC(80) ParOldGen: 38070K->38176K(5592576K)
[43.980s][info][gc,metaspace   ] GC(80) Metaspace: 106892K(111164K)->106892K(111164K) NonClass: 95183K(97456K)->95183K(97456K) Class: 11708K(13708K)->11708K(13708K)
[43.980s][info][gc             ] GC(80) Pause Full (System.gc()) 38M->37M(7851M) 62.838ms
[43.980s][info][gc,cpu         ] GC(80) User=0.06s Sys=0.00s Real=0.06s
[44.564s][info][gc,start       ] GC(81) Pause Young (System.gc())
[44.566s][info][gc,heap        ] GC(81) PSYoungGen: 1301457K->1384K(2446848K)
[44.566s][info][gc,heap        ] GC(81) ParOldGen: 38176K->38176K(5592576K)
[44.566s][info][gc,metaspace   ] GC(81) Metaspace: 106892K(111164K)->106892K(111164K) NonClass: 95183K(97456K)->95183K(97456K) Class: 11708K(13708K)->11708K(13708K)
[44.566s][info][gc             ] GC(81) Pause Young (System.gc()) 1308M->38M(7851M) 1.916ms
[44.566s][info][gc,cpu         ] GC(81) User=0.00s Sys=0.00s Real=0.00s
[44.566s][info][gc,start       ] GC(82) Pause Full (System.gc())
[44.566s][info][gc,phases,start] GC(82) Marking Phase
[44.596s][info][gc,phases      ] GC(82) Marking Phase 30.133ms
[44.596s][info][gc,phases,start] GC(82) Summary Phase
[44.596s][info][gc,phases      ] GC(82) Summary Phase 0.010ms
[44.596s][info][gc,phases,start] GC(82) Adjust Roots
[44.608s][info][gc,phases      ] GC(82) Adjust Roots 11.324ms
[44.608s][info][gc,phases,start] GC(82) Compaction Phase
[44.625s][info][gc,phases      ] GC(82) Compaction Phase 16.890ms
[44.625s][info][gc,phases,start] GC(82) Post Compact
[44.625s][info][gc,phases      ] GC(82) Post Compact 0.693ms
[44.625s][info][gc,heap        ] GC(82) PSYoungGen: 1384K->0K(2446848K)
[44.625s][info][gc,heap        ] GC(82) ParOldGen: 38176K->38606K(5592576K)
[44.625s][info][gc,metaspace   ] GC(82) Metaspace: 106892K(111164K)->106892K(111164K) NonClass: 95183K(97456K)->95183K(97456K) Class: 11708K(13708K)->11708K(13708K)
[44.625s][info][gc             ] GC(82) Pause Full (System.gc()) 38M->37M(7851M) 59.309ms
[44.625s][info][gc,cpu         ] GC(82) User=0.05s Sys=0.00s Real=0.06s
[45.211s][info][gc,start       ] GC(83) Pause Young (System.gc())
[45.212s][info][gc,heap        ] GC(83) PSYoungGen: 1307005K->1064K(2446848K)
[45.212s][info][gc,heap        ] GC(83) ParOldGen: 38606K->38606K(5592576K)
[45.212s][info][gc,metaspace   ] GC(83) Metaspace: 106893K(111164K)->106893K(111164K) NonClass: 95184K(97456K)->95184K(97456K) Class: 11709K(13708K)->11709K(13708K)
[45.212s][info][gc             ] GC(83) Pause Young (System.gc()) 1314M->38M(7851M) 1.759ms
[45.212s][info][gc,cpu         ] GC(83) User=0.00s Sys=0.00s Real=0.00s
[45.212s][info][gc,start       ] GC(84) Pause Full (System.gc())
[45.212s][info][gc,phases,start] GC(84) Marking Phase
[45.242s][info][gc,phases      ] GC(84) Marking Phase 29.469ms
[45.242s][info][gc,phases,start] GC(84) Summary Phase
[45.242s][info][gc,phases      ] GC(84) Summary Phase 0.011ms
[45.242s][info][gc,phases,start] GC(84) Adjust Roots
[45.254s][info][gc,phases      ] GC(84) Adjust Roots 11.567ms
[45.254s][info][gc,phases,start] GC(84) Compaction Phase
[45.271s][info][gc,phases      ] GC(84) Compaction Phase 17.271ms
[45.271s][info][gc,phases,start] GC(84) Post Compact
[45.272s][info][gc,phases      ] GC(84) Post Compact 0.598ms
[45.272s][info][gc,heap        ] GC(84) PSYoungGen: 1064K->0K(2446848K)
[45.272s][info][gc,heap        ] GC(84) ParOldGen: 38606K->38392K(5592576K)
[45.272s][info][gc,metaspace   ] GC(84) Metaspace: 106893K(111164K)->106893K(111164K) NonClass: 95184K(97456K)->95184K(97456K) Class: 11709K(13708K)->11709K(13708K)
[45.272s][info][gc             ] GC(84) Pause Full (System.gc()) 38M->37M(7851M) 59.152ms
[45.272s][info][gc,cpu         ] GC(84) User=0.05s Sys=0.00s Real=0.06s
[45.857s][info][gc,start       ] GC(85) Pause Young (System.gc())
[45.859s][info][gc,heap        ] GC(85) PSYoungGen: 1309182K->1032K(2446848K)
[45.859s][info][gc,heap        ] GC(85) ParOldGen: 38392K->38392K(5592576K)
[45.859s][info][gc,metaspace   ] GC(85) Metaspace: 106893K(111164K)->106893K(111164K) NonClass: 95184K(97456K)->95184K(97456K) Class: 11709K(13708K)->11709K(13708K)
[45.859s][info][gc             ] GC(85) Pause Young (System.gc()) 1315M->38M(7851M) 2.088ms
[45.859s][info][gc,cpu         ] GC(85) User=0.00s Sys=0.00s Real=0.00s
[45.859s][info][gc,start       ] GC(86) Pause Full (System.gc())
[45.859s][info][gc,phases,start] GC(86) Marking Phase
[45.889s][info][gc,phases      ] GC(86) Marking Phase 29.688ms
[45.889s][info][gc,phases,start] GC(86) Summary Phase
[45.889s][info][gc,phases      ] GC(86) Summary Phase 0.010ms
[45.889s][info][gc,phases,start] GC(86) Adjust Roots
[45.901s][info][gc,phases      ] GC(86) Adjust Roots 11.747ms
[45.901s][info][gc,phases,start] GC(86) Compaction Phase
[45.928s][info][gc,phases      ] GC(86) Compaction Phase 27.466ms
[45.928s][info][gc,phases,start] GC(86) Post Compact
[45.930s][info][gc,phases      ] GC(86) Post Compact 1.336ms
[45.930s][info][gc,heap        ] GC(86) PSYoungGen: 1032K->0K(2446848K)
[45.930s][info][gc,heap        ] GC(86) ParOldGen: 38392K->38497K(5592576K)
[45.930s][info][gc,metaspace   ] GC(86) Metaspace: 106893K(111164K)->106893K(111164K) NonClass: 95184K(97456K)->95184K(97456K) Class: 11709K(13708K)->11709K(13708K)
[45.930s][info][gc             ] GC(86) Pause Full (System.gc()) 38M->37M(7851M) 70.636ms
[45.930s][info][gc,cpu         ] GC(86) User=0.00s Sys=0.00s Real=0.08s
[46.513s][info][gc,start       ] GC(87) Pause Young (System.gc())
[46.514s][info][gc,heap        ] GC(87) PSYoungGen: 1300704K->1064K(2446848K)
[46.515s][info][gc,heap        ] GC(87) ParOldGen: 38497K->38497K(5592576K)
[46.515s][info][gc,metaspace   ] GC(87) Metaspace: 106895K(111164K)->106895K(111164K) NonClass: 95185K(97456K)->95185K(97456K) Class: 11709K(13708K)->11709K(13708K)
[46.515s][info][gc             ] GC(87) Pause Young (System.gc()) 1307M->38M(7851M) 1.649ms
[46.515s][info][gc,cpu         ] GC(87) User=0.00s Sys=0.00s Real=0.00s
[46.515s][info][gc,start       ] GC(88) Pause Full (System.gc())
[46.515s][info][gc,phases,start] GC(88) Marking Phase
[46.544s][info][gc,phases      ] GC(88) Marking Phase 29.671ms
[46.544s][info][gc,phases,start] GC(88) Summary Phase
[46.544s][info][gc,phases      ] GC(88) Summary Phase 0.011ms
[46.544s][info][gc,phases,start] GC(88) Adjust Roots
[46.557s][info][gc,phases      ] GC(88) Adjust Roots 12.334ms
[46.557s][info][gc,phases,start] GC(88) Compaction Phase
[46.578s][info][gc,phases      ] GC(88) Compaction Phase 21.036ms
[46.578s][info][gc,phases,start] GC(88) Post Compact
[46.579s][info][gc,phases      ] GC(88) Post Compact 0.641ms
[46.579s][info][gc,heap        ] GC(88) PSYoungGen: 1064K->0K(2446848K)
[46.579s][info][gc,heap        ] GC(88) ParOldGen: 38497K->38603K(5592576K)
[46.579s][info][gc,metaspace   ] GC(88) Metaspace: 106895K(111164K)->106895K(111164K) NonClass: 95185K(97456K)->95185K(97456K) Class: 11709K(13708K)->11709K(13708K)
[46.579s][info][gc             ] GC(88) Pause Full (System.gc()) 38M->37M(7851M) 63.958ms
[46.579s][info][gc,cpu         ] GC(88) User=0.02s Sys=0.00s Real=0.06s
[47.162s][info][gc,start       ] GC(89) Pause Young (System.gc())
[47.164s][info][gc,heap        ] GC(89) PSYoungGen: 1308700K->1040K(2446848K)
[47.164s][info][gc,heap        ] GC(89) ParOldGen: 38603K->38603K(5592576K)
[47.164s][info][gc,metaspace   ] GC(89) Metaspace: 106895K(111164K)->106895K(111164K) NonClass: 95185K(97456K)->95185K(97456K) Class: 11709K(13708K)->11709K(13708K)
[47.164s][info][gc             ] GC(89) Pause Young (System.gc()) 1315M->38M(7851M) 1.739ms
[47.164s][info][gc,cpu         ] GC(89) User=0.00s Sys=0.00s Real=0.00s
[47.164s][info][gc,start       ] GC(90) Pause Full (System.gc())
[47.164s][info][gc,phases,start] GC(90) Marking Phase
[47.192s][info][gc,phases      ] GC(90) Marking Phase 27.928ms
[47.192s][info][gc,phases,start] GC(90) Summary Phase
[47.192s][info][gc,phases      ] GC(90) Summary Phase 0.011ms
[47.192s][info][gc,phases,start] GC(90) Adjust Roots
[47.204s][info][gc,phases      ] GC(90) Adjust Roots 11.718ms
[47.204s][info][gc,phases,start] GC(90) Compaction Phase
[47.232s][info][gc,phases      ] GC(90) Compaction Phase 27.827ms
[47.232s][info][gc,phases,start] GC(90) Post Compact
[47.233s][info][gc,phases      ] GC(90) Post Compact 1.195ms
[47.233s][info][gc,heap        ] GC(90) PSYoungGen: 1040K->0K(2446848K)
[47.233s][info][gc,heap        ] GC(90) ParOldGen: 38603K->38711K(5592576K)
[47.233s][info][gc,metaspace   ] GC(90) Metaspace: 106895K(111164K)->106895K(111164K) NonClass: 95185K(97456K)->95185K(97456K) Class: 11709K(13708K)->11709K(13708K)
[47.233s][info][gc             ] GC(90) Pause Full (System.gc()) 38M->37M(7851M) 68.977ms
[47.233s][info][gc,cpu         ] GC(90) User=0.03s Sys=0.00s Real=0.08s
[47.815s][info][gc,start       ] GC(91) Pause Young (System.gc())
[47.816s][info][gc,heap        ] GC(91) PSYoungGen: 1292819K->1072K(2446848K)
[47.816s][info][gc,heap        ] GC(91) ParOldGen: 38711K->38711K(5592576K)
[47.816s][info][gc,metaspace   ] GC(91) Metaspace: 106896K(111164K)->106896K(111164K) NonClass: 95187K(97456K)->95187K(97456K) Class: 11709K(13708K)->11709K(13708K)
[47.816s][info][gc             ] GC(91) Pause Young (System.gc()) 1300M->38M(7851M) 1.815ms
[47.816s][info][gc,cpu         ] GC(91) User=0.00s Sys=0.00s Real=0.00s
[47.817s][info][gc,start       ] GC(92) Pause Full (System.gc())
[47.817s][info][gc,phases,start] GC(92) Marking Phase
[47.847s][info][gc,phases      ] GC(92) Marking Phase 30.294ms
[47.847s][info][gc,phases,start] GC(92) Summary Phase
[47.847s][info][gc,phases      ] GC(92) Summary Phase 0.011ms
[47.847s][info][gc,phases,start] GC(92) Adjust Roots
[47.859s][info][gc,phases      ] GC(92) Adjust Roots 11.873ms
[47.859s][info][gc,phases,start] GC(92) Compaction Phase
[47.879s][info][gc,phases      ] GC(92) Compaction Phase 20.643ms
[47.880s][info][gc,phases,start] GC(92) Post Compact
[47.880s][info][gc,phases      ] GC(92) Post Compact 0.595ms
[47.880s][info][gc,heap        ] GC(92) PSYoungGen: 1072K->0K(2446848K)
[47.880s][info][gc,heap        ] GC(92) ParOldGen: 38711K->38814K(5592576K)
[47.880s][info][gc,metaspace   ] GC(92) Metaspace: 106896K(111164K)->106896K(111164K) NonClass: 95187K(97456K)->95187K(97456K) Class: 11709K(13708K)->11709K(13708K)
[47.880s][info][gc             ] GC(92) Pause Full (System.gc()) 38M->37M(7851M) 63.670ms
[47.880s][info][gc,cpu         ] GC(92) User=0.05s Sys=0.00s Real=0.06s
[48.465s][info][gc,start       ] GC(93) Pause Young (System.gc())
[48.466s][info][gc,heap        ] GC(93) PSYoungGen: 1329687K->1136K(2446848K)
[48.466s][info][gc,heap        ] GC(93) ParOldGen: 38814K->38814K(5592576K)
[48.466s][info][gc,metaspace   ] GC(93) Metaspace: 106922K(111164K)->106922K(111164K) NonClass: 95212K(97456K)->95212K(97456K) Class: 11709K(13708K)->11709K(13708K)
[48.466s][info][gc             ] GC(93) Pause Young (System.gc()) 1336M->39M(7851M) 1.741ms
[48.466s][info][gc,cpu         ] GC(93) User=0.00s Sys=0.00s Real=0.00s
[48.467s][info][gc,start       ] GC(94) Pause Full (System.gc())
[48.467s][info][gc,phases,start] GC(94) Marking Phase
[48.496s][info][gc,phases      ] GC(94) Marking Phase 29.899ms
[48.497s][info][gc,phases,start] GC(94) Summary Phase
[48.497s][info][gc,phases      ] GC(94) Summary Phase 0.011ms
[48.497s][info][gc,phases,start] GC(94) Adjust Roots
[48.509s][info][gc,phases      ] GC(94) Adjust Roots 11.971ms
[48.509s][info][gc,phases,start] GC(94) Compaction Phase
[48.536s][info][gc,phases      ] GC(94) Compaction Phase 27.285ms
[48.536s][info][gc,phases,start] GC(94) Post Compact
[48.537s][info][gc,phases      ] GC(94) Post Compact 0.892ms
[48.537s][info][gc,heap        ] GC(94) PSYoungGen: 1136K->0K(2446848K)
[48.537s][info][gc,heap        ] GC(94) ParOldGen: 38814K->38861K(5592576K)
[48.537s][info][gc,metaspace   ] GC(94) Metaspace: 106922K(111164K)->106922K(111164K) NonClass: 95212K(97456K)->95212K(97456K) Class: 11709K(13708K)->11709K(13708K)
[48.537s][info][gc             ] GC(94) Pause Full (System.gc()) 39M->37M(7851M) 70.414ms
[48.537s][info][gc,cpu         ] GC(94) User=0.08s Sys=0.00s Real=0.08s
[49.112s][info][gc,start       ] GC(95) Pause Young (System.gc())
[49.114s][info][gc,heap        ] GC(95) PSYoungGen: 1295839K->1080K(2446848K)
[49.114s][info][gc,heap        ] GC(95) ParOldGen: 38861K->38861K(5592576K)
[49.114s][info][gc,metaspace   ] GC(95) Metaspace: 106924K(111164K)->106924K(111164K) NonClass: 95215K(97456K)->95215K(97456K) Class: 11709K(13708K)->11709K(13708K)
[49.114s][info][gc             ] GC(95) Pause Young (System.gc()) 1303M->39M(7851M) 1.793ms
[49.114s][info][gc,cpu         ] GC(95) User=0.00s Sys=0.00s Real=0.00s
[49.114s][info][gc,start       ] GC(96) Pause Full (System.gc())
[49.114s][info][gc,phases,start] GC(96) Marking Phase
[49.146s][info][gc,phases      ] GC(96) Marking Phase 31.728ms
[49.146s][info][gc,phases,start] GC(96) Summary Phase
[49.146s][info][gc,phases      ] GC(96) Summary Phase 0.010ms
[49.146s][info][gc,phases,start] GC(96) Adjust Roots
[49.158s][info][gc,phases      ] GC(96) Adjust Roots 11.748ms
[49.158s][info][gc,phases,start] GC(96) Compaction Phase
[49.180s][info][gc,phases      ] GC(96) Compaction Phase 22.505ms
[49.180s][info][gc,phases,start] GC(96) Post Compact
[49.182s][info][gc,phases      ] GC(96) Post Compact 1.215ms
[49.182s][info][gc,heap        ] GC(96) PSYoungGen: 1080K->0K(2446848K)
[49.182s][info][gc,heap        ] GC(96) ParOldGen: 38861K->38973K(5592576K)
[49.182s][info][gc,metaspace   ] GC(96) Metaspace: 106924K(111164K)->106924K(111164K) NonClass: 95215K(97456K)->95215K(97456K) Class: 11709K(13708K)->11709K(13708K)
[49.182s][info][gc             ] GC(96) Pause Full (System.gc()) 39M->38M(7851M) 67.494ms
[49.182s][info][gc,cpu         ] GC(96) User=0.02s Sys=0.02s Real=0.08s
[49.758s][info][gc,start       ] GC(97) Pause Young (System.gc())
[49.760s][info][gc,heap        ] GC(97) PSYoungGen: 1307923K->1096K(2446848K)
[49.760s][info][gc,heap        ] GC(97) ParOldGen: 38973K->38973K(5592576K)
[49.760s][info][gc,metaspace   ] GC(97) Metaspace: 106924K(111164K)->106924K(111164K) NonClass: 95215K(97456K)->95215K(97456K) Class: 11709K(13708K)->11709K(13708K)
[49.760s][info][gc             ] GC(97) Pause Young (System.gc()) 1315M->39M(7851M) 1.639ms
[49.760s][info][gc,cpu         ] GC(97) User=0.00s Sys=0.00s Real=0.00s
[49.760s][info][gc,start       ] GC(98) Pause Full (System.gc())
[49.760s][info][gc,phases,start] GC(98) Marking Phase
[49.789s][info][gc,phases      ] GC(98) Marking Phase 29.038ms
[49.789s][info][gc,phases,start] GC(98) Summary Phase
[49.789s][info][gc,phases      ] GC(98) Summary Phase 0.011ms
[49.789s][info][gc,phases,start] GC(98) Adjust Roots
[49.801s][info][gc,phases      ] GC(98) Adjust Roots 11.770ms
[49.801s][info][gc,phases,start] GC(98) Compaction Phase
[49.825s][info][gc,phases      ] GC(98) Compaction Phase 23.701ms
[49.825s][info][gc,phases,start] GC(98) Post Compact
[49.825s][info][gc,phases      ] GC(98) Post Compact 0.597ms
[49.825s][info][gc,heap        ] GC(98) PSYoungGen: 1096K->0K(2446848K)
[49.825s][info][gc,heap        ] GC(98) ParOldGen: 38973K->39078K(5592576K)
[49.825s][info][gc,metaspace   ] GC(98) Metaspace: 106924K(111164K)->106924K(111164K) NonClass: 95215K(97456K)->95215K(97456K) Class: 11709K(13708K)->11709K(13708K)
[49.825s][info][gc             ] GC(98) Pause Full (System.gc()) 39M->38M(7851M) 65.369ms
[49.825s][info][gc,cpu         ] GC(98) User=0.08s Sys=0.00s Real=0.08s
[50.407s][info][gc,start       ] GC(99) Pause Young (System.gc())
[50.408s][info][gc,heap        ] GC(99) PSYoungGen: 1310043K->1104K(2446848K)
[50.408s][info][gc,heap        ] GC(99) ParOldGen: 39078K->39078K(5592576K)
[50.408s][info][gc,metaspace   ] GC(99) Metaspace: 106924K(111164K)->106924K(111164K) NonClass: 95215K(97456K)->95215K(97456K) Class: 11709K(13708K)->11709K(13708K)
[50.408s][info][gc             ] GC(99) Pause Young (System.gc()) 1317M->39M(7851M) 1.793ms
[50.408s][info][gc,cpu         ] GC(99) User=0.00s Sys=0.00s Real=0.00s
[50.408s][info][gc,start       ] GC(100) Pause Full (System.gc())
[50.408s][info][gc,phases,start] GC(100) Marking Phase
[50.437s][info][gc,phases      ] GC(100) Marking Phase 28.673ms
[50.437s][info][gc,phases,start] GC(100) Summary Phase
[50.437s][info][gc,phases      ] GC(100) Summary Phase 0.011ms
[50.437s][info][gc,phases,start] GC(100) Adjust Roots
[50.449s][info][gc,phases      ] GC(100) Adjust Roots 11.863ms
[50.449s][info][gc,phases,start] GC(100) Compaction Phase
[50.469s][info][gc,phases      ] GC(100) Compaction Phase 20.070ms
[50.469s][info][gc,phases,start] GC(100) Post Compact
[50.470s][info][gc,phases      ] GC(100) Post Compact 0.947ms
[50.470s][info][gc,heap        ] GC(100) PSYoungGen: 1104K->0K(2446848K)
[50.470s][info][gc,heap        ] GC(100) ParOldGen: 39078K->39182K(5592576K)
[50.470s][info][gc,metaspace   ] GC(100) Metaspace: 106924K(111164K)->106924K(111164K) NonClass: 95215K(97456K)->95215K(97456K) Class: 11709K(13708K)->11709K(13708K)
[50.470s][info][gc             ] GC(100) Pause Full (System.gc()) 39M->38M(7851M) 61.889ms
[50.470s][info][gc,cpu         ] GC(100) User=0.05s Sys=0.00s Real=0.06s
[51.051s][info][gc,start       ] GC(101) Pause Young (System.gc())
[51.052s][info][gc,heap        ] GC(101) PSYoungGen: 1291800K->1064K(2446848K)
[51.052s][info][gc,heap        ] GC(101) ParOldGen: 39182K->39182K(5592576K)
[51.052s][info][gc,metaspace   ] GC(101) Metaspace: 106924K(111164K)->106924K(111164K) NonClass: 95215K(97456K)->95215K(97456K) Class: 11709K(13708K)->11709K(13708K)
[51.052s][info][gc             ] GC(101) Pause Young (System.gc()) 1299M->39M(7851M) 1.528ms
[51.052s][info][gc,cpu         ] GC(101) User=0.00s Sys=0.00s Real=0.00s
[51.052s][info][gc,start       ] GC(102) Pause Full (System.gc())
[51.052s][info][gc,phases,start] GC(102) Marking Phase
[51.083s][info][gc,phases      ] GC(102) Marking Phase 30.528ms
[51.083s][info][gc,phases,start] GC(102) Summary Phase
[51.083s][info][gc,phases      ] GC(102) Summary Phase 0.010ms
[51.083s][info][gc,phases,start] GC(102) Adjust Roots
[51.094s][info][gc,phases      ] GC(102) Adjust Roots 11.292ms
[51.094s][info][gc,phases,start] GC(102) Compaction Phase
[51.114s][info][gc,phases      ] GC(102) Compaction Phase 19.660ms
[51.114s][info][gc,phases,start] GC(102) Post Compact
[51.115s][info][gc,phases      ] GC(102) Post Compact 0.994ms
[51.115s][info][gc,heap        ] GC(102) PSYoungGen: 1064K->0K(2446848K)
[51.115s][info][gc,heap        ] GC(102) ParOldGen: 39182K->39288K(5592576K)
[51.115s][info][gc,metaspace   ] GC(102) Metaspace: 106924K(111164K)->106924K(111164K) NonClass: 95215K(97456K)->95215K(97456K) Class: 11709K(13708K)->11709K(13708K)
[51.115s][info][gc             ] GC(102) Pause Full (System.gc()) 39M->38M(7851M) 62.783ms
[51.115s][info][gc,cpu         ] GC(102) User=0.08s Sys=0.00s Real=0.06s
[51.692s][info][gc,start       ] GC(103) Pause Young (System.gc())
[51.693s][info][gc,heap        ] GC(103) PSYoungGen: 1309135K->1064K(2446848K)
[51.693s][info][gc,heap        ] GC(103) ParOldGen: 39288K->39288K(5592576K)
[51.693s][info][gc,metaspace   ] GC(103) Metaspace: 106924K(111164K)->106924K(111164K) NonClass: 95215K(97456K)->95215K(97456K) Class: 11709K(13708K)->11709K(13708K)
[51.693s][info][gc             ] GC(103) Pause Young (System.gc()) 1316M->39M(7851M) 1.631ms
[51.693s][info][gc,cpu         ] GC(103) User=0.00s Sys=0.00s Real=0.00s
[51.693s][info][gc,start       ] GC(104) Pause Full (System.gc())
[51.693s][info][gc,phases,start] GC(104) Marking Phase
[51.725s][info][gc,phases      ] GC(104) Marking Phase 31.540ms
[51.725s][info][gc,phases,start] GC(104) Summary Phase
[51.725s][info][gc,phases      ] GC(104) Summary Phase 0.011ms
[51.725s][info][gc,phases,start] GC(104) Adjust Roots
[51.737s][info][gc,phases      ] GC(104) Adjust Roots 11.654ms
[51.737s][info][gc,phases,start] GC(104) Compaction Phase
[51.756s][info][gc,phases      ] GC(104) Compaction Phase 19.614ms
[51.756s][info][gc,phases,start] GC(104) Post Compact
[51.757s][info][gc,phases      ] GC(104) Post Compact 0.601ms
[51.757s][info][gc,heap        ] GC(104) PSYoungGen: 1064K->0K(2446848K)
[51.757s][info][gc,heap        ] GC(104) ParOldGen: 39288K->39394K(5592576K)
[51.757s][info][gc,metaspace   ] GC(104) Metaspace: 106924K(111164K)->106924K(111164K) NonClass: 95215K(97456K)->95215K(97456K) Class: 11709K(13708K)->11709K(13708K)
[51.757s][info][gc             ] GC(104) Pause Full (System.gc()) 39M->38M(7851M) 63.687ms
[51.757s][info][gc,cpu         ] GC(104) User=0.03s Sys=0.00s Real=0.08s
[52.334s][info][gc,start       ] GC(105) Pause Young (System.gc())
[52.335s][info][gc,heap        ] GC(105) PSYoungGen: 1309280K->1064K(2446848K)
[52.336s][info][gc,heap        ] GC(105) ParOldGen: 39394K->39394K(5592576K)
[52.336s][info][gc,metaspace   ] GC(105) Metaspace: 106924K(111164K)->106924K(111164K) NonClass: 95215K(97456K)->95215K(97456K) Class: 11709K(13708K)->11709K(13708K)
[52.336s][info][gc             ] GC(105) Pause Young (System.gc()) 1317M->39M(7851M) 1.581ms
[52.336s][info][gc,cpu         ] GC(105) User=0.00s Sys=0.00s Real=0.00s
[52.336s][info][gc,start       ] GC(106) Pause Full (System.gc())
[52.336s][info][gc,phases,start] GC(106) Marking Phase
[52.367s][info][gc,phases      ] GC(106) Marking Phase 30.936ms
[52.367s][info][gc,phases,start] GC(106) Summary Phase
[52.367s][info][gc,phases      ] GC(106) Summary Phase 0.011ms
[52.367s][info][gc,phases,start] GC(106) Adjust Roots
[52.378s][info][gc,phases      ] GC(106) Adjust Roots 11.095ms
[52.378s][info][gc,phases,start] GC(106) Compaction Phase
[52.401s][info][gc,phases      ] GC(106) Compaction Phase 23.386ms
[52.401s][info][gc,phases,start] GC(106) Post Compact
[52.403s][info][gc,phases      ] GC(106) Post Compact 1.257ms
[52.403s][info][gc,heap        ] GC(106) PSYoungGen: 1064K->0K(2446848K)
[52.403s][info][gc,heap        ] GC(106) ParOldGen: 39394K->39498K(5592576K)
[52.403s][info][gc,metaspace   ] GC(106) Metaspace: 106924K(111164K)->106924K(111164K) NonClass: 95215K(97456K)->95215K(97456K) Class: 11709K(13708K)->11709K(13708K)
[52.403s][info][gc             ] GC(106) Pause Full (System.gc()) 39M->38M(7851M) 67.013ms
[52.403s][info][gc,cpu         ] GC(106) User=0.06s Sys=0.00s Real=0.08s
[52.990s][info][gc,start       ] GC(107) Pause Young (System.gc())
[52.991s][info][gc,heap        ] GC(107) PSYoungGen: 1291740K->1064K(2446848K)
[52.991s][info][gc,heap        ] GC(107) ParOldGen: 39498K->39506K(5592576K)
[52.991s][info][gc,metaspace   ] GC(107) Metaspace: 106933K(111164K)->106933K(111164K) NonClass: 95223K(97456K)->95223K(97456K) Class: 11709K(13708K)->11709K(13708K)
[52.991s][info][gc             ] GC(107) Pause Young (System.gc()) 1300M->39M(7851M) 1.662ms
[52.991s][info][gc,cpu         ] GC(107) User=0.00s Sys=0.00s Real=0.00s
[52.991s][info][gc,start       ] GC(108) Pause Full (System.gc())
[52.991s][info][gc,phases,start] GC(108) Marking Phase
[53.020s][info][gc,phases      ] GC(108) Marking Phase 29.075ms
[53.020s][info][gc,phases,start] GC(108) Summary Phase
[53.020s][info][gc,phases      ] GC(108) Summary Phase 0.010ms
[53.021s][info][gc,phases,start] GC(108) Adjust Roots
[53.032s][info][gc,phases      ] GC(108) Adjust Roots 11.656ms
[53.032s][info][gc,phases,start] GC(108) Compaction Phase
[53.060s][info][gc,phases      ] GC(108) Compaction Phase 27.643ms
[53.060s][info][gc,phases,start] GC(108) Post Compact
[53.061s][info][gc,phases      ] GC(108) Post Compact 0.916ms
[53.061s][info][gc,heap        ] GC(108) PSYoungGen: 1064K->0K(2446848K)
[53.061s][info][gc,heap        ] GC(108) ParOldGen: 39506K->39603K(5592576K)
[53.061s][info][gc,metaspace   ] GC(108) Metaspace: 106933K(111164K)->106933K(111164K) NonClass: 95223K(97456K)->95223K(97456K) Class: 11709K(13708K)->11709K(13708K)
[53.061s][info][gc             ] GC(108) Pause Full (System.gc()) 39M->38M(7851M) 69.647ms
[53.061s][info][gc,cpu         ] GC(108) User=0.03s Sys=0.00s Real=0.08s
[53.639s][info][gc,start       ] GC(109) Pause Young (System.gc())
[53.641s][info][gc,heap        ] GC(109) PSYoungGen: 1307642K->1064K(2446848K)
[53.641s][info][gc,heap        ] GC(109) ParOldGen: 39603K->39603K(5592576K)
[53.641s][info][gc,metaspace   ] GC(109) Metaspace: 106934K(111164K)->106934K(111164K) NonClass: 95225K(97456K)->95225K(97456K) Class: 11709K(13708K)->11709K(13708K)
[53.641s][info][gc             ] GC(109) Pause Young (System.gc()) 1315M->39M(7851M) 1.718ms
[53.641s][info][gc,cpu         ] GC(109) User=0.02s Sys=0.00s Real=0.02s
[53.641s][info][gc,start       ] GC(110) Pause Full (System.gc())
[53.641s][info][gc,phases,start] GC(110) Marking Phase
[53.670s][info][gc,phases      ] GC(110) Marking Phase 29.613ms
[53.670s][info][gc,phases,start] GC(110) Summary Phase
[53.670s][info][gc,phases      ] GC(110) Summary Phase 0.011ms
[53.670s][info][gc,phases,start] GC(110) Adjust Roots
[53.683s][info][gc,phases      ] GC(110) Adjust Roots 12.183ms
[53.683s][info][gc,phases,start] GC(110) Compaction Phase
[53.703s][info][gc,phases      ] GC(110) Compaction Phase 20.035ms
[53.703s][info][gc,phases,start] GC(110) Post Compact
[53.704s][info][gc,phases      ] GC(110) Post Compact 1.060ms
[53.704s][info][gc,heap        ] GC(110) PSYoungGen: 1064K->0K(2446848K)
[53.704s][info][gc,heap        ] GC(110) ParOldGen: 39603K->39712K(5592576K)
[53.704s][info][gc,metaspace   ] GC(110) Metaspace: 106934K(111164K)->106934K(111164K) NonClass: 95225K(97456K)->95225K(97456K) Class: 11709K(13708K)->11709K(13708K)
[53.704s][info][gc             ] GC(110) Pause Full (System.gc()) 39M->38M(7851M) 63.383ms
[53.704s][info][gc,cpu         ] GC(110) User=0.05s Sys=0.00s Real=0.06s
[54.284s][info][gc,start       ] GC(111) Pause Young (System.gc())
[54.286s][info][gc,heap        ] GC(111) PSYoungGen: 1315416K->1064K(2446848K)
[54.286s][info][gc,heap        ] GC(111) ParOldGen: 39712K->39712K(5592576K)
[54.286s][info][gc,metaspace   ] GC(111) Metaspace: 106943K(111164K)->106943K(111164K) NonClass: 95233K(97456K)->95233K(97456K) Class: 11709K(13708K)->11709K(13708K)
[54.286s][info][gc             ] GC(111) Pause Young (System.gc()) 1323M->39M(7851M) 1.708ms
[54.286s][info][gc,cpu         ] GC(111) User=0.00s Sys=0.00s Real=0.00s
[54.286s][info][gc,start       ] GC(112) Pause Full (System.gc())
[54.286s][info][gc,phases,start] GC(112) Marking Phase
[54.315s][info][gc,phases      ] GC(112) Marking Phase 29.075ms
[54.315s][info][gc,phases,start] GC(112) Summary Phase
[54.315s][info][gc,phases      ] GC(112) Summary Phase 0.011ms
[54.315s][info][gc,phases,start] GC(112) Adjust Roots
[54.327s][info][gc,phases      ] GC(112) Adjust Roots 11.756ms
[54.327s][info][gc,phases,start] GC(112) Compaction Phase
[54.347s][info][gc,phases      ] GC(112) Compaction Phase 19.584ms
[54.347s][info][gc,phases,start] GC(112) Post Compact
[54.348s][info][gc,phases      ] GC(112) Post Compact 1.285ms
[54.348s][info][gc,heap        ] GC(112) PSYoungGen: 1064K->0K(2446848K)
[54.348s][info][gc,heap        ] GC(112) ParOldGen: 39712K->39819K(5592576K)
[54.348s][info][gc,metaspace   ] GC(112) Metaspace: 106943K(111164K)->106943K(111164K) NonClass: 95233K(97456K)->95233K(97456K) Class: 11709K(13708K)->11709K(13708K)
[54.348s][info][gc             ] GC(112) Pause Full (System.gc()) 39M->38M(7851M) 62.043ms
[54.348s][info][gc,cpu         ] GC(112) User=0.05s Sys=0.00s Real=0.06s
[54.928s][info][gc,start       ] GC(113) Pause Young (System.gc())
[54.930s][info][gc,heap        ] GC(113) PSYoungGen: 1292038K->1064K(2446848K)
[54.930s][info][gc,heap        ] GC(113) ParOldGen: 39819K->39819K(5592576K)
[54.930s][info][gc,metaspace   ] GC(113) Metaspace: 106943K(111164K)->106943K(111164K) NonClass: 95233K(97456K)->95233K(97456K) Class: 11709K(13708K)->11709K(13708K)
[54.930s][info][gc             ] GC(113) Pause Young (System.gc()) 1300M->39M(7851M) 1.627ms
[54.930s][info][gc,cpu         ] GC(113) User=0.00s Sys=0.00s Real=0.00s
[54.930s][info][gc,start       ] GC(114) Pause Full (System.gc())
[54.930s][info][gc,phases,start] GC(114) Marking Phase
[54.961s][info][gc,phases      ] GC(114) Marking Phase 30.608ms
[54.961s][info][gc,phases,start] GC(114) Summary Phase
[54.961s][info][gc,phases      ] GC(114) Summary Phase 0.010ms
[54.961s][info][gc,phases,start] GC(114) Adjust Roots
[54.973s][info][gc,phases      ] GC(114) Adjust Roots 11.964ms
[54.973s][info][gc,phases,start] GC(114) Compaction Phase
[54.994s][info][gc,phases      ] GC(114) Compaction Phase 20.644ms
[54.994s][info][gc,phases,start] GC(114) Post Compact
[54.994s][info][gc,phases      ] GC(114) Post Compact 0.593ms
[54.994s][info][gc,heap        ] GC(114) PSYoungGen: 1064K->0K(2446848K)
[54.994s][info][gc,heap        ] GC(114) ParOldGen: 39819K->39926K(5592576K)
[54.994s][info][gc,metaspace   ] GC(114) Metaspace: 106943K(111164K)->106943K(111164K) NonClass: 95233K(97456K)->95233K(97456K) Class: 11709K(13708K)->11709K(13708K)
[54.994s][info][gc             ] GC(114) Pause Full (System.gc()) 39M->38M(7851M) 64.066ms
[54.994s][info][gc,cpu         ] GC(114) User=0.06s Sys=0.00s Real=0.06s
[55.579s][info][gc,start       ] GC(115) Pause Young (System.gc())
[55.581s][info][gc,heap        ] GC(115) PSYoungGen: 1308213K->1064K(2446848K)
[55.581s][info][gc,heap        ] GC(115) ParOldGen: 39926K->39926K(5592576K)
[55.581s][info][gc,metaspace   ] GC(115) Metaspace: 106944K(111164K)->106944K(111164K) NonClass: 95234K(97456K)->95234K(97456K) Class: 11709K(13708K)->11709K(13708K)
[55.581s][info][gc             ] GC(115) Pause Young (System.gc()) 1316M->40M(7851M) 1.716ms
[55.581s][info][gc,cpu         ] GC(115) User=0.00s Sys=0.00s Real=0.00s
[55.581s][info][gc,start       ] GC(116) Pause Full (System.gc())
[55.581s][info][gc,phases,start] GC(116) Marking Phase
[55.612s][info][gc,phases      ] GC(116) Marking Phase 31.478ms
[55.612s][info][gc,phases,start] GC(116) Summary Phase
[55.612s][info][gc,phases      ] GC(116) Summary Phase 0.010ms
[55.612s][info][gc,phases,start] GC(116) Adjust Roots
[55.624s][info][gc,phases      ] GC(116) Adjust Roots 11.626ms
[55.624s][info][gc,phases,start] GC(116) Compaction Phase
[55.651s][info][gc,phases      ] GC(116) Compaction Phase 26.837ms
[55.651s][info][gc,phases,start] GC(116) Post Compact
[55.652s][info][gc,phases      ] GC(116) Post Compact 0.766ms
[55.652s][info][gc,heap        ] GC(116) PSYoungGen: 1064K->0K(2446848K)
[55.652s][info][gc,heap        ] GC(116) ParOldGen: 39926K->40029K(5592576K)
[55.652s][info][gc,metaspace   ] GC(116) Metaspace: 106944K(111164K)->106944K(111164K) NonClass: 95234K(97456K)->95234K(97456K) Class: 11709K(13708K)->11709K(13708K)
[55.652s][info][gc             ] GC(116) Pause Full (System.gc()) 40M->39M(7851M) 71.068ms
[55.652s][info][gc,cpu         ] GC(116) User=0.03s Sys=0.00s Real=0.08s
[56.243s][info][gc,start       ] GC(117) Pause Young (System.gc())
[56.244s][info][gc,heap        ] GC(117) PSYoungGen: 1314884K->1104K(2446848K)
[56.244s][info][gc,heap        ] GC(117) ParOldGen: 40029K->40029K(5592576K)
[56.244s][info][gc,metaspace   ] GC(117) Metaspace: 106944K(111164K)->106944K(111164K) NonClass: 95234K(97456K)->95234K(97456K) Class: 11709K(13708K)->11709K(13708K)
[56.245s][info][gc             ] GC(117) Pause Young (System.gc()) 1323M->40M(7851M) 1.813ms
[56.245s][info][gc,cpu         ] GC(117) User=0.00s Sys=0.00s Real=0.00s
[56.245s][info][gc,start       ] GC(118) Pause Full (System.gc())
[56.245s][info][gc,phases,start] GC(118) Marking Phase
[56.274s][info][gc,phases      ] GC(118) Marking Phase 29.192ms
[56.274s][info][gc,phases,start] GC(118) Summary Phase
[56.274s][info][gc,phases      ] GC(118) Summary Phase 0.010ms
[56.274s][info][gc,phases,start] GC(118) Adjust Roots
[56.286s][info][gc,phases      ] GC(118) Adjust Roots 11.724ms
[56.286s][info][gc,phases,start] GC(118) Compaction Phase
[56.311s][info][gc,phases      ] GC(118) Compaction Phase 25.231ms
[56.311s][info][gc,phases,start] GC(118) Post Compact
[56.312s][info][gc,phases      ] GC(118) Post Compact 0.750ms
[56.312s][info][gc,heap        ] GC(118) PSYoungGen: 1104K->0K(2446848K)
[56.312s][info][gc,heap        ] GC(118) ParOldGen: 40029K->40135K(5592576K)
[56.312s][info][gc,metaspace   ] GC(118) Metaspace: 106944K(111164K)->106944K(111164K) NonClass: 95234K(97456K)->95234K(97456K) Class: 11709K(13708K)->11709K(13708K)
[56.312s][info][gc             ] GC(118) Pause Full (System.gc()) 40M->39M(7851M) 67.208ms
[56.312s][info][gc,cpu         ] GC(118) User=0.03s Sys=0.00s Real=0.08s
[56.891s][info][gc,start       ] GC(119) Pause Young (System.gc())
[56.893s][info][gc,heap        ] GC(119) PSYoungGen: 1292749K->1096K(2446848K)
[56.893s][info][gc,heap        ] GC(119) ParOldGen: 40135K->40143K(5592576K)
[56.893s][info][gc,metaspace   ] GC(119) Metaspace: 107086K(111164K)->107086K(111164K) NonClass: 95345K(97456K)->95345K(97456K) Class: 11740K(13708K)->11740K(13708K)
[56.893s][info][gc             ] GC(119) Pause Young (System.gc()) 1301M->40M(7851M) 2.047ms
[56.893s][info][gc,cpu         ] GC(119) User=0.00s Sys=0.00s Real=0.02s
[56.893s][info][gc,start       ] GC(120) Pause Full (System.gc())
[56.893s][info][gc,phases,start] GC(120) Marking Phase
[56.926s][info][gc,phases      ] GC(120) Marking Phase 32.771ms
[56.926s][info][gc,phases,start] GC(120) Summary Phase
[56.926s][info][gc,phases      ] GC(120) Summary Phase 0.011ms
[56.926s][info][gc,phases,start] GC(120) Adjust Roots
[56.940s][info][gc,phases      ] GC(120) Adjust Roots 13.272ms
[56.940s][info][gc,phases,start] GC(120) Compaction Phase
[56.971s][info][gc,phases      ] GC(120) Compaction Phase 31.491ms
[56.971s][info][gc,phases,start] GC(120) Post Compact
[56.972s][info][gc,phases      ] GC(120) Post Compact 0.810ms
[56.972s][info][gc,heap        ] GC(120) PSYoungGen: 1096K->0K(2446848K)
[56.972s][info][gc,heap        ] GC(120) ParOldGen: 40143K->39737K(5592576K)
[56.972s][info][gc,metaspace   ] GC(120) Metaspace: 107086K(111164K)->107086K(111164K) NonClass: 95345K(97456K)->95345K(97456K) Class: 11740K(13708K)->11740K(13708K)
[56.972s][info][gc             ] GC(120) Pause Full (System.gc()) 40M->38M(7851M) 78.671ms
[56.972s][info][gc,cpu         ] GC(120) User=0.00s Sys=0.00s Real=0.08s
[57.549s][info][gc,start       ] GC(121) Pause Young (System.gc())
[57.550s][info][gc,heap        ] GC(121) PSYoungGen: 1307296K->1389K(2446848K)
[57.550s][info][gc,heap        ] GC(121) ParOldGen: 39737K->39737K(5592576K)
[57.550s][info][gc,metaspace   ] GC(121) Metaspace: 107087K(111164K)->107087K(111164K) NonClass: 95345K(97456K)->95345K(97456K) Class: 11741K(13708K)->11741K(13708K)
[57.550s][info][gc             ] GC(121) Pause Young (System.gc()) 1315M->40M(7851M) 1.549ms
[57.550s][info][gc,cpu         ] GC(121) User=0.00s Sys=0.00s Real=0.00s
[57.550s][info][gc,start       ] GC(122) Pause Full (System.gc())
[57.550s][info][gc,phases,start] GC(122) Marking Phase
[57.580s][info][gc,phases      ] GC(122) Marking Phase 29.564ms
[57.580s][info][gc,phases,start] GC(122) Summary Phase
[57.580s][info][gc,phases      ] GC(122) Summary Phase 0.010ms
[57.580s][info][gc,phases,start] GC(122) Adjust Roots
[57.592s][info][gc,phases      ] GC(122) Adjust Roots 12.188ms
[57.592s][info][gc,phases,start] GC(122) Compaction Phase
[57.615s][info][gc,phases      ] GC(122) Compaction Phase 22.352ms
[57.615s][info][gc,phases,start] GC(122) Post Compact
[57.616s][info][gc,phases      ] GC(122) Post Compact 0.948ms
[57.616s][info][gc,heap        ] GC(122) PSYoungGen: 1389K->0K(2446848K)
[57.616s][info][gc,heap        ] GC(122) ParOldGen: 39737K->40165K(5592576K)
[57.616s][info][gc,metaspace   ] GC(122) Metaspace: 107087K(111164K)->107087K(111164K) NonClass: 95345K(97456K)->95345K(97456K) Class: 11741K(13708K)->11741K(13708K)
[57.616s][info][gc             ] GC(122) Pause Full (System.gc()) 40M->39M(7851M) 65.382ms
[57.616s][info][gc,cpu         ] GC(122) User=0.06s Sys=0.00s Real=0.08s
[58.193s][info][gc,start       ] GC(123) Pause Young (System.gc())
[58.194s][info][gc,heap        ] GC(123) PSYoungGen: 1292184K->1032K(2446848K)
[58.194s][info][gc,heap        ] GC(123) ParOldGen: 40165K->40165K(5592576K)
[58.194s][info][gc,metaspace   ] GC(123) Metaspace: 107087K(111164K)->107087K(111164K) NonClass: 95345K(97456K)->95345K(97456K) Class: 11741K(13708K)->11741K(13708K)
[58.194s][info][gc             ] GC(123) Pause Young (System.gc()) 1301M->40M(7851M) 1.795ms
[58.195s][info][gc,cpu         ] GC(123) User=0.00s Sys=0.00s Real=0.00s
[58.195s][info][gc,start       ] GC(124) Pause Full (System.gc())
[58.195s][info][gc,phases,start] GC(124) Marking Phase
[58.225s][info][gc,phases      ] GC(124) Marking Phase 30.257ms
[58.225s][info][gc,phases,start] GC(124) Summary Phase
[58.225s][info][gc,phases      ] GC(124) Summary Phase 0.010ms
[58.225s][info][gc,phases,start] GC(124) Adjust Roots
[58.236s][info][gc,phases      ] GC(124) Adjust Roots 11.366ms
[58.236s][info][gc,phases,start] GC(124) Compaction Phase
[58.259s][info][gc,phases      ] GC(124) Compaction Phase 22.947ms
[58.259s][info][gc,phases,start] GC(124) Post Compact
[58.260s][info][gc,phases      ] GC(124) Post Compact 1.014ms
[58.260s][info][gc,heap        ] GC(124) PSYoungGen: 1032K->0K(2446848K)
[58.260s][info][gc,heap        ] GC(124) ParOldGen: 40165K->39946K(5592576K)
[58.260s][info][gc,metaspace   ] GC(124) Metaspace: 107087K(111164K)->107087K(111164K) NonClass: 95345K(97456K)->95345K(97456K) Class: 11741K(13708K)->11741K(13708K)
[58.261s][info][gc             ] GC(124) Pause Full (System.gc()) 40M->39M(7851M) 65.905ms
[58.261s][info][gc,cpu         ] GC(124) User=0.03s Sys=0.00s Real=0.08s
[58.832s][info][gc,start       ] GC(125) Pause Young (System.gc())
[58.834s][info][gc,heap        ] GC(125) PSYoungGen: 1321966K->1128K(2446848K)
[58.834s][info][gc,heap        ] GC(125) ParOldGen: 39946K->39946K(5592576K)
[58.834s][info][gc,metaspace   ] GC(125) Metaspace: 107091K(111164K)->107091K(111164K) NonClass: 95349K(97456K)->95349K(97456K) Class: 11741K(13708K)->11741K(13708K)
[58.834s][info][gc             ] GC(125) Pause Young (System.gc()) 1329M->40M(7851M) 1.833ms
[58.834s][info][gc,cpu         ] GC(125) User=0.00s Sys=0.00s Real=0.00s
[58.834s][info][gc,start       ] GC(126) Pause Full (System.gc())
[58.834s][info][gc,phases,start] GC(126) Marking Phase
[58.865s][info][gc,phases      ] GC(126) Marking Phase 31.181ms
[58.865s][info][gc,phases,start] GC(126) Summary Phase
[58.865s][info][gc,phases      ] GC(126) Summary Phase 0.010ms
[58.865s][info][gc,phases,start] GC(126) Adjust Roots
[58.877s][info][gc,phases      ] GC(126) Adjust Roots 11.655ms
[58.877s][info][gc,phases,start] GC(126) Compaction Phase
[58.902s][info][gc,phases      ] GC(126) Compaction Phase 25.311ms
[58.902s][info][gc,phases,start] GC(126) Post Compact
[58.903s][info][gc,phases      ] GC(126) Post Compact 0.852ms
[58.903s][info][gc,heap        ] GC(126) PSYoungGen: 1128K->0K(2446848K)
[58.903s][info][gc,heap        ] GC(126) ParOldGen: 39946K->39971K(5592576K)
[58.903s][info][gc,metaspace   ] GC(126) Metaspace: 107091K(111164K)->107091K(111164K) NonClass: 95349K(97456K)->95349K(97456K) Class: 11741K(13708K)->11741K(13708K)
[58.903s][info][gc             ] GC(126) Pause Full (System.gc()) 40M->39M(7851M) 69.297ms
[58.903s][info][gc,cpu         ] GC(126) User=0.05s Sys=0.00s Real=0.08s
[59.480s][info][gc,start       ] GC(127) Pause Young (System.gc())
[59.482s][info][gc,heap        ] GC(127) PSYoungGen: 1308294K->1096K(2446848K)
[59.482s][info][gc,heap        ] GC(127) ParOldGen: 39971K->39971K(5592576K)
[59.482s][info][gc,metaspace   ] GC(127) Metaspace: 107091K(111164K)->107091K(111164K) NonClass: 95349K(97456K)->95349K(97456K) Class: 11741K(13708K)->11741K(13708K)
[59.482s][info][gc             ] GC(127) Pause Young (System.gc()) 1316M->40M(7851M) 1.797ms
[59.482s][info][gc,cpu         ] GC(127) User=0.00s Sys=0.00s Real=0.00s
[59.482s][info][gc,start       ] GC(128) Pause Full (System.gc())
[59.482s][info][gc,phases,start] GC(128) Marking Phase
[59.512s][info][gc,phases      ] GC(128) Marking Phase 30.311ms
[59.512s][info][gc,phases,start] GC(128) Summary Phase
[59.512s][info][gc,phases      ] GC(128) Summary Phase 0.010ms
[59.512s][info][gc,phases,start] GC(128) Adjust Roots
[59.525s][info][gc,phases      ] GC(128) Adjust Roots 12.481ms
[59.525s][info][gc,phases,start] GC(128) Compaction Phase
[59.547s][info][gc,phases      ] GC(128) Compaction Phase 21.623ms
[59.547s][info][gc,phases,start] GC(128) Post Compact
[59.547s][info][gc,phases      ] GC(128) Post Compact 0.739ms
[59.547s][info][gc,heap        ] GC(128) PSYoungGen: 1096K->0K(2446848K)
[59.548s][info][gc,heap        ] GC(128) ParOldGen: 39971K->40076K(5592576K)
[59.548s][info][gc,metaspace   ] GC(128) Metaspace: 107091K(111164K)->107091K(111164K) NonClass: 95349K(97456K)->95349K(97456K) Class: 11741K(13708K)->11741K(13708K)
[59.548s][info][gc             ] GC(128) Pause Full (System.gc()) 40M->39M(7851M) 65.449ms
[59.548s][info][gc,cpu         ] GC(128) User=0.05s Sys=0.00s Real=0.08s
[60.121s][info][gc,start       ] GC(129) Pause Young (System.gc())
[60.123s][info][gc,heap        ] GC(129) PSYoungGen: 1291570K->1042K(2446848K)
[60.123s][info][gc,heap        ] GC(129) ParOldGen: 40076K->40076K(5592576K)
[60.123s][info][gc,metaspace   ] GC(129) Metaspace: 107091K(111164K)->107091K(111164K) NonClass: 95349K(97456K)->95349K(97456K) Class: 11741K(13708K)->11741K(13708K)
[60.123s][info][gc             ] GC(129) Pause Young (System.gc()) 1300M->40M(7851M) 1.713ms
[60.123s][info][gc,cpu         ] GC(129) User=0.00s Sys=0.00s Real=0.00s
[60.123s][info][gc,start       ] GC(130) Pause Full (System.gc())
[60.123s][info][gc,phases,start] GC(130) Marking Phase
[60.155s][info][gc,phases      ] GC(130) Marking Phase 31.221ms
[60.155s][info][gc,phases,start] GC(130) Summary Phase
[60.155s][info][gc,phases      ] GC(130) Summary Phase 0.011ms
[60.155s][info][gc,phases,start] GC(130) Adjust Roots
[60.167s][info][gc,phases      ] GC(130) Adjust Roots 11.907ms
[60.167s][info][gc,phases,start] GC(130) Compaction Phase
[60.190s][info][gc,phases      ] GC(130) Compaction Phase 23.233ms
[60.190s][info][gc,phases,start] GC(130) Post Compact
[60.191s][info][gc,phases      ] GC(130) Post Compact 1.105ms
[60.191s][info][gc,heap        ] GC(130) PSYoungGen: 1042K->0K(2446848K)
[60.191s][info][gc,heap        ] GC(130) ParOldGen: 40076K->40180K(5592576K)
[60.191s][info][gc,metaspace   ] GC(130) Metaspace: 107091K(111164K)->107091K(111164K) NonClass: 95349K(97456K)->95349K(97456K) Class: 11741K(13708K)->11741K(13708K)
[60.191s][info][gc             ] GC(130) Pause Full (System.gc()) 40M->39M(7851M) 67.849ms
[60.191s][info][gc,cpu         ] GC(130) User=0.12s Sys=0.00s Real=0.08s
[60.764s][info][gc,start       ] GC(131) Pause Young (System.gc())
[60.766s][info][gc,heap        ] GC(131) PSYoungGen: 1308827K->1064K(2446848K)
[60.766s][info][gc,heap        ] GC(131) ParOldGen: 40180K->40180K(5592576K)
[60.766s][info][gc,metaspace   ] GC(131) Metaspace: 107095K(111420K)->107095K(111420K) NonClass: 95354K(97712K)->95354K(97712K) Class: 11741K(13708K)->11741K(13708K)
[60.766s][info][gc             ] GC(131) Pause Young (System.gc()) 1317M->40M(7851M) 1.675ms
[60.766s][info][gc,cpu         ] GC(131) User=0.00s Sys=0.00s Real=0.00s
[60.766s][info][gc,start       ] GC(132) Pause Full (System.gc())
[60.766s][info][gc,phases,start] GC(132) Marking Phase
[60.796s][info][gc,phases      ] GC(132) Marking Phase 29.726ms
[60.796s][info][gc,phases,start] GC(132) Summary Phase
[60.796s][info][gc,phases      ] GC(132) Summary Phase 0.010ms
[60.796s][info][gc,phases,start] GC(132) Adjust Roots
[60.808s][info][gc,phases      ] GC(132) Adjust Roots 12.298ms
[60.808s][info][gc,phases,start] GC(132) Compaction Phase
[60.826s][info][gc,phases      ] GC(132) Compaction Phase 17.234ms
[60.826s][info][gc,phases,start] GC(132) Post Compact
[60.826s][info][gc,phases      ] GC(132) Post Compact 0.584ms
[60.826s][info][gc,heap        ] GC(132) PSYoungGen: 1064K->0K(2446848K)
[60.826s][info][gc,heap        ] GC(132) ParOldGen: 40180K->39738K(5592576K)
[60.826s][info][gc,metaspace   ] GC(132) Metaspace: 107095K(111420K)->107095K(111420K) NonClass: 95354K(97712K)->95354K(97712K) Class: 11741K(13708K)->11741K(13708K)
[60.826s][info][gc             ] GC(132) Pause Full (System.gc()) 40M->38M(7851M) 60.117ms
[60.826s][info][gc,cpu         ] GC(132) User=0.06s Sys=0.00s Real=0.06s
[61.401s][info][gc,start       ] GC(133) Pause Young (System.gc())
[61.402s][info][gc,heap        ] GC(133) PSYoungGen: 1292154K->1064K(2446848K)
[61.402s][info][gc,heap        ] GC(133) ParOldGen: 39738K->39738K(5592576K)
[61.402s][info][gc,metaspace   ] GC(133) Metaspace: 107095K(111420K)->107095K(111420K) NonClass: 95354K(97712K)->95354K(97712K) Class: 11741K(13708K)->11741K(13708K)
[61.402s][info][gc             ] GC(133) Pause Young (System.gc()) 1300M->39M(7851M) 1.662ms
[61.403s][info][gc,cpu         ] GC(133) User=0.00s Sys=0.00s Real=0.02s
[61.403s][info][gc,start       ] GC(134) Pause Full (System.gc())
[61.403s][info][gc,phases,start] GC(134) Marking Phase
[61.432s][info][gc,phases      ] GC(134) Marking Phase 29.446ms
[61.432s][info][gc,phases,start] GC(134) Summary Phase
[61.432s][info][gc,phases      ] GC(134) Summary Phase 0.011ms
[61.432s][info][gc,phases,start] GC(134) Adjust Roots
[61.444s][info][gc,phases      ] GC(134) Adjust Roots 11.907ms
[61.444s][info][gc,phases,start] GC(134) Compaction Phase
[61.464s][info][gc,phases      ] GC(134) Compaction Phase 20.033ms
[61.464s][info][gc,phases,start] GC(134) Post Compact
[61.465s][info][gc,phases      ] GC(134) Post Compact 0.724ms
[61.465s][info][gc,heap        ] GC(134) PSYoungGen: 1064K->0K(2446848K)
[61.465s][info][gc,heap        ] GC(134) ParOldGen: 39738K->39843K(5592576K)
[61.465s][info][gc,metaspace   ] GC(134) Metaspace: 107095K(111420K)->107095K(111420K) NonClass: 95354K(97712K)->95354K(97712K) Class: 11741K(13708K)->11741K(13708K)
[61.465s][info][gc             ] GC(134) Pause Full (System.gc()) 39M->38M(7851M) 62.429ms
[61.465s][info][gc,cpu         ] GC(134) User=0.05s Sys=0.00s Real=0.06s
[62.038s][info][gc,start       ] GC(135) Pause Young (System.gc())
[62.040s][info][gc,heap        ] GC(135) PSYoungGen: 1293881K->1040K(2446848K)
[62.040s][info][gc,heap        ] GC(135) ParOldGen: 39843K->39843K(5592576K)
[62.040s][info][gc,metaspace   ] GC(135) Metaspace: 107104K(111420K)->107104K(111420K) NonClass: 95362K(97712K)->95362K(97712K) Class: 11742K(13708K)->11742K(13708K)
[62.040s][info][gc             ] GC(135) Pause Young (System.gc()) 1302M->39M(7851M) 1.697ms
[62.040s][info][gc,cpu         ] GC(135) User=0.00s Sys=0.00s Real=0.00s
[62.040s][info][gc,start       ] GC(136) Pause Full (System.gc())
[62.040s][info][gc,phases,start] GC(136) Marking Phase
[62.070s][info][gc,phases      ] GC(136) Marking Phase 30.310ms
[62.070s][info][gc,phases,start] GC(136) Summary Phase
[62.070s][info][gc,phases      ] GC(136) Summary Phase 0.010ms
[62.070s][info][gc,phases,start] GC(136) Adjust Roots
[62.082s][info][gc,phases      ] GC(136) Adjust Roots 11.631ms
[62.082s][info][gc,phases,start] GC(136) Compaction Phase
[62.108s][info][gc,phases      ] GC(136) Compaction Phase 25.827ms
[62.108s][info][gc,phases,start] GC(136) Post Compact
[62.109s][info][gc,phases      ] GC(136) Post Compact 0.990ms
[62.109s][info][gc,heap        ] GC(136) PSYoungGen: 1040K->0K(2446848K)
[62.109s][info][gc,heap        ] GC(136) ParOldGen: 39843K->39948K(5592576K)
[62.109s][info][gc,metaspace   ] GC(136) Metaspace: 107104K(111420K)->107104K(111420K) NonClass: 95362K(97712K)->95362K(97712K) Class: 11742K(13708K)->11742K(13708K)
[62.109s][info][gc             ] GC(136) Pause Full (System.gc()) 39M->39M(7851M) 69.144ms
[62.109s][info][gc,cpu         ] GC(136) User=0.06s Sys=0.00s Real=0.08s
[62.682s][info][gc,start       ] GC(137) Pause Young (System.gc())
[62.684s][info][gc,heap        ] GC(137) PSYoungGen: 1303819K->1072K(2446848K)
[62.684s][info][gc,heap        ] GC(137) ParOldGen: 39948K->39948K(5592576K)
[62.684s][info][gc,metaspace   ] GC(137) Metaspace: 107111K(111420K)->107111K(111420K) NonClass: 95368K(97712K)->95368K(97712K) Class: 11743K(13708K)->11743K(13708K)
[62.684s][info][gc             ] GC(137) Pause Young (System.gc()) 1312M->40M(7851M) 1.706ms
[62.684s][info][gc,cpu         ] GC(137) User=0.00s Sys=0.00s Real=0.00s
[62.684s][info][gc,start       ] GC(138) Pause Full (System.gc())
[62.684s][info][gc,phases,start] GC(138) Marking Phase
[62.732s][info][gc,phases      ] GC(138) Marking Phase 48.070ms
[62.732s][info][gc,phases,start] GC(138) Summary Phase
[62.732s][info][gc,phases      ] GC(138) Summary Phase 0.010ms
[62.732s][info][gc,phases,start] GC(138) Adjust Roots
[62.743s][info][gc,phases      ] GC(138) Adjust Roots 11.511ms
[62.744s][info][gc,phases,start] GC(138) Compaction Phase
[62.769s][info][gc,phases      ] GC(138) Compaction Phase 25.729ms
[62.769s][info][gc,phases,start] GC(138) Post Compact
[62.770s][info][gc,phases      ] GC(138) Post Compact 0.904ms
[62.770s][info][gc,heap        ] GC(138) PSYoungGen: 1072K->0K(2446848K)
[62.770s][info][gc,heap        ] GC(138) ParOldGen: 39948K->40053K(5592576K)
[62.770s][info][gc,metaspace   ] GC(138) Metaspace: 107111K(111420K)->107109K(111420K) NonClass: 95368K(97712K)->95367K(97712K) Class: 11743K(13708K)->11742K(13708K)
[62.770s][info][gc             ] GC(138) Pause Full (System.gc()) 40M->39M(7851M) 86.534ms
[62.770s][info][gc,cpu         ] GC(138) User=0.06s Sys=0.00s Real=0.10s
[63.347s][info][gc,start       ] GC(139) Pause Young (System.gc())
[63.349s][info][gc,heap        ] GC(139) PSYoungGen: 1307640K->1064K(2446848K)
[63.349s][info][gc,heap        ] GC(139) ParOldGen: 40053K->40053K(5592576K)
[63.349s][info][gc,metaspace   ] GC(139) Metaspace: 107109K(111420K)->107109K(111420K) NonClass: 95367K(97712K)->95367K(97712K) Class: 11742K(13708K)->11742K(13708K)
[63.349s][info][gc             ] GC(139) Pause Young (System.gc()) 1316M->40M(7851M) 1.717ms
[63.349s][info][gc,cpu         ] GC(139) User=0.00s Sys=0.00s Real=0.00s
[63.349s][info][gc,start       ] GC(140) Pause Full (System.gc())
[63.349s][info][gc,phases,start] GC(140) Marking Phase
[63.380s][info][gc,phases      ] GC(140) Marking Phase 30.730ms
[63.380s][info][gc,phases,start] GC(140) Summary Phase
[63.380s][info][gc,phases      ] GC(140) Summary Phase 0.014ms
[63.380s][info][gc,phases,start] GC(140) Adjust Roots
[63.393s][info][gc,phases      ] GC(140) Adjust Roots 12.563ms
[63.393s][info][gc,phases,start] GC(140) Compaction Phase
[63.412s][info][gc,phases      ] GC(140) Compaction Phase 19.611ms
[63.412s][info][gc,phases,start] GC(140) Post Compact
[63.413s][info][gc,phases      ] GC(140) Post Compact 0.796ms
[63.413s][info][gc,heap        ] GC(140) PSYoungGen: 1064K->0K(2446848K)
[63.413s][info][gc,heap        ] GC(140) ParOldGen: 40053K->40157K(5592576K)
[63.413s][info][gc,metaspace   ] GC(140) Metaspace: 107109K(111420K)->107109K(111420K) NonClass: 95367K(97712K)->95367K(97712K) Class: 11742K(13708K)->11742K(13708K)
[63.413s][info][gc             ] GC(140) Pause Full (System.gc()) 40M->39M(7851M) 64.043ms
[63.413s][info][gc,cpu         ] GC(140) User=0.09s Sys=0.00s Real=0.08s
[63.987s][info][gc,start       ] GC(141) Pause Young (System.gc())
[63.989s][info][gc,heap        ] GC(141) PSYoungGen: 1305308K->1064K(2446848K)
[63.989s][info][gc,heap        ] GC(141) ParOldGen: 40157K->40157K(5592576K)
[63.989s][info][gc,metaspace   ] GC(141) Metaspace: 107122K(111420K)->107122K(111420K) NonClass: 95379K(97712K)->95379K(97712K) Class: 11743K(13708K)->11743K(13708K)
[63.989s][info][gc             ] GC(141) Pause Young (System.gc()) 1313M->40M(7851M) 1.665ms
[63.989s][info][gc,cpu         ] GC(141) User=0.00s Sys=0.00s Real=0.00s
[63.989s][info][gc,start       ] GC(142) Pause Full (System.gc())
[63.989s][info][gc,phases,start] GC(142) Marking Phase
[64.019s][info][gc,phases      ] GC(142) Marking Phase 30.584ms
[64.020s][info][gc,phases,start] GC(142) Summary Phase
[64.020s][info][gc,phases      ] GC(142) Summary Phase 0.011ms
[64.020s][info][gc,phases,start] GC(142) Adjust Roots
[64.031s][info][gc,phases      ] GC(142) Adjust Roots 11.723ms
[64.031s][info][gc,phases,start] GC(142) Compaction Phase
[64.057s][info][gc,phases      ] GC(142) Compaction Phase 25.760ms
[64.057s][info][gc,phases,start] GC(142) Post Compact
[64.058s][info][gc,phases      ] GC(142) Post Compact 0.685ms
[64.058s][info][gc,heap        ] GC(142) PSYoungGen: 1064K->0K(2446848K)
[64.058s][info][gc,heap        ] GC(142) ParOldGen: 40157K->39712K(5592576K)
[64.058s][info][gc,metaspace   ] GC(142) Metaspace: 107122K(111420K)->107122K(111420K) NonClass: 95379K(97712K)->95379K(97712K) Class: 11743K(13708K)->11743K(13708K)
[64.058s][info][gc             ] GC(142) Pause Full (System.gc()) 40M->38M(7851M) 69.082ms
[64.058s][info][gc,cpu         ] GC(142) User=0.06s Sys=0.00s Real=0.08s
[64.627s][info][gc,start       ] GC(143) Pause Young (System.gc())
[64.629s][info][gc,heap        ] GC(143) PSYoungGen: 1314673K->1049K(2446848K)
[64.629s][info][gc,heap        ] GC(143) ParOldGen: 39712K->39712K(5592576K)
[64.629s][info][gc,metaspace   ] GC(143) Metaspace: 107122K(111420K)->107122K(111420K) NonClass: 95379K(97712K)->95379K(97712K) Class: 11743K(13708K)->11743K(13708K)
[64.629s][info][gc             ] GC(143) Pause Young (System.gc()) 1322M->39M(7851M) 1.563ms
[64.629s][info][gc,cpu         ] GC(143) User=0.00s Sys=0.00s Real=0.00s
[64.629s][info][gc,start       ] GC(144) Pause Full (System.gc())
[64.629s][info][gc,phases,start] GC(144) Marking Phase
[64.659s][info][gc,phases      ] GC(144) Marking Phase 30.066ms
[64.659s][info][gc,phases,start] GC(144) Summary Phase
[64.659s][info][gc,phases      ] GC(144) Summary Phase 0.010ms
[64.659s][info][gc,phases,start] GC(144) Adjust Roots
[64.671s][info][gc,phases      ] GC(144) Adjust Roots 11.586ms
[64.671s][info][gc,phases,start] GC(144) Compaction Phase
[64.685s][info][gc,phases      ] GC(144) Compaction Phase 14.487ms
[64.685s][info][gc,phases,start] GC(144) Post Compact
[64.686s][info][gc,phases      ] GC(144) Post Compact 0.707ms
[64.686s][info][gc,heap        ] GC(144) PSYoungGen: 1049K->0K(2446848K)
[64.686s][info][gc,heap        ] GC(144) ParOldGen: 39712K->39816K(5592576K)
[64.686s][info][gc,metaspace   ] GC(144) Metaspace: 107122K(111420K)->107122K(111420K) NonClass: 95379K(97712K)->95379K(97712K) Class: 11743K(13708K)->11743K(13708K)
[64.686s][info][gc             ] GC(144) Pause Full (System.gc()) 39M->38M(7851M) 57.173ms
[64.686s][info][gc,cpu         ] GC(144) User=0.05s Sys=0.00s Real=0.06s
[65.256s][info][gc,start       ] GC(145) Pause Young (System.gc())
[65.258s][info][gc,heap        ] GC(145) PSYoungGen: 1290720K->1032K(2446848K)
[65.258s][info][gc,heap        ] GC(145) ParOldGen: 39816K->39816K(5592576K)
[65.258s][info][gc,metaspace   ] GC(145) Metaspace: 107122K(111420K)->107122K(111420K) NonClass: 95379K(97712K)->95379K(97712K) Class: 11743K(13708K)->11743K(13708K)
[65.258s][info][gc             ] GC(145) Pause Young (System.gc()) 1299M->39M(7851M) 1.651ms
[65.258s][info][gc,cpu         ] GC(145) User=0.00s Sys=0.00s Real=0.00s
[65.258s][info][gc,start       ] GC(146) Pause Full (System.gc())
[65.258s][info][gc,phases,start] GC(146) Marking Phase
[65.289s][info][gc,phases      ] GC(146) Marking Phase 31.152ms
[65.289s][info][gc,phases,start] GC(146) Summary Phase
[65.289s][info][gc,phases      ] GC(146) Summary Phase 0.011ms
[65.289s][info][gc,phases,start] GC(146) Adjust Roots
[65.301s][info][gc,phases      ] GC(146) Adjust Roots 11.980ms
[65.301s][info][gc,phases,start] GC(146) Compaction Phase
[65.321s][info][gc,phases      ] GC(146) Compaction Phase 19.461ms
[65.321s][info][gc,phases,start] GC(146) Post Compact
[65.322s][info][gc,phases      ] GC(146) Post Compact 0.606ms
[65.322s][info][gc,heap        ] GC(146) PSYoungGen: 1032K->0K(2446848K)
[65.322s][info][gc,heap        ] GC(146) ParOldGen: 39816K->39920K(5592576K)
[65.322s][info][gc,metaspace   ] GC(146) Metaspace: 107122K(111420K)->107122K(111420K) NonClass: 95379K(97712K)->95379K(97712K) Class: 11743K(13708K)->11743K(13708K)
[65.322s][info][gc             ] GC(146) Pause Full (System.gc()) 39M->38M(7851M) 63.473ms
[65.322s][info][gc,cpu         ] GC(146) User=0.05s Sys=0.00s Real=0.06s
[65.887s][info][gc,start       ] GC(147) Pause Young (System.gc())
[65.889s][info][gc,heap        ] GC(147) PSYoungGen: 1298864K->1064K(2446848K)
[65.889s][info][gc,heap        ] GC(147) ParOldGen: 39920K->39920K(5592576K)
[65.889s][info][gc,metaspace   ] GC(147) Metaspace: 107122K(111420K)->107122K(111420K) NonClass: 95379K(97712K)->95379K(97712K) Class: 11743K(13708K)->11743K(13708K)
[65.889s][info][gc             ] GC(147) Pause Young (System.gc()) 1307M->40M(7851M) 1.658ms
[65.889s][info][gc,cpu         ] GC(147) User=0.00s Sys=0.00s Real=0.00s
[65.889s][info][gc,start       ] GC(148) Pause Full (System.gc())
[65.889s][info][gc,phases,start] GC(148) Marking Phase
[65.920s][info][gc,phases      ] GC(148) Marking Phase 31.496ms
[65.920s][info][gc,phases,start] GC(148) Summary Phase
[65.920s][info][gc,phases      ] GC(148) Summary Phase 0.010ms
[65.920s][info][gc,phases,start] GC(148) Adjust Roots
[65.933s][info][gc,phases      ] GC(148) Adjust Roots 12.510ms
[65.933s][info][gc,phases,start] GC(148) Compaction Phase
[65.959s][info][gc,phases      ] GC(148) Compaction Phase 26.270ms
[65.959s][info][gc,phases,start] GC(148) Post Compact
[65.960s][info][gc,phases      ] GC(148) Post Compact 1.012ms
[65.960s][info][gc,heap        ] GC(148) PSYoungGen: 1064K->0K(2446848K)
[65.960s][info][gc,heap        ] GC(148) ParOldGen: 39920K->40025K(5592576K)
[65.960s][info][gc,metaspace   ] GC(148) Metaspace: 107122K(111420K)->107122K(111420K) NonClass: 95379K(97712K)->95379K(97712K) Class: 11743K(13708K)->11743K(13708K)
[65.960s][info][gc             ] GC(148) Pause Full (System.gc()) 40M->39M(7851M) 71.635ms
[65.960s][info][gc,cpu         ] GC(148) User=0.00s Sys=0.00s Real=0.08s
[66.529s][info][gc,start       ] GC(149) Pause Young (System.gc())
[66.531s][info][gc,heap        ] GC(149) PSYoungGen: 1297267K->1064K(2446848K)
[66.531s][info][gc,heap        ] GC(149) ParOldGen: 40025K->40025K(5592576K)
[66.531s][info][gc,metaspace   ] GC(149) Metaspace: 107122K(111420K)->107122K(111420K) NonClass: 95379K(97712K)->95379K(97712K) Class: 11743K(13708K)->11743K(13708K)
[66.531s][info][gc             ] GC(149) Pause Young (System.gc()) 1305M->40M(7851M) 1.789ms
[66.531s][info][gc,cpu         ] GC(149) User=0.00s Sys=0.00s Real=0.00s
[66.531s][info][gc,start       ] GC(150) Pause Full (System.gc())
[66.531s][info][gc,phases,start] GC(150) Marking Phase
[66.562s][info][gc,phases      ] GC(150) Marking Phase 30.405ms
[66.562s][info][gc,phases,start] GC(150) Summary Phase
[66.562s][info][gc,phases      ] GC(150) Summary Phase 0.010ms
[66.562s][info][gc,phases,start] GC(150) Adjust Roots
[66.574s][info][gc,phases      ] GC(150) Adjust Roots 11.997ms
[66.574s][info][gc,phases,start] GC(150) Compaction Phase
[66.592s][info][gc,phases      ] GC(150) Compaction Phase 18.083ms
[66.592s][info][gc,phases,start] GC(150) Post Compact
[66.593s][info][gc,phases      ] GC(150) Post Compact 0.587ms
[66.593s][info][gc,heap        ] GC(150) PSYoungGen: 1064K->0K(2446848K)
[66.593s][info][gc,heap        ] GC(150) ParOldGen: 40025K->40131K(5592576K)
[66.593s][info][gc,metaspace   ] GC(150) Metaspace: 107122K(111420K)->107122K(111420K) NonClass: 95379K(97712K)->95379K(97712K) Class: 11743K(13708K)->11743K(13708K)
[66.593s][info][gc             ] GC(150) Pause Full (System.gc()) 40M->39M(7851M) 61.328ms
[66.593s][info][gc,cpu         ] GC(150) User=0.03s Sys=0.00s Real=0.06s
[67.161s][info][gc,start       ] GC(151) Pause Young (System.gc())
[67.163s][info][gc,heap        ] GC(151) PSYoungGen: 1293939K->1072K(2446848K)
[67.163s][info][gc,heap        ] GC(151) ParOldGen: 40131K->40131K(5592576K)
[67.163s][info][gc,metaspace   ] GC(151) Metaspace: 107122K(111420K)->107122K(111420K) NonClass: 95379K(97712K)->95379K(97712K) Class: 11743K(13708K)->11743K(13708K)
[67.163s][info][gc             ] GC(151) Pause Young (System.gc()) 1302M->40M(7851M) 1.718ms
[67.163s][info][gc,cpu         ] GC(151) User=0.00s Sys=0.00s Real=0.00s
[67.163s][info][gc,start       ] GC(152) Pause Full (System.gc())
[67.163s][info][gc,phases,start] GC(152) Marking Phase
[67.192s][info][gc,phases      ] GC(152) Marking Phase 28.668ms
[67.192s][info][gc,phases,start] GC(152) Summary Phase
[67.192s][info][gc,phases      ] GC(152) Summary Phase 0.010ms
[67.192s][info][gc,phases,start] GC(152) Adjust Roots
[67.204s][info][gc,phases      ] GC(152) Adjust Roots 11.910ms
[67.204s][info][gc,phases,start] GC(152) Compaction Phase
[67.222s][info][gc,phases      ] GC(152) Compaction Phase 18.218ms
[67.222s][info][gc,phases,start] GC(152) Post Compact
[67.223s][info][gc,phases      ] GC(152) Post Compact 0.595ms
[67.223s][info][gc,heap        ] GC(152) PSYoungGen: 1072K->0K(2446848K)
[67.223s][info][gc,heap        ] GC(152) ParOldGen: 40131K->40235K(5592576K)
[67.223s][info][gc,metaspace   ] GC(152) Metaspace: 107122K(111420K)->107122K(111420K) NonClass: 95379K(97712K)->95379K(97712K) Class: 11743K(13708K)->11743K(13708K)
[67.223s][info][gc             ] GC(152) Pause Full (System.gc()) 40M->39M(7851M) 59.644ms
[67.223s][info][gc,cpu         ] GC(152) User=0.06s Sys=0.00s Real=0.06s
[67.795s][info][gc,start       ] GC(153) Pause Young (System.gc())
[67.796s][info][gc,heap        ] GC(153) PSYoungGen: 1300305K->1350K(2446848K)
[67.796s][info][gc,heap        ] GC(153) ParOldGen: 40235K->40235K(5592576K)
[67.796s][info][gc,metaspace   ] GC(153) Metaspace: 107141K(111420K)->107141K(111420K) NonClass: 95398K(97712K)->95398K(97712K) Class: 11743K(13708K)->11743K(13708K)
[67.796s][info][gc             ] GC(153) Pause Young (System.gc()) 1309M->40M(7851M) 1.607ms
[67.796s][info][gc,cpu         ] GC(153) User=0.00s Sys=0.00s Real=0.00s
[67.797s][info][gc,start       ] GC(154) Pause Full (System.gc())
[67.797s][info][gc,phases,start] GC(154) Marking Phase
[67.828s][info][gc,phases      ] GC(154) Marking Phase 31.040ms
[67.828s][info][gc,phases,start] GC(154) Summary Phase
[67.828s][info][gc,phases      ] GC(154) Summary Phase 0.010ms
[67.828s][info][gc,phases,start] GC(154) Adjust Roots
[67.840s][info][gc,phases      ] GC(154) Adjust Roots 12.110ms
[67.840s][info][gc,phases,start] GC(154) Compaction Phase
[67.861s][info][gc,phases      ] GC(154) Compaction Phase 21.387ms
[67.861s][info][gc,phases,start] GC(154) Post Compact
[67.862s][info][gc,phases      ] GC(154) Post Compact 0.756ms
[67.862s][info][gc,heap        ] GC(154) PSYoungGen: 1350K->0K(2446848K)
[67.862s][info][gc,heap        ] GC(154) ParOldGen: 40235K->40114K(5592576K)
[67.862s][info][gc,metaspace   ] GC(154) Metaspace: 107141K(111420K)->107141K(111420K) NonClass: 95398K(97712K)->95398K(97712K) Class: 11743K(13708K)->11743K(13708K)
[67.862s][info][gc             ] GC(154) Pause Full (System.gc()) 40M->39M(7851M) 65.724ms
[67.862s][info][gc,cpu         ] GC(154) User=0.06s Sys=0.00s Real=0.08s
[68.427s][info][gc,start       ] GC(155) Pause Young (System.gc())
[68.429s][info][gc,heap        ] GC(155) PSYoungGen: 1303089K->1072K(2446848K)
[68.429s][info][gc,heap        ] GC(155) ParOldGen: 40114K->40114K(5592576K)
[68.429s][info][gc,metaspace   ] GC(155) Metaspace: 107142K(111420K)->107142K(111420K) NonClass: 95399K(97712K)->95399K(97712K) Class: 11743K(13708K)->11743K(13708K)
[68.429s][info][gc             ] GC(155) Pause Young (System.gc()) 1311M->40M(7851M) 1.666ms
[68.429s][info][gc,cpu         ] GC(155) User=0.00s Sys=0.00s Real=0.00s
[68.429s][info][gc,start       ] GC(156) Pause Full (System.gc())
[68.429s][info][gc,phases,start] GC(156) Marking Phase
[68.458s][info][gc,phases      ] GC(156) Marking Phase 28.996ms
[68.458s][info][gc,phases,start] GC(156) Summary Phase
[68.458s][info][gc,phases      ] GC(156) Summary Phase 0.011ms
[68.458s][info][gc,phases,start] GC(156) Adjust Roots
[68.470s][info][gc,phases      ] GC(156) Adjust Roots 11.806ms
[68.470s][info][gc,phases,start] GC(156) Compaction Phase
[68.489s][info][gc,phases      ] GC(156) Compaction Phase 19.131ms
[68.489s][info][gc,phases,start] GC(156) Post Compact
[68.491s][info][gc,phases      ] GC(156) Post Compact 1.314ms
[68.491s][info][gc,heap        ] GC(156) PSYoungGen: 1072K->0K(2446848K)
[68.491s][info][gc,heap        ] GC(156) ParOldGen: 40114K->39813K(5592576K)
[68.491s][info][gc,metaspace   ] GC(156) Metaspace: 107142K(111420K)->107142K(111420K) NonClass: 95399K(97712K)->95399K(97712K) Class: 11743K(13708K)->11743K(13708K)
[68.491s][info][gc             ] GC(156) Pause Full (System.gc()) 40M->38M(7851M) 61.599ms
[68.491s][info][gc,cpu         ] GC(156) User=0.05s Sys=0.00s Real=0.06s
[69.056s][info][gc,start       ] GC(157) Pause Young (System.gc())
[69.057s][info][gc,heap        ] GC(157) PSYoungGen: 1303594K->1389K(2446848K)
[69.057s][info][gc,heap        ] GC(157) ParOldGen: 39813K->39813K(5592576K)
[69.057s][info][gc,metaspace   ] GC(157) Metaspace: 107142K(111420K)->107142K(111420K) NonClass: 95399K(97712K)->95399K(97712K) Class: 11743K(13708K)->11743K(13708K)
[69.057s][info][gc             ] GC(157) Pause Young (System.gc()) 1311M->40M(7851M) 1.482ms
[69.057s][info][gc,cpu         ] GC(157) User=0.00s Sys=0.00s Real=0.00s
[69.057s][info][gc,start       ] GC(158) Pause Full (System.gc())
[69.057s][info][gc,phases,start] GC(158) Marking Phase
[69.088s][info][gc,phases      ] GC(158) Marking Phase 30.039ms
[69.088s][info][gc,phases,start] GC(158) Summary Phase
[69.088s][info][gc,phases      ] GC(158) Summary Phase 0.011ms
[69.088s][info][gc,phases,start] GC(158) Adjust Roots
[69.099s][info][gc,phases      ] GC(158) Adjust Roots 11.891ms
[69.100s][info][gc,phases,start] GC(158) Compaction Phase
[69.117s][info][gc,phases      ] GC(158) Compaction Phase 17.727ms
[69.117s][info][gc,phases,start] GC(158) Post Compact
[69.118s][info][gc,phases      ] GC(158) Post Compact 0.848ms
[69.118s][info][gc,heap        ] GC(158) PSYoungGen: 1389K->0K(2446848K)
[69.118s][info][gc,heap        ] GC(158) ParOldGen: 39813K->40242K(5592576K)
[69.118s][info][gc,metaspace   ] GC(158) Metaspace: 107142K(111420K)->107142K(111420K) NonClass: 95399K(97712K)->95399K(97712K) Class: 11743K(13708K)->11743K(13708K)
[69.118s][info][gc             ] GC(158) Pause Full (System.gc()) 40M->39M(7851M) 60.813ms
[69.118s][info][gc,cpu         ] GC(158) User=0.06s Sys=0.00s Real=0.06s
[69.689s][info][gc,start       ] GC(159) Pause Young (System.gc())
[69.690s][info][gc,heap        ] GC(159) PSYoungGen: 1302690K->1096K(2446848K)
[69.690s][info][gc,heap        ] GC(159) ParOldGen: 40242K->40242K(5592576K)
[69.690s][info][gc,metaspace   ] GC(159) Metaspace: 107142K(111420K)->107142K(111420K) NonClass: 95399K(97712K)->95399K(97712K) Class: 11743K(13708K)->11743K(13708K)
[69.691s][info][gc             ] GC(159) Pause Young (System.gc()) 1311M->40M(7851M) 1.648ms
[69.691s][info][gc,cpu         ] GC(159) User=0.00s Sys=0.00s Real=0.00s
[69.691s][info][gc,start       ] GC(160) Pause Full (System.gc())
[69.691s][info][gc,phases,start] GC(160) Marking Phase
[69.720s][info][gc,phases      ] GC(160) Marking Phase 29.608ms
[69.720s][info][gc,phases,start] GC(160) Summary Phase
[69.720s][info][gc,phases      ] GC(160) Summary Phase 0.011ms
[69.720s][info][gc,phases,start] GC(160) Adjust Roots
[69.732s][info][gc,phases      ] GC(160) Adjust Roots 11.627ms
[69.732s][info][gc,phases,start] GC(160) Compaction Phase
[69.746s][info][gc,phases      ] GC(160) Compaction Phase 13.780ms
[69.746s][info][gc,phases,start] GC(160) Post Compact
[69.746s][info][gc,phases      ] GC(160) Post Compact 0.592ms
[69.746s][info][gc,heap        ] GC(160) PSYoungGen: 1096K->0K(2446848K)
[69.746s][info][gc,heap        ] GC(160) ParOldGen: 40242K->40023K(5592576K)
[69.746s][info][gc,metaspace   ] GC(160) Metaspace: 107142K(111420K)->107142K(111420K) NonClass: 95399K(97712K)->95399K(97712K) Class: 11743K(13708K)->11743K(13708K)
[69.746s][info][gc             ] GC(160) Pause Full (System.gc()) 40M->39M(7851M) 55.857ms
[69.747s][info][gc,cpu         ] GC(160) User=0.02s Sys=0.00s Real=0.06s
[70.321s][info][gc,start       ] GC(161) Pause Young (System.gc())
[70.322s][info][gc,heap        ] GC(161) PSYoungGen: 1305437K->1049K(2446848K)
[70.322s][info][gc,heap        ] GC(161) ParOldGen: 40023K->40023K(5592576K)
[70.322s][info][gc,metaspace   ] GC(161) Metaspace: 107143K(111420K)->107143K(111420K) NonClass: 95400K(97712K)->95400K(97712K) Class: 11743K(13708K)->11743K(13708K)
[70.322s][info][gc             ] GC(161) Pause Young (System.gc()) 1313M->40M(7851M) 1.629ms
[70.322s][info][gc,cpu         ] GC(161) User=0.00s Sys=0.00s Real=0.00s
[70.322s][info][gc,start       ] GC(162) Pause Full (System.gc())
[70.322s][info][gc,phases,start] GC(162) Marking Phase
[70.354s][info][gc,phases      ] GC(162) Marking Phase 31.684ms
[70.354s][info][gc,phases,start] GC(162) Summary Phase
[70.354s][info][gc,phases      ] GC(162) Summary Phase 0.011ms
[70.354s][info][gc,phases,start] GC(162) Adjust Roots
[70.366s][info][gc,phases      ] GC(162) Adjust Roots 12.011ms
[70.366s][info][gc,phases,start] GC(162) Compaction Phase
[70.389s][info][gc,phases      ] GC(162) Compaction Phase 23.113ms
[70.390s][info][gc,phases,start] GC(162) Post Compact
[70.391s][info][gc,phases      ] GC(162) Post Compact 1.218ms
[70.391s][info][gc,heap        ] GC(162) PSYoungGen: 1049K->0K(2446848K)
[70.391s][info][gc,heap        ] GC(162) ParOldGen: 40023K->40129K(5592576K)
[70.391s][info][gc,metaspace   ] GC(162) Metaspace: 107143K(111420K)->107143K(111420K) NonClass: 95400K(97712K)->95400K(97712K) Class: 11743K(13708K)->11743K(13708K)
[70.391s][info][gc             ] GC(162) Pause Full (System.gc()) 40M->39M(7851M) 68.372ms
[70.391s][info][gc,cpu         ] GC(162) User=0.06s Sys=0.00s Real=0.08s
[70.963s][info][gc,start       ] GC(163) Pause Young (System.gc())
[70.965s][info][gc,heap        ] GC(163) PSYoungGen: 1313117K->1040K(2446848K)
[70.965s][info][gc,heap        ] GC(163) ParOldGen: 40129K->40129K(5592576K)
[70.965s][info][gc,metaspace   ] GC(163) Metaspace: 107147K(111420K)->107147K(111420K) NonClass: 95404K(97712K)->95404K(97712K) Class: 11743K(13708K)->11743K(13708K)
[70.965s][info][gc             ] GC(163) Pause Young (System.gc()) 1321M->40M(7851M) 1.639ms
[70.965s][info][gc,cpu         ] GC(163) User=0.00s Sys=0.00s Real=0.00s
[70.965s][info][gc,start       ] GC(164) Pause Full (System.gc())
[70.965s][info][gc,phases,start] GC(164) Marking Phase
[70.996s][info][gc,phases      ] GC(164) Marking Phase 30.823ms
[70.996s][info][gc,phases,start] GC(164) Summary Phase
[70.996s][info][gc,phases      ] GC(164) Summary Phase 0.011ms
[70.996s][info][gc,phases,start] GC(164) Adjust Roots
[71.008s][info][gc,phases      ] GC(164) Adjust Roots 11.788ms
[71.008s][info][gc,phases,start] GC(164) Compaction Phase
[71.032s][info][gc,phases      ] GC(164) Compaction Phase 24.451ms
[71.032s][info][gc,phases,start] GC(164) Post Compact
[71.034s][info][gc,phases      ] GC(164) Post Compact 1.290ms
[71.034s][info][gc,heap        ] GC(164) PSYoungGen: 1040K->0K(2446848K)
[71.034s][info][gc,heap        ] GC(164) ParOldGen: 40129K->39681K(5592576K)
[71.034s][info][gc,metaspace   ] GC(164) Metaspace: 107147K(111420K)->107147K(111420K) NonClass: 95404K(97712K)->95404K(97712K) Class: 11743K(13708K)->11743K(13708K)
[71.034s][info][gc             ] GC(164) Pause Full (System.gc()) 40M->38M(7851M) 68.756ms
[71.034s][info][gc,cpu         ] GC(164) User=0.06s Sys=0.00s Real=0.08s
[71.603s][info][gc,start       ] GC(165) Pause Young (System.gc())
[71.605s][info][gc,heap        ] GC(165) PSYoungGen: 1313717K->1079K(2446848K)
[71.605s][info][gc,heap        ] GC(165) ParOldGen: 39681K->39681K(5592576K)
[71.605s][info][gc,metaspace   ] GC(165) Metaspace: 107147K(111420K)->107147K(111420K) NonClass: 95404K(97712K)->95404K(97712K) Class: 11743K(13708K)->11743K(13708K)
[71.605s][info][gc             ] GC(165) Pause Young (System.gc()) 1321M->39M(7851M) 1.623ms
[71.605s][info][gc,cpu         ] GC(165) User=0.02s Sys=0.00s Real=0.00s
[71.605s][info][gc,start       ] GC(166) Pause Full (System.gc())
[71.605s][info][gc,phases,start] GC(166) Marking Phase
[71.636s][info][gc,phases      ] GC(166) Marking Phase 30.805ms
[71.636s][info][gc,phases,start] GC(166) Summary Phase
[71.636s][info][gc,phases      ] GC(166) Summary Phase 0.011ms
[71.636s][info][gc,phases,start] GC(166) Adjust Roots
[71.648s][info][gc,phases      ] GC(166) Adjust Roots 11.718ms
[71.648s][info][gc,phases,start] GC(166) Compaction Phase
[71.661s][info][gc,phases      ] GC(166) Compaction Phase 13.716ms
[71.661s][info][gc,phases,start] GC(166) Post Compact
[71.662s][info][gc,phases      ] GC(166) Post Compact 0.576ms
[71.662s][info][gc,heap        ] GC(166) PSYoungGen: 1079K->0K(2446848K)
[71.662s][info][gc,heap        ] GC(166) ParOldGen: 39681K->39785K(5592576K)
[71.662s][info][gc,metaspace   ] GC(166) Metaspace: 107147K(111420K)->107147K(111420K) NonClass: 95404K(97712K)->95404K(97712K) Class: 11743K(13708K)->11743K(13708K)
[71.662s][info][gc             ] GC(166) Pause Full (System.gc()) 39M->38M(7851M) 57.079ms
[71.662s][info][gc,cpu         ] GC(166) User=0.02s Sys=0.00s Real=0.06s
[72.235s][info][gc,start       ] GC(167) Pause Young (System.gc())
[72.237s][info][gc,heap        ] GC(167) PSYoungGen: 1313015K->1032K(2446848K)
[72.237s][info][gc,heap        ] GC(167) ParOldGen: 39785K->39785K(5592576K)
[72.237s][info][gc,metaspace   ] GC(167) Metaspace: 107147K(111420K)->107147K(111420K) NonClass: 95404K(97712K)->95404K(97712K) Class: 11743K(13708K)->11743K(13708K)
[72.237s][info][gc             ] GC(167) Pause Young (System.gc()) 1321M->39M(7851M) 1.758ms
[72.237s][info][gc,cpu         ] GC(167) User=0.00s Sys=0.00s Real=0.00s
[72.237s][info][gc,start       ] GC(168) Pause Full (System.gc())
[72.237s][info][gc,phases,start] GC(168) Marking Phase
[72.269s][info][gc,phases      ] GC(168) Marking Phase 31.274ms
[72.269s][info][gc,phases,start] GC(168) Summary Phase
[72.269s][info][gc,phases      ] GC(168) Summary Phase 0.011ms
[72.269s][info][gc,phases,start] GC(168) Adjust Roots
[72.280s][info][gc,phases      ] GC(168) Adjust Roots 11.656ms
[72.280s][info][gc,phases,start] GC(168) Compaction Phase
[72.304s][info][gc,phases      ] GC(168) Compaction Phase 23.302ms
[72.304s][info][gc,phases,start] GC(168) Post Compact
[72.305s][info][gc,phases      ] GC(168) Post Compact 1.030ms
[72.305s][info][gc,heap        ] GC(168) PSYoungGen: 1032K->0K(2446848K)
[72.305s][info][gc,heap        ] GC(168) ParOldGen: 39785K->39889K(5592576K)
[72.305s][info][gc,metaspace   ] GC(168) Metaspace: 107147K(111420K)->107147K(111420K) NonClass: 95404K(97712K)->95404K(97712K) Class: 11743K(13708K)->11743K(13708K)
[72.305s][info][gc             ] GC(168) Pause Full (System.gc()) 39M->38M(7851M) 67.655ms
[72.305s][info][gc,cpu         ] GC(168) User=0.03s Sys=0.00s Real=0.08s
[72.871s][info][gc,start       ] GC(169) Pause Young (System.gc())
[72.872s][info][gc,heap        ] GC(169) PSYoungGen: 1311896K->1032K(2446848K)
[72.872s][info][gc,heap        ] GC(169) ParOldGen: 39889K->39889K(5592576K)
[72.872s][info][gc,metaspace   ] GC(169) Metaspace: 107147K(111420K)->107147K(111420K) NonClass: 95404K(97712K)->95404K(97712K) Class: 11743K(13708K)->11743K(13708K)
[72.872s][info][gc             ] GC(169) Pause Young (System.gc()) 1320M->39M(7851M) 1.541ms
[72.872s][info][gc,cpu         ] GC(169) User=0.00s Sys=0.00s Real=0.00s
[72.872s][info][gc,start       ] GC(170) Pause Full (System.gc())
[72.872s][info][gc,phases,start] GC(170) Marking Phase
[72.902s][info][gc,phases      ] GC(170) Marking Phase 30.030ms
[72.902s][info][gc,phases,start] GC(170) Summary Phase
[72.902s][info][gc,phases      ] GC(170) Summary Phase 0.011ms
[72.902s][info][gc,phases,start] GC(170) Adjust Roots
[72.915s][info][gc,phases      ] GC(170) Adjust Roots 12.071ms
[72.915s][info][gc,phases,start] GC(170) Compaction Phase
[72.932s][info][gc,phases      ] GC(170) Compaction Phase 17.885ms
[72.933s][info][gc,phases,start] GC(170) Post Compact
[72.933s][info][gc,phases      ] GC(170) Post Compact 0.588ms
[72.933s][info][gc,heap        ] GC(170) PSYoungGen: 1032K->0K(2446848K)
[72.933s][info][gc,heap        ] GC(170) ParOldGen: 39889K->39993K(5592576K)
[72.933s][info][gc,metaspace   ] GC(170) Metaspace: 107147K(111420K)->107147K(111420K) NonClass: 95404K(97712K)->95404K(97712K) Class: 11743K(13708K)->11743K(13708K)
[72.933s][info][gc             ] GC(170) Pause Full (System.gc()) 39M->39M(7851M) 60.851ms
[72.933s][info][gc,cpu         ] GC(170) User=0.06s Sys=0.00s Real=0.06s
[73.498s][info][gc,start       ] GC(171) Pause Young (System.gc())
[73.500s][info][gc,heap        ] GC(171) PSYoungGen: 1307470K->1032K(2446848K)
[73.500s][info][gc,heap        ] GC(171) ParOldGen: 39993K->39993K(5592576K)
[73.500s][info][gc,metaspace   ] GC(171) Metaspace: 107147K(111420K)->107147K(111420K) NonClass: 95404K(97712K)->95404K(97712K) Class: 11743K(13708K)->11743K(13708K)
[73.500s][info][gc             ] GC(171) Pause Young (System.gc()) 1315M->40M(7851M) 1.810ms
[73.500s][info][gc,cpu         ] GC(171) User=0.00s Sys=0.00s Real=0.00s
[73.500s][info][gc,start       ] GC(172) Pause Full (System.gc())
[73.500s][info][gc,phases,start] GC(172) Marking Phase
[73.533s][info][gc,phases      ] GC(172) Marking Phase 32.362ms
[73.533s][info][gc,phases,start] GC(172) Summary Phase
[73.533s][info][gc,phases      ] GC(172) Summary Phase 0.010ms
[73.533s][info][gc,phases,start] GC(172) Adjust Roots
[73.544s][info][gc,phases      ] GC(172) Adjust Roots 11.851ms
[73.545s][info][gc,phases,start] GC(172) Compaction Phase
[73.562s][info][gc,phases      ] GC(172) Compaction Phase 17.221ms
[73.562s][info][gc,phases,start] GC(172) Post Compact
[73.562s][info][gc,phases      ] GC(172) Post Compact 0.593ms
[73.562s][info][gc,heap        ] GC(172) PSYoungGen: 1032K->0K(2446848K)
[73.562s][info][gc,heap        ] GC(172) ParOldGen: 39993K->40099K(5592576K)
[73.562s][info][gc,metaspace   ] GC(172) Metaspace: 107147K(111420K)->107147K(111420K) NonClass: 95404K(97712K)->95404K(97712K) Class: 11743K(13708K)->11743K(13708K)
[73.562s][info][gc             ] GC(172) Pause Full (System.gc()) 40M->39M(7851M) 62.273ms
[73.562s][info][gc,cpu         ] GC(172) User=0.05s Sys=0.00s Real=0.06s
[74.125s][info][gc,start       ] GC(173) Pause Young (System.gc())
[74.127s][info][gc,heap        ] GC(173) PSYoungGen: 1293543K->1064K(2446848K)
[74.127s][info][gc,heap        ] GC(173) ParOldGen: 40099K->40099K(5592576K)
[74.127s][info][gc,metaspace   ] GC(173) Metaspace: 107147K(111420K)->107147K(111420K) NonClass: 95404K(97712K)->95404K(97712K) Class: 11743K(13708K)->11743K(13708K)
[74.127s][info][gc             ] GC(173) Pause Young (System.gc()) 1302M->40M(7851M) 1.927ms
[74.127s][info][gc,cpu         ] GC(173) User=0.00s Sys=0.00s Real=0.00s
[74.128s][info][gc,start       ] GC(174) Pause Full (System.gc())
[74.128s][info][gc,phases,start] GC(174) Marking Phase
[74.161s][info][gc,phases      ] GC(174) Marking Phase 33.899ms
[74.161s][info][gc,phases,start] GC(174) Summary Phase
[74.162s][info][gc,phases      ] GC(174) Summary Phase 0.011ms
[74.162s][info][gc,phases,start] GC(174) Adjust Roots
[74.174s][info][gc,phases      ] GC(174) Adjust Roots 12.167ms
[74.174s][info][gc,phases,start] GC(174) Compaction Phase
[74.193s][info][gc,phases      ] GC(174) Compaction Phase 19.307ms
[74.193s][info][gc,phases,start] GC(174) Post Compact
[74.194s][info][gc,phases      ] GC(174) Post Compact 0.594ms
[74.194s][info][gc,heap        ] GC(174) PSYoungGen: 1064K->0K(2446848K)
[74.194s][info][gc,heap        ] GC(174) ParOldGen: 40099K->40206K(5592576K)
[74.194s][info][gc,metaspace   ] GC(174) Metaspace: 107147K(111420K)->107147K(111420K) NonClass: 95404K(97712K)->95404K(97712K) Class: 11743K(13708K)->11743K(13708K)
[74.194s][info][gc             ] GC(174) Pause Full (System.gc()) 40M->39M(7851M) 66.218ms
[74.194s][info][gc,cpu         ] GC(174) User=0.05s Sys=0.00s Real=0.06s
[74.761s][info][gc,start       ] GC(175) Pause Young (System.gc())
[74.762s][info][gc,heap        ] GC(175) PSYoungGen: 1399681K->1096K(2446848K)
[74.762s][info][gc,heap        ] GC(175) ParOldGen: 40206K->40206K(5592576K)
[74.762s][info][gc,metaspace   ] GC(175) Metaspace: 107156K(111420K)->107156K(111420K) NonClass: 95413K(97712K)->95413K(97712K) Class: 11743K(13708K)->11743K(13708K)
[74.762s][info][gc             ] GC(175) Pause Young (System.gc()) 1406M->40M(7851M) 1.696ms
[74.763s][info][gc,cpu         ] GC(175) User=0.00s Sys=0.00s Real=0.00s
[74.763s][info][gc,start       ] GC(176) Pause Full (System.gc())
[74.763s][info][gc,phases,start] GC(176) Marking Phase
[74.793s][info][gc,phases      ] GC(176) Marking Phase 30.505ms
[74.793s][info][gc,phases,start] GC(176) Summary Phase
[74.793s][info][gc,phases      ] GC(176) Summary Phase 0.011ms
[74.793s][info][gc,phases,start] GC(176) Adjust Roots
[74.806s][info][gc,phases      ] GC(176) Adjust Roots 12.314ms
[74.806s][info][gc,phases,start] GC(176) Compaction Phase
[74.833s][info][gc,phases      ] GC(176) Compaction Phase 27.451ms
[74.833s][info][gc,phases,start] GC(176) Post Compact
[74.834s][info][gc,phases      ] GC(176) Post Compact 1.300ms
[74.834s][info][gc,heap        ] GC(176) PSYoungGen: 1096K->0K(2446848K)
[74.834s][info][gc,heap        ] GC(176) ParOldGen: 40206K->39761K(5592576K)
[74.834s][info][gc,metaspace   ] GC(176) Metaspace: 107156K(111420K)->107156K(111420K) NonClass: 95413K(97712K)->95413K(97712K) Class: 11743K(13708K)->11743K(13708K)
[74.834s][info][gc             ] GC(176) Pause Full (System.gc()) 40M->38M(7851M) 71.913ms
[74.835s][info][gc,cpu         ] GC(176) User=0.02s Sys=0.00s Real=0.08s
[75.396s][info][gc,start       ] GC(177) Pause Young (System.gc())
[75.397s][info][gc,heap        ] GC(177) PSYoungGen: 1310268K->1064K(2446848K)
[75.398s][info][gc,heap        ] GC(177) ParOldGen: 39761K->39761K(5592576K)
[75.398s][info][gc,metaspace   ] GC(177) Metaspace: 107156K(111420K)->107156K(111420K) NonClass: 95413K(97712K)->95413K(97712K) Class: 11743K(13708K)->11743K(13708K)
[75.398s][info][gc             ] GC(177) Pause Young (System.gc()) 1318M->39M(7851M) 1.580ms
[75.398s][info][gc,cpu         ] GC(177) User=0.00s Sys=0.00s Real=0.00s
[75.398s][info][gc,start       ] GC(178) Pause Full (System.gc())
[75.398s][info][gc,phases,start] GC(178) Marking Phase
[75.428s][info][gc,phases      ] GC(178) Marking Phase 30.412ms
[75.428s][info][gc,phases,start] GC(178) Summary Phase
[75.428s][info][gc,phases      ] GC(178) Summary Phase 0.010ms
[75.428s][info][gc,phases,start] GC(178) Adjust Roots
[75.440s][info][gc,phases      ] GC(178) Adjust Roots 11.907ms
[75.440s][info][gc,phases,start] GC(178) Compaction Phase
[75.463s][info][gc,phases      ] GC(178) Compaction Phase 22.959ms
[75.463s][info][gc,phases,start] GC(178) Post Compact
[75.464s][info][gc,phases      ] GC(178) Post Compact 1.262ms
[75.465s][info][gc,heap        ] GC(178) PSYoungGen: 1064K->0K(2446848K)
[75.465s][info][gc,heap        ] GC(178) ParOldGen: 39761K->39866K(5592576K)
[75.465s][info][gc,metaspace   ] GC(178) Metaspace: 107156K(111420K)->107156K(111420K) NonClass: 95413K(97712K)->95413K(97712K) Class: 11743K(13708K)->11743K(13708K)
[75.465s][info][gc             ] GC(178) Pause Full (System.gc()) 39M->38M(7851M) 66.872ms
[75.465s][info][gc,cpu         ] GC(178) User=0.08s Sys=0.00s Real=0.08s
[76.024s][info][gc,start       ] GC(179) Pause Young (System.gc())
[76.026s][info][gc,heap        ] GC(179) PSYoungGen: 1305389K->1072K(2446848K)
[76.026s][info][gc,heap        ] GC(179) ParOldGen: 39866K->39866K(5592576K)
[76.026s][info][gc,metaspace   ] GC(179) Metaspace: 107169K(111420K)->107169K(111420K) NonClass: 95426K(97712K)->95426K(97712K) Class: 11743K(13708K)->11743K(13708K)
[76.026s][info][gc             ] GC(179) Pause Young (System.gc()) 1313M->39M(7851M) 1.716ms
[76.026s][info][gc,cpu         ] GC(179) User=0.00s Sys=0.00s Real=0.00s
[76.026s][info][gc,start       ] GC(180) Pause Full (System.gc())
[76.026s][info][gc,phases,start] GC(180) Marking Phase
[76.057s][info][gc,phases      ] GC(180) Marking Phase 30.795ms
[76.057s][info][gc,phases,start] GC(180) Summary Phase
[76.057s][info][gc,phases      ] GC(180) Summary Phase 0.010ms
[76.057s][info][gc,phases,start] GC(180) Adjust Roots
[76.069s][info][gc,phases      ] GC(180) Adjust Roots 12.105ms
[76.069s][info][gc,phases,start] GC(180) Compaction Phase
[76.091s][info][gc,phases      ] GC(180) Compaction Phase 21.628ms
[76.091s][info][gc,phases,start] GC(180) Post Compact
[76.091s][info][gc,phases      ] GC(180) Post Compact 0.791ms
[76.092s][info][gc,heap        ] GC(180) PSYoungGen: 1072K->0K(2446848K)
[76.092s][info][gc,heap        ] GC(180) ParOldGen: 39866K->39971K(5592576K)
[76.092s][info][gc,metaspace   ] GC(180) Metaspace: 107169K(111420K)->107169K(111420K) NonClass: 95426K(97712K)->95426K(97712K) Class: 11743K(13708K)->11743K(13708K)
[76.092s][info][gc             ] GC(180) Pause Full (System.gc()) 39M->39M(7851M) 65.606ms
[76.092s][info][gc,cpu         ] GC(180) User=0.06s Sys=0.00s Real=0.08s
[76.656s][info][gc,start       ] GC(181) Pause Young (System.gc())
[76.658s][info][gc,heap        ] GC(181) PSYoungGen: 1292434K->1064K(2446848K)
[76.658s][info][gc,heap        ] GC(181) ParOldGen: 39971K->39971K(5592576K)
[76.658s][info][gc,metaspace   ] GC(181) Metaspace: 107170K(111420K)->107170K(111420K) NonClass: 95427K(97712K)->95427K(97712K) Class: 11743K(13708K)->11743K(13708K)
[76.658s][info][gc             ] GC(181) Pause Young (System.gc()) 1301M->40M(7851M) 1.429ms
[76.658s][info][gc,cpu         ] GC(181) User=0.00s Sys=0.00s Real=0.00s
[76.658s][info][gc,start       ] GC(182) Pause Full (System.gc())
[76.658s][info][gc,phases,start] GC(182) Marking Phase
[76.687s][info][gc,phases      ] GC(182) Marking Phase 28.705ms
[76.687s][info][gc,phases,start] GC(182) Summary Phase
[76.687s][info][gc,phases      ] GC(182) Summary Phase 0.011ms
[76.687s][info][gc,phases,start] GC(182) Adjust Roots
[76.699s][info][gc,phases      ] GC(182) Adjust Roots 12.282ms
[76.699s][info][gc,phases,start] GC(182) Compaction Phase
[76.719s][info][gc,phases      ] GC(182) Compaction Phase 20.503ms
[76.720s][info][gc,phases,start] GC(182) Post Compact
[76.721s][info][gc,phases      ] GC(182) Post Compact 1.035ms
[76.721s][info][gc,heap        ] GC(182) PSYoungGen: 1064K->0K(2446848K)
[76.721s][info][gc,heap        ] GC(182) ParOldGen: 39971K->40075K(5592576K)
[76.721s][info][gc,metaspace   ] GC(182) Metaspace: 107170K(111420K)->107170K(111420K) NonClass: 95427K(97712K)->95427K(97712K) Class: 11743K(13708K)->11743K(13708K)
[76.721s][info][gc             ] GC(182) Pause Full (System.gc()) 40M->39M(7851M) 62.862ms
[76.721s][info][gc,cpu         ] GC(182) User=0.02s Sys=0.00s Real=0.06s
[77.285s][info][gc,start       ] GC(183) Pause Young (System.gc())
[77.286s][info][gc,heap        ] GC(183) PSYoungGen: 1295574K->1042K(2446848K)
[77.287s][info][gc,heap        ] GC(183) ParOldGen: 40075K->40075K(5592576K)
[77.287s][info][gc,metaspace   ] GC(183) Metaspace: 107170K(111420K)->107170K(111420K) NonClass: 95427K(97712K)->95427K(97712K) Class: 11743K(13708K)->11743K(13708K)
[77.287s][info][gc             ] GC(183) Pause Young (System.gc()) 1304M->40M(7851M) 1.710ms
[77.287s][info][gc,cpu         ] GC(183) User=0.00s Sys=0.00s Real=0.00s
[77.287s][info][gc,start       ] GC(184) Pause Full (System.gc())
[77.287s][info][gc,phases,start] GC(184) Marking Phase
[77.317s][info][gc,phases      ] GC(184) Marking Phase 30.332ms
[77.317s][info][gc,phases,start] GC(184) Summary Phase
[77.317s][info][gc,phases      ] GC(184) Summary Phase 0.010ms
[77.317s][info][gc,phases,start] GC(184) Adjust Roots
[77.329s][info][gc,phases      ] GC(184) Adjust Roots 11.863ms
[77.329s][info][gc,phases,start] GC(184) Compaction Phase
[77.347s][info][gc,phases      ] GC(184) Compaction Phase 17.674ms
[77.347s][info][gc,phases,start] GC(184) Post Compact
[77.348s][info][gc,phases      ] GC(184) Post Compact 1.287ms
[77.348s][info][gc,heap        ] GC(184) PSYoungGen: 1042K->0K(2446848K)
[77.348s][info][gc,heap        ] GC(184) ParOldGen: 40075K->40180K(5592576K)
[77.348s][info][gc,metaspace   ] GC(184) Metaspace: 107170K(111420K)->107170K(111420K) NonClass: 95427K(97712K)->95427K(97712K) Class: 11743K(13708K)->11743K(13708K)
[77.348s][info][gc             ] GC(184) Pause Full (System.gc()) 40M->39M(7851M) 61.492ms
[77.348s][info][gc,cpu         ] GC(184) User=0.05s Sys=0.00s Real=0.06s
[77.912s][info][gc,start       ] GC(185) Pause Young (System.gc())
[77.914s][info][gc,heap        ] GC(185) PSYoungGen: 1303923K->1064K(2446848K)
[77.914s][info][gc,heap        ] GC(185) ParOldGen: 40180K->40180K(5592576K)
[77.914s][info][gc,metaspace   ] GC(185) Metaspace: 107171K(111420K)->107171K(111420K) NonClass: 95427K(97712K)->95427K(97712K) Class: 11743K(13708K)->11743K(13708K)
[77.914s][info][gc             ] GC(185) Pause Young (System.gc()) 1312M->40M(7851M) 2.038ms
[77.914s][info][gc,cpu         ] GC(185) User=0.00s Sys=0.00s Real=0.00s
[77.914s][info][gc,start       ] GC(186) Pause Full (System.gc())
[77.914s][info][gc,phases,start] GC(186) Marking Phase
[77.945s][info][gc,phases      ] GC(186) Marking Phase 30.221ms
[77.945s][info][gc,phases,start] GC(186) Summary Phase
[77.945s][info][gc,phases      ] GC(186) Summary Phase 0.010ms
[77.945s][info][gc,phases,start] GC(186) Adjust Roots
[77.957s][info][gc,phases      ] GC(186) Adjust Roots 11.942ms
[77.957s][info][gc,phases,start] GC(186) Compaction Phase
[77.974s][info][gc,phases      ] GC(186) Compaction Phase 17.269ms
[77.974s][info][gc,phases,start] GC(186) Post Compact
[77.975s][info][gc,phases      ] GC(186) Post Compact 0.745ms
[77.975s][info][gc,heap        ] GC(186) PSYoungGen: 1064K->0K(2446848K)
[77.975s][info][gc,heap        ] GC(186) ParOldGen: 40180K->39699K(5592576K)
[77.975s][info][gc,metaspace   ] GC(186) Metaspace: 107171K(111420K)->107171K(111420K) NonClass: 95427K(97712K)->95427K(97712K) Class: 11743K(13708K)->11743K(13708K)
[77.975s][info][gc             ] GC(186) Pause Full (System.gc()) 40M->38M(7851M) 60.513ms
[77.975s][info][gc,cpu         ] GC(186) User=0.05s Sys=0.00s Real=0.06s
[78.536s][info][gc,start       ] GC(187) Pause Young (System.gc())
[78.538s][info][gc,heap        ] GC(187) PSYoungGen: 1296156K->1096K(2446848K)
[78.538s][info][gc,heap        ] GC(187) ParOldGen: 39699K->39699K(5592576K)
[78.538s][info][gc,metaspace   ] GC(187) Metaspace: 107174K(111420K)->107174K(111420K) NonClass: 95431K(97712K)->95431K(97712K) Class: 11743K(13708K)->11743K(13708K)
[78.538s][info][gc             ] GC(187) Pause Young (System.gc()) 1304M->39M(7851M) 1.725ms
[78.538s][info][gc,cpu         ] GC(187) User=0.00s Sys=0.00s Real=0.00s
[78.538s][info][gc,start       ] GC(188) Pause Full (System.gc())
[78.538s][info][gc,phases,start] GC(188) Marking Phase
[78.569s][info][gc,phases      ] GC(188) Marking Phase 30.246ms
[78.569s][info][gc,phases,start] GC(188) Summary Phase
[78.569s][info][gc,phases      ] GC(188) Summary Phase 0.011ms
[78.569s][info][gc,phases,start] GC(188) Adjust Roots
[78.581s][info][gc,phases      ] GC(188) Adjust Roots 12.424ms
[78.581s][info][gc,phases,start] GC(188) Compaction Phase
[78.603s][info][gc,phases      ] GC(188) Compaction Phase 21.907ms
[78.603s][info][gc,phases,start] GC(188) Post Compact
[78.604s][info][gc,phases      ] GC(188) Post Compact 1.007ms
[78.604s][info][gc,heap        ] GC(188) PSYoungGen: 1096K->0K(2446848K)
[78.604s][info][gc,heap        ] GC(188) ParOldGen: 39699K->39721K(5592576K)
[78.604s][info][gc,metaspace   ] GC(188) Metaspace: 107174K(111420K)->107174K(111420K) NonClass: 95431K(97712K)->95431K(97712K) Class: 11743K(13708K)->11743K(13708K)
[78.604s][info][gc             ] GC(188) Pause Full (System.gc()) 39M->38M(7851M) 65.897ms
[78.604s][info][gc,cpu         ] GC(188) User=0.06s Sys=0.00s Real=0.08s
[79.169s][info][gc,start       ] GC(189) Pause Young (System.gc())
[79.170s][info][gc,heap        ] GC(189) PSYoungGen: 1304987K->1096K(2446848K)
[79.170s][info][gc,heap        ] GC(189) ParOldGen: 39721K->39721K(5592576K)
[79.170s][info][gc,metaspace   ] GC(189) Metaspace: 107175K(111420K)->107175K(111420K) NonClass: 95432K(97712K)->95432K(97712K) Class: 11743K(13708K)->11743K(13708K)
[79.170s][info][gc             ] GC(189) Pause Young (System.gc()) 1313M->39M(7851M) 1.595ms
[79.170s][info][gc,cpu         ] GC(189) User=0.00s Sys=0.00s Real=0.01s
[79.170s][info][gc,start       ] GC(190) Pause Full (System.gc())
[79.170s][info][gc,phases,start] GC(190) Marking Phase
[79.200s][info][gc,phases      ] GC(190) Marking Phase 29.323ms
[79.200s][info][gc,phases,start] GC(190) Summary Phase
[79.200s][info][gc,phases      ] GC(190) Summary Phase 0.011ms
[79.200s][info][gc,phases,start] GC(190) Adjust Roots
[79.212s][info][gc,phases      ] GC(190) Adjust Roots 12.224ms
[79.212s][info][gc,phases,start] GC(190) Compaction Phase
[79.232s][info][gc,phases      ] GC(190) Compaction Phase 20.218ms
[79.232s][info][gc,phases,start] GC(190) Post Compact
[79.233s][info][gc,phases      ] GC(190) Post Compact 1.260ms
[79.234s][info][gc,heap        ] GC(190) PSYoungGen: 1096K->0K(2446848K)
[79.234s][info][gc,heap        ] GC(190) ParOldGen: 39721K->39826K(5592576K)
[79.234s][info][gc,metaspace   ] GC(190) Metaspace: 107175K(111420K)->107175K(111420K) NonClass: 95432K(97712K)->95432K(97712K) Class: 11743K(13708K)->11743K(13708K)
[79.234s][info][gc             ] GC(190) Pause Full (System.gc()) 39M->38M(7851M) 63.358ms
[79.234s][info][gc,cpu         ] GC(190) User=0.05s Sys=0.00s Real=0.06s
[79.799s][info][gc,start       ] GC(191) Pause Young (System.gc())
[79.800s][info][gc,heap        ] GC(191) PSYoungGen: 1303313K->1042K(2446848K)
[79.801s][info][gc,heap        ] GC(191) ParOldGen: 39826K->39826K(5592576K)
[79.801s][info][gc,metaspace   ] GC(191) Metaspace: 107176K(111420K)->107176K(111420K) NonClass: 95433K(97712K)->95433K(97712K) Class: 11743K(13708K)->11743K(13708K)
[79.801s][info][gc             ] GC(191) Pause Young (System.gc()) 1311M->39M(7851M) 1.882ms
[79.801s][info][gc,cpu         ] GC(191) User=0.00s Sys=0.00s Real=0.00s
[79.801s][info][gc,start       ] GC(192) Pause Full (System.gc())
[79.801s][info][gc,phases,start] GC(192) Marking Phase
[79.832s][info][gc,phases      ] GC(192) Marking Phase 30.819ms
[79.832s][info][gc,phases,start] GC(192) Summary Phase
[79.832s][info][gc,phases      ] GC(192) Summary Phase 0.011ms
[79.832s][info][gc,phases,start] GC(192) Adjust Roots
[79.844s][info][gc,phases      ] GC(192) Adjust Roots 12.698ms
[79.844s][info][gc,phases,start] GC(192) Compaction Phase
[79.862s][info][gc,phases      ] GC(192) Compaction Phase 18.022ms
[79.862s][info][gc,phases,start] GC(192) Post Compact
[79.863s][info][gc,phases      ] GC(192) Post Compact 0.614ms
[79.863s][info][gc,heap        ] GC(192) PSYoungGen: 1042K->0K(2446848K)
[79.863s][info][gc,heap        ] GC(192) ParOldGen: 39826K->39930K(5592576K)
[79.863s][info][gc,metaspace   ] GC(192) Metaspace: 107176K(111420K)->107176K(111420K) NonClass: 95433K(97712K)->95433K(97712K) Class: 11743K(13708K)->11743K(13708K)
[79.863s][info][gc             ] GC(192) Pause Full (System.gc()) 39M->38M(7851M) 62.428ms
[79.863s][info][gc,cpu         ] GC(192) User=0.09s Sys=0.00s Real=0.06s
[80.431s][info][gc,start       ] GC(193) Pause Young (System.gc())
[80.432s][info][gc,heap        ] GC(193) PSYoungGen: 1294624K->1104K(2446848K)
[80.432s][info][gc,heap        ] GC(193) ParOldGen: 39930K->39930K(5592576K)
[80.432s][info][gc,metaspace   ] GC(193) Metaspace: 107176K(111420K)->107176K(111420K) NonClass: 95433K(97712K)->95433K(97712K) Class: 11743K(13708K)->11743K(13708K)
[80.432s][info][gc             ] GC(193) Pause Young (System.gc()) 1303M->40M(7851M) 1.631ms
[80.432s][info][gc,cpu         ] GC(193) User=0.00s Sys=0.00s Real=0.00s
[80.432s][info][gc,start       ] GC(194) Pause Full (System.gc())
[80.432s][info][gc,phases,start] GC(194) Marking Phase
[80.466s][info][gc,phases      ] GC(194) Marking Phase 33.460ms
[80.466s][info][gc,phases,start] GC(194) Summary Phase
[80.466s][info][gc,phases      ] GC(194) Summary Phase 0.010ms
[80.466s][info][gc,phases,start] GC(194) Adjust Roots
[80.479s][info][gc,phases      ] GC(194) Adjust Roots 12.960ms
[80.479s][info][gc,phases,start] GC(194) Compaction Phase
[80.506s][info][gc,phases      ] GC(194) Compaction Phase 27.066ms
[80.506s][info][gc,phases,start] GC(194) Post Compact
[80.507s][info][gc,phases      ] GC(194) Post Compact 0.911ms
[80.507s][info][gc,heap        ] GC(194) PSYoungGen: 1104K->0K(2446848K)
[80.507s][info][gc,heap        ] GC(194) ParOldGen: 39930K->40034K(5592576K)
[80.507s][info][gc,metaspace   ] GC(194) Metaspace: 107176K(111420K)->107176K(111420K) NonClass: 95433K(97712K)->95433K(97712K) Class: 11743K(13708K)->11743K(13708K)
[80.507s][info][gc             ] GC(194) Pause Full (System.gc()) 40M->39M(7851M) 74.803ms
[80.507s][info][gc,cpu         ] GC(194) User=0.06s Sys=0.00s Real=0.08s
[81.071s][info][gc,start       ] GC(195) Pause Young (System.gc())
[81.072s][info][gc,heap        ] GC(195) PSYoungGen: 1302510K->1064K(2446848K)
[81.072s][info][gc,heap        ] GC(195) ParOldGen: 40034K->40034K(5592576K)
[81.072s][info][gc,metaspace   ] GC(195) Metaspace: 107176K(111420K)->107176K(111420K) NonClass: 95433K(97712K)->95433K(97712K) Class: 11743K(13708K)->11743K(13708K)
[81.072s][info][gc             ] GC(195) Pause Young (System.gc()) 1311M->40M(7851M) 1.458ms
[81.072s][info][gc,cpu         ] GC(195) User=0.00s Sys=0.00s Real=0.01s
[81.072s][info][gc,start       ] GC(196) Pause Full (System.gc())
[81.072s][info][gc,phases,start] GC(196) Marking Phase
[81.102s][info][gc,phases      ] GC(196) Marking Phase 29.670ms
[81.102s][info][gc,phases,start] GC(196) Summary Phase
[81.102s][info][gc,phases      ] GC(196) Summary Phase 0.010ms
[81.102s][info][gc,phases,start] GC(196) Adjust Roots
[81.114s][info][gc,phases      ] GC(196) Adjust Roots 12.275ms
[81.114s][info][gc,phases,start] GC(196) Compaction Phase
[81.135s][info][gc,phases      ] GC(196) Compaction Phase 20.830ms
[81.135s][info][gc,phases,start] GC(196) Post Compact
[81.136s][info][gc,phases      ] GC(196) Post Compact 0.620ms
[81.136s][info][gc,heap        ] GC(196) PSYoungGen: 1064K->0K(2446848K)
[81.136s][info][gc,heap        ] GC(196) ParOldGen: 40034K->40139K(5592576K)
[81.136s][info][gc,metaspace   ] GC(196) Metaspace: 107176K(111420K)->107176K(111420K) NonClass: 95433K(97712K)->95433K(97712K) Class: 11743K(13708K)->11743K(13708K)
[81.136s][info][gc             ] GC(196) Pause Full (System.gc()) 40M->39M(7851M) 63.658ms
[81.136s][info][gc,cpu         ] GC(196) User=0.05s Sys=0.00s Real=0.06s
[81.706s][info][gc,start       ] GC(197) Pause Young (System.gc())
[81.707s][info][gc,heap        ] GC(197) PSYoungGen: 1311226K->1032K(2446848K)
[81.707s][info][gc,heap        ] GC(197) ParOldGen: 40139K->40139K(5592576K)
[81.707s][info][gc,metaspace   ] GC(197) Metaspace: 107182K(111420K)->107182K(111420K) NonClass: 95439K(97712K)->95439K(97712K) Class: 11743K(13708K)->11743K(13708K)
[81.707s][info][gc             ] GC(197) Pause Young (System.gc()) 1319M->40M(7851M) 1.699ms
[81.707s][info][gc,cpu         ] GC(197) User=0.00s Sys=0.00s Real=0.00s
[81.707s][info][gc,start       ] GC(198) Pause Full (System.gc())
[81.707s][info][gc,phases,start] GC(198) Marking Phase
[81.738s][info][gc,phases      ] GC(198) Marking Phase 30.125ms
[81.738s][info][gc,phases,start] GC(198) Summary Phase
[81.738s][info][gc,phases      ] GC(198) Summary Phase 0.010ms
[81.738s][info][gc,phases,start] GC(198) Adjust Roots
[81.750s][info][gc,phases      ] GC(198) Adjust Roots 12.202ms
[81.750s][info][gc,phases,start] GC(198) Compaction Phase
[81.765s][info][gc,phases      ] GC(198) Compaction Phase 14.720ms
[81.765s][info][gc,phases,start] GC(198) Post Compact
[81.765s][info][gc,phases      ] GC(198) Post Compact 0.659ms
[81.765s][info][gc,heap        ] GC(198) PSYoungGen: 1032K->0K(2446848K)
[81.765s][info][gc,heap        ] GC(198) ParOldGen: 40139K->39694K(5592576K)
[81.765s][info][gc,metaspace   ] GC(198) Metaspace: 107182K(111420K)->107182K(111420K) NonClass: 95439K(97712K)->95439K(97712K) Class: 11743K(13708K)->11743K(13708K)
[81.765s][info][gc             ] GC(198) Pause Full (System.gc()) 40M->38M(7851M) 57.979ms
[81.765s][info][gc,cpu         ] GC(198) User=0.02s Sys=0.00s Real=0.06s
[82.326s][info][gc,start       ] GC(199) Pause Young (System.gc())
[82.327s][info][gc,heap        ] GC(199) PSYoungGen: 1290926K->1064K(2446848K)
[82.327s][info][gc,heap        ] GC(199) ParOldGen: 39694K->39694K(5592576K)
[82.328s][info][gc,metaspace   ] GC(199) Metaspace: 107184K(111420K)->107184K(111420K) NonClass: 95440K(97712K)->95440K(97712K) Class: 11743K(13708K)->11743K(13708K)
[82.328s][info][gc             ] GC(199) Pause Young (System.gc()) 1299M->39M(7851M) 1.746ms
[82.328s][info][gc,cpu         ] GC(199) User=0.00s Sys=0.00s Real=0.00s
[82.328s][info][gc,start       ] GC(200) Pause Full (System.gc())
[82.328s][info][gc,phases,start] GC(200) Marking Phase
[82.359s][info][gc,phases      ] GC(200) Marking Phase 31.436ms
[82.359s][info][gc,phases,start] GC(200) Summary Phase
[82.359s][info][gc,phases      ] GC(200) Summary Phase 0.011ms
[82.359s][info][gc,phases,start] GC(200) Adjust Roots
[82.371s][info][gc,phases      ] GC(200) Adjust Roots 11.856ms
[82.371s][info][gc,phases,start] GC(200) Compaction Phase
[82.392s][info][gc,phases      ] GC(200) Compaction Phase 21.122ms
[82.392s][info][gc,phases,start] GC(200) Post Compact
[82.393s][info][gc,phases      ] GC(200) Post Compact 0.919ms
[82.393s][info][gc,heap        ] GC(200) PSYoungGen: 1064K->0K(2446848K)
[82.393s][info][gc,heap        ] GC(200) ParOldGen: 39694K->39799K(5592576K)
[82.393s][info][gc,metaspace   ] GC(200) Metaspace: 107184K(111420K)->107184K(111420K) NonClass: 95440K(97712K)->95440K(97712K) Class: 11743K(13708K)->11743K(13708K)
[82.393s][info][gc             ] GC(200) Pause Full (System.gc()) 39M->38M(7851M) 65.658ms
[82.393s][info][gc,cpu         ] GC(200) User=0.06s Sys=0.00s Real=0.08s
[82.958s][info][gc,start       ] GC(201) Pause Young (System.gc())
[82.960s][info][gc,heap        ] GC(201) PSYoungGen: 1311241K->1072K(2446848K)
[82.960s][info][gc,heap        ] GC(201) ParOldGen: 39799K->39799K(5592576K)
[82.960s][info][gc,metaspace   ] GC(201) Metaspace: 107184K(111420K)->107184K(111420K) NonClass: 95440K(97712K)->95440K(97712K) Class: 11743K(13708K)->11743K(13708K)
[82.960s][info][gc             ] GC(201) Pause Young (System.gc()) 1319M->39M(7851M) 1.831ms
[82.960s][info][gc,cpu         ] GC(201) User=0.00s Sys=0.00s Real=0.00s
[82.960s][info][gc,start       ] GC(202) Pause Full (System.gc())
[82.960s][info][gc,phases,start] GC(202) Marking Phase
[82.991s][info][gc,phases      ] GC(202) Marking Phase 30.993ms
[82.991s][info][gc,phases,start] GC(202) Summary Phase
[82.991s][info][gc,phases      ] GC(202) Summary Phase 0.014ms
[82.991s][info][gc,phases,start] GC(202) Adjust Roots
[83.003s][info][gc,phases      ] GC(202) Adjust Roots 11.963ms
[83.003s][info][gc,phases,start] GC(202) Compaction Phase
[83.021s][info][gc,phases      ] GC(202) Compaction Phase 17.980ms
[83.021s][info][gc,phases,start] GC(202) Post Compact
[83.022s][info][gc,phases      ] GC(202) Post Compact 0.728ms
[83.022s][info][gc,heap        ] GC(202) PSYoungGen: 1072K->0K(2446848K)
[83.022s][info][gc,heap        ] GC(202) ParOldGen: 39799K->39905K(5592576K)
[83.022s][info][gc,metaspace   ] GC(202) Metaspace: 107184K(111420K)->107184K(111420K) NonClass: 95440K(97712K)->95440K(97712K) Class: 11743K(13708K)->11743K(13708K)
[83.022s][info][gc             ] GC(202) Pause Full (System.gc()) 39M->38M(7851M) 62.009ms
[83.022s][info][gc,cpu         ] GC(202) User=0.06s Sys=0.00s Real=0.06s
[83.583s][info][gc,start       ] GC(203) Pause Young (System.gc())
[83.585s][info][gc,heap        ] GC(203) PSYoungGen: 1292584K->1081K(2446848K)
[83.585s][info][gc,heap        ] GC(203) ParOldGen: 39905K->39905K(5592576K)
[83.585s][info][gc,metaspace   ] GC(203) Metaspace: 107184K(111420K)->107184K(111420K) NonClass: 95440K(97712K)->95440K(97712K) Class: 11743K(13708K)->11743K(13708K)
[83.585s][info][gc             ] GC(203) Pause Young (System.gc()) 1301M->40M(7851M) 2.353ms
[83.585s][info][gc,cpu         ] GC(203) User=0.00s Sys=0.00s Real=0.00s
[83.585s][info][gc,start       ] GC(204) Pause Full (System.gc())
[83.585s][info][gc,phases,start] GC(204) Marking Phase
[83.614s][info][gc,phases      ] GC(204) Marking Phase 29.059ms
[83.614s][info][gc,phases,start] GC(204) Summary Phase
[83.614s][info][gc,phases      ] GC(204) Summary Phase 0.011ms
[83.614s][info][gc,phases,start] GC(204) Adjust Roots
[83.627s][info][gc,phases      ] GC(204) Adjust Roots 12.616ms
[83.627s][info][gc,phases,start] GC(204) Compaction Phase
[83.648s][info][gc,phases      ] GC(204) Compaction Phase 21.444ms
[83.649s][info][gc,phases,start] GC(204) Post Compact
[83.649s][info][gc,phases      ] GC(204) Post Compact 0.891ms
[83.649s][info][gc,heap        ] GC(204) PSYoungGen: 1081K->0K(2446848K)
[83.649s][info][gc,heap        ] GC(204) ParOldGen: 39905K->40009K(5592576K)
[83.649s][info][gc,metaspace   ] GC(204) Metaspace: 107184K(111420K)->107184K(111420K) NonClass: 95440K(97712K)->95440K(97712K) Class: 11743K(13708K)->11743K(13708K)
[83.650s][info][gc             ] GC(204) Pause Full (System.gc()) 40M->39M(7851M) 64.353ms
[83.650s][info][gc,cpu         ] GC(204) User=0.06s Sys=0.00s Real=0.08s
[84.214s][info][gc,start       ] GC(205) Pause Young (System.gc())
[84.216s][info][gc,heap        ] GC(205) PSYoungGen: 1311635K->1064K(2446848K)
[84.216s][info][gc,heap        ] GC(205) ParOldGen: 40009K->40009K(5592576K)
[84.216s][info][gc,metaspace   ] GC(205) Metaspace: 107184K(111420K)->107184K(111420K) NonClass: 95440K(97712K)->95440K(97712K) Class: 11743K(13708K)->11743K(13708K)
[84.216s][info][gc             ] GC(205) Pause Young (System.gc()) 1319M->40M(7851M) 2.190ms
[84.216s][info][gc,cpu         ] GC(205) User=0.02s Sys=0.00s Real=0.02s
[84.216s][info][gc,start       ] GC(206) Pause Full (System.gc())
[84.216s][info][gc,phases,start] GC(206) Marking Phase
[84.246s][info][gc,phases      ] GC(206) Marking Phase 29.953ms
[84.246s][info][gc,phases,start] GC(206) Summary Phase
[84.246s][info][gc,phases      ] GC(206) Summary Phase 0.010ms
[84.246s][info][gc,phases,start] GC(206) Adjust Roots
[84.259s][info][gc,phases      ] GC(206) Adjust Roots 12.954ms
[84.259s][info][gc,phases,start] GC(206) Compaction Phase
[84.277s][info][gc,phases      ] GC(206) Compaction Phase 18.406ms
[84.277s][info][gc,phases,start] GC(206) Post Compact
[84.278s][info][gc,phases      ] GC(206) Post Compact 0.614ms
[84.278s][info][gc,heap        ] GC(206) PSYoungGen: 1064K->0K(2446848K)
[84.278s][info][gc,heap        ] GC(206) ParOldGen: 40009K->40114K(5592576K)
[84.278s][info][gc,metaspace   ] GC(206) Metaspace: 107184K(111420K)->107184K(111420K) NonClass: 95440K(97712K)->95440K(97712K) Class: 11743K(13708K)->11743K(13708K)
[84.278s][info][gc             ] GC(206) Pause Full (System.gc()) 40M->39M(7851M) 62.188ms
[84.278s][info][gc,cpu         ] GC(206) User=0.06s Sys=0.00s Real=0.06s
[84.983s][info][gc,heap,exit   ] Heap
[84.983s][info][gc,heap,exit   ]  PSYoungGen      total 2446848K, used 1638132K [0x0000000755580000, 0x0000000800000000, 0x0000000800000000)
[84.983s][info][gc,heap,exit   ]   eden space 2097664K, 78% used [0x0000000755580000,0x00000007b953d168,0x00000007d5600000)
[84.983s][info][gc,heap,exit   ]   from space 349184K, 0% used [0x00000007eab00000,0x00000007eab00000,0x0000000800000000)
[84.983s][info][gc,heap,exit   ]   to   space 349184K, 0% used [0x00000007d5600000,0x00000007d5600000,0x00000007eab00000)
[84.983s][info][gc,heap,exit   ]  ParOldGen       total 5592576K, used 40114K [0x0000000600000000, 0x0000000755580000, 0x0000000755580000)
[84.983s][info][gc,heap,exit   ]   object space 5592576K, 0% used [0x0000000600000000,0x000000060272cb90,0x0000000755580000)
[84.983s][info][gc,heap,exit   ]  Metaspace       used 107705K, capacity 111763K, committed 112060K, reserved 1146880K
[84.983s][info][gc,heap,exit   ]   class space    used 11858K, capacity 13757K, committed 13836K, reserved 1048576K
