OpenJDK 64-Bit Server VM (25.422-b05) for windows-amd64 JRE (1.8.0_422-422-b05), built on Jul 18 2024 05:34:18 by "Administrator" with MS VC++ 16.10 / 16.11 (VS2019)
Memory: 4k page, physical 15965620k(10933580k free), swap 19635636k(12694484k free)
CommandLine flags: -XX:InitialHeapSize=2147483648 -XX:MaxHeapSize=2147483648 -XX:+PrintGC -XX:+PrintGCApplicationConcurrentTime -XX:+PrintGCApplicationStoppedTime -XX:+PrintGCDateStamps -XX:+PrintGCDetails -XX:+PrintGCTimeStamps -XX:+UnlockExperimentalVMOptions -XX:+UseCompressedClassPointers -XX:+UseCompressedOops -XX:-UseLargePagesIndividualAllocation -XX:+UseSerialGC 
2024-10-03T11:13:47.480+0300: 0.065: Application time: 0.0177604 seconds
2024-10-03T11:13:47.480+0300: 0.065: Total time for which application threads were stopped: 0.0000808 seconds, Stopping threads took: 0.0000314 seconds
2024-10-03T11:13:47.480+0300: 0.073: Application time: 0.0081875 seconds
2024-10-03T11:13:47.480+0300: 0.073: Total time for which application threads were stopped: 0.0000797 seconds, Stopping threads took: 0.0000284 seconds
2024-10-03T11:13:47.653+0300: 0.248: Application time: 0.1744258 seconds
2024-10-03T11:13:47.653+0300: 0.248: [Full GC (System.gc()) 2024-10-03T11:13:47.653+0300: 0.248: [Tenured: 0K->3705K(1398144K), 0.0104377 secs] 44738K->3705K(2027264K), [Metaspace: 7094K->7094K(1056768K)], 0.0107580 secs] [Times: user=0.02 sys=0.00, real=0.01 secs] 
2024-10-03T11:13:47.668+0300: 0.259: Total time for which application threads were stopped: 0.0110315 seconds, Stopping threads took: 0.0000507 seconds
2024-10-03T11:13:47.668+0300: 0.259: Application time: 0.0001775 seconds
2024-10-03T11:13:47.668+0300: 0.259: [Full GC (System.gc()) 2024-10-03T11:13:47.668+0300: 0.259: [Tenured: 3705K->3705K(1398144K), 0.0065587 secs] 3705K->3705K(2027264K), [Metaspace: 7094K->7094K(1056768K)], 0.0066111 secs] [Times: user=0.00 sys=0.00, real=0.00 secs] 
2024-10-03T11:13:47.668+0300: 0.266: Total time for which application threads were stopped: 0.0067057 seconds, Stopping threads took: 0.0000369 seconds
2024-10-03T11:13:48.673+0300: 1.256: Application time: 0.9908210 seconds
2024-10-03T11:13:48.720+0300: 1.304: Total time for which application threads were stopped: 0.0472232 seconds, Stopping threads took: 0.0470874 seconds
2024-10-03T11:13:50.728+0300: 3.311: Application time: 2.0078676 seconds
2024-10-03T11:13:50.776+0300: 3.359: Total time for which application threads were stopped: 0.0475348 seconds, Stopping threads took: 0.0474229 seconds
2024-10-03T11:13:51.152+0300: 3.750: Application time: 0.3913754 seconds
2024-10-03T11:13:51.215+0300: 3.798: [GC (Allocation Failure) 2024-10-03T11:13:51.215+0300: 3.798: [DefNew: 559232K->204K(629120K), 0.0018600 secs] 562937K->3910K(2027264K), 0.0019686 secs] [Times: user=0.00 sys=0.00, real=0.00 secs] 
2024-10-03T11:13:51.215+0300: 3.800: Total time for which application threads were stopped: 0.0496931 seconds, Stopping threads took: 0.0475724 seconds
2024-10-03T11:13:51.513+0300: 4.096: Application time: 0.2962242 seconds
2024-10-03T11:13:51.529+0300: 4.112: Total time for which application threads were stopped: 0.0159484 seconds, Stopping threads took: 0.0157657 seconds
2024-10-03T11:13:53.538+0300: 6.121: Application time: 2.0086068 seconds
2024-10-03T11:13:53.585+0300: 6.168: Total time for which application threads were stopped: 0.0471616 seconds, Stopping threads took: 0.0470532 seconds
2024-10-03T11:13:54.856+0300: 7.450: Application time: 1.2818266 seconds
2024-10-03T11:13:54.919+0300: 7.502: [GC (Allocation Failure) 2024-10-03T11:13:54.919+0300: 7.502: [DefNew: 559331K->971K(629120K), 0.0016359 secs] 563036K->4677K(2027264K), 0.0017491 secs] [Times: user=0.00 sys=0.00, real=0.00 secs] 
2024-10-03T11:13:54.919+0300: 7.504: Total time for which application threads were stopped: 0.0537536 seconds, Stopping threads took: 0.0518481 seconds
2024-10-03T11:13:58.591+0300: 11.175: Application time: 3.6711895 seconds
2024-10-03T11:13:58.637+0300: 11.221: [GC (Allocation Failure) 2024-10-03T11:13:58.637+0300: 11.221: [DefNew: 560031K->192K(629120K), 0.0011126 secs] 563736K->3898K(2027264K), 0.0012987 secs] [Times: user=0.00 sys=0.00, real=0.00 secs] 
2024-10-03T11:13:58.637+0300: 11.222: Total time for which application threads were stopped: 0.0471867 seconds, Stopping threads took: 0.0457312 seconds
2024-10-03T11:14:02.280+0300: 14.871: Application time: 3.6486612 seconds
2024-10-03T11:14:02.327+0300: 14.910: [GC (Allocation Failure) 2024-10-03T11:14:02.327+0300: 14.910: [DefNew: 559315K->585K(629120K), 0.0011886 secs] 563020K->4291K(2027264K), 0.0012979 secs] [Times: user=0.00 sys=0.00, real=0.00 secs] 
2024-10-03T11:14:02.327+0300: 14.911: Total time for which application threads were stopped: 0.0406648 seconds, Stopping threads took: 0.0391937 seconds
2024-10-03T11:14:03.331+0300: 15.914: Application time: 1.0028100 seconds
2024-10-03T11:14:03.363+0300: 15.946: Total time for which application threads were stopped: 0.0319090 seconds, Stopping threads took: 0.0318236 seconds
2024-10-03T11:14:03.771+0300: 16.361: Application time: 0.4144732 seconds
2024-10-03T11:14:03.771+0300: 16.361: Total time for which application threads were stopped: 0.0004063 seconds, Stopping threads took: 0.0003578 seconds
2024-10-03T11:14:06.046+0300: 18.639: Application time: 2.2778367 seconds
2024-10-03T11:14:06.093+0300: 18.677: [GC (Allocation Failure) 2024-10-03T11:14:06.093+0300: 18.677: [DefNew: 559817K->1763K(629120K), 0.0017015 secs] 563523K->5469K(2027264K), 0.0017949 secs] [Times: user=0.00 sys=0.00, real=0.00 secs] 
2024-10-03T11:14:06.093+0300: 18.678: Total time for which application threads were stopped: 0.0396597 seconds, Stopping threads took: 0.0377346 seconds
2024-10-03T11:14:09.782+0300: 22.369: Application time: 3.6902064 seconds
2024-10-03T11:14:09.813+0300: 22.396: [GC (Allocation Failure) 2024-10-03T11:14:09.813+0300: 22.396: [DefNew: 560908K->594K(629120K), 0.0012666 secs] 564614K->4300K(2027264K), 0.0013754 secs] [Times: user=0.00 sys=0.00, real=0.00 secs] 
2024-10-03T11:14:09.813+0300: 22.398: Total time for which application threads were stopped: 0.0290994 seconds, Stopping threads took: 0.0275448 seconds
2024-10-03T11:14:10.818+0300: 23.401: Application time: 1.0034628 seconds
2024-10-03T11:14:10.865+0300: 23.448: Total time for which application threads were stopped: 0.0471506 seconds, Stopping threads took: 0.0470318 seconds
2024-10-03T11:14:11.870+0300: 24.453: Application time: 1.0047438 seconds
2024-10-03T11:14:11.917+0300: 24.500: Total time for which application threads were stopped: 0.0471928 seconds, Stopping threads took: 0.0470905 seconds
2024-10-03T11:14:13.533+0300: 26.128: Application time: 1.6279475 seconds
2024-10-03T11:14:13.596+0300: 26.179: [GC (Allocation Failure) 2024-10-03T11:14:13.596+0300: 26.179: [DefNew: 559826K->1380K(629120K), 0.0009916 secs] 563532K->5085K(2027264K), 0.0010822 secs] [Times: user=0.00 sys=0.00, real=0.00 secs] 
2024-10-03T11:14:13.596+0300: 26.180: Total time for which application threads were stopped: 0.0520806 seconds, Stopping threads took: 0.0508190 seconds
2024-10-03T11:14:17.346+0300: 29.931: Application time: 3.7503476 seconds
2024-10-03T11:14:17.394+0300: 29.977: [GC (Allocation Failure) 2024-10-03T11:14:17.394+0300: 29.977: [DefNew: 560479K->210K(629120K), 0.0007730 secs] 564185K->3916K(2027264K), 0.0008308 secs] [Times: user=0.00 sys=0.00, real=0.00 secs] 
2024-10-03T11:14:17.394+0300: 29.978: Total time for which application threads were stopped: 0.0469422 seconds, Stopping threads took: 0.0459873 seconds
2024-10-03T11:14:21.097+0300: 33.691: Application time: 3.7135341 seconds
2024-10-03T11:14:21.144+0300: 33.727: [GC (Allocation Failure) 2024-10-03T11:14:21.144+0300: 33.727: [DefNew: 559442K->1775K(629120K), 0.0014041 secs] 563148K->5481K(2027264K), 0.0015066 secs] [Times: user=0.00 sys=0.00, real=0.00 secs] 
2024-10-03T11:14:21.144+0300: 33.729: Total time for which application threads were stopped: 0.0374245 seconds, Stopping threads took: 0.0357695 seconds
2024-10-03T11:14:24.831+0300: 37.426: Application time: 3.6978494 seconds
2024-10-03T11:14:24.894+0300: 37.477: [GC (Allocation Failure) 2024-10-03T11:14:24.894+0300: 37.477: [DefNew: 560964K->1192K(629120K), 0.0012990 secs] 564669K->4897K(2027264K), 0.0014224 secs] [Times: user=0.00 sys=0.00, real=0.00 secs] 
2024-10-03T11:14:24.894+0300: 37.478: Total time for which application threads were stopped: 0.0517076 seconds, Stopping threads took: 0.0501241 seconds
2024-10-03T11:14:28.601+0300: 41.188: Application time: 3.7095739 seconds
2024-10-03T11:14:28.643+0300: 41.226: [GC (Allocation Failure) 2024-10-03T11:14:28.643+0300: 41.226: [DefNew: 560248K->218K(629120K), 0.0011727 secs] 563954K->3924K(2027264K), 0.0012971 secs] [Times: user=0.00 sys=0.00, real=0.00 secs] 
2024-10-03T11:14:28.643+0300: 41.228: Total time for which application threads were stopped: 0.0397834 seconds, Stopping threads took: 0.0382991 seconds
2024-10-03T11:14:30.651+0300: 43.234: Application time: 2.0064617 seconds
2024-10-03T11:14:30.682+0300: 43.266: Total time for which application threads were stopped: 0.0315527 seconds, Stopping threads took: 0.0314494 seconds
2024-10-03T11:14:31.687+0300: 44.270: Application time: 1.0042406 seconds
2024-10-03T11:14:31.734+0300: 44.317: Total time for which application threads were stopped: 0.0475867 seconds, Stopping threads took: 0.0474767 seconds
2024-10-03T11:14:32.377+0300: 44.960: Application time: 0.6430330 seconds
2024-10-03T11:14:32.393+0300: 44.976: [GC (Allocation Failure) 2024-10-03T11:14:32.393+0300: 44.976: [DefNew: 559450K->220K(629120K), 0.0008956 secs] 563156K->3926K(2027264K), 0.0009971 secs] [Times: user=0.00 sys=0.00, real=0.00 secs] 
2024-10-03T11:14:32.393+0300: 44.977: Total time for which application threads were stopped: 0.0166748 seconds, Stopping threads took: 0.0155178 seconds
2024-10-03T11:14:33.397+0300: 45.980: Application time: 1.0028114 seconds
2024-10-03T11:14:33.444+0300: 46.027: Total time for which application threads were stopped: 0.0475774 seconds, Stopping threads took: 0.0474667 seconds
2024-10-03T11:14:36.115+0300: 48.700: Application time: 2.6727941 seconds
2024-10-03T11:14:36.160+0300: 48.743: [GC (Allocation Failure) 2024-10-03T11:14:36.160+0300: 48.743: [DefNew: 559273K->223K(629120K), 0.0011611 secs] 562978K->3928K(2027264K), 0.0012641 secs] [Times: user=0.00 sys=0.00, real=0.00 secs] 
2024-10-03T11:14:36.160+0300: 48.744: Total time for which application threads were stopped: 0.0441164 seconds, Stopping threads took: 0.0426734 seconds
2024-10-03T11:14:39.861+0300: 52.450: Application time: 3.7059762 seconds
2024-10-03T11:14:39.908+0300: 52.491: [GC (Allocation Failure) 2024-10-03T11:14:39.908+0300: 52.491: [DefNew: 559222K->616K(629120K), 0.0012692 secs] 562928K->4321K(2027264K), 0.0013810 secs] [Times: user=0.00 sys=0.00, real=0.00 secs] 
2024-10-03T11:14:39.908+0300: 52.493: Total time for which application threads were stopped: 0.0424045 seconds, Stopping threads took: 0.0408575 seconds
2024-10-03T11:14:42.921+0300: 55.504: Application time: 3.0108755 seconds
2024-10-03T11:14:42.952+0300: 55.536: Total time for which application threads were stopped: 0.0319322 seconds, Stopping threads took: 0.0318254 seconds
2024-10-03T11:14:43.629+0300: 56.225: Application time: 0.6897626 seconds
2024-10-03T11:14:43.658+0300: 56.241: [GC (Allocation Failure) 2024-10-03T11:14:43.658+0300: 56.241: [DefNew: 559848K->227K(629120K), 0.0010095 secs] 563553K->3933K(2027264K), 0.0011122 secs] [Times: user=0.00 sys=0.00, real=0.00 secs] 
2024-10-03T11:14:43.658+0300: 56.242: Total time for which application threads were stopped: 0.0170927 seconds, Stopping threads took: 0.0158327 seconds
2024-10-03T11:14:47.337+0300: 59.922: Application time: 3.6793341 seconds
2024-10-03T11:14:47.391+0300: 59.975: [GC (Allocation Failure) 2024-10-03T11:14:47.391+0300: 59.975: [DefNew: 559459K->218K(629120K), 0.0012538 secs] 563165K->3935K(2027264K), 0.0013514 secs] [Times: user=0.00 sys=0.00, real=0.00 secs] 
2024-10-03T11:14:47.391+0300: 59.976: Total time for which application threads were stopped: 0.0542849 seconds, Stopping threads took: 0.0527561 seconds
2024-10-03T11:14:51.065+0300: 63.658: Application time: 3.6815560 seconds
2024-10-03T11:14:51.111+0300: 63.695: [GC (Allocation Failure) 2024-10-03T11:14:51.111+0300: 63.695: [DefNew: 559450K->217K(629120K), 0.0007868 secs] 563167K->3937K(2027264K), 0.0008675 secs] [Times: user=0.00 sys=0.00, real=0.00 secs] 
2024-10-03T11:14:51.111+0300: 63.695: Total time for which application threads were stopped: 0.0377563 seconds, Stopping threads took: 0.0367770 seconds
2024-10-03T11:14:54.783+0300: 67.369: Application time: 3.6730849 seconds
2024-10-03T11:14:54.830+0300: 67.413: [GC (Allocation Failure) 2024-10-03T11:14:54.830+0300: 67.413: [DefNew: 559449K->218K(629120K), 0.0010760 secs] 563169K->3940K(2027264K), 0.0011719 secs] [Times: user=0.00 sys=0.00, real=0.00 secs] 
2024-10-03T11:14:54.830+0300: 67.414: Total time for which application threads were stopped: 0.0456696 seconds, Stopping threads took: 0.0443362 seconds
2024-10-03T11:14:58.502+0300: 71.096: Application time: 3.6817416 seconds
2024-10-03T11:14:58.565+0300: 71.148: [GC (Allocation Failure) 2024-10-03T11:14:58.565+0300: 71.148: [DefNew: 559450K->1194K(629120K), 0.0014159 secs] 563172K->4918K(2027264K), 0.0015340 secs] [Times: user=0.00 sys=0.00, real=0.00 secs] 
2024-10-03T11:14:58.565+0300: 71.150: Total time for which application threads were stopped: 0.0536665 seconds, Stopping threads took: 0.0519533 seconds
2024-10-03T11:15:02.269+0300: 74.867: Application time: 3.7171346 seconds
2024-10-03T11:15:02.331+0300: 74.914: [GC (Allocation Failure) 2024-10-03T11:15:02.331+0300: 74.914: [DefNew: 560426K->208K(629120K), 0.0011485 secs] 564150K->3944K(2027264K), 0.0012483 secs] [Times: user=0.00 sys=0.00, real=0.00 secs] 
2024-10-03T11:15:02.331+0300: 74.916: Total time for which application threads were stopped: 0.0488737 seconds, Stopping threads took: 0.0474574 seconds
2024-10-03T11:15:06.020+0300: 78.605: Application time: 3.6897959 seconds
2024-10-03T11:15:06.067+0300: 78.650: [GC (Allocation Failure) 2024-10-03T11:15:06.067+0300: 78.650: [DefNew: 559378K->403K(629120K), 0.0007966 secs] 563114K->4142K(2027264K), 0.0008945 secs] [Times: user=0.00 sys=0.00, real=0.00 secs] 
2024-10-03T11:15:06.067+0300: 78.651: Total time for which application threads were stopped: 0.0457757 seconds, Stopping threads took: 0.0447357 seconds
2024-10-03T11:15:09.755+0300: 82.341: Application time: 3.6898713 seconds
2024-10-03T11:15:09.803+0300: 82.386: [GC (Allocation Failure) 2024-10-03T11:15:09.803+0300: 82.386: [DefNew: 559449K->596K(629120K), 0.0012074 secs] 563187K->4339K(2027264K), 0.0013162 secs] [Times: user=0.00 sys=0.00, real=0.00 secs] 
2024-10-03T11:15:09.803+0300: 82.387: Total time for which application threads were stopped: 0.0461071 seconds, Stopping threads took: 0.0446265 seconds
2024-10-03T11:15:10.807+0300: 83.390: Application time: 1.0024389 seconds
2024-10-03T11:15:10.854+0300: 83.437: Total time for which application threads were stopped: 0.0471640 seconds, Stopping threads took: 0.0470600 seconds
2024-10-03T11:15:12.864+0300: 85.446: Application time: 2.0097069 seconds
2024-10-03T11:15:12.895+0300: 85.478: Total time for which application threads were stopped: 0.0318587 seconds, Stopping threads took: 0.0317754 seconds
2024-10-03T11:15:13.491+0300: 86.087: Application time: 0.6090375 seconds
2024-10-03T11:15:13.554+0300: 86.137: [GC (Allocation Failure) 2024-10-03T11:15:13.554+0300: 86.137: [DefNew: 559735K->986K(629120K), 0.0012671 secs] 563478K->4732K(2027264K), 0.0013818 secs] [Times: user=0.00 sys=0.00, real=0.00 secs] 
2024-10-03T11:15:13.554+0300: 86.139: Total time for which application threads were stopped: 0.0511590 seconds, Stopping threads took: 0.0496063 seconds
2024-10-03T11:15:17.242+0300: 89.831: Application time: 3.6929035 seconds
2024-10-03T11:15:17.289+0300: 89.872: [GC (Allocation Failure) 2024-10-03T11:15:17.289+0300: 89.872: [DefNew: 560088K->987K(629120K), 0.0011636 secs] 563834K->4734K(2027264K), 0.0012742 secs] [Times: user=0.00 sys=0.00, real=0.00 secs] 
2024-10-03T11:15:17.289+0300: 89.873: Total time for which application threads were stopped: 0.0419200 seconds, Stopping threads took: 0.0404959 seconds
2024-10-03T11:15:20.999+0300: 93.587: Application time: 3.7135250 seconds
2024-10-03T11:15:21.055+0300: 93.638: [GC (Allocation Failure) 2024-10-03T11:15:21.055+0300: 93.638: [DefNew: 559881K->596K(629120K), 0.0006129 secs] 563629K->4346K(2027264K), 0.0007615 secs] [Times: user=0.00 sys=0.00, real=0.00 secs] 
2024-10-03T11:15:21.055+0300: 93.639: Total time for which application threads were stopped: 0.0521656 seconds, Stopping threads took: 0.0512865 seconds
2024-10-03T11:15:24.745+0300: 97.340: Application time: 3.7010215 seconds
2024-10-03T11:15:24.808+0300: 97.391: [GC (Allocation Failure) 2024-10-03T11:15:24.808+0300: 97.391: [DefNew: 559828K->986K(629120K), 0.0011355 secs] 563578K->4739K(2027264K), 0.0012446 secs] [Times: user=0.00 sys=0.00, real=0.00 secs] 
2024-10-03T11:15:24.808+0300: 97.392: Total time for which application threads were stopped: 0.0519141 seconds, Stopping threads took: 0.0505197 seconds
2024-10-03T11:15:28.479+0300: 101.074: Application time: 3.6818911 seconds
2024-10-03T11:15:28.542+0300: 101.125: [GC (Allocation Failure) 2024-10-03T11:15:28.542+0300: 101.125: [DefNew: 560210K->1767K(629120K), 0.0013503 secs] 563963K->5523K(2027264K), 0.0014615 secs] [Times: user=0.00 sys=0.00, real=0.00 secs] 
2024-10-03T11:15:28.542+0300: 101.127: Total time for which application threads were stopped: 0.0529697 seconds, Stopping threads took: 0.0513282 seconds
2024-10-03T11:15:32.262+0300: 104.849: Application time: 3.7222547 seconds
2024-10-03T11:15:32.308+0300: 104.892: [GC (Allocation Failure) 2024-10-03T11:15:32.308+0300: 104.892: [DefNew: 560840K->986K(629120K), 0.0011345 secs] 564595K->4744K(2027264K), 0.0012481 secs] [Times: user=0.00 sys=0.00, real=0.00 secs] 
2024-10-03T11:15:32.308+0300: 104.893: Total time for which application threads were stopped: 0.0441968 seconds, Stopping threads took: 0.0427786 seconds
2024-10-03T11:15:35.996+0300: 108.586: Application time: 3.6923191 seconds
2024-10-03T11:15:36.059+0300: 108.643: [GC (Allocation Failure) 2024-10-03T11:15:36.059+0300: 108.643: [DefNew: 560103K->400K(629120K), 0.0010185 secs] 563861K->4160K(2027264K), 0.0011227 secs] [Times: user=0.00 sys=0.00, real=0.00 secs] 
2024-10-03T11:15:36.059+0300: 108.644: Total time for which application threads were stopped: 0.0579976 seconds, Stopping threads took: 0.0567046 seconds
2024-10-03T11:15:39.779+0300: 112.367: Application time: 3.7230714 seconds
2024-10-03T11:15:39.826+0300: 112.409: [GC (Allocation Failure) 2024-10-03T11:15:39.826+0300: 112.409: [DefNew: 559529K->595K(629120K), 0.0008777 secs] 563289K->4358K(2027264K), 0.0009544 secs] [Times: user=0.00 sys=0.00, real=0.00 secs] 
2024-10-03T11:15:39.826+0300: 112.410: Total time for which application threads were stopped: 0.0435815 seconds, Stopping threads took: 0.0424799 seconds
2024-10-03T11:15:43.562+0300: 116.155: Application time: 3.7449856 seconds
2024-10-03T11:15:43.625+0300: 116.209: [GC (Allocation Failure) 2024-10-03T11:15:43.625+0300: 116.209: [DefNew: 559520K->595K(629120K), 0.0008246 secs] 563283K->4360K(2027264K), 0.0008978 secs] [Times: user=0.00 sys=0.00, real=0.00 secs] 
2024-10-03T11:15:43.625+0300: 116.210: Total time for which application threads were stopped: 0.0542780 seconds, Stopping threads took: 0.0532324 seconds
2024-10-03T11:15:47.349+0300: 119.933: Application time: 3.7229012 seconds
2024-10-03T11:15:47.392+0300: 119.975: [GC (Allocation Failure) 2024-10-03T11:15:47.392+0300: 119.975: [DefNew: 559672K->400K(629120K), 0.0008396 secs] 563437K->4167K(2027264K), 0.0009194 secs] [Times: user=0.00 sys=0.00, real=0.00 secs] 
2024-10-03T11:15:47.392+0300: 119.976: Total time for which application threads were stopped: 0.0434305 seconds, Stopping threads took: 0.0423703 seconds
2024-10-03T11:15:51.080+0300: 123.673: Application time: 3.6967151 seconds
2024-10-03T11:15:51.127+0300: 123.710: [GC (Allocation Failure) 2024-10-03T11:15:51.127+0300: 123.711: [DefNew: 559559K->1181K(629120K), 0.0010866 secs] 563326K->4950K(2027264K), 0.0011963 secs] [Times: user=0.00 sys=0.00, real=0.00 secs] 
2024-10-03T11:15:51.127+0300: 123.712: Total time for which application threads were stopped: 0.0390411 seconds, Stopping threads took: 0.0376786 seconds
2024-10-03T11:15:54.847+0300: 127.432: Application time: 3.7202388 seconds
2024-10-03T11:15:54.894+0300: 127.477: [GC (Allocation Failure) 2024-10-03T11:15:54.894+0300: 127.477: [DefNew: 560413K->205K(629120K), 0.0010723 secs] 564182K->3976K(2027264K), 0.0011782 secs] [Times: user=0.00 sys=0.00, real=0.00 secs] 
2024-10-03T11:15:54.894+0300: 127.478: Total time for which application threads were stopped: 0.0463218 seconds, Stopping threads took: 0.0449619 seconds
2024-10-03T11:15:58.582+0300: 131.173: Application time: 3.6943097 seconds
2024-10-03T11:15:58.629+0300: 131.213: [GC (Allocation Failure) 2024-10-03T11:15:58.629+0300: 131.213: [DefNew: 559336K->400K(629120K), 0.0008632 secs] 563108K->4174K(2027264K), 0.0009448 secs] [Times: user=0.00 sys=0.00, real=0.00 secs] 
2024-10-03T11:15:58.629+0300: 131.214: Total time for which application threads were stopped: 0.0413128 seconds, Stopping threads took: 0.0402229 seconds
2024-10-03T11:16:02.348+0300: 134.938: Application time: 3.7237188 seconds
2024-10-03T11:16:02.380+0300: 134.963: [GC (Allocation Failure) 2024-10-03T11:16:02.380+0300: 134.963: [DefNew: 559537K->595K(629120K), 0.0010467 secs] 563310K->4371K(2027264K), 0.0011430 secs] [Times: user=0.00 sys=0.00, real=0.00 secs] 
2024-10-03T11:16:02.380+0300: 134.964: Total time for which application threads were stopped: 0.0265241 seconds, Stopping threads took: 0.0252376 seconds
2024-10-03T11:16:06.082+0300: 138.672: Application time: 3.7073488 seconds
2024-10-03T11:16:06.129+0300: 138.713: [GC (Allocation Failure) 2024-10-03T11:16:06.129+0300: 138.713: [DefNew: 559827K->595K(629120K), 0.0010616 secs] 563603K->4374K(2027264K), 0.0011727 secs] [Times: user=0.00 sys=0.00, real=0.00 secs] 
2024-10-03T11:16:06.129+0300: 138.714: Total time for which application threads were stopped: 0.0422273 seconds, Stopping threads took: 0.0408801 seconds
2024-10-03T11:16:09.848+0300: 142.446: Application time: 3.7318919 seconds
2024-10-03T11:16:09.911+0300: 142.494: [GC (Allocation Failure) 2024-10-03T11:16:09.911+0300: 142.495: [DefNew: 559827K->596K(629120K), 0.0010736 secs] 563606K->4376K(2027264K), 0.0011708 secs] [Times: user=0.00 sys=0.00, real=0.00 secs] 
2024-10-03T11:16:09.911+0300: 142.496: Total time for which application threads were stopped: 0.0500505 seconds, Stopping threads took: 0.0487309 seconds
2024-10-03T11:16:13.679+0300: 146.265: Application time: 3.7691454 seconds
2024-10-03T11:16:13.726+0300: 146.309: [GC (Allocation Failure) 2024-10-03T11:16:13.726+0300: 146.309: [DefNew: 559816K->986K(629120K), 0.0010676 secs] 563596K->4769K(2027264K), 0.0011684 secs] [Times: user=0.00 sys=0.00, real=0.00 secs] 
2024-10-03T11:16:13.726+0300: 146.310: Total time for which application threads were stopped: 0.0454333 seconds, Stopping threads took: 0.0441150 seconds
2024-10-03T11:16:16.739+0300: 149.322: Application time: 3.0116929 seconds
2024-10-03T11:16:16.786+0300: 149.369: Total time for which application threads were stopped: 0.0471015 seconds, Stopping threads took: 0.0469983 seconds
2024-10-03T11:16:17.430+0300: 150.021: Application time: 0.6524037 seconds
2024-10-03T11:16:17.492+0300: 150.075: [GC (Allocation Failure) 2024-10-03T11:16:17.492+0300: 150.075: [DefNew: 560218K->205K(629120K), 0.0010763 secs] 564001K->3990K(2027264K), 0.0011795 secs] [Times: user=0.00 sys=0.00, real=0.00 secs] 
2024-10-03T11:16:17.492+0300: 150.077: Total time for which application threads were stopped: 0.0550334 seconds, Stopping threads took: 0.0536889 seconds
2024-10-03T11:16:21.195+0300: 153.780: Application time: 3.7038010 seconds
2024-10-03T11:16:21.242+0300: 153.825: [GC (Allocation Failure) 2024-10-03T11:16:21.242+0300: 153.825: [DefNew: 559437K->205K(629120K), 0.0009929 secs] 563222K->3992K(2027264K), 0.0011011 secs] [Times: user=0.00 sys=0.00, real=0.00 secs] 
2024-10-03T11:16:21.243+0300: 153.826: Total time for which application threads were stopped: 0.0460138 seconds, Stopping threads took: 0.0447409 seconds
2024-10-03T11:16:24.946+0300: 157.533: Application time: 3.7069181 seconds
2024-10-03T11:16:24.993+0300: 157.576: [GC (Allocation Failure) 2024-10-03T11:16:24.993+0300: 157.576: [DefNew: 559365K->986K(629120K), 0.0006465 secs] 563153K->4776K(2027264K), 0.0007272 secs] [Times: user=0.00 sys=0.00, real=0.00 secs] 
2024-10-03T11:16:24.993+0300: 157.577: Total time for which application threads were stopped: 0.0433151 seconds, Stopping threads took: 0.0424920 seconds
2024-10-03T11:16:28.696+0300: 161.289: Application time: 3.7124690 seconds
2024-10-03T11:16:28.759+0300: 161.342: [GC (Allocation Failure) 2024-10-03T11:16:28.759+0300: 161.342: [DefNew: 560218K->205K(629120K), 0.0004582 secs] 564008K->3997K(2027264K), 0.0004984 secs] [Times: user=0.00 sys=0.00, real=0.00 secs] 
2024-10-03T11:16:28.759+0300: 161.342: Total time for which application threads were stopped: 0.0530868 seconds, Stopping threads took: 0.0525027 seconds
2024-10-03T11:16:31.769+0300: 164.352: Application time: 3.0101631 seconds
2024-10-03T11:16:31.816+0300: 164.399: Total time for which application threads were stopped: 0.0471525 seconds, Stopping threads took: 0.0470535 seconds
2024-10-03T11:16:32.507+0300: 165.092: Application time: 0.6928194 seconds
2024-10-03T11:16:32.554+0300: 165.138: [GC (Allocation Failure) 2024-10-03T11:16:32.554+0300: 165.138: [DefNew: 559342K->400K(629120K), 0.0010641 secs] 563134K->4194K(2027264K), 0.0011683 secs] [Times: user=0.00 sys=0.00, real=0.00 secs] 
2024-10-03T11:16:32.554+0300: 165.139: Total time for which application threads were stopped: 0.0464718 seconds, Stopping threads took: 0.0451277 seconds
2024-10-03T11:16:36.274+0300: 168.868: Application time: 3.7293567 seconds
2024-10-03T11:16:36.336+0300: 168.920: [GC (Allocation Failure) 2024-10-03T11:16:36.336+0300: 168.920: [DefNew: 559501K->595K(629120K), 0.0010390 secs] 563296K->4392K(2027264K), 0.0011458 secs] [Times: user=0.00 sys=0.00, real=0.00 secs] 
2024-10-03T11:16:36.336+0300: 168.921: Total time for which application threads were stopped: 0.0526480 seconds, Stopping threads took: 0.0513364 seconds
2024-10-03T11:16:40.039+0300: 172.624: Application time: 3.7034565 seconds
2024-10-03T11:16:40.086+0300: 172.670: [GC (Allocation Failure) 2024-10-03T11:16:40.086+0300: 172.670: [DefNew: 559827K->205K(629120K), 0.0009716 secs] 563624K->4004K(2027264K), 0.0010765 secs] [Times: user=0.00 sys=0.00, real=0.00 secs] 
2024-10-03T11:16:40.086+0300: 172.671: Total time for which application threads were stopped: 0.0465091 seconds, Stopping threads took: 0.0452521 seconds
2024-10-03T11:16:43.806+0300: 176.402: Application time: 3.7310332 seconds
2024-10-03T11:16:43.853+0300: 176.436: [GC (Allocation Failure) 2024-10-03T11:16:43.853+0300: 176.436: [DefNew: 559437K->204K(629120K), 0.0010587 secs] 563236K->4006K(2027264K), 0.0011632 secs] [Times: user=0.00 sys=0.00, real=0.00 secs] 
2024-10-03T11:16:43.854+0300: 176.438: Total time for which application threads were stopped: 0.0357926 seconds, Stopping threads took: 0.0344600 seconds
2024-10-03T11:16:47.541+0300: 180.134: Application time: 3.6964714 seconds
2024-10-03T11:16:47.604+0300: 180.187: [GC (Allocation Failure) 2024-10-03T11:16:47.604+0300: 180.187: [DefNew: 559436K->205K(629120K), 0.0009849 secs] 563238K->4008K(2027264K), 0.0010926 secs] [Times: user=0.00 sys=0.00, real=0.00 secs] 
2024-10-03T11:16:47.604+0300: 180.188: Total time for which application threads were stopped: 0.0538987 seconds, Stopping threads took: 0.0526530 seconds
2024-10-03T11:16:51.292+0300: 183.885: Application time: 3.6975506 seconds
2024-10-03T11:16:51.354+0300: 183.937: [GC (Allocation Failure) 2024-10-03T11:16:51.354+0300: 183.937: [DefNew: 559437K->986K(629120K), 0.0009009 secs] 563240K->4791K(2027264K), 0.0009809 secs] [Times: user=0.00 sys=0.00, real=0.00 secs] 
2024-10-03T11:16:51.355+0300: 183.938: Total time for which application threads were stopped: 0.0526751 seconds, Stopping threads took: 0.0515665 seconds
2024-10-03T11:16:55.058+0300: 187.641: Application time: 3.7031559 seconds
2024-10-03T11:16:55.105+0300: 187.688: [GC (Allocation Failure) 2024-10-03T11:16:55.105+0300: 187.688: [DefNew: 560218K->204K(629120K), 0.0010453 secs] 564023K->4013K(2027264K), 0.0011627 secs] [Times: user=0.00 sys=0.00, real=0.00 secs] 
2024-10-03T11:16:55.105+0300: 187.689: Total time for which application threads were stopped: 0.0479864 seconds, Stopping threads took: 0.0466492 seconds
2024-10-03T11:16:58.792+0300: 191.385: Application time: 3.6954802 seconds
2024-10-03T11:16:58.854+0300: 191.437: [GC (Allocation Failure) 2024-10-03T11:16:58.854+0300: 191.437: [DefNew: 559436K->595K(629120K), 0.0011169 secs] 563245K->4406K(2027264K), 0.0012221 secs] [Times: user=0.00 sys=0.00, real=0.00 secs] 
2024-10-03T11:16:58.854+0300: 191.439: Total time for which application threads were stopped: 0.0538241 seconds, Stopping threads took: 0.0524287 seconds
2024-10-03T11:17:02.573+0300: 195.162: Application time: 3.7232272 seconds
2024-10-03T11:17:02.620+0300: 195.203: [GC (Allocation Failure) 2024-10-03T11:17:02.620+0300: 195.203: [DefNew: 559804K->1181K(629120K), 0.0012029 secs] 563615K->4994K(2027264K), 0.0013156 secs] [Times: user=0.00 sys=0.00, real=0.00 secs] 
2024-10-03T11:17:02.620+0300: 195.205: Total time for which application threads were stopped: 0.0428357 seconds, Stopping threads took: 0.0413452 seconds
2024-10-03T11:17:06.340+0300: 198.934: Application time: 3.7296121 seconds
2024-10-03T11:17:06.387+0300: 198.970: [GC (Allocation Failure) 2024-10-03T11:17:06.387+0300: 198.970: [DefNew: 560413K->204K(629120K), 0.0010570 secs] 564226K->4019K(2027264K), 0.0011550 secs] [Times: user=0.00 sys=0.00, real=0.00 secs] 
2024-10-03T11:17:06.387+0300: 198.971: Total time for which application threads were stopped: 0.0369114 seconds, Stopping threads took: 0.0356118 seconds
2024-10-03T11:17:10.091+0300: 202.685: Application time: 3.7138192 seconds
2024-10-03T11:17:10.138+0300: 202.722: [GC (Allocation Failure) 2024-10-03T11:17:10.138+0300: 202.722: [DefNew: 559307K->595K(629120K), 0.0008263 secs] 563122K->4412K(2027264K), 0.0009050 secs] [Times: user=0.00 sys=0.00, real=0.00 secs] 
2024-10-03T11:17:10.138+0300: 202.723: Total time for which application threads were stopped: 0.0375014 seconds, Stopping threads took: 0.0364691 seconds
2024-10-03T11:17:13.840+0300: 206.427: Application time: 3.7045399 seconds
2024-10-03T11:17:13.902+0300: 206.486: [GC (Allocation Failure) 2024-10-03T11:17:13.902+0300: 206.486: [DefNew: 559817K->1181K(629120K), 0.0012636 secs] 563634K->5000K(2027264K), 0.0013799 secs] [Times: user=0.00 sys=0.00, real=0.00 secs] 
2024-10-03T11:17:13.902+0300: 206.487: Total time for which application threads were stopped: 0.0601181 seconds, Stopping threads took: 0.0585626 seconds
2024-10-03T11:17:17.639+0300: 210.231: Application time: 3.7440936 seconds
2024-10-03T11:17:17.686+0300: 210.269: [GC (Allocation Failure) 2024-10-03T11:17:17.686+0300: 210.270: [DefNew: 560413K->205K(629120K), 0.0009749 secs] 564232K->4026K(2027264K), 0.0010733 secs] [Times: user=0.00 sys=0.00, real=0.00 secs] 
2024-10-03T11:17:17.686+0300: 210.271: Total time for which application threads were stopped: 0.0392357 seconds, Stopping threads took: 0.0379746 seconds
2024-10-03T11:17:21.390+0300: 213.973: Application time: 3.7020255 seconds
2024-10-03T11:17:21.437+0300: 214.020: [GC (Allocation Failure) 2024-10-03T11:17:21.437+0300: 214.020: [DefNew: 559437K->180K(629120K), 0.0009573 secs] 563258K->4004K(2027264K), 0.0010555 secs] [Times: user=0.00 sys=0.00, real=0.00 secs] 
2024-10-03T11:17:21.437+0300: 214.021: Total time for which application threads were stopped: 0.0485406 seconds, Stopping threads took: 0.0473136 seconds
2024-10-03T11:17:25.172+0300: 217.758: Application time: 3.7369144 seconds
2024-10-03T11:17:25.203+0300: 217.787: [GC (Allocation Failure) 2024-10-03T11:17:25.203+0300: 217.787: [DefNew: 559412K->204K(629120K), 0.0010146 secs] 563236K->4031K(2027264K), 0.0011145 secs] [Times: user=0.00 sys=0.00, real=0.00 secs] 
2024-10-03T11:17:25.203+0300: 217.788: Total time for which application threads were stopped: 0.0298605 seconds, Stopping threads took: 0.0284770 seconds
2024-10-03T11:17:28.907+0300: 221.499: Application time: 3.7112117 seconds
2024-10-03T11:17:28.954+0300: 221.538: [GC (Allocation Failure) 2024-10-03T11:17:28.954+0300: 221.538: [DefNew: 559306K->595K(629120K), 0.0007286 secs] 563133K->4424K(2027264K), 0.0008313 secs] [Times: user=0.00 sys=0.00, real=0.00 secs] 
2024-10-03T11:17:28.954+0300: 221.538: Total time for which application threads were stopped: 0.0393435 seconds, Stopping threads took: 0.0383678 seconds
2024-10-03T11:17:32.688+0300: 225.286: Application time: 3.7479728 seconds
2024-10-03T11:17:32.751+0300: 225.334: [GC (Allocation Failure) 2024-10-03T11:17:32.751+0300: 225.334: [DefNew: 559827K->204K(629120K), 0.0004284 secs] 563656K->4035K(2027264K), 0.0004787 secs] [Times: user=0.00 sys=0.00, real=0.00 secs] 
2024-10-03T11:17:32.751+0300: 225.335: Total time for which application threads were stopped: 0.0480595 seconds, Stopping threads took: 0.0474956 seconds
2024-10-03T11:17:36.469+0300: 229.053: Application time: 3.7186062 seconds
2024-10-03T11:17:36.516+0300: 229.099: [GC (Allocation Failure) 2024-10-03T11:17:36.516+0300: 229.099: [DefNew: 559436K->204K(629120K), 0.0009624 secs] 563267K->4037K(2027264K), 0.0010692 secs] [Times: user=0.00 sys=0.00, real=0.00 secs] 
2024-10-03T11:17:36.516+0300: 229.100: Total time for which application threads were stopped: 0.0472950 seconds, Stopping threads took: 0.0460573 seconds
2024-10-03T11:17:40.203+0300: 232.801: Application time: 3.7008363 seconds
2024-10-03T11:17:40.266+0300: 232.849: [GC (Allocation Failure) 2024-10-03T11:17:40.266+0300: 232.850: [DefNew: 559436K->204K(629120K), 0.0009595 secs] 563269K->4040K(2027264K), 0.0010639 secs] [Times: user=0.00 sys=0.00, real=0.00 secs] 
2024-10-03T11:17:40.266+0300: 232.851: Total time for which application threads were stopped: 0.0493106 seconds, Stopping threads took: 0.0480724 seconds
2024-10-03T11:17:43.976+0300: 236.560: Application time: 3.7094194 seconds
2024-10-03T11:17:44.034+0300: 236.617: [GC (Allocation Failure) 2024-10-03T11:17:44.034+0300: 236.617: [DefNew: 559436K->204K(629120K), 0.0010243 secs] 563272K->4042K(2027264K), 0.0011260 secs] [Times: user=0.00 sys=0.00, real=0.00 secs] 
2024-10-03T11:17:44.034+0300: 236.618: Total time for which application threads were stopped: 0.0578488 seconds, Stopping threads took: 0.0565466 seconds
2024-10-03T11:17:47.752+0300: 240.340: Application time: 3.7221858 seconds
2024-10-03T11:17:47.799+0300: 240.383: [GC (Allocation Failure) 2024-10-03T11:17:47.799+0300: 240.383: [DefNew: 559371K->595K(629120K), 0.0010953 secs] 563208K->4435K(2027264K), 0.0011995 secs] [Times: user=0.00 sys=0.00, real=0.00 secs] 
2024-10-03T11:17:47.799+0300: 240.384: Total time for which application threads were stopped: 0.0439108 seconds, Stopping threads took: 0.0425439 seconds
2024-10-03T11:17:51.504+0300: 244.095: Application time: 3.7111703 seconds
2024-10-03T11:17:51.566+0300: 244.150: [GC (Allocation Failure) 2024-10-03T11:17:51.566+0300: 244.150: [DefNew: 559722K->986K(629120K), 0.0011258 secs] 563562K->4828K(2027264K), 0.0012315 secs] [Times: user=0.00 sys=0.00, real=0.00 secs] 
2024-10-03T11:17:51.566+0300: 244.151: Total time for which application threads were stopped: 0.0557815 seconds, Stopping threads took: 0.0543950 seconds
2024-10-03T11:17:55.301+0300: 247.891: Application time: 3.7400201 seconds
2024-10-03T11:17:55.333+0300: 247.916: [GC (Allocation Failure) 2024-10-03T11:17:55.333+0300: 247.916: [DefNew: 560042K->204K(629120K), 0.0009303 secs] 563884K->4049K(2027264K), 0.0010327 secs] [Times: user=0.00 sys=0.00, real=0.00 secs] 
2024-10-03T11:17:55.333+0300: 247.917: Total time for which application threads were stopped: 0.0259482 seconds, Stopping threads took: 0.0247527 seconds
2024-10-03T11:17:59.036+0300: 251.629: Application time: 3.7122662 seconds
2024-10-03T11:17:59.083+0300: 251.666: [GC (Allocation Failure) 2024-10-03T11:17:59.083+0300: 251.666: [DefNew: 559323K->595K(629120K), 0.0009374 secs] 563167K->4442K(2027264K), 0.0010507 secs] [Times: user=0.00 sys=0.00, real=0.00 secs] 
2024-10-03T11:17:59.083+0300: 251.667: Total time for which application threads were stopped: 0.0379467 seconds, Stopping threads took: 0.0367411 seconds
2024-10-03T11:18:02.786+0300: 255.376: Application time: 3.7092164 seconds
2024-10-03T11:18:02.848+0300: 255.432: [GC (Allocation Failure) 2024-10-03T11:18:02.848+0300: 255.432: [DefNew: 559686K->986K(629120K), 0.0012550 secs] 563533K->4834K(2027264K), 0.0013686 secs] [Times: user=0.00 sys=0.00, real=0.00 secs] 
2024-10-03T11:18:02.848+0300: 255.433: Total time for which application threads were stopped: 0.0568049 seconds, Stopping threads took: 0.0552651 seconds
2024-10-03T11:18:04.324+0300: 256.916: Application time: 1.4829061 seconds
2024-10-03T11:18:04.386+0300: 256.969: Total time for which application threads were stopped: 0.0531212 seconds, Stopping threads took: 0.0530355 seconds
2024-10-03T11:18:04.705+0300: 257.293: Application time: 0.3233692 seconds
2024-10-03T11:18:04.763+0300: 257.347: Total time for which application threads were stopped: 0.0540246 seconds, Stopping threads took: 0.0539227 seconds
2024-10-03T11:18:04.763+0300: 257.347: Application time: 0.0004904 seconds
2024-10-03T11:18:04.763+0300: 257.348: Total time for which application threads were stopped: 0.0004686 seconds, Stopping threads took: 0.0004303 seconds
2024-10-03T11:18:04.936+0300: 257.529: Application time: 0.1815041 seconds
2024-10-03T11:18:04.936+0300: 257.529: Total time for which application threads were stopped: 0.0004051 seconds, Stopping threads took: 0.0003701 seconds
2024-10-03T11:18:06.820+0300: 259.408: Application time: 1.8784078 seconds
2024-10-03T11:18:06.867+0300: 259.450: [GC (Allocation Failure) 2024-10-03T11:18:06.867+0300: 259.450: [DefNew: 560158K->608K(629120K), 0.0011021 secs] 564007K->4459K(2027264K), 0.0011996 secs] [Times: user=0.00 sys=0.00, real=0.00 secs] 
2024-10-03T11:18:06.867+0300: 259.452: Total time for which application threads were stopped: 0.0437046 seconds, Stopping threads took: 0.0423659 seconds
2024-10-03T11:18:10.601+0300: 263.189: Application time: 3.7373804 seconds
2024-10-03T11:18:10.633+0300: 263.216: [GC (Allocation Failure) 2024-10-03T11:18:10.633+0300: 263.216: [DefNew: 559676K->999K(629120K), 0.0012398 secs] 563527K->4852K(2027264K), 0.0013500 secs] [Times: user=0.00 sys=0.00, real=0.00 secs] 
2024-10-03T11:18:10.633+0300: 263.217: Total time for which application threads were stopped: 0.0283087 seconds, Stopping threads took: 0.0267858 seconds
2024-10-03T11:18:14.367+0300: 266.959: Application time: 3.7414279 seconds
2024-10-03T11:18:14.414+0300: 266.997: [GC (Allocation Failure) 2024-10-03T11:18:14.414+0300: 266.997: [DefNew: 560148K->413K(629120K), 0.0011061 secs] 564002K->4269K(2027264K), 0.0012075 secs] [Times: user=0.00 sys=0.00, real=0.00 secs] 
2024-10-03T11:18:14.414+0300: 266.999: Total time for which application threads were stopped: 0.0398286 seconds, Stopping threads took: 0.0384505 seconds
2024-10-03T11:18:18.119+0300: 270.704: Application time: 3.7055702 seconds
2024-10-03T11:18:18.166+0300: 270.749: [GC (Allocation Failure) 2024-10-03T11:18:18.166+0300: 270.749: [DefNew: 559641K->1194K(629120K), 0.0012886 secs] 563496K->5052K(2027264K), 0.0014007 secs] [Times: user=0.00 sys=0.00, real=0.00 secs] 
2024-10-03T11:18:18.166+0300: 270.750: Total time for which application threads were stopped: 0.0463924 seconds, Stopping threads took: 0.0448330 seconds
2024-10-03T11:18:21.885+0300: 274.482: Application time: 3.7316092 seconds
2024-10-03T11:18:21.948+0300: 274.531: [GC (Allocation Failure) 2024-10-03T11:18:21.948+0300: 274.531: [DefNew: 560294K->413K(629120K), 0.0010054 secs] 564152K->4273K(2027264K), 0.0011286 secs] [Times: user=0.00 sys=0.00, real=0.00 secs] 
2024-10-03T11:18:21.948+0300: 274.532: Total time for which application threads were stopped: 0.0501085 seconds, Stopping threads took: 0.0488135 seconds
2024-10-03T11:18:25.683+0300: 278.271: Application time: 3.7383199 seconds
2024-10-03T11:18:25.699+0300: 278.282: [GC (Allocation Failure) 2024-10-03T11:18:25.699+0300: 278.282: [DefNew: 559623K->218K(629120K), 0.0007943 secs] 563483K->4080K(2027264K), 0.0008762 secs] [Times: user=0.00 sys=0.00, real=0.00 secs] 
2024-10-03T11:18:25.699+0300: 278.283: Total time for which application threads were stopped: 0.0120715 seconds, Stopping threads took: 0.0110530 seconds
2024-10-03T11:18:29.418+0300: 282.010: Application time: 3.7276016 seconds
2024-10-03T11:18:29.449+0300: 282.032: [GC (Allocation Failure) 2024-10-03T11:18:29.449+0300: 282.032: [DefNew: 559433K->217K(629120K), 0.0009442 secs] 563296K->4082K(2027264K), 0.0010515 secs] [Times: user=0.00 sys=0.00, real=0.00 secs] 
2024-10-03T11:18:29.450+0300: 282.033: Total time for which application threads were stopped: 0.0231805 seconds, Stopping threads took: 0.0219583 seconds
2024-10-03T11:18:33.185+0300: 285.770: Application time: 3.7366173 seconds
2024-10-03T11:18:33.232+0300: 285.816: [GC (Allocation Failure) 2024-10-03T11:18:33.232+0300: 285.816: [DefNew: 559290K->218K(629120K), 0.0009970 secs] 563155K->4085K(2027264K), 0.0011062 secs] [Times: user=0.00 sys=0.00, real=0.00 secs] 
2024-10-03T11:18:33.232+0300: 285.817: Total time for which application threads were stopped: 0.0466574 seconds, Stopping threads took: 0.0453895 seconds
2024-10-03T11:18:36.983+0300: 289.579: Application time: 3.7622702 seconds
2024-10-03T11:18:37.045+0300: 289.628: [GC (Allocation Failure) 2024-10-03T11:18:37.045+0300: 289.628: [DefNew: 559171K->608K(629120K), 0.0005341 secs] 563038K->4477K(2027264K), 0.0005875 secs] [Times: user=0.00 sys=0.00, real=0.00 secs] 
2024-10-03T11:18:37.045+0300: 289.629: Total time for which application threads were stopped: 0.0500563 seconds, Stopping threads took: 0.0493770 seconds
2024-10-03T11:18:40.780+0300: 293.375: Application time: 3.7455613 seconds
2024-10-03T11:18:40.843+0300: 293.426: [GC (Allocation Failure) 2024-10-03T11:18:40.843+0300: 293.426: [DefNew: 559653K->608K(629120K), 0.0011509 secs] 563522K->4480K(2027264K), 0.0012558 secs] [Times: user=0.00 sys=0.00, real=0.00 secs] 
2024-10-03T11:18:40.843+0300: 293.427: Total time for which application threads were stopped: 0.0524951 seconds, Stopping threads took: 0.0510644 seconds
2024-10-03T11:18:44.578+0300: 297.169: Application time: 3.7423870 seconds
2024-10-03T11:18:44.639+0300: 297.222: [GC (Allocation Failure) 2024-10-03T11:18:44.639+0300: 297.222: [DefNew: 559806K->999K(629120K), 0.0013134 secs] 563677K->4873K(2027264K), 0.0014319 secs] [Times: user=0.00 sys=0.00, real=0.00 secs] 
2024-10-03T11:18:44.639+0300: 297.223: Total time for which application threads were stopped: 0.0538432 seconds, Stopping threads took: 0.0522285 seconds
2024-10-03T11:18:46.648+0300: 299.231: Application time: 2.0079753 seconds
2024-10-03T11:18:46.695+0300: 299.278: Total time for which application threads were stopped: 0.0470506 seconds, Stopping threads took: 0.0469647 seconds
2024-10-03T11:18:48.390+0300: 300.982: Application time: 1.7033585 seconds
2024-10-03T11:18:48.453+0300: 301.036: [GC (Allocation Failure) 2024-10-03T11:18:48.453+0300: 301.036: [DefNew: 560231K->217K(629120K), 0.0010045 secs] 564105K->4093K(2027264K), 0.0011109 secs] [Times: user=0.00 sys=0.00, real=0.00 secs] 
2024-10-03T11:18:48.453+0300: 301.037: Total time for which application threads were stopped: 0.0554131 seconds, Stopping threads took: 0.0541349 seconds
2024-10-03T11:18:52.157+0300: 304.748: Application time: 3.7110061 seconds
2024-10-03T11:18:52.220+0300: 304.803: [GC (Allocation Failure) 2024-10-03T11:18:52.220+0300: 304.803: [DefNew: 559449K->1194K(629120K), 0.0012202 secs] 563325K->5073K(2027264K), 0.0013399 secs] [Times: user=0.00 sys=0.00, real=0.00 secs] 
2024-10-03T11:18:52.220+0300: 304.805: Total time for which application threads were stopped: 0.0565370 seconds, Stopping threads took: 0.0550340 seconds
2024-10-03T11:18:55.956+0300: 308.547: Application time: 3.7427789 seconds
2024-10-03T11:18:56.003+0300: 308.586: [GC (Allocation Failure) 2024-10-03T11:18:56.003+0300: 308.587: [DefNew: 560426K->218K(629120K), 0.0010619 secs] 564305K->4098K(2027264K), 0.0011897 secs] [Times: user=0.00 sys=0.00, real=0.00 secs] 
2024-10-03T11:18:56.003+0300: 308.588: Total time for which application threads were stopped: 0.0402831 seconds, Stopping threads took: 0.0389134 seconds
2024-10-03T11:18:59.708+0300: 312.298: Application time: 3.7101124 seconds
2024-10-03T11:18:59.770+0300: 312.353: [GC (Allocation Failure) 2024-10-03T11:18:59.770+0300: 312.353: [DefNew: 559450K->999K(629120K), 0.0012751 secs] 563330K->4882K(2027264K), 0.0013879 secs] [Times: user=0.00 sys=0.00, real=0.00 secs] 
2024-10-03T11:18:59.770+0300: 312.355: Total time for which application threads were stopped: 0.0568867 seconds, Stopping threads took: 0.0553218 seconds
2024-10-03T11:19:03.517+0300: 316.100: Application time: 3.7456137 seconds
2024-10-03T11:19:03.567+0300: 316.150: [GC (Allocation Failure) 2024-10-03T11:19:03.567+0300: 316.150: [DefNew: 560231K->205K(629120K), 0.0010480 secs] 564114K->4103K(2027264K), 0.0011526 secs] [Times: user=0.00 sys=0.00, real=0.00 secs] 
2024-10-03T11:19:03.567+0300: 316.151: Total time for which application threads were stopped: 0.0511207 seconds, Stopping threads took: 0.0497820 seconds
2024-10-03T11:19:07.271+0300: 319.864: Application time: 3.7129226 seconds
2024-10-03T11:19:07.318+0300: 319.901: [GC (Allocation Failure) 2024-10-03T11:19:07.318+0300: 319.901: [DefNew: 559120K->595K(629120K), 0.0006054 secs] 563018K->4496K(2027264K), 0.0006763 secs] [Times: user=0.00 sys=0.00, real=0.00 secs] 
2024-10-03T11:19:07.318+0300: 319.901: Total time for which application threads were stopped: 0.0370499 seconds, Stopping threads took: 0.0362817 seconds
2024-10-03T11:19:11.054+0300: 323.646: Application time: 3.7446157 seconds
2024-10-03T11:19:11.085+0300: 323.668: [GC (Allocation Failure) 2024-10-03T11:19:11.085+0300: 323.668: [DefNew: 559827K->986K(629120K), 0.0011541 secs] 563728K->4889K(2027264K), 0.0012658 secs] [Times: user=0.00 sys=0.00, real=0.00 secs] 
2024-10-03T11:19:11.085+0300: 323.670: Total time for which application threads were stopped: 0.0236319 seconds, Stopping threads took: 0.0221971 seconds
2024-10-03T11:19:14.818+0300: 327.412: Application time: 3.7422372 seconds
2024-10-03T11:19:14.881+0300: 327.464: [GC (Allocation Failure) 2024-10-03T11:19:14.881+0300: 327.465: [DefNew: 560218K->400K(629120K), 0.0011299 secs] 564121K->4305K(2027264K), 0.0012427 secs] [Times: user=0.00 sys=0.00, real=0.00 secs] 
2024-10-03T11:19:14.881+0300: 327.466: Total time for which application threads were stopped: 0.0538306 seconds, Stopping threads took: 0.0524103 seconds
2024-10-03T11:19:18.615+0300: 331.206: Application time: 3.7397446 seconds
2024-10-03T11:19:18.647+0300: 331.230: [GC (Allocation Failure) 2024-10-03T11:19:18.647+0300: 331.230: [DefNew: 559518K->595K(629120K), 0.0010853 secs] 563423K->4502K(2027264K), 0.0011951 secs] [Times: user=0.00 sys=0.00, real=0.00 secs] 
2024-10-03T11:19:18.647+0300: 331.232: Total time for which application threads were stopped: 0.0259780 seconds, Stopping threads took: 0.0246127 seconds
2024-10-03T11:19:22.351+0300: 334.948: Application time: 3.7166808 seconds
2024-10-03T11:19:22.413+0300: 334.996: [GC (Allocation Failure) 2024-10-03T11:19:22.413+0300: 334.996: [DefNew: 559827K->205K(629120K), 0.0010217 secs] 563734K->4114K(2027264K), 0.0011268 secs] [Times: user=0.00 sys=0.00, real=0.00 secs] 
2024-10-03T11:19:22.413+0300: 334.997: Total time for which application threads were stopped: 0.0492842 seconds, Stopping threads took: 0.0479845 seconds
2024-10-03T11:19:26.134+0300: 338.721: Application time: 3.7230662 seconds
2024-10-03T11:19:26.181+0300: 338.764: [GC (Allocation Failure) 2024-10-03T11:19:26.181+0300: 338.764: [DefNew: 559370K->595K(629120K), 0.0010770 secs] 563279K->4507K(2027264K), 0.0011856 secs] [Times: user=0.00 sys=0.00, real=0.00 secs] 
2024-10-03T11:19:26.181+0300: 338.765: Total time for which application threads were stopped: 0.0447377 seconds, Stopping threads took: 0.0433683 seconds
2024-10-03T11:19:29.899+0300: 342.485: Application time: 3.7192358 seconds
2024-10-03T11:19:29.946+0300: 342.530: [GC (Allocation Failure) 2024-10-03T11:19:29.946+0300: 342.530: [DefNew: 559633K->595K(629120K), 0.0010966 secs] 563545K->4509K(2027264K), 0.0012167 secs] [Times: user=0.00 sys=0.00, real=0.00 secs] 
2024-10-03T11:19:29.946+0300: 342.531: Total time for which application threads were stopped: 0.0462779 seconds, Stopping threads took: 0.0449124 seconds
2024-10-03T11:19:33.666+0300: 346.253: Application time: 3.7222484 seconds
2024-10-03T11:19:33.713+0300: 346.296: [GC (Allocation Failure) 2024-10-03T11:19:33.713+0300: 346.296: [DefNew: 559762K->595K(629120K), 0.0009297 secs] 563677K->4512K(2027264K), 0.0010206 secs] [Times: user=0.00 sys=0.00, real=0.00 secs] 
2024-10-03T11:19:33.713+0300: 346.297: Total time for which application threads were stopped: 0.0437082 seconds, Stopping threads took: 0.0425300 seconds
2024-10-03T11:19:37.447+0300: 350.035: Application time: 3.7380611 seconds
2024-10-03T11:19:37.495+0300: 350.078: [GC (Allocation Failure) 2024-10-03T11:19:37.495+0300: 350.078: [DefNew: 559546K->595K(629120K), 0.0010835 secs] 563462K->4514K(2027264K), 0.0011874 secs] [Times: user=0.00 sys=0.00, real=0.00 secs] 
2024-10-03T11:19:37.495+0300: 350.079: Total time for which application threads were stopped: 0.0440965 seconds, Stopping threads took: 0.0427380 seconds
2024-10-03T11:19:41.244+0300: 353.831: Application time: 3.7522948 seconds
2024-10-03T11:19:41.292+0300: 353.875: [GC (Allocation Failure) 2024-10-03T11:19:41.292+0300: 353.875: [DefNew: 559827K->204K(629120K), 0.0004320 secs] 563746K->4125K(2027264K), 0.0004881 secs] [Times: user=0.00 sys=0.00, real=0.00 secs] 
2024-10-03T11:19:41.292+0300: 353.875: Total time for which application threads were stopped: 0.0440199 seconds, Stopping threads took: 0.0434269 seconds
2024-10-03T11:19:45.040+0300: 357.630: Application time: 3.7545086 seconds
2024-10-03T11:19:45.072+0300: 357.655: [GC (Allocation Failure) 2024-10-03T11:19:45.072+0300: 357.655: [DefNew: 559103K->595K(629120K), 0.0009952 secs] 563024K->4518K(2027264K), 0.0010981 secs] [Times: user=0.00 sys=0.00, real=0.00 secs] 
2024-10-03T11:19:45.072+0300: 357.656: Total time for which application threads were stopped: 0.0261459 seconds, Stopping threads took: 0.0248764 seconds
2024-10-03T11:19:48.775+0300: 361.370: Application time: 3.7138333 seconds
2024-10-03T11:19:48.838+0300: 361.421: [GC (Allocation Failure) 2024-10-03T11:19:48.838+0300: 361.421: [DefNew: 559827K->204K(629120K), 0.0009853 secs] 563750K->4130K(2027264K), 0.0010940 secs] [Times: user=0.00 sys=0.00, real=0.00 secs] 
2024-10-03T11:19:48.838+0300: 361.422: Total time for which application threads were stopped: 0.0521651 seconds, Stopping threads took: 0.0508946 seconds
2024-10-03T11:19:52.573+0300: 365.169: Application time: 3.7468519 seconds
2024-10-03T11:19:52.621+0300: 365.204: [GC (Allocation Failure) 2024-10-03T11:19:52.621+0300: 365.204: [DefNew: 559436K->205K(629120K), 0.0010386 secs] 563362K->4132K(2027264K), 0.0011408 secs] [Times: user=0.00 sys=0.00, real=0.00 secs] 
2024-10-03T11:19:52.621+0300: 365.205: Total time for which application threads were stopped: 0.0361866 seconds, Stopping threads took: 0.0348768 seconds
2024-10-03T11:19:56.340+0300: 368.926: Application time: 3.7212448 seconds
2024-10-03T11:19:56.387+0300: 368.970: [GC (Allocation Failure) 2024-10-03T11:19:56.387+0300: 368.970: [DefNew: 559294K->595K(629120K), 0.0011406 secs] 563222K->4525K(2027264K), 0.0012443 secs] [Times: user=0.00 sys=0.00, real=0.00 secs] 
2024-10-03T11:19:56.387+0300: 368.971: Total time for which application threads were stopped: 0.0451919 seconds, Stopping threads took: 0.0437808 seconds
2024-10-03T11:20:00.122+0300: 372.719: Application time: 3.7479973 seconds
2024-10-03T11:20:00.185+0300: 372.768: [GC (Allocation Failure) 2024-10-03T11:20:00.185+0300: 372.768: [DefNew: 559827K->985K(629120K), 0.0011406 secs] 563757K->4918K(2027264K), 0.0012554 secs] [Times: user=0.00 sys=0.00, real=0.00 secs] 
2024-10-03T11:20:00.185+0300: 372.769: Total time for which application threads were stopped: 0.0500324 seconds, Stopping threads took: 0.0486015 seconds
2024-10-03T11:20:03.198+0300: 375.781: Application time: 3.0114075 seconds
2024-10-03T11:20:03.230+0300: 375.813: Total time for which application threads were stopped: 0.0321831 seconds, Stopping threads took: 0.0320786 seconds
2024-10-03T11:20:03.920+0300: 376.510: Application time: 0.6972681 seconds
2024-10-03T11:20:03.983+0300: 376.566: [GC (Allocation Failure) 2024-10-03T11:20:03.983+0300: 376.566: [DefNew: 560217K->2548K(629120K), 0.0019596 secs] 564150K->6483K(2027264K), 0.0020846 secs] [Times: user=0.00 sys=0.00, real=0.00 secs] 
2024-10-03T11:20:03.983+0300: 376.568: Total time for which application threads were stopped: 0.0578497 seconds, Stopping threads took: 0.0556056 seconds
2024-10-03T11:20:07.765+0300: 380.351: Application time: 3.7829920 seconds
2024-10-03T11:20:07.812+0300: 380.395: [GC (Allocation Failure) 2024-10-03T11:20:07.812+0300: 380.395: [DefNew: 561780K->204K(629120K), 0.0010556 secs] 565715K->4141K(2027264K), 0.0011604 secs] [Times: user=0.00 sys=0.00, real=0.00 secs] 
2024-10-03T11:20:07.812+0300: 380.396: Total time for which application threads were stopped: 0.0451923 seconds, Stopping threads took: 0.0438512 seconds
2024-10-03T11:20:11.562+0300: 384.146: Application time: 3.7498136 seconds
2024-10-03T11:20:11.609+0300: 384.193: [GC (Allocation Failure) 2024-10-03T11:20:11.609+0300: 384.193: [DefNew: 559436K->986K(629120K), 0.0010269 secs] 563373K->4925K(2027264K), 0.0011364 secs] [Times: user=0.00 sys=0.00, real=0.00 secs] 
2024-10-03T11:20:11.609+0300: 384.194: Total time for which application threads were stopped: 0.0475495 seconds, Stopping threads took: 0.0462387 seconds
2024-10-03T11:20:15.391+0300: 387.989: Application time: 3.7947834 seconds
2024-10-03T11:20:15.438+0300: 388.022: [GC (Allocation Failure) 2024-10-03T11:20:15.438+0300: 388.022: [DefNew: 560212K->400K(629120K), 0.0006916 secs] 564151K->4341K(2027264K), 0.0007700 secs] [Times: user=0.00 sys=0.00, real=0.00 secs] 
2024-10-03T11:20:15.438+0300: 388.022: Total time for which application threads were stopped: 0.0337745 seconds, Stopping threads took: 0.0328775 seconds
2024-10-03T11:20:19.236+0300: 391.824: Application time: 3.8018978 seconds
2024-10-03T11:20:19.267+0300: 391.851: [GC (Allocation Failure) 2024-10-03T11:20:19.267+0300: 391.851: [DefNew: 559623K->204K(629120K), 0.0008159 secs] 563564K->4148K(2027264K), 0.0009099 secs] [Times: user=0.00 sys=0.00, real=0.00 secs] 
2024-10-03T11:20:19.267+0300: 391.851: Total time for which application threads were stopped: 0.0272841 seconds, Stopping threads took: 0.0262199 seconds
2024-10-03T11:20:23.411+0300: 396.005: Application time: 4.1531144 seconds
2024-10-03T11:20:23.442+0300: 396.025: [GC (Allocation Failure) 2024-10-03T11:20:23.442+0300: 396.025: [DefNew: 559436K->986K(629120K), 0.0013451 secs] 563380K->4932K(2027264K), 0.0014365 secs] [Times: user=0.00 sys=0.00, real=0.00 secs] 
2024-10-03T11:20:23.442+0300: 396.026: Total time for which application threads were stopped: 0.0218742 seconds, Stopping threads took: 0.0202989 seconds
2024-10-03T11:20:27.261+0300: 399.845: Application time: 3.8188549 seconds
2024-10-03T11:20:27.302+0300: 399.885: [GC (Allocation Failure) 2024-10-03T11:20:27.302+0300: 399.885: [DefNew: 560097K->205K(629120K), 0.0007570 secs] 564043K->4153K(2027264K), 0.0008569 secs] [Times: user=0.00 sys=0.00, real=0.00 secs] 
2024-10-03T11:20:27.302+0300: 399.886: Total time for which application threads were stopped: 0.0403145 seconds, Stopping threads took: 0.0393112 seconds
2024-10-03T11:20:31.131+0300: 403.726: Application time: 3.8403570 seconds
2024-10-03T11:20:31.194+0300: 403.777: [GC (Allocation Failure) 2024-10-03T11:20:31.194+0300: 403.777: [DefNew: 559248K->595K(629120K), 0.0005176 secs] 563196K->4546K(2027264K), 0.0005756 secs] [Times: user=0.00 sys=0.00, real=0.00 secs] 
2024-10-03T11:20:31.194+0300: 403.778: Total time for which application threads were stopped: 0.0519294 seconds, Stopping threads took: 0.0512477 seconds
2024-10-03T11:20:35.006+0300: 407.596: Application time: 3.8183330 seconds
2024-10-03T11:20:35.053+0300: 407.636: [GC (Allocation Failure) 2024-10-03T11:20:35.053+0300: 407.636: [DefNew: 559654K->595K(629120K), 0.0008754 secs] 563604K->4548K(2027264K), 0.0009742 secs] [Times: user=0.00 sys=0.00, real=0.00 secs] 
2024-10-03T11:20:35.053+0300: 407.637: Total time for which application threads were stopped: 0.0404197 seconds, Stopping threads took: 0.0393000 seconds
2024-10-03T11:20:38.865+0300: 411.451: Application time: 3.8141845 seconds
2024-10-03T11:20:38.913+0300: 411.496: [GC (Allocation Failure) 2024-10-03T11:20:38.913+0300: 411.496: [DefNew: 559634K->400K(629120K), 0.0011348 secs] 563586K->4355K(2027264K), 0.0012462 secs] [Times: user=0.00 sys=0.00, real=0.00 secs] 
2024-10-03T11:20:38.913+0300: 411.497: Total time for which application threads were stopped: 0.0463729 seconds, Stopping threads took: 0.0449471 seconds
2024-10-03T11:20:42.688+0300: 415.278: Application time: 3.7805179 seconds
2024-10-03T11:20:42.742+0300: 415.325: [GC (Allocation Failure) 2024-10-03T11:20:42.742+0300: 415.325: [DefNew: 559632K->204K(629120K), 0.0010118 secs] 563587K->4162K(2027264K), 0.0011137 secs] [Times: user=0.00 sys=0.00, real=0.00 secs] 
2024-10-03T11:20:42.742+0300: 415.326: Total time for which application threads were stopped: 0.0485897 seconds, Stopping threads took: 0.0473174 seconds
2024-10-03T11:20:46.594+0300: 419.186: Application time: 3.8595785 seconds
2024-10-03T11:20:46.652+0300: 419.235: [GC (Allocation Failure) 2024-10-03T11:20:46.652+0300: 419.235: [DefNew: 559436K->205K(629120K), 0.0006970 secs] 563394K->4164K(2027264K), 0.0007557 secs] [Times: user=0.00 sys=0.00, real=0.00 secs] 
2024-10-03T11:20:46.652+0300: 419.236: Total time for which application threads were stopped: 0.0502418 seconds, Stopping threads took: 0.0493738 seconds
2024-10-03T11:20:50.480+0300: 423.064: Application time: 3.8274044 seconds
2024-10-03T11:20:50.511+0300: 423.095: [GC (Allocation Failure) 2024-10-03T11:20:50.511+0300: 423.095: [DefNew: 559437K->1181K(629120K), 0.0011901 secs] 563396K->5143K(2027264K), 0.0012726 secs] [Times: user=0.00 sys=0.00, real=0.00 secs] 
2024-10-03T11:20:50.511+0300: 423.096: Total time for which application threads were stopped: 0.0322857 seconds, Stopping threads took: 0.0308641 seconds
2024-10-03T11:20:54.339+0300: 426.925: Application time: 3.8294693 seconds
2024-10-03T11:20:54.385+0300: 426.969: [GC (Allocation Failure) 2024-10-03T11:20:54.385+0300: 426.969: [DefNew: 560350K->1181K(629120K), 0.0007193 secs] 564312K->5145K(2027264K), 0.0007986 secs] [Times: user=0.00 sys=0.00, real=0.00 secs] 
2024-10-03T11:20:54.385+0300: 426.969: Total time for which application threads were stopped: 0.0440104 seconds, Stopping threads took: 0.0431085 seconds
2024-10-03T11:20:58.245+0300: 430.829: Application time: 3.8592178 seconds
2024-10-03T11:20:58.276+0300: 430.860: [GC (Allocation Failure) 2024-10-03T11:20:58.276+0300: 430.860: [DefNew: 560338K->1181K(629120K), 0.0010407 secs] 564302K->5147K(2027264K), 0.0011532 secs] [Times: user=0.00 sys=0.00, real=0.00 secs] 
2024-10-03T11:20:58.276+0300: 430.861: Total time for which application threads were stopped: 0.0321629 seconds, Stopping threads took: 0.0308536 seconds
2024-10-03T11:21:02.153+0300: 434.738: Application time: 3.8770329 seconds
2024-10-03T11:21:02.200+0300: 434.783: [GC (Allocation Failure) 2024-10-03T11:21:02.200+0300: 434.783: [DefNew: 560359K->400K(629120K), 0.0009554 secs] 564325K->4368K(2027264K), 0.0010434 secs] [Times: user=0.00 sys=0.00, real=0.00 secs] 
2024-10-03T11:21:02.200+0300: 434.784: Total time for which application threads were stopped: 0.0459653 seconds, Stopping threads took: 0.0447825 seconds
2024-10-03T11:21:06.029+0300: 438.627: Application time: 3.8429132 seconds
2024-10-03T11:21:06.091+0300: 438.674: [GC (Allocation Failure) 2024-10-03T11:21:06.091+0300: 438.674: [DefNew: 559632K->595K(629120K), 0.0005703 secs] 563600K->4566K(2027264K), 0.0006442 secs] [Times: user=0.00 sys=0.00, real=0.00 secs] 
2024-10-03T11:21:06.091+0300: 438.675: Total time for which application threads were stopped: 0.0483039 seconds, Stopping threads took: 0.0475173 seconds
2024-10-03T11:21:10.001+0300: 442.591: Application time: 3.9158713 seconds
2024-10-03T11:21:10.048+0300: 442.631: [GC (Allocation Failure) 2024-10-03T11:21:10.048+0300: 442.631: [DefNew: 559827K->1181K(629120K), 0.0006580 secs] 563798K->5154K(2027264K), 0.0007207 secs] [Times: user=0.00 sys=0.00, real=0.00 secs] 
2024-10-03T11:21:10.048+0300: 442.632: Total time for which application threads were stopped: 0.0406483 seconds, Stopping threads took: 0.0398384 seconds
2024-10-03T11:21:13.942+0300: 446.529: Application time: 3.8976006 seconds
2024-10-03T11:21:14.004+0300: 446.587: [GC (Allocation Failure) 2024-10-03T11:21:14.004+0300: 446.587: [DefNew: 560413K->1181K(629120K), 0.0006887 secs] 564386K->5156K(2027264K), 0.0007538 secs] [Times: user=0.00 sys=0.00, real=0.00 secs] 
2024-10-03T11:21:14.004+0300: 446.588: Total time for which application threads were stopped: 0.0585992 seconds, Stopping threads took: 0.0576660 seconds
2024-10-03T11:21:17.894+0300: 450.493: Application time: 3.9049062 seconds
2024-10-03T11:21:17.957+0300: 450.540: [GC (Allocation Failure) 2024-10-03T11:21:17.957+0300: 450.540: [DefNew: 560247K->595K(629120K), 0.0005458 secs] 564222K->4573K(2027264K), 0.0006002 secs] [Times: user=0.00 sys=0.00, real=0.00 secs] 
2024-10-03T11:21:17.957+0300: 450.541: Total time for which application threads were stopped: 0.0484174 seconds, Stopping threads took: 0.0477205 seconds
2024-10-03T11:21:21.835+0300: 454.423: Application time: 3.8818999 seconds
2024-10-03T11:21:21.882+0300: 454.465: [GC (Allocation Failure) 2024-10-03T11:21:21.882+0300: 454.465: [DefNew: 559827K->204K(629120K), 0.0006667 secs] 563805K->4184K(2027264K), 0.0007331 secs] [Times: user=0.00 sys=0.00, real=0.00 secs] 
2024-10-03T11:21:21.882+0300: 454.466: Total time for which application threads were stopped: 0.0431721 seconds, Stopping threads took: 0.0423029 seconds
2024-10-03T11:21:25.774+0300: 458.367: Application time: 3.9008115 seconds
2024-10-03T11:21:25.821+0300: 458.404: [GC (Allocation Failure) 2024-10-03T11:21:25.821+0300: 458.404: [DefNew: 559223K->595K(629120K), 0.0007779 secs] 563203K->4577K(2027264K), 0.0008531 secs] [Times: user=0.00 sys=0.00, real=0.00 secs] 
2024-10-03T11:21:25.822+0300: 458.405: Total time for which application threads were stopped: 0.0383154 seconds, Stopping threads took: 0.0373176 seconds
2024-10-03T11:21:29.698+0300: 462.291: Application time: 3.8858967 seconds
2024-10-03T11:21:29.761+0300: 462.344: [GC (Allocation Failure) 2024-10-03T11:21:29.761+0300: 462.344: [DefNew: 559826K->986K(629120K), 0.0009584 secs] 563808K->4970K(2027264K), 0.0010672 secs] [Times: user=0.00 sys=0.00, real=0.00 secs] 
2024-10-03T11:21:29.761+0300: 462.345: Total time for which application threads were stopped: 0.0539794 seconds, Stopping threads took: 0.0527549 seconds
2024-10-03T11:21:33.684+0300: 466.271: Application time: 3.9256494 seconds
2024-10-03T11:21:33.716+0300: 466.299: [GC (Allocation Failure) 2024-10-03T11:21:33.716+0300: 466.299: [DefNew: 559874K->595K(629120K), 0.0007977 secs] 563858K->4582K(2027264K), 0.0008846 secs] [Times: user=0.00 sys=0.00, real=0.00 secs] 
2024-10-03T11:21:33.716+0300: 466.300: Total time for which application threads were stopped: 0.0289228 seconds, Stopping threads took: 0.0278837 seconds
2024-10-03T11:21:37.608+0300: 470.200: Application time: 3.9007134 seconds
2024-10-03T11:21:37.655+0300: 470.238: [GC (Allocation Failure) 2024-10-03T11:21:37.655+0300: 470.238: [DefNew: 559827K->204K(629120K), 0.0008230 secs] 563814K->4193K(2027264K), 0.0009046 secs] [Times: user=0.00 sys=0.00, real=0.00 secs] 
2024-10-03T11:21:37.655+0300: 470.239: Total time for which application threads were stopped: 0.0383610 seconds, Stopping threads took: 0.0373109 seconds
2024-10-03T11:21:41.547+0300: 474.143: Application time: 3.9041260 seconds
2024-10-03T11:21:41.610+0300: 474.193: [GC (Allocation Failure) 2024-10-03T11:21:41.610+0300: 474.194: [DefNew: 559436K->595K(629120K), 0.0011205 secs] 563425K->4586K(2027264K), 0.0013512 secs] [Times: user=0.00 sys=0.00, real=0.00 secs] 
2024-10-03T11:21:41.610+0300: 474.195: Total time for which application threads were stopped: 0.0517876 seconds, Stopping threads took: 0.0502622 seconds
2024-10-03T11:21:45.534+0300: 478.122: Application time: 3.9275302 seconds
2024-10-03T11:21:45.581+0300: 478.164: [GC (Allocation Failure) 2024-10-03T11:21:45.581+0300: 478.164: [DefNew: 559639K->204K(629120K), 0.0007582 secs] 563631K->4198K(2027264K), 0.0008385 secs] [Times: user=0.00 sys=0.00, real=0.00 secs] 
2024-10-03T11:21:45.581+0300: 478.165: Total time for which application threads were stopped: 0.0424509 seconds, Stopping threads took: 0.0414588 seconds
2024-10-03T11:21:49.487+0300: 482.078: Application time: 3.9136788 seconds
2024-10-03T11:21:49.550+0300: 482.133: [GC (Allocation Failure) 2024-10-03T11:21:49.550+0300: 482.133: [DefNew: 559068K->595K(629120K), 0.0005310 secs] 563061K->4591K(2027264K), 0.0005809 secs] [Times: user=0.00 sys=0.00, real=0.00 secs] 
2024-10-03T11:21:49.550+0300: 482.134: Total time for which application threads were stopped: 0.0554166 seconds, Stopping threads took: 0.0547404 seconds
2024-10-03T11:21:52.562+0300: 485.145: Application time: 3.0114227 seconds
2024-10-03T11:21:52.609+0300: 485.192: Total time for which application threads were stopped: 0.0469704 seconds, Stopping threads took: 0.0469118 seconds
2024-10-03T11:21:53.488+0300: 486.072: Application time: 0.8794804 seconds
2024-10-03T11:21:53.536+0300: 486.119: [GC (Allocation Failure) 2024-10-03T11:21:53.536+0300: 486.119: [DefNew: 559454K->596K(629120K), 0.0005356 secs] 563450K->4594K(2027264K), 0.0005936 secs] [Times: user=0.00 sys=0.00, real=0.00 secs] 
2024-10-03T11:21:53.536+0300: 486.119: Total time for which application threads were stopped: 0.0475462 seconds, Stopping threads took: 0.0468537 seconds
2024-10-03T11:21:57.443+0300: 490.037: Application time: 3.9181817 seconds
2024-10-03T11:21:57.490+0300: 490.073: [GC (Allocation Failure) 2024-10-03T11:21:57.490+0300: 490.073: [DefNew: 559653K->986K(629120K), 0.0011840 secs] 563651K->4986K(2027264K), 0.0013002 secs] [Times: user=0.00 sys=0.00, real=0.00 secs] 
2024-10-03T11:21:57.490+0300: 490.075: Total time for which application threads were stopped: 0.0373116 seconds, Stopping threads took: 0.0358463 seconds
2024-10-03T11:22:01.430+0300: 494.023: Application time: 3.9478288 seconds
2024-10-03T11:22:01.477+0300: 494.060: [GC (Allocation Failure) 2024-10-03T11:22:01.477+0300: 494.060: [DefNew: 560218K->205K(629120K), 0.0009737 secs] 564218K->4207K(2027264K), 0.0010764 secs] [Times: user=0.00 sys=0.00, real=0.00 secs] 
2024-10-03T11:22:01.477+0300: 494.062: Total time for which application threads were stopped: 0.0389521 seconds, Stopping threads took: 0.0377046 seconds
2024-10-03T11:22:05.369+0300: 497.963: Application time: 3.9013337 seconds
2024-10-03T11:22:05.432+0300: 498.015: [GC (Allocation Failure) 2024-10-03T11:22:05.432+0300: 498.015: [DefNew: 559401K->596K(629120K), 0.0011766 secs] 563404K->4600K(2027264K), 0.0012893 secs] [Times: user=0.00 sys=0.00, real=0.00 secs] 
2024-10-03T11:22:05.432+0300: 498.017: Total time for which application threads were stopped: 0.0536916 seconds, Stopping threads took: 0.0522310 seconds
2024-10-03T11:22:05.699+0300: 498.286: Application time: 0.2691179 seconds
2024-10-03T11:22:05.762+0300: 498.345: Total time for which application threads were stopped: 0.0592099 seconds, Stopping threads took: 0.0591027 seconds
2024-10-03T11:22:05.762+0300: 498.345: Application time: 0.0003607 seconds
2024-10-03T11:22:05.762+0300: 498.346: Total time for which application threads were stopped: 0.0004896 seconds, Stopping threads took: 0.0004478 seconds
2024-10-03T11:22:05.903+0300: 498.497: Application time: 0.1509205 seconds
2024-10-03T11:22:05.919+0300: 498.502: Total time for which application threads were stopped: 0.0050070 seconds, Stopping threads took: 0.0049168 seconds
2024-10-03T11:22:05.950+0300: 498.538: Application time: 0.0360017 seconds
2024-10-03T11:22:05.950+0300: 498.538: Total time for which application threads were stopped: 0.0002950 seconds, Stopping threads took: 0.0002481 seconds
2024-10-03T11:22:05.966+0300: 498.561: Application time: 0.0229354 seconds
2024-10-03T11:22:05.981+0300: 498.564: Total time for which application threads were stopped: 0.0034807 seconds, Stopping threads took: 0.0034113 seconds
2024-10-03T11:22:06.986+0300: 499.569: Application time: 1.0041951 seconds
2024-10-03T11:22:07.033+0300: 499.616: Total time for which application threads were stopped: 0.0472016 seconds, Stopping threads took: 0.0470887 seconds
2024-10-03T11:22:09.450+0300: 502.041: Application time: 2.4247631 seconds
2024-10-03T11:22:09.497+0300: 502.080: [GC (Allocation Failure) 2024-10-03T11:22:09.497+0300: 502.080: [DefNew: 559828K->992K(629120K), 0.0009601 secs] 563832K->4999K(2027264K), 0.0010663 secs] [Times: user=0.00 sys=0.00, real=0.00 secs] 
2024-10-03T11:22:09.497+0300: 502.081: Total time for which application threads were stopped: 0.0402672 seconds, Stopping threads took: 0.0390855 seconds
2024-10-03T11:22:13.436+0300: 506.019: Application time: 3.9383913 seconds
2024-10-03T11:22:13.483+0300: 506.066: [GC (Allocation Failure) 2024-10-03T11:22:13.483+0300: 506.066: [DefNew: 560181K->602K(629120K), 0.0011787 secs] 564189K->4611K(2027264K), 0.0012893 secs] [Times: user=0.00 sys=0.00, real=0.00 secs] 
2024-10-03T11:22:13.483+0300: 506.068: Total time for which application threads were stopped: 0.0483235 seconds, Stopping threads took: 0.0468551 seconds
2024-10-03T11:22:17.380+0300: 509.965: Application time: 3.8976170 seconds
2024-10-03T11:22:17.438+0300: 510.021: [GC (Allocation Failure) 2024-10-03T11:22:17.438+0300: 510.021: [DefNew: 559781K->601K(629120K), 0.0010869 secs] 563790K->4613K(2027264K), 0.0011938 secs] [Times: user=0.00 sys=0.00, real=0.00 secs] 
2024-10-03T11:22:17.438+0300: 510.023: Total time for which application threads were stopped: 0.0574240 seconds, Stopping threads took: 0.0560581 seconds
2024-10-03T11:22:21.366+0300: 513.957: Application time: 3.9346607 seconds
2024-10-03T11:22:21.423+0300: 514.007: [GC (Allocation Failure) 2024-10-03T11:22:21.423+0300: 514.007: [DefNew: 559618K->601K(629120K), 0.0012176 secs] 563630K->4615K(2027264K), 0.0013259 secs] [Times: user=0.00 sys=0.00, real=0.00 secs] 
2024-10-03T11:22:21.423+0300: 514.008: Total time for which application threads were stopped: 0.0506018 seconds, Stopping threads took: 0.0491049 seconds
2024-10-03T11:22:25.349+0300: 517.939: Application time: 3.9307166 seconds
2024-10-03T11:22:25.396+0300: 517.979: [GC (Allocation Failure) 2024-10-03T11:22:25.396+0300: 517.979: [DefNew: 559757K->602K(629120K), 0.0011625 secs] 563770K->4618K(2027264K), 0.0012610 secs] [Times: user=0.00 sys=0.00, real=0.00 secs] 
2024-10-03T11:22:25.396+0300: 517.980: Total time for which application threads were stopped: 0.0417772 seconds, Stopping threads took: 0.0403692 seconds
2024-10-03T11:22:29.334+0300: 521.921: Application time: 3.9404012 seconds
2024-10-03T11:22:29.382+0300: 521.965: [GC (Allocation Failure) 2024-10-03T11:22:29.382+0300: 521.965: [DefNew: 559807K->211K(629120K), 0.0009681 secs] 563823K->4229K(2027264K), 0.0010652 secs] [Times: user=0.00 sys=0.00, real=0.00 secs] 
2024-10-03T11:22:29.382+0300: 521.966: Total time for which application threads were stopped: 0.0451905 seconds, Stopping threads took: 0.0439537 seconds
2024-10-03T11:22:33.289+0300: 525.877: Application time: 3.9108935 seconds
2024-10-03T11:22:33.336+0300: 525.919: [GC (Allocation Failure) 2024-10-03T11:22:33.336+0300: 525.919: [DefNew: 559443K->211K(629120K), 0.0009966 secs] 563461K->4231K(2027264K), 0.0011005 secs] [Times: user=0.00 sys=0.00, real=0.00 secs] 
2024-10-03T11:22:33.336+0300: 525.920: Total time for which application threads were stopped: 0.0435649 seconds, Stopping threads took: 0.0422983 seconds
2024-10-03T11:22:37.230+0300: 529.828: Application time: 3.9071085 seconds
2024-10-03T11:22:37.292+0300: 529.876: [GC (Allocation Failure) 2024-10-03T11:22:37.292+0300: 529.876: [DefNew: 559443K->1187K(629120K), 0.0012654 secs] 563463K->5210K(2027264K), 0.0013895 secs] [Times: user=0.00 sys=0.00, real=0.00 secs] 
2024-10-03T11:22:37.292+0300: 529.877: Total time for which application threads were stopped: 0.0494130 seconds, Stopping threads took: 0.0478502 seconds
2024-10-03T11:22:41.217+0300: 533.806: Application time: 3.9289641 seconds
2024-10-03T11:22:41.248+0300: 533.831: [GC (Allocation Failure) 2024-10-03T11:22:41.248+0300: 533.831: [DefNew: 560419K->210K(629120K), 0.0010404 secs] 564442K->4236K(2027264K), 0.0011536 secs] [Times: user=0.00 sys=0.00, real=0.00 secs] 
2024-10-03T11:22:41.248+0300: 533.832: Total time for which application threads were stopped: 0.0264731 seconds, Stopping threads took: 0.0251537 seconds
2024-10-03T11:22:45.139+0300: 537.736: Application time: 3.9034003 seconds
2024-10-03T11:22:45.202+0300: 537.785: [GC (Allocation Failure) 2024-10-03T11:22:45.202+0300: 537.785: [DefNew: 559433K->601K(629120K), 0.0011505 secs] 563459K->4629K(2027264K), 0.0012699 secs] [Times: user=0.00 sys=0.00, real=0.00 secs] 
2024-10-03T11:22:45.202+0300: 537.786: Total time for which application threads were stopped: 0.0504481 seconds, Stopping threads took: 0.0489957 seconds
2024-10-03T11:22:49.125+0300: 541.720: Application time: 3.9334356 seconds
2024-10-03T11:22:49.156+0300: 541.739: [GC (Allocation Failure) 2024-10-03T11:22:49.156+0300: 541.740: [DefNew: 559833K->210K(629120K), 0.0010292 secs] 563861K->4240K(2027264K), 0.0011305 secs] [Times: user=0.00 sys=0.00, real=0.00 secs] 
2024-10-03T11:22:49.156+0300: 541.741: Total time for which application threads were stopped: 0.0209154 seconds, Stopping threads took: 0.0196378 seconds
2024-10-03T11:22:53.064+0300: 545.649: Application time: 3.9084324 seconds
2024-10-03T11:22:53.111+0300: 545.694: [GC (Allocation Failure) 2024-10-03T11:22:53.111+0300: 545.694: [DefNew: 559172K->601K(629120K), 0.0011432 secs] 563202K->4633K(2027264K), 0.0012510 secs] [Times: user=0.00 sys=0.00, real=0.00 secs] 
2024-10-03T11:22:53.111+0300: 545.696: Total time for which application threads were stopped: 0.0464259 seconds, Stopping threads took: 0.0450037 seconds
2024-10-03T11:22:57.049+0300: 549.644: Application time: 3.9487957 seconds
2024-10-03T11:22:57.096+0300: 549.679: [GC (Allocation Failure) 2024-10-03T11:22:57.096+0300: 549.679: [DefNew: 559833K->1187K(629120K), 0.0009277 secs] 563865K->5221K(2027264K), 0.0010042 secs] [Times: user=0.00 sys=0.00, real=0.00 secs] 
2024-10-03T11:22:57.096+0300: 549.680: Total time for which application threads were stopped: 0.0357058 seconds, Stopping threads took: 0.0345772 seconds
2024-10-03T11:23:01.034+0300: 553.620: Application time: 3.9400408 seconds
2024-10-03T11:23:01.081+0300: 553.664: [GC (Allocation Failure) 2024-10-03T11:23:01.081+0300: 553.664: [DefNew: 560104K->601K(629120K), 0.0010099 secs] 564138K->4638K(2027264K), 0.0011155 secs] [Times: user=0.00 sys=0.00, real=0.00 secs] 
2024-10-03T11:23:01.081+0300: 553.666: Total time for which application threads were stopped: 0.0455095 seconds, Stopping threads took: 0.0442359 seconds
2024-10-03T11:23:05.004+0300: 557.593: Application time: 3.9273543 seconds
2024-10-03T11:23:05.052+0300: 557.635: [GC (Allocation Failure) 2024-10-03T11:23:05.052+0300: 557.635: [DefNew: 559833K->992K(629120K), 0.0010642 secs] 563870K->5031K(2027264K), 0.0011721 secs] [Times: user=0.00 sys=0.00, real=0.00 secs] 
2024-10-03T11:23:05.052+0300: 557.636: Total time for which application threads were stopped: 0.0435251 seconds, Stopping threads took: 0.0422005 seconds
2024-10-03T11:23:08.942+0300: 561.531: Application time: 3.8945845 seconds
2024-10-03T11:23:08.990+0300: 561.573: [GC (Allocation Failure) 2024-10-03T11:23:08.990+0300: 561.573: [DefNew: 560163K->986K(629120K), 0.0006820 secs] 564202K->5033K(2027264K), 0.0007613 secs] [Times: user=0.00 sys=0.00, real=0.00 secs] 
2024-10-03T11:23:08.990+0300: 561.574: Total time for which application threads were stopped: 0.0424586 seconds, Stopping threads took: 0.0415719 seconds
2024-10-03T11:23:12.912+0300: 565.501: Application time: 3.9278135 seconds
2024-10-03T11:23:12.944+0300: 565.527: [GC (Allocation Failure) 2024-10-03T11:23:12.944+0300: 565.527: [DefNew: 560105K->204K(629120K), 0.0008072 secs] 564153K->4254K(2027264K), 0.0008906 secs] [Times: user=0.00 sys=0.00, real=0.00 secs] 
2024-10-03T11:23:12.944+0300: 565.528: Total time for which application threads were stopped: 0.0263272 seconds, Stopping threads took: 0.0252971 seconds
2024-10-03T11:23:16.929+0300: 569.516: Application time: 3.9883952 seconds
2024-10-03T11:23:16.977+0300: 569.560: [GC (Allocation Failure) 2024-10-03T11:23:16.977+0300: 569.560: [DefNew: 559436K->986K(629120K), 0.0011321 secs] 563486K->5037K(2027264K), 0.0012387 secs] [Times: user=0.00 sys=0.00, real=0.00 secs] 
2024-10-03T11:23:16.977+0300: 569.561: Total time for which application threads were stopped: 0.0451430 seconds, Stopping threads took: 0.0437324 seconds
2024-10-03T11:23:20.874+0300: 573.464: Application time: 3.9024953 seconds
2024-10-03T11:23:20.932+0300: 573.516: [GC (Allocation Failure) 2024-10-03T11:23:20.932+0300: 573.516: [DefNew: 560218K->1181K(629120K), 0.0010769 secs] 564269K->5235K(2027264K), 0.0011864 secs] [Times: user=0.00 sys=0.00, real=0.00 secs] 
2024-10-03T11:23:20.932+0300: 573.517: Total time for which application threads were stopped: 0.0531746 seconds, Stopping threads took: 0.0518359 seconds
2024-10-03T11:23:24.825+0300: 577.419: Application time: 3.9020011 seconds
2024-10-03T11:23:24.888+0300: 577.471: [GC (Allocation Failure) 2024-10-03T11:23:24.888+0300: 577.471: [DefNew: 560351K->595K(629120K), 0.0009347 secs] 564405K->4651K(2027264K), 0.0010375 secs] [Times: user=0.00 sys=0.00, real=0.00 secs] 
2024-10-03T11:23:24.888+0300: 577.472: Total time for which application threads were stopped: 0.0534240 seconds, Stopping threads took: 0.0522399 seconds
2024-10-03T11:23:28.765+0300: 581.362: Application time: 3.8896158 seconds
2024-10-03T11:23:28.828+0300: 581.411: [GC (Allocation Failure) 2024-10-03T11:23:28.828+0300: 581.411: [DefNew: 559770K->1181K(629120K), 0.0012099 secs] 563827K->5240K(2027264K), 0.0013315 secs] [Times: user=0.00 sys=0.00, real=0.00 secs] 
2024-10-03T11:23:28.828+0300: 581.412: Total time for which application threads were stopped: 0.0502354 seconds, Stopping threads took: 0.0487269 seconds
2024-10-03T11:23:32.750+0300: 585.336: Application time: 3.9240761 seconds
2024-10-03T11:23:32.781+0300: 585.364: [GC (Allocation Failure) 2024-10-03T11:23:32.781+0300: 585.364: [DefNew: 560176K->595K(629120K), 0.0011031 secs] 564234K->4656K(2027264K), 0.0011993 secs] [Times: user=0.00 sys=0.00, real=0.00 secs] 
2024-10-03T11:23:32.781+0300: 585.366: Total time for which application threads were stopped: 0.0292639 seconds, Stopping threads took: 0.0279003 seconds
2024-10-03T11:23:36.705+0300: 589.295: Application time: 3.9293079 seconds
2024-10-03T11:23:36.736+0300: 589.320: [GC (Allocation Failure) 2024-10-03T11:23:36.736+0300: 589.320: [DefNew: 559775K->1181K(629120K), 0.0012213 secs] 563836K->5244K(2027264K), 0.0013335 secs] [Times: user=0.00 sys=0.00, real=0.00 secs] 
2024-10-03T11:23:36.736+0300: 589.321: Total time for which application threads were stopped: 0.0262406 seconds, Stopping threads took: 0.0247570 seconds
2024-10-03T11:23:40.658+0300: 593.246: Application time: 3.9248424 seconds
2024-10-03T11:23:40.689+0300: 593.272: [GC (Allocation Failure) 2024-10-03T11:23:40.689+0300: 593.272: [DefNew: 560280K->205K(629120K), 0.0009296 secs] 564343K->4270K(2027264K), 0.0010233 secs] [Times: user=0.00 sys=0.00, real=0.00 secs] 
2024-10-03T11:23:40.689+0300: 593.273: Total time for which application threads were stopped: 0.0274207 seconds, Stopping threads took: 0.0262294 seconds
2024-10-03T11:23:44.617+0300: 597.205: Application time: 3.9316389 seconds
2024-10-03T11:23:44.676+0300: 597.259: [GC (Allocation Failure) 2024-10-03T11:23:44.676+0300: 597.259: [DefNew: 559263K->204K(629120K), 0.0009326 secs] 563328K->4272K(2027264K), 0.0010359 secs] [Times: user=0.00 sys=0.00, real=0.00 secs] 
2024-10-03T11:23:44.676+0300: 597.260: Total time for which application threads were stopped: 0.0551940 seconds, Stopping threads took: 0.0539806 seconds
2024-10-03T11:23:46.685+0300: 599.268: Application time: 2.0075439 seconds
2024-10-03T11:23:46.733+0300: 599.316: Total time for which application threads were stopped: 0.0481168 seconds, Stopping threads took: 0.0479755 seconds
2024-10-03T11:23:48.600+0300: 601.187: Application time: 1.8715479 seconds
2024-10-03T11:23:48.647+0300: 601.230: [GC (Allocation Failure) 2024-10-03T11:23:48.647+0300: 601.230: [DefNew: 559368K->596K(629120K), 0.0011940 secs] 563435K->4666K(2027264K), 0.0013072 secs] [Times: user=0.00 sys=0.00, real=0.00 secs] 
2024-10-03T11:23:48.647+0300: 601.232: Total time for which application threads were stopped: 0.0443602 seconds, Stopping threads took: 0.0428738 seconds
2024-10-03T11:23:52.570+0300: 605.164: Application time: 3.9321485 seconds
2024-10-03T11:23:52.601+0300: 605.184: [GC (Allocation Failure) 2024-10-03T11:23:52.601+0300: 605.184: [DefNew: 559828K->206K(629120K), 0.0010315 secs] 563898K->4278K(2027264K), 0.0011293 secs] [Times: user=0.00 sys=0.00, real=0.00 secs] 
2024-10-03T11:23:52.601+0300: 605.186: Total time for which application threads were stopped: 0.0217116 seconds, Stopping threads took: 0.0204071 seconds
2024-10-03T11:23:56.494+0300: 609.079: Application time: 3.8936136 seconds
2024-10-03T11:23:56.541+0300: 609.124: [GC (Allocation Failure) 2024-10-03T11:23:56.541+0300: 609.124: [DefNew: 559438K->596K(629120K), 0.0010335 secs] 563510K->4670K(2027264K), 0.0011392 secs] [Times: user=0.00 sys=0.00, real=0.00 secs] 
2024-10-03T11:23:56.541+0300: 609.125: Total time for which application threads were stopped: 0.0459837 seconds, Stopping threads took: 0.0446674 seconds
2024-10-03T11:23:59.554+0300: 612.137: Application time: 3.0119189 seconds
2024-10-03T11:23:59.585+0300: 612.169: Total time for which application threads were stopped: 0.0315130 seconds, Stopping threads took: 0.0314090 seconds
2024-10-03T11:24:00.464+0300: 613.060: Application time: 0.8911372 seconds
2024-10-03T11:24:00.527+0300: 613.110: [GC (Allocation Failure) 2024-10-03T11:24:00.527+0300: 613.110: [DefNew: 559828K->987K(629120K), 0.0009002 secs] 563902K->5064K(2027264K), 0.0010027 secs] [Times: user=0.00 sys=0.00, real=0.00 secs] 
2024-10-03T11:24:00.527+0300: 613.111: Total time for which application threads were stopped: 0.0511399 seconds, Stopping threads took: 0.0499782 seconds
2024-10-03T11:24:04.435+0300: 617.029: Application time: 3.9179660 seconds
2024-10-03T11:24:04.497+0300: 617.081: [GC (Allocation Failure) 2024-10-03T11:24:04.497+0300: 617.081: [DefNew: 560219K->206K(629120K), 0.0007872 secs] 564296K->4285K(2027264K), 0.0008378 secs] [Times: user=0.00 sys=0.00, real=0.00 secs] 
2024-10-03T11:24:04.497+0300: 617.081: Total time for which application threads were stopped: 0.0524919 seconds, Stopping threads took: 0.0515378 seconds
2024-10-03T11:24:08.421+0300: 621.010: Application time: 3.9285958 seconds
2024-10-03T11:24:08.468+0300: 621.051: [GC (Allocation Failure) 2024-10-03T11:24:08.468+0300: 621.051: [DefNew: 559256K->596K(629120K), 0.0011900 secs] 563335K->4678K(2027264K), 0.0012948 secs] [Times: user=0.00 sys=0.00, real=0.00 secs] 
2024-10-03T11:24:08.468+0300: 621.053: Total time for which application threads were stopped: 0.0425793 seconds, Stopping threads took: 0.0411068 seconds
2024-10-03T11:24:12.369+0300: 624.952: Application time: 3.8994740 seconds
2024-10-03T11:24:12.422+0300: 625.005: [GC (Allocation Failure) 2024-10-03T11:24:12.422+0300: 625.005: [DefNew: 559828K->1182K(629120K), 0.0012356 secs] 563910K->5266K(2027264K), 0.0013527 secs] [Times: user=0.00 sys=0.00, real=0.00 secs] 
2024-10-03T11:24:12.422+0300: 625.007: Total time for which application threads were stopped: 0.0545454 seconds, Stopping threads took: 0.0530283 seconds
2024-10-03T11:24:16.312+0300: 628.903: Application time: 3.8968561 seconds
2024-10-03T11:24:16.375+0300: 628.958: [GC (Allocation Failure) 2024-10-03T11:24:16.375+0300: 628.958: [DefNew: 560414K->987K(629120K), 0.0011210 secs] 564498K->5073K(2027264K), 0.0012421 secs] [Times: user=0.00 sys=0.00, real=0.00 secs] 
2024-10-03T11:24:16.375+0300: 628.959: Total time for which application threads were stopped: 0.0556299 seconds, Stopping threads took: 0.0542298 seconds
2024-10-03T11:24:20.298+0300: 632.885: Application time: 3.9257236 seconds
2024-10-03T11:24:20.330+0300: 632.913: [GC (Allocation Failure) 2024-10-03T11:24:20.330+0300: 632.913: [DefNew: 560219K->206K(629120K), 0.0008528 secs] 564305K->4294K(2027264K), 0.0009523 secs] [Times: user=0.00 sys=0.00, real=0.00 secs] 
2024-10-03T11:24:20.330+0300: 632.914: Total time for which application threads were stopped: 0.0289728 seconds, Stopping threads took: 0.0278721 seconds
2024-10-03T11:24:24.222+0300: 636.812: Application time: 3.8985526 seconds
2024-10-03T11:24:24.284+0300: 636.867: [GC (Allocation Failure) 2024-10-03T11:24:24.284+0300: 636.867: [DefNew: 559438K->1182K(629120K), 0.0012508 secs] 563526K->5273K(2027264K), 0.0013655 secs] [Times: user=0.00 sys=0.00, real=0.00 secs] 
2024-10-03T11:24:24.284+0300: 636.869: Total time for which application threads were stopped: 0.0562945 seconds, Stopping threads took: 0.0547531 seconds
2024-10-03T11:24:28.224+0300: 640.819: Application time: 3.9503356 seconds
2024-10-03T11:24:28.270+0300: 640.854: [GC (Allocation Failure) 2024-10-03T11:24:28.270+0300: 640.854: [DefNew: 560414K->987K(629120K), 0.0011836 secs] 564505K->5079K(2027264K), 0.0012917 secs] [Times: user=0.00 sys=0.00, real=0.00 secs] 
2024-10-03T11:24:28.270+0300: 640.855: Total time for which application threads were stopped: 0.0360544 seconds, Stopping threads took: 0.0345905 seconds
2024-10-03T11:24:32.194+0300: 644.783: Application time: 3.9277741 seconds
2024-10-03T11:24:32.241+0300: 644.825: [GC (Allocation Failure) 2024-10-03T11:24:32.241+0300: 644.825: [DefNew: 560219K->987K(629120K), 0.0012157 secs] 564311K->5082K(2027264K), 0.0013284 secs] [Times: user=0.00 sys=0.00, real=0.00 secs] 
2024-10-03T11:24:32.241+0300: 644.826: Total time for which application threads were stopped: 0.0431066 seconds, Stopping threads took: 0.0416035 seconds
2024-10-03T11:24:36.171+0300: 648.755: Application time: 3.9286388 seconds
2024-10-03T11:24:36.212+0300: 648.795: [GC (Allocation Failure) 2024-10-03T11:24:36.212+0300: 648.796: [DefNew: 559930K->597K(629120K), 0.0010130 secs] 564025K->4694K(2027264K), 0.0011149 secs] [Times: user=0.00 sys=0.00, real=0.00 secs] 
2024-10-03T11:24:36.212+0300: 648.797: Total time for which application threads were stopped: 0.0419933 seconds, Stopping threads took: 0.0407336 seconds
2024-10-03T11:24:40.104+0300: 652.689: Application time: 3.8925668 seconds
2024-10-03T11:24:40.151+0300: 652.734: [GC (Allocation Failure) 2024-10-03T11:24:40.151+0300: 652.734: [DefNew: 559767K->401K(629120K), 0.0010587 secs] 563864K->4501K(2027264K), 0.0011590 secs] [Times: user=0.00 sys=0.00, real=0.00 secs] 
2024-10-03T11:24:40.151+0300: 652.735: Total time for which application threads were stopped: 0.0461089 seconds, Stopping threads took: 0.0447907 seconds
2024-10-03T11:24:44.043+0300: 656.626: Application time: 3.8911646 seconds
2024-10-03T11:24:44.090+0300: 656.673: [GC (Allocation Failure) 2024-10-03T11:24:44.090+0300: 656.673: [DefNew: 559524K->597K(629120K), 0.0010474 secs] 563623K->4698K(2027264K), 0.0011537 secs] [Times: user=0.00 sys=0.00, real=0.00 secs] 
2024-10-03T11:24:44.090+0300: 656.674: Total time for which application threads were stopped: 0.0479178 seconds, Stopping threads took: 0.0465959 seconds
2024-10-03T11:24:47.997+0300: 660.583: Application time: 3.9086589 seconds
2024-10-03T11:24:48.044+0300: 660.628: [GC (Allocation Failure) 2024-10-03T11:24:48.044+0300: 660.628: [DefNew: 559565K->596K(629120K), 0.0011070 secs] 563666K->4701K(2027264K), 0.0012140 secs] [Times: user=0.00 sys=0.00, real=0.00 secs] 
2024-10-03T11:24:48.044+0300: 660.629: Total time for which application threads were stopped: 0.0457958 seconds, Stopping threads took: 0.0444157 seconds
2024-10-03T11:24:51.965+0300: 664.562: Application time: 3.9329919 seconds
2024-10-03T11:24:51.997+0300: 664.580: [GC (Allocation Failure) 2024-10-03T11:24:51.997+0300: 664.580: [DefNew: 559824K->205K(629120K), 0.0010238 secs] 563929K->4312K(2027264K), 0.0011197 secs] [Times: user=0.00 sys=0.00, real=0.00 secs] 
2024-10-03T11:24:51.997+0300: 664.581: Total time for which application threads were stopped: 0.0191931 seconds, Stopping threads took: 0.0179378 seconds
2024-10-03T11:24:55.888+0300: 668.482: Application time: 3.9006964 seconds
2024-10-03T11:24:55.951+0300: 668.534: [GC (Allocation Failure) 2024-10-03T11:24:55.951+0300: 668.534: [DefNew: 559300K->401K(629120K), 0.0010787 secs] 563408K->4510K(2027264K), 0.0011856 secs] [Times: user=0.00 sys=0.00, real=0.00 secs] 
2024-10-03T11:24:55.951+0300: 668.535: Total time for which application threads were stopped: 0.0532961 seconds, Stopping threads took: 0.0519447 seconds
2024-10-03T11:24:59.843+0300: 672.438: Application time: 3.9026439 seconds
2024-10-03T11:24:59.906+0300: 672.489: [GC (Allocation Failure) 2024-10-03T11:24:59.906+0300: 672.489: [DefNew: 559512K->986K(629120K), 0.0010554 secs] 563621K->5098K(2027264K), 0.0011641 secs] [Times: user=0.00 sys=0.00, real=0.00 secs] 
2024-10-03T11:24:59.906+0300: 672.490: Total time for which application threads were stopped: 0.0522935 seconds, Stopping threads took: 0.0509782 seconds
2024-10-03T11:25:03.799+0300: 676.393: Application time: 3.9034387 seconds
2024-10-03T11:25:03.862+0300: 676.445: [GC (Allocation Failure) 2024-10-03T11:25:03.862+0300: 676.445: [DefNew: 560218K->596K(629120K), 0.0011666 secs] 564330K->4710K(2027264K), 0.0012767 secs] [Times: user=0.00 sys=0.00, real=0.00 secs] 
2024-10-03T11:25:03.862+0300: 676.446: Total time for which application threads were stopped: 0.0528299 seconds, Stopping threads took: 0.0513832 seconds
2024-10-03T11:25:07.785+0300: 680.376: Application time: 3.9301142 seconds
2024-10-03T11:25:07.832+0300: 680.415: [GC (Allocation Failure) 2024-10-03T11:25:07.832+0300: 680.415: [DefNew: 559828K->205K(629120K), 0.0008013 secs] 563942K->4322K(2027264K), 0.0008689 secs] [Times: user=0.00 sys=0.00, real=0.00 secs] 
2024-10-03T11:25:07.832+0300: 680.416: Total time for which application threads were stopped: 0.0394273 seconds, Stopping threads took: 0.0384114 seconds
2024-10-03T11:25:11.738+0300: 684.335: Application time: 3.9191722 seconds
2024-10-03T11:25:11.801+0300: 684.384: [GC (Allocation Failure) 2024-10-03T11:25:11.801+0300: 684.384: [DefNew: 559295K->400K(629120K), 0.0004788 secs] 563412K->4519K(2027264K), 0.0005301 secs] [Times: user=0.00 sys=0.00, real=0.00 secs] 
2024-10-03T11:25:11.801+0300: 684.384: Total time for which application threads were stopped: 0.0492973 seconds, Stopping threads took: 0.0486899 seconds
2024-10-03T11:25:15.740+0300: 688.327: Application time: 3.9426322 seconds
2024-10-03T11:25:15.787+0300: 688.370: [GC (Allocation Failure) 2024-10-03T11:25:15.787+0300: 688.370: [DefNew: 559612K->401K(629120K), 0.0010824 secs] 563730K->4522K(2027264K), 0.0011890 secs] [Times: user=0.00 sys=0.00, real=0.00 secs] 
2024-10-03T11:25:15.787+0300: 688.371: Total time for which application threads were stopped: 0.0445229 seconds, Stopping threads took: 0.0431682 seconds
2024-10-03T11:25:19.678+0300: 692.271: Application time: 3.8995900 seconds
2024-10-03T11:25:19.741+0300: 692.324: [GC (Allocation Failure) 2024-10-03T11:25:19.741+0300: 692.324: [DefNew: 559325K->596K(629120K), 0.0010827 secs] 563446K->4719K(2027264K), 0.0011888 secs] [Times: user=0.00 sys=0.00, real=0.00 secs] 
2024-10-03T11:25:19.741+0300: 692.325: Total time for which application threads were stopped: 0.0543723 seconds, Stopping threads took: 0.0530165 seconds
2024-10-03T11:25:23.648+0300: 696.245: Application time: 3.9195782 seconds
2024-10-03T11:25:23.695+0300: 696.278: [GC (Allocation Failure) 2024-10-03T11:25:23.695+0300: 696.279: [DefNew: 559759K->1182K(629120K), 0.0012150 secs] 563883K->5307K(2027264K), 0.0013268 secs] [Times: user=0.00 sys=0.00, real=0.00 secs] 
2024-10-03T11:25:23.695+0300: 696.280: Total time for which application threads were stopped: 0.0349161 seconds, Stopping threads took: 0.0334247 seconds
2024-10-03T11:25:27.619+0300: 700.212: Application time: 3.9321669 seconds
2024-10-03T11:25:27.650+0300: 700.233: [GC (Allocation Failure) 2024-10-03T11:25:27.650+0300: 700.233: [DefNew: 560409K->1182K(629120K), 0.0008305 secs] 564534K->5310K(2027264K), 0.0009195 secs] [Times: user=0.00 sys=0.00, real=0.00 secs] 
2024-10-03T11:25:27.650+0300: 700.234: Total time for which application threads were stopped: 0.0222786 seconds, Stopping threads took: 0.0212364 seconds
2024-10-03T11:25:31.575+0300: 704.168: Application time: 3.9340353 seconds
2024-10-03T11:25:31.606+0300: 704.190: [GC (Allocation Failure) 2024-10-03T11:25:31.606+0300: 704.190: [DefNew: 560382K->400K(629120K), 0.0009999 secs] 564510K->4531K(2027264K), 0.0011029 secs] [Times: user=0.00 sys=0.00, real=0.00 secs] 
2024-10-03T11:25:31.606+0300: 704.191: Total time for which application threads were stopped: 0.0223397 seconds, Stopping threads took: 0.0210757 seconds
2024-10-03T11:25:35.496+0300: 708.087: Application time: 3.8963026 seconds
2024-10-03T11:25:35.559+0300: 708.143: [GC (Allocation Failure) 2024-10-03T11:25:35.559+0300: 708.143: [DefNew: 559632K->986K(629120K), 0.0011770 secs] 563763K->5119K(2027264K), 0.0012891 secs] [Times: user=0.00 sys=0.00, real=0.00 secs] 
2024-10-03T11:25:35.559+0300: 708.144: Total time for which application threads were stopped: 0.0572762 seconds, Stopping threads took: 0.0558158 seconds
2024-10-03T11:25:39.451+0300: 712.041: Application time: 3.8969532 seconds
2024-10-03T11:25:39.513+0300: 712.097: [GC (Allocation Failure) 2024-10-03T11:25:39.513+0300: 712.097: [DefNew: 560218K->205K(629120K), 0.0010121 secs] 564351K->4340K(2027264K), 0.0011151 secs] [Times: user=0.00 sys=0.00, real=0.00 secs] 
2024-10-03T11:25:39.513+0300: 712.098: Total time for which application threads were stopped: 0.0564653 seconds, Stopping threads took: 0.0551836 seconds
2024-10-03T11:25:43.438+0300: 716.026: Application time: 3.9278068 seconds
2024-10-03T11:25:43.470+0300: 716.053: [GC (Allocation Failure) 2024-10-03T11:25:43.470+0300: 716.053: [DefNew: 559325K->986K(629120K), 0.0011986 secs] 563460K->5123K(2027264K), 0.0013183 secs] [Times: user=0.00 sys=0.00, real=0.00 secs] 
2024-10-03T11:25:43.470+0300: 716.054: Total time for which application threads were stopped: 0.0288082 seconds, Stopping threads took: 0.0273253 seconds
2024-10-03T11:25:47.361+0300: 719.956: Application time: 3.9012348 seconds
2024-10-03T11:25:47.423+0300: 720.006: [GC (Allocation Failure) 2024-10-03T11:25:47.423+0300: 720.006: [DefNew: 560130K->1377K(629120K), 0.0009162 secs] 564267K->5516K(2027264K), 0.0009984 secs] [Times: user=0.00 sys=0.00, real=0.00 secs] 
2024-10-03T11:25:47.423+0300: 720.007: Total time for which application threads were stopped: 0.0517055 seconds, Stopping threads took: 0.0505552 seconds
2024-10-03T11:25:51.317+0300: 723.905: Application time: 3.8976222 seconds
2024-10-03T11:25:51.380+0300: 723.963: [GC (Allocation Failure) 2024-10-03T11:25:51.380+0300: 723.963: [DefNew: 560490K->400K(629120K), 0.0007008 secs] 564630K->4542K(2027264K), 0.0007720 secs] [Times: user=0.00 sys=0.00, real=0.00 secs] 
2024-10-03T11:25:51.380+0300: 723.964: Total time for which application threads were stopped: 0.0591403 seconds, Stopping threads took: 0.0582375 seconds
2024-10-03T11:25:55.288+0300: 727.871: Application time: 3.9071329 seconds
2024-10-03T11:25:55.335+0300: 727.918: [GC (Allocation Failure) 2024-10-03T11:25:55.335+0300: 727.918: [DefNew: 559595K->1181K(629120K), 0.0005710 secs] 563737K->5325K(2027264K), 0.0006223 secs] [Times: user=0.00 sys=0.00, real=0.00 secs] 
2024-10-03T11:25:55.335+0300: 727.919: Total time for which application threads were stopped: 0.0474693 seconds, Stopping threads took: 0.0467593 seconds
2024-10-03T11:25:59.258+0300: 731.853: Application time: 3.9341947 seconds
2024-10-03T11:25:59.321+0300: 731.904: [GC (Allocation Failure) 2024-10-03T11:25:59.321+0300: 731.904: [DefNew: 560403K->400K(629120K), 0.0010438 secs] 564548K->4547K(2027264K), 0.0011595 secs] [Times: user=0.00 sys=0.00, real=0.00 secs] 
2024-10-03T11:25:59.321+0300: 731.905: Total time for which application threads were stopped: 0.0522456 seconds, Stopping threads took: 0.0509233 seconds
2024-10-03T11:26:03.211+0300: 735.795: Application time: 3.8902716 seconds
2024-10-03T11:26:03.258+0300: 735.842: [GC (Allocation Failure) 2024-10-03T11:26:03.258+0300: 735.842: [DefNew: 559632K->1181K(629120K), 0.0011327 secs] 563779K->5330K(2027264K), 0.0012451 secs] [Times: user=0.00 sys=0.00, real=0.00 secs] 
2024-10-03T11:26:03.258+0300: 735.843: Total time for which application threads were stopped: 0.0474639 seconds, Stopping threads took: 0.0460583 seconds
2024-10-03T11:26:06.602+0300: 739.191: Application time: 3.3478384 seconds
2024-10-03T11:26:06.665+0300: 739.248: Total time for which application threads were stopped: 0.0576018 seconds, Stopping threads took: 0.0574896 seconds
2024-10-03T11:26:06.869+0300: 739.454: Application time: 0.2061656 seconds
2024-10-03T11:26:06.916+0300: 739.500: Total time for which application threads were stopped: 0.0451018 seconds, Stopping threads took: 0.0449893 seconds
2024-10-03T11:26:07.189+0300: 739.775: Application time: 0.2754529 seconds
2024-10-03T11:26:07.230+0300: 739.813: Total time for which application threads were stopped: 0.0378048 seconds, Stopping threads took: 0.0377096 seconds
2024-10-03T11:26:07.261+0300: 739.850: Application time: 0.0372069 seconds
2024-10-03T11:26:07.261+0300: 739.850: Total time for which application threads were stopped: 0.0003215 seconds, Stopping threads took: 0.0002755 seconds
2024-10-03T11:26:07.324+0300: 739.912: Application time: 0.0614670 seconds
2024-10-03T11:26:07.324+0300: 739.912: Total time for which application threads were stopped: 0.0004658 seconds, Stopping threads took: 0.0004421 seconds
2024-10-03T11:26:07.355+0300: 739.940: Application time: 0.0275536 seconds
2024-10-03T11:26:07.386+0300: 739.970: [GC (Allocation Failure) 2024-10-03T11:26:07.386+0300: 739.970: [DefNew: 560413K->209K(629120K), 0.0010554 secs] 564562K->4360K(2027264K), 0.0011594 secs] [Times: user=0.00 sys=0.00, real=0.00 secs] 
2024-10-03T11:26:07.386+0300: 739.971: Total time for which application threads were stopped: 0.0310539 seconds, Stopping threads took: 0.0297277 seconds
2024-10-03T11:26:11.311+0300: 743.899: Application time: 3.9280434 seconds
2024-10-03T11:26:11.358+0300: 743.941: [GC (Allocation Failure) 2024-10-03T11:26:11.358+0300: 743.941: [DefNew: 559288K->406K(629120K), 0.0007894 secs] 563439K->4559K(2027264K), 0.0008886 secs] [Times: user=0.00 sys=0.00, real=0.00 secs] 
2024-10-03T11:26:11.358+0300: 743.942: Total time for which application threads were stopped: 0.0426805 seconds, Stopping threads took: 0.0416497 seconds
2024-10-03T11:26:15.303+0300: 747.894: Application time: 3.9525605 seconds
2024-10-03T11:26:15.344+0300: 747.928: [GC (Allocation Failure) 2024-10-03T11:26:15.344+0300: 747.928: [DefNew: 559574K->991K(629120K), 0.0005760 secs] 563727K->5147K(2027264K), 0.0006337 secs] [Times: user=0.00 sys=0.00, real=0.00 secs] 
2024-10-03T11:26:15.344+0300: 747.929: Total time for which application threads were stopped: 0.0344228 seconds, Stopping threads took: 0.0337006 seconds
2024-10-03T11:26:19.238+0300: 751.836: Application time: 3.9070649 seconds
2024-10-03T11:26:19.300+0300: 751.883: [GC (Allocation Failure) 2024-10-03T11:26:19.300+0300: 751.884: [DefNew: 559855K->601K(629120K), 0.0006548 secs] 564011K->4759K(2027264K), 0.0007155 secs] [Times: user=0.00 sys=0.00, real=0.00 secs] 
2024-10-03T11:26:19.300+0300: 751.884: Total time for which application threads were stopped: 0.0485206 seconds, Stopping threads took: 0.0477046 seconds
2024-10-03T11:26:23.445+0300: 756.032: Application time: 4.1478775 seconds
2024-10-03T11:26:23.492+0300: 756.075: [GC (Allocation Failure) 2024-10-03T11:26:23.492+0300: 756.075: [DefNew: 559714K->991K(629120K), 0.0005839 secs] 563872K->5152K(2027264K), 0.0006346 secs] [Times: user=0.00 sys=0.00, real=0.00 secs] 
2024-10-03T11:26:23.492+0300: 756.076: Total time for which application threads were stopped: 0.0435394 seconds, Stopping threads took: 0.0428077 seconds
2024-10-03T11:26:27.425+0300: 760.015: Application time: 3.9396044 seconds
2024-10-03T11:26:27.472+0300: 760.055: [GC (Allocation Failure) 2024-10-03T11:26:27.472+0300: 760.056: [DefNew: 560223K->210K(629120K), 0.0010275 secs] 564384K->4373K(2027264K), 0.0011347 secs] [Times: user=0.00 sys=0.00, real=0.00 secs] 
2024-10-03T11:26:27.472+0300: 760.057: Total time for which application threads were stopped: 0.0413368 seconds, Stopping threads took: 0.0400314 seconds
2024-10-03T11:26:31.414+0300: 764.001: Application time: 3.9439150 seconds
2024-10-03T11:26:31.446+0300: 764.029: [GC (Allocation Failure) 2024-10-03T11:26:31.446+0300: 764.029: [DefNew: 559419K->1187K(629120K), 0.0010999 secs] 563582K->5352K(2027264K), 0.0011916 secs] [Times: user=0.00 sys=0.00, real=0.00 secs] 
2024-10-03T11:26:31.446+0300: 764.030: Total time for which application threads were stopped: 0.0293839 seconds, Stopping threads took: 0.0280536 seconds
2024-10-03T11:26:35.351+0300: 767.935: Application time: 3.9047388 seconds
2024-10-03T11:26:35.398+0300: 767.981: [GC (Allocation Failure) 2024-10-03T11:26:35.398+0300: 767.982: [DefNew: 560291K->406K(629120K), 0.0009815 secs] 564456K->4573K(2027264K), 0.0010869 secs] [Times: user=0.00 sys=0.00, real=0.00 secs] 
2024-10-03T11:26:35.398+0300: 767.983: Total time for which application threads were stopped: 0.0479074 seconds, Stopping threads took: 0.0466523 seconds
2024-10-03T11:26:39.291+0300: 771.878: Application time: 3.8957970 seconds
2024-10-03T11:26:39.338+0300: 771.921: [GC (Allocation Failure) 2024-10-03T11:26:39.338+0300: 771.921: [DefNew: 559603K->601K(629120K), 0.0011076 secs] 563770K->4770K(2027264K), 0.0012247 secs] [Times: user=0.00 sys=0.00, real=0.00 secs] 
2024-10-03T11:26:39.338+0300: 771.922: Total time for which application threads were stopped: 0.0437937 seconds, Stopping threads took: 0.0423982 seconds
2024-10-03T11:26:43.260+0300: 775.851: Application time: 3.9283960 seconds
2024-10-03T11:26:43.307+0300: 775.890: [GC (Allocation Failure) 2024-10-03T11:26:43.307+0300: 775.891: [DefNew: 559827K->1187K(629120K), 0.0012761 secs] 563996K->5358K(2027264K), 0.0014006 secs] [Times: user=0.00 sys=0.00, real=0.00 secs] 
2024-10-03T11:26:43.307+0300: 775.892: Total time for which application threads were stopped: 0.0413439 seconds, Stopping threads took: 0.0397556 seconds
2024-10-03T11:26:47.230+0300: 779.822: Application time: 3.9304768 seconds
2024-10-03T11:26:47.292+0300: 779.875: [GC (Allocation Failure) 2024-10-03T11:26:47.292+0300: 779.875: [DefNew: 560361K->601K(629120K), 0.0010623 secs] 564532K->4775K(2027264K), 0.0011723 secs] [Times: user=0.00 sys=0.00, real=0.00 secs] 
2024-10-03T11:26:47.292+0300: 779.877: Total time for which application threads were stopped: 0.0541790 seconds, Stopping threads took: 0.0528363 seconds
2024-10-03T11:26:51.215+0300: 783.802: Application time: 3.9254434 seconds
2024-10-03T11:26:51.262+0300: 783.845: [GC (Allocation Failure) 2024-10-03T11:26:51.262+0300: 783.845: [DefNew: 559737K->601K(629120K), 0.0010707 secs] 563911K->4777K(2027264K), 0.0011805 secs] [Times: user=0.00 sys=0.00, real=0.00 secs] 
2024-10-03T11:26:51.262+0300: 783.846: Total time for which application threads were stopped: 0.0443452 seconds, Stopping threads took: 0.0430008 seconds
2024-10-03T11:26:55.185+0300: 787.780: Application time: 3.9337246 seconds
2024-10-03T11:26:55.248+0300: 787.831: [GC (Allocation Failure) 2024-10-03T11:26:55.248+0300: 787.831: [DefNew: 559717K->991K(629120K), 0.0012306 secs] 563893K->5170K(2027264K), 0.0013378 secs] [Times: user=0.00 sys=0.00, real=0.00 secs] 
2024-10-03T11:26:55.248+0300: 787.832: Total time for which application threads were stopped: 0.0523825 seconds, Stopping threads took: 0.0508708 seconds
2024-10-03T11:26:59.140+0300: 791.725: Application time: 3.8926044 seconds
2024-10-03T11:26:59.187+0300: 791.770: [GC (Allocation Failure) 2024-10-03T11:26:59.187+0300: 791.771: [DefNew: 560223K->210K(629120K), 0.0009841 secs] 564402K->4391K(2027264K), 0.0010943 secs] [Times: user=0.00 sys=0.00, real=0.00 secs] 
2024-10-03T11:26:59.187+0300: 791.772: Total time for which application threads were stopped: 0.0464920 seconds, Stopping threads took: 0.0452323 seconds
2024-10-03T11:27:03.108+0300: 795.695: Application time: 3.9234256 seconds
2024-10-03T11:27:03.139+0300: 795.723: [GC (Allocation Failure) 2024-10-03T11:27:03.139+0300: 795.723: [DefNew: 559327K->210K(629120K), 0.0010910 secs] 563507K->4393K(2027264K), 0.0011957 secs] [Times: user=0.00 sys=0.00, real=0.00 secs] 
2024-10-03T11:27:03.139+0300: 795.724: Total time for which application threads were stopped: 0.0287814 seconds, Stopping threads took: 0.0274202 seconds
2024-10-03T11:27:07.060+0300: 799.658: Application time: 3.9337961 seconds
2024-10-03T11:27:07.123+0300: 799.706: [GC (Allocation Failure) 2024-10-03T11:27:07.123+0300: 799.707: [DefNew: 559429K->401K(629120K), 0.0010259 secs] 563612K->4591K(2027264K), 0.0011242 secs] [Times: user=0.00 sys=0.00, real=0.00 secs] 
2024-10-03T11:27:07.123+0300: 799.708: Total time for which application threads were stopped: 0.0500199 seconds, Stopping threads took: 0.0487402 seconds
2024-10-03T11:27:11.031+0300: 803.625: Application time: 3.9171295 seconds
2024-10-03T11:27:11.062+0300: 803.645: [GC (Allocation Failure) 2024-10-03T11:27:11.062+0300: 803.645: [DefNew: 559633K->595K(629120K), 0.0010893 secs] 563823K->4788K(2027264K), 0.0011855 secs] [Times: user=0.00 sys=0.00, real=0.00 secs] 
2024-10-03T11:27:11.062+0300: 803.646: Total time for which application threads were stopped: 0.0214624 seconds, Stopping threads took: 0.0201129 seconds
2024-10-03T11:27:14.955+0300: 807.545: Application time: 3.8987719 seconds
2024-10-03T11:27:15.018+0300: 807.601: [GC (Allocation Failure) 2024-10-03T11:27:15.018+0300: 807.601: [DefNew: 559827K->205K(629120K), 0.0006358 secs] 564020K->4400K(2027264K), 0.0007014 secs] [Times: user=0.00 sys=0.00, real=0.00 secs] 
2024-10-03T11:27:15.018+0300: 807.602: Total time for which application threads were stopped: 0.0566171 seconds, Stopping threads took: 0.0557887 seconds
2024-10-03T11:27:18.894+0300: 811.490: Application time: 3.8885679 seconds
2024-10-03T11:27:18.957+0300: 811.540: [GC (Allocation Failure) 2024-10-03T11:27:18.957+0300: 811.540: [DefNew: 559241K->595K(629120K), 0.0011083 secs] 563436K->4793K(2027264K), 0.0012120 secs] [Times: user=0.00 sys=0.00, real=0.00 secs] 
2024-10-03T11:27:18.957+0300: 811.541: Total time for which application threads were stopped: 0.0510464 seconds, Stopping threads took: 0.0496882 seconds
2024-10-03T11:27:22.880+0300: 815.473: Application time: 3.9316983 seconds
2024-10-03T11:27:22.943+0300: 815.526: [GC (Allocation Failure) 2024-10-03T11:27:22.943+0300: 815.526: [DefNew: 559744K->400K(629120K), 0.0004908 secs] 563942K->4600K(2027264K), 0.0005468 secs] [Times: user=0.00 sys=0.00, real=0.00 secs] 
2024-10-03T11:27:22.943+0300: 815.526: Total time for which application threads were stopped: 0.0532646 seconds, Stopping threads took: 0.0526297 seconds
2024-10-03T11:27:26.865+0300: 819.463: Application time: 3.9370380 seconds
2024-10-03T11:27:26.928+0300: 819.511: [GC (Allocation Failure) 2024-10-03T11:27:26.928+0300: 819.511: [DefNew: 559553K->595K(629120K), 0.0005457 secs] 563753K->4797K(2027264K), 0.0006166 secs] [Times: user=0.00 sys=0.00, real=0.00 secs] 
2024-10-03T11:27:26.928+0300: 819.512: Total time for which application threads were stopped: 0.0483024 seconds, Stopping threads took: 0.0475911 seconds
2024-10-03T11:27:30.835+0300: 823.423: Application time: 3.9118950 seconds
2024-10-03T11:27:30.883+0300: 823.466: [GC (Allocation Failure) 2024-10-03T11:27:30.883+0300: 823.466: [DefNew: 559711K->985K(629120K), 0.0008744 secs] 563914K->5190K(2027264K), 0.0009659 secs] [Times: user=0.00 sys=0.00, real=0.00 secs] 
2024-10-03T11:27:30.883+0300: 823.467: Total time for which application threads were stopped: 0.0433370 seconds, Stopping threads took: 0.0422222 seconds
2024-10-03T11:27:34.806+0300: 827.392: Application time: 3.9248652 seconds
2024-10-03T11:27:34.837+0300: 827.421: [GC (Allocation Failure) 2024-10-03T11:27:34.837+0300: 827.421: [DefNew: 559938K->595K(629120K), 0.0010567 secs] 564143K->4802K(2027264K), 0.0011821 secs] [Times: user=0.00 sys=0.00, real=0.00 secs] 
2024-10-03T11:27:34.837+0300: 827.422: Total time for which application threads were stopped: 0.0301245 seconds, Stopping threads took: 0.0287790 seconds
2024-10-03T11:27:38.760+0300: 831.353: Application time: 3.9312686 seconds
2024-10-03T11:27:38.791+0300: 831.374: [GC (Allocation Failure) 2024-10-03T11:27:38.791+0300: 831.375: [DefNew: 559814K->1181K(629120K), 0.0012497 secs] 564021K->5390K(2027264K), 0.0013551 secs] [Times: user=0.00 sys=0.00, real=0.00 secs] 
2024-10-03T11:27:38.791+0300: 831.376: Total time for which application threads were stopped: 0.0227771 seconds, Stopping threads took: 0.0212839 seconds
2024-10-03T11:27:42.713+0300: 835.304: Application time: 3.9277162 seconds
2024-10-03T11:27:42.745+0300: 835.328: [GC (Allocation Failure) 2024-10-03T11:27:42.745+0300: 835.328: [DefNew: 560286K->204K(629120K), 0.0009533 secs] 564495K->4416K(2027264K), 0.0010528 secs] [Times: user=0.00 sys=0.00, real=0.00 secs] 
2024-10-03T11:27:42.745+0300: 835.329: Total time for which application threads were stopped: 0.0253534 seconds, Stopping threads took: 0.0241407 seconds
2024-10-03T11:27:46.620+0300: 839.217: Application time: 3.8883811 seconds
2024-10-03T11:27:46.683+0300: 839.266: [GC (Allocation Failure) 2024-10-03T11:27:46.683+0300: 839.266: [DefNew: 559436K->205K(629120K), 0.0010194 secs] 563648K->4418K(2027264K), 0.0011193 secs] [Times: user=0.00 sys=0.00, real=0.00 secs] 
2024-10-03T11:27:46.683+0300: 839.267: Total time for which application threads were stopped: 0.0499647 seconds, Stopping threads took: 0.0486845 seconds
2024-10-03T11:27:50.581+0300: 843.166: Application time: 3.8985347 seconds
2024-10-03T11:27:50.621+0300: 843.205: [GC (Allocation Failure) 2024-10-03T11:27:50.621+0300: 843.205: [DefNew: 559400K->204K(629120K), 0.0004936 secs] 563614K->4420K(2027264K), 0.0005895 secs] [Times: user=0.00 sys=0.00, real=0.00 secs] 
2024-10-03T11:27:50.621+0300: 843.205: Total time for which application threads were stopped: 0.0394079 seconds, Stopping threads took: 0.0387160 seconds
2024-10-03T11:27:54.513+0300: 847.096: Application time: 3.8911449 seconds
2024-10-03T11:27:54.560+0300: 847.143: [GC (Allocation Failure) 2024-10-03T11:27:54.560+0300: 847.143: [DefNew: 559424K->986K(629120K), 0.0011902 secs] 563640K->5204K(2027264K), 0.0013005 secs] [Times: user=0.00 sys=0.00, real=0.00 secs] 
2024-10-03T11:27:54.560+0300: 847.145: Total time for which application threads were stopped: 0.0483021 seconds, Stopping threads took: 0.0468323 seconds
2024-10-03T11:27:58.468+0300: 851.065: Application time: 3.9204593 seconds
2024-10-03T11:27:58.515+0300: 851.098: [GC (Allocation Failure) 2024-10-03T11:27:58.515+0300: 851.098: [DefNew: 560093K->205K(629120K), 0.0010379 secs] 564311K->4425K(2027264K), 0.0011426 secs] [Times: user=0.00 sys=0.00, real=0.00 secs] 
2024-10-03T11:27:58.515+0300: 851.099: Total time for which application threads were stopped: 0.0342321 seconds, Stopping threads took: 0.0328936 seconds
2024-10-03T11:28:02.437+0300: 855.023: Application time: 3.9234692 seconds
2024-10-03T11:28:02.468+0300: 855.052: [GC (Allocation Failure) 2024-10-03T11:28:02.468+0300: 855.052: [DefNew: 559279K->595K(629120K), 0.0010342 secs] 563500K->4818K(2027264K), 0.0011309 secs] [Times: user=0.00 sys=0.00, real=0.00 secs] 
2024-10-03T11:28:02.468+0300: 855.053: Total time for which application threads were stopped: 0.0300226 seconds, Stopping threads took: 0.0287521 seconds
2024-10-03T11:28:06.361+0300: 858.957: Application time: 3.9043725 seconds
2024-10-03T11:28:06.408+0300: 858.991: [GC (Allocation Failure) 2024-10-03T11:28:06.408+0300: 858.991: [DefNew: 559827K->986K(629120K), 0.0010191 secs] 564050K->5211K(2027264K), 0.0010986 secs] [Times: user=0.00 sys=0.00, real=0.00 secs] 
2024-10-03T11:28:06.408+0300: 858.992: Total time for which application threads were stopped: 0.0350604 seconds, Stopping threads took: 0.0338519 seconds
2024-10-03T11:28:10.300+0300: 862.890: Application time: 3.8980743 seconds
2024-10-03T11:28:10.363+0300: 862.946: [GC (Allocation Failure) 2024-10-03T11:28:10.363+0300: 862.946: [DefNew: 560199K->595K(629120K), 0.0009586 secs] 564424K->4822K(2027264K), 0.0010741 secs] [Times: user=0.00 sys=0.00, real=0.00 secs] 
2024-10-03T11:28:10.363+0300: 862.947: Total time for which application threads were stopped: 0.0569885 seconds, Stopping threads took: 0.0557619 seconds
2024-10-03T11:28:14.288+0300: 866.878: Application time: 3.9308385 seconds
2024-10-03T11:28:14.335+0300: 866.918: [GC (Allocation Failure) 2024-10-03T11:28:14.335+0300: 866.918: [DefNew: 559827K->204K(629120K), 0.0008742 secs] 564054K->4434K(2027264K), 0.0009727 secs] [Times: user=0.00 sys=0.00, real=0.00 secs] 
2024-10-03T11:28:14.335+0300: 866.919: Total time for which application threads were stopped: 0.0410995 seconds, Stopping threads took: 0.0399687 seconds
2024-10-03T11:28:18.233+0300: 870.816: Application time: 3.8967252 seconds
2024-10-03T11:28:18.289+0300: 870.872: [GC (Allocation Failure) 2024-10-03T11:28:18.289+0300: 870.872: [DefNew: 559436K->595K(629120K), 0.0010789 secs] 563666K->4827K(2027264K), 0.0011834 secs] [Times: user=0.00 sys=0.00, real=0.00 secs] 
2024-10-03T11:28:18.289+0300: 870.874: Total time for which application threads were stopped: 0.0575191 seconds, Stopping threads took: 0.0561877 seconds
2024-10-03T11:28:22.182+0300: 874.771: Application time: 3.8976420 seconds
2024-10-03T11:28:22.228+0300: 874.812: [GC (Allocation Failure) 2024-10-03T11:28:22.228+0300: 874.812: [DefNew: 559502K->595K(629120K), 0.0010691 secs] 563734K->4829K(2027264K), 0.0011892 secs] [Times: user=0.00 sys=0.00, real=0.00 secs] 
2024-10-03T11:28:22.228+0300: 874.813: Total time for which application threads were stopped: 0.0418465 seconds, Stopping threads took: 0.0404867 seconds
2024-10-03T11:28:26.135+0300: 878.719: Application time: 3.9054934 seconds
2024-10-03T11:28:26.183+0300: 878.766: [GC (Allocation Failure) 2024-10-03T11:28:26.183+0300: 878.766: [DefNew: 559510K->595K(629120K), 0.0011135 secs] 563745K->4831K(2027264K), 0.0012186 secs] [Times: user=0.00 sys=0.00, real=0.00 secs] 
2024-10-03T11:28:26.183+0300: 878.767: Total time for which application threads were stopped: 0.0485191 seconds, Stopping threads took: 0.0471350 seconds
2024-10-03T11:28:30.074+0300: 882.671: Application time: 3.9035247 seconds
2024-10-03T11:28:30.136+0300: 882.719: [GC (Allocation Failure) 2024-10-03T11:28:30.136+0300: 882.719: [DefNew: 559794K->986K(629120K), 0.0008576 secs] 564031K->5224K(2027264K), 0.0009510 secs] [Times: user=0.00 sys=0.00, real=0.00 secs] 
2024-10-03T11:28:30.136+0300: 882.720: Total time for which application threads were stopped: 0.0498440 seconds, Stopping threads took: 0.0487540 seconds
2024-10-03T11:28:34.045+0300: 886.641: Application time: 3.9205625 seconds
2024-10-03T11:28:34.108+0300: 886.691: [GC (Allocation Failure) 2024-10-03T11:28:34.108+0300: 886.691: [DefNew: 560218K->985K(629120K), 0.0005978 secs] 564456K->5226K(2027264K), 0.0006593 secs] [Times: user=0.00 sys=0.00, real=0.00 secs] 
2024-10-03T11:28:34.108+0300: 886.691: Total time for which application threads were stopped: 0.0504643 seconds, Stopping threads took: 0.0497151 seconds
2024-10-03T11:28:38.000+0300: 890.593: Application time: 3.9011480 seconds
2024-10-03T11:28:38.062+0300: 890.646: [GC (Allocation Failure) 2024-10-03T11:28:38.062+0300: 890.646: [DefNew: 559932K->595K(629120K), 0.0009341 secs] 564173K->4838K(2027264K), 0.0010211 secs] [Times: user=0.00 sys=0.00, real=0.00 secs] 
2024-10-03T11:28:38.062+0300: 890.647: Total time for which application threads were stopped: 0.0540225 seconds, Stopping threads took: 0.0528325 seconds
2024-10-03T11:28:42.002+0300: 894.586: Application time: 3.9390794 seconds
2024-10-03T11:28:42.049+0300: 894.632: [GC (Allocation Failure) 2024-10-03T11:28:42.049+0300: 894.632: [DefNew: 559688K->400K(629120K), 0.0010060 secs] 563931K->4645K(2027264K), 0.0010962 secs] [Times: user=0.00 sys=0.00, real=0.00 secs] 
2024-10-03T11:28:42.049+0300: 894.633: Total time for which application threads were stopped: 0.0471862 seconds, Stopping threads took: 0.0459242 seconds
2024-10-03T11:28:45.973+0300: 898.556: Application time: 3.9233002 seconds
2024-10-03T11:28:46.021+0300: 898.604: [GC (Allocation Failure) 2024-10-03T11:28:46.021+0300: 898.604: [DefNew: 559496K->985K(629120K), 0.0006745 secs] 563742K->5233K(2027264K), 0.0007536 secs] [Times: user=0.00 sys=0.00, real=0.00 secs] 
2024-10-03T11:28:46.021+0300: 898.605: Total time for which application threads were stopped: 0.0483132 seconds, Stopping threads took: 0.0474373 seconds
2024-10-03T11:28:49.943+0300: 902.535: Application time: 3.9302926 seconds
2024-10-03T11:28:49.975+0300: 902.558: [GC (Allocation Failure) 2024-10-03T11:28:49.975+0300: 902.558: [DefNew: 560076K->204K(629120K), 0.0007559 secs] 564323K->4454K(2027264K), 0.0008174 secs] [Times: user=0.00 sys=0.00, real=0.00 secs] 
2024-10-03T11:28:49.975+0300: 902.559: Total time for which application threads were stopped: 0.0240514 seconds, Stopping threads took: 0.0231281 seconds
2024-10-03T11:28:53.867+0300: 906.452: Application time: 3.8933652 seconds
2024-10-03T11:28:53.914+0300: 906.497: [GC (Allocation Failure) 2024-10-03T11:28:53.914+0300: 906.497: [DefNew: 559181K->595K(629120K), 0.0010969 secs] 563430K->4847K(2027264K), 0.0012048 secs] [Times: user=0.00 sys=0.00, real=0.00 secs] 
2024-10-03T11:28:53.914+0300: 906.498: Total time for which application threads were stopped: 0.0457206 seconds, Stopping threads took: 0.0443461 seconds
2024-10-03T11:28:57.837+0300: 910.430: Application time: 3.9322745 seconds
2024-10-03T11:28:57.884+0300: 910.467: [GC (Allocation Failure) 2024-10-03T11:28:57.884+0300: 910.467: [DefNew: 559827K->204K(629120K), 0.0010134 secs] 564079K->4459K(2027264K), 0.0011118 secs] [Times: user=0.00 sys=0.00, real=0.00 secs] 
2024-10-03T11:28:57.884+0300: 910.468: Total time for which application threads were stopped: 0.0380617 seconds, Stopping threads took: 0.0368053 seconds
2024-10-03T11:29:01.792+0300: 914.378: Application time: 3.9098818 seconds
2024-10-03T11:29:01.839+0300: 914.422: [GC (Allocation Failure) 2024-10-03T11:29:01.839+0300: 914.422: [DefNew: 559206K->595K(629120K), 0.0011175 secs] 563460K->4852K(2027264K), 0.0012249 secs] [Times: user=0.00 sys=0.00, real=0.00 secs] 
2024-10-03T11:29:01.839+0300: 914.423: Total time for which application threads were stopped: 0.0451369 seconds, Stopping threads took: 0.0437440 seconds
2024-10-03T11:29:05.760+0300: 918.352: Application time: 3.9287054 seconds
2024-10-03T11:29:05.822+0300: 918.405: [GC (Allocation Failure) 2024-10-03T11:29:05.822+0300: 918.405: [DefNew: 559443K->595K(629120K), 0.0010306 secs] 563700K->4854K(2027264K), 0.0011339 secs] [Times: user=0.00 sys=0.00, real=0.00 secs] 
2024-10-03T11:29:05.822+0300: 918.406: Total time for which application threads were stopped: 0.0544129 seconds, Stopping threads took: 0.0531144 seconds
2024-10-03T11:29:09.746+0300: 922.331: Application time: 3.9241095 seconds
2024-10-03T11:29:09.762+0300: 922.345: [GC (Allocation Failure) 2024-10-03T11:29:09.762+0300: 922.345: [DefNew: 559827K->595K(629120K), 0.0006211 secs] 564086K->4856K(2027264K), 0.0006944 secs] [Times: user=0.00 sys=0.00, real=0.00 secs] 
2024-10-03T11:29:09.762+0300: 922.346: Total time for which application threads were stopped: 0.0152621 seconds, Stopping threads took: 0.0144719 seconds
2024-10-03T11:29:13.654+0300: 926.247: Application time: 3.9013549 seconds
2024-10-03T11:29:13.701+0300: 926.284: [GC (Allocation Failure) 2024-10-03T11:29:13.701+0300: 926.284: [DefNew: 559775K->595K(629120K), 0.0008364 secs] 564036K->4859K(2027264K), 0.0009328 secs] [Times: user=0.00 sys=0.00, real=0.00 secs] 
2024-10-03T11:29:13.701+0300: 926.285: Total time for which application threads were stopped: 0.0377318 seconds, Stopping threads took: 0.0366892 seconds
2024-10-03T11:29:17.623+0300: 930.209: Application time: 3.9238295 seconds
2024-10-03T11:29:17.671+0300: 930.254: [GC (Allocation Failure) 2024-10-03T11:29:17.671+0300: 930.254: [DefNew: 559443K->595K(629120K), 0.0010983 secs] 563707K->4861K(2027264K), 0.0012146 secs] [Times: user=0.00 sys=0.00, real=0.00 secs] 
2024-10-03T11:29:17.671+0300: 930.255: Total time for which application threads were stopped: 0.0462822 seconds, Stopping threads took: 0.0449030 seconds
2024-10-03T11:29:21.564+0300: 934.156: Application time: 3.9007531 seconds
2024-10-03T11:29:21.626+0300: 934.209: [GC (Allocation Failure) 2024-10-03T11:29:21.626+0300: 934.210: [DefNew: 559827K->205K(629120K), 0.0009967 secs] 564093K->4473K(2027264K), 0.0010988 secs] [Times: user=0.00 sys=0.00, real=0.00 secs] 
2024-10-03T11:29:21.626+0300: 934.211: Total time for which application threads were stopped: 0.0548132 seconds, Stopping threads took: 0.0535513 seconds
2024-10-03T11:29:26.022+0300: 938.617: Application time: 4.4060970 seconds
2024-10-03T11:29:26.084+0300: 938.667: [GC (Allocation Failure) 2024-10-03T11:29:26.084+0300: 938.668: [DefNew: 559437K->204K(629120K), 0.0004610 secs] 563705K->4475K(2027264K), 0.0005094 secs] [Times: user=0.00 sys=0.00, real=0.00 secs] 
2024-10-03T11:29:26.084+0300: 938.668: Total time for which application threads were stopped: 0.0512935 seconds, Stopping threads took: 0.0506983 seconds
2024-10-03T11:29:30.087+0300: 942.673: Application time: 4.0050200 seconds
2024-10-03T11:29:30.134+0300: 942.717: [GC (Allocation Failure) 2024-10-03T11:29:30.134+0300: 942.717: [DefNew: 559436K->204K(629120K), 0.0007673 secs] 563707K->4477K(2027264K), 0.0008482 secs] [Times: user=0.00 sys=0.00, real=0.00 secs] 
2024-10-03T11:29:30.134+0300: 942.718: Total time for which application threads were stopped: 0.0449084 seconds, Stopping threads took: 0.0439184 seconds
2024-10-03T11:29:34.058+0300: 946.649: Application time: 3.9306466 seconds
2024-10-03T11:29:34.105+0300: 946.689: [GC (Allocation Failure) 2024-10-03T11:29:34.105+0300: 946.689: [DefNew: 559274K->595K(629120K), 0.0005904 secs] 563546K->4870K(2027264K), 0.0006466 secs] [Times: user=0.00 sys=0.00, real=0.00 secs] 
2024-10-03T11:29:34.105+0300: 946.689: Total time for which application threads were stopped: 0.0406664 seconds, Stopping threads took: 0.0399187 seconds
2024-10-03T11:29:38.082+0300: 950.671: Application time: 3.9819842 seconds
2024-10-03T11:29:38.137+0300: 950.720: [GC (Allocation Failure) 2024-10-03T11:29:38.137+0300: 950.720: [DefNew: 559827K->204K(629120K), 0.0006994 secs] 564102K->4481K(2027264K), 0.0007788 secs] [Times: user=0.00 sys=0.00, real=0.00 secs] 
2024-10-03T11:29:38.137+0300: 950.721: Total time for which application threads were stopped: 0.0497124 seconds, Stopping threads took: 0.0487981 seconds
2024-10-03T11:29:42.090+0300: 954.673: Application time: 3.9518358 seconds
2024-10-03T11:29:42.139+0300: 954.722: [GC (Allocation Failure) 2024-10-03T11:29:42.139+0300: 954.722: [DefNew: 559436K->595K(629120K), 0.0005292 secs] 563713K->4874K(2027264K), 0.0005940 secs] [Times: user=0.00 sys=0.00, real=0.00 secs] 
2024-10-03T11:29:42.139+0300: 954.722: Total time for which application threads were stopped: 0.0495212 seconds, Stopping threads took: 0.0488392 seconds
2024-10-03T11:29:46.061+0300: 958.657: Application time: 3.9342069 seconds
2024-10-03T11:29:46.124+0300: 958.707: [GC (Allocation Failure) 2024-10-03T11:29:46.124+0300: 958.707: [DefNew: 559647K->204K(629120K), 0.0004598 secs] 563926K->4486K(2027264K), 0.0005054 secs] [Times: user=0.00 sys=0.00, real=0.00 secs] 
2024-10-03T11:29:46.124+0300: 958.708: Total time for which application threads were stopped: 0.0511326 seconds, Stopping threads took: 0.0505460 seconds
2024-10-03T11:29:50.062+0300: 962.658: Application time: 3.9506943 seconds
2024-10-03T11:29:50.125+0300: 962.708: [GC (Allocation Failure) 2024-10-03T11:29:50.125+0300: 962.708: [DefNew: 559436K->204K(629120K), 0.0008032 secs] 563718K->4488K(2027264K), 0.0009007 secs] [Times: user=0.00 sys=0.00, real=0.00 secs] 
2024-10-03T11:29:50.125+0300: 962.709: Total time for which application threads were stopped: 0.0506726 seconds, Stopping threads took: 0.0496292 seconds
2024-10-03T11:29:54.048+0300: 966.639: Application time: 3.9304528 seconds
2024-10-03T11:29:54.095+0300: 966.678: [GC (Allocation Failure) 2024-10-03T11:29:54.095+0300: 966.678: [DefNew: 559094K->595K(629120K), 0.0011381 secs] 563378K->4881K(2027264K), 0.0012552 secs] [Times: user=0.00 sys=0.00, real=0.00 secs] 
2024-10-03T11:29:54.095+0300: 966.680: Total time for which application threads were stopped: 0.0401148 seconds, Stopping threads took: 0.0386940 seconds
2024-10-03T11:29:58.035+0300: 970.622: Application time: 3.9425230 seconds
2024-10-03T11:29:58.082+0300: 970.665: [GC (Allocation Failure) 2024-10-03T11:29:58.082+0300: 970.665: [DefNew: 559695K->986K(629120K), 0.0011641 secs] 563981K->5274K(2027264K), 0.0012744 secs] [Times: user=0.00 sys=0.00, real=0.00 secs] 
2024-10-03T11:29:58.082+0300: 970.667: Total time for which application threads were stopped: 0.0443896 seconds, Stopping threads took: 0.0429467 seconds
2024-10-03T11:30:02.037+0300: 974.630: Application time: 3.9635951 seconds
2024-10-03T11:30:02.084+0300: 974.667: [GC (Allocation Failure) 2024-10-03T11:30:02.084+0300: 974.667: [DefNew: 560218K->595K(629120K), 0.0009209 secs] 564506K->4886K(2027264K), 0.0010111 secs] [Times: user=0.00 sys=0.00, real=0.00 secs] 
2024-10-03T11:30:02.084+0300: 974.668: Total time for which application threads were stopped: 0.0376855 seconds, Stopping threads took: 0.0365124 seconds
2024-10-03T11:30:06.007+0300: 978.592: Application time: 3.9242776 seconds
2024-10-03T11:30:06.054+0300: 978.637: [GC (Allocation Failure) 2024-10-03T11:30:06.054+0300: 978.637: [DefNew: 559797K->986K(629120K), 0.0011925 secs] 564088K->5279K(2027264K), 0.0012929 secs] [Times: user=0.00 sys=0.00, real=0.00 secs] 
2024-10-03T11:30:06.054+0300: 978.639: Total time for which application threads were stopped: 0.0465935 seconds, Stopping threads took: 0.0451642 seconds
2024-10-03T11:30:08.014+0300: 980.610: Application time: 1.9715115 seconds
2024-10-03T11:30:08.045+0300: 980.628: Total time for which application threads were stopped: 0.0182615 seconds, Stopping threads took: 0.0180825 seconds
2024-10-03T11:30:08.594+0300: 981.184: Application time: 0.5551056 seconds
2024-10-03T11:30:08.594+0300: 981.184: Total time for which application threads were stopped: 0.0005010 seconds, Stopping threads took: 0.0004475 seconds
2024-10-03T11:30:10.258+0300: 982.853: Application time: 1.6686680 seconds
2024-10-03T11:30:10.305+0300: 982.888: [GC (Allocation Failure) 2024-10-03T11:30:10.305+0300: 982.888: [DefNew: 559996K->601K(629120K), 0.0008701 secs] 564289K->4896K(2027264K), 0.0009612 secs] [Times: user=0.00 sys=0.00, real=0.00 secs] 
2024-10-03T11:30:10.305+0300: 982.889: Total time for which application threads were stopped: 0.0366159 seconds, Stopping threads took: 0.0354987 seconds
2024-10-03T11:30:14.251+0300: 986.843: Application time: 3.9539027 seconds
2024-10-03T11:30:14.307+0300: 986.891: [GC (Allocation Failure) 2024-10-03T11:30:14.307+0300: 986.891: [DefNew: 559756K->991K(629120K), 0.0012270 secs] 564051K->5289K(2027264K), 0.0013434 secs] [Times: user=0.00 sys=0.00, real=0.00 secs] 
2024-10-03T11:30:14.307+0300: 986.892: Total time for which application threads were stopped: 0.0487503 seconds, Stopping threads took: 0.0472362 seconds
2024-10-03T11:30:18.213+0300: 990.812: Application time: 3.9195177 seconds
2024-10-03T11:30:18.276+0300: 990.860: [GC (Allocation Failure) 2024-10-03T11:30:18.276+0300: 990.860: [DefNew: 560223K->601K(629120K), 0.0009372 secs] 564521K->4901K(2027264K), 0.0010412 secs] [Times: user=0.00 sys=0.00, real=0.00 secs] 
2024-10-03T11:30:18.276+0300: 990.861: Total time for which application threads were stopped: 0.0491587 seconds, Stopping threads took: 0.0479708 seconds
2024-10-03T11:30:22.231+0300: 994.817: Application time: 3.9559452 seconds
2024-10-03T11:30:22.262+0300: 994.845: [GC (Allocation Failure) 2024-10-03T11:30:22.262+0300: 994.845: [DefNew: 559743K->1187K(629120K), 0.0011074 secs] 564043K->5489K(2027264K), 0.0012209 secs] [Times: user=0.00 sys=0.00, real=0.00 secs] 
2024-10-03T11:30:22.262+0300: 994.847: Total time for which application threads were stopped: 0.0300337 seconds, Stopping threads took: 0.0285675 seconds
2024-10-03T11:30:26.218+0300: 998.813: Application time: 3.9666409 seconds
2024-10-03T11:30:26.265+0300: 998.848: [GC (Allocation Failure) 2024-10-03T11:30:26.265+0300: 998.848: [DefNew: 560350K->405K(629120K), 0.0009953 secs] 564652K->4710K(2027264K), 0.0011002 secs] [Times: user=0.00 sys=0.00, real=0.00 secs] 
2024-10-03T11:30:26.265+0300: 998.849: Total time for which application threads were stopped: 0.0356369 seconds, Stopping threads took: 0.0343962 seconds
2024-10-03T11:30:30.189+0300: 1002.776: Application time: 3.9266749 seconds
2024-10-03T11:30:30.236+0300: 1002.820: [GC (Allocation Failure) 2024-10-03T11:30:30.236+0300: 1002.820: [DefNew: 559573K->1187K(629120K), 0.0011968 secs] 563878K->5493K(2027264K), 0.0012980 secs] [Times: user=0.00 sys=0.00, real=0.00 secs] 
2024-10-03T11:30:30.236+0300: 1002.821: Total time for which application threads were stopped: 0.0451878 seconds, Stopping threads took: 0.0437365 seconds
2024-10-03T11:30:34.187+0300: 1006.772: Application time: 3.9509320 seconds
2024-10-03T11:30:34.237+0300: 1006.821: [GC (Allocation Failure) 2024-10-03T11:30:34.237+0300: 1006.821: [DefNew: 560276K->210K(629120K), 0.0010177 secs] 564583K->4519K(2027264K), 0.0011186 secs] [Times: user=0.00 sys=0.00, real=0.00 secs] 
2024-10-03T11:30:34.237+0300: 1006.822: Total time for which application threads were stopped: 0.0500352 seconds, Stopping threads took: 0.0487513 seconds
2024-10-03T11:30:38.191+0300: 1010.775: Application time: 3.9533618 seconds
2024-10-03T11:30:38.238+0300: 1010.821: [GC (Allocation Failure) 2024-10-03T11:30:38.238+0300: 1010.821: [DefNew: 559268K->210K(629120K), 0.0010443 secs] 563577K->4521K(2027264K), 0.0011521 secs] [Times: user=0.00 sys=0.00, real=0.00 secs] 
2024-10-03T11:30:38.238+0300: 1010.822: Total time for which application threads were stopped: 0.0470933 seconds, Stopping threads took: 0.0457758 seconds
2024-10-03T11:30:42.192+0300: 1014.777: Application time: 3.9548400 seconds
2024-10-03T11:30:42.224+0300: 1014.807: [GC (Allocation Failure) 2024-10-03T11:30:42.224+0300: 1014.807: [DefNew: 559350K->406K(629120K), 0.0009118 secs] 563661K->4719K(2027264K), 0.0009994 secs] [Times: user=0.00 sys=0.00, real=0.00 secs] 
2024-10-03T11:30:42.224+0300: 1014.808: Total time for which application threads were stopped: 0.0306472 seconds, Stopping threads took: 0.0294987 seconds
2024-10-03T11:30:46.226+0300: 1018.810: Application time: 4.0024077 seconds
2024-10-03T11:30:46.272+0300: 1018.855: [GC (Allocation Failure) 2024-10-03T11:30:46.272+0300: 1018.855: [DefNew: 559254K->601K(629120K), 0.0005358 secs] 563568K->4916K(2027264K), 0.0006012 secs] [Times: user=0.00 sys=0.00, real=0.00 secs] 
2024-10-03T11:30:46.272+0300: 1018.856: Total time for which application threads were stopped: 0.0457452 seconds, Stopping threads took: 0.0450579 seconds
2024-10-03T11:30:50.288+0300: 1022.882: Application time: 4.0260306 seconds
2024-10-03T11:30:50.351+0300: 1022.934: [GC (Allocation Failure) 2024-10-03T11:30:50.351+0300: 1022.934: [DefNew: 559754K->601K(629120K), 0.0010257 secs] 564070K->4919K(2027264K), 0.0011320 secs] [Times: user=0.00 sys=0.00, real=0.00 secs] 
2024-10-03T11:30:50.351+0300: 1022.935: Total time for which application threads were stopped: 0.0533792 seconds, Stopping threads took: 0.0520837 seconds
2024-10-03T11:30:54.352+0300: 1026.937: Application time: 4.0015000 seconds
2024-10-03T11:30:54.399+0300: 1026.983: [GC (Allocation Failure) 2024-10-03T11:30:54.399+0300: 1026.983: [DefNew: 559818K->406K(629120K), 0.0010444 secs] 564136K->4726K(2027264K), 0.0011455 secs] [Times: user=0.00 sys=0.00, real=0.00 secs] 
2024-10-03T11:30:54.399+0300: 1026.984: Total time for which application threads were stopped: 0.0468395 seconds, Stopping threads took: 0.0455343 seconds
2024-10-03T11:30:58.332+0300: 1030.917: Application time: 3.9336022 seconds
2024-10-03T11:30:58.384+0300: 1030.967: [GC (Allocation Failure) 2024-10-03T11:30:58.384+0300: 1030.967: [DefNew: 559461K->601K(629120K), 0.0011235 secs] 563781K->4923K(2027264K), 0.0013499 secs] [Times: user=0.00 sys=0.00, real=0.00 secs] 
2024-10-03T11:30:58.384+0300: 1030.969: Total time for which application threads were stopped: 0.0513329 seconds, Stopping threads took: 0.0498143 seconds
2024-10-03T11:31:02.307+0300: 1034.893: Application time: 3.9243309 seconds
2024-10-03T11:31:02.354+0300: 1034.937: [GC (Allocation Failure) 2024-10-03T11:31:02.354+0300: 1034.937: [DefNew: 559655K->991K(629120K), 0.0011587 secs] 563978K->5316K(2027264K), 0.0012716 secs] [Times: user=0.00 sys=0.00, real=0.00 secs] 
2024-10-03T11:31:02.354+0300: 1034.939: Total time for which application threads were stopped: 0.0456781 seconds, Stopping threads took: 0.0442378 seconds
2024-10-03T11:31:06.307+0300: 1038.897: Application time: 3.9586964 seconds
2024-10-03T11:31:06.354+0300: 1038.938: [GC (Allocation Failure) 2024-10-03T11:31:06.354+0300: 1038.938: [DefNew: 560173K->210K(629120K), 0.0010700 secs] 564498K->4537K(2027264K), 0.0011737 secs] [Times: user=0.00 sys=0.00, real=0.00 secs] 
2024-10-03T11:31:06.354+0300: 1038.939: Total time for which application threads were stopped: 0.0413688 seconds, Stopping threads took: 0.0400325 seconds
2024-10-03T11:31:10.307+0300: 1042.897: Application time: 3.9587400 seconds
2024-10-03T11:31:10.354+0300: 1042.937: [GC (Allocation Failure) 2024-10-03T11:31:10.354+0300: 1042.937: [DefNew: 559299K->204K(629120K), 0.0006769 secs] 563626K->4539K(2027264K), 0.0007495 secs] [Times: user=0.00 sys=0.00, real=0.00 secs] 
2024-10-03T11:31:10.354+0300: 1042.938: Total time for which application threads were stopped: 0.0404948 seconds, Stopping threads took: 0.0396244 seconds
2024-10-03T11:31:14.276+0300: 1046.866: Application time: 3.9280777 seconds
2024-10-03T11:31:14.323+0300: 1046.906: [GC (Allocation Failure) 2024-10-03T11:31:14.323+0300: 1046.906: [DefNew: 559262K->400K(629120K), 0.0010426 secs] 563597K->4737K(2027264K), 0.0011453 secs] [Times: user=0.00 sys=0.00, real=0.00 secs] 
2024-10-03T11:31:14.323+0300: 1046.907: Total time for which application threads were stopped: 0.0413576 seconds, Stopping threads took: 0.0400486 seconds
2024-10-03T11:31:18.280+0300: 1050.863: Application time: 3.9555223 seconds
2024-10-03T11:31:18.327+0300: 1050.910: [GC (Allocation Failure) 2024-10-03T11:31:18.327+0300: 1050.910: [DefNew: 559344K->595K(629120K), 0.0011374 secs] 563681K->4934K(2027264K), 0.0012420 secs] [Times: user=0.00 sys=0.00, real=0.00 secs] 
2024-10-03T11:31:18.327+0300: 1050.911: Total time for which application threads were stopped: 0.0481015 seconds, Stopping threads took: 0.0466920 seconds
2024-10-03T11:31:22.250+0300: 1054.838: Application time: 3.9273200 seconds
2024-10-03T11:31:22.298+0300: 1054.881: [GC (Allocation Failure) 2024-10-03T11:31:22.298+0300: 1054.881: [DefNew: 559690K->400K(629120K), 0.0009666 secs] 564030K->4741K(2027264K), 0.0010745 secs] [Times: user=0.00 sys=0.00, real=0.00 secs] 
2024-10-03T11:31:22.298+0300: 1054.882: Total time for which application threads were stopped: 0.0435055 seconds, Stopping threads took: 0.0422825 seconds
2024-10-03T11:31:26.220+0300: 1058.813: Application time: 3.9309546 seconds
2024-10-03T11:31:26.266+0300: 1058.849: [GC (Allocation Failure) 2024-10-03T11:31:26.266+0300: 1058.850: [DefNew: 559632K->205K(629120K), 0.0004266 secs] 563973K->4548K(2027264K), 0.0004767 secs] [Times: user=0.00 sys=0.00, real=0.00 secs] 
2024-10-03T11:31:26.266+0300: 1058.850: Total time for which application threads were stopped: 0.0371363 seconds, Stopping threads took: 0.0365794 seconds
2024-10-03T11:31:30.206+0300: 1062.799: Application time: 3.9489831 seconds
2024-10-03T11:31:30.253+0300: 1062.836: [GC (Allocation Failure) 2024-10-03T11:31:30.253+0300: 1062.836: [DefNew: 559428K->204K(629120K), 0.0010647 secs] 563772K->4551K(2027264K), 0.0011685 secs] [Times: user=0.00 sys=0.00, real=0.00 secs] 
2024-10-03T11:31:30.253+0300: 1062.837: Total time for which application threads were stopped: 0.0382224 seconds, Stopping threads took: 0.0368804 seconds
2024-10-03T11:31:34.177+0300: 1066.775: Application time: 3.9380292 seconds
2024-10-03T11:31:34.240+0300: 1066.823: [GC (Allocation Failure) 2024-10-03T11:31:34.240+0300: 1066.823: [DefNew: 559241K->595K(629120K), 0.0010858 secs] 563587K->4944K(2027264K), 0.0013052 secs] [Times: user=0.00 sys=0.00, real=0.00 secs] 
2024-10-03T11:31:34.240+0300: 1066.824: Total time for which application threads were stopped: 0.0490269 seconds, Stopping threads took: 0.0475546 seconds
2024-10-03T11:31:38.177+0300: 1070.763: Application time: 3.9391659 seconds
2024-10-03T11:31:38.224+0300: 1070.808: [GC (Allocation Failure) 2024-10-03T11:31:38.224+0300: 1070.808: [DefNew: 559675K->986K(629120K), 0.0012034 secs] 564024K->5336K(2027264K), 0.0013148 secs] [Times: user=0.00 sys=0.00, real=0.00 secs] 
2024-10-03T11:31:38.224+0300: 1070.809: Total time for which application threads were stopped: 0.0455669 seconds, Stopping threads took: 0.0440822 seconds
2024-10-03T11:31:42.163+0300: 1074.760: Application time: 3.9509666 seconds
2024-10-03T11:31:42.226+0300: 1074.809: [GC (Allocation Failure) 2024-10-03T11:31:42.226+0300: 1074.809: [DefNew: 560208K->1181K(629120K), 0.0013044 secs] 564558K->5534K(2027264K), 0.0014209 secs] [Times: user=0.00 sys=0.00, real=0.00 secs] 
2024-10-03T11:31:42.226+0300: 1074.811: Total time for which application threads were stopped: 0.0507134 seconds, Stopping threads took: 0.0491223 seconds
2024-10-03T11:31:46.164+0300: 1078.760: Application time: 3.9493870 seconds
2024-10-03T11:31:46.227+0300: 1078.810: [GC (Allocation Failure) 2024-10-03T11:31:46.227+0300: 1078.810: [DefNew: 560413K->595K(629120K), 0.0011425 secs] 564766K->4950K(2027264K), 0.0012531 secs] [Times: user=0.00 sys=0.00, real=0.00 secs] 
2024-10-03T11:31:46.227+0300: 1078.811: Total time for which application threads were stopped: 0.0510520 seconds, Stopping threads took: 0.0496185 seconds
2024-10-03T11:31:50.166+0300: 1082.752: Application time: 3.9412181 seconds
2024-10-03T11:31:50.212+0300: 1082.795: [GC (Allocation Failure) 2024-10-03T11:31:50.212+0300: 1082.796: [DefNew: 559827K->204K(629120K), 0.0007448 secs] 564182K->4562K(2027264K), 0.0008140 secs] [Times: user=0.00 sys=0.00, real=0.00 secs] 
2024-10-03T11:31:50.212+0300: 1082.796: Total time for which application threads were stopped: 0.0440032 seconds, Stopping threads took: 0.0430736 seconds
2024-10-03T11:31:54.167+0300: 1086.755: Application time: 3.9585218 seconds
2024-10-03T11:31:54.214+0300: 1086.797: [GC (Allocation Failure) 2024-10-03T11:31:54.214+0300: 1086.797: [DefNew: 559286K->986K(629120K), 0.0005597 secs] 563644K->5345K(2027264K), 0.0006104 secs] [Times: user=0.00 sys=0.00, real=0.00 secs] 
2024-10-03T11:31:54.214+0300: 1086.798: Total time for which application threads were stopped: 0.0429223 seconds, Stopping threads took: 0.0422255 seconds
2024-10-03T11:31:58.170+0300: 1090.758: Application time: 3.9602984 seconds
2024-10-03T11:31:58.217+0300: 1090.800: [GC (Allocation Failure) 2024-10-03T11:31:58.217+0300: 1090.800: [DefNew: 560177K->204K(629120K), 0.0010661 secs] 564537K->4566K(2027264K), 0.0011706 secs] [Times: user=0.00 sys=0.00, real=0.00 secs] 
2024-10-03T11:31:58.217+0300: 1090.802: Total time for which application threads were stopped: 0.0434801 seconds, Stopping threads took: 0.0421380 seconds
2024-10-03T11:32:02.172+0300: 1094.767: Application time: 3.9655096 seconds
2024-10-03T11:32:02.235+0300: 1094.818: [GC (Allocation Failure) 2024-10-03T11:32:02.235+0300: 1094.818: [DefNew: 559297K->204K(629120K), 0.0011069 secs] 563659K->4569K(2027264K), 0.0012115 secs] [Times: user=0.00 sys=0.00, real=0.00 secs] 
2024-10-03T11:32:02.235+0300: 1094.819: Total time for which application threads were stopped: 0.0520943 seconds, Stopping threads took: 0.0507153 seconds
2024-10-03T11:32:06.164+0300: 1098.752: Application time: 3.9324998 seconds
2024-10-03T11:32:06.206+0300: 1098.789: [GC (Allocation Failure) 2024-10-03T11:32:06.206+0300: 1098.789: [DefNew: 559436K->204K(629120K), 0.0008570 secs] 563801K->4571K(2027264K), 0.0009366 secs] [Times: user=0.00 sys=0.00, real=0.00 secs] 
2024-10-03T11:32:06.206+0300: 1098.790: Total time for which application threads were stopped: 0.0381145 seconds, Stopping threads took: 0.0370458 seconds
2024-10-03T11:32:10.145+0300: 1102.742: Application time: 3.9525432 seconds
2024-10-03T11:32:10.208+0300: 1102.791: [GC (Allocation Failure) 2024-10-03T11:32:10.208+0300: 1102.791: [DefNew: 559268K->204K(629120K), 0.0010798 secs] 563634K->4573K(2027264K), 0.0011836 secs] [Times: user=0.00 sys=0.00, real=0.00 secs] 
2024-10-03T11:32:10.208+0300: 1102.792: Total time for which application threads were stopped: 0.0499934 seconds, Stopping threads took: 0.0486326 seconds
2024-10-03T11:32:14.146+0300: 1106.738: Application time: 3.9459817 seconds
2024-10-03T11:32:14.194+0300: 1106.777: [GC (Allocation Failure) 2024-10-03T11:32:14.194+0300: 1106.777: [DefNew: 559349K->1181K(629120K), 0.0012033 secs] 563718K->5552K(2027264K), 0.0013252 secs] [Times: user=0.00 sys=0.00, real=0.00 secs] 
2024-10-03T11:32:14.194+0300: 1106.778: Total time for which application threads were stopped: 0.0398156 seconds, Stopping threads took: 0.0383319 seconds
2024-10-03T11:32:18.115+0300: 1110.707: Application time: 3.9287446 seconds
2024-10-03T11:32:18.178+0300: 1110.761: [GC (Allocation Failure) 2024-10-03T11:32:18.178+0300: 1110.761: [DefNew: 560192K->595K(629120K), 0.0011133 secs] 564563K->4968K(2027264K), 0.0012212 secs] [Times: user=0.00 sys=0.00, real=0.00 secs] 
2024-10-03T11:32:18.178+0300: 1110.762: Total time for which application threads were stopped: 0.0554687 seconds, Stopping threads took: 0.0540768 seconds
2024-10-03T11:32:22.117+0300: 1114.708: Application time: 3.9459195 seconds
2024-10-03T11:32:22.164+0300: 1114.747: [GC (Allocation Failure) 2024-10-03T11:32:22.164+0300: 1114.747: [DefNew: 559827K->204K(629120K), 0.0007690 secs] 564200K->4580K(2027264K), 0.0008484 secs] [Times: user=0.00 sys=0.00, real=0.00 secs] 
2024-10-03T11:32:22.164+0300: 1114.748: Total time for which application threads were stopped: 0.0398901 seconds, Stopping threads took: 0.0389288 seconds
2024-10-03T11:32:26.120+0300: 1118.704: Application time: 3.9562844 seconds
2024-10-03T11:32:26.167+0300: 1118.750: [GC (Allocation Failure) 2024-10-03T11:32:26.167+0300: 1118.750: [DefNew: 559436K->204K(629120K), 0.0010452 secs] 563812K->4582K(2027264K), 0.0011464 secs] [Times: user=0.00 sys=0.00, real=0.00 secs] 
2024-10-03T11:32:26.167+0300: 1118.752: Total time for which application threads were stopped: 0.0470938 seconds, Stopping threads took: 0.0457842 seconds
2024-10-03T11:32:30.106+0300: 1122.690: Application time: 3.9383759 seconds
2024-10-03T11:32:30.153+0300: 1122.736: [GC (Allocation Failure) 2024-10-03T11:32:30.153+0300: 1122.736: [DefNew: 559328K->400K(629120K), 0.0009846 secs] 563706K->4780K(2027264K), 0.0010942 secs] [Times: user=0.00 sys=0.00, real=0.00 secs] 
2024-10-03T11:32:30.153+0300: 1122.737: Total time for which application threads were stopped: 0.0469608 seconds, Stopping threads took: 0.0457027 seconds
2024-10-03T11:32:34.092+0300: 1126.683: Application time: 3.9464532 seconds
2024-10-03T11:32:34.139+0300: 1126.722: [GC (Allocation Failure) 2024-10-03T11:32:34.139+0300: 1126.722: [DefNew: 559247K->595K(629120K), 0.0011180 secs] 563628K->4978K(2027264K), 0.0012222 secs] [Times: user=0.00 sys=0.00, real=0.00 secs] 
2024-10-03T11:32:34.139+0300: 1126.723: Total time for which application threads were stopped: 0.0399366 seconds, Stopping threads took: 0.0385459 seconds
2024-10-03T11:32:38.077+0300: 1130.666: Application time: 3.9429742 seconds
2024-10-03T11:32:38.124+0300: 1130.707: [GC (Allocation Failure) 2024-10-03T11:32:38.124+0300: 1130.707: [DefNew: 559484K->595K(629120K), 0.0011428 secs] 563866K->4980K(2027264K), 0.0012691 secs] [Times: user=0.00 sys=0.00, real=0.00 secs] 
2024-10-03T11:32:38.124+0300: 1130.708: Total time for which application threads were stopped: 0.0421481 seconds, Stopping threads took: 0.0406986 seconds
2024-10-03T11:32:42.063+0300: 1134.647: Application time: 3.9384814 seconds
2024-10-03T11:32:42.110+0300: 1134.693: [GC (Allocation Failure) 2024-10-03T11:32:42.110+0300: 1134.693: [DefNew: 559827K->985K(629120K), 0.0009206 secs] 564212K->5372K(2027264K), 0.0011417 secs] [Times: user=0.00 sys=0.00, real=0.00 secs] 
2024-10-03T11:32:42.110+0300: 1134.694: Total time for which application threads were stopped: 0.0474138 seconds, Stopping threads took: 0.0461109 seconds
2024-10-03T11:32:46.048+0300: 1138.639: Application time: 3.9443127 seconds
2024-10-03T11:32:46.095+0300: 1138.678: [GC (Allocation Failure) 2024-10-03T11:32:46.095+0300: 1138.678: [DefNew: 560169K->1181K(629120K), 0.0012224 secs] 564555K->5570K(2027264K), 0.0013348 secs] [Times: user=0.00 sys=0.00, real=0.00 secs] 
2024-10-03T11:32:46.095+0300: 1138.680: Total time for which application threads were stopped: 0.0411192 seconds, Stopping threads took: 0.0396169 seconds
2024-10-03T11:32:50.050+0300: 1142.643: Application time: 3.9628660 seconds
2024-10-03T11:32:50.097+0300: 1142.680: [GC (Allocation Failure) 2024-10-03T11:32:50.097+0300: 1142.680: [DefNew: 560413K->204K(629120K), 0.0010372 secs] 564802K->4596K(2027264K), 0.0011434 secs] [Times: user=0.00 sys=0.00, real=0.00 secs] 
2024-10-03T11:32:50.097+0300: 1142.681: Total time for which application threads were stopped: 0.0383074 seconds, Stopping threads took: 0.0369959 seconds
2024-10-03T11:32:54.019+0300: 1146.615: Application time: 3.9338235 seconds
2024-10-03T11:32:54.082+0300: 1146.665: [GC (Allocation Failure) 2024-10-03T11:32:54.082+0300: 1146.665: [DefNew: 559263K->595K(629120K), 0.0010413 secs] 563655K->4989K(2027264K), 0.0011487 secs] [Times: user=0.00 sys=0.00, real=0.00 secs] 
2024-10-03T11:32:54.082+0300: 1146.667: Total time for which application threads were stopped: 0.0517894 seconds, Stopping threads took: 0.0504777 seconds
2024-10-03T11:32:58.049+0300: 1150.642: Application time: 3.9750472 seconds
2024-10-03T11:32:58.112+0300: 1150.696: [GC (Allocation Failure) 2024-10-03T11:32:58.112+0300: 1150.696: [DefNew: 559790K->791K(629120K), 0.0007277 secs] 564184K->5187K(2027264K), 0.0007952 secs] [Times: user=0.00 sys=0.00, real=0.00 secs] 
2024-10-03T11:32:58.112+0300: 1150.696: Total time for which application threads were stopped: 0.0547070 seconds, Stopping threads took: 0.0537841 seconds
2024-10-03T11:33:02.071+0300: 1154.661: Application time: 3.9648147 seconds
2024-10-03T11:33:02.114+0300: 1154.697: [GC (Allocation Failure) 2024-10-03T11:33:02.114+0300: 1154.697: [DefNew: 559840K->985K(629120K), 0.0010969 secs] 564236K->5384K(2027264K), 0.0012079 secs] [Times: user=0.00 sys=0.00, real=0.00 secs] 
2024-10-03T11:33:02.114+0300: 1154.698: Total time for which application threads were stopped: 0.0369556 seconds, Stopping threads took: 0.0355816 seconds
2024-10-03T11:33:06.052+0300: 1158.650: Application time: 3.9515968 seconds
2024-10-03T11:33:06.115+0300: 1158.698: [GC (Allocation Failure) 2024-10-03T11:33:06.115+0300: 1158.698: [DefNew: 560217K->205K(629120K), 0.0010120 secs] 564616K->4605K(2027264K), 0.0011096 secs] [Times: user=0.00 sys=0.00, real=0.00 secs] 
2024-10-03T11:33:06.115+0300: 1158.699: Total time for which application threads were stopped: 0.0495143 seconds, Stopping threads took: 0.0482459 seconds
2024-10-03T11:33:10.037+0300: 1162.627: Application time: 3.9275172 seconds
2024-10-03T11:33:10.084+0300: 1162.667: [GC (Allocation Failure) 2024-10-03T11:33:10.084+0300: 1162.667: [DefNew: 559437K->204K(629120K), 0.0009446 secs] 563837K->4607K(2027264K), 0.0010447 secs] [Times: user=0.00 sys=0.00, real=0.00 secs] 
2024-10-03T11:33:10.084+0300: 1162.668: Total time for which application threads were stopped: 0.0414388 seconds, Stopping threads took: 0.0402365 seconds
2024-10-03T11:33:14.023+0300: 1166.617: Application time: 3.9486593 seconds
2024-10-03T11:33:14.070+0300: 1166.654: [GC (Allocation Failure) 2024-10-03T11:33:14.070+0300: 1166.654: [DefNew: 559436K->204K(629120K), 0.0010313 secs] 563839K->4610K(2027264K), 0.0011369 secs] [Times: user=0.00 sys=0.00, real=0.00 secs] 
2024-10-03T11:33:14.070+0300: 1166.655: Total time for which application threads were stopped: 0.0379654 seconds, Stopping threads took: 0.0365549 seconds
2024-10-03T11:33:17.992+0300: 1170.578: Application time: 3.9226928 seconds
2024-10-03T11:33:18.040+0300: 1170.623: [GC (Allocation Failure) 2024-10-03T11:33:18.040+0300: 1170.623: [DefNew: 559436K->595K(629120K), 0.0010051 secs] 563842K->5003K(2027264K), 0.0011185 secs] [Times: user=0.00 sys=0.00, real=0.00 secs] 
2024-10-03T11:33:18.040+0300: 1170.624: Total time for which application threads were stopped: 0.0465300 seconds, Stopping threads took: 0.0452371 seconds
2024-10-03T11:33:21.964+0300: 1174.551: Application time: 3.9273701 seconds
2024-10-03T11:33:22.010+0300: 1174.594: [GC (Allocation Failure) 2024-10-03T11:33:22.010+0300: 1174.594: [DefNew: 559625K->595K(629120K), 0.0010876 secs] 564032K->5005K(2027264K), 0.0012045 secs] [Times: user=0.00 sys=0.00, real=0.00 secs] 
2024-10-03T11:33:22.010+0300: 1174.595: Total time for which application threads were stopped: 0.0434355 seconds, Stopping threads took: 0.0420707 seconds
2024-10-03T11:33:25.949+0300: 1178.537: Application time: 3.9424624 seconds
2024-10-03T11:33:25.996+0300: 1178.579: [GC (Allocation Failure) 2024-10-03T11:33:25.996+0300: 1178.580: [DefNew: 559821K->1181K(629120K), 0.0012757 secs] 564231K->5593K(2027264K), 0.0013878 secs] [Times: user=0.00 sys=0.00, real=0.00 secs] 
2024-10-03T11:33:25.996+0300: 1178.581: Total time for which application threads were stopped: 0.0435958 seconds, Stopping threads took: 0.0420369 seconds
2024-10-03T11:33:29.935+0300: 1182.529: Application time: 3.9481406 seconds
2024-10-03T11:33:29.982+0300: 1182.565: [GC (Allocation Failure) 2024-10-03T11:33:29.982+0300: 1182.565: [DefNew: 560231K->400K(629120K), 0.0009971 secs] 564643K->4814K(2027264K), 0.0011001 secs] [Times: user=0.00 sys=0.00, real=0.00 secs] 
2024-10-03T11:33:29.982+0300: 1182.566: Total time for which application threads were stopped: 0.0369004 seconds, Stopping threads took: 0.0356367 seconds
2024-10-03T11:33:33.906+0300: 1186.499: Application time: 3.9325305 seconds
2024-10-03T11:33:33.969+0300: 1186.552: [GC (Allocation Failure) 2024-10-03T11:33:33.969+0300: 1186.552: [DefNew: 559609K->985K(629120K), 0.0011059 secs] 564023K->5402K(2027264K), 0.0012173 secs] [Times: user=0.00 sys=0.00, real=0.00 secs] 
2024-10-03T11:33:33.969+0300: 1186.553: Total time for which application threads were stopped: 0.0544671 seconds, Stopping threads took: 0.0530820 seconds
2024-10-03T11:33:37.892+0300: 1190.486: Application time: 3.9330847 seconds
2024-10-03T11:33:37.955+0300: 1190.538: [GC (Allocation Failure) 2024-10-03T11:33:37.955+0300: 1190.539: [DefNew: 560195K->595K(629120K), 0.0010411 secs] 564611K->5014K(2027264K), 0.0011503 secs] [Times: user=0.00 sys=0.00, real=0.00 secs] 
2024-10-03T11:33:37.955+0300: 1190.540: Total time for which application threads were stopped: 0.0535882 seconds, Stopping threads took: 0.0522680 seconds
2024-10-03T11:33:41.878+0300: 1194.463: Application time: 3.9232497 seconds
2024-10-03T11:33:41.925+0300: 1194.508: [GC (Allocation Failure) 2024-10-03T11:33:41.925+0300: 1194.508: [DefNew: 559827K->1181K(629120K), 0.0009755 secs] 564246K->5602K(2027264K), 0.0010805 secs] [Times: user=0.00 sys=0.00, real=0.00 secs] 
2024-10-03T11:33:41.925+0300: 1194.509: Total time for which application threads were stopped: 0.0461188 seconds, Stopping threads took: 0.0448864 seconds
2024-10-03T11:33:45.847+0300: 1198.438: Application time: 3.9290078 seconds
2024-10-03T11:33:45.895+0300: 1198.478: [GC (Allocation Failure) 2024-10-03T11:33:45.895+0300: 1198.478: [DefNew: 560383K->1181K(629120K), 0.0009533 secs] 564804K->5604K(2027264K), 0.0010341 secs] [Times: user=0.00 sys=0.00, real=0.00 secs] 
2024-10-03T11:33:45.895+0300: 1198.479: Total time for which application threads were stopped: 0.0408950 seconds, Stopping threads took: 0.0397411 seconds
2024-10-03T11:33:49.850+0300: 1202.438: Application time: 3.9592319 seconds
2024-10-03T11:33:49.898+0300: 1202.481: [GC (Allocation Failure) 2024-10-03T11:33:49.898+0300: 1202.481: [DefNew: 560283K->400K(629120K), 0.0009813 secs] 564706K->4825K(2027264K), 0.0010948 secs] [Times: user=0.00 sys=0.00, real=0.00 secs] 
2024-10-03T11:33:49.898+0300: 1202.482: Total time for which application threads were stopped: 0.0437187 seconds, Stopping threads took: 0.0424544 seconds
2024-10-03T11:33:53.804+0300: 1206.402: Application time: 3.9197484 seconds
2024-10-03T11:33:53.866+0300: 1206.450: [GC (Allocation Failure) 2024-10-03T11:33:53.866+0300: 1206.450: [DefNew: 559632K->204K(629120K), 0.0010291 secs] 564057K->4632K(2027264K), 0.0011335 secs] [Times: user=0.00 sys=0.00, real=0.00 secs] 
2024-10-03T11:33:53.866+0300: 1206.451: Total time for which application threads were stopped: 0.0491417 seconds, Stopping threads took: 0.0478598 seconds
2024-10-03T11:33:57.790+0300: 1210.389: Application time: 3.9380077 seconds
2024-10-03T11:33:57.853+0300: 1210.436: [GC (Allocation Failure) 2024-10-03T11:33:57.853+0300: 1210.436: [DefNew: 559413K->595K(629120K), 0.0008798 secs] 563841K->5025K(2027264K), 0.0009785 secs] [Times: user=0.00 sys=0.00, real=0.00 secs] 
2024-10-03T11:33:57.853+0300: 1210.437: Total time for which application threads were stopped: 0.0481638 seconds, Stopping threads took: 0.0470426 seconds
2024-10-03T11:34:01.809+0300: 1214.393: Application time: 3.9560051 seconds
2024-10-03T11:34:01.856+0300: 1214.439: [GC (Allocation Failure) 2024-10-03T11:34:01.856+0300: 1214.439: [DefNew: 559760K->205K(629120K), 0.0004588 secs] 564190K->4637K(2027264K), 0.0005056 secs] [Times: user=0.00 sys=0.00, real=0.00 secs] 
2024-10-03T11:34:01.856+0300: 1214.439: Total time for which application threads were stopped: 0.0463750 seconds, Stopping threads took: 0.0457824 seconds
2024-10-03T11:34:05.812+0300: 1218.397: Application time: 3.9575708 seconds
2024-10-03T11:34:05.859+0300: 1218.442: [GC (Allocation Failure) 2024-10-03T11:34:05.859+0300: 1218.442: [DefNew: 559437K->204K(629120K), 0.0005311 secs] 563869K->4639K(2027264K), 0.0005870 secs] [Times: user=0.00 sys=0.00, real=0.00 secs] 
2024-10-03T11:34:05.859+0300: 1218.442: Total time for which application threads were stopped: 0.0452674 seconds, Stopping threads took: 0.0445745 seconds
2024-10-03T11:34:09.248+0300: 1221.839: Application time: 3.3970977 seconds
2024-10-03T11:34:09.295+0300: 1221.878: Total time for which application threads were stopped: 0.0388050 seconds, Stopping threads took: 0.0386966 seconds
2024-10-03T11:34:09.501+0300: 1222.086: Application time: 0.2080322 seconds
2024-10-03T11:34:09.515+0300: 1222.098: Total time for which application threads were stopped: 0.0119207 seconds, Stopping threads took: 0.0118381 seconds
2024-10-03T11:34:09.625+0300: 1222.214: Application time: 0.1162635 seconds
2024-10-03T11:34:09.672+0300: 1222.255: Total time for which application threads were stopped: 0.0407338 seconds, Stopping threads took: 0.0406516 seconds
2024-10-03T11:34:09.766+0300: 1222.362: Application time: 0.1073231 seconds
2024-10-03T11:34:09.766+0300: 1222.363: Total time for which application threads were stopped: 0.0008674 seconds, Stopping threads took: 0.0008033 seconds
2024-10-03T11:34:09.860+0300: 1222.443: Application time: 0.0801956 seconds
2024-10-03T11:34:09.860+0300: 1222.444: Total time for which application threads were stopped: 0.0001725 seconds, Stopping threads took: 0.0000290 seconds
2024-10-03T11:34:09.902+0300: 1222.486: Application time: 0.0420734 seconds
2024-10-03T11:34:09.902+0300: 1222.486: Total time for which application threads were stopped: 0.0000698 seconds, Stopping threads took: 0.0000245 seconds
2024-10-03T11:34:09.954+0300: 1222.544: Application time: 0.0581690 seconds
2024-10-03T11:34:09.954+0300: 1222.544: Total time for which application threads were stopped: 0.0001768 seconds, Stopping threads took: 0.0000305 seconds
2024-10-03T11:34:10.002+0300: 1222.594: Application time: 0.0499567 seconds
2024-10-03T11:34:10.002+0300: 1222.594: Total time for which application threads were stopped: 0.0002272 seconds, Stopping threads took: 0.0000439 seconds
2024-10-03T11:34:10.033+0300: 1222.619: Application time: 0.0245457 seconds
2024-10-03T11:34:10.033+0300: 1222.619: Total time for which application threads were stopped: 0.0001869 seconds, Stopping threads took: 0.0000992 seconds
2024-10-03T11:34:10.048+0300: 1222.638: Application time: 0.0192617 seconds
2024-10-03T11:34:10.048+0300: 1222.638: Total time for which application threads were stopped: 0.0000835 seconds, Stopping threads took: 0.0000473 seconds
2024-10-03T11:34:10.112+0300: 1222.698: Application time: 0.0599508 seconds
2024-10-03T11:34:10.112+0300: 1222.699: [GC (Allocation Failure) 2024-10-03T11:34:10.112+0300: 1222.699: [DefNew: 559436K->8521K(629120K), 0.0095050 secs] 563871K->12958K(2027264K), 0.0096043 secs] [Times: user=0.00 sys=0.00, real=0.00 secs] 
2024-10-03T11:34:10.112+0300: 1222.708: Total time for which application threads were stopped: 0.0098020 seconds, Stopping threads took: 0.0000535 seconds
2024-10-03T11:34:10.112+0300: 1222.709: Application time: 0.0009019 seconds
2024-10-03T11:34:10.112+0300: 1222.709: Total time for which application threads were stopped: 0.0001314 seconds, Stopping threads took: 0.0000929 seconds
2024-10-03T11:34:10.112+0300: 1222.709: Application time: 0.0001674 seconds
2024-10-03T11:34:10.112+0300: 1222.709: Total time for which application threads were stopped: 0.0000778 seconds, Stopping threads took: 0.0000335 seconds
2024-10-03T11:34:10.112+0300: 1222.710: Application time: 0.0000657 seconds
2024-10-03T11:34:10.112+0300: 1222.710: Total time for which application threads were stopped: 0.0000390 seconds, Stopping threads took: 0.0000170 seconds
2024-10-03T11:34:10.112+0300: 1222.710: Application time: 0.0000839 seconds
2024-10-03T11:34:10.112+0300: 1222.710: Total time for which application threads were stopped: 0.0000357 seconds, Stopping threads took: 0.0000170 seconds
2024-10-03T11:34:10.159+0300: 1222.755: Application time: 0.0450262 seconds
2024-10-03T11:34:10.159+0300: 1222.755: Total time for which application threads were stopped: 0.0001943 seconds, Stopping threads took: 0.0000204 seconds
2024-10-03T11:34:10.174+0300: 1222.761: Application time: 0.0061929 seconds
2024-10-03T11:34:10.174+0300: 1222.761: Total time for which application threads were stopped: 0.0002981 seconds, Stopping threads took: 0.0000513 seconds
2024-10-03T11:34:10.174+0300: 1222.763: Application time: 0.0016825 seconds
2024-10-03T11:34:10.174+0300: 1222.763: Total time for which application threads were stopped: 0.0001316 seconds, Stopping threads took: 0.0000198 seconds
2024-10-03T11:34:10.457+0300: 1223.055: Application time: 0.2915156 seconds
2024-10-03T11:34:10.457+0300: 1223.055: Total time for which application threads were stopped: 0.0000802 seconds, Stopping threads took: 0.0000278 seconds
2024-10-03T11:34:11.163+0300: 1223.746: Application time: 0.6910796 seconds
2024-10-03T11:34:11.163+0300: 1223.746: Total time for which application threads were stopped: 0.0002138 seconds, Stopping threads took: 0.0000911 seconds
2024-10-03T11:34:11.163+0300: 1223.746: Application time: 0.0003356 seconds
2024-10-03T11:34:11.163+0300: 1223.747: Total time for which application threads were stopped: 0.0000509 seconds, Stopping threads took: 0.0000295 seconds
2024-10-03T11:34:11.163+0300: 1223.747: Application time: 0.0002740 seconds
2024-10-03T11:34:11.163+0300: 1223.747: Total time for which application threads were stopped: 0.0000725 seconds, Stopping threads took: 0.0000470 seconds
2024-10-03T11:34:11.367+0300: 1223.957: Application time: 0.2102812 seconds
2024-10-03T11:34:11.367+0300: 1223.957: [GC (Allocation Failure) 2024-10-03T11:34:11.367+0300: 1223.957: [DefNew: 567753K->13007K(629120K), 0.0152602 secs] 572190K->17446K(2027264K), 0.0153764 secs] [Times: user=0.00 sys=0.02, real=0.01 secs] 
2024-10-03T11:34:11.382+0300: 1223.973: Total time for which application threads were stopped: 0.0156476 seconds, Stopping threads took: 0.0000524 seconds
2024-10-03T11:34:11.382+0300: 1223.973: Application time: 0.0002671 seconds
2024-10-03T11:34:11.382+0300: 1223.973: Total time for which application threads were stopped: 0.0001674 seconds, Stopping threads took: 0.0000957 seconds
2024-10-03T11:34:11.382+0300: 1223.973: Application time: 0.0000623 seconds
2024-10-03T11:34:11.382+0300: 1223.973: Total time for which application threads were stopped: 0.0000650 seconds, Stopping threads took: 0.0000224 seconds
2024-10-03T11:34:11.382+0300: 1223.974: Application time: 0.0001346 seconds
2024-10-03T11:34:11.382+0300: 1223.974: Total time for which application threads were stopped: 0.0001697 seconds, Stopping threads took: 0.0000936 seconds
2024-10-03T11:34:11.382+0300: 1223.974: Application time: 0.0000664 seconds
2024-10-03T11:34:11.382+0300: 1223.974: Total time for which application threads were stopped: 0.0000893 seconds, Stopping threads took: 0.0000544 seconds
2024-10-03T11:34:11.382+0300: 1223.974: Application time: 0.0000848 seconds
2024-10-03T11:34:11.382+0300: 1223.974: Total time for which application threads were stopped: 0.0001400 seconds, Stopping threads took: 0.0000919 seconds
2024-10-03T11:34:11.445+0300: 1224.029: Application time: 0.0552328 seconds
2024-10-03T11:34:11.445+0300: 1224.029: Total time for which application threads were stopped: 0.0000928 seconds, Stopping threads took: 0.0000462 seconds
2024-10-03T11:34:11.508+0300: 1224.093: Application time: 0.0635076 seconds
2024-10-03T11:34:11.508+0300: 1224.093: Total time for which application threads were stopped: 0.0001262 seconds, Stopping threads took: 0.0000449 seconds
2024-10-03T11:34:11.508+0300: 1224.096: Application time: 0.0027918 seconds
2024-10-03T11:34:11.508+0300: 1224.096: Total time for which application threads were stopped: 0.0000431 seconds, Stopping threads took: 0.0000200 seconds
2024-10-03T11:34:11.508+0300: 1224.096: Application time: 0.0003931 seconds
2024-10-03T11:34:11.508+0300: 1224.096: Total time for which application threads were stopped: 0.0000265 seconds, Stopping threads took: 0.0000190 seconds
2024-10-03T11:34:11.508+0300: 1224.105: Application time: 0.0089771 seconds
2024-10-03T11:34:11.508+0300: 1224.105: Total time for which application threads were stopped: 0.0000515 seconds, Stopping threads took: 0.0000253 seconds
Heap
 def new generation   total 629120K, used 214684K [0x0000000080000000, 0x00000000aaaa0000, 0x00000000aaaa0000)
  eden space 559232K,  36% used [0x0000000080000000, 0x000000008c4f31d0, 0x00000000a2220000)
  from space 69888K,  18% used [0x00000000a2220000, 0x00000000a2ed3e60, 0x00000000a6660000)
  to   space 69888K,   0% used [0x00000000a6660000, 0x00000000a6660000, 0x00000000aaaa0000)
 tenured generation   total 1398144K, used 4439K [0x00000000aaaa0000, 0x0000000100000000, 0x0000000100000000)
   the space 1398144K,   0% used [0x00000000aaaa0000, 0x00000000aaef5c48, 0x00000000aaef5e00, 0x0000000100000000)
 Metaspace       used 15917K, capacity 16132K, committed 16384K, reserved 1064960K
  class space    used 1645K, capacity 1718K, committed 1792K, reserved 1048576K
2024-10-03T11:34:11.620+0300: 1224.203: Application time: 0.0976365 seconds
