OpenJDK 64-Bit Server VM (25.422-b05) for windows-amd64 JRE (1.8.0_422-422-b05), built on Jul 18 2024 05:34:18 by "Administrator" with MS VC++ 16.10 / 16.11 (VS2019)
Memory: 4k page, physical 15965620k(10932852k free), swap 19635636k(12460992k free)
CommandLine flags: -XX:InitialHeapSize=838860800 -XX:MaxHeapSize=838860800 -XX:+PrintGC -XX:+PrintGCApplicationConcurrentTime -XX:+PrintGCApplicationStoppedTime -XX:+PrintGCDateStamps -XX:+PrintGCDetails -XX:+PrintGCTimeStamps -XX:+UnlockExperimentalVMOptions -XX:+UseCompressedClassPointers -XX:+UseCompressedOops -XX:-UseLargePagesIndividualAllocation -XX:+UseParallelGC -XX:+UseParallelOldGC 
2024-10-05T11:52:59.253+0300: 0.065: Application time: 0.0178624 seconds
2024-10-05T11:52:59.253+0300: 0.065: Total time for which application threads were stopped: 0.0000729 seconds, Stopping threads took: 0.0000287 seconds
2024-10-05T11:52:59.253+0300: 0.073: Application time: 0.0079822 seconds
2024-10-05T11:52:59.253+0300: 0.073: Total time for which application threads were stopped: 0.0000634 seconds, Stopping threads took: 0.0000220 seconds
2024-10-05T11:52:59.425+0300: 0.238: Application time: 0.1651650 seconds
2024-10-05T11:52:59.425+0300: 0.238: [GC (System.gc()) [PSYoungGen: 24641K->3910K(239104K)] 24641K->3918K(785408K), 0.0028996 secs] [Times: user=0.00 sys=0.00, real=0.00 secs] 
2024-10-05T11:52:59.425+0300: 0.241: [Full GC (System.gc()) [PSYoungGen: 3910K->0K(239104K)] [ParOldGen: 8K->3705K(546304K)] 3918K->3705K(785408K), [Metaspace: 7069K->7069K(1056768K)], 0.0091297 secs] [Times: user=0.00 sys=0.00, real=0.00 secs] 
2024-10-05T11:52:59.425+0300: 0.250: Total time for which application threads were stopped: 0.0123198 seconds, Stopping threads took: 0.0000327 seconds
2024-10-05T11:52:59.425+0300: 0.250: Application time: 0.0000664 seconds
2024-10-05T11:52:59.425+0300: 0.250: [GC (System.gc()) [PSYoungGen: 0K->0K(239104K)] 3705K->3705K(785408K), 0.0004442 secs] [Times: user=0.02 sys=0.00, real=0.02 secs] 
2024-10-05T11:52:59.441+0300: 0.251: [Full GC (System.gc()) [PSYoungGen: 0K->0K(239104K)] [ParOldGen: 3705K->3705K(546304K)] 3705K->3705K(785408K), [Metaspace: 7069K->7069K(1056768K)], 0.0046736 secs] [Times: user=0.00 sys=0.00, real=0.00 secs] 
2024-10-05T11:52:59.441+0300: 0.256: Total time for which application threads were stopped: 0.0052970 seconds, Stopping threads took: 0.0000405 seconds
2024-10-05T11:52:59.473+0300: 0.293: Application time: 0.0377766 seconds
2024-10-05T11:52:59.473+0300: 0.294: [GC (Allocation Failure) [PSYoungGen: 205312K->33776K(239104K)] 209017K->193546K(785408K), 0.0462147 secs] [Times: user=0.01 sys=0.09, real=0.05 secs] 
2024-10-05T11:52:59.520+0300: 0.340: Total time for which application threads were stopped: 0.0467391 seconds, Stopping threads took: 0.0003482 seconds
2024-10-05T11:53:00.523+0300: 1.333: Application time: 0.9926545 seconds
2024-10-05T11:53:00.523+0300: 1.333: Total time for which application threads were stopped: 0.0005176 seconds, Stopping threads took: 0.0004107 seconds
2024-10-05T11:53:03.283+0300: 4.093: Application time: 2.7594572 seconds
2024-10-05T11:53:03.283+0300: 4.093: Total time for which application threads were stopped: 0.0005068 seconds, Stopping threads took: 0.0003824 seconds
2024-10-05T11:53:22.722+0300: 23.537: Application time: 19.4436998 seconds
2024-10-05T11:53:22.722+0300: 23.537: Total time for which application threads were stopped: 0.0003217 seconds, Stopping threads took: 0.0002498 seconds
2024-10-05T11:53:22.753+0300: 23.572: Application time: 0.0350337 seconds
2024-10-05T11:53:22.753+0300: 23.573: [GC (Allocation Failure) [PSYoungGen: 239088K->33776K(239104K)] 398858K->373113K(785408K), 0.0519438 secs] [Times: user=0.05 sys=0.23, real=0.05 secs] 
2024-10-05T11:53:22.800+0300: 23.625: [Full GC (Ergonomics) [PSYoungGen: 33776K->0K(239104K)] [ParOldGen: 339336K->187932K(546304K)] 373113K->187932K(785408K), [Metaspace: 7129K->7129K(1056768K)], 0.0346130 secs] [Times: user=0.01 sys=0.02, real=0.05 secs] 
2024-10-05T11:53:22.847+0300: 23.660: Total time for which application threads were stopped: 0.0872698 seconds, Stopping threads took: 0.0003417 seconds
2024-10-05T11:55:12.321+0300: 133.131: Application time: 109.4710540 seconds
2024-10-05T11:55:16.624+0300: 137.434: Total time for which application threads were stopped: 4.3035168 seconds, Stopping threads took: 4.3034305 seconds
2024-10-05T11:56:10.863+0300: 191.673: Application time: 54.2387187 seconds
2024-10-05T11:56:15.434+0300: 196.244: Total time for which application threads were stopped: 4.5708797 seconds, Stopping threads took: 4.5707253 seconds
2024-10-05T11:56:16.438+0300: 197.248: Application time: 1.0043375 seconds
2024-10-05T11:56:21.522+0300: 202.332: Total time for which application threads were stopped: 5.0839451 seconds, Stopping threads took: 5.0838344 seconds
2024-10-05T11:56:22.527+0300: 203.337: Application time: 1.0049788 seconds
2024-10-05T11:56:27.614+0300: 208.424: Total time for which application threads were stopped: 5.0869800 seconds, Stopping threads took: 5.0868237 seconds
2024-10-05T11:57:04.779+0300: 245.589: Application time: 37.1647240 seconds
2024-10-05T11:57:10.224+0300: 251.034: Total time for which application threads were stopped: 5.4450921 seconds, Stopping threads took: 5.4449707 seconds
2024-10-05T11:57:17.261+0300: 258.071: Application time: 7.0372538 seconds
2024-10-05T11:57:22.425+0300: 263.235: Total time for which application threads were stopped: 5.1640775 seconds, Stopping threads took: 5.1639558 seconds
2024-10-05T11:57:28.455+0300: 269.265: Application time: 6.0294941 seconds
2024-10-05T11:57:32.819+0300: 273.630: Total time for which application threads were stopped: 4.3649021 seconds, Stopping threads took: 4.3647901 seconds
2024-10-05T11:57:32.819+0300: 273.633: Application time: 0.0038704 seconds
2024-10-05T11:57:32.819+0300: 273.634: Total time for which application threads were stopped: 0.0003632 seconds, Stopping threads took: 0.0002550 seconds
2024-10-05T11:57:37.612+0300: 278.429: Application time: 4.7953814 seconds
2024-10-05T11:57:37.722+0300: 278.532: Total time for which application threads were stopped: 0.1029639 seconds, Stopping threads took: 0.1028310 seconds
2024-10-05T11:57:37.722+0300: 278.533: Application time: 0.0006529 seconds
2024-10-05T11:57:37.722+0300: 278.533: Total time for which application threads were stopped: 0.0001250 seconds, Stopping threads took: 0.0000979 seconds
2024-10-05T11:57:37.722+0300: 278.533: Application time: 0.0000666 seconds
2024-10-05T11:57:37.722+0300: 278.533: Total time for which application threads were stopped: 0.0001075 seconds, Stopping threads took: 0.0000468 seconds
2024-10-05T11:57:37.722+0300: 278.540: Application time: 0.0071514 seconds
2024-10-05T11:57:37.722+0300: 278.541: Total time for which application threads were stopped: 0.0002878 seconds, Stopping threads took: 0.0002391 seconds
2024-10-05T11:57:37.738+0300: 278.561: Application time: 0.0204701 seconds
2024-10-05T11:57:37.738+0300: 278.562: [GC (Allocation Failure) [PSYoungGen: 205312K->33776K(239104K)] 393244K->368124K(785408K), 0.0291570 secs] [Times: user=0.05 sys=0.02, real=0.03 secs] 
2024-10-05T11:57:37.769+0300: 278.591: [Full GC (Ergonomics) [PSYoungGen: 33776K->0K(239104K)] [ParOldGen: 334347K->171029K(546304K)] 368124K->171029K(785408K), [Metaspace: 7284K->7284K(1056768K)], 0.0321060 secs] [Times: user=0.05 sys=0.00, real=0.03 secs] 
2024-10-05T11:57:37.800+0300: 278.623: Total time for which application threads were stopped: 0.0618956 seconds, Stopping threads took: 0.0003467 seconds
2024-10-05T11:59:28.265+0300: 389.075: Application time: 110.4520749 seconds
2024-10-05T11:59:33.039+0300: 393.849: Total time for which application threads were stopped: 4.7743702 seconds, Stopping threads took: 4.7742429 seconds
2024-10-05T11:59:34.045+0300: 394.854: Application time: 1.0048113 seconds
2024-10-05T11:59:39.162+0300: 399.972: Total time for which application threads were stopped: 5.1176869 seconds, Stopping threads took: 5.1175458 seconds
2024-10-05T11:59:45.187+0300: 405.997: Application time: 6.0247933 seconds
2024-10-05T11:59:49.537+0300: 410.347: Total time for which application threads were stopped: 4.3500773 seconds, Stopping threads took: 4.3499785 seconds
2024-10-05T12:01:00.846+0300: 481.655: Application time: 71.3084271 seconds
2024-10-05T12:01:05.242+0300: 486.052: Total time for which application threads were stopped: 4.3971094 seconds, Stopping threads took: 4.3970156 seconds
2024-10-05T12:01:42.001+0300: 522.816: Application time: 36.7637249 seconds
2024-10-05T12:01:46.596+0300: 527.405: Total time for which application threads were stopped: 4.5893006 seconds, Stopping threads took: 4.5891855 seconds
2024-10-05T12:01:46.596+0300: 527.406: Application time: 0.0005071 seconds
2024-10-05T12:01:46.596+0300: 527.406: Total time for which application threads were stopped: 0.0001590 seconds, Stopping threads took: 0.0001059 seconds
2024-10-05T12:01:46.596+0300: 527.406: Application time: 0.0000480 seconds
2024-10-05T12:01:46.596+0300: 527.406: Total time for which application threads were stopped: 0.0000439 seconds, Stopping threads took: 0.0000261 seconds
2024-10-05T12:01:46.596+0300: 527.411: Application time: 0.0047297 seconds
2024-10-05T12:01:46.596+0300: 527.411: Total time for which application threads were stopped: 0.0002720 seconds, Stopping threads took: 0.0002360 seconds
2024-10-05T12:01:46.615+0300: 527.430: Application time: 0.0184951 seconds
2024-10-05T12:01:46.615+0300: 527.430: [GC (Allocation Failure) [PSYoungGen: 205312K->33776K(239104K)] 376341K->351845K(785408K), 0.0373401 secs] [Times: user=0.20 sys=0.02, real=0.03 secs] 
2024-10-05T12:01:46.643+0300: 527.468: [Full GC (Ergonomics) [PSYoungGen: 33776K->0K(239104K)] [ParOldGen: 318068K->154758K(546304K)] 351845K->154758K(785408K), [Metaspace: 7308K->7308K(1056768K)], 0.0309718 secs] [Times: user=0.01 sys=0.00, real=0.03 secs] 
2024-10-05T12:01:46.674+0300: 527.499: Total time for which application threads were stopped: 0.0690567 seconds, Stopping threads took: 0.0004235 seconds
2024-10-05T12:05:06.506+0300: 727.316: Application time: 199.8170534 seconds
2024-10-05T12:05:10.888+0300: 731.698: Total time for which application threads were stopped: 4.3822784 seconds, Stopping threads took: 4.3821571 seconds
2024-10-05T12:05:51.996+0300: 772.808: Application time: 41.1103298 seconds
2024-10-05T12:05:56.457+0300: 777.267: Total time for which application threads were stopped: 4.4583810 seconds, Stopping threads took: 4.4582559 seconds
2024-10-05T12:05:56.457+0300: 777.267: Application time: 0.0004782 seconds
2024-10-05T12:05:56.457+0300: 777.268: Total time for which application threads were stopped: 0.0002656 seconds, Stopping threads took: 0.0002196 seconds
2024-10-05T12:05:56.457+0300: 777.268: Application time: 0.0002007 seconds
2024-10-05T12:05:56.457+0300: 777.268: Total time for which application threads were stopped: 0.0000893 seconds, Stopping threads took: 0.0000464 seconds
2024-10-05T12:05:56.457+0300: 777.273: Application time: 0.0051669 seconds
2024-10-05T12:05:56.457+0300: 777.274: Total time for which application threads were stopped: 0.0005412 seconds, Stopping threads took: 0.0005062 seconds
2024-10-05T12:05:56.472+0300: 777.291: Application time: 0.0170099 seconds
2024-10-05T12:05:56.472+0300: 777.291: [GC (Allocation Failure) [PSYoungGen: 205312K->33776K(239104K)] 360070K->335595K(785408K), 0.0271736 secs] [Times: user=0.08 sys=0.00, real=0.03 secs] 
2024-10-05T12:05:56.504+0300: 777.318: [Full GC (Ergonomics) [PSYoungGen: 33776K->0K(239104K)] [ParOldGen: 301818K->137396K(546304K)] 335595K->137396K(785408K), [Metaspace: 7318K->7307K(1056768K)], 0.0272976 secs] [Times: user=0.03 sys=0.00, real=0.03 secs] 
2024-10-05T12:05:56.535+0300: 777.346: Total time for which application threads were stopped: 0.0552289 seconds, Stopping threads took: 0.0003337 seconds
2024-10-05T12:05:57.538+0300: 778.347: Application time: 1.0016301 seconds
2024-10-05T12:06:02.621+0300: 783.431: Total time for which application threads were stopped: 5.0838630 seconds, Stopping threads took: 5.0837973 seconds
2024-10-05T12:07:36.014+0300: 876.823: Application time: 93.3921220 seconds
2024-10-05T12:07:40.802+0300: 881.612: Total time for which application threads were stopped: 4.7881814 seconds, Stopping threads took: 4.7880703 seconds
2024-10-05T12:09:56.458+0300: 1017.269: Application time: 135.6576537 seconds
2024-10-05T12:10:00.745+0300: 1021.555: Total time for which application threads were stopped: 4.2856749 seconds, Stopping threads took: 4.2855047 seconds
2024-10-05T12:10:05.652+0300: 1026.466: Application time: 4.9108631 seconds
2024-10-05T12:10:05.652+0300: 1026.466: Total time for which application threads were stopped: 0.0003758 seconds, Stopping threads took: 0.0003393 seconds
2024-10-05T12:10:05.662+0300: 1026.485: Application time: 0.0186632 seconds
2024-10-05T12:10:05.662+0300: 1026.485: [GC (Allocation Failure) [PSYoungGen: 205312K->33776K(125440K)] 342708K->287503K(671744K), 0.0443051 secs] [Times: user=0.03 sys=0.14, real=0.05 secs] 
2024-10-05T12:10:05.709+0300: 1026.530: Total time for which application threads were stopped: 0.0447730 seconds, Stopping threads took: 0.0002365 seconds
2024-10-05T12:13:26.971+0300: 1227.790: Application time: 201.2604489 seconds
2024-10-05T12:13:30.739+0300: 1231.549: [GC (Allocation Failure) [PSYoungGen: 125424K->90616K(182272K)] 379151K->363128K(728576K), 0.0188030 secs] [Times: user=0.05 sys=0.05, real=0.01 secs] 
2024-10-05T12:13:30.754+0300: 1231.568: Total time for which application threads were stopped: 3.7776706 seconds, Stopping threads took: 3.7586157 seconds
2024-10-05T12:14:11.699+0300: 1272.521: Application time: 40.9533534 seconds
2024-10-05T12:14:12.045+0300: 1272.855: Total time for which application threads were stopped: 0.3333991 seconds, Stopping threads took: 0.3332415 seconds
2024-10-05T12:14:12.045+0300: 1272.855: Application time: 0.0004592 seconds
2024-10-05T12:14:12.045+0300: 1272.855: Total time for which application threads were stopped: 0.0001593 seconds, Stopping threads took: 0.0001165 seconds
2024-10-05T12:14:12.045+0300: 1272.855: Application time: 0.0000814 seconds
2024-10-05T12:14:12.045+0300: 1272.855: Total time for which application threads were stopped: 0.0000338 seconds, Stopping threads took: 0.0000202 seconds
2024-10-05T12:14:12.061+0300: 1272.880: Application time: 0.0251581 seconds
2024-10-05T12:14:12.061+0300: 1272.881: Total time for which application threads were stopped: 0.0001827 seconds, Stopping threads took: 0.0000335 seconds
2024-10-05T12:14:12.123+0300: 1272.937: Application time: 0.0566060 seconds
2024-10-05T12:14:12.123+0300: 1272.938: Total time for which application threads were stopped: 0.0002361 seconds, Stopping threads took: 0.0000432 seconds
2024-10-05T12:14:12.171+0300: 1272.984: Application time: 0.0462756 seconds
2024-10-05T12:14:12.171+0300: 1272.984: Total time for which application threads were stopped: 0.0002479 seconds, Stopping threads took: 0.0000319 seconds
2024-10-05T12:14:12.217+0300: 1273.030: Application time: 0.0454941 seconds
2024-10-05T12:14:12.217+0300: 1273.030: Total time for which application threads were stopped: 0.0001190 seconds, Stopping threads took: 0.0000734 seconds
2024-10-05T12:14:12.327+0300: 1273.138: Application time: 0.1079027 seconds
2024-10-05T12:14:12.327+0300: 1273.138: Total time for which application threads were stopped: 0.0002128 seconds, Stopping threads took: 0.0000203 seconds
2024-10-05T12:14:12.327+0300: 1273.144: Application time: 0.0061215 seconds
2024-10-05T12:14:12.327+0300: 1273.144: Total time for which application threads were stopped: 0.0002031 seconds, Stopping threads took: 0.0000288 seconds
2024-10-05T12:14:12.327+0300: 1273.146: Application time: 0.0016296 seconds
2024-10-05T12:14:12.327+0300: 1273.146: Total time for which application threads were stopped: 0.0000951 seconds, Stopping threads took: 0.0000144 seconds
2024-10-05T12:14:12.625+0300: 1273.442: Application time: 0.2963969 seconds
2024-10-05T12:14:12.625+0300: 1273.442: Total time for which application threads were stopped: 0.0000947 seconds, Stopping threads took: 0.0000355 seconds
2024-10-05T12:14:12.814+0300: 1273.631: Application time: 0.1884023 seconds
2024-10-05T12:14:12.814+0300: 1273.631: [GC (Allocation Failure) [PSYoungGen: 182264K->16159K(182272K)] 454776K->288744K(728576K), 0.0045258 secs] [Times: user=0.00 sys=0.00, real=0.00 secs] 
2024-10-05T12:14:12.814+0300: 1273.636: Total time for which application threads were stopped: 0.0047886 seconds, Stopping threads took: 0.0000441 seconds
2024-10-05T12:14:12.814+0300: 1273.636: Application time: 0.0001951 seconds
2024-10-05T12:14:12.814+0300: 1273.636: Total time for which application threads were stopped: 0.0001236 seconds, Stopping threads took: 0.0000613 seconds
2024-10-05T12:14:12.814+0300: 1273.636: Application time: 0.0001105 seconds
2024-10-05T12:14:12.814+0300: 1273.636: Total time for which application threads were stopped: 0.0000790 seconds, Stopping threads took: 0.0000360 seconds
2024-10-05T12:14:12.814+0300: 1273.636: Application time: 0.0000246 seconds
2024-10-05T12:14:12.814+0300: 1273.636: Total time for which application threads were stopped: 0.0000567 seconds, Stopping threads took: 0.0000375 seconds
2024-10-05T12:14:12.814+0300: 1273.636: Application time: 0.0000243 seconds
2024-10-05T12:14:12.814+0300: 1273.636: Total time for which application threads were stopped: 0.0000674 seconds, Stopping threads took: 0.0000415 seconds
2024-10-05T12:14:12.814+0300: 1273.636: Application time: 0.0000602 seconds
2024-10-05T12:14:12.814+0300: 1273.636: Total time for which application threads were stopped: 0.0000621 seconds, Stopping threads took: 0.0000398 seconds
2024-10-05T12:14:12.814+0300: 1273.636: Application time: 0.0001091 seconds
2024-10-05T12:14:12.814+0300: 1273.637: Total time for which application threads were stopped: 0.0000602 seconds, Stopping threads took: 0.0000330 seconds
2024-10-05T12:14:12.814+0300: 1273.637: Application time: 0.0000265 seconds
2024-10-05T12:14:12.814+0300: 1273.637: Total time for which application threads were stopped: 0.0000321 seconds, Stopping threads took: 0.0000131 seconds
2024-10-05T12:14:12.814+0300: 1273.637: Application time: 0.0000595 seconds
2024-10-05T12:14:12.814+0300: 1273.637: Total time for which application threads were stopped: 0.0000503 seconds, Stopping threads took: 0.0000290 seconds
2024-10-05T12:14:12.814+0300: 1273.637: Application time: 0.0000332 seconds
2024-10-05T12:14:12.814+0300: 1273.637: Total time for which application threads were stopped: 0.0000466 seconds, Stopping threads took: 0.0000275 seconds
2024-10-05T12:14:12.814+0300: 1273.637: Application time: 0.0001872 seconds
2024-10-05T12:14:12.814+0300: 1273.637: Total time for which application threads were stopped: 0.0000558 seconds, Stopping threads took: 0.0000354 seconds
2024-10-05T12:14:12.814+0300: 1273.637: Application time: 0.0000601 seconds
2024-10-05T12:14:12.814+0300: 1273.637: Total time for which application threads were stopped: 0.0000470 seconds, Stopping threads took: 0.0000277 seconds
2024-10-05T12:14:12.845+0300: 1273.660: Application time: 0.0228863 seconds
2024-10-05T12:14:12.845+0300: 1273.660: Total time for which application threads were stopped: 0.0001815 seconds, Stopping threads took: 0.0001002 seconds
2024-10-05T12:14:12.971+0300: 1273.785: Application time: 0.1252516 seconds
2024-10-05T12:14:12.971+0300: 1273.786: Total time for which application threads were stopped: 0.0001298 seconds, Stopping threads took: 0.0000728 seconds
2024-10-05T12:14:13.317+0300: 1274.127: Application time: 0.3411241 seconds
2024-10-05T12:14:13.317+0300: 1274.127: Total time for which application threads were stopped: 0.0001298 seconds, Stopping threads took: 0.0000580 seconds
2024-10-05T12:14:13.317+0300: 1274.127: Application time: 0.0005546 seconds
2024-10-05T12:14:13.317+0300: 1274.127: Total time for which application threads were stopped: 0.0000168 seconds, Stopping threads took: 0.0000084 seconds
2024-10-05T12:14:13.317+0300: 1274.128: Application time: 0.0001747 seconds
2024-10-05T12:14:13.317+0300: 1274.128: Total time for which application threads were stopped: 0.0000189 seconds, Stopping threads took: 0.0000092 seconds
2024-10-05T12:14:13.317+0300: 1274.128: Application time: 0.0001733 seconds
2024-10-05T12:14:13.317+0300: 1274.128: Total time for which application threads were stopped: 0.0000300 seconds, Stopping threads took: 0.0000148 seconds
2024-10-05T12:14:13.317+0300: 1274.129: Application time: 0.0008399 seconds
2024-10-05T12:14:13.317+0300: 1274.129: Total time for which application threads were stopped: 0.0000377 seconds, Stopping threads took: 0.0000197 seconds
2024-10-05T12:14:13.317+0300: 1274.138: Application time: 0.0094436 seconds
2024-10-05T12:14:13.317+0300: 1274.138: Total time for which application threads were stopped: 0.0000821 seconds, Stopping threads took: 0.0000362 seconds
Heap
 PSYoungGen      total 182272K, used 63092K [0x00000000ef580000, 0x0000000100000000, 0x0000000100000000)
  eden space 91648K, 51% used [0x00000000ef580000,0x00000000f2355190,0x00000000f4f00000)
  from space 90624K, 17% used [0x00000000fa780000,0x00000000fb747e90,0x0000000100000000)
  to   space 90624K, 0% used [0x00000000f4f00000,0x00000000f4f00000,0x00000000fa780000)
 ParOldGen       total 546304K, used 272584K [0x00000000ce000000, 0x00000000ef580000, 0x00000000ef580000)
  object space 546304K, 49% used [0x00000000ce000000,0x00000000dea322d0,0x00000000ef580000)
 Metaspace       used 15865K, capacity 16058K, committed 16384K, reserved 1064960K
  class space    used 1643K, capacity 1711K, committed 1792K, reserved 1048576K
2024-10-05T12:14:13.427+0300: 1274.237: Application time: 0.0987774 seconds
